interactions:
- request:
    body: '{"location": "westus", "tags": {"product": "azurecli", "cause": "automation",
      "date": "2018-04-03T23:39:27Z"}}'
    headers:
      Accept: [application/json]
      Accept-Encoding: ['gzip, deflate']
      CommandName: [group create]
      Connection: [keep-alive]
      Content-Length: ['110']
      Content-Type: [application/json; charset=utf-8]
      User-Agent: [python/3.6.2 (Windows-10-10.0.16299-SP0) requests/2.18.4 msrest/0.4.27
          msrest_azure/0.4.25 resourcemanagementclient/1.2.1 Azure-SDK-For-Python
          AZURECLI/2.0.31]
      accept-language: [en-US]
    method: PUT
    uri: https://management.azure.com/subscriptions/00000000-0000-0000-0000-000000000000/resourcegroups/cli_test_ag_no_wait000001?api-version=2017-05-10
  response:
    body: {string: '{"id":"/subscriptions/00000000-0000-0000-0000-000000000000/resourceGroups/cli_test_ag_no_wait000001","name":"cli_test_ag_no_wait000001","location":"westus","tags":{"product":"azurecli","cause":"automation","date":"2018-04-03T23:39:27Z"},"properties":{"provisioningState":"Succeeded"}}'}
    headers:
      cache-control: [no-cache]
      content-length: ['384']
      content-type: [application/json; charset=utf-8]
      date: ['Tue, 03 Apr 2018 23:39:29 GMT']
      expires: ['-1']
      pragma: [no-cache]
      strict-transport-security: [max-age=31536000; includeSubDomains]
      x-content-type-options: [nosniff]
      x-ms-ratelimit-remaining-subscription-writes: ['1198']
    status: {code: 201, message: Created}
- request:
    body: null
    headers:
      Accept: [application/json]
      Accept-Encoding: ['gzip, deflate']
      CommandName: [network application-gateway create]
      Connection: [keep-alive]
      Content-Type: [application/json; charset=utf-8]
      User-Agent: [python/3.6.2 (Windows-10-10.0.16299-SP0) requests/2.18.4 msrest/0.4.27
          msrest_azure/0.4.25 resourcemanagementclient/1.2.1 Azure-SDK-For-Python
          AZURECLI/2.0.31]
      accept-language: [en-US]
    method: GET
    uri: https://management.azure.com/subscriptions/00000000-0000-0000-0000-000000000000/resourcegroups/cli_test_ag_no_wait000001?api-version=2017-05-10
  response:
    body: {string: '{"id":"/subscriptions/00000000-0000-0000-0000-000000000000/resourceGroups/cli_test_ag_no_wait000001","name":"cli_test_ag_no_wait000001","location":"westus","tags":{"product":"azurecli","cause":"automation","date":"2018-04-03T23:39:27Z"},"properties":{"provisioningState":"Succeeded"}}'}
    headers:
      cache-control: [no-cache]
      content-length: ['384']
      content-type: [application/json; charset=utf-8]
      date: ['Tue, 03 Apr 2018 23:39:30 GMT']
      expires: ['-1']
      pragma: [no-cache]
      strict-transport-security: [max-age=31536000; includeSubDomains]
      vary: [Accept-Encoding]
      x-content-type-options: [nosniff]
    status: {code: 200, message: OK}
- request:
    body: null
    headers:
      Accept: [application/json]
      Accept-Encoding: ['gzip, deflate']
      CommandName: [network application-gateway create]
      Connection: [keep-alive]
      Content-Type: [application/json; charset=utf-8]
      User-Agent: [python/3.6.2 (Windows-10-10.0.16299-SP0) requests/2.18.4 msrest/0.4.27
          msrest_azure/0.4.25 resourcemanagementclient/1.2.1 Azure-SDK-For-Python
          AZURECLI/2.0.31]
      accept-language: [en-US]
    method: GET
    uri: https://management.azure.com/subscriptions/00000000-0000-0000-0000-000000000000/resources?$filter=resourceGroup%20eq%20%27cli_test_ag_no_wait000001%27%20and%20name%20eq%20%27None%27%20and%20resourceType%20eq%20%27Microsoft.Network%2FvirtualNetworks%27&api-version=2017-05-10
  response:
    body: {string: '{"value":[]}'}
    headers:
      cache-control: [no-cache]
      content-length: ['12']
      content-type: [application/json; charset=utf-8]
      date: ['Tue, 03 Apr 2018 23:39:31 GMT']
      expires: ['-1']
      pragma: [no-cache]
      strict-transport-security: [max-age=31536000; includeSubDomains]
      vary: [Accept-Encoding]
      x-content-type-options: [nosniff]
    status: {code: 200, message: OK}
- request:
    body: 'b''{"properties": {"template": {"$schema": "https://schema.management.azure.com/schemas/2015-01-01/deploymentTemplate.json#",
      "contentVersion": "1.0.0.0", "parameters": {}, "variables": {"appGwID": "[resourceId(\''Microsoft.Network/applicationGateways\'',
      \''ag1\'')]"}, "resources": [{"name": "ag1Vnet", "type": "Microsoft.Network/virtualNetworks",
      "location": "westus", "apiVersion": "2015-06-15", "dependsOn": [], "tags": {},
      "properties": {"addressSpace": {"addressPrefixes": ["10.0.0.0/16"]}, "subnets":
      [{"name": "default", "properties": {"addressPrefix": "10.0.0.0/24"}}]}}, {"type":
      "Microsoft.Network/applicationGateways", "name": "ag1", "location": "westus",
      "tags": {}, "apiVersion": "2018-02-01", "dependsOn": ["Microsoft.Network/virtualNetworks/ag1Vnet"],
      "properties": {"backendAddressPools": [{"name": "appGatewayBackendPool"}], "backendHttpSettingsCollection":
      [{"name": "appGatewayBackendHttpSettings", "properties": {"Port": 80, "Protocol":
      "Http", "CookieBasedAffinity": "disabled", "connectionDraining": {"enabled":
      true, "drainTimeoutInSec": 180}}}], "frontendIPConfigurations": [{"name": "appGatewayFrontendIP",
      "properties": {"privateIPAllocationMethod": "Dynamic", "privateIPAddress": "",
      "subnet": {"id": "/subscriptions/00000000-0000-0000-0000-000000000000/resourceGroups/cli_test_ag_no_wait000001/providers/Microsoft.Network/virtualNetworks/ag1Vnet/subnets/default"}}}],
      "frontendPorts": [{"name": "appGatewayFrontendPort", "properties": {"Port":
      80}}], "gatewayIPConfigurations": [{"name": "appGatewayFrontendIP", "properties":
      {"subnet": {"id": "/subscriptions/00000000-0000-0000-0000-000000000000/resourceGroups/cli_test_ag_no_wait000001/providers/Microsoft.Network/virtualNetworks/ag1Vnet/subnets/default"}}}],
      "httpListeners": [{"name": "appGatewayHttpListener", "properties": {"FrontendIpConfiguration":
      {"Id": "[concat(variables(\''appGwID\''), \''/frontendIPConfigurations/appGatewayFrontendIP\'')]"},
      "FrontendPort": {"Id": "[concat(variables(\''appGwID\''), \''/frontendPorts/appGatewayFrontendPort\'')]"},
      "Protocol": "http", "SslCertificate": null}}], "sku": {"name": "Standard_Medium",
      "tier": "Standard", "capacity": 2}, "requestRoutingRules": [{"Name": "rule1",
      "properties": {"RuleType": "Basic", "httpListener": {"id": "[concat(variables(\''appGwID\''),
      \''/httpListeners/appGatewayHttpListener\'')]"}, "backendAddressPool": {"id":
      "[concat(variables(\''appGwID\''), \''/backendAddressPools/appGatewayBackendPool\'')]"},
      "backendHttpSettings": {"id": "[concat(variables(\''appGwID\''), \''/backendHttpSettingsCollection/appGatewayBackendHttpSettings\'')]"}}}]}}],
      "outputs": {"applicationGateway": {"type": "object", "value": "[reference(\''ag1\'')]"}}},
      "parameters": {}, "mode": "Incremental"}}'''
    headers:
      Accept: [application/json]
      Accept-Encoding: ['gzip, deflate']
      CommandName: [network application-gateway create]
      Connection: [keep-alive]
      Content-Length: ['2785']
      Content-Type: [application/json; charset=utf-8]
      User-Agent: [python/3.6.2 (Windows-10-10.0.16299-SP0) requests/2.18.4 msrest/0.4.27
          msrest_azure/0.4.25 resourcemanagementclient/1.2.1 Azure-SDK-For-Python
          AZURECLI/2.0.31]
      accept-language: [en-US]
    method: PUT
    uri: https://management.azure.com/subscriptions/00000000-0000-0000-0000-000000000000/resourcegroups/cli_test_ag_no_wait000001/providers/Microsoft.Resources/deployments/mock-deployment?api-version=2017-05-10
  response:
    body: {string: '{"id":"/subscriptions/00000000-0000-0000-0000-000000000000/resourceGroups/cli_test_ag_no_wait000001/providers/Microsoft.Resources/deployments/ag_deploy_gY2U5R9kDL0rtIU39xeMyCeo8qYpzNez","name":"ag_deploy_gY2U5R9kDL0rtIU39xeMyCeo8qYpzNez","properties":{"templateHash":"2929131697856439769","parameters":{},"mode":"Incremental","provisioningState":"Accepted","timestamp":"2018-04-03T23:39:34.3036588Z","duration":"PT0.5700175S","correlationId":"4e535a0e-29b9-4a70-bb34-1b9a5371a2a0","providers":[{"namespace":"Microsoft.Network","resourceTypes":[{"resourceType":"virtualNetworks","locations":["westus"]},{"resourceType":"applicationGateways","locations":["westus"]}]}],"dependencies":[{"dependsOn":[{"id":"/subscriptions/00000000-0000-0000-0000-000000000000/resourceGroups/cli_test_ag_no_wait000001/providers/Microsoft.Network/virtualNetworks/ag1Vnet","resourceType":"Microsoft.Network/virtualNetworks","resourceName":"ag1Vnet"}],"id":"/subscriptions/00000000-0000-0000-0000-000000000000/resourceGroups/cli_test_ag_no_wait000001/providers/Microsoft.Network/applicationGateways/ag1","resourceType":"Microsoft.Network/applicationGateways","resourceName":"ag1"}]}}'}
    headers:
      azure-asyncoperation: ['https://management.azure.com/subscriptions/00000000-0000-0000-0000-000000000000/resourcegroups/cli_test_ag_no_wait000001/providers/Microsoft.Resources/deployments/ag_deploy_gY2U5R9kDL0rtIU39xeMyCeo8qYpzNez/operationStatuses/08586788081117439780?api-version=2017-05-10']
      cache-control: [no-cache]
      content-length: ['1309']
      content-type: [application/json; charset=utf-8]
      date: ['Tue, 03 Apr 2018 23:39:34 GMT']
      expires: ['-1']
      pragma: [no-cache]
      strict-transport-security: [max-age=31536000; includeSubDomains]
      x-content-type-options: [nosniff]
      x-ms-ratelimit-remaining-subscription-writes: ['1199']
    status: {code: 201, message: Created}
- request:
    body: null
    headers:
      Accept: [application/json]
      Accept-Encoding: ['gzip, deflate']
      CommandName: [network application-gateway create]
      Connection: [keep-alive]
      Content-Type: [application/json; charset=utf-8]
      User-Agent: [python/3.6.2 (Windows-10-10.0.16299-SP0) requests/2.18.4 msrest/0.4.27
          msrest_azure/0.4.25 resourcemanagementclient/1.2.1 Azure-SDK-For-Python
          AZURECLI/2.0.31]
      accept-language: [en-US]
    method: GET
    uri: https://management.azure.com/subscriptions/00000000-0000-0000-0000-000000000000/resourcegroups/cli_test_ag_no_wait000001?api-version=2017-05-10
  response:
    body: {string: '{"id":"/subscriptions/00000000-0000-0000-0000-000000000000/resourceGroups/cli_test_ag_no_wait000001","name":"cli_test_ag_no_wait000001","location":"westus","tags":{"product":"azurecli","cause":"automation","date":"2018-04-03T23:39:27Z"},"properties":{"provisioningState":"Succeeded"}}'}
    headers:
      cache-control: [no-cache]
      content-length: ['384']
      content-type: [application/json; charset=utf-8]
      date: ['Tue, 03 Apr 2018 23:39:34 GMT']
      expires: ['-1']
      pragma: [no-cache]
      strict-transport-security: [max-age=31536000; includeSubDomains]
      vary: [Accept-Encoding]
      x-content-type-options: [nosniff]
    status: {code: 200, message: OK}
- request:
    body: null
    headers:
      Accept: [application/json]
      Accept-Encoding: ['gzip, deflate']
      CommandName: [network application-gateway create]
      Connection: [keep-alive]
      Content-Type: [application/json; charset=utf-8]
      User-Agent: [python/3.6.2 (Windows-10-10.0.16299-SP0) requests/2.18.4 msrest/0.4.27
          msrest_azure/0.4.25 resourcemanagementclient/1.2.1 Azure-SDK-For-Python
          AZURECLI/2.0.31]
      accept-language: [en-US]
    method: GET
    uri: https://management.azure.com/subscriptions/00000000-0000-0000-0000-000000000000/resources?$filter=resourceGroup%20eq%20%27cli_test_ag_no_wait000001%27%20and%20name%20eq%20%27None%27%20and%20resourceType%20eq%20%27Microsoft.Network%2FvirtualNetworks%27&api-version=2017-05-10
  response:
    body: {string: '{"value":[]}'}
    headers:
      cache-control: [no-cache]
      content-length: ['12']
      content-type: [application/json; charset=utf-8]
      date: ['Tue, 03 Apr 2018 23:39:34 GMT']
      expires: ['-1']
      pragma: [no-cache]
      strict-transport-security: [max-age=31536000; includeSubDomains]
      vary: [Accept-Encoding]
      x-content-type-options: [nosniff]
    status: {code: 200, message: OK}
- request:
    body: 'b''{"properties": {"template": {"$schema": "https://schema.management.azure.com/schemas/2015-01-01/deploymentTemplate.json#",
      "contentVersion": "1.0.0.0", "parameters": {}, "variables": {"appGwID": "[resourceId(\''Microsoft.Network/applicationGateways\'',
      \''ag2\'')]"}, "resources": [{"name": "ag2Vnet", "type": "Microsoft.Network/virtualNetworks",
      "location": "westus", "apiVersion": "2015-06-15", "dependsOn": [], "tags": {"a":
      "b", "c": "d"}, "properties": {"addressSpace": {"addressPrefixes": ["10.0.0.0/16"]},
      "subnets": [{"name": "default", "properties": {"addressPrefix": "10.0.0.0/24"}}]}},
      {"type": "Microsoft.Network/applicationGateways", "name": "ag2", "location":
      "westus", "tags": {"a": "b", "c": "d"}, "apiVersion": "2018-02-01", "dependsOn":
      ["Microsoft.Network/virtualNetworks/ag2Vnet"], "properties": {"backendAddressPools":
      [{"name": "appGatewayBackendPool"}], "backendHttpSettingsCollection": [{"name":
      "appGatewayBackendHttpSettings", "properties": {"Port": 80, "Protocol": "Http",
      "CookieBasedAffinity": "disabled", "connectionDraining": {"enabled": false,
      "drainTimeoutInSec": 1}}}], "frontendIPConfigurations": [{"name": "appGatewayFrontendIP",
      "properties": {"privateIPAllocationMethod": "Dynamic", "privateIPAddress": "",
      "subnet": {"id": "/subscriptions/00000000-0000-0000-0000-000000000000/resourceGroups/cli_test_ag_no_wait000001/providers/Microsoft.Network/virtualNetworks/ag2Vnet/subnets/default"}}}],
      "frontendPorts": [{"name": "appGatewayFrontendPort", "properties": {"Port":
      80}}], "gatewayIPConfigurations": [{"name": "appGatewayFrontendIP", "properties":
      {"subnet": {"id": "/subscriptions/00000000-0000-0000-0000-000000000000/resourceGroups/cli_test_ag_no_wait000001/providers/Microsoft.Network/virtualNetworks/ag2Vnet/subnets/default"}}}],
      "httpListeners": [{"name": "appGatewayHttpListener", "properties": {"FrontendIpConfiguration":
      {"Id": "[concat(variables(\''appGwID\''), \''/frontendIPConfigurations/appGatewayFrontendIP\'')]"},
      "FrontendPort": {"Id": "[concat(variables(\''appGwID\''), \''/frontendPorts/appGatewayFrontendPort\'')]"},
      "Protocol": "http", "SslCertificate": null}}], "sku": {"name": "Standard_Medium",
      "tier": "Standard", "capacity": 2}, "requestRoutingRules": [{"Name": "rule1",
      "properties": {"RuleType": "Basic", "httpListener": {"id": "[concat(variables(\''appGwID\''),
      \''/httpListeners/appGatewayHttpListener\'')]"}, "backendAddressPool": {"id":
      "[concat(variables(\''appGwID\''), \''/backendAddressPools/appGatewayBackendPool\'')]"},
      "backendHttpSettings": {"id": "[concat(variables(\''appGwID\''), \''/backendHttpSettingsCollection/appGatewayBackendHttpSettings\'')]"}}}]}}],
      "outputs": {"applicationGateway": {"type": "object", "value": "[reference(\''ag2\'')]"}}},
      "parameters": {}, "mode": "Incremental"}}'''
    headers:
      Accept: [application/json]
      Accept-Encoding: ['gzip, deflate']
      CommandName: [network application-gateway create]
      Connection: [keep-alive]
      Content-Length: ['2820']
      Content-Type: [application/json; charset=utf-8]
      User-Agent: [python/3.6.2 (Windows-10-10.0.16299-SP0) requests/2.18.4 msrest/0.4.27
          msrest_azure/0.4.25 resourcemanagementclient/1.2.1 Azure-SDK-For-Python
          AZURECLI/2.0.31]
      accept-language: [en-US]
    method: PUT
    uri: https://management.azure.com/subscriptions/00000000-0000-0000-0000-000000000000/resourcegroups/cli_test_ag_no_wait000001/providers/Microsoft.Resources/deployments/mock-deployment?api-version=2017-05-10
  response:
    body: {string: '{"id":"/subscriptions/00000000-0000-0000-0000-000000000000/resourceGroups/cli_test_ag_no_wait000001/providers/Microsoft.Resources/deployments/ag_deploy_8ePH5H2cG7G1lFtYMqqlrtVdT6YsaHpY","name":"ag_deploy_8ePH5H2cG7G1lFtYMqqlrtVdT6YsaHpY","properties":{"templateHash":"16160953064304826401","parameters":{},"mode":"Incremental","provisioningState":"Accepted","timestamp":"2018-04-03T23:39:37.0831092Z","duration":"PT0.4896098S","correlationId":"e6b0aad9-d5d2-4c99-8df7-413c4f35e7b3","providers":[{"namespace":"Microsoft.Network","resourceTypes":[{"resourceType":"virtualNetworks","locations":["westus"]},{"resourceType":"applicationGateways","locations":["westus"]}]}],"dependencies":[{"dependsOn":[{"id":"/subscriptions/00000000-0000-0000-0000-000000000000/resourceGroups/cli_test_ag_no_wait000001/providers/Microsoft.Network/virtualNetworks/ag2Vnet","resourceType":"Microsoft.Network/virtualNetworks","resourceName":"ag2Vnet"}],"id":"/subscriptions/00000000-0000-0000-0000-000000000000/resourceGroups/cli_test_ag_no_wait000001/providers/Microsoft.Network/applicationGateways/ag2","resourceType":"Microsoft.Network/applicationGateways","resourceName":"ag2"}]}}'}
    headers:
      azure-asyncoperation: ['https://management.azure.com/subscriptions/00000000-0000-0000-0000-000000000000/resourcegroups/cli_test_ag_no_wait000001/providers/Microsoft.Resources/deployments/ag_deploy_8ePH5H2cG7G1lFtYMqqlrtVdT6YsaHpY/operationStatuses/08586788081088841203?api-version=2017-05-10']
      cache-control: [no-cache]
      content-length: ['1310']
      content-type: [application/json; charset=utf-8]
      date: ['Tue, 03 Apr 2018 23:39:36 GMT']
      expires: ['-1']
      pragma: [no-cache]
      strict-transport-security: [max-age=31536000; includeSubDomains]
      x-content-type-options: [nosniff]
      x-ms-ratelimit-remaining-subscription-writes: ['1199']
    status: {code: 201, message: Created}
- request:
    body: null
    headers:
      Accept: [application/json]
      Accept-Encoding: ['gzip, deflate']
      CommandName: [network application-gateway wait]
      Connection: [keep-alive]
      Content-Type: [application/json; charset=utf-8]
      User-Agent: [python/3.6.2 (Windows-10-10.0.16299-SP0) requests/2.18.4 msrest/0.4.27
          msrest_azure/0.4.25 networkmanagementclient/2.0.0rc2 Azure-SDK-For-Python
          AZURECLI/2.0.31]
      accept-language: [en-US]
    method: GET
    uri: https://management.azure.com/subscriptions/00000000-0000-0000-0000-000000000000/resourceGroups/cli_test_ag_no_wait000001/providers/Microsoft.Network/applicationGateways/ag1?api-version=2018-02-01
  response:
    body: {string: '{"error":{"code":"ResourceNotFound","message":"The Resource ''Microsoft.Network/applicationGateways/ag1''
        under resource group ''cli_test_ag_no_wait000001'' was not found."}}'}
    headers:
      cache-control: [no-cache]
      content-length: ['220']
      content-type: [application/json; charset=utf-8]
      date: ['Tue, 03 Apr 2018 23:39:37 GMT']
      expires: ['-1']
      pragma: [no-cache]
      strict-transport-security: [max-age=31536000; includeSubDomains]
      x-content-type-options: [nosniff]
      x-ms-failure-cause: [gateway]
    status: {code: 404, message: Not Found}
- request:
    body: null
    headers:
      Accept: [application/json]
      Accept-Encoding: ['gzip, deflate']
      CommandName: [network application-gateway wait]
      Connection: [keep-alive]
      Content-Type: [application/json; charset=utf-8]
      User-Agent: [python/3.6.2 (Windows-10-10.0.16299-SP0) requests/2.18.4 msrest/0.4.27
          msrest_azure/0.4.25 networkmanagementclient/2.0.0rc2 Azure-SDK-For-Python
          AZURECLI/2.0.31]
      accept-language: [en-US]
    method: GET
    uri: https://management.azure.com/subscriptions/00000000-0000-0000-0000-000000000000/resourceGroups/cli_test_ag_no_wait000001/providers/Microsoft.Network/applicationGateways/ag1?api-version=2018-02-01
  response:
    body: {string: "{\r\n  \"name\": \"ag1\",\r\n  \"id\": \"/subscriptions/00000000-0000-0000-0000-000000000000/resourceGroups/cli_test_ag_no_wait000001/providers/Microsoft.Network/applicationGateways/ag1\"\
        ,\r\n  \"etag\": \"W/\\\"094a6500-e722-4cef-a2f9-ffc4bf3137e4\\\"\",\r\n \
        \ \"type\": \"Microsoft.Network/applicationGateways\",\r\n  \"location\":\
        \ \"westus\",\r\n  \"tags\": {},\r\n  \"properties\": {\r\n    \"provisioningState\"\
        : \"Updating\",\r\n    \"resourceGuid\": \"fc954a38-d2f9-490a-adcb-98e90b3018f4\"\
        ,\r\n    \"sku\": {\r\n      \"name\": \"Standard_Medium\",\r\n      \"tier\"\
        : \"Standard\",\r\n      \"capacity\": 2\r\n    },\r\n    \"operationalState\"\
        : \"Stopped\",\r\n    \"gatewayIPConfigurations\": [\r\n      {\r\n      \
        \  \"name\": \"appGatewayFrontendIP\",\r\n        \"id\": \"/subscriptions/00000000-0000-0000-0000-000000000000/resourceGroups/cli_test_ag_no_wait000001/providers/Microsoft.Network/applicationGateways/ag1/gatewayIPConfigurations/appGatewayFrontendIP\"\
        ,\r\n        \"etag\": \"W/\\\"094a6500-e722-4cef-a2f9-ffc4bf3137e4\\\"\"\
        ,\r\n        \"properties\": {\r\n          \"provisioningState\": \"Updating\"\
        ,\r\n          \"subnet\": {\r\n            \"id\": \"/subscriptions/00000000-0000-0000-0000-000000000000/resourceGroups/cli_test_ag_no_wait000001/providers/Microsoft.Network/virtualNetworks/ag1Vnet/subnets/default\"\
        \r\n          }\r\n        }\r\n      }\r\n    ],\r\n    \"sslCertificates\"\
        : [],\r\n    \"authenticationCertificates\": [],\r\n    \"frontendIPConfigurations\"\
        : [\r\n      {\r\n        \"name\": \"appGatewayFrontendIP\",\r\n        \"\
        id\": \"/subscriptions/00000000-0000-0000-0000-000000000000/resourceGroups/cli_test_ag_no_wait000001/providers/Microsoft.Network/applicationGateways/ag1/frontendIPConfigurations/appGatewayFrontendIP\"\
        ,\r\n        \"etag\": \"W/\\\"094a6500-e722-4cef-a2f9-ffc4bf3137e4\\\"\"\
        ,\r\n        \"properties\": {\r\n          \"provisioningState\": \"Updating\"\
        ,\r\n          \"privateIPAllocationMethod\": \"Dynamic\",\r\n          \"\
        subnet\": {\r\n            \"id\": \"/subscriptions/00000000-0000-0000-0000-000000000000/resourceGroups/cli_test_ag_no_wait000001/providers/Microsoft.Network/virtualNetworks/ag1Vnet/subnets/default\"\
        \r\n          },\r\n          \"httpListeners\": [\r\n            {\r\n  \
        \            \"id\": \"/subscriptions/00000000-0000-0000-0000-000000000000/resourceGroups/cli_test_ag_no_wait000001/providers/Microsoft.Network/applicationGateways/ag1/httpListeners/appGatewayHttpListener\"\
        \r\n            }\r\n          ]\r\n        }\r\n      }\r\n    ],\r\n   \
        \ \"frontendPorts\": [\r\n      {\r\n        \"name\": \"appGatewayFrontendPort\"\
        ,\r\n        \"id\": \"/subscriptions/00000000-0000-0000-0000-000000000000/resourceGroups/cli_test_ag_no_wait000001/providers/Microsoft.Network/applicationGateways/ag1/frontendPorts/appGatewayFrontendPort\"\
        ,\r\n        \"etag\": \"W/\\\"094a6500-e722-4cef-a2f9-ffc4bf3137e4\\\"\"\
        ,\r\n        \"properties\": {\r\n          \"provisioningState\": \"Updating\"\
        ,\r\n          \"port\": 80,\r\n          \"httpListeners\": [\r\n       \
        \     {\r\n              \"id\": \"/subscriptions/00000000-0000-0000-0000-000000000000/resourceGroups/cli_test_ag_no_wait000001/providers/Microsoft.Network/applicationGateways/ag1/httpListeners/appGatewayHttpListener\"\
        \r\n            }\r\n          ]\r\n        }\r\n      }\r\n    ],\r\n   \
        \ \"backendAddressPools\": [\r\n      {\r\n        \"name\": \"appGatewayBackendPool\"\
        ,\r\n        \"id\": \"/subscriptions/00000000-0000-0000-0000-000000000000/resourceGroups/cli_test_ag_no_wait000001/providers/Microsoft.Network/applicationGateways/ag1/backendAddressPools/appGatewayBackendPool\"\
        ,\r\n        \"etag\": \"W/\\\"094a6500-e722-4cef-a2f9-ffc4bf3137e4\\\"\"\
        ,\r\n        \"properties\": {\r\n          \"provisioningState\": \"Updating\"\
        ,\r\n          \"backendAddresses\": [],\r\n          \"requestRoutingRules\"\
        : [\r\n            {\r\n              \"id\": \"/subscriptions/00000000-0000-0000-0000-000000000000/resourceGroups/cli_test_ag_no_wait000001/providers/Microsoft.Network/applicationGateways/ag1/requestRoutingRules/rule1\"\
        \r\n            }\r\n          ]\r\n        }\r\n      }\r\n    ],\r\n   \
        \ \"backendHttpSettingsCollection\": [\r\n      {\r\n        \"name\": \"\
        appGatewayBackendHttpSettings\",\r\n        \"id\": \"/subscriptions/00000000-0000-0000-0000-000000000000/resourceGroups/cli_test_ag_no_wait000001/providers/Microsoft.Network/applicationGateways/ag1/backendHttpSettingsCollection/appGatewayBackendHttpSettings\"\
        ,\r\n        \"etag\": \"W/\\\"094a6500-e722-4cef-a2f9-ffc4bf3137e4\\\"\"\
        ,\r\n        \"properties\": {\r\n          \"provisioningState\": \"Updating\"\
        ,\r\n          \"port\": 80,\r\n          \"protocol\": \"Http\",\r\n    \
        \      \"cookieBasedAffinity\": \"Disabled\",\r\n          \"connectionDraining\"\
        : {\r\n            \"enabled\": true,\r\n            \"drainTimeoutInSec\"\
        : 180\r\n          },\r\n          \"pickHostNameFromBackendAddress\": false,\r\
        \n          \"requestTimeout\": 30,\r\n          \"requestRoutingRules\":\
        \ [\r\n            {\r\n              \"id\": \"/subscriptions/00000000-0000-0000-0000-000000000000/resourceGroups/cli_test_ag_no_wait000001/providers/Microsoft.Network/applicationGateways/ag1/requestRoutingRules/rule1\"\
        \r\n            }\r\n          ]\r\n        }\r\n      }\r\n    ],\r\n   \
        \ \"httpListeners\": [\r\n      {\r\n        \"name\": \"appGatewayHttpListener\"\
        ,\r\n        \"id\": \"/subscriptions/00000000-0000-0000-0000-000000000000/resourceGroups/cli_test_ag_no_wait000001/providers/Microsoft.Network/applicationGateways/ag1/httpListeners/appGatewayHttpListener\"\
        ,\r\n        \"etag\": \"W/\\\"094a6500-e722-4cef-a2f9-ffc4bf3137e4\\\"\"\
        ,\r\n        \"properties\": {\r\n          \"provisioningState\": \"Updating\"\
        ,\r\n          \"frontendIPConfiguration\": {\r\n            \"id\": \"/subscriptions/00000000-0000-0000-0000-000000000000/resourceGroups/cli_test_ag_no_wait000001/providers/Microsoft.Network/applicationGateways/ag1/frontendIPConfigurations/appGatewayFrontendIP\"\
        \r\n          },\r\n          \"frontendPort\": {\r\n            \"id\": \"\
        /subscriptions/00000000-0000-0000-0000-000000000000/resourceGroups/cli_test_ag_no_wait000001/providers/Microsoft.Network/applicationGateways/ag1/frontendPorts/appGatewayFrontendPort\"\
        \r\n          },\r\n          \"protocol\": \"Http\",\r\n          \"requireServerNameIndication\"\
        : false,\r\n          \"requestRoutingRules\": [\r\n            {\r\n    \
        \          \"id\": \"/subscriptions/00000000-0000-0000-0000-000000000000/resourceGroups/cli_test_ag_no_wait000001/providers/Microsoft.Network/applicationGateways/ag1/requestRoutingRules/rule1\"\
        \r\n            }\r\n          ]\r\n        }\r\n      }\r\n    ],\r\n   \
        \ \"urlPathMaps\": [],\r\n    \"requestRoutingRules\": [\r\n      {\r\n  \
        \      \"name\": \"rule1\",\r\n        \"id\": \"/subscriptions/00000000-0000-0000-0000-000000000000/resourceGroups/cli_test_ag_no_wait000001/providers/Microsoft.Network/applicationGateways/ag1/requestRoutingRules/rule1\"\
        ,\r\n        \"etag\": \"W/\\\"094a6500-e722-4cef-a2f9-ffc4bf3137e4\\\"\"\
        ,\r\n        \"properties\": {\r\n          \"provisioningState\": \"Updating\"\
        ,\r\n          \"ruleType\": \"Basic\",\r\n          \"httpListener\": {\r\
        \n            \"id\": \"/subscriptions/00000000-0000-0000-0000-000000000000/resourceGroups/cli_test_ag_no_wait000001/providers/Microsoft.Network/applicationGateways/ag1/httpListeners/appGatewayHttpListener\"\
        \r\n          },\r\n          \"backendAddressPool\": {\r\n            \"\
        id\": \"/subscriptions/00000000-0000-0000-0000-000000000000/resourceGroups/cli_test_ag_no_wait000001/providers/Microsoft.Network/applicationGateways/ag1/backendAddressPools/appGatewayBackendPool\"\
        \r\n          },\r\n          \"backendHttpSettings\": {\r\n            \"\
        id\": \"/subscriptions/00000000-0000-0000-0000-000000000000/resourceGroups/cli_test_ag_no_wait000001/providers/Microsoft.Network/applicationGateways/ag1/backendHttpSettingsCollection/appGatewayBackendHttpSettings\"\
        \r\n          }\r\n        }\r\n      }\r\n    ],\r\n    \"probes\": [],\r\
        \n    \"redirectConfigurations\": []\r\n  }\r\n}"}
    headers:
      cache-control: [no-cache]
      content-length: ['8480']
      content-type: [application/json; charset=utf-8]
      date: ['Tue, 03 Apr 2018 23:41:38 GMT']
      etag: [W/"094a6500-e722-4cef-a2f9-ffc4bf3137e4"]
      expires: ['-1']
      pragma: [no-cache]
      server: [Microsoft-HTTPAPI/2.0, Microsoft-HTTPAPI/2.0]
      strict-transport-security: [max-age=31536000; includeSubDomains]
      transfer-encoding: [chunked]
      vary: [Accept-Encoding]
      x-content-type-options: [nosniff]
    status: {code: 200, message: OK}
- request:
    body: null
    headers:
      Accept: [application/json]
      Accept-Encoding: ['gzip, deflate']
      CommandName: [network application-gateway wait]
      Connection: [keep-alive]
      Content-Type: [application/json; charset=utf-8]
      User-Agent: [python/3.6.2 (Windows-10-10.0.16299-SP0) requests/2.18.4 msrest/0.4.27
          msrest_azure/0.4.25 networkmanagementclient/2.0.0rc2 Azure-SDK-For-Python
          AZURECLI/2.0.31]
      accept-language: [en-US]
    method: GET
    uri: https://management.azure.com/subscriptions/00000000-0000-0000-0000-000000000000/resourceGroups/cli_test_ag_no_wait000001/providers/Microsoft.Network/applicationGateways/ag1?api-version=2018-02-01
  response:
    body: {string: "{\r\n  \"name\": \"ag1\",\r\n  \"id\": \"/subscriptions/00000000-0000-0000-0000-000000000000/resourceGroups/cli_test_ag_no_wait000001/providers/Microsoft.Network/applicationGateways/ag1\"\
        ,\r\n  \"etag\": \"W/\\\"094a6500-e722-4cef-a2f9-ffc4bf3137e4\\\"\",\r\n \
        \ \"type\": \"Microsoft.Network/applicationGateways\",\r\n  \"location\":\
        \ \"westus\",\r\n  \"tags\": {},\r\n  \"properties\": {\r\n    \"provisioningState\"\
        : \"Updating\",\r\n    \"resourceGuid\": \"fc954a38-d2f9-490a-adcb-98e90b3018f4\"\
        ,\r\n    \"sku\": {\r\n      \"name\": \"Standard_Medium\",\r\n      \"tier\"\
        : \"Standard\",\r\n      \"capacity\": 2\r\n    },\r\n    \"operationalState\"\
        : \"Stopped\",\r\n    \"gatewayIPConfigurations\": [\r\n      {\r\n      \
        \  \"name\": \"appGatewayFrontendIP\",\r\n        \"id\": \"/subscriptions/00000000-0000-0000-0000-000000000000/resourceGroups/cli_test_ag_no_wait000001/providers/Microsoft.Network/applicationGateways/ag1/gatewayIPConfigurations/appGatewayFrontendIP\"\
        ,\r\n        \"etag\": \"W/\\\"094a6500-e722-4cef-a2f9-ffc4bf3137e4\\\"\"\
        ,\r\n        \"properties\": {\r\n          \"provisioningState\": \"Updating\"\
        ,\r\n          \"subnet\": {\r\n            \"id\": \"/subscriptions/00000000-0000-0000-0000-000000000000/resourceGroups/cli_test_ag_no_wait000001/providers/Microsoft.Network/virtualNetworks/ag1Vnet/subnets/default\"\
        \r\n          }\r\n        }\r\n      }\r\n    ],\r\n    \"sslCertificates\"\
        : [],\r\n    \"authenticationCertificates\": [],\r\n    \"frontendIPConfigurations\"\
        : [\r\n      {\r\n        \"name\": \"appGatewayFrontendIP\",\r\n        \"\
        id\": \"/subscriptions/00000000-0000-0000-0000-000000000000/resourceGroups/cli_test_ag_no_wait000001/providers/Microsoft.Network/applicationGateways/ag1/frontendIPConfigurations/appGatewayFrontendIP\"\
        ,\r\n        \"etag\": \"W/\\\"094a6500-e722-4cef-a2f9-ffc4bf3137e4\\\"\"\
        ,\r\n        \"properties\": {\r\n          \"provisioningState\": \"Updating\"\
        ,\r\n          \"privateIPAllocationMethod\": \"Dynamic\",\r\n          \"\
        subnet\": {\r\n            \"id\": \"/subscriptions/00000000-0000-0000-0000-000000000000/resourceGroups/cli_test_ag_no_wait000001/providers/Microsoft.Network/virtualNetworks/ag1Vnet/subnets/default\"\
        \r\n          },\r\n          \"httpListeners\": [\r\n            {\r\n  \
        \            \"id\": \"/subscriptions/00000000-0000-0000-0000-000000000000/resourceGroups/cli_test_ag_no_wait000001/providers/Microsoft.Network/applicationGateways/ag1/httpListeners/appGatewayHttpListener\"\
        \r\n            }\r\n          ]\r\n        }\r\n      }\r\n    ],\r\n   \
        \ \"frontendPorts\": [\r\n      {\r\n        \"name\": \"appGatewayFrontendPort\"\
        ,\r\n        \"id\": \"/subscriptions/00000000-0000-0000-0000-000000000000/resourceGroups/cli_test_ag_no_wait000001/providers/Microsoft.Network/applicationGateways/ag1/frontendPorts/appGatewayFrontendPort\"\
        ,\r\n        \"etag\": \"W/\\\"094a6500-e722-4cef-a2f9-ffc4bf3137e4\\\"\"\
        ,\r\n        \"properties\": {\r\n          \"provisioningState\": \"Updating\"\
        ,\r\n          \"port\": 80,\r\n          \"httpListeners\": [\r\n       \
        \     {\r\n              \"id\": \"/subscriptions/00000000-0000-0000-0000-000000000000/resourceGroups/cli_test_ag_no_wait000001/providers/Microsoft.Network/applicationGateways/ag1/httpListeners/appGatewayHttpListener\"\
        \r\n            }\r\n          ]\r\n        }\r\n      }\r\n    ],\r\n   \
        \ \"backendAddressPools\": [\r\n      {\r\n        \"name\": \"appGatewayBackendPool\"\
        ,\r\n        \"id\": \"/subscriptions/00000000-0000-0000-0000-000000000000/resourceGroups/cli_test_ag_no_wait000001/providers/Microsoft.Network/applicationGateways/ag1/backendAddressPools/appGatewayBackendPool\"\
        ,\r\n        \"etag\": \"W/\\\"094a6500-e722-4cef-a2f9-ffc4bf3137e4\\\"\"\
        ,\r\n        \"properties\": {\r\n          \"provisioningState\": \"Updating\"\
        ,\r\n          \"backendAddresses\": [],\r\n          \"requestRoutingRules\"\
        : [\r\n            {\r\n              \"id\": \"/subscriptions/00000000-0000-0000-0000-000000000000/resourceGroups/cli_test_ag_no_wait000001/providers/Microsoft.Network/applicationGateways/ag1/requestRoutingRules/rule1\"\
        \r\n            }\r\n          ]\r\n        }\r\n      }\r\n    ],\r\n   \
        \ \"backendHttpSettingsCollection\": [\r\n      {\r\n        \"name\": \"\
        appGatewayBackendHttpSettings\",\r\n        \"id\": \"/subscriptions/00000000-0000-0000-0000-000000000000/resourceGroups/cli_test_ag_no_wait000001/providers/Microsoft.Network/applicationGateways/ag1/backendHttpSettingsCollection/appGatewayBackendHttpSettings\"\
        ,\r\n        \"etag\": \"W/\\\"094a6500-e722-4cef-a2f9-ffc4bf3137e4\\\"\"\
        ,\r\n        \"properties\": {\r\n          \"provisioningState\": \"Updating\"\
        ,\r\n          \"port\": 80,\r\n          \"protocol\": \"Http\",\r\n    \
        \      \"cookieBasedAffinity\": \"Disabled\",\r\n          \"connectionDraining\"\
        : {\r\n            \"enabled\": true,\r\n            \"drainTimeoutInSec\"\
        : 180\r\n          },\r\n          \"pickHostNameFromBackendAddress\": false,\r\
        \n          \"requestTimeout\": 30,\r\n          \"requestRoutingRules\":\
        \ [\r\n            {\r\n              \"id\": \"/subscriptions/00000000-0000-0000-0000-000000000000/resourceGroups/cli_test_ag_no_wait000001/providers/Microsoft.Network/applicationGateways/ag1/requestRoutingRules/rule1\"\
        \r\n            }\r\n          ]\r\n        }\r\n      }\r\n    ],\r\n   \
        \ \"httpListeners\": [\r\n      {\r\n        \"name\": \"appGatewayHttpListener\"\
        ,\r\n        \"id\": \"/subscriptions/00000000-0000-0000-0000-000000000000/resourceGroups/cli_test_ag_no_wait000001/providers/Microsoft.Network/applicationGateways/ag1/httpListeners/appGatewayHttpListener\"\
        ,\r\n        \"etag\": \"W/\\\"094a6500-e722-4cef-a2f9-ffc4bf3137e4\\\"\"\
        ,\r\n        \"properties\": {\r\n          \"provisioningState\": \"Updating\"\
        ,\r\n          \"frontendIPConfiguration\": {\r\n            \"id\": \"/subscriptions/00000000-0000-0000-0000-000000000000/resourceGroups/cli_test_ag_no_wait000001/providers/Microsoft.Network/applicationGateways/ag1/frontendIPConfigurations/appGatewayFrontendIP\"\
        \r\n          },\r\n          \"frontendPort\": {\r\n            \"id\": \"\
        /subscriptions/00000000-0000-0000-0000-000000000000/resourceGroups/cli_test_ag_no_wait000001/providers/Microsoft.Network/applicationGateways/ag1/frontendPorts/appGatewayFrontendPort\"\
        \r\n          },\r\n          \"protocol\": \"Http\",\r\n          \"requireServerNameIndication\"\
        : false,\r\n          \"requestRoutingRules\": [\r\n            {\r\n    \
        \          \"id\": \"/subscriptions/00000000-0000-0000-0000-000000000000/resourceGroups/cli_test_ag_no_wait000001/providers/Microsoft.Network/applicationGateways/ag1/requestRoutingRules/rule1\"\
        \r\n            }\r\n          ]\r\n        }\r\n      }\r\n    ],\r\n   \
        \ \"urlPathMaps\": [],\r\n    \"requestRoutingRules\": [\r\n      {\r\n  \
        \      \"name\": \"rule1\",\r\n        \"id\": \"/subscriptions/00000000-0000-0000-0000-000000000000/resourceGroups/cli_test_ag_no_wait000001/providers/Microsoft.Network/applicationGateways/ag1/requestRoutingRules/rule1\"\
        ,\r\n        \"etag\": \"W/\\\"094a6500-e722-4cef-a2f9-ffc4bf3137e4\\\"\"\
        ,\r\n        \"properties\": {\r\n          \"provisioningState\": \"Updating\"\
        ,\r\n          \"ruleType\": \"Basic\",\r\n          \"httpListener\": {\r\
        \n            \"id\": \"/subscriptions/00000000-0000-0000-0000-000000000000/resourceGroups/cli_test_ag_no_wait000001/providers/Microsoft.Network/applicationGateways/ag1/httpListeners/appGatewayHttpListener\"\
        \r\n          },\r\n          \"backendAddressPool\": {\r\n            \"\
        id\": \"/subscriptions/00000000-0000-0000-0000-000000000000/resourceGroups/cli_test_ag_no_wait000001/providers/Microsoft.Network/applicationGateways/ag1/backendAddressPools/appGatewayBackendPool\"\
        \r\n          },\r\n          \"backendHttpSettings\": {\r\n            \"\
        id\": \"/subscriptions/00000000-0000-0000-0000-000000000000/resourceGroups/cli_test_ag_no_wait000001/providers/Microsoft.Network/applicationGateways/ag1/backendHttpSettingsCollection/appGatewayBackendHttpSettings\"\
        \r\n          }\r\n        }\r\n      }\r\n    ],\r\n    \"probes\": [],\r\
        \n    \"redirectConfigurations\": []\r\n  }\r\n}"}
    headers:
      cache-control: [no-cache]
      content-length: ['8480']
      content-type: [application/json; charset=utf-8]
      date: ['Tue, 03 Apr 2018 23:43:37 GMT']
      etag: [W/"094a6500-e722-4cef-a2f9-ffc4bf3137e4"]
      expires: ['-1']
      pragma: [no-cache]
      server: [Microsoft-HTTPAPI/2.0, Microsoft-HTTPAPI/2.0]
      strict-transport-security: [max-age=31536000; includeSubDomains]
      transfer-encoding: [chunked]
      vary: [Accept-Encoding]
      x-content-type-options: [nosniff]
    status: {code: 200, message: OK}
- request:
    body: null
    headers:
      Accept: [application/json]
      Accept-Encoding: ['gzip, deflate']
      CommandName: [network application-gateway wait]
      Connection: [keep-alive]
      Content-Type: [application/json; charset=utf-8]
      User-Agent: [python/3.6.2 (Windows-10-10.0.16299-SP0) requests/2.18.4 msrest/0.4.27
          msrest_azure/0.4.25 networkmanagementclient/2.0.0rc2 Azure-SDK-For-Python
          AZURECLI/2.0.31]
      accept-language: [en-US]
    method: GET
    uri: https://management.azure.com/subscriptions/00000000-0000-0000-0000-000000000000/resourceGroups/cli_test_ag_no_wait000001/providers/Microsoft.Network/applicationGateways/ag1?api-version=2018-02-01
  response:
    body: {string: "{\r\n  \"name\": \"ag1\",\r\n  \"id\": \"/subscriptions/00000000-0000-0000-0000-000000000000/resourceGroups/cli_test_ag_no_wait000001/providers/Microsoft.Network/applicationGateways/ag1\"\
        ,\r\n  \"etag\": \"W/\\\"094a6500-e722-4cef-a2f9-ffc4bf3137e4\\\"\",\r\n \
        \ \"type\": \"Microsoft.Network/applicationGateways\",\r\n  \"location\":\
        \ \"westus\",\r\n  \"tags\": {},\r\n  \"properties\": {\r\n    \"provisioningState\"\
        : \"Updating\",\r\n    \"resourceGuid\": \"fc954a38-d2f9-490a-adcb-98e90b3018f4\"\
        ,\r\n    \"sku\": {\r\n      \"name\": \"Standard_Medium\",\r\n      \"tier\"\
        : \"Standard\",\r\n      \"capacity\": 2\r\n    },\r\n    \"operationalState\"\
        : \"Stopped\",\r\n    \"gatewayIPConfigurations\": [\r\n      {\r\n      \
        \  \"name\": \"appGatewayFrontendIP\",\r\n        \"id\": \"/subscriptions/00000000-0000-0000-0000-000000000000/resourceGroups/cli_test_ag_no_wait000001/providers/Microsoft.Network/applicationGateways/ag1/gatewayIPConfigurations/appGatewayFrontendIP\"\
        ,\r\n        \"etag\": \"W/\\\"094a6500-e722-4cef-a2f9-ffc4bf3137e4\\\"\"\
        ,\r\n        \"properties\": {\r\n          \"provisioningState\": \"Updating\"\
        ,\r\n          \"subnet\": {\r\n            \"id\": \"/subscriptions/00000000-0000-0000-0000-000000000000/resourceGroups/cli_test_ag_no_wait000001/providers/Microsoft.Network/virtualNetworks/ag1Vnet/subnets/default\"\
        \r\n          }\r\n        }\r\n      }\r\n    ],\r\n    \"sslCertificates\"\
        : [],\r\n    \"authenticationCertificates\": [],\r\n    \"frontendIPConfigurations\"\
        : [\r\n      {\r\n        \"name\": \"appGatewayFrontendIP\",\r\n        \"\
        id\": \"/subscriptions/00000000-0000-0000-0000-000000000000/resourceGroups/cli_test_ag_no_wait000001/providers/Microsoft.Network/applicationGateways/ag1/frontendIPConfigurations/appGatewayFrontendIP\"\
        ,\r\n        \"etag\": \"W/\\\"094a6500-e722-4cef-a2f9-ffc4bf3137e4\\\"\"\
        ,\r\n        \"properties\": {\r\n          \"provisioningState\": \"Updating\"\
        ,\r\n          \"privateIPAllocationMethod\": \"Dynamic\",\r\n          \"\
        subnet\": {\r\n            \"id\": \"/subscriptions/00000000-0000-0000-0000-000000000000/resourceGroups/cli_test_ag_no_wait000001/providers/Microsoft.Network/virtualNetworks/ag1Vnet/subnets/default\"\
        \r\n          },\r\n          \"httpListeners\": [\r\n            {\r\n  \
        \            \"id\": \"/subscriptions/00000000-0000-0000-0000-000000000000/resourceGroups/cli_test_ag_no_wait000001/providers/Microsoft.Network/applicationGateways/ag1/httpListeners/appGatewayHttpListener\"\
        \r\n            }\r\n          ]\r\n        }\r\n      }\r\n    ],\r\n   \
        \ \"frontendPorts\": [\r\n      {\r\n        \"name\": \"appGatewayFrontendPort\"\
        ,\r\n        \"id\": \"/subscriptions/00000000-0000-0000-0000-000000000000/resourceGroups/cli_test_ag_no_wait000001/providers/Microsoft.Network/applicationGateways/ag1/frontendPorts/appGatewayFrontendPort\"\
        ,\r\n        \"etag\": \"W/\\\"094a6500-e722-4cef-a2f9-ffc4bf3137e4\\\"\"\
        ,\r\n        \"properties\": {\r\n          \"provisioningState\": \"Updating\"\
        ,\r\n          \"port\": 80,\r\n          \"httpListeners\": [\r\n       \
        \     {\r\n              \"id\": \"/subscriptions/00000000-0000-0000-0000-000000000000/resourceGroups/cli_test_ag_no_wait000001/providers/Microsoft.Network/applicationGateways/ag1/httpListeners/appGatewayHttpListener\"\
        \r\n            }\r\n          ]\r\n        }\r\n      }\r\n    ],\r\n   \
        \ \"backendAddressPools\": [\r\n      {\r\n        \"name\": \"appGatewayBackendPool\"\
        ,\r\n        \"id\": \"/subscriptions/00000000-0000-0000-0000-000000000000/resourceGroups/cli_test_ag_no_wait000001/providers/Microsoft.Network/applicationGateways/ag1/backendAddressPools/appGatewayBackendPool\"\
        ,\r\n        \"etag\": \"W/\\\"094a6500-e722-4cef-a2f9-ffc4bf3137e4\\\"\"\
        ,\r\n        \"properties\": {\r\n          \"provisioningState\": \"Updating\"\
        ,\r\n          \"backendAddresses\": [],\r\n          \"requestRoutingRules\"\
        : [\r\n            {\r\n              \"id\": \"/subscriptions/00000000-0000-0000-0000-000000000000/resourceGroups/cli_test_ag_no_wait000001/providers/Microsoft.Network/applicationGateways/ag1/requestRoutingRules/rule1\"\
        \r\n            }\r\n          ]\r\n        }\r\n      }\r\n    ],\r\n   \
        \ \"backendHttpSettingsCollection\": [\r\n      {\r\n        \"name\": \"\
        appGatewayBackendHttpSettings\",\r\n        \"id\": \"/subscriptions/00000000-0000-0000-0000-000000000000/resourceGroups/cli_test_ag_no_wait000001/providers/Microsoft.Network/applicationGateways/ag1/backendHttpSettingsCollection/appGatewayBackendHttpSettings\"\
        ,\r\n        \"etag\": \"W/\\\"094a6500-e722-4cef-a2f9-ffc4bf3137e4\\\"\"\
        ,\r\n        \"properties\": {\r\n          \"provisioningState\": \"Updating\"\
        ,\r\n          \"port\": 80,\r\n          \"protocol\": \"Http\",\r\n    \
        \      \"cookieBasedAffinity\": \"Disabled\",\r\n          \"connectionDraining\"\
        : {\r\n            \"enabled\": true,\r\n            \"drainTimeoutInSec\"\
        : 180\r\n          },\r\n          \"pickHostNameFromBackendAddress\": false,\r\
        \n          \"requestTimeout\": 30,\r\n          \"requestRoutingRules\":\
        \ [\r\n            {\r\n              \"id\": \"/subscriptions/00000000-0000-0000-0000-000000000000/resourceGroups/cli_test_ag_no_wait000001/providers/Microsoft.Network/applicationGateways/ag1/requestRoutingRules/rule1\"\
        \r\n            }\r\n          ]\r\n        }\r\n      }\r\n    ],\r\n   \
        \ \"httpListeners\": [\r\n      {\r\n        \"name\": \"appGatewayHttpListener\"\
        ,\r\n        \"id\": \"/subscriptions/00000000-0000-0000-0000-000000000000/resourceGroups/cli_test_ag_no_wait000001/providers/Microsoft.Network/applicationGateways/ag1/httpListeners/appGatewayHttpListener\"\
        ,\r\n        \"etag\": \"W/\\\"094a6500-e722-4cef-a2f9-ffc4bf3137e4\\\"\"\
        ,\r\n        \"properties\": {\r\n          \"provisioningState\": \"Updating\"\
        ,\r\n          \"frontendIPConfiguration\": {\r\n            \"id\": \"/subscriptions/00000000-0000-0000-0000-000000000000/resourceGroups/cli_test_ag_no_wait000001/providers/Microsoft.Network/applicationGateways/ag1/frontendIPConfigurations/appGatewayFrontendIP\"\
        \r\n          },\r\n          \"frontendPort\": {\r\n            \"id\": \"\
        /subscriptions/00000000-0000-0000-0000-000000000000/resourceGroups/cli_test_ag_no_wait000001/providers/Microsoft.Network/applicationGateways/ag1/frontendPorts/appGatewayFrontendPort\"\
        \r\n          },\r\n          \"protocol\": \"Http\",\r\n          \"requireServerNameIndication\"\
        : false,\r\n          \"requestRoutingRules\": [\r\n            {\r\n    \
        \          \"id\": \"/subscriptions/00000000-0000-0000-0000-000000000000/resourceGroups/cli_test_ag_no_wait000001/providers/Microsoft.Network/applicationGateways/ag1/requestRoutingRules/rule1\"\
        \r\n            }\r\n          ]\r\n        }\r\n      }\r\n    ],\r\n   \
        \ \"urlPathMaps\": [],\r\n    \"requestRoutingRules\": [\r\n      {\r\n  \
        \      \"name\": \"rule1\",\r\n        \"id\": \"/subscriptions/00000000-0000-0000-0000-000000000000/resourceGroups/cli_test_ag_no_wait000001/providers/Microsoft.Network/applicationGateways/ag1/requestRoutingRules/rule1\"\
        ,\r\n        \"etag\": \"W/\\\"094a6500-e722-4cef-a2f9-ffc4bf3137e4\\\"\"\
        ,\r\n        \"properties\": {\r\n          \"provisioningState\": \"Updating\"\
        ,\r\n          \"ruleType\": \"Basic\",\r\n          \"httpListener\": {\r\
        \n            \"id\": \"/subscriptions/00000000-0000-0000-0000-000000000000/resourceGroups/cli_test_ag_no_wait000001/providers/Microsoft.Network/applicationGateways/ag1/httpListeners/appGatewayHttpListener\"\
        \r\n          },\r\n          \"backendAddressPool\": {\r\n            \"\
        id\": \"/subscriptions/00000000-0000-0000-0000-000000000000/resourceGroups/cli_test_ag_no_wait000001/providers/Microsoft.Network/applicationGateways/ag1/backendAddressPools/appGatewayBackendPool\"\
        \r\n          },\r\n          \"backendHttpSettings\": {\r\n            \"\
        id\": \"/subscriptions/00000000-0000-0000-0000-000000000000/resourceGroups/cli_test_ag_no_wait000001/providers/Microsoft.Network/applicationGateways/ag1/backendHttpSettingsCollection/appGatewayBackendHttpSettings\"\
        \r\n          }\r\n        }\r\n      }\r\n    ],\r\n    \"probes\": [],\r\
        \n    \"redirectConfigurations\": []\r\n  }\r\n}"}
    headers:
      cache-control: [no-cache]
      content-length: ['8480']
      content-type: [application/json; charset=utf-8]
      date: ['Tue, 03 Apr 2018 23:45:38 GMT']
      etag: [W/"094a6500-e722-4cef-a2f9-ffc4bf3137e4"]
      expires: ['-1']
      pragma: [no-cache]
      server: [Microsoft-HTTPAPI/2.0, Microsoft-HTTPAPI/2.0]
      strict-transport-security: [max-age=31536000; includeSubDomains]
      transfer-encoding: [chunked]
      vary: [Accept-Encoding]
      x-content-type-options: [nosniff]
    status: {code: 200, message: OK}
- request:
    body: null
    headers:
      Accept: [application/json]
      Accept-Encoding: ['gzip, deflate']
      CommandName: [network application-gateway wait]
      Connection: [keep-alive]
      Content-Type: [application/json; charset=utf-8]
      User-Agent: [python/3.6.2 (Windows-10-10.0.16299-SP0) requests/2.18.4 msrest/0.4.27
          msrest_azure/0.4.25 networkmanagementclient/2.0.0rc2 Azure-SDK-For-Python
          AZURECLI/2.0.31]
      accept-language: [en-US]
    method: GET
    uri: https://management.azure.com/subscriptions/00000000-0000-0000-0000-000000000000/resourceGroups/cli_test_ag_no_wait000001/providers/Microsoft.Network/applicationGateways/ag1?api-version=2018-02-01
  response:
    body: {string: "{\r\n  \"name\": \"ag1\",\r\n  \"id\": \"/subscriptions/00000000-0000-0000-0000-000000000000/resourceGroups/cli_test_ag_no_wait000001/providers/Microsoft.Network/applicationGateways/ag1\"\
        ,\r\n  \"etag\": \"W/\\\"094a6500-e722-4cef-a2f9-ffc4bf3137e4\\\"\",\r\n \
        \ \"type\": \"Microsoft.Network/applicationGateways\",\r\n  \"location\":\
        \ \"westus\",\r\n  \"tags\": {},\r\n  \"properties\": {\r\n    \"provisioningState\"\
        : \"Updating\",\r\n    \"resourceGuid\": \"fc954a38-d2f9-490a-adcb-98e90b3018f4\"\
        ,\r\n    \"sku\": {\r\n      \"name\": \"Standard_Medium\",\r\n      \"tier\"\
        : \"Standard\",\r\n      \"capacity\": 2\r\n    },\r\n    \"operationalState\"\
        : \"Stopped\",\r\n    \"gatewayIPConfigurations\": [\r\n      {\r\n      \
        \  \"name\": \"appGatewayFrontendIP\",\r\n        \"id\": \"/subscriptions/00000000-0000-0000-0000-000000000000/resourceGroups/cli_test_ag_no_wait000001/providers/Microsoft.Network/applicationGateways/ag1/gatewayIPConfigurations/appGatewayFrontendIP\"\
        ,\r\n        \"etag\": \"W/\\\"094a6500-e722-4cef-a2f9-ffc4bf3137e4\\\"\"\
        ,\r\n        \"properties\": {\r\n          \"provisioningState\": \"Updating\"\
        ,\r\n          \"subnet\": {\r\n            \"id\": \"/subscriptions/00000000-0000-0000-0000-000000000000/resourceGroups/cli_test_ag_no_wait000001/providers/Microsoft.Network/virtualNetworks/ag1Vnet/subnets/default\"\
        \r\n          }\r\n        }\r\n      }\r\n    ],\r\n    \"sslCertificates\"\
        : [],\r\n    \"authenticationCertificates\": [],\r\n    \"frontendIPConfigurations\"\
        : [\r\n      {\r\n        \"name\": \"appGatewayFrontendIP\",\r\n        \"\
        id\": \"/subscriptions/00000000-0000-0000-0000-000000000000/resourceGroups/cli_test_ag_no_wait000001/providers/Microsoft.Network/applicationGateways/ag1/frontendIPConfigurations/appGatewayFrontendIP\"\
        ,\r\n        \"etag\": \"W/\\\"094a6500-e722-4cef-a2f9-ffc4bf3137e4\\\"\"\
        ,\r\n        \"properties\": {\r\n          \"provisioningState\": \"Updating\"\
        ,\r\n          \"privateIPAllocationMethod\": \"Dynamic\",\r\n          \"\
        subnet\": {\r\n            \"id\": \"/subscriptions/00000000-0000-0000-0000-000000000000/resourceGroups/cli_test_ag_no_wait000001/providers/Microsoft.Network/virtualNetworks/ag1Vnet/subnets/default\"\
        \r\n          },\r\n          \"httpListeners\": [\r\n            {\r\n  \
        \            \"id\": \"/subscriptions/00000000-0000-0000-0000-000000000000/resourceGroups/cli_test_ag_no_wait000001/providers/Microsoft.Network/applicationGateways/ag1/httpListeners/appGatewayHttpListener\"\
        \r\n            }\r\n          ]\r\n        }\r\n      }\r\n    ],\r\n   \
        \ \"frontendPorts\": [\r\n      {\r\n        \"name\": \"appGatewayFrontendPort\"\
        ,\r\n        \"id\": \"/subscriptions/00000000-0000-0000-0000-000000000000/resourceGroups/cli_test_ag_no_wait000001/providers/Microsoft.Network/applicationGateways/ag1/frontendPorts/appGatewayFrontendPort\"\
        ,\r\n        \"etag\": \"W/\\\"094a6500-e722-4cef-a2f9-ffc4bf3137e4\\\"\"\
        ,\r\n        \"properties\": {\r\n          \"provisioningState\": \"Updating\"\
        ,\r\n          \"port\": 80,\r\n          \"httpListeners\": [\r\n       \
        \     {\r\n              \"id\": \"/subscriptions/00000000-0000-0000-0000-000000000000/resourceGroups/cli_test_ag_no_wait000001/providers/Microsoft.Network/applicationGateways/ag1/httpListeners/appGatewayHttpListener\"\
        \r\n            }\r\n          ]\r\n        }\r\n      }\r\n    ],\r\n   \
        \ \"backendAddressPools\": [\r\n      {\r\n        \"name\": \"appGatewayBackendPool\"\
        ,\r\n        \"id\": \"/subscriptions/00000000-0000-0000-0000-000000000000/resourceGroups/cli_test_ag_no_wait000001/providers/Microsoft.Network/applicationGateways/ag1/backendAddressPools/appGatewayBackendPool\"\
        ,\r\n        \"etag\": \"W/\\\"094a6500-e722-4cef-a2f9-ffc4bf3137e4\\\"\"\
        ,\r\n        \"properties\": {\r\n          \"provisioningState\": \"Updating\"\
        ,\r\n          \"backendAddresses\": [],\r\n          \"requestRoutingRules\"\
        : [\r\n            {\r\n              \"id\": \"/subscriptions/00000000-0000-0000-0000-000000000000/resourceGroups/cli_test_ag_no_wait000001/providers/Microsoft.Network/applicationGateways/ag1/requestRoutingRules/rule1\"\
        \r\n            }\r\n          ]\r\n        }\r\n      }\r\n    ],\r\n   \
        \ \"backendHttpSettingsCollection\": [\r\n      {\r\n        \"name\": \"\
        appGatewayBackendHttpSettings\",\r\n        \"id\": \"/subscriptions/00000000-0000-0000-0000-000000000000/resourceGroups/cli_test_ag_no_wait000001/providers/Microsoft.Network/applicationGateways/ag1/backendHttpSettingsCollection/appGatewayBackendHttpSettings\"\
        ,\r\n        \"etag\": \"W/\\\"094a6500-e722-4cef-a2f9-ffc4bf3137e4\\\"\"\
        ,\r\n        \"properties\": {\r\n          \"provisioningState\": \"Updating\"\
        ,\r\n          \"port\": 80,\r\n          \"protocol\": \"Http\",\r\n    \
        \      \"cookieBasedAffinity\": \"Disabled\",\r\n          \"connectionDraining\"\
        : {\r\n            \"enabled\": true,\r\n            \"drainTimeoutInSec\"\
        : 180\r\n          },\r\n          \"pickHostNameFromBackendAddress\": false,\r\
        \n          \"requestTimeout\": 30,\r\n          \"requestRoutingRules\":\
        \ [\r\n            {\r\n              \"id\": \"/subscriptions/00000000-0000-0000-0000-000000000000/resourceGroups/cli_test_ag_no_wait000001/providers/Microsoft.Network/applicationGateways/ag1/requestRoutingRules/rule1\"\
        \r\n            }\r\n          ]\r\n        }\r\n      }\r\n    ],\r\n   \
        \ \"httpListeners\": [\r\n      {\r\n        \"name\": \"appGatewayHttpListener\"\
        ,\r\n        \"id\": \"/subscriptions/00000000-0000-0000-0000-000000000000/resourceGroups/cli_test_ag_no_wait000001/providers/Microsoft.Network/applicationGateways/ag1/httpListeners/appGatewayHttpListener\"\
        ,\r\n        \"etag\": \"W/\\\"094a6500-e722-4cef-a2f9-ffc4bf3137e4\\\"\"\
        ,\r\n        \"properties\": {\r\n          \"provisioningState\": \"Updating\"\
        ,\r\n          \"frontendIPConfiguration\": {\r\n            \"id\": \"/subscriptions/00000000-0000-0000-0000-000000000000/resourceGroups/cli_test_ag_no_wait000001/providers/Microsoft.Network/applicationGateways/ag1/frontendIPConfigurations/appGatewayFrontendIP\"\
        \r\n          },\r\n          \"frontendPort\": {\r\n            \"id\": \"\
        /subscriptions/00000000-0000-0000-0000-000000000000/resourceGroups/cli_test_ag_no_wait000001/providers/Microsoft.Network/applicationGateways/ag1/frontendPorts/appGatewayFrontendPort\"\
        \r\n          },\r\n          \"protocol\": \"Http\",\r\n          \"requireServerNameIndication\"\
        : false,\r\n          \"requestRoutingRules\": [\r\n            {\r\n    \
        \          \"id\": \"/subscriptions/00000000-0000-0000-0000-000000000000/resourceGroups/cli_test_ag_no_wait000001/providers/Microsoft.Network/applicationGateways/ag1/requestRoutingRules/rule1\"\
        \r\n            }\r\n          ]\r\n        }\r\n      }\r\n    ],\r\n   \
        \ \"urlPathMaps\": [],\r\n    \"requestRoutingRules\": [\r\n      {\r\n  \
        \      \"name\": \"rule1\",\r\n        \"id\": \"/subscriptions/00000000-0000-0000-0000-000000000000/resourceGroups/cli_test_ag_no_wait000001/providers/Microsoft.Network/applicationGateways/ag1/requestRoutingRules/rule1\"\
        ,\r\n        \"etag\": \"W/\\\"094a6500-e722-4cef-a2f9-ffc4bf3137e4\\\"\"\
        ,\r\n        \"properties\": {\r\n          \"provisioningState\": \"Updating\"\
        ,\r\n          \"ruleType\": \"Basic\",\r\n          \"httpListener\": {\r\
        \n            \"id\": \"/subscriptions/00000000-0000-0000-0000-000000000000/resourceGroups/cli_test_ag_no_wait000001/providers/Microsoft.Network/applicationGateways/ag1/httpListeners/appGatewayHttpListener\"\
        \r\n          },\r\n          \"backendAddressPool\": {\r\n            \"\
        id\": \"/subscriptions/00000000-0000-0000-0000-000000000000/resourceGroups/cli_test_ag_no_wait000001/providers/Microsoft.Network/applicationGateways/ag1/backendAddressPools/appGatewayBackendPool\"\
        \r\n          },\r\n          \"backendHttpSettings\": {\r\n            \"\
        id\": \"/subscriptions/00000000-0000-0000-0000-000000000000/resourceGroups/cli_test_ag_no_wait000001/providers/Microsoft.Network/applicationGateways/ag1/backendHttpSettingsCollection/appGatewayBackendHttpSettings\"\
        \r\n          }\r\n        }\r\n      }\r\n    ],\r\n    \"probes\": [],\r\
        \n    \"redirectConfigurations\": []\r\n  }\r\n}"}
    headers:
      cache-control: [no-cache]
      content-length: ['8480']
      content-type: [application/json; charset=utf-8]
      date: ['Tue, 03 Apr 2018 23:47:38 GMT']
      etag: [W/"094a6500-e722-4cef-a2f9-ffc4bf3137e4"]
      expires: ['-1']
      pragma: [no-cache]
      server: [Microsoft-HTTPAPI/2.0, Microsoft-HTTPAPI/2.0]
      strict-transport-security: [max-age=31536000; includeSubDomains]
      transfer-encoding: [chunked]
      vary: [Accept-Encoding]
      x-content-type-options: [nosniff]
    status: {code: 200, message: OK}
- request:
    body: null
    headers:
      Accept: [application/json]
      Accept-Encoding: ['gzip, deflate']
      CommandName: [network application-gateway wait]
      Connection: [keep-alive]
      Content-Type: [application/json; charset=utf-8]
      User-Agent: [python/3.6.2 (Windows-10-10.0.16299-SP0) requests/2.18.4 msrest/0.4.27
          msrest_azure/0.4.25 networkmanagementclient/2.0.0rc2 Azure-SDK-For-Python
          AZURECLI/2.0.31]
      accept-language: [en-US]
    method: GET
    uri: https://management.azure.com/subscriptions/00000000-0000-0000-0000-000000000000/resourceGroups/cli_test_ag_no_wait000001/providers/Microsoft.Network/applicationGateways/ag1?api-version=2018-02-01
  response:
    body: {string: "{\r\n  \"name\": \"ag1\",\r\n  \"id\": \"/subscriptions/00000000-0000-0000-0000-000000000000/resourceGroups/cli_test_ag_no_wait000001/providers/Microsoft.Network/applicationGateways/ag1\"\
        ,\r\n  \"etag\": \"W/\\\"094a6500-e722-4cef-a2f9-ffc4bf3137e4\\\"\",\r\n \
        \ \"type\": \"Microsoft.Network/applicationGateways\",\r\n  \"location\":\
        \ \"westus\",\r\n  \"tags\": {},\r\n  \"properties\": {\r\n    \"provisioningState\"\
        : \"Updating\",\r\n    \"resourceGuid\": \"fc954a38-d2f9-490a-adcb-98e90b3018f4\"\
        ,\r\n    \"sku\": {\r\n      \"name\": \"Standard_Medium\",\r\n      \"tier\"\
        : \"Standard\",\r\n      \"capacity\": 2\r\n    },\r\n    \"operationalState\"\
        : \"Stopped\",\r\n    \"gatewayIPConfigurations\": [\r\n      {\r\n      \
        \  \"name\": \"appGatewayFrontendIP\",\r\n        \"id\": \"/subscriptions/00000000-0000-0000-0000-000000000000/resourceGroups/cli_test_ag_no_wait000001/providers/Microsoft.Network/applicationGateways/ag1/gatewayIPConfigurations/appGatewayFrontendIP\"\
        ,\r\n        \"etag\": \"W/\\\"094a6500-e722-4cef-a2f9-ffc4bf3137e4\\\"\"\
        ,\r\n        \"properties\": {\r\n          \"provisioningState\": \"Updating\"\
        ,\r\n          \"subnet\": {\r\n            \"id\": \"/subscriptions/00000000-0000-0000-0000-000000000000/resourceGroups/cli_test_ag_no_wait000001/providers/Microsoft.Network/virtualNetworks/ag1Vnet/subnets/default\"\
        \r\n          }\r\n        }\r\n      }\r\n    ],\r\n    \"sslCertificates\"\
        : [],\r\n    \"authenticationCertificates\": [],\r\n    \"frontendIPConfigurations\"\
        : [\r\n      {\r\n        \"name\": \"appGatewayFrontendIP\",\r\n        \"\
        id\": \"/subscriptions/00000000-0000-0000-0000-000000000000/resourceGroups/cli_test_ag_no_wait000001/providers/Microsoft.Network/applicationGateways/ag1/frontendIPConfigurations/appGatewayFrontendIP\"\
        ,\r\n        \"etag\": \"W/\\\"094a6500-e722-4cef-a2f9-ffc4bf3137e4\\\"\"\
        ,\r\n        \"properties\": {\r\n          \"provisioningState\": \"Updating\"\
        ,\r\n          \"privateIPAllocationMethod\": \"Dynamic\",\r\n          \"\
        subnet\": {\r\n            \"id\": \"/subscriptions/00000000-0000-0000-0000-000000000000/resourceGroups/cli_test_ag_no_wait000001/providers/Microsoft.Network/virtualNetworks/ag1Vnet/subnets/default\"\
        \r\n          },\r\n          \"httpListeners\": [\r\n            {\r\n  \
        \            \"id\": \"/subscriptions/00000000-0000-0000-0000-000000000000/resourceGroups/cli_test_ag_no_wait000001/providers/Microsoft.Network/applicationGateways/ag1/httpListeners/appGatewayHttpListener\"\
        \r\n            }\r\n          ]\r\n        }\r\n      }\r\n    ],\r\n   \
        \ \"frontendPorts\": [\r\n      {\r\n        \"name\": \"appGatewayFrontendPort\"\
        ,\r\n        \"id\": \"/subscriptions/00000000-0000-0000-0000-000000000000/resourceGroups/cli_test_ag_no_wait000001/providers/Microsoft.Network/applicationGateways/ag1/frontendPorts/appGatewayFrontendPort\"\
        ,\r\n        \"etag\": \"W/\\\"094a6500-e722-4cef-a2f9-ffc4bf3137e4\\\"\"\
        ,\r\n        \"properties\": {\r\n          \"provisioningState\": \"Updating\"\
        ,\r\n          \"port\": 80,\r\n          \"httpListeners\": [\r\n       \
        \     {\r\n              \"id\": \"/subscriptions/00000000-0000-0000-0000-000000000000/resourceGroups/cli_test_ag_no_wait000001/providers/Microsoft.Network/applicationGateways/ag1/httpListeners/appGatewayHttpListener\"\
        \r\n            }\r\n          ]\r\n        }\r\n      }\r\n    ],\r\n   \
        \ \"backendAddressPools\": [\r\n      {\r\n        \"name\": \"appGatewayBackendPool\"\
        ,\r\n        \"id\": \"/subscriptions/00000000-0000-0000-0000-000000000000/resourceGroups/cli_test_ag_no_wait000001/providers/Microsoft.Network/applicationGateways/ag1/backendAddressPools/appGatewayBackendPool\"\
        ,\r\n        \"etag\": \"W/\\\"094a6500-e722-4cef-a2f9-ffc4bf3137e4\\\"\"\
        ,\r\n        \"properties\": {\r\n          \"provisioningState\": \"Updating\"\
        ,\r\n          \"backendAddresses\": [],\r\n          \"requestRoutingRules\"\
        : [\r\n            {\r\n              \"id\": \"/subscriptions/00000000-0000-0000-0000-000000000000/resourceGroups/cli_test_ag_no_wait000001/providers/Microsoft.Network/applicationGateways/ag1/requestRoutingRules/rule1\"\
        \r\n            }\r\n          ]\r\n        }\r\n      }\r\n    ],\r\n   \
        \ \"backendHttpSettingsCollection\": [\r\n      {\r\n        \"name\": \"\
        appGatewayBackendHttpSettings\",\r\n        \"id\": \"/subscriptions/00000000-0000-0000-0000-000000000000/resourceGroups/cli_test_ag_no_wait000001/providers/Microsoft.Network/applicationGateways/ag1/backendHttpSettingsCollection/appGatewayBackendHttpSettings\"\
        ,\r\n        \"etag\": \"W/\\\"094a6500-e722-4cef-a2f9-ffc4bf3137e4\\\"\"\
        ,\r\n        \"properties\": {\r\n          \"provisioningState\": \"Updating\"\
        ,\r\n          \"port\": 80,\r\n          \"protocol\": \"Http\",\r\n    \
        \      \"cookieBasedAffinity\": \"Disabled\",\r\n          \"connectionDraining\"\
        : {\r\n            \"enabled\": true,\r\n            \"drainTimeoutInSec\"\
        : 180\r\n          },\r\n          \"pickHostNameFromBackendAddress\": false,\r\
        \n          \"requestTimeout\": 30,\r\n          \"requestRoutingRules\":\
        \ [\r\n            {\r\n              \"id\": \"/subscriptions/00000000-0000-0000-0000-000000000000/resourceGroups/cli_test_ag_no_wait000001/providers/Microsoft.Network/applicationGateways/ag1/requestRoutingRules/rule1\"\
        \r\n            }\r\n          ]\r\n        }\r\n      }\r\n    ],\r\n   \
        \ \"httpListeners\": [\r\n      {\r\n        \"name\": \"appGatewayHttpListener\"\
        ,\r\n        \"id\": \"/subscriptions/00000000-0000-0000-0000-000000000000/resourceGroups/cli_test_ag_no_wait000001/providers/Microsoft.Network/applicationGateways/ag1/httpListeners/appGatewayHttpListener\"\
        ,\r\n        \"etag\": \"W/\\\"094a6500-e722-4cef-a2f9-ffc4bf3137e4\\\"\"\
        ,\r\n        \"properties\": {\r\n          \"provisioningState\": \"Updating\"\
        ,\r\n          \"frontendIPConfiguration\": {\r\n            \"id\": \"/subscriptions/00000000-0000-0000-0000-000000000000/resourceGroups/cli_test_ag_no_wait000001/providers/Microsoft.Network/applicationGateways/ag1/frontendIPConfigurations/appGatewayFrontendIP\"\
        \r\n          },\r\n          \"frontendPort\": {\r\n            \"id\": \"\
        /subscriptions/00000000-0000-0000-0000-000000000000/resourceGroups/cli_test_ag_no_wait000001/providers/Microsoft.Network/applicationGateways/ag1/frontendPorts/appGatewayFrontendPort\"\
        \r\n          },\r\n          \"protocol\": \"Http\",\r\n          \"requireServerNameIndication\"\
        : false,\r\n          \"requestRoutingRules\": [\r\n            {\r\n    \
        \          \"id\": \"/subscriptions/00000000-0000-0000-0000-000000000000/resourceGroups/cli_test_ag_no_wait000001/providers/Microsoft.Network/applicationGateways/ag1/requestRoutingRules/rule1\"\
        \r\n            }\r\n          ]\r\n        }\r\n      }\r\n    ],\r\n   \
        \ \"urlPathMaps\": [],\r\n    \"requestRoutingRules\": [\r\n      {\r\n  \
        \      \"name\": \"rule1\",\r\n        \"id\": \"/subscriptions/00000000-0000-0000-0000-000000000000/resourceGroups/cli_test_ag_no_wait000001/providers/Microsoft.Network/applicationGateways/ag1/requestRoutingRules/rule1\"\
        ,\r\n        \"etag\": \"W/\\\"094a6500-e722-4cef-a2f9-ffc4bf3137e4\\\"\"\
        ,\r\n        \"properties\": {\r\n          \"provisioningState\": \"Updating\"\
        ,\r\n          \"ruleType\": \"Basic\",\r\n          \"httpListener\": {\r\
        \n            \"id\": \"/subscriptions/00000000-0000-0000-0000-000000000000/resourceGroups/cli_test_ag_no_wait000001/providers/Microsoft.Network/applicationGateways/ag1/httpListeners/appGatewayHttpListener\"\
        \r\n          },\r\n          \"backendAddressPool\": {\r\n            \"\
        id\": \"/subscriptions/00000000-0000-0000-0000-000000000000/resourceGroups/cli_test_ag_no_wait000001/providers/Microsoft.Network/applicationGateways/ag1/backendAddressPools/appGatewayBackendPool\"\
        \r\n          },\r\n          \"backendHttpSettings\": {\r\n            \"\
        id\": \"/subscriptions/00000000-0000-0000-0000-000000000000/resourceGroups/cli_test_ag_no_wait000001/providers/Microsoft.Network/applicationGateways/ag1/backendHttpSettingsCollection/appGatewayBackendHttpSettings\"\
        \r\n          }\r\n        }\r\n      }\r\n    ],\r\n    \"probes\": [],\r\
        \n    \"redirectConfigurations\": []\r\n  }\r\n}"}
    headers:
      cache-control: [no-cache]
      content-length: ['8480']
      content-type: [application/json; charset=utf-8]
      date: ['Tue, 03 Apr 2018 23:49:38 GMT']
      etag: [W/"094a6500-e722-4cef-a2f9-ffc4bf3137e4"]
      expires: ['-1']
      pragma: [no-cache]
      server: [Microsoft-HTTPAPI/2.0, Microsoft-HTTPAPI/2.0]
      strict-transport-security: [max-age=31536000; includeSubDomains]
      transfer-encoding: [chunked]
      vary: [Accept-Encoding]
      x-content-type-options: [nosniff]
    status: {code: 200, message: OK}
- request:
    body: null
    headers:
      Accept: [application/json]
      Accept-Encoding: ['gzip, deflate']
      CommandName: [network application-gateway wait]
      Connection: [keep-alive]
      Content-Type: [application/json; charset=utf-8]
      User-Agent: [python/3.6.2 (Windows-10-10.0.16299-SP0) requests/2.18.4 msrest/0.4.27
          msrest_azure/0.4.25 networkmanagementclient/2.0.0rc2 Azure-SDK-For-Python
          AZURECLI/2.0.31]
      accept-language: [en-US]
    method: GET
    uri: https://management.azure.com/subscriptions/00000000-0000-0000-0000-000000000000/resourceGroups/cli_test_ag_no_wait000001/providers/Microsoft.Network/applicationGateways/ag1?api-version=2018-02-01
  response:
    body: {string: "{\r\n  \"name\": \"ag1\",\r\n  \"id\": \"/subscriptions/00000000-0000-0000-0000-000000000000/resourceGroups/cli_test_ag_no_wait000001/providers/Microsoft.Network/applicationGateways/ag1\"\
        ,\r\n  \"etag\": \"W/\\\"094a6500-e722-4cef-a2f9-ffc4bf3137e4\\\"\",\r\n \
        \ \"type\": \"Microsoft.Network/applicationGateways\",\r\n  \"location\":\
        \ \"westus\",\r\n  \"tags\": {},\r\n  \"properties\": {\r\n    \"provisioningState\"\
        : \"Updating\",\r\n    \"resourceGuid\": \"fc954a38-d2f9-490a-adcb-98e90b3018f4\"\
        ,\r\n    \"sku\": {\r\n      \"name\": \"Standard_Medium\",\r\n      \"tier\"\
        : \"Standard\",\r\n      \"capacity\": 2\r\n    },\r\n    \"operationalState\"\
        : \"Stopped\",\r\n    \"gatewayIPConfigurations\": [\r\n      {\r\n      \
        \  \"name\": \"appGatewayFrontendIP\",\r\n        \"id\": \"/subscriptions/00000000-0000-0000-0000-000000000000/resourceGroups/cli_test_ag_no_wait000001/providers/Microsoft.Network/applicationGateways/ag1/gatewayIPConfigurations/appGatewayFrontendIP\"\
        ,\r\n        \"etag\": \"W/\\\"094a6500-e722-4cef-a2f9-ffc4bf3137e4\\\"\"\
        ,\r\n        \"properties\": {\r\n          \"provisioningState\": \"Updating\"\
        ,\r\n          \"subnet\": {\r\n            \"id\": \"/subscriptions/00000000-0000-0000-0000-000000000000/resourceGroups/cli_test_ag_no_wait000001/providers/Microsoft.Network/virtualNetworks/ag1Vnet/subnets/default\"\
        \r\n          }\r\n        }\r\n      }\r\n    ],\r\n    \"sslCertificates\"\
        : [],\r\n    \"authenticationCertificates\": [],\r\n    \"frontendIPConfigurations\"\
        : [\r\n      {\r\n        \"name\": \"appGatewayFrontendIP\",\r\n        \"\
        id\": \"/subscriptions/00000000-0000-0000-0000-000000000000/resourceGroups/cli_test_ag_no_wait000001/providers/Microsoft.Network/applicationGateways/ag1/frontendIPConfigurations/appGatewayFrontendIP\"\
        ,\r\n        \"etag\": \"W/\\\"094a6500-e722-4cef-a2f9-ffc4bf3137e4\\\"\"\
        ,\r\n        \"properties\": {\r\n          \"provisioningState\": \"Updating\"\
        ,\r\n          \"privateIPAllocationMethod\": \"Dynamic\",\r\n          \"\
        subnet\": {\r\n            \"id\": \"/subscriptions/00000000-0000-0000-0000-000000000000/resourceGroups/cli_test_ag_no_wait000001/providers/Microsoft.Network/virtualNetworks/ag1Vnet/subnets/default\"\
        \r\n          },\r\n          \"httpListeners\": [\r\n            {\r\n  \
        \            \"id\": \"/subscriptions/00000000-0000-0000-0000-000000000000/resourceGroups/cli_test_ag_no_wait000001/providers/Microsoft.Network/applicationGateways/ag1/httpListeners/appGatewayHttpListener\"\
        \r\n            }\r\n          ]\r\n        }\r\n      }\r\n    ],\r\n   \
        \ \"frontendPorts\": [\r\n      {\r\n        \"name\": \"appGatewayFrontendPort\"\
        ,\r\n        \"id\": \"/subscriptions/00000000-0000-0000-0000-000000000000/resourceGroups/cli_test_ag_no_wait000001/providers/Microsoft.Network/applicationGateways/ag1/frontendPorts/appGatewayFrontendPort\"\
        ,\r\n        \"etag\": \"W/\\\"094a6500-e722-4cef-a2f9-ffc4bf3137e4\\\"\"\
        ,\r\n        \"properties\": {\r\n          \"provisioningState\": \"Updating\"\
        ,\r\n          \"port\": 80,\r\n          \"httpListeners\": [\r\n       \
        \     {\r\n              \"id\": \"/subscriptions/00000000-0000-0000-0000-000000000000/resourceGroups/cli_test_ag_no_wait000001/providers/Microsoft.Network/applicationGateways/ag1/httpListeners/appGatewayHttpListener\"\
        \r\n            }\r\n          ]\r\n        }\r\n      }\r\n    ],\r\n   \
        \ \"backendAddressPools\": [\r\n      {\r\n        \"name\": \"appGatewayBackendPool\"\
        ,\r\n        \"id\": \"/subscriptions/00000000-0000-0000-0000-000000000000/resourceGroups/cli_test_ag_no_wait000001/providers/Microsoft.Network/applicationGateways/ag1/backendAddressPools/appGatewayBackendPool\"\
        ,\r\n        \"etag\": \"W/\\\"094a6500-e722-4cef-a2f9-ffc4bf3137e4\\\"\"\
        ,\r\n        \"properties\": {\r\n          \"provisioningState\": \"Updating\"\
        ,\r\n          \"backendAddresses\": [],\r\n          \"requestRoutingRules\"\
        : [\r\n            {\r\n              \"id\": \"/subscriptions/00000000-0000-0000-0000-000000000000/resourceGroups/cli_test_ag_no_wait000001/providers/Microsoft.Network/applicationGateways/ag1/requestRoutingRules/rule1\"\
        \r\n            }\r\n          ]\r\n        }\r\n      }\r\n    ],\r\n   \
        \ \"backendHttpSettingsCollection\": [\r\n      {\r\n        \"name\": \"\
        appGatewayBackendHttpSettings\",\r\n        \"id\": \"/subscriptions/00000000-0000-0000-0000-000000000000/resourceGroups/cli_test_ag_no_wait000001/providers/Microsoft.Network/applicationGateways/ag1/backendHttpSettingsCollection/appGatewayBackendHttpSettings\"\
        ,\r\n        \"etag\": \"W/\\\"094a6500-e722-4cef-a2f9-ffc4bf3137e4\\\"\"\
        ,\r\n        \"properties\": {\r\n          \"provisioningState\": \"Updating\"\
        ,\r\n          \"port\": 80,\r\n          \"protocol\": \"Http\",\r\n    \
        \      \"cookieBasedAffinity\": \"Disabled\",\r\n          \"connectionDraining\"\
        : {\r\n            \"enabled\": true,\r\n            \"drainTimeoutInSec\"\
        : 180\r\n          },\r\n          \"pickHostNameFromBackendAddress\": false,\r\
        \n          \"requestTimeout\": 30,\r\n          \"requestRoutingRules\":\
        \ [\r\n            {\r\n              \"id\": \"/subscriptions/00000000-0000-0000-0000-000000000000/resourceGroups/cli_test_ag_no_wait000001/providers/Microsoft.Network/applicationGateways/ag1/requestRoutingRules/rule1\"\
        \r\n            }\r\n          ]\r\n        }\r\n      }\r\n    ],\r\n   \
        \ \"httpListeners\": [\r\n      {\r\n        \"name\": \"appGatewayHttpListener\"\
        ,\r\n        \"id\": \"/subscriptions/00000000-0000-0000-0000-000000000000/resourceGroups/cli_test_ag_no_wait000001/providers/Microsoft.Network/applicationGateways/ag1/httpListeners/appGatewayHttpListener\"\
        ,\r\n        \"etag\": \"W/\\\"094a6500-e722-4cef-a2f9-ffc4bf3137e4\\\"\"\
        ,\r\n        \"properties\": {\r\n          \"provisioningState\": \"Updating\"\
        ,\r\n          \"frontendIPConfiguration\": {\r\n            \"id\": \"/subscriptions/00000000-0000-0000-0000-000000000000/resourceGroups/cli_test_ag_no_wait000001/providers/Microsoft.Network/applicationGateways/ag1/frontendIPConfigurations/appGatewayFrontendIP\"\
        \r\n          },\r\n          \"frontendPort\": {\r\n            \"id\": \"\
        /subscriptions/00000000-0000-0000-0000-000000000000/resourceGroups/cli_test_ag_no_wait000001/providers/Microsoft.Network/applicationGateways/ag1/frontendPorts/appGatewayFrontendPort\"\
        \r\n          },\r\n          \"protocol\": \"Http\",\r\n          \"requireServerNameIndication\"\
        : false,\r\n          \"requestRoutingRules\": [\r\n            {\r\n    \
        \          \"id\": \"/subscriptions/00000000-0000-0000-0000-000000000000/resourceGroups/cli_test_ag_no_wait000001/providers/Microsoft.Network/applicationGateways/ag1/requestRoutingRules/rule1\"\
        \r\n            }\r\n          ]\r\n        }\r\n      }\r\n    ],\r\n   \
        \ \"urlPathMaps\": [],\r\n    \"requestRoutingRules\": [\r\n      {\r\n  \
        \      \"name\": \"rule1\",\r\n        \"id\": \"/subscriptions/00000000-0000-0000-0000-000000000000/resourceGroups/cli_test_ag_no_wait000001/providers/Microsoft.Network/applicationGateways/ag1/requestRoutingRules/rule1\"\
        ,\r\n        \"etag\": \"W/\\\"094a6500-e722-4cef-a2f9-ffc4bf3137e4\\\"\"\
        ,\r\n        \"properties\": {\r\n          \"provisioningState\": \"Updating\"\
        ,\r\n          \"ruleType\": \"Basic\",\r\n          \"httpListener\": {\r\
        \n            \"id\": \"/subscriptions/00000000-0000-0000-0000-000000000000/resourceGroups/cli_test_ag_no_wait000001/providers/Microsoft.Network/applicationGateways/ag1/httpListeners/appGatewayHttpListener\"\
        \r\n          },\r\n          \"backendAddressPool\": {\r\n            \"\
        id\": \"/subscriptions/00000000-0000-0000-0000-000000000000/resourceGroups/cli_test_ag_no_wait000001/providers/Microsoft.Network/applicationGateways/ag1/backendAddressPools/appGatewayBackendPool\"\
        \r\n          },\r\n          \"backendHttpSettings\": {\r\n            \"\
        id\": \"/subscriptions/00000000-0000-0000-0000-000000000000/resourceGroups/cli_test_ag_no_wait000001/providers/Microsoft.Network/applicationGateways/ag1/backendHttpSettingsCollection/appGatewayBackendHttpSettings\"\
        \r\n          }\r\n        }\r\n      }\r\n    ],\r\n    \"probes\": [],\r\
        \n    \"redirectConfigurations\": []\r\n  }\r\n}"}
    headers:
      cache-control: [no-cache]
      content-length: ['8480']
      content-type: [application/json; charset=utf-8]
      date: ['Tue, 03 Apr 2018 23:51:39 GMT']
      etag: [W/"094a6500-e722-4cef-a2f9-ffc4bf3137e4"]
      expires: ['-1']
      pragma: [no-cache]
      server: [Microsoft-HTTPAPI/2.0, Microsoft-HTTPAPI/2.0]
      strict-transport-security: [max-age=31536000; includeSubDomains]
      transfer-encoding: [chunked]
      vary: [Accept-Encoding]
      x-content-type-options: [nosniff]
    status: {code: 200, message: OK}
- request:
    body: null
    headers:
      Accept: [application/json]
      Accept-Encoding: ['gzip, deflate']
      CommandName: [network application-gateway wait]
      Connection: [keep-alive]
      Content-Type: [application/json; charset=utf-8]
      User-Agent: [python/3.6.2 (Windows-10-10.0.16299-SP0) requests/2.18.4 msrest/0.4.27
          msrest_azure/0.4.25 networkmanagementclient/2.0.0rc2 Azure-SDK-For-Python
          AZURECLI/2.0.31]
      accept-language: [en-US]
    method: GET
    uri: https://management.azure.com/subscriptions/00000000-0000-0000-0000-000000000000/resourceGroups/cli_test_ag_no_wait000001/providers/Microsoft.Network/applicationGateways/ag1?api-version=2018-02-01
  response:
    body: {string: "{\r\n  \"name\": \"ag1\",\r\n  \"id\": \"/subscriptions/00000000-0000-0000-0000-000000000000/resourceGroups/cli_test_ag_no_wait000001/providers/Microsoft.Network/applicationGateways/ag1\"\
        ,\r\n  \"etag\": \"W/\\\"094a6500-e722-4cef-a2f9-ffc4bf3137e4\\\"\",\r\n \
        \ \"type\": \"Microsoft.Network/applicationGateways\",\r\n  \"location\":\
        \ \"westus\",\r\n  \"tags\": {},\r\n  \"properties\": {\r\n    \"provisioningState\"\
        : \"Updating\",\r\n    \"resourceGuid\": \"fc954a38-d2f9-490a-adcb-98e90b3018f4\"\
        ,\r\n    \"sku\": {\r\n      \"name\": \"Standard_Medium\",\r\n      \"tier\"\
        : \"Standard\",\r\n      \"capacity\": 2\r\n    },\r\n    \"operationalState\"\
        : \"Stopped\",\r\n    \"gatewayIPConfigurations\": [\r\n      {\r\n      \
        \  \"name\": \"appGatewayFrontendIP\",\r\n        \"id\": \"/subscriptions/00000000-0000-0000-0000-000000000000/resourceGroups/cli_test_ag_no_wait000001/providers/Microsoft.Network/applicationGateways/ag1/gatewayIPConfigurations/appGatewayFrontendIP\"\
        ,\r\n        \"etag\": \"W/\\\"094a6500-e722-4cef-a2f9-ffc4bf3137e4\\\"\"\
        ,\r\n        \"properties\": {\r\n          \"provisioningState\": \"Updating\"\
        ,\r\n          \"subnet\": {\r\n            \"id\": \"/subscriptions/00000000-0000-0000-0000-000000000000/resourceGroups/cli_test_ag_no_wait000001/providers/Microsoft.Network/virtualNetworks/ag1Vnet/subnets/default\"\
        \r\n          }\r\n        }\r\n      }\r\n    ],\r\n    \"sslCertificates\"\
        : [],\r\n    \"authenticationCertificates\": [],\r\n    \"frontendIPConfigurations\"\
        : [\r\n      {\r\n        \"name\": \"appGatewayFrontendIP\",\r\n        \"\
        id\": \"/subscriptions/00000000-0000-0000-0000-000000000000/resourceGroups/cli_test_ag_no_wait000001/providers/Microsoft.Network/applicationGateways/ag1/frontendIPConfigurations/appGatewayFrontendIP\"\
        ,\r\n        \"etag\": \"W/\\\"094a6500-e722-4cef-a2f9-ffc4bf3137e4\\\"\"\
        ,\r\n        \"properties\": {\r\n          \"provisioningState\": \"Updating\"\
        ,\r\n          \"privateIPAllocationMethod\": \"Dynamic\",\r\n          \"\
        subnet\": {\r\n            \"id\": \"/subscriptions/00000000-0000-0000-0000-000000000000/resourceGroups/cli_test_ag_no_wait000001/providers/Microsoft.Network/virtualNetworks/ag1Vnet/subnets/default\"\
        \r\n          },\r\n          \"httpListeners\": [\r\n            {\r\n  \
        \            \"id\": \"/subscriptions/00000000-0000-0000-0000-000000000000/resourceGroups/cli_test_ag_no_wait000001/providers/Microsoft.Network/applicationGateways/ag1/httpListeners/appGatewayHttpListener\"\
        \r\n            }\r\n          ]\r\n        }\r\n      }\r\n    ],\r\n   \
        \ \"frontendPorts\": [\r\n      {\r\n        \"name\": \"appGatewayFrontendPort\"\
        ,\r\n        \"id\": \"/subscriptions/00000000-0000-0000-0000-000000000000/resourceGroups/cli_test_ag_no_wait000001/providers/Microsoft.Network/applicationGateways/ag1/frontendPorts/appGatewayFrontendPort\"\
        ,\r\n        \"etag\": \"W/\\\"094a6500-e722-4cef-a2f9-ffc4bf3137e4\\\"\"\
        ,\r\n        \"properties\": {\r\n          \"provisioningState\": \"Updating\"\
        ,\r\n          \"port\": 80,\r\n          \"httpListeners\": [\r\n       \
        \     {\r\n              \"id\": \"/subscriptions/00000000-0000-0000-0000-000000000000/resourceGroups/cli_test_ag_no_wait000001/providers/Microsoft.Network/applicationGateways/ag1/httpListeners/appGatewayHttpListener\"\
        \r\n            }\r\n          ]\r\n        }\r\n      }\r\n    ],\r\n   \
        \ \"backendAddressPools\": [\r\n      {\r\n        \"name\": \"appGatewayBackendPool\"\
        ,\r\n        \"id\": \"/subscriptions/00000000-0000-0000-0000-000000000000/resourceGroups/cli_test_ag_no_wait000001/providers/Microsoft.Network/applicationGateways/ag1/backendAddressPools/appGatewayBackendPool\"\
        ,\r\n        \"etag\": \"W/\\\"094a6500-e722-4cef-a2f9-ffc4bf3137e4\\\"\"\
        ,\r\n        \"properties\": {\r\n          \"provisioningState\": \"Updating\"\
        ,\r\n          \"backendAddresses\": [],\r\n          \"requestRoutingRules\"\
        : [\r\n            {\r\n              \"id\": \"/subscriptions/00000000-0000-0000-0000-000000000000/resourceGroups/cli_test_ag_no_wait000001/providers/Microsoft.Network/applicationGateways/ag1/requestRoutingRules/rule1\"\
        \r\n            }\r\n          ]\r\n        }\r\n      }\r\n    ],\r\n   \
        \ \"backendHttpSettingsCollection\": [\r\n      {\r\n        \"name\": \"\
        appGatewayBackendHttpSettings\",\r\n        \"id\": \"/subscriptions/00000000-0000-0000-0000-000000000000/resourceGroups/cli_test_ag_no_wait000001/providers/Microsoft.Network/applicationGateways/ag1/backendHttpSettingsCollection/appGatewayBackendHttpSettings\"\
        ,\r\n        \"etag\": \"W/\\\"094a6500-e722-4cef-a2f9-ffc4bf3137e4\\\"\"\
        ,\r\n        \"properties\": {\r\n          \"provisioningState\": \"Updating\"\
        ,\r\n          \"port\": 80,\r\n          \"protocol\": \"Http\",\r\n    \
        \      \"cookieBasedAffinity\": \"Disabled\",\r\n          \"connectionDraining\"\
        : {\r\n            \"enabled\": true,\r\n            \"drainTimeoutInSec\"\
        : 180\r\n          },\r\n          \"pickHostNameFromBackendAddress\": false,\r\
        \n          \"requestTimeout\": 30,\r\n          \"requestRoutingRules\":\
        \ [\r\n            {\r\n              \"id\": \"/subscriptions/00000000-0000-0000-0000-000000000000/resourceGroups/cli_test_ag_no_wait000001/providers/Microsoft.Network/applicationGateways/ag1/requestRoutingRules/rule1\"\
        \r\n            }\r\n          ]\r\n        }\r\n      }\r\n    ],\r\n   \
        \ \"httpListeners\": [\r\n      {\r\n        \"name\": \"appGatewayHttpListener\"\
        ,\r\n        \"id\": \"/subscriptions/00000000-0000-0000-0000-000000000000/resourceGroups/cli_test_ag_no_wait000001/providers/Microsoft.Network/applicationGateways/ag1/httpListeners/appGatewayHttpListener\"\
        ,\r\n        \"etag\": \"W/\\\"094a6500-e722-4cef-a2f9-ffc4bf3137e4\\\"\"\
        ,\r\n        \"properties\": {\r\n          \"provisioningState\": \"Updating\"\
        ,\r\n          \"frontendIPConfiguration\": {\r\n            \"id\": \"/subscriptions/00000000-0000-0000-0000-000000000000/resourceGroups/cli_test_ag_no_wait000001/providers/Microsoft.Network/applicationGateways/ag1/frontendIPConfigurations/appGatewayFrontendIP\"\
        \r\n          },\r\n          \"frontendPort\": {\r\n            \"id\": \"\
        /subscriptions/00000000-0000-0000-0000-000000000000/resourceGroups/cli_test_ag_no_wait000001/providers/Microsoft.Network/applicationGateways/ag1/frontendPorts/appGatewayFrontendPort\"\
        \r\n          },\r\n          \"protocol\": \"Http\",\r\n          \"requireServerNameIndication\"\
        : false,\r\n          \"requestRoutingRules\": [\r\n            {\r\n    \
        \          \"id\": \"/subscriptions/00000000-0000-0000-0000-000000000000/resourceGroups/cli_test_ag_no_wait000001/providers/Microsoft.Network/applicationGateways/ag1/requestRoutingRules/rule1\"\
        \r\n            }\r\n          ]\r\n        }\r\n      }\r\n    ],\r\n   \
        \ \"urlPathMaps\": [],\r\n    \"requestRoutingRules\": [\r\n      {\r\n  \
        \      \"name\": \"rule1\",\r\n        \"id\": \"/subscriptions/00000000-0000-0000-0000-000000000000/resourceGroups/cli_test_ag_no_wait000001/providers/Microsoft.Network/applicationGateways/ag1/requestRoutingRules/rule1\"\
        ,\r\n        \"etag\": \"W/\\\"094a6500-e722-4cef-a2f9-ffc4bf3137e4\\\"\"\
        ,\r\n        \"properties\": {\r\n          \"provisioningState\": \"Updating\"\
        ,\r\n          \"ruleType\": \"Basic\",\r\n          \"httpListener\": {\r\
        \n            \"id\": \"/subscriptions/00000000-0000-0000-0000-000000000000/resourceGroups/cli_test_ag_no_wait000001/providers/Microsoft.Network/applicationGateways/ag1/httpListeners/appGatewayHttpListener\"\
        \r\n          },\r\n          \"backendAddressPool\": {\r\n            \"\
        id\": \"/subscriptions/00000000-0000-0000-0000-000000000000/resourceGroups/cli_test_ag_no_wait000001/providers/Microsoft.Network/applicationGateways/ag1/backendAddressPools/appGatewayBackendPool\"\
        \r\n          },\r\n          \"backendHttpSettings\": {\r\n            \"\
        id\": \"/subscriptions/00000000-0000-0000-0000-000000000000/resourceGroups/cli_test_ag_no_wait000001/providers/Microsoft.Network/applicationGateways/ag1/backendHttpSettingsCollection/appGatewayBackendHttpSettings\"\
        \r\n          }\r\n        }\r\n      }\r\n    ],\r\n    \"probes\": [],\r\
        \n    \"redirectConfigurations\": []\r\n  }\r\n}"}
    headers:
      cache-control: [no-cache]
      content-length: ['8480']
      content-type: [application/json; charset=utf-8]
      date: ['Tue, 03 Apr 2018 23:53:40 GMT']
      etag: [W/"094a6500-e722-4cef-a2f9-ffc4bf3137e4"]
      expires: ['-1']
      pragma: [no-cache]
      server: [Microsoft-HTTPAPI/2.0, Microsoft-HTTPAPI/2.0]
      strict-transport-security: [max-age=31536000; includeSubDomains]
      transfer-encoding: [chunked]
      vary: [Accept-Encoding]
      x-content-type-options: [nosniff]
    status: {code: 200, message: OK}
- request:
    body: null
    headers:
      Accept: [application/json]
      Accept-Encoding: ['gzip, deflate']
      CommandName: [network application-gateway wait]
      Connection: [keep-alive]
      Content-Type: [application/json; charset=utf-8]
      User-Agent: [python/3.6.2 (Windows-10-10.0.16299-SP0) requests/2.18.4 msrest/0.4.27
          msrest_azure/0.4.25 networkmanagementclient/2.0.0rc2 Azure-SDK-For-Python
          AZURECLI/2.0.31]
      accept-language: [en-US]
    method: GET
    uri: https://management.azure.com/subscriptions/00000000-0000-0000-0000-000000000000/resourceGroups/cli_test_ag_no_wait000001/providers/Microsoft.Network/applicationGateways/ag1?api-version=2018-02-01
  response:
    body: {string: "{\r\n  \"name\": \"ag1\",\r\n  \"id\": \"/subscriptions/00000000-0000-0000-0000-000000000000/resourceGroups/cli_test_ag_no_wait000001/providers/Microsoft.Network/applicationGateways/ag1\"\
        ,\r\n  \"etag\": \"W/\\\"094a6500-e722-4cef-a2f9-ffc4bf3137e4\\\"\",\r\n \
        \ \"type\": \"Microsoft.Network/applicationGateways\",\r\n  \"location\":\
        \ \"westus\",\r\n  \"tags\": {},\r\n  \"properties\": {\r\n    \"provisioningState\"\
        : \"Updating\",\r\n    \"resourceGuid\": \"fc954a38-d2f9-490a-adcb-98e90b3018f4\"\
        ,\r\n    \"sku\": {\r\n      \"name\": \"Standard_Medium\",\r\n      \"tier\"\
        : \"Standard\",\r\n      \"capacity\": 2\r\n    },\r\n    \"operationalState\"\
        : \"Stopped\",\r\n    \"gatewayIPConfigurations\": [\r\n      {\r\n      \
        \  \"name\": \"appGatewayFrontendIP\",\r\n        \"id\": \"/subscriptions/00000000-0000-0000-0000-000000000000/resourceGroups/cli_test_ag_no_wait000001/providers/Microsoft.Network/applicationGateways/ag1/gatewayIPConfigurations/appGatewayFrontendIP\"\
        ,\r\n        \"etag\": \"W/\\\"094a6500-e722-4cef-a2f9-ffc4bf3137e4\\\"\"\
        ,\r\n        \"properties\": {\r\n          \"provisioningState\": \"Updating\"\
        ,\r\n          \"subnet\": {\r\n            \"id\": \"/subscriptions/00000000-0000-0000-0000-000000000000/resourceGroups/cli_test_ag_no_wait000001/providers/Microsoft.Network/virtualNetworks/ag1Vnet/subnets/default\"\
        \r\n          }\r\n        }\r\n      }\r\n    ],\r\n    \"sslCertificates\"\
        : [],\r\n    \"authenticationCertificates\": [],\r\n    \"frontendIPConfigurations\"\
        : [\r\n      {\r\n        \"name\": \"appGatewayFrontendIP\",\r\n        \"\
        id\": \"/subscriptions/00000000-0000-0000-0000-000000000000/resourceGroups/cli_test_ag_no_wait000001/providers/Microsoft.Network/applicationGateways/ag1/frontendIPConfigurations/appGatewayFrontendIP\"\
        ,\r\n        \"etag\": \"W/\\\"094a6500-e722-4cef-a2f9-ffc4bf3137e4\\\"\"\
        ,\r\n        \"properties\": {\r\n          \"provisioningState\": \"Updating\"\
        ,\r\n          \"privateIPAllocationMethod\": \"Dynamic\",\r\n          \"\
        subnet\": {\r\n            \"id\": \"/subscriptions/00000000-0000-0000-0000-000000000000/resourceGroups/cli_test_ag_no_wait000001/providers/Microsoft.Network/virtualNetworks/ag1Vnet/subnets/default\"\
        \r\n          },\r\n          \"httpListeners\": [\r\n            {\r\n  \
        \            \"id\": \"/subscriptions/00000000-0000-0000-0000-000000000000/resourceGroups/cli_test_ag_no_wait000001/providers/Microsoft.Network/applicationGateways/ag1/httpListeners/appGatewayHttpListener\"\
        \r\n            }\r\n          ]\r\n        }\r\n      }\r\n    ],\r\n   \
        \ \"frontendPorts\": [\r\n      {\r\n        \"name\": \"appGatewayFrontendPort\"\
        ,\r\n        \"id\": \"/subscriptions/00000000-0000-0000-0000-000000000000/resourceGroups/cli_test_ag_no_wait000001/providers/Microsoft.Network/applicationGateways/ag1/frontendPorts/appGatewayFrontendPort\"\
        ,\r\n        \"etag\": \"W/\\\"094a6500-e722-4cef-a2f9-ffc4bf3137e4\\\"\"\
        ,\r\n        \"properties\": {\r\n          \"provisioningState\": \"Updating\"\
        ,\r\n          \"port\": 80,\r\n          \"httpListeners\": [\r\n       \
        \     {\r\n              \"id\": \"/subscriptions/00000000-0000-0000-0000-000000000000/resourceGroups/cli_test_ag_no_wait000001/providers/Microsoft.Network/applicationGateways/ag1/httpListeners/appGatewayHttpListener\"\
        \r\n            }\r\n          ]\r\n        }\r\n      }\r\n    ],\r\n   \
        \ \"backendAddressPools\": [\r\n      {\r\n        \"name\": \"appGatewayBackendPool\"\
        ,\r\n        \"id\": \"/subscriptions/00000000-0000-0000-0000-000000000000/resourceGroups/cli_test_ag_no_wait000001/providers/Microsoft.Network/applicationGateways/ag1/backendAddressPools/appGatewayBackendPool\"\
        ,\r\n        \"etag\": \"W/\\\"094a6500-e722-4cef-a2f9-ffc4bf3137e4\\\"\"\
        ,\r\n        \"properties\": {\r\n          \"provisioningState\": \"Updating\"\
        ,\r\n          \"backendAddresses\": [],\r\n          \"requestRoutingRules\"\
        : [\r\n            {\r\n              \"id\": \"/subscriptions/00000000-0000-0000-0000-000000000000/resourceGroups/cli_test_ag_no_wait000001/providers/Microsoft.Network/applicationGateways/ag1/requestRoutingRules/rule1\"\
        \r\n            }\r\n          ]\r\n        }\r\n      }\r\n    ],\r\n   \
        \ \"backendHttpSettingsCollection\": [\r\n      {\r\n        \"name\": \"\
        appGatewayBackendHttpSettings\",\r\n        \"id\": \"/subscriptions/00000000-0000-0000-0000-000000000000/resourceGroups/cli_test_ag_no_wait000001/providers/Microsoft.Network/applicationGateways/ag1/backendHttpSettingsCollection/appGatewayBackendHttpSettings\"\
        ,\r\n        \"etag\": \"W/\\\"094a6500-e722-4cef-a2f9-ffc4bf3137e4\\\"\"\
        ,\r\n        \"properties\": {\r\n          \"provisioningState\": \"Updating\"\
        ,\r\n          \"port\": 80,\r\n          \"protocol\": \"Http\",\r\n    \
        \      \"cookieBasedAffinity\": \"Disabled\",\r\n          \"connectionDraining\"\
        : {\r\n            \"enabled\": true,\r\n            \"drainTimeoutInSec\"\
        : 180\r\n          },\r\n          \"pickHostNameFromBackendAddress\": false,\r\
        \n          \"requestTimeout\": 30,\r\n          \"requestRoutingRules\":\
        \ [\r\n            {\r\n              \"id\": \"/subscriptions/00000000-0000-0000-0000-000000000000/resourceGroups/cli_test_ag_no_wait000001/providers/Microsoft.Network/applicationGateways/ag1/requestRoutingRules/rule1\"\
        \r\n            }\r\n          ]\r\n        }\r\n      }\r\n    ],\r\n   \
        \ \"httpListeners\": [\r\n      {\r\n        \"name\": \"appGatewayHttpListener\"\
        ,\r\n        \"id\": \"/subscriptions/00000000-0000-0000-0000-000000000000/resourceGroups/cli_test_ag_no_wait000001/providers/Microsoft.Network/applicationGateways/ag1/httpListeners/appGatewayHttpListener\"\
        ,\r\n        \"etag\": \"W/\\\"094a6500-e722-4cef-a2f9-ffc4bf3137e4\\\"\"\
        ,\r\n        \"properties\": {\r\n          \"provisioningState\": \"Updating\"\
        ,\r\n          \"frontendIPConfiguration\": {\r\n            \"id\": \"/subscriptions/00000000-0000-0000-0000-000000000000/resourceGroups/cli_test_ag_no_wait000001/providers/Microsoft.Network/applicationGateways/ag1/frontendIPConfigurations/appGatewayFrontendIP\"\
        \r\n          },\r\n          \"frontendPort\": {\r\n            \"id\": \"\
        /subscriptions/00000000-0000-0000-0000-000000000000/resourceGroups/cli_test_ag_no_wait000001/providers/Microsoft.Network/applicationGateways/ag1/frontendPorts/appGatewayFrontendPort\"\
        \r\n          },\r\n          \"protocol\": \"Http\",\r\n          \"requireServerNameIndication\"\
        : false,\r\n          \"requestRoutingRules\": [\r\n            {\r\n    \
        \          \"id\": \"/subscriptions/00000000-0000-0000-0000-000000000000/resourceGroups/cli_test_ag_no_wait000001/providers/Microsoft.Network/applicationGateways/ag1/requestRoutingRules/rule1\"\
        \r\n            }\r\n          ]\r\n        }\r\n      }\r\n    ],\r\n   \
        \ \"urlPathMaps\": [],\r\n    \"requestRoutingRules\": [\r\n      {\r\n  \
        \      \"name\": \"rule1\",\r\n        \"id\": \"/subscriptions/00000000-0000-0000-0000-000000000000/resourceGroups/cli_test_ag_no_wait000001/providers/Microsoft.Network/applicationGateways/ag1/requestRoutingRules/rule1\"\
        ,\r\n        \"etag\": \"W/\\\"094a6500-e722-4cef-a2f9-ffc4bf3137e4\\\"\"\
        ,\r\n        \"properties\": {\r\n          \"provisioningState\": \"Updating\"\
        ,\r\n          \"ruleType\": \"Basic\",\r\n          \"httpListener\": {\r\
        \n            \"id\": \"/subscriptions/00000000-0000-0000-0000-000000000000/resourceGroups/cli_test_ag_no_wait000001/providers/Microsoft.Network/applicationGateways/ag1/httpListeners/appGatewayHttpListener\"\
        \r\n          },\r\n          \"backendAddressPool\": {\r\n            \"\
        id\": \"/subscriptions/00000000-0000-0000-0000-000000000000/resourceGroups/cli_test_ag_no_wait000001/providers/Microsoft.Network/applicationGateways/ag1/backendAddressPools/appGatewayBackendPool\"\
        \r\n          },\r\n          \"backendHttpSettings\": {\r\n            \"\
        id\": \"/subscriptions/00000000-0000-0000-0000-000000000000/resourceGroups/cli_test_ag_no_wait000001/providers/Microsoft.Network/applicationGateways/ag1/backendHttpSettingsCollection/appGatewayBackendHttpSettings\"\
        \r\n          }\r\n        }\r\n      }\r\n    ],\r\n    \"probes\": [],\r\
        \n    \"redirectConfigurations\": []\r\n  }\r\n}"}
    headers:
      cache-control: [no-cache]
      content-length: ['8480']
      content-type: [application/json; charset=utf-8]
      date: ['Tue, 03 Apr 2018 23:55:40 GMT']
      etag: [W/"094a6500-e722-4cef-a2f9-ffc4bf3137e4"]
      expires: ['-1']
      pragma: [no-cache]
      server: [Microsoft-HTTPAPI/2.0, Microsoft-HTTPAPI/2.0]
      strict-transport-security: [max-age=31536000; includeSubDomains]
      transfer-encoding: [chunked]
      vary: [Accept-Encoding]
      x-content-type-options: [nosniff]
    status: {code: 200, message: OK}
- request:
    body: null
    headers:
      Accept: [application/json]
      Accept-Encoding: ['gzip, deflate']
      CommandName: [network application-gateway wait]
      Connection: [keep-alive]
      Content-Type: [application/json; charset=utf-8]
      User-Agent: [python/3.6.2 (Windows-10-10.0.16299-SP0) requests/2.18.4 msrest/0.4.27
          msrest_azure/0.4.25 networkmanagementclient/2.0.0rc2 Azure-SDK-For-Python
          AZURECLI/2.0.31]
      accept-language: [en-US]
    method: GET
    uri: https://management.azure.com/subscriptions/00000000-0000-0000-0000-000000000000/resourceGroups/cli_test_ag_no_wait000001/providers/Microsoft.Network/applicationGateways/ag1?api-version=2018-02-01
  response:
    body: {string: "{\r\n  \"name\": \"ag1\",\r\n  \"id\": \"/subscriptions/00000000-0000-0000-0000-000000000000/resourceGroups/cli_test_ag_no_wait000001/providers/Microsoft.Network/applicationGateways/ag1\"\
        ,\r\n  \"etag\": \"W/\\\"094a6500-e722-4cef-a2f9-ffc4bf3137e4\\\"\",\r\n \
        \ \"type\": \"Microsoft.Network/applicationGateways\",\r\n  \"location\":\
        \ \"westus\",\r\n  \"tags\": {},\r\n  \"properties\": {\r\n    \"provisioningState\"\
        : \"Updating\",\r\n    \"resourceGuid\": \"fc954a38-d2f9-490a-adcb-98e90b3018f4\"\
        ,\r\n    \"sku\": {\r\n      \"name\": \"Standard_Medium\",\r\n      \"tier\"\
        : \"Standard\",\r\n      \"capacity\": 2\r\n    },\r\n    \"operationalState\"\
        : \"Stopped\",\r\n    \"gatewayIPConfigurations\": [\r\n      {\r\n      \
        \  \"name\": \"appGatewayFrontendIP\",\r\n        \"id\": \"/subscriptions/00000000-0000-0000-0000-000000000000/resourceGroups/cli_test_ag_no_wait000001/providers/Microsoft.Network/applicationGateways/ag1/gatewayIPConfigurations/appGatewayFrontendIP\"\
        ,\r\n        \"etag\": \"W/\\\"094a6500-e722-4cef-a2f9-ffc4bf3137e4\\\"\"\
        ,\r\n        \"properties\": {\r\n          \"provisioningState\": \"Updating\"\
        ,\r\n          \"subnet\": {\r\n            \"id\": \"/subscriptions/00000000-0000-0000-0000-000000000000/resourceGroups/cli_test_ag_no_wait000001/providers/Microsoft.Network/virtualNetworks/ag1Vnet/subnets/default\"\
        \r\n          }\r\n        }\r\n      }\r\n    ],\r\n    \"sslCertificates\"\
        : [],\r\n    \"authenticationCertificates\": [],\r\n    \"frontendIPConfigurations\"\
        : [\r\n      {\r\n        \"name\": \"appGatewayFrontendIP\",\r\n        \"\
        id\": \"/subscriptions/00000000-0000-0000-0000-000000000000/resourceGroups/cli_test_ag_no_wait000001/providers/Microsoft.Network/applicationGateways/ag1/frontendIPConfigurations/appGatewayFrontendIP\"\
        ,\r\n        \"etag\": \"W/\\\"094a6500-e722-4cef-a2f9-ffc4bf3137e4\\\"\"\
        ,\r\n        \"properties\": {\r\n          \"provisioningState\": \"Updating\"\
        ,\r\n          \"privateIPAllocationMethod\": \"Dynamic\",\r\n          \"\
        subnet\": {\r\n            \"id\": \"/subscriptions/00000000-0000-0000-0000-000000000000/resourceGroups/cli_test_ag_no_wait000001/providers/Microsoft.Network/virtualNetworks/ag1Vnet/subnets/default\"\
        \r\n          },\r\n          \"httpListeners\": [\r\n            {\r\n  \
        \            \"id\": \"/subscriptions/00000000-0000-0000-0000-000000000000/resourceGroups/cli_test_ag_no_wait000001/providers/Microsoft.Network/applicationGateways/ag1/httpListeners/appGatewayHttpListener\"\
        \r\n            }\r\n          ]\r\n        }\r\n      }\r\n    ],\r\n   \
        \ \"frontendPorts\": [\r\n      {\r\n        \"name\": \"appGatewayFrontendPort\"\
        ,\r\n        \"id\": \"/subscriptions/00000000-0000-0000-0000-000000000000/resourceGroups/cli_test_ag_no_wait000001/providers/Microsoft.Network/applicationGateways/ag1/frontendPorts/appGatewayFrontendPort\"\
        ,\r\n        \"etag\": \"W/\\\"094a6500-e722-4cef-a2f9-ffc4bf3137e4\\\"\"\
        ,\r\n        \"properties\": {\r\n          \"provisioningState\": \"Updating\"\
        ,\r\n          \"port\": 80,\r\n          \"httpListeners\": [\r\n       \
        \     {\r\n              \"id\": \"/subscriptions/00000000-0000-0000-0000-000000000000/resourceGroups/cli_test_ag_no_wait000001/providers/Microsoft.Network/applicationGateways/ag1/httpListeners/appGatewayHttpListener\"\
        \r\n            }\r\n          ]\r\n        }\r\n      }\r\n    ],\r\n   \
        \ \"backendAddressPools\": [\r\n      {\r\n        \"name\": \"appGatewayBackendPool\"\
        ,\r\n        \"id\": \"/subscriptions/00000000-0000-0000-0000-000000000000/resourceGroups/cli_test_ag_no_wait000001/providers/Microsoft.Network/applicationGateways/ag1/backendAddressPools/appGatewayBackendPool\"\
        ,\r\n        \"etag\": \"W/\\\"094a6500-e722-4cef-a2f9-ffc4bf3137e4\\\"\"\
        ,\r\n        \"properties\": {\r\n          \"provisioningState\": \"Updating\"\
        ,\r\n          \"backendAddresses\": [],\r\n          \"requestRoutingRules\"\
        : [\r\n            {\r\n              \"id\": \"/subscriptions/00000000-0000-0000-0000-000000000000/resourceGroups/cli_test_ag_no_wait000001/providers/Microsoft.Network/applicationGateways/ag1/requestRoutingRules/rule1\"\
        \r\n            }\r\n          ]\r\n        }\r\n      }\r\n    ],\r\n   \
        \ \"backendHttpSettingsCollection\": [\r\n      {\r\n        \"name\": \"\
        appGatewayBackendHttpSettings\",\r\n        \"id\": \"/subscriptions/00000000-0000-0000-0000-000000000000/resourceGroups/cli_test_ag_no_wait000001/providers/Microsoft.Network/applicationGateways/ag1/backendHttpSettingsCollection/appGatewayBackendHttpSettings\"\
        ,\r\n        \"etag\": \"W/\\\"094a6500-e722-4cef-a2f9-ffc4bf3137e4\\\"\"\
        ,\r\n        \"properties\": {\r\n          \"provisioningState\": \"Updating\"\
        ,\r\n          \"port\": 80,\r\n          \"protocol\": \"Http\",\r\n    \
        \      \"cookieBasedAffinity\": \"Disabled\",\r\n          \"connectionDraining\"\
        : {\r\n            \"enabled\": true,\r\n            \"drainTimeoutInSec\"\
        : 180\r\n          },\r\n          \"pickHostNameFromBackendAddress\": false,\r\
        \n          \"requestTimeout\": 30,\r\n          \"requestRoutingRules\":\
        \ [\r\n            {\r\n              \"id\": \"/subscriptions/00000000-0000-0000-0000-000000000000/resourceGroups/cli_test_ag_no_wait000001/providers/Microsoft.Network/applicationGateways/ag1/requestRoutingRules/rule1\"\
        \r\n            }\r\n          ]\r\n        }\r\n      }\r\n    ],\r\n   \
        \ \"httpListeners\": [\r\n      {\r\n        \"name\": \"appGatewayHttpListener\"\
        ,\r\n        \"id\": \"/subscriptions/00000000-0000-0000-0000-000000000000/resourceGroups/cli_test_ag_no_wait000001/providers/Microsoft.Network/applicationGateways/ag1/httpListeners/appGatewayHttpListener\"\
        ,\r\n        \"etag\": \"W/\\\"094a6500-e722-4cef-a2f9-ffc4bf3137e4\\\"\"\
        ,\r\n        \"properties\": {\r\n          \"provisioningState\": \"Updating\"\
        ,\r\n          \"frontendIPConfiguration\": {\r\n            \"id\": \"/subscriptions/00000000-0000-0000-0000-000000000000/resourceGroups/cli_test_ag_no_wait000001/providers/Microsoft.Network/applicationGateways/ag1/frontendIPConfigurations/appGatewayFrontendIP\"\
        \r\n          },\r\n          \"frontendPort\": {\r\n            \"id\": \"\
        /subscriptions/00000000-0000-0000-0000-000000000000/resourceGroups/cli_test_ag_no_wait000001/providers/Microsoft.Network/applicationGateways/ag1/frontendPorts/appGatewayFrontendPort\"\
        \r\n          },\r\n          \"protocol\": \"Http\",\r\n          \"requireServerNameIndication\"\
        : false,\r\n          \"requestRoutingRules\": [\r\n            {\r\n    \
        \          \"id\": \"/subscriptions/00000000-0000-0000-0000-000000000000/resourceGroups/cli_test_ag_no_wait000001/providers/Microsoft.Network/applicationGateways/ag1/requestRoutingRules/rule1\"\
        \r\n            }\r\n          ]\r\n        }\r\n      }\r\n    ],\r\n   \
        \ \"urlPathMaps\": [],\r\n    \"requestRoutingRules\": [\r\n      {\r\n  \
        \      \"name\": \"rule1\",\r\n        \"id\": \"/subscriptions/00000000-0000-0000-0000-000000000000/resourceGroups/cli_test_ag_no_wait000001/providers/Microsoft.Network/applicationGateways/ag1/requestRoutingRules/rule1\"\
        ,\r\n        \"etag\": \"W/\\\"094a6500-e722-4cef-a2f9-ffc4bf3137e4\\\"\"\
        ,\r\n        \"properties\": {\r\n          \"provisioningState\": \"Updating\"\
        ,\r\n          \"ruleType\": \"Basic\",\r\n          \"httpListener\": {\r\
        \n            \"id\": \"/subscriptions/00000000-0000-0000-0000-000000000000/resourceGroups/cli_test_ag_no_wait000001/providers/Microsoft.Network/applicationGateways/ag1/httpListeners/appGatewayHttpListener\"\
        \r\n          },\r\n          \"backendAddressPool\": {\r\n            \"\
        id\": \"/subscriptions/00000000-0000-0000-0000-000000000000/resourceGroups/cli_test_ag_no_wait000001/providers/Microsoft.Network/applicationGateways/ag1/backendAddressPools/appGatewayBackendPool\"\
        \r\n          },\r\n          \"backendHttpSettings\": {\r\n            \"\
        id\": \"/subscriptions/00000000-0000-0000-0000-000000000000/resourceGroups/cli_test_ag_no_wait000001/providers/Microsoft.Network/applicationGateways/ag1/backendHttpSettingsCollection/appGatewayBackendHttpSettings\"\
        \r\n          }\r\n        }\r\n      }\r\n    ],\r\n    \"probes\": [],\r\
        \n    \"redirectConfigurations\": []\r\n  }\r\n}"}
    headers:
      cache-control: [no-cache]
      content-length: ['8480']
      content-type: [application/json; charset=utf-8]
      date: ['Tue, 03 Apr 2018 23:57:40 GMT']
      etag: [W/"094a6500-e722-4cef-a2f9-ffc4bf3137e4"]
      expires: ['-1']
      pragma: [no-cache]
      server: [Microsoft-HTTPAPI/2.0, Microsoft-HTTPAPI/2.0]
      strict-transport-security: [max-age=31536000; includeSubDomains]
      transfer-encoding: [chunked]
      vary: [Accept-Encoding]
      x-content-type-options: [nosniff]
    status: {code: 200, message: OK}
- request:
    body: null
    headers:
      Accept: [application/json]
      Accept-Encoding: ['gzip, deflate']
      CommandName: [network application-gateway wait]
      Connection: [keep-alive]
      Content-Type: [application/json; charset=utf-8]
      User-Agent: [python/3.6.2 (Windows-10-10.0.16299-SP0) requests/2.18.4 msrest/0.4.27
          msrest_azure/0.4.25 networkmanagementclient/2.0.0rc2 Azure-SDK-For-Python
          AZURECLI/2.0.31]
      accept-language: [en-US]
    method: GET
    uri: https://management.azure.com/subscriptions/00000000-0000-0000-0000-000000000000/resourceGroups/cli_test_ag_no_wait000001/providers/Microsoft.Network/applicationGateways/ag1?api-version=2018-02-01
  response:
    body: {string: "{\r\n  \"name\": \"ag1\",\r\n  \"id\": \"/subscriptions/00000000-0000-0000-0000-000000000000/resourceGroups/cli_test_ag_no_wait000001/providers/Microsoft.Network/applicationGateways/ag1\"\
        ,\r\n  \"etag\": \"W/\\\"9f2191b7-7b9f-40b4-a472-bcb9acde3c98\\\"\",\r\n \
        \ \"type\": \"Microsoft.Network/applicationGateways\",\r\n  \"location\":\
        \ \"westus\",\r\n  \"tags\": {},\r\n  \"properties\": {\r\n    \"provisioningState\"\
        : \"Succeeded\",\r\n    \"resourceGuid\": \"fc954a38-d2f9-490a-adcb-98e90b3018f4\"\
        ,\r\n    \"sku\": {\r\n      \"name\": \"Standard_Medium\",\r\n      \"tier\"\
        : \"Standard\",\r\n      \"capacity\": 2\r\n    },\r\n    \"operationalState\"\
        : \"Running\",\r\n    \"gatewayIPConfigurations\": [\r\n      {\r\n      \
        \  \"name\": \"appGatewayFrontendIP\",\r\n        \"id\": \"/subscriptions/00000000-0000-0000-0000-000000000000/resourceGroups/cli_test_ag_no_wait000001/providers/Microsoft.Network/applicationGateways/ag1/gatewayIPConfigurations/appGatewayFrontendIP\"\
        ,\r\n        \"etag\": \"W/\\\"9f2191b7-7b9f-40b4-a472-bcb9acde3c98\\\"\"\
        ,\r\n        \"properties\": {\r\n          \"provisioningState\": \"Succeeded\"\
        ,\r\n          \"subnet\": {\r\n            \"id\": \"/subscriptions/00000000-0000-0000-0000-000000000000/resourceGroups/cli_test_ag_no_wait000001/providers/Microsoft.Network/virtualNetworks/ag1Vnet/subnets/default\"\
        \r\n          }\r\n        }\r\n      }\r\n    ],\r\n    \"sslCertificates\"\
        : [],\r\n    \"authenticationCertificates\": [],\r\n    \"frontendIPConfigurations\"\
        : [\r\n      {\r\n        \"name\": \"appGatewayFrontendIP\",\r\n        \"\
        id\": \"/subscriptions/00000000-0000-0000-0000-000000000000/resourceGroups/cli_test_ag_no_wait000001/providers/Microsoft.Network/applicationGateways/ag1/frontendIPConfigurations/appGatewayFrontendIP\"\
        ,\r\n        \"etag\": \"W/\\\"9f2191b7-7b9f-40b4-a472-bcb9acde3c98\\\"\"\
        ,\r\n        \"properties\": {\r\n          \"provisioningState\": \"Succeeded\"\
        ,\r\n          \"privateIPAllocationMethod\": \"Dynamic\",\r\n          \"\
        subnet\": {\r\n            \"id\": \"/subscriptions/00000000-0000-0000-0000-000000000000/resourceGroups/cli_test_ag_no_wait000001/providers/Microsoft.Network/virtualNetworks/ag1Vnet/subnets/default\"\
        \r\n          },\r\n          \"httpListeners\": [\r\n            {\r\n  \
        \            \"id\": \"/subscriptions/00000000-0000-0000-0000-000000000000/resourceGroups/cli_test_ag_no_wait000001/providers/Microsoft.Network/applicationGateways/ag1/httpListeners/appGatewayHttpListener\"\
        \r\n            }\r\n          ]\r\n        }\r\n      }\r\n    ],\r\n   \
        \ \"frontendPorts\": [\r\n      {\r\n        \"name\": \"appGatewayFrontendPort\"\
        ,\r\n        \"id\": \"/subscriptions/00000000-0000-0000-0000-000000000000/resourceGroups/cli_test_ag_no_wait000001/providers/Microsoft.Network/applicationGateways/ag1/frontendPorts/appGatewayFrontendPort\"\
        ,\r\n        \"etag\": \"W/\\\"9f2191b7-7b9f-40b4-a472-bcb9acde3c98\\\"\"\
        ,\r\n        \"properties\": {\r\n          \"provisioningState\": \"Succeeded\"\
        ,\r\n          \"port\": 80,\r\n          \"httpListeners\": [\r\n       \
        \     {\r\n              \"id\": \"/subscriptions/00000000-0000-0000-0000-000000000000/resourceGroups/cli_test_ag_no_wait000001/providers/Microsoft.Network/applicationGateways/ag1/httpListeners/appGatewayHttpListener\"\
        \r\n            }\r\n          ]\r\n        }\r\n      }\r\n    ],\r\n   \
        \ \"backendAddressPools\": [\r\n      {\r\n        \"name\": \"appGatewayBackendPool\"\
        ,\r\n        \"id\": \"/subscriptions/00000000-0000-0000-0000-000000000000/resourceGroups/cli_test_ag_no_wait000001/providers/Microsoft.Network/applicationGateways/ag1/backendAddressPools/appGatewayBackendPool\"\
        ,\r\n        \"etag\": \"W/\\\"9f2191b7-7b9f-40b4-a472-bcb9acde3c98\\\"\"\
        ,\r\n        \"properties\": {\r\n          \"provisioningState\": \"Succeeded\"\
        ,\r\n          \"backendAddresses\": [],\r\n          \"requestRoutingRules\"\
        : [\r\n            {\r\n              \"id\": \"/subscriptions/00000000-0000-0000-0000-000000000000/resourceGroups/cli_test_ag_no_wait000001/providers/Microsoft.Network/applicationGateways/ag1/requestRoutingRules/rule1\"\
        \r\n            }\r\n          ]\r\n        }\r\n      }\r\n    ],\r\n   \
        \ \"backendHttpSettingsCollection\": [\r\n      {\r\n        \"name\": \"\
        appGatewayBackendHttpSettings\",\r\n        \"id\": \"/subscriptions/00000000-0000-0000-0000-000000000000/resourceGroups/cli_test_ag_no_wait000001/providers/Microsoft.Network/applicationGateways/ag1/backendHttpSettingsCollection/appGatewayBackendHttpSettings\"\
        ,\r\n        \"etag\": \"W/\\\"9f2191b7-7b9f-40b4-a472-bcb9acde3c98\\\"\"\
        ,\r\n        \"properties\": {\r\n          \"provisioningState\": \"Succeeded\"\
        ,\r\n          \"port\": 80,\r\n          \"protocol\": \"Http\",\r\n    \
        \      \"cookieBasedAffinity\": \"Disabled\",\r\n          \"connectionDraining\"\
        : {\r\n            \"enabled\": true,\r\n            \"drainTimeoutInSec\"\
        : 180\r\n          },\r\n          \"pickHostNameFromBackendAddress\": false,\r\
        \n          \"requestTimeout\": 30,\r\n          \"requestRoutingRules\":\
        \ [\r\n            {\r\n              \"id\": \"/subscriptions/00000000-0000-0000-0000-000000000000/resourceGroups/cli_test_ag_no_wait000001/providers/Microsoft.Network/applicationGateways/ag1/requestRoutingRules/rule1\"\
        \r\n            }\r\n          ]\r\n        }\r\n      }\r\n    ],\r\n   \
        \ \"httpListeners\": [\r\n      {\r\n        \"name\": \"appGatewayHttpListener\"\
        ,\r\n        \"id\": \"/subscriptions/00000000-0000-0000-0000-000000000000/resourceGroups/cli_test_ag_no_wait000001/providers/Microsoft.Network/applicationGateways/ag1/httpListeners/appGatewayHttpListener\"\
        ,\r\n        \"etag\": \"W/\\\"9f2191b7-7b9f-40b4-a472-bcb9acde3c98\\\"\"\
        ,\r\n        \"properties\": {\r\n          \"provisioningState\": \"Succeeded\"\
        ,\r\n          \"frontendIPConfiguration\": {\r\n            \"id\": \"/subscriptions/00000000-0000-0000-0000-000000000000/resourceGroups/cli_test_ag_no_wait000001/providers/Microsoft.Network/applicationGateways/ag1/frontendIPConfigurations/appGatewayFrontendIP\"\
        \r\n          },\r\n          \"frontendPort\": {\r\n            \"id\": \"\
        /subscriptions/00000000-0000-0000-0000-000000000000/resourceGroups/cli_test_ag_no_wait000001/providers/Microsoft.Network/applicationGateways/ag1/frontendPorts/appGatewayFrontendPort\"\
        \r\n          },\r\n          \"protocol\": \"Http\",\r\n          \"requireServerNameIndication\"\
        : false,\r\n          \"requestRoutingRules\": [\r\n            {\r\n    \
        \          \"id\": \"/subscriptions/00000000-0000-0000-0000-000000000000/resourceGroups/cli_test_ag_no_wait000001/providers/Microsoft.Network/applicationGateways/ag1/requestRoutingRules/rule1\"\
        \r\n            }\r\n          ]\r\n        }\r\n      }\r\n    ],\r\n   \
        \ \"urlPathMaps\": [],\r\n    \"requestRoutingRules\": [\r\n      {\r\n  \
        \      \"name\": \"rule1\",\r\n        \"id\": \"/subscriptions/00000000-0000-0000-0000-000000000000/resourceGroups/cli_test_ag_no_wait000001/providers/Microsoft.Network/applicationGateways/ag1/requestRoutingRules/rule1\"\
        ,\r\n        \"etag\": \"W/\\\"9f2191b7-7b9f-40b4-a472-bcb9acde3c98\\\"\"\
        ,\r\n        \"properties\": {\r\n          \"provisioningState\": \"Succeeded\"\
        ,\r\n          \"ruleType\": \"Basic\",\r\n          \"httpListener\": {\r\
        \n            \"id\": \"/subscriptions/00000000-0000-0000-0000-000000000000/resourceGroups/cli_test_ag_no_wait000001/providers/Microsoft.Network/applicationGateways/ag1/httpListeners/appGatewayHttpListener\"\
        \r\n          },\r\n          \"backendAddressPool\": {\r\n            \"\
        id\": \"/subscriptions/00000000-0000-0000-0000-000000000000/resourceGroups/cli_test_ag_no_wait000001/providers/Microsoft.Network/applicationGateways/ag1/backendAddressPools/appGatewayBackendPool\"\
        \r\n          },\r\n          \"backendHttpSettings\": {\r\n            \"\
        id\": \"/subscriptions/00000000-0000-0000-0000-000000000000/resourceGroups/cli_test_ag_no_wait000001/providers/Microsoft.Network/applicationGateways/ag1/backendHttpSettingsCollection/appGatewayBackendHttpSettings\"\
        \r\n          }\r\n        }\r\n      }\r\n    ],\r\n    \"probes\": [],\r\
        \n    \"redirectConfigurations\": []\r\n  }\r\n}"}
    headers:
      cache-control: [no-cache]
      content-length: ['8488']
      content-type: [application/json; charset=utf-8]
      date: ['Tue, 03 Apr 2018 23:59:41 GMT']
      etag: [W/"9f2191b7-7b9f-40b4-a472-bcb9acde3c98"]
      expires: ['-1']
      pragma: [no-cache]
      server: [Microsoft-HTTPAPI/2.0, Microsoft-HTTPAPI/2.0]
      strict-transport-security: [max-age=31536000; includeSubDomains]
      transfer-encoding: [chunked]
      vary: [Accept-Encoding]
      x-content-type-options: [nosniff]
    status: {code: 200, message: OK}
- request:
    body: null
    headers:
      Accept: [application/json]
      Accept-Encoding: ['gzip, deflate']
      CommandName: [network application-gateway wait]
      Connection: [keep-alive]
      Content-Type: [application/json; charset=utf-8]
      User-Agent: [python/3.6.2 (Windows-10-10.0.16299-SP0) requests/2.18.4 msrest/0.4.27
          msrest_azure/0.4.25 networkmanagementclient/2.0.0rc2 Azure-SDK-For-Python
          AZURECLI/2.0.31]
      accept-language: [en-US]
    method: GET
    uri: https://management.azure.com/subscriptions/00000000-0000-0000-0000-000000000000/resourceGroups/cli_test_ag_no_wait000001/providers/Microsoft.Network/applicationGateways/ag2?api-version=2018-02-01
  response:
    body: {string: "{\r\n  \"name\": \"ag2\",\r\n  \"id\": \"/subscriptions/00000000-0000-0000-0000-000000000000/resourceGroups/cli_test_ag_no_wait000001/providers/Microsoft.Network/applicationGateways/ag2\"\
        ,\r\n  \"etag\": \"W/\\\"b86a4fe0-a5b1-4853-b00e-7148f4f38453\\\"\",\r\n \
        \ \"type\": \"Microsoft.Network/applicationGateways\",\r\n  \"location\":\
        \ \"westus\",\r\n  \"tags\": {\r\n    \"a\": \"b\",\r\n    \"c\": \"d\"\r\n\
        \  },\r\n  \"properties\": {\r\n    \"provisioningState\": \"Succeeded\",\r\
        \n    \"resourceGuid\": \"9b1f440b-9530-40d2-a9eb-9c3e8123a3e8\",\r\n    \"\
        sku\": {\r\n      \"name\": \"Standard_Medium\",\r\n      \"tier\": \"Standard\"\
        ,\r\n      \"capacity\": 2\r\n    },\r\n    \"operationalState\": \"Running\"\
        ,\r\n    \"gatewayIPConfigurations\": [\r\n      {\r\n        \"name\": \"\
        appGatewayFrontendIP\",\r\n        \"id\": \"/subscriptions/00000000-0000-0000-0000-000000000000/resourceGroups/cli_test_ag_no_wait000001/providers/Microsoft.Network/applicationGateways/ag2/gatewayIPConfigurations/appGatewayFrontendIP\"\
        ,\r\n        \"etag\": \"W/\\\"b86a4fe0-a5b1-4853-b00e-7148f4f38453\\\"\"\
        ,\r\n        \"properties\": {\r\n          \"provisioningState\": \"Succeeded\"\
        ,\r\n          \"subnet\": {\r\n            \"id\": \"/subscriptions/00000000-0000-0000-0000-000000000000/resourceGroups/cli_test_ag_no_wait000001/providers/Microsoft.Network/virtualNetworks/ag2Vnet/subnets/default\"\
        \r\n          }\r\n        }\r\n      }\r\n    ],\r\n    \"sslCertificates\"\
        : [],\r\n    \"authenticationCertificates\": [],\r\n    \"frontendIPConfigurations\"\
        : [\r\n      {\r\n        \"name\": \"appGatewayFrontendIP\",\r\n        \"\
        id\": \"/subscriptions/00000000-0000-0000-0000-000000000000/resourceGroups/cli_test_ag_no_wait000001/providers/Microsoft.Network/applicationGateways/ag2/frontendIPConfigurations/appGatewayFrontendIP\"\
        ,\r\n        \"etag\": \"W/\\\"b86a4fe0-a5b1-4853-b00e-7148f4f38453\\\"\"\
        ,\r\n        \"properties\": {\r\n          \"provisioningState\": \"Succeeded\"\
        ,\r\n          \"privateIPAllocationMethod\": \"Dynamic\",\r\n          \"\
        subnet\": {\r\n            \"id\": \"/subscriptions/00000000-0000-0000-0000-000000000000/resourceGroups/cli_test_ag_no_wait000001/providers/Microsoft.Network/virtualNetworks/ag2Vnet/subnets/default\"\
        \r\n          },\r\n          \"httpListeners\": [\r\n            {\r\n  \
        \            \"id\": \"/subscriptions/00000000-0000-0000-0000-000000000000/resourceGroups/cli_test_ag_no_wait000001/providers/Microsoft.Network/applicationGateways/ag2/httpListeners/appGatewayHttpListener\"\
        \r\n            }\r\n          ]\r\n        }\r\n      }\r\n    ],\r\n   \
        \ \"frontendPorts\": [\r\n      {\r\n        \"name\": \"appGatewayFrontendPort\"\
        ,\r\n        \"id\": \"/subscriptions/00000000-0000-0000-0000-000000000000/resourceGroups/cli_test_ag_no_wait000001/providers/Microsoft.Network/applicationGateways/ag2/frontendPorts/appGatewayFrontendPort\"\
        ,\r\n        \"etag\": \"W/\\\"b86a4fe0-a5b1-4853-b00e-7148f4f38453\\\"\"\
        ,\r\n        \"properties\": {\r\n          \"provisioningState\": \"Succeeded\"\
        ,\r\n          \"port\": 80,\r\n          \"httpListeners\": [\r\n       \
        \     {\r\n              \"id\": \"/subscriptions/00000000-0000-0000-0000-000000000000/resourceGroups/cli_test_ag_no_wait000001/providers/Microsoft.Network/applicationGateways/ag2/httpListeners/appGatewayHttpListener\"\
        \r\n            }\r\n          ]\r\n        }\r\n      }\r\n    ],\r\n   \
        \ \"backendAddressPools\": [\r\n      {\r\n        \"name\": \"appGatewayBackendPool\"\
        ,\r\n        \"id\": \"/subscriptions/00000000-0000-0000-0000-000000000000/resourceGroups/cli_test_ag_no_wait000001/providers/Microsoft.Network/applicationGateways/ag2/backendAddressPools/appGatewayBackendPool\"\
        ,\r\n        \"etag\": \"W/\\\"b86a4fe0-a5b1-4853-b00e-7148f4f38453\\\"\"\
        ,\r\n        \"properties\": {\r\n          \"provisioningState\": \"Succeeded\"\
        ,\r\n          \"backendAddresses\": [],\r\n          \"requestRoutingRules\"\
        : [\r\n            {\r\n              \"id\": \"/subscriptions/00000000-0000-0000-0000-000000000000/resourceGroups/cli_test_ag_no_wait000001/providers/Microsoft.Network/applicationGateways/ag2/requestRoutingRules/rule1\"\
        \r\n            }\r\n          ]\r\n        }\r\n      }\r\n    ],\r\n   \
        \ \"backendHttpSettingsCollection\": [\r\n      {\r\n        \"name\": \"\
        appGatewayBackendHttpSettings\",\r\n        \"id\": \"/subscriptions/00000000-0000-0000-0000-000000000000/resourceGroups/cli_test_ag_no_wait000001/providers/Microsoft.Network/applicationGateways/ag2/backendHttpSettingsCollection/appGatewayBackendHttpSettings\"\
        ,\r\n        \"etag\": \"W/\\\"b86a4fe0-a5b1-4853-b00e-7148f4f38453\\\"\"\
        ,\r\n        \"properties\": {\r\n          \"provisioningState\": \"Succeeded\"\
        ,\r\n          \"port\": 80,\r\n          \"protocol\": \"Http\",\r\n    \
        \      \"cookieBasedAffinity\": \"Disabled\",\r\n          \"connectionDraining\"\
        : {\r\n            \"enabled\": false,\r\n            \"drainTimeoutInSec\"\
        : 1\r\n          },\r\n          \"pickHostNameFromBackendAddress\": false,\r\
        \n          \"requestTimeout\": 30,\r\n          \"requestRoutingRules\":\
        \ [\r\n            {\r\n              \"id\": \"/subscriptions/00000000-0000-0000-0000-000000000000/resourceGroups/cli_test_ag_no_wait000001/providers/Microsoft.Network/applicationGateways/ag2/requestRoutingRules/rule1\"\
        \r\n            }\r\n          ]\r\n        }\r\n      }\r\n    ],\r\n   \
        \ \"httpListeners\": [\r\n      {\r\n        \"name\": \"appGatewayHttpListener\"\
        ,\r\n        \"id\": \"/subscriptions/00000000-0000-0000-0000-000000000000/resourceGroups/cli_test_ag_no_wait000001/providers/Microsoft.Network/applicationGateways/ag2/httpListeners/appGatewayHttpListener\"\
        ,\r\n        \"etag\": \"W/\\\"b86a4fe0-a5b1-4853-b00e-7148f4f38453\\\"\"\
        ,\r\n        \"properties\": {\r\n          \"provisioningState\": \"Succeeded\"\
        ,\r\n          \"frontendIPConfiguration\": {\r\n            \"id\": \"/subscriptions/00000000-0000-0000-0000-000000000000/resourceGroups/cli_test_ag_no_wait000001/providers/Microsoft.Network/applicationGateways/ag2/frontendIPConfigurations/appGatewayFrontendIP\"\
        \r\n          },\r\n          \"frontendPort\": {\r\n            \"id\": \"\
        /subscriptions/00000000-0000-0000-0000-000000000000/resourceGroups/cli_test_ag_no_wait000001/providers/Microsoft.Network/applicationGateways/ag2/frontendPorts/appGatewayFrontendPort\"\
        \r\n          },\r\n          \"protocol\": \"Http\",\r\n          \"requireServerNameIndication\"\
        : false,\r\n          \"requestRoutingRules\": [\r\n            {\r\n    \
        \          \"id\": \"/subscriptions/00000000-0000-0000-0000-000000000000/resourceGroups/cli_test_ag_no_wait000001/providers/Microsoft.Network/applicationGateways/ag2/requestRoutingRules/rule1\"\
        \r\n            }\r\n          ]\r\n        }\r\n      }\r\n    ],\r\n   \
        \ \"urlPathMaps\": [],\r\n    \"requestRoutingRules\": [\r\n      {\r\n  \
        \      \"name\": \"rule1\",\r\n        \"id\": \"/subscriptions/00000000-0000-0000-0000-000000000000/resourceGroups/cli_test_ag_no_wait000001/providers/Microsoft.Network/applicationGateways/ag2/requestRoutingRules/rule1\"\
        ,\r\n        \"etag\": \"W/\\\"b86a4fe0-a5b1-4853-b00e-7148f4f38453\\\"\"\
        ,\r\n        \"properties\": {\r\n          \"provisioningState\": \"Succeeded\"\
        ,\r\n          \"ruleType\": \"Basic\",\r\n          \"httpListener\": {\r\
        \n            \"id\": \"/subscriptions/00000000-0000-0000-0000-000000000000/resourceGroups/cli_test_ag_no_wait000001/providers/Microsoft.Network/applicationGateways/ag2/httpListeners/appGatewayHttpListener\"\
        \r\n          },\r\n          \"backendAddressPool\": {\r\n            \"\
        id\": \"/subscriptions/00000000-0000-0000-0000-000000000000/resourceGroups/cli_test_ag_no_wait000001/providers/Microsoft.Network/applicationGateways/ag2/backendAddressPools/appGatewayBackendPool\"\
        \r\n          },\r\n          \"backendHttpSettings\": {\r\n            \"\
        id\": \"/subscriptions/00000000-0000-0000-0000-000000000000/resourceGroups/cli_test_ag_no_wait000001/providers/Microsoft.Network/applicationGateways/ag2/backendHttpSettingsCollection/appGatewayBackendHttpSettings\"\
        \r\n          }\r\n        }\r\n      }\r\n    ],\r\n    \"probes\": [],\r\
        \n    \"redirectConfigurations\": []\r\n  }\r\n}"}
    headers:
      cache-control: [no-cache]
      content-length: ['8520']
      content-type: [application/json; charset=utf-8]
      date: ['Tue, 03 Apr 2018 23:59:42 GMT']
      etag: [W/"b86a4fe0-a5b1-4853-b00e-7148f4f38453"]
      expires: ['-1']
      pragma: [no-cache]
      server: [Microsoft-HTTPAPI/2.0, Microsoft-HTTPAPI/2.0]
      strict-transport-security: [max-age=31536000; includeSubDomains]
      transfer-encoding: [chunked]
      vary: [Accept-Encoding]
      x-content-type-options: [nosniff]
    status: {code: 200, message: OK}
- request:
    body: null
    headers:
      Accept: [application/json]
      Accept-Encoding: ['gzip, deflate']
      CommandName: [network application-gateway show]
      Connection: [keep-alive]
      Content-Type: [application/json; charset=utf-8]
      User-Agent: [python/3.6.2 (Windows-10-10.0.16299-SP0) requests/2.18.4 msrest/0.4.27
          msrest_azure/0.4.25 networkmanagementclient/2.0.0rc2 Azure-SDK-For-Python
          AZURECLI/2.0.31]
      accept-language: [en-US]
    method: GET
    uri: https://management.azure.com/subscriptions/00000000-0000-0000-0000-000000000000/resourceGroups/cli_test_ag_no_wait000001/providers/Microsoft.Network/applicationGateways/ag1?api-version=2018-02-01
  response:
    body: {string: "{\r\n  \"name\": \"ag1\",\r\n  \"id\": \"/subscriptions/00000000-0000-0000-0000-000000000000/resourceGroups/cli_test_ag_no_wait000001/providers/Microsoft.Network/applicationGateways/ag1\"\
        ,\r\n  \"etag\": \"W/\\\"9f2191b7-7b9f-40b4-a472-bcb9acde3c98\\\"\",\r\n \
        \ \"type\": \"Microsoft.Network/applicationGateways\",\r\n  \"location\":\
        \ \"westus\",\r\n  \"tags\": {},\r\n  \"properties\": {\r\n    \"provisioningState\"\
        : \"Succeeded\",\r\n    \"resourceGuid\": \"fc954a38-d2f9-490a-adcb-98e90b3018f4\"\
        ,\r\n    \"sku\": {\r\n      \"name\": \"Standard_Medium\",\r\n      \"tier\"\
        : \"Standard\",\r\n      \"capacity\": 2\r\n    },\r\n    \"operationalState\"\
        : \"Running\",\r\n    \"gatewayIPConfigurations\": [\r\n      {\r\n      \
        \  \"name\": \"appGatewayFrontendIP\",\r\n        \"id\": \"/subscriptions/00000000-0000-0000-0000-000000000000/resourceGroups/cli_test_ag_no_wait000001/providers/Microsoft.Network/applicationGateways/ag1/gatewayIPConfigurations/appGatewayFrontendIP\"\
        ,\r\n        \"etag\": \"W/\\\"9f2191b7-7b9f-40b4-a472-bcb9acde3c98\\\"\"\
        ,\r\n        \"properties\": {\r\n          \"provisioningState\": \"Succeeded\"\
        ,\r\n          \"subnet\": {\r\n            \"id\": \"/subscriptions/00000000-0000-0000-0000-000000000000/resourceGroups/cli_test_ag_no_wait000001/providers/Microsoft.Network/virtualNetworks/ag1Vnet/subnets/default\"\
        \r\n          }\r\n        }\r\n      }\r\n    ],\r\n    \"sslCertificates\"\
        : [],\r\n    \"authenticationCertificates\": [],\r\n    \"frontendIPConfigurations\"\
        : [\r\n      {\r\n        \"name\": \"appGatewayFrontendIP\",\r\n        \"\
        id\": \"/subscriptions/00000000-0000-0000-0000-000000000000/resourceGroups/cli_test_ag_no_wait000001/providers/Microsoft.Network/applicationGateways/ag1/frontendIPConfigurations/appGatewayFrontendIP\"\
        ,\r\n        \"etag\": \"W/\\\"9f2191b7-7b9f-40b4-a472-bcb9acde3c98\\\"\"\
        ,\r\n        \"properties\": {\r\n          \"provisioningState\": \"Succeeded\"\
        ,\r\n          \"privateIPAllocationMethod\": \"Dynamic\",\r\n          \"\
        subnet\": {\r\n            \"id\": \"/subscriptions/00000000-0000-0000-0000-000000000000/resourceGroups/cli_test_ag_no_wait000001/providers/Microsoft.Network/virtualNetworks/ag1Vnet/subnets/default\"\
        \r\n          },\r\n          \"httpListeners\": [\r\n            {\r\n  \
        \            \"id\": \"/subscriptions/00000000-0000-0000-0000-000000000000/resourceGroups/cli_test_ag_no_wait000001/providers/Microsoft.Network/applicationGateways/ag1/httpListeners/appGatewayHttpListener\"\
        \r\n            }\r\n          ]\r\n        }\r\n      }\r\n    ],\r\n   \
        \ \"frontendPorts\": [\r\n      {\r\n        \"name\": \"appGatewayFrontendPort\"\
        ,\r\n        \"id\": \"/subscriptions/00000000-0000-0000-0000-000000000000/resourceGroups/cli_test_ag_no_wait000001/providers/Microsoft.Network/applicationGateways/ag1/frontendPorts/appGatewayFrontendPort\"\
        ,\r\n        \"etag\": \"W/\\\"9f2191b7-7b9f-40b4-a472-bcb9acde3c98\\\"\"\
        ,\r\n        \"properties\": {\r\n          \"provisioningState\": \"Succeeded\"\
        ,\r\n          \"port\": 80,\r\n          \"httpListeners\": [\r\n       \
        \     {\r\n              \"id\": \"/subscriptions/00000000-0000-0000-0000-000000000000/resourceGroups/cli_test_ag_no_wait000001/providers/Microsoft.Network/applicationGateways/ag1/httpListeners/appGatewayHttpListener\"\
        \r\n            }\r\n          ]\r\n        }\r\n      }\r\n    ],\r\n   \
        \ \"backendAddressPools\": [\r\n      {\r\n        \"name\": \"appGatewayBackendPool\"\
        ,\r\n        \"id\": \"/subscriptions/00000000-0000-0000-0000-000000000000/resourceGroups/cli_test_ag_no_wait000001/providers/Microsoft.Network/applicationGateways/ag1/backendAddressPools/appGatewayBackendPool\"\
        ,\r\n        \"etag\": \"W/\\\"9f2191b7-7b9f-40b4-a472-bcb9acde3c98\\\"\"\
        ,\r\n        \"properties\": {\r\n          \"provisioningState\": \"Succeeded\"\
        ,\r\n          \"backendAddresses\": [],\r\n          \"requestRoutingRules\"\
        : [\r\n            {\r\n              \"id\": \"/subscriptions/00000000-0000-0000-0000-000000000000/resourceGroups/cli_test_ag_no_wait000001/providers/Microsoft.Network/applicationGateways/ag1/requestRoutingRules/rule1\"\
        \r\n            }\r\n          ]\r\n        }\r\n      }\r\n    ],\r\n   \
        \ \"backendHttpSettingsCollection\": [\r\n      {\r\n        \"name\": \"\
        appGatewayBackendHttpSettings\",\r\n        \"id\": \"/subscriptions/00000000-0000-0000-0000-000000000000/resourceGroups/cli_test_ag_no_wait000001/providers/Microsoft.Network/applicationGateways/ag1/backendHttpSettingsCollection/appGatewayBackendHttpSettings\"\
        ,\r\n        \"etag\": \"W/\\\"9f2191b7-7b9f-40b4-a472-bcb9acde3c98\\\"\"\
        ,\r\n        \"properties\": {\r\n          \"provisioningState\": \"Succeeded\"\
        ,\r\n          \"port\": 80,\r\n          \"protocol\": \"Http\",\r\n    \
        \      \"cookieBasedAffinity\": \"Disabled\",\r\n          \"connectionDraining\"\
        : {\r\n            \"enabled\": true,\r\n            \"drainTimeoutInSec\"\
        : 180\r\n          },\r\n          \"pickHostNameFromBackendAddress\": false,\r\
        \n          \"requestTimeout\": 30,\r\n          \"requestRoutingRules\":\
        \ [\r\n            {\r\n              \"id\": \"/subscriptions/00000000-0000-0000-0000-000000000000/resourceGroups/cli_test_ag_no_wait000001/providers/Microsoft.Network/applicationGateways/ag1/requestRoutingRules/rule1\"\
        \r\n            }\r\n          ]\r\n        }\r\n      }\r\n    ],\r\n   \
        \ \"httpListeners\": [\r\n      {\r\n        \"name\": \"appGatewayHttpListener\"\
        ,\r\n        \"id\": \"/subscriptions/00000000-0000-0000-0000-000000000000/resourceGroups/cli_test_ag_no_wait000001/providers/Microsoft.Network/applicationGateways/ag1/httpListeners/appGatewayHttpListener\"\
        ,\r\n        \"etag\": \"W/\\\"9f2191b7-7b9f-40b4-a472-bcb9acde3c98\\\"\"\
        ,\r\n        \"properties\": {\r\n          \"provisioningState\": \"Succeeded\"\
        ,\r\n          \"frontendIPConfiguration\": {\r\n            \"id\": \"/subscriptions/00000000-0000-0000-0000-000000000000/resourceGroups/cli_test_ag_no_wait000001/providers/Microsoft.Network/applicationGateways/ag1/frontendIPConfigurations/appGatewayFrontendIP\"\
        \r\n          },\r\n          \"frontendPort\": {\r\n            \"id\": \"\
        /subscriptions/00000000-0000-0000-0000-000000000000/resourceGroups/cli_test_ag_no_wait000001/providers/Microsoft.Network/applicationGateways/ag1/frontendPorts/appGatewayFrontendPort\"\
        \r\n          },\r\n          \"protocol\": \"Http\",\r\n          \"requireServerNameIndication\"\
        : false,\r\n          \"requestRoutingRules\": [\r\n            {\r\n    \
        \          \"id\": \"/subscriptions/00000000-0000-0000-0000-000000000000/resourceGroups/cli_test_ag_no_wait000001/providers/Microsoft.Network/applicationGateways/ag1/requestRoutingRules/rule1\"\
        \r\n            }\r\n          ]\r\n        }\r\n      }\r\n    ],\r\n   \
        \ \"urlPathMaps\": [],\r\n    \"requestRoutingRules\": [\r\n      {\r\n  \
        \      \"name\": \"rule1\",\r\n        \"id\": \"/subscriptions/00000000-0000-0000-0000-000000000000/resourceGroups/cli_test_ag_no_wait000001/providers/Microsoft.Network/applicationGateways/ag1/requestRoutingRules/rule1\"\
        ,\r\n        \"etag\": \"W/\\\"9f2191b7-7b9f-40b4-a472-bcb9acde3c98\\\"\"\
        ,\r\n        \"properties\": {\r\n          \"provisioningState\": \"Succeeded\"\
        ,\r\n          \"ruleType\": \"Basic\",\r\n          \"httpListener\": {\r\
        \n            \"id\": \"/subscriptions/00000000-0000-0000-0000-000000000000/resourceGroups/cli_test_ag_no_wait000001/providers/Microsoft.Network/applicationGateways/ag1/httpListeners/appGatewayHttpListener\"\
        \r\n          },\r\n          \"backendAddressPool\": {\r\n            \"\
        id\": \"/subscriptions/00000000-0000-0000-0000-000000000000/resourceGroups/cli_test_ag_no_wait000001/providers/Microsoft.Network/applicationGateways/ag1/backendAddressPools/appGatewayBackendPool\"\
        \r\n          },\r\n          \"backendHttpSettings\": {\r\n            \"\
        id\": \"/subscriptions/00000000-0000-0000-0000-000000000000/resourceGroups/cli_test_ag_no_wait000001/providers/Microsoft.Network/applicationGateways/ag1/backendHttpSettingsCollection/appGatewayBackendHttpSettings\"\
        \r\n          }\r\n        }\r\n      }\r\n    ],\r\n    \"probes\": [],\r\
        \n    \"redirectConfigurations\": []\r\n  }\r\n}"}
    headers:
      cache-control: [no-cache]
      content-length: ['8488']
      content-type: [application/json; charset=utf-8]
      date: ['Tue, 03 Apr 2018 23:59:43 GMT']
      etag: [W/"9f2191b7-7b9f-40b4-a472-bcb9acde3c98"]
      expires: ['-1']
      pragma: [no-cache]
      server: [Microsoft-HTTPAPI/2.0, Microsoft-HTTPAPI/2.0]
      strict-transport-security: [max-age=31536000; includeSubDomains]
      transfer-encoding: [chunked]
      vary: [Accept-Encoding]
      x-content-type-options: [nosniff]
    status: {code: 200, message: OK}
- request:
    body: null
    headers:
      Accept: [application/json]
      Accept-Encoding: ['gzip, deflate']
      CommandName: [network application-gateway show]
      Connection: [keep-alive]
      Content-Type: [application/json; charset=utf-8]
      User-Agent: [python/3.6.2 (Windows-10-10.0.16299-SP0) requests/2.18.4 msrest/0.4.27
          msrest_azure/0.4.25 networkmanagementclient/2.0.0rc2 Azure-SDK-For-Python
          AZURECLI/2.0.31]
      accept-language: [en-US]
    method: GET
    uri: https://management.azure.com/subscriptions/00000000-0000-0000-0000-000000000000/resourceGroups/cli_test_ag_no_wait000001/providers/Microsoft.Network/applicationGateways/ag2?api-version=2018-02-01
  response:
    body: {string: "{\r\n  \"name\": \"ag2\",\r\n  \"id\": \"/subscriptions/00000000-0000-0000-0000-000000000000/resourceGroups/cli_test_ag_no_wait000001/providers/Microsoft.Network/applicationGateways/ag2\"\
        ,\r\n  \"etag\": \"W/\\\"b86a4fe0-a5b1-4853-b00e-7148f4f38453\\\"\",\r\n \
        \ \"type\": \"Microsoft.Network/applicationGateways\",\r\n  \"location\":\
        \ \"westus\",\r\n  \"tags\": {\r\n    \"a\": \"b\",\r\n    \"c\": \"d\"\r\n\
        \  },\r\n  \"properties\": {\r\n    \"provisioningState\": \"Succeeded\",\r\
        \n    \"resourceGuid\": \"9b1f440b-9530-40d2-a9eb-9c3e8123a3e8\",\r\n    \"\
        sku\": {\r\n      \"name\": \"Standard_Medium\",\r\n      \"tier\": \"Standard\"\
        ,\r\n      \"capacity\": 2\r\n    },\r\n    \"operationalState\": \"Running\"\
        ,\r\n    \"gatewayIPConfigurations\": [\r\n      {\r\n        \"name\": \"\
        appGatewayFrontendIP\",\r\n        \"id\": \"/subscriptions/00000000-0000-0000-0000-000000000000/resourceGroups/cli_test_ag_no_wait000001/providers/Microsoft.Network/applicationGateways/ag2/gatewayIPConfigurations/appGatewayFrontendIP\"\
        ,\r\n        \"etag\": \"W/\\\"b86a4fe0-a5b1-4853-b00e-7148f4f38453\\\"\"\
        ,\r\n        \"properties\": {\r\n          \"provisioningState\": \"Succeeded\"\
        ,\r\n          \"subnet\": {\r\n            \"id\": \"/subscriptions/00000000-0000-0000-0000-000000000000/resourceGroups/cli_test_ag_no_wait000001/providers/Microsoft.Network/virtualNetworks/ag2Vnet/subnets/default\"\
        \r\n          }\r\n        }\r\n      }\r\n    ],\r\n    \"sslCertificates\"\
        : [],\r\n    \"authenticationCertificates\": [],\r\n    \"frontendIPConfigurations\"\
        : [\r\n      {\r\n        \"name\": \"appGatewayFrontendIP\",\r\n        \"\
        id\": \"/subscriptions/00000000-0000-0000-0000-000000000000/resourceGroups/cli_test_ag_no_wait000001/providers/Microsoft.Network/applicationGateways/ag2/frontendIPConfigurations/appGatewayFrontendIP\"\
        ,\r\n        \"etag\": \"W/\\\"b86a4fe0-a5b1-4853-b00e-7148f4f38453\\\"\"\
        ,\r\n        \"properties\": {\r\n          \"provisioningState\": \"Succeeded\"\
        ,\r\n          \"privateIPAllocationMethod\": \"Dynamic\",\r\n          \"\
        subnet\": {\r\n            \"id\": \"/subscriptions/00000000-0000-0000-0000-000000000000/resourceGroups/cli_test_ag_no_wait000001/providers/Microsoft.Network/virtualNetworks/ag2Vnet/subnets/default\"\
        \r\n          },\r\n          \"httpListeners\": [\r\n            {\r\n  \
        \            \"id\": \"/subscriptions/00000000-0000-0000-0000-000000000000/resourceGroups/cli_test_ag_no_wait000001/providers/Microsoft.Network/applicationGateways/ag2/httpListeners/appGatewayHttpListener\"\
        \r\n            }\r\n          ]\r\n        }\r\n      }\r\n    ],\r\n   \
        \ \"frontendPorts\": [\r\n      {\r\n        \"name\": \"appGatewayFrontendPort\"\
        ,\r\n        \"id\": \"/subscriptions/00000000-0000-0000-0000-000000000000/resourceGroups/cli_test_ag_no_wait000001/providers/Microsoft.Network/applicationGateways/ag2/frontendPorts/appGatewayFrontendPort\"\
        ,\r\n        \"etag\": \"W/\\\"b86a4fe0-a5b1-4853-b00e-7148f4f38453\\\"\"\
        ,\r\n        \"properties\": {\r\n          \"provisioningState\": \"Succeeded\"\
        ,\r\n          \"port\": 80,\r\n          \"httpListeners\": [\r\n       \
        \     {\r\n              \"id\": \"/subscriptions/00000000-0000-0000-0000-000000000000/resourceGroups/cli_test_ag_no_wait000001/providers/Microsoft.Network/applicationGateways/ag2/httpListeners/appGatewayHttpListener\"\
        \r\n            }\r\n          ]\r\n        }\r\n      }\r\n    ],\r\n   \
        \ \"backendAddressPools\": [\r\n      {\r\n        \"name\": \"appGatewayBackendPool\"\
        ,\r\n        \"id\": \"/subscriptions/00000000-0000-0000-0000-000000000000/resourceGroups/cli_test_ag_no_wait000001/providers/Microsoft.Network/applicationGateways/ag2/backendAddressPools/appGatewayBackendPool\"\
        ,\r\n        \"etag\": \"W/\\\"b86a4fe0-a5b1-4853-b00e-7148f4f38453\\\"\"\
        ,\r\n        \"properties\": {\r\n          \"provisioningState\": \"Succeeded\"\
        ,\r\n          \"backendAddresses\": [],\r\n          \"requestRoutingRules\"\
        : [\r\n            {\r\n              \"id\": \"/subscriptions/00000000-0000-0000-0000-000000000000/resourceGroups/cli_test_ag_no_wait000001/providers/Microsoft.Network/applicationGateways/ag2/requestRoutingRules/rule1\"\
        \r\n            }\r\n          ]\r\n        }\r\n      }\r\n    ],\r\n   \
        \ \"backendHttpSettingsCollection\": [\r\n      {\r\n        \"name\": \"\
        appGatewayBackendHttpSettings\",\r\n        \"id\": \"/subscriptions/00000000-0000-0000-0000-000000000000/resourceGroups/cli_test_ag_no_wait000001/providers/Microsoft.Network/applicationGateways/ag2/backendHttpSettingsCollection/appGatewayBackendHttpSettings\"\
        ,\r\n        \"etag\": \"W/\\\"b86a4fe0-a5b1-4853-b00e-7148f4f38453\\\"\"\
        ,\r\n        \"properties\": {\r\n          \"provisioningState\": \"Succeeded\"\
        ,\r\n          \"port\": 80,\r\n          \"protocol\": \"Http\",\r\n    \
        \      \"cookieBasedAffinity\": \"Disabled\",\r\n          \"connectionDraining\"\
        : {\r\n            \"enabled\": false,\r\n            \"drainTimeoutInSec\"\
        : 1\r\n          },\r\n          \"pickHostNameFromBackendAddress\": false,\r\
        \n          \"requestTimeout\": 30,\r\n          \"requestRoutingRules\":\
        \ [\r\n            {\r\n              \"id\": \"/subscriptions/00000000-0000-0000-0000-000000000000/resourceGroups/cli_test_ag_no_wait000001/providers/Microsoft.Network/applicationGateways/ag2/requestRoutingRules/rule1\"\
        \r\n            }\r\n          ]\r\n        }\r\n      }\r\n    ],\r\n   \
        \ \"httpListeners\": [\r\n      {\r\n        \"name\": \"appGatewayHttpListener\"\
        ,\r\n        \"id\": \"/subscriptions/00000000-0000-0000-0000-000000000000/resourceGroups/cli_test_ag_no_wait000001/providers/Microsoft.Network/applicationGateways/ag2/httpListeners/appGatewayHttpListener\"\
        ,\r\n        \"etag\": \"W/\\\"b86a4fe0-a5b1-4853-b00e-7148f4f38453\\\"\"\
        ,\r\n        \"properties\": {\r\n          \"provisioningState\": \"Succeeded\"\
        ,\r\n          \"frontendIPConfiguration\": {\r\n            \"id\": \"/subscriptions/00000000-0000-0000-0000-000000000000/resourceGroups/cli_test_ag_no_wait000001/providers/Microsoft.Network/applicationGateways/ag2/frontendIPConfigurations/appGatewayFrontendIP\"\
        \r\n          },\r\n          \"frontendPort\": {\r\n            \"id\": \"\
        /subscriptions/00000000-0000-0000-0000-000000000000/resourceGroups/cli_test_ag_no_wait000001/providers/Microsoft.Network/applicationGateways/ag2/frontendPorts/appGatewayFrontendPort\"\
        \r\n          },\r\n          \"protocol\": \"Http\",\r\n          \"requireServerNameIndication\"\
        : false,\r\n          \"requestRoutingRules\": [\r\n            {\r\n    \
        \          \"id\": \"/subscriptions/00000000-0000-0000-0000-000000000000/resourceGroups/cli_test_ag_no_wait000001/providers/Microsoft.Network/applicationGateways/ag2/requestRoutingRules/rule1\"\
        \r\n            }\r\n          ]\r\n        }\r\n      }\r\n    ],\r\n   \
        \ \"urlPathMaps\": [],\r\n    \"requestRoutingRules\": [\r\n      {\r\n  \
        \      \"name\": \"rule1\",\r\n        \"id\": \"/subscriptions/00000000-0000-0000-0000-000000000000/resourceGroups/cli_test_ag_no_wait000001/providers/Microsoft.Network/applicationGateways/ag2/requestRoutingRules/rule1\"\
        ,\r\n        \"etag\": \"W/\\\"b86a4fe0-a5b1-4853-b00e-7148f4f38453\\\"\"\
        ,\r\n        \"properties\": {\r\n          \"provisioningState\": \"Succeeded\"\
        ,\r\n          \"ruleType\": \"Basic\",\r\n          \"httpListener\": {\r\
        \n            \"id\": \"/subscriptions/00000000-0000-0000-0000-000000000000/resourceGroups/cli_test_ag_no_wait000001/providers/Microsoft.Network/applicationGateways/ag2/httpListeners/appGatewayHttpListener\"\
        \r\n          },\r\n          \"backendAddressPool\": {\r\n            \"\
        id\": \"/subscriptions/00000000-0000-0000-0000-000000000000/resourceGroups/cli_test_ag_no_wait000001/providers/Microsoft.Network/applicationGateways/ag2/backendAddressPools/appGatewayBackendPool\"\
        \r\n          },\r\n          \"backendHttpSettings\": {\r\n            \"\
        id\": \"/subscriptions/00000000-0000-0000-0000-000000000000/resourceGroups/cli_test_ag_no_wait000001/providers/Microsoft.Network/applicationGateways/ag2/backendHttpSettingsCollection/appGatewayBackendHttpSettings\"\
        \r\n          }\r\n        }\r\n      }\r\n    ],\r\n    \"probes\": [],\r\
        \n    \"redirectConfigurations\": []\r\n  }\r\n}"}
    headers:
      cache-control: [no-cache]
      content-length: ['8520']
      content-type: [application/json; charset=utf-8]
      date: ['Tue, 03 Apr 2018 23:59:43 GMT']
      etag: [W/"b86a4fe0-a5b1-4853-b00e-7148f4f38453"]
      expires: ['-1']
      pragma: [no-cache]
      server: [Microsoft-HTTPAPI/2.0, Microsoft-HTTPAPI/2.0]
      strict-transport-security: [max-age=31536000; includeSubDomains]
      transfer-encoding: [chunked]
      vary: [Accept-Encoding]
      x-content-type-options: [nosniff]
    status: {code: 200, message: OK}
- request:
    body: null
    headers:
      Accept: [application/json]
      Accept-Encoding: ['gzip, deflate']
      CommandName: [network application-gateway delete]
      Connection: [keep-alive]
      Content-Length: ['0']
      Content-Type: [application/json; charset=utf-8]
      User-Agent: [python/3.6.2 (Windows-10-10.0.16299-SP0) requests/2.18.4 msrest/0.4.27
          msrest_azure/0.4.25 networkmanagementclient/2.0.0rc2 Azure-SDK-For-Python
          AZURECLI/2.0.31]
      accept-language: [en-US]
    method: DELETE
    uri: https://management.azure.com/subscriptions/00000000-0000-0000-0000-000000000000/resourceGroups/cli_test_ag_no_wait000001/providers/Microsoft.Network/applicationGateways/ag2?api-version=2018-02-01
  response:
    body: {string: ''}
    headers:
      azure-asyncoperation: ['https://management.azure.com/subscriptions/00000000-0000-0000-0000-000000000000/providers/Microsoft.Network/locations/westus/operations/67cb06bf-a3b3-48af-9a8b-fad839ae8054?api-version=2018-02-01']
      cache-control: [no-cache]
      content-length: ['0']
      date: ['Tue, 03 Apr 2018 23:59:44 GMT']
      expires: ['-1']
      location: ['https://management.azure.com/subscriptions/00000000-0000-0000-0000-000000000000/providers/Microsoft.Network/locations/westus/operationResults/67cb06bf-a3b3-48af-9a8b-fad839ae8054?api-version=2018-02-01']
      pragma: [no-cache]
      server: [Microsoft-HTTPAPI/2.0, Microsoft-HTTPAPI/2.0]
      strict-transport-security: [max-age=31536000; includeSubDomains]
      x-content-type-options: [nosniff]
      x-ms-ratelimit-remaining-subscription-writes: ['1199']
    status: {code: 202, message: Accepted}
- request:
    body: null
    headers:
      Accept: [application/json]
      Accept-Encoding: ['gzip, deflate']
      CommandName: [network application-gateway wait]
      Connection: [keep-alive]
      Content-Type: [application/json; charset=utf-8]
      User-Agent: [python/3.6.2 (Windows-10-10.0.16299-SP0) requests/2.18.4 msrest/0.4.27
          msrest_azure/0.4.25 networkmanagementclient/2.0.0rc2 Azure-SDK-For-Python
          AZURECLI/2.0.31]
      accept-language: [en-US]
    method: GET
    uri: https://management.azure.com/subscriptions/00000000-0000-0000-0000-000000000000/resourceGroups/cli_test_ag_no_wait000001/providers/Microsoft.Network/applicationGateways/ag2?api-version=2018-02-01
  response:
    body: {string: "{\r\n  \"name\": \"ag2\",\r\n  \"id\": \"/subscriptions/00000000-0000-0000-0000-000000000000/resourceGroups/cli_test_ag_no_wait000001/providers/Microsoft.Network/applicationGateways/ag2\"\
        ,\r\n  \"etag\": \"W/\\\"49e8fb9c-dfc8-48ed-aa09-795e5647bf6d\\\"\",\r\n \
        \ \"type\": \"Microsoft.Network/applicationGateways\",\r\n  \"location\":\
        \ \"westus\",\r\n  \"tags\": {\r\n    \"a\": \"b\",\r\n    \"c\": \"d\"\r\n\
        \  },\r\n  \"properties\": {\r\n    \"provisioningState\": \"Deleting\",\r\
        \n    \"resourceGuid\": \"9b1f440b-9530-40d2-a9eb-9c3e8123a3e8\",\r\n    \"\
        sku\": {\r\n      \"name\": \"Standard_Medium\",\r\n      \"tier\": \"Standard\"\
        ,\r\n      \"capacity\": 2\r\n    },\r\n    \"operationalState\": \"Running\"\
        ,\r\n    \"gatewayIPConfigurations\": [\r\n      {\r\n        \"name\": \"\
        appGatewayFrontendIP\",\r\n        \"id\": \"/subscriptions/00000000-0000-0000-0000-000000000000/resourceGroups/cli_test_ag_no_wait000001/providers/Microsoft.Network/applicationGateways/ag2/gatewayIPConfigurations/appGatewayFrontendIP\"\
        ,\r\n        \"etag\": \"W/\\\"49e8fb9c-dfc8-48ed-aa09-795e5647bf6d\\\"\"\
        ,\r\n        \"properties\": {\r\n          \"provisioningState\": \"Deleting\"\
        ,\r\n          \"subnet\": {\r\n            \"id\": \"/subscriptions/00000000-0000-0000-0000-000000000000/resourceGroups/cli_test_ag_no_wait000001/providers/Microsoft.Network/virtualNetworks/ag2Vnet/subnets/default\"\
        \r\n          }\r\n        }\r\n      }\r\n    ],\r\n    \"sslCertificates\"\
        : [],\r\n    \"authenticationCertificates\": [],\r\n    \"frontendIPConfigurations\"\
        : [\r\n      {\r\n        \"name\": \"appGatewayFrontendIP\",\r\n        \"\
        id\": \"/subscriptions/00000000-0000-0000-0000-000000000000/resourceGroups/cli_test_ag_no_wait000001/providers/Microsoft.Network/applicationGateways/ag2/frontendIPConfigurations/appGatewayFrontendIP\"\
        ,\r\n        \"etag\": \"W/\\\"49e8fb9c-dfc8-48ed-aa09-795e5647bf6d\\\"\"\
        ,\r\n        \"properties\": {\r\n          \"provisioningState\": \"Deleting\"\
        ,\r\n          \"privateIPAllocationMethod\": \"Dynamic\",\r\n          \"\
        subnet\": {\r\n            \"id\": \"/subscriptions/00000000-0000-0000-0000-000000000000/resourceGroups/cli_test_ag_no_wait000001/providers/Microsoft.Network/virtualNetworks/ag2Vnet/subnets/default\"\
        \r\n          },\r\n          \"httpListeners\": [\r\n            {\r\n  \
        \            \"id\": \"/subscriptions/00000000-0000-0000-0000-000000000000/resourceGroups/cli_test_ag_no_wait000001/providers/Microsoft.Network/applicationGateways/ag2/httpListeners/appGatewayHttpListener\"\
        \r\n            }\r\n          ]\r\n        }\r\n      }\r\n    ],\r\n   \
        \ \"frontendPorts\": [\r\n      {\r\n        \"name\": \"appGatewayFrontendPort\"\
        ,\r\n        \"id\": \"/subscriptions/00000000-0000-0000-0000-000000000000/resourceGroups/cli_test_ag_no_wait000001/providers/Microsoft.Network/applicationGateways/ag2/frontendPorts/appGatewayFrontendPort\"\
        ,\r\n        \"etag\": \"W/\\\"49e8fb9c-dfc8-48ed-aa09-795e5647bf6d\\\"\"\
        ,\r\n        \"properties\": {\r\n          \"provisioningState\": \"Deleting\"\
        ,\r\n          \"port\": 80,\r\n          \"httpListeners\": [\r\n       \
        \     {\r\n              \"id\": \"/subscriptions/00000000-0000-0000-0000-000000000000/resourceGroups/cli_test_ag_no_wait000001/providers/Microsoft.Network/applicationGateways/ag2/httpListeners/appGatewayHttpListener\"\
        \r\n            }\r\n          ]\r\n        }\r\n      }\r\n    ],\r\n   \
        \ \"backendAddressPools\": [\r\n      {\r\n        \"name\": \"appGatewayBackendPool\"\
        ,\r\n        \"id\": \"/subscriptions/00000000-0000-0000-0000-000000000000/resourceGroups/cli_test_ag_no_wait000001/providers/Microsoft.Network/applicationGateways/ag2/backendAddressPools/appGatewayBackendPool\"\
        ,\r\n        \"etag\": \"W/\\\"49e8fb9c-dfc8-48ed-aa09-795e5647bf6d\\\"\"\
        ,\r\n        \"properties\": {\r\n          \"provisioningState\": \"Deleting\"\
        ,\r\n          \"backendAddresses\": [],\r\n          \"requestRoutingRules\"\
        : [\r\n            {\r\n              \"id\": \"/subscriptions/00000000-0000-0000-0000-000000000000/resourceGroups/cli_test_ag_no_wait000001/providers/Microsoft.Network/applicationGateways/ag2/requestRoutingRules/rule1\"\
        \r\n            }\r\n          ]\r\n        }\r\n      }\r\n    ],\r\n   \
        \ \"backendHttpSettingsCollection\": [\r\n      {\r\n        \"name\": \"\
        appGatewayBackendHttpSettings\",\r\n        \"id\": \"/subscriptions/00000000-0000-0000-0000-000000000000/resourceGroups/cli_test_ag_no_wait000001/providers/Microsoft.Network/applicationGateways/ag2/backendHttpSettingsCollection/appGatewayBackendHttpSettings\"\
        ,\r\n        \"etag\": \"W/\\\"49e8fb9c-dfc8-48ed-aa09-795e5647bf6d\\\"\"\
        ,\r\n        \"properties\": {\r\n          \"provisioningState\": \"Deleting\"\
        ,\r\n          \"port\": 80,\r\n          \"protocol\": \"Http\",\r\n    \
        \      \"cookieBasedAffinity\": \"Disabled\",\r\n          \"connectionDraining\"\
        : {\r\n            \"enabled\": false,\r\n            \"drainTimeoutInSec\"\
        : 1\r\n          },\r\n          \"pickHostNameFromBackendAddress\": false,\r\
        \n          \"requestTimeout\": 30,\r\n          \"requestRoutingRules\":\
        \ [\r\n            {\r\n              \"id\": \"/subscriptions/00000000-0000-0000-0000-000000000000/resourceGroups/cli_test_ag_no_wait000001/providers/Microsoft.Network/applicationGateways/ag2/requestRoutingRules/rule1\"\
        \r\n            }\r\n          ]\r\n        }\r\n      }\r\n    ],\r\n   \
        \ \"httpListeners\": [\r\n      {\r\n        \"name\": \"appGatewayHttpListener\"\
        ,\r\n        \"id\": \"/subscriptions/00000000-0000-0000-0000-000000000000/resourceGroups/cli_test_ag_no_wait000001/providers/Microsoft.Network/applicationGateways/ag2/httpListeners/appGatewayHttpListener\"\
        ,\r\n        \"etag\": \"W/\\\"49e8fb9c-dfc8-48ed-aa09-795e5647bf6d\\\"\"\
        ,\r\n        \"properties\": {\r\n          \"provisioningState\": \"Deleting\"\
        ,\r\n          \"frontendIPConfiguration\": {\r\n            \"id\": \"/subscriptions/00000000-0000-0000-0000-000000000000/resourceGroups/cli_test_ag_no_wait000001/providers/Microsoft.Network/applicationGateways/ag2/frontendIPConfigurations/appGatewayFrontendIP\"\
        \r\n          },\r\n          \"frontendPort\": {\r\n            \"id\": \"\
        /subscriptions/00000000-0000-0000-0000-000000000000/resourceGroups/cli_test_ag_no_wait000001/providers/Microsoft.Network/applicationGateways/ag2/frontendPorts/appGatewayFrontendPort\"\
        \r\n          },\r\n          \"protocol\": \"Http\",\r\n          \"requireServerNameIndication\"\
        : false,\r\n          \"requestRoutingRules\": [\r\n            {\r\n    \
        \          \"id\": \"/subscriptions/00000000-0000-0000-0000-000000000000/resourceGroups/cli_test_ag_no_wait000001/providers/Microsoft.Network/applicationGateways/ag2/requestRoutingRules/rule1\"\
        \r\n            }\r\n          ]\r\n        }\r\n      }\r\n    ],\r\n   \
        \ \"urlPathMaps\": [],\r\n    \"requestRoutingRules\": [\r\n      {\r\n  \
        \      \"name\": \"rule1\",\r\n        \"id\": \"/subscriptions/00000000-0000-0000-0000-000000000000/resourceGroups/cli_test_ag_no_wait000001/providers/Microsoft.Network/applicationGateways/ag2/requestRoutingRules/rule1\"\
        ,\r\n        \"etag\": \"W/\\\"49e8fb9c-dfc8-48ed-aa09-795e5647bf6d\\\"\"\
        ,\r\n        \"properties\": {\r\n          \"provisioningState\": \"Deleting\"\
        ,\r\n          \"ruleType\": \"Basic\",\r\n          \"httpListener\": {\r\
        \n            \"id\": \"/subscriptions/00000000-0000-0000-0000-000000000000/resourceGroups/cli_test_ag_no_wait000001/providers/Microsoft.Network/applicationGateways/ag2/httpListeners/appGatewayHttpListener\"\
        \r\n          },\r\n          \"backendAddressPool\": {\r\n            \"\
        id\": \"/subscriptions/00000000-0000-0000-0000-000000000000/resourceGroups/cli_test_ag_no_wait000001/providers/Microsoft.Network/applicationGateways/ag2/backendAddressPools/appGatewayBackendPool\"\
        \r\n          },\r\n          \"backendHttpSettings\": {\r\n            \"\
        id\": \"/subscriptions/00000000-0000-0000-0000-000000000000/resourceGroups/cli_test_ag_no_wait000001/providers/Microsoft.Network/applicationGateways/ag2/backendHttpSettingsCollection/appGatewayBackendHttpSettings\"\
        \r\n          }\r\n        }\r\n      }\r\n    ],\r\n    \"probes\": [],\r\
        \n    \"redirectConfigurations\": []\r\n  }\r\n}"}
    headers:
      cache-control: [no-cache]
      content-length: ['8512']
      content-type: [application/json; charset=utf-8]
      date: ['Tue, 03 Apr 2018 23:59:45 GMT']
      etag: [W/"49e8fb9c-dfc8-48ed-aa09-795e5647bf6d"]
      expires: ['-1']
      pragma: [no-cache]
      server: [Microsoft-HTTPAPI/2.0, Microsoft-HTTPAPI/2.0]
      strict-transport-security: [max-age=31536000; includeSubDomains]
      transfer-encoding: [chunked]
      vary: [Accept-Encoding]
      x-content-type-options: [nosniff]
    status: {code: 200, message: OK}
- request:
    body: null
    headers:
      Accept: [application/json]
      Accept-Encoding: ['gzip, deflate']
      CommandName: [network application-gateway wait]
      Connection: [keep-alive]
      Content-Type: [application/json; charset=utf-8]
      User-Agent: [python/3.6.2 (Windows-10-10.0.16299-SP0) requests/2.18.4 msrest/0.4.27
          msrest_azure/0.4.25 networkmanagementclient/2.0.0rc2 Azure-SDK-For-Python
          AZURECLI/2.0.31]
      accept-language: [en-US]
    method: GET
    uri: https://management.azure.com/subscriptions/00000000-0000-0000-0000-000000000000/resourceGroups/cli_test_ag_no_wait000001/providers/Microsoft.Network/applicationGateways/ag2?api-version=2018-02-01
  response:
    body: {string: "{\r\n  \"name\": \"ag2\",\r\n  \"id\": \"/subscriptions/00000000-0000-0000-0000-000000000000/resourceGroups/cli_test_ag_no_wait000001/providers/Microsoft.Network/applicationGateways/ag2\"\
        ,\r\n  \"etag\": \"W/\\\"49e8fb9c-dfc8-48ed-aa09-795e5647bf6d\\\"\",\r\n \
        \ \"type\": \"Microsoft.Network/applicationGateways\",\r\n  \"location\":\
        \ \"westus\",\r\n  \"tags\": {\r\n    \"a\": \"b\",\r\n    \"c\": \"d\"\r\n\
        \  },\r\n  \"properties\": {\r\n    \"provisioningState\": \"Deleting\",\r\
        \n    \"resourceGuid\": \"9b1f440b-9530-40d2-a9eb-9c3e8123a3e8\",\r\n    \"\
        sku\": {\r\n      \"name\": \"Standard_Medium\",\r\n      \"tier\": \"Standard\"\
        ,\r\n      \"capacity\": 2\r\n    },\r\n    \"operationalState\": \"Running\"\
        ,\r\n    \"gatewayIPConfigurations\": [\r\n      {\r\n        \"name\": \"\
        appGatewayFrontendIP\",\r\n        \"id\": \"/subscriptions/00000000-0000-0000-0000-000000000000/resourceGroups/cli_test_ag_no_wait000001/providers/Microsoft.Network/applicationGateways/ag2/gatewayIPConfigurations/appGatewayFrontendIP\"\
        ,\r\n        \"etag\": \"W/\\\"49e8fb9c-dfc8-48ed-aa09-795e5647bf6d\\\"\"\
        ,\r\n        \"properties\": {\r\n          \"provisioningState\": \"Deleting\"\
        ,\r\n          \"subnet\": {\r\n            \"id\": \"/subscriptions/00000000-0000-0000-0000-000000000000/resourceGroups/cli_test_ag_no_wait000001/providers/Microsoft.Network/virtualNetworks/ag2Vnet/subnets/default\"\
        \r\n          }\r\n        }\r\n      }\r\n    ],\r\n    \"sslCertificates\"\
        : [],\r\n    \"authenticationCertificates\": [],\r\n    \"frontendIPConfigurations\"\
        : [\r\n      {\r\n        \"name\": \"appGatewayFrontendIP\",\r\n        \"\
        id\": \"/subscriptions/00000000-0000-0000-0000-000000000000/resourceGroups/cli_test_ag_no_wait000001/providers/Microsoft.Network/applicationGateways/ag2/frontendIPConfigurations/appGatewayFrontendIP\"\
        ,\r\n        \"etag\": \"W/\\\"49e8fb9c-dfc8-48ed-aa09-795e5647bf6d\\\"\"\
        ,\r\n        \"properties\": {\r\n          \"provisioningState\": \"Deleting\"\
        ,\r\n          \"privateIPAllocationMethod\": \"Dynamic\",\r\n          \"\
        subnet\": {\r\n            \"id\": \"/subscriptions/00000000-0000-0000-0000-000000000000/resourceGroups/cli_test_ag_no_wait000001/providers/Microsoft.Network/virtualNetworks/ag2Vnet/subnets/default\"\
        \r\n          },\r\n          \"httpListeners\": [\r\n            {\r\n  \
        \            \"id\": \"/subscriptions/00000000-0000-0000-0000-000000000000/resourceGroups/cli_test_ag_no_wait000001/providers/Microsoft.Network/applicationGateways/ag2/httpListeners/appGatewayHttpListener\"\
        \r\n            }\r\n          ]\r\n        }\r\n      }\r\n    ],\r\n   \
        \ \"frontendPorts\": [\r\n      {\r\n        \"name\": \"appGatewayFrontendPort\"\
        ,\r\n        \"id\": \"/subscriptions/00000000-0000-0000-0000-000000000000/resourceGroups/cli_test_ag_no_wait000001/providers/Microsoft.Network/applicationGateways/ag2/frontendPorts/appGatewayFrontendPort\"\
        ,\r\n        \"etag\": \"W/\\\"49e8fb9c-dfc8-48ed-aa09-795e5647bf6d\\\"\"\
        ,\r\n        \"properties\": {\r\n          \"provisioningState\": \"Deleting\"\
        ,\r\n          \"port\": 80,\r\n          \"httpListeners\": [\r\n       \
        \     {\r\n              \"id\": \"/subscriptions/00000000-0000-0000-0000-000000000000/resourceGroups/cli_test_ag_no_wait000001/providers/Microsoft.Network/applicationGateways/ag2/httpListeners/appGatewayHttpListener\"\
        \r\n            }\r\n          ]\r\n        }\r\n      }\r\n    ],\r\n   \
        \ \"backendAddressPools\": [\r\n      {\r\n        \"name\": \"appGatewayBackendPool\"\
        ,\r\n        \"id\": \"/subscriptions/00000000-0000-0000-0000-000000000000/resourceGroups/cli_test_ag_no_wait000001/providers/Microsoft.Network/applicationGateways/ag2/backendAddressPools/appGatewayBackendPool\"\
        ,\r\n        \"etag\": \"W/\\\"49e8fb9c-dfc8-48ed-aa09-795e5647bf6d\\\"\"\
        ,\r\n        \"properties\": {\r\n          \"provisioningState\": \"Deleting\"\
        ,\r\n          \"backendAddresses\": [],\r\n          \"requestRoutingRules\"\
        : [\r\n            {\r\n              \"id\": \"/subscriptions/00000000-0000-0000-0000-000000000000/resourceGroups/cli_test_ag_no_wait000001/providers/Microsoft.Network/applicationGateways/ag2/requestRoutingRules/rule1\"\
        \r\n            }\r\n          ]\r\n        }\r\n      }\r\n    ],\r\n   \
        \ \"backendHttpSettingsCollection\": [\r\n      {\r\n        \"name\": \"\
        appGatewayBackendHttpSettings\",\r\n        \"id\": \"/subscriptions/00000000-0000-0000-0000-000000000000/resourceGroups/cli_test_ag_no_wait000001/providers/Microsoft.Network/applicationGateways/ag2/backendHttpSettingsCollection/appGatewayBackendHttpSettings\"\
        ,\r\n        \"etag\": \"W/\\\"49e8fb9c-dfc8-48ed-aa09-795e5647bf6d\\\"\"\
        ,\r\n        \"properties\": {\r\n          \"provisioningState\": \"Deleting\"\
        ,\r\n          \"port\": 80,\r\n          \"protocol\": \"Http\",\r\n    \
        \      \"cookieBasedAffinity\": \"Disabled\",\r\n          \"connectionDraining\"\
        : {\r\n            \"enabled\": false,\r\n            \"drainTimeoutInSec\"\
        : 1\r\n          },\r\n          \"pickHostNameFromBackendAddress\": false,\r\
        \n          \"requestTimeout\": 30,\r\n          \"requestRoutingRules\":\
        \ [\r\n            {\r\n              \"id\": \"/subscriptions/00000000-0000-0000-0000-000000000000/resourceGroups/cli_test_ag_no_wait000001/providers/Microsoft.Network/applicationGateways/ag2/requestRoutingRules/rule1\"\
        \r\n            }\r\n          ]\r\n        }\r\n      }\r\n    ],\r\n   \
        \ \"httpListeners\": [\r\n      {\r\n        \"name\": \"appGatewayHttpListener\"\
        ,\r\n        \"id\": \"/subscriptions/00000000-0000-0000-0000-000000000000/resourceGroups/cli_test_ag_no_wait000001/providers/Microsoft.Network/applicationGateways/ag2/httpListeners/appGatewayHttpListener\"\
        ,\r\n        \"etag\": \"W/\\\"49e8fb9c-dfc8-48ed-aa09-795e5647bf6d\\\"\"\
        ,\r\n        \"properties\": {\r\n          \"provisioningState\": \"Deleting\"\
        ,\r\n          \"frontendIPConfiguration\": {\r\n            \"id\": \"/subscriptions/00000000-0000-0000-0000-000000000000/resourceGroups/cli_test_ag_no_wait000001/providers/Microsoft.Network/applicationGateways/ag2/frontendIPConfigurations/appGatewayFrontendIP\"\
        \r\n          },\r\n          \"frontendPort\": {\r\n            \"id\": \"\
        /subscriptions/00000000-0000-0000-0000-000000000000/resourceGroups/cli_test_ag_no_wait000001/providers/Microsoft.Network/applicationGateways/ag2/frontendPorts/appGatewayFrontendPort\"\
        \r\n          },\r\n          \"protocol\": \"Http\",\r\n          \"requireServerNameIndication\"\
        : false,\r\n          \"requestRoutingRules\": [\r\n            {\r\n    \
        \          \"id\": \"/subscriptions/00000000-0000-0000-0000-000000000000/resourceGroups/cli_test_ag_no_wait000001/providers/Microsoft.Network/applicationGateways/ag2/requestRoutingRules/rule1\"\
        \r\n            }\r\n          ]\r\n        }\r\n      }\r\n    ],\r\n   \
        \ \"urlPathMaps\": [],\r\n    \"requestRoutingRules\": [\r\n      {\r\n  \
        \      \"name\": \"rule1\",\r\n        \"id\": \"/subscriptions/00000000-0000-0000-0000-000000000000/resourceGroups/cli_test_ag_no_wait000001/providers/Microsoft.Network/applicationGateways/ag2/requestRoutingRules/rule1\"\
        ,\r\n        \"etag\": \"W/\\\"49e8fb9c-dfc8-48ed-aa09-795e5647bf6d\\\"\"\
        ,\r\n        \"properties\": {\r\n          \"provisioningState\": \"Deleting\"\
        ,\r\n          \"ruleType\": \"Basic\",\r\n          \"httpListener\": {\r\
        \n            \"id\": \"/subscriptions/00000000-0000-0000-0000-000000000000/resourceGroups/cli_test_ag_no_wait000001/providers/Microsoft.Network/applicationGateways/ag2/httpListeners/appGatewayHttpListener\"\
        \r\n          },\r\n          \"backendAddressPool\": {\r\n            \"\
        id\": \"/subscriptions/00000000-0000-0000-0000-000000000000/resourceGroups/cli_test_ag_no_wait000001/providers/Microsoft.Network/applicationGateways/ag2/backendAddressPools/appGatewayBackendPool\"\
        \r\n          },\r\n          \"backendHttpSettings\": {\r\n            \"\
        id\": \"/subscriptions/00000000-0000-0000-0000-000000000000/resourceGroups/cli_test_ag_no_wait000001/providers/Microsoft.Network/applicationGateways/ag2/backendHttpSettingsCollection/appGatewayBackendHttpSettings\"\
        \r\n          }\r\n        }\r\n      }\r\n    ],\r\n    \"probes\": [],\r\
        \n    \"redirectConfigurations\": []\r\n  }\r\n}"}
    headers:
      cache-control: [no-cache]
      content-length: ['8512']
      content-type: [application/json; charset=utf-8]
      date: ['Wed, 04 Apr 2018 00:00:15 GMT']
      etag: [W/"49e8fb9c-dfc8-48ed-aa09-795e5647bf6d"]
      expires: ['-1']
      pragma: [no-cache]
      server: [Microsoft-HTTPAPI/2.0, Microsoft-HTTPAPI/2.0]
      strict-transport-security: [max-age=31536000; includeSubDomains]
      transfer-encoding: [chunked]
      vary: [Accept-Encoding]
      x-content-type-options: [nosniff]
    status: {code: 200, message: OK}
- request:
    body: null
    headers:
      Accept: [application/json]
      Accept-Encoding: ['gzip, deflate']
      CommandName: [network application-gateway wait]
      Connection: [keep-alive]
      Content-Type: [application/json; charset=utf-8]
      User-Agent: [python/3.6.2 (Windows-10-10.0.16299-SP0) requests/2.18.4 msrest/0.4.27
          msrest_azure/0.4.25 networkmanagementclient/2.0.0rc2 Azure-SDK-For-Python
          AZURECLI/2.0.31]
      accept-language: [en-US]
    method: GET
    uri: https://management.azure.com/subscriptions/00000000-0000-0000-0000-000000000000/resourceGroups/cli_test_ag_no_wait000001/providers/Microsoft.Network/applicationGateways/ag2?api-version=2018-02-01
  response:
    body: {string: "{\r\n  \"name\": \"ag2\",\r\n  \"id\": \"/subscriptions/00000000-0000-0000-0000-000000000000/resourceGroups/cli_test_ag_no_wait000001/providers/Microsoft.Network/applicationGateways/ag2\"\
        ,\r\n  \"etag\": \"W/\\\"49e8fb9c-dfc8-48ed-aa09-795e5647bf6d\\\"\",\r\n \
        \ \"type\": \"Microsoft.Network/applicationGateways\",\r\n  \"location\":\
        \ \"westus\",\r\n  \"tags\": {\r\n    \"a\": \"b\",\r\n    \"c\": \"d\"\r\n\
        \  },\r\n  \"properties\": {\r\n    \"provisioningState\": \"Deleting\",\r\
        \n    \"resourceGuid\": \"9b1f440b-9530-40d2-a9eb-9c3e8123a3e8\",\r\n    \"\
        sku\": {\r\n      \"name\": \"Standard_Medium\",\r\n      \"tier\": \"Standard\"\
        ,\r\n      \"capacity\": 2\r\n    },\r\n    \"operationalState\": \"Running\"\
        ,\r\n    \"gatewayIPConfigurations\": [\r\n      {\r\n        \"name\": \"\
        appGatewayFrontendIP\",\r\n        \"id\": \"/subscriptions/00000000-0000-0000-0000-000000000000/resourceGroups/cli_test_ag_no_wait000001/providers/Microsoft.Network/applicationGateways/ag2/gatewayIPConfigurations/appGatewayFrontendIP\"\
        ,\r\n        \"etag\": \"W/\\\"49e8fb9c-dfc8-48ed-aa09-795e5647bf6d\\\"\"\
        ,\r\n        \"properties\": {\r\n          \"provisioningState\": \"Deleting\"\
        ,\r\n          \"subnet\": {\r\n            \"id\": \"/subscriptions/00000000-0000-0000-0000-000000000000/resourceGroups/cli_test_ag_no_wait000001/providers/Microsoft.Network/virtualNetworks/ag2Vnet/subnets/default\"\
        \r\n          }\r\n        }\r\n      }\r\n    ],\r\n    \"sslCertificates\"\
        : [],\r\n    \"authenticationCertificates\": [],\r\n    \"frontendIPConfigurations\"\
        : [\r\n      {\r\n        \"name\": \"appGatewayFrontendIP\",\r\n        \"\
        id\": \"/subscriptions/00000000-0000-0000-0000-000000000000/resourceGroups/cli_test_ag_no_wait000001/providers/Microsoft.Network/applicationGateways/ag2/frontendIPConfigurations/appGatewayFrontendIP\"\
        ,\r\n        \"etag\": \"W/\\\"49e8fb9c-dfc8-48ed-aa09-795e5647bf6d\\\"\"\
        ,\r\n        \"properties\": {\r\n          \"provisioningState\": \"Deleting\"\
        ,\r\n          \"privateIPAllocationMethod\": \"Dynamic\",\r\n          \"\
        subnet\": {\r\n            \"id\": \"/subscriptions/00000000-0000-0000-0000-000000000000/resourceGroups/cli_test_ag_no_wait000001/providers/Microsoft.Network/virtualNetworks/ag2Vnet/subnets/default\"\
        \r\n          },\r\n          \"httpListeners\": [\r\n            {\r\n  \
        \            \"id\": \"/subscriptions/00000000-0000-0000-0000-000000000000/resourceGroups/cli_test_ag_no_wait000001/providers/Microsoft.Network/applicationGateways/ag2/httpListeners/appGatewayHttpListener\"\
        \r\n            }\r\n          ]\r\n        }\r\n      }\r\n    ],\r\n   \
        \ \"frontendPorts\": [\r\n      {\r\n        \"name\": \"appGatewayFrontendPort\"\
        ,\r\n        \"id\": \"/subscriptions/00000000-0000-0000-0000-000000000000/resourceGroups/cli_test_ag_no_wait000001/providers/Microsoft.Network/applicationGateways/ag2/frontendPorts/appGatewayFrontendPort\"\
        ,\r\n        \"etag\": \"W/\\\"49e8fb9c-dfc8-48ed-aa09-795e5647bf6d\\\"\"\
        ,\r\n        \"properties\": {\r\n          \"provisioningState\": \"Deleting\"\
        ,\r\n          \"port\": 80,\r\n          \"httpListeners\": [\r\n       \
        \     {\r\n              \"id\": \"/subscriptions/00000000-0000-0000-0000-000000000000/resourceGroups/cli_test_ag_no_wait000001/providers/Microsoft.Network/applicationGateways/ag2/httpListeners/appGatewayHttpListener\"\
        \r\n            }\r\n          ]\r\n        }\r\n      }\r\n    ],\r\n   \
        \ \"backendAddressPools\": [\r\n      {\r\n        \"name\": \"appGatewayBackendPool\"\
        ,\r\n        \"id\": \"/subscriptions/00000000-0000-0000-0000-000000000000/resourceGroups/cli_test_ag_no_wait000001/providers/Microsoft.Network/applicationGateways/ag2/backendAddressPools/appGatewayBackendPool\"\
        ,\r\n        \"etag\": \"W/\\\"49e8fb9c-dfc8-48ed-aa09-795e5647bf6d\\\"\"\
        ,\r\n        \"properties\": {\r\n          \"provisioningState\": \"Deleting\"\
        ,\r\n          \"backendAddresses\": [],\r\n          \"requestRoutingRules\"\
        : [\r\n            {\r\n              \"id\": \"/subscriptions/00000000-0000-0000-0000-000000000000/resourceGroups/cli_test_ag_no_wait000001/providers/Microsoft.Network/applicationGateways/ag2/requestRoutingRules/rule1\"\
        \r\n            }\r\n          ]\r\n        }\r\n      }\r\n    ],\r\n   \
        \ \"backendHttpSettingsCollection\": [\r\n      {\r\n        \"name\": \"\
        appGatewayBackendHttpSettings\",\r\n        \"id\": \"/subscriptions/00000000-0000-0000-0000-000000000000/resourceGroups/cli_test_ag_no_wait000001/providers/Microsoft.Network/applicationGateways/ag2/backendHttpSettingsCollection/appGatewayBackendHttpSettings\"\
        ,\r\n        \"etag\": \"W/\\\"49e8fb9c-dfc8-48ed-aa09-795e5647bf6d\\\"\"\
        ,\r\n        \"properties\": {\r\n          \"provisioningState\": \"Deleting\"\
        ,\r\n          \"port\": 80,\r\n          \"protocol\": \"Http\",\r\n    \
        \      \"cookieBasedAffinity\": \"Disabled\",\r\n          \"connectionDraining\"\
        : {\r\n            \"enabled\": false,\r\n            \"drainTimeoutInSec\"\
        : 1\r\n          },\r\n          \"pickHostNameFromBackendAddress\": false,\r\
        \n          \"requestTimeout\": 30,\r\n          \"requestRoutingRules\":\
        \ [\r\n            {\r\n              \"id\": \"/subscriptions/00000000-0000-0000-0000-000000000000/resourceGroups/cli_test_ag_no_wait000001/providers/Microsoft.Network/applicationGateways/ag2/requestRoutingRules/rule1\"\
        \r\n            }\r\n          ]\r\n        }\r\n      }\r\n    ],\r\n   \
        \ \"httpListeners\": [\r\n      {\r\n        \"name\": \"appGatewayHttpListener\"\
        ,\r\n        \"id\": \"/subscriptions/00000000-0000-0000-0000-000000000000/resourceGroups/cli_test_ag_no_wait000001/providers/Microsoft.Network/applicationGateways/ag2/httpListeners/appGatewayHttpListener\"\
        ,\r\n        \"etag\": \"W/\\\"49e8fb9c-dfc8-48ed-aa09-795e5647bf6d\\\"\"\
        ,\r\n        \"properties\": {\r\n          \"provisioningState\": \"Deleting\"\
        ,\r\n          \"frontendIPConfiguration\": {\r\n            \"id\": \"/subscriptions/00000000-0000-0000-0000-000000000000/resourceGroups/cli_test_ag_no_wait000001/providers/Microsoft.Network/applicationGateways/ag2/frontendIPConfigurations/appGatewayFrontendIP\"\
        \r\n          },\r\n          \"frontendPort\": {\r\n            \"id\": \"\
        /subscriptions/00000000-0000-0000-0000-000000000000/resourceGroups/cli_test_ag_no_wait000001/providers/Microsoft.Network/applicationGateways/ag2/frontendPorts/appGatewayFrontendPort\"\
        \r\n          },\r\n          \"protocol\": \"Http\",\r\n          \"requireServerNameIndication\"\
        : false,\r\n          \"requestRoutingRules\": [\r\n            {\r\n    \
        \          \"id\": \"/subscriptions/00000000-0000-0000-0000-000000000000/resourceGroups/cli_test_ag_no_wait000001/providers/Microsoft.Network/applicationGateways/ag2/requestRoutingRules/rule1\"\
        \r\n            }\r\n          ]\r\n        }\r\n      }\r\n    ],\r\n   \
        \ \"urlPathMaps\": [],\r\n    \"requestRoutingRules\": [\r\n      {\r\n  \
        \      \"name\": \"rule1\",\r\n        \"id\": \"/subscriptions/00000000-0000-0000-0000-000000000000/resourceGroups/cli_test_ag_no_wait000001/providers/Microsoft.Network/applicationGateways/ag2/requestRoutingRules/rule1\"\
        ,\r\n        \"etag\": \"W/\\\"49e8fb9c-dfc8-48ed-aa09-795e5647bf6d\\\"\"\
        ,\r\n        \"properties\": {\r\n          \"provisioningState\": \"Deleting\"\
        ,\r\n          \"ruleType\": \"Basic\",\r\n          \"httpListener\": {\r\
        \n            \"id\": \"/subscriptions/00000000-0000-0000-0000-000000000000/resourceGroups/cli_test_ag_no_wait000001/providers/Microsoft.Network/applicationGateways/ag2/httpListeners/appGatewayHttpListener\"\
        \r\n          },\r\n          \"backendAddressPool\": {\r\n            \"\
        id\": \"/subscriptions/00000000-0000-0000-0000-000000000000/resourceGroups/cli_test_ag_no_wait000001/providers/Microsoft.Network/applicationGateways/ag2/backendAddressPools/appGatewayBackendPool\"\
        \r\n          },\r\n          \"backendHttpSettings\": {\r\n            \"\
        id\": \"/subscriptions/00000000-0000-0000-0000-000000000000/resourceGroups/cli_test_ag_no_wait000001/providers/Microsoft.Network/applicationGateways/ag2/backendHttpSettingsCollection/appGatewayBackendHttpSettings\"\
        \r\n          }\r\n        }\r\n      }\r\n    ],\r\n    \"probes\": [],\r\
        \n    \"redirectConfigurations\": []\r\n  }\r\n}"}
    headers:
      cache-control: [no-cache]
      content-length: ['8512']
      content-type: [application/json; charset=utf-8]
      date: ['Wed, 04 Apr 2018 00:00:45 GMT']
      etag: [W/"49e8fb9c-dfc8-48ed-aa09-795e5647bf6d"]
      expires: ['-1']
      pragma: [no-cache]
      server: [Microsoft-HTTPAPI/2.0, Microsoft-HTTPAPI/2.0]
      strict-transport-security: [max-age=31536000; includeSubDomains]
      transfer-encoding: [chunked]
      vary: [Accept-Encoding]
      x-content-type-options: [nosniff]
    status: {code: 200, message: OK}
- request:
    body: null
    headers:
      Accept: [application/json]
      Accept-Encoding: ['gzip, deflate']
      CommandName: [network application-gateway wait]
      Connection: [keep-alive]
      Content-Type: [application/json; charset=utf-8]
      User-Agent: [python/3.6.2 (Windows-10-10.0.16299-SP0) requests/2.18.4 msrest/0.4.27
          msrest_azure/0.4.25 networkmanagementclient/2.0.0rc2 Azure-SDK-For-Python
          AZURECLI/2.0.31]
      accept-language: [en-US]
    method: GET
    uri: https://management.azure.com/subscriptions/00000000-0000-0000-0000-000000000000/resourceGroups/cli_test_ag_no_wait000001/providers/Microsoft.Network/applicationGateways/ag2?api-version=2018-02-01
  response:
    body: {string: "{\r\n  \"name\": \"ag2\",\r\n  \"id\": \"/subscriptions/00000000-0000-0000-0000-000000000000/resourceGroups/cli_test_ag_no_wait000001/providers/Microsoft.Network/applicationGateways/ag2\"\
        ,\r\n  \"etag\": \"W/\\\"49e8fb9c-dfc8-48ed-aa09-795e5647bf6d\\\"\",\r\n \
        \ \"type\": \"Microsoft.Network/applicationGateways\",\r\n  \"location\":\
        \ \"westus\",\r\n  \"tags\": {\r\n    \"a\": \"b\",\r\n    \"c\": \"d\"\r\n\
        \  },\r\n  \"properties\": {\r\n    \"provisioningState\": \"Deleting\",\r\
        \n    \"resourceGuid\": \"9b1f440b-9530-40d2-a9eb-9c3e8123a3e8\",\r\n    \"\
        sku\": {\r\n      \"name\": \"Standard_Medium\",\r\n      \"tier\": \"Standard\"\
        ,\r\n      \"capacity\": 2\r\n    },\r\n    \"operationalState\": \"Running\"\
        ,\r\n    \"gatewayIPConfigurations\": [\r\n      {\r\n        \"name\": \"\
        appGatewayFrontendIP\",\r\n        \"id\": \"/subscriptions/00000000-0000-0000-0000-000000000000/resourceGroups/cli_test_ag_no_wait000001/providers/Microsoft.Network/applicationGateways/ag2/gatewayIPConfigurations/appGatewayFrontendIP\"\
        ,\r\n        \"etag\": \"W/\\\"49e8fb9c-dfc8-48ed-aa09-795e5647bf6d\\\"\"\
        ,\r\n        \"properties\": {\r\n          \"provisioningState\": \"Deleting\"\
        ,\r\n          \"subnet\": {\r\n            \"id\": \"/subscriptions/00000000-0000-0000-0000-000000000000/resourceGroups/cli_test_ag_no_wait000001/providers/Microsoft.Network/virtualNetworks/ag2Vnet/subnets/default\"\
        \r\n          }\r\n        }\r\n      }\r\n    ],\r\n    \"sslCertificates\"\
        : [],\r\n    \"authenticationCertificates\": [],\r\n    \"frontendIPConfigurations\"\
        : [\r\n      {\r\n        \"name\": \"appGatewayFrontendIP\",\r\n        \"\
        id\": \"/subscriptions/00000000-0000-0000-0000-000000000000/resourceGroups/cli_test_ag_no_wait000001/providers/Microsoft.Network/applicationGateways/ag2/frontendIPConfigurations/appGatewayFrontendIP\"\
        ,\r\n        \"etag\": \"W/\\\"49e8fb9c-dfc8-48ed-aa09-795e5647bf6d\\\"\"\
        ,\r\n        \"properties\": {\r\n          \"provisioningState\": \"Deleting\"\
        ,\r\n          \"privateIPAllocationMethod\": \"Dynamic\",\r\n          \"\
        subnet\": {\r\n            \"id\": \"/subscriptions/00000000-0000-0000-0000-000000000000/resourceGroups/cli_test_ag_no_wait000001/providers/Microsoft.Network/virtualNetworks/ag2Vnet/subnets/default\"\
        \r\n          },\r\n          \"httpListeners\": [\r\n            {\r\n  \
        \            \"id\": \"/subscriptions/00000000-0000-0000-0000-000000000000/resourceGroups/cli_test_ag_no_wait000001/providers/Microsoft.Network/applicationGateways/ag2/httpListeners/appGatewayHttpListener\"\
        \r\n            }\r\n          ]\r\n        }\r\n      }\r\n    ],\r\n   \
        \ \"frontendPorts\": [\r\n      {\r\n        \"name\": \"appGatewayFrontendPort\"\
        ,\r\n        \"id\": \"/subscriptions/00000000-0000-0000-0000-000000000000/resourceGroups/cli_test_ag_no_wait000001/providers/Microsoft.Network/applicationGateways/ag2/frontendPorts/appGatewayFrontendPort\"\
        ,\r\n        \"etag\": \"W/\\\"49e8fb9c-dfc8-48ed-aa09-795e5647bf6d\\\"\"\
        ,\r\n        \"properties\": {\r\n          \"provisioningState\": \"Deleting\"\
        ,\r\n          \"port\": 80,\r\n          \"httpListeners\": [\r\n       \
        \     {\r\n              \"id\": \"/subscriptions/00000000-0000-0000-0000-000000000000/resourceGroups/cli_test_ag_no_wait000001/providers/Microsoft.Network/applicationGateways/ag2/httpListeners/appGatewayHttpListener\"\
        \r\n            }\r\n          ]\r\n        }\r\n      }\r\n    ],\r\n   \
        \ \"backendAddressPools\": [\r\n      {\r\n        \"name\": \"appGatewayBackendPool\"\
        ,\r\n        \"id\": \"/subscriptions/00000000-0000-0000-0000-000000000000/resourceGroups/cli_test_ag_no_wait000001/providers/Microsoft.Network/applicationGateways/ag2/backendAddressPools/appGatewayBackendPool\"\
        ,\r\n        \"etag\": \"W/\\\"49e8fb9c-dfc8-48ed-aa09-795e5647bf6d\\\"\"\
        ,\r\n        \"properties\": {\r\n          \"provisioningState\": \"Deleting\"\
        ,\r\n          \"backendAddresses\": [],\r\n          \"requestRoutingRules\"\
        : [\r\n            {\r\n              \"id\": \"/subscriptions/00000000-0000-0000-0000-000000000000/resourceGroups/cli_test_ag_no_wait000001/providers/Microsoft.Network/applicationGateways/ag2/requestRoutingRules/rule1\"\
        \r\n            }\r\n          ]\r\n        }\r\n      }\r\n    ],\r\n   \
        \ \"backendHttpSettingsCollection\": [\r\n      {\r\n        \"name\": \"\
        appGatewayBackendHttpSettings\",\r\n        \"id\": \"/subscriptions/00000000-0000-0000-0000-000000000000/resourceGroups/cli_test_ag_no_wait000001/providers/Microsoft.Network/applicationGateways/ag2/backendHttpSettingsCollection/appGatewayBackendHttpSettings\"\
        ,\r\n        \"etag\": \"W/\\\"49e8fb9c-dfc8-48ed-aa09-795e5647bf6d\\\"\"\
        ,\r\n        \"properties\": {\r\n          \"provisioningState\": \"Deleting\"\
        ,\r\n          \"port\": 80,\r\n          \"protocol\": \"Http\",\r\n    \
        \      \"cookieBasedAffinity\": \"Disabled\",\r\n          \"connectionDraining\"\
        : {\r\n            \"enabled\": false,\r\n            \"drainTimeoutInSec\"\
        : 1\r\n          },\r\n          \"pickHostNameFromBackendAddress\": false,\r\
        \n          \"requestTimeout\": 30,\r\n          \"requestRoutingRules\":\
        \ [\r\n            {\r\n              \"id\": \"/subscriptions/00000000-0000-0000-0000-000000000000/resourceGroups/cli_test_ag_no_wait000001/providers/Microsoft.Network/applicationGateways/ag2/requestRoutingRules/rule1\"\
        \r\n            }\r\n          ]\r\n        }\r\n      }\r\n    ],\r\n   \
        \ \"httpListeners\": [\r\n      {\r\n        \"name\": \"appGatewayHttpListener\"\
        ,\r\n        \"id\": \"/subscriptions/00000000-0000-0000-0000-000000000000/resourceGroups/cli_test_ag_no_wait000001/providers/Microsoft.Network/applicationGateways/ag2/httpListeners/appGatewayHttpListener\"\
        ,\r\n        \"etag\": \"W/\\\"49e8fb9c-dfc8-48ed-aa09-795e5647bf6d\\\"\"\
        ,\r\n        \"properties\": {\r\n          \"provisioningState\": \"Deleting\"\
        ,\r\n          \"frontendIPConfiguration\": {\r\n            \"id\": \"/subscriptions/00000000-0000-0000-0000-000000000000/resourceGroups/cli_test_ag_no_wait000001/providers/Microsoft.Network/applicationGateways/ag2/frontendIPConfigurations/appGatewayFrontendIP\"\
        \r\n          },\r\n          \"frontendPort\": {\r\n            \"id\": \"\
        /subscriptions/00000000-0000-0000-0000-000000000000/resourceGroups/cli_test_ag_no_wait000001/providers/Microsoft.Network/applicationGateways/ag2/frontendPorts/appGatewayFrontendPort\"\
        \r\n          },\r\n          \"protocol\": \"Http\",\r\n          \"requireServerNameIndication\"\
        : false,\r\n          \"requestRoutingRules\": [\r\n            {\r\n    \
        \          \"id\": \"/subscriptions/00000000-0000-0000-0000-000000000000/resourceGroups/cli_test_ag_no_wait000001/providers/Microsoft.Network/applicationGateways/ag2/requestRoutingRules/rule1\"\
        \r\n            }\r\n          ]\r\n        }\r\n      }\r\n    ],\r\n   \
        \ \"urlPathMaps\": [],\r\n    \"requestRoutingRules\": [\r\n      {\r\n  \
        \      \"name\": \"rule1\",\r\n        \"id\": \"/subscriptions/00000000-0000-0000-0000-000000000000/resourceGroups/cli_test_ag_no_wait000001/providers/Microsoft.Network/applicationGateways/ag2/requestRoutingRules/rule1\"\
        ,\r\n        \"etag\": \"W/\\\"49e8fb9c-dfc8-48ed-aa09-795e5647bf6d\\\"\"\
        ,\r\n        \"properties\": {\r\n          \"provisioningState\": \"Deleting\"\
        ,\r\n          \"ruleType\": \"Basic\",\r\n          \"httpListener\": {\r\
        \n            \"id\": \"/subscriptions/00000000-0000-0000-0000-000000000000/resourceGroups/cli_test_ag_no_wait000001/providers/Microsoft.Network/applicationGateways/ag2/httpListeners/appGatewayHttpListener\"\
        \r\n          },\r\n          \"backendAddressPool\": {\r\n            \"\
        id\": \"/subscriptions/00000000-0000-0000-0000-000000000000/resourceGroups/cli_test_ag_no_wait000001/providers/Microsoft.Network/applicationGateways/ag2/backendAddressPools/appGatewayBackendPool\"\
        \r\n          },\r\n          \"backendHttpSettings\": {\r\n            \"\
        id\": \"/subscriptions/00000000-0000-0000-0000-000000000000/resourceGroups/cli_test_ag_no_wait000001/providers/Microsoft.Network/applicationGateways/ag2/backendHttpSettingsCollection/appGatewayBackendHttpSettings\"\
        \r\n          }\r\n        }\r\n      }\r\n    ],\r\n    \"probes\": [],\r\
        \n    \"redirectConfigurations\": []\r\n  }\r\n}"}
    headers:
      cache-control: [no-cache]
      content-length: ['8512']
      content-type: [application/json; charset=utf-8]
      date: ['Wed, 04 Apr 2018 00:01:16 GMT']
      etag: [W/"49e8fb9c-dfc8-48ed-aa09-795e5647bf6d"]
      expires: ['-1']
      pragma: [no-cache]
      server: [Microsoft-HTTPAPI/2.0, Microsoft-HTTPAPI/2.0]
      strict-transport-security: [max-age=31536000; includeSubDomains]
      transfer-encoding: [chunked]
      vary: [Accept-Encoding]
      x-content-type-options: [nosniff]
    status: {code: 200, message: OK}
- request:
    body: null
    headers:
      Accept: [application/json]
      Accept-Encoding: ['gzip, deflate']
      CommandName: [network application-gateway wait]
      Connection: [keep-alive]
      Content-Type: [application/json; charset=utf-8]
      User-Agent: [python/3.6.2 (Windows-10-10.0.16299-SP0) requests/2.18.4 msrest/0.4.27
          msrest_azure/0.4.25 networkmanagementclient/2.0.0rc2 Azure-SDK-For-Python
          AZURECLI/2.0.31]
      accept-language: [en-US]
    method: GET
    uri: https://management.azure.com/subscriptions/00000000-0000-0000-0000-000000000000/resourceGroups/cli_test_ag_no_wait000001/providers/Microsoft.Network/applicationGateways/ag2?api-version=2018-02-01
  response:
    body: {string: '{"error":{"code":"ResourceNotFound","message":"The Resource ''Microsoft.Network/applicationGateways/ag2''
        under resource group ''cli_test_ag_no_wait000001'' was not found."}}'}
    headers:
      cache-control: [no-cache]
      content-length: ['220']
      content-type: [application/json; charset=utf-8]
      date: ['Wed, 04 Apr 2018 00:01:47 GMT']
      expires: ['-1']
      pragma: [no-cache]
      strict-transport-security: [max-age=31536000; includeSubDomains]
      x-content-type-options: [nosniff]
      x-ms-failure-cause: [gateway]
    status: {code: 404, message: Not Found}
- request:
    body: null
    headers:
      Accept: [application/json]
      Accept-Encoding: ['gzip, deflate']
      CommandName: [group delete]
      Connection: [keep-alive]
      Content-Length: ['0']
      Content-Type: [application/json; charset=utf-8]
      User-Agent: [python/3.6.2 (Windows-10-10.0.16299-SP0) requests/2.18.4 msrest/0.4.27
          msrest_azure/0.4.25 resourcemanagementclient/1.2.1 Azure-SDK-For-Python
          AZURECLI/2.0.31]
      accept-language: [en-US]
    method: DELETE
    uri: https://management.azure.com/subscriptions/00000000-0000-0000-0000-000000000000/resourcegroups/cli_test_ag_no_wait000001?api-version=2017-05-10
  response:
    body: {string: ''}
    headers:
      cache-control: [no-cache]
      content-length: ['0']
      date: ['Wed, 04 Apr 2018 00:01:47 GMT']
      expires: ['-1']
      location: ['https://management.azure.com/subscriptions/00000000-0000-0000-0000-000000000000/operationresults/eyJqb2JJZCI6IlJFU09VUkNFR1JPVVBERUxFVElPTkpPQi1DTEk6NUZURVNUOjVGQUc6NUZOTzo1RldBSVRaWE1MUEZBT0xEWlBHVFRRQk9aS3xCQkU2M0U1OThERDk5RTEwLVdFU1RVUyIsImpvYkxvY2F0aW9uIjoid2VzdHVzIn0?api-version=2017-05-10']
      pragma: [no-cache]
      strict-transport-security: [max-age=31536000; includeSubDomains]
      x-content-type-options: [nosniff]
      x-ms-ratelimit-remaining-subscription-writes: ['1198']
    status: {code: 202, message: Accepted}
version: 1
