interactions:
- request:
    body: '{"location": "westus", "tags": {"product": "azurecli", "cause": "automation",
      "date": "2019-01-31T22:56:49Z"}}'
    headers:
      Accept: [application/json]
      Accept-Encoding: ['gzip, deflate']
      CommandName: [group create]
      Connection: [keep-alive]
      Content-Length: ['110']
      Content-Type: [application/json; charset=utf-8]
      ParameterSetName: [--location --name --tag]
      User-Agent: [python/3.7.2 (Darwin-18.2.0-x86_64-i386-64bit) msrest/0.6.4 msrest_azure/0.4.34
          resourcemanagementclient/2.1.0 Azure-SDK-For-Python AZURECLI/2.0.56]
      accept-language: [en-US]
    method: PUT
    uri: https://management.azure.com/subscriptions/00000000-0000-0000-0000-000000000000/resourcegroups/cli_dns_zone4_import000001?api-version=2018-05-01
  response:
    body: {string: '{"id":"/subscriptions/00000000-0000-0000-0000-000000000000/resourceGroups/cli_dns_zone4_import000001","name":"cli_dns_zone4_import000001","location":"westus","tags":{"product":"azurecli","cause":"automation","date":"2019-01-31T22:56:49Z"},"properties":{"provisioningState":"Succeeded"}}'}
    headers:
      cache-control: [no-cache]
      content-length: ['384']
      content-type: [application/json; charset=utf-8]
      date: ['Thu, 31 Jan 2019 22:55:54 GMT']
      expires: ['-1']
      pragma: [no-cache]
      strict-transport-security: [max-age=31536000; includeSubDomains]
      x-content-type-options: [nosniff]
      x-ms-ratelimit-remaining-subscription-writes: ['1199']
    status: {code: 201, message: Created}
- request:
    body: '{"location": "global", "properties": {"zoneType": "Public"}}'
    headers:
      Accept: [application/json]
      Accept-Encoding: ['gzip, deflate']
      CommandName: [network dns zone import]
      Connection: [keep-alive]
      Content-Length: ['60']
      Content-Type: [application/json; charset=utf-8]
      ParameterSetName: [-n -g --file-name]
      User-Agent: [python/3.7.2 (Darwin-18.2.0-x86_64-i386-64bit) msrest/0.6.4 msrest_azure/0.4.34
          azure-mgmt-dns/2.1.0 Azure-SDK-For-Python AZURECLI/2.0.56]
      accept-language: [en-US]
    method: PUT
    uri: https://management.azure.com/subscriptions/00000000-0000-0000-0000-000000000000/resourceGroups/cli_dns_zone4_import000001/providers/Microsoft.Network/dnsZones/zone4.com?api-version=2018-05-01
  response:
    body: {string: '{"id":"\/subscriptions\/c9cbd920-c00c-427c-852b-8aaf38badaeb\/resourceGroups\/cli_dns_zone4_import000001\/providers\/Microsoft.Network\/dnszones\/zone4.com","name":"zone4.com","type":"Microsoft.Network\/dnszones","etag":"00000002-0000-0000-f6ea-1f20b8b9d401","location":"global","tags":{},"properties":{"maxNumberOfRecordSets":5000,"maxNumberOfRecordsPerRecordSet":null,"nameServers":["ns1-01.ppe.azure-dns.com.","ns2-01.ppe.azure-dns.net.","ns3-01.ppe.azure-dns.org.","ns4-01.ppe.azure-dns.info."],"numberOfRecordSets":2,"zoneType":"Public"}}'}
    headers:
      cache-control: [private]
      content-length: ['592']
      content-type: [application/json; charset=utf-8]
      date: ['Thu, 31 Jan 2019 22:55:56 GMT']
      etag: [00000002-0000-0000-f6ea-1f20b8b9d401]
      server: [Microsoft-IIS/10.0]
      strict-transport-security: [max-age=31536000; includeSubDomains]
      x-aspnet-version: [4.0.30319]
      x-content-type-options: [nosniff]
      x-ms-ratelimit-remaining-subscription-resource-requests: ['11999']
      x-powered-by: [ASP.NET]
    status: {code: 201, message: Created}
- request:
    body: null
    headers:
      Accept: [application/json]
      Accept-Encoding: ['gzip, deflate']
      CommandName: [network dns zone import]
      Connection: [keep-alive]
      ParameterSetName: [-n -g --file-name]
      User-Agent: [python/3.7.2 (Darwin-18.2.0-x86_64-i386-64bit) msrest/0.6.4 msrest_azure/0.4.34
          azure-mgmt-dns/2.1.0 Azure-SDK-For-Python AZURECLI/2.0.56]
      accept-language: [en-US]
    method: GET
    uri: https://management.azure.com/subscriptions/00000000-0000-0000-0000-000000000000/resourceGroups/cli_dns_zone4_import000001/providers/Microsoft.Network/dnsZones/zone4.com/SOA/@?api-version=2018-05-01
  response:
    body: {string: '{"id":"\/subscriptions\/c9cbd920-c00c-427c-852b-8aaf38badaeb\/resourceGroups\/cli_dns_zone4_import000001\/providers\/Microsoft.Network\/dnszones\/zone4.com\/SOA\/@","name":"@","type":"Microsoft.Network\/dnszones\/SOA","etag":"c9cf0c2a-63f3-4cf7-bb06-12c050bb3df7","properties":{"fqdn":"zone4.com.","TTL":3600,"SOARecord":{"email":"azuredns-hostmaster.microsoft.com","expireTime":2419200,"host":"ns1-01.ppe.azure-dns.com.","minimumTTL":300,"refreshTime":3600,"retryTime":300,"serialNumber":1},"targetResource":{},"provisioningState":"Succeeded"}}'}
    headers:
      cache-control: [private]
      content-length: ['594']
      content-type: [application/json; charset=utf-8]
      date: ['Thu, 31 Jan 2019 22:55:57 GMT']
      etag: [c9cf0c2a-63f3-4cf7-bb06-12c050bb3df7]
      server: [Microsoft-IIS/10.0]
      strict-transport-security: [max-age=31536000; includeSubDomains]
      transfer-encoding: [chunked]
      vary: [Accept-Encoding]
      x-aspnet-version: [4.0.30319]
      x-content-type-options: [nosniff]
      x-ms-ratelimit-remaining-subscription-resource-requests: ['499']
      x-powered-by: [ASP.NET]
    status: {code: 200, message: OK}
- request:
    body: '{"properties": {"TTL": 3600, "SOARecord": {"host": "ns1-01.ppe.azure-dns.com.",
      "email": "hostmaster.zone4.com.", "serialNumber": 2003080800, "refreshTime":
      43200, "retryTime": 900, "expireTime": 1814400, "minimumTTL": 10800}}}'
    headers:
      Accept: [application/json]
      Accept-Encoding: ['gzip, deflate']
      CommandName: [network dns zone import]
      Connection: [keep-alive]
      Content-Length: ['227']
      Content-Type: [application/json; charset=utf-8]
      ParameterSetName: [-n -g --file-name]
      User-Agent: [python/3.7.2 (Darwin-18.2.0-x86_64-i386-64bit) msrest/0.6.4 msrest_azure/0.4.34
          azure-mgmt-dns/2.1.0 Azure-SDK-For-Python AZURECLI/2.0.56]
      accept-language: [en-US]
    method: PUT
    uri: https://management.azure.com/subscriptions/00000000-0000-0000-0000-000000000000/resourceGroups/cli_dns_zone4_import000001/providers/Microsoft.Network/dnsZones/zone4.com/SOA/@?api-version=2018-05-01
  response:
    body: {string: '{"id":"\/subscriptions\/c9cbd920-c00c-427c-852b-8aaf38badaeb\/resourceGroups\/cli_dns_zone4_import000001\/providers\/Microsoft.Network\/dnszones\/zone4.com\/SOA\/@","name":"@","type":"Microsoft.Network\/dnszones\/SOA","etag":"3bfa6296-686c-447c-a3ce-5db8a035114f","properties":{"fqdn":"zone4.com.","TTL":3600,"SOARecord":{"email":"hostmaster.zone4.com.","expireTime":1814400,"host":"ns1-01.ppe.azure-dns.com.","minimumTTL":10800,"refreshTime":43200,"retryTime":900,"serialNumber":2003080800},"targetResource":{},"provisioningState":"Succeeded"}}'}
    headers:
      cache-control: [private]
      content-length: ['594']
      content-type: [application/json; charset=utf-8]
      date: ['Thu, 31 Jan 2019 22:55:58 GMT']
      etag: [3bfa6296-686c-447c-a3ce-5db8a035114f]
      server: [Microsoft-IIS/10.0]
      strict-transport-security: [max-age=31536000; includeSubDomains]
      transfer-encoding: [chunked]
      vary: [Accept-Encoding]
      x-aspnet-version: [4.0.30319]
      x-content-type-options: [nosniff]
      x-ms-ratelimit-remaining-subscription-resource-requests: ['11999']
      x-powered-by: [ASP.NET]
    status: {code: 200, message: OK}
- request:
    body: null
    headers:
      Accept: [application/json]
      Accept-Encoding: ['gzip, deflate']
      CommandName: [network dns zone import]
      Connection: [keep-alive]
      ParameterSetName: [-n -g --file-name]
      User-Agent: [python/3.7.2 (Darwin-18.2.0-x86_64-i386-64bit) msrest/0.6.4 msrest_azure/0.4.34
          azure-mgmt-dns/2.1.0 Azure-SDK-For-Python AZURECLI/2.0.56]
      accept-language: [en-US]
    method: GET
    uri: https://management.azure.com/subscriptions/00000000-0000-0000-0000-000000000000/resourceGroups/cli_dns_zone4_import000001/providers/Microsoft.Network/dnsZones/zone4.com/NS/@?api-version=2018-05-01
  response:
    body: {string: '{"id":"\/subscriptions\/c9cbd920-c00c-427c-852b-8aaf38badaeb\/resourceGroups\/cli_dns_zone4_import000001\/providers\/Microsoft.Network\/dnszones\/zone4.com\/NS\/@","name":"@","type":"Microsoft.Network\/dnszones\/NS","etag":"b45791ab-5232-4c9a-bcb8-b4f636236bb2","properties":{"fqdn":"zone4.com.","TTL":172800,"NSRecords":[{"nsdname":"ns1-01.ppe.azure-dns.com."},{"nsdname":"ns2-01.ppe.azure-dns.net."},{"nsdname":"ns3-01.ppe.azure-dns.org."},{"nsdname":"ns4-01.ppe.azure-dns.info."}],"targetResource":{},"provisioningState":"Succeeded"}}'}
    headers:
      cache-control: [private]
      content-length: ['586']
      content-type: [application/json; charset=utf-8]
      date: ['Thu, 31 Jan 2019 22:55:59 GMT']
      etag: [b45791ab-5232-4c9a-bcb8-b4f636236bb2]
      server: [Microsoft-IIS/10.0]
      strict-transport-security: [max-age=31536000; includeSubDomains]
      transfer-encoding: [chunked]
      vary: [Accept-Encoding]
      x-aspnet-version: [4.0.30319]
      x-content-type-options: [nosniff]
      x-ms-ratelimit-remaining-subscription-resource-requests: ['499']
      x-powered-by: [ASP.NET]
    status: {code: 200, message: OK}
- request:
    body: '{"etag": "b45791ab-5232-4c9a-bcb8-b4f636236bb2", "properties": {"TTL":
      100, "targetResource": {}, "NSRecords": [{"nsdname": "ns1-01.ppe.azure-dns.com."},
      {"nsdname": "ns2-01.ppe.azure-dns.net."}, {"nsdname": "ns3-01.ppe.azure-dns.org."},
      {"nsdname": "ns4-01.ppe.azure-dns.info."}]}}'
    headers:
      Accept: [application/json]
      Accept-Encoding: ['gzip, deflate']
      CommandName: [network dns zone import]
      Connection: [keep-alive]
      Content-Length: ['282']
      Content-Type: [application/json; charset=utf-8]
      ParameterSetName: [-n -g --file-name]
      User-Agent: [python/3.7.2 (Darwin-18.2.0-x86_64-i386-64bit) msrest/0.6.4 msrest_azure/0.4.34
          azure-mgmt-dns/2.1.0 Azure-SDK-For-Python AZURECLI/2.0.56]
      accept-language: [en-US]
    method: PUT
    uri: https://management.azure.com/subscriptions/00000000-0000-0000-0000-000000000000/resourceGroups/cli_dns_zone4_import000001/providers/Microsoft.Network/dnsZones/zone4.com/NS/@?api-version=2018-05-01
  response:
    body: {string: '{"id":"\/subscriptions\/c9cbd920-c00c-427c-852b-8aaf38badaeb\/resourceGroups\/cli_dns_zone4_import000001\/providers\/Microsoft.Network\/dnszones\/zone4.com\/NS\/@","name":"@","type":"Microsoft.Network\/dnszones\/NS","etag":"745d53f5-cb00-4c39-8d54-19ccb852eed9","properties":{"fqdn":"zone4.com.","TTL":100,"NSRecords":[{"nsdname":"ns1-01.ppe.azure-dns.com."},{"nsdname":"ns2-01.ppe.azure-dns.net."},{"nsdname":"ns3-01.ppe.azure-dns.org."},{"nsdname":"ns4-01.ppe.azure-dns.info."}],"targetResource":{},"provisioningState":"Succeeded"}}'}
    headers:
      cache-control: [private]
      content-length: ['583']
      content-type: [application/json; charset=utf-8]
      date: ['Thu, 31 Jan 2019 22:56:01 GMT']
      etag: [745d53f5-cb00-4c39-8d54-19ccb852eed9]
      server: [Microsoft-IIS/10.0]
      strict-transport-security: [max-age=31536000; includeSubDomains]
      transfer-encoding: [chunked]
      vary: [Accept-Encoding]
      x-aspnet-version: [4.0.30319]
      x-content-type-options: [nosniff]
      x-ms-ratelimit-remaining-subscription-resource-requests: ['11998']
      x-powered-by: [ASP.NET]
    status: {code: 200, message: OK}
- request:
    body: '{"properties": {"TTL": 300, "ARecords": [{"ipv4Address": "10.1.2.3"}]}}'
    headers:
      Accept: [application/json]
      Accept-Encoding: ['gzip, deflate']
      CommandName: [network dns zone import]
      Connection: [keep-alive]
      Content-Length: ['71']
      Content-Type: [application/json; charset=utf-8]
      ParameterSetName: [-n -g --file-name]
      User-Agent: [python/3.7.2 (Darwin-18.2.0-x86_64-i386-64bit) msrest/0.6.4 msrest_azure/0.4.34
          azure-mgmt-dns/2.1.0 Azure-SDK-For-Python AZURECLI/2.0.56]
      accept-language: [en-US]
    method: PUT
    uri: https://management.azure.com/subscriptions/00000000-0000-0000-0000-000000000000/resourceGroups/cli_dns_zone4_import000001/providers/Microsoft.Network/dnsZones/zone4.com/A/ttl-300?api-version=2018-05-01
  response:
    body: {string: '{"id":"\/subscriptions\/c9cbd920-c00c-427c-852b-8aaf38badaeb\/resourceGroups\/cli_dns_zone4_import000001\/providers\/Microsoft.Network\/dnszones\/zone4.com\/A\/ttl-300","name":"ttl-300","type":"Microsoft.Network\/dnszones\/A","etag":"472f9dfb-065c-416a-8f29-8d4982a6367b","properties":{"fqdn":"ttl-300.zone4.com.","TTL":300,"ARecords":[{"ipv4Address":"10.1.2.3"}],"targetResource":{},"provisioningState":"Succeeded"}}'}
    headers:
      cache-control: [private]
      content-length: ['466']
      content-type: [application/json; charset=utf-8]
      date: ['Thu, 31 Jan 2019 22:56:02 GMT']
      etag: [472f9dfb-065c-416a-8f29-8d4982a6367b]
      server: [Microsoft-IIS/10.0]
      strict-transport-security: [max-age=31536000; includeSubDomains]
      x-aspnet-version: [4.0.30319]
      x-content-type-options: [nosniff]
      x-ms-ratelimit-remaining-subscription-resource-requests: ['11999']
      x-powered-by: [ASP.NET]
    status: {code: 201, message: Created}
- request:
    body: '{"properties": {"TTL": 0, "ARecords": [{"ipv4Address": "10.2.3.4"}]}}'
    headers:
      Accept: [application/json]
      Accept-Encoding: ['gzip, deflate']
      CommandName: [network dns zone import]
      Connection: [keep-alive]
      Content-Length: ['69']
      Content-Type: [application/json; charset=utf-8]
      ParameterSetName: [-n -g --file-name]
      User-Agent: [python/3.7.2 (Darwin-18.2.0-x86_64-i386-64bit) msrest/0.6.4 msrest_azure/0.4.34
          azure-mgmt-dns/2.1.0 Azure-SDK-For-Python AZURECLI/2.0.56]
      accept-language: [en-US]
    method: PUT
    uri: https://management.azure.com/subscriptions/00000000-0000-0000-0000-000000000000/resourceGroups/cli_dns_zone4_import000001/providers/Microsoft.Network/dnsZones/zone4.com/A/ttl-0?api-version=2018-05-01
  response:
    body: {string: '{"id":"\/subscriptions\/c9cbd920-c00c-427c-852b-8aaf38badaeb\/resourceGroups\/cli_dns_zone4_import000001\/providers\/Microsoft.Network\/dnszones\/zone4.com\/A\/ttl-0","name":"ttl-0","type":"Microsoft.Network\/dnszones\/A","etag":"5a458c02-fbcd-435a-8809-6cfe30e3e1fd","properties":{"fqdn":"ttl-0.zone4.com.","TTL":0,"ARecords":[{"ipv4Address":"10.2.3.4"}],"targetResource":{},"provisioningState":"Succeeded"}}'}
    headers:
      cache-control: [private]
      content-length: ['458']
      content-type: [application/json; charset=utf-8]
      date: ['Thu, 31 Jan 2019 22:56:04 GMT']
      etag: [5a458c02-fbcd-435a-8809-6cfe30e3e1fd]
      server: [Microsoft-IIS/10.0]
      strict-transport-security: [max-age=31536000; includeSubDomains]
      x-aspnet-version: [4.0.30319]
      x-content-type-options: [nosniff]
      x-ms-ratelimit-remaining-subscription-resource-requests: ['11999']
      x-powered-by: [ASP.NET]
    status: {code: 201, message: Created}
- request:
    body: '{"properties": {"TTL": 60, "ARecords": [{"ipv4Address": "10.3.4.5"}]}}'
    headers:
      Accept: [application/json]
      Accept-Encoding: ['gzip, deflate']
      CommandName: [network dns zone import]
      Connection: [keep-alive]
      Content-Length: ['70']
      Content-Type: [application/json; charset=utf-8]
      ParameterSetName: [-n -g --file-name]
      User-Agent: [python/3.7.2 (Darwin-18.2.0-x86_64-i386-64bit) msrest/0.6.4 msrest_azure/0.4.34
          azure-mgmt-dns/2.1.0 Azure-SDK-For-Python AZURECLI/2.0.56]
      accept-language: [en-US]
    method: PUT
    uri: https://management.azure.com/subscriptions/00000000-0000-0000-0000-000000000000/resourceGroups/cli_dns_zone4_import000001/providers/Microsoft.Network/dnsZones/zone4.com/A/ttl-60?api-version=2018-05-01
  response:
    body: {string: '{"id":"\/subscriptions\/c9cbd920-c00c-427c-852b-8aaf38badaeb\/resourceGroups\/cli_dns_zone4_import000001\/providers\/Microsoft.Network\/dnszones\/zone4.com\/A\/ttl-60","name":"ttl-60","type":"Microsoft.Network\/dnszones\/A","etag":"eb6f134e-4d14-41f8-bf8d-c4a77a5d4494","properties":{"fqdn":"ttl-60.zone4.com.","TTL":60,"ARecords":[{"ipv4Address":"10.3.4.5"}],"targetResource":{},"provisioningState":"Succeeded"}}'}
    headers:
      cache-control: [private]
      content-length: ['462']
      content-type: [application/json; charset=utf-8]
      date: ['Thu, 31 Jan 2019 22:56:05 GMT']
      etag: [eb6f134e-4d14-41f8-bf8d-c4a77a5d4494]
      server: [Microsoft-IIS/10.0]
      strict-transport-security: [max-age=31536000; includeSubDomains]
      x-aspnet-version: [4.0.30319]
      x-content-type-options: [nosniff]
      x-ms-ratelimit-remaining-subscription-resource-requests: ['11999']
      x-powered-by: [ASP.NET]
    status: {code: 201, message: Created}
- request:
    body: '{"properties": {"TTL": 604800, "ARecords": [{"ipv4Address": "10.3.4.5"}]}}'
    headers:
      Accept: [application/json]
      Accept-Encoding: ['gzip, deflate']
      CommandName: [network dns zone import]
      Connection: [keep-alive]
      Content-Length: ['74']
      Content-Type: [application/json; charset=utf-8]
      ParameterSetName: [-n -g --file-name]
      User-Agent: [python/3.7.2 (Darwin-18.2.0-x86_64-i386-64bit) msrest/0.6.4 msrest_azure/0.4.34
          azure-mgmt-dns/2.1.0 Azure-SDK-For-Python AZURECLI/2.0.56]
      accept-language: [en-US]
    method: PUT
    uri: https://management.azure.com/subscriptions/00000000-0000-0000-0000-000000000000/resourceGroups/cli_dns_zone4_import000001/providers/Microsoft.Network/dnsZones/zone4.com/A/ttl-1w?api-version=2018-05-01
  response:
    body: {string: '{"id":"\/subscriptions\/c9cbd920-c00c-427c-852b-8aaf38badaeb\/resourceGroups\/cli_dns_zone4_import000001\/providers\/Microsoft.Network\/dnszones\/zone4.com\/A\/ttl-1w","name":"ttl-1w","type":"Microsoft.Network\/dnszones\/A","etag":"c5512d50-2d9f-43cc-9b42-71670df5bc26","properties":{"fqdn":"ttl-1w.zone4.com.","TTL":604800,"ARecords":[{"ipv4Address":"10.3.4.5"}],"targetResource":{},"provisioningState":"Succeeded"}}'}
    headers:
      cache-control: [private]
      content-length: ['466']
      content-type: [application/json; charset=utf-8]
      date: ['Thu, 31 Jan 2019 22:56:05 GMT']
      etag: [c5512d50-2d9f-43cc-9b42-71670df5bc26]
      server: [Microsoft-IIS/10.0]
      strict-transport-security: [max-age=31536000; includeSubDomains]
      x-aspnet-version: [4.0.30319]
      x-content-type-options: [nosniff]
      x-ms-ratelimit-remaining-subscription-resource-requests: ['11999']
      x-powered-by: [ASP.NET]
    status: {code: 201, message: Created}
- request:
    body: '{"properties": {"TTL": 86400, "ARecords": [{"ipv4Address": "10.7.8.9"}]}}'
    headers:
      Accept: [application/json]
      Accept-Encoding: ['gzip, deflate']
      CommandName: [network dns zone import]
      Connection: [keep-alive]
      Content-Length: ['73']
      Content-Type: [application/json; charset=utf-8]
      ParameterSetName: [-n -g --file-name]
      User-Agent: [python/3.7.2 (Darwin-18.2.0-x86_64-i386-64bit) msrest/0.6.4 msrest_azure/0.4.34
          azure-mgmt-dns/2.1.0 Azure-SDK-For-Python AZURECLI/2.0.56]
      accept-language: [en-US]
    method: PUT
    uri: https://management.azure.com/subscriptions/00000000-0000-0000-0000-000000000000/resourceGroups/cli_dns_zone4_import000001/providers/Microsoft.Network/dnsZones/zone4.com/A/ttl-1d?api-version=2018-05-01
  response:
    body: {string: '{"id":"\/subscriptions\/c9cbd920-c00c-427c-852b-8aaf38badaeb\/resourceGroups\/cli_dns_zone4_import000001\/providers\/Microsoft.Network\/dnszones\/zone4.com\/A\/ttl-1d","name":"ttl-1d","type":"Microsoft.Network\/dnszones\/A","etag":"4114bc0b-afbc-44dc-981c-aff484f0f842","properties":{"fqdn":"ttl-1d.zone4.com.","TTL":86400,"ARecords":[{"ipv4Address":"10.7.8.9"}],"targetResource":{},"provisioningState":"Succeeded"}}'}
    headers:
      cache-control: [private]
      content-length: ['465']
      content-type: [application/json; charset=utf-8]
      date: ['Thu, 31 Jan 2019 22:56:06 GMT']
      etag: [4114bc0b-afbc-44dc-981c-aff484f0f842]
      server: [Microsoft-IIS/10.0]
      strict-transport-security: [max-age=31536000; includeSubDomains]
      x-aspnet-version: [4.0.30319]
      x-content-type-options: [nosniff]
      x-ms-ratelimit-remaining-subscription-resource-requests: ['11999']
      x-powered-by: [ASP.NET]
    status: {code: 201, message: Created}
- request:
    body: '{"properties": {"TTL": 3600, "ARecords": [{"ipv4Address": "10.4.5.6"}]}}'
    headers:
      Accept: [application/json]
      Accept-Encoding: ['gzip, deflate']
      CommandName: [network dns zone import]
      Connection: [keep-alive]
      Content-Length: ['72']
      Content-Type: [application/json; charset=utf-8]
      ParameterSetName: [-n -g --file-name]
      User-Agent: [python/3.7.2 (Darwin-18.2.0-x86_64-i386-64bit) msrest/0.6.4 msrest_azure/0.4.34
          azure-mgmt-dns/2.1.0 Azure-SDK-For-Python AZURECLI/2.0.56]
      accept-language: [en-US]
    method: PUT
    uri: https://management.azure.com/subscriptions/00000000-0000-0000-0000-000000000000/resourceGroups/cli_dns_zone4_import000001/providers/Microsoft.Network/dnsZones/zone4.com/A/ttl-1h?api-version=2018-05-01
  response:
    body: {string: '{"id":"\/subscriptions\/c9cbd920-c00c-427c-852b-8aaf38badaeb\/resourceGroups\/cli_dns_zone4_import000001\/providers\/Microsoft.Network\/dnszones\/zone4.com\/A\/ttl-1h","name":"ttl-1h","type":"Microsoft.Network\/dnszones\/A","etag":"16346e5f-927e-47c3-9481-7f1cd935abc6","properties":{"fqdn":"ttl-1h.zone4.com.","TTL":3600,"ARecords":[{"ipv4Address":"10.4.5.6"}],"targetResource":{},"provisioningState":"Succeeded"}}'}
    headers:
      cache-control: [private]
      content-length: ['464']
      content-type: [application/json; charset=utf-8]
      date: ['Thu, 31 Jan 2019 22:56:08 GMT']
      etag: [16346e5f-927e-47c3-9481-7f1cd935abc6]
      server: [Microsoft-IIS/10.0]
      strict-transport-security: [max-age=31536000; includeSubDomains]
      x-aspnet-version: [4.0.30319]
      x-content-type-options: [nosniff]
      x-ms-ratelimit-remaining-subscription-resource-requests: ['11999']
      x-powered-by: [ASP.NET]
    status: {code: 201, message: Created}
- request:
    body: '{"properties": {"TTL": 99, "ARecords": [{"ipv4Address": "10.5.6.7"}]}}'
    headers:
      Accept: [application/json]
      Accept-Encoding: ['gzip, deflate']
      CommandName: [network dns zone import]
      Connection: [keep-alive]
      Content-Length: ['70']
      Content-Type: [application/json; charset=utf-8]
      ParameterSetName: [-n -g --file-name]
      User-Agent: [python/3.7.2 (Darwin-18.2.0-x86_64-i386-64bit) msrest/0.6.4 msrest_azure/0.4.34
          azure-mgmt-dns/2.1.0 Azure-SDK-For-Python AZURECLI/2.0.56]
      accept-language: [en-US]
    method: PUT
    uri: https://management.azure.com/subscriptions/00000000-0000-0000-0000-000000000000/resourceGroups/cli_dns_zone4_import000001/providers/Microsoft.Network/dnsZones/zone4.com/A/ttl-99s?api-version=2018-05-01
  response:
    body: {string: '{"id":"\/subscriptions\/c9cbd920-c00c-427c-852b-8aaf38badaeb\/resourceGroups\/cli_dns_zone4_import000001\/providers\/Microsoft.Network\/dnszones\/zone4.com\/A\/ttl-99s","name":"ttl-99s","type":"Microsoft.Network\/dnszones\/A","etag":"5741f181-fcb0-4f02-a2ad-f292f4e8f8e0","properties":{"fqdn":"ttl-99s.zone4.com.","TTL":99,"ARecords":[{"ipv4Address":"10.5.6.7"}],"targetResource":{},"provisioningState":"Succeeded"}}'}
    headers:
      cache-control: [private]
      content-length: ['465']
      content-type: [application/json; charset=utf-8]
      date: ['Thu, 31 Jan 2019 22:56:09 GMT']
      etag: [5741f181-fcb0-4f02-a2ad-f292f4e8f8e0]
      server: [Microsoft-IIS/10.0]
      strict-transport-security: [max-age=31536000; includeSubDomains]
      x-aspnet-version: [4.0.30319]
      x-content-type-options: [nosniff]
      x-ms-ratelimit-remaining-subscription-resource-requests: ['11998']
      x-powered-by: [ASP.NET]
    status: {code: 201, message: Created}
- request:
    body: '{"properties": {"TTL": 100, "ARecords": [{"ipv4Address": "10.6.7.8"}]}}'
    headers:
      Accept: [application/json]
      Accept-Encoding: ['gzip, deflate']
      CommandName: [network dns zone import]
      Connection: [keep-alive]
      Content-Length: ['71']
      Content-Type: [application/json; charset=utf-8]
      ParameterSetName: [-n -g --file-name]
      User-Agent: [python/3.7.2 (Darwin-18.2.0-x86_64-i386-64bit) msrest/0.6.4 msrest_azure/0.4.34
          azure-mgmt-dns/2.1.0 Azure-SDK-For-Python AZURECLI/2.0.56]
      accept-language: [en-US]
    method: PUT
    uri: https://management.azure.com/subscriptions/00000000-0000-0000-0000-000000000000/resourceGroups/cli_dns_zone4_import000001/providers/Microsoft.Network/dnsZones/zone4.com/A/ttl-100?api-version=2018-05-01
  response:
    body: {string: '{"id":"\/subscriptions\/c9cbd920-c00c-427c-852b-8aaf38badaeb\/resourceGroups\/cli_dns_zone4_import000001\/providers\/Microsoft.Network\/dnszones\/zone4.com\/A\/ttl-100","name":"ttl-100","type":"Microsoft.Network\/dnszones\/A","etag":"976015aa-80dc-40bf-8a06-0639e54b683d","properties":{"fqdn":"ttl-100.zone4.com.","TTL":100,"ARecords":[{"ipv4Address":"10.6.7.8"}],"targetResource":{},"provisioningState":"Succeeded"}}'}
    headers:
      cache-control: [private]
      content-length: ['466']
      content-type: [application/json; charset=utf-8]
      date: ['Thu, 31 Jan 2019 22:56:11 GMT']
      etag: [976015aa-80dc-40bf-8a06-0639e54b683d]
      server: [Microsoft-IIS/10.0]
      strict-transport-security: [max-age=31536000; includeSubDomains]
      x-aspnet-version: [4.0.30319]
      x-content-type-options: [nosniff]
      x-ms-ratelimit-remaining-subscription-resource-requests: ['11999']
      x-powered-by: [ASP.NET]
    status: {code: 201, message: Created}
- request:
    body: '{"properties": {"TTL": 360, "ARecords": [{"ipv4Address": "10.8.9.0"}]}}'
    headers:
      Accept: [application/json]
      Accept-Encoding: ['gzip, deflate']
      CommandName: [network dns zone import]
      Connection: [keep-alive]
      Content-Length: ['71']
      Content-Type: [application/json; charset=utf-8]
      ParameterSetName: [-n -g --file-name]
      User-Agent: [python/3.7.2 (Darwin-18.2.0-x86_64-i386-64bit) msrest/0.6.4 msrest_azure/0.4.34
          azure-mgmt-dns/2.1.0 Azure-SDK-For-Python AZURECLI/2.0.56]
      accept-language: [en-US]
    method: PUT
    uri: https://management.azure.com/subscriptions/00000000-0000-0000-0000-000000000000/resourceGroups/cli_dns_zone4_import000001/providers/Microsoft.Network/dnsZones/zone4.com/A/ttl-6m?api-version=2018-05-01
  response:
    body: {string: '{"id":"\/subscriptions\/c9cbd920-c00c-427c-852b-8aaf38badaeb\/resourceGroups\/cli_dns_zone4_import000001\/providers\/Microsoft.Network\/dnszones\/zone4.com\/A\/ttl-6m","name":"ttl-6m","type":"Microsoft.Network\/dnszones\/A","etag":"6eada99f-9d28-4ad9-9310-f49ab3954460","properties":{"fqdn":"ttl-6m.zone4.com.","TTL":360,"ARecords":[{"ipv4Address":"10.8.9.0"}],"targetResource":{},"provisioningState":"Succeeded"}}'}
    headers:
      cache-control: [private]
      content-length: ['463']
      content-type: [application/json; charset=utf-8]
      date: ['Thu, 31 Jan 2019 22:56:11 GMT']
      etag: [6eada99f-9d28-4ad9-9310-f49ab3954460]
      server: [Microsoft-IIS/10.0]
      strict-transport-security: [max-age=31536000; includeSubDomains]
      x-aspnet-version: [4.0.30319]
      x-content-type-options: [nosniff]
      x-ms-ratelimit-remaining-subscription-resource-requests: ['11999']
      x-powered-by: [ASP.NET]
    status: {code: 201, message: Created}
- request:
    body: '{"properties": {"TTL": 788645, "ARecords": [{"ipv4Address": "10.8.9.0"}]}}'
    headers:
      Accept: [application/json]
      Accept-Encoding: ['gzip, deflate']
      CommandName: [network dns zone import]
      Connection: [keep-alive]
      Content-Length: ['74']
      Content-Type: [application/json; charset=utf-8]
      ParameterSetName: [-n -g --file-name]
      User-Agent: [python/3.7.2 (Darwin-18.2.0-x86_64-i386-64bit) msrest/0.6.4 msrest_azure/0.4.34
          azure-mgmt-dns/2.1.0 Azure-SDK-For-Python AZURECLI/2.0.56]
      accept-language: [en-US]
    method: PUT
    uri: https://management.azure.com/subscriptions/00000000-0000-0000-0000-000000000000/resourceGroups/cli_dns_zone4_import000001/providers/Microsoft.Network/dnsZones/zone4.com/A/ttl-mix?api-version=2018-05-01
  response:
    body: {string: '{"id":"\/subscriptions\/c9cbd920-c00c-427c-852b-8aaf38badaeb\/resourceGroups\/cli_dns_zone4_import000001\/providers\/Microsoft.Network\/dnszones\/zone4.com\/A\/ttl-mix","name":"ttl-mix","type":"Microsoft.Network\/dnszones\/A","etag":"576c51e6-3069-4abb-babb-8877b68248c3","properties":{"fqdn":"ttl-mix.zone4.com.","TTL":788645,"ARecords":[{"ipv4Address":"10.8.9.0"}],"targetResource":{},"provisioningState":"Succeeded"}}'}
    headers:
      cache-control: [private]
      content-length: ['469']
      content-type: [application/json; charset=utf-8]
      date: ['Thu, 31 Jan 2019 22:56:11 GMT']
      etag: [576c51e6-3069-4abb-babb-8877b68248c3]
      server: [Microsoft-IIS/10.0]
      strict-transport-security: [max-age=31536000; includeSubDomains]
      x-aspnet-version: [4.0.30319]
      x-content-type-options: [nosniff]
      x-ms-ratelimit-remaining-subscription-resource-requests: ['11998']
      x-powered-by: [ASP.NET]
    status: {code: 201, message: Created}
- request:
    body: '{"properties": {"TTL": 604800, "ARecords": [{"ipv4Address": "10.3.4.5"}]}}'
    headers:
      Accept: [application/json]
      Accept-Encoding: ['gzip, deflate']
      CommandName: [network dns zone import]
      Connection: [keep-alive]
      Content-Length: ['74']
      Content-Type: [application/json; charset=utf-8]
      ParameterSetName: [-n -g --file-name]
      User-Agent: [python/3.7.2 (Darwin-18.2.0-x86_64-i386-64bit) msrest/0.6.4 msrest_azure/0.4.34
          azure-mgmt-dns/2.1.0 Azure-SDK-For-Python AZURECLI/2.0.56]
      accept-language: [en-US]
    method: PUT
    uri: https://management.azure.com/subscriptions/00000000-0000-0000-0000-000000000000/resourceGroups/cli_dns_zone4_import000001/providers/Microsoft.Network/dnsZones/zone4.com/A/xttl-1w?api-version=2018-05-01
  response:
    body: {string: '{"id":"\/subscriptions\/c9cbd920-c00c-427c-852b-8aaf38badaeb\/resourceGroups\/cli_dns_zone4_import000001\/providers\/Microsoft.Network\/dnszones\/zone4.com\/A\/xttl-1w","name":"xttl-1w","type":"Microsoft.Network\/dnszones\/A","etag":"aea1cdfa-f151-4292-b221-606a368bd72b","properties":{"fqdn":"xttl-1w.zone4.com.","TTL":604800,"ARecords":[{"ipv4Address":"10.3.4.5"}],"targetResource":{},"provisioningState":"Succeeded"}}'}
    headers:
      cache-control: [private]
      content-length: ['469']
      content-type: [application/json; charset=utf-8]
      date: ['Thu, 31 Jan 2019 22:56:12 GMT']
      etag: [aea1cdfa-f151-4292-b221-606a368bd72b]
      server: [Microsoft-IIS/10.0]
      strict-transport-security: [max-age=31536000; includeSubDomains]
      x-aspnet-version: [4.0.30319]
      x-content-type-options: [nosniff]
      x-ms-ratelimit-remaining-subscription-resource-requests: ['11999']
      x-powered-by: [ASP.NET]
    status: {code: 201, message: Created}
- request:
    body: '{"properties": {"TTL": 86400, "ARecords": [{"ipv4Address": "10.7.8.9"}]}}'
    headers:
      Accept: [application/json]
      Accept-Encoding: ['gzip, deflate']
      CommandName: [network dns zone import]
      Connection: [keep-alive]
      Content-Length: ['73']
      Content-Type: [application/json; charset=utf-8]
      ParameterSetName: [-n -g --file-name]
      User-Agent: [python/3.7.2 (Darwin-18.2.0-x86_64-i386-64bit) msrest/0.6.4 msrest_azure/0.4.34
          azure-mgmt-dns/2.1.0 Azure-SDK-For-Python AZURECLI/2.0.56]
      accept-language: [en-US]
    method: PUT
    uri: https://management.azure.com/subscriptions/00000000-0000-0000-0000-000000000000/resourceGroups/cli_dns_zone4_import000001/providers/Microsoft.Network/dnsZones/zone4.com/A/xttl-1d?api-version=2018-05-01
  response:
    body: {string: '{"id":"\/subscriptions\/c9cbd920-c00c-427c-852b-8aaf38badaeb\/resourceGroups\/cli_dns_zone4_import000001\/providers\/Microsoft.Network\/dnszones\/zone4.com\/A\/xttl-1d","name":"xttl-1d","type":"Microsoft.Network\/dnszones\/A","etag":"d19aed70-3eba-44c5-ab49-2c654d08dc84","properties":{"fqdn":"xttl-1d.zone4.com.","TTL":86400,"ARecords":[{"ipv4Address":"10.7.8.9"}],"targetResource":{},"provisioningState":"Succeeded"}}'}
    headers:
      cache-control: [private]
      content-length: ['468']
      content-type: [application/json; charset=utf-8]
      date: ['Thu, 31 Jan 2019 22:56:14 GMT']
      etag: [d19aed70-3eba-44c5-ab49-2c654d08dc84]
      server: [Microsoft-IIS/10.0]
      strict-transport-security: [max-age=31536000; includeSubDomains]
      x-aspnet-version: [4.0.30319]
      x-content-type-options: [nosniff]
      x-ms-ratelimit-remaining-subscription-resource-requests: ['11999']
      x-powered-by: [ASP.NET]
    status: {code: 201, message: Created}
- request:
    body: '{"properties": {"TTL": 3600, "ARecords": [{"ipv4Address": "10.4.5.6"}]}}'
    headers:
      Accept: [application/json]
      Accept-Encoding: ['gzip, deflate']
      CommandName: [network dns zone import]
      Connection: [keep-alive]
      Content-Length: ['72']
      Content-Type: [application/json; charset=utf-8]
      ParameterSetName: [-n -g --file-name]
      User-Agent: [python/3.7.2 (Darwin-18.2.0-x86_64-i386-64bit) msrest/0.6.4 msrest_azure/0.4.34
          azure-mgmt-dns/2.1.0 Azure-SDK-For-Python AZURECLI/2.0.56]
      accept-language: [en-US]
    method: PUT
    uri: https://management.azure.com/subscriptions/00000000-0000-0000-0000-000000000000/resourceGroups/cli_dns_zone4_import000001/providers/Microsoft.Network/dnsZones/zone4.com/A/xttl-1h?api-version=2018-05-01
  response:
    body: {string: '{"id":"\/subscriptions\/c9cbd920-c00c-427c-852b-8aaf38badaeb\/resourceGroups\/cli_dns_zone4_import000001\/providers\/Microsoft.Network\/dnszones\/zone4.com\/A\/xttl-1h","name":"xttl-1h","type":"Microsoft.Network\/dnszones\/A","etag":"c9ebe423-ffab-4878-90df-af13a0f409c1","properties":{"fqdn":"xttl-1h.zone4.com.","TTL":3600,"ARecords":[{"ipv4Address":"10.4.5.6"}],"targetResource":{},"provisioningState":"Succeeded"}}'}
    headers:
      cache-control: [private]
      content-length: ['467']
      content-type: [application/json; charset=utf-8]
      date: ['Thu, 31 Jan 2019 22:56:14 GMT']
      etag: [c9ebe423-ffab-4878-90df-af13a0f409c1]
      server: [Microsoft-IIS/10.0]
      strict-transport-security: [max-age=31536000; includeSubDomains]
      x-aspnet-version: [4.0.30319]
      x-content-type-options: [nosniff]
      x-ms-ratelimit-remaining-subscription-resource-requests: ['11999']
      x-powered-by: [ASP.NET]
    status: {code: 201, message: Created}
- request:
    body: '{"properties": {"TTL": 99, "ARecords": [{"ipv4Address": "10.5.6.7"}]}}'
    headers:
      Accept: [application/json]
      Accept-Encoding: ['gzip, deflate']
      CommandName: [network dns zone import]
      Connection: [keep-alive]
      Content-Length: ['70']
      Content-Type: [application/json; charset=utf-8]
      ParameterSetName: [-n -g --file-name]
      User-Agent: [python/3.7.2 (Darwin-18.2.0-x86_64-i386-64bit) msrest/0.6.4 msrest_azure/0.4.34
          azure-mgmt-dns/2.1.0 Azure-SDK-For-Python AZURECLI/2.0.56]
      accept-language: [en-US]
    method: PUT
    uri: https://management.azure.com/subscriptions/00000000-0000-0000-0000-000000000000/resourceGroups/cli_dns_zone4_import000001/providers/Microsoft.Network/dnsZones/zone4.com/A/xttl-99s?api-version=2018-05-01
  response:
    body: {string: '{"id":"\/subscriptions\/c9cbd920-c00c-427c-852b-8aaf38badaeb\/resourceGroups\/cli_dns_zone4_import000001\/providers\/Microsoft.Network\/dnszones\/zone4.com\/A\/xttl-99s","name":"xttl-99s","type":"Microsoft.Network\/dnszones\/A","etag":"fe5e8c5e-41c5-4be0-be34-9b107da06c35","properties":{"fqdn":"xttl-99s.zone4.com.","TTL":99,"ARecords":[{"ipv4Address":"10.5.6.7"}],"targetResource":{},"provisioningState":"Succeeded"}}'}
    headers:
      cache-control: [private]
      content-length: ['468']
      content-type: [application/json; charset=utf-8]
      date: ['Thu, 31 Jan 2019 22:56:16 GMT']
      etag: [fe5e8c5e-41c5-4be0-be34-9b107da06c35]
      server: [Microsoft-IIS/10.0]
      strict-transport-security: [max-age=31536000; includeSubDomains]
      x-aspnet-version: [4.0.30319]
      x-content-type-options: [nosniff]
      x-ms-ratelimit-remaining-subscription-resource-requests: ['11999']
      x-powered-by: [ASP.NET]
    status: {code: 201, message: Created}
- request:
    body: '{"properties": {"TTL": 100, "ARecords": [{"ipv4Address": "10.6.7.8"}]}}'
    headers:
      Accept: [application/json]
      Accept-Encoding: ['gzip, deflate']
      CommandName: [network dns zone import]
      Connection: [keep-alive]
      Content-Length: ['71']
      Content-Type: [application/json; charset=utf-8]
      ParameterSetName: [-n -g --file-name]
      User-Agent: [python/3.7.2 (Darwin-18.2.0-x86_64-i386-64bit) msrest/0.6.4 msrest_azure/0.4.34
          azure-mgmt-dns/2.1.0 Azure-SDK-For-Python AZURECLI/2.0.56]
      accept-language: [en-US]
    method: PUT
    uri: https://management.azure.com/subscriptions/00000000-0000-0000-0000-000000000000/resourceGroups/cli_dns_zone4_import000001/providers/Microsoft.Network/dnsZones/zone4.com/A/xttl-100?api-version=2018-05-01
  response:
    body: {string: '{"id":"\/subscriptions\/c9cbd920-c00c-427c-852b-8aaf38badaeb\/resourceGroups\/cli_dns_zone4_import000001\/providers\/Microsoft.Network\/dnszones\/zone4.com\/A\/xttl-100","name":"xttl-100","type":"Microsoft.Network\/dnszones\/A","etag":"a6327189-a3a0-4e69-ac77-c211416720b4","properties":{"fqdn":"xttl-100.zone4.com.","TTL":100,"ARecords":[{"ipv4Address":"10.6.7.8"}],"targetResource":{},"provisioningState":"Succeeded"}}'}
    headers:
      cache-control: [private]
      content-length: ['469']
      content-type: [application/json; charset=utf-8]
      date: ['Thu, 31 Jan 2019 22:56:17 GMT']
      etag: [a6327189-a3a0-4e69-ac77-c211416720b4]
      server: [Microsoft-IIS/10.0]
      strict-transport-security: [max-age=31536000; includeSubDomains]
      x-aspnet-version: [4.0.30319]
      x-content-type-options: [nosniff]
      x-ms-ratelimit-remaining-subscription-resource-requests: ['11999']
      x-powered-by: [ASP.NET]
    status: {code: 201, message: Created}
- request:
    body: '{"properties": {"TTL": 360, "ARecords": [{"ipv4Address": "10.8.9.0"}]}}'
    headers:
      Accept: [application/json]
      Accept-Encoding: ['gzip, deflate']
      CommandName: [network dns zone import]
      Connection: [keep-alive]
      Content-Length: ['71']
      Content-Type: [application/json; charset=utf-8]
      ParameterSetName: [-n -g --file-name]
      User-Agent: [python/3.7.2 (Darwin-18.2.0-x86_64-i386-64bit) msrest/0.6.4 msrest_azure/0.4.34
          azure-mgmt-dns/2.1.0 Azure-SDK-For-Python AZURECLI/2.0.56]
      accept-language: [en-US]
    method: PUT
    uri: https://management.azure.com/subscriptions/00000000-0000-0000-0000-000000000000/resourceGroups/cli_dns_zone4_import000001/providers/Microsoft.Network/dnsZones/zone4.com/A/xttl-6m?api-version=2018-05-01
  response:
    body: {string: '{"id":"\/subscriptions\/c9cbd920-c00c-427c-852b-8aaf38badaeb\/resourceGroups\/cli_dns_zone4_import000001\/providers\/Microsoft.Network\/dnszones\/zone4.com\/A\/xttl-6m","name":"xttl-6m","type":"Microsoft.Network\/dnszones\/A","etag":"3f3a905b-90fe-46fb-951c-51ee131dacff","properties":{"fqdn":"xttl-6m.zone4.com.","TTL":360,"ARecords":[{"ipv4Address":"10.8.9.0"}],"targetResource":{},"provisioningState":"Succeeded"}}'}
    headers:
      cache-control: [private]
      content-length: ['466']
      content-type: [application/json; charset=utf-8]
      date: ['Thu, 31 Jan 2019 22:56:18 GMT']
      etag: [3f3a905b-90fe-46fb-951c-51ee131dacff]
      server: [Microsoft-IIS/10.0]
      strict-transport-security: [max-age=31536000; includeSubDomains]
      x-aspnet-version: [4.0.30319]
      x-content-type-options: [nosniff]
      x-ms-ratelimit-remaining-subscription-resource-requests: ['11997']
      x-powered-by: [ASP.NET]
    status: {code: 201, message: Created}
- request:
    body: '{"properties": {"TTL": 788645, "ARecords": [{"ipv4Address": "10.9.9.9"}]}}'
    headers:
      Accept: [application/json]
      Accept-Encoding: ['gzip, deflate']
      CommandName: [network dns zone import]
      Connection: [keep-alive]
      Content-Length: ['74']
      Content-Type: [application/json; charset=utf-8]
      ParameterSetName: [-n -g --file-name]
      User-Agent: [python/3.7.2 (Darwin-18.2.0-x86_64-i386-64bit) msrest/0.6.4 msrest_azure/0.4.34
          azure-mgmt-dns/2.1.0 Azure-SDK-For-Python AZURECLI/2.0.56]
      accept-language: [en-US]
    method: PUT
    uri: https://management.azure.com/subscriptions/00000000-0000-0000-0000-000000000000/resourceGroups/cli_dns_zone4_import000001/providers/Microsoft.Network/dnsZones/zone4.com/A/xttl-mix?api-version=2018-05-01
  response:
    body: {string: '{"id":"\/subscriptions\/c9cbd920-c00c-427c-852b-8aaf38badaeb\/resourceGroups\/cli_dns_zone4_import000001\/providers\/Microsoft.Network\/dnszones\/zone4.com\/A\/xttl-mix","name":"xttl-mix","type":"Microsoft.Network\/dnszones\/A","etag":"1bc1a865-2ef7-4802-8269-963746091536","properties":{"fqdn":"xttl-mix.zone4.com.","TTL":788645,"ARecords":[{"ipv4Address":"10.9.9.9"}],"targetResource":{},"provisioningState":"Succeeded"}}'}
    headers:
      cache-control: [private]
      content-length: ['472']
      content-type: [application/json; charset=utf-8]
      date: ['Thu, 31 Jan 2019 22:56:19 GMT']
      etag: [1bc1a865-2ef7-4802-8269-963746091536]
      server: [Microsoft-IIS/10.0]
      strict-transport-security: [max-age=31536000; includeSubDomains]
      x-aspnet-version: [4.0.30319]
      x-content-type-options: [nosniff]
      x-ms-ratelimit-remaining-subscription-resource-requests: ['11998']
      x-powered-by: [ASP.NET]
    status: {code: 201, message: Created}
- request:
    body: '{"properties": {"TTL": 10, "ARecords": [{"ipv4Address": "11.1.2.3"}, {"ipv4Address":
      "11.2.3.3"}]}}'
    headers:
      Accept: [application/json]
      Accept-Encoding: ['gzip, deflate']
      CommandName: [network dns zone import]
      Connection: [keep-alive]
      Content-Length: ['99']
      Content-Type: [application/json; charset=utf-8]
      ParameterSetName: [-n -g --file-name]
      User-Agent: [python/3.7.2 (Darwin-18.2.0-x86_64-i386-64bit) msrest/0.6.4 msrest_azure/0.4.34
          azure-mgmt-dns/2.1.0 Azure-SDK-For-Python AZURECLI/2.0.56]
      accept-language: [en-US]
    method: PUT
    uri: https://management.azure.com/subscriptions/00000000-0000-0000-0000-000000000000/resourceGroups/cli_dns_zone4_import000001/providers/Microsoft.Network/dnsZones/zone4.com/A/c1?api-version=2018-05-01
  response:
    body: {string: '{"id":"\/subscriptions\/c9cbd920-c00c-427c-852b-8aaf38badaeb\/resourceGroups\/cli_dns_zone4_import000001\/providers\/Microsoft.Network\/dnszones\/zone4.com\/A\/c1","name":"c1","type":"Microsoft.Network\/dnszones\/A","etag":"b899ea98-92e2-45d8-821d-c72122c8536b","properties":{"fqdn":"c1.zone4.com.","TTL":10,"ARecords":[{"ipv4Address":"11.1.2.3"},{"ipv4Address":"11.2.3.3"}],"targetResource":{},"provisioningState":"Succeeded"}}'}
    headers:
      cache-control: [private]
      content-length: ['477']
      content-type: [application/json; charset=utf-8]
      date: ['Thu, 31 Jan 2019 22:56:19 GMT']
      etag: [b899ea98-92e2-45d8-821d-c72122c8536b]
      server: [Microsoft-IIS/10.0]
      strict-transport-security: [max-age=31536000; includeSubDomains]
      x-aspnet-version: [4.0.30319]
      x-content-type-options: [nosniff]
      x-ms-ratelimit-remaining-subscription-resource-requests: ['11997']
      x-powered-by: [ASP.NET]
    status: {code: 201, message: Created}
- request:
    body: '{"properties": {"TTL": 5, "ARecords": [{"ipv4Address": "11.2.3.4"}, {"ipv4Address":
      "11.5.6.7"}]}}'
    headers:
      Accept: [application/json]
      Accept-Encoding: ['gzip, deflate']
      CommandName: [network dns zone import]
      Connection: [keep-alive]
      Content-Length: ['98']
      Content-Type: [application/json; charset=utf-8]
      ParameterSetName: [-n -g --file-name]
      User-Agent: [python/3.7.2 (Darwin-18.2.0-x86_64-i386-64bit) msrest/0.6.4 msrest_azure/0.4.34
          azure-mgmt-dns/2.1.0 Azure-SDK-For-Python AZURECLI/2.0.56]
      accept-language: [en-US]
    method: PUT
    uri: https://management.azure.com/subscriptions/00000000-0000-0000-0000-000000000000/resourceGroups/cli_dns_zone4_import000001/providers/Microsoft.Network/dnsZones/zone4.com/A/c2?api-version=2018-05-01
  response:
    body: {string: '{"id":"\/subscriptions\/c9cbd920-c00c-427c-852b-8aaf38badaeb\/resourceGroups\/cli_dns_zone4_import000001\/providers\/Microsoft.Network\/dnszones\/zone4.com\/A\/c2","name":"c2","type":"Microsoft.Network\/dnszones\/A","etag":"47f925dd-fd45-4eba-a032-9402f2a0cf81","properties":{"fqdn":"c2.zone4.com.","TTL":5,"ARecords":[{"ipv4Address":"11.2.3.4"},{"ipv4Address":"11.5.6.7"}],"targetResource":{},"provisioningState":"Succeeded"}}'}
    headers:
      cache-control: [private]
      content-length: ['476']
      content-type: [application/json; charset=utf-8]
      date: ['Thu, 31 Jan 2019 22:56:19 GMT']
      etag: [47f925dd-fd45-4eba-a032-9402f2a0cf81]
      server: [Microsoft-IIS/10.0]
      strict-transport-security: [max-age=31536000; includeSubDomains]
      x-aspnet-version: [4.0.30319]
      x-content-type-options: [nosniff]
      x-ms-ratelimit-remaining-subscription-resource-requests: ['11998']
      x-powered-by: [ASP.NET]
    status: {code: 201, message: Created}
- request:
    body: null
    headers:
      Accept: [application/json]
      Accept-Encoding: ['gzip, deflate']
      CommandName: [network dns record-set list]
      Connection: [keep-alive]
      ParameterSetName: [-g -z]
      User-Agent: [python/3.7.2 (Darwin-18.2.0-x86_64-i386-64bit) msrest/0.6.4 msrest_azure/0.4.34
          azure-mgmt-dns/2.1.0 Azure-SDK-For-Python AZURECLI/2.0.56]
      accept-language: [en-US]
    method: GET
    uri: https://management.azure.com/subscriptions/00000000-0000-0000-0000-000000000000/resourceGroups/cli_dns_zone4_import000001/providers/Microsoft.Network/dnsZones/zone4.com/recordsets?api-version=2018-05-01
  response:
    body: {string: '{"value":[{"id":"\/subscriptions\/c9cbd920-c00c-427c-852b-8aaf38badaeb\/resourceGroups\/cli_dns_zone4_import000001\/providers\/Microsoft.Network\/dnszones\/zone4.com\/NS\/@","name":"@","type":"Microsoft.Network\/dnszones\/NS","etag":"745d53f5-cb00-4c39-8d54-19ccb852eed9","properties":{"fqdn":"zone4.com.","TTL":100,"NSRecords":[{"nsdname":"ns1-01.ppe.azure-dns.com."},{"nsdname":"ns2-01.ppe.azure-dns.net."},{"nsdname":"ns3-01.ppe.azure-dns.org."},{"nsdname":"ns4-01.ppe.azure-dns.info."}],"targetResource":{},"provisioningState":"Succeeded"}},{"id":"\/subscriptions\/c9cbd920-c00c-427c-852b-8aaf38badaeb\/resourceGroups\/cli_dns_zone4_import000001\/providers\/Microsoft.Network\/dnszones\/zone4.com\/SOA\/@","name":"@","type":"Microsoft.Network\/dnszones\/SOA","etag":"3bfa6296-686c-447c-a3ce-5db8a035114f","properties":{"fqdn":"zone4.com.","TTL":3600,"SOARecord":{"email":"hostmaster.zone4.com.","expireTime":1814400,"host":"ns1-01.ppe.azure-dns.com.","minimumTTL":10800,"refreshTime":43200,"retryTime":900,"serialNumber":2003080800},"targetResource":{},"provisioningState":"Succeeded"}},{"id":"\/subscriptions\/c9cbd920-c00c-427c-852b-8aaf38badaeb\/resourceGroups\/cli_dns_zone4_import000001\/providers\/Microsoft.Network\/dnszones\/zone4.com\/A\/c1","name":"c1","type":"Microsoft.Network\/dnszones\/A","etag":"b899ea98-92e2-45d8-821d-c72122c8536b","properties":{"fqdn":"c1.zone4.com.","TTL":10,"ARecords":[{"ipv4Address":"11.1.2.3"},{"ipv4Address":"11.2.3.3"}],"targetResource":{},"provisioningState":"Succeeded"}},{"id":"\/subscriptions\/c9cbd920-c00c-427c-852b-8aaf38badaeb\/resourceGroups\/cli_dns_zone4_import000001\/providers\/Microsoft.Network\/dnszones\/zone4.com\/A\/c2","name":"c2","type":"Microsoft.Network\/dnszones\/A","etag":"47f925dd-fd45-4eba-a032-9402f2a0cf81","properties":{"fqdn":"c2.zone4.com.","TTL":5,"ARecords":[{"ipv4Address":"11.2.3.4"},{"ipv4Address":"11.5.6.7"}],"targetResource":{},"provisioningState":"Succeeded"}},{"id":"\/subscriptions\/c9cbd920-c00c-427c-852b-8aaf38badaeb\/resourceGroups\/cli_dns_zone4_import000001\/providers\/Microsoft.Network\/dnszones\/zone4.com\/A\/ttl-0","name":"ttl-0","type":"Microsoft.Network\/dnszones\/A","etag":"5a458c02-fbcd-435a-8809-6cfe30e3e1fd","properties":{"fqdn":"ttl-0.zone4.com.","TTL":0,"ARecords":[{"ipv4Address":"10.2.3.4"}],"targetResource":{},"provisioningState":"Succeeded"}},{"id":"\/subscriptions\/c9cbd920-c00c-427c-852b-8aaf38badaeb\/resourceGroups\/cli_dns_zone4_import000001\/providers\/Microsoft.Network\/dnszones\/zone4.com\/A\/ttl-100","name":"ttl-100","type":"Microsoft.Network\/dnszones\/A","etag":"976015aa-80dc-40bf-8a06-0639e54b683d","properties":{"fqdn":"ttl-100.zone4.com.","TTL":100,"ARecords":[{"ipv4Address":"10.6.7.8"}],"targetResource":{},"provisioningState":"Succeeded"}},{"id":"\/subscriptions\/c9cbd920-c00c-427c-852b-8aaf38badaeb\/resourceGroups\/cli_dns_zone4_import000001\/providers\/Microsoft.Network\/dnszones\/zone4.com\/A\/ttl-1d","name":"ttl-1d","type":"Microsoft.Network\/dnszones\/A","etag":"4114bc0b-afbc-44dc-981c-aff484f0f842","properties":{"fqdn":"ttl-1d.zone4.com.","TTL":86400,"ARecords":[{"ipv4Address":"10.7.8.9"}],"targetResource":{},"provisioningState":"Succeeded"}},{"id":"\/subscriptions\/c9cbd920-c00c-427c-852b-8aaf38badaeb\/resourceGroups\/cli_dns_zone4_import000001\/providers\/Microsoft.Network\/dnszones\/zone4.com\/A\/ttl-1h","name":"ttl-1h","type":"Microsoft.Network\/dnszones\/A","etag":"16346e5f-927e-47c3-9481-7f1cd935abc6","properties":{"fqdn":"ttl-1h.zone4.com.","TTL":3600,"ARecords":[{"ipv4Address":"10.4.5.6"}],"targetResource":{},"provisioningState":"Succeeded"}},{"id":"\/subscriptions\/c9cbd920-c00c-427c-852b-8aaf38badaeb\/resourceGroups\/cli_dns_zone4_import000001\/providers\/Microsoft.Network\/dnszones\/zone4.com\/A\/ttl-1w","name":"ttl-1w","type":"Microsoft.Network\/dnszones\/A","etag":"c5512d50-2d9f-43cc-9b42-71670df5bc26","properties":{"fqdn":"ttl-1w.zone4.com.","TTL":604800,"ARecords":[{"ipv4Address":"10.3.4.5"}],"targetResource":{},"provisioningState":"Succeeded"}},{"id":"\/subscriptions\/c9cbd920-c00c-427c-852b-8aaf38badaeb\/resourceGroups\/cli_dns_zone4_import000001\/providers\/Microsoft.Network\/dnszones\/zone4.com\/A\/ttl-300","name":"ttl-300","type":"Microsoft.Network\/dnszones\/A","etag":"472f9dfb-065c-416a-8f29-8d4982a6367b","properties":{"fqdn":"ttl-300.zone4.com.","TTL":300,"ARecords":[{"ipv4Address":"10.1.2.3"}],"targetResource":{},"provisioningState":"Succeeded"}},{"id":"\/subscriptions\/c9cbd920-c00c-427c-852b-8aaf38badaeb\/resourceGroups\/cli_dns_zone4_import000001\/providers\/Microsoft.Network\/dnszones\/zone4.com\/A\/ttl-60","name":"ttl-60","type":"Microsoft.Network\/dnszones\/A","etag":"eb6f134e-4d14-41f8-bf8d-c4a77a5d4494","properties":{"fqdn":"ttl-60.zone4.com.","TTL":60,"ARecords":[{"ipv4Address":"10.3.4.5"}],"targetResource":{},"provisioningState":"Succeeded"}},{"id":"\/subscriptions\/c9cbd920-c00c-427c-852b-8aaf38badaeb\/resourceGroups\/cli_dns_zone4_import000001\/providers\/Microsoft.Network\/dnszones\/zone4.com\/A\/ttl-6m","name":"ttl-6m","type":"Microsoft.Network\/dnszones\/A","etag":"6eada99f-9d28-4ad9-9310-f49ab3954460","properties":{"fqdn":"ttl-6m.zone4.com.","TTL":360,"ARecords":[{"ipv4Address":"10.8.9.0"}],"targetResource":{},"provisioningState":"Succeeded"}},{"id":"\/subscriptions\/c9cbd920-c00c-427c-852b-8aaf38badaeb\/resourceGroups\/cli_dns_zone4_import000001\/providers\/Microsoft.Network\/dnszones\/zone4.com\/A\/ttl-99s","name":"ttl-99s","type":"Microsoft.Network\/dnszones\/A","etag":"5741f181-fcb0-4f02-a2ad-f292f4e8f8e0","properties":{"fqdn":"ttl-99s.zone4.com.","TTL":99,"ARecords":[{"ipv4Address":"10.5.6.7"}],"targetResource":{},"provisioningState":"Succeeded"}},{"id":"\/subscriptions\/c9cbd920-c00c-427c-852b-8aaf38badaeb\/resourceGroups\/cli_dns_zone4_import000001\/providers\/Microsoft.Network\/dnszones\/zone4.com\/A\/ttl-mix","name":"ttl-mix","type":"Microsoft.Network\/dnszones\/A","etag":"576c51e6-3069-4abb-babb-8877b68248c3","properties":{"fqdn":"ttl-mix.zone4.com.","TTL":788645,"ARecords":[{"ipv4Address":"10.8.9.0"}],"targetResource":{},"provisioningState":"Succeeded"}},{"id":"\/subscriptions\/c9cbd920-c00c-427c-852b-8aaf38badaeb\/resourceGroups\/cli_dns_zone4_import000001\/providers\/Microsoft.Network\/dnszones\/zone4.com\/A\/xttl-100","name":"xttl-100","type":"Microsoft.Network\/dnszones\/A","etag":"a6327189-a3a0-4e69-ac77-c211416720b4","properties":{"fqdn":"xttl-100.zone4.com.","TTL":100,"ARecords":[{"ipv4Address":"10.6.7.8"}],"targetResource":{},"provisioningState":"Succeeded"}},{"id":"\/subscriptions\/c9cbd920-c00c-427c-852b-8aaf38badaeb\/resourceGroups\/cli_dns_zone4_import000001\/providers\/Microsoft.Network\/dnszones\/zone4.com\/A\/xttl-1d","name":"xttl-1d","type":"Microsoft.Network\/dnszones\/A","etag":"d19aed70-3eba-44c5-ab49-2c654d08dc84","properties":{"fqdn":"xttl-1d.zone4.com.","TTL":86400,"ARecords":[{"ipv4Address":"10.7.8.9"}],"targetResource":{},"provisioningState":"Succeeded"}},{"id":"\/subscriptions\/c9cbd920-c00c-427c-852b-8aaf38badaeb\/resourceGroups\/cli_dns_zone4_import000001\/providers\/Microsoft.Network\/dnszones\/zone4.com\/A\/xttl-1h","name":"xttl-1h","type":"Microsoft.Network\/dnszones\/A","etag":"c9ebe423-ffab-4878-90df-af13a0f409c1","properties":{"fqdn":"xttl-1h.zone4.com.","TTL":3600,"ARecords":[{"ipv4Address":"10.4.5.6"}],"targetResource":{},"provisioningState":"Succeeded"}},{"id":"\/subscriptions\/c9cbd920-c00c-427c-852b-8aaf38badaeb\/resourceGroups\/cli_dns_zone4_import000001\/providers\/Microsoft.Network\/dnszones\/zone4.com\/A\/xttl-1w","name":"xttl-1w","type":"Microsoft.Network\/dnszones\/A","etag":"aea1cdfa-f151-4292-b221-606a368bd72b","properties":{"fqdn":"xttl-1w.zone4.com.","TTL":604800,"ARecords":[{"ipv4Address":"10.3.4.5"}],"targetResource":{},"provisioningState":"Succeeded"}},{"id":"\/subscriptions\/c9cbd920-c00c-427c-852b-8aaf38badaeb\/resourceGroups\/cli_dns_zone4_import000001\/providers\/Microsoft.Network\/dnszones\/zone4.com\/A\/xttl-6m","name":"xttl-6m","type":"Microsoft.Network\/dnszones\/A","etag":"3f3a905b-90fe-46fb-951c-51ee131dacff","properties":{"fqdn":"xttl-6m.zone4.com.","TTL":360,"ARecords":[{"ipv4Address":"10.8.9.0"}],"targetResource":{},"provisioningState":"Succeeded"}},{"id":"\/subscriptions\/c9cbd920-c00c-427c-852b-8aaf38badaeb\/resourceGroups\/cli_dns_zone4_import000001\/providers\/Microsoft.Network\/dnszones\/zone4.com\/A\/xttl-99s","name":"xttl-99s","type":"Microsoft.Network\/dnszones\/A","etag":"fe5e8c5e-41c5-4be0-be34-9b107da06c35","properties":{"fqdn":"xttl-99s.zone4.com.","TTL":99,"ARecords":[{"ipv4Address":"10.5.6.7"}],"targetResource":{},"provisioningState":"Succeeded"}},{"id":"\/subscriptions\/c9cbd920-c00c-427c-852b-8aaf38badaeb\/resourceGroups\/cli_dns_zone4_import000001\/providers\/Microsoft.Network\/dnszones\/zone4.com\/A\/xttl-mix","name":"xttl-mix","type":"Microsoft.Network\/dnszones\/A","etag":"1bc1a865-2ef7-4802-8269-963746091536","properties":{"fqdn":"xttl-mix.zone4.com.","TTL":788645,"ARecords":[{"ipv4Address":"10.9.9.9"}],"targetResource":{},"provisioningState":"Succeeded"}}]}'}
    headers:
      cache-control: [private]
      content-length: ['10085']
      content-type: [application/json; charset=utf-8]
      date: ['Thu, 31 Jan 2019 22:56:20 GMT']
      server: [Microsoft-IIS/10.0]
      strict-transport-security: [max-age=31536000; includeSubDomains]
      transfer-encoding: [chunked]
      vary: [Accept-Encoding]
      x-aspnet-version: [4.0.30319]
      x-content-type-options: [nosniff]
      x-ms-ratelimit-remaining-subscription-resource-entities-read: ['59979']
      x-ms-ratelimit-remaining-subscription-resource-requests: ['499']
      x-powered-by: [ASP.NET]
    status: {code: 200, message: OK}
- request:
    body: null
    headers:
      Accept: [application/json]
      Accept-Encoding: ['gzip, deflate']
      CommandName: [network dns zone export]
      Connection: [keep-alive]
      ParameterSetName: [-g -n --file-name]
      User-Agent: [python/3.7.2 (Darwin-18.2.0-x86_64-i386-64bit) msrest/0.6.4 msrest_azure/0.4.34
          azure-mgmt-dns/2.1.0 Azure-SDK-For-Python AZURECLI/2.0.56]
      accept-language: [en-US]
    method: GET
    uri: https://management.azure.com/subscriptions/00000000-0000-0000-0000-000000000000/resourceGroups/cli_dns_zone4_import000001/providers/Microsoft.Network/dnsZones/zone4.com/recordsets?api-version=2018-05-01
  response:
    body: {string: '{"value":[{"id":"\/subscriptions\/c9cbd920-c00c-427c-852b-8aaf38badaeb\/resourceGroups\/cli_dns_zone4_import000001\/providers\/Microsoft.Network\/dnszones\/zone4.com\/NS\/@","name":"@","type":"Microsoft.Network\/dnszones\/NS","etag":"745d53f5-cb00-4c39-8d54-19ccb852eed9","properties":{"fqdn":"zone4.com.","TTL":100,"NSRecords":[{"nsdname":"ns1-01.ppe.azure-dns.com."},{"nsdname":"ns2-01.ppe.azure-dns.net."},{"nsdname":"ns3-01.ppe.azure-dns.org."},{"nsdname":"ns4-01.ppe.azure-dns.info."}],"targetResource":{},"provisioningState":"Succeeded"}},{"id":"\/subscriptions\/c9cbd920-c00c-427c-852b-8aaf38badaeb\/resourceGroups\/cli_dns_zone4_import000001\/providers\/Microsoft.Network\/dnszones\/zone4.com\/SOA\/@","name":"@","type":"Microsoft.Network\/dnszones\/SOA","etag":"3bfa6296-686c-447c-a3ce-5db8a035114f","properties":{"fqdn":"zone4.com.","TTL":3600,"SOARecord":{"email":"hostmaster.zone4.com.","expireTime":1814400,"host":"ns1-01.ppe.azure-dns.com.","minimumTTL":10800,"refreshTime":43200,"retryTime":900,"serialNumber":2003080800},"targetResource":{},"provisioningState":"Succeeded"}},{"id":"\/subscriptions\/c9cbd920-c00c-427c-852b-8aaf38badaeb\/resourceGroups\/cli_dns_zone4_import000001\/providers\/Microsoft.Network\/dnszones\/zone4.com\/A\/c1","name":"c1","type":"Microsoft.Network\/dnszones\/A","etag":"b899ea98-92e2-45d8-821d-c72122c8536b","properties":{"fqdn":"c1.zone4.com.","TTL":10,"ARecords":[{"ipv4Address":"11.1.2.3"},{"ipv4Address":"11.2.3.3"}],"targetResource":{},"provisioningState":"Succeeded"}},{"id":"\/subscriptions\/c9cbd920-c00c-427c-852b-8aaf38badaeb\/resourceGroups\/cli_dns_zone4_import000001\/providers\/Microsoft.Network\/dnszones\/zone4.com\/A\/c2","name":"c2","type":"Microsoft.Network\/dnszones\/A","etag":"47f925dd-fd45-4eba-a032-9402f2a0cf81","properties":{"fqdn":"c2.zone4.com.","TTL":5,"ARecords":[{"ipv4Address":"11.2.3.4"},{"ipv4Address":"11.5.6.7"}],"targetResource":{},"provisioningState":"Succeeded"}},{"id":"\/subscriptions\/c9cbd920-c00c-427c-852b-8aaf38badaeb\/resourceGroups\/cli_dns_zone4_import000001\/providers\/Microsoft.Network\/dnszones\/zone4.com\/A\/ttl-0","name":"ttl-0","type":"Microsoft.Network\/dnszones\/A","etag":"5a458c02-fbcd-435a-8809-6cfe30e3e1fd","properties":{"fqdn":"ttl-0.zone4.com.","TTL":0,"ARecords":[{"ipv4Address":"10.2.3.4"}],"targetResource":{},"provisioningState":"Succeeded"}},{"id":"\/subscriptions\/c9cbd920-c00c-427c-852b-8aaf38badaeb\/resourceGroups\/cli_dns_zone4_import000001\/providers\/Microsoft.Network\/dnszones\/zone4.com\/A\/ttl-100","name":"ttl-100","type":"Microsoft.Network\/dnszones\/A","etag":"976015aa-80dc-40bf-8a06-0639e54b683d","properties":{"fqdn":"ttl-100.zone4.com.","TTL":100,"ARecords":[{"ipv4Address":"10.6.7.8"}],"targetResource":{},"provisioningState":"Succeeded"}},{"id":"\/subscriptions\/c9cbd920-c00c-427c-852b-8aaf38badaeb\/resourceGroups\/cli_dns_zone4_import000001\/providers\/Microsoft.Network\/dnszones\/zone4.com\/A\/ttl-1d","name":"ttl-1d","type":"Microsoft.Network\/dnszones\/A","etag":"4114bc0b-afbc-44dc-981c-aff484f0f842","properties":{"fqdn":"ttl-1d.zone4.com.","TTL":86400,"ARecords":[{"ipv4Address":"10.7.8.9"}],"targetResource":{},"provisioningState":"Succeeded"}},{"id":"\/subscriptions\/c9cbd920-c00c-427c-852b-8aaf38badaeb\/resourceGroups\/cli_dns_zone4_import000001\/providers\/Microsoft.Network\/dnszones\/zone4.com\/A\/ttl-1h","name":"ttl-1h","type":"Microsoft.Network\/dnszones\/A","etag":"16346e5f-927e-47c3-9481-7f1cd935abc6","properties":{"fqdn":"ttl-1h.zone4.com.","TTL":3600,"ARecords":[{"ipv4Address":"10.4.5.6"}],"targetResource":{},"provisioningState":"Succeeded"}},{"id":"\/subscriptions\/c9cbd920-c00c-427c-852b-8aaf38badaeb\/resourceGroups\/cli_dns_zone4_import000001\/providers\/Microsoft.Network\/dnszones\/zone4.com\/A\/ttl-1w","name":"ttl-1w","type":"Microsoft.Network\/dnszones\/A","etag":"c5512d50-2d9f-43cc-9b42-71670df5bc26","properties":{"fqdn":"ttl-1w.zone4.com.","TTL":604800,"ARecords":[{"ipv4Address":"10.3.4.5"}],"targetResource":{},"provisioningState":"Succeeded"}},{"id":"\/subscriptions\/c9cbd920-c00c-427c-852b-8aaf38badaeb\/resourceGroups\/cli_dns_zone4_import000001\/providers\/Microsoft.Network\/dnszones\/zone4.com\/A\/ttl-300","name":"ttl-300","type":"Microsoft.Network\/dnszones\/A","etag":"472f9dfb-065c-416a-8f29-8d4982a6367b","properties":{"fqdn":"ttl-300.zone4.com.","TTL":300,"ARecords":[{"ipv4Address":"10.1.2.3"}],"targetResource":{},"provisioningState":"Succeeded"}},{"id":"\/subscriptions\/c9cbd920-c00c-427c-852b-8aaf38badaeb\/resourceGroups\/cli_dns_zone4_import000001\/providers\/Microsoft.Network\/dnszones\/zone4.com\/A\/ttl-60","name":"ttl-60","type":"Microsoft.Network\/dnszones\/A","etag":"eb6f134e-4d14-41f8-bf8d-c4a77a5d4494","properties":{"fqdn":"ttl-60.zone4.com.","TTL":60,"ARecords":[{"ipv4Address":"10.3.4.5"}],"targetResource":{},"provisioningState":"Succeeded"}},{"id":"\/subscriptions\/c9cbd920-c00c-427c-852b-8aaf38badaeb\/resourceGroups\/cli_dns_zone4_import000001\/providers\/Microsoft.Network\/dnszones\/zone4.com\/A\/ttl-6m","name":"ttl-6m","type":"Microsoft.Network\/dnszones\/A","etag":"6eada99f-9d28-4ad9-9310-f49ab3954460","properties":{"fqdn":"ttl-6m.zone4.com.","TTL":360,"ARecords":[{"ipv4Address":"10.8.9.0"}],"targetResource":{},"provisioningState":"Succeeded"}},{"id":"\/subscriptions\/c9cbd920-c00c-427c-852b-8aaf38badaeb\/resourceGroups\/cli_dns_zone4_import000001\/providers\/Microsoft.Network\/dnszones\/zone4.com\/A\/ttl-99s","name":"ttl-99s","type":"Microsoft.Network\/dnszones\/A","etag":"5741f181-fcb0-4f02-a2ad-f292f4e8f8e0","properties":{"fqdn":"ttl-99s.zone4.com.","TTL":99,"ARecords":[{"ipv4Address":"10.5.6.7"}],"targetResource":{},"provisioningState":"Succeeded"}},{"id":"\/subscriptions\/c9cbd920-c00c-427c-852b-8aaf38badaeb\/resourceGroups\/cli_dns_zone4_import000001\/providers\/Microsoft.Network\/dnszones\/zone4.com\/A\/ttl-mix","name":"ttl-mix","type":"Microsoft.Network\/dnszones\/A","etag":"576c51e6-3069-4abb-babb-8877b68248c3","properties":{"fqdn":"ttl-mix.zone4.com.","TTL":788645,"ARecords":[{"ipv4Address":"10.8.9.0"}],"targetResource":{},"provisioningState":"Succeeded"}},{"id":"\/subscriptions\/c9cbd920-c00c-427c-852b-8aaf38badaeb\/resourceGroups\/cli_dns_zone4_import000001\/providers\/Microsoft.Network\/dnszones\/zone4.com\/A\/xttl-100","name":"xttl-100","type":"Microsoft.Network\/dnszones\/A","etag":"a6327189-a3a0-4e69-ac77-c211416720b4","properties":{"fqdn":"xttl-100.zone4.com.","TTL":100,"ARecords":[{"ipv4Address":"10.6.7.8"}],"targetResource":{},"provisioningState":"Succeeded"}},{"id":"\/subscriptions\/c9cbd920-c00c-427c-852b-8aaf38badaeb\/resourceGroups\/cli_dns_zone4_import000001\/providers\/Microsoft.Network\/dnszones\/zone4.com\/A\/xttl-1d","name":"xttl-1d","type":"Microsoft.Network\/dnszones\/A","etag":"d19aed70-3eba-44c5-ab49-2c654d08dc84","properties":{"fqdn":"xttl-1d.zone4.com.","TTL":86400,"ARecords":[{"ipv4Address":"10.7.8.9"}],"targetResource":{},"provisioningState":"Succeeded"}},{"id":"\/subscriptions\/c9cbd920-c00c-427c-852b-8aaf38badaeb\/resourceGroups\/cli_dns_zone4_import000001\/providers\/Microsoft.Network\/dnszones\/zone4.com\/A\/xttl-1h","name":"xttl-1h","type":"Microsoft.Network\/dnszones\/A","etag":"c9ebe423-ffab-4878-90df-af13a0f409c1","properties":{"fqdn":"xttl-1h.zone4.com.","TTL":3600,"ARecords":[{"ipv4Address":"10.4.5.6"}],"targetResource":{},"provisioningState":"Succeeded"}},{"id":"\/subscriptions\/c9cbd920-c00c-427c-852b-8aaf38badaeb\/resourceGroups\/cli_dns_zone4_import000001\/providers\/Microsoft.Network\/dnszones\/zone4.com\/A\/xttl-1w","name":"xttl-1w","type":"Microsoft.Network\/dnszones\/A","etag":"aea1cdfa-f151-4292-b221-606a368bd72b","properties":{"fqdn":"xttl-1w.zone4.com.","TTL":604800,"ARecords":[{"ipv4Address":"10.3.4.5"}],"targetResource":{},"provisioningState":"Succeeded"}},{"id":"\/subscriptions\/c9cbd920-c00c-427c-852b-8aaf38badaeb\/resourceGroups\/cli_dns_zone4_import000001\/providers\/Microsoft.Network\/dnszones\/zone4.com\/A\/xttl-6m","name":"xttl-6m","type":"Microsoft.Network\/dnszones\/A","etag":"3f3a905b-90fe-46fb-951c-51ee131dacff","properties":{"fqdn":"xttl-6m.zone4.com.","TTL":360,"ARecords":[{"ipv4Address":"10.8.9.0"}],"targetResource":{},"provisioningState":"Succeeded"}},{"id":"\/subscriptions\/c9cbd920-c00c-427c-852b-8aaf38badaeb\/resourceGroups\/cli_dns_zone4_import000001\/providers\/Microsoft.Network\/dnszones\/zone4.com\/A\/xttl-99s","name":"xttl-99s","type":"Microsoft.Network\/dnszones\/A","etag":"fe5e8c5e-41c5-4be0-be34-9b107da06c35","properties":{"fqdn":"xttl-99s.zone4.com.","TTL":99,"ARecords":[{"ipv4Address":"10.5.6.7"}],"targetResource":{},"provisioningState":"Succeeded"}},{"id":"\/subscriptions\/c9cbd920-c00c-427c-852b-8aaf38badaeb\/resourceGroups\/cli_dns_zone4_import000001\/providers\/Microsoft.Network\/dnszones\/zone4.com\/A\/xttl-mix","name":"xttl-mix","type":"Microsoft.Network\/dnszones\/A","etag":"1bc1a865-2ef7-4802-8269-963746091536","properties":{"fqdn":"xttl-mix.zone4.com.","TTL":788645,"ARecords":[{"ipv4Address":"10.9.9.9"}],"targetResource":{},"provisioningState":"Succeeded"}}]}'}
    headers:
      cache-control: [private]
      content-length: ['10085']
      content-type: [application/json; charset=utf-8]
      date: ['Thu, 31 Jan 2019 22:56:21 GMT']
      server: [Microsoft-IIS/10.0]
      strict-transport-security: [max-age=31536000; includeSubDomains]
      transfer-encoding: [chunked]
      vary: [Accept-Encoding]
      x-aspnet-version: [4.0.30319]
      x-content-type-options: [nosniff]
      x-ms-ratelimit-remaining-subscription-resource-entities-read: ['59979']
      x-ms-ratelimit-remaining-subscription-resource-requests: ['499']
      x-powered-by: [ASP.NET]
    status: {code: 200, message: OK}
- request:
    body: null
    headers:
      Accept: [application/json]
      Accept-Encoding: ['gzip, deflate']
      CommandName: [network dns zone delete]
      Connection: [keep-alive]
      Content-Length: ['0']
      ParameterSetName: [-g -n -y]
      User-Agent: [python/3.7.2 (Darwin-18.2.0-x86_64-i386-64bit) msrest/0.6.4 msrest_azure/0.4.34
          azure-mgmt-dns/2.1.0 Azure-SDK-For-Python AZURECLI/2.0.56]
      accept-language: [en-US]
    method: DELETE
    uri: https://management.azure.com/subscriptions/00000000-0000-0000-0000-000000000000/resourceGroups/cli_dns_zone4_import000001/providers/Microsoft.Network/dnsZones/zone4.com?api-version=2018-05-01
  response:
    body: {string: ''}
    headers:
      azure-asyncoperation: ['https://management.azure.com:443/subscriptions/00000000-0000-0000-0000-000000000000/resourceGroups/cli_dns_zone4_import000001/providers/Microsoft.Network/dnsOperationStatuses/delzone636845721823614518edece930?api-version=2018-05-01']
      cache-control: [private]
      content-length: ['0']
      date: ['Thu, 31 Jan 2019 22:56:21 GMT']
      location: ['https://management.azure.com/subscriptions/00000000-0000-0000-0000-000000000000/resourceGroups/cli_dns_zone4_import000001/providers/Microsoft.Network/dnsOperationResults/delzone636845721823614518edece930?api-version=2018-05-01']
      server: [Microsoft-IIS/10.0]
      strict-transport-security: [max-age=31536000; includeSubDomains]
      x-aspnet-version: [4.0.30319]
      x-content-type-options: [nosniff]
      x-ms-ratelimit-remaining-subscription-resource-requests: ['11999']
      x-powered-by: [ASP.NET]
    status: {code: 202, message: Accepted}
- request:
    body: null
    headers:
      Accept: [application/json]
      Accept-Encoding: ['gzip, deflate']
      CommandName: [network dns zone delete]
      Connection: [keep-alive]
      ParameterSetName: [-g -n -y]
      User-Agent: [python/3.7.2 (Darwin-18.2.0-x86_64-i386-64bit) msrest/0.6.4 msrest_azure/0.4.34
          azure-mgmt-dns/2.1.0 Azure-SDK-For-Python AZURECLI/2.0.56]
    method: GET
    uri: https://management.azure.com/subscriptions/00000000-0000-0000-0000-000000000000/resourceGroups/cli_dns_zone4_import000001/providers/Microsoft.Network/dnsOperationStatuses/delzone636845721823614518edece930?api-version=2018-05-01
  response:
    body: {string: '{"status":"Succeeded"}'}
    headers:
      cache-control: [private]
      content-length: ['22']
      content-type: [application/json; charset=utf-8]
      date: ['Thu, 31 Jan 2019 22:56:25 GMT']
      server: [Microsoft-IIS/10.0]
      strict-transport-security: [max-age=31536000; includeSubDomains]
      transfer-encoding: [chunked]
      vary: [Accept-Encoding]
      x-aspnet-version: [4.0.30319]
      x-content-type-options: [nosniff]
      x-ms-ratelimit-remaining-subscription-resource-requests: ['499']
      x-powered-by: [ASP.NET]
    status: {code: 200, message: OK}
- request:
    body: '{"location": "global", "properties": {"zoneType": "Public"}}'
    headers:
      Accept: [application/json]
      Accept-Encoding: ['gzip, deflate']
      CommandName: [network dns zone import]
      Connection: [keep-alive]
      Content-Length: ['60']
      Content-Type: [application/json; charset=utf-8]
      ParameterSetName: [-n -g --file-name]
      User-Agent: [python/3.7.2 (Darwin-18.2.0-x86_64-i386-64bit) msrest/0.6.4 msrest_azure/0.4.34
          azure-mgmt-dns/2.1.0 Azure-SDK-For-Python AZURECLI/2.0.56]
      accept-language: [en-US]
    method: PUT
    uri: https://management.azure.com/subscriptions/00000000-0000-0000-0000-000000000000/resourceGroups/cli_dns_zone4_import000001/providers/Microsoft.Network/dnsZones/zone4.com?api-version=2018-05-01
  response:
    body: {string: '{"id":"\/subscriptions\/c9cbd920-c00c-427c-852b-8aaf38badaeb\/resourceGroups\/cli_dns_zone4_import000001\/providers\/Microsoft.Network\/dnszones\/zone4.com","name":"zone4.com","type":"Microsoft.Network\/dnszones","etag":"00000002-0000-0000-5cc5-c032b8b9d401","location":"global","tags":{},"properties":{"maxNumberOfRecordSets":5000,"maxNumberOfRecordsPerRecordSet":null,"nameServers":["ns1-01.ppe.azure-dns.com.","ns2-01.ppe.azure-dns.net.","ns3-01.ppe.azure-dns.org.","ns4-01.ppe.azure-dns.info."],"numberOfRecordSets":2,"zoneType":"Public"}}'}
    headers:
      cache-control: [private]
      content-length: ['592']
      content-type: [application/json; charset=utf-8]
      date: ['Thu, 31 Jan 2019 22:56:27 GMT']
      etag: [00000002-0000-0000-5cc5-c032b8b9d401]
      server: [Microsoft-IIS/10.0]
      strict-transport-security: [max-age=31536000; includeSubDomains]
      x-aspnet-version: [4.0.30319]
      x-content-type-options: [nosniff]
      x-ms-ratelimit-remaining-subscription-resource-requests: ['11999']
      x-powered-by: [ASP.NET]
    status: {code: 201, message: Created}
- request:
    body: null
    headers:
      Accept: [application/json]
      Accept-Encoding: ['gzip, deflate']
      CommandName: [network dns zone import]
      Connection: [keep-alive]
      ParameterSetName: [-n -g --file-name]
      User-Agent: [python/3.7.2 (Darwin-18.2.0-x86_64-i386-64bit) msrest/0.6.4 msrest_azure/0.4.34
          azure-mgmt-dns/2.1.0 Azure-SDK-For-Python AZURECLI/2.0.56]
      accept-language: [en-US]
    method: GET
    uri: https://management.azure.com/subscriptions/00000000-0000-0000-0000-000000000000/resourceGroups/cli_dns_zone4_import000001/providers/Microsoft.Network/dnsZones/zone4.com/SOA/@?api-version=2018-05-01
  response:
    body: {string: '{"id":"\/subscriptions\/c9cbd920-c00c-427c-852b-8aaf38badaeb\/resourceGroups\/cli_dns_zone4_import000001\/providers\/Microsoft.Network\/dnszones\/zone4.com\/SOA\/@","name":"@","type":"Microsoft.Network\/dnszones\/SOA","etag":"125f850f-7018-42ed-a5d3-605ade291bb1","properties":{"fqdn":"zone4.com.","TTL":3600,"SOARecord":{"email":"azuredns-hostmaster.microsoft.com","expireTime":2419200,"host":"ns1-01.ppe.azure-dns.com.","minimumTTL":300,"refreshTime":3600,"retryTime":300,"serialNumber":1},"targetResource":{},"provisioningState":"Succeeded"}}'}
    headers:
      cache-control: [private]
      content-length: ['594']
      content-type: [application/json; charset=utf-8]
      date: ['Thu, 31 Jan 2019 22:56:28 GMT']
      etag: [125f850f-7018-42ed-a5d3-605ade291bb1]
      server: [Microsoft-IIS/10.0]
      strict-transport-security: [max-age=31536000; includeSubDomains]
      transfer-encoding: [chunked]
      vary: [Accept-Encoding]
      x-aspnet-version: [4.0.30319]
      x-content-type-options: [nosniff]
      x-ms-ratelimit-remaining-subscription-resource-requests: ['498']
      x-powered-by: [ASP.NET]
    status: {code: 200, message: OK}
- request:
    body: '{"properties": {"TTL": 3600, "SOARecord": {"host": "ns1-01.ppe.azure-dns.com.",
      "email": "hostmaster.zone4.com.", "serialNumber": 2003080800, "refreshTime":
      43200, "retryTime": 900, "expireTime": 1814400, "minimumTTL": 10800}}}'
    headers:
      Accept: [application/json]
      Accept-Encoding: ['gzip, deflate']
      CommandName: [network dns zone import]
      Connection: [keep-alive]
      Content-Length: ['227']
      Content-Type: [application/json; charset=utf-8]
      ParameterSetName: [-n -g --file-name]
      User-Agent: [python/3.7.2 (Darwin-18.2.0-x86_64-i386-64bit) msrest/0.6.4 msrest_azure/0.4.34
          azure-mgmt-dns/2.1.0 Azure-SDK-For-Python AZURECLI/2.0.56]
      accept-language: [en-US]
    method: PUT
    uri: https://management.azure.com/subscriptions/00000000-0000-0000-0000-000000000000/resourceGroups/cli_dns_zone4_import000001/providers/Microsoft.Network/dnsZones/zone4.com/SOA/@?api-version=2018-05-01
  response:
    body: {string: '{"id":"\/subscriptions\/c9cbd920-c00c-427c-852b-8aaf38badaeb\/resourceGroups\/cli_dns_zone4_import000001\/providers\/Microsoft.Network\/dnszones\/zone4.com\/SOA\/@","name":"@","type":"Microsoft.Network\/dnszones\/SOA","etag":"31718058-c442-4f54-aec8-67f9fa98fc80","properties":{"fqdn":"zone4.com.","TTL":3600,"SOARecord":{"email":"hostmaster.zone4.com.","expireTime":1814400,"host":"ns1-01.ppe.azure-dns.com.","minimumTTL":10800,"refreshTime":43200,"retryTime":900,"serialNumber":2003080800},"targetResource":{},"provisioningState":"Succeeded"}}'}
    headers:
      cache-control: [private]
      content-length: ['594']
      content-type: [application/json; charset=utf-8]
      date: ['Thu, 31 Jan 2019 22:56:28 GMT']
      etag: [31718058-c442-4f54-aec8-67f9fa98fc80]
      server: [Microsoft-IIS/10.0]
      strict-transport-security: [max-age=31536000; includeSubDomains]
      transfer-encoding: [chunked]
      vary: [Accept-Encoding]
      x-aspnet-version: [4.0.30319]
      x-content-type-options: [nosniff]
      x-ms-ratelimit-remaining-subscription-resource-requests: ['11999']
      x-powered-by: [ASP.NET]
    status: {code: 200, message: OK}
- request:
    body: null
    headers:
      Accept: [application/json]
      Accept-Encoding: ['gzip, deflate']
      CommandName: [network dns zone import]
      Connection: [keep-alive]
      ParameterSetName: [-n -g --file-name]
      User-Agent: [python/3.7.2 (Darwin-18.2.0-x86_64-i386-64bit) msrest/0.6.4 msrest_azure/0.4.34
          azure-mgmt-dns/2.1.0 Azure-SDK-For-Python AZURECLI/2.0.56]
      accept-language: [en-US]
    method: GET
    uri: https://management.azure.com/subscriptions/00000000-0000-0000-0000-000000000000/resourceGroups/cli_dns_zone4_import000001/providers/Microsoft.Network/dnsZones/zone4.com/NS/@?api-version=2018-05-01
  response:
    body: {string: '{"id":"\/subscriptions\/c9cbd920-c00c-427c-852b-8aaf38badaeb\/resourceGroups\/cli_dns_zone4_import000001\/providers\/Microsoft.Network\/dnszones\/zone4.com\/NS\/@","name":"@","type":"Microsoft.Network\/dnszones\/NS","etag":"400bf02f-df2f-4d2f-b82a-578b8d2dafbf","properties":{"fqdn":"zone4.com.","TTL":172800,"NSRecords":[{"nsdname":"ns1-01.ppe.azure-dns.com."},{"nsdname":"ns2-01.ppe.azure-dns.net."},{"nsdname":"ns3-01.ppe.azure-dns.org."},{"nsdname":"ns4-01.ppe.azure-dns.info."}],"targetResource":{},"provisioningState":"Succeeded"}}'}
    headers:
      cache-control: [private]
      content-length: ['586']
      content-type: [application/json; charset=utf-8]
      date: ['Thu, 31 Jan 2019 22:56:28 GMT']
      etag: [400bf02f-df2f-4d2f-b82a-578b8d2dafbf]
      server: [Microsoft-IIS/10.0]
      strict-transport-security: [max-age=31536000; includeSubDomains]
      transfer-encoding: [chunked]
      vary: [Accept-Encoding]
      x-aspnet-version: [4.0.30319]
      x-content-type-options: [nosniff]
      x-ms-ratelimit-remaining-subscription-resource-requests: ['499']
      x-powered-by: [ASP.NET]
    status: {code: 200, message: OK}
- request:
    body: '{"etag": "400bf02f-df2f-4d2f-b82a-578b8d2dafbf", "properties": {"TTL":
      100, "targetResource": {}, "NSRecords": [{"nsdname": "ns1-01.ppe.azure-dns.com."},
      {"nsdname": "ns2-01.ppe.azure-dns.net."}, {"nsdname": "ns3-01.ppe.azure-dns.org."},
      {"nsdname": "ns4-01.ppe.azure-dns.info."}]}}'
    headers:
      Accept: [application/json]
      Accept-Encoding: ['gzip, deflate']
      CommandName: [network dns zone import]
      Connection: [keep-alive]
      Content-Length: ['282']
      Content-Type: [application/json; charset=utf-8]
      ParameterSetName: [-n -g --file-name]
      User-Agent: [python/3.7.2 (Darwin-18.2.0-x86_64-i386-64bit) msrest/0.6.4 msrest_azure/0.4.34
          azure-mgmt-dns/2.1.0 Azure-SDK-For-Python AZURECLI/2.0.56]
      accept-language: [en-US]
    method: PUT
    uri: https://management.azure.com/subscriptions/00000000-0000-0000-0000-000000000000/resourceGroups/cli_dns_zone4_import000001/providers/Microsoft.Network/dnsZones/zone4.com/NS/@?api-version=2018-05-01
  response:
    body: {string: '{"id":"\/subscriptions\/c9cbd920-c00c-427c-852b-8aaf38badaeb\/resourceGroups\/cli_dns_zone4_import000001\/providers\/Microsoft.Network\/dnszones\/zone4.com\/NS\/@","name":"@","type":"Microsoft.Network\/dnszones\/NS","etag":"2fdf879d-6ec3-4e3b-8007-ca4a964ad81e","properties":{"fqdn":"zone4.com.","TTL":100,"NSRecords":[{"nsdname":"ns1-01.ppe.azure-dns.com."},{"nsdname":"ns2-01.ppe.azure-dns.net."},{"nsdname":"ns3-01.ppe.azure-dns.org."},{"nsdname":"ns4-01.ppe.azure-dns.info."}],"targetResource":{},"provisioningState":"Succeeded"}}'}
    headers:
      cache-control: [private]
      content-length: ['583']
      content-type: [application/json; charset=utf-8]
      date: ['Thu, 31 Jan 2019 22:56:30 GMT']
      etag: [2fdf879d-6ec3-4e3b-8007-ca4a964ad81e]
      server: [Microsoft-IIS/10.0]
      strict-transport-security: [max-age=31536000; includeSubDomains]
      transfer-encoding: [chunked]
      vary: [Accept-Encoding]
      x-aspnet-version: [4.0.30319]
      x-content-type-options: [nosniff]
      x-ms-ratelimit-remaining-subscription-resource-requests: ['11999']
      x-powered-by: [ASP.NET]
    status: {code: 200, message: OK}
- request:
    body: '{"properties": {"TTL": 10, "ARecords": [{"ipv4Address": "11.1.2.3"}, {"ipv4Address":
      "11.2.3.3"}]}}'
    headers:
      Accept: [application/json]
      Accept-Encoding: ['gzip, deflate']
      CommandName: [network dns zone import]
      Connection: [keep-alive]
      Content-Length: ['99']
      Content-Type: [application/json; charset=utf-8]
      ParameterSetName: [-n -g --file-name]
      User-Agent: [python/3.7.2 (Darwin-18.2.0-x86_64-i386-64bit) msrest/0.6.4 msrest_azure/0.4.34
          azure-mgmt-dns/2.1.0 Azure-SDK-For-Python AZURECLI/2.0.56]
      accept-language: [en-US]
    method: PUT
    uri: https://management.azure.com/subscriptions/00000000-0000-0000-0000-000000000000/resourceGroups/cli_dns_zone4_import000001/providers/Microsoft.Network/dnsZones/zone4.com/A/c1?api-version=2018-05-01
  response:
    body: {string: '{"id":"\/subscriptions\/c9cbd920-c00c-427c-852b-8aaf38badaeb\/resourceGroups\/cli_dns_zone4_import000001\/providers\/Microsoft.Network\/dnszones\/zone4.com\/A\/c1","name":"c1","type":"Microsoft.Network\/dnszones\/A","etag":"5e118b81-56f6-41aa-a46b-554e14d071dd","properties":{"fqdn":"c1.zone4.com.","TTL":10,"ARecords":[{"ipv4Address":"11.1.2.3"},{"ipv4Address":"11.2.3.3"}],"targetResource":{},"provisioningState":"Succeeded"}}'}
    headers:
      cache-control: [private]
      content-length: ['477']
      content-type: [application/json; charset=utf-8]
      date: ['Thu, 31 Jan 2019 22:56:31 GMT']
      etag: [5e118b81-56f6-41aa-a46b-554e14d071dd]
      server: [Microsoft-IIS/10.0]
      strict-transport-security: [max-age=31536000; includeSubDomains]
      x-aspnet-version: [4.0.30319]
      x-content-type-options: [nosniff]
      x-ms-ratelimit-remaining-subscription-resource-requests: ['11999']
      x-powered-by: [ASP.NET]
    status: {code: 201, message: Created}
- request:
    body: '{"properties": {"TTL": 5, "ARecords": [{"ipv4Address": "11.2.3.4"}, {"ipv4Address":
      "11.5.6.7"}]}}'
    headers:
      Accept: [application/json]
      Accept-Encoding: ['gzip, deflate']
      CommandName: [network dns zone import]
      Connection: [keep-alive]
      Content-Length: ['98']
      Content-Type: [application/json; charset=utf-8]
      ParameterSetName: [-n -g --file-name]
      User-Agent: [python/3.7.2 (Darwin-18.2.0-x86_64-i386-64bit) msrest/0.6.4 msrest_azure/0.4.34
          azure-mgmt-dns/2.1.0 Azure-SDK-For-Python AZURECLI/2.0.56]
      accept-language: [en-US]
    method: PUT
    uri: https://management.azure.com/subscriptions/00000000-0000-0000-0000-000000000000/resourceGroups/cli_dns_zone4_import000001/providers/Microsoft.Network/dnsZones/zone4.com/A/c2?api-version=2018-05-01
  response:
    body: {string: '{"id":"\/subscriptions\/c9cbd920-c00c-427c-852b-8aaf38badaeb\/resourceGroups\/cli_dns_zone4_import000001\/providers\/Microsoft.Network\/dnszones\/zone4.com\/A\/c2","name":"c2","type":"Microsoft.Network\/dnszones\/A","etag":"2082bc42-c100-474d-a7ff-f0ee1f335cb0","properties":{"fqdn":"c2.zone4.com.","TTL":5,"ARecords":[{"ipv4Address":"11.2.3.4"},{"ipv4Address":"11.5.6.7"}],"targetResource":{},"provisioningState":"Succeeded"}}'}
    headers:
      cache-control: [private]
      content-length: ['476']
      content-type: [application/json; charset=utf-8]
      date: ['Thu, 31 Jan 2019 22:56:31 GMT']
      etag: [2082bc42-c100-474d-a7ff-f0ee1f335cb0]
      server: [Microsoft-IIS/10.0]
      strict-transport-security: [max-age=31536000; includeSubDomains]
      x-aspnet-version: [4.0.30319]
      x-content-type-options: [nosniff]
      x-ms-ratelimit-remaining-subscription-resource-requests: ['11998']
      x-powered-by: [ASP.NET]
    status: {code: 201, message: Created}
- request:
    body: '{"properties": {"TTL": 0, "ARecords": [{"ipv4Address": "10.2.3.4"}]}}'
    headers:
      Accept: [application/json]
      Accept-Encoding: ['gzip, deflate']
      CommandName: [network dns zone import]
      Connection: [keep-alive]
      Content-Length: ['69']
      Content-Type: [application/json; charset=utf-8]
      ParameterSetName: [-n -g --file-name]
      User-Agent: [python/3.7.2 (Darwin-18.2.0-x86_64-i386-64bit) msrest/0.6.4 msrest_azure/0.4.34
          azure-mgmt-dns/2.1.0 Azure-SDK-For-Python AZURECLI/2.0.56]
      accept-language: [en-US]
    method: PUT
    uri: https://management.azure.com/subscriptions/00000000-0000-0000-0000-000000000000/resourceGroups/cli_dns_zone4_import000001/providers/Microsoft.Network/dnsZones/zone4.com/A/ttl-0?api-version=2018-05-01
  response:
    body: {string: '{"id":"\/subscriptions\/c9cbd920-c00c-427c-852b-8aaf38badaeb\/resourceGroups\/cli_dns_zone4_import000001\/providers\/Microsoft.Network\/dnszones\/zone4.com\/A\/ttl-0","name":"ttl-0","type":"Microsoft.Network\/dnszones\/A","etag":"08416601-7175-48bd-83c3-fb4304733e03","properties":{"fqdn":"ttl-0.zone4.com.","TTL":0,"ARecords":[{"ipv4Address":"10.2.3.4"}],"targetResource":{},"provisioningState":"Succeeded"}}'}
    headers:
      cache-control: [private]
      content-length: ['458']
      content-type: [application/json; charset=utf-8]
      date: ['Thu, 31 Jan 2019 22:56:32 GMT']
      etag: [08416601-7175-48bd-83c3-fb4304733e03]
      server: [Microsoft-IIS/10.0]
      strict-transport-security: [max-age=31536000; includeSubDomains]
      x-aspnet-version: [4.0.30319]
      x-content-type-options: [nosniff]
      x-ms-ratelimit-remaining-subscription-resource-requests: ['11999']
      x-powered-by: [ASP.NET]
    status: {code: 201, message: Created}
- request:
    body: '{"properties": {"TTL": 100, "ARecords": [{"ipv4Address": "10.6.7.8"}]}}'
    headers:
      Accept: [application/json]
      Accept-Encoding: ['gzip, deflate']
      CommandName: [network dns zone import]
      Connection: [keep-alive]
      Content-Length: ['71']
      Content-Type: [application/json; charset=utf-8]
      ParameterSetName: [-n -g --file-name]
      User-Agent: [python/3.7.2 (Darwin-18.2.0-x86_64-i386-64bit) msrest/0.6.4 msrest_azure/0.4.34
          azure-mgmt-dns/2.1.0 Azure-SDK-For-Python AZURECLI/2.0.56]
      accept-language: [en-US]
    method: PUT
    uri: https://management.azure.com/subscriptions/00000000-0000-0000-0000-000000000000/resourceGroups/cli_dns_zone4_import000001/providers/Microsoft.Network/dnsZones/zone4.com/A/ttl-100?api-version=2018-05-01
  response:
    body: {string: '{"id":"\/subscriptions\/c9cbd920-c00c-427c-852b-8aaf38badaeb\/resourceGroups\/cli_dns_zone4_import000001\/providers\/Microsoft.Network\/dnszones\/zone4.com\/A\/ttl-100","name":"ttl-100","type":"Microsoft.Network\/dnszones\/A","etag":"7ed50c7e-c53b-4adc-a5e9-b34bdad8ddcf","properties":{"fqdn":"ttl-100.zone4.com.","TTL":100,"ARecords":[{"ipv4Address":"10.6.7.8"}],"targetResource":{},"provisioningState":"Succeeded"}}'}
    headers:
      cache-control: [private]
      content-length: ['466']
      content-type: [application/json; charset=utf-8]
      date: ['Thu, 31 Jan 2019 22:56:33 GMT']
      etag: [7ed50c7e-c53b-4adc-a5e9-b34bdad8ddcf]
      server: [Microsoft-IIS/10.0]
      strict-transport-security: [max-age=31536000; includeSubDomains]
      x-aspnet-version: [4.0.30319]
      x-content-type-options: [nosniff]
      x-ms-ratelimit-remaining-subscription-resource-requests: ['11999']
      x-powered-by: [ASP.NET]
    status: {code: 201, message: Created}
- request:
    body: '{"properties": {"TTL": 86400, "ARecords": [{"ipv4Address": "10.7.8.9"}]}}'
    headers:
      Accept: [application/json]
      Accept-Encoding: ['gzip, deflate']
      CommandName: [network dns zone import]
      Connection: [keep-alive]
      Content-Length: ['73']
      Content-Type: [application/json; charset=utf-8]
      ParameterSetName: [-n -g --file-name]
      User-Agent: [python/3.7.2 (Darwin-18.2.0-x86_64-i386-64bit) msrest/0.6.4 msrest_azure/0.4.34
          azure-mgmt-dns/2.1.0 Azure-SDK-For-Python AZURECLI/2.0.56]
      accept-language: [en-US]
    method: PUT
    uri: https://management.azure.com/subscriptions/00000000-0000-0000-0000-000000000000/resourceGroups/cli_dns_zone4_import000001/providers/Microsoft.Network/dnsZones/zone4.com/A/ttl-1d?api-version=2018-05-01
  response:
    body: {string: '{"id":"\/subscriptions\/c9cbd920-c00c-427c-852b-8aaf38badaeb\/resourceGroups\/cli_dns_zone4_import000001\/providers\/Microsoft.Network\/dnszones\/zone4.com\/A\/ttl-1d","name":"ttl-1d","type":"Microsoft.Network\/dnszones\/A","etag":"298bcf9a-3cf6-4fea-956a-370e15d78bdb","properties":{"fqdn":"ttl-1d.zone4.com.","TTL":86400,"ARecords":[{"ipv4Address":"10.7.8.9"}],"targetResource":{},"provisioningState":"Succeeded"}}'}
    headers:
      cache-control: [private]
      content-length: ['465']
      content-type: [application/json; charset=utf-8]
      date: ['Thu, 31 Jan 2019 22:56:34 GMT']
      etag: [298bcf9a-3cf6-4fea-956a-370e15d78bdb]
      server: [Microsoft-IIS/10.0]
      strict-transport-security: [max-age=31536000; includeSubDomains]
      x-aspnet-version: [4.0.30319]
      x-content-type-options: [nosniff]
      x-ms-ratelimit-remaining-subscription-resource-requests: ['11998']
      x-powered-by: [ASP.NET]
    status: {code: 201, message: Created}
- request:
    body: '{"properties": {"TTL": 3600, "ARecords": [{"ipv4Address": "10.4.5.6"}]}}'
    headers:
      Accept: [application/json]
      Accept-Encoding: ['gzip, deflate']
      CommandName: [network dns zone import]
      Connection: [keep-alive]
      Content-Length: ['72']
      Content-Type: [application/json; charset=utf-8]
      ParameterSetName: [-n -g --file-name]
      User-Agent: [python/3.7.2 (Darwin-18.2.0-x86_64-i386-64bit) msrest/0.6.4 msrest_azure/0.4.34
          azure-mgmt-dns/2.1.0 Azure-SDK-For-Python AZURECLI/2.0.56]
      accept-language: [en-US]
    method: PUT
    uri: https://management.azure.com/subscriptions/00000000-0000-0000-0000-000000000000/resourceGroups/cli_dns_zone4_import000001/providers/Microsoft.Network/dnsZones/zone4.com/A/ttl-1h?api-version=2018-05-01
  response:
    body: {string: '{"id":"\/subscriptions\/c9cbd920-c00c-427c-852b-8aaf38badaeb\/resourceGroups\/cli_dns_zone4_import000001\/providers\/Microsoft.Network\/dnszones\/zone4.com\/A\/ttl-1h","name":"ttl-1h","type":"Microsoft.Network\/dnszones\/A","etag":"955fbbc6-33e7-4ef4-bf8f-2c82bf2d6ec8","properties":{"fqdn":"ttl-1h.zone4.com.","TTL":3600,"ARecords":[{"ipv4Address":"10.4.5.6"}],"targetResource":{},"provisioningState":"Succeeded"}}'}
    headers:
      cache-control: [private]
      content-length: ['464']
      content-type: [application/json; charset=utf-8]
      date: ['Thu, 31 Jan 2019 22:56:35 GMT']
      etag: [955fbbc6-33e7-4ef4-bf8f-2c82bf2d6ec8]
      server: [Microsoft-IIS/10.0]
      strict-transport-security: [max-age=31536000; includeSubDomains]
      x-aspnet-version: [4.0.30319]
      x-content-type-options: [nosniff]
      x-ms-ratelimit-remaining-subscription-resource-requests: ['11997']
      x-powered-by: [ASP.NET]
    status: {code: 201, message: Created}
- request:
    body: '{"properties": {"TTL": 604800, "ARecords": [{"ipv4Address": "10.3.4.5"}]}}'
    headers:
      Accept: [application/json]
      Accept-Encoding: ['gzip, deflate']
      CommandName: [network dns zone import]
      Connection: [keep-alive]
      Content-Length: ['74']
      Content-Type: [application/json; charset=utf-8]
      ParameterSetName: [-n -g --file-name]
      User-Agent: [python/3.7.2 (Darwin-18.2.0-x86_64-i386-64bit) msrest/0.6.4 msrest_azure/0.4.34
          azure-mgmt-dns/2.1.0 Azure-SDK-For-Python AZURECLI/2.0.56]
      accept-language: [en-US]
    method: PUT
    uri: https://management.azure.com/subscriptions/00000000-0000-0000-0000-000000000000/resourceGroups/cli_dns_zone4_import000001/providers/Microsoft.Network/dnsZones/zone4.com/A/ttl-1w?api-version=2018-05-01
  response:
    body: {string: '{"id":"\/subscriptions\/c9cbd920-c00c-427c-852b-8aaf38badaeb\/resourceGroups\/cli_dns_zone4_import000001\/providers\/Microsoft.Network\/dnszones\/zone4.com\/A\/ttl-1w","name":"ttl-1w","type":"Microsoft.Network\/dnszones\/A","etag":"eeee3dd5-f61d-41a9-940d-67240847a551","properties":{"fqdn":"ttl-1w.zone4.com.","TTL":604800,"ARecords":[{"ipv4Address":"10.3.4.5"}],"targetResource":{},"provisioningState":"Succeeded"}}'}
    headers:
      cache-control: [private]
      content-length: ['466']
      content-type: [application/json; charset=utf-8]
      date: ['Thu, 31 Jan 2019 22:56:36 GMT']
      etag: [eeee3dd5-f61d-41a9-940d-67240847a551]
      server: [Microsoft-IIS/10.0]
      strict-transport-security: [max-age=31536000; includeSubDomains]
      x-aspnet-version: [4.0.30319]
      x-content-type-options: [nosniff]
      x-ms-ratelimit-remaining-subscription-resource-requests: ['11999']
      x-powered-by: [ASP.NET]
    status: {code: 201, message: Created}
- request:
    body: '{"properties": {"TTL": 300, "ARecords": [{"ipv4Address": "10.1.2.3"}]}}'
    headers:
      Accept: [application/json]
      Accept-Encoding: ['gzip, deflate']
      CommandName: [network dns zone import]
      Connection: [keep-alive]
      Content-Length: ['71']
      Content-Type: [application/json; charset=utf-8]
      ParameterSetName: [-n -g --file-name]
      User-Agent: [python/3.7.2 (Darwin-18.2.0-x86_64-i386-64bit) msrest/0.6.4 msrest_azure/0.4.34
          azure-mgmt-dns/2.1.0 Azure-SDK-For-Python AZURECLI/2.0.56]
      accept-language: [en-US]
    method: PUT
    uri: https://management.azure.com/subscriptions/00000000-0000-0000-0000-000000000000/resourceGroups/cli_dns_zone4_import000001/providers/Microsoft.Network/dnsZones/zone4.com/A/ttl-300?api-version=2018-05-01
  response:
    body: {string: '{"id":"\/subscriptions\/c9cbd920-c00c-427c-852b-8aaf38badaeb\/resourceGroups\/cli_dns_zone4_import000001\/providers\/Microsoft.Network\/dnszones\/zone4.com\/A\/ttl-300","name":"ttl-300","type":"Microsoft.Network\/dnszones\/A","etag":"61eb9c39-d1ac-420c-95a0-6bf586987873","properties":{"fqdn":"ttl-300.zone4.com.","TTL":300,"ARecords":[{"ipv4Address":"10.1.2.3"}],"targetResource":{},"provisioningState":"Succeeded"}}'}
    headers:
      cache-control: [private]
      content-length: ['466']
      content-type: [application/json; charset=utf-8]
      date: ['Thu, 31 Jan 2019 22:56:36 GMT']
      etag: [61eb9c39-d1ac-420c-95a0-6bf586987873]
      server: [Microsoft-IIS/10.0]
      strict-transport-security: [max-age=31536000; includeSubDomains]
      x-aspnet-version: [4.0.30319]
      x-content-type-options: [nosniff]
      x-ms-ratelimit-remaining-subscription-resource-requests: ['11997']
      x-powered-by: [ASP.NET]
    status: {code: 201, message: Created}
- request:
    body: '{"properties": {"TTL": 60, "ARecords": [{"ipv4Address": "10.3.4.5"}]}}'
    headers:
      Accept: [application/json]
      Accept-Encoding: ['gzip, deflate']
      CommandName: [network dns zone import]
      Connection: [keep-alive]
      Content-Length: ['70']
      Content-Type: [application/json; charset=utf-8]
      ParameterSetName: [-n -g --file-name]
      User-Agent: [python/3.7.2 (Darwin-18.2.0-x86_64-i386-64bit) msrest/0.6.4 msrest_azure/0.4.34
          azure-mgmt-dns/2.1.0 Azure-SDK-For-Python AZURECLI/2.0.56]
      accept-language: [en-US]
    method: PUT
    uri: https://management.azure.com/subscriptions/00000000-0000-0000-0000-000000000000/resourceGroups/cli_dns_zone4_import000001/providers/Microsoft.Network/dnsZones/zone4.com/A/ttl-60?api-version=2018-05-01
  response:
    body: {string: '{"id":"\/subscriptions\/c9cbd920-c00c-427c-852b-8aaf38badaeb\/resourceGroups\/cli_dns_zone4_import000001\/providers\/Microsoft.Network\/dnszones\/zone4.com\/A\/ttl-60","name":"ttl-60","type":"Microsoft.Network\/dnszones\/A","etag":"774d6883-38e6-48d7-9112-5be6cf77d507","properties":{"fqdn":"ttl-60.zone4.com.","TTL":60,"ARecords":[{"ipv4Address":"10.3.4.5"}],"targetResource":{},"provisioningState":"Succeeded"}}'}
    headers:
      cache-control: [private]
      content-length: ['462']
      content-type: [application/json; charset=utf-8]
      date: ['Thu, 31 Jan 2019 22:56:38 GMT']
      etag: [774d6883-38e6-48d7-9112-5be6cf77d507]
      server: [Microsoft-IIS/10.0]
      strict-transport-security: [max-age=31536000; includeSubDomains]
      x-aspnet-version: [4.0.30319]
      x-content-type-options: [nosniff]
      x-ms-ratelimit-remaining-subscription-resource-requests: ['11998']
      x-powered-by: [ASP.NET]
    status: {code: 201, message: Created}
- request:
    body: '{"properties": {"TTL": 360, "ARecords": [{"ipv4Address": "10.8.9.0"}]}}'
    headers:
      Accept: [application/json]
      Accept-Encoding: ['gzip, deflate']
      CommandName: [network dns zone import]
      Connection: [keep-alive]
      Content-Length: ['71']
      Content-Type: [application/json; charset=utf-8]
      ParameterSetName: [-n -g --file-name]
      User-Agent: [python/3.7.2 (Darwin-18.2.0-x86_64-i386-64bit) msrest/0.6.4 msrest_azure/0.4.34
          azure-mgmt-dns/2.1.0 Azure-SDK-For-Python AZURECLI/2.0.56]
      accept-language: [en-US]
    method: PUT
    uri: https://management.azure.com/subscriptions/00000000-0000-0000-0000-000000000000/resourceGroups/cli_dns_zone4_import000001/providers/Microsoft.Network/dnsZones/zone4.com/A/ttl-6m?api-version=2018-05-01
  response:
    body: {string: '{"id":"\/subscriptions\/c9cbd920-c00c-427c-852b-8aaf38badaeb\/resourceGroups\/cli_dns_zone4_import000001\/providers\/Microsoft.Network\/dnszones\/zone4.com\/A\/ttl-6m","name":"ttl-6m","type":"Microsoft.Network\/dnszones\/A","etag":"6ad68e62-5b4a-469c-bca4-7b926005e1fc","properties":{"fqdn":"ttl-6m.zone4.com.","TTL":360,"ARecords":[{"ipv4Address":"10.8.9.0"}],"targetResource":{},"provisioningState":"Succeeded"}}'}
    headers:
      cache-control: [private]
      content-length: ['463']
      content-type: [application/json; charset=utf-8]
      date: ['Thu, 31 Jan 2019 22:56:38 GMT']
      etag: [6ad68e62-5b4a-469c-bca4-7b926005e1fc]
      server: [Microsoft-IIS/10.0]
      strict-transport-security: [max-age=31536000; includeSubDomains]
      x-aspnet-version: [4.0.30319]
      x-content-type-options: [nosniff]
      x-ms-ratelimit-remaining-subscription-resource-requests: ['11999']
      x-powered-by: [ASP.NET]
    status: {code: 201, message: Created}
- request:
    body: '{"properties": {"TTL": 99, "ARecords": [{"ipv4Address": "10.5.6.7"}]}}'
    headers:
      Accept: [application/json]
      Accept-Encoding: ['gzip, deflate']
      CommandName: [network dns zone import]
      Connection: [keep-alive]
      Content-Length: ['70']
      Content-Type: [application/json; charset=utf-8]
      ParameterSetName: [-n -g --file-name]
      User-Agent: [python/3.7.2 (Darwin-18.2.0-x86_64-i386-64bit) msrest/0.6.4 msrest_azure/0.4.34
          azure-mgmt-dns/2.1.0 Azure-SDK-For-Python AZURECLI/2.0.56]
      accept-language: [en-US]
    method: PUT
    uri: https://management.azure.com/subscriptions/00000000-0000-0000-0000-000000000000/resourceGroups/cli_dns_zone4_import000001/providers/Microsoft.Network/dnsZones/zone4.com/A/ttl-99s?api-version=2018-05-01
  response:
    body: {string: '{"id":"\/subscriptions\/c9cbd920-c00c-427c-852b-8aaf38badaeb\/resourceGroups\/cli_dns_zone4_import000001\/providers\/Microsoft.Network\/dnszones\/zone4.com\/A\/ttl-99s","name":"ttl-99s","type":"Microsoft.Network\/dnszones\/A","etag":"f24275b3-d60b-48c6-b6cd-481b530e5f68","properties":{"fqdn":"ttl-99s.zone4.com.","TTL":99,"ARecords":[{"ipv4Address":"10.5.6.7"}],"targetResource":{},"provisioningState":"Succeeded"}}'}
    headers:
      cache-control: [private]
      content-length: ['465']
      content-type: [application/json; charset=utf-8]
      date: ['Thu, 31 Jan 2019 22:56:39 GMT']
      etag: [f24275b3-d60b-48c6-b6cd-481b530e5f68]
      server: [Microsoft-IIS/10.0]
      strict-transport-security: [max-age=31536000; includeSubDomains]
      x-aspnet-version: [4.0.30319]
      x-content-type-options: [nosniff]
      x-ms-ratelimit-remaining-subscription-resource-requests: ['11997']
      x-powered-by: [ASP.NET]
    status: {code: 201, message: Created}
- request:
    body: '{"properties": {"TTL": 788645, "ARecords": [{"ipv4Address": "10.8.9.0"}]}}'
    headers:
      Accept: [application/json]
      Accept-Encoding: ['gzip, deflate']
      CommandName: [network dns zone import]
      Connection: [keep-alive]
      Content-Length: ['74']
      Content-Type: [application/json; charset=utf-8]
      ParameterSetName: [-n -g --file-name]
      User-Agent: [python/3.7.2 (Darwin-18.2.0-x86_64-i386-64bit) msrest/0.6.4 msrest_azure/0.4.34
          azure-mgmt-dns/2.1.0 Azure-SDK-For-Python AZURECLI/2.0.56]
      accept-language: [en-US]
    method: PUT
    uri: https://management.azure.com/subscriptions/00000000-0000-0000-0000-000000000000/resourceGroups/cli_dns_zone4_import000001/providers/Microsoft.Network/dnsZones/zone4.com/A/ttl-mix?api-version=2018-05-01
  response:
    body: {string: '{"id":"\/subscriptions\/c9cbd920-c00c-427c-852b-8aaf38badaeb\/resourceGroups\/cli_dns_zone4_import000001\/providers\/Microsoft.Network\/dnszones\/zone4.com\/A\/ttl-mix","name":"ttl-mix","type":"Microsoft.Network\/dnszones\/A","etag":"96f54108-cd8e-4ced-bb3b-e1322c413d20","properties":{"fqdn":"ttl-mix.zone4.com.","TTL":788645,"ARecords":[{"ipv4Address":"10.8.9.0"}],"targetResource":{},"provisioningState":"Succeeded"}}'}
    headers:
      cache-control: [private]
      content-length: ['469']
      content-type: [application/json; charset=utf-8]
      date: ['Thu, 31 Jan 2019 22:56:39 GMT']
      etag: [96f54108-cd8e-4ced-bb3b-e1322c413d20]
      server: [Microsoft-IIS/10.0]
      strict-transport-security: [max-age=31536000; includeSubDomains]
      x-aspnet-version: [4.0.30319]
      x-content-type-options: [nosniff]
      x-ms-ratelimit-remaining-subscription-resource-requests: ['11998']
      x-powered-by: [ASP.NET]
    status: {code: 201, message: Created}
- request:
    body: '{"properties": {"TTL": 100, "ARecords": [{"ipv4Address": "10.6.7.8"}]}}'
    headers:
      Accept: [application/json]
      Accept-Encoding: ['gzip, deflate']
      CommandName: [network dns zone import]
      Connection: [keep-alive]
      Content-Length: ['71']
      Content-Type: [application/json; charset=utf-8]
      ParameterSetName: [-n -g --file-name]
      User-Agent: [python/3.7.2 (Darwin-18.2.0-x86_64-i386-64bit) msrest/0.6.4 msrest_azure/0.4.34
          azure-mgmt-dns/2.1.0 Azure-SDK-For-Python AZURECLI/2.0.56]
      accept-language: [en-US]
    method: PUT
    uri: https://management.azure.com/subscriptions/00000000-0000-0000-0000-000000000000/resourceGroups/cli_dns_zone4_import000001/providers/Microsoft.Network/dnsZones/zone4.com/A/xttl-100?api-version=2018-05-01
  response:
    body: {string: '{"id":"\/subscriptions\/c9cbd920-c00c-427c-852b-8aaf38badaeb\/resourceGroups\/cli_dns_zone4_import000001\/providers\/Microsoft.Network\/dnszones\/zone4.com\/A\/xttl-100","name":"xttl-100","type":"Microsoft.Network\/dnszones\/A","etag":"e61d2456-27b6-42c0-9cd2-b6392931b7e8","properties":{"fqdn":"xttl-100.zone4.com.","TTL":100,"ARecords":[{"ipv4Address":"10.6.7.8"}],"targetResource":{},"provisioningState":"Succeeded"}}'}
    headers:
      cache-control: [private]
      content-length: ['469']
      content-type: [application/json; charset=utf-8]
      date: ['Thu, 31 Jan 2019 22:56:40 GMT']
      etag: [e61d2456-27b6-42c0-9cd2-b6392931b7e8]
      server: [Microsoft-IIS/10.0]
      strict-transport-security: [max-age=31536000; includeSubDomains]
      x-aspnet-version: [4.0.30319]
      x-content-type-options: [nosniff]
      x-ms-ratelimit-remaining-subscription-resource-requests: ['11997']
      x-powered-by: [ASP.NET]
    status: {code: 201, message: Created}
- request:
    body: '{"properties": {"TTL": 86400, "ARecords": [{"ipv4Address": "10.7.8.9"}]}}'
    headers:
      Accept: [application/json]
      Accept-Encoding: ['gzip, deflate']
      CommandName: [network dns zone import]
      Connection: [keep-alive]
      Content-Length: ['73']
      Content-Type: [application/json; charset=utf-8]
      ParameterSetName: [-n -g --file-name]
      User-Agent: [python/3.7.2 (Darwin-18.2.0-x86_64-i386-64bit) msrest/0.6.4 msrest_azure/0.4.34
          azure-mgmt-dns/2.1.0 Azure-SDK-For-Python AZURECLI/2.0.56]
      accept-language: [en-US]
    method: PUT
    uri: https://management.azure.com/subscriptions/00000000-0000-0000-0000-000000000000/resourceGroups/cli_dns_zone4_import000001/providers/Microsoft.Network/dnsZones/zone4.com/A/xttl-1d?api-version=2018-05-01
  response:
    body: {string: '{"id":"\/subscriptions\/c9cbd920-c00c-427c-852b-8aaf38badaeb\/resourceGroups\/cli_dns_zone4_import000001\/providers\/Microsoft.Network\/dnszones\/zone4.com\/A\/xttl-1d","name":"xttl-1d","type":"Microsoft.Network\/dnszones\/A","etag":"8cb644c4-4f72-4d11-8f5d-3e921d73f8fc","properties":{"fqdn":"xttl-1d.zone4.com.","TTL":86400,"ARecords":[{"ipv4Address":"10.7.8.9"}],"targetResource":{},"provisioningState":"Succeeded"}}'}
    headers:
      cache-control: [private]
      content-length: ['468']
      content-type: [application/json; charset=utf-8]
      date: ['Thu, 31 Jan 2019 22:56:40 GMT']
      etag: [8cb644c4-4f72-4d11-8f5d-3e921d73f8fc]
      server: [Microsoft-IIS/10.0]
      strict-transport-security: [max-age=31536000; includeSubDomains]
      x-aspnet-version: [4.0.30319]
      x-content-type-options: [nosniff]
      x-ms-ratelimit-remaining-subscription-resource-requests: ['11997']
      x-powered-by: [ASP.NET]
    status: {code: 201, message: Created}
- request:
    body: '{"properties": {"TTL": 3600, "ARecords": [{"ipv4Address": "10.4.5.6"}]}}'
    headers:
      Accept: [application/json]
      Accept-Encoding: ['gzip, deflate']
      CommandName: [network dns zone import]
      Connection: [keep-alive]
      Content-Length: ['72']
      Content-Type: [application/json; charset=utf-8]
      ParameterSetName: [-n -g --file-name]
      User-Agent: [python/3.7.2 (Darwin-18.2.0-x86_64-i386-64bit) msrest/0.6.4 msrest_azure/0.4.34
          azure-mgmt-dns/2.1.0 Azure-SDK-For-Python AZURECLI/2.0.56]
      accept-language: [en-US]
    method: PUT
    uri: https://management.azure.com/subscriptions/00000000-0000-0000-0000-000000000000/resourceGroups/cli_dns_zone4_import000001/providers/Microsoft.Network/dnsZones/zone4.com/A/xttl-1h?api-version=2018-05-01
  response:
    body: {string: '{"id":"\/subscriptions\/c9cbd920-c00c-427c-852b-8aaf38badaeb\/resourceGroups\/cli_dns_zone4_import000001\/providers\/Microsoft.Network\/dnszones\/zone4.com\/A\/xttl-1h","name":"xttl-1h","type":"Microsoft.Network\/dnszones\/A","etag":"0cc4ca1d-325a-422b-90be-21173b1475e2","properties":{"fqdn":"xttl-1h.zone4.com.","TTL":3600,"ARecords":[{"ipv4Address":"10.4.5.6"}],"targetResource":{},"provisioningState":"Succeeded"}}'}
    headers:
      cache-control: [private]
      content-length: ['467']
      content-type: [application/json; charset=utf-8]
      date: ['Thu, 31 Jan 2019 22:56:42 GMT']
      etag: [0cc4ca1d-325a-422b-90be-21173b1475e2]
      server: [Microsoft-IIS/10.0]
      strict-transport-security: [max-age=31536000; includeSubDomains]
      x-aspnet-version: [4.0.30319]
      x-content-type-options: [nosniff]
      x-ms-ratelimit-remaining-subscription-resource-requests: ['11999']
      x-powered-by: [ASP.NET]
    status: {code: 201, message: Created}
- request:
    body: '{"properties": {"TTL": 604800, "ARecords": [{"ipv4Address": "10.3.4.5"}]}}'
    headers:
      Accept: [application/json]
      Accept-Encoding: ['gzip, deflate']
      CommandName: [network dns zone import]
      Connection: [keep-alive]
      Content-Length: ['74']
      Content-Type: [application/json; charset=utf-8]
      ParameterSetName: [-n -g --file-name]
      User-Agent: [python/3.7.2 (Darwin-18.2.0-x86_64-i386-64bit) msrest/0.6.4 msrest_azure/0.4.34
          azure-mgmt-dns/2.1.0 Azure-SDK-For-Python AZURECLI/2.0.56]
      accept-language: [en-US]
    method: PUT
    uri: https://management.azure.com/subscriptions/00000000-0000-0000-0000-000000000000/resourceGroups/cli_dns_zone4_import000001/providers/Microsoft.Network/dnsZones/zone4.com/A/xttl-1w?api-version=2018-05-01
  response:
    body: {string: '{"id":"\/subscriptions\/c9cbd920-c00c-427c-852b-8aaf38badaeb\/resourceGroups\/cli_dns_zone4_import000001\/providers\/Microsoft.Network\/dnszones\/zone4.com\/A\/xttl-1w","name":"xttl-1w","type":"Microsoft.Network\/dnszones\/A","etag":"dcf7c022-16ba-4d76-807a-d2360968f1d7","properties":{"fqdn":"xttl-1w.zone4.com.","TTL":604800,"ARecords":[{"ipv4Address":"10.3.4.5"}],"targetResource":{},"provisioningState":"Succeeded"}}'}
    headers:
      cache-control: [private]
      content-length: ['469']
      content-type: [application/json; charset=utf-8]
      date: ['Thu, 31 Jan 2019 22:56:43 GMT']
      etag: [dcf7c022-16ba-4d76-807a-d2360968f1d7]
      server: [Microsoft-IIS/10.0]
      strict-transport-security: [max-age=31536000; includeSubDomains]
      x-aspnet-version: [4.0.30319]
      x-content-type-options: [nosniff]
      x-ms-ratelimit-remaining-subscription-resource-requests: ['11999']
      x-powered-by: [ASP.NET]
    status: {code: 201, message: Created}
- request:
    body: '{"properties": {"TTL": 360, "ARecords": [{"ipv4Address": "10.8.9.0"}]}}'
    headers:
      Accept: [application/json]
      Accept-Encoding: ['gzip, deflate']
      CommandName: [network dns zone import]
      Connection: [keep-alive]
      Content-Length: ['71']
      Content-Type: [application/json; charset=utf-8]
      ParameterSetName: [-n -g --file-name]
      User-Agent: [python/3.7.2 (Darwin-18.2.0-x86_64-i386-64bit) msrest/0.6.4 msrest_azure/0.4.34
          azure-mgmt-dns/2.1.0 Azure-SDK-For-Python AZURECLI/2.0.56]
      accept-language: [en-US]
    method: PUT
    uri: https://management.azure.com/subscriptions/00000000-0000-0000-0000-000000000000/resourceGroups/cli_dns_zone4_import000001/providers/Microsoft.Network/dnsZones/zone4.com/A/xttl-6m?api-version=2018-05-01
  response:
    body: {string: '{"id":"\/subscriptions\/c9cbd920-c00c-427c-852b-8aaf38badaeb\/resourceGroups\/cli_dns_zone4_import000001\/providers\/Microsoft.Network\/dnszones\/zone4.com\/A\/xttl-6m","name":"xttl-6m","type":"Microsoft.Network\/dnszones\/A","etag":"721848a7-6d17-4753-9e19-162d86958320","properties":{"fqdn":"xttl-6m.zone4.com.","TTL":360,"ARecords":[{"ipv4Address":"10.8.9.0"}],"targetResource":{},"provisioningState":"Succeeded"}}'}
    headers:
      cache-control: [private]
      content-length: ['466']
      content-type: [application/json; charset=utf-8]
      date: ['Thu, 31 Jan 2019 22:56:44 GMT']
      etag: [721848a7-6d17-4753-9e19-162d86958320]
      server: [Microsoft-IIS/10.0]
      strict-transport-security: [max-age=31536000; includeSubDomains]
      x-aspnet-version: [4.0.30319]
      x-content-type-options: [nosniff]
      x-ms-ratelimit-remaining-subscription-resource-requests: ['11999']
      x-powered-by: [ASP.NET]
    status: {code: 201, message: Created}
- request:
    body: '{"properties": {"TTL": 99, "ARecords": [{"ipv4Address": "10.5.6.7"}]}}'
    headers:
      Accept: [application/json]
      Accept-Encoding: ['gzip, deflate']
      CommandName: [network dns zone import]
      Connection: [keep-alive]
      Content-Length: ['70']
      Content-Type: [application/json; charset=utf-8]
      ParameterSetName: [-n -g --file-name]
      User-Agent: [python/3.7.2 (Darwin-18.2.0-x86_64-i386-64bit) msrest/0.6.4 msrest_azure/0.4.34
          azure-mgmt-dns/2.1.0 Azure-SDK-For-Python AZURECLI/2.0.56]
      accept-language: [en-US]
    method: PUT
    uri: https://management.azure.com/subscriptions/00000000-0000-0000-0000-000000000000/resourceGroups/cli_dns_zone4_import000001/providers/Microsoft.Network/dnsZones/zone4.com/A/xttl-99s?api-version=2018-05-01
  response:
    body: {string: '{"id":"\/subscriptions\/c9cbd920-c00c-427c-852b-8aaf38badaeb\/resourceGroups\/cli_dns_zone4_import000001\/providers\/Microsoft.Network\/dnszones\/zone4.com\/A\/xttl-99s","name":"xttl-99s","type":"Microsoft.Network\/dnszones\/A","etag":"f81d8e9b-e736-43c0-b73f-ec151a864fd1","properties":{"fqdn":"xttl-99s.zone4.com.","TTL":99,"ARecords":[{"ipv4Address":"10.5.6.7"}],"targetResource":{},"provisioningState":"Succeeded"}}'}
    headers:
      cache-control: [private]
      content-length: ['468']
      content-type: [application/json; charset=utf-8]
      date: ['Thu, 31 Jan 2019 22:56:44 GMT']
      etag: [f81d8e9b-e736-43c0-b73f-ec151a864fd1]
      server: [Microsoft-IIS/10.0]
      strict-transport-security: [max-age=31536000; includeSubDomains]
      x-aspnet-version: [4.0.30319]
      x-content-type-options: [nosniff]
      x-ms-ratelimit-remaining-subscription-resource-requests: ['11998']
      x-powered-by: [ASP.NET]
    status: {code: 201, message: Created}
- request:
    body: '{"properties": {"TTL": 788645, "ARecords": [{"ipv4Address": "10.9.9.9"}]}}'
    headers:
      Accept: [application/json]
      Accept-Encoding: ['gzip, deflate']
      CommandName: [network dns zone import]
      Connection: [keep-alive]
      Content-Length: ['74']
      Content-Type: [application/json; charset=utf-8]
      ParameterSetName: [-n -g --file-name]
      User-Agent: [python/3.7.2 (Darwin-18.2.0-x86_64-i386-64bit) msrest/0.6.4 msrest_azure/0.4.34
          azure-mgmt-dns/2.1.0 Azure-SDK-For-Python AZURECLI/2.0.56]
      accept-language: [en-US]
    method: PUT
    uri: https://management.azure.com/subscriptions/00000000-0000-0000-0000-000000000000/resourceGroups/cli_dns_zone4_import000001/providers/Microsoft.Network/dnsZones/zone4.com/A/xttl-mix?api-version=2018-05-01
  response:
    body: {string: '{"id":"\/subscriptions\/c9cbd920-c00c-427c-852b-8aaf38badaeb\/resourceGroups\/cli_dns_zone4_import000001\/providers\/Microsoft.Network\/dnszones\/zone4.com\/A\/xttl-mix","name":"xttl-mix","type":"Microsoft.Network\/dnszones\/A","etag":"2a359d7a-5fdf-4eda-873f-acd048a56a81","properties":{"fqdn":"xttl-mix.zone4.com.","TTL":788645,"ARecords":[{"ipv4Address":"10.9.9.9"}],"targetResource":{},"provisioningState":"Succeeded"}}'}
    headers:
      cache-control: [private]
      content-length: ['472']
      content-type: [application/json; charset=utf-8]
      date: ['Thu, 31 Jan 2019 22:56:45 GMT']
      etag: [2a359d7a-5fdf-4eda-873f-acd048a56a81]
      server: [Microsoft-IIS/10.0]
      strict-transport-security: [max-age=31536000; includeSubDomains]
      x-aspnet-version: [4.0.30319]
      x-content-type-options: [nosniff]
      x-ms-ratelimit-remaining-subscription-resource-requests: ['11999']
      x-powered-by: [ASP.NET]
    status: {code: 201, message: Created}
- request:
    body: null
    headers:
      Accept: [application/json]
      Accept-Encoding: ['gzip, deflate']
      CommandName: [network dns record-set list]
      Connection: [keep-alive]
      ParameterSetName: [-g -z]
      User-Agent: [python/3.7.2 (Darwin-18.2.0-x86_64-i386-64bit) msrest/0.6.4 msrest_azure/0.4.34
          azure-mgmt-dns/2.1.0 Azure-SDK-For-Python AZURECLI/2.0.56]
      accept-language: [en-US]
    method: GET
    uri: https://management.azure.com/subscriptions/00000000-0000-0000-0000-000000000000/resourceGroups/cli_dns_zone4_import000001/providers/Microsoft.Network/dnsZones/zone4.com/recordsets?api-version=2018-05-01
  response:
    body: {string: '{"value":[{"id":"\/subscriptions\/c9cbd920-c00c-427c-852b-8aaf38badaeb\/resourceGroups\/cli_dns_zone4_import000001\/providers\/Microsoft.Network\/dnszones\/zone4.com\/NS\/@","name":"@","type":"Microsoft.Network\/dnszones\/NS","etag":"2fdf879d-6ec3-4e3b-8007-ca4a964ad81e","properties":{"fqdn":"zone4.com.","TTL":100,"NSRecords":[{"nsdname":"ns1-01.ppe.azure-dns.com."},{"nsdname":"ns2-01.ppe.azure-dns.net."},{"nsdname":"ns3-01.ppe.azure-dns.org."},{"nsdname":"ns4-01.ppe.azure-dns.info."}],"targetResource":{},"provisioningState":"Succeeded"}},{"id":"\/subscriptions\/c9cbd920-c00c-427c-852b-8aaf38badaeb\/resourceGroups\/cli_dns_zone4_import000001\/providers\/Microsoft.Network\/dnszones\/zone4.com\/SOA\/@","name":"@","type":"Microsoft.Network\/dnszones\/SOA","etag":"31718058-c442-4f54-aec8-67f9fa98fc80","properties":{"fqdn":"zone4.com.","TTL":3600,"SOARecord":{"email":"hostmaster.zone4.com.","expireTime":1814400,"host":"ns1-01.ppe.azure-dns.com.","minimumTTL":10800,"refreshTime":43200,"retryTime":900,"serialNumber":2003080800},"targetResource":{},"provisioningState":"Succeeded"}},{"id":"\/subscriptions\/c9cbd920-c00c-427c-852b-8aaf38badaeb\/resourceGroups\/cli_dns_zone4_import000001\/providers\/Microsoft.Network\/dnszones\/zone4.com\/A\/c1","name":"c1","type":"Microsoft.Network\/dnszones\/A","etag":"5e118b81-56f6-41aa-a46b-554e14d071dd","properties":{"fqdn":"c1.zone4.com.","TTL":10,"ARecords":[{"ipv4Address":"11.1.2.3"},{"ipv4Address":"11.2.3.3"}],"targetResource":{},"provisioningState":"Succeeded"}},{"id":"\/subscriptions\/c9cbd920-c00c-427c-852b-8aaf38badaeb\/resourceGroups\/cli_dns_zone4_import000001\/providers\/Microsoft.Network\/dnszones\/zone4.com\/A\/c2","name":"c2","type":"Microsoft.Network\/dnszones\/A","etag":"2082bc42-c100-474d-a7ff-f0ee1f335cb0","properties":{"fqdn":"c2.zone4.com.","TTL":5,"ARecords":[{"ipv4Address":"11.2.3.4"},{"ipv4Address":"11.5.6.7"}],"targetResource":{},"provisioningState":"Succeeded"}},{"id":"\/subscriptions\/c9cbd920-c00c-427c-852b-8aaf38badaeb\/resourceGroups\/cli_dns_zone4_import000001\/providers\/Microsoft.Network\/dnszones\/zone4.com\/A\/ttl-0","name":"ttl-0","type":"Microsoft.Network\/dnszones\/A","etag":"08416601-7175-48bd-83c3-fb4304733e03","properties":{"fqdn":"ttl-0.zone4.com.","TTL":0,"ARecords":[{"ipv4Address":"10.2.3.4"}],"targetResource":{},"provisioningState":"Succeeded"}},{"id":"\/subscriptions\/c9cbd920-c00c-427c-852b-8aaf38badaeb\/resourceGroups\/cli_dns_zone4_import000001\/providers\/Microsoft.Network\/dnszones\/zone4.com\/A\/ttl-100","name":"ttl-100","type":"Microsoft.Network\/dnszones\/A","etag":"7ed50c7e-c53b-4adc-a5e9-b34bdad8ddcf","properties":{"fqdn":"ttl-100.zone4.com.","TTL":100,"ARecords":[{"ipv4Address":"10.6.7.8"}],"targetResource":{},"provisioningState":"Succeeded"}},{"id":"\/subscriptions\/c9cbd920-c00c-427c-852b-8aaf38badaeb\/resourceGroups\/cli_dns_zone4_import000001\/providers\/Microsoft.Network\/dnszones\/zone4.com\/A\/ttl-1d","name":"ttl-1d","type":"Microsoft.Network\/dnszones\/A","etag":"298bcf9a-3cf6-4fea-956a-370e15d78bdb","properties":{"fqdn":"ttl-1d.zone4.com.","TTL":86400,"ARecords":[{"ipv4Address":"10.7.8.9"}],"targetResource":{},"provisioningState":"Succeeded"}},{"id":"\/subscriptions\/c9cbd920-c00c-427c-852b-8aaf38badaeb\/resourceGroups\/cli_dns_zone4_import000001\/providers\/Microsoft.Network\/dnszones\/zone4.com\/A\/ttl-1h","name":"ttl-1h","type":"Microsoft.Network\/dnszones\/A","etag":"955fbbc6-33e7-4ef4-bf8f-2c82bf2d6ec8","properties":{"fqdn":"ttl-1h.zone4.com.","TTL":3600,"ARecords":[{"ipv4Address":"10.4.5.6"}],"targetResource":{},"provisioningState":"Succeeded"}},{"id":"\/subscriptions\/c9cbd920-c00c-427c-852b-8aaf38badaeb\/resourceGroups\/cli_dns_zone4_import000001\/providers\/Microsoft.Network\/dnszones\/zone4.com\/A\/ttl-1w","name":"ttl-1w","type":"Microsoft.Network\/dnszones\/A","etag":"eeee3dd5-f61d-41a9-940d-67240847a551","properties":{"fqdn":"ttl-1w.zone4.com.","TTL":604800,"ARecords":[{"ipv4Address":"10.3.4.5"}],"targetResource":{},"provisioningState":"Succeeded"}},{"id":"\/subscriptions\/c9cbd920-c00c-427c-852b-8aaf38badaeb\/resourceGroups\/cli_dns_zone4_import000001\/providers\/Microsoft.Network\/dnszones\/zone4.com\/A\/ttl-300","name":"ttl-300","type":"Microsoft.Network\/dnszones\/A","etag":"61eb9c39-d1ac-420c-95a0-6bf586987873","properties":{"fqdn":"ttl-300.zone4.com.","TTL":300,"ARecords":[{"ipv4Address":"10.1.2.3"}],"targetResource":{},"provisioningState":"Succeeded"}},{"id":"\/subscriptions\/c9cbd920-c00c-427c-852b-8aaf38badaeb\/resourceGroups\/cli_dns_zone4_import000001\/providers\/Microsoft.Network\/dnszones\/zone4.com\/A\/ttl-60","name":"ttl-60","type":"Microsoft.Network\/dnszones\/A","etag":"774d6883-38e6-48d7-9112-5be6cf77d507","properties":{"fqdn":"ttl-60.zone4.com.","TTL":60,"ARecords":[{"ipv4Address":"10.3.4.5"}],"targetResource":{},"provisioningState":"Succeeded"}},{"id":"\/subscriptions\/c9cbd920-c00c-427c-852b-8aaf38badaeb\/resourceGroups\/cli_dns_zone4_import000001\/providers\/Microsoft.Network\/dnszones\/zone4.com\/A\/ttl-6m","name":"ttl-6m","type":"Microsoft.Network\/dnszones\/A","etag":"6ad68e62-5b4a-469c-bca4-7b926005e1fc","properties":{"fqdn":"ttl-6m.zone4.com.","TTL":360,"ARecords":[{"ipv4Address":"10.8.9.0"}],"targetResource":{},"provisioningState":"Succeeded"}},{"id":"\/subscriptions\/c9cbd920-c00c-427c-852b-8aaf38badaeb\/resourceGroups\/cli_dns_zone4_import000001\/providers\/Microsoft.Network\/dnszones\/zone4.com\/A\/ttl-99s","name":"ttl-99s","type":"Microsoft.Network\/dnszones\/A","etag":"f24275b3-d60b-48c6-b6cd-481b530e5f68","properties":{"fqdn":"ttl-99s.zone4.com.","TTL":99,"ARecords":[{"ipv4Address":"10.5.6.7"}],"targetResource":{},"provisioningState":"Succeeded"}},{"id":"\/subscriptions\/c9cbd920-c00c-427c-852b-8aaf38badaeb\/resourceGroups\/cli_dns_zone4_import000001\/providers\/Microsoft.Network\/dnszones\/zone4.com\/A\/ttl-mix","name":"ttl-mix","type":"Microsoft.Network\/dnszones\/A","etag":"96f54108-cd8e-4ced-bb3b-e1322c413d20","properties":{"fqdn":"ttl-mix.zone4.com.","TTL":788645,"ARecords":[{"ipv4Address":"10.8.9.0"}],"targetResource":{},"provisioningState":"Succeeded"}},{"id":"\/subscriptions\/c9cbd920-c00c-427c-852b-8aaf38badaeb\/resourceGroups\/cli_dns_zone4_import000001\/providers\/Microsoft.Network\/dnszones\/zone4.com\/A\/xttl-100","name":"xttl-100","type":"Microsoft.Network\/dnszones\/A","etag":"e61d2456-27b6-42c0-9cd2-b6392931b7e8","properties":{"fqdn":"xttl-100.zone4.com.","TTL":100,"ARecords":[{"ipv4Address":"10.6.7.8"}],"targetResource":{},"provisioningState":"Succeeded"}},{"id":"\/subscriptions\/c9cbd920-c00c-427c-852b-8aaf38badaeb\/resourceGroups\/cli_dns_zone4_import000001\/providers\/Microsoft.Network\/dnszones\/zone4.com\/A\/xttl-1d","name":"xttl-1d","type":"Microsoft.Network\/dnszones\/A","etag":"8cb644c4-4f72-4d11-8f5d-3e921d73f8fc","properties":{"fqdn":"xttl-1d.zone4.com.","TTL":86400,"ARecords":[{"ipv4Address":"10.7.8.9"}],"targetResource":{},"provisioningState":"Succeeded"}},{"id":"\/subscriptions\/c9cbd920-c00c-427c-852b-8aaf38badaeb\/resourceGroups\/cli_dns_zone4_import000001\/providers\/Microsoft.Network\/dnszones\/zone4.com\/A\/xttl-1h","name":"xttl-1h","type":"Microsoft.Network\/dnszones\/A","etag":"0cc4ca1d-325a-422b-90be-21173b1475e2","properties":{"fqdn":"xttl-1h.zone4.com.","TTL":3600,"ARecords":[{"ipv4Address":"10.4.5.6"}],"targetResource":{},"provisioningState":"Succeeded"}},{"id":"\/subscriptions\/c9cbd920-c00c-427c-852b-8aaf38badaeb\/resourceGroups\/cli_dns_zone4_import000001\/providers\/Microsoft.Network\/dnszones\/zone4.com\/A\/xttl-1w","name":"xttl-1w","type":"Microsoft.Network\/dnszones\/A","etag":"dcf7c022-16ba-4d76-807a-d2360968f1d7","properties":{"fqdn":"xttl-1w.zone4.com.","TTL":604800,"ARecords":[{"ipv4Address":"10.3.4.5"}],"targetResource":{},"provisioningState":"Succeeded"}},{"id":"\/subscriptions\/c9cbd920-c00c-427c-852b-8aaf38badaeb\/resourceGroups\/cli_dns_zone4_import000001\/providers\/Microsoft.Network\/dnszones\/zone4.com\/A\/xttl-6m","name":"xttl-6m","type":"Microsoft.Network\/dnszones\/A","etag":"721848a7-6d17-4753-9e19-162d86958320","properties":{"fqdn":"xttl-6m.zone4.com.","TTL":360,"ARecords":[{"ipv4Address":"10.8.9.0"}],"targetResource":{},"provisioningState":"Succeeded"}},{"id":"\/subscriptions\/c9cbd920-c00c-427c-852b-8aaf38badaeb\/resourceGroups\/cli_dns_zone4_import000001\/providers\/Microsoft.Network\/dnszones\/zone4.com\/A\/xttl-99s","name":"xttl-99s","type":"Microsoft.Network\/dnszones\/A","etag":"f81d8e9b-e736-43c0-b73f-ec151a864fd1","properties":{"fqdn":"xttl-99s.zone4.com.","TTL":99,"ARecords":[{"ipv4Address":"10.5.6.7"}],"targetResource":{},"provisioningState":"Succeeded"}},{"id":"\/subscriptions\/c9cbd920-c00c-427c-852b-8aaf38badaeb\/resourceGroups\/cli_dns_zone4_import000001\/providers\/Microsoft.Network\/dnszones\/zone4.com\/A\/xttl-mix","name":"xttl-mix","type":"Microsoft.Network\/dnszones\/A","etag":"2a359d7a-5fdf-4eda-873f-acd048a56a81","properties":{"fqdn":"xttl-mix.zone4.com.","TTL":788645,"ARecords":[{"ipv4Address":"10.9.9.9"}],"targetResource":{},"provisioningState":"Succeeded"}}]}'}
    headers:
      cache-control: [private]
      content-length: ['10085']
      content-type: [application/json; charset=utf-8]
      date: ['Thu, 31 Jan 2019 22:56:46 GMT']
      server: [Microsoft-IIS/10.0]
      strict-transport-security: [max-age=31536000; includeSubDomains]
      transfer-encoding: [chunked]
      vary: [Accept-Encoding]
      x-aspnet-version: [4.0.30319]
      x-content-type-options: [nosniff]
      x-ms-ratelimit-remaining-subscription-resource-entities-read: ['59979']
      x-ms-ratelimit-remaining-subscription-resource-requests: ['499']
      x-powered-by: [ASP.NET]
    status: {code: 200, message: OK}
- request:
    body: null
    headers:
      Accept: [application/json]
      Accept-Encoding: ['gzip, deflate']
      CommandName: [group delete]
      Connection: [keep-alive]
      Content-Length: ['0']
      ParameterSetName: [--name --yes --no-wait]
      User-Agent: [python/3.7.2 (Darwin-18.2.0-x86_64-i386-64bit) msrest/0.6.4 msrest_azure/0.4.34
          resourcemanagementclient/2.1.0 Azure-SDK-For-Python AZURECLI/2.0.56]
      accept-language: [en-US]
    method: DELETE
    uri: https://management.azure.com/subscriptions/00000000-0000-0000-0000-000000000000/resourcegroups/cli_dns_zone4_import000001?api-version=2018-05-01
  response:
    body: {string: ''}
    headers:
      cache-control: [no-cache]
      content-length: ['0']
      date: ['Thu, 31 Jan 2019 22:56:47 GMT']
      expires: ['-1']
      location: ['https://management.azure.com/subscriptions/00000000-0000-0000-0000-000000000000/operationresults/eyJqb2JJZCI6IlJFU09VUkNFR1JPVVBERUxFVElPTkpPQi1DTEk6NUZETlM6NUZaT05FNDo1RklNUE9SVDMyWFZQUjVWNE5CR0VKNDNGNUhGS3xDMjU4RDYxQjkxMDc2NzUwLVdFU1RVUyIsImpvYkxvY2F0aW9uIjoid2VzdHVzIn0?api-version=2018-05-01']
      pragma: [no-cache]
      strict-transport-security: [max-age=31536000; includeSubDomains]
      x-content-type-options: [nosniff]
      x-ms-ratelimit-remaining-subscription-deletes: ['14999']
    status: {code: 202, message: Accepted}
version: 1
