interactions:
- request:
    body: '{"location": "westus", "tags": {"product": "azurecli", "cause": "automation",
      "date": "2018-04-06T22:10:59Z"}}'
    headers:
      Accept: [application/json]
      Accept-Encoding: ['gzip, deflate']
      CommandName: [group create]
      Connection: [keep-alive]
      Content-Length: ['110']
      Content-Type: [application/json; charset=utf-8]
      User-Agent: [python/3.6.1 (Windows-10-10.0.16299-SP0) requests/2.18.4 msrest/0.4.27
          msrest_azure/0.4.25 resourcemanagementclient/1.2.1 Azure-SDK-For-Python
          AZURECLI/2.0.31]
      accept-language: [en-US]
    method: PUT
    uri: https://management.azure.com/subscriptions/00000000-0000-0000-0000-000000000000/resourcegroups/cli_test_load_balancer000001?api-version=2017-05-10
  response:
    body: {string: '{"id":"/subscriptions/00000000-0000-0000-0000-000000000000/resourceGroups/cli_test_load_balancer000001","name":"cli_test_load_balancer000001","location":"westus","tags":{"product":"azurecli","cause":"automation","date":"2018-04-06T22:10:59Z"},"properties":{"provisioningState":"Succeeded"}}'}
    headers:
      cache-control: [no-cache]
      content-length: ['384']
      content-type: [application/json; charset=utf-8]
      date: ['Fri, 06 Apr 2018 22:11:01 GMT']
      expires: ['-1']
      pragma: [no-cache]
      strict-transport-security: [max-age=31536000; includeSubDomains]
      x-content-type-options: [nosniff]
      x-ms-ratelimit-remaining-subscription-writes: ['1199']
    status: {code: 201, message: Created}
- request:
    body: null
    headers:
      Accept: [application/json]
      Accept-Encoding: ['gzip, deflate']
      CommandName: [network lb create]
      Connection: [keep-alive]
      Content-Type: [application/json; charset=utf-8]
      User-Agent: [python/3.6.1 (Windows-10-10.0.16299-SP0) requests/2.18.4 msrest/0.4.27
          msrest_azure/0.4.25 resourcemanagementclient/1.2.1 Azure-SDK-For-Python
          AZURECLI/2.0.31]
      accept-language: [en-US]
    method: GET
    uri: https://management.azure.com/subscriptions/00000000-0000-0000-0000-000000000000/resourcegroups/cli_test_load_balancer000001?api-version=2017-05-10
  response:
    body: {string: '{"id":"/subscriptions/00000000-0000-0000-0000-000000000000/resourceGroups/cli_test_load_balancer000001","name":"cli_test_load_balancer000001","location":"westus","tags":{"product":"azurecli","cause":"automation","date":"2018-04-06T22:10:59Z"},"properties":{"provisioningState":"Succeeded"}}'}
    headers:
      cache-control: [no-cache]
      content-length: ['384']
      content-type: [application/json; charset=utf-8]
      date: ['Fri, 06 Apr 2018 22:11:02 GMT']
      expires: ['-1']
      pragma: [no-cache]
      strict-transport-security: [max-age=31536000; includeSubDomains]
      vary: [Accept-Encoding]
      x-content-type-options: [nosniff]
    status: {code: 200, message: OK}
- request:
    body: null
    headers:
      Accept: [application/json]
      Accept-Encoding: ['gzip, deflate']
      CommandName: [network lb create]
      Connection: [keep-alive]
      Content-Type: [application/json; charset=utf-8]
      User-Agent: [python/3.6.1 (Windows-10-10.0.16299-SP0) requests/2.18.4 msrest/0.4.27
          msrest_azure/0.4.25 resourcemanagementclient/1.2.1 Azure-SDK-For-Python
          AZURECLI/2.0.31]
      accept-language: [en-US]
    method: GET
    uri: https://management.azure.com/subscriptions/00000000-0000-0000-0000-000000000000/resources?$filter=resourceGroup%20eq%20%27cli_test_load_balancer000001%27%20and%20name%20eq%20%27None%27%20and%20resourceType%20eq%20%27Microsoft.Network%2FpublicIPAddresses%27&api-version=2017-05-10
  response:
    body: {string: '{"value":[]}'}
    headers:
      cache-control: [no-cache]
      content-length: ['12']
      content-type: [application/json; charset=utf-8]
      date: ['Fri, 06 Apr 2018 22:11:03 GMT']
      expires: ['-1']
      pragma: [no-cache]
      strict-transport-security: [max-age=31536000; includeSubDomains]
      vary: [Accept-Encoding]
      x-content-type-options: [nosniff]
    status: {code: 200, message: OK}
- request:
    body: 'b''{"properties": {"template": {"$schema": "https://schema.management.azure.com/schemas/2015-01-01/deploymentTemplate.json#",
      "contentVersion": "1.0.0.0", "parameters": {}, "variables": {}, "resources":
      [{"apiVersion": "2018-02-01", "type": "Microsoft.Network/publicIPAddresses",
      "name": "PublicIPlb1", "location": "westus", "tags": {}, "dependsOn": [], "properties":
      {"publicIPAllocationMethod": "Dynamic"}, "sku": {"name": "Basic"}}, {"type":
      "Microsoft.Network/loadBalancers", "name": "lb1", "location": "westus", "tags":
      {}, "apiVersion": "2018-02-01", "dependsOn": ["Microsoft.Network/publicIpAddresses/PublicIPlb1"],
      "properties": {"backendAddressPools": [{"name": "lb1bepool"}], "frontendIPConfigurations":
      [{"name": "LoadBalancerFrontEnd", "properties": {"publicIPAddress": {"id": "/subscriptions/00000000-0000-0000-0000-000000000000/resourceGroups/cli_test_load_balancer000001/providers/Microsoft.Network/publicIPAddresses/PublicIPlb1"}}}]},
      "sku": {"name": "Basic"}}], "outputs": {"loadBalancer": {"type": "object", "value":
      "[reference(\''lb1\'')]"}}}, "parameters": {}, "mode": "Incremental"}}'''
    headers:
      Accept: [application/json]
      Accept-Encoding: ['gzip, deflate']
      CommandName: [network lb create]
      Connection: [keep-alive]
      Content-Length: ['1145']
      Content-Type: [application/json; charset=utf-8]
      User-Agent: [python/3.6.1 (Windows-10-10.0.16299-SP0) requests/2.18.4 msrest/0.4.27
          msrest_azure/0.4.25 resourcemanagementclient/1.2.1 Azure-SDK-For-Python
          AZURECLI/2.0.31]
      accept-language: [en-US]
    method: PUT
    uri: https://management.azure.com/subscriptions/00000000-0000-0000-0000-000000000000/resourcegroups/cli_test_load_balancer000001/providers/Microsoft.Resources/deployments/mock-deployment?api-version=2017-05-10
  response:
    body: {string: '{"id":"/subscriptions/00000000-0000-0000-0000-000000000000/resourceGroups/cli_test_load_balancer000001/providers/Microsoft.Resources/deployments/lb_deploy_UOWhxXgrPEeTUgPixLerMy7GWvDT7ysh","name":"lb_deploy_UOWhxXgrPEeTUgPixLerMy7GWvDT7ysh","properties":{"templateHash":"15086162816421164927","parameters":{},"mode":"Incremental","provisioningState":"Accepted","timestamp":"2018-04-06T22:11:06.5619175Z","duration":"PT0.7477973S","correlationId":"7050c344-7344-415c-be94-96996ccee421","providers":[{"namespace":"Microsoft.Network","resourceTypes":[{"resourceType":"publicIPAddresses","locations":["westus"]},{"resourceType":"loadBalancers","locations":["westus"]}]}],"dependencies":[{"dependsOn":[{"id":"/subscriptions/00000000-0000-0000-0000-000000000000/resourceGroups/cli_test_load_balancer000001/providers/Microsoft.Network/publicIPAddresses/PublicIPlb1","resourceType":"Microsoft.Network/publicIPAddresses","resourceName":"PublicIPlb1"}],"id":"/subscriptions/00000000-0000-0000-0000-000000000000/resourceGroups/cli_test_load_balancer000001/providers/Microsoft.Network/loadBalancers/lb1","resourceType":"Microsoft.Network/loadBalancers","resourceName":"lb1"}]}}'}
    headers:
      azure-asyncoperation: ['https://management.azure.com/subscriptions/00000000-0000-0000-0000-000000000000/resourcegroups/cli_test_load_balancer000001/providers/Microsoft.Resources/deployments/lb_deploy_UOWhxXgrPEeTUgPixLerMy7GWvDT7ysh/operationStatuses/08586785542196634948?api-version=2017-05-10']
      cache-control: [no-cache]
      content-length: ['1306']
      content-type: [application/json; charset=utf-8]
      date: ['Fri, 06 Apr 2018 22:11:06 GMT']
      expires: ['-1']
      pragma: [no-cache]
      strict-transport-security: [max-age=31536000; includeSubDomains]
      x-content-type-options: [nosniff]
      x-ms-ratelimit-remaining-subscription-writes: ['1198']
    status: {code: 201, message: Created}
- request:
    body: null
    headers:
      Accept: [application/json]
      Accept-Encoding: ['gzip, deflate']
      CommandName: [network lb create]
      Connection: [keep-alive]
      Content-Type: [application/json; charset=utf-8]
      User-Agent: [python/3.6.1 (Windows-10-10.0.16299-SP0) requests/2.18.4 msrest/0.4.27
          msrest_azure/0.4.25 resourcemanagementclient/1.2.1 Azure-SDK-For-Python
          AZURECLI/2.0.31]
      accept-language: [en-US]
    method: GET
    uri: https://management.azure.com/subscriptions/00000000-0000-0000-0000-000000000000/resourcegroups/cli_test_load_balancer000001/providers/Microsoft.Resources/deployments/mock-deployment/operationStatuses/08586785542196634948?api-version=2017-05-10
  response:
    body: {string: '{"status":"Succeeded"}'}
    headers:
      cache-control: [no-cache]
      content-length: ['22']
      content-type: [application/json; charset=utf-8]
      date: ['Fri, 06 Apr 2018 22:11:36 GMT']
      expires: ['-1']
      pragma: [no-cache]
      strict-transport-security: [max-age=31536000; includeSubDomains]
      vary: [Accept-Encoding]
      x-content-type-options: [nosniff]
    status: {code: 200, message: OK}
- request:
    body: null
    headers:
      Accept: [application/json]
      Accept-Encoding: ['gzip, deflate']
      CommandName: [network lb create]
      Connection: [keep-alive]
      Content-Type: [application/json; charset=utf-8]
      User-Agent: [python/3.6.1 (Windows-10-10.0.16299-SP0) requests/2.18.4 msrest/0.4.27
          msrest_azure/0.4.25 resourcemanagementclient/1.2.1 Azure-SDK-For-Python
          AZURECLI/2.0.31]
      accept-language: [en-US]
    method: GET
    uri: https://management.azure.com/subscriptions/00000000-0000-0000-0000-000000000000/resourcegroups/cli_test_load_balancer000001/providers/Microsoft.Resources/deployments/mock-deployment?api-version=2017-05-10
  response:
    body: {string: '{"id":"/subscriptions/00000000-0000-0000-0000-000000000000/resourceGroups/cli_test_load_balancer000001/providers/Microsoft.Resources/deployments/lb_deploy_UOWhxXgrPEeTUgPixLerMy7GWvDT7ysh","name":"lb_deploy_UOWhxXgrPEeTUgPixLerMy7GWvDT7ysh","properties":{"templateHash":"15086162816421164927","parameters":{},"mode":"Incremental","provisioningState":"Succeeded","timestamp":"2018-04-06T22:11:20.8768471Z","duration":"PT15.0627269S","correlationId":"7050c344-7344-415c-be94-96996ccee421","providers":[{"namespace":"Microsoft.Network","resourceTypes":[{"resourceType":"publicIPAddresses","locations":["westus"]},{"resourceType":"loadBalancers","locations":["westus"]}]}],"dependencies":[{"dependsOn":[{"id":"/subscriptions/00000000-0000-0000-0000-000000000000/resourceGroups/cli_test_load_balancer000001/providers/Microsoft.Network/publicIPAddresses/PublicIPlb1","resourceType":"Microsoft.Network/publicIPAddresses","resourceName":"PublicIPlb1"}],"id":"/subscriptions/00000000-0000-0000-0000-000000000000/resourceGroups/cli_test_load_balancer000001/providers/Microsoft.Network/loadBalancers/lb1","resourceType":"Microsoft.Network/loadBalancers","resourceName":"lb1"}],"outputs":{"loadBalancer":{"type":"Object","value":{"provisioningState":"Succeeded","resourceGuid":"e12f64be-66be-406a-90ed-d20bee3720c5","frontendIPConfigurations":[{"name":"LoadBalancerFrontEnd","id":"/subscriptions/00000000-0000-0000-0000-000000000000/resourceGroups/cli_test_load_balancer000001/providers/Microsoft.Network/loadBalancers/lb1/frontendIPConfigurations/LoadBalancerFrontEnd","etag":"W/\"ddcda138-169c-4e4b-b5f0-bde42b7537f3\"","properties":{"provisioningState":"Succeeded","privateIPAllocationMethod":"Dynamic","publicIPAddress":{"id":"/subscriptions/00000000-0000-0000-0000-000000000000/resourceGroups/cli_test_load_balancer000001/providers/Microsoft.Network/publicIPAddresses/PublicIPlb1"}}}],"backendAddressPools":[{"name":"lb1bepool","id":"/subscriptions/00000000-0000-0000-0000-000000000000/resourceGroups/cli_test_load_balancer000001/providers/Microsoft.Network/loadBalancers/lb1/backendAddressPools/lb1bepool","etag":"W/\"ddcda138-169c-4e4b-b5f0-bde42b7537f3\"","properties":{"provisioningState":"Succeeded"}}],"loadBalancingRules":[],"probes":[],"inboundNatRules":[],"outboundNatRules":[],"inboundNatPools":[]}}},"outputResources":[{"id":"/subscriptions/00000000-0000-0000-0000-000000000000/resourceGroups/cli_test_load_balancer000001/providers/Microsoft.Network/loadBalancers/lb1"},{"id":"/subscriptions/00000000-0000-0000-0000-000000000000/resourceGroups/cli_test_load_balancer000001/providers/Microsoft.Network/publicIPAddresses/PublicIPlb1"}]}}'}
    headers:
      cache-control: [no-cache]
      content-length: ['3015']
      content-type: [application/json; charset=utf-8]
      date: ['Fri, 06 Apr 2018 22:11:36 GMT']
      expires: ['-1']
      pragma: [no-cache]
      strict-transport-security: [max-age=31536000; includeSubDomains]
      vary: [Accept-Encoding]
      x-content-type-options: [nosniff]
    status: {code: 200, message: OK}
- request:
    body: null
    headers:
      Accept: [application/json]
      Accept-Encoding: ['gzip, deflate']
      CommandName: [network lb create]
      Connection: [keep-alive]
      Content-Type: [application/json; charset=utf-8]
      User-Agent: [python/3.6.1 (Windows-10-10.0.16299-SP0) requests/2.18.4 msrest/0.4.27
          msrest_azure/0.4.25 resourcemanagementclient/1.2.1 Azure-SDK-For-Python
          AZURECLI/2.0.31]
      accept-language: [en-US]
    method: GET
    uri: https://management.azure.com/subscriptions/00000000-0000-0000-0000-000000000000/resourcegroups/cli_test_load_balancer000001?api-version=2017-05-10
  response:
    body: {string: '{"id":"/subscriptions/00000000-0000-0000-0000-000000000000/resourceGroups/cli_test_load_balancer000001","name":"cli_test_load_balancer000001","location":"westus","tags":{"product":"azurecli","cause":"automation","date":"2018-04-06T22:10:59Z"},"properties":{"provisioningState":"Succeeded"}}'}
    headers:
      cache-control: [no-cache]
      content-length: ['384']
      content-type: [application/json; charset=utf-8]
      date: ['Fri, 06 Apr 2018 22:11:37 GMT']
      expires: ['-1']
      pragma: [no-cache]
      strict-transport-security: [max-age=31536000; includeSubDomains]
      vary: [Accept-Encoding]
      x-content-type-options: [nosniff]
    status: {code: 200, message: OK}
- request:
    body: null
    headers:
      Accept: [application/json]
      Accept-Encoding: ['gzip, deflate']
      CommandName: [network lb create]
      Connection: [keep-alive]
      Content-Type: [application/json; charset=utf-8]
      User-Agent: [python/3.6.1 (Windows-10-10.0.16299-SP0) requests/2.18.4 msrest/0.4.27
          msrest_azure/0.4.25 resourcemanagementclient/1.2.1 Azure-SDK-For-Python
          AZURECLI/2.0.31]
      accept-language: [en-US]
    method: GET
    uri: https://management.azure.com/subscriptions/00000000-0000-0000-0000-000000000000/resources?$filter=resourceGroup%20eq%20%27cli_test_load_balancer000001%27%20and%20name%20eq%20%27None%27%20and%20resourceType%20eq%20%27Microsoft.Network%2FpublicIPAddresses%27&api-version=2017-05-10
  response:
    body: {string: '{"value":[]}'}
    headers:
      cache-control: [no-cache]
      content-length: ['12']
      content-type: [application/json; charset=utf-8]
      date: ['Fri, 06 Apr 2018 22:11:37 GMT']
      expires: ['-1']
      pragma: [no-cache]
      strict-transport-security: [max-age=31536000; includeSubDomains]
      vary: [Accept-Encoding]
      x-content-type-options: [nosniff]
    status: {code: 200, message: OK}
- request:
    body: 'b''{"properties": {"template": {"$schema": "https://schema.management.azure.com/schemas/2015-01-01/deploymentTemplate.json#",
      "contentVersion": "1.0.0.0", "parameters": {}, "variables": {}, "resources":
      [{"apiVersion": "2018-02-01", "type": "Microsoft.Network/publicIPAddresses",
      "name": "PublicIPlb2", "location": "westus", "tags": {"foo": "doo"}, "dependsOn":
      [], "properties": {"publicIPAllocationMethod": "Static"}, "sku": {"name": "Basic"}},
      {"type": "Microsoft.Network/loadBalancers", "name": "lb2", "location": "westus",
      "tags": {"foo": "doo"}, "apiVersion": "2018-02-01", "dependsOn": ["Microsoft.Network/publicIpAddresses/PublicIPlb2"],
      "properties": {"backendAddressPools": [{"name": "lb2bepool"}], "frontendIPConfigurations":
      [{"name": "LoadBalancerFrontEnd", "properties": {"publicIPAddress": {"id": "/subscriptions/00000000-0000-0000-0000-000000000000/resourceGroups/cli_test_load_balancer000001/providers/Microsoft.Network/publicIPAddresses/PublicIPlb2"}}}]},
      "sku": {"name": "Basic"}}], "outputs": {"loadBalancer": {"type": "object", "value":
      "[reference(\''lb2\'')]"}}}, "parameters": {}, "mode": "Incremental"}}'''
    headers:
      Accept: [application/json]
      Accept-Encoding: ['gzip, deflate']
      CommandName: [network lb create]
      Connection: [keep-alive]
      Content-Length: ['1168']
      Content-Type: [application/json; charset=utf-8]
      User-Agent: [python/3.6.1 (Windows-10-10.0.16299-SP0) requests/2.18.4 msrest/0.4.27
          msrest_azure/0.4.25 resourcemanagementclient/1.2.1 Azure-SDK-For-Python
          AZURECLI/2.0.31]
      accept-language: [en-US]
    method: PUT
    uri: https://management.azure.com/subscriptions/00000000-0000-0000-0000-000000000000/resourcegroups/cli_test_load_balancer000001/providers/Microsoft.Resources/deployments/mock-deployment?api-version=2017-05-10
  response:
    body: {string: '{"id":"/subscriptions/00000000-0000-0000-0000-000000000000/resourceGroups/cli_test_load_balancer000001/providers/Microsoft.Resources/deployments/lb_deploy_oHmtyxR7AGtgaWP33UAexfSQiHG8DcCn","name":"lb_deploy_oHmtyxR7AGtgaWP33UAexfSQiHG8DcCn","properties":{"templateHash":"2052230108242045219","parameters":{},"mode":"Incremental","provisioningState":"Accepted","timestamp":"2018-04-06T22:11:40.0738285Z","duration":"PT0.4523898S","correlationId":"2740760f-dabf-42d8-b682-d027cc32dc0c","providers":[{"namespace":"Microsoft.Network","resourceTypes":[{"resourceType":"publicIPAddresses","locations":["westus"]},{"resourceType":"loadBalancers","locations":["westus"]}]}],"dependencies":[{"dependsOn":[{"id":"/subscriptions/00000000-0000-0000-0000-000000000000/resourceGroups/cli_test_load_balancer000001/providers/Microsoft.Network/publicIPAddresses/PublicIPlb2","resourceType":"Microsoft.Network/publicIPAddresses","resourceName":"PublicIPlb2"}],"id":"/subscriptions/00000000-0000-0000-0000-000000000000/resourceGroups/cli_test_load_balancer000001/providers/Microsoft.Network/loadBalancers/lb2","resourceType":"Microsoft.Network/loadBalancers","resourceName":"lb2"}]}}'}
    headers:
      azure-asyncoperation: ['https://management.azure.com/subscriptions/00000000-0000-0000-0000-000000000000/resourcegroups/cli_test_load_balancer000001/providers/Microsoft.Resources/deployments/lb_deploy_oHmtyxR7AGtgaWP33UAexfSQiHG8DcCn/operationStatuses/08586785541858561835?api-version=2017-05-10']
      cache-control: [no-cache]
      content-length: ['1305']
      content-type: [application/json; charset=utf-8]
      date: ['Fri, 06 Apr 2018 22:11:39 GMT']
      expires: ['-1']
      pragma: [no-cache]
      strict-transport-security: [max-age=31536000; includeSubDomains]
      x-content-type-options: [nosniff]
      x-ms-ratelimit-remaining-subscription-writes: ['1197']
    status: {code: 201, message: Created}
- request:
    body: null
    headers:
      Accept: [application/json]
      Accept-Encoding: ['gzip, deflate']
      CommandName: [network lb create]
      Connection: [keep-alive]
      Content-Type: [application/json; charset=utf-8]
      User-Agent: [python/3.6.1 (Windows-10-10.0.16299-SP0) requests/2.18.4 msrest/0.4.27
          msrest_azure/0.4.25 resourcemanagementclient/1.2.1 Azure-SDK-For-Python
          AZURECLI/2.0.31]
      accept-language: [en-US]
    method: GET
    uri: https://management.azure.com/subscriptions/00000000-0000-0000-0000-000000000000/resourcegroups/cli_test_load_balancer000001/providers/Microsoft.Resources/deployments/mock-deployment/operationStatuses/08586785541858561835?api-version=2017-05-10
  response:
    body: {string: '{"status":"Succeeded"}'}
    headers:
      cache-control: [no-cache]
      content-length: ['22']
      content-type: [application/json; charset=utf-8]
      date: ['Fri, 06 Apr 2018 22:12:09 GMT']
      expires: ['-1']
      pragma: [no-cache]
      strict-transport-security: [max-age=31536000; includeSubDomains]
      vary: [Accept-Encoding]
      x-content-type-options: [nosniff]
    status: {code: 200, message: OK}
- request:
    body: null
    headers:
      Accept: [application/json]
      Accept-Encoding: ['gzip, deflate']
      CommandName: [network lb create]
      Connection: [keep-alive]
      Content-Type: [application/json; charset=utf-8]
      User-Agent: [python/3.6.1 (Windows-10-10.0.16299-SP0) requests/2.18.4 msrest/0.4.27
          msrest_azure/0.4.25 resourcemanagementclient/1.2.1 Azure-SDK-For-Python
          AZURECLI/2.0.31]
      accept-language: [en-US]
    method: GET
    uri: https://management.azure.com/subscriptions/00000000-0000-0000-0000-000000000000/resourcegroups/cli_test_load_balancer000001/providers/Microsoft.Resources/deployments/mock-deployment?api-version=2017-05-10
  response:
    body: {string: '{"id":"/subscriptions/00000000-0000-0000-0000-000000000000/resourceGroups/cli_test_load_balancer000001/providers/Microsoft.Resources/deployments/lb_deploy_oHmtyxR7AGtgaWP33UAexfSQiHG8DcCn","name":"lb_deploy_oHmtyxR7AGtgaWP33UAexfSQiHG8DcCn","properties":{"templateHash":"2052230108242045219","parameters":{},"mode":"Incremental","provisioningState":"Succeeded","timestamp":"2018-04-06T22:12:05.4080727Z","duration":"PT25.786634S","correlationId":"2740760f-dabf-42d8-b682-d027cc32dc0c","providers":[{"namespace":"Microsoft.Network","resourceTypes":[{"resourceType":"publicIPAddresses","locations":["westus"]},{"resourceType":"loadBalancers","locations":["westus"]}]}],"dependencies":[{"dependsOn":[{"id":"/subscriptions/00000000-0000-0000-0000-000000000000/resourceGroups/cli_test_load_balancer000001/providers/Microsoft.Network/publicIPAddresses/PublicIPlb2","resourceType":"Microsoft.Network/publicIPAddresses","resourceName":"PublicIPlb2"}],"id":"/subscriptions/00000000-0000-0000-0000-000000000000/resourceGroups/cli_test_load_balancer000001/providers/Microsoft.Network/loadBalancers/lb2","resourceType":"Microsoft.Network/loadBalancers","resourceName":"lb2"}],"outputs":{"loadBalancer":{"type":"Object","value":{"provisioningState":"Succeeded","resourceGuid":"efa88bb4-8e5f-4209-b24c-a36c13f1d2bb","frontendIPConfigurations":[{"name":"LoadBalancerFrontEnd","id":"/subscriptions/00000000-0000-0000-0000-000000000000/resourceGroups/cli_test_load_balancer000001/providers/Microsoft.Network/loadBalancers/lb2/frontendIPConfigurations/LoadBalancerFrontEnd","etag":"W/\"d4243601-7eca-4720-9461-1281a09adb4d\"","properties":{"provisioningState":"Succeeded","privateIPAllocationMethod":"Dynamic","publicIPAddress":{"id":"/subscriptions/00000000-0000-0000-0000-000000000000/resourceGroups/cli_test_load_balancer000001/providers/Microsoft.Network/publicIPAddresses/PublicIPlb2"}}}],"backendAddressPools":[{"name":"lb2bepool","id":"/subscriptions/00000000-0000-0000-0000-000000000000/resourceGroups/cli_test_load_balancer000001/providers/Microsoft.Network/loadBalancers/lb2/backendAddressPools/lb2bepool","etag":"W/\"d4243601-7eca-4720-9461-1281a09adb4d\"","properties":{"provisioningState":"Succeeded"}}],"loadBalancingRules":[],"probes":[],"inboundNatRules":[],"outboundNatRules":[],"inboundNatPools":[]}}},"outputResources":[{"id":"/subscriptions/00000000-0000-0000-0000-000000000000/resourceGroups/cli_test_load_balancer000001/providers/Microsoft.Network/loadBalancers/lb2"},{"id":"/subscriptions/00000000-0000-0000-0000-000000000000/resourceGroups/cli_test_load_balancer000001/providers/Microsoft.Network/publicIPAddresses/PublicIPlb2"}]}}'}
    headers:
      cache-control: [no-cache]
      content-length: ['3013']
      content-type: [application/json; charset=utf-8]
      date: ['Fri, 06 Apr 2018 22:12:10 GMT']
      expires: ['-1']
      pragma: [no-cache]
      strict-transport-security: [max-age=31536000; includeSubDomains]
      vary: [Accept-Encoding]
      x-content-type-options: [nosniff]
    status: {code: 200, message: OK}
- request:
    body: null
    headers:
      Accept: [application/json]
      Accept-Encoding: ['gzip, deflate']
      CommandName: [network public-ip show]
      Connection: [keep-alive]
      Content-Type: [application/json; charset=utf-8]
      User-Agent: [python/3.6.1 (Windows-10-10.0.16299-SP0) requests/2.18.4 msrest/0.4.27
          msrest_azure/0.4.25 networkmanagementclient/2.0.0rc2 Azure-SDK-For-Python
          AZURECLI/2.0.31]
      accept-language: [en-US]
    method: GET
    uri: https://management.azure.com/subscriptions/00000000-0000-0000-0000-000000000000/resourceGroups/cli_test_load_balancer000001/providers/Microsoft.Network/publicIPAddresses/PublicIPlb2?api-version=2018-02-01
  response:
    body: {string: "{\r\n  \"name\": \"PublicIPlb2\",\r\n  \"id\": \"/subscriptions/00000000-0000-0000-0000-000000000000/resourceGroups/cli_test_load_balancer000001/providers/Microsoft.Network/publicIPAddresses/PublicIPlb2\"\
        ,\r\n  \"etag\": \"W/\\\"61bbc7ed-bb57-4c88-a8e8-aae13d7e8bcb\\\"\",\r\n \
        \ \"location\": \"westus\",\r\n  \"tags\": {\r\n    \"foo\": \"doo\"\r\n \
        \ },\r\n  \"properties\": {\r\n    \"provisioningState\": \"Succeeded\",\r\
        \n    \"resourceGuid\": \"ce1445f8-24b0-48a1-93f7-48f676ab1520\",\r\n    \"\
        ipAddress\": \"13.91.101.164\",\r\n    \"publicIPAddressVersion\": \"IPv4\"\
        ,\r\n    \"publicIPAllocationMethod\": \"Static\",\r\n    \"idleTimeoutInMinutes\"\
        : 4,\r\n    \"ipTags\": [],\r\n    \"ipConfiguration\": {\r\n      \"id\"\
        : \"/subscriptions/00000000-0000-0000-0000-000000000000/resourceGroups/cli_test_load_balancer000001/providers/Microsoft.Network/loadBalancers/lb2/frontendIPConfigurations/LoadBalancerFrontEnd\"\
        \r\n    }\r\n  },\r\n  \"type\": \"Microsoft.Network/publicIPAddresses\",\r\
        \n  \"sku\": {\r\n    \"name\": \"Basic\",\r\n    \"tier\": \"Regional\"\r\
        \n  }\r\n}"}
    headers:
      cache-control: [no-cache]
      content-length: ['1051']
      content-type: [application/json; charset=utf-8]
      date: ['Fri, 06 Apr 2018 22:14:28 GMT']
      etag: [W/"61bbc7ed-bb57-4c88-a8e8-aae13d7e8bcb"]
      expires: ['-1']
      pragma: [no-cache]
      server: [Microsoft-HTTPAPI/2.0, Microsoft-HTTPAPI/2.0]
      strict-transport-security: [max-age=31536000; includeSubDomains]
      transfer-encoding: [chunked]
      vary: [Accept-Encoding]
      x-content-type-options: [nosniff]
    status: {code: 200, message: OK}
- request:
    body: null
    headers:
      Accept: [application/json]
      Accept-Encoding: ['gzip, deflate']
      CommandName: [network vnet create]
      Connection: [keep-alive]
      Content-Type: [application/json; charset=utf-8]
      User-Agent: [python/3.6.1 (Windows-10-10.0.16299-SP0) requests/2.18.4 msrest/0.4.27
          msrest_azure/0.4.25 resourcemanagementclient/1.2.1 Azure-SDK-For-Python
          AZURECLI/2.0.31]
      accept-language: [en-US]
    method: GET
    uri: https://management.azure.com/subscriptions/00000000-0000-0000-0000-000000000000/resourcegroups/cli_test_load_balancer000001?api-version=2017-05-10
  response:
    body: {string: '{"id":"/subscriptions/00000000-0000-0000-0000-000000000000/resourceGroups/cli_test_load_balancer000001","name":"cli_test_load_balancer000001","location":"westus","tags":{"product":"azurecli","cause":"automation","date":"2018-04-06T22:10:59Z"},"properties":{"provisioningState":"Succeeded"}}'}
    headers:
      cache-control: [no-cache]
      content-length: ['384']
      content-type: [application/json; charset=utf-8]
      date: ['Fri, 06 Apr 2018 22:14:30 GMT']
      expires: ['-1']
      pragma: [no-cache]
      strict-transport-security: [max-age=31536000; includeSubDomains]
      vary: [Accept-Encoding]
      x-content-type-options: [nosniff]
    status: {code: 200, message: OK}
- request:
    body: '{"location": "westus", "tags": {}, "properties": {"addressSpace": {"addressPrefixes":
      ["10.0.0.0/16"]}, "dhcpOptions": {}, "subnets": [{"properties": {"addressPrefix":
      "10.0.0.0/24"}, "name": "default"}]}}'
    headers:
      Accept: [application/json]
      Accept-Encoding: ['gzip, deflate']
      CommandName: [network vnet create]
      Connection: [keep-alive]
      Content-Length: ['205']
      Content-Type: [application/json; charset=utf-8]
      User-Agent: [python/3.6.1 (Windows-10-10.0.16299-SP0) requests/2.18.4 msrest/0.4.27
          msrest_azure/0.4.25 networkmanagementclient/2.0.0rc2 Azure-SDK-For-Python
          AZURECLI/2.0.31]
      accept-language: [en-US]
    method: PUT
    uri: https://management.azure.com/subscriptions/00000000-0000-0000-0000-000000000000/resourceGroups/cli_test_load_balancer000001/providers/Microsoft.Network/virtualNetworks/mytestvnet?api-version=2018-02-01
  response:
    body: {string: "{\r\n  \"name\": \"mytestvnet\",\r\n  \"id\": \"/subscriptions/00000000-0000-0000-0000-000000000000/resourceGroups/cli_test_load_balancer000001/providers/Microsoft.Network/virtualNetworks/mytestvnet\"\
        ,\r\n  \"etag\": \"W/\\\"8c1126d9-69cb-4307-a5fb-952f063c0208\\\"\",\r\n \
        \ \"type\": \"Microsoft.Network/virtualNetworks\",\r\n  \"location\": \"westus\"\
        ,\r\n  \"tags\": {},\r\n  \"properties\": {\r\n    \"provisioningState\":\
        \ \"Updating\",\r\n    \"resourceGuid\": \"cd4855ad-c4cd-4baa-9989-5d4331af0a89\"\
        ,\r\n    \"addressSpace\": {\r\n      \"addressPrefixes\": [\r\n        \"\
        10.0.0.0/16\"\r\n      ]\r\n    },\r\n    \"dhcpOptions\": {\r\n      \"dnsServers\"\
        : []\r\n    },\r\n    \"subnets\": [\r\n      {\r\n        \"name\": \"default\"\
        ,\r\n        \"id\": \"/subscriptions/00000000-0000-0000-0000-000000000000/resourceGroups/cli_test_load_balancer000001/providers/Microsoft.Network/virtualNetworks/mytestvnet/subnets/default\"\
        ,\r\n        \"etag\": \"W/\\\"8c1126d9-69cb-4307-a5fb-952f063c0208\\\"\"\
        ,\r\n        \"properties\": {\r\n          \"provisioningState\": \"Updating\"\
        ,\r\n          \"addressPrefix\": \"10.0.0.0/24\"\r\n        }\r\n      }\r\
        \n    ],\r\n    \"virtualNetworkPeerings\": [],\r\n    \"enableDdosProtection\"\
        : false,\r\n    \"enableVmProtection\": false\r\n  }\r\n}"}
    headers:
      azure-asyncoperation: ['https://management.azure.com/subscriptions/00000000-0000-0000-0000-000000000000/providers/Microsoft.Network/locations/westus/operations/c5ea7c50-32c7-4ab5-a470-f831f8ada2ef?api-version=2018-02-01']
      cache-control: [no-cache]
      content-length: ['1245']
      content-type: [application/json; charset=utf-8]
      date: ['Fri, 06 Apr 2018 22:14:30 GMT']
      expires: ['-1']
      pragma: [no-cache]
      server: [Microsoft-HTTPAPI/2.0, Microsoft-HTTPAPI/2.0]
      strict-transport-security: [max-age=31536000; includeSubDomains]
      x-content-type-options: [nosniff]
      x-ms-ratelimit-remaining-subscription-writes: ['1198']
    status: {code: 201, message: Created}
- request:
    body: null
    headers:
      Accept: [application/json]
      Accept-Encoding: ['gzip, deflate']
      CommandName: [network vnet create]
      Connection: [keep-alive]
      User-Agent: [python/3.6.1 (Windows-10-10.0.16299-SP0) requests/2.18.4 msrest/0.4.27
          msrest_azure/0.4.25 networkmanagementclient/2.0.0rc2 Azure-SDK-For-Python
          AZURECLI/2.0.31]
    method: GET
    uri: https://management.azure.com/subscriptions/00000000-0000-0000-0000-000000000000/providers/Microsoft.Network/locations/westus/operations/c5ea7c50-32c7-4ab5-a470-f831f8ada2ef?api-version=2018-02-01
  response:
    body: {string: "{\r\n  \"status\": \"InProgress\"\r\n}"}
    headers:
      cache-control: [no-cache]
      content-length: ['30']
      content-type: [application/json; charset=utf-8]
      date: ['Fri, 06 Apr 2018 22:14:34 GMT']
      expires: ['-1']
      pragma: [no-cache]
      server: [Microsoft-HTTPAPI/2.0, Microsoft-HTTPAPI/2.0]
      strict-transport-security: [max-age=31536000; includeSubDomains]
      transfer-encoding: [chunked]
      vary: [Accept-Encoding]
      x-content-type-options: [nosniff]
    status: {code: 200, message: OK}
- request:
    body: null
    headers:
      Accept: [application/json]
      Accept-Encoding: ['gzip, deflate']
      CommandName: [network vnet create]
      Connection: [keep-alive]
      User-Agent: [python/3.6.1 (Windows-10-10.0.16299-SP0) requests/2.18.4 msrest/0.4.27
          msrest_azure/0.4.25 networkmanagementclient/2.0.0rc2 Azure-SDK-For-Python
          AZURECLI/2.0.31]
    method: GET
    uri: https://management.azure.com/subscriptions/00000000-0000-0000-0000-000000000000/providers/Microsoft.Network/locations/westus/operations/c5ea7c50-32c7-4ab5-a470-f831f8ada2ef?api-version=2018-02-01
  response:
    body: {string: "{\r\n  \"status\": \"Succeeded\"\r\n}"}
    headers:
      cache-control: [no-cache]
      content-length: ['29']
      content-type: [application/json; charset=utf-8]
      date: ['Fri, 06 Apr 2018 22:14:44 GMT']
      expires: ['-1']
      pragma: [no-cache]
      server: [Microsoft-HTTPAPI/2.0, Microsoft-HTTPAPI/2.0]
      strict-transport-security: [max-age=31536000; includeSubDomains]
      transfer-encoding: [chunked]
      vary: [Accept-Encoding]
      x-content-type-options: [nosniff]
    status: {code: 200, message: OK}
- request:
    body: null
    headers:
      Accept: [application/json]
      Accept-Encoding: ['gzip, deflate']
      CommandName: [network vnet create]
      Connection: [keep-alive]
      User-Agent: [python/3.6.1 (Windows-10-10.0.16299-SP0) requests/2.18.4 msrest/0.4.27
          msrest_azure/0.4.25 networkmanagementclient/2.0.0rc2 Azure-SDK-For-Python
          AZURECLI/2.0.31]
    method: GET
    uri: https://management.azure.com/subscriptions/00000000-0000-0000-0000-000000000000/resourceGroups/cli_test_load_balancer000001/providers/Microsoft.Network/virtualNetworks/mytestvnet?api-version=2018-02-01
  response:
    body: {string: "{\r\n  \"name\": \"mytestvnet\",\r\n  \"id\": \"/subscriptions/00000000-0000-0000-0000-000000000000/resourceGroups/cli_test_load_balancer000001/providers/Microsoft.Network/virtualNetworks/mytestvnet\"\
        ,\r\n  \"etag\": \"W/\\\"324330a4-1409-4659-9686-8bd4cce9c731\\\"\",\r\n \
        \ \"type\": \"Microsoft.Network/virtualNetworks\",\r\n  \"location\": \"westus\"\
        ,\r\n  \"tags\": {},\r\n  \"properties\": {\r\n    \"provisioningState\":\
        \ \"Succeeded\",\r\n    \"resourceGuid\": \"cd4855ad-c4cd-4baa-9989-5d4331af0a89\"\
        ,\r\n    \"addressSpace\": {\r\n      \"addressPrefixes\": [\r\n        \"\
        10.0.0.0/16\"\r\n      ]\r\n    },\r\n    \"dhcpOptions\": {\r\n      \"dnsServers\"\
        : []\r\n    },\r\n    \"subnets\": [\r\n      {\r\n        \"name\": \"default\"\
        ,\r\n        \"id\": \"/subscriptions/00000000-0000-0000-0000-000000000000/resourceGroups/cli_test_load_balancer000001/providers/Microsoft.Network/virtualNetworks/mytestvnet/subnets/default\"\
        ,\r\n        \"etag\": \"W/\\\"324330a4-1409-4659-9686-8bd4cce9c731\\\"\"\
        ,\r\n        \"properties\": {\r\n          \"provisioningState\": \"Succeeded\"\
        ,\r\n          \"addressPrefix\": \"10.0.0.0/24\"\r\n        }\r\n      }\r\
        \n    ],\r\n    \"virtualNetworkPeerings\": [],\r\n    \"enableDdosProtection\"\
        : false,\r\n    \"enableVmProtection\": false\r\n  }\r\n}"}
    headers:
      cache-control: [no-cache]
      content-length: ['1247']
      content-type: [application/json; charset=utf-8]
      date: ['Fri, 06 Apr 2018 22:14:44 GMT']
      etag: [W/"324330a4-1409-4659-9686-8bd4cce9c731"]
      expires: ['-1']
      pragma: [no-cache]
      server: [Microsoft-HTTPAPI/2.0, Microsoft-HTTPAPI/2.0]
      strict-transport-security: [max-age=31536000; includeSubDomains]
      transfer-encoding: [chunked]
      vary: [Accept-Encoding]
      x-content-type-options: [nosniff]
    status: {code: 200, message: OK}
- request:
    body: null
    headers:
      Accept: [application/json]
      Accept-Encoding: ['gzip, deflate']
      CommandName: [network lb create]
      Connection: [keep-alive]
      Content-Type: [application/json; charset=utf-8]
      User-Agent: [python/3.6.1 (Windows-10-10.0.16299-SP0) requests/2.18.4 msrest/0.4.27
          msrest_azure/0.4.25 resourcemanagementclient/1.2.1 Azure-SDK-For-Python
          AZURECLI/2.0.31]
      accept-language: [en-US]
    method: GET
    uri: https://management.azure.com/subscriptions/00000000-0000-0000-0000-000000000000/resourcegroups/cli_test_load_balancer000001?api-version=2017-05-10
  response:
    body: {string: '{"id":"/subscriptions/00000000-0000-0000-0000-000000000000/resourceGroups/cli_test_load_balancer000001","name":"cli_test_load_balancer000001","location":"westus","tags":{"product":"azurecli","cause":"automation","date":"2018-04-06T22:10:59Z"},"properties":{"provisioningState":"Succeeded"}}'}
    headers:
      cache-control: [no-cache]
      content-length: ['384']
      content-type: [application/json; charset=utf-8]
      date: ['Fri, 06 Apr 2018 22:14:45 GMT']
      expires: ['-1']
      pragma: [no-cache]
      strict-transport-security: [max-age=31536000; includeSubDomains]
      vary: [Accept-Encoding]
      x-content-type-options: [nosniff]
    status: {code: 200, message: OK}
- request:
    body: null
    headers:
      Accept: [application/json]
      Accept-Encoding: ['gzip, deflate']
      CommandName: [network lb create]
      Connection: [keep-alive]
      Content-Type: [application/json; charset=utf-8]
      User-Agent: [python/3.6.1 (Windows-10-10.0.16299-SP0) requests/2.18.4 msrest/0.4.27
          msrest_azure/0.4.25 resourcemanagementclient/1.2.1 Azure-SDK-For-Python
          AZURECLI/2.0.31]
      accept-language: [en-US]
    method: GET
    uri: https://management.azure.com/subscriptions/00000000-0000-0000-0000-000000000000/resources?$filter=resourceGroup%20eq%20%27cli_test_load_balancer000001%27%20and%20name%20eq%20%27mytestvnet%27%20and%20resourceType%20eq%20%27Microsoft.Network%2FvirtualNetworks%27&api-version=2017-05-10
  response:
    body: {string: '{"value":[{"id":"/subscriptions/00000000-0000-0000-0000-000000000000/resourceGroups/cli_test_load_balancer000001/providers/Microsoft.Network/virtualNetworks/mytestvnet","name":"mytestvnet","type":"Microsoft.Network/virtualNetworks","location":"westus","tags":{}}]}'}
    headers:
      cache-control: [no-cache]
      content-length: ['311']
      content-type: [application/json; charset=utf-8]
      date: ['Fri, 06 Apr 2018 22:14:46 GMT']
      expires: ['-1']
      pragma: [no-cache]
      strict-transport-security: [max-age=31536000; includeSubDomains]
      vary: [Accept-Encoding]
      x-content-type-options: [nosniff]
    status: {code: 200, message: OK}
- request:
    body: 'b''{"properties": {"template": {"$schema": "https://schema.management.azure.com/schemas/2015-01-01/deploymentTemplate.json#",
      "contentVersion": "1.0.0.0", "parameters": {}, "variables": {}, "resources":
      [{"type": "Microsoft.Network/loadBalancers", "name": "lb3", "location": "westus",
      "tags": {}, "apiVersion": "2018-02-01", "dependsOn": [], "properties": {"backendAddressPools":
      [{"name": "lb3bepool"}], "frontendIPConfigurations": [{"name": "LoadBalancerFrontEnd",
      "properties": {"privateIPAllocationMethod": "Static", "privateIPAddress": "10.0.0.15",
      "subnet": {"id": "/subscriptions/00000000-0000-0000-0000-000000000000/resourceGroups/cli_test_load_balancer000001/providers/Microsoft.Network/virtualNetworks/mytestvnet/subnets/default"}}}]},
      "sku": {"name": "Basic"}}], "outputs": {"loadBalancer": {"type": "object", "value":
      "[reference(\''lb3\'')]"}}}, "parameters": {}, "mode": "Incremental"}}'''
    headers:
      Accept: [application/json]
      Accept-Encoding: ['gzip, deflate']
      CommandName: [network lb create]
      Connection: [keep-alive]
      Content-Length: ['940']
      Content-Type: [application/json; charset=utf-8]
      User-Agent: [python/3.6.1 (Windows-10-10.0.16299-SP0) requests/2.18.4 msrest/0.4.27
          msrest_azure/0.4.25 resourcemanagementclient/1.2.1 Azure-SDK-For-Python
          AZURECLI/2.0.31]
      accept-language: [en-US]
    method: PUT
    uri: https://management.azure.com/subscriptions/00000000-0000-0000-0000-000000000000/resourcegroups/cli_test_load_balancer000001/providers/Microsoft.Resources/deployments/mock-deployment?api-version=2017-05-10
  response:
    body: {string: '{"id":"/subscriptions/00000000-0000-0000-0000-000000000000/resourceGroups/cli_test_load_balancer000001/providers/Microsoft.Resources/deployments/lb_deploy_59eQJnIcxuQKGgxA4lneyRnxKx0G0vna","name":"lb_deploy_59eQJnIcxuQKGgxA4lneyRnxKx0G0vna","properties":{"templateHash":"2502799980890373728","parameters":{},"mode":"Incremental","provisioningState":"Accepted","timestamp":"2018-04-06T22:14:48.7762751Z","duration":"PT0.6263458S","correlationId":"e14a424c-7105-42cc-af30-d01984f277ae","providers":[{"namespace":"Microsoft.Network","resourceTypes":[{"resourceType":"loadBalancers","locations":["westus"]}]}],"dependencies":[]}}'}
    headers:
      azure-asyncoperation: ['https://management.azure.com/subscriptions/00000000-0000-0000-0000-000000000000/resourcegroups/cli_test_load_balancer000001/providers/Microsoft.Resources/deployments/lb_deploy_59eQJnIcxuQKGgxA4lneyRnxKx0G0vna/operationStatuses/08586785539973276804?api-version=2017-05-10']
      cache-control: [no-cache]
      content-length: ['672']
      content-type: [application/json; charset=utf-8]
      date: ['Fri, 06 Apr 2018 22:14:48 GMT']
      expires: ['-1']
      pragma: [no-cache]
      strict-transport-security: [max-age=31536000; includeSubDomains]
      x-content-type-options: [nosniff]
      x-ms-ratelimit-remaining-subscription-writes: ['1197']
    status: {code: 201, message: Created}
- request:
    body: null
    headers:
      Accept: [application/json]
      Accept-Encoding: ['gzip, deflate']
      CommandName: [network lb create]
      Connection: [keep-alive]
      Content-Type: [application/json; charset=utf-8]
      User-Agent: [python/3.6.1 (Windows-10-10.0.16299-SP0) requests/2.18.4 msrest/0.4.27
          msrest_azure/0.4.25 resourcemanagementclient/1.2.1 Azure-SDK-For-Python
          AZURECLI/2.0.31]
      accept-language: [en-US]
    method: GET
    uri: https://management.azure.com/subscriptions/00000000-0000-0000-0000-000000000000/resourcegroups/cli_test_load_balancer000001/providers/Microsoft.Resources/deployments/mock-deployment/operationStatuses/08586785539973276804?api-version=2017-05-10
  response:
    body: {string: '{"status":"Succeeded"}'}
    headers:
      cache-control: [no-cache]
      content-length: ['22']
      content-type: [application/json; charset=utf-8]
      date: ['Fri, 06 Apr 2018 22:15:18 GMT']
      expires: ['-1']
      pragma: [no-cache]
      strict-transport-security: [max-age=31536000; includeSubDomains]
      vary: [Accept-Encoding]
      x-content-type-options: [nosniff]
    status: {code: 200, message: OK}
- request:
    body: null
    headers:
      Accept: [application/json]
      Accept-Encoding: ['gzip, deflate']
      CommandName: [network lb create]
      Connection: [keep-alive]
      Content-Type: [application/json; charset=utf-8]
      User-Agent: [python/3.6.1 (Windows-10-10.0.16299-SP0) requests/2.18.4 msrest/0.4.27
          msrest_azure/0.4.25 resourcemanagementclient/1.2.1 Azure-SDK-For-Python
          AZURECLI/2.0.31]
      accept-language: [en-US]
    method: GET
    uri: https://management.azure.com/subscriptions/00000000-0000-0000-0000-000000000000/resourcegroups/cli_test_load_balancer000001/providers/Microsoft.Resources/deployments/mock-deployment?api-version=2017-05-10
  response:
    body: {string: '{"id":"/subscriptions/00000000-0000-0000-0000-000000000000/resourceGroups/cli_test_load_balancer000001/providers/Microsoft.Resources/deployments/lb_deploy_59eQJnIcxuQKGgxA4lneyRnxKx0G0vna","name":"lb_deploy_59eQJnIcxuQKGgxA4lneyRnxKx0G0vna","properties":{"templateHash":"2502799980890373728","parameters":{},"mode":"Incremental","provisioningState":"Succeeded","timestamp":"2018-04-06T22:14:59.1875583Z","duration":"PT11.037629S","correlationId":"e14a424c-7105-42cc-af30-d01984f277ae","providers":[{"namespace":"Microsoft.Network","resourceTypes":[{"resourceType":"loadBalancers","locations":["westus"]}]}],"dependencies":[],"outputs":{"loadBalancer":{"type":"Object","value":{"provisioningState":"Succeeded","resourceGuid":"e4f78a58-b811-47e4-8c56-190e6d12e83e","frontendIPConfigurations":[{"name":"LoadBalancerFrontEnd","id":"/subscriptions/00000000-0000-0000-0000-000000000000/resourceGroups/cli_test_load_balancer000001/providers/Microsoft.Network/loadBalancers/lb3/frontendIPConfigurations/LoadBalancerFrontEnd","etag":"W/\"b5cc6591-4559-4e72-8531-8775e756b258\"","properties":{"provisioningState":"Succeeded","privateIPAddress":"10.0.0.15","privateIPAllocationMethod":"Static","subnet":{"id":"/subscriptions/00000000-0000-0000-0000-000000000000/resourceGroups/cli_test_load_balancer000001/providers/Microsoft.Network/virtualNetworks/mytestvnet/subnets/default"}}}],"backendAddressPools":[{"name":"lb3bepool","id":"/subscriptions/00000000-0000-0000-0000-000000000000/resourceGroups/cli_test_load_balancer000001/providers/Microsoft.Network/loadBalancers/lb3/backendAddressPools/lb3bepool","etag":"W/\"b5cc6591-4559-4e72-8531-8775e756b258\"","properties":{"provisioningState":"Succeeded"}}],"loadBalancingRules":[],"probes":[],"inboundNatRules":[],"outboundNatRules":[],"inboundNatPools":[]}}},"outputResources":[{"id":"/subscriptions/00000000-0000-0000-0000-000000000000/resourceGroups/cli_test_load_balancer000001/providers/Microsoft.Network/loadBalancers/lb3"}]}}'}
    headers:
      cache-control: [no-cache]
      content-length: ['2204']
      content-type: [application/json; charset=utf-8]
      date: ['Fri, 06 Apr 2018 22:15:19 GMT']
      expires: ['-1']
      pragma: [no-cache]
      strict-transport-security: [max-age=31536000; includeSubDomains]
      vary: [Accept-Encoding]
      x-content-type-options: [nosniff]
    status: {code: 200, message: OK}
- request:
    body: null
    headers:
      Accept: [application/json]
      Accept-Encoding: ['gzip, deflate']
      CommandName: [network public-ip create]
      Connection: [keep-alive]
      Content-Type: [application/json; charset=utf-8]
      User-Agent: [python/3.6.1 (Windows-10-10.0.16299-SP0) requests/2.18.4 msrest/0.4.27
          msrest_azure/0.4.25 resourcemanagementclient/1.2.1 Azure-SDK-For-Python
          AZURECLI/2.0.31]
      accept-language: [en-US]
    method: GET
    uri: https://management.azure.com/subscriptions/00000000-0000-0000-0000-000000000000/resourcegroups/cli_test_load_balancer000001?api-version=2017-05-10
  response:
    body: {string: '{"id":"/subscriptions/00000000-0000-0000-0000-000000000000/resourceGroups/cli_test_load_balancer000001","name":"cli_test_load_balancer000001","location":"westus","tags":{"product":"azurecli","cause":"automation","date":"2018-04-06T22:10:59Z"},"properties":{"provisioningState":"Succeeded"}}'}
    headers:
      cache-control: [no-cache]
      content-length: ['384']
      content-type: [application/json; charset=utf-8]
      date: ['Fri, 06 Apr 2018 22:15:20 GMT']
      expires: ['-1']
      pragma: [no-cache]
      strict-transport-security: [max-age=31536000; includeSubDomains]
      vary: [Accept-Encoding]
      x-content-type-options: [nosniff]
    status: {code: 200, message: OK}
- request:
    body: '{"location": "westus", "sku": {"name": "Basic"}, "properties": {"publicIPAllocationMethod":
      "Dynamic", "publicIPAddressVersion": "IPv4", "idleTimeoutInMinutes": 4}}'
    headers:
      Accept: [application/json]
      Accept-Encoding: ['gzip, deflate']
      CommandName: [network public-ip create]
      Connection: [keep-alive]
      Content-Length: ['164']
      Content-Type: [application/json; charset=utf-8]
      User-Agent: [python/3.6.1 (Windows-10-10.0.16299-SP0) requests/2.18.4 msrest/0.4.27
          msrest_azure/0.4.25 networkmanagementclient/2.0.0rc2 Azure-SDK-For-Python
          AZURECLI/2.0.31]
      accept-language: [en-US]
    method: PUT
    uri: https://management.azure.com/subscriptions/00000000-0000-0000-0000-000000000000/resourceGroups/cli_test_load_balancer000001/providers/Microsoft.Network/publicIPAddresses/publicip4?api-version=2018-02-01
  response:
    body: {string: "{\r\n  \"name\": \"publicip4\",\r\n  \"id\": \"/subscriptions/00000000-0000-0000-0000-000000000000/resourceGroups/cli_test_load_balancer000001/providers/Microsoft.Network/publicIPAddresses/publicip4\"\
        ,\r\n  \"etag\": \"W/\\\"4058ca97-a063-4815-9e21-eacaba854021\\\"\",\r\n \
        \ \"location\": \"westus\",\r\n  \"properties\": {\r\n    \"provisioningState\"\
        : \"Updating\",\r\n    \"resourceGuid\": \"1e0067af-44cc-45dc-9947-57062a1e856c\"\
        ,\r\n    \"publicIPAddressVersion\": \"IPv4\",\r\n    \"publicIPAllocationMethod\"\
        : \"Dynamic\",\r\n    \"idleTimeoutInMinutes\": 4,\r\n    \"ipTags\": []\r\
        \n  },\r\n  \"type\": \"Microsoft.Network/publicIPAddresses\",\r\n  \"sku\"\
        : {\r\n    \"name\": \"Basic\",\r\n    \"tier\": \"Regional\"\r\n  }\r\n}"}
    headers:
      azure-asyncoperation: ['https://management.azure.com/subscriptions/00000000-0000-0000-0000-000000000000/providers/Microsoft.Network/locations/westus/operations/8221467e-9524-4841-b499-3468c7cc873b?api-version=2018-02-01']
      cache-control: [no-cache]
      content-length: ['691']
      content-type: [application/json; charset=utf-8]
      date: ['Fri, 06 Apr 2018 22:15:21 GMT']
      expires: ['-1']
      pragma: [no-cache]
      server: [Microsoft-HTTPAPI/2.0, Microsoft-HTTPAPI/2.0]
      strict-transport-security: [max-age=31536000; includeSubDomains]
      x-content-type-options: [nosniff]
      x-ms-ratelimit-remaining-subscription-writes: ['1199']
    status: {code: 201, message: Created}
- request:
    body: null
    headers:
      Accept: [application/json]
      Accept-Encoding: ['gzip, deflate']
      CommandName: [network public-ip create]
      Connection: [keep-alive]
      User-Agent: [python/3.6.1 (Windows-10-10.0.16299-SP0) requests/2.18.4 msrest/0.4.27
          msrest_azure/0.4.25 networkmanagementclient/2.0.0rc2 Azure-SDK-For-Python
          AZURECLI/2.0.31]
    method: GET
    uri: https://management.azure.com/subscriptions/00000000-0000-0000-0000-000000000000/providers/Microsoft.Network/locations/westus/operations/8221467e-9524-4841-b499-3468c7cc873b?api-version=2018-02-01
  response:
    body: {string: "{\r\n  \"status\": \"Succeeded\"\r\n}"}
    headers:
      cache-control: [no-cache]
      content-length: ['29']
      content-type: [application/json; charset=utf-8]
      date: ['Fri, 06 Apr 2018 22:15:24 GMT']
      expires: ['-1']
      pragma: [no-cache]
      server: [Microsoft-HTTPAPI/2.0, Microsoft-HTTPAPI/2.0]
      strict-transport-security: [max-age=31536000; includeSubDomains]
      transfer-encoding: [chunked]
      vary: [Accept-Encoding]
      x-content-type-options: [nosniff]
    status: {code: 200, message: OK}
- request:
    body: null
    headers:
      Accept: [application/json]
      Accept-Encoding: ['gzip, deflate']
      CommandName: [network public-ip create]
      Connection: [keep-alive]
      User-Agent: [python/3.6.1 (Windows-10-10.0.16299-SP0) requests/2.18.4 msrest/0.4.27
          msrest_azure/0.4.25 networkmanagementclient/2.0.0rc2 Azure-SDK-For-Python
          AZURECLI/2.0.31]
    method: GET
    uri: https://management.azure.com/subscriptions/00000000-0000-0000-0000-000000000000/resourceGroups/cli_test_load_balancer000001/providers/Microsoft.Network/publicIPAddresses/publicip4?api-version=2018-02-01
  response:
    body: {string: "{\r\n  \"name\": \"publicip4\",\r\n  \"id\": \"/subscriptions/00000000-0000-0000-0000-000000000000/resourceGroups/cli_test_load_balancer000001/providers/Microsoft.Network/publicIPAddresses/publicip4\"\
        ,\r\n  \"etag\": \"W/\\\"a43b9a07-8a50-4e0d-9ed7-b9f9c110df91\\\"\",\r\n \
        \ \"location\": \"westus\",\r\n  \"properties\": {\r\n    \"provisioningState\"\
        : \"Succeeded\",\r\n    \"resourceGuid\": \"1e0067af-44cc-45dc-9947-57062a1e856c\"\
        ,\r\n    \"publicIPAddressVersion\": \"IPv4\",\r\n    \"publicIPAllocationMethod\"\
        : \"Dynamic\",\r\n    \"idleTimeoutInMinutes\": 4,\r\n    \"ipTags\": []\r\
        \n  },\r\n  \"type\": \"Microsoft.Network/publicIPAddresses\",\r\n  \"sku\"\
        : {\r\n    \"name\": \"Basic\",\r\n    \"tier\": \"Regional\"\r\n  }\r\n}"}
    headers:
      cache-control: [no-cache]
      content-length: ['692']
      content-type: [application/json; charset=utf-8]
      date: ['Fri, 06 Apr 2018 22:15:25 GMT']
      etag: [W/"a43b9a07-8a50-4e0d-9ed7-b9f9c110df91"]
      expires: ['-1']
      pragma: [no-cache]
      server: [Microsoft-HTTPAPI/2.0, Microsoft-HTTPAPI/2.0]
      strict-transport-security: [max-age=31536000; includeSubDomains]
      transfer-encoding: [chunked]
      vary: [Accept-Encoding]
      x-content-type-options: [nosniff]
    status: {code: 200, message: OK}
- request:
    body: null
    headers:
      Accept: [application/json]
      Accept-Encoding: ['gzip, deflate']
      CommandName: [network lb create]
      Connection: [keep-alive]
      Content-Type: [application/json; charset=utf-8]
      User-Agent: [python/3.6.1 (Windows-10-10.0.16299-SP0) requests/2.18.4 msrest/0.4.27
          msrest_azure/0.4.25 resourcemanagementclient/1.2.1 Azure-SDK-For-Python
          AZURECLI/2.0.31]
      accept-language: [en-US]
    method: GET
    uri: https://management.azure.com/subscriptions/00000000-0000-0000-0000-000000000000/resourcegroups/cli_test_load_balancer000001?api-version=2017-05-10
  response:
    body: {string: '{"id":"/subscriptions/00000000-0000-0000-0000-000000000000/resourceGroups/cli_test_load_balancer000001","name":"cli_test_load_balancer000001","location":"westus","tags":{"product":"azurecli","cause":"automation","date":"2018-04-06T22:10:59Z"},"properties":{"provisioningState":"Succeeded"}}'}
    headers:
      cache-control: [no-cache]
      content-length: ['384']
      content-type: [application/json; charset=utf-8]
      date: ['Fri, 06 Apr 2018 22:15:25 GMT']
      expires: ['-1']
      pragma: [no-cache]
      strict-transport-security: [max-age=31536000; includeSubDomains]
      vary: [Accept-Encoding]
      x-content-type-options: [nosniff]
    status: {code: 200, message: OK}
- request:
    body: null
    headers:
      Accept: [application/json]
      Accept-Encoding: ['gzip, deflate']
      CommandName: [network lb create]
      Connection: [keep-alive]
      Content-Type: [application/json; charset=utf-8]
      User-Agent: [python/3.6.1 (Windows-10-10.0.16299-SP0) requests/2.18.4 msrest/0.4.27
          msrest_azure/0.4.25 resourcemanagementclient/1.2.1 Azure-SDK-For-Python
          AZURECLI/2.0.31]
      accept-language: [en-US]
    method: GET
    uri: https://management.azure.com/subscriptions/00000000-0000-0000-0000-000000000000/resources?$filter=resourceGroup%20eq%20%27cli_test_load_balancer000001%27%20and%20name%20eq%20%27publicip4%27%20and%20resourceType%20eq%20%27Microsoft.Network%2FpublicIPAddresses%27&api-version=2017-05-10
  response:
    body: {string: '{"value":[{"id":"/subscriptions/00000000-0000-0000-0000-000000000000/resourceGroups/cli_test_load_balancer000001/providers/Microsoft.Network/publicIPAddresses/publicip4","name":"publicip4","type":"Microsoft.Network/publicIPAddresses","sku":{"name":"Basic","tier":"Regional"},"location":"westus"}]}'}
    headers:
      cache-control: [no-cache]
      content-length: ['344']
      content-type: [application/json; charset=utf-8]
      date: ['Fri, 06 Apr 2018 22:15:26 GMT']
      expires: ['-1']
      pragma: [no-cache]
      strict-transport-security: [max-age=31536000; includeSubDomains]
      vary: [Accept-Encoding]
      x-content-type-options: [nosniff]
    status: {code: 200, message: OK}
- request:
    body: 'b''{"properties": {"template": {"$schema": "https://schema.management.azure.com/schemas/2015-01-01/deploymentTemplate.json#",
      "contentVersion": "1.0.0.0", "parameters": {}, "variables": {}, "resources":
      [{"type": "Microsoft.Network/loadBalancers", "name": "lb4", "location": "westus",
      "tags": {}, "apiVersion": "2018-02-01", "dependsOn": [], "properties": {"backendAddressPools":
      [{"name": "lb4bepool"}], "frontendIPConfigurations": [{"name": "LoadBalancerFrontEnd",
      "properties": {"publicIPAddress": {"id": "/subscriptions/00000000-0000-0000-0000-000000000000/resourceGroups/cli_test_load_balancer000001/providers/Microsoft.Network/publicIPAddresses/publicip4"}}}]},
      "sku": {"name": "Basic"}}], "outputs": {"loadBalancer": {"type": "object", "value":
      "[reference(\''lb4\'')]"}}}, "parameters": {}, "mode": "Incremental"}}'''
    headers:
      Accept: [application/json]
      Accept-Encoding: ['gzip, deflate']
      CommandName: [network lb create]
      Connection: [keep-alive]
      Content-Length: ['862']
      Content-Type: [application/json; charset=utf-8]
      User-Agent: [python/3.6.1 (Windows-10-10.0.16299-SP0) requests/2.18.4 msrest/0.4.27
          msrest_azure/0.4.25 resourcemanagementclient/1.2.1 Azure-SDK-For-Python
          AZURECLI/2.0.31]
      accept-language: [en-US]
    method: PUT
    uri: https://management.azure.com/subscriptions/00000000-0000-0000-0000-000000000000/resourcegroups/cli_test_load_balancer000001/providers/Microsoft.Resources/deployments/mock-deployment?api-version=2017-05-10
  response:
    body: {string: '{"id":"/subscriptions/00000000-0000-0000-0000-000000000000/resourceGroups/cli_test_load_balancer000001/providers/Microsoft.Resources/deployments/lb_deploy_LNIj3BXaqGxLveaZcVJo5nqRey0GaAfR","name":"lb_deploy_LNIj3BXaqGxLveaZcVJo5nqRey0GaAfR","properties":{"templateHash":"11972038324043736979","parameters":{},"mode":"Incremental","provisioningState":"Accepted","timestamp":"2018-04-06T22:15:29.2888716Z","duration":"PT0.4410861S","correlationId":"027450fe-43ef-4648-84e6-32b989af4080","providers":[{"namespace":"Microsoft.Network","resourceTypes":[{"resourceType":"loadBalancers","locations":["westus"]}]}],"dependencies":[]}}'}
    headers:
      azure-asyncoperation: ['https://management.azure.com/subscriptions/00000000-0000-0000-0000-000000000000/resourcegroups/cli_test_load_balancer000001/providers/Microsoft.Resources/deployments/lb_deploy_LNIj3BXaqGxLveaZcVJo5nqRey0GaAfR/operationStatuses/08586785539566298241?api-version=2017-05-10']
      cache-control: [no-cache]
      content-length: ['673']
      content-type: [application/json; charset=utf-8]
      date: ['Fri, 06 Apr 2018 22:15:29 GMT']
      expires: ['-1']
      pragma: [no-cache]
      strict-transport-security: [max-age=31536000; includeSubDomains]
      x-content-type-options: [nosniff]
      x-ms-ratelimit-remaining-subscription-writes: ['1197']
    status: {code: 201, message: Created}
- request:
    body: null
    headers:
      Accept: [application/json]
      Accept-Encoding: ['gzip, deflate']
      CommandName: [network lb create]
      Connection: [keep-alive]
      Content-Type: [application/json; charset=utf-8]
      User-Agent: [python/3.6.1 (Windows-10-10.0.16299-SP0) requests/2.18.4 msrest/0.4.27
          msrest_azure/0.4.25 resourcemanagementclient/1.2.1 Azure-SDK-For-Python
          AZURECLI/2.0.31]
      accept-language: [en-US]
    method: GET
    uri: https://management.azure.com/subscriptions/00000000-0000-0000-0000-000000000000/resourcegroups/cli_test_load_balancer000001/providers/Microsoft.Resources/deployments/mock-deployment/operationStatuses/08586785539566298241?api-version=2017-05-10
  response:
    body: {string: '{"status":"Succeeded"}'}
    headers:
      cache-control: [no-cache]
      content-length: ['22']
      content-type: [application/json; charset=utf-8]
      date: ['Fri, 06 Apr 2018 22:15:59 GMT']
      expires: ['-1']
      pragma: [no-cache]
      strict-transport-security: [max-age=31536000; includeSubDomains]
      vary: [Accept-Encoding]
      x-content-type-options: [nosniff]
    status: {code: 200, message: OK}
- request:
    body: null
    headers:
      Accept: [application/json]
      Accept-Encoding: ['gzip, deflate']
      CommandName: [network lb create]
      Connection: [keep-alive]
      Content-Type: [application/json; charset=utf-8]
      User-Agent: [python/3.6.1 (Windows-10-10.0.16299-SP0) requests/2.18.4 msrest/0.4.27
          msrest_azure/0.4.25 resourcemanagementclient/1.2.1 Azure-SDK-For-Python
          AZURECLI/2.0.31]
      accept-language: [en-US]
    method: GET
    uri: https://management.azure.com/subscriptions/00000000-0000-0000-0000-000000000000/resourcegroups/cli_test_load_balancer000001/providers/Microsoft.Resources/deployments/mock-deployment?api-version=2017-05-10
  response:
    body: {string: '{"id":"/subscriptions/00000000-0000-0000-0000-000000000000/resourceGroups/cli_test_load_balancer000001/providers/Microsoft.Resources/deployments/lb_deploy_LNIj3BXaqGxLveaZcVJo5nqRey0GaAfR","name":"lb_deploy_LNIj3BXaqGxLveaZcVJo5nqRey0GaAfR","properties":{"templateHash":"11972038324043736979","parameters":{},"mode":"Incremental","provisioningState":"Succeeded","timestamp":"2018-04-06T22:15:41.3784948Z","duration":"PT12.5307093S","correlationId":"027450fe-43ef-4648-84e6-32b989af4080","providers":[{"namespace":"Microsoft.Network","resourceTypes":[{"resourceType":"loadBalancers","locations":["westus"]}]}],"dependencies":[],"outputs":{"loadBalancer":{"type":"Object","value":{"provisioningState":"Succeeded","resourceGuid":"f79efd57-e274-43cb-9900-50a5db4dc93c","frontendIPConfigurations":[{"name":"LoadBalancerFrontEnd","id":"/subscriptions/00000000-0000-0000-0000-000000000000/resourceGroups/cli_test_load_balancer000001/providers/Microsoft.Network/loadBalancers/lb4/frontendIPConfigurations/LoadBalancerFrontEnd","etag":"W/\"f7dd3e47-6348-41d5-a4f7-2d20255d93b4\"","properties":{"provisioningState":"Succeeded","privateIPAllocationMethod":"Dynamic","publicIPAddress":{"id":"/subscriptions/00000000-0000-0000-0000-000000000000/resourceGroups/cli_test_load_balancer000001/providers/Microsoft.Network/publicIPAddresses/publicip4"}}}],"backendAddressPools":[{"name":"lb4bepool","id":"/subscriptions/00000000-0000-0000-0000-000000000000/resourceGroups/cli_test_load_balancer000001/providers/Microsoft.Network/loadBalancers/lb4/backendAddressPools/lb4bepool","etag":"W/\"f7dd3e47-6348-41d5-a4f7-2d20255d93b4\"","properties":{"provisioningState":"Succeeded"}}],"loadBalancingRules":[],"probes":[],"inboundNatRules":[],"outboundNatRules":[],"inboundNatPools":[]}}},"outputResources":[{"id":"/subscriptions/00000000-0000-0000-0000-000000000000/resourceGroups/cli_test_load_balancer000001/providers/Microsoft.Network/loadBalancers/lb4"}]}}'}
    headers:
      cache-control: [no-cache]
      content-length: ['2170']
      content-type: [application/json; charset=utf-8]
      date: ['Fri, 06 Apr 2018 22:16:00 GMT']
      expires: ['-1']
      pragma: [no-cache]
      strict-transport-security: [max-age=31536000; includeSubDomains]
      vary: [Accept-Encoding]
      x-content-type-options: [nosniff]
    status: {code: 200, message: OK}
- request:
    body: null
    headers:
      Accept: [application/json]
      Accept-Encoding: ['gzip, deflate']
      CommandName: [network lb list]
      Connection: [keep-alive]
      Content-Type: [application/json; charset=utf-8]
      User-Agent: [python/3.6.1 (Windows-10-10.0.16299-SP0) requests/2.18.4 msrest/0.4.27
          msrest_azure/0.4.25 networkmanagementclient/2.0.0rc2 Azure-SDK-For-Python
          AZURECLI/2.0.31]
      accept-language: [en-US]
    method: GET
    uri: https://management.azure.com/subscriptions/00000000-0000-0000-0000-000000000000/providers/Microsoft.Network/loadBalancers?api-version=2018-02-01
  response:
    body: {string: '{"value":[{"name":"lb1","id":"/subscriptions/00000000-0000-0000-0000-000000000000/resourceGroups/cli_test_load_balancer000001/providers/Microsoft.Network/loadBalancers/lb1","etag":"W/\"ddcda138-169c-4e4b-b5f0-bde42b7537f3\"","type":"Microsoft.Network/loadBalancers","location":"westus","tags":{},"properties":{"provisioningState":"Succeeded","resourceGuid":"e12f64be-66be-406a-90ed-d20bee3720c5","frontendIPConfigurations":[{"name":"LoadBalancerFrontEnd","id":"/subscriptions/00000000-0000-0000-0000-000000000000/resourceGroups/cli_test_load_balancer000001/providers/Microsoft.Network/loadBalancers/lb1/frontendIPConfigurations/LoadBalancerFrontEnd","etag":"W/\"ddcda138-169c-4e4b-b5f0-bde42b7537f3\"","properties":{"provisioningState":"Succeeded","privateIPAllocationMethod":"Dynamic","publicIPAddress":{"id":"/subscriptions/00000000-0000-0000-0000-000000000000/resourceGroups/cli_test_load_balancer000001/providers/Microsoft.Network/publicIPAddresses/PublicIPlb1"}}}],"backendAddressPools":[{"name":"lb1bepool","id":"/subscriptions/00000000-0000-0000-0000-000000000000/resourceGroups/cli_test_load_balancer000001/providers/Microsoft.Network/loadBalancers/lb1/backendAddressPools/lb1bepool","etag":"W/\"ddcda138-169c-4e4b-b5f0-bde42b7537f3\"","properties":{"provisioningState":"Succeeded"}}],"loadBalancingRules":[],"probes":[],"inboundNatRules":[],"outboundNatRules":[],"inboundNatPools":[]},"sku":{"name":"Basic","tier":"Regional"}},{"name":"lb2","id":"/subscriptions/00000000-0000-0000-0000-000000000000/resourceGroups/cli_test_load_balancer000001/providers/Microsoft.Network/loadBalancers/lb2","etag":"W/\"d4243601-7eca-4720-9461-1281a09adb4d\"","type":"Microsoft.Network/loadBalancers","location":"westus","tags":{"foo":"doo"},"properties":{"provisioningState":"Succeeded","resourceGuid":"efa88bb4-8e5f-4209-b24c-a36c13f1d2bb","frontendIPConfigurations":[{"name":"LoadBalancerFrontEnd","id":"/subscriptions/00000000-0000-0000-0000-000000000000/resourceGroups/cli_test_load_balancer000001/providers/Microsoft.Network/loadBalancers/lb2/frontendIPConfigurations/LoadBalancerFrontEnd","etag":"W/\"d4243601-7eca-4720-9461-1281a09adb4d\"","properties":{"provisioningState":"Succeeded","privateIPAllocationMethod":"Dynamic","publicIPAddress":{"id":"/subscriptions/00000000-0000-0000-0000-000000000000/resourceGroups/cli_test_load_balancer000001/providers/Microsoft.Network/publicIPAddresses/PublicIPlb2"}}}],"backendAddressPools":[{"name":"lb2bepool","id":"/subscriptions/00000000-0000-0000-0000-000000000000/resourceGroups/cli_test_load_balancer000001/providers/Microsoft.Network/loadBalancers/lb2/backendAddressPools/lb2bepool","etag":"W/\"d4243601-7eca-4720-9461-1281a09adb4d\"","properties":{"provisioningState":"Succeeded"}}],"loadBalancingRules":[],"probes":[],"inboundNatRules":[],"outboundNatRules":[],"inboundNatPools":[]},"sku":{"name":"Basic","tier":"Regional"}},{"name":"lb3","id":"/subscriptions/00000000-0000-0000-0000-000000000000/resourceGroups/cli_test_load_balancer000001/providers/Microsoft.Network/loadBalancers/lb3","etag":"W/\"b5cc6591-4559-4e72-8531-8775e756b258\"","type":"Microsoft.Network/loadBalancers","location":"westus","tags":{},"properties":{"provisioningState":"Succeeded","resourceGuid":"e4f78a58-b811-47e4-8c56-190e6d12e83e","frontendIPConfigurations":[{"name":"LoadBalancerFrontEnd","id":"/subscriptions/00000000-0000-0000-0000-000000000000/resourceGroups/cli_test_load_balancer000001/providers/Microsoft.Network/loadBalancers/lb3/frontendIPConfigurations/LoadBalancerFrontEnd","etag":"W/\"b5cc6591-4559-4e72-8531-8775e756b258\"","properties":{"provisioningState":"Succeeded","privateIPAddress":"10.0.0.15","privateIPAllocationMethod":"Static","subnet":{"id":"/subscriptions/00000000-0000-0000-0000-000000000000/resourceGroups/cli_test_load_balancer000001/providers/Microsoft.Network/virtualNetworks/mytestvnet/subnets/default"}}}],"backendAddressPools":[{"name":"lb3bepool","id":"/subscriptions/00000000-0000-0000-0000-000000000000/resourceGroups/cli_test_load_balancer000001/providers/Microsoft.Network/loadBalancers/lb3/backendAddressPools/lb3bepool","etag":"W/\"b5cc6591-4559-4e72-8531-8775e756b258\"","properties":{"provisioningState":"Succeeded"}}],"loadBalancingRules":[],"probes":[],"inboundNatRules":[],"outboundNatRules":[],"inboundNatPools":[]},"sku":{"name":"Basic","tier":"Regional"}},{"name":"lb4","id":"/subscriptions/00000000-0000-0000-0000-000000000000/resourceGroups/cli_test_load_balancer000001/providers/Microsoft.Network/loadBalancers/lb4","etag":"W/\"f7dd3e47-6348-41d5-a4f7-2d20255d93b4\"","type":"Microsoft.Network/loadBalancers","location":"westus","tags":{},"properties":{"provisioningState":"Succeeded","resourceGuid":"f79efd57-e274-43cb-9900-50a5db4dc93c","frontendIPConfigurations":[{"name":"LoadBalancerFrontEnd","id":"/subscriptions/00000000-0000-0000-0000-000000000000/resourceGroups/cli_test_load_balancer000001/providers/Microsoft.Network/loadBalancers/lb4/frontendIPConfigurations/LoadBalancerFrontEnd","etag":"W/\"f7dd3e47-6348-41d5-a4f7-2d20255d93b4\"","properties":{"provisioningState":"Succeeded","privateIPAllocationMethod":"Dynamic","publicIPAddress":{"id":"/subscriptions/00000000-0000-0000-0000-000000000000/resourceGroups/cli_test_load_balancer000001/providers/Microsoft.Network/publicIPAddresses/publicip4"}}}],"backendAddressPools":[{"name":"lb4bepool","id":"/subscriptions/00000000-0000-0000-0000-000000000000/resourceGroups/cli_test_load_balancer000001/providers/Microsoft.Network/loadBalancers/lb4/backendAddressPools/lb4bepool","etag":"W/\"f7dd3e47-6348-41d5-a4f7-2d20255d93b4\"","properties":{"provisioningState":"Succeeded"}}],"loadBalancingRules":[],"probes":[],"inboundNatRules":[],"outboundNatRules":[],"inboundNatPools":[]},"sku":{"name":"Basic","tier":"Regional"}},{"name":"extlb1-4127","id":"/subscriptions/00000000-0000-0000-0000-000000000000/resourceGroups/javacsmrg8647/providers/Microsoft.Network/loadBalancers/extlb1-4127","etag":"W/\"832831e5-1d5f-4144-aa85-b3f0355b2d0f\"","type":"Microsoft.Network/loadBalancers","location":"eastus","tags":{},"properties":{"provisioningState":"Succeeded","resourceGuid":"3eb0c16d-a7af-4d73-a7a9-1a4caa406812","frontendIPConfigurations":[{"name":"extlb1-4127-FE1","id":"/subscriptions/00000000-0000-0000-0000-000000000000/resourceGroups/javacsmrg8647/providers/Microsoft.Network/loadBalancers/extlb1-4127/frontendIPConfigurations/extlb1-4127-FE1","etag":"W/\"832831e5-1d5f-4144-aa85-b3f0355b2d0f\"","properties":{"provisioningState":"Succeeded","privateIPAllocationMethod":"Dynamic","publicIPAddress":{"id":"/subscriptions/00000000-0000-0000-0000-000000000000/resourceGroups/javacsmrg8647/providers/Microsoft.Network/publicIPAddresses/pip-extlb1-4127"},"loadBalancingRules":[{"id":"/subscriptions/00000000-0000-0000-0000-000000000000/resourceGroups/javacsmrg8647/providers/Microsoft.Network/loadBalancers/extlb1-4127/loadBalancingRules/httpRule"},{"id":"/subscriptions/00000000-0000-0000-0000-000000000000/resourceGroups/javacsmrg8647/providers/Microsoft.Network/loadBalancers/extlb1-4127/loadBalancingRules/httpsRule"}],"inboundNatRules":[{"id":"/subscriptions/00000000-0000-0000-0000-000000000000/resourceGroups/javacsmrg8647/providers/Microsoft.Network/loadBalancers/extlb1-4127/inboundNatRules/extlb1-4127-INP1.1"},{"id":"/subscriptions/00000000-0000-0000-0000-000000000000/resourceGroups/javacsmrg8647/providers/Microsoft.Network/loadBalancers/extlb1-4127/inboundNatRules/extlb1-4127-INP1.2"},{"id":"/subscriptions/00000000-0000-0000-0000-000000000000/resourceGroups/javacsmrg8647/providers/Microsoft.Network/loadBalancers/extlb1-4127/inboundNatRules/extlb1-4127-INP2.2"}],"inboundNatPools":[{"id":"/subscriptions/00000000-0000-0000-0000-000000000000/resourceGroups/javacsmrg8647/providers/Microsoft.Network/loadBalancers/extlb1-4127/inboundNatPools/extlb1-4127-INP1"},{"id":"/subscriptions/00000000-0000-0000-0000-000000000000/resourceGroups/javacsmrg8647/providers/Microsoft.Network/loadBalancers/extlb1-4127/inboundNatPools/extlb1-4127-INP2"}]}}],"backendAddressPools":[{"name":"extlb1-4127-BAP1","id":"/subscriptions/00000000-0000-0000-0000-000000000000/resourceGroups/javacsmrg8647/providers/Microsoft.Network/loadBalancers/extlb1-4127/backendAddressPools/extlb1-4127-BAP1","etag":"W/\"832831e5-1d5f-4144-aa85-b3f0355b2d0f\"","properties":{"provisioningState":"Succeeded","backendIPConfigurations":[{"id":"/subscriptions/00000000-0000-0000-0000-000000000000/resourceGroups/javacsmrg8647/providers/Microsoft.Compute/virtualMachineScaleSets/vmss9054/virtualMachines/1/networkInterfaces/primary-nic-cfg/ipConfigurations/primary-nic-ip-cfg"},{"id":"/subscriptions/00000000-0000-0000-0000-000000000000/resourceGroups/javacsmrg8647/providers/Microsoft.Compute/virtualMachineScaleSets/vmss9054/virtualMachines/2/networkInterfaces/primary-nic-cfg/ipConfigurations/primary-nic-ip-cfg"}],"loadBalancingRules":[{"id":"/subscriptions/00000000-0000-0000-0000-000000000000/resourceGroups/javacsmrg8647/providers/Microsoft.Network/loadBalancers/extlb1-4127/loadBalancingRules/httpRule"}]}},{"name":"extlb1-4127-BAP2","id":"/subscriptions/00000000-0000-0000-0000-000000000000/resourceGroups/javacsmrg8647/providers/Microsoft.Network/loadBalancers/extlb1-4127/backendAddressPools/extlb1-4127-BAP2","etag":"W/\"832831e5-1d5f-4144-aa85-b3f0355b2d0f\"","properties":{"provisioningState":"Succeeded","backendIPConfigurations":[{"id":"/subscriptions/00000000-0000-0000-0000-000000000000/resourceGroups/javacsmrg8647/providers/Microsoft.Compute/virtualMachineScaleSets/vmss9054/virtualMachines/1/networkInterfaces/primary-nic-cfg/ipConfigurations/primary-nic-ip-cfg"},{"id":"/subscriptions/00000000-0000-0000-0000-000000000000/resourceGroups/javacsmrg8647/providers/Microsoft.Compute/virtualMachineScaleSets/vmss9054/virtualMachines/2/networkInterfaces/primary-nic-cfg/ipConfigurations/primary-nic-ip-cfg"}],"loadBalancingRules":[{"id":"/subscriptions/00000000-0000-0000-0000-000000000000/resourceGroups/javacsmrg8647/providers/Microsoft.Network/loadBalancers/extlb1-4127/loadBalancingRules/httpsRule"}]}}],"loadBalancingRules":[{"name":"httpRule","id":"/subscriptions/00000000-0000-0000-0000-000000000000/resourceGroups/javacsmrg8647/providers/Microsoft.Network/loadBalancers/extlb1-4127/loadBalancingRules/httpRule","etag":"W/\"832831e5-1d5f-4144-aa85-b3f0355b2d0f\"","properties":{"provisioningState":"Succeeded","frontendIPConfiguration":{"id":"/subscriptions/00000000-0000-0000-0000-000000000000/resourceGroups/javacsmrg8647/providers/Microsoft.Network/loadBalancers/extlb1-4127/frontendIPConfigurations/extlb1-4127-FE1"},"frontendPort":80,"backendPort":80,"enableFloatingIP":false,"idleTimeoutInMinutes":4,"protocol":"Tcp","enableDestinationServiceEndpoint":false,"loadDistribution":"Default","backendAddressPool":{"id":"/subscriptions/00000000-0000-0000-0000-000000000000/resourceGroups/javacsmrg8647/providers/Microsoft.Network/loadBalancers/extlb1-4127/backendAddressPools/extlb1-4127-BAP1"},"probe":{"id":"/subscriptions/00000000-0000-0000-0000-000000000000/resourceGroups/javacsmrg8647/providers/Microsoft.Network/loadBalancers/extlb1-4127/probes/httpProbe"}}},{"name":"httpsRule","id":"/subscriptions/00000000-0000-0000-0000-000000000000/resourceGroups/javacsmrg8647/providers/Microsoft.Network/loadBalancers/extlb1-4127/loadBalancingRules/httpsRule","etag":"W/\"832831e5-1d5f-4144-aa85-b3f0355b2d0f\"","properties":{"provisioningState":"Succeeded","frontendIPConfiguration":{"id":"/subscriptions/00000000-0000-0000-0000-000000000000/resourceGroups/javacsmrg8647/providers/Microsoft.Network/loadBalancers/extlb1-4127/frontendIPConfigurations/extlb1-4127-FE1"},"frontendPort":443,"backendPort":443,"enableFloatingIP":false,"idleTimeoutInMinutes":4,"protocol":"Tcp","enableDestinationServiceEndpoint":false,"loadDistribution":"Default","backendAddressPool":{"id":"/subscriptions/00000000-0000-0000-0000-000000000000/resourceGroups/javacsmrg8647/providers/Microsoft.Network/loadBalancers/extlb1-4127/backendAddressPools/extlb1-4127-BAP2"},"probe":{"id":"/subscriptions/00000000-0000-0000-0000-000000000000/resourceGroups/javacsmrg8647/providers/Microsoft.Network/loadBalancers/extlb1-4127/probes/httpsProbe"}}}],"probes":[{"name":"httpProbe","id":"/subscriptions/00000000-0000-0000-0000-000000000000/resourceGroups/javacsmrg8647/providers/Microsoft.Network/loadBalancers/extlb1-4127/probes/httpProbe","etag":"W/\"832831e5-1d5f-4144-aa85-b3f0355b2d0f\"","properties":{"provisioningState":"Succeeded","protocol":"Http","port":80,"requestPath":"/","intervalInSeconds":15,"numberOfProbes":2,"loadBalancingRules":[{"id":"/subscriptions/00000000-0000-0000-0000-000000000000/resourceGroups/javacsmrg8647/providers/Microsoft.Network/loadBalancers/extlb1-4127/loadBalancingRules/httpRule"}]}},{"name":"httpsProbe","id":"/subscriptions/00000000-0000-0000-0000-000000000000/resourceGroups/javacsmrg8647/providers/Microsoft.Network/loadBalancers/extlb1-4127/probes/httpsProbe","etag":"W/\"832831e5-1d5f-4144-aa85-b3f0355b2d0f\"","properties":{"provisioningState":"Succeeded","protocol":"Http","port":80,"requestPath":"/","intervalInSeconds":15,"numberOfProbes":2,"loadBalancingRules":[{"id":"/subscriptions/00000000-0000-0000-0000-000000000000/resourceGroups/javacsmrg8647/providers/Microsoft.Network/loadBalancers/extlb1-4127/loadBalancingRules/httpsRule"}]}}],"inboundNatRules":[{"name":"extlb1-4127-INP1.1","id":"/subscriptions/00000000-0000-0000-0000-000000000000/resourceGroups/javacsmrg8647/providers/Microsoft.Network/loadBalancers/extlb1-4127/inboundNatRules/extlb1-4127-INP1.1","etag":"W/\"832831e5-1d5f-4144-aa85-b3f0355b2d0f\"","properties":{"provisioningState":"Succeeded","frontendIPConfiguration":{"id":"/subscriptions/00000000-0000-0000-0000-000000000000/resourceGroups/javacsmrg8647/providers/Microsoft.Network/loadBalancers/extlb1-4127/frontendIPConfigurations/extlb1-4127-FE1"},"frontendPort":5001,"backendPort":22,"enableFloatingIP":false,"idleTimeoutInMinutes":4,"protocol":"Tcp","enableDestinationServiceEndpoint":false,"backendIPConfiguration":{"id":"/subscriptions/00000000-0000-0000-0000-000000000000/resourceGroups/javacsmrg8647/providers/Microsoft.Compute/virtualMachineScaleSets/vmss9054/virtualMachines/1/networkInterfaces/primary-nic-cfg/ipConfigurations/primary-nic-ip-cfg"}}},{"name":"extlb1-4127-INP1.2","id":"/subscriptions/00000000-0000-0000-0000-000000000000/resourceGroups/javacsmrg8647/providers/Microsoft.Network/loadBalancers/extlb1-4127/inboundNatRules/extlb1-4127-INP1.2","etag":"W/\"832831e5-1d5f-4144-aa85-b3f0355b2d0f\"","properties":{"provisioningState":"Succeeded","frontendIPConfiguration":{"id":"/subscriptions/00000000-0000-0000-0000-000000000000/resourceGroups/javacsmrg8647/providers/Microsoft.Network/loadBalancers/extlb1-4127/frontendIPConfigurations/extlb1-4127-FE1"},"frontendPort":5002,"backendPort":22,"enableFloatingIP":false,"idleTimeoutInMinutes":4,"protocol":"Tcp","enableDestinationServiceEndpoint":false,"backendIPConfiguration":{"id":"/subscriptions/00000000-0000-0000-0000-000000000000/resourceGroups/javacsmrg8647/providers/Microsoft.Compute/virtualMachineScaleSets/vmss9054/virtualMachines/2/networkInterfaces/primary-nic-cfg/ipConfigurations/primary-nic-ip-cfg"}}},{"name":"extlb1-4127-INP2.2","id":"/subscriptions/00000000-0000-0000-0000-000000000000/resourceGroups/javacsmrg8647/providers/Microsoft.Network/loadBalancers/extlb1-4127/inboundNatRules/extlb1-4127-INP2.2","etag":"W/\"832831e5-1d5f-4144-aa85-b3f0355b2d0f\"","properties":{"provisioningState":"Succeeded","frontendIPConfiguration":{"id":"/subscriptions/00000000-0000-0000-0000-000000000000/resourceGroups/javacsmrg8647/providers/Microsoft.Network/loadBalancers/extlb1-4127/frontendIPConfigurations/extlb1-4127-FE1"},"frontendPort":6002,"backendPort":23,"enableFloatingIP":false,"idleTimeoutInMinutes":4,"protocol":"Tcp","enableDestinationServiceEndpoint":false,"backendIPConfiguration":{"id":"/subscriptions/00000000-0000-0000-0000-000000000000/resourceGroups/javacsmrg8647/providers/Microsoft.Compute/virtualMachineScaleSets/vmss9054/virtualMachines/2/networkInterfaces/primary-nic-cfg/ipConfigurations/primary-nic-ip-cfg"}}}],"outboundNatRules":[],"inboundNatPools":[{"name":"extlb1-4127-INP1","id":"/subscriptions/00000000-0000-0000-0000-000000000000/resourceGroups/javacsmrg8647/providers/Microsoft.Network/loadBalancers/extlb1-4127/inboundNatPools/extlb1-4127-INP1","etag":"W/\"832831e5-1d5f-4144-aa85-b3f0355b2d0f\"","properties":{"provisioningState":"Succeeded","frontendPortRangeStart":5000,"frontendPortRangeEnd":5099,"backendPort":22,"protocol":"Tcp","idleTimeoutInMinutes":4,"enableFloatingIP":false,"enableDestinationServiceEndpoint":false,"frontendIPConfiguration":{"id":"/subscriptions/00000000-0000-0000-0000-000000000000/resourceGroups/javacsmrg8647/providers/Microsoft.Network/loadBalancers/extlb1-4127/frontendIPConfigurations/extlb1-4127-FE1"}}},{"name":"extlb1-4127-INP2","id":"/subscriptions/00000000-0000-0000-0000-000000000000/resourceGroups/javacsmrg8647/providers/Microsoft.Network/loadBalancers/extlb1-4127/inboundNatPools/extlb1-4127-INP2","etag":"W/\"832831e5-1d5f-4144-aa85-b3f0355b2d0f\"","properties":{"provisioningState":"Succeeded","frontendPortRangeStart":6000,"frontendPortRangeEnd":6099,"backendPort":23,"protocol":"Tcp","idleTimeoutInMinutes":4,"enableFloatingIP":false,"enableDestinationServiceEndpoint":false,"frontendIPConfiguration":{"id":"/subscriptions/00000000-0000-0000-0000-000000000000/resourceGroups/javacsmrg8647/providers/Microsoft.Network/loadBalancers/extlb1-4127/frontendIPConfigurations/extlb1-4127-FE1"}}}]},"sku":{"name":"Basic","tier":"Regional"}},{"name":"InternalLb1-7431","id":"/subscriptions/00000000-0000-0000-0000-000000000000/resourceGroups/javacsmrg8647/providers/Microsoft.Network/loadBalancers/InternalLb1-7431","etag":"W/\"b0062b09-ac1d-43d7-bf8f-b96d7bc75145\"","type":"Microsoft.Network/loadBalancers","location":"eastus","tags":{},"properties":{"provisioningState":"Succeeded","resourceGuid":"1e580027-b590-4a11-9062-9e06ac3ad172","frontendIPConfigurations":[{"name":"InternalLb1-7431-FE1","id":"/subscriptions/00000000-0000-0000-0000-000000000000/resourceGroups/javacsmrg8647/providers/Microsoft.Network/loadBalancers/InternalLb1-7431/frontendIPConfigurations/InternalLb1-7431-FE1","etag":"W/\"b0062b09-ac1d-43d7-bf8f-b96d7bc75145\"","properties":{"provisioningState":"Succeeded","privateIPAddress":"10.0.0.8","privateIPAllocationMethod":"Dynamic","subnet":{"id":"/subscriptions/00000000-0000-0000-0000-000000000000/resourceGroups/javacsmrg8647/providers/Microsoft.Network/virtualNetworks/vmssvnet/subnets/subnet1"},"loadBalancingRules":[{"id":"/subscriptions/00000000-0000-0000-0000-000000000000/resourceGroups/javacsmrg8647/providers/Microsoft.Network/loadBalancers/InternalLb1-7431/loadBalancingRules/httpRule"},{"id":"/subscriptions/00000000-0000-0000-0000-000000000000/resourceGroups/javacsmrg8647/providers/Microsoft.Network/loadBalancers/InternalLb1-7431/loadBalancingRules/httpsRule"}],"inboundNatRules":[{"id":"/subscriptions/00000000-0000-0000-0000-000000000000/resourceGroups/javacsmrg8647/providers/Microsoft.Network/loadBalancers/InternalLb1-7431/inboundNatRules/InternalLb1-7431-INP1.1"},{"id":"/subscriptions/00000000-0000-0000-0000-000000000000/resourceGroups/javacsmrg8647/providers/Microsoft.Network/loadBalancers/InternalLb1-7431/inboundNatRules/InternalLb1-7431-INP2.1"}],"inboundNatPools":[{"id":"/subscriptions/00000000-0000-0000-0000-000000000000/resourceGroups/javacsmrg8647/providers/Microsoft.Network/loadBalancers/InternalLb1-7431/inboundNatPools/InternalLb1-7431-INP1"},{"id":"/subscriptions/00000000-0000-0000-0000-000000000000/resourceGroups/javacsmrg8647/providers/Microsoft.Network/loadBalancers/InternalLb1-7431/inboundNatPools/InternalLb1-7431-INP2"}]}}],"backendAddressPools":[{"name":"InternalLb1-7431-BAP1","id":"/subscriptions/00000000-0000-0000-0000-000000000000/resourceGroups/javacsmrg8647/providers/Microsoft.Network/loadBalancers/InternalLb1-7431/backendAddressPools/InternalLb1-7431-BAP1","etag":"W/\"b0062b09-ac1d-43d7-bf8f-b96d7bc75145\"","properties":{"provisioningState":"Succeeded","backendIPConfigurations":[{"id":"/subscriptions/00000000-0000-0000-0000-000000000000/resourceGroups/javacsmrg8647/providers/Microsoft.Compute/virtualMachineScaleSets/vmss9054/virtualMachines/1/networkInterfaces/primary-nic-cfg/ipConfigurations/primary-nic-ip-cfg"}],"loadBalancingRules":[{"id":"/subscriptions/00000000-0000-0000-0000-000000000000/resourceGroups/javacsmrg8647/providers/Microsoft.Network/loadBalancers/InternalLb1-7431/loadBalancingRules/httpRule"}]}},{"name":"InternalLb1-7431-BAP2","id":"/subscriptions/00000000-0000-0000-0000-000000000000/resourceGroups/javacsmrg8647/providers/Microsoft.Network/loadBalancers/InternalLb1-7431/backendAddressPools/InternalLb1-7431-BAP2","etag":"W/\"b0062b09-ac1d-43d7-bf8f-b96d7bc75145\"","properties":{"provisioningState":"Succeeded","backendIPConfigurations":[{"id":"/subscriptions/00000000-0000-0000-0000-000000000000/resourceGroups/javacsmrg8647/providers/Microsoft.Compute/virtualMachineScaleSets/vmss9054/virtualMachines/1/networkInterfaces/primary-nic-cfg/ipConfigurations/primary-nic-ip-cfg"}],"loadBalancingRules":[{"id":"/subscriptions/00000000-0000-0000-0000-000000000000/resourceGroups/javacsmrg8647/providers/Microsoft.Network/loadBalancers/InternalLb1-7431/loadBalancingRules/httpsRule"}]}}],"loadBalancingRules":[{"name":"httpRule","id":"/subscriptions/00000000-0000-0000-0000-000000000000/resourceGroups/javacsmrg8647/providers/Microsoft.Network/loadBalancers/InternalLb1-7431/loadBalancingRules/httpRule","etag":"W/\"b0062b09-ac1d-43d7-bf8f-b96d7bc75145\"","properties":{"provisioningState":"Succeeded","frontendIPConfiguration":{"id":"/subscriptions/00000000-0000-0000-0000-000000000000/resourceGroups/javacsmrg8647/providers/Microsoft.Network/loadBalancers/InternalLb1-7431/frontendIPConfigurations/InternalLb1-7431-FE1"},"frontendPort":1000,"backendPort":1000,"enableFloatingIP":false,"idleTimeoutInMinutes":4,"protocol":"Tcp","enableDestinationServiceEndpoint":false,"loadDistribution":"Default","backendAddressPool":{"id":"/subscriptions/00000000-0000-0000-0000-000000000000/resourceGroups/javacsmrg8647/providers/Microsoft.Network/loadBalancers/InternalLb1-7431/backendAddressPools/InternalLb1-7431-BAP1"},"probe":{"id":"/subscriptions/00000000-0000-0000-0000-000000000000/resourceGroups/javacsmrg8647/providers/Microsoft.Network/loadBalancers/InternalLb1-7431/probes/httpProbe"}}},{"name":"httpsRule","id":"/subscriptions/00000000-0000-0000-0000-000000000000/resourceGroups/javacsmrg8647/providers/Microsoft.Network/loadBalancers/InternalLb1-7431/loadBalancingRules/httpsRule","etag":"W/\"b0062b09-ac1d-43d7-bf8f-b96d7bc75145\"","properties":{"provisioningState":"Succeeded","frontendIPConfiguration":{"id":"/subscriptions/00000000-0000-0000-0000-000000000000/resourceGroups/javacsmrg8647/providers/Microsoft.Network/loadBalancers/InternalLb1-7431/frontendIPConfigurations/InternalLb1-7431-FE1"},"frontendPort":1001,"backendPort":1001,"enableFloatingIP":false,"idleTimeoutInMinutes":4,"protocol":"Tcp","enableDestinationServiceEndpoint":false,"loadDistribution":"Default","backendAddressPool":{"id":"/subscriptions/00000000-0000-0000-0000-000000000000/resourceGroups/javacsmrg8647/providers/Microsoft.Network/loadBalancers/InternalLb1-7431/backendAddressPools/InternalLb1-7431-BAP2"},"probe":{"id":"/subscriptions/00000000-0000-0000-0000-000000000000/resourceGroups/javacsmrg8647/providers/Microsoft.Network/loadBalancers/InternalLb1-7431/probes/httpsProbe"}}}],"probes":[{"name":"httpProbe","id":"/subscriptions/00000000-0000-0000-0000-000000000000/resourceGroups/javacsmrg8647/providers/Microsoft.Network/loadBalancers/InternalLb1-7431/probes/httpProbe","etag":"W/\"b0062b09-ac1d-43d7-bf8f-b96d7bc75145\"","properties":{"provisioningState":"Succeeded","protocol":"Http","port":80,"requestPath":"/","intervalInSeconds":15,"numberOfProbes":2,"loadBalancingRules":[{"id":"/subscriptions/00000000-0000-0000-0000-000000000000/resourceGroups/javacsmrg8647/providers/Microsoft.Network/loadBalancers/InternalLb1-7431/loadBalancingRules/httpRule"}]}},{"name":"httpsProbe","id":"/subscriptions/00000000-0000-0000-0000-000000000000/resourceGroups/javacsmrg8647/providers/Microsoft.Network/loadBalancers/InternalLb1-7431/probes/httpsProbe","etag":"W/\"b0062b09-ac1d-43d7-bf8f-b96d7bc75145\"","properties":{"provisioningState":"Succeeded","protocol":"Http","port":80,"requestPath":"/","intervalInSeconds":15,"numberOfProbes":2,"loadBalancingRules":[{"id":"/subscriptions/00000000-0000-0000-0000-000000000000/resourceGroups/javacsmrg8647/providers/Microsoft.Network/loadBalancers/InternalLb1-7431/loadBalancingRules/httpsRule"}]}}],"inboundNatRules":[{"name":"InternalLb1-7431-INP1.1","id":"/subscriptions/00000000-0000-0000-0000-000000000000/resourceGroups/javacsmrg8647/providers/Microsoft.Network/loadBalancers/InternalLb1-7431/inboundNatRules/InternalLb1-7431-INP1.1","etag":"W/\"b0062b09-ac1d-43d7-bf8f-b96d7bc75145\"","properties":{"provisioningState":"Succeeded","frontendIPConfiguration":{"id":"/subscriptions/00000000-0000-0000-0000-000000000000/resourceGroups/javacsmrg8647/providers/Microsoft.Network/loadBalancers/InternalLb1-7431/frontendIPConfigurations/InternalLb1-7431-FE1"},"frontendPort":8000,"backendPort":44,"enableFloatingIP":false,"idleTimeoutInMinutes":4,"protocol":"Tcp","enableDestinationServiceEndpoint":false,"backendIPConfiguration":{"id":"/subscriptions/00000000-0000-0000-0000-000000000000/resourceGroups/javacsmrg8647/providers/Microsoft.Compute/virtualMachineScaleSets/vmss9054/virtualMachines/1/networkInterfaces/primary-nic-cfg/ipConfigurations/primary-nic-ip-cfg"}}},{"name":"InternalLb1-7431-INP2.1","id":"/subscriptions/00000000-0000-0000-0000-000000000000/resourceGroups/javacsmrg8647/providers/Microsoft.Network/loadBalancers/InternalLb1-7431/inboundNatRules/InternalLb1-7431-INP2.1","etag":"W/\"b0062b09-ac1d-43d7-bf8f-b96d7bc75145\"","properties":{"provisioningState":"Succeeded","frontendIPConfiguration":{"id":"/subscriptions/00000000-0000-0000-0000-000000000000/resourceGroups/javacsmrg8647/providers/Microsoft.Network/loadBalancers/InternalLb1-7431/frontendIPConfigurations/InternalLb1-7431-FE1"},"frontendPort":9000,"backendPort":45,"enableFloatingIP":false,"idleTimeoutInMinutes":4,"protocol":"Tcp","enableDestinationServiceEndpoint":false,"backendIPConfiguration":{"id":"/subscriptions/00000000-0000-0000-0000-000000000000/resourceGroups/javacsmrg8647/providers/Microsoft.Compute/virtualMachineScaleSets/vmss9054/virtualMachines/1/networkInterfaces/primary-nic-cfg/ipConfigurations/primary-nic-ip-cfg"}}}],"outboundNatRules":[],"inboundNatPools":[{"name":"InternalLb1-7431-INP1","id":"/subscriptions/00000000-0000-0000-0000-000000000000/resourceGroups/javacsmrg8647/providers/Microsoft.Network/loadBalancers/InternalLb1-7431/inboundNatPools/InternalLb1-7431-INP1","etag":"W/\"b0062b09-ac1d-43d7-bf8f-b96d7bc75145\"","properties":{"provisioningState":"Succeeded","frontendPortRangeStart":8000,"frontendPortRangeEnd":8099,"backendPort":44,"protocol":"Tcp","idleTimeoutInMinutes":4,"enableFloatingIP":false,"enableDestinationServiceEndpoint":false,"frontendIPConfiguration":{"id":"/subscriptions/00000000-0000-0000-0000-000000000000/resourceGroups/javacsmrg8647/providers/Microsoft.Network/loadBalancers/InternalLb1-7431/frontendIPConfigurations/InternalLb1-7431-FE1"}}},{"name":"InternalLb1-7431-INP2","id":"/subscriptions/00000000-0000-0000-0000-000000000000/resourceGroups/javacsmrg8647/providers/Microsoft.Network/loadBalancers/InternalLb1-7431/inboundNatPools/InternalLb1-7431-INP2","etag":"W/\"b0062b09-ac1d-43d7-bf8f-b96d7bc75145\"","properties":{"provisioningState":"Succeeded","frontendPortRangeStart":9000,"frontendPortRangeEnd":9099,"backendPort":45,"protocol":"Tcp","idleTimeoutInMinutes":4,"enableFloatingIP":false,"enableDestinationServiceEndpoint":false,"frontendIPConfiguration":{"id":"/subscriptions/00000000-0000-0000-0000-000000000000/resourceGroups/javacsmrg8647/providers/Microsoft.Network/loadBalancers/InternalLb1-7431/frontendIPConfigurations/InternalLb1-7431-FE1"}}}]},"sku":{"name":"Basic","tier":"Regional"}},{"name":"extlb1-3049","id":"/subscriptions/00000000-0000-0000-0000-000000000000/resourceGroups/javacsmrg9108/providers/Microsoft.Network/loadBalancers/extlb1-3049","etag":"W/\"b6590bed-93a0-4e53-8f2f-a3e3efdedde3\"","type":"Microsoft.Network/loadBalancers","location":"eastus","tags":{},"properties":{"provisioningState":"Succeeded","resourceGuid":"47cde7b1-163c-4b04-b9a0-908899816677","frontendIPConfigurations":[{"name":"extlb1-3049-FE1","id":"/subscriptions/00000000-0000-0000-0000-000000000000/resourceGroups/javacsmrg9108/providers/Microsoft.Network/loadBalancers/extlb1-3049/frontendIPConfigurations/extlb1-3049-FE1","etag":"W/\"b6590bed-93a0-4e53-8f2f-a3e3efdedde3\"","properties":{"provisioningState":"Succeeded","privateIPAllocationMethod":"Dynamic","publicIPAddress":{"id":"/subscriptions/00000000-0000-0000-0000-000000000000/resourceGroups/javacsmrg9108/providers/Microsoft.Network/publicIPAddresses/pip-extlb1-3049"},"loadBalancingRules":[{"id":"/subscriptions/00000000-0000-0000-0000-000000000000/resourceGroups/javacsmrg9108/providers/Microsoft.Network/loadBalancers/extlb1-3049/loadBalancingRules/httpRule"}],"inboundNatRules":[{"id":"/subscriptions/00000000-0000-0000-0000-000000000000/resourceGroups/javacsmrg9108/providers/Microsoft.Network/loadBalancers/extlb1-3049/inboundNatRules/extlb1-3049-INP1.2"},{"id":"/subscriptions/00000000-0000-0000-0000-000000000000/resourceGroups/javacsmrg9108/providers/Microsoft.Network/loadBalancers/extlb1-3049/inboundNatRules/extlb1-3049-INP1.3"}],"inboundNatPools":[{"id":"/subscriptions/00000000-0000-0000-0000-000000000000/resourceGroups/javacsmrg9108/providers/Microsoft.Network/loadBalancers/extlb1-3049/inboundNatPools/extlb1-3049-INP1"}]}}],"backendAddressPools":[{"name":"extlb1-3049-BAP1","id":"/subscriptions/00000000-0000-0000-0000-000000000000/resourceGroups/javacsmrg9108/providers/Microsoft.Network/loadBalancers/extlb1-3049/backendAddressPools/extlb1-3049-BAP1","etag":"W/\"b6590bed-93a0-4e53-8f2f-a3e3efdedde3\"","properties":{"provisioningState":"Succeeded","backendIPConfigurations":[{"id":"/subscriptions/00000000-0000-0000-0000-000000000000/resourceGroups/javacsmrg9108/providers/Microsoft.Compute/virtualMachineScaleSets/vmss338/virtualMachines/2/networkInterfaces/primary-nic-cfg/ipConfigurations/primary-nic-ip-cfg"},{"id":"/subscriptions/00000000-0000-0000-0000-000000000000/resourceGroups/javacsmrg9108/providers/Microsoft.Compute/virtualMachineScaleSets/vmss338/virtualMachines/3/networkInterfaces/primary-nic-cfg/ipConfigurations/primary-nic-ip-cfg"}],"loadBalancingRules":[{"id":"/subscriptions/00000000-0000-0000-0000-000000000000/resourceGroups/javacsmrg9108/providers/Microsoft.Network/loadBalancers/extlb1-3049/loadBalancingRules/httpRule"}]}}],"loadBalancingRules":[{"name":"httpRule","id":"/subscriptions/00000000-0000-0000-0000-000000000000/resourceGroups/javacsmrg9108/providers/Microsoft.Network/loadBalancers/extlb1-3049/loadBalancingRules/httpRule","etag":"W/\"b6590bed-93a0-4e53-8f2f-a3e3efdedde3\"","properties":{"provisioningState":"Succeeded","frontendIPConfiguration":{"id":"/subscriptions/00000000-0000-0000-0000-000000000000/resourceGroups/javacsmrg9108/providers/Microsoft.Network/loadBalancers/extlb1-3049/frontendIPConfigurations/extlb1-3049-FE1"},"frontendPort":80,"backendPort":80,"enableFloatingIP":false,"idleTimeoutInMinutes":4,"protocol":"Tcp","enableDestinationServiceEndpoint":false,"loadDistribution":"Default","backendAddressPool":{"id":"/subscriptions/00000000-0000-0000-0000-000000000000/resourceGroups/javacsmrg9108/providers/Microsoft.Network/loadBalancers/extlb1-3049/backendAddressPools/extlb1-3049-BAP1"},"probe":{"id":"/subscriptions/00000000-0000-0000-0000-000000000000/resourceGroups/javacsmrg9108/providers/Microsoft.Network/loadBalancers/extlb1-3049/probes/httpProbe"}}}],"probes":[{"name":"httpProbe","id":"/subscriptions/00000000-0000-0000-0000-000000000000/resourceGroups/javacsmrg9108/providers/Microsoft.Network/loadBalancers/extlb1-3049/probes/httpProbe","etag":"W/\"b6590bed-93a0-4e53-8f2f-a3e3efdedde3\"","properties":{"provisioningState":"Succeeded","protocol":"Http","port":80,"requestPath":"/","intervalInSeconds":15,"numberOfProbes":2,"loadBalancingRules":[{"id":"/subscriptions/00000000-0000-0000-0000-000000000000/resourceGroups/javacsmrg9108/providers/Microsoft.Network/loadBalancers/extlb1-3049/loadBalancingRules/httpRule"}]}}],"inboundNatRules":[{"name":"extlb1-3049-INP1.2","id":"/subscriptions/00000000-0000-0000-0000-000000000000/resourceGroups/javacsmrg9108/providers/Microsoft.Network/loadBalancers/extlb1-3049/inboundNatRules/extlb1-3049-INP1.2","etag":"W/\"b6590bed-93a0-4e53-8f2f-a3e3efdedde3\"","properties":{"provisioningState":"Succeeded","frontendIPConfiguration":{"id":"/subscriptions/00000000-0000-0000-0000-000000000000/resourceGroups/javacsmrg9108/providers/Microsoft.Network/loadBalancers/extlb1-3049/frontendIPConfigurations/extlb1-3049-FE1"},"frontendPort":5002,"backendPort":22,"enableFloatingIP":false,"idleTimeoutInMinutes":4,"protocol":"Tcp","enableDestinationServiceEndpoint":false,"backendIPConfiguration":{"id":"/subscriptions/00000000-0000-0000-0000-000000000000/resourceGroups/javacsmrg9108/providers/Microsoft.Compute/virtualMachineScaleSets/vmss338/virtualMachines/2/networkInterfaces/primary-nic-cfg/ipConfigurations/primary-nic-ip-cfg"}}},{"name":"extlb1-3049-INP1.3","id":"/subscriptions/00000000-0000-0000-0000-000000000000/resourceGroups/javacsmrg9108/providers/Microsoft.Network/loadBalancers/extlb1-3049/inboundNatRules/extlb1-3049-INP1.3","etag":"W/\"b6590bed-93a0-4e53-8f2f-a3e3efdedde3\"","properties":{"provisioningState":"Succeeded","frontendIPConfiguration":{"id":"/subscriptions/00000000-0000-0000-0000-000000000000/resourceGroups/javacsmrg9108/providers/Microsoft.Network/loadBalancers/extlb1-3049/frontendIPConfigurations/extlb1-3049-FE1"},"frontendPort":5003,"backendPort":22,"enableFloatingIP":false,"idleTimeoutInMinutes":4,"protocol":"Tcp","enableDestinationServiceEndpoint":false,"backendIPConfiguration":{"id":"/subscriptions/00000000-0000-0000-0000-000000000000/resourceGroups/javacsmrg9108/providers/Microsoft.Compute/virtualMachineScaleSets/vmss338/virtualMachines/3/networkInterfaces/primary-nic-cfg/ipConfigurations/primary-nic-ip-cfg"}}}],"outboundNatRules":[],"inboundNatPools":[{"name":"extlb1-3049-INP1","id":"/subscriptions/00000000-0000-0000-0000-000000000000/resourceGroups/javacsmrg9108/providers/Microsoft.Network/loadBalancers/extlb1-3049/inboundNatPools/extlb1-3049-INP1","etag":"W/\"b6590bed-93a0-4e53-8f2f-a3e3efdedde3\"","properties":{"provisioningState":"Succeeded","frontendPortRangeStart":5000,"frontendPortRangeEnd":5099,"backendPort":22,"protocol":"Tcp","idleTimeoutInMinutes":4,"enableFloatingIP":false,"enableDestinationServiceEndpoint":false,"frontendIPConfiguration":{"id":"/subscriptions/00000000-0000-0000-0000-000000000000/resourceGroups/javacsmrg9108/providers/Microsoft.Network/loadBalancers/extlb1-3049/frontendIPConfigurations/extlb1-3049-FE1"}}}]},"sku":{"name":"Basic","tier":"Regional"}}]}'}
    headers:
      cache-control: [no-cache]
      content-length: ['35874']
      content-type: [application/json; charset=utf-8]
      date: ['Fri, 06 Apr 2018 22:16:01 GMT']
      expires: ['-1']
      pragma: [no-cache]
      strict-transport-security: [max-age=31536000; includeSubDomains]
      vary: [Accept-Encoding]
      x-content-type-options: [nosniff]
      x-ms-original-request-ids: [715de2df-cdd0-4724-a02c-fb1db54153df, f377f0dc-3f68-494a-90e7-b53748a025c8]
    status: {code: 200, message: OK}
- request:
    body: null
    headers:
      Accept: [application/json]
      Accept-Encoding: ['gzip, deflate']
      CommandName: [network lb list]
      Connection: [keep-alive]
      Content-Type: [application/json; charset=utf-8]
      User-Agent: [python/3.6.1 (Windows-10-10.0.16299-SP0) requests/2.18.4 msrest/0.4.27
          msrest_azure/0.4.25 networkmanagementclient/2.0.0rc2 Azure-SDK-For-Python
          AZURECLI/2.0.31]
      accept-language: [en-US]
    method: GET
    uri: https://management.azure.com/subscriptions/00000000-0000-0000-0000-000000000000/resourceGroups/cli_test_load_balancer000001/providers/Microsoft.Network/loadBalancers?api-version=2018-02-01
  response:
    body: {string: "{\r\n  \"value\": [\r\n    {\r\n      \"name\": \"lb1\",\r\n \
        \     \"id\": \"/subscriptions/00000000-0000-0000-0000-000000000000/resourceGroups/cli_test_load_balancer000001/providers/Microsoft.Network/loadBalancers/lb1\"\
        ,\r\n      \"etag\": \"W/\\\"ddcda138-169c-4e4b-b5f0-bde42b7537f3\\\"\",\r\
        \n      \"type\": \"Microsoft.Network/loadBalancers\",\r\n      \"location\"\
        : \"westus\",\r\n      \"tags\": {},\r\n      \"properties\": {\r\n      \
        \  \"provisioningState\": \"Succeeded\",\r\n        \"resourceGuid\": \"e12f64be-66be-406a-90ed-d20bee3720c5\"\
        ,\r\n        \"frontendIPConfigurations\": [\r\n          {\r\n          \
        \  \"name\": \"LoadBalancerFrontEnd\",\r\n            \"id\": \"/subscriptions/00000000-0000-0000-0000-000000000000/resourceGroups/cli_test_load_balancer000001/providers/Microsoft.Network/loadBalancers/lb1/frontendIPConfigurations/LoadBalancerFrontEnd\"\
        ,\r\n            \"etag\": \"W/\\\"ddcda138-169c-4e4b-b5f0-bde42b7537f3\\\"\
        \",\r\n            \"properties\": {\r\n              \"provisioningState\"\
        : \"Succeeded\",\r\n              \"privateIPAllocationMethod\": \"Dynamic\"\
        ,\r\n              \"publicIPAddress\": {\r\n                \"id\": \"/subscriptions/00000000-0000-0000-0000-000000000000/resourceGroups/cli_test_load_balancer000001/providers/Microsoft.Network/publicIPAddresses/PublicIPlb1\"\
        \r\n              }\r\n            }\r\n          }\r\n        ],\r\n    \
        \    \"backendAddressPools\": [\r\n          {\r\n            \"name\": \"\
        lb1bepool\",\r\n            \"id\": \"/subscriptions/00000000-0000-0000-0000-000000000000/resourceGroups/cli_test_load_balancer000001/providers/Microsoft.Network/loadBalancers/lb1/backendAddressPools/lb1bepool\"\
        ,\r\n            \"etag\": \"W/\\\"ddcda138-169c-4e4b-b5f0-bde42b7537f3\\\"\
        \",\r\n            \"properties\": {\r\n              \"provisioningState\"\
        : \"Succeeded\"\r\n            }\r\n          }\r\n        ],\r\n        \"\
        loadBalancingRules\": [],\r\n        \"probes\": [],\r\n        \"inboundNatRules\"\
        : [],\r\n        \"outboundNatRules\": [],\r\n        \"inboundNatPools\"\
        : []\r\n      },\r\n      \"sku\": {\r\n        \"name\": \"Basic\",\r\n \
        \       \"tier\": \"Regional\"\r\n      }\r\n    },\r\n    {\r\n      \"name\"\
        : \"lb2\",\r\n      \"id\": \"/subscriptions/00000000-0000-0000-0000-000000000000/resourceGroups/cli_test_load_balancer000001/providers/Microsoft.Network/loadBalancers/lb2\"\
        ,\r\n      \"etag\": \"W/\\\"d4243601-7eca-4720-9461-1281a09adb4d\\\"\",\r\
        \n      \"type\": \"Microsoft.Network/loadBalancers\",\r\n      \"location\"\
        : \"westus\",\r\n      \"tags\": {\r\n        \"foo\": \"doo\"\r\n      },\r\
        \n      \"properties\": {\r\n        \"provisioningState\": \"Succeeded\"\
        ,\r\n        \"resourceGuid\": \"efa88bb4-8e5f-4209-b24c-a36c13f1d2bb\",\r\
        \n        \"frontendIPConfigurations\": [\r\n          {\r\n            \"\
        name\": \"LoadBalancerFrontEnd\",\r\n            \"id\": \"/subscriptions/00000000-0000-0000-0000-000000000000/resourceGroups/cli_test_load_balancer000001/providers/Microsoft.Network/loadBalancers/lb2/frontendIPConfigurations/LoadBalancerFrontEnd\"\
        ,\r\n            \"etag\": \"W/\\\"d4243601-7eca-4720-9461-1281a09adb4d\\\"\
        \",\r\n            \"properties\": {\r\n              \"provisioningState\"\
        : \"Succeeded\",\r\n              \"privateIPAllocationMethod\": \"Dynamic\"\
        ,\r\n              \"publicIPAddress\": {\r\n                \"id\": \"/subscriptions/00000000-0000-0000-0000-000000000000/resourceGroups/cli_test_load_balancer000001/providers/Microsoft.Network/publicIPAddresses/PublicIPlb2\"\
        \r\n              }\r\n            }\r\n          }\r\n        ],\r\n    \
        \    \"backendAddressPools\": [\r\n          {\r\n            \"name\": \"\
        lb2bepool\",\r\n            \"id\": \"/subscriptions/00000000-0000-0000-0000-000000000000/resourceGroups/cli_test_load_balancer000001/providers/Microsoft.Network/loadBalancers/lb2/backendAddressPools/lb2bepool\"\
        ,\r\n            \"etag\": \"W/\\\"d4243601-7eca-4720-9461-1281a09adb4d\\\"\
        \",\r\n            \"properties\": {\r\n              \"provisioningState\"\
        : \"Succeeded\"\r\n            }\r\n          }\r\n        ],\r\n        \"\
        loadBalancingRules\": [],\r\n        \"probes\": [],\r\n        \"inboundNatRules\"\
        : [],\r\n        \"outboundNatRules\": [],\r\n        \"inboundNatPools\"\
        : []\r\n      },\r\n      \"sku\": {\r\n        \"name\": \"Basic\",\r\n \
        \       \"tier\": \"Regional\"\r\n      }\r\n    },\r\n    {\r\n      \"name\"\
        : \"lb3\",\r\n      \"id\": \"/subscriptions/00000000-0000-0000-0000-000000000000/resourceGroups/cli_test_load_balancer000001/providers/Microsoft.Network/loadBalancers/lb3\"\
        ,\r\n      \"etag\": \"W/\\\"b5cc6591-4559-4e72-8531-8775e756b258\\\"\",\r\
        \n      \"type\": \"Microsoft.Network/loadBalancers\",\r\n      \"location\"\
        : \"westus\",\r\n      \"tags\": {},\r\n      \"properties\": {\r\n      \
        \  \"provisioningState\": \"Succeeded\",\r\n        \"resourceGuid\": \"e4f78a58-b811-47e4-8c56-190e6d12e83e\"\
        ,\r\n        \"frontendIPConfigurations\": [\r\n          {\r\n          \
        \  \"name\": \"LoadBalancerFrontEnd\",\r\n            \"id\": \"/subscriptions/00000000-0000-0000-0000-000000000000/resourceGroups/cli_test_load_balancer000001/providers/Microsoft.Network/loadBalancers/lb3/frontendIPConfigurations/LoadBalancerFrontEnd\"\
        ,\r\n            \"etag\": \"W/\\\"b5cc6591-4559-4e72-8531-8775e756b258\\\"\
        \",\r\n            \"properties\": {\r\n              \"provisioningState\"\
        : \"Succeeded\",\r\n              \"privateIPAddress\": \"10.0.0.15\",\r\n\
        \              \"privateIPAllocationMethod\": \"Static\",\r\n            \
        \  \"subnet\": {\r\n                \"id\": \"/subscriptions/00000000-0000-0000-0000-000000000000/resourceGroups/cli_test_load_balancer000001/providers/Microsoft.Network/virtualNetworks/mytestvnet/subnets/default\"\
        \r\n              }\r\n            }\r\n          }\r\n        ],\r\n    \
        \    \"backendAddressPools\": [\r\n          {\r\n            \"name\": \"\
        lb3bepool\",\r\n            \"id\": \"/subscriptions/00000000-0000-0000-0000-000000000000/resourceGroups/cli_test_load_balancer000001/providers/Microsoft.Network/loadBalancers/lb3/backendAddressPools/lb3bepool\"\
        ,\r\n            \"etag\": \"W/\\\"b5cc6591-4559-4e72-8531-8775e756b258\\\"\
        \",\r\n            \"properties\": {\r\n              \"provisioningState\"\
        : \"Succeeded\"\r\n            }\r\n          }\r\n        ],\r\n        \"\
        loadBalancingRules\": [],\r\n        \"probes\": [],\r\n        \"inboundNatRules\"\
        : [],\r\n        \"outboundNatRules\": [],\r\n        \"inboundNatPools\"\
        : []\r\n      },\r\n      \"sku\": {\r\n        \"name\": \"Basic\",\r\n \
        \       \"tier\": \"Regional\"\r\n      }\r\n    },\r\n    {\r\n      \"name\"\
        : \"lb4\",\r\n      \"id\": \"/subscriptions/00000000-0000-0000-0000-000000000000/resourceGroups/cli_test_load_balancer000001/providers/Microsoft.Network/loadBalancers/lb4\"\
        ,\r\n      \"etag\": \"W/\\\"f7dd3e47-6348-41d5-a4f7-2d20255d93b4\\\"\",\r\
        \n      \"type\": \"Microsoft.Network/loadBalancers\",\r\n      \"location\"\
        : \"westus\",\r\n      \"tags\": {},\r\n      \"properties\": {\r\n      \
        \  \"provisioningState\": \"Succeeded\",\r\n        \"resourceGuid\": \"f79efd57-e274-43cb-9900-50a5db4dc93c\"\
        ,\r\n        \"frontendIPConfigurations\": [\r\n          {\r\n          \
        \  \"name\": \"LoadBalancerFrontEnd\",\r\n            \"id\": \"/subscriptions/00000000-0000-0000-0000-000000000000/resourceGroups/cli_test_load_balancer000001/providers/Microsoft.Network/loadBalancers/lb4/frontendIPConfigurations/LoadBalancerFrontEnd\"\
        ,\r\n            \"etag\": \"W/\\\"f7dd3e47-6348-41d5-a4f7-2d20255d93b4\\\"\
        \",\r\n            \"properties\": {\r\n              \"provisioningState\"\
        : \"Succeeded\",\r\n              \"privateIPAllocationMethod\": \"Dynamic\"\
        ,\r\n              \"publicIPAddress\": {\r\n                \"id\": \"/subscriptions/00000000-0000-0000-0000-000000000000/resourceGroups/cli_test_load_balancer000001/providers/Microsoft.Network/publicIPAddresses/publicip4\"\
        \r\n              }\r\n            }\r\n          }\r\n        ],\r\n    \
        \    \"backendAddressPools\": [\r\n          {\r\n            \"name\": \"\
        lb4bepool\",\r\n            \"id\": \"/subscriptions/00000000-0000-0000-0000-000000000000/resourceGroups/cli_test_load_balancer000001/providers/Microsoft.Network/loadBalancers/lb4/backendAddressPools/lb4bepool\"\
        ,\r\n            \"etag\": \"W/\\\"f7dd3e47-6348-41d5-a4f7-2d20255d93b4\\\"\
        \",\r\n            \"properties\": {\r\n              \"provisioningState\"\
        : \"Succeeded\"\r\n            }\r\n          }\r\n        ],\r\n        \"\
        loadBalancingRules\": [],\r\n        \"probes\": [],\r\n        \"inboundNatRules\"\
        : [],\r\n        \"outboundNatRules\": [],\r\n        \"inboundNatPools\"\
        : []\r\n      },\r\n      \"sku\": {\r\n        \"name\": \"Basic\",\r\n \
        \       \"tier\": \"Regional\"\r\n      }\r\n    }\r\n  ]\r\n}"}
    headers:
      cache-control: [no-cache]
      content-length: ['8717']
      content-type: [application/json; charset=utf-8]
      date: ['Fri, 06 Apr 2018 22:16:02 GMT']
      expires: ['-1']
      pragma: [no-cache]
      server: [Microsoft-HTTPAPI/2.0, Microsoft-HTTPAPI/2.0]
      strict-transport-security: [max-age=31536000; includeSubDomains]
      transfer-encoding: [chunked]
      vary: [Accept-Encoding]
      x-content-type-options: [nosniff]
    status: {code: 200, message: OK}
- request:
    body: null
    headers:
      Accept: [application/json]
      Accept-Encoding: ['gzip, deflate']
      CommandName: [network lb show]
      Connection: [keep-alive]
      Content-Type: [application/json; charset=utf-8]
      User-Agent: [python/3.6.1 (Windows-10-10.0.16299-SP0) requests/2.18.4 msrest/0.4.27
          msrest_azure/0.4.25 networkmanagementclient/2.0.0rc2 Azure-SDK-For-Python
          AZURECLI/2.0.31]
      accept-language: [en-US]
    method: GET
    uri: https://management.azure.com/subscriptions/00000000-0000-0000-0000-000000000000/resourceGroups/cli_test_load_balancer000001/providers/Microsoft.Network/loadBalancers/lb1?api-version=2018-02-01
  response:
    body: {string: "{\r\n  \"name\": \"lb1\",\r\n  \"id\": \"/subscriptions/00000000-0000-0000-0000-000000000000/resourceGroups/cli_test_load_balancer000001/providers/Microsoft.Network/loadBalancers/lb1\"\
        ,\r\n  \"etag\": \"W/\\\"ddcda138-169c-4e4b-b5f0-bde42b7537f3\\\"\",\r\n \
        \ \"type\": \"Microsoft.Network/loadBalancers\",\r\n  \"location\": \"westus\"\
        ,\r\n  \"tags\": {},\r\n  \"properties\": {\r\n    \"provisioningState\":\
        \ \"Succeeded\",\r\n    \"resourceGuid\": \"e12f64be-66be-406a-90ed-d20bee3720c5\"\
        ,\r\n    \"frontendIPConfigurations\": [\r\n      {\r\n        \"name\": \"\
        LoadBalancerFrontEnd\",\r\n        \"id\": \"/subscriptions/00000000-0000-0000-0000-000000000000/resourceGroups/cli_test_load_balancer000001/providers/Microsoft.Network/loadBalancers/lb1/frontendIPConfigurations/LoadBalancerFrontEnd\"\
        ,\r\n        \"etag\": \"W/\\\"ddcda138-169c-4e4b-b5f0-bde42b7537f3\\\"\"\
        ,\r\n        \"properties\": {\r\n          \"provisioningState\": \"Succeeded\"\
        ,\r\n          \"privateIPAllocationMethod\": \"Dynamic\",\r\n          \"\
        publicIPAddress\": {\r\n            \"id\": \"/subscriptions/00000000-0000-0000-0000-000000000000/resourceGroups/cli_test_load_balancer000001/providers/Microsoft.Network/publicIPAddresses/PublicIPlb1\"\
        \r\n          }\r\n        }\r\n      }\r\n    ],\r\n    \"backendAddressPools\"\
        : [\r\n      {\r\n        \"name\": \"lb1bepool\",\r\n        \"id\": \"/subscriptions/00000000-0000-0000-0000-000000000000/resourceGroups/cli_test_load_balancer000001/providers/Microsoft.Network/loadBalancers/lb1/backendAddressPools/lb1bepool\"\
        ,\r\n        \"etag\": \"W/\\\"ddcda138-169c-4e4b-b5f0-bde42b7537f3\\\"\"\
        ,\r\n        \"properties\": {\r\n          \"provisioningState\": \"Succeeded\"\
        \r\n        }\r\n      }\r\n    ],\r\n    \"loadBalancingRules\": [],\r\n\
        \    \"probes\": [],\r\n    \"inboundNatRules\": [],\r\n    \"outboundNatRules\"\
        : [],\r\n    \"inboundNatPools\": []\r\n  },\r\n  \"sku\": {\r\n    \"name\"\
        : \"Basic\",\r\n    \"tier\": \"Regional\"\r\n  }\r\n}"}
    headers:
      cache-control: [no-cache]
      content-length: ['1971']
      content-type: [application/json; charset=utf-8]
      date: ['Fri, 06 Apr 2018 22:16:02 GMT']
      etag: [W/"ddcda138-169c-4e4b-b5f0-bde42b7537f3"]
      expires: ['-1']
      pragma: [no-cache]
      server: [Microsoft-HTTPAPI/2.0, Microsoft-HTTPAPI/2.0]
      strict-transport-security: [max-age=31536000; includeSubDomains]
      transfer-encoding: [chunked]
      vary: [Accept-Encoding]
      x-content-type-options: [nosniff]
    status: {code: 200, message: OK}
- request:
    body: null
    headers:
      Accept: [application/json]
      Accept-Encoding: ['gzip, deflate']
      CommandName: [network lb delete]
      Connection: [keep-alive]
      Content-Length: ['0']
      Content-Type: [application/json; charset=utf-8]
      User-Agent: [python/3.6.1 (Windows-10-10.0.16299-SP0) requests/2.18.4 msrest/0.4.27
          msrest_azure/0.4.25 networkmanagementclient/2.0.0rc2 Azure-SDK-For-Python
          AZURECLI/2.0.31]
      accept-language: [en-US]
    method: DELETE
    uri: https://management.azure.com/subscriptions/00000000-0000-0000-0000-000000000000/resourceGroups/cli_test_load_balancer000001/providers/Microsoft.Network/loadBalancers/lb1?api-version=2018-02-01
  response:
    body: {string: ''}
    headers:
      azure-asyncoperation: ['https://management.azure.com/subscriptions/00000000-0000-0000-0000-000000000000/providers/Microsoft.Network/locations/westus/operations/c2cc23a4-4cd4-4bfc-96cc-564fdadd3ce8?api-version=2018-02-01']
      cache-control: [no-cache]
      content-length: ['0']
      date: ['Fri, 06 Apr 2018 22:16:03 GMT']
      expires: ['-1']
      location: ['https://management.azure.com/subscriptions/00000000-0000-0000-0000-000000000000/providers/Microsoft.Network/locations/westus/operationResults/c2cc23a4-4cd4-4bfc-96cc-564fdadd3ce8?api-version=2018-02-01']
      pragma: [no-cache]
      server: [Microsoft-HTTPAPI/2.0, Microsoft-HTTPAPI/2.0]
      strict-transport-security: [max-age=31536000; includeSubDomains]
      x-content-type-options: [nosniff]
      x-ms-ratelimit-remaining-subscription-writes: ['1198']
    status: {code: 202, message: Accepted}
- request:
    body: null
    headers:
      Accept: [application/json]
      Accept-Encoding: ['gzip, deflate']
      CommandName: [network lb delete]
      Connection: [keep-alive]
      User-Agent: [python/3.6.1 (Windows-10-10.0.16299-SP0) requests/2.18.4 msrest/0.4.27
          msrest_azure/0.4.25 networkmanagementclient/2.0.0rc2 Azure-SDK-For-Python
          AZURECLI/2.0.31]
    method: GET
    uri: https://management.azure.com/subscriptions/00000000-0000-0000-0000-000000000000/providers/Microsoft.Network/locations/westus/operations/c2cc23a4-4cd4-4bfc-96cc-564fdadd3ce8?api-version=2018-02-01
  response:
    body: {string: "{\r\n  \"status\": \"Succeeded\"\r\n}"}
    headers:
      cache-control: [no-cache]
      content-length: ['29']
      content-type: [application/json; charset=utf-8]
      date: ['Fri, 06 Apr 2018 22:16:13 GMT']
      expires: ['-1']
      pragma: [no-cache]
      server: [Microsoft-HTTPAPI/2.0, Microsoft-HTTPAPI/2.0]
      strict-transport-security: [max-age=31536000; includeSubDomains]
      transfer-encoding: [chunked]
      vary: [Accept-Encoding]
      x-content-type-options: [nosniff]
    status: {code: 200, message: OK}
- request:
    body: null
    headers:
      Accept: [application/json]
      Accept-Encoding: ['gzip, deflate']
      CommandName: [network lb list]
      Connection: [keep-alive]
      Content-Type: [application/json; charset=utf-8]
      User-Agent: [python/3.6.1 (Windows-10-10.0.16299-SP0) requests/2.18.4 msrest/0.4.27
          msrest_azure/0.4.25 networkmanagementclient/2.0.0rc2 Azure-SDK-For-Python
          AZURECLI/2.0.31]
      accept-language: [en-US]
    method: GET
    uri: https://management.azure.com/subscriptions/00000000-0000-0000-0000-000000000000/resourceGroups/cli_test_load_balancer000001/providers/Microsoft.Network/loadBalancers?api-version=2018-02-01
  response:
    body: {string: "{\r\n  \"value\": [\r\n    {\r\n      \"name\": \"lb2\",\r\n \
        \     \"id\": \"/subscriptions/00000000-0000-0000-0000-000000000000/resourceGroups/cli_test_load_balancer000001/providers/Microsoft.Network/loadBalancers/lb2\"\
        ,\r\n      \"etag\": \"W/\\\"d4243601-7eca-4720-9461-1281a09adb4d\\\"\",\r\
        \n      \"type\": \"Microsoft.Network/loadBalancers\",\r\n      \"location\"\
        : \"westus\",\r\n      \"tags\": {\r\n        \"foo\": \"doo\"\r\n      },\r\
        \n      \"properties\": {\r\n        \"provisioningState\": \"Succeeded\"\
        ,\r\n        \"resourceGuid\": \"efa88bb4-8e5f-4209-b24c-a36c13f1d2bb\",\r\
        \n        \"frontendIPConfigurations\": [\r\n          {\r\n            \"\
        name\": \"LoadBalancerFrontEnd\",\r\n            \"id\": \"/subscriptions/00000000-0000-0000-0000-000000000000/resourceGroups/cli_test_load_balancer000001/providers/Microsoft.Network/loadBalancers/lb2/frontendIPConfigurations/LoadBalancerFrontEnd\"\
        ,\r\n            \"etag\": \"W/\\\"d4243601-7eca-4720-9461-1281a09adb4d\\\"\
        \",\r\n            \"properties\": {\r\n              \"provisioningState\"\
        : \"Succeeded\",\r\n              \"privateIPAllocationMethod\": \"Dynamic\"\
        ,\r\n              \"publicIPAddress\": {\r\n                \"id\": \"/subscriptions/00000000-0000-0000-0000-000000000000/resourceGroups/cli_test_load_balancer000001/providers/Microsoft.Network/publicIPAddresses/PublicIPlb2\"\
        \r\n              }\r\n            }\r\n          }\r\n        ],\r\n    \
        \    \"backendAddressPools\": [\r\n          {\r\n            \"name\": \"\
        lb2bepool\",\r\n            \"id\": \"/subscriptions/00000000-0000-0000-0000-000000000000/resourceGroups/cli_test_load_balancer000001/providers/Microsoft.Network/loadBalancers/lb2/backendAddressPools/lb2bepool\"\
        ,\r\n            \"etag\": \"W/\\\"d4243601-7eca-4720-9461-1281a09adb4d\\\"\
        \",\r\n            \"properties\": {\r\n              \"provisioningState\"\
        : \"Succeeded\"\r\n            }\r\n          }\r\n        ],\r\n        \"\
        loadBalancingRules\": [],\r\n        \"probes\": [],\r\n        \"inboundNatRules\"\
        : [],\r\n        \"outboundNatRules\": [],\r\n        \"inboundNatPools\"\
        : []\r\n      },\r\n      \"sku\": {\r\n        \"name\": \"Basic\",\r\n \
        \       \"tier\": \"Regional\"\r\n      }\r\n    },\r\n    {\r\n      \"name\"\
        : \"lb3\",\r\n      \"id\": \"/subscriptions/00000000-0000-0000-0000-000000000000/resourceGroups/cli_test_load_balancer000001/providers/Microsoft.Network/loadBalancers/lb3\"\
        ,\r\n      \"etag\": \"W/\\\"b5cc6591-4559-4e72-8531-8775e756b258\\\"\",\r\
        \n      \"type\": \"Microsoft.Network/loadBalancers\",\r\n      \"location\"\
        : \"westus\",\r\n      \"tags\": {},\r\n      \"properties\": {\r\n      \
        \  \"provisioningState\": \"Succeeded\",\r\n        \"resourceGuid\": \"e4f78a58-b811-47e4-8c56-190e6d12e83e\"\
        ,\r\n        \"frontendIPConfigurations\": [\r\n          {\r\n          \
        \  \"name\": \"LoadBalancerFrontEnd\",\r\n            \"id\": \"/subscriptions/00000000-0000-0000-0000-000000000000/resourceGroups/cli_test_load_balancer000001/providers/Microsoft.Network/loadBalancers/lb3/frontendIPConfigurations/LoadBalancerFrontEnd\"\
        ,\r\n            \"etag\": \"W/\\\"b5cc6591-4559-4e72-8531-8775e756b258\\\"\
        \",\r\n            \"properties\": {\r\n              \"provisioningState\"\
        : \"Succeeded\",\r\n              \"privateIPAddress\": \"10.0.0.15\",\r\n\
        \              \"privateIPAllocationMethod\": \"Static\",\r\n            \
        \  \"subnet\": {\r\n                \"id\": \"/subscriptions/00000000-0000-0000-0000-000000000000/resourceGroups/cli_test_load_balancer000001/providers/Microsoft.Network/virtualNetworks/mytestvnet/subnets/default\"\
        \r\n              }\r\n            }\r\n          }\r\n        ],\r\n    \
        \    \"backendAddressPools\": [\r\n          {\r\n            \"name\": \"\
        lb3bepool\",\r\n            \"id\": \"/subscriptions/00000000-0000-0000-0000-000000000000/resourceGroups/cli_test_load_balancer000001/providers/Microsoft.Network/loadBalancers/lb3/backendAddressPools/lb3bepool\"\
        ,\r\n            \"etag\": \"W/\\\"b5cc6591-4559-4e72-8531-8775e756b258\\\"\
        \",\r\n            \"properties\": {\r\n              \"provisioningState\"\
        : \"Succeeded\"\r\n            }\r\n          }\r\n        ],\r\n        \"\
        loadBalancingRules\": [],\r\n        \"probes\": [],\r\n        \"inboundNatRules\"\
        : [],\r\n        \"outboundNatRules\": [],\r\n        \"inboundNatPools\"\
        : []\r\n      },\r\n      \"sku\": {\r\n        \"name\": \"Basic\",\r\n \
        \       \"tier\": \"Regional\"\r\n      }\r\n    },\r\n    {\r\n      \"name\"\
        : \"lb4\",\r\n      \"id\": \"/subscriptions/00000000-0000-0000-0000-000000000000/resourceGroups/cli_test_load_balancer000001/providers/Microsoft.Network/loadBalancers/lb4\"\
        ,\r\n      \"etag\": \"W/\\\"f7dd3e47-6348-41d5-a4f7-2d20255d93b4\\\"\",\r\
        \n      \"type\": \"Microsoft.Network/loadBalancers\",\r\n      \"location\"\
        : \"westus\",\r\n      \"tags\": {},\r\n      \"properties\": {\r\n      \
        \  \"provisioningState\": \"Succeeded\",\r\n        \"resourceGuid\": \"f79efd57-e274-43cb-9900-50a5db4dc93c\"\
        ,\r\n        \"frontendIPConfigurations\": [\r\n          {\r\n          \
        \  \"name\": \"LoadBalancerFrontEnd\",\r\n            \"id\": \"/subscriptions/00000000-0000-0000-0000-000000000000/resourceGroups/cli_test_load_balancer000001/providers/Microsoft.Network/loadBalancers/lb4/frontendIPConfigurations/LoadBalancerFrontEnd\"\
        ,\r\n            \"etag\": \"W/\\\"f7dd3e47-6348-41d5-a4f7-2d20255d93b4\\\"\
        \",\r\n            \"properties\": {\r\n              \"provisioningState\"\
        : \"Succeeded\",\r\n              \"privateIPAllocationMethod\": \"Dynamic\"\
        ,\r\n              \"publicIPAddress\": {\r\n                \"id\": \"/subscriptions/00000000-0000-0000-0000-000000000000/resourceGroups/cli_test_load_balancer000001/providers/Microsoft.Network/publicIPAddresses/publicip4\"\
        \r\n              }\r\n            }\r\n          }\r\n        ],\r\n    \
        \    \"backendAddressPools\": [\r\n          {\r\n            \"name\": \"\
        lb4bepool\",\r\n            \"id\": \"/subscriptions/00000000-0000-0000-0000-000000000000/resourceGroups/cli_test_load_balancer000001/providers/Microsoft.Network/loadBalancers/lb4/backendAddressPools/lb4bepool\"\
        ,\r\n            \"etag\": \"W/\\\"f7dd3e47-6348-41d5-a4f7-2d20255d93b4\\\"\
        \",\r\n            \"properties\": {\r\n              \"provisioningState\"\
        : \"Succeeded\"\r\n            }\r\n          }\r\n        ],\r\n        \"\
        loadBalancingRules\": [],\r\n        \"probes\": [],\r\n        \"inboundNatRules\"\
        : [],\r\n        \"outboundNatRules\": [],\r\n        \"inboundNatPools\"\
        : []\r\n      },\r\n      \"sku\": {\r\n        \"name\": \"Basic\",\r\n \
        \       \"tier\": \"Regional\"\r\n      }\r\n    }\r\n  ]\r\n}"}
    headers:
      cache-control: [no-cache]
      content-length: ['6563']
      content-type: [application/json; charset=utf-8]
      date: ['Fri, 06 Apr 2018 22:16:15 GMT']
      expires: ['-1']
      pragma: [no-cache]
      server: [Microsoft-HTTPAPI/2.0, Microsoft-HTTPAPI/2.0]
      strict-transport-security: [max-age=31536000; includeSubDomains]
      transfer-encoding: [chunked]
      vary: [Accept-Encoding]
      x-content-type-options: [nosniff]
    status: {code: 200, message: OK}
- request:
    body: null
    headers:
      Accept: [application/json]
      Accept-Encoding: ['gzip, deflate']
      CommandName: [group delete]
      Connection: [keep-alive]
      Content-Length: ['0']
      Content-Type: [application/json; charset=utf-8]
      User-Agent: [python/3.6.1 (Windows-10-10.0.16299-SP0) requests/2.18.4 msrest/0.4.27
          msrest_azure/0.4.25 resourcemanagementclient/1.2.1 Azure-SDK-For-Python
          AZURECLI/2.0.31]
      accept-language: [en-US]
    method: DELETE
    uri: https://management.azure.com/subscriptions/00000000-0000-0000-0000-000000000000/resourcegroups/cli_test_load_balancer000001?api-version=2017-05-10
  response:
    body: {string: ''}
    headers:
      cache-control: [no-cache]
      content-length: ['0']
      date: ['Fri, 06 Apr 2018 22:16:15 GMT']
      expires: ['-1']
      location: ['https://management.azure.com/subscriptions/00000000-0000-0000-0000-000000000000/operationresults/eyJqb2JJZCI6IlJFU09VUkNFR1JPVVBERUxFVElPTkpPQi1DTEk6NUZURVNUOjVGTE9BRDo1RkJBTEFOQ0VSWktFR1ZSMlNURUpDNTNSWllBUXxBQzlBNTBBMEZBNEJBOENELVdFU1RVUyIsImpvYkxvY2F0aW9uIjoid2VzdHVzIn0?api-version=2017-05-10']
      pragma: [no-cache]
      strict-transport-security: [max-age=31536000; includeSubDomains]
      x-content-type-options: [nosniff]
      x-ms-ratelimit-remaining-subscription-writes: ['1197']
    status: {code: 202, message: Accepted}
version: 1
