interactions:
- request:
    body: '{"location": "westus", "tags": {"product": "azurecli", "cause": "automation",
      "date": "2019-03-01T00:37:31Z"}}'
    headers:
      Accept: [application/json]
      Accept-Encoding: ['gzip, deflate']
      CommandName: [group create]
      Connection: [keep-alive]
      Content-Length: ['110']
      Content-Type: [application/json; charset=utf-8]
      ParameterSetName: [--location --name --tag]
      User-Agent: [python/3.7.2 (Windows-10-10.0.17763-SP0) msrest/0.6.4 msrest_azure/0.4.34
          resourcemanagementclient/2.1.0 Azure-SDK-For-Python AZURECLI/2.0.60]
      accept-language: [en-US]
    method: PUT
    uri: https://management.azure.com/subscriptions/00000000-0000-0000-0000-000000000000/resourcegroups/clitest_privatedns000001?api-version=2018-05-01
  response:
    body: {string: '{"id":"/subscriptions/00000000-0000-0000-0000-000000000000/resourceGroups/clitest_privatedns000001","name":"clitest_privatedns000001","location":"westus","tags":{"product":"azurecli","cause":"automation","date":"2019-03-01T00:37:31Z"},"properties":{"provisioningState":"Succeeded"}}'}
    headers:
      cache-control: [no-cache]
      content-length: ['384']
      content-type: [application/json; charset=utf-8]
      date: ['Fri, 01 Mar 2019 00:37:32 GMT']
      expires: ['-1']
      pragma: [no-cache]
      strict-transport-security: [max-age=31536000; includeSubDomains]
      x-content-type-options: [nosniff]
      x-ms-ratelimit-remaining-subscription-writes: ['1199']
    status: {code: 201, message: Created}
- request:
    body: '{"location": "global"}'
    headers:
      Accept: [application/json]
      Accept-Encoding: ['gzip, deflate']
      CommandName: [network private-dns zone create]
      Connection: [keep-alive]
      Content-Length: ['22']
      Content-Type: [application/json; charset=utf-8]
      If-None-Match: ['*']
      ParameterSetName: [-g -n]
      User-Agent: [python/3.7.2 (Windows-10-10.0.17763-SP0) msrest/0.6.4 msrest_azure/0.4.34
          azure-mgmt-privatedns/0.1.0 Azure-SDK-For-Python AZURECLI/2.0.60]
      accept-language: [en-US]
    method: PUT
    uri: https://management.azure.com/subscriptions/00000000-0000-0000-0000-000000000000/resourceGroups/clitest_privatedns000001/providers/Microsoft.Network/privateDnsZones/clitest.privatedns.com000002?api-version=2018-09-01
  response:
    body: {string: '{}'}
    headers:
      azure-asyncoperation: ['https://management.azure.com:443/subscriptions/00000000-0000-0000-0000-000000000000/resourceGroups/clitest_privatedns000001/providers/Microsoft.Network/privateDnsOperationStatuses/RnJvbnRFbmRBc3luY09wZXJhdGlvbjtVcHNlcnRQcml2YXRlRG5zWm9uZTs5MjUyYjNlYi05N2ZkLTQ0ODAtYmI3NS03N2MyMzljNWZjODQ=?api-version=2018-09-01']
      cache-control: [private]
      content-length: ['2']
      content-type: [application/json; charset=utf-8]
      date: ['Fri, 01 Mar 2019 00:37:34 GMT']
      location: ['https://management.azure.com/subscriptions/00000000-0000-0000-0000-000000000000/resourceGroups/clitest_privatedns000001/providers/Microsoft.Network/privateDnsOperationResults/RnJvbnRFbmRBc3luY09wZXJhdGlvbjtVcHNlcnRQcml2YXRlRG5zWm9uZTs5MjUyYjNlYi05N2ZkLTQ0ODAtYmI3NS03N2MyMzljNWZjODQ=?api-version=2018-09-01']
      server: [Microsoft-IIS/10.0]
      strict-transport-security: [max-age=31536000; includeSubDomains]
      x-aspnet-version: [4.0.30319]
      x-content-type-options: [nosniff]
      x-ms-ratelimit-remaining-subscription-resource-requests: ['11998']
      x-powered-by: [ASP.NET]
    status: {code: 202, message: Accepted}
- request:
    body: null
    headers:
      Accept: [application/json]
      Accept-Encoding: ['gzip, deflate']
      CommandName: [network private-dns zone create]
      Connection: [keep-alive]
      ParameterSetName: [-g -n]
      User-Agent: [python/3.7.2 (Windows-10-10.0.17763-SP0) msrest/0.6.4 msrest_azure/0.4.34
          azure-mgmt-privatedns/0.1.0 Azure-SDK-For-Python AZURECLI/2.0.60]
    method: GET
    uri: https://management.azure.com/subscriptions/00000000-0000-0000-0000-000000000000/resourceGroups/clitest_privatedns000001/providers/Microsoft.Network/privateDnsOperationStatuses/RnJvbnRFbmRBc3luY09wZXJhdGlvbjtVcHNlcnRQcml2YXRlRG5zWm9uZTs5MjUyYjNlYi05N2ZkLTQ0ODAtYmI3NS03N2MyMzljNWZjODQ=?api-version=2018-09-01
  response:
    body: {string: '{"status":"InProgress"}'}
    headers:
      azure-asyncoperation: ['https://management.azure.com:443/subscriptions/00000000-0000-0000-0000-000000000000/resourceGroups/clitest_privatedns000001/providers/Microsoft.Network/privateDnsOperationStatuses/RnJvbnRFbmRBc3luY09wZXJhdGlvbjtVcHNlcnRQcml2YXRlRG5zWm9uZTs5MjUyYjNlYi05N2ZkLTQ0ODAtYmI3NS03N2MyMzljNWZjODQ=?api-version=2018-09-01']
      cache-control: [private]
      content-length: ['23']
      content-type: [application/json; charset=utf-8]
      date: ['Fri, 01 Mar 2019 00:37:38 GMT']
      location: ['https://management.azure.com/subscriptions/00000000-0000-0000-0000-000000000000/resourceGroups/clitest_privatedns000001/providers/Microsoft.Network/privateDnsOperationResults/RnJvbnRFbmRBc3luY09wZXJhdGlvbjtVcHNlcnRQcml2YXRlRG5zWm9uZTs5MjUyYjNlYi05N2ZkLTQ0ODAtYmI3NS03N2MyMzljNWZjODQ=?api-version=2018-09-01']
      server: [Microsoft-IIS/10.0]
      strict-transport-security: [max-age=31536000; includeSubDomains]
      x-aspnet-version: [4.0.30319]
      x-content-type-options: [nosniff]
      x-ms-ratelimit-remaining-subscription-resource-requests: ['11982']
      x-powered-by: [ASP.NET]
    status: {code: 202, message: Accepted}
- request:
    body: null
    headers:
      Accept: [application/json]
      Accept-Encoding: ['gzip, deflate']
      CommandName: [network private-dns zone create]
      Connection: [keep-alive]
      ParameterSetName: [-g -n]
      User-Agent: [python/3.7.2 (Windows-10-10.0.17763-SP0) msrest/0.6.4 msrest_azure/0.4.34
          azure-mgmt-privatedns/0.1.0 Azure-SDK-For-Python AZURECLI/2.0.60]
    method: GET
    uri: https://management.azure.com/subscriptions/00000000-0000-0000-0000-000000000000/resourceGroups/clitest_privatedns000001/providers/Microsoft.Network/privateDnsOperationStatuses/RnJvbnRFbmRBc3luY09wZXJhdGlvbjtVcHNlcnRQcml2YXRlRG5zWm9uZTs5MjUyYjNlYi05N2ZkLTQ0ODAtYmI3NS03N2MyMzljNWZjODQ=?api-version=2018-09-01
  response:
    body: {string: '{"status":"InProgress"}'}
    headers:
      azure-asyncoperation: ['https://management.azure.com:443/subscriptions/00000000-0000-0000-0000-000000000000/resourceGroups/clitest_privatedns000001/providers/Microsoft.Network/privateDnsOperationStatuses/RnJvbnRFbmRBc3luY09wZXJhdGlvbjtVcHNlcnRQcml2YXRlRG5zWm9uZTs5MjUyYjNlYi05N2ZkLTQ0ODAtYmI3NS03N2MyMzljNWZjODQ=?api-version=2018-09-01']
      cache-control: [private]
      content-length: ['23']
      content-type: [application/json; charset=utf-8]
      date: ['Fri, 01 Mar 2019 00:37:41 GMT']
      location: ['https://management.azure.com/subscriptions/00000000-0000-0000-0000-000000000000/resourceGroups/clitest_privatedns000001/providers/Microsoft.Network/privateDnsOperationResults/RnJvbnRFbmRBc3luY09wZXJhdGlvbjtVcHNlcnRQcml2YXRlRG5zWm9uZTs5MjUyYjNlYi05N2ZkLTQ0ODAtYmI3NS03N2MyMzljNWZjODQ=?api-version=2018-09-01']
      server: [Microsoft-IIS/10.0]
      strict-transport-security: [max-age=31536000; includeSubDomains]
      x-aspnet-version: [4.0.30319]
      x-content-type-options: [nosniff]
      x-ms-ratelimit-remaining-subscription-resource-requests: ['11984']
      x-powered-by: [ASP.NET]
    status: {code: 202, message: Accepted}
- request:
    body: null
    headers:
      Accept: [application/json]
      Accept-Encoding: ['gzip, deflate']
      CommandName: [network private-dns zone create]
      Connection: [keep-alive]
      ParameterSetName: [-g -n]
      User-Agent: [python/3.7.2 (Windows-10-10.0.17763-SP0) msrest/0.6.4 msrest_azure/0.4.34
          azure-mgmt-privatedns/0.1.0 Azure-SDK-For-Python AZURECLI/2.0.60]
    method: GET
    uri: https://management.azure.com/subscriptions/00000000-0000-0000-0000-000000000000/resourceGroups/clitest_privatedns000001/providers/Microsoft.Network/privateDnsOperationStatuses/RnJvbnRFbmRBc3luY09wZXJhdGlvbjtVcHNlcnRQcml2YXRlRG5zWm9uZTs5MjUyYjNlYi05N2ZkLTQ0ODAtYmI3NS03N2MyMzljNWZjODQ=?api-version=2018-09-01
  response:
    body: {string: '{"status":"InProgress"}'}
    headers:
      azure-asyncoperation: ['https://management.azure.com:443/subscriptions/00000000-0000-0000-0000-000000000000/resourceGroups/clitest_privatedns000001/providers/Microsoft.Network/privateDnsOperationStatuses/RnJvbnRFbmRBc3luY09wZXJhdGlvbjtVcHNlcnRQcml2YXRlRG5zWm9uZTs5MjUyYjNlYi05N2ZkLTQ0ODAtYmI3NS03N2MyMzljNWZjODQ=?api-version=2018-09-01']
      cache-control: [private]
      content-length: ['23']
      content-type: [application/json; charset=utf-8]
      date: ['Fri, 01 Mar 2019 00:37:45 GMT']
      location: ['https://management.azure.com/subscriptions/00000000-0000-0000-0000-000000000000/resourceGroups/clitest_privatedns000001/providers/Microsoft.Network/privateDnsOperationResults/RnJvbnRFbmRBc3luY09wZXJhdGlvbjtVcHNlcnRQcml2YXRlRG5zWm9uZTs5MjUyYjNlYi05N2ZkLTQ0ODAtYmI3NS03N2MyMzljNWZjODQ=?api-version=2018-09-01']
      server: [Microsoft-IIS/10.0]
      strict-transport-security: [max-age=31536000; includeSubDomains]
      x-aspnet-version: [4.0.30319]
      x-content-type-options: [nosniff]
      x-ms-ratelimit-remaining-subscription-resource-requests: ['11988']
      x-powered-by: [ASP.NET]
    status: {code: 202, message: Accepted}
- request:
    body: null
    headers:
      Accept: [application/json]
      Accept-Encoding: ['gzip, deflate']
      CommandName: [network private-dns zone create]
      Connection: [keep-alive]
      ParameterSetName: [-g -n]
      User-Agent: [python/3.7.2 (Windows-10-10.0.17763-SP0) msrest/0.6.4 msrest_azure/0.4.34
          azure-mgmt-privatedns/0.1.0 Azure-SDK-For-Python AZURECLI/2.0.60]
    method: GET
    uri: https://management.azure.com/subscriptions/00000000-0000-0000-0000-000000000000/resourceGroups/clitest_privatedns000001/providers/Microsoft.Network/privateDnsOperationStatuses/RnJvbnRFbmRBc3luY09wZXJhdGlvbjtVcHNlcnRQcml2YXRlRG5zWm9uZTs5MjUyYjNlYi05N2ZkLTQ0ODAtYmI3NS03N2MyMzljNWZjODQ=?api-version=2018-09-01
  response:
    body: {string: '{"status":"InProgress"}'}
    headers:
      azure-asyncoperation: ['https://management.azure.com:443/subscriptions/00000000-0000-0000-0000-000000000000/resourceGroups/clitest_privatedns000001/providers/Microsoft.Network/privateDnsOperationStatuses/RnJvbnRFbmRBc3luY09wZXJhdGlvbjtVcHNlcnRQcml2YXRlRG5zWm9uZTs5MjUyYjNlYi05N2ZkLTQ0ODAtYmI3NS03N2MyMzljNWZjODQ=?api-version=2018-09-01']
      cache-control: [private]
      content-length: ['23']
      content-type: [application/json; charset=utf-8]
      date: ['Fri, 01 Mar 2019 00:37:48 GMT']
      location: ['https://management.azure.com/subscriptions/00000000-0000-0000-0000-000000000000/resourceGroups/clitest_privatedns000001/providers/Microsoft.Network/privateDnsOperationResults/RnJvbnRFbmRBc3luY09wZXJhdGlvbjtVcHNlcnRQcml2YXRlRG5zWm9uZTs5MjUyYjNlYi05N2ZkLTQ0ODAtYmI3NS03N2MyMzljNWZjODQ=?api-version=2018-09-01']
      server: [Microsoft-IIS/10.0]
      strict-transport-security: [max-age=31536000; includeSubDomains]
      x-aspnet-version: [4.0.30319]
      x-content-type-options: [nosniff]
      x-ms-ratelimit-remaining-subscription-resource-requests: ['11979']
      x-powered-by: [ASP.NET]
    status: {code: 202, message: Accepted}
- request:
    body: null
    headers:
      Accept: [application/json]
      Accept-Encoding: ['gzip, deflate']
      CommandName: [network private-dns zone create]
      Connection: [keep-alive]
      ParameterSetName: [-g -n]
      User-Agent: [python/3.7.2 (Windows-10-10.0.17763-SP0) msrest/0.6.4 msrest_azure/0.4.34
          azure-mgmt-privatedns/0.1.0 Azure-SDK-For-Python AZURECLI/2.0.60]
    method: GET
    uri: https://management.azure.com/subscriptions/00000000-0000-0000-0000-000000000000/resourceGroups/clitest_privatedns000001/providers/Microsoft.Network/privateDnsOperationStatuses/RnJvbnRFbmRBc3luY09wZXJhdGlvbjtVcHNlcnRQcml2YXRlRG5zWm9uZTs5MjUyYjNlYi05N2ZkLTQ0ODAtYmI3NS03N2MyMzljNWZjODQ=?api-version=2018-09-01
  response:
    body: {string: '{"status":"InProgress"}'}
    headers:
      azure-asyncoperation: ['https://management.azure.com:443/subscriptions/00000000-0000-0000-0000-000000000000/resourceGroups/clitest_privatedns000001/providers/Microsoft.Network/privateDnsOperationStatuses/RnJvbnRFbmRBc3luY09wZXJhdGlvbjtVcHNlcnRQcml2YXRlRG5zWm9uZTs5MjUyYjNlYi05N2ZkLTQ0ODAtYmI3NS03N2MyMzljNWZjODQ=?api-version=2018-09-01']
      cache-control: [private]
      content-length: ['23']
      content-type: [application/json; charset=utf-8]
      date: ['Fri, 01 Mar 2019 00:37:52 GMT']
      location: ['https://management.azure.com/subscriptions/00000000-0000-0000-0000-000000000000/resourceGroups/clitest_privatedns000001/providers/Microsoft.Network/privateDnsOperationResults/RnJvbnRFbmRBc3luY09wZXJhdGlvbjtVcHNlcnRQcml2YXRlRG5zWm9uZTs5MjUyYjNlYi05N2ZkLTQ0ODAtYmI3NS03N2MyMzljNWZjODQ=?api-version=2018-09-01']
      server: [Microsoft-IIS/10.0]
      strict-transport-security: [max-age=31536000; includeSubDomains]
      x-aspnet-version: [4.0.30319]
      x-content-type-options: [nosniff]
      x-ms-ratelimit-remaining-subscription-resource-requests: ['11989']
      x-powered-by: [ASP.NET]
    status: {code: 202, message: Accepted}
- request:
    body: null
    headers:
      Accept: [application/json]
      Accept-Encoding: ['gzip, deflate']
      CommandName: [network private-dns zone create]
      Connection: [keep-alive]
      ParameterSetName: [-g -n]
      User-Agent: [python/3.7.2 (Windows-10-10.0.17763-SP0) msrest/0.6.4 msrest_azure/0.4.34
          azure-mgmt-privatedns/0.1.0 Azure-SDK-For-Python AZURECLI/2.0.60]
    method: GET
    uri: https://management.azure.com/subscriptions/00000000-0000-0000-0000-000000000000/resourceGroups/clitest_privatedns000001/providers/Microsoft.Network/privateDnsOperationStatuses/RnJvbnRFbmRBc3luY09wZXJhdGlvbjtVcHNlcnRQcml2YXRlRG5zWm9uZTs5MjUyYjNlYi05N2ZkLTQ0ODAtYmI3NS03N2MyMzljNWZjODQ=?api-version=2018-09-01
  response:
    body: {string: '{"status":"InProgress"}'}
    headers:
      azure-asyncoperation: ['https://management.azure.com:443/subscriptions/00000000-0000-0000-0000-000000000000/resourceGroups/clitest_privatedns000001/providers/Microsoft.Network/privateDnsOperationStatuses/RnJvbnRFbmRBc3luY09wZXJhdGlvbjtVcHNlcnRQcml2YXRlRG5zWm9uZTs5MjUyYjNlYi05N2ZkLTQ0ODAtYmI3NS03N2MyMzljNWZjODQ=?api-version=2018-09-01']
      cache-control: [private]
      content-length: ['23']
      content-type: [application/json; charset=utf-8]
      date: ['Fri, 01 Mar 2019 00:37:56 GMT']
      location: ['https://management.azure.com/subscriptions/00000000-0000-0000-0000-000000000000/resourceGroups/clitest_privatedns000001/providers/Microsoft.Network/privateDnsOperationResults/RnJvbnRFbmRBc3luY09wZXJhdGlvbjtVcHNlcnRQcml2YXRlRG5zWm9uZTs5MjUyYjNlYi05N2ZkLTQ0ODAtYmI3NS03N2MyMzljNWZjODQ=?api-version=2018-09-01']
      server: [Microsoft-IIS/10.0]
      strict-transport-security: [max-age=31536000; includeSubDomains]
      x-aspnet-version: [4.0.30319]
      x-content-type-options: [nosniff]
      x-ms-ratelimit-remaining-subscription-resource-requests: ['11987']
      x-powered-by: [ASP.NET]
    status: {code: 202, message: Accepted}
- request:
    body: null
    headers:
      Accept: [application/json]
      Accept-Encoding: ['gzip, deflate']
      CommandName: [network private-dns zone create]
      Connection: [keep-alive]
      ParameterSetName: [-g -n]
      User-Agent: [python/3.7.2 (Windows-10-10.0.17763-SP0) msrest/0.6.4 msrest_azure/0.4.34
          azure-mgmt-privatedns/0.1.0 Azure-SDK-For-Python AZURECLI/2.0.60]
    method: GET
    uri: https://management.azure.com/subscriptions/00000000-0000-0000-0000-000000000000/resourceGroups/clitest_privatedns000001/providers/Microsoft.Network/privateDnsOperationStatuses/RnJvbnRFbmRBc3luY09wZXJhdGlvbjtVcHNlcnRQcml2YXRlRG5zWm9uZTs5MjUyYjNlYi05N2ZkLTQ0ODAtYmI3NS03N2MyMzljNWZjODQ=?api-version=2018-09-01
  response:
    body: {string: '{"status":"InProgress"}'}
    headers:
      azure-asyncoperation: ['https://management.azure.com:443/subscriptions/00000000-0000-0000-0000-000000000000/resourceGroups/clitest_privatedns000001/providers/Microsoft.Network/privateDnsOperationStatuses/RnJvbnRFbmRBc3luY09wZXJhdGlvbjtVcHNlcnRQcml2YXRlRG5zWm9uZTs5MjUyYjNlYi05N2ZkLTQ0ODAtYmI3NS03N2MyMzljNWZjODQ=?api-version=2018-09-01']
      cache-control: [private]
      content-length: ['23']
      content-type: [application/json; charset=utf-8]
      date: ['Fri, 01 Mar 2019 00:37:59 GMT']
      location: ['https://management.azure.com/subscriptions/00000000-0000-0000-0000-000000000000/resourceGroups/clitest_privatedns000001/providers/Microsoft.Network/privateDnsOperationResults/RnJvbnRFbmRBc3luY09wZXJhdGlvbjtVcHNlcnRQcml2YXRlRG5zWm9uZTs5MjUyYjNlYi05N2ZkLTQ0ODAtYmI3NS03N2MyMzljNWZjODQ=?api-version=2018-09-01']
      server: [Microsoft-IIS/10.0]
      strict-transport-security: [max-age=31536000; includeSubDomains]
      x-aspnet-version: [4.0.30319]
      x-content-type-options: [nosniff]
      x-ms-ratelimit-remaining-subscription-resource-requests: ['11977']
      x-powered-by: [ASP.NET]
    status: {code: 202, message: Accepted}
- request:
    body: null
    headers:
      Accept: [application/json]
      Accept-Encoding: ['gzip, deflate']
      CommandName: [network private-dns zone create]
      Connection: [keep-alive]
      ParameterSetName: [-g -n]
      User-Agent: [python/3.7.2 (Windows-10-10.0.17763-SP0) msrest/0.6.4 msrest_azure/0.4.34
          azure-mgmt-privatedns/0.1.0 Azure-SDK-For-Python AZURECLI/2.0.60]
    method: GET
    uri: https://management.azure.com/subscriptions/00000000-0000-0000-0000-000000000000/resourceGroups/clitest_privatedns000001/providers/Microsoft.Network/privateDnsOperationStatuses/RnJvbnRFbmRBc3luY09wZXJhdGlvbjtVcHNlcnRQcml2YXRlRG5zWm9uZTs5MjUyYjNlYi05N2ZkLTQ0ODAtYmI3NS03N2MyMzljNWZjODQ=?api-version=2018-09-01
  response:
    body: {string: '{"status":"InProgress"}'}
    headers:
      azure-asyncoperation: ['https://management.azure.com:443/subscriptions/00000000-0000-0000-0000-000000000000/resourceGroups/clitest_privatedns000001/providers/Microsoft.Network/privateDnsOperationStatuses/RnJvbnRFbmRBc3luY09wZXJhdGlvbjtVcHNlcnRQcml2YXRlRG5zWm9uZTs5MjUyYjNlYi05N2ZkLTQ0ODAtYmI3NS03N2MyMzljNWZjODQ=?api-version=2018-09-01']
      cache-control: [private]
      content-length: ['23']
      content-type: [application/json; charset=utf-8]
      date: ['Fri, 01 Mar 2019 00:38:02 GMT']
      location: ['https://management.azure.com/subscriptions/00000000-0000-0000-0000-000000000000/resourceGroups/clitest_privatedns000001/providers/Microsoft.Network/privateDnsOperationResults/RnJvbnRFbmRBc3luY09wZXJhdGlvbjtVcHNlcnRQcml2YXRlRG5zWm9uZTs5MjUyYjNlYi05N2ZkLTQ0ODAtYmI3NS03N2MyMzljNWZjODQ=?api-version=2018-09-01']
      server: [Microsoft-IIS/10.0]
      strict-transport-security: [max-age=31536000; includeSubDomains]
      x-aspnet-version: [4.0.30319]
      x-content-type-options: [nosniff]
      x-ms-ratelimit-remaining-subscription-resource-requests: ['11991']
      x-powered-by: [ASP.NET]
    status: {code: 202, message: Accepted}
- request:
    body: null
    headers:
      Accept: [application/json]
      Accept-Encoding: ['gzip, deflate']
      CommandName: [network private-dns zone create]
      Connection: [keep-alive]
      ParameterSetName: [-g -n]
      User-Agent: [python/3.7.2 (Windows-10-10.0.17763-SP0) msrest/0.6.4 msrest_azure/0.4.34
          azure-mgmt-privatedns/0.1.0 Azure-SDK-For-Python AZURECLI/2.0.60]
    method: GET
    uri: https://management.azure.com/subscriptions/00000000-0000-0000-0000-000000000000/resourceGroups/clitest_privatedns000001/providers/Microsoft.Network/privateDnsOperationStatuses/RnJvbnRFbmRBc3luY09wZXJhdGlvbjtVcHNlcnRQcml2YXRlRG5zWm9uZTs5MjUyYjNlYi05N2ZkLTQ0ODAtYmI3NS03N2MyMzljNWZjODQ=?api-version=2018-09-01
  response:
    body: {string: '{"status":"Succeeded"}'}
    headers:
      cache-control: [private]
      content-length: ['22']
      content-type: [application/json; charset=utf-8]
      date: ['Fri, 01 Mar 2019 00:38:05 GMT']
      server: [Microsoft-IIS/10.0]
      strict-transport-security: [max-age=31536000; includeSubDomains]
      transfer-encoding: [chunked]
      vary: [Accept-Encoding]
      x-aspnet-version: [4.0.30319]
      x-content-type-options: [nosniff]
      x-ms-ratelimit-remaining-subscription-resource-requests: ['11981']
      x-powered-by: [ASP.NET]
    status: {code: 200, message: OK}
- request:
    body: null
    headers:
      Accept: [application/json]
      Accept-Encoding: ['gzip, deflate']
      CommandName: [network private-dns zone create]
      Connection: [keep-alive]
      ParameterSetName: [-g -n]
      User-Agent: [python/3.7.2 (Windows-10-10.0.17763-SP0) msrest/0.6.4 msrest_azure/0.4.34
          azure-mgmt-privatedns/0.1.0 Azure-SDK-For-Python AZURECLI/2.0.60]
    method: GET
    uri: https://management.azure.com/subscriptions/00000000-0000-0000-0000-000000000000/resourceGroups/clitest_privatedns000001/providers/Microsoft.Network/privateDnsZones/clitest.privatedns.com000002?api-version=2018-09-01
  response:
    body: {string: '{"id":"\/subscriptions\/9e900494-c413-45af-bd52-0afe6ac97b06\/resourceGroups\/clitest_privatedns000001\/providers\/Microsoft.Network\/privateDnsZones\/clitest.privatedns.com000002","name":"clitest.privatedns.com000002","type":"Microsoft.Network\/privateDnsZones","etag":"b394319b-23e3-47a8-9494-707baf97239f","location":"global","properties":{"maxNumberOfRecordSets":5000,"maxNumberOfVirtualNetworkLinks":10,"maxNumberOfVirtualNetworkLinksWithRegistration":1,"numberOfRecordSets":1,"numberOfVirtualNetworkLinks":0,"numberOfVirtualNetworkLinksWithRegistration":0,"provisioningState":"Succeeded"}}'}
    headers:
      cache-control: [private]
      content-length: ['660']
      content-type: [application/json; charset=utf-8]
      date: ['Fri, 01 Mar 2019 00:38:07 GMT']
      etag: [b394319b-23e3-47a8-9494-707baf97239f]
      server: [Microsoft-IIS/10.0]
      strict-transport-security: [max-age=31536000; includeSubDomains]
      transfer-encoding: [chunked]
      vary: [Accept-Encoding]
      x-aspnet-version: [4.0.30319]
      x-content-type-options: [nosniff]
      x-ms-ratelimit-remaining-subscription-resource-requests: ['11999']
      x-powered-by: [ASP.NET]
    status: {code: 200, message: OK}
- request:
    body: '{"properties": {"ttl": 3600}}'
    headers:
      Accept: [application/json]
      Accept-Encoding: ['gzip, deflate']
      CommandName: [network private-dns record-set a create]
      Connection: [keep-alive]
      Content-Length: ['29']
      Content-Type: [application/json; charset=utf-8]
      If-None-Match: ['*']
      ParameterSetName: [-g -n -z]
      User-Agent: [python/3.7.2 (Windows-10-10.0.17763-SP0) msrest/0.6.4 msrest_azure/0.4.34
          azure-mgmt-privatedns/0.1.0 Azure-SDK-For-Python AZURECLI/2.0.60]
      accept-language: [en-US]
    method: PUT
    uri: https://management.azure.com/subscriptions/00000000-0000-0000-0000-000000000000/resourceGroups/clitest_privatedns000001/providers/Microsoft.Network/privateDnsZones/clitest.privatedns.com000002/A/clitestprivatednsrecordset000003?api-version=2018-09-01
  response:
    body: {string: '{"id":"\/subscriptions\/9e900494-c413-45af-bd52-0afe6ac97b06\/resourceGroups\/clitest_privatedns000001\/providers\/Microsoft.Network\/privateDnsZones\/clitest.privatedns.com000002\/A\/clitestprivatednsrecordset000003","name":"clitestprivatednsrecordset000003","type":"Microsoft.Network\/privateDnsZones\/A","etag":"89b41aa0-c9f7-4c29-b4b3-d157d056a8d6","properties":{"fqdn":"clitestprivatednsrecordset000003.clitest.privatedns.com000002.","ttl":3600,"aRecords":[]}}'}
    headers:
      cache-control: [private]
      content-length: ['539']
      content-type: [application/json; charset=utf-8]
      date: ['Fri, 01 Mar 2019 00:38:08 GMT']
      etag: [89b41aa0-c9f7-4c29-b4b3-d157d056a8d6]
      server: [Microsoft-IIS/10.0]
      strict-transport-security: [max-age=31536000; includeSubDomains]
      x-aspnet-version: [4.0.30319]
      x-content-type-options: [nosniff]
      x-ms-ratelimit-remaining-subscription-resource-requests: ['11998']
      x-powered-by: [ASP.NET]
    status: {code: 201, message: Created}
- request:
    body: null
    headers:
      Accept: [application/json]
      Accept-Encoding: ['gzip, deflate']
      CommandName: [network private-dns record-set a add-record]
      Connection: [keep-alive]
      ParameterSetName: [-g -n -z -a]
      User-Agent: [python/3.7.2 (Windows-10-10.0.17763-SP0) msrest/0.6.4 msrest_azure/0.4.34
          azure-mgmt-privatedns/0.1.0 Azure-SDK-For-Python AZURECLI/2.0.60]
      accept-language: [en-US]
    method: GET
    uri: https://management.azure.com/subscriptions/00000000-0000-0000-0000-000000000000/resourceGroups/clitest_privatedns000001/providers/Microsoft.Network/privateDnsZones/clitest.privatedns.com000002/A/clitestprivatednsrecordset000003?api-version=2018-09-01
  response:
    body: {string: '{"id":"\/subscriptions\/9e900494-c413-45af-bd52-0afe6ac97b06\/resourceGroups\/clitest_privatedns000001\/providers\/Microsoft.Network\/privateDnsZones\/clitest.privatedns.com000002\/A\/clitestprivatednsrecordset000003","name":"clitestprivatednsrecordset000003","type":"Microsoft.Network\/privateDnsZones\/A","etag":"89b41aa0-c9f7-4c29-b4b3-d157d056a8d6","properties":{"fqdn":"clitestprivatednsrecordset000003.clitest.privatedns.com000002.","ttl":3600,"aRecords":[]}}'}
    headers:
      cache-control: [private]
      content-length: ['539']
      content-type: [application/json; charset=utf-8]
      date: ['Fri, 01 Mar 2019 00:38:09 GMT']
      etag: [89b41aa0-c9f7-4c29-b4b3-d157d056a8d6]
      server: [Microsoft-IIS/10.0]
      strict-transport-security: [max-age=31536000; includeSubDomains]
      transfer-encoding: [chunked]
      vary: [Accept-Encoding]
      x-aspnet-version: [4.0.30319]
      x-content-type-options: [nosniff]
      x-ms-ratelimit-remaining-subscription-resource-requests: ['11999']
      x-powered-by: [ASP.NET]
    status: {code: 200, message: OK}
- request:
    body: '{"etag": "89b41aa0-c9f7-4c29-b4b3-d157d056a8d6", "properties": {"ttl":
      3600, "aRecords": [{"ipv4Address": "10.0.0.1"}]}}'
    headers:
      Accept: [application/json]
      Accept-Encoding: ['gzip, deflate']
      CommandName: [network private-dns record-set a add-record]
      Connection: [keep-alive]
      Content-Length: ['120']
      Content-Type: [application/json; charset=utf-8]
      ParameterSetName: [-g -n -z -a]
      User-Agent: [python/3.7.2 (Windows-10-10.0.17763-SP0) msrest/0.6.4 msrest_azure/0.4.34
          azure-mgmt-privatedns/0.1.0 Azure-SDK-For-Python AZURECLI/2.0.60]
      accept-language: [en-US]
    method: PUT
    uri: https://management.azure.com/subscriptions/00000000-0000-0000-0000-000000000000/resourceGroups/clitest_privatedns000001/providers/Microsoft.Network/privateDnsZones/clitest.privatedns.com000002/A/clitestprivatednsrecordset000003?api-version=2018-09-01
  response:
    body: {string: '{"id":"\/subscriptions\/9e900494-c413-45af-bd52-0afe6ac97b06\/resourceGroups\/clitest_privatedns000001\/providers\/Microsoft.Network\/privateDnsZones\/clitest.privatedns.com000002\/A\/clitestprivatednsrecordset000003","name":"clitestprivatednsrecordset000003","type":"Microsoft.Network\/privateDnsZones\/A","etag":"a15723a6-e37e-48e2-b502-9a4064dc9ec6","properties":{"fqdn":"clitestprivatednsrecordset000003.clitest.privatedns.com000002.","ttl":3600,"aRecords":[{"ipv4Address":"10.0.0.1"}]}}'}
    headers:
      cache-control: [private]
      content-length: ['565']
      content-type: [application/json; charset=utf-8]
      date: ['Fri, 01 Mar 2019 00:38:10 GMT']
      etag: [a15723a6-e37e-48e2-b502-9a4064dc9ec6]
      server: [Microsoft-IIS/10.0]
      strict-transport-security: [max-age=31536000; includeSubDomains]
      transfer-encoding: [chunked]
      vary: [Accept-Encoding]
      x-aspnet-version: [4.0.30319]
      x-content-type-options: [nosniff]
      x-ms-ratelimit-remaining-subscription-resource-requests: ['11999']
      x-powered-by: [ASP.NET]
    status: {code: 200, message: OK}
- request:
    body: '{"properties": {"ttl": 3600}}'
    headers:
      Accept: [application/json]
      Accept-Encoding: ['gzip, deflate']
      CommandName: [network private-dns record-set aaaa create]
      Connection: [keep-alive]
      Content-Length: ['29']
      Content-Type: [application/json; charset=utf-8]
      If-None-Match: ['*']
      ParameterSetName: [-g -n -z]
      User-Agent: [python/3.7.2 (Windows-10-10.0.17763-SP0) msrest/0.6.4 msrest_azure/0.4.34
          azure-mgmt-privatedns/0.1.0 Azure-SDK-For-Python AZURECLI/2.0.60]
      accept-language: [en-US]
    method: PUT
    uri: https://management.azure.com/subscriptions/00000000-0000-0000-0000-000000000000/resourceGroups/clitest_privatedns000001/providers/Microsoft.Network/privateDnsZones/clitest.privatedns.com000002/AAAA/clitestprivatednsrecordset000004?api-version=2018-09-01
  response:
    body: {string: '{"id":"\/subscriptions\/9e900494-c413-45af-bd52-0afe6ac97b06\/resourceGroups\/clitest_privatedns000001\/providers\/Microsoft.Network\/privateDnsZones\/clitest.privatedns.com000002\/AAAA\/clitestprivatednsrecordset000004","name":"clitestprivatednsrecordset000004","type":"Microsoft.Network\/privateDnsZones\/AAAA","etag":"4e27910c-3f7a-417b-b9c5-acbaf404d130","properties":{"fqdn":"clitestprivatednsrecordset000004.clitest.privatedns.com000002.","ttl":3600,"aaaaRecords":[]}}'}
    headers:
      cache-control: [private]
      content-length: ['548']
      content-type: [application/json; charset=utf-8]
      date: ['Fri, 01 Mar 2019 00:38:12 GMT']
      etag: [4e27910c-3f7a-417b-b9c5-acbaf404d130]
      server: [Microsoft-IIS/10.0]
      strict-transport-security: [max-age=31536000; includeSubDomains]
      x-aspnet-version: [4.0.30319]
      x-content-type-options: [nosniff]
      x-ms-ratelimit-remaining-subscription-resource-requests: ['11999']
      x-powered-by: [ASP.NET]
    status: {code: 201, message: Created}
- request:
    body: null
    headers:
      Accept: [application/json]
      Accept-Encoding: ['gzip, deflate']
      CommandName: [network private-dns record-set aaaa add-record]
      Connection: [keep-alive]
      ParameterSetName: [-g -n -z -a]
      User-Agent: [python/3.7.2 (Windows-10-10.0.17763-SP0) msrest/0.6.4 msrest_azure/0.4.34
          azure-mgmt-privatedns/0.1.0 Azure-SDK-For-Python AZURECLI/2.0.60]
      accept-language: [en-US]
    method: GET
    uri: https://management.azure.com/subscriptions/00000000-0000-0000-0000-000000000000/resourceGroups/clitest_privatedns000001/providers/Microsoft.Network/privateDnsZones/clitest.privatedns.com000002/AAAA/clitestprivatednsrecordset000004?api-version=2018-09-01
  response:
    body: {string: '{"id":"\/subscriptions\/9e900494-c413-45af-bd52-0afe6ac97b06\/resourceGroups\/clitest_privatedns000001\/providers\/Microsoft.Network\/privateDnsZones\/clitest.privatedns.com000002\/AAAA\/clitestprivatednsrecordset000004","name":"clitestprivatednsrecordset000004","type":"Microsoft.Network\/privateDnsZones\/AAAA","etag":"4e27910c-3f7a-417b-b9c5-acbaf404d130","properties":{"fqdn":"clitestprivatednsrecordset000004.clitest.privatedns.com000002.","ttl":3600,"aaaaRecords":[]}}'}
    headers:
      cache-control: [private]
      content-length: ['548']
      content-type: [application/json; charset=utf-8]
      date: ['Fri, 01 Mar 2019 00:38:13 GMT']
      etag: [4e27910c-3f7a-417b-b9c5-acbaf404d130]
      server: [Microsoft-IIS/10.0]
      strict-transport-security: [max-age=31536000; includeSubDomains]
      transfer-encoding: [chunked]
      vary: [Accept-Encoding]
      x-aspnet-version: [4.0.30319]
      x-content-type-options: [nosniff]
      x-ms-ratelimit-remaining-subscription-resource-requests: ['11999']
      x-powered-by: [ASP.NET]
    status: {code: 200, message: OK}
- request:
    body: '{"etag": "4e27910c-3f7a-417b-b9c5-acbaf404d130", "properties": {"ttl":
      3600, "aaaaRecords": [{"ipv6Address": "::1"}]}}'
    headers:
      Accept: [application/json]
      Accept-Encoding: ['gzip, deflate']
      CommandName: [network private-dns record-set aaaa add-record]
      Connection: [keep-alive]
      Content-Length: ['118']
      Content-Type: [application/json; charset=utf-8]
      ParameterSetName: [-g -n -z -a]
      User-Agent: [python/3.7.2 (Windows-10-10.0.17763-SP0) msrest/0.6.4 msrest_azure/0.4.34
          azure-mgmt-privatedns/0.1.0 Azure-SDK-For-Python AZURECLI/2.0.60]
      accept-language: [en-US]
    method: PUT
    uri: https://management.azure.com/subscriptions/00000000-0000-0000-0000-000000000000/resourceGroups/clitest_privatedns000001/providers/Microsoft.Network/privateDnsZones/clitest.privatedns.com000002/AAAA/clitestprivatednsrecordset000004?api-version=2018-09-01
  response:
    body: {string: '{"id":"\/subscriptions\/9e900494-c413-45af-bd52-0afe6ac97b06\/resourceGroups\/clitest_privatedns000001\/providers\/Microsoft.Network\/privateDnsZones\/clitest.privatedns.com000002\/AAAA\/clitestprivatednsrecordset000004","name":"clitestprivatednsrecordset000004","type":"Microsoft.Network\/privateDnsZones\/AAAA","etag":"3698bd71-8f48-42e3-8ded-8eee493180ca","properties":{"fqdn":"clitestprivatednsrecordset000004.clitest.privatedns.com000002.","ttl":3600,"aaaaRecords":[{"ipv6Address":"::1"}]}}'}
    headers:
      cache-control: [private]
      content-length: ['569']
      content-type: [application/json; charset=utf-8]
      date: ['Fri, 01 Mar 2019 00:38:15 GMT']
      etag: [3698bd71-8f48-42e3-8ded-8eee493180ca]
      server: [Microsoft-IIS/10.0]
      strict-transport-security: [max-age=31536000; includeSubDomains]
      transfer-encoding: [chunked]
      vary: [Accept-Encoding]
      x-aspnet-version: [4.0.30319]
      x-content-type-options: [nosniff]
      x-ms-ratelimit-remaining-subscription-resource-requests: ['11999']
      x-powered-by: [ASP.NET]
    status: {code: 200, message: OK}
- request:
    body: '{"properties": {"ttl": 3600}}'
    headers:
      Accept: [application/json]
      Accept-Encoding: ['gzip, deflate']
      CommandName: [network private-dns record-set txt create]
      Connection: [keep-alive]
      Content-Length: ['29']
      Content-Type: [application/json; charset=utf-8]
      If-None-Match: ['*']
      ParameterSetName: [-g -n -z]
      User-Agent: [python/3.7.2 (Windows-10-10.0.17763-SP0) msrest/0.6.4 msrest_azure/0.4.34
          azure-mgmt-privatedns/0.1.0 Azure-SDK-For-Python AZURECLI/2.0.60]
      accept-language: [en-US]
    method: PUT
    uri: https://management.azure.com/subscriptions/00000000-0000-0000-0000-000000000000/resourceGroups/clitest_privatedns000001/providers/Microsoft.Network/privateDnsZones/clitest.privatedns.com000002/TXT/clitestprivatednsrecordset000005?api-version=2018-09-01
  response:
    body: {string: '{"id":"\/subscriptions\/9e900494-c413-45af-bd52-0afe6ac97b06\/resourceGroups\/clitest_privatedns000001\/providers\/Microsoft.Network\/privateDnsZones\/clitest.privatedns.com000002\/TXT\/clitestprivatednsrecordset000005","name":"clitestprivatednsrecordset000005","type":"Microsoft.Network\/privateDnsZones\/TXT","etag":"997f3b79-2ca5-418b-acb3-01690675a681","properties":{"fqdn":"clitestprivatednsrecordset000005.clitest.privatedns.com000002.","ttl":3600,"txtRecords":[]}}'}
    headers:
      cache-control: [private]
      content-length: ['545']
      content-type: [application/json; charset=utf-8]
      date: ['Fri, 01 Mar 2019 00:38:16 GMT']
      etag: [997f3b79-2ca5-418b-acb3-01690675a681]
      server: [Microsoft-IIS/10.0]
      strict-transport-security: [max-age=31536000; includeSubDomains]
      x-aspnet-version: [4.0.30319]
      x-content-type-options: [nosniff]
      x-ms-ratelimit-remaining-subscription-resource-requests: ['11999']
      x-powered-by: [ASP.NET]
    status: {code: 201, message: Created}
- request:
    body: null
    headers:
      Accept: [application/json]
      Accept-Encoding: ['gzip, deflate']
      CommandName: [network private-dns record-set txt add-record]
      Connection: [keep-alive]
      ParameterSetName: [-g -n -z -v]
      User-Agent: [python/3.7.2 (Windows-10-10.0.17763-SP0) msrest/0.6.4 msrest_azure/0.4.34
          azure-mgmt-privatedns/0.1.0 Azure-SDK-For-Python AZURECLI/2.0.60]
      accept-language: [en-US]
    method: GET
    uri: https://management.azure.com/subscriptions/00000000-0000-0000-0000-000000000000/resourceGroups/clitest_privatedns000001/providers/Microsoft.Network/privateDnsZones/clitest.privatedns.com000002/TXT/clitestprivatednsrecordset000005?api-version=2018-09-01
  response:
    body: {string: '{"id":"\/subscriptions\/9e900494-c413-45af-bd52-0afe6ac97b06\/resourceGroups\/clitest_privatedns000001\/providers\/Microsoft.Network\/privateDnsZones\/clitest.privatedns.com000002\/TXT\/clitestprivatednsrecordset000005","name":"clitestprivatednsrecordset000005","type":"Microsoft.Network\/privateDnsZones\/TXT","etag":"997f3b79-2ca5-418b-acb3-01690675a681","properties":{"fqdn":"clitestprivatednsrecordset000005.clitest.privatedns.com000002.","ttl":3600,"txtRecords":[]}}'}
    headers:
      cache-control: [private]
      content-length: ['545']
      content-type: [application/json; charset=utf-8]
      date: ['Fri, 01 Mar 2019 00:38:17 GMT']
      etag: [997f3b79-2ca5-418b-acb3-01690675a681]
      server: [Microsoft-IIS/10.0]
      strict-transport-security: [max-age=31536000; includeSubDomains]
      transfer-encoding: [chunked]
      vary: [Accept-Encoding]
      x-aspnet-version: [4.0.30319]
      x-content-type-options: [nosniff]
      x-ms-ratelimit-remaining-subscription-resource-requests: ['11999']
      x-powered-by: [ASP.NET]
    status: {code: 200, message: OK}
- request:
    body: '{"etag": "997f3b79-2ca5-418b-acb3-01690675a681", "properties": {"ttl":
      3600, "txtRecords": [{"value": ["txt record"]}]}}'
    headers:
      Accept: [application/json]
      Accept-Encoding: ['gzip, deflate']
      CommandName: [network private-dns record-set txt add-record]
      Connection: [keep-alive]
      Content-Length: ['120']
      Content-Type: [application/json; charset=utf-8]
      ParameterSetName: [-g -n -z -v]
      User-Agent: [python/3.7.2 (Windows-10-10.0.17763-SP0) msrest/0.6.4 msrest_azure/0.4.34
          azure-mgmt-privatedns/0.1.0 Azure-SDK-For-Python AZURECLI/2.0.60]
      accept-language: [en-US]
    method: PUT
    uri: https://management.azure.com/subscriptions/00000000-0000-0000-0000-000000000000/resourceGroups/clitest_privatedns000001/providers/Microsoft.Network/privateDnsZones/clitest.privatedns.com000002/TXT/clitestprivatednsrecordset000005?api-version=2018-09-01
  response:
    body: {string: '{"id":"\/subscriptions\/9e900494-c413-45af-bd52-0afe6ac97b06\/resourceGroups\/clitest_privatedns000001\/providers\/Microsoft.Network\/privateDnsZones\/clitest.privatedns.com000002\/TXT\/clitestprivatednsrecordset000005","name":"clitestprivatednsrecordset000005","type":"Microsoft.Network\/privateDnsZones\/TXT","etag":"1bdc7163-1106-4135-9f06-d4d6d450f105","properties":{"fqdn":"clitestprivatednsrecordset000005.clitest.privatedns.com000002.","ttl":3600,"txtRecords":[{"value":["txt
        record"]}]}}'}
    headers:
      cache-control: [private]
      content-length: ['569']
      content-type: [application/json; charset=utf-8]
      date: ['Fri, 01 Mar 2019 00:38:18 GMT']
      etag: [1bdc7163-1106-4135-9f06-d4d6d450f105]
      server: [Microsoft-IIS/10.0]
      strict-transport-security: [max-age=31536000; includeSubDomains]
      transfer-encoding: [chunked]
      vary: [Accept-Encoding]
      x-aspnet-version: [4.0.30319]
      x-content-type-options: [nosniff]
      x-ms-ratelimit-remaining-subscription-resource-requests: ['11999']
      x-powered-by: [ASP.NET]
    status: {code: 200, message: OK}
- request:
    body: '{"properties": {"ttl": 3600}}'
    headers:
      Accept: [application/json]
      Accept-Encoding: ['gzip, deflate']
      CommandName: [network private-dns record-set cname create]
      Connection: [keep-alive]
      Content-Length: ['29']
      Content-Type: [application/json; charset=utf-8]
      If-None-Match: ['*']
      ParameterSetName: [-g -n -z]
      User-Agent: [python/3.7.2 (Windows-10-10.0.17763-SP0) msrest/0.6.4 msrest_azure/0.4.34
          azure-mgmt-privatedns/0.1.0 Azure-SDK-For-Python AZURECLI/2.0.60]
      accept-language: [en-US]
    method: PUT
    uri: https://management.azure.com/subscriptions/00000000-0000-0000-0000-000000000000/resourceGroups/clitest_privatedns000001/providers/Microsoft.Network/privateDnsZones/clitest.privatedns.com000002/CNAME/clitestprivatednsrecordset000006?api-version=2018-09-01
  response:
    body: {string: '{"id":"\/subscriptions\/9e900494-c413-45af-bd52-0afe6ac97b06\/resourceGroups\/clitest_privatedns000001\/providers\/Microsoft.Network\/privateDnsZones\/clitest.privatedns.com000002\/CNAME\/clitestprivatednsrecordset000006","name":"clitestprivatednsrecordset000006","type":"Microsoft.Network\/privateDnsZones\/CNAME","etag":"a1d12f14-5e34-4f1e-b3c4-f7ea4e5e3840","properties":{"fqdn":"clitestprivatednsrecordset000006.clitest.privatedns.com000002.","ttl":3600}}'}
    headers:
      cache-control: [private]
      content-length: ['533']
      content-type: [application/json; charset=utf-8]
      date: ['Fri, 01 Mar 2019 00:38:20 GMT']
      etag: [a1d12f14-5e34-4f1e-b3c4-f7ea4e5e3840]
      server: [Microsoft-IIS/10.0]
      strict-transport-security: [max-age=31536000; includeSubDomains]
      x-aspnet-version: [4.0.30319]
      x-content-type-options: [nosniff]
      x-ms-ratelimit-remaining-subscription-resource-requests: ['11999']
      x-powered-by: [ASP.NET]
    status: {code: 201, message: Created}
- request:
    body: null
    headers:
      Accept: [application/json]
      Accept-Encoding: ['gzip, deflate']
      CommandName: [network private-dns record-set cname set-record]
      Connection: [keep-alive]
      ParameterSetName: [-g -n -z -c]
      User-Agent: [python/3.7.2 (Windows-10-10.0.17763-SP0) msrest/0.6.4 msrest_azure/0.4.34
          azure-mgmt-privatedns/0.1.0 Azure-SDK-For-Python AZURECLI/2.0.60]
      accept-language: [en-US]
    method: GET
    uri: https://management.azure.com/subscriptions/00000000-0000-0000-0000-000000000000/resourceGroups/clitest_privatedns000001/providers/Microsoft.Network/privateDnsZones/clitest.privatedns.com000002/CNAME/clitestprivatednsrecordset000006?api-version=2018-09-01
  response:
    body: {string: '{"id":"\/subscriptions\/9e900494-c413-45af-bd52-0afe6ac97b06\/resourceGroups\/clitest_privatedns000001\/providers\/Microsoft.Network\/privateDnsZones\/clitest.privatedns.com000002\/CNAME\/clitestprivatednsrecordset000006","name":"clitestprivatednsrecordset000006","type":"Microsoft.Network\/privateDnsZones\/CNAME","etag":"a1d12f14-5e34-4f1e-b3c4-f7ea4e5e3840","properties":{"fqdn":"clitestprivatednsrecordset000006.clitest.privatedns.com000002.","ttl":3600}}'}
    headers:
      cache-control: [private]
      content-length: ['533']
      content-type: [application/json; charset=utf-8]
      date: ['Fri, 01 Mar 2019 00:38:21 GMT']
      etag: [a1d12f14-5e34-4f1e-b3c4-f7ea4e5e3840]
      server: [Microsoft-IIS/10.0]
      strict-transport-security: [max-age=31536000; includeSubDomains]
      transfer-encoding: [chunked]
      vary: [Accept-Encoding]
      x-aspnet-version: [4.0.30319]
      x-content-type-options: [nosniff]
      x-ms-ratelimit-remaining-subscription-resource-requests: ['11999']
      x-powered-by: [ASP.NET]
    status: {code: 200, message: OK}
- request:
    body: '{"etag": "a1d12f14-5e34-4f1e-b3c4-f7ea4e5e3840", "properties": {"ttl":
      3600, "cnameRecord": {"cname": "clitestcname"}}}'
    headers:
      Accept: [application/json]
      Accept-Encoding: ['gzip, deflate']
      CommandName: [network private-dns record-set cname set-record]
      Connection: [keep-alive]
      Content-Length: ['119']
      Content-Type: [application/json; charset=utf-8]
      ParameterSetName: [-g -n -z -c]
      User-Agent: [python/3.7.2 (Windows-10-10.0.17763-SP0) msrest/0.6.4 msrest_azure/0.4.34
          azure-mgmt-privatedns/0.1.0 Azure-SDK-For-Python AZURECLI/2.0.60]
      accept-language: [en-US]
    method: PUT
    uri: https://management.azure.com/subscriptions/00000000-0000-0000-0000-000000000000/resourceGroups/clitest_privatedns000001/providers/Microsoft.Network/privateDnsZones/clitest.privatedns.com000002/CNAME/clitestprivatednsrecordset000006?api-version=2018-09-01
  response:
    body: {string: '{"id":"\/subscriptions\/9e900494-c413-45af-bd52-0afe6ac97b06\/resourceGroups\/clitest_privatedns000001\/providers\/Microsoft.Network\/privateDnsZones\/clitest.privatedns.com000002\/CNAME\/clitestprivatednsrecordset000006","name":"clitestprivatednsrecordset000006","type":"Microsoft.Network\/privateDnsZones\/CNAME","etag":"6abf6955-fe26-4bdd-9951-8d8235d62ce7","properties":{"fqdn":"clitestprivatednsrecordset000006.clitest.privatedns.com000002.","ttl":3600,"cnameRecord":{"cname":"clitestcname"}}}'}
    headers:
      cache-control: [private]
      content-length: ['572']
      content-type: [application/json; charset=utf-8]
      date: ['Fri, 01 Mar 2019 00:38:22 GMT']
      etag: [6abf6955-fe26-4bdd-9951-8d8235d62ce7]
      server: [Microsoft-IIS/10.0]
      strict-transport-security: [max-age=31536000; includeSubDomains]
      transfer-encoding: [chunked]
      vary: [Accept-Encoding]
      x-aspnet-version: [4.0.30319]
      x-content-type-options: [nosniff]
      x-ms-ratelimit-remaining-subscription-resource-requests: ['11998']
      x-powered-by: [ASP.NET]
    status: {code: 200, message: OK}
- request:
    body: '{"properties": {"ttl": 3600}}'
    headers:
      Accept: [application/json]
      Accept-Encoding: ['gzip, deflate']
      CommandName: [network private-dns record-set srv create]
      Connection: [keep-alive]
      Content-Length: ['29']
      Content-Type: [application/json; charset=utf-8]
      If-None-Match: ['*']
      ParameterSetName: [-g -n -z]
      User-Agent: [python/3.7.2 (Windows-10-10.0.17763-SP0) msrest/0.6.4 msrest_azure/0.4.34
          azure-mgmt-privatedns/0.1.0 Azure-SDK-For-Python AZURECLI/2.0.60]
      accept-language: [en-US]
    method: PUT
    uri: https://management.azure.com/subscriptions/00000000-0000-0000-0000-000000000000/resourceGroups/clitest_privatedns000001/providers/Microsoft.Network/privateDnsZones/clitest.privatedns.com000002/SRV/clitestprivatednsrecordset000007?api-version=2018-09-01
  response:
    body: {string: '{"id":"\/subscriptions\/9e900494-c413-45af-bd52-0afe6ac97b06\/resourceGroups\/clitest_privatedns000001\/providers\/Microsoft.Network\/privateDnsZones\/clitest.privatedns.com000002\/SRV\/clitestprivatednsrecordset000007","name":"clitestprivatednsrecordset000007","type":"Microsoft.Network\/privateDnsZones\/SRV","etag":"f41e6e2e-a89b-463a-aa11-0241c7a77d87","properties":{"fqdn":"clitestprivatednsrecordset000007.clitest.privatedns.com000002.","ttl":3600,"srvRecords":[]}}'}
    headers:
      cache-control: [private]
      content-length: ['545']
      content-type: [application/json; charset=utf-8]
      date: ['Fri, 01 Mar 2019 00:38:23 GMT']
      etag: [f41e6e2e-a89b-463a-aa11-0241c7a77d87]
      server: [Microsoft-IIS/10.0]
      strict-transport-security: [max-age=31536000; includeSubDomains]
      x-aspnet-version: [4.0.30319]
      x-content-type-options: [nosniff]
      x-ms-ratelimit-remaining-subscription-resource-requests: ['11999']
      x-powered-by: [ASP.NET]
    status: {code: 201, message: Created}
- request:
    body: null
    headers:
      Accept: [application/json]
      Accept-Encoding: ['gzip, deflate']
      CommandName: [network private-dns record-set srv add-record]
      Connection: [keep-alive]
      ParameterSetName: [-g -n -z -r -p -t -w]
      User-Agent: [python/3.7.2 (Windows-10-10.0.17763-SP0) msrest/0.6.4 msrest_azure/0.4.34
          azure-mgmt-privatedns/0.1.0 Azure-SDK-For-Python AZURECLI/2.0.60]
      accept-language: [en-US]
    method: GET
    uri: https://management.azure.com/subscriptions/00000000-0000-0000-0000-000000000000/resourceGroups/clitest_privatedns000001/providers/Microsoft.Network/privateDnsZones/clitest.privatedns.com000002/SRV/clitestprivatednsrecordset000007?api-version=2018-09-01
  response:
    body: {string: '{"id":"\/subscriptions\/9e900494-c413-45af-bd52-0afe6ac97b06\/resourceGroups\/clitest_privatedns000001\/providers\/Microsoft.Network\/privateDnsZones\/clitest.privatedns.com000002\/SRV\/clitestprivatednsrecordset000007","name":"clitestprivatednsrecordset000007","type":"Microsoft.Network\/privateDnsZones\/SRV","etag":"f41e6e2e-a89b-463a-aa11-0241c7a77d87","properties":{"fqdn":"clitestprivatednsrecordset000007.clitest.privatedns.com000002.","ttl":3600,"srvRecords":[]}}'}
    headers:
      cache-control: [private]
      content-length: ['545']
      content-type: [application/json; charset=utf-8]
      date: ['Fri, 01 Mar 2019 00:38:24 GMT']
      etag: [f41e6e2e-a89b-463a-aa11-0241c7a77d87]
      server: [Microsoft-IIS/10.0]
      strict-transport-security: [max-age=31536000; includeSubDomains]
      transfer-encoding: [chunked]
      vary: [Accept-Encoding]
      x-aspnet-version: [4.0.30319]
      x-content-type-options: [nosniff]
      x-ms-ratelimit-remaining-subscription-resource-requests: ['11999']
      x-powered-by: [ASP.NET]
    status: {code: 200, message: OK}
- request:
    body: '{"etag": "f41e6e2e-a89b-463a-aa11-0241c7a77d87", "properties": {"ttl":
      3600, "srvRecords": [{"priority": 1, "weight": 5, "port": 120, "target": "targ.et"}]}}'
    headers:
      Accept: [application/json]
      Accept-Encoding: ['gzip, deflate']
      CommandName: [network private-dns record-set srv add-record]
      Connection: [keep-alive]
      Content-Length: ['157']
      Content-Type: [application/json; charset=utf-8]
      ParameterSetName: [-g -n -z -r -p -t -w]
      User-Agent: [python/3.7.2 (Windows-10-10.0.17763-SP0) msrest/0.6.4 msrest_azure/0.4.34
          azure-mgmt-privatedns/0.1.0 Azure-SDK-For-Python AZURECLI/2.0.60]
      accept-language: [en-US]
    method: PUT
    uri: https://management.azure.com/subscriptions/00000000-0000-0000-0000-000000000000/resourceGroups/clitest_privatedns000001/providers/Microsoft.Network/privateDnsZones/clitest.privatedns.com000002/SRV/clitestprivatednsrecordset000007?api-version=2018-09-01
  response:
    body: {string: '{"id":"\/subscriptions\/9e900494-c413-45af-bd52-0afe6ac97b06\/resourceGroups\/clitest_privatedns000001\/providers\/Microsoft.Network\/privateDnsZones\/clitest.privatedns.com000002\/SRV\/clitestprivatednsrecordset000007","name":"clitestprivatednsrecordset000007","type":"Microsoft.Network\/privateDnsZones\/SRV","etag":"766c7888-8640-417b-9802-7325c2d42ce9","properties":{"fqdn":"clitestprivatednsrecordset000007.clitest.privatedns.com000002.","ttl":3600,"srvRecords":[{"port":120,"priority":1,"target":"targ.et","weight":5}]}}'}
    headers:
      cache-control: [private]
      content-length: ['600']
      content-type: [application/json; charset=utf-8]
      date: ['Fri, 01 Mar 2019 00:38:25 GMT']
      etag: [766c7888-8640-417b-9802-7325c2d42ce9]
      server: [Microsoft-IIS/10.0]
      strict-transport-security: [max-age=31536000; includeSubDomains]
      transfer-encoding: [chunked]
      vary: [Accept-Encoding]
      x-aspnet-version: [4.0.30319]
      x-content-type-options: [nosniff]
      x-ms-ratelimit-remaining-subscription-resource-requests: ['11999']
      x-powered-by: [ASP.NET]
    status: {code: 200, message: OK}
- request:
    body: '{"properties": {"ttl": 3600}}'
    headers:
      Accept: [application/json]
      Accept-Encoding: ['gzip, deflate']
      CommandName: [network private-dns record-set mx create]
      Connection: [keep-alive]
      Content-Length: ['29']
      Content-Type: [application/json; charset=utf-8]
      If-None-Match: ['*']
      ParameterSetName: [-g -n -z]
      User-Agent: [python/3.7.2 (Windows-10-10.0.17763-SP0) msrest/0.6.4 msrest_azure/0.4.34
          azure-mgmt-privatedns/0.1.0 Azure-SDK-For-Python AZURECLI/2.0.60]
      accept-language: [en-US]
    method: PUT
    uri: https://management.azure.com/subscriptions/00000000-0000-0000-0000-000000000000/resourceGroups/clitest_privatedns000001/providers/Microsoft.Network/privateDnsZones/clitest.privatedns.com000002/MX/clitestprivatednsrecordset000008?api-version=2018-09-01
  response:
    body: {string: '{"id":"\/subscriptions\/9e900494-c413-45af-bd52-0afe6ac97b06\/resourceGroups\/clitest_privatedns000001\/providers\/Microsoft.Network\/privateDnsZones\/clitest.privatedns.com000002\/MX\/clitestprivatednsrecordset000008","name":"clitestprivatednsrecordset000008","type":"Microsoft.Network\/privateDnsZones\/MX","etag":"27f250c9-8d82-4589-b69a-1f5e9b791a4d","properties":{"fqdn":"clitestprivatednsrecordset000008.clitest.privatedns.com000002.","ttl":3600,"mxRecords":[]}}'}
    headers:
      cache-control: [private]
      content-length: ['542']
      content-type: [application/json; charset=utf-8]
      date: ['Fri, 01 Mar 2019 00:38:27 GMT']
      etag: [27f250c9-8d82-4589-b69a-1f5e9b791a4d]
      server: [Microsoft-IIS/10.0]
      strict-transport-security: [max-age=31536000; includeSubDomains]
      x-aspnet-version: [4.0.30319]
      x-content-type-options: [nosniff]
      x-ms-ratelimit-remaining-subscription-resource-requests: ['11999']
      x-powered-by: [ASP.NET]
    status: {code: 201, message: Created}
- request:
    body: null
    headers:
      Accept: [application/json]
      Accept-Encoding: ['gzip, deflate']
      CommandName: [network private-dns record-set mx add-record]
      Connection: [keep-alive]
      ParameterSetName: [-g -n -z -e -p]
      User-Agent: [python/3.7.2 (Windows-10-10.0.17763-SP0) msrest/0.6.4 msrest_azure/0.4.34
          azure-mgmt-privatedns/0.1.0 Azure-SDK-For-Python AZURECLI/2.0.60]
      accept-language: [en-US]
    method: GET
    uri: https://management.azure.com/subscriptions/00000000-0000-0000-0000-000000000000/resourceGroups/clitest_privatedns000001/providers/Microsoft.Network/privateDnsZones/clitest.privatedns.com000002/MX/clitestprivatednsrecordset000008?api-version=2018-09-01
  response:
    body: {string: '{"id":"\/subscriptions\/9e900494-c413-45af-bd52-0afe6ac97b06\/resourceGroups\/clitest_privatedns000001\/providers\/Microsoft.Network\/privateDnsZones\/clitest.privatedns.com000002\/MX\/clitestprivatednsrecordset000008","name":"clitestprivatednsrecordset000008","type":"Microsoft.Network\/privateDnsZones\/MX","etag":"27f250c9-8d82-4589-b69a-1f5e9b791a4d","properties":{"fqdn":"clitestprivatednsrecordset000008.clitest.privatedns.com000002.","ttl":3600,"mxRecords":[]}}'}
    headers:
      cache-control: [private]
      content-length: ['542']
      content-type: [application/json; charset=utf-8]
      date: ['Fri, 01 Mar 2019 00:38:28 GMT']
      etag: [27f250c9-8d82-4589-b69a-1f5e9b791a4d]
      server: [Microsoft-IIS/10.0]
      strict-transport-security: [max-age=31536000; includeSubDomains]
      transfer-encoding: [chunked]
      vary: [Accept-Encoding]
      x-aspnet-version: [4.0.30319]
      x-content-type-options: [nosniff]
      x-ms-ratelimit-remaining-subscription-resource-requests: ['11999']
      x-powered-by: [ASP.NET]
    status: {code: 200, message: OK}
- request:
    body: '{"etag": "27f250c9-8d82-4589-b69a-1f5e9b791a4d", "properties": {"ttl":
      3600, "mxRecords": [{"preference": 1, "exchange": "ex.chan.ge"}]}}'
    headers:
      Accept: [application/json]
      Accept-Encoding: ['gzip, deflate']
      CommandName: [network private-dns record-set mx add-record]
      Connection: [keep-alive]
      Content-Length: ['137']
      Content-Type: [application/json; charset=utf-8]
      ParameterSetName: [-g -n -z -e -p]
      User-Agent: [python/3.7.2 (Windows-10-10.0.17763-SP0) msrest/0.6.4 msrest_azure/0.4.34
          azure-mgmt-privatedns/0.1.0 Azure-SDK-For-Python AZURECLI/2.0.60]
      accept-language: [en-US]
    method: PUT
    uri: https://management.azure.com/subscriptions/00000000-0000-0000-0000-000000000000/resourceGroups/clitest_privatedns000001/providers/Microsoft.Network/privateDnsZones/clitest.privatedns.com000002/MX/clitestprivatednsrecordset000008?api-version=2018-09-01
  response:
    body: {string: '{"id":"\/subscriptions\/9e900494-c413-45af-bd52-0afe6ac97b06\/resourceGroups\/clitest_privatedns000001\/providers\/Microsoft.Network\/privateDnsZones\/clitest.privatedns.com000002\/MX\/clitestprivatednsrecordset000008","name":"clitestprivatednsrecordset000008","type":"Microsoft.Network\/privateDnsZones\/MX","etag":"9c9f1954-3232-47f3-a6ea-bda5d901e48d","properties":{"fqdn":"clitestprivatednsrecordset000008.clitest.privatedns.com000002.","ttl":3600,"mxRecords":[{"exchange":"ex.chan.ge","preference":1}]}}'}
    headers:
      cache-control: [private]
      content-length: ['582']
      content-type: [application/json; charset=utf-8]
      date: ['Fri, 01 Mar 2019 00:38:30 GMT']
      etag: [9c9f1954-3232-47f3-a6ea-bda5d901e48d]
      server: [Microsoft-IIS/10.0]
      strict-transport-security: [max-age=31536000; includeSubDomains]
      transfer-encoding: [chunked]
      vary: [Accept-Encoding]
      x-aspnet-version: [4.0.30319]
      x-content-type-options: [nosniff]
      x-ms-ratelimit-remaining-subscription-resource-requests: ['11999']
      x-powered-by: [ASP.NET]
    status: {code: 200, message: OK}
- request:
    body: '{"properties": {"ttl": 3600}}'
    headers:
      Accept: [application/json]
      Accept-Encoding: ['gzip, deflate']
      CommandName: [network private-dns record-set ptr create]
      Connection: [keep-alive]
      Content-Length: ['29']
      Content-Type: [application/json; charset=utf-8]
      If-None-Match: ['*']
      ParameterSetName: [-g -n -z]
      User-Agent: [python/3.7.2 (Windows-10-10.0.17763-SP0) msrest/0.6.4 msrest_azure/0.4.34
          azure-mgmt-privatedns/0.1.0 Azure-SDK-For-Python AZURECLI/2.0.60]
      accept-language: [en-US]
    method: PUT
    uri: https://management.azure.com/subscriptions/00000000-0000-0000-0000-000000000000/resourceGroups/clitest_privatedns000001/providers/Microsoft.Network/privateDnsZones/clitest.privatedns.com000002/PTR/clitestprivatednsrecordset000009?api-version=2018-09-01
  response:
    body: {string: '{"id":"\/subscriptions\/9e900494-c413-45af-bd52-0afe6ac97b06\/resourceGroups\/clitest_privatedns000001\/providers\/Microsoft.Network\/privateDnsZones\/clitest.privatedns.com000002\/PTR\/clitestprivatednsrecordset000009","name":"clitestprivatednsrecordset000009","type":"Microsoft.Network\/privateDnsZones\/PTR","etag":"1b1d0608-d258-47ef-8376-deebaea94bcf","properties":{"fqdn":"clitestprivatednsrecordset000009.clitest.privatedns.com000002.","ttl":3600,"ptrRecords":[]}}'}
    headers:
      cache-control: [private]
      content-length: ['545']
      content-type: [application/json; charset=utf-8]
      date: ['Fri, 01 Mar 2019 00:38:31 GMT']
      etag: [1b1d0608-d258-47ef-8376-deebaea94bcf]
      server: [Microsoft-IIS/10.0]
      strict-transport-security: [max-age=31536000; includeSubDomains]
      x-aspnet-version: [4.0.30319]
      x-content-type-options: [nosniff]
      x-ms-ratelimit-remaining-subscription-resource-requests: ['11999']
      x-powered-by: [ASP.NET]
    status: {code: 201, message: Created}
- request:
    body: null
    headers:
      Accept: [application/json]
      Accept-Encoding: ['gzip, deflate']
      CommandName: [network private-dns record-set ptr add-record]
      Connection: [keep-alive]
      ParameterSetName: [-g -n -z -d]
      User-Agent: [python/3.7.2 (Windows-10-10.0.17763-SP0) msrest/0.6.4 msrest_azure/0.4.34
          azure-mgmt-privatedns/0.1.0 Azure-SDK-For-Python AZURECLI/2.0.60]
      accept-language: [en-US]
    method: GET
    uri: https://management.azure.com/subscriptions/00000000-0000-0000-0000-000000000000/resourceGroups/clitest_privatedns000001/providers/Microsoft.Network/privateDnsZones/clitest.privatedns.com000002/PTR/clitestprivatednsrecordset000009?api-version=2018-09-01
  response:
    body: {string: '{"id":"\/subscriptions\/9e900494-c413-45af-bd52-0afe6ac97b06\/resourceGroups\/clitest_privatedns000001\/providers\/Microsoft.Network\/privateDnsZones\/clitest.privatedns.com000002\/PTR\/clitestprivatednsrecordset000009","name":"clitestprivatednsrecordset000009","type":"Microsoft.Network\/privateDnsZones\/PTR","etag":"1b1d0608-d258-47ef-8376-deebaea94bcf","properties":{"fqdn":"clitestprivatednsrecordset000009.clitest.privatedns.com000002.","ttl":3600,"ptrRecords":[]}}'}
    headers:
      cache-control: [private]
      content-length: ['545']
      content-type: [application/json; charset=utf-8]
      date: ['Fri, 01 Mar 2019 00:38:32 GMT']
      etag: [1b1d0608-d258-47ef-8376-deebaea94bcf]
      server: [Microsoft-IIS/10.0]
      strict-transport-security: [max-age=31536000; includeSubDomains]
      transfer-encoding: [chunked]
      vary: [Accept-Encoding]
      x-aspnet-version: [4.0.30319]
      x-content-type-options: [nosniff]
      x-ms-ratelimit-remaining-subscription-resource-requests: ['11999']
      x-powered-by: [ASP.NET]
    status: {code: 200, message: OK}
- request:
    body: '{"etag": "1b1d0608-d258-47ef-8376-deebaea94bcf", "properties": {"ttl":
      3600, "ptrRecords": [{"ptrdname": "ptrd.name"}]}}'
    headers:
      Accept: [application/json]
      Accept-Encoding: ['gzip, deflate']
      CommandName: [network private-dns record-set ptr add-record]
      Connection: [keep-alive]
      Content-Length: ['120']
      Content-Type: [application/json; charset=utf-8]
      ParameterSetName: [-g -n -z -d]
      User-Agent: [python/3.7.2 (Windows-10-10.0.17763-SP0) msrest/0.6.4 msrest_azure/0.4.34
          azure-mgmt-privatedns/0.1.0 Azure-SDK-For-Python AZURECLI/2.0.60]
      accept-language: [en-US]
    method: PUT
    uri: https://management.azure.com/subscriptions/00000000-0000-0000-0000-000000000000/resourceGroups/clitest_privatedns000001/providers/Microsoft.Network/privateDnsZones/clitest.privatedns.com000002/PTR/clitestprivatednsrecordset000009?api-version=2018-09-01
  response:
    body: {string: '{"id":"\/subscriptions\/9e900494-c413-45af-bd52-0afe6ac97b06\/resourceGroups\/clitest_privatedns000001\/providers\/Microsoft.Network\/privateDnsZones\/clitest.privatedns.com000002\/PTR\/clitestprivatednsrecordset000009","name":"clitestprivatednsrecordset000009","type":"Microsoft.Network\/privateDnsZones\/PTR","etag":"401ef6d3-f8e6-4baa-b883-581aa2635722","properties":{"fqdn":"clitestprivatednsrecordset000009.clitest.privatedns.com000002.","ttl":3600,"ptrRecords":[{"ptrdname":"ptrd.name"}]}}'}
    headers:
      cache-control: [private]
      content-length: ['569']
      content-type: [application/json; charset=utf-8]
      date: ['Fri, 01 Mar 2019 00:38:34 GMT']
      etag: [401ef6d3-f8e6-4baa-b883-581aa2635722]
      server: [Microsoft-IIS/10.0]
      strict-transport-security: [max-age=31536000; includeSubDomains]
      transfer-encoding: [chunked]
      vary: [Accept-Encoding]
      x-aspnet-version: [4.0.30319]
      x-content-type-options: [nosniff]
      x-ms-ratelimit-remaining-subscription-resource-requests: ['11999']
      x-powered-by: [ASP.NET]
    status: {code: 200, message: OK}
- request:
    body: null
    headers:
      Accept: [application/json]
      Accept-Encoding: ['gzip, deflate']
      CommandName: [network private-dns record-set soa show]
      Connection: [keep-alive]
      ParameterSetName: [-g -z]
      User-Agent: [python/3.7.2 (Windows-10-10.0.17763-SP0) msrest/0.6.4 msrest_azure/0.4.34
          azure-mgmt-privatedns/0.1.0 Azure-SDK-For-Python AZURECLI/2.0.60]
      accept-language: [en-US]
    method: GET
    uri: https://management.azure.com/subscriptions/00000000-0000-0000-0000-000000000000/resourceGroups/clitest_privatedns000001/providers/Microsoft.Network/privateDnsZones/clitest.privatedns.com000002/SOA/@?api-version=2018-09-01
  response:
    body: {string: '{"id":"\/subscriptions\/9e900494-c413-45af-bd52-0afe6ac97b06\/resourceGroups\/clitest_privatedns000001\/providers\/Microsoft.Network\/privateDnsZones\/clitest.privatedns.com000002\/SOA\/@","name":"@","type":"Microsoft.Network\/privateDnsZones\/SOA","etag":"019d6c2e-1a12-4a5c-a687-57efd4519a76","properties":{"fqdn":"clitest.privatedns.com000002.","ttl":3600,"soaRecord":{"email":"azureprivatedns-hostmaster.microsoft.com","expireTime":2419200,"host":"internal.cloudapp.net","minimumTTL":null,"refreshTime":3600,"retryTime":300,"serialNumber":1,"minimumTtl":300}}}'}
    headers:
      cache-control: [private]
      content-length: ['629']
      content-type: [application/json; charset=utf-8]
      date: ['Fri, 01 Mar 2019 00:38:33 GMT']
      etag: [019d6c2e-1a12-4a5c-a687-57efd4519a76]
      server: [Microsoft-IIS/10.0]
      strict-transport-security: [max-age=31536000; includeSubDomains]
      transfer-encoding: [chunked]
      vary: [Accept-Encoding]
      x-aspnet-version: [4.0.30319]
      x-content-type-options: [nosniff]
      x-ms-ratelimit-remaining-subscription-resource-requests: ['11999']
      x-powered-by: [ASP.NET]
    status: {code: 200, message: OK}
- request:
    body: null
    headers:
      Accept: [application/json]
      Accept-Encoding: ['gzip, deflate']
      CommandName: [network private-dns record-set list]
      Connection: [keep-alive]
      ParameterSetName: [-g -z]
      User-Agent: [python/3.7.2 (Windows-10-10.0.17763-SP0) msrest/0.6.4 msrest_azure/0.4.34
          azure-mgmt-privatedns/0.1.0 Azure-SDK-For-Python AZURECLI/2.0.60]
      accept-language: [en-US]
    method: GET
    uri: https://management.azure.com/subscriptions/00000000-0000-0000-0000-000000000000/resourceGroups/clitest_privatedns000001/providers/Microsoft.Network/privateDnsZones/clitest.privatedns.com000002/ALL?api-version=2018-09-01
  response:
    body: {string: '{"value":[{"id":"\/subscriptions\/9e900494-c413-45af-bd52-0afe6ac97b06\/resourceGroups\/clitest_privatedns000001\/providers\/Microsoft.Network\/privateDnsZones\/clitest.privatedns.com000002\/SOA\/@","name":"@","type":"Microsoft.Network\/privateDnsZones\/SOA","etag":"019d6c2e-1a12-4a5c-a687-57efd4519a76","properties":{"fqdn":"clitest.privatedns.com000002.","ttl":3600,"soaRecord":{"email":"azureprivatedns-hostmaster.microsoft.com","expireTime":2419200,"host":"internal.cloudapp.net","minimumTTL":null,"refreshTime":3600,"retryTime":300,"serialNumber":1,"minimumTtl":300}}},{"id":"\/subscriptions\/9e900494-c413-45af-bd52-0afe6ac97b06\/resourceGroups\/clitest_privatedns000001\/providers\/Microsoft.Network\/privateDnsZones\/clitest.privatedns.com000002\/TXT\/clitestprivatednsrecordset000005","name":"clitestprivatednsrecordset000005","type":"Microsoft.Network\/privateDnsZones\/TXT","etag":"1bdc7163-1106-4135-9f06-d4d6d450f105","properties":{"fqdn":"clitestprivatednsrecordset000005.clitest.privatedns.com000002.","ttl":3600,"txtRecords":[{"value":["txt
        record"]}]}},{"id":"\/subscriptions\/9e900494-c413-45af-bd52-0afe6ac97b06\/resourceGroups\/clitest_privatedns000001\/providers\/Microsoft.Network\/privateDnsZones\/clitest.privatedns.com000002\/SRV\/clitestprivatednsrecordset000007","name":"clitestprivatednsrecordset000007","type":"Microsoft.Network\/privateDnsZones\/SRV","etag":"766c7888-8640-417b-9802-7325c2d42ce9","properties":{"fqdn":"clitestprivatednsrecordset000007.clitest.privatedns.com000002.","ttl":3600,"srvRecords":[{"port":120,"priority":1,"target":"targ.et","weight":5}]}},{"id":"\/subscriptions\/9e900494-c413-45af-bd52-0afe6ac97b06\/resourceGroups\/clitest_privatedns000001\/providers\/Microsoft.Network\/privateDnsZones\/clitest.privatedns.com000002\/AAAA\/clitestprivatednsrecordset000004","name":"clitestprivatednsrecordset000004","type":"Microsoft.Network\/privateDnsZones\/AAAA","etag":"3698bd71-8f48-42e3-8ded-8eee493180ca","properties":{"fqdn":"clitestprivatednsrecordset000004.clitest.privatedns.com000002.","ttl":3600,"aaaaRecords":[{"ipv6Address":"::1"}]}},{"id":"\/subscriptions\/9e900494-c413-45af-bd52-0afe6ac97b06\/resourceGroups\/clitest_privatedns000001\/providers\/Microsoft.Network\/privateDnsZones\/clitest.privatedns.com000002\/MX\/clitestprivatednsrecordset000008","name":"clitestprivatednsrecordset000008","type":"Microsoft.Network\/privateDnsZones\/MX","etag":"9c9f1954-3232-47f3-a6ea-bda5d901e48d","properties":{"fqdn":"clitestprivatednsrecordset000008.clitest.privatedns.com000002.","ttl":3600,"mxRecords":[{"exchange":"ex.chan.ge","preference":1}]}},{"id":"\/subscriptions\/9e900494-c413-45af-bd52-0afe6ac97b06\/resourceGroups\/clitest_privatedns000001\/providers\/Microsoft.Network\/privateDnsZones\/clitest.privatedns.com000002\/A\/clitestprivatednsrecordset000003","name":"clitestprivatednsrecordset000003","type":"Microsoft.Network\/privateDnsZones\/A","etag":"a15723a6-e37e-48e2-b502-9a4064dc9ec6","properties":{"fqdn":"clitestprivatednsrecordset000003.clitest.privatedns.com000002.","ttl":3600,"aRecords":[{"ipv4Address":"10.0.0.1"}]}},{"id":"\/subscriptions\/9e900494-c413-45af-bd52-0afe6ac97b06\/resourceGroups\/clitest_privatedns000001\/providers\/Microsoft.Network\/privateDnsZones\/clitest.privatedns.com000002\/CNAME\/clitestprivatednsrecordset000006","name":"clitestprivatednsrecordset000006","type":"Microsoft.Network\/privateDnsZones\/CNAME","etag":"6abf6955-fe26-4bdd-9951-8d8235d62ce7","properties":{"fqdn":"clitestprivatednsrecordset000006.clitest.privatedns.com000002.","ttl":3600,"cnameRecord":{"cname":"clitestcname"}}},{"id":"\/subscriptions\/9e900494-c413-45af-bd52-0afe6ac97b06\/resourceGroups\/clitest_privatedns000001\/providers\/Microsoft.Network\/privateDnsZones\/clitest.privatedns.com000002\/PTR\/clitestprivatednsrecordset000009","name":"clitestprivatednsrecordset000009","type":"Microsoft.Network\/privateDnsZones\/PTR","etag":"401ef6d3-f8e6-4baa-b883-581aa2635722","properties":{"fqdn":"clitestprivatednsrecordset000009.clitest.privatedns.com000002.","ttl":3600,"ptrRecords":[{"ptrdname":"ptrd.name"}]}}]}'}
    headers:
      cache-control: [private]
      content-length: ['4674']
      content-type: [application/json; charset=utf-8]
      date: ['Fri, 01 Mar 2019 00:38:35 GMT']
      server: [Microsoft-IIS/10.0]
      strict-transport-security: [max-age=31536000; includeSubDomains]
      transfer-encoding: [chunked]
      vary: [Accept-Encoding]
      x-aspnet-version: [4.0.30319]
      x-content-type-options: [nosniff]
      x-ms-ratelimit-remaining-subscription-resource-requests: ['11999']
      x-powered-by: [ASP.NET]
    status: {code: 200, message: OK}
- request:
    body: null
    headers:
      Accept: [application/json]
      Accept-Encoding: ['gzip, deflate']
      CommandName: [group delete]
      Connection: [keep-alive]
      Content-Length: ['0']
      ParameterSetName: [--name --yes --no-wait]
      User-Agent: [python/3.7.2 (Windows-10-10.0.17763-SP0) msrest/0.6.4 msrest_azure/0.4.34
          resourcemanagementclient/2.1.0 Azure-SDK-For-Python AZURECLI/2.0.60]
      accept-language: [en-US]
    method: DELETE
    uri: https://management.azure.com/subscriptions/00000000-0000-0000-0000-000000000000/resourcegroups/clitest_privatedns000001?api-version=2018-05-01
  response:
    body: {string: ''}
    headers:
      cache-control: [no-cache]
      content-length: ['0']
      date: ['Fri, 01 Mar 2019 00:38:36 GMT']
      expires: ['-1']
      location: ['https://management.azure.com/subscriptions/00000000-0000-0000-0000-000000000000/operationresults/eyJqb2JJZCI6IlJFU09VUkNFR1JPVVBERUxFVElPTkpPQi1DTElURVNUOjVGUFJJVkFURUROU1Q2VDVNM1I3REpISVhWVVlCQ0FZUEZIMlhZU3xENzA4NTEzMEE0RDI3MUE4LVdFU1RVUyIsImpvYkxvY2F0aW9uIjoid2VzdHVzIn0?api-version=2018-05-01']
      pragma: [no-cache]
      strict-transport-security: [max-age=31536000; includeSubDomains]
      x-content-type-options: [nosniff]
      x-ms-ratelimit-remaining-subscription-deletes: ['14998']
    status: {code: 202, message: Accepted}
version: 1
