interactions:
- request:
    body: '{"location": "westus", "tags": {"product": "azurecli", "cause": "automation",
      "date": "2018-03-30T20:35:46Z"}}'
    headers:
      Accept: [application/json]
      Accept-Encoding: ['gzip, deflate']
      CommandName: [group create]
      Connection: [keep-alive]
      Content-Length: ['110']
      Content-Type: [application/json; charset=utf-8]
      User-Agent: [python/3.6.1 (Windows-10-10.0.16299-SP0) requests/2.18.4 msrest/0.4.27
          msrest_azure/0.4.25 resourcemanagementclient/1.2.1 Azure-SDK-For-Python
          AZURECLI/2.0.31]
      accept-language: [en-US]
    method: PUT
    uri: https://management.azure.com/subscriptions/00000000-0000-0000-0000-000000000000/resourcegroups/cli_test_route_table000001?api-version=2017-05-10
  response:
    body: {string: '{"id":"/subscriptions/00000000-0000-0000-0000-000000000000/resourceGroups/cli_test_route_table000001","name":"cli_test_route_table000001","location":"westus","tags":{"product":"azurecli","cause":"automation","date":"2018-03-30T20:35:46Z"},"properties":{"provisioningState":"Succeeded"}}'}
    headers:
      cache-control: [no-cache]
      content-length: ['384']
      content-type: [application/json; charset=utf-8]
      date: ['Fri, 30 Mar 2018 20:35:48 GMT']
      expires: ['-1']
      pragma: [no-cache]
      strict-transport-security: [max-age=31536000; includeSubDomains]
      x-content-type-options: [nosniff]
      x-ms-ratelimit-remaining-subscription-writes: ['1195']
    status: {code: 201, message: Created}
- request:
    body: null
    headers:
      Accept: [application/json]
      Accept-Encoding: ['gzip, deflate']
      CommandName: [network route-table create]
      Connection: [keep-alive]
      Content-Type: [application/json; charset=utf-8]
      User-Agent: [python/3.6.1 (Windows-10-10.0.16299-SP0) requests/2.18.4 msrest/0.4.27
          msrest_azure/0.4.25 resourcemanagementclient/1.2.1 Azure-SDK-For-Python
          AZURECLI/2.0.31]
      accept-language: [en-US]
    method: GET
    uri: https://management.azure.com/subscriptions/00000000-0000-0000-0000-000000000000/resourcegroups/cli_test_route_table000001?api-version=2017-05-10
  response:
    body: {string: '{"id":"/subscriptions/00000000-0000-0000-0000-000000000000/resourceGroups/cli_test_route_table000001","name":"cli_test_route_table000001","location":"westus","tags":{"product":"azurecli","cause":"automation","date":"2018-03-30T20:35:46Z"},"properties":{"provisioningState":"Succeeded"}}'}
    headers:
      cache-control: [no-cache]
      content-length: ['384']
      content-type: [application/json; charset=utf-8]
      date: ['Fri, 30 Mar 2018 20:35:49 GMT']
      expires: ['-1']
      pragma: [no-cache]
      strict-transport-security: [max-age=31536000; includeSubDomains]
      vary: [Accept-Encoding]
      x-content-type-options: [nosniff]
    status: {code: 200, message: OK}
- request:
    body: '{"location": "westus"}'
    headers:
      Accept: [application/json]
      Accept-Encoding: ['gzip, deflate']
      CommandName: [network route-table create]
      Connection: [keep-alive]
      Content-Length: ['22']
      Content-Type: [application/json; charset=utf-8]
      User-Agent: [python/3.6.1 (Windows-10-10.0.16299-SP0) requests/2.18.4 msrest/0.4.27
          msrest_azure/0.4.25 networkmanagementclient/2.0.0rc1 Azure-SDK-For-Python
          AZURECLI/2.0.31]
      accept-language: [en-US]
    method: PUT
    uri: https://management.azure.com/subscriptions/00000000-0000-0000-0000-000000000000/resourceGroups/cli_test_route_table000001/providers/Microsoft.Network/routeTables/cli-test-route-table?api-version=2018-02-01
  response:
    body: {string: "{\r\n  \"name\": \"cli-test-route-table\",\r\n  \"id\": \"/subscriptions/00000000-0000-0000-0000-000000000000/resourceGroups/cli_test_route_table000001/providers/Microsoft.Network/routeTables/cli-test-route-table\"\
        ,\r\n  \"etag\": \"W/\\\"74bb077b-690c-4468-872c-6ead444e37f6\\\"\",\r\n \
        \ \"type\": \"Microsoft.Network/routeTables\",\r\n  \"location\": \"westus\"\
        ,\r\n  \"properties\": {\r\n    \"provisioningState\": \"Updating\",\r\n \
        \   \"resourceGuid\": \"ef94474f-0d90-40b6-af9f-8401f244538f\",\r\n    \"\
        disableBgpRoutePropagation\": false,\r\n    \"routes\": []\r\n  }\r\n}"}
    headers:
      azure-asyncoperation: ['https://management.azure.com/subscriptions/00000000-0000-0000-0000-000000000000/providers/Microsoft.Network/locations/westus/operations/cd75fdbe-7542-4f9f-bcee-805196970db9?api-version=2018-02-01']
      cache-control: [no-cache]
      content-length: ['564']
      content-type: [application/json; charset=utf-8]
      date: ['Fri, 30 Mar 2018 20:35:51 GMT']
      expires: ['-1']
      pragma: [no-cache]
      server: [Microsoft-HTTPAPI/2.0, Microsoft-HTTPAPI/2.0]
      strict-transport-security: [max-age=31536000; includeSubDomains]
      x-content-type-options: [nosniff]
      x-ms-ratelimit-remaining-subscription-writes: ['1196']
    status: {code: 201, message: Created}
- request:
    body: null
    headers:
      Accept: [application/json]
      Accept-Encoding: ['gzip, deflate']
      CommandName: [network route-table create]
      Connection: [keep-alive]
      User-Agent: [python/3.6.1 (Windows-10-10.0.16299-SP0) requests/2.18.4 msrest/0.4.27
          msrest_azure/0.4.25 networkmanagementclient/2.0.0rc1 Azure-SDK-For-Python
          AZURECLI/2.0.31]
    method: GET
    uri: https://management.azure.com/subscriptions/00000000-0000-0000-0000-000000000000/providers/Microsoft.Network/locations/westus/operations/cd75fdbe-7542-4f9f-bcee-805196970db9?api-version=2018-02-01
  response:
    body: {string: "{\r\n  \"status\": \"Succeeded\"\r\n}"}
    headers:
      cache-control: [no-cache]
      content-length: ['29']
      content-type: [application/json; charset=utf-8]
      date: ['Fri, 30 Mar 2018 20:36:01 GMT']
      expires: ['-1']
      pragma: [no-cache]
      server: [Microsoft-HTTPAPI/2.0, Microsoft-HTTPAPI/2.0]
      strict-transport-security: [max-age=31536000; includeSubDomains]
      transfer-encoding: [chunked]
      vary: [Accept-Encoding]
      x-content-type-options: [nosniff]
    status: {code: 200, message: OK}
- request:
    body: null
    headers:
      Accept: [application/json]
      Accept-Encoding: ['gzip, deflate']
      CommandName: [network route-table create]
      Connection: [keep-alive]
      User-Agent: [python/3.6.1 (Windows-10-10.0.16299-SP0) requests/2.18.4 msrest/0.4.27
          msrest_azure/0.4.25 networkmanagementclient/2.0.0rc1 Azure-SDK-For-Python
          AZURECLI/2.0.31]
    method: GET
    uri: https://management.azure.com/subscriptions/00000000-0000-0000-0000-000000000000/resourceGroups/cli_test_route_table000001/providers/Microsoft.Network/routeTables/cli-test-route-table?api-version=2018-02-01
  response:
    body: {string: "{\r\n  \"name\": \"cli-test-route-table\",\r\n  \"id\": \"/subscriptions/00000000-0000-0000-0000-000000000000/resourceGroups/cli_test_route_table000001/providers/Microsoft.Network/routeTables/cli-test-route-table\"\
        ,\r\n  \"etag\": \"W/\\\"4100f01d-2ab6-4445-b786-ee55932d58d4\\\"\",\r\n \
        \ \"type\": \"Microsoft.Network/routeTables\",\r\n  \"location\": \"westus\"\
        ,\r\n  \"properties\": {\r\n    \"provisioningState\": \"Succeeded\",\r\n\
        \    \"resourceGuid\": \"ef94474f-0d90-40b6-af9f-8401f244538f\",\r\n    \"\
        disableBgpRoutePropagation\": false,\r\n    \"routes\": []\r\n  }\r\n}"}
    headers:
      cache-control: [no-cache]
      content-length: ['565']
      content-type: [application/json; charset=utf-8]
      date: ['Fri, 30 Mar 2018 20:36:02 GMT']
      etag: [W/"4100f01d-2ab6-4445-b786-ee55932d58d4"]
      expires: ['-1']
      pragma: [no-cache]
      server: [Microsoft-HTTPAPI/2.0, Microsoft-HTTPAPI/2.0]
      strict-transport-security: [max-age=31536000; includeSubDomains]
      transfer-encoding: [chunked]
      vary: [Accept-Encoding]
      x-content-type-options: [nosniff]
    status: {code: 200, message: OK}
- request:
    body: '{"properties": {"addressPrefix": "10.0.5.0/24", "nextHopType": "None"},
      "name": "my-route"}'
    headers:
      Accept: [application/json]
      Accept-Encoding: ['gzip, deflate']
      CommandName: [network route-table route create]
      Connection: [keep-alive]
      Content-Length: ['91']
      Content-Type: [application/json; charset=utf-8]
      User-Agent: [python/3.6.1 (Windows-10-10.0.16299-SP0) requests/2.18.4 msrest/0.4.27
          msrest_azure/0.4.25 networkmanagementclient/2.0.0rc1 Azure-SDK-For-Python
          AZURECLI/2.0.31]
      accept-language: [en-US]
    method: PUT
    uri: https://management.azure.com/subscriptions/00000000-0000-0000-0000-000000000000/resourceGroups/cli_test_route_table000001/providers/Microsoft.Network/routeTables/cli-test-route-table/routes/my-route?api-version=2018-02-01
  response:
    body: {string: "{\r\n  \"name\": \"my-route\",\r\n  \"id\": \"/subscriptions/00000000-0000-0000-0000-000000000000/resourceGroups/cli_test_route_table000001/providers/Microsoft.Network/routeTables/cli-test-route-table/routes/my-route\"\
        ,\r\n  \"etag\": \"W/\\\"39f15853-d0ae-474d-b118-4c73c9accfad\\\"\",\r\n \
        \ \"properties\": {\r\n    \"provisioningState\": \"Updating\",\r\n    \"\
        addressPrefix\": \"10.0.5.0/24\",\r\n    \"nextHopType\": \"None\"\r\n  }\r\
        \n}"}
    headers:
      azure-asyncoperation: ['https://management.azure.com/subscriptions/00000000-0000-0000-0000-000000000000/providers/Microsoft.Network/locations/westus/operations/0e8bb071-8b04-4b05-9df8-826c0e70c7a4?api-version=2018-02-01']
      cache-control: [no-cache]
      content-length: ['442']
      content-type: [application/json; charset=utf-8]
      date: ['Fri, 30 Mar 2018 20:36:04 GMT']
      expires: ['-1']
      pragma: [no-cache]
      server: [Microsoft-HTTPAPI/2.0, Microsoft-HTTPAPI/2.0]
      strict-transport-security: [max-age=31536000; includeSubDomains]
      x-content-type-options: [nosniff]
      x-ms-ratelimit-remaining-subscription-writes: ['1197']
    status: {code: 201, message: Created}
- request:
    body: null
    headers:
      Accept: [application/json]
      Accept-Encoding: ['gzip, deflate']
      CommandName: [network route-table route create]
      Connection: [keep-alive]
      User-Agent: [python/3.6.1 (Windows-10-10.0.16299-SP0) requests/2.18.4 msrest/0.4.27
          msrest_azure/0.4.25 networkmanagementclient/2.0.0rc1 Azure-SDK-For-Python
          AZURECLI/2.0.31]
    method: GET
    uri: https://management.azure.com/subscriptions/00000000-0000-0000-0000-000000000000/providers/Microsoft.Network/locations/westus/operations/0e8bb071-8b04-4b05-9df8-826c0e70c7a4?api-version=2018-02-01
  response:
    body: {string: "{\r\n  \"status\": \"Succeeded\"\r\n}"}
    headers:
      cache-control: [no-cache]
      content-length: ['29']
      content-type: [application/json; charset=utf-8]
      date: ['Fri, 30 Mar 2018 20:36:15 GMT']
      expires: ['-1']
      pragma: [no-cache]
      server: [Microsoft-HTTPAPI/2.0, Microsoft-HTTPAPI/2.0]
      strict-transport-security: [max-age=31536000; includeSubDomains]
      transfer-encoding: [chunked]
      vary: [Accept-Encoding]
      x-content-type-options: [nosniff]
    status: {code: 200, message: OK}
- request:
    body: null
    headers:
      Accept: [application/json]
      Accept-Encoding: ['gzip, deflate']
      CommandName: [network route-table route create]
      Connection: [keep-alive]
      User-Agent: [python/3.6.1 (Windows-10-10.0.16299-SP0) requests/2.18.4 msrest/0.4.27
          msrest_azure/0.4.25 networkmanagementclient/2.0.0rc1 Azure-SDK-For-Python
          AZURECLI/2.0.31]
    method: GET
    uri: https://management.azure.com/subscriptions/00000000-0000-0000-0000-000000000000/resourceGroups/cli_test_route_table000001/providers/Microsoft.Network/routeTables/cli-test-route-table/routes/my-route?api-version=2018-02-01
  response:
    body: {string: "{\r\n  \"name\": \"my-route\",\r\n  \"id\": \"/subscriptions/00000000-0000-0000-0000-000000000000/resourceGroups/cli_test_route_table000001/providers/Microsoft.Network/routeTables/cli-test-route-table/routes/my-route\"\
        ,\r\n  \"etag\": \"W/\\\"40029a39-3ee9-41da-b745-56f7e2db0382\\\"\",\r\n \
        \ \"properties\": {\r\n    \"provisioningState\": \"Succeeded\",\r\n    \"\
        addressPrefix\": \"10.0.5.0/24\",\r\n    \"nextHopType\": \"None\"\r\n  }\r\
        \n}"}
    headers:
      cache-control: [no-cache]
      content-length: ['443']
      content-type: [application/json; charset=utf-8]
      date: ['Fri, 30 Mar 2018 20:36:15 GMT']
      etag: [W/"40029a39-3ee9-41da-b745-56f7e2db0382"]
      expires: ['-1']
      pragma: [no-cache]
      server: [Microsoft-HTTPAPI/2.0, Microsoft-HTTPAPI/2.0]
      strict-transport-security: [max-age=31536000; includeSubDomains]
      transfer-encoding: [chunked]
      vary: [Accept-Encoding]
      x-content-type-options: [nosniff]
    status: {code: 200, message: OK}
- request:
    body: null
    headers:
      Accept: [application/json]
      Accept-Encoding: ['gzip, deflate']
      CommandName: [network route-table list]
      Connection: [keep-alive]
      Content-Type: [application/json; charset=utf-8]
      User-Agent: [python/3.6.1 (Windows-10-10.0.16299-SP0) requests/2.18.4 msrest/0.4.27
          msrest_azure/0.4.25 networkmanagementclient/2.0.0rc1 Azure-SDK-For-Python
          AZURECLI/2.0.31]
      accept-language: [en-US]
    method: GET
    uri: https://management.azure.com/subscriptions/00000000-0000-0000-0000-000000000000/providers/Microsoft.Network/routeTables?api-version=2018-02-01
  response:
    body: {string: "{\r\n  \"value\": [\r\n    {\r\n      \"name\": \"cli-test-route-table\"\
        ,\r\n      \"id\": \"/subscriptions/00000000-0000-0000-0000-000000000000/resourceGroups/cli_test_route_table000001/providers/Microsoft.Network/routeTables/cli-test-route-table\"\
        ,\r\n      \"etag\": \"W/\\\"40029a39-3ee9-41da-b745-56f7e2db0382\\\"\",\r\
        \n      \"type\": \"Microsoft.Network/routeTables\",\r\n      \"location\"\
        : \"westus\",\r\n      \"properties\": {\r\n        \"provisioningState\"\
        : \"Succeeded\",\r\n        \"resourceGuid\": \"ef94474f-0d90-40b6-af9f-8401f244538f\"\
        ,\r\n        \"disableBgpRoutePropagation\": false,\r\n        \"routes\"\
        : [\r\n          {\r\n            \"name\": \"my-route\",\r\n            \"\
        id\": \"/subscriptions/00000000-0000-0000-0000-000000000000/resourceGroups/cli_test_route_table000001/providers/Microsoft.Network/routeTables/cli-test-route-table/routes/my-route\"\
        ,\r\n            \"etag\": \"W/\\\"40029a39-3ee9-41da-b745-56f7e2db0382\\\"\
        \",\r\n            \"properties\": {\r\n              \"provisioningState\"\
        : \"Succeeded\",\r\n              \"addressPrefix\": \"10.0.5.0/24\",\r\n\
        \              \"nextHopType\": \"None\"\r\n            }\r\n          }\r\
        \n        ]\r\n      }\r\n    }\r\n  ]\r\n}"}
    headers:
      cache-control: [no-cache]
      content-length: ['1197']
      content-type: [application/json; charset=utf-8]
      date: ['Fri, 30 Mar 2018 20:36:17 GMT']
      expires: ['-1']
      pragma: [no-cache]
      server: [Microsoft-HTTPAPI/2.0, Microsoft-HTTPAPI/2.0]
      strict-transport-security: [max-age=31536000; includeSubDomains]
      transfer-encoding: [chunked]
      vary: [Accept-Encoding]
      x-content-type-options: [nosniff]
    status: {code: 200, message: OK}
- request:
    body: null
    headers:
      Accept: [application/json]
      Accept-Encoding: ['gzip, deflate']
      CommandName: [network route-table list]
      Connection: [keep-alive]
      Content-Type: [application/json; charset=utf-8]
      User-Agent: [python/3.6.1 (Windows-10-10.0.16299-SP0) requests/2.18.4 msrest/0.4.27
          msrest_azure/0.4.25 networkmanagementclient/2.0.0rc1 Azure-SDK-For-Python
          AZURECLI/2.0.31]
      accept-language: [en-US]
    method: GET
    uri: https://management.azure.com/subscriptions/00000000-0000-0000-0000-000000000000/resourceGroups/cli_test_route_table000001/providers/Microsoft.Network/routeTables?api-version=2018-02-01
  response:
    body: {string: "{\r\n  \"value\": [\r\n    {\r\n      \"name\": \"cli-test-route-table\"\
        ,\r\n      \"id\": \"/subscriptions/00000000-0000-0000-0000-000000000000/resourceGroups/cli_test_route_table000001/providers/Microsoft.Network/routeTables/cli-test-route-table\"\
        ,\r\n      \"etag\": \"W/\\\"40029a39-3ee9-41da-b745-56f7e2db0382\\\"\",\r\
        \n      \"type\": \"Microsoft.Network/routeTables\",\r\n      \"location\"\
        : \"westus\",\r\n      \"properties\": {\r\n        \"provisioningState\"\
        : \"Succeeded\",\r\n        \"resourceGuid\": \"ef94474f-0d90-40b6-af9f-8401f244538f\"\
        ,\r\n        \"disableBgpRoutePropagation\": false,\r\n        \"routes\"\
        : [\r\n          {\r\n            \"name\": \"my-route\",\r\n            \"\
        id\": \"/subscriptions/00000000-0000-0000-0000-000000000000/resourceGroups/cli_test_route_table000001/providers/Microsoft.Network/routeTables/cli-test-route-table/routes/my-route\"\
        ,\r\n            \"etag\": \"W/\\\"40029a39-3ee9-41da-b745-56f7e2db0382\\\"\
        \",\r\n            \"properties\": {\r\n              \"provisioningState\"\
        : \"Succeeded\",\r\n              \"addressPrefix\": \"10.0.5.0/24\",\r\n\
        \              \"nextHopType\": \"None\"\r\n            }\r\n          }\r\
        \n        ]\r\n      }\r\n    }\r\n  ]\r\n}"}
    headers:
      cache-control: [no-cache]
      content-length: ['1197']
      content-type: [application/json; charset=utf-8]
      date: ['Fri, 30 Mar 2018 20:36:18 GMT']
      expires: ['-1']
      pragma: [no-cache]
      server: [Microsoft-HTTPAPI/2.0, Microsoft-HTTPAPI/2.0]
      strict-transport-security: [max-age=31536000; includeSubDomains]
      transfer-encoding: [chunked]
      vary: [Accept-Encoding]
      x-content-type-options: [nosniff]
    status: {code: 200, message: OK}
- request:
    body: null
    headers:
      Accept: [application/json]
      Accept-Encoding: ['gzip, deflate']
      CommandName: [network route-table show]
      Connection: [keep-alive]
      Content-Type: [application/json; charset=utf-8]
      User-Agent: [python/3.6.1 (Windows-10-10.0.16299-SP0) requests/2.18.4 msrest/0.4.27
          msrest_azure/0.4.25 networkmanagementclient/2.0.0rc1 Azure-SDK-For-Python
          AZURECLI/2.0.31]
      accept-language: [en-US]
    method: GET
    uri: https://management.azure.com/subscriptions/00000000-0000-0000-0000-000000000000/resourceGroups/cli_test_route_table000001/providers/Microsoft.Network/routeTables/cli-test-route-table?api-version=2018-02-01
  response:
    body: {string: "{\r\n  \"name\": \"cli-test-route-table\",\r\n  \"id\": \"/subscriptions/00000000-0000-0000-0000-000000000000/resourceGroups/cli_test_route_table000001/providers/Microsoft.Network/routeTables/cli-test-route-table\"\
        ,\r\n  \"etag\": \"W/\\\"40029a39-3ee9-41da-b745-56f7e2db0382\\\"\",\r\n \
        \ \"type\": \"Microsoft.Network/routeTables\",\r\n  \"location\": \"westus\"\
        ,\r\n  \"properties\": {\r\n    \"provisioningState\": \"Succeeded\",\r\n\
        \    \"resourceGuid\": \"ef94474f-0d90-40b6-af9f-8401f244538f\",\r\n    \"\
        disableBgpRoutePropagation\": false,\r\n    \"routes\": [\r\n      {\r\n \
        \       \"name\": \"my-route\",\r\n        \"id\": \"/subscriptions/00000000-0000-0000-0000-000000000000/resourceGroups/cli_test_route_table000001/providers/Microsoft.Network/routeTables/cli-test-route-table/routes/my-route\"\
        ,\r\n        \"etag\": \"W/\\\"40029a39-3ee9-41da-b745-56f7e2db0382\\\"\"\
        ,\r\n        \"properties\": {\r\n          \"provisioningState\": \"Succeeded\"\
        ,\r\n          \"addressPrefix\": \"10.0.5.0/24\",\r\n          \"nextHopType\"\
        : \"None\"\r\n        }\r\n      }\r\n    ]\r\n  }\r\n}"}
    headers:
      cache-control: [no-cache]
      content-length: ['1076']
      content-type: [application/json; charset=utf-8]
      date: ['Fri, 30 Mar 2018 20:36:19 GMT']
      etag: [W/"40029a39-3ee9-41da-b745-56f7e2db0382"]
      expires: ['-1']
      pragma: [no-cache]
      server: [Microsoft-HTTPAPI/2.0, Microsoft-HTTPAPI/2.0]
      strict-transport-security: [max-age=31536000; includeSubDomains]
      transfer-encoding: [chunked]
      vary: [Accept-Encoding]
      x-content-type-options: [nosniff]
    status: {code: 200, message: OK}
- request:
    body: null
    headers:
      Accept: [application/json]
      Accept-Encoding: ['gzip, deflate']
      CommandName: [network route-table route list]
      Connection: [keep-alive]
      Content-Type: [application/json; charset=utf-8]
      User-Agent: [python/3.6.1 (Windows-10-10.0.16299-SP0) requests/2.18.4 msrest/0.4.27
          msrest_azure/0.4.25 networkmanagementclient/2.0.0rc1 Azure-SDK-For-Python
          AZURECLI/2.0.31]
      accept-language: [en-US]
    method: GET
    uri: https://management.azure.com/subscriptions/00000000-0000-0000-0000-000000000000/resourceGroups/cli_test_route_table000001/providers/Microsoft.Network/routeTables/cli-test-route-table/routes?api-version=2018-02-01
  response:
    body: {string: "{\r\n  \"value\": [\r\n    {\r\n      \"name\": \"my-route\",\r\
        \n      \"id\": \"/subscriptions/00000000-0000-0000-0000-000000000000/resourceGroups/cli_test_route_table000001/providers/Microsoft.Network/routeTables/cli-test-route-table/routes/my-route\"\
        ,\r\n      \"etag\": \"W/\\\"40029a39-3ee9-41da-b745-56f7e2db0382\\\"\",\r\
        \n      \"properties\": {\r\n        \"provisioningState\": \"Succeeded\"\
        ,\r\n        \"addressPrefix\": \"10.0.5.0/24\",\r\n        \"nextHopType\"\
        : \"None\"\r\n      }\r\n    }\r\n  ]\r\n}"}
    headers:
      cache-control: [no-cache]
      content-length: ['508']
      content-type: [application/json; charset=utf-8]
      date: ['Fri, 30 Mar 2018 20:36:19 GMT']
      expires: ['-1']
      pragma: [no-cache]
      server: [Microsoft-HTTPAPI/2.0, Microsoft-HTTPAPI/2.0]
      strict-transport-security: [max-age=31536000; includeSubDomains]
      transfer-encoding: [chunked]
      vary: [Accept-Encoding]
      x-content-type-options: [nosniff]
    status: {code: 200, message: OK}
- request:
    body: null
    headers:
      Accept: [application/json]
      Accept-Encoding: ['gzip, deflate']
      CommandName: [network route-table route show]
      Connection: [keep-alive]
      Content-Type: [application/json; charset=utf-8]
      User-Agent: [python/3.6.1 (Windows-10-10.0.16299-SP0) requests/2.18.4 msrest/0.4.27
          msrest_azure/0.4.25 networkmanagementclient/2.0.0rc1 Azure-SDK-For-Python
          AZURECLI/2.0.31]
      accept-language: [en-US]
    method: GET
    uri: https://management.azure.com/subscriptions/00000000-0000-0000-0000-000000000000/resourceGroups/cli_test_route_table000001/providers/Microsoft.Network/routeTables/cli-test-route-table/routes/my-route?api-version=2018-02-01
  response:
    body: {string: "{\r\n  \"name\": \"my-route\",\r\n  \"id\": \"/subscriptions/00000000-0000-0000-0000-000000000000/resourceGroups/cli_test_route_table000001/providers/Microsoft.Network/routeTables/cli-test-route-table/routes/my-route\"\
        ,\r\n  \"etag\": \"W/\\\"40029a39-3ee9-41da-b745-56f7e2db0382\\\"\",\r\n \
        \ \"properties\": {\r\n    \"provisioningState\": \"Succeeded\",\r\n    \"\
        addressPrefix\": \"10.0.5.0/24\",\r\n    \"nextHopType\": \"None\"\r\n  }\r\
        \n}"}
    headers:
      cache-control: [no-cache]
      content-length: ['443']
      content-type: [application/json; charset=utf-8]
      date: ['Fri, 30 Mar 2018 20:36:20 GMT']
      etag: [W/"40029a39-3ee9-41da-b745-56f7e2db0382"]
      expires: ['-1']
      pragma: [no-cache]
      server: [Microsoft-HTTPAPI/2.0, Microsoft-HTTPAPI/2.0]
      strict-transport-security: [max-age=31536000; includeSubDomains]
      transfer-encoding: [chunked]
      vary: [Accept-Encoding]
      x-content-type-options: [nosniff]
    status: {code: 200, message: OK}
- request:
    body: null
    headers:
      Accept: [application/json]
      Accept-Encoding: ['gzip, deflate']
      CommandName: [network route-table route delete]
      Connection: [keep-alive]
      Content-Length: ['0']
      Content-Type: [application/json; charset=utf-8]
      User-Agent: [python/3.6.1 (Windows-10-10.0.16299-SP0) requests/2.18.4 msrest/0.4.27
          msrest_azure/0.4.25 networkmanagementclient/2.0.0rc1 Azure-SDK-For-Python
          AZURECLI/2.0.31]
      accept-language: [en-US]
    method: DELETE
    uri: https://management.azure.com/subscriptions/00000000-0000-0000-0000-000000000000/resourceGroups/cli_test_route_table000001/providers/Microsoft.Network/routeTables/cli-test-route-table/routes/my-route?api-version=2018-02-01
  response:
    body: {string: ''}
    headers:
      azure-asyncoperation: ['https://management.azure.com/subscriptions/00000000-0000-0000-0000-000000000000/providers/Microsoft.Network/locations/westus/operations/baf7bd25-d8a7-4e75-864a-76ca659d1ab2?api-version=2018-02-01']
      cache-control: [no-cache]
      content-length: ['0']
      date: ['Fri, 30 Mar 2018 20:36:21 GMT']
      expires: ['-1']
      location: ['https://management.azure.com/subscriptions/00000000-0000-0000-0000-000000000000/providers/Microsoft.Network/locations/westus/operationResults/baf7bd25-d8a7-4e75-864a-76ca659d1ab2?api-version=2018-02-01']
      pragma: [no-cache]
      server: [Microsoft-HTTPAPI/2.0, Microsoft-HTTPAPI/2.0]
      strict-transport-security: [max-age=31536000; includeSubDomains]
      x-content-type-options: [nosniff]
      x-ms-ratelimit-remaining-subscription-writes: ['1197']
    status: {code: 202, message: Accepted}
- request:
    body: null
    headers:
      Accept: [application/json]
      Accept-Encoding: ['gzip, deflate']
      CommandName: [network route-table route delete]
      Connection: [keep-alive]
      User-Agent: [python/3.6.1 (Windows-10-10.0.16299-SP0) requests/2.18.4 msrest/0.4.27
          msrest_azure/0.4.25 networkmanagementclient/2.0.0rc1 Azure-SDK-For-Python
          AZURECLI/2.0.31]
    method: GET
    uri: https://management.azure.com/subscriptions/00000000-0000-0000-0000-000000000000/providers/Microsoft.Network/locations/westus/operations/baf7bd25-d8a7-4e75-864a-76ca659d1ab2?api-version=2018-02-01
  response:
    body: {string: "{\r\n  \"status\": \"Succeeded\"\r\n}"}
    headers:
      cache-control: [no-cache]
      content-length: ['29']
      content-type: [application/json; charset=utf-8]
      date: ['Fri, 30 Mar 2018 20:36:32 GMT']
      expires: ['-1']
      pragma: [no-cache]
      server: [Microsoft-HTTPAPI/2.0, Microsoft-HTTPAPI/2.0]
      strict-transport-security: [max-age=31536000; includeSubDomains]
      transfer-encoding: [chunked]
      vary: [Accept-Encoding]
      x-content-type-options: [nosniff]
    status: {code: 200, message: OK}
- request:
    body: null
    headers:
      Accept: [application/json]
      Accept-Encoding: ['gzip, deflate']
      CommandName: [network route-table route list]
      Connection: [keep-alive]
      Content-Type: [application/json; charset=utf-8]
      User-Agent: [python/3.6.1 (Windows-10-10.0.16299-SP0) requests/2.18.4 msrest/0.4.27
          msrest_azure/0.4.25 networkmanagementclient/2.0.0rc1 Azure-SDK-For-Python
          AZURECLI/2.0.31]
      accept-language: [en-US]
    method: GET
    uri: https://management.azure.com/subscriptions/00000000-0000-0000-0000-000000000000/resourceGroups/cli_test_route_table000001/providers/Microsoft.Network/routeTables/cli-test-route-table/routes?api-version=2018-02-01
  response:
    body: {string: "{\r\n  \"value\": []\r\n}"}
    headers:
      cache-control: [no-cache]
      content-length: ['19']
      content-type: [application/json; charset=utf-8]
      date: ['Fri, 30 Mar 2018 20:36:33 GMT']
      expires: ['-1']
      pragma: [no-cache]
      server: [Microsoft-HTTPAPI/2.0, Microsoft-HTTPAPI/2.0]
      strict-transport-security: [max-age=31536000; includeSubDomains]
      transfer-encoding: [chunked]
      vary: [Accept-Encoding]
      x-content-type-options: [nosniff]
    status: {code: 200, message: OK}
- request:
    body: null
    headers:
      Accept: [application/json]
      Accept-Encoding: ['gzip, deflate']
      CommandName: [network route-table delete]
      Connection: [keep-alive]
      Content-Length: ['0']
      Content-Type: [application/json; charset=utf-8]
      User-Agent: [python/3.6.1 (Windows-10-10.0.16299-SP0) requests/2.18.4 msrest/0.4.27
          msrest_azure/0.4.25 networkmanagementclient/2.0.0rc1 Azure-SDK-For-Python
          AZURECLI/2.0.31]
      accept-language: [en-US]
    method: DELETE
    uri: https://management.azure.com/subscriptions/00000000-0000-0000-0000-000000000000/resourceGroups/cli_test_route_table000001/providers/Microsoft.Network/routeTables/cli-test-route-table?api-version=2018-02-01
  response:
    body: {string: ''}
    headers:
      azure-asyncoperation: ['https://management.azure.com/subscriptions/00000000-0000-0000-0000-000000000000/providers/Microsoft.Network/locations/westus/operations/6bd3ea50-a893-4f8f-a0b7-1c0c1263767d?api-version=2018-02-01']
      cache-control: [no-cache]
      content-length: ['0']
      date: ['Fri, 30 Mar 2018 20:36:34 GMT']
      expires: ['-1']
      location: ['https://management.azure.com/subscriptions/00000000-0000-0000-0000-000000000000/providers/Microsoft.Network/locations/westus/operationResults/6bd3ea50-a893-4f8f-a0b7-1c0c1263767d?api-version=2018-02-01']
      pragma: [no-cache]
      server: [Microsoft-HTTPAPI/2.0, Microsoft-HTTPAPI/2.0]
      strict-transport-security: [max-age=31536000; includeSubDomains]
      x-content-type-options: [nosniff]
      x-ms-ratelimit-remaining-subscription-writes: ['1194']
    status: {code: 202, message: Accepted}
- request:
    body: null
    headers:
      Accept: [application/json]
      Accept-Encoding: ['gzip, deflate']
      CommandName: [network route-table delete]
      Connection: [keep-alive]
      User-Agent: [python/3.6.1 (Windows-10-10.0.16299-SP0) requests/2.18.4 msrest/0.4.27
          msrest_azure/0.4.25 networkmanagementclient/2.0.0rc1 Azure-SDK-For-Python
          AZURECLI/2.0.31]
    method: GET
    uri: https://management.azure.com/subscriptions/00000000-0000-0000-0000-000000000000/providers/Microsoft.Network/locations/westus/operations/6bd3ea50-a893-4f8f-a0b7-1c0c1263767d?api-version=2018-02-01
  response:
    body: {string: "{\r\n  \"status\": \"Succeeded\"\r\n}"}
    headers:
      cache-control: [no-cache]
      content-length: ['29']
      content-type: [application/json; charset=utf-8]
      date: ['Fri, 30 Mar 2018 20:36:45 GMT']
      expires: ['-1']
      pragma: [no-cache]
      server: [Microsoft-HTTPAPI/2.0, Microsoft-HTTPAPI/2.0]
      strict-transport-security: [max-age=31536000; includeSubDomains]
      transfer-encoding: [chunked]
      vary: [Accept-Encoding]
      x-content-type-options: [nosniff]
    status: {code: 200, message: OK}
- request:
    body: null
    headers:
      Accept: [application/json]
      Accept-Encoding: ['gzip, deflate']
      CommandName: [network route-table list]
      Connection: [keep-alive]
      Content-Type: [application/json; charset=utf-8]
      User-Agent: [python/3.6.1 (Windows-10-10.0.16299-SP0) requests/2.18.4 msrest/0.4.27
          msrest_azure/0.4.25 networkmanagementclient/2.0.0rc1 Azure-SDK-For-Python
          AZURECLI/2.0.31]
      accept-language: [en-US]
    method: GET
    uri: https://management.azure.com/subscriptions/00000000-0000-0000-0000-000000000000/resourceGroups/cli_test_route_table000001/providers/Microsoft.Network/routeTables?api-version=2018-02-01
  response:
    body: {string: '{"value":[]}'}
    headers:
      cache-control: [no-cache]
      content-length: ['12']
      content-type: [application/json; charset=utf-8]
      date: ['Fri, 30 Mar 2018 20:36:45 GMT']
      expires: ['-1']
      pragma: [no-cache]
      strict-transport-security: [max-age=31536000; includeSubDomains]
      vary: [Accept-Encoding]
      x-content-type-options: [nosniff]
    status: {code: 200, message: OK}
- request:
    body: null
    headers:
      Accept: [application/json]
      Accept-Encoding: ['gzip, deflate']
      CommandName: [group delete]
      Connection: [keep-alive]
      Content-Length: ['0']
      Content-Type: [application/json; charset=utf-8]
      User-Agent: [python/3.6.1 (Windows-10-10.0.16299-SP0) requests/2.18.4 msrest/0.4.27
          msrest_azure/0.4.25 resourcemanagementclient/1.2.1 Azure-SDK-For-Python
          AZURECLI/2.0.31]
      accept-language: [en-US]
    method: DELETE
    uri: https://management.azure.com/subscriptions/00000000-0000-0000-0000-000000000000/resourcegroups/cli_test_route_table000001?api-version=2017-05-10
  response:
    body: {string: ''}
    headers:
      cache-control: [no-cache]
      content-length: ['0']
      date: ['Fri, 30 Mar 2018 20:36:47 GMT']
      expires: ['-1']
      location: ['https://management.azure.com/subscriptions/00000000-0000-0000-0000-000000000000/operationresults/eyJqb2JJZCI6IlJFU09VUkNFR1JPVVBERUxFVElPTkpPQi1DTEk6NUZURVNUOjVGUk9VVEU6NUZUQUJMRUgyTjdYVkEyQzQ0UUFXUlFSSkFXWnxGQzMzMjFFMzIzMTE3QUYwLVdFU1RVUyIsImpvYkxvY2F0aW9uIjoid2VzdHVzIn0?api-version=2017-05-10']
      pragma: [no-cache]
      strict-transport-security: [max-age=31536000; includeSubDomains]
      x-content-type-options: [nosniff]
      x-ms-ratelimit-remaining-subscription-writes: ['1197']
    status: {code: 202, message: Accepted}
version: 1
