interactions:
- request:
    body: '{"location": "westus", "tags": {"product": "azurecli", "cause": "automation",
      "date": "2018-09-10T17:10:41Z"}}'
    headers:
      Accept: [application/json]
      Accept-Encoding: ['gzip, deflate']
      CommandName: [group create]
      Connection: [keep-alive]
      Content-Length: ['110']
      Content-Type: [application/json; charset=utf-8]
      User-Agent: [python/3.6.5 (Windows-10-10.0.17134-SP0) requests/2.19.1 msrest/0.5.5
          msrest_azure/0.5.0 resourcemanagementclient/2.0.0 Azure-SDK-For-Python AZURECLI/2.0.46]
      accept-language: [en-US]
    method: PUT
    uri: https://management.azure.com/subscriptions/00000000-0000-0000-0000-000000000000/resourcegroups/cli_subnet_delegation000001?api-version=2018-05-01
  response:
    body: {string: '{"id":"/subscriptions/00000000-0000-0000-0000-000000000000/resourceGroups/cli_subnet_delegation000001","name":"cli_subnet_delegation000001","location":"westus","tags":{"product":"azurecli","cause":"automation","date":"2018-09-10T17:10:41Z"},"properties":{"provisioningState":"Succeeded"}}'}
    headers:
      cache-control: [no-cache]
      content-length: ['384']
      content-type: [application/json; charset=utf-8]
      date: ['Mon, 10 Sep 2018 17:10:42 GMT']
      expires: ['-1']
      pragma: [no-cache]
      strict-transport-security: [max-age=31536000; includeSubDomains]
      x-content-type-options: [nosniff]
      x-ms-ratelimit-remaining-subscription-writes: ['1193']
    status: {code: 201, message: Created}
- request:
    body: null
    headers:
      Accept: [application/json]
      Accept-Encoding: ['gzip, deflate']
      CommandName: [network vnet subnet list-available-delegations]
      Connection: [keep-alive]
      User-Agent: [python/3.6.5 (Windows-10-10.0.17134-SP0) requests/2.19.1 msrest/0.5.5
          msrest_azure/0.5.0 networkmanagementclient/2.1.0 Azure-SDK-For-Python AZURECLI/2.0.46]
      accept-language: [en-US]
    method: GET
    uri: https://management.azure.com/subscriptions/00000000-0000-0000-0000-000000000000/providers/Microsoft.Network/locations/eastus/availableDelegations?api-version=2018-08-01
  response:
    body: {string: "{\r\n  \"value\": [\r\n    {\r\n      \"name\": \"Microsoft.Web.serverFarms\",\r\n
        \     \"id\": \"/subscriptions/00000000-0000-0000-0000-000000000000/providers/Microsoft.Network/availableDelegations/Microsoft.Web.serverFarms\",\r\n
        \     \"type\": \"Microsoft.Network/availableDelegations\",\r\n      \"serviceName\":
        \"Microsoft.Web/serverFarms\",\r\n      \"actions\": [\r\n        \"Microsoft.Network/virtualNetworks/subnets/action\"\r\n
        \     ]\r\n    },\r\n    {\r\n      \"name\": \"Microsoft.Sql.servers\",\r\n
        \     \"id\": \"/subscriptions/00000000-0000-0000-0000-000000000000/providers/Microsoft.Network/availableDelegations/Microsoft.Sql.servers\",\r\n
        \     \"type\": \"Microsoft.Network/availableDelegations\",\r\n      \"serviceName\":
        \"Microsoft.Sql/servers\",\r\n      \"actions\": []\r\n    },\r\n    {\r\n
        \     \"name\": \"Microsoft.ContainerInstance.containerGroups\",\r\n      \"id\":
        \"/subscriptions/00000000-0000-0000-0000-000000000000/providers/Microsoft.Network/availableDelegations/Microsoft.ContainerInstance.containerGroups\",\r\n
        \     \"type\": \"Microsoft.Network/availableDelegations\",\r\n      \"serviceName\":
        \"Microsoft.ContainerInstance/containerGroups\",\r\n      \"actions\": [\r\n
        \       \"Microsoft.Network/virtualNetworks/subnets/action\"\r\n      ]\r\n
        \   },\r\n    {\r\n      \"name\": \"Microsoft.Netapp.volumes\",\r\n      \"id\":
        \"/subscriptions/00000000-0000-0000-0000-000000000000/providers/Microsoft.Network/availableDelegations/Microsoft.Netapp.volumes\",\r\n
        \     \"type\": \"Microsoft.Network/availableDelegations\",\r\n      \"serviceName\":
        \"Microsoft.Netapp/volumes\",\r\n      \"actions\": [\r\n        \"Microsoft.Network/networkinterfaces/*\",\r\n
        \       \"Microsoft.Network/virtualNetworks/subnets/join/action\"\r\n      ]\r\n
        \   },\r\n    {\r\n      \"name\": \"Microsoft.HardwareSecurityModules.dedicatedHSMs\",\r\n
        \     \"id\": \"/subscriptions/00000000-0000-0000-0000-000000000000/providers/Microsoft.Network/availableDelegations/Microsoft.HardwareSecurityModules.dedicatedHSMs\",\r\n
        \     \"type\": \"Microsoft.Network/availableDelegations\",\r\n      \"serviceName\":
        \"Microsoft.HardwareSecurityModules/dedicatedHSMs\",\r\n      \"actions\":
        [\r\n        \"Microsoft.Network/networkinterfaces/*\",\r\n        \"Microsoft.Network/virtualNetworks/subnets/join/action\"\r\n
        \     ]\r\n    },\r\n    {\r\n      \"name\": \"Microsoft.ServiceFabricMesh.networks\",\r\n
        \     \"id\": \"/subscriptions/00000000-0000-0000-0000-000000000000/providers/Microsoft.Network/availableDelegations/Microsoft.ServiceFabricMesh.networks\",\r\n
        \     \"type\": \"Microsoft.Network/availableDelegations\",\r\n      \"serviceName\":
        \"Microsoft.ServiceFabricMesh/networks\",\r\n      \"actions\": [\r\n        \"Microsoft.Network/virtualNetworks/subnets/action\"\r\n
        \     ]\r\n    }\r\n  ]\r\n}"}
    headers:
      cache-control: [no-cache]
      content-length: ['2596']
      content-type: [application/json; charset=utf-8]
      date: ['Mon, 10 Sep 2018 17:10:44 GMT']
      expires: ['-1']
      pragma: [no-cache]
      server: [Microsoft-HTTPAPI/2.0, Microsoft-HTTPAPI/2.0]
      strict-transport-security: [max-age=31536000; includeSubDomains]
      transfer-encoding: [chunked]
      vary: [Accept-Encoding]
      x-content-type-options: [nosniff]
    status: {code: 200, message: OK}
- request:
    body: null
    headers:
      Accept: [application/json]
      Accept-Encoding: ['gzip, deflate']
      CommandName: [network vnet subnet list-available-delegations]
      Connection: [keep-alive]
      Content-Type: [application/json; charset=utf-8]
      User-Agent: [python/3.6.5 (Windows-10-10.0.17134-SP0) requests/2.19.1 msrest/0.5.5
          msrest_azure/0.5.0 resourcemanagementclient/2.0.0 Azure-SDK-For-Python AZURECLI/2.0.46]
      accept-language: [en-US]
    method: GET
    uri: https://management.azure.com/subscriptions/00000000-0000-0000-0000-000000000000/resourcegroups/cli_subnet_delegation000001?api-version=2018-05-01
  response:
    body: {string: '{"id":"/subscriptions/00000000-0000-0000-0000-000000000000/resourceGroups/cli_subnet_delegation000001","name":"cli_subnet_delegation000001","location":"westus","tags":{"product":"azurecli","cause":"automation","date":"2018-09-10T17:10:41Z"},"properties":{"provisioningState":"Succeeded"}}'}
    headers:
      cache-control: [no-cache]
      content-length: ['384']
      content-type: [application/json; charset=utf-8]
      date: ['Mon, 10 Sep 2018 17:10:45 GMT']
      expires: ['-1']
      pragma: [no-cache]
      strict-transport-security: [max-age=31536000; includeSubDomains]
      vary: [Accept-Encoding]
      x-content-type-options: [nosniff]
    status: {code: 200, message: OK}
- request:
    body: null
    headers:
      Accept: [application/json]
      Accept-Encoding: ['gzip, deflate']
      CommandName: [network vnet subnet list-available-delegations]
      Connection: [keep-alive]
      User-Agent: [python/3.6.5 (Windows-10-10.0.17134-SP0) requests/2.19.1 msrest/0.5.5
          msrest_azure/0.5.0 networkmanagementclient/2.1.0 Azure-SDK-For-Python AZURECLI/2.0.46]
      accept-language: [en-US]
    method: GET
    uri: https://management.azure.com/subscriptions/00000000-0000-0000-0000-000000000000/resourceGroups/cli_subnet_delegation000001/providers/Microsoft.Network/locations/westus/availableDelegations?api-version=2018-08-01
  response:
    body: {string: "{\r\n  \"value\": [\r\n    {\r\n      \"name\": \"Microsoft.Web.serverFarms\",\r\n
        \     \"id\": \"/subscriptions/00000000-0000-0000-0000-000000000000/resourceGroup/cli_subnet_delegation000001/providers/Microsoft.Network/availableDelegations/Microsoft.Web.serverFarms\",\r\n
        \     \"type\": \"Microsoft.Network/availableDelegations\",\r\n      \"serviceName\":
        \"Microsoft.Web/serverFarms\",\r\n      \"actions\": [\r\n        \"Microsoft.Network/virtualNetworks/subnets/action\"\r\n
        \     ]\r\n    },\r\n    {\r\n      \"name\": \"Microsoft.Sql.servers\",\r\n
        \     \"id\": \"/subscriptions/00000000-0000-0000-0000-000000000000/resourceGroup/cli_subnet_delegation000001/providers/Microsoft.Network/availableDelegations/Microsoft.Sql.servers\",\r\n
        \     \"type\": \"Microsoft.Network/availableDelegations\",\r\n      \"serviceName\":
        \"Microsoft.Sql/servers\",\r\n      \"actions\": []\r\n    },\r\n    {\r\n
        \     \"name\": \"Microsoft.ContainerInstance.containerGroups\",\r\n      \"id\":
        \"/subscriptions/00000000-0000-0000-0000-000000000000/resourceGroup/cli_subnet_delegation000001/providers/Microsoft.Network/availableDelegations/Microsoft.ContainerInstance.containerGroups\",\r\n
        \     \"type\": \"Microsoft.Network/availableDelegations\",\r\n      \"serviceName\":
        \"Microsoft.ContainerInstance/containerGroups\",\r\n      \"actions\": [\r\n
        \       \"Microsoft.Network/virtualNetworks/subnets/action\"\r\n      ]\r\n
        \   },\r\n    {\r\n      \"name\": \"Microsoft.Netapp.volumes\",\r\n      \"id\":
        \"/subscriptions/00000000-0000-0000-0000-000000000000/resourceGroup/cli_subnet_delegation000001/providers/Microsoft.Network/availableDelegations/Microsoft.Netapp.volumes\",\r\n
        \     \"type\": \"Microsoft.Network/availableDelegations\",\r\n      \"serviceName\":
        \"Microsoft.Netapp/volumes\",\r\n      \"actions\": [\r\n        \"Microsoft.Network/networkinterfaces/*\",\r\n
        \       \"Microsoft.Network/virtualNetworks/subnets/join/action\"\r\n      ]\r\n
        \   },\r\n    {\r\n      \"name\": \"Microsoft.HardwareSecurityModules.dedicatedHSMs\",\r\n
        \     \"id\": \"/subscriptions/00000000-0000-0000-0000-000000000000/resourceGroup/cli_subnet_delegation000001/providers/Microsoft.Network/availableDelegations/Microsoft.HardwareSecurityModules.dedicatedHSMs\",\r\n
        \     \"type\": \"Microsoft.Network/availableDelegations\",\r\n      \"serviceName\":
        \"Microsoft.HardwareSecurityModules/dedicatedHSMs\",\r\n      \"actions\":
        [\r\n        \"Microsoft.Network/networkinterfaces/*\",\r\n        \"Microsoft.Network/virtualNetworks/subnets/join/action\"\r\n
        \     ]\r\n    },\r\n    {\r\n      \"name\": \"Microsoft.ServiceFabricMesh.networks\",\r\n
        \     \"id\": \"/subscriptions/00000000-0000-0000-0000-000000000000/resourceGroup/cli_subnet_delegation000001/providers/Microsoft.Network/availableDelegations/Microsoft.ServiceFabricMesh.networks\",\r\n
        \     \"type\": \"Microsoft.Network/availableDelegations\",\r\n      \"serviceName\":
        \"Microsoft.ServiceFabricMesh/networks\",\r\n      \"actions\": [\r\n        \"Microsoft.Network/virtualNetworks/subnets/action\"\r\n
        \     ]\r\n    }\r\n  ]\r\n}"}
    headers:
      cache-control: [no-cache]
      content-length: ['3136']
      content-type: [application/json; charset=utf-8]
      date: ['Mon, 10 Sep 2018 17:10:45 GMT']
      expires: ['-1']
      pragma: [no-cache]
      server: [Microsoft-HTTPAPI/2.0, Microsoft-HTTPAPI/2.0]
      strict-transport-security: [max-age=31536000; includeSubDomains]
      transfer-encoding: [chunked]
      vary: [Accept-Encoding]
      x-content-type-options: [nosniff]
    status: {code: 200, message: OK}
- request:
    body: null
    headers:
      Accept: [application/json]
      Accept-Encoding: ['gzip, deflate']
      CommandName: [network vnet create]
      Connection: [keep-alive]
      Content-Type: [application/json; charset=utf-8]
      User-Agent: [python/3.6.5 (Windows-10-10.0.17134-SP0) requests/2.19.1 msrest/0.5.5
          msrest_azure/0.5.0 resourcemanagementclient/2.0.0 Azure-SDK-For-Python AZURECLI/2.0.46]
      accept-language: [en-US]
    method: GET
    uri: https://management.azure.com/subscriptions/00000000-0000-0000-0000-000000000000/resourcegroups/cli_subnet_delegation000001?api-version=2018-05-01
  response:
    body: {string: '{"id":"/subscriptions/00000000-0000-0000-0000-000000000000/resourceGroups/cli_subnet_delegation000001","name":"cli_subnet_delegation000001","location":"westus","tags":{"product":"azurecli","cause":"automation","date":"2018-09-10T17:10:41Z"},"properties":{"provisioningState":"Succeeded"}}'}
    headers:
      cache-control: [no-cache]
      content-length: ['384']
      content-type: [application/json; charset=utf-8]
      date: ['Mon, 10 Sep 2018 17:10:45 GMT']
      expires: ['-1']
      pragma: [no-cache]
      strict-transport-security: [max-age=31536000; includeSubDomains]
      vary: [Accept-Encoding]
      x-content-type-options: [nosniff]
    status: {code: 200, message: OK}
- request:
    body: '{"location": "westus", "tags": {}, "properties": {"addressSpace": {"addressPrefixes":
      ["10.0.0.0/16"]}, "dhcpOptions": {}}}'
    headers:
      Accept: [application/json]
      Accept-Encoding: ['gzip, deflate']
      CommandName: [network vnet create]
      Connection: [keep-alive]
      Content-Length: ['123']
      Content-Type: [application/json; charset=utf-8]
      User-Agent: [python/3.6.5 (Windows-10-10.0.17134-SP0) requests/2.19.1 msrest/0.5.5
          msrest_azure/0.5.0 networkmanagementclient/2.1.0 Azure-SDK-For-Python AZURECLI/2.0.46]
      accept-language: [en-US]
    method: PUT
    uri: https://management.azure.com/subscriptions/00000000-0000-0000-0000-000000000000/resourceGroups/cli_subnet_delegation000001/providers/Microsoft.Network/virtualNetworks/vnet1?api-version=2018-08-01
  response:
    body: {string: "{\r\n  \"name\": \"vnet1\",\r\n  \"id\": \"/subscriptions/00000000-0000-0000-0000-000000000000/resourceGroups/cli_subnet_delegation000001/providers/Microsoft.Network/virtualNetworks/vnet1\",\r\n
        \ \"etag\": \"W/\\\"d70773b8-73c9-47e6-abbd-248e9554b310\\\"\",\r\n  \"type\":
        \"Microsoft.Network/virtualNetworks\",\r\n  \"location\": \"westus\",\r\n
        \ \"tags\": {},\r\n  \"properties\": {\r\n    \"provisioningState\": \"Updating\",\r\n
        \   \"resourceGuid\": \"a5bc5746-0287-47ac-8640-ecaa51db3f54\",\r\n    \"addressSpace\":
        {\r\n      \"addressPrefixes\": [\r\n        \"10.0.0.0/16\"\r\n      ]\r\n
        \   },\r\n    \"dhcpOptions\": {\r\n      \"dnsServers\": []\r\n    },\r\n
        \   \"subnets\": [],\r\n    \"virtualNetworkPeerings\": [],\r\n    \"enableDdosProtection\":
        false,\r\n    \"enableVmProtection\": false\r\n  }\r\n}"}
    headers:
      azure-asyncoperation: ['https://management.azure.com/subscriptions/00000000-0000-0000-0000-000000000000/providers/Microsoft.Network/locations/westus/operations/c44191d9-53ad-4358-a289-c55b5d3d61e8?api-version=2018-08-01']
      cache-control: [no-cache]
      content-length: ['766']
      content-type: [application/json; charset=utf-8]
      date: ['Mon, 10 Sep 2018 17:10:47 GMT']
      expires: ['-1']
      pragma: [no-cache]
      server: [Microsoft-HTTPAPI/2.0, Microsoft-HTTPAPI/2.0]
      strict-transport-security: [max-age=31536000; includeSubDomains]
      x-content-type-options: [nosniff]
      x-ms-ratelimit-remaining-subscription-writes: ['1194']
    status: {code: 201, message: Created}
- request:
    body: null
    headers:
      Accept: [application/json]
      Accept-Encoding: ['gzip, deflate']
      CommandName: [network vnet create]
      Connection: [keep-alive]
      User-Agent: [python/3.6.5 (Windows-10-10.0.17134-SP0) requests/2.19.1 msrest/0.5.5
          msrest_azure/0.5.0 networkmanagementclient/2.1.0 Azure-SDK-For-Python AZURECLI/2.0.46]
    method: GET
    uri: https://management.azure.com/subscriptions/00000000-0000-0000-0000-000000000000/providers/Microsoft.Network/locations/westus/operations/c44191d9-53ad-4358-a289-c55b5d3d61e8?api-version=2018-08-01
  response:
    body: {string: "{\r\n  \"status\": \"InProgress\"\r\n}"}
    headers:
      cache-control: [no-cache]
      content-length: ['30']
      content-type: [application/json; charset=utf-8]
      date: ['Mon, 10 Sep 2018 17:10:50 GMT']
      expires: ['-1']
      pragma: [no-cache]
      server: [Microsoft-HTTPAPI/2.0, Microsoft-HTTPAPI/2.0]
      strict-transport-security: [max-age=31536000; includeSubDomains]
      transfer-encoding: [chunked]
      vary: [Accept-Encoding]
      x-content-type-options: [nosniff]
    status: {code: 200, message: OK}
- request:
    body: null
    headers:
      Accept: [application/json]
      Accept-Encoding: ['gzip, deflate']
      CommandName: [network vnet create]
      Connection: [keep-alive]
      User-Agent: [python/3.6.5 (Windows-10-10.0.17134-SP0) requests/2.19.1 msrest/0.5.5
          msrest_azure/0.5.0 networkmanagementclient/2.1.0 Azure-SDK-For-Python AZURECLI/2.0.46]
    method: GET
    uri: https://management.azure.com/subscriptions/00000000-0000-0000-0000-000000000000/providers/Microsoft.Network/locations/westus/operations/c44191d9-53ad-4358-a289-c55b5d3d61e8?api-version=2018-08-01
  response:
    body: {string: "{\r\n  \"status\": \"Succeeded\"\r\n}"}
    headers:
      cache-control: [no-cache]
      content-length: ['29']
      content-type: [application/json; charset=utf-8]
      date: ['Mon, 10 Sep 2018 17:11:00 GMT']
      expires: ['-1']
      pragma: [no-cache]
      server: [Microsoft-HTTPAPI/2.0, Microsoft-HTTPAPI/2.0]
      strict-transport-security: [max-age=31536000; includeSubDomains]
      transfer-encoding: [chunked]
      vary: [Accept-Encoding]
      x-content-type-options: [nosniff]
    status: {code: 200, message: OK}
- request:
    body: null
    headers:
      Accept: [application/json]
      Accept-Encoding: ['gzip, deflate']
      CommandName: [network vnet create]
      Connection: [keep-alive]
      User-Agent: [python/3.6.5 (Windows-10-10.0.17134-SP0) requests/2.19.1 msrest/0.5.5
          msrest_azure/0.5.0 networkmanagementclient/2.1.0 Azure-SDK-For-Python AZURECLI/2.0.46]
    method: GET
    uri: https://management.azure.com/subscriptions/00000000-0000-0000-0000-000000000000/resourceGroups/cli_subnet_delegation000001/providers/Microsoft.Network/virtualNetworks/vnet1?api-version=2018-08-01
  response:
    body: {string: "{\r\n  \"name\": \"vnet1\",\r\n  \"id\": \"/subscriptions/00000000-0000-0000-0000-000000000000/resourceGroups/cli_subnet_delegation000001/providers/Microsoft.Network/virtualNetworks/vnet1\",\r\n
        \ \"etag\": \"W/\\\"0b066705-1e3a-4a7b-ae7e-519221a27482\\\"\",\r\n  \"type\":
        \"Microsoft.Network/virtualNetworks\",\r\n  \"location\": \"westus\",\r\n
        \ \"tags\": {},\r\n  \"properties\": {\r\n    \"provisioningState\": \"Succeeded\",\r\n
        \   \"resourceGuid\": \"a5bc5746-0287-47ac-8640-ecaa51db3f54\",\r\n    \"addressSpace\":
        {\r\n      \"addressPrefixes\": [\r\n        \"10.0.0.0/16\"\r\n      ]\r\n
        \   },\r\n    \"dhcpOptions\": {\r\n      \"dnsServers\": []\r\n    },\r\n
        \   \"subnets\": [],\r\n    \"virtualNetworkPeerings\": [],\r\n    \"enableDdosProtection\":
        false,\r\n    \"enableVmProtection\": false\r\n  }\r\n}"}
    headers:
      cache-control: [no-cache]
      content-length: ['767']
      content-type: [application/json; charset=utf-8]
      date: ['Mon, 10 Sep 2018 17:11:01 GMT']
      etag: [W/"0b066705-1e3a-4a7b-ae7e-519221a27482"]
      expires: ['-1']
      pragma: [no-cache]
      server: [Microsoft-HTTPAPI/2.0, Microsoft-HTTPAPI/2.0]
      strict-transport-security: [max-age=31536000; includeSubDomains]
      transfer-encoding: [chunked]
      vary: [Accept-Encoding]
      x-content-type-options: [nosniff]
    status: {code: 200, message: OK}
- request:
    body: '{"properties": {"addressPrefix": "10.0.0.0/24", "delegations": [{"properties":
      {"serviceName": "Microsoft.Sql/servers"}, "name": "0"}]}, "name": "subnet1"}'
    headers:
      Accept: [application/json]
      Accept-Encoding: ['gzip, deflate']
      CommandName: [network vnet subnet create]
      Connection: [keep-alive]
      Content-Length: ['155']
      Content-Type: [application/json; charset=utf-8]
      User-Agent: [python/3.6.5 (Windows-10-10.0.17134-SP0) requests/2.19.1 msrest/0.5.5
          msrest_azure/0.5.0 networkmanagementclient/2.1.0 Azure-SDK-For-Python AZURECLI/2.0.46]
      accept-language: [en-US]
    method: PUT
    uri: https://management.azure.com/subscriptions/00000000-0000-0000-0000-000000000000/resourceGroups/cli_subnet_delegation000001/providers/Microsoft.Network/virtualNetworks/vnet1/subnets/subnet1?api-version=2018-08-01
  response:
    body: {string: "{\r\n  \"error\": {\r\n    \"code\": \"RegionNotEnabledForFeature\",\r\n
        \   \"message\": \"Region westus is not enabled for interface endpoints feature.\",\r\n
        \   \"details\": []\r\n  }\r\n}"}
    headers:
      cache-control: [no-cache]
      content-length: ['166']
      content-type: [application/json; charset=utf-8]
      date: ['Mon, 10 Sep 2018 17:11:02 GMT']
      expires: ['-1']
      pragma: [no-cache]
      server: [Microsoft-HTTPAPI/2.0, Microsoft-HTTPAPI/2.0]
      strict-transport-security: [max-age=31536000; includeSubDomains]
      x-content-type-options: [nosniff]
      x-ms-ratelimit-remaining-subscription-writes: ['1199']
    status: {code: 400, message: Bad Request}
- request:
    body: null
    headers:
      Accept: [application/json]
      Accept-Encoding: ['gzip, deflate']
      CommandName: [group delete]
      Connection: [keep-alive]
      Content-Length: ['0']
      Content-Type: [application/json; charset=utf-8]
      User-Agent: [python/3.6.5 (Windows-10-10.0.17134-SP0) requests/2.19.1 msrest/0.5.5
          msrest_azure/0.5.0 resourcemanagementclient/2.0.0 Azure-SDK-For-Python AZURECLI/2.0.46]
      accept-language: [en-US]
    method: DELETE
    uri: https://management.azure.com/subscriptions/00000000-0000-0000-0000-000000000000/resourcegroups/cli_subnet_delegation000001?api-version=2018-05-01
  response:
    body: {string: ''}
    headers:
      cache-control: [no-cache]
      content-length: ['0']
      date: ['Mon, 10 Sep 2018 17:11:03 GMT']
      expires: ['-1']
      location: ['https://management.azure.com/subscriptions/00000000-0000-0000-0000-000000000000/operationresults/eyJqb2JJZCI6IlJFU09VUkNFR1JPVVBERUxFVElPTkpPQi1DTEk6NUZTVUJORVQ6NUZERUxFR0FUSU9OTFFORVNHU1gyNFhCNUk1SkdRVzZRRXxEMzg5NENBMzFEQUI0OEI2LVdFU1RVUyIsImpvYkxvY2F0aW9uIjoid2VzdHVzIn0?api-version=2018-05-01']
      pragma: [no-cache]
      strict-transport-security: [max-age=31536000; includeSubDomains]
      x-content-type-options: [nosniff]
      x-ms-ratelimit-remaining-subscription-deletes: ['14999']
    status: {code: 202, message: Accepted}
version: 1
