interactions:
- request:
    body: '{"location": "westus", "tags": {"use": "az-test"}}'
    headers:
      Accept: [application/json]
      Accept-Encoding: ['gzip, deflate']
      CommandName: [group create]
      Connection: [keep-alive]
      Content-Length: ['50']
      Content-Type: [application/json; charset=utf-8]
      User-Agent: [python/3.6.4 (Windows-10-10.0.16299-SP0) requests/2.18.4 msrest/0.4.27
          msrest_azure/0.4.22 resourcemanagementclient/1.2.1 Azure-SDK-For-Python
          AZURECLI/2.0.30]
      accept-language: [en-US]
    method: PUT
    uri: https://management.azure.com/subscriptions/00000000-0000-0000-0000-000000000000/resourcegroups/cli_dns_zone3_import000001?api-version=2017-05-10
  response:
    body: {string: '{"id":"/subscriptions/00000000-0000-0000-0000-000000000000/resourceGroups/cli_dns_zone3_import000001","name":"cli_dns_zone3_import000001","location":"westus","tags":{"use":"az-test"},"properties":{"provisioningState":"Succeeded"}}'}
    headers:
      cache-control: [no-cache]
      content-length: ['328']
      content-type: [application/json; charset=utf-8]
      date: ['Thu, 15 Mar 2018 03:20:06 GMT']
      expires: ['-1']
      pragma: [no-cache]
      strict-transport-security: [max-age=31536000; includeSubDomains]
      x-content-type-options: [nosniff]
      x-ms-ratelimit-remaining-subscription-writes: ['1198']
    status: {code: 201, message: Created}
- request:
    body: '{"location": "global", "properties": {"zoneType": "Public"}}'
    headers:
      Accept: [application/json]
      Accept-Encoding: ['gzip, deflate']
      CommandName: [network dns zone import]
      Connection: [keep-alive]
      Content-Length: ['60']
      Content-Type: [application/json; charset=utf-8]
      User-Agent: [python/3.6.4 (Windows-10-10.0.16299-SP0) requests/2.18.4 msrest/0.4.27
          msrest_azure/0.4.22 azure-mgmt-dns/2.0.0rc1 Azure-SDK-For-Python AZURECLI/2.0.30]
      accept-language: [en-US]
    method: PUT
    uri: https://management.azure.com/subscriptions/00000000-0000-0000-0000-000000000000/resourceGroups/cli_dns_zone3_import000001/providers/Microsoft.Network/dnsZones/zone3.com?api-version=2018-03-01-preview
  response:
    body: {string: '{"id":"\/subscriptions\/a984ce58-225e-44d2-bc79-20a834ce85ae\/resourceGroups\/cli_dns_zone3_import000001\/providers\/Microsoft.Network\/dnszones\/zone3.com","name":"zone3.com","type":"Microsoft.Network\/dnszones","etag":"00000002-0000-0000-800f-3f870cbcd301","location":"global","tags":{},"properties":{"maxNumberOfRecordSets":5000,"nameServers":["ns1-03.ppe.azure-dns.com.","ns2-03.ppe.azure-dns.net.","ns3-03.ppe.azure-dns.org.","ns4-03.ppe.azure-dns.info."],"numberOfRecordSets":2,"zoneType":"Public"}}'}
    headers:
      cache-control: [private]
      content-length: ['554']
      content-type: [application/json; charset=utf-8]
      date: ['Thu, 15 Mar 2018 03:20:12 GMT']
      etag: [00000002-0000-0000-800f-3f870cbcd301]
      server: [Microsoft-IIS/8.5]
      strict-transport-security: [max-age=31536000; includeSubDomains]
      x-aspnet-version: [4.0.30319]
      x-content-type-options: [nosniff]
      x-ms-ratelimit-remaining-subscription-resource-requests: ['11998']
      x-powered-by: [ASP.NET]
    status: {code: 201, message: Created}
- request:
    body: null
    headers:
      Accept: [application/json]
      Accept-Encoding: ['gzip, deflate']
      CommandName: [network dns zone import]
      Connection: [keep-alive]
      Content-Type: [application/json; charset=utf-8]
      User-Agent: [python/3.6.4 (Windows-10-10.0.16299-SP0) requests/2.18.4 msrest/0.4.27
          msrest_azure/0.4.22 azure-mgmt-dns/2.0.0rc1 Azure-SDK-For-Python AZURECLI/2.0.30]
      accept-language: [en-US]
    method: GET
    uri: https://management.azure.com/subscriptions/00000000-0000-0000-0000-000000000000/resourceGroups/cli_dns_zone3_import000001/providers/Microsoft.Network/dnsZones/zone3.com/SOA/@?api-version=2018-03-01-preview
  response:
    body: {string: '{"id":"\/subscriptions\/a984ce58-225e-44d2-bc79-20a834ce85ae\/resourceGroups\/cli_dns_zone3_import000001\/providers\/Microsoft.Network\/dnszones\/zone3.com\/SOA\/@","name":"@","type":"Microsoft.Network\/dnszones\/SOA","etag":"87073cdb-aa74-42bb-9c31-393ba3556c48","properties":{"fqdn":"zone3.com.","TTL":3600,"SOARecord":{"email":"azuredns-hostmaster.microsoft.com","expireTime":2419200,"host":"ns1-03.ppe.azure-dns.com.","minimumTTL":300,"refreshTime":3600,"retryTime":300,"serialNumber":1}}}'}
    headers:
      cache-control: [private]
      content-length: ['542']
      content-type: [application/json; charset=utf-8]
      date: ['Thu, 15 Mar 2018 03:20:15 GMT']
      etag: [87073cdb-aa74-42bb-9c31-393ba3556c48]
      server: [Microsoft-IIS/8.5]
      strict-transport-security: [max-age=31536000; includeSubDomains]
      transfer-encoding: [chunked]
      vary: [Accept-Encoding]
      x-aspnet-version: [4.0.30319]
      x-content-type-options: [nosniff]
      x-ms-ratelimit-remaining-subscription-resource-requests: ['11999']
      x-powered-by: [ASP.NET]
    status: {code: 200, message: OK}
- request:
    body: '{"properties": {"TTL": 86400, "SOARecord": {"host": "ns1-03.ppe.azure-dns.com.",
      "email": "hostmaster.zone3.com.", "serialNumber": 2003080800, "refreshTime":
      43200, "retryTime": 900, "expireTime": 1814400, "minimumTTL": 10800}}}'
    headers:
      Accept: [application/json]
      Accept-Encoding: ['gzip, deflate']
      CommandName: [network dns zone import]
      Connection: [keep-alive]
      Content-Length: ['228']
      Content-Type: [application/json; charset=utf-8]
      User-Agent: [python/3.6.4 (Windows-10-10.0.16299-SP0) requests/2.18.4 msrest/0.4.27
          msrest_azure/0.4.22 azure-mgmt-dns/2.0.0rc1 Azure-SDK-For-Python AZURECLI/2.0.30]
      accept-language: [en-US]
    method: PUT
    uri: https://management.azure.com/subscriptions/00000000-0000-0000-0000-000000000000/resourceGroups/cli_dns_zone3_import000001/providers/Microsoft.Network/dnsZones/zone3.com/SOA/@?api-version=2018-03-01-preview
  response:
    body: {string: '{"id":"\/subscriptions\/a984ce58-225e-44d2-bc79-20a834ce85ae\/resourceGroups\/cli_dns_zone3_import000001\/providers\/Microsoft.Network\/dnszones\/zone3.com\/SOA\/@","name":"@","type":"Microsoft.Network\/dnszones\/SOA","etag":"d8d334e0-c262-4504-a367-663b1f763b54","properties":{"fqdn":"zone3.com.","TTL":86400,"SOARecord":{"email":"hostmaster.zone3.com.","expireTime":1814400,"host":"ns1-03.ppe.azure-dns.com.","minimumTTL":10800,"refreshTime":43200,"retryTime":900,"serialNumber":2003080800}}}'}
    headers:
      cache-control: [private]
      content-length: ['543']
      content-type: [application/json; charset=utf-8]
      date: ['Thu, 15 Mar 2018 03:20:18 GMT']
      etag: [d8d334e0-c262-4504-a367-663b1f763b54]
      server: [Microsoft-IIS/8.5]
      strict-transport-security: [max-age=31536000; includeSubDomains]
      transfer-encoding: [chunked]
      vary: [Accept-Encoding]
      x-aspnet-version: [4.0.30319]
      x-content-type-options: [nosniff]
      x-ms-ratelimit-remaining-subscription-resource-requests: ['11999']
      x-powered-by: [ASP.NET]
    status: {code: 200, message: OK}
- request:
    body: null
    headers:
      Accept: [application/json]
      Accept-Encoding: ['gzip, deflate']
      CommandName: [network dns zone import]
      Connection: [keep-alive]
      Content-Type: [application/json; charset=utf-8]
      User-Agent: [python/3.6.4 (Windows-10-10.0.16299-SP0) requests/2.18.4 msrest/0.4.27
          msrest_azure/0.4.22 azure-mgmt-dns/2.0.0rc1 Azure-SDK-For-Python AZURECLI/2.0.30]
      accept-language: [en-US]
    method: GET
    uri: https://management.azure.com/subscriptions/00000000-0000-0000-0000-000000000000/resourceGroups/cli_dns_zone3_import000001/providers/Microsoft.Network/dnsZones/zone3.com/NS/@?api-version=2018-03-01-preview
  response:
    body: {string: '{"id":"\/subscriptions\/a984ce58-225e-44d2-bc79-20a834ce85ae\/resourceGroups\/cli_dns_zone3_import000001\/providers\/Microsoft.Network\/dnszones\/zone3.com\/NS\/@","name":"@","type":"Microsoft.Network\/dnszones\/NS","etag":"017474e6-e766-4528-866b-bfa28674a4b0","properties":{"fqdn":"zone3.com.","TTL":172800,"NSRecords":[{"nsdname":"ns1-03.ppe.azure-dns.com."},{"nsdname":"ns2-03.ppe.azure-dns.net."},{"nsdname":"ns3-03.ppe.azure-dns.org."},{"nsdname":"ns4-03.ppe.azure-dns.info."}]}}'}
    headers:
      cache-control: [private]
      content-length: ['534']
      content-type: [application/json; charset=utf-8]
      date: ['Thu, 15 Mar 2018 03:20:21 GMT']
      etag: [017474e6-e766-4528-866b-bfa28674a4b0]
      server: [Microsoft-IIS/8.5]
      strict-transport-security: [max-age=31536000; includeSubDomains]
      transfer-encoding: [chunked]
      vary: [Accept-Encoding]
      x-aspnet-version: [4.0.30319]
      x-content-type-options: [nosniff]
      x-ms-ratelimit-remaining-subscription-resource-requests: ['11999']
      x-powered-by: [ASP.NET]
    status: {code: 200, message: OK}
- request:
    body: '{"etag": "017474e6-e766-4528-866b-bfa28674a4b0", "properties": {"TTL":
      86400, "NSRecords": [{"nsdname": "ns1-03.ppe.azure-dns.com."}, {"nsdname": "ns2-03.ppe.azure-dns.net."},
      {"nsdname": "ns3-03.ppe.azure-dns.org."}, {"nsdname": "ns4-03.ppe.azure-dns.info."}]}}'
    headers:
      Accept: [application/json]
      Accept-Encoding: ['gzip, deflate']
      CommandName: [network dns zone import]
      Connection: [keep-alive]
      Content-Length: ['262']
      Content-Type: [application/json; charset=utf-8]
      User-Agent: [python/3.6.4 (Windows-10-10.0.16299-SP0) requests/2.18.4 msrest/0.4.27
          msrest_azure/0.4.22 azure-mgmt-dns/2.0.0rc1 Azure-SDK-For-Python AZURECLI/2.0.30]
      accept-language: [en-US]
    method: PUT
    uri: https://management.azure.com/subscriptions/00000000-0000-0000-0000-000000000000/resourceGroups/cli_dns_zone3_import000001/providers/Microsoft.Network/dnsZones/zone3.com/NS/@?api-version=2018-03-01-preview
  response:
    body: {string: '{"id":"\/subscriptions\/a984ce58-225e-44d2-bc79-20a834ce85ae\/resourceGroups\/cli_dns_zone3_import000001\/providers\/Microsoft.Network\/dnszones\/zone3.com\/NS\/@","name":"@","type":"Microsoft.Network\/dnszones\/NS","etag":"39484d8e-51a9-44e7-87f3-c9a1e883a87f","properties":{"fqdn":"zone3.com.","TTL":86400,"NSRecords":[{"nsdname":"ns1-03.ppe.azure-dns.com."},{"nsdname":"ns2-03.ppe.azure-dns.net."},{"nsdname":"ns3-03.ppe.azure-dns.org."},{"nsdname":"ns4-03.ppe.azure-dns.info."}]}}'}
    headers:
      cache-control: [private]
      content-length: ['533']
      content-type: [application/json; charset=utf-8]
      date: ['Thu, 15 Mar 2018 03:20:25 GMT']
      etag: [39484d8e-51a9-44e7-87f3-c9a1e883a87f]
      server: [Microsoft-IIS/8.5]
      strict-transport-security: [max-age=31536000; includeSubDomains]
      transfer-encoding: [chunked]
      vary: [Accept-Encoding]
      x-aspnet-version: [4.0.30319]
      x-content-type-options: [nosniff]
      x-ms-ratelimit-remaining-subscription-resource-requests: ['11999']
      x-powered-by: [ASP.NET]
    status: {code: 200, message: OK}
- request:
    body: '{"properties": {"TTL": 3600, "ARecords": [{"ipv4Address": "1.2.3.4"}]}}'
    headers:
      Accept: [application/json]
      Accept-Encoding: ['gzip, deflate']
      CommandName: [network dns zone import]
      Connection: [keep-alive]
      Content-Length: ['71']
      Content-Type: [application/json; charset=utf-8]
      User-Agent: [python/3.6.4 (Windows-10-10.0.16299-SP0) requests/2.18.4 msrest/0.4.27
          msrest_azure/0.4.22 azure-mgmt-dns/2.0.0rc1 Azure-SDK-For-Python AZURECLI/2.0.30]
      accept-language: [en-US]
    method: PUT
    uri: https://management.azure.com/subscriptions/00000000-0000-0000-0000-000000000000/resourceGroups/cli_dns_zone3_import000001/providers/Microsoft.Network/dnsZones/zone3.com/A/test-a?api-version=2018-03-01-preview
  response:
    body: {string: '{"id":"\/subscriptions\/a984ce58-225e-44d2-bc79-20a834ce85ae\/resourceGroups\/cli_dns_zone3_import000001\/providers\/Microsoft.Network\/dnszones\/zone3.com\/A\/test-a","name":"test-a","type":"Microsoft.Network\/dnszones\/A","etag":"3c81fad3-b8ec-4bc7-a121-b13d741e7471","properties":{"fqdn":"test-a.zone3.com.","TTL":3600,"ARecords":[{"ipv4Address":"1.2.3.4"}]}}'}
    headers:
      cache-control: [private]
      content-length: ['411']
      content-type: [application/json; charset=utf-8]
      date: ['Thu, 15 Mar 2018 03:20:29 GMT']
      etag: [3c81fad3-b8ec-4bc7-a121-b13d741e7471]
      server: [Microsoft-IIS/8.5]
      strict-transport-security: [max-age=31536000; includeSubDomains]
      x-aspnet-version: [4.0.30319]
      x-content-type-options: [nosniff]
      x-ms-ratelimit-remaining-subscription-resource-requests: ['11996']
      x-powered-by: [ASP.NET]
    status: {code: 201, message: Created}
- request:
    body: '{"properties": {"TTL": 3600, "AAAARecords": [{"ipv6Address": "2001:cafe:130::100"}]}}'
    headers:
      Accept: [application/json]
      Accept-Encoding: ['gzip, deflate']
      CommandName: [network dns zone import]
      Connection: [keep-alive]
      Content-Length: ['85']
      Content-Type: [application/json; charset=utf-8]
      User-Agent: [python/3.6.4 (Windows-10-10.0.16299-SP0) requests/2.18.4 msrest/0.4.27
          msrest_azure/0.4.22 azure-mgmt-dns/2.0.0rc1 Azure-SDK-For-Python AZURECLI/2.0.30]
      accept-language: [en-US]
    method: PUT
    uri: https://management.azure.com/subscriptions/00000000-0000-0000-0000-000000000000/resourceGroups/cli_dns_zone3_import000001/providers/Microsoft.Network/dnsZones/zone3.com/AAAA/test-aaaa?api-version=2018-03-01-preview
  response:
    body: {string: '{"id":"\/subscriptions\/a984ce58-225e-44d2-bc79-20a834ce85ae\/resourceGroups\/cli_dns_zone3_import000001\/providers\/Microsoft.Network\/dnszones\/zone3.com\/AAAA\/test-aaaa","name":"test-aaaa","type":"Microsoft.Network\/dnszones\/AAAA","etag":"a1890c1e-4505-4c97-8e06-7441622a78d7","properties":{"fqdn":"test-aaaa.zone3.com.","TTL":3600,"AAAARecords":[{"ipv6Address":"2001:cafe:130::100"}]}}'}
    headers:
      cache-control: [private]
      content-length: ['440']
      content-type: [application/json; charset=utf-8]
      date: ['Thu, 15 Mar 2018 03:20:32 GMT']
      etag: [a1890c1e-4505-4c97-8e06-7441622a78d7]
      server: [Microsoft-IIS/8.5]
      strict-transport-security: [max-age=31536000; includeSubDomains]
      x-aspnet-version: [4.0.30319]
      x-content-type-options: [nosniff]
      x-ms-ratelimit-remaining-subscription-resource-requests: ['11998']
      x-powered-by: [ASP.NET]
    status: {code: 201, message: Created}
- request:
    body: '{"properties": {"TTL": 3600, "CNAMERecord": {"cname": "target.com."}}}'
    headers:
      Accept: [application/json]
      Accept-Encoding: ['gzip, deflate']
      CommandName: [network dns zone import]
      Connection: [keep-alive]
      Content-Length: ['70']
      Content-Type: [application/json; charset=utf-8]
      User-Agent: [python/3.6.4 (Windows-10-10.0.16299-SP0) requests/2.18.4 msrest/0.4.27
          msrest_azure/0.4.22 azure-mgmt-dns/2.0.0rc1 Azure-SDK-For-Python AZURECLI/2.0.30]
      accept-language: [en-US]
    method: PUT
    uri: https://management.azure.com/subscriptions/00000000-0000-0000-0000-000000000000/resourceGroups/cli_dns_zone3_import000001/providers/Microsoft.Network/dnsZones/zone3.com/CNAME/test-cname?api-version=2018-03-01-preview
  response:
    body: {string: '{"id":"\/subscriptions\/a984ce58-225e-44d2-bc79-20a834ce85ae\/resourceGroups\/cli_dns_zone3_import000001\/providers\/Microsoft.Network\/dnszones\/zone3.com\/CNAME\/test-cname","name":"test-cname","type":"Microsoft.Network\/dnszones\/CNAME","etag":"d754ef3a-b9f8-4cab-88d3-51a544d1c930","properties":{"fqdn":"test-cname.zone3.com.","TTL":3600,"CNAMERecord":{"cname":"target.com."}}}'}
    headers:
      cache-control: [private]
      content-length: ['430']
      content-type: [application/json; charset=utf-8]
      date: ['Thu, 15 Mar 2018 03:20:36 GMT']
      etag: [d754ef3a-b9f8-4cab-88d3-51a544d1c930]
      server: [Microsoft-IIS/8.5]
      strict-transport-security: [max-age=31536000; includeSubDomains]
      x-aspnet-version: [4.0.30319]
      x-content-type-options: [nosniff]
      x-ms-ratelimit-remaining-subscription-resource-requests: ['11998']
      x-powered-by: [ASP.NET]
    status: {code: 201, message: Created}
- request:
    body: '{"properties": {"TTL": 3600, "MXRecords": [{"preference": 10, "exchange":
      "mail.com."}]}}'
    headers:
      Accept: [application/json]
      Accept-Encoding: ['gzip, deflate']
      CommandName: [network dns zone import]
      Connection: [keep-alive]
      Content-Length: ['89']
      Content-Type: [application/json; charset=utf-8]
      User-Agent: [python/3.6.4 (Windows-10-10.0.16299-SP0) requests/2.18.4 msrest/0.4.27
          msrest_azure/0.4.22 azure-mgmt-dns/2.0.0rc1 Azure-SDK-For-Python AZURECLI/2.0.30]
      accept-language: [en-US]
    method: PUT
    uri: https://management.azure.com/subscriptions/00000000-0000-0000-0000-000000000000/resourceGroups/cli_dns_zone3_import000001/providers/Microsoft.Network/dnsZones/zone3.com/MX/test-mx?api-version=2018-03-01-preview
  response:
    body: {string: '{"id":"\/subscriptions\/a984ce58-225e-44d2-bc79-20a834ce85ae\/resourceGroups\/cli_dns_zone3_import000001\/providers\/Microsoft.Network\/dnszones\/zone3.com\/MX\/test-mx","name":"test-mx","type":"Microsoft.Network\/dnszones\/MX","etag":"222ae817-cf7c-491a-8222-c66ce96a8c38","properties":{"fqdn":"test-mx.zone3.com.","TTL":3600,"MXRecords":[{"exchange":"mail.com.","preference":10}]}}'}
    headers:
      cache-control: [private]
      content-length: ['432']
      content-type: [application/json; charset=utf-8]
      date: ['Thu, 15 Mar 2018 03:20:39 GMT']
      etag: [222ae817-cf7c-491a-8222-c66ce96a8c38]
      server: [Microsoft-IIS/8.5]
      strict-transport-security: [max-age=31536000; includeSubDomains]
      x-aspnet-version: [4.0.30319]
      x-content-type-options: [nosniff]
      x-ms-ratelimit-remaining-subscription-resource-requests: ['11999']
      x-powered-by: [ASP.NET]
    status: {code: 201, message: Created}
- request:
    body: '{"properties": {"TTL": 3600, "NSRecords": [{"nsdname": "ns1.com."}]}}'
    headers:
      Accept: [application/json]
      Accept-Encoding: ['gzip, deflate']
      CommandName: [network dns zone import]
      Connection: [keep-alive]
      Content-Length: ['69']
      Content-Type: [application/json; charset=utf-8]
      User-Agent: [python/3.6.4 (Windows-10-10.0.16299-SP0) requests/2.18.4 msrest/0.4.27
          msrest_azure/0.4.22 azure-mgmt-dns/2.0.0rc1 Azure-SDK-For-Python AZURECLI/2.0.30]
      accept-language: [en-US]
    method: PUT
    uri: https://management.azure.com/subscriptions/00000000-0000-0000-0000-000000000000/resourceGroups/cli_dns_zone3_import000001/providers/Microsoft.Network/dnsZones/zone3.com/NS/test-ns?api-version=2018-03-01-preview
  response:
    body: {string: '{"id":"\/subscriptions\/a984ce58-225e-44d2-bc79-20a834ce85ae\/resourceGroups\/cli_dns_zone3_import000001\/providers\/Microsoft.Network\/dnszones\/zone3.com\/NS\/test-ns","name":"test-ns","type":"Microsoft.Network\/dnszones\/NS","etag":"752ec1b6-f1f7-4b46-8dbb-e51108869a5b","properties":{"fqdn":"test-ns.zone3.com.","TTL":3600,"NSRecords":[{"nsdname":"ns1.com."}]}}'}
    headers:
      cache-control: [private]
      content-length: ['414']
      content-type: [application/json; charset=utf-8]
      date: ['Thu, 15 Mar 2018 03:20:43 GMT']
      etag: [752ec1b6-f1f7-4b46-8dbb-e51108869a5b]
      server: [Microsoft-IIS/8.5]
      strict-transport-security: [max-age=31536000; includeSubDomains]
      x-aspnet-version: [4.0.30319]
      x-content-type-options: [nosniff]
      x-ms-ratelimit-remaining-subscription-resource-requests: ['11998']
      x-powered-by: [ASP.NET]
    status: {code: 201, message: Created}
- request:
    body: '{"properties": {"TTL": 3600, "SRVRecords": [{"priority": 1, "weight": 2,
      "port": 3, "target": "target.com."}]}}'
    headers:
      Accept: [application/json]
      Accept-Encoding: ['gzip, deflate']
      CommandName: [network dns zone import]
      Connection: [keep-alive]
      Content-Length: ['111']
      Content-Type: [application/json; charset=utf-8]
      User-Agent: [python/3.6.4 (Windows-10-10.0.16299-SP0) requests/2.18.4 msrest/0.4.27
          msrest_azure/0.4.22 azure-mgmt-dns/2.0.0rc1 Azure-SDK-For-Python AZURECLI/2.0.30]
      accept-language: [en-US]
    method: PUT
    uri: https://management.azure.com/subscriptions/00000000-0000-0000-0000-000000000000/resourceGroups/cli_dns_zone3_import000001/providers/Microsoft.Network/dnsZones/zone3.com/SRV/_sip._tcp.test-srv?api-version=2018-03-01-preview
  response:
    body: {string: '{"id":"\/subscriptions\/a984ce58-225e-44d2-bc79-20a834ce85ae\/resourceGroups\/cli_dns_zone3_import000001\/providers\/Microsoft.Network\/dnszones\/zone3.com\/SRV\/_sip._tcp.test-srv","name":"_sip._tcp.test-srv","type":"Microsoft.Network\/dnszones\/SRV","etag":"58bfd323-6a92-48f5-8ff9-6dbacd402370","properties":{"fqdn":"_sip._tcp.test-srv.zone3.com.","TTL":3600,"SRVRecords":[{"port":3,"priority":1,"target":"target.com.","weight":2}]}}'}
    headers:
      cache-control: [private]
      content-length: ['485']
      content-type: [application/json; charset=utf-8]
      date: ['Thu, 15 Mar 2018 03:20:46 GMT']
      etag: [58bfd323-6a92-48f5-8ff9-6dbacd402370]
      server: [Microsoft-IIS/8.5]
      strict-transport-security: [max-age=31536000; includeSubDomains]
      x-aspnet-version: [4.0.30319]
      x-content-type-options: [nosniff]
      x-ms-ratelimit-remaining-subscription-resource-requests: ['11999']
      x-powered-by: [ASP.NET]
    status: {code: 201, message: Created}
- request:
    body: '{"properties": {"TTL": 3600, "TXTRecords": [{"value": ["string 1"]}]}}'
    headers:
      Accept: [application/json]
      Accept-Encoding: ['gzip, deflate']
      CommandName: [network dns zone import]
      Connection: [keep-alive]
      Content-Length: ['70']
      Content-Type: [application/json; charset=utf-8]
      User-Agent: [python/3.6.4 (Windows-10-10.0.16299-SP0) requests/2.18.4 msrest/0.4.27
          msrest_azure/0.4.22 azure-mgmt-dns/2.0.0rc1 Azure-SDK-For-Python AZURECLI/2.0.30]
      accept-language: [en-US]
    method: PUT
    uri: https://management.azure.com/subscriptions/00000000-0000-0000-0000-000000000000/resourceGroups/cli_dns_zone3_import000001/providers/Microsoft.Network/dnsZones/zone3.com/TXT/test-txt?api-version=2018-03-01-preview
  response:
    body: {string: '{"id":"\/subscriptions\/a984ce58-225e-44d2-bc79-20a834ce85ae\/resourceGroups\/cli_dns_zone3_import000001\/providers\/Microsoft.Network\/dnszones\/zone3.com\/TXT\/test-txt","name":"test-txt","type":"Microsoft.Network\/dnszones\/TXT","etag":"dd14b081-1848-4d61-b64a-a2b3c113852e","properties":{"fqdn":"test-txt.zone3.com.","TTL":3600,"TXTRecords":[{"value":["string
        1"]}]}}'}
    headers:
      cache-control: [private]
      content-length: ['420']
      content-type: [application/json; charset=utf-8]
      date: ['Thu, 15 Mar 2018 03:20:51 GMT']
      etag: [dd14b081-1848-4d61-b64a-a2b3c113852e]
      server: [Microsoft-IIS/8.5]
      strict-transport-security: [max-age=31536000; includeSubDomains]
      x-aspnet-version: [4.0.30319]
      x-content-type-options: [nosniff]
      x-ms-ratelimit-remaining-subscription-resource-requests: ['11996']
      x-powered-by: [ASP.NET]
    status: {code: 201, message: Created}
- request:
    body: '{"properties": {"TTL": 3600, "ARecords": [{"ipv4Address": "12.1.2.3"},
      {"ipv4Address": "12.2.3.4"}, {"ipv4Address": "12.3.4.5"}, {"ipv4Address": "12.4.5.6"}]}}'
    headers:
      Accept: [application/json]
      Accept-Encoding: ['gzip, deflate']
      CommandName: [network dns zone import]
      Connection: [keep-alive]
      Content-Length: ['159']
      Content-Type: [application/json; charset=utf-8]
      User-Agent: [python/3.6.4 (Windows-10-10.0.16299-SP0) requests/2.18.4 msrest/0.4.27
          msrest_azure/0.4.22 azure-mgmt-dns/2.0.0rc1 Azure-SDK-For-Python AZURECLI/2.0.30]
      accept-language: [en-US]
    method: PUT
    uri: https://management.azure.com/subscriptions/00000000-0000-0000-0000-000000000000/resourceGroups/cli_dns_zone3_import000001/providers/Microsoft.Network/dnsZones/zone3.com/A/d1?api-version=2018-03-01-preview
  response:
    body: {string: '{"id":"\/subscriptions\/a984ce58-225e-44d2-bc79-20a834ce85ae\/resourceGroups\/cli_dns_zone3_import000001\/providers\/Microsoft.Network\/dnszones\/zone3.com\/A\/d1","name":"d1","type":"Microsoft.Network\/dnszones\/A","etag":"f818f887-c733-4081-a6a2-7eb6e126683b","properties":{"fqdn":"d1.zone3.com.","TTL":3600,"ARecords":[{"ipv4Address":"12.1.2.3"},{"ipv4Address":"12.2.3.4"},{"ipv4Address":"12.3.4.5"},{"ipv4Address":"12.4.5.6"}]}}'}
    headers:
      cache-control: [private]
      content-length: ['481']
      content-type: [application/json; charset=utf-8]
      date: ['Thu, 15 Mar 2018 03:20:55 GMT']
      etag: [f818f887-c733-4081-a6a2-7eb6e126683b]
      server: [Microsoft-IIS/8.5]
      strict-transport-security: [max-age=31536000; includeSubDomains]
      x-aspnet-version: [4.0.30319]
      x-content-type-options: [nosniff]
      x-ms-ratelimit-remaining-subscription-resource-requests: ['11993']
      x-powered-by: [ASP.NET]
    status: {code: 201, message: Created}
- request:
    body: '{"properties": {"TTL": 3600, "NSRecords": [{"nsdname": "hood.com."}]}}'
    headers:
      Accept: [application/json]
      Accept-Encoding: ['gzip, deflate']
      CommandName: [network dns zone import]
      Connection: [keep-alive]
      Content-Length: ['70']
      Content-Type: [application/json; charset=utf-8]
      User-Agent: [python/3.6.4 (Windows-10-10.0.16299-SP0) requests/2.18.4 msrest/0.4.27
          msrest_azure/0.4.22 azure-mgmt-dns/2.0.0rc1 Azure-SDK-For-Python AZURECLI/2.0.30]
      accept-language: [en-US]
    method: PUT
    uri: https://management.azure.com/subscriptions/00000000-0000-0000-0000-000000000000/resourceGroups/cli_dns_zone3_import000001/providers/Microsoft.Network/dnsZones/zone3.com/NS/d1?api-version=2018-03-01-preview
  response:
    body: {string: '{"id":"\/subscriptions\/a984ce58-225e-44d2-bc79-20a834ce85ae\/resourceGroups\/cli_dns_zone3_import000001\/providers\/Microsoft.Network\/dnszones\/zone3.com\/NS\/d1","name":"d1","type":"Microsoft.Network\/dnszones\/NS","etag":"b4d0520f-7711-40cc-9abd-d271a86d5bb7","properties":{"fqdn":"d1.zone3.com.","TTL":3600,"NSRecords":[{"nsdname":"hood.com."}]}}'}
    headers:
      cache-control: [private]
      content-length: ['400']
      content-type: [application/json; charset=utf-8]
      date: ['Thu, 15 Mar 2018 03:20:59 GMT']
      etag: [b4d0520f-7711-40cc-9abd-d271a86d5bb7]
      server: [Microsoft-IIS/8.5]
      strict-transport-security: [max-age=31536000; includeSubDomains]
      x-aspnet-version: [4.0.30319]
      x-content-type-options: [nosniff]
      x-ms-ratelimit-remaining-subscription-resource-requests: ['11998']
      x-powered-by: [ASP.NET]
    status: {code: 201, message: Created}
- request:
    body: '{"properties": {"TTL": 3600, "TXTRecords": [{"value": ["fishfishfish"]}]}}'
    headers:
      Accept: [application/json]
      Accept-Encoding: ['gzip, deflate']
      CommandName: [network dns zone import]
      Connection: [keep-alive]
      Content-Length: ['74']
      Content-Type: [application/json; charset=utf-8]
      User-Agent: [python/3.6.4 (Windows-10-10.0.16299-SP0) requests/2.18.4 msrest/0.4.27
          msrest_azure/0.4.22 azure-mgmt-dns/2.0.0rc1 Azure-SDK-For-Python AZURECLI/2.0.30]
      accept-language: [en-US]
    method: PUT
    uri: https://management.azure.com/subscriptions/00000000-0000-0000-0000-000000000000/resourceGroups/cli_dns_zone3_import000001/providers/Microsoft.Network/dnsZones/zone3.com/TXT/d1?api-version=2018-03-01-preview
  response:
    body: {string: '{"id":"\/subscriptions\/a984ce58-225e-44d2-bc79-20a834ce85ae\/resourceGroups\/cli_dns_zone3_import000001\/providers\/Microsoft.Network\/dnszones\/zone3.com\/TXT\/d1","name":"d1","type":"Microsoft.Network\/dnszones\/TXT","etag":"e3bda5db-cbe7-4211-9f96-202d2617d6e3","properties":{"fqdn":"d1.zone3.com.","TTL":3600,"TXTRecords":[{"value":["fishfishfish"]}]}}'}
    headers:
      cache-control: [private]
      content-length: ['406']
      content-type: [application/json; charset=utf-8]
      date: ['Thu, 15 Mar 2018 03:21:06 GMT']
      etag: [e3bda5db-cbe7-4211-9f96-202d2617d6e3]
      server: [Microsoft-IIS/8.5]
      strict-transport-security: [max-age=31536000; includeSubDomains]
      x-aspnet-version: [4.0.30319]
      x-content-type-options: [nosniff]
      x-ms-ratelimit-remaining-subscription-resource-requests: ['11997']
      x-powered-by: [ASP.NET]
    status: {code: 201, message: Created}
- request:
    body: '{"properties": {"TTL": 3600, "ARecords": [{"ipv4Address": "11.1.2.3"},
      {"ipv4Address": "11.2.3.3"}]}}'
    headers:
      Accept: [application/json]
      Accept-Encoding: ['gzip, deflate']
      CommandName: [network dns zone import]
      Connection: [keep-alive]
      Content-Length: ['101']
      Content-Type: [application/json; charset=utf-8]
      User-Agent: [python/3.6.4 (Windows-10-10.0.16299-SP0) requests/2.18.4 msrest/0.4.27
          msrest_azure/0.4.22 azure-mgmt-dns/2.0.0rc1 Azure-SDK-For-Python AZURECLI/2.0.30]
      accept-language: [en-US]
    method: PUT
    uri: https://management.azure.com/subscriptions/00000000-0000-0000-0000-000000000000/resourceGroups/cli_dns_zone3_import000001/providers/Microsoft.Network/dnsZones/zone3.com/A/f1?api-version=2018-03-01-preview
  response:
    body: {string: '{"id":"\/subscriptions\/a984ce58-225e-44d2-bc79-20a834ce85ae\/resourceGroups\/cli_dns_zone3_import000001\/providers\/Microsoft.Network\/dnszones\/zone3.com\/A\/f1","name":"f1","type":"Microsoft.Network\/dnszones\/A","etag":"1a8c3396-440b-4940-99c1-a6bb1ac08315","properties":{"fqdn":"f1.zone3.com.","TTL":3600,"ARecords":[{"ipv4Address":"11.1.2.3"},{"ipv4Address":"11.2.3.3"}]}}'}
    headers:
      cache-control: [private]
      content-length: ['427']
      content-type: [application/json; charset=utf-8]
      date: ['Thu, 15 Mar 2018 03:21:10 GMT']
      etag: [1a8c3396-440b-4940-99c1-a6bb1ac08315]
      server: [Microsoft-IIS/8.5]
      strict-transport-security: [max-age=31536000; includeSubDomains]
      x-aspnet-version: [4.0.30319]
      x-content-type-options: [nosniff]
      x-ms-ratelimit-remaining-subscription-resource-requests: ['11995']
      x-powered-by: [ASP.NET]
    status: {code: 201, message: Created}
- request:
    body: '{"properties": {"TTL": 3600, "ARecords": [{"ipv4Address": "11.2.3.4"},
      {"ipv4Address": "11.5.6.7"}]}}'
    headers:
      Accept: [application/json]
      Accept-Encoding: ['gzip, deflate']
      CommandName: [network dns zone import]
      Connection: [keep-alive]
      Content-Length: ['101']
      Content-Type: [application/json; charset=utf-8]
      User-Agent: [python/3.6.4 (Windows-10-10.0.16299-SP0) requests/2.18.4 msrest/0.4.27
          msrest_azure/0.4.22 azure-mgmt-dns/2.0.0rc1 Azure-SDK-For-Python AZURECLI/2.0.30]
      accept-language: [en-US]
    method: PUT
    uri: https://management.azure.com/subscriptions/00000000-0000-0000-0000-000000000000/resourceGroups/cli_dns_zone3_import000001/providers/Microsoft.Network/dnsZones/zone3.com/A/f2?api-version=2018-03-01-preview
  response:
    body: {string: '{"id":"\/subscriptions\/a984ce58-225e-44d2-bc79-20a834ce85ae\/resourceGroups\/cli_dns_zone3_import000001\/providers\/Microsoft.Network\/dnszones\/zone3.com\/A\/f2","name":"f2","type":"Microsoft.Network\/dnszones\/A","etag":"c5a81f31-5e84-4ebe-81c8-cd7d0747b32a","properties":{"fqdn":"f2.zone3.com.","TTL":3600,"ARecords":[{"ipv4Address":"11.2.3.4"},{"ipv4Address":"11.5.6.7"}]}}'}
    headers:
      cache-control: [private]
      content-length: ['427']
      content-type: [application/json; charset=utf-8]
      date: ['Thu, 15 Mar 2018 03:21:13 GMT']
      etag: [c5a81f31-5e84-4ebe-81c8-cd7d0747b32a]
      server: [Microsoft-IIS/8.5]
      strict-transport-security: [max-age=31536000; includeSubDomains]
      x-aspnet-version: [4.0.30319]
      x-content-type-options: [nosniff]
      x-ms-ratelimit-remaining-subscription-resource-requests: ['11994']
      x-powered-by: [ASP.NET]
    status: {code: 201, message: Created}
- request:
    body: '{"properties": {"TTL": 3600, "SRVRecords": [{"priority": 10, "weight":
      20, "port": 30, "target": "foo.com."}]}}'
    headers:
      Accept: [application/json]
      Accept-Encoding: ['gzip, deflate']
      CommandName: [network dns zone import]
      Connection: [keep-alive]
      Content-Length: ['111']
      Content-Type: [application/json; charset=utf-8]
      User-Agent: [python/3.6.4 (Windows-10-10.0.16299-SP0) requests/2.18.4 msrest/0.4.27
          msrest_azure/0.4.22 azure-mgmt-dns/2.0.0rc1 Azure-SDK-For-Python AZURECLI/2.0.30]
      accept-language: [en-US]
    method: PUT
    uri: https://management.azure.com/subscriptions/00000000-0000-0000-0000-000000000000/resourceGroups/cli_dns_zone3_import000001/providers/Microsoft.Network/dnsZones/zone3.com/SRV/_sip._tcp?api-version=2018-03-01-preview
  response:
    body: {string: '{"id":"\/subscriptions\/a984ce58-225e-44d2-bc79-20a834ce85ae\/resourceGroups\/cli_dns_zone3_import000001\/providers\/Microsoft.Network\/dnszones\/zone3.com\/SRV\/_sip._tcp","name":"_sip._tcp","type":"Microsoft.Network\/dnszones\/SRV","etag":"0149d738-dc64-4f5c-853d-d15291ace10b","properties":{"fqdn":"_sip._tcp.zone3.com.","TTL":3600,"SRVRecords":[{"port":30,"priority":10,"target":"foo.com.","weight":20}]}}'}
    headers:
      cache-control: [private]
      content-length: ['458']
      content-type: [application/json; charset=utf-8]
      date: ['Thu, 15 Mar 2018 03:21:16 GMT']
      etag: [0149d738-dc64-4f5c-853d-d15291ace10b]
      server: [Microsoft-IIS/8.5]
      strict-transport-security: [max-age=31536000; includeSubDomains]
      x-aspnet-version: [4.0.30319]
      x-content-type-options: [nosniff]
      x-ms-ratelimit-remaining-subscription-resource-requests: ['11997']
      x-powered-by: [ASP.NET]
    status: {code: 201, message: Created}
- request:
    body: '{"properties": {"TTL": 3600, "MXRecords": [{"preference": 100, "exchange":
      "mail.test.com."}]}}'
    headers:
      Accept: [application/json]
      Accept-Encoding: ['gzip, deflate']
      CommandName: [network dns zone import]
      Connection: [keep-alive]
      Content-Length: ['95']
      Content-Type: [application/json; charset=utf-8]
      User-Agent: [python/3.6.4 (Windows-10-10.0.16299-SP0) requests/2.18.4 msrest/0.4.27
          msrest_azure/0.4.22 azure-mgmt-dns/2.0.0rc1 Azure-SDK-For-Python AZURECLI/2.0.30]
      accept-language: [en-US]
    method: PUT
    uri: https://management.azure.com/subscriptions/00000000-0000-0000-0000-000000000000/resourceGroups/cli_dns_zone3_import000001/providers/Microsoft.Network/dnsZones/zone3.com/MX/mail?api-version=2018-03-01-preview
  response:
    body: {string: '{"id":"\/subscriptions\/a984ce58-225e-44d2-bc79-20a834ce85ae\/resourceGroups\/cli_dns_zone3_import000001\/providers\/Microsoft.Network\/dnszones\/zone3.com\/MX\/mail","name":"mail","type":"Microsoft.Network\/dnszones\/MX","etag":"18d090d5-d7ea-448c-890f-3ee3510b6950","properties":{"fqdn":"mail.zone3.com.","TTL":3600,"MXRecords":[{"exchange":"mail.test.com.","preference":100}]}}'}
    headers:
      cache-control: [private]
      content-length: ['429']
      content-type: [application/json; charset=utf-8]
      date: ['Thu, 15 Mar 2018 03:21:20 GMT']
      etag: [18d090d5-d7ea-448c-890f-3ee3510b6950]
      server: [Microsoft-IIS/8.5]
      strict-transport-security: [max-age=31536000; includeSubDomains]
      x-aspnet-version: [4.0.30319]
      x-content-type-options: [nosniff]
      x-ms-ratelimit-remaining-subscription-resource-requests: ['11997']
      x-powered-by: [ASP.NET]
    status: {code: 201, message: Created}
- request:
    body: '{"properties": {"TTL": 3600, "ARecords": [{"ipv4Address": "1.2.3.4"}, {"ipv4Address":
      "2.3.4.5"}]}}'
    headers:
      Accept: [application/json]
      Accept-Encoding: ['gzip, deflate']
      CommandName: [network dns zone import]
      Connection: [keep-alive]
      Content-Length: ['99']
      Content-Type: [application/json; charset=utf-8]
      User-Agent: [python/3.6.4 (Windows-10-10.0.16299-SP0) requests/2.18.4 msrest/0.4.27
          msrest_azure/0.4.22 azure-mgmt-dns/2.0.0rc1 Azure-SDK-For-Python AZURECLI/2.0.30]
      accept-language: [en-US]
    method: PUT
    uri: https://management.azure.com/subscriptions/00000000-0000-0000-0000-000000000000/resourceGroups/cli_dns_zone3_import000001/providers/Microsoft.Network/dnsZones/zone3.com/A/noclass?api-version=2018-03-01-preview
  response:
    body: {string: '{"id":"\/subscriptions\/a984ce58-225e-44d2-bc79-20a834ce85ae\/resourceGroups\/cli_dns_zone3_import000001\/providers\/Microsoft.Network\/dnszones\/zone3.com\/A\/noclass","name":"noclass","type":"Microsoft.Network\/dnszones\/A","etag":"70c44624-bb5b-40f7-8bf8-67e28515b950","properties":{"fqdn":"noclass.zone3.com.","TTL":3600,"ARecords":[{"ipv4Address":"1.2.3.4"},{"ipv4Address":"2.3.4.5"}]}}'}
    headers:
      cache-control: [private]
      content-length: ['440']
      content-type: [application/json; charset=utf-8]
      date: ['Thu, 15 Mar 2018 03:21:24 GMT']
      etag: [70c44624-bb5b-40f7-8bf8-67e28515b950]
      server: [Microsoft-IIS/8.5]
      strict-transport-security: [max-age=31536000; includeSubDomains]
      x-aspnet-version: [4.0.30319]
      x-content-type-options: [nosniff]
      x-ms-ratelimit-remaining-subscription-resource-requests: ['11995']
      x-powered-by: [ASP.NET]
    status: {code: 201, message: Created}
- request:
    body: '{"properties": {"TTL": 3600, "TXTRecords": [{"value": ["string 1 only"]}]}}'
    headers:
      Accept: [application/json]
      Accept-Encoding: ['gzip, deflate']
      CommandName: [network dns zone import]
      Connection: [keep-alive]
      Content-Length: ['75']
      Content-Type: [application/json; charset=utf-8]
      User-Agent: [python/3.6.4 (Windows-10-10.0.16299-SP0) requests/2.18.4 msrest/0.4.27
          msrest_azure/0.4.22 azure-mgmt-dns/2.0.0rc1 Azure-SDK-For-Python AZURECLI/2.0.30]
      accept-language: [en-US]
    method: PUT
    uri: https://management.azure.com/subscriptions/00000000-0000-0000-0000-000000000000/resourceGroups/cli_dns_zone3_import000001/providers/Microsoft.Network/dnsZones/zone3.com/TXT/txt1?api-version=2018-03-01-preview
  response:
    body: {string: '{"id":"\/subscriptions\/a984ce58-225e-44d2-bc79-20a834ce85ae\/resourceGroups\/cli_dns_zone3_import000001\/providers\/Microsoft.Network\/dnszones\/zone3.com\/TXT\/txt1","name":"txt1","type":"Microsoft.Network\/dnszones\/TXT","etag":"10fbddec-6d9c-451d-8a24-ba3bb2345b9d","properties":{"fqdn":"txt1.zone3.com.","TTL":3600,"TXTRecords":[{"value":["string
        1 only"]}]}}'}
    headers:
      cache-control: [private]
      content-length: ['413']
      content-type: [application/json; charset=utf-8]
      date: ['Thu, 15 Mar 2018 03:21:27 GMT']
      etag: [10fbddec-6d9c-451d-8a24-ba3bb2345b9d]
      server: [Microsoft-IIS/8.5]
      strict-transport-security: [max-age=31536000; includeSubDomains]
      x-aspnet-version: [4.0.30319]
      x-content-type-options: [nosniff]
      x-ms-ratelimit-remaining-subscription-resource-requests: ['11995']
      x-powered-by: [ASP.NET]
    status: {code: 201, message: Created}
- request:
    body: '{"properties": {"TTL": 3600, "TXTRecords": [{"value": ["string1string2"]}]}}'
    headers:
      Accept: [application/json]
      Accept-Encoding: ['gzip, deflate']
      CommandName: [network dns zone import]
      Connection: [keep-alive]
      Content-Length: ['76']
      Content-Type: [application/json; charset=utf-8]
      User-Agent: [python/3.6.4 (Windows-10-10.0.16299-SP0) requests/2.18.4 msrest/0.4.27
          msrest_azure/0.4.22 azure-mgmt-dns/2.0.0rc1 Azure-SDK-For-Python AZURECLI/2.0.30]
      accept-language: [en-US]
    method: PUT
    uri: https://management.azure.com/subscriptions/00000000-0000-0000-0000-000000000000/resourceGroups/cli_dns_zone3_import000001/providers/Microsoft.Network/dnsZones/zone3.com/TXT/txt2?api-version=2018-03-01-preview
  response:
    body: {string: '{"id":"\/subscriptions\/a984ce58-225e-44d2-bc79-20a834ce85ae\/resourceGroups\/cli_dns_zone3_import000001\/providers\/Microsoft.Network\/dnszones\/zone3.com\/TXT\/txt2","name":"txt2","type":"Microsoft.Network\/dnszones\/TXT","etag":"252a88d3-c679-4614-a80e-b56f4bbef72d","properties":{"fqdn":"txt2.zone3.com.","TTL":3600,"TXTRecords":[{"value":["string1string2"]}]}}'}
    headers:
      cache-control: [private]
      content-length: ['414']
      content-type: [application/json; charset=utf-8]
      date: ['Thu, 15 Mar 2018 03:21:30 GMT']
      etag: [252a88d3-c679-4614-a80e-b56f4bbef72d]
      server: [Microsoft-IIS/8.5]
      strict-transport-security: [max-age=31536000; includeSubDomains]
      x-aspnet-version: [4.0.30319]
      x-content-type-options: [nosniff]
      x-ms-ratelimit-remaining-subscription-resource-requests: ['11995']
      x-powered-by: [ASP.NET]
    status: {code: 201, message: Created}
- request:
    body: '{"properties": {"TTL": 3600, "TXTRecords": [{"value": ["this is a very
      long string with lots of text, in fact is has 74 charactersthis is a very long
      string with lots of text, in fact is has 74 charactersthis is a very long string
      with lots of text, in fact is has 74 charactersthis is a very long string with
      l", "ots of text, in fact is has 74 characters"]}, {"value": ["string;string;string"]}]}}'
    headers:
      Accept: [application/json]
      Accept-Encoding: ['gzip, deflate']
      CommandName: [network dns zone import]
      Connection: [keep-alive]
      Content-Length: ['399']
      Content-Type: [application/json; charset=utf-8]
      User-Agent: [python/3.6.4 (Windows-10-10.0.16299-SP0) requests/2.18.4 msrest/0.4.27
          msrest_azure/0.4.22 azure-mgmt-dns/2.0.0rc1 Azure-SDK-For-Python AZURECLI/2.0.30]
      accept-language: [en-US]
    method: PUT
    uri: https://management.azure.com/subscriptions/00000000-0000-0000-0000-000000000000/resourceGroups/cli_dns_zone3_import000001/providers/Microsoft.Network/dnsZones/zone3.com/TXT/txt3?api-version=2018-03-01-preview
  response:
    body: {string: '{"id":"\/subscriptions\/a984ce58-225e-44d2-bc79-20a834ce85ae\/resourceGroups\/cli_dns_zone3_import000001\/providers\/Microsoft.Network\/dnszones\/zone3.com\/TXT\/txt3","name":"txt3","type":"Microsoft.Network\/dnszones\/TXT","etag":"28301e66-7a31-4c6f-8268-842b06219272","properties":{"fqdn":"txt3.zone3.com.","TTL":3600,"TXTRecords":[{"value":["this
        is a very long string with lots of text, in fact is has 74 charactersthis
        is a very long string with lots of text, in fact is has 74 charactersthis
        is a very long string with lots of text, in fact is has 74 charactersthis
        is a very long string with l","ots of text, in fact is has 74 characters"]},{"value":["string;string;string"]}]}}'}
    headers:
      cache-control: [private]
      content-length: ['734']
      content-type: [application/json; charset=utf-8]
      date: ['Thu, 15 Mar 2018 03:21:33 GMT']
      etag: [28301e66-7a31-4c6f-8268-842b06219272]
      server: [Microsoft-IIS/8.5]
      strict-transport-security: [max-age=31536000; includeSubDomains]
      x-aspnet-version: [4.0.30319]
      x-content-type-options: [nosniff]
      x-ms-ratelimit-remaining-subscription-resource-requests: ['11998']
      x-powered-by: [ASP.NET]
    status: {code: 201, message: Created}
- request:
    body: null
    headers:
      Accept: [application/json]
      Accept-Encoding: ['gzip, deflate']
      CommandName: [network dns record-set list]
      Connection: [keep-alive]
      Content-Type: [application/json; charset=utf-8]
      User-Agent: [python/3.6.4 (Windows-10-10.0.16299-SP0) requests/2.18.4 msrest/0.4.27
          msrest_azure/0.4.22 azure-mgmt-dns/2.0.0rc1 Azure-SDK-For-Python AZURECLI/2.0.30]
      accept-language: [en-US]
    method: GET
    uri: https://management.azure.com/subscriptions/00000000-0000-0000-0000-000000000000/resourceGroups/cli_dns_zone3_import000001/providers/Microsoft.Network/dnsZones/zone3.com/recordsets?api-version=2018-03-01-preview
  response:
    body: {string: '{"value":[{"id":"\/subscriptions\/a984ce58-225e-44d2-bc79-20a834ce85ae\/resourceGroups\/cli_dns_zone3_import000001\/providers\/Microsoft.Network\/dnszones\/zone3.com\/NS\/@","name":"@","type":"Microsoft.Network\/dnszones\/NS","etag":"39484d8e-51a9-44e7-87f3-c9a1e883a87f","properties":{"fqdn":"zone3.com.","TTL":86400,"NSRecords":[{"nsdname":"ns1-03.ppe.azure-dns.com."},{"nsdname":"ns2-03.ppe.azure-dns.net."},{"nsdname":"ns3-03.ppe.azure-dns.org."},{"nsdname":"ns4-03.ppe.azure-dns.info."}]}},{"id":"\/subscriptions\/a984ce58-225e-44d2-bc79-20a834ce85ae\/resourceGroups\/cli_dns_zone3_import000001\/providers\/Microsoft.Network\/dnszones\/zone3.com\/SOA\/@","name":"@","type":"Microsoft.Network\/dnszones\/SOA","etag":"d8d334e0-c262-4504-a367-663b1f763b54","properties":{"fqdn":"zone3.com.","TTL":86400,"SOARecord":{"email":"hostmaster.zone3.com.","expireTime":1814400,"host":"ns1-03.ppe.azure-dns.com.","minimumTTL":10800,"refreshTime":43200,"retryTime":900,"serialNumber":2003080800}}},{"id":"\/subscriptions\/a984ce58-225e-44d2-bc79-20a834ce85ae\/resourceGroups\/cli_dns_zone3_import000001\/providers\/Microsoft.Network\/dnszones\/zone3.com\/SRV\/_sip._tcp","name":"_sip._tcp","type":"Microsoft.Network\/dnszones\/SRV","etag":"0149d738-dc64-4f5c-853d-d15291ace10b","properties":{"fqdn":"_sip._tcp.zone3.com.","TTL":3600,"SRVRecords":[{"port":30,"priority":10,"target":"foo.com.","weight":20}]}},{"id":"\/subscriptions\/a984ce58-225e-44d2-bc79-20a834ce85ae\/resourceGroups\/cli_dns_zone3_import000001\/providers\/Microsoft.Network\/dnszones\/zone3.com\/A\/d1","name":"d1","type":"Microsoft.Network\/dnszones\/A","etag":"f818f887-c733-4081-a6a2-7eb6e126683b","properties":{"fqdn":"d1.zone3.com.","TTL":3600,"ARecords":[{"ipv4Address":"12.1.2.3"},{"ipv4Address":"12.2.3.4"},{"ipv4Address":"12.3.4.5"},{"ipv4Address":"12.4.5.6"}]}},{"id":"\/subscriptions\/a984ce58-225e-44d2-bc79-20a834ce85ae\/resourceGroups\/cli_dns_zone3_import000001\/providers\/Microsoft.Network\/dnszones\/zone3.com\/NS\/d1","name":"d1","type":"Microsoft.Network\/dnszones\/NS","etag":"b4d0520f-7711-40cc-9abd-d271a86d5bb7","properties":{"fqdn":"d1.zone3.com.","TTL":3600,"NSRecords":[{"nsdname":"hood.com."}]}},{"id":"\/subscriptions\/a984ce58-225e-44d2-bc79-20a834ce85ae\/resourceGroups\/cli_dns_zone3_import000001\/providers\/Microsoft.Network\/dnszones\/zone3.com\/TXT\/d1","name":"d1","type":"Microsoft.Network\/dnszones\/TXT","etag":"e3bda5db-cbe7-4211-9f96-202d2617d6e3","properties":{"fqdn":"d1.zone3.com.","TTL":3600,"TXTRecords":[{"value":["fishfishfish"]}]}},{"id":"\/subscriptions\/a984ce58-225e-44d2-bc79-20a834ce85ae\/resourceGroups\/cli_dns_zone3_import000001\/providers\/Microsoft.Network\/dnszones\/zone3.com\/A\/f1","name":"f1","type":"Microsoft.Network\/dnszones\/A","etag":"1a8c3396-440b-4940-99c1-a6bb1ac08315","properties":{"fqdn":"f1.zone3.com.","TTL":3600,"ARecords":[{"ipv4Address":"11.1.2.3"},{"ipv4Address":"11.2.3.3"}]}},{"id":"\/subscriptions\/a984ce58-225e-44d2-bc79-20a834ce85ae\/resourceGroups\/cli_dns_zone3_import000001\/providers\/Microsoft.Network\/dnszones\/zone3.com\/A\/f2","name":"f2","type":"Microsoft.Network\/dnszones\/A","etag":"c5a81f31-5e84-4ebe-81c8-cd7d0747b32a","properties":{"fqdn":"f2.zone3.com.","TTL":3600,"ARecords":[{"ipv4Address":"11.2.3.4"},{"ipv4Address":"11.5.6.7"}]}},{"id":"\/subscriptions\/a984ce58-225e-44d2-bc79-20a834ce85ae\/resourceGroups\/cli_dns_zone3_import000001\/providers\/Microsoft.Network\/dnszones\/zone3.com\/MX\/mail","name":"mail","type":"Microsoft.Network\/dnszones\/MX","etag":"18d090d5-d7ea-448c-890f-3ee3510b6950","properties":{"fqdn":"mail.zone3.com.","TTL":3600,"MXRecords":[{"exchange":"mail.test.com.","preference":100}]}},{"id":"\/subscriptions\/a984ce58-225e-44d2-bc79-20a834ce85ae\/resourceGroups\/cli_dns_zone3_import000001\/providers\/Microsoft.Network\/dnszones\/zone3.com\/A\/noclass","name":"noclass","type":"Microsoft.Network\/dnszones\/A","etag":"70c44624-bb5b-40f7-8bf8-67e28515b950","properties":{"fqdn":"noclass.zone3.com.","TTL":3600,"ARecords":[{"ipv4Address":"1.2.3.4"},{"ipv4Address":"2.3.4.5"}]}},{"id":"\/subscriptions\/a984ce58-225e-44d2-bc79-20a834ce85ae\/resourceGroups\/cli_dns_zone3_import000001\/providers\/Microsoft.Network\/dnszones\/zone3.com\/A\/test-a","name":"test-a","type":"Microsoft.Network\/dnszones\/A","etag":"3c81fad3-b8ec-4bc7-a121-b13d741e7471","properties":{"fqdn":"test-a.zone3.com.","TTL":3600,"ARecords":[{"ipv4Address":"1.2.3.4"}]}},{"id":"\/subscriptions\/a984ce58-225e-44d2-bc79-20a834ce85ae\/resourceGroups\/cli_dns_zone3_import000001\/providers\/Microsoft.Network\/dnszones\/zone3.com\/AAAA\/test-aaaa","name":"test-aaaa","type":"Microsoft.Network\/dnszones\/AAAA","etag":"a1890c1e-4505-4c97-8e06-7441622a78d7","properties":{"fqdn":"test-aaaa.zone3.com.","TTL":3600,"AAAARecords":[{"ipv6Address":"2001:cafe:130::100"}]}},{"id":"\/subscriptions\/a984ce58-225e-44d2-bc79-20a834ce85ae\/resourceGroups\/cli_dns_zone3_import000001\/providers\/Microsoft.Network\/dnszones\/zone3.com\/CNAME\/test-cname","name":"test-cname","type":"Microsoft.Network\/dnszones\/CNAME","etag":"d754ef3a-b9f8-4cab-88d3-51a544d1c930","properties":{"fqdn":"test-cname.zone3.com.","TTL":3600,"CNAMERecord":{"cname":"target.com."}}},{"id":"\/subscriptions\/a984ce58-225e-44d2-bc79-20a834ce85ae\/resourceGroups\/cli_dns_zone3_import000001\/providers\/Microsoft.Network\/dnszones\/zone3.com\/MX\/test-mx","name":"test-mx","type":"Microsoft.Network\/dnszones\/MX","etag":"222ae817-cf7c-491a-8222-c66ce96a8c38","properties":{"fqdn":"test-mx.zone3.com.","TTL":3600,"MXRecords":[{"exchange":"mail.com.","preference":10}]}},{"id":"\/subscriptions\/a984ce58-225e-44d2-bc79-20a834ce85ae\/resourceGroups\/cli_dns_zone3_import000001\/providers\/Microsoft.Network\/dnszones\/zone3.com\/NS\/test-ns","name":"test-ns","type":"Microsoft.Network\/dnszones\/NS","etag":"752ec1b6-f1f7-4b46-8dbb-e51108869a5b","properties":{"fqdn":"test-ns.zone3.com.","TTL":3600,"NSRecords":[{"nsdname":"ns1.com."}]}},{"id":"\/subscriptions\/a984ce58-225e-44d2-bc79-20a834ce85ae\/resourceGroups\/cli_dns_zone3_import000001\/providers\/Microsoft.Network\/dnszones\/zone3.com\/SRV\/_sip._tcp.test-srv","name":"_sip._tcp.test-srv","type":"Microsoft.Network\/dnszones\/SRV","etag":"58bfd323-6a92-48f5-8ff9-6dbacd402370","properties":{"fqdn":"_sip._tcp.test-srv.zone3.com.","TTL":3600,"SRVRecords":[{"port":3,"priority":1,"target":"target.com.","weight":2}]}},{"id":"\/subscriptions\/a984ce58-225e-44d2-bc79-20a834ce85ae\/resourceGroups\/cli_dns_zone3_import000001\/providers\/Microsoft.Network\/dnszones\/zone3.com\/TXT\/test-txt","name":"test-txt","type":"Microsoft.Network\/dnszones\/TXT","etag":"dd14b081-1848-4d61-b64a-a2b3c113852e","properties":{"fqdn":"test-txt.zone3.com.","TTL":3600,"TXTRecords":[{"value":["string
        1"]}]}},{"id":"\/subscriptions\/a984ce58-225e-44d2-bc79-20a834ce85ae\/resourceGroups\/cli_dns_zone3_import000001\/providers\/Microsoft.Network\/dnszones\/zone3.com\/TXT\/txt1","name":"txt1","type":"Microsoft.Network\/dnszones\/TXT","etag":"10fbddec-6d9c-451d-8a24-ba3bb2345b9d","properties":{"fqdn":"txt1.zone3.com.","TTL":3600,"TXTRecords":[{"value":["string
        1 only"]}]}},{"id":"\/subscriptions\/a984ce58-225e-44d2-bc79-20a834ce85ae\/resourceGroups\/cli_dns_zone3_import000001\/providers\/Microsoft.Network\/dnszones\/zone3.com\/TXT\/txt2","name":"txt2","type":"Microsoft.Network\/dnszones\/TXT","etag":"252a88d3-c679-4614-a80e-b56f4bbef72d","properties":{"fqdn":"txt2.zone3.com.","TTL":3600,"TXTRecords":[{"value":["string1string2"]}]}},{"id":"\/subscriptions\/a984ce58-225e-44d2-bc79-20a834ce85ae\/resourceGroups\/cli_dns_zone3_import000001\/providers\/Microsoft.Network\/dnszones\/zone3.com\/TXT\/txt3","name":"txt3","type":"Microsoft.Network\/dnszones\/TXT","etag":"28301e66-7a31-4c6f-8268-842b06219272","properties":{"fqdn":"txt3.zone3.com.","TTL":3600,"TXTRecords":[{"value":["this
        is a very long string with lots of text, in fact is has 74 charactersthis
        is a very long string with lots of text, in fact is has 74 charactersthis
        is a very long string with lots of text, in fact is has 74 charactersthis
        is a very long string with l","ots of text, in fact is has 74 characters"]},{"value":["string;string;string"]}]}}]}'}
    headers:
      cache-control: [private]
      content-length: ['9168']
      content-type: [application/json; charset=utf-8]
      date: ['Thu, 15 Mar 2018 03:21:37 GMT']
      server: [Microsoft-IIS/8.5]
      strict-transport-security: [max-age=31536000; includeSubDomains]
      transfer-encoding: [chunked]
      vary: [Accept-Encoding]
      x-aspnet-version: [4.0.30319]
      x-content-type-options: [nosniff]
      x-ms-ratelimit-remaining-subscription-resource-requests: ['11998']
      x-powered-by: [ASP.NET]
    status: {code: 200, message: OK}
- request:
    body: null
    headers:
      Accept: [application/json]
      Accept-Encoding: ['gzip, deflate']
      CommandName: [network dns zone export]
      Connection: [keep-alive]
      Content-Type: [application/json; charset=utf-8]
      User-Agent: [python/3.6.4 (Windows-10-10.0.16299-SP0) requests/2.18.4 msrest/0.4.27
          msrest_azure/0.4.22 azure-mgmt-dns/2.0.0rc1 Azure-SDK-For-Python AZURECLI/2.0.30]
      accept-language: [en-US]
    method: GET
    uri: https://management.azure.com/subscriptions/00000000-0000-0000-0000-000000000000/resourceGroups/cli_dns_zone3_import000001/providers/Microsoft.Network/dnsZones/zone3.com/recordsets?api-version=2018-03-01-preview
  response:
    body: {string: '{"value":[{"id":"\/subscriptions\/a984ce58-225e-44d2-bc79-20a834ce85ae\/resourceGroups\/cli_dns_zone3_import000001\/providers\/Microsoft.Network\/dnszones\/zone3.com\/NS\/@","name":"@","type":"Microsoft.Network\/dnszones\/NS","etag":"39484d8e-51a9-44e7-87f3-c9a1e883a87f","properties":{"fqdn":"zone3.com.","TTL":86400,"NSRecords":[{"nsdname":"ns1-03.ppe.azure-dns.com."},{"nsdname":"ns2-03.ppe.azure-dns.net."},{"nsdname":"ns3-03.ppe.azure-dns.org."},{"nsdname":"ns4-03.ppe.azure-dns.info."}]}},{"id":"\/subscriptions\/a984ce58-225e-44d2-bc79-20a834ce85ae\/resourceGroups\/cli_dns_zone3_import000001\/providers\/Microsoft.Network\/dnszones\/zone3.com\/SOA\/@","name":"@","type":"Microsoft.Network\/dnszones\/SOA","etag":"d8d334e0-c262-4504-a367-663b1f763b54","properties":{"fqdn":"zone3.com.","TTL":86400,"SOARecord":{"email":"hostmaster.zone3.com.","expireTime":1814400,"host":"ns1-03.ppe.azure-dns.com.","minimumTTL":10800,"refreshTime":43200,"retryTime":900,"serialNumber":2003080800}}},{"id":"\/subscriptions\/a984ce58-225e-44d2-bc79-20a834ce85ae\/resourceGroups\/cli_dns_zone3_import000001\/providers\/Microsoft.Network\/dnszones\/zone3.com\/SRV\/_sip._tcp","name":"_sip._tcp","type":"Microsoft.Network\/dnszones\/SRV","etag":"0149d738-dc64-4f5c-853d-d15291ace10b","properties":{"fqdn":"_sip._tcp.zone3.com.","TTL":3600,"SRVRecords":[{"port":30,"priority":10,"target":"foo.com.","weight":20}]}},{"id":"\/subscriptions\/a984ce58-225e-44d2-bc79-20a834ce85ae\/resourceGroups\/cli_dns_zone3_import000001\/providers\/Microsoft.Network\/dnszones\/zone3.com\/A\/d1","name":"d1","type":"Microsoft.Network\/dnszones\/A","etag":"f818f887-c733-4081-a6a2-7eb6e126683b","properties":{"fqdn":"d1.zone3.com.","TTL":3600,"ARecords":[{"ipv4Address":"12.1.2.3"},{"ipv4Address":"12.2.3.4"},{"ipv4Address":"12.3.4.5"},{"ipv4Address":"12.4.5.6"}]}},{"id":"\/subscriptions\/a984ce58-225e-44d2-bc79-20a834ce85ae\/resourceGroups\/cli_dns_zone3_import000001\/providers\/Microsoft.Network\/dnszones\/zone3.com\/NS\/d1","name":"d1","type":"Microsoft.Network\/dnszones\/NS","etag":"b4d0520f-7711-40cc-9abd-d271a86d5bb7","properties":{"fqdn":"d1.zone3.com.","TTL":3600,"NSRecords":[{"nsdname":"hood.com."}]}},{"id":"\/subscriptions\/a984ce58-225e-44d2-bc79-20a834ce85ae\/resourceGroups\/cli_dns_zone3_import000001\/providers\/Microsoft.Network\/dnszones\/zone3.com\/TXT\/d1","name":"d1","type":"Microsoft.Network\/dnszones\/TXT","etag":"e3bda5db-cbe7-4211-9f96-202d2617d6e3","properties":{"fqdn":"d1.zone3.com.","TTL":3600,"TXTRecords":[{"value":["fishfishfish"]}]}},{"id":"\/subscriptions\/a984ce58-225e-44d2-bc79-20a834ce85ae\/resourceGroups\/cli_dns_zone3_import000001\/providers\/Microsoft.Network\/dnszones\/zone3.com\/A\/f1","name":"f1","type":"Microsoft.Network\/dnszones\/A","etag":"1a8c3396-440b-4940-99c1-a6bb1ac08315","properties":{"fqdn":"f1.zone3.com.","TTL":3600,"ARecords":[{"ipv4Address":"11.1.2.3"},{"ipv4Address":"11.2.3.3"}]}},{"id":"\/subscriptions\/a984ce58-225e-44d2-bc79-20a834ce85ae\/resourceGroups\/cli_dns_zone3_import000001\/providers\/Microsoft.Network\/dnszones\/zone3.com\/A\/f2","name":"f2","type":"Microsoft.Network\/dnszones\/A","etag":"c5a81f31-5e84-4ebe-81c8-cd7d0747b32a","properties":{"fqdn":"f2.zone3.com.","TTL":3600,"ARecords":[{"ipv4Address":"11.2.3.4"},{"ipv4Address":"11.5.6.7"}]}},{"id":"\/subscriptions\/a984ce58-225e-44d2-bc79-20a834ce85ae\/resourceGroups\/cli_dns_zone3_import000001\/providers\/Microsoft.Network\/dnszones\/zone3.com\/MX\/mail","name":"mail","type":"Microsoft.Network\/dnszones\/MX","etag":"18d090d5-d7ea-448c-890f-3ee3510b6950","properties":{"fqdn":"mail.zone3.com.","TTL":3600,"MXRecords":[{"exchange":"mail.test.com.","preference":100}]}},{"id":"\/subscriptions\/a984ce58-225e-44d2-bc79-20a834ce85ae\/resourceGroups\/cli_dns_zone3_import000001\/providers\/Microsoft.Network\/dnszones\/zone3.com\/A\/noclass","name":"noclass","type":"Microsoft.Network\/dnszones\/A","etag":"70c44624-bb5b-40f7-8bf8-67e28515b950","properties":{"fqdn":"noclass.zone3.com.","TTL":3600,"ARecords":[{"ipv4Address":"1.2.3.4"},{"ipv4Address":"2.3.4.5"}]}},{"id":"\/subscriptions\/a984ce58-225e-44d2-bc79-20a834ce85ae\/resourceGroups\/cli_dns_zone3_import000001\/providers\/Microsoft.Network\/dnszones\/zone3.com\/A\/test-a","name":"test-a","type":"Microsoft.Network\/dnszones\/A","etag":"3c81fad3-b8ec-4bc7-a121-b13d741e7471","properties":{"fqdn":"test-a.zone3.com.","TTL":3600,"ARecords":[{"ipv4Address":"1.2.3.4"}]}},{"id":"\/subscriptions\/a984ce58-225e-44d2-bc79-20a834ce85ae\/resourceGroups\/cli_dns_zone3_import000001\/providers\/Microsoft.Network\/dnszones\/zone3.com\/AAAA\/test-aaaa","name":"test-aaaa","type":"Microsoft.Network\/dnszones\/AAAA","etag":"a1890c1e-4505-4c97-8e06-7441622a78d7","properties":{"fqdn":"test-aaaa.zone3.com.","TTL":3600,"AAAARecords":[{"ipv6Address":"2001:cafe:130::100"}]}},{"id":"\/subscriptions\/a984ce58-225e-44d2-bc79-20a834ce85ae\/resourceGroups\/cli_dns_zone3_import000001\/providers\/Microsoft.Network\/dnszones\/zone3.com\/CNAME\/test-cname","name":"test-cname","type":"Microsoft.Network\/dnszones\/CNAME","etag":"d754ef3a-b9f8-4cab-88d3-51a544d1c930","properties":{"fqdn":"test-cname.zone3.com.","TTL":3600,"CNAMERecord":{"cname":"target.com."}}},{"id":"\/subscriptions\/a984ce58-225e-44d2-bc79-20a834ce85ae\/resourceGroups\/cli_dns_zone3_import000001\/providers\/Microsoft.Network\/dnszones\/zone3.com\/MX\/test-mx","name":"test-mx","type":"Microsoft.Network\/dnszones\/MX","etag":"222ae817-cf7c-491a-8222-c66ce96a8c38","properties":{"fqdn":"test-mx.zone3.com.","TTL":3600,"MXRecords":[{"exchange":"mail.com.","preference":10}]}},{"id":"\/subscriptions\/a984ce58-225e-44d2-bc79-20a834ce85ae\/resourceGroups\/cli_dns_zone3_import000001\/providers\/Microsoft.Network\/dnszones\/zone3.com\/NS\/test-ns","name":"test-ns","type":"Microsoft.Network\/dnszones\/NS","etag":"752ec1b6-f1f7-4b46-8dbb-e51108869a5b","properties":{"fqdn":"test-ns.zone3.com.","TTL":3600,"NSRecords":[{"nsdname":"ns1.com."}]}},{"id":"\/subscriptions\/a984ce58-225e-44d2-bc79-20a834ce85ae\/resourceGroups\/cli_dns_zone3_import000001\/providers\/Microsoft.Network\/dnszones\/zone3.com\/SRV\/_sip._tcp.test-srv","name":"_sip._tcp.test-srv","type":"Microsoft.Network\/dnszones\/SRV","etag":"58bfd323-6a92-48f5-8ff9-6dbacd402370","properties":{"fqdn":"_sip._tcp.test-srv.zone3.com.","TTL":3600,"SRVRecords":[{"port":3,"priority":1,"target":"target.com.","weight":2}]}},{"id":"\/subscriptions\/a984ce58-225e-44d2-bc79-20a834ce85ae\/resourceGroups\/cli_dns_zone3_import000001\/providers\/Microsoft.Network\/dnszones\/zone3.com\/TXT\/test-txt","name":"test-txt","type":"Microsoft.Network\/dnszones\/TXT","etag":"dd14b081-1848-4d61-b64a-a2b3c113852e","properties":{"fqdn":"test-txt.zone3.com.","TTL":3600,"TXTRecords":[{"value":["string
        1"]}]}},{"id":"\/subscriptions\/a984ce58-225e-44d2-bc79-20a834ce85ae\/resourceGroups\/cli_dns_zone3_import000001\/providers\/Microsoft.Network\/dnszones\/zone3.com\/TXT\/txt1","name":"txt1","type":"Microsoft.Network\/dnszones\/TXT","etag":"10fbddec-6d9c-451d-8a24-ba3bb2345b9d","properties":{"fqdn":"txt1.zone3.com.","TTL":3600,"TXTRecords":[{"value":["string
        1 only"]}]}},{"id":"\/subscriptions\/a984ce58-225e-44d2-bc79-20a834ce85ae\/resourceGroups\/cli_dns_zone3_import000001\/providers\/Microsoft.Network\/dnszones\/zone3.com\/TXT\/txt2","name":"txt2","type":"Microsoft.Network\/dnszones\/TXT","etag":"252a88d3-c679-4614-a80e-b56f4bbef72d","properties":{"fqdn":"txt2.zone3.com.","TTL":3600,"TXTRecords":[{"value":["string1string2"]}]}},{"id":"\/subscriptions\/a984ce58-225e-44d2-bc79-20a834ce85ae\/resourceGroups\/cli_dns_zone3_import000001\/providers\/Microsoft.Network\/dnszones\/zone3.com\/TXT\/txt3","name":"txt3","type":"Microsoft.Network\/dnszones\/TXT","etag":"28301e66-7a31-4c6f-8268-842b06219272","properties":{"fqdn":"txt3.zone3.com.","TTL":3600,"TXTRecords":[{"value":["this
        is a very long string with lots of text, in fact is has 74 charactersthis
        is a very long string with lots of text, in fact is has 74 charactersthis
        is a very long string with lots of text, in fact is has 74 charactersthis
        is a very long string with l","ots of text, in fact is has 74 characters"]},{"value":["string;string;string"]}]}}]}'}
    headers:
      cache-control: [private]
      content-length: ['9168']
      content-type: [application/json; charset=utf-8]
      date: ['Thu, 15 Mar 2018 03:21:40 GMT']
      server: [Microsoft-IIS/8.5]
      strict-transport-security: [max-age=31536000; includeSubDomains]
      transfer-encoding: [chunked]
      vary: [Accept-Encoding]
      x-aspnet-version: [4.0.30319]
      x-content-type-options: [nosniff]
      x-ms-ratelimit-remaining-subscription-resource-requests: ['11999']
      x-powered-by: [ASP.NET]
    status: {code: 200, message: OK}
- request:
    body: null
    headers:
      Accept: [application/json]
      Accept-Encoding: ['gzip, deflate']
      CommandName: [network dns zone delete]
      Connection: [keep-alive]
      Content-Length: ['0']
      Content-Type: [application/json; charset=utf-8]
      User-Agent: [python/3.6.4 (Windows-10-10.0.16299-SP0) requests/2.18.4 msrest/0.4.27
          msrest_azure/0.4.22 azure-mgmt-dns/2.0.0rc1 Azure-SDK-For-Python AZURECLI/2.0.30]
      accept-language: [en-US]
    method: DELETE
    uri: https://management.azure.com/subscriptions/00000000-0000-0000-0000-000000000000/resourceGroups/cli_dns_zone3_import000001/providers/Microsoft.Network/dnsZones/zone3.com?api-version=2018-03-01-preview
  response:
    body: {string: ''}
    headers:
      azure-asyncoperation: ['https://management.azure.com:443/subscriptions/00000000-0000-0000-0000-000000000000/resourceGroups/cli_dns_zone3_import000001/providers/Microsoft.Network/dnsOperationStatuses/delzone6365668090618411439d61a077?api-version=2018-03-01-preview']
      cache-control: [private]
      content-length: ['0']
      date: ['Thu, 15 Mar 2018 03:21:46 GMT']
      location: ['https://management.azure.com/subscriptions/00000000-0000-0000-0000-000000000000/resourceGroups/cli_dns_zone3_import000001/providers/Microsoft.Network/dnsOperationResults/delzone6365668090618411439d61a077?api-version=2018-03-01-preview']
      server: [Microsoft-IIS/8.5]
      strict-transport-security: [max-age=31536000; includeSubDomains]
      x-aspnet-version: [4.0.30319]
      x-content-type-options: [nosniff]
      x-ms-ratelimit-remaining-subscription-resource-requests: ['11999']
      x-powered-by: [ASP.NET]
    status: {code: 202, message: Accepted}
- request:
    body: null
    headers:
      Accept: [application/json]
      Accept-Encoding: ['gzip, deflate']
      CommandName: [network dns zone delete]
      Connection: [keep-alive]
      User-Agent: [python/3.6.4 (Windows-10-10.0.16299-SP0) requests/2.18.4 msrest/0.4.27
          msrest_azure/0.4.22 azure-mgmt-dns/2.0.0rc1 Azure-SDK-For-Python AZURECLI/2.0.30]
    method: GET
    uri: https://management.azure.com/subscriptions/00000000-0000-0000-0000-000000000000/resourceGroups/cli_dns_zone3_import000001/providers/Microsoft.Network/dnsOperationStatuses/delzone6365668090618411439d61a077?api-version=2018-03-01-preview
  response:
    body: {string: '{"status":"Succeeded"}'}
    headers:
      cache-control: [private]
      content-length: ['22']
      content-type: [application/json; charset=utf-8]
      date: ['Thu, 15 Mar 2018 03:21:51 GMT']
      server: [Microsoft-IIS/8.5]
      strict-transport-security: [max-age=31536000; includeSubDomains]
      transfer-encoding: [chunked]
      vary: [Accept-Encoding]
      x-aspnet-version: [4.0.30319]
      x-content-type-options: [nosniff]
      x-ms-ratelimit-remaining-subscription-resource-requests: ['11999']
      x-powered-by: [ASP.NET]
    status: {code: 200, message: OK}
- request:
    body: '{"location": "global", "properties": {"zoneType": "Public"}}'
    headers:
      Accept: [application/json]
      Accept-Encoding: ['gzip, deflate']
      CommandName: [network dns zone import]
      Connection: [keep-alive]
      Content-Length: ['60']
      Content-Type: [application/json; charset=utf-8]
      User-Agent: [python/3.6.4 (Windows-10-10.0.16299-SP0) requests/2.18.4 msrest/0.4.27
          msrest_azure/0.4.22 azure-mgmt-dns/2.0.0rc1 Azure-SDK-For-Python AZURECLI/2.0.30]
      accept-language: [en-US]
    method: PUT
    uri: https://management.azure.com/subscriptions/00000000-0000-0000-0000-000000000000/resourceGroups/cli_dns_zone3_import000001/providers/Microsoft.Network/dnsZones/zone3.com?api-version=2018-03-01-preview
  response:
    body: {string: '{"id":"\/subscriptions\/a984ce58-225e-44d2-bc79-20a834ce85ae\/resourceGroups\/cli_dns_zone3_import000001\/providers\/Microsoft.Network\/dnszones\/zone3.com","name":"zone3.com","type":"Microsoft.Network\/dnszones","etag":"00000002-0000-0000-72ef-39c70cbcd301","location":"global","tags":{},"properties":{"maxNumberOfRecordSets":5000,"nameServers":["ns1-03.ppe.azure-dns.com.","ns2-03.ppe.azure-dns.net.","ns3-03.ppe.azure-dns.org.","ns4-03.ppe.azure-dns.info."],"numberOfRecordSets":2,"zoneType":"Public"}}'}
    headers:
      cache-control: [private]
      content-length: ['554']
      content-type: [application/json; charset=utf-8]
      date: ['Thu, 15 Mar 2018 03:22:00 GMT']
      etag: [00000002-0000-0000-72ef-39c70cbcd301]
      server: [Microsoft-IIS/8.5]
      strict-transport-security: [max-age=31536000; includeSubDomains]
      x-aspnet-version: [4.0.30319]
      x-content-type-options: [nosniff]
      x-ms-ratelimit-remaining-subscription-resource-requests: ['11997']
      x-powered-by: [ASP.NET]
    status: {code: 201, message: Created}
- request:
    body: null
    headers:
      Accept: [application/json]
      Accept-Encoding: ['gzip, deflate']
      CommandName: [network dns zone import]
      Connection: [keep-alive]
      Content-Type: [application/json; charset=utf-8]
      User-Agent: [python/3.6.4 (Windows-10-10.0.16299-SP0) requests/2.18.4 msrest/0.4.27
          msrest_azure/0.4.22 azure-mgmt-dns/2.0.0rc1 Azure-SDK-For-Python AZURECLI/2.0.30]
      accept-language: [en-US]
    method: GET
    uri: https://management.azure.com/subscriptions/00000000-0000-0000-0000-000000000000/resourceGroups/cli_dns_zone3_import000001/providers/Microsoft.Network/dnsZones/zone3.com/SOA/@?api-version=2018-03-01-preview
  response:
    body: {string: '{"id":"\/subscriptions\/a984ce58-225e-44d2-bc79-20a834ce85ae\/resourceGroups\/cli_dns_zone3_import000001\/providers\/Microsoft.Network\/dnszones\/zone3.com\/SOA\/@","name":"@","type":"Microsoft.Network\/dnszones\/SOA","etag":"51ea57b9-560d-4302-a14d-b7f8aea52248","properties":{"fqdn":"zone3.com.","TTL":3600,"SOARecord":{"email":"azuredns-hostmaster.microsoft.com","expireTime":2419200,"host":"ns1-03.ppe.azure-dns.com.","minimumTTL":300,"refreshTime":3600,"retryTime":300,"serialNumber":1}}}'}
    headers:
      cache-control: [private]
      content-length: ['542']
      content-type: [application/json; charset=utf-8]
      date: ['Thu, 15 Mar 2018 03:22:03 GMT']
      etag: [51ea57b9-560d-4302-a14d-b7f8aea52248]
      server: [Microsoft-IIS/8.5]
      strict-transport-security: [max-age=31536000; includeSubDomains]
      transfer-encoding: [chunked]
      vary: [Accept-Encoding]
      x-aspnet-version: [4.0.30319]
      x-content-type-options: [nosniff]
      x-ms-ratelimit-remaining-subscription-resource-requests: ['11998']
      x-powered-by: [ASP.NET]
    status: {code: 200, message: OK}
- request:
    body: '{"properties": {"TTL": 86400, "SOARecord": {"host": "ns1-03.ppe.azure-dns.com.",
      "email": "hostmaster.zone3.com.", "serialNumber": 2003080800, "refreshTime":
      43200, "retryTime": 900, "expireTime": 1814400, "minimumTTL": 10800}}}'
    headers:
      Accept: [application/json]
      Accept-Encoding: ['gzip, deflate']
      CommandName: [network dns zone import]
      Connection: [keep-alive]
      Content-Length: ['228']
      Content-Type: [application/json; charset=utf-8]
      User-Agent: [python/3.6.4 (Windows-10-10.0.16299-SP0) requests/2.18.4 msrest/0.4.27
          msrest_azure/0.4.22 azure-mgmt-dns/2.0.0rc1 Azure-SDK-For-Python AZURECLI/2.0.30]
      accept-language: [en-US]
    method: PUT
    uri: https://management.azure.com/subscriptions/00000000-0000-0000-0000-000000000000/resourceGroups/cli_dns_zone3_import000001/providers/Microsoft.Network/dnsZones/zone3.com/SOA/@?api-version=2018-03-01-preview
  response:
    body: {string: '{"id":"\/subscriptions\/a984ce58-225e-44d2-bc79-20a834ce85ae\/resourceGroups\/cli_dns_zone3_import000001\/providers\/Microsoft.Network\/dnszones\/zone3.com\/SOA\/@","name":"@","type":"Microsoft.Network\/dnszones\/SOA","etag":"016b2d58-7769-4366-ac8c-6dacdd5fab7d","properties":{"fqdn":"zone3.com.","TTL":86400,"SOARecord":{"email":"hostmaster.zone3.com.","expireTime":1814400,"host":"ns1-03.ppe.azure-dns.com.","minimumTTL":10800,"refreshTime":43200,"retryTime":900,"serialNumber":2003080800}}}'}
    headers:
      cache-control: [private]
      content-length: ['543']
      content-type: [application/json; charset=utf-8]
      date: ['Thu, 15 Mar 2018 03:22:07 GMT']
      etag: [016b2d58-7769-4366-ac8c-6dacdd5fab7d]
      server: [Microsoft-IIS/8.5]
      strict-transport-security: [max-age=31536000; includeSubDomains]
      transfer-encoding: [chunked]
      vary: [Accept-Encoding]
      x-aspnet-version: [4.0.30319]
      x-content-type-options: [nosniff]
      x-ms-ratelimit-remaining-subscription-resource-requests: ['11998']
      x-powered-by: [ASP.NET]
    status: {code: 200, message: OK}
- request:
    body: null
    headers:
      Accept: [application/json]
      Accept-Encoding: ['gzip, deflate']
      CommandName: [network dns zone import]
      Connection: [keep-alive]
      Content-Type: [application/json; charset=utf-8]
      User-Agent: [python/3.6.4 (Windows-10-10.0.16299-SP0) requests/2.18.4 msrest/0.4.27
          msrest_azure/0.4.22 azure-mgmt-dns/2.0.0rc1 Azure-SDK-For-Python AZURECLI/2.0.30]
      accept-language: [en-US]
    method: GET
    uri: https://management.azure.com/subscriptions/00000000-0000-0000-0000-000000000000/resourceGroups/cli_dns_zone3_import000001/providers/Microsoft.Network/dnsZones/zone3.com/NS/@?api-version=2018-03-01-preview
  response:
    body: {string: '{"id":"\/subscriptions\/a984ce58-225e-44d2-bc79-20a834ce85ae\/resourceGroups\/cli_dns_zone3_import000001\/providers\/Microsoft.Network\/dnszones\/zone3.com\/NS\/@","name":"@","type":"Microsoft.Network\/dnszones\/NS","etag":"4bceec41-ba76-4b9d-affb-473d844f3ac0","properties":{"fqdn":"zone3.com.","TTL":172800,"NSRecords":[{"nsdname":"ns1-03.ppe.azure-dns.com."},{"nsdname":"ns2-03.ppe.azure-dns.net."},{"nsdname":"ns3-03.ppe.azure-dns.org."},{"nsdname":"ns4-03.ppe.azure-dns.info."}]}}'}
    headers:
      cache-control: [private]
      content-length: ['534']
      content-type: [application/json; charset=utf-8]
      date: ['Thu, 15 Mar 2018 03:22:09 GMT']
      etag: [4bceec41-ba76-4b9d-affb-473d844f3ac0]
      server: [Microsoft-IIS/8.5]
      strict-transport-security: [max-age=31536000; includeSubDomains]
      transfer-encoding: [chunked]
      vary: [Accept-Encoding]
      x-aspnet-version: [4.0.30319]
      x-content-type-options: [nosniff]
      x-ms-ratelimit-remaining-subscription-resource-requests: ['11996']
      x-powered-by: [ASP.NET]
    status: {code: 200, message: OK}
- request:
    body: '{"etag": "4bceec41-ba76-4b9d-affb-473d844f3ac0", "properties": {"TTL":
      86400, "NSRecords": [{"nsdname": "ns1-03.ppe.azure-dns.com."}, {"nsdname": "ns2-03.ppe.azure-dns.net."},
      {"nsdname": "ns3-03.ppe.azure-dns.org."}, {"nsdname": "ns4-03.ppe.azure-dns.info."}]}}'
    headers:
      Accept: [application/json]
      Accept-Encoding: ['gzip, deflate']
      CommandName: [network dns zone import]
      Connection: [keep-alive]
      Content-Length: ['262']
      Content-Type: [application/json; charset=utf-8]
      User-Agent: [python/3.6.4 (Windows-10-10.0.16299-SP0) requests/2.18.4 msrest/0.4.27
          msrest_azure/0.4.22 azure-mgmt-dns/2.0.0rc1 Azure-SDK-For-Python AZURECLI/2.0.30]
      accept-language: [en-US]
    method: PUT
    uri: https://management.azure.com/subscriptions/00000000-0000-0000-0000-000000000000/resourceGroups/cli_dns_zone3_import000001/providers/Microsoft.Network/dnsZones/zone3.com/NS/@?api-version=2018-03-01-preview
  response:
    body: {string: '{"id":"\/subscriptions\/a984ce58-225e-44d2-bc79-20a834ce85ae\/resourceGroups\/cli_dns_zone3_import000001\/providers\/Microsoft.Network\/dnszones\/zone3.com\/NS\/@","name":"@","type":"Microsoft.Network\/dnszones\/NS","etag":"182a9644-5f75-409d-bfc2-da5fe18acd8b","properties":{"fqdn":"zone3.com.","TTL":86400,"NSRecords":[{"nsdname":"ns1-03.ppe.azure-dns.com."},{"nsdname":"ns2-03.ppe.azure-dns.net."},{"nsdname":"ns3-03.ppe.azure-dns.org."},{"nsdname":"ns4-03.ppe.azure-dns.info."}]}}'}
    headers:
      cache-control: [private]
      content-length: ['533']
      content-type: [application/json; charset=utf-8]
      date: ['Thu, 15 Mar 2018 03:22:13 GMT']
      etag: [182a9644-5f75-409d-bfc2-da5fe18acd8b]
      server: [Microsoft-IIS/8.5]
      strict-transport-security: [max-age=31536000; includeSubDomains]
      transfer-encoding: [chunked]
      vary: [Accept-Encoding]
      x-aspnet-version: [4.0.30319]
      x-content-type-options: [nosniff]
      x-ms-ratelimit-remaining-subscription-resource-requests: ['11997']
      x-powered-by: [ASP.NET]
    status: {code: 200, message: OK}
- request:
    body: '{"properties": {"TTL": 3600, "SRVRecords": [{"priority": 10, "weight":
      20, "port": 30, "target": "foo.com."}]}}'
    headers:
      Accept: [application/json]
      Accept-Encoding: ['gzip, deflate']
      CommandName: [network dns zone import]
      Connection: [keep-alive]
      Content-Length: ['111']
      Content-Type: [application/json; charset=utf-8]
      User-Agent: [python/3.6.4 (Windows-10-10.0.16299-SP0) requests/2.18.4 msrest/0.4.27
          msrest_azure/0.4.22 azure-mgmt-dns/2.0.0rc1 Azure-SDK-For-Python AZURECLI/2.0.30]
      accept-language: [en-US]
    method: PUT
    uri: https://management.azure.com/subscriptions/00000000-0000-0000-0000-000000000000/resourceGroups/cli_dns_zone3_import000001/providers/Microsoft.Network/dnsZones/zone3.com/SRV/_sip._tcp?api-version=2018-03-01-preview
  response:
    body: {string: '{"id":"\/subscriptions\/a984ce58-225e-44d2-bc79-20a834ce85ae\/resourceGroups\/cli_dns_zone3_import000001\/providers\/Microsoft.Network\/dnszones\/zone3.com\/SRV\/_sip._tcp","name":"_sip._tcp","type":"Microsoft.Network\/dnszones\/SRV","etag":"ea0ada79-bcd6-4577-8bde-0f0954ba0f66","properties":{"fqdn":"_sip._tcp.zone3.com.","TTL":3600,"SRVRecords":[{"port":30,"priority":10,"target":"foo.com.","weight":20}]}}'}
    headers:
      cache-control: [private]
      content-length: ['458']
      content-type: [application/json; charset=utf-8]
      date: ['Thu, 15 Mar 2018 03:22:16 GMT']
      etag: [ea0ada79-bcd6-4577-8bde-0f0954ba0f66]
      server: [Microsoft-IIS/8.5]
      strict-transport-security: [max-age=31536000; includeSubDomains]
      x-aspnet-version: [4.0.30319]
      x-content-type-options: [nosniff]
      x-ms-ratelimit-remaining-subscription-resource-requests: ['11998']
      x-powered-by: [ASP.NET]
    status: {code: 201, message: Created}
- request:
    body: '{"properties": {"TTL": 3600, "ARecords": [{"ipv4Address": "12.1.2.3"},
      {"ipv4Address": "12.2.3.4"}, {"ipv4Address": "12.3.4.5"}, {"ipv4Address": "12.4.5.6"}]}}'
    headers:
      Accept: [application/json]
      Accept-Encoding: ['gzip, deflate']
      CommandName: [network dns zone import]
      Connection: [keep-alive]
      Content-Length: ['159']
      Content-Type: [application/json; charset=utf-8]
      User-Agent: [python/3.6.4 (Windows-10-10.0.16299-SP0) requests/2.18.4 msrest/0.4.27
          msrest_azure/0.4.22 azure-mgmt-dns/2.0.0rc1 Azure-SDK-For-Python AZURECLI/2.0.30]
      accept-language: [en-US]
    method: PUT
    uri: https://management.azure.com/subscriptions/00000000-0000-0000-0000-000000000000/resourceGroups/cli_dns_zone3_import000001/providers/Microsoft.Network/dnsZones/zone3.com/A/d1?api-version=2018-03-01-preview
  response:
    body: {string: '{"id":"\/subscriptions\/a984ce58-225e-44d2-bc79-20a834ce85ae\/resourceGroups\/cli_dns_zone3_import000001\/providers\/Microsoft.Network\/dnszones\/zone3.com\/A\/d1","name":"d1","type":"Microsoft.Network\/dnszones\/A","etag":"47a5d4c4-8c9b-4ce2-90df-0c3a3505e692","properties":{"fqdn":"d1.zone3.com.","TTL":3600,"ARecords":[{"ipv4Address":"12.1.2.3"},{"ipv4Address":"12.2.3.4"},{"ipv4Address":"12.3.4.5"},{"ipv4Address":"12.4.5.6"}]}}'}
    headers:
      cache-control: [private]
      content-length: ['481']
      content-type: [application/json; charset=utf-8]
      date: ['Thu, 15 Mar 2018 03:22:21 GMT']
      etag: [47a5d4c4-8c9b-4ce2-90df-0c3a3505e692]
      server: [Microsoft-IIS/8.5]
      strict-transport-security: [max-age=31536000; includeSubDomains]
      x-aspnet-version: [4.0.30319]
      x-content-type-options: [nosniff]
      x-ms-ratelimit-remaining-subscription-resource-requests: ['11991']
      x-powered-by: [ASP.NET]
    status: {code: 201, message: Created}
- request:
    body: '{"properties": {"TTL": 3600, "NSRecords": [{"nsdname": "hood.com."}]}}'
    headers:
      Accept: [application/json]
      Accept-Encoding: ['gzip, deflate']
      CommandName: [network dns zone import]
      Connection: [keep-alive]
      Content-Length: ['70']
      Content-Type: [application/json; charset=utf-8]
      User-Agent: [python/3.6.4 (Windows-10-10.0.16299-SP0) requests/2.18.4 msrest/0.4.27
          msrest_azure/0.4.22 azure-mgmt-dns/2.0.0rc1 Azure-SDK-For-Python AZURECLI/2.0.30]
      accept-language: [en-US]
    method: PUT
    uri: https://management.azure.com/subscriptions/00000000-0000-0000-0000-000000000000/resourceGroups/cli_dns_zone3_import000001/providers/Microsoft.Network/dnsZones/zone3.com/NS/d1?api-version=2018-03-01-preview
  response:
    body: {string: '{"id":"\/subscriptions\/a984ce58-225e-44d2-bc79-20a834ce85ae\/resourceGroups\/cli_dns_zone3_import000001\/providers\/Microsoft.Network\/dnszones\/zone3.com\/NS\/d1","name":"d1","type":"Microsoft.Network\/dnszones\/NS","etag":"3630e10d-9a93-4580-8f91-ff70a29472fd","properties":{"fqdn":"d1.zone3.com.","TTL":3600,"NSRecords":[{"nsdname":"hood.com."}]}}'}
    headers:
      cache-control: [private]
      content-length: ['400']
      content-type: [application/json; charset=utf-8]
      date: ['Thu, 15 Mar 2018 03:22:24 GMT']
      etag: [3630e10d-9a93-4580-8f91-ff70a29472fd]
      server: [Microsoft-IIS/8.5]
      strict-transport-security: [max-age=31536000; includeSubDomains]
      x-aspnet-version: [4.0.30319]
      x-content-type-options: [nosniff]
      x-ms-ratelimit-remaining-subscription-resource-requests: ['11995']
      x-powered-by: [ASP.NET]
    status: {code: 201, message: Created}
- request:
    body: '{"properties": {"TTL": 3600, "TXTRecords": [{"value": ["fishfishfish"]}]}}'
    headers:
      Accept: [application/json]
      Accept-Encoding: ['gzip, deflate']
      CommandName: [network dns zone import]
      Connection: [keep-alive]
      Content-Length: ['74']
      Content-Type: [application/json; charset=utf-8]
      User-Agent: [python/3.6.4 (Windows-10-10.0.16299-SP0) requests/2.18.4 msrest/0.4.27
          msrest_azure/0.4.22 azure-mgmt-dns/2.0.0rc1 Azure-SDK-For-Python AZURECLI/2.0.30]
      accept-language: [en-US]
    method: PUT
    uri: https://management.azure.com/subscriptions/00000000-0000-0000-0000-000000000000/resourceGroups/cli_dns_zone3_import000001/providers/Microsoft.Network/dnsZones/zone3.com/TXT/d1?api-version=2018-03-01-preview
  response:
    body: {string: '{"id":"\/subscriptions\/a984ce58-225e-44d2-bc79-20a834ce85ae\/resourceGroups\/cli_dns_zone3_import000001\/providers\/Microsoft.Network\/dnszones\/zone3.com\/TXT\/d1","name":"d1","type":"Microsoft.Network\/dnszones\/TXT","etag":"af8a0e9a-5a85-4b64-94a7-486481a83f39","properties":{"fqdn":"d1.zone3.com.","TTL":3600,"TXTRecords":[{"value":["fishfishfish"]}]}}'}
    headers:
      cache-control: [private]
      content-length: ['406']
      content-type: [application/json; charset=utf-8]
      date: ['Thu, 15 Mar 2018 03:22:28 GMT']
      etag: [af8a0e9a-5a85-4b64-94a7-486481a83f39]
      server: [Microsoft-IIS/8.5]
      strict-transport-security: [max-age=31536000; includeSubDomains]
      x-aspnet-version: [4.0.30319]
      x-content-type-options: [nosniff]
      x-ms-ratelimit-remaining-subscription-resource-requests: ['11996']
      x-powered-by: [ASP.NET]
    status: {code: 201, message: Created}
- request:
    body: '{"properties": {"TTL": 3600, "ARecords": [{"ipv4Address": "11.1.2.3"},
      {"ipv4Address": "11.2.3.3"}]}}'
    headers:
      Accept: [application/json]
      Accept-Encoding: ['gzip, deflate']
      CommandName: [network dns zone import]
      Connection: [keep-alive]
      Content-Length: ['101']
      Content-Type: [application/json; charset=utf-8]
      User-Agent: [python/3.6.4 (Windows-10-10.0.16299-SP0) requests/2.18.4 msrest/0.4.27
          msrest_azure/0.4.22 azure-mgmt-dns/2.0.0rc1 Azure-SDK-For-Python AZURECLI/2.0.30]
      accept-language: [en-US]
    method: PUT
    uri: https://management.azure.com/subscriptions/00000000-0000-0000-0000-000000000000/resourceGroups/cli_dns_zone3_import000001/providers/Microsoft.Network/dnsZones/zone3.com/A/f1?api-version=2018-03-01-preview
  response:
    body: {string: '{"id":"\/subscriptions\/a984ce58-225e-44d2-bc79-20a834ce85ae\/resourceGroups\/cli_dns_zone3_import000001\/providers\/Microsoft.Network\/dnszones\/zone3.com\/A\/f1","name":"f1","type":"Microsoft.Network\/dnszones\/A","etag":"75d9fe3d-e305-4751-ae2e-03e40edc6677","properties":{"fqdn":"f1.zone3.com.","TTL":3600,"ARecords":[{"ipv4Address":"11.1.2.3"},{"ipv4Address":"11.2.3.3"}]}}'}
    headers:
      cache-control: [private]
      content-length: ['427']
      content-type: [application/json; charset=utf-8]
      date: ['Thu, 15 Mar 2018 03:22:32 GMT']
      etag: [75d9fe3d-e305-4751-ae2e-03e40edc6677]
      server: [Microsoft-IIS/8.5]
      strict-transport-security: [max-age=31536000; includeSubDomains]
      x-aspnet-version: [4.0.30319]
      x-content-type-options: [nosniff]
      x-ms-ratelimit-remaining-subscription-resource-requests: ['11990']
      x-powered-by: [ASP.NET]
    status: {code: 201, message: Created}
- request:
    body: '{"properties": {"TTL": 3600, "ARecords": [{"ipv4Address": "11.2.3.4"},
      {"ipv4Address": "11.5.6.7"}]}}'
    headers:
      Accept: [application/json]
      Accept-Encoding: ['gzip, deflate']
      CommandName: [network dns zone import]
      Connection: [keep-alive]
      Content-Length: ['101']
      Content-Type: [application/json; charset=utf-8]
      User-Agent: [python/3.6.4 (Windows-10-10.0.16299-SP0) requests/2.18.4 msrest/0.4.27
          msrest_azure/0.4.22 azure-mgmt-dns/2.0.0rc1 Azure-SDK-For-Python AZURECLI/2.0.30]
      accept-language: [en-US]
    method: PUT
    uri: https://management.azure.com/subscriptions/00000000-0000-0000-0000-000000000000/resourceGroups/cli_dns_zone3_import000001/providers/Microsoft.Network/dnsZones/zone3.com/A/f2?api-version=2018-03-01-preview
  response:
    body: {string: '{"id":"\/subscriptions\/a984ce58-225e-44d2-bc79-20a834ce85ae\/resourceGroups\/cli_dns_zone3_import000001\/providers\/Microsoft.Network\/dnszones\/zone3.com\/A\/f2","name":"f2","type":"Microsoft.Network\/dnszones\/A","etag":"2d2028cf-49c6-4feb-a729-7b493b4f2061","properties":{"fqdn":"f2.zone3.com.","TTL":3600,"ARecords":[{"ipv4Address":"11.2.3.4"},{"ipv4Address":"11.5.6.7"}]}}'}
    headers:
      cache-control: [private]
      content-length: ['427']
      content-type: [application/json; charset=utf-8]
      date: ['Thu, 15 Mar 2018 03:22:35 GMT']
      etag: [2d2028cf-49c6-4feb-a729-7b493b4f2061]
      server: [Microsoft-IIS/8.5]
      strict-transport-security: [max-age=31536000; includeSubDomains]
      x-aspnet-version: [4.0.30319]
      x-content-type-options: [nosniff]
      x-ms-ratelimit-remaining-subscription-resource-requests: ['11992']
      x-powered-by: [ASP.NET]
    status: {code: 201, message: Created}
- request:
    body: '{"properties": {"TTL": 3600, "MXRecords": [{"preference": 100, "exchange":
      "mail.test.com."}]}}'
    headers:
      Accept: [application/json]
      Accept-Encoding: ['gzip, deflate']
      CommandName: [network dns zone import]
      Connection: [keep-alive]
      Content-Length: ['95']
      Content-Type: [application/json; charset=utf-8]
      User-Agent: [python/3.6.4 (Windows-10-10.0.16299-SP0) requests/2.18.4 msrest/0.4.27
          msrest_azure/0.4.22 azure-mgmt-dns/2.0.0rc1 Azure-SDK-For-Python AZURECLI/2.0.30]
      accept-language: [en-US]
    method: PUT
    uri: https://management.azure.com/subscriptions/00000000-0000-0000-0000-000000000000/resourceGroups/cli_dns_zone3_import000001/providers/Microsoft.Network/dnsZones/zone3.com/MX/mail?api-version=2018-03-01-preview
  response:
    body: {string: '{"id":"\/subscriptions\/a984ce58-225e-44d2-bc79-20a834ce85ae\/resourceGroups\/cli_dns_zone3_import000001\/providers\/Microsoft.Network\/dnszones\/zone3.com\/MX\/mail","name":"mail","type":"Microsoft.Network\/dnszones\/MX","etag":"945dfb46-04a2-4344-8e63-ebccbe0787e8","properties":{"fqdn":"mail.zone3.com.","TTL":3600,"MXRecords":[{"exchange":"mail.test.com.","preference":100}]}}'}
    headers:
      cache-control: [private]
      content-length: ['429']
      content-type: [application/json; charset=utf-8]
      date: ['Thu, 15 Mar 2018 03:22:37 GMT']
      etag: [945dfb46-04a2-4344-8e63-ebccbe0787e8]
      server: [Microsoft-IIS/8.5]
      strict-transport-security: [max-age=31536000; includeSubDomains]
      x-aspnet-version: [4.0.30319]
      x-content-type-options: [nosniff]
      x-ms-ratelimit-remaining-subscription-resource-requests: ['11998']
      x-powered-by: [ASP.NET]
    status: {code: 201, message: Created}
- request:
    body: '{"properties": {"TTL": 3600, "ARecords": [{"ipv4Address": "1.2.3.4"}, {"ipv4Address":
      "2.3.4.5"}]}}'
    headers:
      Accept: [application/json]
      Accept-Encoding: ['gzip, deflate']
      CommandName: [network dns zone import]
      Connection: [keep-alive]
      Content-Length: ['99']
      Content-Type: [application/json; charset=utf-8]
      User-Agent: [python/3.6.4 (Windows-10-10.0.16299-SP0) requests/2.18.4 msrest/0.4.27
          msrest_azure/0.4.22 azure-mgmt-dns/2.0.0rc1 Azure-SDK-For-Python AZURECLI/2.0.30]
      accept-language: [en-US]
    method: PUT
    uri: https://management.azure.com/subscriptions/00000000-0000-0000-0000-000000000000/resourceGroups/cli_dns_zone3_import000001/providers/Microsoft.Network/dnsZones/zone3.com/A/noclass?api-version=2018-03-01-preview
  response:
    body: {string: '{"id":"\/subscriptions\/a984ce58-225e-44d2-bc79-20a834ce85ae\/resourceGroups\/cli_dns_zone3_import000001\/providers\/Microsoft.Network\/dnszones\/zone3.com\/A\/noclass","name":"noclass","type":"Microsoft.Network\/dnszones\/A","etag":"2b96b302-08d8-4019-a978-380ed2c607a6","properties":{"fqdn":"noclass.zone3.com.","TTL":3600,"ARecords":[{"ipv4Address":"1.2.3.4"},{"ipv4Address":"2.3.4.5"}]}}'}
    headers:
      cache-control: [private]
      content-length: ['440']
      content-type: [application/json; charset=utf-8]
      date: ['Thu, 15 Mar 2018 03:22:41 GMT']
      etag: [2b96b302-08d8-4019-a978-380ed2c607a6]
      server: [Microsoft-IIS/8.5]
      strict-transport-security: [max-age=31536000; includeSubDomains]
      x-aspnet-version: [4.0.30319]
      x-content-type-options: [nosniff]
      x-ms-ratelimit-remaining-subscription-resource-requests: ['11994']
      x-powered-by: [ASP.NET]
    status: {code: 201, message: Created}
- request:
    body: '{"properties": {"TTL": 3600, "ARecords": [{"ipv4Address": "1.2.3.4"}]}}'
    headers:
      Accept: [application/json]
      Accept-Encoding: ['gzip, deflate']
      CommandName: [network dns zone import]
      Connection: [keep-alive]
      Content-Length: ['71']
      Content-Type: [application/json; charset=utf-8]
      User-Agent: [python/3.6.4 (Windows-10-10.0.16299-SP0) requests/2.18.4 msrest/0.4.27
          msrest_azure/0.4.22 azure-mgmt-dns/2.0.0rc1 Azure-SDK-For-Python AZURECLI/2.0.30]
      accept-language: [en-US]
    method: PUT
    uri: https://management.azure.com/subscriptions/00000000-0000-0000-0000-000000000000/resourceGroups/cli_dns_zone3_import000001/providers/Microsoft.Network/dnsZones/zone3.com/A/test-a?api-version=2018-03-01-preview
  response:
    body: {string: '{"id":"\/subscriptions\/a984ce58-225e-44d2-bc79-20a834ce85ae\/resourceGroups\/cli_dns_zone3_import000001\/providers\/Microsoft.Network\/dnszones\/zone3.com\/A\/test-a","name":"test-a","type":"Microsoft.Network\/dnszones\/A","etag":"736cf3e1-b2d2-446e-a649-bd7e82efe312","properties":{"fqdn":"test-a.zone3.com.","TTL":3600,"ARecords":[{"ipv4Address":"1.2.3.4"}]}}'}
    headers:
      cache-control: [private]
      content-length: ['411']
      content-type: [application/json; charset=utf-8]
      date: ['Thu, 15 Mar 2018 03:22:44 GMT']
      etag: [736cf3e1-b2d2-446e-a649-bd7e82efe312]
      server: [Microsoft-IIS/8.5]
      strict-transport-security: [max-age=31536000; includeSubDomains]
      x-aspnet-version: [4.0.30319]
      x-content-type-options: [nosniff]
      x-ms-ratelimit-remaining-subscription-resource-requests: ['11995']
      x-powered-by: [ASP.NET]
    status: {code: 201, message: Created}
- request:
    body: '{"properties": {"TTL": 3600, "AAAARecords": [{"ipv6Address": "2001:cafe:130::100"}]}}'
    headers:
      Accept: [application/json]
      Accept-Encoding: ['gzip, deflate']
      CommandName: [network dns zone import]
      Connection: [keep-alive]
      Content-Length: ['85']
      Content-Type: [application/json; charset=utf-8]
      User-Agent: [python/3.6.4 (Windows-10-10.0.16299-SP0) requests/2.18.4 msrest/0.4.27
          msrest_azure/0.4.22 azure-mgmt-dns/2.0.0rc1 Azure-SDK-For-Python AZURECLI/2.0.30]
      accept-language: [en-US]
    method: PUT
    uri: https://management.azure.com/subscriptions/00000000-0000-0000-0000-000000000000/resourceGroups/cli_dns_zone3_import000001/providers/Microsoft.Network/dnsZones/zone3.com/AAAA/test-aaaa?api-version=2018-03-01-preview
  response:
    body: {string: '{"id":"\/subscriptions\/a984ce58-225e-44d2-bc79-20a834ce85ae\/resourceGroups\/cli_dns_zone3_import000001\/providers\/Microsoft.Network\/dnszones\/zone3.com\/AAAA\/test-aaaa","name":"test-aaaa","type":"Microsoft.Network\/dnszones\/AAAA","etag":"eeb7dbb7-69fc-4632-a548-a3ece028367f","properties":{"fqdn":"test-aaaa.zone3.com.","TTL":3600,"AAAARecords":[{"ipv6Address":"2001:cafe:130::100"}]}}'}
    headers:
      cache-control: [private]
      content-length: ['440']
      content-type: [application/json; charset=utf-8]
      date: ['Thu, 15 Mar 2018 03:22:48 GMT']
      etag: [eeb7dbb7-69fc-4632-a548-a3ece028367f]
      server: [Microsoft-IIS/8.5]
      strict-transport-security: [max-age=31536000; includeSubDomains]
      x-aspnet-version: [4.0.30319]
      x-content-type-options: [nosniff]
      x-ms-ratelimit-remaining-subscription-resource-requests: ['11997']
      x-powered-by: [ASP.NET]
    status: {code: 201, message: Created}
- request:
    body: '{"properties": {"TTL": 3600, "CNAMERecord": {"cname": "target.com."}}}'
    headers:
      Accept: [application/json]
      Accept-Encoding: ['gzip, deflate']
      CommandName: [network dns zone import]
      Connection: [keep-alive]
      Content-Length: ['70']
      Content-Type: [application/json; charset=utf-8]
      User-Agent: [python/3.6.4 (Windows-10-10.0.16299-SP0) requests/2.18.4 msrest/0.4.27
          msrest_azure/0.4.22 azure-mgmt-dns/2.0.0rc1 Azure-SDK-For-Python AZURECLI/2.0.30]
      accept-language: [en-US]
    method: PUT
    uri: https://management.azure.com/subscriptions/00000000-0000-0000-0000-000000000000/resourceGroups/cli_dns_zone3_import000001/providers/Microsoft.Network/dnsZones/zone3.com/CNAME/test-cname?api-version=2018-03-01-preview
  response:
    body: {string: '{"id":"\/subscriptions\/a984ce58-225e-44d2-bc79-20a834ce85ae\/resourceGroups\/cli_dns_zone3_import000001\/providers\/Microsoft.Network\/dnszones\/zone3.com\/CNAME\/test-cname","name":"test-cname","type":"Microsoft.Network\/dnszones\/CNAME","etag":"e9a4eddf-e516-41d5-8abe-ab9f1b785cc9","properties":{"fqdn":"test-cname.zone3.com.","TTL":3600,"CNAMERecord":{"cname":"target.com."}}}'}
    headers:
      cache-control: [private]
      content-length: ['430']
      content-type: [application/json; charset=utf-8]
      date: ['Thu, 15 Mar 2018 03:22:54 GMT']
      etag: [e9a4eddf-e516-41d5-8abe-ab9f1b785cc9]
      server: [Microsoft-IIS/8.5]
      strict-transport-security: [max-age=31536000; includeSubDomains]
      x-aspnet-version: [4.0.30319]
      x-content-type-options: [nosniff]
      x-ms-ratelimit-remaining-subscription-resource-requests: ['11997']
      x-powered-by: [ASP.NET]
    status: {code: 201, message: Created}
- request:
    body: '{"properties": {"TTL": 3600, "MXRecords": [{"preference": 10, "exchange":
      "mail.com."}]}}'
    headers:
      Accept: [application/json]
      Accept-Encoding: ['gzip, deflate']
      CommandName: [network dns zone import]
      Connection: [keep-alive]
      Content-Length: ['89']
      Content-Type: [application/json; charset=utf-8]
      User-Agent: [python/3.6.4 (Windows-10-10.0.16299-SP0) requests/2.18.4 msrest/0.4.27
          msrest_azure/0.4.22 azure-mgmt-dns/2.0.0rc1 Azure-SDK-For-Python AZURECLI/2.0.30]
      accept-language: [en-US]
    method: PUT
    uri: https://management.azure.com/subscriptions/00000000-0000-0000-0000-000000000000/resourceGroups/cli_dns_zone3_import000001/providers/Microsoft.Network/dnsZones/zone3.com/MX/test-mx?api-version=2018-03-01-preview
  response:
    body: {string: '{"id":"\/subscriptions\/a984ce58-225e-44d2-bc79-20a834ce85ae\/resourceGroups\/cli_dns_zone3_import000001\/providers\/Microsoft.Network\/dnszones\/zone3.com\/MX\/test-mx","name":"test-mx","type":"Microsoft.Network\/dnszones\/MX","etag":"add90a01-ced5-4be7-a566-a13424a68831","properties":{"fqdn":"test-mx.zone3.com.","TTL":3600,"MXRecords":[{"exchange":"mail.com.","preference":10}]}}'}
    headers:
      cache-control: [private]
      content-length: ['432']
      content-type: [application/json; charset=utf-8]
      date: ['Thu, 15 Mar 2018 03:22:56 GMT']
      etag: [add90a01-ced5-4be7-a566-a13424a68831]
      server: [Microsoft-IIS/8.5]
      strict-transport-security: [max-age=31536000; includeSubDomains]
      x-aspnet-version: [4.0.30319]
      x-content-type-options: [nosniff]
      x-ms-ratelimit-remaining-subscription-resource-requests: ['11998']
      x-powered-by: [ASP.NET]
    status: {code: 201, message: Created}
- request:
    body: '{"properties": {"TTL": 3600, "NSRecords": [{"nsdname": "ns1.com."}]}}'
    headers:
      Accept: [application/json]
      Accept-Encoding: ['gzip, deflate']
      CommandName: [network dns zone import]
      Connection: [keep-alive]
      Content-Length: ['69']
      Content-Type: [application/json; charset=utf-8]
      User-Agent: [python/3.6.4 (Windows-10-10.0.16299-SP0) requests/2.18.4 msrest/0.4.27
          msrest_azure/0.4.22 azure-mgmt-dns/2.0.0rc1 Azure-SDK-For-Python AZURECLI/2.0.30]
      accept-language: [en-US]
    method: PUT
    uri: https://management.azure.com/subscriptions/00000000-0000-0000-0000-000000000000/resourceGroups/cli_dns_zone3_import000001/providers/Microsoft.Network/dnsZones/zone3.com/NS/test-ns?api-version=2018-03-01-preview
  response:
    body: {string: '{"id":"\/subscriptions\/a984ce58-225e-44d2-bc79-20a834ce85ae\/resourceGroups\/cli_dns_zone3_import000001\/providers\/Microsoft.Network\/dnszones\/zone3.com\/NS\/test-ns","name":"test-ns","type":"Microsoft.Network\/dnszones\/NS","etag":"a352de5a-3770-416a-bbb4-048f5391da6a","properties":{"fqdn":"test-ns.zone3.com.","TTL":3600,"NSRecords":[{"nsdname":"ns1.com."}]}}'}
    headers:
      cache-control: [private]
      content-length: ['414']
      content-type: [application/json; charset=utf-8]
      date: ['Thu, 15 Mar 2018 03:22:59 GMT']
      etag: [a352de5a-3770-416a-bbb4-048f5391da6a]
      server: [Microsoft-IIS/8.5]
      strict-transport-security: [max-age=31536000; includeSubDomains]
      x-aspnet-version: [4.0.30319]
      x-content-type-options: [nosniff]
      x-ms-ratelimit-remaining-subscription-resource-requests: ['11997']
      x-powered-by: [ASP.NET]
    status: {code: 201, message: Created}
- request:
    body: '{"properties": {"TTL": 3600, "SRVRecords": [{"priority": 1, "weight": 2,
      "port": 3, "target": "target.com."}]}}'
    headers:
      Accept: [application/json]
      Accept-Encoding: ['gzip, deflate']
      CommandName: [network dns zone import]
      Connection: [keep-alive]
      Content-Length: ['111']
      Content-Type: [application/json; charset=utf-8]
      User-Agent: [python/3.6.4 (Windows-10-10.0.16299-SP0) requests/2.18.4 msrest/0.4.27
          msrest_azure/0.4.22 azure-mgmt-dns/2.0.0rc1 Azure-SDK-For-Python AZURECLI/2.0.30]
      accept-language: [en-US]
    method: PUT
    uri: https://management.azure.com/subscriptions/00000000-0000-0000-0000-000000000000/resourceGroups/cli_dns_zone3_import000001/providers/Microsoft.Network/dnsZones/zone3.com/SRV/_sip._tcp.test-srv?api-version=2018-03-01-preview
  response:
    body: {string: '{"id":"\/subscriptions\/a984ce58-225e-44d2-bc79-20a834ce85ae\/resourceGroups\/cli_dns_zone3_import000001\/providers\/Microsoft.Network\/dnszones\/zone3.com\/SRV\/_sip._tcp.test-srv","name":"_sip._tcp.test-srv","type":"Microsoft.Network\/dnszones\/SRV","etag":"1df6cb3f-26bc-45d9-8b58-421ff410c422","properties":{"fqdn":"_sip._tcp.test-srv.zone3.com.","TTL":3600,"SRVRecords":[{"port":3,"priority":1,"target":"target.com.","weight":2}]}}'}
    headers:
      cache-control: [private]
      content-length: ['485']
      content-type: [application/json; charset=utf-8]
      date: ['Thu, 15 Mar 2018 03:23:03 GMT']
      etag: [1df6cb3f-26bc-45d9-8b58-421ff410c422]
      server: [Microsoft-IIS/8.5]
      strict-transport-security: [max-age=31536000; includeSubDomains]
      x-aspnet-version: [4.0.30319]
      x-content-type-options: [nosniff]
      x-ms-ratelimit-remaining-subscription-resource-requests: ['11996']
      x-powered-by: [ASP.NET]
    status: {code: 201, message: Created}
- request:
    body: '{"properties": {"TTL": 3600, "TXTRecords": [{"value": ["string 1"]}]}}'
    headers:
      Accept: [application/json]
      Accept-Encoding: ['gzip, deflate']
      CommandName: [network dns zone import]
      Connection: [keep-alive]
      Content-Length: ['70']
      Content-Type: [application/json; charset=utf-8]
      User-Agent: [python/3.6.4 (Windows-10-10.0.16299-SP0) requests/2.18.4 msrest/0.4.27
          msrest_azure/0.4.22 azure-mgmt-dns/2.0.0rc1 Azure-SDK-For-Python AZURECLI/2.0.30]
      accept-language: [en-US]
    method: PUT
    uri: https://management.azure.com/subscriptions/00000000-0000-0000-0000-000000000000/resourceGroups/cli_dns_zone3_import000001/providers/Microsoft.Network/dnsZones/zone3.com/TXT/test-txt?api-version=2018-03-01-preview
  response:
    body: {string: '{"id":"\/subscriptions\/a984ce58-225e-44d2-bc79-20a834ce85ae\/resourceGroups\/cli_dns_zone3_import000001\/providers\/Microsoft.Network\/dnszones\/zone3.com\/TXT\/test-txt","name":"test-txt","type":"Microsoft.Network\/dnszones\/TXT","etag":"29d91e7e-e062-45c3-95dd-1fa1b8934fae","properties":{"fqdn":"test-txt.zone3.com.","TTL":3600,"TXTRecords":[{"value":["string
        1"]}]}}'}
    headers:
      cache-control: [private]
      content-length: ['420']
      content-type: [application/json; charset=utf-8]
      date: ['Thu, 15 Mar 2018 03:23:10 GMT']
      etag: [29d91e7e-e062-45c3-95dd-1fa1b8934fae]
      server: [Microsoft-IIS/8.5]
      strict-transport-security: [max-age=31536000; includeSubDomains]
      x-aspnet-version: [4.0.30319]
      x-content-type-options: [nosniff]
      x-ms-ratelimit-remaining-subscription-resource-requests: ['11993']
      x-powered-by: [ASP.NET]
    status: {code: 201, message: Created}
- request:
    body: '{"properties": {"TTL": 3600, "TXTRecords": [{"value": ["string 1 only"]}]}}'
    headers:
      Accept: [application/json]
      Accept-Encoding: ['gzip, deflate']
      CommandName: [network dns zone import]
      Connection: [keep-alive]
      Content-Length: ['75']
      Content-Type: [application/json; charset=utf-8]
      User-Agent: [python/3.6.4 (Windows-10-10.0.16299-SP0) requests/2.18.4 msrest/0.4.27
          msrest_azure/0.4.22 azure-mgmt-dns/2.0.0rc1 Azure-SDK-For-Python AZURECLI/2.0.30]
      accept-language: [en-US]
    method: PUT
    uri: https://management.azure.com/subscriptions/00000000-0000-0000-0000-000000000000/resourceGroups/cli_dns_zone3_import000001/providers/Microsoft.Network/dnsZones/zone3.com/TXT/txt1?api-version=2018-03-01-preview
  response:
    body: {string: '{"id":"\/subscriptions\/a984ce58-225e-44d2-bc79-20a834ce85ae\/resourceGroups\/cli_dns_zone3_import000001\/providers\/Microsoft.Network\/dnszones\/zone3.com\/TXT\/txt1","name":"txt1","type":"Microsoft.Network\/dnszones\/TXT","etag":"8be0e995-c046-490d-a17b-2f2794f336fd","properties":{"fqdn":"txt1.zone3.com.","TTL":3600,"TXTRecords":[{"value":["string
        1 only"]}]}}'}
    headers:
      cache-control: [private]
      content-length: ['413']
      content-type: [application/json; charset=utf-8]
      date: ['Thu, 15 Mar 2018 03:23:14 GMT']
      etag: [8be0e995-c046-490d-a17b-2f2794f336fd]
      server: [Microsoft-IIS/8.5]
      strict-transport-security: [max-age=31536000; includeSubDomains]
      x-aspnet-version: [4.0.30319]
      x-content-type-options: [nosniff]
      x-ms-ratelimit-remaining-subscription-resource-requests: ['11995']
      x-powered-by: [ASP.NET]
    status: {code: 201, message: Created}
- request:
    body: '{"properties": {"TTL": 3600, "TXTRecords": [{"value": ["string1string2"]}]}}'
    headers:
      Accept: [application/json]
      Accept-Encoding: ['gzip, deflate']
      CommandName: [network dns zone import]
      Connection: [keep-alive]
      Content-Length: ['76']
      Content-Type: [application/json; charset=utf-8]
      User-Agent: [python/3.6.4 (Windows-10-10.0.16299-SP0) requests/2.18.4 msrest/0.4.27
          msrest_azure/0.4.22 azure-mgmt-dns/2.0.0rc1 Azure-SDK-For-Python AZURECLI/2.0.30]
      accept-language: [en-US]
    method: PUT
    uri: https://management.azure.com/subscriptions/00000000-0000-0000-0000-000000000000/resourceGroups/cli_dns_zone3_import000001/providers/Microsoft.Network/dnsZones/zone3.com/TXT/txt2?api-version=2018-03-01-preview
  response:
    body: {string: '{"id":"\/subscriptions\/a984ce58-225e-44d2-bc79-20a834ce85ae\/resourceGroups\/cli_dns_zone3_import000001\/providers\/Microsoft.Network\/dnszones\/zone3.com\/TXT\/txt2","name":"txt2","type":"Microsoft.Network\/dnszones\/TXT","etag":"88f1c5df-e96e-4484-88d4-3464e7b0d100","properties":{"fqdn":"txt2.zone3.com.","TTL":3600,"TXTRecords":[{"value":["string1string2"]}]}}'}
    headers:
      cache-control: [private]
      content-length: ['414']
      content-type: [application/json; charset=utf-8]
      date: ['Thu, 15 Mar 2018 03:23:18 GMT']
      etag: [88f1c5df-e96e-4484-88d4-3464e7b0d100]
      server: [Microsoft-IIS/8.5]
      strict-transport-security: [max-age=31536000; includeSubDomains]
      x-aspnet-version: [4.0.30319]
      x-content-type-options: [nosniff]
      x-ms-ratelimit-remaining-subscription-resource-requests: ['11996']
      x-powered-by: [ASP.NET]
    status: {code: 201, message: Created}
- request:
    body: '{"properties": {"TTL": 3600, "TXTRecords": [{"value": ["this is a very
      long string with lots of text, in fact is has 74 charactersthis is a very long
      string with lots of text, in fact is has 74 charactersthis is a very long string
      with lots of text, in fact is has 74 charactersthis is a very long string with
      l", "ots of text, in fact is has 74 characters"]}, {"value": ["string;string;string"]}]}}'
    headers:
      Accept: [application/json]
      Accept-Encoding: ['gzip, deflate']
      CommandName: [network dns zone import]
      Connection: [keep-alive]
      Content-Length: ['399']
      Content-Type: [application/json; charset=utf-8]
      User-Agent: [python/3.6.4 (Windows-10-10.0.16299-SP0) requests/2.18.4 msrest/0.4.27
          msrest_azure/0.4.22 azure-mgmt-dns/2.0.0rc1 Azure-SDK-For-Python AZURECLI/2.0.30]
      accept-language: [en-US]
    method: PUT
    uri: https://management.azure.com/subscriptions/00000000-0000-0000-0000-000000000000/resourceGroups/cli_dns_zone3_import000001/providers/Microsoft.Network/dnsZones/zone3.com/TXT/txt3?api-version=2018-03-01-preview
  response:
    body: {string: '{"id":"\/subscriptions\/a984ce58-225e-44d2-bc79-20a834ce85ae\/resourceGroups\/cli_dns_zone3_import000001\/providers\/Microsoft.Network\/dnszones\/zone3.com\/TXT\/txt3","name":"txt3","type":"Microsoft.Network\/dnszones\/TXT","etag":"884cb0d4-f92e-40e8-89f1-11f2dc3e87d6","properties":{"fqdn":"txt3.zone3.com.","TTL":3600,"TXTRecords":[{"value":["this
        is a very long string with lots of text, in fact is has 74 charactersthis
        is a very long string with lots of text, in fact is has 74 charactersthis
        is a very long string with lots of text, in fact is has 74 charactersthis
        is a very long string with l","ots of text, in fact is has 74 characters"]},{"value":["string;string;string"]}]}}'}
    headers:
      cache-control: [private]
      content-length: ['734']
      content-type: [application/json; charset=utf-8]
      date: ['Thu, 15 Mar 2018 03:23:21 GMT']
      etag: [884cb0d4-f92e-40e8-89f1-11f2dc3e87d6]
      server: [Microsoft-IIS/8.5]
      strict-transport-security: [max-age=31536000; includeSubDomains]
      x-aspnet-version: [4.0.30319]
      x-content-type-options: [nosniff]
      x-ms-ratelimit-remaining-subscription-resource-requests: ['11996']
      x-powered-by: [ASP.NET]
    status: {code: 201, message: Created}
- request:
    body: null
    headers:
      Accept: [application/json]
      Accept-Encoding: ['gzip, deflate']
      CommandName: [network dns record-set list]
      Connection: [keep-alive]
      Content-Type: [application/json; charset=utf-8]
      User-Agent: [python/3.6.4 (Windows-10-10.0.16299-SP0) requests/2.18.4 msrest/0.4.27
          msrest_azure/0.4.22 azure-mgmt-dns/2.0.0rc1 Azure-SDK-For-Python AZURECLI/2.0.30]
      accept-language: [en-US]
    method: GET
    uri: https://management.azure.com/subscriptions/00000000-0000-0000-0000-000000000000/resourceGroups/cli_dns_zone3_import000001/providers/Microsoft.Network/dnsZones/zone3.com/recordsets?api-version=2018-03-01-preview
  response:
    body: {string: '{"value":[{"id":"\/subscriptions\/a984ce58-225e-44d2-bc79-20a834ce85ae\/resourceGroups\/cli_dns_zone3_import000001\/providers\/Microsoft.Network\/dnszones\/zone3.com\/NS\/@","name":"@","type":"Microsoft.Network\/dnszones\/NS","etag":"182a9644-5f75-409d-bfc2-da5fe18acd8b","properties":{"fqdn":"zone3.com.","TTL":86400,"NSRecords":[{"nsdname":"ns1-03.ppe.azure-dns.com."},{"nsdname":"ns2-03.ppe.azure-dns.net."},{"nsdname":"ns3-03.ppe.azure-dns.org."},{"nsdname":"ns4-03.ppe.azure-dns.info."}]}},{"id":"\/subscriptions\/a984ce58-225e-44d2-bc79-20a834ce85ae\/resourceGroups\/cli_dns_zone3_import000001\/providers\/Microsoft.Network\/dnszones\/zone3.com\/SOA\/@","name":"@","type":"Microsoft.Network\/dnszones\/SOA","etag":"016b2d58-7769-4366-ac8c-6dacdd5fab7d","properties":{"fqdn":"zone3.com.","TTL":86400,"SOARecord":{"email":"hostmaster.zone3.com.","expireTime":1814400,"host":"ns1-03.ppe.azure-dns.com.","minimumTTL":10800,"refreshTime":43200,"retryTime":900,"serialNumber":2003080800}}},{"id":"\/subscriptions\/a984ce58-225e-44d2-bc79-20a834ce85ae\/resourceGroups\/cli_dns_zone3_import000001\/providers\/Microsoft.Network\/dnszones\/zone3.com\/SRV\/_sip._tcp","name":"_sip._tcp","type":"Microsoft.Network\/dnszones\/SRV","etag":"ea0ada79-bcd6-4577-8bde-0f0954ba0f66","properties":{"fqdn":"_sip._tcp.zone3.com.","TTL":3600,"SRVRecords":[{"port":30,"priority":10,"target":"foo.com.","weight":20}]}},{"id":"\/subscriptions\/a984ce58-225e-44d2-bc79-20a834ce85ae\/resourceGroups\/cli_dns_zone3_import000001\/providers\/Microsoft.Network\/dnszones\/zone3.com\/A\/d1","name":"d1","type":"Microsoft.Network\/dnszones\/A","etag":"47a5d4c4-8c9b-4ce2-90df-0c3a3505e692","properties":{"fqdn":"d1.zone3.com.","TTL":3600,"ARecords":[{"ipv4Address":"12.1.2.3"},{"ipv4Address":"12.2.3.4"},{"ipv4Address":"12.3.4.5"},{"ipv4Address":"12.4.5.6"}]}},{"id":"\/subscriptions\/a984ce58-225e-44d2-bc79-20a834ce85ae\/resourceGroups\/cli_dns_zone3_import000001\/providers\/Microsoft.Network\/dnszones\/zone3.com\/NS\/d1","name":"d1","type":"Microsoft.Network\/dnszones\/NS","etag":"3630e10d-9a93-4580-8f91-ff70a29472fd","properties":{"fqdn":"d1.zone3.com.","TTL":3600,"NSRecords":[{"nsdname":"hood.com."}]}},{"id":"\/subscriptions\/a984ce58-225e-44d2-bc79-20a834ce85ae\/resourceGroups\/cli_dns_zone3_import000001\/providers\/Microsoft.Network\/dnszones\/zone3.com\/TXT\/d1","name":"d1","type":"Microsoft.Network\/dnszones\/TXT","etag":"af8a0e9a-5a85-4b64-94a7-486481a83f39","properties":{"fqdn":"d1.zone3.com.","TTL":3600,"TXTRecords":[{"value":["fishfishfish"]}]}},{"id":"\/subscriptions\/a984ce58-225e-44d2-bc79-20a834ce85ae\/resourceGroups\/cli_dns_zone3_import000001\/providers\/Microsoft.Network\/dnszones\/zone3.com\/A\/f1","name":"f1","type":"Microsoft.Network\/dnszones\/A","etag":"75d9fe3d-e305-4751-ae2e-03e40edc6677","properties":{"fqdn":"f1.zone3.com.","TTL":3600,"ARecords":[{"ipv4Address":"11.1.2.3"},{"ipv4Address":"11.2.3.3"}]}},{"id":"\/subscriptions\/a984ce58-225e-44d2-bc79-20a834ce85ae\/resourceGroups\/cli_dns_zone3_import000001\/providers\/Microsoft.Network\/dnszones\/zone3.com\/A\/f2","name":"f2","type":"Microsoft.Network\/dnszones\/A","etag":"2d2028cf-49c6-4feb-a729-7b493b4f2061","properties":{"fqdn":"f2.zone3.com.","TTL":3600,"ARecords":[{"ipv4Address":"11.2.3.4"},{"ipv4Address":"11.5.6.7"}]}},{"id":"\/subscriptions\/a984ce58-225e-44d2-bc79-20a834ce85ae\/resourceGroups\/cli_dns_zone3_import000001\/providers\/Microsoft.Network\/dnszones\/zone3.com\/MX\/mail","name":"mail","type":"Microsoft.Network\/dnszones\/MX","etag":"945dfb46-04a2-4344-8e63-ebccbe0787e8","properties":{"fqdn":"mail.zone3.com.","TTL":3600,"MXRecords":[{"exchange":"mail.test.com.","preference":100}]}},{"id":"\/subscriptions\/a984ce58-225e-44d2-bc79-20a834ce85ae\/resourceGroups\/cli_dns_zone3_import000001\/providers\/Microsoft.Network\/dnszones\/zone3.com\/A\/noclass","name":"noclass","type":"Microsoft.Network\/dnszones\/A","etag":"2b96b302-08d8-4019-a978-380ed2c607a6","properties":{"fqdn":"noclass.zone3.com.","TTL":3600,"ARecords":[{"ipv4Address":"1.2.3.4"},{"ipv4Address":"2.3.4.5"}]}},{"id":"\/subscriptions\/a984ce58-225e-44d2-bc79-20a834ce85ae\/resourceGroups\/cli_dns_zone3_import000001\/providers\/Microsoft.Network\/dnszones\/zone3.com\/A\/test-a","name":"test-a","type":"Microsoft.Network\/dnszones\/A","etag":"736cf3e1-b2d2-446e-a649-bd7e82efe312","properties":{"fqdn":"test-a.zone3.com.","TTL":3600,"ARecords":[{"ipv4Address":"1.2.3.4"}]}},{"id":"\/subscriptions\/a984ce58-225e-44d2-bc79-20a834ce85ae\/resourceGroups\/cli_dns_zone3_import000001\/providers\/Microsoft.Network\/dnszones\/zone3.com\/AAAA\/test-aaaa","name":"test-aaaa","type":"Microsoft.Network\/dnszones\/AAAA","etag":"eeb7dbb7-69fc-4632-a548-a3ece028367f","properties":{"fqdn":"test-aaaa.zone3.com.","TTL":3600,"AAAARecords":[{"ipv6Address":"2001:cafe:130::100"}]}},{"id":"\/subscriptions\/a984ce58-225e-44d2-bc79-20a834ce85ae\/resourceGroups\/cli_dns_zone3_import000001\/providers\/Microsoft.Network\/dnszones\/zone3.com\/CNAME\/test-cname","name":"test-cname","type":"Microsoft.Network\/dnszones\/CNAME","etag":"e9a4eddf-e516-41d5-8abe-ab9f1b785cc9","properties":{"fqdn":"test-cname.zone3.com.","TTL":3600,"CNAMERecord":{"cname":"target.com."}}},{"id":"\/subscriptions\/a984ce58-225e-44d2-bc79-20a834ce85ae\/resourceGroups\/cli_dns_zone3_import000001\/providers\/Microsoft.Network\/dnszones\/zone3.com\/MX\/test-mx","name":"test-mx","type":"Microsoft.Network\/dnszones\/MX","etag":"add90a01-ced5-4be7-a566-a13424a68831","properties":{"fqdn":"test-mx.zone3.com.","TTL":3600,"MXRecords":[{"exchange":"mail.com.","preference":10}]}},{"id":"\/subscriptions\/a984ce58-225e-44d2-bc79-20a834ce85ae\/resourceGroups\/cli_dns_zone3_import000001\/providers\/Microsoft.Network\/dnszones\/zone3.com\/NS\/test-ns","name":"test-ns","type":"Microsoft.Network\/dnszones\/NS","etag":"a352de5a-3770-416a-bbb4-048f5391da6a","properties":{"fqdn":"test-ns.zone3.com.","TTL":3600,"NSRecords":[{"nsdname":"ns1.com."}]}},{"id":"\/subscriptions\/a984ce58-225e-44d2-bc79-20a834ce85ae\/resourceGroups\/cli_dns_zone3_import000001\/providers\/Microsoft.Network\/dnszones\/zone3.com\/SRV\/_sip._tcp.test-srv","name":"_sip._tcp.test-srv","type":"Microsoft.Network\/dnszones\/SRV","etag":"1df6cb3f-26bc-45d9-8b58-421ff410c422","properties":{"fqdn":"_sip._tcp.test-srv.zone3.com.","TTL":3600,"SRVRecords":[{"port":3,"priority":1,"target":"target.com.","weight":2}]}},{"id":"\/subscriptions\/a984ce58-225e-44d2-bc79-20a834ce85ae\/resourceGroups\/cli_dns_zone3_import000001\/providers\/Microsoft.Network\/dnszones\/zone3.com\/TXT\/test-txt","name":"test-txt","type":"Microsoft.Network\/dnszones\/TXT","etag":"29d91e7e-e062-45c3-95dd-1fa1b8934fae","properties":{"fqdn":"test-txt.zone3.com.","TTL":3600,"TXTRecords":[{"value":["string
        1"]}]}},{"id":"\/subscriptions\/a984ce58-225e-44d2-bc79-20a834ce85ae\/resourceGroups\/cli_dns_zone3_import000001\/providers\/Microsoft.Network\/dnszones\/zone3.com\/TXT\/txt1","name":"txt1","type":"Microsoft.Network\/dnszones\/TXT","etag":"8be0e995-c046-490d-a17b-2f2794f336fd","properties":{"fqdn":"txt1.zone3.com.","TTL":3600,"TXTRecords":[{"value":["string
        1 only"]}]}},{"id":"\/subscriptions\/a984ce58-225e-44d2-bc79-20a834ce85ae\/resourceGroups\/cli_dns_zone3_import000001\/providers\/Microsoft.Network\/dnszones\/zone3.com\/TXT\/txt2","name":"txt2","type":"Microsoft.Network\/dnszones\/TXT","etag":"88f1c5df-e96e-4484-88d4-3464e7b0d100","properties":{"fqdn":"txt2.zone3.com.","TTL":3600,"TXTRecords":[{"value":["string1string2"]}]}},{"id":"\/subscriptions\/a984ce58-225e-44d2-bc79-20a834ce85ae\/resourceGroups\/cli_dns_zone3_import000001\/providers\/Microsoft.Network\/dnszones\/zone3.com\/TXT\/txt3","name":"txt3","type":"Microsoft.Network\/dnszones\/TXT","etag":"884cb0d4-f92e-40e8-89f1-11f2dc3e87d6","properties":{"fqdn":"txt3.zone3.com.","TTL":3600,"TXTRecords":[{"value":["this
        is a very long string with lots of text, in fact is has 74 charactersthis
        is a very long string with lots of text, in fact is has 74 charactersthis
        is a very long string with lots of text, in fact is has 74 charactersthis
        is a very long string with l","ots of text, in fact is has 74 characters"]},{"value":["string;string;string"]}]}}]}'}
    headers:
      cache-control: [private]
      content-length: ['9168']
      content-type: [application/json; charset=utf-8]
      date: ['Thu, 15 Mar 2018 03:23:26 GMT']
      server: [Microsoft-IIS/8.5]
      strict-transport-security: [max-age=31536000; includeSubDomains]
      transfer-encoding: [chunked]
      vary: [Accept-Encoding]
      x-aspnet-version: [4.0.30319]
      x-content-type-options: [nosniff]
      x-ms-ratelimit-remaining-subscription-resource-requests: ['11999']
      x-powered-by: [ASP.NET]
    status: {code: 200, message: OK}
- request:
    body: null
    headers:
      Accept: [application/json]
      Accept-Encoding: ['gzip, deflate']
      CommandName: [group delete]
      Connection: [keep-alive]
      Content-Length: ['0']
      Content-Type: [application/json; charset=utf-8]
      User-Agent: [python/3.6.4 (Windows-10-10.0.16299-SP0) requests/2.18.4 msrest/0.4.27
          msrest_azure/0.4.22 resourcemanagementclient/1.2.1 Azure-SDK-For-Python
          AZURECLI/2.0.30]
      accept-language: [en-US]
    method: DELETE
    uri: https://management.azure.com/subscriptions/00000000-0000-0000-0000-000000000000/resourcegroups/cli_dns_zone3_import000001?api-version=2017-05-10
  response:
    body: {string: ''}
    headers:
      cache-control: [no-cache]
      content-length: ['0']
      date: ['Thu, 15 Mar 2018 03:23:34 GMT']
      expires: ['-1']
      location: ['https://management.azure.com/subscriptions/00000000-0000-0000-0000-000000000000/operationresults/eyJqb2JJZCI6IlJFU09VUkNFR1JPVVBERUxFVElPTkpPQi1DTEk6NUZETlM6NUZaT05FMzo1RklNUE9SVEQ0NzdMT1FISTNMQTJNQUszS0UzVnxBNEFDREZFQkU3MjJDNURGLVdFU1RVUyIsImpvYkxvY2F0aW9uIjoid2VzdHVzIn0?api-version=2017-05-10']
      pragma: [no-cache]
      strict-transport-security: [max-age=31536000; includeSubDomains]
      x-content-type-options: [nosniff]
      x-ms-ratelimit-remaining-subscription-writes: ['1198']
    status: {code: 202, message: Accepted}
version: 1
