interactions:
- request:
    body: '{"location": "westus", "tags": {"product": "azurecli", "cause": "automation",
      "date": "2019-05-14T17:07:17Z"}}'
    headers:
      Accept:
      - application/json
      Accept-Encoding:
      - gzip, deflate
      CommandName:
      - group create
      Connection:
      - keep-alive
      Content-Length:
      - '110'
      Content-Type:
      - application/json; charset=utf-8
      ParameterSetName:
      - --location --name --tag
      User-Agent:
      - python/3.7.3 (Windows-10-10.0.18362-SP0) msrest/0.6.6 msrest_azure/0.6.0 resourcemanagementclient/2.1.0
        Azure-SDK-For-Python AZURECLI/2.0.64
      accept-language:
      - en-US
    method: PUT
    uri: https://management.azure.com/subscriptions/00000000-0000-0000-0000-000000000000/resourcegroups/cli_test_express_route_global_reach000001?api-version=2018-05-01
  response:
    body:
      string: '{"id":"/subscriptions/00000000-0000-0000-0000-000000000000/resourceGroups/cli_test_express_route_global_reach000001","name":"cli_test_express_route_global_reach000001","location":"westus","tags":{"product":"azurecli","cause":"automation","date":"2019-05-14T17:07:17Z"},"properties":{"provisioningState":"Succeeded"}}'
    headers:
      cache-control:
      - no-cache
      content-length:
      - '384'
      content-type:
      - application/json; charset=utf-8
      date:
      - Tue, 14 May 2019 17:07:19 GMT
      expires:
      - '-1'
      pragma:
      - no-cache
      strict-transport-security:
      - max-age=31536000; includeSubDomains
      x-content-type-options:
      - nosniff
      x-ms-ratelimit-remaining-subscription-writes:
      - '1199'
    status:
      code: 201
      message: Created
- request:
    body: null
    headers:
      Accept:
      - application/json
      Accept-Encoding:
      - gzip, deflate
      CommandName:
      - network express-route create
      Connection:
      - keep-alive
      ParameterSetName:
      - -g -n --allow-global-reach --bandwidth --peering-location --provider --sku-tier
      User-Agent:
      - python/3.7.3 (Windows-10-10.0.18362-SP0) msrest/0.6.6 msrest_azure/0.6.0 resourcemanagementclient/2.1.0
        Azure-SDK-For-Python AZURECLI/2.0.64
      accept-language:
      - en-US
    method: GET
    uri: https://management.azure.com/subscriptions/00000000-0000-0000-0000-000000000000/resourcegroups/cli_test_express_route_global_reach000001?api-version=2018-05-01
  response:
    body:
      string: '{"id":"/subscriptions/00000000-0000-0000-0000-000000000000/resourceGroups/cli_test_express_route_global_reach000001","name":"cli_test_express_route_global_reach000001","location":"westus","tags":{"product":"azurecli","cause":"automation","date":"2019-05-14T17:07:17Z"},"properties":{"provisioningState":"Succeeded"}}'
    headers:
      cache-control:
      - no-cache
      content-length:
      - '384'
      content-type:
      - application/json; charset=utf-8
      date:
      - Tue, 14 May 2019 17:07:20 GMT
      expires:
      - '-1'
      pragma:
      - no-cache
      strict-transport-security:
      - max-age=31536000; includeSubDomains
      vary:
      - Accept-Encoding
      x-content-type-options:
      - nosniff
    status:
      code: 200
      message: OK
- request:
    body: '{"location": "westus", "sku": {"name": "Premium_MeteredData", "tier": "Premium",
      "family": "MeteredData"}, "properties": {"serviceProviderProperties": {"serviceProviderName":
      "Microsoft ER Test", "peeringLocation": "Area51", "bandwidthInMbps": 50}}}'
    headers:
      Accept:
      - application/json
      Accept-Encoding:
      - gzip, deflate
      CommandName:
      - network express-route create
      Connection:
      - keep-alive
      Content-Length:
      - '249'
      Content-Type:
      - application/json; charset=utf-8
      ParameterSetName:
      - -g -n --allow-global-reach --bandwidth --peering-location --provider --sku-tier
      User-Agent:
      - python/3.7.3 (Windows-10-10.0.18362-SP0) msrest/0.6.6 msrest_azure/0.6.0 networkmanagementclient/2.7.0
        Azure-SDK-For-Python AZURECLI/2.0.64
      accept-language:
      - en-US
    method: PUT
    uri: https://management.azure.com/subscriptions/00000000-0000-0000-0000-000000000000/resourceGroups/cli_test_express_route_global_reach000001/providers/Microsoft.Network/expressRouteCircuits/er1?api-version=2019-02-01
  response:
    body:
      string: "{\r\n  \"name\": \"er1\",\r\n  \"id\": \"/subscriptions/00000000-0000-0000-0000-000000000000/resourceGroups/cli_test_express_route_global_reach000001/providers/Microsoft.Network/expressRouteCircuits/er1\",\r\n
        \ \"etag\": \"W/\\\"f3575a9a-ae83-4583-843a-5647d156a121\\\"\",\r\n  \"type\":
        \"Microsoft.Network/expressRouteCircuits\",\r\n  \"location\": \"westus\",\r\n
        \ \"properties\": {\r\n    \"provisioningState\": \"Updating\",\r\n    \"resourceGuid\":
        \"e33c2cf1-f732-4ba4-8086-a2858c13cce2\",\r\n    \"peerings\": [],\r\n    \"authorizations\":
        [],\r\n    \"serviceProviderProperties\": {\r\n      \"serviceProviderName\":
        \"Microsoft ER Test\",\r\n      \"peeringLocation\": \"Area51\",\r\n      \"bandwidthInMbps\":
        50\r\n    },\r\n    \"circuitProvisioningState\": \"Disabled\",\r\n    \"allowClassicOperations\":
        false,\r\n    \"serviceKey\": \"00000000-0000-0000-0000-000000000000\",\r\n
        \   \"serviceProviderProvisioningState\": \"NotProvisioned\",\r\n    \"allowGlobalReach\":
        false,\r\n    \"globalReachEnabled\": false\r\n  },\r\n  \"sku\": {\r\n    \"name\":
        \"Premium_MeteredData\",\r\n    \"tier\": \"Premium\",\r\n    \"family\":
        \"MeteredData\"\r\n  }\r\n}"
    headers:
      azure-asyncoperation:
      - https://management.azure.com/subscriptions/00000000-0000-0000-0000-000000000000/providers/Microsoft.Network/locations/westus/operations/ae1fe56b-8ad4-4f78-b6b2-7c498f6e4241?api-version=2019-02-01
      cache-control:
      - no-cache
      content-length:
      - '1069'
      content-type:
      - application/json; charset=utf-8
      date:
      - Tue, 14 May 2019 17:07:23 GMT
      expires:
      - '-1'
      pragma:
      - no-cache
      server:
      - Microsoft-HTTPAPI/2.0
      - Microsoft-HTTPAPI/2.0
      strict-transport-security:
      - max-age=31536000; includeSubDomains
      x-content-type-options:
      - nosniff
      x-ms-ratelimit-remaining-subscription-writes:
      - '1199'
    status:
      code: 201
      message: Created
- request:
    body: null
    headers:
      Accept:
      - application/json
      Accept-Encoding:
      - gzip, deflate
      CommandName:
      - network express-route create
      Connection:
      - keep-alive
      ParameterSetName:
      - -g -n --allow-global-reach --bandwidth --peering-location --provider --sku-tier
      User-Agent:
      - python/3.7.3 (Windows-10-10.0.18362-SP0) msrest/0.6.6 msrest_azure/0.6.0 networkmanagementclient/2.7.0
        Azure-SDK-For-Python AZURECLI/2.0.64
    method: GET
    uri: https://management.azure.com/subscriptions/00000000-0000-0000-0000-000000000000/providers/Microsoft.Network/locations/westus/operations/ae1fe56b-8ad4-4f78-b6b2-7c498f6e4241?api-version=2019-02-01
  response:
    body:
      string: "{\r\n  \"status\": \"InProgress\"\r\n}"
    headers:
      cache-control:
      - no-cache
      content-length:
      - '30'
      content-type:
      - application/json; charset=utf-8
      date:
      - Tue, 14 May 2019 17:07:34 GMT
      expires:
      - '-1'
      pragma:
      - no-cache
      server:
      - Microsoft-HTTPAPI/2.0
      - Microsoft-HTTPAPI/2.0
      strict-transport-security:
      - max-age=31536000; includeSubDomains
      transfer-encoding:
      - chunked
      vary:
      - Accept-Encoding
      x-content-type-options:
      - nosniff
    status:
      code: 200
      message: OK
- request:
    body: null
    headers:
      Accept:
      - application/json
      Accept-Encoding:
      - gzip, deflate
      CommandName:
      - network express-route create
      Connection:
      - keep-alive
      ParameterSetName:
      - -g -n --allow-global-reach --bandwidth --peering-location --provider --sku-tier
      User-Agent:
      - python/3.7.3 (Windows-10-10.0.18362-SP0) msrest/0.6.6 msrest_azure/0.6.0 networkmanagementclient/2.7.0
        Azure-SDK-For-Python AZURECLI/2.0.64
    method: GET
    uri: https://management.azure.com/subscriptions/00000000-0000-0000-0000-000000000000/providers/Microsoft.Network/locations/westus/operations/ae1fe56b-8ad4-4f78-b6b2-7c498f6e4241?api-version=2019-02-01
  response:
    body:
      string: "{\r\n  \"status\": \"Succeeded\"\r\n}"
    headers:
      cache-control:
      - no-cache
      content-length:
      - '29'
      content-type:
      - application/json; charset=utf-8
      date:
      - Tue, 14 May 2019 17:07:45 GMT
      expires:
      - '-1'
      pragma:
      - no-cache
      server:
      - Microsoft-HTTPAPI/2.0
      - Microsoft-HTTPAPI/2.0
      strict-transport-security:
      - max-age=31536000; includeSubDomains
      transfer-encoding:
      - chunked
      vary:
      - Accept-Encoding
      x-content-type-options:
      - nosniff
    status:
      code: 200
      message: OK
- request:
    body: null
    headers:
      Accept:
      - application/json
      Accept-Encoding:
      - gzip, deflate
      CommandName:
      - network express-route create
      Connection:
      - keep-alive
      ParameterSetName:
      - -g -n --allow-global-reach --bandwidth --peering-location --provider --sku-tier
      User-Agent:
      - python/3.7.3 (Windows-10-10.0.18362-SP0) msrest/0.6.6 msrest_azure/0.6.0 networkmanagementclient/2.7.0
        Azure-SDK-For-Python AZURECLI/2.0.64
    method: GET
    uri: https://management.azure.com/subscriptions/00000000-0000-0000-0000-000000000000/resourceGroups/cli_test_express_route_global_reach000001/providers/Microsoft.Network/expressRouteCircuits/er1?api-version=2019-02-01
  response:
    body:
      string: "{\r\n  \"name\": \"er1\",\r\n  \"id\": \"/subscriptions/00000000-0000-0000-0000-000000000000/resourceGroups/cli_test_express_route_global_reach000001/providers/Microsoft.Network/expressRouteCircuits/er1\",\r\n
        \ \"etag\": \"W/\\\"4767c8f8-3ba3-4778-92ee-b3bbd1500fbc\\\"\",\r\n  \"type\":
        \"Microsoft.Network/expressRouteCircuits\",\r\n  \"location\": \"westus\",\r\n
        \ \"properties\": {\r\n    \"provisioningState\": \"Succeeded\",\r\n    \"resourceGuid\":
        \"e33c2cf1-f732-4ba4-8086-a2858c13cce2\",\r\n    \"peerings\": [],\r\n    \"authorizations\":
        [],\r\n    \"serviceProviderProperties\": {\r\n      \"serviceProviderName\":
        \"Microsoft ER Test\",\r\n      \"peeringLocation\": \"Area51\",\r\n      \"bandwidthInMbps\":
        50\r\n    },\r\n    \"circuitProvisioningState\": \"Enabled\",\r\n    \"allowClassicOperations\":
        false,\r\n    \"gatewayManagerEtag\": \"\",\r\n    \"serviceKey\": \"454429f9-115b-4d52-9883-9134c0ff45d9\",\r\n
        \   \"serviceProviderProvisioningState\": \"NotProvisioned\",\r\n    \"allowGlobalReach\":
        false,\r\n    \"globalReachEnabled\": false,\r\n    \"stag\": 56\r\n  },\r\n
        \ \"sku\": {\r\n    \"name\": \"Premium_MeteredData\",\r\n    \"tier\": \"Premium\",\r\n
        \   \"family\": \"MeteredData\"\r\n  }\r\n}"
    headers:
      cache-control:
      - no-cache
      content-length:
      - '1117'
      content-type:
      - application/json; charset=utf-8
      date:
      - Tue, 14 May 2019 17:07:46 GMT
      expires:
      - '-1'
      pragma:
      - no-cache
      server:
      - Microsoft-HTTPAPI/2.0
      - Microsoft-HTTPAPI/2.0
      strict-transport-security:
      - max-age=31536000; includeSubDomains
      transfer-encoding:
      - chunked
      vary:
      - Accept-Encoding
      x-content-type-options:
      - nosniff
    status:
      code: 200
      message: OK
- request:
    body: '{"properties": {"peeringType": "AzurePrivatePeering", "peerASN": 10001,
      "primaryPeerAddressPrefix": "102.0.0.0/30", "secondaryPeerAddressPrefix": "103.0.0.0/30",
      "vlanId": 101}}'
    headers:
      Accept:
      - application/json
      Accept-Encoding:
      - gzip, deflate
      CommandName:
      - network express-route peering create
      Connection:
      - keep-alive
      Content-Length:
      - '177'
      Content-Type:
      - application/json; charset=utf-8
      ParameterSetName:
      - -g --circuit-name --peering-type --peer-asn --vlan-id --primary-peer-subnet
        --secondary-peer-subnet
      User-Agent:
      - python/3.7.3 (Windows-10-10.0.18362-SP0) msrest/0.6.6 msrest_azure/0.6.0 networkmanagementclient/2.7.0
        Azure-SDK-For-Python AZURECLI/2.0.64
      accept-language:
      - en-US
    method: PUT
    uri: https://management.azure.com/subscriptions/00000000-0000-0000-0000-000000000000/resourceGroups/cli_test_express_route_global_reach000001/providers/Microsoft.Network/expressRouteCircuits/er1/peerings/AzurePrivatePeering?api-version=2019-02-01
  response:
    body:
      string: "{\r\n  \"name\": \"AzurePrivatePeering\",\r\n  \"id\": \"/subscriptions/00000000-0000-0000-0000-000000000000/resourceGroups/cli_test_express_route_global_reach000001/providers/Microsoft.Network/expressRouteCircuits/er1/peerings/AzurePrivatePeering\",\r\n
        \ \"etag\": \"W/\\\"54a98172-f3bb-4b14-baf4-9e77ce4b7829\\\"\",\r\n  \"properties\":
        {\r\n    \"provisioningState\": \"Updating\",\r\n    \"peeringType\": \"AzurePrivatePeering\",\r\n
        \   \"azureASN\": 0,\r\n    \"peerASN\": 10001,\r\n    \"primaryPeerAddressPrefix\":
        \"102.0.0.0/30\",\r\n    \"secondaryPeerAddressPrefix\": \"103.0.0.0/30\",\r\n
        \   \"state\": \"Enabled\",\r\n    \"vlanId\": 101,\r\n    \"lastModifiedBy\":
        \"\",\r\n    \"connections\": [],\r\n    \"peeredConnections\": []\r\n  },\r\n
        \ \"type\": \"Microsoft.Network/expressRouteCircuits/peerings\"\r\n}"
    headers:
      azure-asyncoperation:
      - https://management.azure.com/subscriptions/00000000-0000-0000-0000-000000000000/providers/Microsoft.Network/locations/westus/operations/0fc192d6-1458-49fc-91f5-f9b63ea7dbee?api-version=2019-02-01
      cache-control:
      - no-cache
      content-length:
      - '767'
      content-type:
      - application/json; charset=utf-8
      date:
      - Tue, 14 May 2019 17:07:48 GMT
      expires:
      - '-1'
      pragma:
      - no-cache
      server:
      - Microsoft-HTTPAPI/2.0
      - Microsoft-HTTPAPI/2.0
      strict-transport-security:
      - max-age=31536000; includeSubDomains
      x-content-type-options:
      - nosniff
      x-ms-ratelimit-remaining-subscription-writes:
      - '1199'
    status:
      code: 201
      message: Created
- request:
    body: null
    headers:
      Accept:
      - application/json
      Accept-Encoding:
      - gzip, deflate
      CommandName:
      - network express-route peering create
      Connection:
      - keep-alive
      ParameterSetName:
      - -g --circuit-name --peering-type --peer-asn --vlan-id --primary-peer-subnet
        --secondary-peer-subnet
      User-Agent:
      - python/3.7.3 (Windows-10-10.0.18362-SP0) msrest/0.6.6 msrest_azure/0.6.0 networkmanagementclient/2.7.0
        Azure-SDK-For-Python AZURECLI/2.0.64
    method: GET
    uri: https://management.azure.com/subscriptions/00000000-0000-0000-0000-000000000000/providers/Microsoft.Network/locations/westus/operations/0fc192d6-1458-49fc-91f5-f9b63ea7dbee?api-version=2019-02-01
  response:
    body:
      string: "{\r\n  \"status\": \"Succeeded\"\r\n}"
    headers:
      cache-control:
      - no-cache
      content-length:
      - '29'
      content-type:
      - application/json; charset=utf-8
      date:
      - Tue, 14 May 2019 17:07:59 GMT
      expires:
      - '-1'
      pragma:
      - no-cache
      server:
      - Microsoft-HTTPAPI/2.0
      - Microsoft-HTTPAPI/2.0
      strict-transport-security:
      - max-age=31536000; includeSubDomains
      transfer-encoding:
      - chunked
      vary:
      - Accept-Encoding
      x-content-type-options:
      - nosniff
    status:
      code: 200
      message: OK
- request:
    body: null
    headers:
      Accept:
      - application/json
      Accept-Encoding:
      - gzip, deflate
      CommandName:
      - network express-route peering create
      Connection:
      - keep-alive
      ParameterSetName:
      - -g --circuit-name --peering-type --peer-asn --vlan-id --primary-peer-subnet
        --secondary-peer-subnet
      User-Agent:
      - python/3.7.3 (Windows-10-10.0.18362-SP0) msrest/0.6.6 msrest_azure/0.6.0 networkmanagementclient/2.7.0
        Azure-SDK-For-Python AZURECLI/2.0.64
    method: GET
    uri: https://management.azure.com/subscriptions/00000000-0000-0000-0000-000000000000/resourceGroups/cli_test_express_route_global_reach000001/providers/Microsoft.Network/expressRouteCircuits/er1/peerings/AzurePrivatePeering?api-version=2019-02-01
  response:
    body:
      string: "{\r\n  \"name\": \"AzurePrivatePeering\",\r\n  \"id\": \"/subscriptions/00000000-0000-0000-0000-000000000000/resourceGroups/cli_test_express_route_global_reach000001/providers/Microsoft.Network/expressRouteCircuits/er1/peerings/AzurePrivatePeering\",\r\n
        \ \"etag\": \"W/\\\"97450c8f-5484-402c-bc22-1b4408f3be7b\\\"\",\r\n  \"properties\":
        {\r\n    \"provisioningState\": \"Succeeded\",\r\n    \"peeringType\": \"AzurePrivatePeering\",\r\n
        \   \"azureASN\": 12076,\r\n    \"peerASN\": 10001,\r\n    \"primaryPeerAddressPrefix\":
        \"102.0.0.0/30\",\r\n    \"secondaryPeerAddressPrefix\": \"103.0.0.0/30\",\r\n
        \   \"primaryAzurePort\": \"A51-TEST-06GMR-CIS-1-PRI-A\",\r\n    \"secondaryAzurePort\":
        \"A51-TEST-06GMR-CIS-2-SEC-A\",\r\n    \"state\": \"Enabled\",\r\n    \"vlanId\":
        101,\r\n    \"gatewayManagerEtag\": \"\",\r\n    \"lastModifiedBy\": \"Customer\",\r\n
        \   \"connections\": [],\r\n    \"peeredConnections\": []\r\n  },\r\n  \"type\":
        \"Microsoft.Network/expressRouteCircuits/peerings\"\r\n}"
    headers:
      cache-control:
      - no-cache
      content-length:
      - '923'
      content-type:
      - application/json; charset=utf-8
      date:
      - Tue, 14 May 2019 17:07:59 GMT
      expires:
      - '-1'
      pragma:
      - no-cache
      server:
      - Microsoft-HTTPAPI/2.0
      - Microsoft-HTTPAPI/2.0
      strict-transport-security:
      - max-age=31536000; includeSubDomains
      transfer-encoding:
      - chunked
      vary:
      - Accept-Encoding
      x-content-type-options:
      - nosniff
    status:
      code: 200
      message: OK
- request:
    body: null
    headers:
      Accept:
      - application/json
      Accept-Encoding:
      - gzip, deflate
      CommandName:
      - network express-route create
      Connection:
      - keep-alive
      ParameterSetName:
      - -g -n --allow-global-reach --bandwidth --peering-location --provider --sku-tier
      User-Agent:
      - python/3.7.3 (Windows-10-10.0.18362-SP0) msrest/0.6.6 msrest_azure/0.6.0 resourcemanagementclient/2.1.0
        Azure-SDK-For-Python AZURECLI/2.0.64
      accept-language:
      - en-US
    method: GET
    uri: https://management.azure.com/subscriptions/00000000-0000-0000-0000-000000000000/resourcegroups/cli_test_express_route_global_reach000001?api-version=2018-05-01
  response:
    body:
      string: '{"id":"/subscriptions/00000000-0000-0000-0000-000000000000/resourceGroups/cli_test_express_route_global_reach000001","name":"cli_test_express_route_global_reach000001","location":"westus","tags":{"product":"azurecli","cause":"automation","date":"2019-05-14T17:07:17Z"},"properties":{"provisioningState":"Succeeded"}}'
    headers:
      cache-control:
      - no-cache
      content-length:
      - '384'
      content-type:
      - application/json; charset=utf-8
      date:
      - Tue, 14 May 2019 17:08:03 GMT
      expires:
      - '-1'
      pragma:
      - no-cache
      strict-transport-security:
      - max-age=31536000; includeSubDomains
      vary:
      - Accept-Encoding
      x-content-type-options:
      - nosniff
    status:
      code: 200
      message: OK
- request:
    body: '{"location": "westus", "sku": {"name": "Premium_MeteredData", "tier": "Premium",
      "family": "MeteredData"}, "properties": {"serviceProviderProperties": {"serviceProviderName":
      "Test Provider NW", "peeringLocation": "Denver Test", "bandwidthInMbps": 50}}}'
    headers:
      Accept:
      - application/json
      Accept-Encoding:
      - gzip, deflate
      CommandName:
      - network express-route create
      Connection:
      - keep-alive
      Content-Length:
      - '253'
      Content-Type:
      - application/json; charset=utf-8
      ParameterSetName:
      - -g -n --allow-global-reach --bandwidth --peering-location --provider --sku-tier
      User-Agent:
      - python/3.7.3 (Windows-10-10.0.18362-SP0) msrest/0.6.6 msrest_azure/0.6.0 networkmanagementclient/2.7.0
        Azure-SDK-For-Python AZURECLI/2.0.64
      accept-language:
      - en-US
    method: PUT
    uri: https://management.azure.com/subscriptions/00000000-0000-0000-0000-000000000000/resourceGroups/cli_test_express_route_global_reach000001/providers/Microsoft.Network/expressRouteCircuits/er2?api-version=2019-02-01
  response:
    body:
      string: "{\r\n  \"name\": \"er2\",\r\n  \"id\": \"/subscriptions/00000000-0000-0000-0000-000000000000/resourceGroups/cli_test_express_route_global_reach000001/providers/Microsoft.Network/expressRouteCircuits/er2\",\r\n
        \ \"etag\": \"W/\\\"bd98be1f-e200-4b29-97d5-53d96f84c686\\\"\",\r\n  \"type\":
        \"Microsoft.Network/expressRouteCircuits\",\r\n  \"location\": \"westus\",\r\n
        \ \"properties\": {\r\n    \"provisioningState\": \"Updating\",\r\n    \"resourceGuid\":
        \"bee5d235-918b-4ea1-b2a1-9783f139bac5\",\r\n    \"peerings\": [],\r\n    \"authorizations\":
        [],\r\n    \"serviceProviderProperties\": {\r\n      \"serviceProviderName\":
        \"Test Provider NW\",\r\n      \"peeringLocation\": \"Denver Test\",\r\n      \"bandwidthInMbps\":
        50\r\n    },\r\n    \"circuitProvisioningState\": \"Disabled\",\r\n    \"allowClassicOperations\":
        false,\r\n    \"serviceKey\": \"00000000-0000-0000-0000-000000000000\",\r\n
        \   \"serviceProviderProvisioningState\": \"NotProvisioned\",\r\n    \"allowGlobalReach\":
        false,\r\n    \"globalReachEnabled\": false\r\n  },\r\n  \"sku\": {\r\n    \"name\":
        \"Premium_MeteredData\",\r\n    \"tier\": \"Premium\",\r\n    \"family\":
        \"MeteredData\"\r\n  }\r\n}"
    headers:
      azure-asyncoperation:
      - https://management.azure.com/subscriptions/00000000-0000-0000-0000-000000000000/providers/Microsoft.Network/locations/westus/operations/a1e529e4-5303-4270-8352-05c05171f280?api-version=2019-02-01
      cache-control:
      - no-cache
      content-length:
      - '1073'
      content-type:
      - application/json; charset=utf-8
      date:
      - Tue, 14 May 2019 17:08:05 GMT
      expires:
      - '-1'
      pragma:
      - no-cache
      server:
      - Microsoft-HTTPAPI/2.0
      - Microsoft-HTTPAPI/2.0
      strict-transport-security:
      - max-age=31536000; includeSubDomains
      x-content-type-options:
      - nosniff
      x-ms-ratelimit-remaining-subscription-writes:
      - '1199'
    status:
      code: 201
      message: Created
- request:
    body: null
    headers:
      Accept:
      - application/json
      Accept-Encoding:
      - gzip, deflate
      CommandName:
      - network express-route create
      Connection:
      - keep-alive
      ParameterSetName:
      - -g -n --allow-global-reach --bandwidth --peering-location --provider --sku-tier
      User-Agent:
      - python/3.7.3 (Windows-10-10.0.18362-SP0) msrest/0.6.6 msrest_azure/0.6.0 networkmanagementclient/2.7.0
        Azure-SDK-For-Python AZURECLI/2.0.64
    method: GET
    uri: https://management.azure.com/subscriptions/00000000-0000-0000-0000-000000000000/providers/Microsoft.Network/locations/westus/operations/a1e529e4-5303-4270-8352-05c05171f280?api-version=2019-02-01
  response:
    body:
      string: "{\r\n  \"status\": \"Succeeded\"\r\n}"
    headers:
      cache-control:
      - no-cache
      content-length:
      - '29'
      content-type:
      - application/json; charset=utf-8
      date:
      - Tue, 14 May 2019 17:08:16 GMT
      expires:
      - '-1'
      pragma:
      - no-cache
      server:
      - Microsoft-HTTPAPI/2.0
      - Microsoft-HTTPAPI/2.0
      strict-transport-security:
      - max-age=31536000; includeSubDomains
      transfer-encoding:
      - chunked
      vary:
      - Accept-Encoding
      x-content-type-options:
      - nosniff
    status:
      code: 200
      message: OK
- request:
    body: null
    headers:
      Accept:
      - application/json
      Accept-Encoding:
      - gzip, deflate
      CommandName:
      - network express-route create
      Connection:
      - keep-alive
      ParameterSetName:
      - -g -n --allow-global-reach --bandwidth --peering-location --provider --sku-tier
      User-Agent:
      - python/3.7.3 (Windows-10-10.0.18362-SP0) msrest/0.6.6 msrest_azure/0.6.0 networkmanagementclient/2.7.0
        Azure-SDK-For-Python AZURECLI/2.0.64
    method: GET
    uri: https://management.azure.com/subscriptions/00000000-0000-0000-0000-000000000000/resourceGroups/cli_test_express_route_global_reach000001/providers/Microsoft.Network/expressRouteCircuits/er2?api-version=2019-02-01
  response:
    body:
      string: "{\r\n  \"name\": \"er2\",\r\n  \"id\": \"/subscriptions/00000000-0000-0000-0000-000000000000/resourceGroups/cli_test_express_route_global_reach000001/providers/Microsoft.Network/expressRouteCircuits/er2\",\r\n
        \ \"etag\": \"W/\\\"471c2323-b5dd-4984-8258-e1a9caad2845\\\"\",\r\n  \"type\":
        \"Microsoft.Network/expressRouteCircuits\",\r\n  \"location\": \"westus\",\r\n
        \ \"properties\": {\r\n    \"provisioningState\": \"Succeeded\",\r\n    \"resourceGuid\":
        \"bee5d235-918b-4ea1-b2a1-9783f139bac5\",\r\n    \"peerings\": [],\r\n    \"authorizations\":
        [],\r\n    \"serviceProviderProperties\": {\r\n      \"serviceProviderName\":
        \"Test Provider NW\",\r\n      \"peeringLocation\": \"Denver Test\",\r\n      \"bandwidthInMbps\":
        50\r\n    },\r\n    \"circuitProvisioningState\": \"Enabled\",\r\n    \"allowClassicOperations\":
        false,\r\n    \"gatewayManagerEtag\": \"\",\r\n    \"serviceKey\": \"02d8050f-968b-44bd-8c81-2a575d89d481\",\r\n
        \   \"serviceProviderProvisioningState\": \"NotProvisioned\",\r\n    \"allowGlobalReach\":
        false,\r\n    \"globalReachEnabled\": false,\r\n    \"stag\": 9\r\n  },\r\n
        \ \"sku\": {\r\n    \"name\": \"Premium_MeteredData\",\r\n    \"tier\": \"Premium\",\r\n
        \   \"family\": \"MeteredData\"\r\n  }\r\n}"
    headers:
      cache-control:
      - no-cache
      content-length:
      - '1120'
      content-type:
      - application/json; charset=utf-8
      date:
      - Tue, 14 May 2019 17:08:17 GMT
      expires:
      - '-1'
      pragma:
      - no-cache
      server:
      - Microsoft-HTTPAPI/2.0
      - Microsoft-HTTPAPI/2.0
      strict-transport-security:
      - max-age=31536000; includeSubDomains
      transfer-encoding:
      - chunked
      vary:
      - Accept-Encoding
      x-content-type-options:
      - nosniff
    status:
      code: 200
      message: OK
- request:
    body: '{"properties": {"peeringType": "AzurePrivatePeering", "peerASN": 10002,
      "primaryPeerAddressPrefix": "104.0.0.0/30", "secondaryPeerAddressPrefix": "105.0.0.0/30",
      "vlanId": 102}}'
    headers:
      Accept:
      - application/json
      Accept-Encoding:
      - gzip, deflate
      CommandName:
      - network express-route peering create
      Connection:
      - keep-alive
      Content-Length:
      - '177'
      Content-Type:
      - application/json; charset=utf-8
      ParameterSetName:
      - -g --circuit-name --peering-type --peer-asn --vlan-id --primary-peer-subnet
        --secondary-peer-subnet
      User-Agent:
      - python/3.7.3 (Windows-10-10.0.18362-SP0) msrest/0.6.6 msrest_azure/0.6.0 networkmanagementclient/2.7.0
        Azure-SDK-For-Python AZURECLI/2.0.64
      accept-language:
      - en-US
    method: PUT
    uri: https://management.azure.com/subscriptions/00000000-0000-0000-0000-000000000000/resourceGroups/cli_test_express_route_global_reach000001/providers/Microsoft.Network/expressRouteCircuits/er2/peerings/AzurePrivatePeering?api-version=2019-02-01
  response:
    body:
      string: "{\r\n  \"name\": \"AzurePrivatePeering\",\r\n  \"id\": \"/subscriptions/00000000-0000-0000-0000-000000000000/resourceGroups/cli_test_express_route_global_reach000001/providers/Microsoft.Network/expressRouteCircuits/er2/peerings/AzurePrivatePeering\",\r\n
        \ \"etag\": \"W/\\\"47816a31-b844-4515-a1f7-04c16b6b24a1\\\"\",\r\n  \"properties\":
        {\r\n    \"provisioningState\": \"Updating\",\r\n    \"peeringType\": \"AzurePrivatePeering\",\r\n
        \   \"azureASN\": 0,\r\n    \"peerASN\": 10002,\r\n    \"primaryPeerAddressPrefix\":
        \"104.0.0.0/30\",\r\n    \"secondaryPeerAddressPrefix\": \"105.0.0.0/30\",\r\n
        \   \"state\": \"Enabled\",\r\n    \"vlanId\": 102,\r\n    \"lastModifiedBy\":
        \"\",\r\n    \"connections\": [],\r\n    \"peeredConnections\": []\r\n  },\r\n
        \ \"type\": \"Microsoft.Network/expressRouteCircuits/peerings\"\r\n}"
    headers:
      azure-asyncoperation:
      - https://management.azure.com/subscriptions/00000000-0000-0000-0000-000000000000/providers/Microsoft.Network/locations/westus/operations/a44ead25-aebf-4efa-9977-cc75ae3f7287?api-version=2019-02-01
      cache-control:
      - no-cache
      content-length:
      - '767'
      content-type:
      - application/json; charset=utf-8
      date:
      - Tue, 14 May 2019 17:08:18 GMT
      expires:
      - '-1'
      pragma:
      - no-cache
      server:
      - Microsoft-HTTPAPI/2.0
      - Microsoft-HTTPAPI/2.0
      strict-transport-security:
      - max-age=31536000; includeSubDomains
      x-content-type-options:
      - nosniff
      x-ms-ratelimit-remaining-subscription-writes:
      - '1199'
    status:
      code: 201
      message: Created
- request:
    body: null
    headers:
      Accept:
      - application/json
      Accept-Encoding:
      - gzip, deflate
      CommandName:
      - network express-route peering create
      Connection:
      - keep-alive
      ParameterSetName:
      - -g --circuit-name --peering-type --peer-asn --vlan-id --primary-peer-subnet
        --secondary-peer-subnet
      User-Agent:
      - python/3.7.3 (Windows-10-10.0.18362-SP0) msrest/0.6.6 msrest_azure/0.6.0 networkmanagementclient/2.7.0
        Azure-SDK-For-Python AZURECLI/2.0.64
    method: GET
    uri: https://management.azure.com/subscriptions/00000000-0000-0000-0000-000000000000/providers/Microsoft.Network/locations/westus/operations/a44ead25-aebf-4efa-9977-cc75ae3f7287?api-version=2019-02-01
  response:
    body:
      string: "{\r\n  \"status\": \"Succeeded\"\r\n}"
    headers:
      cache-control:
      - no-cache
      content-length:
      - '29'
      content-type:
      - application/json; charset=utf-8
      date:
      - Tue, 14 May 2019 17:08:29 GMT
      expires:
      - '-1'
      pragma:
      - no-cache
      server:
      - Microsoft-HTTPAPI/2.0
      - Microsoft-HTTPAPI/2.0
      strict-transport-security:
      - max-age=31536000; includeSubDomains
      transfer-encoding:
      - chunked
      vary:
      - Accept-Encoding
      x-content-type-options:
      - nosniff
    status:
      code: 200
      message: OK
- request:
    body: null
    headers:
      Accept:
      - application/json
      Accept-Encoding:
      - gzip, deflate
      CommandName:
      - network express-route peering create
      Connection:
      - keep-alive
      ParameterSetName:
      - -g --circuit-name --peering-type --peer-asn --vlan-id --primary-peer-subnet
        --secondary-peer-subnet
      User-Agent:
      - python/3.7.3 (Windows-10-10.0.18362-SP0) msrest/0.6.6 msrest_azure/0.6.0 networkmanagementclient/2.7.0
        Azure-SDK-For-Python AZURECLI/2.0.64
    method: GET
    uri: https://management.azure.com/subscriptions/00000000-0000-0000-0000-000000000000/resourceGroups/cli_test_express_route_global_reach000001/providers/Microsoft.Network/expressRouteCircuits/er2/peerings/AzurePrivatePeering?api-version=2019-02-01
  response:
    body:
      string: "{\r\n  \"name\": \"AzurePrivatePeering\",\r\n  \"id\": \"/subscriptions/00000000-0000-0000-0000-000000000000/resourceGroups/cli_test_express_route_global_reach000001/providers/Microsoft.Network/expressRouteCircuits/er2/peerings/AzurePrivatePeering\",\r\n
        \ \"etag\": \"W/\\\"750f4c5c-3020-4385-940b-5d3b013a1082\\\"\",\r\n  \"properties\":
        {\r\n    \"provisioningState\": \"Succeeded\",\r\n    \"peeringType\": \"AzurePrivatePeering\",\r\n
        \   \"azureASN\": 12076,\r\n    \"peerASN\": 10002,\r\n    \"primaryPeerAddressPrefix\":
        \"104.0.0.0/30\",\r\n    \"secondaryPeerAddressPrefix\": \"105.0.0.0/30\",\r\n
        \   \"primaryAzurePort\": \"OC-TEST-06GMR-CIS-1-PRI-A\",\r\n    \"secondaryAzurePort\":
        \"OC-TEST-06GMR-CIS-2-SEC-A\",\r\n    \"state\": \"Enabled\",\r\n    \"vlanId\":
        102,\r\n    \"gatewayManagerEtag\": \"\",\r\n    \"lastModifiedBy\": \"Customer\",\r\n
        \   \"connections\": [],\r\n    \"peeredConnections\": []\r\n  },\r\n  \"type\":
        \"Microsoft.Network/expressRouteCircuits/peerings\"\r\n}"
    headers:
      cache-control:
      - no-cache
      content-length:
      - '921'
      content-type:
      - application/json; charset=utf-8
      date:
      - Tue, 14 May 2019 17:08:30 GMT
      expires:
      - '-1'
      pragma:
      - no-cache
      server:
      - Microsoft-HTTPAPI/2.0
      - Microsoft-HTTPAPI/2.0
      strict-transport-security:
      - max-age=31536000; includeSubDomains
      transfer-encoding:
      - chunked
      vary:
      - Accept-Encoding
      x-content-type-options:
      - nosniff
    status:
      code: 200
      message: OK
- request:
    body: 'b''{"properties": {"expressRouteCircuitPeering": {"id": "/subscriptions/00000000-0000-0000-0000-000000000000/resourceGroups/cli_test_express_route_global_reach000001/providers/Microsoft.Network/expressRouteCircuits/er1/peerings/AzurePrivatePeering"},
      "peerExpressRouteCircuitPeering": {"id": "/subscriptions/00000000-0000-0000-0000-000000000000/resourceGroups/cli_test_express_route_global_reach000001/providers/Microsoft.Network/expressRouteCircuits/er2/peerings/AzurePrivatePeering"},
      "addressPrefix": "104.0.0.0/29"}}'''
    headers:
      Accept:
      - application/json
      Accept-Encoding:
      - gzip, deflate
      CommandName:
      - network express-route peering connection create
      Connection:
      - keep-alive
      Content-Length:
      - '585'
      Content-Type:
      - application/json; charset=utf-8
      ParameterSetName:
      - -g --circuit-name --peering-name -n --peer-circuit --address-prefix
      User-Agent:
      - python/3.7.3 (Windows-10-10.0.18362-SP0) msrest/0.6.6 msrest_azure/0.6.0 networkmanagementclient/2.7.0
        Azure-SDK-For-Python AZURECLI/2.0.64
      accept-language:
      - en-US
    method: PUT
    uri: https://management.azure.com/subscriptions/00000000-0000-0000-0000-000000000000/resourceGroups/cli_test_express_route_global_reach000001/providers/Microsoft.Network/expressRouteCircuits/er1/peerings/AzurePrivatePeering/connections/conn12?api-version=2019-02-01
  response:
    body:
      string: "{\r\n  \"name\": \"conn12\",\r\n  \"id\": \"/subscriptions/00000000-0000-0000-0000-000000000000/resourceGroups/cli_test_express_route_global_reach000001/providers/Microsoft.Network/expressRouteCircuits/er1/peerings/AzurePrivatePeering/connections/conn12\",\r\n
        \ \"etag\": \"W/\\\"b065f039-eef1-43b2-b3c9-da75e660c019\\\"\",\r\n  \"properties\":
        {\r\n    \"provisioningState\": \"Updating\",\r\n    \"expressRouteCircuitPeering\":
        {\r\n      \"id\": \"/subscriptions/00000000-0000-0000-0000-000000000000/resourceGroups/cli_test_express_route_global_reach000001/providers/Microsoft.Network/expressRouteCircuits/er1/peerings/AzurePrivatePeering\"\r\n
        \   },\r\n    \"peerExpressRouteCircuitPeering\": {\r\n      \"id\": \"/subscriptions/00000000-0000-0000-0000-000000000000/resourceGroups/cli_test_express_route_global_reach000001/providers/Microsoft.Network/expressRouteCircuits/er2/peerings/AzurePrivatePeering\"\r\n
        \   },\r\n    \"addressPrefix\": \"104.0.0.0/29\",\r\n    \"circuitConnectionStatus\":
        \"Disconnected\"\r\n  },\r\n  \"type\": \"Microsoft.Network/expressRouteCircuits/peerings/connections\"\r\n}"
    headers:
      azure-asyncoperation:
      - https://management.azure.com/subscriptions/00000000-0000-0000-0000-000000000000/providers/Microsoft.Network/locations/westus/operations/86bd1ddb-1d26-4099-8a37-173748fbd5e9?api-version=2019-02-01
      cache-control:
      - no-cache
      content-length:
      - '1133'
      content-type:
      - application/json; charset=utf-8
      date:
      - Tue, 14 May 2019 17:08:31 GMT
      expires:
      - '-1'
      pragma:
      - no-cache
      server:
      - Microsoft-HTTPAPI/2.0
      - Microsoft-HTTPAPI/2.0
      strict-transport-security:
      - max-age=31536000; includeSubDomains
      x-content-type-options:
      - nosniff
      x-ms-ratelimit-remaining-subscription-writes:
      - '1199'
    status:
      code: 201
      message: Created
- request:
    body: null
    headers:
      Accept:
      - application/json
      Accept-Encoding:
      - gzip, deflate
      CommandName:
      - network express-route peering connection create
      Connection:
      - keep-alive
      ParameterSetName:
      - -g --circuit-name --peering-name -n --peer-circuit --address-prefix
      User-Agent:
      - python/3.7.3 (Windows-10-10.0.18362-SP0) msrest/0.6.6 msrest_azure/0.6.0 networkmanagementclient/2.7.0
        Azure-SDK-For-Python AZURECLI/2.0.64
    method: GET
    uri: https://management.azure.com/subscriptions/00000000-0000-0000-0000-000000000000/providers/Microsoft.Network/locations/westus/operations/86bd1ddb-1d26-4099-8a37-173748fbd5e9?api-version=2019-02-01
  response:
    body:
      string: "{\r\n  \"status\": \"Failed\",\r\n  \"error\": {\r\n    \"code\": \"InitiatingCircuitNotProvisioned\",\r\n
        \   \"message\": \"Put Global Reach Connection Initiating Circuit Subscription
        = 97f32854-5b96-4c2e-af52-378713b34132, ServiceKey = 454429f9-115b-4d52-9883-9134c0ff45d9
        is Not Provisioned. Current Status NotProvisioned\",\r\n    \"details\": []\r\n
        \ }\r\n}"
    headers:
      cache-control:
      - no-cache
      content-length:
      - '332'
      content-type:
      - application/json; charset=utf-8
      date:
      - Tue, 14 May 2019 17:08:42 GMT
      expires:
      - '-1'
      pragma:
      - no-cache
      server:
      - Microsoft-HTTPAPI/2.0
      - Microsoft-HTTPAPI/2.0
      strict-transport-security:
      - max-age=31536000; includeSubDomains
      transfer-encoding:
      - chunked
      vary:
      - Accept-Encoding
      x-content-type-options:
      - nosniff
    status:
      code: 200
      message: OK
- request:
    body: null
    headers:
      Accept:
      - application/json
      Accept-Encoding:
      - gzip, deflate
      CommandName:
      - group delete
      Connection:
      - keep-alive
      Content-Length:
      - '0'
      ParameterSetName:
      - --name --yes --no-wait
      User-Agent:
      - python/3.7.3 (Windows-10-10.0.18362-SP0) msrest/0.6.6 msrest_azure/0.6.0 resourcemanagementclient/2.1.0
        Azure-SDK-For-Python AZURECLI/2.0.64
      accept-language:
      - en-US
    method: DELETE
    uri: https://management.azure.com/subscriptions/00000000-0000-0000-0000-000000000000/resourcegroups/cli_test_express_route_global_reach000001?api-version=2018-05-01
  response:
    body:
      string: ''
    headers:
      cache-control:
      - no-cache
      content-length:
      - '0'
      date:
      - Tue, 14 May 2019 17:08:43 GMT
      expires:
      - '-1'
      location:
      - https://management.azure.com/subscriptions/00000000-0000-0000-0000-000000000000/operationresults/eyJqb2JJZCI6IlJFU09VUkNFR1JPVVBERUxFVElPTkpPQi1DTEk6NUZURVNUOjVGRVhQUkVTUzo1RlJPVVRFOjVGR0xPQkFMOjVGUkVBQ0hBMnxERDY4RjYzNDk4NkNEQzlDLVdFU1RVUyIsImpvYkxvY2F0aW9uIjoid2VzdHVzIn0?api-version=2018-05-01
      pragma:
      - no-cache
      strict-transport-security:
      - max-age=31536000; includeSubDomains
      x-content-type-options:
      - nosniff
      x-ms-ratelimit-remaining-subscription-deletes:
      - '14999'
    status:
      code: 202
      message: Accepted
version: 1
