interactions:
- request:
    body: '{"location": "westus", "tags": {"product": "azurecli", "cause": "automation",
      "date": "2019-02-15T18:46:51Z"}}'
    headers:
      Accept: [application/json]
      Accept-Encoding: ['gzip, deflate']
      CommandName: [group create]
      Connection: [keep-alive]
      Content-Length: ['110']
      Content-Type: [application/json; charset=utf-8]
      ParameterSetName: [--location --name --tag]
      User-Agent: [python/3.7.1 (Windows-10-10.0.17763-SP0) msrest/0.6.4 msrest_azure/0.6.0
          resourcemanagementclient/2.1.0 Azure-SDK-For-Python AZURECLI/2.0.59]
      accept-language: [en-US]
    method: PUT
    uri: https://management.azure.com/subscriptions/00000000-0000-0000-0000-000000000000/resourcegroups/cli_test_network_lb_sku000001?api-version=2018-05-01
  response:
    body: {string: '{"id":"/subscriptions/00000000-0000-0000-0000-000000000000/resourceGroups/cli_test_network_lb_sku000001","name":"cli_test_network_lb_sku000001","location":"westus","tags":{"product":"azurecli","cause":"automation","date":"2019-02-15T18:46:51Z"},"properties":{"provisioningState":"Succeeded"}}'}
    headers:
      cache-control: [no-cache]
      content-length: ['384']
      content-type: [application/json; charset=utf-8]
      date: ['Fri, 15 Feb 2019 18:46:55 GMT']
      expires: ['-1']
      pragma: [no-cache]
      strict-transport-security: [max-age=31536000; includeSubDomains]
      x-content-type-options: [nosniff]
      x-ms-ratelimit-remaining-subscription-writes: ['1199']
    status: {code: 201, message: Created}
- request:
    body: '{"location": "eastus2", "tags": {"foo": "doo"}, "sku": {"name": "Standard"},
      "properties": {"publicIPAllocationMethod": "Static", "publicIPAddressVersion":
      "IPv4", "idleTimeoutInMinutes": 4}}'
    headers:
      Accept: [application/json]
      Accept-Encoding: ['gzip, deflate']
      CommandName: [network public-ip create]
      Connection: [keep-alive]
      Content-Length: ['191']
      Content-Type: [application/json; charset=utf-8]
      ParameterSetName: [-g -l -n --sku --tags]
      User-Agent: [python/3.7.1 (Windows-10-10.0.17763-SP0) msrest/0.6.4 msrest_azure/0.6.0
          networkmanagementclient/2.5.1 Azure-SDK-For-Python AZURECLI/2.0.59]
      accept-language: [en-US]
    method: PUT
    uri: https://management.azure.com/subscriptions/00000000-0000-0000-0000-000000000000/resourceGroups/cli_test_network_lb_sku000001/providers/Microsoft.Network/publicIPAddresses/pubip1?api-version=2018-12-01
  response:
    body: {string: "{\r\n  \"name\": \"pubip1\",\r\n  \"id\": \"/subscriptions/00000000-0000-0000-0000-000000000000/resourceGroups/cli_test_network_lb_sku000001/providers/Microsoft.Network/publicIPAddresses/pubip1\"\
        ,\r\n  \"etag\": \"W/\\\"4ef61f57-9347-47ab-9150-dfeb34f08175\\\"\",\r\n \
        \ \"location\": \"eastus2\",\r\n  \"tags\": {\r\n    \"foo\": \"doo\"\r\n\
        \  },\r\n  \"properties\": {\r\n    \"provisioningState\": \"Updating\",\r\
        \n    \"resourceGuid\": \"7d3e42df-0647-4981-a152-73ed2607d17b\",\r\n    \"\
        publicIPAddressVersion\": \"IPv4\",\r\n    \"publicIPAllocationMethod\": \"\
        Static\",\r\n    \"idleTimeoutInMinutes\": 4,\r\n    \"ipTags\": []\r\n  },\r\
        \n  \"type\": \"Microsoft.Network/publicIPAddresses\",\r\n  \"sku\": {\r\n\
        \    \"name\": \"Standard\",\r\n    \"tier\": \"Regional\"\r\n  }\r\n}"}
    headers:
      azure-asyncoperation: ['https://management.azure.com/subscriptions/00000000-0000-0000-0000-000000000000/providers/Microsoft.Network/locations/eastus2/operations/2f7c23ac-598c-41d3-86ad-3644680f3ddd?api-version=2018-12-01']
      cache-control: [no-cache]
      content-length: ['725']
      content-type: [application/json; charset=utf-8]
      date: ['Fri, 15 Feb 2019 18:46:57 GMT']
      expires: ['-1']
      pragma: [no-cache]
      server: [Microsoft-HTTPAPI/2.0, Microsoft-HTTPAPI/2.0]
      strict-transport-security: [max-age=31536000; includeSubDomains]
      x-content-type-options: [nosniff]
      x-ms-ratelimit-remaining-subscription-writes: ['1199']
    status: {code: 201, message: Created}
- request:
    body: null
    headers:
      Accept: [application/json]
      Accept-Encoding: ['gzip, deflate']
      CommandName: [network public-ip create]
      Connection: [keep-alive]
      ParameterSetName: [-g -l -n --sku --tags]
      User-Agent: [python/3.7.1 (Windows-10-10.0.17763-SP0) msrest/0.6.4 msrest_azure/0.6.0
          networkmanagementclient/2.5.1 Azure-SDK-For-Python AZURECLI/2.0.59]
    method: GET
    uri: https://management.azure.com/subscriptions/00000000-0000-0000-0000-000000000000/providers/Microsoft.Network/locations/eastus2/operations/2f7c23ac-598c-41d3-86ad-3644680f3ddd?api-version=2018-12-01
  response:
    body: {string: "{\r\n  \"status\": \"InProgress\"\r\n}"}
    headers:
      cache-control: [no-cache]
      content-length: ['30']
      content-type: [application/json; charset=utf-8]
      date: ['Fri, 15 Feb 2019 18:46:58 GMT']
      expires: ['-1']
      pragma: [no-cache]
      server: [Microsoft-HTTPAPI/2.0, Microsoft-HTTPAPI/2.0]
      strict-transport-security: [max-age=31536000; includeSubDomains]
      transfer-encoding: [chunked]
      vary: [Accept-Encoding]
      x-content-type-options: [nosniff]
    status: {code: 200, message: OK}
- request:
    body: null
    headers:
      Accept: [application/json]
      Accept-Encoding: ['gzip, deflate']
      CommandName: [network public-ip create]
      Connection: [keep-alive]
      ParameterSetName: [-g -l -n --sku --tags]
      User-Agent: [python/3.7.1 (Windows-10-10.0.17763-SP0) msrest/0.6.4 msrest_azure/0.6.0
          networkmanagementclient/2.5.1 Azure-SDK-For-Python AZURECLI/2.0.59]
    method: GET
    uri: https://management.azure.com/subscriptions/00000000-0000-0000-0000-000000000000/providers/Microsoft.Network/locations/eastus2/operations/2f7c23ac-598c-41d3-86ad-3644680f3ddd?api-version=2018-12-01
  response:
    body: {string: "{\r\n  \"status\": \"Succeeded\"\r\n}"}
    headers:
      cache-control: [no-cache]
      content-length: ['29']
      content-type: [application/json; charset=utf-8]
      date: ['Fri, 15 Feb 2019 18:47:01 GMT']
      expires: ['-1']
      pragma: [no-cache]
      server: [Microsoft-HTTPAPI/2.0, Microsoft-HTTPAPI/2.0]
      strict-transport-security: [max-age=31536000; includeSubDomains]
      transfer-encoding: [chunked]
      vary: [Accept-Encoding]
      x-content-type-options: [nosniff]
    status: {code: 200, message: OK}
- request:
    body: null
    headers:
      Accept: [application/json]
      Accept-Encoding: ['gzip, deflate']
      CommandName: [network public-ip create]
      Connection: [keep-alive]
      ParameterSetName: [-g -l -n --sku --tags]
      User-Agent: [python/3.7.1 (Windows-10-10.0.17763-SP0) msrest/0.6.4 msrest_azure/0.6.0
          networkmanagementclient/2.5.1 Azure-SDK-For-Python AZURECLI/2.0.59]
    method: GET
    uri: https://management.azure.com/subscriptions/00000000-0000-0000-0000-000000000000/resourceGroups/cli_test_network_lb_sku000001/providers/Microsoft.Network/publicIPAddresses/pubip1?api-version=2018-12-01
  response:
    body: {string: "{\r\n  \"name\": \"pubip1\",\r\n  \"id\": \"/subscriptions/00000000-0000-0000-0000-000000000000/resourceGroups/cli_test_network_lb_sku000001/providers/Microsoft.Network/publicIPAddresses/pubip1\"\
        ,\r\n  \"etag\": \"W/\\\"a8be196e-fb4e-4f98-b70b-f25a6e951d3e\\\"\",\r\n \
        \ \"location\": \"eastus2\",\r\n  \"tags\": {\r\n    \"foo\": \"doo\"\r\n\
        \  },\r\n  \"properties\": {\r\n    \"provisioningState\": \"Succeeded\",\r\
        \n    \"resourceGuid\": \"7d3e42df-0647-4981-a152-73ed2607d17b\",\r\n    \"\
        ipAddress\": \"40.67.156.16\",\r\n    \"publicIPAddressVersion\": \"IPv4\"\
        ,\r\n    \"publicIPAllocationMethod\": \"Static\",\r\n    \"idleTimeoutInMinutes\"\
        : 4,\r\n    \"ipTags\": []\r\n  },\r\n  \"type\": \"Microsoft.Network/publicIPAddresses\"\
        ,\r\n  \"sku\": {\r\n    \"name\": \"Standard\",\r\n    \"tier\": \"Regional\"\
        \r\n  }\r\n}"}
    headers:
      cache-control: [no-cache]
      content-length: ['760']
      content-type: [application/json; charset=utf-8]
      date: ['Fri, 15 Feb 2019 18:47:02 GMT']
      etag: [W/"a8be196e-fb4e-4f98-b70b-f25a6e951d3e"]
      expires: ['-1']
      pragma: [no-cache]
      server: [Microsoft-HTTPAPI/2.0, Microsoft-HTTPAPI/2.0]
      strict-transport-security: [max-age=31536000; includeSubDomains]
      transfer-encoding: [chunked]
      vary: [Accept-Encoding]
      x-content-type-options: [nosniff]
    status: {code: 200, message: OK}
- request:
    body: null
    headers:
      Accept: [application/json]
      Accept-Encoding: ['gzip, deflate']
      CommandName: [network public-ip show]
      Connection: [keep-alive]
      ParameterSetName: [-g -n]
      User-Agent: [python/3.7.1 (Windows-10-10.0.17763-SP0) msrest/0.6.4 msrest_azure/0.6.0
          networkmanagementclient/2.5.1 Azure-SDK-For-Python AZURECLI/2.0.59]
      accept-language: [en-US]
    method: GET
    uri: https://management.azure.com/subscriptions/00000000-0000-0000-0000-000000000000/resourceGroups/cli_test_network_lb_sku000001/providers/Microsoft.Network/publicIPAddresses/pubip1?api-version=2018-12-01
  response:
    body: {string: "{\r\n  \"name\": \"pubip1\",\r\n  \"id\": \"/subscriptions/00000000-0000-0000-0000-000000000000/resourceGroups/cli_test_network_lb_sku000001/providers/Microsoft.Network/publicIPAddresses/pubip1\"\
        ,\r\n  \"etag\": \"W/\\\"a8be196e-fb4e-4f98-b70b-f25a6e951d3e\\\"\",\r\n \
        \ \"location\": \"eastus2\",\r\n  \"tags\": {\r\n    \"foo\": \"doo\"\r\n\
        \  },\r\n  \"properties\": {\r\n    \"provisioningState\": \"Succeeded\",\r\
        \n    \"resourceGuid\": \"7d3e42df-0647-4981-a152-73ed2607d17b\",\r\n    \"\
        ipAddress\": \"40.67.156.16\",\r\n    \"publicIPAddressVersion\": \"IPv4\"\
        ,\r\n    \"publicIPAllocationMethod\": \"Static\",\r\n    \"idleTimeoutInMinutes\"\
        : 4,\r\n    \"ipTags\": []\r\n  },\r\n  \"type\": \"Microsoft.Network/publicIPAddresses\"\
        ,\r\n  \"sku\": {\r\n    \"name\": \"Standard\",\r\n    \"tier\": \"Regional\"\
        \r\n  }\r\n}"}
    headers:
      cache-control: [no-cache]
      content-length: ['760']
      content-type: [application/json; charset=utf-8]
      date: ['Fri, 15 Feb 2019 18:47:02 GMT']
      etag: [W/"a8be196e-fb4e-4f98-b70b-f25a6e951d3e"]
      expires: ['-1']
      pragma: [no-cache]
      server: [Microsoft-HTTPAPI/2.0, Microsoft-HTTPAPI/2.0]
      strict-transport-security: [max-age=31536000; includeSubDomains]
      transfer-encoding: [chunked]
      vary: [Accept-Encoding]
      x-content-type-options: [nosniff]
    status: {code: 200, message: OK}
- request:
    body: null
    headers:
      Accept: [application/json]
      Accept-Encoding: ['gzip, deflate']
      CommandName: [group delete]
      Connection: [keep-alive]
      Content-Length: ['0']
      ParameterSetName: [--name --yes --no-wait]
      User-Agent: [python/3.7.1 (Windows-10-10.0.17763-SP0) msrest/0.6.4 msrest_azure/0.6.0
          resourcemanagementclient/2.1.0 Azure-SDK-For-Python AZURECLI/2.0.59]
      accept-language: [en-US]
    method: DELETE
    uri: https://management.azure.com/subscriptions/00000000-0000-0000-0000-000000000000/resourcegroups/cli_test_network_lb_sku000001?api-version=2018-05-01
  response:
    body: {string: ''}
    headers:
      cache-control: [no-cache]
      content-length: ['0']
      date: ['Fri, 15 Feb 2019 18:47:04 GMT']
      expires: ['-1']
      location: ['https://management.azure.com/subscriptions/00000000-0000-0000-0000-000000000000/operationresults/eyJqb2JJZCI6IlJFU09VUkNFR1JPVVBERUxFVElPTkpPQi1DTEk6NUZURVNUOjVGTkVUV09SSzo1RkxCOjVGU0tVQ0pJWFdJWVlRN0dKQVNTUHw0MzQ0RTUxRkQ5MTMwMjAwLVdFU1RVUyIsImpvYkxvY2F0aW9uIjoid2VzdHVzIn0?api-version=2018-05-01']
      pragma: [no-cache]
      strict-transport-security: [max-age=31536000; includeSubDomains]
      x-content-type-options: [nosniff]
      x-ms-ratelimit-remaining-subscription-deletes: ['14999']
    status: {code: 202, message: Accepted}
version: 1
