interactions:
- request:
    body: '{"location": "westus", "tags": {"product": "azurecli", "cause": "automation",
      "date": "2019-05-01T20:56:00Z"}}'
    headers:
      Accept:
      - application/json
      Accept-Encoding:
      - gzip, deflate
      CommandName:
      - group create
      Connection:
      - keep-alive
      Content-Length:
      - '110'
      Content-Type:
      - application/json; charset=utf-8
      ParameterSetName:
      - --location --name --tag
      User-Agent:
      - python/3.7.3 (Windows-10-10.0.17763-SP0) msrest/0.6.6 msrest_azure/0.6.0 resourcemanagementclient/2.1.0
        Azure-SDK-For-Python AZURECLI/2.0.63
      accept-language:
      - en-US
    method: PUT
    uri: https://management.azure.com/subscriptions/00000000-0000-0000-0000-000000000000/resourcegroups/cli_test_ag_basic000001?api-version=2018-05-01
  response:
    body:
      string: '{"id":"/subscriptions/00000000-0000-0000-0000-000000000000/resourceGroups/cli_test_ag_basic000001","name":"cli_test_ag_basic000001","location":"westus","tags":{"product":"azurecli","cause":"automation","date":"2019-05-01T20:56:00Z"},"properties":{"provisioningState":"Succeeded"}}'
    headers:
      cache-control:
      - no-cache
      content-length:
      - '384'
      content-type:
      - application/json; charset=utf-8
      date:
      - Wed, 01 May 2019 20:56:01 GMT
      expires:
      - '-1'
      pragma:
      - no-cache
      strict-transport-security:
      - max-age=31536000; includeSubDomains
      x-content-type-options:
      - nosniff
      x-ms-ratelimit-remaining-subscription-writes:
      - '1197'
    status:
      code: 201
      message: Created
- request:
    body: null
    headers:
      Accept:
      - application/json
      Accept-Encoding:
      - gzip, deflate
      CommandName:
      - network application-gateway create
      Connection:
      - keep-alive
      ParameterSetName:
      - -g -n --no-wait
      User-Agent:
      - python/3.7.3 (Windows-10-10.0.17763-SP0) msrest/0.6.6 msrest_azure/0.6.0 resourcemanagementclient/2.1.0
        Azure-SDK-For-Python AZURECLI/2.0.63
      accept-language:
      - en-US
    method: GET
    uri: https://management.azure.com/subscriptions/00000000-0000-0000-0000-000000000000/resourcegroups/cli_test_ag_basic000001?api-version=2018-05-01
  response:
    body:
      string: '{"id":"/subscriptions/00000000-0000-0000-0000-000000000000/resourceGroups/cli_test_ag_basic000001","name":"cli_test_ag_basic000001","location":"westus","tags":{"product":"azurecli","cause":"automation","date":"2019-05-01T20:56:00Z"},"properties":{"provisioningState":"Succeeded"}}'
    headers:
      cache-control:
      - no-cache
      content-length:
      - '384'
      content-type:
      - application/json; charset=utf-8
      date:
      - Wed, 01 May 2019 20:56:01 GMT
      expires:
      - '-1'
      pragma:
      - no-cache
      strict-transport-security:
      - max-age=31536000; includeSubDomains
      vary:
      - Accept-Encoding
      x-content-type-options:
      - nosniff
    status:
      code: 200
      message: OK
- request:
    body: null
    headers:
      Accept:
      - application/json
      Accept-Encoding:
      - gzip, deflate
      CommandName:
      - network application-gateway create
      Connection:
      - keep-alive
      ParameterSetName:
      - -g -n --no-wait
      User-Agent:
      - python/3.7.3 (Windows-10-10.0.17763-SP0) msrest/0.6.6 msrest_azure/0.6.0 resourcemanagementclient/2.1.0
        Azure-SDK-For-Python AZURECLI/2.0.63
      accept-language:
      - en-US
    method: GET
    uri: https://management.azure.com/subscriptions/00000000-0000-0000-0000-000000000000/resources?$filter=resourceGroup%20eq%20%27cli_test_ag_basic000001%27%20and%20name%20eq%20%27None%27%20and%20resourceType%20eq%20%27Microsoft.Network%2FvirtualNetworks%27&api-version=2018-05-01
  response:
    body:
      string: '{"value":[]}'
    headers:
      cache-control:
      - no-cache
      content-length:
      - '12'
      content-type:
      - application/json; charset=utf-8
      date:
      - Wed, 01 May 2019 20:56:01 GMT
      expires:
      - '-1'
      pragma:
      - no-cache
      strict-transport-security:
      - max-age=31536000; includeSubDomains
      vary:
      - Accept-Encoding
      x-content-type-options:
      - nosniff
    status:
      code: 200
      message: OK
- request:
    body: 'b''{"properties": {"template": {"$schema": "https://schema.management.azure.com/schemas/2015-01-01/deploymentTemplate.json#",
      "contentVersion": "1.0.0.0", "parameters": {}, "variables": {"appGwID": "[resourceId(\''Microsoft.Network/applicationGateways\'',
      \''ag1\'')]"}, "resources": [{"name": "ag1Vnet", "type": "Microsoft.Network/virtualNetworks",
      "location": "westus", "apiVersion": "2015-06-15", "dependsOn": [], "tags": {},
      "properties": {"addressSpace": {"addressPrefixes": ["10.0.0.0/16"]}, "subnets":
      [{"name": "default", "properties": {"addressPrefix": "10.0.0.0/24"}}]}}, {"type":
      "Microsoft.Network/applicationGateways", "name": "ag1", "location": "westus",
      "tags": {}, "apiVersion": "2019-02-01", "dependsOn": ["Microsoft.Network/virtualNetworks/ag1Vnet"],
      "properties": {"backendAddressPools": [{"name": "appGatewayBackendPool"}], "backendHttpSettingsCollection":
      [{"name": "appGatewayBackendHttpSettings", "properties": {"Port": 80, "Protocol":
      "Http", "CookieBasedAffinity": "disabled", "connectionDraining": {"enabled":
      false, "drainTimeoutInSec": 1}}}], "frontendIPConfigurations": [{"name": "appGatewayFrontendIP",
      "properties": {"privateIPAllocationMethod": "Dynamic", "privateIPAddress": "",
      "subnet": {"id": "/subscriptions/00000000-0000-0000-0000-000000000000/resourceGroups/cli_test_ag_basic000001/providers/Microsoft.Network/virtualNetworks/ag1Vnet/subnets/default"}}}],
      "frontendPorts": [{"name": "appGatewayFrontendPort", "properties": {"Port":
      80}}], "gatewayIPConfigurations": [{"name": "appGatewayFrontendIP", "properties":
      {"subnet": {"id": "/subscriptions/00000000-0000-0000-0000-000000000000/resourceGroups/cli_test_ag_basic000001/providers/Microsoft.Network/virtualNetworks/ag1Vnet/subnets/default"}}}],
      "httpListeners": [{"name": "appGatewayHttpListener", "properties": {"FrontendIpConfiguration":
      {"Id": "[concat(variables(\''appGwID\''), \''/frontendIPConfigurations/appGatewayFrontendIP\'')]"},
      "FrontendPort": {"Id": "[concat(variables(\''appGwID\''), \''/frontendPorts/appGatewayFrontendPort\'')]"},
      "Protocol": "http", "SslCertificate": null}}], "sku": {"name": "Standard_Medium",
      "tier": "Standard", "capacity": 2}, "requestRoutingRules": [{"Name": "rule1",
      "properties": {"RuleType": "Basic", "httpListener": {"id": "[concat(variables(\''appGwID\''),
      \''/httpListeners/appGatewayHttpListener\'')]"}, "backendAddressPool": {"id":
      "[concat(variables(\''appGwID\''), \''/backendAddressPools/appGatewayBackendPool\'')]"},
      "backendHttpSettings": {"id": "[concat(variables(\''appGwID\''), \''/backendHttpSettingsCollection/appGatewayBackendHttpSettings\'')]"}}}]},
      "zones": null}], "outputs": {"applicationGateway": {"type": "object", "value":
      "[reference(\''ag1\'')]"}}}, "parameters": {}, "mode": "Incremental"}}'''
    headers:
      Accept:
      - application/json
      Accept-Encoding:
      - gzip, deflate
      CommandName:
      - network application-gateway create
      Connection:
      - keep-alive
      Content-Length:
      - '2799'
      Content-Type:
      - application/json; charset=utf-8
      ParameterSetName:
      - -g -n --no-wait
      User-Agent:
      - python/3.7.3 (Windows-10-10.0.17763-SP0) msrest/0.6.6 msrest_azure/0.6.0 resourcemanagementclient/2.1.0
        Azure-SDK-For-Python AZURECLI/2.0.63
      accept-language:
      - en-US
    method: PUT
    uri: https://management.azure.com/subscriptions/00000000-0000-0000-0000-000000000000/resourcegroups/cli_test_ag_basic000001/providers/Microsoft.Resources/deployments/mock-deployment?api-version=2018-05-01
  response:
    body:
      string: '{"id":"/subscriptions/00000000-0000-0000-0000-000000000000/resourceGroups/cli_test_ag_basic000001/providers/Microsoft.Resources/deployments/ag_deploy_ATbGNrRc4PoN9pN83cK85MEgYQo2WpgK","name":"ag_deploy_ATbGNrRc4PoN9pN83cK85MEgYQo2WpgK","properties":{"templateHash":"9282604382926805173","parameters":{},"mode":"Incremental","provisioningState":"Accepted","timestamp":"2019-05-01T20:56:04.7021872Z","duration":"PT0.9566485S","correlationId":"a8ffc984-28db-4b3b-8573-bdd6fa3396b8","providers":[{"namespace":"Microsoft.Network","resourceTypes":[{"resourceType":"virtualNetworks","locations":["westus"]},{"resourceType":"applicationGateways","locations":["westus"]}]}],"dependencies":[{"dependsOn":[{"id":"/subscriptions/00000000-0000-0000-0000-000000000000/resourceGroups/cli_test_ag_basic000001/providers/Microsoft.Network/virtualNetworks/ag1Vnet","resourceType":"Microsoft.Network/virtualNetworks","resourceName":"ag1Vnet"}],"id":"/subscriptions/00000000-0000-0000-0000-000000000000/resourceGroups/cli_test_ag_basic000001/providers/Microsoft.Network/applicationGateways/ag1","resourceType":"Microsoft.Network/applicationGateways","resourceName":"ag1"}]}}'
    headers:
      azure-asyncoperation:
      - https://management.azure.com/subscriptions/00000000-0000-0000-0000-000000000000/resourcegroups/cli_test_ag_basic000001/providers/Microsoft.Resources/deployments/ag_deploy_ATbGNrRc4PoN9pN83cK85MEgYQo2WpgK/operationStatuses/08586448627217320773?api-version=2018-05-01
      cache-control:
      - no-cache
      content-length:
      - '1309'
      content-type:
      - application/json; charset=utf-8
      date:
      - Wed, 01 May 2019 20:56:04 GMT
      expires:
      - '-1'
      pragma:
      - no-cache
      strict-transport-security:
      - max-age=31536000; includeSubDomains
      x-content-type-options:
      - nosniff
      x-ms-ratelimit-remaining-subscription-writes:
      - '1198'
    status:
      code: 201
      message: Created
- request:
    body: null
    headers:
      Accept:
      - application/json
      Accept-Encoding:
      - gzip, deflate
      CommandName:
      - network application-gateway wait
      Connection:
      - keep-alive
      ParameterSetName:
      - -g -n --exists
      User-Agent:
      - python/3.7.3 (Windows-10-10.0.17763-SP0) msrest/0.6.6 msrest_azure/0.6.0 networkmanagementclient/2.7.0
        Azure-SDK-For-Python AZURECLI/2.0.63
      accept-language:
      - en-US
    method: GET
    uri: https://management.azure.com/subscriptions/00000000-0000-0000-0000-000000000000/resourceGroups/cli_test_ag_basic000001/providers/Microsoft.Network/applicationGateways/ag1?api-version=2019-02-01
  response:
    body:
      string: '{"error":{"code":"ResourceNotFound","message":"The Resource ''Microsoft.Network/applicationGateways/ag1''
        under resource group ''cli_test_ag_basic000001'' was not found."}}'
    headers:
      cache-control:
      - no-cache
      content-length:
      - '220'
      content-type:
      - application/json; charset=utf-8
      date:
      - Wed, 01 May 2019 20:56:04 GMT
      expires:
      - '-1'
      pragma:
      - no-cache
      strict-transport-security:
      - max-age=31536000; includeSubDomains
      x-content-type-options:
      - nosniff
      x-ms-failure-cause:
      - gateway
    status:
      code: 404
      message: Not Found
- request:
    body: null
    headers:
      Accept:
      - application/json
      Accept-Encoding:
      - gzip, deflate
      CommandName:
      - network application-gateway wait
      Connection:
      - keep-alive
      ParameterSetName:
      - -g -n --exists
      User-Agent:
      - python/3.7.3 (Windows-10-10.0.17763-SP0) msrest/0.6.6 msrest_azure/0.6.0 networkmanagementclient/2.7.0
        Azure-SDK-For-Python AZURECLI/2.0.63
      accept-language:
      - en-US
    method: GET
    uri: https://management.azure.com/subscriptions/00000000-0000-0000-0000-000000000000/resourceGroups/cli_test_ag_basic000001/providers/Microsoft.Network/applicationGateways/ag1?api-version=2019-02-01
  response:
    body:
      string: "{\r\n  \"name\": \"ag1\",\r\n  \"id\": \"/subscriptions/00000000-0000-0000-0000-000000000000/resourceGroups/cli_test_ag_basic000001/providers/Microsoft.Network/applicationGateways/ag1\",\r\n
        \ \"etag\": \"W/\\\"f1f060e6-8adf-4b76-9a06-b83732d4687c\\\"\",\r\n  \"type\":
        \"Microsoft.Network/applicationGateways\",\r\n  \"location\": \"westus\",\r\n
        \ \"tags\": {},\r\n  \"properties\": {\r\n    \"provisioningState\": \"Updating\",\r\n
        \   \"resourceGuid\": \"eb2db89a-2a78-4a2b-8d71-d469ed8f85d4\",\r\n    \"sku\":
        {\r\n      \"name\": \"Standard_Medium\",\r\n      \"tier\": \"Standard\",\r\n
        \     \"capacity\": 2\r\n    },\r\n    \"operationalState\": \"Stopped\",\r\n
        \   \"gatewayIPConfigurations\": [\r\n      {\r\n        \"name\": \"appGatewayFrontendIP\",\r\n
        \       \"id\": \"/subscriptions/00000000-0000-0000-0000-000000000000/resourceGroups/cli_test_ag_basic000001/providers/Microsoft.Network/applicationGateways/ag1/gatewayIPConfigurations/appGatewayFrontendIP\",\r\n
        \       \"etag\": \"W/\\\"f1f060e6-8adf-4b76-9a06-b83732d4687c\\\"\",\r\n
        \       \"properties\": {\r\n          \"provisioningState\": \"Updating\",\r\n
        \         \"subnet\": {\r\n            \"id\": \"/subscriptions/00000000-0000-0000-0000-000000000000/resourceGroups/cli_test_ag_basic000001/providers/Microsoft.Network/virtualNetworks/ag1Vnet/subnets/default\"\r\n
        \         }\r\n        },\r\n        \"type\": \"Microsoft.Network/applicationGateways/gatewayIPConfigurations\"\r\n
        \     }\r\n    ],\r\n    \"sslCertificates\": [],\r\n    \"authenticationCertificates\":
        [],\r\n    \"frontendIPConfigurations\": [\r\n      {\r\n        \"name\":
        \"appGatewayFrontendIP\",\r\n        \"id\": \"/subscriptions/00000000-0000-0000-0000-000000000000/resourceGroups/cli_test_ag_basic000001/providers/Microsoft.Network/applicationGateways/ag1/frontendIPConfigurations/appGatewayFrontendIP\",\r\n
        \       \"etag\": \"W/\\\"f1f060e6-8adf-4b76-9a06-b83732d4687c\\\"\",\r\n
        \       \"type\": \"Microsoft.Network/applicationGateways/frontendIPConfigurations\",\r\n
        \       \"properties\": {\r\n          \"provisioningState\": \"Updating\",\r\n
        \         \"privateIPAllocationMethod\": \"Dynamic\",\r\n          \"subnet\":
        {\r\n            \"id\": \"/subscriptions/00000000-0000-0000-0000-000000000000/resourceGroups/cli_test_ag_basic000001/providers/Microsoft.Network/virtualNetworks/ag1Vnet/subnets/default\"\r\n
        \         },\r\n          \"httpListeners\": [\r\n            {\r\n              \"id\":
        \"/subscriptions/00000000-0000-0000-0000-000000000000/resourceGroups/cli_test_ag_basic000001/providers/Microsoft.Network/applicationGateways/ag1/httpListeners/appGatewayHttpListener\"\r\n
        \           }\r\n          ]\r\n        }\r\n      }\r\n    ],\r\n    \"frontendPorts\":
        [\r\n      {\r\n        \"name\": \"appGatewayFrontendPort\",\r\n        \"id\":
        \"/subscriptions/00000000-0000-0000-0000-000000000000/resourceGroups/cli_test_ag_basic000001/providers/Microsoft.Network/applicationGateways/ag1/frontendPorts/appGatewayFrontendPort\",\r\n
        \       \"etag\": \"W/\\\"f1f060e6-8adf-4b76-9a06-b83732d4687c\\\"\",\r\n
        \       \"properties\": {\r\n          \"provisioningState\": \"Updating\",\r\n
        \         \"port\": 80,\r\n          \"httpListeners\": [\r\n            {\r\n
        \             \"id\": \"/subscriptions/00000000-0000-0000-0000-000000000000/resourceGroups/cli_test_ag_basic000001/providers/Microsoft.Network/applicationGateways/ag1/httpListeners/appGatewayHttpListener\"\r\n
        \           }\r\n          ]\r\n        },\r\n        \"type\": \"Microsoft.Network/applicationGateways/frontendPorts\"\r\n
        \     }\r\n    ],\r\n    \"backendAddressPools\": [\r\n      {\r\n        \"name\":
        \"appGatewayBackendPool\",\r\n        \"id\": \"/subscriptions/00000000-0000-0000-0000-000000000000/resourceGroups/cli_test_ag_basic000001/providers/Microsoft.Network/applicationGateways/ag1/backendAddressPools/appGatewayBackendPool\",\r\n
        \       \"etag\": \"W/\\\"f1f060e6-8adf-4b76-9a06-b83732d4687c\\\"\",\r\n
        \       \"properties\": {\r\n          \"provisioningState\": \"Updating\",\r\n
        \         \"backendAddresses\": [],\r\n          \"requestRoutingRules\":
        [\r\n            {\r\n              \"id\": \"/subscriptions/00000000-0000-0000-0000-000000000000/resourceGroups/cli_test_ag_basic000001/providers/Microsoft.Network/applicationGateways/ag1/requestRoutingRules/rule1\"\r\n
        \           }\r\n          ]\r\n        },\r\n        \"type\": \"Microsoft.Network/applicationGateways/backendAddressPools\"\r\n
        \     }\r\n    ],\r\n    \"backendHttpSettingsCollection\": [\r\n      {\r\n
        \       \"name\": \"appGatewayBackendHttpSettings\",\r\n        \"id\": \"/subscriptions/00000000-0000-0000-0000-000000000000/resourceGroups/cli_test_ag_basic000001/providers/Microsoft.Network/applicationGateways/ag1/backendHttpSettingsCollection/appGatewayBackendHttpSettings\",\r\n
        \       \"etag\": \"W/\\\"f1f060e6-8adf-4b76-9a06-b83732d4687c\\\"\",\r\n
        \       \"properties\": {\r\n          \"provisioningState\": \"Updating\",\r\n
        \         \"port\": 80,\r\n          \"protocol\": \"Http\",\r\n          \"cookieBasedAffinity\":
        \"Disabled\",\r\n          \"connectionDraining\": {\r\n            \"enabled\":
        false,\r\n            \"drainTimeoutInSec\": 1\r\n          },\r\n          \"pickHostNameFromBackendAddress\":
        false,\r\n          \"requestTimeout\": 30,\r\n          \"requestRoutingRules\":
        [\r\n            {\r\n              \"id\": \"/subscriptions/00000000-0000-0000-0000-000000000000/resourceGroups/cli_test_ag_basic000001/providers/Microsoft.Network/applicationGateways/ag1/requestRoutingRules/rule1\"\r\n
        \           }\r\n          ]\r\n        },\r\n        \"type\": \"Microsoft.Network/applicationGateways/backendHttpSettingsCollection\"\r\n
        \     }\r\n    ],\r\n    \"httpListeners\": [\r\n      {\r\n        \"name\":
        \"appGatewayHttpListener\",\r\n        \"id\": \"/subscriptions/00000000-0000-0000-0000-000000000000/resourceGroups/cli_test_ag_basic000001/providers/Microsoft.Network/applicationGateways/ag1/httpListeners/appGatewayHttpListener\",\r\n
        \       \"etag\": \"W/\\\"f1f060e6-8adf-4b76-9a06-b83732d4687c\\\"\",\r\n
        \       \"properties\": {\r\n          \"provisioningState\": \"Updating\",\r\n
        \         \"frontendIPConfiguration\": {\r\n            \"id\": \"/subscriptions/00000000-0000-0000-0000-000000000000/resourceGroups/cli_test_ag_basic000001/providers/Microsoft.Network/applicationGateways/ag1/frontendIPConfigurations/appGatewayFrontendIP\"\r\n
        \         },\r\n          \"frontendPort\": {\r\n            \"id\": \"/subscriptions/00000000-0000-0000-0000-000000000000/resourceGroups/cli_test_ag_basic000001/providers/Microsoft.Network/applicationGateways/ag1/frontendPorts/appGatewayFrontendPort\"\r\n
        \         },\r\n          \"protocol\": \"Http\",\r\n          \"requireServerNameIndication\":
        false,\r\n          \"requestRoutingRules\": [\r\n            {\r\n              \"id\":
        \"/subscriptions/00000000-0000-0000-0000-000000000000/resourceGroups/cli_test_ag_basic000001/providers/Microsoft.Network/applicationGateways/ag1/requestRoutingRules/rule1\"\r\n
        \           }\r\n          ]\r\n        },\r\n        \"type\": \"Microsoft.Network/applicationGateways/httpListeners\"\r\n
        \     }\r\n    ],\r\n    \"urlPathMaps\": [],\r\n    \"requestRoutingRules\":
        [\r\n      {\r\n        \"name\": \"rule1\",\r\n        \"id\": \"/subscriptions/00000000-0000-0000-0000-000000000000/resourceGroups/cli_test_ag_basic000001/providers/Microsoft.Network/applicationGateways/ag1/requestRoutingRules/rule1\",\r\n
        \       \"etag\": \"W/\\\"f1f060e6-8adf-4b76-9a06-b83732d4687c\\\"\",\r\n
        \       \"properties\": {\r\n          \"provisioningState\": \"Updating\",\r\n
        \         \"ruleType\": \"Basic\",\r\n          \"httpListener\": {\r\n            \"id\":
        \"/subscriptions/00000000-0000-0000-0000-000000000000/resourceGroups/cli_test_ag_basic000001/providers/Microsoft.Network/applicationGateways/ag1/httpListeners/appGatewayHttpListener\"\r\n
        \         },\r\n          \"backendAddressPool\": {\r\n            \"id\":
        \"/subscriptions/00000000-0000-0000-0000-000000000000/resourceGroups/cli_test_ag_basic000001/providers/Microsoft.Network/applicationGateways/ag1/backendAddressPools/appGatewayBackendPool\"\r\n
        \         },\r\n          \"backendHttpSettings\": {\r\n            \"id\":
        \"/subscriptions/00000000-0000-0000-0000-000000000000/resourceGroups/cli_test_ag_basic000001/providers/Microsoft.Network/applicationGateways/ag1/backendHttpSettingsCollection/appGatewayBackendHttpSettings\"\r\n
        \         }\r\n        },\r\n        \"type\": \"Microsoft.Network/applicationGateways/requestRoutingRules\"\r\n
        \     }\r\n    ],\r\n    \"probes\": [],\r\n    \"rewriteRuleSets\": [],\r\n
        \   \"redirectConfigurations\": []\r\n  }\r\n}"
    headers:
      cache-control:
      - no-cache
      content-length:
      - '9060'
      content-type:
      - application/json; charset=utf-8
      date:
      - Wed, 01 May 2019 20:56:34 GMT
      etag:
      - W/"f1f060e6-8adf-4b76-9a06-b83732d4687c"
      expires:
      - '-1'
      pragma:
      - no-cache
      server:
      - Microsoft-HTTPAPI/2.0
      - Microsoft-HTTPAPI/2.0
      strict-transport-security:
      - max-age=31536000; includeSubDomains
      transfer-encoding:
      - chunked
      vary:
      - Accept-Encoding
      x-content-type-options:
      - nosniff
    status:
      code: 200
      message: OK
- request:
    body: null
    headers:
      Accept:
      - application/json
      Accept-Encoding:
      - gzip, deflate
      CommandName:
      - network application-gateway redirect-config create
      Connection:
      - keep-alive
      ParameterSetName:
      - --gateway-name -g -n -t --include-query-string --include-path --target-listener
        --no-wait
      User-Agent:
      - python/3.7.3 (Windows-10-10.0.17763-SP0) msrest/0.6.6 msrest_azure/0.6.0 networkmanagementclient/2.7.0
        Azure-SDK-For-Python AZURECLI/2.0.63
      accept-language:
      - en-US
    method: GET
    uri: https://management.azure.com/subscriptions/00000000-0000-0000-0000-000000000000/resourceGroups/cli_test_ag_basic000001/providers/Microsoft.Network/applicationGateways/ag1?api-version=2019-02-01
  response:
    body:
      string: "{\r\n  \"name\": \"ag1\",\r\n  \"id\": \"/subscriptions/00000000-0000-0000-0000-000000000000/resourceGroups/cli_test_ag_basic000001/providers/Microsoft.Network/applicationGateways/ag1\",\r\n
        \ \"etag\": \"W/\\\"f1f060e6-8adf-4b76-9a06-b83732d4687c\\\"\",\r\n  \"type\":
        \"Microsoft.Network/applicationGateways\",\r\n  \"location\": \"westus\",\r\n
        \ \"tags\": {},\r\n  \"properties\": {\r\n    \"provisioningState\": \"Updating\",\r\n
        \   \"resourceGuid\": \"eb2db89a-2a78-4a2b-8d71-d469ed8f85d4\",\r\n    \"sku\":
        {\r\n      \"name\": \"Standard_Medium\",\r\n      \"tier\": \"Standard\",\r\n
        \     \"capacity\": 2\r\n    },\r\n    \"operationalState\": \"Stopped\",\r\n
        \   \"gatewayIPConfigurations\": [\r\n      {\r\n        \"name\": \"appGatewayFrontendIP\",\r\n
        \       \"id\": \"/subscriptions/00000000-0000-0000-0000-000000000000/resourceGroups/cli_test_ag_basic000001/providers/Microsoft.Network/applicationGateways/ag1/gatewayIPConfigurations/appGatewayFrontendIP\",\r\n
        \       \"etag\": \"W/\\\"f1f060e6-8adf-4b76-9a06-b83732d4687c\\\"\",\r\n
        \       \"properties\": {\r\n          \"provisioningState\": \"Updating\",\r\n
        \         \"subnet\": {\r\n            \"id\": \"/subscriptions/00000000-0000-0000-0000-000000000000/resourceGroups/cli_test_ag_basic000001/providers/Microsoft.Network/virtualNetworks/ag1Vnet/subnets/default\"\r\n
        \         }\r\n        },\r\n        \"type\": \"Microsoft.Network/applicationGateways/gatewayIPConfigurations\"\r\n
        \     }\r\n    ],\r\n    \"sslCertificates\": [],\r\n    \"authenticationCertificates\":
        [],\r\n    \"frontendIPConfigurations\": [\r\n      {\r\n        \"name\":
        \"appGatewayFrontendIP\",\r\n        \"id\": \"/subscriptions/00000000-0000-0000-0000-000000000000/resourceGroups/cli_test_ag_basic000001/providers/Microsoft.Network/applicationGateways/ag1/frontendIPConfigurations/appGatewayFrontendIP\",\r\n
        \       \"etag\": \"W/\\\"f1f060e6-8adf-4b76-9a06-b83732d4687c\\\"\",\r\n
        \       \"type\": \"Microsoft.Network/applicationGateways/frontendIPConfigurations\",\r\n
        \       \"properties\": {\r\n          \"provisioningState\": \"Updating\",\r\n
        \         \"privateIPAllocationMethod\": \"Dynamic\",\r\n          \"subnet\":
        {\r\n            \"id\": \"/subscriptions/00000000-0000-0000-0000-000000000000/resourceGroups/cli_test_ag_basic000001/providers/Microsoft.Network/virtualNetworks/ag1Vnet/subnets/default\"\r\n
        \         },\r\n          \"httpListeners\": [\r\n            {\r\n              \"id\":
        \"/subscriptions/00000000-0000-0000-0000-000000000000/resourceGroups/cli_test_ag_basic000001/providers/Microsoft.Network/applicationGateways/ag1/httpListeners/appGatewayHttpListener\"\r\n
        \           }\r\n          ]\r\n        }\r\n      }\r\n    ],\r\n    \"frontendPorts\":
        [\r\n      {\r\n        \"name\": \"appGatewayFrontendPort\",\r\n        \"id\":
        \"/subscriptions/00000000-0000-0000-0000-000000000000/resourceGroups/cli_test_ag_basic000001/providers/Microsoft.Network/applicationGateways/ag1/frontendPorts/appGatewayFrontendPort\",\r\n
        \       \"etag\": \"W/\\\"f1f060e6-8adf-4b76-9a06-b83732d4687c\\\"\",\r\n
        \       \"properties\": {\r\n          \"provisioningState\": \"Updating\",\r\n
        \         \"port\": 80,\r\n          \"httpListeners\": [\r\n            {\r\n
        \             \"id\": \"/subscriptions/00000000-0000-0000-0000-000000000000/resourceGroups/cli_test_ag_basic000001/providers/Microsoft.Network/applicationGateways/ag1/httpListeners/appGatewayHttpListener\"\r\n
        \           }\r\n          ]\r\n        },\r\n        \"type\": \"Microsoft.Network/applicationGateways/frontendPorts\"\r\n
        \     }\r\n    ],\r\n    \"backendAddressPools\": [\r\n      {\r\n        \"name\":
        \"appGatewayBackendPool\",\r\n        \"id\": \"/subscriptions/00000000-0000-0000-0000-000000000000/resourceGroups/cli_test_ag_basic000001/providers/Microsoft.Network/applicationGateways/ag1/backendAddressPools/appGatewayBackendPool\",\r\n
        \       \"etag\": \"W/\\\"f1f060e6-8adf-4b76-9a06-b83732d4687c\\\"\",\r\n
        \       \"properties\": {\r\n          \"provisioningState\": \"Updating\",\r\n
        \         \"backendAddresses\": [],\r\n          \"requestRoutingRules\":
        [\r\n            {\r\n              \"id\": \"/subscriptions/00000000-0000-0000-0000-000000000000/resourceGroups/cli_test_ag_basic000001/providers/Microsoft.Network/applicationGateways/ag1/requestRoutingRules/rule1\"\r\n
        \           }\r\n          ]\r\n        },\r\n        \"type\": \"Microsoft.Network/applicationGateways/backendAddressPools\"\r\n
        \     }\r\n    ],\r\n    \"backendHttpSettingsCollection\": [\r\n      {\r\n
        \       \"name\": \"appGatewayBackendHttpSettings\",\r\n        \"id\": \"/subscriptions/00000000-0000-0000-0000-000000000000/resourceGroups/cli_test_ag_basic000001/providers/Microsoft.Network/applicationGateways/ag1/backendHttpSettingsCollection/appGatewayBackendHttpSettings\",\r\n
        \       \"etag\": \"W/\\\"f1f060e6-8adf-4b76-9a06-b83732d4687c\\\"\",\r\n
        \       \"properties\": {\r\n          \"provisioningState\": \"Updating\",\r\n
        \         \"port\": 80,\r\n          \"protocol\": \"Http\",\r\n          \"cookieBasedAffinity\":
        \"Disabled\",\r\n          \"connectionDraining\": {\r\n            \"enabled\":
        false,\r\n            \"drainTimeoutInSec\": 1\r\n          },\r\n          \"pickHostNameFromBackendAddress\":
        false,\r\n          \"requestTimeout\": 30,\r\n          \"requestRoutingRules\":
        [\r\n            {\r\n              \"id\": \"/subscriptions/00000000-0000-0000-0000-000000000000/resourceGroups/cli_test_ag_basic000001/providers/Microsoft.Network/applicationGateways/ag1/requestRoutingRules/rule1\"\r\n
        \           }\r\n          ]\r\n        },\r\n        \"type\": \"Microsoft.Network/applicationGateways/backendHttpSettingsCollection\"\r\n
        \     }\r\n    ],\r\n    \"httpListeners\": [\r\n      {\r\n        \"name\":
        \"appGatewayHttpListener\",\r\n        \"id\": \"/subscriptions/00000000-0000-0000-0000-000000000000/resourceGroups/cli_test_ag_basic000001/providers/Microsoft.Network/applicationGateways/ag1/httpListeners/appGatewayHttpListener\",\r\n
        \       \"etag\": \"W/\\\"f1f060e6-8adf-4b76-9a06-b83732d4687c\\\"\",\r\n
        \       \"properties\": {\r\n          \"provisioningState\": \"Updating\",\r\n
        \         \"frontendIPConfiguration\": {\r\n            \"id\": \"/subscriptions/00000000-0000-0000-0000-000000000000/resourceGroups/cli_test_ag_basic000001/providers/Microsoft.Network/applicationGateways/ag1/frontendIPConfigurations/appGatewayFrontendIP\"\r\n
        \         },\r\n          \"frontendPort\": {\r\n            \"id\": \"/subscriptions/00000000-0000-0000-0000-000000000000/resourceGroups/cli_test_ag_basic000001/providers/Microsoft.Network/applicationGateways/ag1/frontendPorts/appGatewayFrontendPort\"\r\n
        \         },\r\n          \"protocol\": \"Http\",\r\n          \"requireServerNameIndication\":
        false,\r\n          \"requestRoutingRules\": [\r\n            {\r\n              \"id\":
        \"/subscriptions/00000000-0000-0000-0000-000000000000/resourceGroups/cli_test_ag_basic000001/providers/Microsoft.Network/applicationGateways/ag1/requestRoutingRules/rule1\"\r\n
        \           }\r\n          ]\r\n        },\r\n        \"type\": \"Microsoft.Network/applicationGateways/httpListeners\"\r\n
        \     }\r\n    ],\r\n    \"urlPathMaps\": [],\r\n    \"requestRoutingRules\":
        [\r\n      {\r\n        \"name\": \"rule1\",\r\n        \"id\": \"/subscriptions/00000000-0000-0000-0000-000000000000/resourceGroups/cli_test_ag_basic000001/providers/Microsoft.Network/applicationGateways/ag1/requestRoutingRules/rule1\",\r\n
        \       \"etag\": \"W/\\\"f1f060e6-8adf-4b76-9a06-b83732d4687c\\\"\",\r\n
        \       \"properties\": {\r\n          \"provisioningState\": \"Updating\",\r\n
        \         \"ruleType\": \"Basic\",\r\n          \"httpListener\": {\r\n            \"id\":
        \"/subscriptions/00000000-0000-0000-0000-000000000000/resourceGroups/cli_test_ag_basic000001/providers/Microsoft.Network/applicationGateways/ag1/httpListeners/appGatewayHttpListener\"\r\n
        \         },\r\n          \"backendAddressPool\": {\r\n            \"id\":
        \"/subscriptions/00000000-0000-0000-0000-000000000000/resourceGroups/cli_test_ag_basic000001/providers/Microsoft.Network/applicationGateways/ag1/backendAddressPools/appGatewayBackendPool\"\r\n
        \         },\r\n          \"backendHttpSettings\": {\r\n            \"id\":
        \"/subscriptions/00000000-0000-0000-0000-000000000000/resourceGroups/cli_test_ag_basic000001/providers/Microsoft.Network/applicationGateways/ag1/backendHttpSettingsCollection/appGatewayBackendHttpSettings\"\r\n
        \         }\r\n        },\r\n        \"type\": \"Microsoft.Network/applicationGateways/requestRoutingRules\"\r\n
        \     }\r\n    ],\r\n    \"probes\": [],\r\n    \"rewriteRuleSets\": [],\r\n
        \   \"redirectConfigurations\": []\r\n  }\r\n}"
    headers:
      cache-control:
      - no-cache
      content-length:
      - '9060'
      content-type:
      - application/json; charset=utf-8
      date:
      - Wed, 01 May 2019 20:56:36 GMT
      etag:
      - W/"f1f060e6-8adf-4b76-9a06-b83732d4687c"
      expires:
      - '-1'
      pragma:
      - no-cache
      server:
      - Microsoft-HTTPAPI/2.0
      - Microsoft-HTTPAPI/2.0
      strict-transport-security:
      - max-age=31536000; includeSubDomains
      transfer-encoding:
      - chunked
      vary:
      - Accept-Encoding
      x-content-type-options:
      - nosniff
    status:
      code: 200
      message: OK
- request:
    body: 'b''{"id": "/subscriptions/00000000-0000-0000-0000-000000000000/resourceGroups/cli_test_ag_basic000001/providers/Microsoft.Network/applicationGateways/ag1",
      "location": "westus", "tags": {}, "properties": {"sku": {"name": "Standard_Medium",
      "tier": "Standard", "capacity": 2}, "gatewayIPConfigurations": [{"id": "/subscriptions/00000000-0000-0000-0000-000000000000/resourceGroups/cli_test_ag_basic000001/providers/Microsoft.Network/applicationGateways/ag1/gatewayIPConfigurations/appGatewayFrontendIP",
      "properties": {"subnet": {"id": "/subscriptions/00000000-0000-0000-0000-000000000000/resourceGroups/cli_test_ag_basic000001/providers/Microsoft.Network/virtualNetworks/ag1Vnet/subnets/default"},
      "provisioningState": "Updating"}, "name": "appGatewayFrontendIP", "etag": "W/\\"f1f060e6-8adf-4b76-9a06-b83732d4687c\\"",
      "type": "Microsoft.Network/applicationGateways/gatewayIPConfigurations"}], "authenticationCertificates":
      [], "sslCertificates": [], "frontendIPConfigurations": [{"id": "/subscriptions/00000000-0000-0000-0000-000000000000/resourceGroups/cli_test_ag_basic000001/providers/Microsoft.Network/applicationGateways/ag1/frontendIPConfigurations/appGatewayFrontendIP",
      "properties": {"privateIPAllocationMethod": "Dynamic", "subnet": {"id": "/subscriptions/00000000-0000-0000-0000-000000000000/resourceGroups/cli_test_ag_basic000001/providers/Microsoft.Network/virtualNetworks/ag1Vnet/subnets/default"},
      "provisioningState": "Updating"}, "name": "appGatewayFrontendIP", "etag": "W/\\"f1f060e6-8adf-4b76-9a06-b83732d4687c\\"",
      "type": "Microsoft.Network/applicationGateways/frontendIPConfigurations"}],
      "frontendPorts": [{"id": "/subscriptions/00000000-0000-0000-0000-000000000000/resourceGroups/cli_test_ag_basic000001/providers/Microsoft.Network/applicationGateways/ag1/frontendPorts/appGatewayFrontendPort",
      "properties": {"port": 80, "provisioningState": "Updating"}, "name": "appGatewayFrontendPort",
      "etag": "W/\\"f1f060e6-8adf-4b76-9a06-b83732d4687c\\"", "type": "Microsoft.Network/applicationGateways/frontendPorts"}],
      "probes": [], "backendAddressPools": [{"id": "/subscriptions/00000000-0000-0000-0000-000000000000/resourceGroups/cli_test_ag_basic000001/providers/Microsoft.Network/applicationGateways/ag1/backendAddressPools/appGatewayBackendPool",
      "properties": {"backendAddresses": [], "provisioningState": "Updating"}, "name":
      "appGatewayBackendPool", "etag": "W/\\"f1f060e6-8adf-4b76-9a06-b83732d4687c\\"",
      "type": "Microsoft.Network/applicationGateways/backendAddressPools"}], "backendHttpSettingsCollection":
      [{"id": "/subscriptions/00000000-0000-0000-0000-000000000000/resourceGroups/cli_test_ag_basic000001/providers/Microsoft.Network/applicationGateways/ag1/backendHttpSettingsCollection/appGatewayBackendHttpSettings",
      "properties": {"port": 80, "protocol": "Http", "cookieBasedAffinity": "Disabled",
      "requestTimeout": 30, "connectionDraining": {"enabled": false, "drainTimeoutInSec":
      1}, "pickHostNameFromBackendAddress": false, "provisioningState": "Updating"},
      "name": "appGatewayBackendHttpSettings", "etag": "W/\\"f1f060e6-8adf-4b76-9a06-b83732d4687c\\"",
      "type": "Microsoft.Network/applicationGateways/backendHttpSettingsCollection"}],
      "httpListeners": [{"id": "/subscriptions/00000000-0000-0000-0000-000000000000/resourceGroups/cli_test_ag_basic000001/providers/Microsoft.Network/applicationGateways/ag1/httpListeners/appGatewayHttpListener",
      "properties": {"frontendIPConfiguration": {"id": "/subscriptions/00000000-0000-0000-0000-000000000000/resourceGroups/cli_test_ag_basic000001/providers/Microsoft.Network/applicationGateways/ag1/frontendIPConfigurations/appGatewayFrontendIP"},
      "frontendPort": {"id": "/subscriptions/00000000-0000-0000-0000-000000000000/resourceGroups/cli_test_ag_basic000001/providers/Microsoft.Network/applicationGateways/ag1/frontendPorts/appGatewayFrontendPort"},
      "protocol": "Http", "requireServerNameIndication": false, "provisioningState":
      "Updating"}, "name": "appGatewayHttpListener", "etag": "W/\\"f1f060e6-8adf-4b76-9a06-b83732d4687c\\"",
      "type": "Microsoft.Network/applicationGateways/httpListeners"}], "urlPathMaps":
      [], "requestRoutingRules": [{"id": "/subscriptions/00000000-0000-0000-0000-000000000000/resourceGroups/cli_test_ag_basic000001/providers/Microsoft.Network/applicationGateways/ag1/requestRoutingRules/rule1",
      "properties": {"ruleType": "Basic", "backendAddressPool": {"id": "/subscriptions/00000000-0000-0000-0000-000000000000/resourceGroups/cli_test_ag_basic000001/providers/Microsoft.Network/applicationGateways/ag1/backendAddressPools/appGatewayBackendPool"},
      "backendHttpSettings": {"id": "/subscriptions/00000000-0000-0000-0000-000000000000/resourceGroups/cli_test_ag_basic000001/providers/Microsoft.Network/applicationGateways/ag1/backendHttpSettingsCollection/appGatewayBackendHttpSettings"},
      "httpListener": {"id": "/subscriptions/00000000-0000-0000-0000-000000000000/resourceGroups/cli_test_ag_basic000001/providers/Microsoft.Network/applicationGateways/ag1/httpListeners/appGatewayHttpListener"},
      "provisioningState": "Updating"}, "name": "rule1", "etag": "W/\\"f1f060e6-8adf-4b76-9a06-b83732d4687c\\"",
      "type": "Microsoft.Network/applicationGateways/requestRoutingRules"}], "rewriteRuleSets":
      [], "redirectConfigurations": [{"properties": {"redirectType": "Permanent",
      "targetListener": {"id": "/subscriptions/00000000-0000-0000-0000-000000000000/resourceGroups/cli_test_ag_basic000001/providers/Microsoft.Network/applicationGateways/ag1/httpListeners/appGatewayHttpListener"},
      "includePath": false, "includeQueryString": true}, "name": "redirect1"}], "resourceGuid":
      "eb2db89a-2a78-4a2b-8d71-d469ed8f85d4", "provisioningState": "Updating"}, "etag":
      "W/\\"f1f060e6-8adf-4b76-9a06-b83732d4687c\\""}'''
    headers:
      Accept:
      - application/json
      Accept-Encoding:
      - gzip, deflate
      CommandName:
      - network application-gateway redirect-config create
      Connection:
      - keep-alive
      Content-Length:
      - '6510'
      Content-Type:
      - application/json; charset=utf-8
      ParameterSetName:
      - --gateway-name -g -n -t --include-query-string --include-path --target-listener
        --no-wait
      User-Agent:
      - python/3.7.3 (Windows-10-10.0.17763-SP0) msrest/0.6.6 msrest_azure/0.6.0 networkmanagementclient/2.7.0
        Azure-SDK-For-Python AZURECLI/2.0.63
      accept-language:
      - en-US
    method: PUT
    uri: https://management.azure.com/subscriptions/00000000-0000-0000-0000-000000000000/resourceGroups/cli_test_ag_basic000001/providers/Microsoft.Network/applicationGateways/ag1?api-version=2019-02-01
  response:
    body:
      string: "{\r\n  \"name\": \"ag1\",\r\n  \"id\": \"/subscriptions/00000000-0000-0000-0000-000000000000/resourceGroups/cli_test_ag_basic000001/providers/Microsoft.Network/applicationGateways/ag1\",\r\n
        \ \"etag\": \"W/\\\"fe6dd489-0d52-40cb-be66-610052343a7f\\\"\",\r\n  \"type\":
        \"Microsoft.Network/applicationGateways\",\r\n  \"location\": \"westus\",\r\n
        \ \"tags\": {},\r\n  \"properties\": {\r\n    \"provisioningState\": \"Updating\",\r\n
        \   \"resourceGuid\": \"eb2db89a-2a78-4a2b-8d71-d469ed8f85d4\",\r\n    \"sku\":
        {\r\n      \"name\": \"Standard_Medium\",\r\n      \"tier\": \"Standard\",\r\n
        \     \"capacity\": 2\r\n    },\r\n    \"operationalState\": \"Stopped\",\r\n
        \   \"gatewayIPConfigurations\": [\r\n      {\r\n        \"name\": \"appGatewayFrontendIP\",\r\n
        \       \"id\": \"/subscriptions/00000000-0000-0000-0000-000000000000/resourceGroups/cli_test_ag_basic000001/providers/Microsoft.Network/applicationGateways/ag1/gatewayIPConfigurations/appGatewayFrontendIP\",\r\n
        \       \"etag\": \"W/\\\"fe6dd489-0d52-40cb-be66-610052343a7f\\\"\",\r\n
        \       \"properties\": {\r\n          \"provisioningState\": \"Updating\",\r\n
        \         \"subnet\": {\r\n            \"id\": \"/subscriptions/00000000-0000-0000-0000-000000000000/resourceGroups/cli_test_ag_basic000001/providers/Microsoft.Network/virtualNetworks/ag1Vnet/subnets/default\"\r\n
        \         }\r\n        },\r\n        \"type\": \"Microsoft.Network/applicationGateways/gatewayIPConfigurations\"\r\n
        \     }\r\n    ],\r\n    \"sslCertificates\": [],\r\n    \"authenticationCertificates\":
        [],\r\n    \"frontendIPConfigurations\": [\r\n      {\r\n        \"name\":
        \"appGatewayFrontendIP\",\r\n        \"id\": \"/subscriptions/00000000-0000-0000-0000-000000000000/resourceGroups/cli_test_ag_basic000001/providers/Microsoft.Network/applicationGateways/ag1/frontendIPConfigurations/appGatewayFrontendIP\",\r\n
        \       \"etag\": \"W/\\\"fe6dd489-0d52-40cb-be66-610052343a7f\\\"\",\r\n
        \       \"type\": \"Microsoft.Network/applicationGateways/frontendIPConfigurations\",\r\n
        \       \"properties\": {\r\n          \"provisioningState\": \"Updating\",\r\n
        \         \"privateIPAllocationMethod\": \"Dynamic\",\r\n          \"subnet\":
        {\r\n            \"id\": \"/subscriptions/00000000-0000-0000-0000-000000000000/resourceGroups/cli_test_ag_basic000001/providers/Microsoft.Network/virtualNetworks/ag1Vnet/subnets/default\"\r\n
        \         },\r\n          \"httpListeners\": [\r\n            {\r\n              \"id\":
        \"/subscriptions/00000000-0000-0000-0000-000000000000/resourceGroups/cli_test_ag_basic000001/providers/Microsoft.Network/applicationGateways/ag1/httpListeners/appGatewayHttpListener\"\r\n
        \           }\r\n          ]\r\n        }\r\n      }\r\n    ],\r\n    \"frontendPorts\":
        [\r\n      {\r\n        \"name\": \"appGatewayFrontendPort\",\r\n        \"id\":
        \"/subscriptions/00000000-0000-0000-0000-000000000000/resourceGroups/cli_test_ag_basic000001/providers/Microsoft.Network/applicationGateways/ag1/frontendPorts/appGatewayFrontendPort\",\r\n
        \       \"etag\": \"W/\\\"fe6dd489-0d52-40cb-be66-610052343a7f\\\"\",\r\n
        \       \"properties\": {\r\n          \"provisioningState\": \"Updating\",\r\n
        \         \"port\": 80,\r\n          \"httpListeners\": [\r\n            {\r\n
        \             \"id\": \"/subscriptions/00000000-0000-0000-0000-000000000000/resourceGroups/cli_test_ag_basic000001/providers/Microsoft.Network/applicationGateways/ag1/httpListeners/appGatewayHttpListener\"\r\n
        \           }\r\n          ]\r\n        },\r\n        \"type\": \"Microsoft.Network/applicationGateways/frontendPorts\"\r\n
        \     }\r\n    ],\r\n    \"backendAddressPools\": [\r\n      {\r\n        \"name\":
        \"appGatewayBackendPool\",\r\n        \"id\": \"/subscriptions/00000000-0000-0000-0000-000000000000/resourceGroups/cli_test_ag_basic000001/providers/Microsoft.Network/applicationGateways/ag1/backendAddressPools/appGatewayBackendPool\",\r\n
        \       \"etag\": \"W/\\\"fe6dd489-0d52-40cb-be66-610052343a7f\\\"\",\r\n
        \       \"properties\": {\r\n          \"provisioningState\": \"Updating\",\r\n
        \         \"backendAddresses\": [],\r\n          \"requestRoutingRules\":
        [\r\n            {\r\n              \"id\": \"/subscriptions/00000000-0000-0000-0000-000000000000/resourceGroups/cli_test_ag_basic000001/providers/Microsoft.Network/applicationGateways/ag1/requestRoutingRules/rule1\"\r\n
        \           }\r\n          ]\r\n        },\r\n        \"type\": \"Microsoft.Network/applicationGateways/backendAddressPools\"\r\n
        \     }\r\n    ],\r\n    \"backendHttpSettingsCollection\": [\r\n      {\r\n
        \       \"name\": \"appGatewayBackendHttpSettings\",\r\n        \"id\": \"/subscriptions/00000000-0000-0000-0000-000000000000/resourceGroups/cli_test_ag_basic000001/providers/Microsoft.Network/applicationGateways/ag1/backendHttpSettingsCollection/appGatewayBackendHttpSettings\",\r\n
        \       \"etag\": \"W/\\\"fe6dd489-0d52-40cb-be66-610052343a7f\\\"\",\r\n
        \       \"properties\": {\r\n          \"provisioningState\": \"Updating\",\r\n
        \         \"port\": 80,\r\n          \"protocol\": \"Http\",\r\n          \"cookieBasedAffinity\":
        \"Disabled\",\r\n          \"connectionDraining\": {\r\n            \"enabled\":
        false,\r\n            \"drainTimeoutInSec\": 1\r\n          },\r\n          \"pickHostNameFromBackendAddress\":
        false,\r\n          \"requestTimeout\": 30,\r\n          \"requestRoutingRules\":
        [\r\n            {\r\n              \"id\": \"/subscriptions/00000000-0000-0000-0000-000000000000/resourceGroups/cli_test_ag_basic000001/providers/Microsoft.Network/applicationGateways/ag1/requestRoutingRules/rule1\"\r\n
        \           }\r\n          ]\r\n        },\r\n        \"type\": \"Microsoft.Network/applicationGateways/backendHttpSettingsCollection\"\r\n
        \     }\r\n    ],\r\n    \"httpListeners\": [\r\n      {\r\n        \"name\":
        \"appGatewayHttpListener\",\r\n        \"id\": \"/subscriptions/00000000-0000-0000-0000-000000000000/resourceGroups/cli_test_ag_basic000001/providers/Microsoft.Network/applicationGateways/ag1/httpListeners/appGatewayHttpListener\",\r\n
        \       \"etag\": \"W/\\\"fe6dd489-0d52-40cb-be66-610052343a7f\\\"\",\r\n
        \       \"properties\": {\r\n          \"provisioningState\": \"Updating\",\r\n
        \         \"frontendIPConfiguration\": {\r\n            \"id\": \"/subscriptions/00000000-0000-0000-0000-000000000000/resourceGroups/cli_test_ag_basic000001/providers/Microsoft.Network/applicationGateways/ag1/frontendIPConfigurations/appGatewayFrontendIP\"\r\n
        \         },\r\n          \"frontendPort\": {\r\n            \"id\": \"/subscriptions/00000000-0000-0000-0000-000000000000/resourceGroups/cli_test_ag_basic000001/providers/Microsoft.Network/applicationGateways/ag1/frontendPorts/appGatewayFrontendPort\"\r\n
        \         },\r\n          \"protocol\": \"Http\",\r\n          \"requireServerNameIndication\":
        false,\r\n          \"requestRoutingRules\": [\r\n            {\r\n              \"id\":
        \"/subscriptions/00000000-0000-0000-0000-000000000000/resourceGroups/cli_test_ag_basic000001/providers/Microsoft.Network/applicationGateways/ag1/requestRoutingRules/rule1\"\r\n
        \           }\r\n          ],\r\n          \"redirectConfiguration\": [\r\n
        \           {\r\n              \"id\": \"/subscriptions/00000000-0000-0000-0000-000000000000/resourceGroups/cli_test_ag_basic000001/providers/Microsoft.Network/applicationGateways/ag1/redirectConfigurations/redirect1\"\r\n
        \           }\r\n          ]\r\n        },\r\n        \"type\": \"Microsoft.Network/applicationGateways/httpListeners\"\r\n
        \     }\r\n    ],\r\n    \"urlPathMaps\": [],\r\n    \"requestRoutingRules\":
        [\r\n      {\r\n        \"name\": \"rule1\",\r\n        \"id\": \"/subscriptions/00000000-0000-0000-0000-000000000000/resourceGroups/cli_test_ag_basic000001/providers/Microsoft.Network/applicationGateways/ag1/requestRoutingRules/rule1\",\r\n
        \       \"etag\": \"W/\\\"fe6dd489-0d52-40cb-be66-610052343a7f\\\"\",\r\n
        \       \"properties\": {\r\n          \"provisioningState\": \"Updating\",\r\n
        \         \"ruleType\": \"Basic\",\r\n          \"httpListener\": {\r\n            \"id\":
        \"/subscriptions/00000000-0000-0000-0000-000000000000/resourceGroups/cli_test_ag_basic000001/providers/Microsoft.Network/applicationGateways/ag1/httpListeners/appGatewayHttpListener\"\r\n
        \         },\r\n          \"backendAddressPool\": {\r\n            \"id\":
        \"/subscriptions/00000000-0000-0000-0000-000000000000/resourceGroups/cli_test_ag_basic000001/providers/Microsoft.Network/applicationGateways/ag1/backendAddressPools/appGatewayBackendPool\"\r\n
        \         },\r\n          \"backendHttpSettings\": {\r\n            \"id\":
        \"/subscriptions/00000000-0000-0000-0000-000000000000/resourceGroups/cli_test_ag_basic000001/providers/Microsoft.Network/applicationGateways/ag1/backendHttpSettingsCollection/appGatewayBackendHttpSettings\"\r\n
        \         }\r\n        },\r\n        \"type\": \"Microsoft.Network/applicationGateways/requestRoutingRules\"\r\n
        \     }\r\n    ],\r\n    \"probes\": [],\r\n    \"rewriteRuleSets\": [],\r\n
        \   \"redirectConfigurations\": [\r\n      {\r\n        \"name\": \"redirect1\",\r\n
        \       \"id\": \"/subscriptions/00000000-0000-0000-0000-000000000000/resourceGroups/cli_test_ag_basic000001/providers/Microsoft.Network/applicationGateways/ag1/redirectConfigurations/redirect1\",\r\n
        \       \"etag\": \"W/\\\"fe6dd489-0d52-40cb-be66-610052343a7f\\\"\",\r\n
        \       \"properties\": {\r\n          \"provisioningState\": \"Updating\",\r\n
        \         \"redirectType\": \"Permanent\",\r\n          \"targetListener\":
        {\r\n            \"id\": \"/subscriptions/00000000-0000-0000-0000-000000000000/resourceGroups/cli_test_ag_basic000001/providers/Microsoft.Network/applicationGateways/ag1/httpListeners/appGatewayHttpListener\"\r\n
        \         },\r\n          \"includePath\": false,\r\n          \"includeQueryString\":
        true\r\n        },\r\n        \"type\": \"Microsoft.Network/applicationGateways/redirectConfigurations\"\r\n
        \     }\r\n    ]\r\n  }\r\n}"
    headers:
      azure-asyncoperation:
      - https://management.azure.com/subscriptions/00000000-0000-0000-0000-000000000000/providers/Microsoft.Network/locations/westus/operations/5fe4bf4d-8bd4-4da7-8aa6-400f819c0326?api-version=2019-02-01
      cache-control:
      - no-cache
      content-length:
      - '10326'
      content-type:
      - application/json; charset=utf-8
      date:
      - Wed, 01 May 2019 20:56:36 GMT
      expires:
      - '-1'
      pragma:
      - no-cache
      server:
      - Microsoft-HTTPAPI/2.0
      - Microsoft-HTTPAPI/2.0
      strict-transport-security:
      - max-age=31536000; includeSubDomains
      transfer-encoding:
      - chunked
      vary:
      - Accept-Encoding
      x-content-type-options:
      - nosniff
      x-ms-ratelimit-remaining-subscription-writes:
      - '1199'
    status:
      code: 200
      message: OK
- request:
    body: null
    headers:
      Accept:
      - application/json
      Accept-Encoding:
      - gzip, deflate
      CommandName:
      - network application-gateway redirect-config show
      Connection:
      - keep-alive
      ParameterSetName:
      - --gateway-name -g -n
      User-Agent:
      - python/3.7.3 (Windows-10-10.0.17763-SP0) msrest/0.6.6 msrest_azure/0.6.0 networkmanagementclient/2.7.0
        Azure-SDK-For-Python AZURECLI/2.0.63
      accept-language:
      - en-US
    method: GET
    uri: https://management.azure.com/subscriptions/00000000-0000-0000-0000-000000000000/resourceGroups/cli_test_ag_basic000001/providers/Microsoft.Network/applicationGateways/ag1?api-version=2019-02-01
  response:
    body:
      string: "{\r\n  \"name\": \"ag1\",\r\n  \"id\": \"/subscriptions/00000000-0000-0000-0000-000000000000/resourceGroups/cli_test_ag_basic000001/providers/Microsoft.Network/applicationGateways/ag1\",\r\n
        \ \"etag\": \"W/\\\"2a383ef3-11f1-4454-b563-09bb22ca7809\\\"\",\r\n  \"type\":
        \"Microsoft.Network/applicationGateways\",\r\n  \"location\": \"westus\",\r\n
        \ \"tags\": {},\r\n  \"properties\": {\r\n    \"provisioningState\": \"Updating\",\r\n
        \   \"resourceGuid\": \"eb2db89a-2a78-4a2b-8d71-d469ed8f85d4\",\r\n    \"sku\":
        {\r\n      \"name\": \"Standard_Medium\",\r\n      \"tier\": \"Standard\",\r\n
        \     \"capacity\": 2\r\n    },\r\n    \"operationalState\": \"Stopped\",\r\n
        \   \"gatewayIPConfigurations\": [\r\n      {\r\n        \"name\": \"appGatewayFrontendIP\",\r\n
        \       \"id\": \"/subscriptions/00000000-0000-0000-0000-000000000000/resourceGroups/cli_test_ag_basic000001/providers/Microsoft.Network/applicationGateways/ag1/gatewayIPConfigurations/appGatewayFrontendIP\",\r\n
        \       \"etag\": \"W/\\\"2a383ef3-11f1-4454-b563-09bb22ca7809\\\"\",\r\n
        \       \"properties\": {\r\n          \"provisioningState\": \"Updating\",\r\n
        \         \"subnet\": {\r\n            \"id\": \"/subscriptions/00000000-0000-0000-0000-000000000000/resourceGroups/cli_test_ag_basic000001/providers/Microsoft.Network/virtualNetworks/ag1Vnet/subnets/default\"\r\n
        \         }\r\n        },\r\n        \"type\": \"Microsoft.Network/applicationGateways/gatewayIPConfigurations\"\r\n
        \     }\r\n    ],\r\n    \"sslCertificates\": [],\r\n    \"authenticationCertificates\":
        [],\r\n    \"frontendIPConfigurations\": [\r\n      {\r\n        \"name\":
        \"appGatewayFrontendIP\",\r\n        \"id\": \"/subscriptions/00000000-0000-0000-0000-000000000000/resourceGroups/cli_test_ag_basic000001/providers/Microsoft.Network/applicationGateways/ag1/frontendIPConfigurations/appGatewayFrontendIP\",\r\n
        \       \"etag\": \"W/\\\"2a383ef3-11f1-4454-b563-09bb22ca7809\\\"\",\r\n
        \       \"type\": \"Microsoft.Network/applicationGateways/frontendIPConfigurations\",\r\n
        \       \"properties\": {\r\n          \"provisioningState\": \"Updating\",\r\n
        \         \"privateIPAllocationMethod\": \"Dynamic\",\r\n          \"subnet\":
        {\r\n            \"id\": \"/subscriptions/00000000-0000-0000-0000-000000000000/resourceGroups/cli_test_ag_basic000001/providers/Microsoft.Network/virtualNetworks/ag1Vnet/subnets/default\"\r\n
        \         },\r\n          \"httpListeners\": [\r\n            {\r\n              \"id\":
        \"/subscriptions/00000000-0000-0000-0000-000000000000/resourceGroups/cli_test_ag_basic000001/providers/Microsoft.Network/applicationGateways/ag1/httpListeners/appGatewayHttpListener\"\r\n
        \           }\r\n          ]\r\n        }\r\n      }\r\n    ],\r\n    \"frontendPorts\":
        [\r\n      {\r\n        \"name\": \"appGatewayFrontendPort\",\r\n        \"id\":
        \"/subscriptions/00000000-0000-0000-0000-000000000000/resourceGroups/cli_test_ag_basic000001/providers/Microsoft.Network/applicationGateways/ag1/frontendPorts/appGatewayFrontendPort\",\r\n
        \       \"etag\": \"W/\\\"2a383ef3-11f1-4454-b563-09bb22ca7809\\\"\",\r\n
        \       \"properties\": {\r\n          \"provisioningState\": \"Updating\",\r\n
        \         \"port\": 80,\r\n          \"httpListeners\": [\r\n            {\r\n
        \             \"id\": \"/subscriptions/00000000-0000-0000-0000-000000000000/resourceGroups/cli_test_ag_basic000001/providers/Microsoft.Network/applicationGateways/ag1/httpListeners/appGatewayHttpListener\"\r\n
        \           }\r\n          ]\r\n        },\r\n        \"type\": \"Microsoft.Network/applicationGateways/frontendPorts\"\r\n
        \     }\r\n    ],\r\n    \"backendAddressPools\": [\r\n      {\r\n        \"name\":
        \"appGatewayBackendPool\",\r\n        \"id\": \"/subscriptions/00000000-0000-0000-0000-000000000000/resourceGroups/cli_test_ag_basic000001/providers/Microsoft.Network/applicationGateways/ag1/backendAddressPools/appGatewayBackendPool\",\r\n
        \       \"etag\": \"W/\\\"2a383ef3-11f1-4454-b563-09bb22ca7809\\\"\",\r\n
        \       \"properties\": {\r\n          \"provisioningState\": \"Updating\",\r\n
        \         \"backendAddresses\": [],\r\n          \"requestRoutingRules\":
        [\r\n            {\r\n              \"id\": \"/subscriptions/00000000-0000-0000-0000-000000000000/resourceGroups/cli_test_ag_basic000001/providers/Microsoft.Network/applicationGateways/ag1/requestRoutingRules/rule1\"\r\n
        \           }\r\n          ]\r\n        },\r\n        \"type\": \"Microsoft.Network/applicationGateways/backendAddressPools\"\r\n
        \     }\r\n    ],\r\n    \"backendHttpSettingsCollection\": [\r\n      {\r\n
        \       \"name\": \"appGatewayBackendHttpSettings\",\r\n        \"id\": \"/subscriptions/00000000-0000-0000-0000-000000000000/resourceGroups/cli_test_ag_basic000001/providers/Microsoft.Network/applicationGateways/ag1/backendHttpSettingsCollection/appGatewayBackendHttpSettings\",\r\n
        \       \"etag\": \"W/\\\"2a383ef3-11f1-4454-b563-09bb22ca7809\\\"\",\r\n
        \       \"properties\": {\r\n          \"provisioningState\": \"Updating\",\r\n
        \         \"port\": 80,\r\n          \"protocol\": \"Http\",\r\n          \"cookieBasedAffinity\":
        \"Disabled\",\r\n          \"connectionDraining\": {\r\n            \"enabled\":
        false,\r\n            \"drainTimeoutInSec\": 1\r\n          },\r\n          \"pickHostNameFromBackendAddress\":
        false,\r\n          \"requestTimeout\": 30,\r\n          \"requestRoutingRules\":
        [\r\n            {\r\n              \"id\": \"/subscriptions/00000000-0000-0000-0000-000000000000/resourceGroups/cli_test_ag_basic000001/providers/Microsoft.Network/applicationGateways/ag1/requestRoutingRules/rule1\"\r\n
        \           }\r\n          ]\r\n        },\r\n        \"type\": \"Microsoft.Network/applicationGateways/backendHttpSettingsCollection\"\r\n
        \     }\r\n    ],\r\n    \"httpListeners\": [\r\n      {\r\n        \"name\":
        \"appGatewayHttpListener\",\r\n        \"id\": \"/subscriptions/00000000-0000-0000-0000-000000000000/resourceGroups/cli_test_ag_basic000001/providers/Microsoft.Network/applicationGateways/ag1/httpListeners/appGatewayHttpListener\",\r\n
        \       \"etag\": \"W/\\\"2a383ef3-11f1-4454-b563-09bb22ca7809\\\"\",\r\n
        \       \"properties\": {\r\n          \"provisioningState\": \"Updating\",\r\n
        \         \"frontendIPConfiguration\": {\r\n            \"id\": \"/subscriptions/00000000-0000-0000-0000-000000000000/resourceGroups/cli_test_ag_basic000001/providers/Microsoft.Network/applicationGateways/ag1/frontendIPConfigurations/appGatewayFrontendIP\"\r\n
        \         },\r\n          \"frontendPort\": {\r\n            \"id\": \"/subscriptions/00000000-0000-0000-0000-000000000000/resourceGroups/cli_test_ag_basic000001/providers/Microsoft.Network/applicationGateways/ag1/frontendPorts/appGatewayFrontendPort\"\r\n
        \         },\r\n          \"protocol\": \"Http\",\r\n          \"requireServerNameIndication\":
        false,\r\n          \"requestRoutingRules\": [\r\n            {\r\n              \"id\":
        \"/subscriptions/00000000-0000-0000-0000-000000000000/resourceGroups/cli_test_ag_basic000001/providers/Microsoft.Network/applicationGateways/ag1/requestRoutingRules/rule1\"\r\n
        \           }\r\n          ],\r\n          \"redirectConfiguration\": [\r\n
        \           {\r\n              \"id\": \"/subscriptions/00000000-0000-0000-0000-000000000000/resourceGroups/cli_test_ag_basic000001/providers/Microsoft.Network/applicationGateways/ag1/redirectConfigurations/redirect1\"\r\n
        \           }\r\n          ]\r\n        },\r\n        \"type\": \"Microsoft.Network/applicationGateways/httpListeners\"\r\n
        \     }\r\n    ],\r\n    \"urlPathMaps\": [],\r\n    \"requestRoutingRules\":
        [\r\n      {\r\n        \"name\": \"rule1\",\r\n        \"id\": \"/subscriptions/00000000-0000-0000-0000-000000000000/resourceGroups/cli_test_ag_basic000001/providers/Microsoft.Network/applicationGateways/ag1/requestRoutingRules/rule1\",\r\n
        \       \"etag\": \"W/\\\"2a383ef3-11f1-4454-b563-09bb22ca7809\\\"\",\r\n
        \       \"properties\": {\r\n          \"provisioningState\": \"Updating\",\r\n
        \         \"ruleType\": \"Basic\",\r\n          \"httpListener\": {\r\n            \"id\":
        \"/subscriptions/00000000-0000-0000-0000-000000000000/resourceGroups/cli_test_ag_basic000001/providers/Microsoft.Network/applicationGateways/ag1/httpListeners/appGatewayHttpListener\"\r\n
        \         },\r\n          \"backendAddressPool\": {\r\n            \"id\":
        \"/subscriptions/00000000-0000-0000-0000-000000000000/resourceGroups/cli_test_ag_basic000001/providers/Microsoft.Network/applicationGateways/ag1/backendAddressPools/appGatewayBackendPool\"\r\n
        \         },\r\n          \"backendHttpSettings\": {\r\n            \"id\":
        \"/subscriptions/00000000-0000-0000-0000-000000000000/resourceGroups/cli_test_ag_basic000001/providers/Microsoft.Network/applicationGateways/ag1/backendHttpSettingsCollection/appGatewayBackendHttpSettings\"\r\n
        \         }\r\n        },\r\n        \"type\": \"Microsoft.Network/applicationGateways/requestRoutingRules\"\r\n
        \     }\r\n    ],\r\n    \"probes\": [],\r\n    \"rewriteRuleSets\": [],\r\n
        \   \"redirectConfigurations\": [\r\n      {\r\n        \"name\": \"redirect1\",\r\n
        \       \"id\": \"/subscriptions/00000000-0000-0000-0000-000000000000/resourceGroups/cli_test_ag_basic000001/providers/Microsoft.Network/applicationGateways/ag1/redirectConfigurations/redirect1\",\r\n
        \       \"etag\": \"W/\\\"2a383ef3-11f1-4454-b563-09bb22ca7809\\\"\",\r\n
        \       \"properties\": {\r\n          \"provisioningState\": \"Updating\",\r\n
        \         \"redirectType\": \"Permanent\",\r\n          \"targetListener\":
        {\r\n            \"id\": \"/subscriptions/00000000-0000-0000-0000-000000000000/resourceGroups/cli_test_ag_basic000001/providers/Microsoft.Network/applicationGateways/ag1/httpListeners/appGatewayHttpListener\"\r\n
        \         },\r\n          \"includePath\": false,\r\n          \"includeQueryString\":
        true\r\n        },\r\n        \"type\": \"Microsoft.Network/applicationGateways/redirectConfigurations\"\r\n
        \     }\r\n    ]\r\n  }\r\n}"
    headers:
      cache-control:
      - no-cache
      content-length:
      - '10326'
      content-type:
      - application/json; charset=utf-8
      date:
      - Wed, 01 May 2019 20:56:37 GMT
      etag:
      - W/"2a383ef3-11f1-4454-b563-09bb22ca7809"
      expires:
      - '-1'
      pragma:
      - no-cache
      server:
      - Microsoft-HTTPAPI/2.0
      - Microsoft-HTTPAPI/2.0
      strict-transport-security:
      - max-age=31536000; includeSubDomains
      transfer-encoding:
      - chunked
      vary:
      - Accept-Encoding
      x-content-type-options:
      - nosniff
    status:
      code: 200
      message: OK
- request:
    body: null
    headers:
      Accept:
      - application/json
      Accept-Encoding:
      - gzip, deflate
      CommandName:
      - network application-gateway redirect-config update
      Connection:
      - keep-alive
      ParameterSetName:
      - --gateway-name -g -n --include-path --include-query-string --no-wait
      User-Agent:
      - python/3.7.3 (Windows-10-10.0.17763-SP0) msrest/0.6.6 msrest_azure/0.6.0 networkmanagementclient/2.7.0
        Azure-SDK-For-Python AZURECLI/2.0.63
      accept-language:
      - en-US
    method: GET
    uri: https://management.azure.com/subscriptions/00000000-0000-0000-0000-000000000000/resourceGroups/cli_test_ag_basic000001/providers/Microsoft.Network/applicationGateways/ag1?api-version=2019-02-01
  response:
    body:
      string: "{\r\n  \"name\": \"ag1\",\r\n  \"id\": \"/subscriptions/00000000-0000-0000-0000-000000000000/resourceGroups/cli_test_ag_basic000001/providers/Microsoft.Network/applicationGateways/ag1\",\r\n
        \ \"etag\": \"W/\\\"2a383ef3-11f1-4454-b563-09bb22ca7809\\\"\",\r\n  \"type\":
        \"Microsoft.Network/applicationGateways\",\r\n  \"location\": \"westus\",\r\n
        \ \"tags\": {},\r\n  \"properties\": {\r\n    \"provisioningState\": \"Updating\",\r\n
        \   \"resourceGuid\": \"eb2db89a-2a78-4a2b-8d71-d469ed8f85d4\",\r\n    \"sku\":
        {\r\n      \"name\": \"Standard_Medium\",\r\n      \"tier\": \"Standard\",\r\n
        \     \"capacity\": 2\r\n    },\r\n    \"operationalState\": \"Stopped\",\r\n
        \   \"gatewayIPConfigurations\": [\r\n      {\r\n        \"name\": \"appGatewayFrontendIP\",\r\n
        \       \"id\": \"/subscriptions/00000000-0000-0000-0000-000000000000/resourceGroups/cli_test_ag_basic000001/providers/Microsoft.Network/applicationGateways/ag1/gatewayIPConfigurations/appGatewayFrontendIP\",\r\n
        \       \"etag\": \"W/\\\"2a383ef3-11f1-4454-b563-09bb22ca7809\\\"\",\r\n
        \       \"properties\": {\r\n          \"provisioningState\": \"Updating\",\r\n
        \         \"subnet\": {\r\n            \"id\": \"/subscriptions/00000000-0000-0000-0000-000000000000/resourceGroups/cli_test_ag_basic000001/providers/Microsoft.Network/virtualNetworks/ag1Vnet/subnets/default\"\r\n
        \         }\r\n        },\r\n        \"type\": \"Microsoft.Network/applicationGateways/gatewayIPConfigurations\"\r\n
        \     }\r\n    ],\r\n    \"sslCertificates\": [],\r\n    \"authenticationCertificates\":
        [],\r\n    \"frontendIPConfigurations\": [\r\n      {\r\n        \"name\":
        \"appGatewayFrontendIP\",\r\n        \"id\": \"/subscriptions/00000000-0000-0000-0000-000000000000/resourceGroups/cli_test_ag_basic000001/providers/Microsoft.Network/applicationGateways/ag1/frontendIPConfigurations/appGatewayFrontendIP\",\r\n
        \       \"etag\": \"W/\\\"2a383ef3-11f1-4454-b563-09bb22ca7809\\\"\",\r\n
        \       \"type\": \"Microsoft.Network/applicationGateways/frontendIPConfigurations\",\r\n
        \       \"properties\": {\r\n          \"provisioningState\": \"Updating\",\r\n
        \         \"privateIPAllocationMethod\": \"Dynamic\",\r\n          \"subnet\":
        {\r\n            \"id\": \"/subscriptions/00000000-0000-0000-0000-000000000000/resourceGroups/cli_test_ag_basic000001/providers/Microsoft.Network/virtualNetworks/ag1Vnet/subnets/default\"\r\n
        \         },\r\n          \"httpListeners\": [\r\n            {\r\n              \"id\":
        \"/subscriptions/00000000-0000-0000-0000-000000000000/resourceGroups/cli_test_ag_basic000001/providers/Microsoft.Network/applicationGateways/ag1/httpListeners/appGatewayHttpListener\"\r\n
        \           }\r\n          ]\r\n        }\r\n      }\r\n    ],\r\n    \"frontendPorts\":
        [\r\n      {\r\n        \"name\": \"appGatewayFrontendPort\",\r\n        \"id\":
        \"/subscriptions/00000000-0000-0000-0000-000000000000/resourceGroups/cli_test_ag_basic000001/providers/Microsoft.Network/applicationGateways/ag1/frontendPorts/appGatewayFrontendPort\",\r\n
        \       \"etag\": \"W/\\\"2a383ef3-11f1-4454-b563-09bb22ca7809\\\"\",\r\n
        \       \"properties\": {\r\n          \"provisioningState\": \"Updating\",\r\n
        \         \"port\": 80,\r\n          \"httpListeners\": [\r\n            {\r\n
        \             \"id\": \"/subscriptions/00000000-0000-0000-0000-000000000000/resourceGroups/cli_test_ag_basic000001/providers/Microsoft.Network/applicationGateways/ag1/httpListeners/appGatewayHttpListener\"\r\n
        \           }\r\n          ]\r\n        },\r\n        \"type\": \"Microsoft.Network/applicationGateways/frontendPorts\"\r\n
        \     }\r\n    ],\r\n    \"backendAddressPools\": [\r\n      {\r\n        \"name\":
        \"appGatewayBackendPool\",\r\n        \"id\": \"/subscriptions/00000000-0000-0000-0000-000000000000/resourceGroups/cli_test_ag_basic000001/providers/Microsoft.Network/applicationGateways/ag1/backendAddressPools/appGatewayBackendPool\",\r\n
        \       \"etag\": \"W/\\\"2a383ef3-11f1-4454-b563-09bb22ca7809\\\"\",\r\n
        \       \"properties\": {\r\n          \"provisioningState\": \"Updating\",\r\n
        \         \"backendAddresses\": [],\r\n          \"requestRoutingRules\":
        [\r\n            {\r\n              \"id\": \"/subscriptions/00000000-0000-0000-0000-000000000000/resourceGroups/cli_test_ag_basic000001/providers/Microsoft.Network/applicationGateways/ag1/requestRoutingRules/rule1\"\r\n
        \           }\r\n          ]\r\n        },\r\n        \"type\": \"Microsoft.Network/applicationGateways/backendAddressPools\"\r\n
        \     }\r\n    ],\r\n    \"backendHttpSettingsCollection\": [\r\n      {\r\n
        \       \"name\": \"appGatewayBackendHttpSettings\",\r\n        \"id\": \"/subscriptions/00000000-0000-0000-0000-000000000000/resourceGroups/cli_test_ag_basic000001/providers/Microsoft.Network/applicationGateways/ag1/backendHttpSettingsCollection/appGatewayBackendHttpSettings\",\r\n
        \       \"etag\": \"W/\\\"2a383ef3-11f1-4454-b563-09bb22ca7809\\\"\",\r\n
        \       \"properties\": {\r\n          \"provisioningState\": \"Updating\",\r\n
        \         \"port\": 80,\r\n          \"protocol\": \"Http\",\r\n          \"cookieBasedAffinity\":
        \"Disabled\",\r\n          \"connectionDraining\": {\r\n            \"enabled\":
        false,\r\n            \"drainTimeoutInSec\": 1\r\n          },\r\n          \"pickHostNameFromBackendAddress\":
        false,\r\n          \"requestTimeout\": 30,\r\n          \"requestRoutingRules\":
        [\r\n            {\r\n              \"id\": \"/subscriptions/00000000-0000-0000-0000-000000000000/resourceGroups/cli_test_ag_basic000001/providers/Microsoft.Network/applicationGateways/ag1/requestRoutingRules/rule1\"\r\n
        \           }\r\n          ]\r\n        },\r\n        \"type\": \"Microsoft.Network/applicationGateways/backendHttpSettingsCollection\"\r\n
        \     }\r\n    ],\r\n    \"httpListeners\": [\r\n      {\r\n        \"name\":
        \"appGatewayHttpListener\",\r\n        \"id\": \"/subscriptions/00000000-0000-0000-0000-000000000000/resourceGroups/cli_test_ag_basic000001/providers/Microsoft.Network/applicationGateways/ag1/httpListeners/appGatewayHttpListener\",\r\n
        \       \"etag\": \"W/\\\"2a383ef3-11f1-4454-b563-09bb22ca7809\\\"\",\r\n
        \       \"properties\": {\r\n          \"provisioningState\": \"Updating\",\r\n
        \         \"frontendIPConfiguration\": {\r\n            \"id\": \"/subscriptions/00000000-0000-0000-0000-000000000000/resourceGroups/cli_test_ag_basic000001/providers/Microsoft.Network/applicationGateways/ag1/frontendIPConfigurations/appGatewayFrontendIP\"\r\n
        \         },\r\n          \"frontendPort\": {\r\n            \"id\": \"/subscriptions/00000000-0000-0000-0000-000000000000/resourceGroups/cli_test_ag_basic000001/providers/Microsoft.Network/applicationGateways/ag1/frontendPorts/appGatewayFrontendPort\"\r\n
        \         },\r\n          \"protocol\": \"Http\",\r\n          \"requireServerNameIndication\":
        false,\r\n          \"requestRoutingRules\": [\r\n            {\r\n              \"id\":
        \"/subscriptions/00000000-0000-0000-0000-000000000000/resourceGroups/cli_test_ag_basic000001/providers/Microsoft.Network/applicationGateways/ag1/requestRoutingRules/rule1\"\r\n
        \           }\r\n          ],\r\n          \"redirectConfiguration\": [\r\n
        \           {\r\n              \"id\": \"/subscriptions/00000000-0000-0000-0000-000000000000/resourceGroups/cli_test_ag_basic000001/providers/Microsoft.Network/applicationGateways/ag1/redirectConfigurations/redirect1\"\r\n
        \           }\r\n          ]\r\n        },\r\n        \"type\": \"Microsoft.Network/applicationGateways/httpListeners\"\r\n
        \     }\r\n    ],\r\n    \"urlPathMaps\": [],\r\n    \"requestRoutingRules\":
        [\r\n      {\r\n        \"name\": \"rule1\",\r\n        \"id\": \"/subscriptions/00000000-0000-0000-0000-000000000000/resourceGroups/cli_test_ag_basic000001/providers/Microsoft.Network/applicationGateways/ag1/requestRoutingRules/rule1\",\r\n
        \       \"etag\": \"W/\\\"2a383ef3-11f1-4454-b563-09bb22ca7809\\\"\",\r\n
        \       \"properties\": {\r\n          \"provisioningState\": \"Updating\",\r\n
        \         \"ruleType\": \"Basic\",\r\n          \"httpListener\": {\r\n            \"id\":
        \"/subscriptions/00000000-0000-0000-0000-000000000000/resourceGroups/cli_test_ag_basic000001/providers/Microsoft.Network/applicationGateways/ag1/httpListeners/appGatewayHttpListener\"\r\n
        \         },\r\n          \"backendAddressPool\": {\r\n            \"id\":
        \"/subscriptions/00000000-0000-0000-0000-000000000000/resourceGroups/cli_test_ag_basic000001/providers/Microsoft.Network/applicationGateways/ag1/backendAddressPools/appGatewayBackendPool\"\r\n
        \         },\r\n          \"backendHttpSettings\": {\r\n            \"id\":
        \"/subscriptions/00000000-0000-0000-0000-000000000000/resourceGroups/cli_test_ag_basic000001/providers/Microsoft.Network/applicationGateways/ag1/backendHttpSettingsCollection/appGatewayBackendHttpSettings\"\r\n
        \         }\r\n        },\r\n        \"type\": \"Microsoft.Network/applicationGateways/requestRoutingRules\"\r\n
        \     }\r\n    ],\r\n    \"probes\": [],\r\n    \"rewriteRuleSets\": [],\r\n
        \   \"redirectConfigurations\": [\r\n      {\r\n        \"name\": \"redirect1\",\r\n
        \       \"id\": \"/subscriptions/00000000-0000-0000-0000-000000000000/resourceGroups/cli_test_ag_basic000001/providers/Microsoft.Network/applicationGateways/ag1/redirectConfigurations/redirect1\",\r\n
        \       \"etag\": \"W/\\\"2a383ef3-11f1-4454-b563-09bb22ca7809\\\"\",\r\n
        \       \"properties\": {\r\n          \"provisioningState\": \"Updating\",\r\n
        \         \"redirectType\": \"Permanent\",\r\n          \"targetListener\":
        {\r\n            \"id\": \"/subscriptions/00000000-0000-0000-0000-000000000000/resourceGroups/cli_test_ag_basic000001/providers/Microsoft.Network/applicationGateways/ag1/httpListeners/appGatewayHttpListener\"\r\n
        \         },\r\n          \"includePath\": false,\r\n          \"includeQueryString\":
        true\r\n        },\r\n        \"type\": \"Microsoft.Network/applicationGateways/redirectConfigurations\"\r\n
        \     }\r\n    ]\r\n  }\r\n}"
    headers:
      cache-control:
      - no-cache
      content-length:
      - '10326'
      content-type:
      - application/json; charset=utf-8
      date:
      - Wed, 01 May 2019 20:56:37 GMT
      etag:
      - W/"2a383ef3-11f1-4454-b563-09bb22ca7809"
      expires:
      - '-1'
      pragma:
      - no-cache
      server:
      - Microsoft-HTTPAPI/2.0
      - Microsoft-HTTPAPI/2.0
      strict-transport-security:
      - max-age=31536000; includeSubDomains
      transfer-encoding:
      - chunked
      vary:
      - Accept-Encoding
      x-content-type-options:
      - nosniff
    status:
      code: 200
      message: OK
- request:
    body: 'b''{"id": "/subscriptions/00000000-0000-0000-0000-000000000000/resourceGroups/cli_test_ag_basic000001/providers/Microsoft.Network/applicationGateways/ag1",
      "location": "westus", "tags": {}, "properties": {"sku": {"name": "Standard_Medium",
      "tier": "Standard", "capacity": 2}, "gatewayIPConfigurations": [{"id": "/subscriptions/00000000-0000-0000-0000-000000000000/resourceGroups/cli_test_ag_basic000001/providers/Microsoft.Network/applicationGateways/ag1/gatewayIPConfigurations/appGatewayFrontendIP",
      "properties": {"subnet": {"id": "/subscriptions/00000000-0000-0000-0000-000000000000/resourceGroups/cli_test_ag_basic000001/providers/Microsoft.Network/virtualNetworks/ag1Vnet/subnets/default"},
      "provisioningState": "Updating"}, "name": "appGatewayFrontendIP", "etag": "W/\\"2a383ef3-11f1-4454-b563-09bb22ca7809\\"",
      "type": "Microsoft.Network/applicationGateways/gatewayIPConfigurations"}], "authenticationCertificates":
      [], "sslCertificates": [], "frontendIPConfigurations": [{"id": "/subscriptions/00000000-0000-0000-0000-000000000000/resourceGroups/cli_test_ag_basic000001/providers/Microsoft.Network/applicationGateways/ag1/frontendIPConfigurations/appGatewayFrontendIP",
      "properties": {"privateIPAllocationMethod": "Dynamic", "subnet": {"id": "/subscriptions/00000000-0000-0000-0000-000000000000/resourceGroups/cli_test_ag_basic000001/providers/Microsoft.Network/virtualNetworks/ag1Vnet/subnets/default"},
      "provisioningState": "Updating"}, "name": "appGatewayFrontendIP", "etag": "W/\\"2a383ef3-11f1-4454-b563-09bb22ca7809\\"",
      "type": "Microsoft.Network/applicationGateways/frontendIPConfigurations"}],
      "frontendPorts": [{"id": "/subscriptions/00000000-0000-0000-0000-000000000000/resourceGroups/cli_test_ag_basic000001/providers/Microsoft.Network/applicationGateways/ag1/frontendPorts/appGatewayFrontendPort",
      "properties": {"port": 80, "provisioningState": "Updating"}, "name": "appGatewayFrontendPort",
      "etag": "W/\\"2a383ef3-11f1-4454-b563-09bb22ca7809\\"", "type": "Microsoft.Network/applicationGateways/frontendPorts"}],
      "probes": [], "backendAddressPools": [{"id": "/subscriptions/00000000-0000-0000-0000-000000000000/resourceGroups/cli_test_ag_basic000001/providers/Microsoft.Network/applicationGateways/ag1/backendAddressPools/appGatewayBackendPool",
      "properties": {"backendAddresses": [], "provisioningState": "Updating"}, "name":
      "appGatewayBackendPool", "etag": "W/\\"2a383ef3-11f1-4454-b563-09bb22ca7809\\"",
      "type": "Microsoft.Network/applicationGateways/backendAddressPools"}], "backendHttpSettingsCollection":
      [{"id": "/subscriptions/00000000-0000-0000-0000-000000000000/resourceGroups/cli_test_ag_basic000001/providers/Microsoft.Network/applicationGateways/ag1/backendHttpSettingsCollection/appGatewayBackendHttpSettings",
      "properties": {"port": 80, "protocol": "Http", "cookieBasedAffinity": "Disabled",
      "requestTimeout": 30, "connectionDraining": {"enabled": false, "drainTimeoutInSec":
      1}, "pickHostNameFromBackendAddress": false, "provisioningState": "Updating"},
      "name": "appGatewayBackendHttpSettings", "etag": "W/\\"2a383ef3-11f1-4454-b563-09bb22ca7809\\"",
      "type": "Microsoft.Network/applicationGateways/backendHttpSettingsCollection"}],
      "httpListeners": [{"id": "/subscriptions/00000000-0000-0000-0000-000000000000/resourceGroups/cli_test_ag_basic000001/providers/Microsoft.Network/applicationGateways/ag1/httpListeners/appGatewayHttpListener",
      "properties": {"frontendIPConfiguration": {"id": "/subscriptions/00000000-0000-0000-0000-000000000000/resourceGroups/cli_test_ag_basic000001/providers/Microsoft.Network/applicationGateways/ag1/frontendIPConfigurations/appGatewayFrontendIP"},
      "frontendPort": {"id": "/subscriptions/00000000-0000-0000-0000-000000000000/resourceGroups/cli_test_ag_basic000001/providers/Microsoft.Network/applicationGateways/ag1/frontendPorts/appGatewayFrontendPort"},
      "protocol": "Http", "requireServerNameIndication": false, "provisioningState":
      "Updating"}, "name": "appGatewayHttpListener", "etag": "W/\\"2a383ef3-11f1-4454-b563-09bb22ca7809\\"",
      "type": "Microsoft.Network/applicationGateways/httpListeners"}], "urlPathMaps":
      [], "requestRoutingRules": [{"id": "/subscriptions/00000000-0000-0000-0000-000000000000/resourceGroups/cli_test_ag_basic000001/providers/Microsoft.Network/applicationGateways/ag1/requestRoutingRules/rule1",
      "properties": {"ruleType": "Basic", "backendAddressPool": {"id": "/subscriptions/00000000-0000-0000-0000-000000000000/resourceGroups/cli_test_ag_basic000001/providers/Microsoft.Network/applicationGateways/ag1/backendAddressPools/appGatewayBackendPool"},
      "backendHttpSettings": {"id": "/subscriptions/00000000-0000-0000-0000-000000000000/resourceGroups/cli_test_ag_basic000001/providers/Microsoft.Network/applicationGateways/ag1/backendHttpSettingsCollection/appGatewayBackendHttpSettings"},
      "httpListener": {"id": "/subscriptions/00000000-0000-0000-0000-000000000000/resourceGroups/cli_test_ag_basic000001/providers/Microsoft.Network/applicationGateways/ag1/httpListeners/appGatewayHttpListener"},
      "provisioningState": "Updating"}, "name": "rule1", "etag": "W/\\"2a383ef3-11f1-4454-b563-09bb22ca7809\\"",
      "type": "Microsoft.Network/applicationGateways/requestRoutingRules"}], "rewriteRuleSets":
      [], "redirectConfigurations": [{"id": "/subscriptions/00000000-0000-0000-0000-000000000000/resourceGroups/cli_test_ag_basic000001/providers/Microsoft.Network/applicationGateways/ag1/redirectConfigurations/redirect1",
      "properties": {"redirectType": "Permanent", "targetListener": {"id": "/subscriptions/00000000-0000-0000-0000-000000000000/resourceGroups/cli_test_ag_basic000001/providers/Microsoft.Network/applicationGateways/ag1/httpListeners/appGatewayHttpListener"},
      "includePath": true, "includeQueryString": false}, "name": "redirect1", "etag":
      "W/\\"2a383ef3-11f1-4454-b563-09bb22ca7809\\"", "type": "Microsoft.Network/applicationGateways/redirectConfigurations"}],
      "resourceGuid": "eb2db89a-2a78-4a2b-8d71-d469ed8f85d4", "provisioningState":
      "Updating"}, "etag": "W/\\"2a383ef3-11f1-4454-b563-09bb22ca7809\\""}'''
    headers:
      Accept:
      - application/json
      Accept-Encoding:
      - gzip, deflate
      CommandName:
      - network application-gateway redirect-config update
      Connection:
      - keep-alive
      Content-Length:
      - '6873'
      Content-Type:
      - application/json; charset=utf-8
      ParameterSetName:
      - --gateway-name -g -n --include-path --include-query-string --no-wait
      User-Agent:
      - python/3.7.3 (Windows-10-10.0.17763-SP0) msrest/0.6.6 msrest_azure/0.6.0 networkmanagementclient/2.7.0
        Azure-SDK-For-Python AZURECLI/2.0.63
      accept-language:
      - en-US
    method: PUT
    uri: https://management.azure.com/subscriptions/00000000-0000-0000-0000-000000000000/resourceGroups/cli_test_ag_basic000001/providers/Microsoft.Network/applicationGateways/ag1?api-version=2019-02-01
  response:
    body:
      string: "{\r\n  \"name\": \"ag1\",\r\n  \"id\": \"/subscriptions/00000000-0000-0000-0000-000000000000/resourceGroups/cli_test_ag_basic000001/providers/Microsoft.Network/applicationGateways/ag1\",\r\n
        \ \"etag\": \"W/\\\"22081cb8-0a5c-4f64-84d2-b89b5628364b\\\"\",\r\n  \"type\":
        \"Microsoft.Network/applicationGateways\",\r\n  \"location\": \"westus\",\r\n
        \ \"tags\": {},\r\n  \"properties\": {\r\n    \"provisioningState\": \"Updating\",\r\n
        \   \"resourceGuid\": \"eb2db89a-2a78-4a2b-8d71-d469ed8f85d4\",\r\n    \"sku\":
        {\r\n      \"name\": \"Standard_Medium\",\r\n      \"tier\": \"Standard\",\r\n
        \     \"capacity\": 2\r\n    },\r\n    \"operationalState\": \"Stopped\",\r\n
        \   \"gatewayIPConfigurations\": [\r\n      {\r\n        \"name\": \"appGatewayFrontendIP\",\r\n
        \       \"id\": \"/subscriptions/00000000-0000-0000-0000-000000000000/resourceGroups/cli_test_ag_basic000001/providers/Microsoft.Network/applicationGateways/ag1/gatewayIPConfigurations/appGatewayFrontendIP\",\r\n
        \       \"etag\": \"W/\\\"22081cb8-0a5c-4f64-84d2-b89b5628364b\\\"\",\r\n
        \       \"properties\": {\r\n          \"provisioningState\": \"Updating\",\r\n
        \         \"subnet\": {\r\n            \"id\": \"/subscriptions/00000000-0000-0000-0000-000000000000/resourceGroups/cli_test_ag_basic000001/providers/Microsoft.Network/virtualNetworks/ag1Vnet/subnets/default\"\r\n
        \         }\r\n        },\r\n        \"type\": \"Microsoft.Network/applicationGateways/gatewayIPConfigurations\"\r\n
        \     }\r\n    ],\r\n    \"sslCertificates\": [],\r\n    \"authenticationCertificates\":
        [],\r\n    \"frontendIPConfigurations\": [\r\n      {\r\n        \"name\":
        \"appGatewayFrontendIP\",\r\n        \"id\": \"/subscriptions/00000000-0000-0000-0000-000000000000/resourceGroups/cli_test_ag_basic000001/providers/Microsoft.Network/applicationGateways/ag1/frontendIPConfigurations/appGatewayFrontendIP\",\r\n
        \       \"etag\": \"W/\\\"22081cb8-0a5c-4f64-84d2-b89b5628364b\\\"\",\r\n
        \       \"type\": \"Microsoft.Network/applicationGateways/frontendIPConfigurations\",\r\n
        \       \"properties\": {\r\n          \"provisioningState\": \"Updating\",\r\n
        \         \"privateIPAllocationMethod\": \"Dynamic\",\r\n          \"subnet\":
        {\r\n            \"id\": \"/subscriptions/00000000-0000-0000-0000-000000000000/resourceGroups/cli_test_ag_basic000001/providers/Microsoft.Network/virtualNetworks/ag1Vnet/subnets/default\"\r\n
        \         },\r\n          \"httpListeners\": [\r\n            {\r\n              \"id\":
        \"/subscriptions/00000000-0000-0000-0000-000000000000/resourceGroups/cli_test_ag_basic000001/providers/Microsoft.Network/applicationGateways/ag1/httpListeners/appGatewayHttpListener\"\r\n
        \           }\r\n          ]\r\n        }\r\n      }\r\n    ],\r\n    \"frontendPorts\":
        [\r\n      {\r\n        \"name\": \"appGatewayFrontendPort\",\r\n        \"id\":
        \"/subscriptions/00000000-0000-0000-0000-000000000000/resourceGroups/cli_test_ag_basic000001/providers/Microsoft.Network/applicationGateways/ag1/frontendPorts/appGatewayFrontendPort\",\r\n
        \       \"etag\": \"W/\\\"22081cb8-0a5c-4f64-84d2-b89b5628364b\\\"\",\r\n
        \       \"properties\": {\r\n          \"provisioningState\": \"Updating\",\r\n
        \         \"port\": 80,\r\n          \"httpListeners\": [\r\n            {\r\n
        \             \"id\": \"/subscriptions/00000000-0000-0000-0000-000000000000/resourceGroups/cli_test_ag_basic000001/providers/Microsoft.Network/applicationGateways/ag1/httpListeners/appGatewayHttpListener\"\r\n
        \           }\r\n          ]\r\n        },\r\n        \"type\": \"Microsoft.Network/applicationGateways/frontendPorts\"\r\n
        \     }\r\n    ],\r\n    \"backendAddressPools\": [\r\n      {\r\n        \"name\":
        \"appGatewayBackendPool\",\r\n        \"id\": \"/subscriptions/00000000-0000-0000-0000-000000000000/resourceGroups/cli_test_ag_basic000001/providers/Microsoft.Network/applicationGateways/ag1/backendAddressPools/appGatewayBackendPool\",\r\n
        \       \"etag\": \"W/\\\"22081cb8-0a5c-4f64-84d2-b89b5628364b\\\"\",\r\n
        \       \"properties\": {\r\n          \"provisioningState\": \"Updating\",\r\n
        \         \"backendAddresses\": [],\r\n          \"requestRoutingRules\":
        [\r\n            {\r\n              \"id\": \"/subscriptions/00000000-0000-0000-0000-000000000000/resourceGroups/cli_test_ag_basic000001/providers/Microsoft.Network/applicationGateways/ag1/requestRoutingRules/rule1\"\r\n
        \           }\r\n          ]\r\n        },\r\n        \"type\": \"Microsoft.Network/applicationGateways/backendAddressPools\"\r\n
        \     }\r\n    ],\r\n    \"backendHttpSettingsCollection\": [\r\n      {\r\n
        \       \"name\": \"appGatewayBackendHttpSettings\",\r\n        \"id\": \"/subscriptions/00000000-0000-0000-0000-000000000000/resourceGroups/cli_test_ag_basic000001/providers/Microsoft.Network/applicationGateways/ag1/backendHttpSettingsCollection/appGatewayBackendHttpSettings\",\r\n
        \       \"etag\": \"W/\\\"22081cb8-0a5c-4f64-84d2-b89b5628364b\\\"\",\r\n
        \       \"properties\": {\r\n          \"provisioningState\": \"Updating\",\r\n
        \         \"port\": 80,\r\n          \"protocol\": \"Http\",\r\n          \"cookieBasedAffinity\":
        \"Disabled\",\r\n          \"connectionDraining\": {\r\n            \"enabled\":
        false,\r\n            \"drainTimeoutInSec\": 1\r\n          },\r\n          \"pickHostNameFromBackendAddress\":
        false,\r\n          \"requestTimeout\": 30,\r\n          \"requestRoutingRules\":
        [\r\n            {\r\n              \"id\": \"/subscriptions/00000000-0000-0000-0000-000000000000/resourceGroups/cli_test_ag_basic000001/providers/Microsoft.Network/applicationGateways/ag1/requestRoutingRules/rule1\"\r\n
        \           }\r\n          ]\r\n        },\r\n        \"type\": \"Microsoft.Network/applicationGateways/backendHttpSettingsCollection\"\r\n
        \     }\r\n    ],\r\n    \"httpListeners\": [\r\n      {\r\n        \"name\":
        \"appGatewayHttpListener\",\r\n        \"id\": \"/subscriptions/00000000-0000-0000-0000-000000000000/resourceGroups/cli_test_ag_basic000001/providers/Microsoft.Network/applicationGateways/ag1/httpListeners/appGatewayHttpListener\",\r\n
        \       \"etag\": \"W/\\\"22081cb8-0a5c-4f64-84d2-b89b5628364b\\\"\",\r\n
        \       \"properties\": {\r\n          \"provisioningState\": \"Updating\",\r\n
        \         \"frontendIPConfiguration\": {\r\n            \"id\": \"/subscriptions/00000000-0000-0000-0000-000000000000/resourceGroups/cli_test_ag_basic000001/providers/Microsoft.Network/applicationGateways/ag1/frontendIPConfigurations/appGatewayFrontendIP\"\r\n
        \         },\r\n          \"frontendPort\": {\r\n            \"id\": \"/subscriptions/00000000-0000-0000-0000-000000000000/resourceGroups/cli_test_ag_basic000001/providers/Microsoft.Network/applicationGateways/ag1/frontendPorts/appGatewayFrontendPort\"\r\n
        \         },\r\n          \"protocol\": \"Http\",\r\n          \"requireServerNameIndication\":
        false,\r\n          \"requestRoutingRules\": [\r\n            {\r\n              \"id\":
        \"/subscriptions/00000000-0000-0000-0000-000000000000/resourceGroups/cli_test_ag_basic000001/providers/Microsoft.Network/applicationGateways/ag1/requestRoutingRules/rule1\"\r\n
        \           }\r\n          ],\r\n          \"redirectConfiguration\": [\r\n
        \           {\r\n              \"id\": \"/subscriptions/00000000-0000-0000-0000-000000000000/resourceGroups/cli_test_ag_basic000001/providers/Microsoft.Network/applicationGateways/ag1/redirectConfigurations/redirect1\"\r\n
        \           }\r\n          ]\r\n        },\r\n        \"type\": \"Microsoft.Network/applicationGateways/httpListeners\"\r\n
        \     }\r\n    ],\r\n    \"urlPathMaps\": [],\r\n    \"requestRoutingRules\":
        [\r\n      {\r\n        \"name\": \"rule1\",\r\n        \"id\": \"/subscriptions/00000000-0000-0000-0000-000000000000/resourceGroups/cli_test_ag_basic000001/providers/Microsoft.Network/applicationGateways/ag1/requestRoutingRules/rule1\",\r\n
        \       \"etag\": \"W/\\\"22081cb8-0a5c-4f64-84d2-b89b5628364b\\\"\",\r\n
        \       \"properties\": {\r\n          \"provisioningState\": \"Updating\",\r\n
        \         \"ruleType\": \"Basic\",\r\n          \"httpListener\": {\r\n            \"id\":
        \"/subscriptions/00000000-0000-0000-0000-000000000000/resourceGroups/cli_test_ag_basic000001/providers/Microsoft.Network/applicationGateways/ag1/httpListeners/appGatewayHttpListener\"\r\n
        \         },\r\n          \"backendAddressPool\": {\r\n            \"id\":
        \"/subscriptions/00000000-0000-0000-0000-000000000000/resourceGroups/cli_test_ag_basic000001/providers/Microsoft.Network/applicationGateways/ag1/backendAddressPools/appGatewayBackendPool\"\r\n
        \         },\r\n          \"backendHttpSettings\": {\r\n            \"id\":
        \"/subscriptions/00000000-0000-0000-0000-000000000000/resourceGroups/cli_test_ag_basic000001/providers/Microsoft.Network/applicationGateways/ag1/backendHttpSettingsCollection/appGatewayBackendHttpSettings\"\r\n
        \         }\r\n        },\r\n        \"type\": \"Microsoft.Network/applicationGateways/requestRoutingRules\"\r\n
        \     }\r\n    ],\r\n    \"probes\": [],\r\n    \"rewriteRuleSets\": [],\r\n
        \   \"redirectConfigurations\": [\r\n      {\r\n        \"name\": \"redirect1\",\r\n
        \       \"id\": \"/subscriptions/00000000-0000-0000-0000-000000000000/resourceGroups/cli_test_ag_basic000001/providers/Microsoft.Network/applicationGateways/ag1/redirectConfigurations/redirect1\",\r\n
        \       \"etag\": \"W/\\\"22081cb8-0a5c-4f64-84d2-b89b5628364b\\\"\",\r\n
        \       \"properties\": {\r\n          \"provisioningState\": \"Updating\",\r\n
        \         \"redirectType\": \"Permanent\",\r\n          \"targetListener\":
        {\r\n            \"id\": \"/subscriptions/00000000-0000-0000-0000-000000000000/resourceGroups/cli_test_ag_basic000001/providers/Microsoft.Network/applicationGateways/ag1/httpListeners/appGatewayHttpListener\"\r\n
        \         },\r\n          \"includePath\": true,\r\n          \"includeQueryString\":
        false\r\n        },\r\n        \"type\": \"Microsoft.Network/applicationGateways/redirectConfigurations\"\r\n
        \     }\r\n    ]\r\n  }\r\n}"
    headers:
      azure-asyncoperation:
      - https://management.azure.com/subscriptions/00000000-0000-0000-0000-000000000000/providers/Microsoft.Network/locations/westus/operations/06585199-41b0-42e7-a920-1596b0e7fd00?api-version=2019-02-01
      cache-control:
      - no-cache
      content-length:
      - '10326'
      content-type:
      - application/json; charset=utf-8
      date:
      - Wed, 01 May 2019 20:56:38 GMT
      expires:
      - '-1'
      pragma:
      - no-cache
      server:
      - Microsoft-HTTPAPI/2.0
      - Microsoft-HTTPAPI/2.0
      strict-transport-security:
      - max-age=31536000; includeSubDomains
      transfer-encoding:
      - chunked
      vary:
      - Accept-Encoding
      x-content-type-options:
      - nosniff
      x-ms-ratelimit-remaining-subscription-writes:
      - '1199'
    status:
      code: 200
      message: OK
- request:
    body: null
    headers:
      Accept:
      - application/json
      Accept-Encoding:
      - gzip, deflate
      CommandName:
      - network application-gateway redirect-config show
      Connection:
      - keep-alive
      ParameterSetName:
      - --gateway-name -g -n
      User-Agent:
      - python/3.7.3 (Windows-10-10.0.17763-SP0) msrest/0.6.6 msrest_azure/0.6.0 networkmanagementclient/2.7.0
        Azure-SDK-For-Python AZURECLI/2.0.63
      accept-language:
      - en-US
    method: GET
    uri: https://management.azure.com/subscriptions/00000000-0000-0000-0000-000000000000/resourceGroups/cli_test_ag_basic000001/providers/Microsoft.Network/applicationGateways/ag1?api-version=2019-02-01
  response:
    body:
      string: "{\r\n  \"name\": \"ag1\",\r\n  \"id\": \"/subscriptions/00000000-0000-0000-0000-000000000000/resourceGroups/cli_test_ag_basic000001/providers/Microsoft.Network/applicationGateways/ag1\",\r\n
        \ \"etag\": \"W/\\\"a5dcfecc-40b2-4179-9855-bb01f790ec95\\\"\",\r\n  \"type\":
        \"Microsoft.Network/applicationGateways\",\r\n  \"location\": \"westus\",\r\n
        \ \"tags\": {},\r\n  \"properties\": {\r\n    \"provisioningState\": \"Updating\",\r\n
        \   \"resourceGuid\": \"eb2db89a-2a78-4a2b-8d71-d469ed8f85d4\",\r\n    \"sku\":
        {\r\n      \"name\": \"Standard_Medium\",\r\n      \"tier\": \"Standard\",\r\n
        \     \"capacity\": 2\r\n    },\r\n    \"operationalState\": \"Stopped\",\r\n
        \   \"gatewayIPConfigurations\": [\r\n      {\r\n        \"name\": \"appGatewayFrontendIP\",\r\n
        \       \"id\": \"/subscriptions/00000000-0000-0000-0000-000000000000/resourceGroups/cli_test_ag_basic000001/providers/Microsoft.Network/applicationGateways/ag1/gatewayIPConfigurations/appGatewayFrontendIP\",\r\n
        \       \"etag\": \"W/\\\"a5dcfecc-40b2-4179-9855-bb01f790ec95\\\"\",\r\n
        \       \"properties\": {\r\n          \"provisioningState\": \"Updating\",\r\n
        \         \"subnet\": {\r\n            \"id\": \"/subscriptions/00000000-0000-0000-0000-000000000000/resourceGroups/cli_test_ag_basic000001/providers/Microsoft.Network/virtualNetworks/ag1Vnet/subnets/default\"\r\n
        \         }\r\n        },\r\n        \"type\": \"Microsoft.Network/applicationGateways/gatewayIPConfigurations\"\r\n
        \     }\r\n    ],\r\n    \"sslCertificates\": [],\r\n    \"authenticationCertificates\":
        [],\r\n    \"frontendIPConfigurations\": [\r\n      {\r\n        \"name\":
        \"appGatewayFrontendIP\",\r\n        \"id\": \"/subscriptions/00000000-0000-0000-0000-000000000000/resourceGroups/cli_test_ag_basic000001/providers/Microsoft.Network/applicationGateways/ag1/frontendIPConfigurations/appGatewayFrontendIP\",\r\n
        \       \"etag\": \"W/\\\"a5dcfecc-40b2-4179-9855-bb01f790ec95\\\"\",\r\n
        \       \"type\": \"Microsoft.Network/applicationGateways/frontendIPConfigurations\",\r\n
        \       \"properties\": {\r\n          \"provisioningState\": \"Updating\",\r\n
        \         \"privateIPAllocationMethod\": \"Dynamic\",\r\n          \"subnet\":
        {\r\n            \"id\": \"/subscriptions/00000000-0000-0000-0000-000000000000/resourceGroups/cli_test_ag_basic000001/providers/Microsoft.Network/virtualNetworks/ag1Vnet/subnets/default\"\r\n
        \         },\r\n          \"httpListeners\": [\r\n            {\r\n              \"id\":
        \"/subscriptions/00000000-0000-0000-0000-000000000000/resourceGroups/cli_test_ag_basic000001/providers/Microsoft.Network/applicationGateways/ag1/httpListeners/appGatewayHttpListener\"\r\n
        \           }\r\n          ]\r\n        }\r\n      }\r\n    ],\r\n    \"frontendPorts\":
        [\r\n      {\r\n        \"name\": \"appGatewayFrontendPort\",\r\n        \"id\":
        \"/subscriptions/00000000-0000-0000-0000-000000000000/resourceGroups/cli_test_ag_basic000001/providers/Microsoft.Network/applicationGateways/ag1/frontendPorts/appGatewayFrontendPort\",\r\n
        \       \"etag\": \"W/\\\"a5dcfecc-40b2-4179-9855-bb01f790ec95\\\"\",\r\n
        \       \"properties\": {\r\n          \"provisioningState\": \"Updating\",\r\n
        \         \"port\": 80,\r\n          \"httpListeners\": [\r\n            {\r\n
        \             \"id\": \"/subscriptions/00000000-0000-0000-0000-000000000000/resourceGroups/cli_test_ag_basic000001/providers/Microsoft.Network/applicationGateways/ag1/httpListeners/appGatewayHttpListener\"\r\n
        \           }\r\n          ]\r\n        },\r\n        \"type\": \"Microsoft.Network/applicationGateways/frontendPorts\"\r\n
        \     }\r\n    ],\r\n    \"backendAddressPools\": [\r\n      {\r\n        \"name\":
        \"appGatewayBackendPool\",\r\n        \"id\": \"/subscriptions/00000000-0000-0000-0000-000000000000/resourceGroups/cli_test_ag_basic000001/providers/Microsoft.Network/applicationGateways/ag1/backendAddressPools/appGatewayBackendPool\",\r\n
        \       \"etag\": \"W/\\\"a5dcfecc-40b2-4179-9855-bb01f790ec95\\\"\",\r\n
        \       \"properties\": {\r\n          \"provisioningState\": \"Updating\",\r\n
        \         \"backendAddresses\": [],\r\n          \"requestRoutingRules\":
        [\r\n            {\r\n              \"id\": \"/subscriptions/00000000-0000-0000-0000-000000000000/resourceGroups/cli_test_ag_basic000001/providers/Microsoft.Network/applicationGateways/ag1/requestRoutingRules/rule1\"\r\n
        \           }\r\n          ]\r\n        },\r\n        \"type\": \"Microsoft.Network/applicationGateways/backendAddressPools\"\r\n
        \     }\r\n    ],\r\n    \"backendHttpSettingsCollection\": [\r\n      {\r\n
        \       \"name\": \"appGatewayBackendHttpSettings\",\r\n        \"id\": \"/subscriptions/00000000-0000-0000-0000-000000000000/resourceGroups/cli_test_ag_basic000001/providers/Microsoft.Network/applicationGateways/ag1/backendHttpSettingsCollection/appGatewayBackendHttpSettings\",\r\n
        \       \"etag\": \"W/\\\"a5dcfecc-40b2-4179-9855-bb01f790ec95\\\"\",\r\n
        \       \"properties\": {\r\n          \"provisioningState\": \"Updating\",\r\n
        \         \"port\": 80,\r\n          \"protocol\": \"Http\",\r\n          \"cookieBasedAffinity\":
        \"Disabled\",\r\n          \"connectionDraining\": {\r\n            \"enabled\":
        false,\r\n            \"drainTimeoutInSec\": 1\r\n          },\r\n          \"pickHostNameFromBackendAddress\":
        false,\r\n          \"requestTimeout\": 30,\r\n          \"requestRoutingRules\":
        [\r\n            {\r\n              \"id\": \"/subscriptions/00000000-0000-0000-0000-000000000000/resourceGroups/cli_test_ag_basic000001/providers/Microsoft.Network/applicationGateways/ag1/requestRoutingRules/rule1\"\r\n
        \           }\r\n          ]\r\n        },\r\n        \"type\": \"Microsoft.Network/applicationGateways/backendHttpSettingsCollection\"\r\n
        \     }\r\n    ],\r\n    \"httpListeners\": [\r\n      {\r\n        \"name\":
        \"appGatewayHttpListener\",\r\n        \"id\": \"/subscriptions/00000000-0000-0000-0000-000000000000/resourceGroups/cli_test_ag_basic000001/providers/Microsoft.Network/applicationGateways/ag1/httpListeners/appGatewayHttpListener\",\r\n
        \       \"etag\": \"W/\\\"a5dcfecc-40b2-4179-9855-bb01f790ec95\\\"\",\r\n
        \       \"properties\": {\r\n          \"provisioningState\": \"Updating\",\r\n
        \         \"frontendIPConfiguration\": {\r\n            \"id\": \"/subscriptions/00000000-0000-0000-0000-000000000000/resourceGroups/cli_test_ag_basic000001/providers/Microsoft.Network/applicationGateways/ag1/frontendIPConfigurations/appGatewayFrontendIP\"\r\n
        \         },\r\n          \"frontendPort\": {\r\n            \"id\": \"/subscriptions/00000000-0000-0000-0000-000000000000/resourceGroups/cli_test_ag_basic000001/providers/Microsoft.Network/applicationGateways/ag1/frontendPorts/appGatewayFrontendPort\"\r\n
        \         },\r\n          \"protocol\": \"Http\",\r\n          \"requireServerNameIndication\":
        false,\r\n          \"requestRoutingRules\": [\r\n            {\r\n              \"id\":
        \"/subscriptions/00000000-0000-0000-0000-000000000000/resourceGroups/cli_test_ag_basic000001/providers/Microsoft.Network/applicationGateways/ag1/requestRoutingRules/rule1\"\r\n
        \           }\r\n          ],\r\n          \"redirectConfiguration\": [\r\n
        \           {\r\n              \"id\": \"/subscriptions/00000000-0000-0000-0000-000000000000/resourceGroups/cli_test_ag_basic000001/providers/Microsoft.Network/applicationGateways/ag1/redirectConfigurations/redirect1\"\r\n
        \           }\r\n          ]\r\n        },\r\n        \"type\": \"Microsoft.Network/applicationGateways/httpListeners\"\r\n
        \     }\r\n    ],\r\n    \"urlPathMaps\": [],\r\n    \"requestRoutingRules\":
        [\r\n      {\r\n        \"name\": \"rule1\",\r\n        \"id\": \"/subscriptions/00000000-0000-0000-0000-000000000000/resourceGroups/cli_test_ag_basic000001/providers/Microsoft.Network/applicationGateways/ag1/requestRoutingRules/rule1\",\r\n
        \       \"etag\": \"W/\\\"a5dcfecc-40b2-4179-9855-bb01f790ec95\\\"\",\r\n
        \       \"properties\": {\r\n          \"provisioningState\": \"Updating\",\r\n
        \         \"ruleType\": \"Basic\",\r\n          \"httpListener\": {\r\n            \"id\":
        \"/subscriptions/00000000-0000-0000-0000-000000000000/resourceGroups/cli_test_ag_basic000001/providers/Microsoft.Network/applicationGateways/ag1/httpListeners/appGatewayHttpListener\"\r\n
        \         },\r\n          \"backendAddressPool\": {\r\n            \"id\":
        \"/subscriptions/00000000-0000-0000-0000-000000000000/resourceGroups/cli_test_ag_basic000001/providers/Microsoft.Network/applicationGateways/ag1/backendAddressPools/appGatewayBackendPool\"\r\n
        \         },\r\n          \"backendHttpSettings\": {\r\n            \"id\":
        \"/subscriptions/00000000-0000-0000-0000-000000000000/resourceGroups/cli_test_ag_basic000001/providers/Microsoft.Network/applicationGateways/ag1/backendHttpSettingsCollection/appGatewayBackendHttpSettings\"\r\n
        \         }\r\n        },\r\n        \"type\": \"Microsoft.Network/applicationGateways/requestRoutingRules\"\r\n
        \     }\r\n    ],\r\n    \"probes\": [],\r\n    \"rewriteRuleSets\": [],\r\n
        \   \"redirectConfigurations\": [\r\n      {\r\n        \"name\": \"redirect1\",\r\n
        \       \"id\": \"/subscriptions/00000000-0000-0000-0000-000000000000/resourceGroups/cli_test_ag_basic000001/providers/Microsoft.Network/applicationGateways/ag1/redirectConfigurations/redirect1\",\r\n
        \       \"etag\": \"W/\\\"a5dcfecc-40b2-4179-9855-bb01f790ec95\\\"\",\r\n
        \       \"properties\": {\r\n          \"provisioningState\": \"Updating\",\r\n
        \         \"redirectType\": \"Permanent\",\r\n          \"targetListener\":
        {\r\n            \"id\": \"/subscriptions/00000000-0000-0000-0000-000000000000/resourceGroups/cli_test_ag_basic000001/providers/Microsoft.Network/applicationGateways/ag1/httpListeners/appGatewayHttpListener\"\r\n
        \         },\r\n          \"includePath\": true,\r\n          \"includeQueryString\":
        false\r\n        },\r\n        \"type\": \"Microsoft.Network/applicationGateways/redirectConfigurations\"\r\n
        \     }\r\n    ]\r\n  }\r\n}"
    headers:
      cache-control:
      - no-cache
      content-length:
      - '10326'
      content-type:
      - application/json; charset=utf-8
      date:
      - Wed, 01 May 2019 20:56:38 GMT
      etag:
      - W/"a5dcfecc-40b2-4179-9855-bb01f790ec95"
      expires:
      - '-1'
      pragma:
      - no-cache
      server:
      - Microsoft-HTTPAPI/2.0
      - Microsoft-HTTPAPI/2.0
      strict-transport-security:
      - max-age=31536000; includeSubDomains
      transfer-encoding:
      - chunked
      vary:
      - Accept-Encoding
      x-content-type-options:
      - nosniff
    status:
      code: 200
      message: OK
- request:
    body: null
    headers:
      Accept:
      - application/json
      Accept-Encoding:
      - gzip, deflate
      CommandName:
      - group delete
      Connection:
      - keep-alive
      Content-Length:
      - '0'
      ParameterSetName:
      - --name --yes --no-wait
      User-Agent:
      - python/3.7.3 (Windows-10-10.0.17763-SP0) msrest/0.6.6 msrest_azure/0.6.0 resourcemanagementclient/2.1.0
        Azure-SDK-For-Python AZURECLI/2.0.63
      accept-language:
      - en-US
    method: DELETE
    uri: https://management.azure.com/subscriptions/00000000-0000-0000-0000-000000000000/resourcegroups/cli_test_ag_basic000001?api-version=2018-05-01
  response:
    body:
      string: ''
    headers:
      cache-control:
      - no-cache
      content-length:
      - '0'
      date:
      - Wed, 01 May 2019 20:56:40 GMT
      expires:
      - '-1'
      location:
      - https://management.azure.com/subscriptions/00000000-0000-0000-0000-000000000000/operationresults/eyJqb2JJZCI6IlJFU09VUkNFR1JPVVBERUxFVElPTkpPQi1DTEk6NUZURVNUOjVGQUc6NUZCQVNJQ1BTN0FDTUxRTVVGTzNUN1FFWUVKN1UzRHwxRkUzNkQ5OUFBQjk0MzdDLVdFU1RVUyIsImpvYkxvY2F0aW9uIjoid2VzdHVzIn0?api-version=2018-05-01
      pragma:
      - no-cache
      strict-transport-security:
      - max-age=31536000; includeSubDomains
      x-content-type-options:
      - nosniff
      x-ms-ratelimit-remaining-subscription-deletes:
      - '14999'
    status:
      code: 202
      message: Accepted
version: 1
