interactions:
- request:
    body: '{"location": "westus", "tags": {"product": "azurecli", "cause": "automation",
      "date": "2019-04-16T16:54:31Z"}}'
    headers:
      Accept:
      - application/json
      Accept-Encoding:
      - gzip, deflate
      CommandName:
      - group create
      Connection:
      - keep-alive
      Content-Length:
      - '110'
      Content-Type:
      - application/json; charset=utf-8
      ParameterSetName:
      - --location --name --tag
      User-Agent:
      - python/3.7.3 (Windows-10-10.0.17763-SP0) msrest/0.6.6 msrest_azure/0.6.0 resourcemanagementclient/2.1.0
        Azure-SDK-For-Python AZURECLI/2.0.62
      accept-language:
      - en-US
    method: PUT
    uri: https://management.azure.com/subscriptions/00000000-0000-0000-0000-000000000000/resourcegroups/cli_vnet_test000001?api-version=2018-05-01
  response:
    body:
      string: '{"id":"/subscriptions/00000000-0000-0000-0000-000000000000/resourceGroups/cli_vnet_test000001","name":"cli_vnet_test000001","location":"westus","tags":{"product":"azurecli","cause":"automation","date":"2019-04-16T16:54:31Z"},"properties":{"provisioningState":"Succeeded"}}'
    headers:
      cache-control:
      - no-cache
      content-length:
      - '384'
      content-type:
      - application/json; charset=utf-8
      date:
      - Tue, 16 Apr 2019 16:54:31 GMT
      expires:
      - '-1'
      pragma:
      - no-cache
      strict-transport-security:
      - max-age=31536000; includeSubDomains
      x-content-type-options:
      - nosniff
      x-ms-ratelimit-remaining-subscription-writes:
      - '1198'
    status:
      code: 201
      message: Created
- request:
    body: null
    headers:
      Accept:
      - application/json
      Accept-Encoding:
      - gzip, deflate
      CommandName:
      - network vnet create
      Connection:
      - keep-alive
      ParameterSetName:
      - --resource-group --name --subnet-name
      User-Agent:
      - python/3.7.3 (Windows-10-10.0.17763-SP0) msrest/0.6.6 msrest_azure/0.6.0 resourcemanagementclient/2.1.0
        Azure-SDK-For-Python AZURECLI/2.0.62
      accept-language:
      - en-US
    method: GET
    uri: https://management.azure.com/subscriptions/00000000-0000-0000-0000-000000000000/resourcegroups/cli_vnet_test000001?api-version=2018-05-01
  response:
    body:
      string: '{"id":"/subscriptions/00000000-0000-0000-0000-000000000000/resourceGroups/cli_vnet_test000001","name":"cli_vnet_test000001","location":"westus","tags":{"product":"azurecli","cause":"automation","date":"2019-04-16T16:54:31Z"},"properties":{"provisioningState":"Succeeded"}}'
    headers:
      cache-control:
      - no-cache
      content-length:
      - '384'
      content-type:
      - application/json; charset=utf-8
      date:
      - Tue, 16 Apr 2019 16:54:31 GMT
      expires:
      - '-1'
      pragma:
      - no-cache
      strict-transport-security:
      - max-age=31536000; includeSubDomains
      vary:
      - Accept-Encoding
      x-content-type-options:
      - nosniff
    status:
      code: 200
      message: OK
- request:
    body: '{"location": "westus", "tags": {}, "properties": {"addressSpace": {"addressPrefixes":
      ["10.0.0.0/16"]}, "dhcpOptions": {}, "subnets": [{"properties": {"addressPrefix":
      "10.0.0.0/24"}, "name": "default"}]}}'
    headers:
      Accept:
      - application/json
      Accept-Encoding:
      - gzip, deflate
      CommandName:
      - network vnet create
      Connection:
      - keep-alive
      Content-Length:
      - '205'
      Content-Type:
      - application/json; charset=utf-8
      ParameterSetName:
      - --resource-group --name --subnet-name
      User-Agent:
      - python/3.7.3 (Windows-10-10.0.17763-SP0) msrest/0.6.6 msrest_azure/0.6.0 networkmanagementclient/2.6.0
        Azure-SDK-For-Python AZURECLI/2.0.62
      accept-language:
      - en-US
    method: PUT
    uri: https://management.azure.com/subscriptions/00000000-0000-0000-0000-000000000000/resourceGroups/cli_vnet_test000001/providers/Microsoft.Network/virtualNetworks/vnet1?api-version=2018-12-01
  response:
    body:
      string: "{\r\n  \"name\": \"vnet1\",\r\n  \"id\": \"/subscriptions/00000000-0000-0000-0000-000000000000/resourceGroups/cli_vnet_test000001/providers/Microsoft.Network/virtualNetworks/vnet1\",\r\n
        \ \"etag\": \"W/\\\"fe2333da-64d3-479e-a43b-fe4ad6ec0469\\\"\",\r\n  \"type\":
        \"Microsoft.Network/virtualNetworks\",\r\n  \"location\": \"westus\",\r\n
        \ \"tags\": {},\r\n  \"properties\": {\r\n    \"provisioningState\": \"Updating\",\r\n
        \   \"resourceGuid\": \"c774e682-33ac-4ce9-91e0-438800c4a93f\",\r\n    \"addressSpace\":
        {\r\n      \"addressPrefixes\": [\r\n        \"10.0.0.0/16\"\r\n      ]\r\n
        \   },\r\n    \"dhcpOptions\": {\r\n      \"dnsServers\": []\r\n    },\r\n
        \   \"subnets\": [\r\n      {\r\n        \"name\": \"default\",\r\n        \"id\":
        \"/subscriptions/00000000-0000-0000-0000-000000000000/resourceGroups/cli_vnet_test000001/providers/Microsoft.Network/virtualNetworks/vnet1/subnets/default\",\r\n
        \       \"etag\": \"W/\\\"fe2333da-64d3-479e-a43b-fe4ad6ec0469\\\"\",\r\n
        \       \"properties\": {\r\n          \"provisioningState\": \"Updating\",\r\n
        \         \"addressPrefix\": \"10.0.0.0/24\",\r\n          \"delegations\":
        []\r\n        },\r\n        \"type\": \"Microsoft.Network/virtualNetworks/subnets\"\r\n
        \     }\r\n    ],\r\n    \"virtualNetworkPeerings\": [],\r\n    \"enableDdosProtection\":
        false,\r\n    \"enableVmProtection\": false\r\n  }\r\n}"
    headers:
      azure-asyncoperation:
      - https://management.azure.com/subscriptions/00000000-0000-0000-0000-000000000000/providers/Microsoft.Network/locations/westus/operations/e0a3d242-5d8d-4106-9c37-3d4edc206275?api-version=2018-12-01
      cache-control:
      - no-cache
      content-length:
      - '1322'
      content-type:
      - application/json; charset=utf-8
      date:
      - Tue, 16 Apr 2019 16:54:33 GMT
      expires:
      - '-1'
      pragma:
      - no-cache
      server:
      - Microsoft-HTTPAPI/2.0
      - Microsoft-HTTPAPI/2.0
      strict-transport-security:
      - max-age=31536000; includeSubDomains
      x-content-type-options:
      - nosniff
      x-ms-ratelimit-remaining-subscription-writes:
      - '1198'
    status:
      code: 201
      message: Created
- request:
    body: null
    headers:
      Accept:
      - application/json
      Accept-Encoding:
      - gzip, deflate
      CommandName:
      - network vnet create
      Connection:
      - keep-alive
      ParameterSetName:
      - --resource-group --name --subnet-name
      User-Agent:
      - python/3.7.3 (Windows-10-10.0.17763-SP0) msrest/0.6.6 msrest_azure/0.6.0 networkmanagementclient/2.6.0
        Azure-SDK-For-Python AZURECLI/2.0.62
    method: GET
    uri: https://management.azure.com/subscriptions/00000000-0000-0000-0000-000000000000/providers/Microsoft.Network/locations/westus/operations/e0a3d242-5d8d-4106-9c37-3d4edc206275?api-version=2018-12-01
  response:
    body:
      string: "{\r\n  \"status\": \"Succeeded\"\r\n}"
    headers:
      cache-control:
      - no-cache
      content-length:
      - '29'
      content-type:
      - application/json; charset=utf-8
      date:
      - Tue, 16 Apr 2019 16:54:37 GMT
      expires:
      - '-1'
      pragma:
      - no-cache
      server:
      - Microsoft-HTTPAPI/2.0
      - Microsoft-HTTPAPI/2.0
      strict-transport-security:
      - max-age=31536000; includeSubDomains
      transfer-encoding:
      - chunked
      vary:
      - Accept-Encoding
      x-content-type-options:
      - nosniff
    status:
      code: 200
      message: OK
- request:
    body: null
    headers:
      Accept:
      - application/json
      Accept-Encoding:
      - gzip, deflate
      CommandName:
      - network vnet create
      Connection:
      - keep-alive
      ParameterSetName:
      - --resource-group --name --subnet-name
      User-Agent:
      - python/3.7.3 (Windows-10-10.0.17763-SP0) msrest/0.6.6 msrest_azure/0.6.0 networkmanagementclient/2.6.0
        Azure-SDK-For-Python AZURECLI/2.0.62
    method: GET
    uri: https://management.azure.com/subscriptions/00000000-0000-0000-0000-000000000000/resourceGroups/cli_vnet_test000001/providers/Microsoft.Network/virtualNetworks/vnet1?api-version=2018-12-01
  response:
    body:
      string: "{\r\n  \"name\": \"vnet1\",\r\n  \"id\": \"/subscriptions/00000000-0000-0000-0000-000000000000/resourceGroups/cli_vnet_test000001/providers/Microsoft.Network/virtualNetworks/vnet1\",\r\n
        \ \"etag\": \"W/\\\"bf33bc3d-c7d1-4680-b3ca-1e90f3681d3a\\\"\",\r\n  \"type\":
        \"Microsoft.Network/virtualNetworks\",\r\n  \"location\": \"westus\",\r\n
        \ \"tags\": {},\r\n  \"properties\": {\r\n    \"provisioningState\": \"Succeeded\",\r\n
        \   \"resourceGuid\": \"c774e682-33ac-4ce9-91e0-438800c4a93f\",\r\n    \"addressSpace\":
        {\r\n      \"addressPrefixes\": [\r\n        \"10.0.0.0/16\"\r\n      ]\r\n
        \   },\r\n    \"dhcpOptions\": {\r\n      \"dnsServers\": []\r\n    },\r\n
        \   \"subnets\": [\r\n      {\r\n        \"name\": \"default\",\r\n        \"id\":
        \"/subscriptions/00000000-0000-0000-0000-000000000000/resourceGroups/cli_vnet_test000001/providers/Microsoft.Network/virtualNetworks/vnet1/subnets/default\",\r\n
        \       \"etag\": \"W/\\\"bf33bc3d-c7d1-4680-b3ca-1e90f3681d3a\\\"\",\r\n
        \       \"properties\": {\r\n          \"provisioningState\": \"Succeeded\",\r\n
        \         \"addressPrefix\": \"10.0.0.0/24\",\r\n          \"delegations\":
        []\r\n        },\r\n        \"type\": \"Microsoft.Network/virtualNetworks/subnets\"\r\n
        \     }\r\n    ],\r\n    \"virtualNetworkPeerings\": [],\r\n    \"enableDdosProtection\":
        false,\r\n    \"enableVmProtection\": false\r\n  }\r\n}"
    headers:
      cache-control:
      - no-cache
      content-length:
      - '1324'
      content-type:
      - application/json; charset=utf-8
      date:
      - Tue, 16 Apr 2019 16:54:36 GMT
      etag:
      - W/"bf33bc3d-c7d1-4680-b3ca-1e90f3681d3a"
      expires:
      - '-1'
      pragma:
      - no-cache
      server:
      - Microsoft-HTTPAPI/2.0
      - Microsoft-HTTPAPI/2.0
      strict-transport-security:
      - max-age=31536000; includeSubDomains
      transfer-encoding:
      - chunked
      vary:
      - Accept-Encoding
      x-content-type-options:
      - nosniff
    status:
      code: 200
      message: OK
- request:
    body: null
    headers:
      Accept:
      - application/json
      Accept-Encoding:
      - gzip, deflate
      CommandName:
      - network vnet check-ip-address
      Connection:
      - keep-alive
      ParameterSetName:
      - -g -n --ip-address
      User-Agent:
      - python/3.7.3 (Windows-10-10.0.17763-SP0) msrest/0.6.6 msrest_azure/0.6.0 networkmanagementclient/2.6.0
        Azure-SDK-For-Python AZURECLI/2.0.62
      accept-language:
      - en-US
    method: GET
    uri: https://management.azure.com/subscriptions/00000000-0000-0000-0000-000000000000/resourceGroups/cli_vnet_test000001/providers/Microsoft.Network/virtualNetworks/vnet1/CheckIPAddressAvailability?ipAddress=10.0.0.50&api-version=2018-12-01
  response:
    body:
      string: "{\r\n  \"available\": true\r\n}"
    headers:
      cache-control:
      - no-cache
      content-length:
      - '25'
      content-type:
      - application/json; charset=utf-8
      date:
      - Tue, 16 Apr 2019 16:54:37 GMT
      expires:
      - '-1'
      pragma:
      - no-cache
      server:
      - Microsoft-HTTPAPI/2.0
      - Microsoft-HTTPAPI/2.0
      strict-transport-security:
      - max-age=31536000; includeSubDomains
      transfer-encoding:
      - chunked
      vary:
      - Accept-Encoding
      x-content-type-options:
      - nosniff
    status:
      code: 200
      message: OK
- request:
    body: null
    headers:
      Accept:
      - application/json
      Accept-Encoding:
      - gzip, deflate
      CommandName:
      - network vnet check-ip-address
      Connection:
      - keep-alive
      ParameterSetName:
      - -g -n --ip-address
      User-Agent:
      - python/3.7.3 (Windows-10-10.0.17763-SP0) msrest/0.6.6 msrest_azure/0.6.0 networkmanagementclient/2.6.0
        Azure-SDK-For-Python AZURECLI/2.0.62
      accept-language:
      - en-US
    method: GET
    uri: https://management.azure.com/subscriptions/00000000-0000-0000-0000-000000000000/resourceGroups/cli_vnet_test000001/providers/Microsoft.Network/virtualNetworks/vnet1/CheckIPAddressAvailability?ipAddress=10.0.0.0&api-version=2018-12-01
  response:
    body:
      string: "{\r\n  \"available\": false,\r\n  \"availableIPAddresses\": [\r\n    \"10.0.0.4\",\r\n
        \   \"10.0.0.5\",\r\n    \"10.0.0.6\",\r\n    \"10.0.0.7\",\r\n    \"10.0.0.8\"\r\n
        \ ]\r\n}"
    headers:
      cache-control:
      - no-cache
      content-length:
      - '145'
      content-type:
      - application/json; charset=utf-8
      date:
      - Tue, 16 Apr 2019 16:54:38 GMT
      expires:
      - '-1'
      pragma:
      - no-cache
      server:
      - Microsoft-HTTPAPI/2.0
      - Microsoft-HTTPAPI/2.0
      strict-transport-security:
      - max-age=31536000; includeSubDomains
      transfer-encoding:
      - chunked
      vary:
      - Accept-Encoding
      x-content-type-options:
      - nosniff
    status:
      code: 200
      message: OK
- request:
    body: null
    headers:
      Accept:
      - application/json
      Accept-Encoding:
      - gzip, deflate
      CommandName:
      - network vnet list
      Connection:
      - keep-alive
      User-Agent:
      - python/3.7.3 (Windows-10-10.0.17763-SP0) msrest/0.6.6 msrest_azure/0.6.0 networkmanagementclient/2.6.0
        Azure-SDK-For-Python AZURECLI/2.0.62
      accept-language:
      - en-US
    method: GET
    uri: https://management.azure.com/subscriptions/00000000-0000-0000-0000-000000000000/providers/Microsoft.Network/virtualNetworks?api-version=2018-12-01
  response:
    body:
      string: '{"value":[{"name":"clihhgzxxivnlkc25nlirqqpn465mfe46xxiqyst","id":"/subscriptions/00000000-0000-0000-0000-000000000000/resourceGroups/cli_test_cosmosdb_accountnnpb7erkp6co7xxczwstds6tn3cbqehvblwnqoc2ahrurjf6t6/providers/Microsoft.Network/virtualNetworks/clihhgzxxivnlkc25nlirqqpn465mfe46xxiqyst","etag":"W/\"04f8a15c-e9c2-4163-869f-b6e97e214fb6\"","type":"Microsoft.Network/virtualNetworks","location":"westus","tags":{},"properties":{"provisioningState":"Succeeded","resourceGuid":"c72a38a4-c099-4fa7-bff9-0849d91b69f0","addressSpace":{"addressPrefixes":["10.0.0.0/16"]},"dhcpOptions":{"dnsServers":[]},"subnets":[{"name":"cliqopjauwj5fnj3dbjvhyrez4y5stttelxdgw2n","id":"/subscriptions/00000000-0000-0000-0000-000000000000/resourceGroups/cli_test_cosmosdb_accountnnpb7erkp6co7xxczwstds6tn3cbqehvblwnqoc2ahrurjf6t6/providers/Microsoft.Network/virtualNetworks/clihhgzxxivnlkc25nlirqqpn465mfe46xxiqyst/subnets/cliqopjauwj5fnj3dbjvhyrez4y5stttelxdgw2n","etag":"W/\"04f8a15c-e9c2-4163-869f-b6e97e214fb6\"","properties":{"provisioningState":"Succeeded","addressPrefix":"10.0.0.0/24","delegations":[]},"type":"Microsoft.Network/virtualNetworks/subnets"}],"virtualNetworkPeerings":[],"enableDdosProtection":false,"enableVmProtection":false}},{"name":"vnet1","id":"/subscriptions/00000000-0000-0000-0000-000000000000/resourceGroups/cli_test_nic_ag_address_poolsmw4jfemc22wlqlmfjlihwo3slofx2nv4dztvwsrxjjzrf6/providers/Microsoft.Network/virtualNetworks/vnet1","etag":"W/\"9551b20a-1c4d-4150-97a3-4f8292ce7990\"","type":"Microsoft.Network/virtualNetworks","location":"westus","tags":{},"properties":{"provisioningState":"Succeeded","resourceGuid":"224f6a49-0285-428e-8123-fc98606e4fe7","addressSpace":{"addressPrefixes":["10.0.0.0/16"]},"subnets":[{"name":"subnet1","id":"/subscriptions/00000000-0000-0000-0000-000000000000/resourceGroups/cli_test_nic_ag_address_poolsmw4jfemc22wlqlmfjlihwo3slofx2nv4dztvwsrxjjzrf6/providers/Microsoft.Network/virtualNetworks/vnet1/subnets/subnet1","etag":"W/\"9551b20a-1c4d-4150-97a3-4f8292ce7990\"","properties":{"provisioningState":"Succeeded","addressPrefix":"10.0.0.0/24","delegations":[]},"type":"Microsoft.Network/virtualNetworks/subnets"}],"virtualNetworkPeerings":[],"enableDdosProtection":false,"enableVmProtection":false}},{"name":"vnet1","id":"/subscriptions/00000000-0000-0000-0000-000000000000/resourceGroups/cli_test_nic_app_gatewaympj2uyfkufhwkycncpaccitt5c2kmm4eihty5ni5x4bnsn5adni/providers/Microsoft.Network/virtualNetworks/vnet1","etag":"W/\"b0cbc386-dc3a-4d82-9077-6f470f8b8d14\"","type":"Microsoft.Network/virtualNetworks","location":"westus","tags":{},"properties":{"provisioningState":"Succeeded","resourceGuid":"2716a198-c7c0-4a48-a1ae-900692f87eb4","addressSpace":{"addressPrefixes":["10.0.0.0/16"]},"subnets":[{"name":"subnet1","id":"/subscriptions/00000000-0000-0000-0000-000000000000/resourceGroups/cli_test_nic_app_gatewaympj2uyfkufhwkycncpaccitt5c2kmm4eihty5ni5x4bnsn5adni/providers/Microsoft.Network/virtualNetworks/vnet1/subnets/subnet1","etag":"W/\"b0cbc386-dc3a-4d82-9077-6f470f8b8d14\"","properties":{"provisioningState":"Succeeded","addressPrefix":"10.0.0.0/24","ipConfigurations":[{"id":"/subscriptions/00000000-0000-0000-0000-000000000000/resourceGroups/cli_test_nic_app_gatewaympj2uyfkufhwkycncpaccitt5c2kmm4eihty5ni5x4bnsn5adni/providers/Microsoft.Network/applicationGateways/ag1/frontendIPConfigurations/appGatewayFrontendIP"}],"applicationGatewayIPConfigurations":[{"id":"/subscriptions/00000000-0000-0000-0000-000000000000/resourceGroups/cli_test_nic_app_gatewaympj2uyfkufhwkycncpaccitt5c2kmm4eihty5ni5x4bnsn5adni/providers/Microsoft.Network/applicationGateways/ag1/gatewayIPConfigurations/appGatewayFrontendIP"}],"delegations":[]},"type":"Microsoft.Network/virtualNetworks/subnets"}],"virtualNetworkPeerings":[],"enableDdosProtection":false,"enableVmProtection":false}},{"name":"vnet1","id":"/subscriptions/00000000-0000-0000-0000-000000000000/resourceGroups/cli_test_vnet_peeringr3elwhg75asf75y3hy4de547xzizlbnbmb563mims36gq26jcnb3ki/providers/Microsoft.Network/virtualNetworks/vnet1","etag":"W/\"74fe4906-c538-4836-815e-531327d65b51\"","type":"Microsoft.Network/virtualNetworks","location":"westus","tags":{},"properties":{"provisioningState":"Succeeded","resourceGuid":"c7d4e03b-fd5e-456d-8a4e-b8bf1ee32a30","addressSpace":{"addressPrefixes":["10.0.0.0/16"]},"dhcpOptions":{"dnsServers":[]},"subnets":[],"virtualNetworkPeerings":[],"enableDdosProtection":false,"enableVmProtection":false}},{"name":"vnet1","id":"/subscriptions/00000000-0000-0000-0000-000000000000/resourceGroups/cli_vnet_test000001/providers/Microsoft.Network/virtualNetworks/vnet1","etag":"W/\"bf33bc3d-c7d1-4680-b3ca-1e90f3681d3a\"","type":"Microsoft.Network/virtualNetworks","location":"westus","tags":{},"properties":{"provisioningState":"Succeeded","resourceGuid":"c774e682-33ac-4ce9-91e0-438800c4a93f","addressSpace":{"addressPrefixes":["10.0.0.0/16"]},"dhcpOptions":{"dnsServers":[]},"subnets":[{"name":"default","id":"/subscriptions/00000000-0000-0000-0000-000000000000/resourceGroups/cli_vnet_test000001/providers/Microsoft.Network/virtualNetworks/vnet1/subnets/default","etag":"W/\"bf33bc3d-c7d1-4680-b3ca-1e90f3681d3a\"","properties":{"provisioningState":"Succeeded","addressPrefix":"10.0.0.0/24","delegations":[]},"type":"Microsoft.Network/virtualNetworks/subnets"}],"virtualNetworkPeerings":[],"enableDdosProtection":false,"enableVmProtection":false}},{"name":"vnet1","id":"/subscriptions/00000000-0000-0000-0000-000000000000/resourceGroups/cli_subnet_delegation6cuxasfgv36weffqbnk32kaoszbe44f2avi66ddjqhvmpsxoygt5rs/providers/Microsoft.Network/virtualNetworks/vnet1","etag":"W/\"d1f67151-2ce7-4cd5-846a-13e075c7cb17\"","type":"Microsoft.Network/virtualNetworks","location":"westcentralus","tags":{},"properties":{"provisioningState":"Updating","resourceGuid":"28134816-75b6-44b2-8c3f-3cf2d74e646c","addressSpace":{"addressPrefixes":["10.0.0.0/16"]},"dhcpOptions":{"dnsServers":[]},"subnets":[],"virtualNetworkPeerings":[],"enableDdosProtection":false,"enableVmProtection":false}},{"name":"ag1Vnet","id":"/subscriptions/00000000-0000-0000-0000-000000000000/resourceGroups/cli_test_ag_zonefim43p3ut3ueq6pa4aocssiid4yatfrym2fqtyoc5vqobzhfuupiqkta44w/providers/Microsoft.Network/virtualNetworks/ag1Vnet","etag":"W/\"75e07b41-a636-44b1-b449-986110a311c5\"","type":"Microsoft.Network/virtualNetworks","location":"westus2","tags":{},"properties":{"provisioningState":"Succeeded","resourceGuid":"682746ff-5e7c-41d5-b520-139c540f20ef","addressSpace":{"addressPrefixes":["10.0.0.0/16"]},"subnets":[{"name":"default","id":"/subscriptions/00000000-0000-0000-0000-000000000000/resourceGroups/cli_test_ag_zonefim43p3ut3ueq6pa4aocssiid4yatfrym2fqtyoc5vqobzhfuupiqkta44w/providers/Microsoft.Network/virtualNetworks/ag1Vnet/subnets/default","etag":"W/\"75e07b41-a636-44b1-b449-986110a311c5\"","properties":{"provisioningState":"Succeeded","addressPrefix":"10.0.0.0/24","networkSecurityGroup":{"id":"/subscriptions/00000000-0000-0000-0000-000000000000/resourceGroups/cleanupservice/providers/Microsoft.Network/networkSecurityGroups/rg-cleanupservice-nsg5"},"applicationGatewayIPConfigurations":[{"id":"/subscriptions/00000000-0000-0000-0000-000000000000/resourceGroups/cli_test_ag_zonefim43p3ut3ueq6pa4aocssiid4yatfrym2fqtyoc5vqobzhfuupiqkta44w/providers/Microsoft.Network/applicationGateways/ag1/gatewayIPConfigurations/appGatewayFrontendIP"}],"delegations":[]},"type":"Microsoft.Network/virtualNetworks/subnets"}],"virtualNetworkPeerings":[],"enableDdosProtection":false,"enableVmProtection":false}}]}'
    headers:
      cache-control:
      - no-cache
      content-length:
      - '7649'
      content-type:
      - application/json; charset=utf-8
      date:
      - Tue, 16 Apr 2019 16:54:38 GMT
      expires:
      - '-1'
      pragma:
      - no-cache
      strict-transport-security:
      - max-age=31536000; includeSubDomains
      vary:
      - Accept-Encoding
      x-content-type-options:
      - nosniff
      x-ms-original-request-ids:
      - 0603e4c3-78d3-4297-be40-1a86cc5a9f76
      - 70bfe281-419c-442a-a06f-f1329143a9ee
      - bc4ab183-d0e2-4c0f-a1a6-00d8b167cd0a
    status:
      code: 200
      message: OK
- request:
    body: null
    headers:
      Accept:
      - application/json
      Accept-Encoding:
      - gzip, deflate
      CommandName:
      - network vnet list
      Connection:
      - keep-alive
      ParameterSetName:
      - --resource-group
      User-Agent:
      - python/3.7.3 (Windows-10-10.0.17763-SP0) msrest/0.6.6 msrest_azure/0.6.0 networkmanagementclient/2.6.0
        Azure-SDK-For-Python AZURECLI/2.0.62
      accept-language:
      - en-US
    method: GET
    uri: https://management.azure.com/subscriptions/00000000-0000-0000-0000-000000000000/resourceGroups/cli_vnet_test000001/providers/Microsoft.Network/virtualNetworks?api-version=2018-12-01
  response:
    body:
      string: "{\r\n  \"value\": [\r\n    {\r\n      \"name\": \"vnet1\",\r\n      \"id\":
        \"/subscriptions/00000000-0000-0000-0000-000000000000/resourceGroups/cli_vnet_test000001/providers/Microsoft.Network/virtualNetworks/vnet1\",\r\n
        \     \"etag\": \"W/\\\"bf33bc3d-c7d1-4680-b3ca-1e90f3681d3a\\\"\",\r\n      \"type\":
        \"Microsoft.Network/virtualNetworks\",\r\n      \"location\": \"westus\",\r\n
        \     \"tags\": {},\r\n      \"properties\": {\r\n        \"provisioningState\":
        \"Succeeded\",\r\n        \"resourceGuid\": \"c774e682-33ac-4ce9-91e0-438800c4a93f\",\r\n
        \       \"addressSpace\": {\r\n          \"addressPrefixes\": [\r\n            \"10.0.0.0/16\"\r\n
        \         ]\r\n        },\r\n        \"dhcpOptions\": {\r\n          \"dnsServers\":
        []\r\n        },\r\n        \"subnets\": [\r\n          {\r\n            \"name\":
        \"default\",\r\n            \"id\": \"/subscriptions/00000000-0000-0000-0000-000000000000/resourceGroups/cli_vnet_test000001/providers/Microsoft.Network/virtualNetworks/vnet1/subnets/default\",\r\n
        \           \"etag\": \"W/\\\"bf33bc3d-c7d1-4680-b3ca-1e90f3681d3a\\\"\",\r\n
        \           \"properties\": {\r\n              \"provisioningState\": \"Succeeded\",\r\n
        \             \"addressPrefix\": \"10.0.0.0/24\",\r\n              \"delegations\":
        []\r\n            },\r\n            \"type\": \"Microsoft.Network/virtualNetworks/subnets\"\r\n
        \         }\r\n        ],\r\n        \"virtualNetworkPeerings\": [],\r\n        \"enableDdosProtection\":
        false,\r\n        \"enableVmProtection\": false\r\n      }\r\n    }\r\n  ]\r\n}"
    headers:
      cache-control:
      - no-cache
      content-length:
      - '1493'
      content-type:
      - application/json; charset=utf-8
      date:
      - Tue, 16 Apr 2019 16:54:39 GMT
      expires:
      - '-1'
      pragma:
      - no-cache
      server:
      - Microsoft-HTTPAPI/2.0
      - Microsoft-HTTPAPI/2.0
      strict-transport-security:
      - max-age=31536000; includeSubDomains
      transfer-encoding:
      - chunked
      vary:
      - Accept-Encoding
      x-content-type-options:
      - nosniff
    status:
      code: 200
      message: OK
- request:
    body: null
    headers:
      Accept:
      - application/json
      Accept-Encoding:
      - gzip, deflate
      CommandName:
      - network vnet show
      Connection:
      - keep-alive
      ParameterSetName:
      - --resource-group --name
      User-Agent:
      - python/3.7.3 (Windows-10-10.0.17763-SP0) msrest/0.6.6 msrest_azure/0.6.0 networkmanagementclient/2.6.0
        Azure-SDK-For-Python AZURECLI/2.0.62
      accept-language:
      - en-US
    method: GET
    uri: https://management.azure.com/subscriptions/00000000-0000-0000-0000-000000000000/resourceGroups/cli_vnet_test000001/providers/Microsoft.Network/virtualNetworks/vnet1?api-version=2018-12-01
  response:
    body:
      string: "{\r\n  \"name\": \"vnet1\",\r\n  \"id\": \"/subscriptions/00000000-0000-0000-0000-000000000000/resourceGroups/cli_vnet_test000001/providers/Microsoft.Network/virtualNetworks/vnet1\",\r\n
        \ \"etag\": \"W/\\\"bf33bc3d-c7d1-4680-b3ca-1e90f3681d3a\\\"\",\r\n  \"type\":
        \"Microsoft.Network/virtualNetworks\",\r\n  \"location\": \"westus\",\r\n
        \ \"tags\": {},\r\n  \"properties\": {\r\n    \"provisioningState\": \"Succeeded\",\r\n
        \   \"resourceGuid\": \"c774e682-33ac-4ce9-91e0-438800c4a93f\",\r\n    \"addressSpace\":
        {\r\n      \"addressPrefixes\": [\r\n        \"10.0.0.0/16\"\r\n      ]\r\n
        \   },\r\n    \"dhcpOptions\": {\r\n      \"dnsServers\": []\r\n    },\r\n
        \   \"subnets\": [\r\n      {\r\n        \"name\": \"default\",\r\n        \"id\":
        \"/subscriptions/00000000-0000-0000-0000-000000000000/resourceGroups/cli_vnet_test000001/providers/Microsoft.Network/virtualNetworks/vnet1/subnets/default\",\r\n
        \       \"etag\": \"W/\\\"bf33bc3d-c7d1-4680-b3ca-1e90f3681d3a\\\"\",\r\n
        \       \"properties\": {\r\n          \"provisioningState\": \"Succeeded\",\r\n
        \         \"addressPrefix\": \"10.0.0.0/24\",\r\n          \"delegations\":
        []\r\n        },\r\n        \"type\": \"Microsoft.Network/virtualNetworks/subnets\"\r\n
        \     }\r\n    ],\r\n    \"virtualNetworkPeerings\": [],\r\n    \"enableDdosProtection\":
        false,\r\n    \"enableVmProtection\": false\r\n  }\r\n}"
    headers:
      cache-control:
      - no-cache
      content-length:
      - '1324'
      content-type:
      - application/json; charset=utf-8
      date:
      - Tue, 16 Apr 2019 16:54:40 GMT
      etag:
      - W/"bf33bc3d-c7d1-4680-b3ca-1e90f3681d3a"
      expires:
      - '-1'
      pragma:
      - no-cache
      server:
      - Microsoft-HTTPAPI/2.0
      - Microsoft-HTTPAPI/2.0
      strict-transport-security:
      - max-age=31536000; includeSubDomains
      transfer-encoding:
      - chunked
      vary:
      - Accept-Encoding
      x-content-type-options:
      - nosniff
    status:
      code: 200
      message: OK
- request:
    body: null
    headers:
      Accept:
      - application/json
      Accept-Encoding:
      - gzip, deflate
      CommandName:
      - network vnet update
      Connection:
      - keep-alive
      ParameterSetName:
      - --resource-group --name --address-prefixes --dns-servers
      User-Agent:
      - python/3.7.3 (Windows-10-10.0.17763-SP0) msrest/0.6.6 msrest_azure/0.6.0 networkmanagementclient/2.6.0
        Azure-SDK-For-Python AZURECLI/2.0.62
      accept-language:
      - en-US
    method: GET
    uri: https://management.azure.com/subscriptions/00000000-0000-0000-0000-000000000000/resourceGroups/cli_vnet_test000001/providers/Microsoft.Network/virtualNetworks/vnet1?api-version=2018-12-01
  response:
    body:
      string: "{\r\n  \"name\": \"vnet1\",\r\n  \"id\": \"/subscriptions/00000000-0000-0000-0000-000000000000/resourceGroups/cli_vnet_test000001/providers/Microsoft.Network/virtualNetworks/vnet1\",\r\n
        \ \"etag\": \"W/\\\"bf33bc3d-c7d1-4680-b3ca-1e90f3681d3a\\\"\",\r\n  \"type\":
        \"Microsoft.Network/virtualNetworks\",\r\n  \"location\": \"westus\",\r\n
        \ \"tags\": {},\r\n  \"properties\": {\r\n    \"provisioningState\": \"Succeeded\",\r\n
        \   \"resourceGuid\": \"c774e682-33ac-4ce9-91e0-438800c4a93f\",\r\n    \"addressSpace\":
        {\r\n      \"addressPrefixes\": [\r\n        \"10.0.0.0/16\"\r\n      ]\r\n
        \   },\r\n    \"dhcpOptions\": {\r\n      \"dnsServers\": []\r\n    },\r\n
        \   \"subnets\": [\r\n      {\r\n        \"name\": \"default\",\r\n        \"id\":
        \"/subscriptions/00000000-0000-0000-0000-000000000000/resourceGroups/cli_vnet_test000001/providers/Microsoft.Network/virtualNetworks/vnet1/subnets/default\",\r\n
        \       \"etag\": \"W/\\\"bf33bc3d-c7d1-4680-b3ca-1e90f3681d3a\\\"\",\r\n
        \       \"properties\": {\r\n          \"provisioningState\": \"Succeeded\",\r\n
        \         \"addressPrefix\": \"10.0.0.0/24\",\r\n          \"delegations\":
        []\r\n        },\r\n        \"type\": \"Microsoft.Network/virtualNetworks/subnets\"\r\n
        \     }\r\n    ],\r\n    \"virtualNetworkPeerings\": [],\r\n    \"enableDdosProtection\":
        false,\r\n    \"enableVmProtection\": false\r\n  }\r\n}"
    headers:
      cache-control:
      - no-cache
      content-length:
      - '1324'
      content-type:
      - application/json; charset=utf-8
      date:
      - Tue, 16 Apr 2019 16:54:40 GMT
      etag:
      - W/"bf33bc3d-c7d1-4680-b3ca-1e90f3681d3a"
      expires:
      - '-1'
      pragma:
      - no-cache
      server:
      - Microsoft-HTTPAPI/2.0
      - Microsoft-HTTPAPI/2.0
      strict-transport-security:
      - max-age=31536000; includeSubDomains
      transfer-encoding:
      - chunked
      vary:
      - Accept-Encoding
      x-content-type-options:
      - nosniff
    status:
      code: 200
      message: OK
- request:
    body: 'b''{"id": "/subscriptions/00000000-0000-0000-0000-000000000000/resourceGroups/cli_vnet_test000001/providers/Microsoft.Network/virtualNetworks/vnet1",
      "location": "westus", "tags": {}, "properties": {"addressSpace": {"addressPrefixes":
      ["20.0.0.0/16", "10.0.0.0/16"]}, "dhcpOptions": {"dnsServers": ["1.2.3.4"]},
      "subnets": [{"id": "/subscriptions/00000000-0000-0000-0000-000000000000/resourceGroups/cli_vnet_test000001/providers/Microsoft.Network/virtualNetworks/vnet1/subnets/default",
      "properties": {"addressPrefix": "10.0.0.0/24", "delegations": [], "provisioningState":
      "Succeeded"}, "name": "default", "etag": "W/\\"bf33bc3d-c7d1-4680-b3ca-1e90f3681d3a\\""}],
      "virtualNetworkPeerings": [], "resourceGuid": "c774e682-33ac-4ce9-91e0-438800c4a93f",
      "provisioningState": "Succeeded", "enableDdosProtection": false, "enableVmProtection":
      false}, "etag": "W/\\"bf33bc3d-c7d1-4680-b3ca-1e90f3681d3a\\""}'''
    headers:
      Accept:
      - application/json
      Accept-Encoding:
      - gzip, deflate
      CommandName:
      - network vnet update
      Connection:
      - keep-alive
      Content-Length:
      - '1006'
      Content-Type:
      - application/json; charset=utf-8
      ParameterSetName:
      - --resource-group --name --address-prefixes --dns-servers
      User-Agent:
      - python/3.7.3 (Windows-10-10.0.17763-SP0) msrest/0.6.6 msrest_azure/0.6.0 networkmanagementclient/2.6.0
        Azure-SDK-For-Python AZURECLI/2.0.62
      accept-language:
      - en-US
    method: PUT
    uri: https://management.azure.com/subscriptions/00000000-0000-0000-0000-000000000000/resourceGroups/cli_vnet_test000001/providers/Microsoft.Network/virtualNetworks/vnet1?api-version=2018-12-01
  response:
    body:
      string: "{\r\n  \"name\": \"vnet1\",\r\n  \"id\": \"/subscriptions/00000000-0000-0000-0000-000000000000/resourceGroups/cli_vnet_test000001/providers/Microsoft.Network/virtualNetworks/vnet1\",\r\n
        \ \"etag\": \"W/\\\"36af5ed8-99a0-4dad-a9aa-49652e1ccbde\\\"\",\r\n  \"type\":
        \"Microsoft.Network/virtualNetworks\",\r\n  \"location\": \"westus\",\r\n
        \ \"tags\": {},\r\n  \"properties\": {\r\n    \"provisioningState\": \"Updating\",\r\n
        \   \"resourceGuid\": \"c774e682-33ac-4ce9-91e0-438800c4a93f\",\r\n    \"addressSpace\":
        {\r\n      \"addressPrefixes\": [\r\n        \"20.0.0.0/16\",\r\n        \"10.0.0.0/16\"\r\n
        \     ]\r\n    },\r\n    \"dhcpOptions\": {\r\n      \"dnsServers\": [\r\n
        \       \"1.2.3.4\"\r\n      ]\r\n    },\r\n    \"subnets\": [\r\n      {\r\n
        \       \"name\": \"default\",\r\n        \"id\": \"/subscriptions/00000000-0000-0000-0000-000000000000/resourceGroups/cli_vnet_test000001/providers/Microsoft.Network/virtualNetworks/vnet1/subnets/default\",\r\n
        \       \"etag\": \"W/\\\"36af5ed8-99a0-4dad-a9aa-49652e1ccbde\\\"\",\r\n
        \       \"properties\": {\r\n          \"provisioningState\": \"Updating\",\r\n
        \         \"addressPrefix\": \"10.0.0.0/24\",\r\n          \"delegations\":
        []\r\n        },\r\n        \"type\": \"Microsoft.Network/virtualNetworks/subnets\"\r\n
        \     }\r\n    ],\r\n    \"virtualNetworkPeerings\": [],\r\n    \"enableDdosProtection\":
        false,\r\n    \"enableVmProtection\": false\r\n  }\r\n}"
    headers:
      azure-asyncoperation:
      - https://management.azure.com/subscriptions/00000000-0000-0000-0000-000000000000/providers/Microsoft.Network/locations/westus/operations/35ae2ab1-575e-4d0c-b72c-1ed559028791?api-version=2018-12-01
      cache-control:
      - no-cache
      content-length:
      - '1373'
      content-type:
      - application/json; charset=utf-8
      date:
      - Tue, 16 Apr 2019 16:54:41 GMT
      expires:
      - '-1'
      pragma:
      - no-cache
      server:
      - Microsoft-HTTPAPI/2.0
      - Microsoft-HTTPAPI/2.0
      strict-transport-security:
      - max-age=31536000; includeSubDomains
      transfer-encoding:
      - chunked
      vary:
      - Accept-Encoding
      x-content-type-options:
      - nosniff
      x-ms-ratelimit-remaining-subscription-writes:
      - '1199'
    status:
      code: 200
      message: OK
- request:
    body: null
    headers:
      Accept:
      - application/json
      Accept-Encoding:
      - gzip, deflate
      CommandName:
      - network vnet update
      Connection:
      - keep-alive
      ParameterSetName:
      - --resource-group --name --address-prefixes --dns-servers
      User-Agent:
      - python/3.7.3 (Windows-10-10.0.17763-SP0) msrest/0.6.6 msrest_azure/0.6.0 networkmanagementclient/2.6.0
        Azure-SDK-For-Python AZURECLI/2.0.62
    method: GET
    uri: https://management.azure.com/subscriptions/00000000-0000-0000-0000-000000000000/providers/Microsoft.Network/locations/westus/operations/35ae2ab1-575e-4d0c-b72c-1ed559028791?api-version=2018-12-01
  response:
    body:
      string: "{\r\n  \"status\": \"Succeeded\"\r\n}"
    headers:
      cache-control:
      - no-cache
      content-length:
      - '29'
      content-type:
      - application/json; charset=utf-8
      date:
      - Tue, 16 Apr 2019 16:54:44 GMT
      expires:
      - '-1'
      pragma:
      - no-cache
      server:
      - Microsoft-HTTPAPI/2.0
      - Microsoft-HTTPAPI/2.0
      strict-transport-security:
      - max-age=31536000; includeSubDomains
      transfer-encoding:
      - chunked
      vary:
      - Accept-Encoding
      x-content-type-options:
      - nosniff
    status:
      code: 200
      message: OK
- request:
    body: null
    headers:
      Accept:
      - application/json
      Accept-Encoding:
      - gzip, deflate
      CommandName:
      - network vnet update
      Connection:
      - keep-alive
      ParameterSetName:
      - --resource-group --name --address-prefixes --dns-servers
      User-Agent:
      - python/3.7.3 (Windows-10-10.0.17763-SP0) msrest/0.6.6 msrest_azure/0.6.0 networkmanagementclient/2.6.0
        Azure-SDK-For-Python AZURECLI/2.0.62
    method: GET
    uri: https://management.azure.com/subscriptions/00000000-0000-0000-0000-000000000000/resourceGroups/cli_vnet_test000001/providers/Microsoft.Network/virtualNetworks/vnet1?api-version=2018-12-01
  response:
    body:
      string: "{\r\n  \"name\": \"vnet1\",\r\n  \"id\": \"/subscriptions/00000000-0000-0000-0000-000000000000/resourceGroups/cli_vnet_test000001/providers/Microsoft.Network/virtualNetworks/vnet1\",\r\n
        \ \"etag\": \"W/\\\"4b98d53f-f350-47ef-927c-67a33e9eee1d\\\"\",\r\n  \"type\":
        \"Microsoft.Network/virtualNetworks\",\r\n  \"location\": \"westus\",\r\n
        \ \"tags\": {},\r\n  \"properties\": {\r\n    \"provisioningState\": \"Succeeded\",\r\n
        \   \"resourceGuid\": \"c774e682-33ac-4ce9-91e0-438800c4a93f\",\r\n    \"addressSpace\":
        {\r\n      \"addressPrefixes\": [\r\n        \"20.0.0.0/16\",\r\n        \"10.0.0.0/16\"\r\n
        \     ]\r\n    },\r\n    \"dhcpOptions\": {\r\n      \"dnsServers\": [\r\n
        \       \"1.2.3.4\"\r\n      ]\r\n    },\r\n    \"subnets\": [\r\n      {\r\n
        \       \"name\": \"default\",\r\n        \"id\": \"/subscriptions/00000000-0000-0000-0000-000000000000/resourceGroups/cli_vnet_test000001/providers/Microsoft.Network/virtualNetworks/vnet1/subnets/default\",\r\n
        \       \"etag\": \"W/\\\"4b98d53f-f350-47ef-927c-67a33e9eee1d\\\"\",\r\n
        \       \"properties\": {\r\n          \"provisioningState\": \"Succeeded\",\r\n
        \         \"addressPrefix\": \"10.0.0.0/24\",\r\n          \"delegations\":
        []\r\n        },\r\n        \"type\": \"Microsoft.Network/virtualNetworks/subnets\"\r\n
        \     }\r\n    ],\r\n    \"virtualNetworkPeerings\": [],\r\n    \"enableDdosProtection\":
        false,\r\n    \"enableVmProtection\": false\r\n  }\r\n}"
    headers:
      cache-control:
      - no-cache
      content-length:
      - '1375'
      content-type:
      - application/json; charset=utf-8
      date:
      - Tue, 16 Apr 2019 16:54:44 GMT
      etag:
      - W/"4b98d53f-f350-47ef-927c-67a33e9eee1d"
      expires:
      - '-1'
      pragma:
      - no-cache
      server:
      - Microsoft-HTTPAPI/2.0
      - Microsoft-HTTPAPI/2.0
      strict-transport-security:
      - max-age=31536000; includeSubDomains
      transfer-encoding:
      - chunked
      vary:
      - Accept-Encoding
      x-content-type-options:
      - nosniff
    status:
      code: 200
      message: OK
- request:
    body: null
    headers:
      Accept:
      - application/json
      Accept-Encoding:
      - gzip, deflate
      CommandName:
      - network vnet update
      Connection:
      - keep-alive
      ParameterSetName:
      - -g -n --dns-servers
      User-Agent:
      - python/3.7.3 (Windows-10-10.0.17763-SP0) msrest/0.6.6 msrest_azure/0.6.0 networkmanagementclient/2.6.0
        Azure-SDK-For-Python AZURECLI/2.0.62
      accept-language:
      - en-US
    method: GET
    uri: https://management.azure.com/subscriptions/00000000-0000-0000-0000-000000000000/resourceGroups/cli_vnet_test000001/providers/Microsoft.Network/virtualNetworks/vnet1?api-version=2018-12-01
  response:
    body:
      string: "{\r\n  \"name\": \"vnet1\",\r\n  \"id\": \"/subscriptions/00000000-0000-0000-0000-000000000000/resourceGroups/cli_vnet_test000001/providers/Microsoft.Network/virtualNetworks/vnet1\",\r\n
        \ \"etag\": \"W/\\\"4b98d53f-f350-47ef-927c-67a33e9eee1d\\\"\",\r\n  \"type\":
        \"Microsoft.Network/virtualNetworks\",\r\n  \"location\": \"westus\",\r\n
        \ \"tags\": {},\r\n  \"properties\": {\r\n    \"provisioningState\": \"Succeeded\",\r\n
        \   \"resourceGuid\": \"c774e682-33ac-4ce9-91e0-438800c4a93f\",\r\n    \"addressSpace\":
        {\r\n      \"addressPrefixes\": [\r\n        \"20.0.0.0/16\",\r\n        \"10.0.0.0/16\"\r\n
        \     ]\r\n    },\r\n    \"dhcpOptions\": {\r\n      \"dnsServers\": [\r\n
        \       \"1.2.3.4\"\r\n      ]\r\n    },\r\n    \"subnets\": [\r\n      {\r\n
        \       \"name\": \"default\",\r\n        \"id\": \"/subscriptions/00000000-0000-0000-0000-000000000000/resourceGroups/cli_vnet_test000001/providers/Microsoft.Network/virtualNetworks/vnet1/subnets/default\",\r\n
        \       \"etag\": \"W/\\\"4b98d53f-f350-47ef-927c-67a33e9eee1d\\\"\",\r\n
        \       \"properties\": {\r\n          \"provisioningState\": \"Succeeded\",\r\n
        \         \"addressPrefix\": \"10.0.0.0/24\",\r\n          \"delegations\":
        []\r\n        },\r\n        \"type\": \"Microsoft.Network/virtualNetworks/subnets\"\r\n
        \     }\r\n    ],\r\n    \"virtualNetworkPeerings\": [],\r\n    \"enableDdosProtection\":
        false,\r\n    \"enableVmProtection\": false\r\n  }\r\n}"
    headers:
      cache-control:
      - no-cache
      content-length:
      - '1375'
      content-type:
      - application/json; charset=utf-8
      date:
      - Tue, 16 Apr 2019 16:54:45 GMT
      etag:
      - W/"4b98d53f-f350-47ef-927c-67a33e9eee1d"
      expires:
      - '-1'
      pragma:
      - no-cache
      server:
      - Microsoft-HTTPAPI/2.0
      - Microsoft-HTTPAPI/2.0
      strict-transport-security:
      - max-age=31536000; includeSubDomains
      transfer-encoding:
      - chunked
      vary:
      - Accept-Encoding
      x-content-type-options:
      - nosniff
    status:
      code: 200
      message: OK
- request:
    body: 'b''{"id": "/subscriptions/00000000-0000-0000-0000-000000000000/resourceGroups/cli_vnet_test000001/providers/Microsoft.Network/virtualNetworks/vnet1",
      "location": "westus", "tags": {}, "properties": {"addressSpace": {"addressPrefixes":
      ["20.0.0.0/16", "10.0.0.0/16"]}, "dhcpOptions": {}, "subnets": [{"id": "/subscriptions/00000000-0000-0000-0000-000000000000/resourceGroups/cli_vnet_test000001/providers/Microsoft.Network/virtualNetworks/vnet1/subnets/default",
      "properties": {"addressPrefix": "10.0.0.0/24", "delegations": [], "provisioningState":
      "Succeeded"}, "name": "default", "etag": "W/\\"4b98d53f-f350-47ef-927c-67a33e9eee1d\\""}],
      "virtualNetworkPeerings": [], "resourceGuid": "c774e682-33ac-4ce9-91e0-438800c4a93f",
      "provisioningState": "Succeeded", "enableDdosProtection": false, "enableVmProtection":
      false}, "etag": "W/\\"4b98d53f-f350-47ef-927c-67a33e9eee1d\\""}'''
    headers:
      Accept:
      - application/json
      Accept-Encoding:
      - gzip, deflate
      CommandName:
      - network vnet update
      Connection:
      - keep-alive
      Content-Length:
      - '981'
      Content-Type:
      - application/json; charset=utf-8
      ParameterSetName:
      - -g -n --dns-servers
      User-Agent:
      - python/3.7.3 (Windows-10-10.0.17763-SP0) msrest/0.6.6 msrest_azure/0.6.0 networkmanagementclient/2.6.0
        Azure-SDK-For-Python AZURECLI/2.0.62
      accept-language:
      - en-US
    method: PUT
    uri: https://management.azure.com/subscriptions/00000000-0000-0000-0000-000000000000/resourceGroups/cli_vnet_test000001/providers/Microsoft.Network/virtualNetworks/vnet1?api-version=2018-12-01
  response:
    body:
      string: "{\r\n  \"name\": \"vnet1\",\r\n  \"id\": \"/subscriptions/00000000-0000-0000-0000-000000000000/resourceGroups/cli_vnet_test000001/providers/Microsoft.Network/virtualNetworks/vnet1\",\r\n
        \ \"etag\": \"W/\\\"d35ff503-2a06-4600-b500-a016958608cc\\\"\",\r\n  \"type\":
        \"Microsoft.Network/virtualNetworks\",\r\n  \"location\": \"westus\",\r\n
        \ \"tags\": {},\r\n  \"properties\": {\r\n    \"provisioningState\": \"Updating\",\r\n
        \   \"resourceGuid\": \"c774e682-33ac-4ce9-91e0-438800c4a93f\",\r\n    \"addressSpace\":
        {\r\n      \"addressPrefixes\": [\r\n        \"20.0.0.0/16\",\r\n        \"10.0.0.0/16\"\r\n
        \     ]\r\n    },\r\n    \"dhcpOptions\": {\r\n      \"dnsServers\": []\r\n
        \   },\r\n    \"subnets\": [\r\n      {\r\n        \"name\": \"default\",\r\n
        \       \"id\": \"/subscriptions/00000000-0000-0000-0000-000000000000/resourceGroups/cli_vnet_test000001/providers/Microsoft.Network/virtualNetworks/vnet1/subnets/default\",\r\n
        \       \"etag\": \"W/\\\"d35ff503-2a06-4600-b500-a016958608cc\\\"\",\r\n
        \       \"properties\": {\r\n          \"provisioningState\": \"Updating\",\r\n
        \         \"addressPrefix\": \"10.0.0.0/24\",\r\n          \"delegations\":
        []\r\n        },\r\n        \"type\": \"Microsoft.Network/virtualNetworks/subnets\"\r\n
        \     }\r\n    ],\r\n    \"virtualNetworkPeerings\": [],\r\n    \"enableDdosProtection\":
        false,\r\n    \"enableVmProtection\": false\r\n  }\r\n}"
    headers:
      azure-asyncoperation:
      - https://management.azure.com/subscriptions/00000000-0000-0000-0000-000000000000/providers/Microsoft.Network/locations/westus/operations/398349f6-c2f2-4325-84b4-8b8f71765479?api-version=2018-12-01
      cache-control:
      - no-cache
      content-length:
      - '1346'
      content-type:
      - application/json; charset=utf-8
      date:
      - Tue, 16 Apr 2019 16:54:46 GMT
      expires:
      - '-1'
      pragma:
      - no-cache
      server:
      - Microsoft-HTTPAPI/2.0
      - Microsoft-HTTPAPI/2.0
      strict-transport-security:
      - max-age=31536000; includeSubDomains
      transfer-encoding:
      - chunked
      vary:
      - Accept-Encoding
      x-content-type-options:
      - nosniff
      x-ms-ratelimit-remaining-subscription-writes:
      - '1196'
    status:
      code: 200
      message: OK
- request:
    body: null
    headers:
      Accept:
      - application/json
      Accept-Encoding:
      - gzip, deflate
      CommandName:
      - network vnet update
      Connection:
      - keep-alive
      ParameterSetName:
      - -g -n --dns-servers
      User-Agent:
      - python/3.7.3 (Windows-10-10.0.17763-SP0) msrest/0.6.6 msrest_azure/0.6.0 networkmanagementclient/2.6.0
        Azure-SDK-For-Python AZURECLI/2.0.62
    method: GET
    uri: https://management.azure.com/subscriptions/00000000-0000-0000-0000-000000000000/providers/Microsoft.Network/locations/westus/operations/398349f6-c2f2-4325-84b4-8b8f71765479?api-version=2018-12-01
  response:
    body:
      string: "{\r\n  \"status\": \"Succeeded\"\r\n}"
    headers:
      cache-control:
      - no-cache
      content-length:
      - '29'
      content-type:
      - application/json; charset=utf-8
      date:
      - Tue, 16 Apr 2019 16:54:49 GMT
      expires:
      - '-1'
      pragma:
      - no-cache
      server:
      - Microsoft-HTTPAPI/2.0
      - Microsoft-HTTPAPI/2.0
      strict-transport-security:
      - max-age=31536000; includeSubDomains
      transfer-encoding:
      - chunked
      vary:
      - Accept-Encoding
      x-content-type-options:
      - nosniff
    status:
      code: 200
      message: OK
- request:
    body: null
    headers:
      Accept:
      - application/json
      Accept-Encoding:
      - gzip, deflate
      CommandName:
      - network vnet update
      Connection:
      - keep-alive
      ParameterSetName:
      - -g -n --dns-servers
      User-Agent:
      - python/3.7.3 (Windows-10-10.0.17763-SP0) msrest/0.6.6 msrest_azure/0.6.0 networkmanagementclient/2.6.0
        Azure-SDK-For-Python AZURECLI/2.0.62
    method: GET
    uri: https://management.azure.com/subscriptions/00000000-0000-0000-0000-000000000000/resourceGroups/cli_vnet_test000001/providers/Microsoft.Network/virtualNetworks/vnet1?api-version=2018-12-01
  response:
    body:
      string: "{\r\n  \"name\": \"vnet1\",\r\n  \"id\": \"/subscriptions/00000000-0000-0000-0000-000000000000/resourceGroups/cli_vnet_test000001/providers/Microsoft.Network/virtualNetworks/vnet1\",\r\n
        \ \"etag\": \"W/\\\"031d17c6-1483-41bb-83a0-75915163b5d5\\\"\",\r\n  \"type\":
        \"Microsoft.Network/virtualNetworks\",\r\n  \"location\": \"westus\",\r\n
        \ \"tags\": {},\r\n  \"properties\": {\r\n    \"provisioningState\": \"Succeeded\",\r\n
        \   \"resourceGuid\": \"c774e682-33ac-4ce9-91e0-438800c4a93f\",\r\n    \"addressSpace\":
        {\r\n      \"addressPrefixes\": [\r\n        \"20.0.0.0/16\",\r\n        \"10.0.0.0/16\"\r\n
        \     ]\r\n    },\r\n    \"dhcpOptions\": {\r\n      \"dnsServers\": []\r\n
        \   },\r\n    \"subnets\": [\r\n      {\r\n        \"name\": \"default\",\r\n
        \       \"id\": \"/subscriptions/00000000-0000-0000-0000-000000000000/resourceGroups/cli_vnet_test000001/providers/Microsoft.Network/virtualNetworks/vnet1/subnets/default\",\r\n
        \       \"etag\": \"W/\\\"031d17c6-1483-41bb-83a0-75915163b5d5\\\"\",\r\n
        \       \"properties\": {\r\n          \"provisioningState\": \"Succeeded\",\r\n
        \         \"addressPrefix\": \"10.0.0.0/24\",\r\n          \"delegations\":
        []\r\n        },\r\n        \"type\": \"Microsoft.Network/virtualNetworks/subnets\"\r\n
        \     }\r\n    ],\r\n    \"virtualNetworkPeerings\": [],\r\n    \"enableDdosProtection\":
        false,\r\n    \"enableVmProtection\": false\r\n  }\r\n}"
    headers:
      cache-control:
      - no-cache
      content-length:
      - '1348'
      content-type:
      - application/json; charset=utf-8
      date:
      - Tue, 16 Apr 2019 16:54:49 GMT
      etag:
      - W/"031d17c6-1483-41bb-83a0-75915163b5d5"
      expires:
      - '-1'
      pragma:
      - no-cache
      server:
      - Microsoft-HTTPAPI/2.0
      - Microsoft-HTTPAPI/2.0
      strict-transport-security:
      - max-age=31536000; includeSubDomains
      transfer-encoding:
      - chunked
      vary:
      - Accept-Encoding
      x-content-type-options:
      - nosniff
    status:
      code: 200
      message: OK
- request:
    body: null
    headers:
      Accept:
      - application/json
      Accept-Encoding:
      - gzip, deflate
      CommandName:
      - network vnet update
      Connection:
      - keep-alive
      ParameterSetName:
      - --resource-group --name --set
      User-Agent:
      - python/3.7.3 (Windows-10-10.0.17763-SP0) msrest/0.6.6 msrest_azure/0.6.0 networkmanagementclient/2.6.0
        Azure-SDK-For-Python AZURECLI/2.0.62
      accept-language:
      - en-US
    method: GET
    uri: https://management.azure.com/subscriptions/00000000-0000-0000-0000-000000000000/resourceGroups/cli_vnet_test000001/providers/Microsoft.Network/virtualNetworks/vnet1?api-version=2018-12-01
  response:
    body:
      string: "{\r\n  \"name\": \"vnet1\",\r\n  \"id\": \"/subscriptions/00000000-0000-0000-0000-000000000000/resourceGroups/cli_vnet_test000001/providers/Microsoft.Network/virtualNetworks/vnet1\",\r\n
        \ \"etag\": \"W/\\\"031d17c6-1483-41bb-83a0-75915163b5d5\\\"\",\r\n  \"type\":
        \"Microsoft.Network/virtualNetworks\",\r\n  \"location\": \"westus\",\r\n
        \ \"tags\": {},\r\n  \"properties\": {\r\n    \"provisioningState\": \"Succeeded\",\r\n
        \   \"resourceGuid\": \"c774e682-33ac-4ce9-91e0-438800c4a93f\",\r\n    \"addressSpace\":
        {\r\n      \"addressPrefixes\": [\r\n        \"20.0.0.0/16\",\r\n        \"10.0.0.0/16\"\r\n
        \     ]\r\n    },\r\n    \"dhcpOptions\": {\r\n      \"dnsServers\": []\r\n
        \   },\r\n    \"subnets\": [\r\n      {\r\n        \"name\": \"default\",\r\n
        \       \"id\": \"/subscriptions/00000000-0000-0000-0000-000000000000/resourceGroups/cli_vnet_test000001/providers/Microsoft.Network/virtualNetworks/vnet1/subnets/default\",\r\n
        \       \"etag\": \"W/\\\"031d17c6-1483-41bb-83a0-75915163b5d5\\\"\",\r\n
        \       \"properties\": {\r\n          \"provisioningState\": \"Succeeded\",\r\n
        \         \"addressPrefix\": \"10.0.0.0/24\",\r\n          \"delegations\":
        []\r\n        },\r\n        \"type\": \"Microsoft.Network/virtualNetworks/subnets\"\r\n
        \     }\r\n    ],\r\n    \"virtualNetworkPeerings\": [],\r\n    \"enableDdosProtection\":
        false,\r\n    \"enableVmProtection\": false\r\n  }\r\n}"
    headers:
      cache-control:
      - no-cache
      content-length:
      - '1348'
      content-type:
      - application/json; charset=utf-8
      date:
      - Tue, 16 Apr 2019 16:54:50 GMT
      etag:
      - W/"031d17c6-1483-41bb-83a0-75915163b5d5"
      expires:
      - '-1'
      pragma:
      - no-cache
      server:
      - Microsoft-HTTPAPI/2.0
      - Microsoft-HTTPAPI/2.0
      strict-transport-security:
      - max-age=31536000; includeSubDomains
      transfer-encoding:
      - chunked
      vary:
      - Accept-Encoding
      x-content-type-options:
      - nosniff
    status:
      code: 200
      message: OK
- request:
    body: 'b''{"id": "/subscriptions/00000000-0000-0000-0000-000000000000/resourceGroups/cli_vnet_test000001/providers/Microsoft.Network/virtualNetworks/vnet1",
      "location": "westus", "tags": {}, "properties": {"addressSpace": {"addressPrefixes":
      ["20.0.0.0/24", "10.0.0.0/16"]}, "dhcpOptions": {"dnsServers": []}, "subnets":
      [{"id": "/subscriptions/00000000-0000-0000-0000-000000000000/resourceGroups/cli_vnet_test000001/providers/Microsoft.Network/virtualNetworks/vnet1/subnets/default",
      "properties": {"addressPrefix": "10.0.0.0/24", "delegations": [], "provisioningState":
      "Succeeded"}, "name": "default", "etag": "W/\\"031d17c6-1483-41bb-83a0-75915163b5d5\\""}],
      "virtualNetworkPeerings": [], "resourceGuid": "c774e682-33ac-4ce9-91e0-438800c4a93f",
      "provisioningState": "Succeeded", "enableDdosProtection": false, "enableVmProtection":
      false}, "etag": "W/\\"031d17c6-1483-41bb-83a0-75915163b5d5\\""}'''
    headers:
      Accept:
      - application/json
      Accept-Encoding:
      - gzip, deflate
      CommandName:
      - network vnet update
      Connection:
      - keep-alive
      Content-Length:
      - '997'
      Content-Type:
      - application/json; charset=utf-8
      ParameterSetName:
      - --resource-group --name --set
      User-Agent:
      - python/3.7.3 (Windows-10-10.0.17763-SP0) msrest/0.6.6 msrest_azure/0.6.0 networkmanagementclient/2.6.0
        Azure-SDK-For-Python AZURECLI/2.0.62
      accept-language:
      - en-US
    method: PUT
    uri: https://management.azure.com/subscriptions/00000000-0000-0000-0000-000000000000/resourceGroups/cli_vnet_test000001/providers/Microsoft.Network/virtualNetworks/vnet1?api-version=2018-12-01
  response:
    body:
      string: "{\r\n  \"name\": \"vnet1\",\r\n  \"id\": \"/subscriptions/00000000-0000-0000-0000-000000000000/resourceGroups/cli_vnet_test000001/providers/Microsoft.Network/virtualNetworks/vnet1\",\r\n
        \ \"etag\": \"W/\\\"b604afb2-e4db-4ee0-9014-bdd83f0149a0\\\"\",\r\n  \"type\":
        \"Microsoft.Network/virtualNetworks\",\r\n  \"location\": \"westus\",\r\n
        \ \"tags\": {},\r\n  \"properties\": {\r\n    \"provisioningState\": \"Updating\",\r\n
        \   \"resourceGuid\": \"c774e682-33ac-4ce9-91e0-438800c4a93f\",\r\n    \"addressSpace\":
        {\r\n      \"addressPrefixes\": [\r\n        \"20.0.0.0/24\",\r\n        \"10.0.0.0/16\"\r\n
        \     ]\r\n    },\r\n    \"dhcpOptions\": {\r\n      \"dnsServers\": []\r\n
        \   },\r\n    \"subnets\": [\r\n      {\r\n        \"name\": \"default\",\r\n
        \       \"id\": \"/subscriptions/00000000-0000-0000-0000-000000000000/resourceGroups/cli_vnet_test000001/providers/Microsoft.Network/virtualNetworks/vnet1/subnets/default\",\r\n
        \       \"etag\": \"W/\\\"b604afb2-e4db-4ee0-9014-bdd83f0149a0\\\"\",\r\n
        \       \"properties\": {\r\n          \"provisioningState\": \"Updating\",\r\n
        \         \"addressPrefix\": \"10.0.0.0/24\",\r\n          \"delegations\":
        []\r\n        },\r\n        \"type\": \"Microsoft.Network/virtualNetworks/subnets\"\r\n
        \     }\r\n    ],\r\n    \"virtualNetworkPeerings\": [],\r\n    \"enableDdosProtection\":
        false,\r\n    \"enableVmProtection\": false\r\n  }\r\n}"
    headers:
      azure-asyncoperation:
      - https://management.azure.com/subscriptions/00000000-0000-0000-0000-000000000000/providers/Microsoft.Network/locations/westus/operations/34805526-cfc5-400a-ae40-81d2cdfb15ba?api-version=2018-12-01
      cache-control:
      - no-cache
      content-length:
      - '1346'
      content-type:
      - application/json; charset=utf-8
      date:
      - Tue, 16 Apr 2019 16:54:51 GMT
      expires:
      - '-1'
      pragma:
      - no-cache
      server:
      - Microsoft-HTTPAPI/2.0
      - Microsoft-HTTPAPI/2.0
      strict-transport-security:
      - max-age=31536000; includeSubDomains
      transfer-encoding:
      - chunked
      vary:
      - Accept-Encoding
      x-content-type-options:
      - nosniff
      x-ms-ratelimit-remaining-subscription-writes:
      - '1198'
    status:
      code: 200
      message: OK
- request:
    body: null
    headers:
      Accept:
      - application/json
      Accept-Encoding:
      - gzip, deflate
      CommandName:
      - network vnet update
      Connection:
      - keep-alive
      ParameterSetName:
      - --resource-group --name --set
      User-Agent:
      - python/3.7.3 (Windows-10-10.0.17763-SP0) msrest/0.6.6 msrest_azure/0.6.0 networkmanagementclient/2.6.0
        Azure-SDK-For-Python AZURECLI/2.0.62
    method: GET
    uri: https://management.azure.com/subscriptions/00000000-0000-0000-0000-000000000000/providers/Microsoft.Network/locations/westus/operations/34805526-cfc5-400a-ae40-81d2cdfb15ba?api-version=2018-12-01
  response:
    body:
      string: "{\r\n  \"status\": \"Succeeded\"\r\n}"
    headers:
      cache-control:
      - no-cache
      content-length:
      - '29'
      content-type:
      - application/json; charset=utf-8
      date:
      - Tue, 16 Apr 2019 16:54:54 GMT
      expires:
      - '-1'
      pragma:
      - no-cache
      server:
      - Microsoft-HTTPAPI/2.0
      - Microsoft-HTTPAPI/2.0
      strict-transport-security:
      - max-age=31536000; includeSubDomains
      transfer-encoding:
      - chunked
      vary:
      - Accept-Encoding
      x-content-type-options:
      - nosniff
    status:
      code: 200
      message: OK
- request:
    body: null
    headers:
      Accept:
      - application/json
      Accept-Encoding:
      - gzip, deflate
      CommandName:
      - network vnet update
      Connection:
      - keep-alive
      ParameterSetName:
      - --resource-group --name --set
      User-Agent:
      - python/3.7.3 (Windows-10-10.0.17763-SP0) msrest/0.6.6 msrest_azure/0.6.0 networkmanagementclient/2.6.0
        Azure-SDK-For-Python AZURECLI/2.0.62
    method: GET
    uri: https://management.azure.com/subscriptions/00000000-0000-0000-0000-000000000000/resourceGroups/cli_vnet_test000001/providers/Microsoft.Network/virtualNetworks/vnet1?api-version=2018-12-01
  response:
    body:
      string: "{\r\n  \"name\": \"vnet1\",\r\n  \"id\": \"/subscriptions/00000000-0000-0000-0000-000000000000/resourceGroups/cli_vnet_test000001/providers/Microsoft.Network/virtualNetworks/vnet1\",\r\n
        \ \"etag\": \"W/\\\"0afed5a4-86d5-4e5b-93ac-9cb99b923ce0\\\"\",\r\n  \"type\":
        \"Microsoft.Network/virtualNetworks\",\r\n  \"location\": \"westus\",\r\n
        \ \"tags\": {},\r\n  \"properties\": {\r\n    \"provisioningState\": \"Succeeded\",\r\n
        \   \"resourceGuid\": \"c774e682-33ac-4ce9-91e0-438800c4a93f\",\r\n    \"addressSpace\":
        {\r\n      \"addressPrefixes\": [\r\n        \"20.0.0.0/24\",\r\n        \"10.0.0.0/16\"\r\n
        \     ]\r\n    },\r\n    \"dhcpOptions\": {\r\n      \"dnsServers\": []\r\n
        \   },\r\n    \"subnets\": [\r\n      {\r\n        \"name\": \"default\",\r\n
        \       \"id\": \"/subscriptions/00000000-0000-0000-0000-000000000000/resourceGroups/cli_vnet_test000001/providers/Microsoft.Network/virtualNetworks/vnet1/subnets/default\",\r\n
        \       \"etag\": \"W/\\\"0afed5a4-86d5-4e5b-93ac-9cb99b923ce0\\\"\",\r\n
        \       \"properties\": {\r\n          \"provisioningState\": \"Succeeded\",\r\n
        \         \"addressPrefix\": \"10.0.0.0/24\",\r\n          \"delegations\":
        []\r\n        },\r\n        \"type\": \"Microsoft.Network/virtualNetworks/subnets\"\r\n
        \     }\r\n    ],\r\n    \"virtualNetworkPeerings\": [],\r\n    \"enableDdosProtection\":
        false,\r\n    \"enableVmProtection\": false\r\n  }\r\n}"
    headers:
      cache-control:
      - no-cache
      content-length:
      - '1348'
      content-type:
      - application/json; charset=utf-8
      date:
      - Tue, 16 Apr 2019 16:54:55 GMT
      etag:
      - W/"0afed5a4-86d5-4e5b-93ac-9cb99b923ce0"
      expires:
      - '-1'
      pragma:
      - no-cache
      server:
      - Microsoft-HTTPAPI/2.0
      - Microsoft-HTTPAPI/2.0
      strict-transport-security:
      - max-age=31536000; includeSubDomains
      transfer-encoding:
      - chunked
      vary:
      - Accept-Encoding
      x-content-type-options:
      - nosniff
    status:
      code: 200
      message: OK
- request:
    body: null
    headers:
      Accept:
      - application/json
      Accept-Encoding:
      - gzip, deflate
      CommandName:
      - network vnet subnet create
      Connection:
      - keep-alive
      ParameterSetName:
      - --resource-group --vnet-name --name --address-prefix
      User-Agent:
      - python/3.7.3 (Windows-10-10.0.17763-SP0) msrest/0.6.6 msrest_azure/0.6.0 networkmanagementclient/2.6.0
        Azure-SDK-For-Python AZURECLI/2.0.62
      accept-language:
      - en-US
    method: GET
    uri: https://management.azure.com/subscriptions/00000000-0000-0000-0000-000000000000/resourceGroups/cli_vnet_test000001/providers/Microsoft.Network/virtualNetworks/vnet1?api-version=2018-12-01
  response:
    body:
      string: "{\r\n  \"name\": \"vnet1\",\r\n  \"id\": \"/subscriptions/00000000-0000-0000-0000-000000000000/resourceGroups/cli_vnet_test000001/providers/Microsoft.Network/virtualNetworks/vnet1\",\r\n
        \ \"etag\": \"W/\\\"0afed5a4-86d5-4e5b-93ac-9cb99b923ce0\\\"\",\r\n  \"type\":
        \"Microsoft.Network/virtualNetworks\",\r\n  \"location\": \"westus\",\r\n
        \ \"tags\": {},\r\n  \"properties\": {\r\n    \"provisioningState\": \"Succeeded\",\r\n
        \   \"resourceGuid\": \"c774e682-33ac-4ce9-91e0-438800c4a93f\",\r\n    \"addressSpace\":
        {\r\n      \"addressPrefixes\": [\r\n        \"20.0.0.0/24\",\r\n        \"10.0.0.0/16\"\r\n
        \     ]\r\n    },\r\n    \"dhcpOptions\": {\r\n      \"dnsServers\": []\r\n
        \   },\r\n    \"subnets\": [\r\n      {\r\n        \"name\": \"default\",\r\n
        \       \"id\": \"/subscriptions/00000000-0000-0000-0000-000000000000/resourceGroups/cli_vnet_test000001/providers/Microsoft.Network/virtualNetworks/vnet1/subnets/default\",\r\n
        \       \"etag\": \"W/\\\"0afed5a4-86d5-4e5b-93ac-9cb99b923ce0\\\"\",\r\n
        \       \"properties\": {\r\n          \"provisioningState\": \"Succeeded\",\r\n
        \         \"addressPrefix\": \"10.0.0.0/24\",\r\n          \"delegations\":
        []\r\n        },\r\n        \"type\": \"Microsoft.Network/virtualNetworks/subnets\"\r\n
        \     }\r\n    ],\r\n    \"virtualNetworkPeerings\": [],\r\n    \"enableDdosProtection\":
        false,\r\n    \"enableVmProtection\": false\r\n  }\r\n}"
    headers:
      cache-control:
      - no-cache
      content-length:
      - '1348'
      content-type:
      - application/json; charset=utf-8
      date:
      - Tue, 16 Apr 2019 16:54:56 GMT
      etag:
      - W/"0afed5a4-86d5-4e5b-93ac-9cb99b923ce0"
      expires:
      - '-1'
      pragma:
      - no-cache
      server:
      - Microsoft-HTTPAPI/2.0
      - Microsoft-HTTPAPI/2.0
      strict-transport-security:
      - max-age=31536000; includeSubDomains
      transfer-encoding:
      - chunked
      vary:
      - Accept-Encoding
      x-content-type-options:
      - nosniff
    status:
      code: 200
      message: OK
- request:
    body: 'b''{"id": "/subscriptions/00000000-0000-0000-0000-000000000000/resourceGroups/cli_vnet_test000001/providers/Microsoft.Network/virtualNetworks/vnet1",
      "location": "westus", "tags": {}, "properties": {"addressSpace": {"addressPrefixes":
      ["20.0.0.0/24", "10.0.0.0/16"]}, "dhcpOptions": {"dnsServers": []}, "subnets":
      [{"id": "/subscriptions/00000000-0000-0000-0000-000000000000/resourceGroups/cli_vnet_test000001/providers/Microsoft.Network/virtualNetworks/vnet1/subnets/default",
      "properties": {"addressPrefix": "10.0.0.0/24", "delegations": [], "provisioningState":
      "Succeeded"}, "name": "default", "etag": "W/\\"0afed5a4-86d5-4e5b-93ac-9cb99b923ce0\\""},
      {"properties": {"addressPrefix": "20.0.0.0/24"}, "name": "subnet1"}], "virtualNetworkPeerings":
      [], "resourceGuid": "c774e682-33ac-4ce9-91e0-438800c4a93f", "provisioningState":
      "Succeeded", "enableDdosProtection": false, "enableVmProtection": false}, "etag":
      "W/\\"0afed5a4-86d5-4e5b-93ac-9cb99b923ce0\\""}'''
    headers:
      Accept:
      - application/json
      Accept-Encoding:
      - gzip, deflate
      CommandName:
      - network vnet subnet create
      Connection:
      - keep-alive
      Content-Length:
      - '1066'
      Content-Type:
      - application/json; charset=utf-8
      ParameterSetName:
      - --resource-group --vnet-name --name --address-prefix
      User-Agent:
      - python/3.7.3 (Windows-10-10.0.17763-SP0) msrest/0.6.6 msrest_azure/0.6.0 networkmanagementclient/2.6.0
        Azure-SDK-For-Python AZURECLI/2.0.62
      accept-language:
      - en-US
    method: PUT
    uri: https://management.azure.com/subscriptions/00000000-0000-0000-0000-000000000000/resourceGroups/cli_vnet_test000001/providers/Microsoft.Network/virtualNetworks/vnet1?api-version=2018-12-01
  response:
    body:
      string: "{\r\n  \"name\": \"vnet1\",\r\n  \"id\": \"/subscriptions/00000000-0000-0000-0000-000000000000/resourceGroups/cli_vnet_test000001/providers/Microsoft.Network/virtualNetworks/vnet1\",\r\n
        \ \"etag\": \"W/\\\"28832b30-4fd8-4472-9903-01d59881d934\\\"\",\r\n  \"type\":
        \"Microsoft.Network/virtualNetworks\",\r\n  \"location\": \"westus\",\r\n
        \ \"tags\": {},\r\n  \"properties\": {\r\n    \"provisioningState\": \"Updating\",\r\n
        \   \"resourceGuid\": \"c774e682-33ac-4ce9-91e0-438800c4a93f\",\r\n    \"addressSpace\":
        {\r\n      \"addressPrefixes\": [\r\n        \"20.0.0.0/24\",\r\n        \"10.0.0.0/16\"\r\n
        \     ]\r\n    },\r\n    \"dhcpOptions\": {\r\n      \"dnsServers\": []\r\n
        \   },\r\n    \"subnets\": [\r\n      {\r\n        \"name\": \"default\",\r\n
        \       \"id\": \"/subscriptions/00000000-0000-0000-0000-000000000000/resourceGroups/cli_vnet_test000001/providers/Microsoft.Network/virtualNetworks/vnet1/subnets/default\",\r\n
        \       \"etag\": \"W/\\\"28832b30-4fd8-4472-9903-01d59881d934\\\"\",\r\n
        \       \"properties\": {\r\n          \"provisioningState\": \"Updating\",\r\n
        \         \"addressPrefix\": \"10.0.0.0/24\",\r\n          \"delegations\":
        []\r\n        },\r\n        \"type\": \"Microsoft.Network/virtualNetworks/subnets\"\r\n
        \     },\r\n      {\r\n        \"name\": \"subnet1\",\r\n        \"id\": \"/subscriptions/00000000-0000-0000-0000-000000000000/resourceGroups/cli_vnet_test000001/providers/Microsoft.Network/virtualNetworks/vnet1/subnets/subnet1\",\r\n
        \       \"etag\": \"W/\\\"28832b30-4fd8-4472-9903-01d59881d934\\\"\",\r\n
        \       \"properties\": {\r\n          \"provisioningState\": \"Updating\",\r\n
        \         \"addressPrefix\": \"20.0.0.0/24\",\r\n          \"delegations\":
        []\r\n        },\r\n        \"type\": \"Microsoft.Network/virtualNetworks/subnets\"\r\n
        \     }\r\n    ],\r\n    \"virtualNetworkPeerings\": [],\r\n    \"enableDdosProtection\":
        false,\r\n    \"enableVmProtection\": false\r\n  }\r\n}"
    headers:
      azure-asyncoperation:
      - https://management.azure.com/subscriptions/00000000-0000-0000-0000-000000000000/providers/Microsoft.Network/locations/westus/operations/04277d56-cbcd-42d4-99ef-5ce8df6c97cb?api-version=2018-12-01
      cache-control:
      - no-cache
      content-length:
      - '1897'
      content-type:
      - application/json; charset=utf-8
      date:
      - Tue, 16 Apr 2019 16:54:56 GMT
      expires:
      - '-1'
      pragma:
      - no-cache
      server:
      - Microsoft-HTTPAPI/2.0
      - Microsoft-HTTPAPI/2.0
      strict-transport-security:
      - max-age=31536000; includeSubDomains
      transfer-encoding:
      - chunked
      vary:
      - Accept-Encoding
      x-content-type-options:
      - nosniff
      x-ms-ratelimit-remaining-subscription-writes:
      - '1198'
    status:
      code: 200
      message: OK
- request:
    body: null
    headers:
      Accept:
      - application/json
      Accept-Encoding:
      - gzip, deflate
      CommandName:
      - network vnet subnet create
      Connection:
      - keep-alive
      ParameterSetName:
      - --resource-group --vnet-name --name --address-prefix
      User-Agent:
      - python/3.7.3 (Windows-10-10.0.17763-SP0) msrest/0.6.6 msrest_azure/0.6.0 networkmanagementclient/2.6.0
        Azure-SDK-For-Python AZURECLI/2.0.62
    method: GET
    uri: https://management.azure.com/subscriptions/00000000-0000-0000-0000-000000000000/providers/Microsoft.Network/locations/westus/operations/04277d56-cbcd-42d4-99ef-5ce8df6c97cb?api-version=2018-12-01
  response:
    body:
      string: "{\r\n  \"status\": \"Succeeded\"\r\n}"
    headers:
      cache-control:
      - no-cache
      content-length:
      - '29'
      content-type:
      - application/json; charset=utf-8
      date:
      - Tue, 16 Apr 2019 16:54:59 GMT
      expires:
      - '-1'
      pragma:
      - no-cache
      server:
      - Microsoft-HTTPAPI/2.0
      - Microsoft-HTTPAPI/2.0
      strict-transport-security:
      - max-age=31536000; includeSubDomains
      transfer-encoding:
      - chunked
      vary:
      - Accept-Encoding
      x-content-type-options:
      - nosniff
    status:
      code: 200
      message: OK
- request:
    body: null
    headers:
      Accept:
      - application/json
      Accept-Encoding:
      - gzip, deflate
      CommandName:
      - network vnet subnet create
      Connection:
      - keep-alive
      ParameterSetName:
      - --resource-group --vnet-name --name --address-prefix
      User-Agent:
      - python/3.7.3 (Windows-10-10.0.17763-SP0) msrest/0.6.6 msrest_azure/0.6.0 networkmanagementclient/2.6.0
        Azure-SDK-For-Python AZURECLI/2.0.62
    method: GET
    uri: https://management.azure.com/subscriptions/00000000-0000-0000-0000-000000000000/resourceGroups/cli_vnet_test000001/providers/Microsoft.Network/virtualNetworks/vnet1?api-version=2018-12-01
  response:
    body:
      string: "{\r\n  \"name\": \"vnet1\",\r\n  \"id\": \"/subscriptions/00000000-0000-0000-0000-000000000000/resourceGroups/cli_vnet_test000001/providers/Microsoft.Network/virtualNetworks/vnet1\",\r\n
        \ \"etag\": \"W/\\\"fbb96c5a-3fa4-4571-a649-71c9aa463bfa\\\"\",\r\n  \"type\":
        \"Microsoft.Network/virtualNetworks\",\r\n  \"location\": \"westus\",\r\n
        \ \"tags\": {},\r\n  \"properties\": {\r\n    \"provisioningState\": \"Succeeded\",\r\n
        \   \"resourceGuid\": \"c774e682-33ac-4ce9-91e0-438800c4a93f\",\r\n    \"addressSpace\":
        {\r\n      \"addressPrefixes\": [\r\n        \"20.0.0.0/24\",\r\n        \"10.0.0.0/16\"\r\n
        \     ]\r\n    },\r\n    \"dhcpOptions\": {\r\n      \"dnsServers\": []\r\n
        \   },\r\n    \"subnets\": [\r\n      {\r\n        \"name\": \"default\",\r\n
        \       \"id\": \"/subscriptions/00000000-0000-0000-0000-000000000000/resourceGroups/cli_vnet_test000001/providers/Microsoft.Network/virtualNetworks/vnet1/subnets/default\",\r\n
        \       \"etag\": \"W/\\\"fbb96c5a-3fa4-4571-a649-71c9aa463bfa\\\"\",\r\n
        \       \"properties\": {\r\n          \"provisioningState\": \"Succeeded\",\r\n
        \         \"addressPrefix\": \"10.0.0.0/24\",\r\n          \"delegations\":
        []\r\n        },\r\n        \"type\": \"Microsoft.Network/virtualNetworks/subnets\"\r\n
        \     },\r\n      {\r\n        \"name\": \"subnet1\",\r\n        \"id\": \"/subscriptions/00000000-0000-0000-0000-000000000000/resourceGroups/cli_vnet_test000001/providers/Microsoft.Network/virtualNetworks/vnet1/subnets/subnet1\",\r\n
        \       \"etag\": \"W/\\\"fbb96c5a-3fa4-4571-a649-71c9aa463bfa\\\"\",\r\n
        \       \"properties\": {\r\n          \"provisioningState\": \"Succeeded\",\r\n
        \         \"addressPrefix\": \"20.0.0.0/24\",\r\n          \"delegations\":
        []\r\n        },\r\n        \"type\": \"Microsoft.Network/virtualNetworks/subnets\"\r\n
        \     }\r\n    ],\r\n    \"virtualNetworkPeerings\": [],\r\n    \"enableDdosProtection\":
        false,\r\n    \"enableVmProtection\": false\r\n  }\r\n}"
    headers:
      cache-control:
      - no-cache
      content-length:
      - '1900'
      content-type:
      - application/json; charset=utf-8
      date:
      - Tue, 16 Apr 2019 16:54:59 GMT
      etag:
      - W/"fbb96c5a-3fa4-4571-a649-71c9aa463bfa"
      expires:
      - '-1'
      pragma:
      - no-cache
      server:
      - Microsoft-HTTPAPI/2.0
      - Microsoft-HTTPAPI/2.0
      strict-transport-security:
      - max-age=31536000; includeSubDomains
      transfer-encoding:
      - chunked
      vary:
      - Accept-Encoding
      x-content-type-options:
      - nosniff
    status:
      code: 200
      message: OK
- request:
    body: null
    headers:
      Accept:
      - application/json
      Accept-Encoding:
      - gzip, deflate
      CommandName:
      - network vnet subnet list
      Connection:
      - keep-alive
      ParameterSetName:
      - --resource-group --vnet-name
      User-Agent:
      - python/3.7.3 (Windows-10-10.0.17763-SP0) msrest/0.6.6 msrest_azure/0.6.0 networkmanagementclient/2.6.0
        Azure-SDK-For-Python AZURECLI/2.0.62
      accept-language:
      - en-US
    method: GET
    uri: https://management.azure.com/subscriptions/00000000-0000-0000-0000-000000000000/resourceGroups/cli_vnet_test000001/providers/Microsoft.Network/virtualNetworks/vnet1/subnets?api-version=2018-12-01
  response:
    body:
      string: "{\r\n  \"value\": [\r\n    {\r\n      \"name\": \"default\",\r\n      \"id\":
        \"/subscriptions/00000000-0000-0000-0000-000000000000/resourceGroups/cli_vnet_test000001/providers/Microsoft.Network/virtualNetworks/vnet1/subnets/default\",\r\n
        \     \"etag\": \"W/\\\"fbb96c5a-3fa4-4571-a649-71c9aa463bfa\\\"\",\r\n      \"properties\":
        {\r\n        \"provisioningState\": \"Succeeded\",\r\n        \"addressPrefix\":
        \"10.0.0.0/24\",\r\n        \"delegations\": []\r\n      },\r\n      \"type\":
        \"Microsoft.Network/virtualNetworks/subnets\"\r\n    },\r\n    {\r\n      \"name\":
        \"subnet1\",\r\n      \"id\": \"/subscriptions/00000000-0000-0000-0000-000000000000/resourceGroups/cli_vnet_test000001/providers/Microsoft.Network/virtualNetworks/vnet1/subnets/subnet1\",\r\n
        \     \"etag\": \"W/\\\"fbb96c5a-3fa4-4571-a649-71c9aa463bfa\\\"\",\r\n      \"properties\":
        {\r\n        \"provisioningState\": \"Succeeded\",\r\n        \"addressPrefix\":
        \"20.0.0.0/24\",\r\n        \"delegations\": []\r\n      },\r\n      \"type\":
        \"Microsoft.Network/virtualNetworks/subnets\"\r\n    }\r\n  ]\r\n}"
    headers:
      cache-control:
      - no-cache
      content-length:
      - '1082'
      content-type:
      - application/json; charset=utf-8
      date:
      - Tue, 16 Apr 2019 16:54:59 GMT
      expires:
      - '-1'
      pragma:
      - no-cache
      server:
      - Microsoft-HTTPAPI/2.0
      - Microsoft-HTTPAPI/2.0
      strict-transport-security:
      - max-age=31536000; includeSubDomains
      transfer-encoding:
      - chunked
      vary:
      - Accept-Encoding
      x-content-type-options:
      - nosniff
    status:
      code: 200
      message: OK
- request:
    body: null
    headers:
      Accept:
      - application/json
      Accept-Encoding:
      - gzip, deflate
      CommandName:
      - network vnet subnet show
      Connection:
      - keep-alive
      ParameterSetName:
      - --resource-group --vnet-name --name
      User-Agent:
      - python/3.7.3 (Windows-10-10.0.17763-SP0) msrest/0.6.6 msrest_azure/0.6.0 networkmanagementclient/2.6.0
        Azure-SDK-For-Python AZURECLI/2.0.62
      accept-language:
      - en-US
    method: GET
    uri: https://management.azure.com/subscriptions/00000000-0000-0000-0000-000000000000/resourceGroups/cli_vnet_test000001/providers/Microsoft.Network/virtualNetworks/vnet1/subnets/subnet1?api-version=2018-12-01
  response:
    body:
      string: "{\r\n  \"name\": \"subnet1\",\r\n  \"id\": \"/subscriptions/00000000-0000-0000-0000-000000000000/resourceGroups/cli_vnet_test000001/providers/Microsoft.Network/virtualNetworks/vnet1/subnets/subnet1\",\r\n
        \ \"etag\": \"W/\\\"fbb96c5a-3fa4-4571-a649-71c9aa463bfa\\\"\",\r\n  \"properties\":
        {\r\n    \"provisioningState\": \"Succeeded\",\r\n    \"addressPrefix\": \"20.0.0.0/24\",\r\n
        \   \"delegations\": []\r\n  },\r\n  \"type\": \"Microsoft.Network/virtualNetworks/subnets\"\r\n}"
    headers:
      cache-control:
      - no-cache
      content-length:
      - '483'
      content-type:
      - application/json; charset=utf-8
      date:
      - Tue, 16 Apr 2019 16:55:00 GMT
      etag:
      - W/"fbb96c5a-3fa4-4571-a649-71c9aa463bfa"
      expires:
      - '-1'
      pragma:
      - no-cache
      server:
      - Microsoft-HTTPAPI/2.0
      - Microsoft-HTTPAPI/2.0
      strict-transport-security:
      - max-age=31536000; includeSubDomains
      transfer-encoding:
      - chunked
      vary:
      - Accept-Encoding
      x-content-type-options:
      - nosniff
    status:
      code: 200
      message: OK
- request:
    body: null
    headers:
      Accept:
      - application/json
      Accept-Encoding:
      - gzip, deflate
      CommandName:
      - network vnet subnet delete
      Connection:
      - keep-alive
      Content-Length:
      - '0'
      ParameterSetName:
      - --resource-group --vnet-name --name
      User-Agent:
      - python/3.7.3 (Windows-10-10.0.17763-SP0) msrest/0.6.6 msrest_azure/0.6.0 networkmanagementclient/2.6.0
        Azure-SDK-For-Python AZURECLI/2.0.62
      accept-language:
      - en-US
    method: DELETE
    uri: https://management.azure.com/subscriptions/00000000-0000-0000-0000-000000000000/resourceGroups/cli_vnet_test000001/providers/Microsoft.Network/virtualNetworks/vnet1/subnets/subnet1?api-version=2018-12-01
  response:
    body:
      string: ''
    headers:
      azure-asyncoperation:
      - https://management.azure.com/subscriptions/00000000-0000-0000-0000-000000000000/providers/Microsoft.Network/locations/westus/operations/d60dcf12-2700-4072-aaea-fc7f00a03735?api-version=2018-12-01
      cache-control:
      - no-cache
      content-length:
      - '0'
      date:
      - Tue, 16 Apr 2019 16:55:00 GMT
      expires:
      - '-1'
      location:
      - https://management.azure.com/subscriptions/00000000-0000-0000-0000-000000000000/providers/Microsoft.Network/locations/westus/operationResults/d60dcf12-2700-4072-aaea-fc7f00a03735?api-version=2018-12-01
      pragma:
      - no-cache
      server:
      - Microsoft-HTTPAPI/2.0
      - Microsoft-HTTPAPI/2.0
      strict-transport-security:
      - max-age=31536000; includeSubDomains
      x-content-type-options:
      - nosniff
      x-ms-ratelimit-remaining-subscription-deletes:
      - '14999'
    status:
      code: 202
      message: Accepted
- request:
    body: null
    headers:
      Accept:
      - application/json
      Accept-Encoding:
      - gzip, deflate
      CommandName:
      - network vnet subnet delete
      Connection:
      - keep-alive
      ParameterSetName:
      - --resource-group --vnet-name --name
      User-Agent:
      - python/3.7.3 (Windows-10-10.0.17763-SP0) msrest/0.6.6 msrest_azure/0.6.0 networkmanagementclient/2.6.0
        Azure-SDK-For-Python AZURECLI/2.0.62
    method: GET
    uri: https://management.azure.com/subscriptions/00000000-0000-0000-0000-000000000000/providers/Microsoft.Network/locations/westus/operations/d60dcf12-2700-4072-aaea-fc7f00a03735?api-version=2018-12-01
  response:
    body:
      string: "{\r\n  \"status\": \"Succeeded\"\r\n}"
    headers:
      cache-control:
      - no-cache
      content-length:
      - '29'
      content-type:
      - application/json; charset=utf-8
      date:
      - Tue, 16 Apr 2019 16:55:11 GMT
      expires:
      - '-1'
      pragma:
      - no-cache
      server:
      - Microsoft-HTTPAPI/2.0
      - Microsoft-HTTPAPI/2.0
      strict-transport-security:
      - max-age=31536000; includeSubDomains
      transfer-encoding:
      - chunked
      vary:
      - Accept-Encoding
      x-content-type-options:
      - nosniff
    status:
      code: 200
      message: OK
- request:
    body: null
    headers:
      Accept:
      - application/json
      Accept-Encoding:
      - gzip, deflate
      CommandName:
      - network vnet subnet list
      Connection:
      - keep-alive
      ParameterSetName:
      - --resource-group --vnet-name
      User-Agent:
      - python/3.7.3 (Windows-10-10.0.17763-SP0) msrest/0.6.6 msrest_azure/0.6.0 networkmanagementclient/2.6.0
        Azure-SDK-For-Python AZURECLI/2.0.62
      accept-language:
      - en-US
    method: GET
    uri: https://management.azure.com/subscriptions/00000000-0000-0000-0000-000000000000/resourceGroups/cli_vnet_test000001/providers/Microsoft.Network/virtualNetworks/vnet1/subnets?api-version=2018-12-01
  response:
    body:
      string: "{\r\n  \"value\": [\r\n    {\r\n      \"name\": \"default\",\r\n      \"id\":
        \"/subscriptions/00000000-0000-0000-0000-000000000000/resourceGroups/cli_vnet_test000001/providers/Microsoft.Network/virtualNetworks/vnet1/subnets/default\",\r\n
        \     \"etag\": \"W/\\\"d0e67974-9b4e-45fd-8cba-3eaa854fba9a\\\"\",\r\n      \"properties\":
        {\r\n        \"provisioningState\": \"Succeeded\",\r\n        \"addressPrefix\":
        \"10.0.0.0/24\",\r\n        \"delegations\": []\r\n      },\r\n      \"type\":
        \"Microsoft.Network/virtualNetworks/subnets\"\r\n    }\r\n  ]\r\n}"
    headers:
      cache-control:
      - no-cache
      content-length:
      - '552'
      content-type:
      - application/json; charset=utf-8
      date:
      - Tue, 16 Apr 2019 16:55:13 GMT
      expires:
      - '-1'
      pragma:
      - no-cache
      server:
      - Microsoft-HTTPAPI/2.0
      - Microsoft-HTTPAPI/2.0
      strict-transport-security:
      - max-age=31536000; includeSubDomains
      transfer-encoding:
      - chunked
      vary:
      - Accept-Encoding
      x-content-type-options:
      - nosniff
    status:
      code: 200
      message: OK
- request:
    body: null
    headers:
      Accept:
      - application/json
      Accept-Encoding:
      - gzip, deflate
      CommandName:
      - network vnet list
      Connection:
      - keep-alive
      ParameterSetName:
      - --resource-group
      User-Agent:
      - python/3.7.3 (Windows-10-10.0.17763-SP0) msrest/0.6.6 msrest_azure/0.6.0 networkmanagementclient/2.6.0
        Azure-SDK-For-Python AZURECLI/2.0.62
      accept-language:
      - en-US
    method: GET
    uri: https://management.azure.com/subscriptions/00000000-0000-0000-0000-000000000000/resourceGroups/cli_vnet_test000001/providers/Microsoft.Network/virtualNetworks?api-version=2018-12-01
  response:
    body:
      string: "{\r\n  \"value\": [\r\n    {\r\n      \"name\": \"vnet1\",\r\n      \"id\":
        \"/subscriptions/00000000-0000-0000-0000-000000000000/resourceGroups/cli_vnet_test000001/providers/Microsoft.Network/virtualNetworks/vnet1\",\r\n
        \     \"etag\": \"W/\\\"d0e67974-9b4e-45fd-8cba-3eaa854fba9a\\\"\",\r\n      \"type\":
        \"Microsoft.Network/virtualNetworks\",\r\n      \"location\": \"westus\",\r\n
        \     \"tags\": {},\r\n      \"properties\": {\r\n        \"provisioningState\":
        \"Succeeded\",\r\n        \"resourceGuid\": \"c774e682-33ac-4ce9-91e0-438800c4a93f\",\r\n
        \       \"addressSpace\": {\r\n          \"addressPrefixes\": [\r\n            \"20.0.0.0/24\",\r\n
        \           \"10.0.0.0/16\"\r\n          ]\r\n        },\r\n        \"dhcpOptions\":
        {\r\n          \"dnsServers\": []\r\n        },\r\n        \"subnets\": [\r\n
        \         {\r\n            \"name\": \"default\",\r\n            \"id\": \"/subscriptions/00000000-0000-0000-0000-000000000000/resourceGroups/cli_vnet_test000001/providers/Microsoft.Network/virtualNetworks/vnet1/subnets/default\",\r\n
        \           \"etag\": \"W/\\\"d0e67974-9b4e-45fd-8cba-3eaa854fba9a\\\"\",\r\n
        \           \"properties\": {\r\n              \"provisioningState\": \"Succeeded\",\r\n
        \             \"addressPrefix\": \"10.0.0.0/24\",\r\n              \"delegations\":
        []\r\n            },\r\n            \"type\": \"Microsoft.Network/virtualNetworks/subnets\"\r\n
        \         }\r\n        ],\r\n        \"virtualNetworkPeerings\": [],\r\n        \"enableDdosProtection\":
        false,\r\n        \"enableVmProtection\": false\r\n      }\r\n    }\r\n  ]\r\n}"
    headers:
      cache-control:
      - no-cache
      content-length:
      - '1521'
      content-type:
      - application/json; charset=utf-8
      date:
      - Tue, 16 Apr 2019 16:55:13 GMT
      expires:
      - '-1'
      pragma:
      - no-cache
      server:
      - Microsoft-HTTPAPI/2.0
      - Microsoft-HTTPAPI/2.0
      strict-transport-security:
      - max-age=31536000; includeSubDomains
      transfer-encoding:
      - chunked
      vary:
      - Accept-Encoding
      x-content-type-options:
      - nosniff
    status:
      code: 200
      message: OK
- request:
    body: null
    headers:
      Accept:
      - application/json
      Accept-Encoding:
      - gzip, deflate
      CommandName:
      - network vnet delete
      Connection:
      - keep-alive
      Content-Length:
      - '0'
      ParameterSetName:
      - --resource-group --name
      User-Agent:
      - python/3.7.3 (Windows-10-10.0.17763-SP0) msrest/0.6.6 msrest_azure/0.6.0 networkmanagementclient/2.6.0
        Azure-SDK-For-Python AZURECLI/2.0.62
      accept-language:
      - en-US
    method: DELETE
    uri: https://management.azure.com/subscriptions/00000000-0000-0000-0000-000000000000/resourceGroups/cli_vnet_test000001/providers/Microsoft.Network/virtualNetworks/vnet1?api-version=2018-12-01
  response:
    body:
      string: ''
    headers:
      azure-asyncoperation:
      - https://management.azure.com/subscriptions/00000000-0000-0000-0000-000000000000/providers/Microsoft.Network/locations/westus/operations/7ab6e305-0cfc-4d79-b70d-786f084824e8?api-version=2018-12-01
      cache-control:
      - no-cache
      content-length:
      - '0'
      date:
      - Tue, 16 Apr 2019 16:55:13 GMT
      expires:
      - '-1'
      location:
      - https://management.azure.com/subscriptions/00000000-0000-0000-0000-000000000000/providers/Microsoft.Network/locations/westus/operationResults/7ab6e305-0cfc-4d79-b70d-786f084824e8?api-version=2018-12-01
      pragma:
      - no-cache
      server:
      - Microsoft-HTTPAPI/2.0
      - Microsoft-HTTPAPI/2.0
      strict-transport-security:
      - max-age=31536000; includeSubDomains
      x-content-type-options:
      - nosniff
      x-ms-ratelimit-remaining-subscription-deletes:
      - '14999'
    status:
      code: 202
      message: Accepted
- request:
    body: null
    headers:
      Accept:
      - application/json
      Accept-Encoding:
      - gzip, deflate
      CommandName:
      - network vnet delete
      Connection:
      - keep-alive
      ParameterSetName:
      - --resource-group --name
      User-Agent:
      - python/3.7.3 (Windows-10-10.0.17763-SP0) msrest/0.6.6 msrest_azure/0.6.0 networkmanagementclient/2.6.0
        Azure-SDK-For-Python AZURECLI/2.0.62
    method: GET
    uri: https://management.azure.com/subscriptions/00000000-0000-0000-0000-000000000000/providers/Microsoft.Network/locations/westus/operations/7ab6e305-0cfc-4d79-b70d-786f084824e8?api-version=2018-12-01
  response:
    body:
      string: "{\r\n  \"status\": \"Succeeded\"\r\n}"
    headers:
      cache-control:
      - no-cache
      content-length:
      - '29'
      content-type:
      - application/json; charset=utf-8
      date:
      - Tue, 16 Apr 2019 16:55:24 GMT
      expires:
      - '-1'
      pragma:
      - no-cache
      server:
      - Microsoft-HTTPAPI/2.0
      - Microsoft-HTTPAPI/2.0
      strict-transport-security:
      - max-age=31536000; includeSubDomains
      transfer-encoding:
      - chunked
      vary:
      - Accept-Encoding
      x-content-type-options:
      - nosniff
    status:
      code: 200
      message: OK
- request:
    body: null
    headers:
      Accept:
      - application/json
      Accept-Encoding:
      - gzip, deflate
      CommandName:
      - network vnet list
      Connection:
      - keep-alive
      ParameterSetName:
      - --resource-group
      User-Agent:
      - python/3.7.3 (Windows-10-10.0.17763-SP0) msrest/0.6.6 msrest_azure/0.6.0 networkmanagementclient/2.6.0
        Azure-SDK-For-Python AZURECLI/2.0.62
      accept-language:
      - en-US
    method: GET
    uri: https://management.azure.com/subscriptions/00000000-0000-0000-0000-000000000000/resourceGroups/cli_vnet_test000001/providers/Microsoft.Network/virtualNetworks?api-version=2018-12-01
  response:
    body:
      string: "{\r\n  \"value\": []\r\n}"
    headers:
      cache-control:
      - no-cache
      content-length:
      - '19'
      content-type:
      - application/json; charset=utf-8
      date:
      - Tue, 16 Apr 2019 16:55:26 GMT
      expires:
      - '-1'
      pragma:
      - no-cache
      server:
      - Microsoft-HTTPAPI/2.0
      - Microsoft-HTTPAPI/2.0
      strict-transport-security:
      - max-age=31536000; includeSubDomains
      transfer-encoding:
      - chunked
      vary:
      - Accept-Encoding
      x-content-type-options:
      - nosniff
    status:
      code: 200
      message: OK
- request:
    body: null
    headers:
      Accept:
      - application/json
      Accept-Encoding:
      - gzip, deflate
      CommandName:
      - group delete
      Connection:
      - keep-alive
      Content-Length:
      - '0'
      ParameterSetName:
      - --name --yes --no-wait
      User-Agent:
      - python/3.7.3 (Windows-10-10.0.17763-SP0) msrest/0.6.6 msrest_azure/0.6.0 resourcemanagementclient/2.1.0
        Azure-SDK-For-Python AZURECLI/2.0.62
      accept-language:
      - en-US
    method: DELETE
    uri: https://management.azure.com/subscriptions/00000000-0000-0000-0000-000000000000/resourcegroups/cli_vnet_test000001?api-version=2018-05-01
  response:
    body:
      string: ''
    headers:
      cache-control:
      - no-cache
      content-length:
      - '0'
      date:
      - Tue, 16 Apr 2019 16:55:26 GMT
      expires:
      - '-1'
      location:
      - https://management.azure.com/subscriptions/00000000-0000-0000-0000-000000000000/operationresults/eyJqb2JJZCI6IlJFU09VUkNFR1JPVVBERUxFVElPTkpPQi1DTEk6NUZWTkVUOjVGVEVTVFVQRVdHWEpYS1VOT1U1WlczQU5EQzQ1UU9SWDZVTXwyQjM5RUZGOTA1RTM5Mjk4LVdFU1RVUyIsImpvYkxvY2F0aW9uIjoid2VzdHVzIn0?api-version=2018-05-01
      pragma:
      - no-cache
      strict-transport-security:
      - max-age=31536000; includeSubDomains
      x-content-type-options:
      - nosniff
      x-ms-ratelimit-remaining-subscription-deletes:
      - '14999'
    status:
      code: 202
      message: Accepted
version: 1
