interactions:
- request:
    body: '{"kind": "Face", "sku": {"name": "E0"}, "identity": {"type": "SystemAssigned"},
      "location": "centraluseuap", "properties": {"encryption": {"keySource": "Microsoft.CognitiveServices"}}}'
    headers:
      Accept:
      - application/json
      Accept-Encoding:
      - gzip, deflate
      CommandName:
      - cognitiveservices account create
      Connection:
      - keep-alive
      Content-Length:
      - '184'
      Content-Type:
      - application/json
      ParameterSetName:
      - -n -g --kind --sku -l --assign-identity --encryption --yes
      User-Agent:
      - AZURECLI/2.24.0 azsdk-python-mgmt-cognitiveservices/12.0.0 Python/3.8.8 (Windows-10-10.0.19041-SP0)
    method: PUT
    uri: https://management.azure.com/subscriptions/00000000-0000-0000-0000-000000000000/resourceGroups/clitest.rg000001/providers/Microsoft.CognitiveServices/accounts/cs_cli_test_000002?api-version=2021-04-30
  response:
    body:
      string: '{"id":"/subscriptions/00000000-0000-0000-0000-000000000000/resourceGroups/clitest.rg000001/providers/Microsoft.CognitiveServices/accounts/cs_cli_test_000002","name":"cs_cli_test_000002","type":"Microsoft.CognitiveServices/accounts","etag":"\"00000104-0000-3300-0000-60c169610000\"","systemData":{"createdBy":"v-jiechen@microsoft.com","createdByType":"User","createdAt":"2021-06-10T01:22:35.6850621Z","lastModifiedBy":"v-jiechen@microsoft.com","lastModifiedByType":"User","lastModifiedAt":"2021-06-10T01:22:35.6850621Z"},"location":"centraluseuap","sku":{"name":"E0"},"kind":"Face","properties":{"endpoint":"https://centraluseuap.api.cognitive.microsoft.com/","dateCreated":"2021-06-10T01:22:41.1125Z","callRateLimit":{"rules":[{"key":"face","renewalPeriod":1,"count":15,"dynamicThrottlingEnabled":false,"matchPatterns":[{"path":"face/*","method":"*"}]},{"key":"container.billing","renewalPeriod":10,"count":500,"dynamicThrottlingEnabled":false,"matchPatterns":[{"path":"billing/*","method":"*"}]},{"key":"default","renewalPeriod":1,"count":15,"dynamicThrottlingEnabled":false,"matchPatterns":[{"path":"*","method":"*"}]}]},"encryption":{"keySource":"Microsoft.CognitiveServices"},"privateEndpointConnections":[],"publicNetworkAccess":"Enabled","capabilities":[{"name":"VirtualNetworks"},{"name":"Container","value":"Face.*,Face.Face"},{"name":"CustomerManagedKey"}],"endpoints":{"face":"https://centraluseuap.api.cognitive.microsoft.com/"},"provisioningState":"Creating"},"identity":{"principalId":"8d002236-21c5-40ee-8720-9b53c278f1ae","tenantId":"54826b22-38d6-4fb2-bad9-b7b93a3e9c5a","type":"SystemAssigned","userAssignedIdentities":{}}}'
    headers:
      azure-asyncoperation:
      - https://management.azure.com/subscriptions/00000000-0000-0000-0000-000000000000/providers/Microsoft.CognitiveServices/locations/centraluseuap/operationResults/d6fe411c-837b-4055-baa9-424307cd4d21?api-version=2017-04-18
      cache-control:
      - no-cache
      content-length:
      - '1695'
      content-type:
      - application/json; charset=utf-8
      date:
      - Thu, 10 Jun 2021 01:22:42 GMT
      etag:
      - '"00000104-0000-3300-0000-60c169610000"'
      expires:
      - '-1'
      pragma:
      - no-cache
      server:
      - istio-envoy
      strict-transport-security:
      - max-age=31536000; includeSubDomains
      x-content-type-options:
      - nosniff
      x-envoy-upstream-service-time:
      - '280'
      x-ms-ratelimit-remaining-subscription-writes:
      - '1198'
    status:
      code: 201
      message: Created
- request:
    body: null
    headers:
      Accept:
      - '*/*'
      Accept-Encoding:
      - gzip, deflate
      CommandName:
      - cognitiveservices account create
      Connection:
      - keep-alive
      ParameterSetName:
      - -n -g --kind --sku -l --assign-identity --encryption --yes
      User-Agent:
      - AZURECLI/2.24.0 azsdk-python-mgmt-cognitiveservices/12.0.0 Python/3.8.8 (Windows-10-10.0.19041-SP0)
    method: GET
    uri: https://management.azure.com/subscriptions/00000000-0000-0000-0000-000000000000/providers/Microsoft.CognitiveServices/locations/centraluseuap/operationResults/d6fe411c-837b-4055-baa9-424307cd4d21?api-version=2017-04-18
  response:
    body:
      string: '{"id":"/subscriptions/00000000-0000-0000-0000-000000000000/providers/Microsoft.CognitiveServices/locations/centraluseuap/operationResults/d6fe411c-837b-4055-baa9-424307cd4d21","name":"d6fe411c-837b-4055-baa9-424307cd4d21","status":"Creating","startTime":"2021-06-10T01:22:41Z"}'
    headers:
      cache-control:
      - no-cache
      content-length:
      - '277'
      content-type:
      - application/json; charset=utf-8
      date:
      - Thu, 10 Jun 2021 01:23:12 GMT
      expires:
      - '-1'
      pragma:
      - no-cache
      server:
      - istio-envoy
      strict-transport-security:
      - max-age=31536000; includeSubDomains
      transfer-encoding:
      - chunked
      vary:
      - Accept-Encoding
      x-content-type-options:
      - nosniff
      x-envoy-upstream-service-time:
      - '7'
    status:
      code: 200
      message: OK
- request:
    body: null
    headers:
      Accept:
      - '*/*'
      Accept-Encoding:
      - gzip, deflate
      CommandName:
      - cognitiveservices account create
      Connection:
      - keep-alive
      ParameterSetName:
      - -n -g --kind --sku -l --assign-identity --encryption --yes
      User-Agent:
      - AZURECLI/2.24.0 azsdk-python-mgmt-cognitiveservices/12.0.0 Python/3.8.8 (Windows-10-10.0.19041-SP0)
    method: GET
    uri: https://management.azure.com/subscriptions/00000000-0000-0000-0000-000000000000/providers/Microsoft.CognitiveServices/locations/centraluseuap/operationResults/d6fe411c-837b-4055-baa9-424307cd4d21?api-version=2017-04-18
  response:
    body:
      string: '{"id":"/subscriptions/00000000-0000-0000-0000-000000000000/providers/Microsoft.CognitiveServices/locations/centraluseuap/operationResults/d6fe411c-837b-4055-baa9-424307cd4d21","name":"d6fe411c-837b-4055-baa9-424307cd4d21","status":"Creating","startTime":"2021-06-10T01:22:41Z"}'
    headers:
      cache-control:
      - no-cache
      content-length:
      - '277'
      content-type:
      - application/json; charset=utf-8
      date:
      - Thu, 10 Jun 2021 01:23:43 GMT
      expires:
      - '-1'
      pragma:
      - no-cache
      server:
      - istio-envoy
      strict-transport-security:
      - max-age=31536000; includeSubDomains
      transfer-encoding:
      - chunked
      vary:
      - Accept-Encoding
      x-content-type-options:
      - nosniff
      x-envoy-upstream-service-time:
      - '6'
    status:
      code: 200
      message: OK
- request:
    body: null
    headers:
      Accept:
      - '*/*'
      Accept-Encoding:
      - gzip, deflate
      CommandName:
      - cognitiveservices account create
      Connection:
      - keep-alive
      ParameterSetName:
      - -n -g --kind --sku -l --assign-identity --encryption --yes
      User-Agent:
      - AZURECLI/2.24.0 azsdk-python-mgmt-cognitiveservices/12.0.0 Python/3.8.8 (Windows-10-10.0.19041-SP0)
    method: GET
    uri: https://management.azure.com/subscriptions/00000000-0000-0000-0000-000000000000/providers/Microsoft.CognitiveServices/locations/centraluseuap/operationResults/d6fe411c-837b-4055-baa9-424307cd4d21?api-version=2017-04-18
  response:
    body:
      string: '{"id":"/subscriptions/00000000-0000-0000-0000-000000000000/providers/Microsoft.CognitiveServices/locations/centraluseuap/operationResults/d6fe411c-837b-4055-baa9-424307cd4d21","name":"d6fe411c-837b-4055-baa9-424307cd4d21","status":"Succeeded","startTime":"2021-06-10T01:22:41Z","endTime":"2021-06-10T01:23:49Z"}'
    headers:
      cache-control:
      - no-cache
      content-length:
      - '311'
      content-type:
      - application/json; charset=utf-8
      date:
      - Thu, 10 Jun 2021 01:24:13 GMT
      expires:
      - '-1'
      pragma:
      - no-cache
      server:
      - istio-envoy
      strict-transport-security:
      - max-age=31536000; includeSubDomains
      transfer-encoding:
      - chunked
      vary:
      - Accept-Encoding
      x-content-type-options:
      - nosniff
      x-envoy-upstream-service-time:
      - '7'
    status:
      code: 200
      message: OK
- request:
    body: null
    headers:
      Accept:
      - '*/*'
      Accept-Encoding:
      - gzip, deflate
      CommandName:
      - cognitiveservices account create
      Connection:
      - keep-alive
      ParameterSetName:
      - -n -g --kind --sku -l --assign-identity --encryption --yes
      User-Agent:
      - AZURECLI/2.24.0 azsdk-python-mgmt-cognitiveservices/12.0.0 Python/3.8.8 (Windows-10-10.0.19041-SP0)
    method: GET
    uri: https://management.azure.com/subscriptions/00000000-0000-0000-0000-000000000000/resourceGroups/clitest.rg000001/providers/Microsoft.CognitiveServices/accounts/cs_cli_test_000002?api-version=2021-04-30
  response:
    body:
      string: '{"id":"/subscriptions/00000000-0000-0000-0000-000000000000/resourceGroups/clitest.rg000001/providers/Microsoft.CognitiveServices/accounts/cs_cli_test_000002","name":"cs_cli_test_000002","type":"Microsoft.CognitiveServices/accounts","etag":"\"00001504-0000-3300-0000-60c169a50000\"","systemData":{"createdBy":"v-jiechen@microsoft.com","createdByType":"User","createdAt":"2021-06-10T01:22:35.6850621Z","lastModifiedBy":"v-jiechen@microsoft.com","lastModifiedByType":"User","lastModifiedAt":"2021-06-10T01:22:35.6850621Z"},"location":"centraluseuap","sku":{"name":"E0"},"kind":"Face","properties":{"endpoint":"https://centraluseuap.api.cognitive.microsoft.com/","dateCreated":"2021-06-10T01:22:41.1125Z","callRateLimit":{"rules":[{"key":"face","renewalPeriod":1,"count":15,"dynamicThrottlingEnabled":false,"matchPatterns":[{"path":"face/*","method":"*"}]},{"key":"container.billing","renewalPeriod":10,"count":500,"dynamicThrottlingEnabled":false,"matchPatterns":[{"path":"billing/*","method":"*"}]},{"key":"default","renewalPeriod":1,"count":15,"dynamicThrottlingEnabled":false,"matchPatterns":[{"path":"*","method":"*"}]}]},"encryption":{"keySource":"Microsoft.CognitiveServices"},"privateEndpointConnections":[],"publicNetworkAccess":"Enabled","capabilities":[{"name":"VirtualNetworks"},{"name":"Container","value":"Face.*,Face.Face"},{"name":"CustomerManagedKey"}],"endpoints":{"face":"https://centraluseuap.api.cognitive.microsoft.com/"},"provisioningState":"Succeeded"},"identity":{"principalId":"8d002236-21c5-40ee-8720-9b53c278f1ae","tenantId":"54826b22-38d6-4fb2-bad9-b7b93a3e9c5a","type":"SystemAssigned","userAssignedIdentities":{}}}'
    headers:
      cache-control:
      - no-cache
      content-length:
      - '1696'
      content-type:
      - application/json; charset=utf-8
      date:
      - Thu, 10 Jun 2021 01:24:13 GMT
      etag:
      - '"00001504-0000-3300-0000-60c169a50000"'
      expires:
      - '-1'
      pragma:
      - no-cache
      server:
      - istio-envoy
      strict-transport-security:
      - max-age=31536000; includeSubDomains
      transfer-encoding:
      - chunked
      vary:
      - Accept-Encoding
      x-content-type-options:
      - nosniff
      x-envoy-upstream-service-time:
      - '10'
    status:
      code: 200
      message: OK
- request:
    body: null
    headers:
      Accept:
      - application/json
      Accept-Encoding:
      - gzip, deflate
      CommandName:
      - cognitiveservices account show
      Connection:
      - keep-alive
      ParameterSetName:
      - -n -g
      User-Agent:
      - AZURECLI/2.24.0 azsdk-python-mgmt-cognitiveservices/12.0.0 Python/3.8.8 (Windows-10-10.0.19041-SP0)
    method: GET
    uri: https://management.azure.com/subscriptions/00000000-0000-0000-0000-000000000000/resourceGroups/clitest.rg000001/providers/Microsoft.CognitiveServices/accounts/cs_cli_test_000002?api-version=2021-04-30
  response:
    body:
      string: '{"id":"/subscriptions/00000000-0000-0000-0000-000000000000/resourceGroups/clitest.rg000001/providers/Microsoft.CognitiveServices/accounts/cs_cli_test_000002","name":"cs_cli_test_000002","type":"Microsoft.CognitiveServices/accounts","etag":"\"00001504-0000-3300-0000-60c169a50000\"","systemData":{"createdBy":"v-jiechen@microsoft.com","createdByType":"User","createdAt":"2021-06-10T01:22:35.6850621Z","lastModifiedBy":"v-jiechen@microsoft.com","lastModifiedByType":"User","lastModifiedAt":"2021-06-10T01:22:35.6850621Z"},"location":"centraluseuap","sku":{"name":"E0"},"kind":"Face","properties":{"endpoint":"https://centraluseuap.api.cognitive.microsoft.com/","dateCreated":"2021-06-10T01:22:41.1125Z","callRateLimit":{"rules":[{"key":"face","renewalPeriod":1,"count":15,"dynamicThrottlingEnabled":false,"matchPatterns":[{"path":"face/*","method":"*"}]},{"key":"container.billing","renewalPeriod":10,"count":500,"dynamicThrottlingEnabled":false,"matchPatterns":[{"path":"billing/*","method":"*"}]},{"key":"default","renewalPeriod":1,"count":15,"dynamicThrottlingEnabled":false,"matchPatterns":[{"path":"*","method":"*"}]}]},"encryption":{"keySource":"Microsoft.CognitiveServices"},"privateEndpointConnections":[],"publicNetworkAccess":"Enabled","capabilities":[{"name":"VirtualNetworks"},{"name":"Container","value":"Face.*,Face.Face"},{"name":"CustomerManagedKey"}],"endpoints":{"face":"https://centraluseuap.api.cognitive.microsoft.com/"},"provisioningState":"Succeeded"},"identity":{"principalId":"8d002236-21c5-40ee-8720-9b53c278f1ae","tenantId":"54826b22-38d6-4fb2-bad9-b7b93a3e9c5a","type":"SystemAssigned","userAssignedIdentities":{}}}'
    headers:
      cache-control:
      - no-cache
      content-length:
      - '1696'
      content-type:
      - application/json; charset=utf-8
      date:
      - Thu, 10 Jun 2021 01:24:15 GMT
      etag:
      - '"00001504-0000-3300-0000-60c169a50000"'
      expires:
      - '-1'
      pragma:
      - no-cache
      server:
      - istio-envoy
      strict-transport-security:
      - max-age=31536000; includeSubDomains
      transfer-encoding:
      - chunked
      vary:
      - Accept-Encoding
      x-content-type-options:
      - nosniff
      x-envoy-upstream-service-time:
      - '8'
    status:
      code: 200
      message: OK
- request:
    body: null
    headers:
      Accept:
      - application/json
      Accept-Encoding:
      - gzip, deflate
      CommandName:
      - cognitiveservices account delete
      Connection:
      - keep-alive
      Content-Length:
      - '0'
      ParameterSetName:
      - -n -g
      User-Agent:
      - AZURECLI/2.24.0 azsdk-python-mgmt-cognitiveservices/12.0.0 Python/3.8.8 (Windows-10-10.0.19041-SP0)
    method: DELETE
    uri: https://management.azure.com/subscriptions/00000000-0000-0000-0000-000000000000/resourceGroups/clitest.rg000001/providers/Microsoft.CognitiveServices/accounts/cs_cli_test_000002?api-version=2021-04-30
  response:
    body:
      string: ''
    headers:
      cache-control:
      - no-cache
      content-length:
      - '0'
      date:
      - Thu, 10 Jun 2021 01:24:23 GMT
      expires:
      - '-1'
      pragma:
      - no-cache
      server:
      - istio-envoy
      strict-transport-security:
      - max-age=31536000; includeSubDomains
      x-content-type-options:
      - nosniff
      x-envoy-upstream-service-time:
      - '97'
      x-ms-ratelimit-remaining-subscription-deletes:
      - '14999'
    status:
      code: 200
      message: OK
- request:
    body: '{"kind": "Face", "sku": {"name": "E0"}, "identity": {"type": "SystemAssigned"},
      "location": "centraluseuap", "properties": {}}'
    headers:
      Accept:
      - application/json
      Accept-Encoding:
      - gzip, deflate
      CommandName:
      - cognitiveservices account create
      Connection:
      - keep-alive
      Content-Length:
      - '126'
      Content-Type:
      - application/json
      ParameterSetName:
      - -n -g --kind --sku -l --assign-identity --yes
      User-Agent:
      - AZURECLI/2.24.0 azsdk-python-mgmt-cognitiveservices/12.0.0 Python/3.8.8 (Windows-10-10.0.19041-SP0)
    method: PUT
    uri: https://management.azure.com/subscriptions/00000000-0000-0000-0000-000000000000/resourceGroups/clitest.rg000001/providers/Microsoft.CognitiveServices/accounts/cs_cli_test_000003?api-version=2021-04-30
  response:
    body:
      string: '{"id":"/subscriptions/00000000-0000-0000-0000-000000000000/resourceGroups/clitest.rg000001/providers/Microsoft.CognitiveServices/accounts/cs_cli_test_000003","name":"cs_cli_test_000003","type":"Microsoft.CognitiveServices/accounts","etag":"\"00002804-0000-3300-0000-60c169cf0000\"","systemData":{"createdBy":"v-jiechen@microsoft.com","createdByType":"User","createdAt":"2021-06-10T01:24:26.2781046Z","lastModifiedBy":"v-jiechen@microsoft.com","lastModifiedByType":"User","lastModifiedAt":"2021-06-10T01:24:26.2781046Z"},"location":"centraluseuap","sku":{"name":"E0"},"kind":"Face","properties":{"endpoint":"https://centraluseuap.api.cognitive.microsoft.com/","dateCreated":"2021-06-10T01:24:31.6467563Z","callRateLimit":{"rules":[{"key":"face","renewalPeriod":1,"count":15,"dynamicThrottlingEnabled":false,"matchPatterns":[{"path":"face/*","method":"*"}]},{"key":"container.billing","renewalPeriod":10,"count":500,"dynamicThrottlingEnabled":false,"matchPatterns":[{"path":"billing/*","method":"*"}]},{"key":"default","renewalPeriod":1,"count":15,"dynamicThrottlingEnabled":false,"matchPatterns":[{"path":"*","method":"*"}]}]},"privateEndpointConnections":[],"publicNetworkAccess":"Enabled","capabilities":[{"name":"VirtualNetworks"},{"name":"Container","value":"Face.*,Face.Face"},{"name":"CustomerManagedKey"}],"endpoints":{"face":"https://centraluseuap.api.cognitive.microsoft.com/"},"provisioningState":"Creating"},"identity":{"principalId":"b35688c6-28ee-4b94-9a1c-dcf81acad5fc","tenantId":"54826b22-38d6-4fb2-bad9-b7b93a3e9c5a","type":"SystemAssigned","userAssignedIdentities":{}}}'
    headers:
      azure-asyncoperation:
      - https://management.azure.com/subscriptions/00000000-0000-0000-0000-000000000000/providers/Microsoft.CognitiveServices/locations/centraluseuap/operationResults/274b71e1-95a1-4c15-ac9e-200da27dd4f7?api-version=2017-04-18
      cache-control:
      - no-cache
      content-length:
      - '1641'
      content-type:
      - application/json; charset=utf-8
      date:
      - Thu, 10 Jun 2021 01:24:32 GMT
      etag:
      - '"00002804-0000-3300-0000-60c169cf0000"'
      expires:
      - '-1'
      pragma:
      - no-cache
      server:
      - istio-envoy
      strict-transport-security:
      - max-age=31536000; includeSubDomains
      x-content-type-options:
      - nosniff
      x-envoy-upstream-service-time:
      - '248'
      x-ms-ratelimit-remaining-subscription-writes:
      - '1198'
    status:
      code: 201
      message: Created
- request:
    body: null
    headers:
      Accept:
      - '*/*'
      Accept-Encoding:
      - gzip, deflate
      CommandName:
      - cognitiveservices account create
      Connection:
      - keep-alive
      ParameterSetName:
      - -n -g --kind --sku -l --assign-identity --yes
      User-Agent:
      - AZURECLI/2.24.0 azsdk-python-mgmt-cognitiveservices/12.0.0 Python/3.8.8 (Windows-10-10.0.19041-SP0)
    method: GET
    uri: https://management.azure.com/subscriptions/00000000-0000-0000-0000-000000000000/providers/Microsoft.CognitiveServices/locations/centraluseuap/operationResults/274b71e1-95a1-4c15-ac9e-200da27dd4f7?api-version=2017-04-18
  response:
    body:
      string: '{"id":"/subscriptions/00000000-0000-0000-0000-000000000000/providers/Microsoft.CognitiveServices/locations/centraluseuap/operationResults/274b71e1-95a1-4c15-ac9e-200da27dd4f7","name":"274b71e1-95a1-4c15-ac9e-200da27dd4f7","status":"Creating","startTime":"2021-06-10T01:24:31Z"}'
    headers:
      cache-control:
      - no-cache
      content-length:
      - '277'
      content-type:
      - application/json; charset=utf-8
      date:
      - Thu, 10 Jun 2021 01:25:02 GMT
      expires:
      - '-1'
      pragma:
      - no-cache
      server:
      - istio-envoy
      strict-transport-security:
      - max-age=31536000; includeSubDomains
      transfer-encoding:
      - chunked
      vary:
      - Accept-Encoding
      x-content-type-options:
      - nosniff
      x-envoy-upstream-service-time:
      - '7'
    status:
      code: 200
      message: OK
- request:
    body: null
    headers:
      Accept:
      - '*/*'
      Accept-Encoding:
      - gzip, deflate
      CommandName:
      - cognitiveservices account create
      Connection:
      - keep-alive
      ParameterSetName:
      - -n -g --kind --sku -l --assign-identity --yes
      User-Agent:
      - AZURECLI/2.24.0 azsdk-python-mgmt-cognitiveservices/12.0.0 Python/3.8.8 (Windows-10-10.0.19041-SP0)
    method: GET
    uri: https://management.azure.com/subscriptions/00000000-0000-0000-0000-000000000000/providers/Microsoft.CognitiveServices/locations/centraluseuap/operationResults/274b71e1-95a1-4c15-ac9e-200da27dd4f7?api-version=2017-04-18
  response:
    body:
      string: '{"id":"/subscriptions/00000000-0000-0000-0000-000000000000/providers/Microsoft.CognitiveServices/locations/centraluseuap/operationResults/274b71e1-95a1-4c15-ac9e-200da27dd4f7","name":"274b71e1-95a1-4c15-ac9e-200da27dd4f7","status":"Creating","startTime":"2021-06-10T01:24:31Z"}'
    headers:
      cache-control:
      - no-cache
      content-length:
      - '277'
      content-type:
      - application/json; charset=utf-8
      date:
      - Thu, 10 Jun 2021 01:25:32 GMT
      expires:
      - '-1'
      pragma:
      - no-cache
      server:
      - istio-envoy
      strict-transport-security:
      - max-age=31536000; includeSubDomains
      transfer-encoding:
      - chunked
      vary:
      - Accept-Encoding
      x-content-type-options:
      - nosniff
      x-envoy-upstream-service-time:
      - '6'
    status:
      code: 200
      message: OK
- request:
    body: null
    headers:
      Accept:
      - '*/*'
      Accept-Encoding:
      - gzip, deflate
      CommandName:
      - cognitiveservices account create
      Connection:
      - keep-alive
      ParameterSetName:
      - -n -g --kind --sku -l --assign-identity --yes
      User-Agent:
      - AZURECLI/2.24.0 azsdk-python-mgmt-cognitiveservices/12.0.0 Python/3.8.8 (Windows-10-10.0.19041-SP0)
    method: GET
    uri: https://management.azure.com/subscriptions/00000000-0000-0000-0000-000000000000/providers/Microsoft.CognitiveServices/locations/centraluseuap/operationResults/274b71e1-95a1-4c15-ac9e-200da27dd4f7?api-version=2017-04-18
  response:
    body:
      string: '{"id":"/subscriptions/00000000-0000-0000-0000-000000000000/providers/Microsoft.CognitiveServices/locations/centraluseuap/operationResults/274b71e1-95a1-4c15-ac9e-200da27dd4f7","name":"274b71e1-95a1-4c15-ac9e-200da27dd4f7","status":"Succeeded","startTime":"2021-06-10T01:24:31Z","endTime":"2021-06-10T01:26:02Z"}'
    headers:
      cache-control:
      - no-cache
      content-length:
      - '311'
      content-type:
      - application/json; charset=utf-8
      date:
      - Thu, 10 Jun 2021 01:26:02 GMT
      expires:
      - '-1'
      pragma:
      - no-cache
      server:
      - istio-envoy
      strict-transport-security:
      - max-age=31536000; includeSubDomains
      transfer-encoding:
      - chunked
      vary:
      - Accept-Encoding
      x-content-type-options:
      - nosniff
      x-envoy-upstream-service-time:
      - '6'
    status:
      code: 200
      message: OK
- request:
    body: null
    headers:
      Accept:
      - '*/*'
      Accept-Encoding:
      - gzip, deflate
      CommandName:
      - cognitiveservices account create
      Connection:
      - keep-alive
      ParameterSetName:
      - -n -g --kind --sku -l --assign-identity --yes
      User-Agent:
      - AZURECLI/2.24.0 azsdk-python-mgmt-cognitiveservices/12.0.0 Python/3.8.8 (Windows-10-10.0.19041-SP0)
    method: GET
    uri: https://management.azure.com/subscriptions/00000000-0000-0000-0000-000000000000/resourceGroups/clitest.rg000001/providers/Microsoft.CognitiveServices/accounts/cs_cli_test_000003?api-version=2021-04-30
  response:
    body:
      string: '{"id":"/subscriptions/00000000-0000-0000-0000-000000000000/resourceGroups/clitest.rg000001/providers/Microsoft.CognitiveServices/accounts/cs_cli_test_000003","name":"cs_cli_test_000003","type":"Microsoft.CognitiveServices/accounts","etag":"\"00003104-0000-3300-0000-60c16a2a0000\"","systemData":{"createdBy":"v-jiechen@microsoft.com","createdByType":"User","createdAt":"2021-06-10T01:24:26.2781046Z","lastModifiedBy":"v-jiechen@microsoft.com","lastModifiedByType":"User","lastModifiedAt":"2021-06-10T01:24:26.2781046Z"},"location":"centraluseuap","sku":{"name":"E0"},"kind":"Face","properties":{"endpoint":"https://centraluseuap.api.cognitive.microsoft.com/","dateCreated":"2021-06-10T01:24:31.6467563Z","callRateLimit":{"rules":[{"key":"face","renewalPeriod":1,"count":15,"dynamicThrottlingEnabled":false,"matchPatterns":[{"path":"face/*","method":"*"}]},{"key":"container.billing","renewalPeriod":10,"count":500,"dynamicThrottlingEnabled":false,"matchPatterns":[{"path":"billing/*","method":"*"}]},{"key":"default","renewalPeriod":1,"count":15,"dynamicThrottlingEnabled":false,"matchPatterns":[{"path":"*","method":"*"}]}]},"privateEndpointConnections":[],"publicNetworkAccess":"Enabled","capabilities":[{"name":"VirtualNetworks"},{"name":"Container","value":"Face.*,Face.Face"},{"name":"CustomerManagedKey"}],"endpoints":{"face":"https://centraluseuap.api.cognitive.microsoft.com/"},"provisioningState":"Succeeded"},"identity":{"principalId":"b35688c6-28ee-4b94-9a1c-dcf81acad5fc","tenantId":"54826b22-38d6-4fb2-bad9-b7b93a3e9c5a","type":"SystemAssigned","userAssignedIdentities":{}}}'
    headers:
      cache-control:
      - no-cache
      content-length:
      - '1642'
      content-type:
      - application/json; charset=utf-8
      date:
      - Thu, 10 Jun 2021 01:26:03 GMT
      etag:
      - '"00003104-0000-3300-0000-60c16a2a0000"'
      expires:
      - '-1'
      pragma:
      - no-cache
      server:
      - istio-envoy
      strict-transport-security:
      - max-age=31536000; includeSubDomains
      transfer-encoding:
      - chunked
      vary:
      - Accept-Encoding
      x-content-type-options:
      - nosniff
      x-envoy-upstream-service-time:
      - '10'
    status:
      code: 200
      message: OK
- request:
    body: null
    headers:
      Accept:
      - application/json
      Accept-Encoding:
      - gzip, deflate
      CommandName:
      - cognitiveservices account update
      Connection:
      - keep-alive
      ParameterSetName:
      - -n -g --encryption
      User-Agent:
      - AZURECLI/2.24.0 azsdk-python-mgmt-cognitiveservices/12.0.0 Python/3.8.8 (Windows-10-10.0.19041-SP0)
    method: GET
    uri: https://management.azure.com/subscriptions/00000000-0000-0000-0000-000000000000/resourceGroups/clitest.rg000001/providers/Microsoft.CognitiveServices/accounts/cs_cli_test_000003?api-version=2021-04-30
  response:
    body:
      string: '{"id":"/subscriptions/00000000-0000-0000-0000-000000000000/resourceGroups/clitest.rg000001/providers/Microsoft.CognitiveServices/accounts/cs_cli_test_000003","name":"cs_cli_test_000003","type":"Microsoft.CognitiveServices/accounts","etag":"\"00003104-0000-3300-0000-60c16a2a0000\"","systemData":{"createdBy":"v-jiechen@microsoft.com","createdByType":"User","createdAt":"2021-06-10T01:24:26.2781046Z","lastModifiedBy":"v-jiechen@microsoft.com","lastModifiedByType":"User","lastModifiedAt":"2021-06-10T01:24:26.2781046Z"},"location":"centraluseuap","sku":{"name":"E0"},"kind":"Face","properties":{"endpoint":"https://centraluseuap.api.cognitive.microsoft.com/","dateCreated":"2021-06-10T01:24:31.6467563Z","callRateLimit":{"rules":[{"key":"face","renewalPeriod":1,"count":15,"dynamicThrottlingEnabled":false,"matchPatterns":[{"path":"face/*","method":"*"}]},{"key":"container.billing","renewalPeriod":10,"count":500,"dynamicThrottlingEnabled":false,"matchPatterns":[{"path":"billing/*","method":"*"}]},{"key":"default","renewalPeriod":1,"count":15,"dynamicThrottlingEnabled":false,"matchPatterns":[{"path":"*","method":"*"}]}]},"privateEndpointConnections":[],"publicNetworkAccess":"Enabled","capabilities":[{"name":"VirtualNetworks"},{"name":"Container","value":"Face.*,Face.Face"},{"name":"CustomerManagedKey"}],"endpoints":{"face":"https://centraluseuap.api.cognitive.microsoft.com/"},"provisioningState":"Succeeded"},"identity":{"principalId":"b35688c6-28ee-4b94-9a1c-dcf81acad5fc","tenantId":"54826b22-38d6-4fb2-bad9-b7b93a3e9c5a","type":"SystemAssigned","userAssignedIdentities":{}}}'
    headers:
      cache-control:
      - no-cache
      content-length:
      - '1642'
      content-type:
      - application/json; charset=utf-8
      date:
      - Thu, 10 Jun 2021 01:26:05 GMT
      etag:
      - '"00003104-0000-3300-0000-60c16a2a0000"'
      expires:
      - '-1'
      pragma:
      - no-cache
      server:
      - istio-envoy
      strict-transport-security:
      - max-age=31536000; includeSubDomains
      transfer-encoding:
      - chunked
      vary:
      - Accept-Encoding
      x-content-type-options:
      - nosniff
      x-envoy-upstream-service-time:
      - '9'
    status:
      code: 200
      message: OK
- request:
    body: '{"sku": {"name": "E0"}, "properties": {"encryption": {"keySource": "Microsoft.CognitiveServices"}}}'
    headers:
      Accept:
      - application/json
      Accept-Encoding:
      - gzip, deflate
      CommandName:
      - cognitiveservices account update
      Connection:
      - keep-alive
      Content-Length:
      - '99'
      Content-Type:
      - application/json
      ParameterSetName:
      - -n -g --encryption
      User-Agent:
      - AZURECLI/2.24.0 azsdk-python-mgmt-cognitiveservices/12.0.0 Python/3.8.8 (Windows-10-10.0.19041-SP0)
    method: PATCH
    uri: https://management.azure.com/subscriptions/00000000-0000-0000-0000-000000000000/resourceGroups/clitest.rg000001/providers/Microsoft.CognitiveServices/accounts/cs_cli_test_000003?api-version=2021-04-30
  response:
    body:
      string: '{"id":"/subscriptions/00000000-0000-0000-0000-000000000000/resourceGroups/clitest.rg000001/providers/Microsoft.CognitiveServices/accounts/cs_cli_test_000003","name":"cs_cli_test_000003","type":"Microsoft.CognitiveServices/accounts","etag":"\"00003204-0000-3300-0000-60c16a2e0000\"","systemData":{"createdBy":"v-jiechen@microsoft.com","createdByType":"User","createdAt":"2021-06-10T01:24:26.2781046Z","lastModifiedBy":"v-jiechen@microsoft.com","lastModifiedByType":"User","lastModifiedAt":"2021-06-10T01:26:06.5530194Z"},"location":"centraluseuap","sku":{"name":"E0"},"kind":"Face","properties":{"endpoint":"https://centraluseuap.api.cognitive.microsoft.com/","provisioningState":"Accepted","dateCreated":"2021-06-10T01:24:31.6467563Z","callRateLimit":{"rules":[{"key":"face","renewalPeriod":1,"count":15,"dynamicThrottlingEnabled":false,"matchPatterns":[{"path":"face/*","method":"*"}]},{"key":"container.billing","renewalPeriod":10,"count":500,"dynamicThrottlingEnabled":false,"matchPatterns":[{"path":"billing/*","method":"*"}]},{"key":"default","renewalPeriod":1,"count":15,"dynamicThrottlingEnabled":false,"matchPatterns":[{"path":"*","method":"*"}]}]},"encryption":{"keySource":"Microsoft.CognitiveServices"},"privateEndpointConnections":[],"publicNetworkAccess":"Enabled","capabilities":[{"name":"VirtualNetworks"},{"name":"Container","value":"Face.*,Face.Face"},{"name":"CustomerManagedKey"}],"endpoints":{"face":"https://centraluseuap.api.cognitive.microsoft.com/"}},"identity":{"principalId":"b35688c6-28ee-4b94-9a1c-dcf81acad5fc","tenantId":"54826b22-38d6-4fb2-bad9-b7b93a3e9c5a","type":"SystemAssigned","userAssignedIdentities":{}}}'
    headers:
      azure-asyncoperation:
      - https://management.azure.com/subscriptions/00000000-0000-0000-0000-000000000000/providers/Microsoft.CognitiveServices/locations/centraluseuap/operationResults/63c18905-d2eb-40ce-a90c-ca0d94838d4e?api-version=2017-04-18
      cache-control:
      - no-cache
      content-length:
      - '1698'
      content-type:
      - application/json; charset=utf-8
      date:
      - Thu, 10 Jun 2021 01:26:06 GMT
      etag:
      - '"00003204-0000-3300-0000-60c16a2e0000"'
      expires:
      - '-1'
      location:
      - https://management.azure.com/subscriptions/00000000-0000-0000-0000-000000000000/providers/Microsoft.CognitiveServices/locations/centraluseuap/operationResults/63c18905-d2eb-40ce-a90c-ca0d94838d4e?api-version=2017-04-18&operationResultResponseType=Location
      pragma:
      - no-cache
      server:
      - istio-envoy
      strict-transport-security:
      - max-age=31536000; includeSubDomains
      x-content-type-options:
      - nosniff
      x-envoy-upstream-service-time:
      - '509'
      x-ms-ratelimit-remaining-subscription-writes:
      - '1199'
    status:
      code: 202
      message: Accepted
- request:
    body: null
    headers:
      Accept:
      - '*/*'
      Accept-Encoding:
      - gzip, deflate
      CommandName:
      - cognitiveservices account update
      Connection:
      - keep-alive
      ParameterSetName:
      - -n -g --encryption
      User-Agent:
      - AZURECLI/2.24.0 azsdk-python-mgmt-cognitiveservices/12.0.0 Python/3.8.8 (Windows-10-10.0.19041-SP0)
    method: GET
    uri: https://management.azure.com/subscriptions/00000000-0000-0000-0000-000000000000/providers/Microsoft.CognitiveServices/locations/centraluseuap/operationResults/63c18905-d2eb-40ce-a90c-ca0d94838d4e?api-version=2017-04-18
  response:
    body:
      string: '{"id":"/subscriptions/00000000-0000-0000-0000-000000000000/providers/Microsoft.CognitiveServices/locations/centraluseuap/operationResults/63c18905-d2eb-40ce-a90c-ca0d94838d4e","name":"63c18905-d2eb-40ce-a90c-ca0d94838d4e","status":"Succeeded","startTime":"2021-06-10T01:26:07Z","endTime":"2021-06-10T01:26:13Z"}'
    headers:
      cache-control:
      - no-cache
      content-length:
      - '311'
      content-type:
      - application/json; charset=utf-8
      date:
      - Thu, 10 Jun 2021 01:26:36 GMT
      expires:
      - '-1'
      pragma:
      - no-cache
      server:
      - istio-envoy
      strict-transport-security:
      - max-age=31536000; includeSubDomains
      transfer-encoding:
      - chunked
      vary:
      - Accept-Encoding
      x-content-type-options:
      - nosniff
      x-envoy-upstream-service-time:
      - '6'
    status:
      code: 200
      message: OK
- request:
    body: null
    headers:
      Accept:
      - '*/*'
      Accept-Encoding:
      - gzip, deflate
      CommandName:
      - cognitiveservices account update
      Connection:
      - keep-alive
      ParameterSetName:
      - -n -g --encryption
      User-Agent:
      - AZURECLI/2.24.0 azsdk-python-mgmt-cognitiveservices/12.0.0 Python/3.8.8 (Windows-10-10.0.19041-SP0)
    method: GET
    uri: https://management.azure.com/subscriptions/00000000-0000-0000-0000-000000000000/resourceGroups/clitest.rg000001/providers/Microsoft.CognitiveServices/accounts/cs_cli_test_000003?api-version=2021-04-30
  response:
    body:
      string: '{"id":"/subscriptions/00000000-0000-0000-0000-000000000000/resourceGroups/clitest.rg000001/providers/Microsoft.CognitiveServices/accounts/cs_cli_test_000003","name":"cs_cli_test_000003","type":"Microsoft.CognitiveServices/accounts","etag":"\"00003404-0000-3300-0000-60c16a350000\"","systemData":{"createdBy":"v-jiechen@microsoft.com","createdByType":"User","createdAt":"2021-06-10T01:24:26.2781046Z","lastModifiedBy":"v-jiechen@microsoft.com","lastModifiedByType":"User","lastModifiedAt":"2021-06-10T01:26:06.5530194Z"},"location":"centraluseuap","sku":{"name":"E0"},"kind":"Face","properties":{"endpoint":"https://centraluseuap.api.cognitive.microsoft.com/","provisioningState":"Succeeded","dateCreated":"2021-06-10T01:24:31.6467563Z","callRateLimit":{"rules":[{"key":"face","renewalPeriod":1,"count":15,"dynamicThrottlingEnabled":false,"matchPatterns":[{"path":"face/*","method":"*"}]},{"key":"container.billing","renewalPeriod":10,"count":500,"dynamicThrottlingEnabled":false,"matchPatterns":[{"path":"billing/*","method":"*"}]},{"key":"default","renewalPeriod":1,"count":15,"dynamicThrottlingEnabled":false,"matchPatterns":[{"path":"*","method":"*"}]}]},"encryption":{"keySource":"Microsoft.CognitiveServices"},"privateEndpointConnections":[],"publicNetworkAccess":"Enabled","capabilities":[{"name":"VirtualNetworks"},{"name":"Container","value":"Face.*,Face.Face"},{"name":"CustomerManagedKey"}],"endpoints":{"face":"https://centraluseuap.api.cognitive.microsoft.com/"}},"identity":{"principalId":"b35688c6-28ee-4b94-9a1c-dcf81acad5fc","tenantId":"54826b22-38d6-4fb2-bad9-b7b93a3e9c5a","type":"SystemAssigned","userAssignedIdentities":{}}}'
    headers:
      cache-control:
      - no-cache
      content-length:
      - '1699'
      content-type:
      - application/json; charset=utf-8
      date:
      - Thu, 10 Jun 2021 01:26:37 GMT
      etag:
      - '"00003404-0000-3300-0000-60c16a350000"'
      expires:
      - '-1'
      pragma:
      - no-cache
      server:
      - istio-envoy
      strict-transport-security:
      - max-age=31536000; includeSubDomains
      transfer-encoding:
      - chunked
      vary:
      - Accept-Encoding
      x-content-type-options:
      - nosniff
      x-envoy-upstream-service-time:
      - '10'
    status:
      code: 200
      message: OK
- request:
    body: null
    headers:
      Accept:
      - application/json
      Accept-Encoding:
      - gzip, deflate
      CommandName:
      - cognitiveservices account show
      Connection:
      - keep-alive
      ParameterSetName:
      - -n -g
      User-Agent:
      - AZURECLI/2.24.0 azsdk-python-mgmt-cognitiveservices/12.0.0 Python/3.8.8 (Windows-10-10.0.19041-SP0)
    method: GET
    uri: https://management.azure.com/subscriptions/00000000-0000-0000-0000-000000000000/resourceGroups/clitest.rg000001/providers/Microsoft.CognitiveServices/accounts/cs_cli_test_000003?api-version=2021-04-30
  response:
    body:
      string: '{"id":"/subscriptions/00000000-0000-0000-0000-000000000000/resourceGroups/clitest.rg000001/providers/Microsoft.CognitiveServices/accounts/cs_cli_test_000003","name":"cs_cli_test_000003","type":"Microsoft.CognitiveServices/accounts","etag":"\"00003404-0000-3300-0000-60c16a350000\"","systemData":{"createdBy":"v-jiechen@microsoft.com","createdByType":"User","createdAt":"2021-06-10T01:24:26.2781046Z","lastModifiedBy":"v-jiechen@microsoft.com","lastModifiedByType":"User","lastModifiedAt":"2021-06-10T01:26:06.5530194Z"},"location":"centraluseuap","sku":{"name":"E0"},"kind":"Face","properties":{"endpoint":"https://centraluseuap.api.cognitive.microsoft.com/","provisioningState":"Succeeded","dateCreated":"2021-06-10T01:24:31.6467563Z","callRateLimit":{"rules":[{"key":"face","renewalPeriod":1,"count":15,"dynamicThrottlingEnabled":false,"matchPatterns":[{"path":"face/*","method":"*"}]},{"key":"container.billing","renewalPeriod":10,"count":500,"dynamicThrottlingEnabled":false,"matchPatterns":[{"path":"billing/*","method":"*"}]},{"key":"default","renewalPeriod":1,"count":15,"dynamicThrottlingEnabled":false,"matchPatterns":[{"path":"*","method":"*"}]}]},"encryption":{"keySource":"Microsoft.CognitiveServices"},"privateEndpointConnections":[],"publicNetworkAccess":"Enabled","capabilities":[{"name":"VirtualNetworks"},{"name":"Container","value":"Face.*,Face.Face"},{"name":"CustomerManagedKey"}],"endpoints":{"face":"https://centraluseuap.api.cognitive.microsoft.com/"}},"identity":{"principalId":"b35688c6-28ee-4b94-9a1c-dcf81acad5fc","tenantId":"54826b22-38d6-4fb2-bad9-b7b93a3e9c5a","type":"SystemAssigned","userAssignedIdentities":{}}}'
    headers:
      cache-control:
      - no-cache
      content-length:
      - '1699'
      content-type:
      - application/json; charset=utf-8
      date:
      - Thu, 10 Jun 2021 01:26:39 GMT
      etag:
      - '"00003404-0000-3300-0000-60c16a350000"'
      expires:
      - '-1'
      pragma:
      - no-cache
      server:
      - istio-envoy
      strict-transport-security:
      - max-age=31536000; includeSubDomains
      transfer-encoding:
      - chunked
      vary:
      - Accept-Encoding
      x-content-type-options:
      - nosniff
      x-envoy-upstream-service-time:
      - '11'
    status:
      code: 200
      message: OK
- request:
    body: null
    headers:
      Accept:
      - application/json
      Accept-Encoding:
      - gzip, deflate
      CommandName:
      - cognitiveservices account delete
      Connection:
      - keep-alive
      Content-Length:
      - '0'
      ParameterSetName:
      - -n -g
      User-Agent:
      - AZURECLI/2.24.0 azsdk-python-mgmt-cognitiveservices/12.0.0 Python/3.8.8 (Windows-10-10.0.19041-SP0)
    method: DELETE
    uri: https://management.azure.com/subscriptions/00000000-0000-0000-0000-000000000000/resourceGroups/clitest.rg000001/providers/Microsoft.CognitiveServices/accounts/cs_cli_test_000003?api-version=2021-04-30
  response:
    body:
      string: ''
    headers:
      cache-control:
      - no-cache
      content-length:
      - '0'
      date:
      - Thu, 10 Jun 2021 01:26:47 GMT
      expires:
      - '-1'
      pragma:
      - no-cache
      server:
      - istio-envoy
      strict-transport-security:
      - max-age=31536000; includeSubDomains
      x-content-type-options:
      - nosniff
      x-envoy-upstream-service-time:
      - '81'
      x-ms-ratelimit-remaining-subscription-deletes:
      - '14998'
    status:
      code: 200
      message: OK
version: 1
