interactions:
- request:
    body: null
    headers:
      Accept:
      - application/json
      Accept-Encoding:
      - gzip, deflate
      CommandName:
      - network vnet create
      Connection:
      - keep-alive
      ParameterSetName:
      - --resource-group --name
      User-Agent:
      - python/3.7.3 (Darwin-19.5.0-x86_64-i386-64bit) msrest/0.6.13 msrest_azure/0.6.3
        azure-mgmt-resource/9.0.0 Azure-SDK-For-Python AZURECLI/2.5.1
      accept-language:
      - en-US
    method: GET
    uri: https://management.azure.com/subscriptions/00000000-0000-0000-0000-000000000000/resourcegroups/clitest.rg000001?api-version=2019-07-01
  response:
    body:
      string: '{"id":"/subscriptions/00000000-0000-0000-0000-000000000000/resourceGroups/clitest.rg000001","name":"clitest.rg000001","type":"Microsoft.Resources/resourceGroups","location":"westus","tags":{"product":"azurecli","cause":"automation","date":"2020-06-03T08:35:07Z"},"properties":{"provisioningState":"Succeeded"}}'
    headers:
      cache-control:
      - no-cache
      content-length:
      - '428'
      content-type:
      - application/json; charset=utf-8
      date:
      - Wed, 03 Jun 2020 08:35:08 GMT
      expires:
      - '-1'
      pragma:
      - no-cache
      strict-transport-security:
      - max-age=31536000; includeSubDomains
      vary:
      - Accept-Encoding
      x-content-type-options:
      - nosniff
    status:
      code: 200
      message: OK
- request:
    body: '{"location": "westus", "tags": {}, "properties": {"addressSpace": {"addressPrefixes":
      ["10.0.0.0/16"]}, "dhcpOptions": {}}}'
    headers:
      Accept:
      - application/json
      Accept-Encoding:
      - gzip, deflate
      CommandName:
      - network vnet create
      Connection:
      - keep-alive
      Content-Length:
      - '123'
      Content-Type:
      - application/json; charset=utf-8
      ParameterSetName:
      - --resource-group --name
      User-Agent:
      - python/3.7.3 (Darwin-19.5.0-x86_64-i386-64bit) msrest/0.6.13 msrest_azure/0.6.3
        azure-mgmt-network/10.1.0 Azure-SDK-For-Python AZURECLI/2.5.1
      accept-language:
      - en-US
    method: PUT
    uri: https://management.azure.com/subscriptions/00000000-0000-0000-0000-000000000000/resourceGroups/clitest.rg000001/providers/Microsoft.Network/virtualNetworks/cs_cli_test_000002?api-version=2020-04-01
  response:
    body:
      string: "{\r\n  \"name\": \"cs_cli_test_000002\",\r\n  \"id\": \"/subscriptions/00000000-0000-0000-0000-000000000000/resourceGroups/clitest.rg000001/providers/Microsoft.Network/virtualNetworks/cs_cli_test_000002\"\
        ,\r\n  \"etag\": \"W/\\\"6b8a2369-f11f-42dc-b2d4-f8f7e0c873ad\\\"\",\r\n \
        \ \"type\": \"Microsoft.Network/virtualNetworks\",\r\n  \"location\": \"westus\"\
        ,\r\n  \"tags\": {},\r\n  \"properties\": {\r\n    \"provisioningState\":\
        \ \"Updating\",\r\n    \"resourceGuid\": \"8c8b6693-66d0-4b96-9cf2-e2131aa819d1\"\
        ,\r\n    \"addressSpace\": {\r\n      \"addressPrefixes\": [\r\n        \"\
        10.0.0.0/16\"\r\n      ]\r\n    },\r\n    \"dhcpOptions\": {\r\n      \"dnsServers\"\
        : []\r\n    },\r\n    \"subnets\": [],\r\n    \"virtualNetworkPeerings\":\
        \ [],\r\n    \"enableDdosProtection\": false,\r\n    \"enableVmProtection\"\
        : false\r\n  }\r\n}"
    headers:
      azure-asyncnotification:
      - Enabled
      azure-asyncoperation:
      - https://management.azure.com/subscriptions/00000000-0000-0000-0000-000000000000/providers/Microsoft.Network/locations/westus/operations/78943b14-ec4f-4316-b5b0-930c6bca6f24?api-version=2020-03-01
      cache-control:
      - no-cache
      content-length:
      - '788'
      content-type:
      - application/json; charset=utf-8
      date:
      - Wed, 03 Jun 2020 08:35:09 GMT
      expires:
      - '-1'
      pragma:
      - no-cache
      server:
      - Microsoft-HTTPAPI/2.0
      - Microsoft-HTTPAPI/2.0
      strict-transport-security:
      - max-age=31536000; includeSubDomains
      x-content-type-options:
      - nosniff
      x-ms-arm-service-request-id:
      - 763f4cf2-a6ad-479f-873d-2156ec485f54
      x-ms-ratelimit-remaining-subscription-writes:
      - '1197'
    status:
      code: 201
      message: Created
- request:
    body: null
    headers:
      Accept:
      - application/json
      Accept-Encoding:
      - gzip, deflate
      CommandName:
      - network vnet create
      Connection:
      - keep-alive
      ParameterSetName:
      - --resource-group --name
      User-Agent:
      - python/3.7.3 (Darwin-19.5.0-x86_64-i386-64bit) msrest/0.6.13 msrest_azure/0.6.3
        azure-mgmt-network/10.1.0 Azure-SDK-For-Python AZURECLI/2.5.1
    method: GET
    uri: https://management.azure.com/subscriptions/00000000-0000-0000-0000-000000000000/providers/Microsoft.Network/locations/westus/operations/78943b14-ec4f-4316-b5b0-930c6bca6f24?api-version=2020-03-01
  response:
    body:
      string: "{\r\n  \"status\": \"Succeeded\"\r\n}"
    headers:
      cache-control:
      - no-cache
      content-length:
      - '29'
      content-type:
      - application/json; charset=utf-8
      date:
      - Wed, 03 Jun 2020 08:35:13 GMT
      expires:
      - '-1'
      pragma:
      - no-cache
      server:
      - Microsoft-HTTPAPI/2.0
      - Microsoft-HTTPAPI/2.0
      strict-transport-security:
      - max-age=31536000; includeSubDomains
      transfer-encoding:
      - chunked
      vary:
      - Accept-Encoding
      x-content-type-options:
      - nosniff
      x-ms-arm-service-request-id:
      - 88038b55-c37e-4913-a6af-29fda57a4b57
    status:
      code: 200
      message: OK
- request:
    body: null
    headers:
      Accept:
      - application/json
      Accept-Encoding:
      - gzip, deflate
      CommandName:
      - network vnet create
      Connection:
      - keep-alive
      ParameterSetName:
      - --resource-group --name
      User-Agent:
      - python/3.7.3 (Darwin-19.5.0-x86_64-i386-64bit) msrest/0.6.13 msrest_azure/0.6.3
        azure-mgmt-network/10.1.0 Azure-SDK-For-Python AZURECLI/2.5.1
    method: GET
    uri: https://management.azure.com/subscriptions/00000000-0000-0000-0000-000000000000/resourceGroups/clitest.rg000001/providers/Microsoft.Network/virtualNetworks/cs_cli_test_000002?api-version=2020-04-01
  response:
    body:
      string: "{\r\n  \"name\": \"cs_cli_test_000002\",\r\n  \"id\": \"/subscriptions/00000000-0000-0000-0000-000000000000/resourceGroups/clitest.rg000001/providers/Microsoft.Network/virtualNetworks/cs_cli_test_000002\"\
        ,\r\n  \"etag\": \"W/\\\"70ecf354-0e2f-4a0e-a034-70a8ac14d81b\\\"\",\r\n \
        \ \"type\": \"Microsoft.Network/virtualNetworks\",\r\n  \"location\": \"westus\"\
        ,\r\n  \"tags\": {},\r\n  \"properties\": {\r\n    \"provisioningState\":\
        \ \"Succeeded\",\r\n    \"resourceGuid\": \"8c8b6693-66d0-4b96-9cf2-e2131aa819d1\"\
        ,\r\n    \"addressSpace\": {\r\n      \"addressPrefixes\": [\r\n        \"\
        10.0.0.0/16\"\r\n      ]\r\n    },\r\n    \"dhcpOptions\": {\r\n      \"dnsServers\"\
        : []\r\n    },\r\n    \"subnets\": [],\r\n    \"virtualNetworkPeerings\":\
        \ [],\r\n    \"enableDdosProtection\": false,\r\n    \"enableVmProtection\"\
        : false\r\n  }\r\n}"
    headers:
      cache-control:
      - no-cache
      content-length:
      - '789'
      content-type:
      - application/json; charset=utf-8
      date:
      - Wed, 03 Jun 2020 08:35:13 GMT
      etag:
      - W/"70ecf354-0e2f-4a0e-a034-70a8ac14d81b"
      expires:
      - '-1'
      pragma:
      - no-cache
      server:
      - Microsoft-HTTPAPI/2.0
      - Microsoft-HTTPAPI/2.0
      strict-transport-security:
      - max-age=31536000; includeSubDomains
      transfer-encoding:
      - chunked
      vary:
      - Accept-Encoding
      x-content-type-options:
      - nosniff
      x-ms-arm-service-request-id:
      - 032fc339-08a8-4d1b-b209-2f4cebe175fb
    status:
      code: 200
      message: OK
- request:
    body: null
    headers:
      Accept:
      - application/json
      Accept-Encoding:
      - gzip, deflate
      CommandName:
      - network vnet subnet create
      Connection:
      - keep-alive
      ParameterSetName:
      - --resource-group --name --vnet-name --address-prefixes
      User-Agent:
      - python/3.7.3 (Darwin-19.5.0-x86_64-i386-64bit) msrest/0.6.13 msrest_azure/0.6.3
        azure-mgmt-network/10.1.0 Azure-SDK-For-Python AZURECLI/2.5.1
      accept-language:
      - en-US
    method: GET
    uri: https://management.azure.com/subscriptions/00000000-0000-0000-0000-000000000000/resourceGroups/clitest.rg000001/providers/Microsoft.Network/virtualNetworks/cs_cli_test_000002?api-version=2020-04-01
  response:
    body:
      string: "{\r\n  \"name\": \"cs_cli_test_000002\",\r\n  \"id\": \"/subscriptions/00000000-0000-0000-0000-000000000000/resourceGroups/clitest.rg000001/providers/Microsoft.Network/virtualNetworks/cs_cli_test_000002\"\
        ,\r\n  \"etag\": \"W/\\\"70ecf354-0e2f-4a0e-a034-70a8ac14d81b\\\"\",\r\n \
        \ \"type\": \"Microsoft.Network/virtualNetworks\",\r\n  \"location\": \"westus\"\
        ,\r\n  \"tags\": {},\r\n  \"properties\": {\r\n    \"provisioningState\":\
        \ \"Succeeded\",\r\n    \"resourceGuid\": \"8c8b6693-66d0-4b96-9cf2-e2131aa819d1\"\
        ,\r\n    \"addressSpace\": {\r\n      \"addressPrefixes\": [\r\n        \"\
        10.0.0.0/16\"\r\n      ]\r\n    },\r\n    \"dhcpOptions\": {\r\n      \"dnsServers\"\
        : []\r\n    },\r\n    \"subnets\": [],\r\n    \"virtualNetworkPeerings\":\
        \ [],\r\n    \"enableDdosProtection\": false,\r\n    \"enableVmProtection\"\
        : false\r\n  }\r\n}"
    headers:
      cache-control:
      - no-cache
      content-length:
      - '789'
      content-type:
      - application/json; charset=utf-8
      date:
      - Wed, 03 Jun 2020 08:35:13 GMT
      etag:
      - W/"70ecf354-0e2f-4a0e-a034-70a8ac14d81b"
      expires:
      - '-1'
      pragma:
      - no-cache
      server:
      - Microsoft-HTTPAPI/2.0
      - Microsoft-HTTPAPI/2.0
      strict-transport-security:
      - max-age=31536000; includeSubDomains
      transfer-encoding:
      - chunked
      vary:
      - Accept-Encoding
      x-content-type-options:
      - nosniff
      x-ms-arm-service-request-id:
      - 86674ee3-42e9-43d3-a22e-9d697e38fdad
    status:
      code: 200
      message: OK
- request:
    body: 'b''{"id": "/subscriptions/00000000-0000-0000-0000-000000000000/resourceGroups/clitest.rg000001/providers/Microsoft.Network/virtualNetworks/cs_cli_test_000002",
      "location": "westus", "tags": {}, "properties": {"addressSpace": {"addressPrefixes":
      ["10.0.0.0/16"]}, "dhcpOptions": {"dnsServers": []}, "subnets": [{"properties":
      {"addressPrefix": "10.0.0.0/24"}, "name": "default"}], "virtualNetworkPeerings":
      [], "enableDdosProtection": false, "enableVmProtection": false}}'''
    headers:
      Accept:
      - application/json
      Accept-Encoding:
      - gzip, deflate
      CommandName:
      - network vnet subnet create
      Connection:
      - keep-alive
      Content-Length:
      - '524'
      Content-Type:
      - application/json; charset=utf-8
      ParameterSetName:
      - --resource-group --name --vnet-name --address-prefixes
      User-Agent:
      - python/3.7.3 (Darwin-19.5.0-x86_64-i386-64bit) msrest/0.6.13 msrest_azure/0.6.3
        azure-mgmt-network/10.1.0 Azure-SDK-For-Python AZURECLI/2.5.1
      accept-language:
      - en-US
    method: PUT
    uri: https://management.azure.com/subscriptions/00000000-0000-0000-0000-000000000000/resourceGroups/clitest.rg000001/providers/Microsoft.Network/virtualNetworks/cs_cli_test_000002?api-version=2020-04-01
  response:
    body:
      string: "{\r\n  \"name\": \"cs_cli_test_000002\",\r\n  \"id\": \"/subscriptions/00000000-0000-0000-0000-000000000000/resourceGroups/clitest.rg000001/providers/Microsoft.Network/virtualNetworks/cs_cli_test_000002\"\
        ,\r\n  \"etag\": \"W/\\\"d9fa37a8-d592-4fae-954c-57bee99e9ef3\\\"\",\r\n \
        \ \"type\": \"Microsoft.Network/virtualNetworks\",\r\n  \"location\": \"westus\"\
        ,\r\n  \"tags\": {},\r\n  \"properties\": {\r\n    \"provisioningState\":\
        \ \"Updating\",\r\n    \"resourceGuid\": \"8c8b6693-66d0-4b96-9cf2-e2131aa819d1\"\
        ,\r\n    \"addressSpace\": {\r\n      \"addressPrefixes\": [\r\n        \"\
        10.0.0.0/16\"\r\n      ]\r\n    },\r\n    \"dhcpOptions\": {\r\n      \"dnsServers\"\
        : []\r\n    },\r\n    \"subnets\": [\r\n      {\r\n        \"name\": \"default\"\
        ,\r\n        \"id\": \"/subscriptions/00000000-0000-0000-0000-000000000000/resourceGroups/clitest.rg000001/providers/Microsoft.Network/virtualNetworks/cs_cli_test_000002/subnets/default\"\
        ,\r\n        \"etag\": \"W/\\\"d9fa37a8-d592-4fae-954c-57bee99e9ef3\\\"\"\
        ,\r\n        \"properties\": {\r\n          \"provisioningState\": \"Updating\"\
        ,\r\n          \"addressPrefix\": \"10.0.0.0/24\",\r\n          \"delegations\"\
        : [],\r\n          \"privateEndpointNetworkPolicies\": \"Enabled\",\r\n  \
        \        \"privateLinkServiceNetworkPolicies\": \"Enabled\"\r\n        },\r\
        \n        \"type\": \"Microsoft.Network/virtualNetworks/subnets\"\r\n    \
        \  }\r\n    ],\r\n    \"virtualNetworkPeerings\": [],\r\n    \"enableDdosProtection\"\
        : false,\r\n    \"enableVmProtection\": false\r\n  }\r\n}"
    headers:
      azure-asyncoperation:
      - https://management.azure.com/subscriptions/00000000-0000-0000-0000-000000000000/providers/Microsoft.Network/locations/westus/operations/fba6d036-a677-44a3-84a0-4b8c9e2a4bd5?api-version=2020-03-01
      cache-control:
      - no-cache
      content-length:
      - '1470'
      content-type:
      - application/json; charset=utf-8
      date:
      - Wed, 03 Jun 2020 08:35:14 GMT
      expires:
      - '-1'
      pragma:
      - no-cache
      server:
      - Microsoft-HTTPAPI/2.0
      - Microsoft-HTTPAPI/2.0
      strict-transport-security:
      - max-age=31536000; includeSubDomains
      transfer-encoding:
      - chunked
      vary:
      - Accept-Encoding
      x-content-type-options:
      - nosniff
      x-ms-arm-service-request-id:
      - d9f04415-7d94-418a-b732-4f5cb2efee28
      x-ms-ratelimit-remaining-subscription-writes:
      - '1199'
    status:
      code: 200
      message: OK
- request:
    body: null
    headers:
      Accept:
      - application/json
      Accept-Encoding:
      - gzip, deflate
      CommandName:
      - network vnet subnet create
      Connection:
      - keep-alive
      ParameterSetName:
      - --resource-group --name --vnet-name --address-prefixes
      User-Agent:
      - python/3.7.3 (Darwin-19.5.0-x86_64-i386-64bit) msrest/0.6.13 msrest_azure/0.6.3
        azure-mgmt-network/10.1.0 Azure-SDK-For-Python AZURECLI/2.5.1
    method: GET
    uri: https://management.azure.com/subscriptions/00000000-0000-0000-0000-000000000000/providers/Microsoft.Network/locations/westus/operations/fba6d036-a677-44a3-84a0-4b8c9e2a4bd5?api-version=2020-03-01
  response:
    body:
      string: "{\r\n  \"status\": \"Succeeded\"\r\n}"
    headers:
      cache-control:
      - no-cache
      content-length:
      - '29'
      content-type:
      - application/json; charset=utf-8
      date:
      - Wed, 03 Jun 2020 08:35:18 GMT
      expires:
      - '-1'
      pragma:
      - no-cache
      server:
      - Microsoft-HTTPAPI/2.0
      - Microsoft-HTTPAPI/2.0
      strict-transport-security:
      - max-age=31536000; includeSubDomains
      transfer-encoding:
      - chunked
      vary:
      - Accept-Encoding
      x-content-type-options:
      - nosniff
      x-ms-arm-service-request-id:
      - 9e154a98-c788-4fcd-a8a5-cf80cc8a2fc4
    status:
      code: 200
      message: OK
- request:
    body: null
    headers:
      Accept:
      - application/json
      Accept-Encoding:
      - gzip, deflate
      CommandName:
      - network vnet subnet create
      Connection:
      - keep-alive
      ParameterSetName:
      - --resource-group --name --vnet-name --address-prefixes
      User-Agent:
      - python/3.7.3 (Darwin-19.5.0-x86_64-i386-64bit) msrest/0.6.13 msrest_azure/0.6.3
        azure-mgmt-network/10.1.0 Azure-SDK-For-Python AZURECLI/2.5.1
    method: GET
    uri: https://management.azure.com/subscriptions/00000000-0000-0000-0000-000000000000/resourceGroups/clitest.rg000001/providers/Microsoft.Network/virtualNetworks/cs_cli_test_000002?api-version=2020-04-01
  response:
    body:
      string: "{\r\n  \"name\": \"cs_cli_test_000002\",\r\n  \"id\": \"/subscriptions/00000000-0000-0000-0000-000000000000/resourceGroups/clitest.rg000001/providers/Microsoft.Network/virtualNetworks/cs_cli_test_000002\"\
        ,\r\n  \"etag\": \"W/\\\"3e4fc932-a104-42c8-879f-a7f39466277d\\\"\",\r\n \
        \ \"type\": \"Microsoft.Network/virtualNetworks\",\r\n  \"location\": \"westus\"\
        ,\r\n  \"tags\": {},\r\n  \"properties\": {\r\n    \"provisioningState\":\
        \ \"Succeeded\",\r\n    \"resourceGuid\": \"8c8b6693-66d0-4b96-9cf2-e2131aa819d1\"\
        ,\r\n    \"addressSpace\": {\r\n      \"addressPrefixes\": [\r\n        \"\
        10.0.0.0/16\"\r\n      ]\r\n    },\r\n    \"dhcpOptions\": {\r\n      \"dnsServers\"\
        : []\r\n    },\r\n    \"subnets\": [\r\n      {\r\n        \"name\": \"default\"\
        ,\r\n        \"id\": \"/subscriptions/00000000-0000-0000-0000-000000000000/resourceGroups/clitest.rg000001/providers/Microsoft.Network/virtualNetworks/cs_cli_test_000002/subnets/default\"\
        ,\r\n        \"etag\": \"W/\\\"3e4fc932-a104-42c8-879f-a7f39466277d\\\"\"\
        ,\r\n        \"properties\": {\r\n          \"provisioningState\": \"Succeeded\"\
        ,\r\n          \"addressPrefix\": \"10.0.0.0/24\",\r\n          \"delegations\"\
        : [],\r\n          \"privateEndpointNetworkPolicies\": \"Enabled\",\r\n  \
        \        \"privateLinkServiceNetworkPolicies\": \"Enabled\"\r\n        },\r\
        \n        \"type\": \"Microsoft.Network/virtualNetworks/subnets\"\r\n    \
        \  }\r\n    ],\r\n    \"virtualNetworkPeerings\": [],\r\n    \"enableDdosProtection\"\
        : false,\r\n    \"enableVmProtection\": false\r\n  }\r\n}"
    headers:
      cache-control:
      - no-cache
      content-length:
      - '1472'
      content-type:
      - application/json; charset=utf-8
      date:
      - Wed, 03 Jun 2020 08:35:18 GMT
      etag:
      - W/"3e4fc932-a104-42c8-879f-a7f39466277d"
      expires:
      - '-1'
      pragma:
      - no-cache
      server:
      - Microsoft-HTTPAPI/2.0
      - Microsoft-HTTPAPI/2.0
      strict-transport-security:
      - max-age=31536000; includeSubDomains
      transfer-encoding:
      - chunked
      vary:
      - Accept-Encoding
      x-content-type-options:
      - nosniff
      x-ms-arm-service-request-id:
      - c4fc40b2-59e4-4e4f-8160-e6f43aa5f21b
    status:
      code: 200
      message: OK
- request:
    body: null
    headers:
      Accept:
      - application/json
      Accept-Encoding:
      - gzip, deflate
      CommandName:
      - network vnet subnet create
      Connection:
      - keep-alive
      ParameterSetName:
      - --resource-group --name --vnet-name --address-prefixes
      User-Agent:
      - python/3.7.3 (Darwin-19.5.0-x86_64-i386-64bit) msrest/0.6.13 msrest_azure/0.6.3
        azure-mgmt-network/10.1.0 Azure-SDK-For-Python AZURECLI/2.5.1
      accept-language:
      - en-US
    method: GET
    uri: https://management.azure.com/subscriptions/00000000-0000-0000-0000-000000000000/resourceGroups/clitest.rg000001/providers/Microsoft.Network/virtualNetworks/cs_cli_test_000002?api-version=2020-04-01
  response:
    body:
      string: "{\r\n  \"name\": \"cs_cli_test_000002\",\r\n  \"id\": \"/subscriptions/00000000-0000-0000-0000-000000000000/resourceGroups/clitest.rg000001/providers/Microsoft.Network/virtualNetworks/cs_cli_test_000002\"\
        ,\r\n  \"etag\": \"W/\\\"3e4fc932-a104-42c8-879f-a7f39466277d\\\"\",\r\n \
        \ \"type\": \"Microsoft.Network/virtualNetworks\",\r\n  \"location\": \"westus\"\
        ,\r\n  \"tags\": {},\r\n  \"properties\": {\r\n    \"provisioningState\":\
        \ \"Succeeded\",\r\n    \"resourceGuid\": \"8c8b6693-66d0-4b96-9cf2-e2131aa819d1\"\
        ,\r\n    \"addressSpace\": {\r\n      \"addressPrefixes\": [\r\n        \"\
        10.0.0.0/16\"\r\n      ]\r\n    },\r\n    \"dhcpOptions\": {\r\n      \"dnsServers\"\
        : []\r\n    },\r\n    \"subnets\": [\r\n      {\r\n        \"name\": \"default\"\
        ,\r\n        \"id\": \"/subscriptions/00000000-0000-0000-0000-000000000000/resourceGroups/clitest.rg000001/providers/Microsoft.Network/virtualNetworks/cs_cli_test_000002/subnets/default\"\
        ,\r\n        \"etag\": \"W/\\\"3e4fc932-a104-42c8-879f-a7f39466277d\\\"\"\
        ,\r\n        \"properties\": {\r\n          \"provisioningState\": \"Succeeded\"\
        ,\r\n          \"addressPrefix\": \"10.0.0.0/24\",\r\n          \"delegations\"\
        : [],\r\n          \"privateEndpointNetworkPolicies\": \"Enabled\",\r\n  \
        \        \"privateLinkServiceNetworkPolicies\": \"Enabled\"\r\n        },\r\
        \n        \"type\": \"Microsoft.Network/virtualNetworks/subnets\"\r\n    \
        \  }\r\n    ],\r\n    \"virtualNetworkPeerings\": [],\r\n    \"enableDdosProtection\"\
        : false,\r\n    \"enableVmProtection\": false\r\n  }\r\n}"
    headers:
      cache-control:
      - no-cache
      content-length:
      - '1472'
      content-type:
      - application/json; charset=utf-8
      date:
      - Wed, 03 Jun 2020 08:35:19 GMT
      etag:
      - W/"3e4fc932-a104-42c8-879f-a7f39466277d"
      expires:
      - '-1'
      pragma:
      - no-cache
      server:
      - Microsoft-HTTPAPI/2.0
      - Microsoft-HTTPAPI/2.0
      strict-transport-security:
      - max-age=31536000; includeSubDomains
      transfer-encoding:
      - chunked
      vary:
      - Accept-Encoding
      x-content-type-options:
      - nosniff
      x-ms-arm-service-request-id:
      - 5fb2f52f-57c4-4583-9112-9ff852246d1e
    status:
      code: 200
      message: OK
- request:
    body: 'b''{"id": "/subscriptions/00000000-0000-0000-0000-000000000000/resourceGroups/clitest.rg000001/providers/Microsoft.Network/virtualNetworks/cs_cli_test_000002",
      "location": "westus", "tags": {}, "properties": {"addressSpace": {"addressPrefixes":
      ["10.0.0.0/16"]}, "dhcpOptions": {"dnsServers": []}, "subnets": [{"id": "/subscriptions/00000000-0000-0000-0000-000000000000/resourceGroups/clitest.rg000001/providers/Microsoft.Network/virtualNetworks/cs_cli_test_000002/subnets/default",
      "properties": {"addressPrefix": "10.0.0.0/24", "delegations": [], "privateEndpointNetworkPolicies":
      "Enabled", "privateLinkServiceNetworkPolicies": "Enabled"}, "name": "default"},
      {"properties": {"addressPrefix": "10.0.1.0/24"}, "name": "subnet"}], "virtualNetworkPeerings":
      [], "enableDdosProtection": false, "enableVmProtection": false}}'''
    headers:
      Accept:
      - application/json
      Accept-Encoding:
      - gzip, deflate
      CommandName:
      - network vnet subnet create
      Connection:
      - keep-alive
      Content-Length:
      - '933'
      Content-Type:
      - application/json; charset=utf-8
      ParameterSetName:
      - --resource-group --name --vnet-name --address-prefixes
      User-Agent:
      - python/3.7.3 (Darwin-19.5.0-x86_64-i386-64bit) msrest/0.6.13 msrest_azure/0.6.3
        azure-mgmt-network/10.1.0 Azure-SDK-For-Python AZURECLI/2.5.1
      accept-language:
      - en-US
    method: PUT
    uri: https://management.azure.com/subscriptions/00000000-0000-0000-0000-000000000000/resourceGroups/clitest.rg000001/providers/Microsoft.Network/virtualNetworks/cs_cli_test_000002?api-version=2020-04-01
  response:
    body:
      string: "{\r\n  \"name\": \"cs_cli_test_000002\",\r\n  \"id\": \"/subscriptions/00000000-0000-0000-0000-000000000000/resourceGroups/clitest.rg000001/providers/Microsoft.Network/virtualNetworks/cs_cli_test_000002\"\
        ,\r\n  \"etag\": \"W/\\\"505de75f-c6ff-474b-a9aa-77175ed6b280\\\"\",\r\n \
        \ \"type\": \"Microsoft.Network/virtualNetworks\",\r\n  \"location\": \"westus\"\
        ,\r\n  \"tags\": {},\r\n  \"properties\": {\r\n    \"provisioningState\":\
        \ \"Updating\",\r\n    \"resourceGuid\": \"8c8b6693-66d0-4b96-9cf2-e2131aa819d1\"\
        ,\r\n    \"addressSpace\": {\r\n      \"addressPrefixes\": [\r\n        \"\
        10.0.0.0/16\"\r\n      ]\r\n    },\r\n    \"dhcpOptions\": {\r\n      \"dnsServers\"\
        : []\r\n    },\r\n    \"subnets\": [\r\n      {\r\n        \"name\": \"default\"\
        ,\r\n        \"id\": \"/subscriptions/00000000-0000-0000-0000-000000000000/resourceGroups/clitest.rg000001/providers/Microsoft.Network/virtualNetworks/cs_cli_test_000002/subnets/default\"\
        ,\r\n        \"etag\": \"W/\\\"505de75f-c6ff-474b-a9aa-77175ed6b280\\\"\"\
        ,\r\n        \"properties\": {\r\n          \"provisioningState\": \"Updating\"\
        ,\r\n          \"addressPrefix\": \"10.0.0.0/24\",\r\n          \"delegations\"\
        : [],\r\n          \"privateEndpointNetworkPolicies\": \"Enabled\",\r\n  \
        \        \"privateLinkServiceNetworkPolicies\": \"Enabled\"\r\n        },\r\
        \n        \"type\": \"Microsoft.Network/virtualNetworks/subnets\"\r\n    \
        \  },\r\n      {\r\n        \"name\": \"subnet\",\r\n        \"id\": \"/subscriptions/00000000-0000-0000-0000-000000000000/resourceGroups/clitest.rg000001/providers/Microsoft.Network/virtualNetworks/cs_cli_test_000002/subnets/subnet\"\
        ,\r\n        \"etag\": \"W/\\\"505de75f-c6ff-474b-a9aa-77175ed6b280\\\"\"\
        ,\r\n        \"properties\": {\r\n          \"provisioningState\": \"Updating\"\
        ,\r\n          \"addressPrefix\": \"10.0.1.0/24\",\r\n          \"delegations\"\
        : [],\r\n          \"privateEndpointNetworkPolicies\": \"Enabled\",\r\n  \
        \        \"privateLinkServiceNetworkPolicies\": \"Enabled\"\r\n        },\r\
        \n        \"type\": \"Microsoft.Network/virtualNetworks/subnets\"\r\n    \
        \  }\r\n    ],\r\n    \"virtualNetworkPeerings\": [],\r\n    \"enableDdosProtection\"\
        : false,\r\n    \"enableVmProtection\": false\r\n  }\r\n}"
    headers:
      azure-asyncoperation:
      - https://management.azure.com/subscriptions/00000000-0000-0000-0000-000000000000/providers/Microsoft.Network/locations/westus/operations/4b5b5262-80d2-4890-83c7-b49763665e7a?api-version=2020-03-01
      cache-control:
      - no-cache
      content-length:
      - '2145'
      content-type:
      - application/json; charset=utf-8
      date:
      - Wed, 03 Jun 2020 08:35:19 GMT
      expires:
      - '-1'
      pragma:
      - no-cache
      server:
      - Microsoft-HTTPAPI/2.0
      - Microsoft-HTTPAPI/2.0
      strict-transport-security:
      - max-age=31536000; includeSubDomains
      transfer-encoding:
      - chunked
      vary:
      - Accept-Encoding
      x-content-type-options:
      - nosniff
      x-ms-arm-service-request-id:
      - d73a6fd0-0e98-4d89-b2c8-29da48d3a96f
      x-ms-ratelimit-remaining-subscription-writes:
      - '1198'
    status:
      code: 200
      message: OK
- request:
    body: null
    headers:
      Accept:
      - application/json
      Accept-Encoding:
      - gzip, deflate
      CommandName:
      - network vnet subnet create
      Connection:
      - keep-alive
      ParameterSetName:
      - --resource-group --name --vnet-name --address-prefixes
      User-Agent:
      - python/3.7.3 (Darwin-19.5.0-x86_64-i386-64bit) msrest/0.6.13 msrest_azure/0.6.3
        azure-mgmt-network/10.1.0 Azure-SDK-For-Python AZURECLI/2.5.1
    method: GET
    uri: https://management.azure.com/subscriptions/00000000-0000-0000-0000-000000000000/providers/Microsoft.Network/locations/westus/operations/4b5b5262-80d2-4890-83c7-b49763665e7a?api-version=2020-03-01
  response:
    body:
      string: "{\r\n  \"status\": \"Succeeded\"\r\n}"
    headers:
      cache-control:
      - no-cache
      content-length:
      - '29'
      content-type:
      - application/json; charset=utf-8
      date:
      - Wed, 03 Jun 2020 08:35:23 GMT
      expires:
      - '-1'
      pragma:
      - no-cache
      server:
      - Microsoft-HTTPAPI/2.0
      - Microsoft-HTTPAPI/2.0
      strict-transport-security:
      - max-age=31536000; includeSubDomains
      transfer-encoding:
      - chunked
      vary:
      - Accept-Encoding
      x-content-type-options:
      - nosniff
      x-ms-arm-service-request-id:
      - d43616a2-058c-4058-aad7-ae8580ec28a8
    status:
      code: 200
      message: OK
- request:
    body: null
    headers:
      Accept:
      - application/json
      Accept-Encoding:
      - gzip, deflate
      CommandName:
      - network vnet subnet create
      Connection:
      - keep-alive
      ParameterSetName:
      - --resource-group --name --vnet-name --address-prefixes
      User-Agent:
      - python/3.7.3 (Darwin-19.5.0-x86_64-i386-64bit) msrest/0.6.13 msrest_azure/0.6.3
        azure-mgmt-network/10.1.0 Azure-SDK-For-Python AZURECLI/2.5.1
    method: GET
    uri: https://management.azure.com/subscriptions/00000000-0000-0000-0000-000000000000/resourceGroups/clitest.rg000001/providers/Microsoft.Network/virtualNetworks/cs_cli_test_000002?api-version=2020-04-01
  response:
    body:
      string: "{\r\n  \"name\": \"cs_cli_test_000002\",\r\n  \"id\": \"/subscriptions/00000000-0000-0000-0000-000000000000/resourceGroups/clitest.rg000001/providers/Microsoft.Network/virtualNetworks/cs_cli_test_000002\"\
        ,\r\n  \"etag\": \"W/\\\"39f5f6d7-c493-44d4-9e32-e2e3d0564765\\\"\",\r\n \
        \ \"type\": \"Microsoft.Network/virtualNetworks\",\r\n  \"location\": \"westus\"\
        ,\r\n  \"tags\": {},\r\n  \"properties\": {\r\n    \"provisioningState\":\
        \ \"Succeeded\",\r\n    \"resourceGuid\": \"8c8b6693-66d0-4b96-9cf2-e2131aa819d1\"\
        ,\r\n    \"addressSpace\": {\r\n      \"addressPrefixes\": [\r\n        \"\
        10.0.0.0/16\"\r\n      ]\r\n    },\r\n    \"dhcpOptions\": {\r\n      \"dnsServers\"\
        : []\r\n    },\r\n    \"subnets\": [\r\n      {\r\n        \"name\": \"default\"\
        ,\r\n        \"id\": \"/subscriptions/00000000-0000-0000-0000-000000000000/resourceGroups/clitest.rg000001/providers/Microsoft.Network/virtualNetworks/cs_cli_test_000002/subnets/default\"\
        ,\r\n        \"etag\": \"W/\\\"39f5f6d7-c493-44d4-9e32-e2e3d0564765\\\"\"\
        ,\r\n        \"properties\": {\r\n          \"provisioningState\": \"Succeeded\"\
        ,\r\n          \"addressPrefix\": \"10.0.0.0/24\",\r\n          \"delegations\"\
        : [],\r\n          \"privateEndpointNetworkPolicies\": \"Enabled\",\r\n  \
        \        \"privateLinkServiceNetworkPolicies\": \"Enabled\"\r\n        },\r\
        \n        \"type\": \"Microsoft.Network/virtualNetworks/subnets\"\r\n    \
        \  },\r\n      {\r\n        \"name\": \"subnet\",\r\n        \"id\": \"/subscriptions/00000000-0000-0000-0000-000000000000/resourceGroups/clitest.rg000001/providers/Microsoft.Network/virtualNetworks/cs_cli_test_000002/subnets/subnet\"\
        ,\r\n        \"etag\": \"W/\\\"39f5f6d7-c493-44d4-9e32-e2e3d0564765\\\"\"\
        ,\r\n        \"properties\": {\r\n          \"provisioningState\": \"Succeeded\"\
        ,\r\n          \"addressPrefix\": \"10.0.1.0/24\",\r\n          \"delegations\"\
        : [],\r\n          \"privateEndpointNetworkPolicies\": \"Enabled\",\r\n  \
        \        \"privateLinkServiceNetworkPolicies\": \"Enabled\"\r\n        },\r\
        \n        \"type\": \"Microsoft.Network/virtualNetworks/subnets\"\r\n    \
        \  }\r\n    ],\r\n    \"virtualNetworkPeerings\": [],\r\n    \"enableDdosProtection\"\
        : false,\r\n    \"enableVmProtection\": false\r\n  }\r\n}"
    headers:
      cache-control:
      - no-cache
      content-length:
      - '2148'
      content-type:
      - application/json; charset=utf-8
      date:
      - Wed, 03 Jun 2020 08:35:23 GMT
      etag:
      - W/"39f5f6d7-c493-44d4-9e32-e2e3d0564765"
      expires:
      - '-1'
      pragma:
      - no-cache
      server:
      - Microsoft-HTTPAPI/2.0
      - Microsoft-HTTPAPI/2.0
      strict-transport-security:
      - max-age=31536000; includeSubDomains
      transfer-encoding:
      - chunked
      vary:
      - Accept-Encoding
      x-content-type-options:
      - nosniff
      x-ms-arm-service-request-id:
      - 3e907957-5bb5-4c34-81c5-6f885c621604
    status:
      code: 200
      message: OK
- request:
    body: '{"kind": "Face", "location": "westus", "properties": {"customSubDomainName":
      "csclitest000003"}, "sku": {"name": "S0"}}'
    headers:
      Accept:
      - application/json
      Accept-Encoding:
      - gzip, deflate
      CommandName:
      - cognitiveservices account create
      Connection:
      - keep-alive
      Content-Length:
      - '120'
      Content-Type:
      - application/json; charset=utf-8
      ParameterSetName:
      - -n -g --kind --sku -l --custom-domain
      User-Agent:
      - python/3.7.3 (Darwin-19.5.0-x86_64-i386-64bit) msrest/0.6.13 msrest_azure/0.6.3
        azure-mgmt-cognitiveservices/2.0.0 Azure-SDK-For-Python AZURECLI/2.5.1
      accept-language:
      - en-US
    method: PUT
    uri: https://management.azure.com/subscriptions/00000000-0000-0000-0000-000000000000/resourceGroups/clitest.rg000001/providers/Microsoft.CognitiveServices/accounts/cs_cli_test_000002?api-version=2017-04-18
  response:
    body:
      string: '{"id":"/subscriptions/00000000-0000-0000-0000-000000000000/resourceGroups/clitest.rg000001/providers/Microsoft.CognitiveServices/accounts/cs_cli_test_000002","name":"cs_cli_test_000002","type":"Microsoft.CognitiveServices/accounts","etag":"\"0f006b08-0000-0700-0000-5ed760ce0000\"","location":"westus","sku":{"name":"S0"},"kind":"Face","properties":{"endpoint":"https://csclitest000003.cognitiveservices.azure.com/","internalId":"9068f73d0546489491e776795d749889","dateCreated":"2020-06-03T08:35:24.9435401Z","customSubDomainName":"csclitest000003","privateEndpointConnections":[],"publicNetworkAccess":"Enabled","provisioningState":"Succeeded"}}'
    headers:
      cache-control:
      - no-cache
      content-length:
      - '703'
      content-type:
      - application/json; charset=utf-8
      date:
      - Wed, 03 Jun 2020 08:35:25 GMT
      etag:
      - '"0f006b08-0000-0700-0000-5ed760ce0000"'
      expires:
      - '-1'
      pragma:
      - no-cache
      server:
      - Microsoft-IIS/10.0
      strict-transport-security:
      - max-age=31536000; includeSubDomains
      x-aspnet-version:
      - 4.0.30319
      x-content-type-options:
      - nosniff
      x-ms-ratelimit-remaining-subscription-writes:
      - '1198'
      x-powered-by:
      - ASP.NET
    status:
      code: 201
      message: Created
- request:
    body: null
    headers:
      Accept:
      - application/json
      Accept-Encoding:
      - gzip, deflate
      CommandName:
      - cognitiveservices account network-rule list
      Connection:
      - keep-alive
      ParameterSetName:
      - -n -g
      User-Agent:
      - python/3.7.3 (Darwin-19.5.0-x86_64-i386-64bit) msrest/0.6.13 msrest_azure/0.6.3
        azure-mgmt-cognitiveservices/2.0.0 Azure-SDK-For-Python AZURECLI/2.5.1
      accept-language:
      - en-US
    method: GET
    uri: https://management.azure.com/subscriptions/00000000-0000-0000-0000-000000000000/resourceGroups/clitest.rg000001/providers/Microsoft.CognitiveServices/accounts/cs_cli_test_000002?api-version=2017-04-18
  response:
    body:
      string: '{"id":"/subscriptions/00000000-0000-0000-0000-000000000000/resourceGroups/clitest.rg000001/providers/Microsoft.CognitiveServices/accounts/cs_cli_test_000002","name":"cs_cli_test_000002","type":"Microsoft.CognitiveServices/accounts","etag":"\"0f006b08-0000-0700-0000-5ed760ce0000\"","location":"westus","sku":{"name":"S0"},"kind":"Face","properties":{"endpoint":"https://csclitest000003.cognitiveservices.azure.com/","internalId":"9068f73d0546489491e776795d749889","dateCreated":"2020-06-03T08:35:24.9435401Z","customSubDomainName":"csclitest000003","privateEndpointConnections":[],"publicNetworkAccess":"Enabled","provisioningState":"Succeeded"}}'
    headers:
      cache-control:
      - no-cache
      content-length:
      - '703'
      content-type:
      - application/json; charset=utf-8
      date:
      - Wed, 03 Jun 2020 08:35:26 GMT
      etag:
      - '"0f006b08-0000-0700-0000-5ed760ce0000"'
      expires:
      - '-1'
      pragma:
      - no-cache
      server:
      - Microsoft-IIS/10.0
      strict-transport-security:
      - max-age=31536000; includeSubDomains
      transfer-encoding:
      - chunked
      vary:
      - Accept-Encoding
      x-aspnet-version:
      - 4.0.30319
      x-content-type-options:
      - nosniff
      x-powered-by:
      - ASP.NET
    status:
      code: 200
      message: OK
- request:
    body: null
    headers:
      Accept:
      - application/json
      Accept-Encoding:
      - gzip, deflate
      CommandName:
      - cognitiveservices account network-rule add
      Connection:
      - keep-alive
      ParameterSetName:
      - -n -g --ip-address
      User-Agent:
      - python/3.7.3 (Darwin-19.5.0-x86_64-i386-64bit) msrest/0.6.13 msrest_azure/0.6.3
        azure-mgmt-cognitiveservices/2.0.0 Azure-SDK-For-Python AZURECLI/2.5.1
      accept-language:
      - en-US
    method: GET
    uri: https://management.azure.com/subscriptions/00000000-0000-0000-0000-000000000000/resourceGroups/clitest.rg000001/providers/Microsoft.CognitiveServices/accounts/cs_cli_test_000002?api-version=2017-04-18
  response:
    body:
      string: '{"id":"/subscriptions/00000000-0000-0000-0000-000000000000/resourceGroups/clitest.rg000001/providers/Microsoft.CognitiveServices/accounts/cs_cli_test_000002","name":"cs_cli_test_000002","type":"Microsoft.CognitiveServices/accounts","etag":"\"0f006b08-0000-0700-0000-5ed760ce0000\"","location":"westus","sku":{"name":"S0"},"kind":"Face","properties":{"endpoint":"https://csclitest000003.cognitiveservices.azure.com/","internalId":"9068f73d0546489491e776795d749889","dateCreated":"2020-06-03T08:35:24.9435401Z","customSubDomainName":"csclitest000003","privateEndpointConnections":[],"publicNetworkAccess":"Enabled","provisioningState":"Succeeded"}}'
    headers:
      cache-control:
      - no-cache
      content-length:
      - '703'
      content-type:
      - application/json; charset=utf-8
      date:
      - Wed, 03 Jun 2020 08:35:27 GMT
      etag:
      - '"0f006b08-0000-0700-0000-5ed760ce0000"'
      expires:
      - '-1'
      pragma:
      - no-cache
      server:
      - Microsoft-IIS/10.0
      strict-transport-security:
      - max-age=31536000; includeSubDomains
      transfer-encoding:
      - chunked
      vary:
      - Accept-Encoding
      x-aspnet-version:
      - 4.0.30319
      x-content-type-options:
      - nosniff
      x-powered-by:
      - ASP.NET
    status:
      code: 200
      message: OK
- request:
    body: '{"properties": {"networkAcls": {"defaultAction": "Deny", "ipRules": [{"value":
      "200.0.0.1"}], "virtualNetworkRules": []}}}'
    headers:
      Accept:
      - application/json
      Accept-Encoding:
      - gzip, deflate
      CommandName:
      - cognitiveservices account network-rule add
      Connection:
      - keep-alive
      Content-Length:
      - '122'
      Content-Type:
      - application/json; charset=utf-8
      ParameterSetName:
      - -n -g --ip-address
      User-Agent:
      - python/3.7.3 (Darwin-19.5.0-x86_64-i386-64bit) msrest/0.6.13 msrest_azure/0.6.3
        azure-mgmt-cognitiveservices/2.0.0 Azure-SDK-For-Python AZURECLI/2.5.1
      accept-language:
      - en-US
    method: PATCH
    uri: https://management.azure.com/subscriptions/00000000-0000-0000-0000-000000000000/resourceGroups/clitest.rg000001/providers/Microsoft.CognitiveServices/accounts/cs_cli_test_000002?api-version=2017-04-18
  response:
    body:
      string: '{"id":"/subscriptions/00000000-0000-0000-0000-000000000000/resourceGroups/clitest.rg000001/providers/Microsoft.CognitiveServices/accounts/cs_cli_test_000002","name":"cs_cli_test_000002","type":"Microsoft.CognitiveServices/accounts","etag":"\"0f006e08-0000-0700-0000-5ed760cf0000\"","location":"westus","sku":{"name":"S0"},"kind":"Face","properties":{"endpoint":"https://csclitest000003.cognitiveservices.azure.com/","provisioningState":"Succeeded","internalId":"9068f73d0546489491e776795d749889","dateCreated":"2020-06-03T08:35:24.9435401Z","customSubDomainName":"csclitest000003","networkAcls":{"defaultAction":"Deny","virtualNetworkRules":[],"ipRules":[{"value":"200.0.0.1"}]},"privateEndpointConnections":[],"publicNetworkAccess":"Enabled"}}'
    headers:
      cache-control:
      - no-cache
      content-length:
      - '801'
      content-type:
      - application/json; charset=utf-8
      date:
      - Wed, 03 Jun 2020 08:35:27 GMT
      etag:
      - '"0f006e08-0000-0700-0000-5ed760cf0000"'
      expires:
      - '-1'
      pragma:
      - no-cache
      server:
      - Microsoft-IIS/10.0
      strict-transport-security:
      - max-age=31536000; includeSubDomains
      transfer-encoding:
      - chunked
      vary:
      - Accept-Encoding
      x-aspnet-version:
      - 4.0.30319
      x-content-type-options:
      - nosniff
      x-ms-ratelimit-remaining-subscription-writes:
      - '1198'
      x-powered-by:
      - ASP.NET
    status:
      code: 200
      message: OK
- request:
    body: null
    headers:
      Accept:
      - application/json
      Accept-Encoding:
      - gzip, deflate
      CommandName:
      - cognitiveservices account network-rule list
      Connection:
      - keep-alive
      ParameterSetName:
      - -n -g
      User-Agent:
      - python/3.7.3 (Darwin-19.5.0-x86_64-i386-64bit) msrest/0.6.13 msrest_azure/0.6.3
        azure-mgmt-cognitiveservices/2.0.0 Azure-SDK-For-Python AZURECLI/2.5.1
      accept-language:
      - en-US
    method: GET
    uri: https://management.azure.com/subscriptions/00000000-0000-0000-0000-000000000000/resourceGroups/clitest.rg000001/providers/Microsoft.CognitiveServices/accounts/cs_cli_test_000002?api-version=2017-04-18
  response:
    body:
      string: '{"id":"/subscriptions/00000000-0000-0000-0000-000000000000/resourceGroups/clitest.rg000001/providers/Microsoft.CognitiveServices/accounts/cs_cli_test_000002","name":"cs_cli_test_000002","type":"Microsoft.CognitiveServices/accounts","etag":"\"0f006e08-0000-0700-0000-5ed760cf0000\"","location":"westus","sku":{"name":"S0"},"kind":"Face","properties":{"endpoint":"https://csclitest000003.cognitiveservices.azure.com/","provisioningState":"Succeeded","internalId":"9068f73d0546489491e776795d749889","dateCreated":"2020-06-03T08:35:24.9435401Z","customSubDomainName":"csclitest000003","networkAcls":{"defaultAction":"Deny","virtualNetworkRules":[],"ipRules":[{"value":"200.0.0.1"}]},"privateEndpointConnections":[],"publicNetworkAccess":"Enabled"}}'
    headers:
      cache-control:
      - no-cache
      content-length:
      - '801'
      content-type:
      - application/json; charset=utf-8
      date:
      - Wed, 03 Jun 2020 08:35:28 GMT
      etag:
      - '"0f006e08-0000-0700-0000-5ed760cf0000"'
      expires:
      - '-1'
      pragma:
      - no-cache
      server:
      - Microsoft-IIS/10.0
      strict-transport-security:
      - max-age=31536000; includeSubDomains
      transfer-encoding:
      - chunked
      vary:
      - Accept-Encoding
      x-aspnet-version:
      - 4.0.30319
      x-content-type-options:
      - nosniff
      x-powered-by:
      - ASP.NET
    status:
      code: 200
      message: OK
- request:
    body: null
    headers:
      Accept:
      - application/json
      Accept-Encoding:
      - gzip, deflate
      CommandName:
      - cognitiveservices account network-rule add
      Connection:
      - keep-alive
      ParameterSetName:
      - -n -g --ip-address
      User-Agent:
      - python/3.7.3 (Darwin-19.5.0-x86_64-i386-64bit) msrest/0.6.13 msrest_azure/0.6.3
        azure-mgmt-cognitiveservices/2.0.0 Azure-SDK-For-Python AZURECLI/2.5.1
      accept-language:
      - en-US
    method: GET
    uri: https://management.azure.com/subscriptions/00000000-0000-0000-0000-000000000000/resourceGroups/clitest.rg000001/providers/Microsoft.CognitiveServices/accounts/cs_cli_test_000002?api-version=2017-04-18
  response:
    body:
      string: '{"id":"/subscriptions/00000000-0000-0000-0000-000000000000/resourceGroups/clitest.rg000001/providers/Microsoft.CognitiveServices/accounts/cs_cli_test_000002","name":"cs_cli_test_000002","type":"Microsoft.CognitiveServices/accounts","etag":"\"0f006e08-0000-0700-0000-5ed760cf0000\"","location":"westus","sku":{"name":"S0"},"kind":"Face","properties":{"endpoint":"https://csclitest000003.cognitiveservices.azure.com/","provisioningState":"Succeeded","internalId":"9068f73d0546489491e776795d749889","dateCreated":"2020-06-03T08:35:24.9435401Z","customSubDomainName":"csclitest000003","networkAcls":{"defaultAction":"Deny","virtualNetworkRules":[],"ipRules":[{"value":"200.0.0.1"}]},"privateEndpointConnections":[],"publicNetworkAccess":"Enabled"}}'
    headers:
      cache-control:
      - no-cache
      content-length:
      - '801'
      content-type:
      - application/json; charset=utf-8
      date:
      - Wed, 03 Jun 2020 08:35:28 GMT
      etag:
      - '"0f006e08-0000-0700-0000-5ed760cf0000"'
      expires:
      - '-1'
      pragma:
      - no-cache
      server:
      - Microsoft-IIS/10.0
      strict-transport-security:
      - max-age=31536000; includeSubDomains
      transfer-encoding:
      - chunked
      vary:
      - Accept-Encoding
      x-aspnet-version:
      - 4.0.30319
      x-content-type-options:
      - nosniff
      x-powered-by:
      - ASP.NET
    status:
      code: 200
      message: OK
- request:
    body: '{"properties": {"networkAcls": {"defaultAction": "Deny", "ipRules": [{"value":
      "200.0.0.1"}, {"value": "100.0.0.0/24"}], "virtualNetworkRules": []}}}'
    headers:
      Accept:
      - application/json
      Accept-Encoding:
      - gzip, deflate
      CommandName:
      - cognitiveservices account network-rule add
      Connection:
      - keep-alive
      Content-Length:
      - '149'
      Content-Type:
      - application/json; charset=utf-8
      ParameterSetName:
      - -n -g --ip-address
      User-Agent:
      - python/3.7.3 (Darwin-19.5.0-x86_64-i386-64bit) msrest/0.6.13 msrest_azure/0.6.3
        azure-mgmt-cognitiveservices/2.0.0 Azure-SDK-For-Python AZURECLI/2.5.1
      accept-language:
      - en-US
    method: PATCH
    uri: https://management.azure.com/subscriptions/00000000-0000-0000-0000-000000000000/resourceGroups/clitest.rg000001/providers/Microsoft.CognitiveServices/accounts/cs_cli_test_000002?api-version=2017-04-18
  response:
    body:
      string: '{"id":"/subscriptions/00000000-0000-0000-0000-000000000000/resourceGroups/clitest.rg000001/providers/Microsoft.CognitiveServices/accounts/cs_cli_test_000002","name":"cs_cli_test_000002","type":"Microsoft.CognitiveServices/accounts","etag":"\"0f007208-0000-0700-0000-5ed760d20000\"","location":"westus","sku":{"name":"S0"},"kind":"Face","properties":{"endpoint":"https://csclitest000003.cognitiveservices.azure.com/","provisioningState":"Succeeded","internalId":"9068f73d0546489491e776795d749889","dateCreated":"2020-06-03T08:35:24.9435401Z","customSubDomainName":"csclitest000003","networkAcls":{"defaultAction":"Deny","virtualNetworkRules":[],"ipRules":[{"value":"200.0.0.1"},{"value":"100.0.0.0/24"}]},"privateEndpointConnections":[],"publicNetworkAccess":"Enabled"}}'
    headers:
      cache-control:
      - no-cache
      content-length:
      - '826'
      content-type:
      - application/json; charset=utf-8
      date:
      - Wed, 03 Jun 2020 08:35:29 GMT
      etag:
      - '"0f007208-0000-0700-0000-5ed760d20000"'
      expires:
      - '-1'
      pragma:
      - no-cache
      server:
      - Microsoft-IIS/10.0
      strict-transport-security:
      - max-age=31536000; includeSubDomains
      transfer-encoding:
      - chunked
      vary:
      - Accept-Encoding
      x-aspnet-version:
      - 4.0.30319
      x-content-type-options:
      - nosniff
      x-ms-ratelimit-remaining-subscription-writes:
      - '1199'
      x-powered-by:
      - ASP.NET
    status:
      code: 200
      message: OK
- request:
    body: null
    headers:
      Accept:
      - application/json
      Accept-Encoding:
      - gzip, deflate
      CommandName:
      - cognitiveservices account network-rule list
      Connection:
      - keep-alive
      ParameterSetName:
      - -n -g
      User-Agent:
      - python/3.7.3 (Darwin-19.5.0-x86_64-i386-64bit) msrest/0.6.13 msrest_azure/0.6.3
        azure-mgmt-cognitiveservices/2.0.0 Azure-SDK-For-Python AZURECLI/2.5.1
      accept-language:
      - en-US
    method: GET
    uri: https://management.azure.com/subscriptions/00000000-0000-0000-0000-000000000000/resourceGroups/clitest.rg000001/providers/Microsoft.CognitiveServices/accounts/cs_cli_test_000002?api-version=2017-04-18
  response:
    body:
      string: '{"id":"/subscriptions/00000000-0000-0000-0000-000000000000/resourceGroups/clitest.rg000001/providers/Microsoft.CognitiveServices/accounts/cs_cli_test_000002","name":"cs_cli_test_000002","type":"Microsoft.CognitiveServices/accounts","etag":"\"0f007208-0000-0700-0000-5ed760d20000\"","location":"westus","sku":{"name":"S0"},"kind":"Face","properties":{"endpoint":"https://csclitest000003.cognitiveservices.azure.com/","provisioningState":"Succeeded","internalId":"9068f73d0546489491e776795d749889","dateCreated":"2020-06-03T08:35:24.9435401Z","customSubDomainName":"csclitest000003","networkAcls":{"defaultAction":"Deny","virtualNetworkRules":[],"ipRules":[{"value":"200.0.0.1"},{"value":"100.0.0.0/24"}]},"privateEndpointConnections":[],"publicNetworkAccess":"Enabled"}}'
    headers:
      cache-control:
      - no-cache
      content-length:
      - '826'
      content-type:
      - application/json; charset=utf-8
      date:
      - Wed, 03 Jun 2020 08:35:30 GMT
      etag:
      - '"0f007208-0000-0700-0000-5ed760d20000"'
      expires:
      - '-1'
      pragma:
      - no-cache
      server:
      - Microsoft-IIS/10.0
      strict-transport-security:
      - max-age=31536000; includeSubDomains
      transfer-encoding:
      - chunked
      vary:
      - Accept-Encoding
      x-aspnet-version:
      - 4.0.30319
      x-content-type-options:
      - nosniff
      x-powered-by:
      - ASP.NET
    status:
      code: 200
      message: OK
- request:
    body: null
    headers:
      Accept:
      - application/json
      Accept-Encoding:
      - gzip, deflate
      CommandName:
      - cognitiveservices account network-rule add
      Connection:
      - keep-alive
      ParameterSetName:
      - -n -g --subnet
      User-Agent:
      - python/3.7.3 (Darwin-19.5.0-x86_64-i386-64bit) msrest/0.6.13 msrest_azure/0.6.3
        azure-mgmt-cognitiveservices/2.0.0 Azure-SDK-For-Python AZURECLI/2.5.1
      accept-language:
      - en-US
    method: GET
    uri: https://management.azure.com/subscriptions/00000000-0000-0000-0000-000000000000/resourceGroups/clitest.rg000001/providers/Microsoft.CognitiveServices/accounts/cs_cli_test_000002?api-version=2017-04-18
  response:
    body:
      string: '{"id":"/subscriptions/00000000-0000-0000-0000-000000000000/resourceGroups/clitest.rg000001/providers/Microsoft.CognitiveServices/accounts/cs_cli_test_000002","name":"cs_cli_test_000002","type":"Microsoft.CognitiveServices/accounts","etag":"\"0f007208-0000-0700-0000-5ed760d20000\"","location":"westus","sku":{"name":"S0"},"kind":"Face","properties":{"endpoint":"https://csclitest000003.cognitiveservices.azure.com/","provisioningState":"Succeeded","internalId":"9068f73d0546489491e776795d749889","dateCreated":"2020-06-03T08:35:24.9435401Z","customSubDomainName":"csclitest000003","networkAcls":{"defaultAction":"Deny","virtualNetworkRules":[],"ipRules":[{"value":"200.0.0.1"},{"value":"100.0.0.0/24"}]},"privateEndpointConnections":[],"publicNetworkAccess":"Enabled"}}'
    headers:
      cache-control:
      - no-cache
      content-length:
      - '826'
      content-type:
      - application/json; charset=utf-8
      date:
      - Wed, 03 Jun 2020 08:35:32 GMT
      etag:
      - '"0f007208-0000-0700-0000-5ed760d20000"'
      expires:
      - '-1'
      pragma:
      - no-cache
      server:
      - Microsoft-IIS/10.0
      strict-transport-security:
      - max-age=31536000; includeSubDomains
      transfer-encoding:
      - chunked
      vary:
      - Accept-Encoding
      x-aspnet-version:
      - 4.0.30319
      x-content-type-options:
      - nosniff
      x-powered-by:
      - ASP.NET
    status:
      code: 200
      message: OK
- request:
    body: 'b''{"properties": {"networkAcls": {"defaultAction": "Deny", "ipRules":
      [{"value": "200.0.0.1"}, {"value": "100.0.0.0/24"}], "virtualNetworkRules":
      [{"id": "/subscriptions/00000000-0000-0000-0000-000000000000/resourceGroups/clitest.rg000001/providers/Microsoft.Network/virtualNetworks/cs_cli_test_000002/subnets/default",
      "ignoreMissingVnetServiceEndpoint": true}]}}}'''
    headers:
      Accept:
      - application/json
      Accept-Encoding:
      - gzip, deflate
      CommandName:
      - cognitiveservices account network-rule add
      Connection:
      - keep-alive
      Content-Length:
      - '420'
      Content-Type:
      - application/json; charset=utf-8
      ParameterSetName:
      - -n -g --subnet
      User-Agent:
      - python/3.7.3 (Darwin-19.5.0-x86_64-i386-64bit) msrest/0.6.13 msrest_azure/0.6.3
        azure-mgmt-cognitiveservices/2.0.0 Azure-SDK-For-Python AZURECLI/2.5.1
      accept-language:
      - en-US
    method: PATCH
    uri: https://management.azure.com/subscriptions/00000000-0000-0000-0000-000000000000/resourceGroups/clitest.rg000001/providers/Microsoft.CognitiveServices/accounts/cs_cli_test_000002?api-version=2017-04-18
  response:
    body:
      string: '{"id":"/subscriptions/00000000-0000-0000-0000-000000000000/resourceGroups/clitest.rg000001/providers/Microsoft.CognitiveServices/accounts/cs_cli_test_000002","name":"cs_cli_test_000002","type":"Microsoft.CognitiveServices/accounts","etag":"\"0f00f108-0000-0700-0000-5ed760e10000\"","location":"westus","sku":{"name":"S0"},"kind":"Face","properties":{"endpoint":"https://csclitest000003.cognitiveservices.azure.com/","provisioningState":"Succeeded","internalId":"9068f73d0546489491e776795d749889","dateCreated":"2020-06-03T08:35:24.9435401Z","customSubDomainName":"csclitest000003","networkAcls":{"defaultAction":"Deny","virtualNetworkRules":[{"id":"/subscriptions/00000000-0000-0000-0000-000000000000/resourceGroups/clitest.rg000001/providers/Microsoft.Network/virtualNetworks/cs_cli_test_000002/subnets/default","ignoreMissingVnetServiceEndpoint":true}],"ipRules":[{"value":"200.0.0.1"},{"value":"100.0.0.0/24"}]},"privateEndpointConnections":[],"publicNetworkAccess":"Enabled"}}'
    headers:
      cache-control:
      - no-cache
      content-length:
      - '1094'
      content-type:
      - application/json; charset=utf-8
      date:
      - Wed, 03 Jun 2020 08:35:46 GMT
      etag:
      - '"0f00f108-0000-0700-0000-5ed760e10000"'
      expires:
      - '-1'
      pragma:
      - no-cache
      server:
      - Microsoft-IIS/10.0
      strict-transport-security:
      - max-age=31536000; includeSubDomains
      transfer-encoding:
      - chunked
      vary:
      - Accept-Encoding
      x-aspnet-version:
      - 4.0.30319
      x-content-type-options:
      - nosniff
      x-ms-ratelimit-remaining-subscription-writes:
      - '1198'
      x-powered-by:
      - ASP.NET
    status:
      code: 200
      message: OK
- request:
    body: null
    headers:
      Accept:
      - application/json
      Accept-Encoding:
      - gzip, deflate
      CommandName:
      - cognitiveservices account network-rule list
      Connection:
      - keep-alive
      ParameterSetName:
      - -n -g
      User-Agent:
      - python/3.7.3 (Darwin-19.5.0-x86_64-i386-64bit) msrest/0.6.13 msrest_azure/0.6.3
        azure-mgmt-cognitiveservices/2.0.0 Azure-SDK-For-Python AZURECLI/2.5.1
      accept-language:
      - en-US
    method: GET
    uri: https://management.azure.com/subscriptions/00000000-0000-0000-0000-000000000000/resourceGroups/clitest.rg000001/providers/Microsoft.CognitiveServices/accounts/cs_cli_test_000002?api-version=2017-04-18
  response:
    body:
      string: '{"id":"/subscriptions/00000000-0000-0000-0000-000000000000/resourceGroups/clitest.rg000001/providers/Microsoft.CognitiveServices/accounts/cs_cli_test_000002","name":"cs_cli_test_000002","type":"Microsoft.CognitiveServices/accounts","etag":"\"0f00f108-0000-0700-0000-5ed760e10000\"","location":"westus","sku":{"name":"S0"},"kind":"Face","properties":{"endpoint":"https://csclitest000003.cognitiveservices.azure.com/","provisioningState":"Succeeded","internalId":"9068f73d0546489491e776795d749889","dateCreated":"2020-06-03T08:35:24.9435401Z","customSubDomainName":"csclitest000003","networkAcls":{"defaultAction":"Deny","virtualNetworkRules":[{"id":"/subscriptions/00000000-0000-0000-0000-000000000000/resourceGroups/clitest.rg000001/providers/Microsoft.Network/virtualNetworks/cs_cli_test_000002/subnets/default","ignoreMissingVnetServiceEndpoint":true}],"ipRules":[{"value":"200.0.0.1"},{"value":"100.0.0.0/24"}]},"privateEndpointConnections":[],"publicNetworkAccess":"Enabled"}}'
    headers:
      cache-control:
      - no-cache
      content-length:
      - '1094'
      content-type:
      - application/json; charset=utf-8
      date:
      - Wed, 03 Jun 2020 08:35:47 GMT
      etag:
      - '"0f00f108-0000-0700-0000-5ed760e10000"'
      expires:
      - '-1'
      pragma:
      - no-cache
      server:
      - Microsoft-IIS/10.0
      strict-transport-security:
      - max-age=31536000; includeSubDomains
      transfer-encoding:
      - chunked
      vary:
      - Accept-Encoding
      x-aspnet-version:
      - 4.0.30319
      x-content-type-options:
      - nosniff
      x-powered-by:
      - ASP.NET
    status:
      code: 200
      message: OK
- request:
    body: null
    headers:
      Accept:
      - application/json
      Accept-Encoding:
      - gzip, deflate
      CommandName:
      - cognitiveservices account network-rule add
      Connection:
      - keep-alive
      ParameterSetName:
      - -n -g --subnet --vnet-name
      User-Agent:
      - python/3.7.3 (Darwin-19.5.0-x86_64-i386-64bit) msrest/0.6.13 msrest_azure/0.6.3
        azure-mgmt-cognitiveservices/2.0.0 Azure-SDK-For-Python AZURECLI/2.5.1
      accept-language:
      - en-US
    method: GET
    uri: https://management.azure.com/subscriptions/00000000-0000-0000-0000-000000000000/resourceGroups/clitest.rg000001/providers/Microsoft.CognitiveServices/accounts/cs_cli_test_000002?api-version=2017-04-18
  response:
    body:
      string: '{"id":"/subscriptions/00000000-0000-0000-0000-000000000000/resourceGroups/clitest.rg000001/providers/Microsoft.CognitiveServices/accounts/cs_cli_test_000002","name":"cs_cli_test_000002","type":"Microsoft.CognitiveServices/accounts","etag":"\"0f00f108-0000-0700-0000-5ed760e10000\"","location":"westus","sku":{"name":"S0"},"kind":"Face","properties":{"endpoint":"https://csclitest000003.cognitiveservices.azure.com/","provisioningState":"Succeeded","internalId":"9068f73d0546489491e776795d749889","dateCreated":"2020-06-03T08:35:24.9435401Z","customSubDomainName":"csclitest000003","networkAcls":{"defaultAction":"Deny","virtualNetworkRules":[{"id":"/subscriptions/00000000-0000-0000-0000-000000000000/resourceGroups/clitest.rg000001/providers/Microsoft.Network/virtualNetworks/cs_cli_test_000002/subnets/default","ignoreMissingVnetServiceEndpoint":true}],"ipRules":[{"value":"200.0.0.1"},{"value":"100.0.0.0/24"}]},"privateEndpointConnections":[],"publicNetworkAccess":"Enabled"}}'
    headers:
      cache-control:
      - no-cache
      content-length:
      - '1094'
      content-type:
      - application/json; charset=utf-8
      date:
      - Wed, 03 Jun 2020 08:35:49 GMT
      etag:
      - '"0f00f108-0000-0700-0000-5ed760e10000"'
      expires:
      - '-1'
      pragma:
      - no-cache
      server:
      - Microsoft-IIS/10.0
      strict-transport-security:
      - max-age=31536000; includeSubDomains
      transfer-encoding:
      - chunked
      vary:
      - Accept-Encoding
      x-aspnet-version:
      - 4.0.30319
      x-content-type-options:
      - nosniff
      x-powered-by:
      - ASP.NET
    status:
      code: 200
      message: OK
- request:
    body: 'b''{"properties": {"networkAcls": {"defaultAction": "Deny", "ipRules":
      [{"value": "200.0.0.1"}, {"value": "100.0.0.0/24"}], "virtualNetworkRules":
      [{"id": "/subscriptions/00000000-0000-0000-0000-000000000000/resourceGroups/clitest.rg000001/providers/Microsoft.Network/virtualNetworks/cs_cli_test_000002/subnets/default",
      "ignoreMissingVnetServiceEndpoint": true}, {"id": "/subscriptions/00000000-0000-0000-0000-000000000000/resourceGroups/clitest.rg000001/providers/Microsoft.Network/virtualNetworks/cs_cli_test_000002/subnets/subnet",
      "ignoreMissingVnetServiceEndpoint": true}]}}}'''
    headers:
      Accept:
      - application/json
      Accept-Encoding:
      - gzip, deflate
      CommandName:
      - cognitiveservices account network-rule add
      Connection:
      - keep-alive
      Content-Length:
      - '692'
      Content-Type:
      - application/json; charset=utf-8
      ParameterSetName:
      - -n -g --subnet --vnet-name
      User-Agent:
      - python/3.7.3 (Darwin-19.5.0-x86_64-i386-64bit) msrest/0.6.13 msrest_azure/0.6.3
        azure-mgmt-cognitiveservices/2.0.0 Azure-SDK-For-Python AZURECLI/2.5.1
      accept-language:
      - en-US
    method: PATCH
    uri: https://management.azure.com/subscriptions/00000000-0000-0000-0000-000000000000/resourceGroups/clitest.rg000001/providers/Microsoft.CognitiveServices/accounts/cs_cli_test_000002?api-version=2017-04-18
  response:
    body:
      string: '{"id":"/subscriptions/00000000-0000-0000-0000-000000000000/resourceGroups/clitest.rg000001/providers/Microsoft.CognitiveServices/accounts/cs_cli_test_000002","name":"cs_cli_test_000002","type":"Microsoft.CognitiveServices/accounts","etag":"\"0f004109-0000-0700-0000-5ed760f20000\"","location":"westus","sku":{"name":"S0"},"kind":"Face","properties":{"endpoint":"https://csclitest000003.cognitiveservices.azure.com/","provisioningState":"Succeeded","internalId":"9068f73d0546489491e776795d749889","dateCreated":"2020-06-03T08:35:24.9435401Z","customSubDomainName":"csclitest000003","networkAcls":{"defaultAction":"Deny","virtualNetworkRules":[{"id":"/subscriptions/00000000-0000-0000-0000-000000000000/resourceGroups/clitest.rg000001/providers/Microsoft.Network/virtualNetworks/cs_cli_test_000002/subnets/default","ignoreMissingVnetServiceEndpoint":true},{"id":"/subscriptions/00000000-0000-0000-0000-000000000000/resourceGroups/clitest.rg000001/providers/Microsoft.Network/virtualNetworks/cs_cli_test_000002/subnets/subnet","ignoreMissingVnetServiceEndpoint":true}],"ipRules":[{"value":"200.0.0.1"},{"value":"100.0.0.0/24"}]},"privateEndpointConnections":[],"publicNetworkAccess":"Enabled"}}'
    headers:
      cache-control:
      - no-cache
      content-length:
      - '1362'
      content-type:
      - application/json; charset=utf-8
      date:
      - Wed, 03 Jun 2020 08:36:02 GMT
      etag:
      - '"0f004109-0000-0700-0000-5ed760f20000"'
      expires:
      - '-1'
      pragma:
      - no-cache
      server:
      - Microsoft-IIS/10.0
      strict-transport-security:
      - max-age=31536000; includeSubDomains
      transfer-encoding:
      - chunked
      vary:
      - Accept-Encoding
      x-aspnet-version:
      - 4.0.30319
      x-content-type-options:
      - nosniff
      x-ms-ratelimit-remaining-subscription-writes:
      - '1199'
      x-powered-by:
      - ASP.NET
    status:
      code: 200
      message: OK
- request:
    body: null
    headers:
      Accept:
      - application/json
      Accept-Encoding:
      - gzip, deflate
      CommandName:
      - cognitiveservices account network-rule list
      Connection:
      - keep-alive
      ParameterSetName:
      - -n -g
      User-Agent:
      - python/3.7.3 (Darwin-19.5.0-x86_64-i386-64bit) msrest/0.6.13 msrest_azure/0.6.3
        azure-mgmt-cognitiveservices/2.0.0 Azure-SDK-For-Python AZURECLI/2.5.1
      accept-language:
      - en-US
    method: GET
    uri: https://management.azure.com/subscriptions/00000000-0000-0000-0000-000000000000/resourceGroups/clitest.rg000001/providers/Microsoft.CognitiveServices/accounts/cs_cli_test_000002?api-version=2017-04-18
  response:
    body:
      string: '{"id":"/subscriptions/00000000-0000-0000-0000-000000000000/resourceGroups/clitest.rg000001/providers/Microsoft.CognitiveServices/accounts/cs_cli_test_000002","name":"cs_cli_test_000002","type":"Microsoft.CognitiveServices/accounts","etag":"\"0f004109-0000-0700-0000-5ed760f20000\"","location":"westus","sku":{"name":"S0"},"kind":"Face","properties":{"endpoint":"https://csclitest000003.cognitiveservices.azure.com/","provisioningState":"Succeeded","internalId":"9068f73d0546489491e776795d749889","dateCreated":"2020-06-03T08:35:24.9435401Z","customSubDomainName":"csclitest000003","networkAcls":{"defaultAction":"Deny","virtualNetworkRules":[{"id":"/subscriptions/00000000-0000-0000-0000-000000000000/resourceGroups/clitest.rg000001/providers/Microsoft.Network/virtualNetworks/cs_cli_test_000002/subnets/default","ignoreMissingVnetServiceEndpoint":true},{"id":"/subscriptions/00000000-0000-0000-0000-000000000000/resourceGroups/clitest.rg000001/providers/Microsoft.Network/virtualNetworks/cs_cli_test_000002/subnets/subnet","ignoreMissingVnetServiceEndpoint":true}],"ipRules":[{"value":"200.0.0.1"},{"value":"100.0.0.0/24"}]},"privateEndpointConnections":[],"publicNetworkAccess":"Enabled"}}'
    headers:
      cache-control:
      - no-cache
      content-length:
      - '1362'
      content-type:
      - application/json; charset=utf-8
      date:
      - Wed, 03 Jun 2020 08:36:03 GMT
      etag:
      - '"0f004109-0000-0700-0000-5ed760f20000"'
      expires:
      - '-1'
      pragma:
      - no-cache
      server:
      - Microsoft-IIS/10.0
      strict-transport-security:
      - max-age=31536000; includeSubDomains
      transfer-encoding:
      - chunked
      vary:
      - Accept-Encoding
      x-aspnet-version:
      - 4.0.30319
      x-content-type-options:
      - nosniff
      x-powered-by:
      - ASP.NET
    status:
      code: 200
      message: OK
- request:
    body: null
    headers:
      Accept:
      - application/json
      Accept-Encoding:
      - gzip, deflate
      CommandName:
      - cognitiveservices account network-rule remove
      Connection:
      - keep-alive
      ParameterSetName:
      - -n -g --ip-address
      User-Agent:
      - python/3.7.3 (Darwin-19.5.0-x86_64-i386-64bit) msrest/0.6.13 msrest_azure/0.6.3
        azure-mgmt-cognitiveservices/2.0.0 Azure-SDK-For-Python AZURECLI/2.5.1
      accept-language:
      - en-US
    method: GET
    uri: https://management.azure.com/subscriptions/00000000-0000-0000-0000-000000000000/resourceGroups/clitest.rg000001/providers/Microsoft.CognitiveServices/accounts/cs_cli_test_000002?api-version=2017-04-18
  response:
    body:
      string: '{"id":"/subscriptions/00000000-0000-0000-0000-000000000000/resourceGroups/clitest.rg000001/providers/Microsoft.CognitiveServices/accounts/cs_cli_test_000002","name":"cs_cli_test_000002","type":"Microsoft.CognitiveServices/accounts","etag":"\"0f004109-0000-0700-0000-5ed760f20000\"","location":"westus","sku":{"name":"S0"},"kind":"Face","properties":{"endpoint":"https://csclitest000003.cognitiveservices.azure.com/","provisioningState":"Succeeded","internalId":"9068f73d0546489491e776795d749889","dateCreated":"2020-06-03T08:35:24.9435401Z","customSubDomainName":"csclitest000003","networkAcls":{"defaultAction":"Deny","virtualNetworkRules":[{"id":"/subscriptions/00000000-0000-0000-0000-000000000000/resourceGroups/clitest.rg000001/providers/Microsoft.Network/virtualNetworks/cs_cli_test_000002/subnets/default","ignoreMissingVnetServiceEndpoint":true},{"id":"/subscriptions/00000000-0000-0000-0000-000000000000/resourceGroups/clitest.rg000001/providers/Microsoft.Network/virtualNetworks/cs_cli_test_000002/subnets/subnet","ignoreMissingVnetServiceEndpoint":true}],"ipRules":[{"value":"200.0.0.1"},{"value":"100.0.0.0/24"}]},"privateEndpointConnections":[],"publicNetworkAccess":"Enabled"}}'
    headers:
      cache-control:
      - no-cache
      content-length:
      - '1362'
      content-type:
      - application/json; charset=utf-8
      date:
      - Wed, 03 Jun 2020 08:36:03 GMT
      etag:
      - '"0f004109-0000-0700-0000-5ed760f20000"'
      expires:
      - '-1'
      pragma:
      - no-cache
      server:
      - Microsoft-IIS/10.0
      strict-transport-security:
      - max-age=31536000; includeSubDomains
      transfer-encoding:
      - chunked
      vary:
      - Accept-Encoding
      x-aspnet-version:
      - 4.0.30319
      x-content-type-options:
      - nosniff
      x-powered-by:
      - ASP.NET
    status:
      code: 200
      message: OK
- request:
    body: 'b''{"properties": {"networkAcls": {"defaultAction": "Deny", "ipRules":
      [{"value": "100.0.0.0/24"}], "virtualNetworkRules": [{"id": "/subscriptions/00000000-0000-0000-0000-000000000000/resourceGroups/clitest.rg000001/providers/Microsoft.Network/virtualNetworks/cs_cli_test_000002/subnets/default",
      "ignoreMissingVnetServiceEndpoint": true}, {"id": "/subscriptions/00000000-0000-0000-0000-000000000000/resourceGroups/clitest.rg000001/providers/Microsoft.Network/virtualNetworks/cs_cli_test_000002/subnets/subnet",
      "ignoreMissingVnetServiceEndpoint": true}]}}}'''
    headers:
      Accept:
      - application/json
      Accept-Encoding:
      - gzip, deflate
      CommandName:
      - cognitiveservices account network-rule remove
      Connection:
      - keep-alive
      Content-Length:
      - '668'
      Content-Type:
      - application/json; charset=utf-8
      ParameterSetName:
      - -n -g --ip-address
      User-Agent:
      - python/3.7.3 (Darwin-19.5.0-x86_64-i386-64bit) msrest/0.6.13 msrest_azure/0.6.3
        azure-mgmt-cognitiveservices/2.0.0 Azure-SDK-For-Python AZURECLI/2.5.1
      accept-language:
      - en-US
    method: PATCH
    uri: https://management.azure.com/subscriptions/00000000-0000-0000-0000-000000000000/resourceGroups/clitest.rg000001/providers/Microsoft.CognitiveServices/accounts/cs_cli_test_000002?api-version=2017-04-18
  response:
    body:
      string: '{"id":"/subscriptions/00000000-0000-0000-0000-000000000000/resourceGroups/clitest.rg000001/providers/Microsoft.CognitiveServices/accounts/cs_cli_test_000002","name":"cs_cli_test_000002","type":"Microsoft.CognitiveServices/accounts","etag":"\"0f005309-0000-0700-0000-5ed760f50000\"","location":"westus","sku":{"name":"S0"},"kind":"Face","properties":{"endpoint":"https://csclitest000003.cognitiveservices.azure.com/","provisioningState":"Succeeded","internalId":"9068f73d0546489491e776795d749889","dateCreated":"2020-06-03T08:35:24.9435401Z","customSubDomainName":"csclitest000003","networkAcls":{"defaultAction":"Deny","virtualNetworkRules":[{"id":"/subscriptions/00000000-0000-0000-0000-000000000000/resourceGroups/clitest.rg000001/providers/Microsoft.Network/virtualNetworks/cs_cli_test_000002/subnets/default","ignoreMissingVnetServiceEndpoint":true},{"id":"/subscriptions/00000000-0000-0000-0000-000000000000/resourceGroups/clitest.rg000001/providers/Microsoft.Network/virtualNetworks/cs_cli_test_000002/subnets/subnet","ignoreMissingVnetServiceEndpoint":true}],"ipRules":[{"value":"100.0.0.0/24"}]},"privateEndpointConnections":[],"publicNetworkAccess":"Enabled"}}'
    headers:
      cache-control:
      - no-cache
      content-length:
      - '1340'
      content-type:
      - application/json; charset=utf-8
      date:
      - Wed, 03 Jun 2020 08:36:05 GMT
      etag:
      - '"0f005309-0000-0700-0000-5ed760f50000"'
      expires:
      - '-1'
      pragma:
      - no-cache
      server:
      - Microsoft-IIS/10.0
      strict-transport-security:
      - max-age=31536000; includeSubDomains
      transfer-encoding:
      - chunked
      vary:
      - Accept-Encoding
      x-aspnet-version:
      - 4.0.30319
      x-content-type-options:
      - nosniff
      x-ms-ratelimit-remaining-subscription-writes:
      - '1199'
      x-powered-by:
      - ASP.NET
    status:
      code: 200
      message: OK
- request:
    body: null
    headers:
      Accept:
      - application/json
      Accept-Encoding:
      - gzip, deflate
      CommandName:
      - cognitiveservices account network-rule list
      Connection:
      - keep-alive
      ParameterSetName:
      - -n -g
      User-Agent:
      - python/3.7.3 (Darwin-19.5.0-x86_64-i386-64bit) msrest/0.6.13 msrest_azure/0.6.3
        azure-mgmt-cognitiveservices/2.0.0 Azure-SDK-For-Python AZURECLI/2.5.1
      accept-language:
      - en-US
    method: GET
    uri: https://management.azure.com/subscriptions/00000000-0000-0000-0000-000000000000/resourceGroups/clitest.rg000001/providers/Microsoft.CognitiveServices/accounts/cs_cli_test_000002?api-version=2017-04-18
  response:
    body:
      string: '{"id":"/subscriptions/00000000-0000-0000-0000-000000000000/resourceGroups/clitest.rg000001/providers/Microsoft.CognitiveServices/accounts/cs_cli_test_000002","name":"cs_cli_test_000002","type":"Microsoft.CognitiveServices/accounts","etag":"\"0f005309-0000-0700-0000-5ed760f50000\"","location":"westus","sku":{"name":"S0"},"kind":"Face","properties":{"endpoint":"https://csclitest000003.cognitiveservices.azure.com/","provisioningState":"Succeeded","internalId":"9068f73d0546489491e776795d749889","dateCreated":"2020-06-03T08:35:24.9435401Z","customSubDomainName":"csclitest000003","networkAcls":{"defaultAction":"Deny","virtualNetworkRules":[{"id":"/subscriptions/00000000-0000-0000-0000-000000000000/resourceGroups/clitest.rg000001/providers/Microsoft.Network/virtualNetworks/cs_cli_test_000002/subnets/default","ignoreMissingVnetServiceEndpoint":true},{"id":"/subscriptions/00000000-0000-0000-0000-000000000000/resourceGroups/clitest.rg000001/providers/Microsoft.Network/virtualNetworks/cs_cli_test_000002/subnets/subnet","ignoreMissingVnetServiceEndpoint":true}],"ipRules":[{"value":"100.0.0.0/24"}]},"privateEndpointConnections":[],"publicNetworkAccess":"Enabled"}}'
    headers:
      cache-control:
      - no-cache
      content-length:
      - '1340'
      content-type:
      - application/json; charset=utf-8
      date:
      - Wed, 03 Jun 2020 08:36:06 GMT
      etag:
      - '"0f005309-0000-0700-0000-5ed760f50000"'
      expires:
      - '-1'
      pragma:
      - no-cache
      server:
      - Microsoft-IIS/10.0
      strict-transport-security:
      - max-age=31536000; includeSubDomains
      transfer-encoding:
      - chunked
      vary:
      - Accept-Encoding
      x-aspnet-version:
      - 4.0.30319
      x-content-type-options:
      - nosniff
      x-powered-by:
      - ASP.NET
    status:
      code: 200
      message: OK
- request:
    body: null
    headers:
      Accept:
      - application/json
      Accept-Encoding:
      - gzip, deflate
      CommandName:
      - cognitiveservices account network-rule remove
      Connection:
      - keep-alive
      ParameterSetName:
      - -n -g --ip-address
      User-Agent:
      - python/3.7.3 (Darwin-19.5.0-x86_64-i386-64bit) msrest/0.6.13 msrest_azure/0.6.3
        azure-mgmt-cognitiveservices/2.0.0 Azure-SDK-For-Python AZURECLI/2.5.1
      accept-language:
      - en-US
    method: GET
    uri: https://management.azure.com/subscriptions/00000000-0000-0000-0000-000000000000/resourceGroups/clitest.rg000001/providers/Microsoft.CognitiveServices/accounts/cs_cli_test_000002?api-version=2017-04-18
  response:
    body:
      string: '{"id":"/subscriptions/00000000-0000-0000-0000-000000000000/resourceGroups/clitest.rg000001/providers/Microsoft.CognitiveServices/accounts/cs_cli_test_000002","name":"cs_cli_test_000002","type":"Microsoft.CognitiveServices/accounts","etag":"\"0f005309-0000-0700-0000-5ed760f50000\"","location":"westus","sku":{"name":"S0"},"kind":"Face","properties":{"endpoint":"https://csclitest000003.cognitiveservices.azure.com/","provisioningState":"Succeeded","internalId":"9068f73d0546489491e776795d749889","dateCreated":"2020-06-03T08:35:24.9435401Z","customSubDomainName":"csclitest000003","networkAcls":{"defaultAction":"Deny","virtualNetworkRules":[{"id":"/subscriptions/00000000-0000-0000-0000-000000000000/resourceGroups/clitest.rg000001/providers/Microsoft.Network/virtualNetworks/cs_cli_test_000002/subnets/default","ignoreMissingVnetServiceEndpoint":true},{"id":"/subscriptions/00000000-0000-0000-0000-000000000000/resourceGroups/clitest.rg000001/providers/Microsoft.Network/virtualNetworks/cs_cli_test_000002/subnets/subnet","ignoreMissingVnetServiceEndpoint":true}],"ipRules":[{"value":"100.0.0.0/24"}]},"privateEndpointConnections":[],"publicNetworkAccess":"Enabled"}}'
    headers:
      cache-control:
      - no-cache
      content-length:
      - '1340'
      content-type:
      - application/json; charset=utf-8
      date:
      - Wed, 03 Jun 2020 08:36:06 GMT
      etag:
      - '"0f005309-0000-0700-0000-5ed760f50000"'
      expires:
      - '-1'
      pragma:
      - no-cache
      server:
      - Microsoft-IIS/10.0
      strict-transport-security:
      - max-age=31536000; includeSubDomains
      transfer-encoding:
      - chunked
      vary:
      - Accept-Encoding
      x-aspnet-version:
      - 4.0.30319
      x-content-type-options:
      - nosniff
      x-powered-by:
      - ASP.NET
    status:
      code: 200
      message: OK
- request:
    body: 'b''{"properties": {"networkAcls": {"defaultAction": "Deny", "ipRules":
      [], "virtualNetworkRules": [{"id": "/subscriptions/00000000-0000-0000-0000-000000000000/resourceGroups/clitest.rg000001/providers/Microsoft.Network/virtualNetworks/cs_cli_test_000002/subnets/default",
      "ignoreMissingVnetServiceEndpoint": true}, {"id": "/subscriptions/00000000-0000-0000-0000-000000000000/resourceGroups/clitest.rg000001/providers/Microsoft.Network/virtualNetworks/cs_cli_test_000002/subnets/subnet",
      "ignoreMissingVnetServiceEndpoint": true}]}}}'''
    headers:
      Accept:
      - application/json
      Accept-Encoding:
      - gzip, deflate
      CommandName:
      - cognitiveservices account network-rule remove
      Connection:
      - keep-alive
      Content-Length:
      - '643'
      Content-Type:
      - application/json; charset=utf-8
      ParameterSetName:
      - -n -g --ip-address
      User-Agent:
      - python/3.7.3 (Darwin-19.5.0-x86_64-i386-64bit) msrest/0.6.13 msrest_azure/0.6.3
        azure-mgmt-cognitiveservices/2.0.0 Azure-SDK-For-Python AZURECLI/2.5.1
      accept-language:
      - en-US
    method: PATCH
    uri: https://management.azure.com/subscriptions/00000000-0000-0000-0000-000000000000/resourceGroups/clitest.rg000001/providers/Microsoft.CognitiveServices/accounts/cs_cli_test_000002?api-version=2017-04-18
  response:
    body:
      string: '{"id":"/subscriptions/00000000-0000-0000-0000-000000000000/resourceGroups/clitest.rg000001/providers/Microsoft.CognitiveServices/accounts/cs_cli_test_000002","name":"cs_cli_test_000002","type":"Microsoft.CognitiveServices/accounts","etag":"\"0f007a09-0000-0700-0000-5ed760f90000\"","location":"westus","sku":{"name":"S0"},"kind":"Face","properties":{"endpoint":"https://csclitest000003.cognitiveservices.azure.com/","provisioningState":"Succeeded","internalId":"9068f73d0546489491e776795d749889","dateCreated":"2020-06-03T08:35:24.9435401Z","customSubDomainName":"csclitest000003","networkAcls":{"defaultAction":"Deny","virtualNetworkRules":[{"id":"/subscriptions/00000000-0000-0000-0000-000000000000/resourceGroups/clitest.rg000001/providers/Microsoft.Network/virtualNetworks/cs_cli_test_000002/subnets/default","ignoreMissingVnetServiceEndpoint":true},{"id":"/subscriptions/00000000-0000-0000-0000-000000000000/resourceGroups/clitest.rg000001/providers/Microsoft.Network/virtualNetworks/cs_cli_test_000002/subnets/subnet","ignoreMissingVnetServiceEndpoint":true}],"ipRules":[]},"privateEndpointConnections":[],"publicNetworkAccess":"Enabled"}}'
    headers:
      cache-control:
      - no-cache
      content-length:
      - '1316'
      content-type:
      - application/json; charset=utf-8
      date:
      - Wed, 03 Jun 2020 08:36:08 GMT
      etag:
      - '"0f007a09-0000-0700-0000-5ed760f90000"'
      expires:
      - '-1'
      pragma:
      - no-cache
      server:
      - Microsoft-IIS/10.0
      strict-transport-security:
      - max-age=31536000; includeSubDomains
      transfer-encoding:
      - chunked
      vary:
      - Accept-Encoding
      x-aspnet-version:
      - 4.0.30319
      x-content-type-options:
      - nosniff
      x-ms-ratelimit-remaining-subscription-writes:
      - '1199'
      x-powered-by:
      - ASP.NET
    status:
      code: 200
      message: OK
- request:
    body: null
    headers:
      Accept:
      - application/json
      Accept-Encoding:
      - gzip, deflate
      CommandName:
      - cognitiveservices account network-rule list
      Connection:
      - keep-alive
      ParameterSetName:
      - -n -g
      User-Agent:
      - python/3.7.3 (Darwin-19.5.0-x86_64-i386-64bit) msrest/0.6.13 msrest_azure/0.6.3
        azure-mgmt-cognitiveservices/2.0.0 Azure-SDK-For-Python AZURECLI/2.5.1
      accept-language:
      - en-US
    method: GET
    uri: https://management.azure.com/subscriptions/00000000-0000-0000-0000-000000000000/resourceGroups/clitest.rg000001/providers/Microsoft.CognitiveServices/accounts/cs_cli_test_000002?api-version=2017-04-18
  response:
    body:
      string: '{"id":"/subscriptions/00000000-0000-0000-0000-000000000000/resourceGroups/clitest.rg000001/providers/Microsoft.CognitiveServices/accounts/cs_cli_test_000002","name":"cs_cli_test_000002","type":"Microsoft.CognitiveServices/accounts","etag":"\"0f007a09-0000-0700-0000-5ed760f90000\"","location":"westus","sku":{"name":"S0"},"kind":"Face","properties":{"endpoint":"https://csclitest000003.cognitiveservices.azure.com/","provisioningState":"Succeeded","internalId":"9068f73d0546489491e776795d749889","dateCreated":"2020-06-03T08:35:24.9435401Z","customSubDomainName":"csclitest000003","networkAcls":{"defaultAction":"Deny","virtualNetworkRules":[{"id":"/subscriptions/00000000-0000-0000-0000-000000000000/resourceGroups/clitest.rg000001/providers/Microsoft.Network/virtualNetworks/cs_cli_test_000002/subnets/default","ignoreMissingVnetServiceEndpoint":true},{"id":"/subscriptions/00000000-0000-0000-0000-000000000000/resourceGroups/clitest.rg000001/providers/Microsoft.Network/virtualNetworks/cs_cli_test_000002/subnets/subnet","ignoreMissingVnetServiceEndpoint":true}],"ipRules":[]},"privateEndpointConnections":[],"publicNetworkAccess":"Enabled"}}'
    headers:
      cache-control:
      - no-cache
      content-length:
      - '1316'
      content-type:
      - application/json; charset=utf-8
      date:
      - Wed, 03 Jun 2020 08:36:09 GMT
      etag:
      - '"0f007a09-0000-0700-0000-5ed760f90000"'
      expires:
      - '-1'
      pragma:
      - no-cache
      server:
      - Microsoft-IIS/10.0
      strict-transport-security:
      - max-age=31536000; includeSubDomains
      transfer-encoding:
      - chunked
      vary:
      - Accept-Encoding
      x-aspnet-version:
      - 4.0.30319
      x-content-type-options:
      - nosniff
      x-powered-by:
      - ASP.NET
    status:
      code: 200
      message: OK
- request:
    body: null
    headers:
      Accept:
      - application/json
      Accept-Encoding:
      - gzip, deflate
      CommandName:
      - cognitiveservices account network-rule remove
      Connection:
      - keep-alive
      ParameterSetName:
      - -n -g --subnet
      User-Agent:
      - python/3.7.3 (Darwin-19.5.0-x86_64-i386-64bit) msrest/0.6.13 msrest_azure/0.6.3
        azure-mgmt-cognitiveservices/2.0.0 Azure-SDK-For-Python AZURECLI/2.5.1
      accept-language:
      - en-US
    method: GET
    uri: https://management.azure.com/subscriptions/00000000-0000-0000-0000-000000000000/resourceGroups/clitest.rg000001/providers/Microsoft.CognitiveServices/accounts/cs_cli_test_000002?api-version=2017-04-18
  response:
    body:
      string: '{"id":"/subscriptions/00000000-0000-0000-0000-000000000000/resourceGroups/clitest.rg000001/providers/Microsoft.CognitiveServices/accounts/cs_cli_test_000002","name":"cs_cli_test_000002","type":"Microsoft.CognitiveServices/accounts","etag":"\"0f007a09-0000-0700-0000-5ed760f90000\"","location":"westus","sku":{"name":"S0"},"kind":"Face","properties":{"endpoint":"https://csclitest000003.cognitiveservices.azure.com/","provisioningState":"Succeeded","internalId":"9068f73d0546489491e776795d749889","dateCreated":"2020-06-03T08:35:24.9435401Z","customSubDomainName":"csclitest000003","networkAcls":{"defaultAction":"Deny","virtualNetworkRules":[{"id":"/subscriptions/00000000-0000-0000-0000-000000000000/resourceGroups/clitest.rg000001/providers/Microsoft.Network/virtualNetworks/cs_cli_test_000002/subnets/default","ignoreMissingVnetServiceEndpoint":true},{"id":"/subscriptions/00000000-0000-0000-0000-000000000000/resourceGroups/clitest.rg000001/providers/Microsoft.Network/virtualNetworks/cs_cli_test_000002/subnets/subnet","ignoreMissingVnetServiceEndpoint":true}],"ipRules":[]},"privateEndpointConnections":[],"publicNetworkAccess":"Enabled"}}'
    headers:
      cache-control:
      - no-cache
      content-length:
      - '1316'
      content-type:
      - application/json; charset=utf-8
      date:
      - Wed, 03 Jun 2020 08:36:10 GMT
      etag:
      - '"0f007a09-0000-0700-0000-5ed760f90000"'
      expires:
      - '-1'
      pragma:
      - no-cache
      server:
      - Microsoft-IIS/10.0
      strict-transport-security:
      - max-age=31536000; includeSubDomains
      transfer-encoding:
      - chunked
      vary:
      - Accept-Encoding
      x-aspnet-version:
      - 4.0.30319
      x-content-type-options:
      - nosniff
      x-powered-by:
      - ASP.NET
    status:
      code: 200
      message: OK
- request:
    body: 'b''{"properties": {"networkAcls": {"defaultAction": "Deny", "ipRules":
      [], "virtualNetworkRules": [{"id": "/subscriptions/00000000-0000-0000-0000-000000000000/resourceGroups/clitest.rg000001/providers/Microsoft.Network/virtualNetworks/cs_cli_test_000002/subnets/subnet",
      "ignoreMissingVnetServiceEndpoint": true}]}}}'''
    headers:
      Accept:
      - application/json
      Accept-Encoding:
      - gzip, deflate
      CommandName:
      - cognitiveservices account network-rule remove
      Connection:
      - keep-alive
      Content-Length:
      - '370'
      Content-Type:
      - application/json; charset=utf-8
      ParameterSetName:
      - -n -g --subnet
      User-Agent:
      - python/3.7.3 (Darwin-19.5.0-x86_64-i386-64bit) msrest/0.6.13 msrest_azure/0.6.3
        azure-mgmt-cognitiveservices/2.0.0 Azure-SDK-For-Python AZURECLI/2.5.1
      accept-language:
      - en-US
    method: PATCH
    uri: https://management.azure.com/subscriptions/00000000-0000-0000-0000-000000000000/resourceGroups/clitest.rg000001/providers/Microsoft.CognitiveServices/accounts/cs_cli_test_000002?api-version=2017-04-18
  response:
    body:
      string: '{"id":"/subscriptions/00000000-0000-0000-0000-000000000000/resourceGroups/clitest.rg000001/providers/Microsoft.CognitiveServices/accounts/cs_cli_test_000002","name":"cs_cli_test_000002","type":"Microsoft.CognitiveServices/accounts","etag":"\"0f008c09-0000-0700-0000-5ed760fc0000\"","location":"westus","sku":{"name":"S0"},"kind":"Face","properties":{"endpoint":"https://csclitest000003.cognitiveservices.azure.com/","provisioningState":"Succeeded","internalId":"9068f73d0546489491e776795d749889","dateCreated":"2020-06-03T08:35:24.9435401Z","customSubDomainName":"csclitest000003","networkAcls":{"defaultAction":"Deny","virtualNetworkRules":[{"id":"/subscriptions/00000000-0000-0000-0000-000000000000/resourceGroups/clitest.rg000001/providers/Microsoft.Network/virtualNetworks/cs_cli_test_000002/subnets/subnet","ignoreMissingVnetServiceEndpoint":true}],"ipRules":[]},"privateEndpointConnections":[],"publicNetworkAccess":"Enabled"}}'
    headers:
      cache-control:
      - no-cache
      content-length:
      - '1047'
      content-type:
      - application/json; charset=utf-8
      date:
      - Wed, 03 Jun 2020 08:36:12 GMT
      etag:
      - '"0f008c09-0000-0700-0000-5ed760fc0000"'
      expires:
      - '-1'
      pragma:
      - no-cache
      server:
      - Microsoft-IIS/10.0
      strict-transport-security:
      - max-age=31536000; includeSubDomains
      transfer-encoding:
      - chunked
      vary:
      - Accept-Encoding
      x-aspnet-version:
      - 4.0.30319
      x-content-type-options:
      - nosniff
      x-ms-ratelimit-remaining-subscription-writes:
      - '1199'
      x-powered-by:
      - ASP.NET
    status:
      code: 200
      message: OK
- request:
    body: null
    headers:
      Accept:
      - application/json
      Accept-Encoding:
      - gzip, deflate
      CommandName:
      - cognitiveservices account network-rule list
      Connection:
      - keep-alive
      ParameterSetName:
      - -n -g
      User-Agent:
      - python/3.7.3 (Darwin-19.5.0-x86_64-i386-64bit) msrest/0.6.13 msrest_azure/0.6.3
        azure-mgmt-cognitiveservices/2.0.0 Azure-SDK-For-Python AZURECLI/2.5.1
      accept-language:
      - en-US
    method: GET
    uri: https://management.azure.com/subscriptions/00000000-0000-0000-0000-000000000000/resourceGroups/clitest.rg000001/providers/Microsoft.CognitiveServices/accounts/cs_cli_test_000002?api-version=2017-04-18
  response:
    body:
      string: '{"id":"/subscriptions/00000000-0000-0000-0000-000000000000/resourceGroups/clitest.rg000001/providers/Microsoft.CognitiveServices/accounts/cs_cli_test_000002","name":"cs_cli_test_000002","type":"Microsoft.CognitiveServices/accounts","etag":"\"0f008c09-0000-0700-0000-5ed760fc0000\"","location":"westus","sku":{"name":"S0"},"kind":"Face","properties":{"endpoint":"https://csclitest000003.cognitiveservices.azure.com/","provisioningState":"Succeeded","internalId":"9068f73d0546489491e776795d749889","dateCreated":"2020-06-03T08:35:24.9435401Z","customSubDomainName":"csclitest000003","networkAcls":{"defaultAction":"Deny","virtualNetworkRules":[{"id":"/subscriptions/00000000-0000-0000-0000-000000000000/resourceGroups/clitest.rg000001/providers/Microsoft.Network/virtualNetworks/cs_cli_test_000002/subnets/subnet","ignoreMissingVnetServiceEndpoint":true}],"ipRules":[]},"privateEndpointConnections":[],"publicNetworkAccess":"Enabled"}}'
    headers:
      cache-control:
      - no-cache
      content-length:
      - '1047'
      content-type:
      - application/json; charset=utf-8
      date:
      - Wed, 03 Jun 2020 08:36:13 GMT
      etag:
      - '"0f008c09-0000-0700-0000-5ed760fc0000"'
      expires:
      - '-1'
      pragma:
      - no-cache
      server:
      - Microsoft-IIS/10.0
      strict-transport-security:
      - max-age=31536000; includeSubDomains
      transfer-encoding:
      - chunked
      vary:
      - Accept-Encoding
      x-aspnet-version:
      - 4.0.30319
      x-content-type-options:
      - nosniff
      x-powered-by:
      - ASP.NET
    status:
      code: 200
      message: OK
- request:
    body: null
    headers:
      Accept:
      - application/json
      Accept-Encoding:
      - gzip, deflate
      CommandName:
      - cognitiveservices account network-rule remove
      Connection:
      - keep-alive
      ParameterSetName:
      - -n -g --subnet --vnet-name
      User-Agent:
      - python/3.7.3 (Darwin-19.5.0-x86_64-i386-64bit) msrest/0.6.13 msrest_azure/0.6.3
        azure-mgmt-cognitiveservices/2.0.0 Azure-SDK-For-Python AZURECLI/2.5.1
      accept-language:
      - en-US
    method: GET
    uri: https://management.azure.com/subscriptions/00000000-0000-0000-0000-000000000000/resourceGroups/clitest.rg000001/providers/Microsoft.CognitiveServices/accounts/cs_cli_test_000002?api-version=2017-04-18
  response:
    body:
      string: '{"id":"/subscriptions/00000000-0000-0000-0000-000000000000/resourceGroups/clitest.rg000001/providers/Microsoft.CognitiveServices/accounts/cs_cli_test_000002","name":"cs_cli_test_000002","type":"Microsoft.CognitiveServices/accounts","etag":"\"0f008c09-0000-0700-0000-5ed760fc0000\"","location":"westus","sku":{"name":"S0"},"kind":"Face","properties":{"endpoint":"https://csclitest000003.cognitiveservices.azure.com/","provisioningState":"Succeeded","internalId":"9068f73d0546489491e776795d749889","dateCreated":"2020-06-03T08:35:24.9435401Z","customSubDomainName":"csclitest000003","networkAcls":{"defaultAction":"Deny","virtualNetworkRules":[{"id":"/subscriptions/00000000-0000-0000-0000-000000000000/resourceGroups/clitest.rg000001/providers/Microsoft.Network/virtualNetworks/cs_cli_test_000002/subnets/subnet","ignoreMissingVnetServiceEndpoint":true}],"ipRules":[]},"privateEndpointConnections":[],"publicNetworkAccess":"Enabled"}}'
    headers:
      cache-control:
      - no-cache
      content-length:
      - '1047'
      content-type:
      - application/json; charset=utf-8
      date:
      - Wed, 03 Jun 2020 08:36:13 GMT
      etag:
      - '"0f008c09-0000-0700-0000-5ed760fc0000"'
      expires:
      - '-1'
      pragma:
      - no-cache
      server:
      - Microsoft-IIS/10.0
      strict-transport-security:
      - max-age=31536000; includeSubDomains
      transfer-encoding:
      - chunked
      vary:
      - Accept-Encoding
      x-aspnet-version:
      - 4.0.30319
      x-content-type-options:
      - nosniff
      x-powered-by:
      - ASP.NET
    status:
      code: 200
      message: OK
- request:
    body: '{"properties": {"networkAcls": {"defaultAction": "Deny", "ipRules": [],
      "virtualNetworkRules": []}}}'
    headers:
      Accept:
      - application/json
      Accept-Encoding:
      - gzip, deflate
      CommandName:
      - cognitiveservices account network-rule remove
      Connection:
      - keep-alive
      Content-Length:
      - '100'
      Content-Type:
      - application/json; charset=utf-8
      ParameterSetName:
      - -n -g --subnet --vnet-name
      User-Agent:
      - python/3.7.3 (Darwin-19.5.0-x86_64-i386-64bit) msrest/0.6.13 msrest_azure/0.6.3
        azure-mgmt-cognitiveservices/2.0.0 Azure-SDK-For-Python AZURECLI/2.5.1
      accept-language:
      - en-US
    method: PATCH
    uri: https://management.azure.com/subscriptions/00000000-0000-0000-0000-000000000000/resourceGroups/clitest.rg000001/providers/Microsoft.CognitiveServices/accounts/cs_cli_test_000002?api-version=2017-04-18
  response:
    body:
      string: '{"id":"/subscriptions/00000000-0000-0000-0000-000000000000/resourceGroups/clitest.rg000001/providers/Microsoft.CognitiveServices/accounts/cs_cli_test_000002","name":"cs_cli_test_000002","type":"Microsoft.CognitiveServices/accounts","etag":"\"0f00ef09-0000-0700-0000-5ed7610a0000\"","location":"westus","sku":{"name":"S0"},"kind":"Face","properties":{"endpoint":"https://csclitest000003.cognitiveservices.azure.com/","provisioningState":"Succeeded","internalId":"9068f73d0546489491e776795d749889","dateCreated":"2020-06-03T08:35:24.9435401Z","customSubDomainName":"csclitest000003","networkAcls":{"defaultAction":"Deny","virtualNetworkRules":[],"ipRules":[]},"privateEndpointConnections":[],"publicNetworkAccess":"Enabled"}}'
    headers:
      cache-control:
      - no-cache
      content-length:
      - '780'
      content-type:
      - application/json; charset=utf-8
      date:
      - Wed, 03 Jun 2020 08:36:26 GMT
      etag:
      - '"0f00ef09-0000-0700-0000-5ed7610a0000"'
      expires:
      - '-1'
      pragma:
      - no-cache
      server:
      - Microsoft-IIS/10.0
      strict-transport-security:
      - max-age=31536000; includeSubDomains
      transfer-encoding:
      - chunked
      vary:
      - Accept-Encoding
      x-aspnet-version:
      - 4.0.30319
      x-content-type-options:
      - nosniff
      x-ms-ratelimit-remaining-subscription-writes:
      - '1199'
      x-powered-by:
      - ASP.NET
    status:
      code: 200
      message: OK
- request:
    body: null
    headers:
      Accept:
      - application/json
      Accept-Encoding:
      - gzip, deflate
      CommandName:
      - cognitiveservices account network-rule list
      Connection:
      - keep-alive
      ParameterSetName:
      - -n -g
      User-Agent:
      - python/3.7.3 (Darwin-19.5.0-x86_64-i386-64bit) msrest/0.6.13 msrest_azure/0.6.3
        azure-mgmt-cognitiveservices/2.0.0 Azure-SDK-For-Python AZURECLI/2.5.1
      accept-language:
      - en-US
    method: GET
    uri: https://management.azure.com/subscriptions/00000000-0000-0000-0000-000000000000/resourceGroups/clitest.rg000001/providers/Microsoft.CognitiveServices/accounts/cs_cli_test_000002?api-version=2017-04-18
  response:
    body:
      string: '{"id":"/subscriptions/00000000-0000-0000-0000-000000000000/resourceGroups/clitest.rg000001/providers/Microsoft.CognitiveServices/accounts/cs_cli_test_000002","name":"cs_cli_test_000002","type":"Microsoft.CognitiveServices/accounts","etag":"\"0f00ef09-0000-0700-0000-5ed7610a0000\"","location":"westus","sku":{"name":"S0"},"kind":"Face","properties":{"endpoint":"https://csclitest000003.cognitiveservices.azure.com/","provisioningState":"Succeeded","internalId":"9068f73d0546489491e776795d749889","dateCreated":"2020-06-03T08:35:24.9435401Z","customSubDomainName":"csclitest000003","networkAcls":{"defaultAction":"Deny","virtualNetworkRules":[],"ipRules":[]},"privateEndpointConnections":[],"publicNetworkAccess":"Enabled"}}'
    headers:
      cache-control:
      - no-cache
      content-length:
      - '780'
      content-type:
      - application/json; charset=utf-8
      date:
      - Wed, 03 Jun 2020 08:36:27 GMT
      etag:
      - '"0f00ef09-0000-0700-0000-5ed7610a0000"'
      expires:
      - '-1'
      pragma:
      - no-cache
      server:
      - Microsoft-IIS/10.0
      strict-transport-security:
      - max-age=31536000; includeSubDomains
      transfer-encoding:
      - chunked
      vary:
      - Accept-Encoding
      x-aspnet-version:
      - 4.0.30319
      x-content-type-options:
      - nosniff
      x-powered-by:
      - ASP.NET
    status:
      code: 200
      message: OK
- request:
    body: null
    headers:
      Accept:
      - application/json
      Accept-Encoding:
      - gzip, deflate
      CommandName:
      - cognitiveservices account network-rule remove
      Connection:
      - keep-alive
      ParameterSetName:
      - -n -g --subnet --vnet-name
      User-Agent:
      - python/3.7.3 (Darwin-19.5.0-x86_64-i386-64bit) msrest/0.6.13 msrest_azure/0.6.3
        azure-mgmt-cognitiveservices/2.0.0 Azure-SDK-For-Python AZURECLI/2.5.1
      accept-language:
      - en-US
    method: GET
    uri: https://management.azure.com/subscriptions/00000000-0000-0000-0000-000000000000/resourceGroups/clitest.rg000001/providers/Microsoft.CognitiveServices/accounts/cs_cli_test_000002?api-version=2017-04-18
  response:
    body:
      string: '{"id":"/subscriptions/00000000-0000-0000-0000-000000000000/resourceGroups/clitest.rg000001/providers/Microsoft.CognitiveServices/accounts/cs_cli_test_000002","name":"cs_cli_test_000002","type":"Microsoft.CognitiveServices/accounts","etag":"\"0f00ef09-0000-0700-0000-5ed7610a0000\"","location":"westus","sku":{"name":"S0"},"kind":"Face","properties":{"endpoint":"https://csclitest000003.cognitiveservices.azure.com/","provisioningState":"Succeeded","internalId":"9068f73d0546489491e776795d749889","dateCreated":"2020-06-03T08:35:24.9435401Z","customSubDomainName":"csclitest000003","networkAcls":{"defaultAction":"Deny","virtualNetworkRules":[],"ipRules":[]},"privateEndpointConnections":[],"publicNetworkAccess":"Enabled"}}'
    headers:
      cache-control:
      - no-cache
      content-length:
      - '780'
      content-type:
      - application/json; charset=utf-8
      date:
      - Wed, 03 Jun 2020 08:36:28 GMT
      etag:
      - '"0f00ef09-0000-0700-0000-5ed7610a0000"'
      expires:
      - '-1'
      pragma:
      - no-cache
      server:
      - Microsoft-IIS/10.0
      strict-transport-security:
      - max-age=31536000; includeSubDomains
      transfer-encoding:
      - chunked
      vary:
      - Accept-Encoding
      x-aspnet-version:
      - 4.0.30319
      x-content-type-options:
      - nosniff
      x-powered-by:
      - ASP.NET
    status:
      code: 200
      message: OK
- request:
    body: '{"properties": {"networkAcls": {"defaultAction": "Deny", "ipRules": [],
      "virtualNetworkRules": []}}}'
    headers:
      Accept:
      - application/json
      Accept-Encoding:
      - gzip, deflate
      CommandName:
      - cognitiveservices account network-rule remove
      Connection:
      - keep-alive
      Content-Length:
      - '100'
      Content-Type:
      - application/json; charset=utf-8
      ParameterSetName:
      - -n -g --subnet --vnet-name
      User-Agent:
      - python/3.7.3 (Darwin-19.5.0-x86_64-i386-64bit) msrest/0.6.13 msrest_azure/0.6.3
        azure-mgmt-cognitiveservices/2.0.0 Azure-SDK-For-Python AZURECLI/2.5.1
      accept-language:
      - en-US
    method: PATCH
    uri: https://management.azure.com/subscriptions/00000000-0000-0000-0000-000000000000/resourceGroups/clitest.rg000001/providers/Microsoft.CognitiveServices/accounts/cs_cli_test_000002?api-version=2017-04-18
  response:
    body:
      string: '{"id":"/subscriptions/00000000-0000-0000-0000-000000000000/resourceGroups/clitest.rg000001/providers/Microsoft.CognitiveServices/accounts/cs_cli_test_000002","name":"cs_cli_test_000002","type":"Microsoft.CognitiveServices/accounts","etag":"\"0f00fb09-0000-0700-0000-5ed7610d0000\"","location":"westus","sku":{"name":"S0"},"kind":"Face","properties":{"endpoint":"https://csclitest000003.cognitiveservices.azure.com/","provisioningState":"Succeeded","internalId":"9068f73d0546489491e776795d749889","dateCreated":"2020-06-03T08:35:24.9435401Z","customSubDomainName":"csclitest000003","networkAcls":{"defaultAction":"Deny","virtualNetworkRules":[],"ipRules":[]},"privateEndpointConnections":[],"publicNetworkAccess":"Enabled"}}'
    headers:
      cache-control:
      - no-cache
      content-length:
      - '780'
      content-type:
      - application/json; charset=utf-8
      date:
      - Wed, 03 Jun 2020 08:36:29 GMT
      etag:
      - '"0f00fb09-0000-0700-0000-5ed7610d0000"'
      expires:
      - '-1'
      pragma:
      - no-cache
      server:
      - Microsoft-IIS/10.0
      strict-transport-security:
      - max-age=31536000; includeSubDomains
      transfer-encoding:
      - chunked
      vary:
      - Accept-Encoding
      x-aspnet-version:
      - 4.0.30319
      x-content-type-options:
      - nosniff
      x-ms-ratelimit-remaining-subscription-writes:
      - '1199'
      x-powered-by:
      - ASP.NET
    status:
      code: 200
      message: OK
- request:
    body: null
    headers:
      Accept:
      - application/json
      Accept-Encoding:
      - gzip, deflate
      CommandName:
      - cognitiveservices account network-rule list
      Connection:
      - keep-alive
      ParameterSetName:
      - -n -g
      User-Agent:
      - python/3.7.3 (Darwin-19.5.0-x86_64-i386-64bit) msrest/0.6.13 msrest_azure/0.6.3
        azure-mgmt-cognitiveservices/2.0.0 Azure-SDK-For-Python AZURECLI/2.5.1
      accept-language:
      - en-US
    method: GET
    uri: https://management.azure.com/subscriptions/00000000-0000-0000-0000-000000000000/resourceGroups/clitest.rg000001/providers/Microsoft.CognitiveServices/accounts/cs_cli_test_000002?api-version=2017-04-18
  response:
    body:
      string: '{"id":"/subscriptions/00000000-0000-0000-0000-000000000000/resourceGroups/clitest.rg000001/providers/Microsoft.CognitiveServices/accounts/cs_cli_test_000002","name":"cs_cli_test_000002","type":"Microsoft.CognitiveServices/accounts","etag":"\"0f00fb09-0000-0700-0000-5ed7610d0000\"","location":"westus","sku":{"name":"S0"},"kind":"Face","properties":{"endpoint":"https://csclitest000003.cognitiveservices.azure.com/","provisioningState":"Succeeded","internalId":"9068f73d0546489491e776795d749889","dateCreated":"2020-06-03T08:35:24.9435401Z","customSubDomainName":"csclitest000003","networkAcls":{"defaultAction":"Deny","virtualNetworkRules":[],"ipRules":[]},"privateEndpointConnections":[],"publicNetworkAccess":"Enabled"}}'
    headers:
      cache-control:
      - no-cache
      content-length:
      - '780'
      content-type:
      - application/json; charset=utf-8
      date:
      - Wed, 03 Jun 2020 08:36:30 GMT
      etag:
      - '"0f00fb09-0000-0700-0000-5ed7610d0000"'
      expires:
      - '-1'
      pragma:
      - no-cache
      server:
      - Microsoft-IIS/10.0
      strict-transport-security:
      - max-age=31536000; includeSubDomains
      transfer-encoding:
      - chunked
      vary:
      - Accept-Encoding
      x-aspnet-version:
      - 4.0.30319
      x-content-type-options:
      - nosniff
      x-powered-by:
      - ASP.NET
    status:
      code: 200
      message: OK
- request:
    body: null
    headers:
      Accept:
      - application/json
      Accept-Encoding:
      - gzip, deflate
      CommandName:
      - cognitiveservices account delete
      Connection:
      - keep-alive
      Content-Length:
      - '0'
      ParameterSetName:
      - -n -g
      User-Agent:
      - python/3.7.3 (Darwin-19.5.0-x86_64-i386-64bit) msrest/0.6.13 msrest_azure/0.6.3
        azure-mgmt-cognitiveservices/2.0.0 Azure-SDK-For-Python AZURECLI/2.5.1
      accept-language:
      - en-US
    method: DELETE
    uri: https://management.azure.com/subscriptions/00000000-0000-0000-0000-000000000000/resourceGroups/clitest.rg000001/providers/Microsoft.CognitiveServices/accounts/cs_cli_test_000002?api-version=2017-04-18
  response:
    body:
      string: ''
    headers:
      cache-control:
      - no-cache
      content-length:
      - '0'
      date:
      - Wed, 03 Jun 2020 08:36:32 GMT
      expires:
      - '-1'
      pragma:
      - no-cache
      server:
      - Microsoft-IIS/10.0
      strict-transport-security:
      - max-age=31536000; includeSubDomains
      x-aspnet-version:
      - 4.0.30319
      x-content-type-options:
      - nosniff
      x-ms-ratelimit-remaining-subscription-deletes:
      - '14999'
      x-powered-by:
      - ASP.NET
    status:
      code: 200
      message: OK
version: 1
