interactions:
- request:
    body: null
    headers:
      Accept:
      - application/json
      Accept-Encoding:
      - gzip, deflate
      CommandName:
      - network vnet create
      Connection:
      - keep-alive
      ParameterSetName:
      - --resource-group --name
      User-Agent:
      - python/3.8.6 (Windows-10-10.0.19041-SP0) msrest/0.6.18 msrest_azure/0.6.3
        azure-mgmt-resource/12.0.0 Azure-SDK-For-Python AZURECLI/2.16.0
      accept-language:
      - en-US
    method: GET
    uri: https://management.azure.com/subscriptions/00000000-0000-0000-0000-000000000000/resourcegroups/clitest.rg000001?api-version=2020-10-01
  response:
    body:
      string: '{"id":"/subscriptions/00000000-0000-0000-0000-000000000000/resourceGroups/clitest.rg000001","name":"clitest.rg000001","type":"Microsoft.Resources/resourceGroups","location":"westus","tags":{"product":"azurecli","cause":"automation","date":"2020-12-18T07:31:34Z"},"properties":{"provisioningState":"Succeeded"}}'
    headers:
      cache-control:
      - no-cache
      content-length:
      - '428'
      content-type:
      - application/json; charset=utf-8
      date:
      - Fri, 18 Dec 2020 07:31:36 GMT
      expires:
      - '-1'
      pragma:
      - no-cache
      strict-transport-security:
      - max-age=31536000; includeSubDomains
      vary:
      - Accept-Encoding
      x-content-type-options:
      - nosniff
    status:
      code: 200
      message: OK
- request:
    body: '{"location": "westus", "tags": {}, "properties": {"addressSpace": {"addressPrefixes":
      ["10.0.0.0/16"]}, "dhcpOptions": {}}}'
    headers:
      Accept:
      - application/json
      Accept-Encoding:
      - gzip, deflate
      CommandName:
      - network vnet create
      Connection:
      - keep-alive
      Content-Length:
      - '123'
      Content-Type:
      - application/json; charset=utf-8
      ParameterSetName:
      - --resource-group --name
      User-Agent:
      - python/3.8.6 (Windows-10-10.0.19041-SP0) msrest/0.6.18 msrest_azure/0.6.3
        azure-mgmt-network/13.0.0 Azure-SDK-For-Python AZURECLI/2.16.0
      accept-language:
      - en-US
    method: PUT
    uri: https://management.azure.com/subscriptions/00000000-0000-0000-0000-000000000000/resourceGroups/clitest.rg000001/providers/Microsoft.Network/virtualNetworks/cs_cli_test_000002?api-version=2020-07-01
  response:
    body:
      string: "{\r\n  \"name\": \"cs_cli_test_000002\",\r\n  \"id\": \"/subscriptions/00000000-0000-0000-0000-000000000000/resourceGroups/clitest.rg000001/providers/Microsoft.Network/virtualNetworks/cs_cli_test_000002\",\r\n
        \ \"etag\": \"W/\\\"0e7c6e8a-838f-4c03-a0ed-e091ae783b5c\\\"\",\r\n  \"type\":
        \"Microsoft.Network/virtualNetworks\",\r\n  \"location\": \"westus\",\r\n
        \ \"tags\": {},\r\n  \"properties\": {\r\n    \"provisioningState\": \"Updating\",\r\n
        \   \"resourceGuid\": \"2a80ad8f-feda-4249-84d4-3af104796a05\",\r\n    \"addressSpace\":
        {\r\n      \"addressPrefixes\": [\r\n        \"10.0.0.0/16\"\r\n      ]\r\n
        \   },\r\n    \"dhcpOptions\": {\r\n      \"dnsServers\": []\r\n    },\r\n
        \   \"subnets\": [],\r\n    \"virtualNetworkPeerings\": [],\r\n    \"enableDdosProtection\":
        false,\r\n    \"enableVmProtection\": false\r\n  }\r\n}"
    headers:
      azure-asyncnotification:
      - Enabled
      azure-asyncoperation:
      - https://management.azure.com/subscriptions/00000000-0000-0000-0000-000000000000/providers/Microsoft.Network/locations/westus/operations/64085926-1be8-455e-9a1d-eac9c20b405d?api-version=2020-07-01
      cache-control:
      - no-cache
      content-length:
      - '788'
      content-type:
      - application/json; charset=utf-8
      date:
      - Fri, 18 Dec 2020 07:31:38 GMT
      expires:
      - '-1'
      pragma:
      - no-cache
      server:
      - Microsoft-HTTPAPI/2.0
      - Microsoft-HTTPAPI/2.0
      strict-transport-security:
      - max-age=31536000; includeSubDomains
      x-content-type-options:
      - nosniff
      x-ms-arm-service-request-id:
      - 8ecdabd0-eb2c-483c-ba2b-cef83c573ba9
      x-ms-ratelimit-remaining-subscription-writes:
      - '1197'
    status:
      code: 201
      message: Created
- request:
    body: null
    headers:
      Accept:
      - application/json
      Accept-Encoding:
      - gzip, deflate
      CommandName:
      - network vnet create
      Connection:
      - keep-alive
      ParameterSetName:
      - --resource-group --name
      User-Agent:
      - python/3.8.6 (Windows-10-10.0.19041-SP0) msrest/0.6.18 msrest_azure/0.6.3
        azure-mgmt-network/13.0.0 Azure-SDK-For-Python AZURECLI/2.16.0
    method: GET
    uri: https://management.azure.com/subscriptions/00000000-0000-0000-0000-000000000000/providers/Microsoft.Network/locations/westus/operations/64085926-1be8-455e-9a1d-eac9c20b405d?api-version=2020-07-01
  response:
    body:
      string: "{\r\n  \"status\": \"Succeeded\"\r\n}"
    headers:
      cache-control:
      - no-cache
      content-length:
      - '29'
      content-type:
      - application/json; charset=utf-8
      date:
      - Fri, 18 Dec 2020 07:31:41 GMT
      expires:
      - '-1'
      pragma:
      - no-cache
      server:
      - Microsoft-HTTPAPI/2.0
      - Microsoft-HTTPAPI/2.0
      strict-transport-security:
      - max-age=31536000; includeSubDomains
      transfer-encoding:
      - chunked
      vary:
      - Accept-Encoding
      x-content-type-options:
      - nosniff
      x-ms-arm-service-request-id:
      - 1b628637-2724-4a32-809b-ed1cf39164cb
    status:
      code: 200
      message: OK
- request:
    body: null
    headers:
      Accept:
      - application/json
      Accept-Encoding:
      - gzip, deflate
      CommandName:
      - network vnet create
      Connection:
      - keep-alive
      ParameterSetName:
      - --resource-group --name
      User-Agent:
      - python/3.8.6 (Windows-10-10.0.19041-SP0) msrest/0.6.18 msrest_azure/0.6.3
        azure-mgmt-network/13.0.0 Azure-SDK-For-Python AZURECLI/2.16.0
    method: GET
    uri: https://management.azure.com/subscriptions/00000000-0000-0000-0000-000000000000/resourceGroups/clitest.rg000001/providers/Microsoft.Network/virtualNetworks/cs_cli_test_000002?api-version=2020-07-01
  response:
    body:
      string: "{\r\n  \"name\": \"cs_cli_test_000002\",\r\n  \"id\": \"/subscriptions/00000000-0000-0000-0000-000000000000/resourceGroups/clitest.rg000001/providers/Microsoft.Network/virtualNetworks/cs_cli_test_000002\",\r\n
        \ \"etag\": \"W/\\\"dc91eb31-ab96-44da-b5a2-7adc3701ee9f\\\"\",\r\n  \"type\":
        \"Microsoft.Network/virtualNetworks\",\r\n  \"location\": \"westus\",\r\n
        \ \"tags\": {},\r\n  \"properties\": {\r\n    \"provisioningState\": \"Succeeded\",\r\n
        \   \"resourceGuid\": \"2a80ad8f-feda-4249-84d4-3af104796a05\",\r\n    \"addressSpace\":
        {\r\n      \"addressPrefixes\": [\r\n        \"10.0.0.0/16\"\r\n      ]\r\n
        \   },\r\n    \"dhcpOptions\": {\r\n      \"dnsServers\": []\r\n    },\r\n
        \   \"subnets\": [],\r\n    \"virtualNetworkPeerings\": [],\r\n    \"enableDdosProtection\":
        false,\r\n    \"enableVmProtection\": false\r\n  }\r\n}"
    headers:
      cache-control:
      - no-cache
      content-length:
      - '789'
      content-type:
      - application/json; charset=utf-8
      date:
      - Fri, 18 Dec 2020 07:31:41 GMT
      etag:
      - W/"dc91eb31-ab96-44da-b5a2-7adc3701ee9f"
      expires:
      - '-1'
      pragma:
      - no-cache
      server:
      - Microsoft-HTTPAPI/2.0
      - Microsoft-HTTPAPI/2.0
      strict-transport-security:
      - max-age=31536000; includeSubDomains
      transfer-encoding:
      - chunked
      vary:
      - Accept-Encoding
      x-content-type-options:
      - nosniff
      x-ms-arm-service-request-id:
      - 8d3ab137-862d-4825-b264-02efb307e82f
    status:
      code: 200
      message: OK
- request:
    body: null
    headers:
      Accept:
      - application/json
      Accept-Encoding:
      - gzip, deflate
      CommandName:
      - network vnet subnet create
      Connection:
      - keep-alive
      ParameterSetName:
      - --resource-group --name --vnet-name --address-prefixes
      User-Agent:
      - python/3.8.6 (Windows-10-10.0.19041-SP0) msrest/0.6.18 msrest_azure/0.6.3
        azure-mgmt-network/13.0.0 Azure-SDK-For-Python AZURECLI/2.16.0
      accept-language:
      - en-US
    method: GET
    uri: https://management.azure.com/subscriptions/00000000-0000-0000-0000-000000000000/resourceGroups/clitest.rg000001/providers/Microsoft.Network/virtualNetworks/cs_cli_test_000002?api-version=2020-07-01
  response:
    body:
      string: "{\r\n  \"name\": \"cs_cli_test_000002\",\r\n  \"id\": \"/subscriptions/00000000-0000-0000-0000-000000000000/resourceGroups/clitest.rg000001/providers/Microsoft.Network/virtualNetworks/cs_cli_test_000002\",\r\n
        \ \"etag\": \"W/\\\"dc91eb31-ab96-44da-b5a2-7adc3701ee9f\\\"\",\r\n  \"type\":
        \"Microsoft.Network/virtualNetworks\",\r\n  \"location\": \"westus\",\r\n
        \ \"tags\": {},\r\n  \"properties\": {\r\n    \"provisioningState\": \"Succeeded\",\r\n
        \   \"resourceGuid\": \"2a80ad8f-feda-4249-84d4-3af104796a05\",\r\n    \"addressSpace\":
        {\r\n      \"addressPrefixes\": [\r\n        \"10.0.0.0/16\"\r\n      ]\r\n
        \   },\r\n    \"dhcpOptions\": {\r\n      \"dnsServers\": []\r\n    },\r\n
        \   \"subnets\": [],\r\n    \"virtualNetworkPeerings\": [],\r\n    \"enableDdosProtection\":
        false,\r\n    \"enableVmProtection\": false\r\n  }\r\n}"
    headers:
      cache-control:
      - no-cache
      content-length:
      - '789'
      content-type:
      - application/json; charset=utf-8
      date:
      - Fri, 18 Dec 2020 07:31:42 GMT
      etag:
      - W/"dc91eb31-ab96-44da-b5a2-7adc3701ee9f"
      expires:
      - '-1'
      pragma:
      - no-cache
      server:
      - Microsoft-HTTPAPI/2.0
      - Microsoft-HTTPAPI/2.0
      strict-transport-security:
      - max-age=31536000; includeSubDomains
      transfer-encoding:
      - chunked
      vary:
      - Accept-Encoding
      x-content-type-options:
      - nosniff
      x-ms-arm-service-request-id:
      - 577e7ce3-7a82-4fe9-84ee-a669c1d6baee
    status:
      code: 200
      message: OK
- request:
    body: '{"id": "/subscriptions/00000000-0000-0000-0000-000000000000/resourceGroups/clitest.rg000001/providers/Microsoft.Network/virtualNetworks/cs_cli_test_000002",
      "location": "westus", "tags": {}, "properties": {"addressSpace": {"addressPrefixes":
      ["10.0.0.0/16"]}, "dhcpOptions": {"dnsServers": []}, "subnets": [{"properties":
      {"addressPrefix": "10.0.0.0/24"}, "name": "default"}], "virtualNetworkPeerings":
      [], "enableDdosProtection": false, "enableVmProtection": false}}'
    headers:
      Accept:
      - application/json
      Accept-Encoding:
      - gzip, deflate
      CommandName:
      - network vnet subnet create
      Connection:
      - keep-alive
      Content-Length:
      - '524'
      Content-Type:
      - application/json; charset=utf-8
      ParameterSetName:
      - --resource-group --name --vnet-name --address-prefixes
      User-Agent:
      - python/3.8.6 (Windows-10-10.0.19041-SP0) msrest/0.6.18 msrest_azure/0.6.3
        azure-mgmt-network/13.0.0 Azure-SDK-For-Python AZURECLI/2.16.0
      accept-language:
      - en-US
    method: PUT
    uri: https://management.azure.com/subscriptions/00000000-0000-0000-0000-000000000000/resourceGroups/clitest.rg000001/providers/Microsoft.Network/virtualNetworks/cs_cli_test_000002?api-version=2020-07-01
  response:
    body:
      string: "{\r\n  \"name\": \"cs_cli_test_000002\",\r\n  \"id\": \"/subscriptions/00000000-0000-0000-0000-000000000000/resourceGroups/clitest.rg000001/providers/Microsoft.Network/virtualNetworks/cs_cli_test_000002\",\r\n
        \ \"etag\": \"W/\\\"5021ce70-e1d5-482e-961d-07e5a79d90b0\\\"\",\r\n  \"type\":
        \"Microsoft.Network/virtualNetworks\",\r\n  \"location\": \"westus\",\r\n
        \ \"tags\": {},\r\n  \"properties\": {\r\n    \"provisioningState\": \"Updating\",\r\n
        \   \"resourceGuid\": \"2a80ad8f-feda-4249-84d4-3af104796a05\",\r\n    \"addressSpace\":
        {\r\n      \"addressPrefixes\": [\r\n        \"10.0.0.0/16\"\r\n      ]\r\n
        \   },\r\n    \"dhcpOptions\": {\r\n      \"dnsServers\": []\r\n    },\r\n
        \   \"subnets\": [\r\n      {\r\n        \"name\": \"default\",\r\n        \"id\":
        \"/subscriptions/00000000-0000-0000-0000-000000000000/resourceGroups/clitest.rg000001/providers/Microsoft.Network/virtualNetworks/cs_cli_test_000002/subnets/default\",\r\n
        \       \"etag\": \"W/\\\"5021ce70-e1d5-482e-961d-07e5a79d90b0\\\"\",\r\n
        \       \"properties\": {\r\n          \"provisioningState\": \"Updating\",\r\n
        \         \"addressPrefix\": \"10.0.0.0/24\",\r\n          \"delegations\":
        [],\r\n          \"privateEndpointNetworkPolicies\": \"Enabled\",\r\n          \"privateLinkServiceNetworkPolicies\":
        \"Enabled\"\r\n        },\r\n        \"type\": \"Microsoft.Network/virtualNetworks/subnets\"\r\n
        \     }\r\n    ],\r\n    \"virtualNetworkPeerings\": [],\r\n    \"enableDdosProtection\":
        false,\r\n    \"enableVmProtection\": false\r\n  }\r\n}"
    headers:
      azure-asyncoperation:
      - https://management.azure.com/subscriptions/00000000-0000-0000-0000-000000000000/providers/Microsoft.Network/locations/westus/operations/07882f68-7106-45e1-bfdd-cd40b22dc843?api-version=2020-07-01
      cache-control:
      - no-cache
      content-length:
      - '1470'
      content-type:
      - application/json; charset=utf-8
      date:
      - Fri, 18 Dec 2020 07:31:43 GMT
      expires:
      - '-1'
      pragma:
      - no-cache
      server:
      - Microsoft-HTTPAPI/2.0
      - Microsoft-HTTPAPI/2.0
      strict-transport-security:
      - max-age=31536000; includeSubDomains
      transfer-encoding:
      - chunked
      vary:
      - Accept-Encoding
      x-content-type-options:
      - nosniff
      x-ms-arm-service-request-id:
      - a1c6b434-ea0d-4cb8-89b4-98b6fcbef075
      x-ms-ratelimit-remaining-subscription-writes:
      - '1196'
    status:
      code: 200
      message: OK
- request:
    body: null
    headers:
      Accept:
      - application/json
      Accept-Encoding:
      - gzip, deflate
      CommandName:
      - network vnet subnet create
      Connection:
      - keep-alive
      ParameterSetName:
      - --resource-group --name --vnet-name --address-prefixes
      User-Agent:
      - python/3.8.6 (Windows-10-10.0.19041-SP0) msrest/0.6.18 msrest_azure/0.6.3
        azure-mgmt-network/13.0.0 Azure-SDK-For-Python AZURECLI/2.16.0
    method: GET
    uri: https://management.azure.com/subscriptions/00000000-0000-0000-0000-000000000000/providers/Microsoft.Network/locations/westus/operations/07882f68-7106-45e1-bfdd-cd40b22dc843?api-version=2020-07-01
  response:
    body:
      string: "{\r\n  \"status\": \"Succeeded\"\r\n}"
    headers:
      cache-control:
      - no-cache
      content-length:
      - '29'
      content-type:
      - application/json; charset=utf-8
      date:
      - Fri, 18 Dec 2020 07:31:46 GMT
      expires:
      - '-1'
      pragma:
      - no-cache
      server:
      - Microsoft-HTTPAPI/2.0
      - Microsoft-HTTPAPI/2.0
      strict-transport-security:
      - max-age=31536000; includeSubDomains
      transfer-encoding:
      - chunked
      vary:
      - Accept-Encoding
      x-content-type-options:
      - nosniff
      x-ms-arm-service-request-id:
      - 9dbce21b-fca5-4297-90f9-f46223f6cc20
    status:
      code: 200
      message: OK
- request:
    body: null
    headers:
      Accept:
      - application/json
      Accept-Encoding:
      - gzip, deflate
      CommandName:
      - network vnet subnet create
      Connection:
      - keep-alive
      ParameterSetName:
      - --resource-group --name --vnet-name --address-prefixes
      User-Agent:
      - python/3.8.6 (Windows-10-10.0.19041-SP0) msrest/0.6.18 msrest_azure/0.6.3
        azure-mgmt-network/13.0.0 Azure-SDK-For-Python AZURECLI/2.16.0
    method: GET
    uri: https://management.azure.com/subscriptions/00000000-0000-0000-0000-000000000000/resourceGroups/clitest.rg000001/providers/Microsoft.Network/virtualNetworks/cs_cli_test_000002?api-version=2020-07-01
  response:
    body:
      string: "{\r\n  \"name\": \"cs_cli_test_000002\",\r\n  \"id\": \"/subscriptions/00000000-0000-0000-0000-000000000000/resourceGroups/clitest.rg000001/providers/Microsoft.Network/virtualNetworks/cs_cli_test_000002\",\r\n
        \ \"etag\": \"W/\\\"1fa778ec-3669-4d22-9eb1-543c1319e7f7\\\"\",\r\n  \"type\":
        \"Microsoft.Network/virtualNetworks\",\r\n  \"location\": \"westus\",\r\n
        \ \"tags\": {},\r\n  \"properties\": {\r\n    \"provisioningState\": \"Succeeded\",\r\n
        \   \"resourceGuid\": \"2a80ad8f-feda-4249-84d4-3af104796a05\",\r\n    \"addressSpace\":
        {\r\n      \"addressPrefixes\": [\r\n        \"10.0.0.0/16\"\r\n      ]\r\n
        \   },\r\n    \"dhcpOptions\": {\r\n      \"dnsServers\": []\r\n    },\r\n
        \   \"subnets\": [\r\n      {\r\n        \"name\": \"default\",\r\n        \"id\":
        \"/subscriptions/00000000-0000-0000-0000-000000000000/resourceGroups/clitest.rg000001/providers/Microsoft.Network/virtualNetworks/cs_cli_test_000002/subnets/default\",\r\n
        \       \"etag\": \"W/\\\"1fa778ec-3669-4d22-9eb1-543c1319e7f7\\\"\",\r\n
        \       \"properties\": {\r\n          \"provisioningState\": \"Succeeded\",\r\n
        \         \"addressPrefix\": \"10.0.0.0/24\",\r\n          \"delegations\":
        [],\r\n          \"privateEndpointNetworkPolicies\": \"Enabled\",\r\n          \"privateLinkServiceNetworkPolicies\":
        \"Enabled\"\r\n        },\r\n        \"type\": \"Microsoft.Network/virtualNetworks/subnets\"\r\n
        \     }\r\n    ],\r\n    \"virtualNetworkPeerings\": [],\r\n    \"enableDdosProtection\":
        false,\r\n    \"enableVmProtection\": false\r\n  }\r\n}"
    headers:
      cache-control:
      - no-cache
      content-length:
      - '1472'
      content-type:
      - application/json; charset=utf-8
      date:
      - Fri, 18 Dec 2020 07:31:46 GMT
      etag:
      - W/"1fa778ec-3669-4d22-9eb1-543c1319e7f7"
      expires:
      - '-1'
      pragma:
      - no-cache
      server:
      - Microsoft-HTTPAPI/2.0
      - Microsoft-HTTPAPI/2.0
      strict-transport-security:
      - max-age=31536000; includeSubDomains
      transfer-encoding:
      - chunked
      vary:
      - Accept-Encoding
      x-content-type-options:
      - nosniff
      x-ms-arm-service-request-id:
      - d4cc7413-7651-453d-8895-5bf42a4b561b
    status:
      code: 200
      message: OK
- request:
    body: null
    headers:
      Accept:
      - application/json
      Accept-Encoding:
      - gzip, deflate
      CommandName:
      - network vnet subnet create
      Connection:
      - keep-alive
      ParameterSetName:
      - --resource-group --name --vnet-name --address-prefixes
      User-Agent:
      - python/3.8.6 (Windows-10-10.0.19041-SP0) msrest/0.6.18 msrest_azure/0.6.3
        azure-mgmt-network/13.0.0 Azure-SDK-For-Python AZURECLI/2.16.0
      accept-language:
      - en-US
    method: GET
    uri: https://management.azure.com/subscriptions/00000000-0000-0000-0000-000000000000/resourceGroups/clitest.rg000001/providers/Microsoft.Network/virtualNetworks/cs_cli_test_000002?api-version=2020-07-01
  response:
    body:
      string: "{\r\n  \"name\": \"cs_cli_test_000002\",\r\n  \"id\": \"/subscriptions/00000000-0000-0000-0000-000000000000/resourceGroups/clitest.rg000001/providers/Microsoft.Network/virtualNetworks/cs_cli_test_000002\",\r\n
        \ \"etag\": \"W/\\\"1fa778ec-3669-4d22-9eb1-543c1319e7f7\\\"\",\r\n  \"type\":
        \"Microsoft.Network/virtualNetworks\",\r\n  \"location\": \"westus\",\r\n
        \ \"tags\": {},\r\n  \"properties\": {\r\n    \"provisioningState\": \"Succeeded\",\r\n
        \   \"resourceGuid\": \"2a80ad8f-feda-4249-84d4-3af104796a05\",\r\n    \"addressSpace\":
        {\r\n      \"addressPrefixes\": [\r\n        \"10.0.0.0/16\"\r\n      ]\r\n
        \   },\r\n    \"dhcpOptions\": {\r\n      \"dnsServers\": []\r\n    },\r\n
        \   \"subnets\": [\r\n      {\r\n        \"name\": \"default\",\r\n        \"id\":
        \"/subscriptions/00000000-0000-0000-0000-000000000000/resourceGroups/clitest.rg000001/providers/Microsoft.Network/virtualNetworks/cs_cli_test_000002/subnets/default\",\r\n
        \       \"etag\": \"W/\\\"1fa778ec-3669-4d22-9eb1-543c1319e7f7\\\"\",\r\n
        \       \"properties\": {\r\n          \"provisioningState\": \"Succeeded\",\r\n
        \         \"addressPrefix\": \"10.0.0.0/24\",\r\n          \"delegations\":
        [],\r\n          \"privateEndpointNetworkPolicies\": \"Enabled\",\r\n          \"privateLinkServiceNetworkPolicies\":
        \"Enabled\"\r\n        },\r\n        \"type\": \"Microsoft.Network/virtualNetworks/subnets\"\r\n
        \     }\r\n    ],\r\n    \"virtualNetworkPeerings\": [],\r\n    \"enableDdosProtection\":
        false,\r\n    \"enableVmProtection\": false\r\n  }\r\n}"
    headers:
      cache-control:
      - no-cache
      content-length:
      - '1472'
      content-type:
      - application/json; charset=utf-8
      date:
      - Fri, 18 Dec 2020 07:31:47 GMT
      etag:
      - W/"1fa778ec-3669-4d22-9eb1-543c1319e7f7"
      expires:
      - '-1'
      pragma:
      - no-cache
      server:
      - Microsoft-HTTPAPI/2.0
      - Microsoft-HTTPAPI/2.0
      strict-transport-security:
      - max-age=31536000; includeSubDomains
      transfer-encoding:
      - chunked
      vary:
      - Accept-Encoding
      x-content-type-options:
      - nosniff
      x-ms-arm-service-request-id:
      - fa164b0f-a214-4e57-b7c6-9d55ee39c259
    status:
      code: 200
      message: OK
- request:
    body: '{"id": "/subscriptions/00000000-0000-0000-0000-000000000000/resourceGroups/clitest.rg000001/providers/Microsoft.Network/virtualNetworks/cs_cli_test_000002",
      "location": "westus", "tags": {}, "properties": {"addressSpace": {"addressPrefixes":
      ["10.0.0.0/16"]}, "dhcpOptions": {"dnsServers": []}, "subnets": [{"id": "/subscriptions/00000000-0000-0000-0000-000000000000/resourceGroups/clitest.rg000001/providers/Microsoft.Network/virtualNetworks/cs_cli_test_000002/subnets/default",
      "properties": {"addressPrefix": "10.0.0.0/24", "delegations": [], "privateEndpointNetworkPolicies":
      "Enabled", "privateLinkServiceNetworkPolicies": "Enabled"}, "name": "default"},
      {"properties": {"addressPrefix": "10.0.1.0/24"}, "name": "subnet"}], "virtualNetworkPeerings":
      [], "enableDdosProtection": false, "enableVmProtection": false}}'
    headers:
      Accept:
      - application/json
      Accept-Encoding:
      - gzip, deflate
      CommandName:
      - network vnet subnet create
      Connection:
      - keep-alive
      Content-Length:
      - '933'
      Content-Type:
      - application/json; charset=utf-8
      ParameterSetName:
      - --resource-group --name --vnet-name --address-prefixes
      User-Agent:
      - python/3.8.6 (Windows-10-10.0.19041-SP0) msrest/0.6.18 msrest_azure/0.6.3
        azure-mgmt-network/13.0.0 Azure-SDK-For-Python AZURECLI/2.16.0
      accept-language:
      - en-US
    method: PUT
    uri: https://management.azure.com/subscriptions/00000000-0000-0000-0000-000000000000/resourceGroups/clitest.rg000001/providers/Microsoft.Network/virtualNetworks/cs_cli_test_000002?api-version=2020-07-01
  response:
    body:
      string: "{\r\n  \"name\": \"cs_cli_test_000002\",\r\n  \"id\": \"/subscriptions/00000000-0000-0000-0000-000000000000/resourceGroups/clitest.rg000001/providers/Microsoft.Network/virtualNetworks/cs_cli_test_000002\",\r\n
        \ \"etag\": \"W/\\\"b1e276b9-32db-4651-91db-3b769a6ab54a\\\"\",\r\n  \"type\":
        \"Microsoft.Network/virtualNetworks\",\r\n  \"location\": \"westus\",\r\n
        \ \"tags\": {},\r\n  \"properties\": {\r\n    \"provisioningState\": \"Updating\",\r\n
        \   \"resourceGuid\": \"2a80ad8f-feda-4249-84d4-3af104796a05\",\r\n    \"addressSpace\":
        {\r\n      \"addressPrefixes\": [\r\n        \"10.0.0.0/16\"\r\n      ]\r\n
        \   },\r\n    \"dhcpOptions\": {\r\n      \"dnsServers\": []\r\n    },\r\n
        \   \"subnets\": [\r\n      {\r\n        \"name\": \"default\",\r\n        \"id\":
        \"/subscriptions/00000000-0000-0000-0000-000000000000/resourceGroups/clitest.rg000001/providers/Microsoft.Network/virtualNetworks/cs_cli_test_000002/subnets/default\",\r\n
        \       \"etag\": \"W/\\\"b1e276b9-32db-4651-91db-3b769a6ab54a\\\"\",\r\n
        \       \"properties\": {\r\n          \"provisioningState\": \"Updating\",\r\n
        \         \"addressPrefix\": \"10.0.0.0/24\",\r\n          \"delegations\":
        [],\r\n          \"privateEndpointNetworkPolicies\": \"Enabled\",\r\n          \"privateLinkServiceNetworkPolicies\":
        \"Enabled\"\r\n        },\r\n        \"type\": \"Microsoft.Network/virtualNetworks/subnets\"\r\n
        \     },\r\n      {\r\n        \"name\": \"subnet\",\r\n        \"id\": \"/subscriptions/00000000-0000-0000-0000-000000000000/resourceGroups/clitest.rg000001/providers/Microsoft.Network/virtualNetworks/cs_cli_test_000002/subnets/subnet\",\r\n
        \       \"etag\": \"W/\\\"b1e276b9-32db-4651-91db-3b769a6ab54a\\\"\",\r\n
        \       \"properties\": {\r\n          \"provisioningState\": \"Updating\",\r\n
        \         \"addressPrefix\": \"10.0.1.0/24\",\r\n          \"delegations\":
        [],\r\n          \"privateEndpointNetworkPolicies\": \"Enabled\",\r\n          \"privateLinkServiceNetworkPolicies\":
        \"Enabled\"\r\n        },\r\n        \"type\": \"Microsoft.Network/virtualNetworks/subnets\"\r\n
        \     }\r\n    ],\r\n    \"virtualNetworkPeerings\": [],\r\n    \"enableDdosProtection\":
        false,\r\n    \"enableVmProtection\": false\r\n  }\r\n}"
    headers:
      azure-asyncoperation:
      - https://management.azure.com/subscriptions/00000000-0000-0000-0000-000000000000/providers/Microsoft.Network/locations/westus/operations/fe830702-e1ab-4844-8232-e7c8578b43e6?api-version=2020-07-01
      cache-control:
      - no-cache
      content-length:
      - '2145'
      content-type:
      - application/json; charset=utf-8
      date:
      - Fri, 18 Dec 2020 07:31:48 GMT
      expires:
      - '-1'
      pragma:
      - no-cache
      server:
      - Microsoft-HTTPAPI/2.0
      - Microsoft-HTTPAPI/2.0
      strict-transport-security:
      - max-age=31536000; includeSubDomains
      transfer-encoding:
      - chunked
      vary:
      - Accept-Encoding
      x-content-type-options:
      - nosniff
      x-ms-arm-service-request-id:
      - 6d831bb4-cc64-43b6-99cc-39cc9e2b62d3
      x-ms-ratelimit-remaining-subscription-writes:
      - '1196'
    status:
      code: 200
      message: OK
- request:
    body: null
    headers:
      Accept:
      - application/json
      Accept-Encoding:
      - gzip, deflate
      CommandName:
      - network vnet subnet create
      Connection:
      - keep-alive
      ParameterSetName:
      - --resource-group --name --vnet-name --address-prefixes
      User-Agent:
      - python/3.8.6 (Windows-10-10.0.19041-SP0) msrest/0.6.18 msrest_azure/0.6.3
        azure-mgmt-network/13.0.0 Azure-SDK-For-Python AZURECLI/2.16.0
    method: GET
    uri: https://management.azure.com/subscriptions/00000000-0000-0000-0000-000000000000/providers/Microsoft.Network/locations/westus/operations/fe830702-e1ab-4844-8232-e7c8578b43e6?api-version=2020-07-01
  response:
    body:
      string: "{\r\n  \"status\": \"Succeeded\"\r\n}"
    headers:
      cache-control:
      - no-cache
      content-length:
      - '29'
      content-type:
      - application/json; charset=utf-8
      date:
      - Fri, 18 Dec 2020 07:31:52 GMT
      expires:
      - '-1'
      pragma:
      - no-cache
      server:
      - Microsoft-HTTPAPI/2.0
      - Microsoft-HTTPAPI/2.0
      strict-transport-security:
      - max-age=31536000; includeSubDomains
      transfer-encoding:
      - chunked
      vary:
      - Accept-Encoding
      x-content-type-options:
      - nosniff
      x-ms-arm-service-request-id:
      - 35c3f990-bd37-4d65-9b3e-458ebcbea1ab
    status:
      code: 200
      message: OK
- request:
    body: null
    headers:
      Accept:
      - application/json
      Accept-Encoding:
      - gzip, deflate
      CommandName:
      - network vnet subnet create
      Connection:
      - keep-alive
      ParameterSetName:
      - --resource-group --name --vnet-name --address-prefixes
      User-Agent:
      - python/3.8.6 (Windows-10-10.0.19041-SP0) msrest/0.6.18 msrest_azure/0.6.3
        azure-mgmt-network/13.0.0 Azure-SDK-For-Python AZURECLI/2.16.0
    method: GET
    uri: https://management.azure.com/subscriptions/00000000-0000-0000-0000-000000000000/resourceGroups/clitest.rg000001/providers/Microsoft.Network/virtualNetworks/cs_cli_test_000002?api-version=2020-07-01
  response:
    body:
      string: "{\r\n  \"name\": \"cs_cli_test_000002\",\r\n  \"id\": \"/subscriptions/00000000-0000-0000-0000-000000000000/resourceGroups/clitest.rg000001/providers/Microsoft.Network/virtualNetworks/cs_cli_test_000002\",\r\n
        \ \"etag\": \"W/\\\"973cf296-de12-45db-80d9-d45dee00b255\\\"\",\r\n  \"type\":
        \"Microsoft.Network/virtualNetworks\",\r\n  \"location\": \"westus\",\r\n
        \ \"tags\": {},\r\n  \"properties\": {\r\n    \"provisioningState\": \"Succeeded\",\r\n
        \   \"resourceGuid\": \"2a80ad8f-feda-4249-84d4-3af104796a05\",\r\n    \"addressSpace\":
        {\r\n      \"addressPrefixes\": [\r\n        \"10.0.0.0/16\"\r\n      ]\r\n
        \   },\r\n    \"dhcpOptions\": {\r\n      \"dnsServers\": []\r\n    },\r\n
        \   \"subnets\": [\r\n      {\r\n        \"name\": \"default\",\r\n        \"id\":
        \"/subscriptions/00000000-0000-0000-0000-000000000000/resourceGroups/clitest.rg000001/providers/Microsoft.Network/virtualNetworks/cs_cli_test_000002/subnets/default\",\r\n
        \       \"etag\": \"W/\\\"973cf296-de12-45db-80d9-d45dee00b255\\\"\",\r\n
        \       \"properties\": {\r\n          \"provisioningState\": \"Succeeded\",\r\n
        \         \"addressPrefix\": \"10.0.0.0/24\",\r\n          \"delegations\":
        [],\r\n          \"privateEndpointNetworkPolicies\": \"Enabled\",\r\n          \"privateLinkServiceNetworkPolicies\":
        \"Enabled\"\r\n        },\r\n        \"type\": \"Microsoft.Network/virtualNetworks/subnets\"\r\n
        \     },\r\n      {\r\n        \"name\": \"subnet\",\r\n        \"id\": \"/subscriptions/00000000-0000-0000-0000-000000000000/resourceGroups/clitest.rg000001/providers/Microsoft.Network/virtualNetworks/cs_cli_test_000002/subnets/subnet\",\r\n
        \       \"etag\": \"W/\\\"973cf296-de12-45db-80d9-d45dee00b255\\\"\",\r\n
        \       \"properties\": {\r\n          \"provisioningState\": \"Succeeded\",\r\n
        \         \"addressPrefix\": \"10.0.1.0/24\",\r\n          \"delegations\":
        [],\r\n          \"privateEndpointNetworkPolicies\": \"Enabled\",\r\n          \"privateLinkServiceNetworkPolicies\":
        \"Enabled\"\r\n        },\r\n        \"type\": \"Microsoft.Network/virtualNetworks/subnets\"\r\n
        \     }\r\n    ],\r\n    \"virtualNetworkPeerings\": [],\r\n    \"enableDdosProtection\":
        false,\r\n    \"enableVmProtection\": false\r\n  }\r\n}"
    headers:
      cache-control:
      - no-cache
      content-length:
      - '2148'
      content-type:
      - application/json; charset=utf-8
      date:
      - Fri, 18 Dec 2020 07:31:52 GMT
      etag:
      - W/"973cf296-de12-45db-80d9-d45dee00b255"
      expires:
      - '-1'
      pragma:
      - no-cache
      server:
      - Microsoft-HTTPAPI/2.0
      - Microsoft-HTTPAPI/2.0
      strict-transport-security:
      - max-age=31536000; includeSubDomains
      transfer-encoding:
      - chunked
      vary:
      - Accept-Encoding
      x-content-type-options:
      - nosniff
      x-ms-arm-service-request-id:
      - 5a6949d6-a77c-4c32-a6d6-f35a5284bbba
    status:
      code: 200
      message: OK
- request:
    body: '{"kind": "Face", "location": "westus", "properties": {"customSubDomainName":
      "csclitest000003"}, "sku": {"name": "S0"}}'
    headers:
      Accept:
      - application/json
      Accept-Encoding:
      - gzip, deflate
      CommandName:
      - cognitiveservices account create
      Connection:
      - keep-alive
      Content-Length:
      - '120'
      Content-Type:
      - application/json; charset=utf-8
      ParameterSetName:
      - -n -g --kind --sku -l --custom-domain --yes
      User-Agent:
      - python/3.8.6 (Windows-10-10.0.19041-SP0) msrest/0.6.18 msrest_azure/0.6.3
        azure-mgmt-cognitiveservices/6.3.0 Azure-SDK-For-Python AZURECLI/2.16.0
      accept-language:
      - en-US
    method: PUT
    uri: https://management.azure.com/subscriptions/00000000-0000-0000-0000-000000000000/resourceGroups/clitest.rg000001/providers/Microsoft.CognitiveServices/accounts/cs_cli_test_000002?api-version=2017-04-18
  response:
    body:
      string: '{"error":{"code":"MissingSubscriptionRegistration","message":"The subscription
        is not registered to use namespace ''Microsoft.CognitiveServices''. See https://aka.ms/rps-not-found
        for how to register subscriptions.","details":[{"code":"MissingSubscriptionRegistration","target":"Microsoft.CognitiveServices","message":"The
        subscription is not registered to use namespace ''Microsoft.CognitiveServices''.
        See https://aka.ms/rps-not-found for how to register subscriptions."}]}}'
    headers:
      cache-control:
      - no-cache
      content-length:
      - '472'
      content-type:
      - application/json; charset=utf-8
      date:
      - Fri, 18 Dec 2020 07:31:54 GMT
      expires:
      - '-1'
      pragma:
      - no-cache
      strict-transport-security:
      - max-age=31536000; includeSubDomains
      x-content-type-options:
      - nosniff
      x-ms-failure-cause:
      - gateway
    status:
      code: 409
      message: Conflict
- request:
    body: null
    headers:
      Accept:
      - '*/*'
      Accept-Encoding:
      - gzip, deflate
      Connection:
      - keep-alive
      Content-Length:
      - '0'
      User-Agent:
      - python-requests/2.22.0
    method: POST
    uri: https://management.azure.com/subscriptions/00000000-0000-0000-0000-000000000000/providers/Microsoft.CognitiveServices/register?api-version=2016-02-01
  response:
    body:
      string: '{"id":"/subscriptions/00000000-0000-0000-0000-000000000000/providers/Microsoft.CognitiveServices","namespace":"Microsoft.CognitiveServices","authorizations":[{"applicationId":"7d312290-28c8-473c-a0ed-8e53749b6d6d","roleDefinitionId":"5cb87f79-a7c3-4a95-9414-45b65974b51b"}],"resourceTypes":[{"resourceType":"accounts","locations":["Global","Australia
        East","Brazil South","West US","West US 2","West Europe","North Europe","Southeast
        Asia","East Asia","West Central US","South Central US","East US","East US
        2","Canada Central","Japan East","Central India","UK South","Japan West","Korea
        Central","France Central","North Central US","Central US","South Africa North","UAE
        North","Switzerland North","Switzerland West","Central US EUAP"],"apiVersions":["2017-04-18","2016-02-01-preview"],"capabilities":"CrossResourceGroupResourceMove,
        CrossSubscriptionResourceMove, SystemAssignedResourceIdentity"},{"resourceType":"operations","locations":["Global","Australia
        East","Brazil South","West US","West US 2","West Europe","North Europe","Southeast
        Asia","East Asia","West Central US","South Central US","East US","East US
        2","Canada Central","Japan East","Central India","UK South","Japan West","Korea
        Central","France Central","North Central US","Central US","South Africa North","UAE
        North","Switzerland North","Switzerland West","Central US EUAP"],"apiVersions":["2017-04-18","2016-02-01-preview"]},{"resourceType":"locations/operationResults","locations":["Global","Australia
        East","Brazil South","West US","West US 2","West Europe","North Europe","Southeast
        Asia","East Asia","West Central US","South Central US","East US","East US
        2","Canada Central","Japan East","Central India","UK South","Japan West","Korea
        Central","France Central","North Central US","Central US","South Africa North","UAE
        North","Switzerland North","Switzerland West","Central US EUAP"],"apiVersions":["2017-04-18","2016-02-01-preview"]},{"resourceType":"locations","locations":["Global","Australia
        East","Brazil South","West US","West US 2","West Europe","North Europe","Southeast
        Asia","East Asia","West Central US","South Central US","East US","East US
        2","Canada Central","Japan East","Central India","UK South","Japan West","Korea
        Central","France Central","North Central US","Central US","South Africa North","UAE
        North","Switzerland North","Switzerland West","Central US EUAP"],"apiVersions":["2017-04-18","2016-02-01-preview"]},{"resourceType":"locations/deleteVirtualNetworkOrSubnets","locations":["Global","Australia
        East","Brazil South","West US","West US 2","West Europe","North Europe","Southeast
        Asia","East Asia","West Central US","South Central US","East US","East US
        2","Canada Central","Japan East","Central India","UK South","Japan West","Korea
        Central","France Central","North Central US","Central US","South Africa North","UAE
        North","Switzerland North","Switzerland West","Central US EUAP"],"apiVersions":["2017-04-18","2016-02-01-preview"]},{"resourceType":"locations/checkSkuAvailability","locations":["Global","Australia
        East","Brazil South","West US","West US 2","West Europe","North Europe","Southeast
        Asia","East Asia","West Central US","South Central US","East US","East US
        2","Canada Central","Japan East","Central India","UK South","Japan West","Korea
        Central","France Central","North Central US","Central US","South Africa North","UAE
        North","Switzerland North","Switzerland West","Central US EUAP"],"apiVersions":["2017-04-18","2016-02-01-preview"]},{"resourceType":"checkDomainAvailability","locations":[],"apiVersions":["2017-04-18"]},{"resourceType":"accounts/privateLinkResources","locations":["Global","Australia
        East","Brazil South","West US","West US 2","West Europe","North Europe","Southeast
        Asia","East Asia","West Central US","South Central US","East US","East US
        2","Canada Central","Japan East","Central India","UK South","Japan West","Korea
        Central","France Central","North Central US","Central US","South Africa North","UAE
        North","Switzerland North","Switzerland West","Central US EUAP"],"apiVersions":["2017-04-18"]},{"resourceType":"accounts/privateEndpointConnections","locations":["Global","Australia
        East","Brazil South","West US","West US 2","West Europe","North Europe","Southeast
        Asia","East Asia","West Central US","South Central US","East US","East US
        2","Canada Central","Japan East","Central India","UK South","Japan West","Korea
        Central","France Central","North Central US","Central US","South Africa North","UAE
        North","Switzerland North","Switzerland West","Central US EUAP"],"apiVersions":["2017-04-18"]},{"resourceType":"accounts/privateEndpointConnectionProxies","locations":["Global","Australia
        East","Brazil South","West US","West US 2","West Europe","North Europe","Southeast
        Asia","East Asia","West Central US","South Central US","East US","East US
        2","Canada Central","Japan East","Central India","UK South","Japan West","Korea
        Central","France Central","North Central US","Central US","South Africa North","UAE
        North","Switzerland North","Switzerland West","Central US EUAP"],"apiVersions":["2017-04-18"]}],"registrationState":"Registering"}'
    headers:
      cache-control:
      - no-cache
      content-length:
      - '5089'
      content-type:
      - application/json; charset=utf-8
      date:
      - Fri, 18 Dec 2020 07:31:55 GMT
      expires:
      - '-1'
      pragma:
      - no-cache
      strict-transport-security:
      - max-age=31536000; includeSubDomains
      transfer-encoding:
      - chunked
      vary:
      - Accept-Encoding
      x-content-type-options:
      - nosniff
      x-ms-ratelimit-remaining-subscription-writes:
      - '1199'
    status:
      code: 200
      message: OK
- request:
    body: null
    headers:
      Accept:
      - '*/*'
      Accept-Encoding:
      - gzip, deflate
      Connection:
      - keep-alive
      User-Agent:
      - python-requests/2.22.0
    method: GET
    uri: https://management.azure.com/subscriptions/00000000-0000-0000-0000-000000000000/providers/Microsoft.CognitiveServices?api-version=2016-02-01
  response:
    body:
      string: '{"id":"/subscriptions/00000000-0000-0000-0000-000000000000/providers/Microsoft.CognitiveServices","namespace":"Microsoft.CognitiveServices","authorizations":[{"applicationId":"7d312290-28c8-473c-a0ed-8e53749b6d6d","roleDefinitionId":"5cb87f79-a7c3-4a95-9414-45b65974b51b"}],"resourceTypes":[{"resourceType":"accounts","locations":["Global","Australia
        East","Brazil South","West US","West US 2","West Europe","North Europe","Southeast
        Asia","East Asia","West Central US","South Central US","East US","East US
        2","Canada Central","Japan East","Central India","UK South","Japan West","Korea
        Central","France Central","North Central US","Central US","South Africa North","UAE
        North","Switzerland North","Switzerland West","Central US EUAP"],"apiVersions":["2017-04-18","2016-02-01-preview"],"capabilities":"CrossResourceGroupResourceMove,
        CrossSubscriptionResourceMove, SystemAssignedResourceIdentity"},{"resourceType":"operations","locations":["Global","Australia
        East","Brazil South","West US","West US 2","West Europe","North Europe","Southeast
        Asia","East Asia","West Central US","South Central US","East US","East US
        2","Canada Central","Japan East","Central India","UK South","Japan West","Korea
        Central","France Central","North Central US","Central US","South Africa North","UAE
        North","Switzerland North","Switzerland West","Central US EUAP"],"apiVersions":["2017-04-18","2016-02-01-preview"]},{"resourceType":"locations/operationResults","locations":["Global","Australia
        East","Brazil South","West US","West US 2","West Europe","North Europe","Southeast
        Asia","East Asia","West Central US","South Central US","East US","East US
        2","Canada Central","Japan East","Central India","UK South","Japan West","Korea
        Central","France Central","North Central US","Central US","South Africa North","UAE
        North","Switzerland North","Switzerland West","Central US EUAP"],"apiVersions":["2017-04-18","2016-02-01-preview"]},{"resourceType":"locations","locations":["Global","Australia
        East","Brazil South","West US","West US 2","West Europe","North Europe","Southeast
        Asia","East Asia","West Central US","South Central US","East US","East US
        2","Canada Central","Japan East","Central India","UK South","Japan West","Korea
        Central","France Central","North Central US","Central US","South Africa North","UAE
        North","Switzerland North","Switzerland West","Central US EUAP"],"apiVersions":["2017-04-18","2016-02-01-preview"]},{"resourceType":"locations/deleteVirtualNetworkOrSubnets","locations":["Global","Australia
        East","Brazil South","West US","West US 2","West Europe","North Europe","Southeast
        Asia","East Asia","West Central US","South Central US","East US","East US
        2","Canada Central","Japan East","Central India","UK South","Japan West","Korea
        Central","France Central","North Central US","Central US","South Africa North","UAE
        North","Switzerland North","Switzerland West","Central US EUAP"],"apiVersions":["2017-04-18","2016-02-01-preview"]},{"resourceType":"locations/checkSkuAvailability","locations":["Global","Australia
        East","Brazil South","West US","West US 2","West Europe","North Europe","Southeast
        Asia","East Asia","West Central US","South Central US","East US","East US
        2","Canada Central","Japan East","Central India","UK South","Japan West","Korea
        Central","France Central","North Central US","Central US","South Africa North","UAE
        North","Switzerland North","Switzerland West","Central US EUAP"],"apiVersions":["2017-04-18","2016-02-01-preview"]},{"resourceType":"checkDomainAvailability","locations":[],"apiVersions":["2017-04-18"]},{"resourceType":"accounts/privateLinkResources","locations":["Global","Australia
        East","Brazil South","West US","West US 2","West Europe","North Europe","Southeast
        Asia","East Asia","West Central US","South Central US","East US","East US
        2","Canada Central","Japan East","Central India","UK South","Japan West","Korea
        Central","France Central","North Central US","Central US","South Africa North","UAE
        North","Switzerland North","Switzerland West","Central US EUAP"],"apiVersions":["2017-04-18"]},{"resourceType":"accounts/privateEndpointConnections","locations":["Global","Australia
        East","Brazil South","West US","West US 2","West Europe","North Europe","Southeast
        Asia","East Asia","West Central US","South Central US","East US","East US
        2","Canada Central","Japan East","Central India","UK South","Japan West","Korea
        Central","France Central","North Central US","Central US","South Africa North","UAE
        North","Switzerland North","Switzerland West","Central US EUAP"],"apiVersions":["2017-04-18"]},{"resourceType":"accounts/privateEndpointConnectionProxies","locations":["Global","Australia
        East","Brazil South","West US","West US 2","West Europe","North Europe","Southeast
        Asia","East Asia","West Central US","South Central US","East US","East US
        2","Canada Central","Japan East","Central India","UK South","Japan West","Korea
        Central","France Central","North Central US","Central US","South Africa North","UAE
        North","Switzerland North","Switzerland West","Central US EUAP"],"apiVersions":["2017-04-18"]}],"registrationState":"Registering"}'
    headers:
      cache-control:
      - no-cache
      content-length:
      - '5089'
      content-type:
      - application/json; charset=utf-8
      date:
      - Fri, 18 Dec 2020 07:32:05 GMT
      expires:
      - '-1'
      pragma:
      - no-cache
      strict-transport-security:
      - max-age=31536000; includeSubDomains
      vary:
      - Accept-Encoding
      x-content-type-options:
      - nosniff
    status:
      code: 200
      message: OK
- request:
    body: null
    headers:
      Accept:
      - '*/*'
      Accept-Encoding:
      - gzip, deflate
      Connection:
      - keep-alive
      User-Agent:
      - python-requests/2.22.0
    method: GET
    uri: https://management.azure.com/subscriptions/00000000-0000-0000-0000-000000000000/providers/Microsoft.CognitiveServices?api-version=2016-02-01
  response:
    body:
      string: '{"id":"/subscriptions/00000000-0000-0000-0000-000000000000/providers/Microsoft.CognitiveServices","namespace":"Microsoft.CognitiveServices","authorizations":[{"applicationId":"7d312290-28c8-473c-a0ed-8e53749b6d6d","roleDefinitionId":"5cb87f79-a7c3-4a95-9414-45b65974b51b"}],"resourceTypes":[{"resourceType":"accounts","locations":["Global","Australia
        East","Brazil South","West US","West US 2","West Europe","North Europe","Southeast
        Asia","East Asia","West Central US","South Central US","East US","East US
        2","Canada Central","Japan East","Central India","UK South","Japan West","Korea
        Central","France Central","North Central US","Central US","South Africa North","UAE
        North","Switzerland North","Switzerland West","Central US EUAP"],"apiVersions":["2017-04-18","2016-02-01-preview"],"capabilities":"CrossResourceGroupResourceMove,
        CrossSubscriptionResourceMove, SystemAssignedResourceIdentity"},{"resourceType":"operations","locations":["Global","Australia
        East","Brazil South","West US","West US 2","West Europe","North Europe","Southeast
        Asia","East Asia","West Central US","South Central US","East US","East US
        2","Canada Central","Japan East","Central India","UK South","Japan West","Korea
        Central","France Central","North Central US","Central US","South Africa North","UAE
        North","Switzerland North","Switzerland West","Central US EUAP"],"apiVersions":["2017-04-18","2016-02-01-preview"]},{"resourceType":"locations/operationResults","locations":["Global","Australia
        East","Brazil South","West US","West US 2","West Europe","North Europe","Southeast
        Asia","East Asia","West Central US","South Central US","East US","East US
        2","Canada Central","Japan East","Central India","UK South","Japan West","Korea
        Central","France Central","North Central US","Central US","South Africa North","UAE
        North","Switzerland North","Switzerland West","Central US EUAP"],"apiVersions":["2017-04-18","2016-02-01-preview"]},{"resourceType":"locations","locations":["Global","Australia
        East","Brazil South","West US","West US 2","West Europe","North Europe","Southeast
        Asia","East Asia","West Central US","South Central US","East US","East US
        2","Canada Central","Japan East","Central India","UK South","Japan West","Korea
        Central","France Central","North Central US","Central US","South Africa North","UAE
        North","Switzerland North","Switzerland West","Central US EUAP"],"apiVersions":["2017-04-18","2016-02-01-preview"]},{"resourceType":"locations/deleteVirtualNetworkOrSubnets","locations":["Global","Australia
        East","Brazil South","West US","West US 2","West Europe","North Europe","Southeast
        Asia","East Asia","West Central US","South Central US","East US","East US
        2","Canada Central","Japan East","Central India","UK South","Japan West","Korea
        Central","France Central","North Central US","Central US","South Africa North","UAE
        North","Switzerland North","Switzerland West","Central US EUAP"],"apiVersions":["2017-04-18","2016-02-01-preview"]},{"resourceType":"locations/checkSkuAvailability","locations":["Global","Australia
        East","Brazil South","West US","West US 2","West Europe","North Europe","Southeast
        Asia","East Asia","West Central US","South Central US","East US","East US
        2","Canada Central","Japan East","Central India","UK South","Japan West","Korea
        Central","France Central","North Central US","Central US","South Africa North","UAE
        North","Switzerland North","Switzerland West","Central US EUAP"],"apiVersions":["2017-04-18","2016-02-01-preview"]},{"resourceType":"checkDomainAvailability","locations":[],"apiVersions":["2017-04-18"]},{"resourceType":"accounts/privateLinkResources","locations":["Global","Australia
        East","Brazil South","West US","West US 2","West Europe","North Europe","Southeast
        Asia","East Asia","West Central US","South Central US","East US","East US
        2","Canada Central","Japan East","Central India","UK South","Japan West","Korea
        Central","France Central","North Central US","Central US","South Africa North","UAE
        North","Switzerland North","Switzerland West","Central US EUAP"],"apiVersions":["2017-04-18"]},{"resourceType":"accounts/privateEndpointConnections","locations":["Global","Australia
        East","Brazil South","West US","West US 2","West Europe","North Europe","Southeast
        Asia","East Asia","West Central US","South Central US","East US","East US
        2","Canada Central","Japan East","Central India","UK South","Japan West","Korea
        Central","France Central","North Central US","Central US","South Africa North","UAE
        North","Switzerland North","Switzerland West","Central US EUAP"],"apiVersions":["2017-04-18"]},{"resourceType":"accounts/privateEndpointConnectionProxies","locations":["Global","Australia
        East","Brazil South","West US","West US 2","West Europe","North Europe","Southeast
        Asia","East Asia","West Central US","South Central US","East US","East US
        2","Canada Central","Japan East","Central India","UK South","Japan West","Korea
        Central","France Central","North Central US","Central US","South Africa North","UAE
        North","Switzerland North","Switzerland West","Central US EUAP"],"apiVersions":["2017-04-18"]}],"registrationState":"Registering"}'
    headers:
      cache-control:
      - no-cache
      content-length:
      - '5089'
      content-type:
      - application/json; charset=utf-8
      date:
      - Fri, 18 Dec 2020 07:32:14 GMT
      expires:
      - '-1'
      pragma:
      - no-cache
      strict-transport-security:
      - max-age=31536000; includeSubDomains
      vary:
      - Accept-Encoding
      x-content-type-options:
      - nosniff
    status:
      code: 200
      message: OK
- request:
    body: null
    headers:
      Accept:
      - '*/*'
      Accept-Encoding:
      - gzip, deflate
      Connection:
      - keep-alive
      User-Agent:
      - python-requests/2.22.0
    method: GET
    uri: https://management.azure.com/subscriptions/00000000-0000-0000-0000-000000000000/providers/Microsoft.CognitiveServices?api-version=2016-02-01
  response:
    body:
      string: '{"id":"/subscriptions/00000000-0000-0000-0000-000000000000/providers/Microsoft.CognitiveServices","namespace":"Microsoft.CognitiveServices","authorizations":[{"applicationId":"7d312290-28c8-473c-a0ed-8e53749b6d6d","roleDefinitionId":"5cb87f79-a7c3-4a95-9414-45b65974b51b"}],"resourceTypes":[{"resourceType":"accounts","locations":["Global","Australia
        East","Brazil South","West US","West US 2","West Europe","North Europe","Southeast
        Asia","East Asia","West Central US","South Central US","East US","East US
        2","Canada Central","Japan East","Central India","UK South","Japan West","Korea
        Central","France Central","North Central US","Central US","South Africa North","UAE
        North","Switzerland North","Switzerland West","Central US EUAP"],"apiVersions":["2017-04-18","2016-02-01-preview"],"capabilities":"CrossResourceGroupResourceMove,
        CrossSubscriptionResourceMove, SystemAssignedResourceIdentity"},{"resourceType":"operations","locations":["Global","Australia
        East","Brazil South","West US","West US 2","West Europe","North Europe","Southeast
        Asia","East Asia","West Central US","South Central US","East US","East US
        2","Canada Central","Japan East","Central India","UK South","Japan West","Korea
        Central","France Central","North Central US","Central US","South Africa North","UAE
        North","Switzerland North","Switzerland West","Central US EUAP"],"apiVersions":["2017-04-18","2016-02-01-preview"]},{"resourceType":"locations/operationResults","locations":["Global","Australia
        East","Brazil South","West US","West US 2","West Europe","North Europe","Southeast
        Asia","East Asia","West Central US","South Central US","East US","East US
        2","Canada Central","Japan East","Central India","UK South","Japan West","Korea
        Central","France Central","North Central US","Central US","South Africa North","UAE
        North","Switzerland North","Switzerland West","Central US EUAP"],"apiVersions":["2017-04-18","2016-02-01-preview"]},{"resourceType":"locations","locations":["Global","Australia
        East","Brazil South","West US","West US 2","West Europe","North Europe","Southeast
        Asia","East Asia","West Central US","South Central US","East US","East US
        2","Canada Central","Japan East","Central India","UK South","Japan West","Korea
        Central","France Central","North Central US","Central US","South Africa North","UAE
        North","Switzerland North","Switzerland West","Central US EUAP"],"apiVersions":["2017-04-18","2016-02-01-preview"]},{"resourceType":"locations/deleteVirtualNetworkOrSubnets","locations":["Global","Australia
        East","Brazil South","West US","West US 2","West Europe","North Europe","Southeast
        Asia","East Asia","West Central US","South Central US","East US","East US
        2","Canada Central","Japan East","Central India","UK South","Japan West","Korea
        Central","France Central","North Central US","Central US","South Africa North","UAE
        North","Switzerland North","Switzerland West","Central US EUAP"],"apiVersions":["2017-04-18","2016-02-01-preview"]},{"resourceType":"locations/checkSkuAvailability","locations":["Global","Australia
        East","Brazil South","West US","West US 2","West Europe","North Europe","Southeast
        Asia","East Asia","West Central US","South Central US","East US","East US
        2","Canada Central","Japan East","Central India","UK South","Japan West","Korea
        Central","France Central","North Central US","Central US","South Africa North","UAE
        North","Switzerland North","Switzerland West","Central US EUAP"],"apiVersions":["2017-04-18","2016-02-01-preview"]},{"resourceType":"checkDomainAvailability","locations":[],"apiVersions":["2017-04-18"]},{"resourceType":"accounts/privateLinkResources","locations":["Global","Australia
        East","Brazil South","West US","West US 2","West Europe","North Europe","Southeast
        Asia","East Asia","West Central US","South Central US","East US","East US
        2","Canada Central","Japan East","Central India","UK South","Japan West","Korea
        Central","France Central","North Central US","Central US","South Africa North","UAE
        North","Switzerland North","Switzerland West","Central US EUAP"],"apiVersions":["2017-04-18"]},{"resourceType":"accounts/privateEndpointConnections","locations":["Global","Australia
        East","Brazil South","West US","West US 2","West Europe","North Europe","Southeast
        Asia","East Asia","West Central US","South Central US","East US","East US
        2","Canada Central","Japan East","Central India","UK South","Japan West","Korea
        Central","France Central","North Central US","Central US","South Africa North","UAE
        North","Switzerland North","Switzerland West","Central US EUAP"],"apiVersions":["2017-04-18"]},{"resourceType":"accounts/privateEndpointConnectionProxies","locations":["Global","Australia
        East","Brazil South","West US","West US 2","West Europe","North Europe","Southeast
        Asia","East Asia","West Central US","South Central US","East US","East US
        2","Canada Central","Japan East","Central India","UK South","Japan West","Korea
        Central","France Central","North Central US","Central US","South Africa North","UAE
        North","Switzerland North","Switzerland West","Central US EUAP"],"apiVersions":["2017-04-18"]}],"registrationState":"Registering"}'
    headers:
      cache-control:
      - no-cache
      content-length:
      - '5089'
      content-type:
      - application/json; charset=utf-8
      date:
      - Fri, 18 Dec 2020 07:32:24 GMT
      expires:
      - '-1'
      pragma:
      - no-cache
      strict-transport-security:
      - max-age=31536000; includeSubDomains
      vary:
      - Accept-Encoding
      x-content-type-options:
      - nosniff
    status:
      code: 200
      message: OK
- request:
    body: null
    headers:
      Accept:
      - '*/*'
      Accept-Encoding:
      - gzip, deflate
      Connection:
      - keep-alive
      User-Agent:
      - python-requests/2.22.0
    method: GET
    uri: https://management.azure.com/subscriptions/00000000-0000-0000-0000-000000000000/providers/Microsoft.CognitiveServices?api-version=2016-02-01
  response:
    body:
      string: '{"id":"/subscriptions/00000000-0000-0000-0000-000000000000/providers/Microsoft.CognitiveServices","namespace":"Microsoft.CognitiveServices","authorizations":[{"applicationId":"7d312290-28c8-473c-a0ed-8e53749b6d6d","roleDefinitionId":"5cb87f79-a7c3-4a95-9414-45b65974b51b"}],"resourceTypes":[{"resourceType":"accounts","locations":["Global","Australia
        East","Brazil South","West US","West US 2","West Europe","North Europe","Southeast
        Asia","East Asia","West Central US","South Central US","East US","East US
        2","Canada Central","Japan East","Central India","UK South","Japan West","Korea
        Central","France Central","North Central US","Central US","South Africa North","UAE
        North","Switzerland North","Switzerland West","Central US EUAP"],"apiVersions":["2017-04-18","2016-02-01-preview"],"capabilities":"CrossResourceGroupResourceMove,
        CrossSubscriptionResourceMove, SystemAssignedResourceIdentity"},{"resourceType":"operations","locations":["Global","Australia
        East","Brazil South","West US","West US 2","West Europe","North Europe","Southeast
        Asia","East Asia","West Central US","South Central US","East US","East US
        2","Canada Central","Japan East","Central India","UK South","Japan West","Korea
        Central","France Central","North Central US","Central US","South Africa North","UAE
        North","Switzerland North","Switzerland West","Central US EUAP"],"apiVersions":["2017-04-18","2016-02-01-preview"]},{"resourceType":"locations/operationResults","locations":["Global","Australia
        East","Brazil South","West US","West US 2","West Europe","North Europe","Southeast
        Asia","East Asia","West Central US","South Central US","East US","East US
        2","Canada Central","Japan East","Central India","UK South","Japan West","Korea
        Central","France Central","North Central US","Central US","South Africa North","UAE
        North","Switzerland North","Switzerland West","Central US EUAP"],"apiVersions":["2017-04-18","2016-02-01-preview"]},{"resourceType":"locations","locations":["Global","Australia
        East","Brazil South","West US","West US 2","West Europe","North Europe","Southeast
        Asia","East Asia","West Central US","South Central US","East US","East US
        2","Canada Central","Japan East","Central India","UK South","Japan West","Korea
        Central","France Central","North Central US","Central US","South Africa North","UAE
        North","Switzerland North","Switzerland West","Central US EUAP"],"apiVersions":["2017-04-18","2016-02-01-preview"]},{"resourceType":"locations/deleteVirtualNetworkOrSubnets","locations":["Global","Australia
        East","Brazil South","West US","West US 2","West Europe","North Europe","Southeast
        Asia","East Asia","West Central US","South Central US","East US","East US
        2","Canada Central","Japan East","Central India","UK South","Japan West","Korea
        Central","France Central","North Central US","Central US","South Africa North","UAE
        North","Switzerland North","Switzerland West","Central US EUAP"],"apiVersions":["2017-04-18","2016-02-01-preview"]},{"resourceType":"locations/checkSkuAvailability","locations":["Global","Australia
        East","Brazil South","West US","West US 2","West Europe","North Europe","Southeast
        Asia","East Asia","West Central US","South Central US","East US","East US
        2","Canada Central","Japan East","Central India","UK South","Japan West","Korea
        Central","France Central","North Central US","Central US","South Africa North","UAE
        North","Switzerland North","Switzerland West","Central US EUAP"],"apiVersions":["2017-04-18","2016-02-01-preview"]},{"resourceType":"checkDomainAvailability","locations":[],"apiVersions":["2017-04-18"]},{"resourceType":"accounts/privateLinkResources","locations":["Global","Australia
        East","Brazil South","West US","West US 2","West Europe","North Europe","Southeast
        Asia","East Asia","West Central US","South Central US","East US","East US
        2","Canada Central","Japan East","Central India","UK South","Japan West","Korea
        Central","France Central","North Central US","Central US","South Africa North","UAE
        North","Switzerland North","Switzerland West","Central US EUAP"],"apiVersions":["2017-04-18"]},{"resourceType":"accounts/privateEndpointConnections","locations":["Global","Australia
        East","Brazil South","West US","West US 2","West Europe","North Europe","Southeast
        Asia","East Asia","West Central US","South Central US","East US","East US
        2","Canada Central","Japan East","Central India","UK South","Japan West","Korea
        Central","France Central","North Central US","Central US","South Africa North","UAE
        North","Switzerland North","Switzerland West","Central US EUAP"],"apiVersions":["2017-04-18"]},{"resourceType":"accounts/privateEndpointConnectionProxies","locations":["Global","Australia
        East","Brazil South","West US","West US 2","West Europe","North Europe","Southeast
        Asia","East Asia","West Central US","South Central US","East US","East US
        2","Canada Central","Japan East","Central India","UK South","Japan West","Korea
        Central","France Central","North Central US","Central US","South Africa North","UAE
        North","Switzerland North","Switzerland West","Central US EUAP"],"apiVersions":["2017-04-18"]}],"registrationState":"Registering"}'
    headers:
      cache-control:
      - no-cache
      content-length:
      - '5089'
      content-type:
      - application/json; charset=utf-8
      date:
      - Fri, 18 Dec 2020 07:32:34 GMT
      expires:
      - '-1'
      pragma:
      - no-cache
      strict-transport-security:
      - max-age=31536000; includeSubDomains
      vary:
      - Accept-Encoding
      x-content-type-options:
      - nosniff
    status:
      code: 200
      message: OK
- request:
    body: null
    headers:
      Accept:
      - '*/*'
      Accept-Encoding:
      - gzip, deflate
      Connection:
      - keep-alive
      User-Agent:
      - python-requests/2.22.0
    method: GET
    uri: https://management.azure.com/subscriptions/00000000-0000-0000-0000-000000000000/providers/Microsoft.CognitiveServices?api-version=2016-02-01
  response:
    body:
      string: '{"id":"/subscriptions/00000000-0000-0000-0000-000000000000/providers/Microsoft.CognitiveServices","namespace":"Microsoft.CognitiveServices","authorizations":[{"applicationId":"7d312290-28c8-473c-a0ed-8e53749b6d6d","roleDefinitionId":"5cb87f79-a7c3-4a95-9414-45b65974b51b"}],"resourceTypes":[{"resourceType":"accounts","locations":["Global","Australia
        East","Brazil South","West US","West US 2","West Europe","North Europe","Southeast
        Asia","East Asia","West Central US","South Central US","East US","East US
        2","Canada Central","Japan East","Central India","UK South","Japan West","Korea
        Central","France Central","North Central US","Central US","South Africa North","UAE
        North","Switzerland North","Switzerland West","Central US EUAP"],"apiVersions":["2017-04-18","2016-02-01-preview"],"capabilities":"CrossResourceGroupResourceMove,
        CrossSubscriptionResourceMove, SystemAssignedResourceIdentity"},{"resourceType":"operations","locations":["Global","Australia
        East","Brazil South","West US","West US 2","West Europe","North Europe","Southeast
        Asia","East Asia","West Central US","South Central US","East US","East US
        2","Canada Central","Japan East","Central India","UK South","Japan West","Korea
        Central","France Central","North Central US","Central US","South Africa North","UAE
        North","Switzerland North","Switzerland West","Central US EUAP"],"apiVersions":["2017-04-18","2016-02-01-preview"]},{"resourceType":"locations/operationResults","locations":["Global","Australia
        East","Brazil South","West US","West US 2","West Europe","North Europe","Southeast
        Asia","East Asia","West Central US","South Central US","East US","East US
        2","Canada Central","Japan East","Central India","UK South","Japan West","Korea
        Central","France Central","North Central US","Central US","South Africa North","UAE
        North","Switzerland North","Switzerland West","Central US EUAP"],"apiVersions":["2017-04-18","2016-02-01-preview"]},{"resourceType":"locations","locations":["Global","Australia
        East","Brazil South","West US","West US 2","West Europe","North Europe","Southeast
        Asia","East Asia","West Central US","South Central US","East US","East US
        2","Canada Central","Japan East","Central India","UK South","Japan West","Korea
        Central","France Central","North Central US","Central US","South Africa North","UAE
        North","Switzerland North","Switzerland West","Central US EUAP"],"apiVersions":["2017-04-18","2016-02-01-preview"]},{"resourceType":"locations/deleteVirtualNetworkOrSubnets","locations":["Global","Australia
        East","Brazil South","West US","West US 2","West Europe","North Europe","Southeast
        Asia","East Asia","West Central US","South Central US","East US","East US
        2","Canada Central","Japan East","Central India","UK South","Japan West","Korea
        Central","France Central","North Central US","Central US","South Africa North","UAE
        North","Switzerland North","Switzerland West","Central US EUAP"],"apiVersions":["2017-04-18","2016-02-01-preview"]},{"resourceType":"locations/checkSkuAvailability","locations":["Global","Australia
        East","Brazil South","West US","West US 2","West Europe","North Europe","Southeast
        Asia","East Asia","West Central US","South Central US","East US","East US
        2","Canada Central","Japan East","Central India","UK South","Japan West","Korea
        Central","France Central","North Central US","Central US","South Africa North","UAE
        North","Switzerland North","Switzerland West","Central US EUAP"],"apiVersions":["2017-04-18","2016-02-01-preview"]},{"resourceType":"checkDomainAvailability","locations":[],"apiVersions":["2017-04-18"]},{"resourceType":"accounts/privateLinkResources","locations":["Global","Australia
        East","Brazil South","West US","West US 2","West Europe","North Europe","Southeast
        Asia","East Asia","West Central US","South Central US","East US","East US
        2","Canada Central","Japan East","Central India","UK South","Japan West","Korea
        Central","France Central","North Central US","Central US","South Africa North","UAE
        North","Switzerland North","Switzerland West","Central US EUAP"],"apiVersions":["2017-04-18"]},{"resourceType":"accounts/privateEndpointConnections","locations":["Global","Australia
        East","Brazil South","West US","West US 2","West Europe","North Europe","Southeast
        Asia","East Asia","West Central US","South Central US","East US","East US
        2","Canada Central","Japan East","Central India","UK South","Japan West","Korea
        Central","France Central","North Central US","Central US","South Africa North","UAE
        North","Switzerland North","Switzerland West","Central US EUAP"],"apiVersions":["2017-04-18"]},{"resourceType":"accounts/privateEndpointConnectionProxies","locations":["Global","Australia
        East","Brazil South","West US","West US 2","West Europe","North Europe","Southeast
        Asia","East Asia","West Central US","South Central US","East US","East US
        2","Canada Central","Japan East","Central India","UK South","Japan West","Korea
        Central","France Central","North Central US","Central US","South Africa North","UAE
        North","Switzerland North","Switzerland West","Central US EUAP"],"apiVersions":["2017-04-18"]}],"registrationState":"Registering"}'
    headers:
      cache-control:
      - no-cache
      content-length:
      - '5089'
      content-type:
      - application/json; charset=utf-8
      date:
      - Fri, 18 Dec 2020 07:32:45 GMT
      expires:
      - '-1'
      pragma:
      - no-cache
      strict-transport-security:
      - max-age=31536000; includeSubDomains
      vary:
      - Accept-Encoding
      x-content-type-options:
      - nosniff
    status:
      code: 200
      message: OK
- request:
    body: null
    headers:
      Accept:
      - '*/*'
      Accept-Encoding:
      - gzip, deflate
      Connection:
      - keep-alive
      User-Agent:
      - python-requests/2.22.0
    method: GET
    uri: https://management.azure.com/subscriptions/00000000-0000-0000-0000-000000000000/providers/Microsoft.CognitiveServices?api-version=2016-02-01
  response:
    body:
      string: '{"id":"/subscriptions/00000000-0000-0000-0000-000000000000/providers/Microsoft.CognitiveServices","namespace":"Microsoft.CognitiveServices","authorizations":[{"applicationId":"7d312290-28c8-473c-a0ed-8e53749b6d6d","roleDefinitionId":"5cb87f79-a7c3-4a95-9414-45b65974b51b"}],"resourceTypes":[{"resourceType":"accounts","locations":["Global","Australia
        East","Brazil South","West US","West US 2","West Europe","North Europe","Southeast
        Asia","East Asia","West Central US","South Central US","East US","East US
        2","Canada Central","Japan East","Central India","UK South","Japan West","Korea
        Central","France Central","North Central US","Central US","South Africa North","UAE
        North","Switzerland North","Switzerland West","Central US EUAP"],"apiVersions":["2017-04-18","2016-02-01-preview"],"capabilities":"CrossResourceGroupResourceMove,
        CrossSubscriptionResourceMove, SystemAssignedResourceIdentity"},{"resourceType":"operations","locations":["Global","Australia
        East","Brazil South","West US","West US 2","West Europe","North Europe","Southeast
        Asia","East Asia","West Central US","South Central US","East US","East US
        2","Canada Central","Japan East","Central India","UK South","Japan West","Korea
        Central","France Central","North Central US","Central US","South Africa North","UAE
        North","Switzerland North","Switzerland West","Central US EUAP"],"apiVersions":["2017-04-18","2016-02-01-preview"]},{"resourceType":"locations/operationResults","locations":["Global","Australia
        East","Brazil South","West US","West US 2","West Europe","North Europe","Southeast
        Asia","East Asia","West Central US","South Central US","East US","East US
        2","Canada Central","Japan East","Central India","UK South","Japan West","Korea
        Central","France Central","North Central US","Central US","South Africa North","UAE
        North","Switzerland North","Switzerland West","Central US EUAP"],"apiVersions":["2017-04-18","2016-02-01-preview"]},{"resourceType":"locations","locations":["Global","Australia
        East","Brazil South","West US","West US 2","West Europe","North Europe","Southeast
        Asia","East Asia","West Central US","South Central US","East US","East US
        2","Canada Central","Japan East","Central India","UK South","Japan West","Korea
        Central","France Central","North Central US","Central US","South Africa North","UAE
        North","Switzerland North","Switzerland West","Central US EUAP"],"apiVersions":["2017-04-18","2016-02-01-preview"]},{"resourceType":"locations/deleteVirtualNetworkOrSubnets","locations":["Global","Australia
        East","Brazil South","West US","West US 2","West Europe","North Europe","Southeast
        Asia","East Asia","West Central US","South Central US","East US","East US
        2","Canada Central","Japan East","Central India","UK South","Japan West","Korea
        Central","France Central","North Central US","Central US","South Africa North","UAE
        North","Switzerland North","Switzerland West","Central US EUAP"],"apiVersions":["2017-04-18","2016-02-01-preview"]},{"resourceType":"locations/checkSkuAvailability","locations":["Global","Australia
        East","Brazil South","West US","West US 2","West Europe","North Europe","Southeast
        Asia","East Asia","West Central US","South Central US","East US","East US
        2","Canada Central","Japan East","Central India","UK South","Japan West","Korea
        Central","France Central","North Central US","Central US","South Africa North","UAE
        North","Switzerland North","Switzerland West","Central US EUAP"],"apiVersions":["2017-04-18","2016-02-01-preview"]},{"resourceType":"checkDomainAvailability","locations":[],"apiVersions":["2017-04-18"]},{"resourceType":"accounts/privateLinkResources","locations":["Global","Australia
        East","Brazil South","West US","West US 2","West Europe","North Europe","Southeast
        Asia","East Asia","West Central US","South Central US","East US","East US
        2","Canada Central","Japan East","Central India","UK South","Japan West","Korea
        Central","France Central","North Central US","Central US","South Africa North","UAE
        North","Switzerland North","Switzerland West","Central US EUAP"],"apiVersions":["2017-04-18"]},{"resourceType":"accounts/privateEndpointConnections","locations":["Global","Australia
        East","Brazil South","West US","West US 2","West Europe","North Europe","Southeast
        Asia","East Asia","West Central US","South Central US","East US","East US
        2","Canada Central","Japan East","Central India","UK South","Japan West","Korea
        Central","France Central","North Central US","Central US","South Africa North","UAE
        North","Switzerland North","Switzerland West","Central US EUAP"],"apiVersions":["2017-04-18"]},{"resourceType":"accounts/privateEndpointConnectionProxies","locations":["Global","Australia
        East","Brazil South","West US","West US 2","West Europe","North Europe","Southeast
        Asia","East Asia","West Central US","South Central US","East US","East US
        2","Canada Central","Japan East","Central India","UK South","Japan West","Korea
        Central","France Central","North Central US","Central US","South Africa North","UAE
        North","Switzerland North","Switzerland West","Central US EUAP"],"apiVersions":["2017-04-18"]}],"registrationState":"Registering"}'
    headers:
      cache-control:
      - no-cache
      content-length:
      - '5089'
      content-type:
      - application/json; charset=utf-8
      date:
      - Fri, 18 Dec 2020 07:32:55 GMT
      expires:
      - '-1'
      pragma:
      - no-cache
      strict-transport-security:
      - max-age=31536000; includeSubDomains
      vary:
      - Accept-Encoding
      x-content-type-options:
      - nosniff
    status:
      code: 200
      message: OK
- request:
    body: null
    headers:
      Accept:
      - '*/*'
      Accept-Encoding:
      - gzip, deflate
      Connection:
      - keep-alive
      User-Agent:
      - python-requests/2.22.0
    method: GET
    uri: https://management.azure.com/subscriptions/00000000-0000-0000-0000-000000000000/providers/Microsoft.CognitiveServices?api-version=2016-02-01
  response:
    body:
      string: '{"id":"/subscriptions/00000000-0000-0000-0000-000000000000/providers/Microsoft.CognitiveServices","namespace":"Microsoft.CognitiveServices","authorizations":[{"applicationId":"7d312290-28c8-473c-a0ed-8e53749b6d6d","roleDefinitionId":"5cb87f79-a7c3-4a95-9414-45b65974b51b"}],"resourceTypes":[{"resourceType":"accounts","locations":["Global","Australia
        East","Brazil South","West US","West US 2","West Europe","North Europe","Southeast
        Asia","East Asia","West Central US","South Central US","East US","East US
        2","Canada Central","Japan East","Central India","UK South","Japan West","Korea
        Central","France Central","North Central US","Central US","South Africa North","UAE
        North","Switzerland North","Switzerland West","Central US EUAP"],"apiVersions":["2017-04-18","2016-02-01-preview"],"capabilities":"CrossResourceGroupResourceMove,
        CrossSubscriptionResourceMove, SystemAssignedResourceIdentity"},{"resourceType":"operations","locations":["Global","Australia
        East","Brazil South","West US","West US 2","West Europe","North Europe","Southeast
        Asia","East Asia","West Central US","South Central US","East US","East US
        2","Canada Central","Japan East","Central India","UK South","Japan West","Korea
        Central","France Central","North Central US","Central US","South Africa North","UAE
        North","Switzerland North","Switzerland West","Central US EUAP"],"apiVersions":["2017-04-18","2016-02-01-preview"]},{"resourceType":"locations/operationResults","locations":["Global","Australia
        East","Brazil South","West US","West US 2","West Europe","North Europe","Southeast
        Asia","East Asia","West Central US","South Central US","East US","East US
        2","Canada Central","Japan East","Central India","UK South","Japan West","Korea
        Central","France Central","North Central US","Central US","South Africa North","UAE
        North","Switzerland North","Switzerland West","Central US EUAP"],"apiVersions":["2017-04-18","2016-02-01-preview"]},{"resourceType":"locations","locations":["Global","Australia
        East","Brazil South","West US","West US 2","West Europe","North Europe","Southeast
        Asia","East Asia","West Central US","South Central US","East US","East US
        2","Canada Central","Japan East","Central India","UK South","Japan West","Korea
        Central","France Central","North Central US","Central US","South Africa North","UAE
        North","Switzerland North","Switzerland West","Central US EUAP"],"apiVersions":["2017-04-18","2016-02-01-preview"]},{"resourceType":"locations/deleteVirtualNetworkOrSubnets","locations":["Global","Australia
        East","Brazil South","West US","West US 2","West Europe","North Europe","Southeast
        Asia","East Asia","West Central US","South Central US","East US","East US
        2","Canada Central","Japan East","Central India","UK South","Japan West","Korea
        Central","France Central","North Central US","Central US","South Africa North","UAE
        North","Switzerland North","Switzerland West","Central US EUAP"],"apiVersions":["2017-04-18","2016-02-01-preview"]},{"resourceType":"locations/checkSkuAvailability","locations":["Global","Australia
        East","Brazil South","West US","West US 2","West Europe","North Europe","Southeast
        Asia","East Asia","West Central US","South Central US","East US","East US
        2","Canada Central","Japan East","Central India","UK South","Japan West","Korea
        Central","France Central","North Central US","Central US","South Africa North","UAE
        North","Switzerland North","Switzerland West","Central US EUAP"],"apiVersions":["2017-04-18","2016-02-01-preview"]},{"resourceType":"checkDomainAvailability","locations":[],"apiVersions":["2017-04-18"]},{"resourceType":"accounts/privateLinkResources","locations":["Global","Australia
        East","Brazil South","West US","West US 2","West Europe","North Europe","Southeast
        Asia","East Asia","West Central US","South Central US","East US","East US
        2","Canada Central","Japan East","Central India","UK South","Japan West","Korea
        Central","France Central","North Central US","Central US","South Africa North","UAE
        North","Switzerland North","Switzerland West","Central US EUAP"],"apiVersions":["2017-04-18"]},{"resourceType":"accounts/privateEndpointConnections","locations":["Global","Australia
        East","Brazil South","West US","West US 2","West Europe","North Europe","Southeast
        Asia","East Asia","West Central US","South Central US","East US","East US
        2","Canada Central","Japan East","Central India","UK South","Japan West","Korea
        Central","France Central","North Central US","Central US","South Africa North","UAE
        North","Switzerland North","Switzerland West","Central US EUAP"],"apiVersions":["2017-04-18"]},{"resourceType":"accounts/privateEndpointConnectionProxies","locations":["Global","Australia
        East","Brazil South","West US","West US 2","West Europe","North Europe","Southeast
        Asia","East Asia","West Central US","South Central US","East US","East US
        2","Canada Central","Japan East","Central India","UK South","Japan West","Korea
        Central","France Central","North Central US","Central US","South Africa North","UAE
        North","Switzerland North","Switzerland West","Central US EUAP"],"apiVersions":["2017-04-18"]}],"registrationState":"Registered"}'
    headers:
      cache-control:
      - no-cache
      content-length:
      - '5088'
      content-type:
      - application/json; charset=utf-8
      date:
      - Fri, 18 Dec 2020 07:33:05 GMT
      expires:
      - '-1'
      pragma:
      - no-cache
      strict-transport-security:
      - max-age=31536000; includeSubDomains
      vary:
      - Accept-Encoding
      x-content-type-options:
      - nosniff
    status:
      code: 200
      message: OK
- request:
    body: '{"kind": "Face", "location": "westus", "properties": {"customSubDomainName":
      "csclitest000003"}, "sku": {"name": "S0"}}'
    headers:
      Accept:
      - application/json
      Accept-Encoding:
      - gzip, deflate
      CommandName:
      - cognitiveservices account create
      Connection:
      - keep-alive
      Content-Length:
      - '120'
      Content-Type:
      - application/json; charset=utf-8
      ParameterSetName:
      - -n -g --kind --sku -l --custom-domain --yes
      User-Agent:
      - python/3.8.6 (Windows-10-10.0.19041-SP0) msrest/0.6.18 msrest_azure/0.6.3
        azure-mgmt-cognitiveservices/6.3.0 Azure-SDK-For-Python AZURECLI/2.16.0
      accept-language:
      - en-US
    method: PUT
    uri: https://management.azure.com/subscriptions/00000000-0000-0000-0000-000000000000/resourceGroups/clitest.rg000001/providers/Microsoft.CognitiveServices/accounts/cs_cli_test_000002?api-version=2017-04-18
  response:
    body:
      string: '{"id":"/subscriptions/00000000-0000-0000-0000-000000000000/resourceGroups/clitest.rg000001/providers/Microsoft.CognitiveServices/accounts/cs_cli_test_000002","name":"cs_cli_test_000002","type":"Microsoft.CognitiveServices/accounts","etag":"\"0502e276-0000-0700-0000-5fdc5b350000\"","location":"westus","sku":{"name":"S0"},"kind":"Face","properties":{"endpoint":"https://csclitest000003.cognitiveservices.azure.com/","internalId":"1e7abe5255954024ad78d5caba933f93","dateCreated":"2020-12-18T07:33:08.1623278Z","callRateLimit":{"rules":[{"key":"face","renewalPeriod":1,"count":15,"matchPatterns":[{"path":"face/v1.0/*","method":"*"}],"isDefault":false},{"key":"container.billing","renewalPeriod":10,"count":500,"matchPatterns":[{"path":"billing/*","method":"*"}],"isDefault":false},{"key":"default","renewalPeriod":1,"count":15,"matchPatterns":[{"path":"*","method":"*"}],"isDefault":true}]},"customSubDomainName":"csclitest000003","privateEndpointConnections":[],"publicNetworkAccess":"Enabled","capabilities":[{"name":"VirtualNetworks"},{"name":"Container","value":"Face.*,Face.Face"}],"provisioningState":"Succeeded"}}'
    headers:
      cache-control:
      - no-cache
      content-length:
      - '1176'
      content-type:
      - application/json; charset=utf-8
      date:
      - Fri, 18 Dec 2020 07:33:09 GMT
      etag:
      - '"0502e276-0000-0700-0000-5fdc5b350000"'
      expires:
      - '-1'
      pragma:
      - no-cache
      server:
      - istio-envoy
      strict-transport-security:
      - max-age=31536000; includeSubDomains
      x-content-type-options:
      - nosniff
      x-envoy-upstream-service-time:
      - '1769'
      x-ms-ratelimit-remaining-subscription-writes:
      - '1197'
    status:
      code: 201
      message: Created
- request:
    body: null
    headers:
      Accept:
      - application/json
      Accept-Encoding:
      - gzip, deflate
      CommandName:
      - cognitiveservices account network-rule list
      Connection:
      - keep-alive
      ParameterSetName:
      - -n -g
      User-Agent:
      - python/3.8.6 (Windows-10-10.0.19041-SP0) msrest/0.6.18 msrest_azure/0.6.3
        azure-mgmt-cognitiveservices/6.3.0 Azure-SDK-For-Python AZURECLI/2.16.0
      accept-language:
      - en-US
    method: GET
    uri: https://management.azure.com/subscriptions/00000000-0000-0000-0000-000000000000/resourceGroups/clitest.rg000001/providers/Microsoft.CognitiveServices/accounts/cs_cli_test_000002?api-version=2017-04-18
  response:
    body:
      string: '{"id":"/subscriptions/00000000-0000-0000-0000-000000000000/resourceGroups/clitest.rg000001/providers/Microsoft.CognitiveServices/accounts/cs_cli_test_000002","name":"cs_cli_test_000002","type":"Microsoft.CognitiveServices/accounts","etag":"\"0502e276-0000-0700-0000-5fdc5b350000\"","location":"westus","sku":{"name":"S0"},"kind":"Face","properties":{"endpoint":"https://csclitest000003.cognitiveservices.azure.com/","internalId":"1e7abe5255954024ad78d5caba933f93","dateCreated":"2020-12-18T07:33:08.1623278Z","callRateLimit":{"rules":[{"key":"face","renewalPeriod":1,"count":15,"matchPatterns":[{"path":"face/v1.0/*","method":"*"}],"isDefault":false},{"key":"container.billing","renewalPeriod":10,"count":500,"matchPatterns":[{"path":"billing/*","method":"*"}],"isDefault":false},{"key":"default","renewalPeriod":1,"count":15,"matchPatterns":[{"path":"*","method":"*"}],"isDefault":true}]},"customSubDomainName":"csclitest000003","privateEndpointConnections":[],"publicNetworkAccess":"Enabled","capabilities":[{"name":"VirtualNetworks"},{"name":"Container","value":"Face.*,Face.Face"}],"provisioningState":"Succeeded"}}'
    headers:
      cache-control:
      - no-cache
      content-length:
      - '1176'
      content-type:
      - application/json; charset=utf-8
      date:
      - Fri, 18 Dec 2020 07:33:10 GMT
      etag:
      - '"0502e276-0000-0700-0000-5fdc5b350000"'
      expires:
      - '-1'
      pragma:
      - no-cache
      server:
      - istio-envoy
      strict-transport-security:
      - max-age=31536000; includeSubDomains
      transfer-encoding:
      - chunked
      vary:
      - Accept-Encoding
      x-content-type-options:
      - nosniff
      x-envoy-upstream-service-time:
      - '11'
    status:
      code: 200
      message: OK
- request:
    body: null
    headers:
      Accept:
      - application/json
      Accept-Encoding:
      - gzip, deflate
      CommandName:
      - cognitiveservices account network-rule add
      Connection:
      - keep-alive
      ParameterSetName:
      - -n -g --ip-address
      User-Agent:
      - python/3.8.6 (Windows-10-10.0.19041-SP0) msrest/0.6.18 msrest_azure/0.6.3
        azure-mgmt-cognitiveservices/6.3.0 Azure-SDK-For-Python AZURECLI/2.16.0
      accept-language:
      - en-US
    method: GET
    uri: https://management.azure.com/subscriptions/00000000-0000-0000-0000-000000000000/resourceGroups/clitest.rg000001/providers/Microsoft.CognitiveServices/accounts/cs_cli_test_000002?api-version=2017-04-18
  response:
    body:
      string: '{"id":"/subscriptions/00000000-0000-0000-0000-000000000000/resourceGroups/clitest.rg000001/providers/Microsoft.CognitiveServices/accounts/cs_cli_test_000002","name":"cs_cli_test_000002","type":"Microsoft.CognitiveServices/accounts","etag":"\"0502e276-0000-0700-0000-5fdc5b350000\"","location":"westus","sku":{"name":"S0"},"kind":"Face","properties":{"endpoint":"https://csclitest000003.cognitiveservices.azure.com/","internalId":"1e7abe5255954024ad78d5caba933f93","dateCreated":"2020-12-18T07:33:08.1623278Z","callRateLimit":{"rules":[{"key":"face","renewalPeriod":1,"count":15,"matchPatterns":[{"path":"face/v1.0/*","method":"*"}],"isDefault":false},{"key":"container.billing","renewalPeriod":10,"count":500,"matchPatterns":[{"path":"billing/*","method":"*"}],"isDefault":false},{"key":"default","renewalPeriod":1,"count":15,"matchPatterns":[{"path":"*","method":"*"}],"isDefault":true}]},"customSubDomainName":"csclitest000003","privateEndpointConnections":[],"publicNetworkAccess":"Enabled","capabilities":[{"name":"VirtualNetworks"},{"name":"Container","value":"Face.*,Face.Face"}],"provisioningState":"Succeeded"}}'
    headers:
      cache-control:
      - no-cache
      content-length:
      - '1176'
      content-type:
      - application/json; charset=utf-8
      date:
      - Fri, 18 Dec 2020 07:33:10 GMT
      etag:
      - '"0502e276-0000-0700-0000-5fdc5b350000"'
      expires:
      - '-1'
      pragma:
      - no-cache
      server:
      - istio-envoy
      strict-transport-security:
      - max-age=31536000; includeSubDomains
      transfer-encoding:
      - chunked
      vary:
      - Accept-Encoding
      x-content-type-options:
      - nosniff
      x-envoy-upstream-service-time:
      - '11'
    status:
      code: 200
      message: OK
- request:
    body: '{"properties": {"networkAcls": {"defaultAction": "Deny", "ipRules": [{"value":
      "200.0.0.1"}], "virtualNetworkRules": []}}}'
    headers:
      Accept:
      - application/json
      Accept-Encoding:
      - gzip, deflate
      CommandName:
      - cognitiveservices account network-rule add
      Connection:
      - keep-alive
      Content-Length:
      - '122'
      Content-Type:
      - application/json; charset=utf-8
      ParameterSetName:
      - -n -g --ip-address
      User-Agent:
      - python/3.8.6 (Windows-10-10.0.19041-SP0) msrest/0.6.18 msrest_azure/0.6.3
        azure-mgmt-cognitiveservices/6.3.0 Azure-SDK-For-Python AZURECLI/2.16.0
      accept-language:
      - en-US
    method: PATCH
    uri: https://management.azure.com/subscriptions/00000000-0000-0000-0000-000000000000/resourceGroups/clitest.rg000001/providers/Microsoft.CognitiveServices/accounts/cs_cli_test_000002?api-version=2017-04-18
  response:
    body:
      string: '{"id":"/subscriptions/00000000-0000-0000-0000-000000000000/resourceGroups/clitest.rg000001/providers/Microsoft.CognitiveServices/accounts/cs_cli_test_000002","name":"cs_cli_test_000002","type":"Microsoft.CognitiveServices/accounts","etag":"\"05022a77-0000-0700-0000-5fdc5b370000\"","location":"westus","sku":{"name":"S0"},"kind":"Face","properties":{"endpoint":"https://csclitest000003.cognitiveservices.azure.com/","provisioningState":"Succeeded","internalId":"1e7abe5255954024ad78d5caba933f93","dateCreated":"2020-12-18T07:33:08.1623278Z","callRateLimit":{"rules":[{"key":"face","renewalPeriod":1,"count":15,"matchPatterns":[{"path":"face/v1.0/*","method":"*"}],"isDefault":false},{"key":"container.billing","renewalPeriod":10,"count":500,"matchPatterns":[{"path":"billing/*","method":"*"}],"isDefault":false},{"key":"default","renewalPeriod":1,"count":15,"matchPatterns":[{"path":"*","method":"*"}],"isDefault":true}]},"customSubDomainName":"csclitest000003","networkAcls":{"defaultAction":"Deny","virtualNetworkRules":[],"ipRules":[{"value":"200.0.0.1"}]},"privateEndpointConnections":[],"publicNetworkAccess":"Enabled","capabilities":[{"name":"VirtualNetworks"},{"name":"Container","value":"Face.*,Face.Face"}]}}'
    headers:
      cache-control:
      - no-cache
      content-length:
      - '1274'
      content-type:
      - application/json; charset=utf-8
      date:
      - Fri, 18 Dec 2020 07:33:11 GMT
      etag:
      - '"05022a77-0000-0700-0000-5fdc5b370000"'
      expires:
      - '-1'
      pragma:
      - no-cache
      server:
      - istio-envoy
      strict-transport-security:
      - max-age=31536000; includeSubDomains
      transfer-encoding:
      - chunked
      vary:
      - Accept-Encoding
      x-content-type-options:
      - nosniff
      x-envoy-upstream-service-time:
      - '257'
      x-ms-ratelimit-remaining-subscription-writes:
      - '1196'
    status:
      code: 200
      message: OK
- request:
    body: null
    headers:
      Accept:
      - application/json
      Accept-Encoding:
      - gzip, deflate
      CommandName:
      - cognitiveservices account network-rule list
      Connection:
      - keep-alive
      ParameterSetName:
      - -n -g
      User-Agent:
      - python/3.8.6 (Windows-10-10.0.19041-SP0) msrest/0.6.18 msrest_azure/0.6.3
        azure-mgmt-cognitiveservices/6.3.0 Azure-SDK-For-Python AZURECLI/2.16.0
      accept-language:
      - en-US
    method: GET
    uri: https://management.azure.com/subscriptions/00000000-0000-0000-0000-000000000000/resourceGroups/clitest.rg000001/providers/Microsoft.CognitiveServices/accounts/cs_cli_test_000002?api-version=2017-04-18
  response:
    body:
      string: '{"id":"/subscriptions/00000000-0000-0000-0000-000000000000/resourceGroups/clitest.rg000001/providers/Microsoft.CognitiveServices/accounts/cs_cli_test_000002","name":"cs_cli_test_000002","type":"Microsoft.CognitiveServices/accounts","etag":"\"05022a77-0000-0700-0000-5fdc5b370000\"","location":"westus","sku":{"name":"S0"},"kind":"Face","properties":{"endpoint":"https://csclitest000003.cognitiveservices.azure.com/","provisioningState":"Succeeded","internalId":"1e7abe5255954024ad78d5caba933f93","dateCreated":"2020-12-18T07:33:08.1623278Z","callRateLimit":{"rules":[{"key":"face","renewalPeriod":1,"count":15,"matchPatterns":[{"path":"face/v1.0/*","method":"*"}],"isDefault":false},{"key":"container.billing","renewalPeriod":10,"count":500,"matchPatterns":[{"path":"billing/*","method":"*"}],"isDefault":false},{"key":"default","renewalPeriod":1,"count":15,"matchPatterns":[{"path":"*","method":"*"}],"isDefault":true}]},"customSubDomainName":"csclitest000003","networkAcls":{"defaultAction":"Deny","virtualNetworkRules":[],"ipRules":[{"value":"200.0.0.1"}]},"privateEndpointConnections":[],"publicNetworkAccess":"Enabled","capabilities":[{"name":"VirtualNetworks"},{"name":"Container","value":"Face.*,Face.Face"}]}}'
    headers:
      cache-control:
      - no-cache
      content-length:
      - '1274'
      content-type:
      - application/json; charset=utf-8
      date:
      - Fri, 18 Dec 2020 07:33:12 GMT
      etag:
      - '"05022a77-0000-0700-0000-5fdc5b370000"'
      expires:
      - '-1'
      pragma:
      - no-cache
      server:
      - istio-envoy
      strict-transport-security:
      - max-age=31536000; includeSubDomains
      transfer-encoding:
      - chunked
      vary:
      - Accept-Encoding
      x-content-type-options:
      - nosniff
      x-envoy-upstream-service-time:
      - '11'
    status:
      code: 200
      message: OK
- request:
    body: null
    headers:
      Accept:
      - application/json
      Accept-Encoding:
      - gzip, deflate
      CommandName:
      - cognitiveservices account network-rule add
      Connection:
      - keep-alive
      ParameterSetName:
      - -n -g --ip-address
      User-Agent:
      - python/3.8.6 (Windows-10-10.0.19041-SP0) msrest/0.6.18 msrest_azure/0.6.3
        azure-mgmt-cognitiveservices/6.3.0 Azure-SDK-For-Python AZURECLI/2.16.0
      accept-language:
      - en-US
    method: GET
    uri: https://management.azure.com/subscriptions/00000000-0000-0000-0000-000000000000/resourceGroups/clitest.rg000001/providers/Microsoft.CognitiveServices/accounts/cs_cli_test_000002?api-version=2017-04-18
  response:
    body:
      string: '{"id":"/subscriptions/00000000-0000-0000-0000-000000000000/resourceGroups/clitest.rg000001/providers/Microsoft.CognitiveServices/accounts/cs_cli_test_000002","name":"cs_cli_test_000002","type":"Microsoft.CognitiveServices/accounts","etag":"\"05022a77-0000-0700-0000-5fdc5b370000\"","location":"westus","sku":{"name":"S0"},"kind":"Face","properties":{"endpoint":"https://csclitest000003.cognitiveservices.azure.com/","provisioningState":"Succeeded","internalId":"1e7abe5255954024ad78d5caba933f93","dateCreated":"2020-12-18T07:33:08.1623278Z","callRateLimit":{"rules":[{"key":"face","renewalPeriod":1,"count":15,"matchPatterns":[{"path":"face/v1.0/*","method":"*"}],"isDefault":false},{"key":"container.billing","renewalPeriod":10,"count":500,"matchPatterns":[{"path":"billing/*","method":"*"}],"isDefault":false},{"key":"default","renewalPeriod":1,"count":15,"matchPatterns":[{"path":"*","method":"*"}],"isDefault":true}]},"customSubDomainName":"csclitest000003","networkAcls":{"defaultAction":"Deny","virtualNetworkRules":[],"ipRules":[{"value":"200.0.0.1"}]},"privateEndpointConnections":[],"publicNetworkAccess":"Enabled","capabilities":[{"name":"VirtualNetworks"},{"name":"Container","value":"Face.*,Face.Face"}]}}'
    headers:
      cache-control:
      - no-cache
      content-length:
      - '1274'
      content-type:
      - application/json; charset=utf-8
      date:
      - Fri, 18 Dec 2020 07:33:12 GMT
      etag:
      - '"05022a77-0000-0700-0000-5fdc5b370000"'
      expires:
      - '-1'
      pragma:
      - no-cache
      server:
      - istio-envoy
      strict-transport-security:
      - max-age=31536000; includeSubDomains
      transfer-encoding:
      - chunked
      vary:
      - Accept-Encoding
      x-content-type-options:
      - nosniff
      x-envoy-upstream-service-time:
      - '8'
    status:
      code: 200
      message: OK
- request:
    body: '{"properties": {"networkAcls": {"defaultAction": "Deny", "ipRules": [{"value":
      "200.0.0.1"}, {"value": "100.0.0.0/24"}], "virtualNetworkRules": []}}}'
    headers:
      Accept:
      - application/json
      Accept-Encoding:
      - gzip, deflate
      CommandName:
      - cognitiveservices account network-rule add
      Connection:
      - keep-alive
      Content-Length:
      - '149'
      Content-Type:
      - application/json; charset=utf-8
      ParameterSetName:
      - -n -g --ip-address
      User-Agent:
      - python/3.8.6 (Windows-10-10.0.19041-SP0) msrest/0.6.18 msrest_azure/0.6.3
        azure-mgmt-cognitiveservices/6.3.0 Azure-SDK-For-Python AZURECLI/2.16.0
      accept-language:
      - en-US
    method: PATCH
    uri: https://management.azure.com/subscriptions/00000000-0000-0000-0000-000000000000/resourceGroups/clitest.rg000001/providers/Microsoft.CognitiveServices/accounts/cs_cli_test_000002?api-version=2017-04-18
  response:
    body:
      string: '{"id":"/subscriptions/00000000-0000-0000-0000-000000000000/resourceGroups/clitest.rg000001/providers/Microsoft.CognitiveServices/accounts/cs_cli_test_000002","name":"cs_cli_test_000002","type":"Microsoft.CognitiveServices/accounts","etag":"\"05026d77-0000-0700-0000-5fdc5b390000\"","location":"westus","sku":{"name":"S0"},"kind":"Face","properties":{"endpoint":"https://csclitest000003.cognitiveservices.azure.com/","provisioningState":"Succeeded","internalId":"1e7abe5255954024ad78d5caba933f93","dateCreated":"2020-12-18T07:33:08.1623278Z","callRateLimit":{"rules":[{"key":"face","renewalPeriod":1,"count":15,"matchPatterns":[{"path":"face/v1.0/*","method":"*"}],"isDefault":false},{"key":"container.billing","renewalPeriod":10,"count":500,"matchPatterns":[{"path":"billing/*","method":"*"}],"isDefault":false},{"key":"default","renewalPeriod":1,"count":15,"matchPatterns":[{"path":"*","method":"*"}],"isDefault":true}]},"customSubDomainName":"csclitest000003","networkAcls":{"defaultAction":"Deny","virtualNetworkRules":[],"ipRules":[{"value":"200.0.0.1"},{"value":"100.0.0.0/24"}]},"privateEndpointConnections":[],"publicNetworkAccess":"Enabled","capabilities":[{"name":"VirtualNetworks"},{"name":"Container","value":"Face.*,Face.Face"}]}}'
    headers:
      cache-control:
      - no-cache
      content-length:
      - '1299'
      content-type:
      - application/json; charset=utf-8
      date:
      - Fri, 18 Dec 2020 07:33:13 GMT
      etag:
      - '"05026d77-0000-0700-0000-5fdc5b390000"'
      expires:
      - '-1'
      pragma:
      - no-cache
      server:
      - istio-envoy
      strict-transport-security:
      - max-age=31536000; includeSubDomains
      transfer-encoding:
      - chunked
      vary:
      - Accept-Encoding
      x-content-type-options:
      - nosniff
      x-envoy-upstream-service-time:
      - '292'
      x-ms-ratelimit-remaining-subscription-writes:
      - '1195'
    status:
      code: 200
      message: OK
- request:
    body: null
    headers:
      Accept:
      - application/json
      Accept-Encoding:
      - gzip, deflate
      CommandName:
      - cognitiveservices account network-rule list
      Connection:
      - keep-alive
      ParameterSetName:
      - -n -g
      User-Agent:
      - python/3.8.6 (Windows-10-10.0.19041-SP0) msrest/0.6.18 msrest_azure/0.6.3
        azure-mgmt-cognitiveservices/6.3.0 Azure-SDK-For-Python AZURECLI/2.16.0
      accept-language:
      - en-US
    method: GET
    uri: https://management.azure.com/subscriptions/00000000-0000-0000-0000-000000000000/resourceGroups/clitest.rg000001/providers/Microsoft.CognitiveServices/accounts/cs_cli_test_000002?api-version=2017-04-18
  response:
    body:
      string: '{"id":"/subscriptions/00000000-0000-0000-0000-000000000000/resourceGroups/clitest.rg000001/providers/Microsoft.CognitiveServices/accounts/cs_cli_test_000002","name":"cs_cli_test_000002","type":"Microsoft.CognitiveServices/accounts","etag":"\"05026d77-0000-0700-0000-5fdc5b390000\"","location":"westus","sku":{"name":"S0"},"kind":"Face","properties":{"endpoint":"https://csclitest000003.cognitiveservices.azure.com/","provisioningState":"Succeeded","internalId":"1e7abe5255954024ad78d5caba933f93","dateCreated":"2020-12-18T07:33:08.1623278Z","callRateLimit":{"rules":[{"key":"face","renewalPeriod":1,"count":15,"matchPatterns":[{"path":"face/v1.0/*","method":"*"}],"isDefault":false},{"key":"container.billing","renewalPeriod":10,"count":500,"matchPatterns":[{"path":"billing/*","method":"*"}],"isDefault":false},{"key":"default","renewalPeriod":1,"count":15,"matchPatterns":[{"path":"*","method":"*"}],"isDefault":true}]},"customSubDomainName":"csclitest000003","networkAcls":{"defaultAction":"Deny","virtualNetworkRules":[],"ipRules":[{"value":"200.0.0.1"},{"value":"100.0.0.0/24"}]},"privateEndpointConnections":[],"publicNetworkAccess":"Enabled","capabilities":[{"name":"VirtualNetworks"},{"name":"Container","value":"Face.*,Face.Face"}]}}'
    headers:
      cache-control:
      - no-cache
      content-length:
      - '1299'
      content-type:
      - application/json; charset=utf-8
      date:
      - Fri, 18 Dec 2020 07:33:14 GMT
      etag:
      - '"05026d77-0000-0700-0000-5fdc5b390000"'
      expires:
      - '-1'
      pragma:
      - no-cache
      server:
      - istio-envoy
      strict-transport-security:
      - max-age=31536000; includeSubDomains
      transfer-encoding:
      - chunked
      vary:
      - Accept-Encoding
      x-content-type-options:
      - nosniff
      x-envoy-upstream-service-time:
      - '9'
    status:
      code: 200
      message: OK
- request:
    body: null
    headers:
      Accept:
      - application/json
      Accept-Encoding:
      - gzip, deflate
      CommandName:
      - cognitiveservices account network-rule add
      Connection:
      - keep-alive
      ParameterSetName:
      - -n -g --subnet
      User-Agent:
      - python/3.8.6 (Windows-10-10.0.19041-SP0) msrest/0.6.18 msrest_azure/0.6.3
        azure-mgmt-cognitiveservices/6.3.0 Azure-SDK-For-Python AZURECLI/2.16.0
      accept-language:
      - en-US
    method: GET
    uri: https://management.azure.com/subscriptions/00000000-0000-0000-0000-000000000000/resourceGroups/clitest.rg000001/providers/Microsoft.CognitiveServices/accounts/cs_cli_test_000002?api-version=2017-04-18
  response:
    body:
      string: '{"id":"/subscriptions/00000000-0000-0000-0000-000000000000/resourceGroups/clitest.rg000001/providers/Microsoft.CognitiveServices/accounts/cs_cli_test_000002","name":"cs_cli_test_000002","type":"Microsoft.CognitiveServices/accounts","etag":"\"05026d77-0000-0700-0000-5fdc5b390000\"","location":"westus","sku":{"name":"S0"},"kind":"Face","properties":{"endpoint":"https://csclitest000003.cognitiveservices.azure.com/","provisioningState":"Succeeded","internalId":"1e7abe5255954024ad78d5caba933f93","dateCreated":"2020-12-18T07:33:08.1623278Z","callRateLimit":{"rules":[{"key":"face","renewalPeriod":1,"count":15,"matchPatterns":[{"path":"face/v1.0/*","method":"*"}],"isDefault":false},{"key":"container.billing","renewalPeriod":10,"count":500,"matchPatterns":[{"path":"billing/*","method":"*"}],"isDefault":false},{"key":"default","renewalPeriod":1,"count":15,"matchPatterns":[{"path":"*","method":"*"}],"isDefault":true}]},"customSubDomainName":"csclitest000003","networkAcls":{"defaultAction":"Deny","virtualNetworkRules":[],"ipRules":[{"value":"200.0.0.1"},{"value":"100.0.0.0/24"}]},"privateEndpointConnections":[],"publicNetworkAccess":"Enabled","capabilities":[{"name":"VirtualNetworks"},{"name":"Container","value":"Face.*,Face.Face"}]}}'
    headers:
      cache-control:
      - no-cache
      content-length:
      - '1299'
      content-type:
      - application/json; charset=utf-8
      date:
      - Fri, 18 Dec 2020 07:33:14 GMT
      etag:
      - '"05026d77-0000-0700-0000-5fdc5b390000"'
      expires:
      - '-1'
      pragma:
      - no-cache
      server:
      - istio-envoy
      strict-transport-security:
      - max-age=31536000; includeSubDomains
      transfer-encoding:
      - chunked
      vary:
      - Accept-Encoding
      x-content-type-options:
      - nosniff
      x-envoy-upstream-service-time:
      - '9'
    status:
      code: 200
      message: OK
- request:
    body: '{"properties": {"networkAcls": {"defaultAction": "Deny", "ipRules": [{"value":
      "200.0.0.1"}, {"value": "100.0.0.0/24"}], "virtualNetworkRules": [{"id": "/subscriptions/00000000-0000-0000-0000-000000000000/resourceGroups/clitest.rg000001/providers/Microsoft.Network/virtualNetworks/cs_cli_test_000002/subnets/default",
      "ignoreMissingVnetServiceEndpoint": true}]}}}'
    headers:
      Accept:
      - application/json
      Accept-Encoding:
      - gzip, deflate
      CommandName:
      - cognitiveservices account network-rule add
      Connection:
      - keep-alive
      Content-Length:
      - '420'
      Content-Type:
      - application/json; charset=utf-8
      ParameterSetName:
      - -n -g --subnet
      User-Agent:
      - python/3.8.6 (Windows-10-10.0.19041-SP0) msrest/0.6.18 msrest_azure/0.6.3
        azure-mgmt-cognitiveservices/6.3.0 Azure-SDK-For-Python AZURECLI/2.16.0
      accept-language:
      - en-US
    method: PATCH
    uri: https://management.azure.com/subscriptions/00000000-0000-0000-0000-000000000000/resourceGroups/clitest.rg000001/providers/Microsoft.CognitiveServices/accounts/cs_cli_test_000002?api-version=2017-04-18
  response:
    body:
      string: '{"id":"/subscriptions/00000000-0000-0000-0000-000000000000/resourceGroups/clitest.rg000001/providers/Microsoft.CognitiveServices/accounts/cs_cli_test_000002","name":"cs_cli_test_000002","type":"Microsoft.CognitiveServices/accounts","etag":"\"0502f778-0000-0700-0000-5fdc5b470000\"","location":"westus","sku":{"name":"S0"},"kind":"Face","properties":{"endpoint":"https://csclitest000003.cognitiveservices.azure.com/","provisioningState":"Succeeded","internalId":"1e7abe5255954024ad78d5caba933f93","dateCreated":"2020-12-18T07:33:08.1623278Z","callRateLimit":{"rules":[{"key":"face","renewalPeriod":1,"count":15,"matchPatterns":[{"path":"face/v1.0/*","method":"*"}],"isDefault":false},{"key":"container.billing","renewalPeriod":10,"count":500,"matchPatterns":[{"path":"billing/*","method":"*"}],"isDefault":false},{"key":"default","renewalPeriod":1,"count":15,"matchPatterns":[{"path":"*","method":"*"}],"isDefault":true}]},"customSubDomainName":"csclitest000003","networkAcls":{"defaultAction":"Deny","virtualNetworkRules":[{"id":"/subscriptions/00000000-0000-0000-0000-000000000000/resourceGroups/clitest.rg000001/providers/Microsoft.Network/virtualNetworks/cs_cli_test_000002/subnets/default","ignoreMissingVnetServiceEndpoint":true}],"ipRules":[{"value":"200.0.0.1"},{"value":"100.0.0.0/24"}]},"privateEndpointConnections":[],"publicNetworkAccess":"Enabled","capabilities":[{"name":"VirtualNetworks"},{"name":"Container","value":"Face.*,Face.Face"}]}}'
    headers:
      cache-control:
      - no-cache
      content-length:
      - '1567'
      content-type:
      - application/json; charset=utf-8
      date:
      - Fri, 18 Dec 2020 07:33:28 GMT
      etag:
      - '"0502f778-0000-0700-0000-5fdc5b470000"'
      expires:
      - '-1'
      pragma:
      - no-cache
      server:
      - istio-envoy
      strict-transport-security:
      - max-age=31536000; includeSubDomains
      transfer-encoding:
      - chunked
      vary:
      - Accept-Encoding
      x-content-type-options:
      - nosniff
      x-envoy-upstream-service-time:
      - '11711'
      x-ms-ratelimit-remaining-subscription-writes:
      - '1193'
    status:
      code: 200
      message: OK
- request:
    body: null
    headers:
      Accept:
      - application/json
      Accept-Encoding:
      - gzip, deflate
      CommandName:
      - cognitiveservices account network-rule list
      Connection:
      - keep-alive
      ParameterSetName:
      - -n -g
      User-Agent:
      - python/3.8.6 (Windows-10-10.0.19041-SP0) msrest/0.6.18 msrest_azure/0.6.3
        azure-mgmt-cognitiveservices/6.3.0 Azure-SDK-For-Python AZURECLI/2.16.0
      accept-language:
      - en-US
    method: GET
    uri: https://management.azure.com/subscriptions/00000000-0000-0000-0000-000000000000/resourceGroups/clitest.rg000001/providers/Microsoft.CognitiveServices/accounts/cs_cli_test_000002?api-version=2017-04-18
  response:
    body:
      string: '{"id":"/subscriptions/00000000-0000-0000-0000-000000000000/resourceGroups/clitest.rg000001/providers/Microsoft.CognitiveServices/accounts/cs_cli_test_000002","name":"cs_cli_test_000002","type":"Microsoft.CognitiveServices/accounts","etag":"\"0502f778-0000-0700-0000-5fdc5b470000\"","location":"westus","sku":{"name":"S0"},"kind":"Face","properties":{"endpoint":"https://csclitest000003.cognitiveservices.azure.com/","provisioningState":"Succeeded","internalId":"1e7abe5255954024ad78d5caba933f93","dateCreated":"2020-12-18T07:33:08.1623278Z","callRateLimit":{"rules":[{"key":"face","renewalPeriod":1,"count":15,"matchPatterns":[{"path":"face/v1.0/*","method":"*"}],"isDefault":false},{"key":"container.billing","renewalPeriod":10,"count":500,"matchPatterns":[{"path":"billing/*","method":"*"}],"isDefault":false},{"key":"default","renewalPeriod":1,"count":15,"matchPatterns":[{"path":"*","method":"*"}],"isDefault":true}]},"customSubDomainName":"csclitest000003","networkAcls":{"defaultAction":"Deny","virtualNetworkRules":[{"id":"/subscriptions/00000000-0000-0000-0000-000000000000/resourceGroups/clitest.rg000001/providers/Microsoft.Network/virtualNetworks/cs_cli_test_000002/subnets/default","ignoreMissingVnetServiceEndpoint":true}],"ipRules":[{"value":"200.0.0.1"},{"value":"100.0.0.0/24"}]},"privateEndpointConnections":[],"publicNetworkAccess":"Enabled","capabilities":[{"name":"VirtualNetworks"},{"name":"Container","value":"Face.*,Face.Face"}]}}'
    headers:
      cache-control:
      - no-cache
      content-length:
      - '1567'
      content-type:
      - application/json; charset=utf-8
      date:
      - Fri, 18 Dec 2020 07:33:28 GMT
      etag:
      - '"0502f778-0000-0700-0000-5fdc5b470000"'
      expires:
      - '-1'
      pragma:
      - no-cache
      server:
      - istio-envoy
      strict-transport-security:
      - max-age=31536000; includeSubDomains
      transfer-encoding:
      - chunked
      vary:
      - Accept-Encoding
      x-content-type-options:
      - nosniff
      x-envoy-upstream-service-time:
      - '11'
    status:
      code: 200
      message: OK
- request:
    body: null
    headers:
      Accept:
      - application/json
      Accept-Encoding:
      - gzip, deflate
      CommandName:
      - cognitiveservices account network-rule add
      Connection:
      - keep-alive
      ParameterSetName:
      - -n -g --subnet --vnet-name
      User-Agent:
      - python/3.8.6 (Windows-10-10.0.19041-SP0) msrest/0.6.18 msrest_azure/0.6.3
        azure-mgmt-cognitiveservices/6.3.0 Azure-SDK-For-Python AZURECLI/2.16.0
      accept-language:
      - en-US
    method: GET
    uri: https://management.azure.com/subscriptions/00000000-0000-0000-0000-000000000000/resourceGroups/clitest.rg000001/providers/Microsoft.CognitiveServices/accounts/cs_cli_test_000002?api-version=2017-04-18
  response:
    body:
      string: '{"id":"/subscriptions/00000000-0000-0000-0000-000000000000/resourceGroups/clitest.rg000001/providers/Microsoft.CognitiveServices/accounts/cs_cli_test_000002","name":"cs_cli_test_000002","type":"Microsoft.CognitiveServices/accounts","etag":"\"0502f778-0000-0700-0000-5fdc5b470000\"","location":"westus","sku":{"name":"S0"},"kind":"Face","properties":{"endpoint":"https://csclitest000003.cognitiveservices.azure.com/","provisioningState":"Succeeded","internalId":"1e7abe5255954024ad78d5caba933f93","dateCreated":"2020-12-18T07:33:08.1623278Z","callRateLimit":{"rules":[{"key":"face","renewalPeriod":1,"count":15,"matchPatterns":[{"path":"face/v1.0/*","method":"*"}],"isDefault":false},{"key":"container.billing","renewalPeriod":10,"count":500,"matchPatterns":[{"path":"billing/*","method":"*"}],"isDefault":false},{"key":"default","renewalPeriod":1,"count":15,"matchPatterns":[{"path":"*","method":"*"}],"isDefault":true}]},"customSubDomainName":"csclitest000003","networkAcls":{"defaultAction":"Deny","virtualNetworkRules":[{"id":"/subscriptions/00000000-0000-0000-0000-000000000000/resourceGroups/clitest.rg000001/providers/Microsoft.Network/virtualNetworks/cs_cli_test_000002/subnets/default","ignoreMissingVnetServiceEndpoint":true}],"ipRules":[{"value":"200.0.0.1"},{"value":"100.0.0.0/24"}]},"privateEndpointConnections":[],"publicNetworkAccess":"Enabled","capabilities":[{"name":"VirtualNetworks"},{"name":"Container","value":"Face.*,Face.Face"}]}}'
    headers:
      cache-control:
      - no-cache
      content-length:
      - '1567'
      content-type:
      - application/json; charset=utf-8
      date:
      - Fri, 18 Dec 2020 07:33:29 GMT
      etag:
      - '"0502f778-0000-0700-0000-5fdc5b470000"'
      expires:
      - '-1'
      pragma:
      - no-cache
      server:
      - istio-envoy
      strict-transport-security:
      - max-age=31536000; includeSubDomains
      transfer-encoding:
      - chunked
      vary:
      - Accept-Encoding
      x-content-type-options:
      - nosniff
      x-envoy-upstream-service-time:
      - '10'
    status:
      code: 200
      message: OK
- request:
    body: '{"properties": {"networkAcls": {"defaultAction": "Deny", "ipRules": [{"value":
      "200.0.0.1"}, {"value": "100.0.0.0/24"}], "virtualNetworkRules": [{"id": "/subscriptions/00000000-0000-0000-0000-000000000000/resourceGroups/clitest.rg000001/providers/Microsoft.Network/virtualNetworks/cs_cli_test_000002/subnets/default",
      "ignoreMissingVnetServiceEndpoint": true}, {"id": "/subscriptions/00000000-0000-0000-0000-000000000000/resourceGroups/clitest.rg000001/providers/Microsoft.Network/virtualNetworks/cs_cli_test_000002/subnets/subnet",
      "ignoreMissingVnetServiceEndpoint": true}]}}}'
    headers:
      Accept:
      - application/json
      Accept-Encoding:
      - gzip, deflate
      CommandName:
      - cognitiveservices account network-rule add
      Connection:
      - keep-alive
      Content-Length:
      - '692'
      Content-Type:
      - application/json; charset=utf-8
      ParameterSetName:
      - -n -g --subnet --vnet-name
      User-Agent:
      - python/3.8.6 (Windows-10-10.0.19041-SP0) msrest/0.6.18 msrest_azure/0.6.3
        azure-mgmt-cognitiveservices/6.3.0 Azure-SDK-For-Python AZURECLI/2.16.0
      accept-language:
      - en-US
    method: PATCH
    uri: https://management.azure.com/subscriptions/00000000-0000-0000-0000-000000000000/resourceGroups/clitest.rg000001/providers/Microsoft.CognitiveServices/accounts/cs_cli_test_000002?api-version=2017-04-18
  response:
    body:
      string: '{"id":"/subscriptions/00000000-0000-0000-0000-000000000000/resourceGroups/clitest.rg000001/providers/Microsoft.CognitiveServices/accounts/cs_cli_test_000002","name":"cs_cli_test_000002","type":"Microsoft.CognitiveServices/accounts","etag":"\"0502807a-0000-0700-0000-5fdc5b550000\"","location":"westus","sku":{"name":"S0"},"kind":"Face","properties":{"endpoint":"https://csclitest000003.cognitiveservices.azure.com/","provisioningState":"Succeeded","internalId":"1e7abe5255954024ad78d5caba933f93","dateCreated":"2020-12-18T07:33:08.1623278Z","callRateLimit":{"rules":[{"key":"face","renewalPeriod":1,"count":15,"matchPatterns":[{"path":"face/v1.0/*","method":"*"}],"isDefault":false},{"key":"container.billing","renewalPeriod":10,"count":500,"matchPatterns":[{"path":"billing/*","method":"*"}],"isDefault":false},{"key":"default","renewalPeriod":1,"count":15,"matchPatterns":[{"path":"*","method":"*"}],"isDefault":true}]},"customSubDomainName":"csclitest000003","networkAcls":{"defaultAction":"Deny","virtualNetworkRules":[{"id":"/subscriptions/00000000-0000-0000-0000-000000000000/resourceGroups/clitest.rg000001/providers/Microsoft.Network/virtualNetworks/cs_cli_test_000002/subnets/default","ignoreMissingVnetServiceEndpoint":true},{"id":"/subscriptions/00000000-0000-0000-0000-000000000000/resourceGroups/clitest.rg000001/providers/Microsoft.Network/virtualNetworks/cs_cli_test_000002/subnets/subnet","ignoreMissingVnetServiceEndpoint":true}],"ipRules":[{"value":"200.0.0.1"},{"value":"100.0.0.0/24"}]},"privateEndpointConnections":[],"publicNetworkAccess":"Enabled","capabilities":[{"name":"VirtualNetworks"},{"name":"Container","value":"Face.*,Face.Face"}]}}'
    headers:
      cache-control:
      - no-cache
      content-length:
      - '1835'
      content-type:
      - application/json; charset=utf-8
      date:
      - Fri, 18 Dec 2020 07:33:41 GMT
      etag:
      - '"0502807a-0000-0700-0000-5fdc5b550000"'
      expires:
      - '-1'
      pragma:
      - no-cache
      server:
      - istio-envoy
      strict-transport-security:
      - max-age=31536000; includeSubDomains
      transfer-encoding:
      - chunked
      vary:
      - Accept-Encoding
      x-content-type-options:
      - nosniff
      x-envoy-upstream-service-time:
      - '11511'
      x-ms-ratelimit-remaining-subscription-writes:
      - '1195'
    status:
      code: 200
      message: OK
- request:
    body: null
    headers:
      Accept:
      - application/json
      Accept-Encoding:
      - gzip, deflate
      CommandName:
      - cognitiveservices account network-rule list
      Connection:
      - keep-alive
      ParameterSetName:
      - -n -g
      User-Agent:
      - python/3.8.6 (Windows-10-10.0.19041-SP0) msrest/0.6.18 msrest_azure/0.6.3
        azure-mgmt-cognitiveservices/6.3.0 Azure-SDK-For-Python AZURECLI/2.16.0
      accept-language:
      - en-US
    method: GET
    uri: https://management.azure.com/subscriptions/00000000-0000-0000-0000-000000000000/resourceGroups/clitest.rg000001/providers/Microsoft.CognitiveServices/accounts/cs_cli_test_000002?api-version=2017-04-18
  response:
    body:
      string: '{"id":"/subscriptions/00000000-0000-0000-0000-000000000000/resourceGroups/clitest.rg000001/providers/Microsoft.CognitiveServices/accounts/cs_cli_test_000002","name":"cs_cli_test_000002","type":"Microsoft.CognitiveServices/accounts","etag":"\"0502807a-0000-0700-0000-5fdc5b550000\"","location":"westus","sku":{"name":"S0"},"kind":"Face","properties":{"endpoint":"https://csclitest000003.cognitiveservices.azure.com/","provisioningState":"Succeeded","internalId":"1e7abe5255954024ad78d5caba933f93","dateCreated":"2020-12-18T07:33:08.1623278Z","callRateLimit":{"rules":[{"key":"face","renewalPeriod":1,"count":15,"matchPatterns":[{"path":"face/v1.0/*","method":"*"}],"isDefault":false},{"key":"container.billing","renewalPeriod":10,"count":500,"matchPatterns":[{"path":"billing/*","method":"*"}],"isDefault":false},{"key":"default","renewalPeriod":1,"count":15,"matchPatterns":[{"path":"*","method":"*"}],"isDefault":true}]},"customSubDomainName":"csclitest000003","networkAcls":{"defaultAction":"Deny","virtualNetworkRules":[{"id":"/subscriptions/00000000-0000-0000-0000-000000000000/resourceGroups/clitest.rg000001/providers/Microsoft.Network/virtualNetworks/cs_cli_test_000002/subnets/default","ignoreMissingVnetServiceEndpoint":true},{"id":"/subscriptions/00000000-0000-0000-0000-000000000000/resourceGroups/clitest.rg000001/providers/Microsoft.Network/virtualNetworks/cs_cli_test_000002/subnets/subnet","ignoreMissingVnetServiceEndpoint":true}],"ipRules":[{"value":"200.0.0.1"},{"value":"100.0.0.0/24"}]},"privateEndpointConnections":[],"publicNetworkAccess":"Enabled","capabilities":[{"name":"VirtualNetworks"},{"name":"Container","value":"Face.*,Face.Face"}]}}'
    headers:
      cache-control:
      - no-cache
      content-length:
      - '1835'
      content-type:
      - application/json; charset=utf-8
      date:
      - Fri, 18 Dec 2020 07:33:42 GMT
      etag:
      - '"0502807a-0000-0700-0000-5fdc5b550000"'
      expires:
      - '-1'
      pragma:
      - no-cache
      server:
      - istio-envoy
      strict-transport-security:
      - max-age=31536000; includeSubDomains
      transfer-encoding:
      - chunked
      vary:
      - Accept-Encoding
      x-content-type-options:
      - nosniff
      x-envoy-upstream-service-time:
      - '9'
    status:
      code: 200
      message: OK
- request:
    body: null
    headers:
      Accept:
      - application/json
      Accept-Encoding:
      - gzip, deflate
      CommandName:
      - cognitiveservices account network-rule remove
      Connection:
      - keep-alive
      ParameterSetName:
      - -n -g --ip-address
      User-Agent:
      - python/3.8.6 (Windows-10-10.0.19041-SP0) msrest/0.6.18 msrest_azure/0.6.3
        azure-mgmt-cognitiveservices/6.3.0 Azure-SDK-For-Python AZURECLI/2.16.0
      accept-language:
      - en-US
    method: GET
    uri: https://management.azure.com/subscriptions/00000000-0000-0000-0000-000000000000/resourceGroups/clitest.rg000001/providers/Microsoft.CognitiveServices/accounts/cs_cli_test_000002?api-version=2017-04-18
  response:
    body:
      string: '{"id":"/subscriptions/00000000-0000-0000-0000-000000000000/resourceGroups/clitest.rg000001/providers/Microsoft.CognitiveServices/accounts/cs_cli_test_000002","name":"cs_cli_test_000002","type":"Microsoft.CognitiveServices/accounts","etag":"\"0502807a-0000-0700-0000-5fdc5b550000\"","location":"westus","sku":{"name":"S0"},"kind":"Face","properties":{"endpoint":"https://csclitest000003.cognitiveservices.azure.com/","provisioningState":"Succeeded","internalId":"1e7abe5255954024ad78d5caba933f93","dateCreated":"2020-12-18T07:33:08.1623278Z","callRateLimit":{"rules":[{"key":"face","renewalPeriod":1,"count":15,"matchPatterns":[{"path":"face/v1.0/*","method":"*"}],"isDefault":false},{"key":"container.billing","renewalPeriod":10,"count":500,"matchPatterns":[{"path":"billing/*","method":"*"}],"isDefault":false},{"key":"default","renewalPeriod":1,"count":15,"matchPatterns":[{"path":"*","method":"*"}],"isDefault":true}]},"customSubDomainName":"csclitest000003","networkAcls":{"defaultAction":"Deny","virtualNetworkRules":[{"id":"/subscriptions/00000000-0000-0000-0000-000000000000/resourceGroups/clitest.rg000001/providers/Microsoft.Network/virtualNetworks/cs_cli_test_000002/subnets/default","ignoreMissingVnetServiceEndpoint":true},{"id":"/subscriptions/00000000-0000-0000-0000-000000000000/resourceGroups/clitest.rg000001/providers/Microsoft.Network/virtualNetworks/cs_cli_test_000002/subnets/subnet","ignoreMissingVnetServiceEndpoint":true}],"ipRules":[{"value":"200.0.0.1"},{"value":"100.0.0.0/24"}]},"privateEndpointConnections":[],"publicNetworkAccess":"Enabled","capabilities":[{"name":"VirtualNetworks"},{"name":"Container","value":"Face.*,Face.Face"}]}}'
    headers:
      cache-control:
      - no-cache
      content-length:
      - '1835'
      content-type:
      - application/json; charset=utf-8
      date:
      - Fri, 18 Dec 2020 07:33:42 GMT
      etag:
      - '"0502807a-0000-0700-0000-5fdc5b550000"'
      expires:
      - '-1'
      pragma:
      - no-cache
      server:
      - istio-envoy
      strict-transport-security:
      - max-age=31536000; includeSubDomains
      transfer-encoding:
      - chunked
      vary:
      - Accept-Encoding
      x-content-type-options:
      - nosniff
      x-envoy-upstream-service-time:
      - '11'
    status:
      code: 200
      message: OK
- request:
    body: '{"properties": {"networkAcls": {"defaultAction": "Deny", "ipRules": [{"value":
      "100.0.0.0/24"}], "virtualNetworkRules": [{"id": "/subscriptions/00000000-0000-0000-0000-000000000000/resourceGroups/clitest.rg000001/providers/Microsoft.Network/virtualNetworks/cs_cli_test_000002/subnets/default",
      "ignoreMissingVnetServiceEndpoint": true}, {"id": "/subscriptions/00000000-0000-0000-0000-000000000000/resourceGroups/clitest.rg000001/providers/Microsoft.Network/virtualNetworks/cs_cli_test_000002/subnets/subnet",
      "ignoreMissingVnetServiceEndpoint": true}]}}}'
    headers:
      Accept:
      - application/json
      Accept-Encoding:
      - gzip, deflate
      CommandName:
      - cognitiveservices account network-rule remove
      Connection:
      - keep-alive
      Content-Length:
      - '668'
      Content-Type:
      - application/json; charset=utf-8
      ParameterSetName:
      - -n -g --ip-address
      User-Agent:
      - python/3.8.6 (Windows-10-10.0.19041-SP0) msrest/0.6.18 msrest_azure/0.6.3
        azure-mgmt-cognitiveservices/6.3.0 Azure-SDK-For-Python AZURECLI/2.16.0
      accept-language:
      - en-US
    method: PATCH
    uri: https://management.azure.com/subscriptions/00000000-0000-0000-0000-000000000000/resourceGroups/clitest.rg000001/providers/Microsoft.CognitiveServices/accounts/cs_cli_test_000002?api-version=2017-04-18
  response:
    body:
      string: '{"id":"/subscriptions/00000000-0000-0000-0000-000000000000/resourceGroups/clitest.rg000001/providers/Microsoft.CognitiveServices/accounts/cs_cli_test_000002","name":"cs_cli_test_000002","type":"Microsoft.CognitiveServices/accounts","etag":"\"0502d67a-0000-0700-0000-5fdc5b580000\"","location":"westus","sku":{"name":"S0"},"kind":"Face","properties":{"endpoint":"https://csclitest000003.cognitiveservices.azure.com/","provisioningState":"Succeeded","internalId":"1e7abe5255954024ad78d5caba933f93","dateCreated":"2020-12-18T07:33:08.1623278Z","callRateLimit":{"rules":[{"key":"face","renewalPeriod":1,"count":15,"matchPatterns":[{"path":"face/v1.0/*","method":"*"}],"isDefault":false},{"key":"container.billing","renewalPeriod":10,"count":500,"matchPatterns":[{"path":"billing/*","method":"*"}],"isDefault":false},{"key":"default","renewalPeriod":1,"count":15,"matchPatterns":[{"path":"*","method":"*"}],"isDefault":true}]},"customSubDomainName":"csclitest000003","networkAcls":{"defaultAction":"Deny","virtualNetworkRules":[{"id":"/subscriptions/00000000-0000-0000-0000-000000000000/resourceGroups/clitest.rg000001/providers/Microsoft.Network/virtualNetworks/cs_cli_test_000002/subnets/default","ignoreMissingVnetServiceEndpoint":true},{"id":"/subscriptions/00000000-0000-0000-0000-000000000000/resourceGroups/clitest.rg000001/providers/Microsoft.Network/virtualNetworks/cs_cli_test_000002/subnets/subnet","ignoreMissingVnetServiceEndpoint":true}],"ipRules":[{"value":"100.0.0.0/24"}]},"privateEndpointConnections":[],"publicNetworkAccess":"Enabled","capabilities":[{"name":"VirtualNetworks"},{"name":"Container","value":"Face.*,Face.Face"}]}}'
    headers:
      cache-control:
      - no-cache
      content-length:
      - '1813'
      content-type:
      - application/json; charset=utf-8
      date:
      - Fri, 18 Dec 2020 07:33:43 GMT
      etag:
      - '"0502d67a-0000-0700-0000-5fdc5b580000"'
      expires:
      - '-1'
      pragma:
      - no-cache
      server:
      - istio-envoy
      strict-transport-security:
      - max-age=31536000; includeSubDomains
      transfer-encoding:
      - chunked
      vary:
      - Accept-Encoding
      x-content-type-options:
      - nosniff
      x-envoy-upstream-service-time:
      - '856'
      x-ms-ratelimit-remaining-subscription-writes:
      - '1196'
    status:
      code: 200
      message: OK
- request:
    body: null
    headers:
      Accept:
      - application/json
      Accept-Encoding:
      - gzip, deflate
      CommandName:
      - cognitiveservices account network-rule list
      Connection:
      - keep-alive
      ParameterSetName:
      - -n -g
      User-Agent:
      - python/3.8.6 (Windows-10-10.0.19041-SP0) msrest/0.6.18 msrest_azure/0.6.3
        azure-mgmt-cognitiveservices/6.3.0 Azure-SDK-For-Python AZURECLI/2.16.0
      accept-language:
      - en-US
    method: GET
    uri: https://management.azure.com/subscriptions/00000000-0000-0000-0000-000000000000/resourceGroups/clitest.rg000001/providers/Microsoft.CognitiveServices/accounts/cs_cli_test_000002?api-version=2017-04-18
  response:
    body:
      string: '{"id":"/subscriptions/00000000-0000-0000-0000-000000000000/resourceGroups/clitest.rg000001/providers/Microsoft.CognitiveServices/accounts/cs_cli_test_000002","name":"cs_cli_test_000002","type":"Microsoft.CognitiveServices/accounts","etag":"\"0502d67a-0000-0700-0000-5fdc5b580000\"","location":"westus","sku":{"name":"S0"},"kind":"Face","properties":{"endpoint":"https://csclitest000003.cognitiveservices.azure.com/","provisioningState":"Succeeded","internalId":"1e7abe5255954024ad78d5caba933f93","dateCreated":"2020-12-18T07:33:08.1623278Z","callRateLimit":{"rules":[{"key":"face","renewalPeriod":1,"count":15,"matchPatterns":[{"path":"face/v1.0/*","method":"*"}],"isDefault":false},{"key":"container.billing","renewalPeriod":10,"count":500,"matchPatterns":[{"path":"billing/*","method":"*"}],"isDefault":false},{"key":"default","renewalPeriod":1,"count":15,"matchPatterns":[{"path":"*","method":"*"}],"isDefault":true}]},"customSubDomainName":"csclitest000003","networkAcls":{"defaultAction":"Deny","virtualNetworkRules":[{"id":"/subscriptions/00000000-0000-0000-0000-000000000000/resourceGroups/clitest.rg000001/providers/Microsoft.Network/virtualNetworks/cs_cli_test_000002/subnets/default","ignoreMissingVnetServiceEndpoint":true},{"id":"/subscriptions/00000000-0000-0000-0000-000000000000/resourceGroups/clitest.rg000001/providers/Microsoft.Network/virtualNetworks/cs_cli_test_000002/subnets/subnet","ignoreMissingVnetServiceEndpoint":true}],"ipRules":[{"value":"100.0.0.0/24"}]},"privateEndpointConnections":[],"publicNetworkAccess":"Enabled","capabilities":[{"name":"VirtualNetworks"},{"name":"Container","value":"Face.*,Face.Face"}]}}'
    headers:
      cache-control:
      - no-cache
      content-length:
      - '1813'
      content-type:
      - application/json; charset=utf-8
      date:
      - Fri, 18 Dec 2020 07:33:44 GMT
      etag:
      - '"0502d67a-0000-0700-0000-5fdc5b580000"'
      expires:
      - '-1'
      pragma:
      - no-cache
      server:
      - istio-envoy
      strict-transport-security:
      - max-age=31536000; includeSubDomains
      transfer-encoding:
      - chunked
      vary:
      - Accept-Encoding
      x-content-type-options:
      - nosniff
      x-envoy-upstream-service-time:
      - '9'
    status:
      code: 200
      message: OK
- request:
    body: null
    headers:
      Accept:
      - application/json
      Accept-Encoding:
      - gzip, deflate
      CommandName:
      - cognitiveservices account network-rule remove
      Connection:
      - keep-alive
      ParameterSetName:
      - -n -g --ip-address
      User-Agent:
      - python/3.8.6 (Windows-10-10.0.19041-SP0) msrest/0.6.18 msrest_azure/0.6.3
        azure-mgmt-cognitiveservices/6.3.0 Azure-SDK-For-Python AZURECLI/2.16.0
      accept-language:
      - en-US
    method: GET
    uri: https://management.azure.com/subscriptions/00000000-0000-0000-0000-000000000000/resourceGroups/clitest.rg000001/providers/Microsoft.CognitiveServices/accounts/cs_cli_test_000002?api-version=2017-04-18
  response:
    body:
      string: '{"id":"/subscriptions/00000000-0000-0000-0000-000000000000/resourceGroups/clitest.rg000001/providers/Microsoft.CognitiveServices/accounts/cs_cli_test_000002","name":"cs_cli_test_000002","type":"Microsoft.CognitiveServices/accounts","etag":"\"0502d67a-0000-0700-0000-5fdc5b580000\"","location":"westus","sku":{"name":"S0"},"kind":"Face","properties":{"endpoint":"https://csclitest000003.cognitiveservices.azure.com/","provisioningState":"Succeeded","internalId":"1e7abe5255954024ad78d5caba933f93","dateCreated":"2020-12-18T07:33:08.1623278Z","callRateLimit":{"rules":[{"key":"face","renewalPeriod":1,"count":15,"matchPatterns":[{"path":"face/v1.0/*","method":"*"}],"isDefault":false},{"key":"container.billing","renewalPeriod":10,"count":500,"matchPatterns":[{"path":"billing/*","method":"*"}],"isDefault":false},{"key":"default","renewalPeriod":1,"count":15,"matchPatterns":[{"path":"*","method":"*"}],"isDefault":true}]},"customSubDomainName":"csclitest000003","networkAcls":{"defaultAction":"Deny","virtualNetworkRules":[{"id":"/subscriptions/00000000-0000-0000-0000-000000000000/resourceGroups/clitest.rg000001/providers/Microsoft.Network/virtualNetworks/cs_cli_test_000002/subnets/default","ignoreMissingVnetServiceEndpoint":true},{"id":"/subscriptions/00000000-0000-0000-0000-000000000000/resourceGroups/clitest.rg000001/providers/Microsoft.Network/virtualNetworks/cs_cli_test_000002/subnets/subnet","ignoreMissingVnetServiceEndpoint":true}],"ipRules":[{"value":"100.0.0.0/24"}]},"privateEndpointConnections":[],"publicNetworkAccess":"Enabled","capabilities":[{"name":"VirtualNetworks"},{"name":"Container","value":"Face.*,Face.Face"}]}}'
    headers:
      cache-control:
      - no-cache
      content-length:
      - '1813'
      content-type:
      - application/json; charset=utf-8
      date:
      - Fri, 18 Dec 2020 07:33:45 GMT
      etag:
      - '"0502d67a-0000-0700-0000-5fdc5b580000"'
      expires:
      - '-1'
      pragma:
      - no-cache
      server:
      - istio-envoy
      strict-transport-security:
      - max-age=31536000; includeSubDomains
      transfer-encoding:
      - chunked
      vary:
      - Accept-Encoding
      x-content-type-options:
      - nosniff
      x-envoy-upstream-service-time:
      - '8'
    status:
      code: 200
      message: OK
- request:
    body: '{"properties": {"networkAcls": {"defaultAction": "Deny", "ipRules": [],
      "virtualNetworkRules": [{"id": "/subscriptions/00000000-0000-0000-0000-000000000000/resourceGroups/clitest.rg000001/providers/Microsoft.Network/virtualNetworks/cs_cli_test_000002/subnets/default",
      "ignoreMissingVnetServiceEndpoint": true}, {"id": "/subscriptions/00000000-0000-0000-0000-000000000000/resourceGroups/clitest.rg000001/providers/Microsoft.Network/virtualNetworks/cs_cli_test_000002/subnets/subnet",
      "ignoreMissingVnetServiceEndpoint": true}]}}}'
    headers:
      Accept:
      - application/json
      Accept-Encoding:
      - gzip, deflate
      CommandName:
      - cognitiveservices account network-rule remove
      Connection:
      - keep-alive
      Content-Length:
      - '643'
      Content-Type:
      - application/json; charset=utf-8
      ParameterSetName:
      - -n -g --ip-address
      User-Agent:
      - python/3.8.6 (Windows-10-10.0.19041-SP0) msrest/0.6.18 msrest_azure/0.6.3
        azure-mgmt-cognitiveservices/6.3.0 Azure-SDK-For-Python AZURECLI/2.16.0
      accept-language:
      - en-US
    method: PATCH
    uri: https://management.azure.com/subscriptions/00000000-0000-0000-0000-000000000000/resourceGroups/clitest.rg000001/providers/Microsoft.CognitiveServices/accounts/cs_cli_test_000002?api-version=2017-04-18
  response:
    body:
      string: '{"id":"/subscriptions/00000000-0000-0000-0000-000000000000/resourceGroups/clitest.rg000001/providers/Microsoft.CognitiveServices/accounts/cs_cli_test_000002","name":"cs_cli_test_000002","type":"Microsoft.CognitiveServices/accounts","etag":"\"05022c7b-0000-0700-0000-5fdc5b5a0000\"","location":"westus","sku":{"name":"S0"},"kind":"Face","properties":{"endpoint":"https://csclitest000003.cognitiveservices.azure.com/","provisioningState":"Succeeded","internalId":"1e7abe5255954024ad78d5caba933f93","dateCreated":"2020-12-18T07:33:08.1623278Z","callRateLimit":{"rules":[{"key":"face","renewalPeriod":1,"count":15,"matchPatterns":[{"path":"face/v1.0/*","method":"*"}],"isDefault":false},{"key":"container.billing","renewalPeriod":10,"count":500,"matchPatterns":[{"path":"billing/*","method":"*"}],"isDefault":false},{"key":"default","renewalPeriod":1,"count":15,"matchPatterns":[{"path":"*","method":"*"}],"isDefault":true}]},"customSubDomainName":"csclitest000003","networkAcls":{"defaultAction":"Deny","virtualNetworkRules":[{"id":"/subscriptions/00000000-0000-0000-0000-000000000000/resourceGroups/clitest.rg000001/providers/Microsoft.Network/virtualNetworks/cs_cli_test_000002/subnets/default","ignoreMissingVnetServiceEndpoint":true},{"id":"/subscriptions/00000000-0000-0000-0000-000000000000/resourceGroups/clitest.rg000001/providers/Microsoft.Network/virtualNetworks/cs_cli_test_000002/subnets/subnet","ignoreMissingVnetServiceEndpoint":true}],"ipRules":[]},"privateEndpointConnections":[],"publicNetworkAccess":"Enabled","capabilities":[{"name":"VirtualNetworks"},{"name":"Container","value":"Face.*,Face.Face"}]}}'
    headers:
      cache-control:
      - no-cache
      content-length:
      - '1789'
      content-type:
      - application/json; charset=utf-8
      date:
      - Fri, 18 Dec 2020 07:33:46 GMT
      etag:
      - '"05022c7b-0000-0700-0000-5fdc5b5a0000"'
      expires:
      - '-1'
      pragma:
      - no-cache
      server:
      - istio-envoy
      strict-transport-security:
      - max-age=31536000; includeSubDomains
      transfer-encoding:
      - chunked
      vary:
      - Accept-Encoding
      x-content-type-options:
      - nosniff
      x-envoy-upstream-service-time:
      - '736'
      x-ms-ratelimit-remaining-subscription-writes:
      - '1196'
    status:
      code: 200
      message: OK
- request:
    body: null
    headers:
      Accept:
      - application/json
      Accept-Encoding:
      - gzip, deflate
      CommandName:
      - cognitiveservices account network-rule list
      Connection:
      - keep-alive
      ParameterSetName:
      - -n -g
      User-Agent:
      - python/3.8.6 (Windows-10-10.0.19041-SP0) msrest/0.6.18 msrest_azure/0.6.3
        azure-mgmt-cognitiveservices/6.3.0 Azure-SDK-For-Python AZURECLI/2.16.0
      accept-language:
      - en-US
    method: GET
    uri: https://management.azure.com/subscriptions/00000000-0000-0000-0000-000000000000/resourceGroups/clitest.rg000001/providers/Microsoft.CognitiveServices/accounts/cs_cli_test_000002?api-version=2017-04-18
  response:
    body:
      string: '{"id":"/subscriptions/00000000-0000-0000-0000-000000000000/resourceGroups/clitest.rg000001/providers/Microsoft.CognitiveServices/accounts/cs_cli_test_000002","name":"cs_cli_test_000002","type":"Microsoft.CognitiveServices/accounts","etag":"\"05022c7b-0000-0700-0000-5fdc5b5a0000\"","location":"westus","sku":{"name":"S0"},"kind":"Face","properties":{"endpoint":"https://csclitest000003.cognitiveservices.azure.com/","provisioningState":"Succeeded","internalId":"1e7abe5255954024ad78d5caba933f93","dateCreated":"2020-12-18T07:33:08.1623278Z","callRateLimit":{"rules":[{"key":"face","renewalPeriod":1,"count":15,"matchPatterns":[{"path":"face/v1.0/*","method":"*"}],"isDefault":false},{"key":"container.billing","renewalPeriod":10,"count":500,"matchPatterns":[{"path":"billing/*","method":"*"}],"isDefault":false},{"key":"default","renewalPeriod":1,"count":15,"matchPatterns":[{"path":"*","method":"*"}],"isDefault":true}]},"customSubDomainName":"csclitest000003","networkAcls":{"defaultAction":"Deny","virtualNetworkRules":[{"id":"/subscriptions/00000000-0000-0000-0000-000000000000/resourceGroups/clitest.rg000001/providers/Microsoft.Network/virtualNetworks/cs_cli_test_000002/subnets/default","ignoreMissingVnetServiceEndpoint":true},{"id":"/subscriptions/00000000-0000-0000-0000-000000000000/resourceGroups/clitest.rg000001/providers/Microsoft.Network/virtualNetworks/cs_cli_test_000002/subnets/subnet","ignoreMissingVnetServiceEndpoint":true}],"ipRules":[]},"privateEndpointConnections":[],"publicNetworkAccess":"Enabled","capabilities":[{"name":"VirtualNetworks"},{"name":"Container","value":"Face.*,Face.Face"}]}}'
    headers:
      cache-control:
      - no-cache
      content-length:
      - '1789'
      content-type:
      - application/json; charset=utf-8
      date:
      - Fri, 18 Dec 2020 07:33:47 GMT
      etag:
      - '"05022c7b-0000-0700-0000-5fdc5b5a0000"'
      expires:
      - '-1'
      pragma:
      - no-cache
      server:
      - istio-envoy
      strict-transport-security:
      - max-age=31536000; includeSubDomains
      transfer-encoding:
      - chunked
      vary:
      - Accept-Encoding
      x-content-type-options:
      - nosniff
      x-envoy-upstream-service-time:
      - '10'
    status:
      code: 200
      message: OK
- request:
    body: null
    headers:
      Accept:
      - application/json
      Accept-Encoding:
      - gzip, deflate
      CommandName:
      - cognitiveservices account network-rule remove
      Connection:
      - keep-alive
      ParameterSetName:
      - -n -g --subnet
      User-Agent:
      - python/3.8.6 (Windows-10-10.0.19041-SP0) msrest/0.6.18 msrest_azure/0.6.3
        azure-mgmt-cognitiveservices/6.3.0 Azure-SDK-For-Python AZURECLI/2.16.0
      accept-language:
      - en-US
    method: GET
    uri: https://management.azure.com/subscriptions/00000000-0000-0000-0000-000000000000/resourceGroups/clitest.rg000001/providers/Microsoft.CognitiveServices/accounts/cs_cli_test_000002?api-version=2017-04-18
  response:
    body:
      string: '{"id":"/subscriptions/00000000-0000-0000-0000-000000000000/resourceGroups/clitest.rg000001/providers/Microsoft.CognitiveServices/accounts/cs_cli_test_000002","name":"cs_cli_test_000002","type":"Microsoft.CognitiveServices/accounts","etag":"\"05022c7b-0000-0700-0000-5fdc5b5a0000\"","location":"westus","sku":{"name":"S0"},"kind":"Face","properties":{"endpoint":"https://csclitest000003.cognitiveservices.azure.com/","provisioningState":"Succeeded","internalId":"1e7abe5255954024ad78d5caba933f93","dateCreated":"2020-12-18T07:33:08.1623278Z","callRateLimit":{"rules":[{"key":"face","renewalPeriod":1,"count":15,"matchPatterns":[{"path":"face/v1.0/*","method":"*"}],"isDefault":false},{"key":"container.billing","renewalPeriod":10,"count":500,"matchPatterns":[{"path":"billing/*","method":"*"}],"isDefault":false},{"key":"default","renewalPeriod":1,"count":15,"matchPatterns":[{"path":"*","method":"*"}],"isDefault":true}]},"customSubDomainName":"csclitest000003","networkAcls":{"defaultAction":"Deny","virtualNetworkRules":[{"id":"/subscriptions/00000000-0000-0000-0000-000000000000/resourceGroups/clitest.rg000001/providers/Microsoft.Network/virtualNetworks/cs_cli_test_000002/subnets/default","ignoreMissingVnetServiceEndpoint":true},{"id":"/subscriptions/00000000-0000-0000-0000-000000000000/resourceGroups/clitest.rg000001/providers/Microsoft.Network/virtualNetworks/cs_cli_test_000002/subnets/subnet","ignoreMissingVnetServiceEndpoint":true}],"ipRules":[]},"privateEndpointConnections":[],"publicNetworkAccess":"Enabled","capabilities":[{"name":"VirtualNetworks"},{"name":"Container","value":"Face.*,Face.Face"}]}}'
    headers:
      cache-control:
      - no-cache
      content-length:
      - '1789'
      content-type:
      - application/json; charset=utf-8
      date:
      - Fri, 18 Dec 2020 07:33:47 GMT
      etag:
      - '"05022c7b-0000-0700-0000-5fdc5b5a0000"'
      expires:
      - '-1'
      pragma:
      - no-cache
      server:
      - istio-envoy
      strict-transport-security:
      - max-age=31536000; includeSubDomains
      transfer-encoding:
      - chunked
      vary:
      - Accept-Encoding
      x-content-type-options:
      - nosniff
      x-envoy-upstream-service-time:
      - '9'
    status:
      code: 200
      message: OK
- request:
    body: '{"properties": {"networkAcls": {"defaultAction": "Deny", "ipRules": [],
      "virtualNetworkRules": [{"id": "/subscriptions/00000000-0000-0000-0000-000000000000/resourceGroups/clitest.rg000001/providers/Microsoft.Network/virtualNetworks/cs_cli_test_000002/subnets/subnet",
      "ignoreMissingVnetServiceEndpoint": true}]}}}'
    headers:
      Accept:
      - application/json
      Accept-Encoding:
      - gzip, deflate
      CommandName:
      - cognitiveservices account network-rule remove
      Connection:
      - keep-alive
      Content-Length:
      - '370'
      Content-Type:
      - application/json; charset=utf-8
      ParameterSetName:
      - -n -g --subnet
      User-Agent:
      - python/3.8.6 (Windows-10-10.0.19041-SP0) msrest/0.6.18 msrest_azure/0.6.3
        azure-mgmt-cognitiveservices/6.3.0 Azure-SDK-For-Python AZURECLI/2.16.0
      accept-language:
      - en-US
    method: PATCH
    uri: https://management.azure.com/subscriptions/00000000-0000-0000-0000-000000000000/resourceGroups/clitest.rg000001/providers/Microsoft.CognitiveServices/accounts/cs_cli_test_000002?api-version=2017-04-18
  response:
    body:
      string: '{"id":"/subscriptions/00000000-0000-0000-0000-000000000000/resourceGroups/clitest.rg000001/providers/Microsoft.CognitiveServices/accounts/cs_cli_test_000002","name":"cs_cli_test_000002","type":"Microsoft.CognitiveServices/accounts","etag":"\"05026a7b-0000-0700-0000-5fdc5b5d0000\"","location":"westus","sku":{"name":"S0"},"kind":"Face","properties":{"endpoint":"https://csclitest000003.cognitiveservices.azure.com/","provisioningState":"Succeeded","internalId":"1e7abe5255954024ad78d5caba933f93","dateCreated":"2020-12-18T07:33:08.1623278Z","callRateLimit":{"rules":[{"key":"face","renewalPeriod":1,"count":15,"matchPatterns":[{"path":"face/v1.0/*","method":"*"}],"isDefault":false},{"key":"container.billing","renewalPeriod":10,"count":500,"matchPatterns":[{"path":"billing/*","method":"*"}],"isDefault":false},{"key":"default","renewalPeriod":1,"count":15,"matchPatterns":[{"path":"*","method":"*"}],"isDefault":true}]},"customSubDomainName":"csclitest000003","networkAcls":{"defaultAction":"Deny","virtualNetworkRules":[{"id":"/subscriptions/00000000-0000-0000-0000-000000000000/resourceGroups/clitest.rg000001/providers/Microsoft.Network/virtualNetworks/cs_cli_test_000002/subnets/subnet","ignoreMissingVnetServiceEndpoint":true}],"ipRules":[]},"privateEndpointConnections":[],"publicNetworkAccess":"Enabled","capabilities":[{"name":"VirtualNetworks"},{"name":"Container","value":"Face.*,Face.Face"}]}}'
    headers:
      cache-control:
      - no-cache
      content-length:
      - '1520'
      content-type:
      - application/json; charset=utf-8
      date:
      - Fri, 18 Dec 2020 07:33:49 GMT
      etag:
      - '"05026a7b-0000-0700-0000-5fdc5b5d0000"'
      expires:
      - '-1'
      pragma:
      - no-cache
      server:
      - istio-envoy
      strict-transport-security:
      - max-age=31536000; includeSubDomains
      transfer-encoding:
      - chunked
      vary:
      - Accept-Encoding
      x-content-type-options:
      - nosniff
      x-envoy-upstream-service-time:
      - '676'
      x-ms-ratelimit-remaining-subscription-writes:
      - '1193'
    status:
      code: 200
      message: OK
- request:
    body: null
    headers:
      Accept:
      - application/json
      Accept-Encoding:
      - gzip, deflate
      CommandName:
      - cognitiveservices account network-rule list
      Connection:
      - keep-alive
      ParameterSetName:
      - -n -g
      User-Agent:
      - python/3.8.6 (Windows-10-10.0.19041-SP0) msrest/0.6.18 msrest_azure/0.6.3
        azure-mgmt-cognitiveservices/6.3.0 Azure-SDK-For-Python AZURECLI/2.16.0
      accept-language:
      - en-US
    method: GET
    uri: https://management.azure.com/subscriptions/00000000-0000-0000-0000-000000000000/resourceGroups/clitest.rg000001/providers/Microsoft.CognitiveServices/accounts/cs_cli_test_000002?api-version=2017-04-18
  response:
    body:
      string: '{"id":"/subscriptions/00000000-0000-0000-0000-000000000000/resourceGroups/clitest.rg000001/providers/Microsoft.CognitiveServices/accounts/cs_cli_test_000002","name":"cs_cli_test_000002","type":"Microsoft.CognitiveServices/accounts","etag":"\"05026a7b-0000-0700-0000-5fdc5b5d0000\"","location":"westus","sku":{"name":"S0"},"kind":"Face","properties":{"endpoint":"https://csclitest000003.cognitiveservices.azure.com/","provisioningState":"Succeeded","internalId":"1e7abe5255954024ad78d5caba933f93","dateCreated":"2020-12-18T07:33:08.1623278Z","callRateLimit":{"rules":[{"key":"face","renewalPeriod":1,"count":15,"matchPatterns":[{"path":"face/v1.0/*","method":"*"}],"isDefault":false},{"key":"container.billing","renewalPeriod":10,"count":500,"matchPatterns":[{"path":"billing/*","method":"*"}],"isDefault":false},{"key":"default","renewalPeriod":1,"count":15,"matchPatterns":[{"path":"*","method":"*"}],"isDefault":true}]},"customSubDomainName":"csclitest000003","networkAcls":{"defaultAction":"Deny","virtualNetworkRules":[{"id":"/subscriptions/00000000-0000-0000-0000-000000000000/resourceGroups/clitest.rg000001/providers/Microsoft.Network/virtualNetworks/cs_cli_test_000002/subnets/subnet","ignoreMissingVnetServiceEndpoint":true}],"ipRules":[]},"privateEndpointConnections":[],"publicNetworkAccess":"Enabled","capabilities":[{"name":"VirtualNetworks"},{"name":"Container","value":"Face.*,Face.Face"}]}}'
    headers:
      cache-control:
      - no-cache
      content-length:
      - '1520'
      content-type:
      - application/json; charset=utf-8
      date:
      - Fri, 18 Dec 2020 07:33:49 GMT
      etag:
      - '"05026a7b-0000-0700-0000-5fdc5b5d0000"'
      expires:
      - '-1'
      pragma:
      - no-cache
      server:
      - istio-envoy
      strict-transport-security:
      - max-age=31536000; includeSubDomains
      transfer-encoding:
      - chunked
      vary:
      - Accept-Encoding
      x-content-type-options:
      - nosniff
      x-envoy-upstream-service-time:
      - '9'
    status:
      code: 200
      message: OK
- request:
    body: null
    headers:
      Accept:
      - application/json
      Accept-Encoding:
      - gzip, deflate
      CommandName:
      - cognitiveservices account network-rule remove
      Connection:
      - keep-alive
      ParameterSetName:
      - -n -g --subnet --vnet-name
      User-Agent:
      - python/3.8.6 (Windows-10-10.0.19041-SP0) msrest/0.6.18 msrest_azure/0.6.3
        azure-mgmt-cognitiveservices/6.3.0 Azure-SDK-For-Python AZURECLI/2.16.0
      accept-language:
      - en-US
    method: GET
    uri: https://management.azure.com/subscriptions/00000000-0000-0000-0000-000000000000/resourceGroups/clitest.rg000001/providers/Microsoft.CognitiveServices/accounts/cs_cli_test_000002?api-version=2017-04-18
  response:
    body:
      string: '{"id":"/subscriptions/00000000-0000-0000-0000-000000000000/resourceGroups/clitest.rg000001/providers/Microsoft.CognitiveServices/accounts/cs_cli_test_000002","name":"cs_cli_test_000002","type":"Microsoft.CognitiveServices/accounts","etag":"\"05026a7b-0000-0700-0000-5fdc5b5d0000\"","location":"westus","sku":{"name":"S0"},"kind":"Face","properties":{"endpoint":"https://csclitest000003.cognitiveservices.azure.com/","provisioningState":"Succeeded","internalId":"1e7abe5255954024ad78d5caba933f93","dateCreated":"2020-12-18T07:33:08.1623278Z","callRateLimit":{"rules":[{"key":"face","renewalPeriod":1,"count":15,"matchPatterns":[{"path":"face/v1.0/*","method":"*"}],"isDefault":false},{"key":"container.billing","renewalPeriod":10,"count":500,"matchPatterns":[{"path":"billing/*","method":"*"}],"isDefault":false},{"key":"default","renewalPeriod":1,"count":15,"matchPatterns":[{"path":"*","method":"*"}],"isDefault":true}]},"customSubDomainName":"csclitest000003","networkAcls":{"defaultAction":"Deny","virtualNetworkRules":[{"id":"/subscriptions/00000000-0000-0000-0000-000000000000/resourceGroups/clitest.rg000001/providers/Microsoft.Network/virtualNetworks/cs_cli_test_000002/subnets/subnet","ignoreMissingVnetServiceEndpoint":true}],"ipRules":[]},"privateEndpointConnections":[],"publicNetworkAccess":"Enabled","capabilities":[{"name":"VirtualNetworks"},{"name":"Container","value":"Face.*,Face.Face"}]}}'
    headers:
      cache-control:
      - no-cache
      content-length:
      - '1520'
      content-type:
      - application/json; charset=utf-8
      date:
      - Fri, 18 Dec 2020 07:33:50 GMT
      etag:
      - '"05026a7b-0000-0700-0000-5fdc5b5d0000"'
      expires:
      - '-1'
      pragma:
      - no-cache
      server:
      - istio-envoy
      strict-transport-security:
      - max-age=31536000; includeSubDomains
      transfer-encoding:
      - chunked
      vary:
      - Accept-Encoding
      x-content-type-options:
      - nosniff
      x-envoy-upstream-service-time:
      - '8'
    status:
      code: 200
      message: OK
- request:
    body: '{"properties": {"networkAcls": {"defaultAction": "Deny", "ipRules": [],
      "virtualNetworkRules": []}}}'
    headers:
      Accept:
      - application/json
      Accept-Encoding:
      - gzip, deflate
      CommandName:
      - cognitiveservices account network-rule remove
      Connection:
      - keep-alive
      Content-Length:
      - '100'
      Content-Type:
      - application/json; charset=utf-8
      ParameterSetName:
      - -n -g --subnet --vnet-name
      User-Agent:
      - python/3.8.6 (Windows-10-10.0.19041-SP0) msrest/0.6.18 msrest_azure/0.6.3
        azure-mgmt-cognitiveservices/6.3.0 Azure-SDK-For-Python AZURECLI/2.16.0
      accept-language:
      - en-US
    method: PATCH
    uri: https://management.azure.com/subscriptions/00000000-0000-0000-0000-000000000000/resourceGroups/clitest.rg000001/providers/Microsoft.CognitiveServices/accounts/cs_cli_test_000002?api-version=2017-04-18
  response:
    body:
      string: '{"id":"/subscriptions/00000000-0000-0000-0000-000000000000/resourceGroups/clitest.rg000001/providers/Microsoft.CognitiveServices/accounts/cs_cli_test_000002","name":"cs_cli_test_000002","type":"Microsoft.CognitiveServices/accounts","etag":"\"05020e7d-0000-0700-0000-5fdc5b6b0000\"","location":"westus","sku":{"name":"S0"},"kind":"Face","properties":{"endpoint":"https://csclitest000003.cognitiveservices.azure.com/","provisioningState":"Succeeded","internalId":"1e7abe5255954024ad78d5caba933f93","dateCreated":"2020-12-18T07:33:08.1623278Z","callRateLimit":{"rules":[{"key":"face","renewalPeriod":1,"count":15,"matchPatterns":[{"path":"face/v1.0/*","method":"*"}],"isDefault":false},{"key":"container.billing","renewalPeriod":10,"count":500,"matchPatterns":[{"path":"billing/*","method":"*"}],"isDefault":false},{"key":"default","renewalPeriod":1,"count":15,"matchPatterns":[{"path":"*","method":"*"}],"isDefault":true}]},"customSubDomainName":"csclitest000003","networkAcls":{"defaultAction":"Deny","virtualNetworkRules":[],"ipRules":[]},"privateEndpointConnections":[],"publicNetworkAccess":"Enabled","capabilities":[{"name":"VirtualNetworks"},{"name":"Container","value":"Face.*,Face.Face"}]}}'
    headers:
      cache-control:
      - no-cache
      content-length:
      - '1253'
      content-type:
      - application/json; charset=utf-8
      date:
      - Fri, 18 Dec 2020 07:34:03 GMT
      etag:
      - '"05020e7d-0000-0700-0000-5fdc5b6b0000"'
      expires:
      - '-1'
      pragma:
      - no-cache
      server:
      - istio-envoy
      strict-transport-security:
      - max-age=31536000; includeSubDomains
      transfer-encoding:
      - chunked
      vary:
      - Accept-Encoding
      x-content-type-options:
      - nosniff
      x-envoy-upstream-service-time:
      - '11902'
      x-ms-ratelimit-remaining-subscription-writes:
      - '1191'
    status:
      code: 200
      message: OK
- request:
    body: null
    headers:
      Accept:
      - application/json
      Accept-Encoding:
      - gzip, deflate
      CommandName:
      - cognitiveservices account network-rule list
      Connection:
      - keep-alive
      ParameterSetName:
      - -n -g
      User-Agent:
      - python/3.8.6 (Windows-10-10.0.19041-SP0) msrest/0.6.18 msrest_azure/0.6.3
        azure-mgmt-cognitiveservices/6.3.0 Azure-SDK-For-Python AZURECLI/2.16.0
      accept-language:
      - en-US
    method: GET
    uri: https://management.azure.com/subscriptions/00000000-0000-0000-0000-000000000000/resourceGroups/clitest.rg000001/providers/Microsoft.CognitiveServices/accounts/cs_cli_test_000002?api-version=2017-04-18
  response:
    body:
      string: '{"id":"/subscriptions/00000000-0000-0000-0000-000000000000/resourceGroups/clitest.rg000001/providers/Microsoft.CognitiveServices/accounts/cs_cli_test_000002","name":"cs_cli_test_000002","type":"Microsoft.CognitiveServices/accounts","etag":"\"05020e7d-0000-0700-0000-5fdc5b6b0000\"","location":"westus","sku":{"name":"S0"},"kind":"Face","properties":{"endpoint":"https://csclitest000003.cognitiveservices.azure.com/","provisioningState":"Succeeded","internalId":"1e7abe5255954024ad78d5caba933f93","dateCreated":"2020-12-18T07:33:08.1623278Z","callRateLimit":{"rules":[{"key":"face","renewalPeriod":1,"count":15,"matchPatterns":[{"path":"face/v1.0/*","method":"*"}],"isDefault":false},{"key":"container.billing","renewalPeriod":10,"count":500,"matchPatterns":[{"path":"billing/*","method":"*"}],"isDefault":false},{"key":"default","renewalPeriod":1,"count":15,"matchPatterns":[{"path":"*","method":"*"}],"isDefault":true}]},"customSubDomainName":"csclitest000003","networkAcls":{"defaultAction":"Deny","virtualNetworkRules":[],"ipRules":[]},"privateEndpointConnections":[],"publicNetworkAccess":"Enabled","capabilities":[{"name":"VirtualNetworks"},{"name":"Container","value":"Face.*,Face.Face"}]}}'
    headers:
      cache-control:
      - no-cache
      content-length:
      - '1253'
      content-type:
      - application/json; charset=utf-8
      date:
      - Fri, 18 Dec 2020 07:34:03 GMT
      etag:
      - '"05020e7d-0000-0700-0000-5fdc5b6b0000"'
      expires:
      - '-1'
      pragma:
      - no-cache
      server:
      - istio-envoy
      strict-transport-security:
      - max-age=31536000; includeSubDomains
      transfer-encoding:
      - chunked
      vary:
      - Accept-Encoding
      x-content-type-options:
      - nosniff
      x-envoy-upstream-service-time:
      - '12'
    status:
      code: 200
      message: OK
- request:
    body: null
    headers:
      Accept:
      - application/json
      Accept-Encoding:
      - gzip, deflate
      CommandName:
      - cognitiveservices account network-rule remove
      Connection:
      - keep-alive
      ParameterSetName:
      - -n -g --subnet --vnet-name
      User-Agent:
      - python/3.8.6 (Windows-10-10.0.19041-SP0) msrest/0.6.18 msrest_azure/0.6.3
        azure-mgmt-cognitiveservices/6.3.0 Azure-SDK-For-Python AZURECLI/2.16.0
      accept-language:
      - en-US
    method: GET
    uri: https://management.azure.com/subscriptions/00000000-0000-0000-0000-000000000000/resourceGroups/clitest.rg000001/providers/Microsoft.CognitiveServices/accounts/cs_cli_test_000002?api-version=2017-04-18
  response:
    body:
      string: '{"id":"/subscriptions/00000000-0000-0000-0000-000000000000/resourceGroups/clitest.rg000001/providers/Microsoft.CognitiveServices/accounts/cs_cli_test_000002","name":"cs_cli_test_000002","type":"Microsoft.CognitiveServices/accounts","etag":"\"05020e7d-0000-0700-0000-5fdc5b6b0000\"","location":"westus","sku":{"name":"S0"},"kind":"Face","properties":{"endpoint":"https://csclitest000003.cognitiveservices.azure.com/","provisioningState":"Succeeded","internalId":"1e7abe5255954024ad78d5caba933f93","dateCreated":"2020-12-18T07:33:08.1623278Z","callRateLimit":{"rules":[{"key":"face","renewalPeriod":1,"count":15,"matchPatterns":[{"path":"face/v1.0/*","method":"*"}],"isDefault":false},{"key":"container.billing","renewalPeriod":10,"count":500,"matchPatterns":[{"path":"billing/*","method":"*"}],"isDefault":false},{"key":"default","renewalPeriod":1,"count":15,"matchPatterns":[{"path":"*","method":"*"}],"isDefault":true}]},"customSubDomainName":"csclitest000003","networkAcls":{"defaultAction":"Deny","virtualNetworkRules":[],"ipRules":[]},"privateEndpointConnections":[],"publicNetworkAccess":"Enabled","capabilities":[{"name":"VirtualNetworks"},{"name":"Container","value":"Face.*,Face.Face"}]}}'
    headers:
      cache-control:
      - no-cache
      content-length:
      - '1253'
      content-type:
      - application/json; charset=utf-8
      date:
      - Fri, 18 Dec 2020 07:34:04 GMT
      etag:
      - '"05020e7d-0000-0700-0000-5fdc5b6b0000"'
      expires:
      - '-1'
      pragma:
      - no-cache
      server:
      - istio-envoy
      strict-transport-security:
      - max-age=31536000; includeSubDomains
      transfer-encoding:
      - chunked
      vary:
      - Accept-Encoding
      x-content-type-options:
      - nosniff
      x-envoy-upstream-service-time:
      - '9'
    status:
      code: 200
      message: OK
- request:
    body: '{"properties": {"networkAcls": {"defaultAction": "Deny", "ipRules": [],
      "virtualNetworkRules": []}}}'
    headers:
      Accept:
      - application/json
      Accept-Encoding:
      - gzip, deflate
      CommandName:
      - cognitiveservices account network-rule remove
      Connection:
      - keep-alive
      Content-Length:
      - '100'
      Content-Type:
      - application/json; charset=utf-8
      ParameterSetName:
      - -n -g --subnet --vnet-name
      User-Agent:
      - python/3.8.6 (Windows-10-10.0.19041-SP0) msrest/0.6.18 msrest_azure/0.6.3
        azure-mgmt-cognitiveservices/6.3.0 Azure-SDK-For-Python AZURECLI/2.16.0
      accept-language:
      - en-US
    method: PATCH
    uri: https://management.azure.com/subscriptions/00000000-0000-0000-0000-000000000000/resourceGroups/clitest.rg000001/providers/Microsoft.CognitiveServices/accounts/cs_cli_test_000002?api-version=2017-04-18
  response:
    body:
      string: '{"id":"/subscriptions/00000000-0000-0000-0000-000000000000/resourceGroups/clitest.rg000001/providers/Microsoft.CognitiveServices/accounts/cs_cli_test_000002","name":"cs_cli_test_000002","type":"Microsoft.CognitiveServices/accounts","etag":"\"05025d7d-0000-0700-0000-5fdc5b6d0000\"","location":"westus","sku":{"name":"S0"},"kind":"Face","properties":{"endpoint":"https://csclitest000003.cognitiveservices.azure.com/","provisioningState":"Succeeded","internalId":"1e7abe5255954024ad78d5caba933f93","dateCreated":"2020-12-18T07:33:08.1623278Z","callRateLimit":{"rules":[{"key":"face","renewalPeriod":1,"count":15,"matchPatterns":[{"path":"face/v1.0/*","method":"*"}],"isDefault":false},{"key":"container.billing","renewalPeriod":10,"count":500,"matchPatterns":[{"path":"billing/*","method":"*"}],"isDefault":false},{"key":"default","renewalPeriod":1,"count":15,"matchPatterns":[{"path":"*","method":"*"}],"isDefault":true}]},"customSubDomainName":"csclitest000003","networkAcls":{"defaultAction":"Deny","virtualNetworkRules":[],"ipRules":[]},"privateEndpointConnections":[],"publicNetworkAccess":"Enabled","capabilities":[{"name":"VirtualNetworks"},{"name":"Container","value":"Face.*,Face.Face"}]}}'
    headers:
      cache-control:
      - no-cache
      content-length:
      - '1253'
      content-type:
      - application/json; charset=utf-8
      date:
      - Fri, 18 Dec 2020 07:34:05 GMT
      etag:
      - '"05025d7d-0000-0700-0000-5fdc5b6d0000"'
      expires:
      - '-1'
      pragma:
      - no-cache
      server:
      - istio-envoy
      strict-transport-security:
      - max-age=31536000; includeSubDomains
      transfer-encoding:
      - chunked
      vary:
      - Accept-Encoding
      x-content-type-options:
      - nosniff
      x-envoy-upstream-service-time:
      - '178'
      x-ms-ratelimit-remaining-subscription-writes:
      - '1195'
    status:
      code: 200
      message: OK
- request:
    body: null
    headers:
      Accept:
      - application/json
      Accept-Encoding:
      - gzip, deflate
      CommandName:
      - cognitiveservices account network-rule list
      Connection:
      - keep-alive
      ParameterSetName:
      - -n -g
      User-Agent:
      - python/3.8.6 (Windows-10-10.0.19041-SP0) msrest/0.6.18 msrest_azure/0.6.3
        azure-mgmt-cognitiveservices/6.3.0 Azure-SDK-For-Python AZURECLI/2.16.0
      accept-language:
      - en-US
    method: GET
    uri: https://management.azure.com/subscriptions/00000000-0000-0000-0000-000000000000/resourceGroups/clitest.rg000001/providers/Microsoft.CognitiveServices/accounts/cs_cli_test_000002?api-version=2017-04-18
  response:
    body:
      string: '{"id":"/subscriptions/00000000-0000-0000-0000-000000000000/resourceGroups/clitest.rg000001/providers/Microsoft.CognitiveServices/accounts/cs_cli_test_000002","name":"cs_cli_test_000002","type":"Microsoft.CognitiveServices/accounts","etag":"\"05025d7d-0000-0700-0000-5fdc5b6d0000\"","location":"westus","sku":{"name":"S0"},"kind":"Face","properties":{"endpoint":"https://csclitest000003.cognitiveservices.azure.com/","provisioningState":"Succeeded","internalId":"1e7abe5255954024ad78d5caba933f93","dateCreated":"2020-12-18T07:33:08.1623278Z","callRateLimit":{"rules":[{"key":"face","renewalPeriod":1,"count":15,"matchPatterns":[{"path":"face/v1.0/*","method":"*"}],"isDefault":false},{"key":"container.billing","renewalPeriod":10,"count":500,"matchPatterns":[{"path":"billing/*","method":"*"}],"isDefault":false},{"key":"default","renewalPeriod":1,"count":15,"matchPatterns":[{"path":"*","method":"*"}],"isDefault":true}]},"customSubDomainName":"csclitest000003","networkAcls":{"defaultAction":"Deny","virtualNetworkRules":[],"ipRules":[]},"privateEndpointConnections":[],"publicNetworkAccess":"Enabled","capabilities":[{"name":"VirtualNetworks"},{"name":"Container","value":"Face.*,Face.Face"}]}}'
    headers:
      cache-control:
      - no-cache
      content-length:
      - '1253'
      content-type:
      - application/json; charset=utf-8
      date:
      - Fri, 18 Dec 2020 07:34:06 GMT
      etag:
      - '"05025d7d-0000-0700-0000-5fdc5b6d0000"'
      expires:
      - '-1'
      pragma:
      - no-cache
      server:
      - istio-envoy
      strict-transport-security:
      - max-age=31536000; includeSubDomains
      transfer-encoding:
      - chunked
      vary:
      - Accept-Encoding
      x-content-type-options:
      - nosniff
      x-envoy-upstream-service-time:
      - '10'
    status:
      code: 200
      message: OK
- request:
    body: null
    headers:
      Accept:
      - application/json
      Accept-Encoding:
      - gzip, deflate
      CommandName:
      - cognitiveservices account delete
      Connection:
      - keep-alive
      Content-Length:
      - '0'
      ParameterSetName:
      - -n -g
      User-Agent:
      - python/3.8.6 (Windows-10-10.0.19041-SP0) msrest/0.6.18 msrest_azure/0.6.3
        azure-mgmt-cognitiveservices/6.3.0 Azure-SDK-For-Python AZURECLI/2.16.0
      accept-language:
      - en-US
    method: DELETE
    uri: https://management.azure.com/subscriptions/00000000-0000-0000-0000-000000000000/resourceGroups/clitest.rg000001/providers/Microsoft.CognitiveServices/accounts/cs_cli_test_000002?api-version=2017-04-18
  response:
    body:
      string: ''
    headers:
      cache-control:
      - no-cache
      content-length:
      - '0'
      date:
      - Fri, 18 Dec 2020 07:34:13 GMT
      expires:
      - '-1'
      pragma:
      - no-cache
      server:
      - istio-envoy
      strict-transport-security:
      - max-age=31536000; includeSubDomains
      x-content-type-options:
      - nosniff
      x-envoy-upstream-service-time:
      - '2668'
      x-ms-ratelimit-remaining-subscription-deletes:
      - '14999'
    status:
      code: 200
      message: OK
version: 1
