interactions:
- request:
    body: '{"kind": "Face", "sku": {"name": "E0"}, "identity": {"type": "SystemAssigned"},
      "location": "centraluseuap", "properties": {}}'
    headers:
      Accept:
      - application/json
      Accept-Encoding:
      - gzip, deflate
      CommandName:
      - cognitiveservices account create
      Connection:
      - keep-alive
      Content-Length:
      - '126'
      Content-Type:
      - application/json
      ParameterSetName:
      - -n -g --kind --sku -l --assign-identity --yes
      User-Agent:
      - AZURECLI/2.24.0 azsdk-python-mgmt-cognitiveservices/12.0.0 Python/3.8.8 (Windows-10-10.0.19041-SP0)
    method: PUT
    uri: https://management.azure.com/subscriptions/00000000-0000-0000-0000-000000000000/resourceGroups/clitest.rg000001/providers/Microsoft.CognitiveServices/accounts/cs_cli_test_000002?api-version=2021-04-30
  response:
    body:
      string: '{"id":"/subscriptions/00000000-0000-0000-0000-000000000000/resourceGroups/clitest.rg000001/providers/Microsoft.CognitiveServices/accounts/cs_cli_test_000002","name":"cs_cli_test_000002","type":"Microsoft.CognitiveServices/accounts","etag":"\"00005a78-0000-3300-0000-60c807680000\"","systemData":{"createdBy":"v-jiechen@microsoft.com","createdByType":"User","createdAt":"2021-06-15T01:50:26.9421712Z","lastModifiedBy":"v-jiechen@microsoft.com","lastModifiedByType":"User","lastModifiedAt":"2021-06-15T01:50:26.9421712Z"},"location":"centraluseuap","sku":{"name":"E0"},"kind":"Face","properties":{"endpoint":"https://centraluseuap.api.cognitive.microsoft.com/","dateCreated":"2021-06-15T01:50:32.9377705Z","callRateLimit":{"rules":[{"key":"face","renewalPeriod":1,"count":15,"dynamicThrottlingEnabled":false,"matchPatterns":[{"path":"face/*","method":"*"}]},{"key":"container.billing","renewalPeriod":10,"count":500,"dynamicThrottlingEnabled":false,"matchPatterns":[{"path":"billing/*","method":"*"}]},{"key":"default","renewalPeriod":1,"count":15,"dynamicThrottlingEnabled":false,"matchPatterns":[{"path":"*","method":"*"}]}]},"privateEndpointConnections":[],"publicNetworkAccess":"Enabled","capabilities":[{"name":"VirtualNetworks"},{"name":"Container","value":"Face.*,Face.Face"},{"name":"CustomerManagedKey"}],"endpoints":{"face":"https://centraluseuap.api.cognitive.microsoft.com/"},"provisioningState":"Creating"},"identity":{"principalId":"42d60acb-bda8-4276-be01-5b7402fdb7f9","tenantId":"54826b22-38d6-4fb2-bad9-b7b93a3e9c5a","type":"SystemAssigned","userAssignedIdentities":{}}}'
    headers:
      azure-asyncoperation:
      - https://management.azure.com/subscriptions/00000000-0000-0000-0000-000000000000/providers/Microsoft.CognitiveServices/locations/centraluseuap/operationResults/d9a8a4f7-a6bc-468e-88fe-b34c73d1a34a?api-version=2017-04-18
      cache-control:
      - no-cache
      content-length:
      - '1641'
      content-type:
      - application/json; charset=utf-8
      date:
      - Tue, 15 Jun 2021 01:50:34 GMT
      etag:
      - '"00005a78-0000-3300-0000-60c807680000"'
      expires:
      - '-1'
      pragma:
      - no-cache
      server:
      - istio-envoy
      strict-transport-security:
      - max-age=31536000; includeSubDomains
      x-content-type-options:
      - nosniff
      x-envoy-upstream-service-time:
      - '256'
      x-ms-ratelimit-remaining-subscription-writes:
      - '1197'
    status:
      code: 201
      message: Created
- request:
    body: null
    headers:
      Accept:
      - '*/*'
      Accept-Encoding:
      - gzip, deflate
      CommandName:
      - cognitiveservices account create
      Connection:
      - keep-alive
      ParameterSetName:
      - -n -g --kind --sku -l --assign-identity --yes
      User-Agent:
      - AZURECLI/2.24.0 azsdk-python-mgmt-cognitiveservices/12.0.0 Python/3.8.8 (Windows-10-10.0.19041-SP0)
    method: GET
    uri: https://management.azure.com/subscriptions/00000000-0000-0000-0000-000000000000/providers/Microsoft.CognitiveServices/locations/centraluseuap/operationResults/d9a8a4f7-a6bc-468e-88fe-b34c73d1a34a?api-version=2017-04-18
  response:
    body:
      string: '{"id":"/subscriptions/00000000-0000-0000-0000-000000000000/providers/Microsoft.CognitiveServices/locations/centraluseuap/operationResults/d9a8a4f7-a6bc-468e-88fe-b34c73d1a34a","name":"d9a8a4f7-a6bc-468e-88fe-b34c73d1a34a","status":"Creating","startTime":"2021-06-15T01:50:33Z"}'
    headers:
      cache-control:
      - no-cache
      content-length:
      - '277'
      content-type:
      - application/json; charset=utf-8
      date:
      - Tue, 15 Jun 2021 01:51:04 GMT
      expires:
      - '-1'
      pragma:
      - no-cache
      server:
      - istio-envoy
      strict-transport-security:
      - max-age=31536000; includeSubDomains
      transfer-encoding:
      - chunked
      vary:
      - Accept-Encoding
      x-content-type-options:
      - nosniff
      x-envoy-upstream-service-time:
      - '5'
    status:
      code: 200
      message: OK
- request:
    body: null
    headers:
      Accept:
      - '*/*'
      Accept-Encoding:
      - gzip, deflate
      CommandName:
      - cognitiveservices account create
      Connection:
      - keep-alive
      ParameterSetName:
      - -n -g --kind --sku -l --assign-identity --yes
      User-Agent:
      - AZURECLI/2.24.0 azsdk-python-mgmt-cognitiveservices/12.0.0 Python/3.8.8 (Windows-10-10.0.19041-SP0)
    method: GET
    uri: https://management.azure.com/subscriptions/00000000-0000-0000-0000-000000000000/providers/Microsoft.CognitiveServices/locations/centraluseuap/operationResults/d9a8a4f7-a6bc-468e-88fe-b34c73d1a34a?api-version=2017-04-18
  response:
    body:
      string: '{"id":"/subscriptions/00000000-0000-0000-0000-000000000000/providers/Microsoft.CognitiveServices/locations/centraluseuap/operationResults/d9a8a4f7-a6bc-468e-88fe-b34c73d1a34a","name":"d9a8a4f7-a6bc-468e-88fe-b34c73d1a34a","status":"Creating","startTime":"2021-06-15T01:50:33Z"}'
    headers:
      cache-control:
      - no-cache
      content-length:
      - '277'
      content-type:
      - application/json; charset=utf-8
      date:
      - Tue, 15 Jun 2021 01:51:34 GMT
      expires:
      - '-1'
      pragma:
      - no-cache
      server:
      - istio-envoy
      strict-transport-security:
      - max-age=31536000; includeSubDomains
      transfer-encoding:
      - chunked
      vary:
      - Accept-Encoding
      x-content-type-options:
      - nosniff
      x-envoy-upstream-service-time:
      - '6'
    status:
      code: 200
      message: OK
- request:
    body: null
    headers:
      Accept:
      - '*/*'
      Accept-Encoding:
      - gzip, deflate
      CommandName:
      - cognitiveservices account create
      Connection:
      - keep-alive
      ParameterSetName:
      - -n -g --kind --sku -l --assign-identity --yes
      User-Agent:
      - AZURECLI/2.24.0 azsdk-python-mgmt-cognitiveservices/12.0.0 Python/3.8.8 (Windows-10-10.0.19041-SP0)
    method: GET
    uri: https://management.azure.com/subscriptions/00000000-0000-0000-0000-000000000000/providers/Microsoft.CognitiveServices/locations/centraluseuap/operationResults/d9a8a4f7-a6bc-468e-88fe-b34c73d1a34a?api-version=2017-04-18
  response:
    body:
      string: '{"id":"/subscriptions/00000000-0000-0000-0000-000000000000/providers/Microsoft.CognitiveServices/locations/centraluseuap/operationResults/d9a8a4f7-a6bc-468e-88fe-b34c73d1a34a","name":"d9a8a4f7-a6bc-468e-88fe-b34c73d1a34a","status":"Creating","startTime":"2021-06-15T01:50:33Z"}'
    headers:
      cache-control:
      - no-cache
      content-length:
      - '277'
      content-type:
      - application/json; charset=utf-8
      date:
      - Tue, 15 Jun 2021 01:52:05 GMT
      expires:
      - '-1'
      pragma:
      - no-cache
      server:
      - istio-envoy
      strict-transport-security:
      - max-age=31536000; includeSubDomains
      transfer-encoding:
      - chunked
      vary:
      - Accept-Encoding
      x-content-type-options:
      - nosniff
      x-envoy-upstream-service-time:
      - '5'
    status:
      code: 200
      message: OK
- request:
    body: null
    headers:
      Accept:
      - '*/*'
      Accept-Encoding:
      - gzip, deflate
      CommandName:
      - cognitiveservices account create
      Connection:
      - keep-alive
      ParameterSetName:
      - -n -g --kind --sku -l --assign-identity --yes
      User-Agent:
      - AZURECLI/2.24.0 azsdk-python-mgmt-cognitiveservices/12.0.0 Python/3.8.8 (Windows-10-10.0.19041-SP0)
    method: GET
    uri: https://management.azure.com/subscriptions/00000000-0000-0000-0000-000000000000/providers/Microsoft.CognitiveServices/locations/centraluseuap/operationResults/d9a8a4f7-a6bc-468e-88fe-b34c73d1a34a?api-version=2017-04-18
  response:
    body:
      string: '{"id":"/subscriptions/00000000-0000-0000-0000-000000000000/providers/Microsoft.CognitiveServices/locations/centraluseuap/operationResults/d9a8a4f7-a6bc-468e-88fe-b34c73d1a34a","name":"d9a8a4f7-a6bc-468e-88fe-b34c73d1a34a","status":"Succeeded","startTime":"2021-06-15T01:50:33Z","endTime":"2021-06-15T01:52:06Z"}'
    headers:
      cache-control:
      - no-cache
      content-length:
      - '311'
      content-type:
      - application/json; charset=utf-8
      date:
      - Tue, 15 Jun 2021 01:52:35 GMT
      expires:
      - '-1'
      pragma:
      - no-cache
      server:
      - istio-envoy
      strict-transport-security:
      - max-age=31536000; includeSubDomains
      transfer-encoding:
      - chunked
      vary:
      - Accept-Encoding
      x-content-type-options:
      - nosniff
      x-envoy-upstream-service-time:
      - '7'
    status:
      code: 200
      message: OK
- request:
    body: null
    headers:
      Accept:
      - '*/*'
      Accept-Encoding:
      - gzip, deflate
      CommandName:
      - cognitiveservices account create
      Connection:
      - keep-alive
      ParameterSetName:
      - -n -g --kind --sku -l --assign-identity --yes
      User-Agent:
      - AZURECLI/2.24.0 azsdk-python-mgmt-cognitiveservices/12.0.0 Python/3.8.8 (Windows-10-10.0.19041-SP0)
    method: GET
    uri: https://management.azure.com/subscriptions/00000000-0000-0000-0000-000000000000/resourceGroups/clitest.rg000001/providers/Microsoft.CognitiveServices/accounts/cs_cli_test_000002?api-version=2021-04-30
  response:
    body:
      string: '{"id":"/subscriptions/00000000-0000-0000-0000-000000000000/resourceGroups/clitest.rg000001/providers/Microsoft.CognitiveServices/accounts/cs_cli_test_000002","name":"cs_cli_test_000002","type":"Microsoft.CognitiveServices/accounts","etag":"\"00007578-0000-3300-0000-60c807c60000\"","systemData":{"createdBy":"v-jiechen@microsoft.com","createdByType":"User","createdAt":"2021-06-15T01:50:26.9421712Z","lastModifiedBy":"v-jiechen@microsoft.com","lastModifiedByType":"User","lastModifiedAt":"2021-06-15T01:50:26.9421712Z"},"location":"centraluseuap","sku":{"name":"E0"},"kind":"Face","properties":{"endpoint":"https://centraluseuap.api.cognitive.microsoft.com/","dateCreated":"2021-06-15T01:50:32.9377705Z","callRateLimit":{"rules":[{"key":"face","renewalPeriod":1,"count":15,"dynamicThrottlingEnabled":false,"matchPatterns":[{"path":"face/*","method":"*"}]},{"key":"container.billing","renewalPeriod":10,"count":500,"dynamicThrottlingEnabled":false,"matchPatterns":[{"path":"billing/*","method":"*"}]},{"key":"default","renewalPeriod":1,"count":15,"dynamicThrottlingEnabled":false,"matchPatterns":[{"path":"*","method":"*"}]}]},"privateEndpointConnections":[],"publicNetworkAccess":"Enabled","capabilities":[{"name":"VirtualNetworks"},{"name":"Container","value":"Face.*,Face.Face"},{"name":"CustomerManagedKey"}],"endpoints":{"face":"https://centraluseuap.api.cognitive.microsoft.com/"},"provisioningState":"Succeeded"},"identity":{"principalId":"42d60acb-bda8-4276-be01-5b7402fdb7f9","tenantId":"54826b22-38d6-4fb2-bad9-b7b93a3e9c5a","type":"SystemAssigned","userAssignedIdentities":{}}}'
    headers:
      cache-control:
      - no-cache
      content-length:
      - '1642'
      content-type:
      - application/json; charset=utf-8
      date:
      - Tue, 15 Jun 2021 01:52:36 GMT
      etag:
      - '"00007578-0000-3300-0000-60c807c60000"'
      expires:
      - '-1'
      pragma:
      - no-cache
      server:
      - istio-envoy
      strict-transport-security:
      - max-age=31536000; includeSubDomains
      transfer-encoding:
      - chunked
      vary:
      - Accept-Encoding
      x-content-type-options:
      - nosniff
      x-envoy-upstream-service-time:
      - '9'
    status:
      code: 200
      message: OK
- request:
    body: null
    headers:
      Accept:
      - application/json
      Accept-Encoding:
      - gzip, deflate
      CommandName:
      - cognitiveservices account show
      Connection:
      - keep-alive
      ParameterSetName:
      - -n -g
      User-Agent:
      - AZURECLI/2.24.0 azsdk-python-mgmt-cognitiveservices/12.0.0 Python/3.8.8 (Windows-10-10.0.19041-SP0)
    method: GET
    uri: https://management.azure.com/subscriptions/00000000-0000-0000-0000-000000000000/resourceGroups/clitest.rg000001/providers/Microsoft.CognitiveServices/accounts/cs_cli_test_000002?api-version=2021-04-30
  response:
    body:
      string: '{"id":"/subscriptions/00000000-0000-0000-0000-000000000000/resourceGroups/clitest.rg000001/providers/Microsoft.CognitiveServices/accounts/cs_cli_test_000002","name":"cs_cli_test_000002","type":"Microsoft.CognitiveServices/accounts","etag":"\"00007578-0000-3300-0000-60c807c60000\"","systemData":{"createdBy":"v-jiechen@microsoft.com","createdByType":"User","createdAt":"2021-06-15T01:50:26.9421712Z","lastModifiedBy":"v-jiechen@microsoft.com","lastModifiedByType":"User","lastModifiedAt":"2021-06-15T01:50:26.9421712Z"},"location":"centraluseuap","sku":{"name":"E0"},"kind":"Face","properties":{"endpoint":"https://centraluseuap.api.cognitive.microsoft.com/","dateCreated":"2021-06-15T01:50:32.9377705Z","callRateLimit":{"rules":[{"key":"face","renewalPeriod":1,"count":15,"dynamicThrottlingEnabled":false,"matchPatterns":[{"path":"face/*","method":"*"}]},{"key":"container.billing","renewalPeriod":10,"count":500,"dynamicThrottlingEnabled":false,"matchPatterns":[{"path":"billing/*","method":"*"}]},{"key":"default","renewalPeriod":1,"count":15,"dynamicThrottlingEnabled":false,"matchPatterns":[{"path":"*","method":"*"}]}]},"privateEndpointConnections":[],"publicNetworkAccess":"Enabled","capabilities":[{"name":"VirtualNetworks"},{"name":"Container","value":"Face.*,Face.Face"},{"name":"CustomerManagedKey"}],"endpoints":{"face":"https://centraluseuap.api.cognitive.microsoft.com/"},"provisioningState":"Succeeded"},"identity":{"principalId":"42d60acb-bda8-4276-be01-5b7402fdb7f9","tenantId":"54826b22-38d6-4fb2-bad9-b7b93a3e9c5a","type":"SystemAssigned","userAssignedIdentities":{}}}'
    headers:
      cache-control:
      - no-cache
      content-length:
      - '1642'
      content-type:
      - application/json; charset=utf-8
      date:
      - Tue, 15 Jun 2021 01:52:37 GMT
      etag:
      - '"00007578-0000-3300-0000-60c807c60000"'
      expires:
      - '-1'
      pragma:
      - no-cache
      server:
      - istio-envoy
      strict-transport-security:
      - max-age=31536000; includeSubDomains
      transfer-encoding:
      - chunked
      vary:
      - Accept-Encoding
      x-content-type-options:
      - nosniff
      x-envoy-upstream-service-time:
      - '15'
    status:
      code: 200
      message: OK
- request:
    body: null
    headers:
      Accept:
      - application/json
      Accept-Encoding:
      - gzip, deflate
      CommandName:
      - cognitiveservices account delete
      Connection:
      - keep-alive
      Content-Length:
      - '0'
      ParameterSetName:
      - -n -g
      User-Agent:
      - AZURECLI/2.24.0 azsdk-python-mgmt-cognitiveservices/12.0.0 Python/3.8.8 (Windows-10-10.0.19041-SP0)
    method: DELETE
    uri: https://management.azure.com/subscriptions/00000000-0000-0000-0000-000000000000/resourceGroups/clitest.rg000001/providers/Microsoft.CognitiveServices/accounts/cs_cli_test_000002?api-version=2021-04-30
  response:
    body:
      string: ''
    headers:
      cache-control:
      - no-cache
      content-length:
      - '0'
      date:
      - Tue, 15 Jun 2021 01:52:44 GMT
      expires:
      - '-1'
      pragma:
      - no-cache
      server:
      - istio-envoy
      strict-transport-security:
      - max-age=31536000; includeSubDomains
      x-content-type-options:
      - nosniff
      x-envoy-upstream-service-time:
      - '81'
      x-ms-ratelimit-remaining-subscription-deletes:
      - '14998'
    status:
      code: 200
      message: OK
version: 1
