interactions:
- request:
    body: '{"kind": "FormRecognizer", "sku": {"name": "F0"}, "location": "centraluseuap",
      "properties": {}}'
    headers:
      Accept:
      - application/json
      Accept-Encoding:
      - gzip, deflate
      CommandName:
      - cognitiveservices account create
      Connection:
      - keep-alive
      Content-Length:
      - '96'
      Content-Type:
      - application/json
      ParameterSetName:
      - -n -g --kind --sku -l --yes
      User-Agent:
      - AZURECLI/2.30.0 azsdk-python-mgmt-cognitiveservices/13.0.0 Python/3.7.9 (Windows-10-10.0.22000-SP0)
    method: PUT
    uri: https://management.azure.com/subscriptions/00000000-0000-0000-0000-000000000000/resourceGroups/clitest.rg000001/providers/Microsoft.CognitiveServices/accounts/cs_cli_test_000002?api-version=2021-10-01
  response:
    body:
      string: '{"id":"/subscriptions/00000000-0000-0000-0000-000000000000/resourceGroups/clitest.rg000001/providers/Microsoft.CognitiveServices/accounts/cs_cli_test_000002","name":"cs_cli_test_000002","type":"Microsoft.CognitiveServices/accounts","etag":"\"060036e4-0000-3300-0000-61a3327b0000\"","systemData":{"createdBy":"yuanyang@microsoft.com","createdByType":"User","createdAt":"2021-11-28T07:40:43.0749419Z","lastModifiedBy":"yuanyang@microsoft.com","lastModifiedByType":"User","lastModifiedAt":"2021-11-28T07:40:43.0749419Z"},"location":"centraluseuap","sku":{"name":"F0"},"kind":"FormRecognizer","properties":{"endpoint":"https://centraluseuap.api.cognitive.microsoft.com/","internalId":"dab608f8b04a48e59be8f84ded9f2d6e","dateCreated":"2021-11-28T07:40:43.3030555Z","isMigrated":false,"privateEndpointConnections":[],"publicNetworkAccess":"Enabled","capabilities":[{"name":"VirtualNetworks"},{"name":"CustomerManagedStorage"},{"name":"CustomerManagedKey"},{"name":"Container","value":"FormRecognizer.*"}],"endpoints":{"FormRecognizer":"https://centraluseuap.api.cognitive.microsoft.com/"},"provisioningState":"Creating"}}'
    headers:
      azure-asyncoperation:
      - https://management.azure.com/subscriptions/00000000-0000-0000-0000-000000000000/providers/Microsoft.CognitiveServices/locations/centraluseuap/operationResults/5441394c-a976-453b-b8ec-a5b4bae05f4a?api-version=2017-04-18
      cache-control:
      - no-cache
      content-length:
      - '1170'
      content-type:
      - application/json; charset=utf-8
      date:
      - Sun, 28 Nov 2021 07:40:43 GMT
      etag:
      - '"060036e4-0000-3300-0000-61a3327b0000"'
      expires:
      - '-1'
      pragma:
      - no-cache
      server:
      - istio-envoy
      strict-transport-security:
      - max-age=31536000; includeSubDomains
      x-content-type-options:
      - nosniff
      x-envoy-upstream-service-time:
      - '400'
      x-ms-ratelimit-remaining-subscription-writes:
      - '1199'
    status:
      code: 201
      message: Created
- request:
    body: null
    headers:
      Accept:
      - '*/*'
      Accept-Encoding:
      - gzip, deflate
      CommandName:
      - cognitiveservices account create
      Connection:
      - keep-alive
      ParameterSetName:
      - -n -g --kind --sku -l --yes
      User-Agent:
      - AZURECLI/2.30.0 azsdk-python-mgmt-cognitiveservices/13.0.0 Python/3.7.9 (Windows-10-10.0.22000-SP0)
    method: GET
    uri: https://management.azure.com/subscriptions/00000000-0000-0000-0000-000000000000/providers/Microsoft.CognitiveServices/locations/centraluseuap/operationResults/5441394c-a976-453b-b8ec-a5b4bae05f4a?api-version=2017-04-18
  response:
    body:
      string: '{"id":"/subscriptions/00000000-0000-0000-0000-000000000000/providers/Microsoft.CognitiveServices/locations/centraluseuap/operationResults/5441394c-a976-453b-b8ec-a5b4bae05f4a","name":"5441394c-a976-453b-b8ec-a5b4bae05f4a","status":"Succeeded","startTime":"2021-11-28T07:40:43Z","endTime":"2021-11-28T07:40:45Z"}'
    headers:
      cache-control:
      - no-cache
      content-length:
      - '311'
      content-type:
      - application/json; charset=utf-8
      date:
      - Sun, 28 Nov 2021 07:41:13 GMT
      expires:
      - '-1'
      pragma:
      - no-cache
      server:
      - istio-envoy
      strict-transport-security:
      - max-age=31536000; includeSubDomains
      transfer-encoding:
      - chunked
      vary:
      - Accept-Encoding
      x-content-type-options:
      - nosniff
      x-envoy-upstream-service-time:
      - '5'
    status:
      code: 200
      message: OK
- request:
    body: null
    headers:
      Accept:
      - '*/*'
      Accept-Encoding:
      - gzip, deflate
      CommandName:
      - cognitiveservices account create
      Connection:
      - keep-alive
      ParameterSetName:
      - -n -g --kind --sku -l --yes
      User-Agent:
      - AZURECLI/2.30.0 azsdk-python-mgmt-cognitiveservices/13.0.0 Python/3.7.9 (Windows-10-10.0.22000-SP0)
    method: GET
    uri: https://management.azure.com/subscriptions/00000000-0000-0000-0000-000000000000/resourceGroups/clitest.rg000001/providers/Microsoft.CognitiveServices/accounts/cs_cli_test_000002?api-version=2021-10-01
  response:
    body:
      string: '{"id":"/subscriptions/00000000-0000-0000-0000-000000000000/resourceGroups/clitest.rg000001/providers/Microsoft.CognitiveServices/accounts/cs_cli_test_000002","name":"cs_cli_test_000002","type":"Microsoft.CognitiveServices/accounts","etag":"\"06003be4-0000-3300-0000-61a3327d0000\"","systemData":{"createdBy":"yuanyang@microsoft.com","createdByType":"User","createdAt":"2021-11-28T07:40:43.0749419Z","lastModifiedBy":"yuanyang@microsoft.com","lastModifiedByType":"User","lastModifiedAt":"2021-11-28T07:40:43.0749419Z"},"location":"centraluseuap","sku":{"name":"F0"},"kind":"FormRecognizer","properties":{"endpoint":"https://centraluseuap.api.cognitive.microsoft.com/","internalId":"dab608f8b04a48e59be8f84ded9f2d6e","dateCreated":"2021-11-28T07:40:43.3030555Z","isMigrated":false,"privateEndpointConnections":[],"publicNetworkAccess":"Enabled","capabilities":[{"name":"VirtualNetworks"},{"name":"CustomerManagedStorage"},{"name":"CustomerManagedKey"},{"name":"Container","value":"FormRecognizer.*"}],"endpoints":{"FormRecognizer":"https://centraluseuap.api.cognitive.microsoft.com/"},"provisioningState":"Succeeded"}}'
    headers:
      cache-control:
      - no-cache
      content-length:
      - '1171'
      content-type:
      - application/json; charset=utf-8
      date:
      - Sun, 28 Nov 2021 07:41:13 GMT
      etag:
      - '"06003be4-0000-3300-0000-61a3327d0000"'
      expires:
      - '-1'
      pragma:
      - no-cache
      server:
      - istio-envoy
      strict-transport-security:
      - max-age=31536000; includeSubDomains
      transfer-encoding:
      - chunked
      vary:
      - Accept-Encoding
      x-content-type-options:
      - nosniff
      x-envoy-upstream-service-time:
      - '10'
    status:
      code: 200
      message: OK
- request:
    body: null
    headers:
      Accept:
      - application/json
      Accept-Encoding:
      - gzip, deflate
      CommandName:
      - cognitiveservices account show
      Connection:
      - keep-alive
      ParameterSetName:
      - -n -g
      User-Agent:
      - AZURECLI/2.30.0 azsdk-python-mgmt-cognitiveservices/13.0.0 Python/3.7.9 (Windows-10-10.0.22000-SP0)
    method: GET
    uri: https://management.azure.com/subscriptions/00000000-0000-0000-0000-000000000000/resourceGroups/clitest.rg000001/providers/Microsoft.CognitiveServices/accounts/cs_cli_test_000002?api-version=2021-10-01
  response:
    body:
      string: '{"id":"/subscriptions/00000000-0000-0000-0000-000000000000/resourceGroups/clitest.rg000001/providers/Microsoft.CognitiveServices/accounts/cs_cli_test_000002","name":"cs_cli_test_000002","type":"Microsoft.CognitiveServices/accounts","etag":"\"06003be4-0000-3300-0000-61a3327d0000\"","systemData":{"createdBy":"yuanyang@microsoft.com","createdByType":"User","createdAt":"2021-11-28T07:40:43.0749419Z","lastModifiedBy":"yuanyang@microsoft.com","lastModifiedByType":"User","lastModifiedAt":"2021-11-28T07:40:43.0749419Z"},"location":"centraluseuap","sku":{"name":"F0"},"kind":"FormRecognizer","properties":{"endpoint":"https://centraluseuap.api.cognitive.microsoft.com/","internalId":"dab608f8b04a48e59be8f84ded9f2d6e","dateCreated":"2021-11-28T07:40:43.3030555Z","isMigrated":false,"privateEndpointConnections":[],"publicNetworkAccess":"Enabled","capabilities":[{"name":"VirtualNetworks"},{"name":"CustomerManagedStorage"},{"name":"CustomerManagedKey"},{"name":"Container","value":"FormRecognizer.*"}],"endpoints":{"FormRecognizer":"https://centraluseuap.api.cognitive.microsoft.com/"},"provisioningState":"Succeeded"}}'
    headers:
      cache-control:
      - no-cache
      content-length:
      - '1171'
      content-type:
      - application/json; charset=utf-8
      date:
      - Sun, 28 Nov 2021 07:41:14 GMT
      etag:
      - '"06003be4-0000-3300-0000-61a3327d0000"'
      expires:
      - '-1'
      pragma:
      - no-cache
      server:
      - istio-envoy
      strict-transport-security:
      - max-age=31536000; includeSubDomains
      transfer-encoding:
      - chunked
      vary:
      - Accept-Encoding
      x-content-type-options:
      - nosniff
      x-envoy-upstream-service-time:
      - '12'
    status:
      code: 200
      message: OK
- request:
    body: null
    headers:
      Accept:
      - application/json
      Accept-Encoding:
      - gzip, deflate
      CommandName:
      - cognitiveservices account delete
      Connection:
      - keep-alive
      Content-Length:
      - '0'
      ParameterSetName:
      - -n -g
      User-Agent:
      - AZURECLI/2.30.0 azsdk-python-mgmt-cognitiveservices/13.0.0 Python/3.7.9 (Windows-10-10.0.22000-SP0)
    method: DELETE
    uri: https://management.azure.com/subscriptions/00000000-0000-0000-0000-000000000000/resourceGroups/clitest.rg000001/providers/Microsoft.CognitiveServices/accounts/cs_cli_test_000002?api-version=2021-10-01
  response:
    body:
      string: ''
    headers:
      cache-control:
      - no-cache
      content-length:
      - '0'
      date:
      - Sun, 28 Nov 2021 07:41:19 GMT
      expires:
      - '-1'
      pragma:
      - no-cache
      server:
      - istio-envoy
      strict-transport-security:
      - max-age=31536000; includeSubDomains
      x-content-type-options:
      - nosniff
      x-envoy-upstream-service-time:
      - '91'
      x-ms-ratelimit-remaining-subscription-deletes:
      - '14999'
    status:
      code: 200
      message: OK
version: 1
