interactions:
- request:
    body: '{"kind": "FormRecognizer", "sku": {"name": "S0"}, "location": "SOUTHCENTRALUS",
      "properties": {"customSubDomainName": "csclitest000003"}}'
    headers:
      Accept:
      - application/json
      Accept-Encoding:
      - gzip, deflate
      CommandName:
      - cognitiveservices account create
      Connection:
      - keep-alive
      Content-Length:
      - '137'
      Content-Type:
      - application/json
      ParameterSetName:
      - -n -g --kind --sku -l --custom-domain
      User-Agent:
      - AZURECLI/2.50.0 azsdk-python-mgmt-cognitiveservices/13.5.0 Python/3.10.11
        (Windows-10-10.0.22621-SP0)
    method: PUT
    uri: https://management.azure.com/subscriptions/00000000-0000-0000-0000-000000000000/resourceGroups/clitest.rg000001/providers/Microsoft.CognitiveServices/accounts/cs_cli_test_000002?api-version=2023-05-01
  response:
    body:
      string: '{"id":"/subscriptions/00000000-0000-0000-0000-000000000000/resourceGroups/clitest.rg000001/providers/Microsoft.CognitiveServices/accounts/cs_cli_test_000002","name":"cs_cli_test_000002","type":"Microsoft.CognitiveServices/accounts","etag":"\"7e00c202-0000-0500-0000-64bf59a00000\"","location":"SOUTHCENTRALUS","sku":{"name":"S0"},"kind":"FormRecognizer","properties":{"endpoint":"https://csclitest000003.cognitiveservices.azure.com/","internalId":"4ff2297231db44849b03a2cb2f34fbd1","dateCreated":"2023-07-25T05:11:59.9606827Z","callRateLimit":{"rules":[{"key":"container.billing","renewalPeriod":10,"count":500,"matchPatterns":[{"path":"billing/*","method":"*"}]},{"key":"formrecognizer.analyze","renewalPeriod":1,"count":15,"dynamicThrottlingEnabled":true,"matchPatterns":[{"path":"formrecognizer/custom/models/{id}/analyze","method":"POST"},{"path":"formrecognizer/custom/models/{modelId}/analyze","method":"POST"},{"path":"formrecognizer/prebuilt/businessCard/analyze","method":"POST"},{"path":"formrecognizer/prebuilt/idDocument/analyze","method":"POST"},{"path":"formrecognizer/prebuilt/invoice/analyze","method":"POST"},{"path":"formrecognizer/layout/analyze","method":"POST"},{"path":"formrecognizer/prebuilt/receipt/analyze","method":"POST"},{"path":"formrecognizer/prebuilt/receipt/asyncBatchAnalyze","method":"POST"},{"path":"formrecognizer/documentModels/{modelId}:analyze","method":"POST"},{"path":"formrecognizer/read","method":"POST"},{"path":"formrecognizer/documentClassifiers/{classifierId}:analyze","method":"POST"}]},{"key":"formrecognizer.get.object","renewalPeriod":1,"count":50,"dynamicThrottlingEnabled":true,"matchPatterns":[{"path":"formrecognizer/custom/models/{modelId}/analyzeResults/{resultId}","method":"GET"},{"path":"formrecognizer/prebuilt/businessCard/analyzeResults/{resultId}","method":"GET"},{"path":"formrecognizer/prebuilt/idDocument/analyzeResults/{resultId}","method":"GET"},{"path":"formrecognizer/prebuilt/invoice/analyzeResults/{resultId}","method":"GET"},{"path":"formrecognizer/prebuilt/receipt/analyzeResults/{resultId}","method":"GET"},{"path":"formrecognizer/prebuilt/receipt/operations/{operationId}","method":"GET"},{"path":"formrecognizer/documentModels/{modelId}/analyzeResults/{resultId}","method":"GET"},{"path":"formrecognizer/layout/analyzeResults/{resultId}","method":"GET"},{"path":"formrecognizer/custom/models/{modelId}","method":"GET"},{"path":"formrecognizer/custom/models/{modelId}/copyResults/{resultId}","method":"GET"},{"path":"formrecognizer/operations/{operationId}","method":"GET"},{"path":"formrecognizer/custom/models/{modelId}","method":"GET"},{"path":"formrecognizer/custom/models/{id}","method":"GET"},{"path":"formrecognizer/documentModels/{modelId}","method":"GET"},{"path":"formrecognizer/documentClassifiers/{classifierId}","method":"GET"},{"path":"formrecognizer/documentClassifiers/{classifierId}/analyzeResults/{resultId}","method":"GET"}]},{"key":"formrecognizer.list.objects","renewalPeriod":1,"count":10,"dynamicThrottlingEnabled":true,"matchPatterns":[{"path":"formrecognizer/operations","method":"GET"},{"path":"formrecognizer/info","method":"GET"},{"path":"formrecognizer/documentModels","method":"GET"},{"path":"formrecognizer/custom/models","method":"GET"},{"path":"formrecognizer/documentClassifiers","method":"GET"}]},{"key":"formrecognizer.model.management","renewalPeriod":1,"count":5,"dynamicThrottlingEnabled":true,"matchPatterns":[{"path":"formrecognizer/custom/models","method":"POST"},{"path":"formrecognizer/custom/models/compose","method":"POST"},{"path":"formrecognizer/custom/models/copyAuthorization","method":"POST"},{"path":"formrecognizer/custom/models/{id}","method":"DELETE"},{"path":"formrecognizer/custom/models/{id}/keys","method":"GET"},{"path":"formrecognizer/custom/models/{modelId}","method":"DELETE"},{"path":"formrecognizer/custom/models/{modelId}/copy","method":"POST"},{"path":"formrecognizer/documentModels/{modelId}:copyTo","method":"POST"},{"path":"formrecognizer/documentModels:authorizeCopy","method":"POST"},{"path":"formrecognizer/documentModels:build","method":"POST"},{"path":"formrecognizer/documentModels:compose","method":"POST"},{"path":"formrecognizer/custom/train","method":"POST"},{"path":"formrecognizer/custom/models/{modelId}","method":"DELETE"},{"path":"formrecognizer/documentModels/{modelId}","method":"DELETE"},{"path":"formrecognizer/documentClassifiers:build","method":"POST"},{"path":"formrecognizer/documentClassifiers/{classifierId}","method":"DELETE"}]},{"key":"default","renewalPeriod":1,"count":5,"dynamicThrottlingEnabled":true,"matchPatterns":[{"path":"*","method":"*"}]}]},"isMigrated":false,"customSubDomainName":"csclitest000003","privateEndpointConnections":[],"publicNetworkAccess":"Enabled","capabilities":[{"name":"DynamicThrottling"},{"name":"VirtualNetworks"},{"name":"CustomerManagedKey"},{"name":"Container","value":"FormRecognizer.*"}],"endpoints":{"FormRecognizer":"https://csclitest000003.cognitiveservices.azure.com/","Container":"https://csclitest000003.cognitiveservices.azure.com/"},"provisioningState":"Creating"},"systemData":{"createdBy":"yuanyang@microsoft.com","createdByType":"User","createdAt":"2023-07-25T05:11:59.598644Z","lastModifiedBy":"yuanyang@microsoft.com","lastModifiedByType":"User","lastModifiedAt":"2023-07-25T05:11:59.598644Z"}}'
    headers:
      azure-asyncoperation:
      - https://management.azure.com/subscriptions/00000000-0000-0000-0000-000000000000/providers/Microsoft.CognitiveServices/locations/SOUTHCENTRALUS/operationResults/5309ee93-dab3-4b23-841a-0b3dcc90237a?api-version=2017-04-18
      cache-control:
      - no-cache
      content-length:
      - '5320'
      content-type:
      - application/json; charset=utf-8
      date:
      - Tue, 25 Jul 2023 05:12:00 GMT
      etag:
      - '"7e00c202-0000-0500-0000-64bf59a00000"'
      expires:
      - '-1'
      pragma:
      - no-cache
      server:
      - istio-envoy
      strict-transport-security:
      - max-age=31536000; includeSubDomains
      x-content-type-options:
      - nosniff
      x-envoy-upstream-service-time:
      - '910'
      x-ms-ratelimit-remaining-subscription-writes:
      - '1197'
    status:
      code: 201
      message: Created
- request:
    body: null
    headers:
      Accept:
      - '*/*'
      Accept-Encoding:
      - gzip, deflate
      CommandName:
      - cognitiveservices account create
      Connection:
      - keep-alive
      ParameterSetName:
      - -n -g --kind --sku -l --custom-domain
      User-Agent:
      - AZURECLI/2.50.0 azsdk-python-mgmt-cognitiveservices/13.5.0 Python/3.10.11
        (Windows-10-10.0.22621-SP0)
    method: GET
    uri: https://management.azure.com/subscriptions/00000000-0000-0000-0000-000000000000/providers/Microsoft.CognitiveServices/locations/SOUTHCENTRALUS/operationResults/5309ee93-dab3-4b23-841a-0b3dcc90237a?api-version=2017-04-18
  response:
    body:
      string: '{"id":"/subscriptions/00000000-0000-0000-0000-000000000000/providers/Microsoft.CognitiveServices/locations/SOUTHCENTRALUS/operationResults/5309ee93-dab3-4b23-841a-0b3dcc90237a","name":"5309ee93-dab3-4b23-841a-0b3dcc90237a","status":"Creating","startTime":"2023-07-25T05:12:00Z"}'
    headers:
      cache-control:
      - no-cache
      content-length:
      - '278'
      content-type:
      - application/json; charset=utf-8
      date:
      - Tue, 25 Jul 2023 05:12:00 GMT
      expires:
      - '-1'
      pragma:
      - no-cache
      server:
      - istio-envoy
      strict-transport-security:
      - max-age=31536000; includeSubDomains
      transfer-encoding:
      - chunked
      vary:
      - Accept-Encoding
      x-content-type-options:
      - nosniff
      x-envoy-upstream-service-time:
      - '8'
    status:
      code: 200
      message: OK
- request:
    body: null
    headers:
      Accept:
      - '*/*'
      Accept-Encoding:
      - gzip, deflate
      CommandName:
      - cognitiveservices account create
      Connection:
      - keep-alive
      ParameterSetName:
      - -n -g --kind --sku -l --custom-domain
      User-Agent:
      - AZURECLI/2.50.0 azsdk-python-mgmt-cognitiveservices/13.5.0 Python/3.10.11
        (Windows-10-10.0.22621-SP0)
    method: GET
    uri: https://management.azure.com/subscriptions/00000000-0000-0000-0000-000000000000/providers/Microsoft.CognitiveServices/locations/SOUTHCENTRALUS/operationResults/5309ee93-dab3-4b23-841a-0b3dcc90237a?api-version=2017-04-18
  response:
    body:
      string: '{"id":"/subscriptions/00000000-0000-0000-0000-000000000000/providers/Microsoft.CognitiveServices/locations/SOUTHCENTRALUS/operationResults/5309ee93-dab3-4b23-841a-0b3dcc90237a","name":"5309ee93-dab3-4b23-841a-0b3dcc90237a","status":"Succeeded","startTime":"2023-07-25T05:12:00Z","endTime":"2023-07-25T05:12:01Z"}'
    headers:
      cache-control:
      - no-cache
      content-length:
      - '312'
      content-type:
      - application/json; charset=utf-8
      date:
      - Tue, 25 Jul 2023 05:12:30 GMT
      expires:
      - '-1'
      pragma:
      - no-cache
      server:
      - istio-envoy
      strict-transport-security:
      - max-age=31536000; includeSubDomains
      transfer-encoding:
      - chunked
      vary:
      - Accept-Encoding
      x-content-type-options:
      - nosniff
      x-envoy-upstream-service-time:
      - '5'
    status:
      code: 200
      message: OK
- request:
    body: null
    headers:
      Accept:
      - '*/*'
      Accept-Encoding:
      - gzip, deflate
      CommandName:
      - cognitiveservices account create
      Connection:
      - keep-alive
      ParameterSetName:
      - -n -g --kind --sku -l --custom-domain
      User-Agent:
      - AZURECLI/2.50.0 azsdk-python-mgmt-cognitiveservices/13.5.0 Python/3.10.11
        (Windows-10-10.0.22621-SP0)
    method: GET
    uri: https://management.azure.com/subscriptions/00000000-0000-0000-0000-000000000000/resourceGroups/clitest.rg000001/providers/Microsoft.CognitiveServices/accounts/cs_cli_test_000002?api-version=2023-05-01
  response:
    body:
      string: '{"id":"/subscriptions/00000000-0000-0000-0000-000000000000/resourceGroups/clitest.rg000001/providers/Microsoft.CognitiveServices/accounts/cs_cli_test_000002","name":"cs_cli_test_000002","type":"Microsoft.CognitiveServices/accounts","etag":"\"7e00c302-0000-0500-0000-64bf59a10000\"","location":"SOUTHCENTRALUS","sku":{"name":"S0"},"kind":"FormRecognizer","properties":{"endpoint":"https://csclitest000003.cognitiveservices.azure.com/","internalId":"4ff2297231db44849b03a2cb2f34fbd1","dateCreated":"2023-07-25T05:11:59.9606827Z","callRateLimit":{"rules":[{"key":"container.billing","renewalPeriod":10,"count":500,"matchPatterns":[{"path":"billing/*","method":"*"}]},{"key":"formrecognizer.analyze","renewalPeriod":1,"count":15,"dynamicThrottlingEnabled":true,"matchPatterns":[{"path":"formrecognizer/custom/models/{id}/analyze","method":"POST"},{"path":"formrecognizer/custom/models/{modelId}/analyze","method":"POST"},{"path":"formrecognizer/prebuilt/businessCard/analyze","method":"POST"},{"path":"formrecognizer/prebuilt/idDocument/analyze","method":"POST"},{"path":"formrecognizer/prebuilt/invoice/analyze","method":"POST"},{"path":"formrecognizer/layout/analyze","method":"POST"},{"path":"formrecognizer/prebuilt/receipt/analyze","method":"POST"},{"path":"formrecognizer/prebuilt/receipt/asyncBatchAnalyze","method":"POST"},{"path":"formrecognizer/documentModels/{modelId}:analyze","method":"POST"},{"path":"formrecognizer/read","method":"POST"},{"path":"formrecognizer/documentClassifiers/{classifierId}:analyze","method":"POST"}]},{"key":"formrecognizer.get.object","renewalPeriod":1,"count":50,"dynamicThrottlingEnabled":true,"matchPatterns":[{"path":"formrecognizer/custom/models/{modelId}/analyzeResults/{resultId}","method":"GET"},{"path":"formrecognizer/prebuilt/businessCard/analyzeResults/{resultId}","method":"GET"},{"path":"formrecognizer/prebuilt/idDocument/analyzeResults/{resultId}","method":"GET"},{"path":"formrecognizer/prebuilt/invoice/analyzeResults/{resultId}","method":"GET"},{"path":"formrecognizer/prebuilt/receipt/analyzeResults/{resultId}","method":"GET"},{"path":"formrecognizer/prebuilt/receipt/operations/{operationId}","method":"GET"},{"path":"formrecognizer/documentModels/{modelId}/analyzeResults/{resultId}","method":"GET"},{"path":"formrecognizer/layout/analyzeResults/{resultId}","method":"GET"},{"path":"formrecognizer/custom/models/{modelId}","method":"GET"},{"path":"formrecognizer/custom/models/{modelId}/copyResults/{resultId}","method":"GET"},{"path":"formrecognizer/operations/{operationId}","method":"GET"},{"path":"formrecognizer/custom/models/{modelId}","method":"GET"},{"path":"formrecognizer/custom/models/{id}","method":"GET"},{"path":"formrecognizer/documentModels/{modelId}","method":"GET"},{"path":"formrecognizer/documentClassifiers/{classifierId}","method":"GET"},{"path":"formrecognizer/documentClassifiers/{classifierId}/analyzeResults/{resultId}","method":"GET"}]},{"key":"formrecognizer.list.objects","renewalPeriod":1,"count":10,"dynamicThrottlingEnabled":true,"matchPatterns":[{"path":"formrecognizer/operations","method":"GET"},{"path":"formrecognizer/info","method":"GET"},{"path":"formrecognizer/documentModels","method":"GET"},{"path":"formrecognizer/custom/models","method":"GET"},{"path":"formrecognizer/documentClassifiers","method":"GET"}]},{"key":"formrecognizer.model.management","renewalPeriod":1,"count":5,"dynamicThrottlingEnabled":true,"matchPatterns":[{"path":"formrecognizer/custom/models","method":"POST"},{"path":"formrecognizer/custom/models/compose","method":"POST"},{"path":"formrecognizer/custom/models/copyAuthorization","method":"POST"},{"path":"formrecognizer/custom/models/{id}","method":"DELETE"},{"path":"formrecognizer/custom/models/{id}/keys","method":"GET"},{"path":"formrecognizer/custom/models/{modelId}","method":"DELETE"},{"path":"formrecognizer/custom/models/{modelId}/copy","method":"POST"},{"path":"formrecognizer/documentModels/{modelId}:copyTo","method":"POST"},{"path":"formrecognizer/documentModels:authorizeCopy","method":"POST"},{"path":"formrecognizer/documentModels:build","method":"POST"},{"path":"formrecognizer/documentModels:compose","method":"POST"},{"path":"formrecognizer/custom/train","method":"POST"},{"path":"formrecognizer/custom/models/{modelId}","method":"DELETE"},{"path":"formrecognizer/documentModels/{modelId}","method":"DELETE"},{"path":"formrecognizer/documentClassifiers:build","method":"POST"},{"path":"formrecognizer/documentClassifiers/{classifierId}","method":"DELETE"}]},{"key":"default","renewalPeriod":1,"count":5,"dynamicThrottlingEnabled":true,"matchPatterns":[{"path":"*","method":"*"}]}]},"isMigrated":false,"customSubDomainName":"csclitest000003","privateEndpointConnections":[],"publicNetworkAccess":"Enabled","capabilities":[{"name":"DynamicThrottling"},{"name":"VirtualNetworks"},{"name":"CustomerManagedKey"},{"name":"Container","value":"FormRecognizer.*"}],"endpoints":{"FormRecognizer":"https://csclitest000003.cognitiveservices.azure.com/","Container":"https://csclitest000003.cognitiveservices.azure.com/"},"provisioningState":"Succeeded"},"systemData":{"createdBy":"yuanyang@microsoft.com","createdByType":"User","createdAt":"2023-07-25T05:11:59.598644Z","lastModifiedBy":"yuanyang@microsoft.com","lastModifiedByType":"User","lastModifiedAt":"2023-07-25T05:11:59.598644Z"}}'
    headers:
      cache-control:
      - no-cache
      content-length:
      - '5321'
      content-type:
      - application/json; charset=utf-8
      date:
      - Tue, 25 Jul 2023 05:12:30 GMT
      etag:
      - '"7e00c302-0000-0500-0000-64bf59a10000"'
      expires:
      - '-1'
      pragma:
      - no-cache
      server:
      - istio-envoy
      strict-transport-security:
      - max-age=31536000; includeSubDomains
      transfer-encoding:
      - chunked
      vary:
      - Accept-Encoding
      x-content-type-options:
      - nosniff
      x-envoy-upstream-service-time:
      - '12'
    status:
      code: 200
      message: OK
- request:
    body: null
    headers:
      Accept:
      - '*/*'
      Accept-Encoding:
      - gzip, deflate
      CommandName:
      - network private-link-resource list
      Connection:
      - keep-alive
      ParameterSetName:
      - -g -n --type
      User-Agent:
      - python/3.10.11 (Windows-10-10.0.22621-SP0) AZURECLI/2.50.0
    method: GET
    uri: https://management.azure.com/subscriptions/00000000-0000-0000-0000-000000000000/resourceGroups/clitest.rg000001/providers/Microsoft.CognitiveServices/accounts/cs_cli_test_000002/privateLinkResources?api-version=2022-03-01
  response:
    body:
      string: '{"value":[{"id":"/subscriptions/00000000-0000-0000-0000-000000000000/resourceGroups/clitest.rg000001/providers/Microsoft.CognitiveServices/accounts/cs_cli_test_000002/privateLinkResources/account","name":"account","type":"Microsoft.CognitiveServices/accounts/privateLinkResources","properties":{"groupId":"account","requiredMembers":["default"],"requiredZoneNames":["privatelink.cognitiveservices.azure.com"]}}]}'
    headers:
      cache-control:
      - no-cache
      content-length:
      - '412'
      content-type:
      - application/json; charset=utf-8
      date:
      - Tue, 25 Jul 2023 05:12:31 GMT
      expires:
      - '-1'
      pragma:
      - no-cache
      server:
      - istio-envoy
      strict-transport-security:
      - max-age=31536000; includeSubDomains
      transfer-encoding:
      - chunked
      vary:
      - Accept-Encoding
      x-content-type-options:
      - nosniff
      x-envoy-upstream-service-time:
      - '14'
    status:
      code: 200
      message: OK
- request:
    body: '{"location": "SOUTHCENTRALUS", "properties": {"addressSpace": {"addressPrefixes":
      ["10.0.0.0/16"]}, "enableDdosProtection": false, "enableVmProtection": false}}'
    headers:
      Accept:
      - application/json
      Accept-Encoding:
      - gzip, deflate
      CommandName:
      - network vnet create
      Connection:
      - keep-alive
      Content-Length:
      - '160'
      Content-Type:
      - application/json
      ParameterSetName:
      - --resource-group --name -l
      User-Agent:
      - AZURECLI/2.50.0 (AAZ) azsdk-python-core/1.26.0 Python/3.10.11 (Windows-10-10.0.22621-SP0)
    method: PUT
    uri: https://management.azure.com/subscriptions/00000000-0000-0000-0000-000000000000/resourceGroups/clitest.rg000001/providers/Microsoft.Network/virtualNetworks/cs_cli_test_000002?api-version=2022-01-01
  response:
    body:
      string: "{\r\n  \"name\": \"cs_cli_test_000002\",\r\n  \"id\": \"/subscriptions/00000000-0000-0000-0000-000000000000/resourceGroups/clitest.rg000001/providers/Microsoft.Network/virtualNetworks/cs_cli_test_000002\",\r\n
        \ \"etag\": \"W/\\\"35ea7432-0044-43f7-bff0-25f485658339\\\"\",\r\n  \"type\":
        \"Microsoft.Network/virtualNetworks\",\r\n  \"location\": \"southcentralus\",\r\n
        \ \"properties\": {\r\n    \"provisioningState\": \"Updating\",\r\n    \"resourceGuid\":
        \"b8da8ae2-476d-42a2-b141-a89dbd3a9a3e\",\r\n    \"addressSpace\": {\r\n      \"addressPrefixes\":
        [\r\n        \"10.0.0.0/16\"\r\n      ]\r\n    },\r\n    \"subnets\": [],\r\n
        \   \"virtualNetworkPeerings\": [],\r\n    \"enableDdosProtection\": false\r\n
        \ }\r\n}"
    headers:
      azure-asyncnotification:
      - Enabled
      azure-asyncoperation:
      - https://management.azure.com/subscriptions/00000000-0000-0000-0000-000000000000/providers/Microsoft.Network/locations/southcentralus/operations/1826320a-4c26-4194-bb0f-df98873ef4b9?api-version=2022-01-01
      cache-control:
      - no-cache
      content-length:
      - '638'
      content-type:
      - application/json; charset=utf-8
      date:
      - Tue, 25 Jul 2023 05:12:32 GMT
      expires:
      - '-1'
      pragma:
      - no-cache
      server:
      - Microsoft-HTTPAPI/2.0
      - Microsoft-HTTPAPI/2.0
      strict-transport-security:
      - max-age=31536000; includeSubDomains
      x-content-type-options:
      - nosniff
      x-ms-arm-service-request-id:
      - 162987b4-84fc-45b5-b6e6-ae41ec8d75cb
      x-ms-ratelimit-remaining-subscription-writes:
      - '1198'
    status:
      code: 201
      message: Created
- request:
    body: null
    headers:
      Accept:
      - '*/*'
      Accept-Encoding:
      - gzip, deflate
      CommandName:
      - network vnet create
      Connection:
      - keep-alive
      ParameterSetName:
      - --resource-group --name -l
      User-Agent:
      - AZURECLI/2.50.0 (AAZ) azsdk-python-core/1.26.0 Python/3.10.11 (Windows-10-10.0.22621-SP0)
    method: GET
    uri: https://management.azure.com/subscriptions/00000000-0000-0000-0000-000000000000/providers/Microsoft.Network/locations/southcentralus/operations/1826320a-4c26-4194-bb0f-df98873ef4b9?api-version=2022-01-01
  response:
    body:
      string: "{\r\n  \"status\": \"InProgress\"\r\n}"
    headers:
      cache-control:
      - no-cache
      content-length:
      - '30'
      content-type:
      - application/json; charset=utf-8
      date:
      - Tue, 25 Jul 2023 05:12:32 GMT
      expires:
      - '-1'
      pragma:
      - no-cache
      server:
      - Microsoft-HTTPAPI/2.0
      - Microsoft-HTTPAPI/2.0
      strict-transport-security:
      - max-age=31536000; includeSubDomains
      transfer-encoding:
      - chunked
      vary:
      - Accept-Encoding
      x-content-type-options:
      - nosniff
      x-ms-arm-service-request-id:
      - 2c544370-231e-4e0c-a136-04c836d744a8
    status:
      code: 200
      message: OK
- request:
    body: null
    headers:
      Accept:
      - '*/*'
      Accept-Encoding:
      - gzip, deflate
      CommandName:
      - network vnet create
      Connection:
      - keep-alive
      ParameterSetName:
      - --resource-group --name -l
      User-Agent:
      - AZURECLI/2.50.0 (AAZ) azsdk-python-core/1.26.0 Python/3.10.11 (Windows-10-10.0.22621-SP0)
    method: GET
    uri: https://management.azure.com/subscriptions/00000000-0000-0000-0000-000000000000/providers/Microsoft.Network/locations/southcentralus/operations/1826320a-4c26-4194-bb0f-df98873ef4b9?api-version=2022-01-01
  response:
    body:
      string: "{\r\n  \"status\": \"Succeeded\"\r\n}"
    headers:
      cache-control:
      - no-cache
      content-length:
      - '29'
      content-type:
      - application/json; charset=utf-8
      date:
      - Tue, 25 Jul 2023 05:12:42 GMT
      expires:
      - '-1'
      pragma:
      - no-cache
      server:
      - Microsoft-HTTPAPI/2.0
      - Microsoft-HTTPAPI/2.0
      strict-transport-security:
      - max-age=31536000; includeSubDomains
      transfer-encoding:
      - chunked
      vary:
      - Accept-Encoding
      x-content-type-options:
      - nosniff
      x-ms-arm-service-request-id:
      - 6e2d6dd2-ff1f-4f29-a153-054ca70ba14f
    status:
      code: 200
      message: OK
- request:
    body: null
    headers:
      Accept:
      - '*/*'
      Accept-Encoding:
      - gzip, deflate
      CommandName:
      - network vnet create
      Connection:
      - keep-alive
      ParameterSetName:
      - --resource-group --name -l
      User-Agent:
      - AZURECLI/2.50.0 (AAZ) azsdk-python-core/1.26.0 Python/3.10.11 (Windows-10-10.0.22621-SP0)
    method: GET
    uri: https://management.azure.com/subscriptions/00000000-0000-0000-0000-000000000000/resourceGroups/clitest.rg000001/providers/Microsoft.Network/virtualNetworks/cs_cli_test_000002?api-version=2022-01-01
  response:
    body:
      string: "{\r\n  \"name\": \"cs_cli_test_000002\",\r\n  \"id\": \"/subscriptions/00000000-0000-0000-0000-000000000000/resourceGroups/clitest.rg000001/providers/Microsoft.Network/virtualNetworks/cs_cli_test_000002\",\r\n
        \ \"etag\": \"W/\\\"9b8a65d7-cc23-4543-9f79-ed224e53063d\\\"\",\r\n  \"type\":
        \"Microsoft.Network/virtualNetworks\",\r\n  \"location\": \"southcentralus\",\r\n
        \ \"properties\": {\r\n    \"provisioningState\": \"Succeeded\",\r\n    \"resourceGuid\":
        \"b8da8ae2-476d-42a2-b141-a89dbd3a9a3e\",\r\n    \"addressSpace\": {\r\n      \"addressPrefixes\":
        [\r\n        \"10.0.0.0/16\"\r\n      ]\r\n    },\r\n    \"subnets\": [],\r\n
        \   \"virtualNetworkPeerings\": [],\r\n    \"enableDdosProtection\": false\r\n
        \ }\r\n}"
    headers:
      cache-control:
      - no-cache
      content-length:
      - '639'
      content-type:
      - application/json; charset=utf-8
      date:
      - Tue, 25 Jul 2023 05:12:42 GMT
      etag:
      - W/"9b8a65d7-cc23-4543-9f79-ed224e53063d"
      expires:
      - '-1'
      pragma:
      - no-cache
      server:
      - Microsoft-HTTPAPI/2.0
      - Microsoft-HTTPAPI/2.0
      strict-transport-security:
      - max-age=31536000; includeSubDomains
      transfer-encoding:
      - chunked
      vary:
      - Accept-Encoding
      x-content-type-options:
      - nosniff
      x-ms-arm-service-request-id:
      - db588159-08d8-4e2e-8cbb-71aac421a5cc
    status:
      code: 200
      message: OK
- request:
    body: '{"name": "default", "properties": {"addressPrefix": "10.0.0.0/24"}}'
    headers:
      Accept:
      - application/json
      Accept-Encoding:
      - gzip, deflate
      CommandName:
      - network vnet subnet create
      Connection:
      - keep-alive
      Content-Length:
      - '67'
      Content-Type:
      - application/json
      ParameterSetName:
      - --resource-group --name --vnet-name --address-prefixes
      User-Agent:
      - AZURECLI/2.50.0 (AAZ) azsdk-python-core/1.26.0 Python/3.10.11 (Windows-10-10.0.22621-SP0)
    method: PUT
    uri: https://management.azure.com/subscriptions/00000000-0000-0000-0000-000000000000/resourceGroups/clitest.rg000001/providers/Microsoft.Network/virtualNetworks/cs_cli_test_000002/subnets/default?api-version=2022-01-01
  response:
    body:
      string: "{\r\n  \"name\": \"default\",\r\n  \"id\": \"/subscriptions/00000000-0000-0000-0000-000000000000/resourceGroups/clitest.rg000001/providers/Microsoft.Network/virtualNetworks/cs_cli_test_000002/subnets/default\",\r\n
        \ \"etag\": \"W/\\\"2c7b8aa0-07bf-430a-b1bc-12f414597130\\\"\",\r\n  \"properties\":
        {\r\n    \"provisioningState\": \"Updating\",\r\n    \"addressPrefix\": \"10.0.0.0/24\",\r\n
        \   \"delegations\": [],\r\n    \"privateEndpointNetworkPolicies\": \"Disabled\",\r\n
        \   \"privateLinkServiceNetworkPolicies\": \"Enabled\"\r\n  },\r\n  \"type\":
        \"Microsoft.Network/virtualNetworks/subnets\"\r\n}"
    headers:
      azure-asyncnotification:
      - Enabled
      azure-asyncoperation:
      - https://management.azure.com/subscriptions/00000000-0000-0000-0000-000000000000/providers/Microsoft.Network/locations/southcentralus/operations/5e3e115f-4259-4883-8b0a-7a90a1398a4f?api-version=2022-01-01
      cache-control:
      - no-cache
      content-length:
      - '540'
      content-type:
      - application/json; charset=utf-8
      date:
      - Tue, 25 Jul 2023 05:12:43 GMT
      expires:
      - '-1'
      pragma:
      - no-cache
      server:
      - Microsoft-HTTPAPI/2.0
      - Microsoft-HTTPAPI/2.0
      strict-transport-security:
      - max-age=31536000; includeSubDomains
      x-content-type-options:
      - nosniff
      x-ms-arm-service-request-id:
      - 93c387ae-94e8-4794-b1dd-ab169f40ca4c
      x-ms-ratelimit-remaining-subscription-writes:
      - '1198'
    status:
      code: 201
      message: Created
- request:
    body: null
    headers:
      Accept:
      - '*/*'
      Accept-Encoding:
      - gzip, deflate
      CommandName:
      - network vnet subnet create
      Connection:
      - keep-alive
      ParameterSetName:
      - --resource-group --name --vnet-name --address-prefixes
      User-Agent:
      - AZURECLI/2.50.0 (AAZ) azsdk-python-core/1.26.0 Python/3.10.11 (Windows-10-10.0.22621-SP0)
    method: GET
    uri: https://management.azure.com/subscriptions/00000000-0000-0000-0000-000000000000/providers/Microsoft.Network/locations/southcentralus/operations/5e3e115f-4259-4883-8b0a-7a90a1398a4f?api-version=2022-01-01
  response:
    body:
      string: "{\r\n  \"status\": \"Succeeded\"\r\n}"
    headers:
      cache-control:
      - no-cache
      content-length:
      - '29'
      content-type:
      - application/json; charset=utf-8
      date:
      - Tue, 25 Jul 2023 05:12:43 GMT
      expires:
      - '-1'
      pragma:
      - no-cache
      server:
      - Microsoft-HTTPAPI/2.0
      - Microsoft-HTTPAPI/2.0
      strict-transport-security:
      - max-age=31536000; includeSubDomains
      transfer-encoding:
      - chunked
      vary:
      - Accept-Encoding
      x-content-type-options:
      - nosniff
      x-ms-arm-service-request-id:
      - 3783343c-d771-4493-adbf-7b32cdb520ea
    status:
      code: 200
      message: OK
- request:
    body: null
    headers:
      Accept:
      - '*/*'
      Accept-Encoding:
      - gzip, deflate
      CommandName:
      - network vnet subnet create
      Connection:
      - keep-alive
      ParameterSetName:
      - --resource-group --name --vnet-name --address-prefixes
      User-Agent:
      - AZURECLI/2.50.0 (AAZ) azsdk-python-core/1.26.0 Python/3.10.11 (Windows-10-10.0.22621-SP0)
    method: GET
    uri: https://management.azure.com/subscriptions/00000000-0000-0000-0000-000000000000/resourceGroups/clitest.rg000001/providers/Microsoft.Network/virtualNetworks/cs_cli_test_000002/subnets/default?api-version=2022-01-01
  response:
    body:
      string: "{\r\n  \"name\": \"default\",\r\n  \"id\": \"/subscriptions/00000000-0000-0000-0000-000000000000/resourceGroups/clitest.rg000001/providers/Microsoft.Network/virtualNetworks/cs_cli_test_000002/subnets/default\",\r\n
        \ \"etag\": \"W/\\\"52c7b4b8-e2a5-4e2b-ac79-961f5313650d\\\"\",\r\n  \"properties\":
        {\r\n    \"provisioningState\": \"Succeeded\",\r\n    \"addressPrefix\": \"10.0.0.0/24\",\r\n
        \   \"delegations\": [],\r\n    \"privateEndpointNetworkPolicies\": \"Disabled\",\r\n
        \   \"privateLinkServiceNetworkPolicies\": \"Enabled\"\r\n  },\r\n  \"type\":
        \"Microsoft.Network/virtualNetworks/subnets\"\r\n}"
    headers:
      cache-control:
      - no-cache
      content-length:
      - '541'
      content-type:
      - application/json; charset=utf-8
      date:
      - Tue, 25 Jul 2023 05:12:44 GMT
      etag:
      - W/"52c7b4b8-e2a5-4e2b-ac79-961f5313650d"
      expires:
      - '-1'
      pragma:
      - no-cache
      server:
      - Microsoft-HTTPAPI/2.0
      - Microsoft-HTTPAPI/2.0
      strict-transport-security:
      - max-age=31536000; includeSubDomains
      transfer-encoding:
      - chunked
      vary:
      - Accept-Encoding
      x-content-type-options:
      - nosniff
      x-ms-arm-service-request-id:
      - c00136a9-622b-413c-8820-58285c075d28
    status:
      code: 200
      message: OK
- request:
    body: null
    headers:
      Accept:
      - application/json
      Accept-Encoding:
      - gzip, deflate
      CommandName:
      - cognitiveservices account show
      Connection:
      - keep-alive
      ParameterSetName:
      - -n -g
      User-Agent:
      - AZURECLI/2.50.0 azsdk-python-mgmt-cognitiveservices/13.5.0 Python/3.10.11
        (Windows-10-10.0.22621-SP0)
    method: GET
    uri: https://management.azure.com/subscriptions/00000000-0000-0000-0000-000000000000/resourceGroups/clitest.rg000001/providers/Microsoft.CognitiveServices/accounts/cs_cli_test_000002?api-version=2023-05-01
  response:
    body:
      string: '{"id":"/subscriptions/00000000-0000-0000-0000-000000000000/resourceGroups/clitest.rg000001/providers/Microsoft.CognitiveServices/accounts/cs_cli_test_000002","name":"cs_cli_test_000002","type":"Microsoft.CognitiveServices/accounts","etag":"\"7e00c302-0000-0500-0000-64bf59a10000\"","location":"SOUTHCENTRALUS","sku":{"name":"S0"},"kind":"FormRecognizer","properties":{"endpoint":"https://csclitest000003.cognitiveservices.azure.com/","internalId":"4ff2297231db44849b03a2cb2f34fbd1","dateCreated":"2023-07-25T05:11:59.9606827Z","callRateLimit":{"rules":[{"key":"container.billing","renewalPeriod":10,"count":500,"matchPatterns":[{"path":"billing/*","method":"*"}]},{"key":"formrecognizer.analyze","renewalPeriod":1,"count":15,"dynamicThrottlingEnabled":true,"matchPatterns":[{"path":"formrecognizer/custom/models/{id}/analyze","method":"POST"},{"path":"formrecognizer/custom/models/{modelId}/analyze","method":"POST"},{"path":"formrecognizer/prebuilt/businessCard/analyze","method":"POST"},{"path":"formrecognizer/prebuilt/idDocument/analyze","method":"POST"},{"path":"formrecognizer/prebuilt/invoice/analyze","method":"POST"},{"path":"formrecognizer/layout/analyze","method":"POST"},{"path":"formrecognizer/prebuilt/receipt/analyze","method":"POST"},{"path":"formrecognizer/prebuilt/receipt/asyncBatchAnalyze","method":"POST"},{"path":"formrecognizer/documentModels/{modelId}:analyze","method":"POST"},{"path":"formrecognizer/read","method":"POST"},{"path":"formrecognizer/documentClassifiers/{classifierId}:analyze","method":"POST"}]},{"key":"formrecognizer.get.object","renewalPeriod":1,"count":50,"dynamicThrottlingEnabled":true,"matchPatterns":[{"path":"formrecognizer/custom/models/{modelId}/analyzeResults/{resultId}","method":"GET"},{"path":"formrecognizer/prebuilt/businessCard/analyzeResults/{resultId}","method":"GET"},{"path":"formrecognizer/prebuilt/idDocument/analyzeResults/{resultId}","method":"GET"},{"path":"formrecognizer/prebuilt/invoice/analyzeResults/{resultId}","method":"GET"},{"path":"formrecognizer/prebuilt/receipt/analyzeResults/{resultId}","method":"GET"},{"path":"formrecognizer/prebuilt/receipt/operations/{operationId}","method":"GET"},{"path":"formrecognizer/documentModels/{modelId}/analyzeResults/{resultId}","method":"GET"},{"path":"formrecognizer/layout/analyzeResults/{resultId}","method":"GET"},{"path":"formrecognizer/custom/models/{modelId}","method":"GET"},{"path":"formrecognizer/custom/models/{modelId}/copyResults/{resultId}","method":"GET"},{"path":"formrecognizer/operations/{operationId}","method":"GET"},{"path":"formrecognizer/custom/models/{modelId}","method":"GET"},{"path":"formrecognizer/custom/models/{id}","method":"GET"},{"path":"formrecognizer/documentModels/{modelId}","method":"GET"},{"path":"formrecognizer/documentClassifiers/{classifierId}","method":"GET"},{"path":"formrecognizer/documentClassifiers/{classifierId}/analyzeResults/{resultId}","method":"GET"}]},{"key":"formrecognizer.list.objects","renewalPeriod":1,"count":10,"dynamicThrottlingEnabled":true,"matchPatterns":[{"path":"formrecognizer/operations","method":"GET"},{"path":"formrecognizer/info","method":"GET"},{"path":"formrecognizer/documentModels","method":"GET"},{"path":"formrecognizer/custom/models","method":"GET"},{"path":"formrecognizer/documentClassifiers","method":"GET"}]},{"key":"formrecognizer.model.management","renewalPeriod":1,"count":5,"dynamicThrottlingEnabled":true,"matchPatterns":[{"path":"formrecognizer/custom/models","method":"POST"},{"path":"formrecognizer/custom/models/compose","method":"POST"},{"path":"formrecognizer/custom/models/copyAuthorization","method":"POST"},{"path":"formrecognizer/custom/models/{id}","method":"DELETE"},{"path":"formrecognizer/custom/models/{id}/keys","method":"GET"},{"path":"formrecognizer/custom/models/{modelId}","method":"DELETE"},{"path":"formrecognizer/custom/models/{modelId}/copy","method":"POST"},{"path":"formrecognizer/documentModels/{modelId}:copyTo","method":"POST"},{"path":"formrecognizer/documentModels:authorizeCopy","method":"POST"},{"path":"formrecognizer/documentModels:build","method":"POST"},{"path":"formrecognizer/documentModels:compose","method":"POST"},{"path":"formrecognizer/custom/train","method":"POST"},{"path":"formrecognizer/custom/models/{modelId}","method":"DELETE"},{"path":"formrecognizer/documentModels/{modelId}","method":"DELETE"},{"path":"formrecognizer/documentClassifiers:build","method":"POST"},{"path":"formrecognizer/documentClassifiers/{classifierId}","method":"DELETE"}]},{"key":"default","renewalPeriod":1,"count":5,"dynamicThrottlingEnabled":true,"matchPatterns":[{"path":"*","method":"*"}]}]},"isMigrated":false,"customSubDomainName":"csclitest000003","privateEndpointConnections":[],"publicNetworkAccess":"Enabled","capabilities":[{"name":"DynamicThrottling"},{"name":"VirtualNetworks"},{"name":"CustomerManagedKey"},{"name":"Container","value":"FormRecognizer.*"}],"endpoints":{"FormRecognizer":"https://csclitest000003.cognitiveservices.azure.com/","Container":"https://csclitest000003.cognitiveservices.azure.com/"},"provisioningState":"Succeeded"},"systemData":{"createdBy":"yuanyang@microsoft.com","createdByType":"User","createdAt":"2023-07-25T05:11:59.598644Z","lastModifiedBy":"yuanyang@microsoft.com","lastModifiedByType":"User","lastModifiedAt":"2023-07-25T05:11:59.598644Z"}}'
    headers:
      cache-control:
      - no-cache
      content-length:
      - '5321'
      content-type:
      - application/json; charset=utf-8
      date:
      - Tue, 25 Jul 2023 05:12:44 GMT
      etag:
      - '"7e00c302-0000-0500-0000-64bf59a10000"'
      expires:
      - '-1'
      pragma:
      - no-cache
      server:
      - istio-envoy
      strict-transport-security:
      - max-age=31536000; includeSubDomains
      transfer-encoding:
      - chunked
      vary:
      - Accept-Encoding
      x-content-type-options:
      - nosniff
      x-envoy-upstream-service-time:
      - '12'
    status:
      code: 200
      message: OK
- request:
    body: null
    headers:
      Accept:
      - application/json
      Accept-Encoding:
      - gzip, deflate
      CommandName:
      - network vnet subnet update
      Connection:
      - keep-alive
      ParameterSetName:
      - --name --resource-group --vnet-name --disable-private-endpoint-network-policies
      User-Agent:
      - AZURECLI/2.50.0 (AAZ) azsdk-python-core/1.26.0 Python/3.10.11 (Windows-10-10.0.22621-SP0)
    method: GET
    uri: https://management.azure.com/subscriptions/00000000-0000-0000-0000-000000000000/resourceGroups/clitest.rg000001/providers/Microsoft.Network/virtualNetworks/cs_cli_test_000002/subnets/default?api-version=2022-01-01
  response:
    body:
      string: "{\r\n  \"name\": \"default\",\r\n  \"id\": \"/subscriptions/00000000-0000-0000-0000-000000000000/resourceGroups/clitest.rg000001/providers/Microsoft.Network/virtualNetworks/cs_cli_test_000002/subnets/default\",\r\n
        \ \"etag\": \"W/\\\"52c7b4b8-e2a5-4e2b-ac79-961f5313650d\\\"\",\r\n  \"properties\":
        {\r\n    \"provisioningState\": \"Succeeded\",\r\n    \"addressPrefix\": \"10.0.0.0/24\",\r\n
        \   \"delegations\": [],\r\n    \"privateEndpointNetworkPolicies\": \"Disabled\",\r\n
        \   \"privateLinkServiceNetworkPolicies\": \"Enabled\"\r\n  },\r\n  \"type\":
        \"Microsoft.Network/virtualNetworks/subnets\"\r\n}"
    headers:
      cache-control:
      - no-cache
      content-length:
      - '541'
      content-type:
      - application/json; charset=utf-8
      date:
      - Tue, 25 Jul 2023 05:12:45 GMT
      etag:
      - W/"52c7b4b8-e2a5-4e2b-ac79-961f5313650d"
      expires:
      - '-1'
      pragma:
      - no-cache
      server:
      - Microsoft-HTTPAPI/2.0
      - Microsoft-HTTPAPI/2.0
      strict-transport-security:
      - max-age=31536000; includeSubDomains
      transfer-encoding:
      - chunked
      vary:
      - Accept-Encoding
      x-content-type-options:
      - nosniff
      x-ms-arm-service-request-id:
      - 2bb9152b-0eaa-4282-9a17-266ae17cd875
    status:
      code: 200
      message: OK
- request:
    body: '{"id": "/subscriptions/00000000-0000-0000-0000-000000000000/resourceGroups/clitest.rg000001/providers/Microsoft.Network/virtualNetworks/cs_cli_test_000002/subnets/default",
      "name": "default", "properties": {"addressPrefix": "10.0.0.0/24", "delegations":
      [], "privateEndpointNetworkPolicies": "Disabled", "privateLinkServiceNetworkPolicies":
      "Enabled"}, "type": "Microsoft.Network/virtualNetworks/subnets"}'
    headers:
      Accept:
      - application/json
      Accept-Encoding:
      - gzip, deflate
      CommandName:
      - network vnet subnet update
      Connection:
      - keep-alive
      Content-Length:
      - '405'
      Content-Type:
      - application/json
      ParameterSetName:
      - --name --resource-group --vnet-name --disable-private-endpoint-network-policies
      User-Agent:
      - AZURECLI/2.50.0 (AAZ) azsdk-python-core/1.26.0 Python/3.10.11 (Windows-10-10.0.22621-SP0)
    method: PUT
    uri: https://management.azure.com/subscriptions/00000000-0000-0000-0000-000000000000/resourceGroups/clitest.rg000001/providers/Microsoft.Network/virtualNetworks/cs_cli_test_000002/subnets/default?api-version=2022-01-01
  response:
    body:
      string: "{\r\n  \"name\": \"default\",\r\n  \"id\": \"/subscriptions/00000000-0000-0000-0000-000000000000/resourceGroups/clitest.rg000001/providers/Microsoft.Network/virtualNetworks/cs_cli_test_000002/subnets/default\",\r\n
        \ \"etag\": \"W/\\\"3175abf2-ebbd-428c-b6db-ba587f716c96\\\"\",\r\n  \"properties\":
        {\r\n    \"provisioningState\": \"Succeeded\",\r\n    \"addressPrefix\": \"10.0.0.0/24\",\r\n
        \   \"delegations\": [],\r\n    \"privateEndpointNetworkPolicies\": \"Disabled\",\r\n
        \   \"privateLinkServiceNetworkPolicies\": \"Enabled\"\r\n  },\r\n  \"type\":
        \"Microsoft.Network/virtualNetworks/subnets\"\r\n}"
    headers:
      azure-asyncnotification:
      - Enabled
      azure-asyncoperation:
      - https://management.azure.com/subscriptions/00000000-0000-0000-0000-000000000000/providers/Microsoft.Network/locations/southcentralus/operations/dbe2bb61-3427-4d8c-9f4d-26d7099ad5b2?api-version=2022-01-01
      cache-control:
      - no-cache
      content-length:
      - '541'
      content-type:
      - application/json; charset=utf-8
      date:
      - Tue, 25 Jul 2023 05:12:45 GMT
      expires:
      - '-1'
      pragma:
      - no-cache
      server:
      - Microsoft-HTTPAPI/2.0
      - Microsoft-HTTPAPI/2.0
      strict-transport-security:
      - max-age=31536000; includeSubDomains
      transfer-encoding:
      - chunked
      vary:
      - Accept-Encoding
      x-content-type-options:
      - nosniff
      x-ms-arm-service-request-id:
      - dcbe171d-ecc5-4378-a10f-41a3bbf37ab8
      x-ms-ratelimit-remaining-subscription-writes:
      - '1199'
    status:
      code: 200
      message: OK
- request:
    body: null
    headers:
      Accept:
      - '*/*'
      Accept-Encoding:
      - gzip, deflate
      CommandName:
      - network vnet subnet update
      Connection:
      - keep-alive
      ParameterSetName:
      - --name --resource-group --vnet-name --disable-private-endpoint-network-policies
      User-Agent:
      - AZURECLI/2.50.0 (AAZ) azsdk-python-core/1.26.0 Python/3.10.11 (Windows-10-10.0.22621-SP0)
    method: GET
    uri: https://management.azure.com/subscriptions/00000000-0000-0000-0000-000000000000/providers/Microsoft.Network/locations/southcentralus/operations/dbe2bb61-3427-4d8c-9f4d-26d7099ad5b2?api-version=2022-01-01
  response:
    body:
      string: "{\r\n  \"status\": \"Succeeded\"\r\n}"
    headers:
      cache-control:
      - no-cache
      content-length:
      - '29'
      content-type:
      - application/json; charset=utf-8
      date:
      - Tue, 25 Jul 2023 05:12:45 GMT
      expires:
      - '-1'
      pragma:
      - no-cache
      server:
      - Microsoft-HTTPAPI/2.0
      - Microsoft-HTTPAPI/2.0
      strict-transport-security:
      - max-age=31536000; includeSubDomains
      transfer-encoding:
      - chunked
      vary:
      - Accept-Encoding
      x-content-type-options:
      - nosniff
      x-ms-arm-service-request-id:
      - 1068aaae-25ca-4fa1-bcae-187cfe721c51
    status:
      code: 200
      message: OK
- request:
    body: null
    headers:
      Accept:
      - '*/*'
      Accept-Encoding:
      - gzip, deflate
      CommandName:
      - network vnet subnet update
      Connection:
      - keep-alive
      ParameterSetName:
      - --name --resource-group --vnet-name --disable-private-endpoint-network-policies
      User-Agent:
      - AZURECLI/2.50.0 (AAZ) azsdk-python-core/1.26.0 Python/3.10.11 (Windows-10-10.0.22621-SP0)
    method: GET
    uri: https://management.azure.com/subscriptions/00000000-0000-0000-0000-000000000000/resourceGroups/clitest.rg000001/providers/Microsoft.Network/virtualNetworks/cs_cli_test_000002/subnets/default?api-version=2022-01-01
  response:
    body:
      string: "{\r\n  \"name\": \"default\",\r\n  \"id\": \"/subscriptions/00000000-0000-0000-0000-000000000000/resourceGroups/clitest.rg000001/providers/Microsoft.Network/virtualNetworks/cs_cli_test_000002/subnets/default\",\r\n
        \ \"etag\": \"W/\\\"3175abf2-ebbd-428c-b6db-ba587f716c96\\\"\",\r\n  \"properties\":
        {\r\n    \"provisioningState\": \"Succeeded\",\r\n    \"addressPrefix\": \"10.0.0.0/24\",\r\n
        \   \"delegations\": [],\r\n    \"privateEndpointNetworkPolicies\": \"Disabled\",\r\n
        \   \"privateLinkServiceNetworkPolicies\": \"Enabled\"\r\n  },\r\n  \"type\":
        \"Microsoft.Network/virtualNetworks/subnets\"\r\n}"
    headers:
      cache-control:
      - no-cache
      content-length:
      - '541'
      content-type:
      - application/json; charset=utf-8
      date:
      - Tue, 25 Jul 2023 05:12:45 GMT
      etag:
      - W/"3175abf2-ebbd-428c-b6db-ba587f716c96"
      expires:
      - '-1'
      pragma:
      - no-cache
      server:
      - Microsoft-HTTPAPI/2.0
      - Microsoft-HTTPAPI/2.0
      strict-transport-security:
      - max-age=31536000; includeSubDomains
      transfer-encoding:
      - chunked
      vary:
      - Accept-Encoding
      x-content-type-options:
      - nosniff
      x-ms-arm-service-request-id:
      - 0040cc62-8565-4ed6-99cd-453dd28d8edc
    status:
      code: 200
      message: OK
- request:
    body: '{"location": "SOUTHCENTRALUS", "properties": {"privateLinkServiceConnections":
      [{"name": "pecs_cli_test_000002", "properties": {"groupIds": ["account"], "privateLinkServiceId":
      "/subscriptions/00000000-0000-0000-0000-000000000000/resourceGroups/clitest.rg000001/providers/Microsoft.CognitiveServices/accounts/cs_cli_test_000002"}}],
      "subnet": {"id": "/subscriptions/00000000-0000-0000-0000-000000000000/resourceGroups/clitest.rg000001/providers/Microsoft.Network/virtualNetworks/cs_cli_test_000002/subnets/default"}}}'
    headers:
      Accept:
      - application/json
      Accept-Encoding:
      - gzip, deflate
      CommandName:
      - network private-endpoint create
      Connection:
      - keep-alive
      Content-Length:
      - '517'
      Content-Type:
      - application/json
      ParameterSetName:
      - -g -n --vnet-name --subnet --private-connection-resource-id --group-id --connection-name
        -l
      User-Agent:
      - AZURECLI/2.50.0 (AAZ) azsdk-python-core/1.26.0 Python/3.10.11 (Windows-10-10.0.22621-SP0)
    method: PUT
    uri: https://management.azure.com/subscriptions/00000000-0000-0000-0000-000000000000/resourceGroups/clitest.rg000001/providers/Microsoft.Network/privateEndpoints/pecs_cli_test_000002?api-version=2022-01-01
  response:
    body:
      string: "{\r\n  \"name\": \"pecs_cli_test_000002\",\r\n  \"id\": \"/subscriptions/00000000-0000-0000-0000-000000000000/resourceGroups/clitest.rg000001/providers/Microsoft.Network/privateEndpoints/pecs_cli_test_000002\",\r\n
        \ \"etag\": \"W/\\\"cc32beb4-c5fb-4442-b750-48d139014bd5\\\"\",\r\n  \"type\":
        \"Microsoft.Network/privateEndpoints\",\r\n  \"location\": \"southcentralus\",\r\n
        \ \"properties\": {\r\n    \"provisioningState\": \"Updating\",\r\n    \"resourceGuid\":
        \"92fd1f69-c204-473e-a4ce-f8ad915a3c30\",\r\n    \"privateLinkServiceConnections\":
        [\r\n      {\r\n        \"name\": \"pecs_cli_test_000002\",\r\n        \"id\":
        \"/subscriptions/00000000-0000-0000-0000-000000000000/resourceGroups/clitest.rg000001/providers/Microsoft.Network/privateEndpoints/pecs_cli_test_000002/privateLinkServiceConnections/pecs_cli_test_000002\",\r\n
        \       \"etag\": \"W/\\\"cc32beb4-c5fb-4442-b750-48d139014bd5\\\"\",\r\n
        \       \"properties\": {\r\n          \"provisioningState\": \"Succeeded\",\r\n
        \         \"privateLinkServiceId\": \"/subscriptions/00000000-0000-0000-0000-000000000000/resourceGroups/clitest.rg000001/providers/Microsoft.CognitiveServices/accounts/cs_cli_test_000002\",\r\n
        \         \"groupIds\": [\r\n            \"account\"\r\n          ],\r\n          \"privateLinkServiceConnectionState\":
        {\r\n            \"status\": \"Approved\",\r\n            \"description\":
        \"Auto Approved\",\r\n            \"actionsRequired\": \"None\"\r\n          }\r\n
        \       },\r\n        \"type\": \"Microsoft.Network/privateEndpoints/privateLinkServiceConnections\"\r\n
        \     }\r\n    ],\r\n    \"manualPrivateLinkServiceConnections\": [],\r\n
        \   \"customNetworkInterfaceName\": \"\",\r\n    \"subnet\": {\r\n      \"id\":
        \"/subscriptions/00000000-0000-0000-0000-000000000000/resourceGroups/clitest.rg000001/providers/Microsoft.Network/virtualNetworks/cs_cli_test_000002/subnets/default\"\r\n
        \   },\r\n    \"ipConfigurations\": [],\r\n    \"networkInterfaces\": [\r\n
        \     {\r\n        \"id\": \"/subscriptions/00000000-0000-0000-0000-000000000000/resourceGroups/clitest.rg000001/providers/Microsoft.Network/networkInterfaces/pecs_cli_test_000002.nic.226ca3db-48f6-4a0d-a0d6-c430a14b8938\"\r\n
        \     }\r\n    ],\r\n    \"customDnsConfigs\": []\r\n  }\r\n}"
    headers:
      azure-asyncnotification:
      - Enabled
      azure-asyncoperation:
      - https://management.azure.com/subscriptions/00000000-0000-0000-0000-000000000000/providers/Microsoft.Network/locations/southcentralus/operations/85d9b3ad-ffa1-4c2e-9e25-3c0792b758a6?api-version=2022-01-01
      cache-control:
      - no-cache
      content-length:
      - '2060'
      content-type:
      - application/json; charset=utf-8
      date:
      - Tue, 25 Jul 2023 05:12:47 GMT
      expires:
      - '-1'
      pragma:
      - no-cache
      server:
      - Microsoft-HTTPAPI/2.0
      - Microsoft-HTTPAPI/2.0
      strict-transport-security:
      - max-age=31536000; includeSubDomains
      x-content-type-options:
      - nosniff
      x-ms-arm-service-request-id:
      - 1496868c-01ee-4277-90f5-3b677e709318
      x-ms-ratelimit-remaining-subscription-writes:
      - '1198'
    status:
      code: 201
      message: Created
- request:
    body: null
    headers:
      Accept:
      - '*/*'
      Accept-Encoding:
      - gzip, deflate
      CommandName:
      - network private-endpoint create
      Connection:
      - keep-alive
      ParameterSetName:
      - -g -n --vnet-name --subnet --private-connection-resource-id --group-id --connection-name
        -l
      User-Agent:
      - AZURECLI/2.50.0 (AAZ) azsdk-python-core/1.26.0 Python/3.10.11 (Windows-10-10.0.22621-SP0)
    method: GET
    uri: https://management.azure.com/subscriptions/00000000-0000-0000-0000-000000000000/providers/Microsoft.Network/locations/southcentralus/operations/85d9b3ad-ffa1-4c2e-9e25-3c0792b758a6?api-version=2022-01-01
  response:
    body:
      string: "{\r\n  \"status\": \"InProgress\"\r\n}"
    headers:
      cache-control:
      - no-cache
      content-length:
      - '30'
      content-type:
      - application/json; charset=utf-8
      date:
      - Tue, 25 Jul 2023 05:12:47 GMT
      expires:
      - '-1'
      pragma:
      - no-cache
      server:
      - Microsoft-HTTPAPI/2.0
      - Microsoft-HTTPAPI/2.0
      strict-transport-security:
      - max-age=31536000; includeSubDomains
      transfer-encoding:
      - chunked
      vary:
      - Accept-Encoding
      x-content-type-options:
      - nosniff
      x-ms-arm-service-request-id:
      - c2cff3ec-bc15-4a93-8d57-bbdc5f18733e
    status:
      code: 200
      message: OK
- request:
    body: null
    headers:
      Accept:
      - '*/*'
      Accept-Encoding:
      - gzip, deflate
      CommandName:
      - network private-endpoint create
      Connection:
      - keep-alive
      ParameterSetName:
      - -g -n --vnet-name --subnet --private-connection-resource-id --group-id --connection-name
        -l
      User-Agent:
      - AZURECLI/2.50.0 (AAZ) azsdk-python-core/1.26.0 Python/3.10.11 (Windows-10-10.0.22621-SP0)
    method: GET
    uri: https://management.azure.com/subscriptions/00000000-0000-0000-0000-000000000000/providers/Microsoft.Network/locations/southcentralus/operations/85d9b3ad-ffa1-4c2e-9e25-3c0792b758a6?api-version=2022-01-01
  response:
    body:
      string: "{\r\n  \"status\": \"InProgress\"\r\n}"
    headers:
      cache-control:
      - no-cache
      content-length:
      - '30'
      content-type:
      - application/json; charset=utf-8
      date:
      - Tue, 25 Jul 2023 05:12:57 GMT
      expires:
      - '-1'
      pragma:
      - no-cache
      server:
      - Microsoft-HTTPAPI/2.0
      - Microsoft-HTTPAPI/2.0
      strict-transport-security:
      - max-age=31536000; includeSubDomains
      transfer-encoding:
      - chunked
      vary:
      - Accept-Encoding
      x-content-type-options:
      - nosniff
      x-ms-arm-service-request-id:
      - ac4e9733-4dd7-401e-80b3-00d0e3128acf
    status:
      code: 200
      message: OK
- request:
    body: null
    headers:
      Accept:
      - '*/*'
      Accept-Encoding:
      - gzip, deflate
      CommandName:
      - network private-endpoint create
      Connection:
      - keep-alive
      ParameterSetName:
      - -g -n --vnet-name --subnet --private-connection-resource-id --group-id --connection-name
        -l
      User-Agent:
      - AZURECLI/2.50.0 (AAZ) azsdk-python-core/1.26.0 Python/3.10.11 (Windows-10-10.0.22621-SP0)
    method: GET
    uri: https://management.azure.com/subscriptions/00000000-0000-0000-0000-000000000000/providers/Microsoft.Network/locations/southcentralus/operations/85d9b3ad-ffa1-4c2e-9e25-3c0792b758a6?api-version=2022-01-01
  response:
    body:
      string: "{\r\n  \"status\": \"Succeeded\"\r\n}"
    headers:
      cache-control:
      - no-cache
      content-length:
      - '29'
      content-type:
      - application/json; charset=utf-8
      date:
      - Tue, 25 Jul 2023 05:13:17 GMT
      expires:
      - '-1'
      pragma:
      - no-cache
      server:
      - Microsoft-HTTPAPI/2.0
      - Microsoft-HTTPAPI/2.0
      strict-transport-security:
      - max-age=31536000; includeSubDomains
      transfer-encoding:
      - chunked
      vary:
      - Accept-Encoding
      x-content-type-options:
      - nosniff
      x-ms-arm-service-request-id:
      - ee6a8613-fe02-4772-b0fd-5cca821ce8bf
    status:
      code: 200
      message: OK
- request:
    body: null
    headers:
      Accept:
      - '*/*'
      Accept-Encoding:
      - gzip, deflate
      CommandName:
      - network private-endpoint create
      Connection:
      - keep-alive
      ParameterSetName:
      - -g -n --vnet-name --subnet --private-connection-resource-id --group-id --connection-name
        -l
      User-Agent:
      - AZURECLI/2.50.0 (AAZ) azsdk-python-core/1.26.0 Python/3.10.11 (Windows-10-10.0.22621-SP0)
    method: GET
    uri: https://management.azure.com/subscriptions/00000000-0000-0000-0000-000000000000/resourceGroups/clitest.rg000001/providers/Microsoft.Network/privateEndpoints/pecs_cli_test_000002?api-version=2022-01-01
  response:
    body:
      string: "{\r\n  \"name\": \"pecs_cli_test_000002\",\r\n  \"id\": \"/subscriptions/00000000-0000-0000-0000-000000000000/resourceGroups/clitest.rg000001/providers/Microsoft.Network/privateEndpoints/pecs_cli_test_000002\",\r\n
        \ \"etag\": \"W/\\\"bec4f49a-6d60-4ca4-99f1-9c1940febebe\\\"\",\r\n  \"type\":
        \"Microsoft.Network/privateEndpoints\",\r\n  \"location\": \"southcentralus\",\r\n
        \ \"properties\": {\r\n    \"provisioningState\": \"Succeeded\",\r\n    \"resourceGuid\":
        \"92fd1f69-c204-473e-a4ce-f8ad915a3c30\",\r\n    \"privateLinkServiceConnections\":
        [\r\n      {\r\n        \"name\": \"pecs_cli_test_000002\",\r\n        \"id\":
        \"/subscriptions/00000000-0000-0000-0000-000000000000/resourceGroups/clitest.rg000001/providers/Microsoft.Network/privateEndpoints/pecs_cli_test_000002/privateLinkServiceConnections/pecs_cli_test_000002\",\r\n
        \       \"etag\": \"W/\\\"bec4f49a-6d60-4ca4-99f1-9c1940febebe\\\"\",\r\n
        \       \"properties\": {\r\n          \"provisioningState\": \"Succeeded\",\r\n
        \         \"privateLinkServiceId\": \"/subscriptions/00000000-0000-0000-0000-000000000000/resourceGroups/clitest.rg000001/providers/Microsoft.CognitiveServices/accounts/cs_cli_test_000002\",\r\n
        \         \"groupIds\": [\r\n            \"account\"\r\n          ],\r\n          \"privateLinkServiceConnectionState\":
        {\r\n            \"status\": \"Approved\",\r\n            \"description\":
        \"Approved\",\r\n            \"actionsRequired\": \"None\"\r\n          }\r\n
        \       },\r\n        \"type\": \"Microsoft.Network/privateEndpoints/privateLinkServiceConnections\"\r\n
        \     }\r\n    ],\r\n    \"manualPrivateLinkServiceConnections\": [],\r\n
        \   \"customNetworkInterfaceName\": \"\",\r\n    \"subnet\": {\r\n      \"id\":
        \"/subscriptions/00000000-0000-0000-0000-000000000000/resourceGroups/clitest.rg000001/providers/Microsoft.Network/virtualNetworks/cs_cli_test_000002/subnets/default\"\r\n
        \   },\r\n    \"ipConfigurations\": [],\r\n    \"networkInterfaces\": [\r\n
        \     {\r\n        \"id\": \"/subscriptions/00000000-0000-0000-0000-000000000000/resourceGroups/clitest.rg000001/providers/Microsoft.Network/networkInterfaces/pecs_cli_test_000002.nic.226ca3db-48f6-4a0d-a0d6-c430a14b8938\"\r\n
        \     }\r\n    ],\r\n    \"customDnsConfigs\": [\r\n      {\r\n        \"fqdn\":
        \"csclitest000003.cognitiveservices.azure.com\",\r\n        \"ipAddresses\":
        [\r\n          \"10.0.0.4\"\r\n        ]\r\n      }\r\n    ]\r\n  }\r\n}"
    headers:
      cache-control:
      - no-cache
      content-length:
      - '2203'
      content-type:
      - application/json; charset=utf-8
      date:
      - Tue, 25 Jul 2023 05:13:17 GMT
      etag:
      - W/"bec4f49a-6d60-4ca4-99f1-9c1940febebe"
      expires:
      - '-1'
      pragma:
      - no-cache
      server:
      - Microsoft-HTTPAPI/2.0
      - Microsoft-HTTPAPI/2.0
      strict-transport-security:
      - max-age=31536000; includeSubDomains
      transfer-encoding:
      - chunked
      vary:
      - Accept-Encoding
      x-content-type-options:
      - nosniff
      x-ms-arm-service-request-id:
      - 1ccc0137-c895-4bba-8d36-a2b9aaf24c70
    status:
      code: 200
      message: OK
- request:
    body: null
    headers:
      Accept:
      - application/json
      Accept-Encoding:
      - gzip, deflate
      CommandName:
      - cognitiveservices account show
      Connection:
      - keep-alive
      ParameterSetName:
      - -n -g
      User-Agent:
      - AZURECLI/2.50.0 azsdk-python-mgmt-cognitiveservices/13.5.0 Python/3.10.11
        (Windows-10-10.0.22621-SP0)
    method: GET
    uri: https://management.azure.com/subscriptions/00000000-0000-0000-0000-000000000000/resourceGroups/clitest.rg000001/providers/Microsoft.CognitiveServices/accounts/cs_cli_test_000002?api-version=2023-05-01
  response:
    body:
      string: '{"id":"/subscriptions/00000000-0000-0000-0000-000000000000/resourceGroups/clitest.rg000001/providers/Microsoft.CognitiveServices/accounts/cs_cli_test_000002","name":"cs_cli_test_000002","type":"Microsoft.CognitiveServices/accounts","etag":"\"7e00da02-0000-0500-0000-64bf59db0000\"","location":"SOUTHCENTRALUS","sku":{"name":"S0"},"kind":"FormRecognizer","properties":{"endpoint":"https://csclitest000003.cognitiveservices.azure.com/","internalId":"4ff2297231db44849b03a2cb2f34fbd1","dateCreated":"2023-07-25T05:11:59.9606827Z","callRateLimit":{"rules":[{"key":"container.billing","renewalPeriod":10,"count":500,"matchPatterns":[{"path":"billing/*","method":"*"}]},{"key":"formrecognizer.analyze","renewalPeriod":1,"count":15,"dynamicThrottlingEnabled":true,"matchPatterns":[{"path":"formrecognizer/custom/models/{id}/analyze","method":"POST"},{"path":"formrecognizer/custom/models/{modelId}/analyze","method":"POST"},{"path":"formrecognizer/prebuilt/businessCard/analyze","method":"POST"},{"path":"formrecognizer/prebuilt/idDocument/analyze","method":"POST"},{"path":"formrecognizer/prebuilt/invoice/analyze","method":"POST"},{"path":"formrecognizer/layout/analyze","method":"POST"},{"path":"formrecognizer/prebuilt/receipt/analyze","method":"POST"},{"path":"formrecognizer/prebuilt/receipt/asyncBatchAnalyze","method":"POST"},{"path":"formrecognizer/documentModels/{modelId}:analyze","method":"POST"},{"path":"formrecognizer/read","method":"POST"},{"path":"formrecognizer/documentClassifiers/{classifierId}:analyze","method":"POST"}]},{"key":"formrecognizer.get.object","renewalPeriod":1,"count":50,"dynamicThrottlingEnabled":true,"matchPatterns":[{"path":"formrecognizer/custom/models/{modelId}/analyzeResults/{resultId}","method":"GET"},{"path":"formrecognizer/prebuilt/businessCard/analyzeResults/{resultId}","method":"GET"},{"path":"formrecognizer/prebuilt/idDocument/analyzeResults/{resultId}","method":"GET"},{"path":"formrecognizer/prebuilt/invoice/analyzeResults/{resultId}","method":"GET"},{"path":"formrecognizer/prebuilt/receipt/analyzeResults/{resultId}","method":"GET"},{"path":"formrecognizer/prebuilt/receipt/operations/{operationId}","method":"GET"},{"path":"formrecognizer/documentModels/{modelId}/analyzeResults/{resultId}","method":"GET"},{"path":"formrecognizer/layout/analyzeResults/{resultId}","method":"GET"},{"path":"formrecognizer/custom/models/{modelId}","method":"GET"},{"path":"formrecognizer/custom/models/{modelId}/copyResults/{resultId}","method":"GET"},{"path":"formrecognizer/operations/{operationId}","method":"GET"},{"path":"formrecognizer/custom/models/{modelId}","method":"GET"},{"path":"formrecognizer/custom/models/{id}","method":"GET"},{"path":"formrecognizer/documentModels/{modelId}","method":"GET"},{"path":"formrecognizer/documentClassifiers/{classifierId}","method":"GET"},{"path":"formrecognizer/documentClassifiers/{classifierId}/analyzeResults/{resultId}","method":"GET"}]},{"key":"formrecognizer.list.objects","renewalPeriod":1,"count":10,"dynamicThrottlingEnabled":true,"matchPatterns":[{"path":"formrecognizer/operations","method":"GET"},{"path":"formrecognizer/info","method":"GET"},{"path":"formrecognizer/documentModels","method":"GET"},{"path":"formrecognizer/custom/models","method":"GET"},{"path":"formrecognizer/documentClassifiers","method":"GET"}]},{"key":"formrecognizer.model.management","renewalPeriod":1,"count":5,"dynamicThrottlingEnabled":true,"matchPatterns":[{"path":"formrecognizer/custom/models","method":"POST"},{"path":"formrecognizer/custom/models/compose","method":"POST"},{"path":"formrecognizer/custom/models/copyAuthorization","method":"POST"},{"path":"formrecognizer/custom/models/{id}","method":"DELETE"},{"path":"formrecognizer/custom/models/{id}/keys","method":"GET"},{"path":"formrecognizer/custom/models/{modelId}","method":"DELETE"},{"path":"formrecognizer/custom/models/{modelId}/copy","method":"POST"},{"path":"formrecognizer/documentModels/{modelId}:copyTo","method":"POST"},{"path":"formrecognizer/documentModels:authorizeCopy","method":"POST"},{"path":"formrecognizer/documentModels:build","method":"POST"},{"path":"formrecognizer/documentModels:compose","method":"POST"},{"path":"formrecognizer/custom/train","method":"POST"},{"path":"formrecognizer/custom/models/{modelId}","method":"DELETE"},{"path":"formrecognizer/documentModels/{modelId}","method":"DELETE"},{"path":"formrecognizer/documentClassifiers:build","method":"POST"},{"path":"formrecognizer/documentClassifiers/{classifierId}","method":"DELETE"}]},{"key":"default","renewalPeriod":1,"count":5,"dynamicThrottlingEnabled":true,"matchPatterns":[{"path":"*","method":"*"}]}]},"isMigrated":false,"customSubDomainName":"csclitest000003","privateEndpointConnections":[{"id":"/subscriptions/00000000-0000-0000-0000-000000000000/resourceGroups/clitest.rg000001/providers/Microsoft.CognitiveServices/accounts/cs_cli_test_000002/privateEndpointConnections/pecs_cli_test_000002.92fd1f69-c204-473e-a4ce-f8ad915a3c30","name":"cs_cli_test_000002/pecs_cli_test_000002.92fd1f69-c204-473e-a4ce-f8ad915a3c30","type":"Microsoft.CognitiveServices/accounts/privateEndpointConnections","properties":{"privateEndpoint":{"id":"/subscriptions/00000000-0000-0000-0000-000000000000/resourceGroups/clitest.rg000001/providers/Microsoft.Network/privateEndpoints/pecs_cli_test_000002"},"groupIds":["account"],"privateLinkServiceConnectionState":{"status":"Approved","description":"Approved","actionsRequired":"None"}}}],"publicNetworkAccess":"Enabled","capabilities":[{"name":"DynamicThrottling"},{"name":"VirtualNetworks"},{"name":"CustomerManagedKey"},{"name":"Container","value":"FormRecognizer.*"}],"endpoints":{"FormRecognizer":"https://csclitest000003.cognitiveservices.azure.com/","Container":"https://csclitest000003.cognitiveservices.azure.com/"},"provisioningState":"Succeeded"},"systemData":{"createdBy":"yuanyang@microsoft.com","createdByType":"User","createdAt":"2023-07-25T05:11:59.598644Z","lastModifiedBy":"yuanyang@microsoft.com","lastModifiedByType":"User","lastModifiedAt":"2023-07-25T05:11:59.598644Z"}}'
    headers:
      cache-control:
      - no-cache
      content-length:
      - '6046'
      content-type:
      - application/json; charset=utf-8
      date:
      - Tue, 25 Jul 2023 05:13:18 GMT
      etag:
      - '"7e00da02-0000-0500-0000-64bf59db0000"'
      expires:
      - '-1'
      pragma:
      - no-cache
      server:
      - istio-envoy
      strict-transport-security:
      - max-age=31536000; includeSubDomains
      transfer-encoding:
      - chunked
      vary:
      - Accept-Encoding
      x-content-type-options:
      - nosniff
      x-envoy-upstream-service-time:
      - '22'
    status:
      code: 200
      message: OK
- request:
    body: null
    headers:
      Accept:
      - '*/*'
      Accept-Encoding:
      - gzip, deflate
      CommandName:
      - network private-endpoint-connection show
      Connection:
      - keep-alive
      ParameterSetName:
      - --id
      User-Agent:
      - python/3.10.11 (Windows-10-10.0.22621-SP0) AZURECLI/2.50.0
    method: GET
    uri: https://management.azure.com/subscriptions/00000000-0000-0000-0000-000000000000/resourceGroups/clitest.rg000001/providers/Microsoft.CognitiveServices/accounts/cs_cli_test_000002/privateEndpointConnections/pecs_cli_test_000002.92fd1f69-c204-473e-a4ce-f8ad915a3c30?api-version=2022-03-01
  response:
    body:
      string: '{"id":"/subscriptions/00000000-0000-0000-0000-000000000000/resourceGroups/clitest.rg000001/providers/Microsoft.CognitiveServices/accounts/cs_cli_test_000002/privateEndpointConnections/pecs_cli_test_000002.92fd1f69-c204-473e-a4ce-f8ad915a3c30","name":"cs_cli_test_000002/pecs_cli_test_000002.92fd1f69-c204-473e-a4ce-f8ad915a3c30","type":"Microsoft.CognitiveServices/accounts/privateEndpointConnections","etag":"\"06026520-0000-0500-0000-64bf59dd0000\"","location":"SOUTHCENTRALUS","properties":{"privateEndpoint":{"id":"/subscriptions/00000000-0000-0000-0000-000000000000/resourceGroups/clitest.rg000001/providers/Microsoft.Network/privateEndpoints/pecs_cli_test_000002"},"groupIds":["account"],"privateLinkServiceConnectionState":{"status":"Approved","description":"Approved","actionsRequired":"None"},"provisioningState":"Succeeded"}}'
    headers:
      cache-control:
      - no-cache
      content-length:
      - '835'
      content-type:
      - application/json; charset=utf-8
      date:
      - Tue, 25 Jul 2023 05:13:18 GMT
      etag:
      - '"06026520-0000-0500-0000-64bf59dd0000"'
      expires:
      - '-1'
      pragma:
      - no-cache
      server:
      - istio-envoy
      strict-transport-security:
      - max-age=31536000; includeSubDomains
      transfer-encoding:
      - chunked
      vary:
      - Accept-Encoding
      x-content-type-options:
      - nosniff
      x-envoy-upstream-service-time:
      - '11'
    status:
      code: 200
      message: OK
- request:
    body: null
    headers:
      Accept:
      - '*/*'
      Accept-Encoding:
      - gzip, deflate
      CommandName:
      - network private-endpoint-connection approve
      Connection:
      - keep-alive
      ParameterSetName:
      - --id
      User-Agent:
      - python/3.10.11 (Windows-10-10.0.22621-SP0) AZURECLI/2.50.0
    method: GET
    uri: https://management.azure.com/subscriptions/00000000-0000-0000-0000-000000000000/resourceGroups/clitest.rg000001/providers/Microsoft.CognitiveServices/accounts/cs_cli_test_000002/privateEndpointConnections/pecs_cli_test_000002.92fd1f69-c204-473e-a4ce-f8ad915a3c30?api-version=2022-03-01
  response:
    body:
      string: '{"id":"/subscriptions/00000000-0000-0000-0000-000000000000/resourceGroups/clitest.rg000001/providers/Microsoft.CognitiveServices/accounts/cs_cli_test_000002/privateEndpointConnections/pecs_cli_test_000002.92fd1f69-c204-473e-a4ce-f8ad915a3c30","name":"cs_cli_test_000002/pecs_cli_test_000002.92fd1f69-c204-473e-a4ce-f8ad915a3c30","type":"Microsoft.CognitiveServices/accounts/privateEndpointConnections","etag":"\"06026520-0000-0500-0000-64bf59dd0000\"","location":"SOUTHCENTRALUS","properties":{"privateEndpoint":{"id":"/subscriptions/00000000-0000-0000-0000-000000000000/resourceGroups/clitest.rg000001/providers/Microsoft.Network/privateEndpoints/pecs_cli_test_000002"},"groupIds":["account"],"privateLinkServiceConnectionState":{"status":"Approved","description":"Approved","actionsRequired":"None"},"provisioningState":"Succeeded"}}'
    headers:
      cache-control:
      - no-cache
      content-length:
      - '835'
      content-type:
      - application/json; charset=utf-8
      date:
      - Tue, 25 Jul 2023 05:13:19 GMT
      etag:
      - '"06026520-0000-0500-0000-64bf59dd0000"'
      expires:
      - '-1'
      pragma:
      - no-cache
      server:
      - istio-envoy
      strict-transport-security:
      - max-age=31536000; includeSubDomains
      transfer-encoding:
      - chunked
      vary:
      - Accept-Encoding
      x-content-type-options:
      - nosniff
      x-envoy-upstream-service-time:
      - '16'
    status:
      code: 200
      message: OK
- request:
    body: '{"id": "/subscriptions/00000000-0000-0000-0000-000000000000/resourceGroups/clitest.rg000001/providers/Microsoft.CognitiveServices/accounts/cs_cli_test_000002/privateEndpointConnections/pecs_cli_test_000002.92fd1f69-c204-473e-a4ce-f8ad915a3c30",
      "name": "cs_cli_test_000002/pecs_cli_test_000002.92fd1f69-c204-473e-a4ce-f8ad915a3c30",
      "type": "Microsoft.CognitiveServices/accounts/privateEndpointConnections", "etag":
      "\"06026520-0000-0500-0000-64bf59dd0000\"", "location": "SOUTHCENTRALUS", "properties":
      {"privateEndpoint": {"id": "/subscriptions/00000000-0000-0000-0000-000000000000/resourceGroups/clitest.rg000001/providers/Microsoft.Network/privateEndpoints/pecs_cli_test_000002"},
      "groupIds": ["account"], "privateLinkServiceConnectionState": {"status": "Approved",
      "description": null, "actionsRequired": "None"}, "provisioningState": "Succeeded"}}'
    headers:
      Accept:
      - '*/*'
      Accept-Encoding:
      - gzip, deflate
      CommandName:
      - network private-endpoint-connection approve
      Connection:
      - keep-alive
      Content-Length:
      - '853'
      Content-Type:
      - application/json
      ParameterSetName:
      - --id
      User-Agent:
      - python/3.10.11 (Windows-10-10.0.22621-SP0) AZURECLI/2.50.0
    method: PUT
    uri: https://management.azure.com/subscriptions/00000000-0000-0000-0000-000000000000/resourceGroups/clitest.rg000001/providers/Microsoft.CognitiveServices/accounts/cs_cli_test_000002/privateEndpointConnections/pecs_cli_test_000002.92fd1f69-c204-473e-a4ce-f8ad915a3c30?api-version=2022-03-01
  response:
    body:
      string: '{"id":"/subscriptions/00000000-0000-0000-0000-000000000000/resourceGroups/clitest.rg000001/providers/Microsoft.CognitiveServices/accounts/cs_cli_test_000002/privateEndpointConnections/pecs_cli_test_000002.92fd1f69-c204-473e-a4ce-f8ad915a3c30","name":"cs_cli_test_000002/pecs_cli_test_000002.92fd1f69-c204-473e-a4ce-f8ad915a3c30","type":"Microsoft.CognitiveServices/accounts/privateEndpointConnections","etag":"\"06027621-0000-0500-0000-64bf59f00000\"","location":"SOUTHCENTRALUS","properties":{"privateEndpoint":{"id":"/subscriptions/00000000-0000-0000-0000-000000000000/resourceGroups/clitest.rg000001/providers/Microsoft.Network/privateEndpoints/pecs_cli_test_000002"},"groupIds":["account"],"privateLinkServiceConnectionState":{"status":"Approved","description":"Approved","actionsRequired":"None"},"provisioningState":"Succeeded"}}'
    headers:
      cache-control:
      - no-cache
      content-length:
      - '835'
      content-type:
      - application/json; charset=utf-8
      date:
      - Tue, 25 Jul 2023 05:13:20 GMT
      etag:
      - '"06027621-0000-0500-0000-64bf59f00000"'
      expires:
      - '-1'
      pragma:
      - no-cache
      server:
      - istio-envoy
      strict-transport-security:
      - max-age=31536000; includeSubDomains
      transfer-encoding:
      - chunked
      vary:
      - Accept-Encoding
      x-content-type-options:
      - nosniff
      x-envoy-upstream-service-time:
      - '47'
      x-ms-ratelimit-remaining-subscription-writes:
      - '1198'
    status:
      code: 200
      message: OK
- request:
    body: null
    headers:
      Accept:
      - '*/*'
      Accept-Encoding:
      - gzip, deflate
      CommandName:
      - network private-endpoint-connection approve
      Connection:
      - keep-alive
      ParameterSetName:
      - --id
      User-Agent:
      - python/3.10.11 (Windows-10-10.0.22621-SP0) AZURECLI/2.50.0
    method: GET
    uri: https://management.azure.com/subscriptions/00000000-0000-0000-0000-000000000000/resourceGroups/clitest.rg000001/providers/Microsoft.CognitiveServices/accounts/cs_cli_test_000002/privateEndpointConnections/pecs_cli_test_000002.92fd1f69-c204-473e-a4ce-f8ad915a3c30?api-version=2022-03-01
  response:
    body:
      string: '{"id":"/subscriptions/00000000-0000-0000-0000-000000000000/resourceGroups/clitest.rg000001/providers/Microsoft.CognitiveServices/accounts/cs_cli_test_000002/privateEndpointConnections/pecs_cli_test_000002.92fd1f69-c204-473e-a4ce-f8ad915a3c30","name":"cs_cli_test_000002/pecs_cli_test_000002.92fd1f69-c204-473e-a4ce-f8ad915a3c30","type":"Microsoft.CognitiveServices/accounts/privateEndpointConnections","etag":"\"06027621-0000-0500-0000-64bf59f00000\"","location":"SOUTHCENTRALUS","properties":{"privateEndpoint":{"id":"/subscriptions/00000000-0000-0000-0000-000000000000/resourceGroups/clitest.rg000001/providers/Microsoft.Network/privateEndpoints/pecs_cli_test_000002"},"groupIds":["account"],"privateLinkServiceConnectionState":{"status":"Approved","description":"Approved","actionsRequired":"None"},"provisioningState":"Succeeded"}}'
    headers:
      cache-control:
      - no-cache
      content-length:
      - '835'
      content-type:
      - application/json; charset=utf-8
      date:
      - Tue, 25 Jul 2023 05:13:30 GMT
      etag:
      - '"06027621-0000-0500-0000-64bf59f00000"'
      expires:
      - '-1'
      pragma:
      - no-cache
      server:
      - istio-envoy
      strict-transport-security:
      - max-age=31536000; includeSubDomains
      transfer-encoding:
      - chunked
      vary:
      - Accept-Encoding
      x-content-type-options:
      - nosniff
      x-envoy-upstream-service-time:
      - '11'
    status:
      code: 200
      message: OK
- request:
    body: null
    headers:
      Accept:
      - '*/*'
      Accept-Encoding:
      - gzip, deflate
      CommandName:
      - network private-endpoint-connection reject
      Connection:
      - keep-alive
      ParameterSetName:
      - --id
      User-Agent:
      - python/3.10.11 (Windows-10-10.0.22621-SP0) AZURECLI/2.50.0
    method: GET
    uri: https://management.azure.com/subscriptions/00000000-0000-0000-0000-000000000000/resourceGroups/clitest.rg000001/providers/Microsoft.CognitiveServices/accounts/cs_cli_test_000002/privateEndpointConnections/pecs_cli_test_000002.92fd1f69-c204-473e-a4ce-f8ad915a3c30?api-version=2022-03-01
  response:
    body:
      string: '{"id":"/subscriptions/00000000-0000-0000-0000-000000000000/resourceGroups/clitest.rg000001/providers/Microsoft.CognitiveServices/accounts/cs_cli_test_000002/privateEndpointConnections/pecs_cli_test_000002.92fd1f69-c204-473e-a4ce-f8ad915a3c30","name":"cs_cli_test_000002/pecs_cli_test_000002.92fd1f69-c204-473e-a4ce-f8ad915a3c30","type":"Microsoft.CognitiveServices/accounts/privateEndpointConnections","etag":"\"06027621-0000-0500-0000-64bf59f00000\"","location":"SOUTHCENTRALUS","properties":{"privateEndpoint":{"id":"/subscriptions/00000000-0000-0000-0000-000000000000/resourceGroups/clitest.rg000001/providers/Microsoft.Network/privateEndpoints/pecs_cli_test_000002"},"groupIds":["account"],"privateLinkServiceConnectionState":{"status":"Approved","description":"Approved","actionsRequired":"None"},"provisioningState":"Succeeded"}}'
    headers:
      cache-control:
      - no-cache
      content-length:
      - '835'
      content-type:
      - application/json; charset=utf-8
      date:
      - Tue, 25 Jul 2023 05:13:30 GMT
      etag:
      - '"06027621-0000-0500-0000-64bf59f00000"'
      expires:
      - '-1'
      pragma:
      - no-cache
      server:
      - istio-envoy
      strict-transport-security:
      - max-age=31536000; includeSubDomains
      transfer-encoding:
      - chunked
      vary:
      - Accept-Encoding
      x-content-type-options:
      - nosniff
      x-envoy-upstream-service-time:
      - '13'
    status:
      code: 200
      message: OK
- request:
    body: '{"id": "/subscriptions/00000000-0000-0000-0000-000000000000/resourceGroups/clitest.rg000001/providers/Microsoft.CognitiveServices/accounts/cs_cli_test_000002/privateEndpointConnections/pecs_cli_test_000002.92fd1f69-c204-473e-a4ce-f8ad915a3c30",
      "name": "cs_cli_test_000002/pecs_cli_test_000002.92fd1f69-c204-473e-a4ce-f8ad915a3c30",
      "type": "Microsoft.CognitiveServices/accounts/privateEndpointConnections", "etag":
      "\"06027621-0000-0500-0000-64bf59f00000\"", "location": "SOUTHCENTRALUS", "properties":
      {"privateEndpoint": {"id": "/subscriptions/00000000-0000-0000-0000-000000000000/resourceGroups/clitest.rg000001/providers/Microsoft.Network/privateEndpoints/pecs_cli_test_000002"},
      "groupIds": ["account"], "privateLinkServiceConnectionState": {"status": "Rejected",
      "description": null, "actionsRequired": "None"}, "provisioningState": "Succeeded"}}'
    headers:
      Accept:
      - '*/*'
      Accept-Encoding:
      - gzip, deflate
      CommandName:
      - network private-endpoint-connection reject
      Connection:
      - keep-alive
      Content-Length:
      - '853'
      Content-Type:
      - application/json
      ParameterSetName:
      - --id
      User-Agent:
      - python/3.10.11 (Windows-10-10.0.22621-SP0) AZURECLI/2.50.0
    method: PUT
    uri: https://management.azure.com/subscriptions/00000000-0000-0000-0000-000000000000/resourceGroups/clitest.rg000001/providers/Microsoft.CognitiveServices/accounts/cs_cli_test_000002/privateEndpointConnections/pecs_cli_test_000002.92fd1f69-c204-473e-a4ce-f8ad915a3c30?api-version=2022-03-01
  response:
    body:
      string: '{"id":"/subscriptions/00000000-0000-0000-0000-000000000000/resourceGroups/clitest.rg000001/providers/Microsoft.CognitiveServices/accounts/cs_cli_test_000002/privateEndpointConnections/pecs_cli_test_000002.92fd1f69-c204-473e-a4ce-f8ad915a3c30","name":"cs_cli_test_000002/pecs_cli_test_000002.92fd1f69-c204-473e-a4ce-f8ad915a3c30","type":"Microsoft.CognitiveServices/accounts/privateEndpointConnections","etag":"\"06025123-0000-0500-0000-64bf5a110000\"","location":"SOUTHCENTRALUS","properties":{"privateEndpoint":{"id":"/subscriptions/00000000-0000-0000-0000-000000000000/resourceGroups/clitest.rg000001/providers/Microsoft.Network/privateEndpoints/pecs_cli_test_000002"},"groupIds":["account"],"privateLinkServiceConnectionState":{"status":"Rejected","actionsRequired":"None"},"provisioningState":"Succeeded"}}'
    headers:
      cache-control:
      - no-cache
      content-length:
      - '810'
      content-type:
      - application/json; charset=utf-8
      date:
      - Tue, 25 Jul 2023 05:13:52 GMT
      etag:
      - '"06025123-0000-0500-0000-64bf5a110000"'
      expires:
      - '-1'
      pragma:
      - no-cache
      server:
      - istio-envoy
      strict-transport-security:
      - max-age=31536000; includeSubDomains
      transfer-encoding:
      - chunked
      vary:
      - Accept-Encoding
      x-content-type-options:
      - nosniff
      x-envoy-upstream-service-time:
      - '21921'
      x-ms-ratelimit-remaining-subscription-writes:
      - '1198'
    status:
      code: 200
      message: OK
- request:
    body: null
    headers:
      Accept:
      - '*/*'
      Accept-Encoding:
      - gzip, deflate
      CommandName:
      - network private-endpoint-connection reject
      Connection:
      - keep-alive
      ParameterSetName:
      - --id
      User-Agent:
      - python/3.10.11 (Windows-10-10.0.22621-SP0) AZURECLI/2.50.0
    method: GET
    uri: https://management.azure.com/subscriptions/00000000-0000-0000-0000-000000000000/resourceGroups/clitest.rg000001/providers/Microsoft.CognitiveServices/accounts/cs_cli_test_000002/privateEndpointConnections/pecs_cli_test_000002.92fd1f69-c204-473e-a4ce-f8ad915a3c30?api-version=2022-03-01
  response:
    body:
      string: '{"id":"/subscriptions/00000000-0000-0000-0000-000000000000/resourceGroups/clitest.rg000001/providers/Microsoft.CognitiveServices/accounts/cs_cli_test_000002/privateEndpointConnections/pecs_cli_test_000002.92fd1f69-c204-473e-a4ce-f8ad915a3c30","name":"cs_cli_test_000002/pecs_cli_test_000002.92fd1f69-c204-473e-a4ce-f8ad915a3c30","type":"Microsoft.CognitiveServices/accounts/privateEndpointConnections","etag":"\"06025123-0000-0500-0000-64bf5a110000\"","location":"SOUTHCENTRALUS","properties":{"privateEndpoint":{"id":"/subscriptions/00000000-0000-0000-0000-000000000000/resourceGroups/clitest.rg000001/providers/Microsoft.Network/privateEndpoints/pecs_cli_test_000002"},"groupIds":["account"],"privateLinkServiceConnectionState":{"status":"Rejected","actionsRequired":"None"},"provisioningState":"Succeeded"}}'
    headers:
      cache-control:
      - no-cache
      content-length:
      - '810'
      content-type:
      - application/json; charset=utf-8
      date:
      - Tue, 25 Jul 2023 05:14:03 GMT
      etag:
      - '"06025123-0000-0500-0000-64bf5a110000"'
      expires:
      - '-1'
      pragma:
      - no-cache
      server:
      - istio-envoy
      strict-transport-security:
      - max-age=31536000; includeSubDomains
      transfer-encoding:
      - chunked
      vary:
      - Accept-Encoding
      x-content-type-options:
      - nosniff
      x-envoy-upstream-service-time:
      - '18'
    status:
      code: 200
      message: OK
- request:
    body: null
    headers:
      Accept:
      - '*/*'
      Accept-Encoding:
      - gzip, deflate
      CommandName:
      - network private-endpoint-connection list
      Connection:
      - keep-alive
      ParameterSetName:
      - --id
      User-Agent:
      - python/3.10.11 (Windows-10-10.0.22621-SP0) AZURECLI/2.50.0
    method: GET
    uri: https://management.azure.com/subscriptions/00000000-0000-0000-0000-000000000000/resourceGroups/clitest.rg000001/providers/Microsoft.CognitiveServices/accounts/cs_cli_test_000002/privateEndpointConnections?api-version=2022-03-01
  response:
    body:
      string: '{"value":[{"id":"/subscriptions/00000000-0000-0000-0000-000000000000/resourceGroups/clitest.rg000001/providers/Microsoft.CognitiveServices/accounts/cs_cli_test_000002/privateEndpointConnections/pecs_cli_test_000002.92fd1f69-c204-473e-a4ce-f8ad915a3c30","name":"cs_cli_test_000002/pecs_cli_test_000002.92fd1f69-c204-473e-a4ce-f8ad915a3c30","type":"Microsoft.CognitiveServices/accounts/privateEndpointConnections","etag":"\"06025123-0000-0500-0000-64bf5a110000\"","location":"SOUTHCENTRALUS","properties":{"privateEndpoint":{"id":"/subscriptions/00000000-0000-0000-0000-000000000000/resourceGroups/clitest.rg000001/providers/Microsoft.Network/privateEndpoints/pecs_cli_test_000002"},"groupIds":["account"],"privateLinkServiceConnectionState":{"status":"Rejected","actionsRequired":"None"},"provisioningState":"Succeeded"}}]}'
    headers:
      cache-control:
      - no-cache
      content-length:
      - '822'
      content-type:
      - application/json; charset=utf-8
      date:
      - Tue, 25 Jul 2023 05:14:04 GMT
      expires:
      - '-1'
      pragma:
      - no-cache
      server:
      - istio-envoy
      strict-transport-security:
      - max-age=31536000; includeSubDomains
      transfer-encoding:
      - chunked
      vary:
      - Accept-Encoding
      x-content-type-options:
      - nosniff
      x-envoy-upstream-service-time:
      - '20'
    status:
      code: 200
      message: OK
- request:
    body: null
    headers:
      Accept:
      - '*/*'
      Accept-Encoding:
      - gzip, deflate
      CommandName:
      - network private-endpoint-connection delete
      Connection:
      - keep-alive
      Content-Length:
      - '0'
      ParameterSetName:
      - --id --yes
      User-Agent:
      - python/3.10.11 (Windows-10-10.0.22621-SP0) AZURECLI/2.50.0
    method: DELETE
    uri: https://management.azure.com/subscriptions/00000000-0000-0000-0000-000000000000/resourceGroups/clitest.rg000001/providers/Microsoft.CognitiveServices/accounts/cs_cli_test_000002/privateEndpointConnections/pecs_cli_test_000002.92fd1f69-c204-473e-a4ce-f8ad915a3c30?api-version=2022-03-01
  response:
    body:
      string: ''
    headers:
      cache-control:
      - no-cache
      content-length:
      - '0'
      date:
      - Tue, 25 Jul 2023 05:14:16 GMT
      expires:
      - '-1'
      pragma:
      - no-cache
      server:
      - istio-envoy
      strict-transport-security:
      - max-age=31536000; includeSubDomains
      x-content-type-options:
      - nosniff
      x-envoy-upstream-service-time:
      - '12651'
      x-ms-ratelimit-remaining-subscription-deletes:
      - '14999'
    status:
      code: 200
      message: OK
- request:
    body: null
    headers:
      Accept:
      - '*/*'
      Accept-Encoding:
      - gzip, deflate
      CommandName:
      - network private-endpoint-connection list
      Connection:
      - keep-alive
      ParameterSetName:
      - --id
      User-Agent:
      - python/3.10.11 (Windows-10-10.0.22621-SP0) AZURECLI/2.50.0
    method: GET
    uri: https://management.azure.com/subscriptions/00000000-0000-0000-0000-000000000000/resourceGroups/clitest.rg000001/providers/Microsoft.CognitiveServices/accounts/cs_cli_test_000002/privateEndpointConnections?api-version=2022-03-01
  response:
    body:
      string: '{"value":[]}'
    headers:
      cache-control:
      - no-cache
      content-length:
      - '12'
      content-type:
      - application/json; charset=utf-8
      date:
      - Tue, 25 Jul 2023 05:14:17 GMT
      expires:
      - '-1'
      pragma:
      - no-cache
      server:
      - istio-envoy
      strict-transport-security:
      - max-age=31536000; includeSubDomains
      transfer-encoding:
      - chunked
      vary:
      - Accept-Encoding
      x-content-type-options:
      - nosniff
      x-envoy-upstream-service-time:
      - '25'
    status:
      code: 200
      message: OK
- request:
    body: null
    headers:
      Accept:
      - '*/*'
      Accept-Encoding:
      - gzip, deflate
      CommandName:
      - network private-endpoint delete
      Connection:
      - keep-alive
      Content-Length:
      - '0'
      ParameterSetName:
      - --name --resource-group
      User-Agent:
      - AZURECLI/2.50.0 (AAZ) azsdk-python-core/1.26.0 Python/3.10.11 (Windows-10-10.0.22621-SP0)
    method: DELETE
    uri: https://management.azure.com/subscriptions/00000000-0000-0000-0000-000000000000/resourceGroups/clitest.rg000001/providers/Microsoft.Network/privateEndpoints/pecs_cli_test_000002?api-version=2022-01-01
  response:
    body:
      string: ''
    headers:
      azure-asyncnotification:
      - Enabled
      azure-asyncoperation:
      - https://management.azure.com/subscriptions/00000000-0000-0000-0000-000000000000/providers/Microsoft.Network/locations/southcentralus/operations/b2a4b585-2fb2-45b4-9fa3-1c246f86b751?api-version=2022-01-01
      cache-control:
      - no-cache
      content-length:
      - '0'
      date:
      - Tue, 25 Jul 2023 05:14:18 GMT
      expires:
      - '-1'
      location:
      - https://management.azure.com/subscriptions/00000000-0000-0000-0000-000000000000/providers/Microsoft.Network/locations/southcentralus/operationResults/b2a4b585-2fb2-45b4-9fa3-1c246f86b751?api-version=2022-01-01
      pragma:
      - no-cache
      server:
      - Microsoft-HTTPAPI/2.0
      - Microsoft-HTTPAPI/2.0
      strict-transport-security:
      - max-age=31536000; includeSubDomains
      x-content-type-options:
      - nosniff
      x-ms-arm-service-request-id:
      - 85e07f96-a998-40a8-b316-e197a8b79c19
      x-ms-ratelimit-remaining-subscription-deletes:
      - '14997'
    status:
      code: 202
      message: Accepted
- request:
    body: null
    headers:
      Accept:
      - '*/*'
      Accept-Encoding:
      - gzip, deflate
      CommandName:
      - network private-endpoint delete
      Connection:
      - keep-alive
      ParameterSetName:
      - --name --resource-group
      User-Agent:
      - AZURECLI/2.50.0 (AAZ) azsdk-python-core/1.26.0 Python/3.10.11 (Windows-10-10.0.22621-SP0)
    method: GET
    uri: https://management.azure.com/subscriptions/00000000-0000-0000-0000-000000000000/providers/Microsoft.Network/locations/southcentralus/operations/b2a4b585-2fb2-45b4-9fa3-1c246f86b751?api-version=2022-01-01
  response:
    body:
      string: "{\r\n  \"status\": \"InProgress\"\r\n}"
    headers:
      cache-control:
      - no-cache
      content-length:
      - '30'
      content-type:
      - application/json; charset=utf-8
      date:
      - Tue, 25 Jul 2023 05:14:18 GMT
      expires:
      - '-1'
      pragma:
      - no-cache
      server:
      - Microsoft-HTTPAPI/2.0
      - Microsoft-HTTPAPI/2.0
      strict-transport-security:
      - max-age=31536000; includeSubDomains
      transfer-encoding:
      - chunked
      vary:
      - Accept-Encoding
      x-content-type-options:
      - nosniff
      x-ms-arm-service-request-id:
      - 9cbae4b4-f1b3-4728-9cc6-99e6b99d9bfb
    status:
      code: 200
      message: OK
- request:
    body: null
    headers:
      Accept:
      - '*/*'
      Accept-Encoding:
      - gzip, deflate
      CommandName:
      - network private-endpoint delete
      Connection:
      - keep-alive
      ParameterSetName:
      - --name --resource-group
      User-Agent:
      - AZURECLI/2.50.0 (AAZ) azsdk-python-core/1.26.0 Python/3.10.11 (Windows-10-10.0.22621-SP0)
    method: GET
    uri: https://management.azure.com/subscriptions/00000000-0000-0000-0000-000000000000/providers/Microsoft.Network/locations/southcentralus/operations/b2a4b585-2fb2-45b4-9fa3-1c246f86b751?api-version=2022-01-01
  response:
    body:
      string: "{\r\n  \"status\": \"Succeeded\"\r\n}"
    headers:
      cache-control:
      - no-cache
      content-length:
      - '29'
      content-type:
      - application/json; charset=utf-8
      date:
      - Tue, 25 Jul 2023 05:14:28 GMT
      expires:
      - '-1'
      pragma:
      - no-cache
      server:
      - Microsoft-HTTPAPI/2.0
      - Microsoft-HTTPAPI/2.0
      strict-transport-security:
      - max-age=31536000; includeSubDomains
      transfer-encoding:
      - chunked
      vary:
      - Accept-Encoding
      x-content-type-options:
      - nosniff
      x-ms-arm-service-request-id:
      - e538e43d-415f-40cc-8ea2-2cfd98e60b8c
    status:
      code: 200
      message: OK
- request:
    body: null
    headers:
      Accept:
      - '*/*'
      Accept-Encoding:
      - gzip, deflate
      CommandName:
      - network private-endpoint delete
      Connection:
      - keep-alive
      ParameterSetName:
      - --name --resource-group
      User-Agent:
      - AZURECLI/2.50.0 (AAZ) azsdk-python-core/1.26.0 Python/3.10.11 (Windows-10-10.0.22621-SP0)
    method: GET
    uri: https://management.azure.com/subscriptions/00000000-0000-0000-0000-000000000000/providers/Microsoft.Network/locations/southcentralus/operationResults/b2a4b585-2fb2-45b4-9fa3-1c246f86b751?api-version=2022-01-01
  response:
    body:
      string: ''
    headers:
      azure-asyncnotification:
      - Enabled
      azure-asyncoperation:
      - https://management.azure.com/subscriptions/00000000-0000-0000-0000-000000000000/providers/Microsoft.Network/locations/southcentralus/operations/b2a4b585-2fb2-45b4-9fa3-1c246f86b751?api-version=2022-01-01
      cache-control:
      - no-cache
      content-type:
      - application/json; charset=utf-8
      date:
      - Tue, 25 Jul 2023 05:14:29 GMT
      expires:
      - '-1'
      location:
      - https://management.azure.com/subscriptions/00000000-0000-0000-0000-000000000000/providers/Microsoft.Network/locations/southcentralus/operationResults/b2a4b585-2fb2-45b4-9fa3-1c246f86b751?api-version=2022-01-01
      pragma:
      - no-cache
      server:
      - Microsoft-HTTPAPI/2.0
      - Microsoft-HTTPAPI/2.0
      strict-transport-security:
      - max-age=31536000; includeSubDomains
      x-content-type-options:
      - nosniff
      x-ms-arm-service-request-id:
      - 85e07f96-a998-40a8-b316-e197a8b79c19
    status:
      code: 204
      message: No Content
- request:
    body: null
    headers:
      Accept:
      - application/json
      Accept-Encoding:
      - gzip, deflate
      CommandName:
      - cognitiveservices account delete
      Connection:
      - keep-alive
      Content-Length:
      - '0'
      ParameterSetName:
      - -n -g
      User-Agent:
      - AZURECLI/2.50.0 azsdk-python-mgmt-cognitiveservices/13.5.0 Python/3.10.11
        (Windows-10-10.0.22621-SP0)
    method: DELETE
    uri: https://management.azure.com/subscriptions/00000000-0000-0000-0000-000000000000/resourceGroups/clitest.rg000001/providers/Microsoft.CognitiveServices/accounts/cs_cli_test_000002?api-version=2023-05-01
  response:
    body:
      string: ''
    headers:
      cache-control:
      - no-cache
      content-length:
      - '0'
      date:
      - Tue, 25 Jul 2023 05:14:32 GMT
      expires:
      - '-1'
      pragma:
      - no-cache
      server:
      - istio-envoy
      strict-transport-security:
      - max-age=31536000; includeSubDomains
      x-content-type-options:
      - nosniff
      x-envoy-upstream-service-time:
      - '57'
      x-ms-ratelimit-remaining-subscription-deletes:
      - '14999'
    status:
      code: 200
      message: OK
version: 1
