interactions:
- request:
    body: '{"kind": "FormRecognizer", "sku": {"name": "S0"}, "location": "SOUTHCENTRALUS",
      "properties": {"customSubDomainName": "csclitest000003"}}'
    headers:
      Accept:
      - application/json
      Accept-Encoding:
      - gzip, deflate
      CommandName:
      - cognitiveservices account create
      Connection:
      - keep-alive
      Content-Length:
      - '137'
      Content-Type:
      - application/json
      ParameterSetName:
      - -n -g --kind --sku -l --custom-domain
      User-Agent:
      - AZURECLI/2.41.0 azsdk-python-mgmt-cognitiveservices/13.3.0 Python/3.9.13 (Windows-10-10.0.22621-SP0)
    method: PUT
    uri: https://management.azure.com/subscriptions/00000000-0000-0000-0000-000000000000/resourceGroups/clitest.rg000001/providers/Microsoft.CognitiveServices/accounts/cs_cli_test_000002?api-version=2022-10-01
  response:
    body:
      string: '{"id":"/subscriptions/00000000-0000-0000-0000-000000000000/resourceGroups/clitest.rg000001/providers/Microsoft.CognitiveServices/accounts/cs_cli_test_000002","name":"cs_cli_test_000002","type":"Microsoft.CognitiveServices/accounts","etag":"\"17008b72-0000-0500-0000-6358ad730000\"","location":"SOUTHCENTRALUS","sku":{"name":"S0"},"kind":"FormRecognizer","properties":{"endpoint":"https://csclitest000003.cognitiveservices.azure.com/","internalId":"e20f61a68d0e43baa0cfb215b6cc4881","dateCreated":"2022-10-26T03:45:54.8294634Z","callRateLimit":{"rules":[{"key":"formrecognizer.custom.train","renewalPeriod":60,"count":1,"dynamicThrottlingEnabled":false,"matchPatterns":[{"path":"formrecognizer/custom/train","method":"*"}]},{"key":"formrecognizer.custom.copymodels","renewalPeriod":60,"count":1,"dynamicThrottlingEnabled":false,"matchPatterns":[{"path":"formrecognizer/custom/models/{modelId}/copy","method":"*"}]},{"key":"formrecognizer.custom.models.get","renewalPeriod":60,"count":10,"dynamicThrottlingEnabled":false,"matchPatterns":[{"path":"formrecognizer/custom/models","method":"GET"}]},{"key":"formrecognizer.analyzeform","renewalPeriod":1,"count":15,"dynamicThrottlingEnabled":true,"matchPatterns":[{"path":"formrecognizer/custom/models/{modelId}/analyze","method":"POST"}]},{"key":"formrecognizer.analyzeform.result","renewalPeriod":1,"count":100,"dynamicThrottlingEnabled":true,"matchPatterns":[{"path":"formrecognizer/custom/models/{modelId}/analyzeResults/{resultId}","method":"GET"}]},{"key":"container.billing","renewalPeriod":10,"count":500,"dynamicThrottlingEnabled":false,"matchPatterns":[{"path":"billing/*","method":"*"}]},{"key":"default","renewalPeriod":1,"count":30,"dynamicThrottlingEnabled":true,"matchPatterns":[{"path":"*","method":"*"}]}]},"isMigrated":false,"customSubDomainName":"csclitest000003","privateEndpointConnections":[],"publicNetworkAccess":"Enabled","capabilities":[{"name":"DynamicThrottling"},{"name":"VirtualNetworks"},{"name":"CustomerManagedKey"},{"name":"Container","value":"FormRecognizer.*"}],"endpoints":{"FormRecognizer":"https://csclitest000003.cognitiveservices.azure.com/"},"provisioningState":"Creating"},"systemData":{"createdBy":"yuanyang@microsoft.com","createdByType":"User","createdAt":"2022-10-26T03:45:53.7849374Z","lastModifiedBy":"yuanyang@microsoft.com","lastModifiedByType":"User","lastModifiedAt":"2022-10-26T03:45:53.7849374Z"}}'
    headers:
      azure-asyncoperation:
      - https://management.azure.com/subscriptions/00000000-0000-0000-0000-000000000000/providers/Microsoft.CognitiveServices/locations/SOUTHCENTRALUS/operationResults/847f0f9f-afe2-4d48-88ea-549a39fd5b17?api-version=2017-04-18
      cache-control:
      - no-cache
      content-length:
      - '2395'
      content-type:
      - application/json; charset=utf-8
      date:
      - Wed, 26 Oct 2022 03:45:56 GMT
      etag:
      - '"17008b72-0000-0500-0000-6358ad730000"'
      expires:
      - '-1'
      pragma:
      - no-cache
      server:
      - istio-envoy
      strict-transport-security:
      - max-age=31536000; includeSubDomains
      x-content-type-options:
      - nosniff
      x-envoy-upstream-service-time:
      - '1843'
      x-ms-ratelimit-remaining-subscription-writes:
      - '1199'
    status:
      code: 201
      message: Created
- request:
    body: null
    headers:
      Accept:
      - '*/*'
      Accept-Encoding:
      - gzip, deflate
      CommandName:
      - cognitiveservices account create
      Connection:
      - keep-alive
      ParameterSetName:
      - -n -g --kind --sku -l --custom-domain
      User-Agent:
      - AZURECLI/2.41.0 azsdk-python-mgmt-cognitiveservices/13.3.0 Python/3.9.13 (Windows-10-10.0.22621-SP0)
    method: GET
    uri: https://management.azure.com/subscriptions/00000000-0000-0000-0000-000000000000/providers/Microsoft.CognitiveServices/locations/SOUTHCENTRALUS/operationResults/847f0f9f-afe2-4d48-88ea-549a39fd5b17?api-version=2017-04-18
  response:
    body:
      string: '{"id":"/subscriptions/00000000-0000-0000-0000-000000000000/providers/Microsoft.CognitiveServices/locations/SOUTHCENTRALUS/operationResults/847f0f9f-afe2-4d48-88ea-549a39fd5b17","name":"847f0f9f-afe2-4d48-88ea-549a39fd5b17","status":"Succeeded","startTime":"2022-10-26T03:45:55Z","endTime":"2022-10-26T03:45:56Z"}'
    headers:
      cache-control:
      - no-cache
      content-length:
      - '312'
      content-type:
      - application/json; charset=utf-8
      date:
      - Wed, 26 Oct 2022 03:46:26 GMT
      expires:
      - '-1'
      pragma:
      - no-cache
      server:
      - istio-envoy
      strict-transport-security:
      - max-age=31536000; includeSubDomains
      transfer-encoding:
      - chunked
      vary:
      - Accept-Encoding
      x-content-type-options:
      - nosniff
      x-envoy-upstream-service-time:
      - '6'
    status:
      code: 200
      message: OK
- request:
    body: null
    headers:
      Accept:
      - '*/*'
      Accept-Encoding:
      - gzip, deflate
      CommandName:
      - cognitiveservices account create
      Connection:
      - keep-alive
      ParameterSetName:
      - -n -g --kind --sku -l --custom-domain
      User-Agent:
      - AZURECLI/2.41.0 azsdk-python-mgmt-cognitiveservices/13.3.0 Python/3.9.13 (Windows-10-10.0.22621-SP0)
    method: GET
    uri: https://management.azure.com/subscriptions/00000000-0000-0000-0000-000000000000/resourceGroups/clitest.rg000001/providers/Microsoft.CognitiveServices/accounts/cs_cli_test_000002?api-version=2022-10-01
  response:
    body:
      string: '{"id":"/subscriptions/00000000-0000-0000-0000-000000000000/resourceGroups/clitest.rg000001/providers/Microsoft.CognitiveServices/accounts/cs_cli_test_000002","name":"cs_cli_test_000002","type":"Microsoft.CognitiveServices/accounts","etag":"\"17008d72-0000-0500-0000-6358ad740000\"","location":"SOUTHCENTRALUS","sku":{"name":"S0"},"kind":"FormRecognizer","properties":{"endpoint":"https://csclitest000003.cognitiveservices.azure.com/","internalId":"e20f61a68d0e43baa0cfb215b6cc4881","dateCreated":"2022-10-26T03:45:54.8294634Z","callRateLimit":{"rules":[{"key":"formrecognizer.custom.train","renewalPeriod":60,"count":1,"dynamicThrottlingEnabled":false,"matchPatterns":[{"path":"formrecognizer/custom/train","method":"*"}]},{"key":"formrecognizer.custom.copymodels","renewalPeriod":60,"count":1,"dynamicThrottlingEnabled":false,"matchPatterns":[{"path":"formrecognizer/custom/models/{modelId}/copy","method":"*"}]},{"key":"formrecognizer.custom.models.get","renewalPeriod":60,"count":10,"dynamicThrottlingEnabled":false,"matchPatterns":[{"path":"formrecognizer/custom/models","method":"GET"}]},{"key":"formrecognizer.analyzeform","renewalPeriod":1,"count":15,"dynamicThrottlingEnabled":true,"matchPatterns":[{"path":"formrecognizer/custom/models/{modelId}/analyze","method":"POST"}]},{"key":"formrecognizer.analyzeform.result","renewalPeriod":1,"count":100,"dynamicThrottlingEnabled":true,"matchPatterns":[{"path":"formrecognizer/custom/models/{modelId}/analyzeResults/{resultId}","method":"GET"}]},{"key":"container.billing","renewalPeriod":10,"count":500,"dynamicThrottlingEnabled":false,"matchPatterns":[{"path":"billing/*","method":"*"}]},{"key":"default","renewalPeriod":1,"count":30,"dynamicThrottlingEnabled":true,"matchPatterns":[{"path":"*","method":"*"}]}]},"isMigrated":false,"customSubDomainName":"csclitest000003","privateEndpointConnections":[],"publicNetworkAccess":"Enabled","capabilities":[{"name":"DynamicThrottling"},{"name":"VirtualNetworks"},{"name":"CustomerManagedKey"},{"name":"Container","value":"FormRecognizer.*"}],"endpoints":{"FormRecognizer":"https://csclitest000003.cognitiveservices.azure.com/"},"provisioningState":"Succeeded"},"systemData":{"createdBy":"yuanyang@microsoft.com","createdByType":"User","createdAt":"2022-10-26T03:45:53.7849374Z","lastModifiedBy":"yuanyang@microsoft.com","lastModifiedByType":"User","lastModifiedAt":"2022-10-26T03:45:53.7849374Z"}}'
    headers:
      cache-control:
      - no-cache
      content-length:
      - '2396'
      content-type:
      - application/json; charset=utf-8
      date:
      - Wed, 26 Oct 2022 03:46:26 GMT
      etag:
      - '"17008d72-0000-0500-0000-6358ad740000"'
      expires:
      - '-1'
      pragma:
      - no-cache
      server:
      - istio-envoy
      strict-transport-security:
      - max-age=31536000; includeSubDomains
      transfer-encoding:
      - chunked
      vary:
      - Accept-Encoding
      x-content-type-options:
      - nosniff
      x-envoy-upstream-service-time:
      - '12'
    status:
      code: 200
      message: OK
- request:
    body: null
    headers:
      Accept:
      - '*/*'
      Accept-Encoding:
      - gzip, deflate
      CommandName:
      - network private-link-resource list
      Connection:
      - keep-alive
      ParameterSetName:
      - -g -n --type
      User-Agent:
      - python/3.9.13 (Windows-10-10.0.22621-SP0) AZURECLI/2.41.0
    method: GET
    uri: https://management.azure.com/subscriptions/00000000-0000-0000-0000-000000000000/resourceGroups/clitest.rg000001/providers/Microsoft.CognitiveServices/accounts/cs_cli_test_000002/privateLinkResources?api-version=2022-03-01
  response:
    body:
      string: '{"value":[{"id":"/subscriptions/00000000-0000-0000-0000-000000000000/resourceGroups/clitest.rg000001/providers/Microsoft.CognitiveServices/accounts/cs_cli_test_000002/privateLinkResources/account","name":"account","type":"Microsoft.CognitiveServices/accounts/privateLinkResources","properties":{"groupId":"account","requiredMembers":["default"],"requiredZoneNames":["privatelink.cognitiveservices.azure.com"]}}]}'
    headers:
      cache-control:
      - no-cache
      content-length:
      - '412'
      content-type:
      - application/json; charset=utf-8
      date:
      - Wed, 26 Oct 2022 03:46:27 GMT
      expires:
      - '-1'
      pragma:
      - no-cache
      server:
      - istio-envoy
      strict-transport-security:
      - max-age=31536000; includeSubDomains
      transfer-encoding:
      - chunked
      vary:
      - Accept-Encoding
      x-content-type-options:
      - nosniff
      x-envoy-upstream-service-time:
      - '11'
    status:
      code: 200
      message: OK
- request:
    body: '{"location": "SOUTHCENTRALUS", "tags": {}, "properties": {"addressSpace":
      {"addressPrefixes": ["10.0.0.0/16"]}, "dhcpOptions": {}}}'
    headers:
      Accept:
      - application/json
      Accept-Encoding:
      - gzip, deflate
      CommandName:
      - network vnet create
      Connection:
      - keep-alive
      Content-Length:
      - '131'
      Content-Type:
      - application/json
      ParameterSetName:
      - --resource-group --name -l
      User-Agent:
      - AZURECLI/2.41.0 azsdk-python-azure-mgmt-network/21.0.1 Python/3.9.13 (Windows-10-10.0.22621-SP0)
    method: PUT
    uri: https://management.azure.com/subscriptions/00000000-0000-0000-0000-000000000000/resourceGroups/clitest.rg000001/providers/Microsoft.Network/virtualNetworks/cs_cli_test_000002?api-version=2022-01-01
  response:
    body:
      string: "{\r\n  \"name\": \"cs_cli_test_000002\",\r\n  \"id\": \"/subscriptions/00000000-0000-0000-0000-000000000000/resourceGroups/clitest.rg000001/providers/Microsoft.Network/virtualNetworks/cs_cli_test_000002\",\r\n
        \ \"etag\": \"W/\\\"cd34431a-b6c3-43f1-9f0c-a4b48f1cbf0c\\\"\",\r\n  \"type\":
        \"Microsoft.Network/virtualNetworks\",\r\n  \"location\": \"southcentralus\",\r\n
        \ \"tags\": {},\r\n  \"properties\": {\r\n    \"provisioningState\": \"Updating\",\r\n
        \   \"resourceGuid\": \"53a8b18d-241e-48ee-920b-6d086ae12e25\",\r\n    \"addressSpace\":
        {\r\n      \"addressPrefixes\": [\r\n        \"10.0.0.0/16\"\r\n      ]\r\n
        \   },\r\n    \"dhcpOptions\": {\r\n      \"dnsServers\": []\r\n    },\r\n
        \   \"subnets\": [],\r\n    \"virtualNetworkPeerings\": [],\r\n    \"enableDdosProtection\":
        false\r\n  }\r\n}"
    headers:
      azure-asyncnotification:
      - Enabled
      azure-asyncoperation:
      - https://management.azure.com/subscriptions/00000000-0000-0000-0000-000000000000/providers/Microsoft.Network/locations/southcentralus/operations/75db7b4e-b6d8-4791-baf3-6beec1ae27a7?api-version=2022-01-01
      cache-control:
      - no-cache
      content-length:
      - '707'
      content-type:
      - application/json; charset=utf-8
      date:
      - Wed, 26 Oct 2022 03:46:30 GMT
      expires:
      - '-1'
      pragma:
      - no-cache
      server:
      - Microsoft-HTTPAPI/2.0
      - Microsoft-HTTPAPI/2.0
      strict-transport-security:
      - max-age=31536000; includeSubDomains
      x-content-type-options:
      - nosniff
      x-ms-arm-service-request-id:
      - a05925be-1a58-4f9f-bad4-cbd9c5f3e33f
      x-ms-ratelimit-remaining-subscription-writes:
      - '1199'
    status:
      code: 201
      message: Created
- request:
    body: null
    headers:
      Accept:
      - '*/*'
      Accept-Encoding:
      - gzip, deflate
      CommandName:
      - network vnet create
      Connection:
      - keep-alive
      ParameterSetName:
      - --resource-group --name -l
      User-Agent:
      - AZURECLI/2.41.0 azsdk-python-azure-mgmt-network/21.0.1 Python/3.9.13 (Windows-10-10.0.22621-SP0)
    method: GET
    uri: https://management.azure.com/subscriptions/00000000-0000-0000-0000-000000000000/providers/Microsoft.Network/locations/southcentralus/operations/75db7b4e-b6d8-4791-baf3-6beec1ae27a7?api-version=2022-01-01
  response:
    body:
      string: "{\r\n  \"status\": \"Succeeded\"\r\n}"
    headers:
      cache-control:
      - no-cache
      content-length:
      - '29'
      content-type:
      - application/json; charset=utf-8
      date:
      - Wed, 26 Oct 2022 03:46:33 GMT
      expires:
      - '-1'
      pragma:
      - no-cache
      server:
      - Microsoft-HTTPAPI/2.0
      - Microsoft-HTTPAPI/2.0
      strict-transport-security:
      - max-age=31536000; includeSubDomains
      transfer-encoding:
      - chunked
      vary:
      - Accept-Encoding
      x-content-type-options:
      - nosniff
      x-ms-arm-service-request-id:
      - 47c70735-deba-4606-9fc4-d031808ea66f
    status:
      code: 200
      message: OK
- request:
    body: null
    headers:
      Accept:
      - '*/*'
      Accept-Encoding:
      - gzip, deflate
      CommandName:
      - network vnet create
      Connection:
      - keep-alive
      ParameterSetName:
      - --resource-group --name -l
      User-Agent:
      - AZURECLI/2.41.0 azsdk-python-azure-mgmt-network/21.0.1 Python/3.9.13 (Windows-10-10.0.22621-SP0)
    method: GET
    uri: https://management.azure.com/subscriptions/00000000-0000-0000-0000-000000000000/resourceGroups/clitest.rg000001/providers/Microsoft.Network/virtualNetworks/cs_cli_test_000002?api-version=2022-01-01
  response:
    body:
      string: "{\r\n  \"name\": \"cs_cli_test_000002\",\r\n  \"id\": \"/subscriptions/00000000-0000-0000-0000-000000000000/resourceGroups/clitest.rg000001/providers/Microsoft.Network/virtualNetworks/cs_cli_test_000002\",\r\n
        \ \"etag\": \"W/\\\"bfc9906d-9609-4a8d-ae44-ad3647819162\\\"\",\r\n  \"type\":
        \"Microsoft.Network/virtualNetworks\",\r\n  \"location\": \"southcentralus\",\r\n
        \ \"tags\": {},\r\n  \"properties\": {\r\n    \"provisioningState\": \"Succeeded\",\r\n
        \   \"resourceGuid\": \"53a8b18d-241e-48ee-920b-6d086ae12e25\",\r\n    \"addressSpace\":
        {\r\n      \"addressPrefixes\": [\r\n        \"10.0.0.0/16\"\r\n      ]\r\n
        \   },\r\n    \"dhcpOptions\": {\r\n      \"dnsServers\": []\r\n    },\r\n
        \   \"subnets\": [],\r\n    \"virtualNetworkPeerings\": [],\r\n    \"enableDdosProtection\":
        false\r\n  }\r\n}"
    headers:
      cache-control:
      - no-cache
      content-length:
      - '708'
      content-type:
      - application/json; charset=utf-8
      date:
      - Wed, 26 Oct 2022 03:46:33 GMT
      etag:
      - W/"bfc9906d-9609-4a8d-ae44-ad3647819162"
      expires:
      - '-1'
      pragma:
      - no-cache
      server:
      - Microsoft-HTTPAPI/2.0
      - Microsoft-HTTPAPI/2.0
      strict-transport-security:
      - max-age=31536000; includeSubDomains
      transfer-encoding:
      - chunked
      vary:
      - Accept-Encoding
      x-content-type-options:
      - nosniff
      x-ms-arm-service-request-id:
      - 173d0f2a-250c-4968-858f-0c2b05370b14
    status:
      code: 200
      message: OK
- request:
    body: null
    headers:
      Accept:
      - application/json
      Accept-Encoding:
      - gzip, deflate
      CommandName:
      - network vnet subnet create
      Connection:
      - keep-alive
      ParameterSetName:
      - --resource-group --name --vnet-name --address-prefixes
      User-Agent:
      - AZURECLI/2.41.0 azsdk-python-azure-mgmt-network/21.0.1 Python/3.9.13 (Windows-10-10.0.22621-SP0)
    method: GET
    uri: https://management.azure.com/subscriptions/00000000-0000-0000-0000-000000000000/resourceGroups/clitest.rg000001/providers/Microsoft.Network/virtualNetworks/cs_cli_test_000002?api-version=2022-01-01
  response:
    body:
      string: "{\r\n  \"name\": \"cs_cli_test_000002\",\r\n  \"id\": \"/subscriptions/00000000-0000-0000-0000-000000000000/resourceGroups/clitest.rg000001/providers/Microsoft.Network/virtualNetworks/cs_cli_test_000002\",\r\n
        \ \"etag\": \"W/\\\"bfc9906d-9609-4a8d-ae44-ad3647819162\\\"\",\r\n  \"type\":
        \"Microsoft.Network/virtualNetworks\",\r\n  \"location\": \"southcentralus\",\r\n
        \ \"tags\": {},\r\n  \"properties\": {\r\n    \"provisioningState\": \"Succeeded\",\r\n
        \   \"resourceGuid\": \"53a8b18d-241e-48ee-920b-6d086ae12e25\",\r\n    \"addressSpace\":
        {\r\n      \"addressPrefixes\": [\r\n        \"10.0.0.0/16\"\r\n      ]\r\n
        \   },\r\n    \"dhcpOptions\": {\r\n      \"dnsServers\": []\r\n    },\r\n
        \   \"subnets\": [],\r\n    \"virtualNetworkPeerings\": [],\r\n    \"enableDdosProtection\":
        false\r\n  }\r\n}"
    headers:
      cache-control:
      - no-cache
      content-length:
      - '708'
      content-type:
      - application/json; charset=utf-8
      date:
      - Wed, 26 Oct 2022 03:46:33 GMT
      etag:
      - W/"bfc9906d-9609-4a8d-ae44-ad3647819162"
      expires:
      - '-1'
      pragma:
      - no-cache
      server:
      - Microsoft-HTTPAPI/2.0
      - Microsoft-HTTPAPI/2.0
      strict-transport-security:
      - max-age=31536000; includeSubDomains
      transfer-encoding:
      - chunked
      vary:
      - Accept-Encoding
      x-content-type-options:
      - nosniff
      x-ms-arm-service-request-id:
      - c1993687-5a7f-4d51-9718-3e60181ce984
    status:
      code: 200
      message: OK
- request:
    body: '{"id": "/subscriptions/00000000-0000-0000-0000-000000000000/resourceGroups/clitest.rg000001/providers/Microsoft.Network/virtualNetworks/cs_cli_test_000002",
      "location": "southcentralus", "tags": {}, "properties": {"addressSpace": {"addressPrefixes":
      ["10.0.0.0/16"]}, "dhcpOptions": {"dnsServers": []}, "subnets": [{"name": "default",
      "properties": {"addressPrefix": "10.0.0.0/24", "privateEndpointNetworkPolicies":
      "Disabled", "privateLinkServiceNetworkPolicies": "Enabled"}}], "virtualNetworkPeerings":
      [], "enableDdosProtection": false}}'
    headers:
      Accept:
      - application/json
      Accept-Encoding:
      - gzip, deflate
      CommandName:
      - network vnet subnet create
      Connection:
      - keep-alive
      Content-Length:
      - '540'
      Content-Type:
      - application/json
      ParameterSetName:
      - --resource-group --name --vnet-name --address-prefixes
      User-Agent:
      - AZURECLI/2.41.0 azsdk-python-azure-mgmt-network/21.0.1 Python/3.9.13 (Windows-10-10.0.22621-SP0)
    method: PUT
    uri: https://management.azure.com/subscriptions/00000000-0000-0000-0000-000000000000/resourceGroups/clitest.rg000001/providers/Microsoft.Network/virtualNetworks/cs_cli_test_000002?api-version=2022-01-01
  response:
    body:
      string: "{\r\n  \"name\": \"cs_cli_test_000002\",\r\n  \"id\": \"/subscriptions/00000000-0000-0000-0000-000000000000/resourceGroups/clitest.rg000001/providers/Microsoft.Network/virtualNetworks/cs_cli_test_000002\",\r\n
        \ \"etag\": \"W/\\\"b0fda9f3-d361-4867-a3e4-b42b21f18889\\\"\",\r\n  \"type\":
        \"Microsoft.Network/virtualNetworks\",\r\n  \"location\": \"southcentralus\",\r\n
        \ \"tags\": {},\r\n  \"properties\": {\r\n    \"provisioningState\": \"Updating\",\r\n
        \   \"resourceGuid\": \"53a8b18d-241e-48ee-920b-6d086ae12e25\",\r\n    \"addressSpace\":
        {\r\n      \"addressPrefixes\": [\r\n        \"10.0.0.0/16\"\r\n      ]\r\n
        \   },\r\n    \"dhcpOptions\": {\r\n      \"dnsServers\": []\r\n    },\r\n
        \   \"subnets\": [\r\n      {\r\n        \"name\": \"default\",\r\n        \"id\":
        \"/subscriptions/00000000-0000-0000-0000-000000000000/resourceGroups/clitest.rg000001/providers/Microsoft.Network/virtualNetworks/cs_cli_test_000002/subnets/default\",\r\n
        \       \"etag\": \"W/\\\"b0fda9f3-d361-4867-a3e4-b42b21f18889\\\"\",\r\n
        \       \"properties\": {\r\n          \"provisioningState\": \"Updating\",\r\n
        \         \"addressPrefix\": \"10.0.0.0/24\",\r\n          \"delegations\":
        [],\r\n          \"privateEndpointNetworkPolicies\": \"Disabled\",\r\n          \"privateLinkServiceNetworkPolicies\":
        \"Enabled\"\r\n        },\r\n        \"type\": \"Microsoft.Network/virtualNetworks/subnets\"\r\n
        \     }\r\n    ],\r\n    \"virtualNetworkPeerings\": [],\r\n    \"enableDdosProtection\":
        false\r\n  }\r\n}"
    headers:
      azure-asyncnotification:
      - Enabled
      azure-asyncoperation:
      - https://management.azure.com/subscriptions/00000000-0000-0000-0000-000000000000/providers/Microsoft.Network/locations/southcentralus/operations/3a2566c9-ad57-425f-988f-167c5d3ea70a?api-version=2022-01-01
      cache-control:
      - no-cache
      content-length:
      - '1333'
      content-type:
      - application/json; charset=utf-8
      date:
      - Wed, 26 Oct 2022 03:46:36 GMT
      expires:
      - '-1'
      pragma:
      - no-cache
      server:
      - Microsoft-HTTPAPI/2.0
      - Microsoft-HTTPAPI/2.0
      strict-transport-security:
      - max-age=31536000; includeSubDomains
      transfer-encoding:
      - chunked
      vary:
      - Accept-Encoding
      x-content-type-options:
      - nosniff
      x-ms-arm-service-request-id:
      - 44d931ac-beb2-46ed-b584-ca0aaaf3c406
      x-ms-ratelimit-remaining-subscription-writes:
      - '1199'
    status:
      code: 200
      message: OK
- request:
    body: null
    headers:
      Accept:
      - '*/*'
      Accept-Encoding:
      - gzip, deflate
      CommandName:
      - network vnet subnet create
      Connection:
      - keep-alive
      ParameterSetName:
      - --resource-group --name --vnet-name --address-prefixes
      User-Agent:
      - AZURECLI/2.41.0 azsdk-python-azure-mgmt-network/21.0.1 Python/3.9.13 (Windows-10-10.0.22621-SP0)
    method: GET
    uri: https://management.azure.com/subscriptions/00000000-0000-0000-0000-000000000000/providers/Microsoft.Network/locations/southcentralus/operations/3a2566c9-ad57-425f-988f-167c5d3ea70a?api-version=2022-01-01
  response:
    body:
      string: "{\r\n  \"status\": \"Succeeded\"\r\n}"
    headers:
      cache-control:
      - no-cache
      content-length:
      - '29'
      content-type:
      - application/json; charset=utf-8
      date:
      - Wed, 26 Oct 2022 03:46:39 GMT
      expires:
      - '-1'
      pragma:
      - no-cache
      server:
      - Microsoft-HTTPAPI/2.0
      - Microsoft-HTTPAPI/2.0
      strict-transport-security:
      - max-age=31536000; includeSubDomains
      transfer-encoding:
      - chunked
      vary:
      - Accept-Encoding
      x-content-type-options:
      - nosniff
      x-ms-arm-service-request-id:
      - 84de0e5f-98b0-42b3-9da5-092a17fa44a4
    status:
      code: 200
      message: OK
- request:
    body: null
    headers:
      Accept:
      - '*/*'
      Accept-Encoding:
      - gzip, deflate
      CommandName:
      - network vnet subnet create
      Connection:
      - keep-alive
      ParameterSetName:
      - --resource-group --name --vnet-name --address-prefixes
      User-Agent:
      - AZURECLI/2.41.0 azsdk-python-azure-mgmt-network/21.0.1 Python/3.9.13 (Windows-10-10.0.22621-SP0)
    method: GET
    uri: https://management.azure.com/subscriptions/00000000-0000-0000-0000-000000000000/resourceGroups/clitest.rg000001/providers/Microsoft.Network/virtualNetworks/cs_cli_test_000002?api-version=2022-01-01
  response:
    body:
      string: "{\r\n  \"name\": \"cs_cli_test_000002\",\r\n  \"id\": \"/subscriptions/00000000-0000-0000-0000-000000000000/resourceGroups/clitest.rg000001/providers/Microsoft.Network/virtualNetworks/cs_cli_test_000002\",\r\n
        \ \"etag\": \"W/\\\"41e8141b-116e-43a0-862c-2c2f04860142\\\"\",\r\n  \"type\":
        \"Microsoft.Network/virtualNetworks\",\r\n  \"location\": \"southcentralus\",\r\n
        \ \"tags\": {},\r\n  \"properties\": {\r\n    \"provisioningState\": \"Succeeded\",\r\n
        \   \"resourceGuid\": \"53a8b18d-241e-48ee-920b-6d086ae12e25\",\r\n    \"addressSpace\":
        {\r\n      \"addressPrefixes\": [\r\n        \"10.0.0.0/16\"\r\n      ]\r\n
        \   },\r\n    \"dhcpOptions\": {\r\n      \"dnsServers\": []\r\n    },\r\n
        \   \"subnets\": [\r\n      {\r\n        \"name\": \"default\",\r\n        \"id\":
        \"/subscriptions/00000000-0000-0000-0000-000000000000/resourceGroups/clitest.rg000001/providers/Microsoft.Network/virtualNetworks/cs_cli_test_000002/subnets/default\",\r\n
        \       \"etag\": \"W/\\\"41e8141b-116e-43a0-862c-2c2f04860142\\\"\",\r\n
        \       \"properties\": {\r\n          \"provisioningState\": \"Succeeded\",\r\n
        \         \"addressPrefix\": \"10.0.0.0/24\",\r\n          \"delegations\":
        [],\r\n          \"privateEndpointNetworkPolicies\": \"Disabled\",\r\n          \"privateLinkServiceNetworkPolicies\":
        \"Enabled\"\r\n        },\r\n        \"type\": \"Microsoft.Network/virtualNetworks/subnets\"\r\n
        \     }\r\n    ],\r\n    \"virtualNetworkPeerings\": [],\r\n    \"enableDdosProtection\":
        false\r\n  }\r\n}"
    headers:
      cache-control:
      - no-cache
      content-length:
      - '1335'
      content-type:
      - application/json; charset=utf-8
      date:
      - Wed, 26 Oct 2022 03:46:40 GMT
      etag:
      - W/"41e8141b-116e-43a0-862c-2c2f04860142"
      expires:
      - '-1'
      pragma:
      - no-cache
      server:
      - Microsoft-HTTPAPI/2.0
      - Microsoft-HTTPAPI/2.0
      strict-transport-security:
      - max-age=31536000; includeSubDomains
      transfer-encoding:
      - chunked
      vary:
      - Accept-Encoding
      x-content-type-options:
      - nosniff
      x-ms-arm-service-request-id:
      - 39b5d5a4-1b06-4712-9f5c-ff2ef39a9467
    status:
      code: 200
      message: OK
- request:
    body: null
    headers:
      Accept:
      - application/json
      Accept-Encoding:
      - gzip, deflate
      CommandName:
      - cognitiveservices account show
      Connection:
      - keep-alive
      ParameterSetName:
      - -n -g
      User-Agent:
      - AZURECLI/2.41.0 azsdk-python-mgmt-cognitiveservices/13.3.0 Python/3.9.13 (Windows-10-10.0.22621-SP0)
    method: GET
    uri: https://management.azure.com/subscriptions/00000000-0000-0000-0000-000000000000/resourceGroups/clitest.rg000001/providers/Microsoft.CognitiveServices/accounts/cs_cli_test_000002?api-version=2022-10-01
  response:
    body:
      string: '{"id":"/subscriptions/00000000-0000-0000-0000-000000000000/resourceGroups/clitest.rg000001/providers/Microsoft.CognitiveServices/accounts/cs_cli_test_000002","name":"cs_cli_test_000002","type":"Microsoft.CognitiveServices/accounts","etag":"\"17008d72-0000-0500-0000-6358ad740000\"","location":"SOUTHCENTRALUS","sku":{"name":"S0"},"kind":"FormRecognizer","properties":{"endpoint":"https://csclitest000003.cognitiveservices.azure.com/","internalId":"e20f61a68d0e43baa0cfb215b6cc4881","dateCreated":"2022-10-26T03:45:54.8294634Z","callRateLimit":{"rules":[{"key":"formrecognizer.custom.train","renewalPeriod":60,"count":1,"dynamicThrottlingEnabled":false,"matchPatterns":[{"path":"formrecognizer/custom/train","method":"*"}]},{"key":"formrecognizer.custom.copymodels","renewalPeriod":60,"count":1,"dynamicThrottlingEnabled":false,"matchPatterns":[{"path":"formrecognizer/custom/models/{modelId}/copy","method":"*"}]},{"key":"formrecognizer.custom.models.get","renewalPeriod":60,"count":10,"dynamicThrottlingEnabled":false,"matchPatterns":[{"path":"formrecognizer/custom/models","method":"GET"}]},{"key":"formrecognizer.analyzeform","renewalPeriod":1,"count":15,"dynamicThrottlingEnabled":true,"matchPatterns":[{"path":"formrecognizer/custom/models/{modelId}/analyze","method":"POST"}]},{"key":"formrecognizer.analyzeform.result","renewalPeriod":1,"count":100,"dynamicThrottlingEnabled":true,"matchPatterns":[{"path":"formrecognizer/custom/models/{modelId}/analyzeResults/{resultId}","method":"GET"}]},{"key":"container.billing","renewalPeriod":10,"count":500,"dynamicThrottlingEnabled":false,"matchPatterns":[{"path":"billing/*","method":"*"}]},{"key":"default","renewalPeriod":1,"count":30,"dynamicThrottlingEnabled":true,"matchPatterns":[{"path":"*","method":"*"}]}]},"isMigrated":false,"customSubDomainName":"csclitest000003","privateEndpointConnections":[],"publicNetworkAccess":"Enabled","capabilities":[{"name":"DynamicThrottling"},{"name":"VirtualNetworks"},{"name":"CustomerManagedKey"},{"name":"Container","value":"FormRecognizer.*"}],"endpoints":{"FormRecognizer":"https://csclitest000003.cognitiveservices.azure.com/"},"provisioningState":"Succeeded"},"systemData":{"createdBy":"yuanyang@microsoft.com","createdByType":"User","createdAt":"2022-10-26T03:45:53.7849374Z","lastModifiedBy":"yuanyang@microsoft.com","lastModifiedByType":"User","lastModifiedAt":"2022-10-26T03:45:53.7849374Z"}}'
    headers:
      cache-control:
      - no-cache
      content-length:
      - '2396'
      content-type:
      - application/json; charset=utf-8
      date:
      - Wed, 26 Oct 2022 03:46:40 GMT
      etag:
      - '"17008d72-0000-0500-0000-6358ad740000"'
      expires:
      - '-1'
      pragma:
      - no-cache
      server:
      - istio-envoy
      strict-transport-security:
      - max-age=31536000; includeSubDomains
      transfer-encoding:
      - chunked
      vary:
      - Accept-Encoding
      x-content-type-options:
      - nosniff
      x-envoy-upstream-service-time:
      - '9'
    status:
      code: 200
      message: OK
- request:
    body: null
    headers:
      Accept:
      - application/json
      Accept-Encoding:
      - gzip, deflate
      CommandName:
      - network vnet subnet update
      Connection:
      - keep-alive
      ParameterSetName:
      - --name --resource-group --vnet-name --disable-private-endpoint-network-policies
      User-Agent:
      - AZURECLI/2.41.0 azsdk-python-azure-mgmt-network/21.0.1 Python/3.9.13 (Windows-10-10.0.22621-SP0)
    method: GET
    uri: https://management.azure.com/subscriptions/00000000-0000-0000-0000-000000000000/resourceGroups/clitest.rg000001/providers/Microsoft.Network/virtualNetworks/cs_cli_test_000002/subnets/default?api-version=2022-01-01
  response:
    body:
      string: "{\r\n  \"name\": \"default\",\r\n  \"id\": \"/subscriptions/00000000-0000-0000-0000-000000000000/resourceGroups/clitest.rg000001/providers/Microsoft.Network/virtualNetworks/cs_cli_test_000002/subnets/default\",\r\n
        \ \"etag\": \"W/\\\"41e8141b-116e-43a0-862c-2c2f04860142\\\"\",\r\n  \"properties\":
        {\r\n    \"provisioningState\": \"Succeeded\",\r\n    \"addressPrefix\": \"10.0.0.0/24\",\r\n
        \   \"delegations\": [],\r\n    \"privateEndpointNetworkPolicies\": \"Disabled\",\r\n
        \   \"privateLinkServiceNetworkPolicies\": \"Enabled\"\r\n  },\r\n  \"type\":
        \"Microsoft.Network/virtualNetworks/subnets\"\r\n}"
    headers:
      cache-control:
      - no-cache
      content-length:
      - '541'
      content-type:
      - application/json; charset=utf-8
      date:
      - Wed, 26 Oct 2022 03:46:41 GMT
      etag:
      - W/"41e8141b-116e-43a0-862c-2c2f04860142"
      expires:
      - '-1'
      pragma:
      - no-cache
      server:
      - Microsoft-HTTPAPI/2.0
      - Microsoft-HTTPAPI/2.0
      strict-transport-security:
      - max-age=31536000; includeSubDomains
      transfer-encoding:
      - chunked
      vary:
      - Accept-Encoding
      x-content-type-options:
      - nosniff
      x-ms-arm-service-request-id:
      - 794cec47-e600-413f-b865-319754555495
    status:
      code: 200
      message: OK
- request:
    body: '{"id": "/subscriptions/00000000-0000-0000-0000-000000000000/resourceGroups/clitest.rg000001/providers/Microsoft.Network/virtualNetworks/cs_cli_test_000002/subnets/default",
      "name": "default", "type": "Microsoft.Network/virtualNetworks/subnets", "properties":
      {"addressPrefix": "10.0.0.0/24", "delegations": [], "privateEndpointNetworkPolicies":
      "Disabled", "privateLinkServiceNetworkPolicies": "Enabled"}}'
    headers:
      Accept:
      - application/json
      Accept-Encoding:
      - gzip, deflate
      CommandName:
      - network vnet subnet update
      Connection:
      - keep-alive
      Content-Length:
      - '405'
      Content-Type:
      - application/json
      ParameterSetName:
      - --name --resource-group --vnet-name --disable-private-endpoint-network-policies
      User-Agent:
      - AZURECLI/2.41.0 azsdk-python-azure-mgmt-network/21.0.1 Python/3.9.13 (Windows-10-10.0.22621-SP0)
    method: PUT
    uri: https://management.azure.com/subscriptions/00000000-0000-0000-0000-000000000000/resourceGroups/clitest.rg000001/providers/Microsoft.Network/virtualNetworks/cs_cli_test_000002/subnets/default?api-version=2022-01-01
  response:
    body:
      string: "{\r\n  \"name\": \"default\",\r\n  \"id\": \"/subscriptions/00000000-0000-0000-0000-000000000000/resourceGroups/clitest.rg000001/providers/Microsoft.Network/virtualNetworks/cs_cli_test_000002/subnets/default\",\r\n
        \ \"etag\": \"W/\\\"a2393f17-612f-4a3d-914a-a8ee3042bb15\\\"\",\r\n  \"properties\":
        {\r\n    \"provisioningState\": \"Succeeded\",\r\n    \"addressPrefix\": \"10.0.0.0/24\",\r\n
        \   \"delegations\": [],\r\n    \"privateEndpointNetworkPolicies\": \"Disabled\",\r\n
        \   \"privateLinkServiceNetworkPolicies\": \"Enabled\"\r\n  },\r\n  \"type\":
        \"Microsoft.Network/virtualNetworks/subnets\"\r\n}"
    headers:
      azure-asyncnotification:
      - Enabled
      azure-asyncoperation:
      - https://management.azure.com/subscriptions/00000000-0000-0000-0000-000000000000/providers/Microsoft.Network/locations/southcentralus/operations/2f8c0e57-8a68-46cb-956e-a2330f963cec?api-version=2022-01-01
      cache-control:
      - no-cache
      content-length:
      - '541'
      content-type:
      - application/json; charset=utf-8
      date:
      - Wed, 26 Oct 2022 03:46:42 GMT
      expires:
      - '-1'
      pragma:
      - no-cache
      server:
      - Microsoft-HTTPAPI/2.0
      - Microsoft-HTTPAPI/2.0
      strict-transport-security:
      - max-age=31536000; includeSubDomains
      transfer-encoding:
      - chunked
      vary:
      - Accept-Encoding
      x-content-type-options:
      - nosniff
      x-ms-arm-service-request-id:
      - 07cbb33a-ac65-4aea-96f4-6010400b091e
      x-ms-ratelimit-remaining-subscription-writes:
      - '1198'
    status:
      code: 200
      message: OK
- request:
    body: null
    headers:
      Accept:
      - '*/*'
      Accept-Encoding:
      - gzip, deflate
      CommandName:
      - network vnet subnet update
      Connection:
      - keep-alive
      ParameterSetName:
      - --name --resource-group --vnet-name --disable-private-endpoint-network-policies
      User-Agent:
      - AZURECLI/2.41.0 azsdk-python-azure-mgmt-network/21.0.1 Python/3.9.13 (Windows-10-10.0.22621-SP0)
    method: GET
    uri: https://management.azure.com/subscriptions/00000000-0000-0000-0000-000000000000/providers/Microsoft.Network/locations/southcentralus/operations/2f8c0e57-8a68-46cb-956e-a2330f963cec?api-version=2022-01-01
  response:
    body:
      string: "{\r\n  \"status\": \"Succeeded\"\r\n}"
    headers:
      cache-control:
      - no-cache
      content-length:
      - '29'
      content-type:
      - application/json; charset=utf-8
      date:
      - Wed, 26 Oct 2022 03:47:12 GMT
      expires:
      - '-1'
      pragma:
      - no-cache
      server:
      - Microsoft-HTTPAPI/2.0
      - Microsoft-HTTPAPI/2.0
      strict-transport-security:
      - max-age=31536000; includeSubDomains
      transfer-encoding:
      - chunked
      vary:
      - Accept-Encoding
      x-content-type-options:
      - nosniff
      x-ms-arm-service-request-id:
      - e88a188c-c082-42d8-8c3e-52dd330fe1e9
    status:
      code: 200
      message: OK
- request:
    body: null
    headers:
      Accept:
      - '*/*'
      Accept-Encoding:
      - gzip, deflate
      CommandName:
      - network vnet subnet update
      Connection:
      - keep-alive
      ParameterSetName:
      - --name --resource-group --vnet-name --disable-private-endpoint-network-policies
      User-Agent:
      - AZURECLI/2.41.0 azsdk-python-azure-mgmt-network/21.0.1 Python/3.9.13 (Windows-10-10.0.22621-SP0)
    method: GET
    uri: https://management.azure.com/subscriptions/00000000-0000-0000-0000-000000000000/resourceGroups/clitest.rg000001/providers/Microsoft.Network/virtualNetworks/cs_cli_test_000002/subnets/default?api-version=2022-01-01
  response:
    body:
      string: "{\r\n  \"name\": \"default\",\r\n  \"id\": \"/subscriptions/00000000-0000-0000-0000-000000000000/resourceGroups/clitest.rg000001/providers/Microsoft.Network/virtualNetworks/cs_cli_test_000002/subnets/default\",\r\n
        \ \"etag\": \"W/\\\"a2393f17-612f-4a3d-914a-a8ee3042bb15\\\"\",\r\n  \"properties\":
        {\r\n    \"provisioningState\": \"Succeeded\",\r\n    \"addressPrefix\": \"10.0.0.0/24\",\r\n
        \   \"delegations\": [],\r\n    \"privateEndpointNetworkPolicies\": \"Disabled\",\r\n
        \   \"privateLinkServiceNetworkPolicies\": \"Enabled\"\r\n  },\r\n  \"type\":
        \"Microsoft.Network/virtualNetworks/subnets\"\r\n}"
    headers:
      cache-control:
      - no-cache
      content-length:
      - '541'
      content-type:
      - application/json; charset=utf-8
      date:
      - Wed, 26 Oct 2022 03:47:12 GMT
      etag:
      - W/"a2393f17-612f-4a3d-914a-a8ee3042bb15"
      expires:
      - '-1'
      pragma:
      - no-cache
      server:
      - Microsoft-HTTPAPI/2.0
      - Microsoft-HTTPAPI/2.0
      strict-transport-security:
      - max-age=31536000; includeSubDomains
      transfer-encoding:
      - chunked
      vary:
      - Accept-Encoding
      x-content-type-options:
      - nosniff
      x-ms-arm-service-request-id:
      - e65a0e68-ae12-4637-8301-e3c6cca67e27
    status:
      code: 200
      message: OK
- request:
    body: '{"location": "SOUTHCENTRALUS", "properties": {"subnet": {"id": "/subscriptions/00000000-0000-0000-0000-000000000000/resourceGroups/clitest.rg000001/providers/Microsoft.Network/virtualNetworks/cs_cli_test_000002/subnets/default",
      "properties": {"privateEndpointNetworkPolicies": "Disabled", "privateLinkServiceNetworkPolicies":
      "Enabled"}}, "privateLinkServiceConnections": [{"name": "pecs_cli_test_000002",
      "properties": {"privateLinkServiceId": "/subscriptions/00000000-0000-0000-0000-000000000000/resourceGroups/clitest.rg000001/providers/Microsoft.CognitiveServices/accounts/cs_cli_test_000002",
      "groupIds": ["account"]}}]}}'
    headers:
      Accept:
      - application/json
      Accept-Encoding:
      - gzip, deflate
      CommandName:
      - network private-endpoint create
      Connection:
      - keep-alive
      Content-Length:
      - '627'
      Content-Type:
      - application/json
      ParameterSetName:
      - -g -n --vnet-name --subnet --private-connection-resource-id --group-id --connection-name
        -l
      User-Agent:
      - AZURECLI/2.41.0 azsdk-python-azure-mgmt-network/21.0.1 Python/3.9.13 (Windows-10-10.0.22621-SP0)
    method: PUT
    uri: https://management.azure.com/subscriptions/00000000-0000-0000-0000-000000000000/resourceGroups/clitest.rg000001/providers/Microsoft.Network/privateEndpoints/pecs_cli_test_000002?api-version=2022-01-01
  response:
    body:
      string: "{\r\n  \"name\": \"pecs_cli_test_000002\",\r\n  \"id\": \"/subscriptions/00000000-0000-0000-0000-000000000000/resourceGroups/clitest.rg000001/providers/Microsoft.Network/privateEndpoints/pecs_cli_test_000002\",\r\n
        \ \"etag\": \"W/\\\"6a48cf67-11e8-47b3-9b08-cc55cf229b2d\\\"\",\r\n  \"type\":
        \"Microsoft.Network/privateEndpoints\",\r\n  \"location\": \"southcentralus\",\r\n
        \ \"properties\": {\r\n    \"provisioningState\": \"Updating\",\r\n    \"resourceGuid\":
        \"d9c7b62b-6e36-4f1a-b048-18dda43a2d50\",\r\n    \"privateLinkServiceConnections\":
        [\r\n      {\r\n        \"name\": \"pecs_cli_test_000002\",\r\n        \"id\":
        \"/subscriptions/00000000-0000-0000-0000-000000000000/resourceGroups/clitest.rg000001/providers/Microsoft.Network/privateEndpoints/pecs_cli_test_000002/privateLinkServiceConnections/pecs_cli_test_000002\",\r\n
        \       \"etag\": \"W/\\\"6a48cf67-11e8-47b3-9b08-cc55cf229b2d\\\"\",\r\n
        \       \"properties\": {\r\n          \"provisioningState\": \"Succeeded\",\r\n
        \         \"privateLinkServiceId\": \"/subscriptions/00000000-0000-0000-0000-000000000000/resourceGroups/clitest.rg000001/providers/Microsoft.CognitiveServices/accounts/cs_cli_test_000002\",\r\n
        \         \"groupIds\": [\r\n            \"account\"\r\n          ],\r\n          \"privateLinkServiceConnectionState\":
        {\r\n            \"status\": \"Approved\",\r\n            \"description\":
        \"Auto Approved\",\r\n            \"actionsRequired\": \"None\"\r\n          }\r\n
        \       },\r\n        \"type\": \"Microsoft.Network/privateEndpoints/privateLinkServiceConnections\"\r\n
        \     }\r\n    ],\r\n    \"manualPrivateLinkServiceConnections\": [],\r\n
        \   \"customNetworkInterfaceName\": \"\",\r\n    \"subnet\": {\r\n      \"id\":
        \"/subscriptions/00000000-0000-0000-0000-000000000000/resourceGroups/clitest.rg000001/providers/Microsoft.Network/virtualNetworks/cs_cli_test_000002/subnets/default\"\r\n
        \   },\r\n    \"ipConfigurations\": [],\r\n    \"networkInterfaces\": [\r\n
        \     {\r\n        \"id\": \"/subscriptions/00000000-0000-0000-0000-000000000000/resourceGroups/clitest.rg000001/providers/Microsoft.Network/networkInterfaces/pecs_cli_test_000002.nic.45742a36-ab5f-4f54-aa09-da17f144d038\"\r\n
        \     }\r\n    ],\r\n    \"customDnsConfigs\": []\r\n  }\r\n}"
    headers:
      azure-asyncnotification:
      - Enabled
      azure-asyncoperation:
      - https://management.azure.com/subscriptions/00000000-0000-0000-0000-000000000000/providers/Microsoft.Network/locations/southcentralus/operations/64e8bd3f-bd75-4f88-80e6-595da5898a60?api-version=2022-01-01
      cache-control:
      - no-cache
      content-length:
      - '2060'
      content-type:
      - application/json; charset=utf-8
      date:
      - Wed, 26 Oct 2022 03:47:14 GMT
      expires:
      - '-1'
      pragma:
      - no-cache
      server:
      - Microsoft-HTTPAPI/2.0
      - Microsoft-HTTPAPI/2.0
      strict-transport-security:
      - max-age=31536000; includeSubDomains
      x-content-type-options:
      - nosniff
      x-ms-arm-service-request-id:
      - 9a016e0d-17a4-4a12-b581-1f4ba00b419e
      x-ms-ratelimit-remaining-subscription-writes:
      - '1199'
    status:
      code: 201
      message: Created
- request:
    body: null
    headers:
      Accept:
      - '*/*'
      Accept-Encoding:
      - gzip, deflate
      CommandName:
      - network private-endpoint create
      Connection:
      - keep-alive
      ParameterSetName:
      - -g -n --vnet-name --subnet --private-connection-resource-id --group-id --connection-name
        -l
      User-Agent:
      - AZURECLI/2.41.0 azsdk-python-azure-mgmt-network/21.0.1 Python/3.9.13 (Windows-10-10.0.22621-SP0)
    method: GET
    uri: https://management.azure.com/subscriptions/00000000-0000-0000-0000-000000000000/providers/Microsoft.Network/locations/southcentralus/operations/64e8bd3f-bd75-4f88-80e6-595da5898a60?api-version=2022-01-01
  response:
    body:
      string: "{\r\n  \"status\": \"InProgress\"\r\n}"
    headers:
      cache-control:
      - no-cache
      content-length:
      - '30'
      content-type:
      - application/json; charset=utf-8
      date:
      - Wed, 26 Oct 2022 03:47:24 GMT
      expires:
      - '-1'
      pragma:
      - no-cache
      server:
      - Microsoft-HTTPAPI/2.0
      - Microsoft-HTTPAPI/2.0
      strict-transport-security:
      - max-age=31536000; includeSubDomains
      transfer-encoding:
      - chunked
      vary:
      - Accept-Encoding
      x-content-type-options:
      - nosniff
      x-ms-arm-service-request-id:
      - 1c4a2e26-75ee-4432-bfc6-a3c440efa6e4
    status:
      code: 200
      message: OK
- request:
    body: null
    headers:
      Accept:
      - '*/*'
      Accept-Encoding:
      - gzip, deflate
      CommandName:
      - network private-endpoint create
      Connection:
      - keep-alive
      ParameterSetName:
      - -g -n --vnet-name --subnet --private-connection-resource-id --group-id --connection-name
        -l
      User-Agent:
      - AZURECLI/2.41.0 azsdk-python-azure-mgmt-network/21.0.1 Python/3.9.13 (Windows-10-10.0.22621-SP0)
    method: GET
    uri: https://management.azure.com/subscriptions/00000000-0000-0000-0000-000000000000/providers/Microsoft.Network/locations/southcentralus/operations/64e8bd3f-bd75-4f88-80e6-595da5898a60?api-version=2022-01-01
  response:
    body:
      string: "{\r\n  \"status\": \"InProgress\"\r\n}"
    headers:
      cache-control:
      - no-cache
      content-length:
      - '30'
      content-type:
      - application/json; charset=utf-8
      date:
      - Wed, 26 Oct 2022 03:47:34 GMT
      expires:
      - '-1'
      pragma:
      - no-cache
      server:
      - Microsoft-HTTPAPI/2.0
      - Microsoft-HTTPAPI/2.0
      strict-transport-security:
      - max-age=31536000; includeSubDomains
      transfer-encoding:
      - chunked
      vary:
      - Accept-Encoding
      x-content-type-options:
      - nosniff
      x-ms-arm-service-request-id:
      - f052b6c4-0dd2-439a-b2e1-e0c213ebe506
    status:
      code: 200
      message: OK
- request:
    body: null
    headers:
      Accept:
      - '*/*'
      Accept-Encoding:
      - gzip, deflate
      CommandName:
      - network private-endpoint create
      Connection:
      - keep-alive
      ParameterSetName:
      - -g -n --vnet-name --subnet --private-connection-resource-id --group-id --connection-name
        -l
      User-Agent:
      - AZURECLI/2.41.0 azsdk-python-azure-mgmt-network/21.0.1 Python/3.9.13 (Windows-10-10.0.22621-SP0)
    method: GET
    uri: https://management.azure.com/subscriptions/00000000-0000-0000-0000-000000000000/providers/Microsoft.Network/locations/southcentralus/operations/64e8bd3f-bd75-4f88-80e6-595da5898a60?api-version=2022-01-01
  response:
    body:
      string: "{\r\n  \"status\": \"Succeeded\"\r\n}"
    headers:
      cache-control:
      - no-cache
      content-length:
      - '29'
      content-type:
      - application/json; charset=utf-8
      date:
      - Wed, 26 Oct 2022 03:47:54 GMT
      expires:
      - '-1'
      pragma:
      - no-cache
      server:
      - Microsoft-HTTPAPI/2.0
      - Microsoft-HTTPAPI/2.0
      strict-transport-security:
      - max-age=31536000; includeSubDomains
      transfer-encoding:
      - chunked
      vary:
      - Accept-Encoding
      x-content-type-options:
      - nosniff
      x-ms-arm-service-request-id:
      - 4fc9b794-4f9a-438b-821c-0bc935ef6e4d
    status:
      code: 200
      message: OK
- request:
    body: null
    headers:
      Accept:
      - '*/*'
      Accept-Encoding:
      - gzip, deflate
      CommandName:
      - network private-endpoint create
      Connection:
      - keep-alive
      ParameterSetName:
      - -g -n --vnet-name --subnet --private-connection-resource-id --group-id --connection-name
        -l
      User-Agent:
      - AZURECLI/2.41.0 azsdk-python-azure-mgmt-network/21.0.1 Python/3.9.13 (Windows-10-10.0.22621-SP0)
    method: GET
    uri: https://management.azure.com/subscriptions/00000000-0000-0000-0000-000000000000/resourceGroups/clitest.rg000001/providers/Microsoft.Network/privateEndpoints/pecs_cli_test_000002?api-version=2022-01-01
  response:
    body:
      string: "{\r\n  \"name\": \"pecs_cli_test_000002\",\r\n  \"id\": \"/subscriptions/00000000-0000-0000-0000-000000000000/resourceGroups/clitest.rg000001/providers/Microsoft.Network/privateEndpoints/pecs_cli_test_000002\",\r\n
        \ \"etag\": \"W/\\\"1161fbe0-4ac6-437c-933a-1f8187998eb3\\\"\",\r\n  \"type\":
        \"Microsoft.Network/privateEndpoints\",\r\n  \"location\": \"southcentralus\",\r\n
        \ \"properties\": {\r\n    \"provisioningState\": \"Succeeded\",\r\n    \"resourceGuid\":
        \"d9c7b62b-6e36-4f1a-b048-18dda43a2d50\",\r\n    \"privateLinkServiceConnections\":
        [\r\n      {\r\n        \"name\": \"pecs_cli_test_000002\",\r\n        \"id\":
        \"/subscriptions/00000000-0000-0000-0000-000000000000/resourceGroups/clitest.rg000001/providers/Microsoft.Network/privateEndpoints/pecs_cli_test_000002/privateLinkServiceConnections/pecs_cli_test_000002\",\r\n
        \       \"etag\": \"W/\\\"1161fbe0-4ac6-437c-933a-1f8187998eb3\\\"\",\r\n
        \       \"properties\": {\r\n          \"provisioningState\": \"Succeeded\",\r\n
        \         \"privateLinkServiceId\": \"/subscriptions/00000000-0000-0000-0000-000000000000/resourceGroups/clitest.rg000001/providers/Microsoft.CognitiveServices/accounts/cs_cli_test_000002\",\r\n
        \         \"groupIds\": [\r\n            \"account\"\r\n          ],\r\n          \"privateLinkServiceConnectionState\":
        {\r\n            \"status\": \"Approved\",\r\n            \"description\":
        \"Approved\",\r\n            \"actionsRequired\": \"None\"\r\n          }\r\n
        \       },\r\n        \"type\": \"Microsoft.Network/privateEndpoints/privateLinkServiceConnections\"\r\n
        \     }\r\n    ],\r\n    \"manualPrivateLinkServiceConnections\": [],\r\n
        \   \"customNetworkInterfaceName\": \"\",\r\n    \"subnet\": {\r\n      \"id\":
        \"/subscriptions/00000000-0000-0000-0000-000000000000/resourceGroups/clitest.rg000001/providers/Microsoft.Network/virtualNetworks/cs_cli_test_000002/subnets/default\"\r\n
        \   },\r\n    \"ipConfigurations\": [],\r\n    \"networkInterfaces\": [\r\n
        \     {\r\n        \"id\": \"/subscriptions/00000000-0000-0000-0000-000000000000/resourceGroups/clitest.rg000001/providers/Microsoft.Network/networkInterfaces/pecs_cli_test_000002.nic.45742a36-ab5f-4f54-aa09-da17f144d038\"\r\n
        \     }\r\n    ],\r\n    \"customDnsConfigs\": [\r\n      {\r\n        \"fqdn\":
        \"csclitest000003.cognitiveservices.azure.com\",\r\n        \"ipAddresses\":
        [\r\n          \"10.0.0.4\"\r\n        ]\r\n      }\r\n    ]\r\n  }\r\n}"
    headers:
      cache-control:
      - no-cache
      content-length:
      - '2203'
      content-type:
      - application/json; charset=utf-8
      date:
      - Wed, 26 Oct 2022 03:47:55 GMT
      etag:
      - W/"1161fbe0-4ac6-437c-933a-1f8187998eb3"
      expires:
      - '-1'
      pragma:
      - no-cache
      server:
      - Microsoft-HTTPAPI/2.0
      - Microsoft-HTTPAPI/2.0
      strict-transport-security:
      - max-age=31536000; includeSubDomains
      transfer-encoding:
      - chunked
      vary:
      - Accept-Encoding
      x-content-type-options:
      - nosniff
      x-ms-arm-service-request-id:
      - ccdca13d-12ca-430e-b900-55b3ceff8e50
    status:
      code: 200
      message: OK
- request:
    body: null
    headers:
      Accept:
      - application/json
      Accept-Encoding:
      - gzip, deflate
      CommandName:
      - cognitiveservices account show
      Connection:
      - keep-alive
      ParameterSetName:
      - -n -g
      User-Agent:
      - AZURECLI/2.41.0 azsdk-python-mgmt-cognitiveservices/13.3.0 Python/3.9.13 (Windows-10-10.0.22621-SP0)
    method: GET
    uri: https://management.azure.com/subscriptions/00000000-0000-0000-0000-000000000000/resourceGroups/clitest.rg000001/providers/Microsoft.CognitiveServices/accounts/cs_cli_test_000002?api-version=2022-10-01
  response:
    body:
      string: '{"id":"/subscriptions/00000000-0000-0000-0000-000000000000/resourceGroups/clitest.rg000001/providers/Microsoft.CognitiveServices/accounts/cs_cli_test_000002","name":"cs_cli_test_000002","type":"Microsoft.CognitiveServices/accounts","etag":"\"1700d272-0000-0500-0000-6358adcf0000\"","location":"SOUTHCENTRALUS","sku":{"name":"S0"},"kind":"FormRecognizer","properties":{"endpoint":"https://csclitest000003.cognitiveservices.azure.com/","internalId":"e20f61a68d0e43baa0cfb215b6cc4881","dateCreated":"2022-10-26T03:45:54.8294634Z","callRateLimit":{"rules":[{"key":"formrecognizer.custom.train","renewalPeriod":60,"count":1,"dynamicThrottlingEnabled":false,"matchPatterns":[{"path":"formrecognizer/custom/train","method":"*"}]},{"key":"formrecognizer.custom.copymodels","renewalPeriod":60,"count":1,"dynamicThrottlingEnabled":false,"matchPatterns":[{"path":"formrecognizer/custom/models/{modelId}/copy","method":"*"}]},{"key":"formrecognizer.custom.models.get","renewalPeriod":60,"count":10,"dynamicThrottlingEnabled":false,"matchPatterns":[{"path":"formrecognizer/custom/models","method":"GET"}]},{"key":"formrecognizer.analyzeform","renewalPeriod":1,"count":15,"dynamicThrottlingEnabled":true,"matchPatterns":[{"path":"formrecognizer/custom/models/{modelId}/analyze","method":"POST"}]},{"key":"formrecognizer.analyzeform.result","renewalPeriod":1,"count":100,"dynamicThrottlingEnabled":true,"matchPatterns":[{"path":"formrecognizer/custom/models/{modelId}/analyzeResults/{resultId}","method":"GET"}]},{"key":"container.billing","renewalPeriod":10,"count":500,"dynamicThrottlingEnabled":false,"matchPatterns":[{"path":"billing/*","method":"*"}]},{"key":"default","renewalPeriod":1,"count":30,"dynamicThrottlingEnabled":true,"matchPatterns":[{"path":"*","method":"*"}]}]},"isMigrated":false,"customSubDomainName":"csclitest000003","privateEndpointConnections":[{"id":"/subscriptions/00000000-0000-0000-0000-000000000000/resourceGroups/clitest.rg000001/providers/Microsoft.CognitiveServices/accounts/cs_cli_test_000002/privateEndpointConnections/pecs_cli_test_000002.d9c7b62b-6e36-4f1a-b048-18dda43a2d50","name":"cs_cli_test_000002/pecs_cli_test_000002.d9c7b62b-6e36-4f1a-b048-18dda43a2d50","type":"Microsoft.CognitiveServices/accounts/privateEndpointConnections","properties":{"privateEndpoint":{"id":"/subscriptions/00000000-0000-0000-0000-000000000000/resourceGroups/clitest.rg000001/providers/Microsoft.Network/privateEndpoints/pecs_cli_test_000002"},"groupIds":["account"],"privateLinkServiceConnectionState":{"status":"Approved","description":"Approved","actionsRequired":"None"}}}],"publicNetworkAccess":"Enabled","capabilities":[{"name":"DynamicThrottling"},{"name":"VirtualNetworks"},{"name":"CustomerManagedKey"},{"name":"Container","value":"FormRecognizer.*"}],"endpoints":{"FormRecognizer":"https://csclitest000003.cognitiveservices.azure.com/"},"provisioningState":"Succeeded"},"systemData":{"createdBy":"yuanyang@microsoft.com","createdByType":"User","createdAt":"2022-10-26T03:45:53.7849374Z","lastModifiedBy":"yuanyang@microsoft.com","lastModifiedByType":"User","lastModifiedAt":"2022-10-26T03:45:53.7849374Z"}}'
    headers:
      cache-control:
      - no-cache
      content-length:
      - '3121'
      content-type:
      - application/json; charset=utf-8
      date:
      - Wed, 26 Oct 2022 03:47:55 GMT
      etag:
      - '"1700d272-0000-0500-0000-6358adcf0000"'
      expires:
      - '-1'
      pragma:
      - no-cache
      server:
      - istio-envoy
      strict-transport-security:
      - max-age=31536000; includeSubDomains
      transfer-encoding:
      - chunked
      vary:
      - Accept-Encoding
      x-content-type-options:
      - nosniff
      x-envoy-upstream-service-time:
      - '21'
    status:
      code: 200
      message: OK
- request:
    body: null
    headers:
      Accept:
      - '*/*'
      Accept-Encoding:
      - gzip, deflate
      CommandName:
      - network private-endpoint-connection show
      Connection:
      - keep-alive
      ParameterSetName:
      - --id
      User-Agent:
      - python/3.9.13 (Windows-10-10.0.22621-SP0) AZURECLI/2.41.0
    method: GET
    uri: https://management.azure.com/subscriptions/00000000-0000-0000-0000-000000000000/resourceGroups/clitest.rg000001/providers/Microsoft.CognitiveServices/accounts/cs_cli_test_000002/privateEndpointConnections/pecs_cli_test_000002.d9c7b62b-6e36-4f1a-b048-18dda43a2d50?api-version=2022-03-01
  response:
    body:
      string: '{"id":"/subscriptions/00000000-0000-0000-0000-000000000000/resourceGroups/clitest.rg000001/providers/Microsoft.CognitiveServices/accounts/cs_cli_test_000002/privateEndpointConnections/pecs_cli_test_000002.d9c7b62b-6e36-4f1a-b048-18dda43a2d50","name":"cs_cli_test_000002/pecs_cli_test_000002.d9c7b62b-6e36-4f1a-b048-18dda43a2d50","type":"Microsoft.CognitiveServices/accounts/privateEndpointConnections","etag":"\"88006b04-0000-0500-0000-6358add10000\"","location":"SOUTHCENTRALUS","properties":{"privateEndpoint":{"id":"/subscriptions/00000000-0000-0000-0000-000000000000/resourceGroups/clitest.rg000001/providers/Microsoft.Network/privateEndpoints/pecs_cli_test_000002"},"groupIds":["account"],"privateLinkServiceConnectionState":{"status":"Approved","description":"Approved","actionsRequired":"None"},"provisioningState":"Succeeded"}}'
    headers:
      cache-control:
      - no-cache
      content-length:
      - '835'
      content-type:
      - application/json; charset=utf-8
      date:
      - Wed, 26 Oct 2022 03:47:56 GMT
      etag:
      - '"88006b04-0000-0500-0000-6358add10000"'
      expires:
      - '-1'
      pragma:
      - no-cache
      server:
      - istio-envoy
      strict-transport-security:
      - max-age=31536000; includeSubDomains
      transfer-encoding:
      - chunked
      vary:
      - Accept-Encoding
      x-content-type-options:
      - nosniff
      x-envoy-upstream-service-time:
      - '11'
    status:
      code: 200
      message: OK
- request:
    body: null
    headers:
      Accept:
      - '*/*'
      Accept-Encoding:
      - gzip, deflate
      CommandName:
      - network private-endpoint-connection approve
      Connection:
      - keep-alive
      ParameterSetName:
      - --id
      User-Agent:
      - python/3.9.13 (Windows-10-10.0.22621-SP0) AZURECLI/2.41.0
    method: GET
    uri: https://management.azure.com/subscriptions/00000000-0000-0000-0000-000000000000/resourceGroups/clitest.rg000001/providers/Microsoft.CognitiveServices/accounts/cs_cli_test_000002/privateEndpointConnections/pecs_cli_test_000002.d9c7b62b-6e36-4f1a-b048-18dda43a2d50?api-version=2022-03-01
  response:
    body:
      string: '{"id":"/subscriptions/00000000-0000-0000-0000-000000000000/resourceGroups/clitest.rg000001/providers/Microsoft.CognitiveServices/accounts/cs_cli_test_000002/privateEndpointConnections/pecs_cli_test_000002.d9c7b62b-6e36-4f1a-b048-18dda43a2d50","name":"cs_cli_test_000002/pecs_cli_test_000002.d9c7b62b-6e36-4f1a-b048-18dda43a2d50","type":"Microsoft.CognitiveServices/accounts/privateEndpointConnections","etag":"\"88006b04-0000-0500-0000-6358add10000\"","location":"SOUTHCENTRALUS","properties":{"privateEndpoint":{"id":"/subscriptions/00000000-0000-0000-0000-000000000000/resourceGroups/clitest.rg000001/providers/Microsoft.Network/privateEndpoints/pecs_cli_test_000002"},"groupIds":["account"],"privateLinkServiceConnectionState":{"status":"Approved","description":"Approved","actionsRequired":"None"},"provisioningState":"Succeeded"}}'
    headers:
      cache-control:
      - no-cache
      content-length:
      - '835'
      content-type:
      - application/json; charset=utf-8
      date:
      - Wed, 26 Oct 2022 03:47:56 GMT
      etag:
      - '"88006b04-0000-0500-0000-6358add10000"'
      expires:
      - '-1'
      pragma:
      - no-cache
      server:
      - istio-envoy
      strict-transport-security:
      - max-age=31536000; includeSubDomains
      transfer-encoding:
      - chunked
      vary:
      - Accept-Encoding
      x-content-type-options:
      - nosniff
      x-envoy-upstream-service-time:
      - '10'
    status:
      code: 200
      message: OK
- request:
    body: '{"id": "/subscriptions/00000000-0000-0000-0000-000000000000/resourceGroups/clitest.rg000001/providers/Microsoft.CognitiveServices/accounts/cs_cli_test_000002/privateEndpointConnections/pecs_cli_test_000002.d9c7b62b-6e36-4f1a-b048-18dda43a2d50",
      "name": "cs_cli_test_000002/pecs_cli_test_000002.d9c7b62b-6e36-4f1a-b048-18dda43a2d50",
      "type": "Microsoft.CognitiveServices/accounts/privateEndpointConnections", "etag":
      "\"88006b04-0000-0500-0000-6358add10000\"", "location": "SOUTHCENTRALUS", "properties":
      {"privateEndpoint": {"id": "/subscriptions/00000000-0000-0000-0000-000000000000/resourceGroups/clitest.rg000001/providers/Microsoft.Network/privateEndpoints/pecs_cli_test_000002"},
      "groupIds": ["account"], "privateLinkServiceConnectionState": {"status": "Approved",
      "description": null, "actionsRequired": "None"}, "provisioningState": "Succeeded"}}'
    headers:
      Accept:
      - '*/*'
      Accept-Encoding:
      - gzip, deflate
      CommandName:
      - network private-endpoint-connection approve
      Connection:
      - keep-alive
      Content-Length:
      - '853'
      Content-Type:
      - application/json
      ParameterSetName:
      - --id
      User-Agent:
      - python/3.9.13 (Windows-10-10.0.22621-SP0) AZURECLI/2.41.0
    method: PUT
    uri: https://management.azure.com/subscriptions/00000000-0000-0000-0000-000000000000/resourceGroups/clitest.rg000001/providers/Microsoft.CognitiveServices/accounts/cs_cli_test_000002/privateEndpointConnections/pecs_cli_test_000002.d9c7b62b-6e36-4f1a-b048-18dda43a2d50?api-version=2022-03-01
  response:
    body:
      string: '{"id":"/subscriptions/00000000-0000-0000-0000-000000000000/resourceGroups/clitest.rg000001/providers/Microsoft.CognitiveServices/accounts/cs_cli_test_000002/privateEndpointConnections/pecs_cli_test_000002.d9c7b62b-6e36-4f1a-b048-18dda43a2d50","name":"cs_cli_test_000002/pecs_cli_test_000002.d9c7b62b-6e36-4f1a-b048-18dda43a2d50","type":"Microsoft.CognitiveServices/accounts/privateEndpointConnections","etag":"\"88006705-0000-0500-0000-6358adee0000\"","location":"SOUTHCENTRALUS","properties":{"privateEndpoint":{"id":"/subscriptions/00000000-0000-0000-0000-000000000000/resourceGroups/clitest.rg000001/providers/Microsoft.Network/privateEndpoints/pecs_cli_test_000002"},"groupIds":["account"],"privateLinkServiceConnectionState":{"status":"Approved","description":"Approved","actionsRequired":"None"},"provisioningState":"Succeeded"}}'
    headers:
      cache-control:
      - no-cache
      content-length:
      - '835'
      content-type:
      - application/json; charset=utf-8
      date:
      - Wed, 26 Oct 2022 03:47:57 GMT
      etag:
      - '"88006705-0000-0500-0000-6358adee0000"'
      expires:
      - '-1'
      pragma:
      - no-cache
      server:
      - istio-envoy
      strict-transport-security:
      - max-age=31536000; includeSubDomains
      transfer-encoding:
      - chunked
      vary:
      - Accept-Encoding
      x-content-type-options:
      - nosniff
      x-envoy-upstream-service-time:
      - '43'
      x-ms-ratelimit-remaining-subscription-writes:
      - '1199'
    status:
      code: 200
      message: OK
- request:
    body: null
    headers:
      Accept:
      - '*/*'
      Accept-Encoding:
      - gzip, deflate
      CommandName:
      - network private-endpoint-connection approve
      Connection:
      - keep-alive
      ParameterSetName:
      - --id
      User-Agent:
      - python/3.9.13 (Windows-10-10.0.22621-SP0) AZURECLI/2.41.0
    method: GET
    uri: https://management.azure.com/subscriptions/00000000-0000-0000-0000-000000000000/resourceGroups/clitest.rg000001/providers/Microsoft.CognitiveServices/accounts/cs_cli_test_000002/privateEndpointConnections/pecs_cli_test_000002.d9c7b62b-6e36-4f1a-b048-18dda43a2d50?api-version=2022-03-01
  response:
    body:
      string: '{"id":"/subscriptions/00000000-0000-0000-0000-000000000000/resourceGroups/clitest.rg000001/providers/Microsoft.CognitiveServices/accounts/cs_cli_test_000002/privateEndpointConnections/pecs_cli_test_000002.d9c7b62b-6e36-4f1a-b048-18dda43a2d50","name":"cs_cli_test_000002/pecs_cli_test_000002.d9c7b62b-6e36-4f1a-b048-18dda43a2d50","type":"Microsoft.CognitiveServices/accounts/privateEndpointConnections","etag":"\"88006705-0000-0500-0000-6358adee0000\"","location":"SOUTHCENTRALUS","properties":{"privateEndpoint":{"id":"/subscriptions/00000000-0000-0000-0000-000000000000/resourceGroups/clitest.rg000001/providers/Microsoft.Network/privateEndpoints/pecs_cli_test_000002"},"groupIds":["account"],"privateLinkServiceConnectionState":{"status":"Approved","description":"Approved","actionsRequired":"None"},"provisioningState":"Succeeded"}}'
    headers:
      cache-control:
      - no-cache
      content-length:
      - '835'
      content-type:
      - application/json; charset=utf-8
      date:
      - Wed, 26 Oct 2022 03:48:07 GMT
      etag:
      - '"88006705-0000-0500-0000-6358adee0000"'
      expires:
      - '-1'
      pragma:
      - no-cache
      server:
      - istio-envoy
      strict-transport-security:
      - max-age=31536000; includeSubDomains
      transfer-encoding:
      - chunked
      vary:
      - Accept-Encoding
      x-content-type-options:
      - nosniff
      x-envoy-upstream-service-time:
      - '10'
    status:
      code: 200
      message: OK
- request:
    body: null
    headers:
      Accept:
      - '*/*'
      Accept-Encoding:
      - gzip, deflate
      CommandName:
      - network private-endpoint-connection reject
      Connection:
      - keep-alive
      ParameterSetName:
      - --id
      User-Agent:
      - python/3.9.13 (Windows-10-10.0.22621-SP0) AZURECLI/2.41.0
    method: GET
    uri: https://management.azure.com/subscriptions/00000000-0000-0000-0000-000000000000/resourceGroups/clitest.rg000001/providers/Microsoft.CognitiveServices/accounts/cs_cli_test_000002/privateEndpointConnections/pecs_cli_test_000002.d9c7b62b-6e36-4f1a-b048-18dda43a2d50?api-version=2022-03-01
  response:
    body:
      string: '{"id":"/subscriptions/00000000-0000-0000-0000-000000000000/resourceGroups/clitest.rg000001/providers/Microsoft.CognitiveServices/accounts/cs_cli_test_000002/privateEndpointConnections/pecs_cli_test_000002.d9c7b62b-6e36-4f1a-b048-18dda43a2d50","name":"cs_cli_test_000002/pecs_cli_test_000002.d9c7b62b-6e36-4f1a-b048-18dda43a2d50","type":"Microsoft.CognitiveServices/accounts/privateEndpointConnections","etag":"\"88006705-0000-0500-0000-6358adee0000\"","location":"SOUTHCENTRALUS","properties":{"privateEndpoint":{"id":"/subscriptions/00000000-0000-0000-0000-000000000000/resourceGroups/clitest.rg000001/providers/Microsoft.Network/privateEndpoints/pecs_cli_test_000002"},"groupIds":["account"],"privateLinkServiceConnectionState":{"status":"Approved","description":"Approved","actionsRequired":"None"},"provisioningState":"Succeeded"}}'
    headers:
      cache-control:
      - no-cache
      content-length:
      - '835'
      content-type:
      - application/json; charset=utf-8
      date:
      - Wed, 26 Oct 2022 03:48:08 GMT
      etag:
      - '"88006705-0000-0500-0000-6358adee0000"'
      expires:
      - '-1'
      pragma:
      - no-cache
      server:
      - istio-envoy
      strict-transport-security:
      - max-age=31536000; includeSubDomains
      transfer-encoding:
      - chunked
      vary:
      - Accept-Encoding
      x-content-type-options:
      - nosniff
      x-envoy-upstream-service-time:
      - '10'
    status:
      code: 200
      message: OK
- request:
    body: '{"id": "/subscriptions/00000000-0000-0000-0000-000000000000/resourceGroups/clitest.rg000001/providers/Microsoft.CognitiveServices/accounts/cs_cli_test_000002/privateEndpointConnections/pecs_cli_test_000002.d9c7b62b-6e36-4f1a-b048-18dda43a2d50",
      "name": "cs_cli_test_000002/pecs_cli_test_000002.d9c7b62b-6e36-4f1a-b048-18dda43a2d50",
      "type": "Microsoft.CognitiveServices/accounts/privateEndpointConnections", "etag":
      "\"88006705-0000-0500-0000-6358adee0000\"", "location": "SOUTHCENTRALUS", "properties":
      {"privateEndpoint": {"id": "/subscriptions/00000000-0000-0000-0000-000000000000/resourceGroups/clitest.rg000001/providers/Microsoft.Network/privateEndpoints/pecs_cli_test_000002"},
      "groupIds": ["account"], "privateLinkServiceConnectionState": {"status": "Rejected",
      "description": null, "actionsRequired": "None"}, "provisioningState": "Succeeded"}}'
    headers:
      Accept:
      - '*/*'
      Accept-Encoding:
      - gzip, deflate
      CommandName:
      - network private-endpoint-connection reject
      Connection:
      - keep-alive
      Content-Length:
      - '853'
      Content-Type:
      - application/json
      ParameterSetName:
      - --id
      User-Agent:
      - python/3.9.13 (Windows-10-10.0.22621-SP0) AZURECLI/2.41.0
    method: PUT
    uri: https://management.azure.com/subscriptions/00000000-0000-0000-0000-000000000000/resourceGroups/clitest.rg000001/providers/Microsoft.CognitiveServices/accounts/cs_cli_test_000002/privateEndpointConnections/pecs_cli_test_000002.d9c7b62b-6e36-4f1a-b048-18dda43a2d50?api-version=2022-03-01
  response:
    body:
      string: '{"id":"/subscriptions/00000000-0000-0000-0000-000000000000/resourceGroups/clitest.rg000001/providers/Microsoft.CognitiveServices/accounts/cs_cli_test_000002/privateEndpointConnections/pecs_cli_test_000002.d9c7b62b-6e36-4f1a-b048-18dda43a2d50","name":"cs_cli_test_000002/pecs_cli_test_000002.d9c7b62b-6e36-4f1a-b048-18dda43a2d50","type":"Microsoft.CognitiveServices/accounts/privateEndpointConnections","etag":"\"8800bb06-0000-0500-0000-6358ae1a0000\"","location":"SOUTHCENTRALUS","properties":{"privateEndpoint":{"id":"/subscriptions/00000000-0000-0000-0000-000000000000/resourceGroups/clitest.rg000001/providers/Microsoft.Network/privateEndpoints/pecs_cli_test_000002"},"groupIds":["account"],"privateLinkServiceConnectionState":{"status":"Rejected","actionsRequired":"None"},"provisioningState":"Succeeded"}}'
    headers:
      cache-control:
      - no-cache
      content-length:
      - '810'
      content-type:
      - application/json; charset=utf-8
      date:
      - Wed, 26 Oct 2022 03:48:42 GMT
      etag:
      - '"8800bb06-0000-0500-0000-6358ae1a0000"'
      expires:
      - '-1'
      pragma:
      - no-cache
      server:
      - istio-envoy
      strict-transport-security:
      - max-age=31536000; includeSubDomains
      transfer-encoding:
      - chunked
      vary:
      - Accept-Encoding
      x-content-type-options:
      - nosniff
      x-envoy-upstream-service-time:
      - '32317'
      x-ms-ratelimit-remaining-subscription-writes:
      - '1199'
    status:
      code: 200
      message: OK
- request:
    body: null
    headers:
      Accept:
      - '*/*'
      Accept-Encoding:
      - gzip, deflate
      CommandName:
      - network private-endpoint-connection reject
      Connection:
      - keep-alive
      ParameterSetName:
      - --id
      User-Agent:
      - python/3.9.13 (Windows-10-10.0.22621-SP0) AZURECLI/2.41.0
    method: GET
    uri: https://management.azure.com/subscriptions/00000000-0000-0000-0000-000000000000/resourceGroups/clitest.rg000001/providers/Microsoft.CognitiveServices/accounts/cs_cli_test_000002/privateEndpointConnections/pecs_cli_test_000002.d9c7b62b-6e36-4f1a-b048-18dda43a2d50?api-version=2022-03-01
  response:
    body:
      string: '{"id":"/subscriptions/00000000-0000-0000-0000-000000000000/resourceGroups/clitest.rg000001/providers/Microsoft.CognitiveServices/accounts/cs_cli_test_000002/privateEndpointConnections/pecs_cli_test_000002.d9c7b62b-6e36-4f1a-b048-18dda43a2d50","name":"cs_cli_test_000002/pecs_cli_test_000002.d9c7b62b-6e36-4f1a-b048-18dda43a2d50","type":"Microsoft.CognitiveServices/accounts/privateEndpointConnections","etag":"\"8800bb06-0000-0500-0000-6358ae1a0000\"","location":"SOUTHCENTRALUS","properties":{"privateEndpoint":{"id":"/subscriptions/00000000-0000-0000-0000-000000000000/resourceGroups/clitest.rg000001/providers/Microsoft.Network/privateEndpoints/pecs_cli_test_000002"},"groupIds":["account"],"privateLinkServiceConnectionState":{"status":"Rejected","actionsRequired":"None"},"provisioningState":"Succeeded"}}'
    headers:
      cache-control:
      - no-cache
      content-length:
      - '810'
      content-type:
      - application/json; charset=utf-8
      date:
      - Wed, 26 Oct 2022 03:48:52 GMT
      etag:
      - '"8800bb06-0000-0500-0000-6358ae1a0000"'
      expires:
      - '-1'
      pragma:
      - no-cache
      server:
      - istio-envoy
      strict-transport-security:
      - max-age=31536000; includeSubDomains
      transfer-encoding:
      - chunked
      vary:
      - Accept-Encoding
      x-content-type-options:
      - nosniff
      x-envoy-upstream-service-time:
      - '11'
    status:
      code: 200
      message: OK
- request:
    body: null
    headers:
      Accept:
      - '*/*'
      Accept-Encoding:
      - gzip, deflate
      CommandName:
      - network private-endpoint-connection list
      Connection:
      - keep-alive
      ParameterSetName:
      - --id
      User-Agent:
      - python/3.9.13 (Windows-10-10.0.22621-SP0) AZURECLI/2.41.0
    method: GET
    uri: https://management.azure.com/subscriptions/00000000-0000-0000-0000-000000000000/resourceGroups/clitest.rg000001/providers/Microsoft.CognitiveServices/accounts/cs_cli_test_000002/privateEndpointConnections?api-version=2022-03-01
  response:
    body:
      string: '{"value":[{"id":"/subscriptions/00000000-0000-0000-0000-000000000000/resourceGroups/clitest.rg000001/providers/Microsoft.CognitiveServices/accounts/cs_cli_test_000002/privateEndpointConnections/pecs_cli_test_000002.d9c7b62b-6e36-4f1a-b048-18dda43a2d50","name":"cs_cli_test_000002/pecs_cli_test_000002.d9c7b62b-6e36-4f1a-b048-18dda43a2d50","type":"Microsoft.CognitiveServices/accounts/privateEndpointConnections","etag":"\"8800bb06-0000-0500-0000-6358ae1a0000\"","location":"SOUTHCENTRALUS","properties":{"privateEndpoint":{"id":"/subscriptions/00000000-0000-0000-0000-000000000000/resourceGroups/clitest.rg000001/providers/Microsoft.Network/privateEndpoints/pecs_cli_test_000002"},"groupIds":["account"],"privateLinkServiceConnectionState":{"status":"Rejected","actionsRequired":"None"},"provisioningState":"Succeeded"}}]}'
    headers:
      cache-control:
      - no-cache
      content-length:
      - '822'
      content-type:
      - application/json; charset=utf-8
      date:
      - Wed, 26 Oct 2022 03:48:52 GMT
      expires:
      - '-1'
      pragma:
      - no-cache
      server:
      - istio-envoy
      strict-transport-security:
      - max-age=31536000; includeSubDomains
      transfer-encoding:
      - chunked
      vary:
      - Accept-Encoding
      x-content-type-options:
      - nosniff
      x-envoy-upstream-service-time:
      - '103'
    status:
      code: 200
      message: OK
- request:
    body: null
    headers:
      Accept:
      - '*/*'
      Accept-Encoding:
      - gzip, deflate
      CommandName:
      - network private-endpoint-connection delete
      Connection:
      - keep-alive
      Content-Length:
      - '0'
      ParameterSetName:
      - --id --yes
      User-Agent:
      - python/3.9.13 (Windows-10-10.0.22621-SP0) AZURECLI/2.41.0
    method: DELETE
    uri: https://management.azure.com/subscriptions/00000000-0000-0000-0000-000000000000/resourceGroups/clitest.rg000001/providers/Microsoft.CognitiveServices/accounts/cs_cli_test_000002/privateEndpointConnections/pecs_cli_test_000002.d9c7b62b-6e36-4f1a-b048-18dda43a2d50?api-version=2022-03-01
  response:
    body:
      string: ''
    headers:
      cache-control:
      - no-cache
      content-length:
      - '0'
      date:
      - Wed, 26 Oct 2022 03:49:05 GMT
      expires:
      - '-1'
      pragma:
      - no-cache
      server:
      - istio-envoy
      strict-transport-security:
      - max-age=31536000; includeSubDomains
      x-content-type-options:
      - nosniff
      x-envoy-upstream-service-time:
      - '11583'
      x-ms-ratelimit-remaining-subscription-deletes:
      - '14999'
    status:
      code: 200
      message: OK
- request:
    body: null
    headers:
      Accept:
      - '*/*'
      Accept-Encoding:
      - gzip, deflate
      CommandName:
      - network private-endpoint-connection list
      Connection:
      - keep-alive
      ParameterSetName:
      - --id
      User-Agent:
      - python/3.9.13 (Windows-10-10.0.22621-SP0) AZURECLI/2.41.0
    method: GET
    uri: https://management.azure.com/subscriptions/00000000-0000-0000-0000-000000000000/resourceGroups/clitest.rg000001/providers/Microsoft.CognitiveServices/accounts/cs_cli_test_000002/privateEndpointConnections?api-version=2022-03-01
  response:
    body:
      string: '{"value":[]}'
    headers:
      cache-control:
      - no-cache
      content-length:
      - '12'
      content-type:
      - application/json; charset=utf-8
      date:
      - Wed, 26 Oct 2022 03:49:05 GMT
      expires:
      - '-1'
      pragma:
      - no-cache
      server:
      - istio-envoy
      strict-transport-security:
      - max-age=31536000; includeSubDomains
      transfer-encoding:
      - chunked
      vary:
      - Accept-Encoding
      x-content-type-options:
      - nosniff
      x-envoy-upstream-service-time:
      - '13'
    status:
      code: 200
      message: OK
- request:
    body: null
    headers:
      Accept:
      - application/json
      Accept-Encoding:
      - gzip, deflate
      CommandName:
      - network private-endpoint delete
      Connection:
      - keep-alive
      Content-Length:
      - '0'
      ParameterSetName:
      - --name --resource-group
      User-Agent:
      - AZURECLI/2.41.0 azsdk-python-azure-mgmt-network/21.0.1 Python/3.9.13 (Windows-10-10.0.22621-SP0)
    method: DELETE
    uri: https://management.azure.com/subscriptions/00000000-0000-0000-0000-000000000000/resourceGroups/clitest.rg000001/providers/Microsoft.Network/privateEndpoints/pecs_cli_test_000002?api-version=2022-01-01
  response:
    body:
      string: ''
    headers:
      azure-asyncnotification:
      - Enabled
      azure-asyncoperation:
      - https://management.azure.com/subscriptions/00000000-0000-0000-0000-000000000000/providers/Microsoft.Network/locations/southcentralus/operations/23ace9f2-e152-4182-88eb-4692937aab37?api-version=2022-01-01
      cache-control:
      - no-cache
      content-length:
      - '0'
      date:
      - Wed, 26 Oct 2022 03:49:06 GMT
      expires:
      - '-1'
      location:
      - https://management.azure.com/subscriptions/00000000-0000-0000-0000-000000000000/providers/Microsoft.Network/locations/southcentralus/operationResults/23ace9f2-e152-4182-88eb-4692937aab37?api-version=2022-01-01
      pragma:
      - no-cache
      server:
      - Microsoft-HTTPAPI/2.0
      - Microsoft-HTTPAPI/2.0
      strict-transport-security:
      - max-age=31536000; includeSubDomains
      x-content-type-options:
      - nosniff
      x-ms-arm-service-request-id:
      - e27e3675-01fe-4232-bb22-b6a246fa50b2
      x-ms-ratelimit-remaining-subscription-deletes:
      - '14999'
    status:
      code: 202
      message: Accepted
- request:
    body: null
    headers:
      Accept:
      - '*/*'
      Accept-Encoding:
      - gzip, deflate
      CommandName:
      - network private-endpoint delete
      Connection:
      - keep-alive
      ParameterSetName:
      - --name --resource-group
      User-Agent:
      - AZURECLI/2.41.0 azsdk-python-azure-mgmt-network/21.0.1 Python/3.9.13 (Windows-10-10.0.22621-SP0)
    method: GET
    uri: https://management.azure.com/subscriptions/00000000-0000-0000-0000-000000000000/providers/Microsoft.Network/locations/southcentralus/operations/23ace9f2-e152-4182-88eb-4692937aab37?api-version=2022-01-01
  response:
    body:
      string: "{\r\n  \"status\": \"Succeeded\"\r\n}"
    headers:
      cache-control:
      - no-cache
      content-length:
      - '29'
      content-type:
      - application/json; charset=utf-8
      date:
      - Wed, 26 Oct 2022 03:49:16 GMT
      expires:
      - '-1'
      pragma:
      - no-cache
      server:
      - Microsoft-HTTPAPI/2.0
      - Microsoft-HTTPAPI/2.0
      strict-transport-security:
      - max-age=31536000; includeSubDomains
      transfer-encoding:
      - chunked
      vary:
      - Accept-Encoding
      x-content-type-options:
      - nosniff
      x-ms-arm-service-request-id:
      - f11e01b0-2c32-4191-a275-e2797f3e8dc8
    status:
      code: 200
      message: OK
- request:
    body: null
    headers:
      Accept:
      - '*/*'
      Accept-Encoding:
      - gzip, deflate
      CommandName:
      - network private-endpoint delete
      Connection:
      - keep-alive
      ParameterSetName:
      - --name --resource-group
      User-Agent:
      - AZURECLI/2.41.0 azsdk-python-azure-mgmt-network/21.0.1 Python/3.9.13 (Windows-10-10.0.22621-SP0)
    method: GET
    uri: https://management.azure.com/subscriptions/00000000-0000-0000-0000-000000000000/providers/Microsoft.Network/locations/southcentralus/operationResults/23ace9f2-e152-4182-88eb-4692937aab37?api-version=2022-01-01
  response:
    body:
      string: ''
    headers:
      azure-asyncnotification:
      - Enabled
      azure-asyncoperation:
      - https://management.azure.com/subscriptions/00000000-0000-0000-0000-000000000000/providers/Microsoft.Network/locations/southcentralus/operations/23ace9f2-e152-4182-88eb-4692937aab37?api-version=2022-01-01
      cache-control:
      - no-cache
      content-type:
      - application/json; charset=utf-8
      date:
      - Wed, 26 Oct 2022 03:49:17 GMT
      expires:
      - '-1'
      location:
      - https://management.azure.com/subscriptions/00000000-0000-0000-0000-000000000000/providers/Microsoft.Network/locations/southcentralus/operationResults/23ace9f2-e152-4182-88eb-4692937aab37?api-version=2022-01-01
      pragma:
      - no-cache
      server:
      - Microsoft-HTTPAPI/2.0
      - Microsoft-HTTPAPI/2.0
      strict-transport-security:
      - max-age=31536000; includeSubDomains
      x-content-type-options:
      - nosniff
      x-ms-arm-service-request-id:
      - e27e3675-01fe-4232-bb22-b6a246fa50b2
    status:
      code: 204
      message: No Content
- request:
    body: null
    headers:
      Accept:
      - application/json
      Accept-Encoding:
      - gzip, deflate
      CommandName:
      - cognitiveservices account delete
      Connection:
      - keep-alive
      Content-Length:
      - '0'
      ParameterSetName:
      - -n -g
      User-Agent:
      - AZURECLI/2.41.0 azsdk-python-mgmt-cognitiveservices/13.3.0 Python/3.9.13 (Windows-10-10.0.22621-SP0)
    method: DELETE
    uri: https://management.azure.com/subscriptions/00000000-0000-0000-0000-000000000000/resourceGroups/clitest.rg000001/providers/Microsoft.CognitiveServices/accounts/cs_cli_test_000002?api-version=2022-10-01
  response:
    body:
      string: ''
    headers:
      cache-control:
      - no-cache
      content-length:
      - '0'
      date:
      - Wed, 26 Oct 2022 03:49:21 GMT
      expires:
      - '-1'
      pragma:
      - no-cache
      server:
      - istio-envoy
      strict-transport-security:
      - max-age=31536000; includeSubDomains
      x-content-type-options:
      - nosniff
      x-envoy-upstream-service-time:
      - '79'
      x-ms-ratelimit-remaining-subscription-deletes:
      - '14999'
    status:
      code: 200
      message: OK
version: 1
