interactions:
- request:
    body: '{"kind": "OpenAI", "sku": {"name": "S0"}, "location": "westus2", "properties":
      {}}'
    headers:
      Accept:
      - application/json
      Accept-Encoding:
      - gzip, deflate
      CommandName:
      - cognitiveservices account create
      Connection:
      - keep-alive
      Content-Length:
      - '82'
      Content-Type:
      - application/json
      ParameterSetName:
      - -n -g --kind --sku -l --yes
      User-Agent:
      - AZURECLI/2.34.1 azsdk-python-mgmt-cognitiveservices/13.1.0 Python/3.7.9 (Windows-10-10.0.22000-SP0)
    method: PUT
    uri: https://management.azure.com/subscriptions/00000000-0000-0000-0000-000000000000/resourceGroups/clitest.rg000001/providers/Microsoft.CognitiveServices/accounts/cs_cli_test_000002?api-version=2022-03-01
  response:
    body:
      string: '{"id":"/subscriptions/00000000-0000-0000-0000-000000000000/resourceGroups/clitest.rg000001/providers/Microsoft.CognitiveServices/accounts/cs_cli_test_000002","name":"cs_cli_test_000002","type":"Microsoft.CognitiveServices/accounts","etag":"\"1f01234b-0000-0800-0000-624244ce0000\"","location":"westus2","sku":{"name":"S0"},"kind":"OpenAI","properties":{"endpoint":"https://westus2.api.cognitive.microsoft.com/","internalId":"441e7578776f453b9d4f71276b1707f7","dateCreated":"2022-03-28T23:29:18.4354241Z","callRateLimit":{"rules":[{"key":"openai","renewalPeriod":1,"count":30,"dynamicThrottlingEnabled":false,"matchPatterns":[{"path":"openai/*","method":"*"}]},{"key":"default","renewalPeriod":1,"count":30,"dynamicThrottlingEnabled":false,"matchPatterns":[{"path":"*","method":"*"}]}]},"backupUpperLimit":20,"isMigrated":false,"privateEndpointConnections":[],"publicNetworkAccess":"Enabled","capabilities":[{"name":"VirtualNetworks"}],"endpoints":{"OpenAI
        Language Model Instance API":"https://westus2.api.cognitive.microsoft.com/","OpenAI
        Language Model Instance API 11-01-preview":"https://westus2.api.cognitive.microsoft.com/","OpenAI
        API 2022-03-01-preview":"https://westus2.api.cognitive.microsoft.com/"},"provisioningState":"Creating"},"systemData":{"createdBy":"yuanyang@microsoft.com","createdByType":"User","createdAt":"2022-03-28T23:29:18.3344913Z","lastModifiedBy":"yuanyang@microsoft.com","lastModifiedByType":"User","lastModifiedAt":"2022-03-28T23:29:18.3344913Z"}}'
    headers:
      azure-asyncoperation:
      - https://management.azure.com/subscriptions/00000000-0000-0000-0000-000000000000/providers/Microsoft.CognitiveServices/locations/westus2/operationResults/baea6eed-c9d6-43e0-ba76-fb348e5e84e7?api-version=2017-04-18
      cache-control:
      - no-cache
      content-length:
      - '1478'
      content-type:
      - application/json; charset=utf-8
      date:
      - Mon, 28 Mar 2022 23:29:18 GMT
      etag:
      - '"1f01234b-0000-0800-0000-624244ce0000"'
      expires:
      - '-1'
      pragma:
      - no-cache
      server:
      - istio-envoy
      strict-transport-security:
      - max-age=31536000; includeSubDomains
      x-content-type-options:
      - nosniff
      x-envoy-upstream-service-time:
      - '476'
      x-ms-ratelimit-remaining-subscription-writes:
      - '1199'
    status:
      code: 201
      message: Created
- request:
    body: null
    headers:
      Accept:
      - '*/*'
      Accept-Encoding:
      - gzip, deflate
      CommandName:
      - cognitiveservices account create
      Connection:
      - keep-alive
      ParameterSetName:
      - -n -g --kind --sku -l --yes
      User-Agent:
      - AZURECLI/2.34.1 azsdk-python-mgmt-cognitiveservices/13.1.0 Python/3.7.9 (Windows-10-10.0.22000-SP0)
    method: GET
    uri: https://management.azure.com/subscriptions/00000000-0000-0000-0000-000000000000/providers/Microsoft.CognitiveServices/locations/westus2/operationResults/baea6eed-c9d6-43e0-ba76-fb348e5e84e7?api-version=2017-04-18
  response:
    body:
      string: '{"id":"/subscriptions/00000000-0000-0000-0000-000000000000/providers/Microsoft.CognitiveServices/locations/westus2/operationResults/baea6eed-c9d6-43e0-ba76-fb348e5e84e7","name":"baea6eed-c9d6-43e0-ba76-fb348e5e84e7","status":"Creating","startTime":"2022-03-28T23:29:18Z"}'
    headers:
      cache-control:
      - no-cache
      content-length:
      - '271'
      content-type:
      - application/json; charset=utf-8
      date:
      - Mon, 28 Mar 2022 23:29:48 GMT
      expires:
      - '-1'
      pragma:
      - no-cache
      server:
      - istio-envoy
      strict-transport-security:
      - max-age=31536000; includeSubDomains
      transfer-encoding:
      - chunked
      vary:
      - Accept-Encoding
      x-content-type-options:
      - nosniff
      x-envoy-upstream-service-time:
      - '42'
    status:
      code: 200
      message: OK
- request:
    body: null
    headers:
      Accept:
      - '*/*'
      Accept-Encoding:
      - gzip, deflate
      CommandName:
      - cognitiveservices account create
      Connection:
      - keep-alive
      ParameterSetName:
      - -n -g --kind --sku -l --yes
      User-Agent:
      - AZURECLI/2.34.1 azsdk-python-mgmt-cognitiveservices/13.1.0 Python/3.7.9 (Windows-10-10.0.22000-SP0)
    method: GET
    uri: https://management.azure.com/subscriptions/00000000-0000-0000-0000-000000000000/providers/Microsoft.CognitiveServices/locations/westus2/operationResults/baea6eed-c9d6-43e0-ba76-fb348e5e84e7?api-version=2017-04-18
  response:
    body:
      string: '{"id":"/subscriptions/00000000-0000-0000-0000-000000000000/providers/Microsoft.CognitiveServices/locations/westus2/operationResults/baea6eed-c9d6-43e0-ba76-fb348e5e84e7","name":"baea6eed-c9d6-43e0-ba76-fb348e5e84e7","status":"Creating","startTime":"2022-03-28T23:29:18Z"}'
    headers:
      cache-control:
      - no-cache
      content-length:
      - '271'
      content-type:
      - application/json; charset=utf-8
      date:
      - Mon, 28 Mar 2022 23:30:18 GMT
      expires:
      - '-1'
      pragma:
      - no-cache
      server:
      - istio-envoy
      strict-transport-security:
      - max-age=31536000; includeSubDomains
      transfer-encoding:
      - chunked
      vary:
      - Accept-Encoding
      x-content-type-options:
      - nosniff
      x-envoy-upstream-service-time:
      - '6'
    status:
      code: 200
      message: OK
- request:
    body: null
    headers:
      Accept:
      - '*/*'
      Accept-Encoding:
      - gzip, deflate
      CommandName:
      - cognitiveservices account create
      Connection:
      - keep-alive
      ParameterSetName:
      - -n -g --kind --sku -l --yes
      User-Agent:
      - AZURECLI/2.34.1 azsdk-python-mgmt-cognitiveservices/13.1.0 Python/3.7.9 (Windows-10-10.0.22000-SP0)
    method: GET
    uri: https://management.azure.com/subscriptions/00000000-0000-0000-0000-000000000000/providers/Microsoft.CognitiveServices/locations/westus2/operationResults/baea6eed-c9d6-43e0-ba76-fb348e5e84e7?api-version=2017-04-18
  response:
    body:
      string: '{"id":"/subscriptions/00000000-0000-0000-0000-000000000000/providers/Microsoft.CognitiveServices/locations/westus2/operationResults/baea6eed-c9d6-43e0-ba76-fb348e5e84e7","name":"baea6eed-c9d6-43e0-ba76-fb348e5e84e7","status":"Creating","startTime":"2022-03-28T23:29:18Z"}'
    headers:
      cache-control:
      - no-cache
      content-length:
      - '271'
      content-type:
      - application/json; charset=utf-8
      date:
      - Mon, 28 Mar 2022 23:30:49 GMT
      expires:
      - '-1'
      pragma:
      - no-cache
      server:
      - istio-envoy
      strict-transport-security:
      - max-age=31536000; includeSubDomains
      transfer-encoding:
      - chunked
      vary:
      - Accept-Encoding
      x-content-type-options:
      - nosniff
      x-envoy-upstream-service-time:
      - '6'
    status:
      code: 200
      message: OK
- request:
    body: null
    headers:
      Accept:
      - '*/*'
      Accept-Encoding:
      - gzip, deflate
      CommandName:
      - cognitiveservices account create
      Connection:
      - keep-alive
      ParameterSetName:
      - -n -g --kind --sku -l --yes
      User-Agent:
      - AZURECLI/2.34.1 azsdk-python-mgmt-cognitiveservices/13.1.0 Python/3.7.9 (Windows-10-10.0.22000-SP0)
    method: GET
    uri: https://management.azure.com/subscriptions/00000000-0000-0000-0000-000000000000/providers/Microsoft.CognitiveServices/locations/westus2/operationResults/baea6eed-c9d6-43e0-ba76-fb348e5e84e7?api-version=2017-04-18
  response:
    body:
      string: '{"id":"/subscriptions/00000000-0000-0000-0000-000000000000/providers/Microsoft.CognitiveServices/locations/westus2/operationResults/baea6eed-c9d6-43e0-ba76-fb348e5e84e7","name":"baea6eed-c9d6-43e0-ba76-fb348e5e84e7","status":"Creating","startTime":"2022-03-28T23:29:18Z"}'
    headers:
      cache-control:
      - no-cache
      content-length:
      - '271'
      content-type:
      - application/json; charset=utf-8
      date:
      - Mon, 28 Mar 2022 23:31:18 GMT
      expires:
      - '-1'
      pragma:
      - no-cache
      server:
      - istio-envoy
      strict-transport-security:
      - max-age=31536000; includeSubDomains
      transfer-encoding:
      - chunked
      vary:
      - Accept-Encoding
      x-content-type-options:
      - nosniff
      x-envoy-upstream-service-time:
      - '7'
    status:
      code: 200
      message: OK
- request:
    body: null
    headers:
      Accept:
      - '*/*'
      Accept-Encoding:
      - gzip, deflate
      CommandName:
      - cognitiveservices account create
      Connection:
      - keep-alive
      ParameterSetName:
      - -n -g --kind --sku -l --yes
      User-Agent:
      - AZURECLI/2.34.1 azsdk-python-mgmt-cognitiveservices/13.1.0 Python/3.7.9 (Windows-10-10.0.22000-SP0)
    method: GET
    uri: https://management.azure.com/subscriptions/00000000-0000-0000-0000-000000000000/providers/Microsoft.CognitiveServices/locations/westus2/operationResults/baea6eed-c9d6-43e0-ba76-fb348e5e84e7?api-version=2017-04-18
  response:
    body:
      string: '{"id":"/subscriptions/00000000-0000-0000-0000-000000000000/providers/Microsoft.CognitiveServices/locations/westus2/operationResults/baea6eed-c9d6-43e0-ba76-fb348e5e84e7","name":"baea6eed-c9d6-43e0-ba76-fb348e5e84e7","status":"Creating","startTime":"2022-03-28T23:29:18Z"}'
    headers:
      cache-control:
      - no-cache
      content-length:
      - '271'
      content-type:
      - application/json; charset=utf-8
      date:
      - Mon, 28 Mar 2022 23:31:48 GMT
      expires:
      - '-1'
      pragma:
      - no-cache
      server:
      - istio-envoy
      strict-transport-security:
      - max-age=31536000; includeSubDomains
      transfer-encoding:
      - chunked
      vary:
      - Accept-Encoding
      x-content-type-options:
      - nosniff
      x-envoy-upstream-service-time:
      - '6'
    status:
      code: 200
      message: OK
- request:
    body: null
    headers:
      Accept:
      - '*/*'
      Accept-Encoding:
      - gzip, deflate
      CommandName:
      - cognitiveservices account create
      Connection:
      - keep-alive
      ParameterSetName:
      - -n -g --kind --sku -l --yes
      User-Agent:
      - AZURECLI/2.34.1 azsdk-python-mgmt-cognitiveservices/13.1.0 Python/3.7.9 (Windows-10-10.0.22000-SP0)
    method: GET
    uri: https://management.azure.com/subscriptions/00000000-0000-0000-0000-000000000000/providers/Microsoft.CognitiveServices/locations/westus2/operationResults/baea6eed-c9d6-43e0-ba76-fb348e5e84e7?api-version=2017-04-18
  response:
    body:
      string: '{"id":"/subscriptions/00000000-0000-0000-0000-000000000000/providers/Microsoft.CognitiveServices/locations/westus2/operationResults/baea6eed-c9d6-43e0-ba76-fb348e5e84e7","name":"baea6eed-c9d6-43e0-ba76-fb348e5e84e7","status":"Creating","startTime":"2022-03-28T23:29:18Z"}'
    headers:
      cache-control:
      - no-cache
      content-length:
      - '271'
      content-type:
      - application/json; charset=utf-8
      date:
      - Mon, 28 Mar 2022 23:32:18 GMT
      expires:
      - '-1'
      pragma:
      - no-cache
      server:
      - istio-envoy
      strict-transport-security:
      - max-age=31536000; includeSubDomains
      transfer-encoding:
      - chunked
      vary:
      - Accept-Encoding
      x-content-type-options:
      - nosniff
      x-envoy-upstream-service-time:
      - '8'
    status:
      code: 200
      message: OK
- request:
    body: null
    headers:
      Accept:
      - '*/*'
      Accept-Encoding:
      - gzip, deflate
      CommandName:
      - cognitiveservices account create
      Connection:
      - keep-alive
      ParameterSetName:
      - -n -g --kind --sku -l --yes
      User-Agent:
      - AZURECLI/2.34.1 azsdk-python-mgmt-cognitiveservices/13.1.0 Python/3.7.9 (Windows-10-10.0.22000-SP0)
    method: GET
    uri: https://management.azure.com/subscriptions/00000000-0000-0000-0000-000000000000/providers/Microsoft.CognitiveServices/locations/westus2/operationResults/baea6eed-c9d6-43e0-ba76-fb348e5e84e7?api-version=2017-04-18
  response:
    body:
      string: '{"id":"/subscriptions/00000000-0000-0000-0000-000000000000/providers/Microsoft.CognitiveServices/locations/westus2/operationResults/baea6eed-c9d6-43e0-ba76-fb348e5e84e7","name":"baea6eed-c9d6-43e0-ba76-fb348e5e84e7","status":"Creating","startTime":"2022-03-28T23:29:18Z"}'
    headers:
      cache-control:
      - no-cache
      content-length:
      - '271'
      content-type:
      - application/json; charset=utf-8
      date:
      - Mon, 28 Mar 2022 23:32:49 GMT
      expires:
      - '-1'
      pragma:
      - no-cache
      server:
      - istio-envoy
      strict-transport-security:
      - max-age=31536000; includeSubDomains
      transfer-encoding:
      - chunked
      vary:
      - Accept-Encoding
      x-content-type-options:
      - nosniff
      x-envoy-upstream-service-time:
      - '6'
    status:
      code: 200
      message: OK
- request:
    body: null
    headers:
      Accept:
      - '*/*'
      Accept-Encoding:
      - gzip, deflate
      CommandName:
      - cognitiveservices account create
      Connection:
      - keep-alive
      ParameterSetName:
      - -n -g --kind --sku -l --yes
      User-Agent:
      - AZURECLI/2.34.1 azsdk-python-mgmt-cognitiveservices/13.1.0 Python/3.7.9 (Windows-10-10.0.22000-SP0)
    method: GET
    uri: https://management.azure.com/subscriptions/00000000-0000-0000-0000-000000000000/providers/Microsoft.CognitiveServices/locations/westus2/operationResults/baea6eed-c9d6-43e0-ba76-fb348e5e84e7?api-version=2017-04-18
  response:
    body:
      string: '{"id":"/subscriptions/00000000-0000-0000-0000-000000000000/providers/Microsoft.CognitiveServices/locations/westus2/operationResults/baea6eed-c9d6-43e0-ba76-fb348e5e84e7","name":"baea6eed-c9d6-43e0-ba76-fb348e5e84e7","status":"Creating","startTime":"2022-03-28T23:29:18Z"}'
    headers:
      cache-control:
      - no-cache
      content-length:
      - '271'
      content-type:
      - application/json; charset=utf-8
      date:
      - Mon, 28 Mar 2022 23:33:19 GMT
      expires:
      - '-1'
      pragma:
      - no-cache
      server:
      - istio-envoy
      strict-transport-security:
      - max-age=31536000; includeSubDomains
      transfer-encoding:
      - chunked
      vary:
      - Accept-Encoding
      x-content-type-options:
      - nosniff
      x-envoy-upstream-service-time:
      - '7'
    status:
      code: 200
      message: OK
- request:
    body: null
    headers:
      Accept:
      - '*/*'
      Accept-Encoding:
      - gzip, deflate
      CommandName:
      - cognitiveservices account create
      Connection:
      - keep-alive
      ParameterSetName:
      - -n -g --kind --sku -l --yes
      User-Agent:
      - AZURECLI/2.34.1 azsdk-python-mgmt-cognitiveservices/13.1.0 Python/3.7.9 (Windows-10-10.0.22000-SP0)
    method: GET
    uri: https://management.azure.com/subscriptions/00000000-0000-0000-0000-000000000000/providers/Microsoft.CognitiveServices/locations/westus2/operationResults/baea6eed-c9d6-43e0-ba76-fb348e5e84e7?api-version=2017-04-18
  response:
    body:
      string: '{"id":"/subscriptions/00000000-0000-0000-0000-000000000000/providers/Microsoft.CognitiveServices/locations/westus2/operationResults/baea6eed-c9d6-43e0-ba76-fb348e5e84e7","name":"baea6eed-c9d6-43e0-ba76-fb348e5e84e7","status":"Creating","startTime":"2022-03-28T23:29:18Z"}'
    headers:
      cache-control:
      - no-cache
      content-length:
      - '271'
      content-type:
      - application/json; charset=utf-8
      date:
      - Mon, 28 Mar 2022 23:33:49 GMT
      expires:
      - '-1'
      pragma:
      - no-cache
      server:
      - istio-envoy
      strict-transport-security:
      - max-age=31536000; includeSubDomains
      transfer-encoding:
      - chunked
      vary:
      - Accept-Encoding
      x-content-type-options:
      - nosniff
      x-envoy-upstream-service-time:
      - '6'
    status:
      code: 200
      message: OK
- request:
    body: null
    headers:
      Accept:
      - '*/*'
      Accept-Encoding:
      - gzip, deflate
      CommandName:
      - cognitiveservices account create
      Connection:
      - keep-alive
      ParameterSetName:
      - -n -g --kind --sku -l --yes
      User-Agent:
      - AZURECLI/2.34.1 azsdk-python-mgmt-cognitiveservices/13.1.0 Python/3.7.9 (Windows-10-10.0.22000-SP0)
    method: GET
    uri: https://management.azure.com/subscriptions/00000000-0000-0000-0000-000000000000/providers/Microsoft.CognitiveServices/locations/westus2/operationResults/baea6eed-c9d6-43e0-ba76-fb348e5e84e7?api-version=2017-04-18
  response:
    body:
      string: '{"id":"/subscriptions/00000000-0000-0000-0000-000000000000/providers/Microsoft.CognitiveServices/locations/westus2/operationResults/baea6eed-c9d6-43e0-ba76-fb348e5e84e7","name":"baea6eed-c9d6-43e0-ba76-fb348e5e84e7","status":"Creating","startTime":"2022-03-28T23:29:18Z"}'
    headers:
      cache-control:
      - no-cache
      content-length:
      - '271'
      content-type:
      - application/json; charset=utf-8
      date:
      - Mon, 28 Mar 2022 23:34:19 GMT
      expires:
      - '-1'
      pragma:
      - no-cache
      server:
      - istio-envoy
      strict-transport-security:
      - max-age=31536000; includeSubDomains
      transfer-encoding:
      - chunked
      vary:
      - Accept-Encoding
      x-content-type-options:
      - nosniff
      x-envoy-upstream-service-time:
      - '4'
    status:
      code: 200
      message: OK
- request:
    body: null
    headers:
      Accept:
      - '*/*'
      Accept-Encoding:
      - gzip, deflate
      CommandName:
      - cognitiveservices account create
      Connection:
      - keep-alive
      ParameterSetName:
      - -n -g --kind --sku -l --yes
      User-Agent:
      - AZURECLI/2.34.1 azsdk-python-mgmt-cognitiveservices/13.1.0 Python/3.7.9 (Windows-10-10.0.22000-SP0)
    method: GET
    uri: https://management.azure.com/subscriptions/00000000-0000-0000-0000-000000000000/providers/Microsoft.CognitiveServices/locations/westus2/operationResults/baea6eed-c9d6-43e0-ba76-fb348e5e84e7?api-version=2017-04-18
  response:
    body:
      string: '{"id":"/subscriptions/00000000-0000-0000-0000-000000000000/providers/Microsoft.CognitiveServices/locations/westus2/operationResults/baea6eed-c9d6-43e0-ba76-fb348e5e84e7","name":"baea6eed-c9d6-43e0-ba76-fb348e5e84e7","status":"Creating","startTime":"2022-03-28T23:29:18Z"}'
    headers:
      cache-control:
      - no-cache
      content-length:
      - '271'
      content-type:
      - application/json; charset=utf-8
      date:
      - Mon, 28 Mar 2022 23:34:49 GMT
      expires:
      - '-1'
      pragma:
      - no-cache
      server:
      - istio-envoy
      strict-transport-security:
      - max-age=31536000; includeSubDomains
      transfer-encoding:
      - chunked
      vary:
      - Accept-Encoding
      x-content-type-options:
      - nosniff
      x-envoy-upstream-service-time:
      - '6'
    status:
      code: 200
      message: OK
- request:
    body: null
    headers:
      Accept:
      - '*/*'
      Accept-Encoding:
      - gzip, deflate
      CommandName:
      - cognitiveservices account create
      Connection:
      - keep-alive
      ParameterSetName:
      - -n -g --kind --sku -l --yes
      User-Agent:
      - AZURECLI/2.34.1 azsdk-python-mgmt-cognitiveservices/13.1.0 Python/3.7.9 (Windows-10-10.0.22000-SP0)
    method: GET
    uri: https://management.azure.com/subscriptions/00000000-0000-0000-0000-000000000000/providers/Microsoft.CognitiveServices/locations/westus2/operationResults/baea6eed-c9d6-43e0-ba76-fb348e5e84e7?api-version=2017-04-18
  response:
    body:
      string: '{"id":"/subscriptions/00000000-0000-0000-0000-000000000000/providers/Microsoft.CognitiveServices/locations/westus2/operationResults/baea6eed-c9d6-43e0-ba76-fb348e5e84e7","name":"baea6eed-c9d6-43e0-ba76-fb348e5e84e7","status":"Creating","startTime":"2022-03-28T23:29:18Z"}'
    headers:
      cache-control:
      - no-cache
      content-length:
      - '271'
      content-type:
      - application/json; charset=utf-8
      date:
      - Mon, 28 Mar 2022 23:35:18 GMT
      expires:
      - '-1'
      pragma:
      - no-cache
      server:
      - istio-envoy
      strict-transport-security:
      - max-age=31536000; includeSubDomains
      transfer-encoding:
      - chunked
      vary:
      - Accept-Encoding
      x-content-type-options:
      - nosniff
      x-envoy-upstream-service-time:
      - '6'
    status:
      code: 200
      message: OK
- request:
    body: null
    headers:
      Accept:
      - '*/*'
      Accept-Encoding:
      - gzip, deflate
      CommandName:
      - cognitiveservices account create
      Connection:
      - keep-alive
      ParameterSetName:
      - -n -g --kind --sku -l --yes
      User-Agent:
      - AZURECLI/2.34.1 azsdk-python-mgmt-cognitiveservices/13.1.0 Python/3.7.9 (Windows-10-10.0.22000-SP0)
    method: GET
    uri: https://management.azure.com/subscriptions/00000000-0000-0000-0000-000000000000/providers/Microsoft.CognitiveServices/locations/westus2/operationResults/baea6eed-c9d6-43e0-ba76-fb348e5e84e7?api-version=2017-04-18
  response:
    body:
      string: '{"id":"/subscriptions/00000000-0000-0000-0000-000000000000/providers/Microsoft.CognitiveServices/locations/westus2/operationResults/baea6eed-c9d6-43e0-ba76-fb348e5e84e7","name":"baea6eed-c9d6-43e0-ba76-fb348e5e84e7","status":"Creating","startTime":"2022-03-28T23:29:18Z"}'
    headers:
      cache-control:
      - no-cache
      content-length:
      - '271'
      content-type:
      - application/json; charset=utf-8
      date:
      - Mon, 28 Mar 2022 23:35:49 GMT
      expires:
      - '-1'
      pragma:
      - no-cache
      server:
      - istio-envoy
      strict-transport-security:
      - max-age=31536000; includeSubDomains
      transfer-encoding:
      - chunked
      vary:
      - Accept-Encoding
      x-content-type-options:
      - nosniff
      x-envoy-upstream-service-time:
      - '6'
    status:
      code: 200
      message: OK
- request:
    body: null
    headers:
      Accept:
      - '*/*'
      Accept-Encoding:
      - gzip, deflate
      CommandName:
      - cognitiveservices account create
      Connection:
      - keep-alive
      ParameterSetName:
      - -n -g --kind --sku -l --yes
      User-Agent:
      - AZURECLI/2.34.1 azsdk-python-mgmt-cognitiveservices/13.1.0 Python/3.7.9 (Windows-10-10.0.22000-SP0)
    method: GET
    uri: https://management.azure.com/subscriptions/00000000-0000-0000-0000-000000000000/providers/Microsoft.CognitiveServices/locations/westus2/operationResults/baea6eed-c9d6-43e0-ba76-fb348e5e84e7?api-version=2017-04-18
  response:
    body:
      string: '{"id":"/subscriptions/00000000-0000-0000-0000-000000000000/providers/Microsoft.CognitiveServices/locations/westus2/operationResults/baea6eed-c9d6-43e0-ba76-fb348e5e84e7","name":"baea6eed-c9d6-43e0-ba76-fb348e5e84e7","status":"Creating","startTime":"2022-03-28T23:29:18Z"}'
    headers:
      cache-control:
      - no-cache
      content-length:
      - '271'
      content-type:
      - application/json; charset=utf-8
      date:
      - Mon, 28 Mar 2022 23:36:19 GMT
      expires:
      - '-1'
      pragma:
      - no-cache
      server:
      - istio-envoy
      strict-transport-security:
      - max-age=31536000; includeSubDomains
      transfer-encoding:
      - chunked
      vary:
      - Accept-Encoding
      x-content-type-options:
      - nosniff
      x-envoy-upstream-service-time:
      - '6'
    status:
      code: 200
      message: OK
- request:
    body: null
    headers:
      Accept:
      - '*/*'
      Accept-Encoding:
      - gzip, deflate
      CommandName:
      - cognitiveservices account create
      Connection:
      - keep-alive
      ParameterSetName:
      - -n -g --kind --sku -l --yes
      User-Agent:
      - AZURECLI/2.34.1 azsdk-python-mgmt-cognitiveservices/13.1.0 Python/3.7.9 (Windows-10-10.0.22000-SP0)
    method: GET
    uri: https://management.azure.com/subscriptions/00000000-0000-0000-0000-000000000000/providers/Microsoft.CognitiveServices/locations/westus2/operationResults/baea6eed-c9d6-43e0-ba76-fb348e5e84e7?api-version=2017-04-18
  response:
    body:
      string: '{"id":"/subscriptions/00000000-0000-0000-0000-000000000000/providers/Microsoft.CognitiveServices/locations/westus2/operationResults/baea6eed-c9d6-43e0-ba76-fb348e5e84e7","name":"baea6eed-c9d6-43e0-ba76-fb348e5e84e7","status":"Creating","startTime":"2022-03-28T23:29:18Z"}'
    headers:
      cache-control:
      - no-cache
      content-length:
      - '271'
      content-type:
      - application/json; charset=utf-8
      date:
      - Mon, 28 Mar 2022 23:36:49 GMT
      expires:
      - '-1'
      pragma:
      - no-cache
      server:
      - istio-envoy
      strict-transport-security:
      - max-age=31536000; includeSubDomains
      transfer-encoding:
      - chunked
      vary:
      - Accept-Encoding
      x-content-type-options:
      - nosniff
      x-envoy-upstream-service-time:
      - '6'
    status:
      code: 200
      message: OK
- request:
    body: null
    headers:
      Accept:
      - '*/*'
      Accept-Encoding:
      - gzip, deflate
      CommandName:
      - cognitiveservices account create
      Connection:
      - keep-alive
      ParameterSetName:
      - -n -g --kind --sku -l --yes
      User-Agent:
      - AZURECLI/2.34.1 azsdk-python-mgmt-cognitiveservices/13.1.0 Python/3.7.9 (Windows-10-10.0.22000-SP0)
    method: GET
    uri: https://management.azure.com/subscriptions/00000000-0000-0000-0000-000000000000/providers/Microsoft.CognitiveServices/locations/westus2/operationResults/baea6eed-c9d6-43e0-ba76-fb348e5e84e7?api-version=2017-04-18
  response:
    body:
      string: '{"id":"/subscriptions/00000000-0000-0000-0000-000000000000/providers/Microsoft.CognitiveServices/locations/westus2/operationResults/baea6eed-c9d6-43e0-ba76-fb348e5e84e7","name":"baea6eed-c9d6-43e0-ba76-fb348e5e84e7","status":"Creating","startTime":"2022-03-28T23:29:18Z"}'
    headers:
      cache-control:
      - no-cache
      content-length:
      - '271'
      content-type:
      - application/json; charset=utf-8
      date:
      - Mon, 28 Mar 2022 23:37:20 GMT
      expires:
      - '-1'
      pragma:
      - no-cache
      server:
      - istio-envoy
      strict-transport-security:
      - max-age=31536000; includeSubDomains
      transfer-encoding:
      - chunked
      vary:
      - Accept-Encoding
      x-content-type-options:
      - nosniff
      x-envoy-upstream-service-time:
      - '8'
    status:
      code: 200
      message: OK
- request:
    body: null
    headers:
      Accept:
      - '*/*'
      Accept-Encoding:
      - gzip, deflate
      CommandName:
      - cognitiveservices account create
      Connection:
      - keep-alive
      ParameterSetName:
      - -n -g --kind --sku -l --yes
      User-Agent:
      - AZURECLI/2.34.1 azsdk-python-mgmt-cognitiveservices/13.1.0 Python/3.7.9 (Windows-10-10.0.22000-SP0)
    method: GET
    uri: https://management.azure.com/subscriptions/00000000-0000-0000-0000-000000000000/providers/Microsoft.CognitiveServices/locations/westus2/operationResults/baea6eed-c9d6-43e0-ba76-fb348e5e84e7?api-version=2017-04-18
  response:
    body:
      string: '{"id":"/subscriptions/00000000-0000-0000-0000-000000000000/providers/Microsoft.CognitiveServices/locations/westus2/operationResults/baea6eed-c9d6-43e0-ba76-fb348e5e84e7","name":"baea6eed-c9d6-43e0-ba76-fb348e5e84e7","status":"Creating","startTime":"2022-03-28T23:29:18Z"}'
    headers:
      cache-control:
      - no-cache
      content-length:
      - '271'
      content-type:
      - application/json; charset=utf-8
      date:
      - Mon, 28 Mar 2022 23:37:51 GMT
      expires:
      - '-1'
      pragma:
      - no-cache
      server:
      - istio-envoy
      strict-transport-security:
      - max-age=31536000; includeSubDomains
      transfer-encoding:
      - chunked
      vary:
      - Accept-Encoding
      x-content-type-options:
      - nosniff
      x-envoy-upstream-service-time:
      - '6'
    status:
      code: 200
      message: OK
- request:
    body: null
    headers:
      Accept:
      - '*/*'
      Accept-Encoding:
      - gzip, deflate
      CommandName:
      - cognitiveservices account create
      Connection:
      - keep-alive
      ParameterSetName:
      - -n -g --kind --sku -l --yes
      User-Agent:
      - AZURECLI/2.34.1 azsdk-python-mgmt-cognitiveservices/13.1.0 Python/3.7.9 (Windows-10-10.0.22000-SP0)
    method: GET
    uri: https://management.azure.com/subscriptions/00000000-0000-0000-0000-000000000000/providers/Microsoft.CognitiveServices/locations/westus2/operationResults/baea6eed-c9d6-43e0-ba76-fb348e5e84e7?api-version=2017-04-18
  response:
    body:
      string: '{"id":"/subscriptions/00000000-0000-0000-0000-000000000000/providers/Microsoft.CognitiveServices/locations/westus2/operationResults/baea6eed-c9d6-43e0-ba76-fb348e5e84e7","name":"baea6eed-c9d6-43e0-ba76-fb348e5e84e7","status":"Creating","startTime":"2022-03-28T23:29:18Z"}'
    headers:
      cache-control:
      - no-cache
      content-length:
      - '271'
      content-type:
      - application/json; charset=utf-8
      date:
      - Mon, 28 Mar 2022 23:38:21 GMT
      expires:
      - '-1'
      pragma:
      - no-cache
      server:
      - istio-envoy
      strict-transport-security:
      - max-age=31536000; includeSubDomains
      transfer-encoding:
      - chunked
      vary:
      - Accept-Encoding
      x-content-type-options:
      - nosniff
      x-envoy-upstream-service-time:
      - '8'
    status:
      code: 200
      message: OK
- request:
    body: null
    headers:
      Accept:
      - '*/*'
      Accept-Encoding:
      - gzip, deflate
      CommandName:
      - cognitiveservices account create
      Connection:
      - keep-alive
      ParameterSetName:
      - -n -g --kind --sku -l --yes
      User-Agent:
      - AZURECLI/2.34.1 azsdk-python-mgmt-cognitiveservices/13.1.0 Python/3.7.9 (Windows-10-10.0.22000-SP0)
    method: GET
    uri: https://management.azure.com/subscriptions/00000000-0000-0000-0000-000000000000/providers/Microsoft.CognitiveServices/locations/westus2/operationResults/baea6eed-c9d6-43e0-ba76-fb348e5e84e7?api-version=2017-04-18
  response:
    body:
      string: '{"id":"/subscriptions/00000000-0000-0000-0000-000000000000/providers/Microsoft.CognitiveServices/locations/westus2/operationResults/baea6eed-c9d6-43e0-ba76-fb348e5e84e7","name":"baea6eed-c9d6-43e0-ba76-fb348e5e84e7","status":"Creating","startTime":"2022-03-28T23:29:18Z"}'
    headers:
      cache-control:
      - no-cache
      content-length:
      - '271'
      content-type:
      - application/json; charset=utf-8
      date:
      - Mon, 28 Mar 2022 23:38:51 GMT
      expires:
      - '-1'
      pragma:
      - no-cache
      server:
      - istio-envoy
      strict-transport-security:
      - max-age=31536000; includeSubDomains
      transfer-encoding:
      - chunked
      vary:
      - Accept-Encoding
      x-content-type-options:
      - nosniff
      x-envoy-upstream-service-time:
      - '75'
    status:
      code: 200
      message: OK
- request:
    body: null
    headers:
      Accept:
      - '*/*'
      Accept-Encoding:
      - gzip, deflate
      CommandName:
      - cognitiveservices account create
      Connection:
      - keep-alive
      ParameterSetName:
      - -n -g --kind --sku -l --yes
      User-Agent:
      - AZURECLI/2.34.1 azsdk-python-mgmt-cognitiveservices/13.1.0 Python/3.7.9 (Windows-10-10.0.22000-SP0)
    method: GET
    uri: https://management.azure.com/subscriptions/00000000-0000-0000-0000-000000000000/providers/Microsoft.CognitiveServices/locations/westus2/operationResults/baea6eed-c9d6-43e0-ba76-fb348e5e84e7?api-version=2017-04-18
  response:
    body:
      string: '{"id":"/subscriptions/00000000-0000-0000-0000-000000000000/providers/Microsoft.CognitiveServices/locations/westus2/operationResults/baea6eed-c9d6-43e0-ba76-fb348e5e84e7","name":"baea6eed-c9d6-43e0-ba76-fb348e5e84e7","status":"Creating","startTime":"2022-03-28T23:29:18Z"}'
    headers:
      cache-control:
      - no-cache
      content-length:
      - '271'
      content-type:
      - application/json; charset=utf-8
      date:
      - Mon, 28 Mar 2022 23:39:21 GMT
      expires:
      - '-1'
      pragma:
      - no-cache
      server:
      - istio-envoy
      strict-transport-security:
      - max-age=31536000; includeSubDomains
      transfer-encoding:
      - chunked
      vary:
      - Accept-Encoding
      x-content-type-options:
      - nosniff
      x-envoy-upstream-service-time:
      - '6'
    status:
      code: 200
      message: OK
- request:
    body: null
    headers:
      Accept:
      - '*/*'
      Accept-Encoding:
      - gzip, deflate
      CommandName:
      - cognitiveservices account create
      Connection:
      - keep-alive
      ParameterSetName:
      - -n -g --kind --sku -l --yes
      User-Agent:
      - AZURECLI/2.34.1 azsdk-python-mgmt-cognitiveservices/13.1.0 Python/3.7.9 (Windows-10-10.0.22000-SP0)
    method: GET
    uri: https://management.azure.com/subscriptions/00000000-0000-0000-0000-000000000000/providers/Microsoft.CognitiveServices/locations/westus2/operationResults/baea6eed-c9d6-43e0-ba76-fb348e5e84e7?api-version=2017-04-18
  response:
    body:
      string: '{"id":"/subscriptions/00000000-0000-0000-0000-000000000000/providers/Microsoft.CognitiveServices/locations/westus2/operationResults/baea6eed-c9d6-43e0-ba76-fb348e5e84e7","name":"baea6eed-c9d6-43e0-ba76-fb348e5e84e7","status":"Creating","startTime":"2022-03-28T23:29:18Z"}'
    headers:
      cache-control:
      - no-cache
      content-length:
      - '271'
      content-type:
      - application/json; charset=utf-8
      date:
      - Mon, 28 Mar 2022 23:39:51 GMT
      expires:
      - '-1'
      pragma:
      - no-cache
      server:
      - istio-envoy
      strict-transport-security:
      - max-age=31536000; includeSubDomains
      transfer-encoding:
      - chunked
      vary:
      - Accept-Encoding
      x-content-type-options:
      - nosniff
      x-envoy-upstream-service-time:
      - '6'
    status:
      code: 200
      message: OK
- request:
    body: null
    headers:
      Accept:
      - '*/*'
      Accept-Encoding:
      - gzip, deflate
      CommandName:
      - cognitiveservices account create
      Connection:
      - keep-alive
      ParameterSetName:
      - -n -g --kind --sku -l --yes
      User-Agent:
      - AZURECLI/2.34.1 azsdk-python-mgmt-cognitiveservices/13.1.0 Python/3.7.9 (Windows-10-10.0.22000-SP0)
    method: GET
    uri: https://management.azure.com/subscriptions/00000000-0000-0000-0000-000000000000/providers/Microsoft.CognitiveServices/locations/westus2/operationResults/baea6eed-c9d6-43e0-ba76-fb348e5e84e7?api-version=2017-04-18
  response:
    body:
      string: '{"id":"/subscriptions/00000000-0000-0000-0000-000000000000/providers/Microsoft.CognitiveServices/locations/westus2/operationResults/baea6eed-c9d6-43e0-ba76-fb348e5e84e7","name":"baea6eed-c9d6-43e0-ba76-fb348e5e84e7","status":"Creating","startTime":"2022-03-28T23:29:18Z"}'
    headers:
      cache-control:
      - no-cache
      content-length:
      - '271'
      content-type:
      - application/json; charset=utf-8
      date:
      - Mon, 28 Mar 2022 23:40:21 GMT
      expires:
      - '-1'
      pragma:
      - no-cache
      server:
      - istio-envoy
      strict-transport-security:
      - max-age=31536000; includeSubDomains
      transfer-encoding:
      - chunked
      vary:
      - Accept-Encoding
      x-content-type-options:
      - nosniff
      x-envoy-upstream-service-time:
      - '71'
    status:
      code: 200
      message: OK
- request:
    body: null
    headers:
      Accept:
      - '*/*'
      Accept-Encoding:
      - gzip, deflate
      CommandName:
      - cognitiveservices account create
      Connection:
      - keep-alive
      ParameterSetName:
      - -n -g --kind --sku -l --yes
      User-Agent:
      - AZURECLI/2.34.1 azsdk-python-mgmt-cognitiveservices/13.1.0 Python/3.7.9 (Windows-10-10.0.22000-SP0)
    method: GET
    uri: https://management.azure.com/subscriptions/00000000-0000-0000-0000-000000000000/providers/Microsoft.CognitiveServices/locations/westus2/operationResults/baea6eed-c9d6-43e0-ba76-fb348e5e84e7?api-version=2017-04-18
  response:
    body:
      string: '{"id":"/subscriptions/00000000-0000-0000-0000-000000000000/providers/Microsoft.CognitiveServices/locations/westus2/operationResults/baea6eed-c9d6-43e0-ba76-fb348e5e84e7","name":"baea6eed-c9d6-43e0-ba76-fb348e5e84e7","status":"Creating","startTime":"2022-03-28T23:29:18Z"}'
    headers:
      cache-control:
      - no-cache
      content-length:
      - '271'
      content-type:
      - application/json; charset=utf-8
      date:
      - Mon, 28 Mar 2022 23:40:51 GMT
      expires:
      - '-1'
      pragma:
      - no-cache
      server:
      - istio-envoy
      strict-transport-security:
      - max-age=31536000; includeSubDomains
      transfer-encoding:
      - chunked
      vary:
      - Accept-Encoding
      x-content-type-options:
      - nosniff
      x-envoy-upstream-service-time:
      - '5'
    status:
      code: 200
      message: OK
- request:
    body: null
    headers:
      Accept:
      - '*/*'
      Accept-Encoding:
      - gzip, deflate
      CommandName:
      - cognitiveservices account create
      Connection:
      - keep-alive
      ParameterSetName:
      - -n -g --kind --sku -l --yes
      User-Agent:
      - AZURECLI/2.34.1 azsdk-python-mgmt-cognitiveservices/13.1.0 Python/3.7.9 (Windows-10-10.0.22000-SP0)
    method: GET
    uri: https://management.azure.com/subscriptions/00000000-0000-0000-0000-000000000000/providers/Microsoft.CognitiveServices/locations/westus2/operationResults/baea6eed-c9d6-43e0-ba76-fb348e5e84e7?api-version=2017-04-18
  response:
    body:
      string: '{"id":"/subscriptions/00000000-0000-0000-0000-000000000000/providers/Microsoft.CognitiveServices/locations/westus2/operationResults/baea6eed-c9d6-43e0-ba76-fb348e5e84e7","name":"baea6eed-c9d6-43e0-ba76-fb348e5e84e7","status":"Creating","startTime":"2022-03-28T23:29:18Z"}'
    headers:
      cache-control:
      - no-cache
      content-length:
      - '271'
      content-type:
      - application/json; charset=utf-8
      date:
      - Mon, 28 Mar 2022 23:41:21 GMT
      expires:
      - '-1'
      pragma:
      - no-cache
      server:
      - istio-envoy
      strict-transport-security:
      - max-age=31536000; includeSubDomains
      transfer-encoding:
      - chunked
      vary:
      - Accept-Encoding
      x-content-type-options:
      - nosniff
      x-envoy-upstream-service-time:
      - '6'
    status:
      code: 200
      message: OK
- request:
    body: null
    headers:
      Accept:
      - '*/*'
      Accept-Encoding:
      - gzip, deflate
      CommandName:
      - cognitiveservices account create
      Connection:
      - keep-alive
      ParameterSetName:
      - -n -g --kind --sku -l --yes
      User-Agent:
      - AZURECLI/2.34.1 azsdk-python-mgmt-cognitiveservices/13.1.0 Python/3.7.9 (Windows-10-10.0.22000-SP0)
    method: GET
    uri: https://management.azure.com/subscriptions/00000000-0000-0000-0000-000000000000/providers/Microsoft.CognitiveServices/locations/westus2/operationResults/baea6eed-c9d6-43e0-ba76-fb348e5e84e7?api-version=2017-04-18
  response:
    body:
      string: '{"id":"/subscriptions/00000000-0000-0000-0000-000000000000/providers/Microsoft.CognitiveServices/locations/westus2/operationResults/baea6eed-c9d6-43e0-ba76-fb348e5e84e7","name":"baea6eed-c9d6-43e0-ba76-fb348e5e84e7","status":"Creating","startTime":"2022-03-28T23:29:18Z"}'
    headers:
      cache-control:
      - no-cache
      content-length:
      - '271'
      content-type:
      - application/json; charset=utf-8
      date:
      - Mon, 28 Mar 2022 23:41:52 GMT
      expires:
      - '-1'
      pragma:
      - no-cache
      server:
      - istio-envoy
      strict-transport-security:
      - max-age=31536000; includeSubDomains
      transfer-encoding:
      - chunked
      vary:
      - Accept-Encoding
      x-content-type-options:
      - nosniff
      x-envoy-upstream-service-time:
      - '5'
    status:
      code: 200
      message: OK
- request:
    body: null
    headers:
      Accept:
      - '*/*'
      Accept-Encoding:
      - gzip, deflate
      CommandName:
      - cognitiveservices account create
      Connection:
      - keep-alive
      ParameterSetName:
      - -n -g --kind --sku -l --yes
      User-Agent:
      - AZURECLI/2.34.1 azsdk-python-mgmt-cognitiveservices/13.1.0 Python/3.7.9 (Windows-10-10.0.22000-SP0)
    method: GET
    uri: https://management.azure.com/subscriptions/00000000-0000-0000-0000-000000000000/providers/Microsoft.CognitiveServices/locations/westus2/operationResults/baea6eed-c9d6-43e0-ba76-fb348e5e84e7?api-version=2017-04-18
  response:
    body:
      string: '{"id":"/subscriptions/00000000-0000-0000-0000-000000000000/providers/Microsoft.CognitiveServices/locations/westus2/operationResults/baea6eed-c9d6-43e0-ba76-fb348e5e84e7","name":"baea6eed-c9d6-43e0-ba76-fb348e5e84e7","status":"Creating","startTime":"2022-03-28T23:29:18Z"}'
    headers:
      cache-control:
      - no-cache
      content-length:
      - '271'
      content-type:
      - application/json; charset=utf-8
      date:
      - Mon, 28 Mar 2022 23:42:21 GMT
      expires:
      - '-1'
      pragma:
      - no-cache
      server:
      - istio-envoy
      strict-transport-security:
      - max-age=31536000; includeSubDomains
      transfer-encoding:
      - chunked
      vary:
      - Accept-Encoding
      x-content-type-options:
      - nosniff
      x-envoy-upstream-service-time:
      - '6'
    status:
      code: 200
      message: OK
- request:
    body: null
    headers:
      Accept:
      - '*/*'
      Accept-Encoding:
      - gzip, deflate
      CommandName:
      - cognitiveservices account create
      Connection:
      - keep-alive
      ParameterSetName:
      - -n -g --kind --sku -l --yes
      User-Agent:
      - AZURECLI/2.34.1 azsdk-python-mgmt-cognitiveservices/13.1.0 Python/3.7.9 (Windows-10-10.0.22000-SP0)
    method: GET
    uri: https://management.azure.com/subscriptions/00000000-0000-0000-0000-000000000000/providers/Microsoft.CognitiveServices/locations/westus2/operationResults/baea6eed-c9d6-43e0-ba76-fb348e5e84e7?api-version=2017-04-18
  response:
    body:
      string: '{"id":"/subscriptions/00000000-0000-0000-0000-000000000000/providers/Microsoft.CognitiveServices/locations/westus2/operationResults/baea6eed-c9d6-43e0-ba76-fb348e5e84e7","name":"baea6eed-c9d6-43e0-ba76-fb348e5e84e7","status":"Creating","startTime":"2022-03-28T23:29:18Z"}'
    headers:
      cache-control:
      - no-cache
      content-length:
      - '271'
      content-type:
      - application/json; charset=utf-8
      date:
      - Mon, 28 Mar 2022 23:42:51 GMT
      expires:
      - '-1'
      pragma:
      - no-cache
      server:
      - istio-envoy
      strict-transport-security:
      - max-age=31536000; includeSubDomains
      transfer-encoding:
      - chunked
      vary:
      - Accept-Encoding
      x-content-type-options:
      - nosniff
      x-envoy-upstream-service-time:
      - '100'
    status:
      code: 200
      message: OK
- request:
    body: null
    headers:
      Accept:
      - '*/*'
      Accept-Encoding:
      - gzip, deflate
      CommandName:
      - cognitiveservices account create
      Connection:
      - keep-alive
      ParameterSetName:
      - -n -g --kind --sku -l --yes
      User-Agent:
      - AZURECLI/2.34.1 azsdk-python-mgmt-cognitiveservices/13.1.0 Python/3.7.9 (Windows-10-10.0.22000-SP0)
    method: GET
    uri: https://management.azure.com/subscriptions/00000000-0000-0000-0000-000000000000/providers/Microsoft.CognitiveServices/locations/westus2/operationResults/baea6eed-c9d6-43e0-ba76-fb348e5e84e7?api-version=2017-04-18
  response:
    body:
      string: '{"id":"/subscriptions/00000000-0000-0000-0000-000000000000/providers/Microsoft.CognitiveServices/locations/westus2/operationResults/baea6eed-c9d6-43e0-ba76-fb348e5e84e7","name":"baea6eed-c9d6-43e0-ba76-fb348e5e84e7","status":"Creating","startTime":"2022-03-28T23:29:18Z"}'
    headers:
      cache-control:
      - no-cache
      content-length:
      - '271'
      content-type:
      - application/json; charset=utf-8
      date:
      - Mon, 28 Mar 2022 23:43:21 GMT
      expires:
      - '-1'
      pragma:
      - no-cache
      server:
      - istio-envoy
      strict-transport-security:
      - max-age=31536000; includeSubDomains
      transfer-encoding:
      - chunked
      vary:
      - Accept-Encoding
      x-content-type-options:
      - nosniff
      x-envoy-upstream-service-time:
      - '7'
    status:
      code: 200
      message: OK
- request:
    body: null
    headers:
      Accept:
      - '*/*'
      Accept-Encoding:
      - gzip, deflate
      CommandName:
      - cognitiveservices account create
      Connection:
      - keep-alive
      ParameterSetName:
      - -n -g --kind --sku -l --yes
      User-Agent:
      - AZURECLI/2.34.1 azsdk-python-mgmt-cognitiveservices/13.1.0 Python/3.7.9 (Windows-10-10.0.22000-SP0)
    method: GET
    uri: https://management.azure.com/subscriptions/00000000-0000-0000-0000-000000000000/providers/Microsoft.CognitiveServices/locations/westus2/operationResults/baea6eed-c9d6-43e0-ba76-fb348e5e84e7?api-version=2017-04-18
  response:
    body:
      string: '{"id":"/subscriptions/00000000-0000-0000-0000-000000000000/providers/Microsoft.CognitiveServices/locations/westus2/operationResults/baea6eed-c9d6-43e0-ba76-fb348e5e84e7","name":"baea6eed-c9d6-43e0-ba76-fb348e5e84e7","status":"Creating","startTime":"2022-03-28T23:29:18Z"}'
    headers:
      cache-control:
      - no-cache
      content-length:
      - '271'
      content-type:
      - application/json; charset=utf-8
      date:
      - Mon, 28 Mar 2022 23:43:52 GMT
      expires:
      - '-1'
      pragma:
      - no-cache
      server:
      - istio-envoy
      strict-transport-security:
      - max-age=31536000; includeSubDomains
      transfer-encoding:
      - chunked
      vary:
      - Accept-Encoding
      x-content-type-options:
      - nosniff
      x-envoy-upstream-service-time:
      - '49'
    status:
      code: 200
      message: OK
- request:
    body: null
    headers:
      Accept:
      - '*/*'
      Accept-Encoding:
      - gzip, deflate
      CommandName:
      - cognitiveservices account create
      Connection:
      - keep-alive
      ParameterSetName:
      - -n -g --kind --sku -l --yes
      User-Agent:
      - AZURECLI/2.34.1 azsdk-python-mgmt-cognitiveservices/13.1.0 Python/3.7.9 (Windows-10-10.0.22000-SP0)
    method: GET
    uri: https://management.azure.com/subscriptions/00000000-0000-0000-0000-000000000000/providers/Microsoft.CognitiveServices/locations/westus2/operationResults/baea6eed-c9d6-43e0-ba76-fb348e5e84e7?api-version=2017-04-18
  response:
    body:
      string: '{"id":"/subscriptions/00000000-0000-0000-0000-000000000000/providers/Microsoft.CognitiveServices/locations/westus2/operationResults/baea6eed-c9d6-43e0-ba76-fb348e5e84e7","name":"baea6eed-c9d6-43e0-ba76-fb348e5e84e7","status":"Creating","startTime":"2022-03-28T23:29:18Z"}'
    headers:
      cache-control:
      - no-cache
      content-length:
      - '271'
      content-type:
      - application/json; charset=utf-8
      date:
      - Mon, 28 Mar 2022 23:44:22 GMT
      expires:
      - '-1'
      pragma:
      - no-cache
      server:
      - istio-envoy
      strict-transport-security:
      - max-age=31536000; includeSubDomains
      transfer-encoding:
      - chunked
      vary:
      - Accept-Encoding
      x-content-type-options:
      - nosniff
      x-envoy-upstream-service-time:
      - '49'
    status:
      code: 200
      message: OK
- request:
    body: null
    headers:
      Accept:
      - '*/*'
      Accept-Encoding:
      - gzip, deflate
      CommandName:
      - cognitiveservices account create
      Connection:
      - keep-alive
      ParameterSetName:
      - -n -g --kind --sku -l --yes
      User-Agent:
      - AZURECLI/2.34.1 azsdk-python-mgmt-cognitiveservices/13.1.0 Python/3.7.9 (Windows-10-10.0.22000-SP0)
    method: GET
    uri: https://management.azure.com/subscriptions/00000000-0000-0000-0000-000000000000/providers/Microsoft.CognitiveServices/locations/westus2/operationResults/baea6eed-c9d6-43e0-ba76-fb348e5e84e7?api-version=2017-04-18
  response:
    body:
      string: '{"id":"/subscriptions/00000000-0000-0000-0000-000000000000/providers/Microsoft.CognitiveServices/locations/westus2/operationResults/baea6eed-c9d6-43e0-ba76-fb348e5e84e7","name":"baea6eed-c9d6-43e0-ba76-fb348e5e84e7","status":"Creating","startTime":"2022-03-28T23:29:18Z"}'
    headers:
      cache-control:
      - no-cache
      content-length:
      - '271'
      content-type:
      - application/json; charset=utf-8
      date:
      - Mon, 28 Mar 2022 23:44:52 GMT
      expires:
      - '-1'
      pragma:
      - no-cache
      server:
      - istio-envoy
      strict-transport-security:
      - max-age=31536000; includeSubDomains
      transfer-encoding:
      - chunked
      vary:
      - Accept-Encoding
      x-content-type-options:
      - nosniff
      x-envoy-upstream-service-time:
      - '6'
    status:
      code: 200
      message: OK
- request:
    body: null
    headers:
      Accept:
      - '*/*'
      Accept-Encoding:
      - gzip, deflate
      CommandName:
      - cognitiveservices account create
      Connection:
      - keep-alive
      ParameterSetName:
      - -n -g --kind --sku -l --yes
      User-Agent:
      - AZURECLI/2.34.1 azsdk-python-mgmt-cognitiveservices/13.1.0 Python/3.7.9 (Windows-10-10.0.22000-SP0)
    method: GET
    uri: https://management.azure.com/subscriptions/00000000-0000-0000-0000-000000000000/providers/Microsoft.CognitiveServices/locations/westus2/operationResults/baea6eed-c9d6-43e0-ba76-fb348e5e84e7?api-version=2017-04-18
  response:
    body:
      string: '{"id":"/subscriptions/00000000-0000-0000-0000-000000000000/providers/Microsoft.CognitiveServices/locations/westus2/operationResults/baea6eed-c9d6-43e0-ba76-fb348e5e84e7","name":"baea6eed-c9d6-43e0-ba76-fb348e5e84e7","status":"Creating","startTime":"2022-03-28T23:29:18Z"}'
    headers:
      cache-control:
      - no-cache
      content-length:
      - '271'
      content-type:
      - application/json; charset=utf-8
      date:
      - Mon, 28 Mar 2022 23:45:22 GMT
      expires:
      - '-1'
      pragma:
      - no-cache
      server:
      - istio-envoy
      strict-transport-security:
      - max-age=31536000; includeSubDomains
      transfer-encoding:
      - chunked
      vary:
      - Accept-Encoding
      x-content-type-options:
      - nosniff
      x-envoy-upstream-service-time:
      - '7'
    status:
      code: 200
      message: OK
- request:
    body: null
    headers:
      Accept:
      - '*/*'
      Accept-Encoding:
      - gzip, deflate
      CommandName:
      - cognitiveservices account create
      Connection:
      - keep-alive
      ParameterSetName:
      - -n -g --kind --sku -l --yes
      User-Agent:
      - AZURECLI/2.34.1 azsdk-python-mgmt-cognitiveservices/13.1.0 Python/3.7.9 (Windows-10-10.0.22000-SP0)
    method: GET
    uri: https://management.azure.com/subscriptions/00000000-0000-0000-0000-000000000000/providers/Microsoft.CognitiveServices/locations/westus2/operationResults/baea6eed-c9d6-43e0-ba76-fb348e5e84e7?api-version=2017-04-18
  response:
    body:
      string: '{"id":"/subscriptions/00000000-0000-0000-0000-000000000000/providers/Microsoft.CognitiveServices/locations/westus2/operationResults/baea6eed-c9d6-43e0-ba76-fb348e5e84e7","name":"baea6eed-c9d6-43e0-ba76-fb348e5e84e7","status":"Creating","startTime":"2022-03-28T23:29:18Z"}'
    headers:
      cache-control:
      - no-cache
      content-length:
      - '271'
      content-type:
      - application/json; charset=utf-8
      date:
      - Mon, 28 Mar 2022 23:45:52 GMT
      expires:
      - '-1'
      pragma:
      - no-cache
      server:
      - istio-envoy
      strict-transport-security:
      - max-age=31536000; includeSubDomains
      transfer-encoding:
      - chunked
      vary:
      - Accept-Encoding
      x-content-type-options:
      - nosniff
      x-envoy-upstream-service-time:
      - '46'
    status:
      code: 200
      message: OK
- request:
    body: null
    headers:
      Accept:
      - '*/*'
      Accept-Encoding:
      - gzip, deflate
      CommandName:
      - cognitiveservices account create
      Connection:
      - keep-alive
      ParameterSetName:
      - -n -g --kind --sku -l --yes
      User-Agent:
      - AZURECLI/2.34.1 azsdk-python-mgmt-cognitiveservices/13.1.0 Python/3.7.9 (Windows-10-10.0.22000-SP0)
    method: GET
    uri: https://management.azure.com/subscriptions/00000000-0000-0000-0000-000000000000/providers/Microsoft.CognitiveServices/locations/westus2/operationResults/baea6eed-c9d6-43e0-ba76-fb348e5e84e7?api-version=2017-04-18
  response:
    body:
      string: '{"id":"/subscriptions/00000000-0000-0000-0000-000000000000/providers/Microsoft.CognitiveServices/locations/westus2/operationResults/baea6eed-c9d6-43e0-ba76-fb348e5e84e7","name":"baea6eed-c9d6-43e0-ba76-fb348e5e84e7","status":"Creating","startTime":"2022-03-28T23:29:18Z"}'
    headers:
      cache-control:
      - no-cache
      content-length:
      - '271'
      content-type:
      - application/json; charset=utf-8
      date:
      - Mon, 28 Mar 2022 23:46:22 GMT
      expires:
      - '-1'
      pragma:
      - no-cache
      server:
      - istio-envoy
      strict-transport-security:
      - max-age=31536000; includeSubDomains
      transfer-encoding:
      - chunked
      vary:
      - Accept-Encoding
      x-content-type-options:
      - nosniff
      x-envoy-upstream-service-time:
      - '6'
    status:
      code: 200
      message: OK
- request:
    body: null
    headers:
      Accept:
      - '*/*'
      Accept-Encoding:
      - gzip, deflate
      CommandName:
      - cognitiveservices account create
      Connection:
      - keep-alive
      ParameterSetName:
      - -n -g --kind --sku -l --yes
      User-Agent:
      - AZURECLI/2.34.1 azsdk-python-mgmt-cognitiveservices/13.1.0 Python/3.7.9 (Windows-10-10.0.22000-SP0)
    method: GET
    uri: https://management.azure.com/subscriptions/00000000-0000-0000-0000-000000000000/providers/Microsoft.CognitiveServices/locations/westus2/operationResults/baea6eed-c9d6-43e0-ba76-fb348e5e84e7?api-version=2017-04-18
  response:
    body:
      string: '{"id":"/subscriptions/00000000-0000-0000-0000-000000000000/providers/Microsoft.CognitiveServices/locations/westus2/operationResults/baea6eed-c9d6-43e0-ba76-fb348e5e84e7","name":"baea6eed-c9d6-43e0-ba76-fb348e5e84e7","status":"Creating","startTime":"2022-03-28T23:29:18Z"}'
    headers:
      cache-control:
      - no-cache
      content-length:
      - '271'
      content-type:
      - application/json; charset=utf-8
      date:
      - Mon, 28 Mar 2022 23:46:52 GMT
      expires:
      - '-1'
      pragma:
      - no-cache
      server:
      - istio-envoy
      strict-transport-security:
      - max-age=31536000; includeSubDomains
      transfer-encoding:
      - chunked
      vary:
      - Accept-Encoding
      x-content-type-options:
      - nosniff
      x-envoy-upstream-service-time:
      - '41'
    status:
      code: 200
      message: OK
- request:
    body: null
    headers:
      Accept:
      - '*/*'
      Accept-Encoding:
      - gzip, deflate
      CommandName:
      - cognitiveservices account create
      Connection:
      - keep-alive
      ParameterSetName:
      - -n -g --kind --sku -l --yes
      User-Agent:
      - AZURECLI/2.34.1 azsdk-python-mgmt-cognitiveservices/13.1.0 Python/3.7.9 (Windows-10-10.0.22000-SP0)
    method: GET
    uri: https://management.azure.com/subscriptions/00000000-0000-0000-0000-000000000000/providers/Microsoft.CognitiveServices/locations/westus2/operationResults/baea6eed-c9d6-43e0-ba76-fb348e5e84e7?api-version=2017-04-18
  response:
    body:
      string: '{"id":"/subscriptions/00000000-0000-0000-0000-000000000000/providers/Microsoft.CognitiveServices/locations/westus2/operationResults/baea6eed-c9d6-43e0-ba76-fb348e5e84e7","name":"baea6eed-c9d6-43e0-ba76-fb348e5e84e7","status":"Creating","startTime":"2022-03-28T23:29:18Z"}'
    headers:
      cache-control:
      - no-cache
      content-length:
      - '271'
      content-type:
      - application/json; charset=utf-8
      date:
      - Mon, 28 Mar 2022 23:47:22 GMT
      expires:
      - '-1'
      pragma:
      - no-cache
      server:
      - istio-envoy
      strict-transport-security:
      - max-age=31536000; includeSubDomains
      transfer-encoding:
      - chunked
      vary:
      - Accept-Encoding
      x-content-type-options:
      - nosniff
      x-envoy-upstream-service-time:
      - '6'
    status:
      code: 200
      message: OK
- request:
    body: null
    headers:
      Accept:
      - '*/*'
      Accept-Encoding:
      - gzip, deflate
      CommandName:
      - cognitiveservices account create
      Connection:
      - keep-alive
      ParameterSetName:
      - -n -g --kind --sku -l --yes
      User-Agent:
      - AZURECLI/2.34.1 azsdk-python-mgmt-cognitiveservices/13.1.0 Python/3.7.9 (Windows-10-10.0.22000-SP0)
    method: GET
    uri: https://management.azure.com/subscriptions/00000000-0000-0000-0000-000000000000/providers/Microsoft.CognitiveServices/locations/westus2/operationResults/baea6eed-c9d6-43e0-ba76-fb348e5e84e7?api-version=2017-04-18
  response:
    body:
      string: '{"id":"/subscriptions/00000000-0000-0000-0000-000000000000/providers/Microsoft.CognitiveServices/locations/westus2/operationResults/baea6eed-c9d6-43e0-ba76-fb348e5e84e7","name":"baea6eed-c9d6-43e0-ba76-fb348e5e84e7","status":"Creating","startTime":"2022-03-28T23:29:18Z"}'
    headers:
      cache-control:
      - no-cache
      content-length:
      - '271'
      content-type:
      - application/json; charset=utf-8
      date:
      - Mon, 28 Mar 2022 23:47:52 GMT
      expires:
      - '-1'
      pragma:
      - no-cache
      server:
      - istio-envoy
      strict-transport-security:
      - max-age=31536000; includeSubDomains
      transfer-encoding:
      - chunked
      vary:
      - Accept-Encoding
      x-content-type-options:
      - nosniff
      x-envoy-upstream-service-time:
      - '6'
    status:
      code: 200
      message: OK
- request:
    body: null
    headers:
      Accept:
      - '*/*'
      Accept-Encoding:
      - gzip, deflate
      CommandName:
      - cognitiveservices account create
      Connection:
      - keep-alive
      ParameterSetName:
      - -n -g --kind --sku -l --yes
      User-Agent:
      - AZURECLI/2.34.1 azsdk-python-mgmt-cognitiveservices/13.1.0 Python/3.7.9 (Windows-10-10.0.22000-SP0)
    method: GET
    uri: https://management.azure.com/subscriptions/00000000-0000-0000-0000-000000000000/providers/Microsoft.CognitiveServices/locations/westus2/operationResults/baea6eed-c9d6-43e0-ba76-fb348e5e84e7?api-version=2017-04-18
  response:
    body:
      string: '{"id":"/subscriptions/00000000-0000-0000-0000-000000000000/providers/Microsoft.CognitiveServices/locations/westus2/operationResults/baea6eed-c9d6-43e0-ba76-fb348e5e84e7","name":"baea6eed-c9d6-43e0-ba76-fb348e5e84e7","status":"Creating","startTime":"2022-03-28T23:29:18Z"}'
    headers:
      cache-control:
      - no-cache
      content-length:
      - '271'
      content-type:
      - application/json; charset=utf-8
      date:
      - Mon, 28 Mar 2022 23:48:22 GMT
      expires:
      - '-1'
      pragma:
      - no-cache
      server:
      - istio-envoy
      strict-transport-security:
      - max-age=31536000; includeSubDomains
      transfer-encoding:
      - chunked
      vary:
      - Accept-Encoding
      x-content-type-options:
      - nosniff
      x-envoy-upstream-service-time:
      - '66'
    status:
      code: 200
      message: OK
- request:
    body: null
    headers:
      Accept:
      - '*/*'
      Accept-Encoding:
      - gzip, deflate
      CommandName:
      - cognitiveservices account create
      Connection:
      - keep-alive
      ParameterSetName:
      - -n -g --kind --sku -l --yes
      User-Agent:
      - AZURECLI/2.34.1 azsdk-python-mgmt-cognitiveservices/13.1.0 Python/3.7.9 (Windows-10-10.0.22000-SP0)
    method: GET
    uri: https://management.azure.com/subscriptions/00000000-0000-0000-0000-000000000000/providers/Microsoft.CognitiveServices/locations/westus2/operationResults/baea6eed-c9d6-43e0-ba76-fb348e5e84e7?api-version=2017-04-18
  response:
    body:
      string: '{"id":"/subscriptions/00000000-0000-0000-0000-000000000000/providers/Microsoft.CognitiveServices/locations/westus2/operationResults/baea6eed-c9d6-43e0-ba76-fb348e5e84e7","name":"baea6eed-c9d6-43e0-ba76-fb348e5e84e7","status":"Creating","startTime":"2022-03-28T23:29:18Z"}'
    headers:
      cache-control:
      - no-cache
      content-length:
      - '271'
      content-type:
      - application/json; charset=utf-8
      date:
      - Mon, 28 Mar 2022 23:48:53 GMT
      expires:
      - '-1'
      pragma:
      - no-cache
      server:
      - istio-envoy
      strict-transport-security:
      - max-age=31536000; includeSubDomains
      transfer-encoding:
      - chunked
      vary:
      - Accept-Encoding
      x-content-type-options:
      - nosniff
      x-envoy-upstream-service-time:
      - '6'
    status:
      code: 200
      message: OK
- request:
    body: null
    headers:
      Accept:
      - '*/*'
      Accept-Encoding:
      - gzip, deflate
      CommandName:
      - cognitiveservices account create
      Connection:
      - keep-alive
      ParameterSetName:
      - -n -g --kind --sku -l --yes
      User-Agent:
      - AZURECLI/2.34.1 azsdk-python-mgmt-cognitiveservices/13.1.0 Python/3.7.9 (Windows-10-10.0.22000-SP0)
    method: GET
    uri: https://management.azure.com/subscriptions/00000000-0000-0000-0000-000000000000/providers/Microsoft.CognitiveServices/locations/westus2/operationResults/baea6eed-c9d6-43e0-ba76-fb348e5e84e7?api-version=2017-04-18
  response:
    body:
      string: '{"id":"/subscriptions/00000000-0000-0000-0000-000000000000/providers/Microsoft.CognitiveServices/locations/westus2/operationResults/baea6eed-c9d6-43e0-ba76-fb348e5e84e7","name":"baea6eed-c9d6-43e0-ba76-fb348e5e84e7","status":"Creating","startTime":"2022-03-28T23:29:18Z"}'
    headers:
      cache-control:
      - no-cache
      content-length:
      - '271'
      content-type:
      - application/json; charset=utf-8
      date:
      - Mon, 28 Mar 2022 23:49:23 GMT
      expires:
      - '-1'
      pragma:
      - no-cache
      server:
      - istio-envoy
      strict-transport-security:
      - max-age=31536000; includeSubDomains
      transfer-encoding:
      - chunked
      vary:
      - Accept-Encoding
      x-content-type-options:
      - nosniff
      x-envoy-upstream-service-time:
      - '6'
    status:
      code: 200
      message: OK
- request:
    body: null
    headers:
      Accept:
      - '*/*'
      Accept-Encoding:
      - gzip, deflate
      CommandName:
      - cognitiveservices account create
      Connection:
      - keep-alive
      ParameterSetName:
      - -n -g --kind --sku -l --yes
      User-Agent:
      - AZURECLI/2.34.1 azsdk-python-mgmt-cognitiveservices/13.1.0 Python/3.7.9 (Windows-10-10.0.22000-SP0)
    method: GET
    uri: https://management.azure.com/subscriptions/00000000-0000-0000-0000-000000000000/providers/Microsoft.CognitiveServices/locations/westus2/operationResults/baea6eed-c9d6-43e0-ba76-fb348e5e84e7?api-version=2017-04-18
  response:
    body:
      string: '{"id":"/subscriptions/00000000-0000-0000-0000-000000000000/providers/Microsoft.CognitiveServices/locations/westus2/operationResults/baea6eed-c9d6-43e0-ba76-fb348e5e84e7","name":"baea6eed-c9d6-43e0-ba76-fb348e5e84e7","status":"Creating","startTime":"2022-03-28T23:29:18Z"}'
    headers:
      cache-control:
      - no-cache
      content-length:
      - '271'
      content-type:
      - application/json; charset=utf-8
      date:
      - Mon, 28 Mar 2022 23:49:53 GMT
      expires:
      - '-1'
      pragma:
      - no-cache
      server:
      - istio-envoy
      strict-transport-security:
      - max-age=31536000; includeSubDomains
      transfer-encoding:
      - chunked
      vary:
      - Accept-Encoding
      x-content-type-options:
      - nosniff
      x-envoy-upstream-service-time:
      - '6'
    status:
      code: 200
      message: OK
- request:
    body: null
    headers:
      Accept:
      - '*/*'
      Accept-Encoding:
      - gzip, deflate
      CommandName:
      - cognitiveservices account create
      Connection:
      - keep-alive
      ParameterSetName:
      - -n -g --kind --sku -l --yes
      User-Agent:
      - AZURECLI/2.34.1 azsdk-python-mgmt-cognitiveservices/13.1.0 Python/3.7.9 (Windows-10-10.0.22000-SP0)
    method: GET
    uri: https://management.azure.com/subscriptions/00000000-0000-0000-0000-000000000000/providers/Microsoft.CognitiveServices/locations/westus2/operationResults/baea6eed-c9d6-43e0-ba76-fb348e5e84e7?api-version=2017-04-18
  response:
    body:
      string: '{"id":"/subscriptions/00000000-0000-0000-0000-000000000000/providers/Microsoft.CognitiveServices/locations/westus2/operationResults/baea6eed-c9d6-43e0-ba76-fb348e5e84e7","name":"baea6eed-c9d6-43e0-ba76-fb348e5e84e7","status":"Creating","startTime":"2022-03-28T23:29:18Z"}'
    headers:
      cache-control:
      - no-cache
      content-length:
      - '271'
      content-type:
      - application/json; charset=utf-8
      date:
      - Mon, 28 Mar 2022 23:50:23 GMT
      expires:
      - '-1'
      pragma:
      - no-cache
      server:
      - istio-envoy
      strict-transport-security:
      - max-age=31536000; includeSubDomains
      transfer-encoding:
      - chunked
      vary:
      - Accept-Encoding
      x-content-type-options:
      - nosniff
      x-envoy-upstream-service-time:
      - '6'
    status:
      code: 200
      message: OK
- request:
    body: null
    headers:
      Accept:
      - '*/*'
      Accept-Encoding:
      - gzip, deflate
      CommandName:
      - cognitiveservices account create
      Connection:
      - keep-alive
      ParameterSetName:
      - -n -g --kind --sku -l --yes
      User-Agent:
      - AZURECLI/2.34.1 azsdk-python-mgmt-cognitiveservices/13.1.0 Python/3.7.9 (Windows-10-10.0.22000-SP0)
    method: GET
    uri: https://management.azure.com/subscriptions/00000000-0000-0000-0000-000000000000/providers/Microsoft.CognitiveServices/locations/westus2/operationResults/baea6eed-c9d6-43e0-ba76-fb348e5e84e7?api-version=2017-04-18
  response:
    body:
      string: '{"id":"/subscriptions/00000000-0000-0000-0000-000000000000/providers/Microsoft.CognitiveServices/locations/westus2/operationResults/baea6eed-c9d6-43e0-ba76-fb348e5e84e7","name":"baea6eed-c9d6-43e0-ba76-fb348e5e84e7","status":"Creating","startTime":"2022-03-28T23:29:18Z"}'
    headers:
      cache-control:
      - no-cache
      content-length:
      - '271'
      content-type:
      - application/json; charset=utf-8
      date:
      - Mon, 28 Mar 2022 23:50:53 GMT
      expires:
      - '-1'
      pragma:
      - no-cache
      server:
      - istio-envoy
      strict-transport-security:
      - max-age=31536000; includeSubDomains
      transfer-encoding:
      - chunked
      vary:
      - Accept-Encoding
      x-content-type-options:
      - nosniff
      x-envoy-upstream-service-time:
      - '36'
    status:
      code: 200
      message: OK
- request:
    body: null
    headers:
      Accept:
      - '*/*'
      Accept-Encoding:
      - gzip, deflate
      CommandName:
      - cognitiveservices account create
      Connection:
      - keep-alive
      ParameterSetName:
      - -n -g --kind --sku -l --yes
      User-Agent:
      - AZURECLI/2.34.1 azsdk-python-mgmt-cognitiveservices/13.1.0 Python/3.7.9 (Windows-10-10.0.22000-SP0)
    method: GET
    uri: https://management.azure.com/subscriptions/00000000-0000-0000-0000-000000000000/providers/Microsoft.CognitiveServices/locations/westus2/operationResults/baea6eed-c9d6-43e0-ba76-fb348e5e84e7?api-version=2017-04-18
  response:
    body:
      string: '{"id":"/subscriptions/00000000-0000-0000-0000-000000000000/providers/Microsoft.CognitiveServices/locations/westus2/operationResults/baea6eed-c9d6-43e0-ba76-fb348e5e84e7","name":"baea6eed-c9d6-43e0-ba76-fb348e5e84e7","status":"Creating","startTime":"2022-03-28T23:29:18Z"}'
    headers:
      cache-control:
      - no-cache
      content-length:
      - '271'
      content-type:
      - application/json; charset=utf-8
      date:
      - Mon, 28 Mar 2022 23:51:22 GMT
      expires:
      - '-1'
      pragma:
      - no-cache
      server:
      - istio-envoy
      strict-transport-security:
      - max-age=31536000; includeSubDomains
      transfer-encoding:
      - chunked
      vary:
      - Accept-Encoding
      x-content-type-options:
      - nosniff
      x-envoy-upstream-service-time:
      - '6'
    status:
      code: 200
      message: OK
- request:
    body: null
    headers:
      Accept:
      - '*/*'
      Accept-Encoding:
      - gzip, deflate
      CommandName:
      - cognitiveservices account create
      Connection:
      - keep-alive
      ParameterSetName:
      - -n -g --kind --sku -l --yes
      User-Agent:
      - AZURECLI/2.34.1 azsdk-python-mgmt-cognitiveservices/13.1.0 Python/3.7.9 (Windows-10-10.0.22000-SP0)
    method: GET
    uri: https://management.azure.com/subscriptions/00000000-0000-0000-0000-000000000000/providers/Microsoft.CognitiveServices/locations/westus2/operationResults/baea6eed-c9d6-43e0-ba76-fb348e5e84e7?api-version=2017-04-18
  response:
    body:
      string: '{"id":"/subscriptions/00000000-0000-0000-0000-000000000000/providers/Microsoft.CognitiveServices/locations/westus2/operationResults/baea6eed-c9d6-43e0-ba76-fb348e5e84e7","name":"baea6eed-c9d6-43e0-ba76-fb348e5e84e7","status":"Creating","startTime":"2022-03-28T23:29:18Z"}'
    headers:
      cache-control:
      - no-cache
      content-length:
      - '271'
      content-type:
      - application/json; charset=utf-8
      date:
      - Mon, 28 Mar 2022 23:51:52 GMT
      expires:
      - '-1'
      pragma:
      - no-cache
      server:
      - istio-envoy
      strict-transport-security:
      - max-age=31536000; includeSubDomains
      transfer-encoding:
      - chunked
      vary:
      - Accept-Encoding
      x-content-type-options:
      - nosniff
      x-envoy-upstream-service-time:
      - '5'
    status:
      code: 200
      message: OK
- request:
    body: null
    headers:
      Accept:
      - '*/*'
      Accept-Encoding:
      - gzip, deflate
      CommandName:
      - cognitiveservices account create
      Connection:
      - keep-alive
      ParameterSetName:
      - -n -g --kind --sku -l --yes
      User-Agent:
      - AZURECLI/2.34.1 azsdk-python-mgmt-cognitiveservices/13.1.0 Python/3.7.9 (Windows-10-10.0.22000-SP0)
    method: GET
    uri: https://management.azure.com/subscriptions/00000000-0000-0000-0000-000000000000/providers/Microsoft.CognitiveServices/locations/westus2/operationResults/baea6eed-c9d6-43e0-ba76-fb348e5e84e7?api-version=2017-04-18
  response:
    body:
      string: '{"id":"/subscriptions/00000000-0000-0000-0000-000000000000/providers/Microsoft.CognitiveServices/locations/westus2/operationResults/baea6eed-c9d6-43e0-ba76-fb348e5e84e7","name":"baea6eed-c9d6-43e0-ba76-fb348e5e84e7","status":"Creating","startTime":"2022-03-28T23:29:18Z"}'
    headers:
      cache-control:
      - no-cache
      content-length:
      - '271'
      content-type:
      - application/json; charset=utf-8
      date:
      - Mon, 28 Mar 2022 23:52:23 GMT
      expires:
      - '-1'
      pragma:
      - no-cache
      server:
      - istio-envoy
      strict-transport-security:
      - max-age=31536000; includeSubDomains
      transfer-encoding:
      - chunked
      vary:
      - Accept-Encoding
      x-content-type-options:
      - nosniff
      x-envoy-upstream-service-time:
      - '45'
    status:
      code: 200
      message: OK
- request:
    body: null
    headers:
      Accept:
      - '*/*'
      Accept-Encoding:
      - gzip, deflate
      CommandName:
      - cognitiveservices account create
      Connection:
      - keep-alive
      ParameterSetName:
      - -n -g --kind --sku -l --yes
      User-Agent:
      - AZURECLI/2.34.1 azsdk-python-mgmt-cognitiveservices/13.1.0 Python/3.7.9 (Windows-10-10.0.22000-SP0)
    method: GET
    uri: https://management.azure.com/subscriptions/00000000-0000-0000-0000-000000000000/providers/Microsoft.CognitiveServices/locations/westus2/operationResults/baea6eed-c9d6-43e0-ba76-fb348e5e84e7?api-version=2017-04-18
  response:
    body:
      string: '{"id":"/subscriptions/00000000-0000-0000-0000-000000000000/providers/Microsoft.CognitiveServices/locations/westus2/operationResults/baea6eed-c9d6-43e0-ba76-fb348e5e84e7","name":"baea6eed-c9d6-43e0-ba76-fb348e5e84e7","status":"Creating","startTime":"2022-03-28T23:29:18Z"}'
    headers:
      cache-control:
      - no-cache
      content-length:
      - '271'
      content-type:
      - application/json; charset=utf-8
      date:
      - Mon, 28 Mar 2022 23:52:53 GMT
      expires:
      - '-1'
      pragma:
      - no-cache
      server:
      - istio-envoy
      strict-transport-security:
      - max-age=31536000; includeSubDomains
      transfer-encoding:
      - chunked
      vary:
      - Accept-Encoding
      x-content-type-options:
      - nosniff
      x-envoy-upstream-service-time:
      - '6'
    status:
      code: 200
      message: OK
- request:
    body: null
    headers:
      Accept:
      - '*/*'
      Accept-Encoding:
      - gzip, deflate
      CommandName:
      - cognitiveservices account create
      Connection:
      - keep-alive
      ParameterSetName:
      - -n -g --kind --sku -l --yes
      User-Agent:
      - AZURECLI/2.34.1 azsdk-python-mgmt-cognitiveservices/13.1.0 Python/3.7.9 (Windows-10-10.0.22000-SP0)
    method: GET
    uri: https://management.azure.com/subscriptions/00000000-0000-0000-0000-000000000000/providers/Microsoft.CognitiveServices/locations/westus2/operationResults/baea6eed-c9d6-43e0-ba76-fb348e5e84e7?api-version=2017-04-18
  response:
    body:
      string: '{"id":"/subscriptions/00000000-0000-0000-0000-000000000000/providers/Microsoft.CognitiveServices/locations/westus2/operationResults/baea6eed-c9d6-43e0-ba76-fb348e5e84e7","name":"baea6eed-c9d6-43e0-ba76-fb348e5e84e7","status":"Creating","startTime":"2022-03-28T23:29:18Z"}'
    headers:
      cache-control:
      - no-cache
      content-length:
      - '271'
      content-type:
      - application/json; charset=utf-8
      date:
      - Mon, 28 Mar 2022 23:53:23 GMT
      expires:
      - '-1'
      pragma:
      - no-cache
      server:
      - istio-envoy
      strict-transport-security:
      - max-age=31536000; includeSubDomains
      transfer-encoding:
      - chunked
      vary:
      - Accept-Encoding
      x-content-type-options:
      - nosniff
      x-envoy-upstream-service-time:
      - '41'
    status:
      code: 200
      message: OK
- request:
    body: null
    headers:
      Accept:
      - '*/*'
      Accept-Encoding:
      - gzip, deflate
      CommandName:
      - cognitiveservices account create
      Connection:
      - keep-alive
      ParameterSetName:
      - -n -g --kind --sku -l --yes
      User-Agent:
      - AZURECLI/2.34.1 azsdk-python-mgmt-cognitiveservices/13.1.0 Python/3.7.9 (Windows-10-10.0.22000-SP0)
    method: GET
    uri: https://management.azure.com/subscriptions/00000000-0000-0000-0000-000000000000/providers/Microsoft.CognitiveServices/locations/westus2/operationResults/baea6eed-c9d6-43e0-ba76-fb348e5e84e7?api-version=2017-04-18
  response:
    body:
      string: '{"id":"/subscriptions/00000000-0000-0000-0000-000000000000/providers/Microsoft.CognitiveServices/locations/westus2/operationResults/baea6eed-c9d6-43e0-ba76-fb348e5e84e7","name":"baea6eed-c9d6-43e0-ba76-fb348e5e84e7","status":"Creating","startTime":"2022-03-28T23:29:18Z"}'
    headers:
      cache-control:
      - no-cache
      content-length:
      - '271'
      content-type:
      - application/json; charset=utf-8
      date:
      - Mon, 28 Mar 2022 23:53:53 GMT
      expires:
      - '-1'
      pragma:
      - no-cache
      server:
      - istio-envoy
      strict-transport-security:
      - max-age=31536000; includeSubDomains
      transfer-encoding:
      - chunked
      vary:
      - Accept-Encoding
      x-content-type-options:
      - nosniff
      x-envoy-upstream-service-time:
      - '7'
    status:
      code: 200
      message: OK
- request:
    body: null
    headers:
      Accept:
      - '*/*'
      Accept-Encoding:
      - gzip, deflate
      CommandName:
      - cognitiveservices account create
      Connection:
      - keep-alive
      ParameterSetName:
      - -n -g --kind --sku -l --yes
      User-Agent:
      - AZURECLI/2.34.1 azsdk-python-mgmt-cognitiveservices/13.1.0 Python/3.7.9 (Windows-10-10.0.22000-SP0)
    method: GET
    uri: https://management.azure.com/subscriptions/00000000-0000-0000-0000-000000000000/providers/Microsoft.CognitiveServices/locations/westus2/operationResults/baea6eed-c9d6-43e0-ba76-fb348e5e84e7?api-version=2017-04-18
  response:
    body:
      string: '{"id":"/subscriptions/00000000-0000-0000-0000-000000000000/providers/Microsoft.CognitiveServices/locations/westus2/operationResults/baea6eed-c9d6-43e0-ba76-fb348e5e84e7","name":"baea6eed-c9d6-43e0-ba76-fb348e5e84e7","status":"Creating","startTime":"2022-03-28T23:29:18Z"}'
    headers:
      cache-control:
      - no-cache
      content-length:
      - '271'
      content-type:
      - application/json; charset=utf-8
      date:
      - Mon, 28 Mar 2022 23:54:23 GMT
      expires:
      - '-1'
      pragma:
      - no-cache
      server:
      - istio-envoy
      strict-transport-security:
      - max-age=31536000; includeSubDomains
      transfer-encoding:
      - chunked
      vary:
      - Accept-Encoding
      x-content-type-options:
      - nosniff
      x-envoy-upstream-service-time:
      - '44'
    status:
      code: 200
      message: OK
- request:
    body: null
    headers:
      Accept:
      - '*/*'
      Accept-Encoding:
      - gzip, deflate
      CommandName:
      - cognitiveservices account create
      Connection:
      - keep-alive
      ParameterSetName:
      - -n -g --kind --sku -l --yes
      User-Agent:
      - AZURECLI/2.34.1 azsdk-python-mgmt-cognitiveservices/13.1.0 Python/3.7.9 (Windows-10-10.0.22000-SP0)
    method: GET
    uri: https://management.azure.com/subscriptions/00000000-0000-0000-0000-000000000000/providers/Microsoft.CognitiveServices/locations/westus2/operationResults/baea6eed-c9d6-43e0-ba76-fb348e5e84e7?api-version=2017-04-18
  response:
    body:
      string: '{"id":"/subscriptions/00000000-0000-0000-0000-000000000000/providers/Microsoft.CognitiveServices/locations/westus2/operationResults/baea6eed-c9d6-43e0-ba76-fb348e5e84e7","name":"baea6eed-c9d6-43e0-ba76-fb348e5e84e7","status":"Creating","startTime":"2022-03-28T23:29:18Z"}'
    headers:
      cache-control:
      - no-cache
      content-length:
      - '271'
      content-type:
      - application/json; charset=utf-8
      date:
      - Mon, 28 Mar 2022 23:54:53 GMT
      expires:
      - '-1'
      pragma:
      - no-cache
      server:
      - istio-envoy
      strict-transport-security:
      - max-age=31536000; includeSubDomains
      transfer-encoding:
      - chunked
      vary:
      - Accept-Encoding
      x-content-type-options:
      - nosniff
      x-envoy-upstream-service-time:
      - '6'
    status:
      code: 200
      message: OK
- request:
    body: null
    headers:
      Accept:
      - '*/*'
      Accept-Encoding:
      - gzip, deflate
      CommandName:
      - cognitiveservices account create
      Connection:
      - keep-alive
      ParameterSetName:
      - -n -g --kind --sku -l --yes
      User-Agent:
      - AZURECLI/2.34.1 azsdk-python-mgmt-cognitiveservices/13.1.0 Python/3.7.9 (Windows-10-10.0.22000-SP0)
    method: GET
    uri: https://management.azure.com/subscriptions/00000000-0000-0000-0000-000000000000/providers/Microsoft.CognitiveServices/locations/westus2/operationResults/baea6eed-c9d6-43e0-ba76-fb348e5e84e7?api-version=2017-04-18
  response:
    body:
      string: '{"id":"/subscriptions/00000000-0000-0000-0000-000000000000/providers/Microsoft.CognitiveServices/locations/westus2/operationResults/baea6eed-c9d6-43e0-ba76-fb348e5e84e7","name":"baea6eed-c9d6-43e0-ba76-fb348e5e84e7","status":"Creating","startTime":"2022-03-28T23:29:18Z"}'
    headers:
      cache-control:
      - no-cache
      content-length:
      - '271'
      content-type:
      - application/json; charset=utf-8
      date:
      - Mon, 28 Mar 2022 23:55:24 GMT
      expires:
      - '-1'
      pragma:
      - no-cache
      server:
      - istio-envoy
      strict-transport-security:
      - max-age=31536000; includeSubDomains
      transfer-encoding:
      - chunked
      vary:
      - Accept-Encoding
      x-content-type-options:
      - nosniff
      x-envoy-upstream-service-time:
      - '75'
    status:
      code: 200
      message: OK
- request:
    body: null
    headers:
      Accept:
      - '*/*'
      Accept-Encoding:
      - gzip, deflate
      CommandName:
      - cognitiveservices account create
      Connection:
      - keep-alive
      ParameterSetName:
      - -n -g --kind --sku -l --yes
      User-Agent:
      - AZURECLI/2.34.1 azsdk-python-mgmt-cognitiveservices/13.1.0 Python/3.7.9 (Windows-10-10.0.22000-SP0)
    method: GET
    uri: https://management.azure.com/subscriptions/00000000-0000-0000-0000-000000000000/providers/Microsoft.CognitiveServices/locations/westus2/operationResults/baea6eed-c9d6-43e0-ba76-fb348e5e84e7?api-version=2017-04-18
  response:
    body:
      string: '{"id":"/subscriptions/00000000-0000-0000-0000-000000000000/providers/Microsoft.CognitiveServices/locations/westus2/operationResults/baea6eed-c9d6-43e0-ba76-fb348e5e84e7","name":"baea6eed-c9d6-43e0-ba76-fb348e5e84e7","status":"Creating","startTime":"2022-03-28T23:29:18Z"}'
    headers:
      cache-control:
      - no-cache
      content-length:
      - '271'
      content-type:
      - application/json; charset=utf-8
      date:
      - Mon, 28 Mar 2022 23:55:54 GMT
      expires:
      - '-1'
      pragma:
      - no-cache
      server:
      - istio-envoy
      strict-transport-security:
      - max-age=31536000; includeSubDomains
      transfer-encoding:
      - chunked
      vary:
      - Accept-Encoding
      x-content-type-options:
      - nosniff
      x-envoy-upstream-service-time:
      - '6'
    status:
      code: 200
      message: OK
- request:
    body: null
    headers:
      Accept:
      - '*/*'
      Accept-Encoding:
      - gzip, deflate
      CommandName:
      - cognitiveservices account create
      Connection:
      - keep-alive
      ParameterSetName:
      - -n -g --kind --sku -l --yes
      User-Agent:
      - AZURECLI/2.34.1 azsdk-python-mgmt-cognitiveservices/13.1.0 Python/3.7.9 (Windows-10-10.0.22000-SP0)
    method: GET
    uri: https://management.azure.com/subscriptions/00000000-0000-0000-0000-000000000000/providers/Microsoft.CognitiveServices/locations/westus2/operationResults/baea6eed-c9d6-43e0-ba76-fb348e5e84e7?api-version=2017-04-18
  response:
    body:
      string: '{"id":"/subscriptions/00000000-0000-0000-0000-000000000000/providers/Microsoft.CognitiveServices/locations/westus2/operationResults/baea6eed-c9d6-43e0-ba76-fb348e5e84e7","name":"baea6eed-c9d6-43e0-ba76-fb348e5e84e7","status":"Creating","startTime":"2022-03-28T23:29:18Z"}'
    headers:
      cache-control:
      - no-cache
      content-length:
      - '271'
      content-type:
      - application/json; charset=utf-8
      date:
      - Mon, 28 Mar 2022 23:56:23 GMT
      expires:
      - '-1'
      pragma:
      - no-cache
      server:
      - istio-envoy
      strict-transport-security:
      - max-age=31536000; includeSubDomains
      transfer-encoding:
      - chunked
      vary:
      - Accept-Encoding
      x-content-type-options:
      - nosniff
      x-envoy-upstream-service-time:
      - '6'
    status:
      code: 200
      message: OK
- request:
    body: null
    headers:
      Accept:
      - '*/*'
      Accept-Encoding:
      - gzip, deflate
      CommandName:
      - cognitiveservices account create
      Connection:
      - keep-alive
      ParameterSetName:
      - -n -g --kind --sku -l --yes
      User-Agent:
      - AZURECLI/2.34.1 azsdk-python-mgmt-cognitiveservices/13.1.0 Python/3.7.9 (Windows-10-10.0.22000-SP0)
    method: GET
    uri: https://management.azure.com/subscriptions/00000000-0000-0000-0000-000000000000/providers/Microsoft.CognitiveServices/locations/westus2/operationResults/baea6eed-c9d6-43e0-ba76-fb348e5e84e7?api-version=2017-04-18
  response:
    body:
      string: '{"id":"/subscriptions/00000000-0000-0000-0000-000000000000/providers/Microsoft.CognitiveServices/locations/westus2/operationResults/baea6eed-c9d6-43e0-ba76-fb348e5e84e7","name":"baea6eed-c9d6-43e0-ba76-fb348e5e84e7","status":"Creating","startTime":"2022-03-28T23:29:18Z"}'
    headers:
      cache-control:
      - no-cache
      content-length:
      - '271'
      content-type:
      - application/json; charset=utf-8
      date:
      - Mon, 28 Mar 2022 23:56:53 GMT
      expires:
      - '-1'
      pragma:
      - no-cache
      server:
      - istio-envoy
      strict-transport-security:
      - max-age=31536000; includeSubDomains
      transfer-encoding:
      - chunked
      vary:
      - Accept-Encoding
      x-content-type-options:
      - nosniff
      x-envoy-upstream-service-time:
      - '37'
    status:
      code: 200
      message: OK
- request:
    body: null
    headers:
      Accept:
      - '*/*'
      Accept-Encoding:
      - gzip, deflate
      CommandName:
      - cognitiveservices account create
      Connection:
      - keep-alive
      ParameterSetName:
      - -n -g --kind --sku -l --yes
      User-Agent:
      - AZURECLI/2.34.1 azsdk-python-mgmt-cognitiveservices/13.1.0 Python/3.7.9 (Windows-10-10.0.22000-SP0)
    method: GET
    uri: https://management.azure.com/subscriptions/00000000-0000-0000-0000-000000000000/providers/Microsoft.CognitiveServices/locations/westus2/operationResults/baea6eed-c9d6-43e0-ba76-fb348e5e84e7?api-version=2017-04-18
  response:
    body:
      string: '{"id":"/subscriptions/00000000-0000-0000-0000-000000000000/providers/Microsoft.CognitiveServices/locations/westus2/operationResults/baea6eed-c9d6-43e0-ba76-fb348e5e84e7","name":"baea6eed-c9d6-43e0-ba76-fb348e5e84e7","status":"Creating","startTime":"2022-03-28T23:29:18Z"}'
    headers:
      cache-control:
      - no-cache
      content-length:
      - '271'
      content-type:
      - application/json; charset=utf-8
      date:
      - Mon, 28 Mar 2022 23:57:24 GMT
      expires:
      - '-1'
      pragma:
      - no-cache
      server:
      - istio-envoy
      strict-transport-security:
      - max-age=31536000; includeSubDomains
      transfer-encoding:
      - chunked
      vary:
      - Accept-Encoding
      x-content-type-options:
      - nosniff
      x-envoy-upstream-service-time:
      - '7'
    status:
      code: 200
      message: OK
- request:
    body: null
    headers:
      Accept:
      - '*/*'
      Accept-Encoding:
      - gzip, deflate
      CommandName:
      - cognitiveservices account create
      Connection:
      - keep-alive
      ParameterSetName:
      - -n -g --kind --sku -l --yes
      User-Agent:
      - AZURECLI/2.34.1 azsdk-python-mgmt-cognitiveservices/13.1.0 Python/3.7.9 (Windows-10-10.0.22000-SP0)
    method: GET
    uri: https://management.azure.com/subscriptions/00000000-0000-0000-0000-000000000000/providers/Microsoft.CognitiveServices/locations/westus2/operationResults/baea6eed-c9d6-43e0-ba76-fb348e5e84e7?api-version=2017-04-18
  response:
    body:
      string: '{"id":"/subscriptions/00000000-0000-0000-0000-000000000000/providers/Microsoft.CognitiveServices/locations/westus2/operationResults/baea6eed-c9d6-43e0-ba76-fb348e5e84e7","name":"baea6eed-c9d6-43e0-ba76-fb348e5e84e7","status":"Creating","startTime":"2022-03-28T23:29:18Z"}'
    headers:
      cache-control:
      - no-cache
      content-length:
      - '271'
      content-type:
      - application/json; charset=utf-8
      date:
      - Mon, 28 Mar 2022 23:57:54 GMT
      expires:
      - '-1'
      pragma:
      - no-cache
      server:
      - istio-envoy
      strict-transport-security:
      - max-age=31536000; includeSubDomains
      transfer-encoding:
      - chunked
      vary:
      - Accept-Encoding
      x-content-type-options:
      - nosniff
      x-envoy-upstream-service-time:
      - '44'
    status:
      code: 200
      message: OK
- request:
    body: null
    headers:
      Accept:
      - '*/*'
      Accept-Encoding:
      - gzip, deflate
      CommandName:
      - cognitiveservices account create
      Connection:
      - keep-alive
      ParameterSetName:
      - -n -g --kind --sku -l --yes
      User-Agent:
      - AZURECLI/2.34.1 azsdk-python-mgmt-cognitiveservices/13.1.0 Python/3.7.9 (Windows-10-10.0.22000-SP0)
    method: GET
    uri: https://management.azure.com/subscriptions/00000000-0000-0000-0000-000000000000/providers/Microsoft.CognitiveServices/locations/westus2/operationResults/baea6eed-c9d6-43e0-ba76-fb348e5e84e7?api-version=2017-04-18
  response:
    body:
      string: '{"id":"/subscriptions/00000000-0000-0000-0000-000000000000/providers/Microsoft.CognitiveServices/locations/westus2/operationResults/baea6eed-c9d6-43e0-ba76-fb348e5e84e7","name":"baea6eed-c9d6-43e0-ba76-fb348e5e84e7","status":"Creating","startTime":"2022-03-28T23:29:18Z"}'
    headers:
      cache-control:
      - no-cache
      content-length:
      - '271'
      content-type:
      - application/json; charset=utf-8
      date:
      - Mon, 28 Mar 2022 23:58:24 GMT
      expires:
      - '-1'
      pragma:
      - no-cache
      server:
      - istio-envoy
      strict-transport-security:
      - max-age=31536000; includeSubDomains
      transfer-encoding:
      - chunked
      vary:
      - Accept-Encoding
      x-content-type-options:
      - nosniff
      x-envoy-upstream-service-time:
      - '7'
    status:
      code: 200
      message: OK
- request:
    body: null
    headers:
      Accept:
      - '*/*'
      Accept-Encoding:
      - gzip, deflate
      CommandName:
      - cognitiveservices account create
      Connection:
      - keep-alive
      ParameterSetName:
      - -n -g --kind --sku -l --yes
      User-Agent:
      - AZURECLI/2.34.1 azsdk-python-mgmt-cognitiveservices/13.1.0 Python/3.7.9 (Windows-10-10.0.22000-SP0)
    method: GET
    uri: https://management.azure.com/subscriptions/00000000-0000-0000-0000-000000000000/providers/Microsoft.CognitiveServices/locations/westus2/operationResults/baea6eed-c9d6-43e0-ba76-fb348e5e84e7?api-version=2017-04-18
  response:
    body:
      string: '{"id":"/subscriptions/00000000-0000-0000-0000-000000000000/providers/Microsoft.CognitiveServices/locations/westus2/operationResults/baea6eed-c9d6-43e0-ba76-fb348e5e84e7","name":"baea6eed-c9d6-43e0-ba76-fb348e5e84e7","status":"Creating","startTime":"2022-03-28T23:29:18Z"}'
    headers:
      cache-control:
      - no-cache
      content-length:
      - '271'
      content-type:
      - application/json; charset=utf-8
      date:
      - Mon, 28 Mar 2022 23:58:54 GMT
      expires:
      - '-1'
      pragma:
      - no-cache
      server:
      - istio-envoy
      strict-transport-security:
      - max-age=31536000; includeSubDomains
      transfer-encoding:
      - chunked
      vary:
      - Accept-Encoding
      x-content-type-options:
      - nosniff
      x-envoy-upstream-service-time:
      - '5'
    status:
      code: 200
      message: OK
- request:
    body: null
    headers:
      Accept:
      - '*/*'
      Accept-Encoding:
      - gzip, deflate
      CommandName:
      - cognitiveservices account create
      Connection:
      - keep-alive
      ParameterSetName:
      - -n -g --kind --sku -l --yes
      User-Agent:
      - AZURECLI/2.34.1 azsdk-python-mgmt-cognitiveservices/13.1.0 Python/3.7.9 (Windows-10-10.0.22000-SP0)
    method: GET
    uri: https://management.azure.com/subscriptions/00000000-0000-0000-0000-000000000000/providers/Microsoft.CognitiveServices/locations/westus2/operationResults/baea6eed-c9d6-43e0-ba76-fb348e5e84e7?api-version=2017-04-18
  response:
    body:
      string: '{"id":"/subscriptions/00000000-0000-0000-0000-000000000000/providers/Microsoft.CognitiveServices/locations/westus2/operationResults/baea6eed-c9d6-43e0-ba76-fb348e5e84e7","name":"baea6eed-c9d6-43e0-ba76-fb348e5e84e7","status":"Creating","startTime":"2022-03-28T23:29:18Z"}'
    headers:
      cache-control:
      - no-cache
      content-length:
      - '271'
      content-type:
      - application/json; charset=utf-8
      date:
      - Mon, 28 Mar 2022 23:59:24 GMT
      expires:
      - '-1'
      pragma:
      - no-cache
      server:
      - istio-envoy
      strict-transport-security:
      - max-age=31536000; includeSubDomains
      transfer-encoding:
      - chunked
      vary:
      - Accept-Encoding
      x-content-type-options:
      - nosniff
      x-envoy-upstream-service-time:
      - '81'
    status:
      code: 200
      message: OK
- request:
    body: null
    headers:
      Accept:
      - '*/*'
      Accept-Encoding:
      - gzip, deflate
      CommandName:
      - cognitiveservices account create
      Connection:
      - keep-alive
      ParameterSetName:
      - -n -g --kind --sku -l --yes
      User-Agent:
      - AZURECLI/2.34.1 azsdk-python-mgmt-cognitiveservices/13.1.0 Python/3.7.9 (Windows-10-10.0.22000-SP0)
    method: GET
    uri: https://management.azure.com/subscriptions/00000000-0000-0000-0000-000000000000/providers/Microsoft.CognitiveServices/locations/westus2/operationResults/baea6eed-c9d6-43e0-ba76-fb348e5e84e7?api-version=2017-04-18
  response:
    body:
      string: '{"id":"/subscriptions/00000000-0000-0000-0000-000000000000/providers/Microsoft.CognitiveServices/locations/westus2/operationResults/baea6eed-c9d6-43e0-ba76-fb348e5e84e7","name":"baea6eed-c9d6-43e0-ba76-fb348e5e84e7","status":"Creating","startTime":"2022-03-28T23:29:18Z"}'
    headers:
      cache-control:
      - no-cache
      content-length:
      - '271'
      content-type:
      - application/json; charset=utf-8
      date:
      - Mon, 28 Mar 2022 23:59:54 GMT
      expires:
      - '-1'
      pragma:
      - no-cache
      server:
      - istio-envoy
      strict-transport-security:
      - max-age=31536000; includeSubDomains
      transfer-encoding:
      - chunked
      vary:
      - Accept-Encoding
      x-content-type-options:
      - nosniff
      x-envoy-upstream-service-time:
      - '7'
    status:
      code: 200
      message: OK
- request:
    body: null
    headers:
      Accept:
      - '*/*'
      Accept-Encoding:
      - gzip, deflate
      CommandName:
      - cognitiveservices account create
      Connection:
      - keep-alive
      ParameterSetName:
      - -n -g --kind --sku -l --yes
      User-Agent:
      - AZURECLI/2.34.1 azsdk-python-mgmt-cognitiveservices/13.1.0 Python/3.7.9 (Windows-10-10.0.22000-SP0)
    method: GET
    uri: https://management.azure.com/subscriptions/00000000-0000-0000-0000-000000000000/providers/Microsoft.CognitiveServices/locations/westus2/operationResults/baea6eed-c9d6-43e0-ba76-fb348e5e84e7?api-version=2017-04-18
  response:
    body:
      string: '{"id":"/subscriptions/00000000-0000-0000-0000-000000000000/providers/Microsoft.CognitiveServices/locations/westus2/operationResults/baea6eed-c9d6-43e0-ba76-fb348e5e84e7","name":"baea6eed-c9d6-43e0-ba76-fb348e5e84e7","status":"Creating","startTime":"2022-03-28T23:29:18Z"}'
    headers:
      cache-control:
      - no-cache
      content-length:
      - '271'
      content-type:
      - application/json; charset=utf-8
      date:
      - Tue, 29 Mar 2022 00:00:24 GMT
      expires:
      - '-1'
      pragma:
      - no-cache
      server:
      - istio-envoy
      strict-transport-security:
      - max-age=31536000; includeSubDomains
      transfer-encoding:
      - chunked
      vary:
      - Accept-Encoding
      x-content-type-options:
      - nosniff
      x-envoy-upstream-service-time:
      - '5'
    status:
      code: 200
      message: OK
- request:
    body: null
    headers:
      Accept:
      - '*/*'
      Accept-Encoding:
      - gzip, deflate
      CommandName:
      - cognitiveservices account create
      Connection:
      - keep-alive
      ParameterSetName:
      - -n -g --kind --sku -l --yes
      User-Agent:
      - AZURECLI/2.34.1 azsdk-python-mgmt-cognitiveservices/13.1.0 Python/3.7.9 (Windows-10-10.0.22000-SP0)
    method: GET
    uri: https://management.azure.com/subscriptions/00000000-0000-0000-0000-000000000000/providers/Microsoft.CognitiveServices/locations/westus2/operationResults/baea6eed-c9d6-43e0-ba76-fb348e5e84e7?api-version=2017-04-18
  response:
    body:
      string: '{"id":"/subscriptions/00000000-0000-0000-0000-000000000000/providers/Microsoft.CognitiveServices/locations/westus2/operationResults/baea6eed-c9d6-43e0-ba76-fb348e5e84e7","name":"baea6eed-c9d6-43e0-ba76-fb348e5e84e7","status":"Creating","startTime":"2022-03-28T23:29:18Z"}'
    headers:
      cache-control:
      - no-cache
      content-length:
      - '271'
      content-type:
      - application/json; charset=utf-8
      date:
      - Tue, 29 Mar 2022 00:00:54 GMT
      expires:
      - '-1'
      pragma:
      - no-cache
      server:
      - istio-envoy
      strict-transport-security:
      - max-age=31536000; includeSubDomains
      transfer-encoding:
      - chunked
      vary:
      - Accept-Encoding
      x-content-type-options:
      - nosniff
      x-envoy-upstream-service-time:
      - '7'
    status:
      code: 200
      message: OK
- request:
    body: null
    headers:
      Accept:
      - '*/*'
      Accept-Encoding:
      - gzip, deflate
      CommandName:
      - cognitiveservices account create
      Connection:
      - keep-alive
      ParameterSetName:
      - -n -g --kind --sku -l --yes
      User-Agent:
      - AZURECLI/2.34.1 azsdk-python-mgmt-cognitiveservices/13.1.0 Python/3.7.9 (Windows-10-10.0.22000-SP0)
    method: GET
    uri: https://management.azure.com/subscriptions/00000000-0000-0000-0000-000000000000/providers/Microsoft.CognitiveServices/locations/westus2/operationResults/baea6eed-c9d6-43e0-ba76-fb348e5e84e7?api-version=2017-04-18
  response:
    body:
      string: '{"id":"/subscriptions/00000000-0000-0000-0000-000000000000/providers/Microsoft.CognitiveServices/locations/westus2/operationResults/baea6eed-c9d6-43e0-ba76-fb348e5e84e7","name":"baea6eed-c9d6-43e0-ba76-fb348e5e84e7","status":"Creating","startTime":"2022-03-28T23:29:18Z"}'
    headers:
      cache-control:
      - no-cache
      content-length:
      - '271'
      content-type:
      - application/json; charset=utf-8
      date:
      - Tue, 29 Mar 2022 00:01:25 GMT
      expires:
      - '-1'
      pragma:
      - no-cache
      server:
      - istio-envoy
      strict-transport-security:
      - max-age=31536000; includeSubDomains
      transfer-encoding:
      - chunked
      vary:
      - Accept-Encoding
      x-content-type-options:
      - nosniff
      x-envoy-upstream-service-time:
      - '43'
    status:
      code: 200
      message: OK
- request:
    body: null
    headers:
      Accept:
      - '*/*'
      Accept-Encoding:
      - gzip, deflate
      CommandName:
      - cognitiveservices account create
      Connection:
      - keep-alive
      ParameterSetName:
      - -n -g --kind --sku -l --yes
      User-Agent:
      - AZURECLI/2.34.1 azsdk-python-mgmt-cognitiveservices/13.1.0 Python/3.7.9 (Windows-10-10.0.22000-SP0)
    method: GET
    uri: https://management.azure.com/subscriptions/00000000-0000-0000-0000-000000000000/providers/Microsoft.CognitiveServices/locations/westus2/operationResults/baea6eed-c9d6-43e0-ba76-fb348e5e84e7?api-version=2017-04-18
  response:
    body:
      string: '{"id":"/subscriptions/00000000-0000-0000-0000-000000000000/providers/Microsoft.CognitiveServices/locations/westus2/operationResults/baea6eed-c9d6-43e0-ba76-fb348e5e84e7","name":"baea6eed-c9d6-43e0-ba76-fb348e5e84e7","status":"Creating","startTime":"2022-03-28T23:29:18Z"}'
    headers:
      cache-control:
      - no-cache
      content-length:
      - '271'
      content-type:
      - application/json; charset=utf-8
      date:
      - Tue, 29 Mar 2022 00:01:55 GMT
      expires:
      - '-1'
      pragma:
      - no-cache
      server:
      - istio-envoy
      strict-transport-security:
      - max-age=31536000; includeSubDomains
      transfer-encoding:
      - chunked
      vary:
      - Accept-Encoding
      x-content-type-options:
      - nosniff
      x-envoy-upstream-service-time:
      - '6'
    status:
      code: 200
      message: OK
- request:
    body: null
    headers:
      Accept:
      - '*/*'
      Accept-Encoding:
      - gzip, deflate
      CommandName:
      - cognitiveservices account create
      Connection:
      - keep-alive
      ParameterSetName:
      - -n -g --kind --sku -l --yes
      User-Agent:
      - AZURECLI/2.34.1 azsdk-python-mgmt-cognitiveservices/13.1.0 Python/3.7.9 (Windows-10-10.0.22000-SP0)
    method: GET
    uri: https://management.azure.com/subscriptions/00000000-0000-0000-0000-000000000000/providers/Microsoft.CognitiveServices/locations/westus2/operationResults/baea6eed-c9d6-43e0-ba76-fb348e5e84e7?api-version=2017-04-18
  response:
    body:
      string: '{"id":"/subscriptions/00000000-0000-0000-0000-000000000000/providers/Microsoft.CognitiveServices/locations/westus2/operationResults/baea6eed-c9d6-43e0-ba76-fb348e5e84e7","name":"baea6eed-c9d6-43e0-ba76-fb348e5e84e7","status":"Creating","startTime":"2022-03-28T23:29:18Z"}'
    headers:
      cache-control:
      - no-cache
      content-length:
      - '271'
      content-type:
      - application/json; charset=utf-8
      date:
      - Tue, 29 Mar 2022 00:02:24 GMT
      expires:
      - '-1'
      pragma:
      - no-cache
      server:
      - istio-envoy
      strict-transport-security:
      - max-age=31536000; includeSubDomains
      transfer-encoding:
      - chunked
      vary:
      - Accept-Encoding
      x-content-type-options:
      - nosniff
      x-envoy-upstream-service-time:
      - '41'
    status:
      code: 200
      message: OK
- request:
    body: null
    headers:
      Accept:
      - '*/*'
      Accept-Encoding:
      - gzip, deflate
      CommandName:
      - cognitiveservices account create
      Connection:
      - keep-alive
      ParameterSetName:
      - -n -g --kind --sku -l --yes
      User-Agent:
      - AZURECLI/2.34.1 azsdk-python-mgmt-cognitiveservices/13.1.0 Python/3.7.9 (Windows-10-10.0.22000-SP0)
    method: GET
    uri: https://management.azure.com/subscriptions/00000000-0000-0000-0000-000000000000/providers/Microsoft.CognitiveServices/locations/westus2/operationResults/baea6eed-c9d6-43e0-ba76-fb348e5e84e7?api-version=2017-04-18
  response:
    body:
      string: '{"id":"/subscriptions/00000000-0000-0000-0000-000000000000/providers/Microsoft.CognitiveServices/locations/westus2/operationResults/baea6eed-c9d6-43e0-ba76-fb348e5e84e7","name":"baea6eed-c9d6-43e0-ba76-fb348e5e84e7","status":"Creating","startTime":"2022-03-28T23:29:18Z"}'
    headers:
      cache-control:
      - no-cache
      content-length:
      - '271'
      content-type:
      - application/json; charset=utf-8
      date:
      - Tue, 29 Mar 2022 00:02:55 GMT
      expires:
      - '-1'
      pragma:
      - no-cache
      server:
      - istio-envoy
      strict-transport-security:
      - max-age=31536000; includeSubDomains
      transfer-encoding:
      - chunked
      vary:
      - Accept-Encoding
      x-content-type-options:
      - nosniff
      x-envoy-upstream-service-time:
      - '6'
    status:
      code: 200
      message: OK
- request:
    body: null
    headers:
      Accept:
      - '*/*'
      Accept-Encoding:
      - gzip, deflate
      CommandName:
      - cognitiveservices account create
      Connection:
      - keep-alive
      ParameterSetName:
      - -n -g --kind --sku -l --yes
      User-Agent:
      - AZURECLI/2.34.1 azsdk-python-mgmt-cognitiveservices/13.1.0 Python/3.7.9 (Windows-10-10.0.22000-SP0)
    method: GET
    uri: https://management.azure.com/subscriptions/00000000-0000-0000-0000-000000000000/providers/Microsoft.CognitiveServices/locations/westus2/operationResults/baea6eed-c9d6-43e0-ba76-fb348e5e84e7?api-version=2017-04-18
  response:
    body:
      string: '{"id":"/subscriptions/00000000-0000-0000-0000-000000000000/providers/Microsoft.CognitiveServices/locations/westus2/operationResults/baea6eed-c9d6-43e0-ba76-fb348e5e84e7","name":"baea6eed-c9d6-43e0-ba76-fb348e5e84e7","status":"Creating","startTime":"2022-03-28T23:29:18Z"}'
    headers:
      cache-control:
      - no-cache
      content-length:
      - '271'
      content-type:
      - application/json; charset=utf-8
      date:
      - Tue, 29 Mar 2022 00:03:25 GMT
      expires:
      - '-1'
      pragma:
      - no-cache
      server:
      - istio-envoy
      strict-transport-security:
      - max-age=31536000; includeSubDomains
      transfer-encoding:
      - chunked
      vary:
      - Accept-Encoding
      x-content-type-options:
      - nosniff
      x-envoy-upstream-service-time:
      - '41'
    status:
      code: 200
      message: OK
- request:
    body: null
    headers:
      Accept:
      - '*/*'
      Accept-Encoding:
      - gzip, deflate
      CommandName:
      - cognitiveservices account create
      Connection:
      - keep-alive
      ParameterSetName:
      - -n -g --kind --sku -l --yes
      User-Agent:
      - AZURECLI/2.34.1 azsdk-python-mgmt-cognitiveservices/13.1.0 Python/3.7.9 (Windows-10-10.0.22000-SP0)
    method: GET
    uri: https://management.azure.com/subscriptions/00000000-0000-0000-0000-000000000000/providers/Microsoft.CognitiveServices/locations/westus2/operationResults/baea6eed-c9d6-43e0-ba76-fb348e5e84e7?api-version=2017-04-18
  response:
    body:
      string: '{"id":"/subscriptions/00000000-0000-0000-0000-000000000000/providers/Microsoft.CognitiveServices/locations/westus2/operationResults/baea6eed-c9d6-43e0-ba76-fb348e5e84e7","name":"baea6eed-c9d6-43e0-ba76-fb348e5e84e7","status":"Creating","startTime":"2022-03-28T23:29:18Z"}'
    headers:
      cache-control:
      - no-cache
      content-length:
      - '271'
      content-type:
      - application/json; charset=utf-8
      date:
      - Tue, 29 Mar 2022 00:03:55 GMT
      expires:
      - '-1'
      pragma:
      - no-cache
      server:
      - istio-envoy
      strict-transport-security:
      - max-age=31536000; includeSubDomains
      transfer-encoding:
      - chunked
      vary:
      - Accept-Encoding
      x-content-type-options:
      - nosniff
      x-envoy-upstream-service-time:
      - '8'
    status:
      code: 200
      message: OK
- request:
    body: null
    headers:
      Accept:
      - '*/*'
      Accept-Encoding:
      - gzip, deflate
      CommandName:
      - cognitiveservices account create
      Connection:
      - keep-alive
      ParameterSetName:
      - -n -g --kind --sku -l --yes
      User-Agent:
      - AZURECLI/2.34.1 azsdk-python-mgmt-cognitiveservices/13.1.0 Python/3.7.9 (Windows-10-10.0.22000-SP0)
    method: GET
    uri: https://management.azure.com/subscriptions/00000000-0000-0000-0000-000000000000/providers/Microsoft.CognitiveServices/locations/westus2/operationResults/baea6eed-c9d6-43e0-ba76-fb348e5e84e7?api-version=2017-04-18
  response:
    body:
      string: '{"id":"/subscriptions/00000000-0000-0000-0000-000000000000/providers/Microsoft.CognitiveServices/locations/westus2/operationResults/baea6eed-c9d6-43e0-ba76-fb348e5e84e7","name":"baea6eed-c9d6-43e0-ba76-fb348e5e84e7","status":"Creating","startTime":"2022-03-28T23:29:18Z"}'
    headers:
      cache-control:
      - no-cache
      content-length:
      - '271'
      content-type:
      - application/json; charset=utf-8
      date:
      - Tue, 29 Mar 2022 00:04:25 GMT
      expires:
      - '-1'
      pragma:
      - no-cache
      server:
      - istio-envoy
      strict-transport-security:
      - max-age=31536000; includeSubDomains
      transfer-encoding:
      - chunked
      vary:
      - Accept-Encoding
      x-content-type-options:
      - nosniff
      x-envoy-upstream-service-time:
      - '7'
    status:
      code: 200
      message: OK
- request:
    body: null
    headers:
      Accept:
      - '*/*'
      Accept-Encoding:
      - gzip, deflate
      CommandName:
      - cognitiveservices account create
      Connection:
      - keep-alive
      ParameterSetName:
      - -n -g --kind --sku -l --yes
      User-Agent:
      - AZURECLI/2.34.1 azsdk-python-mgmt-cognitiveservices/13.1.0 Python/3.7.9 (Windows-10-10.0.22000-SP0)
    method: GET
    uri: https://management.azure.com/subscriptions/00000000-0000-0000-0000-000000000000/providers/Microsoft.CognitiveServices/locations/westus2/operationResults/baea6eed-c9d6-43e0-ba76-fb348e5e84e7?api-version=2017-04-18
  response:
    body:
      string: '{"id":"/subscriptions/00000000-0000-0000-0000-000000000000/providers/Microsoft.CognitiveServices/locations/westus2/operationResults/baea6eed-c9d6-43e0-ba76-fb348e5e84e7","name":"baea6eed-c9d6-43e0-ba76-fb348e5e84e7","status":"Creating","startTime":"2022-03-28T23:29:18Z"}'
    headers:
      cache-control:
      - no-cache
      content-length:
      - '271'
      content-type:
      - application/json; charset=utf-8
      date:
      - Tue, 29 Mar 2022 00:04:55 GMT
      expires:
      - '-1'
      pragma:
      - no-cache
      server:
      - istio-envoy
      strict-transport-security:
      - max-age=31536000; includeSubDomains
      transfer-encoding:
      - chunked
      vary:
      - Accept-Encoding
      x-content-type-options:
      - nosniff
      x-envoy-upstream-service-time:
      - '6'
    status:
      code: 200
      message: OK
- request:
    body: null
    headers:
      Accept:
      - '*/*'
      Accept-Encoding:
      - gzip, deflate
      CommandName:
      - cognitiveservices account create
      Connection:
      - keep-alive
      ParameterSetName:
      - -n -g --kind --sku -l --yes
      User-Agent:
      - AZURECLI/2.34.1 azsdk-python-mgmt-cognitiveservices/13.1.0 Python/3.7.9 (Windows-10-10.0.22000-SP0)
    method: GET
    uri: https://management.azure.com/subscriptions/00000000-0000-0000-0000-000000000000/providers/Microsoft.CognitiveServices/locations/westus2/operationResults/baea6eed-c9d6-43e0-ba76-fb348e5e84e7?api-version=2017-04-18
  response:
    body:
      string: '{"id":"/subscriptions/00000000-0000-0000-0000-000000000000/providers/Microsoft.CognitiveServices/locations/westus2/operationResults/baea6eed-c9d6-43e0-ba76-fb348e5e84e7","name":"baea6eed-c9d6-43e0-ba76-fb348e5e84e7","status":"Creating","startTime":"2022-03-28T23:29:18Z"}'
    headers:
      cache-control:
      - no-cache
      content-length:
      - '271'
      content-type:
      - application/json; charset=utf-8
      date:
      - Tue, 29 Mar 2022 00:05:25 GMT
      expires:
      - '-1'
      pragma:
      - no-cache
      server:
      - istio-envoy
      strict-transport-security:
      - max-age=31536000; includeSubDomains
      transfer-encoding:
      - chunked
      vary:
      - Accept-Encoding
      x-content-type-options:
      - nosniff
      x-envoy-upstream-service-time:
      - '6'
    status:
      code: 200
      message: OK
- request:
    body: null
    headers:
      Accept:
      - '*/*'
      Accept-Encoding:
      - gzip, deflate
      CommandName:
      - cognitiveservices account create
      Connection:
      - keep-alive
      ParameterSetName:
      - -n -g --kind --sku -l --yes
      User-Agent:
      - AZURECLI/2.34.1 azsdk-python-mgmt-cognitiveservices/13.1.0 Python/3.7.9 (Windows-10-10.0.22000-SP0)
    method: GET
    uri: https://management.azure.com/subscriptions/00000000-0000-0000-0000-000000000000/providers/Microsoft.CognitiveServices/locations/westus2/operationResults/baea6eed-c9d6-43e0-ba76-fb348e5e84e7?api-version=2017-04-18
  response:
    body:
      string: '{"id":"/subscriptions/00000000-0000-0000-0000-000000000000/providers/Microsoft.CognitiveServices/locations/westus2/operationResults/baea6eed-c9d6-43e0-ba76-fb348e5e84e7","name":"baea6eed-c9d6-43e0-ba76-fb348e5e84e7","status":"Creating","startTime":"2022-03-28T23:29:18Z"}'
    headers:
      cache-control:
      - no-cache
      content-length:
      - '271'
      content-type:
      - application/json; charset=utf-8
      date:
      - Tue, 29 Mar 2022 00:05:55 GMT
      expires:
      - '-1'
      pragma:
      - no-cache
      server:
      - istio-envoy
      strict-transport-security:
      - max-age=31536000; includeSubDomains
      transfer-encoding:
      - chunked
      vary:
      - Accept-Encoding
      x-content-type-options:
      - nosniff
      x-envoy-upstream-service-time:
      - '6'
    status:
      code: 200
      message: OK
- request:
    body: null
    headers:
      Accept:
      - '*/*'
      Accept-Encoding:
      - gzip, deflate
      CommandName:
      - cognitiveservices account create
      Connection:
      - keep-alive
      ParameterSetName:
      - -n -g --kind --sku -l --yes
      User-Agent:
      - AZURECLI/2.34.1 azsdk-python-mgmt-cognitiveservices/13.1.0 Python/3.7.9 (Windows-10-10.0.22000-SP0)
    method: GET
    uri: https://management.azure.com/subscriptions/00000000-0000-0000-0000-000000000000/providers/Microsoft.CognitiveServices/locations/westus2/operationResults/baea6eed-c9d6-43e0-ba76-fb348e5e84e7?api-version=2017-04-18
  response:
    body:
      string: '{"id":"/subscriptions/00000000-0000-0000-0000-000000000000/providers/Microsoft.CognitiveServices/locations/westus2/operationResults/baea6eed-c9d6-43e0-ba76-fb348e5e84e7","name":"baea6eed-c9d6-43e0-ba76-fb348e5e84e7","status":"Creating","startTime":"2022-03-28T23:29:18Z"}'
    headers:
      cache-control:
      - no-cache
      content-length:
      - '271'
      content-type:
      - application/json; charset=utf-8
      date:
      - Tue, 29 Mar 2022 00:06:25 GMT
      expires:
      - '-1'
      pragma:
      - no-cache
      server:
      - istio-envoy
      strict-transport-security:
      - max-age=31536000; includeSubDomains
      transfer-encoding:
      - chunked
      vary:
      - Accept-Encoding
      x-content-type-options:
      - nosniff
      x-envoy-upstream-service-time:
      - '6'
    status:
      code: 200
      message: OK
- request:
    body: null
    headers:
      Accept:
      - '*/*'
      Accept-Encoding:
      - gzip, deflate
      CommandName:
      - cognitiveservices account create
      Connection:
      - keep-alive
      ParameterSetName:
      - -n -g --kind --sku -l --yes
      User-Agent:
      - AZURECLI/2.34.1 azsdk-python-mgmt-cognitiveservices/13.1.0 Python/3.7.9 (Windows-10-10.0.22000-SP0)
    method: GET
    uri: https://management.azure.com/subscriptions/00000000-0000-0000-0000-000000000000/providers/Microsoft.CognitiveServices/locations/westus2/operationResults/baea6eed-c9d6-43e0-ba76-fb348e5e84e7?api-version=2017-04-18
  response:
    body:
      string: '{"id":"/subscriptions/00000000-0000-0000-0000-000000000000/providers/Microsoft.CognitiveServices/locations/westus2/operationResults/baea6eed-c9d6-43e0-ba76-fb348e5e84e7","name":"baea6eed-c9d6-43e0-ba76-fb348e5e84e7","status":"Creating","startTime":"2022-03-28T23:29:18Z"}'
    headers:
      cache-control:
      - no-cache
      content-length:
      - '271'
      content-type:
      - application/json; charset=utf-8
      date:
      - Tue, 29 Mar 2022 00:06:55 GMT
      expires:
      - '-1'
      pragma:
      - no-cache
      server:
      - istio-envoy
      strict-transport-security:
      - max-age=31536000; includeSubDomains
      transfer-encoding:
      - chunked
      vary:
      - Accept-Encoding
      x-content-type-options:
      - nosniff
      x-envoy-upstream-service-time:
      - '5'
    status:
      code: 200
      message: OK
- request:
    body: null
    headers:
      Accept:
      - '*/*'
      Accept-Encoding:
      - gzip, deflate
      CommandName:
      - cognitiveservices account create
      Connection:
      - keep-alive
      ParameterSetName:
      - -n -g --kind --sku -l --yes
      User-Agent:
      - AZURECLI/2.34.1 azsdk-python-mgmt-cognitiveservices/13.1.0 Python/3.7.9 (Windows-10-10.0.22000-SP0)
    method: GET
    uri: https://management.azure.com/subscriptions/00000000-0000-0000-0000-000000000000/providers/Microsoft.CognitiveServices/locations/westus2/operationResults/baea6eed-c9d6-43e0-ba76-fb348e5e84e7?api-version=2017-04-18
  response:
    body:
      string: '{"id":"/subscriptions/00000000-0000-0000-0000-000000000000/providers/Microsoft.CognitiveServices/locations/westus2/operationResults/baea6eed-c9d6-43e0-ba76-fb348e5e84e7","name":"baea6eed-c9d6-43e0-ba76-fb348e5e84e7","status":"Creating","startTime":"2022-03-28T23:29:18Z"}'
    headers:
      cache-control:
      - no-cache
      content-length:
      - '271'
      content-type:
      - application/json; charset=utf-8
      date:
      - Tue, 29 Mar 2022 00:07:25 GMT
      expires:
      - '-1'
      pragma:
      - no-cache
      server:
      - istio-envoy
      strict-transport-security:
      - max-age=31536000; includeSubDomains
      transfer-encoding:
      - chunked
      vary:
      - Accept-Encoding
      x-content-type-options:
      - nosniff
      x-envoy-upstream-service-time:
      - '6'
    status:
      code: 200
      message: OK
- request:
    body: null
    headers:
      Accept:
      - '*/*'
      Accept-Encoding:
      - gzip, deflate
      CommandName:
      - cognitiveservices account create
      Connection:
      - keep-alive
      ParameterSetName:
      - -n -g --kind --sku -l --yes
      User-Agent:
      - AZURECLI/2.34.1 azsdk-python-mgmt-cognitiveservices/13.1.0 Python/3.7.9 (Windows-10-10.0.22000-SP0)
    method: GET
    uri: https://management.azure.com/subscriptions/00000000-0000-0000-0000-000000000000/providers/Microsoft.CognitiveServices/locations/westus2/operationResults/baea6eed-c9d6-43e0-ba76-fb348e5e84e7?api-version=2017-04-18
  response:
    body:
      string: '{"id":"/subscriptions/00000000-0000-0000-0000-000000000000/providers/Microsoft.CognitiveServices/locations/westus2/operationResults/baea6eed-c9d6-43e0-ba76-fb348e5e84e7","name":"baea6eed-c9d6-43e0-ba76-fb348e5e84e7","status":"Creating","startTime":"2022-03-28T23:29:18Z"}'
    headers:
      cache-control:
      - no-cache
      content-length:
      - '271'
      content-type:
      - application/json; charset=utf-8
      date:
      - Tue, 29 Mar 2022 00:07:55 GMT
      expires:
      - '-1'
      pragma:
      - no-cache
      server:
      - istio-envoy
      strict-transport-security:
      - max-age=31536000; includeSubDomains
      transfer-encoding:
      - chunked
      vary:
      - Accept-Encoding
      x-content-type-options:
      - nosniff
      x-envoy-upstream-service-time:
      - '49'
    status:
      code: 200
      message: OK
- request:
    body: null
    headers:
      Accept:
      - '*/*'
      Accept-Encoding:
      - gzip, deflate
      CommandName:
      - cognitiveservices account create
      Connection:
      - keep-alive
      ParameterSetName:
      - -n -g --kind --sku -l --yes
      User-Agent:
      - AZURECLI/2.34.1 azsdk-python-mgmt-cognitiveservices/13.1.0 Python/3.7.9 (Windows-10-10.0.22000-SP0)
    method: GET
    uri: https://management.azure.com/subscriptions/00000000-0000-0000-0000-000000000000/providers/Microsoft.CognitiveServices/locations/westus2/operationResults/baea6eed-c9d6-43e0-ba76-fb348e5e84e7?api-version=2017-04-18
  response:
    body:
      string: '{"id":"/subscriptions/00000000-0000-0000-0000-000000000000/providers/Microsoft.CognitiveServices/locations/westus2/operationResults/baea6eed-c9d6-43e0-ba76-fb348e5e84e7","name":"baea6eed-c9d6-43e0-ba76-fb348e5e84e7","status":"Creating","startTime":"2022-03-28T23:29:18Z"}'
    headers:
      cache-control:
      - no-cache
      content-length:
      - '271'
      content-type:
      - application/json; charset=utf-8
      date:
      - Tue, 29 Mar 2022 00:08:25 GMT
      expires:
      - '-1'
      pragma:
      - no-cache
      server:
      - istio-envoy
      strict-transport-security:
      - max-age=31536000; includeSubDomains
      transfer-encoding:
      - chunked
      vary:
      - Accept-Encoding
      x-content-type-options:
      - nosniff
      x-envoy-upstream-service-time:
      - '50'
    status:
      code: 200
      message: OK
- request:
    body: null
    headers:
      Accept:
      - '*/*'
      Accept-Encoding:
      - gzip, deflate
      CommandName:
      - cognitiveservices account create
      Connection:
      - keep-alive
      ParameterSetName:
      - -n -g --kind --sku -l --yes
      User-Agent:
      - AZURECLI/2.34.1 azsdk-python-mgmt-cognitiveservices/13.1.0 Python/3.7.9 (Windows-10-10.0.22000-SP0)
    method: GET
    uri: https://management.azure.com/subscriptions/00000000-0000-0000-0000-000000000000/providers/Microsoft.CognitiveServices/locations/westus2/operationResults/baea6eed-c9d6-43e0-ba76-fb348e5e84e7?api-version=2017-04-18
  response:
    body:
      string: '{"id":"/subscriptions/00000000-0000-0000-0000-000000000000/providers/Microsoft.CognitiveServices/locations/westus2/operationResults/baea6eed-c9d6-43e0-ba76-fb348e5e84e7","name":"baea6eed-c9d6-43e0-ba76-fb348e5e84e7","status":"Creating","startTime":"2022-03-28T23:29:18Z"}'
    headers:
      cache-control:
      - no-cache
      content-length:
      - '271'
      content-type:
      - application/json; charset=utf-8
      date:
      - Tue, 29 Mar 2022 00:08:56 GMT
      expires:
      - '-1'
      pragma:
      - no-cache
      server:
      - istio-envoy
      strict-transport-security:
      - max-age=31536000; includeSubDomains
      transfer-encoding:
      - chunked
      vary:
      - Accept-Encoding
      x-content-type-options:
      - nosniff
      x-envoy-upstream-service-time:
      - '69'
    status:
      code: 200
      message: OK
- request:
    body: null
    headers:
      Accept:
      - '*/*'
      Accept-Encoding:
      - gzip, deflate
      CommandName:
      - cognitiveservices account create
      Connection:
      - keep-alive
      ParameterSetName:
      - -n -g --kind --sku -l --yes
      User-Agent:
      - AZURECLI/2.34.1 azsdk-python-mgmt-cognitiveservices/13.1.0 Python/3.7.9 (Windows-10-10.0.22000-SP0)
    method: GET
    uri: https://management.azure.com/subscriptions/00000000-0000-0000-0000-000000000000/providers/Microsoft.CognitiveServices/locations/westus2/operationResults/baea6eed-c9d6-43e0-ba76-fb348e5e84e7?api-version=2017-04-18
  response:
    body:
      string: '{"id":"/subscriptions/00000000-0000-0000-0000-000000000000/providers/Microsoft.CognitiveServices/locations/westus2/operationResults/baea6eed-c9d6-43e0-ba76-fb348e5e84e7","name":"baea6eed-c9d6-43e0-ba76-fb348e5e84e7","status":"Creating","startTime":"2022-03-28T23:29:18Z"}'
    headers:
      cache-control:
      - no-cache
      content-length:
      - '271'
      content-type:
      - application/json; charset=utf-8
      date:
      - Tue, 29 Mar 2022 00:09:26 GMT
      expires:
      - '-1'
      pragma:
      - no-cache
      server:
      - istio-envoy
      strict-transport-security:
      - max-age=31536000; includeSubDomains
      transfer-encoding:
      - chunked
      vary:
      - Accept-Encoding
      x-content-type-options:
      - nosniff
      x-envoy-upstream-service-time:
      - '7'
    status:
      code: 200
      message: OK
- request:
    body: null
    headers:
      Accept:
      - '*/*'
      Accept-Encoding:
      - gzip, deflate
      CommandName:
      - cognitiveservices account create
      Connection:
      - keep-alive
      ParameterSetName:
      - -n -g --kind --sku -l --yes
      User-Agent:
      - AZURECLI/2.34.1 azsdk-python-mgmt-cognitiveservices/13.1.0 Python/3.7.9 (Windows-10-10.0.22000-SP0)
    method: GET
    uri: https://management.azure.com/subscriptions/00000000-0000-0000-0000-000000000000/providers/Microsoft.CognitiveServices/locations/westus2/operationResults/baea6eed-c9d6-43e0-ba76-fb348e5e84e7?api-version=2017-04-18
  response:
    body:
      string: '{"id":"/subscriptions/00000000-0000-0000-0000-000000000000/providers/Microsoft.CognitiveServices/locations/westus2/operationResults/baea6eed-c9d6-43e0-ba76-fb348e5e84e7","name":"baea6eed-c9d6-43e0-ba76-fb348e5e84e7","status":"Creating","startTime":"2022-03-28T23:29:18Z"}'
    headers:
      cache-control:
      - no-cache
      content-length:
      - '271'
      content-type:
      - application/json; charset=utf-8
      date:
      - Tue, 29 Mar 2022 00:09:56 GMT
      expires:
      - '-1'
      pragma:
      - no-cache
      server:
      - istio-envoy
      strict-transport-security:
      - max-age=31536000; includeSubDomains
      transfer-encoding:
      - chunked
      vary:
      - Accept-Encoding
      x-content-type-options:
      - nosniff
      x-envoy-upstream-service-time:
      - '7'
    status:
      code: 200
      message: OK
- request:
    body: null
    headers:
      Accept:
      - '*/*'
      Accept-Encoding:
      - gzip, deflate
      CommandName:
      - cognitiveservices account create
      Connection:
      - keep-alive
      ParameterSetName:
      - -n -g --kind --sku -l --yes
      User-Agent:
      - AZURECLI/2.34.1 azsdk-python-mgmt-cognitiveservices/13.1.0 Python/3.7.9 (Windows-10-10.0.22000-SP0)
    method: GET
    uri: https://management.azure.com/subscriptions/00000000-0000-0000-0000-000000000000/providers/Microsoft.CognitiveServices/locations/westus2/operationResults/baea6eed-c9d6-43e0-ba76-fb348e5e84e7?api-version=2017-04-18
  response:
    body:
      string: '{"id":"/subscriptions/00000000-0000-0000-0000-000000000000/providers/Microsoft.CognitiveServices/locations/westus2/operationResults/baea6eed-c9d6-43e0-ba76-fb348e5e84e7","name":"baea6eed-c9d6-43e0-ba76-fb348e5e84e7","status":"Creating","startTime":"2022-03-28T23:29:18Z"}'
    headers:
      cache-control:
      - no-cache
      content-length:
      - '271'
      content-type:
      - application/json; charset=utf-8
      date:
      - Tue, 29 Mar 2022 00:10:25 GMT
      expires:
      - '-1'
      pragma:
      - no-cache
      server:
      - istio-envoy
      strict-transport-security:
      - max-age=31536000; includeSubDomains
      transfer-encoding:
      - chunked
      vary:
      - Accept-Encoding
      x-content-type-options:
      - nosniff
      x-envoy-upstream-service-time:
      - '6'
    status:
      code: 200
      message: OK
- request:
    body: null
    headers:
      Accept:
      - '*/*'
      Accept-Encoding:
      - gzip, deflate
      CommandName:
      - cognitiveservices account create
      Connection:
      - keep-alive
      ParameterSetName:
      - -n -g --kind --sku -l --yes
      User-Agent:
      - AZURECLI/2.34.1 azsdk-python-mgmt-cognitiveservices/13.1.0 Python/3.7.9 (Windows-10-10.0.22000-SP0)
    method: GET
    uri: https://management.azure.com/subscriptions/00000000-0000-0000-0000-000000000000/providers/Microsoft.CognitiveServices/locations/westus2/operationResults/baea6eed-c9d6-43e0-ba76-fb348e5e84e7?api-version=2017-04-18
  response:
    body:
      string: '{"id":"/subscriptions/00000000-0000-0000-0000-000000000000/providers/Microsoft.CognitiveServices/locations/westus2/operationResults/baea6eed-c9d6-43e0-ba76-fb348e5e84e7","name":"baea6eed-c9d6-43e0-ba76-fb348e5e84e7","status":"Creating","startTime":"2022-03-28T23:29:18Z"}'
    headers:
      cache-control:
      - no-cache
      content-length:
      - '271'
      content-type:
      - application/json; charset=utf-8
      date:
      - Tue, 29 Mar 2022 00:10:55 GMT
      expires:
      - '-1'
      pragma:
      - no-cache
      server:
      - istio-envoy
      strict-transport-security:
      - max-age=31536000; includeSubDomains
      transfer-encoding:
      - chunked
      vary:
      - Accept-Encoding
      x-content-type-options:
      - nosniff
      x-envoy-upstream-service-time:
      - '78'
    status:
      code: 200
      message: OK
- request:
    body: null
    headers:
      Accept:
      - '*/*'
      Accept-Encoding:
      - gzip, deflate
      CommandName:
      - cognitiveservices account create
      Connection:
      - keep-alive
      ParameterSetName:
      - -n -g --kind --sku -l --yes
      User-Agent:
      - AZURECLI/2.34.1 azsdk-python-mgmt-cognitiveservices/13.1.0 Python/3.7.9 (Windows-10-10.0.22000-SP0)
    method: GET
    uri: https://management.azure.com/subscriptions/00000000-0000-0000-0000-000000000000/providers/Microsoft.CognitiveServices/locations/westus2/operationResults/baea6eed-c9d6-43e0-ba76-fb348e5e84e7?api-version=2017-04-18
  response:
    body:
      string: '{"id":"/subscriptions/00000000-0000-0000-0000-000000000000/providers/Microsoft.CognitiveServices/locations/westus2/operationResults/baea6eed-c9d6-43e0-ba76-fb348e5e84e7","name":"baea6eed-c9d6-43e0-ba76-fb348e5e84e7","status":"Creating","startTime":"2022-03-28T23:29:18Z"}'
    headers:
      cache-control:
      - no-cache
      content-length:
      - '271'
      content-type:
      - application/json; charset=utf-8
      date:
      - Tue, 29 Mar 2022 00:11:26 GMT
      expires:
      - '-1'
      pragma:
      - no-cache
      server:
      - istio-envoy
      strict-transport-security:
      - max-age=31536000; includeSubDomains
      transfer-encoding:
      - chunked
      vary:
      - Accept-Encoding
      x-content-type-options:
      - nosniff
      x-envoy-upstream-service-time:
      - '6'
    status:
      code: 200
      message: OK
- request:
    body: null
    headers:
      Accept:
      - '*/*'
      Accept-Encoding:
      - gzip, deflate
      CommandName:
      - cognitiveservices account create
      Connection:
      - keep-alive
      ParameterSetName:
      - -n -g --kind --sku -l --yes
      User-Agent:
      - AZURECLI/2.34.1 azsdk-python-mgmt-cognitiveservices/13.1.0 Python/3.7.9 (Windows-10-10.0.22000-SP0)
    method: GET
    uri: https://management.azure.com/subscriptions/00000000-0000-0000-0000-000000000000/providers/Microsoft.CognitiveServices/locations/westus2/operationResults/baea6eed-c9d6-43e0-ba76-fb348e5e84e7?api-version=2017-04-18
  response:
    body:
      string: '{"id":"/subscriptions/00000000-0000-0000-0000-000000000000/providers/Microsoft.CognitiveServices/locations/westus2/operationResults/baea6eed-c9d6-43e0-ba76-fb348e5e84e7","name":"baea6eed-c9d6-43e0-ba76-fb348e5e84e7","status":"Creating","startTime":"2022-03-28T23:29:18Z"}'
    headers:
      cache-control:
      - no-cache
      content-length:
      - '271'
      content-type:
      - application/json; charset=utf-8
      date:
      - Tue, 29 Mar 2022 00:11:56 GMT
      expires:
      - '-1'
      pragma:
      - no-cache
      server:
      - istio-envoy
      strict-transport-security:
      - max-age=31536000; includeSubDomains
      transfer-encoding:
      - chunked
      vary:
      - Accept-Encoding
      x-content-type-options:
      - nosniff
      x-envoy-upstream-service-time:
      - '6'
    status:
      code: 200
      message: OK
- request:
    body: null
    headers:
      Accept:
      - '*/*'
      Accept-Encoding:
      - gzip, deflate
      CommandName:
      - cognitiveservices account create
      Connection:
      - keep-alive
      ParameterSetName:
      - -n -g --kind --sku -l --yes
      User-Agent:
      - AZURECLI/2.34.1 azsdk-python-mgmt-cognitiveservices/13.1.0 Python/3.7.9 (Windows-10-10.0.22000-SP0)
    method: GET
    uri: https://management.azure.com/subscriptions/00000000-0000-0000-0000-000000000000/providers/Microsoft.CognitiveServices/locations/westus2/operationResults/baea6eed-c9d6-43e0-ba76-fb348e5e84e7?api-version=2017-04-18
  response:
    body:
      string: '{"id":"/subscriptions/00000000-0000-0000-0000-000000000000/providers/Microsoft.CognitiveServices/locations/westus2/operationResults/baea6eed-c9d6-43e0-ba76-fb348e5e84e7","name":"baea6eed-c9d6-43e0-ba76-fb348e5e84e7","status":"Creating","startTime":"2022-03-28T23:29:18Z"}'
    headers:
      cache-control:
      - no-cache
      content-length:
      - '271'
      content-type:
      - application/json; charset=utf-8
      date:
      - Tue, 29 Mar 2022 00:12:26 GMT
      expires:
      - '-1'
      pragma:
      - no-cache
      server:
      - istio-envoy
      strict-transport-security:
      - max-age=31536000; includeSubDomains
      transfer-encoding:
      - chunked
      vary:
      - Accept-Encoding
      x-content-type-options:
      - nosniff
      x-envoy-upstream-service-time:
      - '6'
    status:
      code: 200
      message: OK
- request:
    body: null
    headers:
      Accept:
      - '*/*'
      Accept-Encoding:
      - gzip, deflate
      CommandName:
      - cognitiveservices account create
      Connection:
      - keep-alive
      ParameterSetName:
      - -n -g --kind --sku -l --yes
      User-Agent:
      - AZURECLI/2.34.1 azsdk-python-mgmt-cognitiveservices/13.1.0 Python/3.7.9 (Windows-10-10.0.22000-SP0)
    method: GET
    uri: https://management.azure.com/subscriptions/00000000-0000-0000-0000-000000000000/providers/Microsoft.CognitiveServices/locations/westus2/operationResults/baea6eed-c9d6-43e0-ba76-fb348e5e84e7?api-version=2017-04-18
  response:
    body:
      string: '{"id":"/subscriptions/00000000-0000-0000-0000-000000000000/providers/Microsoft.CognitiveServices/locations/westus2/operationResults/baea6eed-c9d6-43e0-ba76-fb348e5e84e7","name":"baea6eed-c9d6-43e0-ba76-fb348e5e84e7","status":"Creating","startTime":"2022-03-28T23:29:18Z"}'
    headers:
      cache-control:
      - no-cache
      content-length:
      - '271'
      content-type:
      - application/json; charset=utf-8
      date:
      - Tue, 29 Mar 2022 00:12:55 GMT
      expires:
      - '-1'
      pragma:
      - no-cache
      server:
      - istio-envoy
      strict-transport-security:
      - max-age=31536000; includeSubDomains
      transfer-encoding:
      - chunked
      vary:
      - Accept-Encoding
      x-content-type-options:
      - nosniff
      x-envoy-upstream-service-time:
      - '7'
    status:
      code: 200
      message: OK
- request:
    body: null
    headers:
      Accept:
      - '*/*'
      Accept-Encoding:
      - gzip, deflate
      CommandName:
      - cognitiveservices account create
      Connection:
      - keep-alive
      ParameterSetName:
      - -n -g --kind --sku -l --yes
      User-Agent:
      - AZURECLI/2.34.1 azsdk-python-mgmt-cognitiveservices/13.1.0 Python/3.7.9 (Windows-10-10.0.22000-SP0)
    method: GET
    uri: https://management.azure.com/subscriptions/00000000-0000-0000-0000-000000000000/providers/Microsoft.CognitiveServices/locations/westus2/operationResults/baea6eed-c9d6-43e0-ba76-fb348e5e84e7?api-version=2017-04-18
  response:
    body:
      string: '{"id":"/subscriptions/00000000-0000-0000-0000-000000000000/providers/Microsoft.CognitiveServices/locations/westus2/operationResults/baea6eed-c9d6-43e0-ba76-fb348e5e84e7","name":"baea6eed-c9d6-43e0-ba76-fb348e5e84e7","status":"Creating","startTime":"2022-03-28T23:29:18Z"}'
    headers:
      cache-control:
      - no-cache
      content-length:
      - '271'
      content-type:
      - application/json; charset=utf-8
      date:
      - Tue, 29 Mar 2022 00:13:26 GMT
      expires:
      - '-1'
      pragma:
      - no-cache
      server:
      - istio-envoy
      strict-transport-security:
      - max-age=31536000; includeSubDomains
      transfer-encoding:
      - chunked
      vary:
      - Accept-Encoding
      x-content-type-options:
      - nosniff
      x-envoy-upstream-service-time:
      - '6'
    status:
      code: 200
      message: OK
- request:
    body: null
    headers:
      Accept:
      - '*/*'
      Accept-Encoding:
      - gzip, deflate
      CommandName:
      - cognitiveservices account create
      Connection:
      - keep-alive
      ParameterSetName:
      - -n -g --kind --sku -l --yes
      User-Agent:
      - AZURECLI/2.34.1 azsdk-python-mgmt-cognitiveservices/13.1.0 Python/3.7.9 (Windows-10-10.0.22000-SP0)
    method: GET
    uri: https://management.azure.com/subscriptions/00000000-0000-0000-0000-000000000000/providers/Microsoft.CognitiveServices/locations/westus2/operationResults/baea6eed-c9d6-43e0-ba76-fb348e5e84e7?api-version=2017-04-18
  response:
    body:
      string: '{"id":"/subscriptions/00000000-0000-0000-0000-000000000000/providers/Microsoft.CognitiveServices/locations/westus2/operationResults/baea6eed-c9d6-43e0-ba76-fb348e5e84e7","name":"baea6eed-c9d6-43e0-ba76-fb348e5e84e7","status":"Creating","startTime":"2022-03-28T23:29:18Z"}'
    headers:
      cache-control:
      - no-cache
      content-length:
      - '271'
      content-type:
      - application/json; charset=utf-8
      date:
      - Tue, 29 Mar 2022 00:13:56 GMT
      expires:
      - '-1'
      pragma:
      - no-cache
      server:
      - istio-envoy
      strict-transport-security:
      - max-age=31536000; includeSubDomains
      transfer-encoding:
      - chunked
      vary:
      - Accept-Encoding
      x-content-type-options:
      - nosniff
      x-envoy-upstream-service-time:
      - '89'
    status:
      code: 200
      message: OK
- request:
    body: null
    headers:
      Accept:
      - '*/*'
      Accept-Encoding:
      - gzip, deflate
      CommandName:
      - cognitiveservices account create
      Connection:
      - keep-alive
      ParameterSetName:
      - -n -g --kind --sku -l --yes
      User-Agent:
      - AZURECLI/2.34.1 azsdk-python-mgmt-cognitiveservices/13.1.0 Python/3.7.9 (Windows-10-10.0.22000-SP0)
    method: GET
    uri: https://management.azure.com/subscriptions/00000000-0000-0000-0000-000000000000/providers/Microsoft.CognitiveServices/locations/westus2/operationResults/baea6eed-c9d6-43e0-ba76-fb348e5e84e7?api-version=2017-04-18
  response:
    body:
      string: '{"id":"/subscriptions/00000000-0000-0000-0000-000000000000/providers/Microsoft.CognitiveServices/locations/westus2/operationResults/baea6eed-c9d6-43e0-ba76-fb348e5e84e7","name":"baea6eed-c9d6-43e0-ba76-fb348e5e84e7","status":"Creating","startTime":"2022-03-28T23:29:18Z"}'
    headers:
      cache-control:
      - no-cache
      content-length:
      - '271'
      content-type:
      - application/json; charset=utf-8
      date:
      - Tue, 29 Mar 2022 00:14:26 GMT
      expires:
      - '-1'
      pragma:
      - no-cache
      server:
      - istio-envoy
      strict-transport-security:
      - max-age=31536000; includeSubDomains
      transfer-encoding:
      - chunked
      vary:
      - Accept-Encoding
      x-content-type-options:
      - nosniff
      x-envoy-upstream-service-time:
      - '8'
    status:
      code: 200
      message: OK
- request:
    body: null
    headers:
      Accept:
      - '*/*'
      Accept-Encoding:
      - gzip, deflate
      CommandName:
      - cognitiveservices account create
      Connection:
      - keep-alive
      ParameterSetName:
      - -n -g --kind --sku -l --yes
      User-Agent:
      - AZURECLI/2.34.1 azsdk-python-mgmt-cognitiveservices/13.1.0 Python/3.7.9 (Windows-10-10.0.22000-SP0)
    method: GET
    uri: https://management.azure.com/subscriptions/00000000-0000-0000-0000-000000000000/providers/Microsoft.CognitiveServices/locations/westus2/operationResults/baea6eed-c9d6-43e0-ba76-fb348e5e84e7?api-version=2017-04-18
  response:
    body:
      string: '{"id":"/subscriptions/00000000-0000-0000-0000-000000000000/providers/Microsoft.CognitiveServices/locations/westus2/operationResults/baea6eed-c9d6-43e0-ba76-fb348e5e84e7","name":"baea6eed-c9d6-43e0-ba76-fb348e5e84e7","status":"Creating","startTime":"2022-03-28T23:29:18Z"}'
    headers:
      cache-control:
      - no-cache
      content-length:
      - '271'
      content-type:
      - application/json; charset=utf-8
      date:
      - Tue, 29 Mar 2022 00:14:56 GMT
      expires:
      - '-1'
      pragma:
      - no-cache
      server:
      - istio-envoy
      strict-transport-security:
      - max-age=31536000; includeSubDomains
      transfer-encoding:
      - chunked
      vary:
      - Accept-Encoding
      x-content-type-options:
      - nosniff
      x-envoy-upstream-service-time:
      - '8'
    status:
      code: 200
      message: OK
- request:
    body: null
    headers:
      Accept:
      - '*/*'
      Accept-Encoding:
      - gzip, deflate
      CommandName:
      - cognitiveservices account create
      Connection:
      - keep-alive
      ParameterSetName:
      - -n -g --kind --sku -l --yes
      User-Agent:
      - AZURECLI/2.34.1 azsdk-python-mgmt-cognitiveservices/13.1.0 Python/3.7.9 (Windows-10-10.0.22000-SP0)
    method: GET
    uri: https://management.azure.com/subscriptions/00000000-0000-0000-0000-000000000000/providers/Microsoft.CognitiveServices/locations/westus2/operationResults/baea6eed-c9d6-43e0-ba76-fb348e5e84e7?api-version=2017-04-18
  response:
    body:
      string: '{"id":"/subscriptions/00000000-0000-0000-0000-000000000000/providers/Microsoft.CognitiveServices/locations/westus2/operationResults/baea6eed-c9d6-43e0-ba76-fb348e5e84e7","name":"baea6eed-c9d6-43e0-ba76-fb348e5e84e7","status":"Creating","startTime":"2022-03-28T23:29:18Z"}'
    headers:
      cache-control:
      - no-cache
      content-length:
      - '271'
      content-type:
      - application/json; charset=utf-8
      date:
      - Tue, 29 Mar 2022 00:15:27 GMT
      expires:
      - '-1'
      pragma:
      - no-cache
      server:
      - istio-envoy
      strict-transport-security:
      - max-age=31536000; includeSubDomains
      transfer-encoding:
      - chunked
      vary:
      - Accept-Encoding
      x-content-type-options:
      - nosniff
      x-envoy-upstream-service-time:
      - '7'
    status:
      code: 200
      message: OK
- request:
    body: null
    headers:
      Accept:
      - '*/*'
      Accept-Encoding:
      - gzip, deflate
      CommandName:
      - cognitiveservices account create
      Connection:
      - keep-alive
      ParameterSetName:
      - -n -g --kind --sku -l --yes
      User-Agent:
      - AZURECLI/2.34.1 azsdk-python-mgmt-cognitiveservices/13.1.0 Python/3.7.9 (Windows-10-10.0.22000-SP0)
    method: GET
    uri: https://management.azure.com/subscriptions/00000000-0000-0000-0000-000000000000/providers/Microsoft.CognitiveServices/locations/westus2/operationResults/baea6eed-c9d6-43e0-ba76-fb348e5e84e7?api-version=2017-04-18
  response:
    body:
      string: '{"id":"/subscriptions/00000000-0000-0000-0000-000000000000/providers/Microsoft.CognitiveServices/locations/westus2/operationResults/baea6eed-c9d6-43e0-ba76-fb348e5e84e7","name":"baea6eed-c9d6-43e0-ba76-fb348e5e84e7","status":"Creating","startTime":"2022-03-28T23:29:18Z"}'
    headers:
      cache-control:
      - no-cache
      content-length:
      - '271'
      content-type:
      - application/json; charset=utf-8
      date:
      - Tue, 29 Mar 2022 00:15:56 GMT
      expires:
      - '-1'
      pragma:
      - no-cache
      server:
      - istio-envoy
      strict-transport-security:
      - max-age=31536000; includeSubDomains
      transfer-encoding:
      - chunked
      vary:
      - Accept-Encoding
      x-content-type-options:
      - nosniff
      x-envoy-upstream-service-time:
      - '6'
    status:
      code: 200
      message: OK
- request:
    body: null
    headers:
      Accept:
      - '*/*'
      Accept-Encoding:
      - gzip, deflate
      CommandName:
      - cognitiveservices account create
      Connection:
      - keep-alive
      ParameterSetName:
      - -n -g --kind --sku -l --yes
      User-Agent:
      - AZURECLI/2.34.1 azsdk-python-mgmt-cognitiveservices/13.1.0 Python/3.7.9 (Windows-10-10.0.22000-SP0)
    method: GET
    uri: https://management.azure.com/subscriptions/00000000-0000-0000-0000-000000000000/providers/Microsoft.CognitiveServices/locations/westus2/operationResults/baea6eed-c9d6-43e0-ba76-fb348e5e84e7?api-version=2017-04-18
  response:
    body:
      string: '{"id":"/subscriptions/00000000-0000-0000-0000-000000000000/providers/Microsoft.CognitiveServices/locations/westus2/operationResults/baea6eed-c9d6-43e0-ba76-fb348e5e84e7","name":"baea6eed-c9d6-43e0-ba76-fb348e5e84e7","status":"Creating","startTime":"2022-03-28T23:29:18Z"}'
    headers:
      cache-control:
      - no-cache
      content-length:
      - '271'
      content-type:
      - application/json; charset=utf-8
      date:
      - Tue, 29 Mar 2022 00:16:26 GMT
      expires:
      - '-1'
      pragma:
      - no-cache
      server:
      - istio-envoy
      strict-transport-security:
      - max-age=31536000; includeSubDomains
      transfer-encoding:
      - chunked
      vary:
      - Accept-Encoding
      x-content-type-options:
      - nosniff
      x-envoy-upstream-service-time:
      - '6'
    status:
      code: 200
      message: OK
- request:
    body: null
    headers:
      Accept:
      - '*/*'
      Accept-Encoding:
      - gzip, deflate
      CommandName:
      - cognitiveservices account create
      Connection:
      - keep-alive
      ParameterSetName:
      - -n -g --kind --sku -l --yes
      User-Agent:
      - AZURECLI/2.34.1 azsdk-python-mgmt-cognitiveservices/13.1.0 Python/3.7.9 (Windows-10-10.0.22000-SP0)
    method: GET
    uri: https://management.azure.com/subscriptions/00000000-0000-0000-0000-000000000000/providers/Microsoft.CognitiveServices/locations/westus2/operationResults/baea6eed-c9d6-43e0-ba76-fb348e5e84e7?api-version=2017-04-18
  response:
    body:
      string: '{"id":"/subscriptions/00000000-0000-0000-0000-000000000000/providers/Microsoft.CognitiveServices/locations/westus2/operationResults/baea6eed-c9d6-43e0-ba76-fb348e5e84e7","name":"baea6eed-c9d6-43e0-ba76-fb348e5e84e7","status":"Creating","startTime":"2022-03-28T23:29:18Z"}'
    headers:
      cache-control:
      - no-cache
      content-length:
      - '271'
      content-type:
      - application/json; charset=utf-8
      date:
      - Tue, 29 Mar 2022 00:16:57 GMT
      expires:
      - '-1'
      pragma:
      - no-cache
      server:
      - istio-envoy
      strict-transport-security:
      - max-age=31536000; includeSubDomains
      transfer-encoding:
      - chunked
      vary:
      - Accept-Encoding
      x-content-type-options:
      - nosniff
      x-envoy-upstream-service-time:
      - '6'
    status:
      code: 200
      message: OK
- request:
    body: null
    headers:
      Accept:
      - '*/*'
      Accept-Encoding:
      - gzip, deflate
      CommandName:
      - cognitiveservices account create
      Connection:
      - keep-alive
      ParameterSetName:
      - -n -g --kind --sku -l --yes
      User-Agent:
      - AZURECLI/2.34.1 azsdk-python-mgmt-cognitiveservices/13.1.0 Python/3.7.9 (Windows-10-10.0.22000-SP0)
    method: GET
    uri: https://management.azure.com/subscriptions/00000000-0000-0000-0000-000000000000/providers/Microsoft.CognitiveServices/locations/westus2/operationResults/baea6eed-c9d6-43e0-ba76-fb348e5e84e7?api-version=2017-04-18
  response:
    body:
      string: '{"id":"/subscriptions/00000000-0000-0000-0000-000000000000/providers/Microsoft.CognitiveServices/locations/westus2/operationResults/baea6eed-c9d6-43e0-ba76-fb348e5e84e7","name":"baea6eed-c9d6-43e0-ba76-fb348e5e84e7","status":"Creating","startTime":"2022-03-28T23:29:18Z"}'
    headers:
      cache-control:
      - no-cache
      content-length:
      - '271'
      content-type:
      - application/json; charset=utf-8
      date:
      - Tue, 29 Mar 2022 00:17:27 GMT
      expires:
      - '-1'
      pragma:
      - no-cache
      server:
      - istio-envoy
      strict-transport-security:
      - max-age=31536000; includeSubDomains
      transfer-encoding:
      - chunked
      vary:
      - Accept-Encoding
      x-content-type-options:
      - nosniff
      x-envoy-upstream-service-time:
      - '5'
    status:
      code: 200
      message: OK
- request:
    body: null
    headers:
      Accept:
      - '*/*'
      Accept-Encoding:
      - gzip, deflate
      CommandName:
      - cognitiveservices account create
      Connection:
      - keep-alive
      ParameterSetName:
      - -n -g --kind --sku -l --yes
      User-Agent:
      - AZURECLI/2.34.1 azsdk-python-mgmt-cognitiveservices/13.1.0 Python/3.7.9 (Windows-10-10.0.22000-SP0)
    method: GET
    uri: https://management.azure.com/subscriptions/00000000-0000-0000-0000-000000000000/providers/Microsoft.CognitiveServices/locations/westus2/operationResults/baea6eed-c9d6-43e0-ba76-fb348e5e84e7?api-version=2017-04-18
  response:
    body:
      string: '{"id":"/subscriptions/00000000-0000-0000-0000-000000000000/providers/Microsoft.CognitiveServices/locations/westus2/operationResults/baea6eed-c9d6-43e0-ba76-fb348e5e84e7","name":"baea6eed-c9d6-43e0-ba76-fb348e5e84e7","status":"Creating","startTime":"2022-03-28T23:29:18Z"}'
    headers:
      cache-control:
      - no-cache
      content-length:
      - '271'
      content-type:
      - application/json; charset=utf-8
      date:
      - Tue, 29 Mar 2022 00:17:57 GMT
      expires:
      - '-1'
      pragma:
      - no-cache
      server:
      - istio-envoy
      strict-transport-security:
      - max-age=31536000; includeSubDomains
      transfer-encoding:
      - chunked
      vary:
      - Accept-Encoding
      x-content-type-options:
      - nosniff
      x-envoy-upstream-service-time:
      - '138'
    status:
      code: 200
      message: OK
- request:
    body: null
    headers:
      Accept:
      - '*/*'
      Accept-Encoding:
      - gzip, deflate
      CommandName:
      - cognitiveservices account create
      Connection:
      - keep-alive
      ParameterSetName:
      - -n -g --kind --sku -l --yes
      User-Agent:
      - AZURECLI/2.34.1 azsdk-python-mgmt-cognitiveservices/13.1.0 Python/3.7.9 (Windows-10-10.0.22000-SP0)
    method: GET
    uri: https://management.azure.com/subscriptions/00000000-0000-0000-0000-000000000000/providers/Microsoft.CognitiveServices/locations/westus2/operationResults/baea6eed-c9d6-43e0-ba76-fb348e5e84e7?api-version=2017-04-18
  response:
    body:
      string: '{"id":"/subscriptions/00000000-0000-0000-0000-000000000000/providers/Microsoft.CognitiveServices/locations/westus2/operationResults/baea6eed-c9d6-43e0-ba76-fb348e5e84e7","name":"baea6eed-c9d6-43e0-ba76-fb348e5e84e7","status":"Creating","startTime":"2022-03-28T23:29:18Z"}'
    headers:
      cache-control:
      - no-cache
      content-length:
      - '271'
      content-type:
      - application/json; charset=utf-8
      date:
      - Tue, 29 Mar 2022 00:18:26 GMT
      expires:
      - '-1'
      pragma:
      - no-cache
      server:
      - istio-envoy
      strict-transport-security:
      - max-age=31536000; includeSubDomains
      transfer-encoding:
      - chunked
      vary:
      - Accept-Encoding
      x-content-type-options:
      - nosniff
      x-envoy-upstream-service-time:
      - '42'
    status:
      code: 200
      message: OK
- request:
    body: null
    headers:
      Accept:
      - '*/*'
      Accept-Encoding:
      - gzip, deflate
      CommandName:
      - cognitiveservices account create
      Connection:
      - keep-alive
      ParameterSetName:
      - -n -g --kind --sku -l --yes
      User-Agent:
      - AZURECLI/2.34.1 azsdk-python-mgmt-cognitiveservices/13.1.0 Python/3.7.9 (Windows-10-10.0.22000-SP0)
    method: GET
    uri: https://management.azure.com/subscriptions/00000000-0000-0000-0000-000000000000/providers/Microsoft.CognitiveServices/locations/westus2/operationResults/baea6eed-c9d6-43e0-ba76-fb348e5e84e7?api-version=2017-04-18
  response:
    body:
      string: '{"id":"/subscriptions/00000000-0000-0000-0000-000000000000/providers/Microsoft.CognitiveServices/locations/westus2/operationResults/baea6eed-c9d6-43e0-ba76-fb348e5e84e7","name":"baea6eed-c9d6-43e0-ba76-fb348e5e84e7","status":"Succeeded","startTime":"2022-03-28T23:29:18Z","endTime":"2022-03-29T00:18:43Z"}'
    headers:
      cache-control:
      - no-cache
      content-length:
      - '305'
      content-type:
      - application/json; charset=utf-8
      date:
      - Tue, 29 Mar 2022 00:18:57 GMT
      expires:
      - '-1'
      pragma:
      - no-cache
      server:
      - istio-envoy
      strict-transport-security:
      - max-age=31536000; includeSubDomains
      transfer-encoding:
      - chunked
      vary:
      - Accept-Encoding
      x-content-type-options:
      - nosniff
      x-envoy-upstream-service-time:
      - '105'
    status:
      code: 200
      message: OK
- request:
    body: null
    headers:
      Accept:
      - '*/*'
      Accept-Encoding:
      - gzip, deflate
      CommandName:
      - cognitiveservices account create
      Connection:
      - keep-alive
      ParameterSetName:
      - -n -g --kind --sku -l --yes
      User-Agent:
      - AZURECLI/2.34.1 azsdk-python-mgmt-cognitiveservices/13.1.0 Python/3.7.9 (Windows-10-10.0.22000-SP0)
    method: GET
    uri: https://management.azure.com/subscriptions/00000000-0000-0000-0000-000000000000/resourceGroups/clitest.rg000001/providers/Microsoft.CognitiveServices/accounts/cs_cli_test_000002?api-version=2022-03-01
  response:
    body:
      string: '{"id":"/subscriptions/00000000-0000-0000-0000-000000000000/resourceGroups/clitest.rg000001/providers/Microsoft.CognitiveServices/accounts/cs_cli_test_000002","name":"cs_cli_test_000002","type":"Microsoft.CognitiveServices/accounts","etag":"\"1f0110d1-0000-0800-0000-624250630000\"","location":"westus2","sku":{"name":"S0"},"kind":"OpenAI","properties":{"endpoint":"https://westus2.api.cognitive.microsoft.com/","internalId":"441e7578776f453b9d4f71276b1707f7","dateCreated":"2022-03-28T23:29:18.4354241Z","callRateLimit":{"rules":[{"key":"openai","renewalPeriod":1,"count":30,"dynamicThrottlingEnabled":false,"matchPatterns":[{"path":"openai/*","method":"*"}]},{"key":"default","renewalPeriod":1,"count":30,"dynamicThrottlingEnabled":false,"matchPatterns":[{"path":"*","method":"*"}]}]},"backupUpperLimit":20,"isMigrated":false,"privateEndpointConnections":[],"publicNetworkAccess":"Enabled","capabilities":[{"name":"VirtualNetworks"}],"endpoints":{"OpenAI
        Language Model Instance API":"https://westus2.api.cognitive.microsoft.com/","OpenAI
        Language Model Instance API 11-01-preview":"https://westus2.api.cognitive.microsoft.com/","OpenAI
        API 2022-03-01-preview":"https://westus2.api.cognitive.microsoft.com/"},"provisioningState":"Succeeded"},"systemData":{"createdBy":"yuanyang@microsoft.com","createdByType":"User","createdAt":"2022-03-28T23:29:18.3344913Z","lastModifiedBy":"yuanyang@microsoft.com","lastModifiedByType":"User","lastModifiedAt":"2022-03-28T23:29:18.3344913Z"}}'
    headers:
      cache-control:
      - no-cache
      content-length:
      - '1479'
      content-type:
      - application/json; charset=utf-8
      date:
      - Tue, 29 Mar 2022 00:18:57 GMT
      etag:
      - '"1f0110d1-0000-0800-0000-624250630000"'
      expires:
      - '-1'
      pragma:
      - no-cache
      server:
      - istio-envoy
      strict-transport-security:
      - max-age=31536000; includeSubDomains
      transfer-encoding:
      - chunked
      vary:
      - Accept-Encoding
      x-content-type-options:
      - nosniff
      x-envoy-upstream-service-time:
      - '10'
    status:
      code: 200
      message: OK
- request:
    body: null
    headers:
      Accept:
      - application/json
      Accept-Encoding:
      - gzip, deflate
      CommandName:
      - cognitiveservices account show
      Connection:
      - keep-alive
      ParameterSetName:
      - -n -g
      User-Agent:
      - AZURECLI/2.34.1 azsdk-python-mgmt-cognitiveservices/13.1.0 Python/3.7.9 (Windows-10-10.0.22000-SP0)
    method: GET
    uri: https://management.azure.com/subscriptions/00000000-0000-0000-0000-000000000000/resourceGroups/clitest.rg000001/providers/Microsoft.CognitiveServices/accounts/cs_cli_test_000002?api-version=2022-03-01
  response:
    body:
      string: '{"id":"/subscriptions/00000000-0000-0000-0000-000000000000/resourceGroups/clitest.rg000001/providers/Microsoft.CognitiveServices/accounts/cs_cli_test_000002","name":"cs_cli_test_000002","type":"Microsoft.CognitiveServices/accounts","etag":"\"1f0110d1-0000-0800-0000-624250630000\"","location":"westus2","sku":{"name":"S0"},"kind":"OpenAI","properties":{"endpoint":"https://westus2.api.cognitive.microsoft.com/","internalId":"441e7578776f453b9d4f71276b1707f7","dateCreated":"2022-03-28T23:29:18.4354241Z","callRateLimit":{"rules":[{"key":"openai","renewalPeriod":1,"count":30,"dynamicThrottlingEnabled":false,"matchPatterns":[{"path":"openai/*","method":"*"}]},{"key":"default","renewalPeriod":1,"count":30,"dynamicThrottlingEnabled":false,"matchPatterns":[{"path":"*","method":"*"}]}]},"backupUpperLimit":20,"isMigrated":false,"privateEndpointConnections":[],"publicNetworkAccess":"Enabled","capabilities":[{"name":"VirtualNetworks"}],"endpoints":{"OpenAI
        Language Model Instance API":"https://westus2.api.cognitive.microsoft.com/","OpenAI
        Language Model Instance API 11-01-preview":"https://westus2.api.cognitive.microsoft.com/","OpenAI
        API 2022-03-01-preview":"https://westus2.api.cognitive.microsoft.com/"},"provisioningState":"Succeeded"},"systemData":{"createdBy":"yuanyang@microsoft.com","createdByType":"User","createdAt":"2022-03-28T23:29:18.3344913Z","lastModifiedBy":"yuanyang@microsoft.com","lastModifiedByType":"User","lastModifiedAt":"2022-03-28T23:29:18.3344913Z"}}'
    headers:
      cache-control:
      - no-cache
      content-length:
      - '1479'
      content-type:
      - application/json; charset=utf-8
      date:
      - Tue, 29 Mar 2022 00:18:58 GMT
      etag:
      - '"1f0110d1-0000-0800-0000-624250630000"'
      expires:
      - '-1'
      pragma:
      - no-cache
      server:
      - istio-envoy
      strict-transport-security:
      - max-age=31536000; includeSubDomains
      transfer-encoding:
      - chunked
      vary:
      - Accept-Encoding
      x-content-type-options:
      - nosniff
      x-envoy-upstream-service-time:
      - '10'
    status:
      code: 200
      message: OK
- request:
    body: null
    headers:
      Accept:
      - application/json
      Accept-Encoding:
      - gzip, deflate
      CommandName:
      - cognitiveservices account deployment list
      Connection:
      - keep-alive
      ParameterSetName:
      - -n -g
      User-Agent:
      - AZURECLI/2.34.1 azsdk-python-mgmt-cognitiveservices/13.1.0 Python/3.7.9 (Windows-10-10.0.22000-SP0)
    method: GET
    uri: https://management.azure.com/subscriptions/00000000-0000-0000-0000-000000000000/resourceGroups/clitest.rg000001/providers/Microsoft.CognitiveServices/accounts/cs_cli_test_000002/deployments?api-version=2022-03-01
  response:
    body:
      string: '{"value":[]}'
    headers:
      cache-control:
      - no-cache
      content-length:
      - '12'
      content-type:
      - application/json; charset=utf-8
      date:
      - Tue, 29 Mar 2022 00:18:58 GMT
      expires:
      - '-1'
      pragma:
      - no-cache
      server:
      - istio-envoy
      strict-transport-security:
      - max-age=31536000; includeSubDomains
      transfer-encoding:
      - chunked
      vary:
      - Accept-Encoding
      x-content-type-options:
      - nosniff
      x-envoy-upstream-service-time:
      - '9'
    status:
      code: 200
      message: OK
- request:
    body: '{"properties": {"model": {"format": "OpenAI", "name": "ada", "version":
      "1"}, "scaleSettings": {"scaleType": "Manual", "capacity": 1}}}'
    headers:
      Accept:
      - application/json
      Accept-Encoding:
      - gzip, deflate
      CommandName:
      - cognitiveservices account deployment create
      Connection:
      - keep-alive
      Content-Length:
      - '135'
      Content-Type:
      - application/json
      ParameterSetName:
      - -n -g --deployment-name --model-name --model-version --model-format --scale-settings-capacity
        --scale-settings-scale-type
      User-Agent:
      - AZURECLI/2.34.1 azsdk-python-mgmt-cognitiveservices/13.1.0 Python/3.7.9 (Windows-10-10.0.22000-SP0)
    method: PUT
    uri: https://management.azure.com/subscriptions/00000000-0000-0000-0000-000000000000/resourceGroups/clitest.rg000001/providers/Microsoft.CognitiveServices/accounts/cs_cli_test_000002/deployments/mock-deployment?api-version=2022-03-01
  response:
    body:
      string: '{"id":"/subscriptions/00000000-0000-0000-0000-000000000000/resourceGroups/clitest.rg000001/providers/Microsoft.CognitiveServices/accounts/cs_cli_test_000002/deployments/dpy","type":"Microsoft.CognitiveServices/accounts/deployments","name":"dpy","properties":{"model":{"format":"OpenAI","name":"ada","version":"1"},"scaleSettings":{"scaleType":"Manual","capacity":1},"provisioningState":"Creating"},"systemData":{"createdBy":"yuanyang@microsoft.com","createdByType":"User","createdAt":"2022-03-29T00:19:00.6850395Z","lastModifiedBy":"yuanyang@microsoft.com","lastModifiedByType":"User","lastModifiedAt":"2022-03-29T00:19:00.6850395Z"},"etag":"\"384fb15a-48a5-46d5-bc5a-fba1ef7c3246\""}'
    headers:
      cache-control:
      - no-cache
      content-length:
      - '684'
      content-type:
      - application/json; charset=utf-8
      date:
      - Tue, 29 Mar 2022 00:19:00 GMT
      etag:
      - '"384fb15a-48a5-46d5-bc5a-fba1ef7c3246"'
      expires:
      - '-1'
      pragma:
      - no-cache
      server:
      - istio-envoy
      strict-transport-security:
      - max-age=31536000; includeSubDomains
      x-content-type-options:
      - nosniff
      x-envoy-upstream-service-time:
      - '110'
      x-ms-ratelimit-remaining-subscription-writes:
      - '1199'
    status:
      code: 201
      message: Created
- request:
    body: null
    headers:
      Accept:
      - application/json
      Accept-Encoding:
      - gzip, deflate
      CommandName:
      - cognitiveservices account deployment list
      Connection:
      - keep-alive
      ParameterSetName:
      - -n -g
      User-Agent:
      - AZURECLI/2.34.1 azsdk-python-mgmt-cognitiveservices/13.1.0 Python/3.7.9 (Windows-10-10.0.22000-SP0)
    method: GET
    uri: https://management.azure.com/subscriptions/00000000-0000-0000-0000-000000000000/resourceGroups/clitest.rg000001/providers/Microsoft.CognitiveServices/accounts/cs_cli_test_000002/deployments?api-version=2022-03-01
  response:
    body:
      string: '{"value":[{"id":"/subscriptions/00000000-0000-0000-0000-000000000000/resourceGroups/clitest.rg000001/providers/Microsoft.CognitiveServices/accounts/cs_cli_test_000002/deployments/dpy","type":"Microsoft.CognitiveServices/accounts/deployments","name":"dpy","properties":{"model":{"format":"OpenAI","name":"ada","version":"1"},"scaleSettings":{"scaleType":"Manual","capacity":1},"provisioningState":"Creating"},"systemData":{"createdBy":"yuanyang@microsoft.com","createdByType":"User","createdAt":"2022-03-29T00:19:00.6850395Z","lastModifiedBy":"yuanyang@microsoft.com","lastModifiedByType":"User","lastModifiedAt":"2022-03-29T00:19:00.6850395Z"},"etag":"\"384fb15a-48a5-46d5-bc5a-fba1ef7c3246\""}]}'
    headers:
      cache-control:
      - no-cache
      content-length:
      - '696'
      content-type:
      - application/json; charset=utf-8
      date:
      - Tue, 29 Mar 2022 00:19:00 GMT
      expires:
      - '-1'
      pragma:
      - no-cache
      server:
      - istio-envoy
      strict-transport-security:
      - max-age=31536000; includeSubDomains
      transfer-encoding:
      - chunked
      vary:
      - Accept-Encoding
      x-content-type-options:
      - nosniff
      x-envoy-upstream-service-time:
      - '9'
    status:
      code: 200
      message: OK
- request:
    body: null
    headers:
      Accept:
      - application/json
      Accept-Encoding:
      - gzip, deflate
      CommandName:
      - cognitiveservices account deployment show
      Connection:
      - keep-alive
      ParameterSetName:
      - -n -g --deployment-name
      User-Agent:
      - AZURECLI/2.34.1 azsdk-python-mgmt-cognitiveservices/13.1.0 Python/3.7.9 (Windows-10-10.0.22000-SP0)
    method: GET
    uri: https://management.azure.com/subscriptions/00000000-0000-0000-0000-000000000000/resourceGroups/clitest.rg000001/providers/Microsoft.CognitiveServices/accounts/cs_cli_test_000002/deployments/mock-deployment?api-version=2022-03-01
  response:
    body:
      string: '{"id":"/subscriptions/00000000-0000-0000-0000-000000000000/resourceGroups/clitest.rg000001/providers/Microsoft.CognitiveServices/accounts/cs_cli_test_000002/deployments/dpy","type":"Microsoft.CognitiveServices/accounts/deployments","name":"dpy","properties":{"model":{"format":"OpenAI","name":"ada","version":"1"},"scaleSettings":{"scaleType":"Manual","capacity":1},"provisioningState":"Creating"},"systemData":{"createdBy":"yuanyang@microsoft.com","createdByType":"User","createdAt":"2022-03-29T00:19:00.6850395Z","lastModifiedBy":"yuanyang@microsoft.com","lastModifiedByType":"User","lastModifiedAt":"2022-03-29T00:19:00.6850395Z"},"etag":"\"384fb15a-48a5-46d5-bc5a-fba1ef7c3246\""}'
    headers:
      cache-control:
      - no-cache
      content-length:
      - '684'
      content-type:
      - application/json; charset=utf-8
      date:
      - Tue, 29 Mar 2022 00:19:01 GMT
      etag:
      - '"384fb15a-48a5-46d5-bc5a-fba1ef7c3246"'
      expires:
      - '-1'
      pragma:
      - no-cache
      server:
      - istio-envoy
      strict-transport-security:
      - max-age=31536000; includeSubDomains
      transfer-encoding:
      - chunked
      vary:
      - Accept-Encoding
      x-content-type-options:
      - nosniff
      x-envoy-upstream-service-time:
      - '15'
    status:
      code: 200
      message: OK
- request:
    body: null
    headers:
      Accept:
      - application/json
      Accept-Encoding:
      - gzip, deflate
      CommandName:
      - cognitiveservices account deployment delete
      Connection:
      - keep-alive
      Content-Length:
      - '0'
      ParameterSetName:
      - -n -g --deployment-name
      User-Agent:
      - AZURECLI/2.34.1 azsdk-python-mgmt-cognitiveservices/13.1.0 Python/3.7.9 (Windows-10-10.0.22000-SP0)
    method: DELETE
    uri: https://management.azure.com/subscriptions/00000000-0000-0000-0000-000000000000/resourceGroups/clitest.rg000001/providers/Microsoft.CognitiveServices/accounts/cs_cli_test_000002/deployments/mock-deployment?api-version=2022-03-01
  response:
    body:
      string: ''
    headers:
      cache-control:
      - no-cache
      content-length:
      - '0'
      date:
      - Tue, 29 Mar 2022 00:19:02 GMT
      expires:
      - '-1'
      pragma:
      - no-cache
      server:
      - istio-envoy
      strict-transport-security:
      - max-age=31536000; includeSubDomains
      x-content-type-options:
      - nosniff
      x-envoy-upstream-service-time:
      - '72'
      x-ms-ratelimit-remaining-subscription-deletes:
      - '14999'
    status:
      code: 200
      message: OK
- request:
    body: null
    headers:
      Accept:
      - application/json
      Accept-Encoding:
      - gzip, deflate
      CommandName:
      - cognitiveservices account deployment list
      Connection:
      - keep-alive
      ParameterSetName:
      - -n -g
      User-Agent:
      - AZURECLI/2.34.1 azsdk-python-mgmt-cognitiveservices/13.1.0 Python/3.7.9 (Windows-10-10.0.22000-SP0)
    method: GET
    uri: https://management.azure.com/subscriptions/00000000-0000-0000-0000-000000000000/resourceGroups/clitest.rg000001/providers/Microsoft.CognitiveServices/accounts/cs_cli_test_000002/deployments?api-version=2022-03-01
  response:
    body:
      string: '{"value":[]}'
    headers:
      cache-control:
      - no-cache
      content-length:
      - '12'
      content-type:
      - application/json; charset=utf-8
      date:
      - Tue, 29 Mar 2022 00:19:02 GMT
      expires:
      - '-1'
      pragma:
      - no-cache
      server:
      - istio-envoy
      strict-transport-security:
      - max-age=31536000; includeSubDomains
      transfer-encoding:
      - chunked
      vary:
      - Accept-Encoding
      x-content-type-options:
      - nosniff
      x-envoy-upstream-service-time:
      - '10'
    status:
      code: 200
      message: OK
- request:
    body: null
    headers:
      Accept:
      - application/json
      Accept-Encoding:
      - gzip, deflate
      CommandName:
      - cognitiveservices account delete
      Connection:
      - keep-alive
      Content-Length:
      - '0'
      ParameterSetName:
      - -n -g
      User-Agent:
      - AZURECLI/2.34.1 azsdk-python-mgmt-cognitiveservices/13.1.0 Python/3.7.9 (Windows-10-10.0.22000-SP0)
    method: DELETE
    uri: https://management.azure.com/subscriptions/00000000-0000-0000-0000-000000000000/resourceGroups/clitest.rg000001/providers/Microsoft.CognitiveServices/accounts/cs_cli_test_000002?api-version=2022-03-01
  response:
    body:
      string: ''
    headers:
      cache-control:
      - no-cache
      content-length:
      - '0'
      date:
      - Tue, 29 Mar 2022 00:19:06 GMT
      expires:
      - '-1'
      pragma:
      - no-cache
      server:
      - istio-envoy
      strict-transport-security:
      - max-age=31536000; includeSubDomains
      x-content-type-options:
      - nosniff
      x-envoy-upstream-service-time:
      - '85'
      x-ms-ratelimit-remaining-subscription-deletes:
      - '14999'
    status:
      code: 200
      message: OK
version: 1
