interactions:
- request:
    body: '{"kind": "FormRecognizer", "sku": {"name": "S0"}, "location": "centraluseuap",
      "properties": {"customSubDomainName": "csclitest000003"}}'
    headers:
      Accept:
      - application/json
      Accept-Encoding:
      - gzip, deflate
      CommandName:
      - cognitiveservices account create
      Connection:
      - keep-alive
      Content-Length:
      - '136'
      Content-Type:
      - application/json
      ParameterSetName:
      - -n -g --kind --sku -l --custom-domain
      User-Agent:
      - AZURECLI/2.39.0 azsdk-python-mgmt-cognitiveservices/13.2.0 Python/3.10.6 (Linux-5.15.0-1017-azure-x86_64-with-glibc2.31)
        VSTS_0fb41ef4-5012-48a9-bf39-4ee3de03ee35_build_4949_0
    method: PUT
    uri: https://management.azure.com/subscriptions/00000000-0000-0000-0000-000000000000/resourceGroups/clitest.rg000001/providers/Microsoft.CognitiveServices/accounts/cs_cli_test_000002?api-version=2022-03-01
  response:
    body:
      string: '{"id":"/subscriptions/00000000-0000-0000-0000-000000000000/resourceGroups/clitest.rg000001/providers/Microsoft.CognitiveServices/accounts/cs_cli_test_000002","name":"cs_cli_test_000002","type":"Microsoft.CognitiveServices/accounts","etag":"\"1c008488-0000-3300-0000-6308955e0000\"","location":"centraluseuap","sku":{"name":"S0"},"kind":"FormRecognizer","properties":{"endpoint":"https://csclitest000003.cognitiveservices.azure.com/","internalId":"9d9dafc68ef94cf2b5346a9c356ba338","dateCreated":"2022-08-26T09:41:49.7517973Z","callRateLimit":{"rules":[{"key":"formrecognizer.analyze","renewalPeriod":60,"count":15,"dynamicThrottlingEnabled":false,"matchPatterns":[]},{"key":"formrecognizer.single","renewalPeriod":60,"count":100,"dynamicThrottlingEnabled":false,"matchPatterns":[]},{"key":"formrecognizer.bulk","renewalPeriod":60,"count":10,"dynamicThrottlingEnabled":false,"matchPatterns":[]},{"key":"formrecognizer.model","renewalPeriod":60,"count":2,"dynamicThrottlingEnabled":false,"matchPatterns":[]},{"key":"formrecognizer.custom.train","renewalPeriod":60,"count":1,"dynamicThrottlingEnabled":false,"matchPatterns":[{"path":"formrecognizer/custom/train","method":"*"}]},{"key":"formrecognizer.custom.copymodels","renewalPeriod":60,"count":1,"dynamicThrottlingEnabled":false,"matchPatterns":[{"path":"formrecognizer/custom/models/{modelId}/copy","method":"*"}]},{"key":"formrecognizer.custom.models.get","renewalPeriod":60,"count":10,"dynamicThrottlingEnabled":false,"matchPatterns":[{"path":"formrecognizer/custom/models","method":"GET"}]},{"key":"formrecognizer.analyzeform","renewalPeriod":1,"count":15,"dynamicThrottlingEnabled":true,"matchPatterns":[{"path":"formrecognizer/custom/models/{modelId}/analyze","method":"POST"}]},{"key":"formrecognizer.analyzeform.result","renewalPeriod":1,"count":100,"dynamicThrottlingEnabled":true,"matchPatterns":[{"path":"formrecognizer/custom/models/{modelId}/analyzeResults/{resultId}","method":"GET"}]},{"key":"container.billing","renewalPeriod":10,"count":500,"dynamicThrottlingEnabled":false,"matchPatterns":[{"path":"billing/*","method":"*"}]},{"key":"default","renewalPeriod":1,"count":30,"dynamicThrottlingEnabled":true,"matchPatterns":[{"path":"*","method":"*"}]}]},"isMigrated":false,"customSubDomainName":"csclitest000003","privateEndpointConnections":[],"publicNetworkAccess":"Enabled","capabilities":[{"name":"DynamicThrottling"},{"name":"VirtualNetworks"},{"name":"CustomerManagedStorage"},{"name":"CustomerManagedKey"},{"name":"NetworkSecurityPerimeter"},{"name":"Container","value":"FormRecognizer.*"}],"endpoints":{"FormRecognizer":"https://csclitest000003.cognitiveservices.azure.com/"},"provisioningState":"Creating"},"systemData":{"createdBy":"azureclilivetest@azuresdkteam.onmicrosoft.com","createdByType":"User","createdAt":"2022-08-26T09:41:48.9359901Z","lastModifiedBy":"azureclilivetest@azuresdkteam.onmicrosoft.com","lastModifiedByType":"User","lastModifiedAt":"2022-08-26T09:41:48.9359901Z"}}'
    headers:
      azure-asyncoperation:
      - https://management.azure.com/subscriptions/00000000-0000-0000-0000-000000000000/providers/Microsoft.CognitiveServices/locations/centraluseuap/operationResults/9923477f-3d71-4017-aab6-15800425d4bd?api-version=2017-04-18
      cache-control:
      - no-cache
      content-length:
      - '2964'
      content-type:
      - application/json; charset=utf-8
      date:
      - Fri, 26 Aug 2022 09:41:49 GMT
      etag:
      - '"1c008488-0000-3300-0000-6308955e0000"'
      expires:
      - '-1'
      pragma:
      - no-cache
      server:
      - istio-envoy
      strict-transport-security:
      - max-age=31536000; includeSubDomains
      x-content-type-options:
      - nosniff
      x-envoy-upstream-service-time:
      - '1525'
      x-ms-ratelimit-remaining-subscription-writes:
      - '1199'
    status:
      code: 201
      message: Created
- request:
    body: null
    headers:
      Accept:
      - '*/*'
      Accept-Encoding:
      - gzip, deflate
      CommandName:
      - cognitiveservices account create
      Connection:
      - keep-alive
      ParameterSetName:
      - -n -g --kind --sku -l --custom-domain
      User-Agent:
      - AZURECLI/2.39.0 azsdk-python-mgmt-cognitiveservices/13.2.0 Python/3.10.6 (Linux-5.15.0-1017-azure-x86_64-with-glibc2.31)
        VSTS_0fb41ef4-5012-48a9-bf39-4ee3de03ee35_build_4949_0
    method: GET
    uri: https://management.azure.com/subscriptions/00000000-0000-0000-0000-000000000000/providers/Microsoft.CognitiveServices/locations/centraluseuap/operationResults/9923477f-3d71-4017-aab6-15800425d4bd?api-version=2017-04-18
  response:
    body:
      string: '{"id":"/subscriptions/00000000-0000-0000-0000-000000000000/providers/Microsoft.CognitiveServices/locations/centraluseuap/operationResults/9923477f-3d71-4017-aab6-15800425d4bd","name":"9923477f-3d71-4017-aab6-15800425d4bd","status":"Succeeded","startTime":"2022-08-26T09:41:50Z","endTime":"2022-08-26T09:41:51Z"}'
    headers:
      cache-control:
      - no-cache
      content-length:
      - '311'
      content-type:
      - application/json; charset=utf-8
      date:
      - Fri, 26 Aug 2022 09:42:20 GMT
      expires:
      - '-1'
      pragma:
      - no-cache
      server:
      - istio-envoy
      strict-transport-security:
      - max-age=31536000; includeSubDomains
      transfer-encoding:
      - chunked
      vary:
      - Accept-Encoding
      x-content-type-options:
      - nosniff
      x-envoy-upstream-service-time:
      - '7'
    status:
      code: 200
      message: OK
- request:
    body: null
    headers:
      Accept:
      - '*/*'
      Accept-Encoding:
      - gzip, deflate
      CommandName:
      - cognitiveservices account create
      Connection:
      - keep-alive
      ParameterSetName:
      - -n -g --kind --sku -l --custom-domain
      User-Agent:
      - AZURECLI/2.39.0 azsdk-python-mgmt-cognitiveservices/13.2.0 Python/3.10.6 (Linux-5.15.0-1017-azure-x86_64-with-glibc2.31)
        VSTS_0fb41ef4-5012-48a9-bf39-4ee3de03ee35_build_4949_0
    method: GET
    uri: https://management.azure.com/subscriptions/00000000-0000-0000-0000-000000000000/resourceGroups/clitest.rg000001/providers/Microsoft.CognitiveServices/accounts/cs_cli_test_000002?api-version=2022-03-01
  response:
    body:
      string: '{"id":"/subscriptions/00000000-0000-0000-0000-000000000000/resourceGroups/clitest.rg000001/providers/Microsoft.CognitiveServices/accounts/cs_cli_test_000002","name":"cs_cli_test_000002","type":"Microsoft.CognitiveServices/accounts","etag":"\"1c008588-0000-3300-0000-6308955f0000\"","location":"centraluseuap","sku":{"name":"S0"},"kind":"FormRecognizer","properties":{"endpoint":"https://csclitest000003.cognitiveservices.azure.com/","internalId":"9d9dafc68ef94cf2b5346a9c356ba338","dateCreated":"2022-08-26T09:41:49.7517973Z","callRateLimit":{"rules":[{"key":"formrecognizer.analyze","renewalPeriod":60,"count":15,"dynamicThrottlingEnabled":false,"matchPatterns":[]},{"key":"formrecognizer.single","renewalPeriod":60,"count":100,"dynamicThrottlingEnabled":false,"matchPatterns":[]},{"key":"formrecognizer.bulk","renewalPeriod":60,"count":10,"dynamicThrottlingEnabled":false,"matchPatterns":[]},{"key":"formrecognizer.model","renewalPeriod":60,"count":2,"dynamicThrottlingEnabled":false,"matchPatterns":[]},{"key":"formrecognizer.custom.train","renewalPeriod":60,"count":1,"dynamicThrottlingEnabled":false,"matchPatterns":[{"path":"formrecognizer/custom/train","method":"*"}]},{"key":"formrecognizer.custom.copymodels","renewalPeriod":60,"count":1,"dynamicThrottlingEnabled":false,"matchPatterns":[{"path":"formrecognizer/custom/models/{modelId}/copy","method":"*"}]},{"key":"formrecognizer.custom.models.get","renewalPeriod":60,"count":10,"dynamicThrottlingEnabled":false,"matchPatterns":[{"path":"formrecognizer/custom/models","method":"GET"}]},{"key":"formrecognizer.analyzeform","renewalPeriod":1,"count":15,"dynamicThrottlingEnabled":true,"matchPatterns":[{"path":"formrecognizer/custom/models/{modelId}/analyze","method":"POST"}]},{"key":"formrecognizer.analyzeform.result","renewalPeriod":1,"count":100,"dynamicThrottlingEnabled":true,"matchPatterns":[{"path":"formrecognizer/custom/models/{modelId}/analyzeResults/{resultId}","method":"GET"}]},{"key":"container.billing","renewalPeriod":10,"count":500,"dynamicThrottlingEnabled":false,"matchPatterns":[{"path":"billing/*","method":"*"}]},{"key":"default","renewalPeriod":1,"count":30,"dynamicThrottlingEnabled":true,"matchPatterns":[{"path":"*","method":"*"}]}]},"isMigrated":false,"customSubDomainName":"csclitest000003","privateEndpointConnections":[],"publicNetworkAccess":"Enabled","capabilities":[{"name":"DynamicThrottling"},{"name":"VirtualNetworks"},{"name":"CustomerManagedStorage"},{"name":"CustomerManagedKey"},{"name":"NetworkSecurityPerimeter"},{"name":"Container","value":"FormRecognizer.*"}],"endpoints":{"FormRecognizer":"https://csclitest000003.cognitiveservices.azure.com/"},"provisioningState":"Succeeded"},"systemData":{"createdBy":"azureclilivetest@azuresdkteam.onmicrosoft.com","createdByType":"User","createdAt":"2022-08-26T09:41:48.9359901Z","lastModifiedBy":"azureclilivetest@azuresdkteam.onmicrosoft.com","lastModifiedByType":"User","lastModifiedAt":"2022-08-26T09:41:48.9359901Z"}}'
    headers:
      cache-control:
      - no-cache
      content-length:
      - '2965'
      content-type:
      - application/json; charset=utf-8
      date:
      - Fri, 26 Aug 2022 09:42:20 GMT
      etag:
      - '"1c008588-0000-3300-0000-6308955f0000"'
      expires:
      - '-1'
      pragma:
      - no-cache
      server:
      - istio-envoy
      strict-transport-security:
      - max-age=31536000; includeSubDomains
      transfer-encoding:
      - chunked
      vary:
      - Accept-Encoding
      x-content-type-options:
      - nosniff
      x-envoy-upstream-service-time:
      - '14'
    status:
      code: 200
      message: OK
- request:
    body: null
    headers:
      Accept:
      - '*/*'
      Accept-Encoding:
      - gzip, deflate
      CommandName:
      - network private-link-resource list
      Connection:
      - keep-alive
      ParameterSetName:
      - -g -n --type
      User-Agent:
      - python/3.10.6 (Linux-5.15.0-1017-azure-x86_64-with-glibc2.31) AZURECLI/2.39.0
        VSTS_0fb41ef4-5012-48a9-bf39-4ee3de03ee35_build_4949_0
    method: GET
    uri: https://management.azure.com/subscriptions/00000000-0000-0000-0000-000000000000/resourceGroups/clitest.rg000001/providers/Microsoft.CognitiveServices/accounts/cs_cli_test_000002/privateLinkResources?api-version=2022-03-01
  response:
    body:
      string: '{"value":[{"id":"/subscriptions/00000000-0000-0000-0000-000000000000/resourceGroups/clitest.rg000001/providers/Microsoft.CognitiveServices/accounts/cs_cli_test_000002/privateLinkResources/account","name":"account","type":"Microsoft.CognitiveServices/accounts/privateLinkResources","properties":{"groupId":"account","requiredMembers":["default"],"requiredZoneNames":["privatelink.cognitiveservices.azure.com"]}}]}'
    headers:
      cache-control:
      - no-cache
      content-length:
      - '412'
      content-type:
      - application/json; charset=utf-8
      date:
      - Fri, 26 Aug 2022 09:42:22 GMT
      expires:
      - '-1'
      pragma:
      - no-cache
      server:
      - istio-envoy
      strict-transport-security:
      - max-age=31536000; includeSubDomains
      transfer-encoding:
      - chunked
      vary:
      - Accept-Encoding
      x-content-type-options:
      - nosniff
      x-envoy-upstream-service-time:
      - '14'
    status:
      code: 200
      message: OK
- request:
    body: '{"location": "centraluseuap", "tags": {}, "properties": {"addressSpace":
      {"addressPrefixes": ["10.0.0.0/16"]}, "dhcpOptions": {}}}'
    headers:
      Accept:
      - application/json
      Accept-Encoding:
      - gzip, deflate
      CommandName:
      - network vnet create
      Connection:
      - keep-alive
      Content-Length:
      - '130'
      Content-Type:
      - application/json
      ParameterSetName:
      - --resource-group --name -l
      User-Agent:
      - AZURECLI/2.39.0 azsdk-python-azure-mgmt-network/21.0.1 Python/3.10.6 (Linux-5.15.0-1017-azure-x86_64-with-glibc2.31)
        VSTS_0fb41ef4-5012-48a9-bf39-4ee3de03ee35_build_4949_0
    method: PUT
    uri: https://management.azure.com/subscriptions/00000000-0000-0000-0000-000000000000/resourceGroups/clitest.rg000001/providers/Microsoft.Network/virtualNetworks/cs_cli_test_000002?api-version=2022-01-01
  response:
    body:
      string: "{\r\n  \"name\": \"cs_cli_test_000002\",\r\n  \"id\": \"/subscriptions/00000000-0000-0000-0000-000000000000/resourceGroups/clitest.rg000001/providers/Microsoft.Network/virtualNetworks/cs_cli_test_000002\",\r\n
        \ \"etag\": \"W/\\\"f1ef5a98-1c43-4190-bbb2-39fe3421ee17\\\"\",\r\n  \"type\":
        \"Microsoft.Network/virtualNetworks\",\r\n  \"location\": \"centraluseuap\",\r\n
        \ \"tags\": {},\r\n  \"properties\": {\r\n    \"provisioningState\": \"Updating\",\r\n
        \   \"resourceGuid\": \"7f91d40e-fac8-44ce-9ed7-95f1e3f8a682\",\r\n    \"addressSpace\":
        {\r\n      \"addressPrefixes\": [\r\n        \"10.0.0.0/16\"\r\n      ]\r\n
        \   },\r\n    \"dhcpOptions\": {\r\n      \"dnsServers\": []\r\n    },\r\n
        \   \"subnets\": [],\r\n    \"virtualNetworkPeerings\": [],\r\n    \"enableDdosProtection\":
        false\r\n  }\r\n}"
    headers:
      azure-asyncnotification:
      - Enabled
      azure-asyncoperation:
      - https://management.azure.com/subscriptions/00000000-0000-0000-0000-000000000000/providers/Microsoft.Network/locations/centraluseuap/operations/78b4faa2-8b3d-422a-80cf-573bb7f68a40?api-version=2022-01-01
      cache-control:
      - no-cache
      content-length:
      - '706'
      content-type:
      - application/json; charset=utf-8
      date:
      - Fri, 26 Aug 2022 09:42:22 GMT
      expires:
      - '-1'
      pragma:
      - no-cache
      server:
      - Microsoft-HTTPAPI/2.0
      - Microsoft-HTTPAPI/2.0
      strict-transport-security:
      - max-age=31536000; includeSubDomains
      x-content-type-options:
      - nosniff
      x-ms-arm-service-request-id:
      - d75de8b9-2b0f-471f-92ed-d87b7208926b
      x-ms-ratelimit-remaining-subscription-writes:
      - '1189'
    status:
      code: 201
      message: Created
- request:
    body: null
    headers:
      Accept:
      - '*/*'
      Accept-Encoding:
      - gzip, deflate
      CommandName:
      - network vnet create
      Connection:
      - keep-alive
      ParameterSetName:
      - --resource-group --name -l
      User-Agent:
      - AZURECLI/2.39.0 azsdk-python-azure-mgmt-network/21.0.1 Python/3.10.6 (Linux-5.15.0-1017-azure-x86_64-with-glibc2.31)
        VSTS_0fb41ef4-5012-48a9-bf39-4ee3de03ee35_build_4949_0
    method: GET
    uri: https://management.azure.com/subscriptions/00000000-0000-0000-0000-000000000000/providers/Microsoft.Network/locations/centraluseuap/operations/78b4faa2-8b3d-422a-80cf-573bb7f68a40?api-version=2022-01-01
  response:
    body:
      string: "{\r\n  \"status\": \"Succeeded\"\r\n}"
    headers:
      cache-control:
      - no-cache
      content-length:
      - '29'
      content-type:
      - application/json; charset=utf-8
      date:
      - Fri, 26 Aug 2022 09:42:25 GMT
      expires:
      - '-1'
      pragma:
      - no-cache
      server:
      - Microsoft-HTTPAPI/2.0
      - Microsoft-HTTPAPI/2.0
      strict-transport-security:
      - max-age=31536000; includeSubDomains
      transfer-encoding:
      - chunked
      vary:
      - Accept-Encoding
      x-content-type-options:
      - nosniff
      x-ms-arm-service-request-id:
      - 631719da-b2f2-4883-b2f5-b74c8f8e8a98
    status:
      code: 200
      message: OK
- request:
    body: null
    headers:
      Accept:
      - '*/*'
      Accept-Encoding:
      - gzip, deflate
      CommandName:
      - network vnet create
      Connection:
      - keep-alive
      ParameterSetName:
      - --resource-group --name -l
      User-Agent:
      - AZURECLI/2.39.0 azsdk-python-azure-mgmt-network/21.0.1 Python/3.10.6 (Linux-5.15.0-1017-azure-x86_64-with-glibc2.31)
        VSTS_0fb41ef4-5012-48a9-bf39-4ee3de03ee35_build_4949_0
    method: GET
    uri: https://management.azure.com/subscriptions/00000000-0000-0000-0000-000000000000/resourceGroups/clitest.rg000001/providers/Microsoft.Network/virtualNetworks/cs_cli_test_000002?api-version=2022-01-01
  response:
    body:
      string: "{\r\n  \"name\": \"cs_cli_test_000002\",\r\n  \"id\": \"/subscriptions/00000000-0000-0000-0000-000000000000/resourceGroups/clitest.rg000001/providers/Microsoft.Network/virtualNetworks/cs_cli_test_000002\",\r\n
        \ \"etag\": \"W/\\\"2b3d596f-9fe5-48ec-8032-24e4c5cf8251\\\"\",\r\n  \"type\":
        \"Microsoft.Network/virtualNetworks\",\r\n  \"location\": \"centraluseuap\",\r\n
        \ \"tags\": {},\r\n  \"properties\": {\r\n    \"provisioningState\": \"Succeeded\",\r\n
        \   \"resourceGuid\": \"7f91d40e-fac8-44ce-9ed7-95f1e3f8a682\",\r\n    \"addressSpace\":
        {\r\n      \"addressPrefixes\": [\r\n        \"10.0.0.0/16\"\r\n      ]\r\n
        \   },\r\n    \"dhcpOptions\": {\r\n      \"dnsServers\": []\r\n    },\r\n
        \   \"subnets\": [],\r\n    \"virtualNetworkPeerings\": [],\r\n    \"enableDdosProtection\":
        false\r\n  }\r\n}"
    headers:
      cache-control:
      - no-cache
      content-length:
      - '707'
      content-type:
      - application/json; charset=utf-8
      date:
      - Fri, 26 Aug 2022 09:42:25 GMT
      etag:
      - W/"2b3d596f-9fe5-48ec-8032-24e4c5cf8251"
      expires:
      - '-1'
      pragma:
      - no-cache
      server:
      - Microsoft-HTTPAPI/2.0
      - Microsoft-HTTPAPI/2.0
      strict-transport-security:
      - max-age=31536000; includeSubDomains
      transfer-encoding:
      - chunked
      vary:
      - Accept-Encoding
      x-content-type-options:
      - nosniff
      x-ms-arm-service-request-id:
      - 4d95a823-da94-4438-9cf3-c47bc2432808
    status:
      code: 200
      message: OK
- request:
    body: null
    headers:
      Accept:
      - application/json
      Accept-Encoding:
      - gzip, deflate
      CommandName:
      - network vnet subnet create
      Connection:
      - keep-alive
      ParameterSetName:
      - --resource-group --name --vnet-name --address-prefixes
      User-Agent:
      - AZURECLI/2.39.0 azsdk-python-azure-mgmt-network/21.0.1 Python/3.10.6 (Linux-5.15.0-1017-azure-x86_64-with-glibc2.31)
        VSTS_0fb41ef4-5012-48a9-bf39-4ee3de03ee35_build_4949_0
    method: GET
    uri: https://management.azure.com/subscriptions/00000000-0000-0000-0000-000000000000/resourceGroups/clitest.rg000001/providers/Microsoft.Network/virtualNetworks/cs_cli_test_000002?api-version=2022-01-01
  response:
    body:
      string: "{\r\n  \"name\": \"cs_cli_test_000002\",\r\n  \"id\": \"/subscriptions/00000000-0000-0000-0000-000000000000/resourceGroups/clitest.rg000001/providers/Microsoft.Network/virtualNetworks/cs_cli_test_000002\",\r\n
        \ \"etag\": \"W/\\\"2b3d596f-9fe5-48ec-8032-24e4c5cf8251\\\"\",\r\n  \"type\":
        \"Microsoft.Network/virtualNetworks\",\r\n  \"location\": \"centraluseuap\",\r\n
        \ \"tags\": {},\r\n  \"properties\": {\r\n    \"provisioningState\": \"Succeeded\",\r\n
        \   \"resourceGuid\": \"7f91d40e-fac8-44ce-9ed7-95f1e3f8a682\",\r\n    \"addressSpace\":
        {\r\n      \"addressPrefixes\": [\r\n        \"10.0.0.0/16\"\r\n      ]\r\n
        \   },\r\n    \"dhcpOptions\": {\r\n      \"dnsServers\": []\r\n    },\r\n
        \   \"subnets\": [],\r\n    \"virtualNetworkPeerings\": [],\r\n    \"enableDdosProtection\":
        false\r\n  }\r\n}"
    headers:
      cache-control:
      - no-cache
      content-length:
      - '707'
      content-type:
      - application/json; charset=utf-8
      date:
      - Fri, 26 Aug 2022 09:42:26 GMT
      etag:
      - W/"2b3d596f-9fe5-48ec-8032-24e4c5cf8251"
      expires:
      - '-1'
      pragma:
      - no-cache
      server:
      - Microsoft-HTTPAPI/2.0
      - Microsoft-HTTPAPI/2.0
      strict-transport-security:
      - max-age=31536000; includeSubDomains
      transfer-encoding:
      - chunked
      vary:
      - Accept-Encoding
      x-content-type-options:
      - nosniff
      x-ms-arm-service-request-id:
      - 4265d17a-061a-4796-a845-d3a01cbd1c3e
    status:
      code: 200
      message: OK
- request:
    body: '{"id": "/subscriptions/00000000-0000-0000-0000-000000000000/resourceGroups/clitest.rg000001/providers/Microsoft.Network/virtualNetworks/cs_cli_test_000002",
      "location": "centraluseuap", "tags": {}, "properties": {"addressSpace": {"addressPrefixes":
      ["10.0.0.0/16"]}, "dhcpOptions": {"dnsServers": []}, "subnets": [{"name": "default",
      "properties": {"addressPrefix": "10.0.0.0/24", "privateEndpointNetworkPolicies":
      "Disabled", "privateLinkServiceNetworkPolicies": "Enabled"}}], "virtualNetworkPeerings":
      [], "enableDdosProtection": false}}'
    headers:
      Accept:
      - application/json
      Accept-Encoding:
      - gzip, deflate
      CommandName:
      - network vnet subnet create
      Connection:
      - keep-alive
      Content-Length:
      - '539'
      Content-Type:
      - application/json
      ParameterSetName:
      - --resource-group --name --vnet-name --address-prefixes
      User-Agent:
      - AZURECLI/2.39.0 azsdk-python-azure-mgmt-network/21.0.1 Python/3.10.6 (Linux-5.15.0-1017-azure-x86_64-with-glibc2.31)
        VSTS_0fb41ef4-5012-48a9-bf39-4ee3de03ee35_build_4949_0
    method: PUT
    uri: https://management.azure.com/subscriptions/00000000-0000-0000-0000-000000000000/resourceGroups/clitest.rg000001/providers/Microsoft.Network/virtualNetworks/cs_cli_test_000002?api-version=2022-01-01
  response:
    body:
      string: "{\r\n  \"name\": \"cs_cli_test_000002\",\r\n  \"id\": \"/subscriptions/00000000-0000-0000-0000-000000000000/resourceGroups/clitest.rg000001/providers/Microsoft.Network/virtualNetworks/cs_cli_test_000002\",\r\n
        \ \"etag\": \"W/\\\"4df18090-06f3-4be6-b55d-c74205abfa16\\\"\",\r\n  \"type\":
        \"Microsoft.Network/virtualNetworks\",\r\n  \"location\": \"centraluseuap\",\r\n
        \ \"tags\": {},\r\n  \"properties\": {\r\n    \"provisioningState\": \"Updating\",\r\n
        \   \"resourceGuid\": \"7f91d40e-fac8-44ce-9ed7-95f1e3f8a682\",\r\n    \"addressSpace\":
        {\r\n      \"addressPrefixes\": [\r\n        \"10.0.0.0/16\"\r\n      ]\r\n
        \   },\r\n    \"dhcpOptions\": {\r\n      \"dnsServers\": []\r\n    },\r\n
        \   \"subnets\": [\r\n      {\r\n        \"name\": \"default\",\r\n        \"id\":
        \"/subscriptions/00000000-0000-0000-0000-000000000000/resourceGroups/clitest.rg000001/providers/Microsoft.Network/virtualNetworks/cs_cli_test_000002/subnets/default\",\r\n
        \       \"etag\": \"W/\\\"4df18090-06f3-4be6-b55d-c74205abfa16\\\"\",\r\n
        \       \"properties\": {\r\n          \"provisioningState\": \"Updating\",\r\n
        \         \"addressPrefix\": \"10.0.0.0/24\",\r\n          \"delegations\":
        [],\r\n          \"privateEndpointNetworkPolicies\": \"Disabled\",\r\n          \"privateLinkServiceNetworkPolicies\":
        \"Enabled\"\r\n        },\r\n        \"type\": \"Microsoft.Network/virtualNetworks/subnets\"\r\n
        \     }\r\n    ],\r\n    \"virtualNetworkPeerings\": [],\r\n    \"enableDdosProtection\":
        false\r\n  }\r\n}"
    headers:
      azure-asyncnotification:
      - Enabled
      azure-asyncoperation:
      - https://management.azure.com/subscriptions/00000000-0000-0000-0000-000000000000/providers/Microsoft.Network/locations/centraluseuap/operations/dd2f3592-0aea-4c0e-b71e-d89d1ed1a397?api-version=2022-01-01
      cache-control:
      - no-cache
      content-length:
      - '1332'
      content-type:
      - application/json; charset=utf-8
      date:
      - Fri, 26 Aug 2022 09:42:26 GMT
      expires:
      - '-1'
      pragma:
      - no-cache
      server:
      - Microsoft-HTTPAPI/2.0
      - Microsoft-HTTPAPI/2.0
      strict-transport-security:
      - max-age=31536000; includeSubDomains
      transfer-encoding:
      - chunked
      vary:
      - Accept-Encoding
      x-content-type-options:
      - nosniff
      x-ms-arm-service-request-id:
      - 4ee2c51e-9b0b-44b0-9398-126688284e8a
      x-ms-ratelimit-remaining-subscription-writes:
      - '1190'
    status:
      code: 200
      message: OK
- request:
    body: null
    headers:
      Accept:
      - '*/*'
      Accept-Encoding:
      - gzip, deflate
      CommandName:
      - network vnet subnet create
      Connection:
      - keep-alive
      ParameterSetName:
      - --resource-group --name --vnet-name --address-prefixes
      User-Agent:
      - AZURECLI/2.39.0 azsdk-python-azure-mgmt-network/21.0.1 Python/3.10.6 (Linux-5.15.0-1017-azure-x86_64-with-glibc2.31)
        VSTS_0fb41ef4-5012-48a9-bf39-4ee3de03ee35_build_4949_0
    method: GET
    uri: https://management.azure.com/subscriptions/00000000-0000-0000-0000-000000000000/providers/Microsoft.Network/locations/centraluseuap/operations/dd2f3592-0aea-4c0e-b71e-d89d1ed1a397?api-version=2022-01-01
  response:
    body:
      string: "{\r\n  \"status\": \"Succeeded\"\r\n}"
    headers:
      cache-control:
      - no-cache
      content-length:
      - '29'
      content-type:
      - application/json; charset=utf-8
      date:
      - Fri, 26 Aug 2022 09:42:30 GMT
      expires:
      - '-1'
      pragma:
      - no-cache
      server:
      - Microsoft-HTTPAPI/2.0
      - Microsoft-HTTPAPI/2.0
      strict-transport-security:
      - max-age=31536000; includeSubDomains
      transfer-encoding:
      - chunked
      vary:
      - Accept-Encoding
      x-content-type-options:
      - nosniff
      x-ms-arm-service-request-id:
      - 99f3d265-c0f8-4b6f-aa20-02c21a3c9242
    status:
      code: 200
      message: OK
- request:
    body: null
    headers:
      Accept:
      - '*/*'
      Accept-Encoding:
      - gzip, deflate
      CommandName:
      - network vnet subnet create
      Connection:
      - keep-alive
      ParameterSetName:
      - --resource-group --name --vnet-name --address-prefixes
      User-Agent:
      - AZURECLI/2.39.0 azsdk-python-azure-mgmt-network/21.0.1 Python/3.10.6 (Linux-5.15.0-1017-azure-x86_64-with-glibc2.31)
        VSTS_0fb41ef4-5012-48a9-bf39-4ee3de03ee35_build_4949_0
    method: GET
    uri: https://management.azure.com/subscriptions/00000000-0000-0000-0000-000000000000/resourceGroups/clitest.rg000001/providers/Microsoft.Network/virtualNetworks/cs_cli_test_000002?api-version=2022-01-01
  response:
    body:
      string: "{\r\n  \"name\": \"cs_cli_test_000002\",\r\n  \"id\": \"/subscriptions/00000000-0000-0000-0000-000000000000/resourceGroups/clitest.rg000001/providers/Microsoft.Network/virtualNetworks/cs_cli_test_000002\",\r\n
        \ \"etag\": \"W/\\\"45b4a6cf-79c5-47a5-b2a9-2bb6eaddffef\\\"\",\r\n  \"type\":
        \"Microsoft.Network/virtualNetworks\",\r\n  \"location\": \"centraluseuap\",\r\n
        \ \"tags\": {},\r\n  \"properties\": {\r\n    \"provisioningState\": \"Succeeded\",\r\n
        \   \"resourceGuid\": \"7f91d40e-fac8-44ce-9ed7-95f1e3f8a682\",\r\n    \"addressSpace\":
        {\r\n      \"addressPrefixes\": [\r\n        \"10.0.0.0/16\"\r\n      ]\r\n
        \   },\r\n    \"dhcpOptions\": {\r\n      \"dnsServers\": []\r\n    },\r\n
        \   \"subnets\": [\r\n      {\r\n        \"name\": \"default\",\r\n        \"id\":
        \"/subscriptions/00000000-0000-0000-0000-000000000000/resourceGroups/clitest.rg000001/providers/Microsoft.Network/virtualNetworks/cs_cli_test_000002/subnets/default\",\r\n
        \       \"etag\": \"W/\\\"45b4a6cf-79c5-47a5-b2a9-2bb6eaddffef\\\"\",\r\n
        \       \"properties\": {\r\n          \"provisioningState\": \"Succeeded\",\r\n
        \         \"addressPrefix\": \"10.0.0.0/24\",\r\n          \"delegations\":
        [],\r\n          \"privateEndpointNetworkPolicies\": \"Disabled\",\r\n          \"privateLinkServiceNetworkPolicies\":
        \"Enabled\"\r\n        },\r\n        \"type\": \"Microsoft.Network/virtualNetworks/subnets\"\r\n
        \     }\r\n    ],\r\n    \"virtualNetworkPeerings\": [],\r\n    \"enableDdosProtection\":
        false\r\n  }\r\n}"
    headers:
      cache-control:
      - no-cache
      content-length:
      - '1334'
      content-type:
      - application/json; charset=utf-8
      date:
      - Fri, 26 Aug 2022 09:42:30 GMT
      etag:
      - W/"45b4a6cf-79c5-47a5-b2a9-2bb6eaddffef"
      expires:
      - '-1'
      pragma:
      - no-cache
      server:
      - Microsoft-HTTPAPI/2.0
      - Microsoft-HTTPAPI/2.0
      strict-transport-security:
      - max-age=31536000; includeSubDomains
      transfer-encoding:
      - chunked
      vary:
      - Accept-Encoding
      x-content-type-options:
      - nosniff
      x-ms-arm-service-request-id:
      - 14a54a9c-b2ca-4fe3-8285-a008fc57642f
    status:
      code: 200
      message: OK
- request:
    body: null
    headers:
      Accept:
      - application/json
      Accept-Encoding:
      - gzip, deflate
      CommandName:
      - cognitiveservices account show
      Connection:
      - keep-alive
      ParameterSetName:
      - -n -g
      User-Agent:
      - AZURECLI/2.39.0 azsdk-python-mgmt-cognitiveservices/13.2.0 Python/3.10.6 (Linux-5.15.0-1017-azure-x86_64-with-glibc2.31)
        VSTS_0fb41ef4-5012-48a9-bf39-4ee3de03ee35_build_4949_0
    method: GET
    uri: https://management.azure.com/subscriptions/00000000-0000-0000-0000-000000000000/resourceGroups/clitest.rg000001/providers/Microsoft.CognitiveServices/accounts/cs_cli_test_000002?api-version=2022-03-01
  response:
    body:
      string: '{"id":"/subscriptions/00000000-0000-0000-0000-000000000000/resourceGroups/clitest.rg000001/providers/Microsoft.CognitiveServices/accounts/cs_cli_test_000002","name":"cs_cli_test_000002","type":"Microsoft.CognitiveServices/accounts","etag":"\"1c008588-0000-3300-0000-6308955f0000\"","location":"centraluseuap","sku":{"name":"S0"},"kind":"FormRecognizer","properties":{"endpoint":"https://csclitest000003.cognitiveservices.azure.com/","internalId":"9d9dafc68ef94cf2b5346a9c356ba338","dateCreated":"2022-08-26T09:41:49.7517973Z","callRateLimit":{"rules":[{"key":"formrecognizer.analyze","renewalPeriod":60,"count":15,"dynamicThrottlingEnabled":false,"matchPatterns":[]},{"key":"formrecognizer.single","renewalPeriod":60,"count":100,"dynamicThrottlingEnabled":false,"matchPatterns":[]},{"key":"formrecognizer.bulk","renewalPeriod":60,"count":10,"dynamicThrottlingEnabled":false,"matchPatterns":[]},{"key":"formrecognizer.model","renewalPeriod":60,"count":2,"dynamicThrottlingEnabled":false,"matchPatterns":[]},{"key":"formrecognizer.custom.train","renewalPeriod":60,"count":1,"dynamicThrottlingEnabled":false,"matchPatterns":[{"path":"formrecognizer/custom/train","method":"*"}]},{"key":"formrecognizer.custom.copymodels","renewalPeriod":60,"count":1,"dynamicThrottlingEnabled":false,"matchPatterns":[{"path":"formrecognizer/custom/models/{modelId}/copy","method":"*"}]},{"key":"formrecognizer.custom.models.get","renewalPeriod":60,"count":10,"dynamicThrottlingEnabled":false,"matchPatterns":[{"path":"formrecognizer/custom/models","method":"GET"}]},{"key":"formrecognizer.analyzeform","renewalPeriod":1,"count":15,"dynamicThrottlingEnabled":true,"matchPatterns":[{"path":"formrecognizer/custom/models/{modelId}/analyze","method":"POST"}]},{"key":"formrecognizer.analyzeform.result","renewalPeriod":1,"count":100,"dynamicThrottlingEnabled":true,"matchPatterns":[{"path":"formrecognizer/custom/models/{modelId}/analyzeResults/{resultId}","method":"GET"}]},{"key":"container.billing","renewalPeriod":10,"count":500,"dynamicThrottlingEnabled":false,"matchPatterns":[{"path":"billing/*","method":"*"}]},{"key":"default","renewalPeriod":1,"count":30,"dynamicThrottlingEnabled":true,"matchPatterns":[{"path":"*","method":"*"}]}]},"isMigrated":false,"customSubDomainName":"csclitest000003","privateEndpointConnections":[],"publicNetworkAccess":"Enabled","capabilities":[{"name":"DynamicThrottling"},{"name":"VirtualNetworks"},{"name":"CustomerManagedStorage"},{"name":"CustomerManagedKey"},{"name":"NetworkSecurityPerimeter"},{"name":"Container","value":"FormRecognizer.*"}],"endpoints":{"FormRecognizer":"https://csclitest000003.cognitiveservices.azure.com/"},"provisioningState":"Succeeded"},"systemData":{"createdBy":"azureclilivetest@azuresdkteam.onmicrosoft.com","createdByType":"User","createdAt":"2022-08-26T09:41:48.9359901Z","lastModifiedBy":"azureclilivetest@azuresdkteam.onmicrosoft.com","lastModifiedByType":"User","lastModifiedAt":"2022-08-26T09:41:48.9359901Z"}}'
    headers:
      cache-control:
      - no-cache
      content-length:
      - '2965'
      content-type:
      - application/json; charset=utf-8
      date:
      - Fri, 26 Aug 2022 09:42:30 GMT
      etag:
      - '"1c008588-0000-3300-0000-6308955f0000"'
      expires:
      - '-1'
      pragma:
      - no-cache
      server:
      - istio-envoy
      strict-transport-security:
      - max-age=31536000; includeSubDomains
      transfer-encoding:
      - chunked
      vary:
      - Accept-Encoding
      x-content-type-options:
      - nosniff
      x-envoy-upstream-service-time:
      - '15'
    status:
      code: 200
      message: OK
- request:
    body: null
    headers:
      Accept:
      - application/json
      Accept-Encoding:
      - gzip, deflate
      CommandName:
      - network vnet subnet update
      Connection:
      - keep-alive
      ParameterSetName:
      - --name --resource-group --vnet-name --disable-private-endpoint-network-policies
      User-Agent:
      - AZURECLI/2.39.0 azsdk-python-azure-mgmt-network/21.0.1 Python/3.10.6 (Linux-5.15.0-1017-azure-x86_64-with-glibc2.31)
        VSTS_0fb41ef4-5012-48a9-bf39-4ee3de03ee35_build_4949_0
    method: GET
    uri: https://management.azure.com/subscriptions/00000000-0000-0000-0000-000000000000/resourceGroups/clitest.rg000001/providers/Microsoft.Network/virtualNetworks/cs_cli_test_000002/subnets/default?api-version=2022-01-01
  response:
    body:
      string: "{\r\n  \"name\": \"default\",\r\n  \"id\": \"/subscriptions/00000000-0000-0000-0000-000000000000/resourceGroups/clitest.rg000001/providers/Microsoft.Network/virtualNetworks/cs_cli_test_000002/subnets/default\",\r\n
        \ \"etag\": \"W/\\\"45b4a6cf-79c5-47a5-b2a9-2bb6eaddffef\\\"\",\r\n  \"properties\":
        {\r\n    \"provisioningState\": \"Succeeded\",\r\n    \"addressPrefix\": \"10.0.0.0/24\",\r\n
        \   \"delegations\": [],\r\n    \"privateEndpointNetworkPolicies\": \"Disabled\",\r\n
        \   \"privateLinkServiceNetworkPolicies\": \"Enabled\"\r\n  },\r\n  \"type\":
        \"Microsoft.Network/virtualNetworks/subnets\"\r\n}"
    headers:
      cache-control:
      - no-cache
      content-length:
      - '541'
      content-type:
      - application/json; charset=utf-8
      date:
      - Fri, 26 Aug 2022 09:42:30 GMT
      etag:
      - W/"45b4a6cf-79c5-47a5-b2a9-2bb6eaddffef"
      expires:
      - '-1'
      pragma:
      - no-cache
      server:
      - Microsoft-HTTPAPI/2.0
      - Microsoft-HTTPAPI/2.0
      strict-transport-security:
      - max-age=31536000; includeSubDomains
      transfer-encoding:
      - chunked
      vary:
      - Accept-Encoding
      x-content-type-options:
      - nosniff
      x-ms-arm-service-request-id:
      - 8c54b955-3d9a-47b7-87f6-e198d8671802
    status:
      code: 200
      message: OK
- request:
    body: '{"id": "/subscriptions/00000000-0000-0000-0000-000000000000/resourceGroups/clitest.rg000001/providers/Microsoft.Network/virtualNetworks/cs_cli_test_000002/subnets/default",
      "name": "default", "type": "Microsoft.Network/virtualNetworks/subnets", "properties":
      {"addressPrefix": "10.0.0.0/24", "delegations": [], "privateEndpointNetworkPolicies":
      "Disabled", "privateLinkServiceNetworkPolicies": "Enabled"}}'
    headers:
      Accept:
      - application/json
      Accept-Encoding:
      - gzip, deflate
      CommandName:
      - network vnet subnet update
      Connection:
      - keep-alive
      Content-Length:
      - '405'
      Content-Type:
      - application/json
      ParameterSetName:
      - --name --resource-group --vnet-name --disable-private-endpoint-network-policies
      User-Agent:
      - AZURECLI/2.39.0 azsdk-python-azure-mgmt-network/21.0.1 Python/3.10.6 (Linux-5.15.0-1017-azure-x86_64-with-glibc2.31)
        VSTS_0fb41ef4-5012-48a9-bf39-4ee3de03ee35_build_4949_0
    method: PUT
    uri: https://management.azure.com/subscriptions/00000000-0000-0000-0000-000000000000/resourceGroups/clitest.rg000001/providers/Microsoft.Network/virtualNetworks/cs_cli_test_000002/subnets/default?api-version=2022-01-01
  response:
    body:
      string: "{\r\n  \"name\": \"default\",\r\n  \"id\": \"/subscriptions/00000000-0000-0000-0000-000000000000/resourceGroups/clitest.rg000001/providers/Microsoft.Network/virtualNetworks/cs_cli_test_000002/subnets/default\",\r\n
        \ \"etag\": \"W/\\\"d6ea9896-db87-4234-81f6-f0c93de1c005\\\"\",\r\n  \"properties\":
        {\r\n    \"provisioningState\": \"Succeeded\",\r\n    \"addressPrefix\": \"10.0.0.0/24\",\r\n
        \   \"delegations\": [],\r\n    \"privateEndpointNetworkPolicies\": \"Disabled\",\r\n
        \   \"privateLinkServiceNetworkPolicies\": \"Enabled\"\r\n  },\r\n  \"type\":
        \"Microsoft.Network/virtualNetworks/subnets\"\r\n}"
    headers:
      azure-asyncoperation:
      - https://management.azure.com/subscriptions/00000000-0000-0000-0000-000000000000/providers/Microsoft.Network/locations/centraluseuap/operations/a44c2acb-4332-426e-afca-0487cf8631ed?api-version=2022-01-01
      cache-control:
      - no-cache
      content-length:
      - '541'
      content-type:
      - application/json; charset=utf-8
      date:
      - Fri, 26 Aug 2022 09:42:30 GMT
      expires:
      - '-1'
      pragma:
      - no-cache
      server:
      - Microsoft-HTTPAPI/2.0
      - Microsoft-HTTPAPI/2.0
      strict-transport-security:
      - max-age=31536000; includeSubDomains
      transfer-encoding:
      - chunked
      vary:
      - Accept-Encoding
      x-content-type-options:
      - nosniff
      x-ms-arm-service-request-id:
      - 4aa8ece3-2621-4316-8d77-b4b5d6727820
      x-ms-ratelimit-remaining-subscription-writes:
      - '1192'
    status:
      code: 200
      message: OK
- request:
    body: null
    headers:
      Accept:
      - '*/*'
      Accept-Encoding:
      - gzip, deflate
      CommandName:
      - network vnet subnet update
      Connection:
      - keep-alive
      ParameterSetName:
      - --name --resource-group --vnet-name --disable-private-endpoint-network-policies
      User-Agent:
      - AZURECLI/2.39.0 azsdk-python-azure-mgmt-network/21.0.1 Python/3.10.6 (Linux-5.15.0-1017-azure-x86_64-with-glibc2.31)
        VSTS_0fb41ef4-5012-48a9-bf39-4ee3de03ee35_build_4949_0
    method: GET
    uri: https://management.azure.com/subscriptions/00000000-0000-0000-0000-000000000000/providers/Microsoft.Network/locations/centraluseuap/operations/a44c2acb-4332-426e-afca-0487cf8631ed?api-version=2022-01-01
  response:
    body:
      string: "{\r\n  \"status\": \"Succeeded\"\r\n}"
    headers:
      cache-control:
      - no-cache
      content-length:
      - '29'
      content-type:
      - application/json; charset=utf-8
      date:
      - Fri, 26 Aug 2022 09:43:00 GMT
      expires:
      - '-1'
      pragma:
      - no-cache
      server:
      - Microsoft-HTTPAPI/2.0
      - Microsoft-HTTPAPI/2.0
      strict-transport-security:
      - max-age=31536000; includeSubDomains
      transfer-encoding:
      - chunked
      vary:
      - Accept-Encoding
      x-content-type-options:
      - nosniff
      x-ms-arm-service-request-id:
      - c3251fa0-0148-4d27-9cb0-b3c05235f498
    status:
      code: 200
      message: OK
- request:
    body: null
    headers:
      Accept:
      - '*/*'
      Accept-Encoding:
      - gzip, deflate
      CommandName:
      - network vnet subnet update
      Connection:
      - keep-alive
      ParameterSetName:
      - --name --resource-group --vnet-name --disable-private-endpoint-network-policies
      User-Agent:
      - AZURECLI/2.39.0 azsdk-python-azure-mgmt-network/21.0.1 Python/3.10.6 (Linux-5.15.0-1017-azure-x86_64-with-glibc2.31)
        VSTS_0fb41ef4-5012-48a9-bf39-4ee3de03ee35_build_4949_0
    method: GET
    uri: https://management.azure.com/subscriptions/00000000-0000-0000-0000-000000000000/resourceGroups/clitest.rg000001/providers/Microsoft.Network/virtualNetworks/cs_cli_test_000002/subnets/default?api-version=2022-01-01
  response:
    body:
      string: "{\r\n  \"name\": \"default\",\r\n  \"id\": \"/subscriptions/00000000-0000-0000-0000-000000000000/resourceGroups/clitest.rg000001/providers/Microsoft.Network/virtualNetworks/cs_cli_test_000002/subnets/default\",\r\n
        \ \"etag\": \"W/\\\"d6ea9896-db87-4234-81f6-f0c93de1c005\\\"\",\r\n  \"properties\":
        {\r\n    \"provisioningState\": \"Succeeded\",\r\n    \"addressPrefix\": \"10.0.0.0/24\",\r\n
        \   \"delegations\": [],\r\n    \"privateEndpointNetworkPolicies\": \"Disabled\",\r\n
        \   \"privateLinkServiceNetworkPolicies\": \"Enabled\"\r\n  },\r\n  \"type\":
        \"Microsoft.Network/virtualNetworks/subnets\"\r\n}"
    headers:
      cache-control:
      - no-cache
      content-length:
      - '541'
      content-type:
      - application/json; charset=utf-8
      date:
      - Fri, 26 Aug 2022 09:43:00 GMT
      etag:
      - W/"d6ea9896-db87-4234-81f6-f0c93de1c005"
      expires:
      - '-1'
      pragma:
      - no-cache
      server:
      - Microsoft-HTTPAPI/2.0
      - Microsoft-HTTPAPI/2.0
      strict-transport-security:
      - max-age=31536000; includeSubDomains
      transfer-encoding:
      - chunked
      vary:
      - Accept-Encoding
      x-content-type-options:
      - nosniff
      x-ms-arm-service-request-id:
      - 71ccdb3d-4093-409b-94cd-60353f454ba9
    status:
      code: 200
      message: OK
- request:
    body: '{"location": "centraluseuap", "properties": {"subnet": {"id": "/subscriptions/00000000-0000-0000-0000-000000000000/resourceGroups/clitest.rg000001/providers/Microsoft.Network/virtualNetworks/cs_cli_test_000002/subnets/default",
      "properties": {"privateEndpointNetworkPolicies": "Disabled", "privateLinkServiceNetworkPolicies":
      "Enabled"}}, "privateLinkServiceConnections": [{"name": "pecs_cli_test_000002",
      "properties": {"privateLinkServiceId": "/subscriptions/00000000-0000-0000-0000-000000000000/resourceGroups/clitest.rg000001/providers/Microsoft.CognitiveServices/accounts/cs_cli_test_000002",
      "groupIds": ["account"]}}]}}'
    headers:
      Accept:
      - application/json
      Accept-Encoding:
      - gzip, deflate
      CommandName:
      - network private-endpoint create
      Connection:
      - keep-alive
      Content-Length:
      - '626'
      Content-Type:
      - application/json
      ParameterSetName:
      - -g -n --vnet-name --subnet --private-connection-resource-id --group-id --connection-name
        -l
      User-Agent:
      - AZURECLI/2.39.0 azsdk-python-azure-mgmt-network/21.0.1 Python/3.10.6 (Linux-5.15.0-1017-azure-x86_64-with-glibc2.31)
        VSTS_0fb41ef4-5012-48a9-bf39-4ee3de03ee35_build_4949_0
    method: PUT
    uri: https://management.azure.com/subscriptions/00000000-0000-0000-0000-000000000000/resourceGroups/clitest.rg000001/providers/Microsoft.Network/privateEndpoints/pecs_cli_test_000002?api-version=2022-01-01
  response:
    body:
      string: "{\r\n  \"name\": \"pecs_cli_test_000002\",\r\n  \"id\": \"/subscriptions/00000000-0000-0000-0000-000000000000/resourceGroups/clitest.rg000001/providers/Microsoft.Network/privateEndpoints/pecs_cli_test_000002\",\r\n
        \ \"etag\": \"W/\\\"e2f0c52e-11fe-42d0-bcba-ffa5c03848d3\\\"\",\r\n  \"type\":
        \"Microsoft.Network/privateEndpoints\",\r\n  \"location\": \"centraluseuap\",\r\n
        \ \"properties\": {\r\n    \"provisioningState\": \"Updating\",\r\n    \"resourceGuid\":
        \"cfa9d74b-9de5-46d1-acc9-b5fb40beb5bd\",\r\n    \"privateLinkServiceConnections\":
        [\r\n      {\r\n        \"name\": \"pecs_cli_test_000002\",\r\n        \"id\":
        \"/subscriptions/00000000-0000-0000-0000-000000000000/resourceGroups/clitest.rg000001/providers/Microsoft.Network/privateEndpoints/pecs_cli_test_000002/privateLinkServiceConnections/pecs_cli_test_000002\",\r\n
        \       \"etag\": \"W/\\\"e2f0c52e-11fe-42d0-bcba-ffa5c03848d3\\\"\",\r\n
        \       \"properties\": {\r\n          \"provisioningState\": \"Succeeded\",\r\n
        \         \"privateLinkServiceId\": \"/subscriptions/00000000-0000-0000-0000-000000000000/resourceGroups/clitest.rg000001/providers/Microsoft.CognitiveServices/accounts/cs_cli_test_000002\",\r\n
        \         \"groupIds\": [\r\n            \"account\"\r\n          ],\r\n          \"privateLinkServiceConnectionState\":
        {\r\n            \"status\": \"Approved\",\r\n            \"description\":
        \"Auto Approved\",\r\n            \"actionsRequired\": \"None\"\r\n          }\r\n
        \       },\r\n        \"type\": \"Microsoft.Network/privateEndpoints/privateLinkServiceConnections\"\r\n
        \     }\r\n    ],\r\n    \"manualPrivateLinkServiceConnections\": [],\r\n
        \   \"customNetworkInterfaceName\": \"\",\r\n    \"subnet\": {\r\n      \"id\":
        \"/subscriptions/00000000-0000-0000-0000-000000000000/resourceGroups/clitest.rg000001/providers/Microsoft.Network/virtualNetworks/cs_cli_test_000002/subnets/default\"\r\n
        \   },\r\n    \"ipConfigurations\": [],\r\n    \"networkInterfaces\": [\r\n
        \     {\r\n        \"id\": \"/subscriptions/00000000-0000-0000-0000-000000000000/resourceGroups/clitest.rg000001/providers/Microsoft.Network/networkInterfaces/pecs_cli_test_000002.nic.279603e3-2051-46be-8e52-abce6e6beac8\"\r\n
        \     }\r\n    ],\r\n    \"customDnsConfigs\": []\r\n  }\r\n}"
    headers:
      azure-asyncnotification:
      - Enabled
      azure-asyncoperation:
      - https://management.azure.com/subscriptions/00000000-0000-0000-0000-000000000000/providers/Microsoft.Network/locations/centraluseuap/operations/310198bb-3c45-4fc1-a121-08d41b65f8fa?api-version=2022-01-01
      cache-control:
      - no-cache
      content-length:
      - '2059'
      content-type:
      - application/json; charset=utf-8
      date:
      - Fri, 26 Aug 2022 09:43:02 GMT
      expires:
      - '-1'
      pragma:
      - no-cache
      server:
      - Microsoft-HTTPAPI/2.0
      - Microsoft-HTTPAPI/2.0
      strict-transport-security:
      - max-age=31536000; includeSubDomains
      x-content-type-options:
      - nosniff
      x-ms-arm-service-request-id:
      - 19500dc8-b020-4b2c-968d-ad4f6812bddb
      x-ms-ratelimit-remaining-subscription-writes:
      - '1196'
    status:
      code: 201
      message: Created
- request:
    body: null
    headers:
      Accept:
      - '*/*'
      Accept-Encoding:
      - gzip, deflate
      CommandName:
      - network private-endpoint create
      Connection:
      - keep-alive
      ParameterSetName:
      - -g -n --vnet-name --subnet --private-connection-resource-id --group-id --connection-name
        -l
      User-Agent:
      - AZURECLI/2.39.0 azsdk-python-azure-mgmt-network/21.0.1 Python/3.10.6 (Linux-5.15.0-1017-azure-x86_64-with-glibc2.31)
        VSTS_0fb41ef4-5012-48a9-bf39-4ee3de03ee35_build_4949_0
    method: GET
    uri: https://management.azure.com/subscriptions/00000000-0000-0000-0000-000000000000/providers/Microsoft.Network/locations/centraluseuap/operations/310198bb-3c45-4fc1-a121-08d41b65f8fa?api-version=2022-01-01
  response:
    body:
      string: "{\r\n  \"status\": \"InProgress\"\r\n}"
    headers:
      cache-control:
      - no-cache
      content-length:
      - '30'
      content-type:
      - application/json; charset=utf-8
      date:
      - Fri, 26 Aug 2022 09:43:11 GMT
      expires:
      - '-1'
      pragma:
      - no-cache
      server:
      - Microsoft-HTTPAPI/2.0
      - Microsoft-HTTPAPI/2.0
      strict-transport-security:
      - max-age=31536000; includeSubDomains
      transfer-encoding:
      - chunked
      vary:
      - Accept-Encoding
      x-content-type-options:
      - nosniff
      x-ms-arm-service-request-id:
      - 87d33fa1-3714-4771-a5a3-7d4bc4e2a175
    status:
      code: 200
      message: OK
- request:
    body: null
    headers:
      Accept:
      - '*/*'
      Accept-Encoding:
      - gzip, deflate
      CommandName:
      - network private-endpoint create
      Connection:
      - keep-alive
      ParameterSetName:
      - -g -n --vnet-name --subnet --private-connection-resource-id --group-id --connection-name
        -l
      User-Agent:
      - AZURECLI/2.39.0 azsdk-python-azure-mgmt-network/21.0.1 Python/3.10.6 (Linux-5.15.0-1017-azure-x86_64-with-glibc2.31)
        VSTS_0fb41ef4-5012-48a9-bf39-4ee3de03ee35_build_4949_0
    method: GET
    uri: https://management.azure.com/subscriptions/00000000-0000-0000-0000-000000000000/providers/Microsoft.Network/locations/centraluseuap/operations/310198bb-3c45-4fc1-a121-08d41b65f8fa?api-version=2022-01-01
  response:
    body:
      string: "{\r\n  \"status\": \"InProgress\"\r\n}"
    headers:
      cache-control:
      - no-cache
      content-length:
      - '30'
      content-type:
      - application/json; charset=utf-8
      date:
      - Fri, 26 Aug 2022 09:43:22 GMT
      expires:
      - '-1'
      pragma:
      - no-cache
      server:
      - Microsoft-HTTPAPI/2.0
      - Microsoft-HTTPAPI/2.0
      strict-transport-security:
      - max-age=31536000; includeSubDomains
      transfer-encoding:
      - chunked
      vary:
      - Accept-Encoding
      x-content-type-options:
      - nosniff
      x-ms-arm-service-request-id:
      - 24c48e85-e835-42de-84d3-434326a485f7
    status:
      code: 200
      message: OK
- request:
    body: null
    headers:
      Accept:
      - '*/*'
      Accept-Encoding:
      - gzip, deflate
      CommandName:
      - network private-endpoint create
      Connection:
      - keep-alive
      ParameterSetName:
      - -g -n --vnet-name --subnet --private-connection-resource-id --group-id --connection-name
        -l
      User-Agent:
      - AZURECLI/2.39.0 azsdk-python-azure-mgmt-network/21.0.1 Python/3.10.6 (Linux-5.15.0-1017-azure-x86_64-with-glibc2.31)
        VSTS_0fb41ef4-5012-48a9-bf39-4ee3de03ee35_build_4949_0
    method: GET
    uri: https://management.azure.com/subscriptions/00000000-0000-0000-0000-000000000000/providers/Microsoft.Network/locations/centraluseuap/operations/310198bb-3c45-4fc1-a121-08d41b65f8fa?api-version=2022-01-01
  response:
    body:
      string: "{\r\n  \"status\": \"InProgress\"\r\n}"
    headers:
      cache-control:
      - no-cache
      content-length:
      - '30'
      content-type:
      - application/json; charset=utf-8
      date:
      - Fri, 26 Aug 2022 09:43:42 GMT
      expires:
      - '-1'
      pragma:
      - no-cache
      server:
      - Microsoft-HTTPAPI/2.0
      - Microsoft-HTTPAPI/2.0
      strict-transport-security:
      - max-age=31536000; includeSubDomains
      transfer-encoding:
      - chunked
      vary:
      - Accept-Encoding
      x-content-type-options:
      - nosniff
      x-ms-arm-service-request-id:
      - f02f5da2-1d27-45f7-9ae6-a603761719b9
    status:
      code: 200
      message: OK
- request:
    body: null
    headers:
      Accept:
      - '*/*'
      Accept-Encoding:
      - gzip, deflate
      CommandName:
      - network private-endpoint create
      Connection:
      - keep-alive
      ParameterSetName:
      - -g -n --vnet-name --subnet --private-connection-resource-id --group-id --connection-name
        -l
      User-Agent:
      - AZURECLI/2.39.0 azsdk-python-azure-mgmt-network/21.0.1 Python/3.10.6 (Linux-5.15.0-1017-azure-x86_64-with-glibc2.31)
        VSTS_0fb41ef4-5012-48a9-bf39-4ee3de03ee35_build_4949_0
    method: GET
    uri: https://management.azure.com/subscriptions/00000000-0000-0000-0000-000000000000/providers/Microsoft.Network/locations/centraluseuap/operations/310198bb-3c45-4fc1-a121-08d41b65f8fa?api-version=2022-01-01
  response:
    body:
      string: "{\r\n  \"status\": \"Succeeded\"\r\n}"
    headers:
      cache-control:
      - no-cache
      content-length:
      - '29'
      content-type:
      - application/json; charset=utf-8
      date:
      - Fri, 26 Aug 2022 09:44:02 GMT
      expires:
      - '-1'
      pragma:
      - no-cache
      server:
      - Microsoft-HTTPAPI/2.0
      - Microsoft-HTTPAPI/2.0
      strict-transport-security:
      - max-age=31536000; includeSubDomains
      transfer-encoding:
      - chunked
      vary:
      - Accept-Encoding
      x-content-type-options:
      - nosniff
      x-ms-arm-service-request-id:
      - 6118bd2c-9ad6-440e-b368-bbcb40ce8125
    status:
      code: 200
      message: OK
- request:
    body: null
    headers:
      Accept:
      - '*/*'
      Accept-Encoding:
      - gzip, deflate
      CommandName:
      - network private-endpoint create
      Connection:
      - keep-alive
      ParameterSetName:
      - -g -n --vnet-name --subnet --private-connection-resource-id --group-id --connection-name
        -l
      User-Agent:
      - AZURECLI/2.39.0 azsdk-python-azure-mgmt-network/21.0.1 Python/3.10.6 (Linux-5.15.0-1017-azure-x86_64-with-glibc2.31)
        VSTS_0fb41ef4-5012-48a9-bf39-4ee3de03ee35_build_4949_0
    method: GET
    uri: https://management.azure.com/subscriptions/00000000-0000-0000-0000-000000000000/resourceGroups/clitest.rg000001/providers/Microsoft.Network/privateEndpoints/pecs_cli_test_000002?api-version=2022-01-01
  response:
    body:
      string: "{\r\n  \"name\": \"pecs_cli_test_000002\",\r\n  \"id\": \"/subscriptions/00000000-0000-0000-0000-000000000000/resourceGroups/clitest.rg000001/providers/Microsoft.Network/privateEndpoints/pecs_cli_test_000002\",\r\n
        \ \"etag\": \"W/\\\"07e07495-f48f-4f08-93fc-c8cfd910ad5a\\\"\",\r\n  \"type\":
        \"Microsoft.Network/privateEndpoints\",\r\n  \"location\": \"centraluseuap\",\r\n
        \ \"properties\": {\r\n    \"provisioningState\": \"Succeeded\",\r\n    \"resourceGuid\":
        \"cfa9d74b-9de5-46d1-acc9-b5fb40beb5bd\",\r\n    \"privateLinkServiceConnections\":
        [\r\n      {\r\n        \"name\": \"pecs_cli_test_000002\",\r\n        \"id\":
        \"/subscriptions/00000000-0000-0000-0000-000000000000/resourceGroups/clitest.rg000001/providers/Microsoft.Network/privateEndpoints/pecs_cli_test_000002/privateLinkServiceConnections/pecs_cli_test_000002\",\r\n
        \       \"etag\": \"W/\\\"07e07495-f48f-4f08-93fc-c8cfd910ad5a\\\"\",\r\n
        \       \"properties\": {\r\n          \"provisioningState\": \"Succeeded\",\r\n
        \         \"privateLinkServiceId\": \"/subscriptions/00000000-0000-0000-0000-000000000000/resourceGroups/clitest.rg000001/providers/Microsoft.CognitiveServices/accounts/cs_cli_test_000002\",\r\n
        \         \"groupIds\": [\r\n            \"account\"\r\n          ],\r\n          \"privateLinkServiceConnectionState\":
        {\r\n            \"status\": \"Approved\",\r\n            \"description\":
        \"Approved\",\r\n            \"actionsRequired\": \"None\"\r\n          }\r\n
        \       },\r\n        \"type\": \"Microsoft.Network/privateEndpoints/privateLinkServiceConnections\"\r\n
        \     }\r\n    ],\r\n    \"manualPrivateLinkServiceConnections\": [],\r\n
        \   \"customNetworkInterfaceName\": \"\",\r\n    \"subnet\": {\r\n      \"id\":
        \"/subscriptions/00000000-0000-0000-0000-000000000000/resourceGroups/clitest.rg000001/providers/Microsoft.Network/virtualNetworks/cs_cli_test_000002/subnets/default\"\r\n
        \   },\r\n    \"ipConfigurations\": [],\r\n    \"networkInterfaces\": [\r\n
        \     {\r\n        \"id\": \"/subscriptions/00000000-0000-0000-0000-000000000000/resourceGroups/clitest.rg000001/providers/Microsoft.Network/networkInterfaces/pecs_cli_test_000002.nic.279603e3-2051-46be-8e52-abce6e6beac8\"\r\n
        \     }\r\n    ],\r\n    \"customDnsConfigs\": [\r\n      {\r\n        \"fqdn\":
        \"csclitest000003.cognitiveservices.azure.com\",\r\n        \"ipAddresses\":
        [\r\n          \"10.0.0.4\"\r\n        ]\r\n      }\r\n    ]\r\n  }\r\n}"
    headers:
      cache-control:
      - no-cache
      content-length:
      - '2202'
      content-type:
      - application/json; charset=utf-8
      date:
      - Fri, 26 Aug 2022 09:44:02 GMT
      etag:
      - W/"07e07495-f48f-4f08-93fc-c8cfd910ad5a"
      expires:
      - '-1'
      pragma:
      - no-cache
      server:
      - Microsoft-HTTPAPI/2.0
      - Microsoft-HTTPAPI/2.0
      strict-transport-security:
      - max-age=31536000; includeSubDomains
      transfer-encoding:
      - chunked
      vary:
      - Accept-Encoding
      x-content-type-options:
      - nosniff
      x-ms-arm-service-request-id:
      - 32169cdc-5b25-428e-b57a-1e39bc2e2b9e
    status:
      code: 200
      message: OK
- request:
    body: null
    headers:
      Accept:
      - application/json
      Accept-Encoding:
      - gzip, deflate
      CommandName:
      - cognitiveservices account show
      Connection:
      - keep-alive
      ParameterSetName:
      - -n -g
      User-Agent:
      - AZURECLI/2.39.0 azsdk-python-mgmt-cognitiveservices/13.2.0 Python/3.10.6 (Linux-5.15.0-1017-azure-x86_64-with-glibc2.31)
        VSTS_0fb41ef4-5012-48a9-bf39-4ee3de03ee35_build_4949_0
    method: GET
    uri: https://management.azure.com/subscriptions/00000000-0000-0000-0000-000000000000/resourceGroups/clitest.rg000001/providers/Microsoft.CognitiveServices/accounts/cs_cli_test_000002?api-version=2022-03-01
  response:
    body:
      string: '{"id":"/subscriptions/00000000-0000-0000-0000-000000000000/resourceGroups/clitest.rg000001/providers/Microsoft.CognitiveServices/accounts/cs_cli_test_000002","name":"cs_cli_test_000002","type":"Microsoft.CognitiveServices/accounts","etag":"\"1c004a89-0000-3300-0000-630895b30000\"","location":"centraluseuap","sku":{"name":"S0"},"kind":"FormRecognizer","properties":{"endpoint":"https://csclitest000003.cognitiveservices.azure.com/","internalId":"9d9dafc68ef94cf2b5346a9c356ba338","dateCreated":"2022-08-26T09:41:49.7517973Z","callRateLimit":{"rules":[{"key":"formrecognizer.analyze","renewalPeriod":60,"count":15,"dynamicThrottlingEnabled":false,"matchPatterns":[]},{"key":"formrecognizer.single","renewalPeriod":60,"count":100,"dynamicThrottlingEnabled":false,"matchPatterns":[]},{"key":"formrecognizer.bulk","renewalPeriod":60,"count":10,"dynamicThrottlingEnabled":false,"matchPatterns":[]},{"key":"formrecognizer.model","renewalPeriod":60,"count":2,"dynamicThrottlingEnabled":false,"matchPatterns":[]},{"key":"formrecognizer.custom.train","renewalPeriod":60,"count":1,"dynamicThrottlingEnabled":false,"matchPatterns":[{"path":"formrecognizer/custom/train","method":"*"}]},{"key":"formrecognizer.custom.copymodels","renewalPeriod":60,"count":1,"dynamicThrottlingEnabled":false,"matchPatterns":[{"path":"formrecognizer/custom/models/{modelId}/copy","method":"*"}]},{"key":"formrecognizer.custom.models.get","renewalPeriod":60,"count":10,"dynamicThrottlingEnabled":false,"matchPatterns":[{"path":"formrecognizer/custom/models","method":"GET"}]},{"key":"formrecognizer.analyzeform","renewalPeriod":1,"count":15,"dynamicThrottlingEnabled":true,"matchPatterns":[{"path":"formrecognizer/custom/models/{modelId}/analyze","method":"POST"}]},{"key":"formrecognizer.analyzeform.result","renewalPeriod":1,"count":100,"dynamicThrottlingEnabled":true,"matchPatterns":[{"path":"formrecognizer/custom/models/{modelId}/analyzeResults/{resultId}","method":"GET"}]},{"key":"container.billing","renewalPeriod":10,"count":500,"dynamicThrottlingEnabled":false,"matchPatterns":[{"path":"billing/*","method":"*"}]},{"key":"default","renewalPeriod":1,"count":30,"dynamicThrottlingEnabled":true,"matchPatterns":[{"path":"*","method":"*"}]}]},"isMigrated":false,"customSubDomainName":"csclitest000003","privateEndpointConnections":[{"id":"/subscriptions/00000000-0000-0000-0000-000000000000/resourceGroups/clitest.rg000001/providers/Microsoft.CognitiveServices/accounts/cs_cli_test_000002/privateEndpointConnections/pecs_cli_test_000002.cfa9d74b-9de5-46d1-acc9-b5fb40beb5bd","name":"cs_cli_test_000002/pecs_cli_test_000002.cfa9d74b-9de5-46d1-acc9-b5fb40beb5bd","type":"Microsoft.CognitiveServices/accounts/privateEndpointConnections","properties":{"privateEndpoint":{"id":"/subscriptions/00000000-0000-0000-0000-000000000000/resourceGroups/clitest.rg000001/providers/Microsoft.Network/privateEndpoints/pecs_cli_test_000002"},"groupIds":["account"],"privateLinkServiceConnectionState":{"status":"Approved","description":"Approved","actionsRequired":"None"}}}],"publicNetworkAccess":"Enabled","capabilities":[{"name":"DynamicThrottling"},{"name":"VirtualNetworks"},{"name":"CustomerManagedStorage"},{"name":"CustomerManagedKey"},{"name":"NetworkSecurityPerimeter"},{"name":"Container","value":"FormRecognizer.*"}],"endpoints":{"FormRecognizer":"https://csclitest000003.cognitiveservices.azure.com/"},"provisioningState":"Succeeded"},"systemData":{"createdBy":"azureclilivetest@azuresdkteam.onmicrosoft.com","createdByType":"User","createdAt":"2022-08-26T09:41:48.9359901Z","lastModifiedBy":"azureclilivetest@azuresdkteam.onmicrosoft.com","lastModifiedByType":"User","lastModifiedAt":"2022-08-26T09:41:48.9359901Z"}}'
    headers:
      cache-control:
      - no-cache
      content-length:
      - '3690'
      content-type:
      - application/json; charset=utf-8
      date:
      - Fri, 26 Aug 2022 09:44:03 GMT
      etag:
      - '"1c004a89-0000-3300-0000-630895b30000"'
      expires:
      - '-1'
      pragma:
      - no-cache
      server:
      - istio-envoy
      strict-transport-security:
      - max-age=31536000; includeSubDomains
      transfer-encoding:
      - chunked
      vary:
      - Accept-Encoding
      x-content-type-options:
      - nosniff
      x-envoy-upstream-service-time:
      - '24'
    status:
      code: 200
      message: OK
- request:
    body: null
    headers:
      Accept:
      - '*/*'
      Accept-Encoding:
      - gzip, deflate
      CommandName:
      - network private-endpoint-connection show
      Connection:
      - keep-alive
      ParameterSetName:
      - --id
      User-Agent:
      - python/3.10.6 (Linux-5.15.0-1017-azure-x86_64-with-glibc2.31) AZURECLI/2.39.0
        VSTS_0fb41ef4-5012-48a9-bf39-4ee3de03ee35_build_4949_0
    method: GET
    uri: https://management.azure.com/subscriptions/00000000-0000-0000-0000-000000000000/resourceGroups/clitest.rg000001/providers/Microsoft.CognitiveServices/accounts/cs_cli_test_000002/privateEndpointConnections/pecs_cli_test_000002.cfa9d74b-9de5-46d1-acc9-b5fb40beb5bd?api-version=2022-03-01
  response:
    body:
      string: '{"id":"/subscriptions/00000000-0000-0000-0000-000000000000/resourceGroups/clitest.rg000001/providers/Microsoft.CognitiveServices/accounts/cs_cli_test_000002/privateEndpointConnections/pecs_cli_test_000002.cfa9d74b-9de5-46d1-acc9-b5fb40beb5bd","name":"cs_cli_test_000002/pecs_cli_test_000002.cfa9d74b-9de5-46d1-acc9-b5fb40beb5bd","type":"Microsoft.CognitiveServices/accounts/privateEndpointConnections","etag":"\"0a00fc08-0000-3300-0000-630895b30000\"","location":"centraluseuap","properties":{"privateEndpoint":{"id":"/subscriptions/00000000-0000-0000-0000-000000000000/resourceGroups/clitest.rg000001/providers/Microsoft.Network/privateEndpoints/pecs_cli_test_000002"},"groupIds":["account"],"privateLinkServiceConnectionState":{"status":"Approved","description":"Approved","actionsRequired":"None"},"provisioningState":"Succeeded"}}'
    headers:
      cache-control:
      - no-cache
      content-length:
      - '834'
      content-type:
      - application/json; charset=utf-8
      date:
      - Fri, 26 Aug 2022 09:44:03 GMT
      etag:
      - '"0a00fc08-0000-3300-0000-630895b30000"'
      expires:
      - '-1'
      pragma:
      - no-cache
      server:
      - istio-envoy
      strict-transport-security:
      - max-age=31536000; includeSubDomains
      transfer-encoding:
      - chunked
      vary:
      - Accept-Encoding
      x-content-type-options:
      - nosniff
      x-envoy-upstream-service-time:
      - '23'
    status:
      code: 200
      message: OK
- request:
    body: null
    headers:
      Accept:
      - '*/*'
      Accept-Encoding:
      - gzip, deflate
      CommandName:
      - network private-endpoint-connection approve
      Connection:
      - keep-alive
      ParameterSetName:
      - --id
      User-Agent:
      - python/3.10.6 (Linux-5.15.0-1017-azure-x86_64-with-glibc2.31) AZURECLI/2.39.0
        VSTS_0fb41ef4-5012-48a9-bf39-4ee3de03ee35_build_4949_0
    method: GET
    uri: https://management.azure.com/subscriptions/00000000-0000-0000-0000-000000000000/resourceGroups/clitest.rg000001/providers/Microsoft.CognitiveServices/accounts/cs_cli_test_000002/privateEndpointConnections/pecs_cli_test_000002.cfa9d74b-9de5-46d1-acc9-b5fb40beb5bd?api-version=2022-03-01
  response:
    body:
      string: '{"id":"/subscriptions/00000000-0000-0000-0000-000000000000/resourceGroups/clitest.rg000001/providers/Microsoft.CognitiveServices/accounts/cs_cli_test_000002/privateEndpointConnections/pecs_cli_test_000002.cfa9d74b-9de5-46d1-acc9-b5fb40beb5bd","name":"cs_cli_test_000002/pecs_cli_test_000002.cfa9d74b-9de5-46d1-acc9-b5fb40beb5bd","type":"Microsoft.CognitiveServices/accounts/privateEndpointConnections","etag":"\"0a00fc08-0000-3300-0000-630895b30000\"","location":"centraluseuap","properties":{"privateEndpoint":{"id":"/subscriptions/00000000-0000-0000-0000-000000000000/resourceGroups/clitest.rg000001/providers/Microsoft.Network/privateEndpoints/pecs_cli_test_000002"},"groupIds":["account"],"privateLinkServiceConnectionState":{"status":"Approved","description":"Approved","actionsRequired":"None"},"provisioningState":"Succeeded"}}'
    headers:
      cache-control:
      - no-cache
      content-length:
      - '834'
      content-type:
      - application/json; charset=utf-8
      date:
      - Fri, 26 Aug 2022 09:44:03 GMT
      etag:
      - '"0a00fc08-0000-3300-0000-630895b30000"'
      expires:
      - '-1'
      pragma:
      - no-cache
      server:
      - istio-envoy
      strict-transport-security:
      - max-age=31536000; includeSubDomains
      transfer-encoding:
      - chunked
      vary:
      - Accept-Encoding
      x-content-type-options:
      - nosniff
      x-envoy-upstream-service-time:
      - '19'
    status:
      code: 200
      message: OK
- request:
    body: '{"id": "/subscriptions/00000000-0000-0000-0000-000000000000/resourceGroups/clitest.rg000001/providers/Microsoft.CognitiveServices/accounts/cs_cli_test_000002/privateEndpointConnections/pecs_cli_test_000002.cfa9d74b-9de5-46d1-acc9-b5fb40beb5bd",
      "name": "cs_cli_test_000002/pecs_cli_test_000002.cfa9d74b-9de5-46d1-acc9-b5fb40beb5bd",
      "type": "Microsoft.CognitiveServices/accounts/privateEndpointConnections", "etag":
      "\"0a00fc08-0000-3300-0000-630895b30000\"", "location": "centraluseuap", "properties":
      {"privateEndpoint": {"id": "/subscriptions/00000000-0000-0000-0000-000000000000/resourceGroups/clitest.rg000001/providers/Microsoft.Network/privateEndpoints/pecs_cli_test_000002"},
      "groupIds": ["account"], "privateLinkServiceConnectionState": {"status": "Approved",
      "description": null, "actionsRequired": "None"}, "provisioningState": "Succeeded"}}'
    headers:
      Accept:
      - '*/*'
      Accept-Encoding:
      - gzip, deflate
      CommandName:
      - network private-endpoint-connection approve
      Connection:
      - keep-alive
      Content-Length:
      - '852'
      Content-Type:
      - application/json
      ParameterSetName:
      - --id
      User-Agent:
      - python/3.10.6 (Linux-5.15.0-1017-azure-x86_64-with-glibc2.31) AZURECLI/2.39.0
        VSTS_0fb41ef4-5012-48a9-bf39-4ee3de03ee35_build_4949_0
    method: PUT
    uri: https://management.azure.com/subscriptions/00000000-0000-0000-0000-000000000000/resourceGroups/clitest.rg000001/providers/Microsoft.CognitiveServices/accounts/cs_cli_test_000002/privateEndpointConnections/pecs_cli_test_000002.cfa9d74b-9de5-46d1-acc9-b5fb40beb5bd?api-version=2022-03-01
  response:
    body:
      string: '{"id":"/subscriptions/00000000-0000-0000-0000-000000000000/resourceGroups/clitest.rg000001/providers/Microsoft.CognitiveServices/accounts/cs_cli_test_000002/privateEndpointConnections/pecs_cli_test_000002.cfa9d74b-9de5-46d1-acc9-b5fb40beb5bd","name":"cs_cli_test_000002/pecs_cli_test_000002.cfa9d74b-9de5-46d1-acc9-b5fb40beb5bd","type":"Microsoft.CognitiveServices/accounts/privateEndpointConnections","etag":"\"0a000d09-0000-3300-0000-630895e40000\"","location":"centraluseuap","properties":{"privateEndpoint":{"id":"/subscriptions/00000000-0000-0000-0000-000000000000/resourceGroups/clitest.rg000001/providers/Microsoft.Network/privateEndpoints/pecs_cli_test_000002"},"groupIds":["account"],"privateLinkServiceConnectionState":{"status":"Approved","description":"Approved","actionsRequired":"None"},"provisioningState":"Succeeded"}}'
    headers:
      cache-control:
      - no-cache
      content-length:
      - '834'
      content-type:
      - application/json; charset=utf-8
      date:
      - Fri, 26 Aug 2022 09:44:03 GMT
      etag:
      - '"0a000d09-0000-3300-0000-630895e40000"'
      expires:
      - '-1'
      pragma:
      - no-cache
      server:
      - istio-envoy
      strict-transport-security:
      - max-age=31536000; includeSubDomains
      transfer-encoding:
      - chunked
      vary:
      - Accept-Encoding
      x-content-type-options:
      - nosniff
      x-envoy-upstream-service-time:
      - '54'
      x-ms-ratelimit-remaining-subscription-writes:
      - '1198'
    status:
      code: 200
      message: OK
- request:
    body: null
    headers:
      Accept:
      - '*/*'
      Accept-Encoding:
      - gzip, deflate
      CommandName:
      - network private-endpoint-connection approve
      Connection:
      - keep-alive
      ParameterSetName:
      - --id
      User-Agent:
      - python/3.10.6 (Linux-5.15.0-1017-azure-x86_64-with-glibc2.31) AZURECLI/2.39.0
        VSTS_0fb41ef4-5012-48a9-bf39-4ee3de03ee35_build_4949_0
    method: GET
    uri: https://management.azure.com/subscriptions/00000000-0000-0000-0000-000000000000/resourceGroups/clitest.rg000001/providers/Microsoft.CognitiveServices/accounts/cs_cli_test_000002/privateEndpointConnections/pecs_cli_test_000002.cfa9d74b-9de5-46d1-acc9-b5fb40beb5bd?api-version=2022-03-01
  response:
    body:
      string: '{"id":"/subscriptions/00000000-0000-0000-0000-000000000000/resourceGroups/clitest.rg000001/providers/Microsoft.CognitiveServices/accounts/cs_cli_test_000002/privateEndpointConnections/pecs_cli_test_000002.cfa9d74b-9de5-46d1-acc9-b5fb40beb5bd","name":"cs_cli_test_000002/pecs_cli_test_000002.cfa9d74b-9de5-46d1-acc9-b5fb40beb5bd","type":"Microsoft.CognitiveServices/accounts/privateEndpointConnections","etag":"\"0a000d09-0000-3300-0000-630895e40000\"","location":"centraluseuap","properties":{"privateEndpoint":{"id":"/subscriptions/00000000-0000-0000-0000-000000000000/resourceGroups/clitest.rg000001/providers/Microsoft.Network/privateEndpoints/pecs_cli_test_000002"},"groupIds":["account"],"privateLinkServiceConnectionState":{"status":"Approved","description":"Approved","actionsRequired":"None"},"provisioningState":"Succeeded"}}'
    headers:
      cache-control:
      - no-cache
      content-length:
      - '834'
      content-type:
      - application/json; charset=utf-8
      date:
      - Fri, 26 Aug 2022 09:44:13 GMT
      etag:
      - '"0a000d09-0000-3300-0000-630895e40000"'
      expires:
      - '-1'
      pragma:
      - no-cache
      server:
      - istio-envoy
      strict-transport-security:
      - max-age=31536000; includeSubDomains
      transfer-encoding:
      - chunked
      vary:
      - Accept-Encoding
      x-content-type-options:
      - nosniff
      x-envoy-upstream-service-time:
      - '15'
    status:
      code: 200
      message: OK
- request:
    body: null
    headers:
      Accept:
      - '*/*'
      Accept-Encoding:
      - gzip, deflate
      CommandName:
      - network private-endpoint-connection reject
      Connection:
      - keep-alive
      ParameterSetName:
      - --id
      User-Agent:
      - python/3.10.6 (Linux-5.15.0-1017-azure-x86_64-with-glibc2.31) AZURECLI/2.39.0
        VSTS_0fb41ef4-5012-48a9-bf39-4ee3de03ee35_build_4949_0
    method: GET
    uri: https://management.azure.com/subscriptions/00000000-0000-0000-0000-000000000000/resourceGroups/clitest.rg000001/providers/Microsoft.CognitiveServices/accounts/cs_cli_test_000002/privateEndpointConnections/pecs_cli_test_000002.cfa9d74b-9de5-46d1-acc9-b5fb40beb5bd?api-version=2022-03-01
  response:
    body:
      string: '{"id":"/subscriptions/00000000-0000-0000-0000-000000000000/resourceGroups/clitest.rg000001/providers/Microsoft.CognitiveServices/accounts/cs_cli_test_000002/privateEndpointConnections/pecs_cli_test_000002.cfa9d74b-9de5-46d1-acc9-b5fb40beb5bd","name":"cs_cli_test_000002/pecs_cli_test_000002.cfa9d74b-9de5-46d1-acc9-b5fb40beb5bd","type":"Microsoft.CognitiveServices/accounts/privateEndpointConnections","etag":"\"0a000d09-0000-3300-0000-630895e40000\"","location":"centraluseuap","properties":{"privateEndpoint":{"id":"/subscriptions/00000000-0000-0000-0000-000000000000/resourceGroups/clitest.rg000001/providers/Microsoft.Network/privateEndpoints/pecs_cli_test_000002"},"groupIds":["account"],"privateLinkServiceConnectionState":{"status":"Approved","description":"Approved","actionsRequired":"None"},"provisioningState":"Succeeded"}}'
    headers:
      cache-control:
      - no-cache
      content-length:
      - '834'
      content-type:
      - application/json; charset=utf-8
      date:
      - Fri, 26 Aug 2022 09:44:15 GMT
      etag:
      - '"0a000d09-0000-3300-0000-630895e40000"'
      expires:
      - '-1'
      pragma:
      - no-cache
      server:
      - istio-envoy
      strict-transport-security:
      - max-age=31536000; includeSubDomains
      transfer-encoding:
      - chunked
      vary:
      - Accept-Encoding
      x-content-type-options:
      - nosniff
      x-envoy-upstream-service-time:
      - '15'
    status:
      code: 200
      message: OK
- request:
    body: '{"id": "/subscriptions/00000000-0000-0000-0000-000000000000/resourceGroups/clitest.rg000001/providers/Microsoft.CognitiveServices/accounts/cs_cli_test_000002/privateEndpointConnections/pecs_cli_test_000002.cfa9d74b-9de5-46d1-acc9-b5fb40beb5bd",
      "name": "cs_cli_test_000002/pecs_cli_test_000002.cfa9d74b-9de5-46d1-acc9-b5fb40beb5bd",
      "type": "Microsoft.CognitiveServices/accounts/privateEndpointConnections", "etag":
      "\"0a000d09-0000-3300-0000-630895e40000\"", "location": "centraluseuap", "properties":
      {"privateEndpoint": {"id": "/subscriptions/00000000-0000-0000-0000-000000000000/resourceGroups/clitest.rg000001/providers/Microsoft.Network/privateEndpoints/pecs_cli_test_000002"},
      "groupIds": ["account"], "privateLinkServiceConnectionState": {"status": "Rejected",
      "description": null, "actionsRequired": "None"}, "provisioningState": "Succeeded"}}'
    headers:
      Accept:
      - '*/*'
      Accept-Encoding:
      - gzip, deflate
      CommandName:
      - network private-endpoint-connection reject
      Connection:
      - keep-alive
      Content-Length:
      - '852'
      Content-Type:
      - application/json
      ParameterSetName:
      - --id
      User-Agent:
      - python/3.10.6 (Linux-5.15.0-1017-azure-x86_64-with-glibc2.31) AZURECLI/2.39.0
        VSTS_0fb41ef4-5012-48a9-bf39-4ee3de03ee35_build_4949_0
    method: PUT
    uri: https://management.azure.com/subscriptions/00000000-0000-0000-0000-000000000000/resourceGroups/clitest.rg000001/providers/Microsoft.CognitiveServices/accounts/cs_cli_test_000002/privateEndpointConnections/pecs_cli_test_000002.cfa9d74b-9de5-46d1-acc9-b5fb40beb5bd?api-version=2022-03-01
  response:
    body:
      string: '{"id":"/subscriptions/00000000-0000-0000-0000-000000000000/resourceGroups/clitest.rg000001/providers/Microsoft.CognitiveServices/accounts/cs_cli_test_000002/privateEndpointConnections/pecs_cli_test_000002.cfa9d74b-9de5-46d1-acc9-b5fb40beb5bd","name":"cs_cli_test_000002/pecs_cli_test_000002.cfa9d74b-9de5-46d1-acc9-b5fb40beb5bd","type":"Microsoft.CognitiveServices/accounts/privateEndpointConnections","etag":"\"0a001d09-0000-3300-0000-630896050000\"","location":"centraluseuap","properties":{"privateEndpoint":{"id":"/subscriptions/00000000-0000-0000-0000-000000000000/resourceGroups/clitest.rg000001/providers/Microsoft.Network/privateEndpoints/pecs_cli_test_000002"},"groupIds":["account"],"privateLinkServiceConnectionState":{"status":"Rejected","actionsRequired":"None"},"provisioningState":"Succeeded"}}'
    headers:
      cache-control:
      - no-cache
      content-length:
      - '809'
      content-type:
      - application/json; charset=utf-8
      date:
      - Fri, 26 Aug 2022 09:44:37 GMT
      etag:
      - '"0a001d09-0000-3300-0000-630896050000"'
      expires:
      - '-1'
      pragma:
      - no-cache
      server:
      - istio-envoy
      strict-transport-security:
      - max-age=31536000; includeSubDomains
      transfer-encoding:
      - chunked
      vary:
      - Accept-Encoding
      x-content-type-options:
      - nosniff
      x-envoy-upstream-service-time:
      - '22350'
      x-ms-ratelimit-remaining-subscription-writes:
      - '1199'
    status:
      code: 200
      message: OK
- request:
    body: null
    headers:
      Accept:
      - '*/*'
      Accept-Encoding:
      - gzip, deflate
      CommandName:
      - network private-endpoint-connection reject
      Connection:
      - keep-alive
      ParameterSetName:
      - --id
      User-Agent:
      - python/3.10.6 (Linux-5.15.0-1017-azure-x86_64-with-glibc2.31) AZURECLI/2.39.0
        VSTS_0fb41ef4-5012-48a9-bf39-4ee3de03ee35_build_4949_0
    method: GET
    uri: https://management.azure.com/subscriptions/00000000-0000-0000-0000-000000000000/resourceGroups/clitest.rg000001/providers/Microsoft.CognitiveServices/accounts/cs_cli_test_000002/privateEndpointConnections/pecs_cli_test_000002.cfa9d74b-9de5-46d1-acc9-b5fb40beb5bd?api-version=2022-03-01
  response:
    body:
      string: '{"id":"/subscriptions/00000000-0000-0000-0000-000000000000/resourceGroups/clitest.rg000001/providers/Microsoft.CognitiveServices/accounts/cs_cli_test_000002/privateEndpointConnections/pecs_cli_test_000002.cfa9d74b-9de5-46d1-acc9-b5fb40beb5bd","name":"cs_cli_test_000002/pecs_cli_test_000002.cfa9d74b-9de5-46d1-acc9-b5fb40beb5bd","type":"Microsoft.CognitiveServices/accounts/privateEndpointConnections","etag":"\"0a001d09-0000-3300-0000-630896050000\"","location":"centraluseuap","properties":{"privateEndpoint":{"id":"/subscriptions/00000000-0000-0000-0000-000000000000/resourceGroups/clitest.rg000001/providers/Microsoft.Network/privateEndpoints/pecs_cli_test_000002"},"groupIds":["account"],"privateLinkServiceConnectionState":{"status":"Rejected","actionsRequired":"None"},"provisioningState":"Succeeded"}}'
    headers:
      cache-control:
      - no-cache
      content-length:
      - '809'
      content-type:
      - application/json; charset=utf-8
      date:
      - Fri, 26 Aug 2022 09:44:47 GMT
      etag:
      - '"0a001d09-0000-3300-0000-630896050000"'
      expires:
      - '-1'
      pragma:
      - no-cache
      server:
      - istio-envoy
      strict-transport-security:
      - max-age=31536000; includeSubDomains
      transfer-encoding:
      - chunked
      vary:
      - Accept-Encoding
      x-content-type-options:
      - nosniff
      x-envoy-upstream-service-time:
      - '12'
    status:
      code: 200
      message: OK
- request:
    body: null
    headers:
      Accept:
      - '*/*'
      Accept-Encoding:
      - gzip, deflate
      CommandName:
      - network private-endpoint-connection list
      Connection:
      - keep-alive
      ParameterSetName:
      - --id
      User-Agent:
      - python/3.10.6 (Linux-5.15.0-1017-azure-x86_64-with-glibc2.31) AZURECLI/2.39.0
        VSTS_0fb41ef4-5012-48a9-bf39-4ee3de03ee35_build_4949_0
    method: GET
    uri: https://management.azure.com/subscriptions/00000000-0000-0000-0000-000000000000/resourceGroups/clitest.rg000001/providers/Microsoft.CognitiveServices/accounts/cs_cli_test_000002/privateEndpointConnections?api-version=2022-03-01
  response:
    body:
      string: '{"value":[{"id":"/subscriptions/00000000-0000-0000-0000-000000000000/resourceGroups/clitest.rg000001/providers/Microsoft.CognitiveServices/accounts/cs_cli_test_000002/privateEndpointConnections/pecs_cli_test_000002.cfa9d74b-9de5-46d1-acc9-b5fb40beb5bd","name":"cs_cli_test_000002/pecs_cli_test_000002.cfa9d74b-9de5-46d1-acc9-b5fb40beb5bd","type":"Microsoft.CognitiveServices/accounts/privateEndpointConnections","etag":"\"0a001d09-0000-3300-0000-630896050000\"","location":"centraluseuap","properties":{"privateEndpoint":{"id":"/subscriptions/00000000-0000-0000-0000-000000000000/resourceGroups/clitest.rg000001/providers/Microsoft.Network/privateEndpoints/pecs_cli_test_000002"},"groupIds":["account"],"privateLinkServiceConnectionState":{"status":"Rejected","actionsRequired":"None"},"provisioningState":"Succeeded"}}]}'
    headers:
      cache-control:
      - no-cache
      content-length:
      - '821'
      content-type:
      - application/json; charset=utf-8
      date:
      - Fri, 26 Aug 2022 09:44:47 GMT
      expires:
      - '-1'
      pragma:
      - no-cache
      server:
      - istio-envoy
      strict-transport-security:
      - max-age=31536000; includeSubDomains
      transfer-encoding:
      - chunked
      vary:
      - Accept-Encoding
      x-content-type-options:
      - nosniff
      x-envoy-upstream-service-time:
      - '13'
    status:
      code: 200
      message: OK
- request:
    body: null
    headers:
      Accept:
      - '*/*'
      Accept-Encoding:
      - gzip, deflate
      CommandName:
      - network private-endpoint-connection delete
      Connection:
      - keep-alive
      Content-Length:
      - '0'
      ParameterSetName:
      - --id --yes
      User-Agent:
      - python/3.10.6 (Linux-5.15.0-1017-azure-x86_64-with-glibc2.31) AZURECLI/2.39.0
        VSTS_0fb41ef4-5012-48a9-bf39-4ee3de03ee35_build_4949_0
    method: DELETE
    uri: https://management.azure.com/subscriptions/00000000-0000-0000-0000-000000000000/resourceGroups/clitest.rg000001/providers/Microsoft.CognitiveServices/accounts/cs_cli_test_000002/privateEndpointConnections/pecs_cli_test_000002.cfa9d74b-9de5-46d1-acc9-b5fb40beb5bd?api-version=2022-03-01
  response:
    body:
      string: ''
    headers:
      cache-control:
      - no-cache
      content-length:
      - '0'
      date:
      - Fri, 26 Aug 2022 09:45:00 GMT
      expires:
      - '-1'
      pragma:
      - no-cache
      server:
      - istio-envoy
      strict-transport-security:
      - max-age=31536000; includeSubDomains
      x-content-type-options:
      - nosniff
      x-envoy-upstream-service-time:
      - '11692'
      x-ms-ratelimit-remaining-subscription-deletes:
      - '14999'
    status:
      code: 200
      message: OK
- request:
    body: null
    headers:
      Accept:
      - '*/*'
      Accept-Encoding:
      - gzip, deflate
      CommandName:
      - network private-endpoint-connection list
      Connection:
      - keep-alive
      ParameterSetName:
      - --id
      User-Agent:
      - python/3.10.6 (Linux-5.15.0-1017-azure-x86_64-with-glibc2.31) AZURECLI/2.39.0
        VSTS_0fb41ef4-5012-48a9-bf39-4ee3de03ee35_build_4949_0
    method: GET
    uri: https://management.azure.com/subscriptions/00000000-0000-0000-0000-000000000000/resourceGroups/clitest.rg000001/providers/Microsoft.CognitiveServices/accounts/cs_cli_test_000002/privateEndpointConnections?api-version=2022-03-01
  response:
    body:
      string: '{"value":[]}'
    headers:
      cache-control:
      - no-cache
      content-length:
      - '12'
      content-type:
      - application/json; charset=utf-8
      date:
      - Fri, 26 Aug 2022 09:45:00 GMT
      expires:
      - '-1'
      pragma:
      - no-cache
      server:
      - istio-envoy
      strict-transport-security:
      - max-age=31536000; includeSubDomains
      transfer-encoding:
      - chunked
      vary:
      - Accept-Encoding
      x-content-type-options:
      - nosniff
      x-envoy-upstream-service-time:
      - '14'
    status:
      code: 200
      message: OK
- request:
    body: null
    headers:
      Accept:
      - application/json
      Accept-Encoding:
      - gzip, deflate
      CommandName:
      - network private-endpoint delete
      Connection:
      - keep-alive
      Content-Length:
      - '0'
      ParameterSetName:
      - --name --resource-group
      User-Agent:
      - AZURECLI/2.39.0 azsdk-python-azure-mgmt-network/21.0.1 Python/3.10.6 (Linux-5.15.0-1017-azure-x86_64-with-glibc2.31)
        VSTS_0fb41ef4-5012-48a9-bf39-4ee3de03ee35_build_4949_0
    method: DELETE
    uri: https://management.azure.com/subscriptions/00000000-0000-0000-0000-000000000000/resourceGroups/clitest.rg000001/providers/Microsoft.Network/privateEndpoints/pecs_cli_test_000002?api-version=2022-01-01
  response:
    body:
      string: ''
    headers:
      azure-asyncnotification:
      - Enabled
      azure-asyncoperation:
      - https://management.azure.com/subscriptions/00000000-0000-0000-0000-000000000000/providers/Microsoft.Network/locations/centraluseuap/operations/fa89fbea-104e-4ffb-88e7-514183986d14?api-version=2022-01-01
      cache-control:
      - no-cache
      content-length:
      - '0'
      date:
      - Fri, 26 Aug 2022 09:45:00 GMT
      expires:
      - '-1'
      location:
      - https://management.azure.com/subscriptions/00000000-0000-0000-0000-000000000000/providers/Microsoft.Network/locations/centraluseuap/operationResults/fa89fbea-104e-4ffb-88e7-514183986d14?api-version=2022-01-01
      pragma:
      - no-cache
      server:
      - Microsoft-HTTPAPI/2.0
      - Microsoft-HTTPAPI/2.0
      strict-transport-security:
      - max-age=31536000; includeSubDomains
      x-content-type-options:
      - nosniff
      x-ms-arm-service-request-id:
      - 71a63641-f489-4cfc-a7c6-bb9b4eef1533
      x-ms-ratelimit-remaining-subscription-deletes:
      - '14996'
    status:
      code: 202
      message: Accepted
- request:
    body: null
    headers:
      Accept:
      - '*/*'
      Accept-Encoding:
      - gzip, deflate
      CommandName:
      - network private-endpoint delete
      Connection:
      - keep-alive
      ParameterSetName:
      - --name --resource-group
      User-Agent:
      - AZURECLI/2.39.0 azsdk-python-azure-mgmt-network/21.0.1 Python/3.10.6 (Linux-5.15.0-1017-azure-x86_64-with-glibc2.31)
        VSTS_0fb41ef4-5012-48a9-bf39-4ee3de03ee35_build_4949_0
    method: GET
    uri: https://management.azure.com/subscriptions/00000000-0000-0000-0000-000000000000/providers/Microsoft.Network/locations/centraluseuap/operations/fa89fbea-104e-4ffb-88e7-514183986d14?api-version=2022-01-01
  response:
    body:
      string: "{\r\n  \"status\": \"InProgress\"\r\n}"
    headers:
      cache-control:
      - no-cache
      content-length:
      - '30'
      content-type:
      - application/json; charset=utf-8
      date:
      - Fri, 26 Aug 2022 09:45:11 GMT
      expires:
      - '-1'
      pragma:
      - no-cache
      server:
      - Microsoft-HTTPAPI/2.0
      - Microsoft-HTTPAPI/2.0
      strict-transport-security:
      - max-age=31536000; includeSubDomains
      transfer-encoding:
      - chunked
      vary:
      - Accept-Encoding
      x-content-type-options:
      - nosniff
      x-ms-arm-service-request-id:
      - 51e8716e-86fe-41d8-8180-c55620676fb8
    status:
      code: 200
      message: OK
- request:
    body: null
    headers:
      Accept:
      - '*/*'
      Accept-Encoding:
      - gzip, deflate
      CommandName:
      - network private-endpoint delete
      Connection:
      - keep-alive
      ParameterSetName:
      - --name --resource-group
      User-Agent:
      - AZURECLI/2.39.0 azsdk-python-azure-mgmt-network/21.0.1 Python/3.10.6 (Linux-5.15.0-1017-azure-x86_64-with-glibc2.31)
        VSTS_0fb41ef4-5012-48a9-bf39-4ee3de03ee35_build_4949_0
    method: GET
    uri: https://management.azure.com/subscriptions/00000000-0000-0000-0000-000000000000/providers/Microsoft.Network/locations/centraluseuap/operations/fa89fbea-104e-4ffb-88e7-514183986d14?api-version=2022-01-01
  response:
    body:
      string: "{\r\n  \"status\": \"InProgress\"\r\n}"
    headers:
      cache-control:
      - no-cache
      content-length:
      - '30'
      content-type:
      - application/json; charset=utf-8
      date:
      - Fri, 26 Aug 2022 09:45:21 GMT
      expires:
      - '-1'
      pragma:
      - no-cache
      server:
      - Microsoft-HTTPAPI/2.0
      - Microsoft-HTTPAPI/2.0
      strict-transport-security:
      - max-age=31536000; includeSubDomains
      transfer-encoding:
      - chunked
      vary:
      - Accept-Encoding
      x-content-type-options:
      - nosniff
      x-ms-arm-service-request-id:
      - 2d77b9bd-496b-4d72-9fd2-a48fafc9c6b0
    status:
      code: 200
      message: OK
- request:
    body: null
    headers:
      Accept:
      - '*/*'
      Accept-Encoding:
      - gzip, deflate
      CommandName:
      - network private-endpoint delete
      Connection:
      - keep-alive
      ParameterSetName:
      - --name --resource-group
      User-Agent:
      - AZURECLI/2.39.0 azsdk-python-azure-mgmt-network/21.0.1 Python/3.10.6 (Linux-5.15.0-1017-azure-x86_64-with-glibc2.31)
        VSTS_0fb41ef4-5012-48a9-bf39-4ee3de03ee35_build_4949_0
    method: GET
    uri: https://management.azure.com/subscriptions/00000000-0000-0000-0000-000000000000/providers/Microsoft.Network/locations/centraluseuap/operations/fa89fbea-104e-4ffb-88e7-514183986d14?api-version=2022-01-01
  response:
    body:
      string: "{\r\n  \"status\": \"Succeeded\"\r\n}"
    headers:
      cache-control:
      - no-cache
      content-length:
      - '29'
      content-type:
      - application/json; charset=utf-8
      date:
      - Fri, 26 Aug 2022 09:45:41 GMT
      expires:
      - '-1'
      pragma:
      - no-cache
      server:
      - Microsoft-HTTPAPI/2.0
      - Microsoft-HTTPAPI/2.0
      strict-transport-security:
      - max-age=31536000; includeSubDomains
      transfer-encoding:
      - chunked
      vary:
      - Accept-Encoding
      x-content-type-options:
      - nosniff
      x-ms-arm-service-request-id:
      - 456dd58f-8244-4e66-9779-dab5649a9a73
    status:
      code: 200
      message: OK
- request:
    body: null
    headers:
      Accept:
      - '*/*'
      Accept-Encoding:
      - gzip, deflate
      CommandName:
      - network private-endpoint delete
      Connection:
      - keep-alive
      ParameterSetName:
      - --name --resource-group
      User-Agent:
      - AZURECLI/2.39.0 azsdk-python-azure-mgmt-network/21.0.1 Python/3.10.6 (Linux-5.15.0-1017-azure-x86_64-with-glibc2.31)
        VSTS_0fb41ef4-5012-48a9-bf39-4ee3de03ee35_build_4949_0
    method: GET
    uri: https://management.azure.com/subscriptions/00000000-0000-0000-0000-000000000000/providers/Microsoft.Network/locations/centraluseuap/operationResults/fa89fbea-104e-4ffb-88e7-514183986d14?api-version=2022-01-01
  response:
    body:
      string: ''
    headers:
      azure-asyncnotification:
      - Enabled
      azure-asyncoperation:
      - https://management.azure.com/subscriptions/00000000-0000-0000-0000-000000000000/providers/Microsoft.Network/locations/centraluseuap/operations/fa89fbea-104e-4ffb-88e7-514183986d14?api-version=2022-01-01
      cache-control:
      - no-cache
      content-type:
      - application/json; charset=utf-8
      date:
      - Fri, 26 Aug 2022 09:45:41 GMT
      expires:
      - '-1'
      location:
      - https://management.azure.com/subscriptions/00000000-0000-0000-0000-000000000000/providers/Microsoft.Network/locations/centraluseuap/operationResults/fa89fbea-104e-4ffb-88e7-514183986d14?api-version=2022-01-01
      pragma:
      - no-cache
      server:
      - Microsoft-HTTPAPI/2.0
      - Microsoft-HTTPAPI/2.0
      strict-transport-security:
      - max-age=31536000; includeSubDomains
      x-content-type-options:
      - nosniff
      x-ms-arm-service-request-id:
      - 71a63641-f489-4cfc-a7c6-bb9b4eef1533
    status:
      code: 204
      message: No Content
- request:
    body: null
    headers:
      Accept:
      - application/json
      Accept-Encoding:
      - gzip, deflate
      CommandName:
      - cognitiveservices account delete
      Connection:
      - keep-alive
      Content-Length:
      - '0'
      ParameterSetName:
      - -n -g
      User-Agent:
      - AZURECLI/2.39.0 azsdk-python-mgmt-cognitiveservices/13.2.0 Python/3.10.6 (Linux-5.15.0-1017-azure-x86_64-with-glibc2.31)
        VSTS_0fb41ef4-5012-48a9-bf39-4ee3de03ee35_build_4949_0
    method: DELETE
    uri: https://management.azure.com/subscriptions/00000000-0000-0000-0000-000000000000/resourceGroups/clitest.rg000001/providers/Microsoft.CognitiveServices/accounts/cs_cli_test_000002?api-version=2022-03-01
  response:
    body:
      string: ''
    headers:
      cache-control:
      - no-cache
      content-length:
      - '0'
      date:
      - Fri, 26 Aug 2022 09:45:43 GMT
      expires:
      - '-1'
      pragma:
      - no-cache
      server:
      - istio-envoy
      strict-transport-security:
      - max-age=31536000; includeSubDomains
      x-content-type-options:
      - nosniff
      x-envoy-upstream-service-time:
      - '90'
      x-ms-ratelimit-remaining-subscription-deletes:
      - '14999'
    status:
      code: 200
      message: OK
version: 1
