interactions:
- request:
    body: '{"tags": {"cause": "automation", "product": "azurecli", "date": "2018-09-20T00:13:48Z"},
      "location": "westus"}'
    headers:
      Accept: [application/json]
      Accept-Encoding: ['gzip, deflate']
      CommandName: [group create]
      Connection: [keep-alive]
      Content-Length: ['110']
      Content-Type: [application/json; charset=utf-8]
      User-Agent: [python/3.5.4 (Windows-10-10.0.17134-SP0) requests/2.19.1 msrest/0.5.5
          msrest_azure/0.4.34 resourcemanagementclient/2.0.0 Azure-SDK-For-Python
          AZURECLI/2.0.47]
      accept-language: [en-US]
    method: PUT
    uri: https://management.azure.com/subscriptions/00000000-0000-0000-0000-000000000000/resourcegroups/cli_create_rbac_sp_with_cert000001?api-version=2018-02-01
  response:
    body: {string: '{"id":"/subscriptions/00000000-0000-0000-0000-000000000000/resourceGroups/cli_create_rbac_sp_with_cert000001","name":"cli_create_rbac_sp_with_cert000001","location":"westus","tags":{"cause":"automation","product":"azurecli","date":"2018-09-20T00:13:48Z"},"properties":{"provisioningState":"Succeeded"}}'}
    headers:
      cache-control: [no-cache]
      content-length: ['384']
      content-type: [application/json; charset=utf-8]
      date: ['Thu, 20 Sep 2018 00:13:50 GMT']
      expires: ['-1']
      pragma: [no-cache]
      strict-transport-security: [max-age=31536000; includeSubDomains]
      x-content-type-options: [nosniff]
      x-ms-ratelimit-remaining-subscription-writes: ['1199']
    status: {code: 201, message: Created}
- request:
    body: null
    headers:
      Accept: [application/json]
      Accept-Encoding: ['gzip, deflate']
      CommandName: [ad sp create-for-rbac]
      Connection: [keep-alive]
      Content-Type: [application/json; charset=utf-8]
      User-Agent: [python/3.5.4 (Windows-10-10.0.17134-SP0) requests/2.19.1 msrest/0.5.5
          msrest_azure/0.4.34 azure-graphrbac/0.40.0 Azure-SDK-For-Python AZURECLI/2.0.47]
      accept-language: [en-US]
    method: GET
    uri: https://graph.windows.net/00000000-0000-0000-0000-000000000000/servicePrincipals?$filter=servicePrincipalNames%2Fany%28x%3Ax%20eq%20%27http%3A%2F%2Fcli_create_rbac_sp_with_cert000001%27%29&api-version=1.6
  response:
    body: {string: '{"odata.metadata":"https://graph.windows.net/00000000-0000-0000-0000-000000000000/$metadata#directoryObjects","value":[]}'}
    headers:
      access-control-allow-origin: ['*']
      cache-control: [no-cache]
      content-length: ['121']
      content-type: [application/json; odata=minimalmetadata; streaming=true; charset=utf-8]
      dataserviceversion: [3.0;]
      date: ['Thu, 20 Sep 2018 00:13:50 GMT']
      duration: ['625330']
      expires: ['-1']
      ocp-aad-diagnostics-server-name: [27byn2F/vpKjf3gR1clFavpGIRwtN7aES3XD1xua39g=]
      ocp-aad-session-key: [i7tDxr0ElrjGZTFcbXtoK9wjD_OLQZRO36IXFjSjK0bxqByhL1eRMgzGET_CBo2ee_ZKq_Yd2RojW3uwseGMu0jnQqgKENeyacTeflMW2Y15hpiDK3s5B10o4igA-6rm.2u9v_ytb8VnGxb4ULHqYAW3Y5OdjPgWBD28sIh3-Lb4]
      pragma: [no-cache]
      request-id: [4a23b9b8-cd4c-47ea-ae36-d04a76cfd124]
      server: [Microsoft-IIS/10.0]
      strict-transport-security: [max-age=31536000; includeSubDomains]
      x-aspnet-version: [4.0.30319]
      x-ms-dirapi-data-contract-version: ['1.6']
      x-powered-by: [ASP.NET]
    status: {code: 200, message: OK}
- request:
    body: 'b''b\''{"identifierUris": ["http://cli_create_rbac_sp_with_cert000001"],
      "displayName": "azure-cli-2018-09-20-00-13-51", "keyCredentials": [{"usage":
      "Verify", "endDate": "2019-09-20T00:13:51.602897Z", "startDate": "2018-09-20T00:13:51.602897Z",
      "value": "MIICoTCCAYkCAgPoMA0GCSqGSIb3DQEBBQUAMBQxEjAQBgNVBAMMCUNMSS1Mb2dp\\\\nbjAiGA8yMDE4MDkyMDAwMTM1MFoYDzIwMTkwOTIwMDAxMzUyWjAUMRIwEAYDVQQD\\\\nDAlDTEktTG9naW4wggEiMA0GCSqGSIb3DQEBAQUAA4IBDwAwggEKAoIBAQC3Fu6A\\\\nzEu747yi+M4pTwmbAOuj7tu372rmS6xR9yUXwQnqrguz28QMCbg1LQqm8i2O3O4J\\\\nLOd8zyFOkyL0qq6bROjS/++Jb4LzPmY4VdUc8dl8Y2x7ADOvI99wEumcDWBCZYE8\\\\nZzmmwVdaRyqIzh83hwlgmW3uHCHwGcr/Y0ppydgW1q1mRCuZYwTFJNBobSn8NewB\\\\ntQuE519URL0rpUXSu4f5QVBOXN5TRL2IDvefxa+JoVOnaVv0nN3ui8dR5ZIbb/wC\\\\nO063xB1kHKw2VG4KExXmkeW3EGKYHkAsQ8dtzoHijU6ISC9mkLutrKXhGW3wOQmf\\\\nubHqEcsRznf9G3vHAgMBAAEwDQYJKoZIhvcNAQEFBQADggEBAJxH8sASp0Mk182z\\\\nhCHGyN/nzHeZRtsrW++t0YwIhcjVTthYwL3BGMxAyhLS4X0dMLCGe9WkS8FGUqKc\\\\nOTAmt0JFTXZ/G6M2TH2zaZwWlU+y/0vykhPDiH9Puyaz/edoNjdGGlLp7icpn4WV\\\\nHyPKmqP4ZOtP6VZhKK+Zst9knsP4kdtfac/tT8fb0dJnozrrqMZ0vfm7kuYVROt5\\\\nYe9+PoFvBhLvI9z31tWCWveWL2EU2nhI3ox5r+YsWBI91XhL++F20OfEetyHcJAQ\\\\n2eGMppFnTq9ZdvyQRaJmZtotnyjWBxCiAyXXro8wMQ2lP02ZBZJUNghCTGzb9yBg\\\\nTPVcRjY=",
      "keyId": "88888888-0000-0000-0000-000000000001", "type": "AsymmetricX509Cert"}],
      "availableToOtherTenants": false, "homepage": "http://azure-cli-2018-09-20-00-13-51"}\'''''
    headers:
      Accept: [application/json]
      Accept-Encoding: ['gzip, deflate']
      CommandName: [ad sp create-for-rbac]
      Connection: [keep-alive]
      Content-Length: ['1391']
      Content-Type: [application/json; charset=utf-8]
      User-Agent: [python/3.5.4 (Windows-10-10.0.17134-SP0) requests/2.19.1 msrest/0.5.5
          msrest_azure/0.4.34 azure-graphrbac/0.40.0 Azure-SDK-For-Python AZURECLI/2.0.47]
      accept-language: [en-US]
    method: POST
    uri: https://graph.windows.net/00000000-0000-0000-0000-000000000000/applications?api-version=1.6
  response:
    body: {string: '{"odata.metadata":"https://graph.windows.net/00000000-0000-0000-0000-000000000000/$metadata#directoryObjects/Microsoft.DirectoryServices.Application/@Element","odata.type":"Microsoft.DirectoryServices.Application","objectType":"Application","objectId":"3e33ae31-c17d-4c6f-9fe5-583b91168eb4","deletionTimestamp":null,"acceptMappedClaims":null,"addIns":[],"appId":"5dbf2f36-1fa9-4880-b478-abf0ba715592","appRoles":[],"availableToOtherTenants":false,"displayName":"azure-cli-2018-09-20-00-13-51","errorUrl":null,"groupMembershipClaims":null,"homepage":"http://azure-cli-2018-09-20-00-13-51","identifierUris":["http://cli_create_rbac_sp_with_cert000001"],"informationalUrls":{"termsOfService":null,"support":null,"privacy":null,"marketing":null},"isDeviceOnlyAuthSupported":null,"keyCredentials":[{"customKeyIdentifier":"1DBFC2448578BB8044C4105C727CE2DDDCB069C4","endDate":"2019-09-20T00:13:51.602897Z","keyId":"88888888-0000-0000-0000-000000000001","startDate":"2018-09-20T00:13:51.602897Z","type":"AsymmetricX509Cert","usage":"Verify","value":null}],"knownClientApplications":[],"logoutUrl":null,"logo@odata.mediaContentType":"application/json;odata=minimalmetadata;
        charset=utf-8","logoUrl":null,"oauth2AllowIdTokenImplicitFlow":true,"oauth2AllowImplicitFlow":false,"oauth2AllowUrlPathMatching":false,"oauth2Permissions":[{"adminConsentDescription":"Allow
        the application to access azure-cli-2018-09-20-00-13-51 on behalf of the signed-in
        user.","adminConsentDisplayName":"Access azure-cli-2018-09-20-00-13-51","id":"a4f2a12b-5d8d-4619-817c-0ed9cf5e93f2","isEnabled":true,"type":"User","userConsentDescription":"Allow
        the application to access azure-cli-2018-09-20-00-13-51 on your behalf.","userConsentDisplayName":"Access
        azure-cli-2018-09-20-00-13-51","value":"user_impersonation"}],"oauth2RequirePostResponse":false,"optionalClaims":null,"orgRestrictions":[],"parentalControlSettings":{"countriesBlockedForMinors":[],"legalAgeGroupRule":"Allow"},"passwordCredentials":[],"publicClient":null,"publisherDomain":null,"recordConsentConditions":null,"replyUrls":[],"requiredResourceAccess":[],"samlMetadataUrl":null,"signInAudience":"AzureADMyOrg","tokenEncryptionKeyId":null}'}
    headers:
      access-control-allow-origin: ['*']
      cache-control: [no-cache]
      content-length: ['2215']
      content-type: [application/json; odata=minimalmetadata; streaming=true; charset=utf-8]
      dataserviceversion: [3.0;]
      date: ['Thu, 20 Sep 2018 00:13:51 GMT']
      duration: ['2328094']
      expires: ['-1']
      location: ['https://graph.windows.net/00000000-0000-0000-0000-000000000000/directoryObjects/3e33ae31-c17d-4c6f-9fe5-583b91168eb4/Microsoft.DirectoryServices.Application']
      ocp-aad-diagnostics-server-name: [PkCvv/QKIhw9uu/OmXUHm5LBeaURLjYgLYT6Rc6GAzs=]
      ocp-aad-session-key: [IQU8oAmGou1dryNGNOGEe4DuRY08tr2ao4uEplwl_zDvqV4h0ER-EDktC_oNv8hzAL6EYgWfjKyfowJg-IQopfKZS9o-EHtyp73eS7P1WQdrC5KfwDwNP3AoW5efmwlEKtkey21nn9WwEoSPRM3WVw.M9iNMNa7KJlFcSFPCvqloyRA8JUyqJUusovDMwq09Z0]
      pragma: [no-cache]
      request-id: [73e61fea-b3b2-4af2-84f3-c020d0c68258]
      server: [Microsoft-IIS/10.0]
      strict-transport-security: [max-age=31536000; includeSubDomains]
      x-aspnet-version: [4.0.30319]
      x-content-type-options: [nosniff]
      x-ms-dirapi-data-contract-version: ['1.6']
      x-powered-by: [ASP.NET]
    status: {code: 201, message: Created}
- request:
    body: '{"accountEnabled": true, "appId": "5dbf2f36-1fa9-4880-b478-abf0ba715592"}'
    headers:
      Accept: [application/json]
      Accept-Encoding: ['gzip, deflate']
      CommandName: [ad sp create-for-rbac]
      Connection: [keep-alive]
      Content-Length: ['73']
      Content-Type: [application/json; charset=utf-8]
      User-Agent: [python/3.5.4 (Windows-10-10.0.17134-SP0) requests/2.19.1 msrest/0.5.5
          msrest_azure/0.4.34 azure-graphrbac/0.40.0 Azure-SDK-For-Python AZURECLI/2.0.47]
      accept-language: [en-US]
    method: POST
    uri: https://graph.windows.net/00000000-0000-0000-0000-000000000000/servicePrincipals?api-version=1.6
  response:
    body: {string: '{"odata.metadata":"https://graph.windows.net/00000000-0000-0000-0000-000000000000/$metadata#directoryObjects/Microsoft.DirectoryServices.ServicePrincipal/@Element","odata.type":"Microsoft.DirectoryServices.ServicePrincipal","objectType":"ServicePrincipal","objectId":"1a45b438-0323-4014-8929-8a4354cd86a4","deletionTimestamp":null,"accountEnabled":true,"addIns":[],"alternativeNames":[],"appDisplayName":"azure-cli-2018-09-20-00-13-51","appId":"5dbf2f36-1fa9-4880-b478-abf0ba715592","appOwnerTenantId":"54826b22-38d6-4fb2-bad9-b7b93a3e9c5a","appRoleAssignmentRequired":false,"appRoles":[],"displayName":"azure-cli-2018-09-20-00-13-51","errorUrl":null,"homepage":"http://azure-cli-2018-09-20-00-13-51","keyCredentials":[],"logoutUrl":null,"oauth2Permissions":[{"adminConsentDescription":"Allow
        the application to access azure-cli-2018-09-20-00-13-51 on behalf of the signed-in
        user.","adminConsentDisplayName":"Access azure-cli-2018-09-20-00-13-51","id":"a4f2a12b-5d8d-4619-817c-0ed9cf5e93f2","isEnabled":true,"type":"User","userConsentDescription":"Allow
        the application to access azure-cli-2018-09-20-00-13-51 on your behalf.","userConsentDisplayName":"Access
        azure-cli-2018-09-20-00-13-51","value":"user_impersonation"}],"passwordCredentials":[],"preferredTokenSigningKeyThumbprint":null,"publisherName":"AzureSDKTeam","replyUrls":[],"samlMetadataUrl":null,"servicePrincipalNames":["5dbf2f36-1fa9-4880-b478-abf0ba715592","http://cli_create_rbac_sp_with_cert000001"],"servicePrincipalType":"Application","signInAudience":"AzureADMyOrg","tags":[],"tokenEncryptionKeyId":null}'}
    headers:
      access-control-allow-origin: ['*']
      cache-control: [no-cache]
      content-length: ['1616']
      content-type: [application/json; odata=minimalmetadata; streaming=true; charset=utf-8]
      dataserviceversion: [3.0;]
      date: ['Thu, 20 Sep 2018 00:13:51 GMT']
      duration: ['1174079']
      expires: ['-1']
      location: ['https://graph.windows.net/00000000-0000-0000-0000-000000000000/directoryObjects/1a45b438-0323-4014-8929-8a4354cd86a4/Microsoft.DirectoryServices.ServicePrincipal']
      ocp-aad-diagnostics-server-name: [USO0vXsiH/WugU0+xVoguNv4Wxgbvvn8Zb8qUwfOkVw=]
      ocp-aad-session-key: [eqAi7QeXPwSHpHx3mL24HM-TKO8-XWsKI2F1Msf-AWSGp19_S_292gyS2LicviXNdwKyU5PXBxorYodIvxD37ZQjNa10V6AzsAgYBjEXtDfiEkPKbOv4l2NLBRdwhTNxKcLMOqqgysKBj4MGDRe-7A.7cxFXfFLeI_BMGJnEAk7OQyILOR-gxNCpE7BlBxNhQY]
      pragma: [no-cache]
      request-id: [9ed1a25d-221d-48ea-84c7-ce78f7488bc5]
      server: [Microsoft-IIS/10.0]
      strict-transport-security: [max-age=31536000; includeSubDomains]
      x-aspnet-version: [4.0.30319]
      x-content-type-options: [nosniff]
      x-ms-dirapi-data-contract-version: ['1.6']
      x-powered-by: [ASP.NET]
    status: {code: 201, message: Created}
- request:
    body: null
    headers:
      Accept: [application/json]
      Accept-Encoding: ['gzip, deflate']
      CommandName: [ad sp create-for-rbac]
      Connection: [keep-alive]
      Content-Type: [application/json; charset=utf-8]
      User-Agent: [python/3.5.4 (Windows-10-10.0.17134-SP0) requests/2.19.1 msrest/0.5.5
          msrest_azure/0.4.34 azure-mgmt-authorization/0.50.0 Azure-SDK-For-Python
          AZURECLI/2.0.47]
      accept-language: [en-US]
    method: GET
    uri: https://management.azure.com/subscriptions/00000000-0000-0000-0000-000000000000/providers/Microsoft.Authorization/roleDefinitions?$filter=roleName%20eq%20%27Contributor%27&api-version=2015-07-01
  response:
    body: {string: '{"value":[{"properties":{"roleName":"Contributor","type":"BuiltInRole","description":"Lets
        you manage everything except access to resources.","assignableScopes":["/"],"permissions":[{"actions":["*"],"notActions":["Microsoft.Authorization/*/Delete","Microsoft.Authorization/*/Write","Microsoft.Authorization/elevateAccess/Action","Microsoft.Blueprint/blueprintAssignments/write","Microsoft.Blueprint/blueprintAssignments/delete"]}],"createdOn":"0001-01-01T08:00:00.0000000Z","updatedOn":"2018-05-30T19:22:32.4538167Z","createdBy":null,"updatedBy":null},"id":"/subscriptions/00000000-0000-0000-0000-000000000000/providers/Microsoft.Authorization/roleDefinitions/b24988ac-6180-42a0-ab88-20f7382dd24c","type":"Microsoft.Authorization/roleDefinitions","name":"b24988ac-6180-42a0-ab88-20f7382dd24c"}]}'}
    headers:
      cache-control: [no-cache]
      content-length: ['795']
      content-type: [application/json; charset=utf-8]
      date: ['Thu, 20 Sep 2018 00:13:51 GMT']
      expires: ['-1']
      pragma: [no-cache]
      server: [Microsoft-IIS/10.0]
      set-cookie: [x-ms-gateway-slice=productionb; path=/; secure; HttpOnly]
      strict-transport-security: [max-age=31536000; includeSubDomains]
      transfer-encoding: [chunked]
      vary: [Accept-Encoding]
      x-content-type-options: [nosniff]
      x-ms-request-charge: ['1']
    status: {code: 200, message: OK}
- request:
    body: '{"properties": {"principalId": "1a45b438-0323-4014-8929-8a4354cd86a4",
      "roleDefinitionId": "/subscriptions/00000000-0000-0000-0000-000000000000/providers/Microsoft.Authorization/roleDefinitions/b24988ac-6180-42a0-ab88-20f7382dd24c"}}'
    headers:
      Accept: [application/json]
      Accept-Encoding: ['gzip, deflate']
      CommandName: [ad sp create-for-rbac]
      Connection: [keep-alive]
      Content-Length: ['233']
      Content-Type: [application/json; charset=utf-8]
      User-Agent: [python/3.5.4 (Windows-10-10.0.17134-SP0) requests/2.19.1 msrest/0.5.5
          msrest_azure/0.4.34 azure-mgmt-authorization/0.50.0 Azure-SDK-For-Python
          AZURECLI/2.0.47]
      accept-language: [en-US]
    method: PUT
    uri: https://management.azure.com/subscriptions/00000000-0000-0000-0000-000000000000/providers/Microsoft.Authorization/roleAssignments/88888888-0000-0000-0000-000000000002?api-version=2015-07-01
  response:
    body: {string: '{"properties":{"roleDefinitionId":"/subscriptions/00000000-0000-0000-0000-000000000000/providers/Microsoft.Authorization/roleDefinitions/b24988ac-6180-42a0-ab88-20f7382dd24c","principalId":"1a45b438-0323-4014-8929-8a4354cd86a4","scope":"/subscriptions/00000000-0000-0000-0000-000000000000","createdOn":"2018-09-20T00:13:53.4553506Z","updatedOn":"2018-09-20T00:13:53.4553506Z","createdBy":null,"updatedBy":"89ed5be8-ff97-41b5-ab11-055e1e3cc34b"},"id":"/subscriptions/00000000-0000-0000-0000-000000000000/providers/Microsoft.Authorization/roleAssignments/88888888-0000-0000-0000-000000000002","type":"Microsoft.Authorization/roleAssignments","name":"88888888-0000-0000-0000-000000000002"}'}
    headers:
      cache-control: [no-cache]
      content-length: ['686']
      content-type: [application/json; charset=utf-8]
      date: ['Thu, 20 Sep 2018 00:13:55 GMT']
      expires: ['-1']
      pragma: [no-cache]
      server: [Microsoft-IIS/10.0]
      set-cookie: [x-ms-gateway-slice=productionb; path=/; secure; HttpOnly]
      strict-transport-security: [max-age=31536000; includeSubDomains]
      x-content-type-options: [nosniff]
      x-ms-ratelimit-remaining-subscription-writes: ['1199']
      x-ms-request-charge: ['3']
    status: {code: 201, message: Created}
- request:
    body: null
    headers:
      Accept: [application/json]
      Accept-Encoding: ['gzip, deflate']
      CommandName: [ad sp create-for-rbac]
      Connection: [keep-alive]
      Content-Type: [application/json; charset=utf-8]
      User-Agent: [python/3.5.4 (Windows-10-10.0.17134-SP0) requests/2.19.1 msrest/0.5.5
          msrest_azure/0.4.34 azure-mgmt-authorization/0.50.0 Azure-SDK-For-Python
          AZURECLI/2.0.47]
      accept-language: [en-US]
    method: GET
    uri: https://management.azure.com/subscriptions/00000000-0000-0000-0000-000000000000/resourceGroups/cli_create_rbac_sp_with_cert000001/providers/Microsoft.Authorization/roleDefinitions?$filter=roleName%20eq%20%27Contributor%27&api-version=2015-07-01
  response:
    body: {string: '{"value":[{"properties":{"roleName":"Contributor","type":"BuiltInRole","description":"Lets
        you manage everything except access to resources.","assignableScopes":["/"],"permissions":[{"actions":["*"],"notActions":["Microsoft.Authorization/*/Delete","Microsoft.Authorization/*/Write","Microsoft.Authorization/elevateAccess/Action","Microsoft.Blueprint/blueprintAssignments/write","Microsoft.Blueprint/blueprintAssignments/delete"]}],"createdOn":"0001-01-01T08:00:00.0000000Z","updatedOn":"2018-05-30T19:22:32.4538167Z","createdBy":null,"updatedBy":null},"id":"/subscriptions/00000000-0000-0000-0000-000000000000/providers/Microsoft.Authorization/roleDefinitions/b24988ac-6180-42a0-ab88-20f7382dd24c","type":"Microsoft.Authorization/roleDefinitions","name":"b24988ac-6180-42a0-ab88-20f7382dd24c"}]}'}
    headers:
      cache-control: [no-cache]
      content-length: ['795']
      content-type: [application/json; charset=utf-8]
      date: ['Thu, 20 Sep 2018 00:13:55 GMT']
      expires: ['-1']
      pragma: [no-cache]
      server: [Microsoft-IIS/10.0]
      set-cookie: [x-ms-gateway-slice=productionb; path=/; secure; HttpOnly]
      strict-transport-security: [max-age=31536000; includeSubDomains]
      transfer-encoding: [chunked]
      vary: [Accept-Encoding]
      x-content-type-options: [nosniff]
      x-ms-request-charge: ['1']
    status: {code: 200, message: OK}
- request:
    body: '{"properties": {"principalId": "1a45b438-0323-4014-8929-8a4354cd86a4",
      "roleDefinitionId": "/subscriptions/00000000-0000-0000-0000-000000000000/providers/Microsoft.Authorization/roleDefinitions/b24988ac-6180-42a0-ab88-20f7382dd24c"}}'
    headers:
      Accept: [application/json]
      Accept-Encoding: ['gzip, deflate']
      CommandName: [ad sp create-for-rbac]
      Connection: [keep-alive]
      Content-Length: ['233']
      Content-Type: [application/json; charset=utf-8]
      User-Agent: [python/3.5.4 (Windows-10-10.0.17134-SP0) requests/2.19.1 msrest/0.5.5
          msrest_azure/0.4.34 azure-mgmt-authorization/0.50.0 Azure-SDK-For-Python
          AZURECLI/2.0.47]
      accept-language: [en-US]
    method: PUT
    uri: https://management.azure.com/subscriptions/00000000-0000-0000-0000-000000000000/resourceGroups/cli_create_rbac_sp_with_cert000001/providers/Microsoft.Authorization/roleAssignments/88888888-0000-0000-0000-000000000003?api-version=2015-07-01
  response:
    body: {string: '{"properties":{"roleDefinitionId":"/subscriptions/00000000-0000-0000-0000-000000000000/providers/Microsoft.Authorization/roleDefinitions/b24988ac-6180-42a0-ab88-20f7382dd24c","principalId":"1a45b438-0323-4014-8929-8a4354cd86a4","scope":"/subscriptions/00000000-0000-0000-0000-000000000000/resourceGroups/cli_create_rbac_sp_with_cert000001","createdOn":"2018-09-20T00:13:56.5113138Z","updatedOn":"2018-09-20T00:13:56.5113138Z","createdBy":null,"updatedBy":"89ed5be8-ff97-41b5-ab11-055e1e3cc34b"},"id":"/subscriptions/00000000-0000-0000-0000-000000000000/resourceGroups/cli_create_rbac_sp_with_cert000001/providers/Microsoft.Authorization/roleAssignments/88888888-0000-0000-0000-000000000003","type":"Microsoft.Authorization/roleAssignments","name":"88888888-0000-0000-0000-000000000003"}'}
    headers:
      cache-control: [no-cache]
      content-length: ['868']
      content-type: [application/json; charset=utf-8]
      date: ['Thu, 20 Sep 2018 00:13:57 GMT']
      expires: ['-1']
      pragma: [no-cache]
      server: [Microsoft-IIS/10.0]
      set-cookie: [x-ms-gateway-slice=productionb; path=/; secure; HttpOnly]
      strict-transport-security: [max-age=31536000; includeSubDomains]
      x-content-type-options: [nosniff]
      x-ms-ratelimit-remaining-subscription-writes: ['1199']
      x-ms-request-charge: ['2']
    status: {code: 201, message: Created}
- request:
    body: null
    headers:
      Accept: [application/json]
      Accept-Encoding: ['gzip, deflate']
      CommandName: [ad sp credential reset]
      Connection: [keep-alive]
      Content-Type: [application/json; charset=utf-8]
      User-Agent: [python/3.5.4 (Windows-10-10.0.17134-SP0) requests/2.19.1 msrest/0.5.5
          msrest_azure/0.4.34 azure-graphrbac/0.40.0 Azure-SDK-For-Python AZURECLI/2.0.47]
      accept-language: [en-US]
    method: GET
    uri: https://graph.windows.net/00000000-0000-0000-0000-000000000000/servicePrincipals?$filter=servicePrincipalNames%2Fany%28x%3Ax%20eq%20%27http%3A%2F%2Fcli_create_rbac_sp_with_cert000001%27%29%20or%20displayName%20eq%20%27http%3A%2F%2Fcli_create_rbac_sp_with_cert000001%27&api-version=1.6
  response:
    body: {string: '{"odata.metadata":"https://graph.windows.net/00000000-0000-0000-0000-000000000000/$metadata#directoryObjects","value":[{"odata.type":"Microsoft.DirectoryServices.ServicePrincipal","objectType":"ServicePrincipal","objectId":"1a45b438-0323-4014-8929-8a4354cd86a4","deletionTimestamp":null,"accountEnabled":true,"addIns":[],"alternativeNames":[],"appDisplayName":"azure-cli-2018-09-20-00-13-51","appId":"5dbf2f36-1fa9-4880-b478-abf0ba715592","appOwnerTenantId":"54826b22-38d6-4fb2-bad9-b7b93a3e9c5a","appRoleAssignmentRequired":false,"appRoles":[],"displayName":"azure-cli-2018-09-20-00-13-51","errorUrl":null,"homepage":"http://azure-cli-2018-09-20-00-13-51","keyCredentials":[],"logoutUrl":null,"oauth2Permissions":[{"adminConsentDescription":"Allow
        the application to access azure-cli-2018-09-20-00-13-51 on behalf of the signed-in
        user.","adminConsentDisplayName":"Access azure-cli-2018-09-20-00-13-51","id":"a4f2a12b-5d8d-4619-817c-0ed9cf5e93f2","isEnabled":true,"type":"User","userConsentDescription":"Allow
        the application to access azure-cli-2018-09-20-00-13-51 on your behalf.","userConsentDisplayName":"Access
        azure-cli-2018-09-20-00-13-51","value":"user_impersonation"}],"passwordCredentials":[],"preferredTokenSigningKeyThumbprint":null,"publisherName":"AzureSDKTeam","replyUrls":[],"samlMetadataUrl":null,"servicePrincipalNames":["http://cli_create_rbac_sp_with_cert000001","5dbf2f36-1fa9-4880-b478-abf0ba715592"],"servicePrincipalType":"Application","signInAudience":"AzureADMyOrg","tags":[],"tokenEncryptionKeyId":null}]}'}
    headers:
      access-control-allow-origin: ['*']
      cache-control: [no-cache]
      content-length: ['1574']
      content-type: [application/json; odata=minimalmetadata; streaming=true; charset=utf-8]
      dataserviceversion: [3.0;]
      date: ['Thu, 20 Sep 2018 00:13:57 GMT']
      duration: ['387552']
      expires: ['-1']
      ocp-aad-diagnostics-server-name: [+Vo1vaQr1J6K57B7CK/pVo20E97sFK7LOud+zxDHFNk=]
      ocp-aad-session-key: [STOkBhbVmORtIVYub8WeyYxWdN9QDZELc0rJ9k4ZecW4KeuMhVViW721DPKMuwXfgZp8KMKauAlrBUYwFCrpaIprZ78T30w3sU11wtsEqVNtwSSTWeLWsWUXY0y8QZ5zYP-4meSYC0EHbIgeM_OLBg.8GGf-Pg8gM55Ax9S8yoIO1UWX6ZEX6Dh3tws568z3Is]
      pragma: [no-cache]
      request-id: [d5d7bc25-09de-400c-b7c5-c57f29fdcf2e]
      server: [Microsoft-IIS/10.0]
      strict-transport-security: [max-age=31536000; includeSubDomains]
      x-aspnet-version: [4.0.30319]
      x-ms-dirapi-data-contract-version: ['1.6']
      x-powered-by: [ASP.NET]
    status: {code: 200, message: OK}
- request:
    body: null
    headers:
      Accept: [application/json]
      Accept-Encoding: ['gzip, deflate']
      CommandName: [ad sp credential reset]
      Connection: [keep-alive]
      Content-Type: [application/json; charset=utf-8]
      User-Agent: [python/3.5.4 (Windows-10-10.0.17134-SP0) requests/2.19.1 msrest/0.5.5
          msrest_azure/0.4.34 azure-graphrbac/0.40.0 Azure-SDK-For-Python AZURECLI/2.0.47]
      accept-language: [en-US]
    method: GET
    uri: https://graph.windows.net/00000000-0000-0000-0000-000000000000/applications?$filter=identifierUris%2Fany%28s%3As%20eq%20%275dbf2f36-1fa9-4880-b478-abf0ba715592%27%29&api-version=1.6
  response:
    body: {string: '{"odata.metadata":"https://graph.windows.net/00000000-0000-0000-0000-000000000000/$metadata#directoryObjects","value":[]}'}
    headers:
      access-control-allow-origin: ['*']
      cache-control: [no-cache]
      content-length: ['121']
      content-type: [application/json; odata=minimalmetadata; streaming=true; charset=utf-8]
      dataserviceversion: [3.0;]
      date: ['Thu, 20 Sep 2018 00:13:58 GMT']
      duration: ['535837']
      expires: ['-1']
      ocp-aad-diagnostics-server-name: [Hmgcuy1hpGi6KCpCk4BrqM0RyCbBpwqDLCqIAEp//qg=]
      ocp-aad-session-key: [EgSb7t9LVgbFSstKsZ-IDVVGBvtoqdThw6kYJmHYd6hR_5UqaLWRHsCBGv6mC3EZF1jdt0e6o2JM6JEDm4u-TEY2GFIqDacuuHUbgy17uAl8gata3MamtMCS-dP6eJhYaQ2qm3Wz00a5fZkN_HUV6g.Wfxq31HxtWU0zgxlgJp2Y46QvsNEd59c93NZaajDo6M]
      pragma: [no-cache]
      request-id: [a7181749-01e6-4cdf-8591-47f12d528661]
      server: [Microsoft-IIS/10.0]
      strict-transport-security: [max-age=31536000; includeSubDomains]
      x-aspnet-version: [4.0.30319]
      x-ms-dirapi-data-contract-version: ['1.6']
      x-powered-by: [ASP.NET]
    status: {code: 200, message: OK}
- request:
    body: null
    headers:
      Accept: [application/json]
      Accept-Encoding: ['gzip, deflate']
      CommandName: [ad sp credential reset]
      Connection: [keep-alive]
      Content-Type: [application/json; charset=utf-8]
      User-Agent: [python/3.5.4 (Windows-10-10.0.17134-SP0) requests/2.19.1 msrest/0.5.5
          msrest_azure/0.4.34 azure-graphrbac/0.40.0 Azure-SDK-For-Python AZURECLI/2.0.47]
      accept-language: [en-US]
    method: GET
    uri: https://graph.windows.net/00000000-0000-0000-0000-000000000000/applications?$filter=appId%20eq%20%275dbf2f36-1fa9-4880-b478-abf0ba715592%27&api-version=1.6
  response:
    body: {string: '{"odata.metadata":"https://graph.windows.net/00000000-0000-0000-0000-000000000000/$metadata#directoryObjects","value":[{"odata.type":"Microsoft.DirectoryServices.Application","objectType":"Application","objectId":"3e33ae31-c17d-4c6f-9fe5-583b91168eb4","deletionTimestamp":null,"acceptMappedClaims":null,"addIns":[],"appId":"5dbf2f36-1fa9-4880-b478-abf0ba715592","appRoles":[],"availableToOtherTenants":false,"displayName":"azure-cli-2018-09-20-00-13-51","errorUrl":null,"groupMembershipClaims":null,"homepage":"http://azure-cli-2018-09-20-00-13-51","identifierUris":["http://cli_create_rbac_sp_with_cert000001"],"informationalUrls":{"termsOfService":null,"support":null,"privacy":null,"marketing":null},"isDeviceOnlyAuthSupported":null,"keyCredentials":[{"customKeyIdentifier":"1DBFC2448578BB8044C4105C727CE2DDDCB069C4","endDate":"2019-09-20T00:13:51.602897Z","keyId":"88888888-0000-0000-0000-000000000001","startDate":"2018-09-20T00:13:51.602897Z","type":"AsymmetricX509Cert","usage":"Verify","value":null}],"knownClientApplications":[],"logoutUrl":null,"logo@odata.mediaEditLink":"directoryObjects/3e33ae31-c17d-4c6f-9fe5-583b91168eb4/Microsoft.DirectoryServices.Application/logo","logoUrl":null,"mainLogo@odata.mediaEditLink":"directoryObjects/3e33ae31-c17d-4c6f-9fe5-583b91168eb4/Microsoft.DirectoryServices.Application/mainLogo","oauth2AllowIdTokenImplicitFlow":true,"oauth2AllowImplicitFlow":false,"oauth2AllowUrlPathMatching":false,"oauth2Permissions":[{"adminConsentDescription":"Allow
        the application to access azure-cli-2018-09-20-00-13-51 on behalf of the signed-in
        user.","adminConsentDisplayName":"Access azure-cli-2018-09-20-00-13-51","id":"a4f2a12b-5d8d-4619-817c-0ed9cf5e93f2","isEnabled":true,"type":"User","userConsentDescription":"Allow
        the application to access azure-cli-2018-09-20-00-13-51 on your behalf.","userConsentDisplayName":"Access
        azure-cli-2018-09-20-00-13-51","value":"user_impersonation"}],"oauth2RequirePostResponse":false,"optionalClaims":null,"orgRestrictions":[],"parentalControlSettings":{"countriesBlockedForMinors":[],"legalAgeGroupRule":"Allow"},"passwordCredentials":[],"publicClient":null,"publisherDomain":null,"recordConsentConditions":null,"replyUrls":[],"requiredResourceAccess":[],"samlMetadataUrl":null,"signInAudience":"AzureADMyOrg","tokenEncryptionKeyId":null}]}'}
    headers:
      access-control-allow-origin: ['*']
      cache-control: [no-cache]
      content-length: ['2356']
      content-type: [application/json; odata=minimalmetadata; streaming=true; charset=utf-8]
      dataserviceversion: [3.0;]
      date: ['Thu, 20 Sep 2018 00:13:58 GMT']
      duration: ['836191']
      expires: ['-1']
      ocp-aad-diagnostics-server-name: [sKHAZBgGw8ZD+gPJGLEoUnxY5pfwvBzhG5jUW8+JW0w=]
      ocp-aad-session-key: [84EGajuNqbUEsHg2ASIAWTI_pU0oPPWWayiqc8fBSROXTLH-yM5Cmbdj3-bAz-_cPR8KnJX2wCATYd2uy056Piz_utBRgJtoDSNkCco0D0a-RJlWqUcWbGTey5tPQoAGzHKEdvZfD7yPIWgu0wlqkA.am3FZTLk0u82UcyHWo2KZJnG_JlWDMQPTzP-mGz1_z8]
      pragma: [no-cache]
      request-id: [daa8eaae-5d8e-4775-b017-81c9a13d20bd]
      server: [Microsoft-IIS/10.0]
      strict-transport-security: [max-age=31536000; includeSubDomains]
      x-aspnet-version: [4.0.30319]
      x-ms-dirapi-data-contract-version: ['1.6']
      x-powered-by: [ASP.NET]
    status: {code: 200, message: OK}
- request:
    body: null
    headers:
      Accept: [application/json]
      Accept-Encoding: ['gzip, deflate']
      CommandName: [ad sp credential reset]
      Connection: [keep-alive]
      Content-Type: [application/json; charset=utf-8]
      User-Agent: [python/3.5.4 (Windows-10-10.0.17134-SP0) requests/2.19.1 msrest/0.5.5
          msrest_azure/0.4.34 azure-graphrbac/0.40.0 Azure-SDK-For-Python AZURECLI/2.0.47]
      accept-language: [en-US]
    method: GET
    uri: https://graph.windows.net/00000000-0000-0000-0000-000000000000/applications/3e33ae31-c17d-4c6f-9fe5-583b91168eb4?api-version=1.6
  response:
    body: {string: '{"odata.metadata":"https://graph.windows.net/00000000-0000-0000-0000-000000000000/$metadata#directoryObjects/@Element","odata.type":"Microsoft.DirectoryServices.Application","objectType":"Application","objectId":"3e33ae31-c17d-4c6f-9fe5-583b91168eb4","deletionTimestamp":null,"acceptMappedClaims":null,"addIns":[],"appId":"5dbf2f36-1fa9-4880-b478-abf0ba715592","appRoles":[],"availableToOtherTenants":false,"displayName":"azure-cli-2018-09-20-00-13-51","errorUrl":null,"groupMembershipClaims":null,"homepage":"http://azure-cli-2018-09-20-00-13-51","identifierUris":["http://cli_create_rbac_sp_with_cert000001"],"informationalUrls":{"termsOfService":null,"support":null,"privacy":null,"marketing":null},"isDeviceOnlyAuthSupported":null,"keyCredentials":[{"customKeyIdentifier":"1DBFC2448578BB8044C4105C727CE2DDDCB069C4","endDate":"2019-09-20T00:13:51.602897Z","keyId":"88888888-0000-0000-0000-000000000001","startDate":"2018-09-20T00:13:51.602897Z","type":"AsymmetricX509Cert","usage":"Verify","value":null}],"knownClientApplications":[],"logoutUrl":null,"logo@odata.mediaEditLink":"directoryObjects/3e33ae31-c17d-4c6f-9fe5-583b91168eb4/Microsoft.DirectoryServices.Application/logo","logoUrl":null,"mainLogo@odata.mediaEditLink":"directoryObjects/3e33ae31-c17d-4c6f-9fe5-583b91168eb4/Microsoft.DirectoryServices.Application/mainLogo","oauth2AllowIdTokenImplicitFlow":true,"oauth2AllowImplicitFlow":false,"oauth2AllowUrlPathMatching":false,"oauth2Permissions":[{"adminConsentDescription":"Allow
        the application to access azure-cli-2018-09-20-00-13-51 on behalf of the signed-in
        user.","adminConsentDisplayName":"Access azure-cli-2018-09-20-00-13-51","id":"a4f2a12b-5d8d-4619-817c-0ed9cf5e93f2","isEnabled":true,"type":"User","userConsentDescription":"Allow
        the application to access azure-cli-2018-09-20-00-13-51 on your behalf.","userConsentDisplayName":"Access
        azure-cli-2018-09-20-00-13-51","value":"user_impersonation"}],"oauth2RequirePostResponse":false,"optionalClaims":null,"orgRestrictions":[],"parentalControlSettings":{"countriesBlockedForMinors":[],"legalAgeGroupRule":"Allow"},"passwordCredentials":[],"publicClient":null,"publisherDomain":null,"recordConsentConditions":null,"replyUrls":[],"requiredResourceAccess":[],"samlMetadataUrl":null,"signInAudience":"AzureADMyOrg","tokenEncryptionKeyId":null}'}
    headers:
      access-control-allow-origin: ['*']
      cache-control: [no-cache]
      content-length: ['2353']
      content-type: [application/json; odata=minimalmetadata; streaming=true; charset=utf-8]
      dataserviceversion: [3.0;]
      date: ['Thu, 20 Sep 2018 00:13:59 GMT']
      duration: ['592954']
      expires: ['-1']
      ocp-aad-diagnostics-server-name: [6fg+R91TudKTiH8ukAn6DjKOEcAdu3Q+jEgq6nJAxfA=]
      ocp-aad-session-key: [ohHZhde-J49wREdMdNBWhau68avRoLHC5_6Ey0XD6jZGpj6MD2dcORsixjeBi7gAupne1dAVDM7w2LOUx7DLPPFLQYDlZwlfjNUAaLZchl7hpbPwcUi1vXq_z5AwMl8fOMn8IAByF21wWhLxXgyCOQ.lsoJEvCwpQ6hwkcmSdBdJ5RtrmZra_v8rNX-imy34k0]
      pragma: [no-cache]
      request-id: [8b9b5941-0a32-4e9a-8584-57e7cefbeac4]
      server: [Microsoft-IIS/10.0]
      strict-transport-security: [max-age=31536000; includeSubDomains]
      x-aspnet-version: [4.0.30319]
      x-ms-dirapi-data-contract-version: ['1.6']
      x-powered-by: [ASP.NET]
    status: {code: 200, message: OK}
- request:
    body: 'b''{"keyCredentials": [{"usage": "Verify", "endDate": "2019-09-20T00:13:59.295191Z",
      "startDate": "2018-09-20T00:13:59.295191Z", "value": "MIICoTCCAYkCAgPoMA0GCSqGSIb3DQEBBQUAMBQxEjAQBgNVBAMMCUNMSS1Mb2dp\\nbjAiGA8yMDE4MDkyMDAwMTM1OFoYDzIwMTkwOTIwMDAxNDAwWjAUMRIwEAYDVQQD\\nDAlDTEktTG9naW4wggEiMA0GCSqGSIb3DQEBAQUAA4IBDwAwggEKAoIBAQCjZXzX\\ntA4yG6gKKMe7MiWdxxwdtGzZlX264AdK8dccmwaVAYI1eW0fnMM1CxJ2FwO1K1xv\\nCxuqCy6BzGE36WTWB1hxa5NJUJ23yf2TK/3/Ey0WdMpb4SHlt/uiyTHJ25/QxRRa\\n9eeDeLE6YjBxDeNhaNPgjHSCh+u2GEEXmS0yrLXuZh996MyxnhAK3i0Wmt3g/3k+\\n+2pDe3Gg6LmG0FbFurR2jRNB127we+kAU3Q2j3zRx85M3LDOwB9J+cIlWFK3i3Wl\\nFBTbxq0L//tBR1IAG/fsHAB0/yE5bVym7jlOOxG09GcQ3WnrmEDHQm72Y9+n8Mes\\nJfNGccBT32GSKjA3AgMBAAEwDQYJKoZIhvcNAQEFBQADggEBAJGgGxW1zshiA1e8\\nm5ZmP7Trn0yrpxqZ6f+tQ6VdAxEiOhUYMl24bCBsVL2K9tK00wg0mmLai4Wsi2AC\\n2ME6u33SAVDwsoeCZfwcJ7cVeZYL2j1xBazGofnzXA2xWzXlVjSxhL7+/AuszTUX\\naNKiG2h+REGBJr4Q+OCODZJCSaHRWTE98siyz8eoHBgIAd7qG+rhTnErX5ipvgZu\\nIU+qbXG3PppsaPD4F6xp1Bt/V3r/BtUK7VmghGVSsuYYAP9+iFGSrRBD1FFSltxV\\nh99vFFHWLDCm9o2Ne1CrmfijhcY/We77SII5UjenOlmtdX23sx1lLx9c5uf3fYjL\\ns+5c4y0=",
      "keyId": "88888888-0000-0000-0000-000000000004", "type": "AsymmetricX509Cert"}]}'''
    headers:
      Accept: [application/json]
      Accept-Encoding: ['gzip, deflate']
      CommandName: [ad sp credential reset]
      Connection: [keep-alive]
      Content-Length: ['1151']
      Content-Type: [application/json; charset=utf-8]
      User-Agent: [python/3.5.4 (Windows-10-10.0.17134-SP0) requests/2.19.1 msrest/0.5.5
          msrest_azure/0.4.34 azure-graphrbac/0.40.0 Azure-SDK-For-Python AZURECLI/2.0.47]
      accept-language: [en-US]
    method: PATCH
    uri: https://graph.windows.net/00000000-0000-0000-0000-000000000000/applications/3e33ae31-c17d-4c6f-9fe5-583b91168eb4?api-version=1.6
  response:
    body: {string: ''}
    headers:
      access-control-allow-origin: ['*']
      cache-control: [no-cache]
      dataserviceversion: [1.0;]
      date: ['Thu, 20 Sep 2018 00:13:59 GMT']
      duration: ['1784610']
      expires: ['-1']
      ocp-aad-diagnostics-server-name: [3uFtEmQkGsYUBnGiEwpn/QXOmYb7Leu7TgWcHwMJLO8=]
      ocp-aad-session-key: [iM8kGg5rc2KNAi62YWxxRL_nGYtMU4nVnIaTlH7W5klxR1pnz6M9RI0RwNU15Y5yo_fHNI6KzTtCR0qkbjb3Zrb2p3i2l2KKYJVZjrSWNe84z6-6lRw-O5fJEmmZj3leN-pD3KeRCRl2cqkJMgY-YQ.PzSFOdR_VMPa4nnXuTiFmnoQNLlh24-7ODDOKbKba1Y]
      pragma: [no-cache]
      request-id: [829d6775-665f-4f9f-aed4-e1dd3e0206e0]
      server: [Microsoft-IIS/10.0]
      strict-transport-security: [max-age=31536000; includeSubDomains]
      x-aspnet-version: [4.0.30319]
      x-content-type-options: [nosniff]
      x-ms-dirapi-data-contract-version: ['1.6']
      x-powered-by: [ASP.NET]
    status: {code: 204, message: No Content}
- request:
    body: null
    headers:
      Accept: [application/json]
      Accept-Encoding: ['gzip, deflate']
      CommandName: [ad app delete]
      Connection: [keep-alive]
      Content-Type: [application/json; charset=utf-8]
      User-Agent: [python/3.5.4 (Windows-10-10.0.17134-SP0) requests/2.19.1 msrest/0.5.5
          msrest_azure/0.4.34 azure-graphrbac/0.40.0 Azure-SDK-For-Python AZURECLI/2.0.47]
      accept-language: [en-US]
    method: GET
    uri: https://graph.windows.net/00000000-0000-0000-0000-000000000000/applications?$filter=identifierUris%2Fany%28s%3As%20eq%20%27http%3A%2F%2Fcli_create_rbac_sp_with_cert000001%27%29&api-version=1.6
  response:
    body: {string: '{"odata.metadata":"https://graph.windows.net/00000000-0000-0000-0000-000000000000/$metadata#directoryObjects","value":[{"odata.type":"Microsoft.DirectoryServices.Application","objectType":"Application","objectId":"3e33ae31-c17d-4c6f-9fe5-583b91168eb4","deletionTimestamp":null,"acceptMappedClaims":null,"addIns":[],"appId":"5dbf2f36-1fa9-4880-b478-abf0ba715592","appRoles":[],"availableToOtherTenants":false,"displayName":"azure-cli-2018-09-20-00-13-51","errorUrl":null,"groupMembershipClaims":null,"homepage":"http://azure-cli-2018-09-20-00-13-51","identifierUris":["http://cli_create_rbac_sp_with_cert000001"],"informationalUrls":{"termsOfService":null,"support":null,"privacy":null,"marketing":null},"isDeviceOnlyAuthSupported":null,"keyCredentials":[{"customKeyIdentifier":"16D2BD706091FEE0569DF5A2CA3FF2D2952A0E58","endDate":"2019-09-20T00:13:59.295191Z","keyId":"88888888-0000-0000-0000-000000000004","startDate":"2018-09-20T00:13:59.295191Z","type":"AsymmetricX509Cert","usage":"Verify","value":null}],"knownClientApplications":[],"logoutUrl":null,"logo@odata.mediaEditLink":"directoryObjects/3e33ae31-c17d-4c6f-9fe5-583b91168eb4/Microsoft.DirectoryServices.Application/logo","logoUrl":null,"mainLogo@odata.mediaEditLink":"directoryObjects/3e33ae31-c17d-4c6f-9fe5-583b91168eb4/Microsoft.DirectoryServices.Application/mainLogo","oauth2AllowIdTokenImplicitFlow":true,"oauth2AllowImplicitFlow":false,"oauth2AllowUrlPathMatching":false,"oauth2Permissions":[{"adminConsentDescription":"Allow
        the application to access azure-cli-2018-09-20-00-13-51 on behalf of the signed-in
        user.","adminConsentDisplayName":"Access azure-cli-2018-09-20-00-13-51","id":"a4f2a12b-5d8d-4619-817c-0ed9cf5e93f2","isEnabled":true,"type":"User","userConsentDescription":"Allow
        the application to access azure-cli-2018-09-20-00-13-51 on your behalf.","userConsentDisplayName":"Access
        azure-cli-2018-09-20-00-13-51","value":"user_impersonation"}],"oauth2RequirePostResponse":false,"optionalClaims":null,"orgRestrictions":[],"parentalControlSettings":{"countriesBlockedForMinors":[],"legalAgeGroupRule":"Allow"},"passwordCredentials":[],"publicClient":null,"publisherDomain":null,"recordConsentConditions":null,"replyUrls":[],"requiredResourceAccess":[],"samlMetadataUrl":null,"signInAudience":"AzureADMyOrg","tokenEncryptionKeyId":null}]}'}
    headers:
      access-control-allow-origin: ['*']
      cache-control: [no-cache]
      content-length: ['2356']
      content-type: [application/json; odata=minimalmetadata; streaming=true; charset=utf-8]
      dataserviceversion: [3.0;]
      date: ['Thu, 20 Sep 2018 00:13:59 GMT']
      duration: ['336587']
      expires: ['-1']
      ocp-aad-diagnostics-server-name: [hBrSXgYT6AiW34OnRqqllTrcBhIOEaEk4E+/a+pb/0s=]
      ocp-aad-session-key: [RJrKo6i-kZvYyUR-FWfm1ZYo1HgF9mLaUC2IAK2OaL0NMNH6TUXorKKK77Tkrr1WnHOhL7Q4it2fBBMZPzPbcsdPB-nWsjnTb8mivVyU3ycKirPwaUB_YVxUiAFnNt1jYEwyjGM13bYHiVCgSH2lrg.gjBg0MHCGYZKOP97WwXRwa9uf867AGwWTcdseUD0zMk]
      pragma: [no-cache]
      request-id: [68189a96-a0a0-4a19-a92e-e1c63da79b2c]
      server: [Microsoft-IIS/10.0]
      strict-transport-security: [max-age=31536000; includeSubDomains]
      x-aspnet-version: [4.0.30319]
      x-ms-dirapi-data-contract-version: ['1.6']
      x-powered-by: [ASP.NET]
    status: {code: 200, message: OK}
- request:
    body: null
    headers:
      Accept: [application/json]
      Accept-Encoding: ['gzip, deflate']
      CommandName: [ad app delete]
      Connection: [keep-alive]
      Content-Length: ['0']
      Content-Type: [application/json; charset=utf-8]
      User-Agent: [python/3.5.4 (Windows-10-10.0.17134-SP0) requests/2.19.1 msrest/0.5.5
          msrest_azure/0.4.34 azure-graphrbac/0.40.0 Azure-SDK-For-Python AZURECLI/2.0.47]
      accept-language: [en-US]
    method: DELETE
    uri: https://graph.windows.net/00000000-0000-0000-0000-000000000000/applications/3e33ae31-c17d-4c6f-9fe5-583b91168eb4?api-version=1.6
  response:
    body: {string: ''}
    headers:
      access-control-allow-origin: ['*']
      cache-control: [no-cache]
      dataserviceversion: [1.0;]
      date: ['Thu, 20 Sep 2018 00:14:02 GMT']
      duration: ['34471351']
      expires: ['-1']
      ocp-aad-diagnostics-server-name: [uCCQbpgVHNC8rue1lL9wVVx/oAWeG8jNKc51+E8x6H4=]
      ocp-aad-session-key: [UBfRV_d7u-Imu-yyyiCmGRBOwL3ts7IkP_TY3Kl1HYblUHzvOQj2ZYlqPwve-3qDjrIkblZLL4Eos3Va9OphbANzd8yRn8dPHL-CGANjRmQNQnMCwjwBOlsbiQPm3g5l79pvOXMbXSML-i1sWbKKdg.RbmcbyajOm3hR_i_3Hkgyq3pxW9zknULyq8LvTCnB74]
      pragma: [no-cache]
      request-id: [c2e338cf-8819-466a-9510-8245d30cd074]
      server: [Microsoft-IIS/10.0]
      strict-transport-security: [max-age=31536000; includeSubDomains]
      x-aspnet-version: [4.0.30319]
      x-content-type-options: [nosniff]
      x-ms-dirapi-data-contract-version: ['1.6']
      x-powered-by: [ASP.NET]
    status: {code: 204, message: No Content}
- request:
    body: null
    headers:
      Accept: [application/json]
      Accept-Encoding: ['gzip, deflate']
      CommandName: [group delete]
      Connection: [keep-alive]
      Content-Length: ['0']
      Content-Type: [application/json; charset=utf-8]
      User-Agent: [python/3.5.4 (Windows-10-10.0.17134-SP0) requests/2.19.1 msrest/0.5.5
          msrest_azure/0.4.34 resourcemanagementclient/2.0.0 Azure-SDK-For-Python
          AZURECLI/2.0.47]
      accept-language: [en-US]
    method: DELETE
    uri: https://management.azure.com/subscriptions/00000000-0000-0000-0000-000000000000/resourcegroups/cli_create_rbac_sp_with_cert000001?api-version=2018-02-01
  response:
    body: {string: ''}
    headers:
      cache-control: [no-cache]
      content-length: ['0']
      date: ['Thu, 20 Sep 2018 00:14:03 GMT']
      expires: ['-1']
      location: ['https://management.azure.com/subscriptions/00000000-0000-0000-0000-000000000000/operationresults/eyJqb2JJZCI6IlJFU09VUkNFR1JPVVBERUxFVElPTkpPQi1DTEk6NUZDUkVBVEU6NUZSQkFDOjVGU1A6NUZXSVRIOjVGQ0VSVFZRUFBWWVBWSXwyN0IwMDg2QjBCNDMzNzExLVdFU1RVUyIsImpvYkxvY2F0aW9uIjoid2VzdHVzIn0?api-version=2018-02-01']
      pragma: [no-cache]
      strict-transport-security: [max-age=31536000; includeSubDomains]
      x-content-type-options: [nosniff]
      x-ms-ratelimit-remaining-subscription-deletes: ['14999']
    status: {code: 202, message: Accepted}
version: 1
