interactions:
- request:
    body: null
    headers:
      Accept: [application/json]
      Accept-Encoding: ['gzip, deflate']
      Connection: [keep-alive]
      Content-Type: [application/json; charset=utf-8]
      User-Agent: [python/2.7.11 (Windows-10-10.0.14393) requests/2.9.1 msrest/0.4.4
          msrest_azure/0.4.7 resourcemanagementclient/0.30.2 Azure-SDK-For-Python
          AZURECLI/TEST/0.1.1b3+dev]
      accept-language: [en-US]
      x-ms-client-request-id: [3c2594ae-f530-11e6-8aee-a0b3ccf7272a]
    method: GET
    uri: https://management.azure.com/subscriptions/00000000-0000-0000-0000-000000000000/resources?api-version=2016-09-01&$filter=resourceGroup%20eq%20%27cli_test_ag_public_ip%27%20and%20name%20eq%20%27vnet4%27%20and%20resourceType%20eq%20%27Microsoft.Network%2FvirtualNetworks%27
  response:
    body: {string: !!python/unicode '{"value":[]}'}
    headers:
      cache-control: [no-cache]
      content-length: ['12']
      content-type: [application/json; charset=utf-8]
      date: ['Fri, 17 Feb 2017 16:43:40 GMT']
      expires: ['-1']
      pragma: [no-cache]
      strict-transport-security: [max-age=31536000; includeSubDomains]
      vary: [Accept-Encoding]
    status: {code: 200, message: OK}
- request:
    body: null
    headers:
      Accept: [application/json]
      Accept-Encoding: ['gzip, deflate']
      Connection: [keep-alive]
      Content-Type: [application/json; charset=utf-8]
      User-Agent: [python/2.7.11 (Windows-10-10.0.14393) requests/2.9.1 msrest/0.4.4
          msrest_azure/0.4.7 resourcemanagementclient/0.30.2 Azure-SDK-For-Python
          AZURECLI/TEST/0.1.1b3+dev]
      accept-language: [en-US]
      x-ms-client-request-id: [3ce4c600-f530-11e6-a1c3-a0b3ccf7272a]
    method: GET
    uri: https://management.azure.com/subscriptions/00000000-0000-0000-0000-000000000000/resources?api-version=2016-09-01&$filter=resourceGroup%20eq%20%27cli_test_ag_public_ip%27%20and%20name%20eq%20%27publicip4%27%20and%20resourceType%20eq%20%27Microsoft.Network%2FpublicIPAddresses%27
  response:
    body: {string: !!python/unicode '{"value":[]}'}
    headers:
      cache-control: [no-cache]
      content-length: ['12']
      content-type: [application/json; charset=utf-8]
      date: ['Fri, 17 Feb 2017 16:43:40 GMT']
      expires: ['-1']
      pragma: [no-cache]
      strict-transport-security: [max-age=31536000; includeSubDomains]
      vary: [Accept-Encoding]
    status: {code: 200, message: OK}
- request:
    body: !!python/unicode '{"properties": {"templateLink": {"uri": "https://azuresdkci.blob.core.windows.net/templatehost/CreateAppGateway_2016-11-16/azuredeploy.json"},
      "mode": "Incremental", "parameters": {"applicationGatewayName": {"value": "test4"},
      "skuTier": {"value": "Standard"}, "httpSettingsPort": {"value": 80}, "publicIpAddressAllocation":
      {"value": "dynamic"}, "subnetAddressPrefix": {"value": "10.0.0.1/28"}, "servers":
      {"value": []}, "httpListenerProtocol": {"value": "http"}, "skuName": {"value":
      "Standard_Medium"}, "subnetType": {"value": "new"}, "_artifactsLocation": {"value":
      "https://azuresdkci.blob.core.windows.net/templatehost/CreateAppGateway_2016-11-16"},
      "httpSettingsProtocol": {"value": "http"}, "vnetAddressPrefix": {"value": "10.0.0.1/16"},
      "privateIpAddressAllocation": {"value": "dynamic"}, "subnet": {"value": "subnet1"},
      "capacity": {"value": 2}, "routingRuleType": {"value": "Basic"}, "frontendType":
      {"value": "publicIp"}, "httpSettingsCookieBasedAffinity": {"value": "disabled"},
      "publicIpAddressType": {"value": "new"}, "publicIpAddress": {"value": "publicip4"},
      "frontendPort": {"value": 80}, "virtualNetworkName": {"value": "vnet4"}}}}'
    headers:
      Accept: [application/json]
      Accept-Encoding: ['gzip, deflate']
      Connection: [keep-alive]
      Content-Length: ['1150']
      Content-Type: [application/json; charset=utf-8]
      User-Agent: [python/2.7.11 (Windows-10-10.0.14393) requests/2.9.1 msrest/0.4.4
          msrest_azure/0.4.7 appgatewaycreationclient/2015-11-01 Azure-SDK-For-Python
          AZURECLI/TEST/0.1.1b3+dev]
      accept-language: [en-US]
      x-ms-client-request-id: [3d221d21-f530-11e6-bdf4-a0b3ccf7272a]
    method: PUT
    uri: https://management.azure.com/subscriptions/00000000-0000-0000-0000-000000000000/resourcegroups/cli_test_ag_public_ip/providers/Microsoft.Resources/deployments/mock-deployment?api-version=2015-11-01
  response:
    body: {string: !!python/unicode '{"id":"/subscriptions/00000000-0000-0000-0000-000000000000/resourceGroups/cli_test_ag_public_ip/providers/Microsoft.Resources/deployments/azurecli1487349819.7655514","name":"azurecli1487349819.7655514","properties":{"templateLink":{"uri":"https://azuresdkci.blob.core.windows.net/templatehost/CreateAppGateway_2016-11-16/azuredeploy.json","contentVersion":"1.0.0.0"},"templateHash":"3276783378463952418","parameters":{"_artifactsLocation":{"type":"String","value":"https://azuresdkci.blob.core.windows.net/templatehost/CreateAppGateway_2016-11-16"},"applicationGatewayName":{"type":"String","value":"test4"},"capacity":{"type":"Int","value":2},"certData":{"type":"String","value":""},"certPassword":{"type":"SecureString"},"frontendPort":{"type":"Int","value":80},"frontendType":{"type":"String","value":"publicIp"},"httpListenerProtocol":{"type":"String","value":"http"},"httpSettingsCookieBasedAffinity":{"type":"String","value":"disabled"},"httpSettingsPort":{"type":"Int","value":80},"httpSettingsProtocol":{"type":"String","value":"http"},"location":{"type":"String","value":"westus"},"privateIpAddress":{"type":"String","value":""},"privateIpAddressAllocation":{"type":"String","value":"dynamic"},"publicIpAddress":{"type":"String","value":"publicip4"},"publicIpAddressType":{"type":"String","value":"new"},"publicIpAddressAllocation":{"type":"String","value":"dynamic"},"routingRuleType":{"type":"String","value":"Basic"},"servers":{"type":"Array","value":[]},"skuName":{"type":"String","value":"Standard_Medium"},"skuTier":{"type":"String","value":"Standard"},"subnet":{"type":"String","value":"subnet1"},"subnetAddressPrefix":{"type":"String","value":"10.0.0.1/28"},"subnetType":{"type":"String","value":"new"},"tags":{"type":"Object","value":{}},"virtualNetworkName":{"type":"String","value":"vnet4"},"vnetAddressPrefix":{"type":"String","value":"10.0.0.1/16"}},"mode":"Incremental","provisioningState":"Accepted","timestamp":"2017-02-17T16:43:43.244075Z","duration":"PT0.7926953S","correlationId":"f7f80588-239d-48b6-a762-1a786742afb0","providers":[{"namespace":"Microsoft.Network","resourceTypes":[{"resourceType":"applicationGateways","locations":["westus"]}]},{"namespace":"Microsoft.Resources","resourceTypes":[{"resourceType":"deployments","locations":[null]}]}],"dependencies":[{"dependsOn":[{"id":"/subscriptions/00000000-0000-0000-0000-000000000000/resourceGroups/cli_test_ag_public_ip/providers/Microsoft.Resources/deployments/VNETtest4","resourceType":"Microsoft.Resources/deployments","resourceName":"VNETtest4"},{"id":"/subscriptions/00000000-0000-0000-0000-000000000000/resourceGroups/cli_test_ag_public_ip/providers/Microsoft.Resources/deployments/PublicIptest4","resourceType":"Microsoft.Resources/deployments","resourceName":"PublicIptest4"}],"id":"/subscriptions/00000000-0000-0000-0000-000000000000/resourceGroups/cli_test_ag_public_ip/providers/Microsoft.Network/applicationGateways/test4","resourceType":"Microsoft.Network/applicationGateways","resourceName":"test4"}]}}'}
    headers:
      azure-asyncoperation: ['https://management.azure.com/subscriptions/0b1f6471-1bf0-4dda-aec3-cb9272f09590/resourcegroups/cli_test_ag_public_ip/providers/Microsoft.Resources/deployments/azurecli1487349819.7655514/operationStatuses/08587142570630263134?api-version=2015-11-01']
      cache-control: [no-cache]
      content-length: ['3025']
      content-type: [application/json; charset=utf-8]
      date: ['Fri, 17 Feb 2017 16:43:43 GMT']
      expires: ['-1']
      pragma: [no-cache]
      strict-transport-security: [max-age=31536000; includeSubDomains]
      x-ms-ratelimit-remaining-subscription-writes: ['1198']
    status: {code: 201, message: Created}
- request:
    body: null
    headers:
      Accept: [application/json]
      Accept-Encoding: ['gzip, deflate']
      Connection: [keep-alive]
      Content-Type: [application/json; charset=utf-8]
      User-Agent: [python/2.7.11 (Windows-10-10.0.14393) requests/2.9.1 msrest/0.4.4
          msrest_azure/0.4.7 appgatewaycreationclient/2015-11-01 Azure-SDK-For-Python
          AZURECLI/TEST/0.1.1b3+dev]
      accept-language: [en-US]
      x-ms-client-request-id: [3d221d21-f530-11e6-bdf4-a0b3ccf7272a]
    method: GET
    uri: https://management.azure.com/subscriptions/00000000-0000-0000-0000-000000000000/resourcegroups/cli_test_ag_public_ip/providers/Microsoft.Resources/deployments/mock-deployment/operationStatuses/08587142570630263134?api-version=2015-11-01
  response:
    body: {string: !!python/unicode '{"status":"Running"}'}
    headers:
      cache-control: [no-cache]
      content-length: ['20']
      content-type: [application/json; charset=utf-8]
      date: ['Fri, 17 Feb 2017 16:44:13 GMT']
      expires: ['-1']
      pragma: [no-cache]
      strict-transport-security: [max-age=31536000; includeSubDomains]
      vary: [Accept-Encoding]
    status: {code: 200, message: OK}
- request:
    body: null
    headers:
      Accept: [application/json]
      Accept-Encoding: ['gzip, deflate']
      Connection: [keep-alive]
      Content-Type: [application/json; charset=utf-8]
      User-Agent: [python/2.7.11 (Windows-10-10.0.14393) requests/2.9.1 msrest/0.4.4
          msrest_azure/0.4.7 appgatewaycreationclient/2015-11-01 Azure-SDK-For-Python
          AZURECLI/TEST/0.1.1b3+dev]
      accept-language: [en-US]
      x-ms-client-request-id: [3d221d21-f530-11e6-bdf4-a0b3ccf7272a]
    method: GET
    uri: https://management.azure.com/subscriptions/00000000-0000-0000-0000-000000000000/resourcegroups/cli_test_ag_public_ip/providers/Microsoft.Resources/deployments/mock-deployment/operationStatuses/08587142570630263134?api-version=2015-11-01
  response:
    body: {string: !!python/unicode '{"status":"Running"}'}
    headers:
      cache-control: [no-cache]
      content-length: ['20']
      content-type: [application/json; charset=utf-8]
      date: ['Fri, 17 Feb 2017 16:44:44 GMT']
      expires: ['-1']
      pragma: [no-cache]
      strict-transport-security: [max-age=31536000; includeSubDomains]
      vary: [Accept-Encoding]
    status: {code: 200, message: OK}
- request:
    body: null
    headers:
      Accept: [application/json]
      Accept-Encoding: ['gzip, deflate']
      Connection: [keep-alive]
      Content-Type: [application/json; charset=utf-8]
      User-Agent: [python/2.7.11 (Windows-10-10.0.14393) requests/2.9.1 msrest/0.4.4
          msrest_azure/0.4.7 appgatewaycreationclient/2015-11-01 Azure-SDK-For-Python
          AZURECLI/TEST/0.1.1b3+dev]
      accept-language: [en-US]
      x-ms-client-request-id: [3d221d21-f530-11e6-bdf4-a0b3ccf7272a]
    method: GET
    uri: https://management.azure.com/subscriptions/00000000-0000-0000-0000-000000000000/resourcegroups/cli_test_ag_public_ip/providers/Microsoft.Resources/deployments/mock-deployment/operationStatuses/08587142570630263134?api-version=2015-11-01
  response:
    body: {string: !!python/unicode '{"status":"Running"}'}
    headers:
      cache-control: [no-cache]
      content-length: ['20']
      content-type: [application/json; charset=utf-8]
      date: ['Fri, 17 Feb 2017 16:45:13 GMT']
      expires: ['-1']
      pragma: [no-cache]
      strict-transport-security: [max-age=31536000; includeSubDomains]
      vary: [Accept-Encoding]
    status: {code: 200, message: OK}
- request:
    body: null
    headers:
      Accept: [application/json]
      Accept-Encoding: ['gzip, deflate']
      Connection: [keep-alive]
      Content-Type: [application/json; charset=utf-8]
      User-Agent: [python/2.7.11 (Windows-10-10.0.14393) requests/2.9.1 msrest/0.4.4
          msrest_azure/0.4.7 appgatewaycreationclient/2015-11-01 Azure-SDK-For-Python
          AZURECLI/TEST/0.1.1b3+dev]
      accept-language: [en-US]
      x-ms-client-request-id: [3d221d21-f530-11e6-bdf4-a0b3ccf7272a]
    method: GET
    uri: https://management.azure.com/subscriptions/00000000-0000-0000-0000-000000000000/resourcegroups/cli_test_ag_public_ip/providers/Microsoft.Resources/deployments/mock-deployment/operationStatuses/08587142570630263134?api-version=2015-11-01
  response:
    body: {string: !!python/unicode '{"status":"Running"}'}
    headers:
      cache-control: [no-cache]
      content-length: ['20']
      content-type: [application/json; charset=utf-8]
      date: ['Fri, 17 Feb 2017 16:45:44 GMT']
      expires: ['-1']
      pragma: [no-cache]
      strict-transport-security: [max-age=31536000; includeSubDomains]
      vary: [Accept-Encoding]
    status: {code: 200, message: OK}
- request:
    body: null
    headers:
      Accept: [application/json]
      Accept-Encoding: ['gzip, deflate']
      Connection: [keep-alive]
      Content-Type: [application/json; charset=utf-8]
      User-Agent: [python/2.7.11 (Windows-10-10.0.14393) requests/2.9.1 msrest/0.4.4
          msrest_azure/0.4.7 appgatewaycreationclient/2015-11-01 Azure-SDK-For-Python
          AZURECLI/TEST/0.1.1b3+dev]
      accept-language: [en-US]
      x-ms-client-request-id: [3d221d21-f530-11e6-bdf4-a0b3ccf7272a]
    method: GET
    uri: https://management.azure.com/subscriptions/00000000-0000-0000-0000-000000000000/resourcegroups/cli_test_ag_public_ip/providers/Microsoft.Resources/deployments/mock-deployment/operationStatuses/08587142570630263134?api-version=2015-11-01
  response:
    body: {string: !!python/unicode '{"status":"Running"}'}
    headers:
      cache-control: [no-cache]
      content-length: ['20']
      content-type: [application/json; charset=utf-8]
      date: ['Fri, 17 Feb 2017 16:46:14 GMT']
      expires: ['-1']
      pragma: [no-cache]
      strict-transport-security: [max-age=31536000; includeSubDomains]
      vary: [Accept-Encoding]
    status: {code: 200, message: OK}
- request:
    body: null
    headers:
      Accept: [application/json]
      Accept-Encoding: ['gzip, deflate']
      Connection: [keep-alive]
      Content-Type: [application/json; charset=utf-8]
      User-Agent: [python/2.7.11 (Windows-10-10.0.14393) requests/2.9.1 msrest/0.4.4
          msrest_azure/0.4.7 appgatewaycreationclient/2015-11-01 Azure-SDK-For-Python
          AZURECLI/TEST/0.1.1b3+dev]
      accept-language: [en-US]
      x-ms-client-request-id: [3d221d21-f530-11e6-bdf4-a0b3ccf7272a]
    method: GET
    uri: https://management.azure.com/subscriptions/00000000-0000-0000-0000-000000000000/resourcegroups/cli_test_ag_public_ip/providers/Microsoft.Resources/deployments/mock-deployment/operationStatuses/08587142570630263134?api-version=2015-11-01
  response:
    body: {string: !!python/unicode '{"status":"Running"}'}
    headers:
      cache-control: [no-cache]
      content-length: ['20']
      content-type: [application/json; charset=utf-8]
      date: ['Fri, 17 Feb 2017 16:46:45 GMT']
      expires: ['-1']
      pragma: [no-cache]
      strict-transport-security: [max-age=31536000; includeSubDomains]
      vary: [Accept-Encoding]
    status: {code: 200, message: OK}
- request:
    body: null
    headers:
      Accept: [application/json]
      Accept-Encoding: ['gzip, deflate']
      Connection: [keep-alive]
      Content-Type: [application/json; charset=utf-8]
      User-Agent: [python/2.7.11 (Windows-10-10.0.14393) requests/2.9.1 msrest/0.4.4
          msrest_azure/0.4.7 appgatewaycreationclient/2015-11-01 Azure-SDK-For-Python
          AZURECLI/TEST/0.1.1b3+dev]
      accept-language: [en-US]
      x-ms-client-request-id: [3d221d21-f530-11e6-bdf4-a0b3ccf7272a]
    method: GET
    uri: https://management.azure.com/subscriptions/00000000-0000-0000-0000-000000000000/resourcegroups/cli_test_ag_public_ip/providers/Microsoft.Resources/deployments/mock-deployment/operationStatuses/08587142570630263134?api-version=2015-11-01
  response:
    body: {string: !!python/unicode '{"status":"Running"}'}
    headers:
      cache-control: [no-cache]
      content-length: ['20']
      content-type: [application/json; charset=utf-8]
      date: ['Fri, 17 Feb 2017 16:47:14 GMT']
      expires: ['-1']
      pragma: [no-cache]
      strict-transport-security: [max-age=31536000; includeSubDomains]
      vary: [Accept-Encoding]
    status: {code: 200, message: OK}
- request:
    body: null
    headers:
      Accept: [application/json]
      Accept-Encoding: ['gzip, deflate']
      Connection: [keep-alive]
      Content-Type: [application/json; charset=utf-8]
      User-Agent: [python/2.7.11 (Windows-10-10.0.14393) requests/2.9.1 msrest/0.4.4
          msrest_azure/0.4.7 appgatewaycreationclient/2015-11-01 Azure-SDK-For-Python
          AZURECLI/TEST/0.1.1b3+dev]
      accept-language: [en-US]
      x-ms-client-request-id: [3d221d21-f530-11e6-bdf4-a0b3ccf7272a]
    method: GET
    uri: https://management.azure.com/subscriptions/00000000-0000-0000-0000-000000000000/resourcegroups/cli_test_ag_public_ip/providers/Microsoft.Resources/deployments/mock-deployment/operationStatuses/08587142570630263134?api-version=2015-11-01
  response:
    body: {string: !!python/unicode '{"status":"Running"}'}
    headers:
      cache-control: [no-cache]
      content-length: ['20']
      content-type: [application/json; charset=utf-8]
      date: ['Fri, 17 Feb 2017 16:47:45 GMT']
      expires: ['-1']
      pragma: [no-cache]
      strict-transport-security: [max-age=31536000; includeSubDomains]
      vary: [Accept-Encoding]
    status: {code: 200, message: OK}
- request:
    body: null
    headers:
      Accept: [application/json]
      Accept-Encoding: ['gzip, deflate']
      Connection: [keep-alive]
      Content-Type: [application/json; charset=utf-8]
      User-Agent: [python/2.7.11 (Windows-10-10.0.14393) requests/2.9.1 msrest/0.4.4
          msrest_azure/0.4.7 appgatewaycreationclient/2015-11-01 Azure-SDK-For-Python
          AZURECLI/TEST/0.1.1b3+dev]
      accept-language: [en-US]
      x-ms-client-request-id: [3d221d21-f530-11e6-bdf4-a0b3ccf7272a]
    method: GET
    uri: https://management.azure.com/subscriptions/00000000-0000-0000-0000-000000000000/resourcegroups/cli_test_ag_public_ip/providers/Microsoft.Resources/deployments/mock-deployment/operationStatuses/08587142570630263134?api-version=2015-11-01
  response:
    body: {string: !!python/unicode '{"status":"Running"}'}
    headers:
      cache-control: [no-cache]
      content-length: ['20']
      content-type: [application/json; charset=utf-8]
      date: ['Fri, 17 Feb 2017 16:48:16 GMT']
      expires: ['-1']
      pragma: [no-cache]
      strict-transport-security: [max-age=31536000; includeSubDomains]
      vary: [Accept-Encoding]
    status: {code: 200, message: OK}
- request:
    body: null
    headers:
      Accept: [application/json]
      Accept-Encoding: ['gzip, deflate']
      Connection: [keep-alive]
      Content-Type: [application/json; charset=utf-8]
      User-Agent: [python/2.7.11 (Windows-10-10.0.14393) requests/2.9.1 msrest/0.4.4
          msrest_azure/0.4.7 appgatewaycreationclient/2015-11-01 Azure-SDK-For-Python
          AZURECLI/TEST/0.1.1b3+dev]
      accept-language: [en-US]
      x-ms-client-request-id: [3d221d21-f530-11e6-bdf4-a0b3ccf7272a]
    method: GET
    uri: https://management.azure.com/subscriptions/00000000-0000-0000-0000-000000000000/resourcegroups/cli_test_ag_public_ip/providers/Microsoft.Resources/deployments/mock-deployment/operationStatuses/08587142570630263134?api-version=2015-11-01
  response:
    body: {string: !!python/unicode '{"status":"Running"}'}
    headers:
      cache-control: [no-cache]
      content-length: ['20']
      content-type: [application/json; charset=utf-8]
      date: ['Fri, 17 Feb 2017 16:48:46 GMT']
      expires: ['-1']
      pragma: [no-cache]
      strict-transport-security: [max-age=31536000; includeSubDomains]
      vary: [Accept-Encoding]
    status: {code: 200, message: OK}
- request:
    body: null
    headers:
      Accept: [application/json]
      Accept-Encoding: ['gzip, deflate']
      Connection: [keep-alive]
      Content-Type: [application/json; charset=utf-8]
      User-Agent: [python/2.7.11 (Windows-10-10.0.14393) requests/2.9.1 msrest/0.4.4
          msrest_azure/0.4.7 appgatewaycreationclient/2015-11-01 Azure-SDK-For-Python
          AZURECLI/TEST/0.1.1b3+dev]
      accept-language: [en-US]
      x-ms-client-request-id: [3d221d21-f530-11e6-bdf4-a0b3ccf7272a]
    method: GET
    uri: https://management.azure.com/subscriptions/00000000-0000-0000-0000-000000000000/resourcegroups/cli_test_ag_public_ip/providers/Microsoft.Resources/deployments/mock-deployment/operationStatuses/08587142570630263134?api-version=2015-11-01
  response:
    body: {string: !!python/unicode '{"status":"Running"}'}
    headers:
      cache-control: [no-cache]
      content-length: ['20']
      content-type: [application/json; charset=utf-8]
      date: ['Fri, 17 Feb 2017 16:49:16 GMT']
      expires: ['-1']
      pragma: [no-cache]
      strict-transport-security: [max-age=31536000; includeSubDomains]
      vary: [Accept-Encoding]
    status: {code: 200, message: OK}
- request:
    body: null
    headers:
      Accept: [application/json]
      Accept-Encoding: ['gzip, deflate']
      Connection: [keep-alive]
      Content-Type: [application/json; charset=utf-8]
      User-Agent: [python/2.7.11 (Windows-10-10.0.14393) requests/2.9.1 msrest/0.4.4
          msrest_azure/0.4.7 appgatewaycreationclient/2015-11-01 Azure-SDK-For-Python
          AZURECLI/TEST/0.1.1b3+dev]
      accept-language: [en-US]
      x-ms-client-request-id: [3d221d21-f530-11e6-bdf4-a0b3ccf7272a]
    method: GET
    uri: https://management.azure.com/subscriptions/00000000-0000-0000-0000-000000000000/resourcegroups/cli_test_ag_public_ip/providers/Microsoft.Resources/deployments/mock-deployment/operationStatuses/08587142570630263134?api-version=2015-11-01
  response:
    body: {string: !!python/unicode '{"status":"Running"}'}
    headers:
      cache-control: [no-cache]
      content-length: ['20']
      content-type: [application/json; charset=utf-8]
      date: ['Fri, 17 Feb 2017 16:49:47 GMT']
      expires: ['-1']
      pragma: [no-cache]
      strict-transport-security: [max-age=31536000; includeSubDomains]
      vary: [Accept-Encoding]
    status: {code: 200, message: OK}
- request:
    body: null
    headers:
      Accept: [application/json]
      Accept-Encoding: ['gzip, deflate']
      Connection: [keep-alive]
      Content-Type: [application/json; charset=utf-8]
      User-Agent: [python/2.7.11 (Windows-10-10.0.14393) requests/2.9.1 msrest/0.4.4
          msrest_azure/0.4.7 appgatewaycreationclient/2015-11-01 Azure-SDK-For-Python
          AZURECLI/TEST/0.1.1b3+dev]
      accept-language: [en-US]
      x-ms-client-request-id: [3d221d21-f530-11e6-bdf4-a0b3ccf7272a]
    method: GET
    uri: https://management.azure.com/subscriptions/00000000-0000-0000-0000-000000000000/resourcegroups/cli_test_ag_public_ip/providers/Microsoft.Resources/deployments/mock-deployment/operationStatuses/08587142570630263134?api-version=2015-11-01
  response:
    body: {string: !!python/unicode '{"status":"Running"}'}
    headers:
      cache-control: [no-cache]
      content-length: ['20']
      content-type: [application/json; charset=utf-8]
      date: ['Fri, 17 Feb 2017 16:50:17 GMT']
      expires: ['-1']
      pragma: [no-cache]
      strict-transport-security: [max-age=31536000; includeSubDomains]
      vary: [Accept-Encoding]
    status: {code: 200, message: OK}
- request:
    body: null
    headers:
      Accept: [application/json]
      Accept-Encoding: ['gzip, deflate']
      Connection: [keep-alive]
      Content-Type: [application/json; charset=utf-8]
      User-Agent: [python/2.7.11 (Windows-10-10.0.14393) requests/2.9.1 msrest/0.4.4
          msrest_azure/0.4.7 appgatewaycreationclient/2015-11-01 Azure-SDK-For-Python
          AZURECLI/TEST/0.1.1b3+dev]
      accept-language: [en-US]
      x-ms-client-request-id: [3d221d21-f530-11e6-bdf4-a0b3ccf7272a]
    method: GET
    uri: https://management.azure.com/subscriptions/00000000-0000-0000-0000-000000000000/resourcegroups/cli_test_ag_public_ip/providers/Microsoft.Resources/deployments/mock-deployment/operationStatuses/08587142570630263134?api-version=2015-11-01
  response:
    body: {string: !!python/unicode '{"status":"Running"}'}
    headers:
      cache-control: [no-cache]
      content-length: ['20']
      content-type: [application/json; charset=utf-8]
      date: ['Fri, 17 Feb 2017 16:50:49 GMT']
      expires: ['-1']
      pragma: [no-cache]
      strict-transport-security: [max-age=31536000; includeSubDomains]
      vary: [Accept-Encoding]
    status: {code: 200, message: OK}
- request:
    body: null
    headers:
      Accept: [application/json]
      Accept-Encoding: ['gzip, deflate']
      Connection: [keep-alive]
      Content-Type: [application/json; charset=utf-8]
      User-Agent: [python/2.7.11 (Windows-10-10.0.14393) requests/2.9.1 msrest/0.4.4
          msrest_azure/0.4.7 appgatewaycreationclient/2015-11-01 Azure-SDK-For-Python
          AZURECLI/TEST/0.1.1b3+dev]
      accept-language: [en-US]
      x-ms-client-request-id: [3d221d21-f530-11e6-bdf4-a0b3ccf7272a]
    method: GET
    uri: https://management.azure.com/subscriptions/00000000-0000-0000-0000-000000000000/resourcegroups/cli_test_ag_public_ip/providers/Microsoft.Resources/deployments/mock-deployment/operationStatuses/08587142570630263134?api-version=2015-11-01
  response:
    body: {string: !!python/unicode '{"status":"Running"}'}
    headers:
      cache-control: [no-cache]
      content-length: ['20']
      content-type: [application/json; charset=utf-8]
      date: ['Fri, 17 Feb 2017 16:51:19 GMT']
      expires: ['-1']
      pragma: [no-cache]
      strict-transport-security: [max-age=31536000; includeSubDomains]
      vary: [Accept-Encoding]
    status: {code: 200, message: OK}
- request:
    body: null
    headers:
      Accept: [application/json]
      Accept-Encoding: ['gzip, deflate']
      Connection: [keep-alive]
      Content-Type: [application/json; charset=utf-8]
      User-Agent: [python/2.7.11 (Windows-10-10.0.14393) requests/2.9.1 msrest/0.4.4
          msrest_azure/0.4.7 appgatewaycreationclient/2015-11-01 Azure-SDK-For-Python
          AZURECLI/TEST/0.1.1b3+dev]
      accept-language: [en-US]
      x-ms-client-request-id: [3d221d21-f530-11e6-bdf4-a0b3ccf7272a]
    method: GET
    uri: https://management.azure.com/subscriptions/00000000-0000-0000-0000-000000000000/resourcegroups/cli_test_ag_public_ip/providers/Microsoft.Resources/deployments/mock-deployment/operationStatuses/08587142570630263134?api-version=2015-11-01
  response:
    body: {string: !!python/unicode '{"status":"Running"}'}
    headers:
      cache-control: [no-cache]
      content-length: ['20']
      content-type: [application/json; charset=utf-8]
      date: ['Fri, 17 Feb 2017 16:51:49 GMT']
      expires: ['-1']
      pragma: [no-cache]
      strict-transport-security: [max-age=31536000; includeSubDomains]
      vary: [Accept-Encoding]
    status: {code: 200, message: OK}
- request:
    body: null
    headers:
      Accept: [application/json]
      Accept-Encoding: ['gzip, deflate']
      Connection: [keep-alive]
      Content-Type: [application/json; charset=utf-8]
      User-Agent: [python/2.7.11 (Windows-10-10.0.14393) requests/2.9.1 msrest/0.4.4
          msrest_azure/0.4.7 appgatewaycreationclient/2015-11-01 Azure-SDK-For-Python
          AZURECLI/TEST/0.1.1b3+dev]
      accept-language: [en-US]
      x-ms-client-request-id: [3d221d21-f530-11e6-bdf4-a0b3ccf7272a]
    method: GET
    uri: https://management.azure.com/subscriptions/00000000-0000-0000-0000-000000000000/resourcegroups/cli_test_ag_public_ip/providers/Microsoft.Resources/deployments/mock-deployment/operationStatuses/08587142570630263134?api-version=2015-11-01
  response:
    body: {string: !!python/unicode '{"status":"Running"}'}
    headers:
      cache-control: [no-cache]
      content-length: ['20']
      content-type: [application/json; charset=utf-8]
      date: ['Fri, 17 Feb 2017 16:52:20 GMT']
      expires: ['-1']
      pragma: [no-cache]
      strict-transport-security: [max-age=31536000; includeSubDomains]
      vary: [Accept-Encoding]
    status: {code: 200, message: OK}
- request:
    body: null
    headers:
      Accept: [application/json]
      Accept-Encoding: ['gzip, deflate']
      Connection: [keep-alive]
      Content-Type: [application/json; charset=utf-8]
      User-Agent: [python/2.7.11 (Windows-10-10.0.14393) requests/2.9.1 msrest/0.4.4
          msrest_azure/0.4.7 appgatewaycreationclient/2015-11-01 Azure-SDK-For-Python
          AZURECLI/TEST/0.1.1b3+dev]
      accept-language: [en-US]
      x-ms-client-request-id: [3d221d21-f530-11e6-bdf4-a0b3ccf7272a]
    method: GET
    uri: https://management.azure.com/subscriptions/00000000-0000-0000-0000-000000000000/resourcegroups/cli_test_ag_public_ip/providers/Microsoft.Resources/deployments/mock-deployment/operationStatuses/08587142570630263134?api-version=2015-11-01
  response:
    body: {string: !!python/unicode '{"status":"Running"}'}
    headers:
      cache-control: [no-cache]
      content-length: ['20']
      content-type: [application/json; charset=utf-8]
      date: ['Fri, 17 Feb 2017 16:52:50 GMT']
      expires: ['-1']
      pragma: [no-cache]
      strict-transport-security: [max-age=31536000; includeSubDomains]
      vary: [Accept-Encoding]
    status: {code: 200, message: OK}
- request:
    body: null
    headers:
      Accept: [application/json]
      Accept-Encoding: ['gzip, deflate']
      Connection: [keep-alive]
      Content-Type: [application/json; charset=utf-8]
      User-Agent: [python/2.7.11 (Windows-10-10.0.14393) requests/2.9.1 msrest/0.4.4
          msrest_azure/0.4.7 appgatewaycreationclient/2015-11-01 Azure-SDK-For-Python
          AZURECLI/TEST/0.1.1b3+dev]
      accept-language: [en-US]
      x-ms-client-request-id: [3d221d21-f530-11e6-bdf4-a0b3ccf7272a]
    method: GET
    uri: https://management.azure.com/subscriptions/00000000-0000-0000-0000-000000000000/resourcegroups/cli_test_ag_public_ip/providers/Microsoft.Resources/deployments/mock-deployment/operationStatuses/08587142570630263134?api-version=2015-11-01
  response:
    body: {string: !!python/unicode '{"status":"Running"}'}
    headers:
      cache-control: [no-cache]
      content-length: ['20']
      content-type: [application/json; charset=utf-8]
      date: ['Fri, 17 Feb 2017 16:53:21 GMT']
      expires: ['-1']
      pragma: [no-cache]
      strict-transport-security: [max-age=31536000; includeSubDomains]
      vary: [Accept-Encoding]
    status: {code: 200, message: OK}
- request:
    body: null
    headers:
      Accept: [application/json]
      Accept-Encoding: ['gzip, deflate']
      Connection: [keep-alive]
      Content-Type: [application/json; charset=utf-8]
      User-Agent: [python/2.7.11 (Windows-10-10.0.14393) requests/2.9.1 msrest/0.4.4
          msrest_azure/0.4.7 appgatewaycreationclient/2015-11-01 Azure-SDK-For-Python
          AZURECLI/TEST/0.1.1b3+dev]
      accept-language: [en-US]
      x-ms-client-request-id: [3d221d21-f530-11e6-bdf4-a0b3ccf7272a]
    method: GET
    uri: https://management.azure.com/subscriptions/00000000-0000-0000-0000-000000000000/resourcegroups/cli_test_ag_public_ip/providers/Microsoft.Resources/deployments/mock-deployment/operationStatuses/08587142570630263134?api-version=2015-11-01
  response:
    body: {string: !!python/unicode '{"status":"Running"}'}
    headers:
      cache-control: [no-cache]
      content-length: ['20']
      content-type: [application/json; charset=utf-8]
      date: ['Fri, 17 Feb 2017 16:53:52 GMT']
      expires: ['-1']
      pragma: [no-cache]
      strict-transport-security: [max-age=31536000; includeSubDomains]
      vary: [Accept-Encoding]
    status: {code: 200, message: OK}
- request:
    body: null
    headers:
      Accept: [application/json]
      Accept-Encoding: ['gzip, deflate']
      Connection: [keep-alive]
      Content-Type: [application/json; charset=utf-8]
      User-Agent: [python/2.7.11 (Windows-10-10.0.14393) requests/2.9.1 msrest/0.4.4
          msrest_azure/0.4.7 appgatewaycreationclient/2015-11-01 Azure-SDK-For-Python
          AZURECLI/TEST/0.1.1b3+dev]
      accept-language: [en-US]
      x-ms-client-request-id: [3d221d21-f530-11e6-bdf4-a0b3ccf7272a]
    method: GET
    uri: https://management.azure.com/subscriptions/00000000-0000-0000-0000-000000000000/resourcegroups/cli_test_ag_public_ip/providers/Microsoft.Resources/deployments/mock-deployment/operationStatuses/08587142570630263134?api-version=2015-11-01
  response:
    body: {string: !!python/unicode '{"status":"Running"}'}
    headers:
      cache-control: [no-cache]
      content-length: ['20']
      content-type: [application/json; charset=utf-8]
      date: ['Fri, 17 Feb 2017 16:54:23 GMT']
      expires: ['-1']
      pragma: [no-cache]
      strict-transport-security: [max-age=31536000; includeSubDomains]
      vary: [Accept-Encoding]
    status: {code: 200, message: OK}
- request:
    body: null
    headers:
      Accept: [application/json]
      Accept-Encoding: ['gzip, deflate']
      Connection: [keep-alive]
      Content-Type: [application/json; charset=utf-8]
      User-Agent: [python/2.7.11 (Windows-10-10.0.14393) requests/2.9.1 msrest/0.4.4
          msrest_azure/0.4.7 appgatewaycreationclient/2015-11-01 Azure-SDK-For-Python
          AZURECLI/TEST/0.1.1b3+dev]
      accept-language: [en-US]
      x-ms-client-request-id: [3d221d21-f530-11e6-bdf4-a0b3ccf7272a]
    method: GET
    uri: https://management.azure.com/subscriptions/00000000-0000-0000-0000-000000000000/resourcegroups/cli_test_ag_public_ip/providers/Microsoft.Resources/deployments/mock-deployment/operationStatuses/08587142570630263134?api-version=2015-11-01
  response:
    body: {string: !!python/unicode '{"status":"Running"}'}
    headers:
      cache-control: [no-cache]
      content-length: ['20']
      content-type: [application/json; charset=utf-8]
      date: ['Fri, 17 Feb 2017 16:54:53 GMT']
      expires: ['-1']
      pragma: [no-cache]
      strict-transport-security: [max-age=31536000; includeSubDomains]
      vary: [Accept-Encoding]
    status: {code: 200, message: OK}
- request:
    body: null
    headers:
      Accept: [application/json]
      Accept-Encoding: ['gzip, deflate']
      Connection: [keep-alive]
      Content-Type: [application/json; charset=utf-8]
      User-Agent: [python/2.7.11 (Windows-10-10.0.14393) requests/2.9.1 msrest/0.4.4
          msrest_azure/0.4.7 appgatewaycreationclient/2015-11-01 Azure-SDK-For-Python
          AZURECLI/TEST/0.1.1b3+dev]
      accept-language: [en-US]
      x-ms-client-request-id: [3d221d21-f530-11e6-bdf4-a0b3ccf7272a]
    method: GET
    uri: https://management.azure.com/subscriptions/00000000-0000-0000-0000-000000000000/resourcegroups/cli_test_ag_public_ip/providers/Microsoft.Resources/deployments/mock-deployment/operationStatuses/08587142570630263134?api-version=2015-11-01
  response:
    body: {string: !!python/unicode '{"status":"Succeeded"}'}
    headers:
      cache-control: [no-cache]
      content-length: ['22']
      content-type: [application/json; charset=utf-8]
      date: ['Fri, 17 Feb 2017 16:55:23 GMT']
      expires: ['-1']
      pragma: [no-cache]
      strict-transport-security: [max-age=31536000; includeSubDomains]
      vary: [Accept-Encoding]
    status: {code: 200, message: OK}
- request:
    body: null
    headers:
      Accept: [application/json]
      Accept-Encoding: ['gzip, deflate']
      Connection: [keep-alive]
      Content-Type: [application/json; charset=utf-8]
      User-Agent: [python/2.7.11 (Windows-10-10.0.14393) requests/2.9.1 msrest/0.4.4
          msrest_azure/0.4.7 appgatewaycreationclient/2015-11-01 Azure-SDK-For-Python
          AZURECLI/TEST/0.1.1b3+dev]
      accept-language: [en-US]
      x-ms-client-request-id: [3d221d21-f530-11e6-bdf4-a0b3ccf7272a]
    method: GET
    uri: https://management.azure.com/subscriptions/00000000-0000-0000-0000-000000000000/resourcegroups/cli_test_ag_public_ip/providers/Microsoft.Resources/deployments/mock-deployment?api-version=2015-11-01
  response:
    body: {string: !!python/unicode '{"id":"/subscriptions/00000000-0000-0000-0000-000000000000/resourceGroups/cli_test_ag_public_ip/providers/Microsoft.Resources/deployments/azurecli1487349819.7655514","name":"azurecli1487349819.7655514","properties":{"templateLink":{"uri":"https://azuresdkci.blob.core.windows.net/templatehost/CreateAppGateway_2016-11-16/azuredeploy.json","contentVersion":"1.0.0.0"},"templateHash":"3276783378463952418","parameters":{"_artifactsLocation":{"type":"String","value":"https://azuresdkci.blob.core.windows.net/templatehost/CreateAppGateway_2016-11-16"},"applicationGatewayName":{"type":"String","value":"test4"},"capacity":{"type":"Int","value":2},"certData":{"type":"String","value":""},"certPassword":{"type":"SecureString"},"frontendPort":{"type":"Int","value":80},"frontendType":{"type":"String","value":"publicIp"},"httpListenerProtocol":{"type":"String","value":"http"},"httpSettingsCookieBasedAffinity":{"type":"String","value":"disabled"},"httpSettingsPort":{"type":"Int","value":80},"httpSettingsProtocol":{"type":"String","value":"http"},"location":{"type":"String","value":"westus"},"privateIpAddress":{"type":"String","value":""},"privateIpAddressAllocation":{"type":"String","value":"dynamic"},"publicIpAddress":{"type":"String","value":"publicip4"},"publicIpAddressType":{"type":"String","value":"new"},"publicIpAddressAllocation":{"type":"String","value":"dynamic"},"routingRuleType":{"type":"String","value":"Basic"},"servers":{"type":"Array","value":[]},"skuName":{"type":"String","value":"Standard_Medium"},"skuTier":{"type":"String","value":"Standard"},"subnet":{"type":"String","value":"subnet1"},"subnetAddressPrefix":{"type":"String","value":"10.0.0.1/28"},"subnetType":{"type":"String","value":"new"},"tags":{"type":"Object","value":{}},"virtualNetworkName":{"type":"String","value":"vnet4"},"vnetAddressPrefix":{"type":"String","value":"10.0.0.1/16"}},"mode":"Incremental","provisioningState":"Succeeded","timestamp":"2017-02-17T16:55:14.1705911Z","duration":"PT11M31.7192114S","correlationId":"f7f80588-239d-48b6-a762-1a786742afb0","providers":[{"namespace":"Microsoft.Network","resourceTypes":[{"resourceType":"applicationGateways","locations":["westus"]}]},{"namespace":"Microsoft.Resources","resourceTypes":[{"resourceType":"deployments","locations":[null]}]}],"dependencies":[{"dependsOn":[{"id":"/subscriptions/00000000-0000-0000-0000-000000000000/resourceGroups/cli_test_ag_public_ip/providers/Microsoft.Resources/deployments/VNETtest4","resourceType":"Microsoft.Resources/deployments","resourceName":"VNETtest4"},{"id":"/subscriptions/00000000-0000-0000-0000-000000000000/resourceGroups/cli_test_ag_public_ip/providers/Microsoft.Resources/deployments/PublicIptest4","resourceType":"Microsoft.Resources/deployments","resourceName":"PublicIptest4"}],"id":"/subscriptions/00000000-0000-0000-0000-000000000000/resourceGroups/cli_test_ag_public_ip/providers/Microsoft.Network/applicationGateways/test4","resourceType":"Microsoft.Network/applicationGateways","resourceName":"test4"}],"outputs":{"applicationGateway":{"type":"Object","value":{"provisioningState":"Succeeded","resourceGuid":"9e0ed27b-258c-42d6-afa0-41af4de55d13","sku":{"name":"Standard_Medium","tier":"Standard","capacity":2},"gatewayIPConfigurations":[{"name":"appGatewayIpConfig","id":"/subscriptions/00000000-0000-0000-0000-000000000000/resourceGroups/cli_test_ag_public_ip/providers/Microsoft.Network/applicationGateways/test4/gatewayIPConfigurations/appGatewayIpConfig","etag":"W/\"3c02116b-aa36-4e12-ac9f-264cfdcb809b\"","properties":{"provisioningState":"Succeeded","subnet":{"id":"/subscriptions/00000000-0000-0000-0000-000000000000/resourceGroups/cli_test_ag_public_ip/providers/Microsoft.Network/virtualNetworks/vnet4/subnets/subnet1"}}}],"sslCertificates":[],"authenticationCertificates":[],"frontendIPConfigurations":[{"name":"appGatewayFrontendIP","id":"/subscriptions/00000000-0000-0000-0000-000000000000/resourceGroups/cli_test_ag_public_ip/providers/Microsoft.Network/applicationGateways/test4/frontendIPConfigurations/appGatewayFrontendIP","etag":"W/\"3c02116b-aa36-4e12-ac9f-264cfdcb809b\"","properties":{"provisioningState":"Succeeded","privateIPAllocationMethod":"Dynamic","publicIPAddress":{"id":"/subscriptions/00000000-0000-0000-0000-000000000000/resourceGroups/cli_test_ag_public_ip/providers/Microsoft.Network/publicIPAddresses/publicip4"},"httpListeners":[{"id":"/subscriptions/00000000-0000-0000-0000-000000000000/resourceGroups/cli_test_ag_public_ip/providers/Microsoft.Network/applicationGateways/test4/httpListeners/appGatewayHttpListener"}]}}],"frontendPorts":[{"name":"appGatewayFrontendPort","id":"/subscriptions/00000000-0000-0000-0000-000000000000/resourceGroups/cli_test_ag_public_ip/providers/Microsoft.Network/applicationGateways/test4/frontendPorts/appGatewayFrontendPort","etag":"W/\"3c02116b-aa36-4e12-ac9f-264cfdcb809b\"","properties":{"provisioningState":"Succeeded","port":80,"httpListeners":[{"id":"/subscriptions/00000000-0000-0000-0000-000000000000/resourceGroups/cli_test_ag_public_ip/providers/Microsoft.Network/applicationGateways/test4/httpListeners/appGatewayHttpListener"}]}}],"backendAddressPools":[{"name":"appGatewayBackendPool","id":"/subscriptions/00000000-0000-0000-0000-000000000000/resourceGroups/cli_test_ag_public_ip/providers/Microsoft.Network/applicationGateways/test4/backendAddressPools/appGatewayBackendPool","etag":"W/\"3c02116b-aa36-4e12-ac9f-264cfdcb809b\"","properties":{"provisioningState":"Succeeded","backendAddresses":[],"requestRoutingRules":[{"id":"/subscriptions/00000000-0000-0000-0000-000000000000/resourceGroups/cli_test_ag_public_ip/providers/Microsoft.Network/applicationGateways/test4/requestRoutingRules/rule1"}]}}],"backendHttpSettingsCollection":[{"name":"appGatewayBackendHttpSettings","id":"/subscriptions/00000000-0000-0000-0000-000000000000/resourceGroups/cli_test_ag_public_ip/providers/Microsoft.Network/applicationGateways/test4/backendHttpSettingsCollection/appGatewayBackendHttpSettings","etag":"W/\"3c02116b-aa36-4e12-ac9f-264cfdcb809b\"","properties":{"provisioningState":"Succeeded","port":80,"protocol":"Http","cookieBasedAffinity":"Disabled","requestTimeout":30,"requestRoutingRules":[{"id":"/subscriptions/00000000-0000-0000-0000-000000000000/resourceGroups/cli_test_ag_public_ip/providers/Microsoft.Network/applicationGateways/test4/requestRoutingRules/rule1"}]}}],"httpListeners":[{"name":"appGatewayHttpListener","id":"/subscriptions/00000000-0000-0000-0000-000000000000/resourceGroups/cli_test_ag_public_ip/providers/Microsoft.Network/applicationGateways/test4/httpListeners/appGatewayHttpListener","etag":"W/\"3c02116b-aa36-4e12-ac9f-264cfdcb809b\"","properties":{"provisioningState":"Succeeded","frontendIPConfiguration":{"id":"/subscriptions/00000000-0000-0000-0000-000000000000/resourceGroups/cli_test_ag_public_ip/providers/Microsoft.Network/applicationGateways/test4/frontendIPConfigurations/appGatewayFrontendIP"},"frontendPort":{"id":"/subscriptions/00000000-0000-0000-0000-000000000000/resourceGroups/cli_test_ag_public_ip/providers/Microsoft.Network/applicationGateways/test4/frontendPorts/appGatewayFrontendPort"},"protocol":"Http","requireServerNameIndication":false,"requestRoutingRules":[{"id":"/subscriptions/00000000-0000-0000-0000-000000000000/resourceGroups/cli_test_ag_public_ip/providers/Microsoft.Network/applicationGateways/test4/requestRoutingRules/rule1"}]}}],"urlPathMaps":[],"requestRoutingRules":[{"name":"rule1","id":"/subscriptions/00000000-0000-0000-0000-000000000000/resourceGroups/cli_test_ag_public_ip/providers/Microsoft.Network/applicationGateways/test4/requestRoutingRules/rule1","etag":"W/\"3c02116b-aa36-4e12-ac9f-264cfdcb809b\"","properties":{"provisioningState":"Succeeded","ruleType":"Basic","httpListener":{"id":"/subscriptions/00000000-0000-0000-0000-000000000000/resourceGroups/cli_test_ag_public_ip/providers/Microsoft.Network/applicationGateways/test4/httpListeners/appGatewayHttpListener"},"backendAddressPool":{"id":"/subscriptions/00000000-0000-0000-0000-000000000000/resourceGroups/cli_test_ag_public_ip/providers/Microsoft.Network/applicationGateways/test4/backendAddressPools/appGatewayBackendPool"},"backendHttpSettings":{"id":"/subscriptions/00000000-0000-0000-0000-000000000000/resourceGroups/cli_test_ag_public_ip/providers/Microsoft.Network/applicationGateways/test4/backendHttpSettingsCollection/appGatewayBackendHttpSettings"}}}],"probes":[]}}},"outputResources":[{"id":"Microsoft.Network/applicationGateways/test4"},{"id":"Microsoft.Network/publicIPAddresses/publicip4"},{"id":"Microsoft.Network/virtualNetworks/vnet4"}]}}'}
    headers:
      cache-control: [no-cache]
      content-length: ['8715']
      content-type: [application/json; charset=utf-8]
      date: ['Fri, 17 Feb 2017 16:55:25 GMT']
      expires: ['-1']
      pragma: [no-cache]
      strict-transport-security: [max-age=31536000; includeSubDomains]
      vary: [Accept-Encoding]
    status: {code: 200, message: OK}
version: 1
