interactions:
- request:
    body: null
    headers:
      Accept:
      - application/json
      Accept-Encoding:
      - gzip, deflate
      CommandName:
      - network vnet subnet show
      Connection:
      - keep-alive
      ParameterSetName:
      - -g -n --vnet-name
      User-Agent:
      - AZURECLI/2.23.0 azsdk-python-azure-mgmt-network/19.0.0 Python/3.7.3 (Linux-5.10.16.3-microsoft-standard-WSL2-x86_64-with-debian-10.10)
    method: GET
    uri: https://management.azure.com/subscriptions/00000000-0000-0000-0000-000000000000/resourceGroups/ERNetwork/providers/Microsoft.Network/virtualNetworks/AzureDMS-CORP-USC-VNET-5044/subnets/Subnet-1?api-version=2021-02-01
  response:
    body:
      string: "{\r\n  \"name\": \"Subnet-1\",\r\n  \"id\": \"/subscriptions/00000000-0000-0000-0000-000000000000/resourceGroups/ERNetwork/providers/Microsoft.Network/virtualNetworks/AzureDMS-CORP-USC-VNET-5044/subnets/Subnet-1\"\
        ,\r\n  \"etag\": \"W/\\\"b83811fb-dc37-46db-b069-7f62ef975013\\\"\",\r\n \
        \ \"properties\": {\r\n    \"provisioningState\": \"Succeeded\",\r\n    \"\
        addressPrefix\": \"172.16.7.64/27\",\r\n    \"ipConfigurations\": [\r\n  \
        \    {\r\n        \"id\": \"/subscriptions/00000000-0000-0000-0000-000000000000/resourceGroups/DMSLoadResources/providers/Microsoft.Network/networkInterfaces/sqlsource307/ipConfigurations/ipconfig1\"\
        \r\n      },\r\n      {\r\n        \"id\": \"/subscriptions/00000000-0000-0000-0000-000000000000/resourceGroups/DMSLoadResources/providers/Microsoft.Network/networkInterfaces/mysqlsource947/ipConfigurations/ipconfig1\"\
        \r\n      },\r\n      {\r\n        \"id\": \"/subscriptions/00000000-0000-0000-0000-000000000000/resourceGroups/yaly/providers/Microsoft.Network/networkInterfaces/yalyoneboxvm352/ipConfigurations/ipconfig1\"\
        \r\n      },\r\n      {\r\n        \"id\": \"/subscriptions/00000000-0000-0000-0000-000000000000/resourceGroups/BinujDMSRg/providers/Microsoft.Network/networkInterfaces/NIC-67d63c87wi496x8qdkfditec/ipConfigurations/ipconfig\"\
        \r\n      },\r\n      {\r\n        \"id\": \"/subscriptions/00000000-0000-0000-0000-000000000000/resourceGroups/brih-dec-train-2/providers/Microsoft.Network/networkInterfaces/NIC-i784xakgpk93g8uxkbhqaubv/ipConfigurations/ipconfig\"\
        \r\n      },\r\n      {\r\n        \"id\": \"/subscriptions/00000000-0000-0000-0000-000000000000/resourceGroups/DMS-Tutorials-RG/providers/Microsoft.Network/networkInterfaces/NIC-2vgfwyyzz748bnv25rkjcsdx/ipConfigurations/ipconfig\"\
        \r\n      },\r\n      {\r\n        \"id\": \"/subscriptions/00000000-0000-0000-0000-000000000000/resourceGroups/SiyaoSignoffT3Service/providers/Microsoft.Network/networkInterfaces/NIC-h7nsa3m7fa5dfng7ti4qfun8/ipConfigurations/ipconfig\"\
        \r\n      },\r\n      {\r\n        \"id\": \"/subscriptions/00000000-0000-0000-0000-000000000000/resourceGroups/tzppe322/providers/Microsoft.Network/networkInterfaces/NIC-7rfjudjp9qadzdnnd6aqpanc/ipConfigurations/ipconfig\"\
        \r\n      },\r\n      {\r\n        \"id\": \"/subscriptions/00000000-0000-0000-0000-000000000000/resourceGroups/brih-dec-train-2/providers/Microsoft.Network/networkInterfaces/NIC-3h77idm9dbrsrs33n7hxpntz/ipConfigurations/ipconfig\"\
        \r\n      },\r\n      {\r\n        \"id\": \"/subscriptions/00000000-0000-0000-0000-000000000000/resourceGroups/hijavappe/providers/Microsoft.Network/networkInterfaces/NIC-k7dqvk5gb9r2m6qip58yxep9/ipConfigurations/ipconfig\"\
        \r\n      },\r\n      {\r\n        \"id\": \"/subscriptions/00000000-0000-0000-0000-000000000000/resourceGroups/siyaosignoffRG/providers/Microsoft.Network/networkInterfaces/NIC-54wukfqgti84rk85if49yy4n/ipConfigurations/ipconfig\"\
        \r\n      }\r\n    ],\r\n    \"serviceEndpoints\": [\r\n      {\r\n      \
        \  \"provisioningState\": \"Succeeded\",\r\n        \"service\": \"Microsoft.Storage\"\
        ,\r\n        \"locations\": [\r\n          \"centralus\",\r\n          \"\
        eastus2\"\r\n        ]\r\n      }\r\n    ],\r\n    \"delegations\": [],\r\n\
        \    \"privateEndpointNetworkPolicies\": \"Disabled\",\r\n    \"privateLinkServiceNetworkPolicies\"\
        : \"Enabled\"\r\n  },\r\n  \"type\": \"Microsoft.Network/virtualNetworks/subnets\"\
        \r\n}"
    headers:
      cache-control:
      - no-cache
      content-length:
      - '3160'
      content-type:
      - application/json; charset=utf-8
      date:
      - Thu, 01 Jul 2021 07:57:37 GMT
      etag:
      - W/"b83811fb-dc37-46db-b069-7f62ef975013"
      expires:
      - '-1'
      pragma:
      - no-cache
      server:
      - Microsoft-HTTPAPI/2.0
      - Microsoft-HTTPAPI/2.0
      strict-transport-security:
      - max-age=31536000; includeSubDomains
      transfer-encoding:
      - chunked
      vary:
      - Accept-Encoding
      x-content-type-options:
      - nosniff
      x-ms-arm-service-request-id:
      - f5f54d9a-7fac-48ce-8be1-a5bdb69a6ce0
    status:
      code: 200
      message: OK
- request:
    body: '{"tags": {"area": "cli", "env": "test"}, "location": "centralus", "sku":
      {"name": "Premium_4vCores"}, "properties": {"virtualSubnetId": "/subscriptions/00000000-0000-0000-0000-000000000000/resourceGroups/ERNetwork/providers/Microsoft.Network/virtualNetworks/AzureDMS-CORP-USC-VNET-5044/subnets/Subnet-1"}}'
    headers:
      Accept:
      - application/json
      Accept-Encoding:
      - gzip, deflate
      CommandName:
      - dms create
      Connection:
      - keep-alive
      Content-Length:
      - '305'
      Content-Type:
      - application/json
      ParameterSetName:
      - -l -n -g --sku-name --subnet --tags
      User-Agent:
      - AZURECLI/2.23.0 azsdk-python-mgmt-datamigration/9.0.0 Python/3.7.3 (Linux-5.10.16.3-microsoft-standard-WSL2-x86_64-with-debian-10.10)
    method: PUT
    uri: https://management.azure.com/subscriptions/00000000-0000-0000-0000-000000000000/resourceGroups/dms_cli_test_000001/providers/Microsoft.DataMigration/services/dmsclitest000003?api-version=2018-07-15-preview
  response:
    body:
      string: '{"properties":{"provisioningState":"Accepted","virtualSubnetId":"/subscriptions/00000000-0000-0000-0000-000000000000/resourceGroups/ERNetwork/providers/Microsoft.Network/virtualNetworks/AzureDMS-CORP-USC-VNET-5044/subnets/Subnet-1"},"etag":"MnRaTh9THMQVvP1cGp5GSBNL9KuQOr4gekTGJA0iIqQ=","id":"/subscriptions/00000000-0000-0000-0000-000000000000/resourceGroups/dms_cli_test_000001/providers/Microsoft.DataMigration/services/dmsclitest000003","kind":"Cloud","location":"centralus","name":"dmsclitest000003","sku":{"name":"Premium_4vCores","size":"4
        vCores","tier":"Premium"},"tags":{"area":"cli","env":"test"},"type":"Microsoft.DataMigration/services"}'
    headers:
      azure-asyncoperation:
      - https://management.azure.com/subscriptions/00000000-0000-0000-0000-000000000000/providers/Microsoft.DataMigration/locations/centralus/operationStatuses/c63b6028-d729-4a50-a4f8-977093d63673?api-version=2018-07-15-preview
      cache-control:
      - no-cache
      content-length:
      - '704'
      content-type:
      - application/json; charset=utf-8
      date:
      - Thu, 01 Jul 2021 07:57:40 GMT
      etag:
      - '"MnRaTh9THMQVvP1cGp5GSBNL9KuQOr4gekTGJA0iIqQ="'
      expires:
      - '-1'
      pragma:
      - no-cache
      server:
      - Microsoft-IIS/10.0
      strict-transport-security:
      - max-age=31536000; includeSubDomains
      x-content-type-options:
      - nosniff
      x-ms-ratelimit-remaining-subscription-writes:
      - '1199'
    status:
      code: 201
      message: Created
- request:
    body: null
    headers:
      Accept:
      - '*/*'
      Accept-Encoding:
      - gzip, deflate
      CommandName:
      - dms create
      Connection:
      - keep-alive
      ParameterSetName:
      - -l -n -g --sku-name --subnet --tags
      User-Agent:
      - AZURECLI/2.23.0 azsdk-python-mgmt-datamigration/9.0.0 Python/3.7.3 (Linux-5.10.16.3-microsoft-standard-WSL2-x86_64-with-debian-10.10)
    method: GET
    uri: https://management.azure.com/subscriptions/00000000-0000-0000-0000-000000000000/providers/Microsoft.DataMigration/locations/centralus/operationStatuses/c63b6028-d729-4a50-a4f8-977093d63673?api-version=2018-07-15-preview
  response:
    body:
      string: '{"name":"c63b6028-d729-4a50-a4f8-977093d63673","id":"/subscriptions/00000000-0000-0000-0000-000000000000/providers/Microsoft.DataMigration/locations/centralus/operationStatuses/c63b6028-d729-4a50-a4f8-977093d63673","status":"Running"}'
    headers:
      cache-control:
      - no-cache
      content-length:
      - '234'
      content-type:
      - application/json; charset=utf-8
      date:
      - Thu, 01 Jul 2021 07:58:11 GMT
      expires:
      - '-1'
      pragma:
      - no-cache
      server:
      - Microsoft-IIS/10.0
      strict-transport-security:
      - max-age=31536000; includeSubDomains
      transfer-encoding:
      - chunked
      vary:
      - Accept-Encoding
      x-content-type-options:
      - nosniff
    status:
      code: 200
      message: OK
- request:
    body: null
    headers:
      Accept:
      - '*/*'
      Accept-Encoding:
      - gzip, deflate
      CommandName:
      - dms create
      Connection:
      - keep-alive
      ParameterSetName:
      - -l -n -g --sku-name --subnet --tags
      User-Agent:
      - AZURECLI/2.23.0 azsdk-python-mgmt-datamigration/9.0.0 Python/3.7.3 (Linux-5.10.16.3-microsoft-standard-WSL2-x86_64-with-debian-10.10)
    method: GET
    uri: https://management.azure.com/subscriptions/00000000-0000-0000-0000-000000000000/providers/Microsoft.DataMigration/locations/centralus/operationStatuses/c63b6028-d729-4a50-a4f8-977093d63673?api-version=2018-07-15-preview
  response:
    body:
      string: '{"name":"c63b6028-d729-4a50-a4f8-977093d63673","id":"/subscriptions/00000000-0000-0000-0000-000000000000/providers/Microsoft.DataMigration/locations/centralus/operationStatuses/c63b6028-d729-4a50-a4f8-977093d63673","status":"Running"}'
    headers:
      cache-control:
      - no-cache
      content-length:
      - '234'
      content-type:
      - application/json; charset=utf-8
      date:
      - Thu, 01 Jul 2021 07:58:40 GMT
      expires:
      - '-1'
      pragma:
      - no-cache
      server:
      - Microsoft-IIS/10.0
      strict-transport-security:
      - max-age=31536000; includeSubDomains
      transfer-encoding:
      - chunked
      vary:
      - Accept-Encoding
      x-content-type-options:
      - nosniff
    status:
      code: 200
      message: OK
- request:
    body: null
    headers:
      Accept:
      - '*/*'
      Accept-Encoding:
      - gzip, deflate
      CommandName:
      - dms create
      Connection:
      - keep-alive
      ParameterSetName:
      - -l -n -g --sku-name --subnet --tags
      User-Agent:
      - AZURECLI/2.23.0 azsdk-python-mgmt-datamigration/9.0.0 Python/3.7.3 (Linux-5.10.16.3-microsoft-standard-WSL2-x86_64-with-debian-10.10)
    method: GET
    uri: https://management.azure.com/subscriptions/00000000-0000-0000-0000-000000000000/providers/Microsoft.DataMigration/locations/centralus/operationStatuses/c63b6028-d729-4a50-a4f8-977093d63673?api-version=2018-07-15-preview
  response:
    body:
      string: '{"name":"c63b6028-d729-4a50-a4f8-977093d63673","id":"/subscriptions/00000000-0000-0000-0000-000000000000/providers/Microsoft.DataMigration/locations/centralus/operationStatuses/c63b6028-d729-4a50-a4f8-977093d63673","status":"Running"}'
    headers:
      cache-control:
      - no-cache
      content-length:
      - '234'
      content-type:
      - application/json; charset=utf-8
      date:
      - Thu, 01 Jul 2021 07:59:10 GMT
      expires:
      - '-1'
      pragma:
      - no-cache
      server:
      - Microsoft-IIS/10.0
      strict-transport-security:
      - max-age=31536000; includeSubDomains
      transfer-encoding:
      - chunked
      vary:
      - Accept-Encoding
      x-content-type-options:
      - nosniff
    status:
      code: 200
      message: OK
- request:
    body: null
    headers:
      Accept:
      - '*/*'
      Accept-Encoding:
      - gzip, deflate
      CommandName:
      - dms create
      Connection:
      - keep-alive
      ParameterSetName:
      - -l -n -g --sku-name --subnet --tags
      User-Agent:
      - AZURECLI/2.23.0 azsdk-python-mgmt-datamigration/9.0.0 Python/3.7.3 (Linux-5.10.16.3-microsoft-standard-WSL2-x86_64-with-debian-10.10)
    method: GET
    uri: https://management.azure.com/subscriptions/00000000-0000-0000-0000-000000000000/providers/Microsoft.DataMigration/locations/centralus/operationStatuses/c63b6028-d729-4a50-a4f8-977093d63673?api-version=2018-07-15-preview
  response:
    body:
      string: '{"name":"c63b6028-d729-4a50-a4f8-977093d63673","id":"/subscriptions/00000000-0000-0000-0000-000000000000/providers/Microsoft.DataMigration/locations/centralus/operationStatuses/c63b6028-d729-4a50-a4f8-977093d63673","status":"Running"}'
    headers:
      cache-control:
      - no-cache
      content-length:
      - '234'
      content-type:
      - application/json; charset=utf-8
      date:
      - Thu, 01 Jul 2021 07:59:41 GMT
      expires:
      - '-1'
      pragma:
      - no-cache
      server:
      - Microsoft-IIS/10.0
      strict-transport-security:
      - max-age=31536000; includeSubDomains
      transfer-encoding:
      - chunked
      vary:
      - Accept-Encoding
      x-content-type-options:
      - nosniff
    status:
      code: 200
      message: OK
- request:
    body: null
    headers:
      Accept:
      - '*/*'
      Accept-Encoding:
      - gzip, deflate
      CommandName:
      - dms create
      Connection:
      - keep-alive
      ParameterSetName:
      - -l -n -g --sku-name --subnet --tags
      User-Agent:
      - AZURECLI/2.23.0 azsdk-python-mgmt-datamigration/9.0.0 Python/3.7.3 (Linux-5.10.16.3-microsoft-standard-WSL2-x86_64-with-debian-10.10)
    method: GET
    uri: https://management.azure.com/subscriptions/00000000-0000-0000-0000-000000000000/providers/Microsoft.DataMigration/locations/centralus/operationStatuses/c63b6028-d729-4a50-a4f8-977093d63673?api-version=2018-07-15-preview
  response:
    body:
      string: '{"name":"c63b6028-d729-4a50-a4f8-977093d63673","id":"/subscriptions/00000000-0000-0000-0000-000000000000/providers/Microsoft.DataMigration/locations/centralus/operationStatuses/c63b6028-d729-4a50-a4f8-977093d63673","status":"Running"}'
    headers:
      cache-control:
      - no-cache
      content-length:
      - '234'
      content-type:
      - application/json; charset=utf-8
      date:
      - Thu, 01 Jul 2021 08:00:11 GMT
      expires:
      - '-1'
      pragma:
      - no-cache
      server:
      - Microsoft-IIS/10.0
      strict-transport-security:
      - max-age=31536000; includeSubDomains
      transfer-encoding:
      - chunked
      vary:
      - Accept-Encoding
      x-content-type-options:
      - nosniff
    status:
      code: 200
      message: OK
- request:
    body: null
    headers:
      Accept:
      - '*/*'
      Accept-Encoding:
      - gzip, deflate
      CommandName:
      - dms create
      Connection:
      - keep-alive
      ParameterSetName:
      - -l -n -g --sku-name --subnet --tags
      User-Agent:
      - AZURECLI/2.23.0 azsdk-python-mgmt-datamigration/9.0.0 Python/3.7.3 (Linux-5.10.16.3-microsoft-standard-WSL2-x86_64-with-debian-10.10)
    method: GET
    uri: https://management.azure.com/subscriptions/00000000-0000-0000-0000-000000000000/providers/Microsoft.DataMigration/locations/centralus/operationStatuses/c63b6028-d729-4a50-a4f8-977093d63673?api-version=2018-07-15-preview
  response:
    body:
      string: '{"name":"c63b6028-d729-4a50-a4f8-977093d63673","id":"/subscriptions/00000000-0000-0000-0000-000000000000/providers/Microsoft.DataMigration/locations/centralus/operationStatuses/c63b6028-d729-4a50-a4f8-977093d63673","status":"Running"}'
    headers:
      cache-control:
      - no-cache
      content-length:
      - '234'
      content-type:
      - application/json; charset=utf-8
      date:
      - Thu, 01 Jul 2021 08:00:41 GMT
      expires:
      - '-1'
      pragma:
      - no-cache
      server:
      - Microsoft-IIS/10.0
      strict-transport-security:
      - max-age=31536000; includeSubDomains
      transfer-encoding:
      - chunked
      vary:
      - Accept-Encoding
      x-content-type-options:
      - nosniff
    status:
      code: 200
      message: OK
- request:
    body: null
    headers:
      Accept:
      - '*/*'
      Accept-Encoding:
      - gzip, deflate
      CommandName:
      - dms create
      Connection:
      - keep-alive
      ParameterSetName:
      - -l -n -g --sku-name --subnet --tags
      User-Agent:
      - AZURECLI/2.23.0 azsdk-python-mgmt-datamigration/9.0.0 Python/3.7.3 (Linux-5.10.16.3-microsoft-standard-WSL2-x86_64-with-debian-10.10)
    method: GET
    uri: https://management.azure.com/subscriptions/00000000-0000-0000-0000-000000000000/providers/Microsoft.DataMigration/locations/centralus/operationStatuses/c63b6028-d729-4a50-a4f8-977093d63673?api-version=2018-07-15-preview
  response:
    body:
      string: '{"name":"c63b6028-d729-4a50-a4f8-977093d63673","id":"/subscriptions/00000000-0000-0000-0000-000000000000/providers/Microsoft.DataMigration/locations/centralus/operationStatuses/c63b6028-d729-4a50-a4f8-977093d63673","status":"Running"}'
    headers:
      cache-control:
      - no-cache
      content-length:
      - '234'
      content-type:
      - application/json; charset=utf-8
      date:
      - Thu, 01 Jul 2021 08:01:12 GMT
      expires:
      - '-1'
      pragma:
      - no-cache
      server:
      - Microsoft-IIS/10.0
      strict-transport-security:
      - max-age=31536000; includeSubDomains
      transfer-encoding:
      - chunked
      vary:
      - Accept-Encoding
      x-content-type-options:
      - nosniff
    status:
      code: 200
      message: OK
- request:
    body: null
    headers:
      Accept:
      - '*/*'
      Accept-Encoding:
      - gzip, deflate
      CommandName:
      - dms create
      Connection:
      - keep-alive
      ParameterSetName:
      - -l -n -g --sku-name --subnet --tags
      User-Agent:
      - AZURECLI/2.23.0 azsdk-python-mgmt-datamigration/9.0.0 Python/3.7.3 (Linux-5.10.16.3-microsoft-standard-WSL2-x86_64-with-debian-10.10)
    method: GET
    uri: https://management.azure.com/subscriptions/00000000-0000-0000-0000-000000000000/providers/Microsoft.DataMigration/locations/centralus/operationStatuses/c63b6028-d729-4a50-a4f8-977093d63673?api-version=2018-07-15-preview
  response:
    body:
      string: '{"name":"c63b6028-d729-4a50-a4f8-977093d63673","id":"/subscriptions/00000000-0000-0000-0000-000000000000/providers/Microsoft.DataMigration/locations/centralus/operationStatuses/c63b6028-d729-4a50-a4f8-977093d63673","status":"Running"}'
    headers:
      cache-control:
      - no-cache
      content-length:
      - '234'
      content-type:
      - application/json; charset=utf-8
      date:
      - Thu, 01 Jul 2021 08:01:41 GMT
      expires:
      - '-1'
      pragma:
      - no-cache
      server:
      - Microsoft-IIS/10.0
      strict-transport-security:
      - max-age=31536000; includeSubDomains
      transfer-encoding:
      - chunked
      vary:
      - Accept-Encoding
      x-content-type-options:
      - nosniff
    status:
      code: 200
      message: OK
- request:
    body: null
    headers:
      Accept:
      - '*/*'
      Accept-Encoding:
      - gzip, deflate
      CommandName:
      - dms create
      Connection:
      - keep-alive
      ParameterSetName:
      - -l -n -g --sku-name --subnet --tags
      User-Agent:
      - AZURECLI/2.23.0 azsdk-python-mgmt-datamigration/9.0.0 Python/3.7.3 (Linux-5.10.16.3-microsoft-standard-WSL2-x86_64-with-debian-10.10)
    method: GET
    uri: https://management.azure.com/subscriptions/00000000-0000-0000-0000-000000000000/providers/Microsoft.DataMigration/locations/centralus/operationStatuses/c63b6028-d729-4a50-a4f8-977093d63673?api-version=2018-07-15-preview
  response:
    body:
      string: '{"name":"c63b6028-d729-4a50-a4f8-977093d63673","id":"/subscriptions/00000000-0000-0000-0000-000000000000/providers/Microsoft.DataMigration/locations/centralus/operationStatuses/c63b6028-d729-4a50-a4f8-977093d63673","status":"Running"}'
    headers:
      cache-control:
      - no-cache
      content-length:
      - '234'
      content-type:
      - application/json; charset=utf-8
      date:
      - Thu, 01 Jul 2021 08:02:13 GMT
      expires:
      - '-1'
      pragma:
      - no-cache
      server:
      - Microsoft-IIS/10.0
      strict-transport-security:
      - max-age=31536000; includeSubDomains
      transfer-encoding:
      - chunked
      vary:
      - Accept-Encoding
      x-content-type-options:
      - nosniff
    status:
      code: 200
      message: OK
- request:
    body: null
    headers:
      Accept:
      - '*/*'
      Accept-Encoding:
      - gzip, deflate
      CommandName:
      - dms create
      Connection:
      - keep-alive
      ParameterSetName:
      - -l -n -g --sku-name --subnet --tags
      User-Agent:
      - AZURECLI/2.23.0 azsdk-python-mgmt-datamigration/9.0.0 Python/3.7.3 (Linux-5.10.16.3-microsoft-standard-WSL2-x86_64-with-debian-10.10)
    method: GET
    uri: https://management.azure.com/subscriptions/00000000-0000-0000-0000-000000000000/providers/Microsoft.DataMigration/locations/centralus/operationStatuses/c63b6028-d729-4a50-a4f8-977093d63673?api-version=2018-07-15-preview
  response:
    body:
      string: '{"name":"c63b6028-d729-4a50-a4f8-977093d63673","id":"/subscriptions/00000000-0000-0000-0000-000000000000/providers/Microsoft.DataMigration/locations/centralus/operationStatuses/c63b6028-d729-4a50-a4f8-977093d63673","status":"Running"}'
    headers:
      cache-control:
      - no-cache
      content-length:
      - '234'
      content-type:
      - application/json; charset=utf-8
      date:
      - Thu, 01 Jul 2021 08:02:43 GMT
      expires:
      - '-1'
      pragma:
      - no-cache
      server:
      - Microsoft-IIS/10.0
      strict-transport-security:
      - max-age=31536000; includeSubDomains
      transfer-encoding:
      - chunked
      vary:
      - Accept-Encoding
      x-content-type-options:
      - nosniff
    status:
      code: 200
      message: OK
- request:
    body: null
    headers:
      Accept:
      - '*/*'
      Accept-Encoding:
      - gzip, deflate
      CommandName:
      - dms create
      Connection:
      - keep-alive
      ParameterSetName:
      - -l -n -g --sku-name --subnet --tags
      User-Agent:
      - AZURECLI/2.23.0 azsdk-python-mgmt-datamigration/9.0.0 Python/3.7.3 (Linux-5.10.16.3-microsoft-standard-WSL2-x86_64-with-debian-10.10)
    method: GET
    uri: https://management.azure.com/subscriptions/00000000-0000-0000-0000-000000000000/providers/Microsoft.DataMigration/locations/centralus/operationStatuses/c63b6028-d729-4a50-a4f8-977093d63673?api-version=2018-07-15-preview
  response:
    body:
      string: '{"name":"c63b6028-d729-4a50-a4f8-977093d63673","id":"/subscriptions/00000000-0000-0000-0000-000000000000/providers/Microsoft.DataMigration/locations/centralus/operationStatuses/c63b6028-d729-4a50-a4f8-977093d63673","status":"Running"}'
    headers:
      cache-control:
      - no-cache
      content-length:
      - '234'
      content-type:
      - application/json; charset=utf-8
      date:
      - Thu, 01 Jul 2021 08:03:13 GMT
      expires:
      - '-1'
      pragma:
      - no-cache
      server:
      - Microsoft-IIS/10.0
      strict-transport-security:
      - max-age=31536000; includeSubDomains
      transfer-encoding:
      - chunked
      vary:
      - Accept-Encoding
      x-content-type-options:
      - nosniff
    status:
      code: 200
      message: OK
- request:
    body: null
    headers:
      Accept:
      - '*/*'
      Accept-Encoding:
      - gzip, deflate
      CommandName:
      - dms create
      Connection:
      - keep-alive
      ParameterSetName:
      - -l -n -g --sku-name --subnet --tags
      User-Agent:
      - AZURECLI/2.23.0 azsdk-python-mgmt-datamigration/9.0.0 Python/3.7.3 (Linux-5.10.16.3-microsoft-standard-WSL2-x86_64-with-debian-10.10)
    method: GET
    uri: https://management.azure.com/subscriptions/00000000-0000-0000-0000-000000000000/providers/Microsoft.DataMigration/locations/centralus/operationStatuses/c63b6028-d729-4a50-a4f8-977093d63673?api-version=2018-07-15-preview
  response:
    body:
      string: '{"name":"c63b6028-d729-4a50-a4f8-977093d63673","id":"/subscriptions/00000000-0000-0000-0000-000000000000/providers/Microsoft.DataMigration/locations/centralus/operationStatuses/c63b6028-d729-4a50-a4f8-977093d63673","status":"Running"}'
    headers:
      cache-control:
      - no-cache
      content-length:
      - '234'
      content-type:
      - application/json; charset=utf-8
      date:
      - Thu, 01 Jul 2021 08:03:43 GMT
      expires:
      - '-1'
      pragma:
      - no-cache
      server:
      - Microsoft-IIS/10.0
      strict-transport-security:
      - max-age=31536000; includeSubDomains
      transfer-encoding:
      - chunked
      vary:
      - Accept-Encoding
      x-content-type-options:
      - nosniff
    status:
      code: 200
      message: OK
- request:
    body: null
    headers:
      Accept:
      - '*/*'
      Accept-Encoding:
      - gzip, deflate
      CommandName:
      - dms create
      Connection:
      - keep-alive
      ParameterSetName:
      - -l -n -g --sku-name --subnet --tags
      User-Agent:
      - AZURECLI/2.23.0 azsdk-python-mgmt-datamigration/9.0.0 Python/3.7.3 (Linux-5.10.16.3-microsoft-standard-WSL2-x86_64-with-debian-10.10)
    method: GET
    uri: https://management.azure.com/subscriptions/00000000-0000-0000-0000-000000000000/providers/Microsoft.DataMigration/locations/centralus/operationStatuses/c63b6028-d729-4a50-a4f8-977093d63673?api-version=2018-07-15-preview
  response:
    body:
      string: '{"name":"c63b6028-d729-4a50-a4f8-977093d63673","id":"/subscriptions/00000000-0000-0000-0000-000000000000/providers/Microsoft.DataMigration/locations/centralus/operationStatuses/c63b6028-d729-4a50-a4f8-977093d63673","status":"Running"}'
    headers:
      cache-control:
      - no-cache
      content-length:
      - '234'
      content-type:
      - application/json; charset=utf-8
      date:
      - Thu, 01 Jul 2021 08:04:14 GMT
      expires:
      - '-1'
      pragma:
      - no-cache
      server:
      - Microsoft-IIS/10.0
      strict-transport-security:
      - max-age=31536000; includeSubDomains
      transfer-encoding:
      - chunked
      vary:
      - Accept-Encoding
      x-content-type-options:
      - nosniff
    status:
      code: 200
      message: OK
- request:
    body: null
    headers:
      Accept:
      - '*/*'
      Accept-Encoding:
      - gzip, deflate
      CommandName:
      - dms create
      Connection:
      - keep-alive
      ParameterSetName:
      - -l -n -g --sku-name --subnet --tags
      User-Agent:
      - AZURECLI/2.23.0 azsdk-python-mgmt-datamigration/9.0.0 Python/3.7.3 (Linux-5.10.16.3-microsoft-standard-WSL2-x86_64-with-debian-10.10)
    method: GET
    uri: https://management.azure.com/subscriptions/00000000-0000-0000-0000-000000000000/providers/Microsoft.DataMigration/locations/centralus/operationStatuses/c63b6028-d729-4a50-a4f8-977093d63673?api-version=2018-07-15-preview
  response:
    body:
      string: '{"name":"c63b6028-d729-4a50-a4f8-977093d63673","id":"/subscriptions/00000000-0000-0000-0000-000000000000/providers/Microsoft.DataMigration/locations/centralus/operationStatuses/c63b6028-d729-4a50-a4f8-977093d63673","status":"Running"}'
    headers:
      cache-control:
      - no-cache
      content-length:
      - '234'
      content-type:
      - application/json; charset=utf-8
      date:
      - Thu, 01 Jul 2021 08:04:44 GMT
      expires:
      - '-1'
      pragma:
      - no-cache
      server:
      - Microsoft-IIS/10.0
      strict-transport-security:
      - max-age=31536000; includeSubDomains
      transfer-encoding:
      - chunked
      vary:
      - Accept-Encoding
      x-content-type-options:
      - nosniff
    status:
      code: 200
      message: OK
- request:
    body: null
    headers:
      Accept:
      - '*/*'
      Accept-Encoding:
      - gzip, deflate
      CommandName:
      - dms create
      Connection:
      - keep-alive
      ParameterSetName:
      - -l -n -g --sku-name --subnet --tags
      User-Agent:
      - AZURECLI/2.23.0 azsdk-python-mgmt-datamigration/9.0.0 Python/3.7.3 (Linux-5.10.16.3-microsoft-standard-WSL2-x86_64-with-debian-10.10)
    method: GET
    uri: https://management.azure.com/subscriptions/00000000-0000-0000-0000-000000000000/providers/Microsoft.DataMigration/locations/centralus/operationStatuses/c63b6028-d729-4a50-a4f8-977093d63673?api-version=2018-07-15-preview
  response:
    body:
      string: '{"name":"c63b6028-d729-4a50-a4f8-977093d63673","id":"/subscriptions/00000000-0000-0000-0000-000000000000/providers/Microsoft.DataMigration/locations/centralus/operationStatuses/c63b6028-d729-4a50-a4f8-977093d63673","status":"Succeeded"}'
    headers:
      cache-control:
      - no-cache
      content-length:
      - '236'
      content-type:
      - application/json; charset=utf-8
      date:
      - Thu, 01 Jul 2021 08:05:14 GMT
      expires:
      - '-1'
      pragma:
      - no-cache
      server:
      - Microsoft-IIS/10.0
      strict-transport-security:
      - max-age=31536000; includeSubDomains
      transfer-encoding:
      - chunked
      vary:
      - Accept-Encoding
      x-content-type-options:
      - nosniff
    status:
      code: 200
      message: OK
- request:
    body: null
    headers:
      Accept:
      - '*/*'
      Accept-Encoding:
      - gzip, deflate
      CommandName:
      - dms create
      Connection:
      - keep-alive
      ParameterSetName:
      - -l -n -g --sku-name --subnet --tags
      User-Agent:
      - AZURECLI/2.23.0 azsdk-python-mgmt-datamigration/9.0.0 Python/3.7.3 (Linux-5.10.16.3-microsoft-standard-WSL2-x86_64-with-debian-10.10)
    method: GET
    uri: https://management.azure.com/subscriptions/00000000-0000-0000-0000-000000000000/resourceGroups/dms_cli_test_000001/providers/Microsoft.DataMigration/services/dmsclitest000003?api-version=2018-07-15-preview
  response:
    body:
      string: '{"properties":{"provisioningState":"Succeeded","virtualNicId":"/subscriptions/00000000-0000-0000-0000-000000000000/resourceGroups/dms_cli_test_000001/providers/Microsoft.Network/networkInterfaces/NIC-c8ir2iskhmjjqti5ivm42cyh","virtualSubnetId":"/subscriptions/00000000-0000-0000-0000-000000000000/resourceGroups/ERNetwork/providers/Microsoft.Network/virtualNetworks/AzureDMS-CORP-USC-VNET-5044/subnets/Subnet-1"},"etag":"yBAU705LKCs5fGD4AMIXFGpVUYoaDWHub2TTccPT8Zc=","id":"/subscriptions/00000000-0000-0000-0000-000000000000/resourceGroups/dms_cli_test_000001/providers/Microsoft.DataMigration/services/dmsclitest000003","kind":"Cloud","location":"centralus","name":"dmsclitest000003","sku":{"name":"Premium_4vCores","size":"4
        vCores","tier":"Premium"},"tags":{"area":"cli","env":"test"},"type":"Microsoft.DataMigration/services"}'
    headers:
      cache-control:
      - no-cache
      content-length:
      - '940'
      content-type:
      - application/json; charset=utf-8
      date:
      - Thu, 01 Jul 2021 08:05:14 GMT
      etag:
      - '"yBAU705LKCs5fGD4AMIXFGpVUYoaDWHub2TTccPT8Zc="'
      expires:
      - '-1'
      pragma:
      - no-cache
      server:
      - Microsoft-IIS/10.0
      strict-transport-security:
      - max-age=31536000; includeSubDomains
      transfer-encoding:
      - chunked
      vary:
      - Accept-Encoding
      x-content-type-options:
      - nosniff
    status:
      code: 200
      message: OK
- request:
    body: '{"location": "centralus", "properties": {"sourcePlatform": "sql", "targetPlatform":
      "sqldb"}}'
    headers:
      Accept:
      - application/json
      Accept-Encoding:
      - gzip, deflate
      CommandName:
      - dms project create
      Connection:
      - keep-alive
      Content-Length:
      - '93'
      Content-Type:
      - application/json
      ParameterSetName:
      - -g --service-name -l -n --source-platform --target-platform
      User-Agent:
      - AZURECLI/2.23.0 azsdk-python-mgmt-datamigration/9.0.0 Python/3.7.3 (Linux-5.10.16.3-microsoft-standard-WSL2-x86_64-with-debian-10.10)
    method: PUT
    uri: https://management.azure.com/subscriptions/00000000-0000-0000-0000-000000000000/resourceGroups/dms_cli_test_000001/providers/Microsoft.DataMigration/services/dmsclitest000003/projects/project000004?api-version=2018-07-15-preview
  response:
    body:
      string: '{"properties":{"sourcePlatform":"SQL","targetPlatform":"SQLDB","creationTime":"2021-07-01T08:05:17.9291122+00:00","provisioningState":"Succeeded"},"etag":"TFmHQIetDZrc2tqNMfiYXtBccJj+4QgaWtmvHGeLZdA=","id":"/subscriptions/00000000-0000-0000-0000-000000000000/resourceGroups/dms_cli_test_000001/providers/Microsoft.DataMigration/services/dmsclitest000003/projects/project000004","location":"centralus","name":"project000004","type":"Microsoft.DataMigration/services/projects"}'
    headers:
      cache-control:
      - no-cache
      content-length:
      - '534'
      content-type:
      - application/json; charset=utf-8
      date:
      - Thu, 01 Jul 2021 08:05:18 GMT
      etag:
      - '"TFmHQIetDZrc2tqNMfiYXtBccJj+4QgaWtmvHGeLZdA="'
      expires:
      - '-1'
      pragma:
      - no-cache
      server:
      - Microsoft-IIS/10.0
      strict-transport-security:
      - max-age=31536000; includeSubDomains
      x-content-type-options:
      - nosniff
      x-ms-ratelimit-remaining-subscription-writes:
      - '1199'
    status:
      code: 201
      message: Created
- request:
    body: '{"location": "centralus", "properties": {"sourcePlatform": "postgresql",
      "targetPlatform": "azuredbforpostgresql"}}'
    headers:
      Accept:
      - application/json
      Accept-Encoding:
      - gzip, deflate
      CommandName:
      - dms project create
      Connection:
      - keep-alive
      Content-Length:
      - '115'
      Content-Type:
      - application/json
      ParameterSetName:
      - -g --service-name -l -n --source-platform --target-platform
      User-Agent:
      - AZURECLI/2.23.0 azsdk-python-mgmt-datamigration/9.0.0 Python/3.7.3 (Linux-5.10.16.3-microsoft-standard-WSL2-x86_64-with-debian-10.10)
    method: PUT
    uri: https://management.azure.com/subscriptions/00000000-0000-0000-0000-000000000000/resourceGroups/dms_cli_test_000001/providers/Microsoft.DataMigration/services/dmsclitest000003/projects/projectpg000007?api-version=2018-07-15-preview
  response:
    body:
      string: '{"properties":{"sourcePlatform":"PostgreSQL","targetPlatform":"AzureDbForPostgreSQL","creationTime":"2021-07-01T08:05:19.791314+00:00","provisioningState":"Succeeded"},"etag":"fW8VVehemUn+Bq793n1BVm9wR45X0K5LyMDqftn+9T8=","id":"/subscriptions/00000000-0000-0000-0000-000000000000/resourceGroups/dms_cli_test_000001/providers/Microsoft.DataMigration/services/dmsclitest000003/projects/projectpg000007","location":"centralus","name":"projectpg000007","type":"Microsoft.DataMigration/services/projects"}'
    headers:
      cache-control:
      - no-cache
      content-length:
      - '565'
      content-type:
      - application/json; charset=utf-8
      date:
      - Thu, 01 Jul 2021 08:05:19 GMT
      etag:
      - '"fW8VVehemUn+Bq793n1BVm9wR45X0K5LyMDqftn+9T8="'
      expires:
      - '-1'
      pragma:
      - no-cache
      server:
      - Microsoft-IIS/10.0
      strict-transport-security:
      - max-age=31536000; includeSubDomains
      x-content-type-options:
      - nosniff
      x-ms-ratelimit-remaining-subscription-writes:
      - '1198'
    status:
      code: 201
      message: Created
- request:
    body: null
    headers:
      Accept:
      - application/json
      Accept-Encoding:
      - gzip, deflate
      CommandName:
      - dms project task show
      Connection:
      - keep-alive
      ParameterSetName:
      - -g --service-name --project-name -n
      User-Agent:
      - AZURECLI/2.23.0 azsdk-python-mgmt-datamigration/9.0.0 Python/3.7.3 (Linux-5.10.16.3-microsoft-standard-WSL2-x86_64-with-debian-10.10)
    method: GET
    uri: https://management.azure.com/subscriptions/00000000-0000-0000-0000-000000000000/resourceGroups/dms_cli_test_000001/providers/Microsoft.DataMigration/services/dmsclitest000003/projects/project000004/tasks/task1000005?api-version=2018-07-15-preview
  response:
    body:
      string: ''
    headers:
      cache-control:
      - no-cache
      content-length:
      - '0'
      date:
      - Thu, 01 Jul 2021 08:05:20 GMT
      expires:
      - '-1'
      pragma:
      - no-cache
      server:
      - Microsoft-IIS/10.0
      strict-transport-security:
      - max-age=31536000; includeSubDomains
      x-content-type-options:
      - nosniff
    status:
      code: 404
      message: Not Found
- request:
    body: null
    headers:
      Accept:
      - application/json
      Accept-Encoding:
      - gzip, deflate
      CommandName:
      - dms project task show
      Connection:
      - keep-alive
      ParameterSetName:
      - -g --service-name --project-name -n
      User-Agent:
      - AZURECLI/2.23.0 azsdk-python-mgmt-datamigration/9.0.0 Python/3.7.3 (Linux-5.10.16.3-microsoft-standard-WSL2-x86_64-with-debian-10.10)
    method: GET
    uri: https://management.azure.com/subscriptions/00000000-0000-0000-0000-000000000000/resourceGroups/dms_cli_test_000001/providers/Microsoft.DataMigration/services/dmsclitest000003/projects/projectpg000007/tasks/taskpg000008?api-version=2018-07-15-preview
  response:
    body:
      string: ''
    headers:
      cache-control:
      - no-cache
      content-length:
      - '0'
      date:
      - Thu, 01 Jul 2021 08:05:20 GMT
      expires:
      - '-1'
      pragma:
      - no-cache
      server:
      - Microsoft-IIS/10.0
      strict-transport-security:
      - max-age=31536000; includeSubDomains
      x-content-type-options:
      - nosniff
    status:
      code: 404
      message: Not Found
- request:
    body: null
    headers:
      Accept:
      - application/json
      Accept-Encoding:
      - gzip, deflate
      CommandName:
      - dms project task create
      Connection:
      - keep-alive
      ParameterSetName:
      - --task-type --database-options-json -n --project-name -g --service-name --source-connection-json
        --target-connection-json
      User-Agent:
      - AZURECLI/2.23.0 azsdk-python-mgmt-datamigration/9.0.0 Python/3.7.3 (Linux-5.10.16.3-microsoft-standard-WSL2-x86_64-with-debian-10.10)
    method: GET
    uri: https://management.azure.com/subscriptions/00000000-0000-0000-0000-000000000000/resourceGroups/dms_cli_test_000001/providers/Microsoft.DataMigration/services/dmsclitest000003/projects/project000004?api-version=2018-07-15-preview
  response:
    body:
      string: '{"properties":{"sourcePlatform":"SQL","targetPlatform":"SQLDB","creationTime":"2021-07-01T08:05:17.9291122+00:00","provisioningState":"Succeeded"},"etag":"TFmHQIetDZrc2tqNMfiYXtBccJj+4QgaWtmvHGeLZdA=","id":"/subscriptions/00000000-0000-0000-0000-000000000000/resourceGroups/dms_cli_test_000001/providers/Microsoft.DataMigration/services/dmsclitest000003/projects/project000004","location":"centralus","name":"project000004","type":"Microsoft.DataMigration/services/projects"}'
    headers:
      cache-control:
      - no-cache
      content-length:
      - '534'
      content-type:
      - application/json; charset=utf-8
      date:
      - Thu, 01 Jul 2021 08:05:20 GMT
      etag:
      - '"TFmHQIetDZrc2tqNMfiYXtBccJj+4QgaWtmvHGeLZdA="'
      expires:
      - '-1'
      pragma:
      - no-cache
      server:
      - Microsoft-IIS/10.0
      strict-transport-security:
      - max-age=31536000; includeSubDomains
      transfer-encoding:
      - chunked
      vary:
      - Accept-Encoding
      x-content-type-options:
      - nosniff
    status:
      code: 200
      message: OK
- request:
    body: '{"properties": {"taskType": "Migrate.SqlServer.SqlDb", "input": {"sourceConnectionInfo":
      {"type": "SqlConnectionInfo", "userName": "testuser", "password": "testpassword",
      "dataSource": "notarealsourceserver", "authentication": "SqlAuthentication",
      "encryptConnection": true, "trustServerCertificate": true}, "targetConnectionInfo":
      {"type": "SqlConnectionInfo", "userName": "testuser", "password": "testpassword",
      "dataSource": "notarealtargetserver", "authentication": "SqlAuthentication",
      "encryptConnection": true, "trustServerCertificate": true}, "selectedDatabases":
      [{"name": "SourceDatabase1", "targetDatabaseName": "TargetDatabase1", "makeSourceDbReadOnly":
      false, "tableMap": {"dbo.TestTableSource1": "dbo.TestTableTarget1", "dbo.TestTableSource2":
      "dbo.TestTableTarget2"}}], "validationOptions": {"enableSchemaValidation": false,
      "enableDataIntegrityValidation": false, "enableQueryAnalysisValidation": false}}}}'
    headers:
      Accept:
      - application/json
      Accept-Encoding:
      - gzip, deflate
      CommandName:
      - dms project task create
      Connection:
      - keep-alive
      Content-Length:
      - '922'
      Content-Type:
      - application/json
      ParameterSetName:
      - --task-type --database-options-json -n --project-name -g --service-name --source-connection-json
        --target-connection-json
      User-Agent:
      - AZURECLI/2.23.0 azsdk-python-mgmt-datamigration/9.0.0 Python/3.7.3 (Linux-5.10.16.3-microsoft-standard-WSL2-x86_64-with-debian-10.10)
    method: PUT
    uri: https://management.azure.com/subscriptions/00000000-0000-0000-0000-000000000000/resourceGroups/dms_cli_test_000001/providers/Microsoft.DataMigration/services/dmsclitest000003/projects/project000004/tasks/task1000005?api-version=2018-07-15-preview
  response:
    body:
      string: '{"properties":{"input":{"sourceConnectionInfo":{"type":"SqlConnectionInfo","userName":"testuser","password":"RIouTN+7muLehGvFrx+ItdTfALF/bxRNTXQHho//iX0=","dataSource":"notarealsourceserver","authentication":"SqlAuthentication","encryptConnection":true,"trustServerCertificate":true},"targetConnectionInfo":{"type":"SqlConnectionInfo","userName":"testuser","password":"RIouTN+7muLehGvFrx+ItdTfALF/bxRNTXQHho//iX0=","dataSource":"notarealtargetserver","authentication":"SqlAuthentication","encryptConnection":true,"trustServerCertificate":true},"selectedDatabases":[{"name":"SourceDatabase1","targetDatabaseName":"TargetDatabase1","makeSourceDbReadOnly":false,"tableMap":{"dbo.TestTableSource1":"dbo.TestTableTarget1","dbo.TestTableSource2":"dbo.TestTableTarget2"}}],"validationOptions":{"enableSchemaValidation":false,"enableDataIntegrityValidation":false,"enableQueryAnalysisValidation":false},"encryptedKeyForSecureFields":"xqZ+6b1KRWz5joF6U1to00Xh0LhVuFd54XkeUDPiEdkbRu5HPGRNeuVxT9U3x56Qk31SQfhQAqvOez84+OweHcOULEFk+C/CsIg0BR8r9FquPR2ZtSts+WC9kUvVTSxoSXLddcrnFLy/38bQjtC0tgyxYlGns2TPBEuUjVuihCEDXTZYT3/mp8arqJZX4422l+Kt/iFHz0MV3Hi3agwjgCzQIwKz433i8JhnUI7E/buyB+eci8KZLmdO3ogN/yqPYmE8OwBwrZAx3GWZ3MyiUZVUnjFQYkG4wTtGE1qDPTyahHABnjzMVkvQBg1ejL4usteu5Ijzbm/prefw2sqnmw=="},"taskId":"8ea63015-cc47-4676-82e6-40c476b7507c","taskType":"Migrate.SqlServer.SqlDb","state":"Queued","isCloneable":true,"createdOn":"2021-07-01T08:05:22.9945672+00:00"},"etag":"sFYOVEo29G7EhtHXFwxTrq5Jhw3+WQJh8GLdUCgnf6U=","id":"/subscriptions/00000000-0000-0000-0000-000000000000/resourceGroups/dms_cli_test_000001/providers/Microsoft.DataMigration/services/dmsclitest000003/projects/project000004/tasks/task1000005","name":"task1000005","type":"Microsoft.DataMigration/services/projects/tasks"}'
    headers:
      cache-control:
      - no-cache
      content-length:
      - '1835'
      content-type:
      - application/json; charset=utf-8
      date:
      - Thu, 01 Jul 2021 08:05:24 GMT
      etag:
      - '"sFYOVEo29G7EhtHXFwxTrq5Jhw3+WQJh8GLdUCgnf6U="'
      expires:
      - '-1'
      pragma:
      - no-cache
      server:
      - Microsoft-IIS/10.0
      strict-transport-security:
      - max-age=31536000; includeSubDomains
      x-content-type-options:
      - nosniff
      x-ms-ratelimit-remaining-subscription-writes:
      - '1199'
    status:
      code: 201
      message: Created
- request:
    body: null
    headers:
      Accept:
      - application/json
      Accept-Encoding:
      - gzip, deflate
      CommandName:
      - dms project task show
      Connection:
      - keep-alive
      ParameterSetName:
      - -g --service-name --project-name -n
      User-Agent:
      - AZURECLI/2.23.0 azsdk-python-mgmt-datamigration/9.0.0 Python/3.7.3 (Linux-5.10.16.3-microsoft-standard-WSL2-x86_64-with-debian-10.10)
    method: GET
    uri: https://management.azure.com/subscriptions/00000000-0000-0000-0000-000000000000/resourceGroups/dms_cli_test_000001/providers/Microsoft.DataMigration/services/dmsclitest000003/projects/project000004/tasks/task1000005?api-version=2018-07-15-preview
  response:
    body:
      string: '{"properties":{"input":{"sourceConnectionInfo":{"type":"SqlConnectionInfo","userName":"testuser","password":"RIouTN+7muLehGvFrx+ItdTfALF/bxRNTXQHho//iX0=","dataSource":"notarealsourceserver","authentication":"SqlAuthentication","encryptConnection":true,"trustServerCertificate":true},"targetConnectionInfo":{"type":"SqlConnectionInfo","userName":"testuser","password":"RIouTN+7muLehGvFrx+ItdTfALF/bxRNTXQHho//iX0=","dataSource":"notarealtargetserver","authentication":"SqlAuthentication","encryptConnection":true,"trustServerCertificate":true},"selectedDatabases":[{"name":"SourceDatabase1","targetDatabaseName":"TargetDatabase1","makeSourceDbReadOnly":false,"tableMap":{"dbo.TestTableSource1":"dbo.TestTableTarget1","dbo.TestTableSource2":"dbo.TestTableTarget2"}}],"validationOptions":{"enableSchemaValidation":false,"enableDataIntegrityValidation":false,"enableQueryAnalysisValidation":false},"encryptedKeyForSecureFields":"xqZ+6b1KRWz5joF6U1to00Xh0LhVuFd54XkeUDPiEdkbRu5HPGRNeuVxT9U3x56Qk31SQfhQAqvOez84+OweHcOULEFk+C/CsIg0BR8r9FquPR2ZtSts+WC9kUvVTSxoSXLddcrnFLy/38bQjtC0tgyxYlGns2TPBEuUjVuihCEDXTZYT3/mp8arqJZX4422l+Kt/iFHz0MV3Hi3agwjgCzQIwKz433i8JhnUI7E/buyB+eci8KZLmdO3ogN/yqPYmE8OwBwrZAx3GWZ3MyiUZVUnjFQYkG4wTtGE1qDPTyahHABnjzMVkvQBg1ejL4usteu5Ijzbm/prefw2sqnmw=="},"taskId":"8ea63015-cc47-4676-82e6-40c476b7507c","taskType":"Migrate.SqlServer.SqlDb","state":"Running","isCloneable":true,"createdOn":"2021-07-01T08:05:22.9945672+00:00"},"etag":"6zMbT4EWWAT8/pppD7O23EFOBwyGp0/7Px2Std8JYwQ=","id":"/subscriptions/00000000-0000-0000-0000-000000000000/resourceGroups/dms_cli_test_000001/providers/Microsoft.DataMigration/services/dmsclitest000003/projects/project000004/tasks/task1000005","name":"task1000005","type":"Microsoft.DataMigration/services/projects/tasks"}'
    headers:
      cache-control:
      - no-cache
      content-length:
      - '1836'
      content-type:
      - application/json; charset=utf-8
      date:
      - Thu, 01 Jul 2021 08:05:24 GMT
      etag:
      - '"6zMbT4EWWAT8/pppD7O23EFOBwyGp0/7Px2Std8JYwQ="'
      expires:
      - '-1'
      pragma:
      - no-cache
      server:
      - Microsoft-IIS/10.0
      strict-transport-security:
      - max-age=31536000; includeSubDomains
      transfer-encoding:
      - chunked
      vary:
      - Accept-Encoding
      x-content-type-options:
      - nosniff
    status:
      code: 200
      message: OK
- request:
    body: null
    headers:
      Accept:
      - application/json
      Accept-Encoding:
      - gzip, deflate
      CommandName:
      - dms project task cancel
      Connection:
      - keep-alive
      Content-Length:
      - '0'
      ParameterSetName:
      - -g --service-name --project-name -n
      User-Agent:
      - AZURECLI/2.23.0 azsdk-python-mgmt-datamigration/9.0.0 Python/3.7.3 (Linux-5.10.16.3-microsoft-standard-WSL2-x86_64-with-debian-10.10)
    method: POST
    uri: https://management.azure.com/subscriptions/00000000-0000-0000-0000-000000000000/resourceGroups/dms_cli_test_000001/providers/Microsoft.DataMigration/services/dmsclitest000003/projects/project000004/tasks/task1000005/cancel?api-version=2018-07-15-preview
  response:
    body:
      string: '{"properties":{"input":{"sourceConnectionInfo":{"type":"SqlConnectionInfo","userName":"testuser","password":"RIouTN+7muLehGvFrx+ItdTfALF/bxRNTXQHho//iX0=","dataSource":"notarealsourceserver","authentication":"SqlAuthentication","encryptConnection":true,"trustServerCertificate":true},"targetConnectionInfo":{"type":"SqlConnectionInfo","userName":"testuser","password":"RIouTN+7muLehGvFrx+ItdTfALF/bxRNTXQHho//iX0=","dataSource":"notarealtargetserver","authentication":"SqlAuthentication","encryptConnection":true,"trustServerCertificate":true},"selectedDatabases":[{"name":"SourceDatabase1","targetDatabaseName":"TargetDatabase1","makeSourceDbReadOnly":false,"tableMap":{"dbo.TestTableSource1":"dbo.TestTableTarget1","dbo.TestTableSource2":"dbo.TestTableTarget2"}}],"validationOptions":{"enableSchemaValidation":false,"enableDataIntegrityValidation":false,"enableQueryAnalysisValidation":false},"encryptedKeyForSecureFields":"xqZ+6b1KRWz5joF6U1to00Xh0LhVuFd54XkeUDPiEdkbRu5HPGRNeuVxT9U3x56Qk31SQfhQAqvOez84+OweHcOULEFk+C/CsIg0BR8r9FquPR2ZtSts+WC9kUvVTSxoSXLddcrnFLy/38bQjtC0tgyxYlGns2TPBEuUjVuihCEDXTZYT3/mp8arqJZX4422l+Kt/iFHz0MV3Hi3agwjgCzQIwKz433i8JhnUI7E/buyB+eci8KZLmdO3ogN/yqPYmE8OwBwrZAx3GWZ3MyiUZVUnjFQYkG4wTtGE1qDPTyahHABnjzMVkvQBg1ejL4usteu5Ijzbm/prefw2sqnmw=="},"taskId":"8ea63015-cc47-4676-82e6-40c476b7507c","taskType":"Migrate.SqlServer.SqlDb","state":"Canceling","isCloneable":true,"createdOn":"2021-07-01T08:05:22.9945672+00:00"},"etag":"cNoQOYclZ/e/d9RtzVYdlW6yVw5BQfv8FflVKTiAAUY=","id":"/subscriptions/00000000-0000-0000-0000-000000000000/resourceGroups/dms_cli_test_000001/providers/Microsoft.DataMigration/services/dmsclitest000003/projects/project000004/tasks/task1000005","name":"task1000005","type":"Microsoft.DataMigration/services/projects/tasks"}'
    headers:
      cache-control:
      - no-cache
      content-length:
      - '1838'
      content-type:
      - application/json; charset=utf-8
      date:
      - Thu, 01 Jul 2021 08:05:25 GMT
      etag:
      - '"cNoQOYclZ/e/d9RtzVYdlW6yVw5BQfv8FflVKTiAAUY="'
      expires:
      - '-1'
      pragma:
      - no-cache
      server:
      - Microsoft-IIS/10.0
      strict-transport-security:
      - max-age=31536000; includeSubDomains
      transfer-encoding:
      - chunked
      vary:
      - Accept-Encoding
      x-content-type-options:
      - nosniff
      x-ms-ratelimit-remaining-subscription-writes:
      - '1199'
    status:
      code: 200
      message: OK
- request:
    body: null
    headers:
      Accept:
      - application/json
      Accept-Encoding:
      - gzip, deflate
      CommandName:
      - dms project task create
      Connection:
      - keep-alive
      ParameterSetName:
      - --task-type --database-options-json -n --project-name -g --service-name --source-connection-json
        --target-connection-json
      User-Agent:
      - AZURECLI/2.23.0 azsdk-python-mgmt-datamigration/9.0.0 Python/3.7.3 (Linux-5.10.16.3-microsoft-standard-WSL2-x86_64-with-debian-10.10)
    method: GET
    uri: https://management.azure.com/subscriptions/00000000-0000-0000-0000-000000000000/resourceGroups/dms_cli_test_000001/providers/Microsoft.DataMigration/services/dmsclitest000003/projects/projectpg000007?api-version=2018-07-15-preview
  response:
    body:
      string: '{"properties":{"sourcePlatform":"PostgreSQL","targetPlatform":"AzureDbForPostgreSQL","creationTime":"2021-07-01T08:05:19.791314+00:00","provisioningState":"Succeeded"},"etag":"fW8VVehemUn+Bq793n1BVm9wR45X0K5LyMDqftn+9T8=","id":"/subscriptions/00000000-0000-0000-0000-000000000000/resourceGroups/dms_cli_test_000001/providers/Microsoft.DataMigration/services/dmsclitest000003/projects/projectpg000007","location":"centralus","name":"projectpg000007","type":"Microsoft.DataMigration/services/projects"}'
    headers:
      cache-control:
      - no-cache
      content-length:
      - '565'
      content-type:
      - application/json; charset=utf-8
      date:
      - Thu, 01 Jul 2021 08:05:26 GMT
      etag:
      - '"fW8VVehemUn+Bq793n1BVm9wR45X0K5LyMDqftn+9T8="'
      expires:
      - '-1'
      pragma:
      - no-cache
      server:
      - Microsoft-IIS/10.0
      strict-transport-security:
      - max-age=31536000; includeSubDomains
      transfer-encoding:
      - chunked
      vary:
      - Accept-Encoding
      x-content-type-options:
      - nosniff
    status:
      code: 200
      message: OK
- request:
    body: '{"properties": {"taskType": "Migrate.PostgreSql.AzureDbForPostgreSql.SyncV2",
      "input": {"selectedDatabases": [{"name": "SourceDatabase1", "targetDatabaseName":
      "TargetDatabase1", "selectedTables": [{"name": "public.TestTableSource1"}, {"name":
      "public.TestTableSource2"}]}], "targetConnectionInfo": {"type": "PostgreSqlConnectionInfo",
      "userName": "testuser", "password": "testpassword", "serverName": "notarealtargetserver",
      "databaseName": "notarealdatabasename", "port": 5432, "encryptConnection": true,
      "trustServerCertificate": false}, "sourceConnectionInfo": {"type": "PostgreSqlConnectionInfo",
      "userName": "testuser", "password": "testpassword", "serverName": "notarealsourceserver",
      "databaseName": "notarealdatabasename", "port": 5432, "encryptConnection": false,
      "trustServerCertificate": true}}}}'
    headers:
      Accept:
      - application/json
      Accept-Encoding:
      - gzip, deflate
      CommandName:
      - dms project task create
      Connection:
      - keep-alive
      Content-Length:
      - '808'
      Content-Type:
      - application/json
      ParameterSetName:
      - --task-type --database-options-json -n --project-name -g --service-name --source-connection-json
        --target-connection-json
      User-Agent:
      - AZURECLI/2.23.0 azsdk-python-mgmt-datamigration/9.0.0 Python/3.7.3 (Linux-5.10.16.3-microsoft-standard-WSL2-x86_64-with-debian-10.10)
    method: PUT
    uri: https://management.azure.com/subscriptions/00000000-0000-0000-0000-000000000000/resourceGroups/dms_cli_test_000001/providers/Microsoft.DataMigration/services/dmsclitest000003/projects/projectpg000007/tasks/taskpg000008?api-version=2018-07-15-preview
  response:
    body:
      string: '{"properties":{"input":{"selectedDatabases":[{"name":"SourceDatabase1","targetDatabaseName":"TargetDatabase1","selectedTables":[{"name":"public.TestTableSource1"},{"name":"public.TestTableSource2"}]}],"targetConnectionInfo":{"type":"PostgreSqlConnectionInfo","userName":"testuser","password":"J22zu8plrcb2iHpT3LNRdVCqtFEtT0N5rINRfE4SaBI=","serverName":"notarealtargetserver","databaseName":"notarealdatabasename","port":5432,"encryptConnection":true,"trustServerCertificate":false},"sourceConnectionInfo":{"type":"PostgreSqlConnectionInfo","userName":"testuser","password":"J22zu8plrcb2iHpT3LNRdVCqtFEtT0N5rINRfE4SaBI=","serverName":"notarealsourceserver","databaseName":"notarealdatabasename","port":5432,"encryptConnection":false,"trustServerCertificate":true},"encryptedKeyForSecureFields":"BlVYddJlcxsvfBPbrrJ7Ia1idwvysECFTTUCs+q78flfHtGvfNxxgTot0gbDGL2QTtombLE1oEEyHXNMIQyjgcXVAWGseZxIL4w2tvtj0pdHOal7VRa9Xl/sHiBhLeQrNgHFbhljqHOnxs6JJsI7UTzJmT8a9OUtLPtYiLZXxwoL+4s4Y/HMxYJLvr3li4pA7c1D5PSV/ZsodeTTeBFmtFwOM9YM/pkhfqldo1hRxnOch0ezVAjE3jRMk/jJsHLQ389syo+RE9Fe97VTi9hpJeDH/yq+cZLTg2SKeEvaxQiOR0x0nkpfctXe/eOUTHY54u0CqZ7bo7PmvhWzBjofMw=="},"taskId":"5a0bbd9f-d6e3-4bf1-9532-c168ec882301","taskType":"Migrate.PostgreSql.AzureDbForPostgreSql.SyncV2","state":"Queued","isCloneable":true,"createdOn":"2021-07-01T08:05:28.458992+00:00"},"etag":"TMM5YQftbT807MY2nTfazVOU8c7Y743wolYulr+rYJU=","id":"/subscriptions/00000000-0000-0000-0000-000000000000/resourceGroups/dms_cli_test_000001/providers/Microsoft.DataMigration/services/dmsclitest000003/projects/projectpg000007/tasks/taskpg000008","name":"taskpg000008","type":"Microsoft.DataMigration/services/projects/tasks"}'
    headers:
      cache-control:
      - no-cache
      content-length:
      - '1740'
      content-type:
      - application/json; charset=utf-8
      date:
      - Thu, 01 Jul 2021 08:05:29 GMT
      etag:
      - '"TMM5YQftbT807MY2nTfazVOU8c7Y743wolYulr+rYJU="'
      expires:
      - '-1'
      pragma:
      - no-cache
      server:
      - Microsoft-IIS/10.0
      strict-transport-security:
      - max-age=31536000; includeSubDomains
      x-content-type-options:
      - nosniff
      x-ms-ratelimit-remaining-subscription-writes:
      - '1199'
    status:
      code: 201
      message: Created
- request:
    body: null
    headers:
      Accept:
      - application/json
      Accept-Encoding:
      - gzip, deflate
      CommandName:
      - dms project task show
      Connection:
      - keep-alive
      ParameterSetName:
      - -g --service-name --project-name -n
      User-Agent:
      - AZURECLI/2.23.0 azsdk-python-mgmt-datamigration/9.0.0 Python/3.7.3 (Linux-5.10.16.3-microsoft-standard-WSL2-x86_64-with-debian-10.10)
    method: GET
    uri: https://management.azure.com/subscriptions/00000000-0000-0000-0000-000000000000/resourceGroups/dms_cli_test_000001/providers/Microsoft.DataMigration/services/dmsclitest000003/projects/projectpg000007/tasks/taskpg000008?api-version=2018-07-15-preview
  response:
    body:
      string: '{"properties":{"input":{"selectedDatabases":[{"name":"SourceDatabase1","targetDatabaseName":"TargetDatabase1","selectedTables":[{"name":"public.TestTableSource1"},{"name":"public.TestTableSource2"}]}],"targetConnectionInfo":{"type":"PostgreSqlConnectionInfo","userName":"testuser","password":"J22zu8plrcb2iHpT3LNRdVCqtFEtT0N5rINRfE4SaBI=","serverName":"notarealtargetserver","databaseName":"notarealdatabasename","port":5432,"encryptConnection":true,"trustServerCertificate":false},"sourceConnectionInfo":{"type":"PostgreSqlConnectionInfo","userName":"testuser","password":"J22zu8plrcb2iHpT3LNRdVCqtFEtT0N5rINRfE4SaBI=","serverName":"notarealsourceserver","databaseName":"notarealdatabasename","port":5432,"encryptConnection":false,"trustServerCertificate":true},"encryptedKeyForSecureFields":"BlVYddJlcxsvfBPbrrJ7Ia1idwvysECFTTUCs+q78flfHtGvfNxxgTot0gbDGL2QTtombLE1oEEyHXNMIQyjgcXVAWGseZxIL4w2tvtj0pdHOal7VRa9Xl/sHiBhLeQrNgHFbhljqHOnxs6JJsI7UTzJmT8a9OUtLPtYiLZXxwoL+4s4Y/HMxYJLvr3li4pA7c1D5PSV/ZsodeTTeBFmtFwOM9YM/pkhfqldo1hRxnOch0ezVAjE3jRMk/jJsHLQ389syo+RE9Fe97VTi9hpJeDH/yq+cZLTg2SKeEvaxQiOR0x0nkpfctXe/eOUTHY54u0CqZ7bo7PmvhWzBjofMw=="},"taskId":"5a0bbd9f-d6e3-4bf1-9532-c168ec882301","taskType":"Migrate.PostgreSql.AzureDbForPostgreSql.SyncV2","state":"Queued","isCloneable":true,"createdOn":"2021-07-01T08:05:28.458992+00:00"},"etag":"TMM5YQftbT807MY2nTfazVOU8c7Y743wolYulr+rYJU=","id":"/subscriptions/00000000-0000-0000-0000-000000000000/resourceGroups/dms_cli_test_000001/providers/Microsoft.DataMigration/services/dmsclitest000003/projects/projectpg000007/tasks/taskpg000008","name":"taskpg000008","type":"Microsoft.DataMigration/services/projects/tasks"}'
    headers:
      cache-control:
      - no-cache
      content-length:
      - '1740'
      content-type:
      - application/json; charset=utf-8
      date:
      - Thu, 01 Jul 2021 08:05:31 GMT
      etag:
      - '"TMM5YQftbT807MY2nTfazVOU8c7Y743wolYulr+rYJU="'
      expires:
      - '-1'
      pragma:
      - no-cache
      server:
      - Microsoft-IIS/10.0
      strict-transport-security:
      - max-age=31536000; includeSubDomains
      transfer-encoding:
      - chunked
      vary:
      - Accept-Encoding
      x-content-type-options:
      - nosniff
    status:
      code: 200
      message: OK
- request:
    body: null
    headers:
      Accept:
      - application/json
      Accept-Encoding:
      - gzip, deflate
      CommandName:
      - dms project task cancel
      Connection:
      - keep-alive
      Content-Length:
      - '0'
      ParameterSetName:
      - -g --service-name --project-name -n
      User-Agent:
      - AZURECLI/2.23.0 azsdk-python-mgmt-datamigration/9.0.0 Python/3.7.3 (Linux-5.10.16.3-microsoft-standard-WSL2-x86_64-with-debian-10.10)
    method: POST
    uri: https://management.azure.com/subscriptions/00000000-0000-0000-0000-000000000000/resourceGroups/dms_cli_test_000001/providers/Microsoft.DataMigration/services/dmsclitest000003/projects/projectpg000007/tasks/taskpg000008/cancel?api-version=2018-07-15-preview
  response:
    body:
      string: '{"properties":{"input":{"selectedDatabases":[{"name":"SourceDatabase1","targetDatabaseName":"TargetDatabase1","selectedTables":[{"name":"public.TestTableSource1"},{"name":"public.TestTableSource2"}]}],"targetConnectionInfo":{"type":"PostgreSqlConnectionInfo","userName":"testuser","password":"J22zu8plrcb2iHpT3LNRdVCqtFEtT0N5rINRfE4SaBI=","serverName":"notarealtargetserver","databaseName":"notarealdatabasename","port":5432,"encryptConnection":true,"trustServerCertificate":false},"sourceConnectionInfo":{"type":"PostgreSqlConnectionInfo","userName":"testuser","password":"J22zu8plrcb2iHpT3LNRdVCqtFEtT0N5rINRfE4SaBI=","serverName":"notarealsourceserver","databaseName":"notarealdatabasename","port":5432,"encryptConnection":false,"trustServerCertificate":true},"encryptedKeyForSecureFields":"BlVYddJlcxsvfBPbrrJ7Ia1idwvysECFTTUCs+q78flfHtGvfNxxgTot0gbDGL2QTtombLE1oEEyHXNMIQyjgcXVAWGseZxIL4w2tvtj0pdHOal7VRa9Xl/sHiBhLeQrNgHFbhljqHOnxs6JJsI7UTzJmT8a9OUtLPtYiLZXxwoL+4s4Y/HMxYJLvr3li4pA7c1D5PSV/ZsodeTTeBFmtFwOM9YM/pkhfqldo1hRxnOch0ezVAjE3jRMk/jJsHLQ389syo+RE9Fe97VTi9hpJeDH/yq+cZLTg2SKeEvaxQiOR0x0nkpfctXe/eOUTHY54u0CqZ7bo7PmvhWzBjofMw=="},"taskId":"5a0bbd9f-d6e3-4bf1-9532-c168ec882301","taskType":"Migrate.PostgreSql.AzureDbForPostgreSql.SyncV2","state":"Canceling","isCloneable":true,"createdOn":"2021-07-01T08:05:28.458992+00:00"},"etag":"el4AoRvY08KvTtSWa5H844Hylp29LLNRcLe7oNS/Ijo=","id":"/subscriptions/00000000-0000-0000-0000-000000000000/resourceGroups/dms_cli_test_000001/providers/Microsoft.DataMigration/services/dmsclitest000003/projects/projectpg000007/tasks/taskpg000008","name":"taskpg000008","type":"Microsoft.DataMigration/services/projects/tasks"}'
    headers:
      cache-control:
      - no-cache
      content-length:
      - '1743'
      content-type:
      - application/json; charset=utf-8
      date:
      - Thu, 01 Jul 2021 08:05:31 GMT
      etag:
      - '"el4AoRvY08KvTtSWa5H844Hylp29LLNRcLe7oNS/Ijo="'
      expires:
      - '-1'
      pragma:
      - no-cache
      server:
      - Microsoft-IIS/10.0
      strict-transport-security:
      - max-age=31536000; includeSubDomains
      transfer-encoding:
      - chunked
      vary:
      - Accept-Encoding
      x-content-type-options:
      - nosniff
      x-ms-ratelimit-remaining-subscription-writes:
      - '1199'
    status:
      code: 200
      message: OK
- request:
    body: null
    headers:
      Accept:
      - application/json
      Accept-Encoding:
      - gzip, deflate
      CommandName:
      - dms project task create
      Connection:
      - keep-alive
      ParameterSetName:
      - --task-type --database-options-json -n --project-name -g --service-name --source-connection-json
        --target-connection-json
      User-Agent:
      - AZURECLI/2.23.0 azsdk-python-mgmt-datamigration/9.0.0 Python/3.7.3 (Linux-5.10.16.3-microsoft-standard-WSL2-x86_64-with-debian-10.10)
    method: GET
    uri: https://management.azure.com/subscriptions/00000000-0000-0000-0000-000000000000/resourceGroups/dms_cli_test_000001/providers/Microsoft.DataMigration/services/dmsclitest000003/projects/project000004?api-version=2018-07-15-preview
  response:
    body:
      string: '{"properties":{"sourcePlatform":"SQL","targetPlatform":"SQLDB","creationTime":"2021-07-01T08:05:17.9291122+00:00","provisioningState":"Succeeded"},"etag":"TFmHQIetDZrc2tqNMfiYXtBccJj+4QgaWtmvHGeLZdA=","id":"/subscriptions/00000000-0000-0000-0000-000000000000/resourceGroups/dms_cli_test_000001/providers/Microsoft.DataMigration/services/dmsclitest000003/projects/project000004","location":"centralus","name":"project000004","type":"Microsoft.DataMigration/services/projects"}'
    headers:
      cache-control:
      - no-cache
      content-length:
      - '534'
      content-type:
      - application/json; charset=utf-8
      date:
      - Thu, 01 Jul 2021 08:05:32 GMT
      etag:
      - '"TFmHQIetDZrc2tqNMfiYXtBccJj+4QgaWtmvHGeLZdA="'
      expires:
      - '-1'
      pragma:
      - no-cache
      server:
      - Microsoft-IIS/10.0
      strict-transport-security:
      - max-age=31536000; includeSubDomains
      transfer-encoding:
      - chunked
      vary:
      - Accept-Encoding
      x-content-type-options:
      - nosniff
    status:
      code: 200
      message: OK
- request:
    body: '{"properties": {"taskType": "Migrate.SqlServer.SqlDb", "input": {"sourceConnectionInfo":
      {"type": "SqlConnectionInfo", "userName": "testuser", "password": "testpassword",
      "dataSource": "notarealsourceserver", "authentication": "SqlAuthentication",
      "encryptConnection": true, "trustServerCertificate": true}, "targetConnectionInfo":
      {"type": "SqlConnectionInfo", "userName": "testuser", "password": "testpassword",
      "dataSource": "notarealtargetserver", "authentication": "SqlAuthentication",
      "encryptConnection": true, "trustServerCertificate": true}, "selectedDatabases":
      [{"name": "SourceDatabase2", "targetDatabaseName": "TargetDatabase2", "makeSourceDbReadOnly":
      false, "tableMap": {"dbo.TestTableSource1": "dbo.TestTableTarget1", "dbo.TestTableSource2":
      "dbo.TestTableTarget2"}}], "validationOptions": {"enableSchemaValidation": false,
      "enableDataIntegrityValidation": false, "enableQueryAnalysisValidation": false}}}}'
    headers:
      Accept:
      - application/json
      Accept-Encoding:
      - gzip, deflate
      CommandName:
      - dms project task create
      Connection:
      - keep-alive
      Content-Length:
      - '922'
      Content-Type:
      - application/json
      ParameterSetName:
      - --task-type --database-options-json -n --project-name -g --service-name --source-connection-json
        --target-connection-json
      User-Agent:
      - AZURECLI/2.23.0 azsdk-python-mgmt-datamigration/9.0.0 Python/3.7.3 (Linux-5.10.16.3-microsoft-standard-WSL2-x86_64-with-debian-10.10)
    method: PUT
    uri: https://management.azure.com/subscriptions/00000000-0000-0000-0000-000000000000/resourceGroups/dms_cli_test_000001/providers/Microsoft.DataMigration/services/dmsclitest000003/projects/project000004/tasks/task2000006?api-version=2018-07-15-preview
  response:
    body:
      string: '{"properties":{"input":{"sourceConnectionInfo":{"type":"SqlConnectionInfo","userName":"testuser","password":"D5Z7JkQy13YKpaGrAPgRBASf7NZjaSLacQTAb96g1eQ=","dataSource":"notarealsourceserver","authentication":"SqlAuthentication","encryptConnection":true,"trustServerCertificate":true},"targetConnectionInfo":{"type":"SqlConnectionInfo","userName":"testuser","password":"D5Z7JkQy13YKpaGrAPgRBASf7NZjaSLacQTAb96g1eQ=","dataSource":"notarealtargetserver","authentication":"SqlAuthentication","encryptConnection":true,"trustServerCertificate":true},"selectedDatabases":[{"name":"SourceDatabase2","targetDatabaseName":"TargetDatabase2","makeSourceDbReadOnly":false,"tableMap":{"dbo.TestTableSource1":"dbo.TestTableTarget1","dbo.TestTableSource2":"dbo.TestTableTarget2"}}],"validationOptions":{"enableSchemaValidation":false,"enableDataIntegrityValidation":false,"enableQueryAnalysisValidation":false},"encryptedKeyForSecureFields":"ZGtSBOwJBc64hRqFlUhQuAM0pbMH9exQtz2Og7pHymBzIu5mFYY21b2F51+atdya69ZBDSGOTEMym6j5Cdh9oREij3Ww1wBlD1ixiaC1WcfKTAXmPsCCUkPIzm8+1jN0Bq8FwIDNubkqVYaHAwSTXBcpKe/xvs8vI489XzciZNyyo0vyliji6UuaF8CHu468NRaeFde/nfuqzHon98SmXzgcBoP7HPBiTEETS5spVAC/vNoE0O4XySp96+zCcoWP435q19NpVqeljmDX0/URyaLPOW5Vuovk3uE7QJcXaVWhVCtx0cELOAoNhvCzGPLzx11QiMUT3bHmpwj2UEyEKg=="},"taskId":"17b91883-2c0c-4dd2-ab87-cf33a5dbc89a","taskType":"Migrate.SqlServer.SqlDb","state":"Queued","isCloneable":true,"createdOn":"2021-07-01T08:05:33.3158389+00:00"},"etag":"kdUv1Rk4tYg3EuLuay0MTrLC54JZ7u8F8Ard0v9bgbw=","id":"/subscriptions/00000000-0000-0000-0000-000000000000/resourceGroups/dms_cli_test_000001/providers/Microsoft.DataMigration/services/dmsclitest000003/projects/project000004/tasks/task2000006","name":"task2000006","type":"Microsoft.DataMigration/services/projects/tasks"}'
    headers:
      cache-control:
      - no-cache
      content-length:
      - '1835'
      content-type:
      - application/json; charset=utf-8
      date:
      - Thu, 01 Jul 2021 08:05:33 GMT
      etag:
      - '"kdUv1Rk4tYg3EuLuay0MTrLC54JZ7u8F8Ard0v9bgbw="'
      expires:
      - '-1'
      pragma:
      - no-cache
      server:
      - Microsoft-IIS/10.0
      strict-transport-security:
      - max-age=31536000; includeSubDomains
      x-content-type-options:
      - nosniff
      x-ms-ratelimit-remaining-subscription-writes:
      - '1199'
    status:
      code: 201
      message: Created
- request:
    body: null
    headers:
      Accept:
      - application/json
      Accept-Encoding:
      - gzip, deflate
      CommandName:
      - dms project task list
      Connection:
      - keep-alive
      ParameterSetName:
      - -g --service-name --project-name --task-type
      User-Agent:
      - AZURECLI/2.23.0 azsdk-python-mgmt-datamigration/9.0.0 Python/3.7.3 (Linux-5.10.16.3-microsoft-standard-WSL2-x86_64-with-debian-10.10)
    method: GET
    uri: https://management.azure.com/subscriptions/00000000-0000-0000-0000-000000000000/resourceGroups/dms_cli_test_000001/providers/Microsoft.DataMigration/services/dmsclitest000003/projects/project000004/tasks?api-version=2018-07-15-preview&taskType=Migrate.SqlServer.SqlDb
  response:
    body:
      string: '{"value":[{"properties":{"input":{"sourceConnectionInfo":{"type":"SqlConnectionInfo","userName":"testuser","password":"RIouTN+7muLehGvFrx+ItdTfALF/bxRNTXQHho//iX0=","dataSource":"notarealsourceserver","authentication":"SqlAuthentication","encryptConnection":true,"trustServerCertificate":true},"targetConnectionInfo":{"type":"SqlConnectionInfo","userName":"testuser","password":"RIouTN+7muLehGvFrx+ItdTfALF/bxRNTXQHho//iX0=","dataSource":"notarealtargetserver","authentication":"SqlAuthentication","encryptConnection":true,"trustServerCertificate":true},"selectedDatabases":[{"name":"SourceDatabase1","targetDatabaseName":"TargetDatabase1","makeSourceDbReadOnly":false,"tableMap":{"dbo.TestTableSource1":"dbo.TestTableTarget1","dbo.TestTableSource2":"dbo.TestTableTarget2"}}],"validationOptions":{"enableSchemaValidation":false,"enableDataIntegrityValidation":false,"enableQueryAnalysisValidation":false},"encryptedKeyForSecureFields":"xqZ+6b1KRWz5joF6U1to00Xh0LhVuFd54XkeUDPiEdkbRu5HPGRNeuVxT9U3x56Qk31SQfhQAqvOez84+OweHcOULEFk+C/CsIg0BR8r9FquPR2ZtSts+WC9kUvVTSxoSXLddcrnFLy/38bQjtC0tgyxYlGns2TPBEuUjVuihCEDXTZYT3/mp8arqJZX4422l+Kt/iFHz0MV3Hi3agwjgCzQIwKz433i8JhnUI7E/buyB+eci8KZLmdO3ogN/yqPYmE8OwBwrZAx3GWZ3MyiUZVUnjFQYkG4wTtGE1qDPTyahHABnjzMVkvQBg1ejL4usteu5Ijzbm/prefw2sqnmw=="},"taskId":"8ea63015-cc47-4676-82e6-40c476b7507c","taskType":"Migrate.SqlServer.SqlDb","state":"Canceling","isCloneable":true,"createdOn":"2021-07-01T08:05:22.9945672+00:00"},"id":"/subscriptions/00000000-0000-0000-0000-000000000000/resourceGroups/dms_cli_test_000001/providers/Microsoft.DataMigration/services/dmsclitest000003/projects/project000004/tasks/task1000005","name":"task1000005","type":"Microsoft.DataMigration/services/projects/tasks"},{"properties":{"input":{"sourceConnectionInfo":{"type":"SqlConnectionInfo","userName":"testuser","password":"D5Z7JkQy13YKpaGrAPgRBASf7NZjaSLacQTAb96g1eQ=","dataSource":"notarealsourceserver","authentication":"SqlAuthentication","encryptConnection":true,"trustServerCertificate":true},"targetConnectionInfo":{"type":"SqlConnectionInfo","userName":"testuser","password":"D5Z7JkQy13YKpaGrAPgRBASf7NZjaSLacQTAb96g1eQ=","dataSource":"notarealtargetserver","authentication":"SqlAuthentication","encryptConnection":true,"trustServerCertificate":true},"selectedDatabases":[{"name":"SourceDatabase2","targetDatabaseName":"TargetDatabase2","makeSourceDbReadOnly":false,"tableMap":{"dbo.TestTableSource1":"dbo.TestTableTarget1","dbo.TestTableSource2":"dbo.TestTableTarget2"}}],"validationOptions":{"enableSchemaValidation":false,"enableDataIntegrityValidation":false,"enableQueryAnalysisValidation":false},"encryptedKeyForSecureFields":"ZGtSBOwJBc64hRqFlUhQuAM0pbMH9exQtz2Og7pHymBzIu5mFYY21b2F51+atdya69ZBDSGOTEMym6j5Cdh9oREij3Ww1wBlD1ixiaC1WcfKTAXmPsCCUkPIzm8+1jN0Bq8FwIDNubkqVYaHAwSTXBcpKe/xvs8vI489XzciZNyyo0vyliji6UuaF8CHu468NRaeFde/nfuqzHon98SmXzgcBoP7HPBiTEETS5spVAC/vNoE0O4XySp96+zCcoWP435q19NpVqeljmDX0/URyaLPOW5Vuovk3uE7QJcXaVWhVCtx0cELOAoNhvCzGPLzx11QiMUT3bHmpwj2UEyEKg=="},"taskId":"17b91883-2c0c-4dd2-ab87-cf33a5dbc89a","taskType":"Migrate.SqlServer.SqlDb","state":"Queued","isCloneable":true,"createdOn":"2021-07-01T08:05:33.3158389+00:00"},"id":"/subscriptions/00000000-0000-0000-0000-000000000000/resourceGroups/dms_cli_test_000001/providers/Microsoft.DataMigration/services/dmsclitest000003/projects/project000004/tasks/task2000006","name":"task2000006","type":"Microsoft.DataMigration/services/projects/tasks"}]}'
    headers:
      cache-control:
      - no-cache
      content-length:
      - '3578'
      content-type:
      - application/json; charset=utf-8
      date:
      - Thu, 01 Jul 2021 08:05:33 GMT
      expires:
      - '-1'
      pragma:
      - no-cache
      server:
      - Microsoft-IIS/10.0
      strict-transport-security:
      - max-age=31536000; includeSubDomains
      transfer-encoding:
      - chunked
      vary:
      - Accept-Encoding
      x-content-type-options:
      - nosniff
    status:
      code: 200
      message: OK
- request:
    body: '{"name": "task1000005", "type": "tasks"}'
    headers:
      Accept:
      - application/json
      Accept-Encoding:
      - gzip, deflate
      CommandName:
      - dms project task check-name
      Connection:
      - keep-alive
      Content-Length:
      - '44'
      Content-Type:
      - application/json
      ParameterSetName:
      - -g --service-name --project-name -n
      User-Agent:
      - AZURECLI/2.23.0 azsdk-python-mgmt-datamigration/9.0.0 Python/3.7.3 (Linux-5.10.16.3-microsoft-standard-WSL2-x86_64-with-debian-10.10)
    method: POST
    uri: https://management.azure.com/subscriptions/00000000-0000-0000-0000-000000000000/resourceGroups/dms_cli_test_000001/providers/Microsoft.DataMigration/services/dmsclitest000003%2Fprojects%2Fproject000004/checkNameAvailability?api-version=2018-07-15-preview
  response:
    body:
      string: '{"reason":"AlreadyExists","message":"The resource name is already in
        use.","nameAvailable":false}'
    headers:
      cache-control:
      - no-cache
      content-length:
      - '97'
      content-type:
      - application/json; charset=utf-8
      date:
      - Thu, 01 Jul 2021 08:05:34 GMT
      expires:
      - '-1'
      pragma:
      - no-cache
      server:
      - Microsoft-IIS/10.0
      strict-transport-security:
      - max-age=31536000; includeSubDomains
      transfer-encoding:
      - chunked
      vary:
      - Accept-Encoding
      x-content-type-options:
      - nosniff
    status:
      code: 200
      message: OK
- request:
    body: null
    headers:
      Accept:
      - application/json
      Accept-Encoding:
      - gzip, deflate
      CommandName:
      - dms project task delete
      Connection:
      - keep-alive
      Content-Length:
      - '0'
      ParameterSetName:
      - -g --service-name --project-name -n --delete-running-tasks -y
      User-Agent:
      - AZURECLI/2.23.0 azsdk-python-mgmt-datamigration/9.0.0 Python/3.7.3 (Linux-5.10.16.3-microsoft-standard-WSL2-x86_64-with-debian-10.10)
    method: DELETE
    uri: https://management.azure.com/subscriptions/00000000-0000-0000-0000-000000000000/resourceGroups/dms_cli_test_000001/providers/Microsoft.DataMigration/services/dmsclitest000003/projects/project000004/tasks/task1000005?api-version=2018-07-15-preview&deleteRunningTasks=true
  response:
    body:
      string: ''
    headers:
      cache-control:
      - no-cache
      content-length:
      - '0'
      date:
      - Thu, 01 Jul 2021 08:05:34 GMT
      expires:
      - '-1'
      pragma:
      - no-cache
      server:
      - Microsoft-IIS/10.0
      strict-transport-security:
      - max-age=31536000; includeSubDomains
      x-content-type-options:
      - nosniff
      x-ms-ratelimit-remaining-subscription-deletes:
      - '14999'
    status:
      code: 200
      message: OK
- request:
    body: '{"name": "task1000005", "type": "tasks"}'
    headers:
      Accept:
      - application/json
      Accept-Encoding:
      - gzip, deflate
      CommandName:
      - dms project task check-name
      Connection:
      - keep-alive
      Content-Length:
      - '44'
      Content-Type:
      - application/json
      ParameterSetName:
      - -g --service-name --project-name -n
      User-Agent:
      - AZURECLI/2.23.0 azsdk-python-mgmt-datamigration/9.0.0 Python/3.7.3 (Linux-5.10.16.3-microsoft-standard-WSL2-x86_64-with-debian-10.10)
    method: POST
    uri: https://management.azure.com/subscriptions/00000000-0000-0000-0000-000000000000/resourceGroups/dms_cli_test_000001/providers/Microsoft.DataMigration/services/dmsclitest000003%2Fprojects%2Fproject000004/checkNameAvailability?api-version=2018-07-15-preview
  response:
    body:
      string: '{"nameAvailable":true}'
    headers:
      cache-control:
      - no-cache
      content-length:
      - '22'
      content-type:
      - application/json; charset=utf-8
      date:
      - Thu, 01 Jul 2021 08:05:35 GMT
      expires:
      - '-1'
      pragma:
      - no-cache
      server:
      - Microsoft-IIS/10.0
      strict-transport-security:
      - max-age=31536000; includeSubDomains
      transfer-encoding:
      - chunked
      vary:
      - Accept-Encoding
      x-content-type-options:
      - nosniff
    status:
      code: 200
      message: OK
- request:
    body: null
    headers:
      Accept:
      - application/json
      Accept-Encoding:
      - gzip, deflate
      CommandName:
      - dms delete
      Connection:
      - keep-alive
      Content-Length:
      - '0'
      ParameterSetName:
      - -g -n --delete-running-tasks -y
      User-Agent:
      - AZURECLI/2.23.0 azsdk-python-mgmt-datamigration/9.0.0 Python/3.7.3 (Linux-5.10.16.3-microsoft-standard-WSL2-x86_64-with-debian-10.10)
    method: DELETE
    uri: https://management.azure.com/subscriptions/00000000-0000-0000-0000-000000000000/resourceGroups/dms_cli_test_000001/providers/Microsoft.DataMigration/services/dmsclitest000003?api-version=2018-07-15-preview&deleteRunningTasks=true
  response:
    body:
      string: ''
    headers:
      azure-asyncoperation:
      - https://management.azure.com/subscriptions/00000000-0000-0000-0000-000000000000/providers/Microsoft.DataMigration/locations/centralus/operationStatuses/c4e8d4c7-1eaf-49f5-88d6-8503c3a6a107?api-version=2018-07-15-preview
      cache-control:
      - no-cache
      content-length:
      - '0'
      date:
      - Thu, 01 Jul 2021 08:05:36 GMT
      expires:
      - '-1'
      location:
      - https://management.azure.com/subscriptions/00000000-0000-0000-0000-000000000000/providers/Microsoft.DataMigration/locations/centralus/operationResults/c4e8d4c7-1eaf-49f5-88d6-8503c3a6a107?api-version=2018-07-15-preview
      pragma:
      - no-cache
      server:
      - Microsoft-IIS/10.0
      strict-transport-security:
      - max-age=31536000; includeSubDomains
      x-content-type-options:
      - nosniff
      x-ms-ratelimit-remaining-subscription-deletes:
      - '14999'
    status:
      code: 202
      message: Accepted
- request:
    body: null
    headers:
      Accept:
      - '*/*'
      Accept-Encoding:
      - gzip, deflate
      CommandName:
      - dms delete
      Connection:
      - keep-alive
      ParameterSetName:
      - -g -n --delete-running-tasks -y
      User-Agent:
      - AZURECLI/2.23.0 azsdk-python-mgmt-datamigration/9.0.0 Python/3.7.3 (Linux-5.10.16.3-microsoft-standard-WSL2-x86_64-with-debian-10.10)
    method: GET
    uri: https://management.azure.com/subscriptions/00000000-0000-0000-0000-000000000000/providers/Microsoft.DataMigration/locations/centralus/operationStatuses/c4e8d4c7-1eaf-49f5-88d6-8503c3a6a107?api-version=2018-07-15-preview
  response:
    body:
      string: '{"name":"c4e8d4c7-1eaf-49f5-88d6-8503c3a6a107","id":"/subscriptions/00000000-0000-0000-0000-000000000000/providers/Microsoft.DataMigration/locations/centralus/operationStatuses/c4e8d4c7-1eaf-49f5-88d6-8503c3a6a107","status":"Running"}'
    headers:
      cache-control:
      - no-cache
      content-length:
      - '234'
      content-type:
      - application/json; charset=utf-8
      date:
      - Thu, 01 Jul 2021 08:06:06 GMT
      expires:
      - '-1'
      pragma:
      - no-cache
      server:
      - Microsoft-IIS/10.0
      strict-transport-security:
      - max-age=31536000; includeSubDomains
      transfer-encoding:
      - chunked
      vary:
      - Accept-Encoding
      x-content-type-options:
      - nosniff
    status:
      code: 200
      message: OK
- request:
    body: null
    headers:
      Accept:
      - '*/*'
      Accept-Encoding:
      - gzip, deflate
      CommandName:
      - dms delete
      Connection:
      - keep-alive
      ParameterSetName:
      - -g -n --delete-running-tasks -y
      User-Agent:
      - AZURECLI/2.23.0 azsdk-python-mgmt-datamigration/9.0.0 Python/3.7.3 (Linux-5.10.16.3-microsoft-standard-WSL2-x86_64-with-debian-10.10)
    method: GET
    uri: https://management.azure.com/subscriptions/00000000-0000-0000-0000-000000000000/providers/Microsoft.DataMigration/locations/centralus/operationStatuses/c4e8d4c7-1eaf-49f5-88d6-8503c3a6a107?api-version=2018-07-15-preview
  response:
    body:
      string: '{"name":"c4e8d4c7-1eaf-49f5-88d6-8503c3a6a107","id":"/subscriptions/00000000-0000-0000-0000-000000000000/providers/Microsoft.DataMigration/locations/centralus/operationStatuses/c4e8d4c7-1eaf-49f5-88d6-8503c3a6a107","status":"Running"}'
    headers:
      cache-control:
      - no-cache
      content-length:
      - '234'
      content-type:
      - application/json; charset=utf-8
      date:
      - Thu, 01 Jul 2021 08:06:36 GMT
      expires:
      - '-1'
      pragma:
      - no-cache
      server:
      - Microsoft-IIS/10.0
      strict-transport-security:
      - max-age=31536000; includeSubDomains
      transfer-encoding:
      - chunked
      vary:
      - Accept-Encoding
      x-content-type-options:
      - nosniff
    status:
      code: 200
      message: OK
- request:
    body: null
    headers:
      Accept:
      - '*/*'
      Accept-Encoding:
      - gzip, deflate
      CommandName:
      - dms delete
      Connection:
      - keep-alive
      ParameterSetName:
      - -g -n --delete-running-tasks -y
      User-Agent:
      - AZURECLI/2.23.0 azsdk-python-mgmt-datamigration/9.0.0 Python/3.7.3 (Linux-5.10.16.3-microsoft-standard-WSL2-x86_64-with-debian-10.10)
    method: GET
    uri: https://management.azure.com/subscriptions/00000000-0000-0000-0000-000000000000/providers/Microsoft.DataMigration/locations/centralus/operationStatuses/c4e8d4c7-1eaf-49f5-88d6-8503c3a6a107?api-version=2018-07-15-preview
  response:
    body:
      string: '{"name":"c4e8d4c7-1eaf-49f5-88d6-8503c3a6a107","id":"/subscriptions/00000000-0000-0000-0000-000000000000/providers/Microsoft.DataMigration/locations/centralus/operationStatuses/c4e8d4c7-1eaf-49f5-88d6-8503c3a6a107","status":"Running"}'
    headers:
      cache-control:
      - no-cache
      content-length:
      - '234'
      content-type:
      - application/json; charset=utf-8
      date:
      - Thu, 01 Jul 2021 08:07:07 GMT
      expires:
      - '-1'
      pragma:
      - no-cache
      server:
      - Microsoft-IIS/10.0
      strict-transport-security:
      - max-age=31536000; includeSubDomains
      transfer-encoding:
      - chunked
      vary:
      - Accept-Encoding
      x-content-type-options:
      - nosniff
    status:
      code: 200
      message: OK
- request:
    body: null
    headers:
      Accept:
      - '*/*'
      Accept-Encoding:
      - gzip, deflate
      CommandName:
      - dms delete
      Connection:
      - keep-alive
      ParameterSetName:
      - -g -n --delete-running-tasks -y
      User-Agent:
      - AZURECLI/2.23.0 azsdk-python-mgmt-datamigration/9.0.0 Python/3.7.3 (Linux-5.10.16.3-microsoft-standard-WSL2-x86_64-with-debian-10.10)
    method: GET
    uri: https://management.azure.com/subscriptions/00000000-0000-0000-0000-000000000000/providers/Microsoft.DataMigration/locations/centralus/operationStatuses/c4e8d4c7-1eaf-49f5-88d6-8503c3a6a107?api-version=2018-07-15-preview
  response:
    body:
      string: '{"name":"c4e8d4c7-1eaf-49f5-88d6-8503c3a6a107","id":"/subscriptions/00000000-0000-0000-0000-000000000000/providers/Microsoft.DataMigration/locations/centralus/operationStatuses/c4e8d4c7-1eaf-49f5-88d6-8503c3a6a107","status":"Running"}'
    headers:
      cache-control:
      - no-cache
      content-length:
      - '234'
      content-type:
      - application/json; charset=utf-8
      date:
      - Thu, 01 Jul 2021 08:07:37 GMT
      expires:
      - '-1'
      pragma:
      - no-cache
      server:
      - Microsoft-IIS/10.0
      strict-transport-security:
      - max-age=31536000; includeSubDomains
      transfer-encoding:
      - chunked
      vary:
      - Accept-Encoding
      x-content-type-options:
      - nosniff
    status:
      code: 200
      message: OK
- request:
    body: null
    headers:
      Accept:
      - '*/*'
      Accept-Encoding:
      - gzip, deflate
      CommandName:
      - dms delete
      Connection:
      - keep-alive
      ParameterSetName:
      - -g -n --delete-running-tasks -y
      User-Agent:
      - AZURECLI/2.23.0 azsdk-python-mgmt-datamigration/9.0.0 Python/3.7.3 (Linux-5.10.16.3-microsoft-standard-WSL2-x86_64-with-debian-10.10)
    method: GET
    uri: https://management.azure.com/subscriptions/00000000-0000-0000-0000-000000000000/providers/Microsoft.DataMigration/locations/centralus/operationStatuses/c4e8d4c7-1eaf-49f5-88d6-8503c3a6a107?api-version=2018-07-15-preview
  response:
    body:
      string: '{"name":"c4e8d4c7-1eaf-49f5-88d6-8503c3a6a107","id":"/subscriptions/00000000-0000-0000-0000-000000000000/providers/Microsoft.DataMigration/locations/centralus/operationStatuses/c4e8d4c7-1eaf-49f5-88d6-8503c3a6a107","status":"Succeeded"}'
    headers:
      cache-control:
      - no-cache
      content-length:
      - '236'
      content-type:
      - application/json; charset=utf-8
      date:
      - Thu, 01 Jul 2021 08:08:07 GMT
      expires:
      - '-1'
      pragma:
      - no-cache
      server:
      - Microsoft-IIS/10.0
      strict-transport-security:
      - max-age=31536000; includeSubDomains
      transfer-encoding:
      - chunked
      vary:
      - Accept-Encoding
      x-content-type-options:
      - nosniff
    status:
      code: 200
      message: OK
version: 1
