interactions:
- request:
    body: null
    headers:
      Accept: [application/json]
      Accept-Encoding: ['gzip, deflate']
      Connection: [keep-alive]
      Content-Type: [application/json; charset=utf-8]
      User-Agent: [python/3.5.0 (Windows-10.0.14393) requests/2.9.1 msrest/0.4.4 msrest_azure/0.4.7
          resourcemanagementclient/0.30.2 Azure-SDK-For-Python AZURECLI/TEST/0.1.1b2+dev]
      accept-language: [en-US]
      x-ms-client-request-id: [8900dd74-e75c-11e6-9685-64510658e3b3]
    method: GET
    uri: https://management.azure.com/subscriptions/00000000-0000-0000-0000-000000000000/resourcegroups/cli_test_multi_nic_vm?api-version=2016-09-01
  response:
    body: {string: '{"id":"/subscriptions/00000000-0000-0000-0000-000000000000/resourceGroups/cli_test_multi_nic_vm","name":"cli_test_multi_nic_vm","location":"westus","tags":{"use":"az-test"},"properties":{"provisioningState":"Succeeded"}}'}
    headers:
      Cache-Control: [no-cache]
      Content-Type: [application/json; charset=utf-8]
      Date: ['Tue, 31 Jan 2017 02:25:29 GMT']
      Expires: ['-1']
      Pragma: [no-cache]
      Strict-Transport-Security: [max-age=31536000; includeSubDomains]
      Vary: [Accept-Encoding]
      content-length: ['232']
    status: {code: 200, message: OK}
- request:
    body: null
    headers:
      Connection: [close]
      Host: [raw.githubusercontent.com]
      User-Agent: [Python-urllib/3.5]
    method: GET
    uri: https://raw.githubusercontent.com/Azure/azure-rest-api-specs/master/arm-compute/quickstart-templates/aliases.json
  response:
    body: {string: "{\n  \"$schema\":\"http://schema.management.azure.com/schemas/2015-01-01/deploymentTemplate.json\"\
        ,\n  \"contentVersion\":\"1.0.0.0\",\n  \"parameters\":{},\n  \"variables\"\
        :{},\n  \"resources\":[],\n\n  \"outputs\":{\n    \"aliases\":{\n      \"\
        metadata\":{\n        \"description\":\"This list of aliases is used by Azure\
        \ XPLAT CLI, Azure Powershell, and Azure Portal as shorthands for commonly\
        \ used VM images. If you change this file, please verify that this doesn't\
        \ break VMSS creation from Portal :).\"\n      },\n      \"type\":\"object\"\
        ,\n      \"value\":{\n\n        \"Linux\":{\n          \"CentOS\":{\n    \
        \        \"publisher\":\"OpenLogic\",\n            \"offer\":\"CentOS\",\n\
        \            \"sku\":\"7.2\",\n            \"version\":\"latest\"\n      \
        \    },\n          \"CoreOS\":{\n            \"publisher\":\"CoreOS\",\n \
        \           \"offer\":\"CoreOS\",\n            \"sku\":\"Stable\",\n     \
        \       \"version\":\"latest\"\n          },\n          \"Debian\":{\n   \
        \         \"publisher\":\"credativ\",\n            \"offer\":\"Debian\",\n\
        \            \"sku\":\"8\",\n            \"version\":\"latest\"\n        \
        \  },\n          \"openSUSE\":{\n            \"publisher\":\"SUSE\",\n   \
        \         \"offer\":\"openSUSE\",\n            \"sku\":\"13.2\",\n       \
        \     \"version\":\"latest\"\n          },\n          \"RHEL\":{\n       \
        \     \"publisher\":\"RedHat\",\n            \"offer\":\"RHEL\",\n       \
        \     \"sku\":\"7.2\",\n            \"version\":\"latest\"\n          },\n\
        \          \"SLES\":{\n            \"publisher\":\"SUSE\",\n            \"\
        offer\":\"SLES\",\n            \"sku\":\"12-SP1\",\n            \"version\"\
        :\"latest\"\n          },\n          \"UbuntuLTS\":{\n            \"publisher\"\
        :\"Canonical\",\n            \"offer\":\"UbuntuServer\",\n            \"sku\"\
        :\"14.04.4-LTS\",\n            \"version\":\"latest\"\n          }\n     \
        \   },\n\n        \"Windows\":{\n          \"Win2012R2Datacenter\":{\n   \
        \         \"publisher\":\"MicrosoftWindowsServer\",\n            \"offer\"\
        :\"WindowsServer\",\n            \"sku\":\"2012-R2-Datacenter\",\n       \
        \     \"version\":\"latest\"\n          },\n          \"Win2012Datacenter\"\
        :{\n            \"publisher\":\"MicrosoftWindowsServer\",\n            \"\
        offer\":\"WindowsServer\",\n            \"sku\":\"2012-Datacenter\",\n   \
        \         \"version\":\"latest\"\n          },\n          \"Win2008R2SP1\"\
        :{\n            \"publisher\":\"MicrosoftWindowsServer\",\n            \"\
        offer\":\"WindowsServer\",\n            \"sku\":\"2008-R2-SP1\",\n       \
        \     \"version\":\"latest\"\n          }\n        }\n      }\n    }\n  }\n\
        }\n"}
    headers:
      Accept-Ranges: [bytes]
      Access-Control-Allow-Origin: ['*']
      Cache-Control: [max-age=300]
      Connection: [close]
      Content-Length: ['2297']
      Content-Security-Policy: [default-src 'none'; style-src 'unsafe-inline']
      Content-Type: [text/plain; charset=utf-8]
      Date: ['Tue, 31 Jan 2017 02:25:30 GMT']
      ETag: ['"db78eb36618a060181b32ac2de91b1733f382e01"']
      Expires: ['Tue, 31 Jan 2017 02:30:30 GMT']
      Source-Age: ['194']
      Strict-Transport-Security: [max-age=31536000]
      Vary: ['Authorization,Accept-Encoding']
      Via: [1.1 varnish]
      X-Cache: [HIT]
      X-Cache-Hits: ['5']
      X-Content-Type-Options: [nosniff]
      X-Fastly-Request-ID: [d652e7b9877d3f0de5f1ecf7fe643450e8dd7942]
      X-Frame-Options: [deny]
      X-Geo-Block-List: ['']
      X-GitHub-Request-Id: ['D59A:5F89:1173F0A:1201B89:588FF4D5']
      X-Served-By: [cache-den6025-DEN]
      X-Timer: ['S1485829530.568204,VS0,VE0']
      X-XSS-Protection: [1; mode=block]
    status: {code: 200, message: OK}
- request:
    body: null
    headers:
      Accept: [application/json]
      Accept-Encoding: ['gzip, deflate']
      Connection: [keep-alive]
      Content-Type: [application/json; charset=utf-8]
      User-Agent: [python/3.5.0 (Windows-10.0.14393) requests/2.9.1 msrest/0.4.4 msrest_azure/0.4.7
          storagemanagementclient/0.31.0 Azure-SDK-For-Python AZURECLI/TEST/0.1.1b2+dev]
      accept-language: [en-US]
      x-ms-client-request-id: [892db97a-e75c-11e6-abf4-64510658e3b3]
    method: GET
    uri: https://management.azure.com/subscriptions/00000000-0000-0000-0000-000000000000/resourceGroups/cli_test_multi_nic_vm/providers/Microsoft.Storage/storageAccounts?api-version=2016-12-01
  response:
    body: {string: '{"value":[]}

        '}
    headers:
      Cache-Control: [no-cache]
      Content-Type: [application/json]
      Date: ['Tue, 31 Jan 2017 02:25:30 GMT']
      Expires: ['-1']
      Pragma: [no-cache]
      Server: [Microsoft-Azure-Storage-Resource-Provider/1.0, Microsoft-HTTPAPI/2.0]
      Strict-Transport-Security: [max-age=31536000; includeSubDomains]
      Transfer-Encoding: [chunked]
      Vary: [Accept-Encoding]
      content-length: ['13']
    status: {code: 200, message: OK}
- request:
    body: '{"properties": {"mode": "Incremental", "parameters": {}, "template": {"outputs":
      {}, "variables": {}, "resources": [{"name": "vhdstorage9z1s2fieu2wrtf", "apiVersion":
      "2015-06-15", "location": "westus", "type": "Microsoft.Storage/storageAccounts",
      "dependsOn": [], "tags": {}, "properties": {"accountType": "Standard_LRS"}},
      {"apiVersion": "2016-04-30-preview", "name": "multinicvm1", "location": "westus",
      "type": "Microsoft.Compute/virtualMachines", "dependsOn": ["Microsoft.Storage/storageAccounts/vhdstorage9z1s2fieu2wrtf"],
      "tags": {}, "properties": {"osProfile": {"linuxConfiguration": {"disablePasswordAuthentication":
      true, "ssh": {"publicKeys": [{"keyData": "ssh-rsa AAAAB3NzaC1yc2EAAAADAQABAAACAQCbIg1guRHbI0lV11wWDt1r2cUdcNd27CJsg+SfgC7miZeubtwUhbsPdhMQsfDyhOWHq1+ZL0M+nJZV63d/1dhmhtgyOqejUwrPlzKhydsbrsdUor+JmNJDdW01v7BXHyuymT8G4s09jCasNOwiufbP/qp72ruu0bIA1nySsvlf9pCQAuFkAnVnf/rFhUlOkhtRpwcq8SUNY2zRHR/EKb/4NWY1JzR4sa3q2fWIJdrrX0DvLoa5g9bIEd4Df79ba7v+yiUBOS0zT2ll+z4g9izHK3EO5d8hL4jYxcjKs+wcslSYRWrascfscLgMlMGh0CdKeNTDjHpGPncaf3Z+FwwwjWeuiNBxv7bJo13/8B/098KlVDl4GZqsoBCEjPyJfV6hO0y/LkRGkk7oHWKgeWAfKtfLItRp00eZ4fcJNK9kCaSMmEugoZWcI7NGbZXzqFWqbpRI7NcDP9+WIQ+i9U5vqWsqd/zng4kbuAJ6UuKqIzB0upYrLShfQE3SAck8oaLhJqqq56VfDuASNpJKidV+zq27HfSBmbXnkR/5AK337dc3MXKJypoK/QPMLKUAP5XLPbs+NddJQV7EZXd29DLgp+fRIg3edpKdO7ZErWhv7d+3Kws+e1Y+ypmR2WIVSwVyBEUfgv2C8Ts9gnTF4pNcEY/S2aBicz5Ew2+jdyGNQQ==
      test@example.com\n", "path": "/home/yugangw/.ssh/authorized_keys"}]}}, "computerName":
      "multinicvm1", "adminUsername": "yugangw"}, "storageProfile": {"imageReference":
      {"version": "latest", "sku": "14.04.4-LTS", "offer": "UbuntuServer", "publisher":
      "Canonical"}, "osDisk": {"name": "osdisk_5MayHufEce", "createOption": "fromImage",
      "managedDisk": {"storageAccountType": "Standard_LRS"}, "caching": "ReadWrite"}},
      "networkProfile": {"networkInterfaces": [{"id": "/subscriptions/0b1f6471-1bf0-4dda-aec3-cb9272f09590/resourceGroups/cli_test_multi_nic_vm/providers/Microsoft.Network/networkInterfaces/nic1",
      "properties": {"primary": true}}, {"id": "/subscriptions/0b1f6471-1bf0-4dda-aec3-cb9272f09590/resourceGroups/cli_test_multi_nic_vm/providers/Microsoft.Network/networkInterfaces/nic2",
      "properties": {"primary": false}}, {"id": "/subscriptions/0b1f6471-1bf0-4dda-aec3-cb9272f09590/resourceGroups/cli_test_multi_nic_vm/providers/Microsoft.Network/networkInterfaces/nic3",
      "properties": {"primary": false}}, {"id": "/subscriptions/0b1f6471-1bf0-4dda-aec3-cb9272f09590/resourceGroups/cli_test_multi_nic_vm/providers/Microsoft.Network/networkInterfaces/nic4",
      "properties": {"primary": false}}]}, "hardwareProfile": {"vmSize": "Standard_DS3"}}}],
      "parameters": {}, "contentVersion": "1.0.0.0", "$schema": "https://schema.management.azure.com/schemas/2015-01-01/deploymentTemplate.json#"}}}'
    headers:
      Accept: [application/json]
      Accept-Encoding: ['gzip, deflate']
      Connection: [keep-alive]
      Content-Length: ['2805']
      Content-Type: [application/json; charset=utf-8]
      User-Agent: [python/3.5.0 (Windows-10.0.14393) requests/2.9.1 msrest/0.4.4 msrest_azure/0.4.7
          resourcemanagementclient/0.30.2 Azure-SDK-For-Python AZURECLI/TEST/0.1.1b2+dev]
      accept-language: [en-US]
      x-ms-client-request-id: [8967269e-e75c-11e6-aa4b-64510658e3b3]
    method: PUT
    uri: https://management.azure.com/subscriptions/00000000-0000-0000-0000-000000000000/resourcegroups/cli_test_multi_nic_vm/providers/Microsoft.Resources/deployments/mock-deployment?api-version=2016-09-01
  response:
    body: {string: '{"id":"/subscriptions/00000000-0000-0000-0000-000000000000/resourceGroups/cli_test_multi_nic_vm/providers/Microsoft.Resources/deployments/vm_deploy_MXGI1xOrycle23hoHYXdevQ6HzaG5EzU","name":"vm_deploy_MXGI1xOrycle23hoHYXdevQ6HzaG5EzU","properties":{"parameters":{},"mode":"Incremental","provisioningState":"Accepted","timestamp":"2017-01-31T02:25:32.1772025Z","duration":"PT0.5153578S","correlationId":"e8eef967-efcb-49b3-918a-a9f133c72572","providers":[{"namespace":"Microsoft.Storage","resourceTypes":[{"resourceType":"storageAccounts","locations":["westus"]}]},{"namespace":"Microsoft.Compute","resourceTypes":[{"resourceType":"virtualMachines","locations":["westus"]}]}],"dependencies":[{"dependsOn":[{"id":"/subscriptions/00000000-0000-0000-0000-000000000000/resourceGroups/cli_test_multi_nic_vm/providers/Microsoft.Storage/storageAccounts/vhdstorage9z1s2fieu2wrtf","resourceType":"Microsoft.Storage/storageAccounts","resourceName":"vhdstorage9z1s2fieu2wrtf"}],"id":"/subscriptions/00000000-0000-0000-0000-000000000000/resourceGroups/cli_test_multi_nic_vm/providers/Microsoft.Compute/virtualMachines/multinicvm1","resourceType":"Microsoft.Compute/virtualMachines","resourceName":"multinicvm1"}]}}'}
    headers:
      Azure-AsyncOperation: ['https://management.azure.com/subscriptions/0b1f6471-1bf0-4dda-aec3-cb9272f09590/resourcegroups/cli_test_multi_nic_vm/providers/Microsoft.Resources/deployments/vm_deploy_MXGI1xOrycle23hoHYXdevQ6HzaG5EzU/operationStatuses/08587157773538158012?api-version=2016-09-01']
      Cache-Control: [no-cache]
      Content-Length: ['1218']
      Content-Type: [application/json; charset=utf-8]
      Date: ['Tue, 31 Jan 2017 02:25:31 GMT']
      Expires: ['-1']
      Pragma: [no-cache]
      Strict-Transport-Security: [max-age=31536000; includeSubDomains]
      x-ms-ratelimit-remaining-subscription-writes: ['1198']
    status: {code: 201, message: Created}
- request:
    body: null
    headers:
      Accept: [application/json]
      Accept-Encoding: ['gzip, deflate']
      Connection: [keep-alive]
      Content-Type: [application/json; charset=utf-8]
      User-Agent: [python/3.5.0 (Windows-10.0.14393) requests/2.9.1 msrest/0.4.4 msrest_azure/0.4.7
          resourcemanagementclient/0.30.2 Azure-SDK-For-Python AZURECLI/TEST/0.1.1b2+dev]
      accept-language: [en-US]
      x-ms-client-request-id: [8967269e-e75c-11e6-aa4b-64510658e3b3]
    method: GET
    uri: https://management.azure.com/subscriptions/00000000-0000-0000-0000-000000000000/resourcegroups/cli_test_multi_nic_vm/providers/Microsoft.Resources/deployments/mock-deployment/operationStatuses/08587157773538158012?api-version=2016-09-01
  response:
    body: {string: '{"status":"Running"}'}
    headers:
      Cache-Control: [no-cache]
      Content-Type: [application/json; charset=utf-8]
      Date: ['Tue, 31 Jan 2017 02:26:02 GMT']
      Expires: ['-1']
      Pragma: [no-cache]
      Strict-Transport-Security: [max-age=31536000; includeSubDomains]
      Vary: [Accept-Encoding]
      content-length: ['20']
    status: {code: 200, message: OK}
- request:
    body: null
    headers:
      Accept: [application/json]
      Accept-Encoding: ['gzip, deflate']
      Connection: [keep-alive]
      Content-Type: [application/json; charset=utf-8]
      User-Agent: [python/3.5.0 (Windows-10.0.14393) requests/2.9.1 msrest/0.4.4 msrest_azure/0.4.7
          resourcemanagementclient/0.30.2 Azure-SDK-For-Python AZURECLI/TEST/0.1.1b2+dev]
      accept-language: [en-US]
      x-ms-client-request-id: [8967269e-e75c-11e6-aa4b-64510658e3b3]
    method: GET
    uri: https://management.azure.com/subscriptions/00000000-0000-0000-0000-000000000000/resourcegroups/cli_test_multi_nic_vm/providers/Microsoft.Resources/deployments/mock-deployment/operationStatuses/08587157773538158012?api-version=2016-09-01
  response:
    body: {string: '{"status":"Running"}'}
    headers:
      Cache-Control: [no-cache]
      Content-Type: [application/json; charset=utf-8]
      Date: ['Tue, 31 Jan 2017 02:26:32 GMT']
      Expires: ['-1']
      Pragma: [no-cache]
      Strict-Transport-Security: [max-age=31536000; includeSubDomains]
      Vary: [Accept-Encoding]
      content-length: ['20']
    status: {code: 200, message: OK}
- request:
    body: null
    headers:
      Accept: [application/json]
      Accept-Encoding: ['gzip, deflate']
      Connection: [keep-alive]
      Content-Type: [application/json; charset=utf-8]
      User-Agent: [python/3.5.0 (Windows-10.0.14393) requests/2.9.1 msrest/0.4.4 msrest_azure/0.4.7
          resourcemanagementclient/0.30.2 Azure-SDK-For-Python AZURECLI/TEST/0.1.1b2+dev]
      accept-language: [en-US]
      x-ms-client-request-id: [8967269e-e75c-11e6-aa4b-64510658e3b3]
    method: GET
    uri: https://management.azure.com/subscriptions/00000000-0000-0000-0000-000000000000/resourcegroups/cli_test_multi_nic_vm/providers/Microsoft.Resources/deployments/mock-deployment/operationStatuses/08587157773538158012?api-version=2016-09-01
  response:
    body: {string: '{"status":"Running"}'}
    headers:
      Cache-Control: [no-cache]
      Content-Type: [application/json; charset=utf-8]
      Date: ['Tue, 31 Jan 2017 02:27:02 GMT']
      Expires: ['-1']
      Pragma: [no-cache]
      Strict-Transport-Security: [max-age=31536000; includeSubDomains]
      Vary: [Accept-Encoding]
      content-length: ['20']
    status: {code: 200, message: OK}
- request:
    body: null
    headers:
      Accept: [application/json]
      Accept-Encoding: ['gzip, deflate']
      Connection: [keep-alive]
      Content-Type: [application/json; charset=utf-8]
      User-Agent: [python/3.5.0 (Windows-10.0.14393) requests/2.9.1 msrest/0.4.4 msrest_azure/0.4.7
          resourcemanagementclient/0.30.2 Azure-SDK-For-Python AZURECLI/TEST/0.1.1b2+dev]
      accept-language: [en-US]
      x-ms-client-request-id: [8967269e-e75c-11e6-aa4b-64510658e3b3]
    method: GET
    uri: https://management.azure.com/subscriptions/00000000-0000-0000-0000-000000000000/resourcegroups/cli_test_multi_nic_vm/providers/Microsoft.Resources/deployments/mock-deployment/operationStatuses/08587157773538158012?api-version=2016-09-01
  response:
    body: {string: '{"status":"Running"}'}
    headers:
      Cache-Control: [no-cache]
      Content-Type: [application/json; charset=utf-8]
      Date: ['Tue, 31 Jan 2017 02:27:32 GMT']
      Expires: ['-1']
      Pragma: [no-cache]
      Strict-Transport-Security: [max-age=31536000; includeSubDomains]
      Vary: [Accept-Encoding]
      content-length: ['20']
    status: {code: 200, message: OK}
- request:
    body: null
    headers:
      Accept: [application/json]
      Accept-Encoding: ['gzip, deflate']
      Connection: [keep-alive]
      Content-Type: [application/json; charset=utf-8]
      User-Agent: [python/3.5.0 (Windows-10.0.14393) requests/2.9.1 msrest/0.4.4 msrest_azure/0.4.7
          resourcemanagementclient/0.30.2 Azure-SDK-For-Python AZURECLI/TEST/0.1.1b2+dev]
      accept-language: [en-US]
      x-ms-client-request-id: [8967269e-e75c-11e6-aa4b-64510658e3b3]
    method: GET
    uri: https://management.azure.com/subscriptions/00000000-0000-0000-0000-000000000000/resourcegroups/cli_test_multi_nic_vm/providers/Microsoft.Resources/deployments/mock-deployment/operationStatuses/08587157773538158012?api-version=2016-09-01
  response:
    body: {string: '{"status":"Succeeded"}'}
    headers:
      Cache-Control: [no-cache]
      Content-Type: [application/json; charset=utf-8]
      Date: ['Tue, 31 Jan 2017 02:28:03 GMT']
      Expires: ['-1']
      Pragma: [no-cache]
      Strict-Transport-Security: [max-age=31536000; includeSubDomains]
      Vary: [Accept-Encoding]
      content-length: ['22']
    status: {code: 200, message: OK}
- request:
    body: null
    headers:
      Accept: [application/json]
      Accept-Encoding: ['gzip, deflate']
      Connection: [keep-alive]
      Content-Type: [application/json; charset=utf-8]
      User-Agent: [python/3.5.0 (Windows-10.0.14393) requests/2.9.1 msrest/0.4.4 msrest_azure/0.4.7
          resourcemanagementclient/0.30.2 Azure-SDK-For-Python AZURECLI/TEST/0.1.1b2+dev]
      accept-language: [en-US]
      x-ms-client-request-id: [8967269e-e75c-11e6-aa4b-64510658e3b3]
    method: GET
    uri: https://management.azure.com/subscriptions/00000000-0000-0000-0000-000000000000/resourcegroups/cli_test_multi_nic_vm/providers/Microsoft.Resources/deployments/mock-deployment?api-version=2016-09-01
  response:
    body: {string: '{"id":"/subscriptions/00000000-0000-0000-0000-000000000000/resourceGroups/cli_test_multi_nic_vm/providers/Microsoft.Resources/deployments/vm_deploy_MXGI1xOrycle23hoHYXdevQ6HzaG5EzU","name":"vm_deploy_MXGI1xOrycle23hoHYXdevQ6HzaG5EzU","properties":{"parameters":{},"mode":"Incremental","provisioningState":"Succeeded","timestamp":"2017-01-31T02:27:58.6041601Z","duration":"PT2M26.9423154S","correlationId":"e8eef967-efcb-49b3-918a-a9f133c72572","providers":[{"namespace":"Microsoft.Storage","resourceTypes":[{"resourceType":"storageAccounts","locations":["westus"]}]},{"namespace":"Microsoft.Compute","resourceTypes":[{"resourceType":"virtualMachines","locations":["westus"]}]}],"dependencies":[{"dependsOn":[{"id":"/subscriptions/00000000-0000-0000-0000-000000000000/resourceGroups/cli_test_multi_nic_vm/providers/Microsoft.Storage/storageAccounts/vhdstorage9z1s2fieu2wrtf","resourceType":"Microsoft.Storage/storageAccounts","resourceName":"vhdstorage9z1s2fieu2wrtf"}],"id":"/subscriptions/00000000-0000-0000-0000-000000000000/resourceGroups/cli_test_multi_nic_vm/providers/Microsoft.Compute/virtualMachines/multinicvm1","resourceType":"Microsoft.Compute/virtualMachines","resourceName":"multinicvm1"}],"outputs":{},"outputResources":[{"id":"Microsoft.Compute/virtualMachines/multinicvm1"},{"id":"Microsoft.Storage/storageAccounts/vhdstorage9z1s2fieu2wrtf"}]}}'}
    headers:
      Cache-Control: [no-cache]
      Content-Type: [application/json; charset=utf-8]
      Date: ['Tue, 31 Jan 2017 02:28:03 GMT']
      Expires: ['-1']
      Pragma: [no-cache]
      Strict-Transport-Security: [max-age=31536000; includeSubDomains]
      Vary: [Accept-Encoding]
      content-length: ['1378']
    status: {code: 200, message: OK}
- request:
    body: null
    headers:
      Accept: [application/json]
      Accept-Encoding: ['gzip, deflate']
      Connection: [keep-alive]
      Content-Type: [application/json; charset=utf-8]
      User-Agent: [python/3.5.0 (Windows-10.0.14393) requests/2.9.1 msrest/0.4.4 msrest_azure/0.4.7
          computemanagementclient/0.33.0 Azure-SDK-For-Python AZURECLI/TEST/0.1.1b2+dev]
      accept-language: [en-US]
      x-ms-client-request-id: [e4cc8974-e75c-11e6-95a6-64510658e3b3]
    method: GET
    uri: https://management.azure.com/subscriptions/00000000-0000-0000-0000-000000000000/resourceGroups/cli_test_multi_nic_vm/providers/Microsoft.Compute/virtualMachines/multinicvm1?$expand=instanceView&api-version=2016-04-30-preview
  response:
    body: {string: "{\r\n  \"properties\": {\r\n    \"vmId\": \"8fab9b87-0806-4f61-b69e-f42613a5e699\"\
        ,\r\n    \"hardwareProfile\": {\r\n      \"vmSize\": \"Standard_DS3\"\r\n\
        \    },\r\n    \"storageProfile\": {\r\n      \"imageReference\": {\r\n  \
        \      \"publisher\": \"Canonical\",\r\n        \"offer\": \"UbuntuServer\"\
        ,\r\n        \"sku\": \"14.04.4-LTS\",\r\n        \"version\": \"latest\"\r\
        \n      },\r\n      \"osDisk\": {\r\n        \"osType\": \"Linux\",\r\n  \
        \      \"name\": \"osdisk_5MayHufEce\",\r\n        \"createOption\": \"FromImage\"\
        ,\r\n        \"caching\": \"ReadWrite\",\r\n        \"managedDisk\": {\r\n\
        \          \"storageAccountType\": \"Standard_LRS\",\r\n          \"id\":\
        \ \"/subscriptions/00000000-0000-0000-0000-000000000000/resourceGroups/cli_test_multi_nic_vm/providers/Microsoft.Compute/disks/osdisk_5MayHufEce\"\
        \r\n        }\r\n      },\r\n      \"dataDisks\": []\r\n    },\r\n    \"osProfile\"\
        : {\r\n      \"computerName\": \"multinicvm1\",\r\n      \"adminUsername\"\
        : \"yugangw\",\r\n      \"linuxConfiguration\": {\r\n        \"disablePasswordAuthentication\"\
        : true,\r\n        \"ssh\": {\r\n          \"publicKeys\": [\r\n         \
        \   {\r\n              \"path\": \"/home/yugangw/.ssh/authorized_keys\",\r\
        \n              \"keyData\": \"ssh-rsa AAAAB3NzaC1yc2EAAAADAQABAAACAQCbIg1guRHbI0lV11wWDt1r2cUdcNd27CJsg+SfgC7miZeubtwUhbsPdhMQsfDyhOWHq1+ZL0M+nJZV63d/1dhmhtgyOqejUwrPlzKhydsbrsdUor+JmNJDdW01v7BXHyuymT8G4s09jCasNOwiufbP/qp72ruu0bIA1nySsvlf9pCQAuFkAnVnf/rFhUlOkhtRpwcq8SUNY2zRHR/EKb/4NWY1JzR4sa3q2fWIJdrrX0DvLoa5g9bIEd4Df79ba7v+yiUBOS0zT2ll+z4g9izHK3EO5d8hL4jYxcjKs+wcslSYRWrascfscLgMlMGh0CdKeNTDjHpGPncaf3Z+FwwwjWeuiNBxv7bJo13/8B/098KlVDl4GZqsoBCEjPyJfV6hO0y/LkRGkk7oHWKgeWAfKtfLItRp00eZ4fcJNK9kCaSMmEugoZWcI7NGbZXzqFWqbpRI7NcDP9+WIQ+i9U5vqWsqd/zng4kbuAJ6UuKqIzB0upYrLShfQE3SAck8oaLhJqqq56VfDuASNpJKidV+zq27HfSBmbXnkR/5AK337dc3MXKJypoK/QPMLKUAP5XLPbs+NddJQV7EZXd29DLgp+fRIg3edpKdO7ZErWhv7d+3Kws+e1Y+ypmR2WIVSwVyBEUfgv2C8Ts9gnTF4pNcEY/S2aBicz5Ew2+jdyGNQQ==\
        \ test@example.com\\n\"\r\n            }\r\n          ]\r\n        }\r\n \
        \     },\r\n      \"secrets\": []\r\n    },\r\n    \"networkProfile\": {\"\
        networkInterfaces\":[{\"id\":\"/subscriptions/00000000-0000-0000-0000-000000000000/resourceGroups/cli_test_multi_nic_vm/providers/Microsoft.Network/networkInterfaces/nic1\"\
        ,\"properties\":{\"primary\":true}},{\"id\":\"/subscriptions/00000000-0000-0000-0000-000000000000/resourceGroups/cli_test_multi_nic_vm/providers/Microsoft.Network/networkInterfaces/nic2\"\
        ,\"properties\":{\"primary\":false}},{\"id\":\"/subscriptions/00000000-0000-0000-0000-000000000000/resourceGroups/cli_test_multi_nic_vm/providers/Microsoft.Network/networkInterfaces/nic3\"\
        ,\"properties\":{\"primary\":false}},{\"id\":\"/subscriptions/00000000-0000-0000-0000-000000000000/resourceGroups/cli_test_multi_nic_vm/providers/Microsoft.Network/networkInterfaces/nic4\"\
        ,\"properties\":{\"primary\":false}}]},\r\n    \"provisioningState\": \"Succeeded\"\
        ,\r\n    \"instanceView\": {\r\n      \"vmAgent\": {\r\n        \"vmAgentVersion\"\
        : \"WALinuxAgent-2.0.16\",\r\n        \"statuses\": [\r\n          {\r\n \
        \           \"code\": \"ProvisioningState/succeeded\",\r\n            \"level\"\
        : \"Info\",\r\n            \"displayStatus\": \"Ready\",\r\n            \"\
        message\": \"GuestAgent is running and accepting new configurations.\",\r\n\
        \            \"time\": \"2017-01-31T02:27:48+00:00\"\r\n          }\r\n  \
        \      ],\r\n        \"extensionHandlers\": []\r\n      },\r\n      \"statuses\"\
        : [\r\n        {\r\n          \"code\": \"ProvisioningState/succeeded\",\r\
        \n          \"level\": \"Info\",\r\n          \"displayStatus\": \"Provisioning\
        \ succeeded\",\r\n          \"time\": \"2017-01-31T02:27:45.6834674+00:00\"\
        \r\n        },\r\n        {\r\n          \"code\": \"PowerState/running\"\
        ,\r\n          \"level\": \"Info\",\r\n          \"displayStatus\": \"VM running\"\
        \r\n        }\r\n      ]\r\n    }\r\n  },\r\n  \"type\": \"Microsoft.Compute/virtualMachines\"\
        ,\r\n  \"location\": \"westus\",\r\n  \"tags\": {},\r\n  \"id\": \"/subscriptions/00000000-0000-0000-0000-000000000000/resourceGroups/cli_test_multi_nic_vm/providers/Microsoft.Compute/virtualMachines/multinicvm1\"\
        ,\r\n  \"name\": \"multinicvm1\"\r\n}"}
    headers:
      Cache-Control: [no-cache]
      Content-Type: [application/json; charset=utf-8]
      Date: ['Tue, 31 Jan 2017 02:28:04 GMT']
      Expires: ['-1']
      Pragma: [no-cache]
      Server: [Microsoft-HTTPAPI/2.0, Microsoft-HTTPAPI/2.0]
      Strict-Transport-Security: [max-age=31536000; includeSubDomains]
      Transfer-Encoding: [chunked]
      Vary: [Accept-Encoding]
      content-length: ['3866']
    status: {code: 200, message: OK}
- request:
    body: null
    headers:
      Accept: [application/json]
      Accept-Encoding: ['gzip, deflate']
      Connection: [keep-alive]
      Content-Type: [application/json; charset=utf-8]
      User-Agent: [python/3.5.0 (Windows-10.0.14393) requests/2.9.1 msrest/0.4.4 msrest_azure/0.4.7
          networkmanagementclient/0.30.0 Azure-SDK-For-Python AZURECLI/TEST/0.1.1b2+dev]
      accept-language: [en-US]
      x-ms-client-request-id: [e5160fb4-e75c-11e6-a7a0-64510658e3b3]
    method: GET
    uri: https://management.azure.com/subscriptions/00000000-0000-0000-0000-000000000000/resourceGroups/cli_test_multi_nic_vm/providers/Microsoft.Network/networkInterfaces/nic1?api-version=2017-03-01
  response:
    body: {string: "{\r\n  \"name\": \"nic1\",\r\n  \"id\": \"/subscriptions/00000000-0000-0000-0000-000000000000/resourceGroups/cli_test_multi_nic_vm/providers/Microsoft.Network/networkInterfaces/nic1\"\
        ,\r\n  \"etag\": \"W/\\\"d13aaa9c-743d-4704-9194-8d15f6bbf782\\\"\",\r\n \
        \ \"location\": \"westus\",\r\n  \"tags\": {},\r\n  \"properties\": {\r\n\
        \    \"provisioningState\": \"Succeeded\",\r\n    \"resourceGuid\": \"60a636c0-ff12-4321-bf2f-eff89ccec652\"\
        ,\r\n    \"ipConfigurations\": [\r\n      {\r\n        \"name\": \"ipconfig1\"\
        ,\r\n        \"id\": \"/subscriptions/00000000-0000-0000-0000-000000000000/resourceGroups/cli_test_multi_nic_vm/providers/Microsoft.Network/networkInterfaces/nic1/ipConfigurations/ipconfig1\"\
        ,\r\n        \"etag\": \"W/\\\"d13aaa9c-743d-4704-9194-8d15f6bbf782\\\"\"\
        ,\r\n        \"properties\": {\r\n          \"provisioningState\": \"Succeeded\"\
        ,\r\n          \"privateIPAddress\": \"10.0.0.4\",\r\n          \"privateIPAllocationMethod\"\
        : \"Dynamic\",\r\n          \"subnet\": {\r\n            \"id\": \"/subscriptions/00000000-0000-0000-0000-000000000000/resourceGroups/cli_test_multi_nic_vm/providers/Microsoft.Network/virtualNetworks/myvnet/subnets/mysubnet\"\
        \r\n          },\r\n          \"primary\": true,\r\n          \"privateIPAddressVersion\"\
        : \"IPv4\"\r\n        }\r\n      }\r\n    ],\r\n    \"dnsSettings\": {\r\n\
        \      \"dnsServers\": [],\r\n      \"appliedDnsServers\": [],\r\n      \"\
        internalDomainNameSuffix\": \"ebrwatmw15rulbgce0p4i0nmtc.dx.internal.cloudapp.net\"\
        \r\n    },\r\n    \"macAddress\": \"00-0D-3A-33-CE-6C\",\r\n    \"enableAcceleratedNetworking\"\
        : false,\r\n    \"enableIPForwarding\": false,\r\n    \"primary\": true,\r\
        \n    \"virtualMachine\": {\r\n      \"id\": \"/subscriptions/00000000-0000-0000-0000-000000000000/resourceGroups/cli_test_multi_nic_vm/providers/Microsoft.Compute/virtualMachines/multinicvm1\"\
        \r\n    }\r\n  },\r\n  \"type\": \"Microsoft.Network/networkInterfaces\"\r\
        \n}"}
    headers:
      Cache-Control: [no-cache]
      Content-Type: [application/json; charset=utf-8]
      Date: ['Tue, 31 Jan 2017 02:28:04 GMT']
      ETag: [W/"d13aaa9c-743d-4704-9194-8d15f6bbf782"]
      Expires: ['-1']
      Pragma: [no-cache]
      Server: [Microsoft-HTTPAPI/2.0, Microsoft-HTTPAPI/2.0]
      Strict-Transport-Security: [max-age=31536000; includeSubDomains]
      Transfer-Encoding: [chunked]
      Vary: [Accept-Encoding]
      content-length: ['1771']
    status: {code: 200, message: OK}
- request:
    body: null
    headers:
      Accept: [application/json]
      Accept-Encoding: ['gzip, deflate']
      Connection: [keep-alive]
      Content-Type: [application/json; charset=utf-8]
      User-Agent: [python/3.5.0 (Windows-10.0.14393) requests/2.9.1 msrest/0.4.4 msrest_azure/0.4.7
          networkmanagementclient/0.30.0 Azure-SDK-For-Python AZURECLI/TEST/0.1.1b2+dev]
      accept-language: [en-US]
      x-ms-client-request-id: [e5455cdc-e75c-11e6-b8a7-64510658e3b3]
    method: GET
    uri: https://management.azure.com/subscriptions/00000000-0000-0000-0000-000000000000/resourceGroups/cli_test_multi_nic_vm/providers/Microsoft.Network/networkInterfaces/nic2?api-version=2017-03-01
  response:
    body: {string: "{\r\n  \"name\": \"nic2\",\r\n  \"id\": \"/subscriptions/00000000-0000-0000-0000-000000000000/resourceGroups/cli_test_multi_nic_vm/providers/Microsoft.Network/networkInterfaces/nic2\"\
        ,\r\n  \"etag\": \"W/\\\"10aceda8-a940-45e5-aee2-a0079bfce202\\\"\",\r\n \
        \ \"location\": \"westus\",\r\n  \"tags\": {},\r\n  \"properties\": {\r\n\
        \    \"provisioningState\": \"Succeeded\",\r\n    \"resourceGuid\": \"6b8f0731-4012-4db8-a538-0b06cac627ce\"\
        ,\r\n    \"ipConfigurations\": [\r\n      {\r\n        \"name\": \"ipconfig1\"\
        ,\r\n        \"id\": \"/subscriptions/00000000-0000-0000-0000-000000000000/resourceGroups/cli_test_multi_nic_vm/providers/Microsoft.Network/networkInterfaces/nic2/ipConfigurations/ipconfig1\"\
        ,\r\n        \"etag\": \"W/\\\"10aceda8-a940-45e5-aee2-a0079bfce202\\\"\"\
        ,\r\n        \"properties\": {\r\n          \"provisioningState\": \"Succeeded\"\
        ,\r\n          \"privateIPAddress\": \"10.0.0.5\",\r\n          \"privateIPAllocationMethod\"\
        : \"Dynamic\",\r\n          \"subnet\": {\r\n            \"id\": \"/subscriptions/00000000-0000-0000-0000-000000000000/resourceGroups/cli_test_multi_nic_vm/providers/Microsoft.Network/virtualNetworks/myvnet/subnets/mysubnet\"\
        \r\n          },\r\n          \"primary\": true,\r\n          \"privateIPAddressVersion\"\
        : \"IPv4\"\r\n        }\r\n      }\r\n    ],\r\n    \"dnsSettings\": {\r\n\
        \      \"dnsServers\": [],\r\n      \"appliedDnsServers\": [],\r\n      \"\
        internalDomainNameSuffix\": \"ebrwatmw15rulbgce0p4i0nmtc.dx.internal.cloudapp.net\"\
        \r\n    },\r\n    \"macAddress\": \"00-0D-3A-35-17-21\",\r\n    \"enableAcceleratedNetworking\"\
        : false,\r\n    \"enableIPForwarding\": false,\r\n    \"primary\": false,\r\
        \n    \"virtualMachine\": {\r\n      \"id\": \"/subscriptions/00000000-0000-0000-0000-000000000000/resourceGroups/cli_test_multi_nic_vm/providers/Microsoft.Compute/virtualMachines/multinicvm1\"\
        \r\n    }\r\n  },\r\n  \"type\": \"Microsoft.Network/networkInterfaces\"\r\
        \n}"}
    headers:
      Cache-Control: [no-cache]
      Content-Type: [application/json; charset=utf-8]
      Date: ['Tue, 31 Jan 2017 02:28:04 GMT']
      ETag: [W/"10aceda8-a940-45e5-aee2-a0079bfce202"]
      Expires: ['-1']
      Pragma: [no-cache]
      Server: [Microsoft-HTTPAPI/2.0, Microsoft-HTTPAPI/2.0]
      Strict-Transport-Security: [max-age=31536000; includeSubDomains]
      Transfer-Encoding: [chunked]
      Vary: [Accept-Encoding]
      content-length: ['1772']
    status: {code: 200, message: OK}
- request:
    body: null
    headers:
      Accept: [application/json]
      Accept-Encoding: ['gzip, deflate']
      Connection: [keep-alive]
      Content-Type: [application/json; charset=utf-8]
      User-Agent: [python/3.5.0 (Windows-10.0.14393) requests/2.9.1 msrest/0.4.4 msrest_azure/0.4.7
          networkmanagementclient/0.30.0 Azure-SDK-For-Python AZURECLI/TEST/0.1.1b2+dev]
      accept-language: [en-US]
      x-ms-client-request-id: [e573ac38-e75c-11e6-bedb-64510658e3b3]
    method: GET
    uri: https://management.azure.com/subscriptions/00000000-0000-0000-0000-000000000000/resourceGroups/cli_test_multi_nic_vm/providers/Microsoft.Network/networkInterfaces/nic3?api-version=2017-03-01
  response:
    body: {string: "{\r\n  \"name\": \"nic3\",\r\n  \"id\": \"/subscriptions/00000000-0000-0000-0000-000000000000/resourceGroups/cli_test_multi_nic_vm/providers/Microsoft.Network/networkInterfaces/nic3\"\
        ,\r\n  \"etag\": \"W/\\\"cf62db5f-0b2d-4d71-a387-46ff1d501878\\\"\",\r\n \
        \ \"location\": \"westus\",\r\n  \"tags\": {},\r\n  \"properties\": {\r\n\
        \    \"provisioningState\": \"Succeeded\",\r\n    \"resourceGuid\": \"18803064-267f-4daa-a069-46211ad38d60\"\
        ,\r\n    \"ipConfigurations\": [\r\n      {\r\n        \"name\": \"ipconfig1\"\
        ,\r\n        \"id\": \"/subscriptions/00000000-0000-0000-0000-000000000000/resourceGroups/cli_test_multi_nic_vm/providers/Microsoft.Network/networkInterfaces/nic3/ipConfigurations/ipconfig1\"\
        ,\r\n        \"etag\": \"W/\\\"cf62db5f-0b2d-4d71-a387-46ff1d501878\\\"\"\
        ,\r\n        \"properties\": {\r\n          \"provisioningState\": \"Succeeded\"\
        ,\r\n          \"privateIPAddress\": \"10.0.0.6\",\r\n          \"privateIPAllocationMethod\"\
        : \"Dynamic\",\r\n          \"subnet\": {\r\n            \"id\": \"/subscriptions/00000000-0000-0000-0000-000000000000/resourceGroups/cli_test_multi_nic_vm/providers/Microsoft.Network/virtualNetworks/myvnet/subnets/mysubnet\"\
        \r\n          },\r\n          \"primary\": true,\r\n          \"privateIPAddressVersion\"\
        : \"IPv4\"\r\n        }\r\n      }\r\n    ],\r\n    \"dnsSettings\": {\r\n\
        \      \"dnsServers\": [],\r\n      \"appliedDnsServers\": [],\r\n      \"\
        internalDomainNameSuffix\": \"ebrwatmw15rulbgce0p4i0nmtc.dx.internal.cloudapp.net\"\
        \r\n    },\r\n    \"macAddress\": \"00-0D-3A-35-1A-D9\",\r\n    \"enableAcceleratedNetworking\"\
        : false,\r\n    \"enableIPForwarding\": false,\r\n    \"primary\": false,\r\
        \n    \"virtualMachine\": {\r\n      \"id\": \"/subscriptions/00000000-0000-0000-0000-000000000000/resourceGroups/cli_test_multi_nic_vm/providers/Microsoft.Compute/virtualMachines/multinicvm1\"\
        \r\n    }\r\n  },\r\n  \"type\": \"Microsoft.Network/networkInterfaces\"\r\
        \n}"}
    headers:
      Cache-Control: [no-cache]
      Content-Type: [application/json; charset=utf-8]
      Date: ['Tue, 31 Jan 2017 02:28:04 GMT']
      ETag: [W/"cf62db5f-0b2d-4d71-a387-46ff1d501878"]
      Expires: ['-1']
      Pragma: [no-cache]
      Server: [Microsoft-HTTPAPI/2.0, Microsoft-HTTPAPI/2.0]
      Strict-Transport-Security: [max-age=31536000; includeSubDomains]
      Transfer-Encoding: [chunked]
      Vary: [Accept-Encoding]
      content-length: ['1772']
    status: {code: 200, message: OK}
- request:
    body: null
    headers:
      Accept: [application/json]
      Accept-Encoding: ['gzip, deflate']
      Connection: [keep-alive]
      Content-Type: [application/json; charset=utf-8]
      User-Agent: [python/3.5.0 (Windows-10.0.14393) requests/2.9.1 msrest/0.4.4 msrest_azure/0.4.7
          networkmanagementclient/0.30.0 Azure-SDK-For-Python AZURECLI/TEST/0.1.1b2+dev]
      accept-language: [en-US]
      x-ms-client-request-id: [e5a7eef8-e75c-11e6-868d-64510658e3b3]
    method: GET
    uri: https://management.azure.com/subscriptions/00000000-0000-0000-0000-000000000000/resourceGroups/cli_test_multi_nic_vm/providers/Microsoft.Network/networkInterfaces/nic4?api-version=2017-03-01
  response:
    body: {string: "{\r\n  \"name\": \"nic4\",\r\n  \"id\": \"/subscriptions/00000000-0000-0000-0000-000000000000/resourceGroups/cli_test_multi_nic_vm/providers/Microsoft.Network/networkInterfaces/nic4\"\
        ,\r\n  \"etag\": \"W/\\\"6e6b45fa-bb81-409d-8c36-a4e247ac2f05\\\"\",\r\n \
        \ \"location\": \"westus\",\r\n  \"tags\": {},\r\n  \"properties\": {\r\n\
        \    \"provisioningState\": \"Succeeded\",\r\n    \"resourceGuid\": \"c3c75ea8-520d-4e1e-9e0a-e6abbcd8444c\"\
        ,\r\n    \"ipConfigurations\": [\r\n      {\r\n        \"name\": \"ipconfig1\"\
        ,\r\n        \"id\": \"/subscriptions/00000000-0000-0000-0000-000000000000/resourceGroups/cli_test_multi_nic_vm/providers/Microsoft.Network/networkInterfaces/nic4/ipConfigurations/ipconfig1\"\
        ,\r\n        \"etag\": \"W/\\\"6e6b45fa-bb81-409d-8c36-a4e247ac2f05\\\"\"\
        ,\r\n        \"properties\": {\r\n          \"provisioningState\": \"Succeeded\"\
        ,\r\n          \"privateIPAddress\": \"10.0.0.7\",\r\n          \"privateIPAllocationMethod\"\
        : \"Dynamic\",\r\n          \"subnet\": {\r\n            \"id\": \"/subscriptions/00000000-0000-0000-0000-000000000000/resourceGroups/cli_test_multi_nic_vm/providers/Microsoft.Network/virtualNetworks/myvnet/subnets/mysubnet\"\
        \r\n          },\r\n          \"primary\": true,\r\n          \"privateIPAddressVersion\"\
        : \"IPv4\"\r\n        }\r\n      }\r\n    ],\r\n    \"dnsSettings\": {\r\n\
        \      \"dnsServers\": [],\r\n      \"appliedDnsServers\": [],\r\n      \"\
        internalDomainNameSuffix\": \"ebrwatmw15rulbgce0p4i0nmtc.dx.internal.cloudapp.net\"\
        \r\n    },\r\n    \"macAddress\": \"00-0D-3A-35-10-6B\",\r\n    \"enableAcceleratedNetworking\"\
        : false,\r\n    \"enableIPForwarding\": false,\r\n    \"primary\": false,\r\
        \n    \"virtualMachine\": {\r\n      \"id\": \"/subscriptions/00000000-0000-0000-0000-000000000000/resourceGroups/cli_test_multi_nic_vm/providers/Microsoft.Compute/virtualMachines/multinicvm1\"\
        \r\n    }\r\n  },\r\n  \"type\": \"Microsoft.Network/networkInterfaces\"\r\
        \n}"}
    headers:
      Cache-Control: [no-cache]
      Content-Type: [application/json; charset=utf-8]
      Date: ['Tue, 31 Jan 2017 02:28:05 GMT']
      ETag: [W/"6e6b45fa-bb81-409d-8c36-a4e247ac2f05"]
      Expires: ['-1']
      Pragma: [no-cache]
      Server: [Microsoft-HTTPAPI/2.0, Microsoft-HTTPAPI/2.0]
      Strict-Transport-Security: [max-age=31536000; includeSubDomains]
      Transfer-Encoding: [chunked]
      Vary: [Accept-Encoding]
      content-length: ['1772']
    status: {code: 200, message: OK}
- request:
    body: null
    headers:
      Accept: [application/json]
      Accept-Encoding: ['gzip, deflate']
      Connection: [keep-alive]
      Content-Type: [application/json; charset=utf-8]
      User-Agent: [python/3.5.0 (Windows-10.0.14393) requests/2.9.1 msrest/0.4.4 msrest_azure/0.4.7
          computemanagementclient/0.33.0 Azure-SDK-For-Python AZURECLI/TEST/0.1.1b2+dev]
      accept-language: [en-US]
      x-ms-client-request-id: [e612359a-e75c-11e6-ae7d-64510658e3b3]
    method: GET
    uri: https://management.azure.com/subscriptions/00000000-0000-0000-0000-000000000000/resourceGroups/cli_test_multi_nic_vm/providers/Microsoft.Compute/virtualMachines/multinicvm1?api-version=2016-04-30-preview
  response:
    body: {string: "{\r\n  \"properties\": {\r\n    \"vmId\": \"8fab9b87-0806-4f61-b69e-f42613a5e699\"\
        ,\r\n    \"hardwareProfile\": {\r\n      \"vmSize\": \"Standard_DS3\"\r\n\
        \    },\r\n    \"storageProfile\": {\r\n      \"imageReference\": {\r\n  \
        \      \"publisher\": \"Canonical\",\r\n        \"offer\": \"UbuntuServer\"\
        ,\r\n        \"sku\": \"14.04.4-LTS\",\r\n        \"version\": \"latest\"\r\
        \n      },\r\n      \"osDisk\": {\r\n        \"osType\": \"Linux\",\r\n  \
        \      \"name\": \"osdisk_5MayHufEce\",\r\n        \"createOption\": \"FromImage\"\
        ,\r\n        \"caching\": \"ReadWrite\",\r\n        \"managedDisk\": {\r\n\
        \          \"storageAccountType\": \"Standard_LRS\",\r\n          \"id\":\
        \ \"/subscriptions/00000000-0000-0000-0000-000000000000/resourceGroups/cli_test_multi_nic_vm/providers/Microsoft.Compute/disks/osdisk_5MayHufEce\"\
        \r\n        }\r\n      },\r\n      \"dataDisks\": []\r\n    },\r\n    \"osProfile\"\
        : {\r\n      \"computerName\": \"multinicvm1\",\r\n      \"adminUsername\"\
        : \"yugangw\",\r\n      \"linuxConfiguration\": {\r\n        \"disablePasswordAuthentication\"\
        : true,\r\n        \"ssh\": {\r\n          \"publicKeys\": [\r\n         \
        \   {\r\n              \"path\": \"/home/yugangw/.ssh/authorized_keys\",\r\
        \n              \"keyData\": \"ssh-rsa AAAAB3NzaC1yc2EAAAADAQABAAACAQCbIg1guRHbI0lV11wWDt1r2cUdcNd27CJsg+SfgC7miZeubtwUhbsPdhMQsfDyhOWHq1+ZL0M+nJZV63d/1dhmhtgyOqejUwrPlzKhydsbrsdUor+JmNJDdW01v7BXHyuymT8G4s09jCasNOwiufbP/qp72ruu0bIA1nySsvlf9pCQAuFkAnVnf/rFhUlOkhtRpwcq8SUNY2zRHR/EKb/4NWY1JzR4sa3q2fWIJdrrX0DvLoa5g9bIEd4Df79ba7v+yiUBOS0zT2ll+z4g9izHK3EO5d8hL4jYxcjKs+wcslSYRWrascfscLgMlMGh0CdKeNTDjHpGPncaf3Z+FwwwjWeuiNBxv7bJo13/8B/098KlVDl4GZqsoBCEjPyJfV6hO0y/LkRGkk7oHWKgeWAfKtfLItRp00eZ4fcJNK9kCaSMmEugoZWcI7NGbZXzqFWqbpRI7NcDP9+WIQ+i9U5vqWsqd/zng4kbuAJ6UuKqIzB0upYrLShfQE3SAck8oaLhJqqq56VfDuASNpJKidV+zq27HfSBmbXnkR/5AK337dc3MXKJypoK/QPMLKUAP5XLPbs+NddJQV7EZXd29DLgp+fRIg3edpKdO7ZErWhv7d+3Kws+e1Y+ypmR2WIVSwVyBEUfgv2C8Ts9gnTF4pNcEY/S2aBicz5Ew2+jdyGNQQ==\
        \ test@example.com\\n\"\r\n            }\r\n          ]\r\n        }\r\n \
        \     },\r\n      \"secrets\": []\r\n    },\r\n    \"networkProfile\": {\"\
        networkInterfaces\":[{\"id\":\"/subscriptions/00000000-0000-0000-0000-000000000000/resourceGroups/cli_test_multi_nic_vm/providers/Microsoft.Network/networkInterfaces/nic1\"\
        ,\"properties\":{\"primary\":true}},{\"id\":\"/subscriptions/00000000-0000-0000-0000-000000000000/resourceGroups/cli_test_multi_nic_vm/providers/Microsoft.Network/networkInterfaces/nic2\"\
        ,\"properties\":{\"primary\":false}},{\"id\":\"/subscriptions/00000000-0000-0000-0000-000000000000/resourceGroups/cli_test_multi_nic_vm/providers/Microsoft.Network/networkInterfaces/nic3\"\
        ,\"properties\":{\"primary\":false}},{\"id\":\"/subscriptions/00000000-0000-0000-0000-000000000000/resourceGroups/cli_test_multi_nic_vm/providers/Microsoft.Network/networkInterfaces/nic4\"\
        ,\"properties\":{\"primary\":false}}]},\r\n    \"provisioningState\": \"Succeeded\"\
        \r\n  },\r\n  \"type\": \"Microsoft.Compute/virtualMachines\",\r\n  \"location\"\
        : \"westus\",\r\n  \"tags\": {},\r\n  \"id\": \"/subscriptions/00000000-0000-0000-0000-000000000000/resourceGroups/cli_test_multi_nic_vm/providers/Microsoft.Compute/virtualMachines/multinicvm1\"\
        ,\r\n  \"name\": \"multinicvm1\"\r\n}"}
    headers:
      Cache-Control: [no-cache]
      Content-Type: [application/json; charset=utf-8]
      Date: ['Tue, 31 Jan 2017 02:28:06 GMT']
      Expires: ['-1']
      Pragma: [no-cache]
      Server: [Microsoft-HTTPAPI/2.0, Microsoft-HTTPAPI/2.0]
      Strict-Transport-Security: [max-age=31536000; includeSubDomains]
      Transfer-Encoding: [chunked]
      Vary: [Accept-Encoding]
      content-length: ['3036']
    status: {code: 200, message: OK}
- request:
    body: null
    headers:
      Accept: [application/json]
      Accept-Encoding: ['gzip, deflate']
      Connection: [keep-alive]
      Content-Length: ['0']
      Content-Type: [application/json; charset=utf-8]
      User-Agent: [python/3.5.0 (Windows-10.0.14393) requests/2.9.1 msrest/0.4.4 msrest_azure/0.4.7
          computemanagementclient/0.33.0 Azure-SDK-For-Python AZURECLI/TEST/0.1.1b2+dev]
      accept-language: [en-US]
      x-ms-client-request-id: [e67fd7b4-e75c-11e6-bac6-64510658e3b3]
    method: POST
    uri: https://management.azure.com/subscriptions/00000000-0000-0000-0000-000000000000/resourceGroups/cli_test_multi_nic_vm/providers/Microsoft.Compute/virtualMachines/multinicvm1/deallocate?api-version=2016-04-30-preview
  response:
    body: {string: ''}
    headers:
      Azure-AsyncOperation: ['https://management.azure.com/subscriptions/0b1f6471-1bf0-4dda-aec3-cb9272f09590/providers/Microsoft.Compute/locations/westus/operations/43d9e0c4-18a6-4fd1-9f4e-932d5fe14a81?api-version=2016-04-30-preview']
      Cache-Control: [no-cache]
      Content-Length: ['0']
      Date: ['Tue, 31 Jan 2017 02:28:07 GMT']
      Expires: ['-1']
      Location: ['https://management.azure.com/subscriptions/0b1f6471-1bf0-4dda-aec3-cb9272f09590/providers/Microsoft.Compute/locations/westus/operations/43d9e0c4-18a6-4fd1-9f4e-932d5fe14a81?monitor=true&api-version=2016-04-30-preview']
      Pragma: [no-cache]
      Server: [Microsoft-HTTPAPI/2.0, Microsoft-HTTPAPI/2.0]
      Strict-Transport-Security: [max-age=31536000; includeSubDomains]
      x-ms-ratelimit-remaining-subscription-writes: ['1195']
    status: {code: 202, message: Accepted}
- request:
    body: null
    headers:
      Accept: [application/json]
      Accept-Encoding: ['gzip, deflate']
      Connection: [keep-alive]
      Content-Type: [application/json; charset=utf-8]
      User-Agent: [python/3.5.0 (Windows-10.0.14393) requests/2.9.1 msrest/0.4.4 msrest_azure/0.4.7
          computemanagementclient/0.33.0 Azure-SDK-For-Python AZURECLI/TEST/0.1.1b2+dev]
      accept-language: [en-US]
      x-ms-client-request-id: [e67fd7b4-e75c-11e6-bac6-64510658e3b3]
    method: GET
    uri: https://management.azure.com/subscriptions/00000000-0000-0000-0000-000000000000/providers/Microsoft.Compute/locations/westus/operations/43d9e0c4-18a6-4fd1-9f4e-932d5fe14a81?api-version=2016-04-30-preview
  response:
    body: {string: "{\r\n  \"startTime\": \"2017-01-31T02:28:07.1061783+00:00\",\r\
        \n  \"status\": \"InProgress\",\r\n  \"name\": \"43d9e0c4-18a6-4fd1-9f4e-932d5fe14a81\"\
        \r\n}"}
    headers:
      Cache-Control: [no-cache]
      Content-Type: [application/json; charset=utf-8]
      Date: ['Tue, 31 Jan 2017 02:28:36 GMT']
      Expires: ['-1']
      Pragma: [no-cache]
      Server: [Microsoft-HTTPAPI/2.0, Microsoft-HTTPAPI/2.0]
      Strict-Transport-Security: [max-age=31536000; includeSubDomains]
      Transfer-Encoding: [chunked]
      Vary: [Accept-Encoding]
      content-length: ['134']
    status: {code: 200, message: OK}
- request:
    body: null
    headers:
      Accept: [application/json]
      Accept-Encoding: ['gzip, deflate']
      Connection: [keep-alive]
      Content-Type: [application/json; charset=utf-8]
      User-Agent: [python/3.5.0 (Windows-10.0.14393) requests/2.9.1 msrest/0.4.4 msrest_azure/0.4.7
          computemanagementclient/0.33.0 Azure-SDK-For-Python AZURECLI/TEST/0.1.1b2+dev]
      accept-language: [en-US]
      x-ms-client-request-id: [e67fd7b4-e75c-11e6-bac6-64510658e3b3]
    method: GET
    uri: https://management.azure.com/subscriptions/00000000-0000-0000-0000-000000000000/providers/Microsoft.Compute/locations/westus/operations/43d9e0c4-18a6-4fd1-9f4e-932d5fe14a81?api-version=2016-04-30-preview
  response:
    body: {string: "{\r\n  \"startTime\": \"2017-01-31T02:28:07.1061783+00:00\",\r\
        \n  \"status\": \"InProgress\",\r\n  \"name\": \"43d9e0c4-18a6-4fd1-9f4e-932d5fe14a81\"\
        \r\n}"}
    headers:
      Cache-Control: [no-cache]
      Content-Type: [application/json; charset=utf-8]
      Date: ['Tue, 31 Jan 2017 02:29:07 GMT']
      Expires: ['-1']
      Pragma: [no-cache]
      Server: [Microsoft-HTTPAPI/2.0, Microsoft-HTTPAPI/2.0]
      Strict-Transport-Security: [max-age=31536000; includeSubDomains]
      Transfer-Encoding: [chunked]
      Vary: [Accept-Encoding]
      content-length: ['134']
    status: {code: 200, message: OK}
- request:
    body: null
    headers:
      Accept: [application/json]
      Accept-Encoding: ['gzip, deflate']
      Connection: [keep-alive]
      Content-Type: [application/json; charset=utf-8]
      User-Agent: [python/3.5.0 (Windows-10.0.14393) requests/2.9.1 msrest/0.4.4 msrest_azure/0.4.7
          computemanagementclient/0.33.0 Azure-SDK-For-Python AZURECLI/TEST/0.1.1b2+dev]
      accept-language: [en-US]
      x-ms-client-request-id: [e67fd7b4-e75c-11e6-bac6-64510658e3b3]
    method: GET
    uri: https://management.azure.com/subscriptions/00000000-0000-0000-0000-000000000000/providers/Microsoft.Compute/locations/westus/operations/43d9e0c4-18a6-4fd1-9f4e-932d5fe14a81?api-version=2016-04-30-preview
  response:
    body: {string: "{\r\n  \"startTime\": \"2017-01-31T02:28:07.1061783+00:00\",\r\
        \n  \"status\": \"InProgress\",\r\n  \"name\": \"43d9e0c4-18a6-4fd1-9f4e-932d5fe14a81\"\
        \r\n}"}
    headers:
      Cache-Control: [no-cache]
      Content-Type: [application/json; charset=utf-8]
      Date: ['Tue, 31 Jan 2017 02:29:38 GMT']
      Expires: ['-1']
      Pragma: [no-cache]
      Server: [Microsoft-HTTPAPI/2.0, Microsoft-HTTPAPI/2.0]
      Strict-Transport-Security: [max-age=31536000; includeSubDomains]
      Transfer-Encoding: [chunked]
      Vary: [Accept-Encoding]
      content-length: ['134']
    status: {code: 200, message: OK}
- request:
    body: null
    headers:
      Accept: [application/json]
      Accept-Encoding: ['gzip, deflate']
      Connection: [keep-alive]
      Content-Type: [application/json; charset=utf-8]
      User-Agent: [python/3.5.0 (Windows-10.0.14393) requests/2.9.1 msrest/0.4.4 msrest_azure/0.4.7
          computemanagementclient/0.33.0 Azure-SDK-For-Python AZURECLI/TEST/0.1.1b2+dev]
      accept-language: [en-US]
      x-ms-client-request-id: [e67fd7b4-e75c-11e6-bac6-64510658e3b3]
    method: GET
    uri: https://management.azure.com/subscriptions/00000000-0000-0000-0000-000000000000/providers/Microsoft.Compute/locations/westus/operations/43d9e0c4-18a6-4fd1-9f4e-932d5fe14a81?api-version=2016-04-30-preview
  response:
    body: {string: "{\r\n  \"startTime\": \"2017-01-31T02:28:07.1061783+00:00\",\r\
        \n  \"status\": \"InProgress\",\r\n  \"name\": \"43d9e0c4-18a6-4fd1-9f4e-932d5fe14a81\"\
        \r\n}"}
    headers:
      Cache-Control: [no-cache]
      Content-Type: [application/json; charset=utf-8]
      Date: ['Tue, 31 Jan 2017 02:30:08 GMT']
      Expires: ['-1']
      Pragma: [no-cache]
      Server: [Microsoft-HTTPAPI/2.0, Microsoft-HTTPAPI/2.0]
      Strict-Transport-Security: [max-age=31536000; includeSubDomains]
      Transfer-Encoding: [chunked]
      Vary: [Accept-Encoding]
      content-length: ['134']
    status: {code: 200, message: OK}
- request:
    body: null
    headers:
      Accept: [application/json]
      Accept-Encoding: ['gzip, deflate']
      Connection: [keep-alive]
      Content-Type: [application/json; charset=utf-8]
      User-Agent: [python/3.5.0 (Windows-10.0.14393) requests/2.9.1 msrest/0.4.4 msrest_azure/0.4.7
          computemanagementclient/0.33.0 Azure-SDK-For-Python AZURECLI/TEST/0.1.1b2+dev]
      accept-language: [en-US]
      x-ms-client-request-id: [e67fd7b4-e75c-11e6-bac6-64510658e3b3]
    method: GET
    uri: https://management.azure.com/subscriptions/00000000-0000-0000-0000-000000000000/providers/Microsoft.Compute/locations/westus/operations/43d9e0c4-18a6-4fd1-9f4e-932d5fe14a81?api-version=2016-04-30-preview
  response:
    body: {string: "{\r\n  \"startTime\": \"2017-01-31T02:28:07.1061783+00:00\",\r\
        \n  \"endTime\": \"2017-01-31T02:30:12.8615274+00:00\",\r\n  \"status\": \"\
        Succeeded\",\r\n  \"name\": \"43d9e0c4-18a6-4fd1-9f4e-932d5fe14a81\"\r\n}"}
    headers:
      Cache-Control: [no-cache]
      Content-Type: [application/json; charset=utf-8]
      Date: ['Tue, 31 Jan 2017 02:30:38 GMT']
      Expires: ['-1']
      Pragma: [no-cache]
      Server: [Microsoft-HTTPAPI/2.0, Microsoft-HTTPAPI/2.0]
      Strict-Transport-Security: [max-age=31536000; includeSubDomains]
      Transfer-Encoding: [chunked]
      Vary: [Accept-Encoding]
      content-length: ['184']
    status: {code: 200, message: OK}
- request:
    body: null
    headers:
      Accept: [application/json]
      Accept-Encoding: ['gzip, deflate']
      Connection: [keep-alive]
      Content-Type: [application/json; charset=utf-8]
      User-Agent: [python/3.5.0 (Windows-10.0.14393) requests/2.9.1 msrest/0.4.4 msrest_azure/0.4.7
          computemanagementclient/0.33.0 Azure-SDK-For-Python AZURECLI/TEST/0.1.1b2+dev]
      accept-language: [en-US]
      x-ms-client-request-id: [41f5cbfe-e75d-11e6-9932-64510658e3b3]
    method: GET
    uri: https://management.azure.com/subscriptions/00000000-0000-0000-0000-000000000000/resourceGroups/cli_test_multi_nic_vm/providers/Microsoft.Compute/virtualMachines/multinicvm1?api-version=2016-04-30-preview
  response:
    body: {string: "{\r\n  \"properties\": {\r\n    \"vmId\": \"8fab9b87-0806-4f61-b69e-f42613a5e699\"\
        ,\r\n    \"hardwareProfile\": {\r\n      \"vmSize\": \"Standard_DS3\"\r\n\
        \    },\r\n    \"storageProfile\": {\r\n      \"imageReference\": {\r\n  \
        \      \"publisher\": \"Canonical\",\r\n        \"offer\": \"UbuntuServer\"\
        ,\r\n        \"sku\": \"14.04.4-LTS\",\r\n        \"version\": \"latest\"\r\
        \n      },\r\n      \"osDisk\": {\r\n        \"osType\": \"Linux\",\r\n  \
        \      \"name\": \"osdisk_5MayHufEce\",\r\n        \"createOption\": \"FromImage\"\
        ,\r\n        \"caching\": \"ReadWrite\",\r\n        \"managedDisk\": {\r\n\
        \          \"storageAccountType\": \"Standard_LRS\",\r\n          \"id\":\
        \ \"/subscriptions/00000000-0000-0000-0000-000000000000/resourceGroups/cli_test_multi_nic_vm/providers/Microsoft.Compute/disks/osdisk_5MayHufEce\"\
        \r\n        }\r\n      },\r\n      \"dataDisks\": []\r\n    },\r\n    \"osProfile\"\
        : {\r\n      \"computerName\": \"multinicvm1\",\r\n      \"adminUsername\"\
        : \"yugangw\",\r\n      \"linuxConfiguration\": {\r\n        \"disablePasswordAuthentication\"\
        : true,\r\n        \"ssh\": {\r\n          \"publicKeys\": [\r\n         \
        \   {\r\n              \"path\": \"/home/yugangw/.ssh/authorized_keys\",\r\
        \n              \"keyData\": \"ssh-rsa AAAAB3NzaC1yc2EAAAADAQABAAACAQCbIg1guRHbI0lV11wWDt1r2cUdcNd27CJsg+SfgC7miZeubtwUhbsPdhMQsfDyhOWHq1+ZL0M+nJZV63d/1dhmhtgyOqejUwrPlzKhydsbrsdUor+JmNJDdW01v7BXHyuymT8G4s09jCasNOwiufbP/qp72ruu0bIA1nySsvlf9pCQAuFkAnVnf/rFhUlOkhtRpwcq8SUNY2zRHR/EKb/4NWY1JzR4sa3q2fWIJdrrX0DvLoa5g9bIEd4Df79ba7v+yiUBOS0zT2ll+z4g9izHK3EO5d8hL4jYxcjKs+wcslSYRWrascfscLgMlMGh0CdKeNTDjHpGPncaf3Z+FwwwjWeuiNBxv7bJo13/8B/098KlVDl4GZqsoBCEjPyJfV6hO0y/LkRGkk7oHWKgeWAfKtfLItRp00eZ4fcJNK9kCaSMmEugoZWcI7NGbZXzqFWqbpRI7NcDP9+WIQ+i9U5vqWsqd/zng4kbuAJ6UuKqIzB0upYrLShfQE3SAck8oaLhJqqq56VfDuASNpJKidV+zq27HfSBmbXnkR/5AK337dc3MXKJypoK/QPMLKUAP5XLPbs+NddJQV7EZXd29DLgp+fRIg3edpKdO7ZErWhv7d+3Kws+e1Y+ypmR2WIVSwVyBEUfgv2C8Ts9gnTF4pNcEY/S2aBicz5Ew2+jdyGNQQ==\
        \ test@example.com\\n\"\r\n            }\r\n          ]\r\n        }\r\n \
        \     },\r\n      \"secrets\": []\r\n    },\r\n    \"networkProfile\": {\"\
        networkInterfaces\":[{\"id\":\"/subscriptions/00000000-0000-0000-0000-000000000000/resourceGroups/cli_test_multi_nic_vm/providers/Microsoft.Network/networkInterfaces/nic1\"\
        ,\"properties\":{\"primary\":true}},{\"id\":\"/subscriptions/00000000-0000-0000-0000-000000000000/resourceGroups/cli_test_multi_nic_vm/providers/Microsoft.Network/networkInterfaces/nic2\"\
        ,\"properties\":{\"primary\":false}},{\"id\":\"/subscriptions/00000000-0000-0000-0000-000000000000/resourceGroups/cli_test_multi_nic_vm/providers/Microsoft.Network/networkInterfaces/nic3\"\
        ,\"properties\":{\"primary\":false}},{\"id\":\"/subscriptions/00000000-0000-0000-0000-000000000000/resourceGroups/cli_test_multi_nic_vm/providers/Microsoft.Network/networkInterfaces/nic4\"\
        ,\"properties\":{\"primary\":false}}]},\r\n    \"provisioningState\": \"Succeeded\"\
        \r\n  },\r\n  \"type\": \"Microsoft.Compute/virtualMachines\",\r\n  \"location\"\
        : \"westus\",\r\n  \"tags\": {},\r\n  \"id\": \"/subscriptions/00000000-0000-0000-0000-000000000000/resourceGroups/cli_test_multi_nic_vm/providers/Microsoft.Compute/virtualMachines/multinicvm1\"\
        ,\r\n  \"name\": \"multinicvm1\"\r\n}"}
    headers:
      Cache-Control: [no-cache]
      Content-Type: [application/json; charset=utf-8]
      Date: ['Tue, 31 Jan 2017 02:30:40 GMT']
      Expires: ['-1']
      Pragma: [no-cache]
      Server: [Microsoft-HTTPAPI/2.0, Microsoft-HTTPAPI/2.0]
      Strict-Transport-Security: [max-age=31536000; includeSubDomains]
      Transfer-Encoding: [chunked]
      Vary: [Accept-Encoding]
      content-length: ['3036']
    status: {code: 200, message: OK}
- request:
    body: null
    headers:
      Accept: [application/json]
      Accept-Encoding: ['gzip, deflate']
      Connection: [keep-alive]
      Content-Type: [application/json; charset=utf-8]
      User-Agent: [python/3.5.0 (Windows-10.0.14393) requests/2.9.1 msrest/0.4.4 msrest_azure/0.4.7
          computemanagementclient/0.33.0 Azure-SDK-For-Python AZURECLI/TEST/0.1.1b2+dev]
      accept-language: [en-US]
      x-ms-client-request-id: [424fbf0a-e75d-11e6-b4d7-64510658e3b3]
    method: GET
    uri: https://management.azure.com/subscriptions/00000000-0000-0000-0000-000000000000/resourceGroups/cli_test_multi_nic_vm/providers/Microsoft.Compute/virtualMachines/multinicvm1?api-version=2016-04-30-preview
  response:
    body: {string: "{\r\n  \"properties\": {\r\n    \"vmId\": \"8fab9b87-0806-4f61-b69e-f42613a5e699\"\
        ,\r\n    \"hardwareProfile\": {\r\n      \"vmSize\": \"Standard_DS3\"\r\n\
        \    },\r\n    \"storageProfile\": {\r\n      \"imageReference\": {\r\n  \
        \      \"publisher\": \"Canonical\",\r\n        \"offer\": \"UbuntuServer\"\
        ,\r\n        \"sku\": \"14.04.4-LTS\",\r\n        \"version\": \"latest\"\r\
        \n      },\r\n      \"osDisk\": {\r\n        \"osType\": \"Linux\",\r\n  \
        \      \"name\": \"osdisk_5MayHufEce\",\r\n        \"createOption\": \"FromImage\"\
        ,\r\n        \"caching\": \"ReadWrite\",\r\n        \"managedDisk\": {\r\n\
        \          \"storageAccountType\": \"Standard_LRS\",\r\n          \"id\":\
        \ \"/subscriptions/00000000-0000-0000-0000-000000000000/resourceGroups/cli_test_multi_nic_vm/providers/Microsoft.Compute/disks/osdisk_5MayHufEce\"\
        \r\n        }\r\n      },\r\n      \"dataDisks\": []\r\n    },\r\n    \"osProfile\"\
        : {\r\n      \"computerName\": \"multinicvm1\",\r\n      \"adminUsername\"\
        : \"yugangw\",\r\n      \"linuxConfiguration\": {\r\n        \"disablePasswordAuthentication\"\
        : true,\r\n        \"ssh\": {\r\n          \"publicKeys\": [\r\n         \
        \   {\r\n              \"path\": \"/home/yugangw/.ssh/authorized_keys\",\r\
        \n              \"keyData\": \"ssh-rsa AAAAB3NzaC1yc2EAAAADAQABAAACAQCbIg1guRHbI0lV11wWDt1r2cUdcNd27CJsg+SfgC7miZeubtwUhbsPdhMQsfDyhOWHq1+ZL0M+nJZV63d/1dhmhtgyOqejUwrPlzKhydsbrsdUor+JmNJDdW01v7BXHyuymT8G4s09jCasNOwiufbP/qp72ruu0bIA1nySsvlf9pCQAuFkAnVnf/rFhUlOkhtRpwcq8SUNY2zRHR/EKb/4NWY1JzR4sa3q2fWIJdrrX0DvLoa5g9bIEd4Df79ba7v+yiUBOS0zT2ll+z4g9izHK3EO5d8hL4jYxcjKs+wcslSYRWrascfscLgMlMGh0CdKeNTDjHpGPncaf3Z+FwwwjWeuiNBxv7bJo13/8B/098KlVDl4GZqsoBCEjPyJfV6hO0y/LkRGkk7oHWKgeWAfKtfLItRp00eZ4fcJNK9kCaSMmEugoZWcI7NGbZXzqFWqbpRI7NcDP9+WIQ+i9U5vqWsqd/zng4kbuAJ6UuKqIzB0upYrLShfQE3SAck8oaLhJqqq56VfDuASNpJKidV+zq27HfSBmbXnkR/5AK337dc3MXKJypoK/QPMLKUAP5XLPbs+NddJQV7EZXd29DLgp+fRIg3edpKdO7ZErWhv7d+3Kws+e1Y+ypmR2WIVSwVyBEUfgv2C8Ts9gnTF4pNcEY/S2aBicz5Ew2+jdyGNQQ==\
        \ test@example.com\\n\"\r\n            }\r\n          ]\r\n        }\r\n \
        \     },\r\n      \"secrets\": []\r\n    },\r\n    \"networkProfile\": {\"\
        networkInterfaces\":[{\"id\":\"/subscriptions/00000000-0000-0000-0000-000000000000/resourceGroups/cli_test_multi_nic_vm/providers/Microsoft.Network/networkInterfaces/nic1\"\
        ,\"properties\":{\"primary\":true}},{\"id\":\"/subscriptions/00000000-0000-0000-0000-000000000000/resourceGroups/cli_test_multi_nic_vm/providers/Microsoft.Network/networkInterfaces/nic2\"\
        ,\"properties\":{\"primary\":false}},{\"id\":\"/subscriptions/00000000-0000-0000-0000-000000000000/resourceGroups/cli_test_multi_nic_vm/providers/Microsoft.Network/networkInterfaces/nic3\"\
        ,\"properties\":{\"primary\":false}},{\"id\":\"/subscriptions/00000000-0000-0000-0000-000000000000/resourceGroups/cli_test_multi_nic_vm/providers/Microsoft.Network/networkInterfaces/nic4\"\
        ,\"properties\":{\"primary\":false}}]},\r\n    \"provisioningState\": \"Succeeded\"\
        \r\n  },\r\n  \"type\": \"Microsoft.Compute/virtualMachines\",\r\n  \"location\"\
        : \"westus\",\r\n  \"tags\": {},\r\n  \"id\": \"/subscriptions/00000000-0000-0000-0000-000000000000/resourceGroups/cli_test_multi_nic_vm/providers/Microsoft.Compute/virtualMachines/multinicvm1\"\
        ,\r\n  \"name\": \"multinicvm1\"\r\n}"}
    headers:
      Cache-Control: [no-cache]
      Content-Type: [application/json; charset=utf-8]
      Date: ['Tue, 31 Jan 2017 02:30:41 GMT']
      Expires: ['-1']
      Pragma: [no-cache]
      Server: [Microsoft-HTTPAPI/2.0, Microsoft-HTTPAPI/2.0]
      Strict-Transport-Security: [max-age=31536000; includeSubDomains]
      Transfer-Encoding: [chunked]
      Vary: [Accept-Encoding]
      content-length: ['3036']
    status: {code: 200, message: OK}
- request:
    body: null
    headers:
      Accept: [application/json]
      Accept-Encoding: ['gzip, deflate']
      Connection: [keep-alive]
      Content-Type: [application/json; charset=utf-8]
      User-Agent: [python/3.5.0 (Windows-10.0.14393) requests/2.9.1 msrest/0.4.4 msrest_azure/0.4.7
          networkmanagementclient/0.30.0 Azure-SDK-For-Python AZURECLI/TEST/0.1.1b2+dev]
      accept-language: [en-US]
      x-ms-client-request-id: [427d232c-e75d-11e6-84ed-64510658e3b3]
    method: GET
    uri: https://management.azure.com/subscriptions/00000000-0000-0000-0000-000000000000/resourceGroups/cli_test_multi_nic_vm/providers/Microsoft.Network/networkInterfaces/nic1?api-version=2017-03-01
  response:
    body: {string: "{\r\n  \"name\": \"nic1\",\r\n  \"id\": \"/subscriptions/00000000-0000-0000-0000-000000000000/resourceGroups/cli_test_multi_nic_vm/providers/Microsoft.Network/networkInterfaces/nic1\"\
        ,\r\n  \"etag\": \"W/\\\"371b0448-8717-4095-b631-bc9459efe99f\\\"\",\r\n \
        \ \"location\": \"westus\",\r\n  \"tags\": {},\r\n  \"properties\": {\r\n\
        \    \"provisioningState\": \"Succeeded\",\r\n    \"resourceGuid\": \"60a636c0-ff12-4321-bf2f-eff89ccec652\"\
        ,\r\n    \"ipConfigurations\": [\r\n      {\r\n        \"name\": \"ipconfig1\"\
        ,\r\n        \"id\": \"/subscriptions/00000000-0000-0000-0000-000000000000/resourceGroups/cli_test_multi_nic_vm/providers/Microsoft.Network/networkInterfaces/nic1/ipConfigurations/ipconfig1\"\
        ,\r\n        \"etag\": \"W/\\\"371b0448-8717-4095-b631-bc9459efe99f\\\"\"\
        ,\r\n        \"properties\": {\r\n          \"provisioningState\": \"Succeeded\"\
        ,\r\n          \"privateIPAddress\": \"10.0.0.4\",\r\n          \"privateIPAllocationMethod\"\
        : \"Dynamic\",\r\n          \"subnet\": {\r\n            \"id\": \"/subscriptions/00000000-0000-0000-0000-000000000000/resourceGroups/cli_test_multi_nic_vm/providers/Microsoft.Network/virtualNetworks/myvnet/subnets/mysubnet\"\
        \r\n          },\r\n          \"primary\": true,\r\n          \"privateIPAddressVersion\"\
        : \"IPv4\"\r\n        }\r\n      }\r\n    ],\r\n    \"dnsSettings\": {\r\n\
        \      \"dnsServers\": [],\r\n      \"appliedDnsServers\": []\r\n    },\r\n\
        \    \"enableAcceleratedNetworking\": false,\r\n    \"enableIPForwarding\"\
        : false,\r\n    \"primary\": true,\r\n    \"virtualMachine\": {\r\n      \"\
        id\": \"/subscriptions/00000000-0000-0000-0000-000000000000/resourceGroups/cli_test_multi_nic_vm/providers/Microsoft.Compute/virtualMachines/multinicvm1\"\
        \r\n    }\r\n  },\r\n  \"type\": \"Microsoft.Network/networkInterfaces\"\r\
        \n}"}
    headers:
      Cache-Control: [no-cache]
      Content-Type: [application/json; charset=utf-8]
      Date: ['Tue, 31 Jan 2017 02:30:40 GMT']
      ETag: [W/"371b0448-8717-4095-b631-bc9459efe99f"]
      Expires: ['-1']
      Pragma: [no-cache]
      Server: [Microsoft-HTTPAPI/2.0, Microsoft-HTTPAPI/2.0]
      Strict-Transport-Security: [max-age=31536000; includeSubDomains]
      Transfer-Encoding: [chunked]
      Vary: [Accept-Encoding]
      content-length: ['1641']
    status: {code: 200, message: OK}
- request:
    body: null
    headers:
      Accept: [application/json]
      Accept-Encoding: ['gzip, deflate']
      Connection: [keep-alive]
      Content-Type: [application/json; charset=utf-8]
      User-Agent: [python/3.5.0 (Windows-10.0.14393) requests/2.9.1 msrest/0.4.4 msrest_azure/0.4.7
          computemanagementclient/0.33.0 Azure-SDK-For-Python AZURECLI/TEST/0.1.1b2+dev]
      accept-language: [en-US]
      x-ms-client-request-id: [42c32d62-e75d-11e6-bf94-64510658e3b3]
    method: GET
    uri: https://management.azure.com/subscriptions/00000000-0000-0000-0000-000000000000/resourceGroups/cli_test_multi_nic_vm/providers/Microsoft.Compute/virtualMachines/multinicvm1?api-version=2016-04-30-preview
  response:
    body: {string: "{\r\n  \"properties\": {\r\n    \"vmId\": \"8fab9b87-0806-4f61-b69e-f42613a5e699\"\
        ,\r\n    \"hardwareProfile\": {\r\n      \"vmSize\": \"Standard_DS3\"\r\n\
        \    },\r\n    \"storageProfile\": {\r\n      \"imageReference\": {\r\n  \
        \      \"publisher\": \"Canonical\",\r\n        \"offer\": \"UbuntuServer\"\
        ,\r\n        \"sku\": \"14.04.4-LTS\",\r\n        \"version\": \"latest\"\r\
        \n      },\r\n      \"osDisk\": {\r\n        \"osType\": \"Linux\",\r\n  \
        \      \"name\": \"osdisk_5MayHufEce\",\r\n        \"createOption\": \"FromImage\"\
        ,\r\n        \"caching\": \"ReadWrite\",\r\n        \"managedDisk\": {\r\n\
        \          \"storageAccountType\": \"Standard_LRS\",\r\n          \"id\":\
        \ \"/subscriptions/00000000-0000-0000-0000-000000000000/resourceGroups/cli_test_multi_nic_vm/providers/Microsoft.Compute/disks/osdisk_5MayHufEce\"\
        \r\n        }\r\n      },\r\n      \"dataDisks\": []\r\n    },\r\n    \"osProfile\"\
        : {\r\n      \"computerName\": \"multinicvm1\",\r\n      \"adminUsername\"\
        : \"yugangw\",\r\n      \"linuxConfiguration\": {\r\n        \"disablePasswordAuthentication\"\
        : true,\r\n        \"ssh\": {\r\n          \"publicKeys\": [\r\n         \
        \   {\r\n              \"path\": \"/home/yugangw/.ssh/authorized_keys\",\r\
        \n              \"keyData\": \"ssh-rsa AAAAB3NzaC1yc2EAAAADAQABAAACAQCbIg1guRHbI0lV11wWDt1r2cUdcNd27CJsg+SfgC7miZeubtwUhbsPdhMQsfDyhOWHq1+ZL0M+nJZV63d/1dhmhtgyOqejUwrPlzKhydsbrsdUor+JmNJDdW01v7BXHyuymT8G4s09jCasNOwiufbP/qp72ruu0bIA1nySsvlf9pCQAuFkAnVnf/rFhUlOkhtRpwcq8SUNY2zRHR/EKb/4NWY1JzR4sa3q2fWIJdrrX0DvLoa5g9bIEd4Df79ba7v+yiUBOS0zT2ll+z4g9izHK3EO5d8hL4jYxcjKs+wcslSYRWrascfscLgMlMGh0CdKeNTDjHpGPncaf3Z+FwwwjWeuiNBxv7bJo13/8B/098KlVDl4GZqsoBCEjPyJfV6hO0y/LkRGkk7oHWKgeWAfKtfLItRp00eZ4fcJNK9kCaSMmEugoZWcI7NGbZXzqFWqbpRI7NcDP9+WIQ+i9U5vqWsqd/zng4kbuAJ6UuKqIzB0upYrLShfQE3SAck8oaLhJqqq56VfDuASNpJKidV+zq27HfSBmbXnkR/5AK337dc3MXKJypoK/QPMLKUAP5XLPbs+NddJQV7EZXd29DLgp+fRIg3edpKdO7ZErWhv7d+3Kws+e1Y+ypmR2WIVSwVyBEUfgv2C8Ts9gnTF4pNcEY/S2aBicz5Ew2+jdyGNQQ==\
        \ test@example.com\\n\"\r\n            }\r\n          ]\r\n        }\r\n \
        \     },\r\n      \"secrets\": []\r\n    },\r\n    \"networkProfile\": {\"\
        networkInterfaces\":[{\"id\":\"/subscriptions/00000000-0000-0000-0000-000000000000/resourceGroups/cli_test_multi_nic_vm/providers/Microsoft.Network/networkInterfaces/nic1\"\
        ,\"properties\":{\"primary\":true}},{\"id\":\"/subscriptions/00000000-0000-0000-0000-000000000000/resourceGroups/cli_test_multi_nic_vm/providers/Microsoft.Network/networkInterfaces/nic2\"\
        ,\"properties\":{\"primary\":false}},{\"id\":\"/subscriptions/00000000-0000-0000-0000-000000000000/resourceGroups/cli_test_multi_nic_vm/providers/Microsoft.Network/networkInterfaces/nic3\"\
        ,\"properties\":{\"primary\":false}},{\"id\":\"/subscriptions/00000000-0000-0000-0000-000000000000/resourceGroups/cli_test_multi_nic_vm/providers/Microsoft.Network/networkInterfaces/nic4\"\
        ,\"properties\":{\"primary\":false}}]},\r\n    \"provisioningState\": \"Succeeded\"\
        \r\n  },\r\n  \"type\": \"Microsoft.Compute/virtualMachines\",\r\n  \"location\"\
        : \"westus\",\r\n  \"tags\": {},\r\n  \"id\": \"/subscriptions/00000000-0000-0000-0000-000000000000/resourceGroups/cli_test_multi_nic_vm/providers/Microsoft.Compute/virtualMachines/multinicvm1\"\
        ,\r\n  \"name\": \"multinicvm1\"\r\n}"}
    headers:
      Cache-Control: [no-cache]
      Content-Type: [application/json; charset=utf-8]
      Date: ['Tue, 31 Jan 2017 02:30:41 GMT']
      Expires: ['-1']
      Pragma: [no-cache]
      Server: [Microsoft-HTTPAPI/2.0, Microsoft-HTTPAPI/2.0]
      Strict-Transport-Security: [max-age=31536000; includeSubDomains]
      Transfer-Encoding: [chunked]
      Vary: [Accept-Encoding]
      content-length: ['3036']
    status: {code: 200, message: OK}
- request:
    body: null
    headers:
      Accept: [application/json]
      Accept-Encoding: ['gzip, deflate']
      Connection: [keep-alive]
      Content-Type: [application/json; charset=utf-8]
      User-Agent: [python/3.5.0 (Windows-10.0.14393) requests/2.9.1 msrest/0.4.4 msrest_azure/0.4.7
          networkmanagementclient/0.30.0 Azure-SDK-For-Python AZURECLI/TEST/0.1.1b2+dev]
      accept-language: [en-US]
      x-ms-client-request-id: [42e4980a-e75d-11e6-ba6e-64510658e3b3]
    method: GET
    uri: https://management.azure.com/subscriptions/00000000-0000-0000-0000-000000000000/resourceGroups/cli_test_multi_nic_vm/providers/Microsoft.Network/networkInterfaces/nic4?api-version=2017-03-01
  response:
    body: {string: "{\r\n  \"name\": \"nic4\",\r\n  \"id\": \"/subscriptions/00000000-0000-0000-0000-000000000000/resourceGroups/cli_test_multi_nic_vm/providers/Microsoft.Network/networkInterfaces/nic4\"\
        ,\r\n  \"etag\": \"W/\\\"e0e06dda-c895-4053-9fc8-ab501a68b306\\\"\",\r\n \
        \ \"location\": \"westus\",\r\n  \"tags\": {},\r\n  \"properties\": {\r\n\
        \    \"provisioningState\": \"Succeeded\",\r\n    \"resourceGuid\": \"c3c75ea8-520d-4e1e-9e0a-e6abbcd8444c\"\
        ,\r\n    \"ipConfigurations\": [\r\n      {\r\n        \"name\": \"ipconfig1\"\
        ,\r\n        \"id\": \"/subscriptions/00000000-0000-0000-0000-000000000000/resourceGroups/cli_test_multi_nic_vm/providers/Microsoft.Network/networkInterfaces/nic4/ipConfigurations/ipconfig1\"\
        ,\r\n        \"etag\": \"W/\\\"e0e06dda-c895-4053-9fc8-ab501a68b306\\\"\"\
        ,\r\n        \"properties\": {\r\n          \"provisioningState\": \"Succeeded\"\
        ,\r\n          \"privateIPAddress\": \"10.0.0.7\",\r\n          \"privateIPAllocationMethod\"\
        : \"Dynamic\",\r\n          \"subnet\": {\r\n            \"id\": \"/subscriptions/00000000-0000-0000-0000-000000000000/resourceGroups/cli_test_multi_nic_vm/providers/Microsoft.Network/virtualNetworks/myvnet/subnets/mysubnet\"\
        \r\n          },\r\n          \"primary\": true,\r\n          \"privateIPAddressVersion\"\
        : \"IPv4\"\r\n        }\r\n      }\r\n    ],\r\n    \"dnsSettings\": {\r\n\
        \      \"dnsServers\": [],\r\n      \"appliedDnsServers\": []\r\n    },\r\n\
        \    \"enableAcceleratedNetworking\": false,\r\n    \"enableIPForwarding\"\
        : false,\r\n    \"primary\": false,\r\n    \"virtualMachine\": {\r\n     \
        \ \"id\": \"/subscriptions/00000000-0000-0000-0000-000000000000/resourceGroups/cli_test_multi_nic_vm/providers/Microsoft.Compute/virtualMachines/multinicvm1\"\
        \r\n    }\r\n  },\r\n  \"type\": \"Microsoft.Network/networkInterfaces\"\r\
        \n}"}
    headers:
      Cache-Control: [no-cache]
      Content-Type: [application/json; charset=utf-8]
      Date: ['Tue, 31 Jan 2017 02:30:41 GMT']
      ETag: [W/"e0e06dda-c895-4053-9fc8-ab501a68b306"]
      Expires: ['-1']
      Pragma: [no-cache]
      Server: [Microsoft-HTTPAPI/2.0, Microsoft-HTTPAPI/2.0]
      Strict-Transport-Security: [max-age=31536000; includeSubDomains]
      Transfer-Encoding: [chunked]
      Vary: [Accept-Encoding]
      content-length: ['1642']
    status: {code: 200, message: OK}
- request:
    body: '{"location": "westus", "properties": {"osProfile": {"linuxConfiguration":
      {"disablePasswordAuthentication": true, "ssh": {"publicKeys": [{"keyData": "ssh-rsa
      AAAAB3NzaC1yc2EAAAADAQABAAACAQCbIg1guRHbI0lV11wWDt1r2cUdcNd27CJsg+SfgC7miZeubtwUhbsPdhMQsfDyhOWHq1+ZL0M+nJZV63d/1dhmhtgyOqejUwrPlzKhydsbrsdUor+JmNJDdW01v7BXHyuymT8G4s09jCasNOwiufbP/qp72ruu0bIA1nySsvlf9pCQAuFkAnVnf/rFhUlOkhtRpwcq8SUNY2zRHR/EKb/4NWY1JzR4sa3q2fWIJdrrX0DvLoa5g9bIEd4Df79ba7v+yiUBOS0zT2ll+z4g9izHK3EO5d8hL4jYxcjKs+wcslSYRWrascfscLgMlMGh0CdKeNTDjHpGPncaf3Z+FwwwjWeuiNBxv7bJo13/8B/098KlVDl4GZqsoBCEjPyJfV6hO0y/LkRGkk7oHWKgeWAfKtfLItRp00eZ4fcJNK9kCaSMmEugoZWcI7NGbZXzqFWqbpRI7NcDP9+WIQ+i9U5vqWsqd/zng4kbuAJ6UuKqIzB0upYrLShfQE3SAck8oaLhJqqq56VfDuASNpJKidV+zq27HfSBmbXnkR/5AK337dc3MXKJypoK/QPMLKUAP5XLPbs+NddJQV7EZXd29DLgp+fRIg3edpKdO7ZErWhv7d+3Kws+e1Y+ypmR2WIVSwVyBEUfgv2C8Ts9gnTF4pNcEY/S2aBicz5Ew2+jdyGNQQ==
      test@example.com\n", "path": "/home/yugangw/.ssh/authorized_keys"}]}}, "computerName":
      "multinicvm1", "adminUsername": "yugangw", "secrets": []}, "storageProfile":
      {"dataDisks": [], "imageReference": {"version": "latest", "sku": "14.04.4-LTS",
      "offer": "UbuntuServer", "publisher": "Canonical"}, "osDisk": {"name": "osdisk_5MayHufEce",
      "createOption": "fromImage", "managedDisk": {"id": "/subscriptions/0b1f6471-1bf0-4dda-aec3-cb9272f09590/resourceGroups/cli_test_multi_nic_vm/providers/Microsoft.Compute/disks/osdisk_5MayHufEce",
      "storageAccountType": "Standard_LRS"}, "osType": "Linux", "caching": "ReadWrite"}},
      "hardwareProfile": {"vmSize": "Standard_DS3"}, "networkProfile": {"networkInterfaces":
      [{"id": "/subscriptions/0b1f6471-1bf0-4dda-aec3-cb9272f09590/resourceGroups/cli_test_multi_nic_vm/providers/Microsoft.Network/networkInterfaces/nic1",
      "properties": {"primary": true}}, {"id": "/subscriptions/0b1f6471-1bf0-4dda-aec3-cb9272f09590/resourceGroups/cli_test_multi_nic_vm/providers/Microsoft.Network/networkInterfaces/nic2",
      "properties": {"primary": false}}, {"id": "/subscriptions/0b1f6471-1bf0-4dda-aec3-cb9272f09590/resourceGroups/cli_test_multi_nic_vm/providers/Microsoft.Network/networkInterfaces/nic3",
      "properties": {"primary": false}}]}}, "tags": {}}'
    headers:
      Accept: [application/json]
      Accept-Encoding: ['gzip, deflate']
      Connection: [keep-alive]
      Content-Length: ['2170']
      Content-Type: [application/json; charset=utf-8]
      User-Agent: [python/3.5.0 (Windows-10.0.14393) requests/2.9.1 msrest/0.4.4 msrest_azure/0.4.7
          computemanagementclient/0.33.0 Azure-SDK-For-Python AZURECLI/TEST/0.1.1b2+dev]
      accept-language: [en-US]
      x-ms-client-request-id: [42fb7b50-e75d-11e6-a7e5-64510658e3b3]
    method: PUT
    uri: https://management.azure.com/subscriptions/00000000-0000-0000-0000-000000000000/resourceGroups/cli_test_multi_nic_vm/providers/Microsoft.Compute/virtualMachines/multinicvm1?api-version=2016-04-30-preview
  response:
    body: {string: "{\r\n  \"properties\": {\r\n    \"vmId\": \"8fab9b87-0806-4f61-b69e-f42613a5e699\"\
        ,\r\n    \"hardwareProfile\": {\r\n      \"vmSize\": \"Standard_DS3\"\r\n\
        \    },\r\n    \"storageProfile\": {\r\n      \"imageReference\": {\r\n  \
        \      \"publisher\": \"Canonical\",\r\n        \"offer\": \"UbuntuServer\"\
        ,\r\n        \"sku\": \"14.04.4-LTS\",\r\n        \"version\": \"latest\"\r\
        \n      },\r\n      \"osDisk\": {\r\n        \"osType\": \"Linux\",\r\n  \
        \      \"name\": \"osdisk_5MayHufEce\",\r\n        \"createOption\": \"FromImage\"\
        ,\r\n        \"caching\": \"ReadWrite\",\r\n        \"managedDisk\": {\r\n\
        \          \"storageAccountType\": \"Standard_LRS\",\r\n          \"id\":\
        \ \"/subscriptions/00000000-0000-0000-0000-000000000000/resourceGroups/cli_test_multi_nic_vm/providers/Microsoft.Compute/disks/osdisk_5MayHufEce\"\
        \r\n        }\r\n      },\r\n      \"dataDisks\": []\r\n    },\r\n    \"osProfile\"\
        : {\r\n      \"computerName\": \"multinicvm1\",\r\n      \"adminUsername\"\
        : \"yugangw\",\r\n      \"linuxConfiguration\": {\r\n        \"disablePasswordAuthentication\"\
        : true,\r\n        \"ssh\": {\r\n          \"publicKeys\": [\r\n         \
        \   {\r\n              \"path\": \"/home/yugangw/.ssh/authorized_keys\",\r\
        \n              \"keyData\": \"ssh-rsa AAAAB3NzaC1yc2EAAAADAQABAAACAQCbIg1guRHbI0lV11wWDt1r2cUdcNd27CJsg+SfgC7miZeubtwUhbsPdhMQsfDyhOWHq1+ZL0M+nJZV63d/1dhmhtgyOqejUwrPlzKhydsbrsdUor+JmNJDdW01v7BXHyuymT8G4s09jCasNOwiufbP/qp72ruu0bIA1nySsvlf9pCQAuFkAnVnf/rFhUlOkhtRpwcq8SUNY2zRHR/EKb/4NWY1JzR4sa3q2fWIJdrrX0DvLoa5g9bIEd4Df79ba7v+yiUBOS0zT2ll+z4g9izHK3EO5d8hL4jYxcjKs+wcslSYRWrascfscLgMlMGh0CdKeNTDjHpGPncaf3Z+FwwwjWeuiNBxv7bJo13/8B/098KlVDl4GZqsoBCEjPyJfV6hO0y/LkRGkk7oHWKgeWAfKtfLItRp00eZ4fcJNK9kCaSMmEugoZWcI7NGbZXzqFWqbpRI7NcDP9+WIQ+i9U5vqWsqd/zng4kbuAJ6UuKqIzB0upYrLShfQE3SAck8oaLhJqqq56VfDuASNpJKidV+zq27HfSBmbXnkR/5AK337dc3MXKJypoK/QPMLKUAP5XLPbs+NddJQV7EZXd29DLgp+fRIg3edpKdO7ZErWhv7d+3Kws+e1Y+ypmR2WIVSwVyBEUfgv2C8Ts9gnTF4pNcEY/S2aBicz5Ew2+jdyGNQQ==\
        \ test@example.com\\n\"\r\n            }\r\n          ]\r\n        }\r\n \
        \     },\r\n      \"secrets\": []\r\n    },\r\n    \"networkProfile\": {\"\
        networkInterfaces\":[{\"id\":\"/subscriptions/00000000-0000-0000-0000-000000000000/resourceGroups/cli_test_multi_nic_vm/providers/Microsoft.Network/networkInterfaces/nic1\"\
        ,\"properties\":{\"primary\":true}},{\"id\":\"/subscriptions/00000000-0000-0000-0000-000000000000/resourceGroups/cli_test_multi_nic_vm/providers/Microsoft.Network/networkInterfaces/nic2\"\
        ,\"properties\":{\"primary\":false}},{\"id\":\"/subscriptions/00000000-0000-0000-0000-000000000000/resourceGroups/cli_test_multi_nic_vm/providers/Microsoft.Network/networkInterfaces/nic3\"\
        ,\"properties\":{\"primary\":false}}]},\r\n    \"provisioningState\": \"Updating\"\
        \r\n  },\r\n  \"type\": \"Microsoft.Compute/virtualMachines\",\r\n  \"location\"\
        : \"westus\",\r\n  \"tags\": {},\r\n  \"id\": \"/subscriptions/00000000-0000-0000-0000-000000000000/resourceGroups/cli_test_multi_nic_vm/providers/Microsoft.Compute/virtualMachines/multinicvm1\"\
        ,\r\n  \"name\": \"multinicvm1\"\r\n}"}
    headers:
      Azure-AsyncOperation: ['https://management.azure.com/subscriptions/0b1f6471-1bf0-4dda-aec3-cb9272f09590/providers/Microsoft.Compute/locations/westus/operations/a9292c0f-c324-4a06-8003-8dd480086e78?api-version=2016-04-30-preview']
      Cache-Control: [no-cache]
      Content-Type: [application/json; charset=utf-8]
      Date: ['Tue, 31 Jan 2017 02:30:42 GMT']
      Expires: ['-1']
      Pragma: [no-cache]
      Server: [Microsoft-HTTPAPI/2.0, Microsoft-HTTPAPI/2.0]
      Strict-Transport-Security: [max-age=31536000; includeSubDomains]
      Transfer-Encoding: [chunked]
      Vary: [Accept-Encoding]
      content-length: ['2849']
      x-ms-ratelimit-remaining-subscription-writes: ['1197']
    status: {code: 200, message: OK}
- request:
    body: null
    headers:
      Accept: [application/json]
      Accept-Encoding: ['gzip, deflate']
      Connection: [keep-alive]
      Content-Type: [application/json; charset=utf-8]
      User-Agent: [python/3.5.0 (Windows-10.0.14393) requests/2.9.1 msrest/0.4.4 msrest_azure/0.4.7
          computemanagementclient/0.33.0 Azure-SDK-For-Python AZURECLI/TEST/0.1.1b2+dev]
      accept-language: [en-US]
      x-ms-client-request-id: [42fb7b50-e75d-11e6-a7e5-64510658e3b3]
    method: GET
    uri: https://management.azure.com/subscriptions/00000000-0000-0000-0000-000000000000/providers/Microsoft.Compute/locations/westus/operations/a9292c0f-c324-4a06-8003-8dd480086e78?api-version=2016-04-30-preview
  response:
    body: {string: "{\r\n  \"startTime\": \"2017-01-31T02:30:42.3314108+00:00\",\r\
        \n  \"endTime\": \"2017-01-31T02:30:49.8004809+00:00\",\r\n  \"status\": \"\
        Succeeded\",\r\n  \"name\": \"a9292c0f-c324-4a06-8003-8dd480086e78\"\r\n}"}
    headers:
      Cache-Control: [no-cache]
      Content-Type: [application/json; charset=utf-8]
      Date: ['Tue, 31 Jan 2017 02:31:12 GMT']
      Expires: ['-1']
      Pragma: [no-cache]
      Server: [Microsoft-HTTPAPI/2.0, Microsoft-HTTPAPI/2.0]
      Strict-Transport-Security: [max-age=31536000; includeSubDomains]
      Transfer-Encoding: [chunked]
      Vary: [Accept-Encoding]
      content-length: ['184']
    status: {code: 200, message: OK}
- request:
    body: null
    headers:
      Accept: [application/json]
      Accept-Encoding: ['gzip, deflate']
      Connection: [keep-alive]
      Content-Type: [application/json; charset=utf-8]
      User-Agent: [python/3.5.0 (Windows-10.0.14393) requests/2.9.1 msrest/0.4.4 msrest_azure/0.4.7
          computemanagementclient/0.33.0 Azure-SDK-For-Python AZURECLI/TEST/0.1.1b2+dev]
      accept-language: [en-US]
      x-ms-client-request-id: [42fb7b50-e75d-11e6-a7e5-64510658e3b3]
    method: GET
    uri: https://management.azure.com/subscriptions/00000000-0000-0000-0000-000000000000/resourceGroups/cli_test_multi_nic_vm/providers/Microsoft.Compute/virtualMachines/multinicvm1?api-version=2016-04-30-preview
  response:
    body: {string: "{\r\n  \"properties\": {\r\n    \"vmId\": \"8fab9b87-0806-4f61-b69e-f42613a5e699\"\
        ,\r\n    \"hardwareProfile\": {\r\n      \"vmSize\": \"Standard_DS3\"\r\n\
        \    },\r\n    \"storageProfile\": {\r\n      \"imageReference\": {\r\n  \
        \      \"publisher\": \"Canonical\",\r\n        \"offer\": \"UbuntuServer\"\
        ,\r\n        \"sku\": \"14.04.4-LTS\",\r\n        \"version\": \"latest\"\r\
        \n      },\r\n      \"osDisk\": {\r\n        \"osType\": \"Linux\",\r\n  \
        \      \"name\": \"osdisk_5MayHufEce\",\r\n        \"createOption\": \"FromImage\"\
        ,\r\n        \"caching\": \"ReadWrite\",\r\n        \"managedDisk\": {\r\n\
        \          \"storageAccountType\": \"Standard_LRS\",\r\n          \"id\":\
        \ \"/subscriptions/00000000-0000-0000-0000-000000000000/resourceGroups/cli_test_multi_nic_vm/providers/Microsoft.Compute/disks/osdisk_5MayHufEce\"\
        \r\n        }\r\n      },\r\n      \"dataDisks\": []\r\n    },\r\n    \"osProfile\"\
        : {\r\n      \"computerName\": \"multinicvm1\",\r\n      \"adminUsername\"\
        : \"yugangw\",\r\n      \"linuxConfiguration\": {\r\n        \"disablePasswordAuthentication\"\
        : true,\r\n        \"ssh\": {\r\n          \"publicKeys\": [\r\n         \
        \   {\r\n              \"path\": \"/home/yugangw/.ssh/authorized_keys\",\r\
        \n              \"keyData\": \"ssh-rsa AAAAB3NzaC1yc2EAAAADAQABAAACAQCbIg1guRHbI0lV11wWDt1r2cUdcNd27CJsg+SfgC7miZeubtwUhbsPdhMQsfDyhOWHq1+ZL0M+nJZV63d/1dhmhtgyOqejUwrPlzKhydsbrsdUor+JmNJDdW01v7BXHyuymT8G4s09jCasNOwiufbP/qp72ruu0bIA1nySsvlf9pCQAuFkAnVnf/rFhUlOkhtRpwcq8SUNY2zRHR/EKb/4NWY1JzR4sa3q2fWIJdrrX0DvLoa5g9bIEd4Df79ba7v+yiUBOS0zT2ll+z4g9izHK3EO5d8hL4jYxcjKs+wcslSYRWrascfscLgMlMGh0CdKeNTDjHpGPncaf3Z+FwwwjWeuiNBxv7bJo13/8B/098KlVDl4GZqsoBCEjPyJfV6hO0y/LkRGkk7oHWKgeWAfKtfLItRp00eZ4fcJNK9kCaSMmEugoZWcI7NGbZXzqFWqbpRI7NcDP9+WIQ+i9U5vqWsqd/zng4kbuAJ6UuKqIzB0upYrLShfQE3SAck8oaLhJqqq56VfDuASNpJKidV+zq27HfSBmbXnkR/5AK337dc3MXKJypoK/QPMLKUAP5XLPbs+NddJQV7EZXd29DLgp+fRIg3edpKdO7ZErWhv7d+3Kws+e1Y+ypmR2WIVSwVyBEUfgv2C8Ts9gnTF4pNcEY/S2aBicz5Ew2+jdyGNQQ==\
        \ test@example.com\\n\"\r\n            }\r\n          ]\r\n        }\r\n \
        \     },\r\n      \"secrets\": []\r\n    },\r\n    \"networkProfile\": {\"\
        networkInterfaces\":[{\"id\":\"/subscriptions/00000000-0000-0000-0000-000000000000/resourceGroups/cli_test_multi_nic_vm/providers/Microsoft.Network/networkInterfaces/nic1\"\
        ,\"properties\":{\"primary\":true}},{\"id\":\"/subscriptions/00000000-0000-0000-0000-000000000000/resourceGroups/cli_test_multi_nic_vm/providers/Microsoft.Network/networkInterfaces/nic2\"\
        ,\"properties\":{\"primary\":false}},{\"id\":\"/subscriptions/00000000-0000-0000-0000-000000000000/resourceGroups/cli_test_multi_nic_vm/providers/Microsoft.Network/networkInterfaces/nic3\"\
        ,\"properties\":{\"primary\":false}}]},\r\n    \"provisioningState\": \"Succeeded\"\
        \r\n  },\r\n  \"type\": \"Microsoft.Compute/virtualMachines\",\r\n  \"location\"\
        : \"westus\",\r\n  \"tags\": {},\r\n  \"id\": \"/subscriptions/00000000-0000-0000-0000-000000000000/resourceGroups/cli_test_multi_nic_vm/providers/Microsoft.Compute/virtualMachines/multinicvm1\"\
        ,\r\n  \"name\": \"multinicvm1\"\r\n}"}
    headers:
      Cache-Control: [no-cache]
      Content-Type: [application/json; charset=utf-8]
      Date: ['Tue, 31 Jan 2017 02:31:12 GMT']
      Expires: ['-1']
      Pragma: [no-cache]
      Server: [Microsoft-HTTPAPI/2.0, Microsoft-HTTPAPI/2.0]
      Strict-Transport-Security: [max-age=31536000; includeSubDomains]
      Transfer-Encoding: [chunked]
      Vary: [Accept-Encoding]
      content-length: ['2850']
    status: {code: 200, message: OK}
- request:
    body: null
    headers:
      Accept: [application/json]
      Accept-Encoding: ['gzip, deflate']
      Connection: [keep-alive]
      Content-Type: [application/json; charset=utf-8]
      User-Agent: [python/3.5.0 (Windows-10.0.14393) requests/2.9.1 msrest/0.4.4 msrest_azure/0.4.7
          computemanagementclient/0.33.0 Azure-SDK-For-Python AZURECLI/TEST/0.1.1b2+dev]
      accept-language: [en-US]
      x-ms-client-request-id: [56496bb8-e75d-11e6-8461-64510658e3b3]
    method: GET
    uri: https://management.azure.com/subscriptions/00000000-0000-0000-0000-000000000000/resourceGroups/cli_test_multi_nic_vm/providers/Microsoft.Compute/virtualMachines/multinicvm1?api-version=2016-04-30-preview
  response:
    body: {string: "{\r\n  \"properties\": {\r\n    \"vmId\": \"8fab9b87-0806-4f61-b69e-f42613a5e699\"\
        ,\r\n    \"hardwareProfile\": {\r\n      \"vmSize\": \"Standard_DS3\"\r\n\
        \    },\r\n    \"storageProfile\": {\r\n      \"imageReference\": {\r\n  \
        \      \"publisher\": \"Canonical\",\r\n        \"offer\": \"UbuntuServer\"\
        ,\r\n        \"sku\": \"14.04.4-LTS\",\r\n        \"version\": \"latest\"\r\
        \n      },\r\n      \"osDisk\": {\r\n        \"osType\": \"Linux\",\r\n  \
        \      \"name\": \"osdisk_5MayHufEce\",\r\n        \"createOption\": \"FromImage\"\
        ,\r\n        \"caching\": \"ReadWrite\",\r\n        \"managedDisk\": {\r\n\
        \          \"storageAccountType\": \"Standard_LRS\",\r\n          \"id\":\
        \ \"/subscriptions/00000000-0000-0000-0000-000000000000/resourceGroups/cli_test_multi_nic_vm/providers/Microsoft.Compute/disks/osdisk_5MayHufEce\"\
        \r\n        }\r\n      },\r\n      \"dataDisks\": []\r\n    },\r\n    \"osProfile\"\
        : {\r\n      \"computerName\": \"multinicvm1\",\r\n      \"adminUsername\"\
        : \"yugangw\",\r\n      \"linuxConfiguration\": {\r\n        \"disablePasswordAuthentication\"\
        : true,\r\n        \"ssh\": {\r\n          \"publicKeys\": [\r\n         \
        \   {\r\n              \"path\": \"/home/yugangw/.ssh/authorized_keys\",\r\
        \n              \"keyData\": \"ssh-rsa AAAAB3NzaC1yc2EAAAADAQABAAACAQCbIg1guRHbI0lV11wWDt1r2cUdcNd27CJsg+SfgC7miZeubtwUhbsPdhMQsfDyhOWHq1+ZL0M+nJZV63d/1dhmhtgyOqejUwrPlzKhydsbrsdUor+JmNJDdW01v7BXHyuymT8G4s09jCasNOwiufbP/qp72ruu0bIA1nySsvlf9pCQAuFkAnVnf/rFhUlOkhtRpwcq8SUNY2zRHR/EKb/4NWY1JzR4sa3q2fWIJdrrX0DvLoa5g9bIEd4Df79ba7v+yiUBOS0zT2ll+z4g9izHK3EO5d8hL4jYxcjKs+wcslSYRWrascfscLgMlMGh0CdKeNTDjHpGPncaf3Z+FwwwjWeuiNBxv7bJo13/8B/098KlVDl4GZqsoBCEjPyJfV6hO0y/LkRGkk7oHWKgeWAfKtfLItRp00eZ4fcJNK9kCaSMmEugoZWcI7NGbZXzqFWqbpRI7NcDP9+WIQ+i9U5vqWsqd/zng4kbuAJ6UuKqIzB0upYrLShfQE3SAck8oaLhJqqq56VfDuASNpJKidV+zq27HfSBmbXnkR/5AK337dc3MXKJypoK/QPMLKUAP5XLPbs+NddJQV7EZXd29DLgp+fRIg3edpKdO7ZErWhv7d+3Kws+e1Y+ypmR2WIVSwVyBEUfgv2C8Ts9gnTF4pNcEY/S2aBicz5Ew2+jdyGNQQ==\
        \ test@example.com\\n\"\r\n            }\r\n          ]\r\n        }\r\n \
        \     },\r\n      \"secrets\": []\r\n    },\r\n    \"networkProfile\": {\"\
        networkInterfaces\":[{\"id\":\"/subscriptions/00000000-0000-0000-0000-000000000000/resourceGroups/cli_test_multi_nic_vm/providers/Microsoft.Network/networkInterfaces/nic1\"\
        ,\"properties\":{\"primary\":true}},{\"id\":\"/subscriptions/00000000-0000-0000-0000-000000000000/resourceGroups/cli_test_multi_nic_vm/providers/Microsoft.Network/networkInterfaces/nic2\"\
        ,\"properties\":{\"primary\":false}},{\"id\":\"/subscriptions/00000000-0000-0000-0000-000000000000/resourceGroups/cli_test_multi_nic_vm/providers/Microsoft.Network/networkInterfaces/nic3\"\
        ,\"properties\":{\"primary\":false}}]},\r\n    \"provisioningState\": \"Succeeded\"\
        \r\n  },\r\n  \"type\": \"Microsoft.Compute/virtualMachines\",\r\n  \"location\"\
        : \"westus\",\r\n  \"tags\": {},\r\n  \"id\": \"/subscriptions/00000000-0000-0000-0000-000000000000/resourceGroups/cli_test_multi_nic_vm/providers/Microsoft.Compute/virtualMachines/multinicvm1\"\
        ,\r\n  \"name\": \"multinicvm1\"\r\n}"}
    headers:
      Cache-Control: [no-cache]
      Content-Type: [application/json; charset=utf-8]
      Date: ['Tue, 31 Jan 2017 02:31:14 GMT']
      Expires: ['-1']
      Pragma: [no-cache]
      Server: [Microsoft-HTTPAPI/2.0, Microsoft-HTTPAPI/2.0]
      Strict-Transport-Security: [max-age=31536000; includeSubDomains]
      Transfer-Encoding: [chunked]
      Vary: [Accept-Encoding]
      content-length: ['2850']
    status: {code: 200, message: OK}
- request:
    body: null
    headers:
      Accept: [application/json]
      Accept-Encoding: ['gzip, deflate']
      Connection: [keep-alive]
      Content-Type: [application/json; charset=utf-8]
      User-Agent: [python/3.5.0 (Windows-10.0.14393) requests/2.9.1 msrest/0.4.4 msrest_azure/0.4.7
          networkmanagementclient/0.30.0 Azure-SDK-For-Python AZURECLI/TEST/0.1.1b2+dev]
      accept-language: [en-US]
      x-ms-client-request-id: [565b598a-e75d-11e6-b639-64510658e3b3]
    method: GET
    uri: https://management.azure.com/subscriptions/00000000-0000-0000-0000-000000000000/resourceGroups/cli_test_multi_nic_vm/providers/Microsoft.Network/networkInterfaces/nic4?api-version=2017-03-01
  response:
    body: {string: "{\r\n  \"name\": \"nic4\",\r\n  \"id\": \"/subscriptions/00000000-0000-0000-0000-000000000000/resourceGroups/cli_test_multi_nic_vm/providers/Microsoft.Network/networkInterfaces/nic4\"\
        ,\r\n  \"etag\": \"W/\\\"37c34065-b0e4-4f6e-8d8d-0df2bed39315\\\"\",\r\n \
        \ \"location\": \"westus\",\r\n  \"tags\": {},\r\n  \"properties\": {\r\n\
        \    \"provisioningState\": \"Succeeded\",\r\n    \"resourceGuid\": \"c3c75ea8-520d-4e1e-9e0a-e6abbcd8444c\"\
        ,\r\n    \"ipConfigurations\": [\r\n      {\r\n        \"name\": \"ipconfig1\"\
        ,\r\n        \"id\": \"/subscriptions/00000000-0000-0000-0000-000000000000/resourceGroups/cli_test_multi_nic_vm/providers/Microsoft.Network/networkInterfaces/nic4/ipConfigurations/ipconfig1\"\
        ,\r\n        \"etag\": \"W/\\\"37c34065-b0e4-4f6e-8d8d-0df2bed39315\\\"\"\
        ,\r\n        \"properties\": {\r\n          \"provisioningState\": \"Succeeded\"\
        ,\r\n          \"privateIPAddress\": \"10.0.0.7\",\r\n          \"privateIPAllocationMethod\"\
        : \"Dynamic\",\r\n          \"subnet\": {\r\n            \"id\": \"/subscriptions/00000000-0000-0000-0000-000000000000/resourceGroups/cli_test_multi_nic_vm/providers/Microsoft.Network/virtualNetworks/myvnet/subnets/mysubnet\"\
        \r\n          },\r\n          \"primary\": true,\r\n          \"privateIPAddressVersion\"\
        : \"IPv4\"\r\n        }\r\n      }\r\n    ],\r\n    \"dnsSettings\": {\r\n\
        \      \"dnsServers\": [],\r\n      \"appliedDnsServers\": []\r\n    },\r\n\
        \    \"enableAcceleratedNetworking\": false,\r\n    \"enableIPForwarding\"\
        : false\r\n  },\r\n  \"type\": \"Microsoft.Network/networkInterfaces\"\r\n\
        }"}
    headers:
      Cache-Control: [no-cache]
      Content-Type: [application/json; charset=utf-8]
      Date: ['Tue, 31 Jan 2017 02:31:14 GMT']
      ETag: [W/"37c34065-b0e4-4f6e-8d8d-0df2bed39315"]
      Expires: ['-1']
      Pragma: [no-cache]
      Server: [Microsoft-HTTPAPI/2.0, Microsoft-HTTPAPI/2.0]
      Strict-Transport-Security: [max-age=31536000; includeSubDomains]
      Transfer-Encoding: [chunked]
      Vary: [Accept-Encoding]
      content-length: ['1420']
    status: {code: 200, message: OK}
- request:
    body: '{"location": "westus", "properties": {"osProfile": {"linuxConfiguration":
      {"disablePasswordAuthentication": true, "ssh": {"publicKeys": [{"keyData": "ssh-rsa
      AAAAB3NzaC1yc2EAAAADAQABAAACAQCbIg1guRHbI0lV11wWDt1r2cUdcNd27CJsg+SfgC7miZeubtwUhbsPdhMQsfDyhOWHq1+ZL0M+nJZV63d/1dhmhtgyOqejUwrPlzKhydsbrsdUor+JmNJDdW01v7BXHyuymT8G4s09jCasNOwiufbP/qp72ruu0bIA1nySsvlf9pCQAuFkAnVnf/rFhUlOkhtRpwcq8SUNY2zRHR/EKb/4NWY1JzR4sa3q2fWIJdrrX0DvLoa5g9bIEd4Df79ba7v+yiUBOS0zT2ll+z4g9izHK3EO5d8hL4jYxcjKs+wcslSYRWrascfscLgMlMGh0CdKeNTDjHpGPncaf3Z+FwwwjWeuiNBxv7bJo13/8B/098KlVDl4GZqsoBCEjPyJfV6hO0y/LkRGkk7oHWKgeWAfKtfLItRp00eZ4fcJNK9kCaSMmEugoZWcI7NGbZXzqFWqbpRI7NcDP9+WIQ+i9U5vqWsqd/zng4kbuAJ6UuKqIzB0upYrLShfQE3SAck8oaLhJqqq56VfDuASNpJKidV+zq27HfSBmbXnkR/5AK337dc3MXKJypoK/QPMLKUAP5XLPbs+NddJQV7EZXd29DLgp+fRIg3edpKdO7ZErWhv7d+3Kws+e1Y+ypmR2WIVSwVyBEUfgv2C8Ts9gnTF4pNcEY/S2aBicz5Ew2+jdyGNQQ==
      test@example.com\n", "path": "/home/yugangw/.ssh/authorized_keys"}]}}, "computerName":
      "multinicvm1", "adminUsername": "yugangw", "secrets": []}, "storageProfile":
      {"dataDisks": [], "imageReference": {"version": "latest", "sku": "14.04.4-LTS",
      "offer": "UbuntuServer", "publisher": "Canonical"}, "osDisk": {"name": "osdisk_5MayHufEce",
      "createOption": "fromImage", "managedDisk": {"id": "/subscriptions/0b1f6471-1bf0-4dda-aec3-cb9272f09590/resourceGroups/cli_test_multi_nic_vm/providers/Microsoft.Compute/disks/osdisk_5MayHufEce",
      "storageAccountType": "Standard_LRS"}, "osType": "Linux", "caching": "ReadWrite"}},
      "hardwareProfile": {"vmSize": "Standard_DS3"}, "networkProfile": {"networkInterfaces":
      [{"id": "/subscriptions/0b1f6471-1bf0-4dda-aec3-cb9272f09590/resourceGroups/cli_test_multi_nic_vm/providers/Microsoft.Network/networkInterfaces/nic1",
      "properties": {"primary": true}}, {"id": "/subscriptions/0b1f6471-1bf0-4dda-aec3-cb9272f09590/resourceGroups/cli_test_multi_nic_vm/providers/Microsoft.Network/networkInterfaces/nic2",
      "properties": {"primary": false}}, {"id": "/subscriptions/0b1f6471-1bf0-4dda-aec3-cb9272f09590/resourceGroups/cli_test_multi_nic_vm/providers/Microsoft.Network/networkInterfaces/nic3",
      "properties": {"primary": false}}, {"id": "/subscriptions/0b1f6471-1bf0-4dda-aec3-cb9272f09590/resourceGroups/cli_test_multi_nic_vm/providers/Microsoft.Network/networkInterfaces/nic4",
      "properties": {"primary": false}}]}}, "tags": {}}'
    headers:
      Accept: [application/json]
      Accept-Encoding: ['gzip, deflate']
      Connection: [keep-alive]
      Content-Length: ['2361']
      Content-Type: [application/json; charset=utf-8]
      User-Agent: [python/3.5.0 (Windows-10.0.14393) requests/2.9.1 msrest/0.4.4 msrest_azure/0.4.7
          computemanagementclient/0.33.0 Azure-SDK-For-Python AZURECLI/TEST/0.1.1b2+dev]
      accept-language: [en-US]
      x-ms-client-request-id: [5672777e-e75d-11e6-a94e-64510658e3b3]
    method: PUT
    uri: https://management.azure.com/subscriptions/00000000-0000-0000-0000-000000000000/resourceGroups/cli_test_multi_nic_vm/providers/Microsoft.Compute/virtualMachines/multinicvm1?api-version=2016-04-30-preview
  response:
    body: {string: "{\r\n  \"properties\": {\r\n    \"vmId\": \"8fab9b87-0806-4f61-b69e-f42613a5e699\"\
        ,\r\n    \"hardwareProfile\": {\r\n      \"vmSize\": \"Standard_DS3\"\r\n\
        \    },\r\n    \"storageProfile\": {\r\n      \"imageReference\": {\r\n  \
        \      \"publisher\": \"Canonical\",\r\n        \"offer\": \"UbuntuServer\"\
        ,\r\n        \"sku\": \"14.04.4-LTS\",\r\n        \"version\": \"latest\"\r\
        \n      },\r\n      \"osDisk\": {\r\n        \"osType\": \"Linux\",\r\n  \
        \      \"name\": \"osdisk_5MayHufEce\",\r\n        \"createOption\": \"FromImage\"\
        ,\r\n        \"caching\": \"ReadWrite\",\r\n        \"managedDisk\": {\r\n\
        \          \"storageAccountType\": \"Standard_LRS\",\r\n          \"id\":\
        \ \"/subscriptions/00000000-0000-0000-0000-000000000000/resourceGroups/cli_test_multi_nic_vm/providers/Microsoft.Compute/disks/osdisk_5MayHufEce\"\
        \r\n        }\r\n      },\r\n      \"dataDisks\": []\r\n    },\r\n    \"osProfile\"\
        : {\r\n      \"computerName\": \"multinicvm1\",\r\n      \"adminUsername\"\
        : \"yugangw\",\r\n      \"linuxConfiguration\": {\r\n        \"disablePasswordAuthentication\"\
        : true,\r\n        \"ssh\": {\r\n          \"publicKeys\": [\r\n         \
        \   {\r\n              \"path\": \"/home/yugangw/.ssh/authorized_keys\",\r\
        \n              \"keyData\": \"ssh-rsa AAAAB3NzaC1yc2EAAAADAQABAAACAQCbIg1guRHbI0lV11wWDt1r2cUdcNd27CJsg+SfgC7miZeubtwUhbsPdhMQsfDyhOWHq1+ZL0M+nJZV63d/1dhmhtgyOqejUwrPlzKhydsbrsdUor+JmNJDdW01v7BXHyuymT8G4s09jCasNOwiufbP/qp72ruu0bIA1nySsvlf9pCQAuFkAnVnf/rFhUlOkhtRpwcq8SUNY2zRHR/EKb/4NWY1JzR4sa3q2fWIJdrrX0DvLoa5g9bIEd4Df79ba7v+yiUBOS0zT2ll+z4g9izHK3EO5d8hL4jYxcjKs+wcslSYRWrascfscLgMlMGh0CdKeNTDjHpGPncaf3Z+FwwwjWeuiNBxv7bJo13/8B/098KlVDl4GZqsoBCEjPyJfV6hO0y/LkRGkk7oHWKgeWAfKtfLItRp00eZ4fcJNK9kCaSMmEugoZWcI7NGbZXzqFWqbpRI7NcDP9+WIQ+i9U5vqWsqd/zng4kbuAJ6UuKqIzB0upYrLShfQE3SAck8oaLhJqqq56VfDuASNpJKidV+zq27HfSBmbXnkR/5AK337dc3MXKJypoK/QPMLKUAP5XLPbs+NddJQV7EZXd29DLgp+fRIg3edpKdO7ZErWhv7d+3Kws+e1Y+ypmR2WIVSwVyBEUfgv2C8Ts9gnTF4pNcEY/S2aBicz5Ew2+jdyGNQQ==\
        \ test@example.com\\n\"\r\n            }\r\n          ]\r\n        }\r\n \
        \     },\r\n      \"secrets\": []\r\n    },\r\n    \"networkProfile\": {\"\
        networkInterfaces\":[{\"id\":\"/subscriptions/00000000-0000-0000-0000-000000000000/resourceGroups/cli_test_multi_nic_vm/providers/Microsoft.Network/networkInterfaces/nic1\"\
        ,\"properties\":{\"primary\":true}},{\"id\":\"/subscriptions/00000000-0000-0000-0000-000000000000/resourceGroups/cli_test_multi_nic_vm/providers/Microsoft.Network/networkInterfaces/nic2\"\
        ,\"properties\":{\"primary\":false}},{\"id\":\"/subscriptions/00000000-0000-0000-0000-000000000000/resourceGroups/cli_test_multi_nic_vm/providers/Microsoft.Network/networkInterfaces/nic3\"\
        ,\"properties\":{\"primary\":false}},{\"id\":\"/subscriptions/00000000-0000-0000-0000-000000000000/resourceGroups/cli_test_multi_nic_vm/providers/Microsoft.Network/networkInterfaces/nic4\"\
        ,\"properties\":{\"primary\":false}}]},\r\n    \"provisioningState\": \"Updating\"\
        \r\n  },\r\n  \"type\": \"Microsoft.Compute/virtualMachines\",\r\n  \"location\"\
        : \"westus\",\r\n  \"tags\": {},\r\n  \"id\": \"/subscriptions/00000000-0000-0000-0000-000000000000/resourceGroups/cli_test_multi_nic_vm/providers/Microsoft.Compute/virtualMachines/multinicvm1\"\
        ,\r\n  \"name\": \"multinicvm1\"\r\n}"}
    headers:
      Azure-AsyncOperation: ['https://management.azure.com/subscriptions/0b1f6471-1bf0-4dda-aec3-cb9272f09590/providers/Microsoft.Compute/locations/westus/operations/22f52cfe-87a7-4eaa-b801-5ea2081bdf53?api-version=2016-04-30-preview']
      Cache-Control: [no-cache]
      Content-Type: [application/json; charset=utf-8]
      Date: ['Tue, 31 Jan 2017 02:31:15 GMT']
      Expires: ['-1']
      Pragma: [no-cache]
      Server: [Microsoft-HTTPAPI/2.0, Microsoft-HTTPAPI/2.0]
      Strict-Transport-Security: [max-age=31536000; includeSubDomains]
      Transfer-Encoding: [chunked]
      Vary: [Accept-Encoding]
      content-length: ['3035']
      x-ms-ratelimit-remaining-subscription-writes: ['1196']
    status: {code: 200, message: OK}
- request:
    body: null
    headers:
      Accept: [application/json]
      Accept-Encoding: ['gzip, deflate']
      Connection: [keep-alive]
      Content-Type: [application/json; charset=utf-8]
      User-Agent: [python/3.5.0 (Windows-10.0.14393) requests/2.9.1 msrest/0.4.4 msrest_azure/0.4.7
          computemanagementclient/0.33.0 Azure-SDK-For-Python AZURECLI/TEST/0.1.1b2+dev]
      accept-language: [en-US]
      x-ms-client-request-id: [5672777e-e75d-11e6-a94e-64510658e3b3]
    method: GET
    uri: https://management.azure.com/subscriptions/00000000-0000-0000-0000-000000000000/providers/Microsoft.Compute/locations/westus/operations/22f52cfe-87a7-4eaa-b801-5ea2081bdf53?api-version=2016-04-30-preview
  response:
    body: {string: "{\r\n  \"startTime\": \"2017-01-31T02:31:15.0357946+00:00\",\r\
        \n  \"endTime\": \"2017-01-31T02:31:22.692357+00:00\",\r\n  \"status\": \"\
        Succeeded\",\r\n  \"name\": \"22f52cfe-87a7-4eaa-b801-5ea2081bdf53\"\r\n}"}
    headers:
      Cache-Control: [no-cache]
      Content-Type: [application/json; charset=utf-8]
      Date: ['Tue, 31 Jan 2017 02:31:45 GMT']
      Expires: ['-1']
      Pragma: [no-cache]
      Server: [Microsoft-HTTPAPI/2.0, Microsoft-HTTPAPI/2.0]
      Strict-Transport-Security: [max-age=31536000; includeSubDomains]
      Transfer-Encoding: [chunked]
      Vary: [Accept-Encoding]
      content-length: ['183']
    status: {code: 200, message: OK}
- request:
    body: null
    headers:
      Accept: [application/json]
      Accept-Encoding: ['gzip, deflate']
      Connection: [keep-alive]
      Content-Type: [application/json; charset=utf-8]
      User-Agent: [python/3.5.0 (Windows-10.0.14393) requests/2.9.1 msrest/0.4.4 msrest_azure/0.4.7
          computemanagementclient/0.33.0 Azure-SDK-For-Python AZURECLI/TEST/0.1.1b2+dev]
      accept-language: [en-US]
      x-ms-client-request-id: [5672777e-e75d-11e6-a94e-64510658e3b3]
    method: GET
    uri: https://management.azure.com/subscriptions/00000000-0000-0000-0000-000000000000/resourceGroups/cli_test_multi_nic_vm/providers/Microsoft.Compute/virtualMachines/multinicvm1?api-version=2016-04-30-preview
  response:
    body: {string: "{\r\n  \"properties\": {\r\n    \"vmId\": \"8fab9b87-0806-4f61-b69e-f42613a5e699\"\
        ,\r\n    \"hardwareProfile\": {\r\n      \"vmSize\": \"Standard_DS3\"\r\n\
        \    },\r\n    \"storageProfile\": {\r\n      \"imageReference\": {\r\n  \
        \      \"publisher\": \"Canonical\",\r\n        \"offer\": \"UbuntuServer\"\
        ,\r\n        \"sku\": \"14.04.4-LTS\",\r\n        \"version\": \"latest\"\r\
        \n      },\r\n      \"osDisk\": {\r\n        \"osType\": \"Linux\",\r\n  \
        \      \"name\": \"osdisk_5MayHufEce\",\r\n        \"createOption\": \"FromImage\"\
        ,\r\n        \"caching\": \"ReadWrite\",\r\n        \"managedDisk\": {\r\n\
        \          \"storageAccountType\": \"Standard_LRS\",\r\n          \"id\":\
        \ \"/subscriptions/00000000-0000-0000-0000-000000000000/resourceGroups/cli_test_multi_nic_vm/providers/Microsoft.Compute/disks/osdisk_5MayHufEce\"\
        \r\n        }\r\n      },\r\n      \"dataDisks\": []\r\n    },\r\n    \"osProfile\"\
        : {\r\n      \"computerName\": \"multinicvm1\",\r\n      \"adminUsername\"\
        : \"yugangw\",\r\n      \"linuxConfiguration\": {\r\n        \"disablePasswordAuthentication\"\
        : true,\r\n        \"ssh\": {\r\n          \"publicKeys\": [\r\n         \
        \   {\r\n              \"path\": \"/home/yugangw/.ssh/authorized_keys\",\r\
        \n              \"keyData\": \"ssh-rsa AAAAB3NzaC1yc2EAAAADAQABAAACAQCbIg1guRHbI0lV11wWDt1r2cUdcNd27CJsg+SfgC7miZeubtwUhbsPdhMQsfDyhOWHq1+ZL0M+nJZV63d/1dhmhtgyOqejUwrPlzKhydsbrsdUor+JmNJDdW01v7BXHyuymT8G4s09jCasNOwiufbP/qp72ruu0bIA1nySsvlf9pCQAuFkAnVnf/rFhUlOkhtRpwcq8SUNY2zRHR/EKb/4NWY1JzR4sa3q2fWIJdrrX0DvLoa5g9bIEd4Df79ba7v+yiUBOS0zT2ll+z4g9izHK3EO5d8hL4jYxcjKs+wcslSYRWrascfscLgMlMGh0CdKeNTDjHpGPncaf3Z+FwwwjWeuiNBxv7bJo13/8B/098KlVDl4GZqsoBCEjPyJfV6hO0y/LkRGkk7oHWKgeWAfKtfLItRp00eZ4fcJNK9kCaSMmEugoZWcI7NGbZXzqFWqbpRI7NcDP9+WIQ+i9U5vqWsqd/zng4kbuAJ6UuKqIzB0upYrLShfQE3SAck8oaLhJqqq56VfDuASNpJKidV+zq27HfSBmbXnkR/5AK337dc3MXKJypoK/QPMLKUAP5XLPbs+NddJQV7EZXd29DLgp+fRIg3edpKdO7ZErWhv7d+3Kws+e1Y+ypmR2WIVSwVyBEUfgv2C8Ts9gnTF4pNcEY/S2aBicz5Ew2+jdyGNQQ==\
        \ test@example.com\\n\"\r\n            }\r\n          ]\r\n        }\r\n \
        \     },\r\n      \"secrets\": []\r\n    },\r\n    \"networkProfile\": {\"\
        networkInterfaces\":[{\"id\":\"/subscriptions/00000000-0000-0000-0000-000000000000/resourceGroups/cli_test_multi_nic_vm/providers/Microsoft.Network/networkInterfaces/nic1\"\
        ,\"properties\":{\"primary\":true}},{\"id\":\"/subscriptions/00000000-0000-0000-0000-000000000000/resourceGroups/cli_test_multi_nic_vm/providers/Microsoft.Network/networkInterfaces/nic2\"\
        ,\"properties\":{\"primary\":false}},{\"id\":\"/subscriptions/00000000-0000-0000-0000-000000000000/resourceGroups/cli_test_multi_nic_vm/providers/Microsoft.Network/networkInterfaces/nic3\"\
        ,\"properties\":{\"primary\":false}},{\"id\":\"/subscriptions/00000000-0000-0000-0000-000000000000/resourceGroups/cli_test_multi_nic_vm/providers/Microsoft.Network/networkInterfaces/nic4\"\
        ,\"properties\":{\"primary\":false}}]},\r\n    \"provisioningState\": \"Succeeded\"\
        \r\n  },\r\n  \"type\": \"Microsoft.Compute/virtualMachines\",\r\n  \"location\"\
        : \"westus\",\r\n  \"tags\": {},\r\n  \"id\": \"/subscriptions/00000000-0000-0000-0000-000000000000/resourceGroups/cli_test_multi_nic_vm/providers/Microsoft.Compute/virtualMachines/multinicvm1\"\
        ,\r\n  \"name\": \"multinicvm1\"\r\n}"}
    headers:
      Cache-Control: [no-cache]
      Content-Type: [application/json; charset=utf-8]
      Date: ['Tue, 31 Jan 2017 02:31:45 GMT']
      Expires: ['-1']
      Pragma: [no-cache]
      Server: [Microsoft-HTTPAPI/2.0, Microsoft-HTTPAPI/2.0]
      Strict-Transport-Security: [max-age=31536000; includeSubDomains]
      Transfer-Encoding: [chunked]
      Vary: [Accept-Encoding]
      content-length: ['3036']
    status: {code: 200, message: OK}
- request:
    body: null
    headers:
      Accept: [application/json]
      Accept-Encoding: ['gzip, deflate']
      Connection: [keep-alive]
      Content-Type: [application/json; charset=utf-8]
      User-Agent: [python/3.5.0 (Windows-10.0.14393) requests/2.9.1 msrest/0.4.4 msrest_azure/0.4.7
          computemanagementclient/0.33.0 Azure-SDK-For-Python AZURECLI/TEST/0.1.1b2+dev]
      accept-language: [en-US]
      x-ms-client-request-id: [69b866de-e75d-11e6-9313-64510658e3b3]
    method: GET
    uri: https://management.azure.com/subscriptions/00000000-0000-0000-0000-000000000000/resourceGroups/cli_test_multi_nic_vm/providers/Microsoft.Compute/virtualMachines/multinicvm1?api-version=2016-04-30-preview
  response:
    body: {string: "{\r\n  \"properties\": {\r\n    \"vmId\": \"8fab9b87-0806-4f61-b69e-f42613a5e699\"\
        ,\r\n    \"hardwareProfile\": {\r\n      \"vmSize\": \"Standard_DS3\"\r\n\
        \    },\r\n    \"storageProfile\": {\r\n      \"imageReference\": {\r\n  \
        \      \"publisher\": \"Canonical\",\r\n        \"offer\": \"UbuntuServer\"\
        ,\r\n        \"sku\": \"14.04.4-LTS\",\r\n        \"version\": \"latest\"\r\
        \n      },\r\n      \"osDisk\": {\r\n        \"osType\": \"Linux\",\r\n  \
        \      \"name\": \"osdisk_5MayHufEce\",\r\n        \"createOption\": \"FromImage\"\
        ,\r\n        \"caching\": \"ReadWrite\",\r\n        \"managedDisk\": {\r\n\
        \          \"storageAccountType\": \"Standard_LRS\",\r\n          \"id\":\
        \ \"/subscriptions/00000000-0000-0000-0000-000000000000/resourceGroups/cli_test_multi_nic_vm/providers/Microsoft.Compute/disks/osdisk_5MayHufEce\"\
        \r\n        }\r\n      },\r\n      \"dataDisks\": []\r\n    },\r\n    \"osProfile\"\
        : {\r\n      \"computerName\": \"multinicvm1\",\r\n      \"adminUsername\"\
        : \"yugangw\",\r\n      \"linuxConfiguration\": {\r\n        \"disablePasswordAuthentication\"\
        : true,\r\n        \"ssh\": {\r\n          \"publicKeys\": [\r\n         \
        \   {\r\n              \"path\": \"/home/yugangw/.ssh/authorized_keys\",\r\
        \n              \"keyData\": \"ssh-rsa AAAAB3NzaC1yc2EAAAADAQABAAACAQCbIg1guRHbI0lV11wWDt1r2cUdcNd27CJsg+SfgC7miZeubtwUhbsPdhMQsfDyhOWHq1+ZL0M+nJZV63d/1dhmhtgyOqejUwrPlzKhydsbrsdUor+JmNJDdW01v7BXHyuymT8G4s09jCasNOwiufbP/qp72ruu0bIA1nySsvlf9pCQAuFkAnVnf/rFhUlOkhtRpwcq8SUNY2zRHR/EKb/4NWY1JzR4sa3q2fWIJdrrX0DvLoa5g9bIEd4Df79ba7v+yiUBOS0zT2ll+z4g9izHK3EO5d8hL4jYxcjKs+wcslSYRWrascfscLgMlMGh0CdKeNTDjHpGPncaf3Z+FwwwjWeuiNBxv7bJo13/8B/098KlVDl4GZqsoBCEjPyJfV6hO0y/LkRGkk7oHWKgeWAfKtfLItRp00eZ4fcJNK9kCaSMmEugoZWcI7NGbZXzqFWqbpRI7NcDP9+WIQ+i9U5vqWsqd/zng4kbuAJ6UuKqIzB0upYrLShfQE3SAck8oaLhJqqq56VfDuASNpJKidV+zq27HfSBmbXnkR/5AK337dc3MXKJypoK/QPMLKUAP5XLPbs+NddJQV7EZXd29DLgp+fRIg3edpKdO7ZErWhv7d+3Kws+e1Y+ypmR2WIVSwVyBEUfgv2C8Ts9gnTF4pNcEY/S2aBicz5Ew2+jdyGNQQ==\
        \ test@example.com\\n\"\r\n            }\r\n          ]\r\n        }\r\n \
        \     },\r\n      \"secrets\": []\r\n    },\r\n    \"networkProfile\": {\"\
        networkInterfaces\":[{\"id\":\"/subscriptions/00000000-0000-0000-0000-000000000000/resourceGroups/cli_test_multi_nic_vm/providers/Microsoft.Network/networkInterfaces/nic1\"\
        ,\"properties\":{\"primary\":true}},{\"id\":\"/subscriptions/00000000-0000-0000-0000-000000000000/resourceGroups/cli_test_multi_nic_vm/providers/Microsoft.Network/networkInterfaces/nic2\"\
        ,\"properties\":{\"primary\":false}},{\"id\":\"/subscriptions/00000000-0000-0000-0000-000000000000/resourceGroups/cli_test_multi_nic_vm/providers/Microsoft.Network/networkInterfaces/nic3\"\
        ,\"properties\":{\"primary\":false}},{\"id\":\"/subscriptions/00000000-0000-0000-0000-000000000000/resourceGroups/cli_test_multi_nic_vm/providers/Microsoft.Network/networkInterfaces/nic4\"\
        ,\"properties\":{\"primary\":false}}]},\r\n    \"provisioningState\": \"Succeeded\"\
        \r\n  },\r\n  \"type\": \"Microsoft.Compute/virtualMachines\",\r\n  \"location\"\
        : \"westus\",\r\n  \"tags\": {},\r\n  \"id\": \"/subscriptions/00000000-0000-0000-0000-000000000000/resourceGroups/cli_test_multi_nic_vm/providers/Microsoft.Compute/virtualMachines/multinicvm1\"\
        ,\r\n  \"name\": \"multinicvm1\"\r\n}"}
    headers:
      Cache-Control: [no-cache]
      Content-Type: [application/json; charset=utf-8]
      Date: ['Tue, 31 Jan 2017 02:31:46 GMT']
      Expires: ['-1']
      Pragma: [no-cache]
      Server: [Microsoft-HTTPAPI/2.0, Microsoft-HTTPAPI/2.0]
      Strict-Transport-Security: [max-age=31536000; includeSubDomains]
      Transfer-Encoding: [chunked]
      Vary: [Accept-Encoding]
      content-length: ['3036']
    status: {code: 200, message: OK}
- request:
    body: null
    headers:
      Accept: [application/json]
      Accept-Encoding: ['gzip, deflate']
      Connection: [keep-alive]
      Content-Type: [application/json; charset=utf-8]
      User-Agent: [python/3.5.0 (Windows-10.0.14393) requests/2.9.1 msrest/0.4.4 msrest_azure/0.4.7
          networkmanagementclient/0.30.0 Azure-SDK-For-Python AZURECLI/TEST/0.1.1b2+dev]
      accept-language: [en-US]
      x-ms-client-request-id: [69fa1912-e75d-11e6-bb6d-64510658e3b3]
    method: GET
    uri: https://management.azure.com/subscriptions/00000000-0000-0000-0000-000000000000/resourceGroups/cli_test_multi_nic_vm/providers/Microsoft.Network/networkInterfaces/nic1?api-version=2017-03-01
  response:
    body: {string: "{\r\n  \"name\": \"nic1\",\r\n  \"id\": \"/subscriptions/00000000-0000-0000-0000-000000000000/resourceGroups/cli_test_multi_nic_vm/providers/Microsoft.Network/networkInterfaces/nic1\"\
        ,\r\n  \"etag\": \"W/\\\"0e880100-d5a1-4a91-8e6d-cf3df3c92f1a\\\"\",\r\n \
        \ \"location\": \"westus\",\r\n  \"tags\": {},\r\n  \"properties\": {\r\n\
        \    \"provisioningState\": \"Succeeded\",\r\n    \"resourceGuid\": \"60a636c0-ff12-4321-bf2f-eff89ccec652\"\
        ,\r\n    \"ipConfigurations\": [\r\n      {\r\n        \"name\": \"ipconfig1\"\
        ,\r\n        \"id\": \"/subscriptions/00000000-0000-0000-0000-000000000000/resourceGroups/cli_test_multi_nic_vm/providers/Microsoft.Network/networkInterfaces/nic1/ipConfigurations/ipconfig1\"\
        ,\r\n        \"etag\": \"W/\\\"0e880100-d5a1-4a91-8e6d-cf3df3c92f1a\\\"\"\
        ,\r\n        \"properties\": {\r\n          \"provisioningState\": \"Succeeded\"\
        ,\r\n          \"privateIPAddress\": \"10.0.0.4\",\r\n          \"privateIPAllocationMethod\"\
        : \"Dynamic\",\r\n          \"subnet\": {\r\n            \"id\": \"/subscriptions/00000000-0000-0000-0000-000000000000/resourceGroups/cli_test_multi_nic_vm/providers/Microsoft.Network/virtualNetworks/myvnet/subnets/mysubnet\"\
        \r\n          },\r\n          \"primary\": true,\r\n          \"privateIPAddressVersion\"\
        : \"IPv4\"\r\n        }\r\n      }\r\n    ],\r\n    \"dnsSettings\": {\r\n\
        \      \"dnsServers\": [],\r\n      \"appliedDnsServers\": []\r\n    },\r\n\
        \    \"enableAcceleratedNetworking\": false,\r\n    \"enableIPForwarding\"\
        : false,\r\n    \"primary\": true,\r\n    \"virtualMachine\": {\r\n      \"\
        id\": \"/subscriptions/00000000-0000-0000-0000-000000000000/resourceGroups/cli_test_multi_nic_vm/providers/Microsoft.Compute/virtualMachines/multinicvm1\"\
        \r\n    }\r\n  },\r\n  \"type\": \"Microsoft.Network/networkInterfaces\"\r\
        \n}"}
    headers:
      Cache-Control: [no-cache]
      Content-Type: [application/json; charset=utf-8]
      Date: ['Tue, 31 Jan 2017 02:31:47 GMT']
      ETag: [W/"0e880100-d5a1-4a91-8e6d-cf3df3c92f1a"]
      Expires: ['-1']
      Pragma: [no-cache]
      Server: [Microsoft-HTTPAPI/2.0, Microsoft-HTTPAPI/2.0]
      Strict-Transport-Security: [max-age=31536000; includeSubDomains]
      Transfer-Encoding: [chunked]
      Vary: [Accept-Encoding]
      content-length: ['1641']
    status: {code: 200, message: OK}
- request:
    body: null
    headers:
      Accept: [application/json]
      Accept-Encoding: ['gzip, deflate']
      Connection: [keep-alive]
      Content-Type: [application/json; charset=utf-8]
      User-Agent: [python/3.5.0 (Windows-10.0.14393) requests/2.9.1 msrest/0.4.4 msrest_azure/0.4.7
          networkmanagementclient/0.30.0 Azure-SDK-For-Python AZURECLI/TEST/0.1.1b2+dev]
      accept-language: [en-US]
      x-ms-client-request-id: [6a2c870a-e75d-11e6-8f4e-64510658e3b3]
    method: GET
    uri: https://management.azure.com/subscriptions/00000000-0000-0000-0000-000000000000/resourceGroups/cli_test_multi_nic_vm/providers/Microsoft.Network/networkInterfaces/nic2?api-version=2017-03-01
  response:
    body: {string: "{\r\n  \"name\": \"nic2\",\r\n  \"id\": \"/subscriptions/00000000-0000-0000-0000-000000000000/resourceGroups/cli_test_multi_nic_vm/providers/Microsoft.Network/networkInterfaces/nic2\"\
        ,\r\n  \"etag\": \"W/\\\"cee3bf14-cdca-4a32-ad8e-531d219ddc2e\\\"\",\r\n \
        \ \"location\": \"westus\",\r\n  \"tags\": {},\r\n  \"properties\": {\r\n\
        \    \"provisioningState\": \"Succeeded\",\r\n    \"resourceGuid\": \"6b8f0731-4012-4db8-a538-0b06cac627ce\"\
        ,\r\n    \"ipConfigurations\": [\r\n      {\r\n        \"name\": \"ipconfig1\"\
        ,\r\n        \"id\": \"/subscriptions/00000000-0000-0000-0000-000000000000/resourceGroups/cli_test_multi_nic_vm/providers/Microsoft.Network/networkInterfaces/nic2/ipConfigurations/ipconfig1\"\
        ,\r\n        \"etag\": \"W/\\\"cee3bf14-cdca-4a32-ad8e-531d219ddc2e\\\"\"\
        ,\r\n        \"properties\": {\r\n          \"provisioningState\": \"Succeeded\"\
        ,\r\n          \"privateIPAddress\": \"10.0.0.5\",\r\n          \"privateIPAllocationMethod\"\
        : \"Dynamic\",\r\n          \"subnet\": {\r\n            \"id\": \"/subscriptions/00000000-0000-0000-0000-000000000000/resourceGroups/cli_test_multi_nic_vm/providers/Microsoft.Network/virtualNetworks/myvnet/subnets/mysubnet\"\
        \r\n          },\r\n          \"primary\": true,\r\n          \"privateIPAddressVersion\"\
        : \"IPv4\"\r\n        }\r\n      }\r\n    ],\r\n    \"dnsSettings\": {\r\n\
        \      \"dnsServers\": [],\r\n      \"appliedDnsServers\": []\r\n    },\r\n\
        \    \"enableAcceleratedNetworking\": false,\r\n    \"enableIPForwarding\"\
        : false,\r\n    \"primary\": false,\r\n    \"virtualMachine\": {\r\n     \
        \ \"id\": \"/subscriptions/00000000-0000-0000-0000-000000000000/resourceGroups/cli_test_multi_nic_vm/providers/Microsoft.Compute/virtualMachines/multinicvm1\"\
        \r\n    }\r\n  },\r\n  \"type\": \"Microsoft.Network/networkInterfaces\"\r\
        \n}"}
    headers:
      Cache-Control: [no-cache]
      Content-Type: [application/json; charset=utf-8]
      Date: ['Tue, 31 Jan 2017 02:31:47 GMT']
      ETag: [W/"cee3bf14-cdca-4a32-ad8e-531d219ddc2e"]
      Expires: ['-1']
      Pragma: [no-cache]
      Server: [Microsoft-HTTPAPI/2.0, Microsoft-HTTPAPI/2.0]
      Strict-Transport-Security: [max-age=31536000; includeSubDomains]
      Transfer-Encoding: [chunked]
      Vary: [Accept-Encoding]
      content-length: ['1642']
    status: {code: 200, message: OK}
- request:
    body: '{"location": "westus", "properties": {"osProfile": {"linuxConfiguration":
      {"disablePasswordAuthentication": true, "ssh": {"publicKeys": [{"keyData": "ssh-rsa
      AAAAB3NzaC1yc2EAAAADAQABAAACAQCbIg1guRHbI0lV11wWDt1r2cUdcNd27CJsg+SfgC7miZeubtwUhbsPdhMQsfDyhOWHq1+ZL0M+nJZV63d/1dhmhtgyOqejUwrPlzKhydsbrsdUor+JmNJDdW01v7BXHyuymT8G4s09jCasNOwiufbP/qp72ruu0bIA1nySsvlf9pCQAuFkAnVnf/rFhUlOkhtRpwcq8SUNY2zRHR/EKb/4NWY1JzR4sa3q2fWIJdrrX0DvLoa5g9bIEd4Df79ba7v+yiUBOS0zT2ll+z4g9izHK3EO5d8hL4jYxcjKs+wcslSYRWrascfscLgMlMGh0CdKeNTDjHpGPncaf3Z+FwwwjWeuiNBxv7bJo13/8B/098KlVDl4GZqsoBCEjPyJfV6hO0y/LkRGkk7oHWKgeWAfKtfLItRp00eZ4fcJNK9kCaSMmEugoZWcI7NGbZXzqFWqbpRI7NcDP9+WIQ+i9U5vqWsqd/zng4kbuAJ6UuKqIzB0upYrLShfQE3SAck8oaLhJqqq56VfDuASNpJKidV+zq27HfSBmbXnkR/5AK337dc3MXKJypoK/QPMLKUAP5XLPbs+NddJQV7EZXd29DLgp+fRIg3edpKdO7ZErWhv7d+3Kws+e1Y+ypmR2WIVSwVyBEUfgv2C8Ts9gnTF4pNcEY/S2aBicz5Ew2+jdyGNQQ==
      test@example.com\n", "path": "/home/yugangw/.ssh/authorized_keys"}]}}, "computerName":
      "multinicvm1", "adminUsername": "yugangw", "secrets": []}, "storageProfile":
      {"dataDisks": [], "imageReference": {"version": "latest", "sku": "14.04.4-LTS",
      "offer": "UbuntuServer", "publisher": "Canonical"}, "osDisk": {"name": "osdisk_5MayHufEce",
      "createOption": "fromImage", "managedDisk": {"id": "/subscriptions/0b1f6471-1bf0-4dda-aec3-cb9272f09590/resourceGroups/cli_test_multi_nic_vm/providers/Microsoft.Compute/disks/osdisk_5MayHufEce",
      "storageAccountType": "Standard_LRS"}, "osType": "Linux", "caching": "ReadWrite"}},
      "hardwareProfile": {"vmSize": "Standard_DS3"}, "networkProfile": {"networkInterfaces":
      [{"id": "/subscriptions/0b1f6471-1bf0-4dda-aec3-cb9272f09590/resourceGroups/cli_test_multi_nic_vm/providers/Microsoft.Network/networkInterfaces/nic1",
      "properties": {"primary": false}}, {"id": "/subscriptions/0b1f6471-1bf0-4dda-aec3-cb9272f09590/resourceGroups/cli_test_multi_nic_vm/providers/Microsoft.Network/networkInterfaces/nic2",
      "properties": {"primary": true}}]}}, "tags": {}}'
    headers:
      Accept: [application/json]
      Accept-Encoding: ['gzip, deflate']
      Connection: [keep-alive]
      Content-Length: ['1979']
      Content-Type: [application/json; charset=utf-8]
      User-Agent: [python/3.5.0 (Windows-10.0.14393) requests/2.9.1 msrest/0.4.4 msrest_azure/0.4.7
          computemanagementclient/0.33.0 Azure-SDK-For-Python AZURECLI/TEST/0.1.1b2+dev]
      accept-language: [en-US]
      x-ms-client-request-id: [6a5ad668-e75d-11e6-8504-64510658e3b3]
    method: PUT
    uri: https://management.azure.com/subscriptions/00000000-0000-0000-0000-000000000000/resourceGroups/cli_test_multi_nic_vm/providers/Microsoft.Compute/virtualMachines/multinicvm1?api-version=2016-04-30-preview
  response:
    body: {string: "{\r\n  \"properties\": {\r\n    \"vmId\": \"8fab9b87-0806-4f61-b69e-f42613a5e699\"\
        ,\r\n    \"hardwareProfile\": {\r\n      \"vmSize\": \"Standard_DS3\"\r\n\
        \    },\r\n    \"storageProfile\": {\r\n      \"imageReference\": {\r\n  \
        \      \"publisher\": \"Canonical\",\r\n        \"offer\": \"UbuntuServer\"\
        ,\r\n        \"sku\": \"14.04.4-LTS\",\r\n        \"version\": \"latest\"\r\
        \n      },\r\n      \"osDisk\": {\r\n        \"osType\": \"Linux\",\r\n  \
        \      \"name\": \"osdisk_5MayHufEce\",\r\n        \"createOption\": \"FromImage\"\
        ,\r\n        \"caching\": \"ReadWrite\",\r\n        \"managedDisk\": {\r\n\
        \          \"storageAccountType\": \"Standard_LRS\",\r\n          \"id\":\
        \ \"/subscriptions/00000000-0000-0000-0000-000000000000/resourceGroups/cli_test_multi_nic_vm/providers/Microsoft.Compute/disks/osdisk_5MayHufEce\"\
        \r\n        }\r\n      },\r\n      \"dataDisks\": []\r\n    },\r\n    \"osProfile\"\
        : {\r\n      \"computerName\": \"multinicvm1\",\r\n      \"adminUsername\"\
        : \"yugangw\",\r\n      \"linuxConfiguration\": {\r\n        \"disablePasswordAuthentication\"\
        : true,\r\n        \"ssh\": {\r\n          \"publicKeys\": [\r\n         \
        \   {\r\n              \"path\": \"/home/yugangw/.ssh/authorized_keys\",\r\
        \n              \"keyData\": \"ssh-rsa AAAAB3NzaC1yc2EAAAADAQABAAACAQCbIg1guRHbI0lV11wWDt1r2cUdcNd27CJsg+SfgC7miZeubtwUhbsPdhMQsfDyhOWHq1+ZL0M+nJZV63d/1dhmhtgyOqejUwrPlzKhydsbrsdUor+JmNJDdW01v7BXHyuymT8G4s09jCasNOwiufbP/qp72ruu0bIA1nySsvlf9pCQAuFkAnVnf/rFhUlOkhtRpwcq8SUNY2zRHR/EKb/4NWY1JzR4sa3q2fWIJdrrX0DvLoa5g9bIEd4Df79ba7v+yiUBOS0zT2ll+z4g9izHK3EO5d8hL4jYxcjKs+wcslSYRWrascfscLgMlMGh0CdKeNTDjHpGPncaf3Z+FwwwjWeuiNBxv7bJo13/8B/098KlVDl4GZqsoBCEjPyJfV6hO0y/LkRGkk7oHWKgeWAfKtfLItRp00eZ4fcJNK9kCaSMmEugoZWcI7NGbZXzqFWqbpRI7NcDP9+WIQ+i9U5vqWsqd/zng4kbuAJ6UuKqIzB0upYrLShfQE3SAck8oaLhJqqq56VfDuASNpJKidV+zq27HfSBmbXnkR/5AK337dc3MXKJypoK/QPMLKUAP5XLPbs+NddJQV7EZXd29DLgp+fRIg3edpKdO7ZErWhv7d+3Kws+e1Y+ypmR2WIVSwVyBEUfgv2C8Ts9gnTF4pNcEY/S2aBicz5Ew2+jdyGNQQ==\
        \ test@example.com\\n\"\r\n            }\r\n          ]\r\n        }\r\n \
        \     },\r\n      \"secrets\": []\r\n    },\r\n    \"networkProfile\": {\"\
        networkInterfaces\":[{\"id\":\"/subscriptions/00000000-0000-0000-0000-000000000000/resourceGroups/cli_test_multi_nic_vm/providers/Microsoft.Network/networkInterfaces/nic1\"\
        ,\"properties\":{\"primary\":false}},{\"id\":\"/subscriptions/00000000-0000-0000-0000-000000000000/resourceGroups/cli_test_multi_nic_vm/providers/Microsoft.Network/networkInterfaces/nic2\"\
        ,\"properties\":{\"primary\":true}}]},\r\n    \"provisioningState\": \"Updating\"\
        \r\n  },\r\n  \"type\": \"Microsoft.Compute/virtualMachines\",\r\n  \"location\"\
        : \"westus\",\r\n  \"tags\": {},\r\n  \"id\": \"/subscriptions/00000000-0000-0000-0000-000000000000/resourceGroups/cli_test_multi_nic_vm/providers/Microsoft.Compute/virtualMachines/multinicvm1\"\
        ,\r\n  \"name\": \"multinicvm1\"\r\n}"}
    headers:
      Azure-AsyncOperation: ['https://management.azure.com/subscriptions/0b1f6471-1bf0-4dda-aec3-cb9272f09590/providers/Microsoft.Compute/locations/westus/operations/5fe9934c-a8af-4436-9d0d-c4d78cb9bdc5?api-version=2016-04-30-preview']
      Cache-Control: [no-cache]
      Content-Type: [application/json; charset=utf-8]
      Date: ['Tue, 31 Jan 2017 02:31:48 GMT']
      Expires: ['-1']
      Pragma: [no-cache]
      Server: [Microsoft-HTTPAPI/2.0, Microsoft-HTTPAPI/2.0]
      Strict-Transport-Security: [max-age=31536000; includeSubDomains]
      Transfer-Encoding: [chunked]
      Vary: [Accept-Encoding]
      content-length: ['2663']
      x-ms-ratelimit-remaining-subscription-writes: ['1198']
    status: {code: 200, message: OK}
- request:
    body: null
    headers:
      Accept: [application/json]
      Accept-Encoding: ['gzip, deflate']
      Connection: [keep-alive]
      Content-Type: [application/json; charset=utf-8]
      User-Agent: [python/3.5.0 (Windows-10.0.14393) requests/2.9.1 msrest/0.4.4 msrest_azure/0.4.7
          computemanagementclient/0.33.0 Azure-SDK-For-Python AZURECLI/TEST/0.1.1b2+dev]
      accept-language: [en-US]
      x-ms-client-request-id: [6a5ad668-e75d-11e6-8504-64510658e3b3]
    method: GET
    uri: https://management.azure.com/subscriptions/00000000-0000-0000-0000-000000000000/providers/Microsoft.Compute/locations/westus/operations/5fe9934c-a8af-4436-9d0d-c4d78cb9bdc5?api-version=2016-04-30-preview
  response:
    body: {string: "{\r\n  \"startTime\": \"2017-01-31T02:31:48.8652189+00:00\",\r\
        \n  \"endTime\": \"2017-01-31T02:31:56.599906+00:00\",\r\n  \"status\": \"\
        Succeeded\",\r\n  \"name\": \"5fe9934c-a8af-4436-9d0d-c4d78cb9bdc5\"\r\n}"}
    headers:
      Cache-Control: [no-cache]
      Content-Type: [application/json; charset=utf-8]
      Date: ['Tue, 31 Jan 2017 02:32:19 GMT']
      Expires: ['-1']
      Pragma: [no-cache]
      Server: [Microsoft-HTTPAPI/2.0, Microsoft-HTTPAPI/2.0]
      Strict-Transport-Security: [max-age=31536000; includeSubDomains]
      Transfer-Encoding: [chunked]
      Vary: [Accept-Encoding]
      content-length: ['183']
    status: {code: 200, message: OK}
- request:
    body: null
    headers:
      Accept: [application/json]
      Accept-Encoding: ['gzip, deflate']
      Connection: [keep-alive]
      Content-Type: [application/json; charset=utf-8]
      User-Agent: [python/3.5.0 (Windows-10.0.14393) requests/2.9.1 msrest/0.4.4 msrest_azure/0.4.7
          computemanagementclient/0.33.0 Azure-SDK-For-Python AZURECLI/TEST/0.1.1b2+dev]
      accept-language: [en-US]
      x-ms-client-request-id: [6a5ad668-e75d-11e6-8504-64510658e3b3]
    method: GET
    uri: https://management.azure.com/subscriptions/00000000-0000-0000-0000-000000000000/resourceGroups/cli_test_multi_nic_vm/providers/Microsoft.Compute/virtualMachines/multinicvm1?api-version=2016-04-30-preview
  response:
    body: {string: "{\r\n  \"properties\": {\r\n    \"vmId\": \"8fab9b87-0806-4f61-b69e-f42613a5e699\"\
        ,\r\n    \"hardwareProfile\": {\r\n      \"vmSize\": \"Standard_DS3\"\r\n\
        \    },\r\n    \"storageProfile\": {\r\n      \"imageReference\": {\r\n  \
        \      \"publisher\": \"Canonical\",\r\n        \"offer\": \"UbuntuServer\"\
        ,\r\n        \"sku\": \"14.04.4-LTS\",\r\n        \"version\": \"latest\"\r\
        \n      },\r\n      \"osDisk\": {\r\n        \"osType\": \"Linux\",\r\n  \
        \      \"name\": \"osdisk_5MayHufEce\",\r\n        \"createOption\": \"FromImage\"\
        ,\r\n        \"caching\": \"ReadWrite\",\r\n        \"managedDisk\": {\r\n\
        \          \"storageAccountType\": \"Standard_LRS\",\r\n          \"id\":\
        \ \"/subscriptions/00000000-0000-0000-0000-000000000000/resourceGroups/cli_test_multi_nic_vm/providers/Microsoft.Compute/disks/osdisk_5MayHufEce\"\
        \r\n        }\r\n      },\r\n      \"dataDisks\": []\r\n    },\r\n    \"osProfile\"\
        : {\r\n      \"computerName\": \"multinicvm1\",\r\n      \"adminUsername\"\
        : \"yugangw\",\r\n      \"linuxConfiguration\": {\r\n        \"disablePasswordAuthentication\"\
        : true,\r\n        \"ssh\": {\r\n          \"publicKeys\": [\r\n         \
        \   {\r\n              \"path\": \"/home/yugangw/.ssh/authorized_keys\",\r\
        \n              \"keyData\": \"ssh-rsa AAAAB3NzaC1yc2EAAAADAQABAAACAQCbIg1guRHbI0lV11wWDt1r2cUdcNd27CJsg+SfgC7miZeubtwUhbsPdhMQsfDyhOWHq1+ZL0M+nJZV63d/1dhmhtgyOqejUwrPlzKhydsbrsdUor+JmNJDdW01v7BXHyuymT8G4s09jCasNOwiufbP/qp72ruu0bIA1nySsvlf9pCQAuFkAnVnf/rFhUlOkhtRpwcq8SUNY2zRHR/EKb/4NWY1JzR4sa3q2fWIJdrrX0DvLoa5g9bIEd4Df79ba7v+yiUBOS0zT2ll+z4g9izHK3EO5d8hL4jYxcjKs+wcslSYRWrascfscLgMlMGh0CdKeNTDjHpGPncaf3Z+FwwwjWeuiNBxv7bJo13/8B/098KlVDl4GZqsoBCEjPyJfV6hO0y/LkRGkk7oHWKgeWAfKtfLItRp00eZ4fcJNK9kCaSMmEugoZWcI7NGbZXzqFWqbpRI7NcDP9+WIQ+i9U5vqWsqd/zng4kbuAJ6UuKqIzB0upYrLShfQE3SAck8oaLhJqqq56VfDuASNpJKidV+zq27HfSBmbXnkR/5AK337dc3MXKJypoK/QPMLKUAP5XLPbs+NddJQV7EZXd29DLgp+fRIg3edpKdO7ZErWhv7d+3Kws+e1Y+ypmR2WIVSwVyBEUfgv2C8Ts9gnTF4pNcEY/S2aBicz5Ew2+jdyGNQQ==\
        \ test@example.com\\n\"\r\n            }\r\n          ]\r\n        }\r\n \
        \     },\r\n      \"secrets\": []\r\n    },\r\n    \"networkProfile\": {\"\
        networkInterfaces\":[{\"id\":\"/subscriptions/00000000-0000-0000-0000-000000000000/resourceGroups/cli_test_multi_nic_vm/providers/Microsoft.Network/networkInterfaces/nic1\"\
        ,\"properties\":{\"primary\":false}},{\"id\":\"/subscriptions/00000000-0000-0000-0000-000000000000/resourceGroups/cli_test_multi_nic_vm/providers/Microsoft.Network/networkInterfaces/nic2\"\
        ,\"properties\":{\"primary\":true}}]},\r\n    \"provisioningState\": \"Succeeded\"\
        \r\n  },\r\n  \"type\": \"Microsoft.Compute/virtualMachines\",\r\n  \"location\"\
        : \"westus\",\r\n  \"tags\": {},\r\n  \"id\": \"/subscriptions/00000000-0000-0000-0000-000000000000/resourceGroups/cli_test_multi_nic_vm/providers/Microsoft.Compute/virtualMachines/multinicvm1\"\
        ,\r\n  \"name\": \"multinicvm1\"\r\n}"}
    headers:
      Cache-Control: [no-cache]
      Content-Type: [application/json; charset=utf-8]
      Date: ['Tue, 31 Jan 2017 02:32:19 GMT']
      Expires: ['-1']
      Pragma: [no-cache]
      Server: [Microsoft-HTTPAPI/2.0, Microsoft-HTTPAPI/2.0]
      Strict-Transport-Security: [max-age=31536000; includeSubDomains]
      Transfer-Encoding: [chunked]
      Vary: [Accept-Encoding]
      content-length: ['2664']
    status: {code: 200, message: OK}
version: 1
