interactions:
- request:
    body: null
    headers:
      Accept: [application/json]
      Accept-Encoding: ['gzip, deflate']
      Connection: [keep-alive]
      Content-Type: [application/json; charset=utf-8]
      User-Agent: [python/3.5.0 (Windows-10.0.10586) requests/2.9.1 msrest/0.4.4 msrest_azure/0.4.7
          resourcemanagementclient/0.30.2 Azure-SDK-For-Python AZURECLI/TEST/0.1.1b3+dev]
      accept-language: [en-US]
      x-ms-client-request-id: [d71ce4a8-f20f-11e6-a450-f4b7e2e85440]
    method: GET
    uri: https://management.azure.com/subscriptions/00000000-0000-0000-0000-000000000000/resourcegroups/cli_test_managed_disk?api-version=2016-09-01
  response:
    body: {string: '{"id":"/subscriptions/00000000-0000-0000-0000-000000000000/resourceGroups/cli_test_managed_disk","name":"cli_test_managed_disk","location":"westus","tags":{"use":"az-test"},"properties":{"provisioningState":"Succeeded"}}'}
    headers:
      Cache-Control: [no-cache]
      Content-Type: [application/json; charset=utf-8]
      Date: ['Mon, 13 Feb 2017 17:14:12 GMT']
      Expires: ['-1']
      Pragma: [no-cache]
      Strict-Transport-Security: [max-age=31536000; includeSubDomains]
      Vary: [Accept-Encoding]
      content-length: ['232']
    status: {code: 200, message: OK}
- request:
    body: '{"properties": {"accountType": "Premium_LRS", "diskSizeGB": 1, "creationData":
      {"createOption": "Empty"}}, "location": "westus"}'
    headers:
      Accept: [application/json]
      Accept-Encoding: ['gzip, deflate']
      Connection: [keep-alive]
      Content-Length: ['128']
      Content-Type: [application/json; charset=utf-8]
      User-Agent: [python/3.5.0 (Windows-10.0.10586) requests/2.9.1 msrest/0.4.4 msrest_azure/0.4.7
          computemanagementclient/0.33.0 Azure-SDK-For-Python AZURECLI/TEST/0.1.1b3+dev]
      accept-language: [en-US]
      x-ms-client-request-id: [d7376b54-f20f-11e6-9901-f4b7e2e85440]
    method: PUT
    uri: https://management.azure.com/subscriptions/00000000-0000-0000-0000-000000000000/resourceGroups/cli_test_managed_disk/providers/Microsoft.Compute/disks/d1?api-version=2016-04-30-preview
  response:
    body: {string: "{\r\n  \"properties\": {\r\n    \"accountType\": \"Premium_LRS\"\
        ,\r\n    \"creationData\": {\r\n      \"createOption\": \"Empty\"\r\n    },\r\
        \n    \"diskSizeGB\": 1,\r\n    \"provisioningState\": \"Updating\",\r\n \
        \   \"isArmResource\": true\r\n  },\r\n  \"location\": \"westus\"\r\n}"}
    headers:
      Azure-AsyncOperation: ['https://management.azure.com/subscriptions/0b1f6471-1bf0-4dda-aec3-cb9272f09590/providers/Microsoft.Compute/locations/westus/DiskOperations/b8832f41-9144-4de8-a20c-adb37fac3924?api-version=2016-04-30-preview']
      Cache-Control: [no-cache]
      Content-Length: ['237']
      Content-Type: [application/json; charset=utf-8]
      Date: ['Mon, 13 Feb 2017 17:14:14 GMT']
      Expires: ['-1']
      Location: ['https://management.azure.com/subscriptions/0b1f6471-1bf0-4dda-aec3-cb9272f09590/providers/Microsoft.Compute/locations/westus/DiskOperations/b8832f41-9144-4de8-a20c-adb37fac3924?monitor=true&api-version=2016-04-30-preview']
      Pragma: [no-cache]
      Server: [Microsoft-HTTPAPI/2.0, Microsoft-HTTPAPI/2.0]
      Strict-Transport-Security: [max-age=31536000; includeSubDomains]
      x-ms-ratelimit-remaining-subscription-writes: ['1199']
    status: {code: 202, message: Accepted}
- request:
    body: null
    headers:
      Accept: [application/json]
      Accept-Encoding: ['gzip, deflate']
      Connection: [keep-alive]
      Content-Type: [application/json; charset=utf-8]
      User-Agent: [python/3.5.0 (Windows-10.0.10586) requests/2.9.1 msrest/0.4.4 msrest_azure/0.4.7
          computemanagementclient/0.33.0 Azure-SDK-For-Python AZURECLI/TEST/0.1.1b3+dev]
      accept-language: [en-US]
      x-ms-client-request-id: [d7376b54-f20f-11e6-9901-f4b7e2e85440]
    method: GET
    uri: https://management.azure.com/subscriptions/00000000-0000-0000-0000-000000000000/providers/Microsoft.Compute/locations/westus/DiskOperations/b8832f41-9144-4de8-a20c-adb37fac3924?api-version=2016-04-30-preview
  response:
    body: {string: "{\r\n  \"startTime\": \"2017-02-13T17:14:13.0219473+00:00\",\r\
        \n  \"endTime\": \"2017-02-13T17:14:13.2250812+00:00\",\r\n  \"status\": \"\
        Succeeded\",\r\n  \"properties\": {\r\n    \"output\": {\"properties\":{\"\
        accountType\":\"Premium_LRS\",\"creationData\":{\"createOption\":\"Empty\"\
        },\"diskSizeGB\":1,\"timeCreated\":\"2017-02-13T17:14:13.0375895+00:00\",\"\
        provisioningState\":\"Succeeded\",\"diskState\":\"Unattached\"},\"type\":\"\
        Microsoft.Compute/disks\",\"location\":\"westus\",\"id\":\"/subscriptions/00000000-0000-0000-0000-000000000000/resourceGroups/cli_test_managed_disk/providers/Microsoft.Compute/disks/d1\"\
        ,\"name\":\"d1\"}\r\n  },\r\n  \"name\": \"b8832f41-9144-4de8-a20c-adb37fac3924\"\
        \r\n}"}
    headers:
      Cache-Control: [no-cache]
      Content-Type: [application/json; charset=utf-8]
      Date: ['Mon, 13 Feb 2017 17:14:43 GMT']
      Expires: ['-1']
      Pragma: [no-cache]
      Server: [Microsoft-HTTPAPI/2.0, Microsoft-HTTPAPI/2.0]
      Strict-Transport-Security: [max-age=31536000; includeSubDomains]
      Transfer-Encoding: [chunked]
      Vary: [Accept-Encoding]
      content-length: ['635']
    status: {code: 200, message: OK}
- request:
    body: null
    headers:
      Accept: [application/json]
      Accept-Encoding: ['gzip, deflate']
      Connection: [keep-alive]
      Content-Type: [application/json; charset=utf-8]
      User-Agent: [python/3.5.0 (Windows-10.0.10586) requests/2.9.1 msrest/0.4.4 msrest_azure/0.4.7
          computemanagementclient/0.33.0 Azure-SDK-For-Python AZURECLI/TEST/0.1.1b3+dev]
      accept-language: [en-US]
      x-ms-client-request-id: [d7376b54-f20f-11e6-9901-f4b7e2e85440]
    method: GET
    uri: https://management.azure.com/subscriptions/00000000-0000-0000-0000-000000000000/resourceGroups/cli_test_managed_disk/providers/Microsoft.Compute/disks/d1?api-version=2016-04-30-preview
  response:
    body: {string: "{\r\n  \"properties\": {\r\n    \"accountType\": \"Premium_LRS\"\
        ,\r\n    \"creationData\": {\r\n      \"createOption\": \"Empty\"\r\n    },\r\
        \n    \"diskSizeGB\": 1,\r\n    \"timeCreated\": \"2017-02-13T17:14:13.0375895+00:00\"\
        ,\r\n    \"provisioningState\": \"Succeeded\",\r\n    \"diskState\": \"Unattached\"\
        \r\n  },\r\n  \"type\": \"Microsoft.Compute/disks\",\r\n  \"location\": \"\
        westus\",\r\n  \"id\": \"/subscriptions/00000000-0000-0000-0000-000000000000/resourceGroups/cli_test_managed_disk/providers/Microsoft.Compute/disks/d1\"\
        ,\r\n  \"name\": \"d1\"\r\n}"}
    headers:
      Cache-Control: [no-cache]
      Content-Type: [application/json; charset=utf-8]
      Date: ['Mon, 13 Feb 2017 17:14:44 GMT']
      Expires: ['-1']
      Pragma: [no-cache]
      Server: [Microsoft-HTTPAPI/2.0, Microsoft-HTTPAPI/2.0]
      Strict-Transport-Security: [max-age=31536000; includeSubDomains]
      Transfer-Encoding: [chunked]
      Vary: [Accept-Encoding]
      content-length: ['498']
    status: {code: 200, message: OK}
- request:
    body: null
    headers:
      Accept: [application/json]
      Accept-Encoding: ['gzip, deflate']
      Connection: [keep-alive]
      Content-Type: [application/json; charset=utf-8]
      User-Agent: [python/3.5.0 (Windows-10.0.10586) requests/2.9.1 msrest/0.4.4 msrest_azure/0.4.7
          computemanagementclient/0.33.0 Azure-SDK-For-Python AZURECLI/TEST/0.1.1b3+dev]
      accept-language: [en-US]
      x-ms-client-request-id: [eb4ab064-f20f-11e6-a14c-f4b7e2e85440]
    method: GET
    uri: https://management.azure.com/subscriptions/00000000-0000-0000-0000-000000000000/resourceGroups/cli_test_managed_disk/providers/Microsoft.Compute/disks/d1?api-version=2016-04-30-preview
  response:
    body: {string: "{\r\n  \"properties\": {\r\n    \"accountType\": \"Premium_LRS\"\
        ,\r\n    \"creationData\": {\r\n      \"createOption\": \"Empty\"\r\n    },\r\
        \n    \"diskSizeGB\": 1,\r\n    \"timeCreated\": \"2017-02-13T17:14:13.0375895+00:00\"\
        ,\r\n    \"provisioningState\": \"Succeeded\",\r\n    \"diskState\": \"Unattached\"\
        \r\n  },\r\n  \"type\": \"Microsoft.Compute/disks\",\r\n  \"location\": \"\
        westus\",\r\n  \"id\": \"/subscriptions/00000000-0000-0000-0000-000000000000/resourceGroups/cli_test_managed_disk/providers/Microsoft.Compute/disks/d1\"\
        ,\r\n  \"name\": \"d1\"\r\n}"}
    headers:
      Cache-Control: [no-cache]
      Content-Type: [application/json; charset=utf-8]
      Date: ['Mon, 13 Feb 2017 17:14:47 GMT']
      Expires: ['-1']
      Pragma: [no-cache]
      Server: [Microsoft-HTTPAPI/2.0, Microsoft-HTTPAPI/2.0]
      Strict-Transport-Security: [max-age=31536000; includeSubDomains]
      Transfer-Encoding: [chunked]
      Vary: [Accept-Encoding]
      content-length: ['498']
    status: {code: 200, message: OK}
- request:
    body: '{"properties": {"accountType": "Standard_LRS", "diskSizeGB": 10, "creationData":
      {"createOption": "Empty"}}, "location": "westus"}'
    headers:
      Accept: [application/json]
      Accept-Encoding: ['gzip, deflate']
      Connection: [keep-alive]
      Content-Length: ['130']
      Content-Type: [application/json; charset=utf-8]
      User-Agent: [python/3.5.0 (Windows-10.0.10586) requests/2.9.1 msrest/0.4.4 msrest_azure/0.4.7
          computemanagementclient/0.33.0 Azure-SDK-For-Python AZURECLI/TEST/0.1.1b3+dev]
      accept-language: [en-US]
      x-ms-client-request-id: [eba273b6-f20f-11e6-8428-f4b7e2e85440]
    method: PUT
    uri: https://management.azure.com/subscriptions/00000000-0000-0000-0000-000000000000/resourceGroups/cli_test_managed_disk/providers/Microsoft.Compute/disks/d1?api-version=2016-04-30-preview
  response:
    body: {string: "{\r\n  \"properties\": {\r\n    \"accountType\": \"Standard_LRS\"\
        ,\r\n    \"creationData\": {\r\n      \"createOption\": \"Empty\"\r\n    },\r\
        \n    \"diskSizeGB\": 10,\r\n    \"provisioningState\": \"Updating\",\r\n\
        \    \"isArmResource\": true\r\n  },\r\n  \"location\": \"westus\"\r\n}"}
    headers:
      Azure-AsyncOperation: ['https://management.azure.com/subscriptions/0b1f6471-1bf0-4dda-aec3-cb9272f09590/providers/Microsoft.Compute/locations/westus/DiskOperations/962f59c5-5f73-4fd2-91a8-1115a023a9f5?api-version=2016-04-30-preview']
      Cache-Control: [no-cache]
      Content-Length: ['239']
      Content-Type: [application/json; charset=utf-8]
      Date: ['Mon, 13 Feb 2017 17:14:47 GMT']
      Expires: ['-1']
      Location: ['https://management.azure.com/subscriptions/0b1f6471-1bf0-4dda-aec3-cb9272f09590/providers/Microsoft.Compute/locations/westus/DiskOperations/962f59c5-5f73-4fd2-91a8-1115a023a9f5?monitor=true&api-version=2016-04-30-preview']
      Pragma: [no-cache]
      Server: [Microsoft-HTTPAPI/2.0, Microsoft-HTTPAPI/2.0]
      Strict-Transport-Security: [max-age=31536000; includeSubDomains]
      x-ms-ratelimit-remaining-subscription-writes: ['1199']
    status: {code: 202, message: Accepted}
- request:
    body: null
    headers:
      Accept: [application/json]
      Accept-Encoding: ['gzip, deflate']
      Connection: [keep-alive]
      Content-Type: [application/json; charset=utf-8]
      User-Agent: [python/3.5.0 (Windows-10.0.10586) requests/2.9.1 msrest/0.4.4 msrest_azure/0.4.7
          computemanagementclient/0.33.0 Azure-SDK-For-Python AZURECLI/TEST/0.1.1b3+dev]
      accept-language: [en-US]
      x-ms-client-request-id: [eba273b6-f20f-11e6-8428-f4b7e2e85440]
    method: GET
    uri: https://management.azure.com/subscriptions/00000000-0000-0000-0000-000000000000/providers/Microsoft.Compute/locations/westus/DiskOperations/962f59c5-5f73-4fd2-91a8-1115a023a9f5?api-version=2016-04-30-preview
  response:
    body: {string: "{\r\n  \"startTime\": \"2017-02-13T17:14:46.8983098+00:00\",\r\
        \n  \"endTime\": \"2017-02-13T17:14:47.0701969+00:00\",\r\n  \"status\": \"\
        Succeeded\",\r\n  \"properties\": {\r\n    \"output\": {\r\n  \"properties\"\
        : {\r\n    \"accountType\": \"Standard_LRS\",\r\n    \"creationData\": {\r\
        \n      \"createOption\": \"Empty\"\r\n    },\r\n    \"diskSizeGB\": 10,\r\
        \n    \"timeCreated\": \"2017-02-13T17:14:13.0375895+00:00\",\r\n    \"provisioningState\"\
        : \"Succeeded\",\r\n    \"diskState\": \"Unattached\"\r\n  },\r\n  \"type\"\
        : \"Microsoft.Compute/disks\",\r\n  \"location\": \"westus\",\r\n  \"id\"\
        : \"/subscriptions/00000000-0000-0000-0000-000000000000/resourceGroups/cli_test_managed_disk/providers/Microsoft.Compute/disks/d1\"\
        ,\r\n  \"name\": \"d1\"\r\n}\r\n  },\r\n  \"name\": \"962f59c5-5f73-4fd2-91a8-1115a023a9f5\"\
        \r\n}"}
    headers:
      Cache-Control: [no-cache]
      Content-Type: [application/json; charset=utf-8]
      Date: ['Mon, 13 Feb 2017 17:15:17 GMT']
      Expires: ['-1']
      Pragma: [no-cache]
      Server: [Microsoft-HTTPAPI/2.0, Microsoft-HTTPAPI/2.0]
      Strict-Transport-Security: [max-age=31536000; includeSubDomains]
      Transfer-Encoding: [chunked]
      Vary: [Accept-Encoding]
      content-length: ['725']
    status: {code: 200, message: OK}
- request:
    body: null
    headers:
      Accept: [application/json]
      Accept-Encoding: ['gzip, deflate']
      Connection: [keep-alive]
      Content-Type: [application/json; charset=utf-8]
      User-Agent: [python/3.5.0 (Windows-10.0.10586) requests/2.9.1 msrest/0.4.4 msrest_azure/0.4.7
          computemanagementclient/0.33.0 Azure-SDK-For-Python AZURECLI/TEST/0.1.1b3+dev]
      accept-language: [en-US]
      x-ms-client-request-id: [eba273b6-f20f-11e6-8428-f4b7e2e85440]
    method: GET
    uri: https://management.azure.com/subscriptions/00000000-0000-0000-0000-000000000000/resourceGroups/cli_test_managed_disk/providers/Microsoft.Compute/disks/d1?api-version=2016-04-30-preview
  response:
    body: {string: "{\r\n  \"properties\": {\r\n    \"accountType\": \"Standard_LRS\"\
        ,\r\n    \"creationData\": {\r\n      \"createOption\": \"Empty\"\r\n    },\r\
        \n    \"diskSizeGB\": 10,\r\n    \"timeCreated\": \"2017-02-13T17:14:13.0375895+00:00\"\
        ,\r\n    \"provisioningState\": \"Succeeded\",\r\n    \"diskState\": \"Unattached\"\
        \r\n  },\r\n  \"type\": \"Microsoft.Compute/disks\",\r\n  \"location\": \"\
        westus\",\r\n  \"id\": \"/subscriptions/00000000-0000-0000-0000-000000000000/resourceGroups/cli_test_managed_disk/providers/Microsoft.Compute/disks/d1\"\
        ,\r\n  \"name\": \"d1\"\r\n}"}
    headers:
      Cache-Control: [no-cache]
      Content-Type: [application/json; charset=utf-8]
      Date: ['Mon, 13 Feb 2017 17:15:18 GMT']
      Expires: ['-1']
      Pragma: [no-cache]
      Server: [Microsoft-HTTPAPI/2.0, Microsoft-HTTPAPI/2.0]
      Strict-Transport-Security: [max-age=31536000; includeSubDomains]
      Transfer-Encoding: [chunked]
      Vary: [Accept-Encoding]
      content-length: ['500']
    status: {code: 200, message: OK}
- request:
    body: null
    headers:
      Accept: [application/json]
      Accept-Encoding: ['gzip, deflate']
      Connection: [keep-alive]
      Content-Type: [application/json; charset=utf-8]
      User-Agent: [python/3.5.0 (Windows-10.0.10586) requests/2.9.1 msrest/0.4.4 msrest_azure/0.4.7
          resourcemanagementclient/0.30.2 Azure-SDK-For-Python AZURECLI/TEST/0.1.1b3+dev]
      accept-language: [en-US]
      x-ms-client-request-id: [fee0c352-f20f-11e6-a916-f4b7e2e85440]
    method: GET
    uri: https://management.azure.com/subscriptions/00000000-0000-0000-0000-000000000000/resourcegroups/cli_test_managed_disk?api-version=2016-09-01
  response:
    body: {string: '{"id":"/subscriptions/00000000-0000-0000-0000-000000000000/resourceGroups/cli_test_managed_disk","name":"cli_test_managed_disk","location":"westus","tags":{"use":"az-test"},"properties":{"provisioningState":"Succeeded"}}'}
    headers:
      Cache-Control: [no-cache]
      Content-Type: [application/json; charset=utf-8]
      Date: ['Mon, 13 Feb 2017 17:15:19 GMT']
      Expires: ['-1']
      Pragma: [no-cache]
      Strict-Transport-Security: [max-age=31536000; includeSubDomains]
      Vary: [Accept-Encoding]
      content-length: ['232']
    status: {code: 200, message: OK}
- request:
    body: '{"properties": {"accountType": "Premium_LRS", "creationData": {"createOption":
      "Copy", "sourceResourceId": "/subscriptions/0b1f6471-1bf0-4dda-aec3-cb9272f09590/resourcegroups/cli_test_managed_disk/providers/microsoft.compute/disks/d1"}},
      "location": "westus"}'
    headers:
      Accept: [application/json]
      Accept-Encoding: ['gzip, deflate']
      Connection: [keep-alive]
      Content-Length: ['265']
      Content-Type: [application/json; charset=utf-8]
      User-Agent: [python/3.5.0 (Windows-10.0.10586) requests/2.9.1 msrest/0.4.4 msrest_azure/0.4.7
          computemanagementclient/0.33.0 Azure-SDK-For-Python AZURECLI/TEST/0.1.1b3+dev]
      accept-language: [en-US]
      x-ms-client-request-id: [fef7e778-f20f-11e6-b477-f4b7e2e85440]
    method: PUT
    uri: https://management.azure.com/subscriptions/00000000-0000-0000-0000-000000000000/resourceGroups/cli_test_managed_disk/providers/Microsoft.Compute/disks/d2?api-version=2016-04-30-preview
  response:
    body: {string: "{\r\n  \"properties\": {\r\n    \"accountType\": \"Premium_LRS\"\
        ,\r\n    \"creationData\": {\r\n      \"createOption\": \"Copy\",\r\n    \
        \  \"sourceResourceId\": \"/subscriptions/00000000-0000-0000-0000-000000000000/resourcegroups/cli_test_managed_disk/providers/microsoft.compute/disks/d1\"\
        \r\n    },\r\n    \"provisioningState\": \"Updating\",\r\n    \"isArmResource\"\
        : true\r\n  },\r\n  \"location\": \"westus\"\r\n}"}
    headers:
      Azure-AsyncOperation: ['https://management.azure.com/subscriptions/0b1f6471-1bf0-4dda-aec3-cb9272f09590/providers/Microsoft.Compute/locations/westus/DiskOperations/aec1fb28-923d-4a5a-be69-567cc1919d2c?api-version=2016-04-30-preview']
      Cache-Control: [no-cache]
      Content-Length: ['376']
      Content-Type: [application/json; charset=utf-8]
      Date: ['Mon, 13 Feb 2017 17:15:19 GMT']
      Expires: ['-1']
      Location: ['https://management.azure.com/subscriptions/0b1f6471-1bf0-4dda-aec3-cb9272f09590/providers/Microsoft.Compute/locations/westus/DiskOperations/aec1fb28-923d-4a5a-be69-567cc1919d2c?monitor=true&api-version=2016-04-30-preview']
      Pragma: [no-cache]
      Server: [Microsoft-HTTPAPI/2.0, Microsoft-HTTPAPI/2.0]
      Strict-Transport-Security: [max-age=31536000; includeSubDomains]
      x-ms-ratelimit-remaining-subscription-writes: ['1198']
    status: {code: 202, message: Accepted}
- request:
    body: null
    headers:
      Accept: [application/json]
      Accept-Encoding: ['gzip, deflate']
      Connection: [keep-alive]
      Content-Type: [application/json; charset=utf-8]
      User-Agent: [python/3.5.0 (Windows-10.0.10586) requests/2.9.1 msrest/0.4.4 msrest_azure/0.4.7
          computemanagementclient/0.33.0 Azure-SDK-For-Python AZURECLI/TEST/0.1.1b3+dev]
      accept-language: [en-US]
      x-ms-client-request-id: [fef7e778-f20f-11e6-b477-f4b7e2e85440]
    method: GET
    uri: https://management.azure.com/subscriptions/00000000-0000-0000-0000-000000000000/providers/Microsoft.Compute/locations/westus/DiskOperations/aec1fb28-923d-4a5a-be69-567cc1919d2c?api-version=2016-04-30-preview
  response:
    body: {string: "{\r\n  \"startTime\": \"2017-02-13T17:15:19.5251116+00:00\",\r\
        \n  \"endTime\": \"2017-02-13T17:15:20.0563501+00:00\",\r\n  \"status\": \"\
        Succeeded\",\r\n  \"properties\": {\r\n    \"output\": {\"properties\":{\"\
        accountType\":\"Premium_LRS\",\"creationData\":{\"createOption\":\"Copy\"\
        ,\"sourceUri\":\"/subscriptions/00000000-0000-0000-0000-000000000000/resourcegroups/cli_test_managed_disk/providers/microsoft.compute/disks/d1\"\
        },\"timeCreated\":\"2017-02-13T17:15:19.5251116+00:00\",\"provisioningState\"\
        :\"Succeeded\",\"diskState\":\"Unattached\"},\"type\":\"Microsoft.Compute/disks\"\
        ,\"location\":\"westus\",\"id\":\"/subscriptions/00000000-0000-0000-0000-000000000000/resourceGroups/cli_test_managed_disk/providers/Microsoft.Compute/disks/d2\"\
        ,\"name\":\"d2\"}\r\n  },\r\n  \"name\": \"aec1fb28-923d-4a5a-be69-567cc1919d2c\"\
        \r\n}"}
    headers:
      Cache-Control: [no-cache]
      Content-Type: [application/json; charset=utf-8]
      Date: ['Mon, 13 Feb 2017 17:15:50 GMT']
      Expires: ['-1']
      Pragma: [no-cache]
      Server: [Microsoft-HTTPAPI/2.0, Microsoft-HTTPAPI/2.0]
      Strict-Transport-Security: [max-age=31536000; includeSubDomains]
      Transfer-Encoding: [chunked]
      Vary: [Accept-Encoding]
      content-length: ['765']
    status: {code: 200, message: OK}
- request:
    body: null
    headers:
      Accept: [application/json]
      Accept-Encoding: ['gzip, deflate']
      Connection: [keep-alive]
      Content-Type: [application/json; charset=utf-8]
      User-Agent: [python/3.5.0 (Windows-10.0.10586) requests/2.9.1 msrest/0.4.4 msrest_azure/0.4.7
          computemanagementclient/0.33.0 Azure-SDK-For-Python AZURECLI/TEST/0.1.1b3+dev]
      accept-language: [en-US]
      x-ms-client-request-id: [fef7e778-f20f-11e6-b477-f4b7e2e85440]
    method: GET
    uri: https://management.azure.com/subscriptions/00000000-0000-0000-0000-000000000000/resourceGroups/cli_test_managed_disk/providers/Microsoft.Compute/disks/d2?api-version=2016-04-30-preview
  response:
    body: {string: "{\r\n  \"properties\": {\r\n    \"accountType\": \"Premium_LRS\"\
        ,\r\n    \"creationData\": {\r\n      \"createOption\": \"Copy\",\r\n    \
        \  \"sourceUri\": \"/subscriptions/00000000-0000-0000-0000-000000000000/resourcegroups/cli_test_managed_disk/providers/microsoft.compute/disks/d1\"\
        \r\n    },\r\n    \"timeCreated\": \"2017-02-13T17:15:19.5251116+00:00\",\r\
        \n    \"provisioningState\": \"Succeeded\",\r\n    \"diskState\": \"Unattached\"\
        \r\n  },\r\n  \"type\": \"Microsoft.Compute/disks\",\r\n  \"location\": \"\
        westus\",\r\n  \"id\": \"/subscriptions/00000000-0000-0000-0000-000000000000/resourceGroups/cli_test_managed_disk/providers/Microsoft.Compute/disks/d2\"\
        ,\r\n  \"name\": \"d2\"\r\n}"}
    headers:
      Cache-Control: [no-cache]
      Content-Type: [application/json; charset=utf-8]
      Date: ['Mon, 13 Feb 2017 17:15:51 GMT']
      Expires: ['-1']
      Pragma: [no-cache]
      Server: [Microsoft-HTTPAPI/2.0, Microsoft-HTTPAPI/2.0]
      Strict-Transport-Security: [max-age=31536000; includeSubDomains]
      Transfer-Encoding: [chunked]
      Vary: [Accept-Encoding]
      content-length: ['630']
    status: {code: 200, message: OK}
- request:
    body: null
    headers:
      Accept: [application/json]
      Accept-Encoding: ['gzip, deflate']
      Connection: [keep-alive]
      Content-Type: [application/json; charset=utf-8]
      User-Agent: [python/3.5.0 (Windows-10.0.10586) requests/2.9.1 msrest/0.4.4 msrest_azure/0.4.7
          resourcemanagementclient/0.30.2 Azure-SDK-For-Python AZURECLI/TEST/0.1.1b3+dev]
      accept-language: [en-US]
      x-ms-client-request-id: [13449c26-f210-11e6-b158-f4b7e2e85440]
    method: GET
    uri: https://management.azure.com/subscriptions/00000000-0000-0000-0000-000000000000/resourcegroups/cli_test_managed_disk?api-version=2016-09-01
  response:
    body: {string: '{"id":"/subscriptions/00000000-0000-0000-0000-000000000000/resourceGroups/cli_test_managed_disk","name":"cli_test_managed_disk","location":"westus","tags":{"use":"az-test"},"properties":{"provisioningState":"Succeeded"}}'}
    headers:
      Cache-Control: [no-cache]
      Content-Type: [application/json; charset=utf-8]
      Date: ['Mon, 13 Feb 2017 17:15:53 GMT']
      Expires: ['-1']
      Pragma: [no-cache]
      Strict-Transport-Security: [max-age=31536000; includeSubDomains]
      Vary: [Accept-Encoding]
      content-length: ['232']
    status: {code: 200, message: OK}
- request:
    body: '{"properties": {"accountType": "Premium_LRS", "diskSizeGB": 1, "creationData":
      {"createOption": "Empty"}}, "location": "westus"}'
    headers:
      Accept: [application/json]
      Accept-Encoding: ['gzip, deflate']
      Connection: [keep-alive]
      Content-Length: ['128']
      Content-Type: [application/json; charset=utf-8]
      User-Agent: [python/3.5.0 (Windows-10.0.10586) requests/2.9.1 msrest/0.4.4 msrest_azure/0.4.7
          computemanagementclient/0.33.0 Azure-SDK-For-Python AZURECLI/TEST/0.1.1b3+dev]
      accept-language: [en-US]
      x-ms-client-request-id: [138db706-f210-11e6-a26a-f4b7e2e85440]
    method: PUT
    uri: https://management.azure.com/subscriptions/00000000-0000-0000-0000-000000000000/resourceGroups/cli_test_managed_disk/providers/Microsoft.Compute/snapshots/s1?api-version=2016-04-30-preview
  response:
    body: {string: "{\r\n  \"properties\": {\r\n    \"accountType\": \"Premium_LRS\"\
        ,\r\n    \"creationData\": {\r\n      \"createOption\": \"Empty\"\r\n    },\r\
        \n    \"diskSizeGB\": 1,\r\n    \"provisioningState\": \"Updating\",\r\n \
        \   \"isArmResource\": true\r\n  },\r\n  \"location\": \"westus\"\r\n}"}
    headers:
      Azure-AsyncOperation: ['https://management.azure.com/subscriptions/0b1f6471-1bf0-4dda-aec3-cb9272f09590/providers/Microsoft.Compute/locations/westus/DiskOperations/75ed521c-8f02-4750-b6e5-c5a4ccd3fc45?api-version=2016-04-30-preview']
      Cache-Control: [no-cache]
      Content-Length: ['237']
      Content-Type: [application/json; charset=utf-8]
      Date: ['Mon, 13 Feb 2017 17:15:55 GMT']
      Expires: ['-1']
      Location: ['https://management.azure.com/subscriptions/0b1f6471-1bf0-4dda-aec3-cb9272f09590/providers/Microsoft.Compute/locations/westus/DiskOperations/75ed521c-8f02-4750-b6e5-c5a4ccd3fc45?monitor=true&api-version=2016-04-30-preview']
      Pragma: [no-cache]
      Server: [Microsoft-HTTPAPI/2.0, Microsoft-HTTPAPI/2.0]
      Strict-Transport-Security: [max-age=31536000; includeSubDomains]
      x-ms-ratelimit-remaining-subscription-writes: ['1198']
    status: {code: 202, message: Accepted}
- request:
    body: null
    headers:
      Accept: [application/json]
      Accept-Encoding: ['gzip, deflate']
      Connection: [keep-alive]
      Content-Type: [application/json; charset=utf-8]
      User-Agent: [python/3.5.0 (Windows-10.0.10586) requests/2.9.1 msrest/0.4.4 msrest_azure/0.4.7
          computemanagementclient/0.33.0 Azure-SDK-For-Python AZURECLI/TEST/0.1.1b3+dev]
      accept-language: [en-US]
      x-ms-client-request-id: [138db706-f210-11e6-a26a-f4b7e2e85440]
    method: GET
    uri: https://management.azure.com/subscriptions/00000000-0000-0000-0000-000000000000/providers/Microsoft.Compute/locations/westus/DiskOperations/75ed521c-8f02-4750-b6e5-c5a4ccd3fc45?api-version=2016-04-30-preview
  response:
    body: {string: "{\r\n  \"startTime\": \"2017-02-13T17:15:54.242254+00:00\",\r\n\
        \  \"endTime\": \"2017-02-13T17:15:54.5866076+00:00\",\r\n  \"status\": \"\
        Succeeded\",\r\n  \"properties\": {\r\n    \"output\": {\"properties\":{\"\
        accountType\":\"Premium_LRS\",\"creationData\":{\"createOption\":\"Empty\"\
        },\"diskSizeGB\":1,\"timeCreated\":\"2017-02-13T17:15:54.242254+00:00\",\"\
        provisioningState\":\"Succeeded\",\"diskState\":\"Unattached\"},\"type\":\"\
        Microsoft.Compute/snapshots\",\"location\":\"westus\",\"id\":\"/subscriptions/00000000-0000-0000-0000-000000000000/resourceGroups/cli_test_managed_disk/providers/Microsoft.Compute/snapshots/s1\"\
        ,\"name\":\"s1\"}\r\n  },\r\n  \"name\": \"75ed521c-8f02-4750-b6e5-c5a4ccd3fc45\"\
        \r\n}"}
    headers:
      Cache-Control: [no-cache]
      Content-Type: [application/json; charset=utf-8]
      Date: ['Mon, 13 Feb 2017 17:16:25 GMT']
      Expires: ['-1']
      Pragma: [no-cache]
      Server: [Microsoft-HTTPAPI/2.0, Microsoft-HTTPAPI/2.0]
      Strict-Transport-Security: [max-age=31536000; includeSubDomains]
      Transfer-Encoding: [chunked]
      Vary: [Accept-Encoding]
      content-length: ['641']
    status: {code: 200, message: OK}
- request:
    body: null
    headers:
      Accept: [application/json]
      Accept-Encoding: ['gzip, deflate']
      Connection: [keep-alive]
      Content-Type: [application/json; charset=utf-8]
      User-Agent: [python/3.5.0 (Windows-10.0.10586) requests/2.9.1 msrest/0.4.4 msrest_azure/0.4.7
          computemanagementclient/0.33.0 Azure-SDK-For-Python AZURECLI/TEST/0.1.1b3+dev]
      accept-language: [en-US]
      x-ms-client-request-id: [138db706-f210-11e6-a26a-f4b7e2e85440]
    method: GET
    uri: https://management.azure.com/subscriptions/00000000-0000-0000-0000-000000000000/resourceGroups/cli_test_managed_disk/providers/Microsoft.Compute/snapshots/s1?api-version=2016-04-30-preview
  response:
    body: {string: "{\r\n  \"properties\": {\r\n    \"accountType\": \"Premium_LRS\"\
        ,\r\n    \"creationData\": {\r\n      \"createOption\": \"Empty\"\r\n    },\r\
        \n    \"diskSizeGB\": 1,\r\n    \"timeCreated\": \"2017-02-13T17:15:54.242254+00:00\"\
        ,\r\n    \"provisioningState\": \"Succeeded\",\r\n    \"diskState\": \"Unattached\"\
        \r\n  },\r\n  \"type\": \"Microsoft.Compute/snapshots\",\r\n  \"location\"\
        : \"westus\",\r\n  \"id\": \"/subscriptions/00000000-0000-0000-0000-000000000000/resourceGroups/cli_test_managed_disk/providers/Microsoft.Compute/snapshots/s1\"\
        ,\r\n  \"name\": \"s1\"\r\n}"}
    headers:
      Cache-Control: [no-cache]
      Content-Type: [application/json; charset=utf-8]
      Date: ['Mon, 13 Feb 2017 17:16:25 GMT']
      Expires: ['-1']
      Pragma: [no-cache]
      Server: [Microsoft-HTTPAPI/2.0, Microsoft-HTTPAPI/2.0]
      Strict-Transport-Security: [max-age=31536000; includeSubDomains]
      Transfer-Encoding: [chunked]
      Vary: [Accept-Encoding]
      content-length: ['505']
    status: {code: 200, message: OK}
- request:
    body: null
    headers:
      Accept: [application/json]
      Accept-Encoding: ['gzip, deflate']
      Connection: [keep-alive]
      Content-Type: [application/json; charset=utf-8]
      User-Agent: [python/3.5.0 (Windows-10.0.10586) requests/2.9.1 msrest/0.4.4 msrest_azure/0.4.7
          computemanagementclient/0.33.0 Azure-SDK-For-Python AZURECLI/TEST/0.1.1b3+dev]
      accept-language: [en-US]
      x-ms-client-request-id: [2705eff4-f210-11e6-9792-f4b7e2e85440]
    method: GET
    uri: https://management.azure.com/subscriptions/00000000-0000-0000-0000-000000000000/resourceGroups/cli_test_managed_disk/providers/Microsoft.Compute/snapshots/s1?api-version=2016-04-30-preview
  response:
    body: {string: "{\r\n  \"properties\": {\r\n    \"accountType\": \"Premium_LRS\"\
        ,\r\n    \"creationData\": {\r\n      \"createOption\": \"Empty\"\r\n    },\r\
        \n    \"diskSizeGB\": 1,\r\n    \"timeCreated\": \"2017-02-13T17:15:54.242254+00:00\"\
        ,\r\n    \"provisioningState\": \"Succeeded\",\r\n    \"diskState\": \"Unattached\"\
        \r\n  },\r\n  \"type\": \"Microsoft.Compute/snapshots\",\r\n  \"location\"\
        : \"westus\",\r\n  \"id\": \"/subscriptions/00000000-0000-0000-0000-000000000000/resourceGroups/cli_test_managed_disk/providers/Microsoft.Compute/snapshots/s1\"\
        ,\r\n  \"name\": \"s1\"\r\n}"}
    headers:
      Cache-Control: [no-cache]
      Content-Type: [application/json; charset=utf-8]
      Date: ['Mon, 13 Feb 2017 17:16:26 GMT']
      Expires: ['-1']
      Pragma: [no-cache]
      Server: [Microsoft-HTTPAPI/2.0, Microsoft-HTTPAPI/2.0]
      Strict-Transport-Security: [max-age=31536000; includeSubDomains]
      Transfer-Encoding: [chunked]
      Vary: [Accept-Encoding]
      content-length: ['505']
    status: {code: 200, message: OK}
- request:
    body: '{"properties": {"accountType": "Standard_LRS", "diskSizeGB": 1, "creationData":
      {"createOption": "Empty"}}, "location": "westus"}'
    headers:
      Accept: [application/json]
      Accept-Encoding: ['gzip, deflate']
      Connection: [keep-alive]
      Content-Length: ['129']
      Content-Type: [application/json; charset=utf-8]
      User-Agent: [python/3.5.0 (Windows-10.0.10586) requests/2.9.1 msrest/0.4.4 msrest_azure/0.4.7
          computemanagementclient/0.33.0 Azure-SDK-For-Python AZURECLI/TEST/0.1.1b3+dev]
      accept-language: [en-US]
      x-ms-client-request-id: [271d0742-f210-11e6-9779-f4b7e2e85440]
    method: PUT
    uri: https://management.azure.com/subscriptions/00000000-0000-0000-0000-000000000000/resourceGroups/cli_test_managed_disk/providers/Microsoft.Compute/snapshots/s1?api-version=2016-04-30-preview
  response:
    body: {string: "{\r\n  \"properties\": {\r\n    \"accountType\": \"Standard_LRS\"\
        ,\r\n    \"creationData\": {\r\n      \"createOption\": \"Empty\"\r\n    },\r\
        \n    \"diskSizeGB\": 1,\r\n    \"provisioningState\": \"Updating\",\r\n \
        \   \"isArmResource\": true\r\n  },\r\n  \"location\": \"westus\"\r\n}"}
    headers:
      Azure-AsyncOperation: ['https://management.azure.com/subscriptions/0b1f6471-1bf0-4dda-aec3-cb9272f09590/providers/Microsoft.Compute/locations/westus/DiskOperations/5dcb8f42-a5a1-4ef7-81a3-1e2453b2ccab?api-version=2016-04-30-preview']
      Cache-Control: [no-cache]
      Content-Length: ['238']
      Content-Type: [application/json; charset=utf-8]
      Date: ['Mon, 13 Feb 2017 17:16:27 GMT']
      Expires: ['-1']
      Location: ['https://management.azure.com/subscriptions/0b1f6471-1bf0-4dda-aec3-cb9272f09590/providers/Microsoft.Compute/locations/westus/DiskOperations/5dcb8f42-a5a1-4ef7-81a3-1e2453b2ccab?monitor=true&api-version=2016-04-30-preview']
      Pragma: [no-cache]
      Server: [Microsoft-HTTPAPI/2.0, Microsoft-HTTPAPI/2.0]
      Strict-Transport-Security: [max-age=31536000; includeSubDomains]
      x-ms-ratelimit-remaining-subscription-writes: ['1199']
    status: {code: 202, message: Accepted}
- request:
    body: null
    headers:
      Accept: [application/json]
      Accept-Encoding: ['gzip, deflate']
      Connection: [keep-alive]
      Content-Type: [application/json; charset=utf-8]
      User-Agent: [python/3.5.0 (Windows-10.0.10586) requests/2.9.1 msrest/0.4.4 msrest_azure/0.4.7
          computemanagementclient/0.33.0 Azure-SDK-For-Python AZURECLI/TEST/0.1.1b3+dev]
      accept-language: [en-US]
      x-ms-client-request-id: [271d0742-f210-11e6-9779-f4b7e2e85440]
    method: GET
    uri: https://management.azure.com/subscriptions/00000000-0000-0000-0000-000000000000/providers/Microsoft.Compute/locations/westus/DiskOperations/5dcb8f42-a5a1-4ef7-81a3-1e2453b2ccab?api-version=2016-04-30-preview
  response:
    body: {string: "{\r\n  \"startTime\": \"2017-02-13T17:16:26.4283204+00:00\",\r\
        \n  \"endTime\": \"2017-02-13T17:16:27.8345702+00:00\",\r\n  \"status\": \"\
        Succeeded\",\r\n  \"properties\": {\r\n    \"output\": {\r\n  \"properties\"\
        : {\r\n    \"accountType\": \"Standard_LRS\",\r\n    \"creationData\": {\r\
        \n      \"createOption\": \"Empty\"\r\n    },\r\n    \"diskSizeGB\": 1,\r\n\
        \    \"timeCreated\": \"2017-02-13T17:15:54.242254+00:00\",\r\n    \"provisioningState\"\
        : \"Succeeded\",\r\n    \"diskState\": \"Unattached\"\r\n  },\r\n  \"type\"\
        : \"Microsoft.Compute/snapshots\",\r\n  \"location\": \"westus\",\r\n  \"\
        id\": \"/subscriptions/00000000-0000-0000-0000-000000000000/resourceGroups/cli_test_managed_disk/providers/Microsoft.Compute/snapshots/s1\"\
        ,\r\n  \"name\": \"s1\"\r\n}\r\n  },\r\n  \"name\": \"5dcb8f42-a5a1-4ef7-81a3-1e2453b2ccab\"\
        \r\n}"}
    headers:
      Cache-Control: [no-cache]
      Content-Type: [application/json; charset=utf-8]
      Date: ['Mon, 13 Feb 2017 17:16:57 GMT']
      Expires: ['-1']
      Pragma: [no-cache]
      Server: [Microsoft-HTTPAPI/2.0, Microsoft-HTTPAPI/2.0]
      Strict-Transport-Security: [max-age=31536000; includeSubDomains]
      Transfer-Encoding: [chunked]
      Vary: [Accept-Encoding]
      content-length: ['731']
    status: {code: 200, message: OK}
- request:
    body: null
    headers:
      Accept: [application/json]
      Accept-Encoding: ['gzip, deflate']
      Connection: [keep-alive]
      Content-Type: [application/json; charset=utf-8]
      User-Agent: [python/3.5.0 (Windows-10.0.10586) requests/2.9.1 msrest/0.4.4 msrest_azure/0.4.7
          computemanagementclient/0.33.0 Azure-SDK-For-Python AZURECLI/TEST/0.1.1b3+dev]
      accept-language: [en-US]
      x-ms-client-request-id: [271d0742-f210-11e6-9779-f4b7e2e85440]
    method: GET
    uri: https://management.azure.com/subscriptions/00000000-0000-0000-0000-000000000000/resourceGroups/cli_test_managed_disk/providers/Microsoft.Compute/snapshots/s1?api-version=2016-04-30-preview
  response:
    body: {string: "{\r\n  \"properties\": {\r\n    \"accountType\": \"Standard_LRS\"\
        ,\r\n    \"creationData\": {\r\n      \"createOption\": \"Empty\"\r\n    },\r\
        \n    \"diskSizeGB\": 1,\r\n    \"timeCreated\": \"2017-02-13T17:15:54.242254+00:00\"\
        ,\r\n    \"provisioningState\": \"Succeeded\",\r\n    \"diskState\": \"Unattached\"\
        \r\n  },\r\n  \"type\": \"Microsoft.Compute/snapshots\",\r\n  \"location\"\
        : \"westus\",\r\n  \"id\": \"/subscriptions/00000000-0000-0000-0000-000000000000/resourceGroups/cli_test_managed_disk/providers/Microsoft.Compute/snapshots/s1\"\
        ,\r\n  \"name\": \"s1\"\r\n}"}
    headers:
      Cache-Control: [no-cache]
      Content-Type: [application/json; charset=utf-8]
      Date: ['Mon, 13 Feb 2017 17:16:58 GMT']
      Expires: ['-1']
      Pragma: [no-cache]
      Server: [Microsoft-HTTPAPI/2.0, Microsoft-HTTPAPI/2.0]
      Strict-Transport-Security: [max-age=31536000; includeSubDomains]
      Transfer-Encoding: [chunked]
      Vary: [Accept-Encoding]
      content-length: ['506']
    status: {code: 200, message: OK}
- request:
    body: null
    headers:
      Accept: [application/json]
      Accept-Encoding: ['gzip, deflate']
      Connection: [keep-alive]
      Content-Type: [application/json; charset=utf-8]
      User-Agent: [python/3.5.0 (Windows-10.0.10586) requests/2.9.1 msrest/0.4.4 msrest_azure/0.4.7
          computemanagementclient/0.33.0 Azure-SDK-For-Python AZURECLI/TEST/0.1.1b3+dev]
      accept-language: [en-US]
      x-ms-client-request-id: [3a553b6e-f210-11e6-8389-f4b7e2e85440]
    method: GET
    uri: https://management.azure.com/subscriptions/00000000-0000-0000-0000-000000000000/resourceGroups/cli_test_managed_disk/providers/Microsoft.Compute/snapshots/d1?api-version=2016-04-30-preview
  response:
    body: {string: '{"error":{"code":"ResourceNotFound","message":"The Resource ''Microsoft.Compute/snapshots/d1''
        under resource group ''cli_test_managed_disk'' was not found."}}'}
    headers:
      Cache-Control: [no-cache]
      Content-Length: ['161']
      Content-Type: [application/json; charset=utf-8]
      Date: ['Mon, 13 Feb 2017 17:16:59 GMT']
      Expires: ['-1']
      Pragma: [no-cache]
      Strict-Transport-Security: [max-age=31536000; includeSubDomains]
      x-ms-failure-cause: [gateway]
    status: {code: 404, message: Not Found}
- request:
    body: null
    headers:
      Accept: [application/json]
      Accept-Encoding: ['gzip, deflate']
      Connection: [keep-alive]
      Content-Type: [application/json; charset=utf-8]
      User-Agent: [python/3.5.0 (Windows-10.0.10586) requests/2.9.1 msrest/0.4.4 msrest_azure/0.4.7
          computemanagementclient/0.33.0 Azure-SDK-For-Python AZURECLI/TEST/0.1.1b3+dev]
      accept-language: [en-US]
      x-ms-client-request-id: [3ab22a88-f210-11e6-a386-f4b7e2e85440]
    method: GET
    uri: https://management.azure.com/subscriptions/00000000-0000-0000-0000-000000000000/resourceGroups/cli_test_managed_disk/providers/Microsoft.Compute/disks/d1?api-version=2016-04-30-preview
  response:
    body: {string: "{\r\n  \"properties\": {\r\n    \"accountType\": \"Standard_LRS\"\
        ,\r\n    \"creationData\": {\r\n      \"createOption\": \"Empty\"\r\n    },\r\
        \n    \"diskSizeGB\": 10,\r\n    \"timeCreated\": \"2017-02-13T17:14:13.0375895+00:00\"\
        ,\r\n    \"provisioningState\": \"Succeeded\",\r\n    \"diskState\": \"Unattached\"\
        \r\n  },\r\n  \"type\": \"Microsoft.Compute/disks\",\r\n  \"location\": \"\
        westus\",\r\n  \"id\": \"/subscriptions/00000000-0000-0000-0000-000000000000/resourceGroups/cli_test_managed_disk/providers/Microsoft.Compute/disks/d1\"\
        ,\r\n  \"name\": \"d1\"\r\n}"}
    headers:
      Cache-Control: [no-cache]
      Content-Type: [application/json; charset=utf-8]
      Date: ['Mon, 13 Feb 2017 17:16:59 GMT']
      Expires: ['-1']
      Pragma: [no-cache]
      Server: [Microsoft-HTTPAPI/2.0, Microsoft-HTTPAPI/2.0]
      Strict-Transport-Security: [max-age=31536000; includeSubDomains]
      Transfer-Encoding: [chunked]
      Vary: [Accept-Encoding]
      content-length: ['500']
    status: {code: 200, message: OK}
- request:
    body: null
    headers:
      Accept: [application/json]
      Accept-Encoding: ['gzip, deflate']
      Connection: [keep-alive]
      Content-Type: [application/json; charset=utf-8]
      User-Agent: [python/3.5.0 (Windows-10.0.10586) requests/2.9.1 msrest/0.4.4 msrest_azure/0.4.7
          resourcemanagementclient/0.30.2 Azure-SDK-For-Python AZURECLI/TEST/0.1.1b3+dev]
      accept-language: [en-US]
      x-ms-client-request-id: [3b087e52-f210-11e6-9e75-f4b7e2e85440]
    method: GET
    uri: https://management.azure.com/subscriptions/00000000-0000-0000-0000-000000000000/resourcegroups/cli_test_managed_disk?api-version=2016-09-01
  response:
    body: {string: '{"id":"/subscriptions/00000000-0000-0000-0000-000000000000/resourceGroups/cli_test_managed_disk","name":"cli_test_managed_disk","location":"westus","tags":{"use":"az-test"},"properties":{"provisioningState":"Succeeded"}}'}
    headers:
      Cache-Control: [no-cache]
      Content-Type: [application/json; charset=utf-8]
      Date: ['Mon, 13 Feb 2017 17:17:00 GMT']
      Expires: ['-1']
      Pragma: [no-cache]
      Strict-Transport-Security: [max-age=31536000; includeSubDomains]
      Vary: [Accept-Encoding]
      content-length: ['232']
    status: {code: 200, message: OK}
- request:
    body: '{"properties": {"accountType": "Premium_LRS", "creationData": {"createOption":
      "Copy", "sourceResourceId": "/subscriptions/0b1f6471-1bf0-4dda-aec3-cb9272f09590/resourceGroups/cli_test_managed_disk/providers/Microsoft.Compute/disks/d1"}},
      "location": "westus"}'
    headers:
      Accept: [application/json]
      Accept-Encoding: ['gzip, deflate']
      Connection: [keep-alive]
      Content-Length: ['265']
      Content-Type: [application/json; charset=utf-8]
      User-Agent: [python/3.5.0 (Windows-10.0.10586) requests/2.9.1 msrest/0.4.4 msrest_azure/0.4.7
          computemanagementclient/0.33.0 Azure-SDK-For-Python AZURECLI/TEST/0.1.1b3+dev]
      accept-language: [en-US]
      x-ms-client-request-id: [3b361b00-f210-11e6-9553-f4b7e2e85440]
    method: PUT
    uri: https://management.azure.com/subscriptions/00000000-0000-0000-0000-000000000000/resourceGroups/cli_test_managed_disk/providers/Microsoft.Compute/snapshots/s2?api-version=2016-04-30-preview
  response:
    body: {string: "{\r\n  \"properties\": {\r\n    \"accountType\": \"Premium_LRS\"\
        ,\r\n    \"creationData\": {\r\n      \"createOption\": \"Copy\",\r\n    \
        \  \"sourceResourceId\": \"/subscriptions/00000000-0000-0000-0000-000000000000/resourceGroups/cli_test_managed_disk/providers/Microsoft.Compute/disks/d1\"\
        \r\n    },\r\n    \"provisioningState\": \"Updating\",\r\n    \"isArmResource\"\
        : true\r\n  },\r\n  \"location\": \"westus\"\r\n}"}
    headers:
      Azure-AsyncOperation: ['https://management.azure.com/subscriptions/0b1f6471-1bf0-4dda-aec3-cb9272f09590/providers/Microsoft.Compute/locations/westus/DiskOperations/b51cf687-62eb-4af2-a74f-3271b8f5e12b?api-version=2016-04-30-preview']
      Cache-Control: [no-cache]
      Content-Length: ['376']
      Content-Type: [application/json; charset=utf-8]
      Date: ['Mon, 13 Feb 2017 17:17:02 GMT']
      Expires: ['-1']
      Location: ['https://management.azure.com/subscriptions/0b1f6471-1bf0-4dda-aec3-cb9272f09590/providers/Microsoft.Compute/locations/westus/DiskOperations/b51cf687-62eb-4af2-a74f-3271b8f5e12b?monitor=true&api-version=2016-04-30-preview']
      Pragma: [no-cache]
      Server: [Microsoft-HTTPAPI/2.0, Microsoft-HTTPAPI/2.0]
      Strict-Transport-Security: [max-age=31536000; includeSubDomains]
      x-ms-ratelimit-remaining-subscription-writes: ['1199']
    status: {code: 202, message: Accepted}
- request:
    body: null
    headers:
      Accept: [application/json]
      Accept-Encoding: ['gzip, deflate']
      Connection: [keep-alive]
      Content-Type: [application/json; charset=utf-8]
      User-Agent: [python/3.5.0 (Windows-10.0.10586) requests/2.9.1 msrest/0.4.4 msrest_azure/0.4.7
          computemanagementclient/0.33.0 Azure-SDK-For-Python AZURECLI/TEST/0.1.1b3+dev]
      accept-language: [en-US]
      x-ms-client-request-id: [3b361b00-f210-11e6-9553-f4b7e2e85440]
    method: GET
    uri: https://management.azure.com/subscriptions/00000000-0000-0000-0000-000000000000/providers/Microsoft.Compute/locations/westus/DiskOperations/b51cf687-62eb-4af2-a74f-3271b8f5e12b?api-version=2016-04-30-preview
  response:
    body: {string: "{\r\n  \"startTime\": \"2017-02-13T17:17:01.1138937+00:00\",\r\
        \n  \"endTime\": \"2017-02-13T17:17:02.8498382+00:00\",\r\n  \"status\": \"\
        Succeeded\",\r\n  \"properties\": {\r\n    \"output\": {\"properties\":{\"\
        accountType\":\"Premium_LRS\",\"creationData\":{\"createOption\":\"Copy\"\
        ,\"sourceUri\":\"/subscriptions/00000000-0000-0000-0000-000000000000/resourceGroups/cli_test_managed_disk/providers/Microsoft.Compute/disks/d1\"\
        },\"diskSizeGB\":10,\"timeCreated\":\"2017-02-13T17:17:01.1138937+00:00\"\
        ,\"provisioningState\":\"Succeeded\",\"diskState\":\"Unattached\"},\"type\"\
        :\"Microsoft.Compute/snapshots\",\"location\":\"westus\",\"id\":\"/subscriptions/00000000-0000-0000-0000-000000000000/resourceGroups/cli_test_managed_disk/providers/Microsoft.Compute/snapshots/s2\"\
        ,\"name\":\"s2\"}\r\n  },\r\n  \"name\": \"b51cf687-62eb-4af2-a74f-3271b8f5e12b\"\
        \r\n}"}
    headers:
      Cache-Control: [no-cache]
      Content-Type: [application/json; charset=utf-8]
      Date: ['Mon, 13 Feb 2017 17:17:31 GMT']
      Expires: ['-1']
      Pragma: [no-cache]
      Server: [Microsoft-HTTPAPI/2.0, Microsoft-HTTPAPI/2.0]
      Strict-Transport-Security: [max-age=31536000; includeSubDomains]
      Transfer-Encoding: [chunked]
      Vary: [Accept-Encoding]
      content-length: ['789']
    status: {code: 200, message: OK}
- request:
    body: null
    headers:
      Accept: [application/json]
      Accept-Encoding: ['gzip, deflate']
      Connection: [keep-alive]
      Content-Type: [application/json; charset=utf-8]
      User-Agent: [python/3.5.0 (Windows-10.0.10586) requests/2.9.1 msrest/0.4.4 msrest_azure/0.4.7
          computemanagementclient/0.33.0 Azure-SDK-For-Python AZURECLI/TEST/0.1.1b3+dev]
      accept-language: [en-US]
      x-ms-client-request-id: [3b361b00-f210-11e6-9553-f4b7e2e85440]
    method: GET
    uri: https://management.azure.com/subscriptions/00000000-0000-0000-0000-000000000000/resourceGroups/cli_test_managed_disk/providers/Microsoft.Compute/snapshots/s2?api-version=2016-04-30-preview
  response:
    body: {string: "{\r\n  \"properties\": {\r\n    \"accountType\": \"Premium_LRS\"\
        ,\r\n    \"creationData\": {\r\n      \"createOption\": \"Copy\",\r\n    \
        \  \"sourceUri\": \"/subscriptions/00000000-0000-0000-0000-000000000000/resourceGroups/cli_test_managed_disk/providers/Microsoft.Compute/disks/d1\"\
        \r\n    },\r\n    \"diskSizeGB\": 10,\r\n    \"timeCreated\": \"2017-02-13T17:17:01.1138937+00:00\"\
        ,\r\n    \"provisioningState\": \"Succeeded\",\r\n    \"diskState\": \"Unattached\"\
        \r\n  },\r\n  \"type\": \"Microsoft.Compute/snapshots\",\r\n  \"location\"\
        : \"westus\",\r\n  \"id\": \"/subscriptions/00000000-0000-0000-0000-000000000000/resourceGroups/cli_test_managed_disk/providers/Microsoft.Compute/snapshots/s2\"\
        ,\r\n  \"name\": \"s2\"\r\n}"}
    headers:
      Cache-Control: [no-cache]
      Content-Type: [application/json; charset=utf-8]
      Date: ['Mon, 13 Feb 2017 17:17:32 GMT']
      Expires: ['-1']
      Pragma: [no-cache]
      Server: [Microsoft-HTTPAPI/2.0, Microsoft-HTTPAPI/2.0]
      Strict-Transport-Security: [max-age=31536000; includeSubDomains]
      Transfer-Encoding: [chunked]
      Vary: [Accept-Encoding]
      content-length: ['661']
    status: {code: 200, message: OK}
- request:
    body: null
    headers:
      Accept: [application/json]
      Accept-Encoding: ['gzip, deflate']
      Connection: [keep-alive]
      Content-Type: [application/json; charset=utf-8]
      User-Agent: [python/3.5.0 (Windows-10.0.10586) requests/2.9.1 msrest/0.4.4 msrest_azure/0.4.7
          computemanagementclient/0.33.0 Azure-SDK-For-Python AZURECLI/TEST/0.1.1b3+dev]
      accept-language: [en-US]
      x-ms-client-request-id: [4f4a85ae-f210-11e6-aad9-f4b7e2e85440]
    method: GET
    uri: https://management.azure.com/subscriptions/00000000-0000-0000-0000-000000000000/resourceGroups/cli_test_managed_disk/providers/Microsoft.Compute/virtualMachines/s1?api-version=2016-04-30-preview
  response:
    body: {string: '{"error":{"code":"ResourceNotFound","message":"The Resource ''Microsoft.Compute/virtualMachines/s1''
        under resource group ''cli_test_managed_disk'' was not found."}}'}
    headers:
      Cache-Control: [no-cache]
      Content-Length: ['167']
      Content-Type: [application/json; charset=utf-8]
      Date: ['Mon, 13 Feb 2017 17:17:36 GMT']
      Expires: ['-1']
      Pragma: [no-cache]
      Strict-Transport-Security: [max-age=31536000; includeSubDomains]
      x-ms-failure-cause: [gateway]
    status: {code: 404, message: Not Found}
- request:
    body: null
    headers:
      Accept: [application/json]
      Accept-Encoding: ['gzip, deflate']
      Connection: [keep-alive]
      Content-Type: [application/json; charset=utf-8]
      User-Agent: [python/3.5.0 (Windows-10.0.10586) requests/2.9.1 msrest/0.4.4 msrest_azure/0.4.7
          computemanagementclient/0.33.0 Azure-SDK-For-Python AZURECLI/TEST/0.1.1b3+dev]
      accept-language: [en-US]
      x-ms-client-request-id: [50bd6708-f210-11e6-a2ac-f4b7e2e85440]
    method: GET
    uri: https://management.azure.com/subscriptions/00000000-0000-0000-0000-000000000000/resourceGroups/cli_test_managed_disk/providers/Microsoft.Compute/snapshots/s1?api-version=2016-04-30-preview
  response:
    body: {string: "{\r\n  \"properties\": {\r\n    \"accountType\": \"Standard_LRS\"\
        ,\r\n    \"creationData\": {\r\n      \"createOption\": \"Empty\"\r\n    },\r\
        \n    \"diskSizeGB\": 1,\r\n    \"timeCreated\": \"2017-02-13T17:15:54.242254+00:00\"\
        ,\r\n    \"provisioningState\": \"Succeeded\",\r\n    \"diskState\": \"Unattached\"\
        \r\n  },\r\n  \"type\": \"Microsoft.Compute/snapshots\",\r\n  \"location\"\
        : \"westus\",\r\n  \"id\": \"/subscriptions/00000000-0000-0000-0000-000000000000/resourceGroups/cli_test_managed_disk/providers/Microsoft.Compute/snapshots/s1\"\
        ,\r\n  \"name\": \"s1\"\r\n}"}
    headers:
      Cache-Control: [no-cache]
      Content-Type: [application/json; charset=utf-8]
      Date: ['Mon, 13 Feb 2017 17:17:37 GMT']
      Expires: ['-1']
      Pragma: [no-cache]
      Server: [Microsoft-HTTPAPI/2.0, Microsoft-HTTPAPI/2.0]
      Strict-Transport-Security: [max-age=31536000; includeSubDomains]
      Transfer-Encoding: [chunked]
      Vary: [Accept-Encoding]
      content-length: ['506']
    status: {code: 200, message: OK}
- request:
    body: null
    headers:
      Accept: [application/json]
      Accept-Encoding: ['gzip, deflate']
      Connection: [keep-alive]
      Content-Type: [application/json; charset=utf-8]
      User-Agent: [python/3.5.0 (Windows-10.0.10586) requests/2.9.1 msrest/0.4.4 msrest_azure/0.4.7
          computemanagementclient/0.33.0 Azure-SDK-For-Python AZURECLI/TEST/0.1.1b3+dev]
      accept-language: [en-US]
      x-ms-client-request-id: [512e3ec6-f210-11e6-a86a-f4b7e2e85440]
    method: GET
    uri: https://management.azure.com/subscriptions/00000000-0000-0000-0000-000000000000/resourceGroups/cli_test_managed_disk/providers/Microsoft.Compute/snapshots/d1?api-version=2016-04-30-preview
  response:
    body: {string: '{"error":{"code":"ResourceNotFound","message":"The Resource ''Microsoft.Compute/snapshots/d1''
        under resource group ''cli_test_managed_disk'' was not found."}}'}
    headers:
      Cache-Control: [no-cache]
      Content-Length: ['161']
      Content-Type: [application/json; charset=utf-8]
      Date: ['Mon, 13 Feb 2017 17:17:37 GMT']
      Expires: ['-1']
      Pragma: [no-cache]
      Strict-Transport-Security: [max-age=31536000; includeSubDomains]
      x-ms-failure-cause: [gateway]
    status: {code: 404, message: Not Found}
- request:
    body: null
    headers:
      Accept: [application/json]
      Accept-Encoding: ['gzip, deflate']
      Connection: [keep-alive]
      Content-Type: [application/json; charset=utf-8]
      User-Agent: [python/3.5.0 (Windows-10.0.10586) requests/2.9.1 msrest/0.4.4 msrest_azure/0.4.7
          computemanagementclient/0.33.0 Azure-SDK-For-Python AZURECLI/TEST/0.1.1b3+dev]
      accept-language: [en-US]
      x-ms-client-request-id: [51659dcc-f210-11e6-afd7-f4b7e2e85440]
    method: GET
    uri: https://management.azure.com/subscriptions/00000000-0000-0000-0000-000000000000/resourceGroups/cli_test_managed_disk/providers/Microsoft.Compute/disks/d1?api-version=2016-04-30-preview
  response:
    body: {string: "{\r\n  \"properties\": {\r\n    \"accountType\": \"Standard_LRS\"\
        ,\r\n    \"creationData\": {\r\n      \"createOption\": \"Empty\"\r\n    },\r\
        \n    \"diskSizeGB\": 10,\r\n    \"timeCreated\": \"2017-02-13T17:14:13.0375895+00:00\"\
        ,\r\n    \"provisioningState\": \"Succeeded\",\r\n    \"diskState\": \"Unattached\"\
        \r\n  },\r\n  \"type\": \"Microsoft.Compute/disks\",\r\n  \"location\": \"\
        westus\",\r\n  \"id\": \"/subscriptions/00000000-0000-0000-0000-000000000000/resourceGroups/cli_test_managed_disk/providers/Microsoft.Compute/disks/d1\"\
        ,\r\n  \"name\": \"d1\"\r\n}"}
    headers:
      Cache-Control: [no-cache]
      Content-Type: [application/json; charset=utf-8]
      Date: ['Mon, 13 Feb 2017 17:17:38 GMT']
      Expires: ['-1']
      Pragma: [no-cache]
      Server: [Microsoft-HTTPAPI/2.0, Microsoft-HTTPAPI/2.0]
      Strict-Transport-Security: [max-age=31536000; includeSubDomains]
      Transfer-Encoding: [chunked]
      Vary: [Accept-Encoding]
      content-length: ['500']
    status: {code: 200, message: OK}
- request:
    body: null
    headers:
      Accept: [application/json]
      Accept-Encoding: ['gzip, deflate']
      Connection: [keep-alive]
      Content-Type: [application/json; charset=utf-8]
      User-Agent: [python/3.5.0 (Windows-10.0.10586) requests/2.9.1 msrest/0.4.4 msrest_azure/0.4.7
          resourcemanagementclient/0.30.2 Azure-SDK-For-Python AZURECLI/TEST/0.1.1b3+dev]
      accept-language: [en-US]
      x-ms-client-request-id: [519c054a-f210-11e6-a98e-f4b7e2e85440]
    method: GET
    uri: https://management.azure.com/subscriptions/00000000-0000-0000-0000-000000000000/resourcegroups/cli_test_managed_disk?api-version=2016-09-01
  response:
    body: {string: '{"id":"/subscriptions/00000000-0000-0000-0000-000000000000/resourceGroups/cli_test_managed_disk","name":"cli_test_managed_disk","location":"westus","tags":{"use":"az-test"},"properties":{"provisioningState":"Succeeded"}}'}
    headers:
      Cache-Control: [no-cache]
      Content-Type: [application/json; charset=utf-8]
      Date: ['Mon, 13 Feb 2017 17:17:38 GMT']
      Expires: ['-1']
      Pragma: [no-cache]
      Strict-Transport-Security: [max-age=31536000; includeSubDomains]
      Vary: [Accept-Encoding]
      content-length: ['232']
    status: {code: 200, message: OK}
- request:
    body: '{"properties": {"storageProfile": {"osDisk": {"osState": "Generalized",
      "osType": "Linux", "snapshot": {"id": "/subscriptions/0b1f6471-1bf0-4dda-aec3-cb9272f09590/resourceGroups/cli_test_managed_disk/providers/Microsoft.Compute/snapshots/s1"}},
      "dataDisks": [{"snapshot": {"id": "/subscriptions/0b1f6471-1bf0-4dda-aec3-cb9272f09590/resourcegroups/cli_test_managed_disk/providers/microsoft.compute/snapshots/s2"},
      "lun": 1}, {"lun": 2, "managedDisk": {"id": "/subscriptions/0b1f6471-1bf0-4dda-aec3-cb9272f09590/resourceGroups/cli_test_managed_disk/providers/Microsoft.Compute/disks/d1"}},
      {"lun": 3, "managedDisk": {"id": "/subscriptions/0b1f6471-1bf0-4dda-aec3-cb9272f09590/resourcegroups/cli_test_managed_disk/providers/microsoft.compute/disks/d2"}}]}},
      "location": "westus"}'
    headers:
      Accept: [application/json]
      Accept-Encoding: ['gzip, deflate']
      Connection: [keep-alive]
      Content-Length: ['800']
      Content-Type: [application/json; charset=utf-8]
      User-Agent: [python/3.5.0 (Windows-10.0.10586) requests/2.9.1 msrest/0.4.4 msrest_azure/0.4.7
          computemanagementclient/0.33.0 Azure-SDK-For-Python AZURECLI/TEST/0.1.1b3+dev]
      accept-language: [en-US]
      x-ms-client-request-id: [51dd1388-f210-11e6-a721-f4b7e2e85440]
    method: PUT
    uri: https://management.azure.com/subscriptions/00000000-0000-0000-0000-000000000000/resourceGroups/cli_test_managed_disk/providers/Microsoft.Compute/images/i1?api-version=2016-04-30-preview
  response:
    body: {string: "{\r\n  \"properties\": {\r\n    \"storageProfile\": {\r\n    \
        \  \"osDisk\": {\r\n        \"osType\": \"Linux\",\r\n        \"osState\"\
        : \"Generalized\",\r\n        \"snapshot\": {\r\n          \"id\": \"/subscriptions/00000000-0000-0000-0000-000000000000/resourceGroups/cli_test_managed_disk/providers/Microsoft.Compute/snapshots/s1\"\
        \r\n        },\r\n        \"caching\": \"None\"\r\n      },\r\n      \"dataDisks\"\
        : [\r\n        {\r\n          \"lun\": 1,\r\n          \"snapshot\": {\r\n\
        \            \"id\": \"/subscriptions/00000000-0000-0000-0000-000000000000/resourcegroups/cli_test_managed_disk/providers/microsoft.compute/snapshots/s2\"\
        \r\n          },\r\n          \"caching\": \"None\"\r\n        },\r\n    \
        \    {\r\n          \"lun\": 2,\r\n          \"managedDisk\": {\r\n      \
        \      \"id\": \"/subscriptions/00000000-0000-0000-0000-000000000000/resourceGroups/cli_test_managed_disk/providers/Microsoft.Compute/disks/d1\"\
        \r\n          },\r\n          \"caching\": \"None\"\r\n        },\r\n    \
        \    {\r\n          \"lun\": 3,\r\n          \"managedDisk\": {\r\n      \
        \      \"id\": \"/subscriptions/00000000-0000-0000-0000-000000000000/resourcegroups/cli_test_managed_disk/providers/microsoft.compute/disks/d2\"\
        \r\n          },\r\n          \"caching\": \"None\"\r\n        }\r\n     \
        \ ]\r\n    },\r\n    \"provisioningState\": \"Creating\"\r\n  },\r\n  \"type\"\
        : \"Microsoft.Compute/images\",\r\n  \"location\": \"westus\",\r\n  \"id\"\
        : \"/subscriptions/00000000-0000-0000-0000-000000000000/resourceGroups/cli_test_managed_disk/providers/Microsoft.Compute/images/i1\"\
        ,\r\n  \"name\": \"i1\"\r\n}"}
    headers:
      Azure-AsyncOperation: ['https://management.azure.com/subscriptions/0b1f6471-1bf0-4dda-aec3-cb9272f09590/providers/Microsoft.Compute/locations/westus/operations/01bfcae0-47e8-446d-a96c-8ac29ab1b549?api-version=2016-04-30-preview']
      Cache-Control: [no-cache]
      Content-Length: ['1468']
      Content-Type: [application/json; charset=utf-8]
      Date: ['Mon, 13 Feb 2017 17:17:40 GMT']
      Expires: ['-1']
      Pragma: [no-cache]
      Server: [Microsoft-HTTPAPI/2.0, Microsoft-HTTPAPI/2.0]
      Strict-Transport-Security: [max-age=31536000; includeSubDomains]
      x-ms-ratelimit-remaining-subscription-writes: ['1199']
    status: {code: 201, message: Created}
- request:
    body: null
    headers:
      Accept: [application/json]
      Accept-Encoding: ['gzip, deflate']
      Connection: [keep-alive]
      Content-Type: [application/json; charset=utf-8]
      User-Agent: [python/3.5.0 (Windows-10.0.10586) requests/2.9.1 msrest/0.4.4 msrest_azure/0.4.7
          computemanagementclient/0.33.0 Azure-SDK-For-Python AZURECLI/TEST/0.1.1b3+dev]
      accept-language: [en-US]
      x-ms-client-request-id: [51dd1388-f210-11e6-a721-f4b7e2e85440]
    method: GET
    uri: https://management.azure.com/subscriptions/00000000-0000-0000-0000-000000000000/providers/Microsoft.Compute/locations/westus/operations/01bfcae0-47e8-446d-a96c-8ac29ab1b549?api-version=2016-04-30-preview
  response:
    body: {string: "{\r\n  \"startTime\": \"2017-02-13T17:17:40.3151575+00:00\",\r\
        \n  \"endTime\": \"2017-02-13T17:17:45.6454529+00:00\",\r\n  \"status\": \"\
        Succeeded\",\r\n  \"name\": \"01bfcae0-47e8-446d-a96c-8ac29ab1b549\"\r\n}"}
    headers:
      Cache-Control: [no-cache]
      Content-Type: [application/json; charset=utf-8]
      Date: ['Mon, 13 Feb 2017 17:18:10 GMT']
      Expires: ['-1']
      Pragma: [no-cache]
      Server: [Microsoft-HTTPAPI/2.0, Microsoft-HTTPAPI/2.0]
      Strict-Transport-Security: [max-age=31536000; includeSubDomains]
      Transfer-Encoding: [chunked]
      Vary: [Accept-Encoding]
      content-length: ['184']
    status: {code: 200, message: OK}
- request:
    body: null
    headers:
      Accept: [application/json]
      Accept-Encoding: ['gzip, deflate']
      Connection: [keep-alive]
      Content-Type: [application/json; charset=utf-8]
      User-Agent: [python/3.5.0 (Windows-10.0.10586) requests/2.9.1 msrest/0.4.4 msrest_azure/0.4.7
          computemanagementclient/0.33.0 Azure-SDK-For-Python AZURECLI/TEST/0.1.1b3+dev]
      accept-language: [en-US]
      x-ms-client-request-id: [51dd1388-f210-11e6-a721-f4b7e2e85440]
    method: GET
    uri: https://management.azure.com/subscriptions/00000000-0000-0000-0000-000000000000/resourceGroups/cli_test_managed_disk/providers/Microsoft.Compute/images/i1?api-version=2016-04-30-preview
  response:
    body: {string: "{\r\n  \"properties\": {\r\n    \"storageProfile\": {\r\n    \
        \  \"osDisk\": {\r\n        \"osType\": \"Linux\",\r\n        \"osState\"\
        : \"Generalized\",\r\n        \"snapshot\": {\r\n          \"id\": \"/subscriptions/00000000-0000-0000-0000-000000000000/resourceGroups/cli_test_managed_disk/providers/Microsoft.Compute/snapshots/s1\"\
        \r\n        },\r\n        \"caching\": \"None\"\r\n      },\r\n      \"dataDisks\"\
        : [\r\n        {\r\n          \"lun\": 1,\r\n          \"snapshot\": {\r\n\
        \            \"id\": \"/subscriptions/00000000-0000-0000-0000-000000000000/resourcegroups/cli_test_managed_disk/providers/microsoft.compute/snapshots/s2\"\
        \r\n          },\r\n          \"caching\": \"None\"\r\n        },\r\n    \
        \    {\r\n          \"lun\": 2,\r\n          \"managedDisk\": {\r\n      \
        \      \"id\": \"/subscriptions/00000000-0000-0000-0000-000000000000/resourceGroups/cli_test_managed_disk/providers/Microsoft.Compute/disks/d1\"\
        \r\n          },\r\n          \"caching\": \"None\"\r\n        },\r\n    \
        \    {\r\n          \"lun\": 3,\r\n          \"managedDisk\": {\r\n      \
        \      \"id\": \"/subscriptions/00000000-0000-0000-0000-000000000000/resourcegroups/cli_test_managed_disk/providers/microsoft.compute/disks/d2\"\
        \r\n          },\r\n          \"caching\": \"None\"\r\n        }\r\n     \
        \ ]\r\n    },\r\n    \"provisioningState\": \"Succeeded\"\r\n  },\r\n  \"\
        type\": \"Microsoft.Compute/images\",\r\n  \"location\": \"westus\",\r\n \
        \ \"id\": \"/subscriptions/00000000-0000-0000-0000-000000000000/resourceGroups/cli_test_managed_disk/providers/Microsoft.Compute/images/i1\"\
        ,\r\n  \"name\": \"i1\"\r\n}"}
    headers:
      Cache-Control: [no-cache]
      Content-Type: [application/json; charset=utf-8]
      Date: ['Mon, 13 Feb 2017 17:18:10 GMT']
      Expires: ['-1']
      Pragma: [no-cache]
      Server: [Microsoft-HTTPAPI/2.0, Microsoft-HTTPAPI/2.0]
      Strict-Transport-Security: [max-age=31536000; includeSubDomains]
      Transfer-Encoding: [chunked]
      Vary: [Accept-Encoding]
      content-length: ['1469']
    status: {code: 200, message: OK}
version: 1
