interactions:
- request:
    body: null
    headers:
      Accept: [application/json]
      Accept-Encoding: ['gzip, deflate']
      Connection: [keep-alive]
      Content-Type: [application/json; charset=utf-8]
      User-Agent: [python/3.5.0 (Windows-10.0.10586) requests/2.9.1 msrest/0.4.6 msrest_azure/0.4.7
          computemanagementclient/0.33.1rc1 Azure-SDK-For-Python AZURECLI/TEST/2.0.1+dev]
      accept-language: [en-US]
      x-ms-client-request-id: [062e2430-0da3-11e7-9849-f4b7e2e85440]
    method: GET
    uri: https://management.azure.com/subscriptions/00000000-0000-0000-0000-000000000000/resourceGroups/cli_test_vmss_vms/providers/Microsoft.Compute/virtualMachineScaleSets/vmss1/virtualMachines?api-version=2016-04-30-preview
  response:
    body: {string: "{\r\n  \"value\": [\r\n    {\r\n      \"instanceId\": \"0\",\r\
        \n      \"sku\": {\r\n        \"name\": \"Standard_D1_v2\",\r\n        \"\
        tier\": \"Standard\"\r\n      },\r\n      \"properties\": {\r\n        \"\
        latestModelApplied\": true,\r\n        \"vmId\": \"5c94da1a-9d2f-4be5-9659-be1bce27b233\"\
        ,\r\n        \"storageProfile\": {\r\n          \"imageReference\": {\r\n\
        \            \"publisher\": \"Canonical\",\r\n            \"offer\": \"UbuntuServer\"\
        ,\r\n            \"sku\": \"16.04-LTS\",\r\n            \"version\": \"16.04.201703070\"\
        \r\n          },\r\n          \"osDisk\": {\r\n            \"osType\": \"\
        Linux\",\r\n            \"name\": \"vmss1_vmss1_0_OsDisk_1_a6cb1cb57e21456aa681cf71da5ce278\"\
        ,\r\n            \"createOption\": \"FromImage\",\r\n            \"caching\"\
        : \"ReadWrite\",\r\n            \"managedDisk\": {\r\n              \"storageAccountType\"\
        : \"Standard_LRS\",\r\n              \"id\": \"/subscriptions/00000000-0000-0000-0000-000000000000/resourceGroups/cli_test_vmss_vms/providers/Microsoft.Compute/disks/vmss1_vmss1_0_OsDisk_1_a6cb1cb57e21456aa681cf71da5ce278\"\
        \r\n            }\r\n          },\r\n          \"dataDisks\": []\r\n     \
        \   },\r\n        \"osProfile\": {\r\n          \"computerName\": \"vmss10jpv000000\"\
        ,\r\n          \"adminUsername\": \"admin123\",\r\n          \"linuxConfiguration\"\
        : {\r\n            \"disablePasswordAuthentication\": false\r\n          },\r\
        \n          \"secrets\": []\r\n        },\r\n        \"networkProfile\": {\"\
        networkInterfaces\":[{\"id\":\"/subscriptions/00000000-0000-0000-0000-000000000000/resourceGroups/cli_test_vmss_vms/providers/Microsoft.Compute/virtualMachineScaleSets/vmss1/virtualMachines/0/networkInterfaces/vmss10jpvNic\"\
        }]},\r\n        \"provisioningState\": \"Updating\"\r\n      },\r\n      \"\
        type\": \"Microsoft.Compute/virtualMachineScaleSets/virtualMachines\",\r\n\
        \      \"location\": \"westus\",\r\n      \"tags\": {},\r\n      \"id\": \"\
        /subscriptions/00000000-0000-0000-0000-000000000000/resourceGroups/CLI_TEST_VMSS_VMS_KNM1_/providers/Microsoft.Compute/virtualMachineScaleSets/vmss1/virtualMachines/0\"\
        ,\r\n      \"name\": \"vmss1_0\"\r\n    },\r\n    {\r\n      \"instanceId\"\
        : \"1\",\r\n      \"sku\": {\r\n        \"name\": \"Standard_D1_v2\",\r\n\
        \        \"tier\": \"Standard\"\r\n      },\r\n      \"properties\": {\r\n\
        \        \"latestModelApplied\": true,\r\n        \"vmId\": \"76c988cf-d70f-4db9-8eb7-94ea8454f231\"\
        ,\r\n        \"storageProfile\": {\r\n          \"imageReference\": {\r\n\
        \            \"publisher\": \"Canonical\",\r\n            \"offer\": \"UbuntuServer\"\
        ,\r\n            \"sku\": \"16.04-LTS\",\r\n            \"version\": \"16.04.201703070\"\
        \r\n          },\r\n          \"osDisk\": {\r\n            \"osType\": \"\
        Linux\",\r\n            \"name\": \"vmss1_vmss1_1_OsDisk_1_39eee64c75814913883343f89901afcb\"\
        ,\r\n            \"createOption\": \"FromImage\",\r\n            \"caching\"\
        : \"ReadWrite\",\r\n            \"managedDisk\": {\r\n              \"storageAccountType\"\
        : \"Standard_LRS\",\r\n              \"id\": \"/subscriptions/00000000-0000-0000-0000-000000000000/resourceGroups/cli_test_vmss_vms/providers/Microsoft.Compute/disks/vmss1_vmss1_1_OsDisk_1_39eee64c75814913883343f89901afcb\"\
        \r\n            }\r\n          },\r\n          \"dataDisks\": []\r\n     \
        \   },\r\n        \"osProfile\": {\r\n          \"computerName\": \"vmss10jpv000001\"\
        ,\r\n          \"adminUsername\": \"admin123\",\r\n          \"linuxConfiguration\"\
        : {\r\n            \"disablePasswordAuthentication\": false\r\n          },\r\
        \n          \"secrets\": []\r\n        },\r\n        \"networkProfile\": {\"\
        networkInterfaces\":[{\"id\":\"/subscriptions/00000000-0000-0000-0000-000000000000/resourceGroups/cli_test_vmss_vms/providers/Microsoft.Compute/virtualMachineScaleSets/vmss1/virtualMachines/1/networkInterfaces/vmss10jpvNic\"\
        }]},\r\n        \"provisioningState\": \"Updating\"\r\n      },\r\n      \"\
        type\": \"Microsoft.Compute/virtualMachineScaleSets/virtualMachines\",\r\n\
        \      \"location\": \"westus\",\r\n      \"tags\": {},\r\n      \"id\": \"\
        /subscriptions/00000000-0000-0000-0000-000000000000/resourceGroups/CLI_TEST_VMSS_VMS_KNM1_/providers/Microsoft.Compute/virtualMachineScaleSets/vmss1/virtualMachines/1\"\
        ,\r\n      \"name\": \"vmss1_1\"\r\n    }\r\n  ]\r\n}"}
    headers:
      Cache-Control: [no-cache]
      Content-Type: [application/json; charset=utf-8]
      Date: ['Mon, 20 Mar 2017 19:25:49 GMT']
      Expires: ['-1']
      Pragma: [no-cache]
      Server: [Microsoft-HTTPAPI/2.0, Microsoft-HTTPAPI/2.0]
      Strict-Transport-Security: [max-age=31536000; includeSubDomains]
      Transfer-Encoding: [chunked]
      Vary: [Accept-Encoding]
      content-length: ['3886']
    status: {code: 200, message: OK}
- request:
    body: null
    headers:
      Accept: [application/json]
      Accept-Encoding: ['gzip, deflate']
      Connection: [keep-alive]
      Content-Type: [application/json; charset=utf-8]
      User-Agent: [python/3.5.0 (Windows-10.0.10586) requests/2.9.1 msrest/0.4.6 msrest_azure/0.4.7
          computemanagementclient/0.33.1rc1 Azure-SDK-For-Python AZURECLI/TEST/2.0.1+dev]
      accept-language: [en-US]
      x-ms-client-request-id: [06f07174-0da3-11e7-a39e-f4b7e2e85440]
    method: GET
    uri: https://management.azure.com/subscriptions/00000000-0000-0000-0000-000000000000/resourceGroups/cli_test_vmss_vms/providers/Microsoft.Compute/virtualMachineScaleSets/vmss1/virtualmachines/0?api-version=2016-04-30-preview
  response:
    body: {string: "{\r\n  \"instanceId\": \"0\",\r\n  \"sku\": {\r\n    \"name\"\
        : \"Standard_D1_v2\",\r\n    \"tier\": \"Standard\"\r\n  },\r\n  \"properties\"\
        : {\r\n    \"latestModelApplied\": true,\r\n    \"vmId\": \"5c94da1a-9d2f-4be5-9659-be1bce27b233\"\
        ,\r\n    \"storageProfile\": {\r\n      \"imageReference\": {\r\n        \"\
        publisher\": \"Canonical\",\r\n        \"offer\": \"UbuntuServer\",\r\n  \
        \      \"sku\": \"16.04-LTS\",\r\n        \"version\": \"16.04.201703070\"\
        \r\n      },\r\n      \"osDisk\": {\r\n        \"osType\": \"Linux\",\r\n\
        \        \"name\": \"vmss1_vmss1_0_OsDisk_1_a6cb1cb57e21456aa681cf71da5ce278\"\
        ,\r\n        \"createOption\": \"FromImage\",\r\n        \"caching\": \"ReadWrite\"\
        ,\r\n        \"managedDisk\": {\r\n          \"storageAccountType\": \"Standard_LRS\"\
        ,\r\n          \"id\": \"/subscriptions/00000000-0000-0000-0000-000000000000/resourceGroups/cli_test_vmss_vms/providers/Microsoft.Compute/disks/vmss1_vmss1_0_OsDisk_1_a6cb1cb57e21456aa681cf71da5ce278\"\
        \r\n        }\r\n      },\r\n      \"dataDisks\": []\r\n    },\r\n    \"osProfile\"\
        : {\r\n      \"computerName\": \"vmss10jpv000000\",\r\n      \"adminUsername\"\
        : \"admin123\",\r\n      \"linuxConfiguration\": {\r\n        \"disablePasswordAuthentication\"\
        : false\r\n      },\r\n      \"secrets\": []\r\n    },\r\n    \"networkProfile\"\
        : {\"networkInterfaces\":[{\"id\":\"/subscriptions/00000000-0000-0000-0000-000000000000/resourceGroups/cli_test_vmss_vms/providers/Microsoft.Compute/virtualMachineScaleSets/vmss1/virtualMachines/0/networkInterfaces/vmss10jpvNic\"\
        }]},\r\n    \"provisioningState\": \"Updating\"\r\n  },\r\n  \"type\": \"\
        Microsoft.Compute/virtualMachineScaleSets/virtualMachines\",\r\n  \"location\"\
        : \"westus\",\r\n  \"tags\": {},\r\n  \"id\": \"/subscriptions/00000000-0000-0000-0000-000000000000/resourceGroups/cli_test_vmss_vms/providers/Microsoft.Compute/virtualMachineScaleSets/vmss1/virtualMachines/0\"\
        ,\r\n  \"name\": \"vmss1_0\"\r\n}"}
    headers:
      Cache-Control: [no-cache]
      Content-Type: [application/json; charset=utf-8]
      Date: ['Mon, 20 Mar 2017 19:25:50 GMT']
      Expires: ['-1']
      Pragma: [no-cache]
      Server: [Microsoft-HTTPAPI/2.0, Microsoft-HTTPAPI/2.0]
      Strict-Transport-Security: [max-age=31536000; includeSubDomains]
      Transfer-Encoding: [chunked]
      Vary: [Accept-Encoding]
      content-length: ['1749']
    status: {code: 200, message: OK}
- request:
    body: null
    headers:
      Accept: [application/json]
      Accept-Encoding: ['gzip, deflate']
      Connection: [keep-alive]
      Content-Length: ['0']
      Content-Type: [application/json; charset=utf-8]
      User-Agent: [python/3.5.0 (Windows-10.0.10586) requests/2.9.1 msrest/0.4.6 msrest_azure/0.4.7
          computemanagementclient/0.33.1rc1 Azure-SDK-For-Python AZURECLI/TEST/2.0.1+dev]
      accept-language: [en-US]
      x-ms-client-request-id: [07ad33ec-0da3-11e7-85f4-f4b7e2e85440]
    method: POST
    uri: https://management.azure.com/subscriptions/00000000-0000-0000-0000-000000000000/resourceGroups/cli_test_vmss_vms/providers/Microsoft.Compute/virtualMachineScaleSets/vmss1/virtualmachines/%2A/restart?api-version=2016-04-30-preview
  response:
    body: {string: ''}
    headers:
      Azure-AsyncOperation: ['https://management.azure.com/subscriptions/0b1f6471-1bf0-4dda-aec3-cb9272f09590/providers/Microsoft.Compute/locations/westus/operations/9361ac49-5b7c-4bb9-a5f1-bf1b57331fc2?api-version=2016-04-30-preview']
      Cache-Control: [no-cache]
      Content-Length: ['0']
      Date: ['Mon, 20 Mar 2017 19:25:52 GMT']
      Expires: ['-1']
      Location: ['https://management.azure.com/subscriptions/0b1f6471-1bf0-4dda-aec3-cb9272f09590/providers/Microsoft.Compute/locations/westus/operations/9361ac49-5b7c-4bb9-a5f1-bf1b57331fc2?monitor=true&api-version=2016-04-30-preview']
      Pragma: [no-cache]
      Server: [Microsoft-HTTPAPI/2.0, Microsoft-HTTPAPI/2.0]
      Strict-Transport-Security: [max-age=31536000; includeSubDomains]
      x-ms-ratelimit-remaining-subscription-writes: ['1199']
    status: {code: 202, message: Accepted}
- request:
    body: null
    headers:
      Accept: [application/json]
      Accept-Encoding: ['gzip, deflate']
      Connection: [keep-alive]
      Content-Type: [application/json; charset=utf-8]
      User-Agent: [python/3.5.0 (Windows-10.0.10586) requests/2.9.1 msrest/0.4.6 msrest_azure/0.4.7
          computemanagementclient/0.33.1rc1 Azure-SDK-For-Python AZURECLI/TEST/2.0.1+dev]
      accept-language: [en-US]
      x-ms-client-request-id: [07ad33ec-0da3-11e7-85f4-f4b7e2e85440]
    method: GET
    uri: https://management.azure.com/subscriptions/00000000-0000-0000-0000-000000000000/providers/Microsoft.Compute/locations/westus/operations/9361ac49-5b7c-4bb9-a5f1-bf1b57331fc2?api-version=2016-04-30-preview
  response:
    body: {string: "{\r\n  \"startTime\": \"2017-03-20T19:25:52.4633722+00:00\",\r\
        \n  \"status\": \"InProgress\",\r\n  \"name\": \"9361ac49-5b7c-4bb9-a5f1-bf1b57331fc2\"\
        \r\n}"}
    headers:
      Cache-Control: [no-cache]
      Content-Type: [application/json; charset=utf-8]
      Date: ['Mon, 20 Mar 2017 19:26:22 GMT']
      Expires: ['-1']
      Pragma: [no-cache]
      Server: [Microsoft-HTTPAPI/2.0, Microsoft-HTTPAPI/2.0]
      Strict-Transport-Security: [max-age=31536000; includeSubDomains]
      Transfer-Encoding: [chunked]
      Vary: [Accept-Encoding]
      content-length: ['134']
    status: {code: 200, message: OK}
- request:
    body: null
    headers:
      Accept: [application/json]
      Accept-Encoding: ['gzip, deflate']
      Connection: [keep-alive]
      Content-Type: [application/json; charset=utf-8]
      User-Agent: [python/3.5.0 (Windows-10.0.10586) requests/2.9.1 msrest/0.4.6 msrest_azure/0.4.7
          computemanagementclient/0.33.1rc1 Azure-SDK-For-Python AZURECLI/TEST/2.0.1+dev]
      accept-language: [en-US]
      x-ms-client-request-id: [07ad33ec-0da3-11e7-85f4-f4b7e2e85440]
    method: GET
    uri: https://management.azure.com/subscriptions/00000000-0000-0000-0000-000000000000/providers/Microsoft.Compute/locations/westus/operations/9361ac49-5b7c-4bb9-a5f1-bf1b57331fc2?api-version=2016-04-30-preview
  response:
    body: {string: "{\r\n  \"startTime\": \"2017-03-20T19:25:52.4633722+00:00\",\r\
        \n  \"status\": \"InProgress\",\r\n  \"name\": \"9361ac49-5b7c-4bb9-a5f1-bf1b57331fc2\"\
        \r\n}"}
    headers:
      Cache-Control: [no-cache]
      Content-Type: [application/json; charset=utf-8]
      Date: ['Mon, 20 Mar 2017 19:26:53 GMT']
      Expires: ['-1']
      Pragma: [no-cache]
      Server: [Microsoft-HTTPAPI/2.0, Microsoft-HTTPAPI/2.0]
      Strict-Transport-Security: [max-age=31536000; includeSubDomains]
      Transfer-Encoding: [chunked]
      Vary: [Accept-Encoding]
      content-length: ['134']
    status: {code: 200, message: OK}
- request:
    body: null
    headers:
      Accept: [application/json]
      Accept-Encoding: ['gzip, deflate']
      Connection: [keep-alive]
      Content-Type: [application/json; charset=utf-8]
      User-Agent: [python/3.5.0 (Windows-10.0.10586) requests/2.9.1 msrest/0.4.6 msrest_azure/0.4.7
          computemanagementclient/0.33.1rc1 Azure-SDK-For-Python AZURECLI/TEST/2.0.1+dev]
      accept-language: [en-US]
      x-ms-client-request-id: [07ad33ec-0da3-11e7-85f4-f4b7e2e85440]
    method: GET
    uri: https://management.azure.com/subscriptions/00000000-0000-0000-0000-000000000000/providers/Microsoft.Compute/locations/westus/operations/9361ac49-5b7c-4bb9-a5f1-bf1b57331fc2?api-version=2016-04-30-preview
  response:
    body: {string: "{\r\n  \"startTime\": \"2017-03-20T19:25:52.4633722+00:00\",\r\
        \n  \"status\": \"InProgress\",\r\n  \"name\": \"9361ac49-5b7c-4bb9-a5f1-bf1b57331fc2\"\
        \r\n}"}
    headers:
      Cache-Control: [no-cache]
      Content-Type: [application/json; charset=utf-8]
      Date: ['Mon, 20 Mar 2017 19:27:22 GMT']
      Expires: ['-1']
      Pragma: [no-cache]
      Server: [Microsoft-HTTPAPI/2.0, Microsoft-HTTPAPI/2.0]
      Strict-Transport-Security: [max-age=31536000; includeSubDomains]
      Transfer-Encoding: [chunked]
      Vary: [Accept-Encoding]
      content-length: ['134']
    status: {code: 200, message: OK}
- request:
    body: null
    headers:
      Accept: [application/json]
      Accept-Encoding: ['gzip, deflate']
      Connection: [keep-alive]
      Content-Type: [application/json; charset=utf-8]
      User-Agent: [python/3.5.0 (Windows-10.0.10586) requests/2.9.1 msrest/0.4.6 msrest_azure/0.4.7
          computemanagementclient/0.33.1rc1 Azure-SDK-For-Python AZURECLI/TEST/2.0.1+dev]
      accept-language: [en-US]
      x-ms-client-request-id: [07ad33ec-0da3-11e7-85f4-f4b7e2e85440]
    method: GET
    uri: https://management.azure.com/subscriptions/00000000-0000-0000-0000-000000000000/providers/Microsoft.Compute/locations/westus/operations/9361ac49-5b7c-4bb9-a5f1-bf1b57331fc2?api-version=2016-04-30-preview
  response:
    body: {string: "{\r\n  \"startTime\": \"2017-03-20T19:25:52.4633722+00:00\",\r\
        \n  \"endTime\": \"2017-03-20T19:27:28.7749681+00:00\",\r\n  \"status\": \"\
        Succeeded\",\r\n  \"name\": \"9361ac49-5b7c-4bb9-a5f1-bf1b57331fc2\"\r\n}"}
    headers:
      Cache-Control: [no-cache]
      Content-Type: [application/json; charset=utf-8]
      Date: ['Mon, 20 Mar 2017 19:27:53 GMT']
      Expires: ['-1']
      Pragma: [no-cache]
      Server: [Microsoft-HTTPAPI/2.0, Microsoft-HTTPAPI/2.0]
      Strict-Transport-Security: [max-age=31536000; includeSubDomains]
      Transfer-Encoding: [chunked]
      Vary: [Accept-Encoding]
      content-length: ['184']
    status: {code: 200, message: OK}
- request:
    body: null
    headers:
      Accept: [application/json]
      Accept-Encoding: ['gzip, deflate']
      Connection: [keep-alive]
      Content-Type: [application/json; charset=utf-8]
      User-Agent: [python/3.5.0 (Windows-10.0.10586) requests/2.9.1 msrest/0.4.6 msrest_azure/0.4.7
          computemanagementclient/0.33.1rc1 Azure-SDK-For-Python AZURECLI/TEST/2.0.1+dev]
      accept-language: [en-US]
      x-ms-client-request-id: [50caaa98-0da3-11e7-a457-f4b7e2e85440]
    method: GET
    uri: https://management.azure.com/subscriptions/00000000-0000-0000-0000-000000000000/resourceGroups/cli_test_vmss_vms/providers/Microsoft.Compute/virtualMachineScaleSets/vmss1/virtualmachines/0/instanceView?api-version=2016-04-30-preview
  response:
    body: {string: "{\r\n  \"placementGroupId\": \"f6cee656-1cfb-4905-af98-5fee8e7db1e0\"\
        ,\r\n  \"platformUpdateDomain\": 0,\r\n  \"platformFaultDomain\": 0,\r\n \
        \ \"vmAgent\": {\r\n    \"vmAgentVersion\": \"2.2.2\",\r\n    \"statuses\"\
        : [\r\n      {\r\n        \"code\": \"ProvisioningState/succeeded\",\r\n \
        \       \"level\": \"Info\",\r\n        \"displayStatus\": \"Ready\",\r\n\
        \        \"message\": \"Guest Agent is running\",\r\n        \"time\": \"\
        2017-03-20T19:27:23+00:00\"\r\n      }\r\n    ],\r\n    \"extensionHandlers\"\
        : []\r\n  },\r\n  \"statuses\": [\r\n    {\r\n      \"code\": \"ProvisioningState/succeeded\"\
        ,\r\n      \"level\": \"Info\",\r\n      \"displayStatus\": \"Provisioning\
        \ succeeded\",\r\n      \"time\": \"2017-03-20T19:27:22.3191597+00:00\"\r\n\
        \    },\r\n    {\r\n      \"code\": \"PowerState/starting\",\r\n      \"level\"\
        : \"Info\",\r\n      \"displayStatus\": \"VM starting\"\r\n    }\r\n  ]\r\n\
        }"}
    headers:
      Cache-Control: [no-cache]
      Content-Type: [application/json; charset=utf-8]
      Date: ['Mon, 20 Mar 2017 19:27:54 GMT']
      Expires: ['-1']
      Pragma: [no-cache]
      Server: [Microsoft-HTTPAPI/2.0, Microsoft-HTTPAPI/2.0]
      Strict-Transport-Security: [max-age=31536000; includeSubDomains]
      Transfer-Encoding: [chunked]
      Vary: [Accept-Encoding]
      content-length: ['776']
    status: {code: 200, message: OK}
- request:
    body: null
    headers:
      Accept: [application/json]
      Accept-Encoding: ['gzip, deflate']
      Connection: [keep-alive]
      Content-Type: [application/json; charset=utf-8]
      User-Agent: [python/3.5.0 (Windows-10.0.10586) requests/2.9.1 msrest/0.4.6 msrest_azure/0.4.7
          computemanagementclient/0.33.1rc1 Azure-SDK-For-Python AZURECLI/TEST/2.0.1+dev]
      accept-language: [en-US]
      x-ms-client-request-id: [516213dc-0da3-11e7-9e3a-f4b7e2e85440]
    method: GET
    uri: https://management.azure.com/subscriptions/00000000-0000-0000-0000-000000000000/resourceGroups/cli_test_vmss_vms/providers/Microsoft.Compute/virtualMachineScaleSets/vmss1/virtualmachines/1/instanceView?api-version=2016-04-30-preview
  response:
    body: {string: "{\r\n  \"placementGroupId\": \"f6cee656-1cfb-4905-af98-5fee8e7db1e0\"\
        ,\r\n  \"platformUpdateDomain\": 1,\r\n  \"platformFaultDomain\": 1,\r\n \
        \ \"vmAgent\": {\r\n    \"vmAgentVersion\": \"2.2.2\",\r\n    \"statuses\"\
        : [\r\n      {\r\n        \"code\": \"ProvisioningState/succeeded\",\r\n \
        \       \"level\": \"Info\",\r\n        \"displayStatus\": \"Ready\",\r\n\
        \        \"message\": \"Guest Agent is running\",\r\n        \"time\": \"\
        2017-03-20T19:27:07+00:00\"\r\n      }\r\n    ],\r\n    \"extensionHandlers\"\
        : []\r\n  },\r\n  \"statuses\": [\r\n    {\r\n      \"code\": \"ProvisioningState/succeeded\"\
        ,\r\n      \"level\": \"Info\",\r\n      \"displayStatus\": \"Provisioning\
        \ succeeded\",\r\n      \"time\": \"2017-03-20T19:27:22.3191597+00:00\"\r\n\
        \    },\r\n    {\r\n      \"code\": \"PowerState/running\",\r\n      \"level\"\
        : \"Info\",\r\n      \"displayStatus\": \"VM running\"\r\n    }\r\n  ]\r\n\
        }"}
    headers:
      Cache-Control: [no-cache]
      Content-Type: [application/json; charset=utf-8]
      Date: ['Mon, 20 Mar 2017 19:27:54 GMT']
      Expires: ['-1']
      Pragma: [no-cache]
      Server: [Microsoft-HTTPAPI/2.0, Microsoft-HTTPAPI/2.0]
      Strict-Transport-Security: [max-age=31536000; includeSubDomains]
      Transfer-Encoding: [chunked]
      Vary: [Accept-Encoding]
      content-length: ['774']
    status: {code: 200, message: OK}
- request:
    body: null
    headers:
      Accept: [application/json]
      Accept-Encoding: ['gzip, deflate']
      Connection: [keep-alive]
      Content-Length: ['0']
      Content-Type: [application/json; charset=utf-8]
      User-Agent: [python/3.5.0 (Windows-10.0.10586) requests/2.9.1 msrest/0.4.6 msrest_azure/0.4.7
          computemanagementclient/0.33.1rc1 Azure-SDK-For-Python AZURECLI/TEST/2.0.1+dev]
      accept-language: [en-US]
      x-ms-client-request-id: [51fdf636-0da3-11e7-ba53-f4b7e2e85440]
    method: POST
    uri: https://management.azure.com/subscriptions/00000000-0000-0000-0000-000000000000/resourceGroups/cli_test_vmss_vms/providers/Microsoft.Compute/virtualMachineScaleSets/vmss1/virtualmachines/%2A/poweroff?api-version=2016-04-30-preview
  response:
    body: {string: ''}
    headers:
      Azure-AsyncOperation: ['https://management.azure.com/subscriptions/0b1f6471-1bf0-4dda-aec3-cb9272f09590/providers/Microsoft.Compute/locations/westus/operations/703d88ee-34ec-4623-bf49-ca0d8906656b?api-version=2016-04-30-preview']
      Cache-Control: [no-cache]
      Content-Length: ['0']
      Date: ['Mon, 20 Mar 2017 19:27:56 GMT']
      Expires: ['-1']
      Location: ['https://management.azure.com/subscriptions/0b1f6471-1bf0-4dda-aec3-cb9272f09590/providers/Microsoft.Compute/locations/westus/operations/703d88ee-34ec-4623-bf49-ca0d8906656b?monitor=true&api-version=2016-04-30-preview']
      Pragma: [no-cache]
      Server: [Microsoft-HTTPAPI/2.0, Microsoft-HTTPAPI/2.0]
      Strict-Transport-Security: [max-age=31536000; includeSubDomains]
      x-ms-ratelimit-remaining-subscription-writes: ['1198']
    status: {code: 202, message: Accepted}
- request:
    body: null
    headers:
      Accept: [application/json]
      Accept-Encoding: ['gzip, deflate']
      Connection: [keep-alive]
      Content-Type: [application/json; charset=utf-8]
      User-Agent: [python/3.5.0 (Windows-10.0.10586) requests/2.9.1 msrest/0.4.6 msrest_azure/0.4.7
          computemanagementclient/0.33.1rc1 Azure-SDK-For-Python AZURECLI/TEST/2.0.1+dev]
      accept-language: [en-US]
      x-ms-client-request-id: [51fdf636-0da3-11e7-ba53-f4b7e2e85440]
    method: GET
    uri: https://management.azure.com/subscriptions/00000000-0000-0000-0000-000000000000/providers/Microsoft.Compute/locations/westus/operations/703d88ee-34ec-4623-bf49-ca0d8906656b?api-version=2016-04-30-preview
  response:
    body: {string: "{\r\n  \"startTime\": \"2017-03-20T19:27:57.0836306+00:00\",\r\
        \n  \"status\": \"InProgress\",\r\n  \"name\": \"703d88ee-34ec-4623-bf49-ca0d8906656b\"\
        \r\n}"}
    headers:
      Cache-Control: [no-cache]
      Content-Type: [application/json; charset=utf-8]
      Date: ['Mon, 20 Mar 2017 19:28:26 GMT']
      Expires: ['-1']
      Pragma: [no-cache]
      Server: [Microsoft-HTTPAPI/2.0, Microsoft-HTTPAPI/2.0]
      Strict-Transport-Security: [max-age=31536000; includeSubDomains]
      Transfer-Encoding: [chunked]
      Vary: [Accept-Encoding]
      content-length: ['134']
    status: {code: 200, message: OK}
- request:
    body: null
    headers:
      Accept: [application/json]
      Accept-Encoding: ['gzip, deflate']
      Connection: [keep-alive]
      Content-Type: [application/json; charset=utf-8]
      User-Agent: [python/3.5.0 (Windows-10.0.10586) requests/2.9.1 msrest/0.4.6 msrest_azure/0.4.7
          computemanagementclient/0.33.1rc1 Azure-SDK-For-Python AZURECLI/TEST/2.0.1+dev]
      accept-language: [en-US]
      x-ms-client-request-id: [51fdf636-0da3-11e7-ba53-f4b7e2e85440]
    method: GET
    uri: https://management.azure.com/subscriptions/00000000-0000-0000-0000-000000000000/providers/Microsoft.Compute/locations/westus/operations/703d88ee-34ec-4623-bf49-ca0d8906656b?api-version=2016-04-30-preview
  response:
    body: {string: "{\r\n  \"startTime\": \"2017-03-20T19:27:57.0836306+00:00\",\r\
        \n  \"status\": \"InProgress\",\r\n  \"name\": \"703d88ee-34ec-4623-bf49-ca0d8906656b\"\
        \r\n}"}
    headers:
      Cache-Control: [no-cache]
      Content-Type: [application/json; charset=utf-8]
      Date: ['Mon, 20 Mar 2017 19:28:56 GMT']
      Expires: ['-1']
      Pragma: [no-cache]
      Server: [Microsoft-HTTPAPI/2.0, Microsoft-HTTPAPI/2.0]
      Strict-Transport-Security: [max-age=31536000; includeSubDomains]
      Transfer-Encoding: [chunked]
      Vary: [Accept-Encoding]
      content-length: ['134']
    status: {code: 200, message: OK}
- request:
    body: null
    headers:
      Accept: [application/json]
      Accept-Encoding: ['gzip, deflate']
      Connection: [keep-alive]
      Content-Type: [application/json; charset=utf-8]
      User-Agent: [python/3.5.0 (Windows-10.0.10586) requests/2.9.1 msrest/0.4.6 msrest_azure/0.4.7
          computemanagementclient/0.33.1rc1 Azure-SDK-For-Python AZURECLI/TEST/2.0.1+dev]
      accept-language: [en-US]
      x-ms-client-request-id: [51fdf636-0da3-11e7-ba53-f4b7e2e85440]
    method: GET
    uri: https://management.azure.com/subscriptions/00000000-0000-0000-0000-000000000000/providers/Microsoft.Compute/locations/westus/operations/703d88ee-34ec-4623-bf49-ca0d8906656b?api-version=2016-04-30-preview
  response:
    body: {string: "{\r\n  \"startTime\": \"2017-03-20T19:27:57.0836306+00:00\",\r\
        \n  \"status\": \"InProgress\",\r\n  \"name\": \"703d88ee-34ec-4623-bf49-ca0d8906656b\"\
        \r\n}"}
    headers:
      Cache-Control: [no-cache]
      Content-Type: [application/json; charset=utf-8]
      Date: ['Mon, 20 Mar 2017 19:29:27 GMT']
      Expires: ['-1']
      Pragma: [no-cache]
      Server: [Microsoft-HTTPAPI/2.0, Microsoft-HTTPAPI/2.0]
      Strict-Transport-Security: [max-age=31536000; includeSubDomains]
      Transfer-Encoding: [chunked]
      Vary: [Accept-Encoding]
      content-length: ['134']
    status: {code: 200, message: OK}
- request:
    body: null
    headers:
      Accept: [application/json]
      Accept-Encoding: ['gzip, deflate']
      Connection: [keep-alive]
      Content-Type: [application/json; charset=utf-8]
      User-Agent: [python/3.5.0 (Windows-10.0.10586) requests/2.9.1 msrest/0.4.6 msrest_azure/0.4.7
          computemanagementclient/0.33.1rc1 Azure-SDK-For-Python AZURECLI/TEST/2.0.1+dev]
      accept-language: [en-US]
      x-ms-client-request-id: [51fdf636-0da3-11e7-ba53-f4b7e2e85440]
    method: GET
    uri: https://management.azure.com/subscriptions/00000000-0000-0000-0000-000000000000/providers/Microsoft.Compute/locations/westus/operations/703d88ee-34ec-4623-bf49-ca0d8906656b?api-version=2016-04-30-preview
  response:
    body: {string: "{\r\n  \"startTime\": \"2017-03-20T19:27:57.0836306+00:00\",\r\
        \n  \"status\": \"InProgress\",\r\n  \"name\": \"703d88ee-34ec-4623-bf49-ca0d8906656b\"\
        \r\n}"}
    headers:
      Cache-Control: [no-cache]
      Content-Type: [application/json; charset=utf-8]
      Date: ['Mon, 20 Mar 2017 19:29:57 GMT']
      Expires: ['-1']
      Pragma: [no-cache]
      Server: [Microsoft-HTTPAPI/2.0, Microsoft-HTTPAPI/2.0]
      Strict-Transport-Security: [max-age=31536000; includeSubDomains]
      Transfer-Encoding: [chunked]
      Vary: [Accept-Encoding]
      content-length: ['134']
    status: {code: 200, message: OK}
- request:
    body: null
    headers:
      Accept: [application/json]
      Accept-Encoding: ['gzip, deflate']
      Connection: [keep-alive]
      Content-Type: [application/json; charset=utf-8]
      User-Agent: [python/3.5.0 (Windows-10.0.10586) requests/2.9.1 msrest/0.4.6 msrest_azure/0.4.7
          computemanagementclient/0.33.1rc1 Azure-SDK-For-Python AZURECLI/TEST/2.0.1+dev]
      accept-language: [en-US]
      x-ms-client-request-id: [51fdf636-0da3-11e7-ba53-f4b7e2e85440]
    method: GET
    uri: https://management.azure.com/subscriptions/00000000-0000-0000-0000-000000000000/providers/Microsoft.Compute/locations/westus/operations/703d88ee-34ec-4623-bf49-ca0d8906656b?api-version=2016-04-30-preview
  response:
    body: {string: "{\r\n  \"startTime\": \"2017-03-20T19:27:57.0836306+00:00\",\r\
        \n  \"status\": \"InProgress\",\r\n  \"name\": \"703d88ee-34ec-4623-bf49-ca0d8906656b\"\
        \r\n}"}
    headers:
      Cache-Control: [no-cache]
      Content-Type: [application/json; charset=utf-8]
      Date: ['Mon, 20 Mar 2017 19:30:28 GMT']
      Expires: ['-1']
      Pragma: [no-cache]
      Server: [Microsoft-HTTPAPI/2.0, Microsoft-HTTPAPI/2.0]
      Strict-Transport-Security: [max-age=31536000; includeSubDomains]
      Transfer-Encoding: [chunked]
      Vary: [Accept-Encoding]
      content-length: ['134']
    status: {code: 200, message: OK}
- request:
    body: null
    headers:
      Accept: [application/json]
      Accept-Encoding: ['gzip, deflate']
      Connection: [keep-alive]
      Content-Type: [application/json; charset=utf-8]
      User-Agent: [python/3.5.0 (Windows-10.0.10586) requests/2.9.1 msrest/0.4.6 msrest_azure/0.4.7
          computemanagementclient/0.33.1rc1 Azure-SDK-For-Python AZURECLI/TEST/2.0.1+dev]
      accept-language: [en-US]
      x-ms-client-request-id: [51fdf636-0da3-11e7-ba53-f4b7e2e85440]
    method: GET
    uri: https://management.azure.com/subscriptions/00000000-0000-0000-0000-000000000000/providers/Microsoft.Compute/locations/westus/operations/703d88ee-34ec-4623-bf49-ca0d8906656b?api-version=2016-04-30-preview
  response:
    body: {string: "{\r\n  \"startTime\": \"2017-03-20T19:27:57.0836306+00:00\",\r\
        \n  \"status\": \"InProgress\",\r\n  \"name\": \"703d88ee-34ec-4623-bf49-ca0d8906656b\"\
        \r\n}"}
    headers:
      Cache-Control: [no-cache]
      Content-Type: [application/json; charset=utf-8]
      Date: ['Mon, 20 Mar 2017 19:30:58 GMT']
      Expires: ['-1']
      Pragma: [no-cache]
      Server: [Microsoft-HTTPAPI/2.0, Microsoft-HTTPAPI/2.0]
      Strict-Transport-Security: [max-age=31536000; includeSubDomains]
      Transfer-Encoding: [chunked]
      Vary: [Accept-Encoding]
      content-length: ['134']
    status: {code: 200, message: OK}
- request:
    body: null
    headers:
      Accept: [application/json]
      Accept-Encoding: ['gzip, deflate']
      Connection: [keep-alive]
      Content-Type: [application/json; charset=utf-8]
      User-Agent: [python/3.5.0 (Windows-10.0.10586) requests/2.9.1 msrest/0.4.6 msrest_azure/0.4.7
          computemanagementclient/0.33.1rc1 Azure-SDK-For-Python AZURECLI/TEST/2.0.1+dev]
      accept-language: [en-US]
      x-ms-client-request-id: [51fdf636-0da3-11e7-ba53-f4b7e2e85440]
    method: GET
    uri: https://management.azure.com/subscriptions/00000000-0000-0000-0000-000000000000/providers/Microsoft.Compute/locations/westus/operations/703d88ee-34ec-4623-bf49-ca0d8906656b?api-version=2016-04-30-preview
  response:
    body: {string: "{\r\n  \"startTime\": \"2017-03-20T19:27:57.0836306+00:00\",\r\
        \n  \"status\": \"InProgress\",\r\n  \"name\": \"703d88ee-34ec-4623-bf49-ca0d8906656b\"\
        \r\n}"}
    headers:
      Cache-Control: [no-cache]
      Content-Type: [application/json; charset=utf-8]
      Date: ['Mon, 20 Mar 2017 19:31:29 GMT']
      Expires: ['-1']
      Pragma: [no-cache]
      Server: [Microsoft-HTTPAPI/2.0, Microsoft-HTTPAPI/2.0]
      Strict-Transport-Security: [max-age=31536000; includeSubDomains]
      Transfer-Encoding: [chunked]
      Vary: [Accept-Encoding]
      content-length: ['134']
    status: {code: 200, message: OK}
- request:
    body: null
    headers:
      Accept: [application/json]
      Accept-Encoding: ['gzip, deflate']
      Connection: [keep-alive]
      Content-Type: [application/json; charset=utf-8]
      User-Agent: [python/3.5.0 (Windows-10.0.10586) requests/2.9.1 msrest/0.4.6 msrest_azure/0.4.7
          computemanagementclient/0.33.1rc1 Azure-SDK-For-Python AZURECLI/TEST/2.0.1+dev]
      accept-language: [en-US]
      x-ms-client-request-id: [51fdf636-0da3-11e7-ba53-f4b7e2e85440]
    method: GET
    uri: https://management.azure.com/subscriptions/00000000-0000-0000-0000-000000000000/providers/Microsoft.Compute/locations/westus/operations/703d88ee-34ec-4623-bf49-ca0d8906656b?api-version=2016-04-30-preview
  response:
    body: {string: "{\r\n  \"startTime\": \"2017-03-20T19:27:57.0836306+00:00\",\r\
        \n  \"status\": \"InProgress\",\r\n  \"name\": \"703d88ee-34ec-4623-bf49-ca0d8906656b\"\
        \r\n}"}
    headers:
      Cache-Control: [no-cache]
      Content-Type: [application/json; charset=utf-8]
      Date: ['Mon, 20 Mar 2017 19:31:59 GMT']
      Expires: ['-1']
      Pragma: [no-cache]
      Server: [Microsoft-HTTPAPI/2.0, Microsoft-HTTPAPI/2.0]
      Strict-Transport-Security: [max-age=31536000; includeSubDomains]
      Transfer-Encoding: [chunked]
      Vary: [Accept-Encoding]
      content-length: ['134']
    status: {code: 200, message: OK}
- request:
    body: null
    headers:
      Accept: [application/json]
      Accept-Encoding: ['gzip, deflate']
      Connection: [keep-alive]
      Content-Type: [application/json; charset=utf-8]
      User-Agent: [python/3.5.0 (Windows-10.0.10586) requests/2.9.1 msrest/0.4.6 msrest_azure/0.4.7
          computemanagementclient/0.33.1rc1 Azure-SDK-For-Python AZURECLI/TEST/2.0.1+dev]
      accept-language: [en-US]
      x-ms-client-request-id: [51fdf636-0da3-11e7-ba53-f4b7e2e85440]
    method: GET
    uri: https://management.azure.com/subscriptions/00000000-0000-0000-0000-000000000000/providers/Microsoft.Compute/locations/westus/operations/703d88ee-34ec-4623-bf49-ca0d8906656b?api-version=2016-04-30-preview
  response:
    body: {string: "{\r\n  \"startTime\": \"2017-03-20T19:27:57.0836306+00:00\",\r\
        \n  \"status\": \"InProgress\",\r\n  \"name\": \"703d88ee-34ec-4623-bf49-ca0d8906656b\"\
        \r\n}"}
    headers:
      Cache-Control: [no-cache]
      Content-Type: [application/json; charset=utf-8]
      Date: ['Mon, 20 Mar 2017 19:32:29 GMT']
      Expires: ['-1']
      Pragma: [no-cache]
      Server: [Microsoft-HTTPAPI/2.0, Microsoft-HTTPAPI/2.0]
      Strict-Transport-Security: [max-age=31536000; includeSubDomains]
      Transfer-Encoding: [chunked]
      Vary: [Accept-Encoding]
      content-length: ['134']
    status: {code: 200, message: OK}
- request:
    body: null
    headers:
      Accept: [application/json]
      Accept-Encoding: ['gzip, deflate']
      Connection: [keep-alive]
      Content-Type: [application/json; charset=utf-8]
      User-Agent: [python/3.5.0 (Windows-10.0.10586) requests/2.9.1 msrest/0.4.6 msrest_azure/0.4.7
          computemanagementclient/0.33.1rc1 Azure-SDK-For-Python AZURECLI/TEST/2.0.1+dev]
      accept-language: [en-US]
      x-ms-client-request-id: [51fdf636-0da3-11e7-ba53-f4b7e2e85440]
    method: GET
    uri: https://management.azure.com/subscriptions/00000000-0000-0000-0000-000000000000/providers/Microsoft.Compute/locations/westus/operations/703d88ee-34ec-4623-bf49-ca0d8906656b?api-version=2016-04-30-preview
  response:
    body: {string: "{\r\n  \"startTime\": \"2017-03-20T19:27:57.0836306+00:00\",\r\
        \n  \"status\": \"InProgress\",\r\n  \"name\": \"703d88ee-34ec-4623-bf49-ca0d8906656b\"\
        \r\n}"}
    headers:
      Cache-Control: [no-cache]
      Content-Type: [application/json; charset=utf-8]
      Date: ['Mon, 20 Mar 2017 19:32:59 GMT']
      Expires: ['-1']
      Pragma: [no-cache]
      Server: [Microsoft-HTTPAPI/2.0, Microsoft-HTTPAPI/2.0]
      Strict-Transport-Security: [max-age=31536000; includeSubDomains]
      Transfer-Encoding: [chunked]
      Vary: [Accept-Encoding]
      content-length: ['134']
    status: {code: 200, message: OK}
- request:
    body: null
    headers:
      Accept: [application/json]
      Accept-Encoding: ['gzip, deflate']
      Connection: [keep-alive]
      Content-Type: [application/json; charset=utf-8]
      User-Agent: [python/3.5.0 (Windows-10.0.10586) requests/2.9.1 msrest/0.4.6 msrest_azure/0.4.7
          computemanagementclient/0.33.1rc1 Azure-SDK-For-Python AZURECLI/TEST/2.0.1+dev]
      accept-language: [en-US]
      x-ms-client-request-id: [51fdf636-0da3-11e7-ba53-f4b7e2e85440]
    method: GET
    uri: https://management.azure.com/subscriptions/00000000-0000-0000-0000-000000000000/providers/Microsoft.Compute/locations/westus/operations/703d88ee-34ec-4623-bf49-ca0d8906656b?api-version=2016-04-30-preview
  response:
    body: {string: "{\r\n  \"startTime\": \"2017-03-20T19:27:57.0836306+00:00\",\r\
        \n  \"status\": \"InProgress\",\r\n  \"name\": \"703d88ee-34ec-4623-bf49-ca0d8906656b\"\
        \r\n}"}
    headers:
      Cache-Control: [no-cache]
      Content-Type: [application/json; charset=utf-8]
      Date: ['Mon, 20 Mar 2017 19:33:29 GMT']
      Expires: ['-1']
      Pragma: [no-cache]
      Server: [Microsoft-HTTPAPI/2.0, Microsoft-HTTPAPI/2.0]
      Strict-Transport-Security: [max-age=31536000; includeSubDomains]
      Transfer-Encoding: [chunked]
      Vary: [Accept-Encoding]
      content-length: ['134']
    status: {code: 200, message: OK}
- request:
    body: null
    headers:
      Accept: [application/json]
      Accept-Encoding: ['gzip, deflate']
      Connection: [keep-alive]
      Content-Type: [application/json; charset=utf-8]
      User-Agent: [python/3.5.0 (Windows-10.0.10586) requests/2.9.1 msrest/0.4.6 msrest_azure/0.4.7
          computemanagementclient/0.33.1rc1 Azure-SDK-For-Python AZURECLI/TEST/2.0.1+dev]
      accept-language: [en-US]
      x-ms-client-request-id: [51fdf636-0da3-11e7-ba53-f4b7e2e85440]
    method: GET
    uri: https://management.azure.com/subscriptions/00000000-0000-0000-0000-000000000000/providers/Microsoft.Compute/locations/westus/operations/703d88ee-34ec-4623-bf49-ca0d8906656b?api-version=2016-04-30-preview
  response:
    body: {string: "{\r\n  \"startTime\": \"2017-03-20T19:27:57.0836306+00:00\",\r\
        \n  \"status\": \"InProgress\",\r\n  \"name\": \"703d88ee-34ec-4623-bf49-ca0d8906656b\"\
        \r\n}"}
    headers:
      Cache-Control: [no-cache]
      Content-Type: [application/json; charset=utf-8]
      Date: ['Mon, 20 Mar 2017 19:34:00 GMT']
      Expires: ['-1']
      Pragma: [no-cache]
      Server: [Microsoft-HTTPAPI/2.0, Microsoft-HTTPAPI/2.0]
      Strict-Transport-Security: [max-age=31536000; includeSubDomains]
      Transfer-Encoding: [chunked]
      Vary: [Accept-Encoding]
      content-length: ['134']
    status: {code: 200, message: OK}
- request:
    body: null
    headers:
      Accept: [application/json]
      Accept-Encoding: ['gzip, deflate']
      Connection: [keep-alive]
      Content-Type: [application/json; charset=utf-8]
      User-Agent: [python/3.5.0 (Windows-10.0.10586) requests/2.9.1 msrest/0.4.6 msrest_azure/0.4.7
          computemanagementclient/0.33.1rc1 Azure-SDK-For-Python AZURECLI/TEST/2.0.1+dev]
      accept-language: [en-US]
      x-ms-client-request-id: [51fdf636-0da3-11e7-ba53-f4b7e2e85440]
    method: GET
    uri: https://management.azure.com/subscriptions/00000000-0000-0000-0000-000000000000/providers/Microsoft.Compute/locations/westus/operations/703d88ee-34ec-4623-bf49-ca0d8906656b?api-version=2016-04-30-preview
  response:
    body: {string: "{\r\n  \"startTime\": \"2017-03-20T19:27:57.0836306+00:00\",\r\
        \n  \"status\": \"InProgress\",\r\n  \"name\": \"703d88ee-34ec-4623-bf49-ca0d8906656b\"\
        \r\n}"}
    headers:
      Cache-Control: [no-cache]
      Content-Type: [application/json; charset=utf-8]
      Date: ['Mon, 20 Mar 2017 19:34:31 GMT']
      Expires: ['-1']
      Pragma: [no-cache]
      Server: [Microsoft-HTTPAPI/2.0, Microsoft-HTTPAPI/2.0]
      Strict-Transport-Security: [max-age=31536000; includeSubDomains]
      Transfer-Encoding: [chunked]
      Vary: [Accept-Encoding]
      content-length: ['134']
    status: {code: 200, message: OK}
- request:
    body: null
    headers:
      Accept: [application/json]
      Accept-Encoding: ['gzip, deflate']
      Connection: [keep-alive]
      Content-Type: [application/json; charset=utf-8]
      User-Agent: [python/3.5.0 (Windows-10.0.10586) requests/2.9.1 msrest/0.4.6 msrest_azure/0.4.7
          computemanagementclient/0.33.1rc1 Azure-SDK-For-Python AZURECLI/TEST/2.0.1+dev]
      accept-language: [en-US]
      x-ms-client-request-id: [51fdf636-0da3-11e7-ba53-f4b7e2e85440]
    method: GET
    uri: https://management.azure.com/subscriptions/00000000-0000-0000-0000-000000000000/providers/Microsoft.Compute/locations/westus/operations/703d88ee-34ec-4623-bf49-ca0d8906656b?api-version=2016-04-30-preview
  response:
    body: {string: "{\r\n  \"startTime\": \"2017-03-20T19:27:57.0836306+00:00\",\r\
        \n  \"status\": \"InProgress\",\r\n  \"name\": \"703d88ee-34ec-4623-bf49-ca0d8906656b\"\
        \r\n}"}
    headers:
      Cache-Control: [no-cache]
      Content-Type: [application/json; charset=utf-8]
      Date: ['Mon, 20 Mar 2017 19:35:01 GMT']
      Expires: ['-1']
      Pragma: [no-cache]
      Server: [Microsoft-HTTPAPI/2.0, Microsoft-HTTPAPI/2.0]
      Strict-Transport-Security: [max-age=31536000; includeSubDomains]
      Transfer-Encoding: [chunked]
      Vary: [Accept-Encoding]
      content-length: ['134']
    status: {code: 200, message: OK}
- request:
    body: null
    headers:
      Accept: [application/json]
      Accept-Encoding: ['gzip, deflate']
      Connection: [keep-alive]
      Content-Type: [application/json; charset=utf-8]
      User-Agent: [python/3.5.0 (Windows-10.0.10586) requests/2.9.1 msrest/0.4.6 msrest_azure/0.4.7
          computemanagementclient/0.33.1rc1 Azure-SDK-For-Python AZURECLI/TEST/2.0.1+dev]
      accept-language: [en-US]
      x-ms-client-request-id: [51fdf636-0da3-11e7-ba53-f4b7e2e85440]
    method: GET
    uri: https://management.azure.com/subscriptions/00000000-0000-0000-0000-000000000000/providers/Microsoft.Compute/locations/westus/operations/703d88ee-34ec-4623-bf49-ca0d8906656b?api-version=2016-04-30-preview
  response:
    body: {string: "{\r\n  \"startTime\": \"2017-03-20T19:27:57.0836306+00:00\",\r\
        \n  \"status\": \"InProgress\",\r\n  \"name\": \"703d88ee-34ec-4623-bf49-ca0d8906656b\"\
        \r\n}"}
    headers:
      Cache-Control: [no-cache]
      Content-Type: [application/json; charset=utf-8]
      Date: ['Mon, 20 Mar 2017 19:35:32 GMT']
      Expires: ['-1']
      Pragma: [no-cache]
      Server: [Microsoft-HTTPAPI/2.0, Microsoft-HTTPAPI/2.0]
      Strict-Transport-Security: [max-age=31536000; includeSubDomains]
      Transfer-Encoding: [chunked]
      Vary: [Accept-Encoding]
      content-length: ['134']
    status: {code: 200, message: OK}
- request:
    body: null
    headers:
      Accept: [application/json]
      Accept-Encoding: ['gzip, deflate']
      Connection: [keep-alive]
      Content-Type: [application/json; charset=utf-8]
      User-Agent: [python/3.5.0 (Windows-10.0.10586) requests/2.9.1 msrest/0.4.6 msrest_azure/0.4.7
          computemanagementclient/0.33.1rc1 Azure-SDK-For-Python AZURECLI/TEST/2.0.1+dev]
      accept-language: [en-US]
      x-ms-client-request-id: [51fdf636-0da3-11e7-ba53-f4b7e2e85440]
    method: GET
    uri: https://management.azure.com/subscriptions/00000000-0000-0000-0000-000000000000/providers/Microsoft.Compute/locations/westus/operations/703d88ee-34ec-4623-bf49-ca0d8906656b?api-version=2016-04-30-preview
  response:
    body: {string: "{\r\n  \"startTime\": \"2017-03-20T19:27:57.0836306+00:00\",\r\
        \n  \"status\": \"InProgress\",\r\n  \"name\": \"703d88ee-34ec-4623-bf49-ca0d8906656b\"\
        \r\n}"}
    headers:
      Cache-Control: [no-cache]
      Content-Type: [application/json; charset=utf-8]
      Date: ['Mon, 20 Mar 2017 19:36:03 GMT']
      Expires: ['-1']
      Pragma: [no-cache]
      Server: [Microsoft-HTTPAPI/2.0, Microsoft-HTTPAPI/2.0]
      Strict-Transport-Security: [max-age=31536000; includeSubDomains]
      Transfer-Encoding: [chunked]
      Vary: [Accept-Encoding]
      content-length: ['134']
    status: {code: 200, message: OK}
- request:
    body: null
    headers:
      Accept: [application/json]
      Accept-Encoding: ['gzip, deflate']
      Connection: [keep-alive]
      Content-Type: [application/json; charset=utf-8]
      User-Agent: [python/3.5.0 (Windows-10.0.10586) requests/2.9.1 msrest/0.4.6 msrest_azure/0.4.7
          computemanagementclient/0.33.1rc1 Azure-SDK-For-Python AZURECLI/TEST/2.0.1+dev]
      accept-language: [en-US]
      x-ms-client-request-id: [51fdf636-0da3-11e7-ba53-f4b7e2e85440]
    method: GET
    uri: https://management.azure.com/subscriptions/00000000-0000-0000-0000-000000000000/providers/Microsoft.Compute/locations/westus/operations/703d88ee-34ec-4623-bf49-ca0d8906656b?api-version=2016-04-30-preview
  response:
    body: {string: "{\r\n  \"startTime\": \"2017-03-20T19:27:57.0836306+00:00\",\r\
        \n  \"status\": \"InProgress\",\r\n  \"name\": \"703d88ee-34ec-4623-bf49-ca0d8906656b\"\
        \r\n}"}
    headers:
      Cache-Control: [no-cache]
      Content-Type: [application/json; charset=utf-8]
      Date: ['Mon, 20 Mar 2017 19:36:34 GMT']
      Expires: ['-1']
      Pragma: [no-cache]
      Server: [Microsoft-HTTPAPI/2.0, Microsoft-HTTPAPI/2.0]
      Strict-Transport-Security: [max-age=31536000; includeSubDomains]
      Transfer-Encoding: [chunked]
      Vary: [Accept-Encoding]
      content-length: ['134']
    status: {code: 200, message: OK}
- request:
    body: null
    headers:
      Accept: [application/json]
      Accept-Encoding: ['gzip, deflate']
      Connection: [keep-alive]
      Content-Type: [application/json; charset=utf-8]
      User-Agent: [python/3.5.0 (Windows-10.0.10586) requests/2.9.1 msrest/0.4.6 msrest_azure/0.4.7
          computemanagementclient/0.33.1rc1 Azure-SDK-For-Python AZURECLI/TEST/2.0.1+dev]
      accept-language: [en-US]
      x-ms-client-request-id: [51fdf636-0da3-11e7-ba53-f4b7e2e85440]
    method: GET
    uri: https://management.azure.com/subscriptions/00000000-0000-0000-0000-000000000000/providers/Microsoft.Compute/locations/westus/operations/703d88ee-34ec-4623-bf49-ca0d8906656b?api-version=2016-04-30-preview
  response:
    body: {string: "{\r\n  \"startTime\": \"2017-03-20T19:27:57.0836306+00:00\",\r\
        \n  \"status\": \"InProgress\",\r\n  \"name\": \"703d88ee-34ec-4623-bf49-ca0d8906656b\"\
        \r\n}"}
    headers:
      Cache-Control: [no-cache]
      Content-Type: [application/json; charset=utf-8]
      Date: ['Mon, 20 Mar 2017 19:37:04 GMT']
      Expires: ['-1']
      Pragma: [no-cache]
      Server: [Microsoft-HTTPAPI/2.0, Microsoft-HTTPAPI/2.0]
      Strict-Transport-Security: [max-age=31536000; includeSubDomains]
      Transfer-Encoding: [chunked]
      Vary: [Accept-Encoding]
      content-length: ['134']
    status: {code: 200, message: OK}
- request:
    body: null
    headers:
      Accept: [application/json]
      Accept-Encoding: ['gzip, deflate']
      Connection: [keep-alive]
      Content-Type: [application/json; charset=utf-8]
      User-Agent: [python/3.5.0 (Windows-10.0.10586) requests/2.9.1 msrest/0.4.6 msrest_azure/0.4.7
          computemanagementclient/0.33.1rc1 Azure-SDK-For-Python AZURECLI/TEST/2.0.1+dev]
      accept-language: [en-US]
      x-ms-client-request-id: [51fdf636-0da3-11e7-ba53-f4b7e2e85440]
    method: GET
    uri: https://management.azure.com/subscriptions/00000000-0000-0000-0000-000000000000/providers/Microsoft.Compute/locations/westus/operations/703d88ee-34ec-4623-bf49-ca0d8906656b?api-version=2016-04-30-preview
  response:
    body: {string: "{\r\n  \"startTime\": \"2017-03-20T19:27:57.0836306+00:00\",\r\
        \n  \"status\": \"InProgress\",\r\n  \"name\": \"703d88ee-34ec-4623-bf49-ca0d8906656b\"\
        \r\n}"}
    headers:
      Cache-Control: [no-cache]
      Content-Type: [application/json; charset=utf-8]
      Date: ['Mon, 20 Mar 2017 19:37:34 GMT']
      Expires: ['-1']
      Pragma: [no-cache]
      Server: [Microsoft-HTTPAPI/2.0, Microsoft-HTTPAPI/2.0]
      Strict-Transport-Security: [max-age=31536000; includeSubDomains]
      Transfer-Encoding: [chunked]
      Vary: [Accept-Encoding]
      content-length: ['134']
    status: {code: 200, message: OK}
- request:
    body: null
    headers:
      Accept: [application/json]
      Accept-Encoding: ['gzip, deflate']
      Connection: [keep-alive]
      Content-Type: [application/json; charset=utf-8]
      User-Agent: [python/3.5.0 (Windows-10.0.10586) requests/2.9.1 msrest/0.4.6 msrest_azure/0.4.7
          computemanagementclient/0.33.1rc1 Azure-SDK-For-Python AZURECLI/TEST/2.0.1+dev]
      accept-language: [en-US]
      x-ms-client-request-id: [51fdf636-0da3-11e7-ba53-f4b7e2e85440]
    method: GET
    uri: https://management.azure.com/subscriptions/00000000-0000-0000-0000-000000000000/providers/Microsoft.Compute/locations/westus/operations/703d88ee-34ec-4623-bf49-ca0d8906656b?api-version=2016-04-30-preview
  response:
    body: {string: "{\r\n  \"startTime\": \"2017-03-20T19:27:57.0836306+00:00\",\r\
        \n  \"status\": \"InProgress\",\r\n  \"name\": \"703d88ee-34ec-4623-bf49-ca0d8906656b\"\
        \r\n}"}
    headers:
      Cache-Control: [no-cache]
      Content-Type: [application/json; charset=utf-8]
      Date: ['Mon, 20 Mar 2017 19:38:05 GMT']
      Expires: ['-1']
      Pragma: [no-cache]
      Server: [Microsoft-HTTPAPI/2.0, Microsoft-HTTPAPI/2.0]
      Strict-Transport-Security: [max-age=31536000; includeSubDomains]
      Transfer-Encoding: [chunked]
      Vary: [Accept-Encoding]
      content-length: ['134']
    status: {code: 200, message: OK}
- request:
    body: null
    headers:
      Accept: [application/json]
      Accept-Encoding: ['gzip, deflate']
      Connection: [keep-alive]
      Content-Type: [application/json; charset=utf-8]
      User-Agent: [python/3.5.0 (Windows-10.0.10586) requests/2.9.1 msrest/0.4.6 msrest_azure/0.4.7
          computemanagementclient/0.33.1rc1 Azure-SDK-For-Python AZURECLI/TEST/2.0.1+dev]
      accept-language: [en-US]
      x-ms-client-request-id: [51fdf636-0da3-11e7-ba53-f4b7e2e85440]
    method: GET
    uri: https://management.azure.com/subscriptions/00000000-0000-0000-0000-000000000000/providers/Microsoft.Compute/locations/westus/operations/703d88ee-34ec-4623-bf49-ca0d8906656b?api-version=2016-04-30-preview
  response:
    body: {string: "{\r\n  \"startTime\": \"2017-03-20T19:27:57.0836306+00:00\",\r\
        \n  \"endTime\": \"2017-03-20T19:38:13.8998318+00:00\",\r\n  \"status\": \"\
        Succeeded\",\r\n  \"name\": \"703d88ee-34ec-4623-bf49-ca0d8906656b\"\r\n}"}
    headers:
      Cache-Control: [no-cache]
      Content-Type: [application/json; charset=utf-8]
      Date: ['Mon, 20 Mar 2017 19:38:36 GMT']
      Expires: ['-1']
      Pragma: [no-cache]
      Server: [Microsoft-HTTPAPI/2.0, Microsoft-HTTPAPI/2.0]
      Strict-Transport-Security: [max-age=31536000; includeSubDomains]
      Transfer-Encoding: [chunked]
      Vary: [Accept-Encoding]
      content-length: ['184']
    status: {code: 200, message: OK}
- request:
    body: null
    headers:
      Accept: [application/json]
      Accept-Encoding: ['gzip, deflate']
      Connection: [keep-alive]
      Content-Type: [application/json; charset=utf-8]
      User-Agent: [python/3.5.0 (Windows-10.0.10586) requests/2.9.1 msrest/0.4.6 msrest_azure/0.4.7
          computemanagementclient/0.33.1rc1 Azure-SDK-For-Python AZURECLI/TEST/2.0.1+dev]
      accept-language: [en-US]
      x-ms-client-request-id: [d00b43ee-0da4-11e7-a62e-f4b7e2e85440]
    method: GET
    uri: https://management.azure.com/subscriptions/00000000-0000-0000-0000-000000000000/resourceGroups/cli_test_vmss_vms/providers/Microsoft.Compute/virtualMachineScaleSets/vmss1/virtualmachines/0/instanceView?api-version=2016-04-30-preview
  response:
    body: {string: "{\r\n  \"placementGroupId\": \"f6cee656-1cfb-4905-af98-5fee8e7db1e0\"\
        ,\r\n  \"platformUpdateDomain\": 0,\r\n  \"platformFaultDomain\": 0,\r\n \
        \ \"vmAgent\": {\r\n    \"vmAgentVersion\": \"2.2.2\",\r\n    \"statuses\"\
        : [\r\n      {\r\n        \"code\": \"ProvisioningState/succeeded\",\r\n \
        \       \"level\": \"Info\",\r\n        \"displayStatus\": \"Ready\",\r\n\
        \        \"message\": \"Guest Agent is running\",\r\n        \"time\": \"\
        2017-03-20T19:37:49+00:00\"\r\n      }\r\n    ],\r\n    \"extensionHandlers\"\
        : []\r\n  },\r\n  \"statuses\": [\r\n    {\r\n      \"code\": \"ProvisioningState/succeeded\"\
        ,\r\n      \"level\": \"Info\",\r\n      \"displayStatus\": \"Provisioning\
        \ succeeded\",\r\n      \"time\": \"2017-03-20T19:38:13.8685568+00:00\"\r\n\
        \    },\r\n    {\r\n      \"code\": \"PowerState/stopped\",\r\n      \"level\"\
        : \"Info\",\r\n      \"displayStatus\": \"VM stopped\"\r\n    }\r\n  ]\r\n\
        }"}
    headers:
      Cache-Control: [no-cache]
      Content-Type: [application/json; charset=utf-8]
      Date: ['Mon, 20 Mar 2017 19:38:37 GMT']
      Expires: ['-1']
      Pragma: [no-cache]
      Server: [Microsoft-HTTPAPI/2.0, Microsoft-HTTPAPI/2.0]
      Strict-Transport-Security: [max-age=31536000; includeSubDomains]
      Transfer-Encoding: [chunked]
      Vary: [Accept-Encoding]
      content-length: ['774']
    status: {code: 200, message: OK}
- request:
    body: null
    headers:
      Accept: [application/json]
      Accept-Encoding: ['gzip, deflate']
      Connection: [keep-alive]
      Content-Type: [application/json; charset=utf-8]
      User-Agent: [python/3.5.0 (Windows-10.0.10586) requests/2.9.1 msrest/0.4.6 msrest_azure/0.4.7
          computemanagementclient/0.33.1rc1 Azure-SDK-For-Python AZURECLI/TEST/2.0.1+dev]
      accept-language: [en-US]
      x-ms-client-request-id: [d0a59d42-0da4-11e7-b8e6-f4b7e2e85440]
    method: GET
    uri: https://management.azure.com/subscriptions/00000000-0000-0000-0000-000000000000/resourceGroups/cli_test_vmss_vms/providers/Microsoft.Compute/virtualMachineScaleSets/vmss1/virtualmachines/1/instanceView?api-version=2016-04-30-preview
  response:
    body: {string: "{\r\n  \"placementGroupId\": \"f6cee656-1cfb-4905-af98-5fee8e7db1e0\"\
        ,\r\n  \"platformUpdateDomain\": 1,\r\n  \"platformFaultDomain\": 1,\r\n \
        \ \"vmAgent\": {\r\n    \"vmAgentVersion\": \"Unknown\",\r\n    \"statuses\"\
        : [\r\n      {\r\n        \"code\": \"ProvisioningState/Unavailable\",\r\n\
        \        \"level\": \"Warning\",\r\n        \"displayStatus\": \"Not Ready\"\
        ,\r\n        \"message\": \"VM Agent is unresponsive.\",\r\n        \"time\"\
        : \"2017-03-20T19:38:39+00:00\"\r\n      }\r\n    ]\r\n  },\r\n  \"statuses\"\
        : [\r\n    {\r\n      \"code\": \"ProvisioningState/succeeded\",\r\n     \
        \ \"level\": \"Info\",\r\n      \"displayStatus\": \"Provisioning succeeded\"\
        ,\r\n      \"time\": \"2017-03-20T19:28:08.2942515+00:00\"\r\n    },\r\n \
        \   {\r\n      \"code\": \"PowerState/stopped\",\r\n      \"level\": \"Info\"\
        ,\r\n      \"displayStatus\": \"VM stopped\"\r\n    }\r\n  ]\r\n}"}
    headers:
      Cache-Control: [no-cache]
      Content-Type: [application/json; charset=utf-8]
      Date: ['Mon, 20 Mar 2017 19:38:37 GMT']
      Expires: ['-1']
      Pragma: [no-cache]
      Server: [Microsoft-HTTPAPI/2.0, Microsoft-HTTPAPI/2.0]
      Strict-Transport-Security: [max-age=31536000; includeSubDomains]
      Transfer-Encoding: [chunked]
      Vary: [Accept-Encoding]
      content-length: ['758']
    status: {code: 200, message: OK}
- request:
    body: null
    headers:
      Accept: [application/json]
      Accept-Encoding: ['gzip, deflate']
      Connection: [keep-alive]
      Content-Length: ['0']
      Content-Type: [application/json; charset=utf-8]
      User-Agent: [python/3.5.0 (Windows-10.0.10586) requests/2.9.1 msrest/0.4.6 msrest_azure/0.4.7
          computemanagementclient/0.33.1rc1 Azure-SDK-For-Python AZURECLI/TEST/2.0.1+dev]
      accept-language: [en-US]
      x-ms-client-request-id: [d1269b68-0da4-11e7-b089-f4b7e2e85440]
    method: POST
    uri: https://management.azure.com/subscriptions/00000000-0000-0000-0000-000000000000/resourceGroups/cli_test_vmss_vms/providers/Microsoft.Compute/virtualMachineScaleSets/vmss1/virtualmachines/%2A/start?api-version=2016-04-30-preview
  response:
    body: {string: ''}
    headers:
      Azure-AsyncOperation: ['https://management.azure.com/subscriptions/0b1f6471-1bf0-4dda-aec3-cb9272f09590/providers/Microsoft.Compute/locations/westus/operations/cd2769c2-83c1-474e-b000-5f1a4f43263c?api-version=2016-04-30-preview']
      Cache-Control: [no-cache]
      Content-Length: ['0']
      Date: ['Mon, 20 Mar 2017 19:38:38 GMT']
      Expires: ['-1']
      Location: ['https://management.azure.com/subscriptions/0b1f6471-1bf0-4dda-aec3-cb9272f09590/providers/Microsoft.Compute/locations/westus/operations/cd2769c2-83c1-474e-b000-5f1a4f43263c?monitor=true&api-version=2016-04-30-preview']
      Pragma: [no-cache]
      Server: [Microsoft-HTTPAPI/2.0, Microsoft-HTTPAPI/2.0]
      Strict-Transport-Security: [max-age=31536000; includeSubDomains]
      x-ms-ratelimit-remaining-subscription-writes: ['1199']
    status: {code: 202, message: Accepted}
- request:
    body: null
    headers:
      Accept: [application/json]
      Accept-Encoding: ['gzip, deflate']
      Connection: [keep-alive]
      Content-Type: [application/json; charset=utf-8]
      User-Agent: [python/3.5.0 (Windows-10.0.10586) requests/2.9.1 msrest/0.4.6 msrest_azure/0.4.7
          computemanagementclient/0.33.1rc1 Azure-SDK-For-Python AZURECLI/TEST/2.0.1+dev]
      accept-language: [en-US]
      x-ms-client-request-id: [d1269b68-0da4-11e7-b089-f4b7e2e85440]
    method: GET
    uri: https://management.azure.com/subscriptions/00000000-0000-0000-0000-000000000000/providers/Microsoft.Compute/locations/westus/operations/cd2769c2-83c1-474e-b000-5f1a4f43263c?api-version=2016-04-30-preview
  response:
    body: {string: "{\r\n  \"startTime\": \"2017-03-20T19:38:39.9876122+00:00\",\r\
        \n  \"endTime\": \"2017-03-20T19:38:52.2109156+00:00\",\r\n  \"status\": \"\
        Succeeded\",\r\n  \"name\": \"cd2769c2-83c1-474e-b000-5f1a4f43263c\"\r\n}"}
    headers:
      Cache-Control: [no-cache]
      Content-Type: [application/json; charset=utf-8]
      Date: ['Mon, 20 Mar 2017 19:39:10 GMT']
      Expires: ['-1']
      Pragma: [no-cache]
      Server: [Microsoft-HTTPAPI/2.0, Microsoft-HTTPAPI/2.0]
      Strict-Transport-Security: [max-age=31536000; includeSubDomains]
      Transfer-Encoding: [chunked]
      Vary: [Accept-Encoding]
      content-length: ['184']
    status: {code: 200, message: OK}
- request:
    body: null
    headers:
      Accept: [application/json]
      Accept-Encoding: ['gzip, deflate']
      Connection: [keep-alive]
      Content-Type: [application/json; charset=utf-8]
      User-Agent: [python/3.5.0 (Windows-10.0.10586) requests/2.9.1 msrest/0.4.6 msrest_azure/0.4.7
          computemanagementclient/0.33.1rc1 Azure-SDK-For-Python AZURECLI/TEST/2.0.1+dev]
      accept-language: [en-US]
      x-ms-client-request-id: [e4a1a876-0da4-11e7-9a5e-f4b7e2e85440]
    method: GET
    uri: https://management.azure.com/subscriptions/00000000-0000-0000-0000-000000000000/resourceGroups/cli_test_vmss_vms/providers/Microsoft.Compute/virtualMachineScaleSets/vmss1/virtualmachines/0/instanceView?api-version=2016-04-30-preview
  response:
    body: {string: "{\r\n  \"placementGroupId\": \"f6cee656-1cfb-4905-af98-5fee8e7db1e0\"\
        ,\r\n  \"platformUpdateDomain\": 0,\r\n  \"platformFaultDomain\": 0,\r\n \
        \ \"vmAgent\": {\r\n    \"vmAgentVersion\": \"2.2.2\",\r\n    \"statuses\"\
        : [\r\n      {\r\n        \"code\": \"ProvisioningState/succeeded\",\r\n \
        \       \"level\": \"Info\",\r\n        \"displayStatus\": \"Ready\",\r\n\
        \        \"message\": \"Guest Agent is running\",\r\n        \"time\": \"\
        2017-03-20T19:37:49+00:00\"\r\n      }\r\n    ],\r\n    \"extensionHandlers\"\
        : []\r\n  },\r\n  \"statuses\": [\r\n    {\r\n      \"code\": \"ProvisioningState/succeeded\"\
        ,\r\n      \"level\": \"Info\",\r\n      \"displayStatus\": \"Provisioning\
        \ succeeded\",\r\n      \"time\": \"2017-03-20T19:38:52.195273+00:00\"\r\n\
        \    },\r\n    {\r\n      \"code\": \"PowerState/running\",\r\n      \"level\"\
        : \"Info\",\r\n      \"displayStatus\": \"VM running\"\r\n    }\r\n  ]\r\n\
        }"}
    headers:
      Cache-Control: [no-cache]
      Content-Type: [application/json; charset=utf-8]
      Date: ['Mon, 20 Mar 2017 19:39:11 GMT']
      Expires: ['-1']
      Pragma: [no-cache]
      Server: [Microsoft-HTTPAPI/2.0, Microsoft-HTTPAPI/2.0]
      Strict-Transport-Security: [max-age=31536000; includeSubDomains]
      Transfer-Encoding: [chunked]
      Vary: [Accept-Encoding]
      content-length: ['773']
    status: {code: 200, message: OK}
- request:
    body: null
    headers:
      Accept: [application/json]
      Accept-Encoding: ['gzip, deflate']
      Connection: [keep-alive]
      Content-Type: [application/json; charset=utf-8]
      User-Agent: [python/3.5.0 (Windows-10.0.10586) requests/2.9.1 msrest/0.4.6 msrest_azure/0.4.7
          computemanagementclient/0.33.1rc1 Azure-SDK-For-Python AZURECLI/TEST/2.0.1+dev]
      accept-language: [en-US]
      x-ms-client-request-id: [e539ba12-0da4-11e7-939a-f4b7e2e85440]
    method: GET
    uri: https://management.azure.com/subscriptions/00000000-0000-0000-0000-000000000000/resourceGroups/cli_test_vmss_vms/providers/Microsoft.Compute/virtualMachineScaleSets/vmss1/virtualmachines/1/instanceView?api-version=2016-04-30-preview
  response:
    body: {string: "{\r\n  \"placementGroupId\": \"f6cee656-1cfb-4905-af98-5fee8e7db1e0\"\
        ,\r\n  \"platformUpdateDomain\": 1,\r\n  \"platformFaultDomain\": 1,\r\n \
        \ \"vmAgent\": {\r\n    \"vmAgentVersion\": \"2.2.2\",\r\n    \"statuses\"\
        : [\r\n      {\r\n        \"code\": \"ProvisioningState/succeeded\",\r\n \
        \       \"level\": \"Info\",\r\n        \"displayStatus\": \"Ready\",\r\n\
        \        \"message\": \"Guest Agent is running\",\r\n        \"time\": \"\
        2017-03-20T19:39:08+00:00\"\r\n      }\r\n    ],\r\n    \"extensionHandlers\"\
        : []\r\n  },\r\n  \"statuses\": [\r\n    {\r\n      \"code\": \"ProvisioningState/succeeded\"\
        ,\r\n      \"level\": \"Info\",\r\n      \"displayStatus\": \"Provisioning\
        \ succeeded\",\r\n      \"time\": \"2017-03-20T19:38:52.195273+00:00\"\r\n\
        \    },\r\n    {\r\n      \"code\": \"PowerState/running\",\r\n      \"level\"\
        : \"Info\",\r\n      \"displayStatus\": \"VM running\"\r\n    }\r\n  ]\r\n\
        }"}
    headers:
      Cache-Control: [no-cache]
      Content-Type: [application/json; charset=utf-8]
      Date: ['Mon, 20 Mar 2017 19:39:12 GMT']
      Expires: ['-1']
      Pragma: [no-cache]
      Server: [Microsoft-HTTPAPI/2.0, Microsoft-HTTPAPI/2.0]
      Strict-Transport-Security: [max-age=31536000; includeSubDomains]
      Transfer-Encoding: [chunked]
      Vary: [Accept-Encoding]
      content-length: ['773']
    status: {code: 200, message: OK}
- request:
    body: null
    headers:
      Accept: [application/json]
      Accept-Encoding: ['gzip, deflate']
      Connection: [keep-alive]
      Content-Length: ['0']
      Content-Type: [application/json; charset=utf-8]
      User-Agent: [python/3.5.0 (Windows-10.0.10586) requests/2.9.1 msrest/0.4.6 msrest_azure/0.4.7
          computemanagementclient/0.33.1rc1 Azure-SDK-For-Python AZURECLI/TEST/2.0.1+dev]
      accept-language: [en-US]
      x-ms-client-request-id: [e5c9886c-0da4-11e7-a1bc-f4b7e2e85440]
    method: POST
    uri: https://management.azure.com/subscriptions/00000000-0000-0000-0000-000000000000/resourceGroups/cli_test_vmss_vms/providers/Microsoft.Compute/virtualMachineScaleSets/vmss1/virtualmachines/%2A/deallocate?api-version=2016-04-30-preview
  response:
    body: {string: ''}
    headers:
      Azure-AsyncOperation: ['https://management.azure.com/subscriptions/0b1f6471-1bf0-4dda-aec3-cb9272f09590/providers/Microsoft.Compute/locations/westus/operations/9c12a435-3f26-409e-8240-89bd08647a0c?api-version=2016-04-30-preview']
      Cache-Control: [no-cache]
      Content-Length: ['0']
      Date: ['Mon, 20 Mar 2017 19:39:13 GMT']
      Expires: ['-1']
      Location: ['https://management.azure.com/subscriptions/0b1f6471-1bf0-4dda-aec3-cb9272f09590/providers/Microsoft.Compute/locations/westus/operations/9c12a435-3f26-409e-8240-89bd08647a0c?monitor=true&api-version=2016-04-30-preview']
      Pragma: [no-cache]
      Server: [Microsoft-HTTPAPI/2.0, Microsoft-HTTPAPI/2.0]
      Strict-Transport-Security: [max-age=31536000; includeSubDomains]
      x-ms-ratelimit-remaining-subscription-writes: ['1199']
    status: {code: 202, message: Accepted}
- request:
    body: null
    headers:
      Accept: [application/json]
      Accept-Encoding: ['gzip, deflate']
      Connection: [keep-alive]
      Content-Type: [application/json; charset=utf-8]
      User-Agent: [python/3.5.0 (Windows-10.0.10586) requests/2.9.1 msrest/0.4.6 msrest_azure/0.4.7
          computemanagementclient/0.33.1rc1 Azure-SDK-For-Python AZURECLI/TEST/2.0.1+dev]
      accept-language: [en-US]
      x-ms-client-request-id: [e5c9886c-0da4-11e7-a1bc-f4b7e2e85440]
    method: GET
    uri: https://management.azure.com/subscriptions/00000000-0000-0000-0000-000000000000/providers/Microsoft.Compute/locations/westus/operations/9c12a435-3f26-409e-8240-89bd08647a0c?api-version=2016-04-30-preview
  response:
    body: {string: "{\r\n  \"startTime\": \"2017-03-20T19:39:14.6411283+00:00\",\r\
        \n  \"status\": \"InProgress\",\r\n  \"name\": \"9c12a435-3f26-409e-8240-89bd08647a0c\"\
        \r\n}"}
    headers:
      Cache-Control: [no-cache]
      Content-Type: [application/json; charset=utf-8]
      Date: ['Mon, 20 Mar 2017 19:39:43 GMT']
      Expires: ['-1']
      Pragma: [no-cache]
      Server: [Microsoft-HTTPAPI/2.0, Microsoft-HTTPAPI/2.0]
      Strict-Transport-Security: [max-age=31536000; includeSubDomains]
      Transfer-Encoding: [chunked]
      Vary: [Accept-Encoding]
      content-length: ['134']
    status: {code: 200, message: OK}
- request:
    body: null
    headers:
      Accept: [application/json]
      Accept-Encoding: ['gzip, deflate']
      Connection: [keep-alive]
      Content-Type: [application/json; charset=utf-8]
      User-Agent: [python/3.5.0 (Windows-10.0.10586) requests/2.9.1 msrest/0.4.6 msrest_azure/0.4.7
          computemanagementclient/0.33.1rc1 Azure-SDK-For-Python AZURECLI/TEST/2.0.1+dev]
      accept-language: [en-US]
      x-ms-client-request-id: [e5c9886c-0da4-11e7-a1bc-f4b7e2e85440]
    method: GET
    uri: https://management.azure.com/subscriptions/00000000-0000-0000-0000-000000000000/providers/Microsoft.Compute/locations/westus/operations/9c12a435-3f26-409e-8240-89bd08647a0c?api-version=2016-04-30-preview
  response:
    body: {string: "{\r\n  \"startTime\": \"2017-03-20T19:39:14.6411283+00:00\",\r\
        \n  \"status\": \"InProgress\",\r\n  \"name\": \"9c12a435-3f26-409e-8240-89bd08647a0c\"\
        \r\n}"}
    headers:
      Cache-Control: [no-cache]
      Content-Type: [application/json; charset=utf-8]
      Date: ['Mon, 20 Mar 2017 19:40:14 GMT']
      Expires: ['-1']
      Pragma: [no-cache]
      Server: [Microsoft-HTTPAPI/2.0, Microsoft-HTTPAPI/2.0]
      Strict-Transport-Security: [max-age=31536000; includeSubDomains]
      Transfer-Encoding: [chunked]
      Vary: [Accept-Encoding]
      content-length: ['134']
    status: {code: 200, message: OK}
- request:
    body: null
    headers:
      Accept: [application/json]
      Accept-Encoding: ['gzip, deflate']
      Connection: [keep-alive]
      Content-Type: [application/json; charset=utf-8]
      User-Agent: [python/3.5.0 (Windows-10.0.10586) requests/2.9.1 msrest/0.4.6 msrest_azure/0.4.7
          computemanagementclient/0.33.1rc1 Azure-SDK-For-Python AZURECLI/TEST/2.0.1+dev]
      accept-language: [en-US]
      x-ms-client-request-id: [e5c9886c-0da4-11e7-a1bc-f4b7e2e85440]
    method: GET
    uri: https://management.azure.com/subscriptions/00000000-0000-0000-0000-000000000000/providers/Microsoft.Compute/locations/westus/operations/9c12a435-3f26-409e-8240-89bd08647a0c?api-version=2016-04-30-preview
  response:
    body: {string: "{\r\n  \"startTime\": \"2017-03-20T19:39:14.6411283+00:00\",\r\
        \n  \"status\": \"InProgress\",\r\n  \"name\": \"9c12a435-3f26-409e-8240-89bd08647a0c\"\
        \r\n}"}
    headers:
      Cache-Control: [no-cache]
      Content-Type: [application/json; charset=utf-8]
      Date: ['Mon, 20 Mar 2017 19:40:45 GMT']
      Expires: ['-1']
      Pragma: [no-cache]
      Server: [Microsoft-HTTPAPI/2.0, Microsoft-HTTPAPI/2.0]
      Strict-Transport-Security: [max-age=31536000; includeSubDomains]
      Transfer-Encoding: [chunked]
      Vary: [Accept-Encoding]
      content-length: ['134']
    status: {code: 200, message: OK}
- request:
    body: null
    headers:
      Accept: [application/json]
      Accept-Encoding: ['gzip, deflate']
      Connection: [keep-alive]
      Content-Type: [application/json; charset=utf-8]
      User-Agent: [python/3.5.0 (Windows-10.0.10586) requests/2.9.1 msrest/0.4.6 msrest_azure/0.4.7
          computemanagementclient/0.33.1rc1 Azure-SDK-For-Python AZURECLI/TEST/2.0.1+dev]
      accept-language: [en-US]
      x-ms-client-request-id: [e5c9886c-0da4-11e7-a1bc-f4b7e2e85440]
    method: GET
    uri: https://management.azure.com/subscriptions/00000000-0000-0000-0000-000000000000/providers/Microsoft.Compute/locations/westus/operations/9c12a435-3f26-409e-8240-89bd08647a0c?api-version=2016-04-30-preview
  response:
    body: {string: "{\r\n  \"startTime\": \"2017-03-20T19:39:14.6411283+00:00\",\r\
        \n  \"endTime\": \"2017-03-20T19:40:55.665846+00:00\",\r\n  \"status\": \"\
        Succeeded\",\r\n  \"name\": \"9c12a435-3f26-409e-8240-89bd08647a0c\"\r\n}"}
    headers:
      Cache-Control: [no-cache]
      Content-Type: [application/json; charset=utf-8]
      Date: ['Mon, 20 Mar 2017 19:41:15 GMT']
      Expires: ['-1']
      Pragma: [no-cache]
      Server: [Microsoft-HTTPAPI/2.0, Microsoft-HTTPAPI/2.0]
      Strict-Transport-Security: [max-age=31536000; includeSubDomains]
      Transfer-Encoding: [chunked]
      Vary: [Accept-Encoding]
      content-length: ['183']
    status: {code: 200, message: OK}
- request:
    body: null
    headers:
      Accept: [application/json]
      Accept-Encoding: ['gzip, deflate']
      Connection: [keep-alive]
      Content-Type: [application/json; charset=utf-8]
      User-Agent: [python/3.5.0 (Windows-10.0.10586) requests/2.9.1 msrest/0.4.6 msrest_azure/0.4.7
          computemanagementclient/0.33.1rc1 Azure-SDK-For-Python AZURECLI/TEST/2.0.1+dev]
      accept-language: [en-US]
      x-ms-client-request-id: [2ee29528-0da5-11e7-8425-f4b7e2e85440]
    method: GET
    uri: https://management.azure.com/subscriptions/00000000-0000-0000-0000-000000000000/resourceGroups/cli_test_vmss_vms/providers/Microsoft.Compute/virtualMachineScaleSets/vmss1/virtualmachines/0/instanceView?api-version=2016-04-30-preview
  response:
    body: {string: "{\r\n  \"placementGroupId\": \"f6cee656-1cfb-4905-af98-5fee8e7db1e0\"\
        ,\r\n  \"platformUpdateDomain\": 0,\r\n  \"platformFaultDomain\": 0,\r\n \
        \ \"statuses\": [\r\n    {\r\n      \"code\": \"ProvisioningState/succeeded\"\
        ,\r\n      \"level\": \"Info\",\r\n      \"displayStatus\": \"Provisioning\
        \ succeeded\",\r\n      \"time\": \"2017-03-20T19:40:55.6345745+00:00\"\r\n\
        \    },\r\n    {\r\n      \"code\": \"PowerState/deallocated\",\r\n      \"\
        level\": \"Info\",\r\n      \"displayStatus\": \"VM deallocated\"\r\n    }\r\
        \n  ]\r\n}"}
    headers:
      Cache-Control: [no-cache]
      Content-Type: [application/json; charset=utf-8]
      Date: ['Mon, 20 Mar 2017 19:41:16 GMT']
      Expires: ['-1']
      Pragma: [no-cache]
      Server: [Microsoft-HTTPAPI/2.0, Microsoft-HTTPAPI/2.0]
      Strict-Transport-Security: [max-age=31536000; includeSubDomains]
      Transfer-Encoding: [chunked]
      Vary: [Accept-Encoding]
      content-length: ['454']
    status: {code: 200, message: OK}
- request:
    body: null
    headers:
      Accept: [application/json]
      Accept-Encoding: ['gzip, deflate']
      Connection: [keep-alive]
      Content-Type: [application/json; charset=utf-8]
      User-Agent: [python/3.5.0 (Windows-10.0.10586) requests/2.9.1 msrest/0.4.6 msrest_azure/0.4.7
          computemanagementclient/0.33.1rc1 Azure-SDK-For-Python AZURECLI/TEST/2.0.1+dev]
      accept-language: [en-US]
      x-ms-client-request-id: [2f691c68-0da5-11e7-b56d-f4b7e2e85440]
    method: GET
    uri: https://management.azure.com/subscriptions/00000000-0000-0000-0000-000000000000/resourceGroups/cli_test_vmss_vms/providers/Microsoft.Compute/virtualMachineScaleSets/vmss1/virtualmachines/1/instanceView?api-version=2016-04-30-preview
  response:
    body: {string: "{\r\n  \"placementGroupId\": \"f6cee656-1cfb-4905-af98-5fee8e7db1e0\"\
        ,\r\n  \"platformUpdateDomain\": 1,\r\n  \"platformFaultDomain\": 1,\r\n \
        \ \"statuses\": [\r\n    {\r\n      \"code\": \"ProvisioningState/succeeded\"\
        ,\r\n      \"level\": \"Info\",\r\n      \"displayStatus\": \"Provisioning\
        \ succeeded\",\r\n      \"time\": \"2017-03-20T19:40:50.5546538+00:00\"\r\n\
        \    },\r\n    {\r\n      \"code\": \"PowerState/deallocated\",\r\n      \"\
        level\": \"Info\",\r\n      \"displayStatus\": \"VM deallocated\"\r\n    }\r\
        \n  ]\r\n}"}
    headers:
      Cache-Control: [no-cache]
      Content-Type: [application/json; charset=utf-8]
      Date: ['Mon, 20 Mar 2017 19:41:16 GMT']
      Expires: ['-1']
      Pragma: [no-cache]
      Server: [Microsoft-HTTPAPI/2.0, Microsoft-HTTPAPI/2.0]
      Strict-Transport-Security: [max-age=31536000; includeSubDomains]
      Transfer-Encoding: [chunked]
      Vary: [Accept-Encoding]
      content-length: ['454']
    status: {code: 200, message: OK}
- request:
    body: null
    headers:
      Accept: [application/json]
      Accept-Encoding: ['gzip, deflate']
      Connection: [keep-alive]
      Content-Length: ['0']
      Content-Type: [application/json; charset=utf-8]
      User-Agent: [python/3.5.0 (Windows-10.0.10586) requests/2.9.1 msrest/0.4.6 msrest_azure/0.4.7
          computemanagementclient/0.33.1rc1 Azure-SDK-For-Python AZURECLI/TEST/2.0.1+dev]
      accept-language: [en-US]
      x-ms-client-request-id: [2fe78c26-0da5-11e7-9ad9-f4b7e2e85440]
    method: DELETE
    uri: https://management.azure.com/subscriptions/00000000-0000-0000-0000-000000000000/resourceGroups/cli_test_vmss_vms/providers/Microsoft.Compute/virtualMachineScaleSets/vmss1/virtualmachines/%2A?api-version=2016-04-30-preview
  response:
    body: {string: ''}
    headers:
      Azure-AsyncOperation: ['https://management.azure.com/subscriptions/0b1f6471-1bf0-4dda-aec3-cb9272f09590/providers/Microsoft.Compute/locations/westus/operations/11fbea2c-1e31-4e65-8059-c44f6666089a?api-version=2016-04-30-preview']
      Cache-Control: [no-cache]
      Content-Length: ['0']
      Date: ['Mon, 20 Mar 2017 19:41:18 GMT']
      Expires: ['-1']
      Location: ['https://management.azure.com/subscriptions/0b1f6471-1bf0-4dda-aec3-cb9272f09590/providers/Microsoft.Compute/locations/westus/operations/11fbea2c-1e31-4e65-8059-c44f6666089a?monitor=true&api-version=2016-04-30-preview']
      Pragma: [no-cache]
      Server: [Microsoft-HTTPAPI/2.0, Microsoft-HTTPAPI/2.0]
      Strict-Transport-Security: [max-age=31536000; includeSubDomains]
      x-ms-ratelimit-remaining-subscription-writes: ['1198']
    status: {code: 202, message: Accepted}
- request:
    body: null
    headers:
      Accept: [application/json]
      Accept-Encoding: ['gzip, deflate']
      Connection: [keep-alive]
      Content-Type: [application/json; charset=utf-8]
      User-Agent: [python/3.5.0 (Windows-10.0.10586) requests/2.9.1 msrest/0.4.6 msrest_azure/0.4.7
          computemanagementclient/0.33.1rc1 Azure-SDK-For-Python AZURECLI/TEST/2.0.1+dev]
      accept-language: [en-US]
      x-ms-client-request-id: [2fe78c26-0da5-11e7-9ad9-f4b7e2e85440]
    method: GET
    uri: https://management.azure.com/subscriptions/00000000-0000-0000-0000-000000000000/providers/Microsoft.Compute/locations/westus/operations/11fbea2c-1e31-4e65-8059-c44f6666089a?api-version=2016-04-30-preview
  response:
    body: {string: "{\r\n  \"startTime\": \"2017-03-20T19:41:19.3305432+00:00\",\r\
        \n  \"endTime\": \"2017-03-20T19:41:34.7110856+00:00\",\r\n  \"status\": \"\
        Succeeded\",\r\n  \"name\": \"11fbea2c-1e31-4e65-8059-c44f6666089a\"\r\n}"}
    headers:
      Cache-Control: [no-cache]
      Content-Type: [application/json; charset=utf-8]
      Date: ['Mon, 20 Mar 2017 19:41:48 GMT']
      Expires: ['-1']
      Pragma: [no-cache]
      Server: [Microsoft-HTTPAPI/2.0, Microsoft-HTTPAPI/2.0]
      Strict-Transport-Security: [max-age=31536000; includeSubDomains]
      Transfer-Encoding: [chunked]
      Vary: [Accept-Encoding]
      content-length: ['184']
    status: {code: 200, message: OK}
- request:
    body: null
    headers:
      Accept: [application/json]
      Accept-Encoding: ['gzip, deflate']
      Connection: [keep-alive]
      Content-Type: [application/json; charset=utf-8]
      User-Agent: [python/3.5.0 (Windows-10.0.10586) requests/2.9.1 msrest/0.4.6 msrest_azure/0.4.7
          computemanagementclient/0.33.1rc1 Azure-SDK-For-Python AZURECLI/TEST/2.0.1+dev]
      accept-language: [en-US]
      x-ms-client-request-id: [42c83402-0da5-11e7-8805-f4b7e2e85440]
    method: GET
    uri: https://management.azure.com/subscriptions/00000000-0000-0000-0000-000000000000/resourceGroups/cli_test_vmss_vms/providers/Microsoft.Compute/virtualMachineScaleSets/vmss1/virtualMachines?api-version=2016-04-30-preview
  response:
    body: {string: "{\r\n  \"value\": []\r\n}"}
    headers:
      Cache-Control: [no-cache]
      Content-Type: [application/json; charset=utf-8]
      Date: ['Mon, 20 Mar 2017 19:41:49 GMT']
      Expires: ['-1']
      Pragma: [no-cache]
      Server: [Microsoft-HTTPAPI/2.0, Microsoft-HTTPAPI/2.0]
      Strict-Transport-Security: [max-age=31536000; includeSubDomains]
      Transfer-Encoding: [chunked]
      Vary: [Accept-Encoding]
      content-length: ['19']
    status: {code: 200, message: OK}
version: 1
