interactions:
- request:
    body: '{"location": "westus", "tags": {"product": "azurecli", "cause": "automation",
      "date": "2018-12-21T23:21:26Z"}}'
    headers:
      Accept: [application/json]
      Accept-Encoding: ['gzip, deflate']
      CommandName: [group create]
      Connection: [keep-alive]
      Content-Length: ['110']
      Content-Type: [application/json; charset=utf-8]
      ParameterSetName: [--location --name --tag]
      User-Agent: [python/3.6.2 (Darwin-16.7.0-x86_64-i386-64bit) msrest/0.6.1 msrest_azure/0.4.34
          resourcemanagementclient/2.0.0 Azure-SDK-For-Python AZURECLI/2.0.54]
      accept-language: [en-US]
    method: PUT
    uri: https://management.azure.com/subscriptions/00000000-0000-0000-0000-000000000000/resourcegroups/clitest.rg000001?api-version=2018-05-01
  response:
    body: {string: '{"id":"/subscriptions/00000000-0000-0000-0000-000000000000/resourceGroups/clitest.rg000001","name":"clitest.rg000001","location":"westus","tags":{"product":"azurecli","cause":"automation","date":"2018-12-21T23:21:26Z"},"properties":{"provisioningState":"Succeeded"}}'}
    headers:
      cache-control: [no-cache]
      content-length: ['384']
      content-type: [application/json; charset=utf-8]
      date: ['Fri, 21 Dec 2018 23:21:29 GMT']
      expires: ['-1']
      pragma: [no-cache]
      strict-transport-security: [max-age=31536000; includeSubDomains]
      x-content-type-options: [nosniff]
      x-ms-ratelimit-remaining-subscription-writes: ['1199']
    status: {code: 201, message: Created}
- request:
    body: '{"sku": {"name": "Standard_LRS"}, "kind": "Storage", "location": "westus"}'
    headers:
      Accept: [application/json]
      Accept-Encoding: ['gzip, deflate']
      CommandName: [storage account create]
      Connection: [keep-alive]
      Content-Length: ['74']
      Content-Type: [application/json; charset=utf-8]
      ParameterSetName: [-n -g -l --sku]
      User-Agent: [python/3.6.2 (Darwin-16.7.0-x86_64-i386-64bit) msrest/0.6.1 msrest_azure/0.4.34
          azure-mgmt-storage/3.1.0 Azure-SDK-For-Python AZURECLI/2.0.54]
      accept-language: [en-US]
    method: PUT
    uri: https://management.azure.com/subscriptions/00000000-0000-0000-0000-000000000000/resourceGroups/clitest.rg000001/providers/Microsoft.Storage/storageAccounts/clitest000002?api-version=2018-07-01
  response:
    body: {string: ''}
    headers:
      cache-control: [no-cache]
      content-length: ['0']
      content-type: [text/plain; charset=utf-8]
      date: ['Fri, 21 Dec 2018 23:21:29 GMT']
      expires: ['-1']
      location: ['https://management.azure.com/subscriptions/00000000-0000-0000-0000-000000000000/providers/Microsoft.Storage/locations/westus/asyncoperations/6dfc0f37-1847-4dc3-be12-dd27591d7a2c?monitor=true&api-version=2018-07-01']
      pragma: [no-cache]
      server: ['Microsoft-Azure-Storage-Resource-Provider/1.0,Microsoft-HTTPAPI/2.0
          Microsoft-HTTPAPI/2.0']
      strict-transport-security: [max-age=31536000; includeSubDomains]
      x-content-type-options: [nosniff]
      x-ms-ratelimit-remaining-subscription-writes: ['1199']
    status: {code: 202, message: Accepted}
- request:
    body: null
    headers:
      Accept: [application/json]
      Accept-Encoding: ['gzip, deflate']
      CommandName: [storage account create]
      Connection: [keep-alive]
      ParameterSetName: [-n -g -l --sku]
      User-Agent: [python/3.6.2 (Darwin-16.7.0-x86_64-i386-64bit) msrest/0.6.1 msrest_azure/0.4.34
          azure-mgmt-storage/3.1.0 Azure-SDK-For-Python AZURECLI/2.0.54]
    method: GET
    uri: https://management.azure.com/subscriptions/00000000-0000-0000-0000-000000000000/providers/Microsoft.Storage/locations/westus/asyncoperations/6dfc0f37-1847-4dc3-be12-dd27591d7a2c?monitor=true&api-version=2018-07-01
  response:
    body: {string: '{"sku":{"name":"Standard_LRS","tier":"Standard"},"kind":"Storage","id":"/subscriptions/00000000-0000-0000-0000-000000000000/resourceGroups/clitest.rg000001/providers/Microsoft.Storage/storageAccounts/clitest000002","name":"clitest000002","type":"Microsoft.Storage/storageAccounts","location":"westus","tags":{},"properties":{"networkAcls":{"bypass":"AzureServices","virtualNetworkRules":[],"ipRules":[],"defaultAction":"Allow"},"supportsHttpsTrafficOnly":false,"encryption":{"services":{"file":{"enabled":true,"lastEnabledTime":"2018-12-21T23:21:30.5448586Z"},"blob":{"enabled":true,"lastEnabledTime":"2018-12-21T23:21:30.5448586Z"}},"keySource":"Microsoft.Storage"},"provisioningState":"Succeeded","creationTime":"2018-12-21T23:21:30.4511044Z","primaryEndpoints":{"blob":"https://clitest000002.blob.core.windows.net/","queue":"https://clitest000002.queue.core.windows.net/","table":"https://clitest000002.table.core.windows.net/","file":"https://clitest000002.file.core.windows.net/"},"primaryLocation":"westus","statusOfPrimary":"available"}}'}
    headers:
      cache-control: [no-cache]
      content-length: ['1169']
      content-type: [application/json]
      date: ['Fri, 21 Dec 2018 23:21:48 GMT']
      expires: ['-1']
      pragma: [no-cache]
      server: ['Microsoft-Azure-Storage-Resource-Provider/1.0,Microsoft-HTTPAPI/2.0
          Microsoft-HTTPAPI/2.0']
      strict-transport-security: [max-age=31536000; includeSubDomains]
      transfer-encoding: [chunked]
      vary: [Accept-Encoding]
      x-content-type-options: [nosniff]
    status: {code: 200, message: OK}
- request:
    body: null
    headers:
      Accept: [application/json]
      Accept-Encoding: ['gzip, deflate']
      CommandName: [storage account keys list]
      Connection: [keep-alive]
      Content-Length: ['0']
      ParameterSetName: [-n -g --query -o]
      User-Agent: [python/3.6.2 (Darwin-16.7.0-x86_64-i386-64bit) msrest/0.6.1 msrest_azure/0.4.34
          azure-mgmt-storage/3.1.0 Azure-SDK-For-Python AZURECLI/2.0.54]
      accept-language: [en-US]
    method: POST
    uri: https://management.azure.com/subscriptions/00000000-0000-0000-0000-000000000000/resourceGroups/clitest.rg000001/providers/Microsoft.Storage/storageAccounts/clitest000002/listKeys?api-version=2018-07-01
  response:
    body: {string: '{"keys":[{"keyName":"key1","value":"veryFakedStorageAccountKey==","permissions":"FULL"},{"keyName":"key2","value":"veryFakedStorageAccountKey==","permissions":"FULL"}]}'}
    headers:
      cache-control: [no-cache]
      content-length: ['288']
      content-type: [application/json]
      date: ['Fri, 21 Dec 2018 23:21:49 GMT']
      expires: ['-1']
      pragma: [no-cache]
      server: ['Microsoft-Azure-Storage-Resource-Provider/1.0,Microsoft-HTTPAPI/2.0
          Microsoft-HTTPAPI/2.0']
      strict-transport-security: [max-age=31536000; includeSubDomains]
      transfer-encoding: [chunked]
      vary: [Accept-Encoding]
      x-content-type-options: [nosniff]
      x-ms-ratelimit-remaining-subscription-writes: ['1199']
    status: {code: 200, message: OK}
- request:
    body: null
    headers:
      Accept: [application/json]
      Accept-Encoding: ['gzip, deflate']
      CommandName: [storage account keys list]
      Connection: [keep-alive]
      Content-Length: ['0']
      ParameterSetName: [-n -g --query -o]
      User-Agent: [python/3.6.2 (Darwin-16.7.0-x86_64-i386-64bit) msrest/0.6.1 msrest_azure/0.4.34
          azure-mgmt-storage/3.1.0 Azure-SDK-For-Python AZURECLI/2.0.54]
      accept-language: [en-US]
    method: POST
    uri: https://management.azure.com/subscriptions/00000000-0000-0000-0000-000000000000/resourceGroups/clitest.rg000001/providers/Microsoft.Storage/storageAccounts/clitest000002/listKeys?api-version=2018-07-01
  response:
    body: {string: '{"keys":[{"keyName":"key1","value":"veryFakedStorageAccountKey==","permissions":"FULL"},{"keyName":"key2","value":"veryFakedStorageAccountKey==","permissions":"FULL"}]}'}
    headers:
      cache-control: [no-cache]
      content-length: ['288']
      content-type: [application/json]
      date: ['Fri, 21 Dec 2018 23:21:50 GMT']
      expires: ['-1']
      pragma: [no-cache]
      server: ['Microsoft-Azure-Storage-Resource-Provider/1.0,Microsoft-HTTPAPI/2.0
          Microsoft-HTTPAPI/2.0']
      strict-transport-security: [max-age=31536000; includeSubDomains]
      transfer-encoding: [chunked]
      vary: [Accept-Encoding]
      x-content-type-options: [nosniff]
      x-ms-ratelimit-remaining-subscription-writes: ['1198']
    status: {code: 200, message: OK}
- request:
    body: null
    headers:
      Connection: [keep-alive]
      Content-Length: ['0']
      User-Agent: [Azure-Storage/1.3.0-1.3.1 (Python CPython 3.6.2; Darwin 16.7.0)
          AZURECLI/2.0.54]
      x-ms-date: ['Fri, 21 Dec 2018 23:21:51 GMT']
      x-ms-version: ['2018-03-28']
    method: PUT
    uri: https://clitest000002.blob.core.windows.net/cont000003?restype=container
  response:
    body: {string: ''}
    headers:
      date: ['Fri, 21 Dec 2018 23:21:50 GMT']
      etag: ['"0x8D6679B1650A8B9"']
      last-modified: ['Fri, 21 Dec 2018 23:21:51 GMT']
      server: [Windows-Azure-Blob/1.0 Microsoft-HTTPAPI/2.0]
      transfer-encoding: [chunked]
      x-ms-version: ['2018-03-28']
    status: {code: 201, message: Created}
- request:
    body: "\0\0\0\0\0\0\0\0\0\0\0\0\0\0\0\0\0\0\0\0\0\0\0\0\0\0\0\0\0\0\0\0\0\0\0\0\
      \0\0\0\0\0\0\0\0\0\0\0\0\0\0\0\0\0\0\0\0\0\0\0\0\0\0\0\0\0\0\0\0\0\0\0\0\0\0\
      \0\0\0\0\0\0\0\0\0\0\0\0\0\0\0\0\0\0\0\0\0\0\0\0\0\0\0\0\0\0\0\0\0\0\0\0\0\0\
      \0\0\0\0\0\0\0\0\0\0\0\0\0\0\0\0\0\0\0\0\0\0\0\0\0\0\0\0\0\0\0\0\0\0\0\0\0\0\
      \0\0\0\0\0\0\0\0\0\0\0\0\0\0\0\0\0\0\0\0\0\0\0\0\0\0\0\0\0\0\0\0\0\0\0\0\0\0\
      \0\0\0\0\0\0\0\0\0\0\0\0\0\0\0\0\0\0\0\0\0\0\0\0\0\0\0\0\0\0\0\0\0\0\0\0\0\0\
      \0\0\0\0\0\0\0\0\0\0\0\0\0\0\0\0\0\0\0\0\0\0\0\0\0\0\0\0\0\0\0\0\0\0\0\0\0\0\
      \0\0\0\0\0\0\0\0\0\0\0\0\0\0\0\0\0\0\0\0\0\0\0\0\0\0\0\0\0\0\0\0\0\0\0\0\0\0\
      \0\0\0\0\0\0\0\0\0\0\0\0\0\0\0\0\0\0\0\0\0\0\0\0\0\0\0\0\0\0\0\0\0\0\0\0\0\0\
      \0\0\0\0\0\0\0\0\0\0\0\0\0\0\0\0\0\0\0\0\0\0\0\0\0\0\0\0\0\0\0\0\0\0\0\0\0\0\
      \0\0\0\0\0\0\0\0\0\0\0\0\0\0\0\0\0\0\0\0\0\0\0\0\0\0\0\0\0\0\0\0\0\0\0\0\0\0\
      \0\0\0\0\0\0\0\0\0\0\0\0\0\0\0\0\0\0\0\0\0\0\0\0\0\0\0\0\0\0\0\0\0\0\0\0\0\0\
      \0\0\0\0\0\0\0\0\0\0\0\0\0\0\0\0\0\0\0\0\0\0\0\0\0\0\0\0\0\0\0\0\0\0\0\0\0\0\
      \0\0\0\0\0\0\0\0\0\0\0\0\0\0\0\0\0\0\0\0\0\0\0\0\0\0\0\0\0\0\0\0\0\0\0\0\0\0\
      \0\0\0\0\0\0\0\0\0\0\0\0\0\0\0\0\0\0\0\0\0\0\0\0\0\0\0\0\0\0\0\0\0\0\0\0\0\0\
      \0\0\0\0\0\0\0\0\0\0\0\0\0\0\0\0\0\0\0\0\0\0\0\0\0\0\0\0\0\0\0\0\0\0\0\0\0\0\
      \0\0\0\0\0\0\0\0\0\0\0\0\0\0\0\0\0\0\0\0\0\0\0\0\0\0\0\0\0\0\0\0\0\0\0\0\0\0\
      \0\0\0\0\0\0\0\0\0\0\0\0\0\0\0\0\0\0\0\0\0\0\0\0\0\0\0\0\0\0\0\0\0\0\0\0\0\0\
      \0\0\0\0\0\0\0\0\0\0\0\0\0\0\0\0\0\0\0\0\0\0\0\0\0\0\0\0\0\0\0\0\0\0\0\0\0\0\
      \0\0\0\0\0\0\0\0\0\0\0\0\0\0\0\0\0\0\0\0\0\0\0\0\0\0\0\0\0\0\0\0\0\0\0\0\0\0\
      \0\0\0\0\0\0\0\0\0\0\0\0\0\0\0\0\0\0\0\0\0\0\0\0\0\0\0\0\0\0\0\0\0\0\0\0\0\0\
      \0\0\0\0\0\0\0\0\0\0\0\0\0\0\0\0\0\0\0\0\0\0\0\0\0\0\0\0\0\0\0\0\0\0\0\0\0\0\
      \0\0\0\0\0\0\0\0\0\0\0\0\0\0\0\0\0\0\0\0\0\0\0\0\0\0\0\0\0\0\0\0\0\0\0\0\0\0\
      \0\0\0\0\0\0\0\0\0\0\0\0\0\0\0\0\0\0\0\0\0\0\0\0\0\0\0\0\0\0\0\0\0\0\0\0\0\0\
      \0\0\0\0\0\0\0\0\0\0\0\0\0\0\0\0\0\0\0\0\0\0\0\0\0\0\0\0\0\0\0\0\0\0\0\0\0\0\
      \0\0\0\0\0\0\0\0\0\0\0\0\0\0\0\0\0\0\0\0\0\0\0\0\0\0\0\0\0\0\0\0\0\0\0\0\0\0\
      \0\0\0\0\0\0\0\0\0\0\0\0\0\0\0\0\0\0\0\0\0\0\0\0\0\0\0\0\0\0\0\0\0\0\0\0\0\0"
    headers:
      Connection: [keep-alive]
      Content-Length: ['1024']
      User-Agent: [Azure-Storage/1.3.0-1.3.1 (Python CPython 3.6.2; Darwin 16.7.0)
          AZURECLI/2.0.54]
      x-ms-blob-type: [BlockBlob]
      x-ms-date: ['Fri, 21 Dec 2018 23:21:51 GMT']
      x-ms-version: ['2018-03-28']
    method: PUT
    uri: https://clitest000002.blob.core.windows.net/cont000003/blob000004
  response:
    body: {string: ''}
    headers:
      content-md5: [DzQ7CTESaiDxM9Z8KwGKOw==]
      date: ['Fri, 21 Dec 2018 23:21:50 GMT']
      etag: ['"0x8D6679B1683B37E"']
      last-modified: ['Fri, 21 Dec 2018 23:21:51 GMT']
      server: [Windows-Azure-Blob/1.0 Microsoft-HTTPAPI/2.0]
      transfer-encoding: [chunked]
      x-ms-request-server-encrypted: ['true']
      x-ms-version: ['2018-03-28']
    status: {code: 201, message: Created}
- request:
    body: null
    headers:
      Connection: [keep-alive]
      User-Agent: [Azure-Storage/1.3.0-1.3.1 (Python CPython 3.6.2; Darwin 16.7.0)
          AZURECLI/2.0.54]
      x-ms-date: ['Fri, 21 Dec 2018 23:21:51 GMT']
      x-ms-version: ['2018-03-28']
    method: GET
    uri: https://clitest000002.blob.core.windows.net/cont000003?restype=container&comp=list&maxresults=5000
  response:
    body: {string: "\uFEFF<?xml version=\"1.0\" encoding=\"utf-8\"?><EnumerationResults\
        \ ServiceEndpoint=\"https://clitest000002.blob.core.windows.net/\" ContainerName=\"\
        cont000003\"><MaxResults>5000</MaxResults><Blobs><Blob><Name>blob000004</Name><Properties><Creation-Time>Fri,\
        \ 21 Dec 2018 23:21:51 GMT</Creation-Time><Last-Modified>Fri, 21 Dec 2018\
        \ 23:21:51 GMT</Last-Modified><Etag>0x8D6679B1683B37E</Etag><Content-Length>1024</Content-Length><Content-Type>application/octet-stream</Content-Type><Content-Encoding\
        \ /><Content-Language /><Content-MD5>DzQ7CTESaiDxM9Z8KwGKOw==</Content-MD5><Cache-Control\
        \ /><Content-Disposition /><BlobType>BlockBlob</BlobType><LeaseStatus>unlocked</LeaseStatus><LeaseState>available</LeaseState><ServerEncrypted>true</ServerEncrypted></Properties></Blob></Blobs><NextMarker\
        \ /></EnumerationResults>"}
    headers:
      content-type: [application/xml]
      date: ['Fri, 21 Dec 2018 23:21:51 GMT']
      server: [Windows-Azure-Blob/1.0 Microsoft-HTTPAPI/2.0]
      transfer-encoding: [chunked]
      x-ms-version: ['2018-03-28']
    status: {code: 200, message: OK}
- request:
    body: null
    headers:
      Connection: [keep-alive]
      User-Agent: [Azure-Storage/1.3.0-1.3.1 (Python CPython 3.6.2; Darwin 16.7.0)
          AZURECLI/2.0.54]
      x-ms-date: ['Fri, 21 Dec 2018 23:21:52 GMT']
      x-ms-version: ['2018-03-28']
    method: GET
    uri: https://clitest000002.blob.core.windows.net/?restype=service&comp=properties
  response:
    body: {string: "\uFEFF<?xml version=\"1.0\" encoding=\"utf-8\"?><StorageServiceProperties><Logging><Version>1.0</Version><Read>false</Read><Write>false</Write><Delete>false</Delete><RetentionPolicy><Enabled>false</Enabled></RetentionPolicy></Logging><HourMetrics><Version>1.0</Version><Enabled>true</Enabled><IncludeAPIs>true</IncludeAPIs><RetentionPolicy><Enabled>true</Enabled><Days>7</Days></RetentionPolicy></HourMetrics><MinuteMetrics><Version>1.0</Version><Enabled>false</Enabled><RetentionPolicy><Enabled>false</Enabled></RetentionPolicy></MinuteMetrics><Cors\
        \ /><DeleteRetentionPolicy><Enabled>false</Enabled></DeleteRetentionPolicy></StorageServiceProperties>"}
    headers:
      content-type: [application/xml]
      date: ['Fri, 21 Dec 2018 23:21:51 GMT']
      server: [Windows-Azure-Blob/1.0 Microsoft-HTTPAPI/2.0]
      transfer-encoding: [chunked]
      x-ms-version: ['2018-03-28']
    status: {code: 200, message: OK}
- request:
    body: '<?xml version=''1.0'' encoding=''utf-8''?>

      <StorageServiceProperties><DeleteRetentionPolicy><Enabled>True</Enabled><Days>2</Days></DeleteRetentionPolicy></StorageServiceProperties>'
    headers:
      Connection: [keep-alive]
      Content-Length: ['176']
      User-Agent: [Azure-Storage/1.3.0-1.3.1 (Python CPython 3.6.2; Darwin 16.7.0)
          AZURECLI/2.0.54]
      x-ms-date: ['Fri, 21 Dec 2018 23:21:52 GMT']
      x-ms-version: ['2018-03-28']
    method: PUT
    uri: https://clitest000002.blob.core.windows.net/?restype=service&comp=properties
  response:
    body: {string: ''}
    headers:
      date: ['Fri, 21 Dec 2018 23:21:52 GMT']
      server: [Windows-Azure-Blob/1.0 Microsoft-HTTPAPI/2.0]
      transfer-encoding: [chunked]
      x-ms-version: ['2018-03-28']
    status: {code: 202, message: Accepted}
- request:
    body: null
    headers:
      Connection: [keep-alive]
      User-Agent: [Azure-Storage/1.3.0-1.3.1 (Python CPython 3.6.2; Darwin 16.7.0)
          AZURECLI/2.0.54]
      x-ms-date: ['Fri, 21 Dec 2018 23:21:53 GMT']
      x-ms-version: ['2018-03-28']
    method: GET
    uri: https://clitest000002.blob.core.windows.net/?restype=service&comp=properties
  response:
    body: {string: "\uFEFF<?xml version=\"1.0\" encoding=\"utf-8\"?><StorageServiceProperties><Logging><Version>1.0</Version><Read>false</Read><Write>false</Write><Delete>false</Delete><RetentionPolicy><Enabled>false</Enabled></RetentionPolicy></Logging><HourMetrics><Version>1.0</Version><Enabled>true</Enabled><IncludeAPIs>true</IncludeAPIs><RetentionPolicy><Enabled>true</Enabled><Days>7</Days></RetentionPolicy></HourMetrics><MinuteMetrics><Version>1.0</Version><Enabled>false</Enabled><RetentionPolicy><Enabled>false</Enabled></RetentionPolicy></MinuteMetrics><Cors\
        \ /><DeleteRetentionPolicy><Enabled>true</Enabled><Days>2</Days></DeleteRetentionPolicy></StorageServiceProperties>"}
    headers:
      content-type: [application/xml]
      date: ['Fri, 21 Dec 2018 23:21:52 GMT']
      server: [Windows-Azure-Blob/1.0 Microsoft-HTTPAPI/2.0]
      transfer-encoding: [chunked]
      x-ms-version: ['2018-03-28']
    status: {code: 200, message: OK}
- request:
    body: null
    headers:
      Connection: [keep-alive]
      User-Agent: [Azure-Storage/1.3.0-1.3.1 (Python CPython 3.6.2; Darwin 16.7.0)
          AZURECLI/2.0.54]
      x-ms-date: ['Fri, 21 Dec 2018 23:21:53 GMT']
      x-ms-version: ['2018-03-28']
    method: GET
    uri: https://clitest000002.blob.core.windows.net/?restype=service&comp=properties
  response:
    body: {string: "\uFEFF<?xml version=\"1.0\" encoding=\"utf-8\"?><StorageServiceProperties><Logging><Version>1.0</Version><Read>false</Read><Write>false</Write><Delete>false</Delete><RetentionPolicy><Enabled>false</Enabled></RetentionPolicy></Logging><HourMetrics><Version>1.0</Version><Enabled>true</Enabled><IncludeAPIs>true</IncludeAPIs><RetentionPolicy><Enabled>true</Enabled><Days>7</Days></RetentionPolicy></HourMetrics><MinuteMetrics><Version>1.0</Version><Enabled>false</Enabled><RetentionPolicy><Enabled>false</Enabled></RetentionPolicy></MinuteMetrics><Cors\
        \ /><DeleteRetentionPolicy><Enabled>true</Enabled><Days>2</Days></DeleteRetentionPolicy></StorageServiceProperties>"}
    headers:
      content-type: [application/xml]
      date: ['Fri, 21 Dec 2018 23:21:52 GMT']
      server: [Windows-Azure-Blob/1.0 Microsoft-HTTPAPI/2.0]
      transfer-encoding: [chunked]
      x-ms-version: ['2018-03-28']
    status: {code: 200, message: OK}
- request:
    body: null
    headers:
      Connection: [keep-alive]
      Content-Length: ['0']
      User-Agent: [Azure-Storage/1.3.0-1.3.1 (Python CPython 3.6.2; Darwin 16.7.0)
          AZURECLI/2.0.54]
      x-ms-date: ['Fri, 21 Dec 2018 23:21:53 GMT']
      x-ms-version: ['2018-03-28']
    method: DELETE
    uri: https://clitest000002.blob.core.windows.net/cont000003/blob000004
  response:
    body: {string: ''}
    headers:
      date: ['Fri, 21 Dec 2018 23:21:53 GMT']
      server: [Windows-Azure-Blob/1.0 Microsoft-HTTPAPI/2.0]
      transfer-encoding: [chunked]
      x-ms-delete-type-permanent: ['false']
      x-ms-version: ['2018-03-28']
    status: {code: 202, message: Accepted}
- request:
    body: null
    headers:
      Connection: [keep-alive]
      User-Agent: [Azure-Storage/1.3.0-1.3.1 (Python CPython 3.6.2; Darwin 16.7.0)
          AZURECLI/2.0.54]
      x-ms-date: ['Fri, 21 Dec 2018 23:21:54 GMT']
      x-ms-version: ['2018-03-28']
    method: GET
    uri: https://clitest000002.blob.core.windows.net/cont000003?restype=container&comp=list&maxresults=5000
  response:
    body: {string: "\uFEFF<?xml version=\"1.0\" encoding=\"utf-8\"?><EnumerationResults\
        \ ServiceEndpoint=\"https://clitest000002.blob.core.windows.net/\" ContainerName=\"\
        cont000003\"><MaxResults>5000</MaxResults><Blobs /><NextMarker /></EnumerationResults>"}
    headers:
      content-type: [application/xml]
      date: ['Fri, 21 Dec 2018 23:21:53 GMT']
      server: [Windows-Azure-Blob/1.0 Microsoft-HTTPAPI/2.0]
      transfer-encoding: [chunked]
      x-ms-version: ['2018-03-28']
    status: {code: 200, message: OK}
- request:
    body: null
    headers:
      Connection: [keep-alive]
      User-Agent: [Azure-Storage/1.3.0-1.3.1 (Python CPython 3.6.2; Darwin 16.7.0)
          AZURECLI/2.0.54]
      x-ms-date: ['Fri, 21 Dec 2018 23:21:54 GMT']
      x-ms-version: ['2018-03-28']
    method: GET
    uri: https://clitest000002.blob.core.windows.net/cont000003?restype=container&comp=list&maxresults=5000&include=deleted
  response:
    body: {string: "\uFEFF<?xml version=\"1.0\" encoding=\"utf-8\"?><EnumerationResults\
        \ ServiceEndpoint=\"https://clitest000002.blob.core.windows.net/\" ContainerName=\"\
        cont000003\"><MaxResults>5000</MaxResults><Blobs><Blob><Name>blob000004</Name><Deleted>true</Deleted><Properties><Creation-Time>Fri,\
        \ 21 Dec 2018 23:21:51 GMT</Creation-Time><Last-Modified>Fri, 21 Dec 2018\
        \ 23:21:51 GMT</Last-Modified><Etag>0x8D6679B1683B37E</Etag><Content-Length>1024</Content-Length><Content-Type>application/octet-stream</Content-Type><Content-Encoding\
        \ /><Content-Language /><Content-MD5>DzQ7CTESaiDxM9Z8KwGKOw==</Content-MD5><Cache-Control\
        \ /><Content-Disposition /><BlobType>BlockBlob</BlobType><LeaseStatus /><ServerEncrypted>true</ServerEncrypted><DeletedTime>Fri,\
        \ 21 Dec 2018 23:21:53 GMT</DeletedTime><RemainingRetentionDays>1</RemainingRetentionDays></Properties></Blob></Blobs><NextMarker\
        \ /></EnumerationResults>"}
    headers:
      content-type: [application/xml]
      date: ['Fri, 21 Dec 2018 23:21:54 GMT']
      server: [Windows-Azure-Blob/1.0 Microsoft-HTTPAPI/2.0]
      transfer-encoding: [chunked]
      x-ms-version: ['2018-03-28']
    status: {code: 200, message: OK}
- request:
    body: null
    headers:
      Connection: [keep-alive]
      Content-Length: ['0']
      User-Agent: [Azure-Storage/1.3.0-1.3.1 (Python CPython 3.6.2; Darwin 16.7.0)
          AZURECLI/2.0.54]
      x-ms-date: ['Fri, 21 Dec 2018 23:21:55 GMT']
      x-ms-version: ['2018-03-28']
    method: PUT
    uri: https://clitest000002.blob.core.windows.net/cont000003/blob000004?comp=undelete
  response:
    body: {string: ''}
    headers:
      date: ['Fri, 21 Dec 2018 23:21:54 GMT']
      server: [Windows-Azure-Blob/1.0 Microsoft-HTTPAPI/2.0]
      transfer-encoding: [chunked]
      x-ms-version: ['2018-03-28']
    status: {code: 200, message: OK}
- request:
    body: null
    headers:
      Connection: [keep-alive]
      User-Agent: [Azure-Storage/1.3.0-1.3.1 (Python CPython 3.6.2; Darwin 16.7.0)
          AZURECLI/2.0.54]
      x-ms-date: ['Fri, 21 Dec 2018 23:21:55 GMT']
      x-ms-version: ['2018-03-28']
    method: GET
    uri: https://clitest000002.blob.core.windows.net/cont000003?restype=container&comp=list&maxresults=5000
  response:
    body: {string: "\uFEFF<?xml version=\"1.0\" encoding=\"utf-8\"?><EnumerationResults\
        \ ServiceEndpoint=\"https://clitest000002.blob.core.windows.net/\" ContainerName=\"\
        cont000003\"><MaxResults>5000</MaxResults><Blobs><Blob><Name>blob000004</Name><Properties><Creation-Time>Fri,\
        \ 21 Dec 2018 23:21:51 GMT</Creation-Time><Last-Modified>Fri, 21 Dec 2018\
        \ 23:21:51 GMT</Last-Modified><Etag>0x8D6679B1683B37E</Etag><Content-Length>1024</Content-Length><Content-Type>application/octet-stream</Content-Type><Content-Encoding\
        \ /><Content-Language /><Content-MD5>DzQ7CTESaiDxM9Z8KwGKOw==</Content-MD5><Cache-Control\
        \ /><Content-Disposition /><BlobType>BlockBlob</BlobType><LeaseStatus>unlocked</LeaseStatus><LeaseState>available</LeaseState><ServerEncrypted>true</ServerEncrypted></Properties></Blob></Blobs><NextMarker\
        \ /></EnumerationResults>"}
    headers:
      content-type: [application/xml]
      date: ['Fri, 21 Dec 2018 23:21:55 GMT']
      server: [Windows-Azure-Blob/1.0 Microsoft-HTTPAPI/2.0]
      transfer-encoding: [chunked]
      x-ms-version: ['2018-03-28']
    status: {code: 200, message: OK}
- request:
    body: null
    headers:
      Accept: [application/json]
      Accept-Encoding: ['gzip, deflate']
      CommandName: [group delete]
      Connection: [keep-alive]
      Content-Length: ['0']
      Content-Type: [application/json; charset=utf-8]
      ParameterSetName: [--name --yes --no-wait]
      User-Agent: [python/3.6.2 (Darwin-16.7.0-x86_64-i386-64bit) msrest/0.6.1 msrest_azure/0.4.34
          resourcemanagementclient/2.0.0 Azure-SDK-For-Python AZURECLI/2.0.54]
      accept-language: [en-US]
    method: DELETE
    uri: https://management.azure.com/subscriptions/00000000-0000-0000-0000-000000000000/resourcegroups/clitest.rg000001?api-version=2018-05-01
  response:
    body: {string: ''}
    headers:
      cache-control: [no-cache]
      content-length: ['0']
      date: ['Fri, 21 Dec 2018 23:21:56 GMT']
      expires: ['-1']
      location: ['https://management.azure.com/subscriptions/00000000-0000-0000-0000-000000000000/operationresults/eyJqb2JJZCI6IlJFU09VUkNFR1JPVVBERUxFVElPTkpPQi1DTElURVNUOjJFUkdJUU5XQUI0TDZDSFlBSUNJTjU3UEs2QUQ2VVYyN0dERklLTHw5QThDMzRFOUY4MjgwRDcyLVdFU1RVUyIsImpvYkxvY2F0aW9uIjoid2VzdHVzIn0?api-version=2018-05-01']
      pragma: [no-cache]
      strict-transport-security: [max-age=31536000; includeSubDomains]
      x-content-type-options: [nosniff]
      x-ms-ratelimit-remaining-subscription-deletes: ['14999']
    status: {code: 202, message: Accepted}
version: 1
