interactions:
- request:
    body: '{"location": "westus", "tags": {"product": "azurecli", "cause": "automation",
      "date": "2018-07-11T22:06:32Z"}}'
    headers:
      Accept: [application/json]
      Accept-Encoding: ['gzip, deflate']
      CommandName: [group create]
      Connection: [keep-alive]
      Content-Length: ['110']
      Content-Type: [application/json; charset=utf-8]
      User-Agent: [python/3.6.5 (Windows-10-10.0.17134-SP0) requests/2.19.1 msrest/0.5.1
          msrest_azure/0.4.33 resourcemanagementclient/2.0.0rc2 Azure-SDK-For-Python
          AZURECLI/2.0.42]
      accept-language: [en-US]
    method: PUT
    uri: https://management.azure.com/subscriptions/00000000-0000-0000-0000-000000000000/resourcegroups/clitest.rg000001?api-version=2018-05-01
  response:
    body: {string: '{"id":"/subscriptions/00000000-0000-0000-0000-000000000000/resourceGroups/clitest.rg000001","name":"clitest.rg000001","location":"westus","tags":{"product":"azurecli","cause":"automation","date":"2018-07-11T22:06:32Z"},"properties":{"provisioningState":"Succeeded"}}'}
    headers:
      cache-control: [no-cache]
      content-length: ['384']
      content-type: [application/json; charset=utf-8]
      date: ['Wed, 11 Jul 2018 22:06:35 GMT']
      expires: ['-1']
      pragma: [no-cache]
      strict-transport-security: [max-age=31536000; includeSubDomains]
      x-content-type-options: [nosniff]
      x-ms-ratelimit-remaining-subscription-writes: ['1199']
    status: {code: 201, message: Created}
- request:
    body: '{"sku": {"name": "Standard_LRS"}, "kind": "Storage", "location": "westus",
      "properties": {"supportsHttpsTrafficOnly": false}}'
    headers:
      Accept: [application/json]
      Accept-Encoding: ['gzip, deflate']
      CommandName: [storage account create]
      Connection: [keep-alive]
      Content-Length: ['125']
      Content-Type: [application/json; charset=utf-8]
      User-Agent: [python/3.6.5 (Windows-10-10.0.17134-SP0) requests/2.19.1 msrest/0.5.1
          msrest_azure/0.4.33 azure-mgmt-storage/1.5.0 Azure-SDK-For-Python AZURECLI/2.0.42]
      accept-language: [en-US]
    method: PUT
    uri: https://management.azure.com/subscriptions/00000000-0000-0000-0000-000000000000/resourceGroups/clitest.rg000001/providers/Microsoft.Storage/storageAccounts/clitest000002?api-version=2017-10-01
  response:
    body: {string: ''}
    headers:
      cache-control: [no-cache]
      content-length: ['0']
      content-type: [text/plain; charset=utf-8]
      date: ['Wed, 11 Jul 2018 22:06:36 GMT']
      expires: ['-1']
      location: ['https://management.azure.com/subscriptions/00000000-0000-0000-0000-000000000000/providers/Microsoft.Storage/locations/westus/asyncoperations/879578e9-2bc4-4f84-97b6-2e38077401f5?monitor=true&api-version=2017-10-01']
      pragma: [no-cache]
      server: ['Microsoft-Azure-Storage-Resource-Provider/1.0,Microsoft-HTTPAPI/2.0
          Microsoft-HTTPAPI/2.0']
      strict-transport-security: [max-age=31536000; includeSubDomains]
      x-content-type-options: [nosniff]
      x-ms-ratelimit-remaining-subscription-writes: ['1199']
    status: {code: 202, message: Accepted}
- request:
    body: null
    headers:
      Accept: [application/json]
      Accept-Encoding: ['gzip, deflate']
      CommandName: [storage account create]
      Connection: [keep-alive]
      Content-Type: [application/json; charset=utf-8]
      User-Agent: [python/3.6.5 (Windows-10-10.0.17134-SP0) requests/2.19.1 msrest/0.5.1
          msrest_azure/0.4.33 azure-mgmt-storage/1.5.0 Azure-SDK-For-Python AZURECLI/2.0.42]
      accept-language: [en-US]
    method: GET
    uri: https://management.azure.com/subscriptions/00000000-0000-0000-0000-000000000000/providers/Microsoft.Storage/locations/westus/asyncoperations/879578e9-2bc4-4f84-97b6-2e38077401f5?monitor=true&api-version=2017-10-01
  response:
    body: {string: '{"sku":{"name":"Standard_LRS","tier":"Standard"},"kind":"Storage","id":"/subscriptions/00000000-0000-0000-0000-000000000000/resourceGroups/clitest.rg000001/providers/Microsoft.Storage/storageAccounts/clitest000002","name":"clitest000002","type":"Microsoft.Storage/storageAccounts","location":"westus","tags":{},"properties":{"networkAcls":{"bypass":"AzureServices","virtualNetworkRules":[],"ipRules":[],"defaultAction":"Allow"},"trustedDirectories":["72f988bf-86f1-41af-91ab-2d7cd011db47"],"supportsHttpsTrafficOnly":false,"encryption":{"services":{"file":{"enabled":true,"lastEnabledTime":"2018-07-11T22:06:37.2858963Z"},"blob":{"enabled":true,"lastEnabledTime":"2018-07-11T22:06:37.2858963Z"}},"keySource":"Microsoft.Storage"},"provisioningState":"Succeeded","creationTime":"2018-07-11T22:06:36.9733108Z","primaryEndpoints":{"blob":"https://clitest000002.blob.core.windows.net/","queue":"https://clitest000002.queue.core.windows.net/","table":"https://clitest000002.table.core.windows.net/","file":"https://clitest000002.file.core.windows.net/"},"primaryLocation":"westus","statusOfPrimary":"available"}}'}
    headers:
      cache-control: [no-cache]
      content-length: ['1231']
      content-type: [application/json]
      date: ['Wed, 11 Jul 2018 22:06:54 GMT']
      expires: ['-1']
      pragma: [no-cache]
      server: ['Microsoft-Azure-Storage-Resource-Provider/1.0,Microsoft-HTTPAPI/2.0
          Microsoft-HTTPAPI/2.0']
      strict-transport-security: [max-age=31536000; includeSubDomains]
      transfer-encoding: [chunked]
      vary: [Accept-Encoding]
      x-content-type-options: [nosniff]
    status: {code: 200, message: OK}
- request:
    body: null
    headers:
      Accept: [application/json]
      Accept-Encoding: ['gzip, deflate']
      CommandName: [storage account keys list]
      Connection: [keep-alive]
      Content-Length: ['0']
      Content-Type: [application/json; charset=utf-8]
      User-Agent: [python/3.6.5 (Windows-10-10.0.17134-SP0) requests/2.19.1 msrest/0.5.1
          msrest_azure/0.4.33 azure-mgmt-storage/1.5.0 Azure-SDK-For-Python AZURECLI/2.0.42]
      accept-language: [en-US]
    method: POST
    uri: https://management.azure.com/subscriptions/00000000-0000-0000-0000-000000000000/resourceGroups/clitest.rg000001/providers/Microsoft.Storage/storageAccounts/clitest000002/listKeys?api-version=2017-10-01
  response:
    body: {string: '{"keys":[{"keyName":"key1","value":"3iS1/SMlISy2DFw/ctCGIHnxa43MyjGJXSiPvzJZ5yDgq9W2UYHq2Puj1dkGc1h3FLqavnrLtHanSHz6Kog4Xg==","permissions":"FULL"},{"keyName":"key2","value":"iSKXSo8zHtMbHL/0wl/SNG7ZLIBg5CiTsBCbeL3ycp3K/dURGg4BoQkhY3hLTolUzv1LHWt0eSjVfISecFRp1Q==","permissions":"FULL"}]}'}
    headers:
      cache-control: [no-cache]
      content-length: ['288']
      content-type: [application/json]
      date: ['Wed, 11 Jul 2018 22:06:56 GMT']
      expires: ['-1']
      pragma: [no-cache]
      server: ['Microsoft-Azure-Storage-Resource-Provider/1.0,Microsoft-HTTPAPI/2.0
          Microsoft-HTTPAPI/2.0']
      strict-transport-security: [max-age=31536000; includeSubDomains]
      transfer-encoding: [chunked]
      vary: [Accept-Encoding]
      x-content-type-options: [nosniff]
      x-ms-ratelimit-remaining-subscription-writes: ['1199']
    status: {code: 200, message: OK}
- request:
    body: null
    headers:
      Accept: [application/json]
      Accept-Encoding: ['gzip, deflate']
      CommandName: [storage account keys list]
      Connection: [keep-alive]
      Content-Length: ['0']
      Content-Type: [application/json; charset=utf-8]
      User-Agent: [python/3.6.5 (Windows-10-10.0.17134-SP0) requests/2.19.1 msrest/0.5.1
          msrest_azure/0.4.33 azure-mgmt-storage/1.5.0 Azure-SDK-For-Python AZURECLI/2.0.42]
      accept-language: [en-US]
    method: POST
    uri: https://management.azure.com/subscriptions/00000000-0000-0000-0000-000000000000/resourceGroups/clitest.rg000001/providers/Microsoft.Storage/storageAccounts/clitest000002/listKeys?api-version=2017-10-01
  response:
    body: {string: '{"keys":[{"keyName":"key1","value":"3iS1/SMlISy2DFw/ctCGIHnxa43MyjGJXSiPvzJZ5yDgq9W2UYHq2Puj1dkGc1h3FLqavnrLtHanSHz6Kog4Xg==","permissions":"FULL"},{"keyName":"key2","value":"iSKXSo8zHtMbHL/0wl/SNG7ZLIBg5CiTsBCbeL3ycp3K/dURGg4BoQkhY3hLTolUzv1LHWt0eSjVfISecFRp1Q==","permissions":"FULL"}]}'}
    headers:
      cache-control: [no-cache]
      content-length: ['288']
      content-type: [application/json]
      date: ['Wed, 11 Jul 2018 22:06:56 GMT']
      expires: ['-1']
      pragma: [no-cache]
      server: ['Microsoft-Azure-Storage-Resource-Provider/1.0,Microsoft-HTTPAPI/2.0
          Microsoft-HTTPAPI/2.0']
      strict-transport-security: [max-age=31536000; includeSubDomains]
      transfer-encoding: [chunked]
      vary: [Accept-Encoding]
      x-content-type-options: [nosniff]
      x-ms-ratelimit-remaining-subscription-writes: ['1199']
    status: {code: 200, message: OK}
- request:
    body: null
    headers:
      Connection: [keep-alive]
      Content-Length: ['0']
      User-Agent: [Azure-Storage/1.3.0-1.3.0 (Python CPython 3.6.5; Windows 10) AZURECLI/2.0.42]
      x-ms-date: ['Wed, 11 Jul 2018 22:06:57 GMT']
      x-ms-version: ['2018-03-28']
    method: PUT
    uri: https://clitest000002.blob.core.windows.net/cont000004?restype=container
  response:
    body: {string: ''}
    headers:
      date: ['Wed, 11 Jul 2018 22:06:56 GMT']
      etag: ['"0x8D5E77A9E76BEE3"']
      last-modified: ['Wed, 11 Jul 2018 22:06:57 GMT']
      server: [Windows-Azure-Blob/1.0 Microsoft-HTTPAPI/2.0]
      transfer-encoding: [chunked]
      x-ms-version: ['2018-03-28']
    status: {code: 201, message: Created}
- request:
    body: null
    headers:
      Connection: [keep-alive]
      User-Agent: [Azure-Storage/1.3.0-1.3.0 (Python CPython 3.6.5; Windows 10) AZURECLI/2.0.42]
      x-ms-date: ['Wed, 11 Jul 2018 22:06:57 GMT']
      x-ms-version: ['2018-03-28']
    method: HEAD
    uri: https://clitest000002.blob.core.windows.net/cont000004/blob000003
  response:
    body: {string: ''}
    headers:
      date: ['Wed, 11 Jul 2018 22:06:57 GMT']
      server: [Windows-Azure-Blob/1.0 Microsoft-HTTPAPI/2.0]
      transfer-encoding: [chunked]
      x-ms-error-code: [BlobNotFound]
      x-ms-version: ['2018-03-28']
    status: {code: 404, message: The specified blob does not exist.}
- request:
    body: "\0\0\0\0\0\0\0\0\0\0\0\0\0\0\0\0\0\0\0\0\0\0\0\0\0\0\0\0\0\0\0\0\0\0\0\0\
      \0\0\0\0\0\0\0\0\0\0\0\0\0\0\0\0\0\0\0\0\0\0\0\0\0\0\0\0\0\0\0\0\0\0\0\0\0\0\
      \0\0\0\0\0\0\0\0\0\0\0\0\0\0\0\0\0\0\0\0\0\0\0\0\0\0\0\0\0\0\0\0\0\0\0\0\0\0\
      \0\0\0\0\0\0\0\0\0\0\0\0\0\0\0\0\0\0\0\0\0\0\0\0\0\0\0\0\0\0\0\0\0\0\0\0\0\0\
      \0\0\0\0\0\0\0\0\0\0\0\0\0\0\0\0\0\0\0\0\0\0\0\0\0\0\0\0\0\0\0\0\0\0\0\0\0\0\
      \0\0\0\0\0\0\0\0\0\0\0\0\0\0\0\0\0\0\0\0\0\0\0\0\0\0\0\0\0\0\0\0\0\0\0\0\0\0\
      \0\0\0\0\0\0\0\0\0\0\0\0\0\0\0\0\0\0\0\0\0\0\0\0\0\0\0\0\0\0\0\0\0\0\0\0\0\0\
      \0\0\0\0\0\0\0\0\0\0\0\0\0\0\0\0\0\0\0\0\0\0\0\0\0\0\0\0\0\0\0\0\0\0\0\0\0\0\
      \0\0\0\0\0\0\0\0\0\0\0\0\0\0\0\0\0\0\0\0\0\0\0\0\0\0\0\0\0\0\0\0\0\0\0\0\0\0\
      \0\0\0\0\0\0\0\0\0\0\0\0\0\0\0\0\0\0\0\0\0\0\0\0\0\0\0\0\0\0\0\0\0\0\0\0\0\0\
      \0\0\0\0\0\0\0\0\0\0\0\0\0\0\0\0\0\0\0\0\0\0\0\0\0\0\0\0\0\0\0\0\0\0\0\0\0\0\
      \0\0\0\0\0\0\0\0\0\0\0\0\0\0\0\0\0\0\0\0\0\0\0\0\0\0\0\0\0\0\0\0\0\0\0\0\0\0\
      \0\0\0\0\0\0\0\0\0\0\0\0\0\0\0\0\0\0\0\0\0\0\0\0\0\0\0\0\0\0\0\0\0\0\0\0\0\0\
      \0\0\0\0\0\0\0\0\0\0\0\0\0\0\0\0\0\0\0\0\0\0\0\0\0\0\0\0\0\0\0\0\0\0\0\0\0\0\
      \0\0\0\0\0\0\0\0\0\0\0\0\0\0\0\0\0\0\0\0\0\0\0\0\0\0\0\0\0\0\0\0\0\0\0\0\0\0\
      \0\0\0\0\0\0\0\0\0\0\0\0\0\0\0\0\0\0\0\0\0\0\0\0\0\0\0\0\0\0\0\0\0\0\0\0\0\0\
      \0\0\0\0\0\0\0\0\0\0\0\0\0\0\0\0\0\0\0\0\0\0\0\0\0\0\0\0\0\0\0\0\0\0\0\0\0\0\
      \0\0\0\0\0\0\0\0\0\0\0\0\0\0\0\0\0\0\0\0\0\0\0\0\0\0\0\0\0\0\0\0\0\0\0\0\0\0\
      \0\0\0\0\0\0\0\0\0\0\0\0\0\0\0\0\0\0\0\0\0\0\0\0\0\0\0\0\0\0\0\0\0\0\0\0\0\0\
      \0\0\0\0\0\0\0\0\0\0\0\0\0\0\0\0\0\0\0\0\0\0\0\0\0\0\0\0\0\0\0\0\0\0\0\0\0\0\
      \0\0\0\0\0\0\0\0\0\0\0\0\0\0\0\0\0\0\0\0\0\0\0\0\0\0\0\0\0\0\0\0\0\0\0\0\0\0\
      \0\0\0\0\0\0\0\0\0\0\0\0\0\0\0\0\0\0\0\0\0\0\0\0\0\0\0\0\0\0\0\0\0\0\0\0\0\0\
      \0\0\0\0\0\0\0\0\0\0\0\0\0\0\0\0\0\0\0\0\0\0\0\0\0\0\0\0\0\0\0\0\0\0\0\0\0\0\
      \0\0\0\0\0\0\0\0\0\0\0\0\0\0\0\0\0\0\0\0\0\0\0\0\0\0\0\0\0\0\0\0\0\0\0\0\0\0\
      \0\0\0\0\0\0\0\0\0\0\0\0\0\0\0\0\0\0\0\0\0\0\0\0\0\0\0\0\0\0\0\0\0\0\0\0\0\0\
      \0\0\0\0\0\0\0\0\0\0\0\0\0\0\0\0\0\0\0\0\0\0\0\0\0\0\0\0\0\0\0\0\0\0\0\0\0\0\
      \0\0\0\0\0\0\0\0\0\0\0\0\0\0\0\0\0\0\0\0\0\0\0\0\0\0\0\0\0\0\0\0\0\0\0\0\0\0"
    headers:
      Connection: [keep-alive]
      Content-Length: ['1024']
      User-Agent: [Azure-Storage/1.3.0-1.3.0 (Python CPython 3.6.5; Windows 10) AZURECLI/2.0.42]
      x-ms-blob-type: [BlockBlob]
      x-ms-date: ['Wed, 11 Jul 2018 22:06:57 GMT']
      x-ms-version: ['2018-03-28']
    method: PUT
    uri: https://clitest000002.blob.core.windows.net/cont000004/blob000003
  response:
    body: {string: ''}
    headers:
      content-md5: [DzQ7CTESaiDxM9Z8KwGKOw==]
      date: ['Wed, 11 Jul 2018 22:06:57 GMT']
      etag: ['"0x8D5E77A9EEAC682"']
      last-modified: ['Wed, 11 Jul 2018 22:06:58 GMT']
      server: [Windows-Azure-Blob/1.0 Microsoft-HTTPAPI/2.0]
      transfer-encoding: [chunked]
      x-ms-request-server-encrypted: ['true']
      x-ms-version: ['2018-03-28']
    status: {code: 201, message: Created}
- request:
    body: null
    headers:
      Connection: [keep-alive]
      User-Agent: [Azure-Storage/1.3.0-1.3.0 (Python CPython 3.6.5; Windows 10) AZURECLI/2.0.42]
      x-ms-date: ['Wed, 11 Jul 2018 22:06:58 GMT']
      x-ms-version: ['2018-03-28']
    method: HEAD
    uri: https://clitest000002.blob.core.windows.net/cont000004/blob000003
  response:
    body: {string: ''}
    headers:
      accept-ranges: [bytes]
      content-length: ['1024']
      content-md5: [DzQ7CTESaiDxM9Z8KwGKOw==]
      content-type: [application/octet-stream]
      date: ['Wed, 11 Jul 2018 22:06:57 GMT']
      etag: ['"0x8D5E77A9EEAC682"']
      last-modified: ['Wed, 11 Jul 2018 22:06:58 GMT']
      server: [Windows-Azure-Blob/1.0 Microsoft-HTTPAPI/2.0]
      x-ms-blob-type: [BlockBlob]
      x-ms-creation-time: ['Wed, 11 Jul 2018 22:06:58 GMT']
      x-ms-lease-state: [available]
      x-ms-lease-status: [unlocked]
      x-ms-server-encrypted: ['true']
      x-ms-version: ['2018-03-28']
    status: {code: 200, message: OK}
- request:
    body: null
    headers:
      Connection: [keep-alive]
      User-Agent: [Azure-Storage/1.3.0-1.3.0 (Python CPython 3.6.5; Windows 10) AZURECLI/2.0.42]
      x-ms-date: ['Wed, 11 Jul 2018 22:06:58 GMT']
      x-ms-version: ['2018-03-28']
    method: GET
    uri: https://clitest000002.blob.core.windows.net/cont000004?restype=container&comp=list&maxresults=1
  response:
    body: {string: "\uFEFF<?xml version=\"1.0\" encoding=\"utf-8\"?><EnumerationResults\
        \ ServiceEndpoint=\"https://clitest000002.blob.core.windows.net/\" ContainerName=\"\
        cont000004\"><MaxResults>1</MaxResults><Blobs><Blob><Name>blob000003</Name><Properties><Creation-Time>Wed,\
        \ 11 Jul 2018 22:06:58 GMT</Creation-Time><Last-Modified>Wed, 11 Jul 2018\
        \ 22:06:58 GMT</Last-Modified><Etag>0x8D5E77A9EEAC682</Etag><Content-Length>1024</Content-Length><Content-Type>application/octet-stream</Content-Type><Content-Encoding\
        \ /><Content-Language /><Content-MD5>DzQ7CTESaiDxM9Z8KwGKOw==</Content-MD5><Cache-Control\
        \ /><Content-Disposition /><BlobType>BlockBlob</BlobType><LeaseStatus>unlocked</LeaseStatus><LeaseState>available</LeaseState><ServerEncrypted>true</ServerEncrypted></Properties></Blob></Blobs><NextMarker\
        \ /></EnumerationResults>"}
    headers:
      content-type: [application/xml]
      date: ['Wed, 11 Jul 2018 22:06:58 GMT']
      server: [Windows-Azure-Blob/1.0 Microsoft-HTTPAPI/2.0]
      transfer-encoding: [chunked]
      x-ms-version: ['2018-03-28']
    status: {code: 200, message: OK}
- request:
    body: null
    headers:
      Connection: [keep-alive]
      User-Agent: [Azure-Storage/1.3.0-1.3.0 (Python CPython 3.6.5; Windows 10) AZURECLI/2.0.42]
      x-ms-date: ['Wed, 11 Jul 2018 22:06:59 GMT']
      x-ms-version: ['2018-03-28']
    method: HEAD
    uri: https://clitest000002.blob.core.windows.net/cont000004/blob000003
  response:
    body: {string: ''}
    headers:
      accept-ranges: [bytes]
      content-length: ['1024']
      content-md5: [DzQ7CTESaiDxM9Z8KwGKOw==]
      content-type: [application/octet-stream]
      date: ['Wed, 11 Jul 2018 22:06:58 GMT']
      etag: ['"0x8D5E77A9EEAC682"']
      last-modified: ['Wed, 11 Jul 2018 22:06:58 GMT']
      server: [Windows-Azure-Blob/1.0 Microsoft-HTTPAPI/2.0]
      x-ms-blob-type: [BlockBlob]
      x-ms-creation-time: ['Wed, 11 Jul 2018 22:06:58 GMT']
      x-ms-lease-state: [available]
      x-ms-lease-status: [unlocked]
      x-ms-server-encrypted: ['true']
      x-ms-version: ['2018-03-28']
    status: {code: 200, message: OK}
- request:
    body: null
    headers:
      Connection: [keep-alive]
      User-Agent: [Azure-Storage/1.3.0-1.3.0 (Python CPython 3.6.5; Windows 10) AZURECLI/2.0.42]
      x-ms-date: ['Wed, 11 Jul 2018 22:06:59 GMT']
      x-ms-version: ['2018-03-28']
    method: HEAD
    uri: https://clitest000002.blob.core.windows.net/cont000004/blob000003
  response:
    body: {string: ''}
    headers:
      accept-ranges: [bytes]
      content-length: ['1024']
      content-md5: [DzQ7CTESaiDxM9Z8KwGKOw==]
      content-type: [application/octet-stream]
      date: ['Wed, 11 Jul 2018 22:06:58 GMT']
      etag: ['"0x8D5E77A9EEAC682"']
      last-modified: ['Wed, 11 Jul 2018 22:06:58 GMT']
      server: [Windows-Azure-Blob/1.0 Microsoft-HTTPAPI/2.0]
      x-ms-blob-type: [BlockBlob]
      x-ms-creation-time: ['Wed, 11 Jul 2018 22:06:58 GMT']
      x-ms-lease-state: [available]
      x-ms-lease-status: [unlocked]
      x-ms-server-encrypted: ['true']
      x-ms-version: ['2018-03-28']
    status: {code: 200, message: OK}
- request:
    body: null
    headers:
      Connection: [keep-alive]
      Content-Length: ['0']
      User-Agent: [Azure-Storage/1.3.0-1.3.0 (Python CPython 3.6.5; Windows 10) AZURECLI/2.0.42]
      x-ms-blob-content-md5: [DzQ7CTESaiDxM9Z8KwGKOw==]
      x-ms-blob-content-type: [application/test-content]
      x-ms-date: ['Wed, 11 Jul 2018 22:06:59 GMT']
      x-ms-version: ['2018-03-28']
    method: PUT
    uri: https://clitest000002.blob.core.windows.net/cont000004/blob000003?comp=properties
  response:
    body: {string: ''}
    headers:
      date: ['Wed, 11 Jul 2018 22:06:59 GMT']
      etag: ['"0x8D5E77AA00A9C2A"']
      last-modified: ['Wed, 11 Jul 2018 22:06:59 GMT']
      server: [Windows-Azure-Blob/1.0 Microsoft-HTTPAPI/2.0]
      transfer-encoding: [chunked]
      x-ms-version: ['2018-03-28']
    status: {code: 200, message: OK}
- request:
    body: null
    headers:
      Connection: [keep-alive]
      User-Agent: [Azure-Storage/1.3.0-1.3.0 (Python CPython 3.6.5; Windows 10) AZURECLI/2.0.42]
      x-ms-date: ['Wed, 11 Jul 2018 22:07:00 GMT']
      x-ms-version: ['2018-03-28']
    method: HEAD
    uri: https://clitest000002.blob.core.windows.net/cont000004/blob000003
  response:
    body: {string: ''}
    headers:
      accept-ranges: [bytes]
      content-length: ['1024']
      content-md5: [DzQ7CTESaiDxM9Z8KwGKOw==]
      content-type: [application/test-content]
      date: ['Wed, 11 Jul 2018 22:06:59 GMT']
      etag: ['"0x8D5E77AA00A9C2A"']
      last-modified: ['Wed, 11 Jul 2018 22:06:59 GMT']
      server: [Windows-Azure-Blob/1.0 Microsoft-HTTPAPI/2.0]
      x-ms-blob-type: [BlockBlob]
      x-ms-creation-time: ['Wed, 11 Jul 2018 22:06:58 GMT']
      x-ms-lease-state: [available]
      x-ms-lease-status: [unlocked]
      x-ms-server-encrypted: ['true']
      x-ms-version: ['2018-03-28']
    status: {code: 200, message: OK}
- request:
    body: null
    headers:
      Connection: [keep-alive]
      User-Agent: [Azure-Storage/1.3.0-1.3.0 (Python CPython 3.6.5; Windows 10) AZURECLI/2.0.42]
      x-ms-date: ['Wed, 11 Jul 2018 22:07:00 GMT']
      x-ms-version: ['2018-03-28']
    method: GET
    uri: https://clitest000002.blob.core.windows.net/?restype=service&comp=properties
  response:
    body: {string: "\uFEFF<?xml version=\"1.0\" encoding=\"utf-8\"?><StorageServiceProperties><Logging><Version>1.0</Version><Read>false</Read><Write>false</Write><Delete>false</Delete><RetentionPolicy><Enabled>false</Enabled></RetentionPolicy></Logging><HourMetrics><Version>1.0</Version><Enabled>true</Enabled><IncludeAPIs>true</IncludeAPIs><RetentionPolicy><Enabled>true</Enabled><Days>7</Days></RetentionPolicy></HourMetrics><MinuteMetrics><Version>1.0</Version><Enabled>false</Enabled><RetentionPolicy><Enabled>false</Enabled></RetentionPolicy></MinuteMetrics><Cors\
        \ /><DeleteRetentionPolicy><Enabled>false</Enabled></DeleteRetentionPolicy></StorageServiceProperties>"}
    headers:
      content-type: [application/xml]
      date: ['Wed, 11 Jul 2018 22:07:00 GMT']
      server: [Windows-Azure-Blob/1.0 Microsoft-HTTPAPI/2.0]
      transfer-encoding: [chunked]
      x-ms-version: ['2018-03-28']
    status: {code: 200, message: OK}
- request:
    body: null
    headers:
      Connection: [keep-alive]
      User-Agent: [Azure-Storage/1.3.0-1.3.0 (Python CPython 3.6.5; Windows 10) AZURECLI/2.0.42]
      x-ms-date: ['Wed, 11 Jul 2018 22:07:00 GMT']
      x-ms-range: [bytes=0-33554431]
      x-ms-version: ['2018-03-28']
    method: GET
    uri: https://clitest000002.blob.core.windows.net/cont000004/blob000003
  response:
    body: {string: "\0\0\0\0\0\0\0\0\0\0\0\0\0\0\0\0\0\0\0\0\0\0\0\0\0\0\0\0\0\0\0\
        \0\0\0\0\0\0\0\0\0\0\0\0\0\0\0\0\0\0\0\0\0\0\0\0\0\0\0\0\0\0\0\0\0\0\0\0\0\
        \0\0\0\0\0\0\0\0\0\0\0\0\0\0\0\0\0\0\0\0\0\0\0\0\0\0\0\0\0\0\0\0\0\0\0\0\0\
        \0\0\0\0\0\0\0\0\0\0\0\0\0\0\0\0\0\0\0\0\0\0\0\0\0\0\0\0\0\0\0\0\0\0\0\0\0\
        \0\0\0\0\0\0\0\0\0\0\0\0\0\0\0\0\0\0\0\0\0\0\0\0\0\0\0\0\0\0\0\0\0\0\0\0\0\
        \0\0\0\0\0\0\0\0\0\0\0\0\0\0\0\0\0\0\0\0\0\0\0\0\0\0\0\0\0\0\0\0\0\0\0\0\0\
        \0\0\0\0\0\0\0\0\0\0\0\0\0\0\0\0\0\0\0\0\0\0\0\0\0\0\0\0\0\0\0\0\0\0\0\0\0\
        \0\0\0\0\0\0\0\0\0\0\0\0\0\0\0\0\0\0\0\0\0\0\0\0\0\0\0\0\0\0\0\0\0\0\0\0\0\
        \0\0\0\0\0\0\0\0\0\0\0\0\0\0\0\0\0\0\0\0\0\0\0\0\0\0\0\0\0\0\0\0\0\0\0\0\0\
        \0\0\0\0\0\0\0\0\0\0\0\0\0\0\0\0\0\0\0\0\0\0\0\0\0\0\0\0\0\0\0\0\0\0\0\0\0\
        \0\0\0\0\0\0\0\0\0\0\0\0\0\0\0\0\0\0\0\0\0\0\0\0\0\0\0\0\0\0\0\0\0\0\0\0\0\
        \0\0\0\0\0\0\0\0\0\0\0\0\0\0\0\0\0\0\0\0\0\0\0\0\0\0\0\0\0\0\0\0\0\0\0\0\0\
        \0\0\0\0\0\0\0\0\0\0\0\0\0\0\0\0\0\0\0\0\0\0\0\0\0\0\0\0\0\0\0\0\0\0\0\0\0\
        \0\0\0\0\0\0\0\0\0\0\0\0\0\0\0\0\0\0\0\0\0\0\0\0\0\0\0\0\0\0\0\0\0\0\0\0\0\
        \0\0\0\0\0\0\0\0\0\0\0\0\0\0\0\0\0\0\0\0\0\0\0\0\0\0\0\0\0\0\0\0\0\0\0\0\0\
        \0\0\0\0\0\0\0\0\0\0\0\0\0\0\0\0\0\0\0\0\0\0\0\0\0\0\0\0\0\0\0\0\0\0\0\0\0\
        \0\0\0\0\0\0\0\0\0\0\0\0\0\0\0\0\0\0\0\0\0\0\0\0\0\0\0\0\0\0\0\0\0\0\0\0\0\
        \0\0\0\0\0\0\0\0\0\0\0\0\0\0\0\0\0\0\0\0\0\0\0\0\0\0\0\0\0\0\0\0\0\0\0\0\0\
        \0\0\0\0\0\0\0\0\0\0\0\0\0\0\0\0\0\0\0\0\0\0\0\0\0\0\0\0\0\0\0\0\0\0\0\0\0\
        \0\0\0\0\0\0\0\0\0\0\0\0\0\0\0\0\0\0\0\0\0\0\0\0\0\0\0\0\0\0\0\0\0\0\0\0\0\
        \0\0\0\0\0\0\0\0\0\0\0\0\0\0\0\0\0\0\0\0\0\0\0\0\0\0\0\0\0\0\0\0\0\0\0\0\0\
        \0\0\0\0\0\0\0\0\0\0\0\0\0\0\0\0\0\0\0\0\0\0\0\0\0\0\0\0\0\0\0\0\0\0\0\0\0\
        \0\0\0\0\0\0\0\0\0\0\0\0\0\0\0\0\0\0\0\0\0\0\0\0\0\0\0\0\0\0\0\0\0\0\0\0\0\
        \0\0\0\0\0\0\0\0\0\0\0\0\0\0\0\0\0\0\0\0\0\0\0\0\0\0\0\0\0\0\0\0\0\0\0\0\0\
        \0\0\0\0\0\0\0\0\0\0\0\0\0\0\0\0\0\0\0\0\0\0\0\0\0\0\0\0\0\0\0\0\0\0\0\0\0\
        \0\0\0\0\0\0\0\0\0\0\0\0\0\0\0\0\0\0\0\0\0\0\0\0\0\0\0\0\0\0\0\0\0\0\0\0\0\
        \0\0\0\0\0\0\0\0\0\0\0\0\0\0\0\0\0\0\0\0\0\0\0\0\0\0\0\0\0\0\0\0\0\0\0\0\0\
        \0\0\0\0\0\0\0\0\0\0\0\0\0\0\0\0\0\0\0\0\0\0\0\0\0\0\0\0\0\0\0"}
    headers:
      accept-ranges: [bytes]
      content-length: ['1024']
      content-range: [bytes 0-1023/1024]
      content-type: [application/test-content]
      date: ['Wed, 11 Jul 2018 22:07:00 GMT']
      etag: ['"0x8D5E77AA00A9C2A"']
      last-modified: ['Wed, 11 Jul 2018 22:06:59 GMT']
      server: [Windows-Azure-Blob/1.0 Microsoft-HTTPAPI/2.0]
      x-ms-blob-content-md5: [DzQ7CTESaiDxM9Z8KwGKOw==]
      x-ms-blob-type: [BlockBlob]
      x-ms-creation-time: ['Wed, 11 Jul 2018 22:06:58 GMT']
      x-ms-lease-state: [available]
      x-ms-lease-status: [unlocked]
      x-ms-server-encrypted: ['true']
      x-ms-version: ['2018-03-28']
    status: {code: 206, message: Partial Content}
- request:
    body: null
    headers:
      Connection: [keep-alive]
      User-Agent: [Azure-Storage/1.3.0-1.3.0 (Python CPython 3.6.5; Windows 10) AZURECLI/2.0.42]
      x-ms-date: ['Wed, 11 Jul 2018 22:07:01 GMT']
      x-ms-range: [bytes=10-499]
      x-ms-version: ['2018-03-28']
    method: GET
    uri: https://clitest000002.blob.core.windows.net/cont000004/blob000003
  response:
    body: {string: "\0\0\0\0\0\0\0\0\0\0\0\0\0\0\0\0\0\0\0\0\0\0\0\0\0\0\0\0\0\0\0\
        \0\0\0\0\0\0\0\0\0\0\0\0\0\0\0\0\0\0\0\0\0\0\0\0\0\0\0\0\0\0\0\0\0\0\0\0\0\
        \0\0\0\0\0\0\0\0\0\0\0\0\0\0\0\0\0\0\0\0\0\0\0\0\0\0\0\0\0\0\0\0\0\0\0\0\0\
        \0\0\0\0\0\0\0\0\0\0\0\0\0\0\0\0\0\0\0\0\0\0\0\0\0\0\0\0\0\0\0\0\0\0\0\0\0\
        \0\0\0\0\0\0\0\0\0\0\0\0\0\0\0\0\0\0\0\0\0\0\0\0\0\0\0\0\0\0\0\0\0\0\0\0\0\
        \0\0\0\0\0\0\0\0\0\0\0\0\0\0\0\0\0\0\0\0\0\0\0\0\0\0\0\0\0\0\0\0\0\0\0\0\0\
        \0\0\0\0\0\0\0\0\0\0\0\0\0\0\0\0\0\0\0\0\0\0\0\0\0\0\0\0\0\0\0\0\0\0\0\0\0\
        \0\0\0\0\0\0\0\0\0\0\0\0\0\0\0\0\0\0\0\0\0\0\0\0\0\0\0\0\0\0\0\0\0\0\0\0\0\
        \0\0\0\0\0\0\0\0\0\0\0\0\0\0\0\0\0\0\0\0\0\0\0\0\0\0\0\0\0\0\0\0\0\0\0\0\0\
        \0\0\0\0\0\0\0\0\0\0\0\0\0\0\0\0\0\0\0\0\0\0\0\0\0\0\0\0\0\0\0\0\0\0\0\0\0\
        \0\0\0\0\0\0\0\0\0\0\0\0\0\0\0\0\0\0\0\0\0\0\0\0\0\0\0\0\0\0\0\0\0\0\0\0\0\
        \0\0\0\0\0\0\0\0\0\0\0\0\0\0\0\0\0\0\0\0\0\0\0\0\0\0\0\0\0\0\0\0\0\0\0\0\0\
        \0\0\0\0\0\0\0\0\0\0\0\0\0\0\0\0\0\0\0\0\0\0\0\0\0\0\0\0\0\0\0\0\0\0\0\0\0\
        \0\0\0\0\0\0\0\0\0\0\0\0\0\0\0"}
    headers:
      accept-ranges: [bytes]
      content-length: ['490']
      content-range: [bytes 10-499/1024]
      content-type: [application/test-content]
      date: ['Wed, 11 Jul 2018 22:07:01 GMT']
      etag: ['"0x8D5E77AA00A9C2A"']
      last-modified: ['Wed, 11 Jul 2018 22:06:59 GMT']
      server: [Windows-Azure-Blob/1.0 Microsoft-HTTPAPI/2.0]
      x-ms-blob-content-md5: [DzQ7CTESaiDxM9Z8KwGKOw==]
      x-ms-blob-type: [BlockBlob]
      x-ms-creation-time: ['Wed, 11 Jul 2018 22:06:58 GMT']
      x-ms-lease-state: [available]
      x-ms-lease-status: [unlocked]
      x-ms-server-encrypted: ['true']
      x-ms-version: ['2018-03-28']
    status: {code: 206, message: Partial Content}
- request:
    body: null
    headers:
      Accept: [application/json]
      Accept-Encoding: ['gzip, deflate']
      CommandName: [storage account keys list]
      Connection: [keep-alive]
      Content-Length: ['0']
      Content-Type: [application/json; charset=utf-8]
      User-Agent: [python/3.6.5 (Windows-10-10.0.17134-SP0) requests/2.19.1 msrest/0.5.1
          msrest_azure/0.4.33 azure-mgmt-storage/1.5.0 Azure-SDK-For-Python AZURECLI/2.0.42]
      accept-language: [en-US]
    method: POST
    uri: https://management.azure.com/subscriptions/00000000-0000-0000-0000-000000000000/resourceGroups/clitest.rg000001/providers/Microsoft.Storage/storageAccounts/clitest000002/listKeys?api-version=2017-10-01
  response:
    body: {string: '{"keys":[{"keyName":"key1","value":"3iS1/SMlISy2DFw/ctCGIHnxa43MyjGJXSiPvzJZ5yDgq9W2UYHq2Puj1dkGc1h3FLqavnrLtHanSHz6Kog4Xg==","permissions":"FULL"},{"keyName":"key2","value":"iSKXSo8zHtMbHL/0wl/SNG7ZLIBg5CiTsBCbeL3ycp3K/dURGg4BoQkhY3hLTolUzv1LHWt0eSjVfISecFRp1Q==","permissions":"FULL"}]}'}
    headers:
      cache-control: [no-cache]
      content-length: ['288']
      content-type: [application/json]
      date: ['Wed, 11 Jul 2018 22:07:01 GMT']
      expires: ['-1']
      pragma: [no-cache]
      server: ['Microsoft-Azure-Storage-Resource-Provider/1.0,Microsoft-HTTPAPI/2.0
          Microsoft-HTTPAPI/2.0']
      strict-transport-security: [max-age=31536000; includeSubDomains]
      transfer-encoding: [chunked]
      vary: [Accept-Encoding]
      x-content-type-options: [nosniff]
      x-ms-ratelimit-remaining-subscription-writes: ['1198']
    status: {code: 200, message: OK}
- request:
    body: null
    headers:
      Connection: [keep-alive]
      Content-Length: ['0']
      User-Agent: [Azure-Storage/1.3.0-1.3.0 (Python CPython 3.6.5; Windows 10) AZURECLI/2.0.42]
      x-ms-date: ['Wed, 11 Jul 2018 22:07:02 GMT']
      x-ms-version: ['2018-03-28']
    method: PUT
    uri: https://clitest000002.blob.core.windows.net/cont000006?restype=container
  response:
    body: {string: ''}
    headers:
      date: ['Wed, 11 Jul 2018 22:07:01 GMT']
      etag: ['"0x8D5E77AA177C421"']
      last-modified: ['Wed, 11 Jul 2018 22:07:02 GMT']
      server: [Windows-Azure-Blob/1.0 Microsoft-HTTPAPI/2.0]
      transfer-encoding: [chunked]
      x-ms-version: ['2018-03-28']
    status: {code: 201, message: Created}
- request:
    body: null
    headers:
      Connection: [keep-alive]
      User-Agent: [Azure-Storage/1.3.0-1.3.0 (Python CPython 3.6.5; Windows 10) AZURECLI/2.0.42]
      x-ms-date: ['Wed, 11 Jul 2018 22:07:02 GMT']
      x-ms-version: ['2018-03-28']
    method: HEAD
    uri: https://clitest000002.blob.core.windows.net/cont000006/blob000005
  response:
    body: {string: ''}
    headers:
      date: ['Wed, 11 Jul 2018 22:07:02 GMT']
      server: [Windows-Azure-Blob/1.0 Microsoft-HTTPAPI/2.0]
      transfer-encoding: [chunked]
      x-ms-error-code: [BlobNotFound]
      x-ms-version: ['2018-03-28']
    status: {code: 404, message: The specified blob does not exist.}
- request:
    body: null
    headers:
      Connection: [keep-alive]
      Content-Length: ['0']
      User-Agent: [Azure-Storage/1.3.0-1.3.0 (Python CPython 3.6.5; Windows 10) AZURECLI/2.0.42]
      x-ms-blob-content-length: ['1024']
      x-ms-blob-type: [PageBlob]
      x-ms-date: ['Wed, 11 Jul 2018 22:07:02 GMT']
      x-ms-version: ['2018-03-28']
    method: PUT
    uri: https://clitest000002.blob.core.windows.net/cont000006/blob000005
  response:
    body: {string: ''}
    headers:
      date: ['Wed, 11 Jul 2018 22:07:03 GMT']
      etag: ['"0x8D5E77AA1EED008"']
      last-modified: ['Wed, 11 Jul 2018 22:07:03 GMT']
      server: [Windows-Azure-Blob/1.0 Microsoft-HTTPAPI/2.0]
      transfer-encoding: [chunked]
      x-ms-request-server-encrypted: ['true']
      x-ms-version: ['2018-03-28']
    status: {code: 201, message: Created}
- request:
    body: null
    headers:
      Connection: [keep-alive]
      User-Agent: [Azure-Storage/1.3.0-1.3.0 (Python CPython 3.6.5; Windows 10) AZURECLI/2.0.42]
      x-ms-date: ['Wed, 11 Jul 2018 22:07:03 GMT']
      x-ms-version: ['2018-03-28']
    method: HEAD
    uri: https://clitest000002.blob.core.windows.net/cont000006/blob000005
  response:
    body: {string: ''}
    headers:
      accept-ranges: [bytes]
      content-length: ['1024']
      content-type: [application/octet-stream]
      date: ['Wed, 11 Jul 2018 22:07:02 GMT']
      etag: ['"0x8D5E77AA1EED008"']
      last-modified: ['Wed, 11 Jul 2018 22:07:03 GMT']
      server: [Windows-Azure-Blob/1.0 Microsoft-HTTPAPI/2.0]
      x-ms-blob-sequence-number: ['0']
      x-ms-blob-type: [PageBlob]
      x-ms-creation-time: ['Wed, 11 Jul 2018 22:07:03 GMT']
      x-ms-lease-state: [available]
      x-ms-lease-status: [unlocked]
      x-ms-server-encrypted: ['true']
      x-ms-version: ['2018-03-28']
    status: {code: 200, message: OK}
- request:
    body: null
    headers:
      Connection: [keep-alive]
      User-Agent: [Azure-Storage/1.3.0-1.3.0 (Python CPython 3.6.5; Windows 10) AZURECLI/2.0.42]
      x-ms-date: ['Wed, 11 Jul 2018 22:07:03 GMT']
      x-ms-version: ['2018-03-28']
    method: GET
    uri: https://clitest000002.blob.core.windows.net/cont000006?restype=container&comp=list&maxresults=1
  response:
    body: {string: "\uFEFF<?xml version=\"1.0\" encoding=\"utf-8\"?><EnumerationResults\
        \ ServiceEndpoint=\"https://clitest000002.blob.core.windows.net/\" ContainerName=\"\
        cont000006\"><MaxResults>1</MaxResults><Blobs><Blob><Name>blob000005</Name><Properties><Creation-Time>Wed,\
        \ 11 Jul 2018 22:07:03 GMT</Creation-Time><Last-Modified>Wed, 11 Jul 2018\
        \ 22:07:03 GMT</Last-Modified><Etag>0x8D5E77AA1EED008</Etag><Content-Length>1024</Content-Length><Content-Type>application/octet-stream</Content-Type><Content-Encoding\
        \ /><Content-Language /><Content-MD5 /><Cache-Control /><Content-Disposition\
        \ /><x-ms-blob-sequence-number>0</x-ms-blob-sequence-number><BlobType>PageBlob</BlobType><LeaseStatus>unlocked</LeaseStatus><LeaseState>available</LeaseState><ServerEncrypted>true</ServerEncrypted></Properties></Blob></Blobs><NextMarker\
        \ /></EnumerationResults>"}
    headers:
      content-type: [application/xml]
      date: ['Wed, 11 Jul 2018 22:07:03 GMT']
      server: [Windows-Azure-Blob/1.0 Microsoft-HTTPAPI/2.0]
      transfer-encoding: [chunked]
      x-ms-version: ['2018-03-28']
    status: {code: 200, message: OK}
- request:
    body: null
    headers:
      Connection: [keep-alive]
      User-Agent: [Azure-Storage/1.3.0-1.3.0 (Python CPython 3.6.5; Windows 10) AZURECLI/2.0.42]
      x-ms-date: ['Wed, 11 Jul 2018 22:07:04 GMT']
      x-ms-version: ['2018-03-28']
    method: HEAD
    uri: https://clitest000002.blob.core.windows.net/cont000006/blob000005
  response:
    body: {string: ''}
    headers:
      accept-ranges: [bytes]
      content-length: ['1024']
      content-type: [application/octet-stream]
      date: ['Wed, 11 Jul 2018 22:07:03 GMT']
      etag: ['"0x8D5E77AA1EED008"']
      last-modified: ['Wed, 11 Jul 2018 22:07:03 GMT']
      server: [Windows-Azure-Blob/1.0 Microsoft-HTTPAPI/2.0]
      x-ms-blob-sequence-number: ['0']
      x-ms-blob-type: [PageBlob]
      x-ms-creation-time: ['Wed, 11 Jul 2018 22:07:03 GMT']
      x-ms-lease-state: [available]
      x-ms-lease-status: [unlocked]
      x-ms-server-encrypted: ['true']
      x-ms-version: ['2018-03-28']
    status: {code: 200, message: OK}
- request:
    body: null
    headers:
      Connection: [keep-alive]
      User-Agent: [Azure-Storage/1.3.0-1.3.0 (Python CPython 3.6.5; Windows 10) AZURECLI/2.0.42]
      x-ms-date: ['Wed, 11 Jul 2018 22:07:04 GMT']
      x-ms-version: ['2018-03-28']
    method: GET
    uri: https://clitest000002.blob.core.windows.net/cont000006/blob000005?comp=pagelist
  response:
    body: {string: "\uFEFF<?xml version=\"1.0\" encoding=\"utf-8\"?><PageList />"}
    headers:
      content-type: [application/xml]
      date: ['Wed, 11 Jul 2018 22:07:03 GMT']
      etag: ['"0x8D5E77AA1EED008"']
      last-modified: ['Wed, 11 Jul 2018 22:07:03 GMT']
      server: [Windows-Azure-Blob/1.0 Microsoft-HTTPAPI/2.0]
      transfer-encoding: [chunked]
      x-ms-blob-content-length: ['1024']
      x-ms-version: ['2018-03-28']
    status: {code: 200, message: OK}
- request:
    body: null
    headers:
      Connection: [keep-alive]
      User-Agent: [Azure-Storage/1.3.0-1.3.0 (Python CPython 3.6.5; Windows 10) AZURECLI/2.0.42]
      x-ms-date: ['Wed, 11 Jul 2018 22:07:04 GMT']
      x-ms-version: ['2018-03-28']
    method: HEAD
    uri: https://clitest000002.blob.core.windows.net/cont000006/blob000005
  response:
    body: {string: ''}
    headers:
      accept-ranges: [bytes]
      content-length: ['1024']
      content-type: [application/octet-stream]
      date: ['Wed, 11 Jul 2018 22:07:04 GMT']
      etag: ['"0x8D5E77AA1EED008"']
      last-modified: ['Wed, 11 Jul 2018 22:07:03 GMT']
      server: [Windows-Azure-Blob/1.0 Microsoft-HTTPAPI/2.0]
      x-ms-blob-sequence-number: ['0']
      x-ms-blob-type: [PageBlob]
      x-ms-creation-time: ['Wed, 11 Jul 2018 22:07:03 GMT']
      x-ms-lease-state: [available]
      x-ms-lease-status: [unlocked]
      x-ms-server-encrypted: ['true']
      x-ms-version: ['2018-03-28']
    status: {code: 200, message: OK}
- request:
    body: null
    headers:
      Connection: [keep-alive]
      Content-Length: ['0']
      User-Agent: [Azure-Storage/1.3.0-1.3.0 (Python CPython 3.6.5; Windows 10) AZURECLI/2.0.42]
      x-ms-blob-content-type: [application/test-content]
      x-ms-date: ['Wed, 11 Jul 2018 22:07:04 GMT']
      x-ms-version: ['2018-03-28']
    method: PUT
    uri: https://clitest000002.blob.core.windows.net/cont000006/blob000005?comp=properties
  response:
    body: {string: ''}
    headers:
      date: ['Wed, 11 Jul 2018 22:07:04 GMT']
      etag: ['"0x8D5E77AA31E8756"']
      last-modified: ['Wed, 11 Jul 2018 22:07:05 GMT']
      server: [Windows-Azure-Blob/1.0 Microsoft-HTTPAPI/2.0]
      transfer-encoding: [chunked]
      x-ms-blob-sequence-number: ['0']
      x-ms-version: ['2018-03-28']
    status: {code: 200, message: OK}
- request:
    body: null
    headers:
      Connection: [keep-alive]
      User-Agent: [Azure-Storage/1.3.0-1.3.0 (Python CPython 3.6.5; Windows 10) AZURECLI/2.0.42]
      x-ms-date: ['Wed, 11 Jul 2018 22:07:05 GMT']
      x-ms-version: ['2018-03-28']
    method: HEAD
    uri: https://clitest000002.blob.core.windows.net/cont000006/blob000005
  response:
    body: {string: ''}
    headers:
      accept-ranges: [bytes]
      content-length: ['1024']
      content-type: [application/test-content]
      date: ['Wed, 11 Jul 2018 22:07:04 GMT']
      etag: ['"0x8D5E77AA31E8756"']
      last-modified: ['Wed, 11 Jul 2018 22:07:05 GMT']
      server: [Windows-Azure-Blob/1.0 Microsoft-HTTPAPI/2.0]
      x-ms-blob-sequence-number: ['0']
      x-ms-blob-type: [PageBlob]
      x-ms-creation-time: ['Wed, 11 Jul 2018 22:07:03 GMT']
      x-ms-lease-state: [available]
      x-ms-lease-status: [unlocked]
      x-ms-server-encrypted: ['true']
      x-ms-version: ['2018-03-28']
    status: {code: 200, message: OK}
- request:
    body: null
    headers:
      Connection: [keep-alive]
      User-Agent: [Azure-Storage/1.3.0-1.3.0 (Python CPython 3.6.5; Windows 10) AZURECLI/2.0.42]
      x-ms-date: ['Wed, 11 Jul 2018 22:07:05 GMT']
      x-ms-version: ['2018-03-28']
    method: GET
    uri: https://clitest000002.blob.core.windows.net/cont000006/blob000005?comp=pagelist
  response:
    body: {string: "\uFEFF<?xml version=\"1.0\" encoding=\"utf-8\"?><PageList />"}
    headers:
      content-type: [application/xml]
      date: ['Wed, 11 Jul 2018 22:07:05 GMT']
      etag: ['"0x8D5E77AA31E8756"']
      last-modified: ['Wed, 11 Jul 2018 22:07:05 GMT']
      server: [Windows-Azure-Blob/1.0 Microsoft-HTTPAPI/2.0]
      transfer-encoding: [chunked]
      x-ms-blob-content-length: ['1024']
      x-ms-version: ['2018-03-28']
    status: {code: 200, message: OK}
- request:
    body: null
    headers:
      Connection: [keep-alive]
      User-Agent: [Azure-Storage/1.3.0-1.3.0 (Python CPython 3.6.5; Windows 10) AZURECLI/2.0.42]
      x-ms-date: ['Wed, 11 Jul 2018 22:07:05 GMT']
      x-ms-version: ['2018-03-28']
    method: GET
    uri: https://clitest000002.blob.core.windows.net/?restype=service&comp=properties
  response:
    body: {string: "\uFEFF<?xml version=\"1.0\" encoding=\"utf-8\"?><StorageServiceProperties><Logging><Version>1.0</Version><Read>false</Read><Write>false</Write><Delete>false</Delete><RetentionPolicy><Enabled>false</Enabled></RetentionPolicy></Logging><HourMetrics><Version>1.0</Version><Enabled>true</Enabled><IncludeAPIs>true</IncludeAPIs><RetentionPolicy><Enabled>true</Enabled><Days>7</Days></RetentionPolicy></HourMetrics><MinuteMetrics><Version>1.0</Version><Enabled>false</Enabled><RetentionPolicy><Enabled>false</Enabled></RetentionPolicy></MinuteMetrics><Cors\
        \ /><DeleteRetentionPolicy><Enabled>false</Enabled></DeleteRetentionPolicy></StorageServiceProperties>"}
    headers:
      content-type: [application/xml]
      date: ['Wed, 11 Jul 2018 22:07:05 GMT']
      server: [Windows-Azure-Blob/1.0 Microsoft-HTTPAPI/2.0]
      transfer-encoding: [chunked]
      x-ms-version: ['2018-03-28']
    status: {code: 200, message: OK}
- request:
    body: null
    headers:
      Connection: [keep-alive]
      User-Agent: [Azure-Storage/1.3.0-1.3.0 (Python CPython 3.6.5; Windows 10) AZURECLI/2.0.42]
      x-ms-date: ['Wed, 11 Jul 2018 22:07:06 GMT']
      x-ms-range: [bytes=0-33554431]
      x-ms-version: ['2018-03-28']
    method: GET
    uri: https://clitest000002.blob.core.windows.net/cont000006/blob000005
  response:
    body: {string: "\0\0\0\0\0\0\0\0\0\0\0\0\0\0\0\0\0\0\0\0\0\0\0\0\0\0\0\0\0\0\0\
        \0\0\0\0\0\0\0\0\0\0\0\0\0\0\0\0\0\0\0\0\0\0\0\0\0\0\0\0\0\0\0\0\0\0\0\0\0\
        \0\0\0\0\0\0\0\0\0\0\0\0\0\0\0\0\0\0\0\0\0\0\0\0\0\0\0\0\0\0\0\0\0\0\0\0\0\
        \0\0\0\0\0\0\0\0\0\0\0\0\0\0\0\0\0\0\0\0\0\0\0\0\0\0\0\0\0\0\0\0\0\0\0\0\0\
        \0\0\0\0\0\0\0\0\0\0\0\0\0\0\0\0\0\0\0\0\0\0\0\0\0\0\0\0\0\0\0\0\0\0\0\0\0\
        \0\0\0\0\0\0\0\0\0\0\0\0\0\0\0\0\0\0\0\0\0\0\0\0\0\0\0\0\0\0\0\0\0\0\0\0\0\
        \0\0\0\0\0\0\0\0\0\0\0\0\0\0\0\0\0\0\0\0\0\0\0\0\0\0\0\0\0\0\0\0\0\0\0\0\0\
        \0\0\0\0\0\0\0\0\0\0\0\0\0\0\0\0\0\0\0\0\0\0\0\0\0\0\0\0\0\0\0\0\0\0\0\0\0\
        \0\0\0\0\0\0\0\0\0\0\0\0\0\0\0\0\0\0\0\0\0\0\0\0\0\0\0\0\0\0\0\0\0\0\0\0\0\
        \0\0\0\0\0\0\0\0\0\0\0\0\0\0\0\0\0\0\0\0\0\0\0\0\0\0\0\0\0\0\0\0\0\0\0\0\0\
        \0\0\0\0\0\0\0\0\0\0\0\0\0\0\0\0\0\0\0\0\0\0\0\0\0\0\0\0\0\0\0\0\0\0\0\0\0\
        \0\0\0\0\0\0\0\0\0\0\0\0\0\0\0\0\0\0\0\0\0\0\0\0\0\0\0\0\0\0\0\0\0\0\0\0\0\
        \0\0\0\0\0\0\0\0\0\0\0\0\0\0\0\0\0\0\0\0\0\0\0\0\0\0\0\0\0\0\0\0\0\0\0\0\0\
        \0\0\0\0\0\0\0\0\0\0\0\0\0\0\0\0\0\0\0\0\0\0\0\0\0\0\0\0\0\0\0\0\0\0\0\0\0\
        \0\0\0\0\0\0\0\0\0\0\0\0\0\0\0\0\0\0\0\0\0\0\0\0\0\0\0\0\0\0\0\0\0\0\0\0\0\
        \0\0\0\0\0\0\0\0\0\0\0\0\0\0\0\0\0\0\0\0\0\0\0\0\0\0\0\0\0\0\0\0\0\0\0\0\0\
        \0\0\0\0\0\0\0\0\0\0\0\0\0\0\0\0\0\0\0\0\0\0\0\0\0\0\0\0\0\0\0\0\0\0\0\0\0\
        \0\0\0\0\0\0\0\0\0\0\0\0\0\0\0\0\0\0\0\0\0\0\0\0\0\0\0\0\0\0\0\0\0\0\0\0\0\
        \0\0\0\0\0\0\0\0\0\0\0\0\0\0\0\0\0\0\0\0\0\0\0\0\0\0\0\0\0\0\0\0\0\0\0\0\0\
        \0\0\0\0\0\0\0\0\0\0\0\0\0\0\0\0\0\0\0\0\0\0\0\0\0\0\0\0\0\0\0\0\0\0\0\0\0\
        \0\0\0\0\0\0\0\0\0\0\0\0\0\0\0\0\0\0\0\0\0\0\0\0\0\0\0\0\0\0\0\0\0\0\0\0\0\
        \0\0\0\0\0\0\0\0\0\0\0\0\0\0\0\0\0\0\0\0\0\0\0\0\0\0\0\0\0\0\0\0\0\0\0\0\0\
        \0\0\0\0\0\0\0\0\0\0\0\0\0\0\0\0\0\0\0\0\0\0\0\0\0\0\0\0\0\0\0\0\0\0\0\0\0\
        \0\0\0\0\0\0\0\0\0\0\0\0\0\0\0\0\0\0\0\0\0\0\0\0\0\0\0\0\0\0\0\0\0\0\0\0\0\
        \0\0\0\0\0\0\0\0\0\0\0\0\0\0\0\0\0\0\0\0\0\0\0\0\0\0\0\0\0\0\0\0\0\0\0\0\0\
        \0\0\0\0\0\0\0\0\0\0\0\0\0\0\0\0\0\0\0\0\0\0\0\0\0\0\0\0\0\0\0\0\0\0\0\0\0\
        \0\0\0\0\0\0\0\0\0\0\0\0\0\0\0\0\0\0\0\0\0\0\0\0\0\0\0\0\0\0\0\0\0\0\0\0\0\
        \0\0\0\0\0\0\0\0\0\0\0\0\0\0\0\0\0\0\0\0\0\0\0\0\0\0\0\0\0\0\0"}
    headers:
      accept-ranges: [bytes]
      content-length: ['1024']
      content-range: [bytes 0-1023/1024]
      content-type: [application/test-content]
      date: ['Wed, 11 Jul 2018 22:07:05 GMT']
      etag: ['"0x8D5E77AA31E8756"']
      last-modified: ['Wed, 11 Jul 2018 22:07:05 GMT']
      server: [Windows-Azure-Blob/1.0 Microsoft-HTTPAPI/2.0]
      x-ms-blob-sequence-number: ['0']
      x-ms-blob-type: [PageBlob]
      x-ms-creation-time: ['Wed, 11 Jul 2018 22:07:03 GMT']
      x-ms-lease-state: [available]
      x-ms-lease-status: [unlocked]
      x-ms-server-encrypted: ['true']
      x-ms-version: ['2018-03-28']
    status: {code: 206, message: Partial Content}
- request:
    body: null
    headers:
      Connection: [keep-alive]
      User-Agent: [Azure-Storage/1.3.0-1.3.0 (Python CPython 3.6.5; Windows 10) AZURECLI/2.0.42]
      x-ms-date: ['Wed, 11 Jul 2018 22:07:06 GMT']
      x-ms-range: [bytes=10-499]
      x-ms-version: ['2018-03-28']
    method: GET
    uri: https://clitest000002.blob.core.windows.net/cont000006/blob000005
  response:
    body: {string: "\0\0\0\0\0\0\0\0\0\0\0\0\0\0\0\0\0\0\0\0\0\0\0\0\0\0\0\0\0\0\0\
        \0\0\0\0\0\0\0\0\0\0\0\0\0\0\0\0\0\0\0\0\0\0\0\0\0\0\0\0\0\0\0\0\0\0\0\0\0\
        \0\0\0\0\0\0\0\0\0\0\0\0\0\0\0\0\0\0\0\0\0\0\0\0\0\0\0\0\0\0\0\0\0\0\0\0\0\
        \0\0\0\0\0\0\0\0\0\0\0\0\0\0\0\0\0\0\0\0\0\0\0\0\0\0\0\0\0\0\0\0\0\0\0\0\0\
        \0\0\0\0\0\0\0\0\0\0\0\0\0\0\0\0\0\0\0\0\0\0\0\0\0\0\0\0\0\0\0\0\0\0\0\0\0\
        \0\0\0\0\0\0\0\0\0\0\0\0\0\0\0\0\0\0\0\0\0\0\0\0\0\0\0\0\0\0\0\0\0\0\0\0\0\
        \0\0\0\0\0\0\0\0\0\0\0\0\0\0\0\0\0\0\0\0\0\0\0\0\0\0\0\0\0\0\0\0\0\0\0\0\0\
        \0\0\0\0\0\0\0\0\0\0\0\0\0\0\0\0\0\0\0\0\0\0\0\0\0\0\0\0\0\0\0\0\0\0\0\0\0\
        \0\0\0\0\0\0\0\0\0\0\0\0\0\0\0\0\0\0\0\0\0\0\0\0\0\0\0\0\0\0\0\0\0\0\0\0\0\
        \0\0\0\0\0\0\0\0\0\0\0\0\0\0\0\0\0\0\0\0\0\0\0\0\0\0\0\0\0\0\0\0\0\0\0\0\0\
        \0\0\0\0\0\0\0\0\0\0\0\0\0\0\0\0\0\0\0\0\0\0\0\0\0\0\0\0\0\0\0\0\0\0\0\0\0\
        \0\0\0\0\0\0\0\0\0\0\0\0\0\0\0\0\0\0\0\0\0\0\0\0\0\0\0\0\0\0\0\0\0\0\0\0\0\
        \0\0\0\0\0\0\0\0\0\0\0\0\0\0\0\0\0\0\0\0\0\0\0\0\0\0\0\0\0\0\0\0\0\0\0\0\0\
        \0\0\0\0\0\0\0\0\0\0\0\0\0\0\0"}
    headers:
      accept-ranges: [bytes]
      content-length: ['490']
      content-range: [bytes 10-499/1024]
      content-type: [application/test-content]
      date: ['Wed, 11 Jul 2018 22:07:05 GMT']
      etag: ['"0x8D5E77AA31E8756"']
      last-modified: ['Wed, 11 Jul 2018 22:07:05 GMT']
      server: [Windows-Azure-Blob/1.0 Microsoft-HTTPAPI/2.0]
      x-ms-blob-sequence-number: ['0']
      x-ms-blob-type: [PageBlob]
      x-ms-creation-time: ['Wed, 11 Jul 2018 22:07:03 GMT']
      x-ms-lease-state: [available]
      x-ms-lease-status: [unlocked]
      x-ms-server-encrypted: ['true']
      x-ms-version: ['2018-03-28']
    status: {code: 206, message: Partial Content}
- request:
    body: null
    headers:
      Accept: [application/json]
      Accept-Encoding: ['gzip, deflate']
      CommandName: [group delete]
      Connection: [keep-alive]
      Content-Length: ['0']
      Content-Type: [application/json; charset=utf-8]
      User-Agent: [python/3.6.5 (Windows-10-10.0.17134-SP0) requests/2.19.1 msrest/0.5.1
          msrest_azure/0.4.33 resourcemanagementclient/2.0.0rc2 Azure-SDK-For-Python
          AZURECLI/2.0.42]
      accept-language: [en-US]
    method: DELETE
    uri: https://management.azure.com/subscriptions/00000000-0000-0000-0000-000000000000/resourcegroups/clitest.rg000001?api-version=2018-05-01
  response:
    body: {string: ''}
    headers:
      cache-control: [no-cache]
      content-length: ['0']
      date: ['Wed, 11 Jul 2018 22:07:07 GMT']
      expires: ['-1']
      location: ['https://management.azure.com/subscriptions/00000000-0000-0000-0000-000000000000/operationresults/eyJqb2JJZCI6IlJFU09VUkNFR1JPVVBERUxFVElPTkpPQi1DTElURVNUOjJFUkdLSkNMNTNTNVhCVUtMWlBWVEVRV0pTM0Y2WFdOVjUzTkNZV3w3MzgwNjQzNDhFQjBGMzRFLVdFU1RVUyIsImpvYkxvY2F0aW9uIjoid2VzdHVzIn0?api-version=2018-05-01']
      pragma: [no-cache]
      strict-transport-security: [max-age=31536000; includeSubDomains]
      x-content-type-options: [nosniff]
      x-ms-ratelimit-remaining-subscription-deletes: ['14999']
    status: {code: 202, message: Accepted}
version: 1
