interactions:
- request:
    body: '{"location": "westus", "tags": {"product": "azurecli", "cause": "automation",
      "date": "2018-07-02T19:08:53Z"}}'
    headers:
      Accept: [application/json]
      Accept-Encoding: ['gzip, deflate']
      CommandName: [group create]
      Connection: [keep-alive]
      Content-Length: ['110']
      Content-Type: [application/json; charset=utf-8]
      User-Agent: [python/3.6.5 (Windows-10-10.0.17134-SP0) requests/2.19.1 msrest/0.5.1
          msrest_azure/0.4.33 resourcemanagementclient/2.0.0rc2 Azure-SDK-For-Python
          AZURECLI/2.0.42]
      accept-language: [en-US]
    method: PUT
    uri: https://management.azure.com/subscriptions/00000000-0000-0000-0000-000000000000/resourcegroups/clitest.rg000001?api-version=2018-05-01
  response:
    body: {string: '{"id":"/subscriptions/00000000-0000-0000-0000-000000000000/resourceGroups/clitest.rg000001","name":"clitest.rg000001","location":"westus","tags":{"product":"azurecli","cause":"automation","date":"2018-07-02T19:08:53Z"},"properties":{"provisioningState":"Succeeded"}}'}
    headers:
      cache-control: [no-cache]
      content-length: ['384']
      content-type: [application/json; charset=utf-8]
      date: ['Mon, 02 Jul 2018 19:08:53 GMT']
      expires: ['-1']
      pragma: [no-cache]
      strict-transport-security: [max-age=31536000; includeSubDomains]
      x-content-type-options: [nosniff]
      x-ms-ratelimit-remaining-subscription-writes: ['1197']
    status: {code: 201, message: Created}
- request:
    body: '{"sku": {"name": "Standard_LRS"}, "kind": "Storage", "location": "westus",
      "properties": {"supportsHttpsTrafficOnly": false}}'
    headers:
      Accept: [application/json]
      Accept-Encoding: ['gzip, deflate']
      CommandName: [storage account create]
      Connection: [keep-alive]
      Content-Length: ['125']
      Content-Type: [application/json; charset=utf-8]
      User-Agent: [python/3.6.5 (Windows-10-10.0.17134-SP0) requests/2.19.1 msrest/0.5.1
          msrest_azure/0.4.33 azure-mgmt-storage/1.5.0 Azure-SDK-For-Python AZURECLI/2.0.42]
      accept-language: [en-US]
    method: PUT
    uri: https://management.azure.com/subscriptions/00000000-0000-0000-0000-000000000000/resourceGroups/clitest.rg000001/providers/Microsoft.Storage/storageAccounts/clitest000002?api-version=2017-10-01
  response:
    body: {string: ''}
    headers:
      cache-control: [no-cache]
      content-length: ['0']
      content-type: [text/plain; charset=utf-8]
      date: ['Mon, 02 Jul 2018 19:08:55 GMT']
      expires: ['-1']
      location: ['https://management.azure.com/subscriptions/00000000-0000-0000-0000-000000000000/providers/Microsoft.Storage/locations/westus/asyncoperations/2e2eecd8-146b-4940-88c7-da03e0fbbd6f?monitor=true&api-version=2017-10-01']
      pragma: [no-cache]
      server: ['Microsoft-Azure-Storage-Resource-Provider/1.0,Microsoft-HTTPAPI/2.0
          Microsoft-HTTPAPI/2.0']
      strict-transport-security: [max-age=31536000; includeSubDomains]
      x-content-type-options: [nosniff]
      x-ms-ratelimit-remaining-subscription-writes: ['1195']
    status: {code: 202, message: Accepted}
- request:
    body: null
    headers:
      Accept: [application/json]
      Accept-Encoding: ['gzip, deflate']
      CommandName: [storage account create]
      Connection: [keep-alive]
      Content-Type: [application/json; charset=utf-8]
      User-Agent: [python/3.6.5 (Windows-10-10.0.17134-SP0) requests/2.19.1 msrest/0.5.1
          msrest_azure/0.4.33 azure-mgmt-storage/1.5.0 Azure-SDK-For-Python AZURECLI/2.0.42]
      accept-language: [en-US]
    method: GET
    uri: https://management.azure.com/subscriptions/00000000-0000-0000-0000-000000000000/providers/Microsoft.Storage/locations/westus/asyncoperations/2e2eecd8-146b-4940-88c7-da03e0fbbd6f?monitor=true&api-version=2017-10-01
  response:
    body: {string: '{"sku":{"name":"Standard_LRS","tier":"Standard"},"kind":"Storage","id":"/subscriptions/00000000-0000-0000-0000-000000000000/resourceGroups/clitest.rg000001/providers/Microsoft.Storage/storageAccounts/clitest000002","name":"clitest000002","type":"Microsoft.Storage/storageAccounts","location":"westus","tags":{},"properties":{"networkAcls":{"bypass":"AzureServices","virtualNetworkRules":[],"ipRules":[],"defaultAction":"Allow"},"trustedDirectories":["72f988bf-86f1-41af-91ab-2d7cd011db47"],"supportsHttpsTrafficOnly":false,"encryption":{"services":{"file":{"enabled":true,"lastEnabledTime":"2018-07-02T19:08:55.3434363Z"},"blob":{"enabled":true,"lastEnabledTime":"2018-07-02T19:08:55.3434363Z"}},"keySource":"Microsoft.Storage"},"provisioningState":"Succeeded","creationTime":"2018-07-02T19:08:54.9684331Z","primaryEndpoints":{"blob":"https://clitest000002.blob.core.windows.net/","queue":"https://clitest000002.queue.core.windows.net/","table":"https://clitest000002.table.core.windows.net/","file":"https://clitest000002.file.core.windows.net/"},"primaryLocation":"westus","statusOfPrimary":"available"}}'}
    headers:
      cache-control: [no-cache]
      content-length: ['1231']
      content-type: [application/json]
      date: ['Mon, 02 Jul 2018 19:09:12 GMT']
      expires: ['-1']
      pragma: [no-cache]
      server: ['Microsoft-Azure-Storage-Resource-Provider/1.0,Microsoft-HTTPAPI/2.0
          Microsoft-HTTPAPI/2.0']
      strict-transport-security: [max-age=31536000; includeSubDomains]
      transfer-encoding: [chunked]
      vary: [Accept-Encoding]
      x-content-type-options: [nosniff]
    status: {code: 200, message: OK}
- request:
    body: null
    headers:
      Accept: [application/json]
      Accept-Encoding: ['gzip, deflate']
      CommandName: [storage account keys list]
      Connection: [keep-alive]
      Content-Length: ['0']
      Content-Type: [application/json; charset=utf-8]
      User-Agent: [python/3.6.5 (Windows-10-10.0.17134-SP0) requests/2.19.1 msrest/0.5.1
          msrest_azure/0.4.33 azure-mgmt-storage/1.5.0 Azure-SDK-For-Python AZURECLI/2.0.42]
      accept-language: [en-US]
    method: POST
    uri: https://management.azure.com/subscriptions/00000000-0000-0000-0000-000000000000/resourceGroups/clitest.rg000001/providers/Microsoft.Storage/storageAccounts/clitest000002/listKeys?api-version=2017-10-01
  response:
    body: {string: '{"keys":[{"keyName":"key1","value":"EGxMFksjlW4ZpZu4GKb9lxv0Z61RQXRITYk2RaunGSL2M0ojZH5uv/gAqTpfqu2E8rRTaS65xxunHQBc50cpBw==","permissions":"FULL"},{"keyName":"key2","value":"bNoffny6x/FpCCKwszb41wZFvinpmi8i+Ma1HYQqF3xBBCjNKc0lNvOUQLEF9fvTil8thXhEO9eNumbDUy3m4g==","permissions":"FULL"}]}'}
    headers:
      cache-control: [no-cache]
      content-length: ['288']
      content-type: [application/json]
      date: ['Mon, 02 Jul 2018 19:09:13 GMT']
      expires: ['-1']
      pragma: [no-cache]
      server: ['Microsoft-Azure-Storage-Resource-Provider/1.0,Microsoft-HTTPAPI/2.0
          Microsoft-HTTPAPI/2.0']
      strict-transport-security: [max-age=31536000; includeSubDomains]
      transfer-encoding: [chunked]
      vary: [Accept-Encoding]
      x-content-type-options: [nosniff]
      x-ms-ratelimit-remaining-subscription-writes: ['1198']
    status: {code: 200, message: OK}
- request:
    body: null
    headers:
      Accept: [application/json]
      Accept-Encoding: ['gzip, deflate']
      CommandName: [storage account keys list]
      Connection: [keep-alive]
      Content-Length: ['0']
      Content-Type: [application/json; charset=utf-8]
      User-Agent: [python/3.6.5 (Windows-10-10.0.17134-SP0) requests/2.19.1 msrest/0.5.1
          msrest_azure/0.4.33 azure-mgmt-storage/1.5.0 Azure-SDK-For-Python AZURECLI/2.0.42]
      accept-language: [en-US]
    method: POST
    uri: https://management.azure.com/subscriptions/00000000-0000-0000-0000-000000000000/resourceGroups/clitest.rg000001/providers/Microsoft.Storage/storageAccounts/clitest000002/listKeys?api-version=2017-10-01
  response:
    body: {string: '{"keys":[{"keyName":"key1","value":"EGxMFksjlW4ZpZu4GKb9lxv0Z61RQXRITYk2RaunGSL2M0ojZH5uv/gAqTpfqu2E8rRTaS65xxunHQBc50cpBw==","permissions":"FULL"},{"keyName":"key2","value":"bNoffny6x/FpCCKwszb41wZFvinpmi8i+Ma1HYQqF3xBBCjNKc0lNvOUQLEF9fvTil8thXhEO9eNumbDUy3m4g==","permissions":"FULL"}]}'}
    headers:
      cache-control: [no-cache]
      content-length: ['288']
      content-type: [application/json]
      date: ['Mon, 02 Jul 2018 19:09:14 GMT']
      expires: ['-1']
      pragma: [no-cache]
      server: ['Microsoft-Azure-Storage-Resource-Provider/1.0,Microsoft-HTTPAPI/2.0
          Microsoft-HTTPAPI/2.0']
      strict-transport-security: [max-age=31536000; includeSubDomains]
      transfer-encoding: [chunked]
      vary: [Accept-Encoding]
      x-content-type-options: [nosniff]
      x-ms-ratelimit-remaining-subscription-writes: ['1192']
    status: {code: 200, message: OK}
- request:
    body: null
    headers:
      Connection: [keep-alive]
      Content-Length: ['0']
      User-Agent: [Azure-Storage/1.3.0-1.3.0 (Python CPython 3.6.5; Windows 10) AZURECLI/2.0.42]
      x-ms-date: ['Mon, 02 Jul 2018 19:09:14 GMT']
      x-ms-version: ['2018-03-28']
    method: PUT
    uri: https://clitest000002.blob.core.windows.net/cont000004?restype=container
  response:
    body: {string: ''}
    headers:
      date: ['Mon, 02 Jul 2018 19:09:14 GMT']
      etag: ['"0x8D5E04F4D8418EA"']
      last-modified: ['Mon, 02 Jul 2018 19:09:15 GMT']
      server: [Windows-Azure-Blob/1.0 Microsoft-HTTPAPI/2.0]
      transfer-encoding: [chunked]
      x-ms-version: ['2018-03-28']
    status: {code: 201, message: Created}
- request:
    body: null
    headers:
      Connection: [keep-alive]
      User-Agent: [Azure-Storage/1.3.0-1.3.0 (Python CPython 3.6.5; Windows 10) AZURECLI/2.0.42]
      x-ms-date: ['Mon, 02 Jul 2018 19:09:15 GMT']
      x-ms-version: ['2018-03-28']
    method: HEAD
    uri: https://clitest000002.blob.core.windows.net/cont000004/blob000003
  response:
    body: {string: ''}
    headers:
      date: ['Mon, 02 Jul 2018 19:09:14 GMT']
      server: [Windows-Azure-Blob/1.0 Microsoft-HTTPAPI/2.0]
      transfer-encoding: [chunked]
      x-ms-error-code: [BlobNotFound]
      x-ms-version: ['2018-03-28']
    status: {code: 404, message: The specified blob does not exist.}
- request:
    body: "\0\0\0\0\0\0\0\0\0\0\0\0\0\0\0\0\0\0\0\0\0\0\0\0\0\0\0\0\0\0\0\0\0\0\0\0\
      \0\0\0\0\0\0\0\0\0\0\0\0\0\0\0\0\0\0\0\0\0\0\0\0\0\0\0\0\0\0\0\0\0\0\0\0\0\0\
      \0\0\0\0\0\0\0\0\0\0\0\0\0\0\0\0\0\0\0\0\0\0\0\0\0\0\0\0\0\0\0\0\0\0\0\0\0\0\
      \0\0\0\0\0\0\0\0\0\0\0\0\0\0\0\0\0\0\0\0\0\0\0\0\0\0\0\0\0\0\0\0\0\0\0\0\0\0\
      \0\0\0\0\0\0\0\0\0\0\0\0\0\0\0\0\0\0\0\0\0\0\0\0\0\0\0\0\0\0\0\0\0\0\0\0\0\0\
      \0\0\0\0\0\0\0\0\0\0\0\0\0\0\0\0\0\0\0\0\0\0\0\0\0\0\0\0\0\0\0\0\0\0\0\0\0\0\
      \0\0\0\0\0\0\0\0\0\0\0\0\0\0\0\0\0\0\0\0\0\0\0\0\0\0\0\0\0\0\0\0\0\0\0\0\0\0\
      \0\0\0\0\0\0\0\0\0\0\0\0\0\0\0\0\0\0\0\0\0\0\0\0\0\0\0\0\0\0\0\0\0\0\0\0\0\0\
      \0\0\0\0\0\0\0\0\0\0\0\0\0\0\0\0\0\0\0\0\0\0\0\0\0\0\0\0\0\0\0\0\0\0\0\0\0\0\
      \0\0\0\0\0\0\0\0\0\0\0\0\0\0\0\0\0\0\0\0\0\0\0\0\0\0\0\0\0\0\0\0\0\0\0\0\0\0\
      \0\0\0\0\0\0\0\0\0\0\0\0\0\0\0\0\0\0\0\0\0\0\0\0\0\0\0\0\0\0\0\0\0\0\0\0\0\0\
      \0\0\0\0\0\0\0\0\0\0\0\0\0\0\0\0\0\0\0\0\0\0\0\0\0\0\0\0\0\0\0\0\0\0\0\0\0\0\
      \0\0\0\0\0\0\0\0\0\0\0\0\0\0\0\0\0\0\0\0\0\0\0\0\0\0\0\0\0\0\0\0\0\0\0\0\0\0\
      \0\0\0\0\0\0\0\0\0\0\0\0\0\0\0\0\0\0\0\0\0\0\0\0\0\0\0\0\0\0\0\0\0\0\0\0\0\0\
      \0\0\0\0\0\0\0\0\0\0\0\0\0\0\0\0\0\0\0\0\0\0\0\0\0\0\0\0\0\0\0\0\0\0\0\0\0\0\
      \0\0\0\0\0\0\0\0\0\0\0\0\0\0\0\0\0\0\0\0\0\0\0\0\0\0\0\0\0\0\0\0\0\0\0\0\0\0\
      \0\0\0\0\0\0\0\0\0\0\0\0\0\0\0\0\0\0\0\0\0\0\0\0\0\0\0\0\0\0\0\0\0\0\0\0\0\0\
      \0\0\0\0\0\0\0\0\0\0\0\0\0\0\0\0\0\0\0\0\0\0\0\0\0\0\0\0\0\0\0\0\0\0\0\0\0\0\
      \0\0\0\0\0\0\0\0\0\0\0\0\0\0\0\0\0\0\0\0\0\0\0\0\0\0\0\0\0\0\0\0\0\0\0\0\0\0\
      \0\0\0\0\0\0\0\0\0\0\0\0\0\0\0\0\0\0\0\0\0\0\0\0\0\0\0\0\0\0\0\0\0\0\0\0\0\0\
      \0\0\0\0\0\0\0\0\0\0\0\0\0\0\0\0\0\0\0\0\0\0\0\0\0\0\0\0\0\0\0\0\0\0\0\0\0\0\
      \0\0\0\0\0\0\0\0\0\0\0\0\0\0\0\0\0\0\0\0\0\0\0\0\0\0\0\0\0\0\0\0\0\0\0\0\0\0\
      \0\0\0\0\0\0\0\0\0\0\0\0\0\0\0\0\0\0\0\0\0\0\0\0\0\0\0\0\0\0\0\0\0\0\0\0\0\0\
      \0\0\0\0\0\0\0\0\0\0\0\0\0\0\0\0\0\0\0\0\0\0\0\0\0\0\0\0\0\0\0\0\0\0\0\0\0\0\
      \0\0\0\0\0\0\0\0\0\0\0\0\0\0\0\0\0\0\0\0\0\0\0\0\0\0\0\0\0\0\0\0\0\0\0\0\0\0\
      \0\0\0\0\0\0\0\0\0\0\0\0\0\0\0\0\0\0\0\0\0\0\0\0\0\0\0\0\0\0\0\0\0\0\0\0\0\0\
      \0\0\0\0\0\0\0\0\0\0\0\0\0\0\0\0\0\0\0\0\0\0\0\0\0\0\0\0\0\0\0\0\0\0\0\0\0\0"
    headers:
      Connection: [keep-alive]
      Content-Length: ['1024']
      User-Agent: [Azure-Storage/1.3.0-1.3.0 (Python CPython 3.6.5; Windows 10) AZURECLI/2.0.42]
      x-ms-blob-type: [BlockBlob]
      x-ms-date: ['Mon, 02 Jul 2018 19:09:15 GMT']
      x-ms-version: ['2018-03-28']
    method: PUT
    uri: https://clitest000002.blob.core.windows.net/cont000004/blob000003
  response:
    body: {string: ''}
    headers:
      content-md5: [DzQ7CTESaiDxM9Z8KwGKOw==]
      date: ['Mon, 02 Jul 2018 19:09:15 GMT']
      etag: ['"0x8D5E04F4DEA15E1"']
      last-modified: ['Mon, 02 Jul 2018 19:09:15 GMT']
      server: [Windows-Azure-Blob/1.0 Microsoft-HTTPAPI/2.0]
      transfer-encoding: [chunked]
      x-ms-request-server-encrypted: ['true']
      x-ms-version: ['2018-03-28']
    status: {code: 201, message: Created}
- request:
    body: null
    headers:
      Connection: [keep-alive]
      User-Agent: [Azure-Storage/1.3.0-1.3.0 (Python CPython 3.6.5; Windows 10) AZURECLI/2.0.42]
      x-ms-date: ['Mon, 02 Jul 2018 19:09:15 GMT']
      x-ms-version: ['2018-03-28']
    method: HEAD
    uri: https://clitest000002.blob.core.windows.net/cont000004/blob000003
  response:
    body: {string: ''}
    headers:
      accept-ranges: [bytes]
      content-length: ['1024']
      content-md5: [DzQ7CTESaiDxM9Z8KwGKOw==]
      content-type: [application/octet-stream]
      date: ['Mon, 02 Jul 2018 19:09:15 GMT']
      etag: ['"0x8D5E04F4DEA15E1"']
      last-modified: ['Mon, 02 Jul 2018 19:09:15 GMT']
      server: [Windows-Azure-Blob/1.0 Microsoft-HTTPAPI/2.0]
      x-ms-blob-type: [BlockBlob]
      x-ms-creation-time: ['Mon, 02 Jul 2018 19:09:15 GMT']
      x-ms-lease-state: [available]
      x-ms-lease-status: [unlocked]
      x-ms-server-encrypted: ['true']
      x-ms-version: ['2018-03-28']
    status: {code: 200, message: OK}
- request:
    body: null
    headers:
      Connection: [keep-alive]
      User-Agent: [Azure-Storage/1.3.0-1.3.0 (Python CPython 3.6.5; Windows 10) AZURECLI/2.0.42]
      x-ms-date: ['Mon, 02 Jul 2018 19:09:16 GMT']
      x-ms-version: ['2018-03-28']
    method: GET
    uri: https://clitest000002.blob.core.windows.net/cont000004?restype=container&comp=list&maxresults=1
  response:
    body: {string: "\uFEFF<?xml version=\"1.0\" encoding=\"utf-8\"?><EnumerationResults\
        \ ServiceEndpoint=\"https://clitest000002.blob.core.windows.net/\" ContainerName=\"\
        cont000004\"><MaxResults>1</MaxResults><Blobs><Blob><Name>blob000003</Name><Properties><Creation-Time>Mon,\
        \ 02 Jul 2018 19:09:15 GMT</Creation-Time><Last-Modified>Mon, 02 Jul 2018\
        \ 19:09:15 GMT</Last-Modified><Etag>0x8D5E04F4DEA15E1</Etag><Content-Length>1024</Content-Length><Content-Type>application/octet-stream</Content-Type><Content-Encoding\
        \ /><Content-Language /><Content-MD5>DzQ7CTESaiDxM9Z8KwGKOw==</Content-MD5><Cache-Control\
        \ /><Content-Disposition /><BlobType>BlockBlob</BlobType><LeaseStatus>unlocked</LeaseStatus><LeaseState>available</LeaseState><ServerEncrypted>true</ServerEncrypted></Properties></Blob></Blobs><NextMarker\
        \ /></EnumerationResults>"}
    headers:
      content-type: [application/xml]
      date: ['Mon, 02 Jul 2018 19:09:16 GMT']
      server: [Windows-Azure-Blob/1.0 Microsoft-HTTPAPI/2.0]
      transfer-encoding: [chunked]
      x-ms-version: ['2018-03-28']
    status: {code: 200, message: OK}
- request:
    body: null
    headers:
      Connection: [keep-alive]
      User-Agent: [Azure-Storage/1.3.0-1.3.0 (Python CPython 3.6.5; Windows 10) AZURECLI/2.0.42]
      x-ms-date: ['Mon, 02 Jul 2018 19:09:16 GMT']
      x-ms-version: ['2018-03-28']
    method: HEAD
    uri: https://clitest000002.blob.core.windows.net/cont000004/blob000003
  response:
    body: {string: ''}
    headers:
      accept-ranges: [bytes]
      content-length: ['1024']
      content-md5: [DzQ7CTESaiDxM9Z8KwGKOw==]
      content-type: [application/octet-stream]
      date: ['Mon, 02 Jul 2018 19:09:15 GMT']
      etag: ['"0x8D5E04F4DEA15E1"']
      last-modified: ['Mon, 02 Jul 2018 19:09:15 GMT']
      server: [Windows-Azure-Blob/1.0 Microsoft-HTTPAPI/2.0]
      x-ms-blob-type: [BlockBlob]
      x-ms-creation-time: ['Mon, 02 Jul 2018 19:09:15 GMT']
      x-ms-lease-state: [available]
      x-ms-lease-status: [unlocked]
      x-ms-server-encrypted: ['true']
      x-ms-version: ['2018-03-28']
    status: {code: 200, message: OK}
- request:
    body: null
    headers:
      Connection: [keep-alive]
      User-Agent: [Azure-Storage/1.3.0-1.3.0 (Python CPython 3.6.5; Windows 10) AZURECLI/2.0.42]
      x-ms-date: ['Mon, 02 Jul 2018 19:09:17 GMT']
      x-ms-version: ['2018-03-28']
    method: HEAD
    uri: https://clitest000002.blob.core.windows.net/cont000004/blob000003
  response:
    body: {string: ''}
    headers:
      accept-ranges: [bytes]
      content-length: ['1024']
      content-md5: [DzQ7CTESaiDxM9Z8KwGKOw==]
      content-type: [application/octet-stream]
      date: ['Mon, 02 Jul 2018 19:09:16 GMT']
      etag: ['"0x8D5E04F4DEA15E1"']
      last-modified: ['Mon, 02 Jul 2018 19:09:15 GMT']
      server: [Windows-Azure-Blob/1.0 Microsoft-HTTPAPI/2.0]
      x-ms-blob-type: [BlockBlob]
      x-ms-creation-time: ['Mon, 02 Jul 2018 19:09:15 GMT']
      x-ms-lease-state: [available]
      x-ms-lease-status: [unlocked]
      x-ms-server-encrypted: ['true']
      x-ms-version: ['2018-03-28']
    status: {code: 200, message: OK}
- request:
    body: null
    headers:
      Connection: [keep-alive]
      Content-Length: ['0']
      User-Agent: [Azure-Storage/1.3.0-1.3.0 (Python CPython 3.6.5; Windows 10) AZURECLI/2.0.42]
      x-ms-blob-content-md5: [DzQ7CTESaiDxM9Z8KwGKOw==]
      x-ms-blob-content-type: [application/test-content]
      x-ms-date: ['Mon, 02 Jul 2018 19:09:17 GMT']
      x-ms-version: ['2018-03-28']
    method: PUT
    uri: https://clitest000002.blob.core.windows.net/cont000004/blob000003?comp=properties
  response:
    body: {string: ''}
    headers:
      date: ['Mon, 02 Jul 2018 19:09:16 GMT']
      etag: ['"0x8D5E04F4F03A715"']
      last-modified: ['Mon, 02 Jul 2018 19:09:17 GMT']
      server: [Windows-Azure-Blob/1.0 Microsoft-HTTPAPI/2.0]
      transfer-encoding: [chunked]
      x-ms-version: ['2018-03-28']
    status: {code: 200, message: OK}
- request:
    body: null
    headers:
      Connection: [keep-alive]
      User-Agent: [Azure-Storage/1.3.0-1.3.0 (Python CPython 3.6.5; Windows 10) AZURECLI/2.0.42]
      x-ms-date: ['Mon, 02 Jul 2018 19:09:17 GMT']
      x-ms-version: ['2018-03-28']
    method: HEAD
    uri: https://clitest000002.blob.core.windows.net/cont000004/blob000003
  response:
    body: {string: ''}
    headers:
      accept-ranges: [bytes]
      content-length: ['1024']
      content-md5: [DzQ7CTESaiDxM9Z8KwGKOw==]
      content-type: [application/test-content]
      date: ['Mon, 02 Jul 2018 19:09:17 GMT']
      etag: ['"0x8D5E04F4F03A715"']
      last-modified: ['Mon, 02 Jul 2018 19:09:17 GMT']
      server: [Windows-Azure-Blob/1.0 Microsoft-HTTPAPI/2.0]
      x-ms-blob-type: [BlockBlob]
      x-ms-creation-time: ['Mon, 02 Jul 2018 19:09:15 GMT']
      x-ms-lease-state: [available]
      x-ms-lease-status: [unlocked]
      x-ms-server-encrypted: ['true']
      x-ms-version: ['2018-03-28']
    status: {code: 200, message: OK}
- request:
    body: null
    headers:
      Connection: [keep-alive]
      User-Agent: [Azure-Storage/1.3.0-1.3.0 (Python CPython 3.6.5; Windows 10) AZURECLI/2.0.42]
      x-ms-date: ['Mon, 02 Jul 2018 19:09:18 GMT']
      x-ms-version: ['2018-03-28']
    method: GET
    uri: https://clitest000002.blob.core.windows.net/?restype=service&comp=properties
  response:
    body: {string: "\uFEFF<?xml version=\"1.0\" encoding=\"utf-8\"?><StorageServiceProperties><Logging><Version>1.0</Version><Read>false</Read><Write>false</Write><Delete>false</Delete><RetentionPolicy><Enabled>false</Enabled></RetentionPolicy></Logging><HourMetrics><Version>1.0</Version><Enabled>true</Enabled><IncludeAPIs>true</IncludeAPIs><RetentionPolicy><Enabled>true</Enabled><Days>7</Days></RetentionPolicy></HourMetrics><MinuteMetrics><Version>1.0</Version><Enabled>false</Enabled><RetentionPolicy><Enabled>false</Enabled></RetentionPolicy></MinuteMetrics><Cors\
        \ /><DeleteRetentionPolicy><Enabled>false</Enabled></DeleteRetentionPolicy></StorageServiceProperties>"}
    headers:
      content-type: [application/xml]
      date: ['Mon, 02 Jul 2018 19:09:17 GMT']
      server: [Windows-Azure-Blob/1.0 Microsoft-HTTPAPI/2.0]
      transfer-encoding: [chunked]
      x-ms-version: ['2018-03-28']
    status: {code: 200, message: OK}
- request:
    body: null
    headers:
      Connection: [keep-alive]
      User-Agent: [Azure-Storage/1.3.0-1.3.0 (Python CPython 3.6.5; Windows 10) AZURECLI/2.0.42]
      x-ms-date: ['Mon, 02 Jul 2018 19:09:18 GMT']
      x-ms-range: [bytes=0-33554431]
      x-ms-version: ['2018-03-28']
    method: GET
    uri: https://clitest000002.blob.core.windows.net/cont000004/blob000003
  response:
    body: {string: "\0\0\0\0\0\0\0\0\0\0\0\0\0\0\0\0\0\0\0\0\0\0\0\0\0\0\0\0\0\0\0\
        \0\0\0\0\0\0\0\0\0\0\0\0\0\0\0\0\0\0\0\0\0\0\0\0\0\0\0\0\0\0\0\0\0\0\0\0\0\
        \0\0\0\0\0\0\0\0\0\0\0\0\0\0\0\0\0\0\0\0\0\0\0\0\0\0\0\0\0\0\0\0\0\0\0\0\0\
        \0\0\0\0\0\0\0\0\0\0\0\0\0\0\0\0\0\0\0\0\0\0\0\0\0\0\0\0\0\0\0\0\0\0\0\0\0\
        \0\0\0\0\0\0\0\0\0\0\0\0\0\0\0\0\0\0\0\0\0\0\0\0\0\0\0\0\0\0\0\0\0\0\0\0\0\
        \0\0\0\0\0\0\0\0\0\0\0\0\0\0\0\0\0\0\0\0\0\0\0\0\0\0\0\0\0\0\0\0\0\0\0\0\0\
        \0\0\0\0\0\0\0\0\0\0\0\0\0\0\0\0\0\0\0\0\0\0\0\0\0\0\0\0\0\0\0\0\0\0\0\0\0\
        \0\0\0\0\0\0\0\0\0\0\0\0\0\0\0\0\0\0\0\0\0\0\0\0\0\0\0\0\0\0\0\0\0\0\0\0\0\
        \0\0\0\0\0\0\0\0\0\0\0\0\0\0\0\0\0\0\0\0\0\0\0\0\0\0\0\0\0\0\0\0\0\0\0\0\0\
        \0\0\0\0\0\0\0\0\0\0\0\0\0\0\0\0\0\0\0\0\0\0\0\0\0\0\0\0\0\0\0\0\0\0\0\0\0\
        \0\0\0\0\0\0\0\0\0\0\0\0\0\0\0\0\0\0\0\0\0\0\0\0\0\0\0\0\0\0\0\0\0\0\0\0\0\
        \0\0\0\0\0\0\0\0\0\0\0\0\0\0\0\0\0\0\0\0\0\0\0\0\0\0\0\0\0\0\0\0\0\0\0\0\0\
        \0\0\0\0\0\0\0\0\0\0\0\0\0\0\0\0\0\0\0\0\0\0\0\0\0\0\0\0\0\0\0\0\0\0\0\0\0\
        \0\0\0\0\0\0\0\0\0\0\0\0\0\0\0\0\0\0\0\0\0\0\0\0\0\0\0\0\0\0\0\0\0\0\0\0\0\
        \0\0\0\0\0\0\0\0\0\0\0\0\0\0\0\0\0\0\0\0\0\0\0\0\0\0\0\0\0\0\0\0\0\0\0\0\0\
        \0\0\0\0\0\0\0\0\0\0\0\0\0\0\0\0\0\0\0\0\0\0\0\0\0\0\0\0\0\0\0\0\0\0\0\0\0\
        \0\0\0\0\0\0\0\0\0\0\0\0\0\0\0\0\0\0\0\0\0\0\0\0\0\0\0\0\0\0\0\0\0\0\0\0\0\
        \0\0\0\0\0\0\0\0\0\0\0\0\0\0\0\0\0\0\0\0\0\0\0\0\0\0\0\0\0\0\0\0\0\0\0\0\0\
        \0\0\0\0\0\0\0\0\0\0\0\0\0\0\0\0\0\0\0\0\0\0\0\0\0\0\0\0\0\0\0\0\0\0\0\0\0\
        \0\0\0\0\0\0\0\0\0\0\0\0\0\0\0\0\0\0\0\0\0\0\0\0\0\0\0\0\0\0\0\0\0\0\0\0\0\
        \0\0\0\0\0\0\0\0\0\0\0\0\0\0\0\0\0\0\0\0\0\0\0\0\0\0\0\0\0\0\0\0\0\0\0\0\0\
        \0\0\0\0\0\0\0\0\0\0\0\0\0\0\0\0\0\0\0\0\0\0\0\0\0\0\0\0\0\0\0\0\0\0\0\0\0\
        \0\0\0\0\0\0\0\0\0\0\0\0\0\0\0\0\0\0\0\0\0\0\0\0\0\0\0\0\0\0\0\0\0\0\0\0\0\
        \0\0\0\0\0\0\0\0\0\0\0\0\0\0\0\0\0\0\0\0\0\0\0\0\0\0\0\0\0\0\0\0\0\0\0\0\0\
        \0\0\0\0\0\0\0\0\0\0\0\0\0\0\0\0\0\0\0\0\0\0\0\0\0\0\0\0\0\0\0\0\0\0\0\0\0\
        \0\0\0\0\0\0\0\0\0\0\0\0\0\0\0\0\0\0\0\0\0\0\0\0\0\0\0\0\0\0\0\0\0\0\0\0\0\
        \0\0\0\0\0\0\0\0\0\0\0\0\0\0\0\0\0\0\0\0\0\0\0\0\0\0\0\0\0\0\0\0\0\0\0\0\0\
        \0\0\0\0\0\0\0\0\0\0\0\0\0\0\0\0\0\0\0\0\0\0\0\0\0\0\0\0\0\0\0"}
    headers:
      accept-ranges: [bytes]
      content-length: ['1024']
      content-range: [bytes 0-1023/1024]
      content-type: [application/test-content]
      date: ['Mon, 02 Jul 2018 19:09:18 GMT']
      etag: ['"0x8D5E04F4F03A715"']
      last-modified: ['Mon, 02 Jul 2018 19:09:17 GMT']
      server: [Windows-Azure-Blob/1.0 Microsoft-HTTPAPI/2.0]
      x-ms-blob-content-md5: [DzQ7CTESaiDxM9Z8KwGKOw==]
      x-ms-blob-type: [BlockBlob]
      x-ms-creation-time: ['Mon, 02 Jul 2018 19:09:15 GMT']
      x-ms-lease-state: [available]
      x-ms-lease-status: [unlocked]
      x-ms-server-encrypted: ['true']
      x-ms-version: ['2018-03-28']
    status: {code: 206, message: Partial Content}
- request:
    body: null
    headers:
      Connection: [keep-alive]
      User-Agent: [Azure-Storage/1.3.0-1.3.0 (Python CPython 3.6.5; Windows 10) AZURECLI/2.0.42]
      x-ms-date: ['Mon, 02 Jul 2018 19:09:18 GMT']
      x-ms-range: [bytes=10-499]
      x-ms-version: ['2018-03-28']
    method: GET
    uri: https://clitest000002.blob.core.windows.net/cont000004/blob000003
  response:
    body: {string: "\0\0\0\0\0\0\0\0\0\0\0\0\0\0\0\0\0\0\0\0\0\0\0\0\0\0\0\0\0\0\0\
        \0\0\0\0\0\0\0\0\0\0\0\0\0\0\0\0\0\0\0\0\0\0\0\0\0\0\0\0\0\0\0\0\0\0\0\0\0\
        \0\0\0\0\0\0\0\0\0\0\0\0\0\0\0\0\0\0\0\0\0\0\0\0\0\0\0\0\0\0\0\0\0\0\0\0\0\
        \0\0\0\0\0\0\0\0\0\0\0\0\0\0\0\0\0\0\0\0\0\0\0\0\0\0\0\0\0\0\0\0\0\0\0\0\0\
        \0\0\0\0\0\0\0\0\0\0\0\0\0\0\0\0\0\0\0\0\0\0\0\0\0\0\0\0\0\0\0\0\0\0\0\0\0\
        \0\0\0\0\0\0\0\0\0\0\0\0\0\0\0\0\0\0\0\0\0\0\0\0\0\0\0\0\0\0\0\0\0\0\0\0\0\
        \0\0\0\0\0\0\0\0\0\0\0\0\0\0\0\0\0\0\0\0\0\0\0\0\0\0\0\0\0\0\0\0\0\0\0\0\0\
        \0\0\0\0\0\0\0\0\0\0\0\0\0\0\0\0\0\0\0\0\0\0\0\0\0\0\0\0\0\0\0\0\0\0\0\0\0\
        \0\0\0\0\0\0\0\0\0\0\0\0\0\0\0\0\0\0\0\0\0\0\0\0\0\0\0\0\0\0\0\0\0\0\0\0\0\
        \0\0\0\0\0\0\0\0\0\0\0\0\0\0\0\0\0\0\0\0\0\0\0\0\0\0\0\0\0\0\0\0\0\0\0\0\0\
        \0\0\0\0\0\0\0\0\0\0\0\0\0\0\0\0\0\0\0\0\0\0\0\0\0\0\0\0\0\0\0\0\0\0\0\0\0\
        \0\0\0\0\0\0\0\0\0\0\0\0\0\0\0\0\0\0\0\0\0\0\0\0\0\0\0\0\0\0\0\0\0\0\0\0\0\
        \0\0\0\0\0\0\0\0\0\0\0\0\0\0\0\0\0\0\0\0\0\0\0\0\0\0\0\0\0\0\0\0\0\0\0\0\0\
        \0\0\0\0\0\0\0\0\0\0\0\0\0\0\0"}
    headers:
      accept-ranges: [bytes]
      content-length: ['490']
      content-range: [bytes 10-499/1024]
      content-type: [application/test-content]
      date: ['Mon, 02 Jul 2018 19:09:18 GMT']
      etag: ['"0x8D5E04F4F03A715"']
      last-modified: ['Mon, 02 Jul 2018 19:09:17 GMT']
      server: [Windows-Azure-Blob/1.0 Microsoft-HTTPAPI/2.0]
      x-ms-blob-content-md5: [DzQ7CTESaiDxM9Z8KwGKOw==]
      x-ms-blob-type: [BlockBlob]
      x-ms-creation-time: ['Mon, 02 Jul 2018 19:09:15 GMT']
      x-ms-lease-state: [available]
      x-ms-lease-status: [unlocked]
      x-ms-server-encrypted: ['true']
      x-ms-version: ['2018-03-28']
    status: {code: 206, message: Partial Content}
- request:
    body: null
    headers:
      Accept: [application/json]
      Accept-Encoding: ['gzip, deflate']
      CommandName: [group delete]
      Connection: [keep-alive]
      Content-Length: ['0']
      Content-Type: [application/json; charset=utf-8]
      User-Agent: [python/3.6.5 (Windows-10-10.0.17134-SP0) requests/2.19.1 msrest/0.5.1
          msrest_azure/0.4.33 resourcemanagementclient/2.0.0rc2 Azure-SDK-For-Python
          AZURECLI/2.0.42]
      accept-language: [en-US]
    method: DELETE
    uri: https://management.azure.com/subscriptions/00000000-0000-0000-0000-000000000000/resourcegroups/clitest.rg000001?api-version=2018-05-01
  response:
    body: {string: ''}
    headers:
      cache-control: [no-cache]
      content-length: ['0']
      date: ['Mon, 02 Jul 2018 19:09:18 GMT']
      expires: ['-1']
      location: ['https://management.azure.com/subscriptions/00000000-0000-0000-0000-000000000000/operationresults/eyJqb2JJZCI6IlJFU09VUkNFR1JPVVBERUxFVElPTkpPQi1DTElURVNUOjJFUkdKMjdGWVlXSzJRTkhSQU1SQzRJUU9QU0lKQUxIV0E2WUJNM3wxMEJDQ0VBNTA0ODM5MUFGLVdFU1RVUyIsImpvYkxvY2F0aW9uIjoid2VzdHVzIn0?api-version=2018-05-01']
      pragma: [no-cache]
      strict-transport-security: [max-age=31536000; includeSubDomains]
      x-content-type-options: [nosniff]
      x-ms-ratelimit-remaining-subscription-deletes: ['14997']
    status: {code: 202, message: Accepted}
version: 1
