interactions:
- request:
    body: null
    headers:
      Accept:
      - application/json
      Accept-Encoding:
      - gzip, deflate
      CommandName:
      - network public-ip create
      Connection:
      - keep-alive
      ParameterSetName:
      - -g -n --dns-name --allocation-method
      User-Agent:
      - AZURECLI/2.45.0 azsdk-python-azure-mgmt-resource/21.1.0b1 Python/3.8.1 (Windows-10-10.0.22000-SP0)
    method: GET
    uri: https://management.azure.com/subscriptions/00000000-0000-0000-0000-000000000000/resourcegroups/cli_test_public_ip000001?api-version=2016-02-01
  response:
    body:
      string: '{"id":"/subscriptions/00000000-0000-0000-0000-000000000000/resourceGroups/cli_test_public_ip000001","name":"cli_test_public_ip000001","location":"westus","tags":{"product":"azurecli","cause":"automation","date":"2023-03-01T08:58:14Z"},"properties":{"provisioningState":"Succeeded"}}'
    headers:
      cache-control:
      - no-cache
      content-length:
      - '282'
      content-type:
      - application/json; charset=utf-8
      date:
      - Wed, 01 Mar 2023 08:58:19 GMT
      expires:
      - '-1'
      pragma:
      - no-cache
      strict-transport-security:
      - max-age=31536000; includeSubDomains
      vary:
      - Accept-Encoding
      x-content-type-options:
      - nosniff
    status:
      code: 200
      message: OK
- request:
    body: '{"location": "westus", "properties": {"dnsSettings": {"domainNameLabel":
      "woot1"}, "idleTimeoutInMinutes": 4, "publicIPAllocationMethod": "Static"}}'
    headers:
      Accept:
      - application/json
      Accept-Encoding:
      - gzip, deflate
      CommandName:
      - network public-ip create
      Connection:
      - keep-alive
      Content-Length:
      - '148'
      Content-Type:
      - application/json
      ParameterSetName:
      - -g -n --dns-name --allocation-method
      User-Agent:
      - AZURECLI/2.45.0 (AAZ) azsdk-python-core/1.24.0 Python/3.8.1 (Windows-10-10.0.22000-SP0)
    method: PUT
    uri: https://management.azure.com/subscriptions/00000000-0000-0000-0000-000000000000/resourceGroups/cli_test_public_ip000001/providers/Microsoft.Network/publicIPAddresses/pubipdns?api-version=2015-06-15
  response:
    body:
      string: "{\r\n  \"name\": \"pubipdns\",\r\n  \"id\": \"/subscriptions/00000000-0000-0000-0000-000000000000/resourceGroups/cli_test_public_ip000001/providers/Microsoft.Network/publicIPAddresses/pubipdns\",\r\n
        \ \"etag\": \"W/\\\"3df633e1-c5b5-41dc-8424-8d3ca2fcce24\\\"\",\r\n  \"location\":
        \"westus\",\r\n  \"properties\": {\r\n    \"provisioningState\": \"Updating\",\r\n
        \   \"resourceGuid\": \"e8a3fbb2-8257-4eb1-8468-eeca41bd5ffd\",\r\n    \"publicIPAllocationMethod\":
        \"Static\",\r\n    \"idleTimeoutInMinutes\": 4,\r\n    \"dnsSettings\": {\r\n
        \     \"domainNameLabel\": \"woot1\",\r\n      \"fqdn\": \"woot1.westus.cloudapp.azure.com\"\r\n
        \   }\r\n  },\r\n  \"type\": \"Microsoft.Network/publicIPAddresses\"\r\n}"
    headers:
      azure-asyncnotification:
      - Enabled
      azure-asyncoperation:
      - https://management.azure.com/subscriptions/00000000-0000-0000-0000-000000000000/providers/Microsoft.Network/locations/westus/operations/a9ca6dc6-59cd-46ec-8add-feec105b8733?api-version=2015-06-15
      cache-control:
      - no-cache
      content-length:
      - '629'
      content-type:
      - application/json; charset=utf-8
      date:
      - Wed, 01 Mar 2023 08:58:24 GMT
      expires:
      - '-1'
      pragma:
      - no-cache
      server:
      - Microsoft-HTTPAPI/2.0
      - Microsoft-HTTPAPI/2.0
      strict-transport-security:
      - max-age=31536000; includeSubDomains
      x-content-type-options:
      - nosniff
      x-ms-arm-service-request-id:
      - e8271437-1a8a-413f-842d-f7c42a62e0cd
      x-ms-ratelimit-remaining-subscription-writes:
      - '1199'
    status:
      code: 201
      message: Created
- request:
    body: null
    headers:
      Accept:
      - '*/*'
      Accept-Encoding:
      - gzip, deflate
      CommandName:
      - network public-ip create
      Connection:
      - keep-alive
      ParameterSetName:
      - -g -n --dns-name --allocation-method
      User-Agent:
      - AZURECLI/2.45.0 (AAZ) azsdk-python-core/1.24.0 Python/3.8.1 (Windows-10-10.0.22000-SP0)
    method: GET
    uri: https://management.azure.com/subscriptions/00000000-0000-0000-0000-000000000000/providers/Microsoft.Network/locations/westus/operations/a9ca6dc6-59cd-46ec-8add-feec105b8733?api-version=2015-06-15
  response:
    body:
      string: "{\r\n  \"status\": \"InProgress\"\r\n}"
    headers:
      cache-control:
      - no-cache
      content-length:
      - '30'
      content-type:
      - application/json; charset=utf-8
      date:
      - Wed, 01 Mar 2023 08:58:25 GMT
      expires:
      - '-1'
      pragma:
      - no-cache
      server:
      - Microsoft-HTTPAPI/2.0
      - Microsoft-HTTPAPI/2.0
      strict-transport-security:
      - max-age=31536000; includeSubDomains
      transfer-encoding:
      - chunked
      vary:
      - Accept-Encoding
      x-content-type-options:
      - nosniff
      x-ms-arm-service-request-id:
      - 753fabaa-9326-48da-b040-8619d738c604
    status:
      code: 200
      message: OK
- request:
    body: null
    headers:
      Accept:
      - '*/*'
      Accept-Encoding:
      - gzip, deflate
      CommandName:
      - network public-ip create
      Connection:
      - keep-alive
      ParameterSetName:
      - -g -n --dns-name --allocation-method
      User-Agent:
      - AZURECLI/2.45.0 (AAZ) azsdk-python-core/1.24.0 Python/3.8.1 (Windows-10-10.0.22000-SP0)
    method: GET
    uri: https://management.azure.com/subscriptions/00000000-0000-0000-0000-000000000000/providers/Microsoft.Network/locations/westus/operations/a9ca6dc6-59cd-46ec-8add-feec105b8733?api-version=2015-06-15
  response:
    body:
      string: "{\r\n  \"status\": \"Succeeded\"\r\n}"
    headers:
      cache-control:
      - no-cache
      content-length:
      - '29'
      content-type:
      - application/json; charset=utf-8
      date:
      - Wed, 01 Mar 2023 08:58:28 GMT
      expires:
      - '-1'
      pragma:
      - no-cache
      server:
      - Microsoft-HTTPAPI/2.0
      - Microsoft-HTTPAPI/2.0
      strict-transport-security:
      - max-age=31536000; includeSubDomains
      transfer-encoding:
      - chunked
      vary:
      - Accept-Encoding
      x-content-type-options:
      - nosniff
      x-ms-arm-service-request-id:
      - 2add4537-6582-4e67-a5d0-73b3c8c2d09d
    status:
      code: 200
      message: OK
- request:
    body: null
    headers:
      Accept:
      - '*/*'
      Accept-Encoding:
      - gzip, deflate
      CommandName:
      - network public-ip create
      Connection:
      - keep-alive
      ParameterSetName:
      - -g -n --dns-name --allocation-method
      User-Agent:
      - AZURECLI/2.45.0 (AAZ) azsdk-python-core/1.24.0 Python/3.8.1 (Windows-10-10.0.22000-SP0)
    method: GET
    uri: https://management.azure.com/subscriptions/00000000-0000-0000-0000-000000000000/resourceGroups/cli_test_public_ip000001/providers/Microsoft.Network/publicIPAddresses/pubipdns?api-version=2015-06-15
  response:
    body:
      string: "{\r\n  \"name\": \"pubipdns\",\r\n  \"id\": \"/subscriptions/00000000-0000-0000-0000-000000000000/resourceGroups/cli_test_public_ip000001/providers/Microsoft.Network/publicIPAddresses/pubipdns\",\r\n
        \ \"etag\": \"W/\\\"1209e080-1f19-4fe6-be54-fc9413bac841\\\"\",\r\n  \"location\":
        \"westus\",\r\n  \"properties\": {\r\n    \"provisioningState\": \"Succeeded\",\r\n
        \   \"resourceGuid\": \"e8a3fbb2-8257-4eb1-8468-eeca41bd5ffd\",\r\n    \"ipAddress\":
        \"138.91.190.208\",\r\n    \"publicIPAllocationMethod\": \"Static\",\r\n    \"idleTimeoutInMinutes\":
        4,\r\n    \"dnsSettings\": {\r\n      \"domainNameLabel\": \"woot1\",\r\n
        \     \"fqdn\": \"woot1.westus.cloudapp.azure.com\"\r\n    }\r\n  },\r\n  \"type\":
        \"Microsoft.Network/publicIPAddresses\"\r\n}"
    headers:
      cache-control:
      - no-cache
      content-length:
      - '666'
      content-type:
      - application/json; charset=utf-8
      date:
      - Wed, 01 Mar 2023 08:58:28 GMT
      etag:
      - W/"1209e080-1f19-4fe6-be54-fc9413bac841"
      expires:
      - '-1'
      pragma:
      - no-cache
      server:
      - Microsoft-HTTPAPI/2.0
      - Microsoft-HTTPAPI/2.0
      strict-transport-security:
      - max-age=31536000; includeSubDomains
      transfer-encoding:
      - chunked
      vary:
      - Accept-Encoding
      x-content-type-options:
      - nosniff
      x-ms-arm-service-request-id:
      - 3ddd4133-677f-4f08-8afb-3e70ea955526
    status:
      code: 200
      message: OK
- request:
    body: null
    headers:
      Accept:
      - application/json
      Accept-Encoding:
      - gzip, deflate
      CommandName:
      - network public-ip create
      Connection:
      - keep-alive
      ParameterSetName:
      - -g -n
      User-Agent:
      - AZURECLI/2.45.0 azsdk-python-azure-mgmt-resource/21.1.0b1 Python/3.8.1 (Windows-10-10.0.22000-SP0)
    method: GET
    uri: https://management.azure.com/subscriptions/00000000-0000-0000-0000-000000000000/resourcegroups/cli_test_public_ip000001?api-version=2016-02-01
  response:
    body:
      string: '{"id":"/subscriptions/00000000-0000-0000-0000-000000000000/resourceGroups/cli_test_public_ip000001","name":"cli_test_public_ip000001","location":"westus","tags":{"product":"azurecli","cause":"automation","date":"2023-03-01T08:58:14Z"},"properties":{"provisioningState":"Succeeded"}}'
    headers:
      cache-control:
      - no-cache
      content-length:
      - '282'
      content-type:
      - application/json; charset=utf-8
      date:
      - Wed, 01 Mar 2023 08:58:29 GMT
      expires:
      - '-1'
      pragma:
      - no-cache
      strict-transport-security:
      - max-age=31536000; includeSubDomains
      vary:
      - Accept-Encoding
      x-content-type-options:
      - nosniff
    status:
      code: 200
      message: OK
- request:
    body: '{"location": "westus", "properties": {"idleTimeoutInMinutes": 4, "publicIPAllocationMethod":
      "Dynamic"}}'
    headers:
      Accept:
      - application/json
      Accept-Encoding:
      - gzip, deflate
      CommandName:
      - network public-ip create
      Connection:
      - keep-alive
      Content-Length:
      - '104'
      Content-Type:
      - application/json
      ParameterSetName:
      - -g -n
      User-Agent:
      - AZURECLI/2.45.0 (AAZ) azsdk-python-core/1.24.0 Python/3.8.1 (Windows-10-10.0.22000-SP0)
    method: PUT
    uri: https://management.azure.com/subscriptions/00000000-0000-0000-0000-000000000000/resourceGroups/cli_test_public_ip000001/providers/Microsoft.Network/publicIPAddresses/pubipnodns?api-version=2015-06-15
  response:
    body:
      string: "{\r\n  \"name\": \"pubipnodns\",\r\n  \"id\": \"/subscriptions/00000000-0000-0000-0000-000000000000/resourceGroups/cli_test_public_ip000001/providers/Microsoft.Network/publicIPAddresses/pubipnodns\",\r\n
        \ \"etag\": \"W/\\\"75a99efb-132a-4853-b11d-ef67b519a57a\\\"\",\r\n  \"location\":
        \"westus\",\r\n  \"properties\": {\r\n    \"provisioningState\": \"Updating\",\r\n
        \   \"resourceGuid\": \"0a158474-5d91-4528-979e-5075e59891ef\",\r\n    \"publicIPAllocationMethod\":
        \"Dynamic\",\r\n    \"idleTimeoutInMinutes\": 4\r\n  },\r\n  \"type\": \"Microsoft.Network/publicIPAddresses\"\r\n}"
    headers:
      azure-asyncnotification:
      - Enabled
      azure-asyncoperation:
      - https://management.azure.com/subscriptions/00000000-0000-0000-0000-000000000000/providers/Microsoft.Network/locations/westus/operations/92bfcc13-59da-4d78-8169-ab0869308cf6?api-version=2015-06-15
      cache-control:
      - no-cache
      content-length:
      - '520'
      content-type:
      - application/json; charset=utf-8
      date:
      - Wed, 01 Mar 2023 08:58:33 GMT
      expires:
      - '-1'
      pragma:
      - no-cache
      server:
      - Microsoft-HTTPAPI/2.0
      - Microsoft-HTTPAPI/2.0
      strict-transport-security:
      - max-age=31536000; includeSubDomains
      x-content-type-options:
      - nosniff
      x-ms-arm-service-request-id:
      - 289e3f98-4997-4c4f-a9f4-6db45da45238
      x-ms-ratelimit-remaining-subscription-writes:
      - '1199'
    status:
      code: 201
      message: Created
- request:
    body: null
    headers:
      Accept:
      - '*/*'
      Accept-Encoding:
      - gzip, deflate
      CommandName:
      - network public-ip create
      Connection:
      - keep-alive
      ParameterSetName:
      - -g -n
      User-Agent:
      - AZURECLI/2.45.0 (AAZ) azsdk-python-core/1.24.0 Python/3.8.1 (Windows-10-10.0.22000-SP0)
    method: GET
    uri: https://management.azure.com/subscriptions/00000000-0000-0000-0000-000000000000/providers/Microsoft.Network/locations/westus/operations/92bfcc13-59da-4d78-8169-ab0869308cf6?api-version=2015-06-15
  response:
    body:
      string: "{\r\n  \"status\": \"Succeeded\"\r\n}"
    headers:
      cache-control:
      - no-cache
      content-length:
      - '29'
      content-type:
      - application/json; charset=utf-8
      date:
      - Wed, 01 Mar 2023 08:58:35 GMT
      expires:
      - '-1'
      pragma:
      - no-cache
      server:
      - Microsoft-HTTPAPI/2.0
      - Microsoft-HTTPAPI/2.0
      strict-transport-security:
      - max-age=31536000; includeSubDomains
      transfer-encoding:
      - chunked
      vary:
      - Accept-Encoding
      x-content-type-options:
      - nosniff
      x-ms-arm-service-request-id:
      - f8bf2660-29a5-4418-b7f7-c05fd2419eeb
    status:
      code: 200
      message: OK
- request:
    body: null
    headers:
      Accept:
      - '*/*'
      Accept-Encoding:
      - gzip, deflate
      CommandName:
      - network public-ip create
      Connection:
      - keep-alive
      ParameterSetName:
      - -g -n
      User-Agent:
      - AZURECLI/2.45.0 (AAZ) azsdk-python-core/1.24.0 Python/3.8.1 (Windows-10-10.0.22000-SP0)
    method: GET
    uri: https://management.azure.com/subscriptions/00000000-0000-0000-0000-000000000000/resourceGroups/cli_test_public_ip000001/providers/Microsoft.Network/publicIPAddresses/pubipnodns?api-version=2015-06-15
  response:
    body:
      string: "{\r\n  \"name\": \"pubipnodns\",\r\n  \"id\": \"/subscriptions/00000000-0000-0000-0000-000000000000/resourceGroups/cli_test_public_ip000001/providers/Microsoft.Network/publicIPAddresses/pubipnodns\",\r\n
        \ \"etag\": \"W/\\\"41b5feb2-e810-4d08-b5f5-5fb1fca4a7c4\\\"\",\r\n  \"location\":
        \"westus\",\r\n  \"properties\": {\r\n    \"provisioningState\": \"Succeeded\",\r\n
        \   \"resourceGuid\": \"0a158474-5d91-4528-979e-5075e59891ef\",\r\n    \"publicIPAllocationMethod\":
        \"Dynamic\",\r\n    \"idleTimeoutInMinutes\": 4\r\n  },\r\n  \"type\": \"Microsoft.Network/publicIPAddresses\"\r\n}"
    headers:
      cache-control:
      - no-cache
      content-length:
      - '521'
      content-type:
      - application/json; charset=utf-8
      date:
      - Wed, 01 Mar 2023 08:58:35 GMT
      etag:
      - W/"41b5feb2-e810-4d08-b5f5-5fb1fca4a7c4"
      expires:
      - '-1'
      pragma:
      - no-cache
      server:
      - Microsoft-HTTPAPI/2.0
      - Microsoft-HTTPAPI/2.0
      strict-transport-security:
      - max-age=31536000; includeSubDomains
      transfer-encoding:
      - chunked
      vary:
      - Accept-Encoding
      x-content-type-options:
      - nosniff
      x-ms-arm-service-request-id:
      - e975ed69-56e1-476e-a5e4-2bd2d66641c6
    status:
      code: 200
      message: OK
- request:
    body: null
    headers:
      Accept:
      - application/json
      Accept-Encoding:
      - gzip, deflate
      CommandName:
      - network public-ip update
      Connection:
      - keep-alive
      ParameterSetName:
      - -g -n --allocation-method --dns-name --idle-timeout --tags
      User-Agent:
      - AZURECLI/2.45.0 azsdk-python-azure-mgmt-resource/21.1.0b1 Python/3.8.1 (Windows-10-10.0.22000-SP0)
    method: GET
    uri: https://management.azure.com/subscriptions/00000000-0000-0000-0000-000000000000/resourcegroups/cli_test_public_ip000001?api-version=2016-02-01
  response:
    body:
      string: '{"id":"/subscriptions/00000000-0000-0000-0000-000000000000/resourceGroups/cli_test_public_ip000001","name":"cli_test_public_ip000001","location":"westus","tags":{"product":"azurecli","cause":"automation","date":"2023-03-01T08:58:14Z"},"properties":{"provisioningState":"Succeeded"}}'
    headers:
      cache-control:
      - no-cache
      content-length:
      - '282'
      content-type:
      - application/json; charset=utf-8
      date:
      - Wed, 01 Mar 2023 08:58:36 GMT
      expires:
      - '-1'
      pragma:
      - no-cache
      strict-transport-security:
      - max-age=31536000; includeSubDomains
      vary:
      - Accept-Encoding
      x-content-type-options:
      - nosniff
    status:
      code: 200
      message: OK
- request:
    body: null
    headers:
      Accept:
      - application/json
      Accept-Encoding:
      - gzip, deflate
      CommandName:
      - network public-ip update
      Connection:
      - keep-alive
      ParameterSetName:
      - -g -n --allocation-method --dns-name --idle-timeout --tags
      User-Agent:
      - AZURECLI/2.45.0 (AAZ) azsdk-python-core/1.24.0 Python/3.8.1 (Windows-10-10.0.22000-SP0)
    method: GET
    uri: https://management.azure.com/subscriptions/00000000-0000-0000-0000-000000000000/resourceGroups/cli_test_public_ip000001/providers/Microsoft.Network/publicIPAddresses/pubipnodns?api-version=2015-06-15
  response:
    body:
      string: "{\r\n  \"name\": \"pubipnodns\",\r\n  \"id\": \"/subscriptions/00000000-0000-0000-0000-000000000000/resourceGroups/cli_test_public_ip000001/providers/Microsoft.Network/publicIPAddresses/pubipnodns\",\r\n
        \ \"etag\": \"W/\\\"41b5feb2-e810-4d08-b5f5-5fb1fca4a7c4\\\"\",\r\n  \"location\":
        \"westus\",\r\n  \"properties\": {\r\n    \"provisioningState\": \"Succeeded\",\r\n
        \   \"resourceGuid\": \"0a158474-5d91-4528-979e-5075e59891ef\",\r\n    \"publicIPAllocationMethod\":
        \"Dynamic\",\r\n    \"idleTimeoutInMinutes\": 4\r\n  },\r\n  \"type\": \"Microsoft.Network/publicIPAddresses\"\r\n}"
    headers:
      cache-control:
      - no-cache
      content-length:
      - '521'
      content-type:
      - application/json; charset=utf-8
      date:
      - Wed, 01 Mar 2023 08:58:37 GMT
      etag:
      - W/"41b5feb2-e810-4d08-b5f5-5fb1fca4a7c4"
      expires:
      - '-1'
      pragma:
      - no-cache
      server:
      - Microsoft-HTTPAPI/2.0
      - Microsoft-HTTPAPI/2.0
      strict-transport-security:
      - max-age=31536000; includeSubDomains
      transfer-encoding:
      - chunked
      vary:
      - Accept-Encoding
      x-content-type-options:
      - nosniff
      x-ms-arm-service-request-id:
      - 0ef8af33-86a5-4117-925f-6959d660d777
    status:
      code: 200
      message: OK
- request:
    body: '{"etag": "W/\"41b5feb2-e810-4d08-b5f5-5fb1fca4a7c4\"", "id": "/subscriptions/00000000-0000-0000-0000-000000000000/resourceGroups/cli_test_public_ip000001/providers/Microsoft.Network/publicIPAddresses/pubipnodns",
      "location": "westus", "properties": {"dnsSettings": {"domainNameLabel": "wowza2"},
      "idleTimeoutInMinutes": 10, "provisioningState": "Succeeded", "publicIPAllocationMethod":
      "Static", "resourceGuid": "0a158474-5d91-4528-979e-5075e59891ef"}, "tags": {"foo":
      "doo"}}'
    headers:
      Accept:
      - application/json
      Accept-Encoding:
      - gzip, deflate
      CommandName:
      - network public-ip update
      Connection:
      - keep-alive
      Content-Length:
      - '476'
      Content-Type:
      - application/json
      ParameterSetName:
      - -g -n --allocation-method --dns-name --idle-timeout --tags
      User-Agent:
      - AZURECLI/2.45.0 (AAZ) azsdk-python-core/1.24.0 Python/3.8.1 (Windows-10-10.0.22000-SP0)
    method: PUT
    uri: https://management.azure.com/subscriptions/00000000-0000-0000-0000-000000000000/resourceGroups/cli_test_public_ip000001/providers/Microsoft.Network/publicIPAddresses/pubipnodns?api-version=2015-06-15
  response:
    body:
      string: "{\r\n  \"name\": \"pubipnodns\",\r\n  \"id\": \"/subscriptions/00000000-0000-0000-0000-000000000000/resourceGroups/cli_test_public_ip000001/providers/Microsoft.Network/publicIPAddresses/pubipnodns\",\r\n
        \ \"etag\": \"W/\\\"30ec4886-a70d-48ae-b49a-e5f4bfb9e8a9\\\"\",\r\n  \"location\":
        \"westus\",\r\n  \"tags\": {\r\n    \"foo\": \"doo\"\r\n  },\r\n  \"properties\":
        {\r\n    \"provisioningState\": \"Updating\",\r\n    \"resourceGuid\": \"0a158474-5d91-4528-979e-5075e59891ef\",\r\n
        \   \"publicIPAllocationMethod\": \"Static\",\r\n    \"idleTimeoutInMinutes\":
        10,\r\n    \"dnsSettings\": {\r\n      \"domainNameLabel\": \"wowza2\",\r\n
        \     \"fqdn\": \"wowza2.westus.cloudapp.azure.com\"\r\n    }\r\n  },\r\n
        \ \"type\": \"Microsoft.Network/publicIPAddresses\"\r\n}"
    headers:
      azure-asyncnotification:
      - Enabled
      azure-asyncoperation:
      - https://management.azure.com/subscriptions/00000000-0000-0000-0000-000000000000/providers/Microsoft.Network/locations/westus/operations/e8d54697-eb34-4454-9b70-2acd485d7c14?api-version=2015-06-15
      cache-control:
      - no-cache
      content-length:
      - '673'
      content-type:
      - application/json; charset=utf-8
      date:
      - Wed, 01 Mar 2023 08:58:40 GMT
      expires:
      - '-1'
      pragma:
      - no-cache
      server:
      - Microsoft-HTTPAPI/2.0
      - Microsoft-HTTPAPI/2.0
      strict-transport-security:
      - max-age=31536000; includeSubDomains
      transfer-encoding:
      - chunked
      vary:
      - Accept-Encoding
      x-content-type-options:
      - nosniff
      x-ms-arm-service-request-id:
      - b8a97d38-29bd-4b56-8934-4d92932e6d0c
      x-ms-ratelimit-remaining-subscription-writes:
      - '1198'
    status:
      code: 200
      message: OK
- request:
    body: null
    headers:
      Accept:
      - '*/*'
      Accept-Encoding:
      - gzip, deflate
      CommandName:
      - network public-ip update
      Connection:
      - keep-alive
      ParameterSetName:
      - -g -n --allocation-method --dns-name --idle-timeout --tags
      User-Agent:
      - AZURECLI/2.45.0 (AAZ) azsdk-python-core/1.24.0 Python/3.8.1 (Windows-10-10.0.22000-SP0)
    method: GET
    uri: https://management.azure.com/subscriptions/00000000-0000-0000-0000-000000000000/providers/Microsoft.Network/locations/westus/operations/e8d54697-eb34-4454-9b70-2acd485d7c14?api-version=2015-06-15
  response:
    body:
      string: "{\r\n  \"status\": \"Succeeded\"\r\n}"
    headers:
      cache-control:
      - no-cache
      content-length:
      - '29'
      content-type:
      - application/json; charset=utf-8
      date:
      - Wed, 01 Mar 2023 08:58:41 GMT
      expires:
      - '-1'
      pragma:
      - no-cache
      server:
      - Microsoft-HTTPAPI/2.0
      - Microsoft-HTTPAPI/2.0
      strict-transport-security:
      - max-age=31536000; includeSubDomains
      transfer-encoding:
      - chunked
      vary:
      - Accept-Encoding
      x-content-type-options:
      - nosniff
      x-ms-arm-service-request-id:
      - 53008e0e-fe03-4f5a-ad25-13fe2fe3cbf8
    status:
      code: 200
      message: OK
- request:
    body: null
    headers:
      Accept:
      - '*/*'
      Accept-Encoding:
      - gzip, deflate
      CommandName:
      - network public-ip update
      Connection:
      - keep-alive
      ParameterSetName:
      - -g -n --allocation-method --dns-name --idle-timeout --tags
      User-Agent:
      - AZURECLI/2.45.0 (AAZ) azsdk-python-core/1.24.0 Python/3.8.1 (Windows-10-10.0.22000-SP0)
    method: GET
    uri: https://management.azure.com/subscriptions/00000000-0000-0000-0000-000000000000/resourceGroups/cli_test_public_ip000001/providers/Microsoft.Network/publicIPAddresses/pubipnodns?api-version=2015-06-15
  response:
    body:
      string: "{\r\n  \"name\": \"pubipnodns\",\r\n  \"id\": \"/subscriptions/00000000-0000-0000-0000-000000000000/resourceGroups/cli_test_public_ip000001/providers/Microsoft.Network/publicIPAddresses/pubipnodns\",\r\n
        \ \"etag\": \"W/\\\"d3610f79-8465-49b2-8038-b512b3a4a0ab\\\"\",\r\n  \"location\":
        \"westus\",\r\n  \"tags\": {\r\n    \"foo\": \"doo\"\r\n  },\r\n  \"properties\":
        {\r\n    \"provisioningState\": \"Succeeded\",\r\n    \"resourceGuid\": \"0a158474-5d91-4528-979e-5075e59891ef\",\r\n
        \   \"ipAddress\": \"104.45.214.235\",\r\n    \"publicIPAllocationMethod\":
        \"Static\",\r\n    \"idleTimeoutInMinutes\": 10,\r\n    \"dnsSettings\": {\r\n
        \     \"domainNameLabel\": \"wowza2\",\r\n      \"fqdn\": \"wowza2.westus.cloudapp.azure.com\"\r\n
        \   }\r\n  },\r\n  \"type\": \"Microsoft.Network/publicIPAddresses\"\r\n}"
    headers:
      cache-control:
      - no-cache
      content-length:
      - '710'
      content-type:
      - application/json; charset=utf-8
      date:
      - Wed, 01 Mar 2023 08:58:43 GMT
      etag:
      - W/"d3610f79-8465-49b2-8038-b512b3a4a0ab"
      expires:
      - '-1'
      pragma:
      - no-cache
      server:
      - Microsoft-HTTPAPI/2.0
      - Microsoft-HTTPAPI/2.0
      strict-transport-security:
      - max-age=31536000; includeSubDomains
      transfer-encoding:
      - chunked
      vary:
      - Accept-Encoding
      x-content-type-options:
      - nosniff
      x-ms-arm-service-request-id:
      - d22f00f2-aea6-48ba-a04b-2902fc20b296
    status:
      code: 200
      message: OK
- request:
    body: null
    headers:
      Accept:
      - application/json
      Accept-Encoding:
      - gzip, deflate
      CommandName:
      - network public-ip list
      Connection:
      - keep-alive
      ParameterSetName:
      - -g
      User-Agent:
      - AZURECLI/2.45.0 (AAZ) azsdk-python-core/1.24.0 Python/3.8.1 (Windows-10-10.0.22000-SP0)
    method: GET
    uri: https://management.azure.com/subscriptions/00000000-0000-0000-0000-000000000000/resourceGroups/cli_test_public_ip000001/providers/Microsoft.Network/publicIPAddresses?api-version=2015-06-15
  response:
    body:
      string: "{\r\n  \"value\": [\r\n    {\r\n      \"name\": \"pubipdns\",\r\n      \"id\":
        \"/subscriptions/00000000-0000-0000-0000-000000000000/resourceGroups/cli_test_public_ip000001/providers/Microsoft.Network/publicIPAddresses/pubipdns\",\r\n
        \     \"etag\": \"W/\\\"1209e080-1f19-4fe6-be54-fc9413bac841\\\"\",\r\n      \"location\":
        \"westus\",\r\n      \"properties\": {\r\n        \"provisioningState\": \"Succeeded\",\r\n
        \       \"resourceGuid\": \"e8a3fbb2-8257-4eb1-8468-eeca41bd5ffd\",\r\n        \"ipAddress\":
        \"138.91.190.208\",\r\n        \"publicIPAllocationMethod\": \"Static\",\r\n
        \       \"idleTimeoutInMinutes\": 4,\r\n        \"dnsSettings\": {\r\n          \"domainNameLabel\":
        \"woot1\",\r\n          \"fqdn\": \"woot1.westus.cloudapp.azure.com\"\r\n
        \       }\r\n      },\r\n      \"type\": \"Microsoft.Network/publicIPAddresses\"\r\n
        \   },\r\n    {\r\n      \"name\": \"pubipnodns\",\r\n      \"id\": \"/subscriptions/00000000-0000-0000-0000-000000000000/resourceGroups/cli_test_public_ip000001/providers/Microsoft.Network/publicIPAddresses/pubipnodns\",\r\n
        \     \"etag\": \"W/\\\"d3610f79-8465-49b2-8038-b512b3a4a0ab\\\"\",\r\n      \"location\":
        \"westus\",\r\n      \"tags\": {\r\n        \"foo\": \"doo\"\r\n      },\r\n
        \     \"properties\": {\r\n        \"provisioningState\": \"Succeeded\",\r\n
        \       \"resourceGuid\": \"0a158474-5d91-4528-979e-5075e59891ef\",\r\n        \"ipAddress\":
        \"104.45.214.235\",\r\n        \"publicIPAllocationMethod\": \"Static\",\r\n
        \       \"idleTimeoutInMinutes\": 10,\r\n        \"dnsSettings\": {\r\n          \"domainNameLabel\":
        \"wowza2\",\r\n          \"fqdn\": \"wowza2.westus.cloudapp.azure.com\"\r\n
        \       }\r\n      },\r\n      \"type\": \"Microsoft.Network/publicIPAddresses\"\r\n
        \   }\r\n  ]\r\n}"
    headers:
      cache-control:
      - no-cache
      content-length:
      - '1560'
      content-type:
      - application/json; charset=utf-8
      date:
      - Wed, 01 Mar 2023 08:58:43 GMT
      expires:
      - '-1'
      pragma:
      - no-cache
      server:
      - Microsoft-HTTPAPI/2.0
      - Microsoft-HTTPAPI/2.0
      strict-transport-security:
      - max-age=31536000; includeSubDomains
      transfer-encoding:
      - chunked
      vary:
      - Accept-Encoding
      x-content-type-options:
      - nosniff
      x-ms-arm-service-request-id:
      - d0f939c2-4eb0-4350-8afb-01acbfca9601
    status:
      code: 200
      message: OK
- request:
    body: null
    headers:
      Accept:
      - application/json
      Accept-Encoding:
      - gzip, deflate
      CommandName:
      - network public-ip show
      Connection:
      - keep-alive
      ParameterSetName:
      - -g -n
      User-Agent:
      - AZURECLI/2.45.0 (AAZ) azsdk-python-core/1.24.0 Python/3.8.1 (Windows-10-10.0.22000-SP0)
    method: GET
    uri: https://management.azure.com/subscriptions/00000000-0000-0000-0000-000000000000/resourceGroups/cli_test_public_ip000001/providers/Microsoft.Network/publicIPAddresses/pubipdns?api-version=2015-06-15
  response:
    body:
      string: "{\r\n  \"name\": \"pubipdns\",\r\n  \"id\": \"/subscriptions/00000000-0000-0000-0000-000000000000/resourceGroups/cli_test_public_ip000001/providers/Microsoft.Network/publicIPAddresses/pubipdns\",\r\n
        \ \"etag\": \"W/\\\"1209e080-1f19-4fe6-be54-fc9413bac841\\\"\",\r\n  \"location\":
        \"westus\",\r\n  \"properties\": {\r\n    \"provisioningState\": \"Succeeded\",\r\n
        \   \"resourceGuid\": \"e8a3fbb2-8257-4eb1-8468-eeca41bd5ffd\",\r\n    \"ipAddress\":
        \"138.91.190.208\",\r\n    \"publicIPAllocationMethod\": \"Static\",\r\n    \"idleTimeoutInMinutes\":
        4,\r\n    \"dnsSettings\": {\r\n      \"domainNameLabel\": \"woot1\",\r\n
        \     \"fqdn\": \"woot1.westus.cloudapp.azure.com\"\r\n    }\r\n  },\r\n  \"type\":
        \"Microsoft.Network/publicIPAddresses\"\r\n}"
    headers:
      cache-control:
      - no-cache
      content-length:
      - '666'
      content-type:
      - application/json; charset=utf-8
      date:
      - Wed, 01 Mar 2023 08:58:46 GMT
      etag:
      - W/"1209e080-1f19-4fe6-be54-fc9413bac841"
      expires:
      - '-1'
      pragma:
      - no-cache
      server:
      - Microsoft-HTTPAPI/2.0
      - Microsoft-HTTPAPI/2.0
      strict-transport-security:
      - max-age=31536000; includeSubDomains
      transfer-encoding:
      - chunked
      vary:
      - Accept-Encoding
      x-content-type-options:
      - nosniff
      x-ms-arm-service-request-id:
      - 76d5ad31-522e-4a00-a276-f86817c996c4
    status:
      code: 200
      message: OK
- request:
    body: null
    headers:
      Accept:
      - '*/*'
      Accept-Encoding:
      - gzip, deflate
      CommandName:
      - network public-ip delete
      Connection:
      - keep-alive
      Content-Length:
      - '0'
      ParameterSetName:
      - -g -n
      User-Agent:
      - AZURECLI/2.45.0 (AAZ) azsdk-python-core/1.24.0 Python/3.8.1 (Windows-10-10.0.22000-SP0)
    method: DELETE
    uri: https://management.azure.com/subscriptions/00000000-0000-0000-0000-000000000000/resourceGroups/cli_test_public_ip000001/providers/Microsoft.Network/publicIPAddresses/pubipdns?api-version=2015-06-15
  response:
    body:
      string: ''
    headers:
      azure-asyncnotification:
      - Enabled
      azure-asyncoperation:
      - https://management.azure.com/subscriptions/00000000-0000-0000-0000-000000000000/providers/Microsoft.Network/locations/westus/operations/3375bf0e-5e9c-44f7-ada0-3c397b2e1da0?api-version=2015-06-15
      cache-control:
      - no-cache
      content-length:
      - '0'
      date:
      - Wed, 01 Mar 2023 08:58:47 GMT
      expires:
      - '-1'
      location:
      - https://management.azure.com/subscriptions/00000000-0000-0000-0000-000000000000/providers/Microsoft.Network/locations/westus/operationResults/3375bf0e-5e9c-44f7-ada0-3c397b2e1da0?api-version=2015-06-15
      pragma:
      - no-cache
      server:
      - Microsoft-HTTPAPI/2.0
      - Microsoft-HTTPAPI/2.0
      strict-transport-security:
      - max-age=31536000; includeSubDomains
      x-content-type-options:
      - nosniff
      x-ms-arm-service-request-id:
      - 0489c1b9-4df4-4057-860f-d19b7db34943
      x-ms-ratelimit-remaining-subscription-deletes:
      - '14999'
    status:
      code: 202
      message: Accepted
- request:
    body: null
    headers:
      Accept:
      - '*/*'
      Accept-Encoding:
      - gzip, deflate
      CommandName:
      - network public-ip delete
      Connection:
      - keep-alive
      ParameterSetName:
      - -g -n
      User-Agent:
      - AZURECLI/2.45.0 (AAZ) azsdk-python-core/1.24.0 Python/3.8.1 (Windows-10-10.0.22000-SP0)
    method: GET
    uri: https://management.azure.com/subscriptions/00000000-0000-0000-0000-000000000000/providers/Microsoft.Network/locations/westus/operations/3375bf0e-5e9c-44f7-ada0-3c397b2e1da0?api-version=2015-06-15
  response:
    body:
      string: "{\r\n  \"status\": \"InProgress\"\r\n}"
    headers:
      cache-control:
      - no-cache
      content-length:
      - '30'
      content-type:
      - application/json; charset=utf-8
      date:
      - Wed, 01 Mar 2023 08:58:57 GMT
      expires:
      - '-1'
      pragma:
      - no-cache
      server:
      - Microsoft-HTTPAPI/2.0
      - Microsoft-HTTPAPI/2.0
      strict-transport-security:
      - max-age=31536000; includeSubDomains
      transfer-encoding:
      - chunked
      vary:
      - Accept-Encoding
      x-content-type-options:
      - nosniff
      x-ms-arm-service-request-id:
      - a6de5bcc-a364-4154-aacb-f6c2683d6031
    status:
      code: 200
      message: OK
- request:
    body: null
    headers:
      Accept:
      - '*/*'
      Accept-Encoding:
      - gzip, deflate
      CommandName:
      - network public-ip delete
      Connection:
      - keep-alive
      ParameterSetName:
      - -g -n
      User-Agent:
      - AZURECLI/2.45.0 (AAZ) azsdk-python-core/1.24.0 Python/3.8.1 (Windows-10-10.0.22000-SP0)
    method: GET
    uri: https://management.azure.com/subscriptions/00000000-0000-0000-0000-000000000000/providers/Microsoft.Network/locations/westus/operations/3375bf0e-5e9c-44f7-ada0-3c397b2e1da0?api-version=2015-06-15
  response:
    body:
      string: "{\r\n  \"status\": \"Succeeded\"\r\n}"
    headers:
      cache-control:
      - no-cache
      content-length:
      - '29'
      content-type:
      - application/json; charset=utf-8
      date:
      - Wed, 01 Mar 2023 08:59:07 GMT
      expires:
      - '-1'
      pragma:
      - no-cache
      server:
      - Microsoft-HTTPAPI/2.0
      - Microsoft-HTTPAPI/2.0
      strict-transport-security:
      - max-age=31536000; includeSubDomains
      transfer-encoding:
      - chunked
      vary:
      - Accept-Encoding
      x-content-type-options:
      - nosniff
      x-ms-arm-service-request-id:
      - 23c9bb9a-623f-4100-8996-fcd6c8e74968
    status:
      code: 200
      message: OK
- request:
    body: null
    headers:
      Accept:
      - application/json
      Accept-Encoding:
      - gzip, deflate
      CommandName:
      - network public-ip list
      Connection:
      - keep-alive
      ParameterSetName:
      - -g
      User-Agent:
      - AZURECLI/2.45.0 (AAZ) azsdk-python-core/1.24.0 Python/3.8.1 (Windows-10-10.0.22000-SP0)
    method: GET
    uri: https://management.azure.com/subscriptions/00000000-0000-0000-0000-000000000000/resourceGroups/cli_test_public_ip000001/providers/Microsoft.Network/publicIPAddresses?api-version=2015-06-15
  response:
    body:
      string: "{\r\n  \"value\": [\r\n    {\r\n      \"name\": \"pubipnodns\",\r\n
        \     \"id\": \"/subscriptions/00000000-0000-0000-0000-000000000000/resourceGroups/cli_test_public_ip000001/providers/Microsoft.Network/publicIPAddresses/pubipnodns\",\r\n
        \     \"etag\": \"W/\\\"d3610f79-8465-49b2-8038-b512b3a4a0ab\\\"\",\r\n      \"location\":
        \"westus\",\r\n      \"tags\": {\r\n        \"foo\": \"doo\"\r\n      },\r\n
        \     \"properties\": {\r\n        \"provisioningState\": \"Succeeded\",\r\n
        \       \"resourceGuid\": \"0a158474-5d91-4528-979e-5075e59891ef\",\r\n        \"ipAddress\":
        \"104.45.214.235\",\r\n        \"publicIPAllocationMethod\": \"Static\",\r\n
        \       \"idleTimeoutInMinutes\": 10,\r\n        \"dnsSettings\": {\r\n          \"domainNameLabel\":
        \"wowza2\",\r\n          \"fqdn\": \"wowza2.westus.cloudapp.azure.com\"\r\n
        \       }\r\n      },\r\n      \"type\": \"Microsoft.Network/publicIPAddresses\"\r\n
        \   }\r\n  ]\r\n}"
    headers:
      cache-control:
      - no-cache
      content-length:
      - '819'
      content-type:
      - application/json; charset=utf-8
      date:
      - Wed, 01 Mar 2023 08:59:10 GMT
      expires:
      - '-1'
      pragma:
      - no-cache
      server:
      - Microsoft-HTTPAPI/2.0
      - Microsoft-HTTPAPI/2.0
      strict-transport-security:
      - max-age=31536000; includeSubDomains
      transfer-encoding:
      - chunked
      vary:
      - Accept-Encoding
      x-content-type-options:
      - nosniff
      x-ms-arm-service-request-id:
      - 4c70fc03-e6ff-40dc-abbd-657d525d462a
    status:
      code: 200
      message: OK
version: 1
