interactions:
- request:
    body: null
    headers:
      Accept:
      - '*/*'
      Accept-Encoding:
      - gzip, deflate
      Connection:
      - keep-alive
      User-Agent:
      - python-requests/2.26.0
    method: GET
    uri: https://raw.githubusercontent.com/Azure/azure-rest-api-specs/master/arm-compute/quickstart-templates/aliases.json
  response:
    body:
      string: "{\n  \"$schema\": \"http://schema.management.azure.com/schemas/2015-01-01/deploymentTemplate.json\",\n
        \ \"contentVersion\": \"1.0.0.0\",\n  \"parameters\": {},\n  \"variables\":
        {},\n  \"resources\": [],\n  \"outputs\": {\n    \"aliases\": {\n      \"type\":
        \"object\",\n      \"value\": {\n        \"Linux\": {\n          \"CentOS\":
        {\n            \"publisher\": \"OpenLogic\",\n            \"offer\": \"CentOS\",\n
        \           \"sku\": \"7.5\",\n            \"version\": \"latest\"\n          },\n
        \         \"Debian\": {\n            \"publisher\": \"Debian\",\n            \"offer\":
        \"debian-10\",\n            \"sku\": \"10\",\n            \"version\": \"latest\"\n
        \         },\n          \"Flatcar\": {\n            \"publisher\": \"kinvolk\",\n
        \           \"offer\": \"flatcar-container-linux-free\",\n            \"sku\":
        \"stable\",\n            \"version\": \"latest\"\n          },\n          \"openSUSE-Leap\":
        {\n            \"publisher\": \"SUSE\",\n            \"offer\": \"openSUSE-Leap\",\n
        \           \"sku\": \"42.3\",\n            \"version\": \"latest\"\n          },\n
        \         \"RHEL\": {\n            \"publisher\": \"RedHat\",\n            \"offer\":
        \"RHEL\",\n            \"sku\": \"7-LVM\",\n            \"version\": \"latest\"\n
        \         },\n          \"SLES\": {\n            \"publisher\": \"SUSE\",\n
        \           \"offer\": \"SLES\",\n            \"sku\": \"15\",\n            \"version\":
        \"latest\"\n          },\n          \"UbuntuLTS\": {\n            \"publisher\":
        \"Canonical\",\n            \"offer\": \"UbuntuServer\",\n            \"sku\":
        \"18.04-LTS\",\n            \"version\": \"latest\"\n          }\n        },\n
        \       \"Windows\": {\n          \"Win2019Datacenter\": {\n            \"publisher\":
        \"MicrosoftWindowsServer\",\n            \"offer\": \"WindowsServer\",\n            \"sku\":
        \"2019-Datacenter\",\n            \"version\": \"latest\"\n          },\n
        \         \"Win2016Datacenter\": {\n            \"publisher\": \"MicrosoftWindowsServer\",\n
        \           \"offer\": \"WindowsServer\",\n            \"sku\": \"2016-Datacenter\",\n
        \           \"version\": \"latest\"\n          },\n          \"Win2012R2Datacenter\":
        {\n            \"publisher\": \"MicrosoftWindowsServer\",\n            \"offer\":
        \"WindowsServer\",\n            \"sku\": \"2012-R2-Datacenter\",\n            \"version\":
        \"latest\"\n          },\n          \"Win2012Datacenter\": {\n            \"publisher\":
        \"MicrosoftWindowsServer\",\n            \"offer\": \"WindowsServer\",\n            \"sku\":
        \"2012-Datacenter\",\n            \"version\": \"latest\"\n          },\n
        \         \"Win2008R2SP1\": {\n            \"publisher\": \"MicrosoftWindowsServer\",\n
        \           \"offer\": \"WindowsServer\",\n            \"sku\": \"2008-R2-SP1\",\n
        \           \"version\": \"latest\"\n          }\n        }\n      }\n    }\n
        \ }\n}\n"
    headers:
      accept-ranges:
      - bytes
      access-control-allow-origin:
      - '*'
      cache-control:
      - max-age=300
      connection:
      - keep-alive
      content-length:
      - '2525'
      content-security-policy:
      - default-src 'none'; style-src 'unsafe-inline'; sandbox
      content-type:
      - text/plain; charset=utf-8
      date:
      - Thu, 27 Jan 2022 04:23:50 GMT
      etag:
      - W/"54bceef15b892f2aa7f4c2145a49f1b5e33608722acdbb47933d7b6cbebbd7f4"
      expires:
      - Thu, 27 Jan 2022 04:28:50 GMT
      source-age:
      - '121'
      strict-transport-security:
      - max-age=31536000
      vary:
      - Authorization,Accept-Encoding,Origin
      via:
      - 1.1 varnish
      x-cache:
      - HIT
      x-cache-hits:
      - '1'
      x-content-type-options:
      - nosniff
      x-fastly-request-id:
      - 8df9c0845be80c8951ec20d4ff389dab35f21828
      x-frame-options:
      - deny
      x-github-request-id:
      - A1EC:138E:3E21E2:51FEA6:61F19231
      x-served-by:
      - cache-qpg1249-QPG
      x-timer:
      - S1643257430.205301,VS0,VE1
      x-xss-protection:
      - 1; mode=block
    status:
      code: 200
      message: OK
- request:
    body: null
    headers:
      Accept:
      - application/json
      Accept-Encoding:
      - gzip, deflate
      CommandName:
      - vm create
      Connection:
      - keep-alive
      ParameterSetName:
      - -g --location -n --admin-username --image --admin-password --authentication-type
        --nsg-rule
      User-Agent:
      - AZURECLI/2.32.0 azsdk-python-azure-mgmt-compute/23.1.0 Python/3.9.5 (Windows-10-10.0.19044-SP0)
    method: GET
    uri: https://management.azure.com/subscriptions/00000000-0000-0000-0000-000000000000/providers/Microsoft.Compute/locations/westus/publishers/OpenLogic/artifacttypes/vmimage/offers/CentOS/skus/7.5/versions?$top=1&$orderby=name%20desc&api-version=2021-07-01
  response:
    body:
      string: "[\r\n  {\r\n    \"location\": \"westus\",\r\n    \"name\": \"7.5.201808150\",\r\n
        \   \"id\": \"/Subscriptions/00000000-0000-0000-0000-000000000000/Providers/Microsoft.Compute/Locations/westus/Publishers/OpenLogic/ArtifactTypes/VMImage/Offers/CentOS/Skus/7.5/Versions/7.5.201808150\"\r\n
        \ }\r\n]"
    headers:
      cache-control:
      - no-cache
      content-length:
      - '270'
      content-type:
      - application/json; charset=utf-8
      date:
      - Thu, 27 Jan 2022 04:23:50 GMT
      expires:
      - '-1'
      pragma:
      - no-cache
      server:
      - Microsoft-HTTPAPI/2.0
      - Microsoft-HTTPAPI/2.0
      strict-transport-security:
      - max-age=31536000; includeSubDomains
      transfer-encoding:
      - chunked
      vary:
      - Accept-Encoding
      x-content-type-options:
      - nosniff
      x-ms-ratelimit-remaining-resource:
      - Microsoft.Compute/ListVMImagesVersionsFromLocation3Min;15999,Microsoft.Compute/ListVMImagesVersionsFromLocation30Min;43999
    status:
      code: 200
      message: OK
- request:
    body: null
    headers:
      Accept:
      - application/json
      Accept-Encoding:
      - gzip, deflate
      CommandName:
      - vm create
      Connection:
      - keep-alive
      ParameterSetName:
      - -g --location -n --admin-username --image --admin-password --authentication-type
        --nsg-rule
      User-Agent:
      - AZURECLI/2.32.0 azsdk-python-azure-mgmt-compute/23.1.0 Python/3.9.5 (Windows-10-10.0.19044-SP0)
    method: GET
    uri: https://management.azure.com/subscriptions/00000000-0000-0000-0000-000000000000/providers/Microsoft.Compute/locations/westus/publishers/OpenLogic/artifacttypes/vmimage/offers/CentOS/skus/7.5/versions/7.5.201808150?api-version=2021-07-01
  response:
    body:
      string: "{\r\n  \"properties\": {\r\n    \"hyperVGeneration\": \"V1\",\r\n    \"architecture\":
        \"x64\",\r\n    \"replicaType\": \"Unmanaged\",\r\n    \"disallowed\": {\r\n
        \     \"vmDiskType\": \"None\"\r\n    },\r\n    \"automaticOSUpgradeProperties\":
        {\r\n      \"automaticOSUpgradeSupported\": true\r\n    },\r\n    \"imageDeprecationStatus\":
        {\r\n      \"imageState\": \"Active\"\r\n    },\r\n    \"osDiskImage\": {\r\n
        \     \"operatingSystem\": \"Linux\",\r\n      \"sizeInGb\": 30,\r\n      \"sizeInBytes\":
        32212255232\r\n    },\r\n    \"dataDiskImages\": []\r\n  },\r\n  \"location\":
        \"westus\",\r\n  \"name\": \"7.5.201808150\",\r\n  \"id\": \"/Subscriptions/00000000-0000-0000-0000-000000000000/Providers/Microsoft.Compute/Locations/westus/Publishers/OpenLogic/ArtifactTypes/VMImage/Offers/CentOS/Skus/7.5/Versions/7.5.201808150\"\r\n}"
    headers:
      cache-control:
      - no-cache
      content-length:
      - '737'
      content-type:
      - application/json; charset=utf-8
      date:
      - Thu, 27 Jan 2022 04:23:51 GMT
      expires:
      - '-1'
      pragma:
      - no-cache
      server:
      - Microsoft-HTTPAPI/2.0
      - Microsoft-HTTPAPI/2.0
      strict-transport-security:
      - max-age=31536000; includeSubDomains
      transfer-encoding:
      - chunked
      vary:
      - Accept-Encoding
      x-content-type-options:
      - nosniff
      x-ms-ratelimit-remaining-resource:
      - Microsoft.Compute/GetVMImageFromLocation3Min;12999,Microsoft.Compute/GetVMImageFromLocation30Min;73999
    status:
      code: 200
      message: OK
- request:
    body: null
    headers:
      Accept:
      - application/json, text/json
      Accept-Encoding:
      - gzip, deflate
      CommandName:
      - vm create
      Connection:
      - keep-alive
      ParameterSetName:
      - -g --location -n --admin-username --image --admin-password --authentication-type
        --nsg-rule
      User-Agent:
      - AZURECLI/2.32.0 azsdk-python-azure-mgmt-network/19.3.0 Python/3.9.5 (Windows-10-10.0.19044-SP0)
    method: GET
    uri: https://management.azure.com/subscriptions/00000000-0000-0000-0000-000000000000/resourceGroups/cli-test-disk000001/providers/Microsoft.Network/virtualNetworks?api-version=2018-01-01
  response:
    body:
      string: '{"value":[]}'
    headers:
      cache-control:
      - no-cache
      content-length:
      - '12'
      content-type:
      - application/json; charset=utf-8
      date:
      - Thu, 27 Jan 2022 04:23:52 GMT
      expires:
      - '-1'
      pragma:
      - no-cache
      strict-transport-security:
      - max-age=31536000; includeSubDomains
      vary:
      - Accept-Encoding
      x-content-type-options:
      - nosniff
    status:
      code: 200
      message: OK
- request:
    body: '{"properties": {"template": {"$schema": "https://schema.management.azure.com/schemas/2015-01-01/deploymentTemplate.json#",
      "contentVersion": "1.0.0.0", "parameters": {"adminPassword": {"type": "securestring",
      "metadata": {"description": "Secure adminPassword"}}}, "variables": {}, "resources":
      [{"name": "vm-diskattach-testVNET", "type": "Microsoft.Network/virtualNetworks",
      "location": "westus", "apiVersion": "2015-06-15", "dependsOn": [], "tags": {},
      "properties": {"addressSpace": {"addressPrefixes": ["10.0.0.0/16"]}, "subnets":
      [{"name": "vm-diskattach-testSubnet", "properties": {"addressPrefix": "10.0.0.0/24"}}]}},
      {"type": "Microsoft.Network/networkSecurityGroups", "name": "vm-diskattach-testNSG",
      "apiVersion": "2015-06-15", "location": "westus", "tags": {}, "dependsOn": []},
      {"apiVersion": "2018-01-01", "type": "Microsoft.Network/publicIPAddresses",
      "name": "vm-diskattach-testPublicIP", "location": "westus", "tags": {}, "dependsOn":
      [], "properties": {"publicIPAllocationMethod": null}}, {"apiVersion": "2015-06-15",
      "type": "Microsoft.Network/networkInterfaces", "name": "vm-diskattach-testVMNic",
      "location": "westus", "tags": {}, "dependsOn": ["Microsoft.Network/virtualNetworks/vm-diskattach-testVNET",
      "Microsoft.Network/networkSecurityGroups/vm-diskattach-testNSG", "Microsoft.Network/publicIpAddresses/vm-diskattach-testPublicIP"],
      "properties": {"ipConfigurations": [{"name": "ipconfigvm-diskattach-test", "properties":
      {"privateIPAllocationMethod": "Dynamic", "subnet": {"id": "/subscriptions/00000000-0000-0000-0000-000000000000/resourceGroups/cli-test-disk000001/providers/Microsoft.Network/virtualNetworks/vm-diskattach-testVNET/subnets/vm-diskattach-testSubnet"},
      "publicIPAddress": {"id": "/subscriptions/00000000-0000-0000-0000-000000000000/resourceGroups/cli-test-disk000001/providers/Microsoft.Network/publicIPAddresses/vm-diskattach-testPublicIP"}}}],
      "networkSecurityGroup": {"id": "/subscriptions/00000000-0000-0000-0000-000000000000/resourceGroups/cli-test-disk000001/providers/Microsoft.Network/networkSecurityGroups/vm-diskattach-testNSG"}}},
      {"apiVersion": "2021-07-01", "type": "Microsoft.Compute/virtualMachines", "name":
      "vm-diskattach-test", "location": "westus", "tags": {}, "dependsOn": ["Microsoft.Network/networkInterfaces/vm-diskattach-testVMNic"],
      "properties": {"hardwareProfile": {"vmSize": "Standard_DS1_v2"}, "networkProfile":
      {"networkInterfaces": [{"id": "/subscriptions/00000000-0000-0000-0000-000000000000/resourceGroups/cli-test-disk000001/providers/Microsoft.Network/networkInterfaces/vm-diskattach-testVMNic",
      "properties": {"deleteOption": null}}]}, "storageProfile": {"osDisk": {"createOption":
      "fromImage", "name": null, "caching": "ReadWrite", "managedDisk": {"storageAccountType":
      null}}, "imageReference": {"publisher": "OpenLogic", "offer": "CentOS", "sku":
      "7.5", "version": "latest"}}, "osProfile": {"computerName": "vm-diskattach-test",
      "adminUsername": "admin123", "adminPassword": "[parameters(''adminPassword'')]"},
      "additionalCapabilities": {}}}], "outputs": {}}, "parameters": {"adminPassword":
      {"value": "testPassword0"}}, "mode": "incremental"}}'
    headers:
      Accept:
      - application/json
      Accept-Encoding:
      - gzip, deflate
      CommandName:
      - vm create
      Connection:
      - keep-alive
      Content-Length:
      - '3122'
      Content-Type:
      - application/json
      ParameterSetName:
      - -g --location -n --admin-username --image --admin-password --authentication-type
        --nsg-rule
      User-Agent:
      - AZURECLI/2.32.0 azsdk-python-azure-mgmt-resource/20.0.0 Python/3.9.5 (Windows-10-10.0.19044-SP0)
    method: PUT
    uri: https://management.azure.com/subscriptions/00000000-0000-0000-0000-000000000000/resourcegroups/cli-test-disk000001/providers/Microsoft.Resources/deployments/mock-deployment?api-version=2021-04-01
  response:
    body:
      string: '{"id":"/subscriptions/00000000-0000-0000-0000-000000000000/resourceGroups/cli-test-disk000001/providers/Microsoft.Resources/deployments/vm_deploy_z85N0udTEfuwgVzAkx8575ohBOQQy69K","name":"vm_deploy_z85N0udTEfuwgVzAkx8575ohBOQQy69K","type":"Microsoft.Resources/deployments","properties":{"templateHash":"4526471856334435045","parameters":{"adminPassword":{"type":"SecureString"}},"mode":"Incremental","provisioningState":"Accepted","timestamp":"2022-01-27T04:23:57.4507067Z","duration":"PT0.0002414S","correlationId":"393f5cf2-77cc-4b3c-add2-8b2c3577eb50","providers":[{"namespace":"Microsoft.Network","resourceTypes":[{"resourceType":"virtualNetworks","locations":["westus"]},{"resourceType":"networkSecurityGroups","locations":["westus"]},{"resourceType":"publicIPAddresses","locations":["westus"]},{"resourceType":"networkInterfaces","locations":["westus"]}]},{"namespace":"Microsoft.Compute","resourceTypes":[{"resourceType":"virtualMachines","locations":["westus"]}]}],"dependencies":[{"dependsOn":[{"id":"/subscriptions/00000000-0000-0000-0000-000000000000/resourceGroups/cli-test-disk000001/providers/Microsoft.Network/virtualNetworks/vm-diskattach-testVNET","resourceType":"Microsoft.Network/virtualNetworks","resourceName":"vm-diskattach-testVNET"},{"id":"/subscriptions/00000000-0000-0000-0000-000000000000/resourceGroups/cli-test-disk000001/providers/Microsoft.Network/networkSecurityGroups/vm-diskattach-testNSG","resourceType":"Microsoft.Network/networkSecurityGroups","resourceName":"vm-diskattach-testNSG"},{"id":"/subscriptions/00000000-0000-0000-0000-000000000000/resourceGroups/cli-test-disk000001/providers/Microsoft.Network/publicIPAddresses/vm-diskattach-testPublicIP","resourceType":"Microsoft.Network/publicIPAddresses","resourceName":"vm-diskattach-testPublicIP"}],"id":"/subscriptions/00000000-0000-0000-0000-000000000000/resourceGroups/cli-test-disk000001/providers/Microsoft.Network/networkInterfaces/vm-diskattach-testVMNic","resourceType":"Microsoft.Network/networkInterfaces","resourceName":"vm-diskattach-testVMNic"},{"dependsOn":[{"id":"/subscriptions/00000000-0000-0000-0000-000000000000/resourceGroups/cli-test-disk000001/providers/Microsoft.Network/networkInterfaces/vm-diskattach-testVMNic","resourceType":"Microsoft.Network/networkInterfaces","resourceName":"vm-diskattach-testVMNic"}],"id":"/subscriptions/00000000-0000-0000-0000-000000000000/resourceGroups/cli-test-disk000001/providers/Microsoft.Compute/virtualMachines/vm-diskattach-test","resourceType":"Microsoft.Compute/virtualMachines","resourceName":"vm-diskattach-test"}]}}'
    headers:
      azure-asyncoperation:
      - https://management.azure.com/subscriptions/00000000-0000-0000-0000-000000000000/resourcegroups/cli-test-disk000001/providers/Microsoft.Resources/deployments/vm_deploy_z85N0udTEfuwgVzAkx8575ohBOQQy69K/operationStatuses/08585583494504307443?api-version=2021-04-01
      cache-control:
      - no-cache
      content-length:
      - '2569'
      content-type:
      - application/json; charset=utf-8
      date:
      - Thu, 27 Jan 2022 04:23:57 GMT
      expires:
      - '-1'
      pragma:
      - no-cache
      strict-transport-security:
      - max-age=31536000; includeSubDomains
      x-content-type-options:
      - nosniff
      x-ms-ratelimit-remaining-subscription-writes:
      - '1198'
    status:
      code: 201
      message: Created
- request:
    body: null
    headers:
      Accept:
      - '*/*'
      Accept-Encoding:
      - gzip, deflate
      CommandName:
      - vm create
      Connection:
      - keep-alive
      ParameterSetName:
      - -g --location -n --admin-username --image --admin-password --authentication-type
        --nsg-rule
      User-Agent:
      - AZURECLI/2.32.0 azsdk-python-azure-mgmt-resource/20.0.0 Python/3.9.5 (Windows-10-10.0.19044-SP0)
    method: GET
    uri: https://management.azure.com/subscriptions/00000000-0000-0000-0000-000000000000/resourcegroups/cli-test-disk000001/providers/Microsoft.Resources/deployments/mock-deployment/operationStatuses/08585583494504307443?api-version=2021-04-01
  response:
    body:
      string: '{"status":"Running"}'
    headers:
      cache-control:
      - no-cache
      content-length:
      - '20'
      content-type:
      - application/json; charset=utf-8
      date:
      - Thu, 27 Jan 2022 04:24:28 GMT
      expires:
      - '-1'
      pragma:
      - no-cache
      strict-transport-security:
      - max-age=31536000; includeSubDomains
      vary:
      - Accept-Encoding
      x-content-type-options:
      - nosniff
    status:
      code: 200
      message: OK
- request:
    body: null
    headers:
      Accept:
      - '*/*'
      Accept-Encoding:
      - gzip, deflate
      CommandName:
      - vm create
      Connection:
      - keep-alive
      ParameterSetName:
      - -g --location -n --admin-username --image --admin-password --authentication-type
        --nsg-rule
      User-Agent:
      - AZURECLI/2.32.0 azsdk-python-azure-mgmt-resource/20.0.0 Python/3.9.5 (Windows-10-10.0.19044-SP0)
    method: GET
    uri: https://management.azure.com/subscriptions/00000000-0000-0000-0000-000000000000/resourcegroups/cli-test-disk000001/providers/Microsoft.Resources/deployments/mock-deployment/operationStatuses/08585583494504307443?api-version=2021-04-01
  response:
    body:
      string: '{"status":"Running"}'
    headers:
      cache-control:
      - no-cache
      content-length:
      - '20'
      content-type:
      - application/json; charset=utf-8
      date:
      - Thu, 27 Jan 2022 04:24:59 GMT
      expires:
      - '-1'
      pragma:
      - no-cache
      strict-transport-security:
      - max-age=31536000; includeSubDomains
      vary:
      - Accept-Encoding
      x-content-type-options:
      - nosniff
    status:
      code: 200
      message: OK
- request:
    body: null
    headers:
      Accept:
      - '*/*'
      Accept-Encoding:
      - gzip, deflate
      CommandName:
      - vm create
      Connection:
      - keep-alive
      ParameterSetName:
      - -g --location -n --admin-username --image --admin-password --authentication-type
        --nsg-rule
      User-Agent:
      - AZURECLI/2.32.0 azsdk-python-azure-mgmt-resource/20.0.0 Python/3.9.5 (Windows-10-10.0.19044-SP0)
    method: GET
    uri: https://management.azure.com/subscriptions/00000000-0000-0000-0000-000000000000/resourcegroups/cli-test-disk000001/providers/Microsoft.Resources/deployments/mock-deployment/operationStatuses/08585583494504307443?api-version=2021-04-01
  response:
    body:
      string: '{"status":"Running"}'
    headers:
      cache-control:
      - no-cache
      content-length:
      - '20'
      content-type:
      - application/json; charset=utf-8
      date:
      - Thu, 27 Jan 2022 04:25:29 GMT
      expires:
      - '-1'
      pragma:
      - no-cache
      strict-transport-security:
      - max-age=31536000; includeSubDomains
      vary:
      - Accept-Encoding
      x-content-type-options:
      - nosniff
    status:
      code: 200
      message: OK
- request:
    body: null
    headers:
      Accept:
      - '*/*'
      Accept-Encoding:
      - gzip, deflate
      CommandName:
      - vm create
      Connection:
      - keep-alive
      ParameterSetName:
      - -g --location -n --admin-username --image --admin-password --authentication-type
        --nsg-rule
      User-Agent:
      - AZURECLI/2.32.0 azsdk-python-azure-mgmt-resource/20.0.0 Python/3.9.5 (Windows-10-10.0.19044-SP0)
    method: GET
    uri: https://management.azure.com/subscriptions/00000000-0000-0000-0000-000000000000/resourcegroups/cli-test-disk000001/providers/Microsoft.Resources/deployments/mock-deployment/operationStatuses/08585583494504307443?api-version=2021-04-01
  response:
    body:
      string: '{"status":"Succeeded"}'
    headers:
      cache-control:
      - no-cache
      content-length:
      - '22'
      content-type:
      - application/json; charset=utf-8
      date:
      - Thu, 27 Jan 2022 04:25:59 GMT
      expires:
      - '-1'
      pragma:
      - no-cache
      strict-transport-security:
      - max-age=31536000; includeSubDomains
      vary:
      - Accept-Encoding
      x-content-type-options:
      - nosniff
    status:
      code: 200
      message: OK
- request:
    body: null
    headers:
      Accept:
      - '*/*'
      Accept-Encoding:
      - gzip, deflate
      CommandName:
      - vm create
      Connection:
      - keep-alive
      ParameterSetName:
      - -g --location -n --admin-username --image --admin-password --authentication-type
        --nsg-rule
      User-Agent:
      - AZURECLI/2.32.0 azsdk-python-azure-mgmt-resource/20.0.0 Python/3.9.5 (Windows-10-10.0.19044-SP0)
    method: GET
    uri: https://management.azure.com/subscriptions/00000000-0000-0000-0000-000000000000/resourcegroups/cli-test-disk000001/providers/Microsoft.Resources/deployments/mock-deployment?api-version=2021-04-01
  response:
    body:
      string: '{"id":"/subscriptions/00000000-0000-0000-0000-000000000000/resourceGroups/cli-test-disk000001/providers/Microsoft.Resources/deployments/vm_deploy_z85N0udTEfuwgVzAkx8575ohBOQQy69K","name":"vm_deploy_z85N0udTEfuwgVzAkx8575ohBOQQy69K","type":"Microsoft.Resources/deployments","properties":{"templateHash":"4526471856334435045","parameters":{"adminPassword":{"type":"SecureString"}},"mode":"Incremental","provisioningState":"Succeeded","timestamp":"2022-01-27T04:25:32.7456541Z","duration":"PT1M35.2951888S","correlationId":"393f5cf2-77cc-4b3c-add2-8b2c3577eb50","providers":[{"namespace":"Microsoft.Network","resourceTypes":[{"resourceType":"virtualNetworks","locations":["westus"]},{"resourceType":"networkSecurityGroups","locations":["westus"]},{"resourceType":"publicIPAddresses","locations":["westus"]},{"resourceType":"networkInterfaces","locations":["westus"]}]},{"namespace":"Microsoft.Compute","resourceTypes":[{"resourceType":"virtualMachines","locations":["westus"]}]}],"dependencies":[{"dependsOn":[{"id":"/subscriptions/00000000-0000-0000-0000-000000000000/resourceGroups/cli-test-disk000001/providers/Microsoft.Network/virtualNetworks/vm-diskattach-testVNET","resourceType":"Microsoft.Network/virtualNetworks","resourceName":"vm-diskattach-testVNET"},{"id":"/subscriptions/00000000-0000-0000-0000-000000000000/resourceGroups/cli-test-disk000001/providers/Microsoft.Network/networkSecurityGroups/vm-diskattach-testNSG","resourceType":"Microsoft.Network/networkSecurityGroups","resourceName":"vm-diskattach-testNSG"},{"id":"/subscriptions/00000000-0000-0000-0000-000000000000/resourceGroups/cli-test-disk000001/providers/Microsoft.Network/publicIPAddresses/vm-diskattach-testPublicIP","resourceType":"Microsoft.Network/publicIPAddresses","resourceName":"vm-diskattach-testPublicIP"}],"id":"/subscriptions/00000000-0000-0000-0000-000000000000/resourceGroups/cli-test-disk000001/providers/Microsoft.Network/networkInterfaces/vm-diskattach-testVMNic","resourceType":"Microsoft.Network/networkInterfaces","resourceName":"vm-diskattach-testVMNic"},{"dependsOn":[{"id":"/subscriptions/00000000-0000-0000-0000-000000000000/resourceGroups/cli-test-disk000001/providers/Microsoft.Network/networkInterfaces/vm-diskattach-testVMNic","resourceType":"Microsoft.Network/networkInterfaces","resourceName":"vm-diskattach-testVMNic"}],"id":"/subscriptions/00000000-0000-0000-0000-000000000000/resourceGroups/cli-test-disk000001/providers/Microsoft.Compute/virtualMachines/vm-diskattach-test","resourceType":"Microsoft.Compute/virtualMachines","resourceName":"vm-diskattach-test"}],"outputs":{},"outputResources":[{"id":"/subscriptions/00000000-0000-0000-0000-000000000000/resourceGroups/cli-test-disk000001/providers/Microsoft.Compute/virtualMachines/vm-diskattach-test"},{"id":"/subscriptions/00000000-0000-0000-0000-000000000000/resourceGroups/cli-test-disk000001/providers/Microsoft.Network/networkInterfaces/vm-diskattach-testVMNic"},{"id":"/subscriptions/00000000-0000-0000-0000-000000000000/resourceGroups/cli-test-disk000001/providers/Microsoft.Network/networkSecurityGroups/vm-diskattach-testNSG"},{"id":"/subscriptions/00000000-0000-0000-0000-000000000000/resourceGroups/cli-test-disk000001/providers/Microsoft.Network/publicIPAddresses/vm-diskattach-testPublicIP"},{"id":"/subscriptions/00000000-0000-0000-0000-000000000000/resourceGroups/cli-test-disk000001/providers/Microsoft.Network/virtualNetworks/vm-diskattach-testVNET"}]}}'
    headers:
      cache-control:
      - no-cache
      content-length:
      - '3431'
      content-type:
      - application/json; charset=utf-8
      date:
      - Thu, 27 Jan 2022 04:26:00 GMT
      expires:
      - '-1'
      pragma:
      - no-cache
      strict-transport-security:
      - max-age=31536000; includeSubDomains
      vary:
      - Accept-Encoding
      x-content-type-options:
      - nosniff
    status:
      code: 200
      message: OK
- request:
    body: null
    headers:
      Accept:
      - application/json
      Accept-Encoding:
      - gzip, deflate
      CommandName:
      - vm create
      Connection:
      - keep-alive
      ParameterSetName:
      - -g --location -n --admin-username --image --admin-password --authentication-type
        --nsg-rule
      User-Agent:
      - AZURECLI/2.32.0 azsdk-python-azure-mgmt-compute/23.1.0 Python/3.9.5 (Windows-10-10.0.19044-SP0)
    method: GET
    uri: https://management.azure.com/subscriptions/00000000-0000-0000-0000-000000000000/resourceGroups/cli-test-disk000001/providers/Microsoft.Compute/virtualMachines/vm-diskattach-test?$expand=instanceView&api-version=2021-07-01
  response:
    body:
      string: "{\r\n  \"name\": \"vm-diskattach-test\",\r\n  \"id\": \"/subscriptions/00000000-0000-0000-0000-000000000000/resourceGroups/cli-test-disk000001/providers/Microsoft.Compute/virtualMachines/vm-diskattach-test\",\r\n
        \ \"type\": \"Microsoft.Compute/virtualMachines\",\r\n  \"location\": \"westus\",\r\n
        \ \"tags\": {},\r\n  \"properties\": {\r\n    \"vmId\": \"18fd7398-c38b-40dd-b5c8-611d0b6357d0\",\r\n
        \   \"hardwareProfile\": {\r\n      \"vmSize\": \"Standard_DS1_v2\"\r\n    },\r\n
        \   \"storageProfile\": {\r\n      \"imageReference\": {\r\n        \"publisher\":
        \"OpenLogic\",\r\n        \"offer\": \"CentOS\",\r\n        \"sku\": \"7.5\",\r\n
        \       \"version\": \"latest\",\r\n        \"exactVersion\": \"7.5.201808150\"\r\n
        \     },\r\n      \"osDisk\": {\r\n        \"osType\": \"Linux\",\r\n        \"name\":
        \"vm-diskattach-test_OsDisk_1_13cf8a29638a4bb0875afda8cc170242\",\r\n        \"createOption\":
        \"FromImage\",\r\n        \"caching\": \"ReadWrite\",\r\n        \"managedDisk\":
        {\r\n          \"storageAccountType\": \"Premium_LRS\",\r\n          \"id\":
        \"/subscriptions/00000000-0000-0000-0000-000000000000/resourceGroups/cli-test-disk000001/providers/Microsoft.Compute/disks/vm-diskattach-test_OsDisk_1_13cf8a29638a4bb0875afda8cc170242\"\r\n
        \       },\r\n        \"deleteOption\": \"Detach\",\r\n        \"diskSizeGB\":
        30\r\n      },\r\n      \"dataDisks\": []\r\n    },\r\n    \"osProfile\":
        {\r\n      \"computerName\": \"vm-diskattach-test\",\r\n      \"adminUsername\":
        \"admin123\",\r\n      \"linuxConfiguration\": {\r\n        \"disablePasswordAuthentication\":
        false,\r\n        \"provisionVMAgent\": true,\r\n        \"patchSettings\":
        {\r\n          \"patchMode\": \"ImageDefault\",\r\n          \"assessmentMode\":
        \"ImageDefault\"\r\n        }\r\n      },\r\n      \"secrets\": [],\r\n      \"allowExtensionOperations\":
        true,\r\n      \"requireGuestProvisionSignal\": true\r\n    },\r\n    \"networkProfile\":
        {\"networkInterfaces\":[{\"id\":\"/subscriptions/00000000-0000-0000-0000-000000000000/resourceGroups/cli-test-disk000001/providers/Microsoft.Network/networkInterfaces/vm-diskattach-testVMNic\"}]},\r\n
        \   \"provisioningState\": \"Succeeded\",\r\n    \"instanceView\": {\r\n      \"computerName\":
        \"vm-diskattach-test\",\r\n      \"osName\": \"centos\",\r\n      \"osVersion\":
        \"7.5.1804\",\r\n      \"vmAgent\": {\r\n        \"vmAgentVersion\": \"2.6.0.2\",\r\n
        \       \"statuses\": [\r\n          {\r\n            \"code\": \"ProvisioningState/succeeded\",\r\n
        \           \"level\": \"Info\",\r\n            \"displayStatus\": \"Ready\",\r\n
        \           \"message\": \"Guest Agent is running\",\r\n            \"time\":
        \"2022-01-27T04:25:29+00:00\"\r\n          }\r\n        ],\r\n        \"extensionHandlers\":
        []\r\n      },\r\n      \"disks\": [\r\n        {\r\n          \"name\": \"vm-diskattach-test_OsDisk_1_13cf8a29638a4bb0875afda8cc170242\",\r\n
        \         \"statuses\": [\r\n            {\r\n              \"code\": \"ProvisioningState/succeeded\",\r\n
        \             \"level\": \"Info\",\r\n              \"displayStatus\": \"Provisioning
        succeeded\",\r\n              \"time\": \"2022-01-27T04:24:25.047911+00:00\"\r\n
        \           }\r\n          ]\r\n        }\r\n      ],\r\n      \"hyperVGeneration\":
        \"V1\",\r\n      \"statuses\": [\r\n        {\r\n          \"code\": \"ProvisioningState/succeeded\",\r\n
        \         \"level\": \"Info\",\r\n          \"displayStatus\": \"Provisioning
        succeeded\",\r\n          \"time\": \"2022-01-27T04:25:28.423234+00:00\"\r\n
        \       },\r\n        {\r\n          \"code\": \"PowerState/running\",\r\n
        \         \"level\": \"Info\",\r\n          \"displayStatus\": \"VM running\"\r\n
        \       }\r\n      ]\r\n    }\r\n  }\r\n}"
    headers:
      cache-control:
      - no-cache
      content-length:
      - '3279'
      content-type:
      - application/json; charset=utf-8
      date:
      - Thu, 27 Jan 2022 04:26:01 GMT
      expires:
      - '-1'
      pragma:
      - no-cache
      server:
      - Microsoft-HTTPAPI/2.0
      - Microsoft-HTTPAPI/2.0
      strict-transport-security:
      - max-age=31536000; includeSubDomains
      transfer-encoding:
      - chunked
      vary:
      - Accept-Encoding
      x-content-type-options:
      - nosniff
      x-ms-ratelimit-remaining-resource:
      - Microsoft.Compute/LowCostGet3Min;3983,Microsoft.Compute/LowCostGet30Min;31945
    status:
      code: 200
      message: OK
- request:
    body: null
    headers:
      Accept:
      - application/json, text/json
      Accept-Encoding:
      - gzip, deflate
      CommandName:
      - vm create
      Connection:
      - keep-alive
      ParameterSetName:
      - -g --location -n --admin-username --image --admin-password --authentication-type
        --nsg-rule
      User-Agent:
      - AZURECLI/2.32.0 azsdk-python-azure-mgmt-network/19.3.0 Python/3.9.5 (Windows-10-10.0.19044-SP0)
    method: GET
    uri: https://management.azure.com/subscriptions/00000000-0000-0000-0000-000000000000/resourceGroups/cli-test-disk000001/providers/Microsoft.Network/networkInterfaces/vm-diskattach-testVMNic?api-version=2018-01-01
  response:
    body:
      string: "{\r\n  \"name\": \"vm-diskattach-testVMNic\",\r\n  \"id\": \"/subscriptions/00000000-0000-0000-0000-000000000000/resourceGroups/cli-test-disk000001/providers/Microsoft.Network/networkInterfaces/vm-diskattach-testVMNic\",\r\n
        \ \"etag\": \"W/\\\"553e8b81-fd2e-4c03-8e8a-4d315e7b6eb4\\\"\",\r\n  \"location\":
        \"westus\",\r\n  \"tags\": {},\r\n  \"properties\": {\r\n    \"provisioningState\":
        \"Succeeded\",\r\n    \"resourceGuid\": \"8dca152c-6047-4f4c-a693-81c6948535bc\",\r\n
        \   \"ipConfigurations\": [\r\n      {\r\n        \"name\": \"ipconfigvm-diskattach-test\",\r\n
        \       \"id\": \"/subscriptions/00000000-0000-0000-0000-000000000000/resourceGroups/cli-test-disk000001/providers/Microsoft.Network/networkInterfaces/vm-diskattach-testVMNic/ipConfigurations/ipconfigvm-diskattach-test\",\r\n
        \       \"etag\": \"W/\\\"553e8b81-fd2e-4c03-8e8a-4d315e7b6eb4\\\"\",\r\n
        \       \"type\": \"Microsoft.Network/networkInterfaces/ipConfigurations\",\r\n
        \       \"properties\": {\r\n          \"provisioningState\": \"Succeeded\",\r\n
        \         \"privateIPAddress\": \"10.0.0.4\",\r\n          \"privateIPAllocationMethod\":
        \"Dynamic\",\r\n          \"publicIPAddress\": {\r\n            \"id\": \"/subscriptions/00000000-0000-0000-0000-000000000000/resourceGroups/cli-test-disk000001/providers/Microsoft.Network/publicIPAddresses/vm-diskattach-testPublicIP\"\r\n
        \         },\r\n          \"subnet\": {\r\n            \"id\": \"/subscriptions/00000000-0000-0000-0000-000000000000/resourceGroups/cli-test-disk000001/providers/Microsoft.Network/virtualNetworks/vm-diskattach-testVNET/subnets/vm-diskattach-testSubnet\"\r\n
        \         },\r\n          \"primary\": true,\r\n          \"privateIPAddressVersion\":
        \"IPv4\"\r\n        }\r\n      }\r\n    ],\r\n    \"dnsSettings\": {\r\n      \"dnsServers\":
        [],\r\n      \"appliedDnsServers\": [],\r\n      \"internalDomainNameSuffix\":
        \"ccbbxsex2qfezhg45jfwjoqhza.dx.internal.cloudapp.net\"\r\n    },\r\n    \"macAddress\":
        \"00-0D-3A-34-35-42\",\r\n    \"enableAcceleratedNetworking\": false,\r\n
        \   \"enableIPForwarding\": false,\r\n    \"networkSecurityGroup\": {\r\n
        \     \"id\": \"/subscriptions/00000000-0000-0000-0000-000000000000/resourceGroups/cli-test-disk000001/providers/Microsoft.Network/networkSecurityGroups/vm-diskattach-testNSG\"\r\n
        \   },\r\n    \"primary\": true,\r\n    \"virtualMachine\": {\r\n      \"id\":
        \"/subscriptions/00000000-0000-0000-0000-000000000000/resourceGroups/cli-test-disk000001/providers/Microsoft.Compute/virtualMachines/vm-diskattach-test\"\r\n
        \   }\r\n  },\r\n  \"type\": \"Microsoft.Network/networkInterfaces\"\r\n}"
    headers:
      cache-control:
      - no-cache
      content-length:
      - '2382'
      content-type:
      - application/json; charset=utf-8
      date:
      - Thu, 27 Jan 2022 04:26:02 GMT
      etag:
      - W/"553e8b81-fd2e-4c03-8e8a-4d315e7b6eb4"
      expires:
      - '-1'
      pragma:
      - no-cache
      server:
      - Microsoft-HTTPAPI/2.0
      - Microsoft-HTTPAPI/2.0
      strict-transport-security:
      - max-age=31536000; includeSubDomains
      transfer-encoding:
      - chunked
      vary:
      - Accept-Encoding
      x-content-type-options:
      - nosniff
      x-ms-arm-service-request-id:
      - 8bf67798-f9a2-413c-a074-29d277923da6
    status:
      code: 200
      message: OK
- request:
    body: null
    headers:
      Accept:
      - application/json, text/json
      Accept-Encoding:
      - gzip, deflate
      CommandName:
      - vm create
      Connection:
      - keep-alive
      ParameterSetName:
      - -g --location -n --admin-username --image --admin-password --authentication-type
        --nsg-rule
      User-Agent:
      - AZURECLI/2.32.0 azsdk-python-azure-mgmt-network/19.3.0 Python/3.9.5 (Windows-10-10.0.19044-SP0)
    method: GET
    uri: https://management.azure.com/subscriptions/00000000-0000-0000-0000-000000000000/resourceGroups/cli-test-disk000001/providers/Microsoft.Network/publicIPAddresses/vm-diskattach-testPublicIP?api-version=2018-01-01
  response:
    body:
      string: "{\r\n  \"name\": \"vm-diskattach-testPublicIP\",\r\n  \"id\": \"/subscriptions/00000000-0000-0000-0000-000000000000/resourceGroups/cli-test-disk000001/providers/Microsoft.Network/publicIPAddresses/vm-diskattach-testPublicIP\",\r\n
        \ \"etag\": \"W/\\\"0ebe5197-6455-4746-a0b6-9e2ef671774e\\\"\",\r\n  \"location\":
        \"westus\",\r\n  \"tags\": {},\r\n  \"properties\": {\r\n    \"provisioningState\":
        \"Succeeded\",\r\n    \"resourceGuid\": \"f369f4b9-5641-49fc-8cbd-09d205c2c8a6\",\r\n
        \   \"ipAddress\": \"13.64.214.211\",\r\n    \"publicIPAddressVersion\": \"IPv4\",\r\n
        \   \"publicIPAllocationMethod\": \"Dynamic\",\r\n    \"idleTimeoutInMinutes\":
        4,\r\n    \"ipTags\": [],\r\n    \"ipConfiguration\": {\r\n      \"id\": \"/subscriptions/00000000-0000-0000-0000-000000000000/resourceGroups/cli-test-disk000001/providers/Microsoft.Network/networkInterfaces/vm-diskattach-testVMNic/ipConfigurations/ipconfigvm-diskattach-test\"\r\n
        \   }\r\n  },\r\n  \"type\": \"Microsoft.Network/publicIPAddresses\",\r\n
        \ \"sku\": {\r\n    \"name\": \"Basic\"\r\n  }\r\n}"
    headers:
      cache-control:
      - no-cache
      content-length:
      - '945'
      content-type:
      - application/json; charset=utf-8
      date:
      - Thu, 27 Jan 2022 04:26:02 GMT
      etag:
      - W/"0ebe5197-6455-4746-a0b6-9e2ef671774e"
      expires:
      - '-1'
      pragma:
      - no-cache
      server:
      - Microsoft-HTTPAPI/2.0
      - Microsoft-HTTPAPI/2.0
      strict-transport-security:
      - max-age=31536000; includeSubDomains
      transfer-encoding:
      - chunked
      vary:
      - Accept-Encoding
      x-content-type-options:
      - nosniff
      x-ms-arm-service-request-id:
      - 3fd96604-461b-4bd4-b847-4358826e09db
    status:
      code: 200
      message: OK
- request:
    body: null
    headers:
      Accept:
      - application/json
      Accept-Encoding:
      - gzip, deflate
      CommandName:
      - vm disk attach
      Connection:
      - keep-alive
      ParameterSetName:
      - -g --vm-name --name --new --size-gb --caching
      User-Agent:
      - AZURECLI/2.32.0 azsdk-python-azure-mgmt-compute/23.1.0 Python/3.9.5 (Windows-10-10.0.19044-SP0)
    method: GET
    uri: https://management.azure.com/subscriptions/00000000-0000-0000-0000-000000000000/resourceGroups/cli-test-disk000001/providers/Microsoft.Compute/virtualMachines/vm-diskattach-test?api-version=2021-07-01
  response:
    body:
      string: "{\r\n  \"name\": \"vm-diskattach-test\",\r\n  \"id\": \"/subscriptions/00000000-0000-0000-0000-000000000000/resourceGroups/cli-test-disk000001/providers/Microsoft.Compute/virtualMachines/vm-diskattach-test\",\r\n
        \ \"type\": \"Microsoft.Compute/virtualMachines\",\r\n  \"location\": \"westus\",\r\n
        \ \"tags\": {},\r\n  \"properties\": {\r\n    \"vmId\": \"18fd7398-c38b-40dd-b5c8-611d0b6357d0\",\r\n
        \   \"hardwareProfile\": {\r\n      \"vmSize\": \"Standard_DS1_v2\"\r\n    },\r\n
        \   \"storageProfile\": {\r\n      \"imageReference\": {\r\n        \"publisher\":
        \"OpenLogic\",\r\n        \"offer\": \"CentOS\",\r\n        \"sku\": \"7.5\",\r\n
        \       \"version\": \"latest\",\r\n        \"exactVersion\": \"7.5.201808150\"\r\n
        \     },\r\n      \"osDisk\": {\r\n        \"osType\": \"Linux\",\r\n        \"name\":
        \"vm-diskattach-test_OsDisk_1_13cf8a29638a4bb0875afda8cc170242\",\r\n        \"createOption\":
        \"FromImage\",\r\n        \"caching\": \"ReadWrite\",\r\n        \"managedDisk\":
        {\r\n          \"storageAccountType\": \"Premium_LRS\",\r\n          \"id\":
        \"/subscriptions/00000000-0000-0000-0000-000000000000/resourceGroups/cli-test-disk000001/providers/Microsoft.Compute/disks/vm-diskattach-test_OsDisk_1_13cf8a29638a4bb0875afda8cc170242\"\r\n
        \       },\r\n        \"deleteOption\": \"Detach\",\r\n        \"diskSizeGB\":
        30\r\n      },\r\n      \"dataDisks\": []\r\n    },\r\n    \"osProfile\":
        {\r\n      \"computerName\": \"vm-diskattach-test\",\r\n      \"adminUsername\":
        \"admin123\",\r\n      \"linuxConfiguration\": {\r\n        \"disablePasswordAuthentication\":
        false,\r\n        \"provisionVMAgent\": true,\r\n        \"patchSettings\":
        {\r\n          \"patchMode\": \"ImageDefault\",\r\n          \"assessmentMode\":
        \"ImageDefault\"\r\n        }\r\n      },\r\n      \"secrets\": [],\r\n      \"allowExtensionOperations\":
        true,\r\n      \"requireGuestProvisionSignal\": true\r\n    },\r\n    \"networkProfile\":
        {\"networkInterfaces\":[{\"id\":\"/subscriptions/00000000-0000-0000-0000-000000000000/resourceGroups/cli-test-disk000001/providers/Microsoft.Network/networkInterfaces/vm-diskattach-testVMNic\"}]},\r\n
        \   \"provisioningState\": \"Succeeded\"\r\n  }\r\n}"
    headers:
      cache-control:
      - no-cache
      content-length:
      - '1955'
      content-type:
      - application/json; charset=utf-8
      date:
      - Thu, 27 Jan 2022 04:26:03 GMT
      expires:
      - '-1'
      pragma:
      - no-cache
      server:
      - Microsoft-HTTPAPI/2.0
      - Microsoft-HTTPAPI/2.0
      strict-transport-security:
      - max-age=31536000; includeSubDomains
      transfer-encoding:
      - chunked
      vary:
      - Accept-Encoding
      x-content-type-options:
      - nosniff
      x-ms-ratelimit-remaining-resource:
      - Microsoft.Compute/LowCostGet3Min;3982,Microsoft.Compute/LowCostGet30Min;31944
    status:
      code: 200
      message: OK
- request:
    body: '{"location": "westus", "tags": {}, "properties": {"hardwareProfile": {"vmSize":
      "Standard_DS1_v2"}, "storageProfile": {"osDisk": {"osType": "Linux", "name":
      "vm-diskattach-test_OsDisk_1_13cf8a29638a4bb0875afda8cc170242", "caching": "ReadWrite",
      "createOption": "FromImage", "diskSizeGB": 30, "managedDisk": {"id": "/subscriptions/00000000-0000-0000-0000-000000000000/resourceGroups/cli-test-disk000001/providers/Microsoft.Compute/disks/vm-diskattach-test_OsDisk_1_13cf8a29638a4bb0875afda8cc170242",
      "storageAccountType": "Premium_LRS"}, "deleteOption": "Detach"}, "dataDisks":
      [{"lun": 0, "name": "d1", "caching": "ReadOnly", "createOption": "Empty", "diskSizeGB":
      1, "managedDisk": {}}]}, "osProfile": {"computerName": "vm-diskattach-test",
      "adminUsername": "admin123", "linuxConfiguration": {"disablePasswordAuthentication":
      false, "provisionVMAgent": true, "patchSettings": {"patchMode": "ImageDefault",
      "assessmentMode": "ImageDefault"}}, "secrets": [], "allowExtensionOperations":
      true, "requireGuestProvisionSignal": true}, "networkProfile": {"networkInterfaces":
      [{"id": "/subscriptions/00000000-0000-0000-0000-000000000000/resourceGroups/cli-test-disk000001/providers/Microsoft.Network/networkInterfaces/vm-diskattach-testVMNic"}]}}}'
    headers:
      Accept:
      - application/json
      Accept-Encoding:
      - gzip, deflate
      CommandName:
      - vm disk attach
      Connection:
      - keep-alive
      Content-Length:
      - '1241'
      Content-Type:
      - application/json
      ParameterSetName:
      - -g --vm-name --name --new --size-gb --caching
      User-Agent:
      - AZURECLI/2.32.0 azsdk-python-azure-mgmt-compute/23.1.0 Python/3.9.5 (Windows-10-10.0.19044-SP0)
    method: PUT
    uri: https://management.azure.com/subscriptions/00000000-0000-0000-0000-000000000000/resourceGroups/cli-test-disk000001/providers/Microsoft.Compute/virtualMachines/vm-diskattach-test?api-version=2021-07-01
  response:
    body:
      string: "{\r\n  \"name\": \"vm-diskattach-test\",\r\n  \"id\": \"/subscriptions/00000000-0000-0000-0000-000000000000/resourceGroups/cli-test-disk000001/providers/Microsoft.Compute/virtualMachines/vm-diskattach-test\",\r\n
        \ \"type\": \"Microsoft.Compute/virtualMachines\",\r\n  \"location\": \"westus\",\r\n
        \ \"tags\": {},\r\n  \"properties\": {\r\n    \"vmId\": \"18fd7398-c38b-40dd-b5c8-611d0b6357d0\",\r\n
        \   \"hardwareProfile\": {\r\n      \"vmSize\": \"Standard_DS1_v2\"\r\n    },\r\n
        \   \"storageProfile\": {\r\n      \"imageReference\": {\r\n        \"publisher\":
        \"OpenLogic\",\r\n        \"offer\": \"CentOS\",\r\n        \"sku\": \"7.5\",\r\n
        \       \"version\": \"latest\",\r\n        \"exactVersion\": \"7.5.201808150\"\r\n
        \     },\r\n      \"osDisk\": {\r\n        \"osType\": \"Linux\",\r\n        \"name\":
        \"vm-diskattach-test_OsDisk_1_13cf8a29638a4bb0875afda8cc170242\",\r\n        \"createOption\":
        \"FromImage\",\r\n        \"caching\": \"ReadWrite\",\r\n        \"managedDisk\":
        {\r\n          \"storageAccountType\": \"Premium_LRS\",\r\n          \"id\":
        \"/subscriptions/00000000-0000-0000-0000-000000000000/resourceGroups/cli-test-disk000001/providers/Microsoft.Compute/disks/vm-diskattach-test_OsDisk_1_13cf8a29638a4bb0875afda8cc170242\"\r\n
        \       },\r\n        \"deleteOption\": \"Detach\",\r\n        \"diskSizeGB\":
        30\r\n      },\r\n      \"dataDisks\": [\r\n        {\r\n          \"lun\":
        0,\r\n          \"name\": \"d1\",\r\n          \"createOption\": \"Empty\",\r\n
        \         \"caching\": \"ReadOnly\",\r\n          \"managedDisk\": {\r\n            \"storageAccountType\":
        \"Premium_LRS\"\r\n          },\r\n          \"deleteOption\": \"Detach\",\r\n
        \         \"diskSizeGB\": 1,\r\n          \"toBeDetached\": false\r\n        }\r\n
        \     ]\r\n    },\r\n    \"osProfile\": {\r\n      \"computerName\": \"vm-diskattach-test\",\r\n
        \     \"adminUsername\": \"admin123\",\r\n      \"linuxConfiguration\": {\r\n
        \       \"disablePasswordAuthentication\": false,\r\n        \"provisionVMAgent\":
        true,\r\n        \"patchSettings\": {\r\n          \"patchMode\": \"ImageDefault\",\r\n
        \         \"assessmentMode\": \"ImageDefault\"\r\n        }\r\n      },\r\n
        \     \"secrets\": [],\r\n      \"allowExtensionOperations\": true,\r\n      \"requireGuestProvisionSignal\":
        true\r\n    },\r\n    \"networkProfile\": {\"networkInterfaces\":[{\"id\":\"/subscriptions/00000000-0000-0000-0000-000000000000/resourceGroups/cli-test-disk000001/providers/Microsoft.Network/networkInterfaces/vm-diskattach-testVMNic\"}]},\r\n
        \   \"provisioningState\": \"Updating\"\r\n  }\r\n}"
    headers:
      azure-asyncnotification:
      - Enabled
      azure-asyncoperation:
      - https://management.azure.com/subscriptions/00000000-0000-0000-0000-000000000000/providers/Microsoft.Compute/locations/westus/operations/1abd9cc6-54cd-486c-800a-862f12bd38db?p=571046f6-b640-41c1-86f7-f9f044b5adf9&api-version=2021-07-01
      cache-control:
      - no-cache
      content-length:
      - '2289'
      content-type:
      - application/json; charset=utf-8
      date:
      - Thu, 27 Jan 2022 04:26:08 GMT
      expires:
      - '-1'
      pragma:
      - no-cache
      server:
      - Microsoft-HTTPAPI/2.0
      - Microsoft-HTTPAPI/2.0
      strict-transport-security:
      - max-age=31536000; includeSubDomains
      transfer-encoding:
      - chunked
      vary:
      - Accept-Encoding
      x-content-type-options:
      - nosniff
      x-ms-ratelimit-remaining-resource:
      - Microsoft.Compute/PutVM3Min;235,Microsoft.Compute/PutVM30Min;1190
      x-ms-ratelimit-remaining-subscription-writes:
      - '1199'
    status:
      code: 200
      message: OK
- request:
    body: null
    headers:
      Accept:
      - '*/*'
      Accept-Encoding:
      - gzip, deflate
      CommandName:
      - vm disk attach
      Connection:
      - keep-alive
      ParameterSetName:
      - -g --vm-name --name --new --size-gb --caching
      User-Agent:
      - AZURECLI/2.32.0 azsdk-python-azure-mgmt-compute/23.1.0 Python/3.9.5 (Windows-10-10.0.19044-SP0)
    method: GET
    uri: https://management.azure.com/subscriptions/00000000-0000-0000-0000-000000000000/providers/Microsoft.Compute/locations/westus/operations/1abd9cc6-54cd-486c-800a-862f12bd38db?p=571046f6-b640-41c1-86f7-f9f044b5adf9&api-version=2021-07-01
  response:
    body:
      string: "{\r\n  \"startTime\": \"2022-01-27T04:26:06.7671532+00:00\",\r\n  \"endTime\":
        \"2022-01-27T04:26:19.2516026+00:00\",\r\n  \"status\": \"Succeeded\",\r\n
        \ \"name\": \"1abd9cc6-54cd-486c-800a-862f12bd38db\"\r\n}"
    headers:
      cache-control:
      - no-cache
      content-length:
      - '184'
      content-type:
      - application/json; charset=utf-8
      date:
      - Thu, 27 Jan 2022 04:26:39 GMT
      expires:
      - '-1'
      pragma:
      - no-cache
      server:
      - Microsoft-HTTPAPI/2.0
      - Microsoft-HTTPAPI/2.0
      strict-transport-security:
      - max-age=31536000; includeSubDomains
      transfer-encoding:
      - chunked
      vary:
      - Accept-Encoding
      x-content-type-options:
      - nosniff
      x-ms-ratelimit-remaining-resource:
      - Microsoft.Compute/GetOperation3Min;14982,Microsoft.Compute/GetOperation30Min;29947
    status:
      code: 200
      message: OK
- request:
    body: null
    headers:
      Accept:
      - '*/*'
      Accept-Encoding:
      - gzip, deflate
      CommandName:
      - vm disk attach
      Connection:
      - keep-alive
      ParameterSetName:
      - -g --vm-name --name --new --size-gb --caching
      User-Agent:
      - AZURECLI/2.32.0 azsdk-python-azure-mgmt-compute/23.1.0 Python/3.9.5 (Windows-10-10.0.19044-SP0)
    method: GET
    uri: https://management.azure.com/subscriptions/00000000-0000-0000-0000-000000000000/resourceGroups/cli-test-disk000001/providers/Microsoft.Compute/virtualMachines/vm-diskattach-test?api-version=2021-07-01
  response:
    body:
      string: "{\r\n  \"name\": \"vm-diskattach-test\",\r\n  \"id\": \"/subscriptions/00000000-0000-0000-0000-000000000000/resourceGroups/cli-test-disk000001/providers/Microsoft.Compute/virtualMachines/vm-diskattach-test\",\r\n
        \ \"type\": \"Microsoft.Compute/virtualMachines\",\r\n  \"location\": \"westus\",\r\n
        \ \"tags\": {},\r\n  \"properties\": {\r\n    \"vmId\": \"18fd7398-c38b-40dd-b5c8-611d0b6357d0\",\r\n
        \   \"hardwareProfile\": {\r\n      \"vmSize\": \"Standard_DS1_v2\"\r\n    },\r\n
        \   \"storageProfile\": {\r\n      \"imageReference\": {\r\n        \"publisher\":
        \"OpenLogic\",\r\n        \"offer\": \"CentOS\",\r\n        \"sku\": \"7.5\",\r\n
        \       \"version\": \"latest\",\r\n        \"exactVersion\": \"7.5.201808150\"\r\n
        \     },\r\n      \"osDisk\": {\r\n        \"osType\": \"Linux\",\r\n        \"name\":
        \"vm-diskattach-test_OsDisk_1_13cf8a29638a4bb0875afda8cc170242\",\r\n        \"createOption\":
        \"FromImage\",\r\n        \"caching\": \"ReadWrite\",\r\n        \"managedDisk\":
        {\r\n          \"storageAccountType\": \"Premium_LRS\",\r\n          \"id\":
        \"/subscriptions/00000000-0000-0000-0000-000000000000/resourceGroups/cli-test-disk000001/providers/Microsoft.Compute/disks/vm-diskattach-test_OsDisk_1_13cf8a29638a4bb0875afda8cc170242\"\r\n
        \       },\r\n        \"deleteOption\": \"Detach\",\r\n        \"diskSizeGB\":
        30\r\n      },\r\n      \"dataDisks\": [\r\n        {\r\n          \"lun\":
        0,\r\n          \"name\": \"d1\",\r\n          \"createOption\": \"Empty\",\r\n
        \         \"caching\": \"ReadOnly\",\r\n          \"managedDisk\": {\r\n            \"storageAccountType\":
        \"Premium_LRS\",\r\n            \"id\": \"/subscriptions/00000000-0000-0000-0000-000000000000/resourceGroups/cli-test-disk000001/providers/Microsoft.Compute/disks/d1\"\r\n
        \         },\r\n          \"deleteOption\": \"Detach\",\r\n          \"diskSizeGB\":
        1,\r\n          \"toBeDetached\": false\r\n        }\r\n      ]\r\n    },\r\n
        \   \"osProfile\": {\r\n      \"computerName\": \"vm-diskattach-test\",\r\n
        \     \"adminUsername\": \"admin123\",\r\n      \"linuxConfiguration\": {\r\n
        \       \"disablePasswordAuthentication\": false,\r\n        \"provisionVMAgent\":
        true,\r\n        \"patchSettings\": {\r\n          \"patchMode\": \"ImageDefault\",\r\n
        \         \"assessmentMode\": \"ImageDefault\"\r\n        }\r\n      },\r\n
        \     \"secrets\": [],\r\n      \"allowExtensionOperations\": true,\r\n      \"requireGuestProvisionSignal\":
        true\r\n    },\r\n    \"networkProfile\": {\"networkInterfaces\":[{\"id\":\"/subscriptions/00000000-0000-0000-0000-000000000000/resourceGroups/cli-test-disk000001/providers/Microsoft.Network/networkInterfaces/vm-diskattach-testVMNic\"}]},\r\n
        \   \"provisioningState\": \"Succeeded\"\r\n  }\r\n}"
    headers:
      cache-control:
      - no-cache
      content-length:
      - '2436'
      content-type:
      - application/json; charset=utf-8
      date:
      - Thu, 27 Jan 2022 04:26:39 GMT
      expires:
      - '-1'
      pragma:
      - no-cache
      server:
      - Microsoft-HTTPAPI/2.0
      - Microsoft-HTTPAPI/2.0
      strict-transport-security:
      - max-age=31536000; includeSubDomains
      transfer-encoding:
      - chunked
      vary:
      - Accept-Encoding
      x-content-type-options:
      - nosniff
      x-ms-ratelimit-remaining-resource:
      - Microsoft.Compute/LowCostGet3Min;3977,Microsoft.Compute/LowCostGet30Min;31935
    status:
      code: 200
      message: OK
- request:
    body: null
    headers:
      Accept:
      - application/json
      Accept-Encoding:
      - gzip, deflate
      CommandName:
      - vm disk attach
      Connection:
      - keep-alive
      ParameterSetName:
      - -g --vm-name --name --new --size-gb --lun --sku
      User-Agent:
      - AZURECLI/2.32.0 azsdk-python-azure-mgmt-compute/23.1.0 Python/3.9.5 (Windows-10-10.0.19044-SP0)
    method: GET
    uri: https://management.azure.com/subscriptions/00000000-0000-0000-0000-000000000000/resourceGroups/cli-test-disk000001/providers/Microsoft.Compute/virtualMachines/vm-diskattach-test?api-version=2021-07-01
  response:
    body:
      string: "{\r\n  \"name\": \"vm-diskattach-test\",\r\n  \"id\": \"/subscriptions/00000000-0000-0000-0000-000000000000/resourceGroups/cli-test-disk000001/providers/Microsoft.Compute/virtualMachines/vm-diskattach-test\",\r\n
        \ \"type\": \"Microsoft.Compute/virtualMachines\",\r\n  \"location\": \"westus\",\r\n
        \ \"tags\": {},\r\n  \"properties\": {\r\n    \"vmId\": \"18fd7398-c38b-40dd-b5c8-611d0b6357d0\",\r\n
        \   \"hardwareProfile\": {\r\n      \"vmSize\": \"Standard_DS1_v2\"\r\n    },\r\n
        \   \"storageProfile\": {\r\n      \"imageReference\": {\r\n        \"publisher\":
        \"OpenLogic\",\r\n        \"offer\": \"CentOS\",\r\n        \"sku\": \"7.5\",\r\n
        \       \"version\": \"latest\",\r\n        \"exactVersion\": \"7.5.201808150\"\r\n
        \     },\r\n      \"osDisk\": {\r\n        \"osType\": \"Linux\",\r\n        \"name\":
        \"vm-diskattach-test_OsDisk_1_13cf8a29638a4bb0875afda8cc170242\",\r\n        \"createOption\":
        \"FromImage\",\r\n        \"caching\": \"ReadWrite\",\r\n        \"managedDisk\":
        {\r\n          \"storageAccountType\": \"Premium_LRS\",\r\n          \"id\":
        \"/subscriptions/00000000-0000-0000-0000-000000000000/resourceGroups/cli-test-disk000001/providers/Microsoft.Compute/disks/vm-diskattach-test_OsDisk_1_13cf8a29638a4bb0875afda8cc170242\"\r\n
        \       },\r\n        \"deleteOption\": \"Detach\",\r\n        \"diskSizeGB\":
        30\r\n      },\r\n      \"dataDisks\": [\r\n        {\r\n          \"lun\":
        0,\r\n          \"name\": \"d1\",\r\n          \"createOption\": \"Empty\",\r\n
        \         \"caching\": \"ReadOnly\",\r\n          \"managedDisk\": {\r\n            \"storageAccountType\":
        \"Premium_LRS\",\r\n            \"id\": \"/subscriptions/00000000-0000-0000-0000-000000000000/resourceGroups/cli-test-disk000001/providers/Microsoft.Compute/disks/d1\"\r\n
        \         },\r\n          \"deleteOption\": \"Detach\",\r\n          \"diskSizeGB\":
        1,\r\n          \"toBeDetached\": false\r\n        }\r\n      ]\r\n    },\r\n
        \   \"osProfile\": {\r\n      \"computerName\": \"vm-diskattach-test\",\r\n
        \     \"adminUsername\": \"admin123\",\r\n      \"linuxConfiguration\": {\r\n
        \       \"disablePasswordAuthentication\": false,\r\n        \"provisionVMAgent\":
        true,\r\n        \"patchSettings\": {\r\n          \"patchMode\": \"ImageDefault\",\r\n
        \         \"assessmentMode\": \"ImageDefault\"\r\n        }\r\n      },\r\n
        \     \"secrets\": [],\r\n      \"allowExtensionOperations\": true,\r\n      \"requireGuestProvisionSignal\":
        true\r\n    },\r\n    \"networkProfile\": {\"networkInterfaces\":[{\"id\":\"/subscriptions/00000000-0000-0000-0000-000000000000/resourceGroups/cli-test-disk000001/providers/Microsoft.Network/networkInterfaces/vm-diskattach-testVMNic\"}]},\r\n
        \   \"provisioningState\": \"Succeeded\"\r\n  }\r\n}"
    headers:
      cache-control:
      - no-cache
      content-length:
      - '2436'
      content-type:
      - application/json; charset=utf-8
      date:
      - Thu, 27 Jan 2022 04:26:40 GMT
      expires:
      - '-1'
      pragma:
      - no-cache
      server:
      - Microsoft-HTTPAPI/2.0
      - Microsoft-HTTPAPI/2.0
      strict-transport-security:
      - max-age=31536000; includeSubDomains
      transfer-encoding:
      - chunked
      vary:
      - Accept-Encoding
      x-content-type-options:
      - nosniff
      x-ms-ratelimit-remaining-resource:
      - Microsoft.Compute/LowCostGet3Min;3976,Microsoft.Compute/LowCostGet30Min;31934
    status:
      code: 200
      message: OK
- request:
    body: '{"location": "westus", "tags": {}, "properties": {"hardwareProfile": {"vmSize":
      "Standard_DS1_v2"}, "storageProfile": {"osDisk": {"osType": "Linux", "name":
      "vm-diskattach-test_OsDisk_1_13cf8a29638a4bb0875afda8cc170242", "caching": "ReadWrite",
      "createOption": "FromImage", "diskSizeGB": 30, "managedDisk": {"id": "/subscriptions/00000000-0000-0000-0000-000000000000/resourceGroups/cli-test-disk000001/providers/Microsoft.Compute/disks/vm-diskattach-test_OsDisk_1_13cf8a29638a4bb0875afda8cc170242",
      "storageAccountType": "Premium_LRS"}, "deleteOption": "Detach"}, "dataDisks":
      [{"lun": 0, "name": "d1", "caching": "ReadOnly", "createOption": "Empty", "diskSizeGB":
      1, "managedDisk": {"id": "/subscriptions/00000000-0000-0000-0000-000000000000/resourceGroups/cli-test-disk000001/providers/Microsoft.Compute/disks/d1",
      "storageAccountType": "Premium_LRS"}, "toBeDetached": false, "deleteOption":
      "Detach"}, {"lun": 2, "name": "d2", "createOption": "Empty", "diskSizeGB": 2,
      "managedDisk": {"storageAccountType": "Standard_LRS"}}]}, "osProfile": {"computerName":
      "vm-diskattach-test", "adminUsername": "admin123", "linuxConfiguration": {"disablePasswordAuthentication":
      false, "provisionVMAgent": true, "patchSettings": {"patchMode": "ImageDefault",
      "assessmentMode": "ImageDefault"}}, "secrets": [], "allowExtensionOperations":
      true, "requireGuestProvisionSignal": true}, "networkProfile": {"networkInterfaces":
      [{"id": "/subscriptions/00000000-0000-0000-0000-000000000000/resourceGroups/cli-test-disk000001/providers/Microsoft.Network/networkInterfaces/vm-diskattach-testVMNic"}]}}}'
    headers:
      Accept:
      - application/json
      Accept-Encoding:
      - gzip, deflate
      CommandName:
      - vm disk attach
      Connection:
      - keep-alive
      Content-Length:
      - '1581'
      Content-Type:
      - application/json
      ParameterSetName:
      - -g --vm-name --name --new --size-gb --lun --sku
      User-Agent:
      - AZURECLI/2.32.0 azsdk-python-azure-mgmt-compute/23.1.0 Python/3.9.5 (Windows-10-10.0.19044-SP0)
    method: PUT
    uri: https://management.azure.com/subscriptions/00000000-0000-0000-0000-000000000000/resourceGroups/cli-test-disk000001/providers/Microsoft.Compute/virtualMachines/vm-diskattach-test?api-version=2021-07-01
  response:
    body:
      string: "{\r\n  \"name\": \"vm-diskattach-test\",\r\n  \"id\": \"/subscriptions/00000000-0000-0000-0000-000000000000/resourceGroups/cli-test-disk000001/providers/Microsoft.Compute/virtualMachines/vm-diskattach-test\",\r\n
        \ \"type\": \"Microsoft.Compute/virtualMachines\",\r\n  \"location\": \"westus\",\r\n
        \ \"tags\": {},\r\n  \"properties\": {\r\n    \"vmId\": \"18fd7398-c38b-40dd-b5c8-611d0b6357d0\",\r\n
        \   \"hardwareProfile\": {\r\n      \"vmSize\": \"Standard_DS1_v2\"\r\n    },\r\n
        \   \"storageProfile\": {\r\n      \"imageReference\": {\r\n        \"publisher\":
        \"OpenLogic\",\r\n        \"offer\": \"CentOS\",\r\n        \"sku\": \"7.5\",\r\n
        \       \"version\": \"latest\",\r\n        \"exactVersion\": \"7.5.201808150\"\r\n
        \     },\r\n      \"osDisk\": {\r\n        \"osType\": \"Linux\",\r\n        \"name\":
        \"vm-diskattach-test_OsDisk_1_13cf8a29638a4bb0875afda8cc170242\",\r\n        \"createOption\":
        \"FromImage\",\r\n        \"caching\": \"ReadWrite\",\r\n        \"managedDisk\":
        {\r\n          \"storageAccountType\": \"Premium_LRS\",\r\n          \"id\":
        \"/subscriptions/00000000-0000-0000-0000-000000000000/resourceGroups/cli-test-disk000001/providers/Microsoft.Compute/disks/vm-diskattach-test_OsDisk_1_13cf8a29638a4bb0875afda8cc170242\"\r\n
        \       },\r\n        \"deleteOption\": \"Detach\",\r\n        \"diskSizeGB\":
        30\r\n      },\r\n      \"dataDisks\": [\r\n        {\r\n          \"lun\":
        0,\r\n          \"name\": \"d1\",\r\n          \"createOption\": \"Empty\",\r\n
        \         \"caching\": \"ReadOnly\",\r\n          \"managedDisk\": {\r\n            \"storageAccountType\":
        \"Premium_LRS\",\r\n            \"id\": \"/subscriptions/00000000-0000-0000-0000-000000000000/resourceGroups/cli-test-disk000001/providers/Microsoft.Compute/disks/d1\"\r\n
        \         },\r\n          \"deleteOption\": \"Detach\",\r\n          \"diskSizeGB\":
        1,\r\n          \"toBeDetached\": false\r\n        },\r\n        {\r\n          \"lun\":
        2,\r\n          \"name\": \"d2\",\r\n          \"createOption\": \"Empty\",\r\n
        \         \"caching\": \"None\",\r\n          \"managedDisk\": {\r\n            \"storageAccountType\":
        \"Standard_LRS\"\r\n          },\r\n          \"deleteOption\": \"Detach\",\r\n
        \         \"diskSizeGB\": 2,\r\n          \"toBeDetached\": false\r\n        }\r\n
        \     ]\r\n    },\r\n    \"osProfile\": {\r\n      \"computerName\": \"vm-diskattach-test\",\r\n
        \     \"adminUsername\": \"admin123\",\r\n      \"linuxConfiguration\": {\r\n
        \       \"disablePasswordAuthentication\": false,\r\n        \"provisionVMAgent\":
        true,\r\n        \"patchSettings\": {\r\n          \"patchMode\": \"ImageDefault\",\r\n
        \         \"assessmentMode\": \"ImageDefault\"\r\n        }\r\n      },\r\n
        \     \"secrets\": [],\r\n      \"allowExtensionOperations\": true,\r\n      \"requireGuestProvisionSignal\":
        true\r\n    },\r\n    \"networkProfile\": {\"networkInterfaces\":[{\"id\":\"/subscriptions/00000000-0000-0000-0000-000000000000/resourceGroups/cli-test-disk000001/providers/Microsoft.Network/networkInterfaces/vm-diskattach-testVMNic\"}]},\r\n
        \   \"provisioningState\": \"Updating\"\r\n  }\r\n}"
    headers:
      azure-asyncnotification:
      - Enabled
      azure-asyncoperation:
      - https://management.azure.com/subscriptions/00000000-0000-0000-0000-000000000000/providers/Microsoft.Compute/locations/westus/operations/00fb95de-dc60-41c2-8247-e0fb97308720?p=571046f6-b640-41c1-86f7-f9f044b5adf9&api-version=2021-07-01
      cache-control:
      - no-cache
      content-length:
      - '2760'
      content-type:
      - application/json; charset=utf-8
      date:
      - Thu, 27 Jan 2022 04:26:44 GMT
      expires:
      - '-1'
      pragma:
      - no-cache
      server:
      - Microsoft-HTTPAPI/2.0
      - Microsoft-HTTPAPI/2.0
      strict-transport-security:
      - max-age=31536000; includeSubDomains
      transfer-encoding:
      - chunked
      vary:
      - Accept-Encoding
      x-content-type-options:
      - nosniff
      x-ms-ratelimit-remaining-resource:
      - Microsoft.Compute/PutVM3Min;234,Microsoft.Compute/PutVM30Min;1189
      x-ms-ratelimit-remaining-subscription-writes:
      - '1197'
    status:
      code: 200
      message: OK
- request:
    body: null
    headers:
      Accept:
      - '*/*'
      Accept-Encoding:
      - gzip, deflate
      CommandName:
      - vm disk attach
      Connection:
      - keep-alive
      ParameterSetName:
      - -g --vm-name --name --new --size-gb --lun --sku
      User-Agent:
      - AZURECLI/2.32.0 azsdk-python-azure-mgmt-compute/23.1.0 Python/3.9.5 (Windows-10-10.0.19044-SP0)
    method: GET
    uri: https://management.azure.com/subscriptions/00000000-0000-0000-0000-000000000000/providers/Microsoft.Compute/locations/westus/operations/00fb95de-dc60-41c2-8247-e0fb97308720?p=571046f6-b640-41c1-86f7-f9f044b5adf9&api-version=2021-07-01
  response:
    body:
      string: "{\r\n  \"startTime\": \"2022-01-27T04:26:42.736109+00:00\",\r\n  \"endTime\":
        \"2022-01-27T04:26:53.7674238+00:00\",\r\n  \"status\": \"Succeeded\",\r\n
        \ \"name\": \"00fb95de-dc60-41c2-8247-e0fb97308720\"\r\n}"
    headers:
      cache-control:
      - no-cache
      content-length:
      - '183'
      content-type:
      - application/json; charset=utf-8
      date:
      - Thu, 27 Jan 2022 04:27:15 GMT
      expires:
      - '-1'
      pragma:
      - no-cache
      server:
      - Microsoft-HTTPAPI/2.0
      - Microsoft-HTTPAPI/2.0
      strict-transport-security:
      - max-age=31536000; includeSubDomains
      transfer-encoding:
      - chunked
      vary:
      - Accept-Encoding
      x-content-type-options:
      - nosniff
      x-ms-ratelimit-remaining-resource:
      - Microsoft.Compute/GetOperation3Min;14979,Microsoft.Compute/GetOperation30Min;29942
    status:
      code: 200
      message: OK
- request:
    body: null
    headers:
      Accept:
      - '*/*'
      Accept-Encoding:
      - gzip, deflate
      CommandName:
      - vm disk attach
      Connection:
      - keep-alive
      ParameterSetName:
      - -g --vm-name --name --new --size-gb --lun --sku
      User-Agent:
      - AZURECLI/2.32.0 azsdk-python-azure-mgmt-compute/23.1.0 Python/3.9.5 (Windows-10-10.0.19044-SP0)
    method: GET
    uri: https://management.azure.com/subscriptions/00000000-0000-0000-0000-000000000000/resourceGroups/cli-test-disk000001/providers/Microsoft.Compute/virtualMachines/vm-diskattach-test?api-version=2021-07-01
  response:
    body:
      string: "{\r\n  \"name\": \"vm-diskattach-test\",\r\n  \"id\": \"/subscriptions/00000000-0000-0000-0000-000000000000/resourceGroups/cli-test-disk000001/providers/Microsoft.Compute/virtualMachines/vm-diskattach-test\",\r\n
        \ \"type\": \"Microsoft.Compute/virtualMachines\",\r\n  \"location\": \"westus\",\r\n
        \ \"tags\": {},\r\n  \"properties\": {\r\n    \"vmId\": \"18fd7398-c38b-40dd-b5c8-611d0b6357d0\",\r\n
        \   \"hardwareProfile\": {\r\n      \"vmSize\": \"Standard_DS1_v2\"\r\n    },\r\n
        \   \"storageProfile\": {\r\n      \"imageReference\": {\r\n        \"publisher\":
        \"OpenLogic\",\r\n        \"offer\": \"CentOS\",\r\n        \"sku\": \"7.5\",\r\n
        \       \"version\": \"latest\",\r\n        \"exactVersion\": \"7.5.201808150\"\r\n
        \     },\r\n      \"osDisk\": {\r\n        \"osType\": \"Linux\",\r\n        \"name\":
        \"vm-diskattach-test_OsDisk_1_13cf8a29638a4bb0875afda8cc170242\",\r\n        \"createOption\":
        \"FromImage\",\r\n        \"caching\": \"ReadWrite\",\r\n        \"managedDisk\":
        {\r\n          \"storageAccountType\": \"Premium_LRS\",\r\n          \"id\":
        \"/subscriptions/00000000-0000-0000-0000-000000000000/resourceGroups/cli-test-disk000001/providers/Microsoft.Compute/disks/vm-diskattach-test_OsDisk_1_13cf8a29638a4bb0875afda8cc170242\"\r\n
        \       },\r\n        \"deleteOption\": \"Detach\",\r\n        \"diskSizeGB\":
        30\r\n      },\r\n      \"dataDisks\": [\r\n        {\r\n          \"lun\":
        0,\r\n          \"name\": \"d1\",\r\n          \"createOption\": \"Empty\",\r\n
        \         \"caching\": \"ReadOnly\",\r\n          \"managedDisk\": {\r\n            \"storageAccountType\":
        \"Premium_LRS\",\r\n            \"id\": \"/subscriptions/00000000-0000-0000-0000-000000000000/resourceGroups/cli-test-disk000001/providers/Microsoft.Compute/disks/d1\"\r\n
        \         },\r\n          \"deleteOption\": \"Detach\",\r\n          \"diskSizeGB\":
        1,\r\n          \"toBeDetached\": false\r\n        },\r\n        {\r\n          \"lun\":
        2,\r\n          \"name\": \"d2\",\r\n          \"createOption\": \"Empty\",\r\n
        \         \"caching\": \"None\",\r\n          \"managedDisk\": {\r\n            \"storageAccountType\":
        \"Standard_LRS\",\r\n            \"id\": \"/subscriptions/00000000-0000-0000-0000-000000000000/resourceGroups/cli-test-disk000001/providers/Microsoft.Compute/disks/d2\"\r\n
        \         },\r\n          \"deleteOption\": \"Detach\",\r\n          \"diskSizeGB\":
        2,\r\n          \"toBeDetached\": false\r\n        }\r\n      ]\r\n    },\r\n
        \   \"osProfile\": {\r\n      \"computerName\": \"vm-diskattach-test\",\r\n
        \     \"adminUsername\": \"admin123\",\r\n      \"linuxConfiguration\": {\r\n
        \       \"disablePasswordAuthentication\": false,\r\n        \"provisionVMAgent\":
        true,\r\n        \"patchSettings\": {\r\n          \"patchMode\": \"ImageDefault\",\r\n
        \         \"assessmentMode\": \"ImageDefault\"\r\n        }\r\n      },\r\n
        \     \"secrets\": [],\r\n      \"allowExtensionOperations\": true,\r\n      \"requireGuestProvisionSignal\":
        true\r\n    },\r\n    \"networkProfile\": {\"networkInterfaces\":[{\"id\":\"/subscriptions/00000000-0000-0000-0000-000000000000/resourceGroups/cli-test-disk000001/providers/Microsoft.Network/networkInterfaces/vm-diskattach-testVMNic\"}]},\r\n
        \   \"provisioningState\": \"Succeeded\"\r\n  }\r\n}"
    headers:
      cache-control:
      - no-cache
      content-length:
      - '2907'
      content-type:
      - application/json; charset=utf-8
      date:
      - Thu, 27 Jan 2022 04:27:16 GMT
      expires:
      - '-1'
      pragma:
      - no-cache
      server:
      - Microsoft-HTTPAPI/2.0
      - Microsoft-HTTPAPI/2.0
      strict-transport-security:
      - max-age=31536000; includeSubDomains
      transfer-encoding:
      - chunked
      vary:
      - Accept-Encoding
      x-content-type-options:
      - nosniff
      x-ms-ratelimit-remaining-resource:
      - Microsoft.Compute/LowCostGet3Min;3969,Microsoft.Compute/LowCostGet30Min;31926
    status:
      code: 200
      message: OK
- request:
    body: null
    headers:
      Accept:
      - application/json
      Accept-Encoding:
      - gzip, deflate
      CommandName:
      - vm show
      Connection:
      - keep-alive
      ParameterSetName:
      - -g -n
      User-Agent:
      - AZURECLI/2.32.0 azsdk-python-azure-mgmt-compute/23.1.0 Python/3.9.5 (Windows-10-10.0.19044-SP0)
    method: GET
    uri: https://management.azure.com/subscriptions/00000000-0000-0000-0000-000000000000/resourceGroups/cli-test-disk000001/providers/Microsoft.Compute/virtualMachines/vm-diskattach-test?api-version=2021-07-01
  response:
    body:
      string: "{\r\n  \"name\": \"vm-diskattach-test\",\r\n  \"id\": \"/subscriptions/00000000-0000-0000-0000-000000000000/resourceGroups/cli-test-disk000001/providers/Microsoft.Compute/virtualMachines/vm-diskattach-test\",\r\n
        \ \"type\": \"Microsoft.Compute/virtualMachines\",\r\n  \"location\": \"westus\",\r\n
        \ \"tags\": {},\r\n  \"properties\": {\r\n    \"vmId\": \"18fd7398-c38b-40dd-b5c8-611d0b6357d0\",\r\n
        \   \"hardwareProfile\": {\r\n      \"vmSize\": \"Standard_DS1_v2\"\r\n    },\r\n
        \   \"storageProfile\": {\r\n      \"imageReference\": {\r\n        \"publisher\":
        \"OpenLogic\",\r\n        \"offer\": \"CentOS\",\r\n        \"sku\": \"7.5\",\r\n
        \       \"version\": \"latest\",\r\n        \"exactVersion\": \"7.5.201808150\"\r\n
        \     },\r\n      \"osDisk\": {\r\n        \"osType\": \"Linux\",\r\n        \"name\":
        \"vm-diskattach-test_OsDisk_1_13cf8a29638a4bb0875afda8cc170242\",\r\n        \"createOption\":
        \"FromImage\",\r\n        \"caching\": \"ReadWrite\",\r\n        \"managedDisk\":
        {\r\n          \"storageAccountType\": \"Premium_LRS\",\r\n          \"id\":
        \"/subscriptions/00000000-0000-0000-0000-000000000000/resourceGroups/cli-test-disk000001/providers/Microsoft.Compute/disks/vm-diskattach-test_OsDisk_1_13cf8a29638a4bb0875afda8cc170242\"\r\n
        \       },\r\n        \"deleteOption\": \"Detach\",\r\n        \"diskSizeGB\":
        30\r\n      },\r\n      \"dataDisks\": [\r\n        {\r\n          \"lun\":
        0,\r\n          \"name\": \"d1\",\r\n          \"createOption\": \"Empty\",\r\n
        \         \"caching\": \"ReadOnly\",\r\n          \"managedDisk\": {\r\n            \"storageAccountType\":
        \"Premium_LRS\",\r\n            \"id\": \"/subscriptions/00000000-0000-0000-0000-000000000000/resourceGroups/cli-test-disk000001/providers/Microsoft.Compute/disks/d1\"\r\n
        \         },\r\n          \"deleteOption\": \"Detach\",\r\n          \"diskSizeGB\":
        1,\r\n          \"toBeDetached\": false\r\n        },\r\n        {\r\n          \"lun\":
        2,\r\n          \"name\": \"d2\",\r\n          \"createOption\": \"Empty\",\r\n
        \         \"caching\": \"None\",\r\n          \"managedDisk\": {\r\n            \"storageAccountType\":
        \"Standard_LRS\",\r\n            \"id\": \"/subscriptions/00000000-0000-0000-0000-000000000000/resourceGroups/cli-test-disk000001/providers/Microsoft.Compute/disks/d2\"\r\n
        \         },\r\n          \"deleteOption\": \"Detach\",\r\n          \"diskSizeGB\":
        2,\r\n          \"toBeDetached\": false\r\n        }\r\n      ]\r\n    },\r\n
        \   \"osProfile\": {\r\n      \"computerName\": \"vm-diskattach-test\",\r\n
        \     \"adminUsername\": \"admin123\",\r\n      \"linuxConfiguration\": {\r\n
        \       \"disablePasswordAuthentication\": false,\r\n        \"provisionVMAgent\":
        true,\r\n        \"patchSettings\": {\r\n          \"patchMode\": \"ImageDefault\",\r\n
        \         \"assessmentMode\": \"ImageDefault\"\r\n        }\r\n      },\r\n
        \     \"secrets\": [],\r\n      \"allowExtensionOperations\": true,\r\n      \"requireGuestProvisionSignal\":
        true\r\n    },\r\n    \"networkProfile\": {\"networkInterfaces\":[{\"id\":\"/subscriptions/00000000-0000-0000-0000-000000000000/resourceGroups/cli-test-disk000001/providers/Microsoft.Network/networkInterfaces/vm-diskattach-testVMNic\"}]},\r\n
        \   \"provisioningState\": \"Succeeded\"\r\n  }\r\n}"
    headers:
      cache-control:
      - no-cache
      content-length:
      - '2907'
      content-type:
      - application/json; charset=utf-8
      date:
      - Thu, 27 Jan 2022 04:27:16 GMT
      expires:
      - '-1'
      pragma:
      - no-cache
      server:
      - Microsoft-HTTPAPI/2.0
      - Microsoft-HTTPAPI/2.0
      strict-transport-security:
      - max-age=31536000; includeSubDomains
      transfer-encoding:
      - chunked
      vary:
      - Accept-Encoding
      x-content-type-options:
      - nosniff
      x-ms-ratelimit-remaining-resource:
      - Microsoft.Compute/LowCostGet3Min;3968,Microsoft.Compute/LowCostGet30Min;31925
    status:
      code: 200
      message: OK
- request:
    body: null
    headers:
      Accept:
      - application/json
      Accept-Encoding:
      - gzip, deflate
      CommandName:
      - vm disk detach
      Connection:
      - keep-alive
      ParameterSetName:
      - -g --vm-name -n
      User-Agent:
      - AZURECLI/2.32.0 azsdk-python-azure-mgmt-compute/23.1.0 Python/3.9.5 (Windows-10-10.0.19044-SP0)
    method: GET
    uri: https://management.azure.com/subscriptions/00000000-0000-0000-0000-000000000000/resourceGroups/cli-test-disk000001/providers/Microsoft.Compute/virtualMachines/vm-diskattach-test?api-version=2021-07-01
  response:
    body:
      string: "{\r\n  \"name\": \"vm-diskattach-test\",\r\n  \"id\": \"/subscriptions/00000000-0000-0000-0000-000000000000/resourceGroups/cli-test-disk000001/providers/Microsoft.Compute/virtualMachines/vm-diskattach-test\",\r\n
        \ \"type\": \"Microsoft.Compute/virtualMachines\",\r\n  \"location\": \"westus\",\r\n
        \ \"tags\": {},\r\n  \"properties\": {\r\n    \"vmId\": \"18fd7398-c38b-40dd-b5c8-611d0b6357d0\",\r\n
        \   \"hardwareProfile\": {\r\n      \"vmSize\": \"Standard_DS1_v2\"\r\n    },\r\n
        \   \"storageProfile\": {\r\n      \"imageReference\": {\r\n        \"publisher\":
        \"OpenLogic\",\r\n        \"offer\": \"CentOS\",\r\n        \"sku\": \"7.5\",\r\n
        \       \"version\": \"latest\",\r\n        \"exactVersion\": \"7.5.201808150\"\r\n
        \     },\r\n      \"osDisk\": {\r\n        \"osType\": \"Linux\",\r\n        \"name\":
        \"vm-diskattach-test_OsDisk_1_13cf8a29638a4bb0875afda8cc170242\",\r\n        \"createOption\":
        \"FromImage\",\r\n        \"caching\": \"ReadWrite\",\r\n        \"managedDisk\":
        {\r\n          \"storageAccountType\": \"Premium_LRS\",\r\n          \"id\":
        \"/subscriptions/00000000-0000-0000-0000-000000000000/resourceGroups/cli-test-disk000001/providers/Microsoft.Compute/disks/vm-diskattach-test_OsDisk_1_13cf8a29638a4bb0875afda8cc170242\"\r\n
        \       },\r\n        \"deleteOption\": \"Detach\",\r\n        \"diskSizeGB\":
        30\r\n      },\r\n      \"dataDisks\": [\r\n        {\r\n          \"lun\":
        0,\r\n          \"name\": \"d1\",\r\n          \"createOption\": \"Empty\",\r\n
        \         \"caching\": \"ReadOnly\",\r\n          \"managedDisk\": {\r\n            \"storageAccountType\":
        \"Premium_LRS\",\r\n            \"id\": \"/subscriptions/00000000-0000-0000-0000-000000000000/resourceGroups/cli-test-disk000001/providers/Microsoft.Compute/disks/d1\"\r\n
        \         },\r\n          \"deleteOption\": \"Detach\",\r\n          \"diskSizeGB\":
        1,\r\n          \"toBeDetached\": false\r\n        },\r\n        {\r\n          \"lun\":
        2,\r\n          \"name\": \"d2\",\r\n          \"createOption\": \"Empty\",\r\n
        \         \"caching\": \"None\",\r\n          \"managedDisk\": {\r\n            \"storageAccountType\":
        \"Standard_LRS\",\r\n            \"id\": \"/subscriptions/00000000-0000-0000-0000-000000000000/resourceGroups/cli-test-disk000001/providers/Microsoft.Compute/disks/d2\"\r\n
        \         },\r\n          \"deleteOption\": \"Detach\",\r\n          \"diskSizeGB\":
        2,\r\n          \"toBeDetached\": false\r\n        }\r\n      ]\r\n    },\r\n
        \   \"osProfile\": {\r\n      \"computerName\": \"vm-diskattach-test\",\r\n
        \     \"adminUsername\": \"admin123\",\r\n      \"linuxConfiguration\": {\r\n
        \       \"disablePasswordAuthentication\": false,\r\n        \"provisionVMAgent\":
        true,\r\n        \"patchSettings\": {\r\n          \"patchMode\": \"ImageDefault\",\r\n
        \         \"assessmentMode\": \"ImageDefault\"\r\n        }\r\n      },\r\n
        \     \"secrets\": [],\r\n      \"allowExtensionOperations\": true,\r\n      \"requireGuestProvisionSignal\":
        true\r\n    },\r\n    \"networkProfile\": {\"networkInterfaces\":[{\"id\":\"/subscriptions/00000000-0000-0000-0000-000000000000/resourceGroups/cli-test-disk000001/providers/Microsoft.Network/networkInterfaces/vm-diskattach-testVMNic\"}]},\r\n
        \   \"provisioningState\": \"Succeeded\"\r\n  }\r\n}"
    headers:
      cache-control:
      - no-cache
      content-length:
      - '2907'
      content-type:
      - application/json; charset=utf-8
      date:
      - Thu, 27 Jan 2022 04:27:17 GMT
      expires:
      - '-1'
      pragma:
      - no-cache
      server:
      - Microsoft-HTTPAPI/2.0
      - Microsoft-HTTPAPI/2.0
      strict-transport-security:
      - max-age=31536000; includeSubDomains
      transfer-encoding:
      - chunked
      vary:
      - Accept-Encoding
      x-content-type-options:
      - nosniff
      x-ms-ratelimit-remaining-resource:
      - Microsoft.Compute/LowCostGet3Min;3967,Microsoft.Compute/LowCostGet30Min;31924
    status:
      code: 200
      message: OK
- request:
    body: '{"location": "westus", "tags": {}, "properties": {"hardwareProfile": {"vmSize":
      "Standard_DS1_v2"}, "storageProfile": {"osDisk": {"osType": "Linux", "name":
      "vm-diskattach-test_OsDisk_1_13cf8a29638a4bb0875afda8cc170242", "caching": "ReadWrite",
      "createOption": "FromImage", "diskSizeGB": 30, "managedDisk": {"id": "/subscriptions/00000000-0000-0000-0000-000000000000/resourceGroups/cli-test-disk000001/providers/Microsoft.Compute/disks/vm-diskattach-test_OsDisk_1_13cf8a29638a4bb0875afda8cc170242",
      "storageAccountType": "Premium_LRS"}, "deleteOption": "Detach"}, "dataDisks":
      [{"lun": 2, "name": "d2", "caching": "None", "createOption": "Empty", "diskSizeGB":
      2, "managedDisk": {"id": "/subscriptions/00000000-0000-0000-0000-000000000000/resourceGroups/cli-test-disk000001/providers/Microsoft.Compute/disks/d2",
      "storageAccountType": "Standard_LRS"}, "toBeDetached": false, "deleteOption":
      "Detach"}]}, "osProfile": {"computerName": "vm-diskattach-test", "adminUsername":
      "admin123", "linuxConfiguration": {"disablePasswordAuthentication": false, "provisionVMAgent":
      true, "patchSettings": {"patchMode": "ImageDefault", "assessmentMode": "ImageDefault"}},
      "secrets": [], "allowExtensionOperations": true, "requireGuestProvisionSignal":
      true}, "networkProfile": {"networkInterfaces": [{"id": "/subscriptions/00000000-0000-0000-0000-000000000000/resourceGroups/cli-test-disk000001/providers/Microsoft.Network/networkInterfaces/vm-diskattach-testVMNic"}]}}}'
    headers:
      Accept:
      - application/json
      Accept-Encoding:
      - gzip, deflate
      CommandName:
      - vm disk detach
      Connection:
      - keep-alive
      Content-Length:
      - '1455'
      Content-Type:
      - application/json
      ParameterSetName:
      - -g --vm-name -n
      User-Agent:
      - AZURECLI/2.32.0 azsdk-python-azure-mgmt-compute/23.1.0 Python/3.9.5 (Windows-10-10.0.19044-SP0)
    method: PUT
    uri: https://management.azure.com/subscriptions/00000000-0000-0000-0000-000000000000/resourceGroups/cli-test-disk000001/providers/Microsoft.Compute/virtualMachines/vm-diskattach-test?api-version=2021-07-01
  response:
    body:
      string: "{\r\n  \"name\": \"vm-diskattach-test\",\r\n  \"id\": \"/subscriptions/00000000-0000-0000-0000-000000000000/resourceGroups/cli-test-disk000001/providers/Microsoft.Compute/virtualMachines/vm-diskattach-test\",\r\n
        \ \"type\": \"Microsoft.Compute/virtualMachines\",\r\n  \"location\": \"westus\",\r\n
        \ \"tags\": {},\r\n  \"properties\": {\r\n    \"vmId\": \"18fd7398-c38b-40dd-b5c8-611d0b6357d0\",\r\n
        \   \"hardwareProfile\": {\r\n      \"vmSize\": \"Standard_DS1_v2\"\r\n    },\r\n
        \   \"storageProfile\": {\r\n      \"imageReference\": {\r\n        \"publisher\":
        \"OpenLogic\",\r\n        \"offer\": \"CentOS\",\r\n        \"sku\": \"7.5\",\r\n
        \       \"version\": \"latest\",\r\n        \"exactVersion\": \"7.5.201808150\"\r\n
        \     },\r\n      \"osDisk\": {\r\n        \"osType\": \"Linux\",\r\n        \"name\":
        \"vm-diskattach-test_OsDisk_1_13cf8a29638a4bb0875afda8cc170242\",\r\n        \"createOption\":
        \"FromImage\",\r\n        \"caching\": \"ReadWrite\",\r\n        \"managedDisk\":
        {\r\n          \"storageAccountType\": \"Premium_LRS\",\r\n          \"id\":
        \"/subscriptions/00000000-0000-0000-0000-000000000000/resourceGroups/cli-test-disk000001/providers/Microsoft.Compute/disks/vm-diskattach-test_OsDisk_1_13cf8a29638a4bb0875afda8cc170242\"\r\n
        \       },\r\n        \"deleteOption\": \"Detach\",\r\n        \"diskSizeGB\":
        30\r\n      },\r\n      \"dataDisks\": [\r\n        {\r\n          \"lun\":
        0,\r\n          \"name\": \"d1\",\r\n          \"createOption\": \"Empty\",\r\n
        \         \"caching\": \"ReadOnly\",\r\n          \"managedDisk\": {\r\n            \"storageAccountType\":
        \"Premium_LRS\",\r\n            \"id\": \"/subscriptions/00000000-0000-0000-0000-000000000000/resourceGroups/cli-test-disk000001/providers/Microsoft.Compute/disks/d1\"\r\n
        \         },\r\n          \"deleteOption\": \"Detach\",\r\n          \"diskSizeGB\":
        1,\r\n          \"toBeDetached\": true\r\n        },\r\n        {\r\n          \"lun\":
        2,\r\n          \"name\": \"d2\",\r\n          \"createOption\": \"Empty\",\r\n
        \         \"caching\": \"None\",\r\n          \"managedDisk\": {\r\n            \"storageAccountType\":
        \"Standard_LRS\",\r\n            \"id\": \"/subscriptions/00000000-0000-0000-0000-000000000000/resourceGroups/cli-test-disk000001/providers/Microsoft.Compute/disks/d2\"\r\n
        \         },\r\n          \"deleteOption\": \"Detach\",\r\n          \"diskSizeGB\":
        2,\r\n          \"toBeDetached\": false\r\n        }\r\n      ]\r\n    },\r\n
        \   \"osProfile\": {\r\n      \"computerName\": \"vm-diskattach-test\",\r\n
        \     \"adminUsername\": \"admin123\",\r\n      \"linuxConfiguration\": {\r\n
        \       \"disablePasswordAuthentication\": false,\r\n        \"provisionVMAgent\":
        true,\r\n        \"patchSettings\": {\r\n          \"patchMode\": \"ImageDefault\",\r\n
        \         \"assessmentMode\": \"ImageDefault\"\r\n        }\r\n      },\r\n
        \     \"secrets\": [],\r\n      \"allowExtensionOperations\": true,\r\n      \"requireGuestProvisionSignal\":
        true\r\n    },\r\n    \"networkProfile\": {\"networkInterfaces\":[{\"id\":\"/subscriptions/00000000-0000-0000-0000-000000000000/resourceGroups/cli-test-disk000001/providers/Microsoft.Network/networkInterfaces/vm-diskattach-testVMNic\"}]},\r\n
        \   \"provisioningState\": \"Updating\"\r\n  }\r\n}"
    headers:
      azure-asyncnotification:
      - Enabled
      azure-asyncoperation:
      - https://management.azure.com/subscriptions/00000000-0000-0000-0000-000000000000/providers/Microsoft.Compute/locations/westus/operations/7c072ad3-a992-48bd-86e7-9eba5e5b04cf?p=571046f6-b640-41c1-86f7-f9f044b5adf9&api-version=2021-07-01
      cache-control:
      - no-cache
      content-length:
      - '2905'
      content-type:
      - application/json; charset=utf-8
      date:
      - Thu, 27 Jan 2022 04:27:23 GMT
      expires:
      - '-1'
      pragma:
      - no-cache
      server:
      - Microsoft-HTTPAPI/2.0
      - Microsoft-HTTPAPI/2.0
      strict-transport-security:
      - max-age=31536000; includeSubDomains
      transfer-encoding:
      - chunked
      vary:
      - Accept-Encoding
      x-content-type-options:
      - nosniff
      x-ms-ratelimit-remaining-resource:
      - Microsoft.Compute/PutVM3Min;232,Microsoft.Compute/PutVM30Min;1186
      x-ms-ratelimit-remaining-subscription-writes:
      - '1199'
    status:
      code: 200
      message: OK
- request:
    body: null
    headers:
      Accept:
      - '*/*'
      Accept-Encoding:
      - gzip, deflate
      CommandName:
      - vm disk detach
      Connection:
      - keep-alive
      ParameterSetName:
      - -g --vm-name -n
      User-Agent:
      - AZURECLI/2.32.0 azsdk-python-azure-mgmt-compute/23.1.0 Python/3.9.5 (Windows-10-10.0.19044-SP0)
    method: GET
    uri: https://management.azure.com/subscriptions/00000000-0000-0000-0000-000000000000/providers/Microsoft.Compute/locations/westus/operations/7c072ad3-a992-48bd-86e7-9eba5e5b04cf?p=571046f6-b640-41c1-86f7-f9f044b5adf9&api-version=2021-07-01
  response:
    body:
      string: "{\r\n  \"startTime\": \"2022-01-27T04:27:20.0455017+00:00\",\r\n  \"endTime\":
        \"2022-01-27T04:27:29.640489+00:00\",\r\n  \"status\": \"Succeeded\",\r\n
        \ \"name\": \"7c072ad3-a992-48bd-86e7-9eba5e5b04cf\"\r\n}"
    headers:
      cache-control:
      - no-cache
      content-length:
      - '183'
      content-type:
      - application/json; charset=utf-8
      date:
      - Thu, 27 Jan 2022 04:27:53 GMT
      expires:
      - '-1'
      pragma:
      - no-cache
      server:
      - Microsoft-HTTPAPI/2.0
      - Microsoft-HTTPAPI/2.0
      strict-transport-security:
      - max-age=31536000; includeSubDomains
      transfer-encoding:
      - chunked
      vary:
      - Accept-Encoding
      x-content-type-options:
      - nosniff
      x-ms-ratelimit-remaining-resource:
      - Microsoft.Compute/GetOperation3Min;14973,Microsoft.Compute/GetOperation30Min;29935
    status:
      code: 200
      message: OK
- request:
    body: null
    headers:
      Accept:
      - '*/*'
      Accept-Encoding:
      - gzip, deflate
      CommandName:
      - vm disk detach
      Connection:
      - keep-alive
      ParameterSetName:
      - -g --vm-name -n
      User-Agent:
      - AZURECLI/2.32.0 azsdk-python-azure-mgmt-compute/23.1.0 Python/3.9.5 (Windows-10-10.0.19044-SP0)
    method: GET
    uri: https://management.azure.com/subscriptions/00000000-0000-0000-0000-000000000000/resourceGroups/cli-test-disk000001/providers/Microsoft.Compute/virtualMachines/vm-diskattach-test?api-version=2021-07-01
  response:
    body:
      string: "{\r\n  \"name\": \"vm-diskattach-test\",\r\n  \"id\": \"/subscriptions/00000000-0000-0000-0000-000000000000/resourceGroups/cli-test-disk000001/providers/Microsoft.Compute/virtualMachines/vm-diskattach-test\",\r\n
        \ \"type\": \"Microsoft.Compute/virtualMachines\",\r\n  \"location\": \"westus\",\r\n
        \ \"tags\": {},\r\n  \"properties\": {\r\n    \"vmId\": \"18fd7398-c38b-40dd-b5c8-611d0b6357d0\",\r\n
        \   \"hardwareProfile\": {\r\n      \"vmSize\": \"Standard_DS1_v2\"\r\n    },\r\n
        \   \"storageProfile\": {\r\n      \"imageReference\": {\r\n        \"publisher\":
        \"OpenLogic\",\r\n        \"offer\": \"CentOS\",\r\n        \"sku\": \"7.5\",\r\n
        \       \"version\": \"latest\",\r\n        \"exactVersion\": \"7.5.201808150\"\r\n
        \     },\r\n      \"osDisk\": {\r\n        \"osType\": \"Linux\",\r\n        \"name\":
        \"vm-diskattach-test_OsDisk_1_13cf8a29638a4bb0875afda8cc170242\",\r\n        \"createOption\":
        \"FromImage\",\r\n        \"caching\": \"ReadWrite\",\r\n        \"managedDisk\":
        {\r\n          \"storageAccountType\": \"Premium_LRS\",\r\n          \"id\":
        \"/subscriptions/00000000-0000-0000-0000-000000000000/resourceGroups/cli-test-disk000001/providers/Microsoft.Compute/disks/vm-diskattach-test_OsDisk_1_13cf8a29638a4bb0875afda8cc170242\"\r\n
        \       },\r\n        \"deleteOption\": \"Detach\",\r\n        \"diskSizeGB\":
        30\r\n      },\r\n      \"dataDisks\": [\r\n        {\r\n          \"lun\":
        2,\r\n          \"name\": \"d2\",\r\n          \"createOption\": \"Empty\",\r\n
        \         \"caching\": \"None\",\r\n          \"managedDisk\": {\r\n            \"storageAccountType\":
        \"Standard_LRS\",\r\n            \"id\": \"/subscriptions/00000000-0000-0000-0000-000000000000/resourceGroups/cli-test-disk000001/providers/Microsoft.Compute/disks/d2\"\r\n
        \         },\r\n          \"deleteOption\": \"Detach\",\r\n          \"diskSizeGB\":
        2,\r\n          \"toBeDetached\": false\r\n        }\r\n      ]\r\n    },\r\n
        \   \"osProfile\": {\r\n      \"computerName\": \"vm-diskattach-test\",\r\n
        \     \"adminUsername\": \"admin123\",\r\n      \"linuxConfiguration\": {\r\n
        \       \"disablePasswordAuthentication\": false,\r\n        \"provisionVMAgent\":
        true,\r\n        \"patchSettings\": {\r\n          \"patchMode\": \"ImageDefault\",\r\n
        \         \"assessmentMode\": \"ImageDefault\"\r\n        }\r\n      },\r\n
        \     \"secrets\": [],\r\n      \"allowExtensionOperations\": true,\r\n      \"requireGuestProvisionSignal\":
        true\r\n    },\r\n    \"networkProfile\": {\"networkInterfaces\":[{\"id\":\"/subscriptions/00000000-0000-0000-0000-000000000000/resourceGroups/cli-test-disk000001/providers/Microsoft.Network/networkInterfaces/vm-diskattach-testVMNic\"}]},\r\n
        \   \"provisioningState\": \"Succeeded\"\r\n  }\r\n}"
    headers:
      cache-control:
      - no-cache
      content-length:
      - '2433'
      content-type:
      - application/json; charset=utf-8
      date:
      - Thu, 27 Jan 2022 04:27:54 GMT
      expires:
      - '-1'
      pragma:
      - no-cache
      server:
      - Microsoft-HTTPAPI/2.0
      - Microsoft-HTTPAPI/2.0
      strict-transport-security:
      - max-age=31536000; includeSubDomains
      transfer-encoding:
      - chunked
      vary:
      - Accept-Encoding
      x-content-type-options:
      - nosniff
      x-ms-ratelimit-remaining-resource:
      - Microsoft.Compute/LowCostGet3Min;3960,Microsoft.Compute/LowCostGet30Min;31915
    status:
      code: 200
      message: OK
- request:
    body: null
    headers:
      Accept:
      - application/json
      Accept-Encoding:
      - gzip, deflate
      CommandName:
      - vm show
      Connection:
      - keep-alive
      ParameterSetName:
      - -g -n
      User-Agent:
      - AZURECLI/2.32.0 azsdk-python-azure-mgmt-compute/23.1.0 Python/3.9.5 (Windows-10-10.0.19044-SP0)
    method: GET
    uri: https://management.azure.com/subscriptions/00000000-0000-0000-0000-000000000000/resourceGroups/cli-test-disk000001/providers/Microsoft.Compute/virtualMachines/vm-diskattach-test?api-version=2021-07-01
  response:
    body:
      string: "{\r\n  \"name\": \"vm-diskattach-test\",\r\n  \"id\": \"/subscriptions/00000000-0000-0000-0000-000000000000/resourceGroups/cli-test-disk000001/providers/Microsoft.Compute/virtualMachines/vm-diskattach-test\",\r\n
        \ \"type\": \"Microsoft.Compute/virtualMachines\",\r\n  \"location\": \"westus\",\r\n
        \ \"tags\": {},\r\n  \"properties\": {\r\n    \"vmId\": \"18fd7398-c38b-40dd-b5c8-611d0b6357d0\",\r\n
        \   \"hardwareProfile\": {\r\n      \"vmSize\": \"Standard_DS1_v2\"\r\n    },\r\n
        \   \"storageProfile\": {\r\n      \"imageReference\": {\r\n        \"publisher\":
        \"OpenLogic\",\r\n        \"offer\": \"CentOS\",\r\n        \"sku\": \"7.5\",\r\n
        \       \"version\": \"latest\",\r\n        \"exactVersion\": \"7.5.201808150\"\r\n
        \     },\r\n      \"osDisk\": {\r\n        \"osType\": \"Linux\",\r\n        \"name\":
        \"vm-diskattach-test_OsDisk_1_13cf8a29638a4bb0875afda8cc170242\",\r\n        \"createOption\":
        \"FromImage\",\r\n        \"caching\": \"ReadWrite\",\r\n        \"managedDisk\":
        {\r\n          \"storageAccountType\": \"Premium_LRS\",\r\n          \"id\":
        \"/subscriptions/00000000-0000-0000-0000-000000000000/resourceGroups/cli-test-disk000001/providers/Microsoft.Compute/disks/vm-diskattach-test_OsDisk_1_13cf8a29638a4bb0875afda8cc170242\"\r\n
        \       },\r\n        \"deleteOption\": \"Detach\",\r\n        \"diskSizeGB\":
        30\r\n      },\r\n      \"dataDisks\": [\r\n        {\r\n          \"lun\":
        2,\r\n          \"name\": \"d2\",\r\n          \"createOption\": \"Empty\",\r\n
        \         \"caching\": \"None\",\r\n          \"managedDisk\": {\r\n            \"storageAccountType\":
        \"Standard_LRS\",\r\n            \"id\": \"/subscriptions/00000000-0000-0000-0000-000000000000/resourceGroups/cli-test-disk000001/providers/Microsoft.Compute/disks/d2\"\r\n
        \         },\r\n          \"deleteOption\": \"Detach\",\r\n          \"diskSizeGB\":
        2,\r\n          \"toBeDetached\": false\r\n        }\r\n      ]\r\n    },\r\n
        \   \"osProfile\": {\r\n      \"computerName\": \"vm-diskattach-test\",\r\n
        \     \"adminUsername\": \"admin123\",\r\n      \"linuxConfiguration\": {\r\n
        \       \"disablePasswordAuthentication\": false,\r\n        \"provisionVMAgent\":
        true,\r\n        \"patchSettings\": {\r\n          \"patchMode\": \"ImageDefault\",\r\n
        \         \"assessmentMode\": \"ImageDefault\"\r\n        }\r\n      },\r\n
        \     \"secrets\": [],\r\n      \"allowExtensionOperations\": true,\r\n      \"requireGuestProvisionSignal\":
        true\r\n    },\r\n    \"networkProfile\": {\"networkInterfaces\":[{\"id\":\"/subscriptions/00000000-0000-0000-0000-000000000000/resourceGroups/cli-test-disk000001/providers/Microsoft.Network/networkInterfaces/vm-diskattach-testVMNic\"}]},\r\n
        \   \"provisioningState\": \"Succeeded\"\r\n  }\r\n}"
    headers:
      cache-control:
      - no-cache
      content-length:
      - '2433'
      content-type:
      - application/json; charset=utf-8
      date:
      - Thu, 27 Jan 2022 04:27:54 GMT
      expires:
      - '-1'
      pragma:
      - no-cache
      server:
      - Microsoft-HTTPAPI/2.0
      - Microsoft-HTTPAPI/2.0
      strict-transport-security:
      - max-age=31536000; includeSubDomains
      transfer-encoding:
      - chunked
      vary:
      - Accept-Encoding
      x-content-type-options:
      - nosniff
      x-ms-ratelimit-remaining-resource:
      - Microsoft.Compute/LowCostGet3Min;3959,Microsoft.Compute/LowCostGet30Min;31914
    status:
      code: 200
      message: OK
- request:
    body: null
    headers:
      Accept:
      - application/json
      Accept-Encoding:
      - gzip, deflate
      CommandName:
      - vm disk attach
      Connection:
      - keep-alive
      ParameterSetName:
      - -g --vm-name --name
      User-Agent:
      - AZURECLI/2.32.0 azsdk-python-azure-mgmt-compute/23.1.0 Python/3.9.5 (Windows-10-10.0.19044-SP0)
    method: GET
    uri: https://management.azure.com/subscriptions/00000000-0000-0000-0000-000000000000/resourceGroups/cli-test-disk000001/providers/Microsoft.Compute/virtualMachines/vm-diskattach-test?api-version=2021-07-01
  response:
    body:
      string: "{\r\n  \"name\": \"vm-diskattach-test\",\r\n  \"id\": \"/subscriptions/00000000-0000-0000-0000-000000000000/resourceGroups/cli-test-disk000001/providers/Microsoft.Compute/virtualMachines/vm-diskattach-test\",\r\n
        \ \"type\": \"Microsoft.Compute/virtualMachines\",\r\n  \"location\": \"westus\",\r\n
        \ \"tags\": {},\r\n  \"properties\": {\r\n    \"vmId\": \"18fd7398-c38b-40dd-b5c8-611d0b6357d0\",\r\n
        \   \"hardwareProfile\": {\r\n      \"vmSize\": \"Standard_DS1_v2\"\r\n    },\r\n
        \   \"storageProfile\": {\r\n      \"imageReference\": {\r\n        \"publisher\":
        \"OpenLogic\",\r\n        \"offer\": \"CentOS\",\r\n        \"sku\": \"7.5\",\r\n
        \       \"version\": \"latest\",\r\n        \"exactVersion\": \"7.5.201808150\"\r\n
        \     },\r\n      \"osDisk\": {\r\n        \"osType\": \"Linux\",\r\n        \"name\":
        \"vm-diskattach-test_OsDisk_1_13cf8a29638a4bb0875afda8cc170242\",\r\n        \"createOption\":
        \"FromImage\",\r\n        \"caching\": \"ReadWrite\",\r\n        \"managedDisk\":
        {\r\n          \"storageAccountType\": \"Premium_LRS\",\r\n          \"id\":
        \"/subscriptions/00000000-0000-0000-0000-000000000000/resourceGroups/cli-test-disk000001/providers/Microsoft.Compute/disks/vm-diskattach-test_OsDisk_1_13cf8a29638a4bb0875afda8cc170242\"\r\n
        \       },\r\n        \"deleteOption\": \"Detach\",\r\n        \"diskSizeGB\":
        30\r\n      },\r\n      \"dataDisks\": [\r\n        {\r\n          \"lun\":
        2,\r\n          \"name\": \"d2\",\r\n          \"createOption\": \"Empty\",\r\n
        \         \"caching\": \"None\",\r\n          \"managedDisk\": {\r\n            \"storageAccountType\":
        \"Standard_LRS\",\r\n            \"id\": \"/subscriptions/00000000-0000-0000-0000-000000000000/resourceGroups/cli-test-disk000001/providers/Microsoft.Compute/disks/d2\"\r\n
        \         },\r\n          \"deleteOption\": \"Detach\",\r\n          \"diskSizeGB\":
        2,\r\n          \"toBeDetached\": false\r\n        }\r\n      ]\r\n    },\r\n
        \   \"osProfile\": {\r\n      \"computerName\": \"vm-diskattach-test\",\r\n
        \     \"adminUsername\": \"admin123\",\r\n      \"linuxConfiguration\": {\r\n
        \       \"disablePasswordAuthentication\": false,\r\n        \"provisionVMAgent\":
        true,\r\n        \"patchSettings\": {\r\n          \"patchMode\": \"ImageDefault\",\r\n
        \         \"assessmentMode\": \"ImageDefault\"\r\n        }\r\n      },\r\n
        \     \"secrets\": [],\r\n      \"allowExtensionOperations\": true,\r\n      \"requireGuestProvisionSignal\":
        true\r\n    },\r\n    \"networkProfile\": {\"networkInterfaces\":[{\"id\":\"/subscriptions/00000000-0000-0000-0000-000000000000/resourceGroups/cli-test-disk000001/providers/Microsoft.Network/networkInterfaces/vm-diskattach-testVMNic\"}]},\r\n
        \   \"provisioningState\": \"Succeeded\"\r\n  }\r\n}"
    headers:
      cache-control:
      - no-cache
      content-length:
      - '2433'
      content-type:
      - application/json; charset=utf-8
      date:
      - Thu, 27 Jan 2022 04:27:56 GMT
      expires:
      - '-1'
      pragma:
      - no-cache
      server:
      - Microsoft-HTTPAPI/2.0
      - Microsoft-HTTPAPI/2.0
      strict-transport-security:
      - max-age=31536000; includeSubDomains
      transfer-encoding:
      - chunked
      vary:
      - Accept-Encoding
      x-content-type-options:
      - nosniff
      x-ms-ratelimit-remaining-resource:
      - Microsoft.Compute/LowCostGet3Min;3958,Microsoft.Compute/LowCostGet30Min;31913
    status:
      code: 200
      message: OK
- request:
    body: '{"location": "westus", "tags": {}, "properties": {"hardwareProfile": {"vmSize":
      "Standard_DS1_v2"}, "storageProfile": {"osDisk": {"osType": "Linux", "name":
      "vm-diskattach-test_OsDisk_1_13cf8a29638a4bb0875afda8cc170242", "caching": "ReadWrite",
      "createOption": "FromImage", "diskSizeGB": 30, "managedDisk": {"id": "/subscriptions/00000000-0000-0000-0000-000000000000/resourceGroups/cli-test-disk000001/providers/Microsoft.Compute/disks/vm-diskattach-test_OsDisk_1_13cf8a29638a4bb0875afda8cc170242",
      "storageAccountType": "Premium_LRS"}, "deleteOption": "Detach"}, "dataDisks":
      [{"lun": 2, "name": "d2", "caching": "None", "createOption": "Empty", "diskSizeGB":
      2, "managedDisk": {"id": "/subscriptions/00000000-0000-0000-0000-000000000000/resourceGroups/cli-test-disk000001/providers/Microsoft.Compute/disks/d2",
      "storageAccountType": "Standard_LRS"}, "toBeDetached": false, "deleteOption":
      "Detach"}, {"lun": 0, "createOption": "Attach", "managedDisk": {"id": "/subscriptions/00000000-0000-0000-0000-000000000000/resourceGroups/cli-test-disk000001/providers/Microsoft.Compute/disks/d1"}}]},
      "osProfile": {"computerName": "vm-diskattach-test", "adminUsername": "admin123",
      "linuxConfiguration": {"disablePasswordAuthentication": false, "provisionVMAgent":
      true, "patchSettings": {"patchMode": "ImageDefault", "assessmentMode": "ImageDefault"}},
      "secrets": [], "allowExtensionOperations": true, "requireGuestProvisionSignal":
      true}, "networkProfile": {"networkInterfaces": [{"id": "/subscriptions/00000000-0000-0000-0000-000000000000/resourceGroups/cli-test-disk000001/providers/Microsoft.Network/networkInterfaces/vm-diskattach-testVMNic"}]}}}'
    headers:
      Accept:
      - application/json
      Accept-Encoding:
      - gzip, deflate
      CommandName:
      - vm disk attach
      Connection:
      - keep-alive
      Content-Length:
      - '1643'
      Content-Type:
      - application/json
      ParameterSetName:
      - -g --vm-name --name
      User-Agent:
      - AZURECLI/2.32.0 azsdk-python-azure-mgmt-compute/23.1.0 Python/3.9.5 (Windows-10-10.0.19044-SP0)
    method: PUT
    uri: https://management.azure.com/subscriptions/00000000-0000-0000-0000-000000000000/resourceGroups/cli-test-disk000001/providers/Microsoft.Compute/virtualMachines/vm-diskattach-test?api-version=2021-07-01
  response:
    body:
      string: "{\r\n  \"name\": \"vm-diskattach-test\",\r\n  \"id\": \"/subscriptions/00000000-0000-0000-0000-000000000000/resourceGroups/cli-test-disk000001/providers/Microsoft.Compute/virtualMachines/vm-diskattach-test\",\r\n
        \ \"type\": \"Microsoft.Compute/virtualMachines\",\r\n  \"location\": \"westus\",\r\n
        \ \"tags\": {},\r\n  \"properties\": {\r\n    \"vmId\": \"18fd7398-c38b-40dd-b5c8-611d0b6357d0\",\r\n
        \   \"hardwareProfile\": {\r\n      \"vmSize\": \"Standard_DS1_v2\"\r\n    },\r\n
        \   \"storageProfile\": {\r\n      \"imageReference\": {\r\n        \"publisher\":
        \"OpenLogic\",\r\n        \"offer\": \"CentOS\",\r\n        \"sku\": \"7.5\",\r\n
        \       \"version\": \"latest\",\r\n        \"exactVersion\": \"7.5.201808150\"\r\n
        \     },\r\n      \"osDisk\": {\r\n        \"osType\": \"Linux\",\r\n        \"name\":
        \"vm-diskattach-test_OsDisk_1_13cf8a29638a4bb0875afda8cc170242\",\r\n        \"createOption\":
        \"FromImage\",\r\n        \"caching\": \"ReadWrite\",\r\n        \"managedDisk\":
        {\r\n          \"storageAccountType\": \"Premium_LRS\",\r\n          \"id\":
        \"/subscriptions/00000000-0000-0000-0000-000000000000/resourceGroups/cli-test-disk000001/providers/Microsoft.Compute/disks/vm-diskattach-test_OsDisk_1_13cf8a29638a4bb0875afda8cc170242\"\r\n
        \       },\r\n        \"deleteOption\": \"Detach\",\r\n        \"diskSizeGB\":
        30\r\n      },\r\n      \"dataDisks\": [\r\n        {\r\n          \"lun\":
        2,\r\n          \"name\": \"d2\",\r\n          \"createOption\": \"Empty\",\r\n
        \         \"caching\": \"None\",\r\n          \"managedDisk\": {\r\n            \"storageAccountType\":
        \"Standard_LRS\",\r\n            \"id\": \"/subscriptions/00000000-0000-0000-0000-000000000000/resourceGroups/cli-test-disk000001/providers/Microsoft.Compute/disks/d2\"\r\n
        \         },\r\n          \"deleteOption\": \"Detach\",\r\n          \"diskSizeGB\":
        2,\r\n          \"toBeDetached\": false\r\n        },\r\n        {\r\n          \"lun\":
        0,\r\n          \"name\": \"d1\",\r\n          \"createOption\": \"Attach\",\r\n
        \         \"caching\": \"None\",\r\n          \"managedDisk\": {\r\n            \"storageAccountType\":
        \"Premium_LRS\",\r\n            \"id\": \"/subscriptions/00000000-0000-0000-0000-000000000000/resourceGroups/cli-test-disk000001/providers/Microsoft.Compute/disks/d1\"\r\n
        \         },\r\n          \"deleteOption\": \"Detach\",\r\n          \"diskSizeGB\":
        1,\r\n          \"toBeDetached\": false\r\n        }\r\n      ]\r\n    },\r\n
        \   \"osProfile\": {\r\n      \"computerName\": \"vm-diskattach-test\",\r\n
        \     \"adminUsername\": \"admin123\",\r\n      \"linuxConfiguration\": {\r\n
        \       \"disablePasswordAuthentication\": false,\r\n        \"provisionVMAgent\":
        true,\r\n        \"patchSettings\": {\r\n          \"patchMode\": \"ImageDefault\",\r\n
        \         \"assessmentMode\": \"ImageDefault\"\r\n        }\r\n      },\r\n
        \     \"secrets\": [],\r\n      \"allowExtensionOperations\": true,\r\n      \"requireGuestProvisionSignal\":
        true\r\n    },\r\n    \"networkProfile\": {\"networkInterfaces\":[{\"id\":\"/subscriptions/00000000-0000-0000-0000-000000000000/resourceGroups/cli-test-disk000001/providers/Microsoft.Network/networkInterfaces/vm-diskattach-testVMNic\"}]},\r\n
        \   \"provisioningState\": \"Updating\"\r\n  }\r\n}"
    headers:
      azure-asyncnotification:
      - Enabled
      azure-asyncoperation:
      - https://management.azure.com/subscriptions/00000000-0000-0000-0000-000000000000/providers/Microsoft.Compute/locations/westus/operations/3cd7b09c-6dce-417c-b5e1-a7f6c78f9113?p=571046f6-b640-41c1-86f7-f9f044b5adf9&api-version=2021-07-01
      cache-control:
      - no-cache
      content-length:
      - '2903'
      content-type:
      - application/json; charset=utf-8
      date:
      - Thu, 27 Jan 2022 04:28:01 GMT
      expires:
      - '-1'
      pragma:
      - no-cache
      server:
      - Microsoft-HTTPAPI/2.0
      - Microsoft-HTTPAPI/2.0
      strict-transport-security:
      - max-age=31536000; includeSubDomains
      transfer-encoding:
      - chunked
      vary:
      - Accept-Encoding
      x-content-type-options:
      - nosniff
      x-ms-ratelimit-remaining-resource:
      - Microsoft.Compute/PutVM3Min;232,Microsoft.Compute/PutVM30Min;1185
      x-ms-ratelimit-remaining-subscription-writes:
      - '1198'
    status:
      code: 200
      message: OK
- request:
    body: null
    headers:
      Accept:
      - '*/*'
      Accept-Encoding:
      - gzip, deflate
      CommandName:
      - vm disk attach
      Connection:
      - keep-alive
      ParameterSetName:
      - -g --vm-name --name
      User-Agent:
      - AZURECLI/2.32.0 azsdk-python-azure-mgmt-compute/23.1.0 Python/3.9.5 (Windows-10-10.0.19044-SP0)
    method: GET
    uri: https://management.azure.com/subscriptions/00000000-0000-0000-0000-000000000000/providers/Microsoft.Compute/locations/westus/operations/3cd7b09c-6dce-417c-b5e1-a7f6c78f9113?p=571046f6-b640-41c1-86f7-f9f044b5adf9&api-version=2021-07-01
  response:
    body:
      string: "{\r\n  \"startTime\": \"2022-01-27T04:27:59.1737634+00:00\",\r\n  \"endTime\":
        \"2022-01-27T04:28:07.1269936+00:00\",\r\n  \"status\": \"Succeeded\",\r\n
        \ \"name\": \"3cd7b09c-6dce-417c-b5e1-a7f6c78f9113\"\r\n}"
    headers:
      cache-control:
      - no-cache
      content-length:
      - '184'
      content-type:
      - application/json; charset=utf-8
      date:
      - Thu, 27 Jan 2022 04:28:32 GMT
      expires:
      - '-1'
      pragma:
      - no-cache
      server:
      - Microsoft-HTTPAPI/2.0
      - Microsoft-HTTPAPI/2.0
      strict-transport-security:
      - max-age=31536000; includeSubDomains
      transfer-encoding:
      - chunked
      vary:
      - Accept-Encoding
      x-content-type-options:
      - nosniff
      x-ms-ratelimit-remaining-resource:
      - Microsoft.Compute/GetOperation3Min;14976,Microsoft.Compute/GetOperation30Min;29929
    status:
      code: 200
      message: OK
- request:
    body: null
    headers:
      Accept:
      - '*/*'
      Accept-Encoding:
      - gzip, deflate
      CommandName:
      - vm disk attach
      Connection:
      - keep-alive
      ParameterSetName:
      - -g --vm-name --name
      User-Agent:
      - AZURECLI/2.32.0 azsdk-python-azure-mgmt-compute/23.1.0 Python/3.9.5 (Windows-10-10.0.19044-SP0)
    method: GET
    uri: https://management.azure.com/subscriptions/00000000-0000-0000-0000-000000000000/resourceGroups/cli-test-disk000001/providers/Microsoft.Compute/virtualMachines/vm-diskattach-test?api-version=2021-07-01
  response:
    body:
      string: "{\r\n  \"name\": \"vm-diskattach-test\",\r\n  \"id\": \"/subscriptions/00000000-0000-0000-0000-000000000000/resourceGroups/cli-test-disk000001/providers/Microsoft.Compute/virtualMachines/vm-diskattach-test\",\r\n
        \ \"type\": \"Microsoft.Compute/virtualMachines\",\r\n  \"location\": \"westus\",\r\n
        \ \"tags\": {},\r\n  \"properties\": {\r\n    \"vmId\": \"18fd7398-c38b-40dd-b5c8-611d0b6357d0\",\r\n
        \   \"hardwareProfile\": {\r\n      \"vmSize\": \"Standard_DS1_v2\"\r\n    },\r\n
        \   \"storageProfile\": {\r\n      \"imageReference\": {\r\n        \"publisher\":
        \"OpenLogic\",\r\n        \"offer\": \"CentOS\",\r\n        \"sku\": \"7.5\",\r\n
        \       \"version\": \"latest\",\r\n        \"exactVersion\": \"7.5.201808150\"\r\n
        \     },\r\n      \"osDisk\": {\r\n        \"osType\": \"Linux\",\r\n        \"name\":
        \"vm-diskattach-test_OsDisk_1_13cf8a29638a4bb0875afda8cc170242\",\r\n        \"createOption\":
        \"FromImage\",\r\n        \"caching\": \"ReadWrite\",\r\n        \"managedDisk\":
        {\r\n          \"storageAccountType\": \"Premium_LRS\",\r\n          \"id\":
        \"/subscriptions/00000000-0000-0000-0000-000000000000/resourceGroups/cli-test-disk000001/providers/Microsoft.Compute/disks/vm-diskattach-test_OsDisk_1_13cf8a29638a4bb0875afda8cc170242\"\r\n
        \       },\r\n        \"deleteOption\": \"Detach\",\r\n        \"diskSizeGB\":
        30\r\n      },\r\n      \"dataDisks\": [\r\n        {\r\n          \"lun\":
        2,\r\n          \"name\": \"d2\",\r\n          \"createOption\": \"Empty\",\r\n
        \         \"caching\": \"None\",\r\n          \"managedDisk\": {\r\n            \"storageAccountType\":
        \"Standard_LRS\",\r\n            \"id\": \"/subscriptions/00000000-0000-0000-0000-000000000000/resourceGroups/cli-test-disk000001/providers/Microsoft.Compute/disks/d2\"\r\n
        \         },\r\n          \"deleteOption\": \"Detach\",\r\n          \"diskSizeGB\":
        2,\r\n          \"toBeDetached\": false\r\n        },\r\n        {\r\n          \"lun\":
        0,\r\n          \"name\": \"d1\",\r\n          \"createOption\": \"Attach\",\r\n
        \         \"caching\": \"None\",\r\n          \"managedDisk\": {\r\n            \"storageAccountType\":
        \"Premium_LRS\",\r\n            \"id\": \"/subscriptions/00000000-0000-0000-0000-000000000000/resourceGroups/cli-test-disk000001/providers/Microsoft.Compute/disks/d1\"\r\n
        \         },\r\n          \"deleteOption\": \"Detach\",\r\n          \"diskSizeGB\":
        1,\r\n          \"toBeDetached\": false\r\n        }\r\n      ]\r\n    },\r\n
        \   \"osProfile\": {\r\n      \"computerName\": \"vm-diskattach-test\",\r\n
        \     \"adminUsername\": \"admin123\",\r\n      \"linuxConfiguration\": {\r\n
        \       \"disablePasswordAuthentication\": false,\r\n        \"provisionVMAgent\":
        true,\r\n        \"patchSettings\": {\r\n          \"patchMode\": \"ImageDefault\",\r\n
        \         \"assessmentMode\": \"ImageDefault\"\r\n        }\r\n      },\r\n
        \     \"secrets\": [],\r\n      \"allowExtensionOperations\": true,\r\n      \"requireGuestProvisionSignal\":
        true\r\n    },\r\n    \"networkProfile\": {\"networkInterfaces\":[{\"id\":\"/subscriptions/00000000-0000-0000-0000-000000000000/resourceGroups/cli-test-disk000001/providers/Microsoft.Network/networkInterfaces/vm-diskattach-testVMNic\"}]},\r\n
        \   \"provisioningState\": \"Succeeded\"\r\n  }\r\n}"
    headers:
      cache-control:
      - no-cache
      content-length:
      - '2904'
      content-type:
      - application/json; charset=utf-8
      date:
      - Thu, 27 Jan 2022 04:28:33 GMT
      expires:
      - '-1'
      pragma:
      - no-cache
      server:
      - Microsoft-HTTPAPI/2.0
      - Microsoft-HTTPAPI/2.0
      strict-transport-security:
      - max-age=31536000; includeSubDomains
      transfer-encoding:
      - chunked
      vary:
      - Accept-Encoding
      x-content-type-options:
      - nosniff
      x-ms-ratelimit-remaining-resource:
      - Microsoft.Compute/LowCostGet3Min;3962,Microsoft.Compute/LowCostGet30Min;31908
    status:
      code: 200
      message: OK
- request:
    body: null
    headers:
      Accept:
      - application/json
      Accept-Encoding:
      - gzip, deflate
      CommandName:
      - vm show
      Connection:
      - keep-alive
      ParameterSetName:
      - -g -n
      User-Agent:
      - AZURECLI/2.32.0 azsdk-python-azure-mgmt-compute/23.1.0 Python/3.9.5 (Windows-10-10.0.19044-SP0)
    method: GET
    uri: https://management.azure.com/subscriptions/00000000-0000-0000-0000-000000000000/resourceGroups/cli-test-disk000001/providers/Microsoft.Compute/virtualMachines/vm-diskattach-test?api-version=2021-07-01
  response:
    body:
      string: "{\r\n  \"name\": \"vm-diskattach-test\",\r\n  \"id\": \"/subscriptions/00000000-0000-0000-0000-000000000000/resourceGroups/cli-test-disk000001/providers/Microsoft.Compute/virtualMachines/vm-diskattach-test\",\r\n
        \ \"type\": \"Microsoft.Compute/virtualMachines\",\r\n  \"location\": \"westus\",\r\n
        \ \"tags\": {},\r\n  \"properties\": {\r\n    \"vmId\": \"18fd7398-c38b-40dd-b5c8-611d0b6357d0\",\r\n
        \   \"hardwareProfile\": {\r\n      \"vmSize\": \"Standard_DS1_v2\"\r\n    },\r\n
        \   \"storageProfile\": {\r\n      \"imageReference\": {\r\n        \"publisher\":
        \"OpenLogic\",\r\n        \"offer\": \"CentOS\",\r\n        \"sku\": \"7.5\",\r\n
        \       \"version\": \"latest\",\r\n        \"exactVersion\": \"7.5.201808150\"\r\n
        \     },\r\n      \"osDisk\": {\r\n        \"osType\": \"Linux\",\r\n        \"name\":
        \"vm-diskattach-test_OsDisk_1_13cf8a29638a4bb0875afda8cc170242\",\r\n        \"createOption\":
        \"FromImage\",\r\n        \"caching\": \"ReadWrite\",\r\n        \"managedDisk\":
        {\r\n          \"storageAccountType\": \"Premium_LRS\",\r\n          \"id\":
        \"/subscriptions/00000000-0000-0000-0000-000000000000/resourceGroups/cli-test-disk000001/providers/Microsoft.Compute/disks/vm-diskattach-test_OsDisk_1_13cf8a29638a4bb0875afda8cc170242\"\r\n
        \       },\r\n        \"deleteOption\": \"Detach\",\r\n        \"diskSizeGB\":
        30\r\n      },\r\n      \"dataDisks\": [\r\n        {\r\n          \"lun\":
        2,\r\n          \"name\": \"d2\",\r\n          \"createOption\": \"Empty\",\r\n
        \         \"caching\": \"None\",\r\n          \"managedDisk\": {\r\n            \"storageAccountType\":
        \"Standard_LRS\",\r\n            \"id\": \"/subscriptions/00000000-0000-0000-0000-000000000000/resourceGroups/cli-test-disk000001/providers/Microsoft.Compute/disks/d2\"\r\n
        \         },\r\n          \"deleteOption\": \"Detach\",\r\n          \"diskSizeGB\":
        2,\r\n          \"toBeDetached\": false\r\n        },\r\n        {\r\n          \"lun\":
        0,\r\n          \"name\": \"d1\",\r\n          \"createOption\": \"Attach\",\r\n
        \         \"caching\": \"None\",\r\n          \"managedDisk\": {\r\n            \"storageAccountType\":
        \"Premium_LRS\",\r\n            \"id\": \"/subscriptions/00000000-0000-0000-0000-000000000000/resourceGroups/cli-test-disk000001/providers/Microsoft.Compute/disks/d1\"\r\n
        \         },\r\n          \"deleteOption\": \"Detach\",\r\n          \"diskSizeGB\":
        1,\r\n          \"toBeDetached\": false\r\n        }\r\n      ]\r\n    },\r\n
        \   \"osProfile\": {\r\n      \"computerName\": \"vm-diskattach-test\",\r\n
        \     \"adminUsername\": \"admin123\",\r\n      \"linuxConfiguration\": {\r\n
        \       \"disablePasswordAuthentication\": false,\r\n        \"provisionVMAgent\":
        true,\r\n        \"patchSettings\": {\r\n          \"patchMode\": \"ImageDefault\",\r\n
        \         \"assessmentMode\": \"ImageDefault\"\r\n        }\r\n      },\r\n
        \     \"secrets\": [],\r\n      \"allowExtensionOperations\": true,\r\n      \"requireGuestProvisionSignal\":
        true\r\n    },\r\n    \"networkProfile\": {\"networkInterfaces\":[{\"id\":\"/subscriptions/00000000-0000-0000-0000-000000000000/resourceGroups/cli-test-disk000001/providers/Microsoft.Network/networkInterfaces/vm-diskattach-testVMNic\"}]},\r\n
        \   \"provisioningState\": \"Succeeded\"\r\n  }\r\n}"
    headers:
      cache-control:
      - no-cache
      content-length:
      - '2904'
      content-type:
      - application/json; charset=utf-8
      date:
      - Thu, 27 Jan 2022 04:28:33 GMT
      expires:
      - '-1'
      pragma:
      - no-cache
      server:
      - Microsoft-HTTPAPI/2.0
      - Microsoft-HTTPAPI/2.0
      strict-transport-security:
      - max-age=31536000; includeSubDomains
      transfer-encoding:
      - chunked
      vary:
      - Accept-Encoding
      x-content-type-options:
      - nosniff
      x-ms-ratelimit-remaining-resource:
      - Microsoft.Compute/LowCostGet3Min;3960,Microsoft.Compute/LowCostGet30Min;31906
    status:
      code: 200
      message: OK
- request:
    body: null
    headers:
      Accept:
      - application/json
      Accept-Encoding:
      - gzip, deflate
      CommandName:
      - vm disk detach
      Connection:
      - keep-alive
      ParameterSetName:
      - -g --vm-name -n
      User-Agent:
      - AZURECLI/2.32.0 azsdk-python-azure-mgmt-compute/23.1.0 Python/3.9.5 (Windows-10-10.0.19044-SP0)
    method: GET
    uri: https://management.azure.com/subscriptions/00000000-0000-0000-0000-000000000000/resourceGroups/cli-test-disk000001/providers/Microsoft.Compute/virtualMachines/vm-diskattach-test?api-version=2021-07-01
  response:
    body:
      string: "{\r\n  \"name\": \"vm-diskattach-test\",\r\n  \"id\": \"/subscriptions/00000000-0000-0000-0000-000000000000/resourceGroups/cli-test-disk000001/providers/Microsoft.Compute/virtualMachines/vm-diskattach-test\",\r\n
        \ \"type\": \"Microsoft.Compute/virtualMachines\",\r\n  \"location\": \"westus\",\r\n
        \ \"tags\": {},\r\n  \"properties\": {\r\n    \"vmId\": \"18fd7398-c38b-40dd-b5c8-611d0b6357d0\",\r\n
        \   \"hardwareProfile\": {\r\n      \"vmSize\": \"Standard_DS1_v2\"\r\n    },\r\n
        \   \"storageProfile\": {\r\n      \"imageReference\": {\r\n        \"publisher\":
        \"OpenLogic\",\r\n        \"offer\": \"CentOS\",\r\n        \"sku\": \"7.5\",\r\n
        \       \"version\": \"latest\",\r\n        \"exactVersion\": \"7.5.201808150\"\r\n
        \     },\r\n      \"osDisk\": {\r\n        \"osType\": \"Linux\",\r\n        \"name\":
        \"vm-diskattach-test_OsDisk_1_13cf8a29638a4bb0875afda8cc170242\",\r\n        \"createOption\":
        \"FromImage\",\r\n        \"caching\": \"ReadWrite\",\r\n        \"managedDisk\":
        {\r\n          \"storageAccountType\": \"Premium_LRS\",\r\n          \"id\":
        \"/subscriptions/00000000-0000-0000-0000-000000000000/resourceGroups/cli-test-disk000001/providers/Microsoft.Compute/disks/vm-diskattach-test_OsDisk_1_13cf8a29638a4bb0875afda8cc170242\"\r\n
        \       },\r\n        \"deleteOption\": \"Detach\",\r\n        \"diskSizeGB\":
        30\r\n      },\r\n      \"dataDisks\": [\r\n        {\r\n          \"lun\":
        2,\r\n          \"name\": \"d2\",\r\n          \"createOption\": \"Empty\",\r\n
        \         \"caching\": \"None\",\r\n          \"managedDisk\": {\r\n            \"storageAccountType\":
        \"Standard_LRS\",\r\n            \"id\": \"/subscriptions/00000000-0000-0000-0000-000000000000/resourceGroups/cli-test-disk000001/providers/Microsoft.Compute/disks/d2\"\r\n
        \         },\r\n          \"deleteOption\": \"Detach\",\r\n          \"diskSizeGB\":
        2,\r\n          \"toBeDetached\": false\r\n        },\r\n        {\r\n          \"lun\":
        0,\r\n          \"name\": \"d1\",\r\n          \"createOption\": \"Attach\",\r\n
        \         \"caching\": \"None\",\r\n          \"managedDisk\": {\r\n            \"storageAccountType\":
        \"Premium_LRS\",\r\n            \"id\": \"/subscriptions/00000000-0000-0000-0000-000000000000/resourceGroups/cli-test-disk000001/providers/Microsoft.Compute/disks/d1\"\r\n
        \         },\r\n          \"deleteOption\": \"Detach\",\r\n          \"diskSizeGB\":
        1,\r\n          \"toBeDetached\": false\r\n        }\r\n      ]\r\n    },\r\n
        \   \"osProfile\": {\r\n      \"computerName\": \"vm-diskattach-test\",\r\n
        \     \"adminUsername\": \"admin123\",\r\n      \"linuxConfiguration\": {\r\n
        \       \"disablePasswordAuthentication\": false,\r\n        \"provisionVMAgent\":
        true,\r\n        \"patchSettings\": {\r\n          \"patchMode\": \"ImageDefault\",\r\n
        \         \"assessmentMode\": \"ImageDefault\"\r\n        }\r\n      },\r\n
        \     \"secrets\": [],\r\n      \"allowExtensionOperations\": true,\r\n      \"requireGuestProvisionSignal\":
        true\r\n    },\r\n    \"networkProfile\": {\"networkInterfaces\":[{\"id\":\"/subscriptions/00000000-0000-0000-0000-000000000000/resourceGroups/cli-test-disk000001/providers/Microsoft.Network/networkInterfaces/vm-diskattach-testVMNic\"}]},\r\n
        \   \"provisioningState\": \"Succeeded\"\r\n  }\r\n}"
    headers:
      cache-control:
      - no-cache
      content-length:
      - '2904'
      content-type:
      - application/json; charset=utf-8
      date:
      - Thu, 27 Jan 2022 04:28:33 GMT
      expires:
      - '-1'
      pragma:
      - no-cache
      server:
      - Microsoft-HTTPAPI/2.0
      - Microsoft-HTTPAPI/2.0
      strict-transport-security:
      - max-age=31536000; includeSubDomains
      transfer-encoding:
      - chunked
      vary:
      - Accept-Encoding
      x-content-type-options:
      - nosniff
      x-ms-ratelimit-remaining-resource:
      - Microsoft.Compute/LowCostGet3Min;3959,Microsoft.Compute/LowCostGet30Min;31905
    status:
      code: 200
      message: OK
- request:
    body: '{"location": "westus", "tags": {}, "properties": {"hardwareProfile": {"vmSize":
      "Standard_DS1_v2"}, "storageProfile": {"osDisk": {"osType": "Linux", "name":
      "vm-diskattach-test_OsDisk_1_13cf8a29638a4bb0875afda8cc170242", "caching": "ReadWrite",
      "createOption": "FromImage", "diskSizeGB": 30, "managedDisk": {"id": "/subscriptions/00000000-0000-0000-0000-000000000000/resourceGroups/cli-test-disk000001/providers/Microsoft.Compute/disks/vm-diskattach-test_OsDisk_1_13cf8a29638a4bb0875afda8cc170242",
      "storageAccountType": "Premium_LRS"}, "deleteOption": "Detach"}, "dataDisks":
      [{"lun": 0, "name": "d1", "caching": "None", "createOption": "Attach", "diskSizeGB":
      1, "managedDisk": {"id": "/subscriptions/00000000-0000-0000-0000-000000000000/resourceGroups/cli-test-disk000001/providers/Microsoft.Compute/disks/d1",
      "storageAccountType": "Premium_LRS"}, "toBeDetached": false, "deleteOption":
      "Detach"}]}, "osProfile": {"computerName": "vm-diskattach-test", "adminUsername":
      "admin123", "linuxConfiguration": {"disablePasswordAuthentication": false, "provisionVMAgent":
      true, "patchSettings": {"patchMode": "ImageDefault", "assessmentMode": "ImageDefault"}},
      "secrets": [], "allowExtensionOperations": true, "requireGuestProvisionSignal":
      true}, "networkProfile": {"networkInterfaces": [{"id": "/subscriptions/00000000-0000-0000-0000-000000000000/resourceGroups/cli-test-disk000001/providers/Microsoft.Network/networkInterfaces/vm-diskattach-testVMNic"}]}}}'
    headers:
      Accept:
      - application/json
      Accept-Encoding:
      - gzip, deflate
      CommandName:
      - vm disk detach
      Connection:
      - keep-alive
      Content-Length:
      - '1455'
      Content-Type:
      - application/json
      ParameterSetName:
      - -g --vm-name -n
      User-Agent:
      - AZURECLI/2.32.0 azsdk-python-azure-mgmt-compute/23.1.0 Python/3.9.5 (Windows-10-10.0.19044-SP0)
    method: PUT
    uri: https://management.azure.com/subscriptions/00000000-0000-0000-0000-000000000000/resourceGroups/cli-test-disk000001/providers/Microsoft.Compute/virtualMachines/vm-diskattach-test?api-version=2021-07-01
  response:
    body:
      string: "{\r\n  \"name\": \"vm-diskattach-test\",\r\n  \"id\": \"/subscriptions/00000000-0000-0000-0000-000000000000/resourceGroups/cli-test-disk000001/providers/Microsoft.Compute/virtualMachines/vm-diskattach-test\",\r\n
        \ \"type\": \"Microsoft.Compute/virtualMachines\",\r\n  \"location\": \"westus\",\r\n
        \ \"tags\": {},\r\n  \"properties\": {\r\n    \"vmId\": \"18fd7398-c38b-40dd-b5c8-611d0b6357d0\",\r\n
        \   \"hardwareProfile\": {\r\n      \"vmSize\": \"Standard_DS1_v2\"\r\n    },\r\n
        \   \"storageProfile\": {\r\n      \"imageReference\": {\r\n        \"publisher\":
        \"OpenLogic\",\r\n        \"offer\": \"CentOS\",\r\n        \"sku\": \"7.5\",\r\n
        \       \"version\": \"latest\",\r\n        \"exactVersion\": \"7.5.201808150\"\r\n
        \     },\r\n      \"osDisk\": {\r\n        \"osType\": \"Linux\",\r\n        \"name\":
        \"vm-diskattach-test_OsDisk_1_13cf8a29638a4bb0875afda8cc170242\",\r\n        \"createOption\":
        \"FromImage\",\r\n        \"caching\": \"ReadWrite\",\r\n        \"managedDisk\":
        {\r\n          \"storageAccountType\": \"Premium_LRS\",\r\n          \"id\":
        \"/subscriptions/00000000-0000-0000-0000-000000000000/resourceGroups/cli-test-disk000001/providers/Microsoft.Compute/disks/vm-diskattach-test_OsDisk_1_13cf8a29638a4bb0875afda8cc170242\"\r\n
        \       },\r\n        \"deleteOption\": \"Detach\",\r\n        \"diskSizeGB\":
        30\r\n      },\r\n      \"dataDisks\": [\r\n        {\r\n          \"lun\":
        2,\r\n          \"name\": \"d2\",\r\n          \"createOption\": \"Empty\",\r\n
        \         \"caching\": \"None\",\r\n          \"managedDisk\": {\r\n            \"storageAccountType\":
        \"Standard_LRS\",\r\n            \"id\": \"/subscriptions/00000000-0000-0000-0000-000000000000/resourceGroups/cli-test-disk000001/providers/Microsoft.Compute/disks/d2\"\r\n
        \         },\r\n          \"deleteOption\": \"Detach\",\r\n          \"diskSizeGB\":
        2,\r\n          \"toBeDetached\": true\r\n        },\r\n        {\r\n          \"lun\":
        0,\r\n          \"name\": \"d1\",\r\n          \"createOption\": \"Attach\",\r\n
        \         \"caching\": \"None\",\r\n          \"managedDisk\": {\r\n            \"storageAccountType\":
        \"Premium_LRS\",\r\n            \"id\": \"/subscriptions/00000000-0000-0000-0000-000000000000/resourceGroups/cli-test-disk000001/providers/Microsoft.Compute/disks/d1\"\r\n
        \         },\r\n          \"deleteOption\": \"Detach\",\r\n          \"diskSizeGB\":
        1,\r\n          \"toBeDetached\": false\r\n        }\r\n      ]\r\n    },\r\n
        \   \"osProfile\": {\r\n      \"computerName\": \"vm-diskattach-test\",\r\n
        \     \"adminUsername\": \"admin123\",\r\n      \"linuxConfiguration\": {\r\n
        \       \"disablePasswordAuthentication\": false,\r\n        \"provisionVMAgent\":
        true,\r\n        \"patchSettings\": {\r\n          \"patchMode\": \"ImageDefault\",\r\n
        \         \"assessmentMode\": \"ImageDefault\"\r\n        }\r\n      },\r\n
        \     \"secrets\": [],\r\n      \"allowExtensionOperations\": true,\r\n      \"requireGuestProvisionSignal\":
        true\r\n    },\r\n    \"networkProfile\": {\"networkInterfaces\":[{\"id\":\"/subscriptions/00000000-0000-0000-0000-000000000000/resourceGroups/cli-test-disk000001/providers/Microsoft.Network/networkInterfaces/vm-diskattach-testVMNic\"}]},\r\n
        \   \"provisioningState\": \"Updating\"\r\n  }\r\n}"
    headers:
      azure-asyncnotification:
      - Enabled
      azure-asyncoperation:
      - https://management.azure.com/subscriptions/00000000-0000-0000-0000-000000000000/providers/Microsoft.Compute/locations/westus/operations/09a727e9-8041-4a3b-a59e-0dc8002ca1e9?p=571046f6-b640-41c1-86f7-f9f044b5adf9&api-version=2021-07-01
      cache-control:
      - no-cache
      content-length:
      - '2902'
      content-type:
      - application/json; charset=utf-8
      date:
      - Thu, 27 Jan 2022 04:28:36 GMT
      expires:
      - '-1'
      pragma:
      - no-cache
      server:
      - Microsoft-HTTPAPI/2.0
      - Microsoft-HTTPAPI/2.0
      strict-transport-security:
      - max-age=31536000; includeSubDomains
      transfer-encoding:
      - chunked
      vary:
      - Accept-Encoding
      x-content-type-options:
      - nosniff
      x-ms-ratelimit-remaining-resource:
      - Microsoft.Compute/PutVM3Min;233,Microsoft.Compute/PutVM30Min;1184
      x-ms-ratelimit-remaining-subscription-writes:
      - '1196'
    status:
      code: 200
      message: OK
- request:
    body: null
    headers:
      Accept:
      - '*/*'
      Accept-Encoding:
      - gzip, deflate
      CommandName:
      - vm disk detach
      Connection:
      - keep-alive
      ParameterSetName:
      - -g --vm-name -n
      User-Agent:
      - AZURECLI/2.32.0 azsdk-python-azure-mgmt-compute/23.1.0 Python/3.9.5 (Windows-10-10.0.19044-SP0)
    method: GET
    uri: https://management.azure.com/subscriptions/00000000-0000-0000-0000-000000000000/providers/Microsoft.Compute/locations/westus/operations/09a727e9-8041-4a3b-a59e-0dc8002ca1e9?p=571046f6-b640-41c1-86f7-f9f044b5adf9&api-version=2021-07-01
  response:
    body:
      string: "{\r\n  \"startTime\": \"2022-01-27T04:28:35.7208966+00:00\",\r\n  \"endTime\":
        \"2022-01-27T04:28:43.9084102+00:00\",\r\n  \"status\": \"Succeeded\",\r\n
        \ \"name\": \"09a727e9-8041-4a3b-a59e-0dc8002ca1e9\"\r\n}"
    headers:
      cache-control:
      - no-cache
      content-length:
      - '184'
      content-type:
      - application/json; charset=utf-8
      date:
      - Thu, 27 Jan 2022 04:29:07 GMT
      expires:
      - '-1'
      pragma:
      - no-cache
      server:
      - Microsoft-HTTPAPI/2.0
      - Microsoft-HTTPAPI/2.0
      strict-transport-security:
      - max-age=31536000; includeSubDomains
      transfer-encoding:
      - chunked
      vary:
      - Accept-Encoding
      x-content-type-options:
      - nosniff
      x-ms-ratelimit-remaining-resource:
      - Microsoft.Compute/GetOperation3Min;14967,Microsoft.Compute/GetOperation30Min;29916
    status:
      code: 200
      message: OK
- request:
    body: null
    headers:
      Accept:
      - '*/*'
      Accept-Encoding:
      - gzip, deflate
      CommandName:
      - vm disk detach
      Connection:
      - keep-alive
      ParameterSetName:
      - -g --vm-name -n
      User-Agent:
      - AZURECLI/2.32.0 azsdk-python-azure-mgmt-compute/23.1.0 Python/3.9.5 (Windows-10-10.0.19044-SP0)
    method: GET
    uri: https://management.azure.com/subscriptions/00000000-0000-0000-0000-000000000000/resourceGroups/cli-test-disk000001/providers/Microsoft.Compute/virtualMachines/vm-diskattach-test?api-version=2021-07-01
  response:
    body:
      string: "{\r\n  \"name\": \"vm-diskattach-test\",\r\n  \"id\": \"/subscriptions/00000000-0000-0000-0000-000000000000/resourceGroups/cli-test-disk000001/providers/Microsoft.Compute/virtualMachines/vm-diskattach-test\",\r\n
        \ \"type\": \"Microsoft.Compute/virtualMachines\",\r\n  \"location\": \"westus\",\r\n
        \ \"tags\": {},\r\n  \"properties\": {\r\n    \"vmId\": \"18fd7398-c38b-40dd-b5c8-611d0b6357d0\",\r\n
        \   \"hardwareProfile\": {\r\n      \"vmSize\": \"Standard_DS1_v2\"\r\n    },\r\n
        \   \"storageProfile\": {\r\n      \"imageReference\": {\r\n        \"publisher\":
        \"OpenLogic\",\r\n        \"offer\": \"CentOS\",\r\n        \"sku\": \"7.5\",\r\n
        \       \"version\": \"latest\",\r\n        \"exactVersion\": \"7.5.201808150\"\r\n
        \     },\r\n      \"osDisk\": {\r\n        \"osType\": \"Linux\",\r\n        \"name\":
        \"vm-diskattach-test_OsDisk_1_13cf8a29638a4bb0875afda8cc170242\",\r\n        \"createOption\":
        \"FromImage\",\r\n        \"caching\": \"ReadWrite\",\r\n        \"managedDisk\":
        {\r\n          \"storageAccountType\": \"Premium_LRS\",\r\n          \"id\":
        \"/subscriptions/00000000-0000-0000-0000-000000000000/resourceGroups/cli-test-disk000001/providers/Microsoft.Compute/disks/vm-diskattach-test_OsDisk_1_13cf8a29638a4bb0875afda8cc170242\"\r\n
        \       },\r\n        \"deleteOption\": \"Detach\",\r\n        \"diskSizeGB\":
        30\r\n      },\r\n      \"dataDisks\": [\r\n        {\r\n          \"lun\":
        0,\r\n          \"name\": \"d1\",\r\n          \"createOption\": \"Attach\",\r\n
        \         \"caching\": \"None\",\r\n          \"managedDisk\": {\r\n            \"storageAccountType\":
        \"Premium_LRS\",\r\n            \"id\": \"/subscriptions/00000000-0000-0000-0000-000000000000/resourceGroups/cli-test-disk000001/providers/Microsoft.Compute/disks/d1\"\r\n
        \         },\r\n          \"deleteOption\": \"Detach\",\r\n          \"diskSizeGB\":
        1,\r\n          \"toBeDetached\": false\r\n        }\r\n      ]\r\n    },\r\n
        \   \"osProfile\": {\r\n      \"computerName\": \"vm-diskattach-test\",\r\n
        \     \"adminUsername\": \"admin123\",\r\n      \"linuxConfiguration\": {\r\n
        \       \"disablePasswordAuthentication\": false,\r\n        \"provisionVMAgent\":
        true,\r\n        \"patchSettings\": {\r\n          \"patchMode\": \"ImageDefault\",\r\n
        \         \"assessmentMode\": \"ImageDefault\"\r\n        }\r\n      },\r\n
        \     \"secrets\": [],\r\n      \"allowExtensionOperations\": true,\r\n      \"requireGuestProvisionSignal\":
        true\r\n    },\r\n    \"networkProfile\": {\"networkInterfaces\":[{\"id\":\"/subscriptions/00000000-0000-0000-0000-000000000000/resourceGroups/cli-test-disk000001/providers/Microsoft.Network/networkInterfaces/vm-diskattach-testVMNic\"}]},\r\n
        \   \"provisioningState\": \"Succeeded\"\r\n  }\r\n}"
    headers:
      cache-control:
      - no-cache
      content-length:
      - '2433'
      content-type:
      - application/json; charset=utf-8
      date:
      - Thu, 27 Jan 2022 04:29:08 GMT
      expires:
      - '-1'
      pragma:
      - no-cache
      server:
      - Microsoft-HTTPAPI/2.0
      - Microsoft-HTTPAPI/2.0
      strict-transport-security:
      - max-age=31536000; includeSubDomains
      transfer-encoding:
      - chunked
      vary:
      - Accept-Encoding
      x-content-type-options:
      - nosniff
      x-ms-ratelimit-remaining-resource:
      - Microsoft.Compute/LowCostGet3Min;3958,Microsoft.Compute/LowCostGet30Min;31895
    status:
      code: 200
      message: OK
- request:
    body: null
    headers:
      Accept:
      - application/json
      Accept-Encoding:
      - gzip, deflate
      CommandName:
      - vm disk detach
      Connection:
      - keep-alive
      ParameterSetName:
      - -g --vm-name -n
      User-Agent:
      - AZURECLI/2.32.0 azsdk-python-azure-mgmt-compute/23.1.0 Python/3.9.5 (Windows-10-10.0.19044-SP0)
    method: GET
    uri: https://management.azure.com/subscriptions/00000000-0000-0000-0000-000000000000/resourceGroups/cli-test-disk000001/providers/Microsoft.Compute/virtualMachines/vm-diskattach-test?api-version=2021-07-01
  response:
    body:
      string: "{\r\n  \"name\": \"vm-diskattach-test\",\r\n  \"id\": \"/subscriptions/00000000-0000-0000-0000-000000000000/resourceGroups/cli-test-disk000001/providers/Microsoft.Compute/virtualMachines/vm-diskattach-test\",\r\n
        \ \"type\": \"Microsoft.Compute/virtualMachines\",\r\n  \"location\": \"westus\",\r\n
        \ \"tags\": {},\r\n  \"properties\": {\r\n    \"vmId\": \"18fd7398-c38b-40dd-b5c8-611d0b6357d0\",\r\n
        \   \"hardwareProfile\": {\r\n      \"vmSize\": \"Standard_DS1_v2\"\r\n    },\r\n
        \   \"storageProfile\": {\r\n      \"imageReference\": {\r\n        \"publisher\":
        \"OpenLogic\",\r\n        \"offer\": \"CentOS\",\r\n        \"sku\": \"7.5\",\r\n
        \       \"version\": \"latest\",\r\n        \"exactVersion\": \"7.5.201808150\"\r\n
        \     },\r\n      \"osDisk\": {\r\n        \"osType\": \"Linux\",\r\n        \"name\":
        \"vm-diskattach-test_OsDisk_1_13cf8a29638a4bb0875afda8cc170242\",\r\n        \"createOption\":
        \"FromImage\",\r\n        \"caching\": \"ReadWrite\",\r\n        \"managedDisk\":
        {\r\n          \"storageAccountType\": \"Premium_LRS\",\r\n          \"id\":
        \"/subscriptions/00000000-0000-0000-0000-000000000000/resourceGroups/cli-test-disk000001/providers/Microsoft.Compute/disks/vm-diskattach-test_OsDisk_1_13cf8a29638a4bb0875afda8cc170242\"\r\n
        \       },\r\n        \"deleteOption\": \"Detach\",\r\n        \"diskSizeGB\":
        30\r\n      },\r\n      \"dataDisks\": [\r\n        {\r\n          \"lun\":
        0,\r\n          \"name\": \"d1\",\r\n          \"createOption\": \"Attach\",\r\n
        \         \"caching\": \"None\",\r\n          \"managedDisk\": {\r\n            \"storageAccountType\":
        \"Premium_LRS\",\r\n            \"id\": \"/subscriptions/00000000-0000-0000-0000-000000000000/resourceGroups/cli-test-disk000001/providers/Microsoft.Compute/disks/d1\"\r\n
        \         },\r\n          \"deleteOption\": \"Detach\",\r\n          \"diskSizeGB\":
        1,\r\n          \"toBeDetached\": false\r\n        }\r\n      ]\r\n    },\r\n
        \   \"osProfile\": {\r\n      \"computerName\": \"vm-diskattach-test\",\r\n
        \     \"adminUsername\": \"admin123\",\r\n      \"linuxConfiguration\": {\r\n
        \       \"disablePasswordAuthentication\": false,\r\n        \"provisionVMAgent\":
        true,\r\n        \"patchSettings\": {\r\n          \"patchMode\": \"ImageDefault\",\r\n
        \         \"assessmentMode\": \"ImageDefault\"\r\n        }\r\n      },\r\n
        \     \"secrets\": [],\r\n      \"allowExtensionOperations\": true,\r\n      \"requireGuestProvisionSignal\":
        true\r\n    },\r\n    \"networkProfile\": {\"networkInterfaces\":[{\"id\":\"/subscriptions/00000000-0000-0000-0000-000000000000/resourceGroups/cli-test-disk000001/providers/Microsoft.Network/networkInterfaces/vm-diskattach-testVMNic\"}]},\r\n
        \   \"provisioningState\": \"Succeeded\"\r\n  }\r\n}"
    headers:
      cache-control:
      - no-cache
      content-length:
      - '2433'
      content-type:
      - application/json; charset=utf-8
      date:
      - Thu, 27 Jan 2022 04:29:08 GMT
      expires:
      - '-1'
      pragma:
      - no-cache
      server:
      - Microsoft-HTTPAPI/2.0
      - Microsoft-HTTPAPI/2.0
      strict-transport-security:
      - max-age=31536000; includeSubDomains
      transfer-encoding:
      - chunked
      vary:
      - Accept-Encoding
      x-content-type-options:
      - nosniff
      x-ms-ratelimit-remaining-resource:
      - Microsoft.Compute/LowCostGet3Min;3957,Microsoft.Compute/LowCostGet30Min;31894
    status:
      code: 200
      message: OK
- request:
    body: '{"location": "westus", "tags": {}, "properties": {"hardwareProfile": {"vmSize":
      "Standard_DS1_v2"}, "storageProfile": {"osDisk": {"osType": "Linux", "name":
      "vm-diskattach-test_OsDisk_1_13cf8a29638a4bb0875afda8cc170242", "caching": "ReadWrite",
      "createOption": "FromImage", "diskSizeGB": 30, "managedDisk": {"id": "/subscriptions/00000000-0000-0000-0000-000000000000/resourceGroups/cli-test-disk000001/providers/Microsoft.Compute/disks/vm-diskattach-test_OsDisk_1_13cf8a29638a4bb0875afda8cc170242",
      "storageAccountType": "Premium_LRS"}, "deleteOption": "Detach"}, "dataDisks":
      []}, "osProfile": {"computerName": "vm-diskattach-test", "adminUsername": "admin123",
      "linuxConfiguration": {"disablePasswordAuthentication": false, "provisionVMAgent":
      true, "patchSettings": {"patchMode": "ImageDefault", "assessmentMode": "ImageDefault"}},
      "secrets": [], "allowExtensionOperations": true, "requireGuestProvisionSignal":
      true}, "networkProfile": {"networkInterfaces": [{"id": "/subscriptions/00000000-0000-0000-0000-000000000000/resourceGroups/cli-test-disk000001/providers/Microsoft.Network/networkInterfaces/vm-diskattach-testVMNic"}]}}}'
    headers:
      Accept:
      - application/json
      Accept-Encoding:
      - gzip, deflate
      CommandName:
      - vm disk detach
      Connection:
      - keep-alive
      Content-Length:
      - '1133'
      Content-Type:
      - application/json
      ParameterSetName:
      - -g --vm-name -n
      User-Agent:
      - AZURECLI/2.32.0 azsdk-python-azure-mgmt-compute/23.1.0 Python/3.9.5 (Windows-10-10.0.19044-SP0)
    method: PUT
    uri: https://management.azure.com/subscriptions/00000000-0000-0000-0000-000000000000/resourceGroups/cli-test-disk000001/providers/Microsoft.Compute/virtualMachines/vm-diskattach-test?api-version=2021-07-01
  response:
    body:
      string: "{\r\n  \"name\": \"vm-diskattach-test\",\r\n  \"id\": \"/subscriptions/00000000-0000-0000-0000-000000000000/resourceGroups/cli-test-disk000001/providers/Microsoft.Compute/virtualMachines/vm-diskattach-test\",\r\n
        \ \"type\": \"Microsoft.Compute/virtualMachines\",\r\n  \"location\": \"westus\",\r\n
        \ \"tags\": {},\r\n  \"properties\": {\r\n    \"vmId\": \"18fd7398-c38b-40dd-b5c8-611d0b6357d0\",\r\n
        \   \"hardwareProfile\": {\r\n      \"vmSize\": \"Standard_DS1_v2\"\r\n    },\r\n
        \   \"storageProfile\": {\r\n      \"imageReference\": {\r\n        \"publisher\":
        \"OpenLogic\",\r\n        \"offer\": \"CentOS\",\r\n        \"sku\": \"7.5\",\r\n
        \       \"version\": \"latest\",\r\n        \"exactVersion\": \"7.5.201808150\"\r\n
        \     },\r\n      \"osDisk\": {\r\n        \"osType\": \"Linux\",\r\n        \"name\":
        \"vm-diskattach-test_OsDisk_1_13cf8a29638a4bb0875afda8cc170242\",\r\n        \"createOption\":
        \"FromImage\",\r\n        \"caching\": \"ReadWrite\",\r\n        \"managedDisk\":
        {\r\n          \"storageAccountType\": \"Premium_LRS\",\r\n          \"id\":
        \"/subscriptions/00000000-0000-0000-0000-000000000000/resourceGroups/cli-test-disk000001/providers/Microsoft.Compute/disks/vm-diskattach-test_OsDisk_1_13cf8a29638a4bb0875afda8cc170242\"\r\n
        \       },\r\n        \"deleteOption\": \"Detach\",\r\n        \"diskSizeGB\":
        30\r\n      },\r\n      \"dataDisks\": [\r\n        {\r\n          \"lun\":
        0,\r\n          \"name\": \"d1\",\r\n          \"createOption\": \"Attach\",\r\n
        \         \"caching\": \"None\",\r\n          \"managedDisk\": {\r\n            \"storageAccountType\":
        \"Premium_LRS\",\r\n            \"id\": \"/subscriptions/00000000-0000-0000-0000-000000000000/resourceGroups/cli-test-disk000001/providers/Microsoft.Compute/disks/d1\"\r\n
        \         },\r\n          \"deleteOption\": \"Detach\",\r\n          \"diskSizeGB\":
        1,\r\n          \"toBeDetached\": true\r\n        }\r\n      ]\r\n    },\r\n
        \   \"osProfile\": {\r\n      \"computerName\": \"vm-diskattach-test\",\r\n
        \     \"adminUsername\": \"admin123\",\r\n      \"linuxConfiguration\": {\r\n
        \       \"disablePasswordAuthentication\": false,\r\n        \"provisionVMAgent\":
        true,\r\n        \"patchSettings\": {\r\n          \"patchMode\": \"ImageDefault\",\r\n
        \         \"assessmentMode\": \"ImageDefault\"\r\n        }\r\n      },\r\n
        \     \"secrets\": [],\r\n      \"allowExtensionOperations\": true,\r\n      \"requireGuestProvisionSignal\":
        true\r\n    },\r\n    \"networkProfile\": {\"networkInterfaces\":[{\"id\":\"/subscriptions/00000000-0000-0000-0000-000000000000/resourceGroups/cli-test-disk000001/providers/Microsoft.Network/networkInterfaces/vm-diskattach-testVMNic\"}]},\r\n
        \   \"provisioningState\": \"Updating\"\r\n  }\r\n}"
    headers:
      azure-asyncnotification:
      - Enabled
      azure-asyncoperation:
      - https://management.azure.com/subscriptions/00000000-0000-0000-0000-000000000000/providers/Microsoft.Compute/locations/westus/operations/d4770108-f42a-4d82-84f4-8b26c15da2af?p=571046f6-b640-41c1-86f7-f9f044b5adf9&api-version=2021-07-01
      cache-control:
      - no-cache
      content-length:
      - '2431'
      content-type:
      - application/json; charset=utf-8
      date:
      - Thu, 27 Jan 2022 04:29:15 GMT
      expires:
      - '-1'
      pragma:
      - no-cache
      server:
      - Microsoft-HTTPAPI/2.0
      - Microsoft-HTTPAPI/2.0
      strict-transport-security:
      - max-age=31536000; includeSubDomains
      transfer-encoding:
      - chunked
      vary:
      - Accept-Encoding
      x-content-type-options:
      - nosniff
      x-ms-ratelimit-remaining-resource:
      - Microsoft.Compute/PutVM3Min;233,Microsoft.Compute/PutVM30Min;1183
      x-ms-ratelimit-remaining-subscription-writes:
      - '1198'
    status:
      code: 200
      message: OK
- request:
    body: null
    headers:
      Accept:
      - '*/*'
      Accept-Encoding:
      - gzip, deflate
      CommandName:
      - vm disk detach
      Connection:
      - keep-alive
      ParameterSetName:
      - -g --vm-name -n
      User-Agent:
      - AZURECLI/2.32.0 azsdk-python-azure-mgmt-compute/23.1.0 Python/3.9.5 (Windows-10-10.0.19044-SP0)
    method: GET
    uri: https://management.azure.com/subscriptions/00000000-0000-0000-0000-000000000000/providers/Microsoft.Compute/locations/westus/operations/d4770108-f42a-4d82-84f4-8b26c15da2af?p=571046f6-b640-41c1-86f7-f9f044b5adf9&api-version=2021-07-01
  response:
    body:
      string: "{\r\n  \"startTime\": \"2022-01-27T04:29:12.5021965+00:00\",\r\n  \"endTime\":
        \"2022-01-27T04:29:20.5178208+00:00\",\r\n  \"status\": \"Succeeded\",\r\n
        \ \"name\": \"d4770108-f42a-4d82-84f4-8b26c15da2af\"\r\n}"
    headers:
      cache-control:
      - no-cache
      content-length:
      - '184'
      content-type:
      - application/json; charset=utf-8
      date:
      - Thu, 27 Jan 2022 04:29:45 GMT
      expires:
      - '-1'
      pragma:
      - no-cache
      server:
      - Microsoft-HTTPAPI/2.0
      - Microsoft-HTTPAPI/2.0
      strict-transport-security:
      - max-age=31536000; includeSubDomains
      transfer-encoding:
      - chunked
      vary:
      - Accept-Encoding
      x-content-type-options:
      - nosniff
      x-ms-ratelimit-remaining-resource:
      - Microsoft.Compute/GetOperation3Min;14963,Microsoft.Compute/GetOperation30Min;29909
    status:
      code: 200
      message: OK
- request:
    body: null
    headers:
      Accept:
      - '*/*'
      Accept-Encoding:
      - gzip, deflate
      CommandName:
      - vm disk detach
      Connection:
      - keep-alive
      ParameterSetName:
      - -g --vm-name -n
      User-Agent:
      - AZURECLI/2.32.0 azsdk-python-azure-mgmt-compute/23.1.0 Python/3.9.5 (Windows-10-10.0.19044-SP0)
    method: GET
    uri: https://management.azure.com/subscriptions/00000000-0000-0000-0000-000000000000/resourceGroups/cli-test-disk000001/providers/Microsoft.Compute/virtualMachines/vm-diskattach-test?api-version=2021-07-01
  response:
    body:
      string: "{\r\n  \"name\": \"vm-diskattach-test\",\r\n  \"id\": \"/subscriptions/00000000-0000-0000-0000-000000000000/resourceGroups/cli-test-disk000001/providers/Microsoft.Compute/virtualMachines/vm-diskattach-test\",\r\n
        \ \"type\": \"Microsoft.Compute/virtualMachines\",\r\n  \"location\": \"westus\",\r\n
        \ \"tags\": {},\r\n  \"properties\": {\r\n    \"vmId\": \"18fd7398-c38b-40dd-b5c8-611d0b6357d0\",\r\n
        \   \"hardwareProfile\": {\r\n      \"vmSize\": \"Standard_DS1_v2\"\r\n    },\r\n
        \   \"storageProfile\": {\r\n      \"imageReference\": {\r\n        \"publisher\":
        \"OpenLogic\",\r\n        \"offer\": \"CentOS\",\r\n        \"sku\": \"7.5\",\r\n
        \       \"version\": \"latest\",\r\n        \"exactVersion\": \"7.5.201808150\"\r\n
        \     },\r\n      \"osDisk\": {\r\n        \"osType\": \"Linux\",\r\n        \"name\":
        \"vm-diskattach-test_OsDisk_1_13cf8a29638a4bb0875afda8cc170242\",\r\n        \"createOption\":
        \"FromImage\",\r\n        \"caching\": \"ReadWrite\",\r\n        \"managedDisk\":
        {\r\n          \"storageAccountType\": \"Premium_LRS\",\r\n          \"id\":
        \"/subscriptions/00000000-0000-0000-0000-000000000000/resourceGroups/cli-test-disk000001/providers/Microsoft.Compute/disks/vm-diskattach-test_OsDisk_1_13cf8a29638a4bb0875afda8cc170242\"\r\n
        \       },\r\n        \"deleteOption\": \"Detach\",\r\n        \"diskSizeGB\":
        30\r\n      },\r\n      \"dataDisks\": []\r\n    },\r\n    \"osProfile\":
        {\r\n      \"computerName\": \"vm-diskattach-test\",\r\n      \"adminUsername\":
        \"admin123\",\r\n      \"linuxConfiguration\": {\r\n        \"disablePasswordAuthentication\":
        false,\r\n        \"provisionVMAgent\": true,\r\n        \"patchSettings\":
        {\r\n          \"patchMode\": \"ImageDefault\",\r\n          \"assessmentMode\":
        \"ImageDefault\"\r\n        }\r\n      },\r\n      \"secrets\": [],\r\n      \"allowExtensionOperations\":
        true,\r\n      \"requireGuestProvisionSignal\": true\r\n    },\r\n    \"networkProfile\":
        {\"networkInterfaces\":[{\"id\":\"/subscriptions/00000000-0000-0000-0000-000000000000/resourceGroups/cli-test-disk000001/providers/Microsoft.Network/networkInterfaces/vm-diskattach-testVMNic\"}]},\r\n
        \   \"provisioningState\": \"Succeeded\"\r\n  }\r\n}"
    headers:
      cache-control:
      - no-cache
      content-length:
      - '1955'
      content-type:
      - application/json; charset=utf-8
      date:
      - Thu, 27 Jan 2022 04:29:46 GMT
      expires:
      - '-1'
      pragma:
      - no-cache
      server:
      - Microsoft-HTTPAPI/2.0
      - Microsoft-HTTPAPI/2.0
      strict-transport-security:
      - max-age=31536000; includeSubDomains
      transfer-encoding:
      - chunked
      vary:
      - Accept-Encoding
      x-content-type-options:
      - nosniff
      x-ms-ratelimit-remaining-resource:
      - Microsoft.Compute/LowCostGet3Min;3956,Microsoft.Compute/LowCostGet30Min;31888
    status:
      code: 200
      message: OK
- request:
    body: null
    headers:
      Accept:
      - application/json
      Accept-Encoding:
      - gzip, deflate
      CommandName:
      - vm show
      Connection:
      - keep-alive
      ParameterSetName:
      - -g -n
      User-Agent:
      - AZURECLI/2.32.0 azsdk-python-azure-mgmt-compute/23.1.0 Python/3.9.5 (Windows-10-10.0.19044-SP0)
    method: GET
    uri: https://management.azure.com/subscriptions/00000000-0000-0000-0000-000000000000/resourceGroups/cli-test-disk000001/providers/Microsoft.Compute/virtualMachines/vm-diskattach-test?api-version=2021-07-01
  response:
    body:
      string: "{\r\n  \"name\": \"vm-diskattach-test\",\r\n  \"id\": \"/subscriptions/00000000-0000-0000-0000-000000000000/resourceGroups/cli-test-disk000001/providers/Microsoft.Compute/virtualMachines/vm-diskattach-test\",\r\n
        \ \"type\": \"Microsoft.Compute/virtualMachines\",\r\n  \"location\": \"westus\",\r\n
        \ \"tags\": {},\r\n  \"properties\": {\r\n    \"vmId\": \"18fd7398-c38b-40dd-b5c8-611d0b6357d0\",\r\n
        \   \"hardwareProfile\": {\r\n      \"vmSize\": \"Standard_DS1_v2\"\r\n    },\r\n
        \   \"storageProfile\": {\r\n      \"imageReference\": {\r\n        \"publisher\":
        \"OpenLogic\",\r\n        \"offer\": \"CentOS\",\r\n        \"sku\": \"7.5\",\r\n
        \       \"version\": \"latest\",\r\n        \"exactVersion\": \"7.5.201808150\"\r\n
        \     },\r\n      \"osDisk\": {\r\n        \"osType\": \"Linux\",\r\n        \"name\":
        \"vm-diskattach-test_OsDisk_1_13cf8a29638a4bb0875afda8cc170242\",\r\n        \"createOption\":
        \"FromImage\",\r\n        \"caching\": \"ReadWrite\",\r\n        \"managedDisk\":
        {\r\n          \"storageAccountType\": \"Premium_LRS\",\r\n          \"id\":
        \"/subscriptions/00000000-0000-0000-0000-000000000000/resourceGroups/cli-test-disk000001/providers/Microsoft.Compute/disks/vm-diskattach-test_OsDisk_1_13cf8a29638a4bb0875afda8cc170242\"\r\n
        \       },\r\n        \"deleteOption\": \"Detach\",\r\n        \"diskSizeGB\":
        30\r\n      },\r\n      \"dataDisks\": []\r\n    },\r\n    \"osProfile\":
        {\r\n      \"computerName\": \"vm-diskattach-test\",\r\n      \"adminUsername\":
        \"admin123\",\r\n      \"linuxConfiguration\": {\r\n        \"disablePasswordAuthentication\":
        false,\r\n        \"provisionVMAgent\": true,\r\n        \"patchSettings\":
        {\r\n          \"patchMode\": \"ImageDefault\",\r\n          \"assessmentMode\":
        \"ImageDefault\"\r\n        }\r\n      },\r\n      \"secrets\": [],\r\n      \"allowExtensionOperations\":
        true,\r\n      \"requireGuestProvisionSignal\": true\r\n    },\r\n    \"networkProfile\":
        {\"networkInterfaces\":[{\"id\":\"/subscriptions/00000000-0000-0000-0000-000000000000/resourceGroups/cli-test-disk000001/providers/Microsoft.Network/networkInterfaces/vm-diskattach-testVMNic\"}]},\r\n
        \   \"provisioningState\": \"Succeeded\"\r\n  }\r\n}"
    headers:
      cache-control:
      - no-cache
      content-length:
      - '1955'
      content-type:
      - application/json; charset=utf-8
      date:
      - Thu, 27 Jan 2022 04:29:47 GMT
      expires:
      - '-1'
      pragma:
      - no-cache
      server:
      - Microsoft-HTTPAPI/2.0
      - Microsoft-HTTPAPI/2.0
      strict-transport-security:
      - max-age=31536000; includeSubDomains
      transfer-encoding:
      - chunked
      vary:
      - Accept-Encoding
      x-content-type-options:
      - nosniff
      x-ms-ratelimit-remaining-resource:
      - Microsoft.Compute/LowCostGet3Min;3955,Microsoft.Compute/LowCostGet30Min;31887
    status:
      code: 200
      message: OK
- request:
    body: null
    headers:
      Accept:
      - application/json
      Accept-Encoding:
      - gzip, deflate
      CommandName:
      - vm disk attach
      Connection:
      - keep-alive
      ParameterSetName:
      - -g --vm-name --name --caching --sku
      User-Agent:
      - AZURECLI/2.32.0 azsdk-python-azure-mgmt-compute/23.1.0 Python/3.9.5 (Windows-10-10.0.19044-SP0)
    method: GET
    uri: https://management.azure.com/subscriptions/00000000-0000-0000-0000-000000000000/resourceGroups/cli-test-disk000001/providers/Microsoft.Compute/virtualMachines/vm-diskattach-test?api-version=2021-07-01
  response:
    body:
      string: "{\r\n  \"name\": \"vm-diskattach-test\",\r\n  \"id\": \"/subscriptions/00000000-0000-0000-0000-000000000000/resourceGroups/cli-test-disk000001/providers/Microsoft.Compute/virtualMachines/vm-diskattach-test\",\r\n
        \ \"type\": \"Microsoft.Compute/virtualMachines\",\r\n  \"location\": \"westus\",\r\n
        \ \"tags\": {},\r\n  \"properties\": {\r\n    \"vmId\": \"18fd7398-c38b-40dd-b5c8-611d0b6357d0\",\r\n
        \   \"hardwareProfile\": {\r\n      \"vmSize\": \"Standard_DS1_v2\"\r\n    },\r\n
        \   \"storageProfile\": {\r\n      \"imageReference\": {\r\n        \"publisher\":
        \"OpenLogic\",\r\n        \"offer\": \"CentOS\",\r\n        \"sku\": \"7.5\",\r\n
        \       \"version\": \"latest\",\r\n        \"exactVersion\": \"7.5.201808150\"\r\n
        \     },\r\n      \"osDisk\": {\r\n        \"osType\": \"Linux\",\r\n        \"name\":
        \"vm-diskattach-test_OsDisk_1_13cf8a29638a4bb0875afda8cc170242\",\r\n        \"createOption\":
        \"FromImage\",\r\n        \"caching\": \"ReadWrite\",\r\n        \"managedDisk\":
        {\r\n          \"storageAccountType\": \"Premium_LRS\",\r\n          \"id\":
        \"/subscriptions/00000000-0000-0000-0000-000000000000/resourceGroups/cli-test-disk000001/providers/Microsoft.Compute/disks/vm-diskattach-test_OsDisk_1_13cf8a29638a4bb0875afda8cc170242\"\r\n
        \       },\r\n        \"deleteOption\": \"Detach\",\r\n        \"diskSizeGB\":
        30\r\n      },\r\n      \"dataDisks\": []\r\n    },\r\n    \"osProfile\":
        {\r\n      \"computerName\": \"vm-diskattach-test\",\r\n      \"adminUsername\":
        \"admin123\",\r\n      \"linuxConfiguration\": {\r\n        \"disablePasswordAuthentication\":
        false,\r\n        \"provisionVMAgent\": true,\r\n        \"patchSettings\":
        {\r\n          \"patchMode\": \"ImageDefault\",\r\n          \"assessmentMode\":
        \"ImageDefault\"\r\n        }\r\n      },\r\n      \"secrets\": [],\r\n      \"allowExtensionOperations\":
        true,\r\n      \"requireGuestProvisionSignal\": true\r\n    },\r\n    \"networkProfile\":
        {\"networkInterfaces\":[{\"id\":\"/subscriptions/00000000-0000-0000-0000-000000000000/resourceGroups/cli-test-disk000001/providers/Microsoft.Network/networkInterfaces/vm-diskattach-testVMNic\"}]},\r\n
        \   \"provisioningState\": \"Succeeded\"\r\n  }\r\n}"
    headers:
      cache-control:
      - no-cache
      content-length:
      - '1955'
      content-type:
      - application/json; charset=utf-8
      date:
      - Thu, 27 Jan 2022 04:29:47 GMT
      expires:
      - '-1'
      pragma:
      - no-cache
      server:
      - Microsoft-HTTPAPI/2.0
      - Microsoft-HTTPAPI/2.0
      strict-transport-security:
      - max-age=31536000; includeSubDomains
      transfer-encoding:
      - chunked
      vary:
      - Accept-Encoding
      x-content-type-options:
      - nosniff
      x-ms-ratelimit-remaining-resource:
      - Microsoft.Compute/LowCostGet3Min;3954,Microsoft.Compute/LowCostGet30Min;31886
    status:
      code: 200
      message: OK
- request:
    body: '{"location": "westus", "tags": {}, "properties": {"hardwareProfile": {"vmSize":
      "Standard_DS1_v2"}, "storageProfile": {"osDisk": {"osType": "Linux", "name":
      "vm-diskattach-test_OsDisk_1_13cf8a29638a4bb0875afda8cc170242", "caching": "ReadWrite",
      "createOption": "FromImage", "diskSizeGB": 30, "managedDisk": {"id": "/subscriptions/00000000-0000-0000-0000-000000000000/resourceGroups/cli-test-disk000001/providers/Microsoft.Compute/disks/vm-diskattach-test_OsDisk_1_13cf8a29638a4bb0875afda8cc170242",
      "storageAccountType": "Premium_LRS"}, "deleteOption": "Detach"}, "dataDisks":
      [{"lun": 0, "caching": "ReadWrite", "createOption": "Attach", "managedDisk":
      {"id": "/subscriptions/00000000-0000-0000-0000-000000000000/resourceGroups/cli-test-disk000001/providers/Microsoft.Compute/disks/d1",
      "storageAccountType": "Standard_LRS"}}]}, "osProfile": {"computerName": "vm-diskattach-test",
      "adminUsername": "admin123", "linuxConfiguration": {"disablePasswordAuthentication":
      false, "provisionVMAgent": true, "patchSettings": {"patchMode": "ImageDefault",
      "assessmentMode": "ImageDefault"}}, "secrets": [], "allowExtensionOperations":
      true, "requireGuestProvisionSignal": true}, "networkProfile": {"networkInterfaces":
      [{"id": "/subscriptions/00000000-0000-0000-0000-000000000000/resourceGroups/cli-test-disk000001/providers/Microsoft.Network/networkInterfaces/vm-diskattach-testVMNic"}]}}}'
    headers:
      Accept:
      - application/json
      Accept-Encoding:
      - gzip, deflate
      CommandName:
      - vm disk attach
      Connection:
      - keep-alive
      Content-Length:
      - '1381'
      Content-Type:
      - application/json
      ParameterSetName:
      - -g --vm-name --name --caching --sku
      User-Agent:
      - AZURECLI/2.32.0 azsdk-python-azure-mgmt-compute/23.1.0 Python/3.9.5 (Windows-10-10.0.19044-SP0)
    method: PUT
    uri: https://management.azure.com/subscriptions/00000000-0000-0000-0000-000000000000/resourceGroups/cli-test-disk000001/providers/Microsoft.Compute/virtualMachines/vm-diskattach-test?api-version=2021-07-01
  response:
    body:
      string: "{\r\n  \"name\": \"vm-diskattach-test\",\r\n  \"id\": \"/subscriptions/00000000-0000-0000-0000-000000000000/resourceGroups/cli-test-disk000001/providers/Microsoft.Compute/virtualMachines/vm-diskattach-test\",\r\n
        \ \"type\": \"Microsoft.Compute/virtualMachines\",\r\n  \"location\": \"westus\",\r\n
        \ \"tags\": {},\r\n  \"properties\": {\r\n    \"vmId\": \"18fd7398-c38b-40dd-b5c8-611d0b6357d0\",\r\n
        \   \"hardwareProfile\": {\r\n      \"vmSize\": \"Standard_DS1_v2\"\r\n    },\r\n
        \   \"storageProfile\": {\r\n      \"imageReference\": {\r\n        \"publisher\":
        \"OpenLogic\",\r\n        \"offer\": \"CentOS\",\r\n        \"sku\": \"7.5\",\r\n
        \       \"version\": \"latest\",\r\n        \"exactVersion\": \"7.5.201808150\"\r\n
        \     },\r\n      \"osDisk\": {\r\n        \"osType\": \"Linux\",\r\n        \"name\":
        \"vm-diskattach-test_OsDisk_1_13cf8a29638a4bb0875afda8cc170242\",\r\n        \"createOption\":
        \"FromImage\",\r\n        \"caching\": \"ReadWrite\",\r\n        \"managedDisk\":
        {\r\n          \"storageAccountType\": \"Premium_LRS\",\r\n          \"id\":
        \"/subscriptions/00000000-0000-0000-0000-000000000000/resourceGroups/cli-test-disk000001/providers/Microsoft.Compute/disks/vm-diskattach-test_OsDisk_1_13cf8a29638a4bb0875afda8cc170242\"\r\n
        \       },\r\n        \"deleteOption\": \"Detach\",\r\n        \"diskSizeGB\":
        30\r\n      },\r\n      \"dataDisks\": [\r\n        {\r\n          \"lun\":
        0,\r\n          \"name\": \"d1\",\r\n          \"createOption\": \"Attach\",\r\n
        \         \"caching\": \"ReadWrite\",\r\n          \"managedDisk\": {\r\n
        \           \"storageAccountType\": \"Standard_LRS\",\r\n            \"id\":
        \"/subscriptions/00000000-0000-0000-0000-000000000000/resourceGroups/cli-test-disk000001/providers/Microsoft.Compute/disks/d1\"\r\n
        \         },\r\n          \"deleteOption\": \"Detach\",\r\n          \"diskSizeGB\":
        1,\r\n          \"toBeDetached\": false\r\n        }\r\n      ]\r\n    },\r\n
        \   \"osProfile\": {\r\n      \"computerName\": \"vm-diskattach-test\",\r\n
        \     \"adminUsername\": \"admin123\",\r\n      \"linuxConfiguration\": {\r\n
        \       \"disablePasswordAuthentication\": false,\r\n        \"provisionVMAgent\":
        true,\r\n        \"patchSettings\": {\r\n          \"patchMode\": \"ImageDefault\",\r\n
        \         \"assessmentMode\": \"ImageDefault\"\r\n        }\r\n      },\r\n
        \     \"secrets\": [],\r\n      \"allowExtensionOperations\": true,\r\n      \"requireGuestProvisionSignal\":
        true\r\n    },\r\n    \"networkProfile\": {\"networkInterfaces\":[{\"id\":\"/subscriptions/00000000-0000-0000-0000-000000000000/resourceGroups/cli-test-disk000001/providers/Microsoft.Network/networkInterfaces/vm-diskattach-testVMNic\"}]},\r\n
        \   \"provisioningState\": \"Updating\"\r\n  }\r\n}"
    headers:
      azure-asyncnotification:
      - Enabled
      azure-asyncoperation:
      - https://management.azure.com/subscriptions/00000000-0000-0000-0000-000000000000/providers/Microsoft.Compute/locations/westus/operations/6c09d341-cfc6-48d7-88fa-4c5b5cee967a?p=571046f6-b640-41c1-86f7-f9f044b5adf9&api-version=2021-07-01
      cache-control:
      - no-cache
      content-length:
      - '2438'
      content-type:
      - application/json; charset=utf-8
      date:
      - Thu, 27 Jan 2022 04:29:54 GMT
      expires:
      - '-1'
      pragma:
      - no-cache
      server:
      - Microsoft-HTTPAPI/2.0
      - Microsoft-HTTPAPI/2.0
      strict-transport-security:
      - max-age=31536000; includeSubDomains
      transfer-encoding:
      - chunked
      vary:
      - Accept-Encoding
      x-content-type-options:
      - nosniff
      x-ms-ratelimit-remaining-resource:
      - Microsoft.Compute/PutVM3Min;235,Microsoft.Compute/PutVM30Min;1182
      x-ms-ratelimit-remaining-subscription-writes:
      - '1199'
    status:
      code: 200
      message: OK
- request:
    body: null
    headers:
      Accept:
      - '*/*'
      Accept-Encoding:
      - gzip, deflate
      CommandName:
      - vm disk attach
      Connection:
      - keep-alive
      ParameterSetName:
      - -g --vm-name --name --caching --sku
      User-Agent:
      - AZURECLI/2.32.0 azsdk-python-azure-mgmt-compute/23.1.0 Python/3.9.5 (Windows-10-10.0.19044-SP0)
    method: GET
    uri: https://management.azure.com/subscriptions/00000000-0000-0000-0000-000000000000/providers/Microsoft.Compute/locations/westus/operations/6c09d341-cfc6-48d7-88fa-4c5b5cee967a?p=571046f6-b640-41c1-86f7-f9f044b5adf9&api-version=2021-07-01
  response:
    body:
      string: "{\r\n  \"startTime\": \"2022-01-27T04:29:50.8615318+00:00\",\r\n  \"endTime\":
        \"2022-01-27T04:30:01.9553008+00:00\",\r\n  \"status\": \"Succeeded\",\r\n
        \ \"name\": \"6c09d341-cfc6-48d7-88fa-4c5b5cee967a\"\r\n}"
    headers:
      cache-control:
      - no-cache
      content-length:
      - '184'
      content-type:
      - application/json; charset=utf-8
      date:
      - Thu, 27 Jan 2022 04:30:24 GMT
      expires:
      - '-1'
      pragma:
      - no-cache
      server:
      - Microsoft-HTTPAPI/2.0
      - Microsoft-HTTPAPI/2.0
      strict-transport-security:
      - max-age=31536000; includeSubDomains
      transfer-encoding:
      - chunked
      vary:
      - Accept-Encoding
      x-content-type-options:
      - nosniff
      x-ms-ratelimit-remaining-resource:
      - Microsoft.Compute/GetOperation3Min;14959,Microsoft.Compute/GetOperation30Min;29920
    status:
      code: 200
      message: OK
- request:
    body: null
    headers:
      Accept:
      - '*/*'
      Accept-Encoding:
      - gzip, deflate
      CommandName:
      - vm disk attach
      Connection:
      - keep-alive
      ParameterSetName:
      - -g --vm-name --name --caching --sku
      User-Agent:
      - AZURECLI/2.32.0 azsdk-python-azure-mgmt-compute/23.1.0 Python/3.9.5 (Windows-10-10.0.19044-SP0)
    method: GET
    uri: https://management.azure.com/subscriptions/00000000-0000-0000-0000-000000000000/resourceGroups/cli-test-disk000001/providers/Microsoft.Compute/virtualMachines/vm-diskattach-test?api-version=2021-07-01
  response:
    body:
      string: "{\r\n  \"name\": \"vm-diskattach-test\",\r\n  \"id\": \"/subscriptions/00000000-0000-0000-0000-000000000000/resourceGroups/cli-test-disk000001/providers/Microsoft.Compute/virtualMachines/vm-diskattach-test\",\r\n
        \ \"type\": \"Microsoft.Compute/virtualMachines\",\r\n  \"location\": \"westus\",\r\n
        \ \"tags\": {},\r\n  \"properties\": {\r\n    \"vmId\": \"18fd7398-c38b-40dd-b5c8-611d0b6357d0\",\r\n
        \   \"hardwareProfile\": {\r\n      \"vmSize\": \"Standard_DS1_v2\"\r\n    },\r\n
        \   \"storageProfile\": {\r\n      \"imageReference\": {\r\n        \"publisher\":
        \"OpenLogic\",\r\n        \"offer\": \"CentOS\",\r\n        \"sku\": \"7.5\",\r\n
        \       \"version\": \"latest\",\r\n        \"exactVersion\": \"7.5.201808150\"\r\n
        \     },\r\n      \"osDisk\": {\r\n        \"osType\": \"Linux\",\r\n        \"name\":
        \"vm-diskattach-test_OsDisk_1_13cf8a29638a4bb0875afda8cc170242\",\r\n        \"createOption\":
        \"FromImage\",\r\n        \"caching\": \"ReadWrite\",\r\n        \"managedDisk\":
        {\r\n          \"storageAccountType\": \"Premium_LRS\",\r\n          \"id\":
        \"/subscriptions/00000000-0000-0000-0000-000000000000/resourceGroups/cli-test-disk000001/providers/Microsoft.Compute/disks/vm-diskattach-test_OsDisk_1_13cf8a29638a4bb0875afda8cc170242\"\r\n
        \       },\r\n        \"deleteOption\": \"Detach\",\r\n        \"diskSizeGB\":
        30\r\n      },\r\n      \"dataDisks\": [\r\n        {\r\n          \"lun\":
        0,\r\n          \"name\": \"d1\",\r\n          \"createOption\": \"Attach\",\r\n
        \         \"caching\": \"ReadWrite\",\r\n          \"managedDisk\": {\r\n
        \           \"storageAccountType\": \"Standard_LRS\",\r\n            \"id\":
        \"/subscriptions/00000000-0000-0000-0000-000000000000/resourceGroups/cli-test-disk000001/providers/Microsoft.Compute/disks/d1\"\r\n
        \         },\r\n          \"deleteOption\": \"Detach\",\r\n          \"diskSizeGB\":
        1,\r\n          \"toBeDetached\": false\r\n        }\r\n      ]\r\n    },\r\n
        \   \"osProfile\": {\r\n      \"computerName\": \"vm-diskattach-test\",\r\n
        \     \"adminUsername\": \"admin123\",\r\n      \"linuxConfiguration\": {\r\n
        \       \"disablePasswordAuthentication\": false,\r\n        \"provisionVMAgent\":
        true,\r\n        \"patchSettings\": {\r\n          \"patchMode\": \"ImageDefault\",\r\n
        \         \"assessmentMode\": \"ImageDefault\"\r\n        }\r\n      },\r\n
        \     \"secrets\": [],\r\n      \"allowExtensionOperations\": true,\r\n      \"requireGuestProvisionSignal\":
        true\r\n    },\r\n    \"networkProfile\": {\"networkInterfaces\":[{\"id\":\"/subscriptions/00000000-0000-0000-0000-000000000000/resourceGroups/cli-test-disk000001/providers/Microsoft.Network/networkInterfaces/vm-diskattach-testVMNic\"}]},\r\n
        \   \"provisioningState\": \"Succeeded\"\r\n  }\r\n}"
    headers:
      cache-control:
      - no-cache
      content-length:
      - '2439'
      content-type:
      - application/json; charset=utf-8
      date:
      - Thu, 27 Jan 2022 04:30:25 GMT
      expires:
      - '-1'
      pragma:
      - no-cache
      server:
      - Microsoft-HTTPAPI/2.0
      - Microsoft-HTTPAPI/2.0
      strict-transport-security:
      - max-age=31536000; includeSubDomains
      transfer-encoding:
      - chunked
      vary:
      - Accept-Encoding
      x-content-type-options:
      - nosniff
      x-ms-ratelimit-remaining-resource:
      - Microsoft.Compute/LowCostGet3Min;3958,Microsoft.Compute/LowCostGet30Min;31885
    status:
      code: 200
      message: OK
- request:
    body: null
    headers:
      Accept:
      - application/json
      Accept-Encoding:
      - gzip, deflate
      CommandName:
      - vm show
      Connection:
      - keep-alive
      ParameterSetName:
      - -g -n
      User-Agent:
      - AZURECLI/2.32.0 azsdk-python-azure-mgmt-compute/23.1.0 Python/3.9.5 (Windows-10-10.0.19044-SP0)
    method: GET
    uri: https://management.azure.com/subscriptions/00000000-0000-0000-0000-000000000000/resourceGroups/cli-test-disk000001/providers/Microsoft.Compute/virtualMachines/vm-diskattach-test?api-version=2021-07-01
  response:
    body:
      string: "{\r\n  \"name\": \"vm-diskattach-test\",\r\n  \"id\": \"/subscriptions/00000000-0000-0000-0000-000000000000/resourceGroups/cli-test-disk000001/providers/Microsoft.Compute/virtualMachines/vm-diskattach-test\",\r\n
        \ \"type\": \"Microsoft.Compute/virtualMachines\",\r\n  \"location\": \"westus\",\r\n
        \ \"tags\": {},\r\n  \"properties\": {\r\n    \"vmId\": \"18fd7398-c38b-40dd-b5c8-611d0b6357d0\",\r\n
        \   \"hardwareProfile\": {\r\n      \"vmSize\": \"Standard_DS1_v2\"\r\n    },\r\n
        \   \"storageProfile\": {\r\n      \"imageReference\": {\r\n        \"publisher\":
        \"OpenLogic\",\r\n        \"offer\": \"CentOS\",\r\n        \"sku\": \"7.5\",\r\n
        \       \"version\": \"latest\",\r\n        \"exactVersion\": \"7.5.201808150\"\r\n
        \     },\r\n      \"osDisk\": {\r\n        \"osType\": \"Linux\",\r\n        \"name\":
        \"vm-diskattach-test_OsDisk_1_13cf8a29638a4bb0875afda8cc170242\",\r\n        \"createOption\":
        \"FromImage\",\r\n        \"caching\": \"ReadWrite\",\r\n        \"managedDisk\":
        {\r\n          \"storageAccountType\": \"Premium_LRS\",\r\n          \"id\":
        \"/subscriptions/00000000-0000-0000-0000-000000000000/resourceGroups/cli-test-disk000001/providers/Microsoft.Compute/disks/vm-diskattach-test_OsDisk_1_13cf8a29638a4bb0875afda8cc170242\"\r\n
        \       },\r\n        \"deleteOption\": \"Detach\",\r\n        \"diskSizeGB\":
        30\r\n      },\r\n      \"dataDisks\": [\r\n        {\r\n          \"lun\":
        0,\r\n          \"name\": \"d1\",\r\n          \"createOption\": \"Attach\",\r\n
        \         \"caching\": \"ReadWrite\",\r\n          \"managedDisk\": {\r\n
        \           \"storageAccountType\": \"Standard_LRS\",\r\n            \"id\":
        \"/subscriptions/00000000-0000-0000-0000-000000000000/resourceGroups/cli-test-disk000001/providers/Microsoft.Compute/disks/d1\"\r\n
        \         },\r\n          \"deleteOption\": \"Detach\",\r\n          \"diskSizeGB\":
        1,\r\n          \"toBeDetached\": false\r\n        }\r\n      ]\r\n    },\r\n
        \   \"osProfile\": {\r\n      \"computerName\": \"vm-diskattach-test\",\r\n
        \     \"adminUsername\": \"admin123\",\r\n      \"linuxConfiguration\": {\r\n
        \       \"disablePasswordAuthentication\": false,\r\n        \"provisionVMAgent\":
        true,\r\n        \"patchSettings\": {\r\n          \"patchMode\": \"ImageDefault\",\r\n
        \         \"assessmentMode\": \"ImageDefault\"\r\n        }\r\n      },\r\n
        \     \"secrets\": [],\r\n      \"allowExtensionOperations\": true,\r\n      \"requireGuestProvisionSignal\":
        true\r\n    },\r\n    \"networkProfile\": {\"networkInterfaces\":[{\"id\":\"/subscriptions/00000000-0000-0000-0000-000000000000/resourceGroups/cli-test-disk000001/providers/Microsoft.Network/networkInterfaces/vm-diskattach-testVMNic\"}]},\r\n
        \   \"provisioningState\": \"Succeeded\"\r\n  }\r\n}"
    headers:
      cache-control:
      - no-cache
      content-length:
      - '2439'
      content-type:
      - application/json; charset=utf-8
      date:
      - Thu, 27 Jan 2022 04:30:26 GMT
      expires:
      - '-1'
      pragma:
      - no-cache
      server:
      - Microsoft-HTTPAPI/2.0
      - Microsoft-HTTPAPI/2.0
      strict-transport-security:
      - max-age=31536000; includeSubDomains
      transfer-encoding:
      - chunked
      vary:
      - Accept-Encoding
      x-content-type-options:
      - nosniff
      x-ms-ratelimit-remaining-resource:
      - Microsoft.Compute/LowCostGet3Min;3957,Microsoft.Compute/LowCostGet30Min;31884
    status:
      code: 200
      message: OK
version: 1
