interactions:
- request:
    body: null
    headers:
      Accept:
      - application/json
      Accept-Encoding:
      - gzip, deflate
      CommandName:
      - vm create
      Connection:
      - keep-alive
      ParameterSetName:
      - -n -g --image --admin-username
      User-Agent:
      - AZURECLI/2.53.0 azsdk-python-azure-mgmt-resource/23.1.0b2 Python/3.10.9 (Windows-10-10.0.22621-SP0)
    method: GET
    uri: https://management.azure.com/subscriptions/00000000-0000-0000-0000-000000000000/resourcegroups/cli_test_copy_vm_restore_point000001?api-version=2022-09-01
  response:
    body:
      string: '{"id":"/subscriptions/00000000-0000-0000-0000-000000000000/resourceGroups/cli_test_copy_vm_restore_point000001","name":"cli_test_copy_vm_restore_point000001","type":"Microsoft.Resources/resourceGroups","location":"westus","tags":{"product":"azurecli","cause":"automation","test":"test_copy_vm_restore_point","date":"2023-10-19T05:22:37Z","module":"vm"},"properties":{"provisioningState":"Succeeded"}}'
    headers:
      cache-control:
      - no-cache
      content-length:
      - '400'
      content-type:
      - application/json; charset=utf-8
      date:
      - Thu, 19 Oct 2023 05:22:39 GMT
      expires:
      - '-1'
      pragma:
      - no-cache
      strict-transport-security:
      - max-age=31536000; includeSubDomains
      vary:
      - Accept-Encoding
      x-content-type-options:
      - nosniff
    status:
      code: 200
      message: OK
- request:
    body: null
    headers:
      Accept:
      - application/json
      Accept-Encoding:
      - gzip, deflate
      CommandName:
      - vm create
      Connection:
      - keep-alive
      ParameterSetName:
      - -n -g --image --admin-username
      User-Agent:
      - AZURECLI/2.53.0 azsdk-python-azure-mgmt-compute/30.2.0 Python/3.10.9 (Windows-10-10.0.22621-SP0)
    method: GET
    uri: https://management.azure.com/subscriptions/00000000-0000-0000-0000-000000000000/providers/Microsoft.Compute/locations/westus/publishers/Canonical/artifacttypes/vmimage/offers/UbuntuServer/skus/18.04-LTS/versions?$top=1&$orderby=name%20desc&api-version=2022-11-01
  response:
    body:
      string: "[\r\n  {\r\n    \"location\": \"westus\",\r\n    \"name\": \"18.04.202306070\"\
        ,\r\n    \"id\": \"/Subscriptions/00000000-0000-0000-0000-000000000000/Providers/Microsoft.Compute/Locations/westus/Publishers/Canonical/ArtifactTypes/VMImage/Offers/UbuntuServer/Skus/18.04-LTS/Versions/18.04.202306070\"\
        \r\n  }\r\n]"
    headers:
      cache-control:
      - no-cache
      content-length:
      - '286'
      content-type:
      - application/json; charset=utf-8
      date:
      - Thu, 19 Oct 2023 05:22:40 GMT
      expires:
      - '-1'
      pragma:
      - no-cache
      server:
      - Microsoft-HTTPAPI/2.0
      - Microsoft-HTTPAPI/2.0
      strict-transport-security:
      - max-age=31536000; includeSubDomains
      transfer-encoding:
      - chunked
      vary:
      - Accept-Encoding
      x-content-type-options:
      - nosniff
      x-ms-ratelimit-remaining-resource:
      - Microsoft.Compute/ListVMImagesVersionsFromLocation3Min;15994,Microsoft.Compute/ListVMImagesVersionsFromLocation30Min;43947
    status:
      code: 200
      message: OK
- request:
    body: null
    headers:
      Accept:
      - application/json
      Accept-Encoding:
      - gzip, deflate
      CommandName:
      - vm create
      Connection:
      - keep-alive
      ParameterSetName:
      - -n -g --image --admin-username
      User-Agent:
      - AZURECLI/2.53.0 azsdk-python-azure-mgmt-compute/30.2.0 Python/3.10.9 (Windows-10-10.0.22621-SP0)
    method: GET
    uri: https://management.azure.com/subscriptions/00000000-0000-0000-0000-000000000000/providers/Microsoft.Compute/locations/westus/publishers/Canonical/artifacttypes/vmimage/offers/UbuntuServer/skus/18.04-LTS/versions/18.04.202306070?api-version=2022-11-01
  response:
    body:
      string: "{\r\n  \"properties\": {\r\n    \"hyperVGeneration\": \"V1\",\r\n \
        \   \"architecture\": \"x64\",\r\n    \"replicaType\": \"Unmanaged\",\r\n\
        \    \"disallowed\": {\r\n      \"vmDiskType\": \"None\"\r\n    },\r\n   \
        \ \"automaticOSUpgradeProperties\": {\r\n      \"automaticOSUpgradeSupported\"\
        : true\r\n    },\r\n    \"imageDeprecationStatus\": {\r\n      \"imageState\"\
        : \"Active\"\r\n    },\r\n    \"features\": [\r\n      {\r\n        \"name\"\
        : \"IsAcceleratedNetworkSupported\",\r\n        \"value\": \"True\"\r\n  \
        \    },\r\n      {\r\n        \"name\": \"DiskControllerTypes\",\r\n     \
        \   \"value\": \"SCSI, NVMe\"\r\n      },\r\n      {\r\n        \"name\":\
        \ \"IsHibernateSupported\",\r\n        \"value\": \"True\"\r\n      }\r\n\
        \    ],\r\n    \"osDiskImage\": {\r\n      \"operatingSystem\": \"Linux\"\
        ,\r\n      \"sizeInBytes\": 32213303808\r\n    },\r\n    \"dataDiskImages\"\
        : []\r\n  },\r\n  \"location\": \"westus\",\r\n  \"name\": \"18.04.202306070\"\
        ,\r\n  \"id\": \"/Subscriptions/00000000-0000-0000-0000-000000000000/Providers/Microsoft.Compute/Locations/westus/Publishers/Canonical/ArtifactTypes/VMImage/Offers/UbuntuServer/Skus/18.04-LTS/Versions/18.04.202306070\"\
        \r\n}"
    headers:
      cache-control:
      - no-cache
      content-length:
      - '1025'
      content-type:
      - application/json; charset=utf-8
      date:
      - Thu, 19 Oct 2023 05:22:41 GMT
      expires:
      - '-1'
      pragma:
      - no-cache
      server:
      - Microsoft-HTTPAPI/2.0
      - Microsoft-HTTPAPI/2.0
      strict-transport-security:
      - max-age=31536000; includeSubDomains
      transfer-encoding:
      - chunked
      vary:
      - Accept-Encoding
      x-content-type-options:
      - nosniff
      x-ms-ratelimit-remaining-resource:
      - Microsoft.Compute/GetVMImageFromLocation3Min;12997,Microsoft.Compute/GetVMImageFromLocation30Min;73974
    status:
      code: 200
      message: OK
- request:
    body: null
    headers:
      Accept:
      - application/json
      Accept-Encoding:
      - gzip, deflate
      CommandName:
      - vm create
      Connection:
      - keep-alive
      ParameterSetName:
      - -n -g --image --admin-username
      User-Agent:
      - AZURECLI/2.53.0 (AAZ) azsdk-python-core/1.26.0 Python/3.10.9 (Windows-10-10.0.22621-SP0)
    method: GET
    uri: https://management.azure.com/subscriptions/00000000-0000-0000-0000-000000000000/resourceGroups/cli_test_copy_vm_restore_point000001/providers/Microsoft.Network/virtualNetworks?api-version=2022-01-01
  response:
    body:
      string: '{"value":[]}'
    headers:
      cache-control:
      - no-cache
      content-length:
      - '12'
      content-type:
      - application/json; charset=utf-8
      date:
      - Thu, 19 Oct 2023 05:22:43 GMT
      expires:
      - '-1'
      pragma:
      - no-cache
      strict-transport-security:
      - max-age=31536000; includeSubDomains
      vary:
      - Accept-Encoding
      x-content-type-options:
      - nosniff
    status:
      code: 200
      message: OK
- request:
    body: null
    headers:
      Accept:
      - application/json
      Accept-Encoding:
      - gzip, deflate
      CommandName:
      - vm create
      Connection:
      - keep-alive
      ParameterSetName:
      - -n -g --image --admin-username
      User-Agent:
      - AZURECLI/2.53.0 azsdk-python-azure-mgmt-compute/30.2.0 Python/3.10.9 (Windows-10-10.0.22621-SP0)
    method: GET
    uri: https://management.azure.com/subscriptions/00000000-0000-0000-0000-000000000000/providers/Microsoft.Compute/locations/westus/publishers/Canonical/artifacttypes/vmimage/offers/UbuntuServer/skus/18.04-LTS/versions?$top=1&$orderby=name%20desc&api-version=2022-11-01
  response:
    body:
      string: "[\r\n  {\r\n    \"location\": \"westus\",\r\n    \"name\": \"18.04.202306070\"\
        ,\r\n    \"id\": \"/Subscriptions/00000000-0000-0000-0000-000000000000/Providers/Microsoft.Compute/Locations/westus/Publishers/Canonical/ArtifactTypes/VMImage/Offers/UbuntuServer/Skus/18.04-LTS/Versions/18.04.202306070\"\
        \r\n  }\r\n]"
    headers:
      cache-control:
      - no-cache
      content-length:
      - '286'
      content-type:
      - application/json; charset=utf-8
      date:
      - Thu, 19 Oct 2023 05:22:44 GMT
      expires:
      - '-1'
      pragma:
      - no-cache
      server:
      - Microsoft-HTTPAPI/2.0
      - Microsoft-HTTPAPI/2.0
      strict-transport-security:
      - max-age=31536000; includeSubDomains
      transfer-encoding:
      - chunked
      vary:
      - Accept-Encoding
      x-content-type-options:
      - nosniff
      x-ms-ratelimit-remaining-resource:
      - Microsoft.Compute/ListVMImagesVersionsFromLocation3Min;15993,Microsoft.Compute/ListVMImagesVersionsFromLocation30Min;43946
    status:
      code: 200
      message: OK
- request:
    body: null
    headers:
      Accept:
      - application/json
      Accept-Encoding:
      - gzip, deflate
      CommandName:
      - vm create
      Connection:
      - keep-alive
      ParameterSetName:
      - -n -g --image --admin-username
      User-Agent:
      - AZURECLI/2.53.0 azsdk-python-azure-mgmt-compute/30.2.0 Python/3.10.9 (Windows-10-10.0.22621-SP0)
    method: GET
    uri: https://management.azure.com/subscriptions/00000000-0000-0000-0000-000000000000/providers/Microsoft.Compute/locations/westus/publishers/Canonical/artifacttypes/vmimage/offers/UbuntuServer/skus/18.04-LTS/versions/18.04.202306070?api-version=2022-11-01
  response:
    body:
      string: "{\r\n  \"properties\": {\r\n    \"hyperVGeneration\": \"V1\",\r\n \
        \   \"architecture\": \"x64\",\r\n    \"replicaType\": \"Unmanaged\",\r\n\
        \    \"disallowed\": {\r\n      \"vmDiskType\": \"None\"\r\n    },\r\n   \
        \ \"automaticOSUpgradeProperties\": {\r\n      \"automaticOSUpgradeSupported\"\
        : true\r\n    },\r\n    \"imageDeprecationStatus\": {\r\n      \"imageState\"\
        : \"Active\"\r\n    },\r\n    \"features\": [\r\n      {\r\n        \"name\"\
        : \"IsAcceleratedNetworkSupported\",\r\n        \"value\": \"True\"\r\n  \
        \    },\r\n      {\r\n        \"name\": \"DiskControllerTypes\",\r\n     \
        \   \"value\": \"SCSI, NVMe\"\r\n      },\r\n      {\r\n        \"name\":\
        \ \"IsHibernateSupported\",\r\n        \"value\": \"True\"\r\n      }\r\n\
        \    ],\r\n    \"osDiskImage\": {\r\n      \"operatingSystem\": \"Linux\"\
        ,\r\n      \"sizeInBytes\": 32213303808\r\n    },\r\n    \"dataDiskImages\"\
        : []\r\n  },\r\n  \"location\": \"westus\",\r\n  \"name\": \"18.04.202306070\"\
        ,\r\n  \"id\": \"/Subscriptions/00000000-0000-0000-0000-000000000000/Providers/Microsoft.Compute/Locations/westus/Publishers/Canonical/ArtifactTypes/VMImage/Offers/UbuntuServer/Skus/18.04-LTS/Versions/18.04.202306070\"\
        \r\n}"
    headers:
      cache-control:
      - no-cache
      content-length:
      - '1025'
      content-type:
      - application/json; charset=utf-8
      date:
      - Thu, 19 Oct 2023 05:22:46 GMT
      expires:
      - '-1'
      pragma:
      - no-cache
      server:
      - Microsoft-HTTPAPI/2.0
      - Microsoft-HTTPAPI/2.0
      strict-transport-security:
      - max-age=31536000; includeSubDomains
      transfer-encoding:
      - chunked
      vary:
      - Accept-Encoding
      x-content-type-options:
      - nosniff
      x-ms-ratelimit-remaining-resource:
      - Microsoft.Compute/GetVMImageFromLocation3Min;12996,Microsoft.Compute/GetVMImageFromLocation30Min;73973
    status:
      code: 200
      message: OK
- request:
    body: null
    headers:
      Accept:
      - application/json
      Accept-Encoding:
      - gzip, deflate
      CommandName:
      - vm create
      Connection:
      - keep-alive
      ParameterSetName:
      - -n -g --image --admin-username
      User-Agent:
      - AZURECLI/2.53.0 azsdk-python-azure-mgmt-compute/30.2.0 Python/3.10.9 (Windows-10-10.0.22621-SP0)
    method: GET
    uri: https://management.azure.com/subscriptions/00000000-0000-0000-0000-000000000000/providers/Microsoft.Compute/locations/westus/publishers/Canonical/artifacttypes/vmimage/offers/UbuntuServer/skus/18.04-LTS/versions?$top=1&$orderby=name%20desc&api-version=2022-11-01
  response:
    body:
      string: "[\r\n  {\r\n    \"location\": \"westus\",\r\n    \"name\": \"18.04.202306070\"\
        ,\r\n    \"id\": \"/Subscriptions/00000000-0000-0000-0000-000000000000/Providers/Microsoft.Compute/Locations/westus/Publishers/Canonical/ArtifactTypes/VMImage/Offers/UbuntuServer/Skus/18.04-LTS/Versions/18.04.202306070\"\
        \r\n  }\r\n]"
    headers:
      cache-control:
      - no-cache
      content-length:
      - '286'
      content-type:
      - application/json; charset=utf-8
      date:
      - Thu, 19 Oct 2023 05:22:46 GMT
      expires:
      - '-1'
      pragma:
      - no-cache
      server:
      - Microsoft-HTTPAPI/2.0
      - Microsoft-HTTPAPI/2.0
      strict-transport-security:
      - max-age=31536000; includeSubDomains
      transfer-encoding:
      - chunked
      vary:
      - Accept-Encoding
      x-content-type-options:
      - nosniff
      x-ms-ratelimit-remaining-resource:
      - Microsoft.Compute/ListVMImagesVersionsFromLocation3Min;15992,Microsoft.Compute/ListVMImagesVersionsFromLocation30Min;43945
    status:
      code: 200
      message: OK
- request:
    body: null
    headers:
      Accept:
      - application/json
      Accept-Encoding:
      - gzip, deflate
      CommandName:
      - vm create
      Connection:
      - keep-alive
      ParameterSetName:
      - -n -g --image --admin-username
      User-Agent:
      - AZURECLI/2.53.0 azsdk-python-azure-mgmt-compute/30.2.0 Python/3.10.9 (Windows-10-10.0.22621-SP0)
    method: GET
    uri: https://management.azure.com/subscriptions/00000000-0000-0000-0000-000000000000/providers/Microsoft.Compute/locations/westus/publishers/Canonical/artifacttypes/vmimage/offers/UbuntuServer/skus/18.04-LTS/versions/18.04.202306070?api-version=2022-11-01
  response:
    body:
      string: "{\r\n  \"properties\": {\r\n    \"hyperVGeneration\": \"V1\",\r\n \
        \   \"architecture\": \"x64\",\r\n    \"replicaType\": \"Unmanaged\",\r\n\
        \    \"disallowed\": {\r\n      \"vmDiskType\": \"None\"\r\n    },\r\n   \
        \ \"automaticOSUpgradeProperties\": {\r\n      \"automaticOSUpgradeSupported\"\
        : true\r\n    },\r\n    \"imageDeprecationStatus\": {\r\n      \"imageState\"\
        : \"Active\"\r\n    },\r\n    \"features\": [\r\n      {\r\n        \"name\"\
        : \"IsAcceleratedNetworkSupported\",\r\n        \"value\": \"True\"\r\n  \
        \    },\r\n      {\r\n        \"name\": \"DiskControllerTypes\",\r\n     \
        \   \"value\": \"SCSI, NVMe\"\r\n      },\r\n      {\r\n        \"name\":\
        \ \"IsHibernateSupported\",\r\n        \"value\": \"True\"\r\n      }\r\n\
        \    ],\r\n    \"osDiskImage\": {\r\n      \"operatingSystem\": \"Linux\"\
        ,\r\n      \"sizeInBytes\": 32213303808\r\n    },\r\n    \"dataDiskImages\"\
        : []\r\n  },\r\n  \"location\": \"westus\",\r\n  \"name\": \"18.04.202306070\"\
        ,\r\n  \"id\": \"/Subscriptions/00000000-0000-0000-0000-000000000000/Providers/Microsoft.Compute/Locations/westus/Publishers/Canonical/ArtifactTypes/VMImage/Offers/UbuntuServer/Skus/18.04-LTS/Versions/18.04.202306070\"\
        \r\n}"
    headers:
      cache-control:
      - no-cache
      content-length:
      - '1025'
      content-type:
      - application/json; charset=utf-8
      date:
      - Thu, 19 Oct 2023 05:22:48 GMT
      expires:
      - '-1'
      pragma:
      - no-cache
      server:
      - Microsoft-HTTPAPI/2.0
      - Microsoft-HTTPAPI/2.0
      strict-transport-security:
      - max-age=31536000; includeSubDomains
      transfer-encoding:
      - chunked
      vary:
      - Accept-Encoding
      x-content-type-options:
      - nosniff
      x-ms-ratelimit-remaining-resource:
      - Microsoft.Compute/GetVMImageFromLocation3Min;12995,Microsoft.Compute/GetVMImageFromLocation30Min;73972
    status:
      code: 200
      message: OK
- request:
    body: '{"properties": {"template": {"$schema": "https://schema.management.azure.com/schemas/2015-01-01/deploymentTemplate.json#",
      "contentVersion": "1.0.0.0", "parameters": {}, "variables": {}, "resources":
      [{"name": "vm_000006VNET", "type": "Microsoft.Network/virtualNetworks", "location":
      "westus", "apiVersion": "2015-06-15", "dependsOn": [], "tags": {}, "properties":
      {"addressSpace": {"addressPrefixes": ["10.0.0.0/16"]}, "subnets": [{"name":
      "vm_000006Subnet", "properties": {"addressPrefix": "10.0.0.0/24"}}]}}, {"type":
      "Microsoft.Network/networkSecurityGroups", "name": "vm_000006NSG", "apiVersion":
      "2015-06-15", "location": "westus", "tags": {}, "dependsOn": [], "properties":
      {"securityRules": [{"name": "default-allow-ssh", "properties": {"protocol":
      "Tcp", "sourcePortRange": "*", "destinationPortRange": "22", "sourceAddressPrefix":
      "*", "destinationAddressPrefix": "*", "access": "Allow", "priority": 1000, "direction":
      "Inbound"}}]}}, {"apiVersion": "2022-01-01", "type": "Microsoft.Network/publicIPAddresses",
      "name": "vm_000006PublicIP", "location": "westus", "tags": {}, "dependsOn":
      [], "properties": {"publicIPAllocationMethod": null}}, {"apiVersion": "2015-06-15",
      "type": "Microsoft.Network/networkInterfaces", "name": "vm_000006VMNic", "location":
      "westus", "tags": {}, "dependsOn": ["Microsoft.Network/virtualNetworks/vm_000006VNET",
      "Microsoft.Network/networkSecurityGroups/vm_000006NSG", "Microsoft.Network/publicIpAddresses/vm_000006PublicIP"],
      "properties": {"ipConfigurations": [{"name": "ipconfigvm_000006", "properties":
      {"privateIPAllocationMethod": "Dynamic", "subnet": {"id": "/subscriptions/00000000-0000-0000-0000-000000000000/resourceGroups/cli_test_copy_vm_restore_point000001/providers/Microsoft.Network/virtualNetworks/vm_000006VNET/subnets/vm_000006Subnet"},
      "publicIPAddress": {"id": "/subscriptions/00000000-0000-0000-0000-000000000000/resourceGroups/cli_test_copy_vm_restore_point000001/providers/Microsoft.Network/publicIPAddresses/vm_000006PublicIP"}}}],
      "networkSecurityGroup": {"id": "/subscriptions/00000000-0000-0000-0000-000000000000/resourceGroups/cli_test_copy_vm_restore_point000001/providers/Microsoft.Network/networkSecurityGroups/vm_000006NSG"}}},
      {"apiVersion": "2022-11-01", "type": "Microsoft.Compute/virtualMachines", "name":
      "vm_000006", "location": "westus", "tags": {}, "dependsOn": ["Microsoft.Network/networkInterfaces/vm_000006VMNic"],
      "properties": {"hardwareProfile": {"vmSize": "Standard_DS1_v2"}, "networkProfile":
      {"networkInterfaces": [{"id": "/subscriptions/00000000-0000-0000-0000-000000000000/resourceGroups/cli_test_copy_vm_restore_point000001/providers/Microsoft.Network/networkInterfaces/vm_000006VMNic",
      "properties": {"deleteOption": null}}]}, "storageProfile": {"osDisk": {"createOption":
      "fromImage", "name": null, "caching": "ReadWrite", "managedDisk": {"storageAccountType":
      null}}, "imageReference": {"publisher": "Canonical", "offer": "UbuntuServer",
      "sku": "18.04-LTS", "version": "latest"}}, "osProfile": {"computerName": "vmzoeoa3bsgymc",
      "adminUsername": "vmtest", "linuxConfiguration": {"disablePasswordAuthentication":
      true, "ssh": {"publicKeys": [{"keyData": "ssh-rsa AAAAB3NzaC1yc2EAAAADAQABAAABAQCp+Uh121QVTLREpkf/YFK3TAtX1tnj80+wIyV9TgXhX+49paW0rS9LvgQaZFvyW2We/ItBYlQis1nFKdvrGFGdZf954LkjCbs8yMfLTkw3TiHAgjKEtokwimBkYF7u1T/E47kAUk7dGmTL9I0hVLJzN1BEFkrQPrNwatIxNEZowI/hN9ZGLDZ+sjORtD4igKZ/Wp6U0+sXFW1zuBUIrCAh411vHTrRcn9E1r72RBk6NQJN1fGCIybq2YTB0v90ygt80BWw/0/3qu+jcWWMBSdwQx81RUvUteURd5WPGW5L6vE0lLSpWOrK/3xiACJZmsgyAN5iZz/n0CVfBxRI6Ehr",
      "path": "/home/vmtest/.ssh/authorized_keys"}]}}}}}], "outputs": {}}, "parameters":
      {}, "mode": "incremental"}}'
    headers:
      Accept:
      - application/json
      Accept-Encoding:
      - gzip, deflate
      CommandName:
      - vm create
      Connection:
      - keep-alive
      Content-Length:
      - '3642'
      Content-Type:
      - application/json
      ParameterSetName:
      - -n -g --image --admin-username
      User-Agent:
      - AZURECLI/2.53.0 azsdk-python-azure-mgmt-resource/23.1.0b2 Python/3.10.9 (Windows-10-10.0.22621-SP0)
    method: PUT
    uri: https://management.azure.com/subscriptions/00000000-0000-0000-0000-000000000000/resourcegroups/cli_test_copy_vm_restore_point000001/providers/Microsoft.Resources/deployments/mock-deployment?api-version=2022-09-01
  response:
    body:
      string: '{"id":"/subscriptions/00000000-0000-0000-0000-000000000000/resourceGroups/cli_test_copy_vm_restore_point000001/providers/Microsoft.Resources/deployments/vm_deploy_eGWUtWkHShE2QJYUDs2OV4ezg8kAnRuL","name":"vm_deploy_eGWUtWkHShE2QJYUDs2OV4ezg8kAnRuL","type":"Microsoft.Resources/deployments","properties":{"templateHash":"2679183784513156679","parameters":{},"mode":"Incremental","provisioningState":"Accepted","timestamp":"2023-10-19T05:22:54.3825111Z","duration":"PT0.0009917S","correlationId":"be0dc334-02f5-4c69-beaa-94b4e47b5e52","providers":[{"namespace":"Microsoft.Network","resourceTypes":[{"resourceType":"virtualNetworks","locations":["westus"]},{"resourceType":"networkSecurityGroups","locations":["westus"]},{"resourceType":"publicIPAddresses","locations":["westus"]},{"resourceType":"networkInterfaces","locations":["westus"]}]},{"namespace":"Microsoft.Compute","resourceTypes":[{"resourceType":"virtualMachines","locations":["westus"]}]}],"dependencies":[{"dependsOn":[{"id":"/subscriptions/00000000-0000-0000-0000-000000000000/resourceGroups/cli_test_copy_vm_restore_point000001/providers/Microsoft.Network/virtualNetworks/vm_000006VNET","resourceType":"Microsoft.Network/virtualNetworks","resourceName":"vm_000006VNET"},{"id":"/subscriptions/00000000-0000-0000-0000-000000000000/resourceGroups/cli_test_copy_vm_restore_point000001/providers/Microsoft.Network/networkSecurityGroups/vm_000006NSG","resourceType":"Microsoft.Network/networkSecurityGroups","resourceName":"vm_000006NSG"},{"id":"/subscriptions/00000000-0000-0000-0000-000000000000/resourceGroups/cli_test_copy_vm_restore_point000001/providers/Microsoft.Network/publicIPAddresses/vm_000006PublicIP","resourceType":"Microsoft.Network/publicIPAddresses","resourceName":"vm_000006PublicIP"}],"id":"/subscriptions/00000000-0000-0000-0000-000000000000/resourceGroups/cli_test_copy_vm_restore_point000001/providers/Microsoft.Network/networkInterfaces/vm_000006VMNic","resourceType":"Microsoft.Network/networkInterfaces","resourceName":"vm_000006VMNic"},{"dependsOn":[{"id":"/subscriptions/00000000-0000-0000-0000-000000000000/resourceGroups/cli_test_copy_vm_restore_point000001/providers/Microsoft.Network/networkInterfaces/vm_000006VMNic","resourceType":"Microsoft.Network/networkInterfaces","resourceName":"vm_000006VMNic"}],"id":"/subscriptions/00000000-0000-0000-0000-000000000000/resourceGroups/cli_test_copy_vm_restore_point000001/providers/Microsoft.Compute/virtualMachines/vm_000006","resourceType":"Microsoft.Compute/virtualMachines","resourceName":"vm_000006"}]}}'
    headers:
      azure-asyncoperation:
      - https://management.azure.com/subscriptions/00000000-0000-0000-0000-000000000000/resourcegroups/cli_test_copy_vm_restore_point000001/providers/Microsoft.Resources/deployments/vm_deploy_eGWUtWkHShE2QJYUDs2OV4ezg8kAnRuL/operationStatuses/08585039139138775661?api-version=2022-09-01
      cache-control:
      - no-cache
      content-length:
      - '2541'
      content-type:
      - application/json; charset=utf-8
      date:
      - Thu, 19 Oct 2023 05:22:54 GMT
      expires:
      - '-1'
      pragma:
      - no-cache
      strict-transport-security:
      - max-age=31536000; includeSubDomains
      x-content-type-options:
      - nosniff
      x-ms-ratelimit-remaining-subscription-writes:
      - '1194'
    status:
      code: 201
      message: Created
- request:
    body: null
    headers:
      Accept:
      - '*/*'
      Accept-Encoding:
      - gzip, deflate
      CommandName:
      - vm create
      Connection:
      - keep-alive
      ParameterSetName:
      - -n -g --image --admin-username
      User-Agent:
      - AZURECLI/2.53.0 azsdk-python-azure-mgmt-resource/23.1.0b2 Python/3.10.9 (Windows-10-10.0.22621-SP0)
    method: GET
    uri: https://management.azure.com/subscriptions/00000000-0000-0000-0000-000000000000/resourcegroups/cli_test_copy_vm_restore_point000001/providers/Microsoft.Resources/deployments/mock-deployment/operationStatuses/08585039139138775661?api-version=2022-09-01
  response:
    body:
      string: '{"status":"Running"}'
    headers:
      cache-control:
      - no-cache
      content-length:
      - '20'
      content-type:
      - application/json; charset=utf-8
      date:
      - Thu, 19 Oct 2023 05:22:55 GMT
      expires:
      - '-1'
      pragma:
      - no-cache
      strict-transport-security:
      - max-age=31536000; includeSubDomains
      vary:
      - Accept-Encoding
      x-content-type-options:
      - nosniff
    status:
      code: 200
      message: OK
- request:
    body: null
    headers:
      Accept:
      - '*/*'
      Accept-Encoding:
      - gzip, deflate
      CommandName:
      - vm create
      Connection:
      - keep-alive
      ParameterSetName:
      - -n -g --image --admin-username
      User-Agent:
      - AZURECLI/2.53.0 azsdk-python-azure-mgmt-resource/23.1.0b2 Python/3.10.9 (Windows-10-10.0.22621-SP0)
    method: GET
    uri: https://management.azure.com/subscriptions/00000000-0000-0000-0000-000000000000/resourcegroups/cli_test_copy_vm_restore_point000001/providers/Microsoft.Resources/deployments/mock-deployment/operationStatuses/08585039139138775661?api-version=2022-09-01
  response:
    body:
      string: '{"status":"Running"}'
    headers:
      cache-control:
      - no-cache
      content-length:
      - '20'
      content-type:
      - application/json; charset=utf-8
      date:
      - Thu, 19 Oct 2023 05:23:26 GMT
      expires:
      - '-1'
      pragma:
      - no-cache
      strict-transport-security:
      - max-age=31536000; includeSubDomains
      vary:
      - Accept-Encoding
      x-content-type-options:
      - nosniff
    status:
      code: 200
      message: OK
- request:
    body: null
    headers:
      Accept:
      - '*/*'
      Accept-Encoding:
      - gzip, deflate
      CommandName:
      - vm create
      Connection:
      - keep-alive
      ParameterSetName:
      - -n -g --image --admin-username
      User-Agent:
      - AZURECLI/2.53.0 azsdk-python-azure-mgmt-resource/23.1.0b2 Python/3.10.9 (Windows-10-10.0.22621-SP0)
    method: GET
    uri: https://management.azure.com/subscriptions/00000000-0000-0000-0000-000000000000/resourcegroups/cli_test_copy_vm_restore_point000001/providers/Microsoft.Resources/deployments/mock-deployment/operationStatuses/08585039139138775661?api-version=2022-09-01
  response:
    body:
      string: '{"status":"Succeeded"}'
    headers:
      cache-control:
      - no-cache
      content-length:
      - '22'
      content-type:
      - application/json; charset=utf-8
      date:
      - Thu, 19 Oct 2023 05:23:56 GMT
      expires:
      - '-1'
      pragma:
      - no-cache
      strict-transport-security:
      - max-age=31536000; includeSubDomains
      vary:
      - Accept-Encoding
      x-content-type-options:
      - nosniff
    status:
      code: 200
      message: OK
- request:
    body: null
    headers:
      Accept:
      - '*/*'
      Accept-Encoding:
      - gzip, deflate
      CommandName:
      - vm create
      Connection:
      - keep-alive
      ParameterSetName:
      - -n -g --image --admin-username
      User-Agent:
      - AZURECLI/2.53.0 azsdk-python-azure-mgmt-resource/23.1.0b2 Python/3.10.9 (Windows-10-10.0.22621-SP0)
    method: GET
    uri: https://management.azure.com/subscriptions/00000000-0000-0000-0000-000000000000/resourcegroups/cli_test_copy_vm_restore_point000001/providers/Microsoft.Resources/deployments/mock-deployment?api-version=2022-09-01
  response:
    body:
      string: '{"id":"/subscriptions/00000000-0000-0000-0000-000000000000/resourceGroups/cli_test_copy_vm_restore_point000001/providers/Microsoft.Resources/deployments/vm_deploy_eGWUtWkHShE2QJYUDs2OV4ezg8kAnRuL","name":"vm_deploy_eGWUtWkHShE2QJYUDs2OV4ezg8kAnRuL","type":"Microsoft.Resources/deployments","properties":{"templateHash":"2679183784513156679","parameters":{},"mode":"Incremental","provisioningState":"Succeeded","timestamp":"2023-10-19T05:23:48.8696002Z","duration":"PT54.4880808S","correlationId":"be0dc334-02f5-4c69-beaa-94b4e47b5e52","providers":[{"namespace":"Microsoft.Network","resourceTypes":[{"resourceType":"virtualNetworks","locations":["westus"]},{"resourceType":"networkSecurityGroups","locations":["westus"]},{"resourceType":"publicIPAddresses","locations":["westus"]},{"resourceType":"networkInterfaces","locations":["westus"]}]},{"namespace":"Microsoft.Compute","resourceTypes":[{"resourceType":"virtualMachines","locations":["westus"]}]}],"dependencies":[{"dependsOn":[{"id":"/subscriptions/00000000-0000-0000-0000-000000000000/resourceGroups/cli_test_copy_vm_restore_point000001/providers/Microsoft.Network/virtualNetworks/vm_000006VNET","resourceType":"Microsoft.Network/virtualNetworks","resourceName":"vm_000006VNET"},{"id":"/subscriptions/00000000-0000-0000-0000-000000000000/resourceGroups/cli_test_copy_vm_restore_point000001/providers/Microsoft.Network/networkSecurityGroups/vm_000006NSG","resourceType":"Microsoft.Network/networkSecurityGroups","resourceName":"vm_000006NSG"},{"id":"/subscriptions/00000000-0000-0000-0000-000000000000/resourceGroups/cli_test_copy_vm_restore_point000001/providers/Microsoft.Network/publicIPAddresses/vm_000006PublicIP","resourceType":"Microsoft.Network/publicIPAddresses","resourceName":"vm_000006PublicIP"}],"id":"/subscriptions/00000000-0000-0000-0000-000000000000/resourceGroups/cli_test_copy_vm_restore_point000001/providers/Microsoft.Network/networkInterfaces/vm_000006VMNic","resourceType":"Microsoft.Network/networkInterfaces","resourceName":"vm_000006VMNic"},{"dependsOn":[{"id":"/subscriptions/00000000-0000-0000-0000-000000000000/resourceGroups/cli_test_copy_vm_restore_point000001/providers/Microsoft.Network/networkInterfaces/vm_000006VMNic","resourceType":"Microsoft.Network/networkInterfaces","resourceName":"vm_000006VMNic"}],"id":"/subscriptions/00000000-0000-0000-0000-000000000000/resourceGroups/cli_test_copy_vm_restore_point000001/providers/Microsoft.Compute/virtualMachines/vm_000006","resourceType":"Microsoft.Compute/virtualMachines","resourceName":"vm_000006"}],"outputs":{},"outputResources":[{"id":"/subscriptions/00000000-0000-0000-0000-000000000000/resourceGroups/cli_test_copy_vm_restore_point000001/providers/Microsoft.Compute/virtualMachines/vm_000006"},{"id":"/subscriptions/00000000-0000-0000-0000-000000000000/resourceGroups/cli_test_copy_vm_restore_point000001/providers/Microsoft.Network/networkInterfaces/vm_000006VMNic"},{"id":"/subscriptions/00000000-0000-0000-0000-000000000000/resourceGroups/cli_test_copy_vm_restore_point000001/providers/Microsoft.Network/networkSecurityGroups/vm_000006NSG"},{"id":"/subscriptions/00000000-0000-0000-0000-000000000000/resourceGroups/cli_test_copy_vm_restore_point000001/providers/Microsoft.Network/publicIPAddresses/vm_000006PublicIP"},{"id":"/subscriptions/00000000-0000-0000-0000-000000000000/resourceGroups/cli_test_copy_vm_restore_point000001/providers/Microsoft.Network/virtualNetworks/vm_000006VNET"}]}}'
    headers:
      cache-control:
      - no-cache
      content-length:
      - '3441'
      content-type:
      - application/json; charset=utf-8
      date:
      - Thu, 19 Oct 2023 05:23:56 GMT
      expires:
      - '-1'
      pragma:
      - no-cache
      strict-transport-security:
      - max-age=31536000; includeSubDomains
      vary:
      - Accept-Encoding
      x-content-type-options:
      - nosniff
    status:
      code: 200
      message: OK
- request:
    body: null
    headers:
      Accept:
      - application/json
      Accept-Encoding:
      - gzip, deflate
      CommandName:
      - vm create
      Connection:
      - keep-alive
      ParameterSetName:
      - -n -g --image --admin-username
      User-Agent:
      - AZURECLI/2.53.0 azsdk-python-azure-mgmt-compute/30.2.0 Python/3.10.9 (Windows-10-10.0.22621-SP0)
    method: GET
    uri: https://management.azure.com/subscriptions/00000000-0000-0000-0000-000000000000/resourceGroups/cli_test_copy_vm_restore_point000001/providers/Microsoft.Compute/virtualMachines/vm_000006?$expand=instanceView&api-version=2022-11-01
  response:
    body:
      string: "{\r\n  \"name\": \"vm_000006\",\r\n  \"id\": \"/subscriptions/00000000-0000-0000-0000-000000000000/resourceGroups/cli_test_copy_vm_restore_point000001/providers/Microsoft.Compute/virtualMachines/vm_000006\"\
        ,\r\n  \"type\": \"Microsoft.Compute/virtualMachines\",\r\n  \"location\"\
        : \"westus\",\r\n  \"tags\": {},\r\n  \"properties\": {\r\n    \"hardwareProfile\"\
        : {\r\n      \"vmSize\": \"Standard_DS1_v2\"\r\n    },\r\n    \"provisioningState\"\
        : \"Succeeded\",\r\n    \"vmId\": \"49fc21c9-218f-45f9-85f9-2dfd0b809393\"\
        ,\r\n    \"storageProfile\": {\r\n      \"imageReference\": {\r\n        \"\
        publisher\": \"Canonical\",\r\n        \"offer\": \"UbuntuServer\",\r\n  \
        \      \"sku\": \"18.04-LTS\",\r\n        \"version\": \"latest\",\r\n   \
        \     \"exactVersion\": \"18.04.202306070\"\r\n      },\r\n      \"osDisk\"\
        : {\r\n        \"osType\": \"Linux\",\r\n        \"name\": \"vm_000006_OsDisk_1_a540a58b079f4ab9b2bc78db7c7d0355\"\
        ,\r\n        \"createOption\": \"FromImage\",\r\n        \"caching\": \"ReadWrite\"\
        ,\r\n        \"managedDisk\": {\r\n          \"storageAccountType\": \"Premium_LRS\"\
        ,\r\n          \"id\": \"/subscriptions/00000000-0000-0000-0000-000000000000/resourceGroups/cli_test_copy_vm_restore_point000001/providers/Microsoft.Compute/disks/vm_000006_OsDisk_1_a540a58b079f4ab9b2bc78db7c7d0355\"\
        \r\n        },\r\n        \"deleteOption\": \"Detach\",\r\n        \"diskSizeGB\"\
        : 30\r\n      },\r\n      \"dataDisks\": []\r\n    },\r\n    \"osProfile\"\
        : {\r\n      \"computerName\": \"vmzoeoa3bsgymc\",\r\n      \"adminUsername\"\
        : \"vmtest\",\r\n      \"linuxConfiguration\": {\r\n        \"disablePasswordAuthentication\"\
        : true,\r\n        \"ssh\": {\r\n          \"publicKeys\": [\r\n         \
        \   {\r\n              \"path\": \"/home/vmtest/.ssh/authorized_keys\",\r\n\
        \              \"keyData\": \"ssh-rsa AAAAB3NzaC1yc2EAAAADAQABAAABAQCp+Uh121QVTLREpkf/YFK3TAtX1tnj80+wIyV9TgXhX+49paW0rS9LvgQaZFvyW2We/ItBYlQis1nFKdvrGFGdZf954LkjCbs8yMfLTkw3TiHAgjKEtokwimBkYF7u1T/E47kAUk7dGmTL9I0hVLJzN1BEFkrQPrNwatIxNEZowI/hN9ZGLDZ+sjORtD4igKZ/Wp6U0+sXFW1zuBUIrCAh411vHTrRcn9E1r72RBk6NQJN1fGCIybq2YTB0v90ygt80BWw/0/3qu+jcWWMBSdwQx81RUvUteURd5WPGW5L6vE0lLSpWOrK/3xiACJZmsgyAN5iZz/n0CVfBxRI6Ehr\"\
        \r\n            }\r\n          ]\r\n        },\r\n        \"provisionVMAgent\"\
        : true,\r\n        \"patchSettings\": {\r\n          \"patchMode\": \"ImageDefault\"\
        ,\r\n          \"assessmentMode\": \"ImageDefault\"\r\n        },\r\n    \
        \    \"enableVMAgentPlatformUpdates\": false\r\n      },\r\n      \"secrets\"\
        : [],\r\n      \"allowExtensionOperations\": true,\r\n      \"requireGuestProvisionSignal\"\
        : true\r\n    },\r\n    \"networkProfile\": {\"networkInterfaces\":[{\"id\"\
        :\"/subscriptions/00000000-0000-0000-0000-000000000000/resourceGroups/cli_test_copy_vm_restore_point000001/providers/Microsoft.Network/networkInterfaces/vm_000006VMNic\"\
        }]},\r\n    \"instanceView\": {\r\n      \"computerName\": \"vmzoeoa3bsgymc\"\
        ,\r\n      \"osName\": \"ubuntu\",\r\n      \"osVersion\": \"18.04\",\r\n\
        \      \"vmAgent\": {\r\n        \"vmAgentVersion\": \"2.9.1.1\",\r\n    \
        \    \"statuses\": [\r\n          {\r\n            \"code\": \"ProvisioningState/succeeded\"\
        ,\r\n            \"level\": \"Info\",\r\n            \"displayStatus\": \"\
        Ready\",\r\n            \"message\": \"Guest Agent is running\",\r\n     \
        \       \"time\": \"2023-10-19T05:23:58+00:00\"\r\n          }\r\n       \
        \ ],\r\n        \"extensionHandlers\": []\r\n      },\r\n      \"disks\":\
        \ [\r\n        {\r\n          \"name\": \"vm_000006_OsDisk_1_a540a58b079f4ab9b2bc78db7c7d0355\"\
        ,\r\n          \"statuses\": [\r\n            {\r\n              \"code\"\
        : \"ProvisioningState/succeeded\",\r\n              \"level\": \"Info\",\r\
        \n              \"displayStatus\": \"Provisioning succeeded\",\r\n       \
        \       \"time\": \"2023-10-19T05:23:14.1849074+00:00\"\r\n            }\r\
        \n          ]\r\n        }\r\n      ],\r\n      \"hyperVGeneration\": \"V1\"\
        ,\r\n      \"statuses\": [\r\n        {\r\n          \"code\": \"ProvisioningState/succeeded\"\
        ,\r\n          \"level\": \"Info\",\r\n          \"displayStatus\": \"Provisioning\
        \ succeeded\",\r\n          \"time\": \"2023-10-19T05:23:45.8257791+00:00\"\
        \r\n        },\r\n        {\r\n          \"code\": \"PowerState/running\"\
        ,\r\n          \"level\": \"Info\",\r\n          \"displayStatus\": \"VM running\"\
        \r\n        }\r\n      ]\r\n    },\r\n    \"timeCreated\": \"2023-10-19T05:23:11.5444933+00:00\"\
        \r\n  }\r\n}"
    headers:
      cache-control:
      - no-cache
      content-length:
      - '3952'
      content-type:
      - application/json; charset=utf-8
      date:
      - Thu, 19 Oct 2023 05:23:58 GMT
      expires:
      - '-1'
      pragma:
      - no-cache
      server:
      - Microsoft-HTTPAPI/2.0
      - Microsoft-HTTPAPI/2.0
      strict-transport-security:
      - max-age=31536000; includeSubDomains
      transfer-encoding:
      - chunked
      vary:
      - Accept-Encoding
      x-content-type-options:
      - nosniff
      x-ms-ratelimit-remaining-resource:
      - Microsoft.Compute/LowCostGetSubscriptionMaximum;23995,Microsoft.Compute/LowCostGetResource;32
    status:
      code: 200
      message: OK
- request:
    body: null
    headers:
      Accept:
      - application/json
      Accept-Encoding:
      - gzip, deflate
      CommandName:
      - vm create
      Connection:
      - keep-alive
      ParameterSetName:
      - -n -g --image --admin-username
      User-Agent:
      - AZURECLI/2.53.0 (AAZ) azsdk-python-core/1.26.0 Python/3.10.9 (Windows-10-10.0.22621-SP0)
    method: GET
    uri: https://management.azure.com/subscriptions/00000000-0000-0000-0000-000000000000/resourceGroups/cli_test_copy_vm_restore_point000001/providers/Microsoft.Network/networkInterfaces/vm_000006VMNic?api-version=2022-01-01
  response:
    body:
      string: "{\r\n  \"name\": \"vm_000006VMNic\",\r\n  \"id\": \"/subscriptions/00000000-0000-0000-0000-000000000000/resourceGroups/cli_test_copy_vm_restore_point000001/providers/Microsoft.Network/networkInterfaces/vm_000006VMNic\"\
        ,\r\n  \"etag\": \"W/\\\"1190cbfc-eb4d-42c9-bcb0-4e968521ef82\\\"\",\r\n \
        \ \"tags\": {},\r\n  \"properties\": {\r\n    \"provisioningState\": \"Succeeded\"\
        ,\r\n    \"resourceGuid\": \"870ee2f7-b152-4f67-be00-237b1f6b5ca4\",\r\n \
        \   \"ipConfigurations\": [\r\n      {\r\n        \"name\": \"ipconfigvm_000006\"\
        ,\r\n        \"id\": \"/subscriptions/00000000-0000-0000-0000-000000000000/resourceGroups/cli_test_copy_vm_restore_point000001/providers/Microsoft.Network/networkInterfaces/vm_000006VMNic/ipConfigurations/ipconfigvm_000006\"\
        ,\r\n        \"etag\": \"W/\\\"1190cbfc-eb4d-42c9-bcb0-4e968521ef82\\\"\"\
        ,\r\n        \"type\": \"Microsoft.Network/networkInterfaces/ipConfigurations\"\
        ,\r\n        \"properties\": {\r\n          \"provisioningState\": \"Succeeded\"\
        ,\r\n          \"privateIPAddress\": \"10.0.0.4\",\r\n          \"privateIPAllocationMethod\"\
        : \"Dynamic\",\r\n          \"publicIPAddress\": {\r\n            \"id\":\
        \ \"/subscriptions/00000000-0000-0000-0000-000000000000/resourceGroups/cli_test_copy_vm_restore_point000001/providers/Microsoft.Network/publicIPAddresses/vm_000006PublicIP\"\
        \r\n          },\r\n          \"subnet\": {\r\n            \"id\": \"/subscriptions/00000000-0000-0000-0000-000000000000/resourceGroups/cli_test_copy_vm_restore_point000001/providers/Microsoft.Network/virtualNetworks/vm_000006VNET/subnets/vm_000006Subnet\"\
        \r\n          },\r\n          \"primary\": true,\r\n          \"privateIPAddressVersion\"\
        : \"IPv4\"\r\n        }\r\n      }\r\n    ],\r\n    \"dnsSettings\": {\r\n\
        \      \"dnsServers\": [],\r\n      \"appliedDnsServers\": [],\r\n      \"\
        internalDomainNameSuffix\": \"fotumetsikderbtc1yc4eghfrf.dx.internal.cloudapp.net\"\
        \r\n    },\r\n    \"macAddress\": \"60-45-BD-02-33-02\",\r\n    \"vnetEncryptionSupported\"\
        : false,\r\n    \"enableIPForwarding\": false,\r\n    \"networkSecurityGroup\"\
        : {\r\n      \"id\": \"/subscriptions/00000000-0000-0000-0000-000000000000/resourceGroups/cli_test_copy_vm_restore_point000001/providers/Microsoft.Network/networkSecurityGroups/vm_000006NSG\"\
        \r\n    },\r\n    \"primary\": true,\r\n    \"virtualMachine\": {\r\n    \
        \  \"id\": \"/subscriptions/00000000-0000-0000-0000-000000000000/resourceGroups/cli_test_copy_vm_restore_point000001/providers/Microsoft.Compute/virtualMachines/vm_000006\"\
        \r\n    },\r\n    \"hostedWorkloads\": [],\r\n    \"tapConfigurations\": [],\r\
        \n    \"nicType\": \"Standard\",\r\n    \"allowPort25Out\": true,\r\n    \"\
        auxiliaryMode\": \"None\"\r\n  },\r\n  \"type\": \"Microsoft.Network/networkInterfaces\"\
        ,\r\n  \"location\": \"westus\",\r\n  \"kind\": \"Regular\"\r\n}"
    headers:
      cache-control:
      - no-cache
      content-length:
      - '2557'
      content-type:
      - application/json; charset=utf-8
      date:
      - Thu, 19 Oct 2023 05:24:00 GMT
      etag:
      - W/"1190cbfc-eb4d-42c9-bcb0-4e968521ef82"
      expires:
      - '-1'
      pragma:
      - no-cache
      server:
      - Microsoft-HTTPAPI/2.0
      - Microsoft-HTTPAPI/2.0
      strict-transport-security:
      - max-age=31536000; includeSubDomains
      transfer-encoding:
      - chunked
      vary:
      - Accept-Encoding
      x-content-type-options:
      - nosniff
      x-ms-arm-service-request-id:
      - a7ab5d82-20f9-4390-883f-64e75a3d750e
    status:
      code: 200
      message: OK
- request:
    body: null
    headers:
      Accept:
      - application/json
      Accept-Encoding:
      - gzip, deflate
      CommandName:
      - vm create
      Connection:
      - keep-alive
      ParameterSetName:
      - -n -g --image --admin-username
      User-Agent:
      - AZURECLI/2.53.0 (AAZ) azsdk-python-core/1.26.0 Python/3.10.9 (Windows-10-10.0.22621-SP0)
    method: GET
    uri: https://management.azure.com/subscriptions/00000000-0000-0000-0000-000000000000/resourceGroups/cli_test_copy_vm_restore_point000001/providers/Microsoft.Network/publicIPAddresses/vm_000006PublicIP?api-version=2022-01-01
  response:
    body:
      string: "{\r\n  \"name\": \"vm_000006PublicIP\",\r\n  \"id\": \"/subscriptions/00000000-0000-0000-0000-000000000000/resourceGroups/cli_test_copy_vm_restore_point000001/providers/Microsoft.Network/publicIPAddresses/vm_000006PublicIP\"\
        ,\r\n  \"etag\": \"W/\\\"4e95ca90-927f-4173-8e93-fd336ea16031\\\"\",\r\n \
        \ \"location\": \"westus\",\r\n  \"tags\": {},\r\n  \"properties\": {\r\n\
        \    \"provisioningState\": \"Succeeded\",\r\n    \"resourceGuid\": \"77bb4e2e-0e07-4a70-958f-3ff5ced71b61\"\
        ,\r\n    \"ipAddress\": \"168.62.208.255\",\r\n    \"publicIPAddressVersion\"\
        : \"IPv4\",\r\n    \"publicIPAllocationMethod\": \"Dynamic\",\r\n    \"idleTimeoutInMinutes\"\
        : 4,\r\n    \"ipTags\": [],\r\n    \"ipConfiguration\": {\r\n      \"id\"\
        : \"/subscriptions/00000000-0000-0000-0000-000000000000/resourceGroups/cli_test_copy_vm_restore_point000001/providers/Microsoft.Network/networkInterfaces/vm_000006VMNic/ipConfigurations/ipconfigvm_000006\"\
        \r\n    }\r\n  },\r\n  \"type\": \"Microsoft.Network/publicIPAddresses\",\r\
        \n  \"sku\": {\r\n    \"name\": \"Basic\",\r\n    \"tier\": \"Regional\"\r\
        \n  }\r\n}"
    headers:
      cache-control:
      - no-cache
      content-length:
      - '969'
      content-type:
      - application/json; charset=utf-8
      date:
      - Thu, 19 Oct 2023 05:24:01 GMT
      etag:
      - W/"4e95ca90-927f-4173-8e93-fd336ea16031"
      expires:
      - '-1'
      pragma:
      - no-cache
      server:
      - Microsoft-HTTPAPI/2.0
      - Microsoft-HTTPAPI/2.0
      strict-transport-security:
      - max-age=31536000; includeSubDomains
      transfer-encoding:
      - chunked
      vary:
      - Accept-Encoding
      x-content-type-options:
      - nosniff
      x-ms-arm-service-request-id:
      - fa1755db-c114-47e7-85bb-aa6a6a22c8c0
    status:
      code: 200
      message: OK
- request:
    body: null
    headers:
      Accept:
      - application/json
      Accept-Encoding:
      - gzip, deflate
      CommandName:
      - restore-point collection create
      Connection:
      - keep-alive
      ParameterSetName:
      - -g --collection-name --source-id
      User-Agent:
      - AZURECLI/2.53.0 azsdk-python-azure-mgmt-resource/23.1.0b2 Python/3.10.9 (Windows-10-10.0.22621-SP0)
    method: GET
    uri: https://management.azure.com/subscriptions/00000000-0000-0000-0000-000000000000/resourcegroups/cli_test_copy_vm_restore_point000001?api-version=2022-09-01
  response:
    body:
      string: '{"id":"/subscriptions/00000000-0000-0000-0000-000000000000/resourceGroups/cli_test_copy_vm_restore_point000001","name":"cli_test_copy_vm_restore_point000001","type":"Microsoft.Resources/resourceGroups","location":"westus","tags":{"product":"azurecli","cause":"automation","test":"test_copy_vm_restore_point","date":"2023-10-19T05:22:37Z","module":"vm"},"properties":{"provisioningState":"Succeeded"}}'
    headers:
      cache-control:
      - no-cache
      content-length:
      - '400'
      content-type:
      - application/json; charset=utf-8
      date:
      - Thu, 19 Oct 2023 05:24:02 GMT
      expires:
      - '-1'
      pragma:
      - no-cache
      strict-transport-security:
      - max-age=31536000; includeSubDomains
      vary:
      - Accept-Encoding
      x-content-type-options:
      - nosniff
    status:
      code: 200
      message: OK
- request:
    body: '{"location": "westus", "properties": {"source": {"id": "/subscriptions/00000000-0000-0000-0000-000000000000/resourceGroups/cli_test_copy_vm_restore_point000001/providers/Microsoft.Compute/virtualMachines/vm_000006"}}}'
    headers:
      Accept:
      - application/json
      Accept-Encoding:
      - gzip, deflate
      CommandName:
      - restore-point collection create
      Connection:
      - keep-alive
      Content-Length:
      - '217'
      Content-Type:
      - application/json
      ParameterSetName:
      - -g --collection-name --source-id
      User-Agent:
      - AZURECLI/2.53.0 azsdk-python-azure-mgmt-compute/30.2.0 Python/3.10.9 (Windows-10-10.0.22621-SP0)
    method: PUT
    uri: https://management.azure.com/subscriptions/00000000-0000-0000-0000-000000000000/resourceGroups/cli_test_copy_vm_restore_point000001/providers/Microsoft.Compute/restorePointCollections/collection_000002?api-version=2023-07-01
  response:
    body:
      string: "{\r\n  \"name\": \"collection_000002\",\r\n  \"id\": \"/subscriptions/00000000-0000-0000-0000-000000000000/resourceGroups/cli_test_copy_vm_restore_point000001/providers/Microsoft.Compute/restorePointCollections/collection_000002\"\
        ,\r\n  \"type\": \"Microsoft.Compute/restorePointCollections\",\r\n  \"location\"\
        : \"westus\",\r\n  \"properties\": {\r\n    \"source\": {\r\n      \"location\"\
        : \"westus\",\r\n      \"id\": \"/subscriptions/00000000-0000-0000-0000-000000000000/resourceGroups/cli_test_copy_vm_restore_point000001/providers/Microsoft.Compute/virtualMachines/vm_000006\"\
        \r\n    },\r\n    \"restorePointCollectionId\": \"b3168cf8-f9bb-4fa8-ad69-324cd2fe1060\"\
        ,\r\n    \"provisioningState\": \"Succeeded\"\r\n  }\r\n}"
    headers:
      cache-control:
      - no-cache
      content-length:
      - '665'
      content-type:
      - application/json; charset=utf-8
      date:
      - Thu, 19 Oct 2023 05:24:07 GMT
      expires:
      - '-1'
      pragma:
      - no-cache
      server:
      - Microsoft-HTTPAPI/2.0
      - Microsoft-HTTPAPI/2.0
      strict-transport-security:
      - max-age=31536000; includeSubDomains
      x-content-type-options:
      - nosniff
      x-ms-ratelimit-remaining-resource:
      - Microsoft.Compute/PutRestorePointCollectionResource;14,Microsoft.Compute/PutRestorePointCollectionSubscriptionMaximum;149
      x-ms-ratelimit-remaining-subscription-writes:
      - '1199'
    status:
      code: 201
      message: Created
- request:
    body: '{"location": "eastus", "properties": {"source": {"id": "/subscriptions/00000000-0000-0000-0000-000000000000/resourceGroups/cli_test_copy_vm_restore_point000001/providers/Microsoft.Compute/restorePointCollections/collection_000002"}}}'
    headers:
      Accept:
      - application/json
      Accept-Encoding:
      - gzip, deflate
      CommandName:
      - restore-point collection create
      Connection:
      - keep-alive
      Content-Length:
      - '233'
      Content-Type:
      - application/json
      ParameterSetName:
      - -g --collection-name --source-id -l
      User-Agent:
      - AZURECLI/2.53.0 azsdk-python-azure-mgmt-compute/30.2.0 Python/3.10.9 (Windows-10-10.0.22621-SP0)
    method: PUT
    uri: https://management.azure.com/subscriptions/00000000-0000-0000-0000-000000000000/resourceGroups/cli_test_copy_vm_restore_point000001/providers/Microsoft.Compute/restorePointCollections/collection_000003?api-version=2023-07-01
  response:
    body:
      string: "{\r\n  \"name\": \"collection_000003\",\r\n  \"id\": \"/subscriptions/00000000-0000-0000-0000-000000000000/resourceGroups/cli_test_copy_vm_restore_point000001/providers/Microsoft.Compute/restorePointCollections/collection_000003\"\
        ,\r\n  \"type\": \"Microsoft.Compute/restorePointCollections\",\r\n  \"location\"\
        : \"eastus\",\r\n  \"properties\": {\r\n    \"source\": {\r\n      \"location\"\
        : \"westus\",\r\n      \"id\": \"/subscriptions/00000000-0000-0000-0000-000000000000/resourceGroups/cli_test_copy_vm_restore_point000001/providers/Microsoft.Compute/restorePointCollections/collection_000002\"\
        \r\n    },\r\n    \"restorePointCollectionId\": \"6d37d048-d82a-462d-a3b7-a2bb9b45cebc\"\
        ,\r\n    \"provisioningState\": \"Succeeded\"\r\n  }\r\n}"
    headers:
      cache-control:
      - no-cache
      content-length:
      - '681'
      content-type:
      - application/json; charset=utf-8
      date:
      - Thu, 19 Oct 2023 05:24:12 GMT
      expires:
      - '-1'
      pragma:
      - no-cache
      server:
      - Microsoft-HTTPAPI/2.0
      - Microsoft-HTTPAPI/2.0
      strict-transport-security:
      - max-age=31536000; includeSubDomains
      x-content-type-options:
      - nosniff
      x-ms-ratelimit-remaining-resource:
      - Microsoft.Compute/PutRestorePointCollectionResource;14,Microsoft.Compute/PutRestorePointCollectionSubscriptionMaximum;149
      x-ms-ratelimit-remaining-subscription-writes:
      - '1196'
    status:
      code: 201
      message: Created
- request:
    body: '{}'
    headers:
      Accept:
      - application/json
      Accept-Encoding:
      - gzip, deflate
      CommandName:
      - restore-point create
      Connection:
      - keep-alive
      Content-Length:
      - '2'
      Content-Type:
      - application/json
      ParameterSetName:
      - -g -n --collection-name
      User-Agent:
      - AZURECLI/2.53.0 azsdk-python-azure-mgmt-compute/30.2.0 Python/3.10.9 (Windows-10-10.0.22621-SP0)
    method: PUT
    uri: https://management.azure.com/subscriptions/00000000-0000-0000-0000-000000000000/resourceGroups/cli_test_copy_vm_restore_point000001/providers/Microsoft.Compute/restorePointCollections/collection_000002/restorePoints/point_000004?api-version=2023-07-01
  response:
    body:
      string: "{\r\n  \"name\": \"point_000004\",\r\n  \"id\": \"/subscriptions/00000000-0000-0000-0000-000000000000/resourceGroups/cli_test_copy_vm_restore_point000001/providers/Microsoft.Compute/restorePointCollections/collection_000002/restorePoints/point_000004\"\
        ,\r\n  \"properties\": {\r\n    \"sourceMetadata\": {\r\n      \"vmId\": \"\
        49fc21c9-218f-45f9-85f9-2dfd0b809393\",\r\n      \"location\": \"westus\"\
        ,\r\n      \"hardwareProfile\": {\r\n        \"vmSize\": \"Standard_DS1_v2\"\
        \r\n      },\r\n      \"storageProfile\": {\r\n        \"osDisk\": {\r\n \
        \         \"osType\": \"Linux\",\r\n          \"name\": \"vm_000006_OsDisk_1_a540a58b079f4ab9b2bc78db7c7d0355\"\
        ,\r\n          \"diskSizeGB\": 30,\r\n          \"caching\": \"ReadWrite\"\
        ,\r\n          \"managedDisk\": {\r\n            \"storageAccountType\": \"\
        Premium_LRS\",\r\n            \"id\": \"/subscriptions/00000000-0000-0000-0000-000000000000/resourceGroups/cli_test_copy_vm_restore_point000001/providers/Microsoft.Compute/disks/vm_000006_OsDisk_1_a540a58b079f4ab9b2bc78db7c7d0355\"\
        \r\n          }\r\n        },\r\n        \"dataDisks\": []\r\n      },\r\n\
        \      \"osProfile\": {\r\n        \"computerName\": \"vmzoeoa3bsgymc\",\r\
        \n        \"adminUsername\": \"vmtest\",\r\n        \"linuxConfiguration\"\
        : {\r\n          \"disablePasswordAuthentication\": true,\r\n          \"\
        ssh\": {\r\n            \"publicKeys\": [\r\n              {\r\n         \
        \       \"path\": \"/home/vmtest/.ssh/authorized_keys\",\r\n             \
        \   \"keyData\": \"ssh-rsa AAAAB3NzaC1yc2EAAAADAQABAAABAQCp+Uh121QVTLREpkf/YFK3TAtX1tnj80+wIyV9TgXhX+49paW0rS9LvgQaZFvyW2We/ItBYlQis1nFKdvrGFGdZf954LkjCbs8yMfLTkw3TiHAgjKEtokwimBkYF7u1T/E47kAUk7dGmTL9I0hVLJzN1BEFkrQPrNwatIxNEZowI/hN9ZGLDZ+sjORtD4igKZ/Wp6U0+sXFW1zuBUIrCAh411vHTrRcn9E1r72RBk6NQJN1fGCIybq2YTB0v90ygt80BWw/0/3qu+jcWWMBSdwQx81RUvUteURd5WPGW5L6vE0lLSpWOrK/3xiACJZmsgyAN5iZz/n0CVfBxRI6Ehr\"\
        \r\n              }\r\n            ]\r\n          },\r\n          \"provisionVMAgent\"\
        : true,\r\n          \"patchSettings\": {\r\n            \"patchMode\": \"\
        ImageDefault\",\r\n            \"assessmentMode\": \"ImageDefault\"\r\n  \
        \        },\r\n          \"enableVMAgentPlatformUpdates\": false\r\n     \
        \   },\r\n        \"secrets\": [],\r\n        \"allowExtensionOperations\"\
        : true,\r\n        \"requireGuestProvisionSignal\": true\r\n      },\r\n \
        \     \"hyperVGeneration\": \"V1\"\r\n    },\r\n    \"provisioningState\"\
        : \"Creating\",\r\n    \"timeCreated\": \"2023-10-19T05:24:15.075979+00:00\"\
        \r\n  }\r\n}"
    headers:
      azure-asyncnotification:
      - Enabled
      azure-asyncoperation:
      - https://management.azure.com/subscriptions/00000000-0000-0000-0000-000000000000/providers/Microsoft.Compute/locations/westus/operations/eb98d268-b00d-463c-83d2-a21b528f66e0?p=571046f6-b640-41c1-86f7-f9f044b5adf9&api-version=2023-07-01
      cache-control:
      - no-cache
      content-length:
      - '2271'
      content-type:
      - application/json; charset=utf-8
      date:
      - Thu, 19 Oct 2023 05:24:14 GMT
      expires:
      - '-1'
      pragma:
      - no-cache
      server:
      - Microsoft-HTTPAPI/2.0
      - Microsoft-HTTPAPI/2.0
      strict-transport-security:
      - max-age=31536000; includeSubDomains
      x-content-type-options:
      - nosniff
      x-ms-ratelimit-remaining-resource:
      - Microsoft.Compute/PutRestorePointResource;5,Microsoft.Compute/PutRestorePointSubscriptionMaximum;149
      x-ms-ratelimit-remaining-subscription-writes:
      - '1198'
    status:
      code: 201
      message: Created
- request:
    body: null
    headers:
      Accept:
      - '*/*'
      Accept-Encoding:
      - gzip, deflate
      CommandName:
      - restore-point create
      Connection:
      - keep-alive
      ParameterSetName:
      - -g -n --collection-name
      User-Agent:
      - AZURECLI/2.53.0 azsdk-python-azure-mgmt-compute/30.2.0 Python/3.10.9 (Windows-10-10.0.22621-SP0)
    method: GET
    uri: https://management.azure.com/subscriptions/00000000-0000-0000-0000-000000000000/providers/Microsoft.Compute/locations/westus/operations/eb98d268-b00d-463c-83d2-a21b528f66e0?p=571046f6-b640-41c1-86f7-f9f044b5adf9&api-version=2023-07-01
  response:
    body:
      string: "{\r\n  \"startTime\": \"2023-10-19T05:24:15.0603577+00:00\",\r\n  \"\
        status\": \"InProgress\",\r\n  \"name\": \"eb98d268-b00d-463c-83d2-a21b528f66e0\"\
        \r\n}"
    headers:
      cache-control:
      - no-cache
      content-length:
      - '134'
      content-type:
      - application/json; charset=utf-8
      date:
      - Thu, 19 Oct 2023 05:24:14 GMT
      expires:
      - '-1'
      pragma:
      - no-cache
      server:
      - Microsoft-HTTPAPI/2.0
      - Microsoft-HTTPAPI/2.0
      strict-transport-security:
      - max-age=31536000; includeSubDomains
      transfer-encoding:
      - chunked
      vary:
      - Accept-Encoding
      x-content-type-options:
      - nosniff
      x-ms-ratelimit-remaining-resource:
      - Microsoft.Compute/GetOperationResource;59,Microsoft.Compute/GetOperationSubscriptionMaximum;14988
    status:
      code: 200
      message: OK
- request:
    body: null
    headers:
      Accept:
      - '*/*'
      Accept-Encoding:
      - gzip, deflate
      CommandName:
      - restore-point create
      Connection:
      - keep-alive
      ParameterSetName:
      - -g -n --collection-name
      User-Agent:
      - AZURECLI/2.53.0 azsdk-python-azure-mgmt-compute/30.2.0 Python/3.10.9 (Windows-10-10.0.22621-SP0)
    method: GET
    uri: https://management.azure.com/subscriptions/00000000-0000-0000-0000-000000000000/providers/Microsoft.Compute/locations/westus/operations/eb98d268-b00d-463c-83d2-a21b528f66e0?p=571046f6-b640-41c1-86f7-f9f044b5adf9&api-version=2023-07-01
  response:
    body:
      string: "{\r\n  \"startTime\": \"2023-10-19T05:24:15.0603577+00:00\",\r\n  \"\
        status\": \"InProgress\",\r\n  \"name\": \"eb98d268-b00d-463c-83d2-a21b528f66e0\"\
        \r\n}"
    headers:
      cache-control:
      - no-cache
      content-length:
      - '134'
      content-type:
      - application/json; charset=utf-8
      date:
      - Thu, 19 Oct 2023 05:24:45 GMT
      expires:
      - '-1'
      pragma:
      - no-cache
      server:
      - Microsoft-HTTPAPI/2.0
      - Microsoft-HTTPAPI/2.0
      strict-transport-security:
      - max-age=31536000; includeSubDomains
      transfer-encoding:
      - chunked
      vary:
      - Accept-Encoding
      x-content-type-options:
      - nosniff
      x-ms-ratelimit-remaining-resource:
      - Microsoft.Compute/GetOperationResource;58,Microsoft.Compute/GetOperationSubscriptionMaximum;14995
    status:
      code: 200
      message: OK
- request:
    body: null
    headers:
      Accept:
      - '*/*'
      Accept-Encoding:
      - gzip, deflate
      CommandName:
      - restore-point create
      Connection:
      - keep-alive
      ParameterSetName:
      - -g -n --collection-name
      User-Agent:
      - AZURECLI/2.53.0 azsdk-python-azure-mgmt-compute/30.2.0 Python/3.10.9 (Windows-10-10.0.22621-SP0)
    method: GET
    uri: https://management.azure.com/subscriptions/00000000-0000-0000-0000-000000000000/providers/Microsoft.Compute/locations/westus/operations/eb98d268-b00d-463c-83d2-a21b528f66e0?p=571046f6-b640-41c1-86f7-f9f044b5adf9&api-version=2023-07-01
  response:
    body:
      string: "{\r\n  \"startTime\": \"2023-10-19T05:24:15.0603577+00:00\",\r\n  \"\
        endTime\": \"2023-10-19T05:24:50.6230657+00:00\",\r\n  \"status\": \"Succeeded\"\
        ,\r\n  \"name\": \"eb98d268-b00d-463c-83d2-a21b528f66e0\"\r\n}"
    headers:
      cache-control:
      - no-cache
      content-length:
      - '184'
      content-type:
      - application/json; charset=utf-8
      date:
      - Thu, 19 Oct 2023 05:25:15 GMT
      expires:
      - '-1'
      pragma:
      - no-cache
      server:
      - Microsoft-HTTPAPI/2.0
      - Microsoft-HTTPAPI/2.0
      strict-transport-security:
      - max-age=31536000; includeSubDomains
      transfer-encoding:
      - chunked
      vary:
      - Accept-Encoding
      x-content-type-options:
      - nosniff
      x-ms-ratelimit-remaining-resource:
      - Microsoft.Compute/GetOperationResource;59,Microsoft.Compute/GetOperationSubscriptionMaximum;14990
    status:
      code: 200
      message: OK
- request:
    body: null
    headers:
      Accept:
      - '*/*'
      Accept-Encoding:
      - gzip, deflate
      CommandName:
      - restore-point create
      Connection:
      - keep-alive
      ParameterSetName:
      - -g -n --collection-name
      User-Agent:
      - AZURECLI/2.53.0 azsdk-python-azure-mgmt-compute/30.2.0 Python/3.10.9 (Windows-10-10.0.22621-SP0)
    method: GET
    uri: https://management.azure.com/subscriptions/00000000-0000-0000-0000-000000000000/resourceGroups/cli_test_copy_vm_restore_point000001/providers/Microsoft.Compute/restorePointCollections/collection_000002/restorePoints/point_000004?api-version=2023-07-01
  response:
    body:
      string: "{\r\n  \"name\": \"point_000004\",\r\n  \"id\": \"/subscriptions/00000000-0000-0000-0000-000000000000/resourceGroups/cli_test_copy_vm_restore_point000001/providers/Microsoft.Compute/restorePointCollections/collection_000002/restorePoints/point_000004\"\
        ,\r\n  \"properties\": {\r\n    \"sourceMetadata\": {\r\n      \"vmId\": \"\
        49fc21c9-218f-45f9-85f9-2dfd0b809393\",\r\n      \"location\": \"westus\"\
        ,\r\n      \"hardwareProfile\": {\r\n        \"vmSize\": \"Standard_DS1_v2\"\
        \r\n      },\r\n      \"storageProfile\": {\r\n        \"osDisk\": {\r\n \
        \         \"osType\": \"Linux\",\r\n          \"name\": \"vm_000006_OsDisk_1_a540a58b079f4ab9b2bc78db7c7d0355\"\
        ,\r\n          \"diskSizeGB\": 30,\r\n          \"caching\": \"ReadWrite\"\
        ,\r\n          \"managedDisk\": {\r\n            \"storageAccountType\": \"\
        Premium_LRS\",\r\n            \"id\": \"/subscriptions/00000000-0000-0000-0000-000000000000/resourceGroups/cli_test_copy_vm_restore_point000001/providers/Microsoft.Compute/disks/vm_000006_OsDisk_1_a540a58b079f4ab9b2bc78db7c7d0355\"\
        \r\n          },\r\n          \"diskRestorePoint\": {\r\n            \"encryption\"\
        : {\r\n              \"type\": \"EncryptionAtRestWithPlatformKey\"\r\n   \
        \         },\r\n            \"id\": \"/subscriptions/00000000-0000-0000-0000-000000000000/resourceGroups/cli_test_copy_vm_restore_point000001/providers/Microsoft.Compute/restorePointCollections/collection_000002/restorePoints/point_000004/diskRestorePoints/vm_000006_OsDisk_1_a540a58b079f4ab9b2bc78db7c7d0355_9d7d1c74-528c-4830-84f4-c342ae682797\"\
        \r\n          }\r\n        },\r\n        \"dataDisks\": []\r\n      },\r\n\
        \      \"osProfile\": {\r\n        \"computerName\": \"vmzoeoa3bsgymc\",\r\
        \n        \"adminUsername\": \"vmtest\",\r\n        \"linuxConfiguration\"\
        : {\r\n          \"disablePasswordAuthentication\": true,\r\n          \"\
        ssh\": {\r\n            \"publicKeys\": [\r\n              {\r\n         \
        \       \"path\": \"/home/vmtest/.ssh/authorized_keys\",\r\n             \
        \   \"keyData\": \"ssh-rsa AAAAB3NzaC1yc2EAAAADAQABAAABAQCp+Uh121QVTLREpkf/YFK3TAtX1tnj80+wIyV9TgXhX+49paW0rS9LvgQaZFvyW2We/ItBYlQis1nFKdvrGFGdZf954LkjCbs8yMfLTkw3TiHAgjKEtokwimBkYF7u1T/E47kAUk7dGmTL9I0hVLJzN1BEFkrQPrNwatIxNEZowI/hN9ZGLDZ+sjORtD4igKZ/Wp6U0+sXFW1zuBUIrCAh411vHTrRcn9E1r72RBk6NQJN1fGCIybq2YTB0v90ygt80BWw/0/3qu+jcWWMBSdwQx81RUvUteURd5WPGW5L6vE0lLSpWOrK/3xiACJZmsgyAN5iZz/n0CVfBxRI6Ehr\"\
        \r\n              }\r\n            ]\r\n          },\r\n          \"provisionVMAgent\"\
        : true,\r\n          \"patchSettings\": {\r\n            \"patchMode\": \"\
        ImageDefault\",\r\n            \"assessmentMode\": \"ImageDefault\"\r\n  \
        \        },\r\n          \"enableVMAgentPlatformUpdates\": false\r\n     \
        \   },\r\n        \"secrets\": [],\r\n        \"allowExtensionOperations\"\
        : true,\r\n        \"requireGuestProvisionSignal\": true\r\n      },\r\n \
        \     \"hyperVGeneration\": \"V1\"\r\n    },\r\n    \"provisioningState\"\
        : \"Succeeded\",\r\n    \"consistencyMode\": \"FileSystemConsistent\",\r\n\
        \    \"timeCreated\": \"2023-10-19T05:24:15.075979+00:00\"\r\n  }\r\n}"
    headers:
      cache-control:
      - no-cache
      content-length:
      - '2798'
      content-type:
      - application/json; charset=utf-8
      date:
      - Thu, 19 Oct 2023 05:25:17 GMT
      expires:
      - '-1'
      pragma:
      - no-cache
      server:
      - Microsoft-HTTPAPI/2.0
      - Microsoft-HTTPAPI/2.0
      strict-transport-security:
      - max-age=31536000; includeSubDomains
      transfer-encoding:
      - chunked
      vary:
      - Accept-Encoding
      x-content-type-options:
      - nosniff
      x-ms-ratelimit-remaining-resource:
      - Microsoft.Compute/LowCostGetRestorePointSubscriptionMaximum;599
    status:
      code: 200
      message: OK
- request:
    body: '{"properties": {"sourceRestorePoint": {"id": "/subscriptions/00000000-0000-0000-0000-000000000000/resourceGroups/cli_test_copy_vm_restore_point000001/providers/Microsoft.Compute/restorePointCollections/collection_000002/restorePoints/point_000004"}}}'
    headers:
      Accept:
      - application/json
      Accept-Encoding:
      - gzip, deflate
      CommandName:
      - restore-point create
      Connection:
      - keep-alive
      Content-Length:
      - '250'
      Content-Type:
      - application/json
      ParameterSetName:
      - -g -n --collection-name --source-restore-point
      User-Agent:
      - AZURECLI/2.53.0 azsdk-python-azure-mgmt-compute/30.2.0 Python/3.10.9 (Windows-10-10.0.22621-SP0)
    method: PUT
    uri: https://management.azure.com/subscriptions/00000000-0000-0000-0000-000000000000/resourceGroups/cli_test_copy_vm_restore_point000001/providers/Microsoft.Compute/restorePointCollections/collection_000003/restorePoints/point_000005?api-version=2023-07-01
  response:
    body:
      string: "{\r\n  \"name\": \"point_000005\",\r\n  \"id\": \"/subscriptions/00000000-0000-0000-0000-000000000000/resourceGroups/cli_test_copy_vm_restore_point000001/providers/Microsoft.Compute/restorePointCollections/collection_000003/restorePoints/point_000005\"\
        ,\r\n  \"properties\": {\r\n    \"sourceMetadata\": {\r\n      \"vmId\": \"\
        49fc21c9-218f-45f9-85f9-2dfd0b809393\",\r\n      \"location\": \"westus\"\
        ,\r\n      \"hardwareProfile\": {\r\n        \"vmSize\": \"Standard_DS1_v2\"\
        \r\n      },\r\n      \"storageProfile\": {\r\n        \"osDisk\": {\r\n \
        \         \"osType\": \"Linux\",\r\n          \"name\": \"vm_000006_OsDisk_1_a540a58b079f4ab9b2bc78db7c7d0355\"\
        ,\r\n          \"diskSizeGB\": 30,\r\n          \"caching\": \"ReadWrite\"\
        ,\r\n          \"managedDisk\": {\r\n            \"storageAccountType\": \"\
        Premium_LRS\",\r\n            \"id\": \"/subscriptions/00000000-0000-0000-0000-000000000000/resourceGroups/cli_test_copy_vm_restore_point000001/providers/Microsoft.Compute/disks/vm_000006_OsDisk_1_a540a58b079f4ab9b2bc78db7c7d0355\"\
        \r\n          }\r\n        },\r\n        \"dataDisks\": []\r\n      },\r\n\
        \      \"osProfile\": {\r\n        \"computerName\": \"vmzoeoa3bsgymc\",\r\
        \n        \"adminUsername\": \"vmtest\",\r\n        \"linuxConfiguration\"\
        : {\r\n          \"disablePasswordAuthentication\": true,\r\n          \"\
        ssh\": {\r\n            \"publicKeys\": [\r\n              {\r\n         \
        \       \"path\": \"/home/vmtest/.ssh/authorized_keys\",\r\n             \
        \   \"keyData\": \"ssh-rsa AAAAB3NzaC1yc2EAAAADAQABAAABAQCp+Uh121QVTLREpkf/YFK3TAtX1tnj80+wIyV9TgXhX+49paW0rS9LvgQaZFvyW2We/ItBYlQis1nFKdvrGFGdZf954LkjCbs8yMfLTkw3TiHAgjKEtokwimBkYF7u1T/E47kAUk7dGmTL9I0hVLJzN1BEFkrQPrNwatIxNEZowI/hN9ZGLDZ+sjORtD4igKZ/Wp6U0+sXFW1zuBUIrCAh411vHTrRcn9E1r72RBk6NQJN1fGCIybq2YTB0v90ygt80BWw/0/3qu+jcWWMBSdwQx81RUvUteURd5WPGW5L6vE0lLSpWOrK/3xiACJZmsgyAN5iZz/n0CVfBxRI6Ehr\"\
        \r\n              }\r\n            ]\r\n          },\r\n          \"provisionVMAgent\"\
        : true,\r\n          \"patchSettings\": {\r\n            \"patchMode\": \"\
        ImageDefault\",\r\n            \"assessmentMode\": \"ImageDefault\"\r\n  \
        \        },\r\n          \"enableVMAgentPlatformUpdates\": false\r\n     \
        \   },\r\n        \"secrets\": [],\r\n        \"allowExtensionOperations\"\
        : true,\r\n        \"requireGuestProvisionSignal\": true\r\n      },\r\n \
        \     \"hyperVGeneration\": \"V1\"\r\n    },\r\n    \"provisioningState\"\
        : \"Creating\",\r\n    \"consistencyMode\": \"FileSystemConsistent\",\r\n\
        \    \"sourceRestorePoint\": {\r\n      \"id\": \"/subscriptions/00000000-0000-0000-0000-000000000000/resourceGroups/cli_test_copy_vm_restore_point000001/providers/Microsoft.Compute/restorePointCollections/collection_000002/restorePoints/point_000004\"\
        \r\n    },\r\n    \"timeCreated\": \"2023-10-19T05:24:15.075979+00:00\"\r\n\
        \  }\r\n}"
    headers:
      azure-asyncnotification:
      - Enabled
      azure-asyncoperation:
      - https://management.azure.com/subscriptions/00000000-0000-0000-0000-000000000000/providers/Microsoft.Compute/locations/eastus/operations/272b2434-080f-4265-bd01-f98c1424ed68?p=54253b73-cb53-496f-ab42-5e5ee19426f8&api-version=2023-07-01
      cache-control:
      - no-cache
      content-length:
      - '2572'
      content-type:
      - application/json; charset=utf-8
      date:
      - Thu, 19 Oct 2023 05:25:19 GMT
      expires:
      - '-1'
      pragma:
      - no-cache
      server:
      - Microsoft-HTTPAPI/2.0
      - Microsoft-HTTPAPI/2.0
      strict-transport-security:
      - max-age=31536000; includeSubDomains
      x-content-type-options:
      - nosniff
      x-ms-ratelimit-remaining-resource:
      - Microsoft.Compute/PutRestorePointResource;5,Microsoft.Compute/PutRestorePointSubscriptionMaximum;149
      x-ms-ratelimit-remaining-subscription-writes:
      - '1198'
    status:
      code: 201
      message: Created
- request:
    body: null
    headers:
      Accept:
      - '*/*'
      Accept-Encoding:
      - gzip, deflate
      CommandName:
      - restore-point create
      Connection:
      - keep-alive
      ParameterSetName:
      - -g -n --collection-name --source-restore-point
      User-Agent:
      - AZURECLI/2.53.0 azsdk-python-azure-mgmt-compute/30.2.0 Python/3.10.9 (Windows-10-10.0.22621-SP0)
    method: GET
    uri: https://management.azure.com/subscriptions/00000000-0000-0000-0000-000000000000/providers/Microsoft.Compute/locations/eastus/operations/272b2434-080f-4265-bd01-f98c1424ed68?p=54253b73-cb53-496f-ab42-5e5ee19426f8&api-version=2023-07-01
  response:
    body:
      string: "{\r\n  \"startTime\": \"2023-10-19T05:25:19.5259843+00:00\",\r\n  \"\
        status\": \"InProgress\",\r\n  \"name\": \"272b2434-080f-4265-bd01-f98c1424ed68\"\
        \r\n}"
    headers:
      cache-control:
      - no-cache
      content-length:
      - '134'
      content-type:
      - application/json; charset=utf-8
      date:
      - Thu, 19 Oct 2023 05:25:20 GMT
      expires:
      - '-1'
      pragma:
      - no-cache
      server:
      - Microsoft-HTTPAPI/2.0
      - Microsoft-HTTPAPI/2.0
      strict-transport-security:
      - max-age=31536000; includeSubDomains
      transfer-encoding:
      - chunked
      vary:
      - Accept-Encoding
      x-content-type-options:
      - nosniff
      x-ms-ratelimit-remaining-resource:
      - Microsoft.Compute/GetOperationResource;59,Microsoft.Compute/GetOperationSubscriptionMaximum;14995
    status:
      code: 200
      message: OK
- request:
    body: null
    headers:
      Accept:
      - '*/*'
      Accept-Encoding:
      - gzip, deflate
      CommandName:
      - restore-point create
      Connection:
      - keep-alive
      ParameterSetName:
      - -g -n --collection-name --source-restore-point
      User-Agent:
      - AZURECLI/2.53.0 azsdk-python-azure-mgmt-compute/30.2.0 Python/3.10.9 (Windows-10-10.0.22621-SP0)
    method: GET
    uri: https://management.azure.com/subscriptions/00000000-0000-0000-0000-000000000000/providers/Microsoft.Compute/locations/eastus/operations/272b2434-080f-4265-bd01-f98c1424ed68?p=54253b73-cb53-496f-ab42-5e5ee19426f8&api-version=2023-07-01
  response:
    body:
      string: "{\r\n  \"startTime\": \"2023-10-19T05:25:19.5259843+00:00\",\r\n  \"\
        endTime\": \"2023-10-19T05:25:25.9634292+00:00\",\r\n  \"status\": \"Succeeded\"\
        ,\r\n  \"name\": \"272b2434-080f-4265-bd01-f98c1424ed68\"\r\n}"
    headers:
      cache-control:
      - no-cache
      content-length:
      - '184'
      content-type:
      - application/json; charset=utf-8
      date:
      - Thu, 19 Oct 2023 05:25:50 GMT
      expires:
      - '-1'
      pragma:
      - no-cache
      server:
      - Microsoft-HTTPAPI/2.0
      - Microsoft-HTTPAPI/2.0
      strict-transport-security:
      - max-age=31536000; includeSubDomains
      transfer-encoding:
      - chunked
      vary:
      - Accept-Encoding
      x-content-type-options:
      - nosniff
      x-ms-ratelimit-remaining-resource:
      - Microsoft.Compute/GetOperationResource;57,Microsoft.Compute/GetOperationSubscriptionMaximum;14985
    status:
      code: 200
      message: OK
- request:
    body: null
    headers:
      Accept:
      - '*/*'
      Accept-Encoding:
      - gzip, deflate
      CommandName:
      - restore-point create
      Connection:
      - keep-alive
      ParameterSetName:
      - -g -n --collection-name --source-restore-point
      User-Agent:
      - AZURECLI/2.53.0 azsdk-python-azure-mgmt-compute/30.2.0 Python/3.10.9 (Windows-10-10.0.22621-SP0)
    method: GET
    uri: https://management.azure.com/subscriptions/00000000-0000-0000-0000-000000000000/resourceGroups/cli_test_copy_vm_restore_point000001/providers/Microsoft.Compute/restorePointCollections/collection_000003/restorePoints/point_000005?api-version=2023-07-01
  response:
    body:
      string: "{\r\n  \"name\": \"point_000005\",\r\n  \"id\": \"/subscriptions/00000000-0000-0000-0000-000000000000/resourceGroups/cli_test_copy_vm_restore_point000001/providers/Microsoft.Compute/restorePointCollections/collection_000003/restorePoints/point_000005\"\
        ,\r\n  \"properties\": {\r\n    \"sourceMetadata\": {\r\n      \"vmId\": \"\
        49fc21c9-218f-45f9-85f9-2dfd0b809393\",\r\n      \"location\": \"westus\"\
        ,\r\n      \"hardwareProfile\": {\r\n        \"vmSize\": \"Standard_DS1_v2\"\
        \r\n      },\r\n      \"storageProfile\": {\r\n        \"osDisk\": {\r\n \
        \         \"osType\": \"Linux\",\r\n          \"name\": \"vm_000006_OsDisk_1_a540a58b079f4ab9b2bc78db7c7d0355\"\
        ,\r\n          \"diskSizeGB\": 30,\r\n          \"caching\": \"ReadWrite\"\
        ,\r\n          \"managedDisk\": {\r\n            \"storageAccountType\": \"\
        Premium_LRS\",\r\n            \"id\": \"/subscriptions/00000000-0000-0000-0000-000000000000/resourceGroups/cli_test_copy_vm_restore_point000001/providers/Microsoft.Compute/disks/vm_000006_OsDisk_1_a540a58b079f4ab9b2bc78db7c7d0355\"\
        \r\n          },\r\n          \"diskRestorePoint\": {\r\n            \"sourceDiskRestorePoint\"\
        : {\r\n              \"id\": \"/subscriptions/00000000-0000-0000-0000-000000000000/resourceGroups/cli_test_copy_vm_restore_point000001/providers/Microsoft.Compute/restorePointCollections/collection_000002/restorePoints/point_000004/diskRestorePoints/vm_000006_OsDisk_1_a540a58b079f4ab9b2bc78db7c7d0355_9d7d1c74-528c-4830-84f4-c342ae682797\"\
        \r\n            },\r\n            \"encryption\": {\r\n              \"type\"\
        : \"EncryptionAtRestWithPlatformKey\"\r\n            },\r\n            \"\
        id\": \"/subscriptions/00000000-0000-0000-0000-000000000000/resourceGroups/cli_test_copy_vm_restore_point000001/providers/Microsoft.Compute/restorePointCollections/collection_000003/restorePoints/point_000005/diskRestorePoints/vm_000006_OsDisk_1_a540a58b079f4ab9b2bc78db7c7d0355_4653be49-36ff-4509-8f1d-394517019422\"\
        \r\n          }\r\n        },\r\n        \"dataDisks\": []\r\n      },\r\n\
        \      \"osProfile\": {\r\n        \"computerName\": \"vmzoeoa3bsgymc\",\r\
        \n        \"adminUsername\": \"vmtest\",\r\n        \"linuxConfiguration\"\
        : {\r\n          \"disablePasswordAuthentication\": true,\r\n          \"\
        ssh\": {\r\n            \"publicKeys\": [\r\n              {\r\n         \
        \       \"path\": \"/home/vmtest/.ssh/authorized_keys\",\r\n             \
        \   \"keyData\": \"ssh-rsa AAAAB3NzaC1yc2EAAAADAQABAAABAQCp+Uh121QVTLREpkf/YFK3TAtX1tnj80+wIyV9TgXhX+49paW0rS9LvgQaZFvyW2We/ItBYlQis1nFKdvrGFGdZf954LkjCbs8yMfLTkw3TiHAgjKEtokwimBkYF7u1T/E47kAUk7dGmTL9I0hVLJzN1BEFkrQPrNwatIxNEZowI/hN9ZGLDZ+sjORtD4igKZ/Wp6U0+sXFW1zuBUIrCAh411vHTrRcn9E1r72RBk6NQJN1fGCIybq2YTB0v90ygt80BWw/0/3qu+jcWWMBSdwQx81RUvUteURd5WPGW5L6vE0lLSpWOrK/3xiACJZmsgyAN5iZz/n0CVfBxRI6Ehr\"\
        \r\n              }\r\n            ]\r\n          },\r\n          \"provisionVMAgent\"\
        : true,\r\n          \"patchSettings\": {\r\n            \"patchMode\": \"\
        ImageDefault\",\r\n            \"assessmentMode\": \"ImageDefault\"\r\n  \
        \        },\r\n          \"enableVMAgentPlatformUpdates\": false\r\n     \
        \   },\r\n        \"secrets\": [],\r\n        \"allowExtensionOperations\"\
        : true,\r\n        \"requireGuestProvisionSignal\": true\r\n      },\r\n \
        \     \"hyperVGeneration\": \"V1\"\r\n    },\r\n    \"provisioningState\"\
        : \"Succeeded\",\r\n    \"consistencyMode\": \"FileSystemConsistent\",\r\n\
        \    \"sourceRestorePoint\": {\r\n      \"id\": \"/subscriptions/00000000-0000-0000-0000-000000000000/resourceGroups/cli_test_copy_vm_restore_point000001/providers/Microsoft.Compute/restorePointCollections/collection_000002/restorePoints/point_000004\"\
        \r\n    },\r\n    \"timeCreated\": \"2023-10-19T05:24:15.075979+00:00\"\r\n\
        \  }\r\n}"
    headers:
      cache-control:
      - no-cache
      content-length:
      - '3439'
      content-type:
      - application/json; charset=utf-8
      date:
      - Thu, 19 Oct 2023 05:25:51 GMT
      expires:
      - '-1'
      pragma:
      - no-cache
      server:
      - Microsoft-HTTPAPI/2.0
      - Microsoft-HTTPAPI/2.0
      strict-transport-security:
      - max-age=31536000; includeSubDomains
      transfer-encoding:
      - chunked
      vary:
      - Accept-Encoding
      x-content-type-options:
      - nosniff
      x-ms-ratelimit-remaining-resource:
      - Microsoft.Compute/LowCostGetRestorePointSubscriptionMaximum;599
    status:
      code: 200
      message: OK
version: 1
