interactions:
- request:
    body: null
    headers:
      Accept:
      - application/json
      Accept-Encoding:
      - gzip, deflate
      CommandName:
      - network lb create
      Connection:
      - keep-alive
      ParameterSetName:
      - -g -n
      User-Agent:
      - python/3.8.6 (Windows-10-10.0.19041-SP0) msrest/0.6.18 msrest_azure/0.6.3
        azure-mgmt-resource/12.0.0 Azure-SDK-For-Python AZURECLI/2.16.0
      accept-language:
      - en-US
    method: GET
    uri: https://management.azure.com/subscriptions/00000000-0000-0000-0000-000000000000/resourcegroups/cli_test_vmss_set_orchestration_service_state_000001?api-version=2020-10-01
  response:
    body:
      string: '{"id":"/subscriptions/00000000-0000-0000-0000-000000000000/resourceGroups/cli_test_vmss_set_orchestration_service_state_000001","name":"cli_test_vmss_set_orchestration_service_state_000001","type":"Microsoft.Resources/resourceGroups","location":"westus","tags":{"product":"azurecli","cause":"automation","date":"2020-12-18T15:37:44Z"},"properties":{"provisioningState":"Succeeded"}}'
    headers:
      cache-control:
      - no-cache
      content-length:
      - '428'
      content-type:
      - application/json; charset=utf-8
      date:
      - Fri, 18 Dec 2020 15:37:46 GMT
      expires:
      - '-1'
      pragma:
      - no-cache
      strict-transport-security:
      - max-age=31536000; includeSubDomains
      vary:
      - Accept-Encoding
      x-content-type-options:
      - nosniff
    status:
      code: 200
      message: OK
- request:
    body: null
    headers:
      Accept:
      - application/json
      Accept-Encoding:
      - gzip, deflate
      CommandName:
      - network lb create
      Connection:
      - keep-alive
      ParameterSetName:
      - -g -n
      User-Agent:
      - python/3.8.6 (Windows-10-10.0.19041-SP0) msrest/0.6.18 msrest_azure/0.6.3
        azure-mgmt-resource/12.0.0 Azure-SDK-For-Python AZURECLI/2.16.0
      accept-language:
      - en-US
    method: GET
    uri: https://management.azure.com/subscriptions/00000000-0000-0000-0000-000000000000/resources?$filter=resourceGroup%20eq%20%27cli_test_vmss_set_orchestration_service_state_000001%27%20and%20name%20eq%20%27None%27%20and%20resourceType%20eq%20%27Microsoft.Network%2FpublicIPAddresses%27&api-version=2020-10-01
  response:
    body:
      string: '{"value":[],"nextLink":"https://management.azure.com/subscriptions/00000000-0000-0000-0000-000000000000/resources?%24filter=resourceGroup+eq+%27cli_test_vmss_set_orchestration_service_state_000001%27+and+name+eq+%27None%27+and+resourceType+eq+%27Microsoft.Network%2fpublicIPAddresses%27&api-version=2020-10-01&%24skiptoken=eyJuZXh0UGFydGl0aW9uS2V5IjoiMSE4IU5UbERNREktIiwibmV4dFJvd0tleSI6IjEhMTY4IVFURkNSa0UyTXpWR01rSkdOREpHTVRnMlFqVTRORGhETmpjMFJrTXpNakZmUjFKTUxWUkZUVkJNUVZSRlUxQkZRMU5EVEVrdFRVbERVazlUVDBaVU9qSkZVa1ZUVDFWU1EwVlRPakpHVkVWTlVFeEJWRVZUVUVWRFV6b3lSbFZZVkVWVFZEb3lSbFpGVWxOSlQwNVRPakpHTnpnM0xVVkJVMVJWVXctLSJ9"}'
    headers:
      cache-control:
      - no-cache
      content-length:
      - '648'
      content-type:
      - application/json; charset=utf-8
      date:
      - Fri, 18 Dec 2020 15:37:47 GMT
      expires:
      - '-1'
      pragma:
      - no-cache
      strict-transport-security:
      - max-age=31536000; includeSubDomains
      vary:
      - Accept-Encoding
      x-content-type-options:
      - nosniff
    status:
      code: 200
      message: OK
- request:
    body: null
    headers:
      Accept:
      - application/json
      Accept-Encoding:
      - gzip, deflate
      CommandName:
      - network lb create
      Connection:
      - keep-alive
      ParameterSetName:
      - -g -n
      User-Agent:
      - python/3.8.6 (Windows-10-10.0.19041-SP0) msrest/0.6.18 msrest_azure/0.6.3
        azure-mgmt-resource/12.0.0 Azure-SDK-For-Python AZURECLI/2.16.0
      accept-language:
      - en-US
    method: GET
    uri: https://management.azure.com/subscriptions/00000000-0000-0000-0000-000000000000/resources?%24filter=resourceGroup+eq+%27cli_test_vmss_set_orchestration_service_state_000001%27+and+name+eq+%27None%27+and+resourceType+eq+%27Microsoft.Network%2FpublicIPAddresses%27&api-version=2020-10-01&%24skiptoken=eyJuZXh0UGFydGl0aW9uS2V5IjoiMSE4IU5UbERNREktIiwibmV4dFJvd0tleSI6IjEhMTY4IVFURkNSa0UyTXpWR01rSkdOREpHTVRnMlFqVTRORGhETmpjMFJrTXpNakZmUjFKTUxWUkZUVkJNUVZSRlUxQkZRMU5EVEVrdFRVbERVazlUVDBaVU9qSkZVa1ZUVDFWU1EwVlRPakpHVkVWTlVFeEJWRVZUVUVWRFV6b3lSbFZZVkVWVFZEb3lSbFpGVWxOSlQwNVRPakpHTnpnM0xVVkJVMVJWVXctLSJ9
  response:
    body:
      string: '{"value":[]}'
    headers:
      cache-control:
      - no-cache
      content-length:
      - '12'
      content-type:
      - application/json; charset=utf-8
      date:
      - Fri, 18 Dec 2020 15:37:47 GMT
      expires:
      - '-1'
      pragma:
      - no-cache
      strict-transport-security:
      - max-age=31536000; includeSubDomains
      vary:
      - Accept-Encoding
      x-content-type-options:
      - nosniff
    status:
      code: 200
      message: OK
- request:
    body: '{"properties": {"template": {"$schema": "https://schema.management.azure.com/schemas/2015-01-01/deploymentTemplate.json#",
      "contentVersion": "1.0.0.0", "parameters": {}, "variables": {}, "resources":
      [{"apiVersion": "2020-07-01", "type": "Microsoft.Network/publicIPAddresses",
      "name": "PublicIPlb1", "location": "westus", "tags": {}, "dependsOn": [], "properties":
      {"publicIPAllocationMethod": "Dynamic"}, "sku": {"name": "Basic"}}, {"type":
      "Microsoft.Network/loadBalancers", "name": "lb1", "location": "westus", "tags":
      {}, "apiVersion": "2020-07-01", "dependsOn": ["Microsoft.Network/publicIpAddresses/PublicIPlb1"],
      "properties": {"backendAddressPools": [{"name": "lb1bepool"}], "frontendIPConfigurations":
      [{"name": "LoadBalancerFrontEnd", "properties": {"publicIPAddress": {"id": "/subscriptions/00000000-0000-0000-0000-000000000000/resourceGroups/cli_test_vmss_set_orchestration_service_state_000001/providers/Microsoft.Network/publicIPAddresses/PublicIPlb1"},
      "privateIPAddressVersion": "IPv4"}}]}, "sku": {"name": "Basic"}}], "outputs":
      {"loadBalancer": {"type": "object", "value": "[reference(''lb1'')]"}}}, "parameters":
      {}, "mode": "Incremental"}}'
    headers:
      Accept:
      - application/json
      Accept-Encoding:
      - gzip, deflate
      CommandName:
      - network lb create
      Connection:
      - keep-alive
      Content-Length:
      - '1180'
      Content-Type:
      - application/json; charset=utf-8
      ParameterSetName:
      - -g -n
      User-Agent:
      - python/3.8.6 (Windows-10-10.0.19041-SP0) msrest/0.6.18 msrest_azure/0.6.3
        azure-mgmt-resource/12.0.0 Azure-SDK-For-Python AZURECLI/2.16.0
      accept-language:
      - en-US
    method: PUT
    uri: https://management.azure.com/subscriptions/00000000-0000-0000-0000-000000000000/resourcegroups/cli_test_vmss_set_orchestration_service_state_000001/providers/Microsoft.Resources/deployments/mock-deployment?api-version=2020-10-01
  response:
    body:
      string: '{"id":"/subscriptions/00000000-0000-0000-0000-000000000000/resourceGroups/cli_test_vmss_set_orchestration_service_state_000001/providers/Microsoft.Resources/deployments/lb_deploy_YHvwjNWwbmFluvcIDqGQtrvqvve9FDaR","name":"lb_deploy_YHvwjNWwbmFluvcIDqGQtrvqvve9FDaR","type":"Microsoft.Resources/deployments","properties":{"templateHash":"17480134480172286132","parameters":{},"mode":"Incremental","provisioningState":"Accepted","timestamp":"2020-12-18T15:37:48.8957097Z","duration":"PT0.8407184S","correlationId":"c4413aec-13d3-410c-9aff-da3c9caf34d9","providers":[{"namespace":"Microsoft.Network","resourceTypes":[{"resourceType":"publicIPAddresses","locations":["westus"]},{"resourceType":"loadBalancers","locations":["westus"]}]}],"dependencies":[{"dependsOn":[{"id":"/subscriptions/00000000-0000-0000-0000-000000000000/resourceGroups/cli_test_vmss_set_orchestration_service_state_000001/providers/Microsoft.Network/publicIPAddresses/PublicIPlb1","resourceType":"Microsoft.Network/publicIPAddresses","resourceName":"PublicIPlb1"}],"id":"/subscriptions/00000000-0000-0000-0000-000000000000/resourceGroups/cli_test_vmss_set_orchestration_service_state_000001/providers/Microsoft.Network/loadBalancers/lb1","resourceType":"Microsoft.Network/loadBalancers","resourceName":"lb1"}]}}'
    headers:
      azure-asyncoperation:
      - https://management.azure.com/subscriptions/00000000-0000-0000-0000-000000000000/resourcegroups/cli_test_vmss_set_orchestration_service_state_000001/providers/Microsoft.Resources/deployments/lb_deploy_YHvwjNWwbmFluvcIDqGQtrvqvve9FDaR/operationStatuses/08585933010174226231?api-version=2020-10-01
      cache-control:
      - no-cache
      content-length:
      - '1347'
      content-type:
      - application/json; charset=utf-8
      date:
      - Fri, 18 Dec 2020 15:37:49 GMT
      expires:
      - '-1'
      pragma:
      - no-cache
      strict-transport-security:
      - max-age=31536000; includeSubDomains
      x-content-type-options:
      - nosniff
      x-ms-ratelimit-remaining-subscription-writes:
      - '1193'
    status:
      code: 201
      message: Created
- request:
    body: null
    headers:
      Accept:
      - application/json
      Accept-Encoding:
      - gzip, deflate
      CommandName:
      - network lb create
      Connection:
      - keep-alive
      ParameterSetName:
      - -g -n
      User-Agent:
      - python/3.8.6 (Windows-10-10.0.19041-SP0) msrest/0.6.18 msrest_azure/0.6.3
        azure-mgmt-resource/12.0.0 Azure-SDK-For-Python AZURECLI/2.16.0
    method: GET
    uri: https://management.azure.com/subscriptions/00000000-0000-0000-0000-000000000000/resourcegroups/cli_test_vmss_set_orchestration_service_state_000001/providers/Microsoft.Resources/deployments/mock-deployment/operationStatuses/08585933010174226231?api-version=2020-10-01
  response:
    body:
      string: '{"status":"Succeeded"}'
    headers:
      cache-control:
      - no-cache
      content-length:
      - '22'
      content-type:
      - application/json; charset=utf-8
      date:
      - Fri, 18 Dec 2020 15:38:19 GMT
      expires:
      - '-1'
      pragma:
      - no-cache
      strict-transport-security:
      - max-age=31536000; includeSubDomains
      vary:
      - Accept-Encoding
      x-content-type-options:
      - nosniff
    status:
      code: 200
      message: OK
- request:
    body: null
    headers:
      Accept:
      - application/json
      Accept-Encoding:
      - gzip, deflate
      CommandName:
      - network lb create
      Connection:
      - keep-alive
      ParameterSetName:
      - -g -n
      User-Agent:
      - python/3.8.6 (Windows-10-10.0.19041-SP0) msrest/0.6.18 msrest_azure/0.6.3
        azure-mgmt-resource/12.0.0 Azure-SDK-For-Python AZURECLI/2.16.0
    method: GET
    uri: https://management.azure.com/subscriptions/00000000-0000-0000-0000-000000000000/resourcegroups/cli_test_vmss_set_orchestration_service_state_000001/providers/Microsoft.Resources/deployments/mock-deployment?api-version=2020-10-01
  response:
    body:
      string: '{"id":"/subscriptions/00000000-0000-0000-0000-000000000000/resourceGroups/cli_test_vmss_set_orchestration_service_state_000001/providers/Microsoft.Resources/deployments/lb_deploy_YHvwjNWwbmFluvcIDqGQtrvqvve9FDaR","name":"lb_deploy_YHvwjNWwbmFluvcIDqGQtrvqvve9FDaR","type":"Microsoft.Resources/deployments","properties":{"templateHash":"17480134480172286132","parameters":{},"mode":"Incremental","provisioningState":"Succeeded","timestamp":"2020-12-18T15:37:55.856581Z","duration":"PT7.8015897S","correlationId":"c4413aec-13d3-410c-9aff-da3c9caf34d9","providers":[{"namespace":"Microsoft.Network","resourceTypes":[{"resourceType":"publicIPAddresses","locations":["westus"]},{"resourceType":"loadBalancers","locations":["westus"]}]}],"dependencies":[{"dependsOn":[{"id":"/subscriptions/00000000-0000-0000-0000-000000000000/resourceGroups/cli_test_vmss_set_orchestration_service_state_000001/providers/Microsoft.Network/publicIPAddresses/PublicIPlb1","resourceType":"Microsoft.Network/publicIPAddresses","resourceName":"PublicIPlb1"}],"id":"/subscriptions/00000000-0000-0000-0000-000000000000/resourceGroups/cli_test_vmss_set_orchestration_service_state_000001/providers/Microsoft.Network/loadBalancers/lb1","resourceType":"Microsoft.Network/loadBalancers","resourceName":"lb1"}],"outputs":{"loadBalancer":{"type":"Object","value":{"provisioningState":"Succeeded","resourceGuid":"851a6279-f218-4c4d-a4da-121951eb156f","frontendIPConfigurations":[{"name":"LoadBalancerFrontEnd","id":"/subscriptions/00000000-0000-0000-0000-000000000000/resourceGroups/cli_test_vmss_set_orchestration_service_state_000001/providers/Microsoft.Network/loadBalancers/lb1/frontendIPConfigurations/LoadBalancerFrontEnd","etag":"W/\"96596c5d-84bd-45b0-a53f-a43a01db1731\"","type":"Microsoft.Network/loadBalancers/frontendIPConfigurations","properties":{"provisioningState":"Succeeded","privateIPAllocationMethod":"Dynamic","publicIPAddress":{"id":"/subscriptions/00000000-0000-0000-0000-000000000000/resourceGroups/cli_test_vmss_set_orchestration_service_state_000001/providers/Microsoft.Network/publicIPAddresses/PublicIPlb1"},"privateIPAddressVersion":"IPv4"}}],"backendAddressPools":[{"name":"lb1bepool","id":"/subscriptions/00000000-0000-0000-0000-000000000000/resourceGroups/cli_test_vmss_set_orchestration_service_state_000001/providers/Microsoft.Network/loadBalancers/lb1/backendAddressPools/lb1bepool","etag":"W/\"96596c5d-84bd-45b0-a53f-a43a01db1731\"","properties":{"provisioningState":"Succeeded"},"type":"Microsoft.Network/loadBalancers/backendAddressPools"}],"loadBalancingRules":[],"probes":[],"inboundNatRules":[],"inboundNatPools":[]}}},"outputResources":[{"id":"/subscriptions/00000000-0000-0000-0000-000000000000/resourceGroups/cli_test_vmss_set_orchestration_service_state_000001/providers/Microsoft.Network/loadBalancers/lb1"},{"id":"/subscriptions/00000000-0000-0000-0000-000000000000/resourceGroups/cli_test_vmss_set_orchestration_service_state_000001/providers/Microsoft.Network/publicIPAddresses/PublicIPlb1"}]}}'
    headers:
      cache-control:
      - no-cache
      content-length:
      - '3192'
      content-type:
      - application/json; charset=utf-8
      date:
      - Fri, 18 Dec 2020 15:38:19 GMT
      expires:
      - '-1'
      pragma:
      - no-cache
      strict-transport-security:
      - max-age=31536000; includeSubDomains
      vary:
      - Accept-Encoding
      x-content-type-options:
      - nosniff
    status:
      code: 200
      message: OK
- request:
    body: null
    headers:
      Accept:
      - application/json
      Accept-Encoding:
      - gzip, deflate
      CommandName:
      - network lb probe create
      Connection:
      - keep-alive
      ParameterSetName:
      - -g --lb-name -n --protocol --port
      User-Agent:
      - python/3.8.6 (Windows-10-10.0.19041-SP0) msrest/0.6.18 msrest_azure/0.6.3
        azure-mgmt-network/13.0.0 Azure-SDK-For-Python AZURECLI/2.16.0
      accept-language:
      - en-US
    method: GET
    uri: https://management.azure.com/subscriptions/00000000-0000-0000-0000-000000000000/resourceGroups/cli_test_vmss_set_orchestration_service_state_000001/providers/Microsoft.Network/loadBalancers/lb1?api-version=2020-07-01
  response:
    body:
      string: "{\r\n  \"name\": \"lb1\",\r\n  \"id\": \"/subscriptions/00000000-0000-0000-0000-000000000000/resourceGroups/cli_test_vmss_set_orchestration_service_state_000001/providers/Microsoft.Network/loadBalancers/lb1\",\r\n
        \ \"etag\": \"W/\\\"96596c5d-84bd-45b0-a53f-a43a01db1731\\\"\",\r\n  \"type\":
        \"Microsoft.Network/loadBalancers\",\r\n  \"location\": \"westus\",\r\n  \"tags\":
        {},\r\n  \"properties\": {\r\n    \"provisioningState\": \"Succeeded\",\r\n
        \   \"resourceGuid\": \"851a6279-f218-4c4d-a4da-121951eb156f\",\r\n    \"frontendIPConfigurations\":
        [\r\n      {\r\n        \"name\": \"LoadBalancerFrontEnd\",\r\n        \"id\":
        \"/subscriptions/00000000-0000-0000-0000-000000000000/resourceGroups/cli_test_vmss_set_orchestration_service_state_000001/providers/Microsoft.Network/loadBalancers/lb1/frontendIPConfigurations/LoadBalancerFrontEnd\",\r\n
        \       \"etag\": \"W/\\\"96596c5d-84bd-45b0-a53f-a43a01db1731\\\"\",\r\n
        \       \"type\": \"Microsoft.Network/loadBalancers/frontendIPConfigurations\",\r\n
        \       \"properties\": {\r\n          \"provisioningState\": \"Succeeded\",\r\n
        \         \"privateIPAllocationMethod\": \"Dynamic\",\r\n          \"publicIPAddress\":
        {\r\n            \"id\": \"/subscriptions/00000000-0000-0000-0000-000000000000/resourceGroups/cli_test_vmss_set_orchestration_service_state_000001/providers/Microsoft.Network/publicIPAddresses/PublicIPlb1\"\r\n
        \         },\r\n          \"privateIPAddressVersion\": \"IPv4\"\r\n        }\r\n
        \     }\r\n    ],\r\n    \"backendAddressPools\": [\r\n      {\r\n        \"name\":
        \"lb1bepool\",\r\n        \"id\": \"/subscriptions/00000000-0000-0000-0000-000000000000/resourceGroups/cli_test_vmss_set_orchestration_service_state_000001/providers/Microsoft.Network/loadBalancers/lb1/backendAddressPools/lb1bepool\",\r\n
        \       \"etag\": \"W/\\\"96596c5d-84bd-45b0-a53f-a43a01db1731\\\"\",\r\n
        \       \"properties\": {\r\n          \"provisioningState\": \"Succeeded\"\r\n
        \       },\r\n        \"type\": \"Microsoft.Network/loadBalancers/backendAddressPools\"\r\n
        \     }\r\n    ],\r\n    \"loadBalancingRules\": [],\r\n    \"probes\": [],\r\n
        \   \"inboundNatRules\": [],\r\n    \"inboundNatPools\": []\r\n  },\r\n  \"sku\":
        {\r\n    \"name\": \"Basic\",\r\n    \"tier\": \"Regional\"\r\n  }\r\n}"
    headers:
      cache-control:
      - no-cache
      content-length:
      - '2137'
      content-type:
      - application/json; charset=utf-8
      date:
      - Fri, 18 Dec 2020 15:38:20 GMT
      etag:
      - W/"96596c5d-84bd-45b0-a53f-a43a01db1731"
      expires:
      - '-1'
      pragma:
      - no-cache
      server:
      - Microsoft-HTTPAPI/2.0
      - Microsoft-HTTPAPI/2.0
      strict-transport-security:
      - max-age=31536000; includeSubDomains
      transfer-encoding:
      - chunked
      vary:
      - Accept-Encoding
      x-content-type-options:
      - nosniff
      x-ms-arm-service-request-id:
      - a4f66dbf-fea7-4b95-b4c7-410c8d7544da
    status:
      code: 200
      message: OK
- request:
    body: '{"id": "/subscriptions/00000000-0000-0000-0000-000000000000/resourceGroups/cli_test_vmss_set_orchestration_service_state_000001/providers/Microsoft.Network/loadBalancers/lb1",
      "location": "westus", "tags": {}, "sku": {"name": "Basic", "tier": "Regional"},
      "properties": {"frontendIPConfigurations": [{"id": "/subscriptions/00000000-0000-0000-0000-000000000000/resourceGroups/cli_test_vmss_set_orchestration_service_state_000001/providers/Microsoft.Network/loadBalancers/lb1/frontendIPConfigurations/LoadBalancerFrontEnd",
      "properties": {"privateIPAllocationMethod": "Dynamic", "privateIPAddressVersion":
      "IPv4", "publicIPAddress": {"id": "/subscriptions/00000000-0000-0000-0000-000000000000/resourceGroups/cli_test_vmss_set_orchestration_service_state_000001/providers/Microsoft.Network/publicIPAddresses/PublicIPlb1"}},
      "name": "LoadBalancerFrontEnd"}], "backendAddressPools": [{"id": "/subscriptions/00000000-0000-0000-0000-000000000000/resourceGroups/cli_test_vmss_set_orchestration_service_state_000001/providers/Microsoft.Network/loadBalancers/lb1/backendAddressPools/lb1bepool",
      "name": "lb1bepool"}], "loadBalancingRules": [], "probes": [{"properties": {"protocol":
      "Tcp", "port": 80}, "name": "probe"}], "inboundNatRules": [], "inboundNatPools":
      []}}'
    headers:
      Accept:
      - application/json
      Accept-Encoding:
      - gzip, deflate
      CommandName:
      - network lb probe create
      Connection:
      - keep-alive
      Content-Length:
      - '1350'
      Content-Type:
      - application/json; charset=utf-8
      ParameterSetName:
      - -g --lb-name -n --protocol --port
      User-Agent:
      - python/3.8.6 (Windows-10-10.0.19041-SP0) msrest/0.6.18 msrest_azure/0.6.3
        azure-mgmt-network/13.0.0 Azure-SDK-For-Python AZURECLI/2.16.0
      accept-language:
      - en-US
    method: PUT
    uri: https://management.azure.com/subscriptions/00000000-0000-0000-0000-000000000000/resourceGroups/cli_test_vmss_set_orchestration_service_state_000001/providers/Microsoft.Network/loadBalancers/lb1?api-version=2020-07-01
  response:
    body:
      string: "{\r\n  \"name\": \"lb1\",\r\n  \"id\": \"/subscriptions/00000000-0000-0000-0000-000000000000/resourceGroups/cli_test_vmss_set_orchestration_service_state_000001/providers/Microsoft.Network/loadBalancers/lb1\",\r\n
        \ \"etag\": \"W/\\\"c58c5ada-b23c-481b-ba8f-f60de3cba1d2\\\"\",\r\n  \"type\":
        \"Microsoft.Network/loadBalancers\",\r\n  \"location\": \"westus\",\r\n  \"tags\":
        {},\r\n  \"properties\": {\r\n    \"provisioningState\": \"Succeeded\",\r\n
        \   \"resourceGuid\": \"851a6279-f218-4c4d-a4da-121951eb156f\",\r\n    \"frontendIPConfigurations\":
        [\r\n      {\r\n        \"name\": \"LoadBalancerFrontEnd\",\r\n        \"id\":
        \"/subscriptions/00000000-0000-0000-0000-000000000000/resourceGroups/cli_test_vmss_set_orchestration_service_state_000001/providers/Microsoft.Network/loadBalancers/lb1/frontendIPConfigurations/LoadBalancerFrontEnd\",\r\n
        \       \"etag\": \"W/\\\"c58c5ada-b23c-481b-ba8f-f60de3cba1d2\\\"\",\r\n
        \       \"type\": \"Microsoft.Network/loadBalancers/frontendIPConfigurations\",\r\n
        \       \"properties\": {\r\n          \"provisioningState\": \"Succeeded\",\r\n
        \         \"privateIPAllocationMethod\": \"Dynamic\",\r\n          \"publicIPAddress\":
        {\r\n            \"id\": \"/subscriptions/00000000-0000-0000-0000-000000000000/resourceGroups/cli_test_vmss_set_orchestration_service_state_000001/providers/Microsoft.Network/publicIPAddresses/PublicIPlb1\"\r\n
        \         },\r\n          \"privateIPAddressVersion\": \"IPv4\"\r\n        }\r\n
        \     }\r\n    ],\r\n    \"backendAddressPools\": [\r\n      {\r\n        \"name\":
        \"lb1bepool\",\r\n        \"id\": \"/subscriptions/00000000-0000-0000-0000-000000000000/resourceGroups/cli_test_vmss_set_orchestration_service_state_000001/providers/Microsoft.Network/loadBalancers/lb1/backendAddressPools/lb1bepool\",\r\n
        \       \"etag\": \"W/\\\"c58c5ada-b23c-481b-ba8f-f60de3cba1d2\\\"\",\r\n
        \       \"properties\": {\r\n          \"provisioningState\": \"Succeeded\"\r\n
        \       },\r\n        \"type\": \"Microsoft.Network/loadBalancers/backendAddressPools\"\r\n
        \     }\r\n    ],\r\n    \"loadBalancingRules\": [],\r\n    \"probes\": [\r\n
        \     {\r\n        \"name\": \"probe\",\r\n        \"id\": \"/subscriptions/00000000-0000-0000-0000-000000000000/resourceGroups/cli_test_vmss_set_orchestration_service_state_000001/providers/Microsoft.Network/loadBalancers/lb1/probes/probe\",\r\n
        \       \"etag\": \"W/\\\"c58c5ada-b23c-481b-ba8f-f60de3cba1d2\\\"\",\r\n
        \       \"properties\": {\r\n          \"provisioningState\": \"Succeeded\",\r\n
        \         \"protocol\": \"Tcp\",\r\n          \"port\": 80,\r\n          \"intervalInSeconds\":
        15,\r\n          \"numberOfProbes\": 2\r\n        },\r\n        \"type\":
        \"Microsoft.Network/loadBalancers/probes\"\r\n      }\r\n    ],\r\n    \"inboundNatRules\":
        [],\r\n    \"inboundNatPools\": []\r\n  },\r\n  \"sku\": {\r\n    \"name\":
        \"Basic\",\r\n    \"tier\": \"Regional\"\r\n  }\r\n}"
    headers:
      azure-asyncoperation:
      - https://management.azure.com/subscriptions/00000000-0000-0000-0000-000000000000/providers/Microsoft.Network/locations/westus/operations/2aad69a5-c306-4196-bc21-1febf67257f6?api-version=2020-07-01
      cache-control:
      - no-cache
      content-length:
      - '2730'
      content-type:
      - application/json; charset=utf-8
      date:
      - Fri, 18 Dec 2020 15:38:21 GMT
      expires:
      - '-1'
      pragma:
      - no-cache
      server:
      - Microsoft-HTTPAPI/2.0
      - Microsoft-HTTPAPI/2.0
      strict-transport-security:
      - max-age=31536000; includeSubDomains
      transfer-encoding:
      - chunked
      vary:
      - Accept-Encoding
      x-content-type-options:
      - nosniff
      x-ms-arm-service-request-id:
      - 391ea7e5-6e2e-46c4-99de-37afd57bbada
      x-ms-ratelimit-remaining-subscription-writes:
      - '1198'
    status:
      code: 200
      message: OK
- request:
    body: null
    headers:
      Accept:
      - application/json
      Accept-Encoding:
      - gzip, deflate
      CommandName:
      - network lb probe create
      Connection:
      - keep-alive
      ParameterSetName:
      - -g --lb-name -n --protocol --port
      User-Agent:
      - python/3.8.6 (Windows-10-10.0.19041-SP0) msrest/0.6.18 msrest_azure/0.6.3
        azure-mgmt-network/13.0.0 Azure-SDK-For-Python AZURECLI/2.16.0
    method: GET
    uri: https://management.azure.com/subscriptions/00000000-0000-0000-0000-000000000000/providers/Microsoft.Network/locations/westus/operations/2aad69a5-c306-4196-bc21-1febf67257f6?api-version=2020-07-01
  response:
    body:
      string: "{\r\n  \"status\": \"Succeeded\"\r\n}"
    headers:
      cache-control:
      - no-cache
      content-length:
      - '29'
      content-type:
      - application/json; charset=utf-8
      date:
      - Fri, 18 Dec 2020 15:38:52 GMT
      expires:
      - '-1'
      pragma:
      - no-cache
      server:
      - Microsoft-HTTPAPI/2.0
      - Microsoft-HTTPAPI/2.0
      strict-transport-security:
      - max-age=31536000; includeSubDomains
      transfer-encoding:
      - chunked
      vary:
      - Accept-Encoding
      x-content-type-options:
      - nosniff
      x-ms-arm-service-request-id:
      - d8335ae2-42b9-4cd8-b5fe-7a97c9a0a9e2
    status:
      code: 200
      message: OK
- request:
    body: null
    headers:
      Accept:
      - application/json
      Accept-Encoding:
      - gzip, deflate
      CommandName:
      - network lb probe create
      Connection:
      - keep-alive
      ParameterSetName:
      - -g --lb-name -n --protocol --port
      User-Agent:
      - python/3.8.6 (Windows-10-10.0.19041-SP0) msrest/0.6.18 msrest_azure/0.6.3
        azure-mgmt-network/13.0.0 Azure-SDK-For-Python AZURECLI/2.16.0
    method: GET
    uri: https://management.azure.com/subscriptions/00000000-0000-0000-0000-000000000000/resourceGroups/cli_test_vmss_set_orchestration_service_state_000001/providers/Microsoft.Network/loadBalancers/lb1?api-version=2020-07-01
  response:
    body:
      string: "{\r\n  \"name\": \"lb1\",\r\n  \"id\": \"/subscriptions/00000000-0000-0000-0000-000000000000/resourceGroups/cli_test_vmss_set_orchestration_service_state_000001/providers/Microsoft.Network/loadBalancers/lb1\",\r\n
        \ \"etag\": \"W/\\\"c58c5ada-b23c-481b-ba8f-f60de3cba1d2\\\"\",\r\n  \"type\":
        \"Microsoft.Network/loadBalancers\",\r\n  \"location\": \"westus\",\r\n  \"tags\":
        {},\r\n  \"properties\": {\r\n    \"provisioningState\": \"Succeeded\",\r\n
        \   \"resourceGuid\": \"851a6279-f218-4c4d-a4da-121951eb156f\",\r\n    \"frontendIPConfigurations\":
        [\r\n      {\r\n        \"name\": \"LoadBalancerFrontEnd\",\r\n        \"id\":
        \"/subscriptions/00000000-0000-0000-0000-000000000000/resourceGroups/cli_test_vmss_set_orchestration_service_state_000001/providers/Microsoft.Network/loadBalancers/lb1/frontendIPConfigurations/LoadBalancerFrontEnd\",\r\n
        \       \"etag\": \"W/\\\"c58c5ada-b23c-481b-ba8f-f60de3cba1d2\\\"\",\r\n
        \       \"type\": \"Microsoft.Network/loadBalancers/frontendIPConfigurations\",\r\n
        \       \"properties\": {\r\n          \"provisioningState\": \"Succeeded\",\r\n
        \         \"privateIPAllocationMethod\": \"Dynamic\",\r\n          \"publicIPAddress\":
        {\r\n            \"id\": \"/subscriptions/00000000-0000-0000-0000-000000000000/resourceGroups/cli_test_vmss_set_orchestration_service_state_000001/providers/Microsoft.Network/publicIPAddresses/PublicIPlb1\"\r\n
        \         },\r\n          \"privateIPAddressVersion\": \"IPv4\"\r\n        }\r\n
        \     }\r\n    ],\r\n    \"backendAddressPools\": [\r\n      {\r\n        \"name\":
        \"lb1bepool\",\r\n        \"id\": \"/subscriptions/00000000-0000-0000-0000-000000000000/resourceGroups/cli_test_vmss_set_orchestration_service_state_000001/providers/Microsoft.Network/loadBalancers/lb1/backendAddressPools/lb1bepool\",\r\n
        \       \"etag\": \"W/\\\"c58c5ada-b23c-481b-ba8f-f60de3cba1d2\\\"\",\r\n
        \       \"properties\": {\r\n          \"provisioningState\": \"Succeeded\"\r\n
        \       },\r\n        \"type\": \"Microsoft.Network/loadBalancers/backendAddressPools\"\r\n
        \     }\r\n    ],\r\n    \"loadBalancingRules\": [],\r\n    \"probes\": [\r\n
        \     {\r\n        \"name\": \"probe\",\r\n        \"id\": \"/subscriptions/00000000-0000-0000-0000-000000000000/resourceGroups/cli_test_vmss_set_orchestration_service_state_000001/providers/Microsoft.Network/loadBalancers/lb1/probes/probe\",\r\n
        \       \"etag\": \"W/\\\"c58c5ada-b23c-481b-ba8f-f60de3cba1d2\\\"\",\r\n
        \       \"properties\": {\r\n          \"provisioningState\": \"Succeeded\",\r\n
        \         \"protocol\": \"Tcp\",\r\n          \"port\": 80,\r\n          \"intervalInSeconds\":
        15,\r\n          \"numberOfProbes\": 2\r\n        },\r\n        \"type\":
        \"Microsoft.Network/loadBalancers/probes\"\r\n      }\r\n    ],\r\n    \"inboundNatRules\":
        [],\r\n    \"inboundNatPools\": []\r\n  },\r\n  \"sku\": {\r\n    \"name\":
        \"Basic\",\r\n    \"tier\": \"Regional\"\r\n  }\r\n}"
    headers:
      cache-control:
      - no-cache
      content-length:
      - '2730'
      content-type:
      - application/json; charset=utf-8
      date:
      - Fri, 18 Dec 2020 15:38:52 GMT
      etag:
      - W/"c58c5ada-b23c-481b-ba8f-f60de3cba1d2"
      expires:
      - '-1'
      pragma:
      - no-cache
      server:
      - Microsoft-HTTPAPI/2.0
      - Microsoft-HTTPAPI/2.0
      strict-transport-security:
      - max-age=31536000; includeSubDomains
      transfer-encoding:
      - chunked
      vary:
      - Accept-Encoding
      x-content-type-options:
      - nosniff
      x-ms-arm-service-request-id:
      - 103517d1-44aa-41ff-9bcb-1e1501b47b7b
    status:
      code: 200
      message: OK
- request:
    body: null
    headers:
      Accept:
      - application/json
      Accept-Encoding:
      - gzip, deflate
      CommandName:
      - network lb rule create
      Connection:
      - keep-alive
      ParameterSetName:
      - -g --lb-name -n --probe-name --protocol --frontend-port --backend-port
      User-Agent:
      - python/3.8.6 (Windows-10-10.0.19041-SP0) msrest/0.6.18 msrest_azure/0.6.3
        azure-mgmt-network/13.0.0 Azure-SDK-For-Python AZURECLI/2.16.0
      accept-language:
      - en-US
    method: GET
    uri: https://management.azure.com/subscriptions/00000000-0000-0000-0000-000000000000/resourceGroups/cli_test_vmss_set_orchestration_service_state_000001/providers/Microsoft.Network/loadBalancers/lb1?api-version=2020-07-01
  response:
    body:
      string: "{\r\n  \"name\": \"lb1\",\r\n  \"id\": \"/subscriptions/00000000-0000-0000-0000-000000000000/resourceGroups/cli_test_vmss_set_orchestration_service_state_000001/providers/Microsoft.Network/loadBalancers/lb1\",\r\n
        \ \"etag\": \"W/\\\"c58c5ada-b23c-481b-ba8f-f60de3cba1d2\\\"\",\r\n  \"type\":
        \"Microsoft.Network/loadBalancers\",\r\n  \"location\": \"westus\",\r\n  \"tags\":
        {},\r\n  \"properties\": {\r\n    \"provisioningState\": \"Succeeded\",\r\n
        \   \"resourceGuid\": \"851a6279-f218-4c4d-a4da-121951eb156f\",\r\n    \"frontendIPConfigurations\":
        [\r\n      {\r\n        \"name\": \"LoadBalancerFrontEnd\",\r\n        \"id\":
        \"/subscriptions/00000000-0000-0000-0000-000000000000/resourceGroups/cli_test_vmss_set_orchestration_service_state_000001/providers/Microsoft.Network/loadBalancers/lb1/frontendIPConfigurations/LoadBalancerFrontEnd\",\r\n
        \       \"etag\": \"W/\\\"c58c5ada-b23c-481b-ba8f-f60de3cba1d2\\\"\",\r\n
        \       \"type\": \"Microsoft.Network/loadBalancers/frontendIPConfigurations\",\r\n
        \       \"properties\": {\r\n          \"provisioningState\": \"Succeeded\",\r\n
        \         \"privateIPAllocationMethod\": \"Dynamic\",\r\n          \"publicIPAddress\":
        {\r\n            \"id\": \"/subscriptions/00000000-0000-0000-0000-000000000000/resourceGroups/cli_test_vmss_set_orchestration_service_state_000001/providers/Microsoft.Network/publicIPAddresses/PublicIPlb1\"\r\n
        \         },\r\n          \"privateIPAddressVersion\": \"IPv4\"\r\n        }\r\n
        \     }\r\n    ],\r\n    \"backendAddressPools\": [\r\n      {\r\n        \"name\":
        \"lb1bepool\",\r\n        \"id\": \"/subscriptions/00000000-0000-0000-0000-000000000000/resourceGroups/cli_test_vmss_set_orchestration_service_state_000001/providers/Microsoft.Network/loadBalancers/lb1/backendAddressPools/lb1bepool\",\r\n
        \       \"etag\": \"W/\\\"c58c5ada-b23c-481b-ba8f-f60de3cba1d2\\\"\",\r\n
        \       \"properties\": {\r\n          \"provisioningState\": \"Succeeded\"\r\n
        \       },\r\n        \"type\": \"Microsoft.Network/loadBalancers/backendAddressPools\"\r\n
        \     }\r\n    ],\r\n    \"loadBalancingRules\": [],\r\n    \"probes\": [\r\n
        \     {\r\n        \"name\": \"probe\",\r\n        \"id\": \"/subscriptions/00000000-0000-0000-0000-000000000000/resourceGroups/cli_test_vmss_set_orchestration_service_state_000001/providers/Microsoft.Network/loadBalancers/lb1/probes/probe\",\r\n
        \       \"etag\": \"W/\\\"c58c5ada-b23c-481b-ba8f-f60de3cba1d2\\\"\",\r\n
        \       \"properties\": {\r\n          \"provisioningState\": \"Succeeded\",\r\n
        \         \"protocol\": \"Tcp\",\r\n          \"port\": 80,\r\n          \"intervalInSeconds\":
        15,\r\n          \"numberOfProbes\": 2\r\n        },\r\n        \"type\":
        \"Microsoft.Network/loadBalancers/probes\"\r\n      }\r\n    ],\r\n    \"inboundNatRules\":
        [],\r\n    \"inboundNatPools\": []\r\n  },\r\n  \"sku\": {\r\n    \"name\":
        \"Basic\",\r\n    \"tier\": \"Regional\"\r\n  }\r\n}"
    headers:
      cache-control:
      - no-cache
      content-length:
      - '2730'
      content-type:
      - application/json; charset=utf-8
      date:
      - Fri, 18 Dec 2020 15:38:52 GMT
      etag:
      - W/"c58c5ada-b23c-481b-ba8f-f60de3cba1d2"
      expires:
      - '-1'
      pragma:
      - no-cache
      server:
      - Microsoft-HTTPAPI/2.0
      - Microsoft-HTTPAPI/2.0
      strict-transport-security:
      - max-age=31536000; includeSubDomains
      transfer-encoding:
      - chunked
      vary:
      - Accept-Encoding
      x-content-type-options:
      - nosniff
      x-ms-arm-service-request-id:
      - 0dee1278-7c16-4a1d-a784-461d075c0a40
    status:
      code: 200
      message: OK
- request:
    body: '{"id": "/subscriptions/00000000-0000-0000-0000-000000000000/resourceGroups/cli_test_vmss_set_orchestration_service_state_000001/providers/Microsoft.Network/loadBalancers/lb1",
      "location": "westus", "tags": {}, "sku": {"name": "Basic", "tier": "Regional"},
      "properties": {"frontendIPConfigurations": [{"id": "/subscriptions/00000000-0000-0000-0000-000000000000/resourceGroups/cli_test_vmss_set_orchestration_service_state_000001/providers/Microsoft.Network/loadBalancers/lb1/frontendIPConfigurations/LoadBalancerFrontEnd",
      "properties": {"privateIPAllocationMethod": "Dynamic", "privateIPAddressVersion":
      "IPv4", "publicIPAddress": {"id": "/subscriptions/00000000-0000-0000-0000-000000000000/resourceGroups/cli_test_vmss_set_orchestration_service_state_000001/providers/Microsoft.Network/publicIPAddresses/PublicIPlb1"}},
      "name": "LoadBalancerFrontEnd"}], "backendAddressPools": [{"id": "/subscriptions/00000000-0000-0000-0000-000000000000/resourceGroups/cli_test_vmss_set_orchestration_service_state_000001/providers/Microsoft.Network/loadBalancers/lb1/backendAddressPools/lb1bepool",
      "name": "lb1bepool"}], "loadBalancingRules": [{"properties": {"frontendIPConfiguration":
      {"id": "/subscriptions/00000000-0000-0000-0000-000000000000/resourceGroups/cli_test_vmss_set_orchestration_service_state_000001/providers/Microsoft.Network/loadBalancers/lb1/frontendIPConfigurations/LoadBalancerFrontEnd",
      "properties": {"privateIPAllocationMethod": "Dynamic", "privateIPAddressVersion":
      "IPv4", "publicIPAddress": {"id": "/subscriptions/00000000-0000-0000-0000-000000000000/resourceGroups/cli_test_vmss_set_orchestration_service_state_000001/providers/Microsoft.Network/publicIPAddresses/PublicIPlb1"}},
      "name": "LoadBalancerFrontEnd"}, "backendAddressPool": {"id": "/subscriptions/00000000-0000-0000-0000-000000000000/resourceGroups/cli_test_vmss_set_orchestration_service_state_000001/providers/Microsoft.Network/loadBalancers/lb1/backendAddressPools/lb1bepool",
      "name": "lb1bepool"}, "probe": {"id": "/subscriptions/00000000-0000-0000-0000-000000000000/resourceGroups/cli_test_vmss_set_orchestration_service_state_000001/providers/Microsoft.Network/loadBalancers/lb1/probes/probe",
      "properties": {"protocol": "Tcp", "port": 80, "intervalInSeconds": 15, "numberOfProbes":
      2}, "name": "probe"}, "protocol": "Tcp", "loadDistribution": "default", "frontendPort":
      80, "backendPort": 80}, "name": "lbrule"}], "probes": [{"id": "/subscriptions/00000000-0000-0000-0000-000000000000/resourceGroups/cli_test_vmss_set_orchestration_service_state_000001/providers/Microsoft.Network/loadBalancers/lb1/probes/probe",
      "properties": {"protocol": "Tcp", "port": 80, "intervalInSeconds": 15, "numberOfProbes":
      2}, "name": "probe"}], "inboundNatRules": [], "inboundNatPools": []}}'
    headers:
      Accept:
      - application/json
      Accept-Encoding:
      - gzip, deflate
      CommandName:
      - network lb rule create
      Connection:
      - keep-alive
      Content-Length:
      - '2962'
      Content-Type:
      - application/json; charset=utf-8
      ParameterSetName:
      - -g --lb-name -n --probe-name --protocol --frontend-port --backend-port
      User-Agent:
      - python/3.8.6 (Windows-10-10.0.19041-SP0) msrest/0.6.18 msrest_azure/0.6.3
        azure-mgmt-network/13.0.0 Azure-SDK-For-Python AZURECLI/2.16.0
      accept-language:
      - en-US
    method: PUT
    uri: https://management.azure.com/subscriptions/00000000-0000-0000-0000-000000000000/resourceGroups/cli_test_vmss_set_orchestration_service_state_000001/providers/Microsoft.Network/loadBalancers/lb1?api-version=2020-07-01
  response:
    body:
      string: "{\r\n  \"name\": \"lb1\",\r\n  \"id\": \"/subscriptions/00000000-0000-0000-0000-000000000000/resourceGroups/cli_test_vmss_set_orchestration_service_state_000001/providers/Microsoft.Network/loadBalancers/lb1\",\r\n
        \ \"etag\": \"W/\\\"7a81fa72-b631-4a8b-9b69-c4861cb83c64\\\"\",\r\n  \"type\":
        \"Microsoft.Network/loadBalancers\",\r\n  \"location\": \"westus\",\r\n  \"tags\":
        {},\r\n  \"properties\": {\r\n    \"provisioningState\": \"Succeeded\",\r\n
        \   \"resourceGuid\": \"851a6279-f218-4c4d-a4da-121951eb156f\",\r\n    \"frontendIPConfigurations\":
        [\r\n      {\r\n        \"name\": \"LoadBalancerFrontEnd\",\r\n        \"id\":
        \"/subscriptions/00000000-0000-0000-0000-000000000000/resourceGroups/cli_test_vmss_set_orchestration_service_state_000001/providers/Microsoft.Network/loadBalancers/lb1/frontendIPConfigurations/LoadBalancerFrontEnd\",\r\n
        \       \"etag\": \"W/\\\"7a81fa72-b631-4a8b-9b69-c4861cb83c64\\\"\",\r\n
        \       \"type\": \"Microsoft.Network/loadBalancers/frontendIPConfigurations\",\r\n
        \       \"properties\": {\r\n          \"provisioningState\": \"Succeeded\",\r\n
        \         \"privateIPAllocationMethod\": \"Dynamic\",\r\n          \"publicIPAddress\":
        {\r\n            \"id\": \"/subscriptions/00000000-0000-0000-0000-000000000000/resourceGroups/cli_test_vmss_set_orchestration_service_state_000001/providers/Microsoft.Network/publicIPAddresses/PublicIPlb1\"\r\n
        \         },\r\n          \"loadBalancingRules\": [\r\n            {\r\n              \"id\":
        \"/subscriptions/00000000-0000-0000-0000-000000000000/resourceGroups/cli_test_vmss_set_orchestration_service_state_000001/providers/Microsoft.Network/loadBalancers/lb1/loadBalancingRules/lbrule\"\r\n
        \           }\r\n          ],\r\n          \"privateIPAddressVersion\": \"IPv4\"\r\n
        \       }\r\n      }\r\n    ],\r\n    \"backendAddressPools\": [\r\n      {\r\n
        \       \"name\": \"lb1bepool\",\r\n        \"id\": \"/subscriptions/00000000-0000-0000-0000-000000000000/resourceGroups/cli_test_vmss_set_orchestration_service_state_000001/providers/Microsoft.Network/loadBalancers/lb1/backendAddressPools/lb1bepool\",\r\n
        \       \"etag\": \"W/\\\"7a81fa72-b631-4a8b-9b69-c4861cb83c64\\\"\",\r\n
        \       \"properties\": {\r\n          \"provisioningState\": \"Succeeded\",\r\n
        \         \"loadBalancingRules\": [\r\n            {\r\n              \"id\":
        \"/subscriptions/00000000-0000-0000-0000-000000000000/resourceGroups/cli_test_vmss_set_orchestration_service_state_000001/providers/Microsoft.Network/loadBalancers/lb1/loadBalancingRules/lbrule\"\r\n
        \           }\r\n          ]\r\n        },\r\n        \"type\": \"Microsoft.Network/loadBalancers/backendAddressPools\"\r\n
        \     }\r\n    ],\r\n    \"loadBalancingRules\": [\r\n      {\r\n        \"name\":
        \"lbrule\",\r\n        \"id\": \"/subscriptions/00000000-0000-0000-0000-000000000000/resourceGroups/cli_test_vmss_set_orchestration_service_state_000001/providers/Microsoft.Network/loadBalancers/lb1/loadBalancingRules/lbrule\",\r\n
        \       \"etag\": \"W/\\\"7a81fa72-b631-4a8b-9b69-c4861cb83c64\\\"\",\r\n
        \       \"type\": \"Microsoft.Network/loadBalancers/loadBalancingRules\",\r\n
        \       \"properties\": {\r\n          \"provisioningState\": \"Succeeded\",\r\n
        \         \"frontendIPConfiguration\": {\r\n            \"id\": \"/subscriptions/00000000-0000-0000-0000-000000000000/resourceGroups/cli_test_vmss_set_orchestration_service_state_000001/providers/Microsoft.Network/loadBalancers/lb1/frontendIPConfigurations/LoadBalancerFrontEnd\"\r\n
        \         },\r\n          \"frontendPort\": 80,\r\n          \"backendPort\":
        80,\r\n          \"enableFloatingIP\": false,\r\n          \"idleTimeoutInMinutes\":
        4,\r\n          \"protocol\": \"Tcp\",\r\n          \"enableDestinationServiceEndpoint\":
        false,\r\n          \"enableTcpReset\": false,\r\n          \"allowBackendPortConflict\":
        false,\r\n          \"loadDistribution\": \"Default\",\r\n          \"backendAddressPool\":
        {\r\n            \"id\": \"/subscriptions/00000000-0000-0000-0000-000000000000/resourceGroups/cli_test_vmss_set_orchestration_service_state_000001/providers/Microsoft.Network/loadBalancers/lb1/backendAddressPools/lb1bepool\"\r\n
        \         },\r\n          \"probe\": {\r\n            \"id\": \"/subscriptions/00000000-0000-0000-0000-000000000000/resourceGroups/cli_test_vmss_set_orchestration_service_state_000001/providers/Microsoft.Network/loadBalancers/lb1/probes/probe\"\r\n
        \         }\r\n        }\r\n      }\r\n    ],\r\n    \"probes\": [\r\n      {\r\n
        \       \"name\": \"probe\",\r\n        \"id\": \"/subscriptions/00000000-0000-0000-0000-000000000000/resourceGroups/cli_test_vmss_set_orchestration_service_state_000001/providers/Microsoft.Network/loadBalancers/lb1/probes/probe\",\r\n
        \       \"etag\": \"W/\\\"7a81fa72-b631-4a8b-9b69-c4861cb83c64\\\"\",\r\n
        \       \"properties\": {\r\n          \"provisioningState\": \"Succeeded\",\r\n
        \         \"protocol\": \"Tcp\",\r\n          \"port\": 80,\r\n          \"intervalInSeconds\":
        15,\r\n          \"numberOfProbes\": 2,\r\n          \"loadBalancingRules\":
        [\r\n            {\r\n              \"id\": \"/subscriptions/00000000-0000-0000-0000-000000000000/resourceGroups/cli_test_vmss_set_orchestration_service_state_000001/providers/Microsoft.Network/loadBalancers/lb1/loadBalancingRules/lbrule\"\r\n
        \           }\r\n          ]\r\n        },\r\n        \"type\": \"Microsoft.Network/loadBalancers/probes\"\r\n
        \     }\r\n    ],\r\n    \"inboundNatRules\": [],\r\n    \"inboundNatPools\":
        []\r\n  },\r\n  \"sku\": {\r\n    \"name\": \"Basic\",\r\n    \"tier\": \"Regional\"\r\n
        \ }\r\n}"
    headers:
      azure-asyncoperation:
      - https://management.azure.com/subscriptions/00000000-0000-0000-0000-000000000000/providers/Microsoft.Network/locations/westus/operations/e9115389-a476-4a45-aaef-dba0808945ce?api-version=2020-07-01
      cache-control:
      - no-cache
      content-length:
      - '5382'
      content-type:
      - application/json; charset=utf-8
      date:
      - Fri, 18 Dec 2020 15:38:52 GMT
      expires:
      - '-1'
      pragma:
      - no-cache
      server:
      - Microsoft-HTTPAPI/2.0
      - Microsoft-HTTPAPI/2.0
      strict-transport-security:
      - max-age=31536000; includeSubDomains
      transfer-encoding:
      - chunked
      vary:
      - Accept-Encoding
      x-content-type-options:
      - nosniff
      x-ms-arm-service-request-id:
      - a476a10e-cc08-49c1-ad3c-4a885b229127
      x-ms-ratelimit-remaining-subscription-writes:
      - '1197'
    status:
      code: 200
      message: OK
- request:
    body: null
    headers:
      Accept:
      - application/json
      Accept-Encoding:
      - gzip, deflate
      CommandName:
      - network lb rule create
      Connection:
      - keep-alive
      ParameterSetName:
      - -g --lb-name -n --probe-name --protocol --frontend-port --backend-port
      User-Agent:
      - python/3.8.6 (Windows-10-10.0.19041-SP0) msrest/0.6.18 msrest_azure/0.6.3
        azure-mgmt-network/13.0.0 Azure-SDK-For-Python AZURECLI/2.16.0
    method: GET
    uri: https://management.azure.com/subscriptions/00000000-0000-0000-0000-000000000000/providers/Microsoft.Network/locations/westus/operations/e9115389-a476-4a45-aaef-dba0808945ce?api-version=2020-07-01
  response:
    body:
      string: "{\r\n  \"status\": \"Succeeded\"\r\n}"
    headers:
      cache-control:
      - no-cache
      content-length:
      - '29'
      content-type:
      - application/json; charset=utf-8
      date:
      - Fri, 18 Dec 2020 15:39:23 GMT
      expires:
      - '-1'
      pragma:
      - no-cache
      server:
      - Microsoft-HTTPAPI/2.0
      - Microsoft-HTTPAPI/2.0
      strict-transport-security:
      - max-age=31536000; includeSubDomains
      transfer-encoding:
      - chunked
      vary:
      - Accept-Encoding
      x-content-type-options:
      - nosniff
      x-ms-arm-service-request-id:
      - 76fdd1c7-7ee6-4335-96bb-e739b3a8dc83
    status:
      code: 200
      message: OK
- request:
    body: null
    headers:
      Accept:
      - application/json
      Accept-Encoding:
      - gzip, deflate
      CommandName:
      - network lb rule create
      Connection:
      - keep-alive
      ParameterSetName:
      - -g --lb-name -n --probe-name --protocol --frontend-port --backend-port
      User-Agent:
      - python/3.8.6 (Windows-10-10.0.19041-SP0) msrest/0.6.18 msrest_azure/0.6.3
        azure-mgmt-network/13.0.0 Azure-SDK-For-Python AZURECLI/2.16.0
    method: GET
    uri: https://management.azure.com/subscriptions/00000000-0000-0000-0000-000000000000/resourceGroups/cli_test_vmss_set_orchestration_service_state_000001/providers/Microsoft.Network/loadBalancers/lb1?api-version=2020-07-01
  response:
    body:
      string: "{\r\n  \"name\": \"lb1\",\r\n  \"id\": \"/subscriptions/00000000-0000-0000-0000-000000000000/resourceGroups/cli_test_vmss_set_orchestration_service_state_000001/providers/Microsoft.Network/loadBalancers/lb1\",\r\n
        \ \"etag\": \"W/\\\"7a81fa72-b631-4a8b-9b69-c4861cb83c64\\\"\",\r\n  \"type\":
        \"Microsoft.Network/loadBalancers\",\r\n  \"location\": \"westus\",\r\n  \"tags\":
        {},\r\n  \"properties\": {\r\n    \"provisioningState\": \"Succeeded\",\r\n
        \   \"resourceGuid\": \"851a6279-f218-4c4d-a4da-121951eb156f\",\r\n    \"frontendIPConfigurations\":
        [\r\n      {\r\n        \"name\": \"LoadBalancerFrontEnd\",\r\n        \"id\":
        \"/subscriptions/00000000-0000-0000-0000-000000000000/resourceGroups/cli_test_vmss_set_orchestration_service_state_000001/providers/Microsoft.Network/loadBalancers/lb1/frontendIPConfigurations/LoadBalancerFrontEnd\",\r\n
        \       \"etag\": \"W/\\\"7a81fa72-b631-4a8b-9b69-c4861cb83c64\\\"\",\r\n
        \       \"type\": \"Microsoft.Network/loadBalancers/frontendIPConfigurations\",\r\n
        \       \"properties\": {\r\n          \"provisioningState\": \"Succeeded\",\r\n
        \         \"privateIPAllocationMethod\": \"Dynamic\",\r\n          \"publicIPAddress\":
        {\r\n            \"id\": \"/subscriptions/00000000-0000-0000-0000-000000000000/resourceGroups/cli_test_vmss_set_orchestration_service_state_000001/providers/Microsoft.Network/publicIPAddresses/PublicIPlb1\"\r\n
        \         },\r\n          \"loadBalancingRules\": [\r\n            {\r\n              \"id\":
        \"/subscriptions/00000000-0000-0000-0000-000000000000/resourceGroups/cli_test_vmss_set_orchestration_service_state_000001/providers/Microsoft.Network/loadBalancers/lb1/loadBalancingRules/lbrule\"\r\n
        \           }\r\n          ],\r\n          \"privateIPAddressVersion\": \"IPv4\"\r\n
        \       }\r\n      }\r\n    ],\r\n    \"backendAddressPools\": [\r\n      {\r\n
        \       \"name\": \"lb1bepool\",\r\n        \"id\": \"/subscriptions/00000000-0000-0000-0000-000000000000/resourceGroups/cli_test_vmss_set_orchestration_service_state_000001/providers/Microsoft.Network/loadBalancers/lb1/backendAddressPools/lb1bepool\",\r\n
        \       \"etag\": \"W/\\\"7a81fa72-b631-4a8b-9b69-c4861cb83c64\\\"\",\r\n
        \       \"properties\": {\r\n          \"provisioningState\": \"Succeeded\",\r\n
        \         \"loadBalancingRules\": [\r\n            {\r\n              \"id\":
        \"/subscriptions/00000000-0000-0000-0000-000000000000/resourceGroups/cli_test_vmss_set_orchestration_service_state_000001/providers/Microsoft.Network/loadBalancers/lb1/loadBalancingRules/lbrule\"\r\n
        \           }\r\n          ]\r\n        },\r\n        \"type\": \"Microsoft.Network/loadBalancers/backendAddressPools\"\r\n
        \     }\r\n    ],\r\n    \"loadBalancingRules\": [\r\n      {\r\n        \"name\":
        \"lbrule\",\r\n        \"id\": \"/subscriptions/00000000-0000-0000-0000-000000000000/resourceGroups/cli_test_vmss_set_orchestration_service_state_000001/providers/Microsoft.Network/loadBalancers/lb1/loadBalancingRules/lbrule\",\r\n
        \       \"etag\": \"W/\\\"7a81fa72-b631-4a8b-9b69-c4861cb83c64\\\"\",\r\n
        \       \"type\": \"Microsoft.Network/loadBalancers/loadBalancingRules\",\r\n
        \       \"properties\": {\r\n          \"provisioningState\": \"Succeeded\",\r\n
        \         \"frontendIPConfiguration\": {\r\n            \"id\": \"/subscriptions/00000000-0000-0000-0000-000000000000/resourceGroups/cli_test_vmss_set_orchestration_service_state_000001/providers/Microsoft.Network/loadBalancers/lb1/frontendIPConfigurations/LoadBalancerFrontEnd\"\r\n
        \         },\r\n          \"frontendPort\": 80,\r\n          \"backendPort\":
        80,\r\n          \"enableFloatingIP\": false,\r\n          \"idleTimeoutInMinutes\":
        4,\r\n          \"protocol\": \"Tcp\",\r\n          \"enableDestinationServiceEndpoint\":
        false,\r\n          \"enableTcpReset\": false,\r\n          \"allowBackendPortConflict\":
        false,\r\n          \"loadDistribution\": \"Default\",\r\n          \"backendAddressPool\":
        {\r\n            \"id\": \"/subscriptions/00000000-0000-0000-0000-000000000000/resourceGroups/cli_test_vmss_set_orchestration_service_state_000001/providers/Microsoft.Network/loadBalancers/lb1/backendAddressPools/lb1bepool\"\r\n
        \         },\r\n          \"probe\": {\r\n            \"id\": \"/subscriptions/00000000-0000-0000-0000-000000000000/resourceGroups/cli_test_vmss_set_orchestration_service_state_000001/providers/Microsoft.Network/loadBalancers/lb1/probes/probe\"\r\n
        \         }\r\n        }\r\n      }\r\n    ],\r\n    \"probes\": [\r\n      {\r\n
        \       \"name\": \"probe\",\r\n        \"id\": \"/subscriptions/00000000-0000-0000-0000-000000000000/resourceGroups/cli_test_vmss_set_orchestration_service_state_000001/providers/Microsoft.Network/loadBalancers/lb1/probes/probe\",\r\n
        \       \"etag\": \"W/\\\"7a81fa72-b631-4a8b-9b69-c4861cb83c64\\\"\",\r\n
        \       \"properties\": {\r\n          \"provisioningState\": \"Succeeded\",\r\n
        \         \"protocol\": \"Tcp\",\r\n          \"port\": 80,\r\n          \"intervalInSeconds\":
        15,\r\n          \"numberOfProbes\": 2,\r\n          \"loadBalancingRules\":
        [\r\n            {\r\n              \"id\": \"/subscriptions/00000000-0000-0000-0000-000000000000/resourceGroups/cli_test_vmss_set_orchestration_service_state_000001/providers/Microsoft.Network/loadBalancers/lb1/loadBalancingRules/lbrule\"\r\n
        \           }\r\n          ]\r\n        },\r\n        \"type\": \"Microsoft.Network/loadBalancers/probes\"\r\n
        \     }\r\n    ],\r\n    \"inboundNatRules\": [],\r\n    \"inboundNatPools\":
        []\r\n  },\r\n  \"sku\": {\r\n    \"name\": \"Basic\",\r\n    \"tier\": \"Regional\"\r\n
        \ }\r\n}"
    headers:
      cache-control:
      - no-cache
      content-length:
      - '5382'
      content-type:
      - application/json; charset=utf-8
      date:
      - Fri, 18 Dec 2020 15:39:23 GMT
      etag:
      - W/"7a81fa72-b631-4a8b-9b69-c4861cb83c64"
      expires:
      - '-1'
      pragma:
      - no-cache
      server:
      - Microsoft-HTTPAPI/2.0
      - Microsoft-HTTPAPI/2.0
      strict-transport-security:
      - max-age=31536000; includeSubDomains
      transfer-encoding:
      - chunked
      vary:
      - Accept-Encoding
      x-content-type-options:
      - nosniff
      x-ms-arm-service-request-id:
      - a247f0b4-3c94-4c1c-9526-99728938e766
    status:
      code: 200
      message: OK
- request:
    body: null
    headers:
      Accept:
      - application/json
      Accept-Encoding:
      - gzip, deflate
      CommandName:
      - vmss create
      Connection:
      - keep-alive
      ParameterSetName:
      - -g -n --image --load-balancer --health-probe --automatic-repairs-grace-period
        --admin-username
      User-Agent:
      - python/3.8.6 (Windows-10-10.0.19041-SP0) msrest/0.6.18 msrest_azure/0.6.3
        azure-mgmt-resource/12.0.0 Azure-SDK-For-Python AZURECLI/2.16.0
      accept-language:
      - en-US
    method: GET
    uri: https://management.azure.com/subscriptions/00000000-0000-0000-0000-000000000000/resourcegroups/cli_test_vmss_set_orchestration_service_state_000001?api-version=2020-10-01
  response:
    body:
      string: '{"id":"/subscriptions/00000000-0000-0000-0000-000000000000/resourceGroups/cli_test_vmss_set_orchestration_service_state_000001","name":"cli_test_vmss_set_orchestration_service_state_000001","type":"Microsoft.Resources/resourceGroups","location":"westus","tags":{"product":"azurecli","cause":"automation","date":"2020-12-18T15:37:44Z"},"properties":{"provisioningState":"Succeeded"}}'
    headers:
      cache-control:
      - no-cache
      content-length:
      - '428'
      content-type:
      - application/json; charset=utf-8
      date:
      - Fri, 18 Dec 2020 15:39:24 GMT
      expires:
      - '-1'
      pragma:
      - no-cache
      strict-transport-security:
      - max-age=31536000; includeSubDomains
      vary:
      - Accept-Encoding
      x-content-type-options:
      - nosniff
    status:
      code: 200
      message: OK
- request:
    body: null
    headers:
      Accept:
      - '*/*'
      Accept-Encoding:
      - gzip, deflate
      Connection:
      - keep-alive
      User-Agent:
      - python-requests/2.22.0
    method: GET
    uri: https://raw.githubusercontent.com/Azure/azure-rest-api-specs/master/arm-compute/quickstart-templates/aliases.json
  response:
    body:
      string: "{\n  \"$schema\": \"http://schema.management.azure.com/schemas/2015-01-01/deploymentTemplate.json\",\n
        \ \"contentVersion\": \"1.0.0.0\",\n  \"parameters\": {},\n  \"variables\":
        {},\n  \"resources\": [],\n  \"outputs\": {\n    \"aliases\": {\n      \"type\":
        \"object\",\n      \"value\": {\n        \"Linux\": {\n          \"CentOS\":
        {\n            \"publisher\": \"OpenLogic\",\n            \"offer\": \"CentOS\",\n
        \           \"sku\": \"7.5\",\n            \"version\": \"latest\"\n          },\n
        \         \"CoreOS\": {\n            \"publisher\": \"CoreOS\",\n            \"offer\":
        \"CoreOS\",\n            \"sku\": \"Stable\",\n            \"version\": \"latest\"\n
        \         },\n          \"Debian\": {\n            \"publisher\": \"Debian\",\n
        \           \"offer\": \"debian-10\",\n            \"sku\": \"10\",\n            \"version\":
        \"latest\"\n          },\n          \"openSUSE-Leap\": {\n            \"publisher\":
        \"SUSE\",\n            \"offer\": \"openSUSE-Leap\",\n            \"sku\":
        \"42.3\",\n            \"version\": \"latest\"\n          },\n          \"RHEL\":
        {\n            \"publisher\": \"RedHat\",\n            \"offer\": \"RHEL\",\n
        \           \"sku\": \"7-LVM\",\n            \"version\": \"latest\"\n          },\n
        \         \"SLES\": {\n            \"publisher\": \"SUSE\",\n            \"offer\":
        \"SLES\",\n            \"sku\": \"15\",\n            \"version\": \"latest\"\n
        \         },\n          \"UbuntuLTS\": {\n            \"publisher\": \"Canonical\",\n
        \           \"offer\": \"UbuntuServer\",\n            \"sku\": \"18.04-LTS\",\n
        \           \"version\": \"latest\"\n          }\n        },\n        \"Windows\":
        {\n          \"Win2019Datacenter\": {\n            \"publisher\": \"MicrosoftWindowsServer\",\n
        \           \"offer\": \"WindowsServer\",\n            \"sku\": \"2019-Datacenter\",\n
        \           \"version\": \"latest\"\n          },\n          \"Win2016Datacenter\":
        {\n            \"publisher\": \"MicrosoftWindowsServer\",\n            \"offer\":
        \"WindowsServer\",\n            \"sku\": \"2016-Datacenter\",\n            \"version\":
        \"latest\"\n          },\n          \"Win2012R2Datacenter\": {\n            \"publisher\":
        \"MicrosoftWindowsServer\",\n            \"offer\": \"WindowsServer\",\n            \"sku\":
        \"2012-R2-Datacenter\",\n            \"version\": \"latest\"\n          },\n
        \         \"Win2012Datacenter\": {\n            \"publisher\": \"MicrosoftWindowsServer\",\n
        \           \"offer\": \"WindowsServer\",\n            \"sku\": \"2012-Datacenter\",\n
        \           \"version\": \"latest\"\n          },\n          \"Win2008R2SP1\":
        {\n            \"publisher\": \"MicrosoftWindowsServer\",\n            \"offer\":
        \"WindowsServer\",\n            \"sku\": \"2008-R2-SP1\",\n            \"version\":
        \"latest\"\n          }\n        }\n      }\n    }\n  }\n}\n"
    headers:
      accept-ranges:
      - bytes
      access-control-allow-origin:
      - '*'
      cache-control:
      - max-age=300
      connection:
      - keep-alive
      content-length:
      - '2501'
      content-security-policy:
      - default-src 'none'; style-src 'unsafe-inline'; sandbox
      content-type:
      - text/plain; charset=utf-8
      date:
      - Fri, 18 Dec 2020 15:39:25 GMT
      etag:
      - W/"540044b4084c3c314537f1baa1770f248628b2bc9ba0328f1004c33862e049da"
      expires:
      - Fri, 18 Dec 2020 15:44:25 GMT
      source-age:
      - '35'
      strict-transport-security:
      - max-age=31536000
      vary:
      - Authorization,Accept-Encoding
      via:
      - 1.1 varnish (Varnish/6.0), 1.1 varnish
      x-cache:
      - HIT, HIT
      x-cache-hits:
      - 3, 1
      x-content-type-options:
      - nosniff
      x-fastly-request-id:
      - 921a8ff3b3e0dca83d634341bc0d2b51b25df9c9
      x-frame-options:
      - deny
      x-github-request-id:
      - EAC4:209C:2A64F4:304FE3:5FDCCB8B
      x-served-by:
      - cache-mia11363-MIA
      x-timer:
      - S1608305965.082154,VS0,VE0
      x-xss-protection:
      - 1; mode=block
    status:
      code: 200
      message: OK
- request:
    body: null
    headers:
      Accept:
      - application/json
      Accept-Encoding:
      - gzip, deflate
      CommandName:
      - vmss create
      Connection:
      - keep-alive
      ParameterSetName:
      - -g -n --image --load-balancer --health-probe --automatic-repairs-grace-period
        --admin-username
      User-Agent:
      - python/3.8.6 (Windows-10-10.0.19041-SP0) msrest/0.6.18 msrest_azure/0.6.3
        azure-mgmt-network/13.0.0 Azure-SDK-For-Python AZURECLI/2.16.0
      accept-language:
      - en-US
    method: GET
    uri: https://management.azure.com/subscriptions/00000000-0000-0000-0000-000000000000/resourceGroups/cli_test_vmss_set_orchestration_service_state_000001/providers/Microsoft.Network/virtualNetworks?api-version=2018-01-01
  response:
    body:
      string: '{"value":[]}'
    headers:
      cache-control:
      - no-cache
      content-length:
      - '12'
      content-type:
      - application/json; charset=utf-8
      date:
      - Fri, 18 Dec 2020 15:39:25 GMT
      expires:
      - '-1'
      pragma:
      - no-cache
      strict-transport-security:
      - max-age=31536000; includeSubDomains
      vary:
      - Accept-Encoding
      x-content-type-options:
      - nosniff
    status:
      code: 200
      message: OK
- request:
    body: null
    headers:
      Accept:
      - application/json
      Accept-Encoding:
      - gzip, deflate
      CommandName:
      - vmss create
      Connection:
      - keep-alive
      ParameterSetName:
      - -g -n --image --load-balancer --health-probe --automatic-repairs-grace-period
        --admin-username
      User-Agent:
      - python/3.8.6 (Windows-10-10.0.19041-SP0) msrest/0.6.18 msrest_azure/0.6.3
        azure-mgmt-network/13.0.0 Azure-SDK-For-Python AZURECLI/2.16.0
      accept-language:
      - en-US
    method: GET
    uri: https://management.azure.com/subscriptions/00000000-0000-0000-0000-000000000000/resourceGroups/cli_test_vmss_set_orchestration_service_state_000001/providers/Microsoft.Network/loadBalancers/lb1?api-version=2018-01-01
  response:
    body:
      string: "{\r\n  \"name\": \"lb1\",\r\n  \"id\": \"/subscriptions/00000000-0000-0000-0000-000000000000/resourceGroups/cli_test_vmss_set_orchestration_service_state_000001/providers/Microsoft.Network/loadBalancers/lb1\",\r\n
        \ \"etag\": \"W/\\\"7a81fa72-b631-4a8b-9b69-c4861cb83c64\\\"\",\r\n  \"type\":
        \"Microsoft.Network/loadBalancers\",\r\n  \"location\": \"westus\",\r\n  \"tags\":
        {},\r\n  \"properties\": {\r\n    \"provisioningState\": \"Succeeded\",\r\n
        \   \"resourceGuid\": \"851a6279-f218-4c4d-a4da-121951eb156f\",\r\n    \"frontendIPConfigurations\":
        [\r\n      {\r\n        \"name\": \"LoadBalancerFrontEnd\",\r\n        \"id\":
        \"/subscriptions/00000000-0000-0000-0000-000000000000/resourceGroups/cli_test_vmss_set_orchestration_service_state_000001/providers/Microsoft.Network/loadBalancers/lb1/frontendIPConfigurations/LoadBalancerFrontEnd\",\r\n
        \       \"etag\": \"W/\\\"7a81fa72-b631-4a8b-9b69-c4861cb83c64\\\"\",\r\n
        \       \"type\": \"Microsoft.Network/loadBalancers/frontendIPConfigurations\",\r\n
        \       \"properties\": {\r\n          \"provisioningState\": \"Succeeded\",\r\n
        \         \"privateIPAllocationMethod\": \"Dynamic\",\r\n          \"publicIPAddress\":
        {\r\n            \"id\": \"/subscriptions/00000000-0000-0000-0000-000000000000/resourceGroups/cli_test_vmss_set_orchestration_service_state_000001/providers/Microsoft.Network/publicIPAddresses/PublicIPlb1\"\r\n
        \         },\r\n          \"loadBalancingRules\": [\r\n            {\r\n              \"id\":
        \"/subscriptions/00000000-0000-0000-0000-000000000000/resourceGroups/cli_test_vmss_set_orchestration_service_state_000001/providers/Microsoft.Network/loadBalancers/lb1/loadBalancingRules/lbrule\"\r\n
        \           }\r\n          ]\r\n        }\r\n      }\r\n    ],\r\n    \"backendAddressPools\":
        [\r\n      {\r\n        \"name\": \"lb1bepool\",\r\n        \"id\": \"/subscriptions/00000000-0000-0000-0000-000000000000/resourceGroups/cli_test_vmss_set_orchestration_service_state_000001/providers/Microsoft.Network/loadBalancers/lb1/backendAddressPools/lb1bepool\",\r\n
        \       \"etag\": \"W/\\\"7a81fa72-b631-4a8b-9b69-c4861cb83c64\\\"\",\r\n
        \       \"properties\": {\r\n          \"provisioningState\": \"Succeeded\",\r\n
        \         \"loadBalancingRules\": [\r\n            {\r\n              \"id\":
        \"/subscriptions/00000000-0000-0000-0000-000000000000/resourceGroups/cli_test_vmss_set_orchestration_service_state_000001/providers/Microsoft.Network/loadBalancers/lb1/loadBalancingRules/lbrule\"\r\n
        \           }\r\n          ]\r\n        },\r\n        \"type\": \"Microsoft.Network/loadBalancers/backendAddressPools\"\r\n
        \     }\r\n    ],\r\n    \"loadBalancingRules\": [\r\n      {\r\n        \"name\":
        \"lbrule\",\r\n        \"id\": \"/subscriptions/00000000-0000-0000-0000-000000000000/resourceGroups/cli_test_vmss_set_orchestration_service_state_000001/providers/Microsoft.Network/loadBalancers/lb1/loadBalancingRules/lbrule\",\r\n
        \       \"etag\": \"W/\\\"7a81fa72-b631-4a8b-9b69-c4861cb83c64\\\"\",\r\n
        \       \"type\": \"Microsoft.Network/loadBalancers/loadBalancingRules\",\r\n
        \       \"properties\": {\r\n          \"provisioningState\": \"Succeeded\",\r\n
        \         \"frontendIPConfiguration\": {\r\n            \"id\": \"/subscriptions/00000000-0000-0000-0000-000000000000/resourceGroups/cli_test_vmss_set_orchestration_service_state_000001/providers/Microsoft.Network/loadBalancers/lb1/frontendIPConfigurations/LoadBalancerFrontEnd\"\r\n
        \         },\r\n          \"frontendPort\": 80,\r\n          \"backendPort\":
        80,\r\n          \"enableFloatingIP\": false,\r\n          \"idleTimeoutInMinutes\":
        4,\r\n          \"protocol\": \"Tcp\",\r\n          \"enableDestinationServiceEndpoint\":
        false,\r\n          \"loadDistribution\": \"Default\",\r\n          \"backendAddressPool\":
        {\r\n            \"id\": \"/subscriptions/00000000-0000-0000-0000-000000000000/resourceGroups/cli_test_vmss_set_orchestration_service_state_000001/providers/Microsoft.Network/loadBalancers/lb1/backendAddressPools/lb1bepool\"\r\n
        \         },\r\n          \"probe\": {\r\n            \"id\": \"/subscriptions/00000000-0000-0000-0000-000000000000/resourceGroups/cli_test_vmss_set_orchestration_service_state_000001/providers/Microsoft.Network/loadBalancers/lb1/probes/probe\"\r\n
        \         }\r\n        }\r\n      }\r\n    ],\r\n    \"probes\": [\r\n      {\r\n
        \       \"name\": \"probe\",\r\n        \"id\": \"/subscriptions/00000000-0000-0000-0000-000000000000/resourceGroups/cli_test_vmss_set_orchestration_service_state_000001/providers/Microsoft.Network/loadBalancers/lb1/probes/probe\",\r\n
        \       \"etag\": \"W/\\\"7a81fa72-b631-4a8b-9b69-c4861cb83c64\\\"\",\r\n
        \       \"properties\": {\r\n          \"provisioningState\": \"Succeeded\",\r\n
        \         \"protocol\": \"Tcp\",\r\n          \"port\": 80,\r\n          \"intervalInSeconds\":
        15,\r\n          \"numberOfProbes\": 2,\r\n          \"loadBalancingRules\":
        [\r\n            {\r\n              \"id\": \"/subscriptions/00000000-0000-0000-0000-000000000000/resourceGroups/cli_test_vmss_set_orchestration_service_state_000001/providers/Microsoft.Network/loadBalancers/lb1/loadBalancingRules/lbrule\"\r\n
        \           }\r\n          ]\r\n        },\r\n        \"type\": \"Microsoft.Network/loadBalancers/probes\"\r\n
        \     }\r\n    ],\r\n    \"inboundNatRules\": [],\r\n    \"inboundNatPools\":
        []\r\n  },\r\n  \"sku\": {\r\n    \"name\": \"Basic\"\r\n  }\r\n}"
    headers:
      cache-control:
      - no-cache
      content-length:
      - '5229'
      content-type:
      - application/json; charset=utf-8
      date:
      - Fri, 18 Dec 2020 15:39:25 GMT
      etag:
      - W/"7a81fa72-b631-4a8b-9b69-c4861cb83c64"
      expires:
      - '-1'
      pragma:
      - no-cache
      server:
      - Microsoft-HTTPAPI/2.0
      - Microsoft-HTTPAPI/2.0
      strict-transport-security:
      - max-age=31536000; includeSubDomains
      transfer-encoding:
      - chunked
      vary:
      - Accept-Encoding
      x-content-type-options:
      - nosniff
      x-ms-arm-service-request-id:
      - 74a62943-9e67-4d21-913e-8b86de30e53d
    status:
      code: 200
      message: OK
- request:
    body: null
    headers:
      Accept:
      - application/json
      Accept-Encoding:
      - gzip, deflate
      CommandName:
      - vmss create
      Connection:
      - keep-alive
      ParameterSetName:
      - -g -n --image --load-balancer --health-probe --automatic-repairs-grace-period
        --admin-username
      User-Agent:
      - python/3.8.6 (Windows-10-10.0.19041-SP0) msrest/0.6.18 msrest_azure/0.6.3
        azure-mgmt-network/13.0.0 Azure-SDK-For-Python AZURECLI/2.16.0
      accept-language:
      - en-US
    method: GET
    uri: https://management.azure.com/subscriptions/00000000-0000-0000-0000-000000000000/resourceGroups/cli_test_vmss_set_orchestration_service_state_000001/providers/Microsoft.Network/loadBalancers/lb1?api-version=2018-01-01
  response:
    body:
      string: "{\r\n  \"name\": \"lb1\",\r\n  \"id\": \"/subscriptions/00000000-0000-0000-0000-000000000000/resourceGroups/cli_test_vmss_set_orchestration_service_state_000001/providers/Microsoft.Network/loadBalancers/lb1\",\r\n
        \ \"etag\": \"W/\\\"7a81fa72-b631-4a8b-9b69-c4861cb83c64\\\"\",\r\n  \"type\":
        \"Microsoft.Network/loadBalancers\",\r\n  \"location\": \"westus\",\r\n  \"tags\":
        {},\r\n  \"properties\": {\r\n    \"provisioningState\": \"Succeeded\",\r\n
        \   \"resourceGuid\": \"851a6279-f218-4c4d-a4da-121951eb156f\",\r\n    \"frontendIPConfigurations\":
        [\r\n      {\r\n        \"name\": \"LoadBalancerFrontEnd\",\r\n        \"id\":
        \"/subscriptions/00000000-0000-0000-0000-000000000000/resourceGroups/cli_test_vmss_set_orchestration_service_state_000001/providers/Microsoft.Network/loadBalancers/lb1/frontendIPConfigurations/LoadBalancerFrontEnd\",\r\n
        \       \"etag\": \"W/\\\"7a81fa72-b631-4a8b-9b69-c4861cb83c64\\\"\",\r\n
        \       \"type\": \"Microsoft.Network/loadBalancers/frontendIPConfigurations\",\r\n
        \       \"properties\": {\r\n          \"provisioningState\": \"Succeeded\",\r\n
        \         \"privateIPAllocationMethod\": \"Dynamic\",\r\n          \"publicIPAddress\":
        {\r\n            \"id\": \"/subscriptions/00000000-0000-0000-0000-000000000000/resourceGroups/cli_test_vmss_set_orchestration_service_state_000001/providers/Microsoft.Network/publicIPAddresses/PublicIPlb1\"\r\n
        \         },\r\n          \"loadBalancingRules\": [\r\n            {\r\n              \"id\":
        \"/subscriptions/00000000-0000-0000-0000-000000000000/resourceGroups/cli_test_vmss_set_orchestration_service_state_000001/providers/Microsoft.Network/loadBalancers/lb1/loadBalancingRules/lbrule\"\r\n
        \           }\r\n          ]\r\n        }\r\n      }\r\n    ],\r\n    \"backendAddressPools\":
        [\r\n      {\r\n        \"name\": \"lb1bepool\",\r\n        \"id\": \"/subscriptions/00000000-0000-0000-0000-000000000000/resourceGroups/cli_test_vmss_set_orchestration_service_state_000001/providers/Microsoft.Network/loadBalancers/lb1/backendAddressPools/lb1bepool\",\r\n
        \       \"etag\": \"W/\\\"7a81fa72-b631-4a8b-9b69-c4861cb83c64\\\"\",\r\n
        \       \"properties\": {\r\n          \"provisioningState\": \"Succeeded\",\r\n
        \         \"loadBalancingRules\": [\r\n            {\r\n              \"id\":
        \"/subscriptions/00000000-0000-0000-0000-000000000000/resourceGroups/cli_test_vmss_set_orchestration_service_state_000001/providers/Microsoft.Network/loadBalancers/lb1/loadBalancingRules/lbrule\"\r\n
        \           }\r\n          ]\r\n        },\r\n        \"type\": \"Microsoft.Network/loadBalancers/backendAddressPools\"\r\n
        \     }\r\n    ],\r\n    \"loadBalancingRules\": [\r\n      {\r\n        \"name\":
        \"lbrule\",\r\n        \"id\": \"/subscriptions/00000000-0000-0000-0000-000000000000/resourceGroups/cli_test_vmss_set_orchestration_service_state_000001/providers/Microsoft.Network/loadBalancers/lb1/loadBalancingRules/lbrule\",\r\n
        \       \"etag\": \"W/\\\"7a81fa72-b631-4a8b-9b69-c4861cb83c64\\\"\",\r\n
        \       \"type\": \"Microsoft.Network/loadBalancers/loadBalancingRules\",\r\n
        \       \"properties\": {\r\n          \"provisioningState\": \"Succeeded\",\r\n
        \         \"frontendIPConfiguration\": {\r\n            \"id\": \"/subscriptions/00000000-0000-0000-0000-000000000000/resourceGroups/cli_test_vmss_set_orchestration_service_state_000001/providers/Microsoft.Network/loadBalancers/lb1/frontendIPConfigurations/LoadBalancerFrontEnd\"\r\n
        \         },\r\n          \"frontendPort\": 80,\r\n          \"backendPort\":
        80,\r\n          \"enableFloatingIP\": false,\r\n          \"idleTimeoutInMinutes\":
        4,\r\n          \"protocol\": \"Tcp\",\r\n          \"enableDestinationServiceEndpoint\":
        false,\r\n          \"loadDistribution\": \"Default\",\r\n          \"backendAddressPool\":
        {\r\n            \"id\": \"/subscriptions/00000000-0000-0000-0000-000000000000/resourceGroups/cli_test_vmss_set_orchestration_service_state_000001/providers/Microsoft.Network/loadBalancers/lb1/backendAddressPools/lb1bepool\"\r\n
        \         },\r\n          \"probe\": {\r\n            \"id\": \"/subscriptions/00000000-0000-0000-0000-000000000000/resourceGroups/cli_test_vmss_set_orchestration_service_state_000001/providers/Microsoft.Network/loadBalancers/lb1/probes/probe\"\r\n
        \         }\r\n        }\r\n      }\r\n    ],\r\n    \"probes\": [\r\n      {\r\n
        \       \"name\": \"probe\",\r\n        \"id\": \"/subscriptions/00000000-0000-0000-0000-000000000000/resourceGroups/cli_test_vmss_set_orchestration_service_state_000001/providers/Microsoft.Network/loadBalancers/lb1/probes/probe\",\r\n
        \       \"etag\": \"W/\\\"7a81fa72-b631-4a8b-9b69-c4861cb83c64\\\"\",\r\n
        \       \"properties\": {\r\n          \"provisioningState\": \"Succeeded\",\r\n
        \         \"protocol\": \"Tcp\",\r\n          \"port\": 80,\r\n          \"intervalInSeconds\":
        15,\r\n          \"numberOfProbes\": 2,\r\n          \"loadBalancingRules\":
        [\r\n            {\r\n              \"id\": \"/subscriptions/00000000-0000-0000-0000-000000000000/resourceGroups/cli_test_vmss_set_orchestration_service_state_000001/providers/Microsoft.Network/loadBalancers/lb1/loadBalancingRules/lbrule\"\r\n
        \           }\r\n          ]\r\n        },\r\n        \"type\": \"Microsoft.Network/loadBalancers/probes\"\r\n
        \     }\r\n    ],\r\n    \"inboundNatRules\": [],\r\n    \"inboundNatPools\":
        []\r\n  },\r\n  \"sku\": {\r\n    \"name\": \"Basic\"\r\n  }\r\n}"
    headers:
      cache-control:
      - no-cache
      content-length:
      - '5229'
      content-type:
      - application/json; charset=utf-8
      date:
      - Fri, 18 Dec 2020 15:39:26 GMT
      etag:
      - W/"7a81fa72-b631-4a8b-9b69-c4861cb83c64"
      expires:
      - '-1'
      pragma:
      - no-cache
      server:
      - Microsoft-HTTPAPI/2.0
      - Microsoft-HTTPAPI/2.0
      strict-transport-security:
      - max-age=31536000; includeSubDomains
      transfer-encoding:
      - chunked
      vary:
      - Accept-Encoding
      x-content-type-options:
      - nosniff
      x-ms-arm-service-request-id:
      - ed3310e1-65e8-49ee-b89d-5988605bb90f
    status:
      code: 200
      message: OK
- request:
    body: '{"properties": {"template": {"$schema": "https://schema.management.azure.com/schemas/2015-01-01/deploymentTemplate.json#",
      "contentVersion": "1.0.0.0", "parameters": {}, "variables": {}, "resources":
      [{"name": "vmss1VNET", "type": "Microsoft.Network/virtualNetworks", "location":
      "westus", "apiVersion": "2015-06-15", "dependsOn": [], "tags": {}, "properties":
      {"addressSpace": {"addressPrefixes": ["10.0.0.0/16"]}, "subnets": [{"name":
      "vmss1Subnet", "properties": {"addressPrefix": "10.0.0.0/24"}}]}}, {"type":
      "Microsoft.Compute/virtualMachineScaleSets", "name": "vmss1", "location": "westus",
      "tags": {}, "apiVersion": "2020-06-01", "dependsOn": ["Microsoft.Network/virtualNetworks/vmss1VNET"],
      "sku": {"name": "Standard_DS1_v2", "capacity": 2}, "properties": {"overprovision":
      true, "upgradePolicy": {"mode": "manual"}, "virtualMachineProfile": {"storageProfile":
      {"osDisk": {"createOption": "FromImage", "caching": "ReadWrite", "managedDisk":
      {"storageAccountType": null}}, "imageReference": {"publisher": "Canonical",
      "offer": "UbuntuServer", "sku": "18.04-LTS", "version": "latest"}}, "networkProfile":
      {"networkInterfaceConfigurations": [{"name": "vmss1df63Nic", "properties": {"primary":
      "true", "ipConfigurations": [{"name": "vmss1df63IPConfig", "properties": {"subnet":
      {"id": "/subscriptions/00000000-0000-0000-0000-000000000000/resourceGroups/cli_test_vmss_set_orchestration_service_state_000001/providers/Microsoft.Network/virtualNetworks/vmss1VNET/subnets/vmss1Subnet"},
      "loadBalancerBackendAddressPools": [{"id": "/subscriptions/00000000-0000-0000-0000-000000000000/resourceGroups/cli_test_vmss_set_orchestration_service_state_000001/providers/Microsoft.Network/loadBalancers/lb1/backendAddressPools/lb1bepool"}]}}]}}],
      "healthProbe": {"id": "/subscriptions/00000000-0000-0000-0000-000000000000/resourceGroups/cli_test_vmss_set_orchestration_service_state_000001/providers/Microsoft.Network/loadBalancers/lb1/probes/probe"}},
      "osProfile": {"computerNamePrefix": "vmss1df63", "adminUsername": "azureuser",
      "linuxConfiguration": {"disablePasswordAuthentication": true, "ssh": {"publicKeys":
      [{"path": "/home/azureuser/.ssh/authorized_keys", "keyData": "ssh-rsa AAAAB3NzaC1yc2EAAAADAQABAAABAQDI8aYs6Q0jHMi+ZA79hsoxoTxrbVwH/eZY+ZSifVvvKicm1/80fdqKNXgfNujlTiXYG7kCN+NhsgoEtARQtJnStvYv1HzD95rb0dSegff+GqUGgAdE+/oIEMu8/CRVLQWlPrOs2qUeRvElCmG8M+BTVC2sMFFblSrwHOx5sKLdWv4eOjncICD7w9Ktbi5FNC5RHElvlxei3vUOpfUfP4GIiy5CCXUPmO5AX+BO15JkMJsaNfmGMQ7LFzFbw6F+HG+Hi4hm+Kd3mNK7qyaz0T2iGBnA6maVB2zugbZtCuY9ZlfnWxDVF8V43mVY7MNLM1BqwskDNwzKiVgeUXLDYJux"}]}}}},
      "singlePlacementGroup": null, "automaticRepairsPolicy": {"enabled": "true",
      "gracePeriod": "PT30M"}}}], "outputs": {"VMSS": {"type": "object", "value":
      "[reference(resourceId(''Microsoft.Compute/virtualMachineScaleSets'', ''vmss1''),providers(''Microsoft.Compute'',
      ''virtualMachineScaleSets'').apiVersions[0])]"}}}, "parameters": {}, "mode":
      "Incremental"}}'
    headers:
      Accept:
      - application/json
      Accept-Encoding:
      - gzip, deflate
      CommandName:
      - vmss create
      Connection:
      - keep-alive
      Content-Length:
      - '2976'
      Content-Type:
      - application/json; charset=utf-8
      ParameterSetName:
      - -g -n --image --load-balancer --health-probe --automatic-repairs-grace-period
        --admin-username
      User-Agent:
      - python/3.8.6 (Windows-10-10.0.19041-SP0) msrest/0.6.18 msrest_azure/0.6.3
        azure-mgmt-resource/12.0.0 Azure-SDK-For-Python AZURECLI/2.16.0
      accept-language:
      - en-US
    method: PUT
    uri: https://management.azure.com/subscriptions/00000000-0000-0000-0000-000000000000/resourcegroups/cli_test_vmss_set_orchestration_service_state_000001/providers/Microsoft.Resources/deployments/mock-deployment?api-version=2020-10-01
  response:
    body:
      string: '{"error":{"code":"InvalidTemplateDeployment","message":"The template
        deployment failed with error: ''The resource with id: ''/subscriptions/00000000-0000-0000-0000-000000000000/resourceGroups/cli_test_vmss_set_orchestration_service_state_000001/providers/Microsoft.Compute/virtualMachineScaleSets/vmss1''
        failed validation with message: ''The requested size for resource ''/subscriptions/00000000-0000-0000-0000-000000000000/resourceGroups/cli_test_vmss_set_orchestration_service_state_000001/providers/Microsoft.Compute/virtualMachineScaleSets/vmss1''
        is currently not available in location ''westus'' zones '''' for subscription
        ''a1bfa635-f2bf-42f1-86b5-848c674fc321''. Please try another size or deploy
        to a different location or zones. See https://aka.ms/azureskunotavailable
        for details.''.''."}}'
    headers:
      cache-control:
      - no-cache
      content-length:
      - '834'
      content-type:
      - application/json; charset=utf-8
      date:
      - Fri, 18 Dec 2020 15:39:27 GMT
      expires:
      - '-1'
      pragma:
      - no-cache
      strict-transport-security:
      - max-age=31536000; includeSubDomains
      x-content-type-options:
      - nosniff
      x-ms-failure-cause:
      - gateway
      x-ms-ratelimit-remaining-subscription-writes:
      - '1197'
    status:
      code: 400
      message: Bad Request
version: 1
