interactions:
- request:
    body: null
    headers:
      Accept:
      - application/json
      Accept-Encoding:
      - gzip, deflate
      CommandName:
      - keyvault show
      Connection:
      - keep-alive
      ParameterSetName:
      - -g -n
      User-Agent:
      - AZURECLI/2.51.0 azsdk-python-azure-mgmt-keyvault/10.2.3 Python/3.10.12 (Linux-5.10.102.1-microsoft-standard-WSL2-x86_64-with-glibc2.35)
    method: GET
    uri: https://management.azure.com/subscriptions/00000000-0000-0000-0000-000000000000/resourceGroups/cli_test_disk_encryption_set_disk_update_000001/providers/Microsoft.KeyVault/vaults/vault3-000002?api-version=2023-02-01
  response:
    body:
      string: '{"id":"/subscriptions/00000000-0000-0000-0000-000000000000/resourceGroups/cli_test_disk_encryption_set_disk_update_000001/providers/Microsoft.KeyVault/vaults/vault3-000002","name":"vault3-000002","type":"Microsoft.KeyVault/vaults","location":"eastus","tags":{},"systemData":{"createdBy":"rolelivetest@azuresdkteam.onmicrosoft.com","createdByType":"User","createdAt":"2023-08-23T13:40:34.087Z","lastModifiedBy":"rolelivetest@azuresdkteam.onmicrosoft.com","lastModifiedByType":"User","lastModifiedAt":"2023-08-23T13:40:34.087Z"},"properties":{"sku":{"family":"A","name":"standard"},"tenantId":"54826b22-38d6-4fb2-bad9-b7b93a3e9c5a","accessPolicies":[{"tenantId":"54826b22-38d6-4fb2-bad9-b7b93a3e9c5a","objectId":"6d97229a-391f-473a-893f-f0608b592d7b","permissions":{"keys":["all"],"secrets":["all"],"certificates":["all"],"storage":["all"]}}],"enabledForDeployment":false,"enableSoftDelete":true,"softDeleteRetentionInDays":7,"enablePurgeProtection":true,"vaultUri":"https://vault3-000002.vault.azure.net/","provisioningState":"Succeeded","publicNetworkAccess":"Enabled"}}'
    headers:
      cache-control:
      - no-cache
      content-length:
      - '1070'
      content-type:
      - application/json; charset=utf-8
      date:
      - Wed, 23 Aug 2023 13:41:10 GMT
      expires:
      - '-1'
      pragma:
      - no-cache
      server:
      - Microsoft-IIS/10.0
      strict-transport-security:
      - max-age=31536000; includeSubDomains
      transfer-encoding:
      - chunked
      vary:
      - Accept-Encoding
      x-aspnet-version:
      - 4.0.30319
      x-content-type-options:
      - nosniff
      x-ms-keyvault-service-version:
      - 1.5.885.0
    status:
      code: 200
      message: OK
- request:
    body: null
    headers:
      Accept:
      - application/json
      Accept-Encoding:
      - gzip, deflate
      Connection:
      - keep-alive
      Content-Length:
      - '0'
      Content-Type:
      - application/json
      User-Agent:
      - azsdk-python-keyvault-keys/4.8.0b2 Python/3.10.12 (Linux-5.10.102.1-microsoft-standard-WSL2-x86_64-with-glibc2.35)
    method: POST
    uri: https://vault3-000002.vault.azure.net/keys/key-000003/create?api-version=7.4-preview.1
  response:
    body:
      string: '{"error":{"code":"Unauthorized","message":"AKV10000: Request is missing
        a Bearer or PoP token."}}'
    headers:
      cache-control:
      - no-cache
      content-length:
      - '97'
      content-type:
      - application/json; charset=utf-8
      date:
      - Wed, 23 Aug 2023 13:41:11 GMT
      expires:
      - '-1'
      pragma:
      - no-cache
      strict-transport-security:
      - max-age=31536000;includeSubDomains
      www-authenticate:
      - Bearer authorization="https://login.microsoftonline.com/54826b22-38d6-4fb2-bad9-b7b93a3e9c5a",
        resource="https://vault.azure.net"
      x-content-type-options:
      - nosniff
      x-ms-keyvault-network-info:
      - conn_type=Ipv4;addr=167.220.255.58;act_addr_fam=InterNetwork;
      x-ms-keyvault-region:
      - eastus
      x-ms-keyvault-service-version:
      - 1.9.950.1
    status:
      code: 401
      message: Unauthorized
- request:
    body: '{"kty": "RSA", "attributes": {"enabled": true}}'
    headers:
      Accept:
      - application/json
      Accept-Encoding:
      - gzip, deflate
      Connection:
      - keep-alive
      Content-Length:
      - '47'
      Content-Type:
      - application/json
      User-Agent:
      - azsdk-python-keyvault-keys/4.8.0b2 Python/3.10.12 (Linux-5.10.102.1-microsoft-standard-WSL2-x86_64-with-glibc2.35)
    method: POST
    uri: https://vault3-000002.vault.azure.net/keys/key-000003/create?api-version=7.4-preview.1
  response:
    body:
      string: '{"key":{"kid":"https://vault3-000002.vault.azure.net/keys/key-000003/8885ace068f74ca1bc1308b8c2840df6","kty":"RSA","key_ops":["encrypt","decrypt","sign","verify","wrapKey","unwrapKey"],"n":"v1h_bK7TfW8cXhtFKgauab4C7pjGa9npOiuG4W39vFvzSHtjJUDKhcE_84B3OKO8qu0qfxIsCaYACdFLHG0teMIAYBEim7AlLsaSD39TquGE5mNUWvrKenaLN5n6ehFkMBkI8oxRDhaQExflq4R6WHEch5GbhgJ9MKntXddMcq8JJswDDIxoEkCvyWf18mQQ8YHG-dgQ49SADPZ1HXBfSYdvtvF09Y_QaGtrX4DFZof34kaxrhUntvG8LInJWsnKEoL-i3ssUITYoVqnl8tHKwi3W1soVjAFwKN9h-_ch5YB4Ie9J2HBLK1gV69LKUVNu6nB4LF0vRoxNjFpeYEHmQ","e":"AQAB"},"attributes":{"enabled":true,"created":1692798072,"updated":1692798072,"recoveryLevel":"CustomizedRecoverable","recoverableDays":7,"exportable":false}}'
    headers:
      cache-control:
      - no-cache
      content-length:
      - '697'
      content-type:
      - application/json; charset=utf-8
      date:
      - Wed, 23 Aug 2023 13:41:12 GMT
      expires:
      - '-1'
      pragma:
      - no-cache
      strict-transport-security:
      - max-age=31536000;includeSubDomains
      x-content-type-options:
      - nosniff
      x-ms-keyvault-network-info:
      - conn_type=Ipv4;addr=167.220.255.58;act_addr_fam=InterNetwork;
      x-ms-keyvault-region:
      - eastus
      x-ms-keyvault-service-version:
      - 1.9.950.1
    status:
      code: 200
      message: OK
- request:
    body: null
    headers:
      Accept:
      - application/json
      Accept-Encoding:
      - gzip, deflate
      CommandName:
      - disk-encryption-set create
      Connection:
      - keep-alive
      ParameterSetName:
      - -g -n --key-url --source-vault
      User-Agent:
      - AZURECLI/2.51.0 azsdk-python-azure-mgmt-resource/23.1.0b2 Python/3.10.12 (Linux-5.10.102.1-microsoft-standard-WSL2-x86_64-with-glibc2.35)
    method: GET
    uri: https://management.azure.com/subscriptions/00000000-0000-0000-0000-000000000000/resourcegroups/cli_test_disk_encryption_set_disk_update_000001?api-version=2022-09-01
  response:
    body:
      string: '{"id":"/subscriptions/00000000-0000-0000-0000-000000000000/resourceGroups/cli_test_disk_encryption_set_disk_update_000001","name":"cli_test_disk_encryption_set_disk_update_000001","type":"Microsoft.Resources/resourceGroups","location":"eastus","tags":{"product":"azurecli","cause":"automation","test":"test_disk_encryption_set_disk_update","date":"2023-08-23T13:40:26Z","module":"vm"},"properties":{"provisioningState":"Succeeded"}}'
    headers:
      cache-control:
      - no-cache
      content-length:
      - '432'
      content-type:
      - application/json; charset=utf-8
      date:
      - Wed, 23 Aug 2023 13:41:13 GMT
      expires:
      - '-1'
      pragma:
      - no-cache
      strict-transport-security:
      - max-age=31536000; includeSubDomains
      vary:
      - Accept-Encoding
      x-content-type-options:
      - nosniff
    status:
      code: 200
      message: OK
- request:
    body: '{"location": "eastus", "identity": {"type": "SystemAssigned"}, "properties":
      {"activeKey": {"sourceVault": {"id": "/subscriptions/00000000-0000-0000-0000-000000000000/resourceGroups/cli_test_disk_encryption_set_disk_update_000001/providers/Microsoft.KeyVault/vaults/vault3-000002"},
      "keyUrl": "https://vault3-000002.vault.azure.net/keys/key-000003/8885ace068f74ca1bc1308b8c2840df6"}}}'
    headers:
      Accept:
      - application/json
      Accept-Encoding:
      - gzip, deflate
      CommandName:
      - disk-encryption-set create
      Connection:
      - keep-alive
      Content-Length:
      - '384'
      Content-Type:
      - application/json
      ParameterSetName:
      - -g -n --key-url --source-vault
      User-Agent:
      - AZURECLI/2.51.0 azsdk-python-azure-mgmt-compute/30.0.0 Python/3.10.12 (Linux-5.10.102.1-microsoft-standard-WSL2-x86_64-with-glibc2.35)
    method: PUT
    uri: https://management.azure.com/subscriptions/00000000-0000-0000-0000-000000000000/resourceGroups/cli_test_disk_encryption_set_disk_update_000001/providers/Microsoft.Compute/diskEncryptionSets/des1-000004?api-version=2022-03-02
  response:
    body:
      string: "{\r\n  \"location\": \"eastus\",\r\n  \"identity\": {\r\n    \"type\":
        \"SystemAssigned\"\r\n  },\r\n  \"properties\": {\r\n    \"activeKey\": {\r\n
        \     \"sourceVault\": {\r\n        \"id\": \"/subscriptions/00000000-0000-0000-0000-000000000000/resourceGroups/cli_test_disk_encryption_set_disk_update_000001/providers/Microsoft.KeyVault/vaults/vault3-000002\"\r\n
        \     },\r\n      \"keyUrl\": \"https://vault3-000002.vault.azure.net/keys/key-000003/8885ace068f74ca1bc1308b8c2840df6\"\r\n
        \   },\r\n    \"provisioningState\": \"Updating\"\r\n  }\r\n}"
    headers:
      azure-asyncoperation:
      - https://management.azure.com/subscriptions/00000000-0000-0000-0000-000000000000/providers/Microsoft.Compute/locations/eastus/DiskOperations/6ddac181-7a37-432b-9660-31b2b4bbcf61?p=36ee1309-094c-4cec-b989-37cf5e794c1b&api-version=2022-03-02
      cache-control:
      - no-cache
      content-length:
      - '493'
      content-type:
      - application/json; charset=utf-8
      date:
      - Wed, 23 Aug 2023 13:41:18 GMT
      expires:
      - '-1'
      location:
      - https://management.azure.com/subscriptions/00000000-0000-0000-0000-000000000000/providers/Microsoft.Compute/locations/eastus/DiskOperations/6ddac181-7a37-432b-9660-31b2b4bbcf61?p=36ee1309-094c-4cec-b989-37cf5e794c1b&monitor=true&api-version=2022-03-02
      pragma:
      - no-cache
      server:
      - Microsoft-HTTPAPI/2.0
      - Microsoft-HTTPAPI/2.0
      strict-transport-security:
      - max-age=31536000; includeSubDomains
      x-content-type-options:
      - nosniff
      x-ms-ratelimit-remaining-resource:
      - Microsoft.Compute/CreateUpdateHighCostDiskEncryptionSet3Min;99,Microsoft.Compute/CreateUpdateHighCostDiskEncryptionSet30Min;299
      x-ms-ratelimit-remaining-subscription-writes:
      - '1198'
    status:
      code: 202
      message: Accepted
- request:
    body: null
    headers:
      Accept:
      - '*/*'
      Accept-Encoding:
      - gzip, deflate
      CommandName:
      - disk-encryption-set create
      Connection:
      - keep-alive
      ParameterSetName:
      - -g -n --key-url --source-vault
      User-Agent:
      - AZURECLI/2.51.0 azsdk-python-azure-mgmt-compute/30.0.0 Python/3.10.12 (Linux-5.10.102.1-microsoft-standard-WSL2-x86_64-with-glibc2.35)
    method: GET
    uri: https://management.azure.com/subscriptions/00000000-0000-0000-0000-000000000000/providers/Microsoft.Compute/locations/eastus/DiskOperations/6ddac181-7a37-432b-9660-31b2b4bbcf61?p=36ee1309-094c-4cec-b989-37cf5e794c1b&api-version=2022-03-02
  response:
    body:
      string: "{\r\n  \"startTime\": \"2023-08-23T13:41:19.2557956+00:00\",\r\n  \"endTime\":
        \"2023-08-23T13:41:19.3182939+00:00\",\r\n  \"status\": \"Succeeded\",\r\n
        \ \"properties\": {\r\n    \"output\": {\r\n  \"name\": \"des1-000004\",\r\n
        \ \"id\": \"/subscriptions/00000000-0000-0000-0000-000000000000/resourceGroups/cli_test_disk_encryption_set_disk_update_000001/providers/Microsoft.Compute/diskEncryptionSets/des1-000004\",\r\n
        \ \"type\": \"Microsoft.Compute/diskEncryptionSets\",\r\n  \"location\": \"eastus\",\r\n
        \ \"identity\": {\r\n    \"type\": \"SystemAssigned\",\r\n    \"principalId\":
        \"31d47c91-efb8-439d-b167-e7a778ba6608\",\r\n    \"tenantId\": \"54826b22-38d6-4fb2-bad9-b7b93a3e9c5a\"\r\n
        \ },\r\n  \"properties\": {\r\n    \"activeKey\": {\r\n      \"sourceVault\":
        {\r\n        \"id\": \"/subscriptions/00000000-0000-0000-0000-000000000000/resourceGroups/cli_test_disk_encryption_set_disk_update_000001/providers/Microsoft.KeyVault/vaults/vault3-000002\"\r\n
        \     },\r\n      \"keyUrl\": \"https://vault3-000002.vault.azure.net/keys/key-000003/8885ace068f74ca1bc1308b8c2840df6\"\r\n
        \   },\r\n    \"encryptionType\": \"EncryptionAtRestWithCustomerKey\",\r\n
        \   \"provisioningState\": \"Succeeded\"\r\n  }\r\n}\r\n  },\r\n  \"name\":
        \"6ddac181-7a37-432b-9660-31b2b4bbcf61\"\r\n}"
    headers:
      cache-control:
      - no-cache
      content-length:
      - '1157'
      content-type:
      - application/json; charset=utf-8
      date:
      - Wed, 23 Aug 2023 13:41:19 GMT
      expires:
      - '-1'
      pragma:
      - no-cache
      server:
      - Microsoft-HTTPAPI/2.0
      - Microsoft-HTTPAPI/2.0
      strict-transport-security:
      - max-age=31536000; includeSubDomains
      transfer-encoding:
      - chunked
      vary:
      - Accept-Encoding
      x-content-type-options:
      - nosniff
      x-ms-ratelimit-remaining-resource:
      - Microsoft.Compute/GetOperation3Min;49999,Microsoft.Compute/GetOperation30Min;399999
    status:
      code: 200
      message: OK
- request:
    body: null
    headers:
      Accept:
      - '*/*'
      Accept-Encoding:
      - gzip, deflate
      CommandName:
      - disk-encryption-set create
      Connection:
      - keep-alive
      ParameterSetName:
      - -g -n --key-url --source-vault
      User-Agent:
      - AZURECLI/2.51.0 azsdk-python-azure-mgmt-compute/30.0.0 Python/3.10.12 (Linux-5.10.102.1-microsoft-standard-WSL2-x86_64-with-glibc2.35)
    method: GET
    uri: https://management.azure.com/subscriptions/00000000-0000-0000-0000-000000000000/resourceGroups/cli_test_disk_encryption_set_disk_update_000001/providers/Microsoft.Compute/diskEncryptionSets/des1-000004?api-version=2022-03-02
  response:
    body:
      string: "{\r\n  \"name\": \"des1-000004\",\r\n  \"id\": \"/subscriptions/00000000-0000-0000-0000-000000000000/resourceGroups/cli_test_disk_encryption_set_disk_update_000001/providers/Microsoft.Compute/diskEncryptionSets/des1-000004\",\r\n
        \ \"type\": \"Microsoft.Compute/diskEncryptionSets\",\r\n  \"location\": \"eastus\",\r\n
        \ \"identity\": {\r\n    \"type\": \"SystemAssigned\",\r\n    \"principalId\":
        \"31d47c91-efb8-439d-b167-e7a778ba6608\",\r\n    \"tenantId\": \"54826b22-38d6-4fb2-bad9-b7b93a3e9c5a\"\r\n
        \ },\r\n  \"properties\": {\r\n    \"activeKey\": {\r\n      \"sourceVault\":
        {\r\n        \"id\": \"/subscriptions/00000000-0000-0000-0000-000000000000/resourceGroups/cli_test_disk_encryption_set_disk_update_000001/providers/Microsoft.KeyVault/vaults/vault3-000002\"\r\n
        \     },\r\n      \"keyUrl\": \"https://vault3-000002.vault.azure.net/keys/key-000003/8885ace068f74ca1bc1308b8c2840df6\"\r\n
        \   },\r\n    \"encryptionType\": \"EncryptionAtRestWithCustomerKey\",\r\n
        \   \"provisioningState\": \"Succeeded\"\r\n  }\r\n}"
    headers:
      cache-control:
      - no-cache
      content-length:
      - '932'
      content-type:
      - application/json; charset=utf-8
      date:
      - Wed, 23 Aug 2023 13:41:19 GMT
      expires:
      - '-1'
      pragma:
      - no-cache
      server:
      - Microsoft-HTTPAPI/2.0
      - Microsoft-HTTPAPI/2.0
      strict-transport-security:
      - max-age=31536000; includeSubDomains
      transfer-encoding:
      - chunked
      vary:
      - Accept-Encoding
      x-content-type-options:
      - nosniff
      x-ms-ratelimit-remaining-resource:
      - Microsoft.Compute/LowCostGet3Min;14999,Microsoft.Compute/LowCostGet30Min;119999
    status:
      code: 200
      message: OK
- request:
    body: null
    headers:
      Accept:
      - application/json
      Accept-Encoding:
      - gzip, deflate
      CommandName:
      - disk-encryption-set show
      Connection:
      - keep-alive
      ParameterSetName:
      - -g -n
      User-Agent:
      - AZURECLI/2.51.0 (AAZ) azsdk-python-core/1.26.0 Python/3.10.12 (Linux-5.10.102.1-microsoft-standard-WSL2-x86_64-with-glibc2.35)
    method: GET
    uri: https://management.azure.com/subscriptions/00000000-0000-0000-0000-000000000000/resourceGroups/cli_test_disk_encryption_set_disk_update_000001/providers/Microsoft.Compute/diskEncryptionSets/des1-000004?api-version=2022-03-02
  response:
    body:
      string: "{\r\n  \"name\": \"des1-000004\",\r\n  \"id\": \"/subscriptions/00000000-0000-0000-0000-000000000000/resourceGroups/cli_test_disk_encryption_set_disk_update_000001/providers/Microsoft.Compute/diskEncryptionSets/des1-000004\",\r\n
        \ \"type\": \"Microsoft.Compute/diskEncryptionSets\",\r\n  \"location\": \"eastus\",\r\n
        \ \"identity\": {\r\n    \"type\": \"SystemAssigned\",\r\n    \"principalId\":
        \"31d47c91-efb8-439d-b167-e7a778ba6608\",\r\n    \"tenantId\": \"54826b22-38d6-4fb2-bad9-b7b93a3e9c5a\"\r\n
        \ },\r\n  \"properties\": {\r\n    \"activeKey\": {\r\n      \"sourceVault\":
        {\r\n        \"id\": \"/subscriptions/00000000-0000-0000-0000-000000000000/resourceGroups/cli_test_disk_encryption_set_disk_update_000001/providers/Microsoft.KeyVault/vaults/vault3-000002\"\r\n
        \     },\r\n      \"keyUrl\": \"https://vault3-000002.vault.azure.net/keys/key-000003/8885ace068f74ca1bc1308b8c2840df6\"\r\n
        \   },\r\n    \"encryptionType\": \"EncryptionAtRestWithCustomerKey\",\r\n
        \   \"provisioningState\": \"Succeeded\"\r\n  }\r\n}"
    headers:
      cache-control:
      - no-cache
      content-length:
      - '932'
      content-type:
      - application/json; charset=utf-8
      date:
      - Wed, 23 Aug 2023 13:41:21 GMT
      expires:
      - '-1'
      pragma:
      - no-cache
      server:
      - Microsoft-HTTPAPI/2.0
      - Microsoft-HTTPAPI/2.0
      strict-transport-security:
      - max-age=31536000; includeSubDomains
      transfer-encoding:
      - chunked
      vary:
      - Accept-Encoding
      x-content-type-options:
      - nosniff
      x-ms-ratelimit-remaining-resource:
      - Microsoft.Compute/LowCostGet3Min;14998,Microsoft.Compute/LowCostGet30Min;119998
    status:
      code: 200
      message: OK
- request:
    body: null
    headers:
      Accept:
      - application/json
      Accept-Encoding:
      - gzip, deflate
      CommandName:
      - keyvault set-policy
      Connection:
      - keep-alive
      ParameterSetName:
      - -n --object-id --key-permissions
      User-Agent:
      - AZURECLI/2.51.0 azsdk-python-azure-mgmt-keyvault/10.2.3 Python/3.10.12 (Linux-5.10.102.1-microsoft-standard-WSL2-x86_64-with-glibc2.35)
    method: GET
    uri: https://management.azure.com/subscriptions/00000000-0000-0000-0000-000000000000/resources?$filter=resourceType%20eq%20%27Microsoft.KeyVault%2Fvaults%27%20and%20name%20eq%20%27vault3-000002%27&api-version=2015-11-01
  response:
    body:
      string: '{"value":[{"id":"/subscriptions/00000000-0000-0000-0000-000000000000/resourceGroups/cli_test_disk_encryption_set_disk_update_000001/providers/Microsoft.KeyVault/vaults/vault3-000002","name":"vault3-000002","type":"Microsoft.KeyVault/vaults","location":"eastus","tags":{}}]}'
    headers:
      cache-control:
      - no-cache
      content-length:
      - '273'
      content-type:
      - application/json; charset=utf-8
      date:
      - Wed, 23 Aug 2023 13:41:21 GMT
      expires:
      - '-1'
      pragma:
      - no-cache
      strict-transport-security:
      - max-age=31536000; includeSubDomains
      vary:
      - Accept-Encoding
      x-content-type-options:
      - nosniff
    status:
      code: 200
      message: OK
- request:
    body: null
    headers:
      Accept:
      - application/json
      Accept-Encoding:
      - gzip, deflate
      CommandName:
      - keyvault set-policy
      Connection:
      - keep-alive
      ParameterSetName:
      - -n --object-id --key-permissions
      User-Agent:
      - AZURECLI/2.51.0 azsdk-python-azure-mgmt-keyvault/10.2.3 Python/3.10.12 (Linux-5.10.102.1-microsoft-standard-WSL2-x86_64-with-glibc2.35)
    method: GET
    uri: https://management.azure.com/subscriptions/00000000-0000-0000-0000-000000000000/resourceGroups/cli_test_disk_encryption_set_disk_update_000001/providers/Microsoft.KeyVault/vaults/vault3-000002?api-version=2023-02-01
  response:
    body:
      string: '{"id":"/subscriptions/00000000-0000-0000-0000-000000000000/resourceGroups/cli_test_disk_encryption_set_disk_update_000001/providers/Microsoft.KeyVault/vaults/vault3-000002","name":"vault3-000002","type":"Microsoft.KeyVault/vaults","location":"eastus","tags":{},"systemData":{"createdBy":"rolelivetest@azuresdkteam.onmicrosoft.com","createdByType":"User","createdAt":"2023-08-23T13:40:34.087Z","lastModifiedBy":"rolelivetest@azuresdkteam.onmicrosoft.com","lastModifiedByType":"User","lastModifiedAt":"2023-08-23T13:40:34.087Z"},"properties":{"sku":{"family":"A","name":"standard"},"tenantId":"54826b22-38d6-4fb2-bad9-b7b93a3e9c5a","accessPolicies":[{"tenantId":"54826b22-38d6-4fb2-bad9-b7b93a3e9c5a","objectId":"6d97229a-391f-473a-893f-f0608b592d7b","permissions":{"keys":["all"],"secrets":["all"],"certificates":["all"],"storage":["all"]}}],"enabledForDeployment":false,"enableSoftDelete":true,"softDeleteRetentionInDays":7,"enablePurgeProtection":true,"vaultUri":"https://vault3-000002.vault.azure.net/","provisioningState":"Succeeded","publicNetworkAccess":"Enabled"}}'
    headers:
      cache-control:
      - no-cache
      content-length:
      - '1070'
      content-type:
      - application/json; charset=utf-8
      date:
      - Wed, 23 Aug 2023 13:41:25 GMT
      expires:
      - '-1'
      pragma:
      - no-cache
      server:
      - Microsoft-IIS/10.0
      strict-transport-security:
      - max-age=31536000; includeSubDomains
      transfer-encoding:
      - chunked
      vary:
      - Accept-Encoding
      x-aspnet-version:
      - 4.0.30319
      x-content-type-options:
      - nosniff
      x-ms-keyvault-service-version:
      - 1.5.885.0
    status:
      code: 200
      message: OK
- request:
    body: '{"location": "eastus", "tags": {}, "properties": {"tenantId": "54826b22-38d6-4fb2-bad9-b7b93a3e9c5a",
      "sku": {"family": "A", "name": "standard"}, "accessPolicies": [{"tenantId":
      "54826b22-38d6-4fb2-bad9-b7b93a3e9c5a", "objectId": "6d97229a-391f-473a-893f-f0608b592d7b",
      "permissions": {"keys": ["all"], "secrets": ["all"], "certificates": ["all"],
      "storage": ["all"]}}, {"tenantId": "54826b22-38d6-4fb2-bad9-b7b93a3e9c5a", "objectId":
      "31d47c91-efb8-439d-b167-e7a778ba6608", "permissions": {"keys": ["unwrapKey",
      "wrapKey", "get"]}}], "vaultUri": "https://vault3-000002.vault.azure.net/",
      "enabledForDeployment": false, "enableSoftDelete": true, "softDeleteRetentionInDays":
      7, "enablePurgeProtection": true, "provisioningState": "Succeeded", "publicNetworkAccess":
      "Enabled"}}'
    headers:
      Accept:
      - application/json
      Accept-Encoding:
      - gzip, deflate
      CommandName:
      - keyvault set-policy
      Connection:
      - keep-alive
      Content-Length:
      - '777'
      Content-Type:
      - application/json
      ParameterSetName:
      - -n --object-id --key-permissions
      User-Agent:
      - AZURECLI/2.51.0 azsdk-python-azure-mgmt-keyvault/10.2.3 Python/3.10.12 (Linux-5.10.102.1-microsoft-standard-WSL2-x86_64-with-glibc2.35)
    method: PUT
    uri: https://management.azure.com/subscriptions/00000000-0000-0000-0000-000000000000/resourceGroups/cli_test_disk_encryption_set_disk_update_000001/providers/Microsoft.KeyVault/vaults/vault3-000002?api-version=2023-02-01
  response:
    body:
      string: '{"id":"/subscriptions/00000000-0000-0000-0000-000000000000/resourceGroups/cli_test_disk_encryption_set_disk_update_000001/providers/Microsoft.KeyVault/vaults/vault3-000002","name":"vault3-000002","type":"Microsoft.KeyVault/vaults","location":"eastus","tags":{},"systemData":{"createdBy":"rolelivetest@azuresdkteam.onmicrosoft.com","createdByType":"User","createdAt":"2023-08-23T13:40:34.087Z","lastModifiedBy":"rolelivetest@azuresdkteam.onmicrosoft.com","lastModifiedByType":"User","lastModifiedAt":"2023-08-23T13:41:26.797Z"},"properties":{"sku":{"family":"A","name":"standard"},"tenantId":"54826b22-38d6-4fb2-bad9-b7b93a3e9c5a","accessPolicies":[{"tenantId":"54826b22-38d6-4fb2-bad9-b7b93a3e9c5a","objectId":"6d97229a-391f-473a-893f-f0608b592d7b","permissions":{"keys":["all"],"secrets":["all"],"certificates":["all"],"storage":["all"]}},{"tenantId":"54826b22-38d6-4fb2-bad9-b7b93a3e9c5a","objectId":"31d47c91-efb8-439d-b167-e7a778ba6608","permissions":{"keys":["unwrapKey","wrapKey","get"]}}],"enabledForDeployment":false,"enableSoftDelete":true,"softDeleteRetentionInDays":7,"enablePurgeProtection":true,"vaultUri":"https://vault3-000002.vault.azure.net/","provisioningState":"Succeeded","publicNetworkAccess":"Enabled"}}'
    headers:
      cache-control:
      - no-cache
      content-length:
      - '1225'
      content-type:
      - application/json; charset=utf-8
      date:
      - Wed, 23 Aug 2023 13:41:26 GMT
      expires:
      - '-1'
      pragma:
      - no-cache
      server:
      - Microsoft-IIS/10.0
      strict-transport-security:
      - max-age=31536000; includeSubDomains
      transfer-encoding:
      - chunked
      vary:
      - Accept-Encoding
      x-aspnet-version:
      - 4.0.30319
      x-content-type-options:
      - nosniff
      x-ms-keyvault-service-version:
      - 1.5.885.0
      x-ms-ratelimit-remaining-subscription-writes:
      - '1199'
    status:
      code: 200
      message: OK
- request:
    body: null
    headers:
      Accept:
      - '*/*'
      Accept-Encoding:
      - gzip, deflate
      CommandName:
      - role assignment create
      Connection:
      - keep-alive
      ParameterSetName:
      - --assignee --role --scope
      User-Agent:
      - python/3.10.12 (Linux-5.10.102.1-microsoft-standard-WSL2-x86_64-with-glibc2.35)
        AZURECLI/2.51.0
    method: GET
    uri: https://graph.microsoft.com/v1.0/servicePrincipals?$filter=servicePrincipalNames%2Fany%28c%3Ac%20eq%20%2731d47c91-efb8-439d-b167-e7a778ba6608%27%29
  response:
    body:
      string: '{"@odata.context":"https://graph.microsoft.com/v1.0/$metadata#servicePrincipals","value":[]}'
    headers:
      cache-control:
      - no-cache
      content-length:
      - '92'
      content-type:
      - application/json;odata.metadata=minimal;odata.streaming=true;IEEE754Compatible=false;charset=utf-8
      date:
      - Wed, 23 Aug 2023 13:41:41 GMT
      odata-version:
      - '4.0'
      request-id:
      - 26a47432-d1d7-45e5-a211-7ff5de46d4d2
      strict-transport-security:
      - max-age=31536000
      transfer-encoding:
      - chunked
      vary:
      - Accept-Encoding
      x-ms-ags-diagnostic:
      - '{"ServerInfo":{"DataCenter":"Southeast Asia","Slice":"E","Ring":"5","ScaleUnit":"002","RoleInstance":"SG1PEPF00003E62"}}'
      x-ms-resource-unit:
      - '1'
    status:
      code: 200
      message: OK
- request:
    body: '{"ids": ["31d47c91-efb8-439d-b167-e7a778ba6608"], "types": ["user", "group",
      "servicePrincipal", "directoryObjectPartnerReference"]}'
    headers:
      Accept:
      - '*/*'
      Accept-Encoding:
      - gzip, deflate
      CommandName:
      - role assignment create
      Connection:
      - keep-alive
      Content-Length:
      - '132'
      Content-Type:
      - application/json
      ParameterSetName:
      - --assignee --role --scope
      User-Agent:
      - python/3.10.12 (Linux-5.10.102.1-microsoft-standard-WSL2-x86_64-with-glibc2.35)
        AZURECLI/2.51.0
    method: POST
    uri: https://graph.microsoft.com/v1.0/directoryObjects/getByIds
  response:
    body:
      string: '{"@odata.context":"https://graph.microsoft.com/v1.0/$metadata#directoryObjects","value":[{"@odata.type":"#microsoft.graph.servicePrincipal","id":"31d47c91-efb8-439d-b167-e7a778ba6608","deletedDateTime":null,"accountEnabled":true,"alternativeNames":["isExplicit=False","/subscriptions/00000000-0000-0000-0000-000000000000/resourcegroups/cli_test_disk_encryption_set_disk_update_000001/providers/Microsoft.Compute/diskEncryptionSets/des1-000004"],"appDisplayName":null,"appDescription":null,"appId":"bef990b2-bbd6-450d-b96c-cfa23068d931","applicationTemplateId":null,"appOwnerOrganizationId":null,"appRoleAssignmentRequired":false,"createdDateTime":"2023-08-23T13:41:18Z","description":null,"disabledByMicrosoftStatus":null,"displayName":"des1-000004","homepage":null,"loginUrl":null,"logoutUrl":null,"notes":null,"notificationEmailAddresses":[],"preferredSingleSignOnMode":null,"preferredTokenSigningKeyThumbprint":null,"replyUrls":[],"servicePrincipalNames":["bef990b2-bbd6-450d-b96c-cfa23068d931","https://identity.azure.net/kTxfqOJ1zt9bMfbuvlV97iD9ivojCoPKjuDqvoo15ME="],"servicePrincipalType":"ManagedIdentity","signInAudience":null,"tags":[],"tokenEncryptionKeyId":null,"info":null,"samlSingleSignOnSettings":null,"addIns":[],"appRoles":[],"keyCredentials":[{"customKeyIdentifier":"1F25A509EC674BA696875F514D44441B2AFA86C3","displayName":"CN=bef990b2-bbd6-450d-b96c-cfa23068d931,
        DC=54826b22-38d6-4fb2-bad9-b7b93a3e9c5a","endDateTime":"2023-11-21T13:36:00Z","key":null,"keyId":"7347ccd5-4a57-4d97-ae0c-966aaff31607","startDateTime":"2023-08-23T13:36:00Z","type":"AsymmetricX509Cert","usage":"Verify"}],"oauth2PermissionScopes":[],"passwordCredentials":[],"resourceSpecificApplicationPermissions":[],"verifiedPublisher":{"displayName":null,"verifiedPublisherId":null,"addedDateTime":null}}]}'
    headers:
      cache-control:
      - no-cache
      content-length:
      - '1794'
      content-type:
      - application/json;odata.metadata=minimal;odata.streaming=true;IEEE754Compatible=false;charset=utf-8
      date:
      - Wed, 23 Aug 2023 13:41:43 GMT
      location:
      - https://graph.microsoft.com
      odata-version:
      - '4.0'
      request-id:
      - d9fea790-1759-4863-b0fa-b50c5e749a5d
      strict-transport-security:
      - max-age=31536000
      transfer-encoding:
      - chunked
      vary:
      - Accept-Encoding
      x-ms-ags-diagnostic:
      - '{"ServerInfo":{"DataCenter":"Southeast Asia","Slice":"E","Ring":"5","ScaleUnit":"002","RoleInstance":"SG1PEPF00003E69"}}'
      x-ms-resource-unit:
      - '3'
    status:
      code: 200
      message: OK
- request:
    body: null
    headers:
      Accept:
      - application/json
      Accept-Encoding:
      - gzip, deflate
      CommandName:
      - role assignment create
      Connection:
      - keep-alive
      ParameterSetName:
      - --assignee --role --scope
      User-Agent:
      - AZURECLI/2.51.0 azsdk-python-azure-mgmt-authorization/4.0.0 Python/3.10.12
        (Linux-5.10.102.1-microsoft-standard-WSL2-x86_64-with-glibc2.35)
    method: GET
    uri: https://management.azure.com/subscriptions/00000000-0000-0000-0000-000000000000/resourceGroups/cli_test_disk_encryption_set_disk_update_000001/providers/Microsoft.KeyVault/vaults/vault3-000002/providers/Microsoft.Authorization/roleDefinitions?$filter=roleName%20eq%20%27Reader%27&api-version=2022-05-01-preview
  response:
    body:
      string: '{"value":[{"properties":{"roleName":"Reader","type":"BuiltInRole","description":"View
        all resources, but does not allow you to make any changes.","assignableScopes":["/"],"permissions":[{"actions":["*/read"],"notActions":[],"dataActions":[],"notDataActions":[]}],"createdOn":"2015-02-02T21:55:09.8806423Z","updatedOn":"2021-11-11T20:13:47.8628684Z","createdBy":null,"updatedBy":null},"id":"/subscriptions/00000000-0000-0000-0000-000000000000/providers/Microsoft.Authorization/roleDefinitions/acdd72a7-3385-48ef-bd42-f606fba81ae7","type":"Microsoft.Authorization/roleDefinitions","name":"acdd72a7-3385-48ef-bd42-f606fba81ae7"}]}'
    headers:
      cache-control:
      - no-cache
      content-length:
      - '627'
      content-type:
      - application/json; charset=utf-8
      date:
      - Wed, 23 Aug 2023 13:41:43 GMT
      expires:
      - '-1'
      pragma:
      - no-cache
      set-cookie:
      - x-ms-gateway-slice=Production; path=/; secure; samesite=none; httponly
      strict-transport-security:
      - max-age=31536000; includeSubDomains
      transfer-encoding:
      - chunked
      vary:
      - Accept-Encoding
      x-content-type-options:
      - nosniff
    status:
      code: 200
      message: OK
- request:
    body: '{"properties": {"roleDefinitionId": "/subscriptions/00000000-0000-0000-0000-000000000000/providers/Microsoft.Authorization/roleDefinitions/acdd72a7-3385-48ef-bd42-f606fba81ae7",
      "principalId": "31d47c91-efb8-439d-b167-e7a778ba6608", "principalType": "ServicePrincipal"}}'
    headers:
      Accept:
      - application/json
      Accept-Encoding:
      - gzip, deflate
      CommandName:
      - role assignment create
      Connection:
      - keep-alive
      Content-Length:
      - '270'
      Content-Type:
      - application/json
      Cookie:
      - x-ms-gateway-slice=Production
      ParameterSetName:
      - --assignee --role --scope
      User-Agent:
      - AZURECLI/2.51.0 azsdk-python-azure-mgmt-authorization/4.0.0 Python/3.10.12
        (Linux-5.10.102.1-microsoft-standard-WSL2-x86_64-with-glibc2.35)
    method: PUT
    uri: https://management.azure.com/subscriptions/00000000-0000-0000-0000-000000000000/resourceGroups/cli_test_disk_encryption_set_disk_update_000001/providers/Microsoft.KeyVault/vaults/vault3-000002/providers/Microsoft.Authorization/roleAssignments/88888888-0000-0000-0000-000000000001?api-version=2022-04-01
  response:
    body:
      string: '{"properties":{"roleDefinitionId":"/subscriptions/00000000-0000-0000-0000-000000000000/providers/Microsoft.Authorization/roleDefinitions/acdd72a7-3385-48ef-bd42-f606fba81ae7","principalId":"31d47c91-efb8-439d-b167-e7a778ba6608","principalType":"ServicePrincipal","scope":"/subscriptions/00000000-0000-0000-0000-000000000000/resourceGroups/cli_test_disk_encryption_set_disk_update_000001/providers/Microsoft.KeyVault/vaults/vault3-000002","condition":null,"conditionVersion":null,"createdOn":"2023-08-23T13:41:44.3773249Z","updatedOn":"2023-08-23T13:41:45.6903419Z","createdBy":null,"updatedBy":"6d97229a-391f-473a-893f-f0608b592d7b","delegatedManagedIdentityResourceId":null,"description":null},"id":"/subscriptions/00000000-0000-0000-0000-000000000000/resourceGroups/cli_test_disk_encryption_set_disk_update_000001/providers/Microsoft.KeyVault/vaults/vault3-000002/providers/Microsoft.Authorization/roleAssignments/88888888-0000-0000-0000-000000000001","type":"Microsoft.Authorization/roleAssignments","name":"88888888-0000-0000-0000-000000000001"}'
    headers:
      cache-control:
      - no-cache
      content-length:
      - '1049'
      content-type:
      - application/json; charset=utf-8
      date:
      - Wed, 23 Aug 2023 13:41:47 GMT
      expires:
      - '-1'
      pragma:
      - no-cache
      strict-transport-security:
      - max-age=31536000; includeSubDomains
      x-content-type-options:
      - nosniff
      x-ms-ratelimit-remaining-subscription-writes:
      - '1198'
    status:
      code: 201
      message: Created
- request:
    body: null
    headers:
      Accept:
      - application/json
      Accept-Encoding:
      - gzip, deflate
      CommandName:
      - disk create
      Connection:
      - keep-alive
      ParameterSetName:
      - -g -n --image-reference
      User-Agent:
      - AZURECLI/2.51.0 azsdk-python-azure-mgmt-resource/23.1.0b2 Python/3.10.12 (Linux-5.10.102.1-microsoft-standard-WSL2-x86_64-with-glibc2.35)
    method: GET
    uri: https://management.azure.com/subscriptions/00000000-0000-0000-0000-000000000000/resourcegroups/cli_test_disk_encryption_set_disk_update_000001?api-version=2022-09-01
  response:
    body:
      string: '{"id":"/subscriptions/00000000-0000-0000-0000-000000000000/resourceGroups/cli_test_disk_encryption_set_disk_update_000001","name":"cli_test_disk_encryption_set_disk_update_000001","type":"Microsoft.Resources/resourceGroups","location":"eastus","tags":{"product":"azurecli","cause":"automation","test":"test_disk_encryption_set_disk_update","date":"2023-08-23T13:40:26Z","module":"vm"},"properties":{"provisioningState":"Succeeded"}}'
    headers:
      cache-control:
      - no-cache
      content-length:
      - '432'
      content-type:
      - application/json; charset=utf-8
      date:
      - Wed, 23 Aug 2023 13:42:02 GMT
      expires:
      - '-1'
      pragma:
      - no-cache
      strict-transport-security:
      - max-age=31536000; includeSubDomains
      vary:
      - Accept-Encoding
      x-content-type-options:
      - nosniff
    status:
      code: 200
      message: OK
- request:
    body: null
    headers:
      Accept:
      - application/json
      Accept-Encoding:
      - gzip, deflate
      CommandName:
      - disk create
      Connection:
      - keep-alive
      ParameterSetName:
      - -g -n --image-reference
      User-Agent:
      - AZURECLI/2.51.0 azsdk-python-azure-mgmt-compute/30.0.0 Python/3.10.12 (Linux-5.10.102.1-microsoft-standard-WSL2-x86_64-with-glibc2.35)
    method: GET
    uri: https://management.azure.com/subscriptions/00000000-0000-0000-0000-000000000000/providers/Microsoft.Compute/locations/eastus/publishers/Debian/artifacttypes/vmimage/offers/debian-11/skus/11-backports-gen2/versions?$top=1&$orderby=name%20desc&api-version=2022-11-01
  response:
    body:
      string: "[\r\n  {\r\n    \"location\": \"eastus\",\r\n    \"name\": \"0.20230802.1460\",\r\n
        \   \"id\": \"/Subscriptions/00000000-0000-0000-0000-000000000000/Providers/Microsoft.Compute/Locations/eastus/Publishers/Debian/ArtifactTypes/VMImage/Offers/debian-11/Skus/11-backports-gen2/Versions/0.20230802.1460\"\r\n
        \ }\r\n]"
    headers:
      cache-control:
      - no-cache
      content-length:
      - '288'
      content-type:
      - application/json; charset=utf-8
      date:
      - Wed, 23 Aug 2023 13:42:04 GMT
      expires:
      - '-1'
      pragma:
      - no-cache
      server:
      - Microsoft-HTTPAPI/2.0
      - Microsoft-HTTPAPI/2.0
      strict-transport-security:
      - max-age=31536000; includeSubDomains
      transfer-encoding:
      - chunked
      vary:
      - Accept-Encoding
      x-content-type-options:
      - nosniff
      x-ms-ratelimit-remaining-resource:
      - Microsoft.Compute/ListVMImagesVersionsFromLocation3Min;15999,Microsoft.Compute/ListVMImagesVersionsFromLocation30Min;43999
    status:
      code: 200
      message: OK
- request:
    body: null
    headers:
      Accept:
      - application/json
      Accept-Encoding:
      - gzip, deflate
      CommandName:
      - disk create
      Connection:
      - keep-alive
      ParameterSetName:
      - -g -n --image-reference
      User-Agent:
      - AZURECLI/2.51.0 azsdk-python-azure-mgmt-compute/30.0.0 Python/3.10.12 (Linux-5.10.102.1-microsoft-standard-WSL2-x86_64-with-glibc2.35)
    method: GET
    uri: https://management.azure.com/subscriptions/00000000-0000-0000-0000-000000000000/providers/Microsoft.Compute/locations/eastus/publishers/Debian/artifacttypes/vmimage/offers/debian-11/skus/11-backports-gen2/versions/0.20230802.1460?api-version=2022-11-01
  response:
    body:
      string: "{\r\n  \"properties\": {\r\n    \"hyperVGeneration\": \"V2\",\r\n    \"architecture\":
        \"x64\",\r\n    \"replicaType\": \"Managed\",\r\n    \"replicaCount\": 10,\r\n
        \   \"disallowed\": {\r\n      \"vmDiskType\": \"Unmanaged\"\r\n    },\r\n
        \   \"automaticOSUpgradeProperties\": {\r\n      \"automaticOSUpgradeSupported\":
        false\r\n    },\r\n    \"imageDeprecationStatus\": {\r\n      \"imageState\":
        \"Active\"\r\n    },\r\n    \"features\": [\r\n      {\r\n        \"name\":
        \"SecurityType\",\r\n        \"value\": \"TrustedLaunchSupported\"\r\n      },\r\n
        \     {\r\n        \"name\": \"IsAcceleratedNetworkSupported\",\r\n        \"value\":
        \"True\"\r\n      },\r\n      {\r\n        \"name\": \"DiskControllerTypes\",\r\n
        \       \"value\": \"SCSI, NVMe\"\r\n      },\r\n      {\r\n        \"name\":
        \"IsHibernateSupported\",\r\n        \"value\": \"True\"\r\n      }\r\n    ],\r\n
        \   \"osDiskImage\": {\r\n      \"operatingSystem\": \"Linux\",\r\n      \"sizeInGb\":
        30\r\n    },\r\n    \"dataDiskImages\": []\r\n  },\r\n  \"location\": \"eastus\",\r\n
        \ \"name\": \"0.20230802.1460\",\r\n  \"id\": \"/Subscriptions/00000000-0000-0000-0000-000000000000/Providers/Microsoft.Compute/Locations/eastus/Publishers/Debian/ArtifactTypes/VMImage/Offers/debian-11/Skus/11-backports-gen2/Versions/0.20230802.1460\"\r\n}"
    headers:
      cache-control:
      - no-cache
      content-length:
      - '1139'
      content-type:
      - application/json; charset=utf-8
      date:
      - Wed, 23 Aug 2023 13:42:05 GMT
      expires:
      - '-1'
      pragma:
      - no-cache
      server:
      - Microsoft-HTTPAPI/2.0
      - Microsoft-HTTPAPI/2.0
      strict-transport-security:
      - max-age=31536000; includeSubDomains
      transfer-encoding:
      - chunked
      vary:
      - Accept-Encoding
      x-content-type-options:
      - nosniff
      x-ms-ratelimit-remaining-resource:
      - Microsoft.Compute/GetVMImageFromLocation3Min;12999,Microsoft.Compute/GetVMImageFromLocation30Min;73999
    status:
      code: 200
      message: OK
- request:
    body: '{"location": "eastus", "tags": {}, "sku": {"name": "Premium_LRS"}, "properties":
      {"hyperVGeneration": "V1", "creationData": {"createOption": "FromImage", "imageReference":
      {"id": "/Subscriptions/00000000-0000-0000-0000-000000000000/Providers/Microsoft.Compute/Locations/eastus/Publishers/Debian/ArtifactTypes/VMImage/Offers/debian-11/Skus/11-backports-gen2/Versions/0.20230802.1460"}}}}'
    headers:
      Accept:
      - application/json
      Accept-Encoding:
      - gzip, deflate
      CommandName:
      - disk create
      Connection:
      - keep-alive
      Content-Length:
      - '386'
      Content-Type:
      - application/json
      ParameterSetName:
      - -g -n --image-reference
      User-Agent:
      - AZURECLI/2.51.0 azsdk-python-azure-mgmt-compute/30.0.0 Python/3.10.12 (Linux-5.10.102.1-microsoft-standard-WSL2-x86_64-with-glibc2.35)
    method: PUT
    uri: https://management.azure.com/subscriptions/00000000-0000-0000-0000-000000000000/resourceGroups/cli_test_disk_encryption_set_disk_update_000001/providers/Microsoft.Compute/disks/disk-000005?api-version=2022-07-02
  response:
    body:
      string: "{\r\n  \"name\": \"disk-000005\",\r\n  \"id\": \"/subscriptions/00000000-0000-0000-0000-000000000000/resourceGroups/cli_test_disk_encryption_set_disk_update_000001/providers/Microsoft.Compute/disks/disk-000005\",\r\n
        \ \"type\": \"Microsoft.Compute/disks\",\r\n  \"location\": \"eastus\",\r\n
        \ \"tags\": {},\r\n  \"sku\": {\r\n    \"name\": \"Premium_LRS\"\r\n  },\r\n
        \ \"properties\": {\r\n    \"hyperVGeneration\": \"V1\",\r\n    \"creationData\":
        {\r\n      \"createOption\": \"FromImage\",\r\n      \"imageReference\": {\r\n
        \       \"id\": \"/Subscriptions/00000000-0000-0000-0000-000000000000/Providers/Microsoft.Compute/Locations/eastus/Publishers/Debian/ArtifactTypes/VMImage/Offers/debian-11/Skus/11-backports-gen2/Versions/0.20230802.1460\"\r\n
        \     }\r\n    },\r\n    \"provisioningState\": \"Updating\"\r\n  }\r\n}"
    headers:
      azure-asyncoperation:
      - https://management.azure.com/subscriptions/00000000-0000-0000-0000-000000000000/providers/Microsoft.Compute/locations/eastus/DiskOperations/7070d405-bdaf-47e1-a1fd-f4727c9f4f50?p=36ee1309-094c-4cec-b989-37cf5e794c1b&api-version=2022-07-02
      cache-control:
      - no-cache
      content-length:
      - '740'
      content-type:
      - application/json; charset=utf-8
      date:
      - Wed, 23 Aug 2023 13:42:09 GMT
      expires:
      - '-1'
      location:
      - https://management.azure.com/subscriptions/00000000-0000-0000-0000-000000000000/providers/Microsoft.Compute/locations/eastus/DiskOperations/7070d405-bdaf-47e1-a1fd-f4727c9f4f50?p=36ee1309-094c-4cec-b989-37cf5e794c1b&monitor=true&api-version=2022-07-02
      pragma:
      - no-cache
      server:
      - Microsoft-HTTPAPI/2.0
      - Microsoft-HTTPAPI/2.0
      strict-transport-security:
      - max-age=31536000; includeSubDomains
      x-content-type-options:
      - nosniff
      x-ms-ratelimit-remaining-resource:
      - Microsoft.Compute/CreateUpdateDisks3Min;2999,Microsoft.Compute/CreateUpdateDisks30Min;24999
      x-ms-ratelimit-remaining-subscription-writes:
      - '1199'
    status:
      code: 202
      message: Accepted
- request:
    body: null
    headers:
      Accept:
      - '*/*'
      Accept-Encoding:
      - gzip, deflate
      CommandName:
      - disk create
      Connection:
      - keep-alive
      ParameterSetName:
      - -g -n --image-reference
      User-Agent:
      - AZURECLI/2.51.0 azsdk-python-azure-mgmt-compute/30.0.0 Python/3.10.12 (Linux-5.10.102.1-microsoft-standard-WSL2-x86_64-with-glibc2.35)
    method: GET
    uri: https://management.azure.com/subscriptions/00000000-0000-0000-0000-000000000000/providers/Microsoft.Compute/locations/eastus/DiskOperations/7070d405-bdaf-47e1-a1fd-f4727c9f4f50?p=36ee1309-094c-4cec-b989-37cf5e794c1b&api-version=2022-07-02
  response:
    body:
      string: "{\r\n  \"startTime\": \"2023-08-23T13:42:10.5211046+00:00\",\r\n  \"status\":
        \"InProgress\",\r\n  \"name\": \"7070d405-bdaf-47e1-a1fd-f4727c9f4f50\"\r\n}"
    headers:
      cache-control:
      - no-cache
      content-length:
      - '134'
      content-type:
      - application/json; charset=utf-8
      date:
      - Wed, 23 Aug 2023 13:42:10 GMT
      expires:
      - '-1'
      pragma:
      - no-cache
      server:
      - Microsoft-HTTPAPI/2.0
      - Microsoft-HTTPAPI/2.0
      strict-transport-security:
      - max-age=31536000; includeSubDomains
      transfer-encoding:
      - chunked
      vary:
      - Accept-Encoding
      x-content-type-options:
      - nosniff
      x-ms-ratelimit-remaining-resource:
      - Microsoft.Compute/GetOperation3Min;49997,Microsoft.Compute/GetOperation30Min;399997
    status:
      code: 200
      message: OK
- request:
    body: null
    headers:
      Accept:
      - '*/*'
      Accept-Encoding:
      - gzip, deflate
      CommandName:
      - disk create
      Connection:
      - keep-alive
      ParameterSetName:
      - -g -n --image-reference
      User-Agent:
      - AZURECLI/2.51.0 azsdk-python-azure-mgmt-compute/30.0.0 Python/3.10.12 (Linux-5.10.102.1-microsoft-standard-WSL2-x86_64-with-glibc2.35)
    method: GET
    uri: https://management.azure.com/subscriptions/00000000-0000-0000-0000-000000000000/providers/Microsoft.Compute/locations/eastus/DiskOperations/7070d405-bdaf-47e1-a1fd-f4727c9f4f50?p=36ee1309-094c-4cec-b989-37cf5e794c1b&api-version=2022-07-02
  response:
    body:
      string: "{\r\n  \"startTime\": \"2023-08-23T13:42:10.5211046+00:00\",\r\n  \"endTime\":
        \"2023-08-23T13:42:11.1929666+00:00\",\r\n  \"status\": \"Succeeded\",\r\n
        \ \"properties\": {\r\n    \"output\": {\"name\":\"disk-000005\",\"id\":\"/subscriptions/00000000-0000-0000-0000-000000000000/resourceGroups/cli_test_disk_encryption_set_disk_update_000001/providers/Microsoft.Compute/disks/disk-000005\",\"type\":\"Microsoft.Compute/disks\",\"location\":\"eastus\",\"tags\":{},\"sku\":{\"name\":\"Premium_LRS\",\"tier\":\"Premium\"},\"properties\":{\"osType\":\"Linux\",\"hyperVGeneration\":\"V2\",\"supportsHibernation\":true,\"supportedCapabilities\":{\"diskControllerTypes\":\"SCSI,
        NVMe\",\"acceleratedNetwork\":true,\"architecture\":\"x64\"},\"creationData\":{\"createOption\":\"FromImage\",\"imageReference\":{\"id\":\"/Subscriptions/00000000-0000-0000-0000-000000000000/Providers/Microsoft.Compute/Locations/eastus/Publishers/Debian/ArtifactTypes/VMImage/Offers/debian-11/Skus/11-backports-gen2/Versions/0.20230802.1460\"}},\"diskSizeGB\":30,\"diskIOPSReadWrite\":120,\"diskMBpsReadWrite\":25,\"encryption\":{\"type\":\"EncryptionAtRestWithPlatformKey\"},\"networkAccessPolicy\":\"AllowAll\",\"publicNetworkAccess\":\"Enabled\",\"timeCreated\":\"2023-08-23T13:42:10.5211046+00:00\",\"provisioningState\":\"Succeeded\",\"diskState\":\"Unattached\",\"diskSizeBytes\":32212254720,\"uniqueId\":\"68440410-f4f4-4944-a8cf-f2185273dabb\",\"tier\":\"P4\"}}\r\n
        \ },\r\n  \"name\": \"7070d405-bdaf-47e1-a1fd-f4727c9f4f50\"\r\n}"
    headers:
      cache-control:
      - no-cache
      content-length:
      - '1368'
      content-type:
      - application/json; charset=utf-8
      date:
      - Wed, 23 Aug 2023 13:42:21 GMT
      expires:
      - '-1'
      pragma:
      - no-cache
      server:
      - Microsoft-HTTPAPI/2.0
      - Microsoft-HTTPAPI/2.0
      strict-transport-security:
      - max-age=31536000; includeSubDomains
      transfer-encoding:
      - chunked
      vary:
      - Accept-Encoding
      x-content-type-options:
      - nosniff
      x-ms-ratelimit-remaining-resource:
      - Microsoft.Compute/GetOperation3Min;49995,Microsoft.Compute/GetOperation30Min;399995
    status:
      code: 200
      message: OK
- request:
    body: null
    headers:
      Accept:
      - '*/*'
      Accept-Encoding:
      - gzip, deflate
      CommandName:
      - disk create
      Connection:
      - keep-alive
      ParameterSetName:
      - -g -n --image-reference
      User-Agent:
      - AZURECLI/2.51.0 azsdk-python-azure-mgmt-compute/30.0.0 Python/3.10.12 (Linux-5.10.102.1-microsoft-standard-WSL2-x86_64-with-glibc2.35)
    method: GET
    uri: https://management.azure.com/subscriptions/00000000-0000-0000-0000-000000000000/resourceGroups/cli_test_disk_encryption_set_disk_update_000001/providers/Microsoft.Compute/disks/disk-000005?api-version=2022-07-02
  response:
    body:
      string: "{\r\n  \"name\": \"disk-000005\",\r\n  \"id\": \"/subscriptions/00000000-0000-0000-0000-000000000000/resourceGroups/cli_test_disk_encryption_set_disk_update_000001/providers/Microsoft.Compute/disks/disk-000005\",\r\n
        \ \"type\": \"Microsoft.Compute/disks\",\r\n  \"location\": \"eastus\",\r\n
        \ \"tags\": {},\r\n  \"sku\": {\r\n    \"name\": \"Premium_LRS\",\r\n    \"tier\":
        \"Premium\"\r\n  },\r\n  \"properties\": {\r\n    \"osType\": \"Linux\",\r\n
        \   \"hyperVGeneration\": \"V2\",\r\n    \"supportsHibernation\": true,\r\n
        \   \"supportedCapabilities\": {\r\n      \"diskControllerTypes\": \"SCSI,
        NVMe\",\r\n      \"acceleratedNetwork\": true,\r\n      \"architecture\":
        \"x64\"\r\n    },\r\n    \"creationData\": {\r\n      \"createOption\": \"FromImage\",\r\n
        \     \"imageReference\": {\r\n        \"id\": \"/Subscriptions/00000000-0000-0000-0000-000000000000/Providers/Microsoft.Compute/Locations/eastus/Publishers/Debian/ArtifactTypes/VMImage/Offers/debian-11/Skus/11-backports-gen2/Versions/0.20230802.1460\"\r\n
        \     }\r\n    },\r\n    \"diskSizeGB\": 30,\r\n    \"diskIOPSReadWrite\":
        120,\r\n    \"diskMBpsReadWrite\": 25,\r\n    \"encryption\": {\r\n      \"type\":
        \"EncryptionAtRestWithPlatformKey\"\r\n    },\r\n    \"networkAccessPolicy\":
        \"AllowAll\",\r\n    \"publicNetworkAccess\": \"Enabled\",\r\n    \"timeCreated\":
        \"2023-08-23T13:42:10.5211046+00:00\",\r\n    \"provisioningState\": \"Succeeded\",\r\n
        \   \"diskState\": \"Unattached\",\r\n    \"diskSizeBytes\": 32212254720,\r\n
        \   \"uniqueId\": \"68440410-f4f4-4944-a8cf-f2185273dabb\",\r\n    \"tier\":
        \"P4\"\r\n  }\r\n}"
    headers:
      cache-control:
      - no-cache
      content-length:
      - '1412'
      content-type:
      - application/json; charset=utf-8
      date:
      - Wed, 23 Aug 2023 13:42:21 GMT
      expires:
      - '-1'
      pragma:
      - no-cache
      server:
      - Microsoft-HTTPAPI/2.0
      - Microsoft-HTTPAPI/2.0
      strict-transport-security:
      - max-age=31536000; includeSubDomains
      transfer-encoding:
      - chunked
      vary:
      - Accept-Encoding
      x-content-type-options:
      - nosniff
      x-ms-ratelimit-remaining-resource:
      - Microsoft.Compute/LowCostGet3Min;14994,Microsoft.Compute/LowCostGet30Min;119994
    status:
      code: 200
      message: OK
- request:
    body: null
    headers:
      Accept:
      - application/json
      Accept-Encoding:
      - gzip, deflate
      CommandName:
      - disk update
      Connection:
      - keep-alive
      ParameterSetName:
      - -g -n --disk-encryption-set --encryption-type
      User-Agent:
      - AZURECLI/2.51.0 azsdk-python-azure-mgmt-compute/30.0.0 Python/3.10.12 (Linux-5.10.102.1-microsoft-standard-WSL2-x86_64-with-glibc2.35)
    method: GET
    uri: https://management.azure.com/subscriptions/00000000-0000-0000-0000-000000000000/resourceGroups/cli_test_disk_encryption_set_disk_update_000001/providers/Microsoft.Compute/disks/disk-000005?api-version=2022-07-02
  response:
    body:
      string: "{\r\n  \"name\": \"disk-000005\",\r\n  \"id\": \"/subscriptions/00000000-0000-0000-0000-000000000000/resourceGroups/cli_test_disk_encryption_set_disk_update_000001/providers/Microsoft.Compute/disks/disk-000005\",\r\n
        \ \"type\": \"Microsoft.Compute/disks\",\r\n  \"location\": \"eastus\",\r\n
        \ \"tags\": {},\r\n  \"sku\": {\r\n    \"name\": \"Premium_LRS\",\r\n    \"tier\":
        \"Premium\"\r\n  },\r\n  \"properties\": {\r\n    \"osType\": \"Linux\",\r\n
        \   \"hyperVGeneration\": \"V2\",\r\n    \"supportsHibernation\": true,\r\n
        \   \"supportedCapabilities\": {\r\n      \"diskControllerTypes\": \"SCSI,
        NVMe\",\r\n      \"acceleratedNetwork\": true,\r\n      \"architecture\":
        \"x64\"\r\n    },\r\n    \"creationData\": {\r\n      \"createOption\": \"FromImage\",\r\n
        \     \"imageReference\": {\r\n        \"id\": \"/Subscriptions/00000000-0000-0000-0000-000000000000/Providers/Microsoft.Compute/Locations/eastus/Publishers/Debian/ArtifactTypes/VMImage/Offers/debian-11/Skus/11-backports-gen2/Versions/0.20230802.1460\"\r\n
        \     }\r\n    },\r\n    \"diskSizeGB\": 30,\r\n    \"diskIOPSReadWrite\":
        120,\r\n    \"diskMBpsReadWrite\": 25,\r\n    \"encryption\": {\r\n      \"type\":
        \"EncryptionAtRestWithPlatformKey\"\r\n    },\r\n    \"networkAccessPolicy\":
        \"AllowAll\",\r\n    \"publicNetworkAccess\": \"Enabled\",\r\n    \"timeCreated\":
        \"2023-08-23T13:42:10.5211046+00:00\",\r\n    \"provisioningState\": \"Succeeded\",\r\n
        \   \"diskState\": \"Unattached\",\r\n    \"diskSizeBytes\": 32212254720,\r\n
        \   \"uniqueId\": \"68440410-f4f4-4944-a8cf-f2185273dabb\",\r\n    \"tier\":
        \"P4\"\r\n  }\r\n}"
    headers:
      cache-control:
      - no-cache
      content-length:
      - '1412'
      content-type:
      - application/json; charset=utf-8
      date:
      - Wed, 23 Aug 2023 13:42:23 GMT
      expires:
      - '-1'
      pragma:
      - no-cache
      server:
      - Microsoft-HTTPAPI/2.0
      - Microsoft-HTTPAPI/2.0
      strict-transport-security:
      - max-age=31536000; includeSubDomains
      transfer-encoding:
      - chunked
      vary:
      - Accept-Encoding
      x-content-type-options:
      - nosniff
      x-ms-ratelimit-remaining-resource:
      - Microsoft.Compute/LowCostGet3Min;14992,Microsoft.Compute/LowCostGet30Min;119992
    status:
      code: 200
      message: OK
- request:
    body: '{"location": "eastus", "tags": {}, "sku": {"name": "Premium_LRS"}, "properties":
      {"osType": "Linux", "hyperVGeneration": "V2", "supportedCapabilities": {"diskControllerTypes":
      "SCSI, NVMe", "acceleratedNetwork": true, "architecture": "x64"}, "creationData":
      {"createOption": "FromImage", "imageReference": {"id": "/Subscriptions/00000000-0000-0000-0000-000000000000/Providers/Microsoft.Compute/Locations/eastus/Publishers/Debian/ArtifactTypes/VMImage/Offers/debian-11/Skus/11-backports-gen2/Versions/0.20230802.1460"}},
      "diskSizeGB": 30, "diskIOPSReadWrite": 120, "diskMBpsReadWrite": 25, "encryption":
      {"diskEncryptionSetId": "/subscriptions/00000000-0000-0000-0000-000000000000/resourceGroups/cli_test_disk_encryption_set_disk_update_000001/providers/Microsoft.Compute/diskEncryptionSets/des1-000004",
      "type": "EncryptionAtRestWithCustomerKey"}, "networkAccessPolicy": "AllowAll",
      "tier": "P4", "supportsHibernation": true, "publicNetworkAccess": "Enabled"}}'
    headers:
      Accept:
      - application/json
      Accept-Encoding:
      - gzip, deflate
      CommandName:
      - disk update
      Connection:
      - keep-alive
      Content-Length:
      - '960'
      Content-Type:
      - application/json
      ParameterSetName:
      - -g -n --disk-encryption-set --encryption-type
      User-Agent:
      - AZURECLI/2.51.0 azsdk-python-azure-mgmt-compute/30.0.0 Python/3.10.12 (Linux-5.10.102.1-microsoft-standard-WSL2-x86_64-with-glibc2.35)
    method: PUT
    uri: https://management.azure.com/subscriptions/00000000-0000-0000-0000-000000000000/resourceGroups/cli_test_disk_encryption_set_disk_update_000001/providers/Microsoft.Compute/disks/disk-000005?api-version=2022-07-02
  response:
    body:
      string: "{\r\n  \"name\": \"disk-000005\",\r\n  \"id\": \"/subscriptions/00000000-0000-0000-0000-000000000000/resourceGroups/cli_test_disk_encryption_set_disk_update_000001/providers/Microsoft.Compute/disks/disk-000005\",\r\n
        \ \"type\": \"Microsoft.Compute/disks\",\r\n  \"location\": \"eastus\",\r\n
        \ \"tags\": {},\r\n  \"sku\": {\r\n    \"name\": \"Premium_LRS\"\r\n  },\r\n
        \ \"properties\": {\r\n    \"osType\": \"Linux\",\r\n    \"hyperVGeneration\":
        \"V2\",\r\n    \"supportsHibernation\": true,\r\n    \"supportedCapabilities\":
        {\r\n      \"diskControllerTypes\": \"SCSI, NVMe\",\r\n      \"acceleratedNetwork\":
        true,\r\n      \"architecture\": \"x64\"\r\n    },\r\n    \"creationData\":
        {\r\n      \"createOption\": \"FromImage\",\r\n      \"imageReference\": {\r\n
        \       \"id\": \"/Subscriptions/00000000-0000-0000-0000-000000000000/Providers/Microsoft.Compute/Locations/eastus/Publishers/Debian/ArtifactTypes/VMImage/Offers/debian-11/Skus/11-backports-gen2/Versions/0.20230802.1460\"\r\n
        \     }\r\n    },\r\n    \"diskSizeGB\": 30,\r\n    \"encryption\": {\r\n
        \     \"type\": \"EncryptionAtRestWithCustomerKey\",\r\n      \"diskEncryptionSetId\":
        \"/subscriptions/00000000-0000-0000-0000-000000000000/resourceGroups/cli_test_disk_encryption_set_disk_update_000001/providers/Microsoft.Compute/diskEncryptionSets/des1-000004\"\r\n
        \   },\r\n    \"networkAccessPolicy\": \"AllowAll\",\r\n    \"publicNetworkAccess\":
        \"Enabled\",\r\n    \"provisioningState\": \"Updating\",\r\n    \"tier\":
        \"P4\"\r\n  }\r\n}"
    headers:
      azure-asyncoperation:
      - https://management.azure.com/subscriptions/00000000-0000-0000-0000-000000000000/providers/Microsoft.Compute/locations/eastus/DiskOperations/32ade067-c8d2-4e1c-ac65-7259b130dc55?p=36ee1309-094c-4cec-b989-37cf5e794c1b&api-version=2022-07-02
      cache-control:
      - no-cache
      content-length:
      - '1352'
      content-type:
      - application/json; charset=utf-8
      date:
      - Wed, 23 Aug 2023 13:42:25 GMT
      expires:
      - '-1'
      location:
      - https://management.azure.com/subscriptions/00000000-0000-0000-0000-000000000000/providers/Microsoft.Compute/locations/eastus/DiskOperations/32ade067-c8d2-4e1c-ac65-7259b130dc55?p=36ee1309-094c-4cec-b989-37cf5e794c1b&monitor=true&api-version=2022-07-02
      pragma:
      - no-cache
      server:
      - Microsoft-HTTPAPI/2.0
      - Microsoft-HTTPAPI/2.0
      strict-transport-security:
      - max-age=31536000; includeSubDomains
      x-content-type-options:
      - nosniff
      x-ms-ratelimit-remaining-resource:
      - Microsoft.Compute/CreateUpdateDisks3Min;2998,Microsoft.Compute/CreateUpdateDisks30Min;24998
      x-ms-ratelimit-remaining-subscription-writes:
      - '1199'
    status:
      code: 202
      message: Accepted
- request:
    body: null
    headers:
      Accept:
      - '*/*'
      Accept-Encoding:
      - gzip, deflate
      CommandName:
      - disk update
      Connection:
      - keep-alive
      ParameterSetName:
      - -g -n --disk-encryption-set --encryption-type
      User-Agent:
      - AZURECLI/2.51.0 azsdk-python-azure-mgmt-compute/30.0.0 Python/3.10.12 (Linux-5.10.102.1-microsoft-standard-WSL2-x86_64-with-glibc2.35)
    method: GET
    uri: https://management.azure.com/subscriptions/00000000-0000-0000-0000-000000000000/providers/Microsoft.Compute/locations/eastus/DiskOperations/32ade067-c8d2-4e1c-ac65-7259b130dc55?p=36ee1309-094c-4cec-b989-37cf5e794c1b&api-version=2022-07-02
  response:
    body:
      string: "{\r\n  \"startTime\": \"2023-08-23T13:42:25.2866287+00:00\",\r\n  \"status\":
        \"InProgress\",\r\n  \"name\": \"32ade067-c8d2-4e1c-ac65-7259b130dc55\"\r\n}"
    headers:
      cache-control:
      - no-cache
      content-length:
      - '134'
      content-type:
      - application/json; charset=utf-8
      date:
      - Wed, 23 Aug 2023 13:42:25 GMT
      expires:
      - '-1'
      pragma:
      - no-cache
      server:
      - Microsoft-HTTPAPI/2.0
      - Microsoft-HTTPAPI/2.0
      strict-transport-security:
      - max-age=31536000; includeSubDomains
      transfer-encoding:
      - chunked
      vary:
      - Accept-Encoding
      x-content-type-options:
      - nosniff
      x-ms-ratelimit-remaining-resource:
      - Microsoft.Compute/GetOperation3Min;49994,Microsoft.Compute/GetOperation30Min;399994
    status:
      code: 200
      message: OK
- request:
    body: null
    headers:
      Accept:
      - '*/*'
      Accept-Encoding:
      - gzip, deflate
      CommandName:
      - disk update
      Connection:
      - keep-alive
      ParameterSetName:
      - -g -n --disk-encryption-set --encryption-type
      User-Agent:
      - AZURECLI/2.51.0 azsdk-python-azure-mgmt-compute/30.0.0 Python/3.10.12 (Linux-5.10.102.1-microsoft-standard-WSL2-x86_64-with-glibc2.35)
    method: GET
    uri: https://management.azure.com/subscriptions/00000000-0000-0000-0000-000000000000/providers/Microsoft.Compute/locations/eastus/DiskOperations/32ade067-c8d2-4e1c-ac65-7259b130dc55?p=36ee1309-094c-4cec-b989-37cf5e794c1b&api-version=2022-07-02
  response:
    body:
      string: "{\r\n  \"startTime\": \"2023-08-23T13:42:25.2866287+00:00\",\r\n  \"endTime\":
        \"2023-08-23T13:42:27.8647392+00:00\",\r\n  \"status\": \"Succeeded\",\r\n
        \ \"properties\": {\r\n    \"output\": {\"name\":\"disk-000005\",\"id\":\"/subscriptions/00000000-0000-0000-0000-000000000000/resourceGroups/cli_test_disk_encryption_set_disk_update_000001/providers/Microsoft.Compute/disks/disk-000005\",\"type\":\"Microsoft.Compute/disks\",\"location\":\"eastus\",\"tags\":{},\"sku\":{\"name\":\"Premium_LRS\",\"tier\":\"Premium\"},\"properties\":{\"osType\":\"Linux\",\"hyperVGeneration\":\"V2\",\"supportsHibernation\":true,\"supportedCapabilities\":{\"diskControllerTypes\":\"SCSI,
        NVMe\",\"acceleratedNetwork\":true,\"architecture\":\"x64\"},\"creationData\":{\"createOption\":\"FromImage\",\"imageReference\":{\"id\":\"/Subscriptions/00000000-0000-0000-0000-000000000000/Providers/Microsoft.Compute/Locations/eastus/Publishers/Debian/ArtifactTypes/VMImage/Offers/debian-11/Skus/11-backports-gen2/Versions/0.20230802.1460\"}},\"diskSizeGB\":30,\"diskIOPSReadWrite\":120,\"diskMBpsReadWrite\":25,\"encryption\":{\"type\":\"EncryptionAtRestWithCustomerKey\",\"diskEncryptionSetId\":\"/subscriptions/00000000-0000-0000-0000-000000000000/resourceGroups/CLI_TEST_DISK_ENCRYPTION_SET_DISK_UPDATE_3T7VAMQBPNIOEGHEZ3OPF2TH3INMKSUQMW/providers/Microsoft.Compute/diskEncryptionSets/des1-000004\"},\"networkAccessPolicy\":\"AllowAll\",\"publicNetworkAccess\":\"Enabled\",\"timeCreated\":\"2023-08-23T13:42:10.5211046+00:00\",\"provisioningState\":\"Succeeded\",\"diskState\":\"Unattached\",\"diskSizeBytes\":32212254720,\"uniqueId\":\"68440410-f4f4-4944-a8cf-f2185273dabb\",\"tier\":\"P4\"}}\r\n
        \ },\r\n  \"name\": \"32ade067-c8d2-4e1c-ac65-7259b130dc55\"\r\n}"
    headers:
      cache-control:
      - no-cache
      content-length:
      - '1594'
      content-type:
      - application/json; charset=utf-8
      date:
      - Wed, 23 Aug 2023 13:42:36 GMT
      expires:
      - '-1'
      pragma:
      - no-cache
      server:
      - Microsoft-HTTPAPI/2.0
      - Microsoft-HTTPAPI/2.0
      strict-transport-security:
      - max-age=31536000; includeSubDomains
      transfer-encoding:
      - chunked
      vary:
      - Accept-Encoding
      x-content-type-options:
      - nosniff
      x-ms-ratelimit-remaining-resource:
      - Microsoft.Compute/GetOperation3Min;49992,Microsoft.Compute/GetOperation30Min;399992
    status:
      code: 200
      message: OK
- request:
    body: null
    headers:
      Accept:
      - '*/*'
      Accept-Encoding:
      - gzip, deflate
      CommandName:
      - disk update
      Connection:
      - keep-alive
      ParameterSetName:
      - -g -n --disk-encryption-set --encryption-type
      User-Agent:
      - AZURECLI/2.51.0 azsdk-python-azure-mgmt-compute/30.0.0 Python/3.10.12 (Linux-5.10.102.1-microsoft-standard-WSL2-x86_64-with-glibc2.35)
    method: GET
    uri: https://management.azure.com/subscriptions/00000000-0000-0000-0000-000000000000/resourceGroups/cli_test_disk_encryption_set_disk_update_000001/providers/Microsoft.Compute/disks/disk-000005?api-version=2022-07-02
  response:
    body:
      string: "{\r\n  \"name\": \"disk-000005\",\r\n  \"id\": \"/subscriptions/00000000-0000-0000-0000-000000000000/resourceGroups/cli_test_disk_encryption_set_disk_update_000001/providers/Microsoft.Compute/disks/disk-000005\",\r\n
        \ \"type\": \"Microsoft.Compute/disks\",\r\n  \"location\": \"eastus\",\r\n
        \ \"tags\": {},\r\n  \"sku\": {\r\n    \"name\": \"Premium_LRS\",\r\n    \"tier\":
        \"Premium\"\r\n  },\r\n  \"properties\": {\r\n    \"osType\": \"Linux\",\r\n
        \   \"hyperVGeneration\": \"V2\",\r\n    \"supportsHibernation\": true,\r\n
        \   \"supportedCapabilities\": {\r\n      \"diskControllerTypes\": \"SCSI,
        NVMe\",\r\n      \"acceleratedNetwork\": true,\r\n      \"architecture\":
        \"x64\"\r\n    },\r\n    \"creationData\": {\r\n      \"createOption\": \"FromImage\",\r\n
        \     \"imageReference\": {\r\n        \"id\": \"/Subscriptions/00000000-0000-0000-0000-000000000000/Providers/Microsoft.Compute/Locations/eastus/Publishers/Debian/ArtifactTypes/VMImage/Offers/debian-11/Skus/11-backports-gen2/Versions/0.20230802.1460\"\r\n
        \     }\r\n    },\r\n    \"diskSizeGB\": 30,\r\n    \"diskIOPSReadWrite\":
        120,\r\n    \"diskMBpsReadWrite\": 25,\r\n    \"encryption\": {\r\n      \"type\":
        \"EncryptionAtRestWithCustomerKey\",\r\n      \"diskEncryptionSetId\": \"/subscriptions/00000000-0000-0000-0000-000000000000/resourceGroups/CLI_TEST_DISK_ENCRYPTION_SET_DISK_UPDATE_3T7VAMQBPNIOEGHEZ3OPF2TH3INMKSUQMW/providers/Microsoft.Compute/diskEncryptionSets/des1-000004\"\r\n
        \   },\r\n    \"networkAccessPolicy\": \"AllowAll\",\r\n    \"publicNetworkAccess\":
        \"Enabled\",\r\n    \"timeCreated\": \"2023-08-23T13:42:10.5211046+00:00\",\r\n
        \   \"provisioningState\": \"Succeeded\",\r\n    \"diskState\": \"Unattached\",\r\n
        \   \"diskSizeBytes\": 32212254720,\r\n    \"uniqueId\": \"68440410-f4f4-4944-a8cf-f2185273dabb\",\r\n
        \   \"tier\": \"P4\"\r\n  }\r\n}"
    headers:
      cache-control:
      - no-cache
      content-length:
      - '1647'
      content-type:
      - application/json; charset=utf-8
      date:
      - Wed, 23 Aug 2023 13:42:37 GMT
      expires:
      - '-1'
      pragma:
      - no-cache
      server:
      - Microsoft-HTTPAPI/2.0
      - Microsoft-HTTPAPI/2.0
      strict-transport-security:
      - max-age=31536000; includeSubDomains
      transfer-encoding:
      - chunked
      vary:
      - Accept-Encoding
      x-content-type-options:
      - nosniff
      x-ms-ratelimit-remaining-resource:
      - Microsoft.Compute/LowCostGet3Min;14989,Microsoft.Compute/LowCostGet30Min;119989
    status:
      code: 200
      message: OK
- request:
    body: null
    headers:
      Accept:
      - application/json
      Accept-Encoding:
      - gzip, deflate
      CommandName:
      - disk create
      Connection:
      - keep-alive
      ParameterSetName:
      - -g -n --source --encryption-type
      User-Agent:
      - AZURECLI/2.51.0 azsdk-python-azure-mgmt-compute/30.0.0 Python/3.10.12 (Linux-5.10.102.1-microsoft-standard-WSL2-x86_64-with-glibc2.35)
    method: GET
    uri: https://management.azure.com/subscriptions/00000000-0000-0000-0000-000000000000/resourceGroups/cli_test_disk_encryption_set_disk_update_000001/providers/Microsoft.Compute/snapshots/disk-000005?api-version=2022-03-02
  response:
    body:
      string: '{"error":{"code":"ResourceNotFound","message":"The Resource ''Microsoft.Compute/snapshots/disk-000005''
        under resource group ''cli_test_disk_encryption_set_disk_update_000001'' was
        not found. For more details please go to https://aka.ms/ARMResourceNotFoundFix"}}'
    headers:
      cache-control:
      - no-cache
      content-length:
      - '258'
      content-type:
      - application/json; charset=utf-8
      date:
      - Wed, 23 Aug 2023 13:42:37 GMT
      expires:
      - '-1'
      pragma:
      - no-cache
      strict-transport-security:
      - max-age=31536000; includeSubDomains
      x-content-type-options:
      - nosniff
      x-ms-failure-cause:
      - gateway
    status:
      code: 404
      message: Not Found
- request:
    body: null
    headers:
      Accept:
      - application/json
      Accept-Encoding:
      - gzip, deflate
      CommandName:
      - disk create
      Connection:
      - keep-alive
      ParameterSetName:
      - -g -n --source --encryption-type
      User-Agent:
      - AZURECLI/2.51.0 azsdk-python-azure-mgmt-compute/30.0.0 Python/3.10.12 (Linux-5.10.102.1-microsoft-standard-WSL2-x86_64-with-glibc2.35)
    method: GET
    uri: https://management.azure.com/subscriptions/00000000-0000-0000-0000-000000000000/resourceGroups/cli_test_disk_encryption_set_disk_update_000001/providers/Microsoft.Compute/disks/disk-000005?api-version=2022-07-02
  response:
    body:
      string: "{\r\n  \"name\": \"disk-000005\",\r\n  \"id\": \"/subscriptions/00000000-0000-0000-0000-000000000000/resourceGroups/cli_test_disk_encryption_set_disk_update_000001/providers/Microsoft.Compute/disks/disk-000005\",\r\n
        \ \"type\": \"Microsoft.Compute/disks\",\r\n  \"location\": \"eastus\",\r\n
        \ \"tags\": {},\r\n  \"sku\": {\r\n    \"name\": \"Premium_LRS\",\r\n    \"tier\":
        \"Premium\"\r\n  },\r\n  \"properties\": {\r\n    \"osType\": \"Linux\",\r\n
        \   \"hyperVGeneration\": \"V2\",\r\n    \"supportsHibernation\": true,\r\n
        \   \"supportedCapabilities\": {\r\n      \"diskControllerTypes\": \"SCSI,
        NVMe\",\r\n      \"acceleratedNetwork\": true,\r\n      \"architecture\":
        \"x64\"\r\n    },\r\n    \"creationData\": {\r\n      \"createOption\": \"FromImage\",\r\n
        \     \"imageReference\": {\r\n        \"id\": \"/Subscriptions/00000000-0000-0000-0000-000000000000/Providers/Microsoft.Compute/Locations/eastus/Publishers/Debian/ArtifactTypes/VMImage/Offers/debian-11/Skus/11-backports-gen2/Versions/0.20230802.1460\"\r\n
        \     }\r\n    },\r\n    \"diskSizeGB\": 30,\r\n    \"diskIOPSReadWrite\":
        120,\r\n    \"diskMBpsReadWrite\": 25,\r\n    \"encryption\": {\r\n      \"type\":
        \"EncryptionAtRestWithCustomerKey\",\r\n      \"diskEncryptionSetId\": \"/subscriptions/00000000-0000-0000-0000-000000000000/resourceGroups/CLI_TEST_DISK_ENCRYPTION_SET_DISK_UPDATE_3T7VAMQBPNIOEGHEZ3OPF2TH3INMKSUQMW/providers/Microsoft.Compute/diskEncryptionSets/des1-000004\"\r\n
        \   },\r\n    \"networkAccessPolicy\": \"AllowAll\",\r\n    \"publicNetworkAccess\":
        \"Enabled\",\r\n    \"timeCreated\": \"2023-08-23T13:42:10.5211046+00:00\",\r\n
        \   \"provisioningState\": \"Succeeded\",\r\n    \"diskState\": \"Unattached\",\r\n
        \   \"diskSizeBytes\": 32212254720,\r\n    \"uniqueId\": \"68440410-f4f4-4944-a8cf-f2185273dabb\",\r\n
        \   \"tier\": \"P4\"\r\n  }\r\n}"
    headers:
      cache-control:
      - no-cache
      content-length:
      - '1647'
      content-type:
      - application/json; charset=utf-8
      date:
      - Wed, 23 Aug 2023 13:42:37 GMT
      expires:
      - '-1'
      pragma:
      - no-cache
      server:
      - Microsoft-HTTPAPI/2.0
      - Microsoft-HTTPAPI/2.0
      strict-transport-security:
      - max-age=31536000; includeSubDomains
      transfer-encoding:
      - chunked
      vary:
      - Accept-Encoding
      x-content-type-options:
      - nosniff
      x-ms-ratelimit-remaining-resource:
      - Microsoft.Compute/LowCostGet3Min;14988,Microsoft.Compute/LowCostGet30Min;119988
    status:
      code: 200
      message: OK
- request:
    body: null
    headers:
      Accept:
      - application/json
      Accept-Encoding:
      - gzip, deflate
      CommandName:
      - disk create
      Connection:
      - keep-alive
      ParameterSetName:
      - -g -n --source --encryption-type
      User-Agent:
      - AZURECLI/2.51.0 azsdk-python-azure-mgmt-resource/23.1.0b2 Python/3.10.12 (Linux-5.10.102.1-microsoft-standard-WSL2-x86_64-with-glibc2.35)
    method: GET
    uri: https://management.azure.com/subscriptions/00000000-0000-0000-0000-000000000000/resourcegroups/cli_test_disk_encryption_set_disk_update_000001?api-version=2022-09-01
  response:
    body:
      string: '{"id":"/subscriptions/00000000-0000-0000-0000-000000000000/resourceGroups/cli_test_disk_encryption_set_disk_update_000001","name":"cli_test_disk_encryption_set_disk_update_000001","type":"Microsoft.Resources/resourceGroups","location":"eastus","tags":{"product":"azurecli","cause":"automation","test":"test_disk_encryption_set_disk_update","date":"2023-08-23T13:40:26Z","module":"vm"},"properties":{"provisioningState":"Succeeded"}}'
    headers:
      cache-control:
      - no-cache
      content-length:
      - '432'
      content-type:
      - application/json; charset=utf-8
      date:
      - Wed, 23 Aug 2023 13:42:38 GMT
      expires:
      - '-1'
      pragma:
      - no-cache
      strict-transport-security:
      - max-age=31536000; includeSubDomains
      vary:
      - Accept-Encoding
      x-content-type-options:
      - nosniff
    status:
      code: 200
      message: OK
- request:
    body: '{"location": "eastus", "tags": {}, "sku": {"name": "Premium_LRS"}, "properties":
      {"hyperVGeneration": "V1", "creationData": {"createOption": "Copy", "sourceResourceId":
      "/subscriptions/00000000-0000-0000-0000-000000000000/resourceGroups/cli_test_disk_encryption_set_disk_update_000001/providers/Microsoft.Compute/disks/disk-000005"},
      "encryption": {"type": "EncryptionAtRestWithPlatformKey"}}}'
    headers:
      Accept:
      - application/json
      Accept-Encoding:
      - gzip, deflate
      CommandName:
      - disk create
      Connection:
      - keep-alive
      Content-Length:
      - '393'
      Content-Type:
      - application/json
      ParameterSetName:
      - -g -n --source --encryption-type
      User-Agent:
      - AZURECLI/2.51.0 azsdk-python-azure-mgmt-compute/30.0.0 Python/3.10.12 (Linux-5.10.102.1-microsoft-standard-WSL2-x86_64-with-glibc2.35)
    method: PUT
    uri: https://management.azure.com/subscriptions/00000000-0000-0000-0000-000000000000/resourceGroups/cli_test_disk_encryption_set_disk_update_000001/providers/Microsoft.Compute/disks/disk-000006?api-version=2022-07-02
  response:
    body:
      string: "{\r\n  \"name\": \"disk-000006\",\r\n  \"id\": \"/subscriptions/00000000-0000-0000-0000-000000000000/resourceGroups/cli_test_disk_encryption_set_disk_update_000001/providers/Microsoft.Compute/disks/disk-000006\",\r\n
        \ \"type\": \"Microsoft.Compute/disks\",\r\n  \"location\": \"eastus\",\r\n
        \ \"tags\": {},\r\n  \"sku\": {\r\n    \"name\": \"Premium_LRS\"\r\n  },\r\n
        \ \"properties\": {\r\n    \"hyperVGeneration\": \"V1\",\r\n    \"creationData\":
        {\r\n      \"createOption\": \"Copy\",\r\n      \"sourceResourceId\": \"/subscriptions/00000000-0000-0000-0000-000000000000/resourceGroups/cli_test_disk_encryption_set_disk_update_000001/providers/Microsoft.Compute/disks/disk-000005\"\r\n
        \   },\r\n    \"encryption\": {\r\n      \"type\": \"EncryptionAtRestWithPlatformKey\"\r\n
        \   },\r\n    \"provisioningState\": \"Updating\"\r\n  }\r\n}"
    headers:
      azure-asyncoperation:
      - https://management.azure.com/subscriptions/00000000-0000-0000-0000-000000000000/providers/Microsoft.Compute/locations/eastus/DiskOperations/64766ebf-7ac8-4de5-942e-44d48b453ded?p=36ee1309-094c-4cec-b989-37cf5e794c1b&api-version=2022-07-02
      cache-control:
      - no-cache
      content-length:
      - '748'
      content-type:
      - application/json; charset=utf-8
      date:
      - Wed, 23 Aug 2023 13:42:42 GMT
      expires:
      - '-1'
      location:
      - https://management.azure.com/subscriptions/00000000-0000-0000-0000-000000000000/providers/Microsoft.Compute/locations/eastus/DiskOperations/64766ebf-7ac8-4de5-942e-44d48b453ded?p=36ee1309-094c-4cec-b989-37cf5e794c1b&monitor=true&api-version=2022-07-02
      pragma:
      - no-cache
      server:
      - Microsoft-HTTPAPI/2.0
      - Microsoft-HTTPAPI/2.0
      strict-transport-security:
      - max-age=31536000; includeSubDomains
      x-content-type-options:
      - nosniff
      x-ms-ratelimit-remaining-resource:
      - Microsoft.Compute/CreateUpdateDisks3Min;2997,Microsoft.Compute/CreateUpdateDisks30Min;24997
      x-ms-ratelimit-remaining-subscription-writes:
      - '1197'
    status:
      code: 202
      message: Accepted
- request:
    body: null
    headers:
      Accept:
      - '*/*'
      Accept-Encoding:
      - gzip, deflate
      CommandName:
      - disk create
      Connection:
      - keep-alive
      ParameterSetName:
      - -g -n --source --encryption-type
      User-Agent:
      - AZURECLI/2.51.0 azsdk-python-azure-mgmt-compute/30.0.0 Python/3.10.12 (Linux-5.10.102.1-microsoft-standard-WSL2-x86_64-with-glibc2.35)
    method: GET
    uri: https://management.azure.com/subscriptions/00000000-0000-0000-0000-000000000000/providers/Microsoft.Compute/locations/eastus/DiskOperations/64766ebf-7ac8-4de5-942e-44d48b453ded?p=36ee1309-094c-4cec-b989-37cf5e794c1b&api-version=2022-07-02
  response:
    body:
      string: "{\r\n  \"startTime\": \"2023-08-23T13:42:43.3177656+00:00\",\r\n  \"status\":
        \"InProgress\",\r\n  \"name\": \"64766ebf-7ac8-4de5-942e-44d48b453ded\"\r\n}"
    headers:
      cache-control:
      - no-cache
      content-length:
      - '134'
      content-type:
      - application/json; charset=utf-8
      date:
      - Wed, 23 Aug 2023 13:42:42 GMT
      expires:
      - '-1'
      pragma:
      - no-cache
      server:
      - Microsoft-HTTPAPI/2.0
      - Microsoft-HTTPAPI/2.0
      strict-transport-security:
      - max-age=31536000; includeSubDomains
      transfer-encoding:
      - chunked
      vary:
      - Accept-Encoding
      x-content-type-options:
      - nosniff
      x-ms-ratelimit-remaining-resource:
      - Microsoft.Compute/GetOperation3Min;49991,Microsoft.Compute/GetOperation30Min;399991
    status:
      code: 200
      message: OK
- request:
    body: null
    headers:
      Accept:
      - '*/*'
      Accept-Encoding:
      - gzip, deflate
      CommandName:
      - disk create
      Connection:
      - keep-alive
      ParameterSetName:
      - -g -n --source --encryption-type
      User-Agent:
      - AZURECLI/2.51.0 azsdk-python-azure-mgmt-compute/30.0.0 Python/3.10.12 (Linux-5.10.102.1-microsoft-standard-WSL2-x86_64-with-glibc2.35)
    method: GET
    uri: https://management.azure.com/subscriptions/00000000-0000-0000-0000-000000000000/providers/Microsoft.Compute/locations/eastus/DiskOperations/64766ebf-7ac8-4de5-942e-44d48b453ded?p=36ee1309-094c-4cec-b989-37cf5e794c1b&api-version=2022-07-02
  response:
    body:
      string: "{\r\n  \"startTime\": \"2023-08-23T13:42:43.3177656+00:00\",\r\n  \"endTime\":
        \"2023-08-23T13:42:44.0052689+00:00\",\r\n  \"status\": \"Succeeded\",\r\n
        \ \"properties\": {\r\n    \"output\": {\"name\":\"disk-000006\",\"id\":\"/subscriptions/00000000-0000-0000-0000-000000000000/resourceGroups/cli_test_disk_encryption_set_disk_update_000001/providers/Microsoft.Compute/disks/disk-000006\",\"type\":\"Microsoft.Compute/disks\",\"location\":\"eastus\",\"tags\":{},\"sku\":{\"name\":\"Premium_LRS\",\"tier\":\"Premium\"},\"properties\":{\"osType\":\"Linux\",\"hyperVGeneration\":\"V1\",\"supportsHibernation\":true,\"supportedCapabilities\":{\"diskControllerTypes\":\"SCSI,
        NVMe\",\"acceleratedNetwork\":true,\"architecture\":\"x64\"},\"creationData\":{\"createOption\":\"Copy\",\"sourceResourceId\":\"/subscriptions/00000000-0000-0000-0000-000000000000/resourceGroups/cli_test_disk_encryption_set_disk_update_000001/providers/Microsoft.Compute/disks/disk-000005\",\"sourceUniqueId\":\"68440410-f4f4-4944-a8cf-f2185273dabb\"},\"diskSizeGB\":30,\"diskIOPSReadWrite\":120,\"diskMBpsReadWrite\":25,\"encryption\":{\"type\":\"EncryptionAtRestWithPlatformKey\"},\"networkAccessPolicy\":\"AllowAll\",\"publicNetworkAccess\":\"Enabled\",\"timeCreated\":\"2023-08-23T13:42:43.3177656+00:00\",\"provisioningState\":\"Succeeded\",\"diskState\":\"Unattached\",\"diskSizeBytes\":32212254720,\"uniqueId\":\"9c5afc3f-f699-45fe-adf7-e85deac9ccab\",\"tier\":\"P4\"}}\r\n
        \ },\r\n  \"name\": \"64766ebf-7ac8-4de5-942e-44d48b453ded\"\r\n}"
    headers:
      cache-control:
      - no-cache
      content-length:
      - '1373'
      content-type:
      - application/json; charset=utf-8
      date:
      - Wed, 23 Aug 2023 13:42:53 GMT
      expires:
      - '-1'
      pragma:
      - no-cache
      server:
      - Microsoft-HTTPAPI/2.0
      - Microsoft-HTTPAPI/2.0
      strict-transport-security:
      - max-age=31536000; includeSubDomains
      transfer-encoding:
      - chunked
      vary:
      - Accept-Encoding
      x-content-type-options:
      - nosniff
      x-ms-ratelimit-remaining-resource:
      - Microsoft.Compute/GetOperation3Min;49989,Microsoft.Compute/GetOperation30Min;399989
    status:
      code: 200
      message: OK
- request:
    body: null
    headers:
      Accept:
      - '*/*'
      Accept-Encoding:
      - gzip, deflate
      CommandName:
      - disk create
      Connection:
      - keep-alive
      ParameterSetName:
      - -g -n --source --encryption-type
      User-Agent:
      - AZURECLI/2.51.0 azsdk-python-azure-mgmt-compute/30.0.0 Python/3.10.12 (Linux-5.10.102.1-microsoft-standard-WSL2-x86_64-with-glibc2.35)
    method: GET
    uri: https://management.azure.com/subscriptions/00000000-0000-0000-0000-000000000000/resourceGroups/cli_test_disk_encryption_set_disk_update_000001/providers/Microsoft.Compute/disks/disk-000006?api-version=2022-07-02
  response:
    body:
      string: "{\r\n  \"name\": \"disk-000006\",\r\n  \"id\": \"/subscriptions/00000000-0000-0000-0000-000000000000/resourceGroups/cli_test_disk_encryption_set_disk_update_000001/providers/Microsoft.Compute/disks/disk-000006\",\r\n
        \ \"type\": \"Microsoft.Compute/disks\",\r\n  \"location\": \"eastus\",\r\n
        \ \"tags\": {},\r\n  \"sku\": {\r\n    \"name\": \"Premium_LRS\",\r\n    \"tier\":
        \"Premium\"\r\n  },\r\n  \"properties\": {\r\n    \"osType\": \"Linux\",\r\n
        \   \"hyperVGeneration\": \"V1\",\r\n    \"supportsHibernation\": true,\r\n
        \   \"supportedCapabilities\": {\r\n      \"diskControllerTypes\": \"SCSI,
        NVMe\",\r\n      \"acceleratedNetwork\": true,\r\n      \"architecture\":
        \"x64\"\r\n    },\r\n    \"creationData\": {\r\n      \"createOption\": \"Copy\",\r\n
        \     \"sourceResourceId\": \"/subscriptions/00000000-0000-0000-0000-000000000000/resourceGroups/cli_test_disk_encryption_set_disk_update_000001/providers/Microsoft.Compute/disks/disk-000005\",\r\n
        \     \"sourceUniqueId\": \"68440410-f4f4-4944-a8cf-f2185273dabb\"\r\n    },\r\n
        \   \"diskSizeGB\": 30,\r\n    \"diskIOPSReadWrite\": 120,\r\n    \"diskMBpsReadWrite\":
        25,\r\n    \"encryption\": {\r\n      \"type\": \"EncryptionAtRestWithPlatformKey\"\r\n
        \   },\r\n    \"networkAccessPolicy\": \"AllowAll\",\r\n    \"publicNetworkAccess\":
        \"Enabled\",\r\n    \"timeCreated\": \"2023-08-23T13:42:43.3177656+00:00\",\r\n
        \   \"provisioningState\": \"Succeeded\",\r\n    \"diskState\": \"Unattached\",\r\n
        \   \"diskSizeBytes\": 32212254720,\r\n    \"uniqueId\": \"9c5afc3f-f699-45fe-adf7-e85deac9ccab\",\r\n
        \   \"tier\": \"P4\"\r\n  }\r\n}"
    headers:
      cache-control:
      - no-cache
      content-length:
      - '1407'
      content-type:
      - application/json; charset=utf-8
      date:
      - Wed, 23 Aug 2023 13:42:54 GMT
      expires:
      - '-1'
      pragma:
      - no-cache
      server:
      - Microsoft-HTTPAPI/2.0
      - Microsoft-HTTPAPI/2.0
      strict-transport-security:
      - max-age=31536000; includeSubDomains
      transfer-encoding:
      - chunked
      vary:
      - Accept-Encoding
      x-content-type-options:
      - nosniff
      x-ms-ratelimit-remaining-resource:
      - Microsoft.Compute/LowCostGet3Min;14986,Microsoft.Compute/LowCostGet30Min;119986
    status:
      code: 200
      message: OK
- request:
    body: null
    headers:
      Accept:
      - application/json
      Accept-Encoding:
      - gzip, deflate
      CommandName:
      - disk update
      Connection:
      - keep-alive
      ParameterSetName:
      - -g -n --encryption-type
      User-Agent:
      - AZURECLI/2.51.0 azsdk-python-azure-mgmt-compute/30.0.0 Python/3.10.12 (Linux-5.10.102.1-microsoft-standard-WSL2-x86_64-with-glibc2.35)
    method: GET
    uri: https://management.azure.com/subscriptions/00000000-0000-0000-0000-000000000000/resourceGroups/cli_test_disk_encryption_set_disk_update_000001/providers/Microsoft.Compute/disks/disk-000005?api-version=2022-07-02
  response:
    body:
      string: "{\r\n  \"name\": \"disk-000005\",\r\n  \"id\": \"/subscriptions/00000000-0000-0000-0000-000000000000/resourceGroups/cli_test_disk_encryption_set_disk_update_000001/providers/Microsoft.Compute/disks/disk-000005\",\r\n
        \ \"type\": \"Microsoft.Compute/disks\",\r\n  \"location\": \"eastus\",\r\n
        \ \"tags\": {},\r\n  \"sku\": {\r\n    \"name\": \"Premium_LRS\",\r\n    \"tier\":
        \"Premium\"\r\n  },\r\n  \"properties\": {\r\n    \"osType\": \"Linux\",\r\n
        \   \"hyperVGeneration\": \"V2\",\r\n    \"supportsHibernation\": true,\r\n
        \   \"supportedCapabilities\": {\r\n      \"diskControllerTypes\": \"SCSI,
        NVMe\",\r\n      \"acceleratedNetwork\": true,\r\n      \"architecture\":
        \"x64\"\r\n    },\r\n    \"creationData\": {\r\n      \"createOption\": \"FromImage\",\r\n
        \     \"imageReference\": {\r\n        \"id\": \"/Subscriptions/00000000-0000-0000-0000-000000000000/Providers/Microsoft.Compute/Locations/eastus/Publishers/Debian/ArtifactTypes/VMImage/Offers/debian-11/Skus/11-backports-gen2/Versions/0.20230802.1460\"\r\n
        \     }\r\n    },\r\n    \"diskSizeGB\": 30,\r\n    \"diskIOPSReadWrite\":
        120,\r\n    \"diskMBpsReadWrite\": 25,\r\n    \"encryption\": {\r\n      \"type\":
        \"EncryptionAtRestWithCustomerKey\",\r\n      \"diskEncryptionSetId\": \"/subscriptions/00000000-0000-0000-0000-000000000000/resourceGroups/CLI_TEST_DISK_ENCRYPTION_SET_DISK_UPDATE_3T7VAMQBPNIOEGHEZ3OPF2TH3INMKSUQMW/providers/Microsoft.Compute/diskEncryptionSets/des1-000004\"\r\n
        \   },\r\n    \"networkAccessPolicy\": \"AllowAll\",\r\n    \"publicNetworkAccess\":
        \"Enabled\",\r\n    \"timeCreated\": \"2023-08-23T13:42:10.5211046+00:00\",\r\n
        \   \"provisioningState\": \"Succeeded\",\r\n    \"diskState\": \"Unattached\",\r\n
        \   \"diskSizeBytes\": 32212254720,\r\n    \"uniqueId\": \"68440410-f4f4-4944-a8cf-f2185273dabb\",\r\n
        \   \"tier\": \"P4\"\r\n  }\r\n}"
    headers:
      cache-control:
      - no-cache
      content-length:
      - '1647'
      content-type:
      - application/json; charset=utf-8
      date:
      - Wed, 23 Aug 2023 13:42:55 GMT
      expires:
      - '-1'
      pragma:
      - no-cache
      server:
      - Microsoft-HTTPAPI/2.0
      - Microsoft-HTTPAPI/2.0
      strict-transport-security:
      - max-age=31536000; includeSubDomains
      transfer-encoding:
      - chunked
      vary:
      - Accept-Encoding
      x-content-type-options:
      - nosniff
      x-ms-ratelimit-remaining-resource:
      - Microsoft.Compute/LowCostGet3Min;14984,Microsoft.Compute/LowCostGet30Min;119984
    status:
      code: 200
      message: OK
- request:
    body: '{"location": "eastus", "tags": {}, "sku": {"name": "Premium_LRS"}, "properties":
      {"osType": "Linux", "hyperVGeneration": "V2", "supportedCapabilities": {"diskControllerTypes":
      "SCSI, NVMe", "acceleratedNetwork": true, "architecture": "x64"}, "creationData":
      {"createOption": "FromImage", "imageReference": {"id": "/Subscriptions/00000000-0000-0000-0000-000000000000/Providers/Microsoft.Compute/Locations/eastus/Publishers/Debian/ArtifactTypes/VMImage/Offers/debian-11/Skus/11-backports-gen2/Versions/0.20230802.1460"}},
      "diskSizeGB": 30, "diskIOPSReadWrite": 120, "diskMBpsReadWrite": 25, "encryption":
      {"type": "EncryptionAtRestWithPlatformKey"}, "networkAccessPolicy": "AllowAll",
      "tier": "P4", "supportsHibernation": true, "publicNetworkAccess": "Enabled"}}'
    headers:
      Accept:
      - application/json
      Accept-Encoding:
      - gzip, deflate
      CommandName:
      - disk update
      Connection:
      - keep-alive
      Content-Length:
      - '760'
      Content-Type:
      - application/json
      ParameterSetName:
      - -g -n --encryption-type
      User-Agent:
      - AZURECLI/2.51.0 azsdk-python-azure-mgmt-compute/30.0.0 Python/3.10.12 (Linux-5.10.102.1-microsoft-standard-WSL2-x86_64-with-glibc2.35)
    method: PUT
    uri: https://management.azure.com/subscriptions/00000000-0000-0000-0000-000000000000/resourceGroups/cli_test_disk_encryption_set_disk_update_000001/providers/Microsoft.Compute/disks/disk-000005?api-version=2022-07-02
  response:
    body:
      string: "{\r\n  \"name\": \"disk-000005\",\r\n  \"id\": \"/subscriptions/00000000-0000-0000-0000-000000000000/resourceGroups/cli_test_disk_encryption_set_disk_update_000001/providers/Microsoft.Compute/disks/disk-000005\",\r\n
        \ \"type\": \"Microsoft.Compute/disks\",\r\n  \"location\": \"eastus\",\r\n
        \ \"tags\": {},\r\n  \"sku\": {\r\n    \"name\": \"Premium_LRS\"\r\n  },\r\n
        \ \"properties\": {\r\n    \"osType\": \"Linux\",\r\n    \"hyperVGeneration\":
        \"V2\",\r\n    \"supportsHibernation\": true,\r\n    \"supportedCapabilities\":
        {\r\n      \"diskControllerTypes\": \"SCSI, NVMe\",\r\n      \"acceleratedNetwork\":
        true,\r\n      \"architecture\": \"x64\"\r\n    },\r\n    \"creationData\":
        {\r\n      \"createOption\": \"FromImage\",\r\n      \"imageReference\": {\r\n
        \       \"id\": \"/Subscriptions/00000000-0000-0000-0000-000000000000/Providers/Microsoft.Compute/Locations/eastus/Publishers/Debian/ArtifactTypes/VMImage/Offers/debian-11/Skus/11-backports-gen2/Versions/0.20230802.1460\"\r\n
        \     }\r\n    },\r\n    \"diskSizeGB\": 30,\r\n    \"encryption\": {\r\n
        \     \"type\": \"EncryptionAtRestWithPlatformKey\"\r\n    },\r\n    \"networkAccessPolicy\":
        \"AllowAll\",\r\n    \"publicNetworkAccess\": \"Enabled\",\r\n    \"provisioningState\":
        \"Updating\",\r\n    \"tier\": \"P4\"\r\n  }\r\n}"
    headers:
      azure-asyncoperation:
      - https://management.azure.com/subscriptions/00000000-0000-0000-0000-000000000000/providers/Microsoft.Compute/locations/eastus/DiskOperations/a317a6b0-786d-489a-9789-dc809b6feeb7?p=36ee1309-094c-4cec-b989-37cf5e794c1b&api-version=2022-07-02
      cache-control:
      - no-cache
      content-length:
      - '1145'
      content-type:
      - application/json; charset=utf-8
      date:
      - Wed, 23 Aug 2023 13:42:56 GMT
      expires:
      - '-1'
      location:
      - https://management.azure.com/subscriptions/00000000-0000-0000-0000-000000000000/providers/Microsoft.Compute/locations/eastus/DiskOperations/a317a6b0-786d-489a-9789-dc809b6feeb7?p=36ee1309-094c-4cec-b989-37cf5e794c1b&monitor=true&api-version=2022-07-02
      pragma:
      - no-cache
      server:
      - Microsoft-HTTPAPI/2.0
      - Microsoft-HTTPAPI/2.0
      strict-transport-security:
      - max-age=31536000; includeSubDomains
      x-content-type-options:
      - nosniff
      x-ms-ratelimit-remaining-resource:
      - Microsoft.Compute/CreateUpdateDisks3Min;2996,Microsoft.Compute/CreateUpdateDisks30Min;24996
      x-ms-ratelimit-remaining-subscription-writes:
      - '1197'
    status:
      code: 202
      message: Accepted
- request:
    body: null
    headers:
      Accept:
      - '*/*'
      Accept-Encoding:
      - gzip, deflate
      CommandName:
      - disk update
      Connection:
      - keep-alive
      ParameterSetName:
      - -g -n --encryption-type
      User-Agent:
      - AZURECLI/2.51.0 azsdk-python-azure-mgmt-compute/30.0.0 Python/3.10.12 (Linux-5.10.102.1-microsoft-standard-WSL2-x86_64-with-glibc2.35)
    method: GET
    uri: https://management.azure.com/subscriptions/00000000-0000-0000-0000-000000000000/providers/Microsoft.Compute/locations/eastus/DiskOperations/a317a6b0-786d-489a-9789-dc809b6feeb7?p=36ee1309-094c-4cec-b989-37cf5e794c1b&api-version=2022-07-02
  response:
    body:
      string: "{\r\n  \"startTime\": \"2023-08-23T13:42:57.6301798+00:00\",\r\n  \"endTime\":
        \"2023-08-23T13:42:58.3332942+00:00\",\r\n  \"status\": \"Succeeded\",\r\n
        \ \"properties\": {\r\n    \"output\": {\r\n  \"name\": \"disk-000005\",\r\n
        \ \"id\": \"/subscriptions/00000000-0000-0000-0000-000000000000/resourceGroups/cli_test_disk_encryption_set_disk_update_000001/providers/Microsoft.Compute/disks/disk-000005\",\r\n
        \ \"type\": \"Microsoft.Compute/disks\",\r\n  \"location\": \"eastus\",\r\n
        \ \"tags\": {},\r\n  \"sku\": {\r\n    \"name\": \"Premium_LRS\",\r\n    \"tier\":
        \"Premium\"\r\n  },\r\n  \"properties\": {\r\n    \"osType\": \"Linux\",\r\n
        \   \"hyperVGeneration\": \"V2\",\r\n    \"supportsHibernation\": true,\r\n
        \   \"supportedCapabilities\": {\r\n      \"diskControllerTypes\": \"SCSI,
        NVMe\",\r\n      \"acceleratedNetwork\": true,\r\n      \"architecture\":
        \"x64\"\r\n    },\r\n    \"creationData\": {\r\n      \"createOption\": \"FromImage\",\r\n
        \     \"imageReference\": {\r\n        \"id\": \"/Subscriptions/00000000-0000-0000-0000-000000000000/Providers/Microsoft.Compute/Locations/eastus/Publishers/Debian/ArtifactTypes/VMImage/Offers/debian-11/Skus/11-backports-gen2/Versions/0.20230802.1460\"\r\n
        \     }\r\n    },\r\n    \"diskSizeGB\": 30,\r\n    \"diskIOPSReadWrite\":
        120,\r\n    \"diskMBpsReadWrite\": 25,\r\n    \"encryption\": {\r\n      \"type\":
        \"EncryptionAtRestWithPlatformKey\"\r\n    },\r\n    \"networkAccessPolicy\":
        \"AllowAll\",\r\n    \"publicNetworkAccess\": \"Enabled\",\r\n    \"timeCreated\":
        \"2023-08-23T13:42:10.5211046+00:00\",\r\n    \"provisioningState\": \"Succeeded\",\r\n
        \   \"diskState\": \"Unattached\",\r\n    \"diskSizeBytes\": 32212254720,\r\n
        \   \"uniqueId\": \"68440410-f4f4-4944-a8cf-f2185273dabb\",\r\n    \"tier\":
        \"P4\"\r\n  }\r\n}\r\n  },\r\n  \"name\": \"a317a6b0-786d-489a-9789-dc809b6feeb7\"\r\n}"
    headers:
      cache-control:
      - no-cache
      content-length:
      - '1637'
      content-type:
      - application/json; charset=utf-8
      date:
      - Wed, 23 Aug 2023 13:42:57 GMT
      expires:
      - '-1'
      pragma:
      - no-cache
      server:
      - Microsoft-HTTPAPI/2.0
      - Microsoft-HTTPAPI/2.0
      strict-transport-security:
      - max-age=31536000; includeSubDomains
      transfer-encoding:
      - chunked
      vary:
      - Accept-Encoding
      x-content-type-options:
      - nosniff
      x-ms-ratelimit-remaining-resource:
      - Microsoft.Compute/GetOperation3Min;49988,Microsoft.Compute/GetOperation30Min;399988
    status:
      code: 200
      message: OK
- request:
    body: null
    headers:
      Accept:
      - '*/*'
      Accept-Encoding:
      - gzip, deflate
      CommandName:
      - disk update
      Connection:
      - keep-alive
      ParameterSetName:
      - -g -n --encryption-type
      User-Agent:
      - AZURECLI/2.51.0 azsdk-python-azure-mgmt-compute/30.0.0 Python/3.10.12 (Linux-5.10.102.1-microsoft-standard-WSL2-x86_64-with-glibc2.35)
    method: GET
    uri: https://management.azure.com/subscriptions/00000000-0000-0000-0000-000000000000/resourceGroups/cli_test_disk_encryption_set_disk_update_000001/providers/Microsoft.Compute/disks/disk-000005?api-version=2022-07-02
  response:
    body:
      string: "{\r\n  \"name\": \"disk-000005\",\r\n  \"id\": \"/subscriptions/00000000-0000-0000-0000-000000000000/resourceGroups/cli_test_disk_encryption_set_disk_update_000001/providers/Microsoft.Compute/disks/disk-000005\",\r\n
        \ \"type\": \"Microsoft.Compute/disks\",\r\n  \"location\": \"eastus\",\r\n
        \ \"tags\": {},\r\n  \"sku\": {\r\n    \"name\": \"Premium_LRS\",\r\n    \"tier\":
        \"Premium\"\r\n  },\r\n  \"properties\": {\r\n    \"osType\": \"Linux\",\r\n
        \   \"hyperVGeneration\": \"V2\",\r\n    \"supportsHibernation\": true,\r\n
        \   \"supportedCapabilities\": {\r\n      \"diskControllerTypes\": \"SCSI,
        NVMe\",\r\n      \"acceleratedNetwork\": true,\r\n      \"architecture\":
        \"x64\"\r\n    },\r\n    \"creationData\": {\r\n      \"createOption\": \"FromImage\",\r\n
        \     \"imageReference\": {\r\n        \"id\": \"/Subscriptions/00000000-0000-0000-0000-000000000000/Providers/Microsoft.Compute/Locations/eastus/Publishers/Debian/ArtifactTypes/VMImage/Offers/debian-11/Skus/11-backports-gen2/Versions/0.20230802.1460\"\r\n
        \     }\r\n    },\r\n    \"diskSizeGB\": 30,\r\n    \"diskIOPSReadWrite\":
        120,\r\n    \"diskMBpsReadWrite\": 25,\r\n    \"encryption\": {\r\n      \"type\":
        \"EncryptionAtRestWithPlatformKey\"\r\n    },\r\n    \"networkAccessPolicy\":
        \"AllowAll\",\r\n    \"publicNetworkAccess\": \"Enabled\",\r\n    \"timeCreated\":
        \"2023-08-23T13:42:10.5211046+00:00\",\r\n    \"provisioningState\": \"Succeeded\",\r\n
        \   \"diskState\": \"Unattached\",\r\n    \"diskSizeBytes\": 32212254720,\r\n
        \   \"uniqueId\": \"68440410-f4f4-4944-a8cf-f2185273dabb\",\r\n    \"tier\":
        \"P4\"\r\n  }\r\n}"
    headers:
      cache-control:
      - no-cache
      content-length:
      - '1412'
      content-type:
      - application/json; charset=utf-8
      date:
      - Wed, 23 Aug 2023 13:42:58 GMT
      expires:
      - '-1'
      pragma:
      - no-cache
      server:
      - Microsoft-HTTPAPI/2.0
      - Microsoft-HTTPAPI/2.0
      strict-transport-security:
      - max-age=31536000; includeSubDomains
      transfer-encoding:
      - chunked
      vary:
      - Accept-Encoding
      x-content-type-options:
      - nosniff
      x-ms-ratelimit-remaining-resource:
      - Microsoft.Compute/LowCostGet3Min;14983,Microsoft.Compute/LowCostGet30Min;119983
    status:
      code: 200
      message: OK
version: 1
