interactions:
- request:
    body: null
    headers:
      Accept:
      - application/json
      Accept-Encoding:
      - gzip, deflate
      CommandName:
      - disk create
      Connection:
      - keep-alive
      ParameterSetName:
      - -g -n --size-gb --logical-sector-size --sku
      User-Agent:
      - AZURECLI/2.24.0 azsdk-python-azure-mgmt-resource/16.1.0 Python/3.8.0 (Windows-10-10.0.19041-SP0)
    method: GET
    uri: https://management.azure.com/subscriptions/00000000-0000-0000-0000-000000000000/resourcegroups/cli_test_vm_disk_logical_sector_size_000001?api-version=2021-04-01
  response:
    body:
      string: '{"id":"/subscriptions/00000000-0000-0000-0000-000000000000/resourceGroups/cli_test_vm_disk_logical_sector_size_000001","name":"cli_test_vm_disk_logical_sector_size_000001","type":"Microsoft.Resources/resourceGroups","location":"westus","tags":{"product":"azurecli","cause":"automation","date":"2021-05-25T06:20:18Z"},"properties":{"provisioningState":"Succeeded"}}'
    headers:
      cache-control:
      - no-cache
      content-length:
      - '428'
      content-type:
      - application/json; charset=utf-8
      date:
      - Tue, 25 May 2021 06:20:20 GMT
      expires:
      - '-1'
      pragma:
      - no-cache
      strict-transport-security:
      - max-age=31536000; includeSubDomains
      vary:
      - Accept-Encoding
      x-content-type-options:
      - nosniff
    status:
      code: 200
      message: OK
- request:
    body: '{"location": "westus", "tags": {}, "sku": {"name": "UltraSSD_LRS"}, "properties":
      {"hyperVGeneration": "V1", "creationData": {"createOption": "Empty", "logicalSectorSize":
      4096}, "diskSizeGB": 10}}'
    headers:
      Accept:
      - application/json
      Accept-Encoding:
      - gzip, deflate
      CommandName:
      - disk create
      Connection:
      - keep-alive
      Content-Length:
      - '197'
      Content-Type:
      - application/json
      ParameterSetName:
      - -g -n --size-gb --logical-sector-size --sku
      User-Agent:
      - AZURECLI/2.24.0 azsdk-python-azure-mgmt-compute/21.0.0 Python/3.8.0 (Windows-10-10.0.19041-SP0)
    method: PUT
    uri: https://management.azure.com/subscriptions/00000000-0000-0000-0000-000000000000/resourceGroups/cli_test_vm_disk_logical_sector_size_000001/providers/Microsoft.Compute/disks/d1?api-version=2020-12-01
  response:
    body:
      string: "{\r\n  \"name\": \"d1\",\r\n  \"location\": \"westus\",\r\n  \"tags\":
        {},\r\n  \"sku\": {\r\n    \"name\": \"UltraSSD_LRS\"\r\n  },\r\n  \"properties\":
        {\r\n    \"hyperVGeneration\": \"V1\",\r\n    \"creationData\": {\r\n      \"createOption\":
        \"Empty\",\r\n      \"logicalSectorSize\": 4096\r\n    },\r\n    \"diskSizeGB\":
        10,\r\n    \"diskIOPSReadWrite\": 100,\r\n    \"diskMBpsReadWrite\": 13,\r\n
        \   \"readOnly\": false,\r\n    \"diskIOPSReadOnly\": 100,\r\n    \"diskMBpsReadOnly\":
        13,\r\n    \"provisioningState\": \"Updating\",\r\n    \"isArmResource\":
        true\r\n  }\r\n}"
    headers:
      azure-asyncoperation:
      - https://management.azure.com/subscriptions/00000000-0000-0000-0000-000000000000/providers/Microsoft.Compute/locations/westus/DiskOperations/6083a624-d7b2-45a9-8b80-eb5fa9536e57?api-version=2020-12-01
      cache-control:
      - no-cache
      content-length:
      - '490'
      content-type:
      - application/json; charset=utf-8
      date:
      - Tue, 25 May 2021 06:20:25 GMT
      expires:
      - '-1'
      location:
      - https://management.azure.com/subscriptions/00000000-0000-0000-0000-000000000000/providers/Microsoft.Compute/locations/westus/DiskOperations/6083a624-d7b2-45a9-8b80-eb5fa9536e57?monitor=true&api-version=2020-12-01
      pragma:
      - no-cache
      server:
      - Microsoft-HTTPAPI/2.0
      - Microsoft-HTTPAPI/2.0
      strict-transport-security:
      - max-age=31536000; includeSubDomains
      x-content-type-options:
      - nosniff
      x-ms-ratelimit-remaining-resource:
      - Microsoft.Compute/CreateUpdateDisks3Min;999,Microsoft.Compute/CreateUpdateDisks30Min;7991
      x-ms-ratelimit-remaining-subscription-writes:
      - '1188'
    status:
      code: 202
      message: Accepted
- request:
    body: null
    headers:
      Accept:
      - '*/*'
      Accept-Encoding:
      - gzip, deflate
      CommandName:
      - disk create
      Connection:
      - keep-alive
      ParameterSetName:
      - -g -n --size-gb --logical-sector-size --sku
      User-Agent:
      - AZURECLI/2.24.0 azsdk-python-azure-mgmt-compute/21.0.0 Python/3.8.0 (Windows-10-10.0.19041-SP0)
    method: GET
    uri: https://management.azure.com/subscriptions/00000000-0000-0000-0000-000000000000/providers/Microsoft.Compute/locations/westus/DiskOperations/6083a624-d7b2-45a9-8b80-eb5fa9536e57?api-version=2020-12-01
  response:
    body:
      string: "{\r\n  \"startTime\": \"2021-05-25T06:20:26.4109692+00:00\",\r\n  \"endTime\":
        \"2021-05-25T06:20:27.3485031+00:00\",\r\n  \"status\": \"Succeeded\",\r\n
        \ \"properties\": {\r\n    \"output\": {\r\n  \"name\": \"d1\",\r\n  \"id\":
        \"/subscriptions/00000000-0000-0000-0000-000000000000/resourceGroups/cli_test_vm_disk_logical_sector_size_000001/providers/Microsoft.Compute/disks/d1\",\r\n
        \ \"type\": \"Microsoft.Compute/disks\",\r\n  \"location\": \"westus\",\r\n
        \ \"tags\": {},\r\n  \"sku\": {\r\n    \"name\": \"UltraSSD_LRS\",\r\n    \"tier\":
        \"Ultra\"\r\n  },\r\n  \"properties\": {\r\n    \"hyperVGeneration\": \"V1\",\r\n
        \   \"creationData\": {\r\n      \"createOption\": \"Empty\",\r\n      \"logicalSectorSize\":
        4096\r\n    },\r\n    \"diskSizeGB\": 10,\r\n    \"diskIOPSReadWrite\": 100,\r\n
        \   \"diskMBpsReadWrite\": 13,\r\n    \"readOnly\": false,\r\n    \"diskIOPSReadOnly\":
        100,\r\n    \"diskMBpsReadOnly\": 13,\r\n    \"encryption\": {\r\n      \"type\":
        \"EncryptionAtRestWithPlatformKey\"\r\n    },\r\n    \"maxShares\": 1,\r\n
        \   \"timeCreated\": \"2021-05-25T06:20:26.4109692+00:00\",\r\n    \"provisioningState\":
        \"Succeeded\",\r\n    \"diskState\": \"Unattached\",\r\n    \"diskSizeBytes\":
        10737418240,\r\n    \"uniqueId\": \"b64c581d-21f4-420e-878e-67acaefc9560\",\r\n
        \   \"networkAccessPolicy\": \"AllowAll\"\r\n  }\r\n}\r\n  },\r\n  \"name\":
        \"6083a624-d7b2-45a9-8b80-eb5fa9536e57\"\r\n}"
    headers:
      cache-control:
      - no-cache
      content-length:
      - '1260'
      content-type:
      - application/json; charset=utf-8
      date:
      - Tue, 25 May 2021 06:20:27 GMT
      expires:
      - '-1'
      pragma:
      - no-cache
      server:
      - Microsoft-HTTPAPI/2.0
      - Microsoft-HTTPAPI/2.0
      strict-transport-security:
      - max-age=31536000; includeSubDomains
      transfer-encoding:
      - chunked
      vary:
      - Accept-Encoding
      x-content-type-options:
      - nosniff
      x-ms-ratelimit-remaining-resource:
      - Microsoft.Compute/GetOperation3Min;49984,Microsoft.Compute/GetOperation30Min;399820
    status:
      code: 200
      message: OK
- request:
    body: null
    headers:
      Accept:
      - '*/*'
      Accept-Encoding:
      - gzip, deflate
      CommandName:
      - disk create
      Connection:
      - keep-alive
      ParameterSetName:
      - -g -n --size-gb --logical-sector-size --sku
      User-Agent:
      - AZURECLI/2.24.0 azsdk-python-azure-mgmt-compute/20.0.0 Python/3.8.0 (Windows-10-10.0.19041-SP0)
    method: GET
    uri: https://management.azure.com/subscriptions/00000000-0000-0000-0000-000000000000/resourceGroups/cli_test_vm_disk_logical_sector_size_000001/providers/Microsoft.Compute/disks/d1?api-version=2020-12-01
  response:
    body:
      string: "{\r\n  \"name\": \"d1\",\r\n  \"id\": \"/subscriptions/00000000-0000-0000-0000-000000000000/resourceGroups/cli_test_vm_disk_logical_sector_size_000001/providers/Microsoft.Compute/disks/d1\",\r\n
        \ \"type\": \"Microsoft.Compute/disks\",\r\n  \"location\": \"westus\",\r\n
        \ \"tags\": {},\r\n  \"sku\": {\r\n    \"name\": \"UltraSSD_LRS\",\r\n    \"tier\":
        \"Ultra\"\r\n  },\r\n  \"properties\": {\r\n    \"hyperVGeneration\": \"V1\",\r\n
        \   \"creationData\": {\r\n      \"createOption\": \"Empty\",\r\n      \"logicalSectorSize\":
        4096\r\n    },\r\n    \"diskSizeGB\": 10,\r\n    \"diskIOPSReadWrite\": 100,\r\n
        \   \"diskMBpsReadWrite\": 13,\r\n    \"readOnly\": false,\r\n    \"diskIOPSReadOnly\":
        100,\r\n    \"diskMBpsReadOnly\": 13,\r\n    \"encryption\": {\r\n      \"type\":
        \"EncryptionAtRestWithPlatformKey\"\r\n    },\r\n    \"maxShares\": 1,\r\n
        \   \"timeCreated\": \"2021-05-25T06:20:26.4109692+00:00\",\r\n    \"provisioningState\":
        \"Succeeded\",\r\n    \"diskState\": \"Unattached\",\r\n    \"diskSizeBytes\":
        10737418240,\r\n    \"uniqueId\": \"b64c581d-21f4-420e-878e-67acaefc9560\",\r\n
        \   \"networkAccessPolicy\": \"AllowAll\"\r\n  }\r\n}"
    headers:
      cache-control:
      - no-cache
      content-length:
      - '1035'
      content-type:
      - application/json; charset=utf-8
      date:
      - Tue, 25 May 2021 06:20:28 GMT
      expires:
      - '-1'
      pragma:
      - no-cache
      server:
      - Microsoft-HTTPAPI/2.0
      - Microsoft-HTTPAPI/2.0
      strict-transport-security:
      - max-age=31536000; includeSubDomains
      transfer-encoding:
      - chunked
      vary:
      - Accept-Encoding
      x-content-type-options:
      - nosniff
      x-ms-ratelimit-remaining-resource:
      - Microsoft.Compute/LowCostGet3Min;4981,Microsoft.Compute/LowCostGet30Min;39721
    status:
      code: 200
      message: OK
- request:
    body: null
    headers:
      Accept:
      - application/json
      Accept-Encoding:
      - gzip, deflate
      CommandName:
      - disk create
      Connection:
      - keep-alive
      ParameterSetName:
      - -g -n --size-gb --tier
      User-Agent:
      - AZURECLI/2.24.0 azsdk-python-azure-mgmt-resource/16.1.0 Python/3.8.0 (Windows-10-10.0.19041-SP0)
    method: GET
    uri: https://management.azure.com/subscriptions/00000000-0000-0000-0000-000000000000/resourcegroups/cli_test_vm_disk_logical_sector_size_000001?api-version=2021-04-01
  response:
    body:
      string: '{"id":"/subscriptions/00000000-0000-0000-0000-000000000000/resourceGroups/cli_test_vm_disk_logical_sector_size_000001","name":"cli_test_vm_disk_logical_sector_size_000001","type":"Microsoft.Resources/resourceGroups","location":"westus","tags":{"product":"azurecli","cause":"automation","date":"2021-05-25T06:20:18Z"},"properties":{"provisioningState":"Succeeded"}}'
    headers:
      cache-control:
      - no-cache
      content-length:
      - '428'
      content-type:
      - application/json; charset=utf-8
      date:
      - Tue, 25 May 2021 06:20:30 GMT
      expires:
      - '-1'
      pragma:
      - no-cache
      strict-transport-security:
      - max-age=31536000; includeSubDomains
      vary:
      - Accept-Encoding
      x-content-type-options:
      - nosniff
    status:
      code: 200
      message: OK
- request:
    body: '{"location": "westus", "tags": {}, "sku": {"name": "Premium_LRS"}, "properties":
      {"hyperVGeneration": "V1", "creationData": {"createOption": "Empty"}, "diskSizeGB":
      10, "tier": "P4"}}'
    headers:
      Accept:
      - application/json
      Accept-Encoding:
      - gzip, deflate
      CommandName:
      - disk create
      Connection:
      - keep-alive
      Content-Length:
      - '183'
      Content-Type:
      - application/json
      ParameterSetName:
      - -g -n --size-gb --tier
      User-Agent:
      - AZURECLI/2.24.0 azsdk-python-azure-mgmt-compute/20.0.0 Python/3.8.0 (Windows-10-10.0.19041-SP0)
    method: PUT
    uri: https://management.azure.com/subscriptions/00000000-0000-0000-0000-000000000000/resourceGroups/cli_test_vm_disk_logical_sector_size_000001/providers/Microsoft.Compute/disks/d2?api-version=2020-12-01
  response:
    body:
      string: "{\r\n  \"name\": \"d2\",\r\n  \"location\": \"westus\",\r\n  \"tags\":
        {},\r\n  \"sku\": {\r\n    \"name\": \"Premium_LRS\"\r\n  },\r\n  \"properties\":
        {\r\n    \"hyperVGeneration\": \"V1\",\r\n    \"creationData\": {\r\n      \"createOption\":
        \"Empty\"\r\n    },\r\n    \"diskSizeGB\": 10,\r\n    \"provisioningState\":
        \"Updating\",\r\n    \"isArmResource\": true,\r\n    \"tier\": \"P4\"\r\n
        \ }\r\n}"
    headers:
      azure-asyncoperation:
      - https://management.azure.com/subscriptions/00000000-0000-0000-0000-000000000000/providers/Microsoft.Compute/locations/westus/DiskOperations/4facab12-e330-4c24-9dc0-781815642384?api-version=2020-12-01
      cache-control:
      - no-cache
      content-length:
      - '330'
      content-type:
      - application/json; charset=utf-8
      date:
      - Tue, 25 May 2021 06:20:34 GMT
      expires:
      - '-1'
      location:
      - https://management.azure.com/subscriptions/00000000-0000-0000-0000-000000000000/providers/Microsoft.Compute/locations/westus/DiskOperations/4facab12-e330-4c24-9dc0-781815642384?monitor=true&api-version=2020-12-01
      pragma:
      - no-cache
      server:
      - Microsoft-HTTPAPI/2.0
      - Microsoft-HTTPAPI/2.0
      strict-transport-security:
      - max-age=31536000; includeSubDomains
      x-content-type-options:
      - nosniff
      x-ms-ratelimit-remaining-resource:
      - Microsoft.Compute/CreateUpdateDisks3Min;998,Microsoft.Compute/CreateUpdateDisks30Min;7990
      x-ms-ratelimit-remaining-subscription-writes:
      - '1190'
    status:
      code: 202
      message: Accepted
- request:
    body: null
    headers:
      Accept:
      - '*/*'
      Accept-Encoding:
      - gzip, deflate
      CommandName:
      - disk create
      Connection:
      - keep-alive
      ParameterSetName:
      - -g -n --size-gb --tier
      User-Agent:
      - AZURECLI/2.24.0 azsdk-python-azure-mgmt-compute/20.0.0 Python/3.8.0 (Windows-10-10.0.19041-SP0)
    method: GET
    uri: https://management.azure.com/subscriptions/00000000-0000-0000-0000-000000000000/providers/Microsoft.Compute/locations/westus/DiskOperations/4facab12-e330-4c24-9dc0-781815642384?api-version=2020-12-01
  response:
    body:
      string: "{\r\n  \"startTime\": \"2021-05-25T06:20:34.9269331+00:00\",\r\n  \"endTime\":
        \"2021-05-25T06:20:35.0207126+00:00\",\r\n  \"status\": \"Succeeded\",\r\n
        \ \"properties\": {\r\n    \"output\": {\r\n  \"name\": \"d2\",\r\n  \"id\":
        \"/subscriptions/00000000-0000-0000-0000-000000000000/resourceGroups/cli_test_vm_disk_logical_sector_size_000001/providers/Microsoft.Compute/disks/d2\",\r\n
        \ \"type\": \"Microsoft.Compute/disks\",\r\n  \"location\": \"westus\",\r\n
        \ \"tags\": {},\r\n  \"sku\": {\r\n    \"name\": \"Premium_LRS\",\r\n    \"tier\":
        \"Premium\"\r\n  },\r\n  \"properties\": {\r\n    \"hyperVGeneration\": \"V1\",\r\n
        \   \"creationData\": {\r\n      \"createOption\": \"Empty\"\r\n    },\r\n
        \   \"diskSizeGB\": 10,\r\n    \"diskIOPSReadWrite\": 120,\r\n    \"diskMBpsReadWrite\":
        25,\r\n    \"encryption\": {\r\n      \"type\": \"EncryptionAtRestWithPlatformKey\"\r\n
        \   },\r\n    \"timeCreated\": \"2021-05-25T06:20:34.9269331+00:00\",\r\n
        \   \"provisioningState\": \"Succeeded\",\r\n    \"diskState\": \"Unattached\",\r\n
        \   \"diskSizeBytes\": 10737418240,\r\n    \"uniqueId\": \"5c61bebc-e071-40ac-b38d-25c0caed19e7\",\r\n
        \   \"networkAccessPolicy\": \"AllowAll\",\r\n    \"tier\": \"P4\"\r\n  }\r\n}\r\n
        \ },\r\n  \"name\": \"4facab12-e330-4c24-9dc0-781815642384\"\r\n}"
    headers:
      cache-control:
      - no-cache
      content-length:
      - '1142'
      content-type:
      - application/json; charset=utf-8
      date:
      - Tue, 25 May 2021 06:20:36 GMT
      expires:
      - '-1'
      pragma:
      - no-cache
      server:
      - Microsoft-HTTPAPI/2.0
      - Microsoft-HTTPAPI/2.0
      strict-transport-security:
      - max-age=31536000; includeSubDomains
      transfer-encoding:
      - chunked
      vary:
      - Accept-Encoding
      x-content-type-options:
      - nosniff
      x-ms-ratelimit-remaining-resource:
      - Microsoft.Compute/GetOperation3Min;49985,Microsoft.Compute/GetOperation30Min;399818
    status:
      code: 200
      message: OK
- request:
    body: null
    headers:
      Accept:
      - '*/*'
      Accept-Encoding:
      - gzip, deflate
      CommandName:
      - disk create
      Connection:
      - keep-alive
      ParameterSetName:
      - -g -n --size-gb --tier
      User-Agent:
      - AZURECLI/2.24.0 azsdk-python-azure-mgmt-compute/20.0.0 Python/3.8.0 (Windows-10-10.0.19041-SP0)
    method: GET
    uri: https://management.azure.com/subscriptions/00000000-0000-0000-0000-000000000000/resourceGroups/cli_test_vm_disk_logical_sector_size_000001/providers/Microsoft.Compute/disks/d2?api-version=2020-12-01
  response:
    body:
      string: "{\r\n  \"name\": \"d2\",\r\n  \"id\": \"/subscriptions/00000000-0000-0000-0000-000000000000/resourceGroups/cli_test_vm_disk_logical_sector_size_000001/providers/Microsoft.Compute/disks/d2\",\r\n
        \ \"type\": \"Microsoft.Compute/disks\",\r\n  \"location\": \"westus\",\r\n
        \ \"tags\": {},\r\n  \"sku\": {\r\n    \"name\": \"Premium_LRS\",\r\n    \"tier\":
        \"Premium\"\r\n  },\r\n  \"properties\": {\r\n    \"hyperVGeneration\": \"V1\",\r\n
        \   \"creationData\": {\r\n      \"createOption\": \"Empty\"\r\n    },\r\n
        \   \"diskSizeGB\": 10,\r\n    \"diskIOPSReadWrite\": 120,\r\n    \"diskMBpsReadWrite\":
        25,\r\n    \"encryption\": {\r\n      \"type\": \"EncryptionAtRestWithPlatformKey\"\r\n
        \   },\r\n    \"timeCreated\": \"2021-05-25T06:20:34.9269331+00:00\",\r\n
        \   \"provisioningState\": \"Succeeded\",\r\n    \"diskState\": \"Unattached\",\r\n
        \   \"diskSizeBytes\": 10737418240,\r\n    \"uniqueId\": \"5c61bebc-e071-40ac-b38d-25c0caed19e7\",\r\n
        \   \"networkAccessPolicy\": \"AllowAll\",\r\n    \"tier\": \"P4\"\r\n  }\r\n}"
    headers:
      cache-control:
      - no-cache
      content-length:
      - '917'
      content-type:
      - application/json; charset=utf-8
      date:
      - Tue, 25 May 2021 06:20:36 GMT
      expires:
      - '-1'
      pragma:
      - no-cache
      server:
      - Microsoft-HTTPAPI/2.0
      - Microsoft-HTTPAPI/2.0
      strict-transport-security:
      - max-age=31536000; includeSubDomains
      transfer-encoding:
      - chunked
      vary:
      - Accept-Encoding
      x-content-type-options:
      - nosniff
      x-ms-ratelimit-remaining-resource:
      - Microsoft.Compute/LowCostGet3Min;4981,Microsoft.Compute/LowCostGet30Min;39718
    status:
      code: 200
      message: OK
version: 1
