interactions:
- request:
    body: null
    headers:
      Accept:
      - application/json
      Accept-Encoding:
      - gzip, deflate
      CommandName:
      - disk create
      Connection:
      - keep-alive
      ParameterSetName:
      - -g -n --size-gb --logical-sector-size --sku
      User-Agent:
      - AZURECLI/2.45.0 azsdk-python-azure-mgmt-resource/22.0.0 Python/3.10.9 (Windows-10-10.0.22621-SP0)
    method: GET
    uri: https://management.azure.com/subscriptions/00000000-0000-0000-0000-000000000000/resourcegroups/cli_test_vm_disk_logical_sector_size_000001?api-version=2022-09-01
  response:
    body:
      string: '{"id":"/subscriptions/00000000-0000-0000-0000-000000000000/resourceGroups/cli_test_vm_disk_logical_sector_size_000001","name":"cli_test_vm_disk_logical_sector_size_000001","type":"Microsoft.Resources/resourceGroups","location":"westus","tags":{"product":"azurecli","cause":"automation","date":"2023-02-17T03:44:01Z"},"properties":{"provisioningState":"Succeeded"}}'
    headers:
      cache-control:
      - no-cache
      content-length:
      - '364'
      content-type:
      - application/json; charset=utf-8
      date:
      - Fri, 17 Feb 2023 03:44:03 GMT
      expires:
      - '-1'
      pragma:
      - no-cache
      strict-transport-security:
      - max-age=31536000; includeSubDomains
      vary:
      - Accept-Encoding
      x-content-type-options:
      - nosniff
    status:
      code: 200
      message: OK
- request:
    body: '{"location": "westus", "tags": {}, "sku": {"name": "UltraSSD_LRS"}, "properties":
      {"hyperVGeneration": "V1", "creationData": {"createOption": "Empty", "logicalSectorSize":
      4096}, "diskSizeGB": 10}}'
    headers:
      Accept:
      - application/json
      Accept-Encoding:
      - gzip, deflate
      CommandName:
      - disk create
      Connection:
      - keep-alive
      Content-Length:
      - '197'
      Content-Type:
      - application/json
      ParameterSetName:
      - -g -n --size-gb --logical-sector-size --sku
      User-Agent:
      - AZURECLI/2.45.0 azsdk-python-azure-mgmt-compute/29.1.0 Python/3.10.9 (Windows-10-10.0.22621-SP0)
    method: PUT
    uri: https://management.azure.com/subscriptions/00000000-0000-0000-0000-000000000000/resourceGroups/cli_test_vm_disk_logical_sector_size_000001/providers/Microsoft.Compute/disks/d1?api-version=2022-07-02
  response:
    body:
      string: "{\r\n  \"name\": \"d1\",\r\n  \"id\": \"/subscriptions/00000000-0000-0000-0000-000000000000/resourceGroups/cli_test_vm_disk_logical_sector_size_000001/providers/Microsoft.Compute/disks/d1\"\
        ,\r\n  \"type\": \"Microsoft.Compute/disks\",\r\n  \"location\": \"westus\"\
        ,\r\n  \"tags\": {},\r\n  \"sku\": {\r\n    \"name\": \"UltraSSD_LRS\"\r\n\
        \  },\r\n  \"properties\": {\r\n    \"hyperVGeneration\": \"V1\",\r\n    \"\
        creationData\": {\r\n      \"createOption\": \"Empty\",\r\n      \"logicalSectorSize\"\
        : 4096\r\n    },\r\n    \"diskSizeGB\": 10,\r\n    \"provisioningState\":\
        \ \"Updating\"\r\n  }\r\n}"
    headers:
      azure-asyncoperation:
      - https://management.azure.com/subscriptions/00000000-0000-0000-0000-000000000000/providers/Microsoft.Compute/locations/westus/DiskOperations/4a4d0d31-502e-415f-84e9-d20d017e4ffe?p=42128af7-4c72-4222-9761-fb0d8e6cebdc&api-version=2022-07-02
      cache-control:
      - no-cache
      content-length:
      - '516'
      content-type:
      - application/json; charset=utf-8
      date:
      - Fri, 17 Feb 2023 03:44:08 GMT
      expires:
      - '-1'
      location:
      - https://management.azure.com/subscriptions/00000000-0000-0000-0000-000000000000/providers/Microsoft.Compute/locations/westus/DiskOperations/4a4d0d31-502e-415f-84e9-d20d017e4ffe?p=42128af7-4c72-4222-9761-fb0d8e6cebdc&monitor=true&api-version=2022-07-02
      pragma:
      - no-cache
      server:
      - Microsoft-HTTPAPI/2.0
      - Microsoft-HTTPAPI/2.0
      strict-transport-security:
      - max-age=31536000; includeSubDomains
      x-content-type-options:
      - nosniff
      x-ms-ratelimit-remaining-resource:
      - Microsoft.Compute/CreateUpdateDisks3Min;999,Microsoft.Compute/CreateUpdateDisks30Min;7983
      x-ms-ratelimit-remaining-subscription-writes:
      - '1195'
    status:
      code: 202
      message: Accepted
- request:
    body: null
    headers:
      Accept:
      - '*/*'
      Accept-Encoding:
      - gzip, deflate
      CommandName:
      - disk create
      Connection:
      - keep-alive
      ParameterSetName:
      - -g -n --size-gb --logical-sector-size --sku
      User-Agent:
      - AZURECLI/2.45.0 azsdk-python-azure-mgmt-compute/29.1.0 Python/3.10.9 (Windows-10-10.0.22621-SP0)
    method: GET
    uri: https://management.azure.com/subscriptions/00000000-0000-0000-0000-000000000000/providers/Microsoft.Compute/locations/westus/DiskOperations/4a4d0d31-502e-415f-84e9-d20d017e4ffe?p=42128af7-4c72-4222-9761-fb0d8e6cebdc&api-version=2022-07-02
  response:
    body:
      string: "{\r\n  \"startTime\": \"2023-02-17T03:44:08.6137554+00:00\",\r\n  \"\
        endTime\": \"2023-02-17T03:44:09.4106233+00:00\",\r\n  \"status\": \"Succeeded\"\
        ,\r\n  \"properties\": {\r\n    \"output\": {\r\n  \"name\": \"d1\",\r\n \
        \ \"id\": \"/subscriptions/00000000-0000-0000-0000-000000000000/resourceGroups/cli_test_vm_disk_logical_sector_size_000001/providers/Microsoft.Compute/disks/d1\"\
        ,\r\n  \"type\": \"Microsoft.Compute/disks\",\r\n  \"location\": \"westus\"\
        ,\r\n  \"tags\": {},\r\n  \"sku\": {\r\n    \"name\": \"UltraSSD_LRS\",\r\n\
        \    \"tier\": \"Ultra\"\r\n  },\r\n  \"properties\": {\r\n    \"hyperVGeneration\"\
        : \"V1\",\r\n    \"creationData\": {\r\n      \"createOption\": \"Empty\"\
        ,\r\n      \"logicalSectorSize\": 4096\r\n    },\r\n    \"diskSizeGB\": 10,\r\
        \n    \"diskIOPSReadWrite\": 100,\r\n    \"diskMBpsReadWrite\": 13,\r\n  \
        \  \"readOnly\": false,\r\n    \"diskIOPSReadOnly\": 100,\r\n    \"diskMBpsReadOnly\"\
        : 13,\r\n    \"encryption\": {\r\n      \"type\": \"EncryptionAtRestWithPlatformKey\"\
        \r\n    },\r\n    \"maxShares\": 1,\r\n    \"networkAccessPolicy\": \"AllowAll\"\
        ,\r\n    \"publicNetworkAccess\": \"Enabled\",\r\n    \"timeCreated\": \"\
        2023-02-17T03:44:08.6137554+00:00\",\r\n    \"provisioningState\": \"Succeeded\"\
        ,\r\n    \"diskState\": \"Unattached\",\r\n    \"diskSizeBytes\": 10737418240,\r\
        \n    \"uniqueId\": \"e8331b4c-2c7c-4201-949e-1fb8ea194e16\"\r\n  }\r\n}\r\
        \n  },\r\n  \"name\": \"4a4d0d31-502e-415f-84e9-d20d017e4ffe\"\r\n}"
    headers:
      cache-control:
      - no-cache
      content-length:
      - '1267'
      content-type:
      - application/json; charset=utf-8
      date:
      - Fri, 17 Feb 2023 03:44:10 GMT
      expires:
      - '-1'
      pragma:
      - no-cache
      server:
      - Microsoft-HTTPAPI/2.0
      - Microsoft-HTTPAPI/2.0
      strict-transport-security:
      - max-age=31536000; includeSubDomains
      transfer-encoding:
      - chunked
      vary:
      - Accept-Encoding
      x-content-type-options:
      - nosniff
      x-ms-ratelimit-remaining-resource:
      - Microsoft.Compute/GetOperation3Min;49981,Microsoft.Compute/GetOperation30Min;399729
    status:
      code: 200
      message: OK
- request:
    body: null
    headers:
      Accept:
      - '*/*'
      Accept-Encoding:
      - gzip, deflate
      CommandName:
      - disk create
      Connection:
      - keep-alive
      ParameterSetName:
      - -g -n --size-gb --logical-sector-size --sku
      User-Agent:
      - AZURECLI/2.45.0 azsdk-python-azure-mgmt-compute/29.1.0 Python/3.10.9 (Windows-10-10.0.22621-SP0)
    method: GET
    uri: https://management.azure.com/subscriptions/00000000-0000-0000-0000-000000000000/resourceGroups/cli_test_vm_disk_logical_sector_size_000001/providers/Microsoft.Compute/disks/d1?api-version=2022-07-02
  response:
    body:
      string: "{\r\n  \"name\": \"d1\",\r\n  \"id\": \"/subscriptions/00000000-0000-0000-0000-000000000000/resourceGroups/cli_test_vm_disk_logical_sector_size_000001/providers/Microsoft.Compute/disks/d1\"\
        ,\r\n  \"type\": \"Microsoft.Compute/disks\",\r\n  \"location\": \"westus\"\
        ,\r\n  \"tags\": {},\r\n  \"sku\": {\r\n    \"name\": \"UltraSSD_LRS\",\r\n\
        \    \"tier\": \"Ultra\"\r\n  },\r\n  \"properties\": {\r\n    \"hyperVGeneration\"\
        : \"V1\",\r\n    \"creationData\": {\r\n      \"createOption\": \"Empty\"\
        ,\r\n      \"logicalSectorSize\": 4096\r\n    },\r\n    \"diskSizeGB\": 10,\r\
        \n    \"diskIOPSReadWrite\": 100,\r\n    \"diskMBpsReadWrite\": 13,\r\n  \
        \  \"readOnly\": false,\r\n    \"diskIOPSReadOnly\": 100,\r\n    \"diskMBpsReadOnly\"\
        : 13,\r\n    \"encryption\": {\r\n      \"type\": \"EncryptionAtRestWithPlatformKey\"\
        \r\n    },\r\n    \"maxShares\": 1,\r\n    \"networkAccessPolicy\": \"AllowAll\"\
        ,\r\n    \"publicNetworkAccess\": \"Enabled\",\r\n    \"timeCreated\": \"\
        2023-02-17T03:44:08.6137554+00:00\",\r\n    \"provisioningState\": \"Succeeded\"\
        ,\r\n    \"diskState\": \"Unattached\",\r\n    \"diskSizeBytes\": 10737418240,\r\
        \n    \"uniqueId\": \"e8331b4c-2c7c-4201-949e-1fb8ea194e16\"\r\n  }\r\n}"
    headers:
      cache-control:
      - no-cache
      content-length:
      - '1042'
      content-type:
      - application/json; charset=utf-8
      date:
      - Fri, 17 Feb 2023 03:44:11 GMT
      expires:
      - '-1'
      pragma:
      - no-cache
      server:
      - Microsoft-HTTPAPI/2.0
      - Microsoft-HTTPAPI/2.0
      strict-transport-security:
      - max-age=31536000; includeSubDomains
      transfer-encoding:
      - chunked
      vary:
      - Accept-Encoding
      x-content-type-options:
      - nosniff
      x-ms-ratelimit-remaining-resource:
      - Microsoft.Compute/LowCostGet3Min;14991,Microsoft.Compute/LowCostGet30Min;119827
    status:
      code: 200
      message: OK
- request:
    body: null
    headers:
      Accept:
      - application/json
      Accept-Encoding:
      - gzip, deflate
      CommandName:
      - disk create
      Connection:
      - keep-alive
      ParameterSetName:
      - -g -n --size-gb --tier
      User-Agent:
      - AZURECLI/2.45.0 azsdk-python-azure-mgmt-resource/22.0.0 Python/3.10.9 (Windows-10-10.0.22621-SP0)
    method: GET
    uri: https://management.azure.com/subscriptions/00000000-0000-0000-0000-000000000000/resourcegroups/cli_test_vm_disk_logical_sector_size_000001?api-version=2022-09-01
  response:
    body:
      string: '{"id":"/subscriptions/00000000-0000-0000-0000-000000000000/resourceGroups/cli_test_vm_disk_logical_sector_size_000001","name":"cli_test_vm_disk_logical_sector_size_000001","type":"Microsoft.Resources/resourceGroups","location":"westus","tags":{"product":"azurecli","cause":"automation","date":"2023-02-17T03:44:01Z"},"properties":{"provisioningState":"Succeeded"}}'
    headers:
      cache-control:
      - no-cache
      content-length:
      - '364'
      content-type:
      - application/json; charset=utf-8
      date:
      - Fri, 17 Feb 2023 03:44:12 GMT
      expires:
      - '-1'
      pragma:
      - no-cache
      strict-transport-security:
      - max-age=31536000; includeSubDomains
      vary:
      - Accept-Encoding
      x-content-type-options:
      - nosniff
    status:
      code: 200
      message: OK
- request:
    body: '{"location": "westus", "tags": {}, "sku": {"name": "Premium_LRS"}, "properties":
      {"hyperVGeneration": "V1", "creationData": {"createOption": "Empty"}, "diskSizeGB":
      10, "tier": "P4"}}'
    headers:
      Accept:
      - application/json
      Accept-Encoding:
      - gzip, deflate
      CommandName:
      - disk create
      Connection:
      - keep-alive
      Content-Length:
      - '183'
      Content-Type:
      - application/json
      ParameterSetName:
      - -g -n --size-gb --tier
      User-Agent:
      - AZURECLI/2.45.0 azsdk-python-azure-mgmt-compute/29.1.0 Python/3.10.9 (Windows-10-10.0.22621-SP0)
    method: PUT
    uri: https://management.azure.com/subscriptions/00000000-0000-0000-0000-000000000000/resourceGroups/cli_test_vm_disk_logical_sector_size_000001/providers/Microsoft.Compute/disks/d2?api-version=2022-07-02
  response:
    body:
      string: "{\r\n  \"name\": \"d2\",\r\n  \"id\": \"/subscriptions/00000000-0000-0000-0000-000000000000/resourceGroups/cli_test_vm_disk_logical_sector_size_000001/providers/Microsoft.Compute/disks/d2\"\
        ,\r\n  \"type\": \"Microsoft.Compute/disks\",\r\n  \"location\": \"westus\"\
        ,\r\n  \"tags\": {},\r\n  \"sku\": {\r\n    \"name\": \"Premium_LRS\"\r\n\
        \  },\r\n  \"properties\": {\r\n    \"hyperVGeneration\": \"V1\",\r\n    \"\
        creationData\": {\r\n      \"createOption\": \"Empty\"\r\n    },\r\n    \"\
        diskSizeGB\": 10,\r\n    \"provisioningState\": \"Updating\",\r\n    \"tier\"\
        : \"P4\"\r\n  }\r\n}"
    headers:
      azure-asyncoperation:
      - https://management.azure.com/subscriptions/00000000-0000-0000-0000-000000000000/providers/Microsoft.Compute/locations/westus/DiskOperations/34cc3433-cc6f-4292-8481-93144a4e7c13?p=42128af7-4c72-4222-9761-fb0d8e6cebdc&api-version=2022-07-02
      cache-control:
      - no-cache
      content-length:
      - '500'
      content-type:
      - application/json; charset=utf-8
      date:
      - Fri, 17 Feb 2023 03:44:16 GMT
      expires:
      - '-1'
      location:
      - https://management.azure.com/subscriptions/00000000-0000-0000-0000-000000000000/providers/Microsoft.Compute/locations/westus/DiskOperations/34cc3433-cc6f-4292-8481-93144a4e7c13?p=42128af7-4c72-4222-9761-fb0d8e6cebdc&monitor=true&api-version=2022-07-02
      pragma:
      - no-cache
      server:
      - Microsoft-HTTPAPI/2.0
      - Microsoft-HTTPAPI/2.0
      strict-transport-security:
      - max-age=31536000; includeSubDomains
      x-content-type-options:
      - nosniff
      x-ms-ratelimit-remaining-resource:
      - Microsoft.Compute/CreateUpdateDisks3Min;998,Microsoft.Compute/CreateUpdateDisks30Min;7982
      x-ms-ratelimit-remaining-subscription-writes:
      - '1194'
    status:
      code: 202
      message: Accepted
- request:
    body: null
    headers:
      Accept:
      - '*/*'
      Accept-Encoding:
      - gzip, deflate
      CommandName:
      - disk create
      Connection:
      - keep-alive
      ParameterSetName:
      - -g -n --size-gb --tier
      User-Agent:
      - AZURECLI/2.45.0 azsdk-python-azure-mgmt-compute/29.1.0 Python/3.10.9 (Windows-10-10.0.22621-SP0)
    method: GET
    uri: https://management.azure.com/subscriptions/00000000-0000-0000-0000-000000000000/providers/Microsoft.Compute/locations/westus/DiskOperations/34cc3433-cc6f-4292-8481-93144a4e7c13?p=42128af7-4c72-4222-9761-fb0d8e6cebdc&api-version=2022-07-02
  response:
    body:
      string: "{\r\n  \"startTime\": \"2023-02-17T03:44:17.3950716+00:00\",\r\n  \"\
        endTime\": \"2023-02-17T03:44:17.4888094+00:00\",\r\n  \"status\": \"Succeeded\"\
        ,\r\n  \"properties\": {\r\n    \"output\": {\r\n  \"name\": \"d2\",\r\n \
        \ \"id\": \"/subscriptions/00000000-0000-0000-0000-000000000000/resourceGroups/cli_test_vm_disk_logical_sector_size_000001/providers/Microsoft.Compute/disks/d2\"\
        ,\r\n  \"type\": \"Microsoft.Compute/disks\",\r\n  \"location\": \"westus\"\
        ,\r\n  \"tags\": {},\r\n  \"sku\": {\r\n    \"name\": \"Premium_LRS\",\r\n\
        \    \"tier\": \"Premium\"\r\n  },\r\n  \"properties\": {\r\n    \"hyperVGeneration\"\
        : \"V1\",\r\n    \"creationData\": {\r\n      \"createOption\": \"Empty\"\r\
        \n    },\r\n    \"diskSizeGB\": 10,\r\n    \"diskIOPSReadWrite\": 120,\r\n\
        \    \"diskMBpsReadWrite\": 25,\r\n    \"encryption\": {\r\n      \"type\"\
        : \"EncryptionAtRestWithPlatformKey\"\r\n    },\r\n    \"networkAccessPolicy\"\
        : \"AllowAll\",\r\n    \"publicNetworkAccess\": \"Enabled\",\r\n    \"timeCreated\"\
        : \"2023-02-17T03:44:17.3950716+00:00\",\r\n    \"provisioningState\": \"\
        Succeeded\",\r\n    \"diskState\": \"Unattached\",\r\n    \"diskSizeBytes\"\
        : 10737418240,\r\n    \"uniqueId\": \"fa0f4540-36a6-464a-8aba-03ce980eb5e5\"\
        ,\r\n    \"tier\": \"P4\"\r\n  }\r\n}\r\n  },\r\n  \"name\": \"34cc3433-cc6f-4292-8481-93144a4e7c13\"\
        \r\n}"
    headers:
      cache-control:
      - no-cache
      content-length:
      - '1149'
      content-type:
      - application/json; charset=utf-8
      date:
      - Fri, 17 Feb 2023 03:44:19 GMT
      expires:
      - '-1'
      pragma:
      - no-cache
      server:
      - Microsoft-HTTPAPI/2.0
      - Microsoft-HTTPAPI/2.0
      strict-transport-security:
      - max-age=31536000; includeSubDomains
      transfer-encoding:
      - chunked
      vary:
      - Accept-Encoding
      x-content-type-options:
      - nosniff
      x-ms-ratelimit-remaining-resource:
      - Microsoft.Compute/GetOperation3Min;49979,Microsoft.Compute/GetOperation30Min;399727
    status:
      code: 200
      message: OK
- request:
    body: null
    headers:
      Accept:
      - '*/*'
      Accept-Encoding:
      - gzip, deflate
      CommandName:
      - disk create
      Connection:
      - keep-alive
      ParameterSetName:
      - -g -n --size-gb --tier
      User-Agent:
      - AZURECLI/2.45.0 azsdk-python-azure-mgmt-compute/29.1.0 Python/3.10.9 (Windows-10-10.0.22621-SP0)
    method: GET
    uri: https://management.azure.com/subscriptions/00000000-0000-0000-0000-000000000000/resourceGroups/cli_test_vm_disk_logical_sector_size_000001/providers/Microsoft.Compute/disks/d2?api-version=2022-07-02
  response:
    body:
      string: "{\r\n  \"name\": \"d2\",\r\n  \"id\": \"/subscriptions/00000000-0000-0000-0000-000000000000/resourceGroups/cli_test_vm_disk_logical_sector_size_000001/providers/Microsoft.Compute/disks/d2\"\
        ,\r\n  \"type\": \"Microsoft.Compute/disks\",\r\n  \"location\": \"westus\"\
        ,\r\n  \"tags\": {},\r\n  \"sku\": {\r\n    \"name\": \"Premium_LRS\",\r\n\
        \    \"tier\": \"Premium\"\r\n  },\r\n  \"properties\": {\r\n    \"hyperVGeneration\"\
        : \"V1\",\r\n    \"creationData\": {\r\n      \"createOption\": \"Empty\"\r\
        \n    },\r\n    \"diskSizeGB\": 10,\r\n    \"diskIOPSReadWrite\": 120,\r\n\
        \    \"diskMBpsReadWrite\": 25,\r\n    \"encryption\": {\r\n      \"type\"\
        : \"EncryptionAtRestWithPlatformKey\"\r\n    },\r\n    \"networkAccessPolicy\"\
        : \"AllowAll\",\r\n    \"publicNetworkAccess\": \"Enabled\",\r\n    \"timeCreated\"\
        : \"2023-02-17T03:44:17.3950716+00:00\",\r\n    \"provisioningState\": \"\
        Succeeded\",\r\n    \"diskState\": \"Unattached\",\r\n    \"diskSizeBytes\"\
        : 10737418240,\r\n    \"uniqueId\": \"fa0f4540-36a6-464a-8aba-03ce980eb5e5\"\
        ,\r\n    \"tier\": \"P4\"\r\n  }\r\n}"
    headers:
      cache-control:
      - no-cache
      content-length:
      - '924'
      content-type:
      - application/json; charset=utf-8
      date:
      - Fri, 17 Feb 2023 03:44:19 GMT
      expires:
      - '-1'
      pragma:
      - no-cache
      server:
      - Microsoft-HTTPAPI/2.0
      - Microsoft-HTTPAPI/2.0
      strict-transport-security:
      - max-age=31536000; includeSubDomains
      transfer-encoding:
      - chunked
      vary:
      - Accept-Encoding
      x-content-type-options:
      - nosniff
      x-ms-ratelimit-remaining-resource:
      - Microsoft.Compute/LowCostGet3Min;14988,Microsoft.Compute/LowCostGet30Min;119824
    status:
      code: 200
      message: OK
version: 1
