interactions:
- request:
    body: null
    headers:
      Accept:
      - application/json
      Accept-Encoding:
      - gzip, deflate
      CommandName:
      - vm create
      Connection:
      - keep-alive
      ParameterSetName:
      - -g --location -n --admin-username --image --admin-password --authentication-type
        --nsg-rule
      User-Agent:
      - AZURECLI/2.53.0 azsdk-python-azure-mgmt-compute/30.0.0 Python/3.10.9 (Windows-10-10.0.22621-SP0)
    method: GET
    uri: https://management.azure.com/subscriptions/00000000-0000-0000-0000-000000000000/providers/Microsoft.Compute/locations/westus/publishers/OpenLogic/artifacttypes/vmimage/offers/CentOS/skus/7.5/versions?$top=1&$orderby=name%20desc&api-version=2022-11-01
  response:
    body:
      string: "[\r\n  {\r\n    \"location\": \"westus\",\r\n    \"name\": \"7.5.201808150\"\
        ,\r\n    \"id\": \"/Subscriptions/00000000-0000-0000-0000-000000000000/Providers/Microsoft.Compute/Locations/westus/Publishers/OpenLogic/ArtifactTypes/VMImage/Offers/CentOS/Skus/7.5/Versions/7.5.201808150\"\
        \r\n  }\r\n]"
    headers:
      cache-control:
      - no-cache
      content-length:
      - '270'
      content-type:
      - application/json; charset=utf-8
      date:
      - Fri, 13 Oct 2023 06:33:38 GMT
      expires:
      - '-1'
      pragma:
      - no-cache
      server:
      - Microsoft-HTTPAPI/2.0
      - Microsoft-HTTPAPI/2.0
      strict-transport-security:
      - max-age=31536000; includeSubDomains
      transfer-encoding:
      - chunked
      vary:
      - Accept-Encoding
      x-content-type-options:
      - nosniff
      x-ms-ratelimit-remaining-resource:
      - Microsoft.Compute/ListVMImagesVersionsFromLocation3Min;15999,Microsoft.Compute/ListVMImagesVersionsFromLocation30Min;43980
    status:
      code: 200
      message: OK
- request:
    body: null
    headers:
      Accept:
      - application/json
      Accept-Encoding:
      - gzip, deflate
      CommandName:
      - vm create
      Connection:
      - keep-alive
      ParameterSetName:
      - -g --location -n --admin-username --image --admin-password --authentication-type
        --nsg-rule
      User-Agent:
      - AZURECLI/2.53.0 azsdk-python-azure-mgmt-compute/30.0.0 Python/3.10.9 (Windows-10-10.0.22621-SP0)
    method: GET
    uri: https://management.azure.com/subscriptions/00000000-0000-0000-0000-000000000000/providers/Microsoft.Compute/locations/westus/publishers/OpenLogic/artifacttypes/vmimage/offers/CentOS/skus/7.5/versions/7.5.201808150?api-version=2022-11-01
  response:
    body:
      string: "{\r\n  \"properties\": {\r\n    \"hyperVGeneration\": \"V1\",\r\n \
        \   \"architecture\": \"x64\",\r\n    \"replicaType\": \"Unmanaged\",\r\n\
        \    \"disallowed\": {\r\n      \"vmDiskType\": \"None\"\r\n    },\r\n   \
        \ \"automaticOSUpgradeProperties\": {\r\n      \"automaticOSUpgradeSupported\"\
        : true\r\n    },\r\n    \"imageDeprecationStatus\": {\r\n      \"imageState\"\
        : \"Active\"\r\n    },\r\n    \"osDiskImage\": {\r\n      \"operatingSystem\"\
        : \"Linux\",\r\n      \"sizeInBytes\": 32212255232\r\n    },\r\n    \"dataDiskImages\"\
        : []\r\n  },\r\n  \"location\": \"westus\",\r\n  \"name\": \"7.5.201808150\"\
        ,\r\n  \"id\": \"/Subscriptions/00000000-0000-0000-0000-000000000000/Providers/Microsoft.Compute/Locations/westus/Publishers/OpenLogic/ArtifactTypes/VMImage/Offers/CentOS/Skus/7.5/Versions/7.5.201808150\"\
        \r\n}"
    headers:
      cache-control:
      - no-cache
      content-length:
      - '714'
      content-type:
      - application/json; charset=utf-8
      date:
      - Fri, 13 Oct 2023 06:33:39 GMT
      expires:
      - '-1'
      pragma:
      - no-cache
      server:
      - Microsoft-HTTPAPI/2.0
      - Microsoft-HTTPAPI/2.0
      strict-transport-security:
      - max-age=31536000; includeSubDomains
      transfer-encoding:
      - chunked
      vary:
      - Accept-Encoding
      x-content-type-options:
      - nosniff
      x-ms-ratelimit-remaining-resource:
      - Microsoft.Compute/GetVMImageFromLocation3Min;12999,Microsoft.Compute/GetVMImageFromLocation30Min;73987
    status:
      code: 200
      message: OK
- request:
    body: null
    headers:
      Accept:
      - application/json
      Accept-Encoding:
      - gzip, deflate
      CommandName:
      - vm create
      Connection:
      - keep-alive
      ParameterSetName:
      - -g --location -n --admin-username --image --admin-password --authentication-type
        --nsg-rule
      User-Agent:
      - AZURECLI/2.53.0 (AAZ) azsdk-python-core/1.26.0 Python/3.10.9 (Windows-10-10.0.22621-SP0)
    method: GET
    uri: https://management.azure.com/subscriptions/00000000-0000-0000-0000-000000000000/resourceGroups/cli-test-disk-attach-multiple-disks000001/providers/Microsoft.Network/virtualNetworks?api-version=2022-01-01
  response:
    body:
      string: '{"value":[]}'
    headers:
      cache-control:
      - no-cache
      content-length:
      - '12'
      content-type:
      - application/json; charset=utf-8
      date:
      - Fri, 13 Oct 2023 06:33:41 GMT
      expires:
      - '-1'
      pragma:
      - no-cache
      strict-transport-security:
      - max-age=31536000; includeSubDomains
      vary:
      - Accept-Encoding
      x-content-type-options:
      - nosniff
    status:
      code: 200
      message: OK
- request:
    body: null
    headers:
      Accept:
      - application/json
      Accept-Encoding:
      - gzip, deflate
      CommandName:
      - vm create
      Connection:
      - keep-alive
      ParameterSetName:
      - -g --location -n --admin-username --image --admin-password --authentication-type
        --nsg-rule
      User-Agent:
      - AZURECLI/2.53.0 azsdk-python-azure-mgmt-compute/30.0.0 Python/3.10.9 (Windows-10-10.0.22621-SP0)
    method: GET
    uri: https://management.azure.com/subscriptions/00000000-0000-0000-0000-000000000000/providers/Microsoft.Compute/locations/westus/publishers/OpenLogic/artifacttypes/vmimage/offers/CentOS/skus/7.5/versions?$top=1&$orderby=name%20desc&api-version=2022-11-01
  response:
    body:
      string: "[\r\n  {\r\n    \"location\": \"westus\",\r\n    \"name\": \"7.5.201808150\"\
        ,\r\n    \"id\": \"/Subscriptions/00000000-0000-0000-0000-000000000000/Providers/Microsoft.Compute/Locations/westus/Publishers/OpenLogic/ArtifactTypes/VMImage/Offers/CentOS/Skus/7.5/Versions/7.5.201808150\"\
        \r\n  }\r\n]"
    headers:
      cache-control:
      - no-cache
      content-length:
      - '270'
      content-type:
      - application/json; charset=utf-8
      date:
      - Fri, 13 Oct 2023 06:33:43 GMT
      expires:
      - '-1'
      pragma:
      - no-cache
      server:
      - Microsoft-HTTPAPI/2.0
      - Microsoft-HTTPAPI/2.0
      strict-transport-security:
      - max-age=31536000; includeSubDomains
      transfer-encoding:
      - chunked
      vary:
      - Accept-Encoding
      x-content-type-options:
      - nosniff
      x-ms-ratelimit-remaining-resource:
      - Microsoft.Compute/ListVMImagesVersionsFromLocation3Min;15998,Microsoft.Compute/ListVMImagesVersionsFromLocation30Min;43979
    status:
      code: 200
      message: OK
- request:
    body: null
    headers:
      Accept:
      - application/json
      Accept-Encoding:
      - gzip, deflate
      CommandName:
      - vm create
      Connection:
      - keep-alive
      ParameterSetName:
      - -g --location -n --admin-username --image --admin-password --authentication-type
        --nsg-rule
      User-Agent:
      - AZURECLI/2.53.0 azsdk-python-azure-mgmt-compute/30.0.0 Python/3.10.9 (Windows-10-10.0.22621-SP0)
    method: GET
    uri: https://management.azure.com/subscriptions/00000000-0000-0000-0000-000000000000/providers/Microsoft.Compute/locations/westus/publishers/OpenLogic/artifacttypes/vmimage/offers/CentOS/skus/7.5/versions/7.5.201808150?api-version=2022-11-01
  response:
    body:
      string: "{\r\n  \"properties\": {\r\n    \"hyperVGeneration\": \"V1\",\r\n \
        \   \"architecture\": \"x64\",\r\n    \"replicaType\": \"Unmanaged\",\r\n\
        \    \"disallowed\": {\r\n      \"vmDiskType\": \"None\"\r\n    },\r\n   \
        \ \"automaticOSUpgradeProperties\": {\r\n      \"automaticOSUpgradeSupported\"\
        : true\r\n    },\r\n    \"imageDeprecationStatus\": {\r\n      \"imageState\"\
        : \"Active\"\r\n    },\r\n    \"osDiskImage\": {\r\n      \"operatingSystem\"\
        : \"Linux\",\r\n      \"sizeInBytes\": 32212255232\r\n    },\r\n    \"dataDiskImages\"\
        : []\r\n  },\r\n  \"location\": \"westus\",\r\n  \"name\": \"7.5.201808150\"\
        ,\r\n  \"id\": \"/Subscriptions/00000000-0000-0000-0000-000000000000/Providers/Microsoft.Compute/Locations/westus/Publishers/OpenLogic/ArtifactTypes/VMImage/Offers/CentOS/Skus/7.5/Versions/7.5.201808150\"\
        \r\n}"
    headers:
      cache-control:
      - no-cache
      content-length:
      - '714'
      content-type:
      - application/json; charset=utf-8
      date:
      - Fri, 13 Oct 2023 06:33:43 GMT
      expires:
      - '-1'
      pragma:
      - no-cache
      server:
      - Microsoft-HTTPAPI/2.0
      - Microsoft-HTTPAPI/2.0
      strict-transport-security:
      - max-age=31536000; includeSubDomains
      transfer-encoding:
      - chunked
      vary:
      - Accept-Encoding
      x-content-type-options:
      - nosniff
      x-ms-ratelimit-remaining-resource:
      - Microsoft.Compute/GetVMImageFromLocation3Min;12998,Microsoft.Compute/GetVMImageFromLocation30Min;73986
    status:
      code: 200
      message: OK
- request:
    body: null
    headers:
      Accept:
      - application/json
      Accept-Encoding:
      - gzip, deflate
      CommandName:
      - vm create
      Connection:
      - keep-alive
      ParameterSetName:
      - -g --location -n --admin-username --image --admin-password --authentication-type
        --nsg-rule
      User-Agent:
      - AZURECLI/2.53.0 azsdk-python-azure-mgmt-compute/30.0.0 Python/3.10.9 (Windows-10-10.0.22621-SP0)
    method: GET
    uri: https://management.azure.com/subscriptions/00000000-0000-0000-0000-000000000000/providers/Microsoft.Compute/locations/westus/publishers/OpenLogic/artifacttypes/vmimage/offers/CentOS/skus/7.5/versions?$top=1&$orderby=name%20desc&api-version=2022-11-01
  response:
    body:
      string: "[\r\n  {\r\n    \"location\": \"westus\",\r\n    \"name\": \"7.5.201808150\"\
        ,\r\n    \"id\": \"/Subscriptions/00000000-0000-0000-0000-000000000000/Providers/Microsoft.Compute/Locations/westus/Publishers/OpenLogic/ArtifactTypes/VMImage/Offers/CentOS/Skus/7.5/Versions/7.5.201808150\"\
        \r\n  }\r\n]"
    headers:
      cache-control:
      - no-cache
      content-length:
      - '270'
      content-type:
      - application/json; charset=utf-8
      date:
      - Fri, 13 Oct 2023 06:33:44 GMT
      expires:
      - '-1'
      pragma:
      - no-cache
      server:
      - Microsoft-HTTPAPI/2.0
      - Microsoft-HTTPAPI/2.0
      strict-transport-security:
      - max-age=31536000; includeSubDomains
      transfer-encoding:
      - chunked
      vary:
      - Accept-Encoding
      x-content-type-options:
      - nosniff
      x-ms-ratelimit-remaining-resource:
      - Microsoft.Compute/ListVMImagesVersionsFromLocation3Min;15997,Microsoft.Compute/ListVMImagesVersionsFromLocation30Min;43978
    status:
      code: 200
      message: OK
- request:
    body: null
    headers:
      Accept:
      - application/json
      Accept-Encoding:
      - gzip, deflate
      CommandName:
      - vm create
      Connection:
      - keep-alive
      ParameterSetName:
      - -g --location -n --admin-username --image --admin-password --authentication-type
        --nsg-rule
      User-Agent:
      - AZURECLI/2.53.0 azsdk-python-azure-mgmt-compute/30.0.0 Python/3.10.9 (Windows-10-10.0.22621-SP0)
    method: GET
    uri: https://management.azure.com/subscriptions/00000000-0000-0000-0000-000000000000/providers/Microsoft.Compute/locations/westus/publishers/OpenLogic/artifacttypes/vmimage/offers/CentOS/skus/7.5/versions/7.5.201808150?api-version=2022-11-01
  response:
    body:
      string: "{\r\n  \"properties\": {\r\n    \"hyperVGeneration\": \"V1\",\r\n \
        \   \"architecture\": \"x64\",\r\n    \"replicaType\": \"Unmanaged\",\r\n\
        \    \"disallowed\": {\r\n      \"vmDiskType\": \"None\"\r\n    },\r\n   \
        \ \"automaticOSUpgradeProperties\": {\r\n      \"automaticOSUpgradeSupported\"\
        : true\r\n    },\r\n    \"imageDeprecationStatus\": {\r\n      \"imageState\"\
        : \"Active\"\r\n    },\r\n    \"osDiskImage\": {\r\n      \"operatingSystem\"\
        : \"Linux\",\r\n      \"sizeInBytes\": 32212255232\r\n    },\r\n    \"dataDiskImages\"\
        : []\r\n  },\r\n  \"location\": \"westus\",\r\n  \"name\": \"7.5.201808150\"\
        ,\r\n  \"id\": \"/Subscriptions/00000000-0000-0000-0000-000000000000/Providers/Microsoft.Compute/Locations/westus/Publishers/OpenLogic/ArtifactTypes/VMImage/Offers/CentOS/Skus/7.5/Versions/7.5.201808150\"\
        \r\n}"
    headers:
      cache-control:
      - no-cache
      content-length:
      - '714'
      content-type:
      - application/json; charset=utf-8
      date:
      - Fri, 13 Oct 2023 06:33:45 GMT
      expires:
      - '-1'
      pragma:
      - no-cache
      server:
      - Microsoft-HTTPAPI/2.0
      - Microsoft-HTTPAPI/2.0
      strict-transport-security:
      - max-age=31536000; includeSubDomains
      transfer-encoding:
      - chunked
      vary:
      - Accept-Encoding
      x-content-type-options:
      - nosniff
      x-ms-ratelimit-remaining-resource:
      - Microsoft.Compute/GetVMImageFromLocation3Min;12997,Microsoft.Compute/GetVMImageFromLocation30Min;73985
    status:
      code: 200
      message: OK
- request:
    body: '{"properties": {"template": {"$schema": "https://schema.management.azure.com/schemas/2015-01-01/deploymentTemplate.json#",
      "contentVersion": "1.0.0.0", "parameters": {"adminPassword": {"type": "securestring",
      "metadata": {"description": "Secure adminPassword"}}}, "variables": {}, "resources":
      [{"name": "vm-attach-multiple-disks-testVNET", "type": "Microsoft.Network/virtualNetworks",
      "location": "westus", "apiVersion": "2015-06-15", "dependsOn": [], "tags": {},
      "properties": {"addressSpace": {"addressPrefixes": ["10.0.0.0/16"]}, "subnets":
      [{"name": "vm-attach-multiple-disks-testSubnet", "properties": {"addressPrefix":
      "10.0.0.0/24"}}]}}, {"type": "Microsoft.Network/networkSecurityGroups", "name":
      "vm-attach-multiple-disks-testNSG", "apiVersion": "2015-06-15", "location":
      "westus", "tags": {}, "dependsOn": []}, {"apiVersion": "2022-01-01", "type":
      "Microsoft.Network/publicIPAddresses", "name": "vm-attach-multiple-disks-testPublicIP",
      "location": "westus", "tags": {}, "dependsOn": [], "properties": {"publicIPAllocationMethod":
      null}}, {"apiVersion": "2015-06-15", "type": "Microsoft.Network/networkInterfaces",
      "name": "vm-attach-multiple-disks-testVMNic", "location": "westus", "tags":
      {}, "dependsOn": ["Microsoft.Network/virtualNetworks/vm-attach-multiple-disks-testVNET",
      "Microsoft.Network/networkSecurityGroups/vm-attach-multiple-disks-testNSG",
      "Microsoft.Network/publicIpAddresses/vm-attach-multiple-disks-testPublicIP"],
      "properties": {"ipConfigurations": [{"name": "ipconfigvm-attach-multiple-disks-test",
      "properties": {"privateIPAllocationMethod": "Dynamic", "subnet": {"id": "/subscriptions/00000000-0000-0000-0000-000000000000/resourceGroups/cli-test-disk-attach-multiple-disks000001/providers/Microsoft.Network/virtualNetworks/vm-attach-multiple-disks-testVNET/subnets/vm-attach-multiple-disks-testSubnet"},
      "publicIPAddress": {"id": "/subscriptions/00000000-0000-0000-0000-000000000000/resourceGroups/cli-test-disk-attach-multiple-disks000001/providers/Microsoft.Network/publicIPAddresses/vm-attach-multiple-disks-testPublicIP"}}}],
      "networkSecurityGroup": {"id": "/subscriptions/00000000-0000-0000-0000-000000000000/resourceGroups/cli-test-disk-attach-multiple-disks000001/providers/Microsoft.Network/networkSecurityGroups/vm-attach-multiple-disks-testNSG"}}},
      {"apiVersion": "2022-11-01", "type": "Microsoft.Compute/virtualMachines", "name":
      "vm-attach-multiple-disks-test", "location": "westus", "tags": {}, "dependsOn":
      ["Microsoft.Network/networkInterfaces/vm-attach-multiple-disks-testVMNic"],
      "properties": {"hardwareProfile": {"vmSize": "Standard_DS1_v2"}, "networkProfile":
      {"networkInterfaces": [{"id": "/subscriptions/00000000-0000-0000-0000-000000000000/resourceGroups/cli-test-disk-attach-multiple-disks000001/providers/Microsoft.Network/networkInterfaces/vm-attach-multiple-disks-testVMNic",
      "properties": {"deleteOption": null}}]}, "storageProfile": {"osDisk": {"createOption":
      "fromImage", "name": null, "caching": "ReadWrite", "managedDisk": {"storageAccountType":
      null}}, "imageReference": {"publisher": "OpenLogic", "offer": "CentOS", "sku":
      "7.5", "version": "latest"}}, "osProfile": {"computerName": "vm-attach-multiple-disks-test",
      "adminUsername": "admin123", "adminPassword": "[parameters(''adminPassword'')]"}}}],
      "outputs": {}}, "parameters": {"adminPassword": {"value": "testPassword0"}},
      "mode": "incremental"}}'
    headers:
      Accept:
      - application/json
      Accept-Encoding:
      - gzip, deflate
      CommandName:
      - vm create
      Connection:
      - keep-alive
      Content-Length:
      - '3367'
      Content-Type:
      - application/json
      ParameterSetName:
      - -g --location -n --admin-username --image --admin-password --authentication-type
        --nsg-rule
      User-Agent:
      - AZURECLI/2.53.0 azsdk-python-azure-mgmt-resource/23.1.0b2 Python/3.10.9 (Windows-10-10.0.22621-SP0)
    method: PUT
    uri: https://management.azure.com/subscriptions/00000000-0000-0000-0000-000000000000/resourcegroups/cli-test-disk-attach-multiple-disks000001/providers/Microsoft.Resources/deployments/mock-deployment?api-version=2022-09-01
  response:
    body:
      string: '{"id":"/subscriptions/00000000-0000-0000-0000-000000000000/resourceGroups/cli-test-disk-attach-multiple-disks000001/providers/Microsoft.Resources/deployments/vm_deploy_aXRX3cqw09DkY41MTzxv6fk8kYBcAnYT","name":"vm_deploy_aXRX3cqw09DkY41MTzxv6fk8kYBcAnYT","type":"Microsoft.Resources/deployments","properties":{"templateHash":"7284279011123690688","parameters":{"adminPassword":{"type":"SecureString"}},"mode":"Incremental","provisioningState":"Accepted","timestamp":"2023-10-13T06:33:53.7937463Z","duration":"PT0.0001074S","correlationId":"baef09e1-ed73-4b39-9763-3d5f8bad7771","providers":[{"namespace":"Microsoft.Network","resourceTypes":[{"resourceType":"virtualNetworks","locations":["westus"]},{"resourceType":"networkSecurityGroups","locations":["westus"]},{"resourceType":"publicIPAddresses","locations":["westus"]},{"resourceType":"networkInterfaces","locations":["westus"]}]},{"namespace":"Microsoft.Compute","resourceTypes":[{"resourceType":"virtualMachines","locations":["westus"]}]}],"dependencies":[{"dependsOn":[{"id":"/subscriptions/00000000-0000-0000-0000-000000000000/resourceGroups/cli-test-disk-attach-multiple-disks000001/providers/Microsoft.Network/virtualNetworks/vm-attach-multiple-disks-testVNET","resourceType":"Microsoft.Network/virtualNetworks","resourceName":"vm-attach-multiple-disks-testVNET"},{"id":"/subscriptions/00000000-0000-0000-0000-000000000000/resourceGroups/cli-test-disk-attach-multiple-disks000001/providers/Microsoft.Network/networkSecurityGroups/vm-attach-multiple-disks-testNSG","resourceType":"Microsoft.Network/networkSecurityGroups","resourceName":"vm-attach-multiple-disks-testNSG"},{"id":"/subscriptions/00000000-0000-0000-0000-000000000000/resourceGroups/cli-test-disk-attach-multiple-disks000001/providers/Microsoft.Network/publicIPAddresses/vm-attach-multiple-disks-testPublicIP","resourceType":"Microsoft.Network/publicIPAddresses","resourceName":"vm-attach-multiple-disks-testPublicIP"}],"id":"/subscriptions/00000000-0000-0000-0000-000000000000/resourceGroups/cli-test-disk-attach-multiple-disks000001/providers/Microsoft.Network/networkInterfaces/vm-attach-multiple-disks-testVMNic","resourceType":"Microsoft.Network/networkInterfaces","resourceName":"vm-attach-multiple-disks-testVMNic"},{"dependsOn":[{"id":"/subscriptions/00000000-0000-0000-0000-000000000000/resourceGroups/cli-test-disk-attach-multiple-disks000001/providers/Microsoft.Network/networkInterfaces/vm-attach-multiple-disks-testVMNic","resourceType":"Microsoft.Network/networkInterfaces","resourceName":"vm-attach-multiple-disks-testVMNic"}],"id":"/subscriptions/00000000-0000-0000-0000-000000000000/resourceGroups/cli-test-disk-attach-multiple-disks000001/providers/Microsoft.Compute/virtualMachines/vm-attach-multiple-disks-test","resourceType":"Microsoft.Compute/virtualMachines","resourceName":"vm-attach-multiple-disks-test"}]}}'
    headers:
      azure-asyncoperation:
      - https://management.azure.com/subscriptions/00000000-0000-0000-0000-000000000000/resourcegroups/cli-test-disk-attach-multiple-disks000001/providers/Microsoft.Resources/deployments/vm_deploy_aXRX3cqw09DkY41MTzxv6fk8kYBcAnYT/operationStatuses/08585044280548946270?api-version=2022-09-01
      cache-control:
      - no-cache
      content-length:
      - '2855'
      content-type:
      - application/json; charset=utf-8
      date:
      - Fri, 13 Oct 2023 06:33:55 GMT
      expires:
      - '-1'
      pragma:
      - no-cache
      strict-transport-security:
      - max-age=31536000; includeSubDomains
      x-content-type-options:
      - nosniff
      x-ms-ratelimit-remaining-subscription-writes:
      - '1197'
    status:
      code: 201
      message: Created
- request:
    body: null
    headers:
      Accept:
      - '*/*'
      Accept-Encoding:
      - gzip, deflate
      CommandName:
      - vm create
      Connection:
      - keep-alive
      ParameterSetName:
      - -g --location -n --admin-username --image --admin-password --authentication-type
        --nsg-rule
      User-Agent:
      - AZURECLI/2.53.0 azsdk-python-azure-mgmt-resource/23.1.0b2 Python/3.10.9 (Windows-10-10.0.22621-SP0)
    method: GET
    uri: https://management.azure.com/subscriptions/00000000-0000-0000-0000-000000000000/resourcegroups/cli-test-disk-attach-multiple-disks000001/providers/Microsoft.Resources/deployments/mock-deployment/operationStatuses/08585044280548946270?api-version=2022-09-01
  response:
    body:
      string: '{"status":"Running"}'
    headers:
      cache-control:
      - no-cache
      content-length:
      - '20'
      content-type:
      - application/json; charset=utf-8
      date:
      - Fri, 13 Oct 2023 06:33:55 GMT
      expires:
      - '-1'
      pragma:
      - no-cache
      strict-transport-security:
      - max-age=31536000; includeSubDomains
      vary:
      - Accept-Encoding
      x-content-type-options:
      - nosniff
    status:
      code: 200
      message: OK
- request:
    body: null
    headers:
      Accept:
      - '*/*'
      Accept-Encoding:
      - gzip, deflate
      CommandName:
      - vm create
      Connection:
      - keep-alive
      ParameterSetName:
      - -g --location -n --admin-username --image --admin-password --authentication-type
        --nsg-rule
      User-Agent:
      - AZURECLI/2.53.0 azsdk-python-azure-mgmt-resource/23.1.0b2 Python/3.10.9 (Windows-10-10.0.22621-SP0)
    method: GET
    uri: https://management.azure.com/subscriptions/00000000-0000-0000-0000-000000000000/resourcegroups/cli-test-disk-attach-multiple-disks000001/providers/Microsoft.Resources/deployments/mock-deployment/operationStatuses/08585044280548946270?api-version=2022-09-01
  response:
    body:
      string: '{"status":"Running"}'
    headers:
      cache-control:
      - no-cache
      content-length:
      - '20'
      content-type:
      - application/json; charset=utf-8
      date:
      - Fri, 13 Oct 2023 06:34:25 GMT
      expires:
      - '-1'
      pragma:
      - no-cache
      strict-transport-security:
      - max-age=31536000; includeSubDomains
      vary:
      - Accept-Encoding
      x-content-type-options:
      - nosniff
    status:
      code: 200
      message: OK
- request:
    body: null
    headers:
      Accept:
      - '*/*'
      Accept-Encoding:
      - gzip, deflate
      CommandName:
      - vm create
      Connection:
      - keep-alive
      ParameterSetName:
      - -g --location -n --admin-username --image --admin-password --authentication-type
        --nsg-rule
      User-Agent:
      - AZURECLI/2.53.0 azsdk-python-azure-mgmt-resource/23.1.0b2 Python/3.10.9 (Windows-10-10.0.22621-SP0)
    method: GET
    uri: https://management.azure.com/subscriptions/00000000-0000-0000-0000-000000000000/resourcegroups/cli-test-disk-attach-multiple-disks000001/providers/Microsoft.Resources/deployments/mock-deployment/operationStatuses/08585044280548946270?api-version=2022-09-01
  response:
    body:
      string: '{"status":"Running"}'
    headers:
      cache-control:
      - no-cache
      content-length:
      - '20'
      content-type:
      - application/json; charset=utf-8
      date:
      - Fri, 13 Oct 2023 06:34:55 GMT
      expires:
      - '-1'
      pragma:
      - no-cache
      strict-transport-security:
      - max-age=31536000; includeSubDomains
      vary:
      - Accept-Encoding
      x-content-type-options:
      - nosniff
    status:
      code: 200
      message: OK
- request:
    body: null
    headers:
      Accept:
      - '*/*'
      Accept-Encoding:
      - gzip, deflate
      CommandName:
      - vm create
      Connection:
      - keep-alive
      ParameterSetName:
      - -g --location -n --admin-username --image --admin-password --authentication-type
        --nsg-rule
      User-Agent:
      - AZURECLI/2.53.0 azsdk-python-azure-mgmt-resource/23.1.0b2 Python/3.10.9 (Windows-10-10.0.22621-SP0)
    method: GET
    uri: https://management.azure.com/subscriptions/00000000-0000-0000-0000-000000000000/resourcegroups/cli-test-disk-attach-multiple-disks000001/providers/Microsoft.Resources/deployments/mock-deployment/operationStatuses/08585044280548946270?api-version=2022-09-01
  response:
    body:
      string: '{"status":"Running"}'
    headers:
      cache-control:
      - no-cache
      content-length:
      - '20'
      content-type:
      - application/json; charset=utf-8
      date:
      - Fri, 13 Oct 2023 06:35:26 GMT
      expires:
      - '-1'
      pragma:
      - no-cache
      strict-transport-security:
      - max-age=31536000; includeSubDomains
      vary:
      - Accept-Encoding
      x-content-type-options:
      - nosniff
    status:
      code: 200
      message: OK
- request:
    body: null
    headers:
      Accept:
      - '*/*'
      Accept-Encoding:
      - gzip, deflate
      CommandName:
      - vm create
      Connection:
      - keep-alive
      ParameterSetName:
      - -g --location -n --admin-username --image --admin-password --authentication-type
        --nsg-rule
      User-Agent:
      - AZURECLI/2.53.0 azsdk-python-azure-mgmt-resource/23.1.0b2 Python/3.10.9 (Windows-10-10.0.22621-SP0)
    method: GET
    uri: https://management.azure.com/subscriptions/00000000-0000-0000-0000-000000000000/resourcegroups/cli-test-disk-attach-multiple-disks000001/providers/Microsoft.Resources/deployments/mock-deployment/operationStatuses/08585044280548946270?api-version=2022-09-01
  response:
    body:
      string: '{"status":"Succeeded"}'
    headers:
      cache-control:
      - no-cache
      content-length:
      - '22'
      content-type:
      - application/json; charset=utf-8
      date:
      - Fri, 13 Oct 2023 06:35:57 GMT
      expires:
      - '-1'
      pragma:
      - no-cache
      strict-transport-security:
      - max-age=31536000; includeSubDomains
      vary:
      - Accept-Encoding
      x-content-type-options:
      - nosniff
    status:
      code: 200
      message: OK
- request:
    body: null
    headers:
      Accept:
      - '*/*'
      Accept-Encoding:
      - gzip, deflate
      CommandName:
      - vm create
      Connection:
      - keep-alive
      ParameterSetName:
      - -g --location -n --admin-username --image --admin-password --authentication-type
        --nsg-rule
      User-Agent:
      - AZURECLI/2.53.0 azsdk-python-azure-mgmt-resource/23.1.0b2 Python/3.10.9 (Windows-10-10.0.22621-SP0)
    method: GET
    uri: https://management.azure.com/subscriptions/00000000-0000-0000-0000-000000000000/resourcegroups/cli-test-disk-attach-multiple-disks000001/providers/Microsoft.Resources/deployments/mock-deployment?api-version=2022-09-01
  response:
    body:
      string: '{"id":"/subscriptions/00000000-0000-0000-0000-000000000000/resourceGroups/cli-test-disk-attach-multiple-disks000001/providers/Microsoft.Resources/deployments/vm_deploy_aXRX3cqw09DkY41MTzxv6fk8kYBcAnYT","name":"vm_deploy_aXRX3cqw09DkY41MTzxv6fk8kYBcAnYT","type":"Microsoft.Resources/deployments","properties":{"templateHash":"7284279011123690688","parameters":{"adminPassword":{"type":"SecureString"}},"mode":"Incremental","provisioningState":"Succeeded","timestamp":"2023-10-13T06:35:27.3743443Z","duration":"PT1M33.5807054S","correlationId":"baef09e1-ed73-4b39-9763-3d5f8bad7771","providers":[{"namespace":"Microsoft.Network","resourceTypes":[{"resourceType":"virtualNetworks","locations":["westus"]},{"resourceType":"networkSecurityGroups","locations":["westus"]},{"resourceType":"publicIPAddresses","locations":["westus"]},{"resourceType":"networkInterfaces","locations":["westus"]}]},{"namespace":"Microsoft.Compute","resourceTypes":[{"resourceType":"virtualMachines","locations":["westus"]}]}],"dependencies":[{"dependsOn":[{"id":"/subscriptions/00000000-0000-0000-0000-000000000000/resourceGroups/cli-test-disk-attach-multiple-disks000001/providers/Microsoft.Network/virtualNetworks/vm-attach-multiple-disks-testVNET","resourceType":"Microsoft.Network/virtualNetworks","resourceName":"vm-attach-multiple-disks-testVNET"},{"id":"/subscriptions/00000000-0000-0000-0000-000000000000/resourceGroups/cli-test-disk-attach-multiple-disks000001/providers/Microsoft.Network/networkSecurityGroups/vm-attach-multiple-disks-testNSG","resourceType":"Microsoft.Network/networkSecurityGroups","resourceName":"vm-attach-multiple-disks-testNSG"},{"id":"/subscriptions/00000000-0000-0000-0000-000000000000/resourceGroups/cli-test-disk-attach-multiple-disks000001/providers/Microsoft.Network/publicIPAddresses/vm-attach-multiple-disks-testPublicIP","resourceType":"Microsoft.Network/publicIPAddresses","resourceName":"vm-attach-multiple-disks-testPublicIP"}],"id":"/subscriptions/00000000-0000-0000-0000-000000000000/resourceGroups/cli-test-disk-attach-multiple-disks000001/providers/Microsoft.Network/networkInterfaces/vm-attach-multiple-disks-testVMNic","resourceType":"Microsoft.Network/networkInterfaces","resourceName":"vm-attach-multiple-disks-testVMNic"},{"dependsOn":[{"id":"/subscriptions/00000000-0000-0000-0000-000000000000/resourceGroups/cli-test-disk-attach-multiple-disks000001/providers/Microsoft.Network/networkInterfaces/vm-attach-multiple-disks-testVMNic","resourceType":"Microsoft.Network/networkInterfaces","resourceName":"vm-attach-multiple-disks-testVMNic"}],"id":"/subscriptions/00000000-0000-0000-0000-000000000000/resourceGroups/cli-test-disk-attach-multiple-disks000001/providers/Microsoft.Compute/virtualMachines/vm-attach-multiple-disks-test","resourceType":"Microsoft.Compute/virtualMachines","resourceName":"vm-attach-multiple-disks-test"}],"outputs":{},"outputResources":[{"id":"/subscriptions/00000000-0000-0000-0000-000000000000/resourceGroups/cli-test-disk-attach-multiple-disks000001/providers/Microsoft.Compute/virtualMachines/vm-attach-multiple-disks-test"},{"id":"/subscriptions/00000000-0000-0000-0000-000000000000/resourceGroups/cli-test-disk-attach-multiple-disks000001/providers/Microsoft.Network/networkInterfaces/vm-attach-multiple-disks-testVMNic"},{"id":"/subscriptions/00000000-0000-0000-0000-000000000000/resourceGroups/cli-test-disk-attach-multiple-disks000001/providers/Microsoft.Network/networkSecurityGroups/vm-attach-multiple-disks-testNSG"},{"id":"/subscriptions/00000000-0000-0000-0000-000000000000/resourceGroups/cli-test-disk-attach-multiple-disks000001/providers/Microsoft.Network/publicIPAddresses/vm-attach-multiple-disks-testPublicIP"},{"id":"/subscriptions/00000000-0000-0000-0000-000000000000/resourceGroups/cli-test-disk-attach-multiple-disks000001/providers/Microsoft.Network/virtualNetworks/vm-attach-multiple-disks-testVNET"}]}}'
    headers:
      cache-control:
      - no-cache
      content-length:
      - '3882'
      content-type:
      - application/json; charset=utf-8
      date:
      - Fri, 13 Oct 2023 06:35:57 GMT
      expires:
      - '-1'
      pragma:
      - no-cache
      strict-transport-security:
      - max-age=31536000; includeSubDomains
      vary:
      - Accept-Encoding
      x-content-type-options:
      - nosniff
    status:
      code: 200
      message: OK
- request:
    body: null
    headers:
      Accept:
      - application/json
      Accept-Encoding:
      - gzip, deflate
      CommandName:
      - vm create
      Connection:
      - keep-alive
      ParameterSetName:
      - -g --location -n --admin-username --image --admin-password --authentication-type
        --nsg-rule
      User-Agent:
      - AZURECLI/2.53.0 azsdk-python-azure-mgmt-compute/30.0.0 Python/3.10.9 (Windows-10-10.0.22621-SP0)
    method: GET
    uri: https://management.azure.com/subscriptions/00000000-0000-0000-0000-000000000000/resourceGroups/cli-test-disk-attach-multiple-disks000001/providers/Microsoft.Compute/virtualMachines/vm-attach-multiple-disks-test?$expand=instanceView&api-version=2022-11-01
  response:
    body:
      string: "{\r\n  \"name\": \"vm-attach-multiple-disks-test\",\r\n  \"id\": \"\
        /subscriptions/00000000-0000-0000-0000-000000000000/resourceGroups/cli-test-disk-attach-multiple-disks000001/providers/Microsoft.Compute/virtualMachines/vm-attach-multiple-disks-test\"\
        ,\r\n  \"type\": \"Microsoft.Compute/virtualMachines\",\r\n  \"location\"\
        : \"westus\",\r\n  \"tags\": {},\r\n  \"properties\": {\r\n    \"hardwareProfile\"\
        : {\r\n      \"vmSize\": \"Standard_DS1_v2\"\r\n    },\r\n    \"provisioningState\"\
        : \"Succeeded\",\r\n    \"vmId\": \"4130361d-4b80-424b-86d0-f6eae9690d8c\"\
        ,\r\n    \"storageProfile\": {\r\n      \"imageReference\": {\r\n        \"\
        publisher\": \"OpenLogic\",\r\n        \"offer\": \"CentOS\",\r\n        \"\
        sku\": \"7.5\",\r\n        \"version\": \"latest\",\r\n        \"exactVersion\"\
        : \"7.5.201808150\"\r\n      },\r\n      \"osDisk\": {\r\n        \"osType\"\
        : \"Linux\",\r\n        \"name\": \"vm-attach-multiple-disks-test_OsDisk_1_9237113c5c92441fafc9cb80ec52feb5\"\
        ,\r\n        \"createOption\": \"FromImage\",\r\n        \"caching\": \"ReadWrite\"\
        ,\r\n        \"managedDisk\": {\r\n          \"storageAccountType\": \"Premium_LRS\"\
        ,\r\n          \"id\": \"/subscriptions/00000000-0000-0000-0000-000000000000/resourceGroups/cli-test-disk-attach-multiple-disks000001/providers/Microsoft.Compute/disks/vm-attach-multiple-disks-test_OsDisk_1_9237113c5c92441fafc9cb80ec52feb5\"\
        \r\n        },\r\n        \"deleteOption\": \"Detach\",\r\n        \"diskSizeGB\"\
        : 30\r\n      },\r\n      \"dataDisks\": []\r\n    },\r\n    \"osProfile\"\
        : {\r\n      \"computerName\": \"vm-attach-multiple-disks-test\",\r\n    \
        \  \"adminUsername\": \"admin123\",\r\n      \"linuxConfiguration\": {\r\n\
        \        \"disablePasswordAuthentication\": false,\r\n        \"provisionVMAgent\"\
        : true,\r\n        \"patchSettings\": {\r\n          \"patchMode\": \"ImageDefault\"\
        ,\r\n          \"assessmentMode\": \"ImageDefault\"\r\n        },\r\n    \
        \    \"enableVMAgentPlatformUpdates\": false\r\n      },\r\n      \"secrets\"\
        : [],\r\n      \"allowExtensionOperations\": true,\r\n      \"requireGuestProvisionSignal\"\
        : true\r\n    },\r\n    \"networkProfile\": {\"networkInterfaces\":[{\"id\"\
        :\"/subscriptions/00000000-0000-0000-0000-000000000000/resourceGroups/cli-test-disk-attach-multiple-disks000001/providers/Microsoft.Network/networkInterfaces/vm-attach-multiple-disks-testVMNic\"\
        }]},\r\n    \"instanceView\": {\r\n      \"computerName\": \"vm-attach-multiple-disks-test\"\
        ,\r\n      \"osName\": \"centos\",\r\n      \"osVersion\": \"7.5.1804\",\r\
        \n      \"vmAgent\": {\r\n        \"vmAgentVersion\": \"2.9.1.1\",\r\n   \
        \     \"statuses\": [\r\n          {\r\n            \"code\": \"ProvisioningState/succeeded\"\
        ,\r\n            \"level\": \"Info\",\r\n            \"displayStatus\": \"\
        Ready\",\r\n            \"message\": \"Guest Agent is running\",\r\n     \
        \       \"time\": \"2023-10-13T06:35:26+00:00\"\r\n          }\r\n       \
        \ ],\r\n        \"extensionHandlers\": []\r\n      },\r\n      \"disks\":\
        \ [\r\n        {\r\n          \"name\": \"vm-attach-multiple-disks-test_OsDisk_1_9237113c5c92441fafc9cb80ec52feb5\"\
        ,\r\n          \"statuses\": [\r\n            {\r\n              \"code\"\
        : \"ProvisioningState/succeeded\",\r\n              \"level\": \"Info\",\r\
        \n              \"displayStatus\": \"Provisioning succeeded\",\r\n       \
        \       \"time\": \"2023-10-13T06:34:13.5973662+00:00\"\r\n            }\r\
        \n          ]\r\n        }\r\n      ],\r\n      \"hyperVGeneration\": \"V1\"\
        ,\r\n      \"statuses\": [\r\n        {\r\n          \"code\": \"ProvisioningState/succeeded\"\
        ,\r\n          \"level\": \"Info\",\r\n          \"displayStatus\": \"Provisioning\
        \ succeeded\",\r\n          \"time\": \"2023-10-13T06:35:22.7697032+00:00\"\
        \r\n        },\r\n        {\r\n          \"code\": \"PowerState/running\"\
        ,\r\n          \"level\": \"Info\",\r\n          \"displayStatus\": \"VM running\"\
        \r\n        }\r\n      ]\r\n    },\r\n    \"timeCreated\": \"2023-10-13T06:34:11.0505174+00:00\"\
        \r\n  }\r\n}"
    headers:
      cache-control:
      - no-cache
      content-length:
      - '3540'
      content-type:
      - application/json; charset=utf-8
      date:
      - Fri, 13 Oct 2023 06:35:58 GMT
      expires:
      - '-1'
      pragma:
      - no-cache
      server:
      - Microsoft-HTTPAPI/2.0
      - Microsoft-HTTPAPI/2.0
      strict-transport-security:
      - max-age=31536000; includeSubDomains
      transfer-encoding:
      - chunked
      vary:
      - Accept-Encoding
      x-content-type-options:
      - nosniff
      x-ms-ratelimit-remaining-resource:
      - Microsoft.Compute/LowCostGetSubscriptionMaximum;23997,Microsoft.Compute/LowCostGetResource;32
    status:
      code: 200
      message: OK
- request:
    body: null
    headers:
      Accept:
      - application/json
      Accept-Encoding:
      - gzip, deflate
      CommandName:
      - vm create
      Connection:
      - keep-alive
      ParameterSetName:
      - -g --location -n --admin-username --image --admin-password --authentication-type
        --nsg-rule
      User-Agent:
      - AZURECLI/2.53.0 (AAZ) azsdk-python-core/1.26.0 Python/3.10.9 (Windows-10-10.0.22621-SP0)
    method: GET
    uri: https://management.azure.com/subscriptions/00000000-0000-0000-0000-000000000000/resourceGroups/cli-test-disk-attach-multiple-disks000001/providers/Microsoft.Network/networkInterfaces/vm-attach-multiple-disks-testVMNic?api-version=2022-01-01
  response:
    body:
      string: "{\r\n  \"name\": \"vm-attach-multiple-disks-testVMNic\",\r\n  \"id\"\
        : \"/subscriptions/00000000-0000-0000-0000-000000000000/resourceGroups/cli-test-disk-attach-multiple-disks000001/providers/Microsoft.Network/networkInterfaces/vm-attach-multiple-disks-testVMNic\"\
        ,\r\n  \"etag\": \"W/\\\"edebfc1f-b823-4823-a4b9-174f3540cca9\\\"\",\r\n \
        \ \"tags\": {},\r\n  \"properties\": {\r\n    \"provisioningState\": \"Succeeded\"\
        ,\r\n    \"resourceGuid\": \"969588a6-70af-4722-9432-1b3cb8f2fdfa\",\r\n \
        \   \"ipConfigurations\": [\r\n      {\r\n        \"name\": \"ipconfigvm-attach-multiple-disks-test\"\
        ,\r\n        \"id\": \"/subscriptions/00000000-0000-0000-0000-000000000000/resourceGroups/cli-test-disk-attach-multiple-disks000001/providers/Microsoft.Network/networkInterfaces/vm-attach-multiple-disks-testVMNic/ipConfigurations/ipconfigvm-attach-multiple-disks-test\"\
        ,\r\n        \"etag\": \"W/\\\"edebfc1f-b823-4823-a4b9-174f3540cca9\\\"\"\
        ,\r\n        \"type\": \"Microsoft.Network/networkInterfaces/ipConfigurations\"\
        ,\r\n        \"properties\": {\r\n          \"provisioningState\": \"Succeeded\"\
        ,\r\n          \"privateIPAddress\": \"10.0.0.4\",\r\n          \"privateIPAllocationMethod\"\
        : \"Dynamic\",\r\n          \"publicIPAddress\": {\r\n            \"id\":\
        \ \"/subscriptions/00000000-0000-0000-0000-000000000000/resourceGroups/cli-test-disk-attach-multiple-disks000001/providers/Microsoft.Network/publicIPAddresses/vm-attach-multiple-disks-testPublicIP\"\
        \r\n          },\r\n          \"subnet\": {\r\n            \"id\": \"/subscriptions/00000000-0000-0000-0000-000000000000/resourceGroups/cli-test-disk-attach-multiple-disks000001/providers/Microsoft.Network/virtualNetworks/vm-attach-multiple-disks-testVNET/subnets/vm-attach-multiple-disks-testSubnet\"\
        \r\n          },\r\n          \"primary\": true,\r\n          \"privateIPAddressVersion\"\
        : \"IPv4\"\r\n        }\r\n      }\r\n    ],\r\n    \"dnsSettings\": {\r\n\
        \      \"dnsServers\": [],\r\n      \"appliedDnsServers\": [],\r\n      \"\
        internalDomainNameSuffix\": \"kfbxoem5y3befakp5m0rw4jnof.dx.internal.cloudapp.net\"\
        \r\n    },\r\n    \"macAddress\": \"00-22-48-04-99-39\",\r\n    \"vnetEncryptionSupported\"\
        : false,\r\n    \"enableIPForwarding\": false,\r\n    \"networkSecurityGroup\"\
        : {\r\n      \"id\": \"/subscriptions/00000000-0000-0000-0000-000000000000/resourceGroups/cli-test-disk-attach-multiple-disks000001/providers/Microsoft.Network/networkSecurityGroups/vm-attach-multiple-disks-testNSG\"\
        \r\n    },\r\n    \"primary\": true,\r\n    \"virtualMachine\": {\r\n    \
        \  \"id\": \"/subscriptions/00000000-0000-0000-0000-000000000000/resourceGroups/cli-test-disk-attach-multiple-disks000001/providers/Microsoft.Compute/virtualMachines/vm-attach-multiple-disks-test\"\
        \r\n    },\r\n    \"hostedWorkloads\": [],\r\n    \"tapConfigurations\": [],\r\
        \n    \"nicType\": \"Standard\",\r\n    \"allowPort25Out\": true,\r\n    \"\
        auxiliaryMode\": \"None\"\r\n  },\r\n  \"type\": \"Microsoft.Network/networkInterfaces\"\
        ,\r\n  \"location\": \"westus\",\r\n  \"kind\": \"Regular\"\r\n}"
    headers:
      cache-control:
      - no-cache
      content-length:
      - '2787'
      content-type:
      - application/json; charset=utf-8
      date:
      - Fri, 13 Oct 2023 06:36:00 GMT
      etag:
      - W/"edebfc1f-b823-4823-a4b9-174f3540cca9"
      expires:
      - '-1'
      pragma:
      - no-cache
      server:
      - Microsoft-HTTPAPI/2.0
      - Microsoft-HTTPAPI/2.0
      strict-transport-security:
      - max-age=31536000; includeSubDomains
      transfer-encoding:
      - chunked
      vary:
      - Accept-Encoding
      x-content-type-options:
      - nosniff
      x-ms-arm-service-request-id:
      - e8db5032-e0ec-45a3-91cf-d0ff6e4e887d
    status:
      code: 200
      message: OK
- request:
    body: null
    headers:
      Accept:
      - application/json
      Accept-Encoding:
      - gzip, deflate
      CommandName:
      - vm create
      Connection:
      - keep-alive
      ParameterSetName:
      - -g --location -n --admin-username --image --admin-password --authentication-type
        --nsg-rule
      User-Agent:
      - AZURECLI/2.53.0 (AAZ) azsdk-python-core/1.26.0 Python/3.10.9 (Windows-10-10.0.22621-SP0)
    method: GET
    uri: https://management.azure.com/subscriptions/00000000-0000-0000-0000-000000000000/resourceGroups/cli-test-disk-attach-multiple-disks000001/providers/Microsoft.Network/publicIPAddresses/vm-attach-multiple-disks-testPublicIP?api-version=2022-01-01
  response:
    body:
      string: "{\r\n  \"name\": \"vm-attach-multiple-disks-testPublicIP\",\r\n  \"\
        id\": \"/subscriptions/00000000-0000-0000-0000-000000000000/resourceGroups/cli-test-disk-attach-multiple-disks000001/providers/Microsoft.Network/publicIPAddresses/vm-attach-multiple-disks-testPublicIP\"\
        ,\r\n  \"etag\": \"W/\\\"f569f55c-0b5a-42d6-a10c-a0c185916a50\\\"\",\r\n \
        \ \"location\": \"westus\",\r\n  \"tags\": {},\r\n  \"properties\": {\r\n\
        \    \"provisioningState\": \"Succeeded\",\r\n    \"resourceGuid\": \"73433d4e-2bfa-41f6-9255-936082ec715a\"\
        ,\r\n    \"ipAddress\": \"13.64.62.115\",\r\n    \"publicIPAddressVersion\"\
        : \"IPv4\",\r\n    \"publicIPAllocationMethod\": \"Dynamic\",\r\n    \"idleTimeoutInMinutes\"\
        : 4,\r\n    \"ipTags\": [],\r\n    \"ipConfiguration\": {\r\n      \"id\"\
        : \"/subscriptions/00000000-0000-0000-0000-000000000000/resourceGroups/cli-test-disk-attach-multiple-disks000001/providers/Microsoft.Network/networkInterfaces/vm-attach-multiple-disks-testVMNic/ipConfigurations/ipconfigvm-attach-multiple-disks-test\"\
        \r\n    }\r\n  },\r\n  \"type\": \"Microsoft.Network/publicIPAddresses\",\r\
        \n  \"sku\": {\r\n    \"name\": \"Basic\",\r\n    \"tier\": \"Regional\"\r\
        \n  }\r\n}"
    headers:
      cache-control:
      - no-cache
      content-length:
      - '1057'
      content-type:
      - application/json; charset=utf-8
      date:
      - Fri, 13 Oct 2023 06:36:03 GMT
      etag:
      - W/"f569f55c-0b5a-42d6-a10c-a0c185916a50"
      expires:
      - '-1'
      pragma:
      - no-cache
      server:
      - Microsoft-HTTPAPI/2.0
      - Microsoft-HTTPAPI/2.0
      strict-transport-security:
      - max-age=31536000; includeSubDomains
      transfer-encoding:
      - chunked
      vary:
      - Accept-Encoding
      x-content-type-options:
      - nosniff
      x-ms-arm-service-request-id:
      - 619a3235-9339-4906-9c91-c645b1fddebf
    status:
      code: 200
      message: OK
- request:
    body: null
    headers:
      Accept:
      - application/json
      Accept-Encoding:
      - gzip, deflate
      CommandName:
      - vm disk attach
      Connection:
      - keep-alive
      ParameterSetName:
      - -g --vm-name --disks --new --size-gb
      User-Agent:
      - AZURECLI/2.53.0 azsdk-python-azure-mgmt-compute/30.0.0 Python/3.10.9 (Windows-10-10.0.22621-SP0)
    method: GET
    uri: https://management.azure.com/subscriptions/00000000-0000-0000-0000-000000000000/resourceGroups/cli-test-disk-attach-multiple-disks000001/providers/Microsoft.Compute/virtualMachines/vm-attach-multiple-disks-test?api-version=2022-11-01
  response:
    body:
      string: "{\r\n  \"name\": \"vm-attach-multiple-disks-test\",\r\n  \"id\": \"\
        /subscriptions/00000000-0000-0000-0000-000000000000/resourceGroups/cli-test-disk-attach-multiple-disks000001/providers/Microsoft.Compute/virtualMachines/vm-attach-multiple-disks-test\"\
        ,\r\n  \"type\": \"Microsoft.Compute/virtualMachines\",\r\n  \"location\"\
        : \"westus\",\r\n  \"tags\": {},\r\n  \"properties\": {\r\n    \"hardwareProfile\"\
        : {\r\n      \"vmSize\": \"Standard_DS1_v2\"\r\n    },\r\n    \"provisioningState\"\
        : \"Succeeded\",\r\n    \"vmId\": \"4130361d-4b80-424b-86d0-f6eae9690d8c\"\
        ,\r\n    \"storageProfile\": {\r\n      \"imageReference\": {\r\n        \"\
        publisher\": \"OpenLogic\",\r\n        \"offer\": \"CentOS\",\r\n        \"\
        sku\": \"7.5\",\r\n        \"version\": \"latest\",\r\n        \"exactVersion\"\
        : \"7.5.201808150\"\r\n      },\r\n      \"osDisk\": {\r\n        \"osType\"\
        : \"Linux\",\r\n        \"name\": \"vm-attach-multiple-disks-test_OsDisk_1_9237113c5c92441fafc9cb80ec52feb5\"\
        ,\r\n        \"createOption\": \"FromImage\",\r\n        \"caching\": \"ReadWrite\"\
        ,\r\n        \"managedDisk\": {\r\n          \"storageAccountType\": \"Premium_LRS\"\
        ,\r\n          \"id\": \"/subscriptions/00000000-0000-0000-0000-000000000000/resourceGroups/cli-test-disk-attach-multiple-disks000001/providers/Microsoft.Compute/disks/vm-attach-multiple-disks-test_OsDisk_1_9237113c5c92441fafc9cb80ec52feb5\"\
        \r\n        },\r\n        \"deleteOption\": \"Detach\",\r\n        \"diskSizeGB\"\
        : 30\r\n      },\r\n      \"dataDisks\": []\r\n    },\r\n    \"osProfile\"\
        : {\r\n      \"computerName\": \"vm-attach-multiple-disks-test\",\r\n    \
        \  \"adminUsername\": \"admin123\",\r\n      \"linuxConfiguration\": {\r\n\
        \        \"disablePasswordAuthentication\": false,\r\n        \"provisionVMAgent\"\
        : true,\r\n        \"patchSettings\": {\r\n          \"patchMode\": \"ImageDefault\"\
        ,\r\n          \"assessmentMode\": \"ImageDefault\"\r\n        },\r\n    \
        \    \"enableVMAgentPlatformUpdates\": false\r\n      },\r\n      \"secrets\"\
        : [],\r\n      \"allowExtensionOperations\": true,\r\n      \"requireGuestProvisionSignal\"\
        : true\r\n    },\r\n    \"networkProfile\": {\"networkInterfaces\":[{\"id\"\
        :\"/subscriptions/00000000-0000-0000-0000-000000000000/resourceGroups/cli-test-disk-attach-multiple-disks000001/providers/Microsoft.Network/networkInterfaces/vm-attach-multiple-disks-testVMNic\"\
        }]},\r\n    \"timeCreated\": \"2023-10-13T06:34:11.0505174+00:00\"\r\n  }\r\
        \n}"
    headers:
      cache-control:
      - no-cache
      content-length:
      - '2192'
      content-type:
      - application/json; charset=utf-8
      date:
      - Fri, 13 Oct 2023 06:36:03 GMT
      expires:
      - '-1'
      pragma:
      - no-cache
      server:
      - Microsoft-HTTPAPI/2.0
      - Microsoft-HTTPAPI/2.0
      strict-transport-security:
      - max-age=31536000; includeSubDomains
      transfer-encoding:
      - chunked
      vary:
      - Accept-Encoding
      x-content-type-options:
      - nosniff
      x-ms-ratelimit-remaining-resource:
      - Microsoft.Compute/LowCostGetSubscriptionMaximum;23993,Microsoft.Compute/LowCostGetResource;31
    status:
      code: 200
      message: OK
- request:
    body: '{"location": "westus", "tags": {}, "properties": {"hardwareProfile": {"vmSize":
      "Standard_DS1_v2"}, "storageProfile": {"osDisk": {"osType": "Linux", "name":
      "vm-attach-multiple-disks-test_OsDisk_1_9237113c5c92441fafc9cb80ec52feb5", "caching":
      "ReadWrite", "createOption": "FromImage", "diskSizeGB": 30, "managedDisk": {"id":
      "/subscriptions/00000000-0000-0000-0000-000000000000/resourceGroups/cli-test-disk-attach-multiple-disks000001/providers/Microsoft.Compute/disks/vm-attach-multiple-disks-test_OsDisk_1_9237113c5c92441fafc9cb80ec52feb5",
      "storageAccountType": "Premium_LRS"}, "deleteOption": "Detach"}, "dataDisks":
      [{"lun": 0, "name": "d1", "createOption": "Empty", "diskSizeGB": 1, "managedDisk":
      {}}, {"lun": 1, "name": "d2", "createOption": "Empty", "diskSizeGB": 1, "managedDisk":
      {}}, {"lun": 2, "name": "d3", "createOption": "Empty", "diskSizeGB": 1, "managedDisk":
      {}}]}, "osProfile": {"computerName": "vm-attach-multiple-disks-test", "adminUsername":
      "admin123", "linuxConfiguration": {"disablePasswordAuthentication": false, "provisionVMAgent":
      true, "patchSettings": {"patchMode": "ImageDefault", "assessmentMode": "ImageDefault"},
      "enableVMAgentPlatformUpdates": false}, "secrets": [], "allowExtensionOperations":
      true, "requireGuestProvisionSignal": true}, "networkProfile": {"networkInterfaces":
      [{"id": "/subscriptions/00000000-0000-0000-0000-000000000000/resourceGroups/cli-test-disk-attach-multiple-disks000001/providers/Microsoft.Network/networkInterfaces/vm-attach-multiple-disks-testVMNic"}]}}}'
    headers:
      Accept:
      - application/json
      Accept-Encoding:
      - gzip, deflate
      CommandName:
      - vm disk attach
      Connection:
      - keep-alive
      Content-Length:
      - '1519'
      Content-Type:
      - application/json
      ParameterSetName:
      - -g --vm-name --disks --new --size-gb
      User-Agent:
      - AZURECLI/2.53.0 azsdk-python-azure-mgmt-compute/30.0.0 Python/3.10.9 (Windows-10-10.0.22621-SP0)
    method: PUT
    uri: https://management.azure.com/subscriptions/00000000-0000-0000-0000-000000000000/resourceGroups/cli-test-disk-attach-multiple-disks000001/providers/Microsoft.Compute/virtualMachines/vm-attach-multiple-disks-test?api-version=2022-11-01
  response:
    body:
      string: "{\r\n  \"name\": \"vm-attach-multiple-disks-test\",\r\n  \"id\": \"\
        /subscriptions/00000000-0000-0000-0000-000000000000/resourceGroups/cli-test-disk-attach-multiple-disks000001/providers/Microsoft.Compute/virtualMachines/vm-attach-multiple-disks-test\"\
        ,\r\n  \"type\": \"Microsoft.Compute/virtualMachines\",\r\n  \"location\"\
        : \"westus\",\r\n  \"tags\": {},\r\n  \"properties\": {\r\n    \"hardwareProfile\"\
        : {\r\n      \"vmSize\": \"Standard_DS1_v2\"\r\n    },\r\n    \"provisioningState\"\
        : \"Updating\",\r\n    \"vmId\": \"4130361d-4b80-424b-86d0-f6eae9690d8c\"\
        ,\r\n    \"storageProfile\": {\r\n      \"imageReference\": {\r\n        \"\
        publisher\": \"OpenLogic\",\r\n        \"offer\": \"CentOS\",\r\n        \"\
        sku\": \"7.5\",\r\n        \"version\": \"latest\",\r\n        \"exactVersion\"\
        : \"7.5.201808150\"\r\n      },\r\n      \"osDisk\": {\r\n        \"osType\"\
        : \"Linux\",\r\n        \"name\": \"vm-attach-multiple-disks-test_OsDisk_1_9237113c5c92441fafc9cb80ec52feb5\"\
        ,\r\n        \"createOption\": \"FromImage\",\r\n        \"caching\": \"ReadWrite\"\
        ,\r\n        \"managedDisk\": {\r\n          \"storageAccountType\": \"Premium_LRS\"\
        ,\r\n          \"id\": \"/subscriptions/00000000-0000-0000-0000-000000000000/resourceGroups/cli-test-disk-attach-multiple-disks000001/providers/Microsoft.Compute/disks/vm-attach-multiple-disks-test_OsDisk_1_9237113c5c92441fafc9cb80ec52feb5\"\
        \r\n        },\r\n        \"deleteOption\": \"Detach\",\r\n        \"diskSizeGB\"\
        : 30\r\n      },\r\n      \"dataDisks\": [\r\n        {\r\n          \"lun\"\
        : 0,\r\n          \"name\": \"d1\",\r\n          \"createOption\": \"Empty\"\
        ,\r\n          \"caching\": \"None\",\r\n          \"managedDisk\": {\r\n\
        \            \"storageAccountType\": \"Premium_LRS\"\r\n          },\r\n \
        \         \"deleteOption\": \"Detach\",\r\n          \"diskSizeGB\": 1,\r\n\
        \          \"toBeDetached\": false\r\n        },\r\n        {\r\n        \
        \  \"lun\": 1,\r\n          \"name\": \"d2\",\r\n          \"createOption\"\
        : \"Empty\",\r\n          \"caching\": \"None\",\r\n          \"managedDisk\"\
        : {\r\n            \"storageAccountType\": \"Premium_LRS\"\r\n          },\r\
        \n          \"deleteOption\": \"Detach\",\r\n          \"diskSizeGB\": 1,\r\
        \n          \"toBeDetached\": false\r\n        },\r\n        {\r\n       \
        \   \"lun\": 2,\r\n          \"name\": \"d3\",\r\n          \"createOption\"\
        : \"Empty\",\r\n          \"caching\": \"None\",\r\n          \"managedDisk\"\
        : {\r\n            \"storageAccountType\": \"Premium_LRS\"\r\n          },\r\
        \n          \"deleteOption\": \"Detach\",\r\n          \"diskSizeGB\": 1,\r\
        \n          \"toBeDetached\": false\r\n        }\r\n      ]\r\n    },\r\n\
        \    \"osProfile\": {\r\n      \"computerName\": \"vm-attach-multiple-disks-test\"\
        ,\r\n      \"adminUsername\": \"admin123\",\r\n      \"linuxConfiguration\"\
        : {\r\n        \"disablePasswordAuthentication\": false,\r\n        \"provisionVMAgent\"\
        : true,\r\n        \"patchSettings\": {\r\n          \"patchMode\": \"ImageDefault\"\
        ,\r\n          \"assessmentMode\": \"ImageDefault\"\r\n        },\r\n    \
        \    \"enableVMAgentPlatformUpdates\": false\r\n      },\r\n      \"secrets\"\
        : [],\r\n      \"allowExtensionOperations\": true,\r\n      \"requireGuestProvisionSignal\"\
        : true\r\n    },\r\n    \"networkProfile\": {\"networkInterfaces\":[{\"id\"\
        :\"/subscriptions/00000000-0000-0000-0000-000000000000/resourceGroups/cli-test-disk-attach-multiple-disks000001/providers/Microsoft.Network/networkInterfaces/vm-attach-multiple-disks-testVMNic\"\
        }]},\r\n    \"timeCreated\": \"2023-10-13T06:34:11.0505174+00:00\"\r\n  }\r\
        \n}"
    headers:
      azure-asyncnotification:
      - Enabled
      azure-asyncoperation:
      - https://management.azure.com/subscriptions/00000000-0000-0000-0000-000000000000/providers/Microsoft.Compute/locations/westus/operations/0f346b89-b686-4eb1-8728-ad5bb850df77?p=571046f6-b640-41c1-86f7-f9f044b5adf9&api-version=2022-11-01
      cache-control:
      - no-cache
      content-length:
      - '3170'
      content-type:
      - application/json; charset=utf-8
      date:
      - Fri, 13 Oct 2023 06:36:08 GMT
      expires:
      - '-1'
      pragma:
      - no-cache
      server:
      - Microsoft-HTTPAPI/2.0
      - Microsoft-HTTPAPI/2.0
      strict-transport-security:
      - max-age=31536000; includeSubDomains
      transfer-encoding:
      - chunked
      vary:
      - Accept-Encoding
      x-content-type-options:
      - nosniff
      x-ms-ratelimit-remaining-resource:
      - Microsoft.Compute/PutVMSubscriptionMaximum;1498,Microsoft.Compute/PutVMResource;11
      x-ms-ratelimit-remaining-subscription-writes:
      - '1196'
    status:
      code: 200
      message: OK
- request:
    body: null
    headers:
      Accept:
      - '*/*'
      Accept-Encoding:
      - gzip, deflate
      CommandName:
      - vm disk attach
      Connection:
      - keep-alive
      ParameterSetName:
      - -g --vm-name --disks --new --size-gb
      User-Agent:
      - AZURECLI/2.53.0 azsdk-python-azure-mgmt-compute/30.0.0 Python/3.10.9 (Windows-10-10.0.22621-SP0)
    method: GET
    uri: https://management.azure.com/subscriptions/00000000-0000-0000-0000-000000000000/providers/Microsoft.Compute/locations/westus/operations/0f346b89-b686-4eb1-8728-ad5bb850df77?p=571046f6-b640-41c1-86f7-f9f044b5adf9&api-version=2022-11-01
  response:
    body:
      string: "{\r\n  \"startTime\": \"2023-10-13T06:36:07.1919455+00:00\",\r\n  \"\
        status\": \"InProgress\",\r\n  \"name\": \"0f346b89-b686-4eb1-8728-ad5bb850df77\"\
        \r\n}"
    headers:
      cache-control:
      - no-cache
      content-length:
      - '134'
      content-type:
      - application/json; charset=utf-8
      date:
      - Fri, 13 Oct 2023 06:36:08 GMT
      expires:
      - '-1'
      pragma:
      - no-cache
      server:
      - Microsoft-HTTPAPI/2.0
      - Microsoft-HTTPAPI/2.0
      strict-transport-security:
      - max-age=31536000; includeSubDomains
      transfer-encoding:
      - chunked
      vary:
      - Accept-Encoding
      x-content-type-options:
      - nosniff
      x-ms-ratelimit-remaining-resource:
      - Microsoft.Compute/GetOperationResource;59,Microsoft.Compute/GetOperationSubscriptionMaximum;14995
    status:
      code: 200
      message: OK
- request:
    body: null
    headers:
      Accept:
      - '*/*'
      Accept-Encoding:
      - gzip, deflate
      CommandName:
      - vm disk attach
      Connection:
      - keep-alive
      ParameterSetName:
      - -g --vm-name --disks --new --size-gb
      User-Agent:
      - AZURECLI/2.53.0 azsdk-python-azure-mgmt-compute/30.0.0 Python/3.10.9 (Windows-10-10.0.22621-SP0)
    method: GET
    uri: https://management.azure.com/subscriptions/00000000-0000-0000-0000-000000000000/providers/Microsoft.Compute/locations/westus/operations/0f346b89-b686-4eb1-8728-ad5bb850df77?p=571046f6-b640-41c1-86f7-f9f044b5adf9&api-version=2022-11-01
  response:
    body:
      string: "{\r\n  \"startTime\": \"2023-10-13T06:36:07.1919455+00:00\",\r\n  \"\
        status\": \"InProgress\",\r\n  \"name\": \"0f346b89-b686-4eb1-8728-ad5bb850df77\"\
        \r\n}"
    headers:
      cache-control:
      - no-cache
      content-length:
      - '134'
      content-type:
      - application/json; charset=utf-8
      date:
      - Fri, 13 Oct 2023 06:36:10 GMT
      expires:
      - '-1'
      pragma:
      - no-cache
      server:
      - Microsoft-HTTPAPI/2.0
      - Microsoft-HTTPAPI/2.0
      strict-transport-security:
      - max-age=31536000; includeSubDomains
      transfer-encoding:
      - chunked
      vary:
      - Accept-Encoding
      x-content-type-options:
      - nosniff
      x-ms-ratelimit-remaining-resource:
      - Microsoft.Compute/GetOperationResource;58,Microsoft.Compute/GetOperationSubscriptionMaximum;14994
    status:
      code: 200
      message: OK
- request:
    body: null
    headers:
      Accept:
      - '*/*'
      Accept-Encoding:
      - gzip, deflate
      CommandName:
      - vm disk attach
      Connection:
      - keep-alive
      ParameterSetName:
      - -g --vm-name --disks --new --size-gb
      User-Agent:
      - AZURECLI/2.53.0 azsdk-python-azure-mgmt-compute/30.0.0 Python/3.10.9 (Windows-10-10.0.22621-SP0)
    method: GET
    uri: https://management.azure.com/subscriptions/00000000-0000-0000-0000-000000000000/providers/Microsoft.Compute/locations/westus/operations/0f346b89-b686-4eb1-8728-ad5bb850df77?p=571046f6-b640-41c1-86f7-f9f044b5adf9&api-version=2022-11-01
  response:
    body:
      string: "{\r\n  \"startTime\": \"2023-10-13T06:36:07.1919455+00:00\",\r\n  \"\
        status\": \"InProgress\",\r\n  \"name\": \"0f346b89-b686-4eb1-8728-ad5bb850df77\"\
        \r\n}"
    headers:
      cache-control:
      - no-cache
      content-length:
      - '134'
      content-type:
      - application/json; charset=utf-8
      date:
      - Fri, 13 Oct 2023 06:36:13 GMT
      expires:
      - '-1'
      pragma:
      - no-cache
      server:
      - Microsoft-HTTPAPI/2.0
      - Microsoft-HTTPAPI/2.0
      strict-transport-security:
      - max-age=31536000; includeSubDomains
      transfer-encoding:
      - chunked
      vary:
      - Accept-Encoding
      x-content-type-options:
      - nosniff
      x-ms-ratelimit-remaining-resource:
      - Microsoft.Compute/GetOperationResource;57,Microsoft.Compute/GetOperationSubscriptionMaximum;14992
    status:
      code: 200
      message: OK
- request:
    body: null
    headers:
      Accept:
      - '*/*'
      Accept-Encoding:
      - gzip, deflate
      CommandName:
      - vm disk attach
      Connection:
      - keep-alive
      ParameterSetName:
      - -g --vm-name --disks --new --size-gb
      User-Agent:
      - AZURECLI/2.53.0 azsdk-python-azure-mgmt-compute/30.0.0 Python/3.10.9 (Windows-10-10.0.22621-SP0)
    method: GET
    uri: https://management.azure.com/subscriptions/00000000-0000-0000-0000-000000000000/providers/Microsoft.Compute/locations/westus/operations/0f346b89-b686-4eb1-8728-ad5bb850df77?p=571046f6-b640-41c1-86f7-f9f044b5adf9&api-version=2022-11-01
  response:
    body:
      string: "{\r\n  \"startTime\": \"2023-10-13T06:36:07.1919455+00:00\",\r\n  \"\
        status\": \"InProgress\",\r\n  \"name\": \"0f346b89-b686-4eb1-8728-ad5bb850df77\"\
        \r\n}"
    headers:
      cache-control:
      - no-cache
      content-length:
      - '134'
      content-type:
      - application/json; charset=utf-8
      date:
      - Fri, 13 Oct 2023 06:36:15 GMT
      expires:
      - '-1'
      pragma:
      - no-cache
      server:
      - Microsoft-HTTPAPI/2.0
      - Microsoft-HTTPAPI/2.0
      strict-transport-security:
      - max-age=31536000; includeSubDomains
      transfer-encoding:
      - chunked
      vary:
      - Accept-Encoding
      x-content-type-options:
      - nosniff
      x-ms-ratelimit-remaining-resource:
      - Microsoft.Compute/GetOperationResource;56,Microsoft.Compute/GetOperationSubscriptionMaximum;14991
    status:
      code: 200
      message: OK
- request:
    body: null
    headers:
      Accept:
      - '*/*'
      Accept-Encoding:
      - gzip, deflate
      CommandName:
      - vm disk attach
      Connection:
      - keep-alive
      ParameterSetName:
      - -g --vm-name --disks --new --size-gb
      User-Agent:
      - AZURECLI/2.53.0 azsdk-python-azure-mgmt-compute/30.0.0 Python/3.10.9 (Windows-10-10.0.22621-SP0)
    method: GET
    uri: https://management.azure.com/subscriptions/00000000-0000-0000-0000-000000000000/providers/Microsoft.Compute/locations/westus/operations/0f346b89-b686-4eb1-8728-ad5bb850df77?p=571046f6-b640-41c1-86f7-f9f044b5adf9&api-version=2022-11-01
  response:
    body:
      string: "{\r\n  \"startTime\": \"2023-10-13T06:36:07.1919455+00:00\",\r\n  \"\
        endTime\": \"2023-10-13T06:36:20.7701042+00:00\",\r\n  \"status\": \"Succeeded\"\
        ,\r\n  \"name\": \"0f346b89-b686-4eb1-8728-ad5bb850df77\"\r\n}"
    headers:
      cache-control:
      - no-cache
      content-length:
      - '184'
      content-type:
      - application/json; charset=utf-8
      date:
      - Fri, 13 Oct 2023 06:36:47 GMT
      expires:
      - '-1'
      pragma:
      - no-cache
      server:
      - Microsoft-HTTPAPI/2.0
      - Microsoft-HTTPAPI/2.0
      strict-transport-security:
      - max-age=31536000; includeSubDomains
      transfer-encoding:
      - chunked
      vary:
      - Accept-Encoding
      x-content-type-options:
      - nosniff
      x-ms-ratelimit-remaining-resource:
      - Microsoft.Compute/GetOperationResource;54,Microsoft.Compute/GetOperationSubscriptionMaximum;14982
    status:
      code: 200
      message: OK
- request:
    body: null
    headers:
      Accept:
      - '*/*'
      Accept-Encoding:
      - gzip, deflate
      CommandName:
      - vm disk attach
      Connection:
      - keep-alive
      ParameterSetName:
      - -g --vm-name --disks --new --size-gb
      User-Agent:
      - AZURECLI/2.53.0 azsdk-python-azure-mgmt-compute/30.0.0 Python/3.10.9 (Windows-10-10.0.22621-SP0)
    method: GET
    uri: https://management.azure.com/subscriptions/00000000-0000-0000-0000-000000000000/resourceGroups/cli-test-disk-attach-multiple-disks000001/providers/Microsoft.Compute/virtualMachines/vm-attach-multiple-disks-test?api-version=2022-11-01
  response:
    body:
      string: "{\r\n  \"name\": \"vm-attach-multiple-disks-test\",\r\n  \"id\": \"\
        /subscriptions/00000000-0000-0000-0000-000000000000/resourceGroups/cli-test-disk-attach-multiple-disks000001/providers/Microsoft.Compute/virtualMachines/vm-attach-multiple-disks-test\"\
        ,\r\n  \"type\": \"Microsoft.Compute/virtualMachines\",\r\n  \"location\"\
        : \"westus\",\r\n  \"tags\": {},\r\n  \"properties\": {\r\n    \"hardwareProfile\"\
        : {\r\n      \"vmSize\": \"Standard_DS1_v2\"\r\n    },\r\n    \"provisioningState\"\
        : \"Succeeded\",\r\n    \"vmId\": \"4130361d-4b80-424b-86d0-f6eae9690d8c\"\
        ,\r\n    \"storageProfile\": {\r\n      \"imageReference\": {\r\n        \"\
        publisher\": \"OpenLogic\",\r\n        \"offer\": \"CentOS\",\r\n        \"\
        sku\": \"7.5\",\r\n        \"version\": \"latest\",\r\n        \"exactVersion\"\
        : \"7.5.201808150\"\r\n      },\r\n      \"osDisk\": {\r\n        \"osType\"\
        : \"Linux\",\r\n        \"name\": \"vm-attach-multiple-disks-test_OsDisk_1_9237113c5c92441fafc9cb80ec52feb5\"\
        ,\r\n        \"createOption\": \"FromImage\",\r\n        \"caching\": \"ReadWrite\"\
        ,\r\n        \"managedDisk\": {\r\n          \"storageAccountType\": \"Premium_LRS\"\
        ,\r\n          \"id\": \"/subscriptions/00000000-0000-0000-0000-000000000000/resourceGroups/cli-test-disk-attach-multiple-disks000001/providers/Microsoft.Compute/disks/vm-attach-multiple-disks-test_OsDisk_1_9237113c5c92441fafc9cb80ec52feb5\"\
        \r\n        },\r\n        \"deleteOption\": \"Detach\",\r\n        \"diskSizeGB\"\
        : 30\r\n      },\r\n      \"dataDisks\": [\r\n        {\r\n          \"lun\"\
        : 0,\r\n          \"name\": \"d1\",\r\n          \"createOption\": \"Empty\"\
        ,\r\n          \"caching\": \"None\",\r\n          \"managedDisk\": {\r\n\
        \            \"storageAccountType\": \"Premium_LRS\",\r\n            \"id\"\
        : \"/subscriptions/00000000-0000-0000-0000-000000000000/resourceGroups/cli-test-disk-attach-multiple-disks000001/providers/Microsoft.Compute/disks/d1\"\
        \r\n          },\r\n          \"deleteOption\": \"Detach\",\r\n          \"\
        diskSizeGB\": 1,\r\n          \"toBeDetached\": false\r\n        },\r\n  \
        \      {\r\n          \"lun\": 1,\r\n          \"name\": \"d2\",\r\n     \
        \     \"createOption\": \"Empty\",\r\n          \"caching\": \"None\",\r\n\
        \          \"managedDisk\": {\r\n            \"storageAccountType\": \"Premium_LRS\"\
        ,\r\n            \"id\": \"/subscriptions/00000000-0000-0000-0000-000000000000/resourceGroups/cli-test-disk-attach-multiple-disks000001/providers/Microsoft.Compute/disks/d2\"\
        \r\n          },\r\n          \"deleteOption\": \"Detach\",\r\n          \"\
        diskSizeGB\": 1,\r\n          \"toBeDetached\": false\r\n        },\r\n  \
        \      {\r\n          \"lun\": 2,\r\n          \"name\": \"d3\",\r\n     \
        \     \"createOption\": \"Empty\",\r\n          \"caching\": \"None\",\r\n\
        \          \"managedDisk\": {\r\n            \"storageAccountType\": \"Premium_LRS\"\
        ,\r\n            \"id\": \"/subscriptions/00000000-0000-0000-0000-000000000000/resourceGroups/cli-test-disk-attach-multiple-disks000001/providers/Microsoft.Compute/disks/d3\"\
        \r\n          },\r\n          \"deleteOption\": \"Detach\",\r\n          \"\
        diskSizeGB\": 1,\r\n          \"toBeDetached\": false\r\n        }\r\n   \
        \   ]\r\n    },\r\n    \"osProfile\": {\r\n      \"computerName\": \"vm-attach-multiple-disks-test\"\
        ,\r\n      \"adminUsername\": \"admin123\",\r\n      \"linuxConfiguration\"\
        : {\r\n        \"disablePasswordAuthentication\": false,\r\n        \"provisionVMAgent\"\
        : true,\r\n        \"patchSettings\": {\r\n          \"patchMode\": \"ImageDefault\"\
        ,\r\n          \"assessmentMode\": \"ImageDefault\"\r\n        },\r\n    \
        \    \"enableVMAgentPlatformUpdates\": false\r\n      },\r\n      \"secrets\"\
        : [],\r\n      \"allowExtensionOperations\": true,\r\n      \"requireGuestProvisionSignal\"\
        : true\r\n    },\r\n    \"networkProfile\": {\"networkInterfaces\":[{\"id\"\
        :\"/subscriptions/00000000-0000-0000-0000-000000000000/resourceGroups/cli-test-disk-attach-multiple-disks000001/providers/Microsoft.Network/networkInterfaces/vm-attach-multiple-disks-testVMNic\"\
        }]},\r\n    \"timeCreated\": \"2023-10-13T06:34:11.0505174+00:00\"\r\n  }\r\
        \n}"
    headers:
      cache-control:
      - no-cache
      content-length:
      - '3675'
      content-type:
      - application/json; charset=utf-8
      date:
      - Fri, 13 Oct 2023 06:36:47 GMT
      expires:
      - '-1'
      pragma:
      - no-cache
      server:
      - Microsoft-HTTPAPI/2.0
      - Microsoft-HTTPAPI/2.0
      strict-transport-security:
      - max-age=31536000; includeSubDomains
      transfer-encoding:
      - chunked
      vary:
      - Accept-Encoding
      x-content-type-options:
      - nosniff
      x-ms-ratelimit-remaining-resource:
      - Microsoft.Compute/LowCostGetSubscriptionMaximum;23981,Microsoft.Compute/LowCostGetResource;35
    status:
      code: 200
      message: OK
- request:
    body: null
    headers:
      Accept:
      - application/json
      Accept-Encoding:
      - gzip, deflate
      CommandName:
      - vm show
      Connection:
      - keep-alive
      ParameterSetName:
      - -g -n
      User-Agent:
      - AZURECLI/2.53.0 azsdk-python-azure-mgmt-compute/30.0.0 Python/3.10.9 (Windows-10-10.0.22621-SP0)
    method: GET
    uri: https://management.azure.com/subscriptions/00000000-0000-0000-0000-000000000000/resourceGroups/cli-test-disk-attach-multiple-disks000001/providers/Microsoft.Compute/virtualMachines/vm-attach-multiple-disks-test?api-version=2022-11-01
  response:
    body:
      string: "{\r\n  \"name\": \"vm-attach-multiple-disks-test\",\r\n  \"id\": \"\
        /subscriptions/00000000-0000-0000-0000-000000000000/resourceGroups/cli-test-disk-attach-multiple-disks000001/providers/Microsoft.Compute/virtualMachines/vm-attach-multiple-disks-test\"\
        ,\r\n  \"type\": \"Microsoft.Compute/virtualMachines\",\r\n  \"location\"\
        : \"westus\",\r\n  \"tags\": {},\r\n  \"properties\": {\r\n    \"hardwareProfile\"\
        : {\r\n      \"vmSize\": \"Standard_DS1_v2\"\r\n    },\r\n    \"provisioningState\"\
        : \"Succeeded\",\r\n    \"vmId\": \"4130361d-4b80-424b-86d0-f6eae9690d8c\"\
        ,\r\n    \"storageProfile\": {\r\n      \"imageReference\": {\r\n        \"\
        publisher\": \"OpenLogic\",\r\n        \"offer\": \"CentOS\",\r\n        \"\
        sku\": \"7.5\",\r\n        \"version\": \"latest\",\r\n        \"exactVersion\"\
        : \"7.5.201808150\"\r\n      },\r\n      \"osDisk\": {\r\n        \"osType\"\
        : \"Linux\",\r\n        \"name\": \"vm-attach-multiple-disks-test_OsDisk_1_9237113c5c92441fafc9cb80ec52feb5\"\
        ,\r\n        \"createOption\": \"FromImage\",\r\n        \"caching\": \"ReadWrite\"\
        ,\r\n        \"managedDisk\": {\r\n          \"storageAccountType\": \"Premium_LRS\"\
        ,\r\n          \"id\": \"/subscriptions/00000000-0000-0000-0000-000000000000/resourceGroups/cli-test-disk-attach-multiple-disks000001/providers/Microsoft.Compute/disks/vm-attach-multiple-disks-test_OsDisk_1_9237113c5c92441fafc9cb80ec52feb5\"\
        \r\n        },\r\n        \"deleteOption\": \"Detach\",\r\n        \"diskSizeGB\"\
        : 30\r\n      },\r\n      \"dataDisks\": [\r\n        {\r\n          \"lun\"\
        : 0,\r\n          \"name\": \"d1\",\r\n          \"createOption\": \"Empty\"\
        ,\r\n          \"caching\": \"None\",\r\n          \"managedDisk\": {\r\n\
        \            \"storageAccountType\": \"Premium_LRS\",\r\n            \"id\"\
        : \"/subscriptions/00000000-0000-0000-0000-000000000000/resourceGroups/cli-test-disk-attach-multiple-disks000001/providers/Microsoft.Compute/disks/d1\"\
        \r\n          },\r\n          \"deleteOption\": \"Detach\",\r\n          \"\
        diskSizeGB\": 1,\r\n          \"toBeDetached\": false\r\n        },\r\n  \
        \      {\r\n          \"lun\": 1,\r\n          \"name\": \"d2\",\r\n     \
        \     \"createOption\": \"Empty\",\r\n          \"caching\": \"None\",\r\n\
        \          \"managedDisk\": {\r\n            \"storageAccountType\": \"Premium_LRS\"\
        ,\r\n            \"id\": \"/subscriptions/00000000-0000-0000-0000-000000000000/resourceGroups/cli-test-disk-attach-multiple-disks000001/providers/Microsoft.Compute/disks/d2\"\
        \r\n          },\r\n          \"deleteOption\": \"Detach\",\r\n          \"\
        diskSizeGB\": 1,\r\n          \"toBeDetached\": false\r\n        },\r\n  \
        \      {\r\n          \"lun\": 2,\r\n          \"name\": \"d3\",\r\n     \
        \     \"createOption\": \"Empty\",\r\n          \"caching\": \"None\",\r\n\
        \          \"managedDisk\": {\r\n            \"storageAccountType\": \"Premium_LRS\"\
        ,\r\n            \"id\": \"/subscriptions/00000000-0000-0000-0000-000000000000/resourceGroups/cli-test-disk-attach-multiple-disks000001/providers/Microsoft.Compute/disks/d3\"\
        \r\n          },\r\n          \"deleteOption\": \"Detach\",\r\n          \"\
        diskSizeGB\": 1,\r\n          \"toBeDetached\": false\r\n        }\r\n   \
        \   ]\r\n    },\r\n    \"osProfile\": {\r\n      \"computerName\": \"vm-attach-multiple-disks-test\"\
        ,\r\n      \"adminUsername\": \"admin123\",\r\n      \"linuxConfiguration\"\
        : {\r\n        \"disablePasswordAuthentication\": false,\r\n        \"provisionVMAgent\"\
        : true,\r\n        \"patchSettings\": {\r\n          \"patchMode\": \"ImageDefault\"\
        ,\r\n          \"assessmentMode\": \"ImageDefault\"\r\n        },\r\n    \
        \    \"enableVMAgentPlatformUpdates\": false\r\n      },\r\n      \"secrets\"\
        : [],\r\n      \"allowExtensionOperations\": true,\r\n      \"requireGuestProvisionSignal\"\
        : true\r\n    },\r\n    \"networkProfile\": {\"networkInterfaces\":[{\"id\"\
        :\"/subscriptions/00000000-0000-0000-0000-000000000000/resourceGroups/cli-test-disk-attach-multiple-disks000001/providers/Microsoft.Network/networkInterfaces/vm-attach-multiple-disks-testVMNic\"\
        }]},\r\n    \"timeCreated\": \"2023-10-13T06:34:11.0505174+00:00\"\r\n  }\r\
        \n}"
    headers:
      cache-control:
      - no-cache
      content-length:
      - '3675'
      content-type:
      - application/json; charset=utf-8
      date:
      - Fri, 13 Oct 2023 06:36:48 GMT
      expires:
      - '-1'
      pragma:
      - no-cache
      server:
      - Microsoft-HTTPAPI/2.0
      - Microsoft-HTTPAPI/2.0
      strict-transport-security:
      - max-age=31536000; includeSubDomains
      transfer-encoding:
      - chunked
      vary:
      - Accept-Encoding
      x-content-type-options:
      - nosniff
      x-ms-ratelimit-remaining-resource:
      - Microsoft.Compute/LowCostGetSubscriptionMaximum;23980,Microsoft.Compute/LowCostGetResource;34
    status:
      code: 200
      message: OK
- request:
    body: null
    headers:
      Accept:
      - application/json
      Accept-Encoding:
      - gzip, deflate
      CommandName:
      - vm disk detach
      Connection:
      - keep-alive
      ParameterSetName:
      - -g --vm-name -n
      User-Agent:
      - AZURECLI/2.53.0 azsdk-python-azure-mgmt-compute/30.0.0 Python/3.10.9 (Windows-10-10.0.22621-SP0)
    method: GET
    uri: https://management.azure.com/subscriptions/00000000-0000-0000-0000-000000000000/resourceGroups/cli-test-disk-attach-multiple-disks000001/providers/Microsoft.Compute/virtualMachines/vm-attach-multiple-disks-test?api-version=2022-11-01
  response:
    body:
      string: "{\r\n  \"name\": \"vm-attach-multiple-disks-test\",\r\n  \"id\": \"\
        /subscriptions/00000000-0000-0000-0000-000000000000/resourceGroups/cli-test-disk-attach-multiple-disks000001/providers/Microsoft.Compute/virtualMachines/vm-attach-multiple-disks-test\"\
        ,\r\n  \"type\": \"Microsoft.Compute/virtualMachines\",\r\n  \"location\"\
        : \"westus\",\r\n  \"tags\": {},\r\n  \"properties\": {\r\n    \"hardwareProfile\"\
        : {\r\n      \"vmSize\": \"Standard_DS1_v2\"\r\n    },\r\n    \"provisioningState\"\
        : \"Succeeded\",\r\n    \"vmId\": \"4130361d-4b80-424b-86d0-f6eae9690d8c\"\
        ,\r\n    \"storageProfile\": {\r\n      \"imageReference\": {\r\n        \"\
        publisher\": \"OpenLogic\",\r\n        \"offer\": \"CentOS\",\r\n        \"\
        sku\": \"7.5\",\r\n        \"version\": \"latest\",\r\n        \"exactVersion\"\
        : \"7.5.201808150\"\r\n      },\r\n      \"osDisk\": {\r\n        \"osType\"\
        : \"Linux\",\r\n        \"name\": \"vm-attach-multiple-disks-test_OsDisk_1_9237113c5c92441fafc9cb80ec52feb5\"\
        ,\r\n        \"createOption\": \"FromImage\",\r\n        \"caching\": \"ReadWrite\"\
        ,\r\n        \"managedDisk\": {\r\n          \"storageAccountType\": \"Premium_LRS\"\
        ,\r\n          \"id\": \"/subscriptions/00000000-0000-0000-0000-000000000000/resourceGroups/cli-test-disk-attach-multiple-disks000001/providers/Microsoft.Compute/disks/vm-attach-multiple-disks-test_OsDisk_1_9237113c5c92441fafc9cb80ec52feb5\"\
        \r\n        },\r\n        \"deleteOption\": \"Detach\",\r\n        \"diskSizeGB\"\
        : 30\r\n      },\r\n      \"dataDisks\": [\r\n        {\r\n          \"lun\"\
        : 0,\r\n          \"name\": \"d1\",\r\n          \"createOption\": \"Empty\"\
        ,\r\n          \"caching\": \"None\",\r\n          \"managedDisk\": {\r\n\
        \            \"storageAccountType\": \"Premium_LRS\",\r\n            \"id\"\
        : \"/subscriptions/00000000-0000-0000-0000-000000000000/resourceGroups/cli-test-disk-attach-multiple-disks000001/providers/Microsoft.Compute/disks/d1\"\
        \r\n          },\r\n          \"deleteOption\": \"Detach\",\r\n          \"\
        diskSizeGB\": 1,\r\n          \"toBeDetached\": false\r\n        },\r\n  \
        \      {\r\n          \"lun\": 1,\r\n          \"name\": \"d2\",\r\n     \
        \     \"createOption\": \"Empty\",\r\n          \"caching\": \"None\",\r\n\
        \          \"managedDisk\": {\r\n            \"storageAccountType\": \"Premium_LRS\"\
        ,\r\n            \"id\": \"/subscriptions/00000000-0000-0000-0000-000000000000/resourceGroups/cli-test-disk-attach-multiple-disks000001/providers/Microsoft.Compute/disks/d2\"\
        \r\n          },\r\n          \"deleteOption\": \"Detach\",\r\n          \"\
        diskSizeGB\": 1,\r\n          \"toBeDetached\": false\r\n        },\r\n  \
        \      {\r\n          \"lun\": 2,\r\n          \"name\": \"d3\",\r\n     \
        \     \"createOption\": \"Empty\",\r\n          \"caching\": \"None\",\r\n\
        \          \"managedDisk\": {\r\n            \"storageAccountType\": \"Premium_LRS\"\
        ,\r\n            \"id\": \"/subscriptions/00000000-0000-0000-0000-000000000000/resourceGroups/cli-test-disk-attach-multiple-disks000001/providers/Microsoft.Compute/disks/d3\"\
        \r\n          },\r\n          \"deleteOption\": \"Detach\",\r\n          \"\
        diskSizeGB\": 1,\r\n          \"toBeDetached\": false\r\n        }\r\n   \
        \   ]\r\n    },\r\n    \"osProfile\": {\r\n      \"computerName\": \"vm-attach-multiple-disks-test\"\
        ,\r\n      \"adminUsername\": \"admin123\",\r\n      \"linuxConfiguration\"\
        : {\r\n        \"disablePasswordAuthentication\": false,\r\n        \"provisionVMAgent\"\
        : true,\r\n        \"patchSettings\": {\r\n          \"patchMode\": \"ImageDefault\"\
        ,\r\n          \"assessmentMode\": \"ImageDefault\"\r\n        },\r\n    \
        \    \"enableVMAgentPlatformUpdates\": false\r\n      },\r\n      \"secrets\"\
        : [],\r\n      \"allowExtensionOperations\": true,\r\n      \"requireGuestProvisionSignal\"\
        : true\r\n    },\r\n    \"networkProfile\": {\"networkInterfaces\":[{\"id\"\
        :\"/subscriptions/00000000-0000-0000-0000-000000000000/resourceGroups/cli-test-disk-attach-multiple-disks000001/providers/Microsoft.Network/networkInterfaces/vm-attach-multiple-disks-testVMNic\"\
        }]},\r\n    \"timeCreated\": \"2023-10-13T06:34:11.0505174+00:00\"\r\n  }\r\
        \n}"
    headers:
      cache-control:
      - no-cache
      content-length:
      - '3675'
      content-type:
      - application/json; charset=utf-8
      date:
      - Fri, 13 Oct 2023 06:36:50 GMT
      expires:
      - '-1'
      pragma:
      - no-cache
      server:
      - Microsoft-HTTPAPI/2.0
      - Microsoft-HTTPAPI/2.0
      strict-transport-security:
      - max-age=31536000; includeSubDomains
      transfer-encoding:
      - chunked
      vary:
      - Accept-Encoding
      x-content-type-options:
      - nosniff
      x-ms-ratelimit-remaining-resource:
      - Microsoft.Compute/LowCostGetSubscriptionMaximum;23973,Microsoft.Compute/LowCostGetResource;32
    status:
      code: 200
      message: OK
- request:
    body: '{"location": "westus", "tags": {}, "properties": {"hardwareProfile": {"vmSize":
      "Standard_DS1_v2"}, "storageProfile": {"osDisk": {"osType": "Linux", "name":
      "vm-attach-multiple-disks-test_OsDisk_1_9237113c5c92441fafc9cb80ec52feb5", "caching":
      "ReadWrite", "createOption": "FromImage", "diskSizeGB": 30, "managedDisk": {"id":
      "/subscriptions/00000000-0000-0000-0000-000000000000/resourceGroups/cli-test-disk-attach-multiple-disks000001/providers/Microsoft.Compute/disks/vm-attach-multiple-disks-test_OsDisk_1_9237113c5c92441fafc9cb80ec52feb5",
      "storageAccountType": "Premium_LRS"}, "deleteOption": "Detach"}, "dataDisks":
      [{"lun": 1, "name": "d2", "caching": "None", "createOption": "Empty", "diskSizeGB":
      1, "managedDisk": {"id": "/subscriptions/00000000-0000-0000-0000-000000000000/resourceGroups/cli-test-disk-attach-multiple-disks000001/providers/Microsoft.Compute/disks/d2",
      "storageAccountType": "Premium_LRS"}, "toBeDetached": false, "deleteOption":
      "Detach"}, {"lun": 2, "name": "d3", "caching": "None", "createOption": "Empty",
      "diskSizeGB": 1, "managedDisk": {"id": "/subscriptions/00000000-0000-0000-0000-000000000000/resourceGroups/cli-test-disk-attach-multiple-disks000001/providers/Microsoft.Compute/disks/d3",
      "storageAccountType": "Premium_LRS"}, "toBeDetached": false, "deleteOption":
      "Detach"}]}, "osProfile": {"computerName": "vm-attach-multiple-disks-test",
      "adminUsername": "admin123", "linuxConfiguration": {"disablePasswordAuthentication":
      false, "provisionVMAgent": true, "patchSettings": {"patchMode": "ImageDefault",
      "assessmentMode": "ImageDefault"}, "enableVMAgentPlatformUpdates": false}, "secrets":
      [], "allowExtensionOperations": true, "requireGuestProvisionSignal": true},
      "networkProfile": {"networkInterfaces": [{"id": "/subscriptions/00000000-0000-0000-0000-000000000000/resourceGroups/cli-test-disk-attach-multiple-disks000001/providers/Microsoft.Network/networkInterfaces/vm-attach-multiple-disks-testVMNic"}]}}}'
    headers:
      Accept:
      - application/json
      Accept-Encoding:
      - gzip, deflate
      CommandName:
      - vm disk detach
      Connection:
      - keep-alive
      Content-Length:
      - '1948'
      Content-Type:
      - application/json
      ParameterSetName:
      - -g --vm-name -n
      User-Agent:
      - AZURECLI/2.53.0 azsdk-python-azure-mgmt-compute/30.0.0 Python/3.10.9 (Windows-10-10.0.22621-SP0)
    method: PUT
    uri: https://management.azure.com/subscriptions/00000000-0000-0000-0000-000000000000/resourceGroups/cli-test-disk-attach-multiple-disks000001/providers/Microsoft.Compute/virtualMachines/vm-attach-multiple-disks-test?api-version=2022-11-01
  response:
    body:
      string: "{\r\n  \"name\": \"vm-attach-multiple-disks-test\",\r\n  \"id\": \"\
        /subscriptions/00000000-0000-0000-0000-000000000000/resourceGroups/cli-test-disk-attach-multiple-disks000001/providers/Microsoft.Compute/virtualMachines/vm-attach-multiple-disks-test\"\
        ,\r\n  \"type\": \"Microsoft.Compute/virtualMachines\",\r\n  \"location\"\
        : \"westus\",\r\n  \"tags\": {},\r\n  \"properties\": {\r\n    \"hardwareProfile\"\
        : {\r\n      \"vmSize\": \"Standard_DS1_v2\"\r\n    },\r\n    \"provisioningState\"\
        : \"Updating\",\r\n    \"vmId\": \"4130361d-4b80-424b-86d0-f6eae9690d8c\"\
        ,\r\n    \"storageProfile\": {\r\n      \"imageReference\": {\r\n        \"\
        publisher\": \"OpenLogic\",\r\n        \"offer\": \"CentOS\",\r\n        \"\
        sku\": \"7.5\",\r\n        \"version\": \"latest\",\r\n        \"exactVersion\"\
        : \"7.5.201808150\"\r\n      },\r\n      \"osDisk\": {\r\n        \"osType\"\
        : \"Linux\",\r\n        \"name\": \"vm-attach-multiple-disks-test_OsDisk_1_9237113c5c92441fafc9cb80ec52feb5\"\
        ,\r\n        \"createOption\": \"FromImage\",\r\n        \"caching\": \"ReadWrite\"\
        ,\r\n        \"managedDisk\": {\r\n          \"storageAccountType\": \"Premium_LRS\"\
        ,\r\n          \"id\": \"/subscriptions/00000000-0000-0000-0000-000000000000/resourceGroups/cli-test-disk-attach-multiple-disks000001/providers/Microsoft.Compute/disks/vm-attach-multiple-disks-test_OsDisk_1_9237113c5c92441fafc9cb80ec52feb5\"\
        \r\n        },\r\n        \"deleteOption\": \"Detach\",\r\n        \"diskSizeGB\"\
        : 30\r\n      },\r\n      \"dataDisks\": [\r\n        {\r\n          \"lun\"\
        : 0,\r\n          \"name\": \"d1\",\r\n          \"createOption\": \"Empty\"\
        ,\r\n          \"caching\": \"None\",\r\n          \"managedDisk\": {\r\n\
        \            \"storageAccountType\": \"Premium_LRS\",\r\n            \"id\"\
        : \"/subscriptions/00000000-0000-0000-0000-000000000000/resourceGroups/cli-test-disk-attach-multiple-disks000001/providers/Microsoft.Compute/disks/d1\"\
        \r\n          },\r\n          \"deleteOption\": \"Detach\",\r\n          \"\
        diskSizeGB\": 1,\r\n          \"toBeDetached\": true\r\n        },\r\n   \
        \     {\r\n          \"lun\": 1,\r\n          \"name\": \"d2\",\r\n      \
        \    \"createOption\": \"Empty\",\r\n          \"caching\": \"None\",\r\n\
        \          \"managedDisk\": {\r\n            \"storageAccountType\": \"Premium_LRS\"\
        ,\r\n            \"id\": \"/subscriptions/00000000-0000-0000-0000-000000000000/resourceGroups/cli-test-disk-attach-multiple-disks000001/providers/Microsoft.Compute/disks/d2\"\
        \r\n          },\r\n          \"deleteOption\": \"Detach\",\r\n          \"\
        diskSizeGB\": 1,\r\n          \"toBeDetached\": false\r\n        },\r\n  \
        \      {\r\n          \"lun\": 2,\r\n          \"name\": \"d3\",\r\n     \
        \     \"createOption\": \"Empty\",\r\n          \"caching\": \"None\",\r\n\
        \          \"managedDisk\": {\r\n            \"storageAccountType\": \"Premium_LRS\"\
        ,\r\n            \"id\": \"/subscriptions/00000000-0000-0000-0000-000000000000/resourceGroups/cli-test-disk-attach-multiple-disks000001/providers/Microsoft.Compute/disks/d3\"\
        \r\n          },\r\n          \"deleteOption\": \"Detach\",\r\n          \"\
        diskSizeGB\": 1,\r\n          \"toBeDetached\": false\r\n        }\r\n   \
        \   ]\r\n    },\r\n    \"osProfile\": {\r\n      \"computerName\": \"vm-attach-multiple-disks-test\"\
        ,\r\n      \"adminUsername\": \"admin123\",\r\n      \"linuxConfiguration\"\
        : {\r\n        \"disablePasswordAuthentication\": false,\r\n        \"provisionVMAgent\"\
        : true,\r\n        \"patchSettings\": {\r\n          \"patchMode\": \"ImageDefault\"\
        ,\r\n          \"assessmentMode\": \"ImageDefault\"\r\n        },\r\n    \
        \    \"enableVMAgentPlatformUpdates\": false\r\n      },\r\n      \"secrets\"\
        : [],\r\n      \"allowExtensionOperations\": true,\r\n      \"requireGuestProvisionSignal\"\
        : true\r\n    },\r\n    \"networkProfile\": {\"networkInterfaces\":[{\"id\"\
        :\"/subscriptions/00000000-0000-0000-0000-000000000000/resourceGroups/cli-test-disk-attach-multiple-disks000001/providers/Microsoft.Network/networkInterfaces/vm-attach-multiple-disks-testVMNic\"\
        }]},\r\n    \"timeCreated\": \"2023-10-13T06:34:11.0505174+00:00\"\r\n  }\r\
        \n}"
    headers:
      azure-asyncnotification:
      - Enabled
      azure-asyncoperation:
      - https://management.azure.com/subscriptions/00000000-0000-0000-0000-000000000000/providers/Microsoft.Compute/locations/westus/operations/73083442-0f9b-452d-b226-96ee34002a9b?p=571046f6-b640-41c1-86f7-f9f044b5adf9&api-version=2022-11-01
      cache-control:
      - no-cache
      content-length:
      - '3673'
      content-type:
      - application/json; charset=utf-8
      date:
      - Fri, 13 Oct 2023 06:36:55 GMT
      expires:
      - '-1'
      pragma:
      - no-cache
      server:
      - Microsoft-HTTPAPI/2.0
      - Microsoft-HTTPAPI/2.0
      strict-transport-security:
      - max-age=31536000; includeSubDomains
      transfer-encoding:
      - chunked
      vary:
      - Accept-Encoding
      x-content-type-options:
      - nosniff
      x-ms-ratelimit-remaining-resource:
      - Microsoft.Compute/PutVMSubscriptionMaximum;1497,Microsoft.Compute/PutVMResource;11
      x-ms-ratelimit-remaining-subscription-writes:
      - '1199'
    status:
      code: 200
      message: OK
- request:
    body: null
    headers:
      Accept:
      - '*/*'
      Accept-Encoding:
      - gzip, deflate
      CommandName:
      - vm disk detach
      Connection:
      - keep-alive
      ParameterSetName:
      - -g --vm-name -n
      User-Agent:
      - AZURECLI/2.53.0 azsdk-python-azure-mgmt-compute/30.0.0 Python/3.10.9 (Windows-10-10.0.22621-SP0)
    method: GET
    uri: https://management.azure.com/subscriptions/00000000-0000-0000-0000-000000000000/providers/Microsoft.Compute/locations/westus/operations/73083442-0f9b-452d-b226-96ee34002a9b?p=571046f6-b640-41c1-86f7-f9f044b5adf9&api-version=2022-11-01
  response:
    body:
      string: "{\r\n  \"startTime\": \"2023-10-13T06:36:52.8015352+00:00\",\r\n  \"\
        status\": \"InProgress\",\r\n  \"name\": \"73083442-0f9b-452d-b226-96ee34002a9b\"\
        \r\n}"
    headers:
      cache-control:
      - no-cache
      content-length:
      - '134'
      content-type:
      - application/json; charset=utf-8
      date:
      - Fri, 13 Oct 2023 06:36:56 GMT
      expires:
      - '-1'
      pragma:
      - no-cache
      server:
      - Microsoft-HTTPAPI/2.0
      - Microsoft-HTTPAPI/2.0
      strict-transport-security:
      - max-age=31536000; includeSubDomains
      transfer-encoding:
      - chunked
      vary:
      - Accept-Encoding
      x-content-type-options:
      - nosniff
      x-ms-ratelimit-remaining-resource:
      - Microsoft.Compute/GetOperationResource;59,Microsoft.Compute/GetOperationSubscriptionMaximum;14998
    status:
      code: 200
      message: OK
- request:
    body: null
    headers:
      Accept:
      - '*/*'
      Accept-Encoding:
      - gzip, deflate
      CommandName:
      - vm disk detach
      Connection:
      - keep-alive
      ParameterSetName:
      - -g --vm-name -n
      User-Agent:
      - AZURECLI/2.53.0 azsdk-python-azure-mgmt-compute/30.0.0 Python/3.10.9 (Windows-10-10.0.22621-SP0)
    method: GET
    uri: https://management.azure.com/subscriptions/00000000-0000-0000-0000-000000000000/providers/Microsoft.Compute/locations/westus/operations/73083442-0f9b-452d-b226-96ee34002a9b?p=571046f6-b640-41c1-86f7-f9f044b5adf9&api-version=2022-11-01
  response:
    body:
      string: "{\r\n  \"startTime\": \"2023-10-13T06:36:52.8015352+00:00\",\r\n  \"\
        status\": \"InProgress\",\r\n  \"name\": \"73083442-0f9b-452d-b226-96ee34002a9b\"\
        \r\n}"
    headers:
      cache-control:
      - no-cache
      content-length:
      - '134'
      content-type:
      - application/json; charset=utf-8
      date:
      - Fri, 13 Oct 2023 06:36:58 GMT
      expires:
      - '-1'
      pragma:
      - no-cache
      server:
      - Microsoft-HTTPAPI/2.0
      - Microsoft-HTTPAPI/2.0
      strict-transport-security:
      - max-age=31536000; includeSubDomains
      transfer-encoding:
      - chunked
      vary:
      - Accept-Encoding
      x-content-type-options:
      - nosniff
      x-ms-ratelimit-remaining-resource:
      - Microsoft.Compute/GetOperationResource;58,Microsoft.Compute/GetOperationSubscriptionMaximum;14997
    status:
      code: 200
      message: OK
- request:
    body: null
    headers:
      Accept:
      - '*/*'
      Accept-Encoding:
      - gzip, deflate
      CommandName:
      - vm disk detach
      Connection:
      - keep-alive
      ParameterSetName:
      - -g --vm-name -n
      User-Agent:
      - AZURECLI/2.53.0 azsdk-python-azure-mgmt-compute/30.0.0 Python/3.10.9 (Windows-10-10.0.22621-SP0)
    method: GET
    uri: https://management.azure.com/subscriptions/00000000-0000-0000-0000-000000000000/providers/Microsoft.Compute/locations/westus/operations/73083442-0f9b-452d-b226-96ee34002a9b?p=571046f6-b640-41c1-86f7-f9f044b5adf9&api-version=2022-11-01
  response:
    body:
      string: "{\r\n  \"startTime\": \"2023-10-13T06:36:52.8015352+00:00\",\r\n  \"\
        endTime\": \"2023-10-13T06:36:59.3328386+00:00\",\r\n  \"status\": \"Succeeded\"\
        ,\r\n  \"name\": \"73083442-0f9b-452d-b226-96ee34002a9b\"\r\n}"
    headers:
      cache-control:
      - no-cache
      content-length:
      - '184'
      content-type:
      - application/json; charset=utf-8
      date:
      - Fri, 13 Oct 2023 06:37:00 GMT
      expires:
      - '-1'
      pragma:
      - no-cache
      server:
      - Microsoft-HTTPAPI/2.0
      - Microsoft-HTTPAPI/2.0
      strict-transport-security:
      - max-age=31536000; includeSubDomains
      transfer-encoding:
      - chunked
      vary:
      - Accept-Encoding
      x-content-type-options:
      - nosniff
      x-ms-ratelimit-remaining-resource:
      - Microsoft.Compute/GetOperationResource;57,Microsoft.Compute/GetOperationSubscriptionMaximum;14996
    status:
      code: 200
      message: OK
- request:
    body: null
    headers:
      Accept:
      - '*/*'
      Accept-Encoding:
      - gzip, deflate
      CommandName:
      - vm disk detach
      Connection:
      - keep-alive
      ParameterSetName:
      - -g --vm-name -n
      User-Agent:
      - AZURECLI/2.53.0 azsdk-python-azure-mgmt-compute/30.0.0 Python/3.10.9 (Windows-10-10.0.22621-SP0)
    method: GET
    uri: https://management.azure.com/subscriptions/00000000-0000-0000-0000-000000000000/resourceGroups/cli-test-disk-attach-multiple-disks000001/providers/Microsoft.Compute/virtualMachines/vm-attach-multiple-disks-test?api-version=2022-11-01
  response:
    body:
      string: "{\r\n  \"name\": \"vm-attach-multiple-disks-test\",\r\n  \"id\": \"\
        /subscriptions/00000000-0000-0000-0000-000000000000/resourceGroups/cli-test-disk-attach-multiple-disks000001/providers/Microsoft.Compute/virtualMachines/vm-attach-multiple-disks-test\"\
        ,\r\n  \"type\": \"Microsoft.Compute/virtualMachines\",\r\n  \"location\"\
        : \"westus\",\r\n  \"tags\": {},\r\n  \"properties\": {\r\n    \"hardwareProfile\"\
        : {\r\n      \"vmSize\": \"Standard_DS1_v2\"\r\n    },\r\n    \"provisioningState\"\
        : \"Succeeded\",\r\n    \"vmId\": \"4130361d-4b80-424b-86d0-f6eae9690d8c\"\
        ,\r\n    \"storageProfile\": {\r\n      \"imageReference\": {\r\n        \"\
        publisher\": \"OpenLogic\",\r\n        \"offer\": \"CentOS\",\r\n        \"\
        sku\": \"7.5\",\r\n        \"version\": \"latest\",\r\n        \"exactVersion\"\
        : \"7.5.201808150\"\r\n      },\r\n      \"osDisk\": {\r\n        \"osType\"\
        : \"Linux\",\r\n        \"name\": \"vm-attach-multiple-disks-test_OsDisk_1_9237113c5c92441fafc9cb80ec52feb5\"\
        ,\r\n        \"createOption\": \"FromImage\",\r\n        \"caching\": \"ReadWrite\"\
        ,\r\n        \"managedDisk\": {\r\n          \"storageAccountType\": \"Premium_LRS\"\
        ,\r\n          \"id\": \"/subscriptions/00000000-0000-0000-0000-000000000000/resourceGroups/cli-test-disk-attach-multiple-disks000001/providers/Microsoft.Compute/disks/vm-attach-multiple-disks-test_OsDisk_1_9237113c5c92441fafc9cb80ec52feb5\"\
        \r\n        },\r\n        \"deleteOption\": \"Detach\",\r\n        \"diskSizeGB\"\
        : 30\r\n      },\r\n      \"dataDisks\": [\r\n        {\r\n          \"lun\"\
        : 1,\r\n          \"name\": \"d2\",\r\n          \"createOption\": \"Empty\"\
        ,\r\n          \"caching\": \"None\",\r\n          \"managedDisk\": {\r\n\
        \            \"storageAccountType\": \"Premium_LRS\",\r\n            \"id\"\
        : \"/subscriptions/00000000-0000-0000-0000-000000000000/resourceGroups/cli-test-disk-attach-multiple-disks000001/providers/Microsoft.Compute/disks/d2\"\
        \r\n          },\r\n          \"deleteOption\": \"Detach\",\r\n          \"\
        diskSizeGB\": 1,\r\n          \"toBeDetached\": false\r\n        },\r\n  \
        \      {\r\n          \"lun\": 2,\r\n          \"name\": \"d3\",\r\n     \
        \     \"createOption\": \"Empty\",\r\n          \"caching\": \"None\",\r\n\
        \          \"managedDisk\": {\r\n            \"storageAccountType\": \"Premium_LRS\"\
        ,\r\n            \"id\": \"/subscriptions/00000000-0000-0000-0000-000000000000/resourceGroups/cli-test-disk-attach-multiple-disks000001/providers/Microsoft.Compute/disks/d3\"\
        \r\n          },\r\n          \"deleteOption\": \"Detach\",\r\n          \"\
        diskSizeGB\": 1,\r\n          \"toBeDetached\": false\r\n        }\r\n   \
        \   ]\r\n    },\r\n    \"osProfile\": {\r\n      \"computerName\": \"vm-attach-multiple-disks-test\"\
        ,\r\n      \"adminUsername\": \"admin123\",\r\n      \"linuxConfiguration\"\
        : {\r\n        \"disablePasswordAuthentication\": false,\r\n        \"provisionVMAgent\"\
        : true,\r\n        \"patchSettings\": {\r\n          \"patchMode\": \"ImageDefault\"\
        ,\r\n          \"assessmentMode\": \"ImageDefault\"\r\n        },\r\n    \
        \    \"enableVMAgentPlatformUpdates\": false\r\n      },\r\n      \"secrets\"\
        : [],\r\n      \"allowExtensionOperations\": true,\r\n      \"requireGuestProvisionSignal\"\
        : true\r\n    },\r\n    \"networkProfile\": {\"networkInterfaces\":[{\"id\"\
        :\"/subscriptions/00000000-0000-0000-0000-000000000000/resourceGroups/cli-test-disk-attach-multiple-disks000001/providers/Microsoft.Network/networkInterfaces/vm-attach-multiple-disks-testVMNic\"\
        }]},\r\n    \"timeCreated\": \"2023-10-13T06:34:11.0505174+00:00\"\r\n  }\r\
        \n}"
    headers:
      cache-control:
      - no-cache
      content-length:
      - '3183'
      content-type:
      - application/json; charset=utf-8
      date:
      - Fri, 13 Oct 2023 06:37:01 GMT
      expires:
      - '-1'
      pragma:
      - no-cache
      server:
      - Microsoft-HTTPAPI/2.0
      - Microsoft-HTTPAPI/2.0
      strict-transport-security:
      - max-age=31536000; includeSubDomains
      transfer-encoding:
      - chunked
      vary:
      - Accept-Encoding
      x-content-type-options:
      - nosniff
      x-ms-ratelimit-remaining-resource:
      - Microsoft.Compute/LowCostGetSubscriptionMaximum;23998,Microsoft.Compute/LowCostGetResource;30
    status:
      code: 200
      message: OK
- request:
    body: null
    headers:
      Accept:
      - application/json
      Accept-Encoding:
      - gzip, deflate
      CommandName:
      - vm disk detach
      Connection:
      - keep-alive
      ParameterSetName:
      - -g --vm-name -n
      User-Agent:
      - AZURECLI/2.53.0 azsdk-python-azure-mgmt-compute/30.0.0 Python/3.10.9 (Windows-10-10.0.22621-SP0)
    method: GET
    uri: https://management.azure.com/subscriptions/00000000-0000-0000-0000-000000000000/resourceGroups/cli-test-disk-attach-multiple-disks000001/providers/Microsoft.Compute/virtualMachines/vm-attach-multiple-disks-test?api-version=2022-11-01
  response:
    body:
      string: "{\r\n  \"name\": \"vm-attach-multiple-disks-test\",\r\n  \"id\": \"\
        /subscriptions/00000000-0000-0000-0000-000000000000/resourceGroups/cli-test-disk-attach-multiple-disks000001/providers/Microsoft.Compute/virtualMachines/vm-attach-multiple-disks-test\"\
        ,\r\n  \"type\": \"Microsoft.Compute/virtualMachines\",\r\n  \"location\"\
        : \"westus\",\r\n  \"tags\": {},\r\n  \"properties\": {\r\n    \"hardwareProfile\"\
        : {\r\n      \"vmSize\": \"Standard_DS1_v2\"\r\n    },\r\n    \"provisioningState\"\
        : \"Succeeded\",\r\n    \"vmId\": \"4130361d-4b80-424b-86d0-f6eae9690d8c\"\
        ,\r\n    \"storageProfile\": {\r\n      \"imageReference\": {\r\n        \"\
        publisher\": \"OpenLogic\",\r\n        \"offer\": \"CentOS\",\r\n        \"\
        sku\": \"7.5\",\r\n        \"version\": \"latest\",\r\n        \"exactVersion\"\
        : \"7.5.201808150\"\r\n      },\r\n      \"osDisk\": {\r\n        \"osType\"\
        : \"Linux\",\r\n        \"name\": \"vm-attach-multiple-disks-test_OsDisk_1_9237113c5c92441fafc9cb80ec52feb5\"\
        ,\r\n        \"createOption\": \"FromImage\",\r\n        \"caching\": \"ReadWrite\"\
        ,\r\n        \"managedDisk\": {\r\n          \"storageAccountType\": \"Premium_LRS\"\
        ,\r\n          \"id\": \"/subscriptions/00000000-0000-0000-0000-000000000000/resourceGroups/cli-test-disk-attach-multiple-disks000001/providers/Microsoft.Compute/disks/vm-attach-multiple-disks-test_OsDisk_1_9237113c5c92441fafc9cb80ec52feb5\"\
        \r\n        },\r\n        \"deleteOption\": \"Detach\",\r\n        \"diskSizeGB\"\
        : 30\r\n      },\r\n      \"dataDisks\": [\r\n        {\r\n          \"lun\"\
        : 1,\r\n          \"name\": \"d2\",\r\n          \"createOption\": \"Empty\"\
        ,\r\n          \"caching\": \"None\",\r\n          \"managedDisk\": {\r\n\
        \            \"storageAccountType\": \"Premium_LRS\",\r\n            \"id\"\
        : \"/subscriptions/00000000-0000-0000-0000-000000000000/resourceGroups/cli-test-disk-attach-multiple-disks000001/providers/Microsoft.Compute/disks/d2\"\
        \r\n          },\r\n          \"deleteOption\": \"Detach\",\r\n          \"\
        diskSizeGB\": 1,\r\n          \"toBeDetached\": false\r\n        },\r\n  \
        \      {\r\n          \"lun\": 2,\r\n          \"name\": \"d3\",\r\n     \
        \     \"createOption\": \"Empty\",\r\n          \"caching\": \"None\",\r\n\
        \          \"managedDisk\": {\r\n            \"storageAccountType\": \"Premium_LRS\"\
        ,\r\n            \"id\": \"/subscriptions/00000000-0000-0000-0000-000000000000/resourceGroups/cli-test-disk-attach-multiple-disks000001/providers/Microsoft.Compute/disks/d3\"\
        \r\n          },\r\n          \"deleteOption\": \"Detach\",\r\n          \"\
        diskSizeGB\": 1,\r\n          \"toBeDetached\": false\r\n        }\r\n   \
        \   ]\r\n    },\r\n    \"osProfile\": {\r\n      \"computerName\": \"vm-attach-multiple-disks-test\"\
        ,\r\n      \"adminUsername\": \"admin123\",\r\n      \"linuxConfiguration\"\
        : {\r\n        \"disablePasswordAuthentication\": false,\r\n        \"provisionVMAgent\"\
        : true,\r\n        \"patchSettings\": {\r\n          \"patchMode\": \"ImageDefault\"\
        ,\r\n          \"assessmentMode\": \"ImageDefault\"\r\n        },\r\n    \
        \    \"enableVMAgentPlatformUpdates\": false\r\n      },\r\n      \"secrets\"\
        : [],\r\n      \"allowExtensionOperations\": true,\r\n      \"requireGuestProvisionSignal\"\
        : true\r\n    },\r\n    \"networkProfile\": {\"networkInterfaces\":[{\"id\"\
        :\"/subscriptions/00000000-0000-0000-0000-000000000000/resourceGroups/cli-test-disk-attach-multiple-disks000001/providers/Microsoft.Network/networkInterfaces/vm-attach-multiple-disks-testVMNic\"\
        }]},\r\n    \"timeCreated\": \"2023-10-13T06:34:11.0505174+00:00\"\r\n  }\r\
        \n}"
    headers:
      cache-control:
      - no-cache
      content-length:
      - '3183'
      content-type:
      - application/json; charset=utf-8
      date:
      - Fri, 13 Oct 2023 06:37:03 GMT
      expires:
      - '-1'
      pragma:
      - no-cache
      server:
      - Microsoft-HTTPAPI/2.0
      - Microsoft-HTTPAPI/2.0
      strict-transport-security:
      - max-age=31536000; includeSubDomains
      transfer-encoding:
      - chunked
      vary:
      - Accept-Encoding
      x-content-type-options:
      - nosniff
      x-ms-ratelimit-remaining-resource:
      - Microsoft.Compute/LowCostGetSubscriptionMaximum;23996,Microsoft.Compute/LowCostGetResource;28
    status:
      code: 200
      message: OK
- request:
    body: '{"location": "westus", "tags": {}, "properties": {"hardwareProfile": {"vmSize":
      "Standard_DS1_v2"}, "storageProfile": {"osDisk": {"osType": "Linux", "name":
      "vm-attach-multiple-disks-test_OsDisk_1_9237113c5c92441fafc9cb80ec52feb5", "caching":
      "ReadWrite", "createOption": "FromImage", "diskSizeGB": 30, "managedDisk": {"id":
      "/subscriptions/00000000-0000-0000-0000-000000000000/resourceGroups/cli-test-disk-attach-multiple-disks000001/providers/Microsoft.Compute/disks/vm-attach-multiple-disks-test_OsDisk_1_9237113c5c92441fafc9cb80ec52feb5",
      "storageAccountType": "Premium_LRS"}, "deleteOption": "Detach"}, "dataDisks":
      [{"lun": 2, "name": "d3", "caching": "None", "createOption": "Empty", "diskSizeGB":
      1, "managedDisk": {"id": "/subscriptions/00000000-0000-0000-0000-000000000000/resourceGroups/cli-test-disk-attach-multiple-disks000001/providers/Microsoft.Compute/disks/d3",
      "storageAccountType": "Premium_LRS"}, "toBeDetached": false, "deleteOption":
      "Detach"}]}, "osProfile": {"computerName": "vm-attach-multiple-disks-test",
      "adminUsername": "admin123", "linuxConfiguration": {"disablePasswordAuthentication":
      false, "provisionVMAgent": true, "patchSettings": {"patchMode": "ImageDefault",
      "assessmentMode": "ImageDefault"}, "enableVMAgentPlatformUpdates": false}, "secrets":
      [], "allowExtensionOperations": true, "requireGuestProvisionSignal": true},
      "networkProfile": {"networkInterfaces": [{"id": "/subscriptions/00000000-0000-0000-0000-000000000000/resourceGroups/cli-test-disk-attach-multiple-disks000001/providers/Microsoft.Network/networkInterfaces/vm-attach-multiple-disks-testVMNic"}]}}}'
    headers:
      Accept:
      - application/json
      Accept-Encoding:
      - gzip, deflate
      CommandName:
      - vm disk detach
      Connection:
      - keep-alive
      Content-Length:
      - '1603'
      Content-Type:
      - application/json
      ParameterSetName:
      - -g --vm-name -n
      User-Agent:
      - AZURECLI/2.53.0 azsdk-python-azure-mgmt-compute/30.0.0 Python/3.10.9 (Windows-10-10.0.22621-SP0)
    method: PUT
    uri: https://management.azure.com/subscriptions/00000000-0000-0000-0000-000000000000/resourceGroups/cli-test-disk-attach-multiple-disks000001/providers/Microsoft.Compute/virtualMachines/vm-attach-multiple-disks-test?api-version=2022-11-01
  response:
    body:
      string: "{\r\n  \"name\": \"vm-attach-multiple-disks-test\",\r\n  \"id\": \"\
        /subscriptions/00000000-0000-0000-0000-000000000000/resourceGroups/cli-test-disk-attach-multiple-disks000001/providers/Microsoft.Compute/virtualMachines/vm-attach-multiple-disks-test\"\
        ,\r\n  \"type\": \"Microsoft.Compute/virtualMachines\",\r\n  \"location\"\
        : \"westus\",\r\n  \"tags\": {},\r\n  \"properties\": {\r\n    \"hardwareProfile\"\
        : {\r\n      \"vmSize\": \"Standard_DS1_v2\"\r\n    },\r\n    \"provisioningState\"\
        : \"Updating\",\r\n    \"vmId\": \"4130361d-4b80-424b-86d0-f6eae9690d8c\"\
        ,\r\n    \"storageProfile\": {\r\n      \"imageReference\": {\r\n        \"\
        publisher\": \"OpenLogic\",\r\n        \"offer\": \"CentOS\",\r\n        \"\
        sku\": \"7.5\",\r\n        \"version\": \"latest\",\r\n        \"exactVersion\"\
        : \"7.5.201808150\"\r\n      },\r\n      \"osDisk\": {\r\n        \"osType\"\
        : \"Linux\",\r\n        \"name\": \"vm-attach-multiple-disks-test_OsDisk_1_9237113c5c92441fafc9cb80ec52feb5\"\
        ,\r\n        \"createOption\": \"FromImage\",\r\n        \"caching\": \"ReadWrite\"\
        ,\r\n        \"managedDisk\": {\r\n          \"storageAccountType\": \"Premium_LRS\"\
        ,\r\n          \"id\": \"/subscriptions/00000000-0000-0000-0000-000000000000/resourceGroups/cli-test-disk-attach-multiple-disks000001/providers/Microsoft.Compute/disks/vm-attach-multiple-disks-test_OsDisk_1_9237113c5c92441fafc9cb80ec52feb5\"\
        \r\n        },\r\n        \"deleteOption\": \"Detach\",\r\n        \"diskSizeGB\"\
        : 30\r\n      },\r\n      \"dataDisks\": [\r\n        {\r\n          \"lun\"\
        : 1,\r\n          \"name\": \"d2\",\r\n          \"createOption\": \"Empty\"\
        ,\r\n          \"caching\": \"None\",\r\n          \"managedDisk\": {\r\n\
        \            \"storageAccountType\": \"Premium_LRS\",\r\n            \"id\"\
        : \"/subscriptions/00000000-0000-0000-0000-000000000000/resourceGroups/cli-test-disk-attach-multiple-disks000001/providers/Microsoft.Compute/disks/d2\"\
        \r\n          },\r\n          \"deleteOption\": \"Detach\",\r\n          \"\
        diskSizeGB\": 1,\r\n          \"toBeDetached\": true\r\n        },\r\n   \
        \     {\r\n          \"lun\": 2,\r\n          \"name\": \"d3\",\r\n      \
        \    \"createOption\": \"Empty\",\r\n          \"caching\": \"None\",\r\n\
        \          \"managedDisk\": {\r\n            \"storageAccountType\": \"Premium_LRS\"\
        ,\r\n            \"id\": \"/subscriptions/00000000-0000-0000-0000-000000000000/resourceGroups/cli-test-disk-attach-multiple-disks000001/providers/Microsoft.Compute/disks/d3\"\
        \r\n          },\r\n          \"deleteOption\": \"Detach\",\r\n          \"\
        diskSizeGB\": 1,\r\n          \"toBeDetached\": false\r\n        }\r\n   \
        \   ]\r\n    },\r\n    \"osProfile\": {\r\n      \"computerName\": \"vm-attach-multiple-disks-test\"\
        ,\r\n      \"adminUsername\": \"admin123\",\r\n      \"linuxConfiguration\"\
        : {\r\n        \"disablePasswordAuthentication\": false,\r\n        \"provisionVMAgent\"\
        : true,\r\n        \"patchSettings\": {\r\n          \"patchMode\": \"ImageDefault\"\
        ,\r\n          \"assessmentMode\": \"ImageDefault\"\r\n        },\r\n    \
        \    \"enableVMAgentPlatformUpdates\": false\r\n      },\r\n      \"secrets\"\
        : [],\r\n      \"allowExtensionOperations\": true,\r\n      \"requireGuestProvisionSignal\"\
        : true\r\n    },\r\n    \"networkProfile\": {\"networkInterfaces\":[{\"id\"\
        :\"/subscriptions/00000000-0000-0000-0000-000000000000/resourceGroups/cli-test-disk-attach-multiple-disks000001/providers/Microsoft.Network/networkInterfaces/vm-attach-multiple-disks-testVMNic\"\
        }]},\r\n    \"timeCreated\": \"2023-10-13T06:34:11.0505174+00:00\"\r\n  }\r\
        \n}"
    headers:
      azure-asyncnotification:
      - Enabled
      azure-asyncoperation:
      - https://management.azure.com/subscriptions/00000000-0000-0000-0000-000000000000/providers/Microsoft.Compute/locations/westus/operations/64403bac-9df1-4d9a-a913-533df977dea4?p=571046f6-b640-41c1-86f7-f9f044b5adf9&api-version=2022-11-01
      cache-control:
      - no-cache
      content-length:
      - '3181'
      content-type:
      - application/json; charset=utf-8
      date:
      - Fri, 13 Oct 2023 06:37:07 GMT
      expires:
      - '-1'
      pragma:
      - no-cache
      server:
      - Microsoft-HTTPAPI/2.0
      - Microsoft-HTTPAPI/2.0
      strict-transport-security:
      - max-age=31536000; includeSubDomains
      transfer-encoding:
      - chunked
      vary:
      - Accept-Encoding
      x-content-type-options:
      - nosniff
      x-ms-ratelimit-remaining-resource:
      - Microsoft.Compute/PutVMSubscriptionMaximum;1496,Microsoft.Compute/PutVMResource;10
      x-ms-ratelimit-remaining-subscription-writes:
      - '1197'
    status:
      code: 200
      message: OK
- request:
    body: null
    headers:
      Accept:
      - '*/*'
      Accept-Encoding:
      - gzip, deflate
      CommandName:
      - vm disk detach
      Connection:
      - keep-alive
      ParameterSetName:
      - -g --vm-name -n
      User-Agent:
      - AZURECLI/2.53.0 azsdk-python-azure-mgmt-compute/30.0.0 Python/3.10.9 (Windows-10-10.0.22621-SP0)
    method: GET
    uri: https://management.azure.com/subscriptions/00000000-0000-0000-0000-000000000000/providers/Microsoft.Compute/locations/westus/operations/64403bac-9df1-4d9a-a913-533df977dea4?p=571046f6-b640-41c1-86f7-f9f044b5adf9&api-version=2022-11-01
  response:
    body:
      string: "{\r\n  \"startTime\": \"2023-10-13T06:37:06.1141271+00:00\",\r\n  \"\
        status\": \"InProgress\",\r\n  \"name\": \"64403bac-9df1-4d9a-a913-533df977dea4\"\
        \r\n}"
    headers:
      cache-control:
      - no-cache
      content-length:
      - '134'
      content-type:
      - application/json; charset=utf-8
      date:
      - Fri, 13 Oct 2023 06:37:07 GMT
      expires:
      - '-1'
      pragma:
      - no-cache
      server:
      - Microsoft-HTTPAPI/2.0
      - Microsoft-HTTPAPI/2.0
      strict-transport-security:
      - max-age=31536000; includeSubDomains
      transfer-encoding:
      - chunked
      vary:
      - Accept-Encoding
      x-content-type-options:
      - nosniff
      x-ms-ratelimit-remaining-resource:
      - Microsoft.Compute/GetOperationResource;59,Microsoft.Compute/GetOperationSubscriptionMaximum;14991
    status:
      code: 200
      message: OK
- request:
    body: null
    headers:
      Accept:
      - '*/*'
      Accept-Encoding:
      - gzip, deflate
      CommandName:
      - vm disk detach
      Connection:
      - keep-alive
      ParameterSetName:
      - -g --vm-name -n
      User-Agent:
      - AZURECLI/2.53.0 azsdk-python-azure-mgmt-compute/30.0.0 Python/3.10.9 (Windows-10-10.0.22621-SP0)
    method: GET
    uri: https://management.azure.com/subscriptions/00000000-0000-0000-0000-000000000000/providers/Microsoft.Compute/locations/westus/operations/64403bac-9df1-4d9a-a913-533df977dea4?p=571046f6-b640-41c1-86f7-f9f044b5adf9&api-version=2022-11-01
  response:
    body:
      string: "{\r\n  \"startTime\": \"2023-10-13T06:37:06.1141271+00:00\",\r\n  \"\
        status\": \"InProgress\",\r\n  \"name\": \"64403bac-9df1-4d9a-a913-533df977dea4\"\
        \r\n}"
    headers:
      cache-control:
      - no-cache
      content-length:
      - '134'
      content-type:
      - application/json; charset=utf-8
      date:
      - Fri, 13 Oct 2023 06:37:09 GMT
      expires:
      - '-1'
      pragma:
      - no-cache
      server:
      - Microsoft-HTTPAPI/2.0
      - Microsoft-HTTPAPI/2.0
      strict-transport-security:
      - max-age=31536000; includeSubDomains
      transfer-encoding:
      - chunked
      vary:
      - Accept-Encoding
      x-content-type-options:
      - nosniff
      x-ms-ratelimit-remaining-resource:
      - Microsoft.Compute/GetOperationResource;58,Microsoft.Compute/GetOperationSubscriptionMaximum;14990
    status:
      code: 200
      message: OK
- request:
    body: null
    headers:
      Accept:
      - '*/*'
      Accept-Encoding:
      - gzip, deflate
      CommandName:
      - vm disk detach
      Connection:
      - keep-alive
      ParameterSetName:
      - -g --vm-name -n
      User-Agent:
      - AZURECLI/2.53.0 azsdk-python-azure-mgmt-compute/30.0.0 Python/3.10.9 (Windows-10-10.0.22621-SP0)
    method: GET
    uri: https://management.azure.com/subscriptions/00000000-0000-0000-0000-000000000000/providers/Microsoft.Compute/locations/westus/operations/64403bac-9df1-4d9a-a913-533df977dea4?p=571046f6-b640-41c1-86f7-f9f044b5adf9&api-version=2022-11-01
  response:
    body:
      string: "{\r\n  \"startTime\": \"2023-10-13T06:37:06.1141271+00:00\",\r\n  \"\
        status\": \"InProgress\",\r\n  \"name\": \"64403bac-9df1-4d9a-a913-533df977dea4\"\
        \r\n}"
    headers:
      cache-control:
      - no-cache
      content-length:
      - '134'
      content-type:
      - application/json; charset=utf-8
      date:
      - Fri, 13 Oct 2023 06:37:12 GMT
      expires:
      - '-1'
      pragma:
      - no-cache
      server:
      - Microsoft-HTTPAPI/2.0
      - Microsoft-HTTPAPI/2.0
      strict-transport-security:
      - max-age=31536000; includeSubDomains
      transfer-encoding:
      - chunked
      vary:
      - Accept-Encoding
      x-content-type-options:
      - nosniff
      x-ms-ratelimit-remaining-resource:
      - Microsoft.Compute/GetOperationResource;57,Microsoft.Compute/GetOperationSubscriptionMaximum;14988
    status:
      code: 200
      message: OK
- request:
    body: null
    headers:
      Accept:
      - '*/*'
      Accept-Encoding:
      - gzip, deflate
      CommandName:
      - vm disk detach
      Connection:
      - keep-alive
      ParameterSetName:
      - -g --vm-name -n
      User-Agent:
      - AZURECLI/2.53.0 azsdk-python-azure-mgmt-compute/30.0.0 Python/3.10.9 (Windows-10-10.0.22621-SP0)
    method: GET
    uri: https://management.azure.com/subscriptions/00000000-0000-0000-0000-000000000000/providers/Microsoft.Compute/locations/westus/operations/64403bac-9df1-4d9a-a913-533df977dea4?p=571046f6-b640-41c1-86f7-f9f044b5adf9&api-version=2022-11-01
  response:
    body:
      string: "{\r\n  \"startTime\": \"2023-10-13T06:37:06.1141271+00:00\",\r\n  \"\
        endTime\": \"2023-10-13T06:37:14.5361216+00:00\",\r\n  \"status\": \"Succeeded\"\
        ,\r\n  \"name\": \"64403bac-9df1-4d9a-a913-533df977dea4\"\r\n}"
    headers:
      cache-control:
      - no-cache
      content-length:
      - '184'
      content-type:
      - application/json; charset=utf-8
      date:
      - Fri, 13 Oct 2023 06:37:14 GMT
      expires:
      - '-1'
      pragma:
      - no-cache
      server:
      - Microsoft-HTTPAPI/2.0
      - Microsoft-HTTPAPI/2.0
      strict-transport-security:
      - max-age=31536000; includeSubDomains
      transfer-encoding:
      - chunked
      vary:
      - Accept-Encoding
      x-content-type-options:
      - nosniff
      x-ms-ratelimit-remaining-resource:
      - Microsoft.Compute/GetOperationResource;56,Microsoft.Compute/GetOperationSubscriptionMaximum;14987
    status:
      code: 200
      message: OK
- request:
    body: null
    headers:
      Accept:
      - '*/*'
      Accept-Encoding:
      - gzip, deflate
      CommandName:
      - vm disk detach
      Connection:
      - keep-alive
      ParameterSetName:
      - -g --vm-name -n
      User-Agent:
      - AZURECLI/2.53.0 azsdk-python-azure-mgmt-compute/30.0.0 Python/3.10.9 (Windows-10-10.0.22621-SP0)
    method: GET
    uri: https://management.azure.com/subscriptions/00000000-0000-0000-0000-000000000000/resourceGroups/cli-test-disk-attach-multiple-disks000001/providers/Microsoft.Compute/virtualMachines/vm-attach-multiple-disks-test?api-version=2022-11-01
  response:
    body:
      string: "{\r\n  \"name\": \"vm-attach-multiple-disks-test\",\r\n  \"id\": \"\
        /subscriptions/00000000-0000-0000-0000-000000000000/resourceGroups/cli-test-disk-attach-multiple-disks000001/providers/Microsoft.Compute/virtualMachines/vm-attach-multiple-disks-test\"\
        ,\r\n  \"type\": \"Microsoft.Compute/virtualMachines\",\r\n  \"location\"\
        : \"westus\",\r\n  \"tags\": {},\r\n  \"properties\": {\r\n    \"hardwareProfile\"\
        : {\r\n      \"vmSize\": \"Standard_DS1_v2\"\r\n    },\r\n    \"provisioningState\"\
        : \"Succeeded\",\r\n    \"vmId\": \"4130361d-4b80-424b-86d0-f6eae9690d8c\"\
        ,\r\n    \"storageProfile\": {\r\n      \"imageReference\": {\r\n        \"\
        publisher\": \"OpenLogic\",\r\n        \"offer\": \"CentOS\",\r\n        \"\
        sku\": \"7.5\",\r\n        \"version\": \"latest\",\r\n        \"exactVersion\"\
        : \"7.5.201808150\"\r\n      },\r\n      \"osDisk\": {\r\n        \"osType\"\
        : \"Linux\",\r\n        \"name\": \"vm-attach-multiple-disks-test_OsDisk_1_9237113c5c92441fafc9cb80ec52feb5\"\
        ,\r\n        \"createOption\": \"FromImage\",\r\n        \"caching\": \"ReadWrite\"\
        ,\r\n        \"managedDisk\": {\r\n          \"storageAccountType\": \"Premium_LRS\"\
        ,\r\n          \"id\": \"/subscriptions/00000000-0000-0000-0000-000000000000/resourceGroups/cli-test-disk-attach-multiple-disks000001/providers/Microsoft.Compute/disks/vm-attach-multiple-disks-test_OsDisk_1_9237113c5c92441fafc9cb80ec52feb5\"\
        \r\n        },\r\n        \"deleteOption\": \"Detach\",\r\n        \"diskSizeGB\"\
        : 30\r\n      },\r\n      \"dataDisks\": [\r\n        {\r\n          \"lun\"\
        : 2,\r\n          \"name\": \"d3\",\r\n          \"createOption\": \"Empty\"\
        ,\r\n          \"caching\": \"None\",\r\n          \"managedDisk\": {\r\n\
        \            \"storageAccountType\": \"Premium_LRS\",\r\n            \"id\"\
        : \"/subscriptions/00000000-0000-0000-0000-000000000000/resourceGroups/cli-test-disk-attach-multiple-disks000001/providers/Microsoft.Compute/disks/d3\"\
        \r\n          },\r\n          \"deleteOption\": \"Detach\",\r\n          \"\
        diskSizeGB\": 1,\r\n          \"toBeDetached\": false\r\n        }\r\n   \
        \   ]\r\n    },\r\n    \"osProfile\": {\r\n      \"computerName\": \"vm-attach-multiple-disks-test\"\
        ,\r\n      \"adminUsername\": \"admin123\",\r\n      \"linuxConfiguration\"\
        : {\r\n        \"disablePasswordAuthentication\": false,\r\n        \"provisionVMAgent\"\
        : true,\r\n        \"patchSettings\": {\r\n          \"patchMode\": \"ImageDefault\"\
        ,\r\n          \"assessmentMode\": \"ImageDefault\"\r\n        },\r\n    \
        \    \"enableVMAgentPlatformUpdates\": false\r\n      },\r\n      \"secrets\"\
        : [],\r\n      \"allowExtensionOperations\": true,\r\n      \"requireGuestProvisionSignal\"\
        : true\r\n    },\r\n    \"networkProfile\": {\"networkInterfaces\":[{\"id\"\
        :\"/subscriptions/00000000-0000-0000-0000-000000000000/resourceGroups/cli-test-disk-attach-multiple-disks000001/providers/Microsoft.Network/networkInterfaces/vm-attach-multiple-disks-testVMNic\"\
        }]},\r\n    \"timeCreated\": \"2023-10-13T06:34:11.0505174+00:00\"\r\n  }\r\
        \n}"
    headers:
      cache-control:
      - no-cache
      content-length:
      - '2691'
      content-type:
      - application/json; charset=utf-8
      date:
      - Fri, 13 Oct 2023 06:37:14 GMT
      expires:
      - '-1'
      pragma:
      - no-cache
      server:
      - Microsoft-HTTPAPI/2.0
      - Microsoft-HTTPAPI/2.0
      strict-transport-security:
      - max-age=31536000; includeSubDomains
      transfer-encoding:
      - chunked
      vary:
      - Accept-Encoding
      x-content-type-options:
      - nosniff
      x-ms-ratelimit-remaining-resource:
      - Microsoft.Compute/LowCostGetSubscriptionMaximum;23986,Microsoft.Compute/LowCostGetResource;27
    status:
      code: 200
      message: OK
- request:
    body: null
    headers:
      Accept:
      - application/json
      Accept-Encoding:
      - gzip, deflate
      CommandName:
      - vm disk detach
      Connection:
      - keep-alive
      ParameterSetName:
      - -g --vm-name -n
      User-Agent:
      - AZURECLI/2.53.0 azsdk-python-azure-mgmt-compute/30.0.0 Python/3.10.9 (Windows-10-10.0.22621-SP0)
    method: GET
    uri: https://management.azure.com/subscriptions/00000000-0000-0000-0000-000000000000/resourceGroups/cli-test-disk-attach-multiple-disks000001/providers/Microsoft.Compute/virtualMachines/vm-attach-multiple-disks-test?api-version=2022-11-01
  response:
    body:
      string: "{\r\n  \"name\": \"vm-attach-multiple-disks-test\",\r\n  \"id\": \"\
        /subscriptions/00000000-0000-0000-0000-000000000000/resourceGroups/cli-test-disk-attach-multiple-disks000001/providers/Microsoft.Compute/virtualMachines/vm-attach-multiple-disks-test\"\
        ,\r\n  \"type\": \"Microsoft.Compute/virtualMachines\",\r\n  \"location\"\
        : \"westus\",\r\n  \"tags\": {},\r\n  \"properties\": {\r\n    \"hardwareProfile\"\
        : {\r\n      \"vmSize\": \"Standard_DS1_v2\"\r\n    },\r\n    \"provisioningState\"\
        : \"Succeeded\",\r\n    \"vmId\": \"4130361d-4b80-424b-86d0-f6eae9690d8c\"\
        ,\r\n    \"storageProfile\": {\r\n      \"imageReference\": {\r\n        \"\
        publisher\": \"OpenLogic\",\r\n        \"offer\": \"CentOS\",\r\n        \"\
        sku\": \"7.5\",\r\n        \"version\": \"latest\",\r\n        \"exactVersion\"\
        : \"7.5.201808150\"\r\n      },\r\n      \"osDisk\": {\r\n        \"osType\"\
        : \"Linux\",\r\n        \"name\": \"vm-attach-multiple-disks-test_OsDisk_1_9237113c5c92441fafc9cb80ec52feb5\"\
        ,\r\n        \"createOption\": \"FromImage\",\r\n        \"caching\": \"ReadWrite\"\
        ,\r\n        \"managedDisk\": {\r\n          \"storageAccountType\": \"Premium_LRS\"\
        ,\r\n          \"id\": \"/subscriptions/00000000-0000-0000-0000-000000000000/resourceGroups/cli-test-disk-attach-multiple-disks000001/providers/Microsoft.Compute/disks/vm-attach-multiple-disks-test_OsDisk_1_9237113c5c92441fafc9cb80ec52feb5\"\
        \r\n        },\r\n        \"deleteOption\": \"Detach\",\r\n        \"diskSizeGB\"\
        : 30\r\n      },\r\n      \"dataDisks\": [\r\n        {\r\n          \"lun\"\
        : 2,\r\n          \"name\": \"d3\",\r\n          \"createOption\": \"Empty\"\
        ,\r\n          \"caching\": \"None\",\r\n          \"managedDisk\": {\r\n\
        \            \"storageAccountType\": \"Premium_LRS\",\r\n            \"id\"\
        : \"/subscriptions/00000000-0000-0000-0000-000000000000/resourceGroups/cli-test-disk-attach-multiple-disks000001/providers/Microsoft.Compute/disks/d3\"\
        \r\n          },\r\n          \"deleteOption\": \"Detach\",\r\n          \"\
        diskSizeGB\": 1,\r\n          \"toBeDetached\": false\r\n        }\r\n   \
        \   ]\r\n    },\r\n    \"osProfile\": {\r\n      \"computerName\": \"vm-attach-multiple-disks-test\"\
        ,\r\n      \"adminUsername\": \"admin123\",\r\n      \"linuxConfiguration\"\
        : {\r\n        \"disablePasswordAuthentication\": false,\r\n        \"provisionVMAgent\"\
        : true,\r\n        \"patchSettings\": {\r\n          \"patchMode\": \"ImageDefault\"\
        ,\r\n          \"assessmentMode\": \"ImageDefault\"\r\n        },\r\n    \
        \    \"enableVMAgentPlatformUpdates\": false\r\n      },\r\n      \"secrets\"\
        : [],\r\n      \"allowExtensionOperations\": true,\r\n      \"requireGuestProvisionSignal\"\
        : true\r\n    },\r\n    \"networkProfile\": {\"networkInterfaces\":[{\"id\"\
        :\"/subscriptions/00000000-0000-0000-0000-000000000000/resourceGroups/cli-test-disk-attach-multiple-disks000001/providers/Microsoft.Network/networkInterfaces/vm-attach-multiple-disks-testVMNic\"\
        }]},\r\n    \"timeCreated\": \"2023-10-13T06:34:11.0505174+00:00\"\r\n  }\r\
        \n}"
    headers:
      cache-control:
      - no-cache
      content-length:
      - '2691'
      content-type:
      - application/json; charset=utf-8
      date:
      - Fri, 13 Oct 2023 06:37:16 GMT
      expires:
      - '-1'
      pragma:
      - no-cache
      server:
      - Microsoft-HTTPAPI/2.0
      - Microsoft-HTTPAPI/2.0
      strict-transport-security:
      - max-age=31536000; includeSubDomains
      transfer-encoding:
      - chunked
      vary:
      - Accept-Encoding
      x-content-type-options:
      - nosniff
      x-ms-ratelimit-remaining-resource:
      - Microsoft.Compute/LowCostGetSubscriptionMaximum;23985,Microsoft.Compute/LowCostGetResource;26
    status:
      code: 200
      message: OK
- request:
    body: '{"location": "westus", "tags": {}, "properties": {"hardwareProfile": {"vmSize":
      "Standard_DS1_v2"}, "storageProfile": {"osDisk": {"osType": "Linux", "name":
      "vm-attach-multiple-disks-test_OsDisk_1_9237113c5c92441fafc9cb80ec52feb5", "caching":
      "ReadWrite", "createOption": "FromImage", "diskSizeGB": 30, "managedDisk": {"id":
      "/subscriptions/00000000-0000-0000-0000-000000000000/resourceGroups/cli-test-disk-attach-multiple-disks000001/providers/Microsoft.Compute/disks/vm-attach-multiple-disks-test_OsDisk_1_9237113c5c92441fafc9cb80ec52feb5",
      "storageAccountType": "Premium_LRS"}, "deleteOption": "Detach"}, "dataDisks":
      []}, "osProfile": {"computerName": "vm-attach-multiple-disks-test", "adminUsername":
      "admin123", "linuxConfiguration": {"disablePasswordAuthentication": false, "provisionVMAgent":
      true, "patchSettings": {"patchMode": "ImageDefault", "assessmentMode": "ImageDefault"},
      "enableVMAgentPlatformUpdates": false}, "secrets": [], "allowExtensionOperations":
      true, "requireGuestProvisionSignal": true}, "networkProfile": {"networkInterfaces":
      [{"id": "/subscriptions/00000000-0000-0000-0000-000000000000/resourceGroups/cli-test-disk-attach-multiple-disks000001/providers/Microsoft.Network/networkInterfaces/vm-attach-multiple-disks-testVMNic"}]}}}'
    headers:
      Accept:
      - application/json
      Accept-Encoding:
      - gzip, deflate
      CommandName:
      - vm disk detach
      Connection:
      - keep-alive
      Content-Length:
      - '1260'
      Content-Type:
      - application/json
      ParameterSetName:
      - -g --vm-name -n
      User-Agent:
      - AZURECLI/2.53.0 azsdk-python-azure-mgmt-compute/30.0.0 Python/3.10.9 (Windows-10-10.0.22621-SP0)
    method: PUT
    uri: https://management.azure.com/subscriptions/00000000-0000-0000-0000-000000000000/resourceGroups/cli-test-disk-attach-multiple-disks000001/providers/Microsoft.Compute/virtualMachines/vm-attach-multiple-disks-test?api-version=2022-11-01
  response:
    body:
      string: "{\r\n  \"name\": \"vm-attach-multiple-disks-test\",\r\n  \"id\": \"\
        /subscriptions/00000000-0000-0000-0000-000000000000/resourceGroups/cli-test-disk-attach-multiple-disks000001/providers/Microsoft.Compute/virtualMachines/vm-attach-multiple-disks-test\"\
        ,\r\n  \"type\": \"Microsoft.Compute/virtualMachines\",\r\n  \"location\"\
        : \"westus\",\r\n  \"tags\": {},\r\n  \"properties\": {\r\n    \"hardwareProfile\"\
        : {\r\n      \"vmSize\": \"Standard_DS1_v2\"\r\n    },\r\n    \"provisioningState\"\
        : \"Updating\",\r\n    \"vmId\": \"4130361d-4b80-424b-86d0-f6eae9690d8c\"\
        ,\r\n    \"storageProfile\": {\r\n      \"imageReference\": {\r\n        \"\
        publisher\": \"OpenLogic\",\r\n        \"offer\": \"CentOS\",\r\n        \"\
        sku\": \"7.5\",\r\n        \"version\": \"latest\",\r\n        \"exactVersion\"\
        : \"7.5.201808150\"\r\n      },\r\n      \"osDisk\": {\r\n        \"osType\"\
        : \"Linux\",\r\n        \"name\": \"vm-attach-multiple-disks-test_OsDisk_1_9237113c5c92441fafc9cb80ec52feb5\"\
        ,\r\n        \"createOption\": \"FromImage\",\r\n        \"caching\": \"ReadWrite\"\
        ,\r\n        \"managedDisk\": {\r\n          \"storageAccountType\": \"Premium_LRS\"\
        ,\r\n          \"id\": \"/subscriptions/00000000-0000-0000-0000-000000000000/resourceGroups/cli-test-disk-attach-multiple-disks000001/providers/Microsoft.Compute/disks/vm-attach-multiple-disks-test_OsDisk_1_9237113c5c92441fafc9cb80ec52feb5\"\
        \r\n        },\r\n        \"deleteOption\": \"Detach\",\r\n        \"diskSizeGB\"\
        : 30\r\n      },\r\n      \"dataDisks\": [\r\n        {\r\n          \"lun\"\
        : 2,\r\n          \"name\": \"d3\",\r\n          \"createOption\": \"Empty\"\
        ,\r\n          \"caching\": \"None\",\r\n          \"managedDisk\": {\r\n\
        \            \"storageAccountType\": \"Premium_LRS\",\r\n            \"id\"\
        : \"/subscriptions/00000000-0000-0000-0000-000000000000/resourceGroups/cli-test-disk-attach-multiple-disks000001/providers/Microsoft.Compute/disks/d3\"\
        \r\n          },\r\n          \"deleteOption\": \"Detach\",\r\n          \"\
        diskSizeGB\": 1,\r\n          \"toBeDetached\": true\r\n        }\r\n    \
        \  ]\r\n    },\r\n    \"osProfile\": {\r\n      \"computerName\": \"vm-attach-multiple-disks-test\"\
        ,\r\n      \"adminUsername\": \"admin123\",\r\n      \"linuxConfiguration\"\
        : {\r\n        \"disablePasswordAuthentication\": false,\r\n        \"provisionVMAgent\"\
        : true,\r\n        \"patchSettings\": {\r\n          \"patchMode\": \"ImageDefault\"\
        ,\r\n          \"assessmentMode\": \"ImageDefault\"\r\n        },\r\n    \
        \    \"enableVMAgentPlatformUpdates\": false\r\n      },\r\n      \"secrets\"\
        : [],\r\n      \"allowExtensionOperations\": true,\r\n      \"requireGuestProvisionSignal\"\
        : true\r\n    },\r\n    \"networkProfile\": {\"networkInterfaces\":[{\"id\"\
        :\"/subscriptions/00000000-0000-0000-0000-000000000000/resourceGroups/cli-test-disk-attach-multiple-disks000001/providers/Microsoft.Network/networkInterfaces/vm-attach-multiple-disks-testVMNic\"\
        }]},\r\n    \"timeCreated\": \"2023-10-13T06:34:11.0505174+00:00\"\r\n  }\r\
        \n}"
    headers:
      azure-asyncnotification:
      - Enabled
      azure-asyncoperation:
      - https://management.azure.com/subscriptions/00000000-0000-0000-0000-000000000000/providers/Microsoft.Compute/locations/westus/operations/d3479d36-daaf-4e8f-9618-8336ae85d942?p=571046f6-b640-41c1-86f7-f9f044b5adf9&api-version=2022-11-01
      cache-control:
      - no-cache
      content-length:
      - '2689'
      content-type:
      - application/json; charset=utf-8
      date:
      - Fri, 13 Oct 2023 06:37:19 GMT
      expires:
      - '-1'
      pragma:
      - no-cache
      server:
      - Microsoft-HTTPAPI/2.0
      - Microsoft-HTTPAPI/2.0
      strict-transport-security:
      - max-age=31536000; includeSubDomains
      transfer-encoding:
      - chunked
      vary:
      - Accept-Encoding
      x-content-type-options:
      - nosniff
      x-ms-ratelimit-remaining-resource:
      - Microsoft.Compute/PutVMSubscriptionMaximum;1499,Microsoft.Compute/PutVMResource;11
      x-ms-ratelimit-remaining-subscription-writes:
      - '1197'
    status:
      code: 200
      message: OK
- request:
    body: null
    headers:
      Accept:
      - '*/*'
      Accept-Encoding:
      - gzip, deflate
      CommandName:
      - vm disk detach
      Connection:
      - keep-alive
      ParameterSetName:
      - -g --vm-name -n
      User-Agent:
      - AZURECLI/2.53.0 azsdk-python-azure-mgmt-compute/30.0.0 Python/3.10.9 (Windows-10-10.0.22621-SP0)
    method: GET
    uri: https://management.azure.com/subscriptions/00000000-0000-0000-0000-000000000000/providers/Microsoft.Compute/locations/westus/operations/d3479d36-daaf-4e8f-9618-8336ae85d942?p=571046f6-b640-41c1-86f7-f9f044b5adf9&api-version=2022-11-01
  response:
    body:
      string: "{\r\n  \"startTime\": \"2023-10-13T06:37:18.6455046+00:00\",\r\n  \"\
        status\": \"InProgress\",\r\n  \"name\": \"d3479d36-daaf-4e8f-9618-8336ae85d942\"\
        \r\n}"
    headers:
      cache-control:
      - no-cache
      content-length:
      - '134'
      content-type:
      - application/json; charset=utf-8
      date:
      - Fri, 13 Oct 2023 06:37:19 GMT
      expires:
      - '-1'
      pragma:
      - no-cache
      server:
      - Microsoft-HTTPAPI/2.0
      - Microsoft-HTTPAPI/2.0
      strict-transport-security:
      - max-age=31536000; includeSubDomains
      transfer-encoding:
      - chunked
      vary:
      - Accept-Encoding
      x-content-type-options:
      - nosniff
      x-ms-ratelimit-remaining-resource:
      - Microsoft.Compute/GetOperationResource;59,Microsoft.Compute/GetOperationSubscriptionMaximum;14984
    status:
      code: 200
      message: OK
- request:
    body: null
    headers:
      Accept:
      - '*/*'
      Accept-Encoding:
      - gzip, deflate
      CommandName:
      - vm disk detach
      Connection:
      - keep-alive
      ParameterSetName:
      - -g --vm-name -n
      User-Agent:
      - AZURECLI/2.53.0 azsdk-python-azure-mgmt-compute/30.0.0 Python/3.10.9 (Windows-10-10.0.22621-SP0)
    method: GET
    uri: https://management.azure.com/subscriptions/00000000-0000-0000-0000-000000000000/providers/Microsoft.Compute/locations/westus/operations/d3479d36-daaf-4e8f-9618-8336ae85d942?p=571046f6-b640-41c1-86f7-f9f044b5adf9&api-version=2022-11-01
  response:
    body:
      string: "{\r\n  \"startTime\": \"2023-10-13T06:37:18.6455046+00:00\",\r\n  \"\
        status\": \"InProgress\",\r\n  \"name\": \"d3479d36-daaf-4e8f-9618-8336ae85d942\"\
        \r\n}"
    headers:
      cache-control:
      - no-cache
      content-length:
      - '134'
      content-type:
      - application/json; charset=utf-8
      date:
      - Fri, 13 Oct 2023 06:37:22 GMT
      expires:
      - '-1'
      pragma:
      - no-cache
      server:
      - Microsoft-HTTPAPI/2.0
      - Microsoft-HTTPAPI/2.0
      strict-transport-security:
      - max-age=31536000; includeSubDomains
      transfer-encoding:
      - chunked
      vary:
      - Accept-Encoding
      x-content-type-options:
      - nosniff
      x-ms-ratelimit-remaining-resource:
      - Microsoft.Compute/GetOperationResource;58,Microsoft.Compute/GetOperationSubscriptionMaximum;14983
    status:
      code: 200
      message: OK
- request:
    body: null
    headers:
      Accept:
      - '*/*'
      Accept-Encoding:
      - gzip, deflate
      CommandName:
      - vm disk detach
      Connection:
      - keep-alive
      ParameterSetName:
      - -g --vm-name -n
      User-Agent:
      - AZURECLI/2.53.0 azsdk-python-azure-mgmt-compute/30.0.0 Python/3.10.9 (Windows-10-10.0.22621-SP0)
    method: GET
    uri: https://management.azure.com/subscriptions/00000000-0000-0000-0000-000000000000/providers/Microsoft.Compute/locations/westus/operations/d3479d36-daaf-4e8f-9618-8336ae85d942?p=571046f6-b640-41c1-86f7-f9f044b5adf9&api-version=2022-11-01
  response:
    body:
      string: "{\r\n  \"startTime\": \"2023-10-13T06:37:18.6455046+00:00\",\r\n  \"\
        status\": \"InProgress\",\r\n  \"name\": \"d3479d36-daaf-4e8f-9618-8336ae85d942\"\
        \r\n}"
    headers:
      cache-control:
      - no-cache
      content-length:
      - '134'
      content-type:
      - application/json; charset=utf-8
      date:
      - Fri, 13 Oct 2023 06:37:24 GMT
      expires:
      - '-1'
      pragma:
      - no-cache
      server:
      - Microsoft-HTTPAPI/2.0
      - Microsoft-HTTPAPI/2.0
      strict-transport-security:
      - max-age=31536000; includeSubDomains
      transfer-encoding:
      - chunked
      vary:
      - Accept-Encoding
      x-content-type-options:
      - nosniff
      x-ms-ratelimit-remaining-resource:
      - Microsoft.Compute/GetOperationResource;57,Microsoft.Compute/GetOperationSubscriptionMaximum;14982
    status:
      code: 200
      message: OK
- request:
    body: null
    headers:
      Accept:
      - '*/*'
      Accept-Encoding:
      - gzip, deflate
      CommandName:
      - vm disk detach
      Connection:
      - keep-alive
      ParameterSetName:
      - -g --vm-name -n
      User-Agent:
      - AZURECLI/2.53.0 azsdk-python-azure-mgmt-compute/30.0.0 Python/3.10.9 (Windows-10-10.0.22621-SP0)
    method: GET
    uri: https://management.azure.com/subscriptions/00000000-0000-0000-0000-000000000000/providers/Microsoft.Compute/locations/westus/operations/d3479d36-daaf-4e8f-9618-8336ae85d942?p=571046f6-b640-41c1-86f7-f9f044b5adf9&api-version=2022-11-01
  response:
    body:
      string: "{\r\n  \"startTime\": \"2023-10-13T06:37:18.6455046+00:00\",\r\n  \"\
        endTime\": \"2023-10-13T06:37:26.4424359+00:00\",\r\n  \"status\": \"Succeeded\"\
        ,\r\n  \"name\": \"d3479d36-daaf-4e8f-9618-8336ae85d942\"\r\n}"
    headers:
      cache-control:
      - no-cache
      content-length:
      - '184'
      content-type:
      - application/json; charset=utf-8
      date:
      - Fri, 13 Oct 2023 06:37:26 GMT
      expires:
      - '-1'
      pragma:
      - no-cache
      server:
      - Microsoft-HTTPAPI/2.0
      - Microsoft-HTTPAPI/2.0
      strict-transport-security:
      - max-age=31536000; includeSubDomains
      transfer-encoding:
      - chunked
      vary:
      - Accept-Encoding
      x-content-type-options:
      - nosniff
      x-ms-ratelimit-remaining-resource:
      - Microsoft.Compute/GetOperationResource;56,Microsoft.Compute/GetOperationSubscriptionMaximum;14981
    status:
      code: 200
      message: OK
- request:
    body: null
    headers:
      Accept:
      - '*/*'
      Accept-Encoding:
      - gzip, deflate
      CommandName:
      - vm disk detach
      Connection:
      - keep-alive
      ParameterSetName:
      - -g --vm-name -n
      User-Agent:
      - AZURECLI/2.53.0 azsdk-python-azure-mgmt-compute/30.0.0 Python/3.10.9 (Windows-10-10.0.22621-SP0)
    method: GET
    uri: https://management.azure.com/subscriptions/00000000-0000-0000-0000-000000000000/resourceGroups/cli-test-disk-attach-multiple-disks000001/providers/Microsoft.Compute/virtualMachines/vm-attach-multiple-disks-test?api-version=2022-11-01
  response:
    body:
      string: "{\r\n  \"name\": \"vm-attach-multiple-disks-test\",\r\n  \"id\": \"\
        /subscriptions/00000000-0000-0000-0000-000000000000/resourceGroups/cli-test-disk-attach-multiple-disks000001/providers/Microsoft.Compute/virtualMachines/vm-attach-multiple-disks-test\"\
        ,\r\n  \"type\": \"Microsoft.Compute/virtualMachines\",\r\n  \"location\"\
        : \"westus\",\r\n  \"tags\": {},\r\n  \"properties\": {\r\n    \"hardwareProfile\"\
        : {\r\n      \"vmSize\": \"Standard_DS1_v2\"\r\n    },\r\n    \"provisioningState\"\
        : \"Succeeded\",\r\n    \"vmId\": \"4130361d-4b80-424b-86d0-f6eae9690d8c\"\
        ,\r\n    \"storageProfile\": {\r\n      \"imageReference\": {\r\n        \"\
        publisher\": \"OpenLogic\",\r\n        \"offer\": \"CentOS\",\r\n        \"\
        sku\": \"7.5\",\r\n        \"version\": \"latest\",\r\n        \"exactVersion\"\
        : \"7.5.201808150\"\r\n      },\r\n      \"osDisk\": {\r\n        \"osType\"\
        : \"Linux\",\r\n        \"name\": \"vm-attach-multiple-disks-test_OsDisk_1_9237113c5c92441fafc9cb80ec52feb5\"\
        ,\r\n        \"createOption\": \"FromImage\",\r\n        \"caching\": \"ReadWrite\"\
        ,\r\n        \"managedDisk\": {\r\n          \"storageAccountType\": \"Premium_LRS\"\
        ,\r\n          \"id\": \"/subscriptions/00000000-0000-0000-0000-000000000000/resourceGroups/cli-test-disk-attach-multiple-disks000001/providers/Microsoft.Compute/disks/vm-attach-multiple-disks-test_OsDisk_1_9237113c5c92441fafc9cb80ec52feb5\"\
        \r\n        },\r\n        \"deleteOption\": \"Detach\",\r\n        \"diskSizeGB\"\
        : 30\r\n      },\r\n      \"dataDisks\": []\r\n    },\r\n    \"osProfile\"\
        : {\r\n      \"computerName\": \"vm-attach-multiple-disks-test\",\r\n    \
        \  \"adminUsername\": \"admin123\",\r\n      \"linuxConfiguration\": {\r\n\
        \        \"disablePasswordAuthentication\": false,\r\n        \"provisionVMAgent\"\
        : true,\r\n        \"patchSettings\": {\r\n          \"patchMode\": \"ImageDefault\"\
        ,\r\n          \"assessmentMode\": \"ImageDefault\"\r\n        },\r\n    \
        \    \"enableVMAgentPlatformUpdates\": false\r\n      },\r\n      \"secrets\"\
        : [],\r\n      \"allowExtensionOperations\": true,\r\n      \"requireGuestProvisionSignal\"\
        : true\r\n    },\r\n    \"networkProfile\": {\"networkInterfaces\":[{\"id\"\
        :\"/subscriptions/00000000-0000-0000-0000-000000000000/resourceGroups/cli-test-disk-attach-multiple-disks000001/providers/Microsoft.Network/networkInterfaces/vm-attach-multiple-disks-testVMNic\"\
        }]},\r\n    \"timeCreated\": \"2023-10-13T06:34:11.0505174+00:00\"\r\n  }\r\
        \n}"
    headers:
      cache-control:
      - no-cache
      content-length:
      - '2192'
      content-type:
      - application/json; charset=utf-8
      date:
      - Fri, 13 Oct 2023 06:37:26 GMT
      expires:
      - '-1'
      pragma:
      - no-cache
      server:
      - Microsoft-HTTPAPI/2.0
      - Microsoft-HTTPAPI/2.0
      strict-transport-security:
      - max-age=31536000; includeSubDomains
      transfer-encoding:
      - chunked
      vary:
      - Accept-Encoding
      x-content-type-options:
      - nosniff
      x-ms-ratelimit-remaining-resource:
      - Microsoft.Compute/LowCostGetSubscriptionMaximum;23982,Microsoft.Compute/LowCostGetResource;35
    status:
      code: 200
      message: OK
- request:
    body: null
    headers:
      Accept:
      - application/json
      Accept-Encoding:
      - gzip, deflate
      CommandName:
      - vm show
      Connection:
      - keep-alive
      ParameterSetName:
      - -g -n
      User-Agent:
      - AZURECLI/2.53.0 azsdk-python-azure-mgmt-compute/30.0.0 Python/3.10.9 (Windows-10-10.0.22621-SP0)
    method: GET
    uri: https://management.azure.com/subscriptions/00000000-0000-0000-0000-000000000000/resourceGroups/cli-test-disk-attach-multiple-disks000001/providers/Microsoft.Compute/virtualMachines/vm-attach-multiple-disks-test?api-version=2022-11-01
  response:
    body:
      string: "{\r\n  \"name\": \"vm-attach-multiple-disks-test\",\r\n  \"id\": \"\
        /subscriptions/00000000-0000-0000-0000-000000000000/resourceGroups/cli-test-disk-attach-multiple-disks000001/providers/Microsoft.Compute/virtualMachines/vm-attach-multiple-disks-test\"\
        ,\r\n  \"type\": \"Microsoft.Compute/virtualMachines\",\r\n  \"location\"\
        : \"westus\",\r\n  \"tags\": {},\r\n  \"properties\": {\r\n    \"hardwareProfile\"\
        : {\r\n      \"vmSize\": \"Standard_DS1_v2\"\r\n    },\r\n    \"provisioningState\"\
        : \"Succeeded\",\r\n    \"vmId\": \"4130361d-4b80-424b-86d0-f6eae9690d8c\"\
        ,\r\n    \"storageProfile\": {\r\n      \"imageReference\": {\r\n        \"\
        publisher\": \"OpenLogic\",\r\n        \"offer\": \"CentOS\",\r\n        \"\
        sku\": \"7.5\",\r\n        \"version\": \"latest\",\r\n        \"exactVersion\"\
        : \"7.5.201808150\"\r\n      },\r\n      \"osDisk\": {\r\n        \"osType\"\
        : \"Linux\",\r\n        \"name\": \"vm-attach-multiple-disks-test_OsDisk_1_9237113c5c92441fafc9cb80ec52feb5\"\
        ,\r\n        \"createOption\": \"FromImage\",\r\n        \"caching\": \"ReadWrite\"\
        ,\r\n        \"managedDisk\": {\r\n          \"storageAccountType\": \"Premium_LRS\"\
        ,\r\n          \"id\": \"/subscriptions/00000000-0000-0000-0000-000000000000/resourceGroups/cli-test-disk-attach-multiple-disks000001/providers/Microsoft.Compute/disks/vm-attach-multiple-disks-test_OsDisk_1_9237113c5c92441fafc9cb80ec52feb5\"\
        \r\n        },\r\n        \"deleteOption\": \"Detach\",\r\n        \"diskSizeGB\"\
        : 30\r\n      },\r\n      \"dataDisks\": []\r\n    },\r\n    \"osProfile\"\
        : {\r\n      \"computerName\": \"vm-attach-multiple-disks-test\",\r\n    \
        \  \"adminUsername\": \"admin123\",\r\n      \"linuxConfiguration\": {\r\n\
        \        \"disablePasswordAuthentication\": false,\r\n        \"provisionVMAgent\"\
        : true,\r\n        \"patchSettings\": {\r\n          \"patchMode\": \"ImageDefault\"\
        ,\r\n          \"assessmentMode\": \"ImageDefault\"\r\n        },\r\n    \
        \    \"enableVMAgentPlatformUpdates\": false\r\n      },\r\n      \"secrets\"\
        : [],\r\n      \"allowExtensionOperations\": true,\r\n      \"requireGuestProvisionSignal\"\
        : true\r\n    },\r\n    \"networkProfile\": {\"networkInterfaces\":[{\"id\"\
        :\"/subscriptions/00000000-0000-0000-0000-000000000000/resourceGroups/cli-test-disk-attach-multiple-disks000001/providers/Microsoft.Network/networkInterfaces/vm-attach-multiple-disks-testVMNic\"\
        }]},\r\n    \"timeCreated\": \"2023-10-13T06:34:11.0505174+00:00\"\r\n  }\r\
        \n}"
    headers:
      cache-control:
      - no-cache
      content-length:
      - '2192'
      content-type:
      - application/json; charset=utf-8
      date:
      - Fri, 13 Oct 2023 06:37:30 GMT
      expires:
      - '-1'
      pragma:
      - no-cache
      server:
      - Microsoft-HTTPAPI/2.0
      - Microsoft-HTTPAPI/2.0
      strict-transport-security:
      - max-age=31536000; includeSubDomains
      transfer-encoding:
      - chunked
      vary:
      - Accept-Encoding
      x-content-type-options:
      - nosniff
      x-ms-ratelimit-remaining-resource:
      - Microsoft.Compute/LowCostGetSubscriptionMaximum;23979,Microsoft.Compute/LowCostGetResource;32
    status:
      code: 200
      message: OK
version: 1
