interactions:
- request:
    body: null
    headers:
      Accept:
      - application/json
      Accept-Encoding:
      - gzip, deflate
      CommandName:
      - identity create
      Connection:
      - keep-alive
      ParameterSetName:
      - -g -n
      User-Agent:
      - python/3.8.0 (Windows-10-10.0.19041-SP0) msrest/0.6.9 msrest_azure/0.6.3 azure-mgmt-resource/10.1.0
        Azure-SDK-For-Python AZURECLI/2.9.0
      accept-language:
      - en-US
    method: GET
    uri: https://management.azure.com/subscriptions/00000000-0000-0000-0000-000000000000/resourcegroups/img_tmpl_managed000001?api-version=2020-06-01
  response:
    body:
      string: '{"id":"/subscriptions/00000000-0000-0000-0000-000000000000/resourceGroups/img_tmpl_managed000001","name":"img_tmpl_managed000001","type":"Microsoft.Resources/resourceGroups","location":"westus","tags":{"product":"azurecli","cause":"automation","date":"2020-07-20T02:19:51Z"},"properties":{"provisioningState":"Succeeded"}}'
    headers:
      cache-control:
      - no-cache
      content-length:
      - '428'
      content-type:
      - application/json; charset=utf-8
      date:
      - Mon, 20 Jul 2020 02:19:53 GMT
      expires:
      - '-1'
      pragma:
      - no-cache
      strict-transport-security:
      - max-age=31536000; includeSubDomains
      vary:
      - Accept-Encoding
      x-content-type-options:
      - nosniff
    status:
      code: 200
      message: OK
- request:
    body: '{"location": "westus"}'
    headers:
      Accept:
      - application/json
      Accept-Encoding:
      - gzip, deflate
      CommandName:
      - identity create
      Connection:
      - keep-alive
      Content-Length:
      - '22'
      Content-Type:
      - application/json; charset=utf-8
      ParameterSetName:
      - -g -n
      User-Agent:
      - python/3.8.0 (Windows-10-10.0.19041-SP0) msrest/0.6.9 msrest_azure/0.6.3 azure-mgmt-msi/0.2.0
        Azure-SDK-For-Python AZURECLI/2.9.0
      accept-language:
      - en-US
    method: PUT
    uri: https://management.azure.com/subscriptions/00000000-0000-0000-0000-000000000000/resourceGroups/img_tmpl_managed000001/providers/Microsoft.ManagedIdentity/userAssignedIdentities/ide1?api-version=2015-08-31-preview
  response:
    body:
      string: '{"id":"/subscriptions/00000000-0000-0000-0000-000000000000/resourcegroups/img_tmpl_managed000001/providers/Microsoft.ManagedIdentity/userAssignedIdentities/ide1","name":"ide1","type":"Microsoft.ManagedIdentity/userAssignedIdentities","location":"westus","tags":{},"properties":{"tenantId":"54826b22-38d6-4fb2-bad9-b7b93a3e9c5a","principalId":"43f5ab76-02af-49d6-9f4f-54ee665172a6","clientId":"32918dc9-1c8a-4fd8-8b20-3a9b3dd7d097","clientSecretUrl":"https://control-westus.identity.azure.net/subscriptions/00000000-0000-0000-0000-000000000000/resourcegroups/img_tmpl_managed000001/providers/Microsoft.ManagedIdentity/userAssignedIdentities/ide1/credentials?tid=54826b22-38d6-4fb2-bad9-b7b93a3e9c5a&oid=43f5ab76-02af-49d6-9f4f-54ee665172a6&aid=32918dc9-1c8a-4fd8-8b20-3a9b3dd7d097"}}'
    headers:
      cache-control:
      - no-cache
      content-length:
      - '888'
      content-type:
      - application/json; charset=utf-8
      date:
      - Mon, 20 Jul 2020 02:20:01 GMT
      expires:
      - '-1'
      location:
      - /subscriptions/00000000-0000-0000-0000-000000000000/resourcegroups/img_tmpl_managed000001/providers/Microsoft.ManagedIdentity/userAssignedIdentities/ide1
      pragma:
      - no-cache
      server:
      - Microsoft-HTTPAPI/2.0
      strict-transport-security:
      - max-age=31536000; includeSubDomains
      x-content-type-options:
      - nosniff
      x-ms-ratelimit-remaining-subscription-writes:
      - '1191'
    status:
      code: 201
      message: Created
- request:
    body: null
    headers:
      Accept:
      - application/json
      Accept-Encoding:
      - gzip, deflate
      CommandName:
      - role assignment create
      Connection:
      - keep-alive
      ParameterSetName:
      - --assignee --role --scope
      User-Agent:
      - python/3.8.0 (Windows-10-10.0.19041-SP0) msrest/0.6.9 msrest_azure/0.6.3 azure-mgmt-authorization/0.52.0
        Azure-SDK-For-Python AZURECLI/2.9.0
      accept-language:
      - en-US
    method: GET
    uri: https://management.azure.com/subscriptions/00000000-0000-0000-0000-000000000000/resourceGroups/img_tmpl_managed000001/providers/Microsoft.Authorization/roleDefinitions?$filter=roleName%20eq%20%27Contributor%27&api-version=2018-01-01-preview
  response:
    body:
      string: '{"value":[{"properties":{"roleName":"Contributor","type":"BuiltInRole","description":"Lets
        you manage everything except access to resources.","assignableScopes":["/"],"permissions":[{"actions":["*"],"notActions":["Microsoft.Authorization/*/Delete","Microsoft.Authorization/*/Write","Microsoft.Authorization/elevateAccess/Action","Microsoft.Blueprint/blueprintAssignments/write","Microsoft.Blueprint/blueprintAssignments/delete"],"dataActions":[],"notDataActions":[]}],"createdOn":"2015-02-02T21:55:09.8806423Z","updatedOn":"2019-02-05T21:24:38.4580610Z","createdBy":null,"updatedBy":null},"id":"/subscriptions/00000000-0000-0000-0000-000000000000/providers/Microsoft.Authorization/roleDefinitions/b24988ac-6180-42a0-ab88-20f7382dd24c","type":"Microsoft.Authorization/roleDefinitions","name":"b24988ac-6180-42a0-ab88-20f7382dd24c"}]}'
    headers:
      cache-control:
      - no-cache
      content-length:
      - '832'
      content-type:
      - application/json; charset=utf-8
      date:
      - Mon, 20 Jul 2020 02:20:46 GMT
      expires:
      - '-1'
      pragma:
      - no-cache
      set-cookie:
      - x-ms-gateway-slice=Production; path=/; SameSite=None; secure; HttpOnly
      strict-transport-security:
      - max-age=31536000; includeSubDomains
      transfer-encoding:
      - chunked
      vary:
      - Accept-Encoding
      x-content-type-options:
      - nosniff
    status:
      code: 200
      message: OK
- request:
    body: null
    headers:
      Accept:
      - application/json
      Accept-Encoding:
      - gzip, deflate
      CommandName:
      - role assignment create
      Connection:
      - keep-alive
      ParameterSetName:
      - --assignee --role --scope
      User-Agent:
      - python/3.8.0 (Windows-10-10.0.19041-SP0) msrest/0.6.9 msrest_azure/0.6.3 azure-graphrbac/0.60.0
        Azure-SDK-For-Python AZURECLI/2.9.0
      accept-language:
      - en-US
    method: GET
    uri: https://graph.windows.net/00000000-0000-0000-0000-000000000000/servicePrincipals?$filter=servicePrincipalNames%2Fany%28c%3Ac%20eq%20%2732918dc9-1c8a-4fd8-8b20-3a9b3dd7d097%27%29&api-version=1.6
  response:
    body:
      string: '{"odata.metadata":"https://graph.windows.net/00000000-0000-0000-0000-000000000000/$metadata#directoryObjects","value":[{"odata.type":"Microsoft.DirectoryServices.ServicePrincipal","objectType":"ServicePrincipal","objectId":"43f5ab76-02af-49d6-9f4f-54ee665172a6","deletionTimestamp":null,"accountEnabled":true,"addIns":[],"alternativeNames":["isExplicit=True","/subscriptions/00000000-0000-0000-0000-000000000000/resourcegroups/img_tmpl_managed000001/providers/Microsoft.ManagedIdentity/userAssignedIdentities/ide1"],"appDisplayName":null,"appId":"32918dc9-1c8a-4fd8-8b20-3a9b3dd7d097","applicationTemplateId":null,"appOwnerTenantId":null,"appRoleAssignmentRequired":false,"appRoles":[],"displayName":"ide1","errorUrl":null,"homepage":null,"informationalUrls":null,"keyCredentials":[{"customKeyIdentifier":"EC56E758697E8B52A618B3CC4AD72B7B6F28C9A3","endDate":"2020-10-18T02:14:00Z","keyId":"3f26a9a9-b088-4fd1-a210-1970af04e695","startDate":"2020-07-20T02:14:00Z","type":"AsymmetricX509Cert","usage":"Verify","value":null}],"logoutUrl":null,"notificationEmailAddresses":[],"oauth2Permissions":[],"passwordCredentials":[],"preferredSingleSignOnMode":null,"preferredTokenSigningKeyEndDateTime":null,"preferredTokenSigningKeyThumbprint":null,"publisherName":null,"replyUrls":[],"samlMetadataUrl":null,"samlSingleSignOnSettings":null,"servicePrincipalNames":["32918dc9-1c8a-4fd8-8b20-3a9b3dd7d097","https://identity.azure.net/NBdn0RHX/5maTlKJqW132yHjvtCpY/UshAdgA5PARbA="],"servicePrincipalType":"ManagedIdentity","signInAudience":null,"tags":[],"tokenEncryptionKeyId":null}]}'
    headers:
      access-control-allow-origin:
      - '*'
      cache-control:
      - no-cache
      content-length:
      - '1624'
      content-type:
      - application/json; odata=minimalmetadata; streaming=true; charset=utf-8
      dataserviceversion:
      - 3.0;
      date:
      - Mon, 20 Jul 2020 02:20:48 GMT
      duration:
      - '2706223'
      expires:
      - '-1'
      ocp-aad-diagnostics-server-name:
      - B2B0JGJdLwMkyIJk2CVbVPrGBozgMZvNfItsKCGgg7U=
      ocp-aad-session-key:
      - 9IzcwSjWd73Sdg5_-KhXdPF32pnikn2Iw56byoWGT2JH-BKiFtcMKKcrFGbmjZX-fYSRxR4e7oXiGbgFtVzD5dASR9Mj0YbikD0MWpj235_Mjh1gaT58sVio75oXm-Vi.UlLiXtMtNlYdpAZNM6knDYFDb7HaOWwbYbQy3axRGOY
      pragma:
      - no-cache
      request-id:
      - cabfbd0c-396b-4cae-b190-a7fafacb749b
      strict-transport-security:
      - max-age=31536000; includeSubDomains
      x-aad-resource-unit:
      - '1'
      x-aspnet-version:
      - 4.0.30319
      x-ms-dirapi-data-contract-version:
      - '1.6'
      x-powered-by:
      - ASP.NET
    status:
      code: 200
      message: OK
- request:
    body: '{"properties": {"roleDefinitionId": "/subscriptions/00000000-0000-0000-0000-000000000000/providers/Microsoft.Authorization/roleDefinitions/b24988ac-6180-42a0-ab88-20f7382dd24c",
      "principalId": "43f5ab76-02af-49d6-9f4f-54ee665172a6"}}'
    headers:
      Accept:
      - application/json
      Accept-Encoding:
      - gzip, deflate
      CommandName:
      - role assignment create
      Connection:
      - keep-alive
      Content-Length:
      - '233'
      Content-Type:
      - application/json; charset=utf-8
      Cookie:
      - x-ms-gateway-slice=Production
      ParameterSetName:
      - --assignee --role --scope
      User-Agent:
      - python/3.8.0 (Windows-10-10.0.19041-SP0) msrest/0.6.9 msrest_azure/0.6.3 azure-mgmt-authorization/0.52.0
        Azure-SDK-For-Python AZURECLI/2.9.0
      accept-language:
      - en-US
    method: PUT
    uri: https://management.azure.com/subscriptions/00000000-0000-0000-0000-000000000000/resourceGroups/img_tmpl_managed000001/providers/Microsoft.Authorization/roleAssignments/88888888-0000-0000-0000-000000000001?api-version=2018-09-01-preview
  response:
    body:
      string: '{"properties":{"roleDefinitionId":"/subscriptions/00000000-0000-0000-0000-000000000000/providers/Microsoft.Authorization/roleDefinitions/b24988ac-6180-42a0-ab88-20f7382dd24c","principalId":"43f5ab76-02af-49d6-9f4f-54ee665172a6","principalType":"ServicePrincipal","scope":"/subscriptions/00000000-0000-0000-0000-000000000000/resourceGroups/img_tmpl_managed000001","createdOn":"2020-07-20T02:20:49.3885615Z","updatedOn":"2020-07-20T02:20:49.3885615Z","createdBy":null,"updatedBy":"9ac534f1-d577-4034-a32d-48de400dacbf"},"id":"/subscriptions/00000000-0000-0000-0000-000000000000/resourceGroups/img_tmpl_managed000001/providers/Microsoft.Authorization/roleAssignments/88888888-0000-0000-0000-000000000001","type":"Microsoft.Authorization/roleAssignments","name":"88888888-0000-0000-0000-000000000001"}'
    headers:
      cache-control:
      - no-cache
      content-length:
      - '903'
      content-type:
      - application/json; charset=utf-8
      date:
      - Mon, 20 Jul 2020 02:20:51 GMT
      expires:
      - '-1'
      pragma:
      - no-cache
      set-cookie:
      - x-ms-gateway-slice=Production; path=/; secure; HttpOnly; SameSite=None
      strict-transport-security:
      - max-age=31536000; includeSubDomains
      x-content-type-options:
      - nosniff
      x-ms-ratelimit-remaining-subscription-writes:
      - '1188'
    status:
      code: 201
      message: Created
- request:
    body: null
    headers:
      Accept:
      - application/json
      Accept-Encoding:
      - gzip, deflate
      CommandName:
      - image builder create
      Connection:
      - keep-alive
      ParameterSetName:
      - -n -g --image-source --managed-image-destinations --scripts --identity
      User-Agent:
      - python/3.8.0 (Windows-10-10.0.19041-SP0) msrest/0.6.9 msrest_azure/0.6.3 azure-mgmt-resource/10.1.0
        Azure-SDK-For-Python AZURECLI/2.9.0
      accept-language:
      - en-US
    method: GET
    uri: https://management.azure.com/subscriptions/00000000-0000-0000-0000-000000000000/resourcegroups/img_tmpl_managed000001?api-version=2020-06-01
  response:
    body:
      string: '{"id":"/subscriptions/00000000-0000-0000-0000-000000000000/resourceGroups/img_tmpl_managed000001","name":"img_tmpl_managed000001","type":"Microsoft.Resources/resourceGroups","location":"westus","tags":{"product":"azurecli","cause":"automation","date":"2020-07-20T02:19:51Z"},"properties":{"provisioningState":"Succeeded"}}'
    headers:
      cache-control:
      - no-cache
      content-length:
      - '428'
      content-type:
      - application/json; charset=utf-8
      date:
      - Mon, 20 Jul 2020 02:20:53 GMT
      expires:
      - '-1'
      pragma:
      - no-cache
      strict-transport-security:
      - max-age=31536000; includeSubDomains
      vary:
      - Accept-Encoding
      x-content-type-options:
      - nosniff
    status:
      code: 200
      message: OK
- request:
    body: null
    headers:
      Accept:
      - application/json
      Accept-Encoding:
      - gzip, deflate
      CommandName:
      - image builder create
      Connection:
      - keep-alive
      ParameterSetName:
      - -n -g --image-source --managed-image-destinations --scripts --identity
      User-Agent:
      - python/3.8.0 (Windows-10-10.0.19041-SP0) msrest/0.6.9 msrest_azure/0.6.3 azure-mgmt-resource/10.1.0
        Azure-SDK-For-Python AZURECLI/2.9.0
      accept-language:
      - en-US
    method: GET
    uri: https://management.azure.com/subscriptions/00000000-0000-0000-0000-000000000000/locations?api-version=2019-11-01
  response:
    body:
      string: '{"value":[{"id":"/subscriptions/00000000-0000-0000-0000-000000000000/locations/eastus","name":"eastus","displayName":"East
        US","regionalDisplayName":"(US) East US","metadata":{"regionType":"Physical","regionCategory":"Recommended","geographyGroup":"US","longitude":"-79.8164","latitude":"37.3719","physicalLocation":"Virginia","pairedRegion":[{"name":"westus","id":"/subscriptions/00000000-0000-0000-0000-000000000000/locations/westus"}]}},{"id":"/subscriptions/00000000-0000-0000-0000-000000000000/locations/eastus2","name":"eastus2","displayName":"East
        US 2","regionalDisplayName":"(US) East US 2","metadata":{"regionType":"Physical","regionCategory":"Recommended","geographyGroup":"US","longitude":"-78.3889","latitude":"36.6681","physicalLocation":"Virginia","pairedRegion":[{"name":"centralus","id":"/subscriptions/00000000-0000-0000-0000-000000000000/locations/centralus"}]}},{"id":"/subscriptions/00000000-0000-0000-0000-000000000000/locations/southcentralus","name":"southcentralus","displayName":"South
        Central US","regionalDisplayName":"(US) South Central US","metadata":{"regionType":"Physical","regionCategory":"Recommended","geographyGroup":"US","longitude":"-98.5","latitude":"29.4167","physicalLocation":"Texas","pairedRegion":[{"name":"northcentralus","id":"/subscriptions/00000000-0000-0000-0000-000000000000/locations/northcentralus"}]}},{"id":"/subscriptions/00000000-0000-0000-0000-000000000000/locations/westus2","name":"westus2","displayName":"West
        US 2","regionalDisplayName":"(US) West US 2","metadata":{"regionType":"Physical","regionCategory":"Recommended","geographyGroup":"US","longitude":"-119.852","latitude":"47.233","physicalLocation":"Washington","pairedRegion":[{"name":"westcentralus","id":"/subscriptions/00000000-0000-0000-0000-000000000000/locations/westcentralus"}]}},{"id":"/subscriptions/00000000-0000-0000-0000-000000000000/locations/australiaeast","name":"australiaeast","displayName":"Australia
        East","regionalDisplayName":"(Asia Pacific) Australia East","metadata":{"regionType":"Physical","regionCategory":"Recommended","geographyGroup":"Asia
        Pacific","longitude":"151.2094","latitude":"-33.86","physicalLocation":"New
        South Wales","pairedRegion":[{"name":"australiasoutheast","id":"/subscriptions/00000000-0000-0000-0000-000000000000/locations/australiasoutheast"}]}},{"id":"/subscriptions/00000000-0000-0000-0000-000000000000/locations/southeastasia","name":"southeastasia","displayName":"Southeast
        Asia","regionalDisplayName":"(Asia Pacific) Southeast Asia","metadata":{"regionType":"Physical","regionCategory":"Recommended","geographyGroup":"Asia
        Pacific","longitude":"103.833","latitude":"1.283","physicalLocation":"Singapore","pairedRegion":[{"name":"eastasia","id":"/subscriptions/00000000-0000-0000-0000-000000000000/locations/eastasia"}]}},{"id":"/subscriptions/00000000-0000-0000-0000-000000000000/locations/northeurope","name":"northeurope","displayName":"North
        Europe","regionalDisplayName":"(Europe) North Europe","metadata":{"regionType":"Physical","regionCategory":"Recommended","geographyGroup":"Europe","longitude":"-6.2597","latitude":"53.3478","physicalLocation":"Ireland","pairedRegion":[{"name":"westeurope","id":"/subscriptions/00000000-0000-0000-0000-000000000000/locations/westeurope"}]}},{"id":"/subscriptions/00000000-0000-0000-0000-000000000000/locations/uksouth","name":"uksouth","displayName":"UK
        South","regionalDisplayName":"(Europe) UK South","metadata":{"regionType":"Physical","regionCategory":"Recommended","geographyGroup":"Europe","longitude":"-0.799","latitude":"50.941","physicalLocation":"London","pairedRegion":[{"name":"ukwest","id":"/subscriptions/00000000-0000-0000-0000-000000000000/locations/ukwest"}]}},{"id":"/subscriptions/00000000-0000-0000-0000-000000000000/locations/westeurope","name":"westeurope","displayName":"West
        Europe","regionalDisplayName":"(Europe) West Europe","metadata":{"regionType":"Physical","regionCategory":"Recommended","geographyGroup":"Europe","longitude":"4.9","latitude":"52.3667","physicalLocation":"Netherlands","pairedRegion":[{"name":"northeurope","id":"/subscriptions/00000000-0000-0000-0000-000000000000/locations/northeurope"}]}},{"id":"/subscriptions/00000000-0000-0000-0000-000000000000/locations/centralus","name":"centralus","displayName":"Central
        US","regionalDisplayName":"(US) Central US","metadata":{"regionType":"Physical","regionCategory":"Recommended","geographyGroup":"US","longitude":"-93.6208","latitude":"41.5908","physicalLocation":"Iowa","pairedRegion":[{"name":"eastus2","id":"/subscriptions/00000000-0000-0000-0000-000000000000/locations/eastus2"}]}},{"id":"/subscriptions/00000000-0000-0000-0000-000000000000/locations/northcentralus","name":"northcentralus","displayName":"North
        Central US","regionalDisplayName":"(US) North Central US","metadata":{"regionType":"Physical","regionCategory":"Recommended","geographyGroup":"US","longitude":"-87.6278","latitude":"41.8819","physicalLocation":"Illinois","pairedRegion":[{"name":"southcentralus","id":"/subscriptions/00000000-0000-0000-0000-000000000000/locations/southcentralus"}]}},{"id":"/subscriptions/00000000-0000-0000-0000-000000000000/locations/westus","name":"westus","displayName":"West
        US","regionalDisplayName":"(US) West US","metadata":{"regionType":"Physical","regionCategory":"Recommended","geographyGroup":"US","longitude":"-122.417","latitude":"37.783","physicalLocation":"California","pairedRegion":[{"name":"eastus","id":"/subscriptions/00000000-0000-0000-0000-000000000000/locations/eastus"}]}},{"id":"/subscriptions/00000000-0000-0000-0000-000000000000/locations/southafricanorth","name":"southafricanorth","displayName":"South
        Africa North","regionalDisplayName":"(Africa) South Africa North","metadata":{"regionType":"Physical","regionCategory":"Recommended","geographyGroup":"Africa","longitude":"28.218370","latitude":"-25.731340","physicalLocation":"Johannesburg","pairedRegion":[{"name":"southafricawest","id":"/subscriptions/00000000-0000-0000-0000-000000000000/locations/southafricawest"}]}},{"id":"/subscriptions/00000000-0000-0000-0000-000000000000/locations/centralindia","name":"centralindia","displayName":"Central
        India","regionalDisplayName":"(Asia Pacific) Central India","metadata":{"regionType":"Physical","regionCategory":"Recommended","geographyGroup":"Asia
        Pacific","longitude":"73.9197","latitude":"18.5822","physicalLocation":"Pune","pairedRegion":[{"name":"southindia","id":"/subscriptions/00000000-0000-0000-0000-000000000000/locations/southindia"}]}},{"id":"/subscriptions/00000000-0000-0000-0000-000000000000/locations/eastasia","name":"eastasia","displayName":"East
        Asia","regionalDisplayName":"(Asia Pacific) East Asia","metadata":{"regionType":"Physical","regionCategory":"Recommended","geographyGroup":"Asia
        Pacific","longitude":"114.188","latitude":"22.267","physicalLocation":"Hong
        Kong","pairedRegion":[{"name":"southeastasia","id":"/subscriptions/00000000-0000-0000-0000-000000000000/locations/southeastasia"}]}},{"id":"/subscriptions/00000000-0000-0000-0000-000000000000/locations/japaneast","name":"japaneast","displayName":"Japan
        East","regionalDisplayName":"(Asia Pacific) Japan East","metadata":{"regionType":"Physical","regionCategory":"Recommended","geographyGroup":"Asia
        Pacific","longitude":"139.77","latitude":"35.68","physicalLocation":"Tokyo,
        Saitama","pairedRegion":[{"name":"japanwest","id":"/subscriptions/00000000-0000-0000-0000-000000000000/locations/japanwest"}]}},{"id":"/subscriptions/00000000-0000-0000-0000-000000000000/locations/koreacentral","name":"koreacentral","displayName":"Korea
        Central","regionalDisplayName":"(Asia Pacific) Korea Central","metadata":{"regionType":"Physical","regionCategory":"Recommended","geographyGroup":"Asia
        Pacific","longitude":"126.9780","latitude":"37.5665","physicalLocation":"Seoul","pairedRegion":[{"name":"koreasouth","id":"/subscriptions/00000000-0000-0000-0000-000000000000/locations/koreasouth"}]}},{"id":"/subscriptions/00000000-0000-0000-0000-000000000000/locations/canadacentral","name":"canadacentral","displayName":"Canada
        Central","regionalDisplayName":"(Canada) Canada Central","metadata":{"regionType":"Physical","regionCategory":"Recommended","geographyGroup":"Canada","longitude":"-79.383","latitude":"43.653","physicalLocation":"Toronto","pairedRegion":[{"name":"canadaeast","id":"/subscriptions/00000000-0000-0000-0000-000000000000/locations/canadaeast"}]}},{"id":"/subscriptions/00000000-0000-0000-0000-000000000000/locations/francecentral","name":"francecentral","displayName":"France
        Central","regionalDisplayName":"(Europe) France Central","metadata":{"regionType":"Physical","regionCategory":"Recommended","geographyGroup":"Europe","longitude":"2.3730","latitude":"46.3772","physicalLocation":"Paris","pairedRegion":[{"name":"francesouth","id":"/subscriptions/00000000-0000-0000-0000-000000000000/locations/francesouth"}]}},{"id":"/subscriptions/00000000-0000-0000-0000-000000000000/locations/germanywestcentral","name":"germanywestcentral","displayName":"Germany
        West Central","regionalDisplayName":"(Europe) Germany West Central","metadata":{"regionType":"Physical","regionCategory":"Recommended","geographyGroup":"Europe","longitude":"8.682127","latitude":"50.110924","physicalLocation":"Frankfurt","pairedRegion":[{"name":"germanynorth","id":"/subscriptions/00000000-0000-0000-0000-000000000000/locations/germanynorth"}]}},{"id":"/subscriptions/00000000-0000-0000-0000-000000000000/locations/norwayeast","name":"norwayeast","displayName":"Norway
        East","regionalDisplayName":"(Europe) Norway East","metadata":{"regionType":"Physical","regionCategory":"Recommended","geographyGroup":"Europe","longitude":"10.752245","latitude":"59.913868","physicalLocation":"Norway","pairedRegion":[{"name":"norwaywest","id":"/subscriptions/00000000-0000-0000-0000-000000000000/locations/norwaywest"}]}},{"id":"/subscriptions/00000000-0000-0000-0000-000000000000/locations/switzerlandnorth","name":"switzerlandnorth","displayName":"Switzerland
        North","regionalDisplayName":"(Europe) Switzerland North","metadata":{"regionType":"Physical","regionCategory":"Recommended","geographyGroup":"Europe","longitude":"8.564572","latitude":"47.451542","physicalLocation":"Zurich","pairedRegion":[{"name":"switzerlandwest","id":"/subscriptions/00000000-0000-0000-0000-000000000000/locations/switzerlandwest"}]}},{"id":"/subscriptions/00000000-0000-0000-0000-000000000000/locations/uaenorth","name":"uaenorth","displayName":"UAE
        North","regionalDisplayName":"(Middle East) UAE North","metadata":{"regionType":"Physical","regionCategory":"Recommended","geographyGroup":"Middle
        East","longitude":"55.316666","latitude":"25.266666","physicalLocation":"Dubai","pairedRegion":[{"name":"uaecentral","id":"/subscriptions/00000000-0000-0000-0000-000000000000/locations/uaecentral"}]}},{"id":"/subscriptions/00000000-0000-0000-0000-000000000000/locations/brazilsouth","name":"brazilsouth","displayName":"Brazil
        South","regionalDisplayName":"(South America) Brazil South","metadata":{"regionType":"Physical","regionCategory":"Recommended","geographyGroup":"South
        America","longitude":"-46.633","latitude":"-23.55","physicalLocation":"Sao
        Paulo State","pairedRegion":[{"name":"southcentralus","id":"/subscriptions/00000000-0000-0000-0000-000000000000/locations/southcentralus"}]}},{"id":"/subscriptions/00000000-0000-0000-0000-000000000000/locations/centralusstage","name":"centralusstage","displayName":"Central
        US (Stage)","regionalDisplayName":"(US) Central US (Stage)","metadata":{"regionType":"Logical","regionCategory":"Other","geographyGroup":"US"}},{"id":"/subscriptions/00000000-0000-0000-0000-000000000000/locations/eastusstage","name":"eastusstage","displayName":"East
        US (Stage)","regionalDisplayName":"(US) East US (Stage)","metadata":{"regionType":"Logical","regionCategory":"Other","geographyGroup":"US"}},{"id":"/subscriptions/00000000-0000-0000-0000-000000000000/locations/eastus2stage","name":"eastus2stage","displayName":"East
        US 2 (Stage)","regionalDisplayName":"(US) East US 2 (Stage)","metadata":{"regionType":"Logical","regionCategory":"Other","geographyGroup":"US"}},{"id":"/subscriptions/00000000-0000-0000-0000-000000000000/locations/northcentralusstage","name":"northcentralusstage","displayName":"North
        Central US (Stage)","regionalDisplayName":"(US) North Central US (Stage)","metadata":{"regionType":"Logical","regionCategory":"Other","geographyGroup":"US"}},{"id":"/subscriptions/00000000-0000-0000-0000-000000000000/locations/southcentralusstage","name":"southcentralusstage","displayName":"South
        Central US (Stage)","regionalDisplayName":"(US) South Central US (Stage)","metadata":{"regionType":"Logical","regionCategory":"Other","geographyGroup":"US"}},{"id":"/subscriptions/00000000-0000-0000-0000-000000000000/locations/westusstage","name":"westusstage","displayName":"West
        US (Stage)","regionalDisplayName":"(US) West US (Stage)","metadata":{"regionType":"Logical","regionCategory":"Other","geographyGroup":"US"}},{"id":"/subscriptions/00000000-0000-0000-0000-000000000000/locations/westus2stage","name":"westus2stage","displayName":"West
        US 2 (Stage)","regionalDisplayName":"(US) West US 2 (Stage)","metadata":{"regionType":"Logical","regionCategory":"Other","geographyGroup":"US"}},{"id":"/subscriptions/00000000-0000-0000-0000-000000000000/locations/asia","name":"asia","displayName":"Asia","regionalDisplayName":"Asia","metadata":{"regionType":"Logical","regionCategory":"Other"}},{"id":"/subscriptions/00000000-0000-0000-0000-000000000000/locations/asiapacific","name":"asiapacific","displayName":"Asia
        Pacific","regionalDisplayName":"Asia Pacific","metadata":{"regionType":"Logical","regionCategory":"Other"}},{"id":"/subscriptions/00000000-0000-0000-0000-000000000000/locations/australia","name":"australia","displayName":"Australia","regionalDisplayName":"Australia","metadata":{"regionType":"Logical","regionCategory":"Other"}},{"id":"/subscriptions/00000000-0000-0000-0000-000000000000/locations/brazil","name":"brazil","displayName":"Brazil","regionalDisplayName":"Brazil","metadata":{"regionType":"Logical","regionCategory":"Other"}},{"id":"/subscriptions/00000000-0000-0000-0000-000000000000/locations/canada","name":"canada","displayName":"Canada","regionalDisplayName":"Canada","metadata":{"regionType":"Logical","regionCategory":"Other"}},{"id":"/subscriptions/00000000-0000-0000-0000-000000000000/locations/europe","name":"europe","displayName":"Europe","regionalDisplayName":"Europe","metadata":{"regionType":"Logical","regionCategory":"Other"}},{"id":"/subscriptions/00000000-0000-0000-0000-000000000000/locations/global","name":"global","displayName":"Global","regionalDisplayName":"Global","metadata":{"regionType":"Logical","regionCategory":"Other"}},{"id":"/subscriptions/00000000-0000-0000-0000-000000000000/locations/india","name":"india","displayName":"India","regionalDisplayName":"India","metadata":{"regionType":"Logical","regionCategory":"Other"}},{"id":"/subscriptions/00000000-0000-0000-0000-000000000000/locations/japan","name":"japan","displayName":"Japan","regionalDisplayName":"Japan","metadata":{"regionType":"Logical","regionCategory":"Other"}},{"id":"/subscriptions/00000000-0000-0000-0000-000000000000/locations/uk","name":"uk","displayName":"United
        Kingdom","regionalDisplayName":"United Kingdom","metadata":{"regionType":"Logical","regionCategory":"Other"}},{"id":"/subscriptions/00000000-0000-0000-0000-000000000000/locations/unitedstates","name":"unitedstates","displayName":"United
        States","regionalDisplayName":"United States","metadata":{"regionType":"Logical","regionCategory":"Other"}},{"id":"/subscriptions/00000000-0000-0000-0000-000000000000/locations/eastasiastage","name":"eastasiastage","displayName":"East
        Asia (Stage)","regionalDisplayName":"(Asia Pacific) East Asia (Stage)","metadata":{"regionType":"Logical","regionCategory":"Other","geographyGroup":"Asia
        Pacific"}},{"id":"/subscriptions/00000000-0000-0000-0000-000000000000/locations/southeastasiastage","name":"southeastasiastage","displayName":"Southeast
        Asia (Stage)","regionalDisplayName":"(Asia Pacific) Southeast Asia (Stage)","metadata":{"regionType":"Logical","regionCategory":"Other","geographyGroup":"Asia
        Pacific"}},{"id":"/subscriptions/00000000-0000-0000-0000-000000000000/locations/centraluseuap","name":"centraluseuap","displayName":"Central
        US EUAP","regionalDisplayName":"(US) Central US EUAP","metadata":{"regionType":"Physical","regionCategory":"Other","geographyGroup":"US","longitude":"-93.6208","latitude":"41.5908","pairedRegion":[{"name":"eastus2euap","id":"/subscriptions/00000000-0000-0000-0000-000000000000/locations/eastus2euap"}]}},{"id":"/subscriptions/00000000-0000-0000-0000-000000000000/locations/eastus2euap","name":"eastus2euap","displayName":"East
        US 2 EUAP","regionalDisplayName":"(US) East US 2 EUAP","metadata":{"regionType":"Physical","regionCategory":"Other","geographyGroup":"US","longitude":"-78.3889","latitude":"36.6681","pairedRegion":[{"name":"centraluseuap","id":"/subscriptions/00000000-0000-0000-0000-000000000000/locations/centraluseuap"}]}},{"id":"/subscriptions/00000000-0000-0000-0000-000000000000/locations/westcentralus","name":"westcentralus","displayName":"West
        Central US","regionalDisplayName":"(US) West Central US","metadata":{"regionType":"Physical","regionCategory":"Other","geographyGroup":"US","longitude":"-110.234","latitude":"40.890","physicalLocation":"Wyoming","pairedRegion":[{"name":"westus2","id":"/subscriptions/00000000-0000-0000-0000-000000000000/locations/westus2"}]}},{"id":"/subscriptions/00000000-0000-0000-0000-000000000000/locations/southafricawest","name":"southafricawest","displayName":"South
        Africa West","regionalDisplayName":"(Africa) South Africa West","metadata":{"regionType":"Physical","regionCategory":"Other","geographyGroup":"Africa","longitude":"18.843266","latitude":"-34.075691","physicalLocation":"Cape
        Town","pairedRegion":[{"name":"southafricanorth","id":"/subscriptions/00000000-0000-0000-0000-000000000000/locations/southafricanorth"}]}},{"id":"/subscriptions/00000000-0000-0000-0000-000000000000/locations/australiacentral","name":"australiacentral","displayName":"Australia
        Central","regionalDisplayName":"(Asia Pacific) Australia Central","metadata":{"regionType":"Physical","regionCategory":"Other","geographyGroup":"Asia
        Pacific","longitude":"149.1244","latitude":"-35.3075","physicalLocation":"Canberra","pairedRegion":[{"name":"australiacentral","id":"/subscriptions/00000000-0000-0000-0000-000000000000/locations/australiacentral"}]}},{"id":"/subscriptions/00000000-0000-0000-0000-000000000000/locations/australiacentral2","name":"australiacentral2","displayName":"Australia
        Central 2","regionalDisplayName":"(Asia Pacific) Australia Central 2","metadata":{"regionType":"Physical","regionCategory":"Other","geographyGroup":"Asia
        Pacific","longitude":"149.1244","latitude":"-35.3075","physicalLocation":"Canberra","pairedRegion":[{"name":"australiacentral2","id":"/subscriptions/00000000-0000-0000-0000-000000000000/locations/australiacentral2"}]}},{"id":"/subscriptions/00000000-0000-0000-0000-000000000000/locations/australiasoutheast","name":"australiasoutheast","displayName":"Australia
        Southeast","regionalDisplayName":"(Asia Pacific) Australia Southeast","metadata":{"regionType":"Physical","regionCategory":"Other","geographyGroup":"Asia
        Pacific","longitude":"144.9631","latitude":"-37.8136","physicalLocation":"Victoria","pairedRegion":[{"name":"australiaeast","id":"/subscriptions/00000000-0000-0000-0000-000000000000/locations/australiaeast"}]}},{"id":"/subscriptions/00000000-0000-0000-0000-000000000000/locations/japanwest","name":"japanwest","displayName":"Japan
        West","regionalDisplayName":"(Asia Pacific) Japan West","metadata":{"regionType":"Physical","regionCategory":"Other","geographyGroup":"Asia
        Pacific","longitude":"135.5022","latitude":"34.6939","physicalLocation":"Osaka","pairedRegion":[{"name":"japaneast","id":"/subscriptions/00000000-0000-0000-0000-000000000000/locations/japaneast"}]}},{"id":"/subscriptions/00000000-0000-0000-0000-000000000000/locations/koreasouth","name":"koreasouth","displayName":"Korea
        South","regionalDisplayName":"(Asia Pacific) Korea South","metadata":{"regionType":"Physical","regionCategory":"Other","geographyGroup":"Asia
        Pacific","longitude":"129.0756","latitude":"35.1796","physicalLocation":"Busan","pairedRegion":[{"name":"koreacentral","id":"/subscriptions/00000000-0000-0000-0000-000000000000/locations/koreacentral"}]}},{"id":"/subscriptions/00000000-0000-0000-0000-000000000000/locations/southindia","name":"southindia","displayName":"South
        India","regionalDisplayName":"(Asia Pacific) South India","metadata":{"regionType":"Physical","regionCategory":"Other","geographyGroup":"Asia
        Pacific","longitude":"80.1636","latitude":"12.9822","physicalLocation":"Chennai","pairedRegion":[{"name":"centralindia","id":"/subscriptions/00000000-0000-0000-0000-000000000000/locations/centralindia"}]}},{"id":"/subscriptions/00000000-0000-0000-0000-000000000000/locations/westindia","name":"westindia","displayName":"West
        India","regionalDisplayName":"(Asia Pacific) West India","metadata":{"regionType":"Physical","regionCategory":"Other","geographyGroup":"Asia
        Pacific","longitude":"72.868","latitude":"19.088","physicalLocation":"Mumbai","pairedRegion":[{"name":"southindia","id":"/subscriptions/00000000-0000-0000-0000-000000000000/locations/southindia"}]}},{"id":"/subscriptions/00000000-0000-0000-0000-000000000000/locations/canadaeast","name":"canadaeast","displayName":"Canada
        East","regionalDisplayName":"(Canada) Canada East","metadata":{"regionType":"Physical","regionCategory":"Other","geographyGroup":"Canada","longitude":"-71.217","latitude":"46.817","physicalLocation":"Quebec","pairedRegion":[{"name":"canadacentral","id":"/subscriptions/00000000-0000-0000-0000-000000000000/locations/canadacentral"}]}},{"id":"/subscriptions/00000000-0000-0000-0000-000000000000/locations/francesouth","name":"francesouth","displayName":"France
        South","regionalDisplayName":"(Europe) France South","metadata":{"regionType":"Physical","regionCategory":"Other","geographyGroup":"Europe","longitude":"2.1972","latitude":"43.8345","physicalLocation":"Marseille","pairedRegion":[{"name":"francecentral","id":"/subscriptions/00000000-0000-0000-0000-000000000000/locations/francecentral"}]}},{"id":"/subscriptions/00000000-0000-0000-0000-000000000000/locations/germanynorth","name":"germanynorth","displayName":"Germany
        North","regionalDisplayName":"(Europe) Germany North","metadata":{"regionType":"Physical","regionCategory":"Other","geographyGroup":"Europe","longitude":"8.806422","latitude":"53.073635","physicalLocation":"Berlin","pairedRegion":[{"name":"germanywestcentral","id":"/subscriptions/00000000-0000-0000-0000-000000000000/locations/germanywestcentral"}]}},{"id":"/subscriptions/00000000-0000-0000-0000-000000000000/locations/norwaywest","name":"norwaywest","displayName":"Norway
        West","regionalDisplayName":"(Europe) Norway West","metadata":{"regionType":"Physical","regionCategory":"Other","geographyGroup":"Europe","longitude":"5.733107","latitude":"58.969975","physicalLocation":"Norway","pairedRegion":[{"name":"norwayeast","id":"/subscriptions/00000000-0000-0000-0000-000000000000/locations/norwayeast"}]}},{"id":"/subscriptions/00000000-0000-0000-0000-000000000000/locations/switzerlandwest","name":"switzerlandwest","displayName":"Switzerland
        West","regionalDisplayName":"(Europe) Switzerland West","metadata":{"regionType":"Physical","regionCategory":"Other","geographyGroup":"Europe","longitude":"6.143158","latitude":"46.204391","physicalLocation":"Geneva","pairedRegion":[{"name":"switzerlandnorth","id":"/subscriptions/00000000-0000-0000-0000-000000000000/locations/switzerlandnorth"}]}},{"id":"/subscriptions/00000000-0000-0000-0000-000000000000/locations/ukwest","name":"ukwest","displayName":"UK
        West","regionalDisplayName":"(Europe) UK West","metadata":{"regionType":"Physical","regionCategory":"Other","geographyGroup":"Europe","longitude":"-3.084","latitude":"53.427","physicalLocation":"Cardiff","pairedRegion":[{"name":"uksouth","id":"/subscriptions/00000000-0000-0000-0000-000000000000/locations/uksouth"}]}},{"id":"/subscriptions/00000000-0000-0000-0000-000000000000/locations/uaecentral","name":"uaecentral","displayName":"UAE
        Central","regionalDisplayName":"(Middle East) UAE Central","metadata":{"regionType":"Physical","regionCategory":"Other","geographyGroup":"Middle
        East","longitude":"54.366669","latitude":"24.466667","physicalLocation":"Abu
        Dhabi","pairedRegion":[{"name":"uaenorth","id":"/subscriptions/00000000-0000-0000-0000-000000000000/locations/uaenorth"}]}}]}'
    headers:
      cache-control:
      - no-cache
      content-length:
      - '24609'
      content-type:
      - application/json; charset=utf-8
      date:
      - Mon, 20 Jul 2020 02:20:53 GMT
      expires:
      - '-1'
      pragma:
      - no-cache
      strict-transport-security:
      - max-age=31536000; includeSubDomains
      vary:
      - Accept-Encoding
      x-content-type-options:
      - nosniff
    status:
      code: 200
      message: OK
- request:
    body: 'b''{"location": "westus", "tags": {}, "properties": {"source": {"type":
      "PlatformImage", "publisher": "Canonical", "offer": "UbuntuServer", "sku": "18.04-LTS",
      "version": "18.04.201808140"}, "customize": [{"name": "customizeScript.sh",
      "type": "Shell", "scriptUri": "https://raw.githubusercontent.com/danielsollondon/azvmimagebuilder/master/quickquickstarts/customizeScript.sh"}],
      "distribute": [{"runOutputName": "img_1", "type": "ManagedImage", "imageId":
      "/subscriptions/00000000-0000-0000-0000-000000000000/resourceGroups/img_tmpl_managed000001/providers/Microsoft.Compute/images/img_1",
      "location": "westus"}]}, "identity": {"type": "UserAssigned", "userAssignedIdentities":
      {"/subscriptions/00000000-0000-0000-0000-000000000000/resourceGroups/img_tmpl_managed000001/providers/Microsoft.ManagedIdentity/userAssignedIdentities/ide1":
      {}}}}'''
    headers:
      Accept:
      - application/json
      Accept-Encoding:
      - gzip, deflate
      CommandName:
      - image builder create
      Connection:
      - keep-alive
      Content-Length:
      - '946'
      Content-Type:
      - application/json; charset=utf-8
      ParameterSetName:
      - -n -g --image-source --managed-image-destinations --scripts --identity
      User-Agent:
      - python/3.8.0 (Windows-10-10.0.19041-SP0) msrest/0.6.9 msrest_azure/0.6.3 azure-mgmt-imagebuilder/0.4.0
        Azure-SDK-For-Python AZURECLI/2.9.0
      accept-language:
      - en-US
    method: PUT
    uri: https://management.azure.com/subscriptions/00000000-0000-0000-0000-000000000000/resourceGroups/img_tmpl_managed000001/providers/Microsoft.VirtualMachineImages/imageTemplates/template01?api-version=2020-02-14
  response:
    body:
      string: "{\n \"properties\": {\n  \"source\": {\n   \"offer\": \"UbuntuServer\",\n
        \  \"publisher\": \"Canonical\",\n   \"sku\": \"18.04-LTS\",\n   \"type\":
        \"PlatformImage\",\n   \"version\": \"18.04.201808140\"\n  },\n  \"customize\":
        [\n   {\n    \"name\": \"customizeScript.sh\",\n    \"scriptUri\": \"https://raw.githubusercontent.com/danielsollondon/azvmimagebuilder/master/quickquickstarts/customizeScript.sh\",\n
        \   \"type\": \"Shell\"\n   }\n  ],\n  \"distribute\": [\n   {\n    \"artifactTags\":
        {},\n    \"imageId\": \"/subscriptions/00000000-0000-0000-0000-000000000000/resourceGroups/img_tmpl_managed000001/providers/Microsoft.Compute/images/img_1\",\n
        \   \"location\": \"westus\",\n    \"runOutputName\": \"img_1\",\n    \"type\":
        \"ManagedImage\"\n   }\n  ],\n  \"provisioningState\": \"Creating\",\n  \"buildTimeoutInMinutes\":
        0\n },\n \"identity\": {\n  \"type\": \"UserAssigned\",\n  \"userAssignedIdentities\":
        {\n   \"/subscriptions/00000000-0000-0000-0000-000000000000/resourceGroups/img_tmpl_managed000001/providers/Microsoft.ManagedIdentity/userAssignedIdentities/ide1\":
        {}\n  }\n },\n \"id\": \"/subscriptions/00000000-0000-0000-0000-000000000000/resourcegroups/img_tmpl_managed000001/providers/Microsoft.VirtualMachineImages/imageTemplates/template01\",\n
        \"name\": \"template01\",\n \"type\": \"Microsoft.VirtualMachineImages/imageTemplates\",\n
        \"location\": \"westus\",\n \"tags\": {}\n}"
    headers:
      azure-asyncoperation:
      - https://management.azure.com/subscriptions/00000000-0000-0000-0000-000000000000/providers/Microsoft.VirtualMachineImages/locations/westus/operations/d8786057-d826-4ef8-8d5a-3576bb2f57b2?api-version=2020-02-14
      cache-control:
      - no-cache
      content-length:
      - '1436'
      content-type:
      - application/json
      date:
      - Mon, 20 Jul 2020 02:21:03 GMT
      expires:
      - '-1'
      pragma:
      - no-cache
      server:
      - nginx
      strict-transport-security:
      - max-age=31536000; includeSubDomains
      x-content-type-options:
      - nosniff
      x-ms-ratelimit-remaining-subscription-writes:
      - '1195'
    status:
      code: 201
      message: Created
- request:
    body: null
    headers:
      Accept:
      - application/json
      Accept-Encoding:
      - gzip, deflate
      CommandName:
      - image builder create
      Connection:
      - keep-alive
      ParameterSetName:
      - -n -g --image-source --managed-image-destinations --scripts --identity
      User-Agent:
      - python/3.8.0 (Windows-10-10.0.19041-SP0) msrest/0.6.9 msrest_azure/0.6.3 azure-mgmt-imagebuilder/0.4.0
        Azure-SDK-For-Python AZURECLI/2.9.0
    method: GET
    uri: https://management.azure.com/subscriptions/00000000-0000-0000-0000-000000000000/providers/Microsoft.VirtualMachineImages/locations/westus/operations/d8786057-d826-4ef8-8d5a-3576bb2f57b2?api-version=2020-02-14
  response:
    body:
      string: "{\n \"name\": \"D8786057-D826-4EF8-8D5A-3576BB2F57B2\",\n \"status\":
        \"Succeeded\",\n \"startTime\": \"2020-07-20T02:21:02.0488222Z\",\n \"endTime\":
        \"2020-07-20T02:21:33.7450048Z\"\n}"
    headers:
      cache-control:
      - no-cache
      content-length:
      - '165'
      content-type:
      - application/json
      date:
      - Mon, 20 Jul 2020 02:21:35 GMT
      expires:
      - '-1'
      pragma:
      - no-cache
      server:
      - nginx
      strict-transport-security:
      - max-age=31536000; includeSubDomains
      transfer-encoding:
      - chunked
      vary:
      - Accept-Encoding
      x-content-type-options:
      - nosniff
    status:
      code: 200
      message: OK
- request:
    body: null
    headers:
      Accept:
      - application/json
      Accept-Encoding:
      - gzip, deflate
      CommandName:
      - image builder create
      Connection:
      - keep-alive
      ParameterSetName:
      - -n -g --image-source --managed-image-destinations --scripts --identity
      User-Agent:
      - python/3.8.0 (Windows-10-10.0.19041-SP0) msrest/0.6.9 msrest_azure/0.6.3 azure-mgmt-imagebuilder/0.4.0
        Azure-SDK-For-Python AZURECLI/2.9.0
    method: GET
    uri: https://management.azure.com/subscriptions/00000000-0000-0000-0000-000000000000/resourceGroups/img_tmpl_managed000001/providers/Microsoft.VirtualMachineImages/imageTemplates/template01?api-version=2020-02-14
  response:
    body:
      string: "{\n \"properties\": {\n  \"source\": {\n   \"offer\": \"UbuntuServer\",\n
        \  \"publisher\": \"Canonical\",\n   \"sku\": \"18.04-LTS\",\n   \"type\":
        \"PlatformImage\",\n   \"version\": \"18.04.201808140\"\n  },\n  \"customize\":
        [\n   {\n    \"name\": \"customizeScript.sh\",\n    \"scriptUri\": \"https://raw.githubusercontent.com/danielsollondon/azvmimagebuilder/master/quickquickstarts/customizeScript.sh\",\n
        \   \"sha256Checksum\": \"2c6ff6902a4a52deee69e8db26d0036a53388651008aaf31795bb20dabd21fd8\",\n
        \   \"type\": \"Shell\"\n   }\n  ],\n  \"distribute\": [\n   {\n    \"artifactTags\":
        {},\n    \"imageId\": \"/subscriptions/00000000-0000-0000-0000-000000000000/resourceGroups/img_tmpl_managed000001/providers/Microsoft.Compute/images/img_1\",\n
        \   \"location\": \"westus\",\n    \"runOutputName\": \"img_1\",\n    \"type\":
        \"ManagedImage\"\n   }\n  ],\n  \"provisioningState\": \"Succeeded\",\n  \"buildTimeoutInMinutes\":
        0\n },\n \"identity\": {\n  \"type\": \"UserAssigned\",\n  \"userAssignedIdentities\":
        {\n   \"/subscriptions/00000000-0000-0000-0000-000000000000/resourceGroups/img_tmpl_managed000001/providers/Microsoft.ManagedIdentity/userAssignedIdentities/ide1\":
        {\n    \"principalId\": \"43f5ab76-02af-49d6-9f4f-54ee665172a6\",\n    \"clientId\":
        \"32918dc9-1c8a-4fd8-8b20-3a9b3dd7d097\"\n   }\n  }\n },\n \"id\": \"/subscriptions/00000000-0000-0000-0000-000000000000/resourcegroups/img_tmpl_managed000001/providers/Microsoft.VirtualMachineImages/imageTemplates/template01\",\n
        \"name\": \"template01\",\n \"type\": \"Microsoft.VirtualMachineImages/imageTemplates\",\n
        \"location\": \"westus\",\n \"tags\": {}\n}"
    headers:
      cache-control:
      - no-cache
      content-length:
      - '1645'
      content-type:
      - application/json
      date:
      - Mon, 20 Jul 2020 02:21:35 GMT
      expires:
      - '-1'
      pragma:
      - no-cache
      server:
      - nginx
      strict-transport-security:
      - max-age=31536000; includeSubDomains
      transfer-encoding:
      - chunked
      vary:
      - Accept-Encoding
      x-content-type-options:
      - nosniff
    status:
      code: 200
      message: OK
- request:
    body: null
    headers:
      Accept:
      - application/json
      Accept-Encoding:
      - gzip, deflate
      CommandName:
      - image builder run
      Connection:
      - keep-alive
      Content-Length:
      - '0'
      ParameterSetName:
      - -n -g
      User-Agent:
      - python/3.8.0 (Windows-10-10.0.19041-SP0) msrest/0.6.9 msrest_azure/0.6.3 azure-mgmt-imagebuilder/0.4.0
        Azure-SDK-For-Python AZURECLI/2.9.0
      accept-language:
      - en-US
    method: POST
    uri: https://management.azure.com/subscriptions/00000000-0000-0000-0000-000000000000/resourceGroups/img_tmpl_managed000001/providers/Microsoft.VirtualMachineImages/imageTemplates/template01/run?api-version=2020-02-14
  response:
    body:
      string: ''
    headers:
      azure-asyncoperation:
      - https://management.azure.com/subscriptions/00000000-0000-0000-0000-000000000000/providers/Microsoft.VirtualMachineImages/locations/westus/operations/89d8ec64-0586-450f-9d6f-616d55407af2?api-version=2020-02-14
      cache-control:
      - no-cache
      content-length:
      - '0'
      date:
      - Mon, 20 Jul 2020 02:21:38 GMT
      expires:
      - '-1'
      location:
      - https://management.azure.com/subscriptions/00000000-0000-0000-0000-000000000000/providers/Microsoft.VirtualMachineImages/locations/westus/operations/89d8ec64-0586-450f-9d6f-616d55407af2?api-version=2020-02-14
      pragma:
      - no-cache
      server:
      - nginx
      strict-transport-security:
      - max-age=31536000; includeSubDomains
      x-content-type-options:
      - nosniff
      x-ms-ratelimit-remaining-subscription-writes:
      - '1199'
    status:
      code: 202
      message: Accepted
- request:
    body: null
    headers:
      Accept:
      - application/json
      Accept-Encoding:
      - gzip, deflate
      CommandName:
      - image builder run
      Connection:
      - keep-alive
      ParameterSetName:
      - -n -g
      User-Agent:
      - python/3.8.0 (Windows-10-10.0.19041-SP0) msrest/0.6.9 msrest_azure/0.6.3 azure-mgmt-imagebuilder/0.4.0
        Azure-SDK-For-Python AZURECLI/2.9.0
    method: GET
    uri: https://management.azure.com/subscriptions/00000000-0000-0000-0000-000000000000/providers/Microsoft.VirtualMachineImages/locations/westus/operations/89d8ec64-0586-450f-9d6f-616d55407af2?api-version=2020-02-14
  response:
    body:
      string: "{\n \"name\": \"89D8EC64-0586-450F-9D6F-616D55407AF2\",\n \"status\":
        \"InProgress\",\n \"startTime\": \"2020-07-20T02:21:38.6427926Z\"\n}"
    headers:
      cache-control:
      - no-cache
      content-length:
      - '122'
      content-type:
      - application/json
      date:
      - Mon, 20 Jul 2020 02:22:09 GMT
      expires:
      - '-1'
      pragma:
      - no-cache
      server:
      - nginx
      strict-transport-security:
      - max-age=31536000; includeSubDomains
      transfer-encoding:
      - chunked
      vary:
      - Accept-Encoding
      x-content-type-options:
      - nosniff
    status:
      code: 200
      message: OK
- request:
    body: null
    headers:
      Accept:
      - application/json
      Accept-Encoding:
      - gzip, deflate
      CommandName:
      - image builder run
      Connection:
      - keep-alive
      ParameterSetName:
      - -n -g
      User-Agent:
      - python/3.8.0 (Windows-10-10.0.19041-SP0) msrest/0.6.9 msrest_azure/0.6.3 azure-mgmt-imagebuilder/0.4.0
        Azure-SDK-For-Python AZURECLI/2.9.0
    method: GET
    uri: https://management.azure.com/subscriptions/00000000-0000-0000-0000-000000000000/providers/Microsoft.VirtualMachineImages/locations/westus/operations/89d8ec64-0586-450f-9d6f-616d55407af2?api-version=2020-02-14
  response:
    body:
      string: "{\n \"name\": \"89D8EC64-0586-450F-9D6F-616D55407AF2\",\n \"status\":
        \"InProgress\",\n \"startTime\": \"2020-07-20T02:21:38.6427926Z\"\n}"
    headers:
      cache-control:
      - no-cache
      content-length:
      - '122'
      content-type:
      - application/json
      date:
      - Mon, 20 Jul 2020 02:22:40 GMT
      expires:
      - '-1'
      pragma:
      - no-cache
      server:
      - nginx
      strict-transport-security:
      - max-age=31536000; includeSubDomains
      transfer-encoding:
      - chunked
      vary:
      - Accept-Encoding
      x-content-type-options:
      - nosniff
    status:
      code: 200
      message: OK
- request:
    body: null
    headers:
      Accept:
      - application/json
      Accept-Encoding:
      - gzip, deflate
      CommandName:
      - image builder run
      Connection:
      - keep-alive
      ParameterSetName:
      - -n -g
      User-Agent:
      - python/3.8.0 (Windows-10-10.0.19041-SP0) msrest/0.6.9 msrest_azure/0.6.3 azure-mgmt-imagebuilder/0.4.0
        Azure-SDK-For-Python AZURECLI/2.9.0
    method: GET
    uri: https://management.azure.com/subscriptions/00000000-0000-0000-0000-000000000000/providers/Microsoft.VirtualMachineImages/locations/westus/operations/89d8ec64-0586-450f-9d6f-616d55407af2?api-version=2020-02-14
  response:
    body:
      string: "{\n \"name\": \"89D8EC64-0586-450F-9D6F-616D55407AF2\",\n \"status\":
        \"InProgress\",\n \"startTime\": \"2020-07-20T02:21:38.6427926Z\"\n}"
    headers:
      cache-control:
      - no-cache
      content-length:
      - '122'
      content-type:
      - application/json
      date:
      - Mon, 20 Jul 2020 02:23:10 GMT
      expires:
      - '-1'
      pragma:
      - no-cache
      server:
      - nginx
      strict-transport-security:
      - max-age=31536000; includeSubDomains
      transfer-encoding:
      - chunked
      vary:
      - Accept-Encoding
      x-content-type-options:
      - nosniff
    status:
      code: 200
      message: OK
- request:
    body: null
    headers:
      Accept:
      - application/json
      Accept-Encoding:
      - gzip, deflate
      CommandName:
      - image builder run
      Connection:
      - keep-alive
      ParameterSetName:
      - -n -g
      User-Agent:
      - python/3.8.0 (Windows-10-10.0.19041-SP0) msrest/0.6.9 msrest_azure/0.6.3 azure-mgmt-imagebuilder/0.4.0
        Azure-SDK-For-Python AZURECLI/2.9.0
    method: GET
    uri: https://management.azure.com/subscriptions/00000000-0000-0000-0000-000000000000/providers/Microsoft.VirtualMachineImages/locations/westus/operations/89d8ec64-0586-450f-9d6f-616d55407af2?api-version=2020-02-14
  response:
    body:
      string: "{\n \"name\": \"89D8EC64-0586-450F-9D6F-616D55407AF2\",\n \"status\":
        \"InProgress\",\n \"startTime\": \"2020-07-20T02:21:38.6427926Z\"\n}"
    headers:
      cache-control:
      - no-cache
      content-length:
      - '122'
      content-type:
      - application/json
      date:
      - Mon, 20 Jul 2020 02:23:41 GMT
      expires:
      - '-1'
      pragma:
      - no-cache
      server:
      - nginx
      strict-transport-security:
      - max-age=31536000; includeSubDomains
      transfer-encoding:
      - chunked
      vary:
      - Accept-Encoding
      x-content-type-options:
      - nosniff
    status:
      code: 200
      message: OK
- request:
    body: null
    headers:
      Accept:
      - application/json
      Accept-Encoding:
      - gzip, deflate
      CommandName:
      - image builder run
      Connection:
      - keep-alive
      ParameterSetName:
      - -n -g
      User-Agent:
      - python/3.8.0 (Windows-10-10.0.19041-SP0) msrest/0.6.9 msrest_azure/0.6.3 azure-mgmt-imagebuilder/0.4.0
        Azure-SDK-For-Python AZURECLI/2.9.0
    method: GET
    uri: https://management.azure.com/subscriptions/00000000-0000-0000-0000-000000000000/providers/Microsoft.VirtualMachineImages/locations/westus/operations/89d8ec64-0586-450f-9d6f-616d55407af2?api-version=2020-02-14
  response:
    body:
      string: "{\n \"name\": \"89D8EC64-0586-450F-9D6F-616D55407AF2\",\n \"status\":
        \"InProgress\",\n \"startTime\": \"2020-07-20T02:21:38.6427926Z\"\n}"
    headers:
      cache-control:
      - no-cache
      content-length:
      - '122'
      content-type:
      - application/json
      date:
      - Mon, 20 Jul 2020 02:24:11 GMT
      expires:
      - '-1'
      pragma:
      - no-cache
      server:
      - nginx
      strict-transport-security:
      - max-age=31536000; includeSubDomains
      transfer-encoding:
      - chunked
      vary:
      - Accept-Encoding
      x-content-type-options:
      - nosniff
    status:
      code: 200
      message: OK
- request:
    body: null
    headers:
      Accept:
      - application/json
      Accept-Encoding:
      - gzip, deflate
      CommandName:
      - image builder run
      Connection:
      - keep-alive
      ParameterSetName:
      - -n -g
      User-Agent:
      - python/3.8.0 (Windows-10-10.0.19041-SP0) msrest/0.6.9 msrest_azure/0.6.3 azure-mgmt-imagebuilder/0.4.0
        Azure-SDK-For-Python AZURECLI/2.9.0
    method: GET
    uri: https://management.azure.com/subscriptions/00000000-0000-0000-0000-000000000000/providers/Microsoft.VirtualMachineImages/locations/westus/operations/89d8ec64-0586-450f-9d6f-616d55407af2?api-version=2020-02-14
  response:
    body:
      string: "{\n \"name\": \"89D8EC64-0586-450F-9D6F-616D55407AF2\",\n \"status\":
        \"InProgress\",\n \"startTime\": \"2020-07-20T02:21:38.6427926Z\"\n}"
    headers:
      cache-control:
      - no-cache
      content-length:
      - '122'
      content-type:
      - application/json
      date:
      - Mon, 20 Jul 2020 02:24:42 GMT
      expires:
      - '-1'
      pragma:
      - no-cache
      server:
      - nginx
      strict-transport-security:
      - max-age=31536000; includeSubDomains
      transfer-encoding:
      - chunked
      vary:
      - Accept-Encoding
      x-content-type-options:
      - nosniff
    status:
      code: 200
      message: OK
- request:
    body: null
    headers:
      Accept:
      - application/json
      Accept-Encoding:
      - gzip, deflate
      CommandName:
      - image builder run
      Connection:
      - keep-alive
      ParameterSetName:
      - -n -g
      User-Agent:
      - python/3.8.0 (Windows-10-10.0.19041-SP0) msrest/0.6.9 msrest_azure/0.6.3 azure-mgmt-imagebuilder/0.4.0
        Azure-SDK-For-Python AZURECLI/2.9.0
    method: GET
    uri: https://management.azure.com/subscriptions/00000000-0000-0000-0000-000000000000/providers/Microsoft.VirtualMachineImages/locations/westus/operations/89d8ec64-0586-450f-9d6f-616d55407af2?api-version=2020-02-14
  response:
    body:
      string: "{\n \"name\": \"89D8EC64-0586-450F-9D6F-616D55407AF2\",\n \"status\":
        \"InProgress\",\n \"startTime\": \"2020-07-20T02:21:38.6427926Z\"\n}"
    headers:
      cache-control:
      - no-cache
      content-length:
      - '122'
      content-type:
      - application/json
      date:
      - Mon, 20 Jul 2020 02:25:12 GMT
      expires:
      - '-1'
      pragma:
      - no-cache
      server:
      - nginx
      strict-transport-security:
      - max-age=31536000; includeSubDomains
      transfer-encoding:
      - chunked
      vary:
      - Accept-Encoding
      x-content-type-options:
      - nosniff
    status:
      code: 200
      message: OK
- request:
    body: null
    headers:
      Accept:
      - application/json
      Accept-Encoding:
      - gzip, deflate
      CommandName:
      - image builder run
      Connection:
      - keep-alive
      ParameterSetName:
      - -n -g
      User-Agent:
      - python/3.8.0 (Windows-10-10.0.19041-SP0) msrest/0.6.9 msrest_azure/0.6.3 azure-mgmt-imagebuilder/0.4.0
        Azure-SDK-For-Python AZURECLI/2.9.0
    method: GET
    uri: https://management.azure.com/subscriptions/00000000-0000-0000-0000-000000000000/providers/Microsoft.VirtualMachineImages/locations/westus/operations/89d8ec64-0586-450f-9d6f-616d55407af2?api-version=2020-02-14
  response:
    body:
      string: "{\n \"name\": \"89D8EC64-0586-450F-9D6F-616D55407AF2\",\n \"status\":
        \"InProgress\",\n \"startTime\": \"2020-07-20T02:21:38.6427926Z\"\n}"
    headers:
      cache-control:
      - no-cache
      content-length:
      - '122'
      content-type:
      - application/json
      date:
      - Mon, 20 Jul 2020 02:25:43 GMT
      expires:
      - '-1'
      pragma:
      - no-cache
      server:
      - nginx
      strict-transport-security:
      - max-age=31536000; includeSubDomains
      transfer-encoding:
      - chunked
      vary:
      - Accept-Encoding
      x-content-type-options:
      - nosniff
    status:
      code: 200
      message: OK
- request:
    body: null
    headers:
      Accept:
      - application/json
      Accept-Encoding:
      - gzip, deflate
      CommandName:
      - image builder run
      Connection:
      - keep-alive
      ParameterSetName:
      - -n -g
      User-Agent:
      - python/3.8.0 (Windows-10-10.0.19041-SP0) msrest/0.6.9 msrest_azure/0.6.3 azure-mgmt-imagebuilder/0.4.0
        Azure-SDK-For-Python AZURECLI/2.9.0
    method: GET
    uri: https://management.azure.com/subscriptions/00000000-0000-0000-0000-000000000000/providers/Microsoft.VirtualMachineImages/locations/westus/operations/89d8ec64-0586-450f-9d6f-616d55407af2?api-version=2020-02-14
  response:
    body:
      string: "{\n \"name\": \"89D8EC64-0586-450F-9D6F-616D55407AF2\",\n \"status\":
        \"InProgress\",\n \"startTime\": \"2020-07-20T02:21:38.6427926Z\"\n}"
    headers:
      cache-control:
      - no-cache
      content-length:
      - '122'
      content-type:
      - application/json
      date:
      - Mon, 20 Jul 2020 02:26:13 GMT
      expires:
      - '-1'
      pragma:
      - no-cache
      server:
      - nginx
      strict-transport-security:
      - max-age=31536000; includeSubDomains
      transfer-encoding:
      - chunked
      vary:
      - Accept-Encoding
      x-content-type-options:
      - nosniff
    status:
      code: 200
      message: OK
- request:
    body: null
    headers:
      Accept:
      - application/json
      Accept-Encoding:
      - gzip, deflate
      CommandName:
      - image builder run
      Connection:
      - keep-alive
      ParameterSetName:
      - -n -g
      User-Agent:
      - python/3.8.0 (Windows-10-10.0.19041-SP0) msrest/0.6.9 msrest_azure/0.6.3 azure-mgmt-imagebuilder/0.4.0
        Azure-SDK-For-Python AZURECLI/2.9.0
    method: GET
    uri: https://management.azure.com/subscriptions/00000000-0000-0000-0000-000000000000/providers/Microsoft.VirtualMachineImages/locations/westus/operations/89d8ec64-0586-450f-9d6f-616d55407af2?api-version=2020-02-14
  response:
    body:
      string: "{\n \"name\": \"89D8EC64-0586-450F-9D6F-616D55407AF2\",\n \"status\":
        \"InProgress\",\n \"startTime\": \"2020-07-20T02:21:38.6427926Z\"\n}"
    headers:
      cache-control:
      - no-cache
      content-length:
      - '122'
      content-type:
      - application/json
      date:
      - Mon, 20 Jul 2020 02:26:43 GMT
      expires:
      - '-1'
      pragma:
      - no-cache
      server:
      - nginx
      strict-transport-security:
      - max-age=31536000; includeSubDomains
      transfer-encoding:
      - chunked
      vary:
      - Accept-Encoding
      x-content-type-options:
      - nosniff
    status:
      code: 200
      message: OK
- request:
    body: null
    headers:
      Accept:
      - application/json
      Accept-Encoding:
      - gzip, deflate
      CommandName:
      - image builder run
      Connection:
      - keep-alive
      ParameterSetName:
      - -n -g
      User-Agent:
      - python/3.8.0 (Windows-10-10.0.19041-SP0) msrest/0.6.9 msrest_azure/0.6.3 azure-mgmt-imagebuilder/0.4.0
        Azure-SDK-For-Python AZURECLI/2.9.0
    method: GET
    uri: https://management.azure.com/subscriptions/00000000-0000-0000-0000-000000000000/providers/Microsoft.VirtualMachineImages/locations/westus/operations/89d8ec64-0586-450f-9d6f-616d55407af2?api-version=2020-02-14
  response:
    body:
      string: "{\n \"name\": \"89D8EC64-0586-450F-9D6F-616D55407AF2\",\n \"status\":
        \"InProgress\",\n \"startTime\": \"2020-07-20T02:21:38.6427926Z\"\n}"
    headers:
      cache-control:
      - no-cache
      content-length:
      - '122'
      content-type:
      - application/json
      date:
      - Mon, 20 Jul 2020 02:27:15 GMT
      expires:
      - '-1'
      pragma:
      - no-cache
      server:
      - nginx
      strict-transport-security:
      - max-age=31536000; includeSubDomains
      transfer-encoding:
      - chunked
      vary:
      - Accept-Encoding
      x-content-type-options:
      - nosniff
    status:
      code: 200
      message: OK
- request:
    body: null
    headers:
      Accept:
      - application/json
      Accept-Encoding:
      - gzip, deflate
      CommandName:
      - image builder run
      Connection:
      - keep-alive
      ParameterSetName:
      - -n -g
      User-Agent:
      - python/3.8.0 (Windows-10-10.0.19041-SP0) msrest/0.6.9 msrest_azure/0.6.3 azure-mgmt-imagebuilder/0.4.0
        Azure-SDK-For-Python AZURECLI/2.9.0
    method: GET
    uri: https://management.azure.com/subscriptions/00000000-0000-0000-0000-000000000000/providers/Microsoft.VirtualMachineImages/locations/westus/operations/89d8ec64-0586-450f-9d6f-616d55407af2?api-version=2020-02-14
  response:
    body:
      string: "{\n \"name\": \"89D8EC64-0586-450F-9D6F-616D55407AF2\",\n \"status\":
        \"InProgress\",\n \"startTime\": \"2020-07-20T02:21:38.6427926Z\"\n}"
    headers:
      cache-control:
      - no-cache
      content-length:
      - '122'
      content-type:
      - application/json
      date:
      - Mon, 20 Jul 2020 02:27:46 GMT
      expires:
      - '-1'
      pragma:
      - no-cache
      server:
      - nginx
      strict-transport-security:
      - max-age=31536000; includeSubDomains
      transfer-encoding:
      - chunked
      vary:
      - Accept-Encoding
      x-content-type-options:
      - nosniff
    status:
      code: 200
      message: OK
- request:
    body: null
    headers:
      Accept:
      - application/json
      Accept-Encoding:
      - gzip, deflate
      CommandName:
      - image builder run
      Connection:
      - keep-alive
      ParameterSetName:
      - -n -g
      User-Agent:
      - python/3.8.0 (Windows-10-10.0.19041-SP0) msrest/0.6.9 msrest_azure/0.6.3 azure-mgmt-imagebuilder/0.4.0
        Azure-SDK-For-Python AZURECLI/2.9.0
    method: GET
    uri: https://management.azure.com/subscriptions/00000000-0000-0000-0000-000000000000/providers/Microsoft.VirtualMachineImages/locations/westus/operations/89d8ec64-0586-450f-9d6f-616d55407af2?api-version=2020-02-14
  response:
    body:
      string: "{\n \"name\": \"89D8EC64-0586-450F-9D6F-616D55407AF2\",\n \"status\":
        \"InProgress\",\n \"startTime\": \"2020-07-20T02:21:38.6427926Z\"\n}"
    headers:
      cache-control:
      - no-cache
      content-length:
      - '122'
      content-type:
      - application/json
      date:
      - Mon, 20 Jul 2020 02:28:16 GMT
      expires:
      - '-1'
      pragma:
      - no-cache
      server:
      - nginx
      strict-transport-security:
      - max-age=31536000; includeSubDomains
      transfer-encoding:
      - chunked
      vary:
      - Accept-Encoding
      x-content-type-options:
      - nosniff
    status:
      code: 200
      message: OK
- request:
    body: null
    headers:
      Accept:
      - application/json
      Accept-Encoding:
      - gzip, deflate
      CommandName:
      - image builder run
      Connection:
      - keep-alive
      ParameterSetName:
      - -n -g
      User-Agent:
      - python/3.8.0 (Windows-10-10.0.19041-SP0) msrest/0.6.9 msrest_azure/0.6.3 azure-mgmt-imagebuilder/0.4.0
        Azure-SDK-For-Python AZURECLI/2.9.0
    method: GET
    uri: https://management.azure.com/subscriptions/00000000-0000-0000-0000-000000000000/providers/Microsoft.VirtualMachineImages/locations/westus/operations/89d8ec64-0586-450f-9d6f-616d55407af2?api-version=2020-02-14
  response:
    body:
      string: "{\n \"name\": \"89D8EC64-0586-450F-9D6F-616D55407AF2\",\n \"status\":
        \"Succeeded\",\n \"startTime\": \"2020-07-20T02:21:38.6427926Z\",\n \"endTime\":
        \"2020-07-20T02:28:42.2543182Z\"\n}"
    headers:
      cache-control:
      - no-cache
      content-length:
      - '165'
      content-type:
      - application/json
      date:
      - Mon, 20 Jul 2020 02:28:47 GMT
      expires:
      - '-1'
      pragma:
      - no-cache
      server:
      - nginx
      strict-transport-security:
      - max-age=31536000; includeSubDomains
      transfer-encoding:
      - chunked
      vary:
      - Accept-Encoding
      x-content-type-options:
      - nosniff
    status:
      code: 200
      message: OK
- request:
    body: null
    headers:
      Accept:
      - application/json
      Accept-Encoding:
      - gzip, deflate
      CommandName:
      - image builder show-runs
      Connection:
      - keep-alive
      ParameterSetName:
      - -n -g --output-name
      User-Agent:
      - python/3.8.0 (Windows-10-10.0.19041-SP0) msrest/0.6.9 msrest_azure/0.6.3 azure-mgmt-imagebuilder/0.4.0
        Azure-SDK-For-Python AZURECLI/2.9.0
      accept-language:
      - en-US
    method: GET
    uri: https://management.azure.com/subscriptions/00000000-0000-0000-0000-000000000000/resourceGroups/img_tmpl_managed000001/providers/Microsoft.VirtualMachineImages/imageTemplates/template01/runOutputs/img_1?api-version=2020-02-14
  response:
    body:
      string: "{\n \"properties\": {\n  \"artifactId\": \"/subscriptions/00000000-0000-0000-0000-000000000000/resourceGroups/img_tmpl_managed000001/providers/Microsoft.Compute/images/img_1\",\n
        \ \"provisioningState\": \"Succeeded\"\n },\n \"id\": \"/subscriptions/00000000-0000-0000-0000-000000000000/resourcegroups/img_tmpl_managed000001/providers/Microsoft.VirtualMachineImages/imageTemplates/template01/runOutputs/img_1\",\n
        \"name\": \"img_1\",\n \"type\": \"Microsoft.VirtualMachineImages/imageTemplates/runOutputs\"\n}"
    headers:
      cache-control:
      - no-cache
      content-length:
      - '585'
      content-type:
      - application/json
      date:
      - Mon, 20 Jul 2020 02:28:49 GMT
      expires:
      - '-1'
      pragma:
      - no-cache
      server:
      - nginx
      strict-transport-security:
      - max-age=31536000; includeSubDomains
      transfer-encoding:
      - chunked
      vary:
      - Accept-Encoding
      x-content-type-options:
      - nosniff
    status:
      code: 200
      message: OK
- request:
    body: null
    headers:
      Accept:
      - application/json
      Accept-Encoding:
      - gzip, deflate
      CommandName:
      - vm create
      Connection:
      - keep-alive
      ParameterSetName:
      - --name -g --image --generate-ssh-keys --admin-username
      User-Agent:
      - python/3.8.0 (Windows-10-10.0.19041-SP0) msrest/0.6.9 msrest_azure/0.6.3 azure-mgmt-resource/10.1.0
        Azure-SDK-For-Python AZURECLI/2.9.0
      accept-language:
      - en-US
    method: GET
    uri: https://management.azure.com/subscriptions/00000000-0000-0000-0000-000000000000/resourcegroups/img_tmpl_managed000001?api-version=2020-06-01
  response:
    body:
      string: '{"id":"/subscriptions/00000000-0000-0000-0000-000000000000/resourceGroups/img_tmpl_managed000001","name":"img_tmpl_managed000001","type":"Microsoft.Resources/resourceGroups","location":"westus","tags":{"product":"azurecli","cause":"automation","date":"2020-07-20T02:19:51Z"},"properties":{"provisioningState":"Succeeded"}}'
    headers:
      cache-control:
      - no-cache
      content-length:
      - '428'
      content-type:
      - application/json; charset=utf-8
      date:
      - Mon, 20 Jul 2020 02:28:50 GMT
      expires:
      - '-1'
      pragma:
      - no-cache
      strict-transport-security:
      - max-age=31536000; includeSubDomains
      vary:
      - Accept-Encoding
      x-content-type-options:
      - nosniff
    status:
      code: 200
      message: OK
- request:
    body: null
    headers:
      Accept:
      - application/json
      Accept-Encoding:
      - gzip, deflate
      CommandName:
      - vm create
      Connection:
      - keep-alive
      ParameterSetName:
      - --name -g --image --generate-ssh-keys --admin-username
      User-Agent:
      - python/3.8.0 (Windows-10-10.0.19041-SP0) msrest/0.6.9 msrest_azure/0.6.3 azure-mgmt-compute/13.0.0
        Azure-SDK-For-Python AZURECLI/2.9.0
      accept-language:
      - en-US
    method: GET
    uri: https://management.azure.com/subscriptions/00000000-0000-0000-0000-000000000000/resourceGroups/img_tmpl_managed000001/providers/Microsoft.Compute/images/img_1?api-version=2020-06-01
  response:
    body:
      string: "{\r\n  \"name\": \"img_1\",\r\n  \"id\": \"/subscriptions/00000000-0000-0000-0000-000000000000/resourceGroups/img_tmpl_managed000001/providers/Microsoft.Compute/images/img_1\",\r\n
        \ \"type\": \"Microsoft.Compute/images\",\r\n  \"location\": \"westus\",\r\n
        \ \"tags\": {},\r\n  \"properties\": {\r\n    \"storageProfile\": {\r\n      \"osDisk\":
        {\r\n        \"osType\": \"Linux\",\r\n        \"osState\": \"Generalized\",\r\n
        \       \"diskSizeGB\": 30,\r\n        \"blobUri\": \"https://x12ywc1otb6a6m6w9gytvyad.blob.core.windows.net/vhds/3c227742-43f0-4c12-be1f-1e039548ec30.vhd\",\r\n
        \       \"caching\": \"None\",\r\n        \"storageAccountType\": \"Standard_LRS\"\r\n
        \     },\r\n      \"dataDisks\": []\r\n    },\r\n    \"provisioningState\":
        \"Succeeded\",\r\n    \"hyperVGeneration\": \"V1\"\r\n  }\r\n}"
    headers:
      cache-control:
      - no-cache
      content-length:
      - '765'
      content-type:
      - application/json; charset=utf-8
      date:
      - Mon, 20 Jul 2020 02:28:50 GMT
      expires:
      - '-1'
      pragma:
      - no-cache
      server:
      - Microsoft-HTTPAPI/2.0
      - Microsoft-HTTPAPI/2.0
      strict-transport-security:
      - max-age=31536000; includeSubDomains
      transfer-encoding:
      - chunked
      vary:
      - Accept-Encoding
      x-content-type-options:
      - nosniff
      x-ms-ratelimit-remaining-resource:
      - Microsoft.Compute/GetImages3Min;354,Microsoft.Compute/GetImages30Min;1788
    status:
      code: 200
      message: OK
- request:
    body: null
    headers:
      Accept:
      - application/json
      Accept-Encoding:
      - gzip, deflate
      CommandName:
      - vm create
      Connection:
      - keep-alive
      ParameterSetName:
      - --name -g --image --generate-ssh-keys --admin-username
      User-Agent:
      - python/3.8.0 (Windows-10-10.0.19041-SP0) msrest/0.6.9 msrest_azure/0.6.3 azure-mgmt-network/11.0.0
        Azure-SDK-For-Python AZURECLI/2.9.0
      accept-language:
      - en-US
    method: GET
    uri: https://management.azure.com/subscriptions/00000000-0000-0000-0000-000000000000/resourceGroups/img_tmpl_managed000001/providers/Microsoft.Network/virtualNetworks?api-version=2018-01-01
  response:
    body:
      string: '{"value":[]}'
    headers:
      cache-control:
      - no-cache
      content-length:
      - '12'
      content-type:
      - application/json; charset=utf-8
      date:
      - Mon, 20 Jul 2020 02:28:50 GMT
      expires:
      - '-1'
      pragma:
      - no-cache
      strict-transport-security:
      - max-age=31536000; includeSubDomains
      vary:
      - Accept-Encoding
      x-content-type-options:
      - nosniff
    status:
      code: 200
      message: OK
- request:
    body: 'b''{"properties": {"template": {"$schema": "https://schema.management.azure.com/schemas/2015-01-01/deploymentTemplate.json#",
      "contentVersion": "1.0.0.0", "parameters": {}, "variables": {}, "resources":
      [{"name": "testvmVNET", "type": "Microsoft.Network/virtualNetworks", "location":
      "westus", "apiVersion": "2015-06-15", "dependsOn": [], "tags": {}, "properties":
      {"addressSpace": {"addressPrefixes": ["10.0.0.0/16"]}, "subnets": [{"name":
      "testvmSubnet", "properties": {"addressPrefix": "10.0.0.0/24"}}]}}, {"type":
      "Microsoft.Network/networkSecurityGroups", "name": "testvmNSG", "apiVersion":
      "2015-06-15", "location": "westus", "tags": {}, "dependsOn": [], "properties":
      {"securityRules": [{"name": "default-allow-ssh", "properties": {"protocol":
      "Tcp", "sourcePortRange": "*", "destinationPortRange": "22", "sourceAddressPrefix":
      "*", "destinationAddressPrefix": "*", "access": "Allow", "priority": 1000, "direction":
      "Inbound"}}]}}, {"apiVersion": "2018-01-01", "type": "Microsoft.Network/publicIPAddresses",
      "name": "testvmPublicIP", "location": "westus", "tags": {}, "dependsOn": [],
      "properties": {"publicIPAllocationMethod": null}}, {"apiVersion": "2015-06-15",
      "type": "Microsoft.Network/networkInterfaces", "name": "testvmVMNic", "location":
      "westus", "tags": {}, "dependsOn": ["Microsoft.Network/virtualNetworks/testvmVNET",
      "Microsoft.Network/networkSecurityGroups/testvmNSG", "Microsoft.Network/publicIpAddresses/testvmPublicIP"],
      "properties": {"ipConfigurations": [{"name": "ipconfigtestvm", "properties":
      {"privateIPAllocationMethod": "Dynamic", "subnet": {"id": "/subscriptions/00000000-0000-0000-0000-000000000000/resourceGroups/img_tmpl_managed000001/providers/Microsoft.Network/virtualNetworks/testvmVNET/subnets/testvmSubnet"},
      "publicIPAddress": {"id": "/subscriptions/00000000-0000-0000-0000-000000000000/resourceGroups/img_tmpl_managed000001/providers/Microsoft.Network/publicIPAddresses/testvmPublicIP"}}}],
      "networkSecurityGroup": {"id": "/subscriptions/00000000-0000-0000-0000-000000000000/resourceGroups/img_tmpl_managed000001/providers/Microsoft.Network/networkSecurityGroups/testvmNSG"}}},
      {"apiVersion": "2020-06-01", "type": "Microsoft.Compute/virtualMachines", "name":
      "testvm", "location": "westus", "tags": {}, "dependsOn": ["Microsoft.Network/networkInterfaces/testvmVMNic"],
      "properties": {"hardwareProfile": {"vmSize": "Standard_DS1_v2"}, "networkProfile":
      {"networkInterfaces": [{"id": "/subscriptions/00000000-0000-0000-0000-000000000000/resourceGroups/img_tmpl_managed000001/providers/Microsoft.Network/networkInterfaces/testvmVMNic"}]},
      "storageProfile": {"osDisk": {"createOption": "fromImage", "name": null, "caching":
      "ReadWrite", "managedDisk": {"storageAccountType": null}}, "imageReference":
      {"id": "/subscriptions/00000000-0000-0000-0000-000000000000/resourceGroups/img_tmpl_managed000001/providers/Microsoft.Compute/images/img_1"}},
      "osProfile": {"computerName": "testvm", "adminUsername": "azureuser", "linuxConfiguration":
      {"disablePasswordAuthentication": true, "ssh": {"publicKeys": [{"keyData": "ssh-rsa
      AAAAB3NzaC1yc2EAAAADAQABAAABgQDUkQ08GKz7v20K0CXEXVnY5prCnEUl+A2KA4Ubg6W76fdqSl4LZneP4MiMOltUAoZsAYbT6D4ja7kxZqGnu7RB0g6Oqv1g0eHYNfLV9XAq4nvDmtSGBXpgBs6Kg1+y+g2j3XOHSCNSG4EJtyzqujt1obt+95UdvbDfb7GC6Dc76gBiFP4AFTdDS5rK0YAct4xH1rFtZKc2ygMUrhm6b57p0QHKAJsc9Jb7PuGh9qvwdg5mOZzZZBKq20fj7FB2pOYGjH6bIUN4Vo0I2t80PHOyMYVkNDLvFagpVs58eCju5d5MYPxV7RKJzOYt5mDfGcYA5INH9+ReXOqRKMzjQmv4sk5PzOafJXvgQvd0vT7WL+NXS/kNzP4buQyhhWWJfhauQWwy9wiiIaCJwAQ1GZnKSGI9ZpYIYGrZsaqLmU8l59ykLictD83vVucAYe1GzgRogBJDyRN0LVab9dFDdmGcVhPOlkqY4kJb7mpvRn6wzUVvRc9cXyJicBwrDaTgix8=
      Zhou.Xing@microsoft.com\\n", "path": "/home/azureuser/.ssh/authorized_keys"}]}}}}}],
      "outputs": {}}, "parameters": {}, "mode": "Incremental"}}'''
    headers:
      Accept:
      - application/json
      Accept-Encoding:
      - gzip, deflate
      CommandName:
      - vm create
      Connection:
      - keep-alive
      Content-Length:
      - '4009'
      Content-Type:
      - application/json; charset=utf-8
      ParameterSetName:
      - --name -g --image --generate-ssh-keys --admin-username
      User-Agent:
      - python/3.8.0 (Windows-10-10.0.19041-SP0) msrest/0.6.9 msrest_azure/0.6.3 azure-mgmt-resource/10.1.0
        Azure-SDK-For-Python AZURECLI/2.9.0
      accept-language:
      - en-US
    method: PUT
    uri: https://management.azure.com/subscriptions/00000000-0000-0000-0000-000000000000/resourcegroups/img_tmpl_managed000001/providers/Microsoft.Resources/deployments/mock-deployment?api-version=2020-06-01
  response:
    body:
      string: '{"id":"/subscriptions/00000000-0000-0000-0000-000000000000/resourceGroups/img_tmpl_managed000001/providers/Microsoft.Resources/deployments/vm_deploy_5jyKGmjPTItQgV0vDtV0zv0WBQ0TTqYr","name":"vm_deploy_5jyKGmjPTItQgV0vDtV0zv0WBQ0TTqYr","type":"Microsoft.Resources/deployments","properties":{"templateHash":"6704768276215390143","parameters":{},"mode":"Incremental","provisioningState":"Accepted","timestamp":"2020-07-20T02:28:55.9137227Z","duration":"PT2.8041395S","correlationId":"841e2d56-0a4e-4222-bf89-a6c7cb7fa916","providers":[{"namespace":"Microsoft.Network","resourceTypes":[{"resourceType":"virtualNetworks","locations":["westus"]},{"resourceType":"networkSecurityGroups","locations":["westus"]},{"resourceType":"publicIPAddresses","locations":["westus"]},{"resourceType":"networkInterfaces","locations":["westus"]}]},{"namespace":"Microsoft.Compute","resourceTypes":[{"resourceType":"virtualMachines","locations":["westus"]}]}],"dependencies":[{"dependsOn":[{"id":"/subscriptions/00000000-0000-0000-0000-000000000000/resourceGroups/img_tmpl_managed000001/providers/Microsoft.Network/virtualNetworks/testvmVNET","resourceType":"Microsoft.Network/virtualNetworks","resourceName":"testvmVNET"},{"id":"/subscriptions/00000000-0000-0000-0000-000000000000/resourceGroups/img_tmpl_managed000001/providers/Microsoft.Network/networkSecurityGroups/testvmNSG","resourceType":"Microsoft.Network/networkSecurityGroups","resourceName":"testvmNSG"},{"id":"/subscriptions/00000000-0000-0000-0000-000000000000/resourceGroups/img_tmpl_managed000001/providers/Microsoft.Network/publicIPAddresses/testvmPublicIP","resourceType":"Microsoft.Network/publicIPAddresses","resourceName":"testvmPublicIP"}],"id":"/subscriptions/00000000-0000-0000-0000-000000000000/resourceGroups/img_tmpl_managed000001/providers/Microsoft.Network/networkInterfaces/testvmVMNic","resourceType":"Microsoft.Network/networkInterfaces","resourceName":"testvmVMNic"},{"dependsOn":[{"id":"/subscriptions/00000000-0000-0000-0000-000000000000/resourceGroups/img_tmpl_managed000001/providers/Microsoft.Network/networkInterfaces/testvmVMNic","resourceType":"Microsoft.Network/networkInterfaces","resourceName":"testvmVMNic"}],"id":"/subscriptions/00000000-0000-0000-0000-000000000000/resourceGroups/img_tmpl_managed000001/providers/Microsoft.Compute/virtualMachines/testvm","resourceType":"Microsoft.Compute/virtualMachines","resourceName":"testvm"}]}}'
    headers:
      azure-asyncoperation:
      - https://management.azure.com/subscriptions/00000000-0000-0000-0000-000000000000/resourcegroups/img_tmpl_managed000001/providers/Microsoft.Resources/deployments/vm_deploy_5jyKGmjPTItQgV0vDtV0zv0WBQ0TTqYr/operationStatuses/08586063947523680419?api-version=2020-06-01
      cache-control:
      - no-cache
      content-length:
      - '2778'
      content-type:
      - application/json; charset=utf-8
      date:
      - Mon, 20 Jul 2020 02:28:56 GMT
      expires:
      - '-1'
      pragma:
      - no-cache
      strict-transport-security:
      - max-age=31536000; includeSubDomains
      x-content-type-options:
      - nosniff
      x-ms-ratelimit-remaining-subscription-writes:
      - '1182'
    status:
      code: 201
      message: Created
- request:
    body: null
    headers:
      Accept:
      - application/json
      Accept-Encoding:
      - gzip, deflate
      CommandName:
      - vm create
      Connection:
      - keep-alive
      ParameterSetName:
      - --name -g --image --generate-ssh-keys --admin-username
      User-Agent:
      - python/3.8.0 (Windows-10-10.0.19041-SP0) msrest/0.6.9 msrest_azure/0.6.3 azure-mgmt-resource/10.1.0
        Azure-SDK-For-Python AZURECLI/2.9.0
    method: GET
    uri: https://management.azure.com/subscriptions/00000000-0000-0000-0000-000000000000/resourcegroups/img_tmpl_managed000001/providers/Microsoft.Resources/deployments/mock-deployment/operationStatuses/08586063947523680419?api-version=2020-06-01
  response:
    body:
      string: '{"status":"Running"}'
    headers:
      cache-control:
      - no-cache
      content-length:
      - '20'
      content-type:
      - application/json; charset=utf-8
      date:
      - Mon, 20 Jul 2020 02:29:27 GMT
      expires:
      - '-1'
      pragma:
      - no-cache
      strict-transport-security:
      - max-age=31536000; includeSubDomains
      vary:
      - Accept-Encoding
      x-content-type-options:
      - nosniff
    status:
      code: 200
      message: OK
- request:
    body: null
    headers:
      Accept:
      - application/json
      Accept-Encoding:
      - gzip, deflate
      CommandName:
      - vm create
      Connection:
      - keep-alive
      ParameterSetName:
      - --name -g --image --generate-ssh-keys --admin-username
      User-Agent:
      - python/3.8.0 (Windows-10-10.0.19041-SP0) msrest/0.6.9 msrest_azure/0.6.3 azure-mgmt-resource/10.1.0
        Azure-SDK-For-Python AZURECLI/2.9.0
    method: GET
    uri: https://management.azure.com/subscriptions/00000000-0000-0000-0000-000000000000/resourcegroups/img_tmpl_managed000001/providers/Microsoft.Resources/deployments/mock-deployment/operationStatuses/08586063947523680419?api-version=2020-06-01
  response:
    body:
      string: '{"status":"Running"}'
    headers:
      cache-control:
      - no-cache
      content-length:
      - '20'
      content-type:
      - application/json; charset=utf-8
      date:
      - Mon, 20 Jul 2020 02:29:58 GMT
      expires:
      - '-1'
      pragma:
      - no-cache
      strict-transport-security:
      - max-age=31536000; includeSubDomains
      vary:
      - Accept-Encoding
      x-content-type-options:
      - nosniff
    status:
      code: 200
      message: OK
- request:
    body: null
    headers:
      Accept:
      - application/json
      Accept-Encoding:
      - gzip, deflate
      CommandName:
      - vm create
      Connection:
      - keep-alive
      ParameterSetName:
      - --name -g --image --generate-ssh-keys --admin-username
      User-Agent:
      - python/3.8.0 (Windows-10-10.0.19041-SP0) msrest/0.6.9 msrest_azure/0.6.3 azure-mgmt-resource/10.1.0
        Azure-SDK-For-Python AZURECLI/2.9.0
    method: GET
    uri: https://management.azure.com/subscriptions/00000000-0000-0000-0000-000000000000/resourcegroups/img_tmpl_managed000001/providers/Microsoft.Resources/deployments/mock-deployment/operationStatuses/08586063947523680419?api-version=2020-06-01
  response:
    body:
      string: '{"status":"Succeeded"}'
    headers:
      cache-control:
      - no-cache
      content-length:
      - '22'
      content-type:
      - application/json; charset=utf-8
      date:
      - Mon, 20 Jul 2020 02:30:28 GMT
      expires:
      - '-1'
      pragma:
      - no-cache
      strict-transport-security:
      - max-age=31536000; includeSubDomains
      vary:
      - Accept-Encoding
      x-content-type-options:
      - nosniff
    status:
      code: 200
      message: OK
- request:
    body: null
    headers:
      Accept:
      - application/json
      Accept-Encoding:
      - gzip, deflate
      CommandName:
      - vm create
      Connection:
      - keep-alive
      ParameterSetName:
      - --name -g --image --generate-ssh-keys --admin-username
      User-Agent:
      - python/3.8.0 (Windows-10-10.0.19041-SP0) msrest/0.6.9 msrest_azure/0.6.3 azure-mgmt-resource/10.1.0
        Azure-SDK-For-Python AZURECLI/2.9.0
    method: GET
    uri: https://management.azure.com/subscriptions/00000000-0000-0000-0000-000000000000/resourcegroups/img_tmpl_managed000001/providers/Microsoft.Resources/deployments/mock-deployment?api-version=2020-06-01
  response:
    body:
      string: '{"id":"/subscriptions/00000000-0000-0000-0000-000000000000/resourceGroups/img_tmpl_managed000001/providers/Microsoft.Resources/deployments/vm_deploy_5jyKGmjPTItQgV0vDtV0zv0WBQ0TTqYr","name":"vm_deploy_5jyKGmjPTItQgV0vDtV0zv0WBQ0TTqYr","type":"Microsoft.Resources/deployments","properties":{"templateHash":"6704768276215390143","parameters":{},"mode":"Incremental","provisioningState":"Succeeded","timestamp":"2020-07-20T02:30:24.1893317Z","duration":"PT1M31.0797485S","correlationId":"841e2d56-0a4e-4222-bf89-a6c7cb7fa916","providers":[{"namespace":"Microsoft.Network","resourceTypes":[{"resourceType":"virtualNetworks","locations":["westus"]},{"resourceType":"networkSecurityGroups","locations":["westus"]},{"resourceType":"publicIPAddresses","locations":["westus"]},{"resourceType":"networkInterfaces","locations":["westus"]}]},{"namespace":"Microsoft.Compute","resourceTypes":[{"resourceType":"virtualMachines","locations":["westus"]}]}],"dependencies":[{"dependsOn":[{"id":"/subscriptions/00000000-0000-0000-0000-000000000000/resourceGroups/img_tmpl_managed000001/providers/Microsoft.Network/virtualNetworks/testvmVNET","resourceType":"Microsoft.Network/virtualNetworks","resourceName":"testvmVNET"},{"id":"/subscriptions/00000000-0000-0000-0000-000000000000/resourceGroups/img_tmpl_managed000001/providers/Microsoft.Network/networkSecurityGroups/testvmNSG","resourceType":"Microsoft.Network/networkSecurityGroups","resourceName":"testvmNSG"},{"id":"/subscriptions/00000000-0000-0000-0000-000000000000/resourceGroups/img_tmpl_managed000001/providers/Microsoft.Network/publicIPAddresses/testvmPublicIP","resourceType":"Microsoft.Network/publicIPAddresses","resourceName":"testvmPublicIP"}],"id":"/subscriptions/00000000-0000-0000-0000-000000000000/resourceGroups/img_tmpl_managed000001/providers/Microsoft.Network/networkInterfaces/testvmVMNic","resourceType":"Microsoft.Network/networkInterfaces","resourceName":"testvmVMNic"},{"dependsOn":[{"id":"/subscriptions/00000000-0000-0000-0000-000000000000/resourceGroups/img_tmpl_managed000001/providers/Microsoft.Network/networkInterfaces/testvmVMNic","resourceType":"Microsoft.Network/networkInterfaces","resourceName":"testvmVMNic"}],"id":"/subscriptions/00000000-0000-0000-0000-000000000000/resourceGroups/img_tmpl_managed000001/providers/Microsoft.Compute/virtualMachines/testvm","resourceType":"Microsoft.Compute/virtualMachines","resourceName":"testvm"}],"outputs":{},"outputResources":[{"id":"/subscriptions/00000000-0000-0000-0000-000000000000/resourceGroups/img_tmpl_managed000001/providers/Microsoft.Compute/virtualMachines/testvm"},{"id":"/subscriptions/00000000-0000-0000-0000-000000000000/resourceGroups/img_tmpl_managed000001/providers/Microsoft.Network/networkInterfaces/testvmVMNic"},{"id":"/subscriptions/00000000-0000-0000-0000-000000000000/resourceGroups/img_tmpl_managed000001/providers/Microsoft.Network/networkSecurityGroups/testvmNSG"},{"id":"/subscriptions/00000000-0000-0000-0000-000000000000/resourceGroups/img_tmpl_managed000001/providers/Microsoft.Network/publicIPAddresses/testvmPublicIP"},{"id":"/subscriptions/00000000-0000-0000-0000-000000000000/resourceGroups/img_tmpl_managed000001/providers/Microsoft.Network/virtualNetworks/testvmVNET"}]}}'
    headers:
      cache-control:
      - no-cache
      content-length:
      - '3860'
      content-type:
      - application/json; charset=utf-8
      date:
      - Mon, 20 Jul 2020 02:30:28 GMT
      expires:
      - '-1'
      pragma:
      - no-cache
      strict-transport-security:
      - max-age=31536000; includeSubDomains
      vary:
      - Accept-Encoding
      x-content-type-options:
      - nosniff
    status:
      code: 200
      message: OK
- request:
    body: null
    headers:
      Accept:
      - application/json
      Accept-Encoding:
      - gzip, deflate
      CommandName:
      - vm create
      Connection:
      - keep-alive
      ParameterSetName:
      - --name -g --image --generate-ssh-keys --admin-username
      User-Agent:
      - python/3.8.0 (Windows-10-10.0.19041-SP0) msrest/0.6.9 msrest_azure/0.6.3 azure-mgmt-compute/13.0.0
        Azure-SDK-For-Python AZURECLI/2.9.0
      accept-language:
      - en-US
    method: GET
    uri: https://management.azure.com/subscriptions/00000000-0000-0000-0000-000000000000/resourceGroups/img_tmpl_managed000001/providers/Microsoft.Compute/virtualMachines/testvm?$expand=instanceView&api-version=2020-06-01
  response:
    body:
      string: "{\r\n  \"name\": \"testvm\",\r\n  \"id\": \"/subscriptions/00000000-0000-0000-0000-000000000000/resourceGroups/img_tmpl_managed000001/providers/Microsoft.Compute/virtualMachines/testvm\",\r\n
        \ \"type\": \"Microsoft.Compute/virtualMachines\",\r\n  \"location\": \"westus\",\r\n
        \ \"tags\": {},\r\n  \"properties\": {\r\n    \"vmId\": \"40031c30-2417-497b-bf2b-41e70259afa6\",\r\n
        \   \"hardwareProfile\": {\r\n      \"vmSize\": \"Standard_DS1_v2\"\r\n    },\r\n
        \   \"storageProfile\": {\r\n      \"imageReference\": {\r\n        \"id\":
        \"/subscriptions/00000000-0000-0000-0000-000000000000/resourceGroups/img_tmpl_managed000001/providers/Microsoft.Compute/images/img_1\"\r\n
        \     },\r\n      \"osDisk\": {\r\n        \"osType\": \"Linux\",\r\n        \"name\":
        \"testvm_disk1_df4f4119a27048efbf05889bf9100406\",\r\n        \"createOption\":
        \"FromImage\",\r\n        \"caching\": \"ReadWrite\",\r\n        \"managedDisk\":
        {\r\n          \"storageAccountType\": \"Standard_LRS\",\r\n          \"id\":
        \"/subscriptions/00000000-0000-0000-0000-000000000000/resourceGroups/IMG_TMPL_MANAGEDIFZXLFY4MEJXG567725XUJN7W6SRIOPYY7BOIJGJLGQHNZM673LOX33EETW/providers/Microsoft.Compute/disks/testvm_disk1_df4f4119a27048efbf05889bf9100406\"\r\n
        \       },\r\n        \"diskSizeGB\": 30\r\n      },\r\n      \"dataDisks\":
        []\r\n    },\r\n    \"osProfile\": {\r\n      \"computerName\": \"testvm\",\r\n
        \     \"adminUsername\": \"azureuser\",\r\n      \"linuxConfiguration\": {\r\n
        \       \"disablePasswordAuthentication\": true,\r\n        \"ssh\": {\r\n
        \         \"publicKeys\": [\r\n            {\r\n              \"path\": \"/home/azureuser/.ssh/authorized_keys\",\r\n
        \             \"keyData\": \"ssh-rsa AAAAB3NzaC1yc2EAAAADAQABAAABgQDUkQ08GKz7v20K0CXEXVnY5prCnEUl+A2KA4Ubg6W76fdqSl4LZneP4MiMOltUAoZsAYbT6D4ja7kxZqGnu7RB0g6Oqv1g0eHYNfLV9XAq4nvDmtSGBXpgBs6Kg1+y+g2j3XOHSCNSG4EJtyzqujt1obt+95UdvbDfb7GC6Dc76gBiFP4AFTdDS5rK0YAct4xH1rFtZKc2ygMUrhm6b57p0QHKAJsc9Jb7PuGh9qvwdg5mOZzZZBKq20fj7FB2pOYGjH6bIUN4Vo0I2t80PHOyMYVkNDLvFagpVs58eCju5d5MYPxV7RKJzOYt5mDfGcYA5INH9+ReXOqRKMzjQmv4sk5PzOafJXvgQvd0vT7WL+NXS/kNzP4buQyhhWWJfhauQWwy9wiiIaCJwAQ1GZnKSGI9ZpYIYGrZsaqLmU8l59ykLictD83vVucAYe1GzgRogBJDyRN0LVab9dFDdmGcVhPOlkqY4kJb7mpvRn6wzUVvRc9cXyJicBwrDaTgix8=
        Zhou.Xing@microsoft.com\\n\"\r\n            }\r\n          ]\r\n        },\r\n
        \       \"provisionVMAgent\": true\r\n      },\r\n      \"secrets\": [],\r\n
        \     \"allowExtensionOperations\": true,\r\n      \"requireGuestProvisionSignal\":
        true\r\n    },\r\n    \"networkProfile\": {\"networkInterfaces\":[{\"id\":\"/subscriptions/00000000-0000-0000-0000-000000000000/resourceGroups/img_tmpl_managed000001/providers/Microsoft.Network/networkInterfaces/testvmVMNic\"}]},\r\n
        \   \"provisioningState\": \"Succeeded\",\r\n    \"instanceView\": {\r\n      \"vmAgent\":
        {\r\n        \"vmAgentVersion\": \"Unknown\",\r\n        \"statuses\": [\r\n
        \         {\r\n            \"code\": \"ProvisioningState/Unavailable\",\r\n
        \           \"level\": \"Warning\",\r\n            \"displayStatus\": \"Not
        Ready\",\r\n            \"message\": \"VM status blob is found but not yet
        populated.\",\r\n            \"time\": \"2020-07-20T02:30:30+00:00\"\r\n          }\r\n
        \       ]\r\n      },\r\n      \"disks\": [\r\n        {\r\n          \"name\":
        \"testvm_disk1_df4f4119a27048efbf05889bf9100406\",\r\n          \"statuses\":
        [\r\n            {\r\n              \"code\": \"ProvisioningState/succeeded\",\r\n
        \             \"level\": \"Info\",\r\n              \"displayStatus\": \"Provisioning
        succeeded\",\r\n              \"time\": \"2020-07-20T02:29:29.0177354+00:00\"\r\n
        \           }\r\n          ]\r\n        }\r\n      ],\r\n      \"hyperVGeneration\":
        \"V1\",\r\n      \"statuses\": [\r\n        {\r\n          \"code\": \"ProvisioningState/succeeded\",\r\n
        \         \"level\": \"Info\",\r\n          \"displayStatus\": \"Provisioning
        succeeded\",\r\n          \"time\": \"2020-07-20T02:30:23.0649798+00:00\"\r\n
        \       },\r\n        {\r\n          \"code\": \"PowerState/running\",\r\n
        \         \"level\": \"Info\",\r\n          \"displayStatus\": \"VM running\"\r\n
        \       }\r\n      ]\r\n    }\r\n  }\r\n}"
    headers:
      cache-control:
      - no-cache
      content-length:
      - '3907'
      content-type:
      - application/json; charset=utf-8
      date:
      - Mon, 20 Jul 2020 02:30:30 GMT
      expires:
      - '-1'
      pragma:
      - no-cache
      server:
      - Microsoft-HTTPAPI/2.0
      - Microsoft-HTTPAPI/2.0
      strict-transport-security:
      - max-age=31536000; includeSubDomains
      transfer-encoding:
      - chunked
      vary:
      - Accept-Encoding
      x-content-type-options:
      - nosniff
      x-ms-ratelimit-remaining-resource:
      - Microsoft.Compute/LowCostGet3Min;3978,Microsoft.Compute/LowCostGet30Min;31898
    status:
      code: 200
      message: OK
- request:
    body: null
    headers:
      Accept:
      - application/json
      Accept-Encoding:
      - gzip, deflate
      CommandName:
      - vm create
      Connection:
      - keep-alive
      ParameterSetName:
      - --name -g --image --generate-ssh-keys --admin-username
      User-Agent:
      - python/3.8.0 (Windows-10-10.0.19041-SP0) msrest/0.6.9 msrest_azure/0.6.3 azure-mgmt-network/11.0.0
        Azure-SDK-For-Python AZURECLI/2.9.0
      accept-language:
      - en-US
    method: GET
    uri: https://management.azure.com/subscriptions/00000000-0000-0000-0000-000000000000/resourceGroups/img_tmpl_managed000001/providers/Microsoft.Network/networkInterfaces/testvmVMNic?api-version=2018-01-01
  response:
    body:
      string: "{\r\n  \"name\": \"testvmVMNic\",\r\n  \"id\": \"/subscriptions/00000000-0000-0000-0000-000000000000/resourceGroups/img_tmpl_managed000001/providers/Microsoft.Network/networkInterfaces/testvmVMNic\",\r\n
        \ \"etag\": \"W/\\\"fa5bd144-a34e-4a44-b852-11f3a247ec14\\\"\",\r\n  \"location\":
        \"westus\",\r\n  \"tags\": {},\r\n  \"properties\": {\r\n    \"provisioningState\":
        \"Succeeded\",\r\n    \"resourceGuid\": \"64eeabaa-b557-4a41-a0fb-b31a324e36bb\",\r\n
        \   \"ipConfigurations\": [\r\n      {\r\n        \"name\": \"ipconfigtestvm\",\r\n
        \       \"id\": \"/subscriptions/00000000-0000-0000-0000-000000000000/resourceGroups/img_tmpl_managed000001/providers/Microsoft.Network/networkInterfaces/testvmVMNic/ipConfigurations/ipconfigtestvm\",\r\n
        \       \"etag\": \"W/\\\"fa5bd144-a34e-4a44-b852-11f3a247ec14\\\"\",\r\n
        \       \"type\": \"Microsoft.Network/networkInterfaces/ipConfigurations\",\r\n
        \       \"properties\": {\r\n          \"provisioningState\": \"Succeeded\",\r\n
        \         \"privateIPAddress\": \"10.0.0.4\",\r\n          \"privateIPAllocationMethod\":
        \"Dynamic\",\r\n          \"publicIPAddress\": {\r\n            \"id\": \"/subscriptions/00000000-0000-0000-0000-000000000000/resourceGroups/img_tmpl_managed000001/providers/Microsoft.Network/publicIPAddresses/testvmPublicIP\"\r\n
        \         },\r\n          \"subnet\": {\r\n            \"id\": \"/subscriptions/00000000-0000-0000-0000-000000000000/resourceGroups/img_tmpl_managed000001/providers/Microsoft.Network/virtualNetworks/testvmVNET/subnets/testvmSubnet\"\r\n
        \         },\r\n          \"primary\": true,\r\n          \"privateIPAddressVersion\":
        \"IPv4\"\r\n        }\r\n      }\r\n    ],\r\n    \"dnsSettings\": {\r\n      \"dnsServers\":
        [],\r\n      \"appliedDnsServers\": [],\r\n      \"internalDomainNameSuffix\":
        \"yc3su3zgr3du5nmu2sxd2n5fse.dx.internal.cloudapp.net\"\r\n    },\r\n    \"macAddress\":
        \"00-22-48-06-92-D1\",\r\n    \"enableAcceleratedNetworking\": false,\r\n
        \   \"enableIPForwarding\": false,\r\n    \"networkSecurityGroup\": {\r\n
        \     \"id\": \"/subscriptions/00000000-0000-0000-0000-000000000000/resourceGroups/img_tmpl_managed000001/providers/Microsoft.Network/networkSecurityGroups/testvmNSG\"\r\n
        \   },\r\n    \"primary\": true,\r\n    \"virtualMachine\": {\r\n      \"id\":
        \"/subscriptions/00000000-0000-0000-0000-000000000000/resourceGroups/img_tmpl_managed000001/providers/Microsoft.Compute/virtualMachines/testvm\"\r\n
        \   }\r\n  },\r\n  \"type\": \"Microsoft.Network/networkInterfaces\"\r\n}"
    headers:
      cache-control:
      - no-cache
      content-length:
      - '2598'
      content-type:
      - application/json; charset=utf-8
      date:
      - Mon, 20 Jul 2020 02:30:31 GMT
      etag:
      - W/"fa5bd144-a34e-4a44-b852-11f3a247ec14"
      expires:
      - '-1'
      pragma:
      - no-cache
      server:
      - Microsoft-HTTPAPI/2.0
      - Microsoft-HTTPAPI/2.0
      strict-transport-security:
      - max-age=31536000; includeSubDomains
      transfer-encoding:
      - chunked
      vary:
      - Accept-Encoding
      x-content-type-options:
      - nosniff
      x-ms-arm-service-request-id:
      - dc9dc6fd-cc26-4d12-85bb-d1925f9aff6c
    status:
      code: 200
      message: OK
- request:
    body: null
    headers:
      Accept:
      - application/json
      Accept-Encoding:
      - gzip, deflate
      CommandName:
      - vm create
      Connection:
      - keep-alive
      ParameterSetName:
      - --name -g --image --generate-ssh-keys --admin-username
      User-Agent:
      - python/3.8.0 (Windows-10-10.0.19041-SP0) msrest/0.6.9 msrest_azure/0.6.3 azure-mgmt-network/11.0.0
        Azure-SDK-For-Python AZURECLI/2.9.0
      accept-language:
      - en-US
    method: GET
    uri: https://management.azure.com/subscriptions/00000000-0000-0000-0000-000000000000/resourceGroups/img_tmpl_managed000001/providers/Microsoft.Network/publicIPAddresses/testvmPublicIP?api-version=2018-01-01
  response:
    body:
      string: "{\r\n  \"name\": \"testvmPublicIP\",\r\n  \"id\": \"/subscriptions/00000000-0000-0000-0000-000000000000/resourceGroups/img_tmpl_managed000001/providers/Microsoft.Network/publicIPAddresses/testvmPublicIP\",\r\n
        \ \"etag\": \"W/\\\"3878178e-a21d-47b0-a9f3-2027049cb68e\\\"\",\r\n  \"location\":
        \"westus\",\r\n  \"tags\": {},\r\n  \"properties\": {\r\n    \"provisioningState\":
        \"Succeeded\",\r\n    \"resourceGuid\": \"265147ce-4373-4eb3-bf24-f7d08b3c7f77\",\r\n
        \   \"ipAddress\": \"13.88.13.86\",\r\n    \"publicIPAddressVersion\": \"IPv4\",\r\n
        \   \"publicIPAllocationMethod\": \"Dynamic\",\r\n    \"idleTimeoutInMinutes\":
        4,\r\n    \"ipTags\": [],\r\n    \"ipConfiguration\": {\r\n      \"id\": \"/subscriptions/00000000-0000-0000-0000-000000000000/resourceGroups/img_tmpl_managed000001/providers/Microsoft.Network/networkInterfaces/testvmVMNic/ipConfigurations/ipconfigtestvm\"\r\n
        \   }\r\n  },\r\n  \"type\": \"Microsoft.Network/publicIPAddresses\",\r\n
        \ \"sku\": {\r\n    \"name\": \"Basic\"\r\n  }\r\n}"
    headers:
      cache-control:
      - no-cache
      content-length:
      - '1007'
      content-type:
      - application/json; charset=utf-8
      date:
      - Mon, 20 Jul 2020 02:30:31 GMT
      etag:
      - W/"3878178e-a21d-47b0-a9f3-2027049cb68e"
      expires:
      - '-1'
      pragma:
      - no-cache
      server:
      - Microsoft-HTTPAPI/2.0
      - Microsoft-HTTPAPI/2.0
      strict-transport-security:
      - max-age=31536000; includeSubDomains
      transfer-encoding:
      - chunked
      vary:
      - Accept-Encoding
      x-content-type-options:
      - nosniff
      x-ms-arm-service-request-id:
      - d0031ed1-3a42-42d0-9271-283a5afacae8
    status:
      code: 200
      message: OK
- request:
    body: null
    headers:
      Accept:
      - application/json
      Accept-Encoding:
      - gzip, deflate
      CommandName:
      - vm show
      Connection:
      - keep-alive
      ParameterSetName:
      - -n -g
      User-Agent:
      - python/3.8.0 (Windows-10-10.0.19041-SP0) msrest/0.6.9 msrest_azure/0.6.3 azure-mgmt-compute/13.0.0
        Azure-SDK-For-Python AZURECLI/2.9.0
      accept-language:
      - en-US
    method: GET
    uri: https://management.azure.com/subscriptions/00000000-0000-0000-0000-000000000000/resourceGroups/img_tmpl_managed000001/providers/Microsoft.Compute/virtualMachines/testvm?api-version=2020-06-01
  response:
    body:
      string: "{\r\n  \"name\": \"testvm\",\r\n  \"id\": \"/subscriptions/00000000-0000-0000-0000-000000000000/resourceGroups/img_tmpl_managed000001/providers/Microsoft.Compute/virtualMachines/testvm\",\r\n
        \ \"type\": \"Microsoft.Compute/virtualMachines\",\r\n  \"location\": \"westus\",\r\n
        \ \"tags\": {},\r\n  \"properties\": {\r\n    \"vmId\": \"40031c30-2417-497b-bf2b-41e70259afa6\",\r\n
        \   \"hardwareProfile\": {\r\n      \"vmSize\": \"Standard_DS1_v2\"\r\n    },\r\n
        \   \"storageProfile\": {\r\n      \"imageReference\": {\r\n        \"id\":
        \"/subscriptions/00000000-0000-0000-0000-000000000000/resourceGroups/img_tmpl_managed000001/providers/Microsoft.Compute/images/img_1\"\r\n
        \     },\r\n      \"osDisk\": {\r\n        \"osType\": \"Linux\",\r\n        \"name\":
        \"testvm_disk1_df4f4119a27048efbf05889bf9100406\",\r\n        \"createOption\":
        \"FromImage\",\r\n        \"caching\": \"ReadWrite\",\r\n        \"managedDisk\":
        {\r\n          \"storageAccountType\": \"Standard_LRS\",\r\n          \"id\":
        \"/subscriptions/00000000-0000-0000-0000-000000000000/resourceGroups/IMG_TMPL_MANAGEDIFZXLFY4MEJXG567725XUJN7W6SRIOPYY7BOIJGJLGQHNZM673LOX33EETW/providers/Microsoft.Compute/disks/testvm_disk1_df4f4119a27048efbf05889bf9100406\"\r\n
        \       },\r\n        \"diskSizeGB\": 30\r\n      },\r\n      \"dataDisks\":
        []\r\n    },\r\n    \"osProfile\": {\r\n      \"computerName\": \"testvm\",\r\n
        \     \"adminUsername\": \"azureuser\",\r\n      \"linuxConfiguration\": {\r\n
        \       \"disablePasswordAuthentication\": true,\r\n        \"ssh\": {\r\n
        \         \"publicKeys\": [\r\n            {\r\n              \"path\": \"/home/azureuser/.ssh/authorized_keys\",\r\n
        \             \"keyData\": \"ssh-rsa AAAAB3NzaC1yc2EAAAADAQABAAABgQDUkQ08GKz7v20K0CXEXVnY5prCnEUl+A2KA4Ubg6W76fdqSl4LZneP4MiMOltUAoZsAYbT6D4ja7kxZqGnu7RB0g6Oqv1g0eHYNfLV9XAq4nvDmtSGBXpgBs6Kg1+y+g2j3XOHSCNSG4EJtyzqujt1obt+95UdvbDfb7GC6Dc76gBiFP4AFTdDS5rK0YAct4xH1rFtZKc2ygMUrhm6b57p0QHKAJsc9Jb7PuGh9qvwdg5mOZzZZBKq20fj7FB2pOYGjH6bIUN4Vo0I2t80PHOyMYVkNDLvFagpVs58eCju5d5MYPxV7RKJzOYt5mDfGcYA5INH9+ReXOqRKMzjQmv4sk5PzOafJXvgQvd0vT7WL+NXS/kNzP4buQyhhWWJfhauQWwy9wiiIaCJwAQ1GZnKSGI9ZpYIYGrZsaqLmU8l59ykLictD83vVucAYe1GzgRogBJDyRN0LVab9dFDdmGcVhPOlkqY4kJb7mpvRn6wzUVvRc9cXyJicBwrDaTgix8=
        Zhou.Xing@microsoft.com\\n\"\r\n            }\r\n          ]\r\n        },\r\n
        \       \"provisionVMAgent\": true\r\n      },\r\n      \"secrets\": [],\r\n
        \     \"allowExtensionOperations\": true,\r\n      \"requireGuestProvisionSignal\":
        true\r\n    },\r\n    \"networkProfile\": {\"networkInterfaces\":[{\"id\":\"/subscriptions/00000000-0000-0000-0000-000000000000/resourceGroups/img_tmpl_managed000001/providers/Microsoft.Network/networkInterfaces/testvmVMNic\"}]},\r\n
        \   \"provisioningState\": \"Succeeded\"\r\n  }\r\n}"
    headers:
      cache-control:
      - no-cache
      content-length:
      - '2701'
      content-type:
      - application/json; charset=utf-8
      date:
      - Mon, 20 Jul 2020 02:30:31 GMT
      expires:
      - '-1'
      pragma:
      - no-cache
      server:
      - Microsoft-HTTPAPI/2.0
      - Microsoft-HTTPAPI/2.0
      strict-transport-security:
      - max-age=31536000; includeSubDomains
      transfer-encoding:
      - chunked
      vary:
      - Accept-Encoding
      x-content-type-options:
      - nosniff
      x-ms-ratelimit-remaining-resource:
      - Microsoft.Compute/LowCostGet3Min;3977,Microsoft.Compute/LowCostGet30Min;31897
    status:
      code: 200
      message: OK
- request:
    body: null
    headers:
      Accept:
      - application/json
      Accept-Encoding:
      - gzip, deflate
      CommandName:
      - image builder create
      Connection:
      - keep-alive
      ParameterSetName:
      - -n -g --image-source --managed-image-destinations --scripts --identity
      User-Agent:
      - python/3.8.0 (Windows-10-10.0.19041-SP0) msrest/0.6.9 msrest_azure/0.6.3 azure-mgmt-resource/10.1.0
        Azure-SDK-For-Python AZURECLI/2.9.0
      accept-language:
      - en-US
    method: GET
    uri: https://management.azure.com/subscriptions/00000000-0000-0000-0000-000000000000/resourcegroups/img_tmpl_managed000001?api-version=2020-06-01
  response:
    body:
      string: '{"id":"/subscriptions/00000000-0000-0000-0000-000000000000/resourceGroups/img_tmpl_managed000001","name":"img_tmpl_managed000001","type":"Microsoft.Resources/resourceGroups","location":"westus","tags":{"product":"azurecli","cause":"automation","date":"2020-07-20T02:19:51Z"},"properties":{"provisioningState":"Succeeded"}}'
    headers:
      cache-control:
      - no-cache
      content-length:
      - '428'
      content-type:
      - application/json; charset=utf-8
      date:
      - Mon, 20 Jul 2020 02:30:32 GMT
      expires:
      - '-1'
      pragma:
      - no-cache
      strict-transport-security:
      - max-age=31536000; includeSubDomains
      vary:
      - Accept-Encoding
      x-content-type-options:
      - nosniff
    status:
      code: 200
      message: OK
- request:
    body: null
    headers:
      Accept:
      - application/json
      Accept-Encoding:
      - gzip, deflate
      CommandName:
      - image builder create
      Connection:
      - keep-alive
      ParameterSetName:
      - -n -g --image-source --managed-image-destinations --scripts --identity
      User-Agent:
      - python/3.8.0 (Windows-10-10.0.19041-SP0) msrest/0.6.9 msrest_azure/0.6.3 azure-mgmt-resource/10.1.0
        Azure-SDK-For-Python AZURECLI/2.9.0
      accept-language:
      - en-US
    method: GET
    uri: https://management.azure.com/subscriptions/00000000-0000-0000-0000-000000000000/locations?api-version=2019-11-01
  response:
    body:
      string: '{"value":[{"id":"/subscriptions/00000000-0000-0000-0000-000000000000/locations/eastus","name":"eastus","displayName":"East
        US","regionalDisplayName":"(US) East US","metadata":{"regionType":"Physical","regionCategory":"Recommended","geographyGroup":"US","longitude":"-79.8164","latitude":"37.3719","physicalLocation":"Virginia","pairedRegion":[{"name":"westus","id":"/subscriptions/00000000-0000-0000-0000-000000000000/locations/westus"}]}},{"id":"/subscriptions/00000000-0000-0000-0000-000000000000/locations/eastus2","name":"eastus2","displayName":"East
        US 2","regionalDisplayName":"(US) East US 2","metadata":{"regionType":"Physical","regionCategory":"Recommended","geographyGroup":"US","longitude":"-78.3889","latitude":"36.6681","physicalLocation":"Virginia","pairedRegion":[{"name":"centralus","id":"/subscriptions/00000000-0000-0000-0000-000000000000/locations/centralus"}]}},{"id":"/subscriptions/00000000-0000-0000-0000-000000000000/locations/southcentralus","name":"southcentralus","displayName":"South
        Central US","regionalDisplayName":"(US) South Central US","metadata":{"regionType":"Physical","regionCategory":"Recommended","geographyGroup":"US","longitude":"-98.5","latitude":"29.4167","physicalLocation":"Texas","pairedRegion":[{"name":"northcentralus","id":"/subscriptions/00000000-0000-0000-0000-000000000000/locations/northcentralus"}]}},{"id":"/subscriptions/00000000-0000-0000-0000-000000000000/locations/westus2","name":"westus2","displayName":"West
        US 2","regionalDisplayName":"(US) West US 2","metadata":{"regionType":"Physical","regionCategory":"Recommended","geographyGroup":"US","longitude":"-119.852","latitude":"47.233","physicalLocation":"Washington","pairedRegion":[{"name":"westcentralus","id":"/subscriptions/00000000-0000-0000-0000-000000000000/locations/westcentralus"}]}},{"id":"/subscriptions/00000000-0000-0000-0000-000000000000/locations/australiaeast","name":"australiaeast","displayName":"Australia
        East","regionalDisplayName":"(Asia Pacific) Australia East","metadata":{"regionType":"Physical","regionCategory":"Recommended","geographyGroup":"Asia
        Pacific","longitude":"151.2094","latitude":"-33.86","physicalLocation":"New
        South Wales","pairedRegion":[{"name":"australiasoutheast","id":"/subscriptions/00000000-0000-0000-0000-000000000000/locations/australiasoutheast"}]}},{"id":"/subscriptions/00000000-0000-0000-0000-000000000000/locations/southeastasia","name":"southeastasia","displayName":"Southeast
        Asia","regionalDisplayName":"(Asia Pacific) Southeast Asia","metadata":{"regionType":"Physical","regionCategory":"Recommended","geographyGroup":"Asia
        Pacific","longitude":"103.833","latitude":"1.283","physicalLocation":"Singapore","pairedRegion":[{"name":"eastasia","id":"/subscriptions/00000000-0000-0000-0000-000000000000/locations/eastasia"}]}},{"id":"/subscriptions/00000000-0000-0000-0000-000000000000/locations/northeurope","name":"northeurope","displayName":"North
        Europe","regionalDisplayName":"(Europe) North Europe","metadata":{"regionType":"Physical","regionCategory":"Recommended","geographyGroup":"Europe","longitude":"-6.2597","latitude":"53.3478","physicalLocation":"Ireland","pairedRegion":[{"name":"westeurope","id":"/subscriptions/00000000-0000-0000-0000-000000000000/locations/westeurope"}]}},{"id":"/subscriptions/00000000-0000-0000-0000-000000000000/locations/uksouth","name":"uksouth","displayName":"UK
        South","regionalDisplayName":"(Europe) UK South","metadata":{"regionType":"Physical","regionCategory":"Recommended","geographyGroup":"Europe","longitude":"-0.799","latitude":"50.941","physicalLocation":"London","pairedRegion":[{"name":"ukwest","id":"/subscriptions/00000000-0000-0000-0000-000000000000/locations/ukwest"}]}},{"id":"/subscriptions/00000000-0000-0000-0000-000000000000/locations/westeurope","name":"westeurope","displayName":"West
        Europe","regionalDisplayName":"(Europe) West Europe","metadata":{"regionType":"Physical","regionCategory":"Recommended","geographyGroup":"Europe","longitude":"4.9","latitude":"52.3667","physicalLocation":"Netherlands","pairedRegion":[{"name":"northeurope","id":"/subscriptions/00000000-0000-0000-0000-000000000000/locations/northeurope"}]}},{"id":"/subscriptions/00000000-0000-0000-0000-000000000000/locations/centralus","name":"centralus","displayName":"Central
        US","regionalDisplayName":"(US) Central US","metadata":{"regionType":"Physical","regionCategory":"Recommended","geographyGroup":"US","longitude":"-93.6208","latitude":"41.5908","physicalLocation":"Iowa","pairedRegion":[{"name":"eastus2","id":"/subscriptions/00000000-0000-0000-0000-000000000000/locations/eastus2"}]}},{"id":"/subscriptions/00000000-0000-0000-0000-000000000000/locations/northcentralus","name":"northcentralus","displayName":"North
        Central US","regionalDisplayName":"(US) North Central US","metadata":{"regionType":"Physical","regionCategory":"Recommended","geographyGroup":"US","longitude":"-87.6278","latitude":"41.8819","physicalLocation":"Illinois","pairedRegion":[{"name":"southcentralus","id":"/subscriptions/00000000-0000-0000-0000-000000000000/locations/southcentralus"}]}},{"id":"/subscriptions/00000000-0000-0000-0000-000000000000/locations/westus","name":"westus","displayName":"West
        US","regionalDisplayName":"(US) West US","metadata":{"regionType":"Physical","regionCategory":"Recommended","geographyGroup":"US","longitude":"-122.417","latitude":"37.783","physicalLocation":"California","pairedRegion":[{"name":"eastus","id":"/subscriptions/00000000-0000-0000-0000-000000000000/locations/eastus"}]}},{"id":"/subscriptions/00000000-0000-0000-0000-000000000000/locations/southafricanorth","name":"southafricanorth","displayName":"South
        Africa North","regionalDisplayName":"(Africa) South Africa North","metadata":{"regionType":"Physical","regionCategory":"Recommended","geographyGroup":"Africa","longitude":"28.218370","latitude":"-25.731340","physicalLocation":"Johannesburg","pairedRegion":[{"name":"southafricawest","id":"/subscriptions/00000000-0000-0000-0000-000000000000/locations/southafricawest"}]}},{"id":"/subscriptions/00000000-0000-0000-0000-000000000000/locations/centralindia","name":"centralindia","displayName":"Central
        India","regionalDisplayName":"(Asia Pacific) Central India","metadata":{"regionType":"Physical","regionCategory":"Recommended","geographyGroup":"Asia
        Pacific","longitude":"73.9197","latitude":"18.5822","physicalLocation":"Pune","pairedRegion":[{"name":"southindia","id":"/subscriptions/00000000-0000-0000-0000-000000000000/locations/southindia"}]}},{"id":"/subscriptions/00000000-0000-0000-0000-000000000000/locations/eastasia","name":"eastasia","displayName":"East
        Asia","regionalDisplayName":"(Asia Pacific) East Asia","metadata":{"regionType":"Physical","regionCategory":"Recommended","geographyGroup":"Asia
        Pacific","longitude":"114.188","latitude":"22.267","physicalLocation":"Hong
        Kong","pairedRegion":[{"name":"southeastasia","id":"/subscriptions/00000000-0000-0000-0000-000000000000/locations/southeastasia"}]}},{"id":"/subscriptions/00000000-0000-0000-0000-000000000000/locations/japaneast","name":"japaneast","displayName":"Japan
        East","regionalDisplayName":"(Asia Pacific) Japan East","metadata":{"regionType":"Physical","regionCategory":"Recommended","geographyGroup":"Asia
        Pacific","longitude":"139.77","latitude":"35.68","physicalLocation":"Tokyo,
        Saitama","pairedRegion":[{"name":"japanwest","id":"/subscriptions/00000000-0000-0000-0000-000000000000/locations/japanwest"}]}},{"id":"/subscriptions/00000000-0000-0000-0000-000000000000/locations/koreacentral","name":"koreacentral","displayName":"Korea
        Central","regionalDisplayName":"(Asia Pacific) Korea Central","metadata":{"regionType":"Physical","regionCategory":"Recommended","geographyGroup":"Asia
        Pacific","longitude":"126.9780","latitude":"37.5665","physicalLocation":"Seoul","pairedRegion":[{"name":"koreasouth","id":"/subscriptions/00000000-0000-0000-0000-000000000000/locations/koreasouth"}]}},{"id":"/subscriptions/00000000-0000-0000-0000-000000000000/locations/canadacentral","name":"canadacentral","displayName":"Canada
        Central","regionalDisplayName":"(Canada) Canada Central","metadata":{"regionType":"Physical","regionCategory":"Recommended","geographyGroup":"Canada","longitude":"-79.383","latitude":"43.653","physicalLocation":"Toronto","pairedRegion":[{"name":"canadaeast","id":"/subscriptions/00000000-0000-0000-0000-000000000000/locations/canadaeast"}]}},{"id":"/subscriptions/00000000-0000-0000-0000-000000000000/locations/francecentral","name":"francecentral","displayName":"France
        Central","regionalDisplayName":"(Europe) France Central","metadata":{"regionType":"Physical","regionCategory":"Recommended","geographyGroup":"Europe","longitude":"2.3730","latitude":"46.3772","physicalLocation":"Paris","pairedRegion":[{"name":"francesouth","id":"/subscriptions/00000000-0000-0000-0000-000000000000/locations/francesouth"}]}},{"id":"/subscriptions/00000000-0000-0000-0000-000000000000/locations/germanywestcentral","name":"germanywestcentral","displayName":"Germany
        West Central","regionalDisplayName":"(Europe) Germany West Central","metadata":{"regionType":"Physical","regionCategory":"Recommended","geographyGroup":"Europe","longitude":"8.682127","latitude":"50.110924","physicalLocation":"Frankfurt","pairedRegion":[{"name":"germanynorth","id":"/subscriptions/00000000-0000-0000-0000-000000000000/locations/germanynorth"}]}},{"id":"/subscriptions/00000000-0000-0000-0000-000000000000/locations/norwayeast","name":"norwayeast","displayName":"Norway
        East","regionalDisplayName":"(Europe) Norway East","metadata":{"regionType":"Physical","regionCategory":"Recommended","geographyGroup":"Europe","longitude":"10.752245","latitude":"59.913868","physicalLocation":"Norway","pairedRegion":[{"name":"norwaywest","id":"/subscriptions/00000000-0000-0000-0000-000000000000/locations/norwaywest"}]}},{"id":"/subscriptions/00000000-0000-0000-0000-000000000000/locations/switzerlandnorth","name":"switzerlandnorth","displayName":"Switzerland
        North","regionalDisplayName":"(Europe) Switzerland North","metadata":{"regionType":"Physical","regionCategory":"Recommended","geographyGroup":"Europe","longitude":"8.564572","latitude":"47.451542","physicalLocation":"Zurich","pairedRegion":[{"name":"switzerlandwest","id":"/subscriptions/00000000-0000-0000-0000-000000000000/locations/switzerlandwest"}]}},{"id":"/subscriptions/00000000-0000-0000-0000-000000000000/locations/uaenorth","name":"uaenorth","displayName":"UAE
        North","regionalDisplayName":"(Middle East) UAE North","metadata":{"regionType":"Physical","regionCategory":"Recommended","geographyGroup":"Middle
        East","longitude":"55.316666","latitude":"25.266666","physicalLocation":"Dubai","pairedRegion":[{"name":"uaecentral","id":"/subscriptions/00000000-0000-0000-0000-000000000000/locations/uaecentral"}]}},{"id":"/subscriptions/00000000-0000-0000-0000-000000000000/locations/brazilsouth","name":"brazilsouth","displayName":"Brazil
        South","regionalDisplayName":"(South America) Brazil South","metadata":{"regionType":"Physical","regionCategory":"Recommended","geographyGroup":"South
        America","longitude":"-46.633","latitude":"-23.55","physicalLocation":"Sao
        Paulo State","pairedRegion":[{"name":"southcentralus","id":"/subscriptions/00000000-0000-0000-0000-000000000000/locations/southcentralus"}]}},{"id":"/subscriptions/00000000-0000-0000-0000-000000000000/locations/centralusstage","name":"centralusstage","displayName":"Central
        US (Stage)","regionalDisplayName":"(US) Central US (Stage)","metadata":{"regionType":"Logical","regionCategory":"Other","geographyGroup":"US"}},{"id":"/subscriptions/00000000-0000-0000-0000-000000000000/locations/eastusstage","name":"eastusstage","displayName":"East
        US (Stage)","regionalDisplayName":"(US) East US (Stage)","metadata":{"regionType":"Logical","regionCategory":"Other","geographyGroup":"US"}},{"id":"/subscriptions/00000000-0000-0000-0000-000000000000/locations/eastus2stage","name":"eastus2stage","displayName":"East
        US 2 (Stage)","regionalDisplayName":"(US) East US 2 (Stage)","metadata":{"regionType":"Logical","regionCategory":"Other","geographyGroup":"US"}},{"id":"/subscriptions/00000000-0000-0000-0000-000000000000/locations/northcentralusstage","name":"northcentralusstage","displayName":"North
        Central US (Stage)","regionalDisplayName":"(US) North Central US (Stage)","metadata":{"regionType":"Logical","regionCategory":"Other","geographyGroup":"US"}},{"id":"/subscriptions/00000000-0000-0000-0000-000000000000/locations/southcentralusstage","name":"southcentralusstage","displayName":"South
        Central US (Stage)","regionalDisplayName":"(US) South Central US (Stage)","metadata":{"regionType":"Logical","regionCategory":"Other","geographyGroup":"US"}},{"id":"/subscriptions/00000000-0000-0000-0000-000000000000/locations/westusstage","name":"westusstage","displayName":"West
        US (Stage)","regionalDisplayName":"(US) West US (Stage)","metadata":{"regionType":"Logical","regionCategory":"Other","geographyGroup":"US"}},{"id":"/subscriptions/00000000-0000-0000-0000-000000000000/locations/westus2stage","name":"westus2stage","displayName":"West
        US 2 (Stage)","regionalDisplayName":"(US) West US 2 (Stage)","metadata":{"regionType":"Logical","regionCategory":"Other","geographyGroup":"US"}},{"id":"/subscriptions/00000000-0000-0000-0000-000000000000/locations/asia","name":"asia","displayName":"Asia","regionalDisplayName":"Asia","metadata":{"regionType":"Logical","regionCategory":"Other"}},{"id":"/subscriptions/00000000-0000-0000-0000-000000000000/locations/asiapacific","name":"asiapacific","displayName":"Asia
        Pacific","regionalDisplayName":"Asia Pacific","metadata":{"regionType":"Logical","regionCategory":"Other"}},{"id":"/subscriptions/00000000-0000-0000-0000-000000000000/locations/australia","name":"australia","displayName":"Australia","regionalDisplayName":"Australia","metadata":{"regionType":"Logical","regionCategory":"Other"}},{"id":"/subscriptions/00000000-0000-0000-0000-000000000000/locations/brazil","name":"brazil","displayName":"Brazil","regionalDisplayName":"Brazil","metadata":{"regionType":"Logical","regionCategory":"Other"}},{"id":"/subscriptions/00000000-0000-0000-0000-000000000000/locations/canada","name":"canada","displayName":"Canada","regionalDisplayName":"Canada","metadata":{"regionType":"Logical","regionCategory":"Other"}},{"id":"/subscriptions/00000000-0000-0000-0000-000000000000/locations/europe","name":"europe","displayName":"Europe","regionalDisplayName":"Europe","metadata":{"regionType":"Logical","regionCategory":"Other"}},{"id":"/subscriptions/00000000-0000-0000-0000-000000000000/locations/global","name":"global","displayName":"Global","regionalDisplayName":"Global","metadata":{"regionType":"Logical","regionCategory":"Other"}},{"id":"/subscriptions/00000000-0000-0000-0000-000000000000/locations/india","name":"india","displayName":"India","regionalDisplayName":"India","metadata":{"regionType":"Logical","regionCategory":"Other"}},{"id":"/subscriptions/00000000-0000-0000-0000-000000000000/locations/japan","name":"japan","displayName":"Japan","regionalDisplayName":"Japan","metadata":{"regionType":"Logical","regionCategory":"Other"}},{"id":"/subscriptions/00000000-0000-0000-0000-000000000000/locations/uk","name":"uk","displayName":"United
        Kingdom","regionalDisplayName":"United Kingdom","metadata":{"regionType":"Logical","regionCategory":"Other"}},{"id":"/subscriptions/00000000-0000-0000-0000-000000000000/locations/unitedstates","name":"unitedstates","displayName":"United
        States","regionalDisplayName":"United States","metadata":{"regionType":"Logical","regionCategory":"Other"}},{"id":"/subscriptions/00000000-0000-0000-0000-000000000000/locations/eastasiastage","name":"eastasiastage","displayName":"East
        Asia (Stage)","regionalDisplayName":"(Asia Pacific) East Asia (Stage)","metadata":{"regionType":"Logical","regionCategory":"Other","geographyGroup":"Asia
        Pacific"}},{"id":"/subscriptions/00000000-0000-0000-0000-000000000000/locations/southeastasiastage","name":"southeastasiastage","displayName":"Southeast
        Asia (Stage)","regionalDisplayName":"(Asia Pacific) Southeast Asia (Stage)","metadata":{"regionType":"Logical","regionCategory":"Other","geographyGroup":"Asia
        Pacific"}},{"id":"/subscriptions/00000000-0000-0000-0000-000000000000/locations/centraluseuap","name":"centraluseuap","displayName":"Central
        US EUAP","regionalDisplayName":"(US) Central US EUAP","metadata":{"regionType":"Physical","regionCategory":"Other","geographyGroup":"US","longitude":"-93.6208","latitude":"41.5908","pairedRegion":[{"name":"eastus2euap","id":"/subscriptions/00000000-0000-0000-0000-000000000000/locations/eastus2euap"}]}},{"id":"/subscriptions/00000000-0000-0000-0000-000000000000/locations/eastus2euap","name":"eastus2euap","displayName":"East
        US 2 EUAP","regionalDisplayName":"(US) East US 2 EUAP","metadata":{"regionType":"Physical","regionCategory":"Other","geographyGroup":"US","longitude":"-78.3889","latitude":"36.6681","pairedRegion":[{"name":"centraluseuap","id":"/subscriptions/00000000-0000-0000-0000-000000000000/locations/centraluseuap"}]}},{"id":"/subscriptions/00000000-0000-0000-0000-000000000000/locations/westcentralus","name":"westcentralus","displayName":"West
        Central US","regionalDisplayName":"(US) West Central US","metadata":{"regionType":"Physical","regionCategory":"Other","geographyGroup":"US","longitude":"-110.234","latitude":"40.890","physicalLocation":"Wyoming","pairedRegion":[{"name":"westus2","id":"/subscriptions/00000000-0000-0000-0000-000000000000/locations/westus2"}]}},{"id":"/subscriptions/00000000-0000-0000-0000-000000000000/locations/southafricawest","name":"southafricawest","displayName":"South
        Africa West","regionalDisplayName":"(Africa) South Africa West","metadata":{"regionType":"Physical","regionCategory":"Other","geographyGroup":"Africa","longitude":"18.843266","latitude":"-34.075691","physicalLocation":"Cape
        Town","pairedRegion":[{"name":"southafricanorth","id":"/subscriptions/00000000-0000-0000-0000-000000000000/locations/southafricanorth"}]}},{"id":"/subscriptions/00000000-0000-0000-0000-000000000000/locations/australiacentral","name":"australiacentral","displayName":"Australia
        Central","regionalDisplayName":"(Asia Pacific) Australia Central","metadata":{"regionType":"Physical","regionCategory":"Other","geographyGroup":"Asia
        Pacific","longitude":"149.1244","latitude":"-35.3075","physicalLocation":"Canberra","pairedRegion":[{"name":"australiacentral","id":"/subscriptions/00000000-0000-0000-0000-000000000000/locations/australiacentral"}]}},{"id":"/subscriptions/00000000-0000-0000-0000-000000000000/locations/australiacentral2","name":"australiacentral2","displayName":"Australia
        Central 2","regionalDisplayName":"(Asia Pacific) Australia Central 2","metadata":{"regionType":"Physical","regionCategory":"Other","geographyGroup":"Asia
        Pacific","longitude":"149.1244","latitude":"-35.3075","physicalLocation":"Canberra","pairedRegion":[{"name":"australiacentral2","id":"/subscriptions/00000000-0000-0000-0000-000000000000/locations/australiacentral2"}]}},{"id":"/subscriptions/00000000-0000-0000-0000-000000000000/locations/australiasoutheast","name":"australiasoutheast","displayName":"Australia
        Southeast","regionalDisplayName":"(Asia Pacific) Australia Southeast","metadata":{"regionType":"Physical","regionCategory":"Other","geographyGroup":"Asia
        Pacific","longitude":"144.9631","latitude":"-37.8136","physicalLocation":"Victoria","pairedRegion":[{"name":"australiaeast","id":"/subscriptions/00000000-0000-0000-0000-000000000000/locations/australiaeast"}]}},{"id":"/subscriptions/00000000-0000-0000-0000-000000000000/locations/japanwest","name":"japanwest","displayName":"Japan
        West","regionalDisplayName":"(Asia Pacific) Japan West","metadata":{"regionType":"Physical","regionCategory":"Other","geographyGroup":"Asia
        Pacific","longitude":"135.5022","latitude":"34.6939","physicalLocation":"Osaka","pairedRegion":[{"name":"japaneast","id":"/subscriptions/00000000-0000-0000-0000-000000000000/locations/japaneast"}]}},{"id":"/subscriptions/00000000-0000-0000-0000-000000000000/locations/koreasouth","name":"koreasouth","displayName":"Korea
        South","regionalDisplayName":"(Asia Pacific) Korea South","metadata":{"regionType":"Physical","regionCategory":"Other","geographyGroup":"Asia
        Pacific","longitude":"129.0756","latitude":"35.1796","physicalLocation":"Busan","pairedRegion":[{"name":"koreacentral","id":"/subscriptions/00000000-0000-0000-0000-000000000000/locations/koreacentral"}]}},{"id":"/subscriptions/00000000-0000-0000-0000-000000000000/locations/southindia","name":"southindia","displayName":"South
        India","regionalDisplayName":"(Asia Pacific) South India","metadata":{"regionType":"Physical","regionCategory":"Other","geographyGroup":"Asia
        Pacific","longitude":"80.1636","latitude":"12.9822","physicalLocation":"Chennai","pairedRegion":[{"name":"centralindia","id":"/subscriptions/00000000-0000-0000-0000-000000000000/locations/centralindia"}]}},{"id":"/subscriptions/00000000-0000-0000-0000-000000000000/locations/westindia","name":"westindia","displayName":"West
        India","regionalDisplayName":"(Asia Pacific) West India","metadata":{"regionType":"Physical","regionCategory":"Other","geographyGroup":"Asia
        Pacific","longitude":"72.868","latitude":"19.088","physicalLocation":"Mumbai","pairedRegion":[{"name":"southindia","id":"/subscriptions/00000000-0000-0000-0000-000000000000/locations/southindia"}]}},{"id":"/subscriptions/00000000-0000-0000-0000-000000000000/locations/canadaeast","name":"canadaeast","displayName":"Canada
        East","regionalDisplayName":"(Canada) Canada East","metadata":{"regionType":"Physical","regionCategory":"Other","geographyGroup":"Canada","longitude":"-71.217","latitude":"46.817","physicalLocation":"Quebec","pairedRegion":[{"name":"canadacentral","id":"/subscriptions/00000000-0000-0000-0000-000000000000/locations/canadacentral"}]}},{"id":"/subscriptions/00000000-0000-0000-0000-000000000000/locations/francesouth","name":"francesouth","displayName":"France
        South","regionalDisplayName":"(Europe) France South","metadata":{"regionType":"Physical","regionCategory":"Other","geographyGroup":"Europe","longitude":"2.1972","latitude":"43.8345","physicalLocation":"Marseille","pairedRegion":[{"name":"francecentral","id":"/subscriptions/00000000-0000-0000-0000-000000000000/locations/francecentral"}]}},{"id":"/subscriptions/00000000-0000-0000-0000-000000000000/locations/germanynorth","name":"germanynorth","displayName":"Germany
        North","regionalDisplayName":"(Europe) Germany North","metadata":{"regionType":"Physical","regionCategory":"Other","geographyGroup":"Europe","longitude":"8.806422","latitude":"53.073635","physicalLocation":"Berlin","pairedRegion":[{"name":"germanywestcentral","id":"/subscriptions/00000000-0000-0000-0000-000000000000/locations/germanywestcentral"}]}},{"id":"/subscriptions/00000000-0000-0000-0000-000000000000/locations/norwaywest","name":"norwaywest","displayName":"Norway
        West","regionalDisplayName":"(Europe) Norway West","metadata":{"regionType":"Physical","regionCategory":"Other","geographyGroup":"Europe","longitude":"5.733107","latitude":"58.969975","physicalLocation":"Norway","pairedRegion":[{"name":"norwayeast","id":"/subscriptions/00000000-0000-0000-0000-000000000000/locations/norwayeast"}]}},{"id":"/subscriptions/00000000-0000-0000-0000-000000000000/locations/switzerlandwest","name":"switzerlandwest","displayName":"Switzerland
        West","regionalDisplayName":"(Europe) Switzerland West","metadata":{"regionType":"Physical","regionCategory":"Other","geographyGroup":"Europe","longitude":"6.143158","latitude":"46.204391","physicalLocation":"Geneva","pairedRegion":[{"name":"switzerlandnorth","id":"/subscriptions/00000000-0000-0000-0000-000000000000/locations/switzerlandnorth"}]}},{"id":"/subscriptions/00000000-0000-0000-0000-000000000000/locations/ukwest","name":"ukwest","displayName":"UK
        West","regionalDisplayName":"(Europe) UK West","metadata":{"regionType":"Physical","regionCategory":"Other","geographyGroup":"Europe","longitude":"-3.084","latitude":"53.427","physicalLocation":"Cardiff","pairedRegion":[{"name":"uksouth","id":"/subscriptions/00000000-0000-0000-0000-000000000000/locations/uksouth"}]}},{"id":"/subscriptions/00000000-0000-0000-0000-000000000000/locations/uaecentral","name":"uaecentral","displayName":"UAE
        Central","regionalDisplayName":"(Middle East) UAE Central","metadata":{"regionType":"Physical","regionCategory":"Other","geographyGroup":"Middle
        East","longitude":"54.366669","latitude":"24.466667","physicalLocation":"Abu
        Dhabi","pairedRegion":[{"name":"uaenorth","id":"/subscriptions/00000000-0000-0000-0000-000000000000/locations/uaenorth"}]}}]}'
    headers:
      cache-control:
      - no-cache
      content-length:
      - '24609'
      content-type:
      - application/json; charset=utf-8
      date:
      - Mon, 20 Jul 2020 02:30:33 GMT
      expires:
      - '-1'
      pragma:
      - no-cache
      strict-transport-security:
      - max-age=31536000; includeSubDomains
      vary:
      - Accept-Encoding
      x-content-type-options:
      - nosniff
    status:
      code: 200
      message: OK
- request:
    body: 'b''{"location": "westus", "tags": {}, "properties": {"source": {"type":
      "ManagedImage", "imageId": "/subscriptions/00000000-0000-0000-0000-000000000000/resourceGroups/img_tmpl_managed000001/providers/Microsoft.Compute/images/img_1"},
      "customize": [{"name": "customizeScript.sh", "type": "Shell", "scriptUri": "https://raw.githubusercontent.com/danielsollondon/azvmimagebuilder/master/quickquickstarts/customizeScript.sh"}],
      "distribute": [{"runOutputName": "img_2", "type": "ManagedImage", "imageId":
      "/subscriptions/00000000-0000-0000-0000-000000000000/resourceGroups/img_tmpl_managed000001/providers/Microsoft.Compute/images/img_2",
      "location": "westus"}]}, "identity": {"type": "UserAssigned", "userAssignedIdentities":
      {"/subscriptions/00000000-0000-0000-0000-000000000000/resourceGroups/img_tmpl_managed000001/providers/Microsoft.ManagedIdentity/userAssignedIdentities/ide1":
      {}}}}'''
    headers:
      Accept:
      - application/json
      Accept-Encoding:
      - gzip, deflate
      CommandName:
      - image builder create
      Connection:
      - keep-alive
      Content-Length:
      - '1042'
      Content-Type:
      - application/json; charset=utf-8
      ParameterSetName:
      - -n -g --image-source --managed-image-destinations --scripts --identity
      User-Agent:
      - python/3.8.0 (Windows-10-10.0.19041-SP0) msrest/0.6.9 msrest_azure/0.6.3 azure-mgmt-imagebuilder/0.4.0
        Azure-SDK-For-Python AZURECLI/2.9.0
      accept-language:
      - en-US
    method: PUT
    uri: https://management.azure.com/subscriptions/00000000-0000-0000-0000-000000000000/resourceGroups/img_tmpl_managed000001/providers/Microsoft.VirtualMachineImages/imageTemplates/template02?api-version=2020-02-14
  response:
    body:
      string: "{\n \"properties\": {\n  \"source\": {\n   \"imageId\": \"/subscriptions/00000000-0000-0000-0000-000000000000/resourceGroups/img_tmpl_managed000001/providers/Microsoft.Compute/images/img_1\",\n
        \  \"type\": \"ManagedImage\"\n  },\n  \"customize\": [\n   {\n    \"name\":
        \"customizeScript.sh\",\n    \"scriptUri\": \"https://raw.githubusercontent.com/danielsollondon/azvmimagebuilder/master/quickquickstarts/customizeScript.sh\",\n
        \   \"type\": \"Shell\"\n   }\n  ],\n  \"distribute\": [\n   {\n    \"artifactTags\":
        {},\n    \"imageId\": \"/subscriptions/00000000-0000-0000-0000-000000000000/resourceGroups/img_tmpl_managed000001/providers/Microsoft.Compute/images/img_2\",\n
        \   \"location\": \"westus\",\n    \"runOutputName\": \"img_2\",\n    \"type\":
        \"ManagedImage\"\n   }\n  ],\n  \"provisioningState\": \"Creating\",\n  \"buildTimeoutInMinutes\":
        0\n },\n \"identity\": {\n  \"type\": \"UserAssigned\",\n  \"userAssignedIdentities\":
        {\n   \"/subscriptions/00000000-0000-0000-0000-000000000000/resourceGroups/img_tmpl_managed000001/providers/Microsoft.ManagedIdentity/userAssignedIdentities/ide1\":
        {}\n  }\n },\n \"id\": \"/subscriptions/00000000-0000-0000-0000-000000000000/resourcegroups/img_tmpl_managed000001/providers/Microsoft.VirtualMachineImages/imageTemplates/template02\",\n
        \"name\": \"template02\",\n \"type\": \"Microsoft.VirtualMachineImages/imageTemplates\",\n
        \"location\": \"westus\",\n \"tags\": {}\n}"
    headers:
      azure-asyncoperation:
      - https://management.azure.com/subscriptions/00000000-0000-0000-0000-000000000000/providers/Microsoft.VirtualMachineImages/locations/westus/operations/a1ea0bb7-03d6-4ea2-a101-a1154260020e?api-version=2020-02-14
      cache-control:
      - no-cache
      content-length:
      - '1523'
      content-type:
      - application/json
      date:
      - Mon, 20 Jul 2020 02:30:42 GMT
      expires:
      - '-1'
      pragma:
      - no-cache
      server:
      - nginx
      strict-transport-security:
      - max-age=31536000; includeSubDomains
      x-content-type-options:
      - nosniff
      x-ms-ratelimit-remaining-subscription-writes:
      - '1185'
    status:
      code: 201
      message: Created
- request:
    body: null
    headers:
      Accept:
      - application/json
      Accept-Encoding:
      - gzip, deflate
      CommandName:
      - image builder create
      Connection:
      - keep-alive
      ParameterSetName:
      - -n -g --image-source --managed-image-destinations --scripts --identity
      User-Agent:
      - python/3.8.0 (Windows-10-10.0.19041-SP0) msrest/0.6.9 msrest_azure/0.6.3 azure-mgmt-imagebuilder/0.4.0
        Azure-SDK-For-Python AZURECLI/2.9.0
    method: GET
    uri: https://management.azure.com/subscriptions/00000000-0000-0000-0000-000000000000/providers/Microsoft.VirtualMachineImages/locations/westus/operations/a1ea0bb7-03d6-4ea2-a101-a1154260020e?api-version=2020-02-14
  response:
    body:
      string: "{\n \"name\": \"A1EA0BB7-03D6-4EA2-A101-A1154260020E\",\n \"status\":
        \"Succeeded\",\n \"startTime\": \"2020-07-20T02:30:40.894498Z\",\n \"endTime\":
        \"2020-07-20T02:31:11.4998864Z\"\n}"
    headers:
      cache-control:
      - no-cache
      content-length:
      - '164'
      content-type:
      - application/json
      date:
      - Mon, 20 Jul 2020 02:31:13 GMT
      expires:
      - '-1'
      pragma:
      - no-cache
      server:
      - nginx
      strict-transport-security:
      - max-age=31536000; includeSubDomains
      transfer-encoding:
      - chunked
      vary:
      - Accept-Encoding
      x-content-type-options:
      - nosniff
    status:
      code: 200
      message: OK
- request:
    body: null
    headers:
      Accept:
      - application/json
      Accept-Encoding:
      - gzip, deflate
      CommandName:
      - image builder create
      Connection:
      - keep-alive
      ParameterSetName:
      - -n -g --image-source --managed-image-destinations --scripts --identity
      User-Agent:
      - python/3.8.0 (Windows-10-10.0.19041-SP0) msrest/0.6.9 msrest_azure/0.6.3 azure-mgmt-imagebuilder/0.4.0
        Azure-SDK-For-Python AZURECLI/2.9.0
    method: GET
    uri: https://management.azure.com/subscriptions/00000000-0000-0000-0000-000000000000/resourceGroups/img_tmpl_managed000001/providers/Microsoft.VirtualMachineImages/imageTemplates/template02?api-version=2020-02-14
  response:
    body:
      string: "{\n \"properties\": {\n  \"source\": {\n   \"imageId\": \"/subscriptions/00000000-0000-0000-0000-000000000000/resourceGroups/img_tmpl_managed000001/providers/Microsoft.Compute/images/img_1\",\n
        \  \"type\": \"ManagedImage\"\n  },\n  \"customize\": [\n   {\n    \"name\":
        \"customizeScript.sh\",\n    \"scriptUri\": \"https://raw.githubusercontent.com/danielsollondon/azvmimagebuilder/master/quickquickstarts/customizeScript.sh\",\n
        \   \"sha256Checksum\": \"2c6ff6902a4a52deee69e8db26d0036a53388651008aaf31795bb20dabd21fd8\",\n
        \   \"type\": \"Shell\"\n   }\n  ],\n  \"distribute\": [\n   {\n    \"artifactTags\":
        {},\n    \"imageId\": \"/subscriptions/00000000-0000-0000-0000-000000000000/resourceGroups/img_tmpl_managed000001/providers/Microsoft.Compute/images/img_2\",\n
        \   \"location\": \"westus\",\n    \"runOutputName\": \"img_2\",\n    \"type\":
        \"ManagedImage\"\n   }\n  ],\n  \"provisioningState\": \"Succeeded\",\n  \"buildTimeoutInMinutes\":
        0\n },\n \"identity\": {\n  \"type\": \"UserAssigned\",\n  \"userAssignedIdentities\":
        {\n   \"/subscriptions/00000000-0000-0000-0000-000000000000/resourceGroups/img_tmpl_managed000001/providers/Microsoft.ManagedIdentity/userAssignedIdentities/ide1\":
        {\n    \"principalId\": \"43f5ab76-02af-49d6-9f4f-54ee665172a6\",\n    \"clientId\":
        \"32918dc9-1c8a-4fd8-8b20-3a9b3dd7d097\"\n   }\n  }\n },\n \"id\": \"/subscriptions/00000000-0000-0000-0000-000000000000/resourcegroups/img_tmpl_managed000001/providers/Microsoft.VirtualMachineImages/imageTemplates/template02\",\n
        \"name\": \"template02\",\n \"type\": \"Microsoft.VirtualMachineImages/imageTemplates\",\n
        \"location\": \"westus\",\n \"tags\": {}\n}"
    headers:
      cache-control:
      - no-cache
      content-length:
      - '1732'
      content-type:
      - application/json
      date:
      - Mon, 20 Jul 2020 02:31:14 GMT
      expires:
      - '-1'
      pragma:
      - no-cache
      server:
      - nginx
      strict-transport-security:
      - max-age=31536000; includeSubDomains
      transfer-encoding:
      - chunked
      vary:
      - Accept-Encoding
      x-content-type-options:
      - nosniff
    status:
      code: 200
      message: OK
version: 1
