interactions:
- request:
    body: null
    headers:
      Accept:
      - application/json
      Accept-Encoding:
      - gzip, deflate
      CommandName:
      - vm create
      Connection:
      - keep-alive
      ParameterSetName:
      - -g -n --admin-username --image --admin-password --authentication-type --use-unmanaged-disk
        --nsg-rule
      User-Agent:
      - AZURECLI/2.37.0 azsdk-python-azure-mgmt-resource/21.1.0b1 Python/3.10.0 (Windows-10-10.0.19043-SP0)
    method: GET
    uri: https://management.azure.com/subscriptions/00000000-0000-0000-0000-000000000000/resourcegroups/cli_test_generalize_vm_debian000001?api-version=2021-04-01
  response:
    body:
      string: '{"id":"/subscriptions/00000000-0000-0000-0000-000000000000/resourceGroups/cli_test_generalize_vm_debian000001","name":"cli_test_generalize_vm_debian000001","type":"Microsoft.Resources/resourceGroups","location":"westus","tags":{"product":"azurecli","cause":"automation","date":"2022-06-21T03:00:13Z"},"properties":{"provisioningState":"Succeeded"}}'
    headers:
      cache-control:
      - no-cache
      content-length:
      - '348'
      content-type:
      - application/json; charset=utf-8
      date:
      - Tue, 21 Jun 2022 03:00:22 GMT
      expires:
      - '-1'
      pragma:
      - no-cache
      strict-transport-security:
      - max-age=31536000; includeSubDomains
      vary:
      - Accept-Encoding
      x-content-type-options:
      - nosniff
    status:
      code: 200
      message: OK
- request:
    body: null
    headers:
      Accept:
      - '*/*'
      Accept-Encoding:
      - gzip, deflate
      Connection:
      - keep-alive
      User-Agent:
      - python-requests/2.26.0
    method: GET
    uri: https://raw.githubusercontent.com/Azure/azure-rest-api-specs/main/arm-compute/quickstart-templates/aliases.json
  response:
    body:
      string: "{\n  \"$schema\": \"http://schema.management.azure.com/schemas/2015-01-01/deploymentTemplate.json\",\n
        \ \"contentVersion\": \"1.0.0.0\",\n  \"parameters\": {},\n  \"variables\":
        {},\n  \"resources\": [],\n  \"outputs\": {\n    \"aliases\": {\n      \"type\":
        \"object\",\n      \"value\": {\n        \"Linux\": {\n          \"CentOS\":
        {\n            \"publisher\": \"OpenLogic\",\n            \"offer\": \"CentOS\",\n
        \           \"sku\": \"7.5\",\n            \"version\": \"latest\",\n            \"architecture\":
        \"x64\"\n          },\n          \"Debian\": {\n            \"publisher\":
        \"Debian\",\n            \"offer\": \"debian-10\",\n            \"sku\": \"10\",\n
        \           \"version\": \"latest\",\n            \"architecture\": \"x64\"\n
        \         },\n          \"Flatcar\": {\n            \"publisher\": \"kinvolk\",\n
        \           \"offer\": \"flatcar-container-linux-free\",\n            \"sku\":
        \"stable\",\n            \"version\": \"latest\",\n            \"architecture\":
        \"x64\"\n          },\n          \"openSUSE-Leap\": {\n            \"publisher\":
        \"SUSE\",\n            \"offer\": \"opensuse-leap-15-3\",\n            \"sku\":
        \"gen2\",\n            \"version\": \"latest\",\n            \"architecture\":
        \"x64\"\n          },\n          \"RHEL\": {\n            \"publisher\": \"RedHat\",\n
        \           \"offer\": \"RHEL\",\n            \"sku\": \"7-LVM\",\n            \"version\":
        \"latest\",\n            \"architecture\": \"x64\"\n          },\n          \"SLES\":
        {\n            \"publisher\": \"SUSE\",\n            \"offer\": \"sles-15-sp3\",\n
        \           \"sku\": \"gen2\",\n            \"version\": \"latest\",\n            \"architecture\":
        \"x64\"\n          },\n          \"UbuntuLTS\": {\n            \"publisher\":
        \"Canonical\",\n            \"offer\": \"UbuntuServer\",\n            \"sku\":
        \"18.04-LTS\",\n            \"version\": \"latest\",\n            \"architecture\":
        \"x64\"\n          }\n        },\n        \"Windows\": {\n          \"Win2022Datacenter\":
        {\n            \"publisher\": \"MicrosoftWindowsServer\",\n            \"offer\":
        \"WindowsServer\",\n            \"sku\": \"2022-Datacenter\",\n            \"version\":
        \"latest\",\n            \"architecture\": \"x64\"\n          },\n          \"Win2022AzureEditionCore\":
        {\n            \"publisher\": \"MicrosoftWindowsServer\",\n            \"offer\":
        \"WindowsServer\",\n            \"sku\": \"2022-datacenter-azure-edition-core\",\n
        \           \"version\": \"latest\",\n            \"architecture\": \"x64\"\n
        \         },\n          \"Win2019Datacenter\": {\n            \"publisher\":
        \"MicrosoftWindowsServer\",\n            \"offer\": \"WindowsServer\",\n            \"sku\":
        \"2019-Datacenter\",\n            \"version\": \"latest\",\n            \"architecture\":
        \"x64\"\n          },\n          \"Win2016Datacenter\": {\n            \"publisher\":
        \"MicrosoftWindowsServer\",\n            \"offer\": \"WindowsServer\",\n            \"sku\":
        \"2016-Datacenter\",\n            \"version\": \"latest\",\n            \"architecture\":
        \"x64\"\n          },\n          \"Win2012R2Datacenter\": {\n            \"publisher\":
        \"MicrosoftWindowsServer\",\n            \"offer\": \"WindowsServer\",\n            \"sku\":
        \"2012-R2-Datacenter\",\n            \"version\": \"latest\",\n            \"architecture\":
        \"x64\"\n          },\n          \"Win2012Datacenter\": {\n            \"publisher\":
        \"MicrosoftWindowsServer\",\n            \"offer\": \"WindowsServer\",\n            \"sku\":
        \"2012-Datacenter\",\n            \"version\": \"latest\",\n            \"architecture\":
        \"x64\"\n          },\n          \"Win2008R2SP1\": {\n            \"publisher\":
        \"MicrosoftWindowsServer\",\n            \"offer\": \"WindowsServer\",\n            \"sku\":
        \"2008-R2-SP1\",\n            \"version\": \"latest\",\n            \"architecture\":
        \"x64\"\n          }\n        }\n      }\n    }\n  }\n}"
    headers:
      accept-ranges:
      - bytes
      access-control-allow-origin:
      - '*'
      cache-control:
      - max-age=300
      connection:
      - keep-alive
      content-length:
      - '3463'
      content-security-policy:
      - default-src 'none'; style-src 'unsafe-inline'; sandbox
      content-type:
      - text/plain; charset=utf-8
      date:
      - Tue, 21 Jun 2022 03:00:22 GMT
      etag:
      - W/"41b202f4dc5098d126019dc00721a4c5e30df0c5196794514fadc3710ee2a5cb"
      expires:
      - Tue, 21 Jun 2022 03:05:22 GMT
      source-age:
      - '125'
      strict-transport-security:
      - max-age=31536000
      vary:
      - Authorization,Accept-Encoding,Origin
      via:
      - 1.1 varnish
      x-cache:
      - HIT
      x-cache-hits:
      - '1'
      x-content-type-options:
      - nosniff
      x-fastly-request-id:
      - a908fa7520ede8342e9a857738070bb82dfc8908
      x-frame-options:
      - deny
      x-github-request-id:
      - 7210:7535:303576:54C445:62B08E72
      x-served-by:
      - cache-qpg1238-QPG
      x-timer:
      - S1655780423.952905,VS0,VE1
      x-xss-protection:
      - 1; mode=block
    status:
      code: 200
      message: OK
- request:
    body: null
    headers:
      Accept:
      - application/json
      Accept-Encoding:
      - gzip, deflate
      CommandName:
      - vm create
      Connection:
      - keep-alive
      ParameterSetName:
      - -g -n --admin-username --image --admin-password --authentication-type --use-unmanaged-disk
        --nsg-rule
      User-Agent:
      - AZURECLI/2.37.0 azsdk-python-azure-mgmt-compute/27.0.0 Python/3.10.0 (Windows-10-10.0.19043-SP0)
    method: GET
    uri: https://management.azure.com/subscriptions/00000000-0000-0000-0000-000000000000/providers/Microsoft.Compute/locations/westus/publishers/Debian/artifacttypes/vmimage/offers/debian-10/skus/10/versions?$top=1&$orderby=name%20desc&api-version=2022-03-01
  response:
    body:
      string: "[\r\n  {\r\n    \"location\": \"westus\",\r\n    \"name\": \"0.20220328.962\",\r\n
        \   \"id\": \"/Subscriptions/00000000-0000-0000-0000-000000000000/Providers/Microsoft.Compute/Locations/westus/Publishers/Debian/ArtifactTypes/VMImage/Offers/debian-10/Skus/10/Versions/0.20220328.962\"\r\n
        \ }\r\n]"
    headers:
      cache-control:
      - no-cache
      content-length:
      - '271'
      content-type:
      - application/json; charset=utf-8
      date:
      - Tue, 21 Jun 2022 03:00:23 GMT
      expires:
      - '-1'
      pragma:
      - no-cache
      server:
      - Microsoft-HTTPAPI/2.0
      - Microsoft-HTTPAPI/2.0
      strict-transport-security:
      - max-age=31536000; includeSubDomains
      transfer-encoding:
      - chunked
      vary:
      - Accept-Encoding
      x-content-type-options:
      - nosniff
      x-ms-ratelimit-remaining-resource:
      - Microsoft.Compute/ListVMImagesVersionsFromLocation3Min;15997,Microsoft.Compute/ListVMImagesVersionsFromLocation30Min;43997
    status:
      code: 200
      message: OK
- request:
    body: null
    headers:
      Accept:
      - application/json
      Accept-Encoding:
      - gzip, deflate
      CommandName:
      - vm create
      Connection:
      - keep-alive
      ParameterSetName:
      - -g -n --admin-username --image --admin-password --authentication-type --use-unmanaged-disk
        --nsg-rule
      User-Agent:
      - AZURECLI/2.37.0 azsdk-python-azure-mgmt-compute/27.0.0 Python/3.10.0 (Windows-10-10.0.19043-SP0)
    method: GET
    uri: https://management.azure.com/subscriptions/00000000-0000-0000-0000-000000000000/providers/Microsoft.Compute/locations/westus/publishers/Debian/artifacttypes/vmimage/offers/debian-10/skus/10/versions/0.20220328.962?api-version=2022-03-01
  response:
    body:
      string: "{\r\n  \"properties\": {\r\n    \"hyperVGeneration\": \"V1\",\r\n    \"architecture\":
        \"x64\",\r\n    \"replicaType\": \"Unmanaged\",\r\n    \"disallowed\": {\r\n
        \     \"vmDiskType\": \"None\"\r\n    },\r\n    \"automaticOSUpgradeProperties\":
        {\r\n      \"automaticOSUpgradeSupported\": false\r\n    },\r\n    \"imageDeprecationStatus\":
        {\r\n      \"imageState\": \"Active\"\r\n    },\r\n    \"features\": [\r\n
        \     {\r\n        \"name\": \"IsAcceleratedNetworkSupported\",\r\n        \"value\":
        \"True\"\r\n      }\r\n    ],\r\n    \"osDiskImage\": {\r\n      \"operatingSystem\":
        \"Linux\",\r\n      \"sizeInGb\": 30,\r\n      \"sizeInBytes\": 32212255232\r\n
        \   },\r\n    \"dataDiskImages\": []\r\n  },\r\n  \"location\": \"westus\",\r\n
        \ \"name\": \"0.20220328.962\",\r\n  \"id\": \"/Subscriptions/00000000-0000-0000-0000-000000000000/Providers/Microsoft.Compute/Locations/westus/Publishers/Debian/ArtifactTypes/VMImage/Offers/debian-10/Skus/10/Versions/0.20220328.962\"\r\n}"
    headers:
      cache-control:
      - no-cache
      content-length:
      - '859'
      content-type:
      - application/json; charset=utf-8
      date:
      - Tue, 21 Jun 2022 03:00:25 GMT
      expires:
      - '-1'
      pragma:
      - no-cache
      server:
      - Microsoft-HTTPAPI/2.0
      - Microsoft-HTTPAPI/2.0
      strict-transport-security:
      - max-age=31536000; includeSubDomains
      transfer-encoding:
      - chunked
      vary:
      - Accept-Encoding
      x-content-type-options:
      - nosniff
      x-ms-ratelimit-remaining-resource:
      - Microsoft.Compute/GetVMImageFromLocation3Min;12997,Microsoft.Compute/GetVMImageFromLocation30Min;73997
    status:
      code: 200
      message: OK
- request:
    body: null
    headers:
      Accept:
      - application/json
      Accept-Encoding:
      - gzip, deflate
      CommandName:
      - vm create
      Connection:
      - keep-alive
      ParameterSetName:
      - -g -n --admin-username --image --admin-password --authentication-type --use-unmanaged-disk
        --nsg-rule
      User-Agent:
      - AZURECLI/2.37.0 azsdk-python-azure-mgmt-storage/20.0.0 Python/3.10.0 (Windows-10-10.0.19043-SP0)
    method: GET
    uri: https://management.azure.com/subscriptions/00000000-0000-0000-0000-000000000000/resourceGroups/cli_test_generalize_vm_debian000001/providers/Microsoft.Storage/storageAccounts?api-version=2021-09-01
  response:
    body:
      string: '{"value":[]}'
    headers:
      cache-control:
      - no-cache
      content-length:
      - '12'
      content-type:
      - application/json; charset=utf-8
      date:
      - Tue, 21 Jun 2022 03:00:26 GMT
      expires:
      - '-1'
      pragma:
      - no-cache
      strict-transport-security:
      - max-age=31536000; includeSubDomains
      vary:
      - Accept-Encoding
      x-content-type-options:
      - nosniff
    status:
      code: 200
      message: OK
- request:
    body: null
    headers:
      Accept:
      - application/json, text/json
      Accept-Encoding:
      - gzip, deflate
      CommandName:
      - vm create
      Connection:
      - keep-alive
      ParameterSetName:
      - -g -n --admin-username --image --admin-password --authentication-type --use-unmanaged-disk
        --nsg-rule
      User-Agent:
      - AZURECLI/2.37.0 azsdk-python-azure-mgmt-network/20.0.0 Python/3.10.0 (Windows-10-10.0.19043-SP0)
    method: GET
    uri: https://management.azure.com/subscriptions/00000000-0000-0000-0000-000000000000/resourceGroups/cli_test_generalize_vm_debian000001/providers/Microsoft.Network/virtualNetworks?api-version=2018-01-01
  response:
    body:
      string: '{"value":[]}'
    headers:
      cache-control:
      - no-cache
      content-length:
      - '12'
      content-type:
      - application/json; charset=utf-8
      date:
      - Tue, 21 Jun 2022 03:00:26 GMT
      expires:
      - '-1'
      pragma:
      - no-cache
      strict-transport-security:
      - max-age=31536000; includeSubDomains
      vary:
      - Accept-Encoding
      x-content-type-options:
      - nosniff
    status:
      code: 200
      message: OK
- request:
    body: '{"properties": {"template": {"$schema": "https://schema.management.azure.com/schemas/2015-01-01/deploymentTemplate.json#",
      "contentVersion": "1.0.0.0", "parameters": {"adminPassword": {"type": "securestring",
      "metadata": {"description": "Secure adminPassword"}}}, "variables": {}, "resources":
      [{"type": "Microsoft.Storage/storageAccounts", "name": "vhdstorage7cb32535c18ee4",
      "apiVersion": "2015-06-15", "location": "westus", "tags": {}, "dependsOn": [],
      "properties": {"accountType": "Premium_LRS"}}, {"name": "vm-generalizeVNET",
      "type": "Microsoft.Network/virtualNetworks", "location": "westus", "apiVersion":
      "2015-06-15", "dependsOn": [], "tags": {}, "properties": {"addressSpace": {"addressPrefixes":
      ["10.0.0.0/16"]}, "subnets": [{"name": "vm-generalizeSubnet", "properties":
      {"addressPrefix": "10.0.0.0/24"}}]}}, {"type": "Microsoft.Network/networkSecurityGroups",
      "name": "vm-generalizeNSG", "apiVersion": "2015-06-15", "location": "westus",
      "tags": {}, "dependsOn": []}, {"apiVersion": "2018-01-01", "type": "Microsoft.Network/publicIPAddresses",
      "name": "vm-generalizePublicIP", "location": "westus", "tags": {}, "dependsOn":
      [], "properties": {"publicIPAllocationMethod": null}}, {"apiVersion": "2015-06-15",
      "type": "Microsoft.Network/networkInterfaces", "name": "vm-generalizeVMNic",
      "location": "westus", "tags": {}, "dependsOn": ["Microsoft.Network/virtualNetworks/vm-generalizeVNET",
      "Microsoft.Network/networkSecurityGroups/vm-generalizeNSG", "Microsoft.Network/publicIpAddresses/vm-generalizePublicIP"],
      "properties": {"ipConfigurations": [{"name": "ipconfigvm-generalize", "properties":
      {"privateIPAllocationMethod": "Dynamic", "subnet": {"id": "/subscriptions/00000000-0000-0000-0000-000000000000/resourceGroups/cli_test_generalize_vm_debian000001/providers/Microsoft.Network/virtualNetworks/vm-generalizeVNET/subnets/vm-generalizeSubnet"},
      "publicIPAddress": {"id": "/subscriptions/00000000-0000-0000-0000-000000000000/resourceGroups/cli_test_generalize_vm_debian000001/providers/Microsoft.Network/publicIPAddresses/vm-generalizePublicIP"}}}],
      "networkSecurityGroup": {"id": "/subscriptions/00000000-0000-0000-0000-000000000000/resourceGroups/cli_test_generalize_vm_debian000001/providers/Microsoft.Network/networkSecurityGroups/vm-generalizeNSG"}}},
      {"apiVersion": "2022-03-01", "type": "Microsoft.Compute/virtualMachines", "name":
      "vm-generalize", "location": "westus", "tags": {}, "dependsOn": ["Microsoft.Storage/storageAccounts/vhdstorage7cb32535c18ee4",
      "Microsoft.Network/networkInterfaces/vm-generalizeVMNic"], "properties": {"hardwareProfile":
      {"vmSize": "Standard_DS1_v2"}, "networkProfile": {"networkInterfaces": [{"id":
      "/subscriptions/00000000-0000-0000-0000-000000000000/resourceGroups/cli_test_generalize_vm_debian000001/providers/Microsoft.Network/networkInterfaces/vm-generalizeVMNic",
      "properties": {"deleteOption": null}}]}, "storageProfile": {"osDisk": {"createOption":
      "fromImage", "name": "osdisk_7cb32535c1", "caching": "ReadWrite", "vhd": {"uri":
      "https://vhdstorage7cb32535c18ee4.blob.core.windows.net/vhds/osdisk_7cb32535c1.vhd"}},
      "imageReference": {"publisher": "Debian", "offer": "debian-10", "sku": "10",
      "version": "latest"}}, "osProfile": {"computerName": "vm-generalize", "adminUsername":
      "debian", "adminPassword": "[parameters(''adminPassword'')]"}}}], "outputs":
      {}}, "parameters": {"adminPassword": {"value": "testPassword0"}}, "mode": "incremental"}}'
    headers:
      Accept:
      - application/json
      Accept-Encoding:
      - gzip, deflate
      CommandName:
      - vm create
      Connection:
      - keep-alive
      Content-Length:
      - '3409'
      Content-Type:
      - application/json
      ParameterSetName:
      - -g -n --admin-username --image --admin-password --authentication-type --use-unmanaged-disk
        --nsg-rule
      User-Agent:
      - AZURECLI/2.37.0 azsdk-python-azure-mgmt-resource/21.1.0b1 Python/3.10.0 (Windows-10-10.0.19043-SP0)
    method: PUT
    uri: https://management.azure.com/subscriptions/00000000-0000-0000-0000-000000000000/resourcegroups/cli_test_generalize_vm_debian000001/providers/Microsoft.Resources/deployments/mock-deployment?api-version=2021-04-01
  response:
    body:
      string: '{"id":"/subscriptions/00000000-0000-0000-0000-000000000000/resourceGroups/cli_test_generalize_vm_debian000001/providers/Microsoft.Resources/deployments/vm_deploy_RRjGx1aVIE1D5ojsYIiX86elxI9TfkCm","name":"vm_deploy_RRjGx1aVIE1D5ojsYIiX86elxI9TfkCm","type":"Microsoft.Resources/deployments","properties":{"templateHash":"6969972915566660267","parameters":{"adminPassword":{"type":"SecureString"}},"mode":"Incremental","provisioningState":"Accepted","timestamp":"2022-06-21T03:00:32.5274217Z","duration":"PT0.0007298S","correlationId":"dd616dec-85f3-4f5e-b7d9-2531cbf296d0","providers":[{"namespace":"Microsoft.Storage","resourceTypes":[{"resourceType":"storageAccounts","locations":["westus"]}]},{"namespace":"Microsoft.Network","resourceTypes":[{"resourceType":"virtualNetworks","locations":["westus"]},{"resourceType":"networkSecurityGroups","locations":["westus"]},{"resourceType":"publicIPAddresses","locations":["westus"]},{"resourceType":"networkInterfaces","locations":["westus"]}]},{"namespace":"Microsoft.Compute","resourceTypes":[{"resourceType":"virtualMachines","locations":["westus"]}]}],"dependencies":[{"dependsOn":[{"id":"/subscriptions/00000000-0000-0000-0000-000000000000/resourceGroups/cli_test_generalize_vm_debian000001/providers/Microsoft.Network/virtualNetworks/vm-generalizeVNET","resourceType":"Microsoft.Network/virtualNetworks","resourceName":"vm-generalizeVNET"},{"id":"/subscriptions/00000000-0000-0000-0000-000000000000/resourceGroups/cli_test_generalize_vm_debian000001/providers/Microsoft.Network/networkSecurityGroups/vm-generalizeNSG","resourceType":"Microsoft.Network/networkSecurityGroups","resourceName":"vm-generalizeNSG"},{"id":"/subscriptions/00000000-0000-0000-0000-000000000000/resourceGroups/cli_test_generalize_vm_debian000001/providers/Microsoft.Network/publicIPAddresses/vm-generalizePublicIP","resourceType":"Microsoft.Network/publicIPAddresses","resourceName":"vm-generalizePublicIP"}],"id":"/subscriptions/00000000-0000-0000-0000-000000000000/resourceGroups/cli_test_generalize_vm_debian000001/providers/Microsoft.Network/networkInterfaces/vm-generalizeVMNic","resourceType":"Microsoft.Network/networkInterfaces","resourceName":"vm-generalizeVMNic"},{"dependsOn":[{"id":"/subscriptions/00000000-0000-0000-0000-000000000000/resourceGroups/cli_test_generalize_vm_debian000001/providers/Microsoft.Storage/storageAccounts/vhdstorage7cb32535c18ee4","resourceType":"Microsoft.Storage/storageAccounts","resourceName":"vhdstorage7cb32535c18ee4"},{"id":"/subscriptions/00000000-0000-0000-0000-000000000000/resourceGroups/cli_test_generalize_vm_debian000001/providers/Microsoft.Network/networkInterfaces/vm-generalizeVMNic","resourceType":"Microsoft.Network/networkInterfaces","resourceName":"vm-generalizeVMNic"}],"id":"/subscriptions/00000000-0000-0000-0000-000000000000/resourceGroups/cli_test_generalize_vm_debian000001/providers/Microsoft.Compute/virtualMachines/vm-generalize","resourceType":"Microsoft.Compute/virtualMachines","resourceName":"vm-generalize"}]}}'
    headers:
      azure-asyncoperation:
      - https://management.azure.com/subscriptions/00000000-0000-0000-0000-000000000000/resourcegroups/cli_test_generalize_vm_debian000001/providers/Microsoft.Resources/deployments/vm_deploy_RRjGx1aVIE1D5ojsYIiX86elxI9TfkCm/operationStatuses/08585458264562043256?api-version=2021-04-01
      cache-control:
      - no-cache
      content-length:
      - '3005'
      content-type:
      - application/json; charset=utf-8
      date:
      - Tue, 21 Jun 2022 03:00:33 GMT
      expires:
      - '-1'
      pragma:
      - no-cache
      strict-transport-security:
      - max-age=31536000; includeSubDomains
      x-content-type-options:
      - nosniff
      x-ms-ratelimit-remaining-subscription-writes:
      - '1197'
    status:
      code: 201
      message: Created
- request:
    body: null
    headers:
      Accept:
      - '*/*'
      Accept-Encoding:
      - gzip, deflate
      CommandName:
      - vm create
      Connection:
      - keep-alive
      ParameterSetName:
      - -g -n --admin-username --image --admin-password --authentication-type --use-unmanaged-disk
        --nsg-rule
      User-Agent:
      - AZURECLI/2.37.0 azsdk-python-azure-mgmt-resource/21.1.0b1 Python/3.10.0 (Windows-10-10.0.19043-SP0)
    method: GET
    uri: https://management.azure.com/subscriptions/00000000-0000-0000-0000-000000000000/resourcegroups/cli_test_generalize_vm_debian000001/providers/Microsoft.Resources/deployments/mock-deployment/operationStatuses/08585458264562043256?api-version=2021-04-01
  response:
    body:
      string: '{"status":"Running"}'
    headers:
      cache-control:
      - no-cache
      content-length:
      - '20'
      content-type:
      - application/json; charset=utf-8
      date:
      - Tue, 21 Jun 2022 03:01:04 GMT
      expires:
      - '-1'
      pragma:
      - no-cache
      strict-transport-security:
      - max-age=31536000; includeSubDomains
      vary:
      - Accept-Encoding
      x-content-type-options:
      - nosniff
    status:
      code: 200
      message: OK
- request:
    body: null
    headers:
      Accept:
      - '*/*'
      Accept-Encoding:
      - gzip, deflate
      CommandName:
      - vm create
      Connection:
      - keep-alive
      ParameterSetName:
      - -g -n --admin-username --image --admin-password --authentication-type --use-unmanaged-disk
        --nsg-rule
      User-Agent:
      - AZURECLI/2.37.0 azsdk-python-azure-mgmt-resource/21.1.0b1 Python/3.10.0 (Windows-10-10.0.19043-SP0)
    method: GET
    uri: https://management.azure.com/subscriptions/00000000-0000-0000-0000-000000000000/resourcegroups/cli_test_generalize_vm_debian000001/providers/Microsoft.Resources/deployments/mock-deployment/operationStatuses/08585458264562043256?api-version=2021-04-01
  response:
    body:
      string: '{"status":"Succeeded"}'
    headers:
      cache-control:
      - no-cache
      content-length:
      - '22'
      content-type:
      - application/json; charset=utf-8
      date:
      - Tue, 21 Jun 2022 03:01:35 GMT
      expires:
      - '-1'
      pragma:
      - no-cache
      strict-transport-security:
      - max-age=31536000; includeSubDomains
      vary:
      - Accept-Encoding
      x-content-type-options:
      - nosniff
    status:
      code: 200
      message: OK
- request:
    body: null
    headers:
      Accept:
      - '*/*'
      Accept-Encoding:
      - gzip, deflate
      CommandName:
      - vm create
      Connection:
      - keep-alive
      ParameterSetName:
      - -g -n --admin-username --image --admin-password --authentication-type --use-unmanaged-disk
        --nsg-rule
      User-Agent:
      - AZURECLI/2.37.0 azsdk-python-azure-mgmt-resource/21.1.0b1 Python/3.10.0 (Windows-10-10.0.19043-SP0)
    method: GET
    uri: https://management.azure.com/subscriptions/00000000-0000-0000-0000-000000000000/resourcegroups/cli_test_generalize_vm_debian000001/providers/Microsoft.Resources/deployments/mock-deployment?api-version=2021-04-01
  response:
    body:
      string: '{"id":"/subscriptions/00000000-0000-0000-0000-000000000000/resourceGroups/cli_test_generalize_vm_debian000001/providers/Microsoft.Resources/deployments/vm_deploy_RRjGx1aVIE1D5ojsYIiX86elxI9TfkCm","name":"vm_deploy_RRjGx1aVIE1D5ojsYIiX86elxI9TfkCm","type":"Microsoft.Resources/deployments","properties":{"templateHash":"6969972915566660267","parameters":{"adminPassword":{"type":"SecureString"}},"mode":"Incremental","provisioningState":"Succeeded","timestamp":"2022-06-21T03:01:33.1371692Z","duration":"PT1M0.6104773S","correlationId":"dd616dec-85f3-4f5e-b7d9-2531cbf296d0","providers":[{"namespace":"Microsoft.Storage","resourceTypes":[{"resourceType":"storageAccounts","locations":["westus"]}]},{"namespace":"Microsoft.Network","resourceTypes":[{"resourceType":"virtualNetworks","locations":["westus"]},{"resourceType":"networkSecurityGroups","locations":["westus"]},{"resourceType":"publicIPAddresses","locations":["westus"]},{"resourceType":"networkInterfaces","locations":["westus"]}]},{"namespace":"Microsoft.Compute","resourceTypes":[{"resourceType":"virtualMachines","locations":["westus"]}]}],"dependencies":[{"dependsOn":[{"id":"/subscriptions/00000000-0000-0000-0000-000000000000/resourceGroups/cli_test_generalize_vm_debian000001/providers/Microsoft.Network/virtualNetworks/vm-generalizeVNET","resourceType":"Microsoft.Network/virtualNetworks","resourceName":"vm-generalizeVNET"},{"id":"/subscriptions/00000000-0000-0000-0000-000000000000/resourceGroups/cli_test_generalize_vm_debian000001/providers/Microsoft.Network/networkSecurityGroups/vm-generalizeNSG","resourceType":"Microsoft.Network/networkSecurityGroups","resourceName":"vm-generalizeNSG"},{"id":"/subscriptions/00000000-0000-0000-0000-000000000000/resourceGroups/cli_test_generalize_vm_debian000001/providers/Microsoft.Network/publicIPAddresses/vm-generalizePublicIP","resourceType":"Microsoft.Network/publicIPAddresses","resourceName":"vm-generalizePublicIP"}],"id":"/subscriptions/00000000-0000-0000-0000-000000000000/resourceGroups/cli_test_generalize_vm_debian000001/providers/Microsoft.Network/networkInterfaces/vm-generalizeVMNic","resourceType":"Microsoft.Network/networkInterfaces","resourceName":"vm-generalizeVMNic"},{"dependsOn":[{"id":"/subscriptions/00000000-0000-0000-0000-000000000000/resourceGroups/cli_test_generalize_vm_debian000001/providers/Microsoft.Storage/storageAccounts/vhdstorage7cb32535c18ee4","resourceType":"Microsoft.Storage/storageAccounts","resourceName":"vhdstorage7cb32535c18ee4"},{"id":"/subscriptions/00000000-0000-0000-0000-000000000000/resourceGroups/cli_test_generalize_vm_debian000001/providers/Microsoft.Network/networkInterfaces/vm-generalizeVMNic","resourceType":"Microsoft.Network/networkInterfaces","resourceName":"vm-generalizeVMNic"}],"id":"/subscriptions/00000000-0000-0000-0000-000000000000/resourceGroups/cli_test_generalize_vm_debian000001/providers/Microsoft.Compute/virtualMachines/vm-generalize","resourceType":"Microsoft.Compute/virtualMachines","resourceName":"vm-generalize"}],"outputs":{},"outputResources":[{"id":"/subscriptions/00000000-0000-0000-0000-000000000000/resourceGroups/cli_test_generalize_vm_debian000001/providers/Microsoft.Compute/virtualMachines/vm-generalize"},{"id":"/subscriptions/00000000-0000-0000-0000-000000000000/resourceGroups/cli_test_generalize_vm_debian000001/providers/Microsoft.Network/networkInterfaces/vm-generalizeVMNic"},{"id":"/subscriptions/00000000-0000-0000-0000-000000000000/resourceGroups/cli_test_generalize_vm_debian000001/providers/Microsoft.Network/networkSecurityGroups/vm-generalizeNSG"},{"id":"/subscriptions/00000000-0000-0000-0000-000000000000/resourceGroups/cli_test_generalize_vm_debian000001/providers/Microsoft.Network/publicIPAddresses/vm-generalizePublicIP"},{"id":"/subscriptions/00000000-0000-0000-0000-000000000000/resourceGroups/cli_test_generalize_vm_debian000001/providers/Microsoft.Network/virtualNetworks/vm-generalizeVNET"},{"id":"/subscriptions/00000000-0000-0000-0000-000000000000/resourceGroups/cli_test_generalize_vm_debian000001/providers/Microsoft.Storage/storageAccounts/vhdstorage7cb32535c18ee4"}]}}'
    headers:
      cache-control:
      - no-cache
      content-length:
      - '4102'
      content-type:
      - application/json; charset=utf-8
      date:
      - Tue, 21 Jun 2022 03:01:35 GMT
      expires:
      - '-1'
      pragma:
      - no-cache
      strict-transport-security:
      - max-age=31536000; includeSubDomains
      vary:
      - Accept-Encoding
      x-content-type-options:
      - nosniff
    status:
      code: 200
      message: OK
- request:
    body: null
    headers:
      Accept:
      - application/json
      Accept-Encoding:
      - gzip, deflate
      CommandName:
      - vm create
      Connection:
      - keep-alive
      ParameterSetName:
      - -g -n --admin-username --image --admin-password --authentication-type --use-unmanaged-disk
        --nsg-rule
      User-Agent:
      - AZURECLI/2.37.0 azsdk-python-azure-mgmt-compute/27.0.0 Python/3.10.0 (Windows-10-10.0.19043-SP0)
    method: GET
    uri: https://management.azure.com/subscriptions/00000000-0000-0000-0000-000000000000/resourceGroups/cli_test_generalize_vm_debian000001/providers/Microsoft.Compute/virtualMachines/vm-generalize?$expand=instanceView&api-version=2022-03-01
  response:
    body:
      string: "{\r\n  \"name\": \"vm-generalize\",\r\n  \"id\": \"/subscriptions/00000000-0000-0000-0000-000000000000/resourceGroups/cli_test_generalize_vm_debian000001/providers/Microsoft.Compute/virtualMachines/vm-generalize\",\r\n
        \ \"type\": \"Microsoft.Compute/virtualMachines\",\r\n  \"location\": \"westus\",\r\n
        \ \"tags\": {},\r\n  \"properties\": {\r\n    \"vmId\": \"db67377f-fa03-4c34-a2c5-067024921dd4\",\r\n
        \   \"hardwareProfile\": {\r\n      \"vmSize\": \"Standard_DS1_v2\"\r\n    },\r\n
        \   \"storageProfile\": {\r\n      \"imageReference\": {\r\n        \"publisher\":
        \"Debian\",\r\n        \"offer\": \"debian-10\",\r\n        \"sku\": \"10\",\r\n
        \       \"version\": \"latest\",\r\n        \"exactVersion\": \"0.20220328.962\"\r\n
        \     },\r\n      \"osDisk\": {\r\n        \"osType\": \"Linux\",\r\n        \"name\":
        \"osdisk_7cb32535c1\",\r\n        \"createOption\": \"FromImage\",\r\n        \"vhd\":
        {\r\n          \"uri\": \"https://vhdstorage7cb32535c18ee4.blob.core.windows.net/vhds/osdisk_7cb32535c1.vhd\"\r\n
        \       },\r\n        \"caching\": \"ReadWrite\",\r\n        \"deleteOption\":
        \"Detach\",\r\n        \"diskSizeGB\": 30\r\n      },\r\n      \"dataDisks\":
        []\r\n    },\r\n    \"osProfile\": {\r\n      \"computerName\": \"vm-generalize\",\r\n
        \     \"adminUsername\": \"debian\",\r\n      \"linuxConfiguration\": {\r\n
        \       \"disablePasswordAuthentication\": false,\r\n        \"provisionVMAgent\":
        true,\r\n        \"patchSettings\": {\r\n          \"patchMode\": \"ImageDefault\",\r\n
        \         \"assessmentMode\": \"ImageDefault\"\r\n        },\r\n        \"enableVMAgentPlatformUpdates\":
        false\r\n      },\r\n      \"secrets\": [],\r\n      \"allowExtensionOperations\":
        true,\r\n      \"requireGuestProvisionSignal\": true\r\n    },\r\n    \"networkProfile\":
        {\"networkInterfaces\":[{\"id\":\"/subscriptions/00000000-0000-0000-0000-000000000000/resourceGroups/cli_test_generalize_vm_debian000001/providers/Microsoft.Network/networkInterfaces/vm-generalizeVMNic\"}]},\r\n
        \   \"provisioningState\": \"Succeeded\",\r\n    \"instanceView\": {\r\n      \"computerName\":
        \"vm-generalize\",\r\n      \"osName\": \"debian\",\r\n      \"osVersion\":
        \"10.12\",\r\n      \"vmAgent\": {\r\n        \"vmAgentVersion\": \"2.2.45\",\r\n
        \       \"statuses\": [\r\n          {\r\n            \"code\": \"ProvisioningState/succeeded\",\r\n
        \           \"level\": \"Info\",\r\n            \"displayStatus\": \"Ready\",\r\n
        \           \"message\": \"Guest Agent is running\",\r\n            \"time\":
        \"2022-06-21T03:01:34+00:00\"\r\n          }\r\n        ],\r\n        \"extensionHandlers\":
        []\r\n      },\r\n      \"disks\": [\r\n        {\r\n          \"name\": \"osdisk_7cb32535c1\",\r\n
        \         \"statuses\": [\r\n            {\r\n              \"code\": \"ProvisioningState/succeeded\",\r\n
        \             \"level\": \"Info\",\r\n              \"displayStatus\": \"Provisioning
        succeeded\",\r\n              \"time\": \"2022-06-21T03:01:03.151602+00:00\"\r\n
        \           }\r\n          ]\r\n        }\r\n      ],\r\n      \"hyperVGeneration\":
        \"V1\",\r\n      \"statuses\": [\r\n        {\r\n          \"code\": \"ProvisioningState/succeeded\",\r\n
        \         \"level\": \"Info\",\r\n          \"displayStatus\": \"Provisioning
        succeeded\",\r\n          \"time\": \"2022-06-21T03:01:28.7152612+00:00\"\r\n
        \       },\r\n        {\r\n          \"code\": \"PowerState/running\",\r\n
        \         \"level\": \"Info\",\r\n          \"displayStatus\": \"VM running\"\r\n
        \       }\r\n      ]\r\n    },\r\n    \"timeCreated\": \"2022-06-21T03:01:02.8703599+00:00\"\r\n
        \ }\r\n}"
    headers:
      cache-control:
      - no-cache
      content-length:
      - '3145'
      content-type:
      - application/json; charset=utf-8
      date:
      - Tue, 21 Jun 2022 03:01:36 GMT
      expires:
      - '-1'
      pragma:
      - no-cache
      server:
      - Microsoft-HTTPAPI/2.0
      - Microsoft-HTTPAPI/2.0
      strict-transport-security:
      - max-age=31536000; includeSubDomains
      transfer-encoding:
      - chunked
      vary:
      - Accept-Encoding
      x-content-type-options:
      - nosniff
      x-ms-ratelimit-remaining-resource:
      - Microsoft.Compute/LowCostGet3Min;3997,Microsoft.Compute/LowCostGet30Min;31994
    status:
      code: 200
      message: OK
- request:
    body: null
    headers:
      Accept:
      - application/json, text/json
      Accept-Encoding:
      - gzip, deflate
      CommandName:
      - vm create
      Connection:
      - keep-alive
      ParameterSetName:
      - -g -n --admin-username --image --admin-password --authentication-type --use-unmanaged-disk
        --nsg-rule
      User-Agent:
      - AZURECLI/2.37.0 azsdk-python-azure-mgmt-network/20.0.0 Python/3.10.0 (Windows-10-10.0.19043-SP0)
    method: GET
    uri: https://management.azure.com/subscriptions/00000000-0000-0000-0000-000000000000/resourceGroups/cli_test_generalize_vm_debian000001/providers/Microsoft.Network/networkInterfaces/vm-generalizeVMNic?api-version=2018-01-01
  response:
    body:
      string: "{\r\n  \"name\": \"vm-generalizeVMNic\",\r\n  \"id\": \"/subscriptions/00000000-0000-0000-0000-000000000000/resourceGroups/cli_test_generalize_vm_debian000001/providers/Microsoft.Network/networkInterfaces/vm-generalizeVMNic\",\r\n
        \ \"etag\": \"W/\\\"cea4540f-d132-43a2-b9f6-f1d91d7cd858\\\"\",\r\n  \"location\":
        \"westus\",\r\n  \"tags\": {},\r\n  \"properties\": {\r\n    \"provisioningState\":
        \"Succeeded\",\r\n    \"resourceGuid\": \"7e844170-3551-4c24-93df-14eede94a959\",\r\n
        \   \"ipConfigurations\": [\r\n      {\r\n        \"name\": \"ipconfigvm-generalize\",\r\n
        \       \"id\": \"/subscriptions/00000000-0000-0000-0000-000000000000/resourceGroups/cli_test_generalize_vm_debian000001/providers/Microsoft.Network/networkInterfaces/vm-generalizeVMNic/ipConfigurations/ipconfigvm-generalize\",\r\n
        \       \"etag\": \"W/\\\"cea4540f-d132-43a2-b9f6-f1d91d7cd858\\\"\",\r\n
        \       \"type\": \"Microsoft.Network/networkInterfaces/ipConfigurations\",\r\n
        \       \"properties\": {\r\n          \"provisioningState\": \"Succeeded\",\r\n
        \         \"privateIPAddress\": \"10.0.0.4\",\r\n          \"privateIPAllocationMethod\":
        \"Dynamic\",\r\n          \"publicIPAddress\": {\r\n            \"id\": \"/subscriptions/00000000-0000-0000-0000-000000000000/resourceGroups/cli_test_generalize_vm_debian000001/providers/Microsoft.Network/publicIPAddresses/vm-generalizePublicIP\"\r\n
        \         },\r\n          \"subnet\": {\r\n            \"id\": \"/subscriptions/00000000-0000-0000-0000-000000000000/resourceGroups/cli_test_generalize_vm_debian000001/providers/Microsoft.Network/virtualNetworks/vm-generalizeVNET/subnets/vm-generalizeSubnet\"\r\n
        \         },\r\n          \"primary\": true,\r\n          \"privateIPAddressVersion\":
        \"IPv4\"\r\n        }\r\n      }\r\n    ],\r\n    \"dnsSettings\": {\r\n      \"dnsServers\":
        [],\r\n      \"appliedDnsServers\": [],\r\n      \"internalDomainNameSuffix\":
        \"zeetyuqvjh3evofew4w3kalwye.dx.internal.cloudapp.net\"\r\n    },\r\n    \"macAddress\":
        \"00-22-48-04-48-4A\",\r\n    \"enableIPForwarding\": false,\r\n    \"networkSecurityGroup\":
        {\r\n      \"id\": \"/subscriptions/00000000-0000-0000-0000-000000000000/resourceGroups/cli_test_generalize_vm_debian000001/providers/Microsoft.Network/networkSecurityGroups/vm-generalizeNSG\"\r\n
        \   },\r\n    \"primary\": true,\r\n    \"virtualMachine\": {\r\n      \"id\":
        \"/subscriptions/00000000-0000-0000-0000-000000000000/resourceGroups/cli_test_generalize_vm_debian000001/providers/Microsoft.Compute/virtualMachines/vm-generalize\"\r\n
        \   }\r\n  },\r\n  \"type\": \"Microsoft.Network/networkInterfaces\"\r\n}"
    headers:
      cache-control:
      - no-cache
      content-length:
      - '2385'
      content-type:
      - application/json; charset=utf-8
      date:
      - Tue, 21 Jun 2022 03:01:37 GMT
      etag:
      - W/"cea4540f-d132-43a2-b9f6-f1d91d7cd858"
      expires:
      - '-1'
      pragma:
      - no-cache
      server:
      - Microsoft-HTTPAPI/2.0
      - Microsoft-HTTPAPI/2.0
      strict-transport-security:
      - max-age=31536000; includeSubDomains
      transfer-encoding:
      - chunked
      vary:
      - Accept-Encoding
      x-content-type-options:
      - nosniff
      x-ms-arm-service-request-id:
      - d776ae09-d78f-4f56-b653-e43db536b215
    status:
      code: 200
      message: OK
- request:
    body: null
    headers:
      Accept:
      - application/json, text/json
      Accept-Encoding:
      - gzip, deflate
      CommandName:
      - vm create
      Connection:
      - keep-alive
      ParameterSetName:
      - -g -n --admin-username --image --admin-password --authentication-type --use-unmanaged-disk
        --nsg-rule
      User-Agent:
      - AZURECLI/2.37.0 azsdk-python-azure-mgmt-network/20.0.0 Python/3.10.0 (Windows-10-10.0.19043-SP0)
    method: GET
    uri: https://management.azure.com/subscriptions/00000000-0000-0000-0000-000000000000/resourceGroups/cli_test_generalize_vm_debian000001/providers/Microsoft.Network/publicIPAddresses/vm-generalizePublicIP?api-version=2018-01-01
  response:
    body:
      string: "{\r\n  \"name\": \"vm-generalizePublicIP\",\r\n  \"id\": \"/subscriptions/00000000-0000-0000-0000-000000000000/resourceGroups/cli_test_generalize_vm_debian000001/providers/Microsoft.Network/publicIPAddresses/vm-generalizePublicIP\",\r\n
        \ \"etag\": \"W/\\\"4d83d9c1-2e12-470c-854c-7ff48a869955\\\"\",\r\n  \"location\":
        \"westus\",\r\n  \"tags\": {},\r\n  \"properties\": {\r\n    \"provisioningState\":
        \"Succeeded\",\r\n    \"resourceGuid\": \"0715b08c-c4c9-4c04-8b48-1d8ce2266070\",\r\n
        \   \"ipAddress\": \"20.245.149.195\",\r\n    \"publicIPAddressVersion\":
        \"IPv4\",\r\n    \"publicIPAllocationMethod\": \"Dynamic\",\r\n    \"idleTimeoutInMinutes\":
        4,\r\n    \"ipTags\": [],\r\n    \"ipConfiguration\": {\r\n      \"id\": \"/subscriptions/00000000-0000-0000-0000-000000000000/resourceGroups/cli_test_generalize_vm_debian000001/providers/Microsoft.Network/networkInterfaces/vm-generalizeVMNic/ipConfigurations/ipconfigvm-generalize\"\r\n
        \   }\r\n  },\r\n  \"type\": \"Microsoft.Network/publicIPAddresses\",\r\n
        \ \"sku\": {\r\n    \"name\": \"Basic\"\r\n  }\r\n}"
    headers:
      cache-control:
      - no-cache
      content-length:
      - '958'
      content-type:
      - application/json; charset=utf-8
      date:
      - Tue, 21 Jun 2022 03:01:37 GMT
      etag:
      - W/"4d83d9c1-2e12-470c-854c-7ff48a869955"
      expires:
      - '-1'
      pragma:
      - no-cache
      server:
      - Microsoft-HTTPAPI/2.0
      - Microsoft-HTTPAPI/2.0
      strict-transport-security:
      - max-age=31536000; includeSubDomains
      transfer-encoding:
      - chunked
      vary:
      - Accept-Encoding
      x-content-type-options:
      - nosniff
      x-ms-arm-service-request-id:
      - 146be76c-10bf-4caf-9bf8-2250fc7226fe
    status:
      code: 200
      message: OK
- request:
    body: null
    headers:
      Accept:
      - application/json
      Accept-Encoding:
      - gzip, deflate
      CommandName:
      - vm stop
      Connection:
      - keep-alive
      Content-Length:
      - '0'
      ParameterSetName:
      - -g -n
      User-Agent:
      - AZURECLI/2.37.0 azsdk-python-azure-mgmt-compute/27.0.0 Python/3.10.0 (Windows-10-10.0.19043-SP0)
    method: POST
    uri: https://management.azure.com/subscriptions/00000000-0000-0000-0000-000000000000/resourceGroups/cli_test_generalize_vm_debian000001/providers/Microsoft.Compute/virtualMachines/vm-generalize/powerOff?skipShutdown=false&api-version=2022-03-01
  response:
    body:
      string: ''
    headers:
      azure-asyncoperation:
      - https://management.azure.com/subscriptions/00000000-0000-0000-0000-000000000000/providers/Microsoft.Compute/locations/westus/operations/721d36e3-bae3-4f2e-b898-d4bb52d03773?p=571046f6-b640-41c1-86f7-f9f044b5adf9&api-version=2022-03-01
      cache-control:
      - no-cache
      content-length:
      - '0'
      date:
      - Tue, 21 Jun 2022 03:01:38 GMT
      expires:
      - '-1'
      location:
      - https://management.azure.com/subscriptions/00000000-0000-0000-0000-000000000000/providers/Microsoft.Compute/locations/westus/operations/721d36e3-bae3-4f2e-b898-d4bb52d03773?p=571046f6-b640-41c1-86f7-f9f044b5adf9&monitor=true&api-version=2022-03-01
      pragma:
      - no-cache
      server:
      - Microsoft-HTTPAPI/2.0
      - Microsoft-HTTPAPI/2.0
      strict-transport-security:
      - max-age=31536000; includeSubDomains
      x-content-type-options:
      - nosniff
      x-ms-ratelimit-remaining-resource:
      - Microsoft.Compute/UpdateVM3Min;239,Microsoft.Compute/UpdateVM30Min;1199
      x-ms-ratelimit-remaining-subscription-writes:
      - '1198'
    status:
      code: 202
      message: Accepted
- request:
    body: null
    headers:
      Accept:
      - '*/*'
      Accept-Encoding:
      - gzip, deflate
      CommandName:
      - vm stop
      Connection:
      - keep-alive
      ParameterSetName:
      - -g -n
      User-Agent:
      - AZURECLI/2.37.0 azsdk-python-azure-mgmt-compute/27.0.0 Python/3.10.0 (Windows-10-10.0.19043-SP0)
    method: GET
    uri: https://management.azure.com/subscriptions/00000000-0000-0000-0000-000000000000/providers/Microsoft.Compute/locations/westus/operations/721d36e3-bae3-4f2e-b898-d4bb52d03773?p=571046f6-b640-41c1-86f7-f9f044b5adf9&api-version=2022-03-01
  response:
    body:
      string: "{\r\n  \"startTime\": \"2022-06-21T03:01:39.1844818+00:00\",\r\n  \"endTime\":
        \"2022-06-21T03:01:50.8881457+00:00\",\r\n  \"status\": \"Succeeded\",\r\n
        \ \"name\": \"721d36e3-bae3-4f2e-b898-d4bb52d03773\"\r\n}"
    headers:
      cache-control:
      - no-cache
      content-length:
      - '184'
      content-type:
      - application/json; charset=utf-8
      date:
      - Tue, 21 Jun 2022 03:02:09 GMT
      expires:
      - '-1'
      pragma:
      - no-cache
      server:
      - Microsoft-HTTPAPI/2.0
      - Microsoft-HTTPAPI/2.0
      strict-transport-security:
      - max-age=31536000; includeSubDomains
      transfer-encoding:
      - chunked
      vary:
      - Accept-Encoding
      x-content-type-options:
      - nosniff
      x-ms-ratelimit-remaining-resource:
      - Microsoft.Compute/GetOperation3Min;14995,Microsoft.Compute/GetOperation30Min;29993
    status:
      code: 200
      message: OK
- request:
    body: null
    headers:
      Accept:
      - '*/*'
      Accept-Encoding:
      - gzip, deflate
      CommandName:
      - vm stop
      Connection:
      - keep-alive
      ParameterSetName:
      - -g -n
      User-Agent:
      - AZURECLI/2.37.0 azsdk-python-azure-mgmt-compute/27.0.0 Python/3.10.0 (Windows-10-10.0.19043-SP0)
    method: GET
    uri: https://management.azure.com/subscriptions/00000000-0000-0000-0000-000000000000/providers/Microsoft.Compute/locations/westus/operations/721d36e3-bae3-4f2e-b898-d4bb52d03773?p=571046f6-b640-41c1-86f7-f9f044b5adf9&monitor=true&api-version=2022-03-01
  response:
    body:
      string: ''
    headers:
      cache-control:
      - no-cache
      content-length:
      - '0'
      date:
      - Tue, 21 Jun 2022 03:02:09 GMT
      expires:
      - '-1'
      pragma:
      - no-cache
      server:
      - Microsoft-HTTPAPI/2.0
      - Microsoft-HTTPAPI/2.0
      strict-transport-security:
      - max-age=31536000; includeSubDomains
      x-content-type-options:
      - nosniff
      x-ms-ratelimit-remaining-resource:
      - Microsoft.Compute/GetOperation3Min;14994,Microsoft.Compute/GetOperation30Min;29992
    status:
      code: 200
      message: OK
- request:
    body: null
    headers:
      Accept:
      - application/json
      Accept-Encoding:
      - gzip, deflate
      CommandName:
      - vm generalize
      Connection:
      - keep-alive
      Content-Length:
      - '0'
      ParameterSetName:
      - -g -n
      User-Agent:
      - AZURECLI/2.37.0 azsdk-python-azure-mgmt-compute/27.0.0 Python/3.10.0 (Windows-10-10.0.19043-SP0)
    method: POST
    uri: https://management.azure.com/subscriptions/00000000-0000-0000-0000-000000000000/resourceGroups/cli_test_generalize_vm_debian000001/providers/Microsoft.Compute/virtualMachines/vm-generalize/generalize?api-version=2022-03-01
  response:
    body:
      string: ''
    headers:
      cache-control:
      - no-cache
      content-length:
      - '0'
      date:
      - Tue, 21 Jun 2022 03:02:10 GMT
      expires:
      - '-1'
      pragma:
      - no-cache
      server:
      - Microsoft-HTTPAPI/2.0
      - Microsoft-HTTPAPI/2.0
      strict-transport-security:
      - max-age=31536000; includeSubDomains
      x-content-type-options:
      - nosniff
      x-ms-ratelimit-remaining-resource:
      - Microsoft.Compute/UpdateVM3Min;238,Microsoft.Compute/UpdateVM30Min;1198
      x-ms-ratelimit-remaining-subscription-writes:
      - '1199'
    status:
      code: 200
      message: OK
- request:
    body: null
    headers:
      Accept:
      - application/json
      Accept-Encoding:
      - gzip, deflate
      CommandName:
      - vm show
      Connection:
      - keep-alive
      ParameterSetName:
      - -g -n
      User-Agent:
      - AZURECLI/2.37.0 azsdk-python-azure-mgmt-compute/27.0.0 Python/3.10.0 (Windows-10-10.0.19043-SP0)
    method: GET
    uri: https://management.azure.com/subscriptions/00000000-0000-0000-0000-000000000000/resourceGroups/cli_test_generalize_vm_debian000001/providers/Microsoft.Compute/virtualMachines/vm-generalize?api-version=2022-03-01
  response:
    body:
      string: "{\r\n  \"name\": \"vm-generalize\",\r\n  \"id\": \"/subscriptions/00000000-0000-0000-0000-000000000000/resourceGroups/cli_test_generalize_vm_debian000001/providers/Microsoft.Compute/virtualMachines/vm-generalize\",\r\n
        \ \"type\": \"Microsoft.Compute/virtualMachines\",\r\n  \"location\": \"westus\",\r\n
        \ \"tags\": {},\r\n  \"properties\": {\r\n    \"vmId\": \"db67377f-fa03-4c34-a2c5-067024921dd4\",\r\n
        \   \"hardwareProfile\": {\r\n      \"vmSize\": \"Standard_DS1_v2\"\r\n    },\r\n
        \   \"storageProfile\": {\r\n      \"imageReference\": {\r\n        \"publisher\":
        \"Debian\",\r\n        \"offer\": \"debian-10\",\r\n        \"sku\": \"10\",\r\n
        \       \"version\": \"latest\",\r\n        \"exactVersion\": \"0.20220328.962\"\r\n
        \     },\r\n      \"osDisk\": {\r\n        \"osType\": \"Linux\",\r\n        \"name\":
        \"osdisk_7cb32535c1\",\r\n        \"createOption\": \"FromImage\",\r\n        \"vhd\":
        {\r\n          \"uri\": \"https://vhdstorage7cb32535c18ee4.blob.core.windows.net/vhds/osdisk_7cb32535c1.vhd\"\r\n
        \       },\r\n        \"caching\": \"ReadWrite\",\r\n        \"deleteOption\":
        \"Detach\",\r\n        \"diskSizeGB\": 30\r\n      },\r\n      \"dataDisks\":
        []\r\n    },\r\n    \"osProfile\": {\r\n      \"computerName\": \"vm-generalize\",\r\n
        \     \"adminUsername\": \"debian\",\r\n      \"linuxConfiguration\": {\r\n
        \       \"disablePasswordAuthentication\": false,\r\n        \"provisionVMAgent\":
        true,\r\n        \"patchSettings\": {\r\n          \"patchMode\": \"ImageDefault\",\r\n
        \         \"assessmentMode\": \"ImageDefault\"\r\n        },\r\n        \"enableVMAgentPlatformUpdates\":
        false\r\n      },\r\n      \"secrets\": [],\r\n      \"allowExtensionOperations\":
        true,\r\n      \"requireGuestProvisionSignal\": true\r\n    },\r\n    \"networkProfile\":
        {\"networkInterfaces\":[{\"id\":\"/subscriptions/00000000-0000-0000-0000-000000000000/resourceGroups/cli_test_generalize_vm_debian000001/providers/Microsoft.Network/networkInterfaces/vm-generalizeVMNic\"}]},\r\n
        \   \"provisioningState\": \"Succeeded\",\r\n    \"timeCreated\": \"2022-06-21T03:01:02.8703599+00:00\"\r\n
        \ }\r\n}"
    headers:
      cache-control:
      - no-cache
      content-length:
      - '1872'
      content-type:
      - application/json; charset=utf-8
      date:
      - Tue, 21 Jun 2022 03:02:11 GMT
      expires:
      - '-1'
      pragma:
      - no-cache
      server:
      - Microsoft-HTTPAPI/2.0
      - Microsoft-HTTPAPI/2.0
      strict-transport-security:
      - max-age=31536000; includeSubDomains
      transfer-encoding:
      - chunked
      vary:
      - Accept-Encoding
      x-content-type-options:
      - nosniff
      x-ms-ratelimit-remaining-resource:
      - Microsoft.Compute/LowCostGet3Min;3989,Microsoft.Compute/LowCostGet30Min;31986
    status:
      code: 200
      message: OK
- request:
    body: '{"vhdPrefix": "vmtest", "destinationContainerName": "vhds", "overwriteVhds":
      true}'
    headers:
      Accept:
      - application/json
      Accept-Encoding:
      - gzip, deflate
      CommandName:
      - vm capture
      Connection:
      - keep-alive
      Content-Length:
      - '82'
      Content-Type:
      - application/json
      ParameterSetName:
      - -g -n --vhd-name-prefix
      User-Agent:
      - AZURECLI/2.37.0 azsdk-python-azure-mgmt-compute/27.0.0 Python/3.10.0 (Windows-10-10.0.19043-SP0)
    method: POST
    uri: https://management.azure.com/subscriptions/00000000-0000-0000-0000-000000000000/resourceGroups/cli_test_generalize_vm_debian000001/providers/Microsoft.Compute/virtualMachines/vm-generalize/capture?api-version=2022-03-01
  response:
    body:
      string: ''
    headers:
      azure-asyncoperation:
      - https://management.azure.com/subscriptions/00000000-0000-0000-0000-000000000000/providers/Microsoft.Compute/locations/westus/operations/cea04c37-8e86-424e-9970-bc1a8b1328fb?p=571046f6-b640-41c1-86f7-f9f044b5adf9&api-version=2022-03-01
      cache-control:
      - no-cache
      content-length:
      - '0'
      date:
      - Tue, 21 Jun 2022 03:02:12 GMT
      expires:
      - '-1'
      location:
      - https://management.azure.com/subscriptions/00000000-0000-0000-0000-000000000000/providers/Microsoft.Compute/locations/westus/operations/cea04c37-8e86-424e-9970-bc1a8b1328fb?p=571046f6-b640-41c1-86f7-f9f044b5adf9&monitor=true&api-version=2022-03-01
      pragma:
      - no-cache
      server:
      - Microsoft-HTTPAPI/2.0
      - Microsoft-HTTPAPI/2.0
      strict-transport-security:
      - max-age=31536000; includeSubDomains
      x-content-type-options:
      - nosniff
      x-ms-ratelimit-remaining-resource:
      - Microsoft.Compute/UpdateVM3Min;236,Microsoft.Compute/UpdateVM30Min;1196
      x-ms-ratelimit-remaining-subscription-writes:
      - '1199'
    status:
      code: 202
      message: Accepted
- request:
    body: null
    headers:
      Accept:
      - '*/*'
      Accept-Encoding:
      - gzip, deflate
      CommandName:
      - vm capture
      Connection:
      - keep-alive
      ParameterSetName:
      - -g -n --vhd-name-prefix
      User-Agent:
      - AZURECLI/2.37.0 azsdk-python-azure-mgmt-compute/27.0.0 Python/3.10.0 (Windows-10-10.0.19043-SP0)
    method: GET
    uri: https://management.azure.com/subscriptions/00000000-0000-0000-0000-000000000000/providers/Microsoft.Compute/locations/westus/operations/cea04c37-8e86-424e-9970-bc1a8b1328fb?p=571046f6-b640-41c1-86f7-f9f044b5adf9&api-version=2022-03-01
  response:
    body:
      string: "{\r\n  \"startTime\": \"2022-06-21T03:02:12.7953864+00:00\",\r\n  \"endTime\":
        \"2022-06-21T03:02:12.9516101+00:00\",\r\n  \"status\": \"Succeeded\",\r\n
        \ \"properties\": {\r\n    \"output\": {\"$schema\":\"http://schema.management.azure.com/schemas/2014-04-01-preview/VM_IP.json\",\"contentVersion\":\"1.0.0.0\",\"parameters\":{\"vmName\":{\"type\":\"string\"},\"vmSize\":{\"type\":\"string\",\"defaultValue\":\"Standard_DS1_v2\"},\"adminUserName\":{\"type\":\"string\"},\"adminPassword\":{\"type\":\"securestring\"},\"networkInterfaceId\":{\"type\":\"string\"}},\"resources\":[{\"name\":\"[parameters('vmName')]\",\"type\":\"Microsoft.Compute/virtualMachines\",\"location\":\"westus\",\"apiVersion\":\"2022-03-01\",\"properties\":{\"hardwareProfile\":{\"vmSize\":\"[parameters('vmSize')]\"},\"storageProfile\":{\"osDisk\":{\"osType\":\"Linux\",\"name\":\"vmtest-osDisk.db67377f-fa03-4c34-a2c5-067024921dd4.vhd\",\"createOption\":\"FromImage\",\"image\":{\"uri\":\"https://vhdstorage7cb32535c18ee4.blob.core.windows.net/system/Microsoft.Compute/Images/vhds/vmtest-osDisk.db67377f-fa03-4c34-a2c5-067024921dd4.vhd\"},\"vhd\":{\"uri\":\"https://vhdstorage7cb32535c18ee4.blob.core.windows.net/vmcontainer32309411-900f-4817-a7d5-ffafe2ee66e7/osDisk.32309411-900f-4817-a7d5-ffafe2ee66e7.vhd\"},\"caching\":\"ReadWrite\"}},\"osProfile\":{\"computerName\":\"[parameters('vmName')]\",\"adminUsername\":\"[parameters('adminUsername')]\",\"adminPassword\":\"[parameters('adminPassword')]\"},\"networkProfile\":{\"networkInterfaces\":[{\"id\":\"[parameters('networkInterfaceId')]\"}]},\"provisioningState\":0}}]}\r\n
        \ },\r\n  \"name\": \"cea04c37-8e86-424e-9970-bc1a8b1328fb\"\r\n}"
    headers:
      cache-control:
      - no-cache
      content-length:
      - '1508'
      content-type:
      - application/json; charset=utf-8
      date:
      - Tue, 21 Jun 2022 03:02:43 GMT
      expires:
      - '-1'
      pragma:
      - no-cache
      server:
      - Microsoft-HTTPAPI/2.0
      - Microsoft-HTTPAPI/2.0
      strict-transport-security:
      - max-age=31536000; includeSubDomains
      transfer-encoding:
      - chunked
      vary:
      - Accept-Encoding
      x-content-type-options:
      - nosniff
      x-ms-ratelimit-remaining-resource:
      - Microsoft.Compute/GetOperation3Min;14987,Microsoft.Compute/GetOperation30Min;29985
    status:
      code: 200
      message: OK
- request:
    body: null
    headers:
      Accept:
      - '*/*'
      Accept-Encoding:
      - gzip, deflate
      CommandName:
      - vm capture
      Connection:
      - keep-alive
      ParameterSetName:
      - -g -n --vhd-name-prefix
      User-Agent:
      - AZURECLI/2.37.0 azsdk-python-azure-mgmt-compute/27.0.0 Python/3.10.0 (Windows-10-10.0.19043-SP0)
    method: GET
    uri: https://management.azure.com/subscriptions/00000000-0000-0000-0000-000000000000/providers/Microsoft.Compute/locations/westus/operations/cea04c37-8e86-424e-9970-bc1a8b1328fb?p=571046f6-b640-41c1-86f7-f9f044b5adf9&monitor=true&api-version=2022-03-01
  response:
    body:
      string: '{"$schema":"http://schema.management.azure.com/schemas/2014-04-01-preview/VM_IP.json","contentVersion":"1.0.0.0","parameters":{"vmName":{"type":"string"},"vmSize":{"type":"string","defaultValue":"Standard_DS1_v2"},"adminUserName":{"type":"string"},"adminPassword":{"type":"securestring"},"networkInterfaceId":{"type":"string"}},"resources":[{"name":"[parameters(''vmName'')]","type":"Microsoft.Compute/virtualMachines","location":"westus","apiVersion":"2022-03-01","properties":{"hardwareProfile":{"vmSize":"[parameters(''vmSize'')]"},"storageProfile":{"osDisk":{"osType":"Linux","name":"vmtest-osDisk.db67377f-fa03-4c34-a2c5-067024921dd4.vhd","createOption":"FromImage","image":{"uri":"https://vhdstorage7cb32535c18ee4.blob.core.windows.net/system/Microsoft.Compute/Images/vhds/vmtest-osDisk.db67377f-fa03-4c34-a2c5-067024921dd4.vhd"},"vhd":{"uri":"https://vhdstorage7cb32535c18ee4.blob.core.windows.net/vmcontainer32309411-900f-4817-a7d5-ffafe2ee66e7/osDisk.32309411-900f-4817-a7d5-ffafe2ee66e7.vhd"},"caching":"ReadWrite"}},"osProfile":{"computerName":"[parameters(''vmName'')]","adminUsername":"[parameters(''adminUsername'')]","adminPassword":"[parameters(''adminPassword'')]"},"networkProfile":{"networkInterfaces":[{"id":"[parameters(''networkInterfaceId'')]"}]},"provisioningState":0}}]}'
    headers:
      cache-control:
      - no-cache
      content-length:
      - '1283'
      content-type:
      - application/json; charset=utf-8
      date:
      - Tue, 21 Jun 2022 03:02:43 GMT
      expires:
      - '-1'
      pragma:
      - no-cache
      server:
      - Microsoft-HTTPAPI/2.0
      - Microsoft-HTTPAPI/2.0
      strict-transport-security:
      - max-age=31536000; includeSubDomains
      transfer-encoding:
      - chunked
      vary:
      - Accept-Encoding
      x-content-type-options:
      - nosniff
      x-ms-ratelimit-remaining-resource:
      - Microsoft.Compute/GetOperation3Min;14986,Microsoft.Compute/GetOperation30Min;29984
    status:
      code: 200
      message: OK
- request:
    body: null
    headers:
      Accept:
      - application/json
      Accept-Encoding:
      - gzip, deflate
      CommandName:
      - image create
      Connection:
      - keep-alive
      ParameterSetName:
      - -g -n --source
      User-Agent:
      - AZURECLI/2.37.0 azsdk-python-azure-mgmt-compute/27.0.0 Python/3.10.0 (Windows-10-10.0.19043-SP0)
    method: GET
    uri: https://management.azure.com/subscriptions/00000000-0000-0000-0000-000000000000/resourceGroups/cli_test_generalize_vm_debian000001/providers/Microsoft.Compute/virtualMachines/vm-generalize?api-version=2022-03-01
  response:
    body:
      string: "{\r\n  \"name\": \"vm-generalize\",\r\n  \"id\": \"/subscriptions/00000000-0000-0000-0000-000000000000/resourceGroups/cli_test_generalize_vm_debian000001/providers/Microsoft.Compute/virtualMachines/vm-generalize\",\r\n
        \ \"type\": \"Microsoft.Compute/virtualMachines\",\r\n  \"location\": \"westus\",\r\n
        \ \"tags\": {},\r\n  \"properties\": {\r\n    \"vmId\": \"db67377f-fa03-4c34-a2c5-067024921dd4\",\r\n
        \   \"hardwareProfile\": {\r\n      \"vmSize\": \"Standard_DS1_v2\"\r\n    },\r\n
        \   \"storageProfile\": {\r\n      \"imageReference\": {\r\n        \"publisher\":
        \"Debian\",\r\n        \"offer\": \"debian-10\",\r\n        \"sku\": \"10\",\r\n
        \       \"version\": \"latest\",\r\n        \"exactVersion\": \"0.20220328.962\"\r\n
        \     },\r\n      \"osDisk\": {\r\n        \"osType\": \"Linux\",\r\n        \"name\":
        \"osdisk_7cb32535c1\",\r\n        \"createOption\": \"FromImage\",\r\n        \"vhd\":
        {\r\n          \"uri\": \"https://vhdstorage7cb32535c18ee4.blob.core.windows.net/vhds/osdisk_7cb32535c1.vhd\"\r\n
        \       },\r\n        \"caching\": \"ReadWrite\",\r\n        \"deleteOption\":
        \"Detach\",\r\n        \"diskSizeGB\": 30\r\n      },\r\n      \"dataDisks\":
        []\r\n    },\r\n    \"osProfile\": {\r\n      \"computerName\": \"vm-generalize\",\r\n
        \     \"adminUsername\": \"debian\",\r\n      \"linuxConfiguration\": {\r\n
        \       \"disablePasswordAuthentication\": false,\r\n        \"provisionVMAgent\":
        true,\r\n        \"patchSettings\": {\r\n          \"patchMode\": \"ImageDefault\",\r\n
        \         \"assessmentMode\": \"ImageDefault\"\r\n        },\r\n        \"enableVMAgentPlatformUpdates\":
        false\r\n      },\r\n      \"secrets\": [],\r\n      \"allowExtensionOperations\":
        true,\r\n      \"requireGuestProvisionSignal\": true\r\n    },\r\n    \"networkProfile\":
        {\"networkInterfaces\":[{\"id\":\"/subscriptions/00000000-0000-0000-0000-000000000000/resourceGroups/cli_test_generalize_vm_debian000001/providers/Microsoft.Network/networkInterfaces/vm-generalizeVMNic\"}]},\r\n
        \   \"provisioningState\": \"Succeeded\",\r\n    \"timeCreated\": \"2022-06-21T03:01:02.8703599+00:00\"\r\n
        \ }\r\n}"
    headers:
      cache-control:
      - no-cache
      content-length:
      - '1872'
      content-type:
      - application/json; charset=utf-8
      date:
      - Tue, 21 Jun 2022 03:02:45 GMT
      expires:
      - '-1'
      pragma:
      - no-cache
      server:
      - Microsoft-HTTPAPI/2.0
      - Microsoft-HTTPAPI/2.0
      strict-transport-security:
      - max-age=31536000; includeSubDomains
      transfer-encoding:
      - chunked
      vary:
      - Accept-Encoding
      x-content-type-options:
      - nosniff
      x-ms-ratelimit-remaining-resource:
      - Microsoft.Compute/LowCostGet3Min;3986,Microsoft.Compute/LowCostGet30Min;31983
    status:
      code: 200
      message: OK
- request:
    body: null
    headers:
      Accept:
      - application/json
      Accept-Encoding:
      - gzip, deflate
      CommandName:
      - image create
      Connection:
      - keep-alive
      ParameterSetName:
      - -g -n --source
      User-Agent:
      - AZURECLI/2.37.0 azsdk-python-azure-mgmt-resource/21.1.0b1 Python/3.10.0 (Windows-10-10.0.19043-SP0)
    method: GET
    uri: https://management.azure.com/subscriptions/00000000-0000-0000-0000-000000000000/resourcegroups/cli_test_generalize_vm_debian000001?api-version=2021-04-01
  response:
    body:
      string: '{"id":"/subscriptions/00000000-0000-0000-0000-000000000000/resourceGroups/cli_test_generalize_vm_debian000001","name":"cli_test_generalize_vm_debian000001","type":"Microsoft.Resources/resourceGroups","location":"westus","tags":{"product":"azurecli","cause":"automation","date":"2022-06-21T03:00:13Z"},"properties":{"provisioningState":"Succeeded"}}'
    headers:
      cache-control:
      - no-cache
      content-length:
      - '348'
      content-type:
      - application/json; charset=utf-8
      date:
      - Tue, 21 Jun 2022 03:02:45 GMT
      expires:
      - '-1'
      pragma:
      - no-cache
      strict-transport-security:
      - max-age=31536000; includeSubDomains
      vary:
      - Accept-Encoding
      x-content-type-options:
      - nosniff
    status:
      code: 200
      message: OK
- request:
    body: '{"location": "westus", "tags": {}, "properties": {"sourceVirtualMachine":
      {"id": "/subscriptions/00000000-0000-0000-0000-000000000000/resourceGroups/cli_test_generalize_vm_debian000001/providers/Microsoft.Compute/virtualMachines/vm-generalize"},
      "hyperVGeneration": "V1"}}'
    headers:
      Accept:
      - application/json
      Accept-Encoding:
      - gzip, deflate
      CommandName:
      - image create
      Connection:
      - keep-alive
      Content-Length:
      - '272'
      Content-Type:
      - application/json
      ParameterSetName:
      - -g -n --source
      User-Agent:
      - AZURECLI/2.37.0 azsdk-python-azure-mgmt-compute/27.0.0 Python/3.10.0 (Windows-10-10.0.19043-SP0)
    method: PUT
    uri: https://management.azure.com/subscriptions/00000000-0000-0000-0000-000000000000/resourceGroups/cli_test_generalize_vm_debian000001/providers/Microsoft.Compute/images/myImage?api-version=2022-03-01
  response:
    body:
      string: "{\r\n  \"name\": \"myImage\",\r\n  \"id\": \"/subscriptions/00000000-0000-0000-0000-000000000000/resourceGroups/cli_test_generalize_vm_debian000001/providers/Microsoft.Compute/images/myImage\",\r\n
        \ \"type\": \"Microsoft.Compute/images\",\r\n  \"location\": \"westus\",\r\n
        \ \"tags\": {},\r\n  \"properties\": {\r\n    \"sourceVirtualMachine\": {\r\n
        \     \"id\": \"/subscriptions/00000000-0000-0000-0000-000000000000/resourceGroups/cli_test_generalize_vm_debian000001/providers/Microsoft.Compute/virtualMachines/vm-generalize\"\r\n
        \   },\r\n    \"storageProfile\": {\r\n      \"osDisk\": {\r\n        \"osType\":
        \"Linux\",\r\n        \"osState\": \"Generalized\",\r\n        \"diskSizeGB\":
        30,\r\n        \"blobUri\": \"https://vhdstorage7cb32535c18ee4.blob.core.windows.net/vhds/osdisk_7cb32535c1.vhd\",\r\n
        \       \"caching\": \"ReadWrite\",\r\n        \"storageAccountType\": \"Standard_LRS\"\r\n
        \     },\r\n      \"dataDisks\": []\r\n    },\r\n    \"provisioningState\":
        \"Creating\",\r\n    \"hyperVGeneration\": \"V1\"\r\n  }\r\n}"
    headers:
      azure-asyncnotification:
      - Enabled
      azure-asyncoperation:
      - https://management.azure.com/subscriptions/00000000-0000-0000-0000-000000000000/providers/Microsoft.Compute/locations/westus/operations/ce19b0c1-d073-4d53-8d47-881de856f264?p=571046f6-b640-41c1-86f7-f9f044b5adf9&api-version=2022-03-01
      cache-control:
      - no-cache
      content-length:
      - '929'
      content-type:
      - application/json; charset=utf-8
      date:
      - Tue, 21 Jun 2022 03:02:59 GMT
      expires:
      - '-1'
      pragma:
      - no-cache
      server:
      - Microsoft-HTTPAPI/2.0
      - Microsoft-HTTPAPI/2.0
      strict-transport-security:
      - max-age=31536000; includeSubDomains
      x-content-type-options:
      - nosniff
      x-ms-ratelimit-remaining-resource:
      - Microsoft.Compute/CreateImages3Min;39,Microsoft.Compute/CreateImages30Min;199
      x-ms-ratelimit-remaining-subscription-writes:
      - '1199'
    status:
      code: 201
      message: Created
- request:
    body: null
    headers:
      Accept:
      - '*/*'
      Accept-Encoding:
      - gzip, deflate
      CommandName:
      - image create
      Connection:
      - keep-alive
      ParameterSetName:
      - -g -n --source
      User-Agent:
      - AZURECLI/2.37.0 azsdk-python-azure-mgmt-compute/27.0.0 Python/3.10.0 (Windows-10-10.0.19043-SP0)
    method: GET
    uri: https://management.azure.com/subscriptions/00000000-0000-0000-0000-000000000000/providers/Microsoft.Compute/locations/westus/operations/ce19b0c1-d073-4d53-8d47-881de856f264?p=571046f6-b640-41c1-86f7-f9f044b5adf9&api-version=2022-03-01
  response:
    body:
      string: "{\r\n  \"startTime\": \"2022-06-21T03:02:52.5784018+00:00\",\r\n  \"endTime\":
        \"2022-06-21T03:03:02.6726017+00:00\",\r\n  \"status\": \"Succeeded\",\r\n
        \ \"name\": \"ce19b0c1-d073-4d53-8d47-881de856f264\"\r\n}"
    headers:
      cache-control:
      - no-cache
      content-length:
      - '184'
      content-type:
      - application/json; charset=utf-8
      date:
      - Tue, 21 Jun 2022 03:03:29 GMT
      expires:
      - '-1'
      pragma:
      - no-cache
      server:
      - Microsoft-HTTPAPI/2.0
      - Microsoft-HTTPAPI/2.0
      strict-transport-security:
      - max-age=31536000; includeSubDomains
      transfer-encoding:
      - chunked
      vary:
      - Accept-Encoding
      x-content-type-options:
      - nosniff
      x-ms-ratelimit-remaining-resource:
      - Microsoft.Compute/GetOperation3Min;14975,Microsoft.Compute/GetOperation30Min;29973
    status:
      code: 200
      message: OK
- request:
    body: null
    headers:
      Accept:
      - '*/*'
      Accept-Encoding:
      - gzip, deflate
      CommandName:
      - image create
      Connection:
      - keep-alive
      ParameterSetName:
      - -g -n --source
      User-Agent:
      - AZURECLI/2.37.0 azsdk-python-azure-mgmt-compute/27.0.0 Python/3.10.0 (Windows-10-10.0.19043-SP0)
    method: GET
    uri: https://management.azure.com/subscriptions/00000000-0000-0000-0000-000000000000/resourceGroups/cli_test_generalize_vm_debian000001/providers/Microsoft.Compute/images/myImage?api-version=2022-03-01
  response:
    body:
      string: "{\r\n  \"name\": \"myImage\",\r\n  \"id\": \"/subscriptions/00000000-0000-0000-0000-000000000000/resourceGroups/cli_test_generalize_vm_debian000001/providers/Microsoft.Compute/images/myImage\",\r\n
        \ \"type\": \"Microsoft.Compute/images\",\r\n  \"location\": \"westus\",\r\n
        \ \"tags\": {},\r\n  \"properties\": {\r\n    \"sourceVirtualMachine\": {\r\n
        \     \"id\": \"/subscriptions/00000000-0000-0000-0000-000000000000/resourceGroups/cli_test_generalize_vm_debian000001/providers/Microsoft.Compute/virtualMachines/vm-generalize\"\r\n
        \   },\r\n    \"storageProfile\": {\r\n      \"osDisk\": {\r\n        \"osType\":
        \"Linux\",\r\n        \"osState\": \"Generalized\",\r\n        \"diskSizeGB\":
        30,\r\n        \"blobUri\": \"https://vhdstorage7cb32535c18ee4.blob.core.windows.net/vhds/osdisk_7cb32535c1.vhd\",\r\n
        \       \"caching\": \"ReadWrite\",\r\n        \"storageAccountType\": \"Standard_LRS\"\r\n
        \     },\r\n      \"dataDisks\": []\r\n    },\r\n    \"provisioningState\":
        \"Succeeded\",\r\n    \"hyperVGeneration\": \"V1\"\r\n  }\r\n}"
    headers:
      cache-control:
      - no-cache
      content-length:
      - '930'
      content-type:
      - application/json; charset=utf-8
      date:
      - Tue, 21 Jun 2022 03:03:29 GMT
      expires:
      - '-1'
      pragma:
      - no-cache
      server:
      - Microsoft-HTTPAPI/2.0
      - Microsoft-HTTPAPI/2.0
      strict-transport-security:
      - max-age=31536000; includeSubDomains
      transfer-encoding:
      - chunked
      vary:
      - Accept-Encoding
      x-content-type-options:
      - nosniff
      x-ms-ratelimit-remaining-resource:
      - Microsoft.Compute/GetImages3Min;358,Microsoft.Compute/GetImages30Min;1798
    status:
      code: 200
      message: OK
version: 1
