interactions:
- request:
    body: null
    headers:
      Accept:
      - application/json
      Accept-Encoding:
      - gzip, deflate
      CommandName:
      - vmss create
      Connection:
      - keep-alive
      ParameterSetName:
      - -g -n --image --enable-agent --enable-auto-update --patch-mode --admin-username
        --admin-password
      User-Agent:
      - AZURECLI/2.63.0 azsdk-python-core/1.28.0 Python/3.10.11 (Windows-10-10.0.22631-SP0)
    method: GET
    uri: https://management.azure.com/subscriptions/00000000-0000-0000-0000-000000000000/resourcegroups/cli_test_vmss_window_patch_mode_000001?api-version=2022-09-01
  response:
    body:
      string: '{"id":"/subscriptions/00000000-0000-0000-0000-000000000000/resourceGroups/cli_test_vmss_window_patch_mode_000001","name":"cli_test_vmss_window_patch_mode_000001","type":"Microsoft.Resources/resourceGroups","location":"westus","tags":{"product":"azurecli","cause":"automation","test":"test_vmss_windows_patch_mode","date":"2024-08-26T09:47:11Z","module":"vm"},"properties":{"provisioningState":"Succeeded"}}'
    headers:
      cache-control:
      - no-cache
      content-length:
      - '406'
      content-type:
      - application/json; charset=utf-8
      date:
      - Mon, 26 Aug 2024 09:47:13 GMT
      expires:
      - '-1'
      pragma:
      - no-cache
      strict-transport-security:
      - max-age=31536000; includeSubDomains
      x-cache:
      - CONFIG_NOCACHE
      x-content-type-options:
      - nosniff
      x-ms-ratelimit-remaining-subscription-global-reads:
      - '3749'
      x-msedge-ref:
      - 'Ref A: DF44A74D234B45EEAA92862E91570964 Ref B: TYO201100114011 Ref C: 2024-08-26T09:47:14Z'
    status:
      code: 200
      message: OK
- request:
    body: null
    headers:
      Accept:
      - '*/*'
      Accept-Encoding:
      - gzip, deflate
      Connection:
      - keep-alive
      User-Agent:
      - python-requests/2.32.3
    method: GET
    uri: https://raw.githubusercontent.com/Azure/azure-rest-api-specs/main/arm-compute/quickstart-templates/aliases.json
  response:
    body:
      string: "{\n  \"$schema\": \"http://schema.management.azure.com/schemas/2015-01-01/deploymentTemplate.json\"\
        ,\n  \"contentVersion\": \"1.0.0.0\",\n  \"parameters\": {},\n  \"variables\"\
        : {},\n  \"resources\": [],\n  \"outputs\": {\n    \"aliases\": {\n      \"\
        type\": \"object\",\n      \"value\": {\n        \"Linux\": {\n          \"\
        CentOS85Gen2\": {\n            \"publisher\":  \"OpenLogic\",\n          \
        \  \"offer\":  \"CentOS\",\n            \"sku\":  \"8_5-gen2\",\n        \
        \    \"version\":  \"latest\",\n            \"architecture\": \"x64\"\n  \
        \        },\n          \"Debian11\":  {\n            \"publisher\":  \"Debian\"\
        ,\n            \"offer\":  \"debian-11\",\n            \"sku\":  \"11-backports-gen2\"\
        ,\n            \"version\":  \"latest\",\n            \"architecture\": \"\
        x64\"\n          },\n          \"FlatcarLinuxFreeGen2\":  {\n            \"\
        publisher\":  \"kinvolk\",\n            \"offer\":  \"flatcar-container-linux-free\"\
        ,\n            \"sku\":  \"stable-gen2\",\n            \"version\":  \"latest\"\
        ,\n            \"architecture\": \"x64\"\n          },\n          \"OpenSuseLeap154Gen2\"\
        :  {\n            \"publisher\":  \"SUSE\",\n            \"offer\":  \"openSUSE-leap-15-4\"\
        ,\n            \"sku\":  \"gen2\",\n            \"version\":  \"latest\",\n\
        \            \"architecture\": \"x64\"\n          },\n          \"RHELRaw8LVMGen2\"\
        :  {\n            \"publisher\":  \"RedHat\",\n            \"offer\":  \"\
        RHEL\",\n            \"sku\":  \"8-lvm-gen2\",\n            \"version\": \
        \ \"latest\",\n            \"architecture\": \"x64\"\n          },\n     \
        \     \"SuseSles15SP3\": {\n            \"publisher\": \"SUSE\",\n       \
        \     \"offer\": \"sles-15-sp3\",\n            \"sku\": \"gen2\",\n      \
        \      \"version\": \"latest\",\n            \"architecture\": \"x64\"\n \
        \         },\n          \"Ubuntu2204\":  {\n            \"publisher\":  \"\
        Canonical\",\n            \"offer\":  \"0001-com-ubuntu-server-jammy\",\n\
        \            \"sku\":  \"22_04-lts-gen2\",\n            \"version\":  \"latest\"\
        ,\n            \"architecture\": \"x64\"\n          }\n        },\n      \
        \  \"Windows\": {\n          \"Win2022Datacenter\": {\n            \"publisher\"\
        : \"MicrosoftWindowsServer\",\n            \"offer\": \"WindowsServer\",\n\
        \            \"sku\": \"2022-datacenter-g2\",\n            \"version\": \"\
        latest\",\n            \"architecture\": \"x64\"\n          },\n         \
        \ \"Win2022AzureEditionCore\": {\n            \"publisher\": \"MicrosoftWindowsServer\"\
        ,\n            \"offer\": \"WindowsServer\",\n            \"sku\": \"2022-datacenter-azure-edition-core\"\
        ,\n            \"version\": \"latest\",\n            \"architecture\": \"\
        x64\"\n          },\n          \"Win2019Datacenter\": {\n            \"publisher\"\
        : \"MicrosoftWindowsServer\",\n            \"offer\": \"WindowsServer\",\n\
        \            \"sku\": \"2019-datacenter-gensecond\",\n            \"version\"\
        : \"latest\",\n            \"architecture\": \"x64\"\n          },\n     \
        \     \"Win2016Datacenter\": {\n            \"publisher\": \"MicrosoftWindowsServer\"\
        ,\n            \"offer\": \"WindowsServer\",\n            \"sku\": \"2016-datacenter-gensecond\"\
        ,\n            \"version\": \"latest\",\n            \"architecture\": \"\
        x64\"\n          },\n          \"Win2012R2Datacenter\": {\n            \"\
        publisher\": \"MicrosoftWindowsServer\",\n            \"offer\": \"WindowsServer\"\
        ,\n            \"sku\": \"2012-R2-Datacenter\",\n            \"version\":\
        \ \"latest\",\n            \"architecture\": \"x64\"\n          },\n     \
        \     \"Win2012Datacenter\": {\n            \"publisher\": \"MicrosoftWindowsServer\"\
        ,\n            \"offer\": \"WindowsServer\",\n            \"sku\": \"2012-Datacenter\"\
        ,\n            \"version\": \"latest\",\n            \"architecture\": \"\
        x64\"\n          }\n        }\n      }\n    }\n  }\n}\n"
    headers:
      accept-ranges:
      - bytes
      access-control-allow-origin:
      - '*'
      cache-control:
      - max-age=300
      connection:
      - keep-alive
      content-length:
      - '3384'
      content-security-policy:
      - default-src 'none'; style-src 'unsafe-inline'; sandbox
      content-type:
      - text/plain; charset=utf-8
      cross-origin-resource-policy:
      - cross-origin
      date:
      - Mon, 26 Aug 2024 09:47:14 GMT
      etag:
      - W/"8f34071e3f10c641931f33307d1319d34bae37f557ea31022a455502dae9ebc2"
      expires:
      - Mon, 26 Aug 2024 09:52:14 GMT
      source-age:
      - '193'
      strict-transport-security:
      - max-age=31536000
      vary:
      - Authorization,Accept-Encoding,Origin
      via:
      - 1.1 varnish
      x-cache:
      - HIT
      x-cache-hits:
      - '0'
      x-content-type-options:
      - nosniff
      x-fastly-request-id:
      - 5671ccbbd8a0107e894bd6eae132c4c8b96a6ae0
      x-frame-options:
      - deny
      x-github-request-id:
      - 8060:3C8180:13D484:1818B3:66CC1340
      x-served-by:
      - cache-tyo11939-TYO
      x-timer:
      - S1724665635.516323,VS0,VE2
      x-xss-protection:
      - 1; mode=block
    status:
      code: 200
      message: OK
- request:
    body: null
    headers:
      Accept:
      - application/json
      Accept-Encoding:
      - gzip, deflate
      CommandName:
      - vmss create
      Connection:
      - keep-alive
      ParameterSetName:
      - -g -n --image --enable-agent --enable-auto-update --patch-mode --admin-username
        --admin-password
      User-Agent:
      - AZURECLI/2.63.0 azsdk-python-core/1.28.0 Python/3.10.11 (Windows-10-10.0.22631-SP0)
    method: GET
    uri: https://management.azure.com/subscriptions/00000000-0000-0000-0000-000000000000/providers/Microsoft.Compute/locations/westus/publishers/MicrosoftWindowsServer/artifacttypes/vmimage/offers/WindowsServer/skus/2022-datacenter-g2/versions?$top=1&$orderby=name%20desc&api-version=2024-07-01
  response:
    body:
      string: "[\r\n  {\r\n    \"location\": \"westus\",\r\n    \"name\": \"20348.2655.240810\"\
        ,\r\n    \"id\": \"/Subscriptions/00000000-0000-0000-0000-000000000000/Providers/Microsoft.Compute/Locations/westus/Publishers/MicrosoftWindowsServer/ArtifactTypes/VMImage/Offers/WindowsServer/Skus/2022-datacenter-g2/Versions/20348.2655.240810\"\
        \r\n  }\r\n]"
    headers:
      cache-control:
      - no-cache
      content-length:
      - '313'
      content-type:
      - application/json; charset=utf-8
      date:
      - Mon, 26 Aug 2024 09:47:14 GMT
      expires:
      - '-1'
      pragma:
      - no-cache
      strict-transport-security:
      - max-age=31536000; includeSubDomains
      x-cache:
      - CONFIG_NOCACHE
      x-content-type-options:
      - nosniff
      x-ms-ratelimit-remaining-resource:
      - Microsoft.Compute/ListVMImagesVersionsFromLocation3Min;15999,Microsoft.Compute/ListVMImagesVersionsFromLocation30Min;43999
      x-ms-ratelimit-remaining-subscription-global-reads:
      - '3749'
      x-msedge-ref:
      - 'Ref A: AD8CDE6445DA4D8093877BF116FB201C Ref B: TYO201100117039 Ref C: 2024-08-26T09:47:14Z'
    status:
      code: 200
      message: OK
- request:
    body: null
    headers:
      Accept:
      - application/json
      Accept-Encoding:
      - gzip, deflate
      CommandName:
      - vmss create
      Connection:
      - keep-alive
      ParameterSetName:
      - -g -n --image --enable-agent --enable-auto-update --patch-mode --admin-username
        --admin-password
      User-Agent:
      - AZURECLI/2.63.0 azsdk-python-core/1.28.0 Python/3.10.11 (Windows-10-10.0.22631-SP0)
    method: GET
    uri: https://management.azure.com/subscriptions/00000000-0000-0000-0000-000000000000/providers/Microsoft.Compute/locations/westus/publishers/MicrosoftWindowsServer/artifacttypes/vmimage/offers/WindowsServer/skus/2022-datacenter-g2/versions/20348.2655.240810?api-version=2024-07-01
  response:
    body:
      string: "{\r\n  \"properties\": {\r\n    \"hyperVGeneration\": \"V2\",\r\n \
        \   \"architecture\": \"x64\",\r\n    \"replicaType\": \"Managed\",\r\n  \
        \  \"replicaCount\": 10,\r\n    \"disallowed\": {\r\n      \"vmDiskType\"\
        : \"Unmanaged\"\r\n    },\r\n    \"automaticOSUpgradeProperties\": {\r\n \
        \     \"automaticOSUpgradeSupported\": false\r\n    },\r\n    \"imageDeprecationStatus\"\
        : {\r\n      \"imageState\": \"Active\"\r\n    },\r\n    \"features\": [\r\
        \n      {\r\n        \"name\": \"SecurityType\",\r\n        \"value\": \"\
        TrustedLaunchAndConfidentialVmSupported\"\r\n      },\r\n      {\r\n     \
        \   \"name\": \"IsAcceleratedNetworkSupported\",\r\n        \"value\": \"\
        True\"\r\n      },\r\n      {\r\n        \"name\": \"DiskControllerTypes\"\
        ,\r\n        \"value\": \"SCSI, NVMe\"\r\n      },\r\n      {\r\n        \"\
        name\": \"IsHibernateSupported\",\r\n        \"value\": \"True\"\r\n     \
        \ }\r\n    ],\r\n    \"osDiskImage\": {\r\n      \"operatingSystem\": \"Windows\"\
        ,\r\n      \"sizeInGb\": 127\r\n    },\r\n    \"dataDiskImages\": []\r\n \
        \ },\r\n  \"location\": \"westus\",\r\n  \"name\": \"20348.2655.240810\",\r\
        \n  \"id\": \"/Subscriptions/00000000-0000-0000-0000-000000000000/Providers/Microsoft.Compute/Locations/westus/Publishers/MicrosoftWindowsServer/ArtifactTypes/VMImage/Offers/WindowsServer/Skus/2022-datacenter-g2/Versions/20348.2655.240810\"\
        \r\n}"
    headers:
      cache-control:
      - no-cache
      content-length:
      - '1184'
      content-type:
      - application/json; charset=utf-8
      date:
      - Mon, 26 Aug 2024 09:47:16 GMT
      expires:
      - '-1'
      pragma:
      - no-cache
      strict-transport-security:
      - max-age=31536000; includeSubDomains
      x-cache:
      - CONFIG_NOCACHE
      x-content-type-options:
      - nosniff
      x-ms-ratelimit-remaining-resource:
      - Microsoft.Compute/GetVMImageFromLocation3Min;12999,Microsoft.Compute/GetVMImageFromLocation30Min;73999
      x-ms-ratelimit-remaining-subscription-global-reads:
      - '3749'
      x-msedge-ref:
      - 'Ref A: 1B9F4F247A2B4F60941D653A3CE4C4AB Ref B: TYO201151002031 Ref C: 2024-08-26T09:47:15Z'
    status:
      code: 200
      message: OK
- request:
    body: null
    headers:
      Accept:
      - application/json
      Accept-Encoding:
      - gzip, deflate
      CommandName:
      - vmss create
      Connection:
      - keep-alive
      ParameterSetName:
      - -g -n --image --enable-agent --enable-auto-update --patch-mode --admin-username
        --admin-password
      User-Agent:
      - AZURECLI/2.63.0 azsdk-python-core/1.28.0 Python/3.10.11 (Windows-10-10.0.22631-SP0)
    method: GET
    uri: https://management.azure.com/subscriptions/00000000-0000-0000-0000-000000000000/resourceGroups/cli_test_vmss_window_patch_mode_000001/providers/Microsoft.Network/virtualNetworks?api-version=2022-01-01
  response:
    body:
      string: '{"value":[]}'
    headers:
      cache-control:
      - no-cache
      content-length:
      - '12'
      content-type:
      - application/json; charset=utf-8
      date:
      - Mon, 26 Aug 2024 09:47:16 GMT
      expires:
      - '-1'
      pragma:
      - no-cache
      strict-transport-security:
      - max-age=31536000; includeSubDomains
      x-cache:
      - CONFIG_NOCACHE
      x-content-type-options:
      - nosniff
      x-ms-ratelimit-remaining-subscription-global-reads:
      - '3749'
      x-msedge-ref:
      - 'Ref A: 03453AAFAE27479FAA9FCC713F15CF31 Ref B: TYO201100114027 Ref C: 2024-08-26T09:47:16Z'
    status:
      code: 200
      message: OK
- request:
    body: '{"properties": {"template": {"$schema": "https://schema.management.azure.com/schemas/2015-01-01/deploymentTemplate.json#",
      "contentVersion": "1.0.0.0", "parameters": {"adminPassword": {"type": "securestring",
      "metadata": {"description": "Secure adminPassword"}}}, "variables": {}, "resources":
      [{"name": "clitestvmss000002VNET", "type": "Microsoft.Network/virtualNetworks",
      "location": "westus", "apiVersion": "2015-06-15", "dependsOn": [], "tags": {},
      "properties": {"addressSpace": {"addressPrefixes": ["10.0.0.0/16"]}, "subnets":
      [{"name": "clitestvmss000002Subnet", "properties": {"addressPrefix": "10.0.0.0/24"}}]}},
      {"apiVersion": "2022-01-01", "type": "Microsoft.Network/publicIPAddresses",
      "name": "clitestvmss000002LBPublicIP", "location": "westus", "tags": {}, "dependsOn":
      [], "properties": {"publicIPAllocationMethod": "Static"}, "sku": {"name": "Standard"}},
      {"type": "Microsoft.Network/loadBalancers", "name": "clitestvmss000002LB", "location":
      "westus", "tags": {}, "apiVersion": "2022-01-01", "dependsOn": ["Microsoft.Network/virtualNetworks/clitestvmss000002VNET",
      "Microsoft.Network/publicIpAddresses/clitestvmss000002LBPublicIP"], "properties":
      {"backendAddressPools": [{"name": "clitestvmss000002LBBEPool"}], "frontendIPConfigurations":
      [{"name": "loadBalancerFrontEnd", "properties": {"publicIPAddress": {"id": "/subscriptions/00000000-0000-0000-0000-000000000000/resourceGroups/cli_test_vmss_window_patch_mode_000001/providers/Microsoft.Network/publicIPAddresses/clitestvmss000002LBPublicIP"}}}],
      "loadBalancingRules": [{"name": "LBRule", "properties": {"frontendIPConfiguration":
      {"id": "[concat(resourceId(''Microsoft.Network/loadBalancers'', ''clitestvmss000002LB''),
      ''/frontendIPConfigurations/'', ''loadBalancerFrontEnd'')]"}, "backendAddressPool":
      {"id": "[concat(resourceId(''Microsoft.Network/loadBalancers'', ''clitestvmss000002LB''),
      ''/backendAddressPools/'', ''clitestvmss000002LBBEPool'')]"}, "protocol": "tcp",
      "frontendPort": 80, "backendPort": 80, "enableFloatingIP": false, "idleTimeoutInMinutes":
      5}}]}, "sku": {"name": "Standard"}}, {"type": "Microsoft.Network/networkSecurityGroups",
      "name": "clitestvmss000002NSG", "apiVersion": "2015-06-15", "location": "westus",
      "tags": {}, "dependsOn": [], "properties": {"securityRules": [{"name": "default-allow-ssh",
      "properties": {"protocol": "Tcp", "sourcePortRange": "*", "destinationPortRange":
      "22", "sourceAddressPrefix": "*", "destinationAddressPrefix": "*", "access":
      "Allow", "priority": 1000, "direction": "Inbound"}}]}}, {"type": "Microsoft.Network/loadBalancers/inboundNatRules",
      "apiVersion": "2022-01-01", "name": "clitestvmss000002LB/NatRule", "location":
      "westus", "properties": {"frontendIPConfiguration": {"id": "[concat(resourceId(''Microsoft.Network/loadBalancers'',
      ''clitestvmss000002LB''), ''/frontendIPConfigurations/'', ''loadBalancerFrontEnd'')]"},
      "backendAddressPool": {"id": "[concat(resourceId(''Microsoft.Network/loadBalancers'',
      ''clitestvmss000002LB''), ''/backendAddressPools/'', ''clitestvmss000002LBBEPool'')]"},
      "backendPort": 3389, "frontendPortRangeStart": "50000", "frontendPortRangeEnd":
      "50119", "protocol": "tcp", "idleTimeoutInMinutes": 5}, "dependsOn": ["[concat(''Microsoft.Network/loadBalancers/'',
      ''clitestvmss000002LB'')]"]}, {"type": "Microsoft.Compute/virtualMachineScaleSets",
      "name": "clitestvmss000002", "location": "westus", "tags": {}, "apiVersion":
      "2024-07-01", "dependsOn": ["Microsoft.Network/virtualNetworks/clitestvmss000002VNET",
      "Microsoft.Network/loadBalancers/clitestvmss000002LB", "Microsoft.Network/networkSecurityGroups/clitestvmss000002NSG"],
      "properties": {"upgradePolicy": {"mode": "manual"}, "singlePlacementGroup":
      null, "platformFaultDomainCount": 1, "virtualMachineProfile": {"storageProfile":
      {"osDisk": {"createOption": "FromImage", "caching": "ReadWrite", "managedDisk":
      {"storageAccountType": null}}, "imageReference": {"publisher": "MicrosoftWindowsServer",
      "offer": "WindowsServer", "sku": "2022-datacenter-g2", "version": "latest"}},
      "osProfile": {"computerNamePrefix": "clitestv", "adminUsername": "azureuser",
      "adminPassword": "[parameters(''adminPassword'')]", "windowsConfiguration":
      {"provisionVMAgent": true, "enableAutomaticUpdates": false, "patchSettings":
      {"patchMode": "Manual"}}}, "networkProfile": {"networkInterfaceConfigurations":
      [{"name": "clitec218Nic", "properties": {"ipConfigurations": [{"name": "clitec218IPConfig",
      "properties": {"subnet": {"id": "/subscriptions/00000000-0000-0000-0000-000000000000/resourceGroups/cli_test_vmss_window_patch_mode_000001/providers/Microsoft.Network/virtualNetworks/clitestvmss000002VNET/subnets/clitestvmss000002Subnet"},
      "loadBalancerBackendAddressPools": [{"id": "/subscriptions/00000000-0000-0000-0000-000000000000/resourceGroups/cli_test_vmss_window_patch_mode_000001/providers/Microsoft.Network/loadBalancers/clitestvmss000002LB/backendAddressPools/clitestvmss000002LBBEPool"}]}}],
      "networkSecurityGroup": {"id": "[resourceId(''Microsoft.Network/networkSecurityGroups'',
      ''clitestvmss000002NSG'')]"}, "primary": "true"}}], "networkApiVersion": "2020-11-01"}},
      "orchestrationMode": "Flexible"}, "sku": {"name": "Standard_DS1_v2", "capacity":
      2}}], "outputs": {"VMSS": {"type": "object", "value": "[reference(resourceId(''Microsoft.Compute/virtualMachineScaleSets'',
      ''clitestvmss000002''),providers(''Microsoft.Compute'', ''virtualMachineScaleSets'').apiVersions[0])]"}}},
      "parameters": {"adminPassword": {"value": "testPassword0"}}, "mode": "incremental"}}'
    headers:
      Accept:
      - application/json
      Accept-Encoding:
      - gzip, deflate
      CommandName:
      - vmss create
      Connection:
      - keep-alive
      Content-Length:
      - '5434'
      Content-Type:
      - application/json
      ParameterSetName:
      - -g -n --image --enable-agent --enable-auto-update --patch-mode --admin-username
        --admin-password
      User-Agent:
      - AZURECLI/2.63.0 azsdk-python-core/1.28.0 Python/3.10.11 (Windows-10-10.0.22631-SP0)
    method: PUT
    uri: https://management.azure.com/subscriptions/00000000-0000-0000-0000-000000000000/resourcegroups/cli_test_vmss_window_patch_mode_000001/providers/Microsoft.Resources/deployments/mock-deployment?api-version=2022-09-01
  response:
    body:
      string: '{"id":"/subscriptions/00000000-0000-0000-0000-000000000000/resourceGroups/cli_test_vmss_window_patch_mode_000001/providers/Microsoft.Resources/deployments/vmss_deploy_QU5n1y2nXatVYM9RPUmEADIVZJCloqDo","name":"vmss_deploy_QU5n1y2nXatVYM9RPUmEADIVZJCloqDo","type":"Microsoft.Resources/deployments","properties":{"templateHash":"17426454857213529455","parameters":{"adminPassword":{"type":"SecureString"}},"mode":"Incremental","provisioningState":"Accepted","timestamp":"2024-08-26T09:47:21.5251493Z","duration":"PT0.0009446S","correlationId":"426366f0-997e-47a8-b8c7-c0d1d66f4e06","providers":[{"namespace":"Microsoft.Network","resourceTypes":[{"resourceType":"virtualNetworks","locations":["westus"]},{"resourceType":"publicIPAddresses","locations":["westus"]},{"resourceType":"loadBalancers","locations":["westus"]},{"resourceType":"networkSecurityGroups","locations":["westus"]},{"resourceType":"loadBalancers/inboundNatRules","locations":["westus"]}]},{"namespace":"Microsoft.Compute","resourceTypes":[{"resourceType":"virtualMachineScaleSets","locations":["westus"]}]}],"dependencies":[{"dependsOn":[{"id":"/subscriptions/00000000-0000-0000-0000-000000000000/resourceGroups/cli_test_vmss_window_patch_mode_000001/providers/Microsoft.Network/virtualNetworks/clitestvmss000002VNET","resourceType":"Microsoft.Network/virtualNetworks","resourceName":"clitestvmss000002VNET"},{"id":"/subscriptions/00000000-0000-0000-0000-000000000000/resourceGroups/cli_test_vmss_window_patch_mode_000001/providers/Microsoft.Network/publicIPAddresses/clitestvmss000002LBPublicIP","resourceType":"Microsoft.Network/publicIPAddresses","resourceName":"clitestvmss000002LBPublicIP"}],"id":"/subscriptions/00000000-0000-0000-0000-000000000000/resourceGroups/cli_test_vmss_window_patch_mode_000001/providers/Microsoft.Network/loadBalancers/clitestvmss000002LB","resourceType":"Microsoft.Network/loadBalancers","resourceName":"clitestvmss000002LB"},{"dependsOn":[{"id":"/subscriptions/00000000-0000-0000-0000-000000000000/resourceGroups/cli_test_vmss_window_patch_mode_000001/providers/Microsoft.Network/loadBalancers/clitestvmss000002LB","resourceType":"Microsoft.Network/loadBalancers","resourceName":"clitestvmss000002LB"}],"id":"/subscriptions/00000000-0000-0000-0000-000000000000/resourceGroups/cli_test_vmss_window_patch_mode_000001/providers/Microsoft.Network/loadBalancers/clitestvmss000002LB/inboundNatRules/NatRule","resourceType":"Microsoft.Network/loadBalancers/inboundNatRules","resourceName":"clitestvmss000002LB/NatRule"},{"dependsOn":[{"id":"/subscriptions/00000000-0000-0000-0000-000000000000/resourceGroups/cli_test_vmss_window_patch_mode_000001/providers/Microsoft.Network/virtualNetworks/clitestvmss000002VNET","resourceType":"Microsoft.Network/virtualNetworks","resourceName":"clitestvmss000002VNET"},{"id":"/subscriptions/00000000-0000-0000-0000-000000000000/resourceGroups/cli_test_vmss_window_patch_mode_000001/providers/Microsoft.Network/loadBalancers/clitestvmss000002LB","resourceType":"Microsoft.Network/loadBalancers","resourceName":"clitestvmss000002LB"},{"id":"/subscriptions/00000000-0000-0000-0000-000000000000/resourceGroups/cli_test_vmss_window_patch_mode_000001/providers/Microsoft.Network/networkSecurityGroups/clitestvmss000002NSG","resourceType":"Microsoft.Network/networkSecurityGroups","resourceName":"clitestvmss000002NSG"}],"id":"/subscriptions/00000000-0000-0000-0000-000000000000/resourceGroups/cli_test_vmss_window_patch_mode_000001/providers/Microsoft.Compute/virtualMachineScaleSets/clitestvmss000002","resourceType":"Microsoft.Compute/virtualMachineScaleSets","resourceName":"clitestvmss000002"}]}}'
    headers:
      azure-asyncoperation:
      - https://management.azure.com/subscriptions/00000000-0000-0000-0000-000000000000/resourcegroups/cli_test_vmss_window_patch_mode_000001/providers/Microsoft.Resources/deployments/vmss_deploy_QU5n1y2nXatVYM9RPUmEADIVZJCloqDo/operationStatuses/08584769412458711224?api-version=2022-09-01
      cache-control:
      - no-cache
      content-length:
      - '3622'
      content-type:
      - application/json; charset=utf-8
      date:
      - Mon, 26 Aug 2024 09:47:23 GMT
      expires:
      - '-1'
      pragma:
      - no-cache
      strict-transport-security:
      - max-age=31536000; includeSubDomains
      x-cache:
      - CONFIG_NOCACHE
      x-content-type-options:
      - nosniff
      x-ms-deployment-engine-version:
      - 1.95.0
      x-ms-ratelimit-remaining-subscription-global-writes:
      - '2999'
      x-ms-ratelimit-remaining-subscription-writes:
      - '199'
      x-msedge-ref:
      - 'Ref A: 187FAEA8DCFE4A91897E823B09C17623 Ref B: TYO201151001029 Ref C: 2024-08-26T09:47:17Z'
    status:
      code: 201
      message: Created
- request:
    body: null
    headers:
      Accept:
      - '*/*'
      Accept-Encoding:
      - gzip, deflate
      CommandName:
      - vmss create
      Connection:
      - keep-alive
      ParameterSetName:
      - -g -n --image --enable-agent --enable-auto-update --patch-mode --admin-username
        --admin-password
      User-Agent:
      - AZURECLI/2.63.0 azsdk-python-core/1.28.0 Python/3.10.11 (Windows-10-10.0.22631-SP0)
    method: GET
    uri: https://management.azure.com/subscriptions/00000000-0000-0000-0000-000000000000/resourcegroups/cli_test_vmss_window_patch_mode_000001/providers/Microsoft.Resources/deployments/mock-deployment/operationStatuses/08584769412458711224?api-version=2022-09-01
  response:
    body:
      string: '{"status":"Running"}'
    headers:
      cache-control:
      - no-cache
      content-length:
      - '20'
      content-type:
      - application/json; charset=utf-8
      date:
      - Mon, 26 Aug 2024 09:47:24 GMT
      expires:
      - '-1'
      pragma:
      - no-cache
      strict-transport-security:
      - max-age=31536000; includeSubDomains
      x-cache:
      - CONFIG_NOCACHE
      x-content-type-options:
      - nosniff
      x-ms-ratelimit-remaining-subscription-global-reads:
      - '3749'
      x-msedge-ref:
      - 'Ref A: CDA2B5D3E8DC41258AED6D190B0F01F4 Ref B: TYO201151001029 Ref C: 2024-08-26T09:47:23Z'
    status:
      code: 200
      message: OK
- request:
    body: null
    headers:
      Accept:
      - '*/*'
      Accept-Encoding:
      - gzip, deflate
      CommandName:
      - vmss create
      Connection:
      - keep-alive
      ParameterSetName:
      - -g -n --image --enable-agent --enable-auto-update --patch-mode --admin-username
        --admin-password
      User-Agent:
      - AZURECLI/2.63.0 azsdk-python-core/1.28.0 Python/3.10.11 (Windows-10-10.0.22631-SP0)
    method: GET
    uri: https://management.azure.com/subscriptions/00000000-0000-0000-0000-000000000000/resourcegroups/cli_test_vmss_window_patch_mode_000001/providers/Microsoft.Resources/deployments/mock-deployment/operationStatuses/08584769412458711224?api-version=2022-09-01
  response:
    body:
      string: '{"status":"Running"}'
    headers:
      cache-control:
      - no-cache
      content-length:
      - '20'
      content-type:
      - application/json; charset=utf-8
      date:
      - Mon, 26 Aug 2024 09:47:54 GMT
      expires:
      - '-1'
      pragma:
      - no-cache
      strict-transport-security:
      - max-age=31536000; includeSubDomains
      x-cache:
      - CONFIG_NOCACHE
      x-content-type-options:
      - nosniff
      x-ms-ratelimit-remaining-subscription-global-reads:
      - '3749'
      x-msedge-ref:
      - 'Ref A: DDDFBFE1AC72445CA5EFCA7AF22F2698 Ref B: TYO201151001029 Ref C: 2024-08-26T09:47:54Z'
    status:
      code: 200
      message: OK
- request:
    body: null
    headers:
      Accept:
      - '*/*'
      Accept-Encoding:
      - gzip, deflate
      CommandName:
      - vmss create
      Connection:
      - keep-alive
      ParameterSetName:
      - -g -n --image --enable-agent --enable-auto-update --patch-mode --admin-username
        --admin-password
      User-Agent:
      - AZURECLI/2.63.0 azsdk-python-core/1.28.0 Python/3.10.11 (Windows-10-10.0.22631-SP0)
    method: GET
    uri: https://management.azure.com/subscriptions/00000000-0000-0000-0000-000000000000/resourcegroups/cli_test_vmss_window_patch_mode_000001/providers/Microsoft.Resources/deployments/mock-deployment/operationStatuses/08584769412458711224?api-version=2022-09-01
  response:
    body:
      string: '{"status":"Running"}'
    headers:
      cache-control:
      - no-cache
      content-length:
      - '20'
      content-type:
      - application/json; charset=utf-8
      date:
      - Mon, 26 Aug 2024 09:48:25 GMT
      expires:
      - '-1'
      pragma:
      - no-cache
      strict-transport-security:
      - max-age=31536000; includeSubDomains
      x-cache:
      - CONFIG_NOCACHE
      x-content-type-options:
      - nosniff
      x-ms-ratelimit-remaining-subscription-global-reads:
      - '3749'
      x-msedge-ref:
      - 'Ref A: 94ABD789C2BA4EC2893F43C75D9ADA4A Ref B: TYO201151001029 Ref C: 2024-08-26T09:48:25Z'
    status:
      code: 200
      message: OK
- request:
    body: null
    headers:
      Accept:
      - '*/*'
      Accept-Encoding:
      - gzip, deflate
      CommandName:
      - vmss create
      Connection:
      - keep-alive
      ParameterSetName:
      - -g -n --image --enable-agent --enable-auto-update --patch-mode --admin-username
        --admin-password
      User-Agent:
      - AZURECLI/2.63.0 azsdk-python-core/1.28.0 Python/3.10.11 (Windows-10-10.0.22631-SP0)
    method: GET
    uri: https://management.azure.com/subscriptions/00000000-0000-0000-0000-000000000000/resourcegroups/cli_test_vmss_window_patch_mode_000001/providers/Microsoft.Resources/deployments/mock-deployment/operationStatuses/08584769412458711224?api-version=2022-09-01
  response:
    body:
      string: '{"status":"Running"}'
    headers:
      cache-control:
      - no-cache
      content-length:
      - '20'
      content-type:
      - application/json; charset=utf-8
      date:
      - Mon, 26 Aug 2024 09:48:57 GMT
      expires:
      - '-1'
      pragma:
      - no-cache
      strict-transport-security:
      - max-age=31536000; includeSubDomains
      x-cache:
      - CONFIG_NOCACHE
      x-content-type-options:
      - nosniff
      x-ms-ratelimit-remaining-subscription-global-reads:
      - '3749'
      x-msedge-ref:
      - 'Ref A: 8DF9419C0B0A4FC9B439336FCE81E9AA Ref B: TYO201151001029 Ref C: 2024-08-26T09:48:56Z'
    status:
      code: 200
      message: OK
- request:
    body: null
    headers:
      Accept:
      - '*/*'
      Accept-Encoding:
      - gzip, deflate
      CommandName:
      - vmss create
      Connection:
      - keep-alive
      ParameterSetName:
      - -g -n --image --enable-agent --enable-auto-update --patch-mode --admin-username
        --admin-password
      User-Agent:
      - AZURECLI/2.63.0 azsdk-python-core/1.28.0 Python/3.10.11 (Windows-10-10.0.22631-SP0)
    method: GET
    uri: https://management.azure.com/subscriptions/00000000-0000-0000-0000-000000000000/resourcegroups/cli_test_vmss_window_patch_mode_000001/providers/Microsoft.Resources/deployments/mock-deployment/operationStatuses/08584769412458711224?api-version=2022-09-01
  response:
    body:
      string: '{"status":"Running"}'
    headers:
      cache-control:
      - no-cache
      content-length:
      - '20'
      content-type:
      - application/json; charset=utf-8
      date:
      - Mon, 26 Aug 2024 09:49:28 GMT
      expires:
      - '-1'
      pragma:
      - no-cache
      strict-transport-security:
      - max-age=31536000; includeSubDomains
      x-cache:
      - CONFIG_NOCACHE
      x-content-type-options:
      - nosniff
      x-ms-ratelimit-remaining-subscription-global-reads:
      - '3749'
      x-msedge-ref:
      - 'Ref A: 4A9CAEC819F54A339C5D08EDA9EFD3D5 Ref B: TYO201151001029 Ref C: 2024-08-26T09:49:27Z'
    status:
      code: 200
      message: OK
- request:
    body: null
    headers:
      Accept:
      - '*/*'
      Accept-Encoding:
      - gzip, deflate
      CommandName:
      - vmss create
      Connection:
      - keep-alive
      ParameterSetName:
      - -g -n --image --enable-agent --enable-auto-update --patch-mode --admin-username
        --admin-password
      User-Agent:
      - AZURECLI/2.63.0 azsdk-python-core/1.28.0 Python/3.10.11 (Windows-10-10.0.22631-SP0)
    method: GET
    uri: https://management.azure.com/subscriptions/00000000-0000-0000-0000-000000000000/resourcegroups/cli_test_vmss_window_patch_mode_000001/providers/Microsoft.Resources/deployments/mock-deployment/operationStatuses/08584769412458711224?api-version=2022-09-01
  response:
    body:
      string: '{"status":"Succeeded"}'
    headers:
      cache-control:
      - no-cache
      content-length:
      - '22'
      content-type:
      - application/json; charset=utf-8
      date:
      - Mon, 26 Aug 2024 09:49:58 GMT
      expires:
      - '-1'
      pragma:
      - no-cache
      strict-transport-security:
      - max-age=31536000; includeSubDomains
      x-cache:
      - CONFIG_NOCACHE
      x-content-type-options:
      - nosniff
      x-ms-ratelimit-remaining-subscription-global-reads:
      - '3749'
      x-msedge-ref:
      - 'Ref A: 2F7A8C31A3024761A5E029D9EE7A6DBB Ref B: TYO201151001029 Ref C: 2024-08-26T09:49:58Z'
    status:
      code: 200
      message: OK
- request:
    body: null
    headers:
      Accept:
      - '*/*'
      Accept-Encoding:
      - gzip, deflate
      CommandName:
      - vmss create
      Connection:
      - keep-alive
      ParameterSetName:
      - -g -n --image --enable-agent --enable-auto-update --patch-mode --admin-username
        --admin-password
      User-Agent:
      - AZURECLI/2.63.0 azsdk-python-core/1.28.0 Python/3.10.11 (Windows-10-10.0.22631-SP0)
    method: GET
    uri: https://management.azure.com/subscriptions/00000000-0000-0000-0000-000000000000/resourcegroups/cli_test_vmss_window_patch_mode_000001/providers/Microsoft.Resources/deployments/mock-deployment?api-version=2022-09-01
  response:
    body:
      string: '{"id":"/subscriptions/00000000-0000-0000-0000-000000000000/resourceGroups/cli_test_vmss_window_patch_mode_000001/providers/Microsoft.Resources/deployments/vmss_deploy_QU5n1y2nXatVYM9RPUmEADIVZJCloqDo","name":"vmss_deploy_QU5n1y2nXatVYM9RPUmEADIVZJCloqDo","type":"Microsoft.Resources/deployments","properties":{"templateHash":"17426454857213529455","parameters":{"adminPassword":{"type":"SecureString"}},"mode":"Incremental","provisioningState":"Succeeded","timestamp":"2024-08-26T09:49:29.4823934Z","duration":"PT2M7.9581887S","correlationId":"426366f0-997e-47a8-b8c7-c0d1d66f4e06","providers":[{"namespace":"Microsoft.Network","resourceTypes":[{"resourceType":"virtualNetworks","locations":["westus"]},{"resourceType":"publicIPAddresses","locations":["westus"]},{"resourceType":"loadBalancers","locations":["westus"]},{"resourceType":"networkSecurityGroups","locations":["westus"]},{"resourceType":"loadBalancers/inboundNatRules","locations":["westus"]}]},{"namespace":"Microsoft.Compute","resourceTypes":[{"resourceType":"virtualMachineScaleSets","locations":["westus"]}]}],"dependencies":[{"dependsOn":[{"id":"/subscriptions/00000000-0000-0000-0000-000000000000/resourceGroups/cli_test_vmss_window_patch_mode_000001/providers/Microsoft.Network/virtualNetworks/clitestvmss000002VNET","resourceType":"Microsoft.Network/virtualNetworks","resourceName":"clitestvmss000002VNET"},{"id":"/subscriptions/00000000-0000-0000-0000-000000000000/resourceGroups/cli_test_vmss_window_patch_mode_000001/providers/Microsoft.Network/publicIPAddresses/clitestvmss000002LBPublicIP","resourceType":"Microsoft.Network/publicIPAddresses","resourceName":"clitestvmss000002LBPublicIP"}],"id":"/subscriptions/00000000-0000-0000-0000-000000000000/resourceGroups/cli_test_vmss_window_patch_mode_000001/providers/Microsoft.Network/loadBalancers/clitestvmss000002LB","resourceType":"Microsoft.Network/loadBalancers","resourceName":"clitestvmss000002LB"},{"dependsOn":[{"id":"/subscriptions/00000000-0000-0000-0000-000000000000/resourceGroups/cli_test_vmss_window_patch_mode_000001/providers/Microsoft.Network/loadBalancers/clitestvmss000002LB","resourceType":"Microsoft.Network/loadBalancers","resourceName":"clitestvmss000002LB"}],"id":"/subscriptions/00000000-0000-0000-0000-000000000000/resourceGroups/cli_test_vmss_window_patch_mode_000001/providers/Microsoft.Network/loadBalancers/clitestvmss000002LB/inboundNatRules/NatRule","resourceType":"Microsoft.Network/loadBalancers/inboundNatRules","resourceName":"clitestvmss000002LB/NatRule"},{"dependsOn":[{"id":"/subscriptions/00000000-0000-0000-0000-000000000000/resourceGroups/cli_test_vmss_window_patch_mode_000001/providers/Microsoft.Network/virtualNetworks/clitestvmss000002VNET","resourceType":"Microsoft.Network/virtualNetworks","resourceName":"clitestvmss000002VNET"},{"id":"/subscriptions/00000000-0000-0000-0000-000000000000/resourceGroups/cli_test_vmss_window_patch_mode_000001/providers/Microsoft.Network/loadBalancers/clitestvmss000002LB","resourceType":"Microsoft.Network/loadBalancers","resourceName":"clitestvmss000002LB"},{"id":"/subscriptions/00000000-0000-0000-0000-000000000000/resourceGroups/cli_test_vmss_window_patch_mode_000001/providers/Microsoft.Network/networkSecurityGroups/clitestvmss000002NSG","resourceType":"Microsoft.Network/networkSecurityGroups","resourceName":"clitestvmss000002NSG"}],"id":"/subscriptions/00000000-0000-0000-0000-000000000000/resourceGroups/cli_test_vmss_window_patch_mode_000001/providers/Microsoft.Compute/virtualMachineScaleSets/clitestvmss000002","resourceType":"Microsoft.Compute/virtualMachineScaleSets","resourceName":"clitestvmss000002"}],"outputs":{"vmss":{"type":"Object","value":{"singlePlacementGroup":false,"orchestrationMode":"Flexible","upgradePolicy":{"mode":"Manual"},"virtualMachineProfile":{"osProfile":{"computerNamePrefix":"clitestv","adminUsername":"azureuser","windowsConfiguration":{"provisionVMAgent":true,"enableAutomaticUpdates":false,"patchSettings":{"patchMode":"Manual","assessmentMode":"ImageDefault"}},"secrets":[],"allowExtensionOperations":true,"requireGuestProvisionSignal":true},"storageProfile":{"osDisk":{"osType":"Windows","createOption":"FromImage","caching":"ReadWrite","managedDisk":{"storageAccountType":"Premium_LRS"},"deleteOption":"Delete","diskSizeGB":127},"imageReference":{"publisher":"MicrosoftWindowsServer","offer":"WindowsServer","sku":"2022-datacenter-g2","version":"latest"},"diskControllerType":"SCSI"},"networkProfile":{"networkApiVersion":"2020-11-01","networkInterfaceConfigurations":[{"name":"clitec218Nic","properties":{"primary":true,"disableTcpStateTracking":false,"enableIPForwarding":false,"auxiliaryMode":"None","auxiliarySku":"None","deleteOption":"Delete","ipConfigurations":[{"name":"clitec218IPConfig","properties":{"privateIPAddressVersion":"IPv4","subnet":{"id":"/subscriptions/00000000-0000-0000-0000-000000000000/resourceGroups/cli_test_vmss_window_patch_mode_000001/providers/Microsoft.Network/virtualNetworks/clitestvmss000002VNET/subnets/clitestvmss000002Subnet"},"applicationSecurityGroups":[],"loadBalancerBackendAddressPools":[{"id":"/subscriptions/00000000-0000-0000-0000-000000000000/resourceGroups/cli_test_vmss_window_patch_mode_000001/providers/Microsoft.Network/loadBalancers/clitestvmss000002LB/backendAddressPools/clitestvmss000002LBBEPool"}],"applicationGatewayBackendAddressPools":[]}}],"networkSecurityGroup":{"id":"/subscriptions/00000000-0000-0000-0000-000000000000/resourceGroups/cli_test_vmss_window_patch_mode_000001/providers/Microsoft.Network/networkSecurityGroups/clitestvmss000002NSG"},"dnsSettings":{"dnsServers":[]}}}]},"timeCreated":"2024-08-26T09:47:34.1214456+00:00"},"provisioningState":"Succeeded","uniqueId":"6705b949-2f5f-4b6f-8d78-bd988d6c71f0","platformFaultDomainCount":1,"constrainedMaximumCapacity":false,"timeCreated":"2024-08-26T09:47:34.1214456+00:00"}}},"outputResources":[{"id":"/subscriptions/00000000-0000-0000-0000-000000000000/resourceGroups/cli_test_vmss_window_patch_mode_000001/providers/Microsoft.Compute/virtualMachineScaleSets/clitestvmss000002"},{"id":"/subscriptions/00000000-0000-0000-0000-000000000000/resourceGroups/cli_test_vmss_window_patch_mode_000001/providers/Microsoft.Network/loadBalancers/clitestvmss000002LB"},{"id":"/subscriptions/00000000-0000-0000-0000-000000000000/resourceGroups/cli_test_vmss_window_patch_mode_000001/providers/Microsoft.Network/loadBalancers/clitestvmss000002LB/inboundNatRules/NatRule"},{"id":"/subscriptions/00000000-0000-0000-0000-000000000000/resourceGroups/cli_test_vmss_window_patch_mode_000001/providers/Microsoft.Network/networkSecurityGroups/clitestvmss000002NSG"},{"id":"/subscriptions/00000000-0000-0000-0000-000000000000/resourceGroups/cli_test_vmss_window_patch_mode_000001/providers/Microsoft.Network/publicIPAddresses/clitestvmss000002LBPublicIP"},{"id":"/subscriptions/00000000-0000-0000-0000-000000000000/resourceGroups/cli_test_vmss_window_patch_mode_000001/providers/Microsoft.Network/virtualNetworks/clitestvmss000002VNET"}]}}'
    headers:
      cache-control:
      - no-cache
      content-length:
      - '6989'
      content-type:
      - application/json; charset=utf-8
      date:
      - Mon, 26 Aug 2024 09:49:59 GMT
      expires:
      - '-1'
      pragma:
      - no-cache
      strict-transport-security:
      - max-age=31536000; includeSubDomains
      x-cache:
      - CONFIG_NOCACHE
      x-content-type-options:
      - nosniff
      x-ms-ratelimit-remaining-subscription-global-reads:
      - '3748'
      x-msedge-ref:
      - 'Ref A: 0834C6E4C24E4E5791D691598DF0B9BE Ref B: TYO201151001029 Ref C: 2024-08-26T09:49:59Z'
    status:
      code: 200
      message: OK
- request:
    body: null
    headers:
      Accept:
      - application/json
      Accept-Encoding:
      - gzip, deflate
      CommandName:
      - vmss list-instances
      Connection:
      - keep-alive
      ParameterSetName:
      - -g -n
      User-Agent:
      - AZURECLI/2.63.0 azsdk-python-core/1.28.0 Python/3.10.11 (Windows-10-10.0.22631-SP0)
    method: GET
    uri: https://management.azure.com/subscriptions/00000000-0000-0000-0000-000000000000/resourceGroups/cli_test_vmss_window_patch_mode_000001/providers/Microsoft.Compute/virtualMachineScaleSets/clitestvmss000002/virtualMachines?api-version=2023-09-01
  response:
    body:
      string: "{\r\n  \"value\": [\r\n    {\r\n      \"name\": \"clitestvmss000002_3a39e35c\"\
        ,\r\n      \"id\": \"/subscriptions/00000000-0000-0000-0000-000000000000/resourceGroups/cli_test_vmss_window_patch_mode_000001/providers/Microsoft.Compute/virtualMachineScaleSets/clitestvmss000002/virtualMachines/clitestvmss000002_3a39e35c\"\
        ,\r\n      \"type\": \"Microsoft.Compute/virtualMachineScaleSets/virtualMachines\"\
        ,\r\n      \"location\": \"westus\",\r\n      \"instanceId\": \"clitestvmss000002_3a39e35c\"\
        ,\r\n      \"zones\": [\r\n        null\r\n      ]\r\n    },\r\n    {\r\n\
        \      \"name\": \"clitestvmss000002_86c725f3\",\r\n      \"id\": \"/subscriptions/00000000-0000-0000-0000-000000000000/resourceGroups/cli_test_vmss_window_patch_mode_000001/providers/Microsoft.Compute/virtualMachineScaleSets/clitestvmss000002/virtualMachines/clitestvmss000002_86c725f3\"\
        ,\r\n      \"type\": \"Microsoft.Compute/virtualMachineScaleSets/virtualMachines\"\
        ,\r\n      \"location\": \"westus\",\r\n      \"instanceId\": \"clitestvmss000002_86c725f3\"\
        ,\r\n      \"zones\": [\r\n        null\r\n      ]\r\n    }\r\n  ]\r\n}"
    headers:
      cache-control:
      - no-cache
      content-length:
      - '1006'
      content-type:
      - application/json; charset=utf-8
      date:
      - Mon, 26 Aug 2024 09:49:59 GMT
      expires:
      - '-1'
      pragma:
      - no-cache
      strict-transport-security:
      - max-age=31536000; includeSubDomains
      x-cache:
      - CONFIG_NOCACHE
      x-content-type-options:
      - nosniff
      x-ms-ratelimit-remaining-resource:
      - Microsoft.Compute/HighCostGetVMScaleSetSubscriptionMaximum;1079,Microsoft.Compute/HighCostGetVMScaleSetResource;29,Microsoft.Compute/VMScaleSetVMViewsSubscriptionMaximum;29994
      x-ms-ratelimit-remaining-subscription-global-reads:
      - '3749'
      x-ms-request-charge:
      - '2'
      x-msedge-ref:
      - 'Ref A: 57851BE9C2C6432EA675EFD98546F806 Ref B: TYO201100113023 Ref C: 2024-08-26T09:50:00Z'
    status:
      code: 200
      message: ''
- request:
    body: null
    headers:
      Accept:
      - application/json
      Accept-Encoding:
      - gzip, deflate
      CommandName:
      - vm show
      Connection:
      - keep-alive
      ParameterSetName:
      - -g -n
      User-Agent:
      - AZURECLI/2.63.0 azsdk-python-core/1.28.0 Python/3.10.11 (Windows-10-10.0.22631-SP0)
    method: GET
    uri: https://management.azure.com/subscriptions/00000000-0000-0000-0000-000000000000/resourceGroups/cli_test_vmss_window_patch_mode_000001/providers/Microsoft.Compute/virtualMachines/clitestvmss000002_3a39e35c?api-version=2024-07-01
  response:
    body:
      string: "{\r\n  \"name\": \"clitestvmss000002_3a39e35c\",\r\n  \"id\": \"/subscriptions/00000000-0000-0000-0000-000000000000/resourceGroups/cli_test_vmss_window_patch_mode_000001/providers/Microsoft.Compute/virtualMachines/clitestvmss000002_3a39e35c\"\
        ,\r\n  \"type\": \"Microsoft.Compute/virtualMachines\",\r\n  \"location\"\
        : \"westus\",\r\n  \"tags\": {\r\n    \"VirtualMachineProfileTimeCreated\"\
        : \"8/26/2024 9:47:34 AM +00:00\"\r\n  },\r\n  \"properties\": {\r\n    \"\
        hardwareProfile\": {\r\n      \"vmSize\": \"Standard_DS1_v2\"\r\n    },\r\n\
        \    \"provisioningState\": \"Succeeded\",\r\n    \"vmId\": \"ae346e38-61d9-4912-b342-f0cd61c4ce4a\"\
        ,\r\n    \"virtualMachineScaleSet\": {\r\n      \"id\": \"/subscriptions/00000000-0000-0000-0000-000000000000/resourceGroups/cli_test_vmss_window_patch_mode_000001/providers/Microsoft.Compute/virtualMachineScaleSets/clitestvmss000002\"\
        \r\n    },\r\n    \"storageProfile\": {\r\n      \"imageReference\": {\r\n\
        \        \"publisher\": \"MicrosoftWindowsServer\",\r\n        \"offer\":\
        \ \"WindowsServer\",\r\n        \"sku\": \"2022-datacenter-g2\",\r\n     \
        \   \"version\": \"latest\",\r\n        \"exactVersion\": \"20348.2655.240810\"\
        \r\n      },\r\n      \"osDisk\": {\r\n        \"osType\": \"Windows\",\r\n\
        \        \"name\": \"clitestvmss000002_3a39e35c_OsDisk_1_432e597ace394b3692a2320b67a8ef9c\"\
        ,\r\n        \"createOption\": \"FromImage\",\r\n        \"caching\": \"ReadWrite\"\
        ,\r\n        \"managedDisk\": {\r\n          \"storageAccountType\": \"Premium_LRS\"\
        ,\r\n          \"id\": \"/subscriptions/00000000-0000-0000-0000-000000000000/resourceGroups/cli_test_vmss_window_patch_mode_000001/providers/Microsoft.Compute/disks/clitestvmss000002_3a39e35c_OsDisk_1_432e597ace394b3692a2320b67a8ef9c\"\
        \r\n        },\r\n        \"deleteOption\": \"Delete\",\r\n        \"diskSizeGB\"\
        : 127\r\n      },\r\n      \"dataDisks\": [],\r\n      \"diskControllerType\"\
        : \"SCSI\"\r\n    },\r\n    \"osProfile\": {\r\n      \"computerName\": \"\
        clitestvG5LRH8\",\r\n      \"adminUsername\": \"azureuser\",\r\n      \"windowsConfiguration\"\
        : {\r\n        \"provisionVMAgent\": true,\r\n        \"enableAutomaticUpdates\"\
        : false,\r\n        \"patchSettings\": {\r\n          \"patchMode\": \"Manual\"\
        ,\r\n          \"assessmentMode\": \"ImageDefault\"\r\n        }\r\n     \
        \ },\r\n      \"secrets\": [],\r\n      \"allowExtensionOperations\": true,\r\
        \n      \"requireGuestProvisionSignal\": true\r\n    },\r\n    \"networkProfile\"\
        : {\"networkInterfaces\":[{\"id\":\"/subscriptions/00000000-0000-0000-0000-000000000000/resourceGroups/cli_test_vmss_window_patch_mode_000001/providers/Microsoft.Network/networkInterfaces/clitec218Nic-6eaa8989\"\
        ,\"properties\":{\"primary\":true,\"deleteOption\":\"Delete\"}}]},\r\n   \
        \ \"timeCreated\": \"2024-08-26T09:47:34.9496322+00:00\"\r\n  },\r\n  \"etag\"\
        : \"\\\"2\\\"\"\r\n}"
    headers:
      cache-control:
      - no-cache
      content-length:
      - '2545'
      content-type:
      - application/json; charset=utf-8
      date:
      - Mon, 26 Aug 2024 09:50:01 GMT
      etag:
      - '"2"'
      expires:
      - '-1'
      pragma:
      - no-cache
      strict-transport-security:
      - max-age=31536000; includeSubDomains
      x-cache:
      - CONFIG_NOCACHE
      x-content-type-options:
      - nosniff
      x-ms-ratelimit-remaining-resource:
      - Microsoft.Compute/LowCostGetSubscriptionMaximum;23982,Microsoft.Compute/LowCostGetResource;32
      x-ms-ratelimit-remaining-subscription-global-reads:
      - '3748'
      x-msedge-ref:
      - 'Ref A: D582A635D1114C668E074DA82E067DC8 Ref B: TYO201100116025 Ref C: 2024-08-26T09:50:01Z'
    status:
      code: 200
      message: ''
version: 1
