interactions:
- request:
    body: null
    headers:
      Accept:
      - application/json
      Accept-Encoding:
      - gzip, deflate
      CommandName:
      - vmss create
      Connection:
      - keep-alive
      ParameterSetName:
      - -g -n --image --authentication-type --admin-username --admin-password --instance-count
      User-Agent:
      - AZURECLI/2.45.0 azsdk-python-azure-mgmt-resource/22.0.0 Python/3.10.9 (Windows-10-10.0.22621-SP0)
    method: GET
    uri: https://management.azure.com/subscriptions/00000000-0000-0000-0000-000000000000/resourcegroups/cli_test_vmss_vms000001?api-version=2022-09-01
  response:
    body:
      string: '{"id":"/subscriptions/00000000-0000-0000-0000-000000000000/resourceGroups/cli_test_vmss_vms000001","name":"cli_test_vmss_vms000001","type":"Microsoft.Resources/resourceGroups","location":"westus","tags":{"product":"azurecli","cause":"automation","date":"2023-02-17T01:58:32Z"},"properties":{"provisioningState":"Succeeded"}}'
    headers:
      cache-control:
      - no-cache
      content-length:
      - '324'
      content-type:
      - application/json; charset=utf-8
      date:
      - Fri, 17 Feb 2023 01:58:35 GMT
      expires:
      - '-1'
      pragma:
      - no-cache
      strict-transport-security:
      - max-age=31536000; includeSubDomains
      vary:
      - Accept-Encoding
      x-content-type-options:
      - nosniff
    status:
      code: 200
      message: OK
- request:
    body: null
    headers:
      Accept:
      - '*/*'
      Accept-Encoding:
      - gzip, deflate
      Connection:
      - keep-alive
      User-Agent:
      - python-requests/2.26.0
    method: GET
    uri: https://raw.githubusercontent.com/Azure/azure-rest-api-specs/main/arm-compute/quickstart-templates/aliases.json
  response:
    body:
      string: "{\n  \"$schema\": \"http://schema.management.azure.com/schemas/2015-01-01/deploymentTemplate.json\"\
        ,\n  \"contentVersion\": \"1.0.0.0\",\n  \"parameters\": {},\n  \"variables\"\
        : {},\n  \"resources\": [],\n  \"outputs\": {\n    \"aliases\": {\n      \"\
        type\": \"object\",\n      \"value\": {\n        \"Linux\": {\n          \"\
        CentOS\": {\n            \"publisher\": \"OpenLogic\",\n            \"offer\"\
        : \"CentOS\",\n            \"sku\": \"7.5\",\n            \"version\": \"\
        latest\",\n            \"architecture\": \"x64\"\n          },\n         \
        \ \"Debian\": {\n            \"publisher\": \"Debian\",\n            \"offer\"\
        : \"debian-10\",\n            \"sku\": \"10\",\n            \"version\": \"\
        latest\",\n            \"architecture\": \"x64\"\n          },\n         \
        \ \"Flatcar\": {\n            \"publisher\": \"kinvolk\",\n            \"\
        offer\": \"flatcar-container-linux-free\",\n            \"sku\": \"stable\"\
        ,\n            \"version\": \"latest\",\n            \"architecture\": \"\
        x64\"\n          },\n          \"openSUSE-Leap\": {\n            \"publisher\"\
        : \"SUSE\",\n            \"offer\": \"opensuse-leap-15-3\",\n            \"\
        sku\": \"gen2\",\n            \"version\": \"latest\",\n            \"architecture\"\
        : \"x64\"\n          },\n          \"RHEL\": {\n            \"publisher\"\
        : \"RedHat\",\n            \"offer\": \"RHEL\",\n            \"sku\": \"7-LVM\"\
        ,\n            \"version\": \"latest\",\n            \"architecture\": \"\
        x64\"\n          },\n          \"SLES\": {\n            \"publisher\": \"\
        SUSE\",\n            \"offer\": \"sles-15-sp3\",\n            \"sku\": \"\
        gen2\",\n            \"version\": \"latest\",\n            \"architecture\"\
        : \"x64\"\n          },\n          \"UbuntuLTS\": {\n            \"publisher\"\
        : \"Canonical\",\n            \"offer\": \"UbuntuServer\",\n            \"\
        sku\": \"18.04-LTS\",\n            \"version\": \"latest\",\n            \"\
        architecture\": \"x64\"\n          }\n        },\n        \"Windows\": {\n\
        \          \"Win2022Datacenter\": {\n            \"publisher\": \"MicrosoftWindowsServer\"\
        ,\n            \"offer\": \"WindowsServer\",\n            \"sku\": \"2022-Datacenter\"\
        ,\n            \"version\": \"latest\",\n            \"architecture\": \"\
        x64\"\n          },\n          \"Win2022AzureEditionCore\": {\n          \
        \  \"publisher\": \"MicrosoftWindowsServer\",\n            \"offer\": \"WindowsServer\"\
        ,\n            \"sku\": \"2022-datacenter-azure-edition-core\",\n        \
        \    \"version\": \"latest\",\n            \"architecture\": \"x64\"\n   \
        \       },\n          \"Win2019Datacenter\": {\n            \"publisher\"\
        : \"MicrosoftWindowsServer\",\n            \"offer\": \"WindowsServer\",\n\
        \            \"sku\": \"2019-Datacenter\",\n            \"version\": \"latest\"\
        ,\n            \"architecture\": \"x64\"\n          },\n          \"Win2016Datacenter\"\
        : {\n            \"publisher\": \"MicrosoftWindowsServer\",\n            \"\
        offer\": \"WindowsServer\",\n            \"sku\": \"2016-Datacenter\",\n \
        \           \"version\": \"latest\",\n            \"architecture\": \"x64\"\
        \n          },\n          \"Win2012R2Datacenter\": {\n            \"publisher\"\
        : \"MicrosoftWindowsServer\",\n            \"offer\": \"WindowsServer\",\n\
        \            \"sku\": \"2012-R2-Datacenter\",\n            \"version\": \"\
        latest\",\n            \"architecture\": \"x64\"\n          },\n         \
        \ \"Win2012Datacenter\": {\n            \"publisher\": \"MicrosoftWindowsServer\"\
        ,\n            \"offer\": \"WindowsServer\",\n            \"sku\": \"2012-Datacenter\"\
        ,\n            \"version\": \"latest\",\n            \"architecture\": \"\
        x64\"\n          },\n          \"Win2008R2SP1\": {\n            \"publisher\"\
        : \"MicrosoftWindowsServer\",\n            \"offer\": \"WindowsServer\",\n\
        \            \"sku\": \"2008-R2-SP1\",\n            \"version\": \"latest\"\
        ,\n            \"architecture\": \"x64\"\n          }\n        }\n      }\n\
        \    }\n  }\n}"
    headers:
      accept-ranges:
      - bytes
      access-control-allow-origin:
      - '*'
      cache-control:
      - max-age=300
      connection:
      - keep-alive
      content-length:
      - '3463'
      content-security-policy:
      - default-src 'none'; style-src 'unsafe-inline'; sandbox
      content-type:
      - text/plain; charset=utf-8
      date:
      - Fri, 17 Feb 2023 01:58:36 GMT
      etag:
      - W/"41b202f4dc5098d126019dc00721a4c5e30df0c5196794514fadc3710ee2a5cb"
      expires:
      - Fri, 17 Feb 2023 02:03:36 GMT
      source-age:
      - '185'
      strict-transport-security:
      - max-age=31536000
      vary:
      - Authorization,Accept-Encoding,Origin
      via:
      - 1.1 varnish
      x-cache:
      - HIT
      x-cache-hits:
      - '1'
      x-content-type-options:
      - nosniff
      x-fastly-request-id:
      - 6bbb562a40e4452c8209b3833451393b476c330c
      x-frame-options:
      - deny
      x-github-request-id:
      - 523C:6DCF:80C5E:C29DF:63E2283D
      x-served-by:
      - cache-qpg1281-QPG
      x-timer:
      - S1676599116.117825,VS0,VE1
      x-xss-protection:
      - 1; mode=block
    status:
      code: 200
      message: OK
- request:
    body: null
    headers:
      Accept:
      - application/json
      Accept-Encoding:
      - gzip, deflate
      CommandName:
      - vmss create
      Connection:
      - keep-alive
      ParameterSetName:
      - -g -n --image --authentication-type --admin-username --admin-password --instance-count
      User-Agent:
      - AZURECLI/2.45.0 azsdk-python-azure-mgmt-compute/29.1.0 Python/3.10.9 (Windows-10-10.0.22621-SP0)
    method: GET
    uri: https://management.azure.com/subscriptions/00000000-0000-0000-0000-000000000000/providers/Microsoft.Compute/locations/westus/publishers/Canonical/artifacttypes/vmimage/offers/UbuntuServer/skus/18.04-LTS/versions?$top=1&$orderby=name%20desc&api-version=2022-11-01
  response:
    body:
      string: "[\r\n  {\r\n    \"location\": \"westus\",\r\n    \"name\": \"18.04.202302100\"\
        ,\r\n    \"id\": \"/Subscriptions/00000000-0000-0000-0000-000000000000/Providers/Microsoft.Compute/Locations/westus/Publishers/Canonical/ArtifactTypes/VMImage/Offers/UbuntuServer/Skus/18.04-LTS/Versions/18.04.202302100\"\
        \r\n  }\r\n]"
    headers:
      cache-control:
      - no-cache
      content-length:
      - '286'
      content-type:
      - application/json; charset=utf-8
      date:
      - Fri, 17 Feb 2023 01:58:36 GMT
      expires:
      - '-1'
      pragma:
      - no-cache
      server:
      - Microsoft-HTTPAPI/2.0
      - Microsoft-HTTPAPI/2.0
      strict-transport-security:
      - max-age=31536000; includeSubDomains
      transfer-encoding:
      - chunked
      vary:
      - Accept-Encoding
      x-content-type-options:
      - nosniff
      x-ms-ratelimit-remaining-resource:
      - Microsoft.Compute/ListVMImagesVersionsFromLocation3Min;15992,Microsoft.Compute/ListVMImagesVersionsFromLocation30Min;43884
    status:
      code: 200
      message: OK
- request:
    body: null
    headers:
      Accept:
      - application/json
      Accept-Encoding:
      - gzip, deflate
      CommandName:
      - vmss create
      Connection:
      - keep-alive
      ParameterSetName:
      - -g -n --image --authentication-type --admin-username --admin-password --instance-count
      User-Agent:
      - AZURECLI/2.45.0 azsdk-python-azure-mgmt-compute/29.1.0 Python/3.10.9 (Windows-10-10.0.22621-SP0)
    method: GET
    uri: https://management.azure.com/subscriptions/00000000-0000-0000-0000-000000000000/providers/Microsoft.Compute/locations/westus/publishers/Canonical/artifacttypes/vmimage/offers/UbuntuServer/skus/18.04-LTS/versions/18.04.202302100?api-version=2022-11-01
  response:
    body:
      string: "{\r\n  \"properties\": {\r\n    \"hyperVGeneration\": \"V1\",\r\n \
        \   \"architecture\": \"x64\",\r\n    \"replicaType\": \"Unmanaged\",\r\n\
        \    \"disallowed\": {\r\n      \"vmDiskType\": \"None\"\r\n    },\r\n   \
        \ \"automaticOSUpgradeProperties\": {\r\n      \"automaticOSUpgradeSupported\"\
        : true\r\n    },\r\n    \"imageDeprecationStatus\": {\r\n      \"imageState\"\
        : \"Active\"\r\n    },\r\n    \"features\": [\r\n      {\r\n        \"name\"\
        : \"IsAcceleratedNetworkSupported\",\r\n        \"value\": \"True\"\r\n  \
        \    },\r\n      {\r\n        \"name\": \"DiskControllerTypes\",\r\n     \
        \   \"value\": \"SCSI, NVMe\"\r\n      },\r\n      {\r\n        \"name\":\
        \ \"IsHibernateSupported\",\r\n        \"value\": \"True\"\r\n      }\r\n\
        \    ],\r\n    \"osDiskImage\": {\r\n      \"operatingSystem\": \"Linux\"\
        ,\r\n      \"sizeInGb\": 31,\r\n      \"sizeInBytes\": 32213303808\r\n   \
        \ },\r\n    \"dataDiskImages\": []\r\n  },\r\n  \"location\": \"westus\",\r\
        \n  \"name\": \"18.04.202302100\",\r\n  \"id\": \"/Subscriptions/00000000-0000-0000-0000-000000000000/Providers/Microsoft.Compute/Locations/westus/Publishers/Canonical/ArtifactTypes/VMImage/Offers/UbuntuServer/Skus/18.04-LTS/Versions/18.04.202302100\"\
        \r\n}"
    headers:
      cache-control:
      - no-cache
      content-length:
      - '1048'
      content-type:
      - application/json; charset=utf-8
      date:
      - Fri, 17 Feb 2023 01:58:38 GMT
      expires:
      - '-1'
      pragma:
      - no-cache
      server:
      - Microsoft-HTTPAPI/2.0
      - Microsoft-HTTPAPI/2.0
      strict-transport-security:
      - max-age=31536000; includeSubDomains
      transfer-encoding:
      - chunked
      vary:
      - Accept-Encoding
      x-content-type-options:
      - nosniff
      x-ms-ratelimit-remaining-resource:
      - Microsoft.Compute/GetVMImageFromLocation3Min;12992,Microsoft.Compute/GetVMImageFromLocation30Min;73911
    status:
      code: 200
      message: OK
- request:
    body: null
    headers:
      Accept:
      - application/json
      Accept-Encoding:
      - gzip, deflate
      CommandName:
      - vmss create
      Connection:
      - keep-alive
      ParameterSetName:
      - -g -n --image --authentication-type --admin-username --admin-password --instance-count
      User-Agent:
      - AZURECLI/2.45.0 azsdk-python-azure-mgmt-network/21.0.1 Python/3.10.9 (Windows-10-10.0.22621-SP0)
    method: GET
    uri: https://management.azure.com/subscriptions/00000000-0000-0000-0000-000000000000/resourceGroups/cli_test_vmss_vms000001/providers/Microsoft.Network/virtualNetworks?api-version=2022-01-01
  response:
    body:
      string: '{"value":[]}'
    headers:
      cache-control:
      - no-cache
      content-length:
      - '12'
      content-type:
      - application/json; charset=utf-8
      date:
      - Fri, 17 Feb 2023 01:58:39 GMT
      expires:
      - '-1'
      pragma:
      - no-cache
      strict-transport-security:
      - max-age=31536000; includeSubDomains
      x-content-type-options:
      - nosniff
    status:
      code: 200
      message: OK
- request:
    body: null
    headers:
      Accept:
      - '*/*'
      Accept-Encoding:
      - gzip, deflate
      Connection:
      - keep-alive
      User-Agent:
      - python-requests/2.26.0
    method: GET
    uri: https://raw.githubusercontent.com/Azure/azure-rest-api-specs/main/arm-compute/quickstart-templates/aliases.json
  response:
    body:
      string: "{\n  \"$schema\": \"http://schema.management.azure.com/schemas/2015-01-01/deploymentTemplate.json\"\
        ,\n  \"contentVersion\": \"1.0.0.0\",\n  \"parameters\": {},\n  \"variables\"\
        : {},\n  \"resources\": [],\n  \"outputs\": {\n    \"aliases\": {\n      \"\
        type\": \"object\",\n      \"value\": {\n        \"Linux\": {\n          \"\
        CentOS\": {\n            \"publisher\": \"OpenLogic\",\n            \"offer\"\
        : \"CentOS\",\n            \"sku\": \"7.5\",\n            \"version\": \"\
        latest\",\n            \"architecture\": \"x64\"\n          },\n         \
        \ \"Debian\": {\n            \"publisher\": \"Debian\",\n            \"offer\"\
        : \"debian-10\",\n            \"sku\": \"10\",\n            \"version\": \"\
        latest\",\n            \"architecture\": \"x64\"\n          },\n         \
        \ \"Flatcar\": {\n            \"publisher\": \"kinvolk\",\n            \"\
        offer\": \"flatcar-container-linux-free\",\n            \"sku\": \"stable\"\
        ,\n            \"version\": \"latest\",\n            \"architecture\": \"\
        x64\"\n          },\n          \"openSUSE-Leap\": {\n            \"publisher\"\
        : \"SUSE\",\n            \"offer\": \"opensuse-leap-15-3\",\n            \"\
        sku\": \"gen2\",\n            \"version\": \"latest\",\n            \"architecture\"\
        : \"x64\"\n          },\n          \"RHEL\": {\n            \"publisher\"\
        : \"RedHat\",\n            \"offer\": \"RHEL\",\n            \"sku\": \"7-LVM\"\
        ,\n            \"version\": \"latest\",\n            \"architecture\": \"\
        x64\"\n          },\n          \"SLES\": {\n            \"publisher\": \"\
        SUSE\",\n            \"offer\": \"sles-15-sp3\",\n            \"sku\": \"\
        gen2\",\n            \"version\": \"latest\",\n            \"architecture\"\
        : \"x64\"\n          },\n          \"UbuntuLTS\": {\n            \"publisher\"\
        : \"Canonical\",\n            \"offer\": \"UbuntuServer\",\n            \"\
        sku\": \"18.04-LTS\",\n            \"version\": \"latest\",\n            \"\
        architecture\": \"x64\"\n          }\n        },\n        \"Windows\": {\n\
        \          \"Win2022Datacenter\": {\n            \"publisher\": \"MicrosoftWindowsServer\"\
        ,\n            \"offer\": \"WindowsServer\",\n            \"sku\": \"2022-Datacenter\"\
        ,\n            \"version\": \"latest\",\n            \"architecture\": \"\
        x64\"\n          },\n          \"Win2022AzureEditionCore\": {\n          \
        \  \"publisher\": \"MicrosoftWindowsServer\",\n            \"offer\": \"WindowsServer\"\
        ,\n            \"sku\": \"2022-datacenter-azure-edition-core\",\n        \
        \    \"version\": \"latest\",\n            \"architecture\": \"x64\"\n   \
        \       },\n          \"Win2019Datacenter\": {\n            \"publisher\"\
        : \"MicrosoftWindowsServer\",\n            \"offer\": \"WindowsServer\",\n\
        \            \"sku\": \"2019-Datacenter\",\n            \"version\": \"latest\"\
        ,\n            \"architecture\": \"x64\"\n          },\n          \"Win2016Datacenter\"\
        : {\n            \"publisher\": \"MicrosoftWindowsServer\",\n            \"\
        offer\": \"WindowsServer\",\n            \"sku\": \"2016-Datacenter\",\n \
        \           \"version\": \"latest\",\n            \"architecture\": \"x64\"\
        \n          },\n          \"Win2012R2Datacenter\": {\n            \"publisher\"\
        : \"MicrosoftWindowsServer\",\n            \"offer\": \"WindowsServer\",\n\
        \            \"sku\": \"2012-R2-Datacenter\",\n            \"version\": \"\
        latest\",\n            \"architecture\": \"x64\"\n          },\n         \
        \ \"Win2012Datacenter\": {\n            \"publisher\": \"MicrosoftWindowsServer\"\
        ,\n            \"offer\": \"WindowsServer\",\n            \"sku\": \"2012-Datacenter\"\
        ,\n            \"version\": \"latest\",\n            \"architecture\": \"\
        x64\"\n          },\n          \"Win2008R2SP1\": {\n            \"publisher\"\
        : \"MicrosoftWindowsServer\",\n            \"offer\": \"WindowsServer\",\n\
        \            \"sku\": \"2008-R2-SP1\",\n            \"version\": \"latest\"\
        ,\n            \"architecture\": \"x64\"\n          }\n        }\n      }\n\
        \    }\n  }\n}"
    headers:
      accept-ranges:
      - bytes
      access-control-allow-origin:
      - '*'
      cache-control:
      - max-age=300
      connection:
      - keep-alive
      content-length:
      - '3463'
      content-security-policy:
      - default-src 'none'; style-src 'unsafe-inline'; sandbox
      content-type:
      - text/plain; charset=utf-8
      date:
      - Fri, 17 Feb 2023 01:58:39 GMT
      etag:
      - W/"41b202f4dc5098d126019dc00721a4c5e30df0c5196794514fadc3710ee2a5cb"
      expires:
      - Fri, 17 Feb 2023 02:03:39 GMT
      source-age:
      - '189'
      strict-transport-security:
      - max-age=31536000
      vary:
      - Authorization,Accept-Encoding,Origin
      via:
      - 1.1 varnish
      x-cache:
      - HIT
      x-cache-hits:
      - '1'
      x-content-type-options:
      - nosniff
      x-fastly-request-id:
      - f750a3ee24bf0c88730b9384eb9a591dbe24446b
      x-frame-options:
      - deny
      x-github-request-id:
      - 523C:6DCF:80C5E:C29DF:63E2283D
      x-served-by:
      - cache-qpg1265-QPG
      x-timer:
      - S1676599120.796871,VS0,VE2
      x-xss-protection:
      - 1; mode=block
    status:
      code: 200
      message: OK
- request:
    body: null
    headers:
      Accept:
      - application/json
      Accept-Encoding:
      - gzip, deflate
      CommandName:
      - vmss create
      Connection:
      - keep-alive
      ParameterSetName:
      - -g -n --image --authentication-type --admin-username --admin-password --instance-count
      User-Agent:
      - AZURECLI/2.45.0 azsdk-python-azure-mgmt-compute/29.1.0 Python/3.10.9 (Windows-10-10.0.22621-SP0)
    method: GET
    uri: https://management.azure.com/subscriptions/00000000-0000-0000-0000-000000000000/providers/Microsoft.Compute/locations/westus/publishers/Canonical/artifacttypes/vmimage/offers/UbuntuServer/skus/18.04-LTS/versions?$top=1&$orderby=name%20desc&api-version=2022-11-01
  response:
    body:
      string: "[\r\n  {\r\n    \"location\": \"westus\",\r\n    \"name\": \"18.04.202302100\"\
        ,\r\n    \"id\": \"/Subscriptions/00000000-0000-0000-0000-000000000000/Providers/Microsoft.Compute/Locations/westus/Publishers/Canonical/ArtifactTypes/VMImage/Offers/UbuntuServer/Skus/18.04-LTS/Versions/18.04.202302100\"\
        \r\n  }\r\n]"
    headers:
      cache-control:
      - no-cache
      content-length:
      - '286'
      content-type:
      - application/json; charset=utf-8
      date:
      - Fri, 17 Feb 2023 01:58:41 GMT
      expires:
      - '-1'
      pragma:
      - no-cache
      server:
      - Microsoft-HTTPAPI/2.0
      - Microsoft-HTTPAPI/2.0
      strict-transport-security:
      - max-age=31536000; includeSubDomains
      transfer-encoding:
      - chunked
      vary:
      - Accept-Encoding
      x-content-type-options:
      - nosniff
      x-ms-ratelimit-remaining-resource:
      - Microsoft.Compute/ListVMImagesVersionsFromLocation3Min;15991,Microsoft.Compute/ListVMImagesVersionsFromLocation30Min;43883
    status:
      code: 200
      message: OK
- request:
    body: null
    headers:
      Accept:
      - application/json
      Accept-Encoding:
      - gzip, deflate
      CommandName:
      - vmss create
      Connection:
      - keep-alive
      ParameterSetName:
      - -g -n --image --authentication-type --admin-username --admin-password --instance-count
      User-Agent:
      - AZURECLI/2.45.0 azsdk-python-azure-mgmt-compute/29.1.0 Python/3.10.9 (Windows-10-10.0.22621-SP0)
    method: GET
    uri: https://management.azure.com/subscriptions/00000000-0000-0000-0000-000000000000/providers/Microsoft.Compute/locations/westus/publishers/Canonical/artifacttypes/vmimage/offers/UbuntuServer/skus/18.04-LTS/versions/18.04.202302100?api-version=2022-11-01
  response:
    body:
      string: "{\r\n  \"properties\": {\r\n    \"hyperVGeneration\": \"V1\",\r\n \
        \   \"architecture\": \"x64\",\r\n    \"replicaType\": \"Unmanaged\",\r\n\
        \    \"disallowed\": {\r\n      \"vmDiskType\": \"None\"\r\n    },\r\n   \
        \ \"automaticOSUpgradeProperties\": {\r\n      \"automaticOSUpgradeSupported\"\
        : true\r\n    },\r\n    \"imageDeprecationStatus\": {\r\n      \"imageState\"\
        : \"Active\"\r\n    },\r\n    \"features\": [\r\n      {\r\n        \"name\"\
        : \"IsAcceleratedNetworkSupported\",\r\n        \"value\": \"True\"\r\n  \
        \    },\r\n      {\r\n        \"name\": \"DiskControllerTypes\",\r\n     \
        \   \"value\": \"SCSI, NVMe\"\r\n      },\r\n      {\r\n        \"name\":\
        \ \"IsHibernateSupported\",\r\n        \"value\": \"True\"\r\n      }\r\n\
        \    ],\r\n    \"osDiskImage\": {\r\n      \"operatingSystem\": \"Linux\"\
        ,\r\n      \"sizeInGb\": 31,\r\n      \"sizeInBytes\": 32213303808\r\n   \
        \ },\r\n    \"dataDiskImages\": []\r\n  },\r\n  \"location\": \"westus\",\r\
        \n  \"name\": \"18.04.202302100\",\r\n  \"id\": \"/Subscriptions/00000000-0000-0000-0000-000000000000/Providers/Microsoft.Compute/Locations/westus/Publishers/Canonical/ArtifactTypes/VMImage/Offers/UbuntuServer/Skus/18.04-LTS/Versions/18.04.202302100\"\
        \r\n}"
    headers:
      cache-control:
      - no-cache
      content-length:
      - '1048'
      content-type:
      - application/json; charset=utf-8
      date:
      - Fri, 17 Feb 2023 01:58:41 GMT
      expires:
      - '-1'
      pragma:
      - no-cache
      server:
      - Microsoft-HTTPAPI/2.0
      - Microsoft-HTTPAPI/2.0
      strict-transport-security:
      - max-age=31536000; includeSubDomains
      transfer-encoding:
      - chunked
      vary:
      - Accept-Encoding
      x-content-type-options:
      - nosniff
      x-ms-ratelimit-remaining-resource:
      - Microsoft.Compute/GetVMImageFromLocation3Min;12991,Microsoft.Compute/GetVMImageFromLocation30Min;73910
    status:
      code: 200
      message: OK
- request:
    body: null
    headers:
      Accept:
      - application/json
      Accept-Encoding:
      - gzip, deflate
      CommandName:
      - vmss create
      Connection:
      - keep-alive
      ParameterSetName:
      - -g -n --image --authentication-type --admin-username --admin-password --instance-count
      User-Agent:
      - AZURECLI/2.45.0 azsdk-python-azure-mgmt-compute/29.1.0 Python/3.10.9 (Windows-10-10.0.22621-SP0)
    method: GET
    uri: https://management.azure.com/subscriptions/00000000-0000-0000-0000-000000000000/providers/Microsoft.Compute/locations/westus/publishers/Canonical/artifacttypes/vmimage/offers/UbuntuServer/skus/18.04-LTS/versions?$top=1&$orderby=name%20desc&api-version=2022-11-01
  response:
    body:
      string: "[\r\n  {\r\n    \"location\": \"westus\",\r\n    \"name\": \"18.04.202302100\"\
        ,\r\n    \"id\": \"/Subscriptions/00000000-0000-0000-0000-000000000000/Providers/Microsoft.Compute/Locations/westus/Publishers/Canonical/ArtifactTypes/VMImage/Offers/UbuntuServer/Skus/18.04-LTS/Versions/18.04.202302100\"\
        \r\n  }\r\n]"
    headers:
      cache-control:
      - no-cache
      content-length:
      - '286'
      content-type:
      - application/json; charset=utf-8
      date:
      - Fri, 17 Feb 2023 01:58:43 GMT
      expires:
      - '-1'
      pragma:
      - no-cache
      server:
      - Microsoft-HTTPAPI/2.0
      - Microsoft-HTTPAPI/2.0
      strict-transport-security:
      - max-age=31536000; includeSubDomains
      x-content-type-options:
      - nosniff
      x-ms-ratelimit-remaining-resource:
      - Microsoft.Compute/ListVMImagesVersionsFromLocation3Min;15990,Microsoft.Compute/ListVMImagesVersionsFromLocation30Min;43882
    status:
      code: 200
      message: OK
- request:
    body: null
    headers:
      Accept:
      - application/json
      Accept-Encoding:
      - gzip, deflate
      CommandName:
      - vmss create
      Connection:
      - keep-alive
      ParameterSetName:
      - -g -n --image --authentication-type --admin-username --admin-password --instance-count
      User-Agent:
      - AZURECLI/2.45.0 azsdk-python-azure-mgmt-compute/29.1.0 Python/3.10.9 (Windows-10-10.0.22621-SP0)
    method: GET
    uri: https://management.azure.com/subscriptions/00000000-0000-0000-0000-000000000000/providers/Microsoft.Compute/locations/westus/publishers/Canonical/artifacttypes/vmimage/offers/UbuntuServer/skus/18.04-LTS/versions/18.04.202302100?api-version=2022-11-01
  response:
    body:
      string: "{\r\n  \"properties\": {\r\n    \"hyperVGeneration\": \"V1\",\r\n \
        \   \"architecture\": \"x64\",\r\n    \"replicaType\": \"Unmanaged\",\r\n\
        \    \"disallowed\": {\r\n      \"vmDiskType\": \"None\"\r\n    },\r\n   \
        \ \"automaticOSUpgradeProperties\": {\r\n      \"automaticOSUpgradeSupported\"\
        : true\r\n    },\r\n    \"imageDeprecationStatus\": {\r\n      \"imageState\"\
        : \"Active\"\r\n    },\r\n    \"features\": [\r\n      {\r\n        \"name\"\
        : \"IsAcceleratedNetworkSupported\",\r\n        \"value\": \"True\"\r\n  \
        \    },\r\n      {\r\n        \"name\": \"DiskControllerTypes\",\r\n     \
        \   \"value\": \"SCSI, NVMe\"\r\n      },\r\n      {\r\n        \"name\":\
        \ \"IsHibernateSupported\",\r\n        \"value\": \"True\"\r\n      }\r\n\
        \    ],\r\n    \"osDiskImage\": {\r\n      \"operatingSystem\": \"Linux\"\
        ,\r\n      \"sizeInGb\": 31,\r\n      \"sizeInBytes\": 32213303808\r\n   \
        \ },\r\n    \"dataDiskImages\": []\r\n  },\r\n  \"location\": \"westus\",\r\
        \n  \"name\": \"18.04.202302100\",\r\n  \"id\": \"/Subscriptions/00000000-0000-0000-0000-000000000000/Providers/Microsoft.Compute/Locations/westus/Publishers/Canonical/ArtifactTypes/VMImage/Offers/UbuntuServer/Skus/18.04-LTS/Versions/18.04.202302100\"\
        \r\n}"
    headers:
      cache-control:
      - no-cache
      content-length:
      - '1048'
      content-type:
      - application/json; charset=utf-8
      date:
      - Fri, 17 Feb 2023 01:58:44 GMT
      expires:
      - '-1'
      pragma:
      - no-cache
      server:
      - Microsoft-HTTPAPI/2.0
      - Microsoft-HTTPAPI/2.0
      strict-transport-security:
      - max-age=31536000; includeSubDomains
      x-content-type-options:
      - nosniff
      x-ms-ratelimit-remaining-resource:
      - Microsoft.Compute/GetVMImageFromLocation3Min;12990,Microsoft.Compute/GetVMImageFromLocation30Min;73909
    status:
      code: 200
      message: OK
- request:
    body: '{"properties": {"template": {"$schema": "https://schema.management.azure.com/schemas/2015-01-01/deploymentTemplate.json#",
      "contentVersion": "1.0.0.0", "parameters": {"adminPassword": {"type": "securestring",
      "metadata": {"description": "Secure adminPassword"}}}, "variables": {}, "resources":
      [{"name": "clitestvmss000002VNET", "type": "Microsoft.Network/virtualNetworks",
      "location": "westus", "apiVersion": "2015-06-15", "dependsOn": [], "tags": {},
      "properties": {"addressSpace": {"addressPrefixes": ["10.0.0.0/16"]}, "subnets":
      [{"name": "clitestvmss000002Subnet", "properties": {"addressPrefix": "10.0.0.0/24"}}]}},
      {"apiVersion": "2022-01-01", "type": "Microsoft.Network/publicIPAddresses",
      "name": "clitestvmss000002LBPublicIP", "location": "westus", "tags": {}, "dependsOn":
      [], "properties": {"publicIPAllocationMethod": "Dynamic"}}, {"type": "Microsoft.Network/loadBalancers",
      "name": "clitestvmss000002LB", "location": "westus", "tags": {}, "apiVersion":
      "2022-01-01", "dependsOn": ["Microsoft.Network/virtualNetworks/clitestvmss000002VNET",
      "Microsoft.Network/publicIpAddresses/clitestvmss000002LBPublicIP"], "properties":
      {"backendAddressPools": [{"name": "clitestvmss000002LBBEPool"}], "frontendIPConfigurations":
      [{"name": "loadBalancerFrontEnd", "properties": {"publicIPAddress": {"id": "/subscriptions/00000000-0000-0000-0000-000000000000/resourceGroups/cli_test_vmss_vms000001/providers/Microsoft.Network/publicIPAddresses/clitestvmss000002LBPublicIP"}}}],
      "inboundNatPools": [{"name": "clitestvmss000002LBNatPool", "properties": {"frontendIPConfiguration":
      {"id": "[concat(resourceId(''Microsoft.Network/loadBalancers'', ''clitestvmss000002LB''),
      ''/frontendIPConfigurations/'', ''loadBalancerFrontEnd'')]"}, "protocol": "tcp",
      "frontendPortRangeStart": "50000", "frontendPortRangeEnd": "50119", "backendPort":
      22}}]}}, {"type": "Microsoft.Compute/virtualMachineScaleSets", "name": "clitestvmss000002",
      "location": "westus", "tags": {}, "apiVersion": "2022-11-01", "dependsOn": ["Microsoft.Network/virtualNetworks/clitestvmss000002VNET",
      "Microsoft.Network/loadBalancers/clitestvmss000002LB"], "properties": {"overprovision":
      true, "upgradePolicy": {"mode": "manual", "rollingUpgradePolicy": {}}, "singlePlacementGroup":
      null, "virtualMachineProfile": {"storageProfile": {"osDisk": {"createOption":
      "FromImage", "caching": "ReadWrite", "managedDisk": {"storageAccountType": null}},
      "imageReference": {"publisher": "Canonical", "offer": "UbuntuServer", "sku":
      "18.04-LTS", "version": "latest"}}, "osProfile": {"computerNamePrefix": "clitebd0e",
      "adminUsername": "admin123", "adminPassword": "[parameters(''adminPassword'')]"},
      "networkProfile": {"networkInterfaceConfigurations": [{"name": "clitebd0eNic",
      "properties": {"ipConfigurations": [{"name": "clitebd0eIPConfig", "properties":
      {"subnet": {"id": "/subscriptions/00000000-0000-0000-0000-000000000000/resourceGroups/cli_test_vmss_vms000001/providers/Microsoft.Network/virtualNetworks/clitestvmss000002VNET/subnets/clitestvmss000002Subnet"},
      "loadBalancerBackendAddressPools": [{"id": "/subscriptions/00000000-0000-0000-0000-000000000000/resourceGroups/cli_test_vmss_vms000001/providers/Microsoft.Network/loadBalancers/clitestvmss000002LB/backendAddressPools/clitestvmss000002LBBEPool"}],
      "loadBalancerInboundNatPools": [{"id": "/subscriptions/00000000-0000-0000-0000-000000000000/resourceGroups/cli_test_vmss_vms000001/providers/Microsoft.Network/loadBalancers/clitestvmss000002LB/inboundNatPools/clitestvmss000002LBNatPool"}]}}],
      "primary": "true"}}]}}, "orchestrationMode": "Uniform"}, "sku": {"name": "Standard_DS1_v2",
      "capacity": 2}}], "outputs": {"VMSS": {"type": "object", "value": "[reference(resourceId(''Microsoft.Compute/virtualMachineScaleSets'',
      ''clitestvmss000002''),providers(''Microsoft.Compute'', ''virtualMachineScaleSets'').apiVersions[0])]"}}},
      "parameters": {"adminPassword": {"value": "TestTest12#$"}}, "mode": "incremental"}}'
    headers:
      Accept:
      - application/json
      Accept-Encoding:
      - gzip, deflate
      CommandName:
      - vmss create
      Connection:
      - keep-alive
      Content-Length:
      - '3906'
      Content-Type:
      - application/json
      ParameterSetName:
      - -g -n --image --authentication-type --admin-username --admin-password --instance-count
      User-Agent:
      - AZURECLI/2.45.0 azsdk-python-azure-mgmt-resource/22.0.0 Python/3.10.9 (Windows-10-10.0.22621-SP0)
    method: PUT
    uri: https://management.azure.com/subscriptions/00000000-0000-0000-0000-000000000000/resourcegroups/cli_test_vmss_vms000001/providers/Microsoft.Resources/deployments/mock-deployment?api-version=2022-09-01
  response:
    body:
      string: '{"id":"/subscriptions/00000000-0000-0000-0000-000000000000/resourceGroups/cli_test_vmss_vms000001/providers/Microsoft.Resources/deployments/vmss_deploy_Sa9RJ3oaDUS54PmaQfzhIPQfwKp43mUi","name":"vmss_deploy_Sa9RJ3oaDUS54PmaQfzhIPQfwKp43mUi","type":"Microsoft.Resources/deployments","properties":{"templateHash":"18396592001764743110","parameters":{"adminPassword":{"type":"SecureString"}},"mode":"Incremental","provisioningState":"Accepted","timestamp":"2023-02-17T01:58:55.2784164Z","duration":"PT0.0003487S","correlationId":"621eb6ac-0257-41fa-8733-eb716ebfa524","providers":[{"namespace":"Microsoft.Network","resourceTypes":[{"resourceType":"virtualNetworks","locations":["westus"]},{"resourceType":"publicIPAddresses","locations":["westus"]},{"resourceType":"loadBalancers","locations":["westus"]}]},{"namespace":"Microsoft.Compute","resourceTypes":[{"resourceType":"virtualMachineScaleSets","locations":["westus"]}]}],"dependencies":[{"dependsOn":[{"id":"/subscriptions/00000000-0000-0000-0000-000000000000/resourceGroups/cli_test_vmss_vms000001/providers/Microsoft.Network/virtualNetworks/clitestvmss000002VNET","resourceType":"Microsoft.Network/virtualNetworks","resourceName":"clitestvmss000002VNET"},{"id":"/subscriptions/00000000-0000-0000-0000-000000000000/resourceGroups/cli_test_vmss_vms000001/providers/Microsoft.Network/publicIPAddresses/clitestvmss000002LBPublicIP","resourceType":"Microsoft.Network/publicIPAddresses","resourceName":"clitestvmss000002LBPublicIP"}],"id":"/subscriptions/00000000-0000-0000-0000-000000000000/resourceGroups/cli_test_vmss_vms000001/providers/Microsoft.Network/loadBalancers/clitestvmss000002LB","resourceType":"Microsoft.Network/loadBalancers","resourceName":"clitestvmss000002LB"},{"dependsOn":[{"id":"/subscriptions/00000000-0000-0000-0000-000000000000/resourceGroups/cli_test_vmss_vms000001/providers/Microsoft.Network/virtualNetworks/clitestvmss000002VNET","resourceType":"Microsoft.Network/virtualNetworks","resourceName":"clitestvmss000002VNET"},{"id":"/subscriptions/00000000-0000-0000-0000-000000000000/resourceGroups/cli_test_vmss_vms000001/providers/Microsoft.Network/loadBalancers/clitestvmss000002LB","resourceType":"Microsoft.Network/loadBalancers","resourceName":"clitestvmss000002LB"}],"id":"/subscriptions/00000000-0000-0000-0000-000000000000/resourceGroups/cli_test_vmss_vms000001/providers/Microsoft.Compute/virtualMachineScaleSets/clitestvmss000002","resourceType":"Microsoft.Compute/virtualMachineScaleSets","resourceName":"clitestvmss000002"}]}}'
    headers:
      azure-asyncoperation:
      - https://management.azure.com/subscriptions/00000000-0000-0000-0000-000000000000/resourcegroups/cli_test_vmss_vms000001/providers/Microsoft.Resources/deployments/vmss_deploy_Sa9RJ3oaDUS54PmaQfzhIPQfwKp43mUi/operationStatuses/08585250077532643265?api-version=2022-09-01
      cache-control:
      - no-cache
      content-length:
      - '2512'
      content-type:
      - application/json; charset=utf-8
      date:
      - Fri, 17 Feb 2023 01:58:57 GMT
      expires:
      - '-1'
      pragma:
      - no-cache
      strict-transport-security:
      - max-age=31536000; includeSubDomains
      x-content-type-options:
      - nosniff
      x-ms-ratelimit-remaining-subscription-writes:
      - '1195'
    status:
      code: 201
      message: Created
- request:
    body: null
    headers:
      Accept:
      - '*/*'
      Accept-Encoding:
      - gzip, deflate
      CommandName:
      - vmss create
      Connection:
      - keep-alive
      ParameterSetName:
      - -g -n --image --authentication-type --admin-username --admin-password --instance-count
      User-Agent:
      - AZURECLI/2.45.0 azsdk-python-azure-mgmt-resource/22.0.0 Python/3.10.9 (Windows-10-10.0.22621-SP0)
    method: GET
    uri: https://management.azure.com/subscriptions/00000000-0000-0000-0000-000000000000/resourcegroups/cli_test_vmss_vms000001/providers/Microsoft.Resources/deployments/mock-deployment/operationStatuses/08585250077532643265?api-version=2022-09-01
  response:
    body:
      string: '{"status":"Running"}'
    headers:
      cache-control:
      - no-cache
      content-length:
      - '20'
      content-type:
      - application/json; charset=utf-8
      date:
      - Fri, 17 Feb 2023 01:59:28 GMT
      expires:
      - '-1'
      pragma:
      - no-cache
      strict-transport-security:
      - max-age=31536000; includeSubDomains
      vary:
      - Accept-Encoding
      x-content-type-options:
      - nosniff
    status:
      code: 200
      message: OK
- request:
    body: null
    headers:
      Accept:
      - '*/*'
      Accept-Encoding:
      - gzip, deflate
      CommandName:
      - vmss create
      Connection:
      - keep-alive
      ParameterSetName:
      - -g -n --image --authentication-type --admin-username --admin-password --instance-count
      User-Agent:
      - AZURECLI/2.45.0 azsdk-python-azure-mgmt-resource/22.0.0 Python/3.10.9 (Windows-10-10.0.22621-SP0)
    method: GET
    uri: https://management.azure.com/subscriptions/00000000-0000-0000-0000-000000000000/resourcegroups/cli_test_vmss_vms000001/providers/Microsoft.Resources/deployments/mock-deployment/operationStatuses/08585250077532643265?api-version=2022-09-01
  response:
    body:
      string: '{"status":"Succeeded"}'
    headers:
      cache-control:
      - no-cache
      content-length:
      - '22'
      content-type:
      - application/json; charset=utf-8
      date:
      - Fri, 17 Feb 2023 01:59:59 GMT
      expires:
      - '-1'
      pragma:
      - no-cache
      strict-transport-security:
      - max-age=31536000; includeSubDomains
      vary:
      - Accept-Encoding
      x-content-type-options:
      - nosniff
    status:
      code: 200
      message: OK
- request:
    body: null
    headers:
      Accept:
      - '*/*'
      Accept-Encoding:
      - gzip, deflate
      CommandName:
      - vmss create
      Connection:
      - keep-alive
      ParameterSetName:
      - -g -n --image --authentication-type --admin-username --admin-password --instance-count
      User-Agent:
      - AZURECLI/2.45.0 azsdk-python-azure-mgmt-resource/22.0.0 Python/3.10.9 (Windows-10-10.0.22621-SP0)
    method: GET
    uri: https://management.azure.com/subscriptions/00000000-0000-0000-0000-000000000000/resourcegroups/cli_test_vmss_vms000001/providers/Microsoft.Resources/deployments/mock-deployment?api-version=2022-09-01
  response:
    body:
      string: '{"id":"/subscriptions/00000000-0000-0000-0000-000000000000/resourceGroups/cli_test_vmss_vms000001/providers/Microsoft.Resources/deployments/vmss_deploy_Sa9RJ3oaDUS54PmaQfzhIPQfwKp43mUi","name":"vmss_deploy_Sa9RJ3oaDUS54PmaQfzhIPQfwKp43mUi","type":"Microsoft.Resources/deployments","properties":{"templateHash":"18396592001764743110","parameters":{"adminPassword":{"type":"SecureString"}},"mode":"Incremental","provisioningState":"Succeeded","timestamp":"2023-02-17T01:59:55.4082155Z","duration":"PT1M0.1301478S","correlationId":"621eb6ac-0257-41fa-8733-eb716ebfa524","providers":[{"namespace":"Microsoft.Network","resourceTypes":[{"resourceType":"virtualNetworks","locations":["westus"]},{"resourceType":"publicIPAddresses","locations":["westus"]},{"resourceType":"loadBalancers","locations":["westus"]}]},{"namespace":"Microsoft.Compute","resourceTypes":[{"resourceType":"virtualMachineScaleSets","locations":["westus"]}]}],"dependencies":[{"dependsOn":[{"id":"/subscriptions/00000000-0000-0000-0000-000000000000/resourceGroups/cli_test_vmss_vms000001/providers/Microsoft.Network/virtualNetworks/clitestvmss000002VNET","resourceType":"Microsoft.Network/virtualNetworks","resourceName":"clitestvmss000002VNET"},{"id":"/subscriptions/00000000-0000-0000-0000-000000000000/resourceGroups/cli_test_vmss_vms000001/providers/Microsoft.Network/publicIPAddresses/clitestvmss000002LBPublicIP","resourceType":"Microsoft.Network/publicIPAddresses","resourceName":"clitestvmss000002LBPublicIP"}],"id":"/subscriptions/00000000-0000-0000-0000-000000000000/resourceGroups/cli_test_vmss_vms000001/providers/Microsoft.Network/loadBalancers/clitestvmss000002LB","resourceType":"Microsoft.Network/loadBalancers","resourceName":"clitestvmss000002LB"},{"dependsOn":[{"id":"/subscriptions/00000000-0000-0000-0000-000000000000/resourceGroups/cli_test_vmss_vms000001/providers/Microsoft.Network/virtualNetworks/clitestvmss000002VNET","resourceType":"Microsoft.Network/virtualNetworks","resourceName":"clitestvmss000002VNET"},{"id":"/subscriptions/00000000-0000-0000-0000-000000000000/resourceGroups/cli_test_vmss_vms000001/providers/Microsoft.Network/loadBalancers/clitestvmss000002LB","resourceType":"Microsoft.Network/loadBalancers","resourceName":"clitestvmss000002LB"}],"id":"/subscriptions/00000000-0000-0000-0000-000000000000/resourceGroups/cli_test_vmss_vms000001/providers/Microsoft.Compute/virtualMachineScaleSets/clitestvmss000002","resourceType":"Microsoft.Compute/virtualMachineScaleSets","resourceName":"clitestvmss000002"}],"outputs":{"vmss":{"type":"Object","value":{"singlePlacementGroup":true,"orchestrationMode":"Uniform","upgradePolicy":{"mode":"Manual","rollingUpgradePolicy":{"maxBatchInstancePercent":20,"maxUnhealthyInstancePercent":20,"maxUnhealthyUpgradedInstancePercent":20,"pauseTimeBetweenBatches":"PT0S","maxSurge":false,"rollbackFailedInstancesOnPolicyBreach":false}},"virtualMachineProfile":{"osProfile":{"computerNamePrefix":"clitebd0e","adminUsername":"admin123","linuxConfiguration":{"disablePasswordAuthentication":false,"provisionVMAgent":true,"enableVMAgentPlatformUpdates":false},"secrets":[],"allowExtensionOperations":true,"requireGuestProvisionSignal":true},"storageProfile":{"osDisk":{"osType":"Linux","createOption":"FromImage","caching":"ReadWrite","managedDisk":{"storageAccountType":"Premium_LRS"},"diskSizeGB":30},"imageReference":{"publisher":"Canonical","offer":"UbuntuServer","sku":"18.04-LTS","version":"latest"}},"networkProfile":{"networkInterfaceConfigurations":[{"name":"clitebd0eNic","properties":{"primary":true,"disableTcpStateTracking":false,"dnsSettings":{"dnsServers":[]},"enableIPForwarding":false,"ipConfigurations":[{"name":"clitebd0eIPConfig","properties":{"subnet":{"id":"/subscriptions/00000000-0000-0000-0000-000000000000/resourceGroups/cli_test_vmss_vms000001/providers/Microsoft.Network/virtualNetworks/clitestvmss000002VNET/subnets/clitestvmss000002Subnet"},"privateIPAddressVersion":"IPv4","loadBalancerBackendAddressPools":[{"id":"/subscriptions/00000000-0000-0000-0000-000000000000/resourceGroups/cli_test_vmss_vms000001/providers/Microsoft.Network/loadBalancers/clitestvmss000002LB/backendAddressPools/clitestvmss000002LBBEPool"}],"loadBalancerInboundNatPools":[{"id":"/subscriptions/00000000-0000-0000-0000-000000000000/resourceGroups/cli_test_vmss_vms000001/providers/Microsoft.Network/loadBalancers/clitestvmss000002LB/inboundNatPools/clitestvmss000002LBNatPool"}]}}]}}]}},"provisioningState":"Succeeded","overprovision":true,"doNotRunExtensionsOnOverprovisionedVMs":false,"uniqueId":"0cf59467-e782-4ce8-b7de-293bebf00e28","timeCreated":"2023-02-17T01:59:19.2914408+00:00"}}},"outputResources":[{"id":"/subscriptions/00000000-0000-0000-0000-000000000000/resourceGroups/cli_test_vmss_vms000001/providers/Microsoft.Compute/virtualMachineScaleSets/clitestvmss000002"},{"id":"/subscriptions/00000000-0000-0000-0000-000000000000/resourceGroups/cli_test_vmss_vms000001/providers/Microsoft.Network/loadBalancers/clitestvmss000002LB"},{"id":"/subscriptions/00000000-0000-0000-0000-000000000000/resourceGroups/cli_test_vmss_vms000001/providers/Microsoft.Network/publicIPAddresses/clitestvmss000002LBPublicIP"},{"id":"/subscriptions/00000000-0000-0000-0000-000000000000/resourceGroups/cli_test_vmss_vms000001/providers/Microsoft.Network/virtualNetworks/clitestvmss000002VNET"}]}}'
    headers:
      cache-control:
      - no-cache
      content-length:
      - '5323'
      content-type:
      - application/json; charset=utf-8
      date:
      - Fri, 17 Feb 2023 01:59:59 GMT
      expires:
      - '-1'
      pragma:
      - no-cache
      strict-transport-security:
      - max-age=31536000; includeSubDomains
      vary:
      - Accept-Encoding
      x-content-type-options:
      - nosniff
    status:
      code: 200
      message: OK
- request:
    body: null
    headers:
      Accept:
      - application/json
      Accept-Encoding:
      - gzip, deflate
      CommandName:
      - vmss list-instances
      Connection:
      - keep-alive
      ParameterSetName:
      - --resource-group --name
      User-Agent:
      - AZURECLI/2.45.0 azsdk-python-azure-mgmt-compute/29.1.0 Python/3.10.9 (Windows-10-10.0.22621-SP0)
    method: GET
    uri: https://management.azure.com/subscriptions/00000000-0000-0000-0000-000000000000/resourceGroups/cli_test_vmss_vms000001/providers/Microsoft.Compute/virtualMachineScaleSets/clitestvmss000002/virtualMachines?api-version=2022-11-01
  response:
    body:
      string: "{\r\n  \"value\": [\r\n    {\r\n      \"name\": \"clitestvmss000002_0\"\
        ,\r\n      \"id\": \"/subscriptions/00000000-0000-0000-0000-000000000000/resourceGroups/cli_test_vmss_vms000001/providers/Microsoft.Compute/virtualMachineScaleSets/clitestvmss000002/virtualMachines/0\"\
        ,\r\n      \"type\": \"Microsoft.Compute/virtualMachineScaleSets/virtualMachines\"\
        ,\r\n      \"location\": \"westus\",\r\n      \"tags\": {},\r\n      \"instanceId\"\
        : \"0\",\r\n      \"sku\": {\r\n        \"name\": \"Standard_DS1_v2\",\r\n\
        \        \"tier\": \"Standard\"\r\n      },\r\n      \"properties\": {\r\n\
        \        \"latestModelApplied\": true,\r\n        \"modelDefinitionApplied\"\
        : \"VirtualMachineScaleSet\",\r\n        \"networkProfileConfiguration\":\
        \ {\"networkInterfaceConfigurations\":[{\"name\":\"clitebd0eNic\",\"properties\"\
        :{\"primary\":true,\"disableTcpStateTracking\":false,\"dnsSettings\":{\"dnsServers\"\
        :[]},\"enableIPForwarding\":false,\"ipConfigurations\":[{\"name\":\"clitebd0eIPConfig\"\
        ,\"properties\":{\"subnet\":{\"id\":\"/subscriptions/00000000-0000-0000-0000-000000000000/resourceGroups/cli_test_vmss_vms000001/providers/Microsoft.Network/virtualNetworks/clitestvmss000002VNET/subnets/clitestvmss000002Subnet\"\
        },\"privateIPAddressVersion\":\"IPv4\",\"loadBalancerBackendAddressPools\"\
        :[{\"id\":\"/subscriptions/00000000-0000-0000-0000-000000000000/resourceGroups/cli_test_vmss_vms000001/providers/Microsoft.Network/loadBalancers/clitestvmss000002LB/backendAddressPools/clitestvmss000002LBBEPool\"\
        }],\"loadBalancerInboundNatPools\":[{\"id\":\"/subscriptions/00000000-0000-0000-0000-000000000000/resourceGroups/cli_test_vmss_vms000001/providers/Microsoft.Network/loadBalancers/clitestvmss000002LB/inboundNatPools/clitestvmss000002LBNatPool\"\
        }]}}]}}]},\r\n        \"vmId\": \"cdea6f86-7aa3-4aa1-91b3-020401862fc8\",\r\
        \n        \"hardwareProfile\": {\r\n          \"vmSize\": \"Standard_DS1_v2\"\
        \r\n        },\r\n        \"storageProfile\": {\r\n          \"imageReference\"\
        : {\r\n            \"publisher\": \"Canonical\",\r\n            \"offer\"\
        : \"UbuntuServer\",\r\n            \"sku\": \"18.04-LTS\",\r\n           \
        \ \"version\": \"latest\",\r\n            \"exactVersion\": \"18.04.202302100\"\
        \r\n          },\r\n          \"osDisk\": {\r\n            \"osType\": \"\
        Linux\",\r\n            \"name\": \"clitestvmss000002clitestvmss000002_OS__1_3900a329297c45cc9c11859a1312792d\"\
        ,\r\n            \"createOption\": \"FromImage\",\r\n            \"caching\"\
        : \"ReadWrite\",\r\n            \"managedDisk\": {\r\n              \"storageAccountType\"\
        : \"Premium_LRS\",\r\n              \"id\": \"/subscriptions/00000000-0000-0000-0000-000000000000/resourceGroups/cli_test_vmss_vms000001/providers/Microsoft.Compute/disks/clitestvmss000002clitestvmss000002_OS__1_3900a329297c45cc9c11859a1312792d\"\
        \r\n            },\r\n            \"diskSizeGB\": 30\r\n          },\r\n \
        \         \"dataDisks\": []\r\n        },\r\n        \"osProfile\": {\r\n\
        \          \"computerName\": \"clitebd0e000000\",\r\n          \"adminUsername\"\
        : \"admin123\",\r\n          \"linuxConfiguration\": {\r\n            \"disablePasswordAuthentication\"\
        : false,\r\n            \"provisionVMAgent\": true,\r\n            \"enableVMAgentPlatformUpdates\"\
        : false\r\n          },\r\n          \"secrets\": [],\r\n          \"allowExtensionOperations\"\
        : true,\r\n          \"requireGuestProvisionSignal\": true\r\n        },\r\
        \n        \"networkProfile\": {\"networkInterfaces\":[{\"id\":\"/subscriptions/00000000-0000-0000-0000-000000000000/resourceGroups/cli_test_vmss_vms000001/providers/Microsoft.Compute/virtualMachineScaleSets/clitestvmss000002/virtualMachines/0/networkInterfaces/clitebd0eNic\"\
        }]},\r\n        \"provisioningState\": \"Updating\",\r\n        \"timeCreated\"\
        : \"2023-02-17T01:59:19.3695681+00:00\"\r\n      }\r\n    },\r\n    {\r\n\
        \      \"name\": \"clitestvmss000002_2\",\r\n      \"id\": \"/subscriptions/00000000-0000-0000-0000-000000000000/resourceGroups/cli_test_vmss_vms000001/providers/Microsoft.Compute/virtualMachineScaleSets/clitestvmss000002/virtualMachines/2\"\
        ,\r\n      \"type\": \"Microsoft.Compute/virtualMachineScaleSets/virtualMachines\"\
        ,\r\n      \"location\": \"westus\",\r\n      \"tags\": {},\r\n      \"instanceId\"\
        : \"2\",\r\n      \"sku\": {\r\n        \"name\": \"Standard_DS1_v2\",\r\n\
        \        \"tier\": \"Standard\"\r\n      },\r\n      \"properties\": {\r\n\
        \        \"latestModelApplied\": true,\r\n        \"modelDefinitionApplied\"\
        : \"VirtualMachineScaleSet\",\r\n        \"networkProfileConfiguration\":\
        \ {\"networkInterfaceConfigurations\":[{\"name\":\"clitebd0eNic\",\"properties\"\
        :{\"primary\":true,\"disableTcpStateTracking\":false,\"dnsSettings\":{\"dnsServers\"\
        :[]},\"enableIPForwarding\":false,\"ipConfigurations\":[{\"name\":\"clitebd0eIPConfig\"\
        ,\"properties\":{\"subnet\":{\"id\":\"/subscriptions/00000000-0000-0000-0000-000000000000/resourceGroups/cli_test_vmss_vms000001/providers/Microsoft.Network/virtualNetworks/clitestvmss000002VNET/subnets/clitestvmss000002Subnet\"\
        },\"privateIPAddressVersion\":\"IPv4\",\"loadBalancerBackendAddressPools\"\
        :[{\"id\":\"/subscriptions/00000000-0000-0000-0000-000000000000/resourceGroups/cli_test_vmss_vms000001/providers/Microsoft.Network/loadBalancers/clitestvmss000002LB/backendAddressPools/clitestvmss000002LBBEPool\"\
        }],\"loadBalancerInboundNatPools\":[{\"id\":\"/subscriptions/00000000-0000-0000-0000-000000000000/resourceGroups/cli_test_vmss_vms000001/providers/Microsoft.Network/loadBalancers/clitestvmss000002LB/inboundNatPools/clitestvmss000002LBNatPool\"\
        }]}}]}}]},\r\n        \"vmId\": \"21b16451-582b-49dc-9245-f4a0c8849e38\",\r\
        \n        \"hardwareProfile\": {\r\n          \"vmSize\": \"Standard_DS1_v2\"\
        \r\n        },\r\n        \"storageProfile\": {\r\n          \"imageReference\"\
        : {\r\n            \"publisher\": \"Canonical\",\r\n            \"offer\"\
        : \"UbuntuServer\",\r\n            \"sku\": \"18.04-LTS\",\r\n           \
        \ \"version\": \"latest\",\r\n            \"exactVersion\": \"18.04.202302100\"\
        \r\n          },\r\n          \"osDisk\": {\r\n            \"osType\": \"\
        Linux\",\r\n            \"name\": \"clitestvmss000002clitestvmss000002_OS__1_1e3ff8f54366468aa3beed1a95429ede\"\
        ,\r\n            \"createOption\": \"FromImage\",\r\n            \"caching\"\
        : \"ReadWrite\",\r\n            \"managedDisk\": {\r\n              \"storageAccountType\"\
        : \"Premium_LRS\",\r\n              \"id\": \"/subscriptions/00000000-0000-0000-0000-000000000000/resourceGroups/cli_test_vmss_vms000001/providers/Microsoft.Compute/disks/clitestvmss000002clitestvmss000002_OS__1_1e3ff8f54366468aa3beed1a95429ede\"\
        \r\n            },\r\n            \"diskSizeGB\": 30\r\n          },\r\n \
        \         \"dataDisks\": []\r\n        },\r\n        \"osProfile\": {\r\n\
        \          \"computerName\": \"clitebd0e000002\",\r\n          \"adminUsername\"\
        : \"admin123\",\r\n          \"linuxConfiguration\": {\r\n            \"disablePasswordAuthentication\"\
        : false,\r\n            \"provisionVMAgent\": true,\r\n            \"enableVMAgentPlatformUpdates\"\
        : false\r\n          },\r\n          \"secrets\": [],\r\n          \"allowExtensionOperations\"\
        : true,\r\n          \"requireGuestProvisionSignal\": true\r\n        },\r\
        \n        \"networkProfile\": {\"networkInterfaces\":[{\"id\":\"/subscriptions/00000000-0000-0000-0000-000000000000/resourceGroups/cli_test_vmss_vms000001/providers/Microsoft.Compute/virtualMachineScaleSets/clitestvmss000002/virtualMachines/2/networkInterfaces/clitebd0eNic\"\
        }]},\r\n        \"provisioningState\": \"Succeeded\",\r\n        \"timeCreated\"\
        : \"2023-02-17T01:59:19.3695681+00:00\"\r\n      }\r\n    }\r\n  ]\r\n}"
    headers:
      cache-control:
      - no-cache
      content-length:
      - '6963'
      content-type:
      - application/json; charset=utf-8
      date:
      - Fri, 17 Feb 2023 02:00:00 GMT
      expires:
      - '-1'
      pragma:
      - no-cache
      server:
      - Microsoft-HTTPAPI/2.0
      - Microsoft-HTTPAPI/2.0
      strict-transport-security:
      - max-age=31536000; includeSubDomains
      transfer-encoding:
      - chunked
      vary:
      - Accept-Encoding
      x-content-type-options:
      - nosniff
      x-ms-ratelimit-remaining-resource:
      - Microsoft.Compute/HighCostGetVMScaleSet3Min;193,Microsoft.Compute/HighCostGetVMScaleSet30Min;962,Microsoft.Compute/VMScaleSetVMViews3Min;4990
      x-ms-request-charge:
      - '4'
    status:
      code: 200
      message: OK
- request:
    body: null
    headers:
      Accept:
      - application/json
      Accept-Encoding:
      - gzip, deflate
      CommandName:
      - vmss show
      Connection:
      - keep-alive
      ParameterSetName:
      - --resource-group --name --instance-id
      User-Agent:
      - AZURECLI/2.45.0 azsdk-python-azure-mgmt-compute/29.1.0 Python/3.10.9 (Windows-10-10.0.22621-SP0)
    method: GET
    uri: https://management.azure.com/subscriptions/00000000-0000-0000-0000-000000000000/resourceGroups/cli_test_vmss_vms000001/providers/Microsoft.Compute/virtualMachineScaleSets/clitestvmss000002/virtualMachines/0?api-version=2022-11-01
  response:
    body:
      string: "{\r\n  \"name\": \"clitestvmss000002_0\",\r\n  \"id\": \"/subscriptions/00000000-0000-0000-0000-000000000000/resourceGroups/cli_test_vmss_vms000001/providers/Microsoft.Compute/virtualMachineScaleSets/clitestvmss000002/virtualMachines/0\"\
        ,\r\n  \"type\": \"Microsoft.Compute/virtualMachineScaleSets/virtualMachines\"\
        ,\r\n  \"location\": \"westus\",\r\n  \"tags\": {},\r\n  \"instanceId\": \"\
        0\",\r\n  \"sku\": {\r\n    \"name\": \"Standard_DS1_v2\",\r\n    \"tier\"\
        : \"Standard\"\r\n  },\r\n  \"properties\": {\r\n    \"latestModelApplied\"\
        : true,\r\n    \"modelDefinitionApplied\": \"VirtualMachineScaleSet\",\r\n\
        \    \"networkProfileConfiguration\": {\"networkInterfaceConfigurations\"\
        :[{\"name\":\"clitebd0eNic\",\"properties\":{\"primary\":true,\"disableTcpStateTracking\"\
        :false,\"dnsSettings\":{\"dnsServers\":[]},\"enableIPForwarding\":false,\"\
        ipConfigurations\":[{\"name\":\"clitebd0eIPConfig\",\"properties\":{\"subnet\"\
        :{\"id\":\"/subscriptions/00000000-0000-0000-0000-000000000000/resourceGroups/cli_test_vmss_vms000001/providers/Microsoft.Network/virtualNetworks/clitestvmss000002VNET/subnets/clitestvmss000002Subnet\"\
        },\"privateIPAddressVersion\":\"IPv4\",\"loadBalancerBackendAddressPools\"\
        :[{\"id\":\"/subscriptions/00000000-0000-0000-0000-000000000000/resourceGroups/cli_test_vmss_vms000001/providers/Microsoft.Network/loadBalancers/clitestvmss000002LB/backendAddressPools/clitestvmss000002LBBEPool\"\
        }],\"loadBalancerInboundNatPools\":[{\"id\":\"/subscriptions/00000000-0000-0000-0000-000000000000/resourceGroups/cli_test_vmss_vms000001/providers/Microsoft.Network/loadBalancers/clitestvmss000002LB/inboundNatPools/clitestvmss000002LBNatPool\"\
        }]}}]}}]},\r\n    \"vmId\": \"cdea6f86-7aa3-4aa1-91b3-020401862fc8\",\r\n\
        \    \"hardwareProfile\": {\r\n      \"vmSize\": \"Standard_DS1_v2\"\r\n \
        \   },\r\n    \"storageProfile\": {\r\n      \"imageReference\": {\r\n   \
        \     \"publisher\": \"Canonical\",\r\n        \"offer\": \"UbuntuServer\"\
        ,\r\n        \"sku\": \"18.04-LTS\",\r\n        \"version\": \"latest\",\r\
        \n        \"exactVersion\": \"18.04.202302100\"\r\n      },\r\n      \"osDisk\"\
        : {\r\n        \"osType\": \"Linux\",\r\n        \"name\": \"clitestvmss000002clitestvmss000002_OS__1_3900a329297c45cc9c11859a1312792d\"\
        ,\r\n        \"createOption\": \"FromImage\",\r\n        \"caching\": \"ReadWrite\"\
        ,\r\n        \"managedDisk\": {\r\n          \"storageAccountType\": \"Premium_LRS\"\
        ,\r\n          \"id\": \"/subscriptions/00000000-0000-0000-0000-000000000000/resourceGroups/cli_test_vmss_vms000001/providers/Microsoft.Compute/disks/clitestvmss000002clitestvmss000002_OS__1_3900a329297c45cc9c11859a1312792d\"\
        \r\n        },\r\n        \"diskSizeGB\": 30\r\n      },\r\n      \"dataDisks\"\
        : []\r\n    },\r\n    \"osProfile\": {\r\n      \"computerName\": \"clitebd0e000000\"\
        ,\r\n      \"adminUsername\": \"admin123\",\r\n      \"linuxConfiguration\"\
        : {\r\n        \"disablePasswordAuthentication\": false,\r\n        \"provisionVMAgent\"\
        : true,\r\n        \"enableVMAgentPlatformUpdates\": false\r\n      },\r\n\
        \      \"secrets\": [],\r\n      \"allowExtensionOperations\": true,\r\n \
        \     \"requireGuestProvisionSignal\": true\r\n    },\r\n    \"networkProfile\"\
        : {\"networkInterfaces\":[{\"id\":\"/subscriptions/00000000-0000-0000-0000-000000000000/resourceGroups/cli_test_vmss_vms000001/providers/Microsoft.Compute/virtualMachineScaleSets/clitestvmss000002/virtualMachines/0/networkInterfaces/clitebd0eNic\"\
        }]},\r\n    \"provisioningState\": \"Updating\",\r\n    \"timeCreated\": \"\
        2023-02-17T01:59:19.3695681+00:00\"\r\n  }\r\n}"
    headers:
      cache-control:
      - no-cache
      content-length:
      - '3239'
      content-type:
      - application/json; charset=utf-8
      date:
      - Fri, 17 Feb 2023 02:00:01 GMT
      expires:
      - '-1'
      pragma:
      - no-cache
      server:
      - Microsoft-HTTPAPI/2.0
      - Microsoft-HTTPAPI/2.0
      strict-transport-security:
      - max-age=31536000; includeSubDomains
      transfer-encoding:
      - chunked
      vary:
      - Accept-Encoding
      x-content-type-options:
      - nosniff
      x-ms-ratelimit-remaining-resource:
      - Microsoft.Compute/GetVMScaleSetVM3Min;997,Microsoft.Compute/GetVMScaleSetVM30Min;4973,Microsoft.Compute/VMScaleSetVMViews3Min;4989
      x-ms-request-charge:
      - '1'
    status:
      code: 200
      message: OK
- request:
    body: null
    headers:
      Accept:
      - application/json
      Accept-Encoding:
      - gzip, deflate
      CommandName:
      - vmss list-instance-connection-info
      Connection:
      - keep-alive
      ParameterSetName:
      - --resource-group --name
      User-Agent:
      - AZURECLI/2.45.0 azsdk-python-azure-mgmt-compute/29.1.0 Python/3.10.9 (Windows-10-10.0.22621-SP0)
    method: GET
    uri: https://management.azure.com/subscriptions/00000000-0000-0000-0000-000000000000/resourceGroups/cli_test_vmss_vms000001/providers/Microsoft.Compute/virtualMachineScaleSets/clitestvmss000002?api-version=2022-11-01
  response:
    body:
      string: "{\r\n  \"name\": \"clitestvmss000002\",\r\n  \"id\": \"/subscriptions/00000000-0000-0000-0000-000000000000/resourceGroups/cli_test_vmss_vms000001/providers/Microsoft.Compute/virtualMachineScaleSets/clitestvmss000002\"\
        ,\r\n  \"type\": \"Microsoft.Compute/virtualMachineScaleSets\",\r\n  \"location\"\
        : \"westus\",\r\n  \"tags\": {},\r\n  \"sku\": {\r\n    \"name\": \"Standard_DS1_v2\"\
        ,\r\n    \"tier\": \"Standard\",\r\n    \"capacity\": 2\r\n  },\r\n  \"properties\"\
        : {\r\n    \"singlePlacementGroup\": true,\r\n    \"orchestrationMode\": \"\
        Uniform\",\r\n    \"upgradePolicy\": {\r\n      \"mode\": \"Manual\",\r\n\
        \      \"rollingUpgradePolicy\": {\r\n        \"maxBatchInstancePercent\"\
        : 20,\r\n        \"maxUnhealthyInstancePercent\": 20,\r\n        \"maxUnhealthyUpgradedInstancePercent\"\
        : 20,\r\n        \"pauseTimeBetweenBatches\": \"PT0S\",\r\n        \"maxSurge\"\
        : false,\r\n        \"rollbackFailedInstancesOnPolicyBreach\": false\r\n \
        \     }\r\n    },\r\n    \"virtualMachineProfile\": {\r\n      \"osProfile\"\
        : {\r\n        \"computerNamePrefix\": \"clitebd0e\",\r\n        \"adminUsername\"\
        : \"admin123\",\r\n        \"linuxConfiguration\": {\r\n          \"disablePasswordAuthentication\"\
        : false,\r\n          \"provisionVMAgent\": true,\r\n          \"enableVMAgentPlatformUpdates\"\
        : false\r\n        },\r\n        \"secrets\": [],\r\n        \"allowExtensionOperations\"\
        : true,\r\n        \"requireGuestProvisionSignal\": true\r\n      },\r\n \
        \     \"storageProfile\": {\r\n        \"osDisk\": {\r\n          \"osType\"\
        : \"Linux\",\r\n          \"createOption\": \"FromImage\",\r\n          \"\
        caching\": \"ReadWrite\",\r\n          \"managedDisk\": {\r\n            \"\
        storageAccountType\": \"Premium_LRS\"\r\n          },\r\n          \"diskSizeGB\"\
        : 30\r\n        },\r\n        \"imageReference\": {\r\n          \"publisher\"\
        : \"Canonical\",\r\n          \"offer\": \"UbuntuServer\",\r\n          \"\
        sku\": \"18.04-LTS\",\r\n          \"version\": \"latest\"\r\n        }\r\n\
        \      },\r\n      \"networkProfile\": {\"networkInterfaceConfigurations\"\
        :[{\"name\":\"clitebd0eNic\",\"properties\":{\"primary\":true,\"disableTcpStateTracking\"\
        :false,\"dnsSettings\":{\"dnsServers\":[]},\"enableIPForwarding\":false,\"\
        ipConfigurations\":[{\"name\":\"clitebd0eIPConfig\",\"properties\":{\"subnet\"\
        :{\"id\":\"/subscriptions/00000000-0000-0000-0000-000000000000/resourceGroups/cli_test_vmss_vms000001/providers/Microsoft.Network/virtualNetworks/clitestvmss000002VNET/subnets/clitestvmss000002Subnet\"\
        },\"privateIPAddressVersion\":\"IPv4\",\"loadBalancerBackendAddressPools\"\
        :[{\"id\":\"/subscriptions/00000000-0000-0000-0000-000000000000/resourceGroups/cli_test_vmss_vms000001/providers/Microsoft.Network/loadBalancers/clitestvmss000002LB/backendAddressPools/clitestvmss000002LBBEPool\"\
        }],\"loadBalancerInboundNatPools\":[{\"id\":\"/subscriptions/00000000-0000-0000-0000-000000000000/resourceGroups/cli_test_vmss_vms000001/providers/Microsoft.Network/loadBalancers/clitestvmss000002LB/inboundNatPools/clitestvmss000002LBNatPool\"\
        }]}}]}}]}\r\n    },\r\n    \"provisioningState\": \"Succeeded\",\r\n    \"\
        overprovision\": true,\r\n    \"doNotRunExtensionsOnOverprovisionedVMs\":\
        \ false,\r\n    \"uniqueId\": \"0cf59467-e782-4ce8-b7de-293bebf00e28\",\r\n\
        \    \"timeCreated\": \"2023-02-17T01:59:19.2914408+00:00\"\r\n  }\r\n}"
    headers:
      cache-control:
      - no-cache
      content-length:
      - '3002'
      content-type:
      - application/json; charset=utf-8
      date:
      - Fri, 17 Feb 2023 02:00:02 GMT
      expires:
      - '-1'
      pragma:
      - no-cache
      server:
      - Microsoft-HTTPAPI/2.0
      - Microsoft-HTTPAPI/2.0
      strict-transport-security:
      - max-age=31536000; includeSubDomains
      transfer-encoding:
      - chunked
      vary:
      - Accept-Encoding
      x-content-type-options:
      - nosniff
      x-ms-ratelimit-remaining-resource:
      - Microsoft.Compute/GetVMScaleSet3Min;336,Microsoft.Compute/GetVMScaleSet30Min;2267
    status:
      code: 200
      message: OK
- request:
    body: null
    headers:
      Accept:
      - application/json
      Accept-Encoding:
      - gzip, deflate
      CommandName:
      - vmss list-instance-connection-info
      Connection:
      - keep-alive
      ParameterSetName:
      - --resource-group --name
      User-Agent:
      - AZURECLI/2.45.0 azsdk-python-azure-mgmt-network/21.0.1 Python/3.10.9 (Windows-10-10.0.22621-SP0)
    method: GET
    uri: https://management.azure.com/subscriptions/00000000-0000-0000-0000-000000000000/resourceGroups/cli_test_vmss_vms000001/providers/Microsoft.Network/loadBalancers/clitestvmss000002LB?api-version=2022-01-01
  response:
    body:
      string: "{\r\n  \"name\": \"clitestvmss000002LB\",\r\n  \"id\": \"/subscriptions/00000000-0000-0000-0000-000000000000/resourceGroups/cli_test_vmss_vms000001/providers/Microsoft.Network/loadBalancers/clitestvmss000002LB\"\
        ,\r\n  \"etag\": \"W/\\\"697fc4d4-78a8-43e8-9431-2c459501a736\\\"\",\r\n \
        \ \"type\": \"Microsoft.Network/loadBalancers\",\r\n  \"location\": \"westus\"\
        ,\r\n  \"tags\": {},\r\n  \"properties\": {\r\n    \"provisioningState\":\
        \ \"Succeeded\",\r\n    \"resourceGuid\": \"aabfdf45-48bd-47ad-b83a-8b9b4dd7a50f\"\
        ,\r\n    \"frontendIPConfigurations\": [\r\n      {\r\n        \"name\": \"\
        loadBalancerFrontEnd\",\r\n        \"id\": \"/subscriptions/00000000-0000-0000-0000-000000000000/resourceGroups/cli_test_vmss_vms000001/providers/Microsoft.Network/loadBalancers/clitestvmss000002LB/frontendIPConfigurations/loadBalancerFrontEnd\"\
        ,\r\n        \"etag\": \"W/\\\"697fc4d4-78a8-43e8-9431-2c459501a736\\\"\"\
        ,\r\n        \"type\": \"Microsoft.Network/loadBalancers/frontendIPConfigurations\"\
        ,\r\n        \"properties\": {\r\n          \"provisioningState\": \"Succeeded\"\
        ,\r\n          \"privateIPAllocationMethod\": \"Dynamic\",\r\n          \"\
        publicIPAddress\": {\r\n            \"id\": \"/subscriptions/00000000-0000-0000-0000-000000000000/resourceGroups/cli_test_vmss_vms000001/providers/Microsoft.Network/publicIPAddresses/clitestvmss000002LBPublicIP\"\
        \r\n          },\r\n          \"inboundNatRules\": [\r\n            {\r\n\
        \              \"id\": \"/subscriptions/00000000-0000-0000-0000-000000000000/resourceGroups/cli_test_vmss_vms000001/providers/Microsoft.Network/loadBalancers/clitestvmss000002LB/inboundNatRules/clitestvmss000002LBNatPool.0\"\
        \r\n            },\r\n            {\r\n              \"id\": \"/subscriptions/00000000-0000-0000-0000-000000000000/resourceGroups/cli_test_vmss_vms000001/providers/Microsoft.Network/loadBalancers/clitestvmss000002LB/inboundNatRules/clitestvmss000002LBNatPool.1\"\
        \r\n            },\r\n            {\r\n              \"id\": \"/subscriptions/00000000-0000-0000-0000-000000000000/resourceGroups/cli_test_vmss_vms000001/providers/Microsoft.Network/loadBalancers/clitestvmss000002LB/inboundNatRules/clitestvmss000002LBNatPool.2\"\
        \r\n            },\r\n            {\r\n              \"id\": \"/subscriptions/00000000-0000-0000-0000-000000000000/resourceGroups/cli_test_vmss_vms000001/providers/Microsoft.Network/loadBalancers/clitestvmss000002LB/inboundNatRules/clitestvmss000002LBNatPool.3\"\
        \r\n            }\r\n          ],\r\n          \"inboundNatPools\": [\r\n\
        \            {\r\n              \"id\": \"/subscriptions/00000000-0000-0000-0000-000000000000/resourceGroups/cli_test_vmss_vms000001/providers/Microsoft.Network/loadBalancers/clitestvmss000002LB/inboundNatPools/clitestvmss000002LBNatPool\"\
        \r\n            }\r\n          ]\r\n        }\r\n      }\r\n    ],\r\n   \
        \ \"backendAddressPools\": [\r\n      {\r\n        \"name\": \"clitestvmss000002LBBEPool\"\
        ,\r\n        \"id\": \"/subscriptions/00000000-0000-0000-0000-000000000000/resourceGroups/cli_test_vmss_vms000001/providers/Microsoft.Network/loadBalancers/clitestvmss000002LB/backendAddressPools/clitestvmss000002LBBEPool\"\
        ,\r\n        \"etag\": \"W/\\\"697fc4d4-78a8-43e8-9431-2c459501a736\\\"\"\
        ,\r\n        \"properties\": {\r\n          \"provisioningState\": \"Succeeded\"\
        ,\r\n          \"backendIPConfigurations\": [\r\n            {\r\n       \
        \       \"id\": \"/subscriptions/00000000-0000-0000-0000-000000000000/resourceGroups/cli_test_vmss_vms000001/providers/Microsoft.Compute/virtualMachineScaleSets/clitestvmss000002/virtualMachines/0/networkInterfaces/clitebd0eNic/ipConfigurations/clitebd0eIPConfig\"\
        \r\n            },\r\n            {\r\n              \"id\": \"/subscriptions/00000000-0000-0000-0000-000000000000/resourceGroups/cli_test_vmss_vms000001/providers/Microsoft.Compute/virtualMachineScaleSets/clitestvmss000002/virtualMachines/1/networkInterfaces/clitebd0eNic/ipConfigurations/clitebd0eIPConfig\"\
        \r\n            },\r\n            {\r\n              \"id\": \"/subscriptions/00000000-0000-0000-0000-000000000000/resourceGroups/cli_test_vmss_vms000001/providers/Microsoft.Compute/virtualMachineScaleSets/clitestvmss000002/virtualMachines/2/networkInterfaces/clitebd0eNic/ipConfigurations/clitebd0eIPConfig\"\
        \r\n            },\r\n            {\r\n              \"id\": \"/subscriptions/00000000-0000-0000-0000-000000000000/resourceGroups/cli_test_vmss_vms000001/providers/Microsoft.Compute/virtualMachineScaleSets/clitestvmss000002/virtualMachines/3/networkInterfaces/clitebd0eNic/ipConfigurations/clitebd0eIPConfig\"\
        \r\n            }\r\n          ]\r\n        },\r\n        \"type\": \"Microsoft.Network/loadBalancers/backendAddressPools\"\
        \r\n      }\r\n    ],\r\n    \"loadBalancingRules\": [],\r\n    \"probes\"\
        : [],\r\n    \"inboundNatRules\": [\r\n      {\r\n        \"name\": \"clitestvmss000002LBNatPool.0\"\
        ,\r\n        \"id\": \"/subscriptions/00000000-0000-0000-0000-000000000000/resourceGroups/cli_test_vmss_vms000001/providers/Microsoft.Network/loadBalancers/clitestvmss000002LB/inboundNatRules/clitestvmss000002LBNatPool.0\"\
        ,\r\n        \"etag\": \"W/\\\"697fc4d4-78a8-43e8-9431-2c459501a736\\\"\"\
        ,\r\n        \"type\": \"Microsoft.Network/loadBalancers/inboundNatRules\"\
        ,\r\n        \"properties\": {\r\n          \"provisioningState\": \"Succeeded\"\
        ,\r\n          \"frontendIPConfiguration\": {\r\n            \"id\": \"/subscriptions/00000000-0000-0000-0000-000000000000/resourceGroups/cli_test_vmss_vms000001/providers/Microsoft.Network/loadBalancers/clitestvmss000002LB/frontendIPConfigurations/loadBalancerFrontEnd\"\
        \r\n          },\r\n          \"frontendPort\": 50000,\r\n          \"backendPort\"\
        : 22,\r\n          \"enableFloatingIP\": false,\r\n          \"idleTimeoutInMinutes\"\
        : 4,\r\n          \"protocol\": \"Tcp\",\r\n          \"enableDestinationServiceEndpoint\"\
        : false,\r\n          \"enableTcpReset\": false,\r\n          \"allowBackendPortConflict\"\
        : false,\r\n          \"backendIPConfiguration\": {\r\n            \"id\"\
        : \"/subscriptions/00000000-0000-0000-0000-000000000000/resourceGroups/cli_test_vmss_vms000001/providers/Microsoft.Compute/virtualMachineScaleSets/clitestvmss000002/virtualMachines/0/networkInterfaces/clitebd0eNic/ipConfigurations/clitebd0eIPConfig\"\
        \r\n          }\r\n        }\r\n      },\r\n      {\r\n        \"name\": \"\
        clitestvmss000002LBNatPool.1\",\r\n        \"id\": \"/subscriptions/00000000-0000-0000-0000-000000000000/resourceGroups/cli_test_vmss_vms000001/providers/Microsoft.Network/loadBalancers/clitestvmss000002LB/inboundNatRules/clitestvmss000002LBNatPool.1\"\
        ,\r\n        \"etag\": \"W/\\\"697fc4d4-78a8-43e8-9431-2c459501a736\\\"\"\
        ,\r\n        \"type\": \"Microsoft.Network/loadBalancers/inboundNatRules\"\
        ,\r\n        \"properties\": {\r\n          \"provisioningState\": \"Succeeded\"\
        ,\r\n          \"frontendIPConfiguration\": {\r\n            \"id\": \"/subscriptions/00000000-0000-0000-0000-000000000000/resourceGroups/cli_test_vmss_vms000001/providers/Microsoft.Network/loadBalancers/clitestvmss000002LB/frontendIPConfigurations/loadBalancerFrontEnd\"\
        \r\n          },\r\n          \"frontendPort\": 50001,\r\n          \"backendPort\"\
        : 22,\r\n          \"enableFloatingIP\": false,\r\n          \"idleTimeoutInMinutes\"\
        : 4,\r\n          \"protocol\": \"Tcp\",\r\n          \"enableDestinationServiceEndpoint\"\
        : false,\r\n          \"enableTcpReset\": false,\r\n          \"allowBackendPortConflict\"\
        : false,\r\n          \"backendIPConfiguration\": {\r\n            \"id\"\
        : \"/subscriptions/00000000-0000-0000-0000-000000000000/resourceGroups/cli_test_vmss_vms000001/providers/Microsoft.Compute/virtualMachineScaleSets/clitestvmss000002/virtualMachines/1/networkInterfaces/clitebd0eNic/ipConfigurations/clitebd0eIPConfig\"\
        \r\n          }\r\n        }\r\n      },\r\n      {\r\n        \"name\": \"\
        clitestvmss000002LBNatPool.2\",\r\n        \"id\": \"/subscriptions/00000000-0000-0000-0000-000000000000/resourceGroups/cli_test_vmss_vms000001/providers/Microsoft.Network/loadBalancers/clitestvmss000002LB/inboundNatRules/clitestvmss000002LBNatPool.2\"\
        ,\r\n        \"etag\": \"W/\\\"697fc4d4-78a8-43e8-9431-2c459501a736\\\"\"\
        ,\r\n        \"type\": \"Microsoft.Network/loadBalancers/inboundNatRules\"\
        ,\r\n        \"properties\": {\r\n          \"provisioningState\": \"Succeeded\"\
        ,\r\n          \"frontendIPConfiguration\": {\r\n            \"id\": \"/subscriptions/00000000-0000-0000-0000-000000000000/resourceGroups/cli_test_vmss_vms000001/providers/Microsoft.Network/loadBalancers/clitestvmss000002LB/frontendIPConfigurations/loadBalancerFrontEnd\"\
        \r\n          },\r\n          \"frontendPort\": 50002,\r\n          \"backendPort\"\
        : 22,\r\n          \"enableFloatingIP\": false,\r\n          \"idleTimeoutInMinutes\"\
        : 4,\r\n          \"protocol\": \"Tcp\",\r\n          \"enableDestinationServiceEndpoint\"\
        : false,\r\n          \"enableTcpReset\": false,\r\n          \"allowBackendPortConflict\"\
        : false,\r\n          \"backendIPConfiguration\": {\r\n            \"id\"\
        : \"/subscriptions/00000000-0000-0000-0000-000000000000/resourceGroups/cli_test_vmss_vms000001/providers/Microsoft.Compute/virtualMachineScaleSets/clitestvmss000002/virtualMachines/2/networkInterfaces/clitebd0eNic/ipConfigurations/clitebd0eIPConfig\"\
        \r\n          }\r\n        }\r\n      },\r\n      {\r\n        \"name\": \"\
        clitestvmss000002LBNatPool.3\",\r\n        \"id\": \"/subscriptions/00000000-0000-0000-0000-000000000000/resourceGroups/cli_test_vmss_vms000001/providers/Microsoft.Network/loadBalancers/clitestvmss000002LB/inboundNatRules/clitestvmss000002LBNatPool.3\"\
        ,\r\n        \"etag\": \"W/\\\"697fc4d4-78a8-43e8-9431-2c459501a736\\\"\"\
        ,\r\n        \"type\": \"Microsoft.Network/loadBalancers/inboundNatRules\"\
        ,\r\n        \"properties\": {\r\n          \"provisioningState\": \"Succeeded\"\
        ,\r\n          \"frontendIPConfiguration\": {\r\n            \"id\": \"/subscriptions/00000000-0000-0000-0000-000000000000/resourceGroups/cli_test_vmss_vms000001/providers/Microsoft.Network/loadBalancers/clitestvmss000002LB/frontendIPConfigurations/loadBalancerFrontEnd\"\
        \r\n          },\r\n          \"frontendPort\": 50003,\r\n          \"backendPort\"\
        : 22,\r\n          \"enableFloatingIP\": false,\r\n          \"idleTimeoutInMinutes\"\
        : 4,\r\n          \"protocol\": \"Tcp\",\r\n          \"enableDestinationServiceEndpoint\"\
        : false,\r\n          \"enableTcpReset\": false,\r\n          \"allowBackendPortConflict\"\
        : false,\r\n          \"backendIPConfiguration\": {\r\n            \"id\"\
        : \"/subscriptions/00000000-0000-0000-0000-000000000000/resourceGroups/cli_test_vmss_vms000001/providers/Microsoft.Compute/virtualMachineScaleSets/clitestvmss000002/virtualMachines/3/networkInterfaces/clitebd0eNic/ipConfigurations/clitebd0eIPConfig\"\
        \r\n          }\r\n        }\r\n      }\r\n    ],\r\n    \"inboundNatPools\"\
        : [\r\n      {\r\n        \"name\": \"clitestvmss000002LBNatPool\",\r\n  \
        \      \"id\": \"/subscriptions/00000000-0000-0000-0000-000000000000/resourceGroups/cli_test_vmss_vms000001/providers/Microsoft.Network/loadBalancers/clitestvmss000002LB/inboundNatPools/clitestvmss000002LBNatPool\"\
        ,\r\n        \"etag\": \"W/\\\"697fc4d4-78a8-43e8-9431-2c459501a736\\\"\"\
        ,\r\n        \"properties\": {\r\n          \"provisioningState\": \"Succeeded\"\
        ,\r\n          \"frontendPortRangeStart\": 50000,\r\n          \"frontendPortRangeEnd\"\
        : 50119,\r\n          \"backendPort\": 22,\r\n          \"protocol\": \"Tcp\"\
        ,\r\n          \"idleTimeoutInMinutes\": 4,\r\n          \"enableFloatingIP\"\
        : false,\r\n          \"enableDestinationServiceEndpoint\": false,\r\n   \
        \       \"enableTcpReset\": false,\r\n          \"allowBackendPortConflict\"\
        : false,\r\n          \"frontendIPConfiguration\": {\r\n            \"id\"\
        : \"/subscriptions/00000000-0000-0000-0000-000000000000/resourceGroups/cli_test_vmss_vms000001/providers/Microsoft.Network/loadBalancers/clitestvmss000002LB/frontendIPConfigurations/loadBalancerFrontEnd\"\
        \r\n          }\r\n        },\r\n        \"type\": \"Microsoft.Network/loadBalancers/inboundNatPools\"\
        \r\n      }\r\n    ]\r\n  },\r\n  \"sku\": {\r\n    \"name\": \"Basic\",\r\
        \n    \"tier\": \"Regional\"\r\n  }\r\n}"
    headers:
      cache-control:
      - no-cache
      content-length:
      - '11301'
      content-type:
      - application/json; charset=utf-8
      date:
      - Fri, 17 Feb 2023 02:00:03 GMT
      etag:
      - W/"697fc4d4-78a8-43e8-9431-2c459501a736"
      expires:
      - '-1'
      pragma:
      - no-cache
      server:
      - Microsoft-HTTPAPI/2.0
      - Microsoft-HTTPAPI/2.0
      strict-transport-security:
      - max-age=31536000; includeSubDomains
      transfer-encoding:
      - chunked
      vary:
      - Accept-Encoding
      x-content-type-options:
      - nosniff
      x-ms-arm-service-request-id:
      - 6fd2d201-6822-4395-bed6-da4f6f8e2215
    status:
      code: 200
      message: OK
- request:
    body: null
    headers:
      Accept:
      - application/json
      Accept-Encoding:
      - gzip, deflate
      CommandName:
      - vmss list-instance-connection-info
      Connection:
      - keep-alive
      ParameterSetName:
      - --resource-group --name
      User-Agent:
      - AZURECLI/2.45.0 azsdk-python-azure-mgmt-network/21.0.1 Python/3.10.9 (Windows-10-10.0.22621-SP0)
    method: GET
    uri: https://management.azure.com/subscriptions/00000000-0000-0000-0000-000000000000/resourceGroups/cli_test_vmss_vms000001/providers/Microsoft.Network/publicIPAddresses/clitestvmss000002LBPublicIP?api-version=2022-01-01
  response:
    body:
      string: "{\r\n  \"name\": \"clitestvmss000002LBPublicIP\",\r\n  \"id\": \"/subscriptions/00000000-0000-0000-0000-000000000000/resourceGroups/cli_test_vmss_vms000001/providers/Microsoft.Network/publicIPAddresses/clitestvmss000002LBPublicIP\"\
        ,\r\n  \"etag\": \"W/\\\"0ce319b1-4b51-4f10-86ae-b6147bb1f635\\\"\",\r\n \
        \ \"location\": \"westus\",\r\n  \"tags\": {},\r\n  \"properties\": {\r\n\
        \    \"provisioningState\": \"Succeeded\",\r\n    \"resourceGuid\": \"16594b12-aef6-41db-a679-9ebb3824fbeb\"\
        ,\r\n    \"ipAddress\": \"20.253.141.209\",\r\n    \"publicIPAddressVersion\"\
        : \"IPv4\",\r\n    \"publicIPAllocationMethod\": \"Dynamic\",\r\n    \"idleTimeoutInMinutes\"\
        : 4,\r\n    \"ipTags\": [],\r\n    \"ipConfiguration\": {\r\n      \"id\"\
        : \"/subscriptions/00000000-0000-0000-0000-000000000000/resourceGroups/cli_test_vmss_vms000001/providers/Microsoft.Network/loadBalancers/clitestvmss000002LB/frontendIPConfigurations/loadBalancerFrontEnd\"\
        \r\n    }\r\n  },\r\n  \"type\": \"Microsoft.Network/publicIPAddresses\",\r\
        \n  \"sku\": {\r\n    \"name\": \"Basic\",\r\n    \"tier\": \"Regional\"\r\
        \n  }\r\n}"
    headers:
      cache-control:
      - no-cache
      content-length:
      - '975'
      content-type:
      - application/json; charset=utf-8
      date:
      - Fri, 17 Feb 2023 02:00:04 GMT
      etag:
      - W/"0ce319b1-4b51-4f10-86ae-b6147bb1f635"
      expires:
      - '-1'
      pragma:
      - no-cache
      server:
      - Microsoft-HTTPAPI/2.0
      - Microsoft-HTTPAPI/2.0
      strict-transport-security:
      - max-age=31536000; includeSubDomains
      transfer-encoding:
      - chunked
      vary:
      - Accept-Encoding
      x-content-type-options:
      - nosniff
      x-ms-arm-service-request-id:
      - 7c5c15c6-ac49-4c99-b315-bc08c5ca31c3
    status:
      code: 200
      message: OK
- request:
    body: '{"instanceIds": ["*"]}'
    headers:
      Accept:
      - application/json
      Accept-Encoding:
      - gzip, deflate
      CommandName:
      - vmss restart
      Connection:
      - keep-alive
      Content-Length:
      - '22'
      Content-Type:
      - application/json
      ParameterSetName:
      - --resource-group --name --instance-ids
      User-Agent:
      - AZURECLI/2.45.0 azsdk-python-azure-mgmt-compute/29.1.0 Python/3.10.9 (Windows-10-10.0.22621-SP0)
    method: POST
    uri: https://management.azure.com/subscriptions/00000000-0000-0000-0000-000000000000/resourceGroups/cli_test_vmss_vms000001/providers/Microsoft.Compute/virtualMachineScaleSets/clitestvmss000002/restart?api-version=2022-11-01
  response:
    body:
      string: ''
    headers:
      azure-asyncnotification:
      - Enabled
      azure-asyncoperation:
      - https://management.azure.com/subscriptions/00000000-0000-0000-0000-000000000000/providers/Microsoft.Compute/locations/westus/operations/1970c89d-a425-4a43-ad39-e2f32b00c038?p=571046f6-b640-41c1-86f7-f9f044b5adf9&api-version=2022-11-01
      cache-control:
      - no-cache
      content-length:
      - '0'
      date:
      - Fri, 17 Feb 2023 02:00:06 GMT
      expires:
      - '-1'
      location:
      - https://management.azure.com/subscriptions/00000000-0000-0000-0000-000000000000/providers/Microsoft.Compute/locations/westus/operations/1970c89d-a425-4a43-ad39-e2f32b00c038?p=571046f6-b640-41c1-86f7-f9f044b5adf9&monitor=true&api-version=2022-11-01
      pragma:
      - no-cache
      server:
      - Microsoft-HTTPAPI/2.0
      - Microsoft-HTTPAPI/2.0
      strict-transport-security:
      - max-age=31536000; includeSubDomains
      x-content-type-options:
      - nosniff
      x-ms-ratelimit-remaining-resource:
      - Microsoft.Compute/VMScaleSetActions3Min;237,Microsoft.Compute/VMScaleSetActions30Min;1183,Microsoft.Compute/VMScaleSetBatchedVMRequests5Min;1138,Microsoft.Compute/VmssQueuedVMOperations;0
      x-ms-ratelimit-remaining-subscription-writes:
      - '1199'
      x-ms-request-charge:
      - '2'
    status:
      code: 202
      message: Accepted
- request:
    body: null
    headers:
      Accept:
      - '*/*'
      Accept-Encoding:
      - gzip, deflate
      CommandName:
      - vmss restart
      Connection:
      - keep-alive
      ParameterSetName:
      - --resource-group --name --instance-ids
      User-Agent:
      - AZURECLI/2.45.0 azsdk-python-azure-mgmt-compute/29.1.0 Python/3.10.9 (Windows-10-10.0.22621-SP0)
    method: GET
    uri: https://management.azure.com/subscriptions/00000000-0000-0000-0000-000000000000/providers/Microsoft.Compute/locations/westus/operations/1970c89d-a425-4a43-ad39-e2f32b00c038?p=571046f6-b640-41c1-86f7-f9f044b5adf9&api-version=2022-11-01
  response:
    body:
      string: "{\r\n  \"startTime\": \"2023-02-17T02:00:06.4956335+00:00\",\r\n  \"\
        status\": \"InProgress\",\r\n  \"name\": \"1970c89d-a425-4a43-ad39-e2f32b00c038\"\
        \r\n}"
    headers:
      cache-control:
      - no-cache
      content-length:
      - '134'
      content-type:
      - application/json; charset=utf-8
      date:
      - Fri, 17 Feb 2023 02:00:39 GMT
      expires:
      - '-1'
      pragma:
      - no-cache
      server:
      - Microsoft-HTTPAPI/2.0
      - Microsoft-HTTPAPI/2.0
      strict-transport-security:
      - max-age=31536000; includeSubDomains
      transfer-encoding:
      - chunked
      vary:
      - Accept-Encoding
      x-content-type-options:
      - nosniff
      x-ms-ratelimit-remaining-resource:
      - Microsoft.Compute/GetOperation3Min;14919,Microsoft.Compute/GetOperation30Min;29263
    status:
      code: 200
      message: OK
- request:
    body: null
    headers:
      Accept:
      - '*/*'
      Accept-Encoding:
      - gzip, deflate
      CommandName:
      - vmss restart
      Connection:
      - keep-alive
      ParameterSetName:
      - --resource-group --name --instance-ids
      User-Agent:
      - AZURECLI/2.45.0 azsdk-python-azure-mgmt-compute/29.1.0 Python/3.10.9 (Windows-10-10.0.22621-SP0)
    method: GET
    uri: https://management.azure.com/subscriptions/00000000-0000-0000-0000-000000000000/providers/Microsoft.Compute/locations/westus/operations/1970c89d-a425-4a43-ad39-e2f32b00c038?p=571046f6-b640-41c1-86f7-f9f044b5adf9&api-version=2022-11-01
  response:
    body:
      string: "{\r\n  \"startTime\": \"2023-02-17T02:00:06.4956335+00:00\",\r\n  \"\
        status\": \"InProgress\",\r\n  \"name\": \"1970c89d-a425-4a43-ad39-e2f32b00c038\"\
        \r\n}"
    headers:
      cache-control:
      - no-cache
      content-length:
      - '134'
      content-type:
      - application/json; charset=utf-8
      date:
      - Fri, 17 Feb 2023 02:01:10 GMT
      expires:
      - '-1'
      pragma:
      - no-cache
      server:
      - Microsoft-HTTPAPI/2.0
      - Microsoft-HTTPAPI/2.0
      strict-transport-security:
      - max-age=31536000; includeSubDomains
      transfer-encoding:
      - chunked
      vary:
      - Accept-Encoding
      x-content-type-options:
      - nosniff
      x-ms-ratelimit-remaining-resource:
      - Microsoft.Compute/GetOperation3Min;14916,Microsoft.Compute/GetOperation30Min;29244
    status:
      code: 200
      message: OK
- request:
    body: null
    headers:
      Accept:
      - '*/*'
      Accept-Encoding:
      - gzip, deflate
      CommandName:
      - vmss restart
      Connection:
      - keep-alive
      ParameterSetName:
      - --resource-group --name --instance-ids
      User-Agent:
      - AZURECLI/2.45.0 azsdk-python-azure-mgmt-compute/29.1.0 Python/3.10.9 (Windows-10-10.0.22621-SP0)
    method: GET
    uri: https://management.azure.com/subscriptions/00000000-0000-0000-0000-000000000000/providers/Microsoft.Compute/locations/westus/operations/1970c89d-a425-4a43-ad39-e2f32b00c038?p=571046f6-b640-41c1-86f7-f9f044b5adf9&api-version=2022-11-01
  response:
    body:
      string: "{\r\n  \"startTime\": \"2023-02-17T02:00:06.4956335+00:00\",\r\n  \"\
        status\": \"InProgress\",\r\n  \"name\": \"1970c89d-a425-4a43-ad39-e2f32b00c038\"\
        \r\n}"
    headers:
      cache-control:
      - no-cache
      content-length:
      - '134'
      content-type:
      - application/json; charset=utf-8
      date:
      - Fri, 17 Feb 2023 02:01:46 GMT
      expires:
      - '-1'
      pragma:
      - no-cache
      server:
      - Microsoft-HTTPAPI/2.0
      - Microsoft-HTTPAPI/2.0
      strict-transport-security:
      - max-age=31536000; includeSubDomains
      transfer-encoding:
      - chunked
      vary:
      - Accept-Encoding
      x-content-type-options:
      - nosniff
      x-ms-ratelimit-remaining-resource:
      - Microsoft.Compute/GetOperation3Min;14901,Microsoft.Compute/GetOperation30Min;29215
    status:
      code: 200
      message: OK
- request:
    body: null
    headers:
      Accept:
      - '*/*'
      Accept-Encoding:
      - gzip, deflate
      CommandName:
      - vmss restart
      Connection:
      - keep-alive
      ParameterSetName:
      - --resource-group --name --instance-ids
      User-Agent:
      - AZURECLI/2.45.0 azsdk-python-azure-mgmt-compute/29.1.0 Python/3.10.9 (Windows-10-10.0.22621-SP0)
    method: GET
    uri: https://management.azure.com/subscriptions/00000000-0000-0000-0000-000000000000/providers/Microsoft.Compute/locations/westus/operations/1970c89d-a425-4a43-ad39-e2f32b00c038?p=571046f6-b640-41c1-86f7-f9f044b5adf9&api-version=2022-11-01
  response:
    body:
      string: "{\r\n  \"startTime\": \"2023-02-17T02:00:06.4956335+00:00\",\r\n  \"\
        endTime\": \"2023-02-17T02:01:56.2162638+00:00\",\r\n  \"status\": \"Succeeded\"\
        ,\r\n  \"name\": \"1970c89d-a425-4a43-ad39-e2f32b00c038\"\r\n}"
    headers:
      cache-control:
      - no-cache
      content-length:
      - '184'
      content-type:
      - application/json; charset=utf-8
      date:
      - Fri, 17 Feb 2023 02:02:21 GMT
      expires:
      - '-1'
      pragma:
      - no-cache
      server:
      - Microsoft-HTTPAPI/2.0
      - Microsoft-HTTPAPI/2.0
      strict-transport-security:
      - max-age=31536000; includeSubDomains
      x-content-type-options:
      - nosniff
      x-ms-ratelimit-remaining-resource:
      - Microsoft.Compute/GetOperation3Min;14893,Microsoft.Compute/GetOperation30Min;29190
    status:
      code: 200
      message: OK
- request:
    body: null
    headers:
      Accept:
      - '*/*'
      Accept-Encoding:
      - gzip, deflate
      CommandName:
      - vmss restart
      Connection:
      - keep-alive
      ParameterSetName:
      - --resource-group --name --instance-ids
      User-Agent:
      - AZURECLI/2.45.0 azsdk-python-azure-mgmt-compute/29.1.0 Python/3.10.9 (Windows-10-10.0.22621-SP0)
    method: GET
    uri: https://management.azure.com/subscriptions/00000000-0000-0000-0000-000000000000/providers/Microsoft.Compute/locations/westus/operations/1970c89d-a425-4a43-ad39-e2f32b00c038?p=571046f6-b640-41c1-86f7-f9f044b5adf9&monitor=true&api-version=2022-11-01
  response:
    body:
      string: ''
    headers:
      cache-control:
      - no-cache
      content-length:
      - '0'
      date:
      - Fri, 17 Feb 2023 02:02:24 GMT
      expires:
      - '-1'
      pragma:
      - no-cache
      server:
      - Microsoft-HTTPAPI/2.0
      - Microsoft-HTTPAPI/2.0
      strict-transport-security:
      - max-age=31536000; includeSubDomains
      x-content-type-options:
      - nosniff
      x-ms-ratelimit-remaining-resource:
      - Microsoft.Compute/GetOperation3Min;14889,Microsoft.Compute/GetOperation30Min;29186
    status:
      code: 200
      message: OK
- request:
    body: null
    headers:
      Accept:
      - application/json
      Accept-Encoding:
      - gzip, deflate
      CommandName:
      - vmss get-instance-view
      Connection:
      - keep-alive
      ParameterSetName:
      - --resource-group --name --instance-id
      User-Agent:
      - AZURECLI/2.45.0 azsdk-python-azure-mgmt-compute/29.1.0 Python/3.10.9 (Windows-10-10.0.22621-SP0)
    method: GET
    uri: https://management.azure.com/subscriptions/00000000-0000-0000-0000-000000000000/resourceGroups/cli_test_vmss_vms000001/providers/Microsoft.Compute/virtualMachineScaleSets/clitestvmss000002/virtualMachines/0/instanceView?api-version=2022-11-01
  response:
    body:
      string: "{\r\n  \"placementGroupId\": \"26776768-09f0-47d2-9791-bd612395a163\"\
        ,\r\n  \"platformUpdateDomain\": 0,\r\n  \"platformFaultDomain\": 0,\r\n \
        \ \"computerName\": \"clitebd0e000000\",\r\n  \"osName\": \"ubuntu\",\r\n\
        \  \"osVersion\": \"18.04\",\r\n  \"vmAgent\": {\r\n    \"vmAgentVersion\"\
        : \"2.9.0.4\",\r\n    \"statuses\": [\r\n      {\r\n        \"code\": \"ProvisioningState/succeeded\"\
        ,\r\n        \"level\": \"Info\",\r\n        \"displayStatus\": \"Ready\"\
        ,\r\n        \"message\": \"Guest Agent is running\",\r\n        \"time\"\
        : \"2023-02-17T02:02:11+00:00\"\r\n      }\r\n    ],\r\n    \"extensionHandlers\"\
        : []\r\n  },\r\n  \"disks\": [\r\n    {\r\n      \"name\": \"clitestvmss000002clitestvmss000002_OS__1_3900a329297c45cc9c11859a1312792d\"\
        ,\r\n      \"statuses\": [\r\n        {\r\n          \"code\": \"ProvisioningState/succeeded\"\
        ,\r\n          \"level\": \"Info\",\r\n          \"displayStatus\": \"Provisioning\
        \ succeeded\",\r\n          \"time\": \"2023-02-17T01:59:53.4328421+00:00\"\
        \r\n        }\r\n      ]\r\n    }\r\n  ],\r\n  \"hyperVGeneration\": \"V1\"\
        ,\r\n  \"statuses\": [\r\n    {\r\n      \"code\": \"ProvisioningState/succeeded\"\
        ,\r\n      \"level\": \"Info\",\r\n      \"displayStatus\": \"Provisioning\
        \ succeeded\",\r\n      \"time\": \"2023-02-17T02:01:55.9037472+00:00\"\r\n\
        \    },\r\n    {\r\n      \"code\": \"PowerState/running\",\r\n      \"level\"\
        : \"Info\",\r\n      \"displayStatus\": \"VM running\"\r\n    }\r\n  ]\r\n\
        }"
    headers:
      cache-control:
      - no-cache
      content-length:
      - '1256'
      content-type:
      - application/json; charset=utf-8
      date:
      - Fri, 17 Feb 2023 02:02:26 GMT
      expires:
      - '-1'
      pragma:
      - no-cache
      server:
      - Microsoft-HTTPAPI/2.0
      - Microsoft-HTTPAPI/2.0
      strict-transport-security:
      - max-age=31536000; includeSubDomains
      transfer-encoding:
      - chunked
      vary:
      - Accept-Encoding
      x-content-type-options:
      - nosniff
      x-ms-ratelimit-remaining-resource:
      - Microsoft.Compute/GetVMScaleSetVM3Min;992,Microsoft.Compute/GetVMScaleSetVM30Min;4966,Microsoft.Compute/VMScaleSetVMViews3Min;4994
      x-ms-request-charge:
      - '1'
    status:
      code: 200
      message: OK
- request:
    body: null
    headers:
      Accept:
      - application/json
      Accept-Encoding:
      - gzip, deflate
      CommandName:
      - vmss get-instance-view
      Connection:
      - keep-alive
      ParameterSetName:
      - --resource-group --name --instance-id
      User-Agent:
      - AZURECLI/2.45.0 azsdk-python-azure-mgmt-compute/29.1.0 Python/3.10.9 (Windows-10-10.0.22621-SP0)
    method: GET
    uri: https://management.azure.com/subscriptions/00000000-0000-0000-0000-000000000000/resourceGroups/cli_test_vmss_vms000001/providers/Microsoft.Compute/virtualMachineScaleSets/clitestvmss000002/virtualMachines/2/instanceView?api-version=2022-11-01
  response:
    body:
      string: "{\r\n  \"placementGroupId\": \"26776768-09f0-47d2-9791-bd612395a163\"\
        ,\r\n  \"platformUpdateDomain\": 2,\r\n  \"platformFaultDomain\": 2,\r\n \
        \ \"computerName\": \"clitebd0e000002\",\r\n  \"osName\": \"ubuntu\",\r\n\
        \  \"osVersion\": \"18.04\",\r\n  \"vmAgent\": {\r\n    \"vmAgentVersion\"\
        : \"2.9.0.4\",\r\n    \"statuses\": [\r\n      {\r\n        \"code\": \"ProvisioningState/succeeded\"\
        ,\r\n        \"level\": \"Info\",\r\n        \"displayStatus\": \"Ready\"\
        ,\r\n        \"message\": \"Guest Agent is running\",\r\n        \"time\"\
        : \"2023-02-17T02:01:58+00:00\"\r\n      }\r\n    ],\r\n    \"extensionHandlers\"\
        : []\r\n  },\r\n  \"disks\": [\r\n    {\r\n      \"name\": \"clitestvmss000002clitestvmss000002_OS__1_1e3ff8f54366468aa3beed1a95429ede\"\
        ,\r\n      \"statuses\": [\r\n        {\r\n          \"code\": \"ProvisioningState/succeeded\"\
        ,\r\n          \"level\": \"Info\",\r\n          \"displayStatus\": \"Provisioning\
        \ succeeded\",\r\n          \"time\": \"2023-02-17T01:59:21.8226851+00:00\"\
        \r\n        }\r\n      ]\r\n    }\r\n  ],\r\n  \"hyperVGeneration\": \"V1\"\
        ,\r\n  \"statuses\": [\r\n    {\r\n      \"code\": \"ProvisioningState/succeeded\"\
        ,\r\n      \"level\": \"Info\",\r\n      \"displayStatus\": \"Provisioning\
        \ succeeded\",\r\n      \"time\": \"2023-02-17T02:00:46.4338342+00:00\"\r\n\
        \    },\r\n    {\r\n      \"code\": \"PowerState/running\",\r\n      \"level\"\
        : \"Info\",\r\n      \"displayStatus\": \"VM running\"\r\n    }\r\n  ]\r\n\
        }"
    headers:
      cache-control:
      - no-cache
      content-length:
      - '1256'
      content-type:
      - application/json; charset=utf-8
      date:
      - Fri, 17 Feb 2023 02:02:27 GMT
      expires:
      - '-1'
      pragma:
      - no-cache
      server:
      - Microsoft-HTTPAPI/2.0
      - Microsoft-HTTPAPI/2.0
      strict-transport-security:
      - max-age=31536000; includeSubDomains
      transfer-encoding:
      - chunked
      vary:
      - Accept-Encoding
      x-content-type-options:
      - nosniff
      x-ms-ratelimit-remaining-resource:
      - Microsoft.Compute/GetVMScaleSetVM3Min;991,Microsoft.Compute/GetVMScaleSetVM30Min;4965,Microsoft.Compute/VMScaleSetVMViews3Min;4993
      x-ms-request-charge:
      - '1'
    status:
      code: 200
      message: OK
- request:
    body: '{"instanceIds": ["*"]}'
    headers:
      Accept:
      - application/json
      Accept-Encoding:
      - gzip, deflate
      CommandName:
      - vmss stop
      Connection:
      - keep-alive
      Content-Length:
      - '22'
      Content-Type:
      - application/json
      ParameterSetName:
      - --resource-group --name --instance-ids
      User-Agent:
      - AZURECLI/2.45.0 azsdk-python-azure-mgmt-compute/29.1.0 Python/3.10.9 (Windows-10-10.0.22621-SP0)
    method: POST
    uri: https://management.azure.com/subscriptions/00000000-0000-0000-0000-000000000000/resourceGroups/cli_test_vmss_vms000001/providers/Microsoft.Compute/virtualMachineScaleSets/clitestvmss000002/poweroff?skipShutdown=false&api-version=2022-11-01
  response:
    body:
      string: ''
    headers:
      azure-asyncnotification:
      - Enabled
      azure-asyncoperation:
      - https://management.azure.com/subscriptions/00000000-0000-0000-0000-000000000000/providers/Microsoft.Compute/locations/westus/operations/ab7c3586-3e2e-475f-8b71-b3518326101a?p=571046f6-b640-41c1-86f7-f9f044b5adf9&api-version=2022-11-01
      cache-control:
      - no-cache
      content-length:
      - '0'
      date:
      - Fri, 17 Feb 2023 02:02:29 GMT
      expires:
      - '-1'
      location:
      - https://management.azure.com/subscriptions/00000000-0000-0000-0000-000000000000/providers/Microsoft.Compute/locations/westus/operations/ab7c3586-3e2e-475f-8b71-b3518326101a?p=571046f6-b640-41c1-86f7-f9f044b5adf9&monitor=true&api-version=2022-11-01
      pragma:
      - no-cache
      server:
      - Microsoft-HTTPAPI/2.0
      - Microsoft-HTTPAPI/2.0
      strict-transport-security:
      - max-age=31536000; includeSubDomains
      x-content-type-options:
      - nosniff
      x-ms-ratelimit-remaining-resource:
      - Microsoft.Compute/DeleteVMScaleSet3Min;80,Microsoft.Compute/DeleteVMScaleSet30Min;410,Microsoft.Compute/VMScaleSetBatchedVMRequests5Min;1118,Microsoft.Compute/VmssQueuedVMOperations;0
      x-ms-ratelimit-remaining-subscription-writes:
      - '1199'
      x-ms-request-charge:
      - '2'
    status:
      code: 202
      message: Accepted
- request:
    body: null
    headers:
      Accept:
      - '*/*'
      Accept-Encoding:
      - gzip, deflate
      CommandName:
      - vmss stop
      Connection:
      - keep-alive
      ParameterSetName:
      - --resource-group --name --instance-ids
      User-Agent:
      - AZURECLI/2.45.0 azsdk-python-azure-mgmt-compute/29.1.0 Python/3.10.9 (Windows-10-10.0.22621-SP0)
    method: GET
    uri: https://management.azure.com/subscriptions/00000000-0000-0000-0000-000000000000/providers/Microsoft.Compute/locations/westus/operations/ab7c3586-3e2e-475f-8b71-b3518326101a?p=571046f6-b640-41c1-86f7-f9f044b5adf9&api-version=2022-11-01
  response:
    body:
      string: "{\r\n  \"startTime\": \"2023-02-17T02:02:29.9197817+00:00\",\r\n  \"\
        endTime\": \"2023-02-17T02:02:37.3104969+00:00\",\r\n  \"status\": \"Succeeded\"\
        ,\r\n  \"name\": \"ab7c3586-3e2e-475f-8b71-b3518326101a\"\r\n}"
    headers:
      cache-control:
      - no-cache
      content-length:
      - '184'
      content-type:
      - application/json; charset=utf-8
      date:
      - Fri, 17 Feb 2023 02:03:00 GMT
      expires:
      - '-1'
      pragma:
      - no-cache
      server:
      - Microsoft-HTTPAPI/2.0
      - Microsoft-HTTPAPI/2.0
      strict-transport-security:
      - max-age=31536000; includeSubDomains
      transfer-encoding:
      - chunked
      vary:
      - Accept-Encoding
      x-content-type-options:
      - nosniff
      x-ms-ratelimit-remaining-resource:
      - Microsoft.Compute/GetOperation3Min;14906,Microsoft.Compute/GetOperation30Min;29173
    status:
      code: 200
      message: OK
- request:
    body: null
    headers:
      Accept:
      - '*/*'
      Accept-Encoding:
      - gzip, deflate
      CommandName:
      - vmss stop
      Connection:
      - keep-alive
      ParameterSetName:
      - --resource-group --name --instance-ids
      User-Agent:
      - AZURECLI/2.45.0 azsdk-python-azure-mgmt-compute/29.1.0 Python/3.10.9 (Windows-10-10.0.22621-SP0)
    method: GET
    uri: https://management.azure.com/subscriptions/00000000-0000-0000-0000-000000000000/providers/Microsoft.Compute/locations/westus/operations/ab7c3586-3e2e-475f-8b71-b3518326101a?p=571046f6-b640-41c1-86f7-f9f044b5adf9&monitor=true&api-version=2022-11-01
  response:
    body:
      string: ''
    headers:
      cache-control:
      - no-cache
      content-length:
      - '0'
      date:
      - Fri, 17 Feb 2023 02:03:00 GMT
      expires:
      - '-1'
      pragma:
      - no-cache
      server:
      - Microsoft-HTTPAPI/2.0
      - Microsoft-HTTPAPI/2.0
      strict-transport-security:
      - max-age=31536000; includeSubDomains
      x-content-type-options:
      - nosniff
      x-ms-ratelimit-remaining-resource:
      - Microsoft.Compute/GetOperation3Min;14905,Microsoft.Compute/GetOperation30Min;29172
    status:
      code: 200
      message: OK
- request:
    body: null
    headers:
      Accept:
      - application/json
      Accept-Encoding:
      - gzip, deflate
      CommandName:
      - vmss get-instance-view
      Connection:
      - keep-alive
      ParameterSetName:
      - --resource-group --name --instance-id
      User-Agent:
      - AZURECLI/2.45.0 azsdk-python-azure-mgmt-compute/29.1.0 Python/3.10.9 (Windows-10-10.0.22621-SP0)
    method: GET
    uri: https://management.azure.com/subscriptions/00000000-0000-0000-0000-000000000000/resourceGroups/cli_test_vmss_vms000001/providers/Microsoft.Compute/virtualMachineScaleSets/clitestvmss000002/virtualMachines/0/instanceView?api-version=2022-11-01
  response:
    body:
      string: "{\r\n  \"placementGroupId\": \"26776768-09f0-47d2-9791-bd612395a163\"\
        ,\r\n  \"platformUpdateDomain\": 0,\r\n  \"platformFaultDomain\": 0,\r\n \
        \ \"computerName\": \"clitebd0e000000\",\r\n  \"osName\": \"ubuntu\",\r\n\
        \  \"osVersion\": \"18.04\",\r\n  \"vmAgent\": {\r\n    \"vmAgentVersion\"\
        : \"2.9.0.4\",\r\n    \"statuses\": [\r\n      {\r\n        \"code\": \"ProvisioningState/succeeded\"\
        ,\r\n        \"level\": \"Info\",\r\n        \"displayStatus\": \"Ready\"\
        ,\r\n        \"message\": \"Guest Agent is running\",\r\n        \"time\"\
        : \"2023-02-17T02:02:11+00:00\"\r\n      }\r\n    ],\r\n    \"extensionHandlers\"\
        : []\r\n  },\r\n  \"disks\": [\r\n    {\r\n      \"name\": \"clitestvmss000002clitestvmss000002_OS__1_3900a329297c45cc9c11859a1312792d\"\
        ,\r\n      \"statuses\": [\r\n        {\r\n          \"code\": \"ProvisioningState/succeeded\"\
        ,\r\n          \"level\": \"Info\",\r\n          \"displayStatus\": \"Provisioning\
        \ succeeded\",\r\n          \"time\": \"2023-02-17T01:59:53.4328421+00:00\"\
        \r\n        }\r\n      ]\r\n    }\r\n  ],\r\n  \"hyperVGeneration\": \"V1\"\
        ,\r\n  \"statuses\": [\r\n    {\r\n      \"code\": \"ProvisioningState/succeeded\"\
        ,\r\n      \"level\": \"Info\",\r\n      \"displayStatus\": \"Provisioning\
        \ succeeded\",\r\n      \"time\": \"2023-02-17T02:02:37.2949293+00:00\"\r\n\
        \    },\r\n    {\r\n      \"code\": \"PowerState/stopped\",\r\n      \"level\"\
        : \"Info\",\r\n      \"displayStatus\": \"VM stopped\"\r\n    }\r\n  ]\r\n\
        }"
    headers:
      cache-control:
      - no-cache
      content-length:
      - '1256'
      content-type:
      - application/json; charset=utf-8
      date:
      - Fri, 17 Feb 2023 02:03:02 GMT
      expires:
      - '-1'
      pragma:
      - no-cache
      server:
      - Microsoft-HTTPAPI/2.0
      - Microsoft-HTTPAPI/2.0
      strict-transport-security:
      - max-age=31536000; includeSubDomains
      transfer-encoding:
      - chunked
      vary:
      - Accept-Encoding
      x-content-type-options:
      - nosniff
      x-ms-ratelimit-remaining-resource:
      - Microsoft.Compute/GetVMScaleSetVM3Min;991,Microsoft.Compute/GetVMScaleSetVM30Min;4962,Microsoft.Compute/VMScaleSetVMViews3Min;4987
      x-ms-request-charge:
      - '1'
    status:
      code: 200
      message: OK
- request:
    body: null
    headers:
      Accept:
      - application/json
      Accept-Encoding:
      - gzip, deflate
      CommandName:
      - vmss get-instance-view
      Connection:
      - keep-alive
      ParameterSetName:
      - --resource-group --name --instance-id
      User-Agent:
      - AZURECLI/2.45.0 azsdk-python-azure-mgmt-compute/29.1.0 Python/3.10.9 (Windows-10-10.0.22621-SP0)
    method: GET
    uri: https://management.azure.com/subscriptions/00000000-0000-0000-0000-000000000000/resourceGroups/cli_test_vmss_vms000001/providers/Microsoft.Compute/virtualMachineScaleSets/clitestvmss000002/virtualMachines/2/instanceView?api-version=2022-11-01
  response:
    body:
      string: "{\r\n  \"placementGroupId\": \"26776768-09f0-47d2-9791-bd612395a163\"\
        ,\r\n  \"platformUpdateDomain\": 2,\r\n  \"platformFaultDomain\": 2,\r\n \
        \ \"computerName\": \"clitebd0e000002\",\r\n  \"osName\": \"ubuntu\",\r\n\
        \  \"osVersion\": \"18.04\",\r\n  \"vmAgent\": {\r\n    \"vmAgentVersion\"\
        : \"2.9.0.4\",\r\n    \"statuses\": [\r\n      {\r\n        \"code\": \"ProvisioningState/succeeded\"\
        ,\r\n        \"level\": \"Info\",\r\n        \"displayStatus\": \"Ready\"\
        ,\r\n        \"message\": \"Guest Agent is running\",\r\n        \"time\"\
        : \"2023-02-17T02:01:58+00:00\"\r\n      }\r\n    ],\r\n    \"extensionHandlers\"\
        : []\r\n  },\r\n  \"disks\": [\r\n    {\r\n      \"name\": \"clitestvmss000002clitestvmss000002_OS__1_1e3ff8f54366468aa3beed1a95429ede\"\
        ,\r\n      \"statuses\": [\r\n        {\r\n          \"code\": \"ProvisioningState/succeeded\"\
        ,\r\n          \"level\": \"Info\",\r\n          \"displayStatus\": \"Provisioning\
        \ succeeded\",\r\n          \"time\": \"2023-02-17T01:59:21.8226851+00:00\"\
        \r\n        }\r\n      ]\r\n    }\r\n  ],\r\n  \"hyperVGeneration\": \"V1\"\
        ,\r\n  \"statuses\": [\r\n    {\r\n      \"code\": \"ProvisioningState/succeeded\"\
        ,\r\n      \"level\": \"Info\",\r\n      \"displayStatus\": \"Provisioning\
        \ succeeded\",\r\n      \"time\": \"2023-02-17T02:02:35.3104699+00:00\"\r\n\
        \    },\r\n    {\r\n      \"code\": \"PowerState/stopped\",\r\n      \"level\"\
        : \"Info\",\r\n      \"displayStatus\": \"VM stopped\"\r\n    }\r\n  ]\r\n\
        }"
    headers:
      cache-control:
      - no-cache
      content-length:
      - '1256'
      content-type:
      - application/json; charset=utf-8
      date:
      - Fri, 17 Feb 2023 02:03:04 GMT
      expires:
      - '-1'
      pragma:
      - no-cache
      server:
      - Microsoft-HTTPAPI/2.0
      - Microsoft-HTTPAPI/2.0
      strict-transport-security:
      - max-age=31536000; includeSubDomains
      transfer-encoding:
      - chunked
      vary:
      - Accept-Encoding
      x-content-type-options:
      - nosniff
      x-ms-ratelimit-remaining-resource:
      - Microsoft.Compute/GetVMScaleSetVM3Min;990,Microsoft.Compute/GetVMScaleSetVM30Min;4961,Microsoft.Compute/VMScaleSetVMViews3Min;4986
      x-ms-request-charge:
      - '1'
    status:
      code: 200
      message: OK
- request:
    body: '{"instanceIds": ["*"]}'
    headers:
      Accept:
      - application/json
      Accept-Encoding:
      - gzip, deflate
      CommandName:
      - vmss start
      Connection:
      - keep-alive
      Content-Length:
      - '22'
      Content-Type:
      - application/json
      ParameterSetName:
      - --resource-group --name --instance-ids
      User-Agent:
      - AZURECLI/2.45.0 azsdk-python-azure-mgmt-compute/29.1.0 Python/3.10.9 (Windows-10-10.0.22621-SP0)
    method: POST
    uri: https://management.azure.com/subscriptions/00000000-0000-0000-0000-000000000000/resourceGroups/cli_test_vmss_vms000001/providers/Microsoft.Compute/virtualMachineScaleSets/clitestvmss000002/start?api-version=2022-11-01
  response:
    body:
      string: ''
    headers:
      azure-asyncnotification:
      - Enabled
      azure-asyncoperation:
      - https://management.azure.com/subscriptions/00000000-0000-0000-0000-000000000000/providers/Microsoft.Compute/locations/westus/operations/cc8bd565-db4e-4661-9260-e08efb3afea0?p=571046f6-b640-41c1-86f7-f9f044b5adf9&api-version=2022-11-01
      cache-control:
      - no-cache
      content-length:
      - '0'
      date:
      - Fri, 17 Feb 2023 02:03:06 GMT
      expires:
      - '-1'
      location:
      - https://management.azure.com/subscriptions/00000000-0000-0000-0000-000000000000/providers/Microsoft.Compute/locations/westus/operations/cc8bd565-db4e-4661-9260-e08efb3afea0?p=571046f6-b640-41c1-86f7-f9f044b5adf9&monitor=true&api-version=2022-11-01
      pragma:
      - no-cache
      server:
      - Microsoft-HTTPAPI/2.0
      - Microsoft-HTTPAPI/2.0
      strict-transport-security:
      - max-age=31536000; includeSubDomains
      x-content-type-options:
      - nosniff
      x-ms-ratelimit-remaining-resource:
      - Microsoft.Compute/VMScaleSetActions3Min;236,Microsoft.Compute/VMScaleSetActions30Min;1178,Microsoft.Compute/VMScaleSetBatchedVMRequests5Min;1123,Microsoft.Compute/VmssQueuedVMOperations;0
      x-ms-ratelimit-remaining-subscription-writes:
      - '1198'
      x-ms-request-charge:
      - '2'
    status:
      code: 202
      message: Accepted
- request:
    body: null
    headers:
      Accept:
      - '*/*'
      Accept-Encoding:
      - gzip, deflate
      CommandName:
      - vmss start
      Connection:
      - keep-alive
      ParameterSetName:
      - --resource-group --name --instance-ids
      User-Agent:
      - AZURECLI/2.45.0 azsdk-python-azure-mgmt-compute/29.1.0 Python/3.10.9 (Windows-10-10.0.22621-SP0)
    method: GET
    uri: https://management.azure.com/subscriptions/00000000-0000-0000-0000-000000000000/providers/Microsoft.Compute/locations/westus/operations/cc8bd565-db4e-4661-9260-e08efb3afea0?p=571046f6-b640-41c1-86f7-f9f044b5adf9&api-version=2022-11-01
  response:
    body:
      string: "{\r\n  \"startTime\": \"2023-02-17T02:03:06.1390123+00:00\",\r\n  \"\
        endTime\": \"2023-02-17T02:03:12.185958+00:00\",\r\n  \"status\": \"Succeeded\"\
        ,\r\n  \"name\": \"cc8bd565-db4e-4661-9260-e08efb3afea0\"\r\n}"
    headers:
      cache-control:
      - no-cache
      content-length:
      - '183'
      content-type:
      - application/json; charset=utf-8
      date:
      - Fri, 17 Feb 2023 02:03:37 GMT
      expires:
      - '-1'
      pragma:
      - no-cache
      server:
      - Microsoft-HTTPAPI/2.0
      - Microsoft-HTTPAPI/2.0
      strict-transport-security:
      - max-age=31536000; includeSubDomains
      transfer-encoding:
      - chunked
      vary:
      - Accept-Encoding
      x-content-type-options:
      - nosniff
      x-ms-ratelimit-remaining-resource:
      - Microsoft.Compute/GetOperation3Min;14882,Microsoft.Compute/GetOperation30Min;29133
    status:
      code: 200
      message: OK
- request:
    body: null
    headers:
      Accept:
      - '*/*'
      Accept-Encoding:
      - gzip, deflate
      CommandName:
      - vmss start
      Connection:
      - keep-alive
      ParameterSetName:
      - --resource-group --name --instance-ids
      User-Agent:
      - AZURECLI/2.45.0 azsdk-python-azure-mgmt-compute/29.1.0 Python/3.10.9 (Windows-10-10.0.22621-SP0)
    method: GET
    uri: https://management.azure.com/subscriptions/00000000-0000-0000-0000-000000000000/providers/Microsoft.Compute/locations/westus/operations/cc8bd565-db4e-4661-9260-e08efb3afea0?p=571046f6-b640-41c1-86f7-f9f044b5adf9&monitor=true&api-version=2022-11-01
  response:
    body:
      string: ''
    headers:
      cache-control:
      - no-cache
      content-length:
      - '0'
      date:
      - Fri, 17 Feb 2023 02:03:37 GMT
      expires:
      - '-1'
      pragma:
      - no-cache
      server:
      - Microsoft-HTTPAPI/2.0
      - Microsoft-HTTPAPI/2.0
      strict-transport-security:
      - max-age=31536000; includeSubDomains
      x-content-type-options:
      - nosniff
      x-ms-ratelimit-remaining-resource:
      - Microsoft.Compute/GetOperation3Min;14881,Microsoft.Compute/GetOperation30Min;29132
    status:
      code: 200
      message: OK
- request:
    body: null
    headers:
      Accept:
      - application/json
      Accept-Encoding:
      - gzip, deflate
      CommandName:
      - vmss get-instance-view
      Connection:
      - keep-alive
      ParameterSetName:
      - --resource-group --name --instance-id
      User-Agent:
      - AZURECLI/2.45.0 azsdk-python-azure-mgmt-compute/29.1.0 Python/3.10.9 (Windows-10-10.0.22621-SP0)
    method: GET
    uri: https://management.azure.com/subscriptions/00000000-0000-0000-0000-000000000000/resourceGroups/cli_test_vmss_vms000001/providers/Microsoft.Compute/virtualMachineScaleSets/clitestvmss000002/virtualMachines/0/instanceView?api-version=2022-11-01
  response:
    body:
      string: "{\r\n  \"placementGroupId\": \"26776768-09f0-47d2-9791-bd612395a163\"\
        ,\r\n  \"platformUpdateDomain\": 0,\r\n  \"platformFaultDomain\": 0,\r\n \
        \ \"computerName\": \"clitebd0e000000\",\r\n  \"osName\": \"ubuntu\",\r\n\
        \  \"osVersion\": \"18.04\",\r\n  \"vmAgent\": {\r\n    \"vmAgentVersion\"\
        : \"2.9.0.4\",\r\n    \"statuses\": [\r\n      {\r\n        \"code\": \"ProvisioningState/succeeded\"\
        ,\r\n        \"level\": \"Info\",\r\n        \"displayStatus\": \"Ready\"\
        ,\r\n        \"message\": \"Guest Agent is running\",\r\n        \"time\"\
        : \"2023-02-17T02:03:29+00:00\"\r\n      }\r\n    ],\r\n    \"extensionHandlers\"\
        : []\r\n  },\r\n  \"disks\": [\r\n    {\r\n      \"name\": \"clitestvmss000002clitestvmss000002_OS__1_3900a329297c45cc9c11859a1312792d\"\
        ,\r\n      \"statuses\": [\r\n        {\r\n          \"code\": \"ProvisioningState/succeeded\"\
        ,\r\n          \"level\": \"Info\",\r\n          \"displayStatus\": \"Provisioning\
        \ succeeded\",\r\n          \"time\": \"2023-02-17T01:59:53.4328421+00:00\"\
        \r\n        }\r\n      ]\r\n    }\r\n  ],\r\n  \"hyperVGeneration\": \"V1\"\
        ,\r\n  \"statuses\": [\r\n    {\r\n      \"code\": \"ProvisioningState/succeeded\"\
        ,\r\n      \"level\": \"Info\",\r\n      \"displayStatus\": \"Provisioning\
        \ succeeded\",\r\n      \"time\": \"2023-02-17T02:03:12.1702829+00:00\"\r\n\
        \    },\r\n    {\r\n      \"code\": \"PowerState/running\",\r\n      \"level\"\
        : \"Info\",\r\n      \"displayStatus\": \"VM running\"\r\n    }\r\n  ]\r\n\
        }"
    headers:
      cache-control:
      - no-cache
      content-length:
      - '1256'
      content-type:
      - application/json; charset=utf-8
      date:
      - Fri, 17 Feb 2023 02:03:38 GMT
      expires:
      - '-1'
      pragma:
      - no-cache
      server:
      - Microsoft-HTTPAPI/2.0
      - Microsoft-HTTPAPI/2.0
      strict-transport-security:
      - max-age=31536000; includeSubDomains
      transfer-encoding:
      - chunked
      vary:
      - Accept-Encoding
      x-content-type-options:
      - nosniff
      x-ms-ratelimit-remaining-resource:
      - Microsoft.Compute/GetVMScaleSetVM3Min;992,Microsoft.Compute/GetVMScaleSetVM30Min;4960,Microsoft.Compute/VMScaleSetVMViews3Min;4985
      x-ms-request-charge:
      - '1'
    status:
      code: 200
      message: OK
- request:
    body: null
    headers:
      Accept:
      - application/json
      Accept-Encoding:
      - gzip, deflate
      CommandName:
      - vmss get-instance-view
      Connection:
      - keep-alive
      ParameterSetName:
      - --resource-group --name --instance-id
      User-Agent:
      - AZURECLI/2.45.0 azsdk-python-azure-mgmt-compute/29.1.0 Python/3.10.9 (Windows-10-10.0.22621-SP0)
    method: GET
    uri: https://management.azure.com/subscriptions/00000000-0000-0000-0000-000000000000/resourceGroups/cli_test_vmss_vms000001/providers/Microsoft.Compute/virtualMachineScaleSets/clitestvmss000002/virtualMachines/2/instanceView?api-version=2022-11-01
  response:
    body:
      string: "{\r\n  \"placementGroupId\": \"26776768-09f0-47d2-9791-bd612395a163\"\
        ,\r\n  \"platformUpdateDomain\": 2,\r\n  \"platformFaultDomain\": 2,\r\n \
        \ \"computerName\": \"clitebd0e000002\",\r\n  \"osName\": \"ubuntu\",\r\n\
        \  \"osVersion\": \"18.04\",\r\n  \"vmAgent\": {\r\n    \"vmAgentVersion\"\
        : \"2.9.0.4\",\r\n    \"statuses\": [\r\n      {\r\n        \"code\": \"ProvisioningState/succeeded\"\
        ,\r\n        \"level\": \"Info\",\r\n        \"displayStatus\": \"Ready\"\
        ,\r\n        \"message\": \"Guest Agent is running\",\r\n        \"time\"\
        : \"2023-02-17T02:03:32+00:00\"\r\n      }\r\n    ],\r\n    \"extensionHandlers\"\
        : []\r\n  },\r\n  \"disks\": [\r\n    {\r\n      \"name\": \"clitestvmss000002clitestvmss000002_OS__1_1e3ff8f54366468aa3beed1a95429ede\"\
        ,\r\n      \"statuses\": [\r\n        {\r\n          \"code\": \"ProvisioningState/succeeded\"\
        ,\r\n          \"level\": \"Info\",\r\n          \"displayStatus\": \"Provisioning\
        \ succeeded\",\r\n          \"time\": \"2023-02-17T01:59:21.8226851+00:00\"\
        \r\n        }\r\n      ]\r\n    }\r\n  ],\r\n  \"hyperVGeneration\": \"V1\"\
        ,\r\n  \"statuses\": [\r\n    {\r\n      \"code\": \"ProvisioningState/succeeded\"\
        ,\r\n      \"level\": \"Info\",\r\n      \"displayStatus\": \"Provisioning\
        \ succeeded\",\r\n      \"time\": \"2023-02-17T02:03:11.5609493+00:00\"\r\n\
        \    },\r\n    {\r\n      \"code\": \"PowerState/running\",\r\n      \"level\"\
        : \"Info\",\r\n      \"displayStatus\": \"VM running\"\r\n    }\r\n  ]\r\n\
        }"
    headers:
      cache-control:
      - no-cache
      content-length:
      - '1256'
      content-type:
      - application/json; charset=utf-8
      date:
      - Fri, 17 Feb 2023 02:03:40 GMT
      expires:
      - '-1'
      pragma:
      - no-cache
      server:
      - Microsoft-HTTPAPI/2.0
      - Microsoft-HTTPAPI/2.0
      strict-transport-security:
      - max-age=31536000; includeSubDomains
      transfer-encoding:
      - chunked
      vary:
      - Accept-Encoding
      x-content-type-options:
      - nosniff
      x-ms-ratelimit-remaining-resource:
      - Microsoft.Compute/GetVMScaleSetVM3Min;991,Microsoft.Compute/GetVMScaleSetVM30Min;4959,Microsoft.Compute/VMScaleSetVMViews3Min;4984
      x-ms-request-charge:
      - '1'
    status:
      code: 200
      message: OK
- request:
    body: null
    headers:
      Accept:
      - application/json
      Accept-Encoding:
      - gzip, deflate
      CommandName:
      - vmss deallocate
      Connection:
      - keep-alive
      Content-Length:
      - '0'
      ParameterSetName:
      - --resource-group --name --instance-ids
      User-Agent:
      - AZURECLI/2.45.0 azsdk-python-azure-mgmt-compute/29.1.0 Python/3.10.9 (Windows-10-10.0.22621-SP0)
    method: POST
    uri: https://management.azure.com/subscriptions/00000000-0000-0000-0000-000000000000/resourceGroups/cli_test_vmss_vms000001/providers/Microsoft.Compute/virtualMachineScaleSets/clitestvmss000002/virtualMachines/%2A/deallocate?api-version=2022-11-01
  response:
    body:
      string: ''
    headers:
      azure-asyncnotification:
      - Enabled
      azure-asyncoperation:
      - https://management.azure.com/subscriptions/00000000-0000-0000-0000-000000000000/providers/Microsoft.Compute/locations/westus/operations/a8d27459-004a-417f-9f22-330c66e23c54?p=571046f6-b640-41c1-86f7-f9f044b5adf9&api-version=2022-11-01
      cache-control:
      - no-cache
      content-length:
      - '0'
      date:
      - Fri, 17 Feb 2023 02:03:41 GMT
      expires:
      - '-1'
      location:
      - https://management.azure.com/subscriptions/00000000-0000-0000-0000-000000000000/providers/Microsoft.Compute/locations/westus/operations/a8d27459-004a-417f-9f22-330c66e23c54?p=571046f6-b640-41c1-86f7-f9f044b5adf9&monitor=true&api-version=2022-11-01
      pragma:
      - no-cache
      server:
      - Microsoft-HTTPAPI/2.0
      - Microsoft-HTTPAPI/2.0
      strict-transport-security:
      - max-age=31536000; includeSubDomains
      x-content-type-options:
      - nosniff
      x-ms-ratelimit-remaining-resource:
      - Microsoft.Compute/DeleteVMScaleSetVM3Min;239,Microsoft.Compute/DeleteVMScaleSetVM30Min;1196,Microsoft.Compute/VMScaleSetBatchedVMRequests5Min;1115,Microsoft.Compute/VmssQueuedVMOperations;0
      x-ms-ratelimit-remaining-subscription-writes:
      - '1198'
      x-ms-request-charge:
      - '2'
    status:
      code: 202
      message: Accepted
- request:
    body: null
    headers:
      Accept:
      - '*/*'
      Accept-Encoding:
      - gzip, deflate
      CommandName:
      - vmss deallocate
      Connection:
      - keep-alive
      ParameterSetName:
      - --resource-group --name --instance-ids
      User-Agent:
      - AZURECLI/2.45.0 azsdk-python-azure-mgmt-compute/29.1.0 Python/3.10.9 (Windows-10-10.0.22621-SP0)
    method: GET
    uri: https://management.azure.com/subscriptions/00000000-0000-0000-0000-000000000000/providers/Microsoft.Compute/locations/westus/operations/a8d27459-004a-417f-9f22-330c66e23c54?p=571046f6-b640-41c1-86f7-f9f044b5adf9&api-version=2022-11-01
  response:
    body:
      string: "{\r\n  \"startTime\": \"2023-02-17T02:03:42.7487414+00:00\",\r\n  \"\
        status\": \"InProgress\",\r\n  \"name\": \"a8d27459-004a-417f-9f22-330c66e23c54\"\
        \r\n}"
    headers:
      cache-control:
      - no-cache
      content-length:
      - '134'
      content-type:
      - application/json; charset=utf-8
      date:
      - Fri, 17 Feb 2023 02:04:12 GMT
      expires:
      - '-1'
      pragma:
      - no-cache
      server:
      - Microsoft-HTTPAPI/2.0
      - Microsoft-HTTPAPI/2.0
      strict-transport-security:
      - max-age=31536000; includeSubDomains
      transfer-encoding:
      - chunked
      vary:
      - Accept-Encoding
      x-content-type-options:
      - nosniff
      x-ms-ratelimit-remaining-resource:
      - Microsoft.Compute/GetOperation3Min;14882,Microsoft.Compute/GetOperation30Min;29114
    status:
      code: 200
      message: OK
- request:
    body: null
    headers:
      Accept:
      - '*/*'
      Accept-Encoding:
      - gzip, deflate
      CommandName:
      - vmss deallocate
      Connection:
      - keep-alive
      ParameterSetName:
      - --resource-group --name --instance-ids
      User-Agent:
      - AZURECLI/2.45.0 azsdk-python-azure-mgmt-compute/29.1.0 Python/3.10.9 (Windows-10-10.0.22621-SP0)
    method: GET
    uri: https://management.azure.com/subscriptions/00000000-0000-0000-0000-000000000000/providers/Microsoft.Compute/locations/westus/operations/a8d27459-004a-417f-9f22-330c66e23c54?p=571046f6-b640-41c1-86f7-f9f044b5adf9&api-version=2022-11-01
  response:
    body:
      string: "{\r\n  \"startTime\": \"2023-02-17T02:03:42.7487414+00:00\",\r\n  \"\
        endTime\": \"2023-02-17T02:04:27.8585448+00:00\",\r\n  \"status\": \"Succeeded\"\
        ,\r\n  \"name\": \"a8d27459-004a-417f-9f22-330c66e23c54\"\r\n}"
    headers:
      cache-control:
      - no-cache
      content-length:
      - '184'
      content-type:
      - application/json; charset=utf-8
      date:
      - Fri, 17 Feb 2023 02:04:44 GMT
      expires:
      - '-1'
      pragma:
      - no-cache
      server:
      - Microsoft-HTTPAPI/2.0
      - Microsoft-HTTPAPI/2.0
      strict-transport-security:
      - max-age=31536000; includeSubDomains
      transfer-encoding:
      - chunked
      vary:
      - Accept-Encoding
      x-content-type-options:
      - nosniff
      x-ms-ratelimit-remaining-resource:
      - Microsoft.Compute/GetOperation3Min;14892,Microsoft.Compute/GetOperation30Min;29097
    status:
      code: 200
      message: OK
- request:
    body: null
    headers:
      Accept:
      - '*/*'
      Accept-Encoding:
      - gzip, deflate
      CommandName:
      - vmss deallocate
      Connection:
      - keep-alive
      ParameterSetName:
      - --resource-group --name --instance-ids
      User-Agent:
      - AZURECLI/2.45.0 azsdk-python-azure-mgmt-compute/29.1.0 Python/3.10.9 (Windows-10-10.0.22621-SP0)
    method: GET
    uri: https://management.azure.com/subscriptions/00000000-0000-0000-0000-000000000000/providers/Microsoft.Compute/locations/westus/operations/a8d27459-004a-417f-9f22-330c66e23c54?p=571046f6-b640-41c1-86f7-f9f044b5adf9&monitor=true&api-version=2022-11-01
  response:
    body:
      string: ''
    headers:
      cache-control:
      - no-cache
      content-length:
      - '0'
      date:
      - Fri, 17 Feb 2023 02:04:44 GMT
      expires:
      - '-1'
      pragma:
      - no-cache
      server:
      - Microsoft-HTTPAPI/2.0
      - Microsoft-HTTPAPI/2.0
      strict-transport-security:
      - max-age=31536000; includeSubDomains
      x-content-type-options:
      - nosniff
      x-ms-ratelimit-remaining-resource:
      - Microsoft.Compute/GetOperation3Min;14891,Microsoft.Compute/GetOperation30Min;29096
    status:
      code: 200
      message: OK
- request:
    body: null
    headers:
      Accept:
      - application/json
      Accept-Encoding:
      - gzip, deflate
      CommandName:
      - vmss get-instance-view
      Connection:
      - keep-alive
      ParameterSetName:
      - --resource-group --name --instance-id
      User-Agent:
      - AZURECLI/2.45.0 azsdk-python-azure-mgmt-compute/29.1.0 Python/3.10.9 (Windows-10-10.0.22621-SP0)
    method: GET
    uri: https://management.azure.com/subscriptions/00000000-0000-0000-0000-000000000000/resourceGroups/cli_test_vmss_vms000001/providers/Microsoft.Compute/virtualMachineScaleSets/clitestvmss000002/virtualMachines/0/instanceView?api-version=2022-11-01
  response:
    body:
      string: "{\r\n  \"placementGroupId\": \"26776768-09f0-47d2-9791-bd612395a163\"\
        ,\r\n  \"platformUpdateDomain\": 0,\r\n  \"platformFaultDomain\": 0,\r\n \
        \ \"disks\": [\r\n    {\r\n      \"name\": \"clitestvmss000002clitestvmss000002_OS__1_3900a329297c45cc9c11859a1312792d\"\
        ,\r\n      \"statuses\": [\r\n        {\r\n          \"code\": \"ProvisioningState/succeeded\"\
        ,\r\n          \"level\": \"Info\",\r\n          \"displayStatus\": \"Provisioning\
        \ succeeded\",\r\n          \"time\": \"2023-02-17T02:04:27.5304569+00:00\"\
        \r\n        }\r\n      ]\r\n    }\r\n  ],\r\n  \"hyperVGeneration\": \"V1\"\
        ,\r\n  \"statuses\": [\r\n    {\r\n      \"code\": \"ProvisioningState/succeeded\"\
        ,\r\n      \"level\": \"Info\",\r\n      \"displayStatus\": \"Provisioning\
        \ succeeded\",\r\n      \"time\": \"2023-02-17T02:04:27.5460854+00:00\"\r\n\
        \    },\r\n    {\r\n      \"code\": \"PowerState/deallocated\",\r\n      \"\
        level\": \"Info\",\r\n      \"displayStatus\": \"VM deallocated\"\r\n    }\r\
        \n  ]\r\n}"
    headers:
      cache-control:
      - no-cache
      content-length:
      - '848'
      content-type:
      - application/json; charset=utf-8
      date:
      - Fri, 17 Feb 2023 02:04:45 GMT
      expires:
      - '-1'
      pragma:
      - no-cache
      server:
      - Microsoft-HTTPAPI/2.0
      - Microsoft-HTTPAPI/2.0
      strict-transport-security:
      - max-age=31536000; includeSubDomains
      transfer-encoding:
      - chunked
      vary:
      - Accept-Encoding
      x-content-type-options:
      - nosniff
      x-ms-ratelimit-remaining-resource:
      - Microsoft.Compute/GetVMScaleSetVM3Min;988,Microsoft.Compute/GetVMScaleSetVM30Min;4955,Microsoft.Compute/VMScaleSetVMViews3Min;4976
      x-ms-request-charge:
      - '1'
    status:
      code: 200
      message: OK
- request:
    body: null
    headers:
      Accept:
      - application/json
      Accept-Encoding:
      - gzip, deflate
      CommandName:
      - vmss get-instance-view
      Connection:
      - keep-alive
      ParameterSetName:
      - --resource-group --name --instance-id
      User-Agent:
      - AZURECLI/2.45.0 azsdk-python-azure-mgmt-compute/29.1.0 Python/3.10.9 (Windows-10-10.0.22621-SP0)
    method: GET
    uri: https://management.azure.com/subscriptions/00000000-0000-0000-0000-000000000000/resourceGroups/cli_test_vmss_vms000001/providers/Microsoft.Compute/virtualMachineScaleSets/clitestvmss000002/virtualMachines/2/instanceView?api-version=2022-11-01
  response:
    body:
      string: "{\r\n  \"placementGroupId\": \"26776768-09f0-47d2-9791-bd612395a163\"\
        ,\r\n  \"platformUpdateDomain\": 2,\r\n  \"platformFaultDomain\": 2,\r\n \
        \ \"disks\": [\r\n    {\r\n      \"name\": \"clitestvmss000002clitestvmss000002_OS__1_1e3ff8f54366468aa3beed1a95429ede\"\
        ,\r\n      \"statuses\": [\r\n        {\r\n          \"code\": \"ProvisioningState/succeeded\"\
        ,\r\n          \"level\": \"Info\",\r\n          \"displayStatus\": \"Provisioning\
        \ succeeded\",\r\n          \"time\": \"2023-02-17T02:04:27.2960894+00:00\"\
        \r\n        }\r\n      ]\r\n    }\r\n  ],\r\n  \"hyperVGeneration\": \"V1\"\
        ,\r\n  \"statuses\": [\r\n    {\r\n      \"code\": \"ProvisioningState/succeeded\"\
        ,\r\n      \"level\": \"Info\",\r\n      \"displayStatus\": \"Provisioning\
        \ succeeded\",\r\n      \"time\": \"2023-02-17T02:04:27.3272902+00:00\"\r\n\
        \    },\r\n    {\r\n      \"code\": \"PowerState/deallocated\",\r\n      \"\
        level\": \"Info\",\r\n      \"displayStatus\": \"VM deallocated\"\r\n    }\r\
        \n  ]\r\n}"
    headers:
      cache-control:
      - no-cache
      content-length:
      - '848'
      content-type:
      - application/json; charset=utf-8
      date:
      - Fri, 17 Feb 2023 02:04:46 GMT
      expires:
      - '-1'
      pragma:
      - no-cache
      server:
      - Microsoft-HTTPAPI/2.0
      - Microsoft-HTTPAPI/2.0
      strict-transport-security:
      - max-age=31536000; includeSubDomains
      transfer-encoding:
      - chunked
      vary:
      - Accept-Encoding
      x-content-type-options:
      - nosniff
      x-ms-ratelimit-remaining-resource:
      - Microsoft.Compute/GetVMScaleSetVM3Min;987,Microsoft.Compute/GetVMScaleSetVM30Min;4954,Microsoft.Compute/VMScaleSetVMViews3Min;4975
      x-ms-request-charge:
      - '1'
    status:
      code: 200
      message: OK
- request:
    body: '{"instanceIds": ["*"]}'
    headers:
      Accept:
      - application/json
      Accept-Encoding:
      - gzip, deflate
      CommandName:
      - vmss delete-instances
      Connection:
      - keep-alive
      Content-Length:
      - '22'
      Content-Type:
      - application/json
      ParameterSetName:
      - --resource-group --name --instance-ids
      User-Agent:
      - AZURECLI/2.45.0 azsdk-python-azure-mgmt-compute/29.1.0 Python/3.10.9 (Windows-10-10.0.22621-SP0)
    method: POST
    uri: https://management.azure.com/subscriptions/00000000-0000-0000-0000-000000000000/resourceGroups/cli_test_vmss_vms000001/providers/Microsoft.Compute/virtualMachineScaleSets/clitestvmss000002/delete?api-version=2022-11-01
  response:
    body:
      string: ''
    headers:
      azure-asyncnotification:
      - Enabled
      azure-asyncoperation:
      - https://management.azure.com/subscriptions/00000000-0000-0000-0000-000000000000/providers/Microsoft.Compute/locations/westus/operations/d49d0509-5d5d-44ef-bd4d-7a73a17cf077?p=571046f6-b640-41c1-86f7-f9f044b5adf9&api-version=2022-11-01
      cache-control:
      - no-cache
      content-length:
      - '0'
      date:
      - Fri, 17 Feb 2023 02:04:49 GMT
      expires:
      - '-1'
      location:
      - https://management.azure.com/subscriptions/00000000-0000-0000-0000-000000000000/providers/Microsoft.Compute/locations/westus/operations/d49d0509-5d5d-44ef-bd4d-7a73a17cf077?p=571046f6-b640-41c1-86f7-f9f044b5adf9&monitor=true&api-version=2022-11-01
      pragma:
      - no-cache
      server:
      - Microsoft-HTTPAPI/2.0
      - Microsoft-HTTPAPI/2.0
      strict-transport-security:
      - max-age=31536000; includeSubDomains
      x-content-type-options:
      - nosniff
      x-ms-ratelimit-remaining-resource:
      - Microsoft.Compute/VMScaleSetActions3Min;233,Microsoft.Compute/VMScaleSetActions30Min;1174,Microsoft.Compute/VMScaleSetBatchedVMRequests5Min;1113,Microsoft.Compute/VmssQueuedVMOperations;0
      x-ms-ratelimit-remaining-subscription-writes:
      - '1199'
      x-ms-request-charge:
      - '2'
    status:
      code: 202
      message: Accepted
- request:
    body: null
    headers:
      Accept:
      - '*/*'
      Accept-Encoding:
      - gzip, deflate
      CommandName:
      - vmss delete-instances
      Connection:
      - keep-alive
      ParameterSetName:
      - --resource-group --name --instance-ids
      User-Agent:
      - AZURECLI/2.45.0 azsdk-python-azure-mgmt-compute/29.1.0 Python/3.10.9 (Windows-10-10.0.22621-SP0)
    method: GET
    uri: https://management.azure.com/subscriptions/00000000-0000-0000-0000-000000000000/providers/Microsoft.Compute/locations/westus/operations/d49d0509-5d5d-44ef-bd4d-7a73a17cf077?p=571046f6-b640-41c1-86f7-f9f044b5adf9&api-version=2022-11-01
  response:
    body:
      string: "{\r\n  \"startTime\": \"2023-02-17T02:04:49.0775667+00:00\",\r\n  \"\
        endTime\": \"2023-02-17T02:04:51.0306117+00:00\",\r\n  \"status\": \"Succeeded\"\
        ,\r\n  \"name\": \"d49d0509-5d5d-44ef-bd4d-7a73a17cf077\"\r\n}"
    headers:
      cache-control:
      - no-cache
      content-length:
      - '184'
      content-type:
      - application/json; charset=utf-8
      date:
      - Fri, 17 Feb 2023 02:05:19 GMT
      expires:
      - '-1'
      pragma:
      - no-cache
      server:
      - Microsoft-HTTPAPI/2.0
      - Microsoft-HTTPAPI/2.0
      strict-transport-security:
      - max-age=31536000; includeSubDomains
      transfer-encoding:
      - chunked
      vary:
      - Accept-Encoding
      x-content-type-options:
      - nosniff
      x-ms-ratelimit-remaining-resource:
      - Microsoft.Compute/GetOperation3Min;14878,Microsoft.Compute/GetOperation30Min;29186
    status:
      code: 200
      message: OK
- request:
    body: null
    headers:
      Accept:
      - '*/*'
      Accept-Encoding:
      - gzip, deflate
      CommandName:
      - vmss delete-instances
      Connection:
      - keep-alive
      ParameterSetName:
      - --resource-group --name --instance-ids
      User-Agent:
      - AZURECLI/2.45.0 azsdk-python-azure-mgmt-compute/29.1.0 Python/3.10.9 (Windows-10-10.0.22621-SP0)
    method: GET
    uri: https://management.azure.com/subscriptions/00000000-0000-0000-0000-000000000000/providers/Microsoft.Compute/locations/westus/operations/d49d0509-5d5d-44ef-bd4d-7a73a17cf077?p=571046f6-b640-41c1-86f7-f9f044b5adf9&monitor=true&api-version=2022-11-01
  response:
    body:
      string: ''
    headers:
      cache-control:
      - no-cache
      content-length:
      - '0'
      date:
      - Fri, 17 Feb 2023 02:05:19 GMT
      expires:
      - '-1'
      pragma:
      - no-cache
      server:
      - Microsoft-HTTPAPI/2.0
      - Microsoft-HTTPAPI/2.0
      strict-transport-security:
      - max-age=31536000; includeSubDomains
      x-content-type-options:
      - nosniff
      x-ms-ratelimit-remaining-resource:
      - Microsoft.Compute/GetOperation3Min;14877,Microsoft.Compute/GetOperation30Min;29185
    status:
      code: 200
      message: OK
- request:
    body: null
    headers:
      Accept:
      - application/json
      Accept-Encoding:
      - gzip, deflate
      CommandName:
      - vmss list-instances
      Connection:
      - keep-alive
      ParameterSetName:
      - --resource-group --name
      User-Agent:
      - AZURECLI/2.45.0 azsdk-python-azure-mgmt-compute/29.1.0 Python/3.10.9 (Windows-10-10.0.22621-SP0)
    method: GET
    uri: https://management.azure.com/subscriptions/00000000-0000-0000-0000-000000000000/resourceGroups/cli_test_vmss_vms000001/providers/Microsoft.Compute/virtualMachineScaleSets/clitestvmss000002/virtualMachines?api-version=2022-11-01
  response:
    body:
      string: "{\r\n  \"value\": []\r\n}"
    headers:
      cache-control:
      - no-cache
      content-length:
      - '19'
      content-type:
      - application/json; charset=utf-8
      date:
      - Fri, 17 Feb 2023 02:05:21 GMT
      expires:
      - '-1'
      pragma:
      - no-cache
      server:
      - Microsoft-HTTPAPI/2.0
      - Microsoft-HTTPAPI/2.0
      strict-transport-security:
      - max-age=31536000; includeSubDomains
      transfer-encoding:
      - chunked
      vary:
      - Accept-Encoding
      x-content-type-options:
      - nosniff
      x-ms-ratelimit-remaining-resource:
      - Microsoft.Compute/HighCostGetVMScaleSet3Min;178,Microsoft.Compute/HighCostGetVMScaleSet30Min;914
    status:
      code: 200
      message: OK
- request:
    body: null
    headers:
      Accept:
      - application/json
      Accept-Encoding:
      - gzip, deflate
      CommandName:
      - vmss create
      Connection:
      - keep-alive
      ParameterSetName:
      - -g -n --image --orchestration-mode --admin-username
      User-Agent:
      - AZURECLI/2.45.0 azsdk-python-azure-mgmt-resource/22.0.0 Python/3.10.9 (Windows-10-10.0.22621-SP0)
    method: GET
    uri: https://management.azure.com/subscriptions/00000000-0000-0000-0000-000000000000/resourcegroups/cli_test_vmss_vms000001?api-version=2022-09-01
  response:
    body:
      string: '{"id":"/subscriptions/00000000-0000-0000-0000-000000000000/resourceGroups/cli_test_vmss_vms000001","name":"cli_test_vmss_vms000001","type":"Microsoft.Resources/resourceGroups","location":"westus","tags":{"product":"azurecli","cause":"automation","date":"2023-02-17T01:58:32Z"},"properties":{"provisioningState":"Succeeded"}}'
    headers:
      cache-control:
      - no-cache
      content-length:
      - '324'
      content-type:
      - application/json; charset=utf-8
      date:
      - Fri, 17 Feb 2023 02:05:21 GMT
      expires:
      - '-1'
      pragma:
      - no-cache
      strict-transport-security:
      - max-age=31536000; includeSubDomains
      vary:
      - Accept-Encoding
      x-content-type-options:
      - nosniff
    status:
      code: 200
      message: OK
- request:
    body: null
    headers:
      Accept:
      - '*/*'
      Accept-Encoding:
      - gzip, deflate
      Connection:
      - keep-alive
      User-Agent:
      - python-requests/2.26.0
    method: GET
    uri: https://raw.githubusercontent.com/Azure/azure-rest-api-specs/main/arm-compute/quickstart-templates/aliases.json
  response:
    body:
      string: "{\n  \"$schema\": \"http://schema.management.azure.com/schemas/2015-01-01/deploymentTemplate.json\"\
        ,\n  \"contentVersion\": \"1.0.0.0\",\n  \"parameters\": {},\n  \"variables\"\
        : {},\n  \"resources\": [],\n  \"outputs\": {\n    \"aliases\": {\n      \"\
        type\": \"object\",\n      \"value\": {\n        \"Linux\": {\n          \"\
        CentOS\": {\n            \"publisher\": \"OpenLogic\",\n            \"offer\"\
        : \"CentOS\",\n            \"sku\": \"7.5\",\n            \"version\": \"\
        latest\",\n            \"architecture\": \"x64\"\n          },\n         \
        \ \"Debian\": {\n            \"publisher\": \"Debian\",\n            \"offer\"\
        : \"debian-10\",\n            \"sku\": \"10\",\n            \"version\": \"\
        latest\",\n            \"architecture\": \"x64\"\n          },\n         \
        \ \"Flatcar\": {\n            \"publisher\": \"kinvolk\",\n            \"\
        offer\": \"flatcar-container-linux-free\",\n            \"sku\": \"stable\"\
        ,\n            \"version\": \"latest\",\n            \"architecture\": \"\
        x64\"\n          },\n          \"openSUSE-Leap\": {\n            \"publisher\"\
        : \"SUSE\",\n            \"offer\": \"opensuse-leap-15-3\",\n            \"\
        sku\": \"gen2\",\n            \"version\": \"latest\",\n            \"architecture\"\
        : \"x64\"\n          },\n          \"RHEL\": {\n            \"publisher\"\
        : \"RedHat\",\n            \"offer\": \"RHEL\",\n            \"sku\": \"7-LVM\"\
        ,\n            \"version\": \"latest\",\n            \"architecture\": \"\
        x64\"\n          },\n          \"SLES\": {\n            \"publisher\": \"\
        SUSE\",\n            \"offer\": \"sles-15-sp3\",\n            \"sku\": \"\
        gen2\",\n            \"version\": \"latest\",\n            \"architecture\"\
        : \"x64\"\n          },\n          \"UbuntuLTS\": {\n            \"publisher\"\
        : \"Canonical\",\n            \"offer\": \"UbuntuServer\",\n            \"\
        sku\": \"18.04-LTS\",\n            \"version\": \"latest\",\n            \"\
        architecture\": \"x64\"\n          }\n        },\n        \"Windows\": {\n\
        \          \"Win2022Datacenter\": {\n            \"publisher\": \"MicrosoftWindowsServer\"\
        ,\n            \"offer\": \"WindowsServer\",\n            \"sku\": \"2022-Datacenter\"\
        ,\n            \"version\": \"latest\",\n            \"architecture\": \"\
        x64\"\n          },\n          \"Win2022AzureEditionCore\": {\n          \
        \  \"publisher\": \"MicrosoftWindowsServer\",\n            \"offer\": \"WindowsServer\"\
        ,\n            \"sku\": \"2022-datacenter-azure-edition-core\",\n        \
        \    \"version\": \"latest\",\n            \"architecture\": \"x64\"\n   \
        \       },\n          \"Win2019Datacenter\": {\n            \"publisher\"\
        : \"MicrosoftWindowsServer\",\n            \"offer\": \"WindowsServer\",\n\
        \            \"sku\": \"2019-Datacenter\",\n            \"version\": \"latest\"\
        ,\n            \"architecture\": \"x64\"\n          },\n          \"Win2016Datacenter\"\
        : {\n            \"publisher\": \"MicrosoftWindowsServer\",\n            \"\
        offer\": \"WindowsServer\",\n            \"sku\": \"2016-Datacenter\",\n \
        \           \"version\": \"latest\",\n            \"architecture\": \"x64\"\
        \n          },\n          \"Win2012R2Datacenter\": {\n            \"publisher\"\
        : \"MicrosoftWindowsServer\",\n            \"offer\": \"WindowsServer\",\n\
        \            \"sku\": \"2012-R2-Datacenter\",\n            \"version\": \"\
        latest\",\n            \"architecture\": \"x64\"\n          },\n         \
        \ \"Win2012Datacenter\": {\n            \"publisher\": \"MicrosoftWindowsServer\"\
        ,\n            \"offer\": \"WindowsServer\",\n            \"sku\": \"2012-Datacenter\"\
        ,\n            \"version\": \"latest\",\n            \"architecture\": \"\
        x64\"\n          },\n          \"Win2008R2SP1\": {\n            \"publisher\"\
        : \"MicrosoftWindowsServer\",\n            \"offer\": \"WindowsServer\",\n\
        \            \"sku\": \"2008-R2-SP1\",\n            \"version\": \"latest\"\
        ,\n            \"architecture\": \"x64\"\n          }\n        }\n      }\n\
        \    }\n  }\n}"
    headers:
      accept-ranges:
      - bytes
      access-control-allow-origin:
      - '*'
      cache-control:
      - max-age=300
      connection:
      - keep-alive
      content-length:
      - '3463'
      content-security-policy:
      - default-src 'none'; style-src 'unsafe-inline'; sandbox
      content-type:
      - text/plain; charset=utf-8
      date:
      - Fri, 17 Feb 2023 02:05:22 GMT
      etag:
      - W/"41b202f4dc5098d126019dc00721a4c5e30df0c5196794514fadc3710ee2a5cb"
      expires:
      - Fri, 17 Feb 2023 02:10:22 GMT
      source-age:
      - '289'
      strict-transport-security:
      - max-age=31536000
      vary:
      - Authorization,Accept-Encoding,Origin
      via:
      - 1.1 varnish
      x-cache:
      - HIT
      x-cache-hits:
      - '1'
      x-content-type-options:
      - nosniff
      x-fastly-request-id:
      - 335317d0eead4d843fae8e998bce75c80e0419c6
      x-frame-options:
      - deny
      x-github-request-id:
      - 523C:6DCF:80C5E:C29DF:63E2283D
      x-served-by:
      - cache-qpg1258-QPG
      x-timer:
      - S1676599523.684230,VS0,VE1
      x-xss-protection:
      - 1; mode=block
    status:
      code: 200
      message: OK
- request:
    body: null
    headers:
      Accept:
      - application/json
      Accept-Encoding:
      - gzip, deflate
      CommandName:
      - vmss create
      Connection:
      - keep-alive
      ParameterSetName:
      - -g -n --image --orchestration-mode --admin-username
      User-Agent:
      - AZURECLI/2.45.0 azsdk-python-azure-mgmt-compute/29.1.0 Python/3.10.9 (Windows-10-10.0.22621-SP0)
    method: GET
    uri: https://management.azure.com/subscriptions/00000000-0000-0000-0000-000000000000/providers/Microsoft.Compute/locations/westus/publishers/Canonical/artifacttypes/vmimage/offers/UbuntuServer/skus/18.04-LTS/versions?$top=1&$orderby=name%20desc&api-version=2022-11-01
  response:
    body:
      string: "[\r\n  {\r\n    \"location\": \"westus\",\r\n    \"name\": \"18.04.202302100\"\
        ,\r\n    \"id\": \"/Subscriptions/00000000-0000-0000-0000-000000000000/Providers/Microsoft.Compute/Locations/westus/Publishers/Canonical/ArtifactTypes/VMImage/Offers/UbuntuServer/Skus/18.04-LTS/Versions/18.04.202302100\"\
        \r\n  }\r\n]"
    headers:
      cache-control:
      - no-cache
      content-length:
      - '286'
      content-type:
      - application/json; charset=utf-8
      date:
      - Fri, 17 Feb 2023 02:05:24 GMT
      expires:
      - '-1'
      pragma:
      - no-cache
      server:
      - Microsoft-HTTPAPI/2.0
      - Microsoft-HTTPAPI/2.0
      strict-transport-security:
      - max-age=31536000; includeSubDomains
      transfer-encoding:
      - chunked
      vary:
      - Accept-Encoding
      x-content-type-options:
      - nosniff
      x-ms-ratelimit-remaining-resource:
      - Microsoft.Compute/ListVMImagesVersionsFromLocation3Min;15983,Microsoft.Compute/ListVMImagesVersionsFromLocation30Min;43883
    status:
      code: 200
      message: OK
- request:
    body: null
    headers:
      Accept:
      - application/json
      Accept-Encoding:
      - gzip, deflate
      CommandName:
      - vmss create
      Connection:
      - keep-alive
      ParameterSetName:
      - -g -n --image --orchestration-mode --admin-username
      User-Agent:
      - AZURECLI/2.45.0 azsdk-python-azure-mgmt-compute/29.1.0 Python/3.10.9 (Windows-10-10.0.22621-SP0)
    method: GET
    uri: https://management.azure.com/subscriptions/00000000-0000-0000-0000-000000000000/providers/Microsoft.Compute/locations/westus/publishers/Canonical/artifacttypes/vmimage/offers/UbuntuServer/skus/18.04-LTS/versions/18.04.202302100?api-version=2022-11-01
  response:
    body:
      string: "{\r\n  \"properties\": {\r\n    \"hyperVGeneration\": \"V1\",\r\n \
        \   \"architecture\": \"x64\",\r\n    \"replicaType\": \"Unmanaged\",\r\n\
        \    \"disallowed\": {\r\n      \"vmDiskType\": \"None\"\r\n    },\r\n   \
        \ \"automaticOSUpgradeProperties\": {\r\n      \"automaticOSUpgradeSupported\"\
        : true\r\n    },\r\n    \"imageDeprecationStatus\": {\r\n      \"imageState\"\
        : \"Active\"\r\n    },\r\n    \"features\": [\r\n      {\r\n        \"name\"\
        : \"IsAcceleratedNetworkSupported\",\r\n        \"value\": \"True\"\r\n  \
        \    },\r\n      {\r\n        \"name\": \"DiskControllerTypes\",\r\n     \
        \   \"value\": \"SCSI, NVMe\"\r\n      },\r\n      {\r\n        \"name\":\
        \ \"IsHibernateSupported\",\r\n        \"value\": \"True\"\r\n      }\r\n\
        \    ],\r\n    \"osDiskImage\": {\r\n      \"operatingSystem\": \"Linux\"\
        ,\r\n      \"sizeInGb\": 31,\r\n      \"sizeInBytes\": 32213303808\r\n   \
        \ },\r\n    \"dataDiskImages\": []\r\n  },\r\n  \"location\": \"westus\",\r\
        \n  \"name\": \"18.04.202302100\",\r\n  \"id\": \"/Subscriptions/00000000-0000-0000-0000-000000000000/Providers/Microsoft.Compute/Locations/westus/Publishers/Canonical/ArtifactTypes/VMImage/Offers/UbuntuServer/Skus/18.04-LTS/Versions/18.04.202302100\"\
        \r\n}"
    headers:
      cache-control:
      - no-cache
      content-length:
      - '1048'
      content-type:
      - application/json; charset=utf-8
      date:
      - Fri, 17 Feb 2023 02:05:25 GMT
      expires:
      - '-1'
      pragma:
      - no-cache
      server:
      - Microsoft-HTTPAPI/2.0
      - Microsoft-HTTPAPI/2.0
      strict-transport-security:
      - max-age=31536000; includeSubDomains
      transfer-encoding:
      - chunked
      vary:
      - Accept-Encoding
      x-content-type-options:
      - nosniff
      x-ms-ratelimit-remaining-resource:
      - Microsoft.Compute/GetVMImageFromLocation3Min;12986,Microsoft.Compute/GetVMImageFromLocation30Min;73906
    status:
      code: 200
      message: OK
- request:
    body: null
    headers:
      Accept:
      - application/json
      Accept-Encoding:
      - gzip, deflate
      CommandName:
      - vmss create
      Connection:
      - keep-alive
      ParameterSetName:
      - -g -n --image --orchestration-mode --admin-username
      User-Agent:
      - AZURECLI/2.45.0 azsdk-python-azure-mgmt-network/21.0.1 Python/3.10.9 (Windows-10-10.0.22621-SP0)
    method: GET
    uri: https://management.azure.com/subscriptions/00000000-0000-0000-0000-000000000000/resourceGroups/cli_test_vmss_vms000001/providers/Microsoft.Network/virtualNetworks?api-version=2022-01-01
  response:
    body:
      string: "{\r\n  \"value\": [\r\n    {\r\n      \"name\": \"clitestvmss000002VNET\"\
        ,\r\n      \"id\": \"/subscriptions/00000000-0000-0000-0000-000000000000/resourceGroups/cli_test_vmss_vms000001/providers/Microsoft.Network/virtualNetworks/clitestvmss000002VNET\"\
        ,\r\n      \"etag\": \"W/\\\"1d963e9c-804a-40cb-a8e7-550233f090fa\\\"\",\r\
        \n      \"type\": \"Microsoft.Network/virtualNetworks\",\r\n      \"location\"\
        : \"westus\",\r\n      \"tags\": {},\r\n      \"properties\": {\r\n      \
        \  \"provisioningState\": \"Succeeded\",\r\n        \"resourceGuid\": \"4169a466-b846-4485-9eff-266ea71ce449\"\
        ,\r\n        \"addressSpace\": {\r\n          \"addressPrefixes\": [\r\n \
        \           \"10.0.0.0/16\"\r\n          ]\r\n        },\r\n        \"subnets\"\
        : [\r\n          {\r\n            \"name\": \"clitestvmss000002Subnet\",\r\
        \n            \"id\": \"/subscriptions/00000000-0000-0000-0000-000000000000/resourceGroups/cli_test_vmss_vms000001/providers/Microsoft.Network/virtualNetworks/clitestvmss000002VNET/subnets/clitestvmss000002Subnet\"\
        ,\r\n            \"etag\": \"W/\\\"1d963e9c-804a-40cb-a8e7-550233f090fa\\\"\
        \",\r\n            \"properties\": {\r\n              \"provisioningState\"\
        : \"Succeeded\",\r\n              \"addressPrefix\": \"10.0.0.0/24\",\r\n\
        \              \"delegations\": [],\r\n              \"privateEndpointNetworkPolicies\"\
        : \"Disabled\",\r\n              \"privateLinkServiceNetworkPolicies\": \"\
        Enabled\"\r\n            },\r\n            \"type\": \"Microsoft.Network/virtualNetworks/subnets\"\
        \r\n          }\r\n        ],\r\n        \"virtualNetworkPeerings\": [],\r\
        \n        \"enableDdosProtection\": false\r\n      }\r\n    }\r\n  ]\r\n}"
    headers:
      cache-control:
      - no-cache
      content-length:
      - '1489'
      content-type:
      - application/json; charset=utf-8
      date:
      - Fri, 17 Feb 2023 02:05:26 GMT
      expires:
      - '-1'
      pragma:
      - no-cache
      server:
      - Microsoft-HTTPAPI/2.0
      - Microsoft-HTTPAPI/2.0
      strict-transport-security:
      - max-age=31536000; includeSubDomains
      transfer-encoding:
      - chunked
      vary:
      - Accept-Encoding
      x-content-type-options:
      - nosniff
      x-ms-arm-service-request-id:
      - 6e99770f-dc58-4bb7-a241-268633b4cb70
    status:
      code: 200
      message: OK
- request:
    body: '{"properties": {"template": {"$schema": "https://schema.management.azure.com/schemas/2015-01-01/deploymentTemplate.json#",
      "contentVersion": "1.0.0.0", "parameters": {}, "variables": {}, "resources":
      [{"apiVersion": "2022-01-01", "type": "Microsoft.Network/publicIPAddresses",
      "name": "clitestflexvms000003LBPublicIP", "location": "westus", "tags": {},
      "dependsOn": [], "properties": {"publicIPAllocationMethod": "Static"}, "sku":
      {"name": "Standard"}}, {"type": "Microsoft.Network/loadBalancers", "name": "clitestflexvms000003LB",
      "location": "westus", "tags": {}, "apiVersion": "2022-01-01", "dependsOn": ["Microsoft.Network/publicIpAddresses/clitestflexvms000003LBPublicIP"],
      "properties": {"backendAddressPools": [{"name": "clitestflexvms000003LBBEPool"}],
      "frontendIPConfigurations": [{"name": "loadBalancerFrontEnd", "properties":
      {"publicIPAddress": {"id": "/subscriptions/00000000-0000-0000-0000-000000000000/resourceGroups/cli_test_vmss_vms000001/providers/Microsoft.Network/publicIPAddresses/clitestflexvms000003LBPublicIP"}}}],
      "loadBalancingRules": [{"name": "LBRule", "properties": {"frontendIPConfiguration":
      {"id": "[concat(resourceId(''Microsoft.Network/loadBalancers'', ''clitestflexvms000003LB''),
      ''/frontendIPConfigurations/'', ''loadBalancerFrontEnd'')]"}, "backendAddressPool":
      {"id": "[concat(resourceId(''Microsoft.Network/loadBalancers'', ''clitestflexvms000003LB''),
      ''/backendAddressPools/'', ''clitestflexvms000003LBBEPool'')]"}, "protocol":
      "tcp", "frontendPort": 80, "backendPort": 80, "enableFloatingIP": false, "idleTimeoutInMinutes":
      5}}]}, "sku": {"name": "Standard"}}, {"type": "Microsoft.Network/networkSecurityGroups",
      "name": "clitestflexvms000003NSG", "apiVersion": "2015-06-15", "location": "westus",
      "tags": {}, "dependsOn": [], "properties": {"securityRules": [{"name": "default-allow-ssh",
      "properties": {"protocol": "Tcp", "sourcePortRange": "*", "destinationPortRange":
      "22", "sourceAddressPrefix": "*", "destinationAddressPrefix": "*", "access":
      "Allow", "priority": 1000, "direction": "Inbound"}}]}}, {"type": "Microsoft.Network/loadBalancers/inboundNatRules",
      "apiVersion": "2022-01-01", "name": "clitestflexvms000003LB/NatRule", "location":
      "westus", "properties": {"frontendIPConfiguration": {"id": "[concat(resourceId(''Microsoft.Network/loadBalancers'',
      ''clitestflexvms000003LB''), ''/frontendIPConfigurations/'', ''loadBalancerFrontEnd'')]"},
      "backendAddressPool": {"id": "[concat(resourceId(''Microsoft.Network/loadBalancers'',
      ''clitestflexvms000003LB''), ''/backendAddressPools/'', ''clitestflexvms000003LBBEPool'')]"},
      "backendPort": 22, "frontendPortRangeStart": "50000", "frontendPortRangeEnd":
      "50119", "protocol": "tcp", "idleTimeoutInMinutes": 5}, "dependsOn": ["[concat(''Microsoft.Network/loadBalancers/'',
      ''clitestflexvms000003LB'')]"]}, {"type": "Microsoft.Compute/virtualMachineScaleSets",
      "name": "clitestflexvms000003", "location": "westus", "tags": {}, "apiVersion":
      "2022-11-01", "dependsOn": ["Microsoft.Network/loadBalancers/clitestflexvms000003LB",
      "Microsoft.Network/networkSecurityGroups/clitestflexvms000003NSG"], "properties":
      {"singlePlacementGroup": null, "platformFaultDomainCount": 1, "virtualMachineProfile":
      {"storageProfile": {"osDisk": {"createOption": "FromImage", "caching": "ReadWrite",
      "managedDisk": {"storageAccountType": null}}, "imageReference": {"publisher":
      "Canonical", "offer": "UbuntuServer", "sku": "18.04-LTS", "version": "latest"}},
      "osProfile": {"computerNamePrefix": "clitestf", "adminUsername": "vmtest", "linuxConfiguration":
      {"disablePasswordAuthentication": true, "ssh": {"publicKeys": [{"path": "/home/vmtest/.ssh/authorized_keys",
      "keyData": "ssh-rsa AAAAB3NzaC1yc2EAAAADAQABAAABAQCp+Uh121QVTLREpkf/YFK3TAtX1tnj80+wIyV9TgXhX+49paW0rS9LvgQaZFvyW2We/ItBYlQis1nFKdvrGFGdZf954LkjCbs8yMfLTkw3TiHAgjKEtokwimBkYF7u1T/E47kAUk7dGmTL9I0hVLJzN1BEFkrQPrNwatIxNEZowI/hN9ZGLDZ+sjORtD4igKZ/Wp6U0+sXFW1zuBUIrCAh411vHTrRcn9E1r72RBk6NQJN1fGCIybq2YTB0v90ygt80BWw/0/3qu+jcWWMBSdwQx81RUvUteURd5WPGW5L6vE0lLSpWOrK/3xiACJZmsgyAN5iZz/n0CVfBxRI6Ehr"}]}}},
      "networkProfile": {"networkInterfaceConfigurations": [{"name": "clite6c4cNic",
      "properties": {"ipConfigurations": [{"name": "clite6c4cIPConfig", "properties":
      {"subnet": {"id": "/subscriptions/00000000-0000-0000-0000-000000000000/resourceGroups/cli_test_vmss_vms000001/providers/Microsoft.Network/virtualNetworks/clitestvmss000002VNET/subnets/clitestvmss000002Subnet"},
      "loadBalancerBackendAddressPools": [{"id": "/subscriptions/00000000-0000-0000-0000-000000000000/resourceGroups/cli_test_vmss_vms000001/providers/Microsoft.Network/loadBalancers/clitestflexvms000003LB/backendAddressPools/clitestflexvms000003LBBEPool"}]}}],
      "networkSecurityGroup": {"id": "[resourceId(''Microsoft.Network/networkSecurityGroups'',
      ''clitestflexvms000003NSG'')]"}, "primary": "true"}}], "networkApiVersion":
      "2020-11-01"}}, "orchestrationMode": "Flexible"}, "sku": {"name": "Standard_DS1_v2",
      "capacity": 2}}], "outputs": {"VMSS": {"type": "object", "value": "[reference(resourceId(''Microsoft.Compute/virtualMachineScaleSets'',
      ''clitestflexvms000003''),providers(''Microsoft.Compute'', ''virtualMachineScaleSets'').apiVersions[0])]"}}},
      "parameters": {}, "mode": "incremental"}}'
    headers:
      Accept:
      - application/json
      Accept-Encoding:
      - gzip, deflate
      CommandName:
      - vmss create
      Connection:
      - keep-alive
      Content-Length:
      - '5158'
      Content-Type:
      - application/json
      ParameterSetName:
      - -g -n --image --orchestration-mode --admin-username
      User-Agent:
      - AZURECLI/2.45.0 azsdk-python-azure-mgmt-resource/22.0.0 Python/3.10.9 (Windows-10-10.0.22621-SP0)
    method: PUT
    uri: https://management.azure.com/subscriptions/00000000-0000-0000-0000-000000000000/resourcegroups/cli_test_vmss_vms000001/providers/Microsoft.Resources/deployments/mock-deployment?api-version=2022-09-01
  response:
    body:
      string: '{"id":"/subscriptions/00000000-0000-0000-0000-000000000000/resourceGroups/cli_test_vmss_vms000001/providers/Microsoft.Resources/deployments/vmss_deploy_MTHywaI4ro6prJdl5nA9pvY5D2otCJOJ","name":"vmss_deploy_MTHywaI4ro6prJdl5nA9pvY5D2otCJOJ","type":"Microsoft.Resources/deployments","properties":{"templateHash":"6164781616451649299","parameters":{},"mode":"Incremental","provisioningState":"Accepted","timestamp":"2023-02-17T02:05:35.278487Z","duration":"PT0.0005649S","correlationId":"f755f7ee-aa61-4da2-bbaf-d00b0a1edd23","providers":[{"namespace":"Microsoft.Network","resourceTypes":[{"resourceType":"publicIPAddresses","locations":["westus"]},{"resourceType":"loadBalancers","locations":["westus"]},{"resourceType":"networkSecurityGroups","locations":["westus"]},{"resourceType":"loadBalancers/inboundNatRules","locations":["westus"]}]},{"namespace":"Microsoft.Compute","resourceTypes":[{"resourceType":"virtualMachineScaleSets","locations":["westus"]}]}],"dependencies":[{"dependsOn":[{"id":"/subscriptions/00000000-0000-0000-0000-000000000000/resourceGroups/cli_test_vmss_vms000001/providers/Microsoft.Network/publicIPAddresses/clitestflexvms000003LBPublicIP","resourceType":"Microsoft.Network/publicIPAddresses","resourceName":"clitestflexvms000003LBPublicIP"}],"id":"/subscriptions/00000000-0000-0000-0000-000000000000/resourceGroups/cli_test_vmss_vms000001/providers/Microsoft.Network/loadBalancers/clitestflexvms000003LB","resourceType":"Microsoft.Network/loadBalancers","resourceName":"clitestflexvms000003LB"},{"dependsOn":[{"id":"/subscriptions/00000000-0000-0000-0000-000000000000/resourceGroups/cli_test_vmss_vms000001/providers/Microsoft.Network/loadBalancers/clitestflexvms000003LB","resourceType":"Microsoft.Network/loadBalancers","resourceName":"clitestflexvms000003LB"}],"id":"/subscriptions/00000000-0000-0000-0000-000000000000/resourceGroups/cli_test_vmss_vms000001/providers/Microsoft.Network/loadBalancers/clitestflexvms000003LB/inboundNatRules/NatRule","resourceType":"Microsoft.Network/loadBalancers/inboundNatRules","resourceName":"clitestflexvms000003LB/NatRule"},{"dependsOn":[{"id":"/subscriptions/00000000-0000-0000-0000-000000000000/resourceGroups/cli_test_vmss_vms000001/providers/Microsoft.Network/loadBalancers/clitestflexvms000003LB","resourceType":"Microsoft.Network/loadBalancers","resourceName":"clitestflexvms000003LB"},{"id":"/subscriptions/00000000-0000-0000-0000-000000000000/resourceGroups/cli_test_vmss_vms000001/providers/Microsoft.Network/networkSecurityGroups/clitestflexvms000003NSG","resourceType":"Microsoft.Network/networkSecurityGroups","resourceName":"clitestflexvms000003NSG"}],"id":"/subscriptions/00000000-0000-0000-0000-000000000000/resourceGroups/cli_test_vmss_vms000001/providers/Microsoft.Compute/virtualMachineScaleSets/clitestflexvms000003","resourceType":"Microsoft.Compute/virtualMachineScaleSets","resourceName":"clitestflexvms000003"}]}}'
    headers:
      azure-asyncoperation:
      - https://management.azure.com/subscriptions/00000000-0000-0000-0000-000000000000/resourcegroups/cli_test_vmss_vms000001/providers/Microsoft.Resources/deployments/vmss_deploy_MTHywaI4ro6prJdl5nA9pvY5D2otCJOJ/operationStatuses/08585250073526819958?api-version=2022-09-01
      cache-control:
      - no-cache
      content-length:
      - '2903'
      content-type:
      - application/json; charset=utf-8
      date:
      - Fri, 17 Feb 2023 02:05:37 GMT
      expires:
      - '-1'
      pragma:
      - no-cache
      strict-transport-security:
      - max-age=31536000; includeSubDomains
      x-content-type-options:
      - nosniff
      x-ms-ratelimit-remaining-subscription-writes:
      - '1198'
    status:
      code: 201
      message: Created
- request:
    body: null
    headers:
      Accept:
      - '*/*'
      Accept-Encoding:
      - gzip, deflate
      CommandName:
      - vmss create
      Connection:
      - keep-alive
      ParameterSetName:
      - -g -n --image --orchestration-mode --admin-username
      User-Agent:
      - AZURECLI/2.45.0 azsdk-python-azure-mgmt-resource/22.0.0 Python/3.10.9 (Windows-10-10.0.22621-SP0)
    method: GET
    uri: https://management.azure.com/subscriptions/00000000-0000-0000-0000-000000000000/resourcegroups/cli_test_vmss_vms000001/providers/Microsoft.Resources/deployments/mock-deployment/operationStatuses/08585250073526819958?api-version=2022-09-01
  response:
    body:
      string: '{"status":"Running"}'
    headers:
      cache-control:
      - no-cache
      content-length:
      - '20'
      content-type:
      - application/json; charset=utf-8
      date:
      - Fri, 17 Feb 2023 02:06:08 GMT
      expires:
      - '-1'
      pragma:
      - no-cache
      strict-transport-security:
      - max-age=31536000; includeSubDomains
      vary:
      - Accept-Encoding
      x-content-type-options:
      - nosniff
    status:
      code: 200
      message: OK
- request:
    body: null
    headers:
      Accept:
      - '*/*'
      Accept-Encoding:
      - gzip, deflate
      CommandName:
      - vmss create
      Connection:
      - keep-alive
      ParameterSetName:
      - -g -n --image --orchestration-mode --admin-username
      User-Agent:
      - AZURECLI/2.45.0 azsdk-python-azure-mgmt-resource/22.0.0 Python/3.10.9 (Windows-10-10.0.22621-SP0)
    method: GET
    uri: https://management.azure.com/subscriptions/00000000-0000-0000-0000-000000000000/resourcegroups/cli_test_vmss_vms000001/providers/Microsoft.Resources/deployments/mock-deployment/operationStatuses/08585250073526819958?api-version=2022-09-01
  response:
    body:
      string: '{"status":"Succeeded"}'
    headers:
      cache-control:
      - no-cache
      connection:
      - close
      content-length:
      - '22'
      content-type:
      - application/json; charset=utf-8
      date:
      - Fri, 17 Feb 2023 02:06:39 GMT
      expires:
      - '-1'
      pragma:
      - no-cache
      strict-transport-security:
      - max-age=31536000; includeSubDomains
      vary:
      - Accept-Encoding
      x-content-type-options:
      - nosniff
    status:
      code: 200
      message: OK
- request:
    body: null
    headers:
      Accept:
      - '*/*'
      Accept-Encoding:
      - gzip, deflate
      CommandName:
      - vmss create
      Connection:
      - keep-alive
      ParameterSetName:
      - -g -n --image --orchestration-mode --admin-username
      User-Agent:
      - AZURECLI/2.45.0 azsdk-python-azure-mgmt-resource/22.0.0 Python/3.10.9 (Windows-10-10.0.22621-SP0)
    method: GET
    uri: https://management.azure.com/subscriptions/00000000-0000-0000-0000-000000000000/resourcegroups/cli_test_vmss_vms000001/providers/Microsoft.Resources/deployments/mock-deployment?api-version=2022-09-01
  response:
    body:
      string: '{"id":"/subscriptions/00000000-0000-0000-0000-000000000000/resourceGroups/cli_test_vmss_vms000001/providers/Microsoft.Resources/deployments/vmss_deploy_MTHywaI4ro6prJdl5nA9pvY5D2otCJOJ","name":"vmss_deploy_MTHywaI4ro6prJdl5nA9pvY5D2otCJOJ","type":"Microsoft.Resources/deployments","properties":{"templateHash":"6164781616451649299","parameters":{},"mode":"Incremental","provisioningState":"Succeeded","timestamp":"2023-02-17T02:06:15.9572058Z","duration":"PT40.6792837S","correlationId":"f755f7ee-aa61-4da2-bbaf-d00b0a1edd23","providers":[{"namespace":"Microsoft.Network","resourceTypes":[{"resourceType":"publicIPAddresses","locations":["westus"]},{"resourceType":"loadBalancers","locations":["westus"]},{"resourceType":"networkSecurityGroups","locations":["westus"]},{"resourceType":"loadBalancers/inboundNatRules","locations":["westus"]}]},{"namespace":"Microsoft.Compute","resourceTypes":[{"resourceType":"virtualMachineScaleSets","locations":["westus"]}]}],"dependencies":[{"dependsOn":[{"id":"/subscriptions/00000000-0000-0000-0000-000000000000/resourceGroups/cli_test_vmss_vms000001/providers/Microsoft.Network/publicIPAddresses/clitestflexvms000003LBPublicIP","resourceType":"Microsoft.Network/publicIPAddresses","resourceName":"clitestflexvms000003LBPublicIP"}],"id":"/subscriptions/00000000-0000-0000-0000-000000000000/resourceGroups/cli_test_vmss_vms000001/providers/Microsoft.Network/loadBalancers/clitestflexvms000003LB","resourceType":"Microsoft.Network/loadBalancers","resourceName":"clitestflexvms000003LB"},{"dependsOn":[{"id":"/subscriptions/00000000-0000-0000-0000-000000000000/resourceGroups/cli_test_vmss_vms000001/providers/Microsoft.Network/loadBalancers/clitestflexvms000003LB","resourceType":"Microsoft.Network/loadBalancers","resourceName":"clitestflexvms000003LB"}],"id":"/subscriptions/00000000-0000-0000-0000-000000000000/resourceGroups/cli_test_vmss_vms000001/providers/Microsoft.Network/loadBalancers/clitestflexvms000003LB/inboundNatRules/NatRule","resourceType":"Microsoft.Network/loadBalancers/inboundNatRules","resourceName":"clitestflexvms000003LB/NatRule"},{"dependsOn":[{"id":"/subscriptions/00000000-0000-0000-0000-000000000000/resourceGroups/cli_test_vmss_vms000001/providers/Microsoft.Network/loadBalancers/clitestflexvms000003LB","resourceType":"Microsoft.Network/loadBalancers","resourceName":"clitestflexvms000003LB"},{"id":"/subscriptions/00000000-0000-0000-0000-000000000000/resourceGroups/cli_test_vmss_vms000001/providers/Microsoft.Network/networkSecurityGroups/clitestflexvms000003NSG","resourceType":"Microsoft.Network/networkSecurityGroups","resourceName":"clitestflexvms000003NSG"}],"id":"/subscriptions/00000000-0000-0000-0000-000000000000/resourceGroups/cli_test_vmss_vms000001/providers/Microsoft.Compute/virtualMachineScaleSets/clitestflexvms000003","resourceType":"Microsoft.Compute/virtualMachineScaleSets","resourceName":"clitestflexvms000003"}],"outputs":{"vmss":{"type":"Object","value":{"singlePlacementGroup":false,"orchestrationMode":"Flexible","virtualMachineProfile":{"osProfile":{"computerNamePrefix":"clitestf","adminUsername":"vmtest","linuxConfiguration":{"disablePasswordAuthentication":true,"ssh":{"publicKeys":[{"path":"/home/vmtest/.ssh/authorized_keys","keyData":"ssh-rsa
        AAAAB3NzaC1yc2EAAAADAQABAAABAQCp+Uh121QVTLREpkf/YFK3TAtX1tnj80+wIyV9TgXhX+49paW0rS9LvgQaZFvyW2We/ItBYlQis1nFKdvrGFGdZf954LkjCbs8yMfLTkw3TiHAgjKEtokwimBkYF7u1T/E47kAUk7dGmTL9I0hVLJzN1BEFkrQPrNwatIxNEZowI/hN9ZGLDZ+sjORtD4igKZ/Wp6U0+sXFW1zuBUIrCAh411vHTrRcn9E1r72RBk6NQJN1fGCIybq2YTB0v90ygt80BWw/0/3qu+jcWWMBSdwQx81RUvUteURd5WPGW5L6vE0lLSpWOrK/3xiACJZmsgyAN5iZz/n0CVfBxRI6Ehr"}]},"provisionVMAgent":true,"patchSettings":{"patchMode":"ImageDefault","assessmentMode":"ImageDefault"},"enableVMAgentPlatformUpdates":false},"secrets":[],"allowExtensionOperations":true,"requireGuestProvisionSignal":true},"storageProfile":{"osDisk":{"osType":"Linux","createOption":"FromImage","caching":"ReadWrite","managedDisk":{"storageAccountType":"Premium_LRS"},"deleteOption":"Delete","diskSizeGB":30},"imageReference":{"publisher":"Canonical","offer":"UbuntuServer","sku":"18.04-LTS","version":"latest"}},"networkProfile":{"networkApiVersion":"2020-11-01","networkInterfaceConfigurations":[{"name":"clite6c4cNic","properties":{"primary":true,"disableTcpStateTracking":false,"enableIPForwarding":false,"deleteOption":"Delete","ipConfigurations":[{"name":"clite6c4cIPConfig","properties":{"privateIPAddressVersion":"IPv4","subnet":{"id":"/subscriptions/00000000-0000-0000-0000-000000000000/resourceGroups/cli_test_vmss_vms000001/providers/Microsoft.Network/virtualNetworks/clitestvmss000002VNET/subnets/clitestvmss000002Subnet"},"applicationSecurityGroups":[],"loadBalancerBackendAddressPools":[{"id":"/subscriptions/00000000-0000-0000-0000-000000000000/resourceGroups/cli_test_vmss_vms000001/providers/Microsoft.Network/loadBalancers/clitestflexvms000003LB/backendAddressPools/clitestflexvms000003LBBEPool"}],"applicationGatewayBackendAddressPools":[]}}],"networkSecurityGroup":{"id":"/subscriptions/00000000-0000-0000-0000-000000000000/resourceGroups/cli_test_vmss_vms000001/providers/Microsoft.Network/networkSecurityGroups/clitestflexvms000003NSG"},"dnsSettings":{"dnsServers":[]}}}]}},"provisioningState":"Succeeded","uniqueId":"7cdf6a7e-6f5b-4666-b801-f8407fd2187f","platformFaultDomainCount":1,"constrainedMaximumCapacity":false,"timeCreated":"2023-02-17T02:05:56.9999139+00:00"}}},"outputResources":[{"id":"/subscriptions/00000000-0000-0000-0000-000000000000/resourceGroups/cli_test_vmss_vms000001/providers/Microsoft.Compute/virtualMachineScaleSets/clitestflexvms000003"},{"id":"/subscriptions/00000000-0000-0000-0000-000000000000/resourceGroups/cli_test_vmss_vms000001/providers/Microsoft.Network/loadBalancers/clitestflexvms000003LB"},{"id":"/subscriptions/00000000-0000-0000-0000-000000000000/resourceGroups/cli_test_vmss_vms000001/providers/Microsoft.Network/loadBalancers/clitestflexvms000003LB/inboundNatRules/NatRule"},{"id":"/subscriptions/00000000-0000-0000-0000-000000000000/resourceGroups/cli_test_vmss_vms000001/providers/Microsoft.Network/networkSecurityGroups/clitestflexvms000003NSG"},{"id":"/subscriptions/00000000-0000-0000-0000-000000000000/resourceGroups/cli_test_vmss_vms000001/providers/Microsoft.Network/publicIPAddresses/clitestflexvms000003LBPublicIP"}]}}'
    headers:
      cache-control:
      - no-cache
      content-length:
      - '6315'
      content-type:
      - application/json; charset=utf-8
      date:
      - Fri, 17 Feb 2023 02:06:55 GMT
      expires:
      - '-1'
      pragma:
      - no-cache
      strict-transport-security:
      - max-age=31536000; includeSubDomains
      x-content-type-options:
      - nosniff
    status:
      code: 200
      message: OK
- request:
    body: null
    headers:
      Accept:
      - application/json
      Accept-Encoding:
      - gzip, deflate
      CommandName:
      - vmss list-instance-connection-info
      Connection:
      - keep-alive
      ParameterSetName:
      - --resource-group --name
      User-Agent:
      - AZURECLI/2.45.0 azsdk-python-azure-mgmt-compute/29.1.0 Python/3.10.9 (Windows-10-10.0.22621-SP0)
    method: GET
    uri: https://management.azure.com/subscriptions/00000000-0000-0000-0000-000000000000/resourceGroups/cli_test_vmss_vms000001/providers/Microsoft.Compute/virtualMachineScaleSets/clitestflexvms000003?api-version=2022-11-01
  response:
    body:
      string: "{\r\n  \"name\": \"clitestflexvms000003\",\r\n  \"id\": \"/subscriptions/00000000-0000-0000-0000-000000000000/resourceGroups/cli_test_vmss_vms000001/providers/Microsoft.Compute/virtualMachineScaleSets/clitestflexvms000003\"\
        ,\r\n  \"type\": \"Microsoft.Compute/virtualMachineScaleSets\",\r\n  \"location\"\
        : \"westus\",\r\n  \"tags\": {},\r\n  \"sku\": {\r\n    \"name\": \"Standard_DS1_v2\"\
        ,\r\n    \"tier\": \"Standard\",\r\n    \"capacity\": 2\r\n  },\r\n  \"properties\"\
        : {\r\n    \"singlePlacementGroup\": false,\r\n    \"orchestrationMode\":\
        \ \"Flexible\",\r\n    \"virtualMachineProfile\": {\r\n      \"osProfile\"\
        : {\r\n        \"computerNamePrefix\": \"clitestf\",\r\n        \"adminUsername\"\
        : \"vmtest\",\r\n        \"linuxConfiguration\": {\r\n          \"disablePasswordAuthentication\"\
        : true,\r\n          \"ssh\": {\r\n            \"publicKeys\": [\r\n     \
        \         {\r\n                \"path\": \"/home/vmtest/.ssh/authorized_keys\"\
        ,\r\n                \"keyData\": \"ssh-rsa AAAAB3NzaC1yc2EAAAADAQABAAABAQCp+Uh121QVTLREpkf/YFK3TAtX1tnj80+wIyV9TgXhX+49paW0rS9LvgQaZFvyW2We/ItBYlQis1nFKdvrGFGdZf954LkjCbs8yMfLTkw3TiHAgjKEtokwimBkYF7u1T/E47kAUk7dGmTL9I0hVLJzN1BEFkrQPrNwatIxNEZowI/hN9ZGLDZ+sjORtD4igKZ/Wp6U0+sXFW1zuBUIrCAh411vHTrRcn9E1r72RBk6NQJN1fGCIybq2YTB0v90ygt80BWw/0/3qu+jcWWMBSdwQx81RUvUteURd5WPGW5L6vE0lLSpWOrK/3xiACJZmsgyAN5iZz/n0CVfBxRI6Ehr\"\
        \r\n              }\r\n            ]\r\n          },\r\n          \"provisionVMAgent\"\
        : true,\r\n          \"patchSettings\": {\r\n            \"patchMode\": \"\
        ImageDefault\",\r\n            \"assessmentMode\": \"ImageDefault\"\r\n  \
        \        },\r\n          \"enableVMAgentPlatformUpdates\": false\r\n     \
        \   },\r\n        \"secrets\": [],\r\n        \"allowExtensionOperations\"\
        : true,\r\n        \"requireGuestProvisionSignal\": true\r\n      },\r\n \
        \     \"storageProfile\": {\r\n        \"osDisk\": {\r\n          \"osType\"\
        : \"Linux\",\r\n          \"createOption\": \"FromImage\",\r\n          \"\
        caching\": \"ReadWrite\",\r\n          \"managedDisk\": {\r\n            \"\
        storageAccountType\": \"Premium_LRS\"\r\n          },\r\n          \"deleteOption\"\
        : \"Delete\",\r\n          \"diskSizeGB\": 30\r\n        },\r\n        \"\
        imageReference\": {\r\n          \"publisher\": \"Canonical\",\r\n       \
        \   \"offer\": \"UbuntuServer\",\r\n          \"sku\": \"18.04-LTS\",\r\n\
        \          \"version\": \"latest\"\r\n        }\r\n      },\r\n      \"networkProfile\"\
        : {\"networkApiVersion\":\"2020-11-01\",\"networkInterfaceConfigurations\"\
        :[{\"name\":\"clite6c4cNic\",\"properties\":{\"primary\":true,\"disableTcpStateTracking\"\
        :false,\"enableIPForwarding\":false,\"deleteOption\":\"Delete\",\"ipConfigurations\"\
        :[{\"name\":\"clite6c4cIPConfig\",\"properties\":{\"privateIPAddressVersion\"\
        :\"IPv4\",\"subnet\":{\"id\":\"/subscriptions/00000000-0000-0000-0000-000000000000/resourceGroups/cli_test_vmss_vms000001/providers/Microsoft.Network/virtualNetworks/clitestvmss000002VNET/subnets/clitestvmss000002Subnet\"\
        },\"applicationSecurityGroups\":[],\"loadBalancerBackendAddressPools\":[{\"\
        id\":\"/subscriptions/00000000-0000-0000-0000-000000000000/resourceGroups/cli_test_vmss_vms000001/providers/Microsoft.Network/loadBalancers/clitestflexvms000003LB/backendAddressPools/clitestflexvms000003LBBEPool\"\
        }],\"applicationGatewayBackendAddressPools\":[]}}],\"networkSecurityGroup\"\
        :{\"id\":\"/subscriptions/00000000-0000-0000-0000-000000000000/resourceGroups/cli_test_vmss_vms000001/providers/Microsoft.Network/networkSecurityGroups/clitestflexvms000003NSG\"\
        },\"dnsSettings\":{\"dnsServers\":[]}}}]}\r\n    },\r\n    \"provisioningState\"\
        : \"Succeeded\",\r\n    \"uniqueId\": \"7cdf6a7e-6f5b-4666-b801-f8407fd2187f\"\
        ,\r\n    \"platformFaultDomainCount\": 1,\r\n    \"constrainedMaximumCapacity\"\
        : false,\r\n    \"timeCreated\": \"2023-02-17T02:05:56.9999139+00:00\"\r\n\
        \  }\r\n}"
    headers:
      cache-control:
      - no-cache
      content-length:
      - '3490'
      content-type:
      - application/json; charset=utf-8
      date:
      - Fri, 17 Feb 2023 02:06:57 GMT
      expires:
      - '-1'
      pragma:
      - no-cache
      server:
      - Microsoft-HTTPAPI/2.0
      - Microsoft-HTTPAPI/2.0
      strict-transport-security:
      - max-age=31536000; includeSubDomains
      transfer-encoding:
      - chunked
      vary:
      - Accept-Encoding
      x-content-type-options:
      - nosniff
      x-ms-ratelimit-remaining-resource:
      - Microsoft.Compute/GetVMScaleSet3Min;297,Microsoft.Compute/GetVMScaleSet30Min;2100
    status:
      code: 200
      message: OK
version: 1
