interactions:
- request:
    body: null
    headers:
      Accept:
      - application/json
      Accept-Encoding:
      - gzip, deflate
      CommandName:
      - keyvault create
      Connection:
      - keep-alive
      ParameterSetName:
      - -g -n --enable-purge-protection --retention-days
      User-Agent:
      - AZURECLI/2.42.0 (PIP) azsdk-python-azure-mgmt-resource/21.1.0b1 Python/3.8.9
        (Windows-10-10.0.22621-SP0)
    method: GET
    uri: https://management.azure.com/subscriptions/00000000-0000-0000-0000-000000000000/resourcegroups/cli_test_os_disk_security_encryption000001?api-version=2021-04-01
  response:
    body:
      string: '{"id":"/subscriptions/00000000-0000-0000-0000-000000000000/resourceGroups/cli_test_os_disk_security_encryption000001","name":"cli_test_os_disk_security_encryption000001","type":"Microsoft.Resources/resourceGroups","location":"centraluseuap","tags":{"product":"azurecli","cause":"automation","date":"2022-11-17T09:17:00Z"},"properties":{"provisioningState":"Succeeded"}}'
    headers:
      cache-control:
      - no-cache
      content-length:
      - '369'
      content-type:
      - application/json; charset=utf-8
      date:
      - Thu, 17 Nov 2022 09:17:06 GMT
      expires:
      - '-1'
      pragma:
      - no-cache
      strict-transport-security:
      - max-age=31536000; includeSubDomains
      vary:
      - Accept-Encoding
      x-content-type-options:
      - nosniff
    status:
      code: 200
      message: OK
- request:
    body: null
    headers:
      Accept:
      - application/json
      Accept-Encoding:
      - gzip, deflate
      CommandName:
      - keyvault create
      Connection:
      - keep-alive
      ParameterSetName:
      - -g -n --enable-purge-protection --retention-days
      User-Agent:
      - AZURECLI/2.42.0 (PIP) azsdk-python-azure-mgmt-keyvault/10.1.0 Python/3.8.9
        (Windows-10-10.0.22621-SP0)
    method: GET
    uri: https://management.azure.com/subscriptions/00000000-0000-0000-0000-000000000000/resourceGroups/cli_test_os_disk_security_encryption000001/providers/Microsoft.KeyVault/vaults/vault000002?api-version=2022-07-01
  response:
    body:
      string: '{"error":{"code":"ResourceNotFound","message":"The Resource ''Microsoft.KeyVault/vaults/vault000002''
        under resource group ''cli_test_os_disk_security_encryption000001'' was not
        found. For more details please go to https://aka.ms/ARMResourceNotFoundFix"}}'
    headers:
      cache-control:
      - no-cache
      content-length:
      - '251'
      content-type:
      - application/json; charset=utf-8
      date:
      - Thu, 17 Nov 2022 09:17:08 GMT
      expires:
      - '-1'
      pragma:
      - no-cache
      strict-transport-security:
      - max-age=31536000; includeSubDomains
      x-content-type-options:
      - nosniff
      x-ms-failure-cause:
      - gateway
    status:
      code: 404
      message: Not Found
- request:
    body: null
    headers:
      Accept:
      - '*/*'
      Accept-Encoding:
      - gzip, deflate
      CommandName:
      - keyvault create
      Connection:
      - keep-alive
      ParameterSetName:
      - -g -n --enable-purge-protection --retention-days
      User-Agent:
      - python/3.8.9 (Windows-10-10.0.22621-SP0) AZURECLI/2.42.0 (PIP)
    method: GET
    uri: https://graph.microsoft.com/v1.0/me
  response:
    body:
      string: '{"@odata.context":"https://graph.microsoft.com/v1.0/$metadata#users/$entity","businessPhones":[],"displayName":"Jingsong
        Zhang (WICRESOFT NORTH AMERICA LTD)","givenName":null,"jobTitle":null,"mail":"v-jingszhang@microsoft.com","mobilePhone":null,"officeLocation":null,"preferredLanguage":null,"surname":null,"userPrincipalName":"v-jingszhang_microsoft.com#EXT#@AzureSDKTeam.onmicrosoft.com","id":"d44a2991-98c6-47c3-b59b-2b30d72cfcc2"}'
    headers:
      cache-control:
      - no-cache
      content-length:
      - '435'
      content-type:
      - application/json;odata.metadata=minimal;odata.streaming=true;IEEE754Compatible=false;charset=utf-8
      date:
      - Thu, 17 Nov 2022 09:17:09 GMT
      odata-version:
      - '4.0'
      request-id:
      - 483e68e5-9d90-4477-8304-6d40eea3139a
      strict-transport-security:
      - max-age=31536000
      transfer-encoding:
      - chunked
      vary:
      - Accept-Encoding
      x-ms-ags-diagnostic:
      - '{"ServerInfo":{"DataCenter":"Southeast Asia","Slice":"E","Ring":"5","ScaleUnit":"002","RoleInstance":"SG1PEPF00004804"}}'
      x-ms-resource-unit:
      - '1'
    status:
      code: 200
      message: OK
- request:
    body: '{"location": "centraluseuap", "properties": {"tenantId": "54826b22-38d6-4fb2-bad9-b7b93a3e9c5a",
      "sku": {"family": "A", "name": "standard"}, "accessPolicies": [{"tenantId":
      "54826b22-38d6-4fb2-bad9-b7b93a3e9c5a", "objectId": "d44a2991-98c6-47c3-b59b-2b30d72cfcc2",
      "permissions": {"keys": ["all"], "secrets": ["all"], "certificates": ["all"],
      "storage": ["all"]}}], "enableSoftDelete": true, "softDeleteRetentionInDays":
      7, "enablePurgeProtection": true, "networkAcls": {"bypass": "AzureServices",
      "defaultAction": "Allow"}}}'
    headers:
      Accept:
      - application/json
      Accept-Encoding:
      - gzip, deflate
      CommandName:
      - keyvault create
      Connection:
      - keep-alive
      Content-Length:
      - '525'
      Content-Type:
      - application/json
      ParameterSetName:
      - -g -n --enable-purge-protection --retention-days
      User-Agent:
      - AZURECLI/2.42.0 (PIP) azsdk-python-azure-mgmt-keyvault/10.1.0 Python/3.8.9
        (Windows-10-10.0.22621-SP0)
    method: PUT
    uri: https://management.azure.com/subscriptions/00000000-0000-0000-0000-000000000000/resourceGroups/cli_test_os_disk_security_encryption000001/providers/Microsoft.KeyVault/vaults/vault000002?api-version=2022-07-01
  response:
    body:
      string: '{"id":"/subscriptions/00000000-0000-0000-0000-000000000000/resourceGroups/cli_test_os_disk_security_encryption000001/providers/Microsoft.KeyVault/vaults/vault000002","name":"vault000002","type":"Microsoft.KeyVault/vaults","location":"centraluseuap","tags":{},"systemData":{"createdBy":"v-jingszhang@microsoft.com","createdByType":"User","createdAt":"2022-11-17T09:17:12.98Z","lastModifiedBy":"v-jingszhang@microsoft.com","lastModifiedByType":"User","lastModifiedAt":"2022-11-17T09:17:12.98Z"},"properties":{"sku":{"family":"A","name":"standard"},"tenantId":"54826b22-38d6-4fb2-bad9-b7b93a3e9c5a","accessPolicies":[{"tenantId":"54826b22-38d6-4fb2-bad9-b7b93a3e9c5a","objectId":"d44a2991-98c6-47c3-b59b-2b30d72cfcc2","permissions":{"keys":["all"],"secrets":["all"],"certificates":["all"],"storage":["all"]}}],"enabledForDeployment":false,"enableSoftDelete":true,"softDeleteRetentionInDays":7,"enablePurgeProtection":true,"vaultUri":"https://vault000002.vault.azure.net","provisioningState":"RegisteringDns","publicNetworkAccess":"Enabled"}}'
    headers:
      cache-control:
      - no-cache
      content-length:
      - '1038'
      content-type:
      - application/json; charset=utf-8
      date:
      - Thu, 17 Nov 2022 09:17:16 GMT
      expires:
      - '-1'
      pragma:
      - no-cache
      server:
      - Microsoft-IIS/10.0
      strict-transport-security:
      - max-age=31536000; includeSubDomains
      transfer-encoding:
      - chunked
      vary:
      - Accept-Encoding
      x-aspnet-version:
      - 4.0.30319
      x-content-type-options:
      - nosniff
      x-ms-keyvault-service-version:
      - 1.5.564.0
      x-ms-ratelimit-remaining-subscription-writes:
      - '1192'
      x-powered-by:
      - ASP.NET
    status:
      code: 200
      message: OK
- request:
    body: null
    headers:
      Accept:
      - '*/*'
      Accept-Encoding:
      - gzip, deflate
      CommandName:
      - keyvault create
      Connection:
      - keep-alive
      ParameterSetName:
      - -g -n --enable-purge-protection --retention-days
      User-Agent:
      - AZURECLI/2.42.0 (PIP) azsdk-python-azure-mgmt-keyvault/10.1.0 Python/3.8.9
        (Windows-10-10.0.22621-SP0)
    method: GET
    uri: https://management.azure.com/subscriptions/00000000-0000-0000-0000-000000000000/resourceGroups/cli_test_os_disk_security_encryption000001/providers/Microsoft.KeyVault/vaults/vault000002?api-version=2022-07-01
  response:
    body:
      string: '{"id":"/subscriptions/00000000-0000-0000-0000-000000000000/resourceGroups/cli_test_os_disk_security_encryption000001/providers/Microsoft.KeyVault/vaults/vault000002","name":"vault000002","type":"Microsoft.KeyVault/vaults","location":"centraluseuap","tags":{},"systemData":{"createdBy":"v-jingszhang@microsoft.com","createdByType":"User","createdAt":"2022-11-17T09:17:12.98Z","lastModifiedBy":"v-jingszhang@microsoft.com","lastModifiedByType":"User","lastModifiedAt":"2022-11-17T09:17:12.98Z"},"properties":{"sku":{"family":"A","name":"standard"},"tenantId":"54826b22-38d6-4fb2-bad9-b7b93a3e9c5a","accessPolicies":[{"tenantId":"54826b22-38d6-4fb2-bad9-b7b93a3e9c5a","objectId":"d44a2991-98c6-47c3-b59b-2b30d72cfcc2","permissions":{"keys":["all"],"secrets":["all"],"certificates":["all"],"storage":["all"]}}],"enabledForDeployment":false,"enableSoftDelete":true,"softDeleteRetentionInDays":7,"enablePurgeProtection":true,"vaultUri":"https://vault000002.vault.azure.net/","provisioningState":"Succeeded","publicNetworkAccess":"Enabled"}}'
    headers:
      cache-control:
      - no-cache
      content-length:
      - '1034'
      content-type:
      - application/json; charset=utf-8
      date:
      - Thu, 17 Nov 2022 09:17:46 GMT
      expires:
      - '-1'
      pragma:
      - no-cache
      server:
      - Microsoft-IIS/10.0
      strict-transport-security:
      - max-age=31536000; includeSubDomains
      transfer-encoding:
      - chunked
      vary:
      - Accept-Encoding
      x-aspnet-version:
      - 4.0.30319
      x-content-type-options:
      - nosniff
      x-ms-keyvault-service-version:
      - 1.5.564.0
      x-powered-by:
      - ASP.NET
    status:
      code: 200
      message: OK
- request:
    body: null
    headers:
      Accept:
      - application/json
      Accept-Encoding:
      - gzip, deflate
      Connection:
      - keep-alive
      Content-Length:
      - '0'
      Content-Type:
      - application/json
      User-Agent:
      - azsdk-python-keyvault-keys/4.5.1 Python/3.8.9 (Windows-10-10.0.22621-SP0)
    method: POST
    uri: https://vault000002.vault.azure.net/keys/key000003/create?api-version=7.3
  response:
    body:
      string: '{"error":{"code":"Unauthorized","message":"AKV10000: Request is missing
        a Bearer or PoP token."}}'
    headers:
      cache-control:
      - no-cache
      content-length:
      - '97'
      content-type:
      - application/json; charset=utf-8
      date:
      - Thu, 17 Nov 2022 09:17:47 GMT
      expires:
      - '-1'
      pragma:
      - no-cache
      strict-transport-security:
      - max-age=31536000;includeSubDomains
      www-authenticate:
      - Bearer authorization="https://login.microsoftonline.com/54826b22-38d6-4fb2-bad9-b7b93a3e9c5a",
        resource="https://vault.azure.net"
      x-content-type-options:
      - nosniff
      x-ms-keyvault-network-info:
      - conn_type=Ipv4;addr=167.220.255.101;act_addr_fam=InterNetwork;
      x-ms-keyvault-region:
      - centraluseuap
      x-ms-keyvault-service-version:
      - 1.9.609.4
      x-powered-by:
      - ASP.NET
    status:
      code: 401
      message: Unauthorized
- request:
    body: '{"kty": "RSA", "attributes": {"enabled": true}}'
    headers:
      Accept:
      - application/json
      Accept-Encoding:
      - gzip, deflate
      Connection:
      - keep-alive
      Content-Length:
      - '47'
      Content-Type:
      - application/json
      User-Agent:
      - azsdk-python-keyvault-keys/4.5.1 Python/3.8.9 (Windows-10-10.0.22621-SP0)
    method: POST
    uri: https://vault000002.vault.azure.net/keys/key000003/create?api-version=7.3
  response:
    body:
      string: '{"key":{"kid":"https://vault000002.vault.azure.net/keys/key000003/4b4d7a22f342458f8767683ec1448b9d","kty":"RSA","key_ops":["encrypt","decrypt","sign","verify","wrapKey","unwrapKey"],"n":"trhMKY7wQpUTmDcAeQlGkpgI7FGpqR8y_8U9_8mPfEvrwbBuaRn4F2HgWI78wS9qikTGjZxqqY35QogSW3-gBa7EIXzCboAWljaQQQp6Nf32ubIzhb5jBwGPYZKpAIJI8STXbuaAzBh1xYMvug2PItgdVf8tMtNZMHWwVfX-2Cr6mD0v88mqbnSUs5-amJzP-iPxt5BGN1XP6PlferyIBwLg9lRayd9YItQ69F9WxW8uP2TE2B4ejwYbLx07zlGHpNf84Fjp8bBA-Bu6fQW0TVk0QqRiEsn3qRK3DCFoq-P0AlOkywwasZB81vOSaevM30xmt3LFT5Q_XDq0uOJyKQ","e":"AQAB"},"attributes":{"enabled":true,"created":1668676669,"updated":1668676669,"recoveryLevel":"CustomizedRecoverable","recoverableDays":7,"exportable":false}}'
    headers:
      cache-control:
      - no-cache
      content-length:
      - '694'
      content-type:
      - application/json; charset=utf-8
      date:
      - Thu, 17 Nov 2022 09:17:48 GMT
      expires:
      - '-1'
      pragma:
      - no-cache
      strict-transport-security:
      - max-age=31536000;includeSubDomains
      x-content-type-options:
      - nosniff
      x-ms-keyvault-network-info:
      - conn_type=Ipv4;addr=167.220.255.101;act_addr_fam=InterNetwork;
      x-ms-keyvault-region:
      - centraluseuap
      x-ms-keyvault-service-version:
      - 1.9.609.4
      x-powered-by:
      - ASP.NET
    status:
      code: 200
      message: OK
- request:
    body: null
    headers:
      Accept:
      - application/json
      Accept-Encoding:
      - gzip, deflate
      CommandName:
      - disk-encryption-set create
      Connection:
      - keep-alive
      ParameterSetName:
      - -g -n --key-url --source-vault --encryption-type
      User-Agent:
      - AZURECLI/2.42.0 (PIP) azsdk-python-azure-mgmt-resource/21.1.0b1 Python/3.8.9
        (Windows-10-10.0.22621-SP0)
    method: GET
    uri: https://management.azure.com/subscriptions/00000000-0000-0000-0000-000000000000/resourcegroups/cli_test_os_disk_security_encryption000001?api-version=2021-04-01
  response:
    body:
      string: '{"id":"/subscriptions/00000000-0000-0000-0000-000000000000/resourceGroups/cli_test_os_disk_security_encryption000001","name":"cli_test_os_disk_security_encryption000001","type":"Microsoft.Resources/resourceGroups","location":"centraluseuap","tags":{"product":"azurecli","cause":"automation","date":"2022-11-17T09:17:00Z"},"properties":{"provisioningState":"Succeeded"}}'
    headers:
      cache-control:
      - no-cache
      content-length:
      - '369'
      content-type:
      - application/json; charset=utf-8
      date:
      - Thu, 17 Nov 2022 09:17:50 GMT
      expires:
      - '-1'
      pragma:
      - no-cache
      strict-transport-security:
      - max-age=31536000; includeSubDomains
      vary:
      - Accept-Encoding
      x-content-type-options:
      - nosniff
    status:
      code: 200
      message: OK
- request:
    body: '{"location": "centraluseuap", "identity": {"type": "SystemAssigned"}, "properties":
      {"encryptionType": "ConfidentialVmEncryptedWithCustomerKey", "activeKey": {"sourceVault":
      {"id": "/subscriptions/00000000-0000-0000-0000-000000000000/resourceGroups/cli_test_os_disk_security_encryption000001/providers/Microsoft.KeyVault/vaults/vault000002"},
      "keyUrl": "https://vault000002.vault.azure.net/keys/key000003/4b4d7a22f342458f8767683ec1448b9d"}}}'
    headers:
      Accept:
      - application/json
      Accept-Encoding:
      - gzip, deflate
      CommandName:
      - disk-encryption-set create
      Connection:
      - keep-alive
      Content-Length:
      - '441'
      Content-Type:
      - application/json
      ParameterSetName:
      - -g -n --key-url --source-vault --encryption-type
      User-Agent:
      - AZURECLI/2.42.0 (PIP) azsdk-python-azure-mgmt-compute/29.0.0 Python/3.8.9
        (Windows-10-10.0.22621-SP0)
    method: PUT
    uri: https://management.azure.com/subscriptions/00000000-0000-0000-0000-000000000000/resourceGroups/cli_test_os_disk_security_encryption000001/providers/Microsoft.Compute/diskEncryptionSets/des1000004?api-version=2022-03-02
  response:
    body:
      string: "{\r\n  \"location\": \"centraluseuap\",\r\n  \"identity\": {\r\n    \"type\":
        \"SystemAssigned\"\r\n  },\r\n  \"properties\": {\r\n    \"activeKey\": {\r\n
        \     \"sourceVault\": {\r\n        \"id\": \"/subscriptions/00000000-0000-0000-0000-000000000000/resourceGroups/cli_test_os_disk_security_encryption000001/providers/Microsoft.KeyVault/vaults/vault000002\"\r\n
        \     },\r\n      \"keyUrl\": \"https://vault000002.vault.azure.net/keys/key000003/4b4d7a22f342458f8767683ec1448b9d\"\r\n
        \   },\r\n    \"encryptionType\": \"ConfidentialVmEncryptedWithCustomerKey\",\r\n
        \   \"provisioningState\": \"Updating\"\r\n  }\r\n}"
    headers:
      azure-asyncoperation:
      - https://management.azure.com/subscriptions/00000000-0000-0000-0000-000000000000/providers/Microsoft.Compute/locations/centraluseuap/DiskOperations/912a23dc-fdc0-461e-9c0f-09db02440090?p=157f1a74-df5f-47b0-a815-476d8af3dce4&api-version=2022-03-02
      cache-control:
      - no-cache
      content-length:
      - '555'
      content-type:
      - application/json; charset=utf-8
      date:
      - Thu, 17 Nov 2022 09:17:56 GMT
      expires:
      - '-1'
      location:
      - https://management.azure.com/subscriptions/00000000-0000-0000-0000-000000000000/providers/Microsoft.Compute/locations/centraluseuap/DiskOperations/912a23dc-fdc0-461e-9c0f-09db02440090?p=157f1a74-df5f-47b0-a815-476d8af3dce4&monitor=true&api-version=2022-03-02
      pragma:
      - no-cache
      server:
      - Microsoft-HTTPAPI/2.0
      - Microsoft-HTTPAPI/2.0
      strict-transport-security:
      - max-age=31536000; includeSubDomains
      x-content-type-options:
      - nosniff
      x-ms-ratelimit-remaining-resource:
      - Microsoft.Compute/CreateUpdateHighCostDiskEncryptionSet3Min;99,Microsoft.Compute/CreateUpdateHighCostDiskEncryptionSet30Min;299
      x-ms-ratelimit-remaining-subscription-writes:
      - '1199'
    status:
      code: 202
      message: Accepted
- request:
    body: null
    headers:
      Accept:
      - '*/*'
      Accept-Encoding:
      - gzip, deflate
      CommandName:
      - disk-encryption-set create
      Connection:
      - keep-alive
      ParameterSetName:
      - -g -n --key-url --source-vault --encryption-type
      User-Agent:
      - AZURECLI/2.42.0 (PIP) azsdk-python-azure-mgmt-compute/29.0.0 Python/3.8.9
        (Windows-10-10.0.22621-SP0)
    method: GET
    uri: https://management.azure.com/subscriptions/00000000-0000-0000-0000-000000000000/providers/Microsoft.Compute/locations/centraluseuap/DiskOperations/912a23dc-fdc0-461e-9c0f-09db02440090?p=157f1a74-df5f-47b0-a815-476d8af3dce4&api-version=2022-03-02
  response:
    body:
      string: "{\r\n  \"startTime\": \"2022-11-17T09:17:56.8495624+00:00\",\r\n  \"endTime\":
        \"2022-11-17T09:17:56.9276521+00:00\",\r\n  \"status\": \"Succeeded\",\r\n
        \ \"properties\": {\r\n    \"output\": {\"name\":\"des1000004\",\"id\":\"/subscriptions/00000000-0000-0000-0000-000000000000/resourceGroups/cli_test_os_disk_security_encryption000001/providers/Microsoft.Compute/diskEncryptionSets/des1000004\",\"type\":\"Microsoft.Compute/diskEncryptionSets\",\"location\":\"centraluseuap\",\"identity\":{\"type\":\"SystemAssigned\",\"principalId\":\"da63cfeb-7725-4e2f-81db-f5e30f8a2cb0\",\"tenantId\":\"54826b22-38d6-4fb2-bad9-b7b93a3e9c5a\"},\"properties\":{\"activeKey\":{\"sourceVault\":{\"id\":\"/subscriptions/00000000-0000-0000-0000-000000000000/resourceGroups/cli_test_os_disk_security_encryption000001/providers/Microsoft.KeyVault/vaults/vault000002\"},\"keyUrl\":\"https://vault000002.vault.azure.net/keys/key000003/4b4d7a22f342458f8767683ec1448b9d\"},\"encryptionType\":\"ConfidentialVmEncryptedWithCustomerKey\",\"provisioningState\":\"Succeeded\"}}\r\n
        \ },\r\n  \"name\": \"912a23dc-fdc0-461e-9c0f-09db02440090\"\r\n}"
    headers:
      cache-control:
      - no-cache
      content-length:
      - '1029'
      content-type:
      - application/json; charset=utf-8
      date:
      - Thu, 17 Nov 2022 09:18:26 GMT
      expires:
      - '-1'
      pragma:
      - no-cache
      server:
      - Microsoft-HTTPAPI/2.0
      - Microsoft-HTTPAPI/2.0
      strict-transport-security:
      - max-age=31536000; includeSubDomains
      transfer-encoding:
      - chunked
      vary:
      - Accept-Encoding
      x-content-type-options:
      - nosniff
      x-ms-ratelimit-remaining-resource:
      - Microsoft.Compute/GetOperation3Min;49998,Microsoft.Compute/GetOperation30Min;399998
    status:
      code: 200
      message: OK
- request:
    body: null
    headers:
      Accept:
      - '*/*'
      Accept-Encoding:
      - gzip, deflate
      CommandName:
      - disk-encryption-set create
      Connection:
      - keep-alive
      ParameterSetName:
      - -g -n --key-url --source-vault --encryption-type
      User-Agent:
      - AZURECLI/2.42.0 (PIP) azsdk-python-azure-mgmt-compute/29.0.0 Python/3.8.9
        (Windows-10-10.0.22621-SP0)
    method: GET
    uri: https://management.azure.com/subscriptions/00000000-0000-0000-0000-000000000000/resourceGroups/cli_test_os_disk_security_encryption000001/providers/Microsoft.Compute/diskEncryptionSets/des1000004?api-version=2022-03-02
  response:
    body:
      string: "{\r\n  \"name\": \"des1000004\",\r\n  \"id\": \"/subscriptions/00000000-0000-0000-0000-000000000000/resourceGroups/cli_test_os_disk_security_encryption000001/providers/Microsoft.Compute/diskEncryptionSets/des1000004\",\r\n
        \ \"type\": \"Microsoft.Compute/diskEncryptionSets\",\r\n  \"location\": \"centraluseuap\",\r\n
        \ \"identity\": {\r\n    \"type\": \"SystemAssigned\",\r\n    \"principalId\":
        \"da63cfeb-7725-4e2f-81db-f5e30f8a2cb0\",\r\n    \"tenantId\": \"54826b22-38d6-4fb2-bad9-b7b93a3e9c5a\"\r\n
        \ },\r\n  \"properties\": {\r\n    \"activeKey\": {\r\n      \"sourceVault\":
        {\r\n        \"id\": \"/subscriptions/00000000-0000-0000-0000-000000000000/resourceGroups/cli_test_os_disk_security_encryption000001/providers/Microsoft.KeyVault/vaults/vault000002\"\r\n
        \     },\r\n      \"keyUrl\": \"https://vault000002.vault.azure.net/keys/key000003/4b4d7a22f342458f8767683ec1448b9d\"\r\n
        \   },\r\n    \"encryptionType\": \"ConfidentialVmEncryptedWithCustomerKey\",\r\n
        \   \"provisioningState\": \"Succeeded\"\r\n  }\r\n}"
    headers:
      cache-control:
      - no-cache
      content-length:
      - '929'
      content-type:
      - application/json; charset=utf-8
      date:
      - Thu, 17 Nov 2022 09:18:27 GMT
      expires:
      - '-1'
      pragma:
      - no-cache
      server:
      - Microsoft-HTTPAPI/2.0
      - Microsoft-HTTPAPI/2.0
      strict-transport-security:
      - max-age=31536000; includeSubDomains
      transfer-encoding:
      - chunked
      vary:
      - Accept-Encoding
      x-content-type-options:
      - nosniff
      x-ms-ratelimit-remaining-resource:
      - Microsoft.Compute/LowCostGet3Min;14997,Microsoft.Compute/LowCostGet30Min;119988
    status:
      code: 200
      message: OK
- request:
    body: null
    headers:
      Accept:
      - application/json
      Accept-Encoding:
      - gzip, deflate
      CommandName:
      - disk-encryption-set show
      Connection:
      - keep-alive
      ParameterSetName:
      - -g -n
      User-Agent:
      - AZURECLI/2.42.0 (PIP) azsdk-python-azure-mgmt-compute/29.0.0 Python/3.8.9
        (Windows-10-10.0.22621-SP0)
    method: GET
    uri: https://management.azure.com/subscriptions/00000000-0000-0000-0000-000000000000/resourceGroups/cli_test_os_disk_security_encryption000001/providers/Microsoft.Compute/diskEncryptionSets/des1000004?api-version=2022-03-02
  response:
    body:
      string: "{\r\n  \"name\": \"des1000004\",\r\n  \"id\": \"/subscriptions/00000000-0000-0000-0000-000000000000/resourceGroups/cli_test_os_disk_security_encryption000001/providers/Microsoft.Compute/diskEncryptionSets/des1000004\",\r\n
        \ \"type\": \"Microsoft.Compute/diskEncryptionSets\",\r\n  \"location\": \"centraluseuap\",\r\n
        \ \"identity\": {\r\n    \"type\": \"SystemAssigned\",\r\n    \"principalId\":
        \"da63cfeb-7725-4e2f-81db-f5e30f8a2cb0\",\r\n    \"tenantId\": \"54826b22-38d6-4fb2-bad9-b7b93a3e9c5a\"\r\n
        \ },\r\n  \"properties\": {\r\n    \"activeKey\": {\r\n      \"sourceVault\":
        {\r\n        \"id\": \"/subscriptions/00000000-0000-0000-0000-000000000000/resourceGroups/cli_test_os_disk_security_encryption000001/providers/Microsoft.KeyVault/vaults/vault000002\"\r\n
        \     },\r\n      \"keyUrl\": \"https://vault000002.vault.azure.net/keys/key000003/4b4d7a22f342458f8767683ec1448b9d\"\r\n
        \   },\r\n    \"encryptionType\": \"ConfidentialVmEncryptedWithCustomerKey\",\r\n
        \   \"provisioningState\": \"Succeeded\"\r\n  }\r\n}"
    headers:
      cache-control:
      - no-cache
      content-length:
      - '929'
      content-type:
      - application/json; charset=utf-8
      date:
      - Thu, 17 Nov 2022 09:18:30 GMT
      expires:
      - '-1'
      pragma:
      - no-cache
      server:
      - Microsoft-HTTPAPI/2.0
      - Microsoft-HTTPAPI/2.0
      strict-transport-security:
      - max-age=31536000; includeSubDomains
      transfer-encoding:
      - chunked
      vary:
      - Accept-Encoding
      x-content-type-options:
      - nosniff
      x-ms-ratelimit-remaining-resource:
      - Microsoft.Compute/LowCostGet3Min;14996,Microsoft.Compute/LowCostGet30Min;119987
    status:
      code: 200
      message: OK
- request:
    body: null
    headers:
      Accept:
      - application/json
      Accept-Encoding:
      - gzip, deflate
      CommandName:
      - keyvault set-policy
      Connection:
      - keep-alive
      ParameterSetName:
      - -n --object-id --key-permissions
      User-Agent:
      - AZURECLI/2.42.0 (PIP) azsdk-python-azure-mgmt-keyvault/10.1.0 Python/3.8.9
        (Windows-10-10.0.22621-SP0)
    method: GET
    uri: https://management.azure.com/subscriptions/00000000-0000-0000-0000-000000000000/resources?$filter=resourceType%20eq%20%27Microsoft.KeyVault%2Fvaults%27&api-version=2015-11-01
  response:
    body:
      string: '{"value":[{"id":"/subscriptions/00000000-0000-0000-0000-000000000000/resourceGroups/AzurePowerShellLiveTest/providers/Microsoft.KeyVault/vaults/LiveTestServicePrincipal","name":"LiveTestServicePrincipal","type":"Microsoft.KeyVault/vaults","location":"westus","tags":{}},{"id":"/subscriptions/00000000-0000-0000-0000-000000000000/resourceGroups/bez-rg/providers/Microsoft.KeyVault/vaults/bez-kv","name":"bez-kv","type":"Microsoft.KeyVault/vaults","location":"eastus","tags":{}},{"id":"/subscriptions/00000000-0000-0000-0000-000000000000/resourceGroups/bez-rg/providers/Microsoft.KeyVault/vaults/bez-kv1117","name":"bez-kv1117","type":"Microsoft.KeyVault/vaults","location":"eastus","tags":{}},{"id":"/subscriptions/00000000-0000-0000-0000-000000000000/resourceGroups/cli_test_os_disk_security_encryption000001/providers/Microsoft.KeyVault/vaults/vault000002","name":"vault000002","type":"Microsoft.KeyVault/vaults","location":"centraluseuap","tags":{}},{"id":"/subscriptions/00000000-0000-0000-0000-000000000000/resourceGroups/hang-rg/providers/Microsoft.KeyVault/vaults/hangkey","name":"hangkey","type":"Microsoft.KeyVault/vaults","location":"koreasouth","tags":{"kk":"kk","zz":"kk","--kk":"zz"}},{"id":"/subscriptions/00000000-0000-0000-0000-000000000000/resourceGroups/yishitest/providers/Microsoft.KeyVault/vaults/ystestkv","name":"ystestkv","type":"Microsoft.KeyVault/vaults","location":"eastus","tags":{}},{"id":"/subscriptions/00000000-0000-0000-0000-000000000000/resourceGroups/zytest/providers/Microsoft.KeyVault/vaults/zytest-load-kv","name":"zytest-load-kv","type":"Microsoft.KeyVault/vaults","location":"eastus2euap","tags":{}}]}'
    headers:
      cache-control:
      - no-cache
      content-length:
      - '1640'
      content-type:
      - application/json; charset=utf-8
      date:
      - Thu, 17 Nov 2022 09:18:30 GMT
      expires:
      - '-1'
      pragma:
      - no-cache
      strict-transport-security:
      - max-age=31536000; includeSubDomains
      vary:
      - Accept-Encoding
      x-content-type-options:
      - nosniff
    status:
      code: 200
      message: OK
- request:
    body: null
    headers:
      Accept:
      - application/json
      Accept-Encoding:
      - gzip, deflate
      CommandName:
      - keyvault set-policy
      Connection:
      - keep-alive
      ParameterSetName:
      - -n --object-id --key-permissions
      User-Agent:
      - AZURECLI/2.42.0 (PIP) azsdk-python-azure-mgmt-keyvault/10.1.0 Python/3.8.9
        (Windows-10-10.0.22621-SP0)
    method: GET
    uri: https://management.azure.com/subscriptions/00000000-0000-0000-0000-000000000000/resourceGroups/cli_test_os_disk_security_encryption000001/providers/Microsoft.KeyVault/vaults/vault000002?api-version=2022-07-01
  response:
    body:
      string: '{"id":"/subscriptions/00000000-0000-0000-0000-000000000000/resourceGroups/cli_test_os_disk_security_encryption000001/providers/Microsoft.KeyVault/vaults/vault000002","name":"vault000002","type":"Microsoft.KeyVault/vaults","location":"centraluseuap","tags":{},"systemData":{"createdBy":"v-jingszhang@microsoft.com","createdByType":"User","createdAt":"2022-11-17T09:17:12.98Z","lastModifiedBy":"v-jingszhang@microsoft.com","lastModifiedByType":"User","lastModifiedAt":"2022-11-17T09:17:12.98Z"},"properties":{"sku":{"family":"A","name":"standard"},"tenantId":"54826b22-38d6-4fb2-bad9-b7b93a3e9c5a","accessPolicies":[{"tenantId":"54826b22-38d6-4fb2-bad9-b7b93a3e9c5a","objectId":"d44a2991-98c6-47c3-b59b-2b30d72cfcc2","permissions":{"keys":["all"],"secrets":["all"],"certificates":["all"],"storage":["all"]}}],"enabledForDeployment":false,"enableSoftDelete":true,"softDeleteRetentionInDays":7,"enablePurgeProtection":true,"vaultUri":"https://vault000002.vault.azure.net/","provisioningState":"Succeeded","publicNetworkAccess":"Enabled"}}'
    headers:
      cache-control:
      - no-cache
      content-length:
      - '1034'
      content-type:
      - application/json; charset=utf-8
      date:
      - Thu, 17 Nov 2022 09:18:32 GMT
      expires:
      - '-1'
      pragma:
      - no-cache
      server:
      - Microsoft-IIS/10.0
      strict-transport-security:
      - max-age=31536000; includeSubDomains
      transfer-encoding:
      - chunked
      vary:
      - Accept-Encoding
      x-aspnet-version:
      - 4.0.30319
      x-content-type-options:
      - nosniff
      x-ms-keyvault-service-version:
      - 1.5.564.0
      x-powered-by:
      - ASP.NET
    status:
      code: 200
      message: OK
- request:
    body: '{"location": "centraluseuap", "tags": {}, "properties": {"tenantId": "54826b22-38d6-4fb2-bad9-b7b93a3e9c5a",
      "sku": {"family": "A", "name": "standard"}, "accessPolicies": [{"tenantId":
      "54826b22-38d6-4fb2-bad9-b7b93a3e9c5a", "objectId": "d44a2991-98c6-47c3-b59b-2b30d72cfcc2",
      "permissions": {"keys": ["all"], "secrets": ["all"], "certificates": ["all"],
      "storage": ["all"]}}, {"tenantId": "54826b22-38d6-4fb2-bad9-b7b93a3e9c5a", "objectId":
      "da63cfeb-7725-4e2f-81db-f5e30f8a2cb0", "permissions": {"keys": ["unwrapKey",
      "get", "wrapKey"]}}], "vaultUri": "https://vault000002.vault.azure.net/", "enabledForDeployment":
      false, "enableSoftDelete": true, "softDeleteRetentionInDays": 7, "enablePurgeProtection":
      true, "provisioningState": "Succeeded", "publicNetworkAccess": "Enabled"}}'
    headers:
      Accept:
      - application/json
      Accept-Encoding:
      - gzip, deflate
      CommandName:
      - keyvault set-policy
      Connection:
      - keep-alive
      Content-Length:
      - '782'
      Content-Type:
      - application/json
      ParameterSetName:
      - -n --object-id --key-permissions
      User-Agent:
      - AZURECLI/2.42.0 (PIP) azsdk-python-azure-mgmt-keyvault/10.1.0 Python/3.8.9
        (Windows-10-10.0.22621-SP0)
    method: PUT
    uri: https://management.azure.com/subscriptions/00000000-0000-0000-0000-000000000000/resourceGroups/cli_test_os_disk_security_encryption000001/providers/Microsoft.KeyVault/vaults/vault000002?api-version=2022-07-01
  response:
    body:
      string: '{"id":"/subscriptions/00000000-0000-0000-0000-000000000000/resourceGroups/cli_test_os_disk_security_encryption000001/providers/Microsoft.KeyVault/vaults/vault000002","name":"vault000002","type":"Microsoft.KeyVault/vaults","location":"centraluseuap","tags":{},"systemData":{"createdBy":"v-jingszhang@microsoft.com","createdByType":"User","createdAt":"2022-11-17T09:17:12.98Z","lastModifiedBy":"v-jingszhang@microsoft.com","lastModifiedByType":"User","lastModifiedAt":"2022-11-17T09:18:34.122Z"},"properties":{"sku":{"family":"A","name":"standard"},"tenantId":"54826b22-38d6-4fb2-bad9-b7b93a3e9c5a","accessPolicies":[{"tenantId":"54826b22-38d6-4fb2-bad9-b7b93a3e9c5a","objectId":"d44a2991-98c6-47c3-b59b-2b30d72cfcc2","permissions":{"keys":["all"],"secrets":["all"],"certificates":["all"],"storage":["all"]}},{"tenantId":"54826b22-38d6-4fb2-bad9-b7b93a3e9c5a","objectId":"da63cfeb-7725-4e2f-81db-f5e30f8a2cb0","permissions":{"keys":["unwrapKey","get","wrapKey"]}}],"enabledForDeployment":false,"enableSoftDelete":true,"softDeleteRetentionInDays":7,"enablePurgeProtection":true,"vaultUri":"https://vault000002.vault.azure.net/","provisioningState":"Succeeded","publicNetworkAccess":"Enabled"}}'
    headers:
      cache-control:
      - no-cache
      content-length:
      - '1190'
      content-type:
      - application/json; charset=utf-8
      date:
      - Thu, 17 Nov 2022 09:18:33 GMT
      expires:
      - '-1'
      pragma:
      - no-cache
      server:
      - Microsoft-IIS/10.0
      strict-transport-security:
      - max-age=31536000; includeSubDomains
      transfer-encoding:
      - chunked
      vary:
      - Accept-Encoding
      x-aspnet-version:
      - 4.0.30319
      x-content-type-options:
      - nosniff
      x-ms-keyvault-service-version:
      - 1.5.564.0
      x-ms-ratelimit-remaining-subscription-writes:
      - '1193'
      x-powered-by:
      - ASP.NET
    status:
      code: 200
      message: OK
- request:
    body: null
    headers:
      Accept:
      - '*/*'
      Accept-Encoding:
      - gzip, deflate
      CommandName:
      - role assignment create
      Connection:
      - keep-alive
      ParameterSetName:
      - --assignee --role --scope
      User-Agent:
      - python/3.8.9 (Windows-10-10.0.22621-SP0) AZURECLI/2.42.0 (PIP)
    method: GET
    uri: https://graph.microsoft.com/v1.0/servicePrincipals?$filter=servicePrincipalNames%2Fany%28c%3Ac%20eq%20%27da63cfeb-7725-4e2f-81db-f5e30f8a2cb0%27%29
  response:
    body:
      string: '{"@odata.context":"https://graph.microsoft.com/v1.0/$metadata#servicePrincipals","value":[]}'
    headers:
      cache-control:
      - no-cache
      content-length:
      - '92'
      content-type:
      - application/json;odata.metadata=minimal;odata.streaming=true;IEEE754Compatible=false;charset=utf-8
      date:
      - Thu, 17 Nov 2022 09:18:52 GMT
      odata-version:
      - '4.0'
      request-id:
      - 6a6b0a82-ce7c-4d68-8614-750e6e9bee19
      strict-transport-security:
      - max-age=31536000
      transfer-encoding:
      - chunked
      vary:
      - Accept-Encoding
      x-ms-ags-diagnostic:
      - '{"ServerInfo":{"DataCenter":"Southeast Asia","Slice":"E","Ring":"5","ScaleUnit":"002","RoleInstance":"SG1PEPF00003E69"}}'
      x-ms-resource-unit:
      - '1'
    status:
      code: 200
      message: OK
- request:
    body: '{"ids": ["da63cfeb-7725-4e2f-81db-f5e30f8a2cb0"], "types": ["user", "group",
      "servicePrincipal", "directoryObjectPartnerReference"]}'
    headers:
      Accept:
      - '*/*'
      Accept-Encoding:
      - gzip, deflate
      CommandName:
      - role assignment create
      Connection:
      - keep-alive
      Content-Length:
      - '132'
      Content-Type:
      - application/json
      ParameterSetName:
      - --assignee --role --scope
      User-Agent:
      - python/3.8.9 (Windows-10-10.0.22621-SP0) AZURECLI/2.42.0 (PIP)
    method: POST
    uri: https://graph.microsoft.com/v1.0/directoryObjects/getByIds
  response:
    body:
      string: '{"@odata.context":"https://graph.microsoft.com/v1.0/$metadata#directoryObjects","value":[{"@odata.type":"#microsoft.graph.servicePrincipal","id":"da63cfeb-7725-4e2f-81db-f5e30f8a2cb0","deletedDateTime":null,"accountEnabled":true,"alternativeNames":["isExplicit=False","/subscriptions/00000000-0000-0000-0000-000000000000/resourcegroups/cli_test_os_disk_security_encryption000001/providers/Microsoft.Compute/diskEncryptionSets/des1000004"],"appDisplayName":null,"appDescription":null,"appId":"6d3f5024-4902-44a5-83be-4cd4cfa97ae6","applicationTemplateId":null,"appOwnerOrganizationId":null,"appRoleAssignmentRequired":false,"createdDateTime":"2022-11-17T09:17:55Z","description":null,"disabledByMicrosoftStatus":null,"displayName":"des1000004","homepage":null,"loginUrl":null,"logoutUrl":null,"notes":null,"notificationEmailAddresses":[],"preferredSingleSignOnMode":null,"preferredTokenSigningKeyThumbprint":null,"replyUrls":[],"servicePrincipalNames":["6d3f5024-4902-44a5-83be-4cd4cfa97ae6","https://identity.azure.net/LRRDJyhJYAznk4OyEwgP07Y22vi4P5qrROWzapHSlkU="],"servicePrincipalType":"ManagedIdentity","signInAudience":null,"tags":[],"tokenEncryptionKeyId":null,"info":null,"samlSingleSignOnSettings":null,"addIns":[],"appRoles":[],"keyCredentials":[{"customKeyIdentifier":"FA60598FC7EA3A195A80CB502F6F09AD1ABDC75E","displayName":"CN=6d3f5024-4902-44a5-83be-4cd4cfa97ae6,
        DC=54826b22-38d6-4fb2-bad9-b7b93a3e9c5a","endDateTime":"2023-02-15T09:12:00Z","key":null,"keyId":"d76cdb61-6a1c-4c54-a883-f62a69266678","startDateTime":"2022-11-17T09:12:00Z","type":"AsymmetricX509Cert","usage":"Verify"}],"oauth2PermissionScopes":[],"passwordCredentials":[],"resourceSpecificApplicationPermissions":[],"verifiedPublisher":{"displayName":null,"verifiedPublisherId":null,"addedDateTime":null}}]}'
    headers:
      cache-control:
      - no-cache
      content-length:
      - '1787'
      content-type:
      - application/json;odata.metadata=minimal;odata.streaming=true;IEEE754Compatible=false;charset=utf-8
      date:
      - Thu, 17 Nov 2022 09:18:52 GMT
      location:
      - https://graph.microsoft.com
      odata-version:
      - '4.0'
      request-id:
      - ef8c0c29-25d1-44ef-beda-b3268f7450ed
      strict-transport-security:
      - max-age=31536000
      transfer-encoding:
      - chunked
      vary:
      - Accept-Encoding
      x-ms-ags-diagnostic:
      - '{"ServerInfo":{"DataCenter":"Southeast Asia","Slice":"E","Ring":"5","ScaleUnit":"002","RoleInstance":"SG1PEPF00001302"}}'
      x-ms-resource-unit:
      - '3'
    status:
      code: 200
      message: OK
- request:
    body: null
    headers:
      Accept:
      - application/json
      Accept-Encoding:
      - gzip, deflate
      CommandName:
      - role assignment create
      Connection:
      - keep-alive
      ParameterSetName:
      - --assignee --role --scope
      User-Agent:
      - python/3.8.9 (Windows-10-10.0.22621-SP0) msrest/0.7.1 msrest_azure/0.6.4 azure-mgmt-authorization/0.61.0
        Azure-SDK-For-Python AZURECLI/2.42.0 (PIP)
      accept-language:
      - en-US
    method: GET
    uri: https://management.azure.com/subscriptions/00000000-0000-0000-0000-000000000000/resourceGroups/cli_test_os_disk_security_encryption000001/providers/Microsoft.KeyVault/vaults/vault000002/providers/Microsoft.Authorization/roleDefinitions?$filter=roleName%20eq%20%27Reader%27&api-version=2018-01-01-preview
  response:
    body:
      string: '{"value":[{"properties":{"roleName":"Reader","type":"BuiltInRole","description":"View
        all resources, but does not allow you to make any changes.","assignableScopes":["/"],"permissions":[{"actions":["*/read"],"notActions":[],"dataActions":[],"notDataActions":[]}],"createdOn":"2015-02-02T21:55:09.8806423Z","updatedOn":"2021-11-11T20:13:47.8628684Z","createdBy":null,"updatedBy":null},"id":"/subscriptions/00000000-0000-0000-0000-000000000000/providers/Microsoft.Authorization/roleDefinitions/acdd72a7-3385-48ef-bd42-f606fba81ae7","type":"Microsoft.Authorization/roleDefinitions","name":"acdd72a7-3385-48ef-bd42-f606fba81ae7"}]}'
    headers:
      cache-control:
      - no-cache
      content-length:
      - '627'
      content-type:
      - application/json; charset=utf-8
      date:
      - Thu, 17 Nov 2022 09:18:55 GMT
      expires:
      - '-1'
      pragma:
      - no-cache
      set-cookie:
      - x-ms-gateway-slice=Production; path=/; secure; samesite=none; httponly
      strict-transport-security:
      - max-age=31536000; includeSubDomains
      transfer-encoding:
      - chunked
      vary:
      - Accept-Encoding
      x-content-type-options:
      - nosniff
    status:
      code: 200
      message: OK
- request:
    body: '{"properties": {"roleDefinitionId": "/subscriptions/00000000-0000-0000-0000-000000000000/providers/Microsoft.Authorization/roleDefinitions/acdd72a7-3385-48ef-bd42-f606fba81ae7",
      "principalId": "da63cfeb-7725-4e2f-81db-f5e30f8a2cb0", "principalType": "ServicePrincipal"}}'
    headers:
      Accept:
      - application/json
      Accept-Encoding:
      - gzip, deflate
      CommandName:
      - role assignment create
      Connection:
      - keep-alive
      Content-Length:
      - '270'
      Content-Type:
      - application/json; charset=utf-8
      Cookie:
      - x-ms-gateway-slice=Production
      ParameterSetName:
      - --assignee --role --scope
      User-Agent:
      - python/3.8.9 (Windows-10-10.0.22621-SP0) msrest/0.7.1 msrest_azure/0.6.4 azure-mgmt-authorization/0.61.0
        Azure-SDK-For-Python AZURECLI/2.42.0 (PIP)
      accept-language:
      - en-US
    method: PUT
    uri: https://management.azure.com/subscriptions/00000000-0000-0000-0000-000000000000/resourceGroups/cli_test_os_disk_security_encryption000001/providers/Microsoft.KeyVault/vaults/vault000002/providers/Microsoft.Authorization/roleAssignments/88888888-0000-0000-0000-000000000001?api-version=2020-04-01-preview
  response:
    body:
      string: '{"properties":{"roleDefinitionId":"/subscriptions/00000000-0000-0000-0000-000000000000/providers/Microsoft.Authorization/roleDefinitions/acdd72a7-3385-48ef-bd42-f606fba81ae7","principalId":"da63cfeb-7725-4e2f-81db-f5e30f8a2cb0","principalType":"ServicePrincipal","scope":"/subscriptions/00000000-0000-0000-0000-000000000000/resourceGroups/cli_test_os_disk_security_encryption000001/providers/Microsoft.KeyVault/vaults/vault000002","condition":null,"conditionVersion":null,"createdOn":"2022-11-17T09:18:55.9096233Z","updatedOn":"2022-11-17T09:18:56.5190608Z","createdBy":null,"updatedBy":"d44a2991-98c6-47c3-b59b-2b30d72cfcc2","delegatedManagedIdentityResourceId":null,"description":null},"id":"/subscriptions/00000000-0000-0000-0000-000000000000/resourceGroups/cli_test_os_disk_security_encryption000001/providers/Microsoft.KeyVault/vaults/vault000002/providers/Microsoft.Authorization/roleAssignments/88888888-0000-0000-0000-000000000001","type":"Microsoft.Authorization/roleAssignments","name":"88888888-0000-0000-0000-000000000001"}'
    headers:
      cache-control:
      - no-cache
      content-length:
      - '1035'
      content-type:
      - application/json; charset=utf-8
      date:
      - Thu, 17 Nov 2022 09:19:04 GMT
      expires:
      - '-1'
      pragma:
      - no-cache
      strict-transport-security:
      - max-age=31536000; includeSubDomains
      x-content-type-options:
      - nosniff
      x-ms-ratelimit-remaining-subscription-writes:
      - '1193'
    status:
      code: 201
      message: Created
- request:
    body: null
    headers:
      Accept:
      - application/json
      Accept-Encoding:
      - gzip, deflate
      CommandName:
      - vm create
      Connection:
      - keep-alive
      ParameterSetName:
      - -n -g --size --security-type --image --admin-username --admin-password --enable-vtpm
        --enable-secure-boot --os-disk-security-encryption-type --os-disk-secure-vm-disk-encryption-set
      User-Agent:
      - AZURECLI/2.42.0 (PIP) azsdk-python-azure-mgmt-resource/21.1.0b1 Python/3.8.9
        (Windows-10-10.0.22621-SP0)
    method: GET
    uri: https://management.azure.com/subscriptions/00000000-0000-0000-0000-000000000000/resourcegroups/cli_test_os_disk_security_encryption000001?api-version=2021-04-01
  response:
    body:
      string: '{"id":"/subscriptions/00000000-0000-0000-0000-000000000000/resourceGroups/cli_test_os_disk_security_encryption000001","name":"cli_test_os_disk_security_encryption000001","type":"Microsoft.Resources/resourceGroups","location":"centraluseuap","tags":{"product":"azurecli","cause":"automation","date":"2022-11-17T09:17:00Z"},"properties":{"provisioningState":"Succeeded"}}'
    headers:
      cache-control:
      - no-cache
      content-length:
      - '369'
      content-type:
      - application/json; charset=utf-8
      date:
      - Thu, 17 Nov 2022 09:19:33 GMT
      expires:
      - '-1'
      pragma:
      - no-cache
      strict-transport-security:
      - max-age=31536000; includeSubDomains
      vary:
      - Accept-Encoding
      x-content-type-options:
      - nosniff
    status:
      code: 200
      message: OK
- request:
    body: null
    headers:
      Accept:
      - application/json
      Accept-Encoding:
      - gzip, deflate
      CommandName:
      - vm create
      Connection:
      - keep-alive
      ParameterSetName:
      - -n -g --size --security-type --image --admin-username --admin-password --enable-vtpm
        --enable-secure-boot --os-disk-security-encryption-type --os-disk-secure-vm-disk-encryption-set
      User-Agent:
      - AZURECLI/2.42.0 (PIP) azsdk-python-azure-mgmt-compute/29.0.0 Python/3.8.9
        (Windows-10-10.0.22621-SP0)
    method: GET
    uri: https://management.azure.com/subscriptions/00000000-0000-0000-0000-000000000000/providers/Microsoft.Compute/locations/centraluseuap/publishers/MicrosoftWindowsServer/artifacttypes/vmimage/offers/WindowsServer/skus/2022-datacenter-smalldisk-g2/versions?$top=1&$orderby=name%20desc&api-version=2022-08-01
  response:
    body:
      string: "[\r\n  {\r\n    \"location\": \"CentralUSEUAP\",\r\n    \"name\": \"20348.1249.221105\",\r\n
        \   \"id\": \"/Subscriptions/00000000-0000-0000-0000-000000000000/Providers/Microsoft.Compute/Locations/CentralUSEUAP/Publishers/MicrosoftWindowsServer/ArtifactTypes/VMImage/Offers/WindowsServer/Skus/2022-datacenter-smalldisk-g2/Versions/20348.1249.221105\"\r\n
        \ }\r\n]"
    headers:
      cache-control:
      - no-cache
      content-length:
      - '337'
      content-type:
      - application/json; charset=utf-8
      date:
      - Thu, 17 Nov 2022 09:19:35 GMT
      expires:
      - '-1'
      pragma:
      - no-cache
      server:
      - Microsoft-HTTPAPI/2.0
      - Microsoft-HTTPAPI/2.0
      strict-transport-security:
      - max-age=31536000; includeSubDomains
      transfer-encoding:
      - chunked
      vary:
      - Accept-Encoding
      x-content-type-options:
      - nosniff
      x-ms-ratelimit-remaining-resource:
      - Microsoft.Compute/ListVMImagesVersionsFromLocation3Min;15999,Microsoft.Compute/ListVMImagesVersionsFromLocation30Min;43999
    status:
      code: 200
      message: OK
- request:
    body: null
    headers:
      Accept:
      - application/json
      Accept-Encoding:
      - gzip, deflate
      CommandName:
      - vm create
      Connection:
      - keep-alive
      ParameterSetName:
      - -n -g --size --security-type --image --admin-username --admin-password --enable-vtpm
        --enable-secure-boot --os-disk-security-encryption-type --os-disk-secure-vm-disk-encryption-set
      User-Agent:
      - AZURECLI/2.42.0 (PIP) azsdk-python-azure-mgmt-compute/29.0.0 Python/3.8.9
        (Windows-10-10.0.22621-SP0)
    method: GET
    uri: https://management.azure.com/subscriptions/00000000-0000-0000-0000-000000000000/providers/Microsoft.Compute/locations/centraluseuap/publishers/MicrosoftWindowsServer/artifacttypes/vmimage/offers/WindowsServer/skus/2022-datacenter-smalldisk-g2/versions/20348.1249.221105?api-version=2022-08-01
  response:
    body:
      string: "{\r\n  \"properties\": {\r\n    \"hyperVGeneration\": \"V2\",\r\n    \"architecture\":
        \"x64\",\r\n    \"replicaType\": \"Managed\",\r\n    \"replicaCount\": 10,\r\n
        \   \"disallowed\": {\r\n      \"vmDiskType\": \"Unmanaged\"\r\n    },\r\n
        \   \"automaticOSUpgradeProperties\": {\r\n      \"automaticOSUpgradeSupported\":
        false\r\n    },\r\n    \"imageDeprecationStatus\": {\r\n      \"imageState\":
        \"Active\"\r\n    },\r\n    \"features\": [\r\n      {\r\n        \"name\":
        \"SecurityType\",\r\n        \"value\": \"TrustedLaunchAndConfidentialVmSupported\"\r\n
        \     },\r\n      {\r\n        \"name\": \"IsAcceleratedNetworkSupported\",\r\n
        \       \"value\": \"True\"\r\n      },\r\n      {\r\n        \"name\": \"DiskControllerTypes\",\r\n
        \       \"value\": \"SCSI, NVMe\"\r\n      },\r\n      {\r\n        \"name\":
        \"IsHibernateSupported\",\r\n        \"value\": \"True\"\r\n      }\r\n    ],\r\n
        \   \"osDiskImage\": {\r\n      \"operatingSystem\": \"Windows\",\r\n      \"sizeInGb\":
        30\r\n    },\r\n    \"dataDiskImages\": []\r\n  },\r\n  \"location\": \"CentralUSEUAP\",\r\n
        \ \"name\": \"20348.1249.221105\",\r\n  \"id\": \"/Subscriptions/00000000-0000-0000-0000-000000000000/Providers/Microsoft.Compute/Locations/CentralUSEUAP/Publishers/MicrosoftWindowsServer/ArtifactTypes/VMImage/Offers/WindowsServer/Skus/2022-datacenter-smalldisk-g2/Versions/20348.1249.221105\"\r\n}"
    headers:
      cache-control:
      - no-cache
      content-length:
      - '1207'
      content-type:
      - application/json; charset=utf-8
      date:
      - Thu, 17 Nov 2022 09:19:37 GMT
      expires:
      - '-1'
      pragma:
      - no-cache
      server:
      - Microsoft-HTTPAPI/2.0
      - Microsoft-HTTPAPI/2.0
      strict-transport-security:
      - max-age=31536000; includeSubDomains
      transfer-encoding:
      - chunked
      vary:
      - Accept-Encoding
      x-content-type-options:
      - nosniff
      x-ms-ratelimit-remaining-resource:
      - Microsoft.Compute/GetVMImageFromLocation3Min;12999,Microsoft.Compute/GetVMImageFromLocation30Min;73999
    status:
      code: 200
      message: OK
- request:
    body: null
    headers:
      Accept:
      - application/json
      Accept-Encoding:
      - gzip, deflate
      CommandName:
      - vm create
      Connection:
      - keep-alive
      ParameterSetName:
      - -n -g --size --security-type --image --admin-username --admin-password --enable-vtpm
        --enable-secure-boot --os-disk-security-encryption-type --os-disk-secure-vm-disk-encryption-set
      User-Agent:
      - AZURECLI/2.42.0 (PIP) azsdk-python-azure-mgmt-network/21.0.1 Python/3.8.9
        (Windows-10-10.0.22621-SP0)
    method: GET
    uri: https://management.azure.com/subscriptions/00000000-0000-0000-0000-000000000000/resourceGroups/cli_test_os_disk_security_encryption000001/providers/Microsoft.Network/virtualNetworks?api-version=2022-01-01
  response:
    body:
      string: '{"value":[]}'
    headers:
      cache-control:
      - no-cache
      content-length:
      - '12'
      content-type:
      - application/json; charset=utf-8
      date:
      - Thu, 17 Nov 2022 09:19:38 GMT
      expires:
      - '-1'
      pragma:
      - no-cache
      strict-transport-security:
      - max-age=31536000; includeSubDomains
      vary:
      - Accept-Encoding
      x-content-type-options:
      - nosniff
    status:
      code: 200
      message: OK
- request:
    body: null
    headers:
      Accept:
      - application/json
      Accept-Encoding:
      - gzip, deflate
      CommandName:
      - vm create
      Connection:
      - keep-alive
      ParameterSetName:
      - -n -g --size --security-type --image --admin-username --admin-password --enable-vtpm
        --enable-secure-boot --os-disk-security-encryption-type --os-disk-secure-vm-disk-encryption-set
      User-Agent:
      - AZURECLI/2.42.0 (PIP) azsdk-python-azure-mgmt-compute/29.0.0 Python/3.8.9
        (Windows-10-10.0.22621-SP0)
    method: GET
    uri: https://management.azure.com/subscriptions/00000000-0000-0000-0000-000000000000/providers/Microsoft.Compute/locations/centraluseuap/publishers/MicrosoftWindowsServer/artifacttypes/vmimage/offers/WindowsServer/skus/2022-datacenter-smalldisk-g2/versions?$top=1&$orderby=name%20desc&api-version=2022-08-01
  response:
    body:
      string: "[\r\n  {\r\n    \"location\": \"CentralUSEUAP\",\r\n    \"name\": \"20348.1249.221105\",\r\n
        \   \"id\": \"/Subscriptions/00000000-0000-0000-0000-000000000000/Providers/Microsoft.Compute/Locations/CentralUSEUAP/Publishers/MicrosoftWindowsServer/ArtifactTypes/VMImage/Offers/WindowsServer/Skus/2022-datacenter-smalldisk-g2/Versions/20348.1249.221105\"\r\n
        \ }\r\n]"
    headers:
      cache-control:
      - no-cache
      content-length:
      - '337'
      content-type:
      - application/json; charset=utf-8
      date:
      - Thu, 17 Nov 2022 09:19:41 GMT
      expires:
      - '-1'
      pragma:
      - no-cache
      server:
      - Microsoft-HTTPAPI/2.0
      - Microsoft-HTTPAPI/2.0
      strict-transport-security:
      - max-age=31536000; includeSubDomains
      transfer-encoding:
      - chunked
      vary:
      - Accept-Encoding
      x-content-type-options:
      - nosniff
      x-ms-ratelimit-remaining-resource:
      - Microsoft.Compute/ListVMImagesVersionsFromLocation3Min;15998,Microsoft.Compute/ListVMImagesVersionsFromLocation30Min;43998
    status:
      code: 200
      message: OK
- request:
    body: null
    headers:
      Accept:
      - application/json
      Accept-Encoding:
      - gzip, deflate
      CommandName:
      - vm create
      Connection:
      - keep-alive
      ParameterSetName:
      - -n -g --size --security-type --image --admin-username --admin-password --enable-vtpm
        --enable-secure-boot --os-disk-security-encryption-type --os-disk-secure-vm-disk-encryption-set
      User-Agent:
      - AZURECLI/2.42.0 (PIP) azsdk-python-azure-mgmt-compute/29.0.0 Python/3.8.9
        (Windows-10-10.0.22621-SP0)
    method: GET
    uri: https://management.azure.com/subscriptions/00000000-0000-0000-0000-000000000000/providers/Microsoft.Compute/locations/centraluseuap/publishers/MicrosoftWindowsServer/artifacttypes/vmimage/offers/WindowsServer/skus/2022-datacenter-smalldisk-g2/versions/20348.1249.221105?api-version=2022-08-01
  response:
    body:
      string: "{\r\n  \"properties\": {\r\n    \"hyperVGeneration\": \"V2\",\r\n    \"architecture\":
        \"x64\",\r\n    \"replicaType\": \"Managed\",\r\n    \"replicaCount\": 10,\r\n
        \   \"disallowed\": {\r\n      \"vmDiskType\": \"Unmanaged\"\r\n    },\r\n
        \   \"automaticOSUpgradeProperties\": {\r\n      \"automaticOSUpgradeSupported\":
        false\r\n    },\r\n    \"imageDeprecationStatus\": {\r\n      \"imageState\":
        \"Active\"\r\n    },\r\n    \"features\": [\r\n      {\r\n        \"name\":
        \"SecurityType\",\r\n        \"value\": \"TrustedLaunchAndConfidentialVmSupported\"\r\n
        \     },\r\n      {\r\n        \"name\": \"IsAcceleratedNetworkSupported\",\r\n
        \       \"value\": \"True\"\r\n      },\r\n      {\r\n        \"name\": \"DiskControllerTypes\",\r\n
        \       \"value\": \"SCSI, NVMe\"\r\n      },\r\n      {\r\n        \"name\":
        \"IsHibernateSupported\",\r\n        \"value\": \"True\"\r\n      }\r\n    ],\r\n
        \   \"osDiskImage\": {\r\n      \"operatingSystem\": \"Windows\",\r\n      \"sizeInGb\":
        30\r\n    },\r\n    \"dataDiskImages\": []\r\n  },\r\n  \"location\": \"CentralUSEUAP\",\r\n
        \ \"name\": \"20348.1249.221105\",\r\n  \"id\": \"/Subscriptions/00000000-0000-0000-0000-000000000000/Providers/Microsoft.Compute/Locations/CentralUSEUAP/Publishers/MicrosoftWindowsServer/ArtifactTypes/VMImage/Offers/WindowsServer/Skus/2022-datacenter-smalldisk-g2/Versions/20348.1249.221105\"\r\n}"
    headers:
      cache-control:
      - no-cache
      content-length:
      - '1207'
      content-type:
      - application/json; charset=utf-8
      date:
      - Thu, 17 Nov 2022 09:19:42 GMT
      expires:
      - '-1'
      pragma:
      - no-cache
      server:
      - Microsoft-HTTPAPI/2.0
      - Microsoft-HTTPAPI/2.0
      strict-transport-security:
      - max-age=31536000; includeSubDomains
      transfer-encoding:
      - chunked
      vary:
      - Accept-Encoding
      x-content-type-options:
      - nosniff
      x-ms-ratelimit-remaining-resource:
      - Microsoft.Compute/GetVMImageFromLocation3Min;12998,Microsoft.Compute/GetVMImageFromLocation30Min;73998
    status:
      code: 200
      message: OK
version: 1
