interactions:
- request:
    body: null
    headers:
      Accept:
      - application/json
      Accept-Encoding:
      - gzip, deflate
      CommandName:
      - vm create
      Connection:
      - keep-alive
      ParameterSetName:
      - -n -g --image --admin-username
      User-Agent:
      - AZURECLI/2.36.0 azsdk-python-azure-mgmt-resource/20.0.0 Python/3.8.10 (Windows-10-10.0.22000-SP0)
    method: GET
    uri: https://management.azure.com/subscriptions/00000000-0000-0000-0000-000000000000/resourcegroups/cli_test_restore_point_collection000001?api-version=2021-04-01
  response:
    body:
      string: '{"id":"/subscriptions/00000000-0000-0000-0000-000000000000/resourceGroups/cli_test_restore_point_collection000001","name":"cli_test_restore_point_collection000001","type":"Microsoft.Resources/resourceGroups","location":"westus","tags":{"product":"azurecli","cause":"automation","date":"2022-05-18T12:41:17Z"},"properties":{"provisioningState":"Succeeded"}}'
    headers:
      cache-control:
      - no-cache
      content-length:
      - '356'
      content-type:
      - application/json; charset=utf-8
      date:
      - Wed, 18 May 2022 12:41:23 GMT
      expires:
      - '-1'
      pragma:
      - no-cache
      strict-transport-security:
      - max-age=31536000; includeSubDomains
      vary:
      - Accept-Encoding
      x-content-type-options:
      - nosniff
    status:
      code: 200
      message: OK
- request:
    body: null
    headers:
      Accept:
      - '*/*'
      Accept-Encoding:
      - gzip, deflate
      Connection:
      - keep-alive
      User-Agent:
      - python-requests/2.26.0
    method: GET
    uri: https://raw.githubusercontent.com/Azure/azure-rest-api-specs/main/arm-compute/quickstart-templates/aliases.json
  response:
    body:
      string: "{\n  \"$schema\": \"http://schema.management.azure.com/schemas/2015-01-01/deploymentTemplate.json\",\n
        \ \"contentVersion\": \"1.0.0.0\",\n  \"parameters\": {},\n  \"variables\":
        {},\n  \"resources\": [],\n  \"outputs\": {\n    \"aliases\": {\n      \"type\":
        \"object\",\n      \"value\": {\n        \"Linux\": {\n          \"CentOS\":
        {\n            \"publisher\": \"OpenLogic\",\n            \"offer\": \"CentOS\",\n
        \           \"sku\": \"7.5\",\n            \"version\": \"latest\"\n          },\n
        \         \"Debian\": {\n            \"publisher\": \"Debian\",\n            \"offer\":
        \"debian-10\",\n            \"sku\": \"10\",\n            \"version\": \"latest\"\n
        \         },\n          \"Flatcar\": {\n            \"publisher\": \"kinvolk\",\n
        \           \"offer\": \"flatcar-container-linux-free\",\n            \"sku\":
        \"stable\",\n            \"version\": \"latest\"\n          },\n          \"openSUSE-Leap\":
        {\n            \"publisher\": \"SUSE\",\n            \"offer\": \"opensuse-leap-15-3\",\n
        \           \"sku\": \"gen2\",\n            \"version\": \"latest\"\n          },\n
        \         \"RHEL\": {\n            \"publisher\": \"RedHat\",\n            \"offer\":
        \"RHEL\",\n            \"sku\": \"7-LVM\",\n            \"version\": \"latest\"\n
        \         },\n          \"SLES\": {\n            \"publisher\": \"SUSE\",\n
        \           \"offer\": \"sles-15-sp3\",\n            \"sku\": \"gen2\",\n
        \           \"version\": \"latest\"\n          },\n          \"UbuntuLTS\":
        {\n            \"publisher\": \"Canonical\",\n            \"offer\": \"UbuntuServer\",\n
        \           \"sku\": \"18.04-LTS\",\n            \"version\": \"latest\"\n
        \         }\n        },\n        \"Windows\": {\n          \"Win2022Datacenter\":
        {\n            \"publisher\": \"MicrosoftWindowsServer\",\n            \"offer\":
        \"WindowsServer\",\n            \"sku\": \"2022-Datacenter\",\n            \"version\":
        \"latest\"\n          },\n          \"Win2022AzureEditionCore\": {\n            \"publisher\":
        \"MicrosoftWindowsServer\",\n            \"offer\": \"WindowsServer\",\n            \"sku\":
        \"2022-datacenter-azure-edition-core\",\n            \"version\": \"latest\"\n
        \         },\n          \"Win2019Datacenter\": {\n            \"publisher\":
        \"MicrosoftWindowsServer\",\n            \"offer\": \"WindowsServer\",\n            \"sku\":
        \"2019-Datacenter\",\n            \"version\": \"latest\"\n          },\n
        \         \"Win2016Datacenter\": {\n            \"publisher\": \"MicrosoftWindowsServer\",\n
        \           \"offer\": \"WindowsServer\",\n            \"sku\": \"2016-Datacenter\",\n
        \           \"version\": \"latest\"\n          },\n          \"Win2012R2Datacenter\":
        {\n            \"publisher\": \"MicrosoftWindowsServer\",\n            \"offer\":
        \"WindowsServer\",\n            \"sku\": \"2012-R2-Datacenter\",\n            \"version\":
        \"latest\"\n          },\n          \"Win2012Datacenter\": {\n            \"publisher\":
        \"MicrosoftWindowsServer\",\n            \"offer\": \"WindowsServer\",\n            \"sku\":
        \"2012-Datacenter\",\n            \"version\": \"latest\"\n          },\n
        \         \"Win2008R2SP1\": {\n            \"publisher\": \"MicrosoftWindowsServer\",\n
        \           \"offer\": \"WindowsServer\",\n            \"sku\": \"2008-R2-SP1\",\n
        \           \"version\": \"latest\"\n          }\n        }\n      }\n    }\n
        \ }\n}\n"
    headers:
      accept-ranges:
      - bytes
      access-control-allow-origin:
      - '*'
      cache-control:
      - max-age=300
      connection:
      - keep-alive
      content-length:
      - '2974'
      content-security-policy:
      - default-src 'none'; style-src 'unsafe-inline'; sandbox
      content-type:
      - text/plain; charset=utf-8
      date:
      - Wed, 18 May 2022 12:41:45 GMT
      etag:
      - W/"714b55b3e325c9c936add41807880935e033af5676c36a1ed8ab2e1e476a45f2"
      expires:
      - Wed, 18 May 2022 12:46:45 GMT
      source-age:
      - '0'
      strict-transport-security:
      - max-age=31536000
      vary:
      - Authorization,Accept-Encoding,Origin
      via:
      - 1.1 varnish
      x-cache:
      - HIT
      x-cache-hits:
      - '1'
      x-content-type-options:
      - nosniff
      x-fastly-request-id:
      - 92f104d21b6a786fdacdda995cb7f6c28898e3eb
      x-frame-options:
      - deny
      x-github-request-id:
      - D658:0CBF:38F57B:431085:6284AEF6
      x-served-by:
      - cache-hnd18721-HND
      x-timer:
      - S1652877705.243296,VS0,VE167
      x-xss-protection:
      - 1; mode=block
    status:
      code: 200
      message: OK
- request:
    body: null
    headers:
      Accept:
      - application/json
      Accept-Encoding:
      - gzip, deflate
      CommandName:
      - vm create
      Connection:
      - keep-alive
      ParameterSetName:
      - -n -g --image --admin-username
      User-Agent:
      - AZURECLI/2.36.0 azsdk-python-azure-mgmt-compute/27.0.0 Python/3.8.10 (Windows-10-10.0.22000-SP0)
    method: GET
    uri: https://management.azure.com/subscriptions/00000000-0000-0000-0000-000000000000/providers/Microsoft.Compute/locations/westus/publishers/Canonical/artifacttypes/vmimage/offers/UbuntuServer/skus/18.04-LTS/versions?$top=1&$orderby=name%20desc&api-version=2022-03-01
  response:
    body:
      string: "[\r\n  {\r\n    \"location\": \"westus\",\r\n    \"name\": \"18.04.202205100\",\r\n
        \   \"id\": \"/Subscriptions/00000000-0000-0000-0000-000000000000/Providers/Microsoft.Compute/Locations/westus/Publishers/Canonical/ArtifactTypes/VMImage/Offers/UbuntuServer/Skus/18.04-LTS/Versions/18.04.202205100\"\r\n
        \ }\r\n]"
    headers:
      cache-control:
      - no-cache
      content-length:
      - '286'
      content-type:
      - application/json; charset=utf-8
      date:
      - Wed, 18 May 2022 12:41:46 GMT
      expires:
      - '-1'
      pragma:
      - no-cache
      server:
      - Microsoft-HTTPAPI/2.0
      - Microsoft-HTTPAPI/2.0
      strict-transport-security:
      - max-age=31536000; includeSubDomains
      transfer-encoding:
      - chunked
      vary:
      - Accept-Encoding
      x-content-type-options:
      - nosniff
      x-ms-ratelimit-remaining-resource:
      - Microsoft.Compute/ListVMImagesVersionsFromLocation3Min;15998,Microsoft.Compute/ListVMImagesVersionsFromLocation30Min;43976
    status:
      code: 200
      message: OK
- request:
    body: null
    headers:
      Accept:
      - application/json
      Accept-Encoding:
      - gzip, deflate
      CommandName:
      - vm create
      Connection:
      - keep-alive
      ParameterSetName:
      - -n -g --image --admin-username
      User-Agent:
      - AZURECLI/2.36.0 azsdk-python-azure-mgmt-compute/27.0.0 Python/3.8.10 (Windows-10-10.0.22000-SP0)
    method: GET
    uri: https://management.azure.com/subscriptions/00000000-0000-0000-0000-000000000000/providers/Microsoft.Compute/locations/westus/publishers/Canonical/artifacttypes/vmimage/offers/UbuntuServer/skus/18.04-LTS/versions/18.04.202205100?api-version=2022-03-01
  response:
    body:
      string: "{\r\n  \"properties\": {\r\n    \"hyperVGeneration\": \"V1\",\r\n    \"architecture\":
        \"x64\",\r\n    \"replicaType\": \"Unmanaged\",\r\n    \"disallowed\": {\r\n
        \     \"vmDiskType\": \"None\"\r\n    },\r\n    \"automaticOSUpgradeProperties\":
        {\r\n      \"automaticOSUpgradeSupported\": true\r\n    },\r\n    \"imageDeprecationStatus\":
        {\r\n      \"imageState\": \"Active\"\r\n    },\r\n    \"features\": [\r\n
        \     {\r\n        \"name\": \"IsAcceleratedNetworkSupported\",\r\n        \"value\":
        \"True\"\r\n      },\r\n      {\r\n        \"name\": \"DiskControllerTypes\",\r\n
        \       \"value\": \"SCSI\"\r\n      },\r\n      {\r\n        \"name\": \"IsHibernateSupported\",\r\n
        \       \"value\": \"False\"\r\n      }\r\n    ],\r\n    \"osDiskImage\":
        {\r\n      \"operatingSystem\": \"Linux\",\r\n      \"sizeInGb\": 31,\r\n
        \     \"sizeInBytes\": 32213303808\r\n    },\r\n    \"dataDiskImages\": []\r\n
        \ },\r\n  \"location\": \"westus\",\r\n  \"name\": \"18.04.202205100\",\r\n
        \ \"id\": \"/Subscriptions/00000000-0000-0000-0000-000000000000/Providers/Microsoft.Compute/Locations/westus/Publishers/Canonical/ArtifactTypes/VMImage/Offers/UbuntuServer/Skus/18.04-LTS/Versions/18.04.202205100\"\r\n}"
    headers:
      cache-control:
      - no-cache
      content-length:
      - '1043'
      content-type:
      - application/json; charset=utf-8
      date:
      - Wed, 18 May 2022 12:41:47 GMT
      expires:
      - '-1'
      pragma:
      - no-cache
      server:
      - Microsoft-HTTPAPI/2.0
      - Microsoft-HTTPAPI/2.0
      strict-transport-security:
      - max-age=31536000; includeSubDomains
      transfer-encoding:
      - chunked
      vary:
      - Accept-Encoding
      x-content-type-options:
      - nosniff
      x-ms-ratelimit-remaining-resource:
      - Microsoft.Compute/GetVMImageFromLocation3Min;12998,Microsoft.Compute/GetVMImageFromLocation30Min;73984
    status:
      code: 200
      message: OK
- request:
    body: null
    headers:
      Accept:
      - application/json, text/json
      Accept-Encoding:
      - gzip, deflate
      CommandName:
      - vm create
      Connection:
      - keep-alive
      ParameterSetName:
      - -n -g --image --admin-username
      User-Agent:
      - AZURECLI/2.36.0 azsdk-python-azure-mgmt-network/19.3.0 Python/3.8.10 (Windows-10-10.0.22000-SP0)
    method: GET
    uri: https://management.azure.com/subscriptions/00000000-0000-0000-0000-000000000000/resourceGroups/cli_test_restore_point_collection000001/providers/Microsoft.Network/virtualNetworks?api-version=2018-01-01
  response:
    body:
      string: '{"value":[]}'
    headers:
      cache-control:
      - no-cache
      content-length:
      - '12'
      content-type:
      - application/json; charset=utf-8
      date:
      - Wed, 18 May 2022 12:41:48 GMT
      expires:
      - '-1'
      pragma:
      - no-cache
      strict-transport-security:
      - max-age=31536000; includeSubDomains
      vary:
      - Accept-Encoding
      x-content-type-options:
      - nosniff
    status:
      code: 200
      message: OK
- request:
    body: '{"properties": {"template": {"$schema": "https://schema.management.azure.com/schemas/2015-01-01/deploymentTemplate.json#",
      "contentVersion": "1.0.0.0", "parameters": {}, "variables": {}, "resources":
      [{"name": "vm_000003VNET", "type": "Microsoft.Network/virtualNetworks", "location":
      "westus", "apiVersion": "2015-06-15", "dependsOn": [], "tags": {}, "properties":
      {"addressSpace": {"addressPrefixes": ["10.0.0.0/16"]}, "subnets": [{"name":
      "vm_000003Subnet", "properties": {"addressPrefix": "10.0.0.0/24"}}]}}, {"type":
      "Microsoft.Network/networkSecurityGroups", "name": "vm_000003NSG", "apiVersion":
      "2015-06-15", "location": "westus", "tags": {}, "dependsOn": [], "properties":
      {"securityRules": [{"name": "default-allow-ssh", "properties": {"protocol":
      "Tcp", "sourcePortRange": "*", "destinationPortRange": "22", "sourceAddressPrefix":
      "*", "destinationAddressPrefix": "*", "access": "Allow", "priority": 1000, "direction":
      "Inbound"}}]}}, {"apiVersion": "2018-01-01", "type": "Microsoft.Network/publicIPAddresses",
      "name": "vm_000003PublicIP", "location": "westus", "tags": {}, "dependsOn":
      [], "properties": {"publicIPAllocationMethod": null}}, {"apiVersion": "2015-06-15",
      "type": "Microsoft.Network/networkInterfaces", "name": "vm_000003VMNic", "location":
      "westus", "tags": {}, "dependsOn": ["Microsoft.Network/virtualNetworks/vm_000003VNET",
      "Microsoft.Network/networkSecurityGroups/vm_000003NSG", "Microsoft.Network/publicIpAddresses/vm_000003PublicIP"],
      "properties": {"ipConfigurations": [{"name": "ipconfigvm_000003", "properties":
      {"privateIPAllocationMethod": "Dynamic", "subnet": {"id": "/subscriptions/00000000-0000-0000-0000-000000000000/resourceGroups/cli_test_restore_point_collection000001/providers/Microsoft.Network/virtualNetworks/vm_000003VNET/subnets/vm_000003Subnet"},
      "publicIPAddress": {"id": "/subscriptions/00000000-0000-0000-0000-000000000000/resourceGroups/cli_test_restore_point_collection000001/providers/Microsoft.Network/publicIPAddresses/vm_000003PublicIP"}}}],
      "networkSecurityGroup": {"id": "/subscriptions/00000000-0000-0000-0000-000000000000/resourceGroups/cli_test_restore_point_collection000001/providers/Microsoft.Network/networkSecurityGroups/vm_000003NSG"}}},
      {"apiVersion": "2022-03-01", "type": "Microsoft.Compute/virtualMachines", "name":
      "vm_000003", "location": "westus", "tags": {}, "dependsOn": ["Microsoft.Network/networkInterfaces/vm_000003VMNic"],
      "properties": {"hardwareProfile": {"vmSize": "Standard_DS1_v2"}, "networkProfile":
      {"networkInterfaces": [{"id": "/subscriptions/00000000-0000-0000-0000-000000000000/resourceGroups/cli_test_restore_point_collection000001/providers/Microsoft.Network/networkInterfaces/vm_000003VMNic",
      "properties": {"deleteOption": null}}]}, "storageProfile": {"osDisk": {"createOption":
      "fromImage", "name": null, "caching": "ReadWrite", "managedDisk": {"storageAccountType":
      null}}, "imageReference": {"publisher": "Canonical", "offer": "UbuntuServer",
      "sku": "18.04-LTS", "version": "latest"}}, "osProfile": {"computerName": "vm6top3elx6v6h",
      "adminUsername": "vmtest", "linuxConfiguration": {"disablePasswordAuthentication":
      true, "ssh": {"publicKeys": [{"keyData": "ssh-rsa AAAAB3NzaC1yc2EAAAADAQABAAABAQDBfrmPNtStaG3GJyEk6YjCZ57vUFT6RfwPCEtLJpvjTaVFEuD7W+HXCE4kdoe0WUINcWyPmo44k9oJlWwimxHcc/FLhMTHyJopyfSePGySHjjjS/2brJyeZ86xIC4QJMX7xqe4rdg/XOEXlbJisD0Ge8ervZr7dN/B/lsoiQLH+C5ueOed9JRaCeLRXtlBAJrlI3BXm+kDV9qPH4LhxFIS6WIZ+dk3u/RtCCC+yZ6x3wRr9CqVZ/Xr0fs02wOnKUSlZDpuu28Hsb1BtQM/+aq1YgcEsudCepRkSyNf8V38xx4T+iiBBFvVLlMNE6CC7Jk4Uc/tO/fv1xaFpmo4Pmu/",
      "path": "/home/vmtest/.ssh/authorized_keys"}]}}}}}], "outputs": {}}, "parameters":
      {}, "mode": "incremental"}}'
    headers:
      Accept:
      - application/json
      Accept-Encoding:
      - gzip, deflate
      CommandName:
      - vm create
      Connection:
      - keep-alive
      Content-Length:
      - '3654'
      Content-Type:
      - application/json
      ParameterSetName:
      - -n -g --image --admin-username
      User-Agent:
      - AZURECLI/2.36.0 azsdk-python-azure-mgmt-resource/20.0.0 Python/3.8.10 (Windows-10-10.0.22000-SP0)
    method: PUT
    uri: https://management.azure.com/subscriptions/00000000-0000-0000-0000-000000000000/resourcegroups/cli_test_restore_point_collection000001/providers/Microsoft.Resources/deployments/mock-deployment?api-version=2021-04-01
  response:
    body:
      string: '{"id":"/subscriptions/00000000-0000-0000-0000-000000000000/resourceGroups/cli_test_restore_point_collection000001/providers/Microsoft.Resources/deployments/vm_deploy_voAqH0QOnun9F4LknYLTNUtsoNmzBKxp","name":"vm_deploy_voAqH0QOnun9F4LknYLTNUtsoNmzBKxp","type":"Microsoft.Resources/deployments","properties":{"templateHash":"12214923108464278602","parameters":{},"mode":"Incremental","provisioningState":"Accepted","timestamp":"2022-05-18T12:42:04.4370177Z","duration":"PT0.0001012S","correlationId":"7280d7b3-0299-4df1-b698-64abba683e62","providers":[{"namespace":"Microsoft.Network","resourceTypes":[{"resourceType":"virtualNetworks","locations":["westus"]},{"resourceType":"networkSecurityGroups","locations":["westus"]},{"resourceType":"publicIPAddresses","locations":["westus"]},{"resourceType":"networkInterfaces","locations":["westus"]}]},{"namespace":"Microsoft.Compute","resourceTypes":[{"resourceType":"virtualMachines","locations":["westus"]}]}],"dependencies":[{"dependsOn":[{"id":"/subscriptions/00000000-0000-0000-0000-000000000000/resourceGroups/cli_test_restore_point_collection000001/providers/Microsoft.Network/virtualNetworks/vm_000003VNET","resourceType":"Microsoft.Network/virtualNetworks","resourceName":"vm_000003VNET"},{"id":"/subscriptions/00000000-0000-0000-0000-000000000000/resourceGroups/cli_test_restore_point_collection000001/providers/Microsoft.Network/networkSecurityGroups/vm_000003NSG","resourceType":"Microsoft.Network/networkSecurityGroups","resourceName":"vm_000003NSG"},{"id":"/subscriptions/00000000-0000-0000-0000-000000000000/resourceGroups/cli_test_restore_point_collection000001/providers/Microsoft.Network/publicIPAddresses/vm_000003PublicIP","resourceType":"Microsoft.Network/publicIPAddresses","resourceName":"vm_000003PublicIP"}],"id":"/subscriptions/00000000-0000-0000-0000-000000000000/resourceGroups/cli_test_restore_point_collection000001/providers/Microsoft.Network/networkInterfaces/vm_000003VMNic","resourceType":"Microsoft.Network/networkInterfaces","resourceName":"vm_000003VMNic"},{"dependsOn":[{"id":"/subscriptions/00000000-0000-0000-0000-000000000000/resourceGroups/cli_test_restore_point_collection000001/providers/Microsoft.Network/networkInterfaces/vm_000003VMNic","resourceType":"Microsoft.Network/networkInterfaces","resourceName":"vm_000003VMNic"}],"id":"/subscriptions/00000000-0000-0000-0000-000000000000/resourceGroups/cli_test_restore_point_collection000001/providers/Microsoft.Compute/virtualMachines/vm_000003","resourceType":"Microsoft.Compute/virtualMachines","resourceName":"vm_000003"}]}}'
    headers:
      azure-asyncoperation:
      - https://management.azure.com/subscriptions/00000000-0000-0000-0000-000000000000/resourcegroups/cli_test_restore_point_collection000001/providers/Microsoft.Resources/deployments/vm_deploy_voAqH0QOnun9F4LknYLTNUtsoNmzBKxp/operationStatuses/08585487291621730383?api-version=2021-04-01
      cache-control:
      - no-cache
      content-length:
      - '2563'
      content-type:
      - application/json; charset=utf-8
      date:
      - Wed, 18 May 2022 12:42:05 GMT
      expires:
      - '-1'
      pragma:
      - no-cache
      strict-transport-security:
      - max-age=31536000; includeSubDomains
      x-content-type-options:
      - nosniff
      x-ms-ratelimit-remaining-subscription-writes:
      - '1183'
    status:
      code: 201
      message: Created
- request:
    body: null
    headers:
      Accept:
      - '*/*'
      Accept-Encoding:
      - gzip, deflate
      CommandName:
      - vm create
      Connection:
      - keep-alive
      ParameterSetName:
      - -n -g --image --admin-username
      User-Agent:
      - AZURECLI/2.36.0 azsdk-python-azure-mgmt-resource/20.0.0 Python/3.8.10 (Windows-10-10.0.22000-SP0)
    method: GET
    uri: https://management.azure.com/subscriptions/00000000-0000-0000-0000-000000000000/resourcegroups/cli_test_restore_point_collection000001/providers/Microsoft.Resources/deployments/mock-deployment/operationStatuses/08585487291621730383?api-version=2021-04-01
  response:
    body:
      string: '{"status":"Running"}'
    headers:
      cache-control:
      - no-cache
      content-length:
      - '20'
      content-type:
      - application/json; charset=utf-8
      date:
      - Wed, 18 May 2022 12:42:35 GMT
      expires:
      - '-1'
      pragma:
      - no-cache
      strict-transport-security:
      - max-age=31536000; includeSubDomains
      vary:
      - Accept-Encoding
      x-content-type-options:
      - nosniff
    status:
      code: 200
      message: OK
- request:
    body: null
    headers:
      Accept:
      - '*/*'
      Accept-Encoding:
      - gzip, deflate
      CommandName:
      - vm create
      Connection:
      - keep-alive
      ParameterSetName:
      - -n -g --image --admin-username
      User-Agent:
      - AZURECLI/2.36.0 azsdk-python-azure-mgmt-resource/20.0.0 Python/3.8.10 (Windows-10-10.0.22000-SP0)
    method: GET
    uri: https://management.azure.com/subscriptions/00000000-0000-0000-0000-000000000000/resourcegroups/cli_test_restore_point_collection000001/providers/Microsoft.Resources/deployments/mock-deployment/operationStatuses/08585487291621730383?api-version=2021-04-01
  response:
    body:
      string: '{"status":"Succeeded"}'
    headers:
      cache-control:
      - no-cache
      content-length:
      - '22'
      content-type:
      - application/json; charset=utf-8
      date:
      - Wed, 18 May 2022 12:43:05 GMT
      expires:
      - '-1'
      pragma:
      - no-cache
      strict-transport-security:
      - max-age=31536000; includeSubDomains
      vary:
      - Accept-Encoding
      x-content-type-options:
      - nosniff
    status:
      code: 200
      message: OK
- request:
    body: null
    headers:
      Accept:
      - '*/*'
      Accept-Encoding:
      - gzip, deflate
      CommandName:
      - vm create
      Connection:
      - keep-alive
      ParameterSetName:
      - -n -g --image --admin-username
      User-Agent:
      - AZURECLI/2.36.0 azsdk-python-azure-mgmt-resource/20.0.0 Python/3.8.10 (Windows-10-10.0.22000-SP0)
    method: GET
    uri: https://management.azure.com/subscriptions/00000000-0000-0000-0000-000000000000/resourcegroups/cli_test_restore_point_collection000001/providers/Microsoft.Resources/deployments/mock-deployment?api-version=2021-04-01
  response:
    body:
      string: '{"id":"/subscriptions/00000000-0000-0000-0000-000000000000/resourceGroups/cli_test_restore_point_collection000001/providers/Microsoft.Resources/deployments/vm_deploy_voAqH0QOnun9F4LknYLTNUtsoNmzBKxp","name":"vm_deploy_voAqH0QOnun9F4LknYLTNUtsoNmzBKxp","type":"Microsoft.Resources/deployments","properties":{"templateHash":"12214923108464278602","parameters":{},"mode":"Incremental","provisioningState":"Succeeded","timestamp":"2022-05-18T12:42:37.020823Z","duration":"PT32.5839065S","correlationId":"7280d7b3-0299-4df1-b698-64abba683e62","providers":[{"namespace":"Microsoft.Network","resourceTypes":[{"resourceType":"virtualNetworks","locations":["westus"]},{"resourceType":"networkSecurityGroups","locations":["westus"]},{"resourceType":"publicIPAddresses","locations":["westus"]},{"resourceType":"networkInterfaces","locations":["westus"]}]},{"namespace":"Microsoft.Compute","resourceTypes":[{"resourceType":"virtualMachines","locations":["westus"]}]}],"dependencies":[{"dependsOn":[{"id":"/subscriptions/00000000-0000-0000-0000-000000000000/resourceGroups/cli_test_restore_point_collection000001/providers/Microsoft.Network/virtualNetworks/vm_000003VNET","resourceType":"Microsoft.Network/virtualNetworks","resourceName":"vm_000003VNET"},{"id":"/subscriptions/00000000-0000-0000-0000-000000000000/resourceGroups/cli_test_restore_point_collection000001/providers/Microsoft.Network/networkSecurityGroups/vm_000003NSG","resourceType":"Microsoft.Network/networkSecurityGroups","resourceName":"vm_000003NSG"},{"id":"/subscriptions/00000000-0000-0000-0000-000000000000/resourceGroups/cli_test_restore_point_collection000001/providers/Microsoft.Network/publicIPAddresses/vm_000003PublicIP","resourceType":"Microsoft.Network/publicIPAddresses","resourceName":"vm_000003PublicIP"}],"id":"/subscriptions/00000000-0000-0000-0000-000000000000/resourceGroups/cli_test_restore_point_collection000001/providers/Microsoft.Network/networkInterfaces/vm_000003VMNic","resourceType":"Microsoft.Network/networkInterfaces","resourceName":"vm_000003VMNic"},{"dependsOn":[{"id":"/subscriptions/00000000-0000-0000-0000-000000000000/resourceGroups/cli_test_restore_point_collection000001/providers/Microsoft.Network/networkInterfaces/vm_000003VMNic","resourceType":"Microsoft.Network/networkInterfaces","resourceName":"vm_000003VMNic"}],"id":"/subscriptions/00000000-0000-0000-0000-000000000000/resourceGroups/cli_test_restore_point_collection000001/providers/Microsoft.Compute/virtualMachines/vm_000003","resourceType":"Microsoft.Compute/virtualMachines","resourceName":"vm_000003"}],"outputs":{},"outputResources":[{"id":"/subscriptions/00000000-0000-0000-0000-000000000000/resourceGroups/cli_test_restore_point_collection000001/providers/Microsoft.Compute/virtualMachines/vm_000003"},{"id":"/subscriptions/00000000-0000-0000-0000-000000000000/resourceGroups/cli_test_restore_point_collection000001/providers/Microsoft.Network/networkInterfaces/vm_000003VMNic"},{"id":"/subscriptions/00000000-0000-0000-0000-000000000000/resourceGroups/cli_test_restore_point_collection000001/providers/Microsoft.Network/networkSecurityGroups/vm_000003NSG"},{"id":"/subscriptions/00000000-0000-0000-0000-000000000000/resourceGroups/cli_test_restore_point_collection000001/providers/Microsoft.Network/publicIPAddresses/vm_000003PublicIP"},{"id":"/subscriptions/00000000-0000-0000-0000-000000000000/resourceGroups/cli_test_restore_point_collection000001/providers/Microsoft.Network/virtualNetworks/vm_000003VNET"}]}}'
    headers:
      cache-control:
      - no-cache
      content-length:
      - '3477'
      content-type:
      - application/json; charset=utf-8
      date:
      - Wed, 18 May 2022 12:43:06 GMT
      expires:
      - '-1'
      pragma:
      - no-cache
      strict-transport-security:
      - max-age=31536000; includeSubDomains
      vary:
      - Accept-Encoding
      x-content-type-options:
      - nosniff
    status:
      code: 200
      message: OK
- request:
    body: null
    headers:
      Accept:
      - application/json
      Accept-Encoding:
      - gzip, deflate
      CommandName:
      - vm create
      Connection:
      - keep-alive
      ParameterSetName:
      - -n -g --image --admin-username
      User-Agent:
      - AZURECLI/2.36.0 azsdk-python-azure-mgmt-compute/27.0.0 Python/3.8.10 (Windows-10-10.0.22000-SP0)
    method: GET
    uri: https://management.azure.com/subscriptions/00000000-0000-0000-0000-000000000000/resourceGroups/cli_test_restore_point_collection000001/providers/Microsoft.Compute/virtualMachines/vm_000003?$expand=instanceView&api-version=2022-03-01
  response:
    body:
      string: "{\r\n  \"name\": \"vm_000003\",\r\n  \"id\": \"/subscriptions/00000000-0000-0000-0000-000000000000/resourceGroups/cli_test_restore_point_collection000001/providers/Microsoft.Compute/virtualMachines/vm_000003\",\r\n
        \ \"type\": \"Microsoft.Compute/virtualMachines\",\r\n  \"location\": \"westus\",\r\n
        \ \"tags\": {},\r\n  \"properties\": {\r\n    \"vmId\": \"19ba0025-5e88-4098-bed3-2cf84ecdbc11\",\r\n
        \   \"hardwareProfile\": {\r\n      \"vmSize\": \"Standard_DS1_v2\"\r\n    },\r\n
        \   \"storageProfile\": {\r\n      \"imageReference\": {\r\n        \"publisher\":
        \"Canonical\",\r\n        \"offer\": \"UbuntuServer\",\r\n        \"sku\":
        \"18.04-LTS\",\r\n        \"version\": \"latest\",\r\n        \"exactVersion\":
        \"18.04.202205100\"\r\n      },\r\n      \"osDisk\": {\r\n        \"osType\":
        \"Linux\",\r\n        \"name\": \"vm_000003_disk1_c43d48ee415646bca25cdabf1e9c1179\",\r\n
        \       \"createOption\": \"FromImage\",\r\n        \"caching\": \"ReadWrite\",\r\n
        \       \"managedDisk\": {\r\n          \"storageAccountType\": \"Premium_LRS\",\r\n
        \         \"id\": \"/subscriptions/00000000-0000-0000-0000-000000000000/resourceGroups/cli_test_restore_point_collection000001/providers/Microsoft.Compute/disks/vm_000003_disk1_c43d48ee415646bca25cdabf1e9c1179\"\r\n
        \       },\r\n        \"deleteOption\": \"Detach\",\r\n        \"diskSizeGB\":
        30\r\n      },\r\n      \"dataDisks\": []\r\n    },\r\n    \"osProfile\":
        {\r\n      \"computerName\": \"vm6top3elx6v6h\",\r\n      \"adminUsername\":
        \"vmtest\",\r\n      \"linuxConfiguration\": {\r\n        \"disablePasswordAuthentication\":
        true,\r\n        \"ssh\": {\r\n          \"publicKeys\": [\r\n            {\r\n
        \             \"path\": \"/home/vmtest/.ssh/authorized_keys\",\r\n              \"keyData\":
        \"ssh-rsa AAAAB3NzaC1yc2EAAAADAQABAAABAQDBfrmPNtStaG3GJyEk6YjCZ57vUFT6RfwPCEtLJpvjTaVFEuD7W+HXCE4kdoe0WUINcWyPmo44k9oJlWwimxHcc/FLhMTHyJopyfSePGySHjjjS/2brJyeZ86xIC4QJMX7xqe4rdg/XOEXlbJisD0Ge8ervZr7dN/B/lsoiQLH+C5ueOed9JRaCeLRXtlBAJrlI3BXm+kDV9qPH4LhxFIS6WIZ+dk3u/RtCCC+yZ6x3wRr9CqVZ/Xr0fs02wOnKUSlZDpuu28Hsb1BtQM/+aq1YgcEsudCepRkSyNf8V38xx4T+iiBBFvVLlMNE6CC7Jk4Uc/tO/fv1xaFpmo4Pmu/\"\r\n
        \           }\r\n          ]\r\n        },\r\n        \"provisionVMAgent\":
        true,\r\n        \"patchSettings\": {\r\n          \"patchMode\": \"ImageDefault\",\r\n
        \         \"assessmentMode\": \"ImageDefault\"\r\n        },\r\n        \"enableVMAgentPlatformUpdates\":
        false\r\n      },\r\n      \"secrets\": [],\r\n      \"allowExtensionOperations\":
        true,\r\n      \"requireGuestProvisionSignal\": true\r\n    },\r\n    \"networkProfile\":
        {\"networkInterfaces\":[{\"id\":\"/subscriptions/00000000-0000-0000-0000-000000000000/resourceGroups/cli_test_restore_point_collection000001/providers/Microsoft.Network/networkInterfaces/vm_000003VMNic\"}]},\r\n
        \   \"provisioningState\": \"Succeeded\",\r\n    \"instanceView\": {\r\n      \"computerName\":
        \"vm6top3elx6v6h\",\r\n      \"osName\": \"ubuntu\",\r\n      \"osVersion\":
        \"18.04\",\r\n      \"vmAgent\": {\r\n        \"vmAgentVersion\": \"2.8.0.5\",\r\n
        \       \"statuses\": [\r\n          {\r\n            \"code\": \"ProvisioningState/succeeded\",\r\n
        \           \"level\": \"Info\",\r\n            \"displayStatus\": \"Ready\",\r\n
        \           \"message\": \"Guest Agent is running\",\r\n            \"time\":
        \"2022-05-18T12:42:52+00:00\"\r\n          }\r\n        ],\r\n        \"extensionHandlers\":
        []\r\n      },\r\n      \"disks\": [\r\n        {\r\n          \"name\": \"vm_000003_disk1_c43d48ee415646bca25cdabf1e9c1179\",\r\n
        \         \"statuses\": [\r\n            {\r\n              \"code\": \"ProvisioningState/succeeded\",\r\n
        \             \"level\": \"Info\",\r\n              \"displayStatus\": \"Provisioning
        succeeded\",\r\n              \"time\": \"2022-05-18T12:42:26.6603894+00:00\"\r\n
        \           }\r\n          ]\r\n        }\r\n      ],\r\n      \"hyperVGeneration\":
        \"V1\",\r\n      \"statuses\": [\r\n        {\r\n          \"code\": \"ProvisioningState/succeeded\",\r\n
        \         \"level\": \"Info\",\r\n          \"displayStatus\": \"Provisioning
        succeeded\",\r\n          \"time\": \"2022-05-18T12:42:35.2231438+00:00\"\r\n
        \       },\r\n        {\r\n          \"code\": \"PowerState/running\",\r\n
        \         \"level\": \"Info\",\r\n          \"displayStatus\": \"VM running\"\r\n
        \       }\r\n      ]\r\n    },\r\n    \"timeCreated\": \"2022-05-18T12:42:25.3790495+00:00\"\r\n
        \ }\r\n}"
    headers:
      cache-control:
      - no-cache
      content-length:
      - '3952'
      content-type:
      - application/json; charset=utf-8
      date:
      - Wed, 18 May 2022 12:43:08 GMT
      expires:
      - '-1'
      pragma:
      - no-cache
      server:
      - Microsoft-HTTPAPI/2.0
      - Microsoft-HTTPAPI/2.0
      strict-transport-security:
      - max-age=31536000; includeSubDomains
      transfer-encoding:
      - chunked
      vary:
      - Accept-Encoding
      x-content-type-options:
      - nosniff
      x-ms-ratelimit-remaining-resource:
      - Microsoft.Compute/LowCostGet3Min;3978,Microsoft.Compute/LowCostGet30Min;31708
    status:
      code: 200
      message: OK
- request:
    body: null
    headers:
      Accept:
      - application/json, text/json
      Accept-Encoding:
      - gzip, deflate
      CommandName:
      - vm create
      Connection:
      - keep-alive
      ParameterSetName:
      - -n -g --image --admin-username
      User-Agent:
      - AZURECLI/2.36.0 azsdk-python-azure-mgmt-network/19.3.0 Python/3.8.10 (Windows-10-10.0.22000-SP0)
    method: GET
    uri: https://management.azure.com/subscriptions/00000000-0000-0000-0000-000000000000/resourceGroups/cli_test_restore_point_collection000001/providers/Microsoft.Network/networkInterfaces/vm_000003VMNic?api-version=2018-01-01
  response:
    body:
      string: "{\r\n  \"name\": \"vm_000003VMNic\",\r\n  \"id\": \"/subscriptions/00000000-0000-0000-0000-000000000000/resourceGroups/cli_test_restore_point_collection000001/providers/Microsoft.Network/networkInterfaces/vm_000003VMNic\",\r\n
        \ \"etag\": \"W/\\\"ade8d975-031e-461e-96ae-093b0e5af2d5\\\"\",\r\n  \"location\":
        \"westus\",\r\n  \"tags\": {},\r\n  \"properties\": {\r\n    \"provisioningState\":
        \"Succeeded\",\r\n    \"resourceGuid\": \"80aeaf0b-e608-42d0-b1d0-5e9f951fb81f\",\r\n
        \   \"ipConfigurations\": [\r\n      {\r\n        \"name\": \"ipconfigvm_000003\",\r\n
        \       \"id\": \"/subscriptions/00000000-0000-0000-0000-000000000000/resourceGroups/cli_test_restore_point_collection000001/providers/Microsoft.Network/networkInterfaces/vm_000003VMNic/ipConfigurations/ipconfigvm_000003\",\r\n
        \       \"etag\": \"W/\\\"ade8d975-031e-461e-96ae-093b0e5af2d5\\\"\",\r\n
        \       \"type\": \"Microsoft.Network/networkInterfaces/ipConfigurations\",\r\n
        \       \"properties\": {\r\n          \"provisioningState\": \"Succeeded\",\r\n
        \         \"privateIPAddress\": \"10.0.0.4\",\r\n          \"privateIPAllocationMethod\":
        \"Dynamic\",\r\n          \"publicIPAddress\": {\r\n            \"id\": \"/subscriptions/00000000-0000-0000-0000-000000000000/resourceGroups/cli_test_restore_point_collection000001/providers/Microsoft.Network/publicIPAddresses/vm_000003PublicIP\"\r\n
        \         },\r\n          \"subnet\": {\r\n            \"id\": \"/subscriptions/00000000-0000-0000-0000-000000000000/resourceGroups/cli_test_restore_point_collection000001/providers/Microsoft.Network/virtualNetworks/vm_000003VNET/subnets/vm_000003Subnet\"\r\n
        \         },\r\n          \"primary\": true,\r\n          \"privateIPAddressVersion\":
        \"IPv4\"\r\n        }\r\n      }\r\n    ],\r\n    \"dnsSettings\": {\r\n      \"dnsServers\":
        [],\r\n      \"appliedDnsServers\": [],\r\n      \"internalDomainNameSuffix\":
        \"fnuuw0kaniqu3hwari5vrcr0cd.dx.internal.cloudapp.net\"\r\n    },\r\n    \"macAddress\":
        \"00-0D-3A-59-70-BE\",\r\n    \"enableIPForwarding\": false,\r\n    \"networkSecurityGroup\":
        {\r\n      \"id\": \"/subscriptions/00000000-0000-0000-0000-000000000000/resourceGroups/cli_test_restore_point_collection000001/providers/Microsoft.Network/networkSecurityGroups/vm_000003NSG\"\r\n
        \   },\r\n    \"primary\": true,\r\n    \"virtualMachine\": {\r\n      \"id\":
        \"/subscriptions/00000000-0000-0000-0000-000000000000/resourceGroups/cli_test_restore_point_collection000001/providers/Microsoft.Compute/virtualMachines/vm_000003\"\r\n
        \   }\r\n  },\r\n  \"type\": \"Microsoft.Network/networkInterfaces\"\r\n}"
    headers:
      cache-control:
      - no-cache
      content-length:
      - '2369'
      content-type:
      - application/json; charset=utf-8
      date:
      - Wed, 18 May 2022 12:43:10 GMT
      etag:
      - W/"ade8d975-031e-461e-96ae-093b0e5af2d5"
      expires:
      - '-1'
      pragma:
      - no-cache
      server:
      - Microsoft-HTTPAPI/2.0
      - Microsoft-HTTPAPI/2.0
      strict-transport-security:
      - max-age=31536000; includeSubDomains
      transfer-encoding:
      - chunked
      vary:
      - Accept-Encoding
      x-content-type-options:
      - nosniff
      x-ms-arm-service-request-id:
      - 0f1be602-224a-4e75-b846-67ffa75b8cb3
    status:
      code: 200
      message: OK
- request:
    body: null
    headers:
      Accept:
      - application/json, text/json
      Accept-Encoding:
      - gzip, deflate
      CommandName:
      - vm create
      Connection:
      - keep-alive
      ParameterSetName:
      - -n -g --image --admin-username
      User-Agent:
      - AZURECLI/2.36.0 azsdk-python-azure-mgmt-network/19.3.0 Python/3.8.10 (Windows-10-10.0.22000-SP0)
    method: GET
    uri: https://management.azure.com/subscriptions/00000000-0000-0000-0000-000000000000/resourceGroups/cli_test_restore_point_collection000001/providers/Microsoft.Network/publicIPAddresses/vm_000003PublicIP?api-version=2018-01-01
  response:
    body:
      string: "{\r\n  \"name\": \"vm_000003PublicIP\",\r\n  \"id\": \"/subscriptions/00000000-0000-0000-0000-000000000000/resourceGroups/cli_test_restore_point_collection000001/providers/Microsoft.Network/publicIPAddresses/vm_000003PublicIP\",\r\n
        \ \"etag\": \"W/\\\"2ea17b9a-55cb-48e5-a6a5-87909a989744\\\"\",\r\n  \"location\":
        \"westus\",\r\n  \"tags\": {},\r\n  \"properties\": {\r\n    \"provisioningState\":
        \"Succeeded\",\r\n    \"resourceGuid\": \"b58499ae-c08e-44a2-be29-eb01b87f5d6f\",\r\n
        \   \"ipAddress\": \"20.237.232.50\",\r\n    \"publicIPAddressVersion\": \"IPv4\",\r\n
        \   \"publicIPAllocationMethod\": \"Dynamic\",\r\n    \"idleTimeoutInMinutes\":
        4,\r\n    \"ipTags\": [],\r\n    \"ipConfiguration\": {\r\n      \"id\": \"/subscriptions/00000000-0000-0000-0000-000000000000/resourceGroups/cli_test_restore_point_collection000001/providers/Microsoft.Network/networkInterfaces/vm_000003VMNic/ipConfigurations/ipconfigvm_000003\"\r\n
        \   }\r\n  },\r\n  \"type\": \"Microsoft.Network/publicIPAddresses\",\r\n
        \ \"sku\": {\r\n    \"name\": \"Basic\"\r\n  }\r\n}"
    headers:
      cache-control:
      - no-cache
      content-length:
      - '949'
      content-type:
      - application/json; charset=utf-8
      date:
      - Wed, 18 May 2022 12:43:10 GMT
      etag:
      - W/"2ea17b9a-55cb-48e5-a6a5-87909a989744"
      expires:
      - '-1'
      pragma:
      - no-cache
      server:
      - Microsoft-HTTPAPI/2.0
      - Microsoft-HTTPAPI/2.0
      strict-transport-security:
      - max-age=31536000; includeSubDomains
      transfer-encoding:
      - chunked
      vary:
      - Accept-Encoding
      x-content-type-options:
      - nosniff
      x-ms-arm-service-request-id:
      - da02fff4-552e-4a41-9afa-a93d7b665836
    status:
      code: 200
      message: OK
- request:
    body: null
    headers:
      Accept:
      - application/json
      Accept-Encoding:
      - gzip, deflate
      CommandName:
      - restore-point collection create
      Connection:
      - keep-alive
      ParameterSetName:
      - -g --collection-name --source-id
      User-Agent:
      - AZURECLI/2.36.0 azsdk-python-azure-mgmt-resource/20.0.0 Python/3.8.10 (Windows-10-10.0.22000-SP0)
    method: GET
    uri: https://management.azure.com/subscriptions/00000000-0000-0000-0000-000000000000/resourcegroups/cli_test_restore_point_collection000001?api-version=2021-04-01
  response:
    body:
      string: '{"id":"/subscriptions/00000000-0000-0000-0000-000000000000/resourceGroups/cli_test_restore_point_collection000001","name":"cli_test_restore_point_collection000001","type":"Microsoft.Resources/resourceGroups","location":"westus","tags":{"product":"azurecli","cause":"automation","date":"2022-05-18T12:41:17Z"},"properties":{"provisioningState":"Succeeded"}}'
    headers:
      cache-control:
      - no-cache
      content-length:
      - '356'
      content-type:
      - application/json; charset=utf-8
      date:
      - Wed, 18 May 2022 12:43:11 GMT
      expires:
      - '-1'
      pragma:
      - no-cache
      strict-transport-security:
      - max-age=31536000; includeSubDomains
      vary:
      - Accept-Encoding
      x-content-type-options:
      - nosniff
    status:
      code: 200
      message: OK
- request:
    body: '{"location": "westus", "properties": {"source": {"id": "/subscriptions/00000000-0000-0000-0000-000000000000/resourceGroups/cli_test_restore_point_collection000001/providers/Microsoft.Compute/virtualMachines/vm_000003"}}}'
    headers:
      Accept:
      - application/json
      Accept-Encoding:
      - gzip, deflate
      CommandName:
      - restore-point collection create
      Connection:
      - keep-alive
      Content-Length:
      - '220'
      Content-Type:
      - application/json
      ParameterSetName:
      - -g --collection-name --source-id
      User-Agent:
      - AZURECLI/2.36.0 azsdk-python-azure-mgmt-compute/27.0.0 Python/3.8.10 (Windows-10-10.0.22000-SP0)
    method: PUT
    uri: https://management.azure.com/subscriptions/00000000-0000-0000-0000-000000000000/resourceGroups/cli_test_restore_point_collection000001/providers/Microsoft.Compute/restorePointCollections/point_000002?api-version=2022-03-01
  response:
    body:
      string: "{\r\n  \"name\": \"point_000002\",\r\n  \"id\": \"/subscriptions/00000000-0000-0000-0000-000000000000/resourceGroups/cli_test_restore_point_collection000001/providers/Microsoft.Compute/restorePointCollections/point_000002\",\r\n
        \ \"type\": \"Microsoft.Compute/restorePointCollections\",\r\n  \"location\":
        \"westus\",\r\n  \"properties\": {\r\n    \"source\": {\r\n      \"location\":
        \"westus\",\r\n      \"id\": \"/subscriptions/00000000-0000-0000-0000-000000000000/resourceGroups/cli_test_restore_point_collection000001/providers/Microsoft.Compute/virtualMachines/vm_000003\"\r\n
        \   },\r\n    \"restorePointCollectionId\": \"dddd2339-a02c-4331-be8d-cad13566b0bb\",\r\n
        \   \"provisioningState\": \"Succeeded\"\r\n  }\r\n}"
    headers:
      cache-control:
      - no-cache
      content-length:
      - '661'
      content-type:
      - application/json; charset=utf-8
      date:
      - Wed, 18 May 2022 12:43:16 GMT
      expires:
      - '-1'
      pragma:
      - no-cache
      server:
      - Microsoft-HTTPAPI/2.0
      - Microsoft-HTTPAPI/2.0
      strict-transport-security:
      - max-age=31536000; includeSubDomains
      x-content-type-options:
      - nosniff
      x-ms-ratelimit-remaining-resource:
      - Microsoft.Compute/CreateRestorePoints3Min;119,Microsoft.Compute/CreateRestorePoints30Min;599
      x-ms-ratelimit-remaining-subscription-writes:
      - '1183'
    status:
      code: 201
      message: Created
- request:
    body: '{"tags": {"tag": "test"}}'
    headers:
      Accept:
      - application/json
      Accept-Encoding:
      - gzip, deflate
      CommandName:
      - restore-point collection update
      Connection:
      - keep-alive
      Content-Length:
      - '25'
      Content-Type:
      - application/json
      ParameterSetName:
      - -g --collection-name --tags
      User-Agent:
      - AZURECLI/2.36.0 azsdk-python-azure-mgmt-compute/27.0.0 Python/3.8.10 (Windows-10-10.0.22000-SP0)
    method: PATCH
    uri: https://management.azure.com/subscriptions/00000000-0000-0000-0000-000000000000/resourceGroups/cli_test_restore_point_collection000001/providers/Microsoft.Compute/restorePointCollections/point_000002?api-version=2022-03-01
  response:
    body:
      string: "{\r\n  \"name\": \"point_000002\",\r\n  \"id\": \"/subscriptions/00000000-0000-0000-0000-000000000000/resourceGroups/cli_test_restore_point_collection000001/providers/Microsoft.Compute/restorePointCollections/point_000002\",\r\n
        \ \"type\": \"Microsoft.Compute/restorePointCollections\",\r\n  \"location\":
        \"westus\",\r\n  \"tags\": {\r\n    \"tag\": \"test\"\r\n  },\r\n  \"properties\":
        {\r\n    \"source\": {\r\n      \"location\": \"westus\",\r\n      \"id\":
        \"/subscriptions/00000000-0000-0000-0000-000000000000/resourceGroups/cli_test_restore_point_collection000001/providers/Microsoft.Compute/virtualMachines/vm_000003\"\r\n
        \   },\r\n    \"restorePointCollectionId\": \"dddd2339-a02c-4331-be8d-cad13566b0bb\",\r\n
        \   \"provisioningState\": \"Succeeded\"\r\n  }\r\n}"
    headers:
      cache-control:
      - no-cache
      content-length:
      - '699'
      content-type:
      - application/json; charset=utf-8
      date:
      - Wed, 18 May 2022 12:43:20 GMT
      expires:
      - '-1'
      pragma:
      - no-cache
      server:
      - Microsoft-HTTPAPI/2.0
      - Microsoft-HTTPAPI/2.0
      strict-transport-security:
      - max-age=31536000; includeSubDomains
      transfer-encoding:
      - chunked
      vary:
      - Accept-Encoding
      x-content-type-options:
      - nosniff
      x-ms-ratelimit-remaining-resource:
      - Microsoft.Compute/CreateRestorePoints3Min;118,Microsoft.Compute/CreateRestorePoints30Min;598
      x-ms-ratelimit-remaining-subscription-writes:
      - '1178'
    status:
      code: 200
      message: OK
- request:
    body: null
    headers:
      Accept:
      - application/json
      Accept-Encoding:
      - gzip, deflate
      CommandName:
      - restore-point collection show
      Connection:
      - keep-alive
      ParameterSetName:
      - -g --collection-name
      User-Agent:
      - AZURECLI/2.36.0 azsdk-python-azure-mgmt-compute/27.0.0 Python/3.8.10 (Windows-10-10.0.22000-SP0)
    method: GET
    uri: https://management.azure.com/subscriptions/00000000-0000-0000-0000-000000000000/resourceGroups/cli_test_restore_point_collection000001/providers/Microsoft.Compute/restorePointCollections/point_000002?api-version=2022-03-01
  response:
    body:
      string: "{\r\n  \"name\": \"point_000002\",\r\n  \"id\": \"/subscriptions/00000000-0000-0000-0000-000000000000/resourceGroups/cli_test_restore_point_collection000001/providers/Microsoft.Compute/restorePointCollections/point_000002\",\r\n
        \ \"type\": \"Microsoft.Compute/restorePointCollections\",\r\n  \"location\":
        \"westus\",\r\n  \"tags\": {\r\n    \"tag\": \"test\"\r\n  },\r\n  \"properties\":
        {\r\n    \"source\": {\r\n      \"location\": \"westus\",\r\n      \"id\":
        \"/subscriptions/00000000-0000-0000-0000-000000000000/resourceGroups/cli_test_restore_point_collection000001/providers/Microsoft.Compute/virtualMachines/vm_000003\"\r\n
        \   },\r\n    \"restorePointCollectionId\": \"dddd2339-a02c-4331-be8d-cad13566b0bb\",\r\n
        \   \"provisioningState\": \"Succeeded\"\r\n  }\r\n}"
    headers:
      cache-control:
      - no-cache
      content-length:
      - '699'
      content-type:
      - application/json; charset=utf-8
      date:
      - Wed, 18 May 2022 12:43:21 GMT
      expires:
      - '-1'
      pragma:
      - no-cache
      server:
      - Microsoft-HTTPAPI/2.0
      - Microsoft-HTTPAPI/2.0
      strict-transport-security:
      - max-age=31536000; includeSubDomains
      transfer-encoding:
      - chunked
      vary:
      - Accept-Encoding
      x-content-type-options:
      - nosniff
      x-ms-ratelimit-remaining-resource:
      - Microsoft.Compute/LowCostGetRestorePoint3Min;499,Microsoft.Compute/LowCostGetRestorePoint30Min;2499
    status:
      code: 200
      message: OK
- request:
    body: null
    headers:
      Accept:
      - application/json
      Accept-Encoding:
      - gzip, deflate
      CommandName:
      - restore-point collection list
      Connection:
      - keep-alive
      ParameterSetName:
      - -g
      User-Agent:
      - AZURECLI/2.36.0 azsdk-python-azure-mgmt-compute/27.0.0 Python/3.8.10 (Windows-10-10.0.22000-SP0)
    method: GET
    uri: https://management.azure.com/subscriptions/00000000-0000-0000-0000-000000000000/resourceGroups/cli_test_restore_point_collection000001/providers/Microsoft.Compute/restorePointCollections?api-version=2022-03-01
  response:
    body:
      string: "{\r\n  \"value\": [\r\n    {\r\n      \"name\": \"point_000002\",\r\n
        \     \"id\": \"/subscriptions/00000000-0000-0000-0000-000000000000/resourceGroups/cli_test_restore_point_collection000001/providers/Microsoft.Compute/restorePointCollections/point_000002\",\r\n
        \     \"type\": \"Microsoft.Compute/restorePointCollections\",\r\n      \"location\":
        \"westus\",\r\n      \"tags\": {\r\n        \"tag\": \"test\"\r\n      },\r\n
        \     \"properties\": {\r\n        \"source\": {\r\n          \"location\":
        \"westus\",\r\n          \"id\": \"/subscriptions/00000000-0000-0000-0000-000000000000/resourceGroups/cli_test_restore_point_collection000001/providers/Microsoft.Compute/virtualMachines/vm_000003\"\r\n
        \       },\r\n        \"restorePointCollectionId\": \"dddd2339-a02c-4331-be8d-cad13566b0bb\",\r\n
        \       \"provisioningState\": \"Succeeded\"\r\n      }\r\n    }\r\n  ]\r\n}"
    headers:
      cache-control:
      - no-cache
      content-length:
      - '792'
      content-type:
      - application/json; charset=utf-8
      date:
      - Wed, 18 May 2022 12:43:22 GMT
      expires:
      - '-1'
      pragma:
      - no-cache
      server:
      - Microsoft-HTTPAPI/2.0
      - Microsoft-HTTPAPI/2.0
      strict-transport-security:
      - max-age=31536000; includeSubDomains
      transfer-encoding:
      - chunked
      vary:
      - Accept-Encoding
      x-content-type-options:
      - nosniff
      x-ms-ratelimit-remaining-resource:
      - Microsoft.Compute/HighCostGetRestorePoint3Min;119,Microsoft.Compute/HighCostGetRestorePoint30Min;1199
    status:
      code: 200
      message: OK
- request:
    body: null
    headers:
      Accept:
      - application/json
      Accept-Encoding:
      - gzip, deflate
      CommandName:
      - restore-point collection list-all
      Connection:
      - keep-alive
      User-Agent:
      - AZURECLI/2.36.0 azsdk-python-azure-mgmt-compute/27.0.0 Python/3.8.10 (Windows-10-10.0.22000-SP0)
    method: GET
    uri: https://management.azure.com/subscriptions/00000000-0000-0000-0000-000000000000/providers/Microsoft.Compute/restorePointCollections?api-version=2022-03-01
  response:
    body:
      string: "{\r\n  \"value\": [\r\n    {\r\n      \"name\": \"point_000002\",\r\n
        \     \"id\": \"/subscriptions/00000000-0000-0000-0000-000000000000/resourceGroups/CLI_TEST_RESTORE_POINT_COLLECTIONUP5LBIHXUEKPXOWVU77NO2OQBZU4UH46MIUZ33XM5J/providers/Microsoft.Compute/restorePointCollections/point_000002\",\r\n
        \     \"type\": \"Microsoft.Compute/restorePointCollections\",\r\n      \"location\":
        \"westus\",\r\n      \"tags\": {\r\n        \"tag\": \"test\"\r\n      },\r\n
        \     \"properties\": {\r\n        \"source\": {\r\n          \"location\":
        \"westus\",\r\n          \"id\": \"/subscriptions/00000000-0000-0000-0000-000000000000/resourceGroups/cli_test_restore_point_collection000001/providers/Microsoft.Compute/virtualMachines/vm_000003\"\r\n
        \       },\r\n        \"restorePointCollectionId\": \"dddd2339-a02c-4331-be8d-cad13566b0bb\",\r\n
        \       \"provisioningState\": \"Succeeded\"\r\n      }\r\n    }\r\n  ]\r\n}"
    headers:
      cache-control:
      - no-cache
      content-length:
      - '828'
      content-type:
      - application/json; charset=utf-8
      date:
      - Wed, 18 May 2022 12:43:25 GMT
      expires:
      - '-1'
      pragma:
      - no-cache
      server:
      - Microsoft-HTTPAPI/2.0
      - Microsoft-HTTPAPI/2.0
      strict-transport-security:
      - max-age=31536000; includeSubDomains
      transfer-encoding:
      - chunked
      vary:
      - Accept-Encoding
      x-content-type-options:
      - nosniff
      x-ms-ratelimit-remaining-resource:
      - Microsoft.Compute/HighCostGetRestorePoint3Min;118,Microsoft.Compute/HighCostGetRestorePoint30Min;1198
    status:
      code: 200
      message: OK
- request:
    body: null
    headers:
      Accept:
      - application/json
      Accept-Encoding:
      - gzip, deflate
      CommandName:
      - restore-point collection delete
      Connection:
      - keep-alive
      Content-Length:
      - '0'
      ParameterSetName:
      - -g --collection-name -y
      User-Agent:
      - AZURECLI/2.36.0 azsdk-python-azure-mgmt-compute/27.0.0 Python/3.8.10 (Windows-10-10.0.22000-SP0)
    method: DELETE
    uri: https://management.azure.com/subscriptions/00000000-0000-0000-0000-000000000000/resourceGroups/cli_test_restore_point_collection000001/providers/Microsoft.Compute/restorePointCollections/point_000002?api-version=2022-03-01
  response:
    body:
      string: ''
    headers:
      azure-asyncnotification:
      - Enabled
      azure-asyncoperation:
      - https://management.azure.com/subscriptions/00000000-0000-0000-0000-000000000000/providers/Microsoft.Compute/locations/westus/operations/9ccdde3d-ad21-43e0-bca8-f1e0a16c1a56?p=571046f6-b640-41c1-86f7-f9f044b5adf9&api-version=2022-03-01
      cache-control:
      - no-cache
      content-length:
      - '0'
      date:
      - Wed, 18 May 2022 12:43:27 GMT
      expires:
      - '-1'
      location:
      - https://management.azure.com/subscriptions/00000000-0000-0000-0000-000000000000/providers/Microsoft.Compute/locations/westus/operations/9ccdde3d-ad21-43e0-bca8-f1e0a16c1a56?p=571046f6-b640-41c1-86f7-f9f044b5adf9&monitor=true&api-version=2022-03-01
      pragma:
      - no-cache
      server:
      - Microsoft-HTTPAPI/2.0
      - Microsoft-HTTPAPI/2.0
      strict-transport-security:
      - max-age=31536000; includeSubDomains
      x-content-type-options:
      - nosniff
      x-ms-ratelimit-remaining-resource:
      - Microsoft.Compute/DeleteRestorePoints3Min;349,Microsoft.Compute/DeleteRestorePoints30Min;999
      x-ms-ratelimit-remaining-subscription-deletes:
      - '14994'
    status:
      code: 202
      message: Accepted
- request:
    body: null
    headers:
      Accept:
      - '*/*'
      Accept-Encoding:
      - gzip, deflate
      CommandName:
      - restore-point collection delete
      Connection:
      - keep-alive
      ParameterSetName:
      - -g --collection-name -y
      User-Agent:
      - AZURECLI/2.36.0 azsdk-python-azure-mgmt-compute/27.0.0 Python/3.8.10 (Windows-10-10.0.22000-SP0)
    method: GET
    uri: https://management.azure.com/subscriptions/00000000-0000-0000-0000-000000000000/providers/Microsoft.Compute/locations/westus/operations/9ccdde3d-ad21-43e0-bca8-f1e0a16c1a56?p=571046f6-b640-41c1-86f7-f9f044b5adf9&api-version=2022-03-01
  response:
    body:
      string: "{\r\n  \"startTime\": \"2022-05-18T12:43:28.2407466+00:00\",\r\n  \"endTime\":
        \"2022-05-18T12:43:28.3032494+00:00\",\r\n  \"status\": \"Succeeded\",\r\n
        \ \"name\": \"9ccdde3d-ad21-43e0-bca8-f1e0a16c1a56\"\r\n}"
    headers:
      cache-control:
      - no-cache
      content-length:
      - '184'
      content-type:
      - application/json; charset=utf-8
      date:
      - Wed, 18 May 2022 12:43:58 GMT
      expires:
      - '-1'
      pragma:
      - no-cache
      server:
      - Microsoft-HTTPAPI/2.0
      - Microsoft-HTTPAPI/2.0
      strict-transport-security:
      - max-age=31536000; includeSubDomains
      transfer-encoding:
      - chunked
      vary:
      - Accept-Encoding
      x-content-type-options:
      - nosniff
      x-ms-ratelimit-remaining-resource:
      - Microsoft.Compute/GetOperation3Min;14998,Microsoft.Compute/GetOperation30Min;29815
    status:
      code: 200
      message: OK
version: 1
