interactions:
- request:
    body: null
    headers:
      Accept:
      - application/json
      Accept-Encoding:
      - gzip, deflate
      CommandName:
      - vmss create
      Connection:
      - keep-alive
      ParameterSetName:
      - -g -n --image --enable-agent --patch-mode --generate-ssh-keys --instance-count
        --admin-username
      User-Agent:
      - AZURECLI/2.56.0 azsdk-python-azure-mgmt-resource/23.1.0b2 Python/3.10.11 (Windows-10-10.0.22631-SP0)
    method: GET
    uri: https://management.azure.com/subscriptions/00000000-0000-0000-0000-000000000000/resourcegroups/cli_test_vmss_linux_patch_mode_000001?api-version=2022-09-01
  response:
    body:
      string: '{"id":"/subscriptions/00000000-0000-0000-0000-000000000000/resourceGroups/cli_test_vmss_linux_patch_mode_000001","name":"cli_test_vmss_linux_patch_mode_000001","type":"Microsoft.Resources/resourceGroups","location":"westus","tags":{"product":"azurecli","cause":"automation","test":"test_vmss_linux_patch_mode","date":"2024-01-03T06:46:33Z","module":"vm"},"properties":{"provisioningState":"Succeeded"}}'
    headers:
      cache-control:
      - no-cache
      content-length:
      - '402'
      content-type:
      - application/json; charset=utf-8
      date:
      - Wed, 03 Jan 2024 06:46:34 GMT
      expires:
      - '-1'
      pragma:
      - no-cache
      strict-transport-security:
      - max-age=31536000; includeSubDomains
      vary:
      - Accept-Encoding
      x-content-type-options:
      - nosniff
    status:
      code: 200
      message: OK
- request:
    body: null
    headers:
      Accept:
      - application/json
      Accept-Encoding:
      - gzip, deflate
      CommandName:
      - vmss create
      Connection:
      - keep-alive
      ParameterSetName:
      - -g -n --image --enable-agent --patch-mode --generate-ssh-keys --instance-count
        --admin-username
      User-Agent:
      - AZURECLI/2.56.0 azsdk-python-azure-mgmt-compute/30.4.0 Python/3.10.11 (Windows-10-10.0.22631-SP0)
    method: GET
    uri: https://management.azure.com/subscriptions/00000000-0000-0000-0000-000000000000/providers/Microsoft.Compute/locations/westus/publishers/Canonical/artifacttypes/vmimage/offers/UbuntuServer/skus/18.04-LTS/versions?$top=1&$orderby=name%20desc&api-version=2023-09-01
  response:
    body:
      string: "[\r\n  {\r\n    \"location\": \"westus\",\r\n    \"name\": \"18.04.202306070\"\
        ,\r\n    \"id\": \"/Subscriptions/00000000-0000-0000-0000-000000000000/Providers/Microsoft.Compute/Locations/westus/Publishers/Canonical/ArtifactTypes/VMImage/Offers/UbuntuServer/Skus/18.04-LTS/Versions/18.04.202306070\"\
        \r\n  }\r\n]"
    headers:
      cache-control:
      - no-cache
      content-length:
      - '286'
      content-type:
      - application/json; charset=utf-8
      date:
      - Wed, 03 Jan 2024 06:46:34 GMT
      expires:
      - '-1'
      pragma:
      - no-cache
      server:
      - Microsoft-HTTPAPI/2.0
      - Microsoft-HTTPAPI/2.0
      strict-transport-security:
      - max-age=31536000; includeSubDomains
      transfer-encoding:
      - chunked
      vary:
      - Accept-Encoding
      x-content-type-options:
      - nosniff
      x-ms-ratelimit-remaining-resource:
      - Microsoft.Compute/ListVMImagesVersionsFromLocation3Min;15994,Microsoft.Compute/ListVMImagesVersionsFromLocation30Min;43994
    status:
      code: 200
      message: OK
- request:
    body: null
    headers:
      Accept:
      - application/json
      Accept-Encoding:
      - gzip, deflate
      CommandName:
      - vmss create
      Connection:
      - keep-alive
      ParameterSetName:
      - -g -n --image --enable-agent --patch-mode --generate-ssh-keys --instance-count
        --admin-username
      User-Agent:
      - AZURECLI/2.56.0 azsdk-python-azure-mgmt-compute/30.4.0 Python/3.10.11 (Windows-10-10.0.22631-SP0)
    method: GET
    uri: https://management.azure.com/subscriptions/00000000-0000-0000-0000-000000000000/providers/Microsoft.Compute/locations/westus/publishers/Canonical/artifacttypes/vmimage/offers/UbuntuServer/skus/18.04-LTS/versions/18.04.202306070?api-version=2023-09-01
  response:
    body:
      string: "{\r\n  \"properties\": {\r\n    \"hyperVGeneration\": \"V1\",\r\n \
        \   \"architecture\": \"x64\",\r\n    \"replicaType\": \"Unmanaged\",\r\n\
        \    \"disallowed\": {\r\n      \"vmDiskType\": \"None\"\r\n    },\r\n   \
        \ \"automaticOSUpgradeProperties\": {\r\n      \"automaticOSUpgradeSupported\"\
        : true\r\n    },\r\n    \"imageDeprecationStatus\": {\r\n      \"imageState\"\
        : \"Active\"\r\n    },\r\n    \"features\": [\r\n      {\r\n        \"name\"\
        : \"IsAcceleratedNetworkSupported\",\r\n        \"value\": \"True\"\r\n  \
        \    },\r\n      {\r\n        \"name\": \"DiskControllerTypes\",\r\n     \
        \   \"value\": \"SCSI, NVMe\"\r\n      },\r\n      {\r\n        \"name\":\
        \ \"IsHibernateSupported\",\r\n        \"value\": \"True\"\r\n      }\r\n\
        \    ],\r\n    \"osDiskImage\": {\r\n      \"operatingSystem\": \"Linux\"\
        ,\r\n      \"sizeInBytes\": 32213303808\r\n    },\r\n    \"dataDiskImages\"\
        : []\r\n  },\r\n  \"location\": \"westus\",\r\n  \"name\": \"18.04.202306070\"\
        ,\r\n  \"id\": \"/Subscriptions/00000000-0000-0000-0000-000000000000/Providers/Microsoft.Compute/Locations/westus/Publishers/Canonical/ArtifactTypes/VMImage/Offers/UbuntuServer/Skus/18.04-LTS/Versions/18.04.202306070\"\
        \r\n}"
    headers:
      cache-control:
      - no-cache
      content-length:
      - '1025'
      content-type:
      - application/json; charset=utf-8
      date:
      - Wed, 03 Jan 2024 06:46:36 GMT
      expires:
      - '-1'
      pragma:
      - no-cache
      server:
      - Microsoft-HTTPAPI/2.0
      - Microsoft-HTTPAPI/2.0
      strict-transport-security:
      - max-age=31536000; includeSubDomains
      transfer-encoding:
      - chunked
      vary:
      - Accept-Encoding
      x-content-type-options:
      - nosniff
      x-ms-ratelimit-remaining-resource:
      - Microsoft.Compute/GetVMImageFromLocation3Min;12995,Microsoft.Compute/GetVMImageFromLocation30Min;73995
    status:
      code: 200
      message: OK
- request:
    body: null
    headers:
      Accept:
      - application/json
      Accept-Encoding:
      - gzip, deflate
      CommandName:
      - vmss create
      Connection:
      - keep-alive
      ParameterSetName:
      - -g -n --image --enable-agent --patch-mode --generate-ssh-keys --instance-count
        --admin-username
      User-Agent:
      - AZURECLI/2.56.0 (AAZ) azsdk-python-core/1.28.0 Python/3.10.11 (Windows-10-10.0.22631-SP0)
    method: GET
    uri: https://management.azure.com/subscriptions/00000000-0000-0000-0000-000000000000/resourceGroups/cli_test_vmss_linux_patch_mode_000001/providers/Microsoft.Network/virtualNetworks?api-version=2022-01-01
  response:
    body:
      string: '{"value":[]}'
    headers:
      cache-control:
      - no-cache
      content-length:
      - '12'
      content-type:
      - application/json; charset=utf-8
      date:
      - Wed, 03 Jan 2024 06:46:37 GMT
      expires:
      - '-1'
      pragma:
      - no-cache
      strict-transport-security:
      - max-age=31536000; includeSubDomains
      vary:
      - Accept-Encoding
      x-content-type-options:
      - nosniff
    status:
      code: 200
      message: OK
- request:
    body: '{"properties": {"template": {"$schema": "https://schema.management.azure.com/schemas/2015-01-01/deploymentTemplate.json#",
      "contentVersion": "1.0.0.0", "parameters": {}, "variables": {}, "resources":
      [{"name": "clitestvmss000002VNET", "type": "Microsoft.Network/virtualNetworks",
      "location": "westus", "apiVersion": "2015-06-15", "dependsOn": [], "tags": {},
      "properties": {"addressSpace": {"addressPrefixes": ["10.0.0.0/16"]}, "subnets":
      [{"name": "clitestvmss000002Subnet", "properties": {"addressPrefix": "10.0.0.0/24"}}]}},
      {"apiVersion": "2022-01-01", "type": "Microsoft.Network/publicIPAddresses",
      "name": "clitestvmss000002LBPublicIP", "location": "westus", "tags": {}, "dependsOn":
      [], "properties": {"publicIPAllocationMethod": "Static"}, "sku": {"name": "Standard"}},
      {"type": "Microsoft.Network/loadBalancers", "name": "clitestvmss000002LB", "location":
      "westus", "tags": {}, "apiVersion": "2022-01-01", "dependsOn": ["Microsoft.Network/virtualNetworks/clitestvmss000002VNET",
      "Microsoft.Network/publicIpAddresses/clitestvmss000002LBPublicIP"], "properties":
      {"backendAddressPools": [{"name": "clitestvmss000002LBBEPool"}], "frontendIPConfigurations":
      [{"name": "loadBalancerFrontEnd", "properties": {"publicIPAddress": {"id": "/subscriptions/00000000-0000-0000-0000-000000000000/resourceGroups/cli_test_vmss_linux_patch_mode_000001/providers/Microsoft.Network/publicIPAddresses/clitestvmss000002LBPublicIP"}}}],
      "loadBalancingRules": [{"name": "LBRule", "properties": {"frontendIPConfiguration":
      {"id": "[concat(resourceId(''Microsoft.Network/loadBalancers'', ''clitestvmss000002LB''),
      ''/frontendIPConfigurations/'', ''loadBalancerFrontEnd'')]"}, "backendAddressPool":
      {"id": "[concat(resourceId(''Microsoft.Network/loadBalancers'', ''clitestvmss000002LB''),
      ''/backendAddressPools/'', ''clitestvmss000002LBBEPool'')]"}, "protocol": "tcp",
      "frontendPort": 80, "backendPort": 80, "enableFloatingIP": false, "idleTimeoutInMinutes":
      5}}]}, "sku": {"name": "Standard"}}, {"type": "Microsoft.Network/networkSecurityGroups",
      "name": "clitestvmss000002NSG", "apiVersion": "2015-06-15", "location": "westus",
      "tags": {}, "dependsOn": [], "properties": {"securityRules": [{"name": "default-allow-ssh",
      "properties": {"protocol": "Tcp", "sourcePortRange": "*", "destinationPortRange":
      "22", "sourceAddressPrefix": "*", "destinationAddressPrefix": "*", "access":
      "Allow", "priority": 1000, "direction": "Inbound"}}]}}, {"type": "Microsoft.Network/loadBalancers/inboundNatRules",
      "apiVersion": "2022-01-01", "name": "clitestvmss000002LB/NatRule", "location":
      "westus", "properties": {"frontendIPConfiguration": {"id": "[concat(resourceId(''Microsoft.Network/loadBalancers'',
      ''clitestvmss000002LB''), ''/frontendIPConfigurations/'', ''loadBalancerFrontEnd'')]"},
      "backendAddressPool": {"id": "[concat(resourceId(''Microsoft.Network/loadBalancers'',
      ''clitestvmss000002LB''), ''/backendAddressPools/'', ''clitestvmss000002LBBEPool'')]"},
      "backendPort": 22, "frontendPortRangeStart": "50000", "frontendPortRangeEnd":
      "50119", "protocol": "tcp", "idleTimeoutInMinutes": 5}, "dependsOn": ["[concat(''Microsoft.Network/loadBalancers/'',
      ''clitestvmss000002LB'')]"]}, {"type": "Microsoft.Compute/virtualMachineScaleSets",
      "name": "clitestvmss000002", "location": "westus", "tags": {}, "apiVersion":
      "2023-09-01", "dependsOn": ["Microsoft.Network/virtualNetworks/clitestvmss000002VNET",
      "Microsoft.Network/loadBalancers/clitestvmss000002LB", "Microsoft.Network/networkSecurityGroups/clitestvmss000002NSG"],
      "properties": {"singlePlacementGroup": null, "platformFaultDomainCount": 1,
      "virtualMachineProfile": {"storageProfile": {"osDisk": {"createOption": "FromImage",
      "caching": "ReadWrite", "managedDisk": {"storageAccountType": null}}, "imageReference":
      {"publisher": "Canonical", "offer": "UbuntuServer", "sku": "18.04-LTS", "version":
      "latest"}}, "osProfile": {"computerNamePrefix": "clitestv", "adminUsername":
      "vmtest", "linuxConfiguration": {"disablePasswordAuthentication": true, "ssh":
      {"publicKeys": [{"path": "/home/vmtest/.ssh/authorized_keys", "keyData": "ssh-rsa
      AAAAB3NzaC1yc2EAAAADAQABAAABAQCey0/ipz0OxUGA6xunJY5HdhvlsyRf2JdpnRaH0UU5KsAiajLq5HifCzJAEpRvWXIIYKSrqNi+hSmKRXiGJaHnK0dm0QO8YvM/Ab+MZUZ0L9VRznMoLsexTgDEC6QidxP5VYxXQwzgvbK1kn1J+7QTmd9JzV4Q83EEIZM5VGp7DwuUzhSuUN4LNJ9TnsCpjZwDIqIIGo9kLRLov+CfPb50o/768pa4W87a7FDJc74gvu/Qh7K05ztWNABlqYk5QsSkLWosN/vCaR+Nlh6EroTUw679G0MLj2WD/P0vLbiy1Xgf2oZ4Q5vLOQfoU2SWNkzzmfpdu3o9+VWNQppUZPyt"}]},
      "provisionVMAgent": true, "patchSettings": {"patchMode": "ImageDefault"}}},
      "networkProfile": {"networkInterfaceConfigurations": [{"name": "clite5a01Nic",
      "properties": {"ipConfigurations": [{"name": "clite5a01IPConfig", "properties":
      {"subnet": {"id": "/subscriptions/00000000-0000-0000-0000-000000000000/resourceGroups/cli_test_vmss_linux_patch_mode_000001/providers/Microsoft.Network/virtualNetworks/clitestvmss000002VNET/subnets/clitestvmss000002Subnet"},
      "loadBalancerBackendAddressPools": [{"id": "/subscriptions/00000000-0000-0000-0000-000000000000/resourceGroups/cli_test_vmss_linux_patch_mode_000001/providers/Microsoft.Network/loadBalancers/clitestvmss000002LB/backendAddressPools/clitestvmss000002LBBEPool"}]}}],
      "networkSecurityGroup": {"id": "[resourceId(''Microsoft.Network/networkSecurityGroups'',
      ''clitestvmss000002NSG'')]"}, "primary": "true"}}], "networkApiVersion": "2020-11-01"}},
      "orchestrationMode": "Flexible"}, "sku": {"name": "Standard_DS1_v2", "capacity":
      0}}], "outputs": {"VMSS": {"type": "object", "value": "[reference(resourceId(''Microsoft.Compute/virtualMachineScaleSets'',
      ''clitestvmss000002''),providers(''Microsoft.Compute'', ''virtualMachineScaleSets'').apiVersions[0])]"}}},
      "parameters": {}, "mode": "incremental"}}'
    headers:
      Accept:
      - application/json
      Accept-Encoding:
      - gzip, deflate
      CommandName:
      - vmss create
      Connection:
      - keep-alive
      Content-Length:
      - '5656'
      Content-Type:
      - application/json
      ParameterSetName:
      - -g -n --image --enable-agent --patch-mode --generate-ssh-keys --instance-count
        --admin-username
      User-Agent:
      - AZURECLI/2.56.0 azsdk-python-azure-mgmt-resource/23.1.0b2 Python/3.10.11 (Windows-10-10.0.22631-SP0)
    method: PUT
    uri: https://management.azure.com/subscriptions/00000000-0000-0000-0000-000000000000/resourcegroups/cli_test_vmss_linux_patch_mode_000001/providers/Microsoft.Resources/deployments/mock-deployment?api-version=2022-09-01
  response:
    body:
      string: '{"id":"/subscriptions/00000000-0000-0000-0000-000000000000/resourceGroups/cli_test_vmss_linux_patch_mode_000001/providers/Microsoft.Resources/deployments/vmss_deploy_KqaP5KQ4ng827YbqMa2Z0a4GvCVndmLG","name":"vmss_deploy_KqaP5KQ4ng827YbqMa2Z0a4GvCVndmLG","type":"Microsoft.Resources/deployments","properties":{"templateHash":"5769485359103601979","parameters":{},"mode":"Incremental","provisioningState":"Accepted","timestamp":"2024-01-03T06:46:44.3970937Z","duration":"PT0.0001004S","correlationId":"44787ae0-52b9-4dab-81a3-a39a6a60eace","providers":[{"namespace":"Microsoft.Network","resourceTypes":[{"resourceType":"virtualNetworks","locations":["westus"]},{"resourceType":"publicIPAddresses","locations":["westus"]},{"resourceType":"loadBalancers","locations":["westus"]},{"resourceType":"networkSecurityGroups","locations":["westus"]},{"resourceType":"loadBalancers/inboundNatRules","locations":["westus"]}]},{"namespace":"Microsoft.Compute","resourceTypes":[{"resourceType":"virtualMachineScaleSets","locations":["westus"]}]}],"dependencies":[{"dependsOn":[{"id":"/subscriptions/00000000-0000-0000-0000-000000000000/resourceGroups/cli_test_vmss_linux_patch_mode_000001/providers/Microsoft.Network/virtualNetworks/clitestvmss000002VNET","resourceType":"Microsoft.Network/virtualNetworks","resourceName":"clitestvmss000002VNET"},{"id":"/subscriptions/00000000-0000-0000-0000-000000000000/resourceGroups/cli_test_vmss_linux_patch_mode_000001/providers/Microsoft.Network/publicIPAddresses/clitestvmss000002LBPublicIP","resourceType":"Microsoft.Network/publicIPAddresses","resourceName":"clitestvmss000002LBPublicIP"}],"id":"/subscriptions/00000000-0000-0000-0000-000000000000/resourceGroups/cli_test_vmss_linux_patch_mode_000001/providers/Microsoft.Network/loadBalancers/clitestvmss000002LB","resourceType":"Microsoft.Network/loadBalancers","resourceName":"clitestvmss000002LB"},{"dependsOn":[{"id":"/subscriptions/00000000-0000-0000-0000-000000000000/resourceGroups/cli_test_vmss_linux_patch_mode_000001/providers/Microsoft.Network/loadBalancers/clitestvmss000002LB","resourceType":"Microsoft.Network/loadBalancers","resourceName":"clitestvmss000002LB"}],"id":"/subscriptions/00000000-0000-0000-0000-000000000000/resourceGroups/cli_test_vmss_linux_patch_mode_000001/providers/Microsoft.Network/loadBalancers/clitestvmss000002LB/inboundNatRules/NatRule","resourceType":"Microsoft.Network/loadBalancers/inboundNatRules","resourceName":"clitestvmss000002LB/NatRule"},{"dependsOn":[{"id":"/subscriptions/00000000-0000-0000-0000-000000000000/resourceGroups/cli_test_vmss_linux_patch_mode_000001/providers/Microsoft.Network/virtualNetworks/clitestvmss000002VNET","resourceType":"Microsoft.Network/virtualNetworks","resourceName":"clitestvmss000002VNET"},{"id":"/subscriptions/00000000-0000-0000-0000-000000000000/resourceGroups/cli_test_vmss_linux_patch_mode_000001/providers/Microsoft.Network/loadBalancers/clitestvmss000002LB","resourceType":"Microsoft.Network/loadBalancers","resourceName":"clitestvmss000002LB"},{"id":"/subscriptions/00000000-0000-0000-0000-000000000000/resourceGroups/cli_test_vmss_linux_patch_mode_000001/providers/Microsoft.Network/networkSecurityGroups/clitestvmss000002NSG","resourceType":"Microsoft.Network/networkSecurityGroups","resourceName":"clitestvmss000002NSG"}],"id":"/subscriptions/00000000-0000-0000-0000-000000000000/resourceGroups/cli_test_vmss_linux_patch_mode_000001/providers/Microsoft.Compute/virtualMachineScaleSets/clitestvmss000002","resourceType":"Microsoft.Compute/virtualMachineScaleSets","resourceName":"clitestvmss000002"}]}}'
    headers:
      azure-asyncoperation:
      - https://management.azure.com/subscriptions/00000000-0000-0000-0000-000000000000/resourcegroups/cli_test_vmss_linux_patch_mode_000001/providers/Microsoft.Resources/deployments/vmss_deploy_KqaP5KQ4ng827YbqMa2Z0a4GvCVndmLG/operationStatuses/08584973424834822940?api-version=2022-09-01
      cache-control:
      - no-cache
      content-length:
      - '3572'
      content-type:
      - application/json; charset=utf-8
      date:
      - Wed, 03 Jan 2024 06:46:45 GMT
      expires:
      - '-1'
      pragma:
      - no-cache
      strict-transport-security:
      - max-age=31536000; includeSubDomains
      x-content-type-options:
      - nosniff
      x-ms-ratelimit-remaining-subscription-writes:
      - '1198'
    status:
      code: 201
      message: Created
- request:
    body: null
    headers:
      Accept:
      - '*/*'
      Accept-Encoding:
      - gzip, deflate
      CommandName:
      - vmss create
      Connection:
      - keep-alive
      ParameterSetName:
      - -g -n --image --enable-agent --patch-mode --generate-ssh-keys --instance-count
        --admin-username
      User-Agent:
      - AZURECLI/2.56.0 azsdk-python-azure-mgmt-resource/23.1.0b2 Python/3.10.11 (Windows-10-10.0.22631-SP0)
    method: GET
    uri: https://management.azure.com/subscriptions/00000000-0000-0000-0000-000000000000/resourcegroups/cli_test_vmss_linux_patch_mode_000001/providers/Microsoft.Resources/deployments/mock-deployment/operationStatuses/08584973424834822940?api-version=2022-09-01
  response:
    body:
      string: '{"status":"Running"}'
    headers:
      cache-control:
      - no-cache
      content-length:
      - '20'
      content-type:
      - application/json; charset=utf-8
      date:
      - Wed, 03 Jan 2024 06:46:46 GMT
      expires:
      - '-1'
      pragma:
      - no-cache
      strict-transport-security:
      - max-age=31536000; includeSubDomains
      vary:
      - Accept-Encoding
      x-content-type-options:
      - nosniff
    status:
      code: 200
      message: OK
- request:
    body: null
    headers:
      Accept:
      - '*/*'
      Accept-Encoding:
      - gzip, deflate
      CommandName:
      - vmss create
      Connection:
      - keep-alive
      ParameterSetName:
      - -g -n --image --enable-agent --patch-mode --generate-ssh-keys --instance-count
        --admin-username
      User-Agent:
      - AZURECLI/2.56.0 azsdk-python-azure-mgmt-resource/23.1.0b2 Python/3.10.11 (Windows-10-10.0.22631-SP0)
    method: GET
    uri: https://management.azure.com/subscriptions/00000000-0000-0000-0000-000000000000/resourcegroups/cli_test_vmss_linux_patch_mode_000001/providers/Microsoft.Resources/deployments/mock-deployment/operationStatuses/08584973424834822940?api-version=2022-09-01
  response:
    body:
      string: '{"status":"Succeeded"}'
    headers:
      cache-control:
      - no-cache
      content-length:
      - '22'
      content-type:
      - application/json; charset=utf-8
      date:
      - Wed, 03 Jan 2024 06:47:17 GMT
      expires:
      - '-1'
      pragma:
      - no-cache
      strict-transport-security:
      - max-age=31536000; includeSubDomains
      vary:
      - Accept-Encoding
      x-content-type-options:
      - nosniff
    status:
      code: 200
      message: OK
- request:
    body: null
    headers:
      Accept:
      - '*/*'
      Accept-Encoding:
      - gzip, deflate
      CommandName:
      - vmss create
      Connection:
      - keep-alive
      ParameterSetName:
      - -g -n --image --enable-agent --patch-mode --generate-ssh-keys --instance-count
        --admin-username
      User-Agent:
      - AZURECLI/2.56.0 azsdk-python-azure-mgmt-resource/23.1.0b2 Python/3.10.11 (Windows-10-10.0.22631-SP0)
    method: GET
    uri: https://management.azure.com/subscriptions/00000000-0000-0000-0000-000000000000/resourcegroups/cli_test_vmss_linux_patch_mode_000001/providers/Microsoft.Resources/deployments/mock-deployment?api-version=2022-09-01
  response:
    body:
      string: '{"id":"/subscriptions/00000000-0000-0000-0000-000000000000/resourceGroups/cli_test_vmss_linux_patch_mode_000001/providers/Microsoft.Resources/deployments/vmss_deploy_KqaP5KQ4ng827YbqMa2Z0a4GvCVndmLG","name":"vmss_deploy_KqaP5KQ4ng827YbqMa2Z0a4GvCVndmLG","type":"Microsoft.Resources/deployments","properties":{"templateHash":"5769485359103601979","parameters":{},"mode":"Incremental","provisioningState":"Succeeded","timestamp":"2024-01-03T06:47:02.8535903Z","duration":"PT18.456597S","correlationId":"44787ae0-52b9-4dab-81a3-a39a6a60eace","providers":[{"namespace":"Microsoft.Network","resourceTypes":[{"resourceType":"virtualNetworks","locations":["westus"]},{"resourceType":"publicIPAddresses","locations":["westus"]},{"resourceType":"loadBalancers","locations":["westus"]},{"resourceType":"networkSecurityGroups","locations":["westus"]},{"resourceType":"loadBalancers/inboundNatRules","locations":["westus"]}]},{"namespace":"Microsoft.Compute","resourceTypes":[{"resourceType":"virtualMachineScaleSets","locations":["westus"]}]}],"dependencies":[{"dependsOn":[{"id":"/subscriptions/00000000-0000-0000-0000-000000000000/resourceGroups/cli_test_vmss_linux_patch_mode_000001/providers/Microsoft.Network/virtualNetworks/clitestvmss000002VNET","resourceType":"Microsoft.Network/virtualNetworks","resourceName":"clitestvmss000002VNET"},{"id":"/subscriptions/00000000-0000-0000-0000-000000000000/resourceGroups/cli_test_vmss_linux_patch_mode_000001/providers/Microsoft.Network/publicIPAddresses/clitestvmss000002LBPublicIP","resourceType":"Microsoft.Network/publicIPAddresses","resourceName":"clitestvmss000002LBPublicIP"}],"id":"/subscriptions/00000000-0000-0000-0000-000000000000/resourceGroups/cli_test_vmss_linux_patch_mode_000001/providers/Microsoft.Network/loadBalancers/clitestvmss000002LB","resourceType":"Microsoft.Network/loadBalancers","resourceName":"clitestvmss000002LB"},{"dependsOn":[{"id":"/subscriptions/00000000-0000-0000-0000-000000000000/resourceGroups/cli_test_vmss_linux_patch_mode_000001/providers/Microsoft.Network/loadBalancers/clitestvmss000002LB","resourceType":"Microsoft.Network/loadBalancers","resourceName":"clitestvmss000002LB"}],"id":"/subscriptions/00000000-0000-0000-0000-000000000000/resourceGroups/cli_test_vmss_linux_patch_mode_000001/providers/Microsoft.Network/loadBalancers/clitestvmss000002LB/inboundNatRules/NatRule","resourceType":"Microsoft.Network/loadBalancers/inboundNatRules","resourceName":"clitestvmss000002LB/NatRule"},{"dependsOn":[{"id":"/subscriptions/00000000-0000-0000-0000-000000000000/resourceGroups/cli_test_vmss_linux_patch_mode_000001/providers/Microsoft.Network/virtualNetworks/clitestvmss000002VNET","resourceType":"Microsoft.Network/virtualNetworks","resourceName":"clitestvmss000002VNET"},{"id":"/subscriptions/00000000-0000-0000-0000-000000000000/resourceGroups/cli_test_vmss_linux_patch_mode_000001/providers/Microsoft.Network/loadBalancers/clitestvmss000002LB","resourceType":"Microsoft.Network/loadBalancers","resourceName":"clitestvmss000002LB"},{"id":"/subscriptions/00000000-0000-0000-0000-000000000000/resourceGroups/cli_test_vmss_linux_patch_mode_000001/providers/Microsoft.Network/networkSecurityGroups/clitestvmss000002NSG","resourceType":"Microsoft.Network/networkSecurityGroups","resourceName":"clitestvmss000002NSG"}],"id":"/subscriptions/00000000-0000-0000-0000-000000000000/resourceGroups/cli_test_vmss_linux_patch_mode_000001/providers/Microsoft.Compute/virtualMachineScaleSets/clitestvmss000002","resourceType":"Microsoft.Compute/virtualMachineScaleSets","resourceName":"clitestvmss000002"}],"outputs":{"vmss":{"type":"Object","value":{"singlePlacementGroup":false,"orchestrationMode":"Flexible","upgradePolicy":{"mode":"Manual"},"virtualMachineProfile":{"osProfile":{"computerNamePrefix":"clitestv","adminUsername":"vmtest","linuxConfiguration":{"disablePasswordAuthentication":true,"ssh":{"publicKeys":[{"path":"/home/vmtest/.ssh/authorized_keys","keyData":"ssh-rsa
        AAAAB3NzaC1yc2EAAAADAQABAAABAQCey0/ipz0OxUGA6xunJY5HdhvlsyRf2JdpnRaH0UU5KsAiajLq5HifCzJAEpRvWXIIYKSrqNi+hSmKRXiGJaHnK0dm0QO8YvM/Ab+MZUZ0L9VRznMoLsexTgDEC6QidxP5VYxXQwzgvbK1kn1J+7QTmd9JzV4Q83EEIZM5VGp7DwuUzhSuUN4LNJ9TnsCpjZwDIqIIGo9kLRLov+CfPb50o/768pa4W87a7FDJc74gvu/Qh7K05ztWNABlqYk5QsSkLWosN/vCaR+Nlh6EroTUw679G0MLj2WD/P0vLbiy1Xgf2oZ4Q5vLOQfoU2SWNkzzmfpdu3o9+VWNQppUZPyt"}]},"provisionVMAgent":true,"patchSettings":{"patchMode":"ImageDefault","assessmentMode":"ImageDefault"},"enableVMAgentPlatformUpdates":false},"secrets":[],"allowExtensionOperations":true,"requireGuestProvisionSignal":true},"storageProfile":{"osDisk":{"osType":"Linux","createOption":"FromImage","caching":"ReadWrite","managedDisk":{"storageAccountType":"Premium_LRS"},"deleteOption":"Delete","diskSizeGB":30},"imageReference":{"publisher":"Canonical","offer":"UbuntuServer","sku":"18.04-LTS","version":"latest"}},"networkProfile":{"networkApiVersion":"2020-11-01","networkInterfaceConfigurations":[{"name":"clite5a01Nic","properties":{"primary":true,"disableTcpStateTracking":false,"enableIPForwarding":false,"auxiliaryMode":"None","auxiliarySku":"None","deleteOption":"Delete","ipConfigurations":[{"name":"clite5a01IPConfig","properties":{"privateIPAddressVersion":"IPv4","subnet":{"id":"/subscriptions/00000000-0000-0000-0000-000000000000/resourceGroups/cli_test_vmss_linux_patch_mode_000001/providers/Microsoft.Network/virtualNetworks/clitestvmss000002VNET/subnets/clitestvmss000002Subnet"},"applicationSecurityGroups":[],"loadBalancerBackendAddressPools":[{"id":"/subscriptions/00000000-0000-0000-0000-000000000000/resourceGroups/cli_test_vmss_linux_patch_mode_000001/providers/Microsoft.Network/loadBalancers/clitestvmss000002LB/backendAddressPools/clitestvmss000002LBBEPool"}],"applicationGatewayBackendAddressPools":[]}}],"networkSecurityGroup":{"id":"/subscriptions/00000000-0000-0000-0000-000000000000/resourceGroups/cli_test_vmss_linux_patch_mode_000001/providers/Microsoft.Network/networkSecurityGroups/clitestvmss000002NSG"},"dnsSettings":{"dnsServers":[]}}}]},"timeCreated":"2024-01-03T06:46:57.2595939+00:00"},"provisioningState":"Succeeded","uniqueId":"68d22f3a-5a1f-4834-8c47-5e439dcc14c5","platformFaultDomainCount":1,"constrainedMaximumCapacity":false,"timeCreated":"2024-01-03T06:46:57.2595939+00:00"}}},"outputResources":[{"id":"/subscriptions/00000000-0000-0000-0000-000000000000/resourceGroups/cli_test_vmss_linux_patch_mode_000001/providers/Microsoft.Compute/virtualMachineScaleSets/clitestvmss000002"},{"id":"/subscriptions/00000000-0000-0000-0000-000000000000/resourceGroups/cli_test_vmss_linux_patch_mode_000001/providers/Microsoft.Network/loadBalancers/clitestvmss000002LB"},{"id":"/subscriptions/00000000-0000-0000-0000-000000000000/resourceGroups/cli_test_vmss_linux_patch_mode_000001/providers/Microsoft.Network/loadBalancers/clitestvmss000002LB/inboundNatRules/NatRule"},{"id":"/subscriptions/00000000-0000-0000-0000-000000000000/resourceGroups/cli_test_vmss_linux_patch_mode_000001/providers/Microsoft.Network/networkSecurityGroups/clitestvmss000002NSG"},{"id":"/subscriptions/00000000-0000-0000-0000-000000000000/resourceGroups/cli_test_vmss_linux_patch_mode_000001/providers/Microsoft.Network/publicIPAddresses/clitestvmss000002LBPublicIP"},{"id":"/subscriptions/00000000-0000-0000-0000-000000000000/resourceGroups/cli_test_vmss_linux_patch_mode_000001/providers/Microsoft.Network/virtualNetworks/clitestvmss000002VNET"}]}}'
    headers:
      cache-control:
      - no-cache
      content-length:
      - '7379'
      content-type:
      - application/json; charset=utf-8
      date:
      - Wed, 03 Jan 2024 06:47:17 GMT
      expires:
      - '-1'
      pragma:
      - no-cache
      strict-transport-security:
      - max-age=31536000; includeSubDomains
      vary:
      - Accept-Encoding
      x-content-type-options:
      - nosniff
    status:
      code: 200
      message: OK
- request:
    body: null
    headers:
      Accept:
      - application/json
      Accept-Encoding:
      - gzip, deflate
      CommandName:
      - vmss extension set
      Connection:
      - keep-alive
      ParameterSetName:
      - --name --publisher --version --resource-group --vmss-name --settings
      User-Agent:
      - AZURECLI/2.56.0 azsdk-python-azure-mgmt-compute/30.4.0 Python/3.10.11 (Windows-10-10.0.22631-SP0)
    method: GET
    uri: https://management.azure.com/subscriptions/00000000-0000-0000-0000-000000000000/resourceGroups/cli_test_vmss_linux_patch_mode_000001/providers/Microsoft.Compute/virtualMachineScaleSets/clitestvmss000002?api-version=2023-09-01
  response:
    body:
      string: "{\r\n  \"name\": \"clitestvmss000002\",\r\n  \"id\": \"/subscriptions/00000000-0000-0000-0000-000000000000/resourceGroups/cli_test_vmss_linux_patch_mode_000001/providers/Microsoft.Compute/virtualMachineScaleSets/clitestvmss000002\"\
        ,\r\n  \"type\": \"Microsoft.Compute/virtualMachineScaleSets\",\r\n  \"location\"\
        : \"westus\",\r\n  \"tags\": {},\r\n  \"sku\": {\r\n    \"name\": \"Standard_DS1_v2\"\
        ,\r\n    \"tier\": \"Standard\",\r\n    \"capacity\": 0\r\n  },\r\n  \"properties\"\
        : {\r\n    \"singlePlacementGroup\": false,\r\n    \"orchestrationMode\":\
        \ \"Flexible\",\r\n    \"upgradePolicy\": {\r\n      \"mode\": \"Manual\"\r\
        \n    },\r\n    \"virtualMachineProfile\": {\r\n      \"osProfile\": {\r\n\
        \        \"computerNamePrefix\": \"clitestv\",\r\n        \"adminUsername\"\
        : \"vmtest\",\r\n        \"linuxConfiguration\": {\r\n          \"disablePasswordAuthentication\"\
        : true,\r\n          \"ssh\": {\r\n            \"publicKeys\": [\r\n     \
        \         {\r\n                \"path\": \"/home/vmtest/.ssh/authorized_keys\"\
        ,\r\n                \"keyData\": \"ssh-rsa AAAAB3NzaC1yc2EAAAADAQABAAABAQCey0/ipz0OxUGA6xunJY5HdhvlsyRf2JdpnRaH0UU5KsAiajLq5HifCzJAEpRvWXIIYKSrqNi+hSmKRXiGJaHnK0dm0QO8YvM/Ab+MZUZ0L9VRznMoLsexTgDEC6QidxP5VYxXQwzgvbK1kn1J+7QTmd9JzV4Q83EEIZM5VGp7DwuUzhSuUN4LNJ9TnsCpjZwDIqIIGo9kLRLov+CfPb50o/768pa4W87a7FDJc74gvu/Qh7K05ztWNABlqYk5QsSkLWosN/vCaR+Nlh6EroTUw679G0MLj2WD/P0vLbiy1Xgf2oZ4Q5vLOQfoU2SWNkzzmfpdu3o9+VWNQppUZPyt\"\
        \r\n              }\r\n            ]\r\n          },\r\n          \"provisionVMAgent\"\
        : true,\r\n          \"patchSettings\": {\r\n            \"patchMode\": \"\
        ImageDefault\",\r\n            \"assessmentMode\": \"ImageDefault\"\r\n  \
        \        },\r\n          \"enableVMAgentPlatformUpdates\": false\r\n     \
        \   },\r\n        \"secrets\": [],\r\n        \"allowExtensionOperations\"\
        : true,\r\n        \"requireGuestProvisionSignal\": true\r\n      },\r\n \
        \     \"storageProfile\": {\r\n        \"osDisk\": {\r\n          \"osType\"\
        : \"Linux\",\r\n          \"createOption\": \"FromImage\",\r\n          \"\
        caching\": \"ReadWrite\",\r\n          \"managedDisk\": {\r\n            \"\
        storageAccountType\": \"Premium_LRS\"\r\n          },\r\n          \"deleteOption\"\
        : \"Delete\",\r\n          \"diskSizeGB\": 30\r\n        },\r\n        \"\
        imageReference\": {\r\n          \"publisher\": \"Canonical\",\r\n       \
        \   \"offer\": \"UbuntuServer\",\r\n          \"sku\": \"18.04-LTS\",\r\n\
        \          \"version\": \"latest\"\r\n        }\r\n      },\r\n      \"networkProfile\"\
        : {\"networkApiVersion\":\"2020-11-01\",\"networkInterfaceConfigurations\"\
        :[{\"name\":\"clite5a01Nic\",\"properties\":{\"primary\":true,\"disableTcpStateTracking\"\
        :false,\"enableIPForwarding\":false,\"auxiliaryMode\":\"None\",\"auxiliarySku\"\
        :\"None\",\"deleteOption\":\"Delete\",\"ipConfigurations\":[{\"name\":\"clite5a01IPConfig\"\
        ,\"properties\":{\"privateIPAddressVersion\":\"IPv4\",\"subnet\":{\"id\":\"\
        /subscriptions/00000000-0000-0000-0000-000000000000/resourceGroups/cli_test_vmss_linux_patch_mode_000001/providers/Microsoft.Network/virtualNetworks/clitestvmss000002VNET/subnets/clitestvmss000002Subnet\"\
        },\"applicationSecurityGroups\":[],\"loadBalancerBackendAddressPools\":[{\"\
        id\":\"/subscriptions/00000000-0000-0000-0000-000000000000/resourceGroups/cli_test_vmss_linux_patch_mode_000001/providers/Microsoft.Network/loadBalancers/clitestvmss000002LB/backendAddressPools/clitestvmss000002LBBEPool\"\
        }],\"applicationGatewayBackendAddressPools\":[]}}],\"networkSecurityGroup\"\
        :{\"id\":\"/subscriptions/00000000-0000-0000-0000-000000000000/resourceGroups/cli_test_vmss_linux_patch_mode_000001/providers/Microsoft.Network/networkSecurityGroups/clitestvmss000002NSG\"\
        },\"dnsSettings\":{\"dnsServers\":[]}}}]},\r\n      \"timeCreated\": \"2024-01-03T06:46:57.2595939+00:00\"\
        \r\n    },\r\n    \"provisioningState\": \"Succeeded\",\r\n    \"uniqueId\"\
        : \"68d22f3a-5a1f-4834-8c47-5e439dcc14c5\",\r\n    \"platformFaultDomainCount\"\
        : 1,\r\n    \"constrainedMaximumCapacity\": false,\r\n    \"timeCreated\"\
        : \"2024-01-03T06:46:57.2595939+00:00\"\r\n  }\r\n}"
    headers:
      cache-control:
      - no-cache
      content-length:
      - '3691'
      content-type:
      - application/json; charset=utf-8
      date:
      - Wed, 03 Jan 2024 06:47:19 GMT
      expires:
      - '-1'
      pragma:
      - no-cache
      server:
      - Microsoft-HTTPAPI/2.0
      - Microsoft-HTTPAPI/2.0
      strict-transport-security:
      - max-age=31536000; includeSubDomains
      transfer-encoding:
      - chunked
      vary:
      - Accept-Encoding
      x-content-type-options:
      - nosniff
      x-ms-ratelimit-remaining-resource:
      - Microsoft.Compute/GetVMScaleSetSubscriptionMaximum;2365,Microsoft.Compute/GetVMScaleSetResource;31
    status:
      code: 200
      message: ''
- request:
    body: '{"location": "westus", "tags": {}, "sku": {"name": "Standard_DS1_v2", "tier":
      "Standard", "capacity": 0}, "properties": {"upgradePolicy": {"mode": "Manual"},
      "virtualMachineProfile": {"osProfile": {"computerNamePrefix": "clitestv", "adminUsername":
      "vmtest", "linuxConfiguration": {"disablePasswordAuthentication": true, "ssh":
      {"publicKeys": [{"path": "/home/vmtest/.ssh/authorized_keys", "keyData": "ssh-rsa
      AAAAB3NzaC1yc2EAAAADAQABAAABAQCey0/ipz0OxUGA6xunJY5HdhvlsyRf2JdpnRaH0UU5KsAiajLq5HifCzJAEpRvWXIIYKSrqNi+hSmKRXiGJaHnK0dm0QO8YvM/Ab+MZUZ0L9VRznMoLsexTgDEC6QidxP5VYxXQwzgvbK1kn1J+7QTmd9JzV4Q83EEIZM5VGp7DwuUzhSuUN4LNJ9TnsCpjZwDIqIIGo9kLRLov+CfPb50o/768pa4W87a7FDJc74gvu/Qh7K05ztWNABlqYk5QsSkLWosN/vCaR+Nlh6EroTUw679G0MLj2WD/P0vLbiy1Xgf2oZ4Q5vLOQfoU2SWNkzzmfpdu3o9+VWNQppUZPyt"}]},
      "provisionVMAgent": true, "patchSettings": {"patchMode": "ImageDefault", "assessmentMode":
      "ImageDefault"}, "enableVMAgentPlatformUpdates": false}, "secrets": [], "allowExtensionOperations":
      true, "requireGuestProvisionSignal": true}, "storageProfile": {"osDisk": {"caching":
      "ReadWrite", "createOption": "FromImage", "diskSizeGB": 30, "osType": "Linux",
      "managedDisk": {"storageAccountType": "Premium_LRS"}, "deleteOption": "Delete"}},
      "networkProfile": {"networkInterfaceConfigurations": [{"name": "clite5a01Nic",
      "properties": {"primary": true, "disableTcpStateTracking": false, "networkSecurityGroup":
      {"id": "/subscriptions/00000000-0000-0000-0000-000000000000/resourceGroups/cli_test_vmss_linux_patch_mode_000001/providers/Microsoft.Network/networkSecurityGroups/clitestvmss000002NSG"},
      "dnsSettings": {"dnsServers": []}, "ipConfigurations": [{"name": "clite5a01IPConfig",
      "properties": {"subnet": {"id": "/subscriptions/00000000-0000-0000-0000-000000000000/resourceGroups/cli_test_vmss_linux_patch_mode_000001/providers/Microsoft.Network/virtualNetworks/clitestvmss000002VNET/subnets/clitestvmss000002Subnet"},
      "privateIPAddressVersion": "IPv4", "applicationGatewayBackendAddressPools":
      [], "applicationSecurityGroups": [], "loadBalancerBackendAddressPools": [{"id":
      "/subscriptions/00000000-0000-0000-0000-000000000000/resourceGroups/cli_test_vmss_linux_patch_mode_000001/providers/Microsoft.Network/loadBalancers/clitestvmss000002LB/backendAddressPools/clitestvmss000002LBBEPool"}]}}],
      "enableIPForwarding": false, "deleteOption": "Delete", "auxiliaryMode": "None",
      "auxiliarySku": "None"}}], "networkApiVersion": "2020-11-01"}, "extensionProfile":
      {"extensions": [{"name": "ApplicationHealthLinux", "properties": {"publisher":
      "Microsoft.ManagedServices", "type": "ApplicationHealthLinux", "typeHandlerVersion":
      "1.0", "autoUpgradeMinorVersion": true, "settings": {"protocol": "http", "port":
      80, "requestPath": "/healthEndpoint"}}}]}}, "singlePlacementGroup": false, "platformFaultDomainCount":
      1, "orchestrationMode": "Flexible", "constrainedMaximumCapacity": false}}'
    headers:
      Accept:
      - application/json
      Accept-Encoding:
      - gzip, deflate
      CommandName:
      - vmss extension set
      Connection:
      - keep-alive
      Content-Length:
      - '2867'
      Content-Type:
      - application/json
      ParameterSetName:
      - --name --publisher --version --resource-group --vmss-name --settings
      User-Agent:
      - AZURECLI/2.56.0 azsdk-python-azure-mgmt-compute/30.4.0 Python/3.10.11 (Windows-10-10.0.22631-SP0)
    method: PUT
    uri: https://management.azure.com/subscriptions/00000000-0000-0000-0000-000000000000/resourceGroups/cli_test_vmss_linux_patch_mode_000001/providers/Microsoft.Compute/virtualMachineScaleSets/clitestvmss000002?api-version=2023-09-01
  response:
    body:
      string: "{\r\n  \"name\": \"clitestvmss000002\",\r\n  \"id\": \"/subscriptions/00000000-0000-0000-0000-000000000000/resourceGroups/cli_test_vmss_linux_patch_mode_000001/providers/Microsoft.Compute/virtualMachineScaleSets/clitestvmss000002\"\
        ,\r\n  \"type\": \"Microsoft.Compute/virtualMachineScaleSets\",\r\n  \"location\"\
        : \"westus\",\r\n  \"tags\": {},\r\n  \"sku\": {\r\n    \"name\": \"Standard_DS1_v2\"\
        ,\r\n    \"tier\": \"Standard\",\r\n    \"capacity\": 0\r\n  },\r\n  \"properties\"\
        : {\r\n    \"singlePlacementGroup\": false,\r\n    \"orchestrationMode\":\
        \ \"Flexible\",\r\n    \"upgradePolicy\": {\r\n      \"mode\": \"Manual\"\r\
        \n    },\r\n    \"virtualMachineProfile\": {\r\n      \"osProfile\": {\r\n\
        \        \"computerNamePrefix\": \"clitestv\",\r\n        \"adminUsername\"\
        : \"vmtest\",\r\n        \"linuxConfiguration\": {\r\n          \"disablePasswordAuthentication\"\
        : true,\r\n          \"ssh\": {\r\n            \"publicKeys\": [\r\n     \
        \         {\r\n                \"path\": \"/home/vmtest/.ssh/authorized_keys\"\
        ,\r\n                \"keyData\": \"ssh-rsa AAAAB3NzaC1yc2EAAAADAQABAAABAQCey0/ipz0OxUGA6xunJY5HdhvlsyRf2JdpnRaH0UU5KsAiajLq5HifCzJAEpRvWXIIYKSrqNi+hSmKRXiGJaHnK0dm0QO8YvM/Ab+MZUZ0L9VRznMoLsexTgDEC6QidxP5VYxXQwzgvbK1kn1J+7QTmd9JzV4Q83EEIZM5VGp7DwuUzhSuUN4LNJ9TnsCpjZwDIqIIGo9kLRLov+CfPb50o/768pa4W87a7FDJc74gvu/Qh7K05ztWNABlqYk5QsSkLWosN/vCaR+Nlh6EroTUw679G0MLj2WD/P0vLbiy1Xgf2oZ4Q5vLOQfoU2SWNkzzmfpdu3o9+VWNQppUZPyt\"\
        \r\n              }\r\n            ]\r\n          },\r\n          \"provisionVMAgent\"\
        : true,\r\n          \"patchSettings\": {\r\n            \"patchMode\": \"\
        ImageDefault\",\r\n            \"assessmentMode\": \"ImageDefault\"\r\n  \
        \        },\r\n          \"enableVMAgentPlatformUpdates\": false\r\n     \
        \   },\r\n        \"secrets\": [],\r\n        \"allowExtensionOperations\"\
        : true,\r\n        \"requireGuestProvisionSignal\": true\r\n      },\r\n \
        \     \"storageProfile\": {\r\n        \"osDisk\": {\r\n          \"osType\"\
        : \"Linux\",\r\n          \"createOption\": \"FromImage\",\r\n          \"\
        caching\": \"ReadWrite\",\r\n          \"managedDisk\": {\r\n            \"\
        storageAccountType\": \"Premium_LRS\"\r\n          },\r\n          \"deleteOption\"\
        : \"Delete\",\r\n          \"diskSizeGB\": 30\r\n        },\r\n        \"\
        imageReference\": {\r\n          \"publisher\": \"Canonical\",\r\n       \
        \   \"offer\": \"UbuntuServer\",\r\n          \"sku\": \"18.04-LTS\",\r\n\
        \          \"version\": \"latest\"\r\n        }\r\n      },\r\n      \"networkProfile\"\
        : {\"networkApiVersion\":\"2020-11-01\",\"networkInterfaceConfigurations\"\
        :[{\"name\":\"clite5a01Nic\",\"properties\":{\"primary\":true,\"disableTcpStateTracking\"\
        :false,\"enableIPForwarding\":false,\"auxiliaryMode\":\"None\",\"auxiliarySku\"\
        :\"None\",\"deleteOption\":\"Delete\",\"ipConfigurations\":[{\"name\":\"clite5a01IPConfig\"\
        ,\"properties\":{\"privateIPAddressVersion\":\"IPv4\",\"subnet\":{\"id\":\"\
        /subscriptions/00000000-0000-0000-0000-000000000000/resourceGroups/cli_test_vmss_linux_patch_mode_000001/providers/Microsoft.Network/virtualNetworks/clitestvmss000002VNET/subnets/clitestvmss000002Subnet\"\
        },\"applicationSecurityGroups\":[],\"loadBalancerBackendAddressPools\":[{\"\
        id\":\"/subscriptions/00000000-0000-0000-0000-000000000000/resourceGroups/cli_test_vmss_linux_patch_mode_000001/providers/Microsoft.Network/loadBalancers/clitestvmss000002LB/backendAddressPools/clitestvmss000002LBBEPool\"\
        }],\"applicationGatewayBackendAddressPools\":[]}}],\"networkSecurityGroup\"\
        :{\"id\":\"/subscriptions/00000000-0000-0000-0000-000000000000/resourceGroups/cli_test_vmss_linux_patch_mode_000001/providers/Microsoft.Network/networkSecurityGroups/clitestvmss000002NSG\"\
        },\"dnsSettings\":{\"dnsServers\":[]}}}]},\r\n      \"extensionProfile\":\
        \ {\r\n        \"extensions\": [\r\n          {\r\n            \"name\": \"\
        ApplicationHealthLinux\",\r\n            \"properties\": {\r\n           \
        \   \"autoUpgradeMinorVersion\": true,\r\n              \"publisher\": \"\
        Microsoft.ManagedServices\",\r\n              \"type\": \"ApplicationHealthLinux\"\
        ,\r\n              \"typeHandlerVersion\": \"1.0\",\r\n              \"settings\"\
        : {\"protocol\":\"http\",\"port\":80,\"requestPath\":\"/healthEndpoint\"}\r\
        \n            }\r\n          }\r\n        ]\r\n      },\r\n      \"timeCreated\"\
        : \"2024-01-03T06:47:24.2911792+00:00\"\r\n    },\r\n    \"provisioningState\"\
        : \"Updating\",\r\n    \"uniqueId\": \"68d22f3a-5a1f-4834-8c47-5e439dcc14c5\"\
        ,\r\n    \"platformFaultDomainCount\": 1,\r\n    \"constrainedMaximumCapacity\"\
        : false,\r\n    \"timeCreated\": \"2024-01-03T06:46:57.2595939+00:00\"\r\n\
        \  }\r\n}"
    headers:
      azure-asyncnotification:
      - Enabled
      azure-asyncoperation:
      - https://management.azure.com/subscriptions/00000000-0000-0000-0000-000000000000/providers/Microsoft.Compute/locations/westus/operations/62a167ca-2609-4498-9d98-e8f1969f2a18?p=571046f6-b640-41c1-86f7-f9f044b5adf9&api-version=2023-09-01&t=638398612448415491&c=MIIHADCCBeigAwIBAgITfAQJ84UGyKmD7nmZ9QAABAnzhTANBgkqhkiG9w0BAQsFADBEMRMwEQYKCZImiZPyLGQBGRYDR0JMMRMwEQYKCZImiZPyLGQBGRYDQU1FMRgwFgYDVQQDEw9BTUUgSW5mcmEgQ0EgMDUwHhcNMjMxMDMxMDM0NjM4WhcNMjQxMDI1MDM0NjM4WjBAMT4wPAYDVQQDEzVhc3luY29wZXJhdGlvbnNpZ25pbmdjZXJ0aWZpY2F0ZS5tYW5hZ2VtZW50LmF6dXJlLmNvbTCCASIwDQYJKoZIhvcNAQEBBQADggEPADCCAQoCggEBALV1RP-LbcwIlN2CnQnWzxPtzvZrf7vi5dJ-376QCjdMkLJfoE6TATSEqi4SbsgbBHysM6Qi0LZrnpuSbKHupW2SkN8eTWGcQsN6_TYMYvICeLPoB7egzUfKCLD2lF05kAHqjZ-_0VeTDsWeY2PFrZdqKx1G33TXbD89mGo7wcx_HvY8QAbl1S5RR1TGPSGVbyDS9IDJqUlVUWN8t4L1FzLh08VseSicQUTpHvaBJvncNT8YLv8uUF7zI_50WLk0BWaPeadRtlnGSzvKo-9malmdbbWlWFs_wzomM0fiM6LGnP6fBZ42-dn2U8rYxyliz2HAt79dbeArlpf1UdUYJMkCAwEAAaOCA-0wggPpMCcGCSsGAQQBgjcVCgQaMBgwCgYIKwYBBQUHAwEwCgYIKwYBBQUHAwIwPQYJKwYBBAGCNxUHBDAwLgYmKwYBBAGCNxUIhpDjDYTVtHiE8Ys-hZvdFs6dEoFggvX2K4Py0SACAWQCAQowggHLBggrBgEFBQcBAQSCAb0wggG5MGMGCCsGAQUFBzAChldodHRwOi8vY3JsLm1pY3Jvc29mdC5jb20vcGtpaW5mcmEvQ2VydHMvQ08xUEtJSU5UQ0EwMS5BTUUuR0JMX0FNRSUyMEluZnJhJTIwQ0ElMjAwNS5jcnQwUwYIKwYBBQUHMAKGR2h0dHA6Ly9jcmwxLmFtZS5nYmwvYWlhL0NPMVBLSUlOVENBMDEuQU1FLkdCTF9BTUUlMjBJbmZyYSUyMENBJTIwMDUuY3J0MFMGCCsGAQUFBzAChkdodHRwOi8vY3JsMi5hbWUuZ2JsL2FpYS9DTzFQS0lJTlRDQTAxLkFNRS5HQkxfQU1FJTIwSW5mcmElMjBDQSUyMDA1LmNydDBTBggrBgEFBQcwAoZHaHR0cDovL2NybDMuYW1lLmdibC9haWEvQ08xUEtJSU5UQ0EwMS5BTUUuR0JMX0FNRSUyMEluZnJhJTIwQ0ElMjAwNS5jcnQwUwYIKwYBBQUHMAKGR2h0dHA6Ly9jcmw0LmFtZS5nYmwvYWlhL0NPMVBLSUlOVENBMDEuQU1FLkdCTF9BTUUlMjBJbmZyYSUyMENBJTIwMDUuY3J0MB0GA1UdDgQWBBSGUnbWWChy_EBfMD2yEul1JkaeMzAOBgNVHQ8BAf8EBAMCBaAwggEmBgNVHR8EggEdMIIBGTCCARWgggERoIIBDYY_aHR0cDovL2NybC5taWNyb3NvZnQuY29tL3BraWluZnJhL0NSTC9BTUUlMjBJbmZyYSUyMENBJTIwMDUuY3JshjFodHRwOi8vY3JsMS5hbWUuZ2JsL2NybC9BTUUlMjBJbmZyYSUyMENBJTIwMDUuY3JshjFodHRwOi8vY3JsMi5hbWUuZ2JsL2NybC9BTUUlMjBJbmZyYSUyMENBJTIwMDUuY3JshjFodHRwOi8vY3JsMy5hbWUuZ2JsL2NybC9BTUUlMjBJbmZyYSUyMENBJTIwMDUuY3JshjFodHRwOi8vY3JsNC5hbWUuZ2JsL2NybC9BTUUlMjBJbmZyYSUyMENBJTIwMDUuY3JsMBcGA1UdIAQQMA4wDAYKKwYBBAGCN3sBATAfBgNVHSMEGDAWgBR61hmFKHlscXYeYPjzS--iBUIWHTAdBgNVHSUEFjAUBggrBgEFBQcDAQYIKwYBBQUHAwIwDQYJKoZIhvcNAQELBQADggEBAF51fK2KOW2oU11cUXl05iwICST1xE6QjNvxRMCcWmam-PZwLEAaqjOfBLR7EfY0S3Db3RRjhJsDULE-pKhRHcglStkoRZ83doNa_56QVhxZDQZ9AP0Vv6BGjZES4OExVI_yXyY-x0q_ZjIrhbOi0NFqyjCM3sfEub4NZKG4Xm116-MFmey8OefNSN1W9diJlyi_-GHIFNZmRrqLAj2cQTLMkUbS3ywfKQZ5VWTF9W2HMVx1IudYvuDrz46wsm3PhRlnGVrXcUx7Bb7ndy2lthKvWJ0eGyrePdN26rZT2OP8LMBtW78uvyoiUMC5SbolKtvYaRZ-SNyOTN5mIG1CupA&s=BzATeilO65iIYdPYQL8NPm_mxn0WF9_nNsM2z-SloTQZjeeK6GsW5-h5NggdFTPNUFBWeeGrrKDYOQbgy_zB_g3OvB1b705jpQKH1Um1ie6lAQzeQNmLxiU367D1NwHnTOU60M_ejjoYdDwGPg5-tEUDHjSAf-_txiZ7cMaf_sJH6Ioh7KHQtua65LB1y10xHiBVdxFkqpaJUYJjISj1LUJW6BehuTCEdYdFb6NY2XsS4f53rYlILHGpaQqItBqGN5qSyLunfJjDsDnuGIcwsjhBVohkbOufVwm8Hy8n4Iavat6eBWGYeuArdtws7oj3HKIZs1gXQMCbZZnnlnv0Og&h=tnIkB1Tx5DlTbAVh-IN7iuK2IOyg0eiYPLwcUJ3_0fE
      cache-control:
      - no-cache
      content-length:
      - '4169'
      content-type:
      - application/json; charset=utf-8
      date:
      - Wed, 03 Jan 2024 06:47:23 GMT
      expires:
      - '-1'
      pragma:
      - no-cache
      server:
      - Microsoft-HTTPAPI/2.0
      - Microsoft-HTTPAPI/2.0
      strict-transport-security:
      - max-age=31536000; includeSubDomains
      transfer-encoding:
      - chunked
      vary:
      - Accept-Encoding
      x-content-type-options:
      - nosniff
      x-ms-ratelimit-remaining-resource:
      - Microsoft.Compute/CreateVMScaleSetSubscriptionMaximum;371,Microsoft.Compute/CreateVMScaleSetResource;10
      x-ms-ratelimit-remaining-subscription-writes:
      - '1198'
    status:
      code: 200
      message: ''
- request:
    body: null
    headers:
      Accept:
      - '*/*'
      Accept-Encoding:
      - gzip, deflate
      CommandName:
      - vmss extension set
      Connection:
      - keep-alive
      ParameterSetName:
      - --name --publisher --version --resource-group --vmss-name --settings
      User-Agent:
      - AZURECLI/2.56.0 azsdk-python-azure-mgmt-compute/30.4.0 Python/3.10.11 (Windows-10-10.0.22631-SP0)
    method: GET
    uri: https://management.azure.com/subscriptions/00000000-0000-0000-0000-000000000000/providers/Microsoft.Compute/locations/westus/operations/62a167ca-2609-4498-9d98-e8f1969f2a18?p=571046f6-b640-41c1-86f7-f9f044b5adf9&api-version=2023-09-01&t=638398612448415491&c=MIIHADCCBeigAwIBAgITfAQJ84UGyKmD7nmZ9QAABAnzhTANBgkqhkiG9w0BAQsFADBEMRMwEQYKCZImiZPyLGQBGRYDR0JMMRMwEQYKCZImiZPyLGQBGRYDQU1FMRgwFgYDVQQDEw9BTUUgSW5mcmEgQ0EgMDUwHhcNMjMxMDMxMDM0NjM4WhcNMjQxMDI1MDM0NjM4WjBAMT4wPAYDVQQDEzVhc3luY29wZXJhdGlvbnNpZ25pbmdjZXJ0aWZpY2F0ZS5tYW5hZ2VtZW50LmF6dXJlLmNvbTCCASIwDQYJKoZIhvcNAQEBBQADggEPADCCAQoCggEBALV1RP-LbcwIlN2CnQnWzxPtzvZrf7vi5dJ-376QCjdMkLJfoE6TATSEqi4SbsgbBHysM6Qi0LZrnpuSbKHupW2SkN8eTWGcQsN6_TYMYvICeLPoB7egzUfKCLD2lF05kAHqjZ-_0VeTDsWeY2PFrZdqKx1G33TXbD89mGo7wcx_HvY8QAbl1S5RR1TGPSGVbyDS9IDJqUlVUWN8t4L1FzLh08VseSicQUTpHvaBJvncNT8YLv8uUF7zI_50WLk0BWaPeadRtlnGSzvKo-9malmdbbWlWFs_wzomM0fiM6LGnP6fBZ42-dn2U8rYxyliz2HAt79dbeArlpf1UdUYJMkCAwEAAaOCA-0wggPpMCcGCSsGAQQBgjcVCgQaMBgwCgYIKwYBBQUHAwEwCgYIKwYBBQUHAwIwPQYJKwYBBAGCNxUHBDAwLgYmKwYBBAGCNxUIhpDjDYTVtHiE8Ys-hZvdFs6dEoFggvX2K4Py0SACAWQCAQowggHLBggrBgEFBQcBAQSCAb0wggG5MGMGCCsGAQUFBzAChldodHRwOi8vY3JsLm1pY3Jvc29mdC5jb20vcGtpaW5mcmEvQ2VydHMvQ08xUEtJSU5UQ0EwMS5BTUUuR0JMX0FNRSUyMEluZnJhJTIwQ0ElMjAwNS5jcnQwUwYIKwYBBQUHMAKGR2h0dHA6Ly9jcmwxLmFtZS5nYmwvYWlhL0NPMVBLSUlOVENBMDEuQU1FLkdCTF9BTUUlMjBJbmZyYSUyMENBJTIwMDUuY3J0MFMGCCsGAQUFBzAChkdodHRwOi8vY3JsMi5hbWUuZ2JsL2FpYS9DTzFQS0lJTlRDQTAxLkFNRS5HQkxfQU1FJTIwSW5mcmElMjBDQSUyMDA1LmNydDBTBggrBgEFBQcwAoZHaHR0cDovL2NybDMuYW1lLmdibC9haWEvQ08xUEtJSU5UQ0EwMS5BTUUuR0JMX0FNRSUyMEluZnJhJTIwQ0ElMjAwNS5jcnQwUwYIKwYBBQUHMAKGR2h0dHA6Ly9jcmw0LmFtZS5nYmwvYWlhL0NPMVBLSUlOVENBMDEuQU1FLkdCTF9BTUUlMjBJbmZyYSUyMENBJTIwMDUuY3J0MB0GA1UdDgQWBBSGUnbWWChy_EBfMD2yEul1JkaeMzAOBgNVHQ8BAf8EBAMCBaAwggEmBgNVHR8EggEdMIIBGTCCARWgggERoIIBDYY_aHR0cDovL2NybC5taWNyb3NvZnQuY29tL3BraWluZnJhL0NSTC9BTUUlMjBJbmZyYSUyMENBJTIwMDUuY3JshjFodHRwOi8vY3JsMS5hbWUuZ2JsL2NybC9BTUUlMjBJbmZyYSUyMENBJTIwMDUuY3JshjFodHRwOi8vY3JsMi5hbWUuZ2JsL2NybC9BTUUlMjBJbmZyYSUyMENBJTIwMDUuY3JshjFodHRwOi8vY3JsMy5hbWUuZ2JsL2NybC9BTUUlMjBJbmZyYSUyMENBJTIwMDUuY3JshjFodHRwOi8vY3JsNC5hbWUuZ2JsL2NybC9BTUUlMjBJbmZyYSUyMENBJTIwMDUuY3JsMBcGA1UdIAQQMA4wDAYKKwYBBAGCN3sBATAfBgNVHSMEGDAWgBR61hmFKHlscXYeYPjzS--iBUIWHTAdBgNVHSUEFjAUBggrBgEFBQcDAQYIKwYBBQUHAwIwDQYJKoZIhvcNAQELBQADggEBAF51fK2KOW2oU11cUXl05iwICST1xE6QjNvxRMCcWmam-PZwLEAaqjOfBLR7EfY0S3Db3RRjhJsDULE-pKhRHcglStkoRZ83doNa_56QVhxZDQZ9AP0Vv6BGjZES4OExVI_yXyY-x0q_ZjIrhbOi0NFqyjCM3sfEub4NZKG4Xm116-MFmey8OefNSN1W9diJlyi_-GHIFNZmRrqLAj2cQTLMkUbS3ywfKQZ5VWTF9W2HMVx1IudYvuDrz46wsm3PhRlnGVrXcUx7Bb7ndy2lthKvWJ0eGyrePdN26rZT2OP8LMBtW78uvyoiUMC5SbolKtvYaRZ-SNyOTN5mIG1CupA&s=BzATeilO65iIYdPYQL8NPm_mxn0WF9_nNsM2z-SloTQZjeeK6GsW5-h5NggdFTPNUFBWeeGrrKDYOQbgy_zB_g3OvB1b705jpQKH1Um1ie6lAQzeQNmLxiU367D1NwHnTOU60M_ejjoYdDwGPg5-tEUDHjSAf-_txiZ7cMaf_sJH6Ioh7KHQtua65LB1y10xHiBVdxFkqpaJUYJjISj1LUJW6BehuTCEdYdFb6NY2XsS4f53rYlILHGpaQqItBqGN5qSyLunfJjDsDnuGIcwsjhBVohkbOufVwm8Hy8n4Iavat6eBWGYeuArdtws7oj3HKIZs1gXQMCbZZnnlnv0Og&h=tnIkB1Tx5DlTbAVh-IN7iuK2IOyg0eiYPLwcUJ3_0fE
  response:
    body:
      string: "{\r\n  \"startTime\": \"2024-01-03T06:47:24.2911792+00:00\",\r\n  \"\
        endTime\": \"2024-01-03T06:47:24.3848774+00:00\",\r\n  \"status\": \"Succeeded\"\
        ,\r\n  \"name\": \"62a167ca-2609-4498-9d98-e8f1969f2a18\"\r\n}"
    headers:
      cache-control:
      - no-cache
      content-length:
      - '184'
      content-type:
      - application/json; charset=utf-8
      date:
      - Wed, 03 Jan 2024 06:47:24 GMT
      expires:
      - '-1'
      pragma:
      - no-cache
      server:
      - Microsoft-HTTPAPI/2.0
      - Microsoft-HTTPAPI/2.0
      strict-transport-security:
      - max-age=31536000; includeSubDomains
      transfer-encoding:
      - chunked
      vary:
      - Accept-Encoding
      x-content-type-options:
      - nosniff
      x-ms-ratelimit-remaining-resource:
      - Microsoft.Compute/GetOperationResource;44,Microsoft.Compute/GetOperationSubscriptionMaximum;14995
    status:
      code: 200
      message: ''
- request:
    body: null
    headers:
      Accept:
      - '*/*'
      Accept-Encoding:
      - gzip, deflate
      CommandName:
      - vmss extension set
      Connection:
      - keep-alive
      ParameterSetName:
      - --name --publisher --version --resource-group --vmss-name --settings
      User-Agent:
      - AZURECLI/2.56.0 azsdk-python-azure-mgmt-compute/30.4.0 Python/3.10.11 (Windows-10-10.0.22631-SP0)
    method: GET
    uri: https://management.azure.com/subscriptions/00000000-0000-0000-0000-000000000000/resourceGroups/cli_test_vmss_linux_patch_mode_000001/providers/Microsoft.Compute/virtualMachineScaleSets/clitestvmss000002?api-version=2023-09-01
  response:
    body:
      string: "{\r\n  \"name\": \"clitestvmss000002\",\r\n  \"id\": \"/subscriptions/00000000-0000-0000-0000-000000000000/resourceGroups/cli_test_vmss_linux_patch_mode_000001/providers/Microsoft.Compute/virtualMachineScaleSets/clitestvmss000002\"\
        ,\r\n  \"type\": \"Microsoft.Compute/virtualMachineScaleSets\",\r\n  \"location\"\
        : \"westus\",\r\n  \"tags\": {},\r\n  \"sku\": {\r\n    \"name\": \"Standard_DS1_v2\"\
        ,\r\n    \"tier\": \"Standard\",\r\n    \"capacity\": 0\r\n  },\r\n  \"properties\"\
        : {\r\n    \"singlePlacementGroup\": false,\r\n    \"orchestrationMode\":\
        \ \"Flexible\",\r\n    \"upgradePolicy\": {\r\n      \"mode\": \"Manual\"\r\
        \n    },\r\n    \"virtualMachineProfile\": {\r\n      \"osProfile\": {\r\n\
        \        \"computerNamePrefix\": \"clitestv\",\r\n        \"adminUsername\"\
        : \"vmtest\",\r\n        \"linuxConfiguration\": {\r\n          \"disablePasswordAuthentication\"\
        : true,\r\n          \"ssh\": {\r\n            \"publicKeys\": [\r\n     \
        \         {\r\n                \"path\": \"/home/vmtest/.ssh/authorized_keys\"\
        ,\r\n                \"keyData\": \"ssh-rsa AAAAB3NzaC1yc2EAAAADAQABAAABAQCey0/ipz0OxUGA6xunJY5HdhvlsyRf2JdpnRaH0UU5KsAiajLq5HifCzJAEpRvWXIIYKSrqNi+hSmKRXiGJaHnK0dm0QO8YvM/Ab+MZUZ0L9VRznMoLsexTgDEC6QidxP5VYxXQwzgvbK1kn1J+7QTmd9JzV4Q83EEIZM5VGp7DwuUzhSuUN4LNJ9TnsCpjZwDIqIIGo9kLRLov+CfPb50o/768pa4W87a7FDJc74gvu/Qh7K05ztWNABlqYk5QsSkLWosN/vCaR+Nlh6EroTUw679G0MLj2WD/P0vLbiy1Xgf2oZ4Q5vLOQfoU2SWNkzzmfpdu3o9+VWNQppUZPyt\"\
        \r\n              }\r\n            ]\r\n          },\r\n          \"provisionVMAgent\"\
        : true,\r\n          \"patchSettings\": {\r\n            \"patchMode\": \"\
        ImageDefault\",\r\n            \"assessmentMode\": \"ImageDefault\"\r\n  \
        \        },\r\n          \"enableVMAgentPlatformUpdates\": false\r\n     \
        \   },\r\n        \"secrets\": [],\r\n        \"allowExtensionOperations\"\
        : true,\r\n        \"requireGuestProvisionSignal\": true\r\n      },\r\n \
        \     \"storageProfile\": {\r\n        \"osDisk\": {\r\n          \"osType\"\
        : \"Linux\",\r\n          \"createOption\": \"FromImage\",\r\n          \"\
        caching\": \"ReadWrite\",\r\n          \"managedDisk\": {\r\n            \"\
        storageAccountType\": \"Premium_LRS\"\r\n          },\r\n          \"deleteOption\"\
        : \"Delete\",\r\n          \"diskSizeGB\": 30\r\n        },\r\n        \"\
        imageReference\": {\r\n          \"publisher\": \"Canonical\",\r\n       \
        \   \"offer\": \"UbuntuServer\",\r\n          \"sku\": \"18.04-LTS\",\r\n\
        \          \"version\": \"latest\"\r\n        }\r\n      },\r\n      \"networkProfile\"\
        : {\"networkApiVersion\":\"2020-11-01\",\"networkInterfaceConfigurations\"\
        :[{\"name\":\"clite5a01Nic\",\"properties\":{\"primary\":true,\"disableTcpStateTracking\"\
        :false,\"enableIPForwarding\":false,\"auxiliaryMode\":\"None\",\"auxiliarySku\"\
        :\"None\",\"deleteOption\":\"Delete\",\"ipConfigurations\":[{\"name\":\"clite5a01IPConfig\"\
        ,\"properties\":{\"privateIPAddressVersion\":\"IPv4\",\"subnet\":{\"id\":\"\
        /subscriptions/00000000-0000-0000-0000-000000000000/resourceGroups/cli_test_vmss_linux_patch_mode_000001/providers/Microsoft.Network/virtualNetworks/clitestvmss000002VNET/subnets/clitestvmss000002Subnet\"\
        },\"applicationSecurityGroups\":[],\"loadBalancerBackendAddressPools\":[{\"\
        id\":\"/subscriptions/00000000-0000-0000-0000-000000000000/resourceGroups/cli_test_vmss_linux_patch_mode_000001/providers/Microsoft.Network/loadBalancers/clitestvmss000002LB/backendAddressPools/clitestvmss000002LBBEPool\"\
        }],\"applicationGatewayBackendAddressPools\":[]}}],\"networkSecurityGroup\"\
        :{\"id\":\"/subscriptions/00000000-0000-0000-0000-000000000000/resourceGroups/cli_test_vmss_linux_patch_mode_000001/providers/Microsoft.Network/networkSecurityGroups/clitestvmss000002NSG\"\
        },\"dnsSettings\":{\"dnsServers\":[]}}}]},\r\n      \"extensionProfile\":\
        \ {\r\n        \"extensions\": [\r\n          {\r\n            \"name\": \"\
        ApplicationHealthLinux\",\r\n            \"properties\": {\r\n           \
        \   \"autoUpgradeMinorVersion\": true,\r\n              \"publisher\": \"\
        Microsoft.ManagedServices\",\r\n              \"type\": \"ApplicationHealthLinux\"\
        ,\r\n              \"typeHandlerVersion\": \"1.0\",\r\n              \"settings\"\
        : {\"protocol\":\"http\",\"port\":80,\"requestPath\":\"/healthEndpoint\"}\r\
        \n            }\r\n          }\r\n        ]\r\n      },\r\n      \"timeCreated\"\
        : \"2024-01-03T06:47:24.2911792+00:00\"\r\n    },\r\n    \"provisioningState\"\
        : \"Succeeded\",\r\n    \"uniqueId\": \"68d22f3a-5a1f-4834-8c47-5e439dcc14c5\"\
        ,\r\n    \"platformFaultDomainCount\": 1,\r\n    \"constrainedMaximumCapacity\"\
        : false,\r\n    \"timeCreated\": \"2024-01-03T06:46:57.2595939+00:00\"\r\n\
        \  }\r\n}"
    headers:
      cache-control:
      - no-cache
      content-length:
      - '4170'
      content-type:
      - application/json; charset=utf-8
      date:
      - Wed, 03 Jan 2024 06:47:24 GMT
      expires:
      - '-1'
      pragma:
      - no-cache
      server:
      - Microsoft-HTTPAPI/2.0
      - Microsoft-HTTPAPI/2.0
      strict-transport-security:
      - max-age=31536000; includeSubDomains
      transfer-encoding:
      - chunked
      vary:
      - Accept-Encoding
      x-content-type-options:
      - nosniff
      x-ms-ratelimit-remaining-resource:
      - Microsoft.Compute/GetVMScaleSetSubscriptionMaximum;2359,Microsoft.Compute/GetVMScaleSetResource;29
    status:
      code: 200
      message: ''
- request:
    body: null
    headers:
      Accept:
      - application/json
      Accept-Encoding:
      - gzip, deflate
      CommandName:
      - vmss update
      Connection:
      - keep-alive
      ParameterSetName:
      - --name --resource-group --set
      User-Agent:
      - AZURECLI/2.56.0 azsdk-python-azure-mgmt-compute/30.4.0 Python/3.10.11 (Windows-10-10.0.22631-SP0)
    method: GET
    uri: https://management.azure.com/subscriptions/00000000-0000-0000-0000-000000000000/resourceGroups/cli_test_vmss_linux_patch_mode_000001/providers/Microsoft.Compute/virtualMachineScaleSets/clitestvmss000002?api-version=2023-09-01
  response:
    body:
      string: "{\r\n  \"name\": \"clitestvmss000002\",\r\n  \"id\": \"/subscriptions/00000000-0000-0000-0000-000000000000/resourceGroups/cli_test_vmss_linux_patch_mode_000001/providers/Microsoft.Compute/virtualMachineScaleSets/clitestvmss000002\"\
        ,\r\n  \"type\": \"Microsoft.Compute/virtualMachineScaleSets\",\r\n  \"location\"\
        : \"westus\",\r\n  \"tags\": {},\r\n  \"sku\": {\r\n    \"name\": \"Standard_DS1_v2\"\
        ,\r\n    \"tier\": \"Standard\",\r\n    \"capacity\": 0\r\n  },\r\n  \"properties\"\
        : {\r\n    \"singlePlacementGroup\": false,\r\n    \"orchestrationMode\":\
        \ \"Flexible\",\r\n    \"upgradePolicy\": {\r\n      \"mode\": \"Manual\"\r\
        \n    },\r\n    \"virtualMachineProfile\": {\r\n      \"osProfile\": {\r\n\
        \        \"computerNamePrefix\": \"clitestv\",\r\n        \"adminUsername\"\
        : \"vmtest\",\r\n        \"linuxConfiguration\": {\r\n          \"disablePasswordAuthentication\"\
        : true,\r\n          \"ssh\": {\r\n            \"publicKeys\": [\r\n     \
        \         {\r\n                \"path\": \"/home/vmtest/.ssh/authorized_keys\"\
        ,\r\n                \"keyData\": \"ssh-rsa AAAAB3NzaC1yc2EAAAADAQABAAABAQCey0/ipz0OxUGA6xunJY5HdhvlsyRf2JdpnRaH0UU5KsAiajLq5HifCzJAEpRvWXIIYKSrqNi+hSmKRXiGJaHnK0dm0QO8YvM/Ab+MZUZ0L9VRznMoLsexTgDEC6QidxP5VYxXQwzgvbK1kn1J+7QTmd9JzV4Q83EEIZM5VGp7DwuUzhSuUN4LNJ9TnsCpjZwDIqIIGo9kLRLov+CfPb50o/768pa4W87a7FDJc74gvu/Qh7K05ztWNABlqYk5QsSkLWosN/vCaR+Nlh6EroTUw679G0MLj2WD/P0vLbiy1Xgf2oZ4Q5vLOQfoU2SWNkzzmfpdu3o9+VWNQppUZPyt\"\
        \r\n              }\r\n            ]\r\n          },\r\n          \"provisionVMAgent\"\
        : true,\r\n          \"patchSettings\": {\r\n            \"patchMode\": \"\
        ImageDefault\",\r\n            \"assessmentMode\": \"ImageDefault\"\r\n  \
        \        },\r\n          \"enableVMAgentPlatformUpdates\": false\r\n     \
        \   },\r\n        \"secrets\": [],\r\n        \"allowExtensionOperations\"\
        : true,\r\n        \"requireGuestProvisionSignal\": true\r\n      },\r\n \
        \     \"storageProfile\": {\r\n        \"osDisk\": {\r\n          \"osType\"\
        : \"Linux\",\r\n          \"createOption\": \"FromImage\",\r\n          \"\
        caching\": \"ReadWrite\",\r\n          \"managedDisk\": {\r\n            \"\
        storageAccountType\": \"Premium_LRS\"\r\n          },\r\n          \"deleteOption\"\
        : \"Delete\",\r\n          \"diskSizeGB\": 30\r\n        },\r\n        \"\
        imageReference\": {\r\n          \"publisher\": \"Canonical\",\r\n       \
        \   \"offer\": \"UbuntuServer\",\r\n          \"sku\": \"18.04-LTS\",\r\n\
        \          \"version\": \"latest\"\r\n        }\r\n      },\r\n      \"networkProfile\"\
        : {\"networkApiVersion\":\"2020-11-01\",\"networkInterfaceConfigurations\"\
        :[{\"name\":\"clite5a01Nic\",\"properties\":{\"primary\":true,\"disableTcpStateTracking\"\
        :false,\"enableIPForwarding\":false,\"auxiliaryMode\":\"None\",\"auxiliarySku\"\
        :\"None\",\"deleteOption\":\"Delete\",\"ipConfigurations\":[{\"name\":\"clite5a01IPConfig\"\
        ,\"properties\":{\"privateIPAddressVersion\":\"IPv4\",\"subnet\":{\"id\":\"\
        /subscriptions/00000000-0000-0000-0000-000000000000/resourceGroups/cli_test_vmss_linux_patch_mode_000001/providers/Microsoft.Network/virtualNetworks/clitestvmss000002VNET/subnets/clitestvmss000002Subnet\"\
        },\"applicationSecurityGroups\":[],\"loadBalancerBackendAddressPools\":[{\"\
        id\":\"/subscriptions/00000000-0000-0000-0000-000000000000/resourceGroups/cli_test_vmss_linux_patch_mode_000001/providers/Microsoft.Network/loadBalancers/clitestvmss000002LB/backendAddressPools/clitestvmss000002LBBEPool\"\
        }],\"applicationGatewayBackendAddressPools\":[]}}],\"networkSecurityGroup\"\
        :{\"id\":\"/subscriptions/00000000-0000-0000-0000-000000000000/resourceGroups/cli_test_vmss_linux_patch_mode_000001/providers/Microsoft.Network/networkSecurityGroups/clitestvmss000002NSG\"\
        },\"dnsSettings\":{\"dnsServers\":[]}}}]},\r\n      \"extensionProfile\":\
        \ {\r\n        \"extensions\": [\r\n          {\r\n            \"name\": \"\
        ApplicationHealthLinux\",\r\n            \"properties\": {\r\n           \
        \   \"autoUpgradeMinorVersion\": true,\r\n              \"publisher\": \"\
        Microsoft.ManagedServices\",\r\n              \"type\": \"ApplicationHealthLinux\"\
        ,\r\n              \"typeHandlerVersion\": \"1.0\",\r\n              \"settings\"\
        : {\"protocol\":\"http\",\"port\":80,\"requestPath\":\"/healthEndpoint\"}\r\
        \n            }\r\n          }\r\n        ]\r\n      },\r\n      \"timeCreated\"\
        : \"2024-01-03T06:47:24.2911792+00:00\"\r\n    },\r\n    \"provisioningState\"\
        : \"Succeeded\",\r\n    \"uniqueId\": \"68d22f3a-5a1f-4834-8c47-5e439dcc14c5\"\
        ,\r\n    \"platformFaultDomainCount\": 1,\r\n    \"constrainedMaximumCapacity\"\
        : false,\r\n    \"timeCreated\": \"2024-01-03T06:46:57.2595939+00:00\"\r\n\
        \  }\r\n}"
    headers:
      cache-control:
      - no-cache
      content-length:
      - '4170'
      content-type:
      - application/json; charset=utf-8
      date:
      - Wed, 03 Jan 2024 06:47:26 GMT
      expires:
      - '-1'
      pragma:
      - no-cache
      server:
      - Microsoft-HTTPAPI/2.0
      - Microsoft-HTTPAPI/2.0
      strict-transport-security:
      - max-age=31536000; includeSubDomains
      transfer-encoding:
      - chunked
      vary:
      - Accept-Encoding
      x-content-type-options:
      - nosniff
      x-ms-ratelimit-remaining-resource:
      - Microsoft.Compute/GetVMScaleSetSubscriptionMaximum;2353,Microsoft.Compute/GetVMScaleSetResource;27
    status:
      code: 200
      message: ''
- request:
    body: '{"location": "westus", "tags": {}, "sku": {"name": "Standard_DS1_v2", "tier":
      "Standard", "capacity": 0}, "properties": {"upgradePolicy": {"mode": "Manual"},
      "virtualMachineProfile": {"osProfile": {"computerNamePrefix": "clitestv", "adminUsername":
      "vmtest", "linuxConfiguration": {"disablePasswordAuthentication": true, "ssh":
      {"publicKeys": [{"path": "/home/vmtest/.ssh/authorized_keys", "keyData": "ssh-rsa
      AAAAB3NzaC1yc2EAAAADAQABAAABAQCey0/ipz0OxUGA6xunJY5HdhvlsyRf2JdpnRaH0UU5KsAiajLq5HifCzJAEpRvWXIIYKSrqNi+hSmKRXiGJaHnK0dm0QO8YvM/Ab+MZUZ0L9VRznMoLsexTgDEC6QidxP5VYxXQwzgvbK1kn1J+7QTmd9JzV4Q83EEIZM5VGp7DwuUzhSuUN4LNJ9TnsCpjZwDIqIIGo9kLRLov+CfPb50o/768pa4W87a7FDJc74gvu/Qh7K05ztWNABlqYk5QsSkLWosN/vCaR+Nlh6EroTUw679G0MLj2WD/P0vLbiy1Xgf2oZ4Q5vLOQfoU2SWNkzzmfpdu3o9+VWNQppUZPyt"}]},
      "provisionVMAgent": true, "patchSettings": {"patchMode": "AutomaticByPlatform",
      "assessmentMode": "ImageDefault"}, "enableVMAgentPlatformUpdates": false}, "secrets":
      [], "allowExtensionOperations": true, "requireGuestProvisionSignal": true},
      "storageProfile": {"osDisk": {"caching": "ReadWrite", "createOption": "FromImage",
      "diskSizeGB": 30, "osType": "Linux", "managedDisk": {"storageAccountType": "Premium_LRS"},
      "deleteOption": "Delete"}}, "networkProfile": {"networkInterfaceConfigurations":
      [{"name": "clite5a01Nic", "properties": {"primary": true, "disableTcpStateTracking":
      false, "networkSecurityGroup": {"id": "/subscriptions/00000000-0000-0000-0000-000000000000/resourceGroups/cli_test_vmss_linux_patch_mode_000001/providers/Microsoft.Network/networkSecurityGroups/clitestvmss000002NSG"},
      "dnsSettings": {"dnsServers": []}, "ipConfigurations": [{"name": "clite5a01IPConfig",
      "properties": {"subnet": {"id": "/subscriptions/00000000-0000-0000-0000-000000000000/resourceGroups/cli_test_vmss_linux_patch_mode_000001/providers/Microsoft.Network/virtualNetworks/clitestvmss000002VNET/subnets/clitestvmss000002Subnet"},
      "privateIPAddressVersion": "IPv4", "applicationGatewayBackendAddressPools":
      [], "applicationSecurityGroups": [], "loadBalancerBackendAddressPools": [{"id":
      "/subscriptions/00000000-0000-0000-0000-000000000000/resourceGroups/cli_test_vmss_linux_patch_mode_000001/providers/Microsoft.Network/loadBalancers/clitestvmss000002LB/backendAddressPools/clitestvmss000002LBBEPool"}]}}],
      "enableIPForwarding": false, "deleteOption": "Delete", "auxiliaryMode": "None",
      "auxiliarySku": "None"}}], "networkApiVersion": "2020-11-01"}, "extensionProfile":
      {"extensions": [{"name": "ApplicationHealthLinux", "properties": {"publisher":
      "Microsoft.ManagedServices", "type": "ApplicationHealthLinux", "typeHandlerVersion":
      "1.0", "autoUpgradeMinorVersion": true, "settings": {"protocol": "http", "port":
      80, "requestPath": "/healthEndpoint"}}}]}}, "singlePlacementGroup": false, "platformFaultDomainCount":
      1, "orchestrationMode": "Flexible", "constrainedMaximumCapacity": false}}'
    headers:
      Accept:
      - application/json
      Accept-Encoding:
      - gzip, deflate
      CommandName:
      - vmss update
      Connection:
      - keep-alive
      Content-Length:
      - '2874'
      Content-Type:
      - application/json
      ParameterSetName:
      - --name --resource-group --set
      User-Agent:
      - AZURECLI/2.56.0 azsdk-python-azure-mgmt-compute/30.4.0 Python/3.10.11 (Windows-10-10.0.22631-SP0)
    method: PUT
    uri: https://management.azure.com/subscriptions/00000000-0000-0000-0000-000000000000/resourceGroups/cli_test_vmss_linux_patch_mode_000001/providers/Microsoft.Compute/virtualMachineScaleSets/clitestvmss000002?api-version=2023-09-01
  response:
    body:
      string: "{\r\n  \"name\": \"clitestvmss000002\",\r\n  \"id\": \"/subscriptions/00000000-0000-0000-0000-000000000000/resourceGroups/cli_test_vmss_linux_patch_mode_000001/providers/Microsoft.Compute/virtualMachineScaleSets/clitestvmss000002\"\
        ,\r\n  \"type\": \"Microsoft.Compute/virtualMachineScaleSets\",\r\n  \"location\"\
        : \"westus\",\r\n  \"tags\": {},\r\n  \"sku\": {\r\n    \"name\": \"Standard_DS1_v2\"\
        ,\r\n    \"tier\": \"Standard\",\r\n    \"capacity\": 0\r\n  },\r\n  \"properties\"\
        : {\r\n    \"singlePlacementGroup\": false,\r\n    \"orchestrationMode\":\
        \ \"Flexible\",\r\n    \"upgradePolicy\": {\r\n      \"mode\": \"Manual\"\r\
        \n    },\r\n    \"virtualMachineProfile\": {\r\n      \"osProfile\": {\r\n\
        \        \"computerNamePrefix\": \"clitestv\",\r\n        \"adminUsername\"\
        : \"vmtest\",\r\n        \"linuxConfiguration\": {\r\n          \"disablePasswordAuthentication\"\
        : true,\r\n          \"ssh\": {\r\n            \"publicKeys\": [\r\n     \
        \         {\r\n                \"path\": \"/home/vmtest/.ssh/authorized_keys\"\
        ,\r\n                \"keyData\": \"ssh-rsa AAAAB3NzaC1yc2EAAAADAQABAAABAQCey0/ipz0OxUGA6xunJY5HdhvlsyRf2JdpnRaH0UU5KsAiajLq5HifCzJAEpRvWXIIYKSrqNi+hSmKRXiGJaHnK0dm0QO8YvM/Ab+MZUZ0L9VRznMoLsexTgDEC6QidxP5VYxXQwzgvbK1kn1J+7QTmd9JzV4Q83EEIZM5VGp7DwuUzhSuUN4LNJ9TnsCpjZwDIqIIGo9kLRLov+CfPb50o/768pa4W87a7FDJc74gvu/Qh7K05ztWNABlqYk5QsSkLWosN/vCaR+Nlh6EroTUw679G0MLj2WD/P0vLbiy1Xgf2oZ4Q5vLOQfoU2SWNkzzmfpdu3o9+VWNQppUZPyt\"\
        \r\n              }\r\n            ]\r\n          },\r\n          \"provisionVMAgent\"\
        : true,\r\n          \"patchSettings\": {\r\n            \"patchMode\": \"\
        AutomaticByPlatform\",\r\n            \"assessmentMode\": \"ImageDefault\"\
        \r\n          },\r\n          \"enableVMAgentPlatformUpdates\": false\r\n\
        \        },\r\n        \"secrets\": [],\r\n        \"allowExtensionOperations\"\
        : true,\r\n        \"requireGuestProvisionSignal\": true\r\n      },\r\n \
        \     \"storageProfile\": {\r\n        \"osDisk\": {\r\n          \"osType\"\
        : \"Linux\",\r\n          \"createOption\": \"FromImage\",\r\n          \"\
        caching\": \"ReadWrite\",\r\n          \"managedDisk\": {\r\n            \"\
        storageAccountType\": \"Premium_LRS\"\r\n          },\r\n          \"deleteOption\"\
        : \"Delete\",\r\n          \"diskSizeGB\": 30\r\n        },\r\n        \"\
        imageReference\": {\r\n          \"publisher\": \"Canonical\",\r\n       \
        \   \"offer\": \"UbuntuServer\",\r\n          \"sku\": \"18.04-LTS\",\r\n\
        \          \"version\": \"latest\"\r\n        }\r\n      },\r\n      \"networkProfile\"\
        : {\"networkApiVersion\":\"2020-11-01\",\"networkInterfaceConfigurations\"\
        :[{\"name\":\"clite5a01Nic\",\"properties\":{\"primary\":true,\"disableTcpStateTracking\"\
        :false,\"enableIPForwarding\":false,\"auxiliaryMode\":\"None\",\"auxiliarySku\"\
        :\"None\",\"deleteOption\":\"Delete\",\"ipConfigurations\":[{\"name\":\"clite5a01IPConfig\"\
        ,\"properties\":{\"privateIPAddressVersion\":\"IPv4\",\"subnet\":{\"id\":\"\
        /subscriptions/00000000-0000-0000-0000-000000000000/resourceGroups/cli_test_vmss_linux_patch_mode_000001/providers/Microsoft.Network/virtualNetworks/clitestvmss000002VNET/subnets/clitestvmss000002Subnet\"\
        },\"applicationSecurityGroups\":[],\"loadBalancerBackendAddressPools\":[{\"\
        id\":\"/subscriptions/00000000-0000-0000-0000-000000000000/resourceGroups/cli_test_vmss_linux_patch_mode_000001/providers/Microsoft.Network/loadBalancers/clitestvmss000002LB/backendAddressPools/clitestvmss000002LBBEPool\"\
        }],\"applicationGatewayBackendAddressPools\":[]}}],\"networkSecurityGroup\"\
        :{\"id\":\"/subscriptions/00000000-0000-0000-0000-000000000000/resourceGroups/cli_test_vmss_linux_patch_mode_000001/providers/Microsoft.Network/networkSecurityGroups/clitestvmss000002NSG\"\
        },\"dnsSettings\":{\"dnsServers\":[]}}}]},\r\n      \"extensionProfile\":\
        \ {\r\n        \"extensions\": [\r\n          {\r\n            \"name\": \"\
        ApplicationHealthLinux\",\r\n            \"properties\": {\r\n           \
        \   \"autoUpgradeMinorVersion\": true,\r\n              \"publisher\": \"\
        Microsoft.ManagedServices\",\r\n              \"type\": \"ApplicationHealthLinux\"\
        ,\r\n              \"typeHandlerVersion\": \"1.0\",\r\n              \"settings\"\
        : {\"protocol\":\"http\",\"port\":80,\"requestPath\":\"/healthEndpoint\"}\r\
        \n            }\r\n          }\r\n        ]\r\n      },\r\n      \"timeCreated\"\
        : \"2024-01-03T06:47:33.2756105+00:00\"\r\n    },\r\n    \"provisioningState\"\
        : \"Updating\",\r\n    \"uniqueId\": \"68d22f3a-5a1f-4834-8c47-5e439dcc14c5\"\
        ,\r\n    \"platformFaultDomainCount\": 1,\r\n    \"constrainedMaximumCapacity\"\
        : false,\r\n    \"timeCreated\": \"2024-01-03T06:46:57.2595939+00:00\"\r\n\
        \  }\r\n}"
    headers:
      azure-asyncnotification:
      - Enabled
      azure-asyncoperation:
      - https://management.azure.com/subscriptions/00000000-0000-0000-0000-000000000000/providers/Microsoft.Compute/locations/westus/operations/f210c3ca-4e9d-4e49-9f23-1332c997ce53?p=571046f6-b640-41c1-86f7-f9f044b5adf9&api-version=2023-09-01&t=638398612535890627&c=MIIHADCCBeigAwIBAgITfAQJ84UGyKmD7nmZ9QAABAnzhTANBgkqhkiG9w0BAQsFADBEMRMwEQYKCZImiZPyLGQBGRYDR0JMMRMwEQYKCZImiZPyLGQBGRYDQU1FMRgwFgYDVQQDEw9BTUUgSW5mcmEgQ0EgMDUwHhcNMjMxMDMxMDM0NjM4WhcNMjQxMDI1MDM0NjM4WjBAMT4wPAYDVQQDEzVhc3luY29wZXJhdGlvbnNpZ25pbmdjZXJ0aWZpY2F0ZS5tYW5hZ2VtZW50LmF6dXJlLmNvbTCCASIwDQYJKoZIhvcNAQEBBQADggEPADCCAQoCggEBALV1RP-LbcwIlN2CnQnWzxPtzvZrf7vi5dJ-376QCjdMkLJfoE6TATSEqi4SbsgbBHysM6Qi0LZrnpuSbKHupW2SkN8eTWGcQsN6_TYMYvICeLPoB7egzUfKCLD2lF05kAHqjZ-_0VeTDsWeY2PFrZdqKx1G33TXbD89mGo7wcx_HvY8QAbl1S5RR1TGPSGVbyDS9IDJqUlVUWN8t4L1FzLh08VseSicQUTpHvaBJvncNT8YLv8uUF7zI_50WLk0BWaPeadRtlnGSzvKo-9malmdbbWlWFs_wzomM0fiM6LGnP6fBZ42-dn2U8rYxyliz2HAt79dbeArlpf1UdUYJMkCAwEAAaOCA-0wggPpMCcGCSsGAQQBgjcVCgQaMBgwCgYIKwYBBQUHAwEwCgYIKwYBBQUHAwIwPQYJKwYBBAGCNxUHBDAwLgYmKwYBBAGCNxUIhpDjDYTVtHiE8Ys-hZvdFs6dEoFggvX2K4Py0SACAWQCAQowggHLBggrBgEFBQcBAQSCAb0wggG5MGMGCCsGAQUFBzAChldodHRwOi8vY3JsLm1pY3Jvc29mdC5jb20vcGtpaW5mcmEvQ2VydHMvQ08xUEtJSU5UQ0EwMS5BTUUuR0JMX0FNRSUyMEluZnJhJTIwQ0ElMjAwNS5jcnQwUwYIKwYBBQUHMAKGR2h0dHA6Ly9jcmwxLmFtZS5nYmwvYWlhL0NPMVBLSUlOVENBMDEuQU1FLkdCTF9BTUUlMjBJbmZyYSUyMENBJTIwMDUuY3J0MFMGCCsGAQUFBzAChkdodHRwOi8vY3JsMi5hbWUuZ2JsL2FpYS9DTzFQS0lJTlRDQTAxLkFNRS5HQkxfQU1FJTIwSW5mcmElMjBDQSUyMDA1LmNydDBTBggrBgEFBQcwAoZHaHR0cDovL2NybDMuYW1lLmdibC9haWEvQ08xUEtJSU5UQ0EwMS5BTUUuR0JMX0FNRSUyMEluZnJhJTIwQ0ElMjAwNS5jcnQwUwYIKwYBBQUHMAKGR2h0dHA6Ly9jcmw0LmFtZS5nYmwvYWlhL0NPMVBLSUlOVENBMDEuQU1FLkdCTF9BTUUlMjBJbmZyYSUyMENBJTIwMDUuY3J0MB0GA1UdDgQWBBSGUnbWWChy_EBfMD2yEul1JkaeMzAOBgNVHQ8BAf8EBAMCBaAwggEmBgNVHR8EggEdMIIBGTCCARWgggERoIIBDYY_aHR0cDovL2NybC5taWNyb3NvZnQuY29tL3BraWluZnJhL0NSTC9BTUUlMjBJbmZyYSUyMENBJTIwMDUuY3JshjFodHRwOi8vY3JsMS5hbWUuZ2JsL2NybC9BTUUlMjBJbmZyYSUyMENBJTIwMDUuY3JshjFodHRwOi8vY3JsMi5hbWUuZ2JsL2NybC9BTUUlMjBJbmZyYSUyMENBJTIwMDUuY3JshjFodHRwOi8vY3JsMy5hbWUuZ2JsL2NybC9BTUUlMjBJbmZyYSUyMENBJTIwMDUuY3JshjFodHRwOi8vY3JsNC5hbWUuZ2JsL2NybC9BTUUlMjBJbmZyYSUyMENBJTIwMDUuY3JsMBcGA1UdIAQQMA4wDAYKKwYBBAGCN3sBATAfBgNVHSMEGDAWgBR61hmFKHlscXYeYPjzS--iBUIWHTAdBgNVHSUEFjAUBggrBgEFBQcDAQYIKwYBBQUHAwIwDQYJKoZIhvcNAQELBQADggEBAF51fK2KOW2oU11cUXl05iwICST1xE6QjNvxRMCcWmam-PZwLEAaqjOfBLR7EfY0S3Db3RRjhJsDULE-pKhRHcglStkoRZ83doNa_56QVhxZDQZ9AP0Vv6BGjZES4OExVI_yXyY-x0q_ZjIrhbOi0NFqyjCM3sfEub4NZKG4Xm116-MFmey8OefNSN1W9diJlyi_-GHIFNZmRrqLAj2cQTLMkUbS3ywfKQZ5VWTF9W2HMVx1IudYvuDrz46wsm3PhRlnGVrXcUx7Bb7ndy2lthKvWJ0eGyrePdN26rZT2OP8LMBtW78uvyoiUMC5SbolKtvYaRZ-SNyOTN5mIG1CupA&s=VM-eNmYiVXVy4AFL4LJIFdRtZPxco1xwP_HIJ_u7W3xITuW1V3KR5wYMMI1kqFWleiOYu8iQXUFkirL4CPakc6He0dXM-__w3vIsWz8HfOiCe6Ev_D8sYHWN0l04DR8j73vI9Mw5dwkWemsaXNf4OjGv3kFEZVNz9ObJNdSZZ_nOAiusKn4sGeqE8Ns2w2Ngid7s_2rbQaWuQVctoSpVGN3ABRiGN-yccNrhxQuacjKSgtW5FM44WMai0oNgxEa-8AzGa4EYYrf0MHswhdfXSyTYl8drYlv9cgcfc1S5Mma1AKfZOpJPtfNel098qCGO8Ivwi6lRmUTqxWw8IzZtww&h=d0bN-KynsdXIVByW1__xfDfx6oh1d0eOC5AQ50ql--I
      cache-control:
      - no-cache
      content-length:
      - '4176'
      content-type:
      - application/json; charset=utf-8
      date:
      - Wed, 03 Jan 2024 06:47:33 GMT
      expires:
      - '-1'
      pragma:
      - no-cache
      server:
      - Microsoft-HTTPAPI/2.0
      - Microsoft-HTTPAPI/2.0
      strict-transport-security:
      - max-age=31536000; includeSubDomains
      transfer-encoding:
      - chunked
      vary:
      - Accept-Encoding
      x-content-type-options:
      - nosniff
      x-ms-ratelimit-remaining-resource:
      - Microsoft.Compute/CreateVMScaleSetSubscriptionMaximum;369,Microsoft.Compute/CreateVMScaleSetResource;9
      x-ms-ratelimit-remaining-subscription-writes:
      - '1198'
    status:
      code: 200
      message: ''
- request:
    body: null
    headers:
      Accept:
      - '*/*'
      Accept-Encoding:
      - gzip, deflate
      CommandName:
      - vmss update
      Connection:
      - keep-alive
      ParameterSetName:
      - --name --resource-group --set
      User-Agent:
      - AZURECLI/2.56.0 azsdk-python-azure-mgmt-compute/30.4.0 Python/3.10.11 (Windows-10-10.0.22631-SP0)
    method: GET
    uri: https://management.azure.com/subscriptions/00000000-0000-0000-0000-000000000000/providers/Microsoft.Compute/locations/westus/operations/f210c3ca-4e9d-4e49-9f23-1332c997ce53?p=571046f6-b640-41c1-86f7-f9f044b5adf9&api-version=2023-09-01&t=638398612535890627&c=MIIHADCCBeigAwIBAgITfAQJ84UGyKmD7nmZ9QAABAnzhTANBgkqhkiG9w0BAQsFADBEMRMwEQYKCZImiZPyLGQBGRYDR0JMMRMwEQYKCZImiZPyLGQBGRYDQU1FMRgwFgYDVQQDEw9BTUUgSW5mcmEgQ0EgMDUwHhcNMjMxMDMxMDM0NjM4WhcNMjQxMDI1MDM0NjM4WjBAMT4wPAYDVQQDEzVhc3luY29wZXJhdGlvbnNpZ25pbmdjZXJ0aWZpY2F0ZS5tYW5hZ2VtZW50LmF6dXJlLmNvbTCCASIwDQYJKoZIhvcNAQEBBQADggEPADCCAQoCggEBALV1RP-LbcwIlN2CnQnWzxPtzvZrf7vi5dJ-376QCjdMkLJfoE6TATSEqi4SbsgbBHysM6Qi0LZrnpuSbKHupW2SkN8eTWGcQsN6_TYMYvICeLPoB7egzUfKCLD2lF05kAHqjZ-_0VeTDsWeY2PFrZdqKx1G33TXbD89mGo7wcx_HvY8QAbl1S5RR1TGPSGVbyDS9IDJqUlVUWN8t4L1FzLh08VseSicQUTpHvaBJvncNT8YLv8uUF7zI_50WLk0BWaPeadRtlnGSzvKo-9malmdbbWlWFs_wzomM0fiM6LGnP6fBZ42-dn2U8rYxyliz2HAt79dbeArlpf1UdUYJMkCAwEAAaOCA-0wggPpMCcGCSsGAQQBgjcVCgQaMBgwCgYIKwYBBQUHAwEwCgYIKwYBBQUHAwIwPQYJKwYBBAGCNxUHBDAwLgYmKwYBBAGCNxUIhpDjDYTVtHiE8Ys-hZvdFs6dEoFggvX2K4Py0SACAWQCAQowggHLBggrBgEFBQcBAQSCAb0wggG5MGMGCCsGAQUFBzAChldodHRwOi8vY3JsLm1pY3Jvc29mdC5jb20vcGtpaW5mcmEvQ2VydHMvQ08xUEtJSU5UQ0EwMS5BTUUuR0JMX0FNRSUyMEluZnJhJTIwQ0ElMjAwNS5jcnQwUwYIKwYBBQUHMAKGR2h0dHA6Ly9jcmwxLmFtZS5nYmwvYWlhL0NPMVBLSUlOVENBMDEuQU1FLkdCTF9BTUUlMjBJbmZyYSUyMENBJTIwMDUuY3J0MFMGCCsGAQUFBzAChkdodHRwOi8vY3JsMi5hbWUuZ2JsL2FpYS9DTzFQS0lJTlRDQTAxLkFNRS5HQkxfQU1FJTIwSW5mcmElMjBDQSUyMDA1LmNydDBTBggrBgEFBQcwAoZHaHR0cDovL2NybDMuYW1lLmdibC9haWEvQ08xUEtJSU5UQ0EwMS5BTUUuR0JMX0FNRSUyMEluZnJhJTIwQ0ElMjAwNS5jcnQwUwYIKwYBBQUHMAKGR2h0dHA6Ly9jcmw0LmFtZS5nYmwvYWlhL0NPMVBLSUlOVENBMDEuQU1FLkdCTF9BTUUlMjBJbmZyYSUyMENBJTIwMDUuY3J0MB0GA1UdDgQWBBSGUnbWWChy_EBfMD2yEul1JkaeMzAOBgNVHQ8BAf8EBAMCBaAwggEmBgNVHR8EggEdMIIBGTCCARWgggERoIIBDYY_aHR0cDovL2NybC5taWNyb3NvZnQuY29tL3BraWluZnJhL0NSTC9BTUUlMjBJbmZyYSUyMENBJTIwMDUuY3JshjFodHRwOi8vY3JsMS5hbWUuZ2JsL2NybC9BTUUlMjBJbmZyYSUyMENBJTIwMDUuY3JshjFodHRwOi8vY3JsMi5hbWUuZ2JsL2NybC9BTUUlMjBJbmZyYSUyMENBJTIwMDUuY3JshjFodHRwOi8vY3JsMy5hbWUuZ2JsL2NybC9BTUUlMjBJbmZyYSUyMENBJTIwMDUuY3JshjFodHRwOi8vY3JsNC5hbWUuZ2JsL2NybC9BTUUlMjBJbmZyYSUyMENBJTIwMDUuY3JsMBcGA1UdIAQQMA4wDAYKKwYBBAGCN3sBATAfBgNVHSMEGDAWgBR61hmFKHlscXYeYPjzS--iBUIWHTAdBgNVHSUEFjAUBggrBgEFBQcDAQYIKwYBBQUHAwIwDQYJKoZIhvcNAQELBQADggEBAF51fK2KOW2oU11cUXl05iwICST1xE6QjNvxRMCcWmam-PZwLEAaqjOfBLR7EfY0S3Db3RRjhJsDULE-pKhRHcglStkoRZ83doNa_56QVhxZDQZ9AP0Vv6BGjZES4OExVI_yXyY-x0q_ZjIrhbOi0NFqyjCM3sfEub4NZKG4Xm116-MFmey8OefNSN1W9diJlyi_-GHIFNZmRrqLAj2cQTLMkUbS3ywfKQZ5VWTF9W2HMVx1IudYvuDrz46wsm3PhRlnGVrXcUx7Bb7ndy2lthKvWJ0eGyrePdN26rZT2OP8LMBtW78uvyoiUMC5SbolKtvYaRZ-SNyOTN5mIG1CupA&s=VM-eNmYiVXVy4AFL4LJIFdRtZPxco1xwP_HIJ_u7W3xITuW1V3KR5wYMMI1kqFWleiOYu8iQXUFkirL4CPakc6He0dXM-__w3vIsWz8HfOiCe6Ev_D8sYHWN0l04DR8j73vI9Mw5dwkWemsaXNf4OjGv3kFEZVNz9ObJNdSZZ_nOAiusKn4sGeqE8Ns2w2Ngid7s_2rbQaWuQVctoSpVGN3ABRiGN-yccNrhxQuacjKSgtW5FM44WMai0oNgxEa-8AzGa4EYYrf0MHswhdfXSyTYl8drYlv9cgcfc1S5Mma1AKfZOpJPtfNel098qCGO8Ivwi6lRmUTqxWw8IzZtww&h=d0bN-KynsdXIVByW1__xfDfx6oh1d0eOC5AQ50ql--I
  response:
    body:
      string: "{\r\n  \"startTime\": \"2024-01-03T06:47:33.2756105+00:00\",\r\n  \"\
        endTime\": \"2024-01-03T06:47:33.3537312+00:00\",\r\n  \"status\": \"Succeeded\"\
        ,\r\n  \"name\": \"f210c3ca-4e9d-4e49-9f23-1332c997ce53\"\r\n}"
    headers:
      cache-control:
      - no-cache
      content-length:
      - '184'
      content-type:
      - application/json; charset=utf-8
      date:
      - Wed, 03 Jan 2024 06:47:33 GMT
      expires:
      - '-1'
      pragma:
      - no-cache
      server:
      - Microsoft-HTTPAPI/2.0
      - Microsoft-HTTPAPI/2.0
      strict-transport-security:
      - max-age=31536000; includeSubDomains
      transfer-encoding:
      - chunked
      vary:
      - Accept-Encoding
      x-content-type-options:
      - nosniff
      x-ms-ratelimit-remaining-resource:
      - Microsoft.Compute/GetOperationResource;44,Microsoft.Compute/GetOperationSubscriptionMaximum;14989
    status:
      code: 200
      message: ''
- request:
    body: null
    headers:
      Accept:
      - '*/*'
      Accept-Encoding:
      - gzip, deflate
      CommandName:
      - vmss update
      Connection:
      - keep-alive
      ParameterSetName:
      - --name --resource-group --set
      User-Agent:
      - AZURECLI/2.56.0 azsdk-python-azure-mgmt-compute/30.4.0 Python/3.10.11 (Windows-10-10.0.22631-SP0)
    method: GET
    uri: https://management.azure.com/subscriptions/00000000-0000-0000-0000-000000000000/resourceGroups/cli_test_vmss_linux_patch_mode_000001/providers/Microsoft.Compute/virtualMachineScaleSets/clitestvmss000002?api-version=2023-09-01
  response:
    body:
      string: "{\r\n  \"name\": \"clitestvmss000002\",\r\n  \"id\": \"/subscriptions/00000000-0000-0000-0000-000000000000/resourceGroups/cli_test_vmss_linux_patch_mode_000001/providers/Microsoft.Compute/virtualMachineScaleSets/clitestvmss000002\"\
        ,\r\n  \"type\": \"Microsoft.Compute/virtualMachineScaleSets\",\r\n  \"location\"\
        : \"westus\",\r\n  \"tags\": {},\r\n  \"sku\": {\r\n    \"name\": \"Standard_DS1_v2\"\
        ,\r\n    \"tier\": \"Standard\",\r\n    \"capacity\": 0\r\n  },\r\n  \"properties\"\
        : {\r\n    \"singlePlacementGroup\": false,\r\n    \"orchestrationMode\":\
        \ \"Flexible\",\r\n    \"upgradePolicy\": {\r\n      \"mode\": \"Manual\"\r\
        \n    },\r\n    \"virtualMachineProfile\": {\r\n      \"osProfile\": {\r\n\
        \        \"computerNamePrefix\": \"clitestv\",\r\n        \"adminUsername\"\
        : \"vmtest\",\r\n        \"linuxConfiguration\": {\r\n          \"disablePasswordAuthentication\"\
        : true,\r\n          \"ssh\": {\r\n            \"publicKeys\": [\r\n     \
        \         {\r\n                \"path\": \"/home/vmtest/.ssh/authorized_keys\"\
        ,\r\n                \"keyData\": \"ssh-rsa AAAAB3NzaC1yc2EAAAADAQABAAABAQCey0/ipz0OxUGA6xunJY5HdhvlsyRf2JdpnRaH0UU5KsAiajLq5HifCzJAEpRvWXIIYKSrqNi+hSmKRXiGJaHnK0dm0QO8YvM/Ab+MZUZ0L9VRznMoLsexTgDEC6QidxP5VYxXQwzgvbK1kn1J+7QTmd9JzV4Q83EEIZM5VGp7DwuUzhSuUN4LNJ9TnsCpjZwDIqIIGo9kLRLov+CfPb50o/768pa4W87a7FDJc74gvu/Qh7K05ztWNABlqYk5QsSkLWosN/vCaR+Nlh6EroTUw679G0MLj2WD/P0vLbiy1Xgf2oZ4Q5vLOQfoU2SWNkzzmfpdu3o9+VWNQppUZPyt\"\
        \r\n              }\r\n            ]\r\n          },\r\n          \"provisionVMAgent\"\
        : true,\r\n          \"patchSettings\": {\r\n            \"patchMode\": \"\
        AutomaticByPlatform\",\r\n            \"assessmentMode\": \"ImageDefault\"\
        \r\n          },\r\n          \"enableVMAgentPlatformUpdates\": false\r\n\
        \        },\r\n        \"secrets\": [],\r\n        \"allowExtensionOperations\"\
        : true,\r\n        \"requireGuestProvisionSignal\": true\r\n      },\r\n \
        \     \"storageProfile\": {\r\n        \"osDisk\": {\r\n          \"osType\"\
        : \"Linux\",\r\n          \"createOption\": \"FromImage\",\r\n          \"\
        caching\": \"ReadWrite\",\r\n          \"managedDisk\": {\r\n            \"\
        storageAccountType\": \"Premium_LRS\"\r\n          },\r\n          \"deleteOption\"\
        : \"Delete\",\r\n          \"diskSizeGB\": 30\r\n        },\r\n        \"\
        imageReference\": {\r\n          \"publisher\": \"Canonical\",\r\n       \
        \   \"offer\": \"UbuntuServer\",\r\n          \"sku\": \"18.04-LTS\",\r\n\
        \          \"version\": \"latest\"\r\n        }\r\n      },\r\n      \"networkProfile\"\
        : {\"networkApiVersion\":\"2020-11-01\",\"networkInterfaceConfigurations\"\
        :[{\"name\":\"clite5a01Nic\",\"properties\":{\"primary\":true,\"disableTcpStateTracking\"\
        :false,\"enableIPForwarding\":false,\"auxiliaryMode\":\"None\",\"auxiliarySku\"\
        :\"None\",\"deleteOption\":\"Delete\",\"ipConfigurations\":[{\"name\":\"clite5a01IPConfig\"\
        ,\"properties\":{\"privateIPAddressVersion\":\"IPv4\",\"subnet\":{\"id\":\"\
        /subscriptions/00000000-0000-0000-0000-000000000000/resourceGroups/cli_test_vmss_linux_patch_mode_000001/providers/Microsoft.Network/virtualNetworks/clitestvmss000002VNET/subnets/clitestvmss000002Subnet\"\
        },\"applicationSecurityGroups\":[],\"loadBalancerBackendAddressPools\":[{\"\
        id\":\"/subscriptions/00000000-0000-0000-0000-000000000000/resourceGroups/cli_test_vmss_linux_patch_mode_000001/providers/Microsoft.Network/loadBalancers/clitestvmss000002LB/backendAddressPools/clitestvmss000002LBBEPool\"\
        }],\"applicationGatewayBackendAddressPools\":[]}}],\"networkSecurityGroup\"\
        :{\"id\":\"/subscriptions/00000000-0000-0000-0000-000000000000/resourceGroups/cli_test_vmss_linux_patch_mode_000001/providers/Microsoft.Network/networkSecurityGroups/clitestvmss000002NSG\"\
        },\"dnsSettings\":{\"dnsServers\":[]}}}]},\r\n      \"extensionProfile\":\
        \ {\r\n        \"extensions\": [\r\n          {\r\n            \"name\": \"\
        ApplicationHealthLinux\",\r\n            \"properties\": {\r\n           \
        \   \"autoUpgradeMinorVersion\": true,\r\n              \"publisher\": \"\
        Microsoft.ManagedServices\",\r\n              \"type\": \"ApplicationHealthLinux\"\
        ,\r\n              \"typeHandlerVersion\": \"1.0\",\r\n              \"settings\"\
        : {\"protocol\":\"http\",\"port\":80,\"requestPath\":\"/healthEndpoint\"}\r\
        \n            }\r\n          }\r\n        ]\r\n      },\r\n      \"timeCreated\"\
        : \"2024-01-03T06:47:33.2756105+00:00\"\r\n    },\r\n    \"provisioningState\"\
        : \"Succeeded\",\r\n    \"uniqueId\": \"68d22f3a-5a1f-4834-8c47-5e439dcc14c5\"\
        ,\r\n    \"platformFaultDomainCount\": 1,\r\n    \"constrainedMaximumCapacity\"\
        : false,\r\n    \"timeCreated\": \"2024-01-03T06:46:57.2595939+00:00\"\r\n\
        \  }\r\n}"
    headers:
      cache-control:
      - no-cache
      content-length:
      - '4177'
      content-type:
      - application/json; charset=utf-8
      date:
      - Wed, 03 Jan 2024 06:47:33 GMT
      expires:
      - '-1'
      pragma:
      - no-cache
      server:
      - Microsoft-HTTPAPI/2.0
      - Microsoft-HTTPAPI/2.0
      strict-transport-security:
      - max-age=31536000; includeSubDomains
      transfer-encoding:
      - chunked
      vary:
      - Accept-Encoding
      x-content-type-options:
      - nosniff
      x-ms-ratelimit-remaining-resource:
      - Microsoft.Compute/GetVMScaleSetSubscriptionMaximum;2343,Microsoft.Compute/GetVMScaleSetResource;24
    status:
      code: 200
      message: ''
- request:
    body: null
    headers:
      Accept:
      - application/json
      Accept-Encoding:
      - gzip, deflate
      CommandName:
      - vmss scale
      Connection:
      - keep-alive
      ParameterSetName:
      - --name --new-capacity --resource-group
      User-Agent:
      - AZURECLI/2.56.0 azsdk-python-azure-mgmt-compute/30.4.0 Python/3.10.11 (Windows-10-10.0.22631-SP0)
    method: GET
    uri: https://management.azure.com/subscriptions/00000000-0000-0000-0000-000000000000/resourceGroups/cli_test_vmss_linux_patch_mode_000001/providers/Microsoft.Compute/virtualMachineScaleSets/clitestvmss000002?api-version=2023-09-01
  response:
    body:
      string: "{\r\n  \"name\": \"clitestvmss000002\",\r\n  \"id\": \"/subscriptions/00000000-0000-0000-0000-000000000000/resourceGroups/cli_test_vmss_linux_patch_mode_000001/providers/Microsoft.Compute/virtualMachineScaleSets/clitestvmss000002\"\
        ,\r\n  \"type\": \"Microsoft.Compute/virtualMachineScaleSets\",\r\n  \"location\"\
        : \"westus\",\r\n  \"tags\": {},\r\n  \"sku\": {\r\n    \"name\": \"Standard_DS1_v2\"\
        ,\r\n    \"tier\": \"Standard\",\r\n    \"capacity\": 0\r\n  },\r\n  \"properties\"\
        : {\r\n    \"singlePlacementGroup\": false,\r\n    \"orchestrationMode\":\
        \ \"Flexible\",\r\n    \"upgradePolicy\": {\r\n      \"mode\": \"Manual\"\r\
        \n    },\r\n    \"virtualMachineProfile\": {\r\n      \"osProfile\": {\r\n\
        \        \"computerNamePrefix\": \"clitestv\",\r\n        \"adminUsername\"\
        : \"vmtest\",\r\n        \"linuxConfiguration\": {\r\n          \"disablePasswordAuthentication\"\
        : true,\r\n          \"ssh\": {\r\n            \"publicKeys\": [\r\n     \
        \         {\r\n                \"path\": \"/home/vmtest/.ssh/authorized_keys\"\
        ,\r\n                \"keyData\": \"ssh-rsa AAAAB3NzaC1yc2EAAAADAQABAAABAQCey0/ipz0OxUGA6xunJY5HdhvlsyRf2JdpnRaH0UU5KsAiajLq5HifCzJAEpRvWXIIYKSrqNi+hSmKRXiGJaHnK0dm0QO8YvM/Ab+MZUZ0L9VRznMoLsexTgDEC6QidxP5VYxXQwzgvbK1kn1J+7QTmd9JzV4Q83EEIZM5VGp7DwuUzhSuUN4LNJ9TnsCpjZwDIqIIGo9kLRLov+CfPb50o/768pa4W87a7FDJc74gvu/Qh7K05ztWNABlqYk5QsSkLWosN/vCaR+Nlh6EroTUw679G0MLj2WD/P0vLbiy1Xgf2oZ4Q5vLOQfoU2SWNkzzmfpdu3o9+VWNQppUZPyt\"\
        \r\n              }\r\n            ]\r\n          },\r\n          \"provisionVMAgent\"\
        : true,\r\n          \"patchSettings\": {\r\n            \"patchMode\": \"\
        AutomaticByPlatform\",\r\n            \"assessmentMode\": \"ImageDefault\"\
        \r\n          },\r\n          \"enableVMAgentPlatformUpdates\": false\r\n\
        \        },\r\n        \"secrets\": [],\r\n        \"allowExtensionOperations\"\
        : true,\r\n        \"requireGuestProvisionSignal\": true\r\n      },\r\n \
        \     \"storageProfile\": {\r\n        \"osDisk\": {\r\n          \"osType\"\
        : \"Linux\",\r\n          \"createOption\": \"FromImage\",\r\n          \"\
        caching\": \"ReadWrite\",\r\n          \"managedDisk\": {\r\n            \"\
        storageAccountType\": \"Premium_LRS\"\r\n          },\r\n          \"deleteOption\"\
        : \"Delete\",\r\n          \"diskSizeGB\": 30\r\n        },\r\n        \"\
        imageReference\": {\r\n          \"publisher\": \"Canonical\",\r\n       \
        \   \"offer\": \"UbuntuServer\",\r\n          \"sku\": \"18.04-LTS\",\r\n\
        \          \"version\": \"latest\"\r\n        }\r\n      },\r\n      \"networkProfile\"\
        : {\"networkApiVersion\":\"2020-11-01\",\"networkInterfaceConfigurations\"\
        :[{\"name\":\"clite5a01Nic\",\"properties\":{\"primary\":true,\"disableTcpStateTracking\"\
        :false,\"enableIPForwarding\":false,\"auxiliaryMode\":\"None\",\"auxiliarySku\"\
        :\"None\",\"deleteOption\":\"Delete\",\"ipConfigurations\":[{\"name\":\"clite5a01IPConfig\"\
        ,\"properties\":{\"privateIPAddressVersion\":\"IPv4\",\"subnet\":{\"id\":\"\
        /subscriptions/00000000-0000-0000-0000-000000000000/resourceGroups/cli_test_vmss_linux_patch_mode_000001/providers/Microsoft.Network/virtualNetworks/clitestvmss000002VNET/subnets/clitestvmss000002Subnet\"\
        },\"applicationSecurityGroups\":[],\"loadBalancerBackendAddressPools\":[{\"\
        id\":\"/subscriptions/00000000-0000-0000-0000-000000000000/resourceGroups/cli_test_vmss_linux_patch_mode_000001/providers/Microsoft.Network/loadBalancers/clitestvmss000002LB/backendAddressPools/clitestvmss000002LBBEPool\"\
        }],\"applicationGatewayBackendAddressPools\":[]}}],\"networkSecurityGroup\"\
        :{\"id\":\"/subscriptions/00000000-0000-0000-0000-000000000000/resourceGroups/cli_test_vmss_linux_patch_mode_000001/providers/Microsoft.Network/networkSecurityGroups/clitestvmss000002NSG\"\
        },\"dnsSettings\":{\"dnsServers\":[]}}}]},\r\n      \"extensionProfile\":\
        \ {\r\n        \"extensions\": [\r\n          {\r\n            \"name\": \"\
        ApplicationHealthLinux\",\r\n            \"properties\": {\r\n           \
        \   \"autoUpgradeMinorVersion\": true,\r\n              \"publisher\": \"\
        Microsoft.ManagedServices\",\r\n              \"type\": \"ApplicationHealthLinux\"\
        ,\r\n              \"typeHandlerVersion\": \"1.0\",\r\n              \"settings\"\
        : {\"protocol\":\"http\",\"port\":80,\"requestPath\":\"/healthEndpoint\"}\r\
        \n            }\r\n          }\r\n        ]\r\n      },\r\n      \"timeCreated\"\
        : \"2024-01-03T06:47:33.2756105+00:00\"\r\n    },\r\n    \"provisioningState\"\
        : \"Succeeded\",\r\n    \"uniqueId\": \"68d22f3a-5a1f-4834-8c47-5e439dcc14c5\"\
        ,\r\n    \"platformFaultDomainCount\": 1,\r\n    \"constrainedMaximumCapacity\"\
        : false,\r\n    \"timeCreated\": \"2024-01-03T06:46:57.2595939+00:00\"\r\n\
        \  }\r\n}"
    headers:
      cache-control:
      - no-cache
      content-length:
      - '4177'
      content-type:
      - application/json; charset=utf-8
      date:
      - Wed, 03 Jan 2024 06:47:35 GMT
      expires:
      - '-1'
      pragma:
      - no-cache
      server:
      - Microsoft-HTTPAPI/2.0
      - Microsoft-HTTPAPI/2.0
      strict-transport-security:
      - max-age=31536000; includeSubDomains
      transfer-encoding:
      - chunked
      vary:
      - Accept-Encoding
      x-content-type-options:
      - nosniff
      x-ms-ratelimit-remaining-resource:
      - Microsoft.Compute/GetVMScaleSetSubscriptionMaximum;2341,Microsoft.Compute/GetVMScaleSetResource;23
    status:
      code: 200
      message: ''
- request:
    body: '{"location": "westus", "sku": {"name": "Standard_DS1_v2", "tier": "Standard",
      "capacity": 1}}'
    headers:
      Accept:
      - application/json
      Accept-Encoding:
      - gzip, deflate
      CommandName:
      - vmss scale
      Connection:
      - keep-alive
      Content-Length:
      - '93'
      Content-Type:
      - application/json
      ParameterSetName:
      - --name --new-capacity --resource-group
      User-Agent:
      - AZURECLI/2.56.0 azsdk-python-azure-mgmt-compute/30.4.0 Python/3.10.11 (Windows-10-10.0.22631-SP0)
    method: PUT
    uri: https://management.azure.com/subscriptions/00000000-0000-0000-0000-000000000000/resourceGroups/cli_test_vmss_linux_patch_mode_000001/providers/Microsoft.Compute/virtualMachineScaleSets/clitestvmss000002?api-version=2023-09-01
  response:
    body:
      string: "{\r\n  \"name\": \"clitestvmss000002\",\r\n  \"id\": \"/subscriptions/00000000-0000-0000-0000-000000000000/resourceGroups/cli_test_vmss_linux_patch_mode_000001/providers/Microsoft.Compute/virtualMachineScaleSets/clitestvmss000002\"\
        ,\r\n  \"type\": \"Microsoft.Compute/virtualMachineScaleSets\",\r\n  \"location\"\
        : \"westus\",\r\n  \"tags\": {},\r\n  \"sku\": {\r\n    \"name\": \"Standard_DS1_v2\"\
        ,\r\n    \"tier\": \"Standard\",\r\n    \"capacity\": 1\r\n  },\r\n  \"properties\"\
        : {\r\n    \"singlePlacementGroup\": false,\r\n    \"orchestrationMode\":\
        \ \"Flexible\",\r\n    \"upgradePolicy\": {\r\n      \"mode\": \"Manual\"\r\
        \n    },\r\n    \"virtualMachineProfile\": {\r\n      \"osProfile\": {\r\n\
        \        \"computerNamePrefix\": \"clitestv\",\r\n        \"adminUsername\"\
        : \"vmtest\",\r\n        \"linuxConfiguration\": {\r\n          \"disablePasswordAuthentication\"\
        : true,\r\n          \"ssh\": {\r\n            \"publicKeys\": [\r\n     \
        \         {\r\n                \"path\": \"/home/vmtest/.ssh/authorized_keys\"\
        ,\r\n                \"keyData\": \"ssh-rsa AAAAB3NzaC1yc2EAAAADAQABAAABAQCey0/ipz0OxUGA6xunJY5HdhvlsyRf2JdpnRaH0UU5KsAiajLq5HifCzJAEpRvWXIIYKSrqNi+hSmKRXiGJaHnK0dm0QO8YvM/Ab+MZUZ0L9VRznMoLsexTgDEC6QidxP5VYxXQwzgvbK1kn1J+7QTmd9JzV4Q83EEIZM5VGp7DwuUzhSuUN4LNJ9TnsCpjZwDIqIIGo9kLRLov+CfPb50o/768pa4W87a7FDJc74gvu/Qh7K05ztWNABlqYk5QsSkLWosN/vCaR+Nlh6EroTUw679G0MLj2WD/P0vLbiy1Xgf2oZ4Q5vLOQfoU2SWNkzzmfpdu3o9+VWNQppUZPyt\"\
        \r\n              }\r\n            ]\r\n          },\r\n          \"provisionVMAgent\"\
        : true,\r\n          \"patchSettings\": {\r\n            \"patchMode\": \"\
        AutomaticByPlatform\",\r\n            \"assessmentMode\": \"ImageDefault\"\
        \r\n          },\r\n          \"enableVMAgentPlatformUpdates\": false\r\n\
        \        },\r\n        \"secrets\": [],\r\n        \"allowExtensionOperations\"\
        : true,\r\n        \"requireGuestProvisionSignal\": true\r\n      },\r\n \
        \     \"storageProfile\": {\r\n        \"osDisk\": {\r\n          \"osType\"\
        : \"Linux\",\r\n          \"createOption\": \"FromImage\",\r\n          \"\
        caching\": \"ReadWrite\",\r\n          \"managedDisk\": {\r\n            \"\
        storageAccountType\": \"Premium_LRS\"\r\n          },\r\n          \"deleteOption\"\
        : \"Delete\",\r\n          \"diskSizeGB\": 30\r\n        },\r\n        \"\
        imageReference\": {\r\n          \"publisher\": \"Canonical\",\r\n       \
        \   \"offer\": \"UbuntuServer\",\r\n          \"sku\": \"18.04-LTS\",\r\n\
        \          \"version\": \"latest\"\r\n        }\r\n      },\r\n      \"networkProfile\"\
        : {\"networkApiVersion\":\"2020-11-01\",\"networkInterfaceConfigurations\"\
        :[{\"name\":\"clite5a01Nic\",\"properties\":{\"primary\":true,\"disableTcpStateTracking\"\
        :false,\"enableIPForwarding\":false,\"auxiliaryMode\":\"None\",\"auxiliarySku\"\
        :\"None\",\"deleteOption\":\"Delete\",\"ipConfigurations\":[{\"name\":\"clite5a01IPConfig\"\
        ,\"properties\":{\"privateIPAddressVersion\":\"IPv4\",\"subnet\":{\"id\":\"\
        /subscriptions/00000000-0000-0000-0000-000000000000/resourceGroups/cli_test_vmss_linux_patch_mode_000001/providers/Microsoft.Network/virtualNetworks/clitestvmss000002VNET/subnets/clitestvmss000002Subnet\"\
        },\"applicationSecurityGroups\":[],\"loadBalancerBackendAddressPools\":[{\"\
        id\":\"/subscriptions/00000000-0000-0000-0000-000000000000/resourceGroups/cli_test_vmss_linux_patch_mode_000001/providers/Microsoft.Network/loadBalancers/clitestvmss000002LB/backendAddressPools/clitestvmss000002LBBEPool\"\
        }],\"applicationGatewayBackendAddressPools\":[]}}],\"networkSecurityGroup\"\
        :{\"id\":\"/subscriptions/00000000-0000-0000-0000-000000000000/resourceGroups/cli_test_vmss_linux_patch_mode_000001/providers/Microsoft.Network/networkSecurityGroups/clitestvmss000002NSG\"\
        },\"dnsSettings\":{\"dnsServers\":[]}}}]},\r\n      \"extensionProfile\":\
        \ {\r\n        \"extensions\": [\r\n          {\r\n            \"name\": \"\
        ApplicationHealthLinux\",\r\n            \"properties\": {\r\n           \
        \   \"autoUpgradeMinorVersion\": true,\r\n              \"publisher\": \"\
        Microsoft.ManagedServices\",\r\n              \"type\": \"ApplicationHealthLinux\"\
        ,\r\n              \"typeHandlerVersion\": \"1.0\",\r\n              \"settings\"\
        : {\"protocol\":\"http\",\"port\":80,\"requestPath\":\"/healthEndpoint\"}\r\
        \n            }\r\n          }\r\n        ]\r\n      },\r\n      \"timeCreated\"\
        : \"2024-01-03T06:47:33.2756105+00:00\"\r\n    },\r\n    \"provisioningState\"\
        : \"Updating\",\r\n    \"uniqueId\": \"68d22f3a-5a1f-4834-8c47-5e439dcc14c5\"\
        ,\r\n    \"platformFaultDomainCount\": 1,\r\n    \"constrainedMaximumCapacity\"\
        : false,\r\n    \"timeCreated\": \"2024-01-03T06:46:57.2595939+00:00\"\r\n\
        \  }\r\n}"
    headers:
      azure-asyncnotification:
      - Enabled
      azure-asyncoperation:
      - https://management.azure.com/subscriptions/00000000-0000-0000-0000-000000000000/providers/Microsoft.Compute/locations/westus/operations/cf227357-d843-406a-a9b8-c3d74c631cc9?p=571046f6-b640-41c1-86f7-f9f044b5adf9&api-version=2023-09-01&t=638398612608696284&c=MIIHADCCBeigAwIBAgITfAQJ84UGyKmD7nmZ9QAABAnzhTANBgkqhkiG9w0BAQsFADBEMRMwEQYKCZImiZPyLGQBGRYDR0JMMRMwEQYKCZImiZPyLGQBGRYDQU1FMRgwFgYDVQQDEw9BTUUgSW5mcmEgQ0EgMDUwHhcNMjMxMDMxMDM0NjM4WhcNMjQxMDI1MDM0NjM4WjBAMT4wPAYDVQQDEzVhc3luY29wZXJhdGlvbnNpZ25pbmdjZXJ0aWZpY2F0ZS5tYW5hZ2VtZW50LmF6dXJlLmNvbTCCASIwDQYJKoZIhvcNAQEBBQADggEPADCCAQoCggEBALV1RP-LbcwIlN2CnQnWzxPtzvZrf7vi5dJ-376QCjdMkLJfoE6TATSEqi4SbsgbBHysM6Qi0LZrnpuSbKHupW2SkN8eTWGcQsN6_TYMYvICeLPoB7egzUfKCLD2lF05kAHqjZ-_0VeTDsWeY2PFrZdqKx1G33TXbD89mGo7wcx_HvY8QAbl1S5RR1TGPSGVbyDS9IDJqUlVUWN8t4L1FzLh08VseSicQUTpHvaBJvncNT8YLv8uUF7zI_50WLk0BWaPeadRtlnGSzvKo-9malmdbbWlWFs_wzomM0fiM6LGnP6fBZ42-dn2U8rYxyliz2HAt79dbeArlpf1UdUYJMkCAwEAAaOCA-0wggPpMCcGCSsGAQQBgjcVCgQaMBgwCgYIKwYBBQUHAwEwCgYIKwYBBQUHAwIwPQYJKwYBBAGCNxUHBDAwLgYmKwYBBAGCNxUIhpDjDYTVtHiE8Ys-hZvdFs6dEoFggvX2K4Py0SACAWQCAQowggHLBggrBgEFBQcBAQSCAb0wggG5MGMGCCsGAQUFBzAChldodHRwOi8vY3JsLm1pY3Jvc29mdC5jb20vcGtpaW5mcmEvQ2VydHMvQ08xUEtJSU5UQ0EwMS5BTUUuR0JMX0FNRSUyMEluZnJhJTIwQ0ElMjAwNS5jcnQwUwYIKwYBBQUHMAKGR2h0dHA6Ly9jcmwxLmFtZS5nYmwvYWlhL0NPMVBLSUlOVENBMDEuQU1FLkdCTF9BTUUlMjBJbmZyYSUyMENBJTIwMDUuY3J0MFMGCCsGAQUFBzAChkdodHRwOi8vY3JsMi5hbWUuZ2JsL2FpYS9DTzFQS0lJTlRDQTAxLkFNRS5HQkxfQU1FJTIwSW5mcmElMjBDQSUyMDA1LmNydDBTBggrBgEFBQcwAoZHaHR0cDovL2NybDMuYW1lLmdibC9haWEvQ08xUEtJSU5UQ0EwMS5BTUUuR0JMX0FNRSUyMEluZnJhJTIwQ0ElMjAwNS5jcnQwUwYIKwYBBQUHMAKGR2h0dHA6Ly9jcmw0LmFtZS5nYmwvYWlhL0NPMVBLSUlOVENBMDEuQU1FLkdCTF9BTUUlMjBJbmZyYSUyMENBJTIwMDUuY3J0MB0GA1UdDgQWBBSGUnbWWChy_EBfMD2yEul1JkaeMzAOBgNVHQ8BAf8EBAMCBaAwggEmBgNVHR8EggEdMIIBGTCCARWgggERoIIBDYY_aHR0cDovL2NybC5taWNyb3NvZnQuY29tL3BraWluZnJhL0NSTC9BTUUlMjBJbmZyYSUyMENBJTIwMDUuY3JshjFodHRwOi8vY3JsMS5hbWUuZ2JsL2NybC9BTUUlMjBJbmZyYSUyMENBJTIwMDUuY3JshjFodHRwOi8vY3JsMi5hbWUuZ2JsL2NybC9BTUUlMjBJbmZyYSUyMENBJTIwMDUuY3JshjFodHRwOi8vY3JsMy5hbWUuZ2JsL2NybC9BTUUlMjBJbmZyYSUyMENBJTIwMDUuY3JshjFodHRwOi8vY3JsNC5hbWUuZ2JsL2NybC9BTUUlMjBJbmZyYSUyMENBJTIwMDUuY3JsMBcGA1UdIAQQMA4wDAYKKwYBBAGCN3sBATAfBgNVHSMEGDAWgBR61hmFKHlscXYeYPjzS--iBUIWHTAdBgNVHSUEFjAUBggrBgEFBQcDAQYIKwYBBQUHAwIwDQYJKoZIhvcNAQELBQADggEBAF51fK2KOW2oU11cUXl05iwICST1xE6QjNvxRMCcWmam-PZwLEAaqjOfBLR7EfY0S3Db3RRjhJsDULE-pKhRHcglStkoRZ83doNa_56QVhxZDQZ9AP0Vv6BGjZES4OExVI_yXyY-x0q_ZjIrhbOi0NFqyjCM3sfEub4NZKG4Xm116-MFmey8OefNSN1W9diJlyi_-GHIFNZmRrqLAj2cQTLMkUbS3ywfKQZ5VWTF9W2HMVx1IudYvuDrz46wsm3PhRlnGVrXcUx7Bb7ndy2lthKvWJ0eGyrePdN26rZT2OP8LMBtW78uvyoiUMC5SbolKtvYaRZ-SNyOTN5mIG1CupA&s=CIQOPKskzjKZ3jikIjJvDx3fBxr1isiJarvZt1uAlKyWMCsP7mtubchJaIfhjMVejlPnrzJyEj9zBdVsEMDt5C63k7Q33wTQCJqWUALnDS5qVOUVRXDBpZ7lyETErCWZKD4pUFOH8zwNnPNmj0OQgCFTcb6j_eL9vTWQ6HBHJPEr0TtjzrSctg9vtwQbnETikLg1idnKJL5PUjDXgrrYEuDjUFyZCm4yiA7m3M-fPLRKXofAy5Dok_A93ih2dMUGIv8DyIxqdREknsP7phc--3Qp1FjpuranehRZv_wspbbrrk1Zp8h3pqW5ltXX3I6jsSJna7nf_IFRiLlb5pbBug&h=uWD1-0bS9pdnQl9cYAlHa6_ACxZL3AHE6Yyv_4Q2T7o
      cache-control:
      - no-cache
      content-length:
      - '4176'
      content-type:
      - application/json; charset=utf-8
      date:
      - Wed, 03 Jan 2024 06:47:40 GMT
      expires:
      - '-1'
      pragma:
      - no-cache
      server:
      - Microsoft-HTTPAPI/2.0
      - Microsoft-HTTPAPI/2.0
      strict-transport-security:
      - max-age=31536000; includeSubDomains
      transfer-encoding:
      - chunked
      vary:
      - Accept-Encoding
      x-content-type-options:
      - nosniff
      x-ms-ratelimit-remaining-resource:
      - Microsoft.Compute/CreateVMScaleSetSubscriptionMaximum;368,Microsoft.Compute/CreateVMScaleSetResource;8
      x-ms-ratelimit-remaining-subscription-writes:
      - '1199'
    status:
      code: 200
      message: ''
- request:
    body: null
    headers:
      Accept:
      - '*/*'
      Accept-Encoding:
      - gzip, deflate
      CommandName:
      - vmss scale
      Connection:
      - keep-alive
      ParameterSetName:
      - --name --new-capacity --resource-group
      User-Agent:
      - AZURECLI/2.56.0 azsdk-python-azure-mgmt-compute/30.4.0 Python/3.10.11 (Windows-10-10.0.22631-SP0)
    method: GET
    uri: https://management.azure.com/subscriptions/00000000-0000-0000-0000-000000000000/providers/Microsoft.Compute/locations/westus/operations/cf227357-d843-406a-a9b8-c3d74c631cc9?p=571046f6-b640-41c1-86f7-f9f044b5adf9&api-version=2023-09-01&t=638398612608696284&c=MIIHADCCBeigAwIBAgITfAQJ84UGyKmD7nmZ9QAABAnzhTANBgkqhkiG9w0BAQsFADBEMRMwEQYKCZImiZPyLGQBGRYDR0JMMRMwEQYKCZImiZPyLGQBGRYDQU1FMRgwFgYDVQQDEw9BTUUgSW5mcmEgQ0EgMDUwHhcNMjMxMDMxMDM0NjM4WhcNMjQxMDI1MDM0NjM4WjBAMT4wPAYDVQQDEzVhc3luY29wZXJhdGlvbnNpZ25pbmdjZXJ0aWZpY2F0ZS5tYW5hZ2VtZW50LmF6dXJlLmNvbTCCASIwDQYJKoZIhvcNAQEBBQADggEPADCCAQoCggEBALV1RP-LbcwIlN2CnQnWzxPtzvZrf7vi5dJ-376QCjdMkLJfoE6TATSEqi4SbsgbBHysM6Qi0LZrnpuSbKHupW2SkN8eTWGcQsN6_TYMYvICeLPoB7egzUfKCLD2lF05kAHqjZ-_0VeTDsWeY2PFrZdqKx1G33TXbD89mGo7wcx_HvY8QAbl1S5RR1TGPSGVbyDS9IDJqUlVUWN8t4L1FzLh08VseSicQUTpHvaBJvncNT8YLv8uUF7zI_50WLk0BWaPeadRtlnGSzvKo-9malmdbbWlWFs_wzomM0fiM6LGnP6fBZ42-dn2U8rYxyliz2HAt79dbeArlpf1UdUYJMkCAwEAAaOCA-0wggPpMCcGCSsGAQQBgjcVCgQaMBgwCgYIKwYBBQUHAwEwCgYIKwYBBQUHAwIwPQYJKwYBBAGCNxUHBDAwLgYmKwYBBAGCNxUIhpDjDYTVtHiE8Ys-hZvdFs6dEoFggvX2K4Py0SACAWQCAQowggHLBggrBgEFBQcBAQSCAb0wggG5MGMGCCsGAQUFBzAChldodHRwOi8vY3JsLm1pY3Jvc29mdC5jb20vcGtpaW5mcmEvQ2VydHMvQ08xUEtJSU5UQ0EwMS5BTUUuR0JMX0FNRSUyMEluZnJhJTIwQ0ElMjAwNS5jcnQwUwYIKwYBBQUHMAKGR2h0dHA6Ly9jcmwxLmFtZS5nYmwvYWlhL0NPMVBLSUlOVENBMDEuQU1FLkdCTF9BTUUlMjBJbmZyYSUyMENBJTIwMDUuY3J0MFMGCCsGAQUFBzAChkdodHRwOi8vY3JsMi5hbWUuZ2JsL2FpYS9DTzFQS0lJTlRDQTAxLkFNRS5HQkxfQU1FJTIwSW5mcmElMjBDQSUyMDA1LmNydDBTBggrBgEFBQcwAoZHaHR0cDovL2NybDMuYW1lLmdibC9haWEvQ08xUEtJSU5UQ0EwMS5BTUUuR0JMX0FNRSUyMEluZnJhJTIwQ0ElMjAwNS5jcnQwUwYIKwYBBQUHMAKGR2h0dHA6Ly9jcmw0LmFtZS5nYmwvYWlhL0NPMVBLSUlOVENBMDEuQU1FLkdCTF9BTUUlMjBJbmZyYSUyMENBJTIwMDUuY3J0MB0GA1UdDgQWBBSGUnbWWChy_EBfMD2yEul1JkaeMzAOBgNVHQ8BAf8EBAMCBaAwggEmBgNVHR8EggEdMIIBGTCCARWgggERoIIBDYY_aHR0cDovL2NybC5taWNyb3NvZnQuY29tL3BraWluZnJhL0NSTC9BTUUlMjBJbmZyYSUyMENBJTIwMDUuY3JshjFodHRwOi8vY3JsMS5hbWUuZ2JsL2NybC9BTUUlMjBJbmZyYSUyMENBJTIwMDUuY3JshjFodHRwOi8vY3JsMi5hbWUuZ2JsL2NybC9BTUUlMjBJbmZyYSUyMENBJTIwMDUuY3JshjFodHRwOi8vY3JsMy5hbWUuZ2JsL2NybC9BTUUlMjBJbmZyYSUyMENBJTIwMDUuY3JshjFodHRwOi8vY3JsNC5hbWUuZ2JsL2NybC9BTUUlMjBJbmZyYSUyMENBJTIwMDUuY3JsMBcGA1UdIAQQMA4wDAYKKwYBBAGCN3sBATAfBgNVHSMEGDAWgBR61hmFKHlscXYeYPjzS--iBUIWHTAdBgNVHSUEFjAUBggrBgEFBQcDAQYIKwYBBQUHAwIwDQYJKoZIhvcNAQELBQADggEBAF51fK2KOW2oU11cUXl05iwICST1xE6QjNvxRMCcWmam-PZwLEAaqjOfBLR7EfY0S3Db3RRjhJsDULE-pKhRHcglStkoRZ83doNa_56QVhxZDQZ9AP0Vv6BGjZES4OExVI_yXyY-x0q_ZjIrhbOi0NFqyjCM3sfEub4NZKG4Xm116-MFmey8OefNSN1W9diJlyi_-GHIFNZmRrqLAj2cQTLMkUbS3ywfKQZ5VWTF9W2HMVx1IudYvuDrz46wsm3PhRlnGVrXcUx7Bb7ndy2lthKvWJ0eGyrePdN26rZT2OP8LMBtW78uvyoiUMC5SbolKtvYaRZ-SNyOTN5mIG1CupA&s=CIQOPKskzjKZ3jikIjJvDx3fBxr1isiJarvZt1uAlKyWMCsP7mtubchJaIfhjMVejlPnrzJyEj9zBdVsEMDt5C63k7Q33wTQCJqWUALnDS5qVOUVRXDBpZ7lyETErCWZKD4pUFOH8zwNnPNmj0OQgCFTcb6j_eL9vTWQ6HBHJPEr0TtjzrSctg9vtwQbnETikLg1idnKJL5PUjDXgrrYEuDjUFyZCm4yiA7m3M-fPLRKXofAy5Dok_A93ih2dMUGIv8DyIxqdREknsP7phc--3Qp1FjpuranehRZv_wspbbrrk1Zp8h3pqW5ltXX3I6jsSJna7nf_IFRiLlb5pbBug&h=uWD1-0bS9pdnQl9cYAlHa6_ACxZL3AHE6Yyv_4Q2T7o
  response:
    body:
      string: "{\r\n  \"startTime\": \"2024-01-03T06:47:40.4632662+00:00\",\r\n  \"\
        status\": \"InProgress\",\r\n  \"name\": \"cf227357-d843-406a-a9b8-c3d74c631cc9\"\
        \r\n}"
    headers:
      cache-control:
      - no-cache
      content-length:
      - '134'
      content-type:
      - application/json; charset=utf-8
      date:
      - Wed, 03 Jan 2024 06:47:40 GMT
      expires:
      - '-1'
      pragma:
      - no-cache
      server:
      - Microsoft-HTTPAPI/2.0
      - Microsoft-HTTPAPI/2.0
      strict-transport-security:
      - max-age=31536000; includeSubDomains
      transfer-encoding:
      - chunked
      vary:
      - Accept-Encoding
      x-content-type-options:
      - nosniff
      x-ms-ratelimit-remaining-resource:
      - Microsoft.Compute/GetOperationResource;44,Microsoft.Compute/GetOperationSubscriptionMaximum;14987
    status:
      code: 200
      message: ''
- request:
    body: null
    headers:
      Accept:
      - '*/*'
      Accept-Encoding:
      - gzip, deflate
      CommandName:
      - vmss scale
      Connection:
      - keep-alive
      ParameterSetName:
      - --name --new-capacity --resource-group
      User-Agent:
      - AZURECLI/2.56.0 azsdk-python-azure-mgmt-compute/30.4.0 Python/3.10.11 (Windows-10-10.0.22631-SP0)
    method: GET
    uri: https://management.azure.com/subscriptions/00000000-0000-0000-0000-000000000000/providers/Microsoft.Compute/locations/westus/operations/cf227357-d843-406a-a9b8-c3d74c631cc9?p=571046f6-b640-41c1-86f7-f9f044b5adf9&api-version=2023-09-01&t=638398612608696284&c=MIIHADCCBeigAwIBAgITfAQJ84UGyKmD7nmZ9QAABAnzhTANBgkqhkiG9w0BAQsFADBEMRMwEQYKCZImiZPyLGQBGRYDR0JMMRMwEQYKCZImiZPyLGQBGRYDQU1FMRgwFgYDVQQDEw9BTUUgSW5mcmEgQ0EgMDUwHhcNMjMxMDMxMDM0NjM4WhcNMjQxMDI1MDM0NjM4WjBAMT4wPAYDVQQDEzVhc3luY29wZXJhdGlvbnNpZ25pbmdjZXJ0aWZpY2F0ZS5tYW5hZ2VtZW50LmF6dXJlLmNvbTCCASIwDQYJKoZIhvcNAQEBBQADggEPADCCAQoCggEBALV1RP-LbcwIlN2CnQnWzxPtzvZrf7vi5dJ-376QCjdMkLJfoE6TATSEqi4SbsgbBHysM6Qi0LZrnpuSbKHupW2SkN8eTWGcQsN6_TYMYvICeLPoB7egzUfKCLD2lF05kAHqjZ-_0VeTDsWeY2PFrZdqKx1G33TXbD89mGo7wcx_HvY8QAbl1S5RR1TGPSGVbyDS9IDJqUlVUWN8t4L1FzLh08VseSicQUTpHvaBJvncNT8YLv8uUF7zI_50WLk0BWaPeadRtlnGSzvKo-9malmdbbWlWFs_wzomM0fiM6LGnP6fBZ42-dn2U8rYxyliz2HAt79dbeArlpf1UdUYJMkCAwEAAaOCA-0wggPpMCcGCSsGAQQBgjcVCgQaMBgwCgYIKwYBBQUHAwEwCgYIKwYBBQUHAwIwPQYJKwYBBAGCNxUHBDAwLgYmKwYBBAGCNxUIhpDjDYTVtHiE8Ys-hZvdFs6dEoFggvX2K4Py0SACAWQCAQowggHLBggrBgEFBQcBAQSCAb0wggG5MGMGCCsGAQUFBzAChldodHRwOi8vY3JsLm1pY3Jvc29mdC5jb20vcGtpaW5mcmEvQ2VydHMvQ08xUEtJSU5UQ0EwMS5BTUUuR0JMX0FNRSUyMEluZnJhJTIwQ0ElMjAwNS5jcnQwUwYIKwYBBQUHMAKGR2h0dHA6Ly9jcmwxLmFtZS5nYmwvYWlhL0NPMVBLSUlOVENBMDEuQU1FLkdCTF9BTUUlMjBJbmZyYSUyMENBJTIwMDUuY3J0MFMGCCsGAQUFBzAChkdodHRwOi8vY3JsMi5hbWUuZ2JsL2FpYS9DTzFQS0lJTlRDQTAxLkFNRS5HQkxfQU1FJTIwSW5mcmElMjBDQSUyMDA1LmNydDBTBggrBgEFBQcwAoZHaHR0cDovL2NybDMuYW1lLmdibC9haWEvQ08xUEtJSU5UQ0EwMS5BTUUuR0JMX0FNRSUyMEluZnJhJTIwQ0ElMjAwNS5jcnQwUwYIKwYBBQUHMAKGR2h0dHA6Ly9jcmw0LmFtZS5nYmwvYWlhL0NPMVBLSUlOVENBMDEuQU1FLkdCTF9BTUUlMjBJbmZyYSUyMENBJTIwMDUuY3J0MB0GA1UdDgQWBBSGUnbWWChy_EBfMD2yEul1JkaeMzAOBgNVHQ8BAf8EBAMCBaAwggEmBgNVHR8EggEdMIIBGTCCARWgggERoIIBDYY_aHR0cDovL2NybC5taWNyb3NvZnQuY29tL3BraWluZnJhL0NSTC9BTUUlMjBJbmZyYSUyMENBJTIwMDUuY3JshjFodHRwOi8vY3JsMS5hbWUuZ2JsL2NybC9BTUUlMjBJbmZyYSUyMENBJTIwMDUuY3JshjFodHRwOi8vY3JsMi5hbWUuZ2JsL2NybC9BTUUlMjBJbmZyYSUyMENBJTIwMDUuY3JshjFodHRwOi8vY3JsMy5hbWUuZ2JsL2NybC9BTUUlMjBJbmZyYSUyMENBJTIwMDUuY3JshjFodHRwOi8vY3JsNC5hbWUuZ2JsL2NybC9BTUUlMjBJbmZyYSUyMENBJTIwMDUuY3JsMBcGA1UdIAQQMA4wDAYKKwYBBAGCN3sBATAfBgNVHSMEGDAWgBR61hmFKHlscXYeYPjzS--iBUIWHTAdBgNVHSUEFjAUBggrBgEFBQcDAQYIKwYBBQUHAwIwDQYJKoZIhvcNAQELBQADggEBAF51fK2KOW2oU11cUXl05iwICST1xE6QjNvxRMCcWmam-PZwLEAaqjOfBLR7EfY0S3Db3RRjhJsDULE-pKhRHcglStkoRZ83doNa_56QVhxZDQZ9AP0Vv6BGjZES4OExVI_yXyY-x0q_ZjIrhbOi0NFqyjCM3sfEub4NZKG4Xm116-MFmey8OefNSN1W9diJlyi_-GHIFNZmRrqLAj2cQTLMkUbS3ywfKQZ5VWTF9W2HMVx1IudYvuDrz46wsm3PhRlnGVrXcUx7Bb7ndy2lthKvWJ0eGyrePdN26rZT2OP8LMBtW78uvyoiUMC5SbolKtvYaRZ-SNyOTN5mIG1CupA&s=CIQOPKskzjKZ3jikIjJvDx3fBxr1isiJarvZt1uAlKyWMCsP7mtubchJaIfhjMVejlPnrzJyEj9zBdVsEMDt5C63k7Q33wTQCJqWUALnDS5qVOUVRXDBpZ7lyETErCWZKD4pUFOH8zwNnPNmj0OQgCFTcb6j_eL9vTWQ6HBHJPEr0TtjzrSctg9vtwQbnETikLg1idnKJL5PUjDXgrrYEuDjUFyZCm4yiA7m3M-fPLRKXofAy5Dok_A93ih2dMUGIv8DyIxqdREknsP7phc--3Qp1FjpuranehRZv_wspbbrrk1Zp8h3pqW5ltXX3I6jsSJna7nf_IFRiLlb5pbBug&h=uWD1-0bS9pdnQl9cYAlHa6_ACxZL3AHE6Yyv_4Q2T7o
  response:
    body:
      string: "{\r\n  \"startTime\": \"2024-01-03T06:47:40.4632662+00:00\",\r\n  \"\
        status\": \"InProgress\",\r\n  \"name\": \"cf227357-d843-406a-a9b8-c3d74c631cc9\"\
        \r\n}"
    headers:
      cache-control:
      - no-cache
      content-length:
      - '134'
      content-type:
      - application/json; charset=utf-8
      date:
      - Wed, 03 Jan 2024 06:48:10 GMT
      expires:
      - '-1'
      pragma:
      - no-cache
      server:
      - Microsoft-HTTPAPI/2.0
      - Microsoft-HTTPAPI/2.0
      strict-transport-security:
      - max-age=31536000; includeSubDomains
      transfer-encoding:
      - chunked
      vary:
      - Accept-Encoding
      x-content-type-options:
      - nosniff
      x-ms-ratelimit-remaining-resource:
      - Microsoft.Compute/GetOperationResource;43,Microsoft.Compute/GetOperationSubscriptionMaximum;14998
    status:
      code: 200
      message: ''
- request:
    body: null
    headers:
      Accept:
      - '*/*'
      Accept-Encoding:
      - gzip, deflate
      CommandName:
      - vmss scale
      Connection:
      - keep-alive
      ParameterSetName:
      - --name --new-capacity --resource-group
      User-Agent:
      - AZURECLI/2.56.0 azsdk-python-azure-mgmt-compute/30.4.0 Python/3.10.11 (Windows-10-10.0.22631-SP0)
    method: GET
    uri: https://management.azure.com/subscriptions/00000000-0000-0000-0000-000000000000/providers/Microsoft.Compute/locations/westus/operations/cf227357-d843-406a-a9b8-c3d74c631cc9?p=571046f6-b640-41c1-86f7-f9f044b5adf9&api-version=2023-09-01&t=638398612608696284&c=MIIHADCCBeigAwIBAgITfAQJ84UGyKmD7nmZ9QAABAnzhTANBgkqhkiG9w0BAQsFADBEMRMwEQYKCZImiZPyLGQBGRYDR0JMMRMwEQYKCZImiZPyLGQBGRYDQU1FMRgwFgYDVQQDEw9BTUUgSW5mcmEgQ0EgMDUwHhcNMjMxMDMxMDM0NjM4WhcNMjQxMDI1MDM0NjM4WjBAMT4wPAYDVQQDEzVhc3luY29wZXJhdGlvbnNpZ25pbmdjZXJ0aWZpY2F0ZS5tYW5hZ2VtZW50LmF6dXJlLmNvbTCCASIwDQYJKoZIhvcNAQEBBQADggEPADCCAQoCggEBALV1RP-LbcwIlN2CnQnWzxPtzvZrf7vi5dJ-376QCjdMkLJfoE6TATSEqi4SbsgbBHysM6Qi0LZrnpuSbKHupW2SkN8eTWGcQsN6_TYMYvICeLPoB7egzUfKCLD2lF05kAHqjZ-_0VeTDsWeY2PFrZdqKx1G33TXbD89mGo7wcx_HvY8QAbl1S5RR1TGPSGVbyDS9IDJqUlVUWN8t4L1FzLh08VseSicQUTpHvaBJvncNT8YLv8uUF7zI_50WLk0BWaPeadRtlnGSzvKo-9malmdbbWlWFs_wzomM0fiM6LGnP6fBZ42-dn2U8rYxyliz2HAt79dbeArlpf1UdUYJMkCAwEAAaOCA-0wggPpMCcGCSsGAQQBgjcVCgQaMBgwCgYIKwYBBQUHAwEwCgYIKwYBBQUHAwIwPQYJKwYBBAGCNxUHBDAwLgYmKwYBBAGCNxUIhpDjDYTVtHiE8Ys-hZvdFs6dEoFggvX2K4Py0SACAWQCAQowggHLBggrBgEFBQcBAQSCAb0wggG5MGMGCCsGAQUFBzAChldodHRwOi8vY3JsLm1pY3Jvc29mdC5jb20vcGtpaW5mcmEvQ2VydHMvQ08xUEtJSU5UQ0EwMS5BTUUuR0JMX0FNRSUyMEluZnJhJTIwQ0ElMjAwNS5jcnQwUwYIKwYBBQUHMAKGR2h0dHA6Ly9jcmwxLmFtZS5nYmwvYWlhL0NPMVBLSUlOVENBMDEuQU1FLkdCTF9BTUUlMjBJbmZyYSUyMENBJTIwMDUuY3J0MFMGCCsGAQUFBzAChkdodHRwOi8vY3JsMi5hbWUuZ2JsL2FpYS9DTzFQS0lJTlRDQTAxLkFNRS5HQkxfQU1FJTIwSW5mcmElMjBDQSUyMDA1LmNydDBTBggrBgEFBQcwAoZHaHR0cDovL2NybDMuYW1lLmdibC9haWEvQ08xUEtJSU5UQ0EwMS5BTUUuR0JMX0FNRSUyMEluZnJhJTIwQ0ElMjAwNS5jcnQwUwYIKwYBBQUHMAKGR2h0dHA6Ly9jcmw0LmFtZS5nYmwvYWlhL0NPMVBLSUlOVENBMDEuQU1FLkdCTF9BTUUlMjBJbmZyYSUyMENBJTIwMDUuY3J0MB0GA1UdDgQWBBSGUnbWWChy_EBfMD2yEul1JkaeMzAOBgNVHQ8BAf8EBAMCBaAwggEmBgNVHR8EggEdMIIBGTCCARWgggERoIIBDYY_aHR0cDovL2NybC5taWNyb3NvZnQuY29tL3BraWluZnJhL0NSTC9BTUUlMjBJbmZyYSUyMENBJTIwMDUuY3JshjFodHRwOi8vY3JsMS5hbWUuZ2JsL2NybC9BTUUlMjBJbmZyYSUyMENBJTIwMDUuY3JshjFodHRwOi8vY3JsMi5hbWUuZ2JsL2NybC9BTUUlMjBJbmZyYSUyMENBJTIwMDUuY3JshjFodHRwOi8vY3JsMy5hbWUuZ2JsL2NybC9BTUUlMjBJbmZyYSUyMENBJTIwMDUuY3JshjFodHRwOi8vY3JsNC5hbWUuZ2JsL2NybC9BTUUlMjBJbmZyYSUyMENBJTIwMDUuY3JsMBcGA1UdIAQQMA4wDAYKKwYBBAGCN3sBATAfBgNVHSMEGDAWgBR61hmFKHlscXYeYPjzS--iBUIWHTAdBgNVHSUEFjAUBggrBgEFBQcDAQYIKwYBBQUHAwIwDQYJKoZIhvcNAQELBQADggEBAF51fK2KOW2oU11cUXl05iwICST1xE6QjNvxRMCcWmam-PZwLEAaqjOfBLR7EfY0S3Db3RRjhJsDULE-pKhRHcglStkoRZ83doNa_56QVhxZDQZ9AP0Vv6BGjZES4OExVI_yXyY-x0q_ZjIrhbOi0NFqyjCM3sfEub4NZKG4Xm116-MFmey8OefNSN1W9diJlyi_-GHIFNZmRrqLAj2cQTLMkUbS3ywfKQZ5VWTF9W2HMVx1IudYvuDrz46wsm3PhRlnGVrXcUx7Bb7ndy2lthKvWJ0eGyrePdN26rZT2OP8LMBtW78uvyoiUMC5SbolKtvYaRZ-SNyOTN5mIG1CupA&s=CIQOPKskzjKZ3jikIjJvDx3fBxr1isiJarvZt1uAlKyWMCsP7mtubchJaIfhjMVejlPnrzJyEj9zBdVsEMDt5C63k7Q33wTQCJqWUALnDS5qVOUVRXDBpZ7lyETErCWZKD4pUFOH8zwNnPNmj0OQgCFTcb6j_eL9vTWQ6HBHJPEr0TtjzrSctg9vtwQbnETikLg1idnKJL5PUjDXgrrYEuDjUFyZCm4yiA7m3M-fPLRKXofAy5Dok_A93ih2dMUGIv8DyIxqdREknsP7phc--3Qp1FjpuranehRZv_wspbbrrk1Zp8h3pqW5ltXX3I6jsSJna7nf_IFRiLlb5pbBug&h=uWD1-0bS9pdnQl9cYAlHa6_ACxZL3AHE6Yyv_4Q2T7o
  response:
    body:
      string: "{\r\n  \"startTime\": \"2024-01-03T06:47:40.4632662+00:00\",\r\n  \"\
        status\": \"InProgress\",\r\n  \"name\": \"cf227357-d843-406a-a9b8-c3d74c631cc9\"\
        \r\n}"
    headers:
      cache-control:
      - no-cache
      content-length:
      - '134'
      content-type:
      - application/json; charset=utf-8
      date:
      - Wed, 03 Jan 2024 06:48:41 GMT
      expires:
      - '-1'
      pragma:
      - no-cache
      server:
      - Microsoft-HTTPAPI/2.0
      - Microsoft-HTTPAPI/2.0
      strict-transport-security:
      - max-age=31536000; includeSubDomains
      transfer-encoding:
      - chunked
      vary:
      - Accept-Encoding
      x-content-type-options:
      - nosniff
      x-ms-ratelimit-remaining-resource:
      - Microsoft.Compute/GetOperationResource;44,Microsoft.Compute/GetOperationSubscriptionMaximum;14985
    status:
      code: 200
      message: ''
- request:
    body: null
    headers:
      Accept:
      - '*/*'
      Accept-Encoding:
      - gzip, deflate
      CommandName:
      - vmss scale
      Connection:
      - keep-alive
      ParameterSetName:
      - --name --new-capacity --resource-group
      User-Agent:
      - AZURECLI/2.56.0 azsdk-python-azure-mgmt-compute/30.4.0 Python/3.10.11 (Windows-10-10.0.22631-SP0)
    method: GET
    uri: https://management.azure.com/subscriptions/00000000-0000-0000-0000-000000000000/providers/Microsoft.Compute/locations/westus/operations/cf227357-d843-406a-a9b8-c3d74c631cc9?p=571046f6-b640-41c1-86f7-f9f044b5adf9&api-version=2023-09-01&t=638398612608696284&c=MIIHADCCBeigAwIBAgITfAQJ84UGyKmD7nmZ9QAABAnzhTANBgkqhkiG9w0BAQsFADBEMRMwEQYKCZImiZPyLGQBGRYDR0JMMRMwEQYKCZImiZPyLGQBGRYDQU1FMRgwFgYDVQQDEw9BTUUgSW5mcmEgQ0EgMDUwHhcNMjMxMDMxMDM0NjM4WhcNMjQxMDI1MDM0NjM4WjBAMT4wPAYDVQQDEzVhc3luY29wZXJhdGlvbnNpZ25pbmdjZXJ0aWZpY2F0ZS5tYW5hZ2VtZW50LmF6dXJlLmNvbTCCASIwDQYJKoZIhvcNAQEBBQADggEPADCCAQoCggEBALV1RP-LbcwIlN2CnQnWzxPtzvZrf7vi5dJ-376QCjdMkLJfoE6TATSEqi4SbsgbBHysM6Qi0LZrnpuSbKHupW2SkN8eTWGcQsN6_TYMYvICeLPoB7egzUfKCLD2lF05kAHqjZ-_0VeTDsWeY2PFrZdqKx1G33TXbD89mGo7wcx_HvY8QAbl1S5RR1TGPSGVbyDS9IDJqUlVUWN8t4L1FzLh08VseSicQUTpHvaBJvncNT8YLv8uUF7zI_50WLk0BWaPeadRtlnGSzvKo-9malmdbbWlWFs_wzomM0fiM6LGnP6fBZ42-dn2U8rYxyliz2HAt79dbeArlpf1UdUYJMkCAwEAAaOCA-0wggPpMCcGCSsGAQQBgjcVCgQaMBgwCgYIKwYBBQUHAwEwCgYIKwYBBQUHAwIwPQYJKwYBBAGCNxUHBDAwLgYmKwYBBAGCNxUIhpDjDYTVtHiE8Ys-hZvdFs6dEoFggvX2K4Py0SACAWQCAQowggHLBggrBgEFBQcBAQSCAb0wggG5MGMGCCsGAQUFBzAChldodHRwOi8vY3JsLm1pY3Jvc29mdC5jb20vcGtpaW5mcmEvQ2VydHMvQ08xUEtJSU5UQ0EwMS5BTUUuR0JMX0FNRSUyMEluZnJhJTIwQ0ElMjAwNS5jcnQwUwYIKwYBBQUHMAKGR2h0dHA6Ly9jcmwxLmFtZS5nYmwvYWlhL0NPMVBLSUlOVENBMDEuQU1FLkdCTF9BTUUlMjBJbmZyYSUyMENBJTIwMDUuY3J0MFMGCCsGAQUFBzAChkdodHRwOi8vY3JsMi5hbWUuZ2JsL2FpYS9DTzFQS0lJTlRDQTAxLkFNRS5HQkxfQU1FJTIwSW5mcmElMjBDQSUyMDA1LmNydDBTBggrBgEFBQcwAoZHaHR0cDovL2NybDMuYW1lLmdibC9haWEvQ08xUEtJSU5UQ0EwMS5BTUUuR0JMX0FNRSUyMEluZnJhJTIwQ0ElMjAwNS5jcnQwUwYIKwYBBQUHMAKGR2h0dHA6Ly9jcmw0LmFtZS5nYmwvYWlhL0NPMVBLSUlOVENBMDEuQU1FLkdCTF9BTUUlMjBJbmZyYSUyMENBJTIwMDUuY3J0MB0GA1UdDgQWBBSGUnbWWChy_EBfMD2yEul1JkaeMzAOBgNVHQ8BAf8EBAMCBaAwggEmBgNVHR8EggEdMIIBGTCCARWgggERoIIBDYY_aHR0cDovL2NybC5taWNyb3NvZnQuY29tL3BraWluZnJhL0NSTC9BTUUlMjBJbmZyYSUyMENBJTIwMDUuY3JshjFodHRwOi8vY3JsMS5hbWUuZ2JsL2NybC9BTUUlMjBJbmZyYSUyMENBJTIwMDUuY3JshjFodHRwOi8vY3JsMi5hbWUuZ2JsL2NybC9BTUUlMjBJbmZyYSUyMENBJTIwMDUuY3JshjFodHRwOi8vY3JsMy5hbWUuZ2JsL2NybC9BTUUlMjBJbmZyYSUyMENBJTIwMDUuY3JshjFodHRwOi8vY3JsNC5hbWUuZ2JsL2NybC9BTUUlMjBJbmZyYSUyMENBJTIwMDUuY3JsMBcGA1UdIAQQMA4wDAYKKwYBBAGCN3sBATAfBgNVHSMEGDAWgBR61hmFKHlscXYeYPjzS--iBUIWHTAdBgNVHSUEFjAUBggrBgEFBQcDAQYIKwYBBQUHAwIwDQYJKoZIhvcNAQELBQADggEBAF51fK2KOW2oU11cUXl05iwICST1xE6QjNvxRMCcWmam-PZwLEAaqjOfBLR7EfY0S3Db3RRjhJsDULE-pKhRHcglStkoRZ83doNa_56QVhxZDQZ9AP0Vv6BGjZES4OExVI_yXyY-x0q_ZjIrhbOi0NFqyjCM3sfEub4NZKG4Xm116-MFmey8OefNSN1W9diJlyi_-GHIFNZmRrqLAj2cQTLMkUbS3ywfKQZ5VWTF9W2HMVx1IudYvuDrz46wsm3PhRlnGVrXcUx7Bb7ndy2lthKvWJ0eGyrePdN26rZT2OP8LMBtW78uvyoiUMC5SbolKtvYaRZ-SNyOTN5mIG1CupA&s=CIQOPKskzjKZ3jikIjJvDx3fBxr1isiJarvZt1uAlKyWMCsP7mtubchJaIfhjMVejlPnrzJyEj9zBdVsEMDt5C63k7Q33wTQCJqWUALnDS5qVOUVRXDBpZ7lyETErCWZKD4pUFOH8zwNnPNmj0OQgCFTcb6j_eL9vTWQ6HBHJPEr0TtjzrSctg9vtwQbnETikLg1idnKJL5PUjDXgrrYEuDjUFyZCm4yiA7m3M-fPLRKXofAy5Dok_A93ih2dMUGIv8DyIxqdREknsP7phc--3Qp1FjpuranehRZv_wspbbrrk1Zp8h3pqW5ltXX3I6jsSJna7nf_IFRiLlb5pbBug&h=uWD1-0bS9pdnQl9cYAlHa6_ACxZL3AHE6Yyv_4Q2T7o
  response:
    body:
      string: "{\r\n  \"startTime\": \"2024-01-03T06:47:40.4632662+00:00\",\r\n  \"\
        endTime\": \"2024-01-03T06:48:42.776451+00:00\",\r\n  \"status\": \"Succeeded\"\
        ,\r\n  \"name\": \"cf227357-d843-406a-a9b8-c3d74c631cc9\"\r\n}"
    headers:
      cache-control:
      - no-cache
      content-length:
      - '183'
      content-type:
      - application/json; charset=utf-8
      date:
      - Wed, 03 Jan 2024 06:49:11 GMT
      expires:
      - '-1'
      pragma:
      - no-cache
      server:
      - Microsoft-HTTPAPI/2.0
      - Microsoft-HTTPAPI/2.0
      strict-transport-security:
      - max-age=31536000; includeSubDomains
      transfer-encoding:
      - chunked
      vary:
      - Accept-Encoding
      x-content-type-options:
      - nosniff
      x-ms-ratelimit-remaining-resource:
      - Microsoft.Compute/GetOperationResource;43,Microsoft.Compute/GetOperationSubscriptionMaximum;14995
    status:
      code: 200
      message: ''
- request:
    body: null
    headers:
      Accept:
      - '*/*'
      Accept-Encoding:
      - gzip, deflate
      CommandName:
      - vmss scale
      Connection:
      - keep-alive
      ParameterSetName:
      - --name --new-capacity --resource-group
      User-Agent:
      - AZURECLI/2.56.0 azsdk-python-azure-mgmt-compute/30.4.0 Python/3.10.11 (Windows-10-10.0.22631-SP0)
    method: GET
    uri: https://management.azure.com/subscriptions/00000000-0000-0000-0000-000000000000/resourceGroups/cli_test_vmss_linux_patch_mode_000001/providers/Microsoft.Compute/virtualMachineScaleSets/clitestvmss000002?api-version=2023-09-01
  response:
    body:
      string: "{\r\n  \"name\": \"clitestvmss000002\",\r\n  \"id\": \"/subscriptions/00000000-0000-0000-0000-000000000000/resourceGroups/cli_test_vmss_linux_patch_mode_000001/providers/Microsoft.Compute/virtualMachineScaleSets/clitestvmss000002\"\
        ,\r\n  \"type\": \"Microsoft.Compute/virtualMachineScaleSets\",\r\n  \"location\"\
        : \"westus\",\r\n  \"tags\": {},\r\n  \"sku\": {\r\n    \"name\": \"Standard_DS1_v2\"\
        ,\r\n    \"tier\": \"Standard\",\r\n    \"capacity\": 1\r\n  },\r\n  \"properties\"\
        : {\r\n    \"singlePlacementGroup\": false,\r\n    \"orchestrationMode\":\
        \ \"Flexible\",\r\n    \"upgradePolicy\": {\r\n      \"mode\": \"Manual\"\r\
        \n    },\r\n    \"virtualMachineProfile\": {\r\n      \"osProfile\": {\r\n\
        \        \"computerNamePrefix\": \"clitestv\",\r\n        \"adminUsername\"\
        : \"vmtest\",\r\n        \"linuxConfiguration\": {\r\n          \"disablePasswordAuthentication\"\
        : true,\r\n          \"ssh\": {\r\n            \"publicKeys\": [\r\n     \
        \         {\r\n                \"path\": \"/home/vmtest/.ssh/authorized_keys\"\
        ,\r\n                \"keyData\": \"ssh-rsa AAAAB3NzaC1yc2EAAAADAQABAAABAQCey0/ipz0OxUGA6xunJY5HdhvlsyRf2JdpnRaH0UU5KsAiajLq5HifCzJAEpRvWXIIYKSrqNi+hSmKRXiGJaHnK0dm0QO8YvM/Ab+MZUZ0L9VRznMoLsexTgDEC6QidxP5VYxXQwzgvbK1kn1J+7QTmd9JzV4Q83EEIZM5VGp7DwuUzhSuUN4LNJ9TnsCpjZwDIqIIGo9kLRLov+CfPb50o/768pa4W87a7FDJc74gvu/Qh7K05ztWNABlqYk5QsSkLWosN/vCaR+Nlh6EroTUw679G0MLj2WD/P0vLbiy1Xgf2oZ4Q5vLOQfoU2SWNkzzmfpdu3o9+VWNQppUZPyt\"\
        \r\n              }\r\n            ]\r\n          },\r\n          \"provisionVMAgent\"\
        : true,\r\n          \"patchSettings\": {\r\n            \"patchMode\": \"\
        AutomaticByPlatform\",\r\n            \"assessmentMode\": \"ImageDefault\"\
        \r\n          },\r\n          \"enableVMAgentPlatformUpdates\": false\r\n\
        \        },\r\n        \"secrets\": [],\r\n        \"allowExtensionOperations\"\
        : true,\r\n        \"requireGuestProvisionSignal\": true\r\n      },\r\n \
        \     \"storageProfile\": {\r\n        \"osDisk\": {\r\n          \"osType\"\
        : \"Linux\",\r\n          \"createOption\": \"FromImage\",\r\n          \"\
        caching\": \"ReadWrite\",\r\n          \"managedDisk\": {\r\n            \"\
        storageAccountType\": \"Premium_LRS\"\r\n          },\r\n          \"deleteOption\"\
        : \"Delete\",\r\n          \"diskSizeGB\": 30\r\n        },\r\n        \"\
        imageReference\": {\r\n          \"publisher\": \"Canonical\",\r\n       \
        \   \"offer\": \"UbuntuServer\",\r\n          \"sku\": \"18.04-LTS\",\r\n\
        \          \"version\": \"latest\"\r\n        }\r\n      },\r\n      \"networkProfile\"\
        : {\"networkApiVersion\":\"2020-11-01\",\"networkInterfaceConfigurations\"\
        :[{\"name\":\"clite5a01Nic\",\"properties\":{\"primary\":true,\"disableTcpStateTracking\"\
        :false,\"enableIPForwarding\":false,\"auxiliaryMode\":\"None\",\"auxiliarySku\"\
        :\"None\",\"deleteOption\":\"Delete\",\"ipConfigurations\":[{\"name\":\"clite5a01IPConfig\"\
        ,\"properties\":{\"privateIPAddressVersion\":\"IPv4\",\"subnet\":{\"id\":\"\
        /subscriptions/00000000-0000-0000-0000-000000000000/resourceGroups/cli_test_vmss_linux_patch_mode_000001/providers/Microsoft.Network/virtualNetworks/clitestvmss000002VNET/subnets/clitestvmss000002Subnet\"\
        },\"applicationSecurityGroups\":[],\"loadBalancerBackendAddressPools\":[{\"\
        id\":\"/subscriptions/00000000-0000-0000-0000-000000000000/resourceGroups/cli_test_vmss_linux_patch_mode_000001/providers/Microsoft.Network/loadBalancers/clitestvmss000002LB/backendAddressPools/clitestvmss000002LBBEPool\"\
        }],\"applicationGatewayBackendAddressPools\":[]}}],\"networkSecurityGroup\"\
        :{\"id\":\"/subscriptions/00000000-0000-0000-0000-000000000000/resourceGroups/cli_test_vmss_linux_patch_mode_000001/providers/Microsoft.Network/networkSecurityGroups/clitestvmss000002NSG\"\
        },\"dnsSettings\":{\"dnsServers\":[]}}}]},\r\n      \"extensionProfile\":\
        \ {\r\n        \"extensions\": [\r\n          {\r\n            \"name\": \"\
        ApplicationHealthLinux\",\r\n            \"properties\": {\r\n           \
        \   \"autoUpgradeMinorVersion\": true,\r\n              \"publisher\": \"\
        Microsoft.ManagedServices\",\r\n              \"type\": \"ApplicationHealthLinux\"\
        ,\r\n              \"typeHandlerVersion\": \"1.0\",\r\n              \"settings\"\
        : {\"protocol\":\"http\",\"port\":80,\"requestPath\":\"/healthEndpoint\"}\r\
        \n            }\r\n          }\r\n        ]\r\n      },\r\n      \"timeCreated\"\
        : \"2024-01-03T06:47:33.2756105+00:00\"\r\n    },\r\n    \"provisioningState\"\
        : \"Succeeded\",\r\n    \"uniqueId\": \"68d22f3a-5a1f-4834-8c47-5e439dcc14c5\"\
        ,\r\n    \"platformFaultDomainCount\": 1,\r\n    \"constrainedMaximumCapacity\"\
        : false,\r\n    \"timeCreated\": \"2024-01-03T06:46:57.2595939+00:00\"\r\n\
        \  }\r\n}"
    headers:
      cache-control:
      - no-cache
      content-length:
      - '4177'
      content-type:
      - application/json; charset=utf-8
      date:
      - Wed, 03 Jan 2024 06:49:11 GMT
      expires:
      - '-1'
      pragma:
      - no-cache
      server:
      - Microsoft-HTTPAPI/2.0
      - Microsoft-HTTPAPI/2.0
      strict-transport-security:
      - max-age=31536000; includeSubDomains
      transfer-encoding:
      - chunked
      vary:
      - Accept-Encoding
      x-content-type-options:
      - nosniff
      x-ms-ratelimit-remaining-resource:
      - Microsoft.Compute/GetVMScaleSetSubscriptionMaximum;2398,Microsoft.Compute/GetVMScaleSetResource;35
    status:
      code: 200
      message: ''
- request:
    body: null
    headers:
      Accept:
      - application/json
      Accept-Encoding:
      - gzip, deflate
      CommandName:
      - vmss list-instances
      Connection:
      - keep-alive
      ParameterSetName:
      - -g -n
      User-Agent:
      - AZURECLI/2.56.0 (AAZ) azsdk-python-core/1.28.0 Python/3.10.11 (Windows-10-10.0.22631-SP0)
    method: GET
    uri: https://management.azure.com/subscriptions/00000000-0000-0000-0000-000000000000/resourceGroups/cli_test_vmss_linux_patch_mode_000001/providers/Microsoft.Compute/virtualMachineScaleSets/clitestvmss000002/virtualMachines?api-version=2023-09-01
  response:
    body:
      string: "{\r\n  \"value\": [\r\n    {\r\n      \"name\": \"clitestvmss000002_9d02173f\"\
        ,\r\n      \"id\": \"/subscriptions/00000000-0000-0000-0000-000000000000/resourceGroups/cli_test_vmss_linux_patch_mode_000001/providers/Microsoft.Compute/virtualMachineScaleSets/clitestvmss000002/virtualMachines/clitestvmss000002_9d02173f\"\
        ,\r\n      \"type\": \"Microsoft.Compute/virtualMachineScaleSets/virtualMachines\"\
        ,\r\n      \"location\": \"westus\",\r\n      \"instanceId\": \"clitestvmss000002_9d02173f\"\
        ,\r\n      \"zones\": [\r\n        null\r\n      ]\r\n    }\r\n  ]\r\n}"
    headers:
      cache-control:
      - no-cache
      content-length:
      - '513'
      content-type:
      - application/json; charset=utf-8
      date:
      - Wed, 03 Jan 2024 06:49:13 GMT
      expires:
      - '-1'
      pragma:
      - no-cache
      server:
      - Microsoft-HTTPAPI/2.0
      - Microsoft-HTTPAPI/2.0
      strict-transport-security:
      - max-age=31536000; includeSubDomains
      transfer-encoding:
      - chunked
      vary:
      - Accept-Encoding
      x-content-type-options:
      - nosniff
      x-ms-ratelimit-remaining-resource:
      - Microsoft.Compute/HighCostGetVMScaleSetSubscriptionMaximum;1079,Microsoft.Compute/HighCostGetVMScaleSetResource;29,Microsoft.Compute/VMScaleSetVMViewsSubscriptionMaximum;29998
      x-ms-request-charge:
      - '1'
    status:
      code: 200
      message: ''
- request:
    body: null
    headers:
      Accept:
      - application/json
      Accept-Encoding:
      - gzip, deflate
      CommandName:
      - vm show
      Connection:
      - keep-alive
      ParameterSetName:
      - -g -n
      User-Agent:
      - AZURECLI/2.56.0 azsdk-python-azure-mgmt-compute/30.4.0 Python/3.10.11 (Windows-10-10.0.22631-SP0)
    method: GET
    uri: https://management.azure.com/subscriptions/00000000-0000-0000-0000-000000000000/resourceGroups/cli_test_vmss_linux_patch_mode_000001/providers/Microsoft.Compute/virtualMachines/clitestvmss000002_9d02173f?api-version=2023-09-01
  response:
    body:
      string: "{\r\n  \"name\": \"clitestvmss000002_9d02173f\",\r\n  \"id\": \"/subscriptions/00000000-0000-0000-0000-000000000000/resourceGroups/cli_test_vmss_linux_patch_mode_000001/providers/Microsoft.Compute/virtualMachines/clitestvmss000002_9d02173f\"\
        ,\r\n  \"type\": \"Microsoft.Compute/virtualMachines\",\r\n  \"location\"\
        : \"westus\",\r\n  \"tags\": {\r\n    \"VirtualMachineProfileTimeCreated\"\
        : \"1/3/2024 6:47:33 AM +00:00\"\r\n  },\r\n  \"properties\": {\r\n    \"\
        hardwareProfile\": {\r\n      \"vmSize\": \"Standard_DS1_v2\"\r\n    },\r\n\
        \    \"provisioningState\": \"Succeeded\",\r\n    \"vmId\": \"d54c434f-dd59-4036-8ca8-c9fef2119ac6\"\
        ,\r\n    \"virtualMachineScaleSet\": {\r\n      \"id\": \"/subscriptions/00000000-0000-0000-0000-000000000000/resourceGroups/cli_test_vmss_linux_patch_mode_000001/providers/Microsoft.Compute/virtualMachineScaleSets/clitestvmss000002\"\
        \r\n    },\r\n    \"storageProfile\": {\r\n      \"imageReference\": {\r\n\
        \        \"publisher\": \"Canonical\",\r\n        \"offer\": \"UbuntuServer\"\
        ,\r\n        \"sku\": \"18.04-LTS\",\r\n        \"version\": \"latest\",\r\
        \n        \"exactVersion\": \"18.04.202306070\"\r\n      },\r\n      \"osDisk\"\
        : {\r\n        \"osType\": \"Linux\",\r\n        \"name\": \"clitestvmss000002_9d02173f_disk1_e68e238fbf9948d79d924e6ab9853247\"\
        ,\r\n        \"createOption\": \"FromImage\",\r\n        \"caching\": \"ReadWrite\"\
        ,\r\n        \"managedDisk\": {\r\n          \"storageAccountType\": \"Premium_LRS\"\
        ,\r\n          \"id\": \"/subscriptions/00000000-0000-0000-0000-000000000000/resourceGroups/cli_test_vmss_linux_patch_mode_000001/providers/Microsoft.Compute/disks/clitestvmss000002_9d02173f_disk1_e68e238fbf9948d79d924e6ab9853247\"\
        \r\n        },\r\n        \"deleteOption\": \"Delete\",\r\n        \"diskSizeGB\"\
        : 30\r\n      },\r\n      \"dataDisks\": []\r\n    },\r\n    \"osProfile\"\
        : {\r\n      \"computerName\": \"clitestvRGSV5T\",\r\n      \"adminUsername\"\
        : \"vmtest\",\r\n      \"linuxConfiguration\": {\r\n        \"disablePasswordAuthentication\"\
        : true,\r\n        \"ssh\": {\r\n          \"publicKeys\": [\r\n         \
        \   {\r\n              \"path\": \"/home/vmtest/.ssh/authorized_keys\",\r\n\
        \              \"keyData\": \"ssh-rsa AAAAB3NzaC1yc2EAAAADAQABAAABAQCey0/ipz0OxUGA6xunJY5HdhvlsyRf2JdpnRaH0UU5KsAiajLq5HifCzJAEpRvWXIIYKSrqNi+hSmKRXiGJaHnK0dm0QO8YvM/Ab+MZUZ0L9VRznMoLsexTgDEC6QidxP5VYxXQwzgvbK1kn1J+7QTmd9JzV4Q83EEIZM5VGp7DwuUzhSuUN4LNJ9TnsCpjZwDIqIIGo9kLRLov+CfPb50o/768pa4W87a7FDJc74gvu/Qh7K05ztWNABlqYk5QsSkLWosN/vCaR+Nlh6EroTUw679G0MLj2WD/P0vLbiy1Xgf2oZ4Q5vLOQfoU2SWNkzzmfpdu3o9+VWNQppUZPyt\"\
        \r\n            }\r\n          ]\r\n        },\r\n        \"provisionVMAgent\"\
        : true,\r\n        \"patchSettings\": {\r\n          \"patchMode\": \"AutomaticByPlatform\"\
        ,\r\n          \"assessmentMode\": \"ImageDefault\"\r\n        },\r\n    \
        \    \"enableVMAgentPlatformUpdates\": false\r\n      },\r\n      \"secrets\"\
        : [],\r\n      \"allowExtensionOperations\": true,\r\n      \"requireGuestProvisionSignal\"\
        : true\r\n    },\r\n    \"networkProfile\": {\"networkInterfaces\":[{\"id\"\
        :\"/subscriptions/00000000-0000-0000-0000-000000000000/resourceGroups/cli_test_vmss_linux_patch_mode_000001/providers/Microsoft.Network/networkInterfaces/clite5a01Nic-281123c1\"\
        ,\"properties\":{\"primary\":true,\"deleteOption\":\"Delete\"}}]},\r\n   \
        \ \"timeCreated\": \"2024-01-03T06:47:40.603834+00:00\"\r\n  },\r\n  \"resources\"\
        : [\r\n    {\r\n      \"name\": \"ApplicationHealthLinux\",\r\n      \"id\"\
        : \"/subscriptions/00000000-0000-0000-0000-000000000000/resourceGroups/cli_test_vmss_linux_patch_mode_000001/providers/Microsoft.Compute/virtualMachines/clitestvmss000002_9d02173f/extensions/ApplicationHealthLinux\"\
        ,\r\n      \"type\": \"Microsoft.Compute/virtualMachines/extensions\",\r\n\
        \      \"location\": \"westus\",\r\n      \"properties\": {\r\n        \"\
        autoUpgradeMinorVersion\": true,\r\n        \"provisioningState\": \"Succeeded\"\
        ,\r\n        \"publisher\": \"Microsoft.ManagedServices\",\r\n        \"type\"\
        : \"ApplicationHealthLinux\",\r\n        \"typeHandlerVersion\": \"1.0\",\r\
        \n        \"settings\": {\"protocol\":\"http\",\"port\":80,\"requestPath\"\
        :\"/healthEndpoint\"}\r\n      }\r\n    }\r\n  ]\r\n}"
    headers:
      cache-control:
      - no-cache
      content-length:
      - '3808'
      content-type:
      - application/json; charset=utf-8
      date:
      - Wed, 03 Jan 2024 06:49:15 GMT
      expires:
      - '-1'
      pragma:
      - no-cache
      server:
      - Microsoft-HTTPAPI/2.0
      - Microsoft-HTTPAPI/2.0
      strict-transport-security:
      - max-age=31536000; includeSubDomains
      transfer-encoding:
      - chunked
      vary:
      - Accept-Encoding
      x-content-type-options:
      - nosniff
      x-ms-ratelimit-remaining-resource:
      - Microsoft.Compute/LowCostGetSubscriptionMaximum;23994,Microsoft.Compute/LowCostGetResource;30
    status:
      code: 200
      message: ''
version: 1
