interactions:
- request:
    body: null
    headers:
      Accept:
      - application/json
      Accept-Encoding:
      - gzip, deflate
      CommandName:
      - disk create
      Connection:
      - keep-alive
      ParameterSetName:
      - -g -n --size-gb --zone
      User-Agent:
      - python/3.7.4 (Windows-10-10.0.19041-SP0) msrest/0.6.21 msrest_azure/0.6.3
        azure-mgmt-resource/12.0.0 Azure-SDK-For-Python AZURECLI/2.21.0
      accept-language:
      - en-US
    method: GET
    uri: https://management.azure.com/subscriptions/00000000-0000-0000-0000-000000000000/resourcegroups/cli_test_disk_zones000001?api-version=2020-10-01
  response:
    body:
      string: '{"id":"/subscriptions/00000000-0000-0000-0000-000000000000/resourceGroups/cli_test_disk_zones000001","name":"cli_test_disk_zones000001","type":"Microsoft.Resources/resourceGroups","location":"eastus2","tags":{"product":"azurecli","cause":"automation","date":"2021-04-08T03:01:21Z"},"properties":{"provisioningState":"Succeeded"}}'
    headers:
      cache-control:
      - no-cache
      content-length:
      - '429'
      content-type:
      - application/json; charset=utf-8
      date:
      - Thu, 08 Apr 2021 03:01:22 GMT
      expires:
      - '-1'
      pragma:
      - no-cache
      strict-transport-security:
      - max-age=31536000; includeSubDomains
      vary:
      - Accept-Encoding
      x-content-type-options:
      - nosniff
    status:
      code: 200
      message: OK
- request:
    body: '{"location": "eastus2", "tags": {}, "sku": {"name": "Premium_LRS"}, "zones":
      ["2"], "properties": {"creationData": {"createOption": "Empty"}, "diskSizeGB":
      1}}'
    headers:
      Accept:
      - application/json
      Accept-Encoding:
      - gzip, deflate
      CommandName:
      - disk create
      Connection:
      - keep-alive
      Content-Length:
      - '159'
      Content-Type:
      - application/json
      ParameterSetName:
      - -g -n --size-gb --zone
      User-Agent:
      - AZURECLI/2.21.0 azsdk-python-azure-mgmt-compute/21.0.0 Python/3.7.4 (Windows-10-10.0.19041-SP0)
    method: PUT
    uri: https://management.azure.com/subscriptions/00000000-0000-0000-0000-000000000000/resourceGroups/cli_test_disk_zones000001/providers/Microsoft.Compute/disks/disk123?api-version=2020-12-01
  response:
    body:
      string: "{\r\n  \"name\": \"disk123\",\r\n  \"location\": \"eastus2\",\r\n  \"tags\":
        {},\r\n  \"zones\": [\r\n    \"2\"\r\n  ],\r\n  \"sku\": {\r\n    \"name\":
        \"Premium_LRS\"\r\n  },\r\n  \"properties\": {\r\n    \"creationData\": {\r\n
        \     \"createOption\": \"Empty\"\r\n    },\r\n    \"diskSizeGB\": 1,\r\n
        \   \"provisioningState\": \"Updating\",\r\n    \"isArmResource\": true\r\n
        \ }\r\n}"
    headers:
      azure-asyncoperation:
      - https://management.azure.com/subscriptions/00000000-0000-0000-0000-000000000000/providers/Microsoft.Compute/locations/eastus2/DiskOperations/138a08d4-33ca-4e8f-a858-e5780e6b8c78?api-version=2020-12-01
      cache-control:
      - no-cache
      content-length:
      - '314'
      content-type:
      - application/json; charset=utf-8
      date:
      - Thu, 08 Apr 2021 03:01:28 GMT
      expires:
      - '-1'
      location:
      - https://management.azure.com/subscriptions/00000000-0000-0000-0000-000000000000/providers/Microsoft.Compute/locations/eastus2/DiskOperations/138a08d4-33ca-4e8f-a858-e5780e6b8c78?monitor=true&api-version=2020-12-01
      pragma:
      - no-cache
      server:
      - Microsoft-HTTPAPI/2.0
      - Microsoft-HTTPAPI/2.0
      strict-transport-security:
      - max-age=31536000; includeSubDomains
      x-content-type-options:
      - nosniff
      x-ms-ratelimit-remaining-resource:
      - Microsoft.Compute/CreateUpdateDisks3Min;999,Microsoft.Compute/CreateUpdateDisks30Min;7999
      x-ms-ratelimit-remaining-subscription-writes:
      - '1197'
    status:
      code: 202
      message: Accepted
- request:
    body: null
    headers:
      Accept:
      - '*/*'
      Accept-Encoding:
      - gzip, deflate
      CommandName:
      - disk create
      Connection:
      - keep-alive
      ParameterSetName:
      - -g -n --size-gb --zone
      User-Agent:
      - AZURECLI/2.21.0 azsdk-python-azure-mgmt-compute/21.0.0 Python/3.7.4 (Windows-10-10.0.19041-SP0)
    method: GET
    uri: https://management.azure.com/subscriptions/00000000-0000-0000-0000-000000000000/providers/Microsoft.Compute/locations/eastus2/DiskOperations/138a08d4-33ca-4e8f-a858-e5780e6b8c78?api-version=2020-12-01
  response:
    body:
      string: "{\r\n  \"startTime\": \"2021-04-08T03:01:28.8294593+00:00\",\r\n  \"endTime\":
        \"2021-04-08T03:01:28.9388392+00:00\",\r\n  \"status\": \"Succeeded\",\r\n
        \ \"properties\": {\r\n    \"output\": {\r\n  \"name\": \"disk123\",\r\n  \"id\":
        \"/subscriptions/00000000-0000-0000-0000-000000000000/resourceGroups/cli_test_disk_zones000001/providers/Microsoft.Compute/disks/disk123\",\r\n
        \ \"type\": \"Microsoft.Compute/disks\",\r\n  \"location\": \"eastus2\",\r\n
        \ \"tags\": {},\r\n  \"zones\": [\r\n    \"2\"\r\n  ],\r\n  \"sku\": {\r\n
        \   \"name\": \"Premium_LRS\",\r\n    \"tier\": \"Premium\"\r\n  },\r\n  \"properties\":
        {\r\n    \"creationData\": {\r\n      \"createOption\": \"Empty\"\r\n    },\r\n
        \   \"diskSizeGB\": 1,\r\n    \"diskIOPSReadWrite\": 120,\r\n    \"diskMBpsReadWrite\":
        25,\r\n    \"encryption\": {\r\n      \"type\": \"EncryptionAtRestWithPlatformKey\"\r\n
        \   },\r\n    \"timeCreated\": \"2021-04-08T03:01:28.8451077+00:00\",\r\n
        \   \"provisioningState\": \"Succeeded\",\r\n    \"diskState\": \"Unattached\",\r\n
        \   \"diskSizeBytes\": 1073741824,\r\n    \"uniqueId\": \"b4b2407d-d98d-4048-8656-57beb3141f71\",\r\n
        \   \"networkAccessPolicy\": \"AllowAll\",\r\n    \"tier\": \"P1\"\r\n  }\r\n}\r\n
        \ },\r\n  \"name\": \"138a08d4-33ca-4e8f-a858-e5780e6b8c78\"\r\n}"
    headers:
      cache-control:
      - no-cache
      content-length:
      - '1149'
      content-type:
      - application/json; charset=utf-8
      date:
      - Thu, 08 Apr 2021 03:01:30 GMT
      expires:
      - '-1'
      pragma:
      - no-cache
      server:
      - Microsoft-HTTPAPI/2.0
      - Microsoft-HTTPAPI/2.0
      strict-transport-security:
      - max-age=31536000; includeSubDomains
      transfer-encoding:
      - chunked
      vary:
      - Accept-Encoding
      x-content-type-options:
      - nosniff
      x-ms-ratelimit-remaining-resource:
      - Microsoft.Compute/GetOperation3Min;49999,Microsoft.Compute/GetOperation30Min;399999
    status:
      code: 200
      message: OK
- request:
    body: null
    headers:
      Accept:
      - '*/*'
      Accept-Encoding:
      - gzip, deflate
      CommandName:
      - disk create
      Connection:
      - keep-alive
      ParameterSetName:
      - -g -n --size-gb --zone
      User-Agent:
      - AZURECLI/2.21.0 azsdk-python-azure-mgmt-compute/21.0.0 Python/3.7.4 (Windows-10-10.0.19041-SP0)
    method: GET
    uri: https://management.azure.com/subscriptions/00000000-0000-0000-0000-000000000000/resourceGroups/cli_test_disk_zones000001/providers/Microsoft.Compute/disks/disk123?api-version=2020-12-01
  response:
    body:
      string: "{\r\n  \"name\": \"disk123\",\r\n  \"id\": \"/subscriptions/00000000-0000-0000-0000-000000000000/resourceGroups/cli_test_disk_zones000001/providers/Microsoft.Compute/disks/disk123\",\r\n
        \ \"type\": \"Microsoft.Compute/disks\",\r\n  \"location\": \"eastus2\",\r\n
        \ \"tags\": {},\r\n  \"zones\": [\r\n    \"2\"\r\n  ],\r\n  \"sku\": {\r\n
        \   \"name\": \"Premium_LRS\",\r\n    \"tier\": \"Premium\"\r\n  },\r\n  \"properties\":
        {\r\n    \"creationData\": {\r\n      \"createOption\": \"Empty\"\r\n    },\r\n
        \   \"diskSizeGB\": 1,\r\n    \"diskIOPSReadWrite\": 120,\r\n    \"diskMBpsReadWrite\":
        25,\r\n    \"encryption\": {\r\n      \"type\": \"EncryptionAtRestWithPlatformKey\"\r\n
        \   },\r\n    \"timeCreated\": \"2021-04-08T03:01:28.8451077+00:00\",\r\n
        \   \"provisioningState\": \"Succeeded\",\r\n    \"diskState\": \"Unattached\",\r\n
        \   \"diskSizeBytes\": 1073741824,\r\n    \"uniqueId\": \"b4b2407d-d98d-4048-8656-57beb3141f71\",\r\n
        \   \"networkAccessPolicy\": \"AllowAll\",\r\n    \"tier\": \"P1\"\r\n  }\r\n}"
    headers:
      cache-control:
      - no-cache
      content-length:
      - '924'
      content-type:
      - application/json; charset=utf-8
      date:
      - Thu, 08 Apr 2021 03:01:31 GMT
      expires:
      - '-1'
      pragma:
      - no-cache
      server:
      - Microsoft-HTTPAPI/2.0
      - Microsoft-HTTPAPI/2.0
      strict-transport-security:
      - max-age=31536000; includeSubDomains
      transfer-encoding:
      - chunked
      vary:
      - Accept-Encoding
      x-content-type-options:
      - nosniff
      x-ms-ratelimit-remaining-resource:
      - Microsoft.Compute/LowCostGet3Min;14999,Microsoft.Compute/LowCostGet30Min;119999
    status:
      code: 200
      message: OK
- request:
    body: null
    headers:
      Accept:
      - application/json
      Accept-Encoding:
      - gzip, deflate
      CommandName:
      - disk show
      Connection:
      - keep-alive
      ParameterSetName:
      - -g -n
      User-Agent:
      - AZURECLI/2.21.0 azsdk-python-azure-mgmt-compute/21.0.0 Python/3.7.4 (Windows-10-10.0.19041-SP0)
    method: GET
    uri: https://management.azure.com/subscriptions/00000000-0000-0000-0000-000000000000/resourceGroups/cli_test_disk_zones000001/providers/Microsoft.Compute/disks/disk123?api-version=2020-12-01
  response:
    body:
      string: "{\r\n  \"name\": \"disk123\",\r\n  \"id\": \"/subscriptions/00000000-0000-0000-0000-000000000000/resourceGroups/cli_test_disk_zones000001/providers/Microsoft.Compute/disks/disk123\",\r\n
        \ \"type\": \"Microsoft.Compute/disks\",\r\n  \"location\": \"eastus2\",\r\n
        \ \"tags\": {},\r\n  \"zones\": [\r\n    \"2\"\r\n  ],\r\n  \"sku\": {\r\n
        \   \"name\": \"Premium_LRS\",\r\n    \"tier\": \"Premium\"\r\n  },\r\n  \"properties\":
        {\r\n    \"creationData\": {\r\n      \"createOption\": \"Empty\"\r\n    },\r\n
        \   \"diskSizeGB\": 1,\r\n    \"diskIOPSReadWrite\": 120,\r\n    \"diskMBpsReadWrite\":
        25,\r\n    \"encryption\": {\r\n      \"type\": \"EncryptionAtRestWithPlatformKey\"\r\n
        \   },\r\n    \"timeCreated\": \"2021-04-08T03:01:28.8451077+00:00\",\r\n
        \   \"provisioningState\": \"Succeeded\",\r\n    \"diskState\": \"Unattached\",\r\n
        \   \"diskSizeBytes\": 1073741824,\r\n    \"uniqueId\": \"b4b2407d-d98d-4048-8656-57beb3141f71\",\r\n
        \   \"networkAccessPolicy\": \"AllowAll\",\r\n    \"tier\": \"P1\"\r\n  }\r\n}"
    headers:
      cache-control:
      - no-cache
      content-length:
      - '924'
      content-type:
      - application/json; charset=utf-8
      date:
      - Thu, 08 Apr 2021 03:01:32 GMT
      expires:
      - '-1'
      pragma:
      - no-cache
      server:
      - Microsoft-HTTPAPI/2.0
      - Microsoft-HTTPAPI/2.0
      strict-transport-security:
      - max-age=31536000; includeSubDomains
      transfer-encoding:
      - chunked
      vary:
      - Accept-Encoding
      x-content-type-options:
      - nosniff
      x-ms-ratelimit-remaining-resource:
      - Microsoft.Compute/LowCostGet3Min;14998,Microsoft.Compute/LowCostGet30Min;119998
    status:
      code: 200
      message: OK
- request:
    body: null
    headers:
      Accept:
      - application/json
      Accept-Encoding:
      - gzip, deflate
      CommandName:
      - disk show
      Connection:
      - keep-alive
      ParameterSetName:
      - -g -n -o
      User-Agent:
      - AZURECLI/2.21.0 azsdk-python-azure-mgmt-compute/21.0.0 Python/3.7.4 (Windows-10-10.0.19041-SP0)
    method: GET
    uri: https://management.azure.com/subscriptions/00000000-0000-0000-0000-000000000000/resourceGroups/cli_test_disk_zones000001/providers/Microsoft.Compute/disks/disk123?api-version=2020-12-01
  response:
    body:
      string: "{\r\n  \"name\": \"disk123\",\r\n  \"id\": \"/subscriptions/00000000-0000-0000-0000-000000000000/resourceGroups/cli_test_disk_zones000001/providers/Microsoft.Compute/disks/disk123\",\r\n
        \ \"type\": \"Microsoft.Compute/disks\",\r\n  \"location\": \"eastus2\",\r\n
        \ \"tags\": {},\r\n  \"zones\": [\r\n    \"2\"\r\n  ],\r\n  \"sku\": {\r\n
        \   \"name\": \"Premium_LRS\",\r\n    \"tier\": \"Premium\"\r\n  },\r\n  \"properties\":
        {\r\n    \"creationData\": {\r\n      \"createOption\": \"Empty\"\r\n    },\r\n
        \   \"diskSizeGB\": 1,\r\n    \"diskIOPSReadWrite\": 120,\r\n    \"diskMBpsReadWrite\":
        25,\r\n    \"encryption\": {\r\n      \"type\": \"EncryptionAtRestWithPlatformKey\"\r\n
        \   },\r\n    \"timeCreated\": \"2021-04-08T03:01:28.8451077+00:00\",\r\n
        \   \"provisioningState\": \"Succeeded\",\r\n    \"diskState\": \"Unattached\",\r\n
        \   \"diskSizeBytes\": 1073741824,\r\n    \"uniqueId\": \"b4b2407d-d98d-4048-8656-57beb3141f71\",\r\n
        \   \"networkAccessPolicy\": \"AllowAll\",\r\n    \"tier\": \"P1\"\r\n  }\r\n}"
    headers:
      cache-control:
      - no-cache
      content-length:
      - '924'
      content-type:
      - application/json; charset=utf-8
      date:
      - Thu, 08 Apr 2021 03:01:33 GMT
      expires:
      - '-1'
      pragma:
      - no-cache
      server:
      - Microsoft-HTTPAPI/2.0
      - Microsoft-HTTPAPI/2.0
      strict-transport-security:
      - max-age=31536000; includeSubDomains
      transfer-encoding:
      - chunked
      vary:
      - Accept-Encoding
      x-content-type-options:
      - nosniff
      x-ms-ratelimit-remaining-resource:
      - Microsoft.Compute/LowCostGet3Min;14997,Microsoft.Compute/LowCostGet30Min;119997
    status:
      code: 200
      message: OK
- request:
    body: null
    headers:
      Accept:
      - application/json
      Accept-Encoding:
      - gzip, deflate
      CommandName:
      - disk list
      Connection:
      - keep-alive
      ParameterSetName:
      - -g -o
      User-Agent:
      - AZURECLI/2.21.0 azsdk-python-azure-mgmt-compute/21.0.0 Python/3.7.4 (Windows-10-10.0.19041-SP0)
    method: GET
    uri: https://management.azure.com/subscriptions/00000000-0000-0000-0000-000000000000/resourceGroups/cli_test_disk_zones000001/providers/Microsoft.Compute/disks?api-version=2020-12-01
  response:
    body:
      string: "{\r\n  \"value\": [\r\n    {\r\n      \"name\": \"disk123\",\r\n      \"id\":
        \"/subscriptions/00000000-0000-0000-0000-000000000000/resourceGroups/cli_test_disk_zones000001/providers/Microsoft.Compute/disks/disk123\",\r\n
        \     \"type\": \"Microsoft.Compute/disks\",\r\n      \"location\": \"eastus2\",\r\n
        \     \"tags\": {},\r\n      \"zones\": [\r\n        \"2\"\r\n      ],\r\n
        \     \"sku\": {\r\n        \"name\": \"Premium_LRS\",\r\n        \"tier\":
        \"Premium\"\r\n      },\r\n      \"properties\": {\r\n        \"creationData\":
        {\r\n          \"createOption\": \"Empty\"\r\n        },\r\n        \"diskSizeGB\":
        1,\r\n        \"diskIOPSReadWrite\": 120,\r\n        \"diskMBpsReadWrite\":
        25,\r\n        \"encryption\": {\r\n          \"type\": \"EncryptionAtRestWithPlatformKey\"\r\n
        \       },\r\n        \"timeCreated\": \"2021-04-08T03:01:28.8451077+00:00\",\r\n
        \       \"provisioningState\": \"Succeeded\",\r\n        \"diskState\": \"Unattached\",\r\n
        \       \"diskSizeBytes\": 1073741824,\r\n        \"uniqueId\": \"b4b2407d-d98d-4048-8656-57beb3141f71\",\r\n
        \       \"networkAccessPolicy\": \"AllowAll\",\r\n        \"tier\": \"P1\"\r\n
        \     }\r\n    }\r\n  ]\r\n}"
    headers:
      cache-control:
      - no-cache
      content-length:
      - '1077'
      content-type:
      - application/json; charset=utf-8
      date:
      - Thu, 08 Apr 2021 03:01:33 GMT
      expires:
      - '-1'
      pragma:
      - no-cache
      server:
      - Microsoft-HTTPAPI/2.0
      - Microsoft-HTTPAPI/2.0
      strict-transport-security:
      - max-age=31536000; includeSubDomains
      transfer-encoding:
      - chunked
      vary:
      - Accept-Encoding
      x-content-type-options:
      - nosniff
      x-ms-ratelimit-remaining-resource:
      - Microsoft.Compute/HighCostGet3Min;239,Microsoft.Compute/HighCostGet30Min;1919
    status:
      code: 200
      message: OK
version: 1
