interactions:
- request:
    body: null
    headers:
      Accept:
      - application/json
      Accept-Encoding:
      - gzip, deflate
      CommandName:
      - keyvault show
      Connection:
      - keep-alive
      ParameterSetName:
      - -g -n
      User-Agent:
      - AZURECLI/2.47.0 azsdk-python-azure-mgmt-keyvault/10.2.0 Python/3.10.11 (Linux-5.15.0-1036-azure-x86_64-with-glibc2.31)
        VSTS_7b238909-6802-4b65-b90d-184bca47f458_build_220_0
    method: GET
    uri: https://management.azure.com/subscriptions/00000000-0000-0000-0000-000000000000/resourceGroups/cli_test_vmss_create_linux_secrets000001/providers/Microsoft.KeyVault/vaults/vmsslinuxkv000002?api-version=2023-02-01
  response:
    body:
      string: '{"id":"/subscriptions/00000000-0000-0000-0000-000000000000/resourceGroups/cli_test_vmss_create_linux_secrets000001/providers/Microsoft.KeyVault/vaults/vmsslinuxkv000002","name":"vmsslinuxkv000002","type":"Microsoft.KeyVault/vaults","location":"westus","tags":{},"systemData":{"createdBy":"azureclilivetest@azuresdkteam.onmicrosoft.com","createdByType":"User","createdAt":"2023-05-25T15:37:51.306Z","lastModifiedBy":"azureclilivetest@azuresdkteam.onmicrosoft.com","lastModifiedByType":"User","lastModifiedAt":"2023-05-25T15:37:51.306Z"},"properties":{"sku":{"family":"A","name":"standard"},"tenantId":"54826b22-38d6-4fb2-bad9-b7b93a3e9c5a","accessPolicies":[{"tenantId":"54826b22-38d6-4fb2-bad9-b7b93a3e9c5a","objectId":"6b30bdc6-696a-46fb-82d7-739c2fb147b7","permissions":{"keys":["all"],"secrets":["all"],"certificates":["all"],"storage":["all"]}}],"enabledForDeployment":true,"enabledForTemplateDeployment":true,"enableSoftDelete":true,"softDeleteRetentionInDays":7,"vaultUri":"https://vmsslinuxkv000002.vault.azure.net/","provisioningState":"Succeeded","publicNetworkAccess":"Enabled"}}'
    headers:
      cache-control:
      - no-cache
      content-length:
      - '1089'
      content-type:
      - application/json; charset=utf-8
      date:
      - Thu, 25 May 2023 15:38:25 GMT
      expires:
      - '-1'
      pragma:
      - no-cache
      server:
      - Microsoft-IIS/10.0
      strict-transport-security:
      - max-age=31536000; includeSubDomains
      transfer-encoding:
      - chunked
      vary:
      - Accept-Encoding
      x-aspnet-version:
      - 4.0.30319
      x-content-type-options:
      - nosniff
      x-ms-keyvault-service-version:
      - 1.5.785.0
    status:
      code: 200
      message: OK
- request:
    body: ''
    headers:
      Accept:
      - application/json
      Accept-Encoding:
      - gzip, deflate
      Connection:
      - keep-alive
      Content-Length:
      - 0
      Content-Type:
      - application/json; charset=utf-8
      User-Agent:
      - python/3.10.11 (Linux-5.15.0-1036-azure-x86_64-with-glibc2.31) msrest/0.7.1
        VSTS_7b238909-6802-4b65-b90d-184bca47f458_build_220_0 msrest_azure/0.6.4 azure-keyvault/7.0
        Azure-SDK-For-Python
      accept-language:
      - en-US
    method: POST
    uri: https://vmsslinuxkv000002.vault.azure.net/certificates/cert1/create?api-version=7.0
  response:
    body:
      string: '{"error":{"code":"Unauthorized","message":"AKV10000: Request is missing
        a Bearer or PoP token."}}'
    headers:
      cache-control:
      - no-cache
      content-length:
      - '97'
      content-type:
      - application/json; charset=utf-8
      date:
      - Thu, 25 May 2023 15:38:25 GMT
      expires:
      - '-1'
      pragma:
      - no-cache
      strict-transport-security:
      - max-age=31536000;includeSubDomains
      www-authenticate:
      - Bearer authorization="https://login.microsoftonline.com/54826b22-38d6-4fb2-bad9-b7b93a3e9c5a",
        resource="https://vault.azure.net"
      x-content-type-options:
      - nosniff
      x-ms-keyvault-network-info:
      - conn_type=Ipv4;addr=13.72.72.46;act_addr_fam=InterNetwork;
      x-ms-keyvault-region:
      - westus
      x-ms-keyvault-service-version:
      - 1.9.804.1
    status:
      code: 401
      message: Unauthorized
- request:
    body: '{"policy": {"key_props": {"exportable": true, "kty": "RSA", "key_size":
      2048, "reuse_key": false}, "secret_props": {"contentType": "application/x-pkcs12"},
      "x509_props": {"subject": "C=US, ST=WA, L=Redmon, O=Test Noodle, OU=TestNugget,
      CN=www.mytestdomain.com", "key_usage": ["digitalSignature", "nonRepudiation",
      "keyEncipherment", "keyAgreement", "keyCertSign"], "validity_months": 60}, "lifetime_actions":
      [{"trigger": {"lifetime_percentage": 90}, "action": {"action_type": "AutoRenew"}}],
      "issuer": {"name": "Self"}, "attributes": {"enabled": true}}, "attributes":
      {"enabled": true}}'
    headers:
      Accept:
      - application/json
      Accept-Encoding:
      - gzip, deflate
      Connection:
      - keep-alive
      Content-Length:
      - '587'
      Content-Type:
      - application/json; charset=utf-8
      User-Agent:
      - python/3.10.11 (Linux-5.15.0-1036-azure-x86_64-with-glibc2.31) msrest/0.7.1
        VSTS_7b238909-6802-4b65-b90d-184bca47f458_build_220_0 msrest_azure/0.6.4 azure-keyvault/7.0
        Azure-SDK-For-Python
      accept-language:
      - en-US
    method: POST
    uri: https://vmsslinuxkv000002.vault.azure.net/certificates/cert1/create?api-version=7.0
  response:
    body:
      string: '{"id":"https://vmsslinuxkv000002.vault.azure.net/certificates/cert1/pending","issuer":{"name":"Self"},"csr":"MIIDBTCCAe0CAQAwdTEdMBsGA1UEAxMUd3d3Lm15dGVzdGRvbWFpbi5jb20xEzARBgNVBAsTClRlc3ROdWdnZXQxFDASBgNVBAoTC1Rlc3QgTm9vZGxlMQ8wDQYDVQQHEwZSZWRtb24xCzAJBgNVBAgTAldBMQswCQYDVQQGEwJVUzCCASIwDQYJKoZIhvcNAQEBBQADggEPADCCAQoCggEBAK3fqz56gkqE2s972so6h1707DnG7w2kTGjuB0PwoR5ma9IKuIhsUQCbj1Hzxl3krBLSDXydBiIHCPg4EBZ8bf3hgqt3RoNlZOF4Ksln+8lc46GmeBSOkg6m3PLk/Pt08JPq2T3w82OryBQGufCog860htqpBM9NI287tJOjj7pmEg0DN9/R++JZX2nXs1FFuxWOQSSuZFaNutR13SJmT08yqMwxyETNrDSMZMBFWfdRkmBtkZSMO+RgpWDNjmi5rPzWgnLVhw0ZIfHTXO7cia9M1FCA9YSjbUJsmrGm18qBglmPcB5pPFgK1DdnZf0yweMjmH5LjOtstJaC7yd2xBkCAwEAAaBLMEkGCSqGSIb3DQEJDjE8MDowDgYDVR0PAQH/BAQDAgLsMB0GA1UdJQQWMBQGCCsGAQUFBwMBBggrBgEFBQcDAjAJBgNVHRMEAjAAMA0GCSqGSIb3DQEBCwUAA4IBAQAiP1y2OigesOAuT6dsprZPsUUv6485fadtAIPTIkadcOKnDbhkT12JLJoQ8V6Nc640M1r+J+30qUr+xIXY08HmMBbzZ0c1HMpKkBDajEpslcTkWKhgpoNhOabUWn+gawtd4mmdqlK/C/8iC+kwMyLIGx9oGLS9/6LviSl/jg3ojXCPQUFUBHrJCsqOpvaSpJ7MWVuy805vnGe9R6/9Avz0FpUEtzdyHZQVT2c9SnBnRegKfeUf+ecMtRYynbAxa0CMY42TQtU14PeFWnD4CRPl7qn6XvyUOdrgLR/wY3xXH4OZjVfd0dxCQ4XgU3NgU5c9rkkwioT03cSWfaxz2qNO","cancellation_requested":false,"status":"inProgress","status_details":"Pending
        certificate created. Certificate request is in progress. This may take some
        time based on the issuer provider. Please check again later.","request_id":"cc301e83592d454bbdfb063aef32fe79"}'
    headers:
      cache-control:
      - no-cache
      content-length:
      - '1412'
      content-type:
      - application/json; charset=utf-8
      date:
      - Thu, 25 May 2023 15:38:26 GMT
      expires:
      - '-1'
      location:
      - https://vmsslinuxkv000002.vault.azure.net/certificates/cert1/pending?api-version=7.0&request_id=cc301e83592d454bbdfb063aef32fe79
      pragma:
      - no-cache
      strict-transport-security:
      - max-age=31536000;includeSubDomains
      x-content-type-options:
      - nosniff
      x-ms-keyvault-network-info:
      - conn_type=Ipv4;addr=13.72.72.46;act_addr_fam=InterNetwork;
      x-ms-keyvault-region:
      - westus
      x-ms-keyvault-service-version:
      - 1.9.804.1
    status:
      code: 202
      message: Accepted
- request:
    body: null
    headers:
      Accept:
      - application/json
      Accept-Encoding:
      - gzip, deflate
      Connection:
      - keep-alive
      Content-Type:
      - application/json; charset=utf-8
      User-Agent:
      - python/3.10.11 (Linux-5.15.0-1036-azure-x86_64-with-glibc2.31) msrest/0.7.1
        VSTS_7b238909-6802-4b65-b90d-184bca47f458_build_220_0 msrest_azure/0.6.4 azure-keyvault/7.0
        Azure-SDK-For-Python
      accept-language:
      - en-US
    method: GET
    uri: https://vmsslinuxkv000002.vault.azure.net/certificates/cert1/pending?api-version=7.0
  response:
    body:
      string: '{"id":"https://vmsslinuxkv000002.vault.azure.net/certificates/cert1/pending","issuer":{"name":"Self"},"csr":"MIIDBTCCAe0CAQAwdTEdMBsGA1UEAxMUd3d3Lm15dGVzdGRvbWFpbi5jb20xEzARBgNVBAsTClRlc3ROdWdnZXQxFDASBgNVBAoTC1Rlc3QgTm9vZGxlMQ8wDQYDVQQHEwZSZWRtb24xCzAJBgNVBAgTAldBMQswCQYDVQQGEwJVUzCCASIwDQYJKoZIhvcNAQEBBQADggEPADCCAQoCggEBAK3fqz56gkqE2s972so6h1707DnG7w2kTGjuB0PwoR5ma9IKuIhsUQCbj1Hzxl3krBLSDXydBiIHCPg4EBZ8bf3hgqt3RoNlZOF4Ksln+8lc46GmeBSOkg6m3PLk/Pt08JPq2T3w82OryBQGufCog860htqpBM9NI287tJOjj7pmEg0DN9/R++JZX2nXs1FFuxWOQSSuZFaNutR13SJmT08yqMwxyETNrDSMZMBFWfdRkmBtkZSMO+RgpWDNjmi5rPzWgnLVhw0ZIfHTXO7cia9M1FCA9YSjbUJsmrGm18qBglmPcB5pPFgK1DdnZf0yweMjmH5LjOtstJaC7yd2xBkCAwEAAaBLMEkGCSqGSIb3DQEJDjE8MDowDgYDVR0PAQH/BAQDAgLsMB0GA1UdJQQWMBQGCCsGAQUFBwMBBggrBgEFBQcDAjAJBgNVHRMEAjAAMA0GCSqGSIb3DQEBCwUAA4IBAQAiP1y2OigesOAuT6dsprZPsUUv6485fadtAIPTIkadcOKnDbhkT12JLJoQ8V6Nc640M1r+J+30qUr+xIXY08HmMBbzZ0c1HMpKkBDajEpslcTkWKhgpoNhOabUWn+gawtd4mmdqlK/C/8iC+kwMyLIGx9oGLS9/6LviSl/jg3ojXCPQUFUBHrJCsqOpvaSpJ7MWVuy805vnGe9R6/9Avz0FpUEtzdyHZQVT2c9SnBnRegKfeUf+ecMtRYynbAxa0CMY42TQtU14PeFWnD4CRPl7qn6XvyUOdrgLR/wY3xXH4OZjVfd0dxCQ4XgU3NgU5c9rkkwioT03cSWfaxz2qNO","cancellation_requested":false,"status":"inProgress","status_details":"Pending
        certificate created. Certificate request is in progress. This may take some
        time based on the issuer provider. Please check again later.","request_id":"cc301e83592d454bbdfb063aef32fe79"}'
    headers:
      cache-control:
      - no-cache
      content-length:
      - '1412'
      content-type:
      - application/json; charset=utf-8
      date:
      - Thu, 25 May 2023 15:38:26 GMT
      expires:
      - '-1'
      pragma:
      - no-cache
      strict-transport-security:
      - max-age=31536000;includeSubDomains
      x-content-type-options:
      - nosniff
      x-ms-keyvault-network-info:
      - conn_type=Ipv4;addr=13.72.72.46;act_addr_fam=InterNetwork;
      x-ms-keyvault-region:
      - westus
      x-ms-keyvault-service-version:
      - 1.9.804.1
    status:
      code: 200
      message: OK
- request:
    body: null
    headers:
      Accept:
      - application/json
      Accept-Encoding:
      - gzip, deflate
      Connection:
      - keep-alive
      Content-Type:
      - application/json; charset=utf-8
      User-Agent:
      - python/3.10.11 (Linux-5.15.0-1036-azure-x86_64-with-glibc2.31) msrest/0.7.1
        VSTS_7b238909-6802-4b65-b90d-184bca47f458_build_220_0 msrest_azure/0.6.4 azure-keyvault/7.0
        Azure-SDK-For-Python
      accept-language:
      - en-US
    method: GET
    uri: https://vmsslinuxkv000002.vault.azure.net/certificates/cert1/pending?api-version=7.0
  response:
    body:
      string: '{"id":"https://vmsslinuxkv000002.vault.azure.net/certificates/cert1/pending","issuer":{"name":"Self"},"csr":"MIIDBTCCAe0CAQAwdTEdMBsGA1UEAxMUd3d3Lm15dGVzdGRvbWFpbi5jb20xEzARBgNVBAsTClRlc3ROdWdnZXQxFDASBgNVBAoTC1Rlc3QgTm9vZGxlMQ8wDQYDVQQHEwZSZWRtb24xCzAJBgNVBAgTAldBMQswCQYDVQQGEwJVUzCCASIwDQYJKoZIhvcNAQEBBQADggEPADCCAQoCggEBAK3fqz56gkqE2s972so6h1707DnG7w2kTGjuB0PwoR5ma9IKuIhsUQCbj1Hzxl3krBLSDXydBiIHCPg4EBZ8bf3hgqt3RoNlZOF4Ksln+8lc46GmeBSOkg6m3PLk/Pt08JPq2T3w82OryBQGufCog860htqpBM9NI287tJOjj7pmEg0DN9/R++JZX2nXs1FFuxWOQSSuZFaNutR13SJmT08yqMwxyETNrDSMZMBFWfdRkmBtkZSMO+RgpWDNjmi5rPzWgnLVhw0ZIfHTXO7cia9M1FCA9YSjbUJsmrGm18qBglmPcB5pPFgK1DdnZf0yweMjmH5LjOtstJaC7yd2xBkCAwEAAaBLMEkGCSqGSIb3DQEJDjE8MDowDgYDVR0PAQH/BAQDAgLsMB0GA1UdJQQWMBQGCCsGAQUFBwMBBggrBgEFBQcDAjAJBgNVHRMEAjAAMA0GCSqGSIb3DQEBCwUAA4IBAQAiP1y2OigesOAuT6dsprZPsUUv6485fadtAIPTIkadcOKnDbhkT12JLJoQ8V6Nc640M1r+J+30qUr+xIXY08HmMBbzZ0c1HMpKkBDajEpslcTkWKhgpoNhOabUWn+gawtd4mmdqlK/C/8iC+kwMyLIGx9oGLS9/6LviSl/jg3ojXCPQUFUBHrJCsqOpvaSpJ7MWVuy805vnGe9R6/9Avz0FpUEtzdyHZQVT2c9SnBnRegKfeUf+ecMtRYynbAxa0CMY42TQtU14PeFWnD4CRPl7qn6XvyUOdrgLR/wY3xXH4OZjVfd0dxCQ4XgU3NgU5c9rkkwioT03cSWfaxz2qNO","cancellation_requested":false,"status":"completed","target":"https://vmsslinuxkv000002.vault.azure.net/certificates/cert1","request_id":"cc301e83592d454bbdfb063aef32fe79"}'
    headers:
      cache-control:
      - no-cache
      content-length:
      - '1319'
      content-type:
      - application/json; charset=utf-8
      date:
      - Thu, 25 May 2023 15:38:36 GMT
      expires:
      - '-1'
      pragma:
      - no-cache
      strict-transport-security:
      - max-age=31536000;includeSubDomains
      x-content-type-options:
      - nosniff
      x-ms-keyvault-network-info:
      - conn_type=Ipv4;addr=13.72.72.46;act_addr_fam=InterNetwork;
      x-ms-keyvault-region:
      - westus
      x-ms-keyvault-service-version:
      - 1.9.804.1
    status:
      code: 200
      message: OK
- request:
    body: null
    headers:
      Accept:
      - application/json
      Accept-Encoding:
      - gzip, deflate
      Connection:
      - keep-alive
      Content-Type:
      - application/json; charset=utf-8
      User-Agent:
      - python/3.10.11 (Linux-5.15.0-1036-azure-x86_64-with-glibc2.31) msrest/0.7.1
        VSTS_7b238909-6802-4b65-b90d-184bca47f458_build_220_0 msrest_azure/0.6.4 azure-keyvault/7.0
        Azure-SDK-For-Python
      accept-language:
      - en-US
    method: GET
    uri: https://vmsslinuxkv000002.vault.azure.net/secrets/cert1/versions?api-version=7.0
  response:
    body:
      string: '{"value":[{"contentType":"application/x-pkcs12","id":"https://vmsslinuxkv000002.vault.azure.net/secrets/cert1/31b96009b12d4b8fbcc4df158ef49573","managed":true,"attributes":{"enabled":false,"nbf":1685028506,"exp":1842881906,"created":1685029106,"updated":1685029106,"recoveryLevel":"CustomizedRecoverable+Purgeable"}},{"contentType":"application/x-pkcs12","id":"https://vmsslinuxkv000002.vault.azure.net/secrets/cert1/fc0bd2e5b5794811adc7bba3b5e720c5","managed":true,"attributes":{"enabled":true,"nbf":1685028507,"exp":1842881907,"created":1685029107,"updated":1685029107,"recoveryLevel":"CustomizedRecoverable+Purgeable"}}],"nextLink":null}'
    headers:
      cache-control:
      - no-cache
      content-length:
      - '640'
      content-type:
      - application/json; charset=utf-8
      date:
      - Thu, 25 May 2023 15:38:36 GMT
      expires:
      - '-1'
      pragma:
      - no-cache
      strict-transport-security:
      - max-age=31536000;includeSubDomains
      x-content-type-options:
      - nosniff
      x-ms-keyvault-network-info:
      - conn_type=Ipv4;addr=13.72.72.46;act_addr_fam=InterNetwork;
      x-ms-keyvault-region:
      - westus
      x-ms-keyvault-service-version:
      - 1.9.804.1
    status:
      code: 200
      message: OK
- request:
    body: null
    headers:
      Accept:
      - application/json
      Accept-Encoding:
      - gzip, deflate
      CommandName:
      - vm secret format
      Connection:
      - keep-alive
      ParameterSetName:
      - -s
      User-Agent:
      - AZURECLI/2.47.0 azsdk-python-azure-mgmt-keyvault/10.2.0 Python/3.10.11 (Linux-5.15.0-1036-azure-x86_64-with-glibc2.31)
        VSTS_7b238909-6802-4b65-b90d-184bca47f458_build_220_0
    method: GET
    uri: https://management.azure.com/subscriptions/00000000-0000-0000-0000-000000000000/resources?$filter=resourceType%20eq%20%27Microsoft.KeyVault%2Fvaults%27&api-version=2015-11-01
  response:
    body:
      string: '{"value":[{"id":"/subscriptions/00000000-0000-0000-0000-000000000000/resourceGroups/AzurePowerShellLiveTest/providers/Microsoft.KeyVault/vaults/LiveTestKeyVault","name":"LiveTestKeyVault","type":"Microsoft.KeyVault/vaults","location":"westus","tags":{}},{"id":"/subscriptions/00000000-0000-0000-0000-000000000000/resourceGroups/bez-rg/providers/Microsoft.KeyVault/vaults/bez-kv","name":"bez-kv","type":"Microsoft.KeyVault/vaults","location":"eastus","tags":{}},{"id":"/subscriptions/00000000-0000-0000-0000-000000000000/resourceGroups/bez-rg/providers/Microsoft.KeyVault/vaults/bez-kv-test","name":"bez-kv-test","type":"Microsoft.KeyVault/vaults","location":"eastus","tags":{}},{"id":"/subscriptions/00000000-0000-0000-0000-000000000000/resourceGroups/cli_test_vmss_create_linux_secrets000001/providers/Microsoft.KeyVault/vaults/vmsslinuxkv000002","name":"vmsslinuxkv000002","type":"Microsoft.KeyVault/vaults","location":"westus","tags":{}},{"id":"/subscriptions/00000000-0000-0000-0000-000000000000/resourceGroups/hang-rg/providers/Microsoft.KeyVault/vaults/hangkey","name":"hangkey","type":"Microsoft.KeyVault/vaults","location":"koreasouth","tags":{"kk":"kk","zz":"kk","--kk":"zz"}},{"id":"/subscriptions/00000000-0000-0000-0000-000000000000/resourceGroups/hang-rg/providers/Microsoft.KeyVault/vaults/similar0327002194","name":"similar0327002194","type":"Microsoft.KeyVault/vaults","location":"eastus2","tags":{}},{"id":"/subscriptions/00000000-0000-0000-0000-000000000000/resourceGroups/jiaslivmmirg/providers/Microsoft.KeyVault/vaults/jlkv0516","name":"jlkv0516","type":"Microsoft.KeyVault/vaults","location":"westus","tags":{}},{"id":"/subscriptions/00000000-0000-0000-0000-000000000000/resourceGroups/jltest0525/providers/Microsoft.KeyVault/vaults/jlkv0525","name":"jlkv0525","type":"Microsoft.KeyVault/vaults","location":"westus","tags":{}},{"id":"/subscriptions/00000000-0000-0000-0000-000000000000/resourceGroups/jltest0525/providers/Microsoft.KeyVault/vaults/jlkv05252","name":"jlkv05252","type":"Microsoft.KeyVault/vaults","location":"westus","tags":{}},{"id":"/subscriptions/00000000-0000-0000-0000-000000000000/resourceGroups/jltest0525/providers/Microsoft.KeyVault/vaults/jlkv05253","name":"jlkv05253","type":"Microsoft.KeyVault/vaults","location":"westus","tags":{}},{"id":"/subscriptions/00000000-0000-0000-0000-000000000000/resourceGroups/nori-rg/providers/Microsoft.KeyVault/vaults/nori-kv765","name":"nori-kv765","type":"Microsoft.KeyVault/vaults","location":"eastus","tags":{}},{"id":"/subscriptions/00000000-0000-0000-0000-000000000000/resourceGroups/shiying-rg/providers/Microsoft.KeyVault/vaults/shiyingkv","name":"shiyingkv","type":"Microsoft.KeyVault/vaults","location":"eastus","tags":{}},{"id":"/subscriptions/00000000-0000-0000-0000-000000000000/resourceGroups/testkvv2rg/providers/Microsoft.KeyVault/vaults/testkvtrack2","name":"testkvtrack2","type":"Microsoft.KeyVault/vaults","location":"eastus","tags":{}},{"id":"/subscriptions/00000000-0000-0000-0000-000000000000/resourceGroups/yishitest/providers/Microsoft.KeyVault/vaults/ystestkv","name":"ystestkv","type":"Microsoft.KeyVault/vaults","location":"eastus","tags":{}}]}'
    headers:
      cache-control:
      - no-cache
      content-length:
      - '3154'
      content-type:
      - application/json; charset=utf-8
      date:
      - Thu, 25 May 2023 15:38:37 GMT
      expires:
      - '-1'
      pragma:
      - no-cache
      strict-transport-security:
      - max-age=31536000; includeSubDomains
      vary:
      - Accept-Encoding
      x-content-type-options:
      - nosniff
    status:
      code: 200
      message: OK
- request:
    body: null
    headers:
      Accept:
      - application/json
      Accept-Encoding:
      - gzip, deflate
      CommandName:
      - vm secret format
      Connection:
      - keep-alive
      ParameterSetName:
      - -s
      User-Agent:
      - AZURECLI/2.47.0 azsdk-python-azure-mgmt-keyvault/10.2.0 Python/3.10.11 (Linux-5.15.0-1036-azure-x86_64-with-glibc2.31)
        VSTS_7b238909-6802-4b65-b90d-184bca47f458_build_220_0
    method: GET
    uri: https://management.azure.com/subscriptions/00000000-0000-0000-0000-000000000000/resourceGroups/cli_test_vmss_create_linux_secrets000001/providers/Microsoft.KeyVault/vaults/vmsslinuxkv000002?api-version=2023-02-01
  response:
    body:
      string: '{"id":"/subscriptions/00000000-0000-0000-0000-000000000000/resourceGroups/cli_test_vmss_create_linux_secrets000001/providers/Microsoft.KeyVault/vaults/vmsslinuxkv000002","name":"vmsslinuxkv000002","type":"Microsoft.KeyVault/vaults","location":"westus","tags":{},"systemData":{"createdBy":"azureclilivetest@azuresdkteam.onmicrosoft.com","createdByType":"User","createdAt":"2023-05-25T15:37:51.306Z","lastModifiedBy":"azureclilivetest@azuresdkteam.onmicrosoft.com","lastModifiedByType":"User","lastModifiedAt":"2023-05-25T15:37:51.306Z"},"properties":{"sku":{"family":"A","name":"standard"},"tenantId":"54826b22-38d6-4fb2-bad9-b7b93a3e9c5a","accessPolicies":[{"tenantId":"54826b22-38d6-4fb2-bad9-b7b93a3e9c5a","objectId":"6b30bdc6-696a-46fb-82d7-739c2fb147b7","permissions":{"keys":["all"],"secrets":["all"],"certificates":["all"],"storage":["all"]}}],"enabledForDeployment":true,"enabledForTemplateDeployment":true,"enableSoftDelete":true,"softDeleteRetentionInDays":7,"vaultUri":"https://vmsslinuxkv000002.vault.azure.net/","provisioningState":"Succeeded","publicNetworkAccess":"Enabled"}}'
    headers:
      cache-control:
      - no-cache
      content-length:
      - '1089'
      content-type:
      - application/json; charset=utf-8
      date:
      - Thu, 25 May 2023 15:38:43 GMT
      expires:
      - '-1'
      pragma:
      - no-cache
      server:
      - Microsoft-IIS/10.0
      strict-transport-security:
      - max-age=31536000; includeSubDomains
      transfer-encoding:
      - chunked
      vary:
      - Accept-Encoding
      x-aspnet-version:
      - 4.0.30319
      x-content-type-options:
      - nosniff
      x-ms-keyvault-service-version:
      - 1.5.785.0
    status:
      code: 200
      message: OK
- request:
    body: null
    headers:
      Accept:
      - application/json
      Accept-Encoding:
      - gzip, deflate
      CommandName:
      - vmss create
      Connection:
      - keep-alive
      ParameterSetName:
      - -n -g --image --admin-username --ssh-key-value --secrets
      User-Agent:
      - AZURECLI/2.47.0 azsdk-python-azure-mgmt-resource/22.0.0 Python/3.10.11 (Linux-5.15.0-1036-azure-x86_64-with-glibc2.31)
        VSTS_7b238909-6802-4b65-b90d-184bca47f458_build_220_0
    method: GET
    uri: https://management.azure.com/subscriptions/00000000-0000-0000-0000-000000000000/resourcegroups/cli_test_vmss_create_linux_secrets000001?api-version=2022-09-01
  response:
    body:
      string: '{"id":"/subscriptions/00000000-0000-0000-0000-000000000000/resourceGroups/cli_test_vmss_create_linux_secrets000001","name":"cli_test_vmss_create_linux_secrets000001","type":"Microsoft.Resources/resourceGroups","location":"westus","tags":{"product":"azurecli","cause":"automation","date":"2023-05-25T15:37:48Z"},"properties":{"provisioningState":"Succeeded"}}'
    headers:
      cache-control:
      - no-cache
      content-length:
      - '358'
      content-type:
      - application/json; charset=utf-8
      date:
      - Thu, 25 May 2023 15:38:43 GMT
      expires:
      - '-1'
      pragma:
      - no-cache
      strict-transport-security:
      - max-age=31536000; includeSubDomains
      vary:
      - Accept-Encoding
      x-content-type-options:
      - nosniff
    status:
      code: 200
      message: OK
- request:
    body: null
    headers:
      Accept:
      - application/json
      Accept-Encoding:
      - gzip, deflate
      CommandName:
      - vmss create
      Connection:
      - keep-alive
      ParameterSetName:
      - -n -g --image --admin-username --ssh-key-value --secrets
      User-Agent:
      - AZURECLI/2.47.0 azsdk-python-azure-mgmt-compute/29.1.0 Python/3.10.11 (Linux-5.15.0-1036-azure-x86_64-with-glibc2.31)
        VSTS_7b238909-6802-4b65-b90d-184bca47f458_build_220_0
    method: GET
    uri: https://management.azure.com/subscriptions/00000000-0000-0000-0000-000000000000/providers/Microsoft.Compute/locations/westus/publishers/Debian/artifacttypes/vmimage/offers/debian-10/skus/10/versions?$top=1&$orderby=name%20desc&api-version=2022-11-01
  response:
    body:
      string: "[\r\n  {\r\n    \"location\": \"westus\",\r\n    \"name\": \"0.20230222.1299\",\r\n
        \   \"id\": \"/Subscriptions/00000000-0000-0000-0000-000000000000/Providers/Microsoft.Compute/Locations/westus/Publishers/Debian/ArtifactTypes/VMImage/Offers/debian-10/Skus/10/Versions/0.20230222.1299\"\r\n
        \ }\r\n]"
    headers:
      cache-control:
      - no-cache
      content-length:
      - '273'
      content-type:
      - application/json; charset=utf-8
      date:
      - Thu, 25 May 2023 15:38:43 GMT
      expires:
      - '-1'
      pragma:
      - no-cache
      server:
      - Microsoft-HTTPAPI/2.0
      - Microsoft-HTTPAPI/2.0
      strict-transport-security:
      - max-age=31536000; includeSubDomains
      x-content-type-options:
      - nosniff
      x-ms-ratelimit-remaining-resource:
      - Microsoft.Compute/ListVMImagesVersionsFromLocation3Min;15999,Microsoft.Compute/ListVMImagesVersionsFromLocation30Min;43991
    status:
      code: 200
      message: OK
- request:
    body: null
    headers:
      Accept:
      - application/json
      Accept-Encoding:
      - gzip, deflate
      CommandName:
      - vmss create
      Connection:
      - keep-alive
      ParameterSetName:
      - -n -g --image --admin-username --ssh-key-value --secrets
      User-Agent:
      - AZURECLI/2.47.0 azsdk-python-azure-mgmt-compute/29.1.0 Python/3.10.11 (Linux-5.15.0-1036-azure-x86_64-with-glibc2.31)
        VSTS_7b238909-6802-4b65-b90d-184bca47f458_build_220_0
    method: GET
    uri: https://management.azure.com/subscriptions/00000000-0000-0000-0000-000000000000/providers/Microsoft.Compute/locations/westus/publishers/Debian/artifacttypes/vmimage/offers/debian-10/skus/10/versions/0.20230222.1299?api-version=2022-11-01
  response:
    body:
      string: "{\r\n  \"properties\": {\r\n    \"hyperVGeneration\": \"V1\",\r\n    \"architecture\":
        \"x64\",\r\n    \"replicaType\": \"Unmanaged\",\r\n    \"disallowed\": {\r\n
        \     \"vmDiskType\": \"None\"\r\n    },\r\n    \"automaticOSUpgradeProperties\":
        {\r\n      \"automaticOSUpgradeSupported\": false\r\n    },\r\n    \"imageDeprecationStatus\":
        {\r\n      \"imageState\": \"Active\"\r\n    },\r\n    \"features\": [\r\n
        \     {\r\n        \"name\": \"IsAcceleratedNetworkSupported\",\r\n        \"value\":
        \"True\"\r\n      },\r\n      {\r\n        \"name\": \"DiskControllerTypes\",\r\n
        \       \"value\": \"SCSI\"\r\n      },\r\n      {\r\n        \"name\": \"IsHibernateSupported\",\r\n
        \       \"value\": \"False\"\r\n      }\r\n    ],\r\n    \"osDiskImage\":
        {\r\n      \"operatingSystem\": \"Linux\",\r\n      \"sizeInGb\": 30,\r\n
        \     \"sizeInBytes\": 32212255232\r\n    },\r\n    \"dataDiskImages\": []\r\n
        \ },\r\n  \"location\": \"westus\",\r\n  \"name\": \"0.20230222.1299\",\r\n
        \ \"id\": \"/Subscriptions/00000000-0000-0000-0000-000000000000/Providers/Microsoft.Compute/Locations/westus/Publishers/Debian/ArtifactTypes/VMImage/Offers/debian-10/Skus/10/Versions/0.20230222.1299\"\r\n}"
    headers:
      cache-control:
      - no-cache
      content-length:
      - '1031'
      content-type:
      - application/json; charset=utf-8
      date:
      - Thu, 25 May 2023 15:38:44 GMT
      expires:
      - '-1'
      pragma:
      - no-cache
      server:
      - Microsoft-HTTPAPI/2.0
      - Microsoft-HTTPAPI/2.0
      strict-transport-security:
      - max-age=31536000; includeSubDomains
      x-content-type-options:
      - nosniff
      x-ms-ratelimit-remaining-resource:
      - Microsoft.Compute/GetVMImageFromLocation3Min;12999,Microsoft.Compute/GetVMImageFromLocation30Min;73992
    status:
      code: 200
      message: OK
- request:
    body: null
    headers:
      Accept:
      - application/json
      Accept-Encoding:
      - gzip, deflate
      CommandName:
      - vmss create
      Connection:
      - keep-alive
      ParameterSetName:
      - -n -g --image --admin-username --ssh-key-value --secrets
      User-Agent:
      - AZURECLI/2.47.0 (AAZ) azsdk-python-core/1.24.0 Python/3.10.11 (Linux-5.15.0-1036-azure-x86_64-with-glibc2.31)
        VSTS_7b238909-6802-4b65-b90d-184bca47f458_build_220_0
    method: GET
    uri: https://management.azure.com/subscriptions/00000000-0000-0000-0000-000000000000/resourceGroups/cli_test_vmss_create_linux_secrets000001/providers/Microsoft.Network/virtualNetworks?api-version=2022-01-01
  response:
    body:
      string: '{"value":[]}'
    headers:
      cache-control:
      - no-cache
      content-length:
      - '12'
      content-type:
      - application/json; charset=utf-8
      date:
      - Thu, 25 May 2023 15:38:44 GMT
      expires:
      - '-1'
      pragma:
      - no-cache
      strict-transport-security:
      - max-age=31536000; includeSubDomains
      x-content-type-options:
      - nosniff
    status:
      code: 200
      message: OK
- request:
    body: null
    headers:
      Accept:
      - application/json
      Accept-Encoding:
      - gzip, deflate
      CommandName:
      - vmss create
      Connection:
      - keep-alive
      ParameterSetName:
      - -n -g --image --admin-username --ssh-key-value --secrets
      User-Agent:
      - AZURECLI/2.47.0 azsdk-python-azure-mgmt-compute/29.1.0 Python/3.10.11 (Linux-5.15.0-1036-azure-x86_64-with-glibc2.31)
        VSTS_7b238909-6802-4b65-b90d-184bca47f458_build_220_0
    method: GET
    uri: https://management.azure.com/subscriptions/00000000-0000-0000-0000-000000000000/providers/Microsoft.Compute/locations/westus/publishers/Debian/artifacttypes/vmimage/offers/debian-10/skus/10/versions?$top=1&$orderby=name%20desc&api-version=2022-11-01
  response:
    body:
      string: "[\r\n  {\r\n    \"location\": \"westus\",\r\n    \"name\": \"0.20230222.1299\",\r\n
        \   \"id\": \"/Subscriptions/00000000-0000-0000-0000-000000000000/Providers/Microsoft.Compute/Locations/westus/Publishers/Debian/ArtifactTypes/VMImage/Offers/debian-10/Skus/10/Versions/0.20230222.1299\"\r\n
        \ }\r\n]"
    headers:
      cache-control:
      - no-cache
      content-length:
      - '273'
      content-type:
      - application/json; charset=utf-8
      date:
      - Thu, 25 May 2023 15:38:44 GMT
      expires:
      - '-1'
      pragma:
      - no-cache
      server:
      - Microsoft-HTTPAPI/2.0
      - Microsoft-HTTPAPI/2.0
      strict-transport-security:
      - max-age=31536000; includeSubDomains
      transfer-encoding:
      - chunked
      vary:
      - Accept-Encoding
      x-content-type-options:
      - nosniff
      x-ms-ratelimit-remaining-resource:
      - Microsoft.Compute/ListVMImagesVersionsFromLocation3Min;15998,Microsoft.Compute/ListVMImagesVersionsFromLocation30Min;43990
    status:
      code: 200
      message: OK
- request:
    body: null
    headers:
      Accept:
      - application/json
      Accept-Encoding:
      - gzip, deflate
      CommandName:
      - vmss create
      Connection:
      - keep-alive
      ParameterSetName:
      - -n -g --image --admin-username --ssh-key-value --secrets
      User-Agent:
      - AZURECLI/2.47.0 azsdk-python-azure-mgmt-compute/29.1.0 Python/3.10.11 (Linux-5.15.0-1036-azure-x86_64-with-glibc2.31)
        VSTS_7b238909-6802-4b65-b90d-184bca47f458_build_220_0
    method: GET
    uri: https://management.azure.com/subscriptions/00000000-0000-0000-0000-000000000000/providers/Microsoft.Compute/locations/westus/publishers/Debian/artifacttypes/vmimage/offers/debian-10/skus/10/versions/0.20230222.1299?api-version=2022-11-01
  response:
    body:
      string: "{\r\n  \"properties\": {\r\n    \"hyperVGeneration\": \"V1\",\r\n    \"architecture\":
        \"x64\",\r\n    \"replicaType\": \"Unmanaged\",\r\n    \"disallowed\": {\r\n
        \     \"vmDiskType\": \"None\"\r\n    },\r\n    \"automaticOSUpgradeProperties\":
        {\r\n      \"automaticOSUpgradeSupported\": false\r\n    },\r\n    \"imageDeprecationStatus\":
        {\r\n      \"imageState\": \"Active\"\r\n    },\r\n    \"features\": [\r\n
        \     {\r\n        \"name\": \"IsAcceleratedNetworkSupported\",\r\n        \"value\":
        \"True\"\r\n      },\r\n      {\r\n        \"name\": \"DiskControllerTypes\",\r\n
        \       \"value\": \"SCSI\"\r\n      },\r\n      {\r\n        \"name\": \"IsHibernateSupported\",\r\n
        \       \"value\": \"False\"\r\n      }\r\n    ],\r\n    \"osDiskImage\":
        {\r\n      \"operatingSystem\": \"Linux\",\r\n      \"sizeInGb\": 30,\r\n
        \     \"sizeInBytes\": 32212255232\r\n    },\r\n    \"dataDiskImages\": []\r\n
        \ },\r\n  \"location\": \"westus\",\r\n  \"name\": \"0.20230222.1299\",\r\n
        \ \"id\": \"/Subscriptions/00000000-0000-0000-0000-000000000000/Providers/Microsoft.Compute/Locations/westus/Publishers/Debian/ArtifactTypes/VMImage/Offers/debian-10/Skus/10/Versions/0.20230222.1299\"\r\n}"
    headers:
      cache-control:
      - no-cache
      content-length:
      - '1031'
      content-type:
      - application/json; charset=utf-8
      date:
      - Thu, 25 May 2023 15:38:45 GMT
      expires:
      - '-1'
      pragma:
      - no-cache
      server:
      - Microsoft-HTTPAPI/2.0
      - Microsoft-HTTPAPI/2.0
      strict-transport-security:
      - max-age=31536000; includeSubDomains
      transfer-encoding:
      - chunked
      vary:
      - Accept-Encoding
      x-content-type-options:
      - nosniff
      x-ms-ratelimit-remaining-resource:
      - Microsoft.Compute/GetVMImageFromLocation3Min;12998,Microsoft.Compute/GetVMImageFromLocation30Min;73991
    status:
      code: 200
      message: OK
- request:
    body: null
    headers:
      Accept:
      - application/json
      Accept-Encoding:
      - gzip, deflate
      CommandName:
      - vmss create
      Connection:
      - keep-alive
      ParameterSetName:
      - -n -g --image --admin-username --ssh-key-value --secrets
      User-Agent:
      - AZURECLI/2.47.0 azsdk-python-azure-mgmt-compute/29.1.0 Python/3.10.11 (Linux-5.15.0-1036-azure-x86_64-with-glibc2.31)
        VSTS_7b238909-6802-4b65-b90d-184bca47f458_build_220_0
    method: GET
    uri: https://management.azure.com/subscriptions/00000000-0000-0000-0000-000000000000/providers/Microsoft.Compute/locations/westus/publishers/Debian/artifacttypes/vmimage/offers/debian-10/skus/10/versions?$top=1&$orderby=name%20desc&api-version=2022-11-01
  response:
    body:
      string: "[\r\n  {\r\n    \"location\": \"westus\",\r\n    \"name\": \"0.20230222.1299\",\r\n
        \   \"id\": \"/Subscriptions/00000000-0000-0000-0000-000000000000/Providers/Microsoft.Compute/Locations/westus/Publishers/Debian/ArtifactTypes/VMImage/Offers/debian-10/Skus/10/Versions/0.20230222.1299\"\r\n
        \ }\r\n]"
    headers:
      cache-control:
      - no-cache
      content-length:
      - '273'
      content-type:
      - application/json; charset=utf-8
      date:
      - Thu, 25 May 2023 15:38:45 GMT
      expires:
      - '-1'
      pragma:
      - no-cache
      server:
      - Microsoft-HTTPAPI/2.0
      - Microsoft-HTTPAPI/2.0
      strict-transport-security:
      - max-age=31536000; includeSubDomains
      transfer-encoding:
      - chunked
      vary:
      - Accept-Encoding
      x-content-type-options:
      - nosniff
      x-ms-ratelimit-remaining-resource:
      - Microsoft.Compute/ListVMImagesVersionsFromLocation3Min;15997,Microsoft.Compute/ListVMImagesVersionsFromLocation30Min;43989
    status:
      code: 200
      message: OK
- request:
    body: null
    headers:
      Accept:
      - application/json
      Accept-Encoding:
      - gzip, deflate
      CommandName:
      - vmss create
      Connection:
      - keep-alive
      ParameterSetName:
      - -n -g --image --admin-username --ssh-key-value --secrets
      User-Agent:
      - AZURECLI/2.47.0 azsdk-python-azure-mgmt-compute/29.1.0 Python/3.10.11 (Linux-5.15.0-1036-azure-x86_64-with-glibc2.31)
        VSTS_7b238909-6802-4b65-b90d-184bca47f458_build_220_0
    method: GET
    uri: https://management.azure.com/subscriptions/00000000-0000-0000-0000-000000000000/providers/Microsoft.Compute/locations/westus/publishers/Debian/artifacttypes/vmimage/offers/debian-10/skus/10/versions/0.20230222.1299?api-version=2022-11-01
  response:
    body:
      string: "{\r\n  \"properties\": {\r\n    \"hyperVGeneration\": \"V1\",\r\n    \"architecture\":
        \"x64\",\r\n    \"replicaType\": \"Unmanaged\",\r\n    \"disallowed\": {\r\n
        \     \"vmDiskType\": \"None\"\r\n    },\r\n    \"automaticOSUpgradeProperties\":
        {\r\n      \"automaticOSUpgradeSupported\": false\r\n    },\r\n    \"imageDeprecationStatus\":
        {\r\n      \"imageState\": \"Active\"\r\n    },\r\n    \"features\": [\r\n
        \     {\r\n        \"name\": \"IsAcceleratedNetworkSupported\",\r\n        \"value\":
        \"True\"\r\n      },\r\n      {\r\n        \"name\": \"DiskControllerTypes\",\r\n
        \       \"value\": \"SCSI\"\r\n      },\r\n      {\r\n        \"name\": \"IsHibernateSupported\",\r\n
        \       \"value\": \"False\"\r\n      }\r\n    ],\r\n    \"osDiskImage\":
        {\r\n      \"operatingSystem\": \"Linux\",\r\n      \"sizeInGb\": 30,\r\n
        \     \"sizeInBytes\": 32212255232\r\n    },\r\n    \"dataDiskImages\": []\r\n
        \ },\r\n  \"location\": \"westus\",\r\n  \"name\": \"0.20230222.1299\",\r\n
        \ \"id\": \"/Subscriptions/00000000-0000-0000-0000-000000000000/Providers/Microsoft.Compute/Locations/westus/Publishers/Debian/ArtifactTypes/VMImage/Offers/debian-10/Skus/10/Versions/0.20230222.1299\"\r\n}"
    headers:
      cache-control:
      - no-cache
      content-length:
      - '1031'
      content-type:
      - application/json; charset=utf-8
      date:
      - Thu, 25 May 2023 15:38:45 GMT
      expires:
      - '-1'
      pragma:
      - no-cache
      server:
      - Microsoft-HTTPAPI/2.0
      - Microsoft-HTTPAPI/2.0
      strict-transport-security:
      - max-age=31536000; includeSubDomains
      transfer-encoding:
      - chunked
      vary:
      - Accept-Encoding
      x-content-type-options:
      - nosniff
      x-ms-ratelimit-remaining-resource:
      - Microsoft.Compute/GetVMImageFromLocation3Min;12997,Microsoft.Compute/GetVMImageFromLocation30Min;73990
    status:
      code: 200
      message: OK
- request:
    body: '{"properties": {"template": {"$schema": "https://schema.management.azure.com/schemas/2015-01-01/deploymentTemplate.json#",
      "contentVersion": "1.0.0.0", "parameters": {}, "variables": {}, "resources":
      [{"name": "vmss1-nameVNET", "type": "Microsoft.Network/virtualNetworks", "location":
      "westus", "apiVersion": "2015-06-15", "dependsOn": [], "tags": {}, "properties":
      {"addressSpace": {"addressPrefixes": ["10.0.0.0/16"]}, "subnets": [{"name":
      "vmss1-nameSubnet", "properties": {"addressPrefix": "10.0.0.0/24"}}]}}, {"apiVersion":
      "2022-01-01", "type": "Microsoft.Network/publicIPAddresses", "name": "vmss1-nameLBPublicIP",
      "location": "westus", "tags": {}, "dependsOn": [], "properties": {"publicIPAllocationMethod":
      "Dynamic"}}, {"type": "Microsoft.Network/loadBalancers", "name": "vmss1-nameLB",
      "location": "westus", "tags": {}, "apiVersion": "2022-01-01", "dependsOn": ["Microsoft.Network/virtualNetworks/vmss1-nameVNET",
      "Microsoft.Network/publicIpAddresses/vmss1-nameLBPublicIP"], "properties": {"backendAddressPools":
      [{"name": "vmss1-nameLBBEPool"}], "frontendIPConfigurations": [{"name": "loadBalancerFrontEnd",
      "properties": {"publicIPAddress": {"id": "/subscriptions/00000000-0000-0000-0000-000000000000/resourceGroups/cli_test_vmss_create_linux_secrets000001/providers/Microsoft.Network/publicIPAddresses/vmss1-nameLBPublicIP"}}}],
      "inboundNatPools": [{"name": "vmss1-nameLBNatPool", "properties": {"frontendIPConfiguration":
      {"id": "[concat(resourceId(''Microsoft.Network/loadBalancers'', ''vmss1-nameLB''),
      ''/frontendIPConfigurations/'', ''loadBalancerFrontEnd'')]"}, "protocol": "tcp",
      "frontendPortRangeStart": "50000", "frontendPortRangeEnd": "50119", "backendPort":
      22}}]}}, {"type": "Microsoft.Compute/virtualMachineScaleSets", "name": "vmss1-name",
      "location": "westus", "tags": {}, "apiVersion": "2022-11-01", "dependsOn": ["Microsoft.Network/virtualNetworks/vmss1-nameVNET",
      "Microsoft.Network/loadBalancers/vmss1-nameLB"], "properties": {"overprovision":
      true, "upgradePolicy": {"mode": "manual", "rollingUpgradePolicy": {}}, "singlePlacementGroup":
      null, "virtualMachineProfile": {"storageProfile": {"osDisk": {"createOption":
      "FromImage", "caching": "ReadWrite", "managedDisk": {"storageAccountType": null}},
      "imageReference": {"publisher": "Debian", "offer": "debian-10", "sku": "10",
      "version": "latest"}}, "osProfile": {"computerNamePrefix": "vmss1a8f9", "adminUsername":
      "deploy", "linuxConfiguration": {"disablePasswordAuthentication": true, "ssh":
      {"publicKeys": [{"path": "/home/deploy/.ssh/authorized_keys", "keyData": "ssh-rsa
      AAAAB3NzaC1yc2EAAAADAQABAAACAQCbIg1guRHbI0lV11wWDt1r2cUdcNd27CJsg+SfgC7miZeubtwUhbsPdhMQsfDyhOWHq1+ZL0M+nJZV63d/1dhmhtgyOqejUwrPlzKhydsbrsdUor+JmNJDdW01v7BXHyuymT8G4s09jCasNOwiufbP/qp72ruu0bIA1nySsvlf9pCQAuFkAnVnf/rFhUlOkhtRpwcq8SUNY2zRHR/EKb/4NWY1JzR4sa3q2fWIJdrrX0DvLoa5g9bIEd4Df79ba7v+yiUBOS0zT2ll+z4g9izHK3EO5d8hL4jYxcjKs+wcslSYRWrascfscLgMlMGh0CdKeNTDjHpGPncaf3Z+FwwwjWeuiNBxv7bJo13/8B/098KlVDl4GZqsoBCEjPyJfV6hO0y/LkRGkk7oHWKgeWAfKtfLItRp00eZ4fcJNK9kCaSMmEugoZWcI7NGbZXzqFWqbpRI7NcDP9+WIQ+i9U5vqWsqd/zng4kbuAJ6UuKqIzB0upYrLShfQE3SAck8oaLhJqqq56VfDuASNpJKidV+zq27HfSBmbXnkR/5AK337dc3MXKJypoK/QPMLKUAP5XLPbs+NddJQV7EZXd29DLgp+fRIg3edpKdO7ZErWhv7d+3Kws+e1Y+ypmR2WIVSwVyBEUfgv2C8Ts9gnTF4pNcEY/S2aBicz5Ew2+jdyGNQQ==
      test@example.com\n"}]}}, "secrets": [{"sourceVault": {"id": "/subscriptions/00000000-0000-0000-0000-000000000000/resourceGroups/cli_test_vmss_create_linux_secrets000001/providers/Microsoft.KeyVault/vaults/vmsslinuxkv000002"},
      "vaultCertificates": [{"certificateUrl": "https://vmsslinuxkv000002.vault.azure.net/secrets/cert1/fc0bd2e5b5794811adc7bba3b5e720c5"}]}]},
      "networkProfile": {"networkInterfaceConfigurations": [{"name": "vmss1a8f9Nic",
      "properties": {"ipConfigurations": [{"name": "vmss1a8f9IPConfig", "properties":
      {"subnet": {"id": "/subscriptions/00000000-0000-0000-0000-000000000000/resourceGroups/cli_test_vmss_create_linux_secrets000001/providers/Microsoft.Network/virtualNetworks/vmss1-nameVNET/subnets/vmss1-nameSubnet"},
      "loadBalancerBackendAddressPools": [{"id": "/subscriptions/00000000-0000-0000-0000-000000000000/resourceGroups/cli_test_vmss_create_linux_secrets000001/providers/Microsoft.Network/loadBalancers/vmss1-nameLB/backendAddressPools/vmss1-nameLBBEPool"}],
      "loadBalancerInboundNatPools": [{"id": "/subscriptions/00000000-0000-0000-0000-000000000000/resourceGroups/cli_test_vmss_create_linux_secrets000001/providers/Microsoft.Network/loadBalancers/vmss1-nameLB/inboundNatPools/vmss1-nameLBNatPool"}]}}],
      "primary": "true"}}]}}, "orchestrationMode": "Uniform"}, "sku": {"name": "Standard_DS1_v2",
      "capacity": 2}}], "outputs": {"VMSS": {"type": "object", "value": "[reference(resourceId(''Microsoft.Compute/virtualMachineScaleSets'',
      ''vmss1-name''),providers(''Microsoft.Compute'', ''virtualMachineScaleSets'').apiVersions[0])]"}}},
      "parameters": {}, "mode": "incremental"}}'
    headers:
      Accept:
      - application/json
      Accept-Encoding:
      - gzip, deflate
      CommandName:
      - vmss create
      Connection:
      - keep-alive
      Content-Length:
      - '4864'
      Content-Type:
      - application/json
      ParameterSetName:
      - -n -g --image --admin-username --ssh-key-value --secrets
      User-Agent:
      - AZURECLI/2.47.0 azsdk-python-azure-mgmt-resource/22.0.0 Python/3.10.11 (Linux-5.15.0-1036-azure-x86_64-with-glibc2.31)
        VSTS_7b238909-6802-4b65-b90d-184bca47f458_build_220_0
    method: PUT
    uri: https://management.azure.com/subscriptions/00000000-0000-0000-0000-000000000000/resourcegroups/cli_test_vmss_create_linux_secrets000001/providers/Microsoft.Resources/deployments/mock-deployment?api-version=2022-09-01
  response:
    body:
      string: '{"id":"/subscriptions/00000000-0000-0000-0000-000000000000/resourceGroups/cli_test_vmss_create_linux_secrets000001/providers/Microsoft.Resources/deployments/vmss_deploy_VzDU6pOK6JtObPLCQSl1j90CxvSatcEC","name":"vmss_deploy_VzDU6pOK6JtObPLCQSl1j90CxvSatcEC","type":"Microsoft.Resources/deployments","properties":{"templateHash":"1749498197059647645","parameters":{},"mode":"Incremental","provisioningState":"Accepted","timestamp":"2023-05-25T15:38:52.2616198Z","duration":"PT0.0001966S","correlationId":"8a47a046-8de9-40d5-b90a-57a9924d9d01","providers":[{"namespace":"Microsoft.Network","resourceTypes":[{"resourceType":"virtualNetworks","locations":["westus"]},{"resourceType":"publicIPAddresses","locations":["westus"]},{"resourceType":"loadBalancers","locations":["westus"]}]},{"namespace":"Microsoft.Compute","resourceTypes":[{"resourceType":"virtualMachineScaleSets","locations":["westus"]}]}],"dependencies":[{"dependsOn":[{"id":"/subscriptions/00000000-0000-0000-0000-000000000000/resourceGroups/cli_test_vmss_create_linux_secrets000001/providers/Microsoft.Network/virtualNetworks/vmss1-nameVNET","resourceType":"Microsoft.Network/virtualNetworks","resourceName":"vmss1-nameVNET"},{"id":"/subscriptions/00000000-0000-0000-0000-000000000000/resourceGroups/cli_test_vmss_create_linux_secrets000001/providers/Microsoft.Network/publicIPAddresses/vmss1-nameLBPublicIP","resourceType":"Microsoft.Network/publicIPAddresses","resourceName":"vmss1-nameLBPublicIP"}],"id":"/subscriptions/00000000-0000-0000-0000-000000000000/resourceGroups/cli_test_vmss_create_linux_secrets000001/providers/Microsoft.Network/loadBalancers/vmss1-nameLB","resourceType":"Microsoft.Network/loadBalancers","resourceName":"vmss1-nameLB"},{"dependsOn":[{"id":"/subscriptions/00000000-0000-0000-0000-000000000000/resourceGroups/cli_test_vmss_create_linux_secrets000001/providers/Microsoft.Network/virtualNetworks/vmss1-nameVNET","resourceType":"Microsoft.Network/virtualNetworks","resourceName":"vmss1-nameVNET"},{"id":"/subscriptions/00000000-0000-0000-0000-000000000000/resourceGroups/cli_test_vmss_create_linux_secrets000001/providers/Microsoft.Network/loadBalancers/vmss1-nameLB","resourceType":"Microsoft.Network/loadBalancers","resourceName":"vmss1-nameLB"}],"id":"/subscriptions/00000000-0000-0000-0000-000000000000/resourceGroups/cli_test_vmss_create_linux_secrets000001/providers/Microsoft.Compute/virtualMachineScaleSets/vmss1-name","resourceType":"Microsoft.Compute/virtualMachineScaleSets","resourceName":"vmss1-name"}]}}'
    headers:
      azure-asyncoperation:
      - https://management.azure.com/subscriptions/00000000-0000-0000-0000-000000000000/resourcegroups/cli_test_vmss_create_linux_secrets000001/providers/Microsoft.Resources/deployments/vmss_deploy_VzDU6pOK6JtObPLCQSl1j90CxvSatcEC/operationStatuses/08585165777544332861?api-version=2022-09-01
      cache-control:
      - no-cache
      content-length:
      - '2507'
      content-type:
      - application/json; charset=utf-8
      date:
      - Thu, 25 May 2023 15:38:52 GMT
      expires:
      - '-1'
      pragma:
      - no-cache
      strict-transport-security:
      - max-age=31536000; includeSubDomains
      x-content-type-options:
      - nosniff
      x-ms-ratelimit-remaining-subscription-writes:
      - '1197'
    status:
      code: 201
      message: Created
- request:
    body: null
    headers:
      Accept:
      - '*/*'
      Accept-Encoding:
      - gzip, deflate
      CommandName:
      - vmss create
      Connection:
      - keep-alive
      ParameterSetName:
      - -n -g --image --admin-username --ssh-key-value --secrets
      User-Agent:
      - AZURECLI/2.47.0 azsdk-python-azure-mgmt-resource/22.0.0 Python/3.10.11 (Linux-5.15.0-1036-azure-x86_64-with-glibc2.31)
        VSTS_7b238909-6802-4b65-b90d-184bca47f458_build_220_0
    method: GET
    uri: https://management.azure.com/subscriptions/00000000-0000-0000-0000-000000000000/resourcegroups/cli_test_vmss_create_linux_secrets000001/providers/Microsoft.Resources/deployments/mock-deployment/operationStatuses/08585165777544332861?api-version=2022-09-01
  response:
    body:
      string: '{"status":"Running"}'
    headers:
      cache-control:
      - no-cache
      content-length:
      - '20'
      content-type:
      - application/json; charset=utf-8
      date:
      - Thu, 25 May 2023 15:39:22 GMT
      expires:
      - '-1'
      pragma:
      - no-cache
      strict-transport-security:
      - max-age=31536000; includeSubDomains
      vary:
      - Accept-Encoding
      x-content-type-options:
      - nosniff
    status:
      code: 200
      message: OK
- request:
    body: null
    headers:
      Accept:
      - '*/*'
      Accept-Encoding:
      - gzip, deflate
      CommandName:
      - vmss create
      Connection:
      - keep-alive
      ParameterSetName:
      - -n -g --image --admin-username --ssh-key-value --secrets
      User-Agent:
      - AZURECLI/2.47.0 azsdk-python-azure-mgmt-resource/22.0.0 Python/3.10.11 (Linux-5.15.0-1036-azure-x86_64-with-glibc2.31)
        VSTS_7b238909-6802-4b65-b90d-184bca47f458_build_220_0
    method: GET
    uri: https://management.azure.com/subscriptions/00000000-0000-0000-0000-000000000000/resourcegroups/cli_test_vmss_create_linux_secrets000001/providers/Microsoft.Resources/deployments/mock-deployment/operationStatuses/08585165777544332861?api-version=2022-09-01
  response:
    body:
      string: '{"status":"Succeeded"}'
    headers:
      cache-control:
      - no-cache
      content-length:
      - '22'
      content-type:
      - application/json; charset=utf-8
      date:
      - Thu, 25 May 2023 15:39:53 GMT
      expires:
      - '-1'
      pragma:
      - no-cache
      strict-transport-security:
      - max-age=31536000; includeSubDomains
      vary:
      - Accept-Encoding
      x-content-type-options:
      - nosniff
    status:
      code: 200
      message: OK
- request:
    body: null
    headers:
      Accept:
      - '*/*'
      Accept-Encoding:
      - gzip, deflate
      CommandName:
      - vmss create
      Connection:
      - keep-alive
      ParameterSetName:
      - -n -g --image --admin-username --ssh-key-value --secrets
      User-Agent:
      - AZURECLI/2.47.0 azsdk-python-azure-mgmt-resource/22.0.0 Python/3.10.11 (Linux-5.15.0-1036-azure-x86_64-with-glibc2.31)
        VSTS_7b238909-6802-4b65-b90d-184bca47f458_build_220_0
    method: GET
    uri: https://management.azure.com/subscriptions/00000000-0000-0000-0000-000000000000/resourcegroups/cli_test_vmss_create_linux_secrets000001/providers/Microsoft.Resources/deployments/mock-deployment?api-version=2022-09-01
  response:
    body:
      string: '{"id":"/subscriptions/00000000-0000-0000-0000-000000000000/resourceGroups/cli_test_vmss_create_linux_secrets000001/providers/Microsoft.Resources/deployments/vmss_deploy_VzDU6pOK6JtObPLCQSl1j90CxvSatcEC","name":"vmss_deploy_VzDU6pOK6JtObPLCQSl1j90CxvSatcEC","type":"Microsoft.Resources/deployments","properties":{"templateHash":"1749498197059647645","parameters":{},"mode":"Incremental","provisioningState":"Succeeded","timestamp":"2023-05-25T15:39:46.8126859Z","duration":"PT54.5512627S","correlationId":"8a47a046-8de9-40d5-b90a-57a9924d9d01","providers":[{"namespace":"Microsoft.Network","resourceTypes":[{"resourceType":"virtualNetworks","locations":["westus"]},{"resourceType":"publicIPAddresses","locations":["westus"]},{"resourceType":"loadBalancers","locations":["westus"]}]},{"namespace":"Microsoft.Compute","resourceTypes":[{"resourceType":"virtualMachineScaleSets","locations":["westus"]}]}],"dependencies":[{"dependsOn":[{"id":"/subscriptions/00000000-0000-0000-0000-000000000000/resourceGroups/cli_test_vmss_create_linux_secrets000001/providers/Microsoft.Network/virtualNetworks/vmss1-nameVNET","resourceType":"Microsoft.Network/virtualNetworks","resourceName":"vmss1-nameVNET"},{"id":"/subscriptions/00000000-0000-0000-0000-000000000000/resourceGroups/cli_test_vmss_create_linux_secrets000001/providers/Microsoft.Network/publicIPAddresses/vmss1-nameLBPublicIP","resourceType":"Microsoft.Network/publicIPAddresses","resourceName":"vmss1-nameLBPublicIP"}],"id":"/subscriptions/00000000-0000-0000-0000-000000000000/resourceGroups/cli_test_vmss_create_linux_secrets000001/providers/Microsoft.Network/loadBalancers/vmss1-nameLB","resourceType":"Microsoft.Network/loadBalancers","resourceName":"vmss1-nameLB"},{"dependsOn":[{"id":"/subscriptions/00000000-0000-0000-0000-000000000000/resourceGroups/cli_test_vmss_create_linux_secrets000001/providers/Microsoft.Network/virtualNetworks/vmss1-nameVNET","resourceType":"Microsoft.Network/virtualNetworks","resourceName":"vmss1-nameVNET"},{"id":"/subscriptions/00000000-0000-0000-0000-000000000000/resourceGroups/cli_test_vmss_create_linux_secrets000001/providers/Microsoft.Network/loadBalancers/vmss1-nameLB","resourceType":"Microsoft.Network/loadBalancers","resourceName":"vmss1-nameLB"}],"id":"/subscriptions/00000000-0000-0000-0000-000000000000/resourceGroups/cli_test_vmss_create_linux_secrets000001/providers/Microsoft.Compute/virtualMachineScaleSets/vmss1-name","resourceType":"Microsoft.Compute/virtualMachineScaleSets","resourceName":"vmss1-name"}],"outputs":{"vmss":{"type":"Object","value":{"singlePlacementGroup":true,"orchestrationMode":"Uniform","upgradePolicy":{"mode":"Manual","rollingUpgradePolicy":{"maxBatchInstancePercent":20,"maxUnhealthyInstancePercent":20,"maxUnhealthyUpgradedInstancePercent":20,"pauseTimeBetweenBatches":"PT0S","maxSurge":false,"rollbackFailedInstancesOnPolicyBreach":false}},"virtualMachineProfile":{"osProfile":{"computerNamePrefix":"vmss1a8f9","adminUsername":"deploy","linuxConfiguration":{"disablePasswordAuthentication":true,"ssh":{"publicKeys":[{"path":"/home/deploy/.ssh/authorized_keys","keyData":"ssh-rsa
        AAAAB3NzaC1yc2EAAAADAQABAAACAQCbIg1guRHbI0lV11wWDt1r2cUdcNd27CJsg+SfgC7miZeubtwUhbsPdhMQsfDyhOWHq1+ZL0M+nJZV63d/1dhmhtgyOqejUwrPlzKhydsbrsdUor+JmNJDdW01v7BXHyuymT8G4s09jCasNOwiufbP/qp72ruu0bIA1nySsvlf9pCQAuFkAnVnf/rFhUlOkhtRpwcq8SUNY2zRHR/EKb/4NWY1JzR4sa3q2fWIJdrrX0DvLoa5g9bIEd4Df79ba7v+yiUBOS0zT2ll+z4g9izHK3EO5d8hL4jYxcjKs+wcslSYRWrascfscLgMlMGh0CdKeNTDjHpGPncaf3Z+FwwwjWeuiNBxv7bJo13/8B/098KlVDl4GZqsoBCEjPyJfV6hO0y/LkRGkk7oHWKgeWAfKtfLItRp00eZ4fcJNK9kCaSMmEugoZWcI7NGbZXzqFWqbpRI7NcDP9+WIQ+i9U5vqWsqd/zng4kbuAJ6UuKqIzB0upYrLShfQE3SAck8oaLhJqqq56VfDuASNpJKidV+zq27HfSBmbXnkR/5AK337dc3MXKJypoK/QPMLKUAP5XLPbs+NddJQV7EZXd29DLgp+fRIg3edpKdO7ZErWhv7d+3Kws+e1Y+ypmR2WIVSwVyBEUfgv2C8Ts9gnTF4pNcEY/S2aBicz5Ew2+jdyGNQQ==
        test@example.com\n"}]},"provisionVMAgent":true,"enableVMAgentPlatformUpdates":false},"secrets":[{"sourceVault":{"id":"/subscriptions/00000000-0000-0000-0000-000000000000/resourceGroups/cli_test_vmss_create_linux_secrets000001/providers/Microsoft.KeyVault/vaults/vmsslinuxkv000002"},"vaultCertificates":[{"certificateUrl":"https://vmsslinuxkv000002.vault.azure.net/secrets/cert1/fc0bd2e5b5794811adc7bba3b5e720c5"}]}],"allowExtensionOperations":true,"requireGuestProvisionSignal":true},"storageProfile":{"osDisk":{"osType":"Linux","createOption":"FromImage","caching":"ReadWrite","managedDisk":{"storageAccountType":"Premium_LRS"},"diskSizeGB":30},"imageReference":{"publisher":"Debian","offer":"debian-10","sku":"10","version":"latest"}},"networkProfile":{"networkInterfaceConfigurations":[{"name":"vmss1a8f9Nic","properties":{"primary":true,"disableTcpStateTracking":false,"dnsSettings":{"dnsServers":[]},"enableIPForwarding":false,"ipConfigurations":[{"name":"vmss1a8f9IPConfig","properties":{"subnet":{"id":"/subscriptions/00000000-0000-0000-0000-000000000000/resourceGroups/cli_test_vmss_create_linux_secrets000001/providers/Microsoft.Network/virtualNetworks/vmss1-nameVNET/subnets/vmss1-nameSubnet"},"privateIPAddressVersion":"IPv4","loadBalancerBackendAddressPools":[{"id":"/subscriptions/00000000-0000-0000-0000-000000000000/resourceGroups/cli_test_vmss_create_linux_secrets000001/providers/Microsoft.Network/loadBalancers/vmss1-nameLB/backendAddressPools/vmss1-nameLBBEPool"}],"loadBalancerInboundNatPools":[{"id":"/subscriptions/00000000-0000-0000-0000-000000000000/resourceGroups/cli_test_vmss_create_linux_secrets000001/providers/Microsoft.Network/loadBalancers/vmss1-nameLB/inboundNatPools/vmss1-nameLBNatPool"}]}}]}}]}},"provisioningState":"Succeeded","overprovision":true,"doNotRunExtensionsOnOverprovisionedVMs":false,"uniqueId":"6e7086f8-a8ee-4f89-adea-68dc84379f5e","timeCreated":"2023-05-25T15:39:00.3338017+00:00"}}},"outputResources":[{"id":"/subscriptions/00000000-0000-0000-0000-000000000000/resourceGroups/cli_test_vmss_create_linux_secrets000001/providers/Microsoft.Compute/virtualMachineScaleSets/vmss1-name"},{"id":"/subscriptions/00000000-0000-0000-0000-000000000000/resourceGroups/cli_test_vmss_create_linux_secrets000001/providers/Microsoft.Network/loadBalancers/vmss1-nameLB"},{"id":"/subscriptions/00000000-0000-0000-0000-000000000000/resourceGroups/cli_test_vmss_create_linux_secrets000001/providers/Microsoft.Network/publicIPAddresses/vmss1-nameLBPublicIP"},{"id":"/subscriptions/00000000-0000-0000-0000-000000000000/resourceGroups/cli_test_vmss_create_linux_secrets000001/providers/Microsoft.Network/virtualNetworks/vmss1-nameVNET"}]}}'
    headers:
      cache-control:
      - no-cache
      content-length:
      - '6492'
      content-type:
      - application/json; charset=utf-8
      date:
      - Thu, 25 May 2023 15:39:53 GMT
      expires:
      - '-1'
      pragma:
      - no-cache
      strict-transport-security:
      - max-age=31536000; includeSubDomains
      vary:
      - Accept-Encoding
      x-content-type-options:
      - nosniff
    status:
      code: 200
      message: OK
- request:
    body: null
    headers:
      Accept:
      - application/json
      Accept-Encoding:
      - gzip, deflate
      CommandName:
      - vmss show
      Connection:
      - keep-alive
      ParameterSetName:
      - -n -g
      User-Agent:
      - AZURECLI/2.47.0 azsdk-python-azure-mgmt-compute/29.1.0 Python/3.10.11 (Linux-5.15.0-1036-azure-x86_64-with-glibc2.31)
        VSTS_7b238909-6802-4b65-b90d-184bca47f458_build_220_0
    method: GET
    uri: https://management.azure.com/subscriptions/00000000-0000-0000-0000-000000000000/resourceGroups/cli_test_vmss_create_linux_secrets000001/providers/Microsoft.Compute/virtualMachineScaleSets/vmss1-name?api-version=2022-11-01
  response:
    body:
      string: "{\r\n  \"name\": \"vmss1-name\",\r\n  \"id\": \"/subscriptions/00000000-0000-0000-0000-000000000000/resourceGroups/cli_test_vmss_create_linux_secrets000001/providers/Microsoft.Compute/virtualMachineScaleSets/vmss1-name\",\r\n
        \ \"type\": \"Microsoft.Compute/virtualMachineScaleSets\",\r\n  \"location\":
        \"westus\",\r\n  \"tags\": {},\r\n  \"sku\": {\r\n    \"name\": \"Standard_DS1_v2\",\r\n
        \   \"tier\": \"Standard\",\r\n    \"capacity\": 2\r\n  },\r\n  \"properties\":
        {\r\n    \"singlePlacementGroup\": true,\r\n    \"orchestrationMode\": \"Uniform\",\r\n
        \   \"upgradePolicy\": {\r\n      \"mode\": \"Manual\",\r\n      \"rollingUpgradePolicy\":
        {\r\n        \"maxBatchInstancePercent\": 20,\r\n        \"maxUnhealthyInstancePercent\":
        20,\r\n        \"maxUnhealthyUpgradedInstancePercent\": 20,\r\n        \"pauseTimeBetweenBatches\":
        \"PT0S\",\r\n        \"maxSurge\": false,\r\n        \"rollbackFailedInstancesOnPolicyBreach\":
        false\r\n      }\r\n    },\r\n    \"virtualMachineProfile\": {\r\n      \"osProfile\":
        {\r\n        \"computerNamePrefix\": \"vmss1a8f9\",\r\n        \"adminUsername\":
        \"deploy\",\r\n        \"linuxConfiguration\": {\r\n          \"disablePasswordAuthentication\":
        true,\r\n          \"ssh\": {\r\n            \"publicKeys\": [\r\n              {\r\n
        \               \"path\": \"/home/deploy/.ssh/authorized_keys\",\r\n                \"keyData\":
        \"ssh-rsa AAAAB3NzaC1yc2EAAAADAQABAAACAQCbIg1guRHbI0lV11wWDt1r2cUdcNd27CJsg+SfgC7miZeubtwUhbsPdhMQsfDyhOWHq1+ZL0M+nJZV63d/1dhmhtgyOqejUwrPlzKhydsbrsdUor+JmNJDdW01v7BXHyuymT8G4s09jCasNOwiufbP/qp72ruu0bIA1nySsvlf9pCQAuFkAnVnf/rFhUlOkhtRpwcq8SUNY2zRHR/EKb/4NWY1JzR4sa3q2fWIJdrrX0DvLoa5g9bIEd4Df79ba7v+yiUBOS0zT2ll+z4g9izHK3EO5d8hL4jYxcjKs+wcslSYRWrascfscLgMlMGh0CdKeNTDjHpGPncaf3Z+FwwwjWeuiNBxv7bJo13/8B/098KlVDl4GZqsoBCEjPyJfV6hO0y/LkRGkk7oHWKgeWAfKtfLItRp00eZ4fcJNK9kCaSMmEugoZWcI7NGbZXzqFWqbpRI7NcDP9+WIQ+i9U5vqWsqd/zng4kbuAJ6UuKqIzB0upYrLShfQE3SAck8oaLhJqqq56VfDuASNpJKidV+zq27HfSBmbXnkR/5AK337dc3MXKJypoK/QPMLKUAP5XLPbs+NddJQV7EZXd29DLgp+fRIg3edpKdO7ZErWhv7d+3Kws+e1Y+ypmR2WIVSwVyBEUfgv2C8Ts9gnTF4pNcEY/S2aBicz5Ew2+jdyGNQQ==
        test@example.com\\n\"\r\n              }\r\n            ]\r\n          },\r\n
        \         \"provisionVMAgent\": true,\r\n          \"enableVMAgentPlatformUpdates\":
        false\r\n        },\r\n        \"secrets\": [\r\n          {\r\n            \"sourceVault\":
        {\r\n              \"id\": \"/subscriptions/00000000-0000-0000-0000-000000000000/resourceGroups/cli_test_vmss_create_linux_secrets000001/providers/Microsoft.KeyVault/vaults/vmsslinuxkv000002\"\r\n
        \           },\r\n            \"vaultCertificates\": [\r\n              {\r\n
        \               \"certificateUrl\": \"https://vmsslinuxkv000002.vault.azure.net/secrets/cert1/fc0bd2e5b5794811adc7bba3b5e720c5\"\r\n
        \             }\r\n            ]\r\n          }\r\n        ],\r\n        \"allowExtensionOperations\":
        true,\r\n        \"requireGuestProvisionSignal\": true\r\n      },\r\n      \"storageProfile\":
        {\r\n        \"osDisk\": {\r\n          \"osType\": \"Linux\",\r\n          \"createOption\":
        \"FromImage\",\r\n          \"caching\": \"ReadWrite\",\r\n          \"managedDisk\":
        {\r\n            \"storageAccountType\": \"Premium_LRS\"\r\n          },\r\n
        \         \"diskSizeGB\": 30\r\n        },\r\n        \"imageReference\":
        {\r\n          \"publisher\": \"Debian\",\r\n          \"offer\": \"debian-10\",\r\n
        \         \"sku\": \"10\",\r\n          \"version\": \"latest\"\r\n        }\r\n
        \     },\r\n      \"networkProfile\": {\"networkInterfaceConfigurations\":[{\"name\":\"vmss1a8f9Nic\",\"properties\":{\"primary\":true,\"disableTcpStateTracking\":false,\"dnsSettings\":{\"dnsServers\":[]},\"enableIPForwarding\":false,\"ipConfigurations\":[{\"name\":\"vmss1a8f9IPConfig\",\"properties\":{\"subnet\":{\"id\":\"/subscriptions/00000000-0000-0000-0000-000000000000/resourceGroups/cli_test_vmss_create_linux_secrets000001/providers/Microsoft.Network/virtualNetworks/vmss1-nameVNET/subnets/vmss1-nameSubnet\"},\"privateIPAddressVersion\":\"IPv4\",\"loadBalancerBackendAddressPools\":[{\"id\":\"/subscriptions/00000000-0000-0000-0000-000000000000/resourceGroups/cli_test_vmss_create_linux_secrets000001/providers/Microsoft.Network/loadBalancers/vmss1-nameLB/backendAddressPools/vmss1-nameLBBEPool\"}],\"loadBalancerInboundNatPools\":[{\"id\":\"/subscriptions/00000000-0000-0000-0000-000000000000/resourceGroups/cli_test_vmss_create_linux_secrets000001/providers/Microsoft.Network/loadBalancers/vmss1-nameLB/inboundNatPools/vmss1-nameLBNatPool\"}]}}]}}]}\r\n
        \   },\r\n    \"provisioningState\": \"Succeeded\",\r\n    \"overprovision\":
        true,\r\n    \"doNotRunExtensionsOnOverprovisionedVMs\": false,\r\n    \"uniqueId\":
        \"6e7086f8-a8ee-4f89-adea-68dc84379f5e\",\r\n    \"timeCreated\": \"2023-05-25T15:39:00.3338017+00:00\"\r\n
        \ }\r\n}"
    headers:
      cache-control:
      - no-cache
      content-length:
      - '4424'
      content-type:
      - application/json; charset=utf-8
      date:
      - Thu, 25 May 2023 15:39:54 GMT
      expires:
      - '-1'
      pragma:
      - no-cache
      server:
      - Microsoft-HTTPAPI/2.0
      - Microsoft-HTTPAPI/2.0
      strict-transport-security:
      - max-age=31536000; includeSubDomains
      x-content-type-options:
      - nosniff
      x-ms-ratelimit-remaining-resource:
      - Microsoft.Compute/GetVMScaleSet3Min;396,Microsoft.Compute/GetVMScaleSet30Min;2544
    status:
      code: 200
      message: OK
version: 1
