interactions:
- request:
    body: null
    headers:
      Accept:
      - application/json
      Accept-Encoding:
      - gzip, deflate
      CommandName:
      - vmss create
      Connection:
      - keep-alive
      ParameterSetName:
      - -g -n --location --instance-count --image --priority --lb-sku --eviction-policy
        --single-placement-group --enable-spot-restore --spot-restore-timeout --admin-username
        --orchestration-mode
      User-Agent:
      - AZURECLI/2.69.0 azsdk-python-core/1.31.0 Python/3.12.9 (Windows-10-10.0.19045-SP0)
    method: GET
    uri: https://management.azure.com/subscriptions/00000000-0000-0000-0000-000000000000/providers/Microsoft.Compute/locations/NorthEurope/publishers/OpenLogic/artifacttypes/vmimage/offers/CentOS/skus/7.5/versions?$top=1&$orderby=name%20desc&api-version=2024-07-01
  response:
    body:
      string: "[\r\n  {\r\n    \"location\": \"northeurope\",\r\n    \"name\": \"7.5.201808150\",\r\n
        \   \"id\": \"/Subscriptions/00000000-0000-0000-0000-000000000000/Providers/Microsoft.Compute/Locations/northeurope/Publishers/OpenLogic/ArtifactTypes/VMImage/Offers/CentOS/Skus/7.5/Versions/7.5.201808150\"\r\n
        \ }\r\n]"
    headers:
      cache-control:
      - no-cache
      content-length:
      - '280'
      content-type:
      - application/json; charset=utf-8
      date:
      - Thu, 20 Feb 2025 18:04:00 GMT
      expires:
      - '-1'
      pragma:
      - no-cache
      server:
      - Microsoft-HTTPAPI/2.0
      - Microsoft-HTTPAPI/2.0
      strict-transport-security:
      - max-age=31536000; includeSubDomains
      x-content-type-options:
      - nosniff
      x-ms-operation-identifier:
      - tenantId=54826b22-38d6-4fb2-bad9-b7b93a3e9c5a,objectId=a7250e3a-0e5e-48e2-9a34-45f1f5e1a91e/eastus2euap/21373f50-d71f-44ea-b2ed-27e8aef1758b
      x-ms-ratelimit-remaining-resource:
      - Microsoft.Compute/ListVMImagesVersionsFromLocation3Min;15999,Microsoft.Compute/ListVMImagesVersionsFromLocation30Min;43999
      x-ms-ratelimit-remaining-subscription-global-reads:
      - '3749'
    status:
      code: 200
      message: OK
- request:
    body: null
    headers:
      Accept:
      - application/json
      Accept-Encoding:
      - gzip, deflate
      CommandName:
      - vmss create
      Connection:
      - keep-alive
      ParameterSetName:
      - -g -n --location --instance-count --image --priority --lb-sku --eviction-policy
        --single-placement-group --enable-spot-restore --spot-restore-timeout --admin-username
        --orchestration-mode
      User-Agent:
      - AZURECLI/2.69.0 azsdk-python-core/1.31.0 Python/3.12.9 (Windows-10-10.0.19045-SP0)
    method: GET
    uri: https://management.azure.com/subscriptions/00000000-0000-0000-0000-000000000000/providers/Microsoft.Compute/locations/NorthEurope/publishers/OpenLogic/artifacttypes/vmimage/offers/CentOS/skus/7.5/versions/7.5.201808150?api-version=2024-07-01
  response:
    body:
      string: "{\r\n  \"properties\": {\r\n    \"hyperVGeneration\": \"V1\",\r\n    \"architecture\":
        \"x64\",\r\n    \"replicaType\": \"Unmanaged\",\r\n    \"disallowed\": {\r\n
        \     \"vmDiskType\": \"None\"\r\n    },\r\n    \"automaticOSUpgradeProperties\":
        {\r\n      \"automaticOSUpgradeSupported\": true\r\n    },\r\n    \"imageDeprecationStatus\":
        {\r\n      \"imageState\": \"Active\"\r\n    },\r\n    \"osDiskImage\": {\r\n
        \     \"operatingSystem\": \"Linux\",\r\n      \"sizeInBytes\": 32212255232\r\n
        \   },\r\n    \"dataDiskImages\": []\r\n  },\r\n  \"location\": \"northeurope\",\r\n
        \ \"name\": \"7.5.201808150\",\r\n  \"id\": \"/Subscriptions/00000000-0000-0000-0000-000000000000/Providers/Microsoft.Compute/Locations/northeurope/Publishers/OpenLogic/ArtifactTypes/VMImage/Offers/CentOS/Skus/7.5/Versions/7.5.201808150\"\r\n}"
    headers:
      cache-control:
      - no-cache
      content-length:
      - '724'
      content-type:
      - application/json; charset=utf-8
      date:
      - Thu, 20 Feb 2025 18:04:01 GMT
      expires:
      - '-1'
      pragma:
      - no-cache
      server:
      - Microsoft-HTTPAPI/2.0
      - Microsoft-HTTPAPI/2.0
      strict-transport-security:
      - max-age=31536000; includeSubDomains
      x-content-type-options:
      - nosniff
      x-ms-operation-identifier:
      - tenantId=54826b22-38d6-4fb2-bad9-b7b93a3e9c5a,objectId=a7250e3a-0e5e-48e2-9a34-45f1f5e1a91e/eastus2euap/4b10bb31-2c93-4da7-9c62-c62145f40f47
      x-ms-ratelimit-remaining-resource:
      - Microsoft.Compute/GetVMImageFromLocation3Min;12999,Microsoft.Compute/GetVMImageFromLocation30Min;73999
      x-ms-ratelimit-remaining-subscription-global-reads:
      - '3749'
    status:
      code: 200
      message: OK
- request:
    body: null
    headers:
      Accept:
      - application/json
      Accept-Encoding:
      - gzip, deflate
      CommandName:
      - vmss create
      Connection:
      - keep-alive
      ParameterSetName:
      - -g -n --location --instance-count --image --priority --lb-sku --eviction-policy
        --single-placement-group --enable-spot-restore --spot-restore-timeout --admin-username
        --orchestration-mode
      User-Agent:
      - AZURECLI/2.69.0 azsdk-python-core/1.31.0 Python/3.12.9 (Windows-10-10.0.19045-SP0)
    method: GET
    uri: https://management.azure.com/subscriptions/00000000-0000-0000-0000-000000000000/resourceGroups/cli_test_vmss_spot_restore000001/providers/Microsoft.Network/virtualNetworks?api-version=2022-01-01
  response:
    body:
      string: '{"value":[]}'
    headers:
      cache-control:
      - no-cache
      content-length:
      - '12'
      content-type:
      - application/json; charset=utf-8
      date:
      - Thu, 20 Feb 2025 18:04:04 GMT
      expires:
      - '-1'
      pragma:
      - no-cache
      strict-transport-security:
      - max-age=31536000; includeSubDomains
      x-content-type-options:
      - nosniff
      x-ms-ratelimit-remaining-subscription-global-reads:
      - '3749'
    status:
      code: 200
      message: OK
- request:
    body: null
    headers:
      Accept:
      - application/json
      Accept-Encoding:
      - gzip, deflate
      CommandName:
      - vmss create
      Connection:
      - keep-alive
      ParameterSetName:
      - -g -n --location --instance-count --image --priority --lb-sku --eviction-policy
        --single-placement-group --enable-spot-restore --spot-restore-timeout --admin-username
        --orchestration-mode
      User-Agent:
      - AZURECLI/2.69.0 azsdk-python-core/1.31.0 Python/3.12.9 (Windows-10-10.0.19045-SP0)
    method: GET
    uri: https://management.azure.com/subscriptions/00000000-0000-0000-0000-000000000000/providers/Microsoft.Compute/locations/NorthEurope/publishers/OpenLogic/artifacttypes/vmimage/offers/CentOS/skus/7.5/versions?$top=1&$orderby=name%20desc&api-version=2024-07-01
  response:
    body:
      string: "[\r\n  {\r\n    \"location\": \"northeurope\",\r\n    \"name\": \"7.5.201808150\",\r\n
        \   \"id\": \"/Subscriptions/00000000-0000-0000-0000-000000000000/Providers/Microsoft.Compute/Locations/northeurope/Publishers/OpenLogic/ArtifactTypes/VMImage/Offers/CentOS/Skus/7.5/Versions/7.5.201808150\"\r\n
        \ }\r\n]"
    headers:
      cache-control:
      - no-cache
      content-length:
      - '280'
      content-type:
      - application/json; charset=utf-8
      date:
      - Thu, 20 Feb 2025 18:04:06 GMT
      expires:
      - '-1'
      pragma:
      - no-cache
      server:
      - Microsoft-HTTPAPI/2.0
      - Microsoft-HTTPAPI/2.0
      strict-transport-security:
      - max-age=31536000; includeSubDomains
      x-content-type-options:
      - nosniff
      x-ms-operation-identifier:
      - tenantId=54826b22-38d6-4fb2-bad9-b7b93a3e9c5a,objectId=a7250e3a-0e5e-48e2-9a34-45f1f5e1a91e/eastus2euap/cd6e8b18-d942-4ffe-ad40-b6dc4ca406de
      x-ms-ratelimit-remaining-resource:
      - Microsoft.Compute/ListVMImagesVersionsFromLocation3Min;15998,Microsoft.Compute/ListVMImagesVersionsFromLocation30Min;43998
      x-ms-ratelimit-remaining-subscription-global-reads:
      - '3749'
    status:
      code: 200
      message: OK
- request:
    body: null
    headers:
      Accept:
      - application/json
      Accept-Encoding:
      - gzip, deflate
      CommandName:
      - vmss create
      Connection:
      - keep-alive
      ParameterSetName:
      - -g -n --location --instance-count --image --priority --lb-sku --eviction-policy
        --single-placement-group --enable-spot-restore --spot-restore-timeout --admin-username
        --orchestration-mode
      User-Agent:
      - AZURECLI/2.69.0 azsdk-python-core/1.31.0 Python/3.12.9 (Windows-10-10.0.19045-SP0)
    method: GET
    uri: https://management.azure.com/subscriptions/00000000-0000-0000-0000-000000000000/providers/Microsoft.Compute/locations/NorthEurope/publishers/OpenLogic/artifacttypes/vmimage/offers/CentOS/skus/7.5/versions/7.5.201808150?api-version=2024-07-01
  response:
    body:
      string: "{\r\n  \"properties\": {\r\n    \"hyperVGeneration\": \"V1\",\r\n    \"architecture\":
        \"x64\",\r\n    \"replicaType\": \"Unmanaged\",\r\n    \"disallowed\": {\r\n
        \     \"vmDiskType\": \"None\"\r\n    },\r\n    \"automaticOSUpgradeProperties\":
        {\r\n      \"automaticOSUpgradeSupported\": true\r\n    },\r\n    \"imageDeprecationStatus\":
        {\r\n      \"imageState\": \"Active\"\r\n    },\r\n    \"osDiskImage\": {\r\n
        \     \"operatingSystem\": \"Linux\",\r\n      \"sizeInBytes\": 32212255232\r\n
        \   },\r\n    \"dataDiskImages\": []\r\n  },\r\n  \"location\": \"northeurope\",\r\n
        \ \"name\": \"7.5.201808150\",\r\n  \"id\": \"/Subscriptions/00000000-0000-0000-0000-000000000000/Providers/Microsoft.Compute/Locations/northeurope/Publishers/OpenLogic/ArtifactTypes/VMImage/Offers/CentOS/Skus/7.5/Versions/7.5.201808150\"\r\n}"
    headers:
      cache-control:
      - no-cache
      content-length:
      - '724'
      content-type:
      - application/json; charset=utf-8
      date:
      - Thu, 20 Feb 2025 18:04:08 GMT
      expires:
      - '-1'
      pragma:
      - no-cache
      server:
      - Microsoft-HTTPAPI/2.0
      - Microsoft-HTTPAPI/2.0
      strict-transport-security:
      - max-age=31536000; includeSubDomains
      x-content-type-options:
      - nosniff
      x-ms-operation-identifier:
      - tenantId=54826b22-38d6-4fb2-bad9-b7b93a3e9c5a,objectId=a7250e3a-0e5e-48e2-9a34-45f1f5e1a91e/eastus2euap/d50737e5-e586-4a19-bd01-b0eeb48b39c8
      x-ms-ratelimit-remaining-resource:
      - Microsoft.Compute/GetVMImageFromLocation3Min;12998,Microsoft.Compute/GetVMImageFromLocation30Min;73998
      x-ms-ratelimit-remaining-subscription-global-reads:
      - '3749'
    status:
      code: 200
      message: OK
- request:
    body: null
    headers:
      Accept:
      - application/json
      Accept-Encoding:
      - gzip, deflate
      CommandName:
      - vmss create
      Connection:
      - keep-alive
      ParameterSetName:
      - -g -n --location --instance-count --image --priority --lb-sku --eviction-policy
        --single-placement-group --enable-spot-restore --spot-restore-timeout --admin-username
        --orchestration-mode
      User-Agent:
      - AZURECLI/2.69.0 azsdk-python-core/1.31.0 Python/3.12.9 (Windows-10-10.0.19045-SP0)
    method: GET
    uri: https://management.azure.com/subscriptions/00000000-0000-0000-0000-000000000000/providers/Microsoft.Compute/locations/NorthEurope/publishers/OpenLogic/artifacttypes/vmimage/offers/CentOS/skus/7.5/versions?$top=1&$orderby=name%20desc&api-version=2024-07-01
  response:
    body:
      string: "[\r\n  {\r\n    \"location\": \"northeurope\",\r\n    \"name\": \"7.5.201808150\",\r\n
        \   \"id\": \"/Subscriptions/00000000-0000-0000-0000-000000000000/Providers/Microsoft.Compute/Locations/northeurope/Publishers/OpenLogic/ArtifactTypes/VMImage/Offers/CentOS/Skus/7.5/Versions/7.5.201808150\"\r\n
        \ }\r\n]"
    headers:
      cache-control:
      - no-cache
      content-length:
      - '280'
      content-type:
      - application/json; charset=utf-8
      date:
      - Thu, 20 Feb 2025 18:04:09 GMT
      expires:
      - '-1'
      pragma:
      - no-cache
      server:
      - Microsoft-HTTPAPI/2.0
      - Microsoft-HTTPAPI/2.0
      strict-transport-security:
      - max-age=31536000; includeSubDomains
      x-content-type-options:
      - nosniff
      x-ms-operation-identifier:
      - tenantId=54826b22-38d6-4fb2-bad9-b7b93a3e9c5a,objectId=a7250e3a-0e5e-48e2-9a34-45f1f5e1a91e/eastus2euap/8a1bf050-9c07-4f6f-b619-349c996615f6
      x-ms-ratelimit-remaining-resource:
      - Microsoft.Compute/ListVMImagesVersionsFromLocation3Min;15997,Microsoft.Compute/ListVMImagesVersionsFromLocation30Min;43997
      x-ms-ratelimit-remaining-subscription-global-reads:
      - '3749'
    status:
      code: 200
      message: OK
- request:
    body: null
    headers:
      Accept:
      - application/json
      Accept-Encoding:
      - gzip, deflate
      CommandName:
      - vmss create
      Connection:
      - keep-alive
      ParameterSetName:
      - -g -n --location --instance-count --image --priority --lb-sku --eviction-policy
        --single-placement-group --enable-spot-restore --spot-restore-timeout --admin-username
        --orchestration-mode
      User-Agent:
      - AZURECLI/2.69.0 azsdk-python-core/1.31.0 Python/3.12.9 (Windows-10-10.0.19045-SP0)
    method: GET
    uri: https://management.azure.com/subscriptions/00000000-0000-0000-0000-000000000000/providers/Microsoft.Compute/locations/NorthEurope/publishers/OpenLogic/artifacttypes/vmimage/offers/CentOS/skus/7.5/versions/7.5.201808150?api-version=2024-07-01
  response:
    body:
      string: "{\r\n  \"properties\": {\r\n    \"hyperVGeneration\": \"V1\",\r\n    \"architecture\":
        \"x64\",\r\n    \"replicaType\": \"Unmanaged\",\r\n    \"disallowed\": {\r\n
        \     \"vmDiskType\": \"None\"\r\n    },\r\n    \"automaticOSUpgradeProperties\":
        {\r\n      \"automaticOSUpgradeSupported\": true\r\n    },\r\n    \"imageDeprecationStatus\":
        {\r\n      \"imageState\": \"Active\"\r\n    },\r\n    \"osDiskImage\": {\r\n
        \     \"operatingSystem\": \"Linux\",\r\n      \"sizeInBytes\": 32212255232\r\n
        \   },\r\n    \"dataDiskImages\": []\r\n  },\r\n  \"location\": \"northeurope\",\r\n
        \ \"name\": \"7.5.201808150\",\r\n  \"id\": \"/Subscriptions/00000000-0000-0000-0000-000000000000/Providers/Microsoft.Compute/Locations/northeurope/Publishers/OpenLogic/ArtifactTypes/VMImage/Offers/CentOS/Skus/7.5/Versions/7.5.201808150\"\r\n}"
    headers:
      cache-control:
      - no-cache
      content-length:
      - '724'
      content-type:
      - application/json; charset=utf-8
      date:
      - Thu, 20 Feb 2025 18:04:11 GMT
      expires:
      - '-1'
      pragma:
      - no-cache
      server:
      - Microsoft-HTTPAPI/2.0
      - Microsoft-HTTPAPI/2.0
      strict-transport-security:
      - max-age=31536000; includeSubDomains
      x-content-type-options:
      - nosniff
      x-ms-operation-identifier:
      - tenantId=54826b22-38d6-4fb2-bad9-b7b93a3e9c5a,objectId=a7250e3a-0e5e-48e2-9a34-45f1f5e1a91e/eastus2euap/8631e9cd-eedf-400d-8f0b-bf802f86cc1b
      x-ms-ratelimit-remaining-resource:
      - Microsoft.Compute/GetVMImageFromLocation3Min;12997,Microsoft.Compute/GetVMImageFromLocation30Min;73997
      x-ms-ratelimit-remaining-subscription-global-reads:
      - '3748'
    status:
      code: 200
      message: OK
- request:
    body: '{"properties": {"template": {"$schema": "https://schema.management.azure.com/schemas/2015-01-01/deploymentTemplate.json#",
      "contentVersion": "1.0.0.0", "parameters": {}, "variables": {}, "resources":
      [{"name": "vmss-spot1VNET", "type": "Microsoft.Network/virtualNetworks", "location":
      "NorthEurope", "apiVersion": "2015-06-15", "dependsOn": [], "tags": {}, "properties":
      {"addressSpace": {"addressPrefixes": ["10.0.0.0/16"]}, "subnets": [{"name":
      "vmss-spot1Subnet", "properties": {"addressPrefix": "10.0.0.0/24"}}]}}, {"apiVersion":
      "2022-01-01", "type": "Microsoft.Network/publicIPAddresses", "name": "vmss-spot1LBPublicIP",
      "location": "NorthEurope", "tags": {}, "dependsOn": [], "properties": {"publicIPAllocationMethod":
      "Static"}, "sku": {"name": "Standard"}}, {"type": "Microsoft.Network/loadBalancers",
      "name": "vmss-spot1LB", "location": "NorthEurope", "tags": {}, "apiVersion":
      "2022-01-01", "dependsOn": ["Microsoft.Network/virtualNetworks/vmss-spot1VNET",
      "Microsoft.Network/publicIpAddresses/vmss-spot1LBPublicIP"], "properties": {"backendAddressPools":
      [{"name": "vmss-spot1LBBEPool"}], "frontendIPConfigurations": [{"name": "loadBalancerFrontEnd",
      "properties": {"publicIPAddress": {"id": "/subscriptions/00000000-0000-0000-0000-000000000000/resourceGroups/cli_test_vmss_spot_restore000001/providers/Microsoft.Network/publicIPAddresses/vmss-spot1LBPublicIP"}}}],
      "loadBalancingRules": [{"name": "LBRule", "properties": {"frontendIPConfiguration":
      {"id": "[concat(resourceId(''Microsoft.Network/loadBalancers'', ''vmss-spot1LB''),
      ''/frontendIPConfigurations/'', ''loadBalancerFrontEnd'')]"}, "backendAddressPool":
      {"id": "[concat(resourceId(''Microsoft.Network/loadBalancers'', ''vmss-spot1LB''),
      ''/backendAddressPools/'', ''vmss-spot1LBBEPool'')]"}, "protocol": "tcp", "frontendPort":
      80, "backendPort": 80, "enableFloatingIP": false, "idleTimeoutInMinutes": 5}}]},
      "sku": {"name": "Standard"}}, {"type": "Microsoft.Network/networkSecurityGroups",
      "name": "vmss-spot1NSG", "apiVersion": "2015-06-15", "location": "NorthEurope",
      "tags": {}, "dependsOn": [], "properties": {"securityRules": [{"name": "default-allow-ssh",
      "properties": {"protocol": "Tcp", "sourcePortRange": "*", "destinationPortRange":
      "22", "sourceAddressPrefix": "*", "destinationAddressPrefix": "*", "access":
      "Allow", "priority": 1000, "direction": "Inbound"}}]}}, {"type": "Microsoft.Network/loadBalancers/inboundNatRules",
      "apiVersion": "2022-01-01", "name": "vmss-spot1LB/NatRule", "location": "NorthEurope",
      "properties": {"frontendIPConfiguration": {"id": "[concat(resourceId(''Microsoft.Network/loadBalancers'',
      ''vmss-spot1LB''), ''/frontendIPConfigurations/'', ''loadBalancerFrontEnd'')]"},
      "backendAddressPool": {"id": "[concat(resourceId(''Microsoft.Network/loadBalancers'',
      ''vmss-spot1LB''), ''/backendAddressPools/'', ''vmss-spot1LBBEPool'')]"}, "backendPort":
      22, "frontendPortRangeStart": "50000", "frontendPortRangeEnd": "50119", "protocol":
      "tcp", "idleTimeoutInMinutes": 5}, "dependsOn": ["[concat(''Microsoft.Network/loadBalancers/'',
      ''vmss-spot1LB'')]"]}, {"type": "Microsoft.Compute/virtualMachineScaleSets",
      "name": "vmss-spot1", "location": "NorthEurope", "tags": {}, "apiVersion": "2024-07-01",
      "dependsOn": ["Microsoft.Network/virtualNetworks/vmss-spot1VNET", "Microsoft.Network/loadBalancers/vmss-spot1LB",
      "Microsoft.Network/networkSecurityGroups/vmss-spot1NSG"], "properties": {"overprovision":
      true, "upgradePolicy": {"mode": "manual"}, "spotRestorePolicy": {"enabled":
      true, "restoreTimeout": "PT1H"}, "singlePlacementGroup": true, "virtualMachineProfile":
      {"storageProfile": {"osDisk": {"createOption": "FromImage", "caching": "ReadWrite",
      "managedDisk": {"storageAccountType": null}}, "imageReference": {"publisher":
      "OpenLogic", "offer": "CentOS", "sku": "7.5", "version": "latest"}}, "osProfile":
      {"computerNamePrefix": "vmsss031d", "adminUsername": "vmtest", "linuxConfiguration":
      {"disablePasswordAuthentication": true, "ssh": {"publicKeys": [{"path": "/home/vmtest/.ssh/authorized_keys",
      "keyData": "ssh-rsa AAAAB3NzaC1yc2EAAAADAQABAAABAQDy4KT6QZuyFbmWDdF/Vdc7B8PzU/TrgtnZNHofoVGpHUY9emsn6t3OhrT8y+he9stKP+CfcOEhR38Rn8gCJXdeo6VX3OyeCrkPMw+PZEj+TJi3Yp+N/BXritww+I8HFF+vihoKBPFP3DQSeq7VMQWGfFmf67Dm0r2F8CLvnqWPcrBx14GelF4vg3P3dDltHh9ZedEcNYA1b0+BcupL8249JVsv38oSMw3bTxTVzFzLY0KCgQno2HOt0VsZSvIp76UO4io4msPdmJm1NLIJ4s5YK6lHdnp8w+kuZi/pZyQx8GKbKjEqaxQaPDy5tHE5ohvIxqwZcewN7rlUJ3ZVYibd"}]}}},
      "priority": "Spot", "evictionPolicy": "Deallocate", "networkProfile": {"networkInterfaceConfigurations":
      [{"name": "vmsss031dNic", "properties": {"ipConfigurations": [{"name": "vmsss031dIPConfig",
      "properties": {"subnet": {"id": "/subscriptions/00000000-0000-0000-0000-000000000000/resourceGroups/cli_test_vmss_spot_restore000001/providers/Microsoft.Network/virtualNetworks/vmss-spot1VNET/subnets/vmss-spot1Subnet"},
      "loadBalancerBackendAddressPools": [{"id": "/subscriptions/00000000-0000-0000-0000-000000000000/resourceGroups/cli_test_vmss_spot_restore000001/providers/Microsoft.Network/loadBalancers/vmss-spot1LB/backendAddressPools/vmss-spot1LBBEPool"}]}}],
      "networkSecurityGroup": {"id": "[resourceId(''Microsoft.Network/networkSecurityGroups'',
      ''vmss-spot1NSG'')]"}, "primary": "true"}}]}}, "orchestrationMode": "Uniform"},
      "sku": {"name": "Standard_DS1_v2", "capacity": 2}}], "outputs": {"VMSS": {"type":
      "object", "value": "[reference(resourceId(''Microsoft.Compute/virtualMachineScaleSets'',
      ''vmss-spot1''),providers(''Microsoft.Compute'', ''virtualMachineScaleSets'').apiVersions[0])]"}}},
      "parameters": {}, "mode": "incremental"}}'
    headers:
      Accept:
      - application/json
      Accept-Encoding:
      - gzip, deflate
      CommandName:
      - vmss create
      Connection:
      - keep-alive
      Content-Length:
      - '5508'
      Content-Type:
      - application/json
      ParameterSetName:
      - -g -n --location --instance-count --image --priority --lb-sku --eviction-policy
        --single-placement-group --enable-spot-restore --spot-restore-timeout --admin-username
        --orchestration-mode
      User-Agent:
      - AZURECLI/2.69.0 azsdk-python-core/1.31.0 Python/3.12.9 (Windows-10-10.0.19045-SP0)
    method: PUT
    uri: https://management.azure.com/subscriptions/00000000-0000-0000-0000-000000000000/resourcegroups/cli_test_vmss_spot_restore000001/providers/Microsoft.Resources/deployments/mock-deployment?api-version=2022-09-01
  response:
    body:
      string: '{"error":{"code":"InvalidTemplateDeployment","message":"The template
        deployment failed because of policy violation. Please see details for more
        information.","details":[{"code":"RequestDisallowedByPolicy","target":"vmss-spot1NSG","message":"Resource
        ''vmss-spot1NSG'' was disallowed by policy. Policy identifiers: ''[{\"policyAssignment\":{\"name\":\"[AzCliTools][SFI-2.5.1]
        Disable all high risk inbound ports for Network Security Group\",\"id\":\"/subscriptions/00000000-0000-0000-0000-000000000000/providers/Microsoft.Authorization/policyAssignments/de132a2be8124ae2ad2819bd\"},\"policyDefinition\":{\"name\":\"[AzCliTools][SFI-2.5.1]
        Disable all high risk inbound ports for Network Security Group\",\"id\":\"/subscriptions/00000000-0000-0000-0000-000000000000/providers/Microsoft.Authorization/policyDefinitions/[AzCliTools][SFI-2.5.1]\",\"version\":\"1.0.0\"}}]''.","additionalInfo":[{"type":"PolicyViolation","info":{"evaluationDetails":{"evaluatedExpressions":[{"result":"True","expressionKind":"Field","expression":"type","path":"type","expressionValue":"Microsoft.Network/networkSecurityGroups","targetValue":"Microsoft.Network/networkSecurityGroups","operator":"Equals"},{"result":"True","expressionKind":"Count","expression":"Microsoft.Network/networkSecurityGroups/securityRules[*]","path":"properties.securityRules[*]","expressionValue":1,"targetValue":0,"operator":"Greater"}]},"policyDefinitionId":"/subscriptions/00000000-0000-0000-0000-000000000000/providers/Microsoft.Authorization/policyDefinitions/[AzCliTools][SFI-2.5.1]","policyDefinitionName":"[AzCliTools][SFI-2.5.1]","policyDefinitionDisplayName":"[AzCliTools][SFI-2.5.1]
        Disable all high risk inbound ports for Network Security Group","policyDefinitionVersion":"1.0.0","policyDefinitionEffect":"deny","policyAssignmentId":"/subscriptions/00000000-0000-0000-0000-000000000000/providers/Microsoft.Authorization/policyAssignments/de132a2be8124ae2ad2819bd","policyAssignmentName":"de132a2be8124ae2ad2819bd","policyAssignmentDisplayName":"[AzCliTools][SFI-2.5.1]
        Disable all high risk inbound ports for Network Security Group","policyAssignmentScope":"/subscriptions/00000000-0000-0000-0000-000000000000","policyAssignmentParameters":{},"policyExemptionIds":[],"policyEnrollmentIds":[]}}]}]}}'
    headers:
      cache-control:
      - no-cache
      content-length:
      - '2259'
      content-type:
      - application/json; charset=utf-8
      date:
      - Thu, 20 Feb 2025 18:04:16 GMT
      expires:
      - '-1'
      pragma:
      - no-cache
      strict-transport-security:
      - max-age=31536000; includeSubDomains
      x-content-type-options:
      - nosniff
      x-ms-failure-cause:
      - gateway
      x-ms-ratelimit-remaining-subscription-global-writes:
      - '2999'
      x-ms-ratelimit-remaining-subscription-writes:
      - '199'
    status:
      code: 400
      message: Bad Request
version: 1
