interactions:
- request:
    body: null
    headers:
      Accept:
      - '*/*'
      Accept-Encoding:
      - gzip, deflate
      Connection:
      - keep-alive
      User-Agent:
      - python-requests/2.26.0
    method: GET
    uri: https://raw.githubusercontent.com/Azure/azure-rest-api-specs/main/arm-compute/quickstart-templates/aliases.json
  response:
    body:
      string: "{\n  \"$schema\": \"http://schema.management.azure.com/schemas/2015-01-01/deploymentTemplate.json\",\n
        \ \"contentVersion\": \"1.0.0.0\",\n  \"parameters\": {},\n  \"variables\":
        {},\n  \"resources\": [],\n  \"outputs\": {\n    \"aliases\": {\n      \"type\":
        \"object\",\n      \"value\": {\n        \"Linux\": {\n          \"CentOS\":
        {\n            \"publisher\": \"OpenLogic\",\n            \"offer\": \"CentOS\",\n
        \           \"sku\": \"7.5\",\n            \"version\": \"latest\",\n            \"architecture\":
        \"x64\"\n          },\n          \"Debian\": {\n            \"publisher\":
        \"Debian\",\n            \"offer\": \"debian-10\",\n            \"sku\": \"10\",\n
        \           \"version\": \"latest\",\n            \"architecture\": \"x64\"\n
        \         },\n          \"Flatcar\": {\n            \"publisher\": \"kinvolk\",\n
        \           \"offer\": \"flatcar-container-linux-free\",\n            \"sku\":
        \"stable\",\n            \"version\": \"latest\",\n            \"architecture\":
        \"x64\"\n          },\n          \"openSUSE-Leap\": {\n            \"publisher\":
        \"SUSE\",\n            \"offer\": \"opensuse-leap-15-3\",\n            \"sku\":
        \"gen2\",\n            \"version\": \"latest\",\n            \"architecture\":
        \"x64\"\n          },\n          \"RHEL\": {\n            \"publisher\": \"RedHat\",\n
        \           \"offer\": \"RHEL\",\n            \"sku\": \"7-LVM\",\n            \"version\":
        \"latest\",\n            \"architecture\": \"x64\"\n          },\n          \"SLES\":
        {\n            \"publisher\": \"SUSE\",\n            \"offer\": \"sles-15-sp3\",\n
        \           \"sku\": \"gen2\",\n            \"version\": \"latest\",\n            \"architecture\":
        \"x64\"\n          },\n          \"UbuntuLTS\": {\n            \"publisher\":
        \"Canonical\",\n            \"offer\": \"UbuntuServer\",\n            \"sku\":
        \"18.04-LTS\",\n            \"version\": \"latest\",\n            \"architecture\":
        \"x64\"\n          }\n        },\n        \"Windows\": {\n          \"Win2022Datacenter\":
        {\n            \"publisher\": \"MicrosoftWindowsServer\",\n            \"offer\":
        \"WindowsServer\",\n            \"sku\": \"2022-Datacenter\",\n            \"version\":
        \"latest\",\n            \"architecture\": \"x64\"\n          },\n          \"Win2022AzureEditionCore\":
        {\n            \"publisher\": \"MicrosoftWindowsServer\",\n            \"offer\":
        \"WindowsServer\",\n            \"sku\": \"2022-datacenter-azure-edition-core\",\n
        \           \"version\": \"latest\",\n            \"architecture\": \"x64\"\n
        \         },\n          \"Win2019Datacenter\": {\n            \"publisher\":
        \"MicrosoftWindowsServer\",\n            \"offer\": \"WindowsServer\",\n            \"sku\":
        \"2019-Datacenter\",\n            \"version\": \"latest\",\n            \"architecture\":
        \"x64\"\n          },\n          \"Win2016Datacenter\": {\n            \"publisher\":
        \"MicrosoftWindowsServer\",\n            \"offer\": \"WindowsServer\",\n            \"sku\":
        \"2016-Datacenter\",\n            \"version\": \"latest\",\n            \"architecture\":
        \"x64\"\n          },\n          \"Win2012R2Datacenter\": {\n            \"publisher\":
        \"MicrosoftWindowsServer\",\n            \"offer\": \"WindowsServer\",\n            \"sku\":
        \"2012-R2-Datacenter\",\n            \"version\": \"latest\",\n            \"architecture\":
        \"x64\"\n          },\n          \"Win2012Datacenter\": {\n            \"publisher\":
        \"MicrosoftWindowsServer\",\n            \"offer\": \"WindowsServer\",\n            \"sku\":
        \"2012-Datacenter\",\n            \"version\": \"latest\",\n            \"architecture\":
        \"x64\"\n          },\n          \"Win2008R2SP1\": {\n            \"publisher\":
        \"MicrosoftWindowsServer\",\n            \"offer\": \"WindowsServer\",\n            \"sku\":
        \"2008-R2-SP1\",\n            \"version\": \"latest\",\n            \"architecture\":
        \"x64\"\n          }\n        }\n      }\n    }\n  }\n}"
    headers:
      accept-ranges:
      - bytes
      access-control-allow-origin:
      - '*'
      cache-control:
      - max-age=300
      connection:
      - keep-alive
      content-length:
      - '3463'
      content-security-policy:
      - default-src 'none'; style-src 'unsafe-inline'; sandbox
      content-type:
      - text/plain; charset=utf-8
      date:
      - Thu, 17 Nov 2022 08:01:12 GMT
      etag:
      - W/"41b202f4dc5098d126019dc00721a4c5e30df0c5196794514fadc3710ee2a5cb"
      expires:
      - Thu, 17 Nov 2022 08:06:12 GMT
      source-age:
      - '173'
      strict-transport-security:
      - max-age=31536000
      vary:
      - Authorization,Accept-Encoding,Origin
      via:
      - 1.1 varnish
      x-cache:
      - HIT
      x-cache-hits:
      - '1'
      x-content-type-options:
      - nosniff
      x-fastly-request-id:
      - 52bca1003afa03c2b8ca70f0dfeb042e852c46b5
      x-frame-options:
      - deny
      x-github-request-id:
      - 6280:14F6:2457D:3020C:6372B9F9
      x-served-by:
      - cache-qpg1228-QPG
      x-timer:
      - S1668672072.404395,VS0,VE1
      x-xss-protection:
      - 1; mode=block
    status:
      code: 200
      message: OK
- request:
    body: null
    headers:
      Accept:
      - application/json
      Accept-Encoding:
      - gzip, deflate
      CommandName:
      - vmss create
      Connection:
      - keep-alive
      ParameterSetName:
      - -g -n --admin-username --admin-password --image --storage-sku --data-disk-sizes-gb
        --zone --location --vm-sku --instance-count --lb
      User-Agent:
      - AZURECLI/2.42.0 (PIP) azsdk-python-azure-mgmt-compute/29.0.0 Python/3.8.9
        (Windows-10-10.0.22621-SP0)
    method: GET
    uri: https://management.azure.com/subscriptions/00000000-0000-0000-0000-000000000000/providers/Microsoft.Compute/locations/eastus/publishers/Debian/artifacttypes/vmimage/offers/debian-10/skus/10/versions?$top=1&$orderby=name%20desc&api-version=2022-08-01
  response:
    body:
      string: "[\r\n  {\r\n    \"location\": \"eastus\",\r\n    \"name\": \"0.20220911.1135\",\r\n
        \   \"id\": \"/Subscriptions/00000000-0000-0000-0000-000000000000/Providers/Microsoft.Compute/Locations/eastus/Publishers/Debian/ArtifactTypes/VMImage/Offers/debian-10/Skus/10/Versions/0.20220911.1135\"\r\n
        \ }\r\n]"
    headers:
      cache-control:
      - no-cache
      content-length:
      - '273'
      content-type:
      - application/json; charset=utf-8
      date:
      - Thu, 17 Nov 2022 08:01:13 GMT
      expires:
      - '-1'
      pragma:
      - no-cache
      server:
      - Microsoft-HTTPAPI/2.0
      - Microsoft-HTTPAPI/2.0
      strict-transport-security:
      - max-age=31536000; includeSubDomains
      transfer-encoding:
      - chunked
      vary:
      - Accept-Encoding
      x-content-type-options:
      - nosniff
      x-ms-ratelimit-remaining-resource:
      - Microsoft.Compute/ListVMImagesVersionsFromLocation3Min;15999,Microsoft.Compute/ListVMImagesVersionsFromLocation30Min;43993
    status:
      code: 200
      message: OK
- request:
    body: null
    headers:
      Accept:
      - application/json
      Accept-Encoding:
      - gzip, deflate
      CommandName:
      - vmss create
      Connection:
      - keep-alive
      ParameterSetName:
      - -g -n --admin-username --admin-password --image --storage-sku --data-disk-sizes-gb
        --zone --location --vm-sku --instance-count --lb
      User-Agent:
      - AZURECLI/2.42.0 (PIP) azsdk-python-azure-mgmt-compute/29.0.0 Python/3.8.9
        (Windows-10-10.0.22621-SP0)
    method: GET
    uri: https://management.azure.com/subscriptions/00000000-0000-0000-0000-000000000000/providers/Microsoft.Compute/locations/eastus/publishers/Debian/artifacttypes/vmimage/offers/debian-10/skus/10/versions/0.20220911.1135?api-version=2022-08-01
  response:
    body:
      string: "{\r\n  \"properties\": {\r\n    \"hyperVGeneration\": \"V1\",\r\n    \"architecture\":
        \"x64\",\r\n    \"replicaType\": \"Unmanaged\",\r\n    \"disallowed\": {\r\n
        \     \"vmDiskType\": \"None\"\r\n    },\r\n    \"automaticOSUpgradeProperties\":
        {\r\n      \"automaticOSUpgradeSupported\": false\r\n    },\r\n    \"imageDeprecationStatus\":
        {\r\n      \"imageState\": \"Active\"\r\n    },\r\n    \"features\": [\r\n
        \     {\r\n        \"name\": \"IsAcceleratedNetworkSupported\",\r\n        \"value\":
        \"True\"\r\n      },\r\n      {\r\n        \"name\": \"DiskControllerTypes\",\r\n
        \       \"value\": \"SCSI\"\r\n      },\r\n      {\r\n        \"name\": \"IsHibernateSupported\",\r\n
        \       \"value\": \"False\"\r\n      }\r\n    ],\r\n    \"osDiskImage\":
        {\r\n      \"operatingSystem\": \"Linux\",\r\n      \"sizeInGb\": 30,\r\n
        \     \"sizeInBytes\": 32212255232\r\n    },\r\n    \"dataDiskImages\": []\r\n
        \ },\r\n  \"location\": \"eastus\",\r\n  \"name\": \"0.20220911.1135\",\r\n
        \ \"id\": \"/Subscriptions/00000000-0000-0000-0000-000000000000/Providers/Microsoft.Compute/Locations/eastus/Publishers/Debian/ArtifactTypes/VMImage/Offers/debian-10/Skus/10/Versions/0.20220911.1135\"\r\n}"
    headers:
      cache-control:
      - no-cache
      content-length:
      - '1031'
      content-type:
      - application/json; charset=utf-8
      date:
      - Thu, 17 Nov 2022 08:01:14 GMT
      expires:
      - '-1'
      pragma:
      - no-cache
      server:
      - Microsoft-HTTPAPI/2.0
      - Microsoft-HTTPAPI/2.0
      strict-transport-security:
      - max-age=31536000; includeSubDomains
      transfer-encoding:
      - chunked
      vary:
      - Accept-Encoding
      x-content-type-options:
      - nosniff
      x-ms-ratelimit-remaining-resource:
      - Microsoft.Compute/GetVMImageFromLocation3Min;12999,Microsoft.Compute/GetVMImageFromLocation30Min;73993
    status:
      code: 200
      message: OK
- request:
    body: null
    headers:
      Accept:
      - application/json
      Accept-Encoding:
      - gzip, deflate
      CommandName:
      - vmss create
      Connection:
      - keep-alive
      ParameterSetName:
      - -g -n --admin-username --admin-password --image --storage-sku --data-disk-sizes-gb
        --zone --location --vm-sku --instance-count --lb
      User-Agent:
      - AZURECLI/2.42.0 (PIP) azsdk-python-azure-mgmt-network/21.0.1 Python/3.8.9
        (Windows-10-10.0.22621-SP0)
    method: GET
    uri: https://management.azure.com/subscriptions/00000000-0000-0000-0000-000000000000/resourceGroups/cli-test-ultrassd000001/providers/Microsoft.Network/virtualNetworks?api-version=2022-01-01
  response:
    body:
      string: '{"value":[]}'
    headers:
      cache-control:
      - no-cache
      content-length:
      - '12'
      content-type:
      - application/json; charset=utf-8
      date:
      - Thu, 17 Nov 2022 08:01:15 GMT
      expires:
      - '-1'
      pragma:
      - no-cache
      strict-transport-security:
      - max-age=31536000; includeSubDomains
      vary:
      - Accept-Encoding
      x-content-type-options:
      - nosniff
    status:
      code: 200
      message: OK
- request:
    body: null
    headers:
      Accept:
      - application/json
      Accept-Encoding:
      - gzip, deflate
      CommandName:
      - vmss create
      Connection:
      - keep-alive
      ParameterSetName:
      - -g -n --admin-username --admin-password --image --storage-sku --data-disk-sizes-gb
        --zone --location --vm-sku --instance-count --lb
      User-Agent:
      - AZURECLI/2.42.0 (PIP) azsdk-python-azure-mgmt-compute/29.0.0 Python/3.8.9
        (Windows-10-10.0.22621-SP0)
    method: GET
    uri: https://management.azure.com/subscriptions/00000000-0000-0000-0000-000000000000/providers/Microsoft.Compute/locations/eastus/publishers/Debian/artifacttypes/vmimage/offers/debian-10/skus/10/versions?$top=1&$orderby=name%20desc&api-version=2022-08-01
  response:
    body:
      string: "[\r\n  {\r\n    \"location\": \"eastus\",\r\n    \"name\": \"0.20220911.1135\",\r\n
        \   \"id\": \"/Subscriptions/00000000-0000-0000-0000-000000000000/Providers/Microsoft.Compute/Locations/eastus/Publishers/Debian/ArtifactTypes/VMImage/Offers/debian-10/Skus/10/Versions/0.20220911.1135\"\r\n
        \ }\r\n]"
    headers:
      cache-control:
      - no-cache
      content-length:
      - '273'
      content-type:
      - application/json; charset=utf-8
      date:
      - Thu, 17 Nov 2022 08:01:17 GMT
      expires:
      - '-1'
      pragma:
      - no-cache
      server:
      - Microsoft-HTTPAPI/2.0
      - Microsoft-HTTPAPI/2.0
      strict-transport-security:
      - max-age=31536000; includeSubDomains
      transfer-encoding:
      - chunked
      vary:
      - Accept-Encoding
      x-content-type-options:
      - nosniff
      x-ms-ratelimit-remaining-resource:
      - Microsoft.Compute/ListVMImagesVersionsFromLocation3Min;15998,Microsoft.Compute/ListVMImagesVersionsFromLocation30Min;43992
    status:
      code: 200
      message: OK
- request:
    body: null
    headers:
      Accept:
      - application/json
      Accept-Encoding:
      - gzip, deflate
      CommandName:
      - vmss create
      Connection:
      - keep-alive
      ParameterSetName:
      - -g -n --admin-username --admin-password --image --storage-sku --data-disk-sizes-gb
        --zone --location --vm-sku --instance-count --lb
      User-Agent:
      - AZURECLI/2.42.0 (PIP) azsdk-python-azure-mgmt-compute/29.0.0 Python/3.8.9
        (Windows-10-10.0.22621-SP0)
    method: GET
    uri: https://management.azure.com/subscriptions/00000000-0000-0000-0000-000000000000/providers/Microsoft.Compute/locations/eastus/publishers/Debian/artifacttypes/vmimage/offers/debian-10/skus/10/versions/0.20220911.1135?api-version=2022-08-01
  response:
    body:
      string: "{\r\n  \"properties\": {\r\n    \"hyperVGeneration\": \"V1\",\r\n    \"architecture\":
        \"x64\",\r\n    \"replicaType\": \"Unmanaged\",\r\n    \"disallowed\": {\r\n
        \     \"vmDiskType\": \"None\"\r\n    },\r\n    \"automaticOSUpgradeProperties\":
        {\r\n      \"automaticOSUpgradeSupported\": false\r\n    },\r\n    \"imageDeprecationStatus\":
        {\r\n      \"imageState\": \"Active\"\r\n    },\r\n    \"features\": [\r\n
        \     {\r\n        \"name\": \"IsAcceleratedNetworkSupported\",\r\n        \"value\":
        \"True\"\r\n      },\r\n      {\r\n        \"name\": \"DiskControllerTypes\",\r\n
        \       \"value\": \"SCSI\"\r\n      },\r\n      {\r\n        \"name\": \"IsHibernateSupported\",\r\n
        \       \"value\": \"False\"\r\n      }\r\n    ],\r\n    \"osDiskImage\":
        {\r\n      \"operatingSystem\": \"Linux\",\r\n      \"sizeInGb\": 30,\r\n
        \     \"sizeInBytes\": 32212255232\r\n    },\r\n    \"dataDiskImages\": []\r\n
        \ },\r\n  \"location\": \"eastus\",\r\n  \"name\": \"0.20220911.1135\",\r\n
        \ \"id\": \"/Subscriptions/00000000-0000-0000-0000-000000000000/Providers/Microsoft.Compute/Locations/eastus/Publishers/Debian/ArtifactTypes/VMImage/Offers/debian-10/Skus/10/Versions/0.20220911.1135\"\r\n}"
    headers:
      cache-control:
      - no-cache
      content-length:
      - '1031'
      content-type:
      - application/json; charset=utf-8
      date:
      - Thu, 17 Nov 2022 08:01:18 GMT
      expires:
      - '-1'
      pragma:
      - no-cache
      server:
      - Microsoft-HTTPAPI/2.0
      - Microsoft-HTTPAPI/2.0
      strict-transport-security:
      - max-age=31536000; includeSubDomains
      transfer-encoding:
      - chunked
      vary:
      - Accept-Encoding
      x-content-type-options:
      - nosniff
      x-ms-ratelimit-remaining-resource:
      - Microsoft.Compute/GetVMImageFromLocation3Min;12998,Microsoft.Compute/GetVMImageFromLocation30Min;73992
    status:
      code: 200
      message: OK
- request:
    body: '{"properties": {"template": {"$schema": "https://schema.management.azure.com/schemas/2015-01-01/deploymentTemplate.json#",
      "contentVersion": "1.0.0.0", "parameters": {"adminPassword": {"type": "securestring",
      "metadata": {"description": "Secure adminPassword"}}}, "variables": {}, "resources":
      [{"name": "vm-ultrassdVNET", "type": "Microsoft.Network/virtualNetworks", "location":
      "eastus", "apiVersion": "2015-06-15", "dependsOn": [], "tags": {}, "properties":
      {"addressSpace": {"addressPrefixes": ["10.0.0.0/16"]}, "subnets": [{"name":
      "vm-ultrassdSubnet", "properties": {"addressPrefix": "10.0.0.0/24"}}]}}, {"type":
      "Microsoft.Compute/virtualMachineScaleSets", "name": "vm-ultrassd", "location":
      "eastus", "tags": {}, "apiVersion": "2022-08-01", "dependsOn": ["Microsoft.Network/virtualNetworks/vm-ultrassdVNET"],
      "properties": {"overprovision": true, "upgradePolicy": {"mode": "manual", "rollingUpgradePolicy":
      {}}, "singlePlacementGroup": false, "additionalCapabilities": {"ultraSSDEnabled":
      true}, "virtualMachineProfile": {"storageProfile": {"osDisk": {"createOption":
      "FromImage", "caching": "ReadWrite", "managedDisk": {"storageAccountType": null}},
      "imageReference": {"publisher": "Debian", "offer": "debian-10", "sku": "10",
      "version": "latest"}, "dataDisks": [{"lun": 0, "managedDisk": {"storageAccountType":
      "UltraSSD_LRS"}, "createOption": "empty", "diskSizeGB": 4}]}, "osProfile": {"computerNamePrefix":
      "vmulte5bc", "adminUsername": "admin123", "adminPassword": "[parameters(''adminPassword'')]"},
      "networkProfile": {"networkInterfaceConfigurations": [{"name": "vmulte5bcNic",
      "properties": {"ipConfigurations": [{"name": "vmulte5bcIPConfig", "properties":
      {"subnet": {"id": "/subscriptions/00000000-0000-0000-0000-000000000000/resourceGroups/cli-test-ultrassd000001/providers/Microsoft.Network/virtualNetworks/vm-ultrassdVNET/subnets/vm-ultrassdSubnet"}}}],
      "primary": "true"}}]}}, "orchestrationMode": "Uniform"}, "sku": {"name": "Standard_D2s_v3",
      "capacity": 1}, "zones": ["2"]}], "outputs": {"VMSS": {"type": "object", "value":
      "[reference(resourceId(''Microsoft.Compute/virtualMachineScaleSets'', ''vm-ultrassd''),providers(''Microsoft.Compute'',
      ''virtualMachineScaleSets'').apiVersions[0])]"}}}, "parameters": {"adminPassword":
      {"value": "testPassword0"}}, "mode": "incremental"}}'
    headers:
      Accept:
      - application/json
      Accept-Encoding:
      - gzip, deflate
      CommandName:
      - vmss create
      Connection:
      - keep-alive
      Content-Length:
      - '2294'
      Content-Type:
      - application/json
      ParameterSetName:
      - -g -n --admin-username --admin-password --image --storage-sku --data-disk-sizes-gb
        --zone --location --vm-sku --instance-count --lb
      User-Agent:
      - AZURECLI/2.42.0 (PIP) azsdk-python-azure-mgmt-resource/21.1.0b1 Python/3.8.9
        (Windows-10-10.0.22621-SP0)
    method: PUT
    uri: https://management.azure.com/subscriptions/00000000-0000-0000-0000-000000000000/resourcegroups/cli-test-ultrassd000001/providers/Microsoft.Resources/deployments/mock-deployment?api-version=2021-04-01
  response:
    body:
      string: '{"id":"/subscriptions/00000000-0000-0000-0000-000000000000/resourceGroups/cli-test-ultrassd000001/providers/Microsoft.Resources/deployments/vmss_deploy_EL0kEifJcN2iux21jtFha6IlSPpyP0fA","name":"vmss_deploy_EL0kEifJcN2iux21jtFha6IlSPpyP0fA","type":"Microsoft.Resources/deployments","properties":{"templateHash":"6138708434627437478","parameters":{"adminPassword":{"type":"SecureString"}},"mode":"Incremental","provisioningState":"Accepted","timestamp":"2022-11-17T08:01:25.461779Z","duration":"PT0.0005513S","correlationId":"765b61be-0558-4119-a826-fb6cd61484b3","providers":[{"namespace":"Microsoft.Network","resourceTypes":[{"resourceType":"virtualNetworks","locations":["eastus"]}]},{"namespace":"Microsoft.Compute","resourceTypes":[{"resourceType":"virtualMachineScaleSets","locations":["eastus"]}]}],"dependencies":[{"dependsOn":[{"id":"/subscriptions/00000000-0000-0000-0000-000000000000/resourceGroups/cli-test-ultrassd000001/providers/Microsoft.Network/virtualNetworks/vm-ultrassdVNET","resourceType":"Microsoft.Network/virtualNetworks","resourceName":"vm-ultrassdVNET"}],"id":"/subscriptions/00000000-0000-0000-0000-000000000000/resourceGroups/cli-test-ultrassd000001/providers/Microsoft.Compute/virtualMachineScaleSets/vm-ultrassd","resourceType":"Microsoft.Compute/virtualMachineScaleSets","resourceName":"vm-ultrassd"}]}}'
    headers:
      azure-asyncoperation:
      - https://management.azure.com/subscriptions/00000000-0000-0000-0000-000000000000/resourcegroups/cli-test-ultrassd000001/providers/Microsoft.Resources/deployments/vmss_deploy_EL0kEifJcN2iux21jtFha6IlSPpyP0fA/operationStatuses/08585329348026392544?api-version=2021-04-01
      cache-control:
      - no-cache
      content-length:
      - '1332'
      content-type:
      - application/json; charset=utf-8
      date:
      - Thu, 17 Nov 2022 08:01:27 GMT
      expires:
      - '-1'
      pragma:
      - no-cache
      strict-transport-security:
      - max-age=31536000; includeSubDomains
      x-content-type-options:
      - nosniff
      x-ms-ratelimit-remaining-subscription-writes:
      - '1191'
    status:
      code: 201
      message: Created
- request:
    body: null
    headers:
      Accept:
      - '*/*'
      Accept-Encoding:
      - gzip, deflate
      CommandName:
      - vmss create
      Connection:
      - keep-alive
      ParameterSetName:
      - -g -n --admin-username --admin-password --image --storage-sku --data-disk-sizes-gb
        --zone --location --vm-sku --instance-count --lb
      User-Agent:
      - AZURECLI/2.42.0 (PIP) azsdk-python-azure-mgmt-resource/21.1.0b1 Python/3.8.9
        (Windows-10-10.0.22621-SP0)
    method: GET
    uri: https://management.azure.com/subscriptions/00000000-0000-0000-0000-000000000000/resourcegroups/cli-test-ultrassd000001/providers/Microsoft.Resources/deployments/mock-deployment/operationStatuses/08585329348026392544?api-version=2021-04-01
  response:
    body:
      string: '{"status":"Running"}'
    headers:
      cache-control:
      - no-cache
      content-length:
      - '20'
      content-type:
      - application/json; charset=utf-8
      date:
      - Thu, 17 Nov 2022 08:01:59 GMT
      expires:
      - '-1'
      pragma:
      - no-cache
      strict-transport-security:
      - max-age=31536000; includeSubDomains
      vary:
      - Accept-Encoding
      x-content-type-options:
      - nosniff
    status:
      code: 200
      message: OK
- request:
    body: null
    headers:
      Accept:
      - '*/*'
      Accept-Encoding:
      - gzip, deflate
      CommandName:
      - vmss create
      Connection:
      - keep-alive
      ParameterSetName:
      - -g -n --admin-username --admin-password --image --storage-sku --data-disk-sizes-gb
        --zone --location --vm-sku --instance-count --lb
      User-Agent:
      - AZURECLI/2.42.0 (PIP) azsdk-python-azure-mgmt-resource/21.1.0b1 Python/3.8.9
        (Windows-10-10.0.22621-SP0)
    method: GET
    uri: https://management.azure.com/subscriptions/00000000-0000-0000-0000-000000000000/resourcegroups/cli-test-ultrassd000001/providers/Microsoft.Resources/deployments/mock-deployment/operationStatuses/08585329348026392544?api-version=2021-04-01
  response:
    body:
      string: '{"status":"Succeeded"}'
    headers:
      cache-control:
      - no-cache
      content-length:
      - '22'
      content-type:
      - application/json; charset=utf-8
      date:
      - Thu, 17 Nov 2022 08:02:30 GMT
      expires:
      - '-1'
      pragma:
      - no-cache
      strict-transport-security:
      - max-age=31536000; includeSubDomains
      vary:
      - Accept-Encoding
      x-content-type-options:
      - nosniff
    status:
      code: 200
      message: OK
- request:
    body: null
    headers:
      Accept:
      - '*/*'
      Accept-Encoding:
      - gzip, deflate
      CommandName:
      - vmss create
      Connection:
      - keep-alive
      ParameterSetName:
      - -g -n --admin-username --admin-password --image --storage-sku --data-disk-sizes-gb
        --zone --location --vm-sku --instance-count --lb
      User-Agent:
      - AZURECLI/2.42.0 (PIP) azsdk-python-azure-mgmt-resource/21.1.0b1 Python/3.8.9
        (Windows-10-10.0.22621-SP0)
    method: GET
    uri: https://management.azure.com/subscriptions/00000000-0000-0000-0000-000000000000/resourcegroups/cli-test-ultrassd000001/providers/Microsoft.Resources/deployments/mock-deployment?api-version=2021-04-01
  response:
    body:
      string: '{"id":"/subscriptions/00000000-0000-0000-0000-000000000000/resourceGroups/cli-test-ultrassd000001/providers/Microsoft.Resources/deployments/vmss_deploy_EL0kEifJcN2iux21jtFha6IlSPpyP0fA","name":"vmss_deploy_EL0kEifJcN2iux21jtFha6IlSPpyP0fA","type":"Microsoft.Resources/deployments","properties":{"templateHash":"6138708434627437478","parameters":{"adminPassword":{"type":"SecureString"}},"mode":"Incremental","provisioningState":"Succeeded","timestamp":"2022-11-17T08:02:20.2791576Z","duration":"PT54.8179299S","correlationId":"765b61be-0558-4119-a826-fb6cd61484b3","providers":[{"namespace":"Microsoft.Network","resourceTypes":[{"resourceType":"virtualNetworks","locations":["eastus"]}]},{"namespace":"Microsoft.Compute","resourceTypes":[{"resourceType":"virtualMachineScaleSets","locations":["eastus"]}]}],"dependencies":[{"dependsOn":[{"id":"/subscriptions/00000000-0000-0000-0000-000000000000/resourceGroups/cli-test-ultrassd000001/providers/Microsoft.Network/virtualNetworks/vm-ultrassdVNET","resourceType":"Microsoft.Network/virtualNetworks","resourceName":"vm-ultrassdVNET"}],"id":"/subscriptions/00000000-0000-0000-0000-000000000000/resourceGroups/cli-test-ultrassd000001/providers/Microsoft.Compute/virtualMachineScaleSets/vm-ultrassd","resourceType":"Microsoft.Compute/virtualMachineScaleSets","resourceName":"vm-ultrassd"}],"outputs":{"vmss":{"type":"Object","value":{"singlePlacementGroup":false,"orchestrationMode":"Uniform","upgradePolicy":{"mode":"Manual","rollingUpgradePolicy":{"maxBatchInstancePercent":20,"maxUnhealthyInstancePercent":20,"maxUnhealthyUpgradedInstancePercent":20,"pauseTimeBetweenBatches":"PT0S"}},"virtualMachineProfile":{"osProfile":{"computerNamePrefix":"vmulte5bc","adminUsername":"admin123","linuxConfiguration":{"disablePasswordAuthentication":false,"provisionVMAgent":true,"enableVMAgentPlatformUpdates":false},"secrets":[],"allowExtensionOperations":true,"requireGuestProvisionSignal":true},"storageProfile":{"osDisk":{"osType":"Linux","createOption":"FromImage","caching":"ReadWrite","managedDisk":{"storageAccountType":"Premium_LRS"},"diskSizeGB":30},"imageReference":{"publisher":"Debian","offer":"debian-10","sku":"10","version":"latest"},"dataDisks":[{"lun":0,"diskIOPSReadWrite":650,"diskMBpsReadWrite":82,"createOption":"Empty","caching":"None","managedDisk":{"storageAccountType":"UltraSSD_LRS"},"diskSizeGB":4}]},"networkProfile":{"networkInterfaceConfigurations":[{"name":"vmulte5bcNic","properties":{"primary":true,"enableAcceleratedNetworking":false,"disableTcpStateTracking":false,"dnsSettings":{"dnsServers":[]},"enableIPForwarding":false,"ipConfigurations":[{"name":"vmulte5bcIPConfig","properties":{"subnet":{"id":"/subscriptions/00000000-0000-0000-0000-000000000000/resourceGroups/cli-test-ultrassd000001/providers/Microsoft.Network/virtualNetworks/vm-ultrassdVNET/subnets/vm-ultrassdSubnet"},"privateIPAddressVersion":"IPv4"}}]}}]}},"additionalCapabilities":{"ultraSSDEnabled":true},"provisioningState":"Succeeded","overprovision":true,"doNotRunExtensionsOnOverprovisionedVMs":false,"uniqueId":"d4a5423f-5e52-4adf-80a6-fb557fd32206","platformFaultDomainCount":1,"timeCreated":"2022-11-17T08:01:42.2235813+00:00"}}},"outputResources":[{"id":"/subscriptions/00000000-0000-0000-0000-000000000000/resourceGroups/cli-test-ultrassd000001/providers/Microsoft.Compute/virtualMachineScaleSets/vm-ultrassd"},{"id":"/subscriptions/00000000-0000-0000-0000-000000000000/resourceGroups/cli-test-ultrassd000001/providers/Microsoft.Network/virtualNetworks/vm-ultrassdVNET"}]}}'
    headers:
      cache-control:
      - no-cache
      content-length:
      - '3520'
      content-type:
      - application/json; charset=utf-8
      date:
      - Thu, 17 Nov 2022 08:02:32 GMT
      expires:
      - '-1'
      pragma:
      - no-cache
      strict-transport-security:
      - max-age=31536000; includeSubDomains
      vary:
      - Accept-Encoding
      x-content-type-options:
      - nosniff
    status:
      code: 200
      message: OK
- request:
    body: null
    headers:
      Accept:
      - application/json
      Accept-Encoding:
      - gzip, deflate
      CommandName:
      - vmss show
      Connection:
      - keep-alive
      ParameterSetName:
      - -g -n
      User-Agent:
      - AZURECLI/2.42.0 (PIP) azsdk-python-azure-mgmt-compute/29.0.0 Python/3.8.9
        (Windows-10-10.0.22621-SP0)
    method: GET
    uri: https://management.azure.com/subscriptions/00000000-0000-0000-0000-000000000000/resourceGroups/cli-test-ultrassd000001/providers/Microsoft.Compute/virtualMachineScaleSets/vm-ultrassd?api-version=2022-08-01
  response:
    body:
      string: "{\r\n  \"name\": \"vm-ultrassd\",\r\n  \"id\": \"/subscriptions/00000000-0000-0000-0000-000000000000/resourceGroups/cli-test-ultrassd000001/providers/Microsoft.Compute/virtualMachineScaleSets/vm-ultrassd\",\r\n
        \ \"type\": \"Microsoft.Compute/virtualMachineScaleSets\",\r\n  \"location\":
        \"eastus\",\r\n  \"tags\": {},\r\n  \"sku\": {\r\n    \"name\": \"Standard_D2s_v3\",\r\n
        \   \"tier\": \"Standard\",\r\n    \"capacity\": 1\r\n  },\r\n  \"properties\":
        {\r\n    \"singlePlacementGroup\": false,\r\n    \"orchestrationMode\": \"Uniform\",\r\n
        \   \"upgradePolicy\": {\r\n      \"mode\": \"Manual\",\r\n      \"rollingUpgradePolicy\":
        {\r\n        \"maxBatchInstancePercent\": 20,\r\n        \"maxUnhealthyInstancePercent\":
        20,\r\n        \"maxUnhealthyUpgradedInstancePercent\": 20,\r\n        \"pauseTimeBetweenBatches\":
        \"PT0S\"\r\n      }\r\n    },\r\n    \"virtualMachineProfile\": {\r\n      \"osProfile\":
        {\r\n        \"computerNamePrefix\": \"vmulte5bc\",\r\n        \"adminUsername\":
        \"admin123\",\r\n        \"linuxConfiguration\": {\r\n          \"disablePasswordAuthentication\":
        false,\r\n          \"provisionVMAgent\": true,\r\n          \"enableVMAgentPlatformUpdates\":
        false\r\n        },\r\n        \"secrets\": [],\r\n        \"allowExtensionOperations\":
        true,\r\n        \"requireGuestProvisionSignal\": true\r\n      },\r\n      \"storageProfile\":
        {\r\n        \"osDisk\": {\r\n          \"osType\": \"Linux\",\r\n          \"createOption\":
        \"FromImage\",\r\n          \"caching\": \"ReadWrite\",\r\n          \"managedDisk\":
        {\r\n            \"storageAccountType\": \"Premium_LRS\"\r\n          },\r\n
        \         \"diskSizeGB\": 30\r\n        },\r\n        \"imageReference\":
        {\r\n          \"publisher\": \"Debian\",\r\n          \"offer\": \"debian-10\",\r\n
        \         \"sku\": \"10\",\r\n          \"version\": \"latest\"\r\n        },\r\n
        \       \"dataDisks\": [\r\n          {\r\n            \"lun\": 0,\r\n            \"diskIOPSReadWrite\":
        650,\r\n            \"diskMBpsReadWrite\": 82,\r\n            \"createOption\":
        \"Empty\",\r\n            \"caching\": \"None\",\r\n            \"managedDisk\":
        {\r\n              \"storageAccountType\": \"UltraSSD_LRS\"\r\n            },\r\n
        \           \"diskSizeGB\": 4\r\n          }\r\n        ]\r\n      },\r\n
        \     \"networkProfile\": {\"networkInterfaceConfigurations\":[{\"name\":\"vmulte5bcNic\",\"properties\":{\"primary\":true,\"enableAcceleratedNetworking\":false,\"disableTcpStateTracking\":false,\"dnsSettings\":{\"dnsServers\":[]},\"enableIPForwarding\":false,\"ipConfigurations\":[{\"name\":\"vmulte5bcIPConfig\",\"properties\":{\"subnet\":{\"id\":\"/subscriptions/00000000-0000-0000-0000-000000000000/resourceGroups/cli-test-ultrassd000001/providers/Microsoft.Network/virtualNetworks/vm-ultrassdVNET/subnets/vm-ultrassdSubnet\"},\"privateIPAddressVersion\":\"IPv4\"}}]}}]}\r\n
        \   },\r\n    \"additionalCapabilities\": {\r\n      \"ultraSSDEnabled\":
        true\r\n    },\r\n    \"provisioningState\": \"Succeeded\",\r\n    \"overprovision\":
        true,\r\n    \"doNotRunExtensionsOnOverprovisionedVMs\": false,\r\n    \"uniqueId\":
        \"d4a5423f-5e52-4adf-80a6-fb557fd32206\",\r\n    \"platformFaultDomainCount\":
        1,\r\n    \"timeCreated\": \"2022-11-17T08:01:42.2235813+00:00\"\r\n  },\r\n
        \ \"zones\": [\r\n    \"2\"\r\n  ]\r\n}"
    headers:
      cache-control:
      - no-cache
      content-length:
      - '2932'
      content-type:
      - application/json; charset=utf-8
      date:
      - Thu, 17 Nov 2022 08:02:33 GMT
      expires:
      - '-1'
      pragma:
      - no-cache
      server:
      - Microsoft-HTTPAPI/2.0
      - Microsoft-HTTPAPI/2.0
      strict-transport-security:
      - max-age=31536000; includeSubDomains
      transfer-encoding:
      - chunked
      vary:
      - Accept-Encoding
      x-content-type-options:
      - nosniff
      x-ms-ratelimit-remaining-resource:
      - Microsoft.Compute/GetVMScaleSet3Min;396,Microsoft.Compute/GetVMScaleSet30Min;2596
    status:
      code: 200
      message: OK
- request:
    body: null
    headers:
      Accept:
      - '*/*'
      Accept-Encoding:
      - gzip, deflate
      Connection:
      - keep-alive
      User-Agent:
      - python-requests/2.26.0
    method: GET
    uri: https://raw.githubusercontent.com/Azure/azure-rest-api-specs/main/arm-compute/quickstart-templates/aliases.json
  response:
    body:
      string: "{\n  \"$schema\": \"http://schema.management.azure.com/schemas/2015-01-01/deploymentTemplate.json\",\n
        \ \"contentVersion\": \"1.0.0.0\",\n  \"parameters\": {},\n  \"variables\":
        {},\n  \"resources\": [],\n  \"outputs\": {\n    \"aliases\": {\n      \"type\":
        \"object\",\n      \"value\": {\n        \"Linux\": {\n          \"CentOS\":
        {\n            \"publisher\": \"OpenLogic\",\n            \"offer\": \"CentOS\",\n
        \           \"sku\": \"7.5\",\n            \"version\": \"latest\",\n            \"architecture\":
        \"x64\"\n          },\n          \"Debian\": {\n            \"publisher\":
        \"Debian\",\n            \"offer\": \"debian-10\",\n            \"sku\": \"10\",\n
        \           \"version\": \"latest\",\n            \"architecture\": \"x64\"\n
        \         },\n          \"Flatcar\": {\n            \"publisher\": \"kinvolk\",\n
        \           \"offer\": \"flatcar-container-linux-free\",\n            \"sku\":
        \"stable\",\n            \"version\": \"latest\",\n            \"architecture\":
        \"x64\"\n          },\n          \"openSUSE-Leap\": {\n            \"publisher\":
        \"SUSE\",\n            \"offer\": \"opensuse-leap-15-3\",\n            \"sku\":
        \"gen2\",\n            \"version\": \"latest\",\n            \"architecture\":
        \"x64\"\n          },\n          \"RHEL\": {\n            \"publisher\": \"RedHat\",\n
        \           \"offer\": \"RHEL\",\n            \"sku\": \"7-LVM\",\n            \"version\":
        \"latest\",\n            \"architecture\": \"x64\"\n          },\n          \"SLES\":
        {\n            \"publisher\": \"SUSE\",\n            \"offer\": \"sles-15-sp3\",\n
        \           \"sku\": \"gen2\",\n            \"version\": \"latest\",\n            \"architecture\":
        \"x64\"\n          },\n          \"UbuntuLTS\": {\n            \"publisher\":
        \"Canonical\",\n            \"offer\": \"UbuntuServer\",\n            \"sku\":
        \"18.04-LTS\",\n            \"version\": \"latest\",\n            \"architecture\":
        \"x64\"\n          }\n        },\n        \"Windows\": {\n          \"Win2022Datacenter\":
        {\n            \"publisher\": \"MicrosoftWindowsServer\",\n            \"offer\":
        \"WindowsServer\",\n            \"sku\": \"2022-Datacenter\",\n            \"version\":
        \"latest\",\n            \"architecture\": \"x64\"\n          },\n          \"Win2022AzureEditionCore\":
        {\n            \"publisher\": \"MicrosoftWindowsServer\",\n            \"offer\":
        \"WindowsServer\",\n            \"sku\": \"2022-datacenter-azure-edition-core\",\n
        \           \"version\": \"latest\",\n            \"architecture\": \"x64\"\n
        \         },\n          \"Win2019Datacenter\": {\n            \"publisher\":
        \"MicrosoftWindowsServer\",\n            \"offer\": \"WindowsServer\",\n            \"sku\":
        \"2019-Datacenter\",\n            \"version\": \"latest\",\n            \"architecture\":
        \"x64\"\n          },\n          \"Win2016Datacenter\": {\n            \"publisher\":
        \"MicrosoftWindowsServer\",\n            \"offer\": \"WindowsServer\",\n            \"sku\":
        \"2016-Datacenter\",\n            \"version\": \"latest\",\n            \"architecture\":
        \"x64\"\n          },\n          \"Win2012R2Datacenter\": {\n            \"publisher\":
        \"MicrosoftWindowsServer\",\n            \"offer\": \"WindowsServer\",\n            \"sku\":
        \"2012-R2-Datacenter\",\n            \"version\": \"latest\",\n            \"architecture\":
        \"x64\"\n          },\n          \"Win2012Datacenter\": {\n            \"publisher\":
        \"MicrosoftWindowsServer\",\n            \"offer\": \"WindowsServer\",\n            \"sku\":
        \"2012-Datacenter\",\n            \"version\": \"latest\",\n            \"architecture\":
        \"x64\"\n          },\n          \"Win2008R2SP1\": {\n            \"publisher\":
        \"MicrosoftWindowsServer\",\n            \"offer\": \"WindowsServer\",\n            \"sku\":
        \"2008-R2-SP1\",\n            \"version\": \"latest\",\n            \"architecture\":
        \"x64\"\n          }\n        }\n      }\n    }\n  }\n}"
    headers:
      accept-ranges:
      - bytes
      access-control-allow-origin:
      - '*'
      cache-control:
      - max-age=300
      connection:
      - keep-alive
      content-length:
      - '3463'
      content-security-policy:
      - default-src 'none'; style-src 'unsafe-inline'; sandbox
      content-type:
      - text/plain; charset=utf-8
      date:
      - Thu, 17 Nov 2022 08:02:34 GMT
      etag:
      - W/"41b202f4dc5098d126019dc00721a4c5e30df0c5196794514fadc3710ee2a5cb"
      expires:
      - Thu, 17 Nov 2022 08:07:34 GMT
      source-age:
      - '254'
      strict-transport-security:
      - max-age=31536000
      vary:
      - Authorization,Accept-Encoding,Origin
      via:
      - 1.1 varnish
      x-cache:
      - HIT
      x-cache-hits:
      - '3'
      x-content-type-options:
      - nosniff
      x-fastly-request-id:
      - 30422b84809cc0c93f353bd90b5ff67ae9742a39
      x-frame-options:
      - deny
      x-github-request-id:
      - 6280:14F6:2457D:3020C:6372B9F9
      x-served-by:
      - cache-qpg1255-QPG
      x-timer:
      - S1668672154.141931,VS0,VE0
      x-xss-protection:
      - 1; mode=block
    status:
      code: 200
      message: OK
- request:
    body: null
    headers:
      Accept:
      - application/json
      Accept-Encoding:
      - gzip, deflate
      CommandName:
      - vmss create
      Connection:
      - keep-alive
      ParameterSetName:
      - -g -n --admin-username --admin-password --image --ultra-ssd-enabled --zone
        --location --vm-sku --lb
      User-Agent:
      - AZURECLI/2.42.0 (PIP) azsdk-python-azure-mgmt-compute/29.0.0 Python/3.8.9
        (Windows-10-10.0.22621-SP0)
    method: GET
    uri: https://management.azure.com/subscriptions/00000000-0000-0000-0000-000000000000/providers/Microsoft.Compute/locations/eastus/publishers/Debian/artifacttypes/vmimage/offers/debian-10/skus/10/versions?$top=1&$orderby=name%20desc&api-version=2022-08-01
  response:
    body:
      string: "[\r\n  {\r\n    \"location\": \"eastus\",\r\n    \"name\": \"0.20220911.1135\",\r\n
        \   \"id\": \"/Subscriptions/00000000-0000-0000-0000-000000000000/Providers/Microsoft.Compute/Locations/eastus/Publishers/Debian/ArtifactTypes/VMImage/Offers/debian-10/Skus/10/Versions/0.20220911.1135\"\r\n
        \ }\r\n]"
    headers:
      cache-control:
      - no-cache
      content-length:
      - '273'
      content-type:
      - application/json; charset=utf-8
      date:
      - Thu, 17 Nov 2022 08:02:35 GMT
      expires:
      - '-1'
      pragma:
      - no-cache
      server:
      - Microsoft-HTTPAPI/2.0
      - Microsoft-HTTPAPI/2.0
      strict-transport-security:
      - max-age=31536000; includeSubDomains
      transfer-encoding:
      - chunked
      vary:
      - Accept-Encoding
      x-content-type-options:
      - nosniff
      x-ms-ratelimit-remaining-resource:
      - Microsoft.Compute/ListVMImagesVersionsFromLocation3Min;15996,Microsoft.Compute/ListVMImagesVersionsFromLocation30Min;43990
    status:
      code: 200
      message: OK
- request:
    body: null
    headers:
      Accept:
      - application/json
      Accept-Encoding:
      - gzip, deflate
      CommandName:
      - vmss create
      Connection:
      - keep-alive
      ParameterSetName:
      - -g -n --admin-username --admin-password --image --ultra-ssd-enabled --zone
        --location --vm-sku --lb
      User-Agent:
      - AZURECLI/2.42.0 (PIP) azsdk-python-azure-mgmt-compute/29.0.0 Python/3.8.9
        (Windows-10-10.0.22621-SP0)
    method: GET
    uri: https://management.azure.com/subscriptions/00000000-0000-0000-0000-000000000000/providers/Microsoft.Compute/locations/eastus/publishers/Debian/artifacttypes/vmimage/offers/debian-10/skus/10/versions/0.20220911.1135?api-version=2022-08-01
  response:
    body:
      string: "{\r\n  \"properties\": {\r\n    \"hyperVGeneration\": \"V1\",\r\n    \"architecture\":
        \"x64\",\r\n    \"replicaType\": \"Unmanaged\",\r\n    \"disallowed\": {\r\n
        \     \"vmDiskType\": \"None\"\r\n    },\r\n    \"automaticOSUpgradeProperties\":
        {\r\n      \"automaticOSUpgradeSupported\": false\r\n    },\r\n    \"imageDeprecationStatus\":
        {\r\n      \"imageState\": \"Active\"\r\n    },\r\n    \"features\": [\r\n
        \     {\r\n        \"name\": \"IsAcceleratedNetworkSupported\",\r\n        \"value\":
        \"True\"\r\n      },\r\n      {\r\n        \"name\": \"DiskControllerTypes\",\r\n
        \       \"value\": \"SCSI\"\r\n      },\r\n      {\r\n        \"name\": \"IsHibernateSupported\",\r\n
        \       \"value\": \"False\"\r\n      }\r\n    ],\r\n    \"osDiskImage\":
        {\r\n      \"operatingSystem\": \"Linux\",\r\n      \"sizeInGb\": 30,\r\n
        \     \"sizeInBytes\": 32212255232\r\n    },\r\n    \"dataDiskImages\": []\r\n
        \ },\r\n  \"location\": \"eastus\",\r\n  \"name\": \"0.20220911.1135\",\r\n
        \ \"id\": \"/Subscriptions/00000000-0000-0000-0000-000000000000/Providers/Microsoft.Compute/Locations/eastus/Publishers/Debian/ArtifactTypes/VMImage/Offers/debian-10/Skus/10/Versions/0.20220911.1135\"\r\n}"
    headers:
      cache-control:
      - no-cache
      content-length:
      - '1031'
      content-type:
      - application/json; charset=utf-8
      date:
      - Thu, 17 Nov 2022 08:02:37 GMT
      expires:
      - '-1'
      pragma:
      - no-cache
      server:
      - Microsoft-HTTPAPI/2.0
      - Microsoft-HTTPAPI/2.0
      strict-transport-security:
      - max-age=31536000; includeSubDomains
      transfer-encoding:
      - chunked
      vary:
      - Accept-Encoding
      x-content-type-options:
      - nosniff
      x-ms-ratelimit-remaining-resource:
      - Microsoft.Compute/GetVMImageFromLocation3Min;12996,Microsoft.Compute/GetVMImageFromLocation30Min;73990
    status:
      code: 200
      message: OK
- request:
    body: null
    headers:
      Accept:
      - application/json
      Accept-Encoding:
      - gzip, deflate
      CommandName:
      - vmss create
      Connection:
      - keep-alive
      ParameterSetName:
      - -g -n --admin-username --admin-password --image --ultra-ssd-enabled --zone
        --location --vm-sku --lb
      User-Agent:
      - AZURECLI/2.42.0 (PIP) azsdk-python-azure-mgmt-network/21.0.1 Python/3.8.9
        (Windows-10-10.0.22621-SP0)
    method: GET
    uri: https://management.azure.com/subscriptions/00000000-0000-0000-0000-000000000000/resourceGroups/cli-test-ultrassd000001/providers/Microsoft.Network/virtualNetworks?api-version=2022-01-01
  response:
    body:
      string: "{\r\n  \"value\": [\r\n    {\r\n      \"name\": \"vm-ultrassdVNET\",\r\n
        \     \"id\": \"/subscriptions/00000000-0000-0000-0000-000000000000/resourceGroups/cli-test-ultrassd000001/providers/Microsoft.Network/virtualNetworks/vm-ultrassdVNET\",\r\n
        \     \"etag\": \"W/\\\"fd80d784-ad18-497d-bcda-c7c66ee5e5f2\\\"\",\r\n      \"type\":
        \"Microsoft.Network/virtualNetworks\",\r\n      \"location\": \"eastus\",\r\n
        \     \"tags\": {},\r\n      \"properties\": {\r\n        \"provisioningState\":
        \"Succeeded\",\r\n        \"resourceGuid\": \"8d86ed91-c724-4e2a-9adc-3ec29e0ca9cc\",\r\n
        \       \"addressSpace\": {\r\n          \"addressPrefixes\": [\r\n            \"10.0.0.0/16\"\r\n
        \         ]\r\n        },\r\n        \"subnets\": [\r\n          {\r\n            \"name\":
        \"vm-ultrassdSubnet\",\r\n            \"id\": \"/subscriptions/00000000-0000-0000-0000-000000000000/resourceGroups/cli-test-ultrassd000001/providers/Microsoft.Network/virtualNetworks/vm-ultrassdVNET/subnets/vm-ultrassdSubnet\",\r\n
        \           \"etag\": \"W/\\\"fd80d784-ad18-497d-bcda-c7c66ee5e5f2\\\"\",\r\n
        \           \"properties\": {\r\n              \"provisioningState\": \"Succeeded\",\r\n
        \             \"addressPrefix\": \"10.0.0.0/24\",\r\n              \"ipConfigurations\":
        [\r\n                {\r\n                  \"id\": \"/subscriptions/00000000-0000-0000-0000-000000000000/resourceGroups/cli-test-ultrassd000001/providers/Microsoft.Compute/virtualMachineScaleSets/vm-ultrassd/virtualMachines/0/networkInterfaces/vmulte5bcNic/ipConfigurations/vmulte5bcIPConfig\"\r\n
        \               },\r\n                {\r\n                  \"id\": \"/subscriptions/00000000-0000-0000-0000-000000000000/resourceGroups/cli-test-ultrassd000001/providers/Microsoft.Compute/virtualMachineScaleSets/vm-ultrassd/virtualMachines/1/networkInterfaces/vmulte5bcNic/ipConfigurations/vmulte5bcIPConfig\"\r\n
        \               }\r\n              ],\r\n              \"delegations\": [],\r\n
        \             \"privateEndpointNetworkPolicies\": \"Disabled\",\r\n              \"privateLinkServiceNetworkPolicies\":
        \"Enabled\"\r\n            },\r\n            \"type\": \"Microsoft.Network/virtualNetworks/subnets\"\r\n
        \         }\r\n        ],\r\n        \"virtualNetworkPeerings\": [],\r\n        \"enableDdosProtection\":
        false\r\n      }\r\n    }\r\n  ]\r\n}"
    headers:
      cache-control:
      - no-cache
      content-length:
      - '2123'
      content-type:
      - application/json; charset=utf-8
      date:
      - Thu, 17 Nov 2022 08:02:37 GMT
      expires:
      - '-1'
      pragma:
      - no-cache
      server:
      - Microsoft-HTTPAPI/2.0
      - Microsoft-HTTPAPI/2.0
      strict-transport-security:
      - max-age=31536000; includeSubDomains
      transfer-encoding:
      - chunked
      vary:
      - Accept-Encoding
      x-content-type-options:
      - nosniff
      x-ms-arm-service-request-id:
      - 6c01a07f-5aa6-4a20-a7d4-99336ab18fd6
    status:
      code: 200
      message: OK
- request:
    body: null
    headers:
      Accept:
      - application/json
      Accept-Encoding:
      - gzip, deflate
      CommandName:
      - vmss create
      Connection:
      - keep-alive
      ParameterSetName:
      - -g -n --admin-username --admin-password --image --ultra-ssd-enabled --zone
        --location --vm-sku --lb
      User-Agent:
      - AZURECLI/2.42.0 (PIP) azsdk-python-azure-mgmt-compute/29.0.0 Python/3.8.9
        (Windows-10-10.0.22621-SP0)
    method: GET
    uri: https://management.azure.com/subscriptions/00000000-0000-0000-0000-000000000000/providers/Microsoft.Compute/locations/eastus/publishers/Debian/artifacttypes/vmimage/offers/debian-10/skus/10/versions?$top=1&$orderby=name%20desc&api-version=2022-08-01
  response:
    body:
      string: "[\r\n  {\r\n    \"location\": \"eastus\",\r\n    \"name\": \"0.20220911.1135\",\r\n
        \   \"id\": \"/Subscriptions/00000000-0000-0000-0000-000000000000/Providers/Microsoft.Compute/Locations/eastus/Publishers/Debian/ArtifactTypes/VMImage/Offers/debian-10/Skus/10/Versions/0.20220911.1135\"\r\n
        \ }\r\n]"
    headers:
      cache-control:
      - no-cache
      content-length:
      - '273'
      content-type:
      - application/json; charset=utf-8
      date:
      - Thu, 17 Nov 2022 08:02:38 GMT
      expires:
      - '-1'
      pragma:
      - no-cache
      server:
      - Microsoft-HTTPAPI/2.0
      - Microsoft-HTTPAPI/2.0
      strict-transport-security:
      - max-age=31536000; includeSubDomains
      transfer-encoding:
      - chunked
      vary:
      - Accept-Encoding
      x-content-type-options:
      - nosniff
      x-ms-ratelimit-remaining-resource:
      - Microsoft.Compute/ListVMImagesVersionsFromLocation3Min;15995,Microsoft.Compute/ListVMImagesVersionsFromLocation30Min;43989
    status:
      code: 200
      message: OK
- request:
    body: null
    headers:
      Accept:
      - application/json
      Accept-Encoding:
      - gzip, deflate
      CommandName:
      - vmss create
      Connection:
      - keep-alive
      ParameterSetName:
      - -g -n --admin-username --admin-password --image --ultra-ssd-enabled --zone
        --location --vm-sku --lb
      User-Agent:
      - AZURECLI/2.42.0 (PIP) azsdk-python-azure-mgmt-compute/29.0.0 Python/3.8.9
        (Windows-10-10.0.22621-SP0)
    method: GET
    uri: https://management.azure.com/subscriptions/00000000-0000-0000-0000-000000000000/providers/Microsoft.Compute/locations/eastus/publishers/Debian/artifacttypes/vmimage/offers/debian-10/skus/10/versions/0.20220911.1135?api-version=2022-08-01
  response:
    body:
      string: "{\r\n  \"properties\": {\r\n    \"hyperVGeneration\": \"V1\",\r\n    \"architecture\":
        \"x64\",\r\n    \"replicaType\": \"Unmanaged\",\r\n    \"disallowed\": {\r\n
        \     \"vmDiskType\": \"None\"\r\n    },\r\n    \"automaticOSUpgradeProperties\":
        {\r\n      \"automaticOSUpgradeSupported\": false\r\n    },\r\n    \"imageDeprecationStatus\":
        {\r\n      \"imageState\": \"Active\"\r\n    },\r\n    \"features\": [\r\n
        \     {\r\n        \"name\": \"IsAcceleratedNetworkSupported\",\r\n        \"value\":
        \"True\"\r\n      },\r\n      {\r\n        \"name\": \"DiskControllerTypes\",\r\n
        \       \"value\": \"SCSI\"\r\n      },\r\n      {\r\n        \"name\": \"IsHibernateSupported\",\r\n
        \       \"value\": \"False\"\r\n      }\r\n    ],\r\n    \"osDiskImage\":
        {\r\n      \"operatingSystem\": \"Linux\",\r\n      \"sizeInGb\": 30,\r\n
        \     \"sizeInBytes\": 32212255232\r\n    },\r\n    \"dataDiskImages\": []\r\n
        \ },\r\n  \"location\": \"eastus\",\r\n  \"name\": \"0.20220911.1135\",\r\n
        \ \"id\": \"/Subscriptions/00000000-0000-0000-0000-000000000000/Providers/Microsoft.Compute/Locations/eastus/Publishers/Debian/ArtifactTypes/VMImage/Offers/debian-10/Skus/10/Versions/0.20220911.1135\"\r\n}"
    headers:
      cache-control:
      - no-cache
      content-length:
      - '1031'
      content-type:
      - application/json; charset=utf-8
      date:
      - Thu, 17 Nov 2022 08:02:39 GMT
      expires:
      - '-1'
      pragma:
      - no-cache
      server:
      - Microsoft-HTTPAPI/2.0
      - Microsoft-HTTPAPI/2.0
      strict-transport-security:
      - max-age=31536000; includeSubDomains
      transfer-encoding:
      - chunked
      vary:
      - Accept-Encoding
      x-content-type-options:
      - nosniff
      x-ms-ratelimit-remaining-resource:
      - Microsoft.Compute/GetVMImageFromLocation3Min;12995,Microsoft.Compute/GetVMImageFromLocation30Min;73989
    status:
      code: 200
      message: OK
- request:
    body: '{"properties": {"template": {"$schema": "https://schema.management.azure.com/schemas/2015-01-01/deploymentTemplate.json#",
      "contentVersion": "1.0.0.0", "parameters": {"adminPassword": {"type": "securestring",
      "metadata": {"description": "Secure adminPassword"}}}, "variables": {}, "resources":
      [{"type": "Microsoft.Compute/virtualMachineScaleSets", "name": "vm-ultrassd2",
      "location": "eastus", "tags": {}, "apiVersion": "2022-08-01", "dependsOn": [],
      "properties": {"overprovision": true, "upgradePolicy": {"mode": "manual", "rollingUpgradePolicy":
      {}}, "singlePlacementGroup": false, "additionalCapabilities": {"ultraSSDEnabled":
      true}, "virtualMachineProfile": {"storageProfile": {"osDisk": {"createOption":
      "FromImage", "caching": "ReadWrite", "managedDisk": {"storageAccountType": null}},
      "imageReference": {"publisher": "Debian", "offer": "debian-10", "sku": "10",
      "version": "latest"}}, "osProfile": {"computerNamePrefix": "vmult813c", "adminUsername":
      "admin123", "adminPassword": "[parameters(''adminPassword'')]"}, "networkProfile":
      {"networkInterfaceConfigurations": [{"name": "vmult813cNic", "properties": {"ipConfigurations":
      [{"name": "vmult813cIPConfig", "properties": {"subnet": {"id": "/subscriptions/00000000-0000-0000-0000-000000000000/resourceGroups/cli-test-ultrassd000001/providers/Microsoft.Network/virtualNetworks/vm-ultrassdVNET/subnets/vm-ultrassdSubnet"}}}],
      "primary": "true"}}]}}, "orchestrationMode": "Uniform"}, "sku": {"name": "Standard_D2s_v3",
      "capacity": 2}, "zones": ["2"]}], "outputs": {"VMSS": {"type": "object", "value":
      "[reference(resourceId(''Microsoft.Compute/virtualMachineScaleSets'', ''vm-ultrassd2''),providers(''Microsoft.Compute'',
      ''virtualMachineScaleSets'').apiVersions[0])]"}}}, "parameters": {"adminPassword":
      {"value": "testPassword0"}}, "mode": "incremental"}}'
    headers:
      Accept:
      - application/json
      Accept-Encoding:
      - gzip, deflate
      CommandName:
      - vmss create
      Connection:
      - keep-alive
      Content-Length:
      - '1806'
      Content-Type:
      - application/json
      ParameterSetName:
      - -g -n --admin-username --admin-password --image --ultra-ssd-enabled --zone
        --location --vm-sku --lb
      User-Agent:
      - AZURECLI/2.42.0 (PIP) azsdk-python-azure-mgmt-resource/21.1.0b1 Python/3.8.9
        (Windows-10-10.0.22621-SP0)
    method: PUT
    uri: https://management.azure.com/subscriptions/00000000-0000-0000-0000-000000000000/resourcegroups/cli-test-ultrassd000001/providers/Microsoft.Resources/deployments/mock-deployment?api-version=2021-04-01
  response:
    body:
      string: '{"id":"/subscriptions/00000000-0000-0000-0000-000000000000/resourceGroups/cli-test-ultrassd000001/providers/Microsoft.Resources/deployments/vmss_deploy_UwCGpUV7ZiOSvG2sdDDFlps82sQLLoaK","name":"vmss_deploy_UwCGpUV7ZiOSvG2sdDDFlps82sQLLoaK","type":"Microsoft.Resources/deployments","properties":{"templateHash":"16955694614890818358","parameters":{"adminPassword":{"type":"SecureString"}},"mode":"Incremental","provisioningState":"Accepted","timestamp":"2022-11-17T08:02:49.1321276Z","duration":"PT0.0004954S","correlationId":"515d5d88-c28a-493d-98d8-9fd60bbf9a67","providers":[{"namespace":"Microsoft.Compute","resourceTypes":[{"resourceType":"virtualMachineScaleSets","locations":["eastus"]}]}],"dependencies":[]}}'
    headers:
      azure-asyncoperation:
      - https://management.azure.com/subscriptions/00000000-0000-0000-0000-000000000000/resourcegroups/cli-test-ultrassd000001/providers/Microsoft.Resources/deployments/vmss_deploy_UwCGpUV7ZiOSvG2sdDDFlps82sQLLoaK/operationStatuses/08585329347190668282?api-version=2021-04-01
      cache-control:
      - no-cache
      content-length:
      - '715'
      content-type:
      - application/json; charset=utf-8
      date:
      - Thu, 17 Nov 2022 08:02:51 GMT
      expires:
      - '-1'
      pragma:
      - no-cache
      strict-transport-security:
      - max-age=31536000; includeSubDomains
      x-content-type-options:
      - nosniff
      x-ms-ratelimit-remaining-subscription-writes:
      - '1195'
    status:
      code: 201
      message: Created
- request:
    body: null
    headers:
      Accept:
      - '*/*'
      Accept-Encoding:
      - gzip, deflate
      CommandName:
      - vmss create
      Connection:
      - keep-alive
      ParameterSetName:
      - -g -n --admin-username --admin-password --image --ultra-ssd-enabled --zone
        --location --vm-sku --lb
      User-Agent:
      - AZURECLI/2.42.0 (PIP) azsdk-python-azure-mgmt-resource/21.1.0b1 Python/3.8.9
        (Windows-10-10.0.22621-SP0)
    method: GET
    uri: https://management.azure.com/subscriptions/00000000-0000-0000-0000-000000000000/resourcegroups/cli-test-ultrassd000001/providers/Microsoft.Resources/deployments/mock-deployment/operationStatuses/08585329347190668282?api-version=2021-04-01
  response:
    body:
      string: '{"status":"Running"}'
    headers:
      cache-control:
      - no-cache
      content-length:
      - '20'
      content-type:
      - application/json; charset=utf-8
      date:
      - Thu, 17 Nov 2022 08:03:22 GMT
      expires:
      - '-1'
      pragma:
      - no-cache
      strict-transport-security:
      - max-age=31536000; includeSubDomains
      vary:
      - Accept-Encoding
      x-content-type-options:
      - nosniff
    status:
      code: 200
      message: OK
- request:
    body: null
    headers:
      Accept:
      - '*/*'
      Accept-Encoding:
      - gzip, deflate
      CommandName:
      - vmss create
      Connection:
      - keep-alive
      ParameterSetName:
      - -g -n --admin-username --admin-password --image --ultra-ssd-enabled --zone
        --location --vm-sku --lb
      User-Agent:
      - AZURECLI/2.42.0 (PIP) azsdk-python-azure-mgmt-resource/21.1.0b1 Python/3.8.9
        (Windows-10-10.0.22621-SP0)
    method: GET
    uri: https://management.azure.com/subscriptions/00000000-0000-0000-0000-000000000000/resourcegroups/cli-test-ultrassd000001/providers/Microsoft.Resources/deployments/mock-deployment/operationStatuses/08585329347190668282?api-version=2021-04-01
  response:
    body:
      string: '{"status":"Succeeded"}'
    headers:
      cache-control:
      - no-cache
      content-length:
      - '22'
      content-type:
      - application/json; charset=utf-8
      date:
      - Thu, 17 Nov 2022 08:03:52 GMT
      expires:
      - '-1'
      pragma:
      - no-cache
      strict-transport-security:
      - max-age=31536000; includeSubDomains
      vary:
      - Accept-Encoding
      x-content-type-options:
      - nosniff
    status:
      code: 200
      message: OK
- request:
    body: null
    headers:
      Accept:
      - '*/*'
      Accept-Encoding:
      - gzip, deflate
      CommandName:
      - vmss create
      Connection:
      - keep-alive
      ParameterSetName:
      - -g -n --admin-username --admin-password --image --ultra-ssd-enabled --zone
        --location --vm-sku --lb
      User-Agent:
      - AZURECLI/2.42.0 (PIP) azsdk-python-azure-mgmt-resource/21.1.0b1 Python/3.8.9
        (Windows-10-10.0.22621-SP0)
    method: GET
    uri: https://management.azure.com/subscriptions/00000000-0000-0000-0000-000000000000/resourcegroups/cli-test-ultrassd000001/providers/Microsoft.Resources/deployments/mock-deployment?api-version=2021-04-01
  response:
    body:
      string: '{"id":"/subscriptions/00000000-0000-0000-0000-000000000000/resourceGroups/cli-test-ultrassd000001/providers/Microsoft.Resources/deployments/vmss_deploy_UwCGpUV7ZiOSvG2sdDDFlps82sQLLoaK","name":"vmss_deploy_UwCGpUV7ZiOSvG2sdDDFlps82sQLLoaK","type":"Microsoft.Resources/deployments","properties":{"templateHash":"16955694614890818358","parameters":{"adminPassword":{"type":"SecureString"}},"mode":"Incremental","provisioningState":"Succeeded","timestamp":"2022-11-17T08:03:46.6049616Z","duration":"PT57.4733294S","correlationId":"515d5d88-c28a-493d-98d8-9fd60bbf9a67","providers":[{"namespace":"Microsoft.Compute","resourceTypes":[{"resourceType":"virtualMachineScaleSets","locations":["eastus"]}]}],"dependencies":[],"outputs":{"vmss":{"type":"Object","value":{"singlePlacementGroup":false,"orchestrationMode":"Uniform","upgradePolicy":{"mode":"Manual","rollingUpgradePolicy":{"maxBatchInstancePercent":20,"maxUnhealthyInstancePercent":20,"maxUnhealthyUpgradedInstancePercent":20,"pauseTimeBetweenBatches":"PT0S"}},"virtualMachineProfile":{"osProfile":{"computerNamePrefix":"vmult813c","adminUsername":"admin123","linuxConfiguration":{"disablePasswordAuthentication":false,"provisionVMAgent":true,"enableVMAgentPlatformUpdates":false},"secrets":[],"allowExtensionOperations":true,"requireGuestProvisionSignal":true},"storageProfile":{"osDisk":{"osType":"Linux","createOption":"FromImage","caching":"ReadWrite","managedDisk":{"storageAccountType":"Premium_LRS"},"diskSizeGB":30},"imageReference":{"publisher":"Debian","offer":"debian-10","sku":"10","version":"latest"}},"networkProfile":{"networkInterfaceConfigurations":[{"name":"vmult813cNic","properties":{"primary":true,"enableAcceleratedNetworking":false,"disableTcpStateTracking":false,"dnsSettings":{"dnsServers":[]},"enableIPForwarding":false,"ipConfigurations":[{"name":"vmult813cIPConfig","properties":{"subnet":{"id":"/subscriptions/00000000-0000-0000-0000-000000000000/resourceGroups/cli-test-ultrassd000001/providers/Microsoft.Network/virtualNetworks/vm-ultrassdVNET/subnets/vm-ultrassdSubnet"},"privateIPAddressVersion":"IPv4"}}]}}]}},"additionalCapabilities":{"ultraSSDEnabled":true},"provisioningState":"Succeeded","overprovision":true,"doNotRunExtensionsOnOverprovisionedVMs":false,"uniqueId":"f41f8114-c1b4-4757-8a2c-f32c2c7ced10","platformFaultDomainCount":1,"timeCreated":"2022-11-17T08:03:08.0818539+00:00"}}},"outputResources":[{"id":"/subscriptions/00000000-0000-0000-0000-000000000000/resourceGroups/cli-test-ultrassd000001/providers/Microsoft.Compute/virtualMachineScaleSets/vm-ultrassd2"}]}}'
    headers:
      cache-control:
      - no-cache
      content-length:
      - '2565'
      content-type:
      - application/json; charset=utf-8
      date:
      - Thu, 17 Nov 2022 08:03:53 GMT
      expires:
      - '-1'
      pragma:
      - no-cache
      strict-transport-security:
      - max-age=31536000; includeSubDomains
      vary:
      - Accept-Encoding
      x-content-type-options:
      - nosniff
    status:
      code: 200
      message: OK
- request:
    body: null
    headers:
      Accept:
      - application/json
      Accept-Encoding:
      - gzip, deflate
      CommandName:
      - vmss disk attach
      Connection:
      - keep-alive
      ParameterSetName:
      - -g --vmss-name --size-gb --sku
      User-Agent:
      - AZURECLI/2.42.0 (PIP) azsdk-python-azure-mgmt-compute/29.0.0 Python/3.8.9
        (Windows-10-10.0.22621-SP0)
    method: GET
    uri: https://management.azure.com/subscriptions/00000000-0000-0000-0000-000000000000/resourceGroups/cli-test-ultrassd000001/providers/Microsoft.Compute/virtualMachineScaleSets/vm-ultrassd2?api-version=2022-08-01
  response:
    body:
      string: "{\r\n  \"name\": \"vm-ultrassd2\",\r\n  \"id\": \"/subscriptions/00000000-0000-0000-0000-000000000000/resourceGroups/cli-test-ultrassd000001/providers/Microsoft.Compute/virtualMachineScaleSets/vm-ultrassd2\",\r\n
        \ \"type\": \"Microsoft.Compute/virtualMachineScaleSets\",\r\n  \"location\":
        \"eastus\",\r\n  \"tags\": {},\r\n  \"sku\": {\r\n    \"name\": \"Standard_D2s_v3\",\r\n
        \   \"tier\": \"Standard\",\r\n    \"capacity\": 2\r\n  },\r\n  \"properties\":
        {\r\n    \"singlePlacementGroup\": false,\r\n    \"orchestrationMode\": \"Uniform\",\r\n
        \   \"upgradePolicy\": {\r\n      \"mode\": \"Manual\",\r\n      \"rollingUpgradePolicy\":
        {\r\n        \"maxBatchInstancePercent\": 20,\r\n        \"maxUnhealthyInstancePercent\":
        20,\r\n        \"maxUnhealthyUpgradedInstancePercent\": 20,\r\n        \"pauseTimeBetweenBatches\":
        \"PT0S\"\r\n      }\r\n    },\r\n    \"virtualMachineProfile\": {\r\n      \"osProfile\":
        {\r\n        \"computerNamePrefix\": \"vmult813c\",\r\n        \"adminUsername\":
        \"admin123\",\r\n        \"linuxConfiguration\": {\r\n          \"disablePasswordAuthentication\":
        false,\r\n          \"provisionVMAgent\": true,\r\n          \"enableVMAgentPlatformUpdates\":
        false\r\n        },\r\n        \"secrets\": [],\r\n        \"allowExtensionOperations\":
        true,\r\n        \"requireGuestProvisionSignal\": true\r\n      },\r\n      \"storageProfile\":
        {\r\n        \"osDisk\": {\r\n          \"osType\": \"Linux\",\r\n          \"createOption\":
        \"FromImage\",\r\n          \"caching\": \"ReadWrite\",\r\n          \"managedDisk\":
        {\r\n            \"storageAccountType\": \"Premium_LRS\"\r\n          },\r\n
        \         \"diskSizeGB\": 30\r\n        },\r\n        \"imageReference\":
        {\r\n          \"publisher\": \"Debian\",\r\n          \"offer\": \"debian-10\",\r\n
        \         \"sku\": \"10\",\r\n          \"version\": \"latest\"\r\n        }\r\n
        \     },\r\n      \"networkProfile\": {\"networkInterfaceConfigurations\":[{\"name\":\"vmult813cNic\",\"properties\":{\"primary\":true,\"enableAcceleratedNetworking\":false,\"disableTcpStateTracking\":false,\"dnsSettings\":{\"dnsServers\":[]},\"enableIPForwarding\":false,\"ipConfigurations\":[{\"name\":\"vmult813cIPConfig\",\"properties\":{\"subnet\":{\"id\":\"/subscriptions/00000000-0000-0000-0000-000000000000/resourceGroups/cli-test-ultrassd000001/providers/Microsoft.Network/virtualNetworks/vm-ultrassdVNET/subnets/vm-ultrassdSubnet\"},\"privateIPAddressVersion\":\"IPv4\"}}]}}]}\r\n
        \   },\r\n    \"additionalCapabilities\": {\r\n      \"ultraSSDEnabled\":
        true\r\n    },\r\n    \"provisioningState\": \"Succeeded\",\r\n    \"overprovision\":
        true,\r\n    \"doNotRunExtensionsOnOverprovisionedVMs\": false,\r\n    \"uniqueId\":
        \"f41f8114-c1b4-4757-8a2c-f32c2c7ced10\",\r\n    \"platformFaultDomainCount\":
        1,\r\n    \"timeCreated\": \"2022-11-17T08:03:08.0818539+00:00\"\r\n  },\r\n
        \ \"zones\": [\r\n    \"2\"\r\n  ]\r\n}"
    headers:
      cache-control:
      - no-cache
      content-length:
      - '2575'
      content-type:
      - application/json; charset=utf-8
      date:
      - Thu, 17 Nov 2022 08:03:54 GMT
      expires:
      - '-1'
      pragma:
      - no-cache
      server:
      - Microsoft-HTTPAPI/2.0
      - Microsoft-HTTPAPI/2.0
      strict-transport-security:
      - max-age=31536000; includeSubDomains
      transfer-encoding:
      - chunked
      vary:
      - Accept-Encoding
      x-content-type-options:
      - nosniff
      x-ms-ratelimit-remaining-resource:
      - Microsoft.Compute/GetVMScaleSet3Min;391,Microsoft.Compute/GetVMScaleSet30Min;2591
    status:
      code: 200
      message: OK
- request:
    body: '{"location": "eastus", "tags": {}, "sku": {"name": "Standard_D2s_v3", "tier":
      "Standard", "capacity": 2}, "zones": ["2"], "properties": {"upgradePolicy":
      {"mode": "Manual", "rollingUpgradePolicy": {"maxBatchInstancePercent": 20, "maxUnhealthyInstancePercent":
      20, "maxUnhealthyUpgradedInstancePercent": 20, "pauseTimeBetweenBatches": "PT0S"}},
      "virtualMachineProfile": {"osProfile": {"computerNamePrefix": "vmult813c", "adminUsername":
      "admin123", "linuxConfiguration": {"disablePasswordAuthentication": false, "provisionVMAgent":
      true, "enableVMAgentPlatformUpdates": false}, "secrets": [], "allowExtensionOperations":
      true}, "storageProfile": {"osDisk": {"caching": "ReadWrite", "createOption":
      "FromImage", "diskSizeGB": 30, "osType": "Linux", "managedDisk": {"storageAccountType":
      "Premium_LRS"}}, "dataDisks": [{"lun": 0, "createOption": "Empty", "diskSizeGB":
      5, "managedDisk": {"storageAccountType": "UltraSSD_LRS"}}]}, "networkProfile":
      {"networkInterfaceConfigurations": [{"name": "vmult813cNic", "properties": {"primary":
      true, "enableAcceleratedNetworking": false, "disableTcpStateTracking": false,
      "dnsSettings": {"dnsServers": []}, "ipConfigurations": [{"name": "vmult813cIPConfig",
      "properties": {"subnet": {"id": "/subscriptions/00000000-0000-0000-0000-000000000000/resourceGroups/cli-test-ultrassd000001/providers/Microsoft.Network/virtualNetworks/vm-ultrassdVNET/subnets/vm-ultrassdSubnet"},
      "privateIPAddressVersion": "IPv4"}}], "enableIPForwarding": false}}]}}, "overprovision":
      true, "doNotRunExtensionsOnOverprovisionedVMs": false, "singlePlacementGroup":
      false, "platformFaultDomainCount": 1, "additionalCapabilities": {"ultraSSDEnabled":
      true}, "orchestrationMode": "Uniform"}}'
    headers:
      Accept:
      - application/json
      Accept-Encoding:
      - gzip, deflate
      CommandName:
      - vmss disk attach
      Connection:
      - keep-alive
      Content-Length:
      - '1700'
      Content-Type:
      - application/json
      ParameterSetName:
      - -g --vmss-name --size-gb --sku
      User-Agent:
      - AZURECLI/2.42.0 (PIP) azsdk-python-azure-mgmt-compute/29.0.0 Python/3.8.9
        (Windows-10-10.0.22621-SP0)
    method: PUT
    uri: https://management.azure.com/subscriptions/00000000-0000-0000-0000-000000000000/resourceGroups/cli-test-ultrassd000001/providers/Microsoft.Compute/virtualMachineScaleSets/vm-ultrassd2?api-version=2022-08-01
  response:
    body:
      string: "{\r\n  \"name\": \"vm-ultrassd2\",\r\n  \"id\": \"/subscriptions/00000000-0000-0000-0000-000000000000/resourceGroups/cli-test-ultrassd000001/providers/Microsoft.Compute/virtualMachineScaleSets/vm-ultrassd2\",\r\n
        \ \"type\": \"Microsoft.Compute/virtualMachineScaleSets\",\r\n  \"location\":
        \"eastus\",\r\n  \"tags\": {},\r\n  \"sku\": {\r\n    \"name\": \"Standard_D2s_v3\",\r\n
        \   \"tier\": \"Standard\",\r\n    \"capacity\": 2\r\n  },\r\n  \"properties\":
        {\r\n    \"singlePlacementGroup\": false,\r\n    \"orchestrationMode\": \"Uniform\",\r\n
        \   \"upgradePolicy\": {\r\n      \"mode\": \"Manual\",\r\n      \"rollingUpgradePolicy\":
        {\r\n        \"maxBatchInstancePercent\": 20,\r\n        \"maxUnhealthyInstancePercent\":
        20,\r\n        \"maxUnhealthyUpgradedInstancePercent\": 20,\r\n        \"pauseTimeBetweenBatches\":
        \"PT0S\"\r\n      }\r\n    },\r\n    \"virtualMachineProfile\": {\r\n      \"osProfile\":
        {\r\n        \"computerNamePrefix\": \"vmult813c\",\r\n        \"adminUsername\":
        \"admin123\",\r\n        \"linuxConfiguration\": {\r\n          \"disablePasswordAuthentication\":
        false,\r\n          \"provisionVMAgent\": true,\r\n          \"enableVMAgentPlatformUpdates\":
        false\r\n        },\r\n        \"secrets\": [],\r\n        \"allowExtensionOperations\":
        true,\r\n        \"requireGuestProvisionSignal\": true\r\n      },\r\n      \"storageProfile\":
        {\r\n        \"osDisk\": {\r\n          \"osType\": \"Linux\",\r\n          \"createOption\":
        \"FromImage\",\r\n          \"caching\": \"ReadWrite\",\r\n          \"managedDisk\":
        {\r\n            \"storageAccountType\": \"Premium_LRS\"\r\n          },\r\n
        \         \"diskSizeGB\": 30\r\n        },\r\n        \"imageReference\":
        {\r\n          \"publisher\": \"Debian\",\r\n          \"offer\": \"debian-10\",\r\n
        \         \"sku\": \"10\",\r\n          \"version\": \"latest\"\r\n        },\r\n
        \       \"dataDisks\": [\r\n          {\r\n            \"lun\": 0,\r\n            \"diskIOPSReadWrite\":
        800,\r\n            \"diskMBpsReadWrite\": 102,\r\n            \"createOption\":
        \"Empty\",\r\n            \"caching\": \"None\",\r\n            \"managedDisk\":
        {\r\n              \"storageAccountType\": \"UltraSSD_LRS\"\r\n            },\r\n
        \           \"diskSizeGB\": 5\r\n          }\r\n        ]\r\n      },\r\n
        \     \"networkProfile\": {\"networkInterfaceConfigurations\":[{\"name\":\"vmult813cNic\",\"properties\":{\"primary\":true,\"enableAcceleratedNetworking\":false,\"disableTcpStateTracking\":false,\"dnsSettings\":{\"dnsServers\":[]},\"enableIPForwarding\":false,\"ipConfigurations\":[{\"name\":\"vmult813cIPConfig\",\"properties\":{\"subnet\":{\"id\":\"/subscriptions/00000000-0000-0000-0000-000000000000/resourceGroups/cli-test-ultrassd000001/providers/Microsoft.Network/virtualNetworks/vm-ultrassdVNET/subnets/vm-ultrassdSubnet\"},\"privateIPAddressVersion\":\"IPv4\"}}]}}]}\r\n
        \   },\r\n    \"additionalCapabilities\": {\r\n      \"ultraSSDEnabled\":
        true\r\n    },\r\n    \"provisioningState\": \"Updating\",\r\n    \"overprovision\":
        true,\r\n    \"doNotRunExtensionsOnOverprovisionedVMs\": false,\r\n    \"uniqueId\":
        \"f41f8114-c1b4-4757-8a2c-f32c2c7ced10\",\r\n    \"platformFaultDomainCount\":
        1,\r\n    \"timeCreated\": \"2022-11-17T08:03:08.0818539+00:00\"\r\n  },\r\n
        \ \"zones\": [\r\n    \"2\"\r\n  ]\r\n}"
    headers:
      azure-asyncnotification:
      - Enabled
      azure-asyncoperation:
      - https://management.azure.com/subscriptions/00000000-0000-0000-0000-000000000000/providers/Microsoft.Compute/locations/eastus/operations/efddb4eb-d5b9-4bef-b9b7-f9a28e79d100?p=54253b73-cb53-496f-ab42-5e5ee19426f8&api-version=2022-08-01
      cache-control:
      - no-cache
      content-length:
      - '2934'
      content-type:
      - application/json; charset=utf-8
      date:
      - Thu, 17 Nov 2022 08:04:03 GMT
      expires:
      - '-1'
      pragma:
      - no-cache
      server:
      - Microsoft-HTTPAPI/2.0
      - Microsoft-HTTPAPI/2.0
      strict-transport-security:
      - max-age=31536000; includeSubDomains
      transfer-encoding:
      - chunked
      vary:
      - Accept-Encoding
      x-content-type-options:
      - nosniff
      x-ms-ratelimit-remaining-resource:
      - Microsoft.Compute/CreateVMScaleSet3Min;188,Microsoft.Compute/CreateVMScaleSet30Min;954,Microsoft.Compute/VmssQueuedVMOperations;0
      x-ms-ratelimit-remaining-subscription-writes:
      - '1192'
      x-ms-request-charge:
      - '0'
    status:
      code: 200
      message: OK
- request:
    body: null
    headers:
      Accept:
      - '*/*'
      Accept-Encoding:
      - gzip, deflate
      CommandName:
      - vmss disk attach
      Connection:
      - keep-alive
      ParameterSetName:
      - -g --vmss-name --size-gb --sku
      User-Agent:
      - AZURECLI/2.42.0 (PIP) azsdk-python-azure-mgmt-compute/29.0.0 Python/3.8.9
        (Windows-10-10.0.22621-SP0)
    method: GET
    uri: https://management.azure.com/subscriptions/00000000-0000-0000-0000-000000000000/providers/Microsoft.Compute/locations/eastus/operations/efddb4eb-d5b9-4bef-b9b7-f9a28e79d100?p=54253b73-cb53-496f-ab42-5e5ee19426f8&api-version=2022-08-01
  response:
    body:
      string: "{\r\n  \"startTime\": \"2022-11-17T08:04:01.0967863+00:00\",\r\n  \"status\":
        \"InProgress\",\r\n  \"name\": \"efddb4eb-d5b9-4bef-b9b7-f9a28e79d100\"\r\n}"
    headers:
      cache-control:
      - no-cache
      content-length:
      - '134'
      content-type:
      - application/json; charset=utf-8
      date:
      - Thu, 17 Nov 2022 08:04:13 GMT
      expires:
      - '-1'
      pragma:
      - no-cache
      server:
      - Microsoft-HTTPAPI/2.0
      - Microsoft-HTTPAPI/2.0
      strict-transport-security:
      - max-age=31536000; includeSubDomains
      transfer-encoding:
      - chunked
      vary:
      - Accept-Encoding
      x-content-type-options:
      - nosniff
      x-ms-ratelimit-remaining-resource:
      - Microsoft.Compute/GetOperation3Min;14996,Microsoft.Compute/GetOperation30Min;29899
    status:
      code: 200
      message: OK
- request:
    body: null
    headers:
      Accept:
      - '*/*'
      Accept-Encoding:
      - gzip, deflate
      CommandName:
      - vmss disk attach
      Connection:
      - keep-alive
      ParameterSetName:
      - -g --vmss-name --size-gb --sku
      User-Agent:
      - AZURECLI/2.42.0 (PIP) azsdk-python-azure-mgmt-compute/29.0.0 Python/3.8.9
        (Windows-10-10.0.22621-SP0)
    method: GET
    uri: https://management.azure.com/subscriptions/00000000-0000-0000-0000-000000000000/providers/Microsoft.Compute/locations/eastus/operations/efddb4eb-d5b9-4bef-b9b7-f9a28e79d100?p=54253b73-cb53-496f-ab42-5e5ee19426f8&api-version=2022-08-01
  response:
    body:
      string: "{\r\n  \"startTime\": \"2022-11-17T08:04:01.0967863+00:00\",\r\n  \"endTime\":
        \"2022-11-17T08:04:17.5496963+00:00\",\r\n  \"status\": \"Succeeded\",\r\n
        \ \"name\": \"efddb4eb-d5b9-4bef-b9b7-f9a28e79d100\"\r\n}"
    headers:
      cache-control:
      - no-cache
      content-length:
      - '184'
      content-type:
      - application/json; charset=utf-8
      date:
      - Thu, 17 Nov 2022 08:04:51 GMT
      expires:
      - '-1'
      pragma:
      - no-cache
      server:
      - Microsoft-HTTPAPI/2.0
      - Microsoft-HTTPAPI/2.0
      strict-transport-security:
      - max-age=31536000; includeSubDomains
      transfer-encoding:
      - chunked
      vary:
      - Accept-Encoding
      x-content-type-options:
      - nosniff
      x-ms-ratelimit-remaining-resource:
      - Microsoft.Compute/GetOperation3Min;14995,Microsoft.Compute/GetOperation30Min;29898
    status:
      code: 200
      message: OK
- request:
    body: null
    headers:
      Accept:
      - '*/*'
      Accept-Encoding:
      - gzip, deflate
      CommandName:
      - vmss disk attach
      Connection:
      - keep-alive
      ParameterSetName:
      - -g --vmss-name --size-gb --sku
      User-Agent:
      - AZURECLI/2.42.0 (PIP) azsdk-python-azure-mgmt-compute/29.0.0 Python/3.8.9
        (Windows-10-10.0.22621-SP0)
    method: GET
    uri: https://management.azure.com/subscriptions/00000000-0000-0000-0000-000000000000/resourceGroups/cli-test-ultrassd000001/providers/Microsoft.Compute/virtualMachineScaleSets/vm-ultrassd2?api-version=2022-08-01
  response:
    body:
      string: "{\r\n  \"name\": \"vm-ultrassd2\",\r\n  \"id\": \"/subscriptions/00000000-0000-0000-0000-000000000000/resourceGroups/cli-test-ultrassd000001/providers/Microsoft.Compute/virtualMachineScaleSets/vm-ultrassd2\",\r\n
        \ \"type\": \"Microsoft.Compute/virtualMachineScaleSets\",\r\n  \"location\":
        \"eastus\",\r\n  \"tags\": {},\r\n  \"sku\": {\r\n    \"name\": \"Standard_D2s_v3\",\r\n
        \   \"tier\": \"Standard\",\r\n    \"capacity\": 2\r\n  },\r\n  \"properties\":
        {\r\n    \"singlePlacementGroup\": false,\r\n    \"orchestrationMode\": \"Uniform\",\r\n
        \   \"upgradePolicy\": {\r\n      \"mode\": \"Manual\",\r\n      \"rollingUpgradePolicy\":
        {\r\n        \"maxBatchInstancePercent\": 20,\r\n        \"maxUnhealthyInstancePercent\":
        20,\r\n        \"maxUnhealthyUpgradedInstancePercent\": 20,\r\n        \"pauseTimeBetweenBatches\":
        \"PT0S\"\r\n      }\r\n    },\r\n    \"virtualMachineProfile\": {\r\n      \"osProfile\":
        {\r\n        \"computerNamePrefix\": \"vmult813c\",\r\n        \"adminUsername\":
        \"admin123\",\r\n        \"linuxConfiguration\": {\r\n          \"disablePasswordAuthentication\":
        false,\r\n          \"provisionVMAgent\": true,\r\n          \"enableVMAgentPlatformUpdates\":
        false\r\n        },\r\n        \"secrets\": [],\r\n        \"allowExtensionOperations\":
        true,\r\n        \"requireGuestProvisionSignal\": true\r\n      },\r\n      \"storageProfile\":
        {\r\n        \"osDisk\": {\r\n          \"osType\": \"Linux\",\r\n          \"createOption\":
        \"FromImage\",\r\n          \"caching\": \"ReadWrite\",\r\n          \"managedDisk\":
        {\r\n            \"storageAccountType\": \"Premium_LRS\"\r\n          },\r\n
        \         \"diskSizeGB\": 30\r\n        },\r\n        \"imageReference\":
        {\r\n          \"publisher\": \"Debian\",\r\n          \"offer\": \"debian-10\",\r\n
        \         \"sku\": \"10\",\r\n          \"version\": \"latest\"\r\n        },\r\n
        \       \"dataDisks\": [\r\n          {\r\n            \"lun\": 0,\r\n            \"diskIOPSReadWrite\":
        800,\r\n            \"diskMBpsReadWrite\": 102,\r\n            \"createOption\":
        \"Empty\",\r\n            \"caching\": \"None\",\r\n            \"managedDisk\":
        {\r\n              \"storageAccountType\": \"UltraSSD_LRS\"\r\n            },\r\n
        \           \"diskSizeGB\": 5\r\n          }\r\n        ]\r\n      },\r\n
        \     \"networkProfile\": {\"networkInterfaceConfigurations\":[{\"name\":\"vmult813cNic\",\"properties\":{\"primary\":true,\"enableAcceleratedNetworking\":false,\"disableTcpStateTracking\":false,\"dnsSettings\":{\"dnsServers\":[]},\"enableIPForwarding\":false,\"ipConfigurations\":[{\"name\":\"vmult813cIPConfig\",\"properties\":{\"subnet\":{\"id\":\"/subscriptions/00000000-0000-0000-0000-000000000000/resourceGroups/cli-test-ultrassd000001/providers/Microsoft.Network/virtualNetworks/vm-ultrassdVNET/subnets/vm-ultrassdSubnet\"},\"privateIPAddressVersion\":\"IPv4\"}}]}}]}\r\n
        \   },\r\n    \"additionalCapabilities\": {\r\n      \"ultraSSDEnabled\":
        true\r\n    },\r\n    \"provisioningState\": \"Succeeded\",\r\n    \"overprovision\":
        true,\r\n    \"doNotRunExtensionsOnOverprovisionedVMs\": false,\r\n    \"uniqueId\":
        \"f41f8114-c1b4-4757-8a2c-f32c2c7ced10\",\r\n    \"platformFaultDomainCount\":
        1,\r\n    \"timeCreated\": \"2022-11-17T08:03:08.0818539+00:00\"\r\n  },\r\n
        \ \"zones\": [\r\n    \"2\"\r\n  ]\r\n}"
    headers:
      cache-control:
      - no-cache
      content-length:
      - '2935'
      content-type:
      - application/json; charset=utf-8
      date:
      - Thu, 17 Nov 2022 08:04:51 GMT
      expires:
      - '-1'
      pragma:
      - no-cache
      server:
      - Microsoft-HTTPAPI/2.0
      - Microsoft-HTTPAPI/2.0
      strict-transport-security:
      - max-age=31536000; includeSubDomains
      transfer-encoding:
      - chunked
      vary:
      - Accept-Encoding
      x-content-type-options:
      - nosniff
      x-ms-ratelimit-remaining-resource:
      - Microsoft.Compute/GetVMScaleSet3Min;387,Microsoft.Compute/GetVMScaleSet30Min;2587
    status:
      code: 200
      message: OK
- request:
    body: null
    headers:
      Accept:
      - application/json
      Accept-Encoding:
      - gzip, deflate
      CommandName:
      - vmss show
      Connection:
      - keep-alive
      ParameterSetName:
      - -g -n
      User-Agent:
      - AZURECLI/2.42.0 (PIP) azsdk-python-azure-mgmt-compute/29.0.0 Python/3.8.9
        (Windows-10-10.0.22621-SP0)
    method: GET
    uri: https://management.azure.com/subscriptions/00000000-0000-0000-0000-000000000000/resourceGroups/cli-test-ultrassd000001/providers/Microsoft.Compute/virtualMachineScaleSets/vm-ultrassd2?api-version=2022-08-01
  response:
    body:
      string: "{\r\n  \"name\": \"vm-ultrassd2\",\r\n  \"id\": \"/subscriptions/00000000-0000-0000-0000-000000000000/resourceGroups/cli-test-ultrassd000001/providers/Microsoft.Compute/virtualMachineScaleSets/vm-ultrassd2\",\r\n
        \ \"type\": \"Microsoft.Compute/virtualMachineScaleSets\",\r\n  \"location\":
        \"eastus\",\r\n  \"tags\": {},\r\n  \"sku\": {\r\n    \"name\": \"Standard_D2s_v3\",\r\n
        \   \"tier\": \"Standard\",\r\n    \"capacity\": 2\r\n  },\r\n  \"properties\":
        {\r\n    \"singlePlacementGroup\": false,\r\n    \"orchestrationMode\": \"Uniform\",\r\n
        \   \"upgradePolicy\": {\r\n      \"mode\": \"Manual\",\r\n      \"rollingUpgradePolicy\":
        {\r\n        \"maxBatchInstancePercent\": 20,\r\n        \"maxUnhealthyInstancePercent\":
        20,\r\n        \"maxUnhealthyUpgradedInstancePercent\": 20,\r\n        \"pauseTimeBetweenBatches\":
        \"PT0S\"\r\n      }\r\n    },\r\n    \"virtualMachineProfile\": {\r\n      \"osProfile\":
        {\r\n        \"computerNamePrefix\": \"vmult813c\",\r\n        \"adminUsername\":
        \"admin123\",\r\n        \"linuxConfiguration\": {\r\n          \"disablePasswordAuthentication\":
        false,\r\n          \"provisionVMAgent\": true,\r\n          \"enableVMAgentPlatformUpdates\":
        false\r\n        },\r\n        \"secrets\": [],\r\n        \"allowExtensionOperations\":
        true,\r\n        \"requireGuestProvisionSignal\": true\r\n      },\r\n      \"storageProfile\":
        {\r\n        \"osDisk\": {\r\n          \"osType\": \"Linux\",\r\n          \"createOption\":
        \"FromImage\",\r\n          \"caching\": \"ReadWrite\",\r\n          \"managedDisk\":
        {\r\n            \"storageAccountType\": \"Premium_LRS\"\r\n          },\r\n
        \         \"diskSizeGB\": 30\r\n        },\r\n        \"imageReference\":
        {\r\n          \"publisher\": \"Debian\",\r\n          \"offer\": \"debian-10\",\r\n
        \         \"sku\": \"10\",\r\n          \"version\": \"latest\"\r\n        },\r\n
        \       \"dataDisks\": [\r\n          {\r\n            \"lun\": 0,\r\n            \"diskIOPSReadWrite\":
        800,\r\n            \"diskMBpsReadWrite\": 102,\r\n            \"createOption\":
        \"Empty\",\r\n            \"caching\": \"None\",\r\n            \"managedDisk\":
        {\r\n              \"storageAccountType\": \"UltraSSD_LRS\"\r\n            },\r\n
        \           \"diskSizeGB\": 5\r\n          }\r\n        ]\r\n      },\r\n
        \     \"networkProfile\": {\"networkInterfaceConfigurations\":[{\"name\":\"vmult813cNic\",\"properties\":{\"primary\":true,\"enableAcceleratedNetworking\":false,\"disableTcpStateTracking\":false,\"dnsSettings\":{\"dnsServers\":[]},\"enableIPForwarding\":false,\"ipConfigurations\":[{\"name\":\"vmult813cIPConfig\",\"properties\":{\"subnet\":{\"id\":\"/subscriptions/00000000-0000-0000-0000-000000000000/resourceGroups/cli-test-ultrassd000001/providers/Microsoft.Network/virtualNetworks/vm-ultrassdVNET/subnets/vm-ultrassdSubnet\"},\"privateIPAddressVersion\":\"IPv4\"}}]}}]}\r\n
        \   },\r\n    \"additionalCapabilities\": {\r\n      \"ultraSSDEnabled\":
        true\r\n    },\r\n    \"provisioningState\": \"Succeeded\",\r\n    \"overprovision\":
        true,\r\n    \"doNotRunExtensionsOnOverprovisionedVMs\": false,\r\n    \"uniqueId\":
        \"f41f8114-c1b4-4757-8a2c-f32c2c7ced10\",\r\n    \"platformFaultDomainCount\":
        1,\r\n    \"timeCreated\": \"2022-11-17T08:03:08.0818539+00:00\"\r\n  },\r\n
        \ \"zones\": [\r\n    \"2\"\r\n  ]\r\n}"
    headers:
      cache-control:
      - no-cache
      content-length:
      - '2935'
      content-type:
      - application/json; charset=utf-8
      date:
      - Thu, 17 Nov 2022 08:04:53 GMT
      expires:
      - '-1'
      pragma:
      - no-cache
      server:
      - Microsoft-HTTPAPI/2.0
      - Microsoft-HTTPAPI/2.0
      strict-transport-security:
      - max-age=31536000; includeSubDomains
      transfer-encoding:
      - chunked
      vary:
      - Accept-Encoding
      x-content-type-options:
      - nosniff
      x-ms-ratelimit-remaining-resource:
      - Microsoft.Compute/GetVMScaleSet3Min;386,Microsoft.Compute/GetVMScaleSet30Min;2586
    status:
      code: 200
      message: OK
version: 1
