interactions:
- request:
    body: null
    headers:
      Accept:
      - application/json
      Accept-Encoding:
      - gzip, deflate
      CommandName:
      - vm create
      Connection:
      - keep-alive
      ParameterSetName:
      - -g --location -n --admin-username --image --admin-password --authentication-type
        --use-unmanaged-disk --nsg-rule
      User-Agent:
      - AZURECLI/2.53.1 azsdk-python-azure-mgmt-compute/30.0.0 Python/3.8.10 (Windows-10-10.0.22631-SP0)
    method: GET
    uri: https://management.azure.com/subscriptions/00000000-0000-0000-0000-000000000000/providers/Microsoft.Compute/locations/westus/publishers/OpenLogic/artifacttypes/vmimage/offers/CentOS/skus/7.5/versions?$top=1&$orderby=name%20desc&api-version=2022-11-01
  response:
    body:
      string: "[\r\n  {\r\n    \"location\": \"westus\",\r\n    \"name\": \"7.5.201808150\",\r\n
        \   \"id\": \"/Subscriptions/00000000-0000-0000-0000-000000000000/Providers/Microsoft.Compute/Locations/westus/Publishers/OpenLogic/ArtifactTypes/VMImage/Offers/CentOS/Skus/7.5/Versions/7.5.201808150\"\r\n
        \ }\r\n]"
    headers:
      cache-control:
      - no-cache
      content-length:
      - '270'
      content-type:
      - application/json; charset=utf-8
      date:
      - Mon, 20 Nov 2023 23:50:16 GMT
      expires:
      - '-1'
      pragma:
      - no-cache
      strict-transport-security:
      - max-age=31536000; includeSubDomains
      x-cache:
      - CONFIG_NOCACHE
      x-content-type-options:
      - nosniff
      x-ms-ratelimit-remaining-resource:
      - Microsoft.Compute/ListVMImagesVersionsFromLocation3Min;15999,Microsoft.Compute/ListVMImagesVersionsFromLocation30Min;43971
      x-msedge-ref:
      - 'Ref A: 79DAED95A58C461A8EBBD40679564B98 Ref B: CO6AA3150219051 Ref C: 2023-11-20T23:50:17Z'
    status:
      code: 200
      message: OK
- request:
    body: null
    headers:
      Accept:
      - application/json
      Accept-Encoding:
      - gzip, deflate
      CommandName:
      - vm create
      Connection:
      - keep-alive
      ParameterSetName:
      - -g --location -n --admin-username --image --admin-password --authentication-type
        --use-unmanaged-disk --nsg-rule
      User-Agent:
      - AZURECLI/2.53.1 azsdk-python-azure-mgmt-compute/30.0.0 Python/3.8.10 (Windows-10-10.0.22631-SP0)
    method: GET
    uri: https://management.azure.com/subscriptions/00000000-0000-0000-0000-000000000000/providers/Microsoft.Compute/locations/westus/publishers/OpenLogic/artifacttypes/vmimage/offers/CentOS/skus/7.5/versions/7.5.201808150?api-version=2022-11-01
  response:
    body:
      string: "{\r\n  \"properties\": {\r\n    \"hyperVGeneration\": \"V1\",\r\n    \"architecture\":
        \"x64\",\r\n    \"replicaType\": \"Unmanaged\",\r\n    \"disallowed\": {\r\n
        \     \"vmDiskType\": \"None\"\r\n    },\r\n    \"automaticOSUpgradeProperties\":
        {\r\n      \"automaticOSUpgradeSupported\": true\r\n    },\r\n    \"imageDeprecationStatus\":
        {\r\n      \"imageState\": \"Active\"\r\n    },\r\n    \"osDiskImage\": {\r\n
        \     \"operatingSystem\": \"Linux\",\r\n      \"sizeInBytes\": 32212255232\r\n
        \   },\r\n    \"dataDiskImages\": []\r\n  },\r\n  \"location\": \"westus\",\r\n
        \ \"name\": \"7.5.201808150\",\r\n  \"id\": \"/Subscriptions/00000000-0000-0000-0000-000000000000/Providers/Microsoft.Compute/Locations/westus/Publishers/OpenLogic/ArtifactTypes/VMImage/Offers/CentOS/Skus/7.5/Versions/7.5.201808150\"\r\n}"
    headers:
      cache-control:
      - no-cache
      content-length:
      - '714'
      content-type:
      - application/json; charset=utf-8
      date:
      - Mon, 20 Nov 2023 23:50:17 GMT
      expires:
      - '-1'
      pragma:
      - no-cache
      strict-transport-security:
      - max-age=31536000; includeSubDomains
      x-cache:
      - CONFIG_NOCACHE
      x-content-type-options:
      - nosniff
      x-ms-ratelimit-remaining-resource:
      - Microsoft.Compute/GetVMImageFromLocation3Min;12999,Microsoft.Compute/GetVMImageFromLocation30Min;73979
      x-msedge-ref:
      - 'Ref A: 91A869FD1F024F05905BD5E9695C23CD Ref B: CO6AA3150219053 Ref C: 2023-11-20T23:50:17Z'
    status:
      code: 200
      message: OK
- request:
    body: null
    headers:
      Accept:
      - application/json
      Accept-Encoding:
      - gzip, deflate
      CommandName:
      - vm create
      Connection:
      - keep-alive
      ParameterSetName:
      - -g --location -n --admin-username --image --admin-password --authentication-type
        --use-unmanaged-disk --nsg-rule
      User-Agent:
      - AZURECLI/2.53.1 azsdk-python-azure-mgmt-storage/21.0.0 Python/3.8.10 (Windows-10-10.0.22631-SP0)
    method: GET
    uri: https://management.azure.com/subscriptions/00000000-0000-0000-0000-000000000000/resourceGroups/cli-test-disk000001/providers/Microsoft.Storage/storageAccounts?api-version=2022-09-01
  response:
    body:
      string: '{"value":[]}'
    headers:
      cache-control:
      - no-cache
      content-length:
      - '12'
      content-type:
      - application/json; charset=utf-8
      date:
      - Mon, 20 Nov 2023 23:50:17 GMT
      expires:
      - '-1'
      pragma:
      - no-cache
      strict-transport-security:
      - max-age=31536000; includeSubDomains
      x-cache:
      - CONFIG_NOCACHE
      x-content-type-options:
      - nosniff
      x-msedge-ref:
      - 'Ref A: 94C6A163ECEC42C68A3A9D47C1D7F820 Ref B: CO6AA3150219051 Ref C: 2023-11-20T23:50:17Z'
    status:
      code: 200
      message: OK
- request:
    body: null
    headers:
      Accept:
      - application/json
      Accept-Encoding:
      - gzip, deflate
      CommandName:
      - vm create
      Connection:
      - keep-alive
      ParameterSetName:
      - -g --location -n --admin-username --image --admin-password --authentication-type
        --use-unmanaged-disk --nsg-rule
      User-Agent:
      - AZURECLI/2.53.1 (AAZ) azsdk-python-core/1.26.0 Python/3.8.10 (Windows-10-10.0.22631-SP0)
    method: GET
    uri: https://management.azure.com/subscriptions/00000000-0000-0000-0000-000000000000/resourceGroups/cli-test-disk000001/providers/Microsoft.Network/virtualNetworks?api-version=2022-01-01
  response:
    body:
      string: '{"value":[]}'
    headers:
      cache-control:
      - no-cache
      content-length:
      - '12'
      content-type:
      - application/json; charset=utf-8
      date:
      - Mon, 20 Nov 2023 23:50:17 GMT
      expires:
      - '-1'
      pragma:
      - no-cache
      strict-transport-security:
      - max-age=31536000; includeSubDomains
      x-cache:
      - CONFIG_NOCACHE
      x-content-type-options:
      - nosniff
      x-msedge-ref:
      - 'Ref A: D54B2FAF1C4147919F6A535CFA4995AC Ref B: CO6AA3150219035 Ref C: 2023-11-20T23:50:17Z'
    status:
      code: 200
      message: OK
- request:
    body: null
    headers:
      Accept:
      - application/json
      Accept-Encoding:
      - gzip, deflate
      CommandName:
      - vm create
      Connection:
      - keep-alive
      ParameterSetName:
      - -g --location -n --admin-username --image --admin-password --authentication-type
        --use-unmanaged-disk --nsg-rule
      User-Agent:
      - AZURECLI/2.53.1 azsdk-python-azure-mgmt-compute/30.0.0 Python/3.8.10 (Windows-10-10.0.22631-SP0)
    method: GET
    uri: https://management.azure.com/subscriptions/00000000-0000-0000-0000-000000000000/providers/Microsoft.Compute/locations/westus/publishers/OpenLogic/artifacttypes/vmimage/offers/CentOS/skus/7.5/versions?$top=1&$orderby=name%20desc&api-version=2022-11-01
  response:
    body:
      string: "[\r\n  {\r\n    \"location\": \"westus\",\r\n    \"name\": \"7.5.201808150\",\r\n
        \   \"id\": \"/Subscriptions/00000000-0000-0000-0000-000000000000/Providers/Microsoft.Compute/Locations/westus/Publishers/OpenLogic/ArtifactTypes/VMImage/Offers/CentOS/Skus/7.5/Versions/7.5.201808150\"\r\n
        \ }\r\n]"
    headers:
      cache-control:
      - no-cache
      content-length:
      - '270'
      content-type:
      - application/json; charset=utf-8
      date:
      - Mon, 20 Nov 2023 23:50:18 GMT
      expires:
      - '-1'
      pragma:
      - no-cache
      strict-transport-security:
      - max-age=31536000; includeSubDomains
      x-cache:
      - CONFIG_NOCACHE
      x-content-type-options:
      - nosniff
      x-ms-ratelimit-remaining-resource:
      - Microsoft.Compute/ListVMImagesVersionsFromLocation3Min;15998,Microsoft.Compute/ListVMImagesVersionsFromLocation30Min;43970
      x-msedge-ref:
      - 'Ref A: 5D8CA4A5ED4545CF9BA0546EF195774A Ref B: CO6AA3150218039 Ref C: 2023-11-20T23:50:18Z'
    status:
      code: 200
      message: OK
- request:
    body: null
    headers:
      Accept:
      - application/json
      Accept-Encoding:
      - gzip, deflate
      CommandName:
      - vm create
      Connection:
      - keep-alive
      ParameterSetName:
      - -g --location -n --admin-username --image --admin-password --authentication-type
        --use-unmanaged-disk --nsg-rule
      User-Agent:
      - AZURECLI/2.53.1 azsdk-python-azure-mgmt-compute/30.0.0 Python/3.8.10 (Windows-10-10.0.22631-SP0)
    method: GET
    uri: https://management.azure.com/subscriptions/00000000-0000-0000-0000-000000000000/providers/Microsoft.Compute/locations/westus/publishers/OpenLogic/artifacttypes/vmimage/offers/CentOS/skus/7.5/versions/7.5.201808150?api-version=2022-11-01
  response:
    body:
      string: "{\r\n  \"properties\": {\r\n    \"hyperVGeneration\": \"V1\",\r\n    \"architecture\":
        \"x64\",\r\n    \"replicaType\": \"Unmanaged\",\r\n    \"disallowed\": {\r\n
        \     \"vmDiskType\": \"None\"\r\n    },\r\n    \"automaticOSUpgradeProperties\":
        {\r\n      \"automaticOSUpgradeSupported\": true\r\n    },\r\n    \"imageDeprecationStatus\":
        {\r\n      \"imageState\": \"Active\"\r\n    },\r\n    \"osDiskImage\": {\r\n
        \     \"operatingSystem\": \"Linux\",\r\n      \"sizeInBytes\": 32212255232\r\n
        \   },\r\n    \"dataDiskImages\": []\r\n  },\r\n  \"location\": \"westus\",\r\n
        \ \"name\": \"7.5.201808150\",\r\n  \"id\": \"/Subscriptions/00000000-0000-0000-0000-000000000000/Providers/Microsoft.Compute/Locations/westus/Publishers/OpenLogic/ArtifactTypes/VMImage/Offers/CentOS/Skus/7.5/Versions/7.5.201808150\"\r\n}"
    headers:
      cache-control:
      - no-cache
      content-length:
      - '714'
      content-type:
      - application/json; charset=utf-8
      date:
      - Mon, 20 Nov 2023 23:50:18 GMT
      expires:
      - '-1'
      pragma:
      - no-cache
      strict-transport-security:
      - max-age=31536000; includeSubDomains
      x-cache:
      - CONFIG_NOCACHE
      x-content-type-options:
      - nosniff
      x-ms-ratelimit-remaining-resource:
      - Microsoft.Compute/GetVMImageFromLocation3Min;12998,Microsoft.Compute/GetVMImageFromLocation30Min;73978
      x-msedge-ref:
      - 'Ref A: 6923652AB2BD4B78B5A8DDFDC16293C7 Ref B: CO6AA3150219027 Ref C: 2023-11-20T23:50:18Z'
    status:
      code: 200
      message: OK
- request:
    body: null
    headers:
      Accept:
      - application/json
      Accept-Encoding:
      - gzip, deflate
      CommandName:
      - vm create
      Connection:
      - keep-alive
      ParameterSetName:
      - -g --location -n --admin-username --image --admin-password --authentication-type
        --use-unmanaged-disk --nsg-rule
      User-Agent:
      - AZURECLI/2.53.1 azsdk-python-azure-mgmt-compute/30.0.0 Python/3.8.10 (Windows-10-10.0.22631-SP0)
    method: GET
    uri: https://management.azure.com/subscriptions/00000000-0000-0000-0000-000000000000/providers/Microsoft.Compute/locations/westus/publishers/OpenLogic/artifacttypes/vmimage/offers/CentOS/skus/7.5/versions?$top=1&$orderby=name%20desc&api-version=2022-11-01
  response:
    body:
      string: "[\r\n  {\r\n    \"location\": \"westus\",\r\n    \"name\": \"7.5.201808150\",\r\n
        \   \"id\": \"/Subscriptions/00000000-0000-0000-0000-000000000000/Providers/Microsoft.Compute/Locations/westus/Publishers/OpenLogic/ArtifactTypes/VMImage/Offers/CentOS/Skus/7.5/Versions/7.5.201808150\"\r\n
        \ }\r\n]"
    headers:
      cache-control:
      - no-cache
      content-length:
      - '270'
      content-type:
      - application/json; charset=utf-8
      date:
      - Mon, 20 Nov 2023 23:50:18 GMT
      expires:
      - '-1'
      pragma:
      - no-cache
      strict-transport-security:
      - max-age=31536000; includeSubDomains
      x-cache:
      - CONFIG_NOCACHE
      x-content-type-options:
      - nosniff
      x-ms-ratelimit-remaining-resource:
      - Microsoft.Compute/ListVMImagesVersionsFromLocation3Min;15997,Microsoft.Compute/ListVMImagesVersionsFromLocation30Min;43969
      x-msedge-ref:
      - 'Ref A: 2981CBFEB262482E947EE9A226D7192D Ref B: CO6AA3150219037 Ref C: 2023-11-20T23:50:18Z'
    status:
      code: 200
      message: OK
- request:
    body: null
    headers:
      Accept:
      - application/json
      Accept-Encoding:
      - gzip, deflate
      CommandName:
      - vm create
      Connection:
      - keep-alive
      ParameterSetName:
      - -g --location -n --admin-username --image --admin-password --authentication-type
        --use-unmanaged-disk --nsg-rule
      User-Agent:
      - AZURECLI/2.53.1 azsdk-python-azure-mgmt-compute/30.0.0 Python/3.8.10 (Windows-10-10.0.22631-SP0)
    method: GET
    uri: https://management.azure.com/subscriptions/00000000-0000-0000-0000-000000000000/providers/Microsoft.Compute/locations/westus/publishers/OpenLogic/artifacttypes/vmimage/offers/CentOS/skus/7.5/versions/7.5.201808150?api-version=2022-11-01
  response:
    body:
      string: "{\r\n  \"properties\": {\r\n    \"hyperVGeneration\": \"V1\",\r\n    \"architecture\":
        \"x64\",\r\n    \"replicaType\": \"Unmanaged\",\r\n    \"disallowed\": {\r\n
        \     \"vmDiskType\": \"None\"\r\n    },\r\n    \"automaticOSUpgradeProperties\":
        {\r\n      \"automaticOSUpgradeSupported\": true\r\n    },\r\n    \"imageDeprecationStatus\":
        {\r\n      \"imageState\": \"Active\"\r\n    },\r\n    \"osDiskImage\": {\r\n
        \     \"operatingSystem\": \"Linux\",\r\n      \"sizeInBytes\": 32212255232\r\n
        \   },\r\n    \"dataDiskImages\": []\r\n  },\r\n  \"location\": \"westus\",\r\n
        \ \"name\": \"7.5.201808150\",\r\n  \"id\": \"/Subscriptions/00000000-0000-0000-0000-000000000000/Providers/Microsoft.Compute/Locations/westus/Publishers/OpenLogic/ArtifactTypes/VMImage/Offers/CentOS/Skus/7.5/Versions/7.5.201808150\"\r\n}"
    headers:
      cache-control:
      - no-cache
      content-length:
      - '714'
      content-type:
      - application/json; charset=utf-8
      date:
      - Mon, 20 Nov 2023 23:50:18 GMT
      expires:
      - '-1'
      pragma:
      - no-cache
      strict-transport-security:
      - max-age=31536000; includeSubDomains
      x-cache:
      - CONFIG_NOCACHE
      x-content-type-options:
      - nosniff
      x-ms-ratelimit-remaining-resource:
      - Microsoft.Compute/GetVMImageFromLocation3Min;12997,Microsoft.Compute/GetVMImageFromLocation30Min;73977
      x-msedge-ref:
      - 'Ref A: D01F59EC95CC4650B7955DFEA0662423 Ref B: CO6AA3150219019 Ref C: 2023-11-20T23:50:18Z'
    status:
      code: 200
      message: OK
- request:
    body: '{"properties": {"template": {"$schema": "https://schema.management.azure.com/schemas/2015-01-01/deploymentTemplate.json#",
      "contentVersion": "1.0.0.0", "parameters": {"adminPassword": {"type": "securestring",
      "metadata": {"description": "Secure adminPassword"}}}, "variables": {}, "resources":
      [{"type": "Microsoft.Storage/storageAccounts", "name": "vhdstorage7b02635faba499",
      "apiVersion": "2015-06-15", "location": "westus", "tags": {}, "dependsOn": [],
      "properties": {"accountType": "Premium_LRS"}}, {"name": "vm-datadisk-testVNET",
      "type": "Microsoft.Network/virtualNetworks", "location": "westus", "apiVersion":
      "2015-06-15", "dependsOn": [], "tags": {}, "properties": {"addressSpace": {"addressPrefixes":
      ["10.0.0.0/16"]}, "subnets": [{"name": "vm-datadisk-testSubnet", "properties":
      {"addressPrefix": "10.0.0.0/24"}}]}}, {"type": "Microsoft.Network/networkSecurityGroups",
      "name": "vm-datadisk-testNSG", "apiVersion": "2015-06-15", "location": "westus",
      "tags": {}, "dependsOn": []}, {"apiVersion": "2022-01-01", "type": "Microsoft.Network/publicIPAddresses",
      "name": "vm-datadisk-testPublicIP", "location": "westus", "tags": {}, "dependsOn":
      [], "properties": {"publicIPAllocationMethod": "Static"}, "sku": {"name": "Standard"}},
      {"apiVersion": "2015-06-15", "type": "Microsoft.Network/networkInterfaces",
      "name": "vm-datadisk-testVMNic", "location": "westus", "tags": {}, "dependsOn":
      ["Microsoft.Network/virtualNetworks/vm-datadisk-testVNET", "Microsoft.Network/networkSecurityGroups/vm-datadisk-testNSG",
      "Microsoft.Network/publicIpAddresses/vm-datadisk-testPublicIP"], "properties":
      {"ipConfigurations": [{"name": "ipconfigvm-datadisk-test", "properties": {"privateIPAllocationMethod":
      "Dynamic", "subnet": {"id": "/subscriptions/00000000-0000-0000-0000-000000000000/resourceGroups/cli-test-disk000001/providers/Microsoft.Network/virtualNetworks/vm-datadisk-testVNET/subnets/vm-datadisk-testSubnet"},
      "publicIPAddress": {"id": "/subscriptions/00000000-0000-0000-0000-000000000000/resourceGroups/cli-test-disk000001/providers/Microsoft.Network/publicIPAddresses/vm-datadisk-testPublicIP"}}}],
      "networkSecurityGroup": {"id": "/subscriptions/00000000-0000-0000-0000-000000000000/resourceGroups/cli-test-disk000001/providers/Microsoft.Network/networkSecurityGroups/vm-datadisk-testNSG"}}},
      {"apiVersion": "2022-11-01", "type": "Microsoft.Compute/virtualMachines", "name":
      "vm-datadisk-test", "location": "westus", "tags": {}, "dependsOn": ["Microsoft.Storage/storageAccounts/vhdstorage7b02635faba499",
      "Microsoft.Network/networkInterfaces/vm-datadisk-testVMNic"], "properties":
      {"hardwareProfile": {"vmSize": "Standard_DS1_v2"}, "networkProfile": {"networkInterfaces":
      [{"id": "/subscriptions/00000000-0000-0000-0000-000000000000/resourceGroups/cli-test-disk000001/providers/Microsoft.Network/networkInterfaces/vm-datadisk-testVMNic",
      "properties": {"deleteOption": null}}]}, "storageProfile": {"osDisk": {"createOption":
      "fromImage", "name": "osdisk_7b02635fab", "caching": "ReadWrite", "vhd": {"uri":
      "https://vhdstorage7b02635faba499.blob.core.windows.net/vhds/osdisk_7b02635fab.vhd"}},
      "imageReference": {"publisher": "OpenLogic", "offer": "CentOS", "sku": "7.5",
      "version": "latest"}}, "osProfile": {"computerName": "vm-datadisk-test", "adminUsername":
      "ubuntu", "adminPassword": "[parameters(''adminPassword'')]"}}}], "outputs":
      {}}, "parameters": {"adminPassword": {"value": "testPassword0"}}, "mode": "incremental"}}'
    headers:
      Accept:
      - application/json
      Accept-Encoding:
      - gzip, deflate
      CommandName:
      - vm create
      Connection:
      - keep-alive
      Content-Length:
      - '3430'
      Content-Type:
      - application/json
      ParameterSetName:
      - -g --location -n --admin-username --image --admin-password --authentication-type
        --use-unmanaged-disk --nsg-rule
      User-Agent:
      - AZURECLI/2.53.1 azsdk-python-azure-mgmt-resource/23.1.0b2 Python/3.8.10 (Windows-10-10.0.22631-SP0)
    method: PUT
    uri: https://management.azure.com/subscriptions/00000000-0000-0000-0000-000000000000/resourcegroups/cli-test-disk000001/providers/Microsoft.Resources/deployments/mock-deployment?api-version=2022-09-01
  response:
    body:
      string: '{"id":"/subscriptions/00000000-0000-0000-0000-000000000000/resourceGroups/cli-test-disk000001/providers/Microsoft.Resources/deployments/vm_deploy_GdcWBp7O7MRdQ7MDeQq65cmoAciGdOE3","name":"vm_deploy_GdcWBp7O7MRdQ7MDeQq65cmoAciGdOE3","type":"Microsoft.Resources/deployments","properties":{"templateHash":"15290515857572386971","parameters":{"adminPassword":{"type":"SecureString"}},"mode":"Incremental","provisioningState":"Accepted","timestamp":"2023-11-20T23:50:20.5537571Z","duration":"PT0.0003993S","correlationId":"cee56627-7e97-4ecb-9972-e4792212aea3","providers":[{"namespace":"Microsoft.Storage","resourceTypes":[{"resourceType":"storageAccounts","locations":["westus"]}]},{"namespace":"Microsoft.Network","resourceTypes":[{"resourceType":"virtualNetworks","locations":["westus"]},{"resourceType":"networkSecurityGroups","locations":["westus"]},{"resourceType":"publicIPAddresses","locations":["westus"]},{"resourceType":"networkInterfaces","locations":["westus"]}]},{"namespace":"Microsoft.Compute","resourceTypes":[{"resourceType":"virtualMachines","locations":["westus"]}]}],"dependencies":[{"dependsOn":[{"id":"/subscriptions/00000000-0000-0000-0000-000000000000/resourceGroups/cli-test-disk000001/providers/Microsoft.Network/virtualNetworks/vm-datadisk-testVNET","resourceType":"Microsoft.Network/virtualNetworks","resourceName":"vm-datadisk-testVNET"},{"id":"/subscriptions/00000000-0000-0000-0000-000000000000/resourceGroups/cli-test-disk000001/providers/Microsoft.Network/networkSecurityGroups/vm-datadisk-testNSG","resourceType":"Microsoft.Network/networkSecurityGroups","resourceName":"vm-datadisk-testNSG"},{"id":"/subscriptions/00000000-0000-0000-0000-000000000000/resourceGroups/cli-test-disk000001/providers/Microsoft.Network/publicIPAddresses/vm-datadisk-testPublicIP","resourceType":"Microsoft.Network/publicIPAddresses","resourceName":"vm-datadisk-testPublicIP"}],"id":"/subscriptions/00000000-0000-0000-0000-000000000000/resourceGroups/cli-test-disk000001/providers/Microsoft.Network/networkInterfaces/vm-datadisk-testVMNic","resourceType":"Microsoft.Network/networkInterfaces","resourceName":"vm-datadisk-testVMNic"},{"dependsOn":[{"id":"/subscriptions/00000000-0000-0000-0000-000000000000/resourceGroups/cli-test-disk000001/providers/Microsoft.Storage/storageAccounts/vhdstorage7b02635faba499","resourceType":"Microsoft.Storage/storageAccounts","resourceName":"vhdstorage7b02635faba499"},{"id":"/subscriptions/00000000-0000-0000-0000-000000000000/resourceGroups/cli-test-disk000001/providers/Microsoft.Network/networkInterfaces/vm-datadisk-testVMNic","resourceType":"Microsoft.Network/networkInterfaces","resourceName":"vm-datadisk-testVMNic"}],"id":"/subscriptions/00000000-0000-0000-0000-000000000000/resourceGroups/cli-test-disk000001/providers/Microsoft.Compute/virtualMachines/vm-datadisk-test","resourceType":"Microsoft.Compute/virtualMachines","resourceName":"vm-datadisk-test"}]}}'
    headers:
      azure-asyncoperation:
      - https://management.azure.com/subscriptions/00000000-0000-0000-0000-000000000000/resourcegroups/cli-test-disk000001/providers/Microsoft.Resources/deployments/vm_deploy_GdcWBp7O7MRdQ7MDeQq65cmoAciGdOE3/operationStatuses/08585010826659252203?api-version=2022-09-01
      cache-control:
      - no-cache
      content-length:
      - '2914'
      content-type:
      - application/json; charset=utf-8
      date:
      - Mon, 20 Nov 2023 23:50:20 GMT
      expires:
      - '-1'
      pragma:
      - no-cache
      strict-transport-security:
      - max-age=31536000; includeSubDomains
      x-cache:
      - CONFIG_NOCACHE
      x-content-type-options:
      - nosniff
      x-ms-ratelimit-remaining-subscription-writes:
      - '1194'
      x-msedge-ref:
      - 'Ref A: 3BD7625AE232460B968EAF7644520655 Ref B: CO6AA3150217049 Ref C: 2023-11-20T23:50:19Z'
    status:
      code: 201
      message: Created
- request:
    body: null
    headers:
      Accept:
      - '*/*'
      Accept-Encoding:
      - gzip, deflate
      CommandName:
      - vm create
      Connection:
      - keep-alive
      ParameterSetName:
      - -g --location -n --admin-username --image --admin-password --authentication-type
        --use-unmanaged-disk --nsg-rule
      User-Agent:
      - AZURECLI/2.53.1 azsdk-python-azure-mgmt-resource/23.1.0b2 Python/3.8.10 (Windows-10-10.0.22631-SP0)
    method: GET
    uri: https://management.azure.com/subscriptions/00000000-0000-0000-0000-000000000000/resourcegroups/cli-test-disk000001/providers/Microsoft.Resources/deployments/mock-deployment/operationStatuses/08585010826659252203?api-version=2022-09-01
  response:
    body:
      string: '{"status":"Accepted"}'
    headers:
      cache-control:
      - no-cache
      content-length:
      - '21'
      content-type:
      - application/json; charset=utf-8
      date:
      - Mon, 20 Nov 2023 23:50:20 GMT
      expires:
      - '-1'
      pragma:
      - no-cache
      strict-transport-security:
      - max-age=31536000; includeSubDomains
      x-cache:
      - CONFIG_NOCACHE
      x-content-type-options:
      - nosniff
      x-msedge-ref:
      - 'Ref A: FBA1A1E0D3714AE1B976F07EC3A7DC1F Ref B: CO6AA3150217049 Ref C: 2023-11-20T23:50:20Z'
    status:
      code: 200
      message: OK
- request:
    body: null
    headers:
      Accept:
      - '*/*'
      Accept-Encoding:
      - gzip, deflate
      CommandName:
      - vm create
      Connection:
      - keep-alive
      ParameterSetName:
      - -g --location -n --admin-username --image --admin-password --authentication-type
        --use-unmanaged-disk --nsg-rule
      User-Agent:
      - AZURECLI/2.53.1 azsdk-python-azure-mgmt-resource/23.1.0b2 Python/3.8.10 (Windows-10-10.0.22631-SP0)
    method: GET
    uri: https://management.azure.com/subscriptions/00000000-0000-0000-0000-000000000000/resourcegroups/cli-test-disk000001/providers/Microsoft.Resources/deployments/mock-deployment/operationStatuses/08585010826659252203?api-version=2022-09-01
  response:
    body:
      string: '{"status":"Running"}'
    headers:
      cache-control:
      - no-cache
      content-length:
      - '20'
      content-type:
      - application/json; charset=utf-8
      date:
      - Mon, 20 Nov 2023 23:50:50 GMT
      expires:
      - '-1'
      pragma:
      - no-cache
      strict-transport-security:
      - max-age=31536000; includeSubDomains
      x-cache:
      - CONFIG_NOCACHE
      x-content-type-options:
      - nosniff
      x-msedge-ref:
      - 'Ref A: 861C70BD72CD46C5AEF8F7E9BECFBBAC Ref B: CO6AA3150217049 Ref C: 2023-11-20T23:50:50Z'
    status:
      code: 200
      message: OK
- request:
    body: null
    headers:
      Accept:
      - '*/*'
      Accept-Encoding:
      - gzip, deflate
      CommandName:
      - vm create
      Connection:
      - keep-alive
      ParameterSetName:
      - -g --location -n --admin-username --image --admin-password --authentication-type
        --use-unmanaged-disk --nsg-rule
      User-Agent:
      - AZURECLI/2.53.1 azsdk-python-azure-mgmt-resource/23.1.0b2 Python/3.8.10 (Windows-10-10.0.22631-SP0)
    method: GET
    uri: https://management.azure.com/subscriptions/00000000-0000-0000-0000-000000000000/resourcegroups/cli-test-disk000001/providers/Microsoft.Resources/deployments/mock-deployment/operationStatuses/08585010826659252203?api-version=2022-09-01
  response:
    body:
      string: '{"status":"Running"}'
    headers:
      cache-control:
      - no-cache
      content-length:
      - '20'
      content-type:
      - application/json; charset=utf-8
      date:
      - Mon, 20 Nov 2023 23:51:20 GMT
      expires:
      - '-1'
      pragma:
      - no-cache
      strict-transport-security:
      - max-age=31536000; includeSubDomains
      x-cache:
      - CONFIG_NOCACHE
      x-content-type-options:
      - nosniff
      x-msedge-ref:
      - 'Ref A: B8212223173F4464B86BF9625F295D0E Ref B: CO6AA3150217049 Ref C: 2023-11-20T23:51:21Z'
    status:
      code: 200
      message: OK
- request:
    body: null
    headers:
      Accept:
      - '*/*'
      Accept-Encoding:
      - gzip, deflate
      CommandName:
      - vm create
      Connection:
      - keep-alive
      ParameterSetName:
      - -g --location -n --admin-username --image --admin-password --authentication-type
        --use-unmanaged-disk --nsg-rule
      User-Agent:
      - AZURECLI/2.53.1 azsdk-python-azure-mgmt-resource/23.1.0b2 Python/3.8.10 (Windows-10-10.0.22631-SP0)
    method: GET
    uri: https://management.azure.com/subscriptions/00000000-0000-0000-0000-000000000000/resourcegroups/cli-test-disk000001/providers/Microsoft.Resources/deployments/mock-deployment/operationStatuses/08585010826659252203?api-version=2022-09-01
  response:
    body:
      string: '{"status":"Succeeded"}'
    headers:
      cache-control:
      - no-cache
      content-length:
      - '22'
      content-type:
      - application/json; charset=utf-8
      date:
      - Mon, 20 Nov 2023 23:51:50 GMT
      expires:
      - '-1'
      pragma:
      - no-cache
      strict-transport-security:
      - max-age=31536000; includeSubDomains
      x-cache:
      - CONFIG_NOCACHE
      x-content-type-options:
      - nosniff
      x-msedge-ref:
      - 'Ref A: F5411CE6F1AB449CA49446E0CD9D5A64 Ref B: CO6AA3150217049 Ref C: 2023-11-20T23:51:51Z'
    status:
      code: 200
      message: OK
- request:
    body: null
    headers:
      Accept:
      - '*/*'
      Accept-Encoding:
      - gzip, deflate
      CommandName:
      - vm create
      Connection:
      - keep-alive
      ParameterSetName:
      - -g --location -n --admin-username --image --admin-password --authentication-type
        --use-unmanaged-disk --nsg-rule
      User-Agent:
      - AZURECLI/2.53.1 azsdk-python-azure-mgmt-resource/23.1.0b2 Python/3.8.10 (Windows-10-10.0.22631-SP0)
    method: GET
    uri: https://management.azure.com/subscriptions/00000000-0000-0000-0000-000000000000/resourcegroups/cli-test-disk000001/providers/Microsoft.Resources/deployments/mock-deployment?api-version=2022-09-01
  response:
    body:
      string: '{"id":"/subscriptions/00000000-0000-0000-0000-000000000000/resourceGroups/cli-test-disk000001/providers/Microsoft.Resources/deployments/vm_deploy_GdcWBp7O7MRdQ7MDeQq65cmoAciGdOE3","name":"vm_deploy_GdcWBp7O7MRdQ7MDeQq65cmoAciGdOE3","type":"Microsoft.Resources/deployments","properties":{"templateHash":"15290515857572386971","parameters":{"adminPassword":{"type":"SecureString"}},"mode":"Incremental","provisioningState":"Succeeded","timestamp":"2023-11-20T23:51:45.7332392Z","duration":"PT1M25.1798814S","correlationId":"cee56627-7e97-4ecb-9972-e4792212aea3","providers":[{"namespace":"Microsoft.Storage","resourceTypes":[{"resourceType":"storageAccounts","locations":["westus"]}]},{"namespace":"Microsoft.Network","resourceTypes":[{"resourceType":"virtualNetworks","locations":["westus"]},{"resourceType":"networkSecurityGroups","locations":["westus"]},{"resourceType":"publicIPAddresses","locations":["westus"]},{"resourceType":"networkInterfaces","locations":["westus"]}]},{"namespace":"Microsoft.Compute","resourceTypes":[{"resourceType":"virtualMachines","locations":["westus"]}]}],"dependencies":[{"dependsOn":[{"id":"/subscriptions/00000000-0000-0000-0000-000000000000/resourceGroups/cli-test-disk000001/providers/Microsoft.Network/virtualNetworks/vm-datadisk-testVNET","resourceType":"Microsoft.Network/virtualNetworks","resourceName":"vm-datadisk-testVNET"},{"id":"/subscriptions/00000000-0000-0000-0000-000000000000/resourceGroups/cli-test-disk000001/providers/Microsoft.Network/networkSecurityGroups/vm-datadisk-testNSG","resourceType":"Microsoft.Network/networkSecurityGroups","resourceName":"vm-datadisk-testNSG"},{"id":"/subscriptions/00000000-0000-0000-0000-000000000000/resourceGroups/cli-test-disk000001/providers/Microsoft.Network/publicIPAddresses/vm-datadisk-testPublicIP","resourceType":"Microsoft.Network/publicIPAddresses","resourceName":"vm-datadisk-testPublicIP"}],"id":"/subscriptions/00000000-0000-0000-0000-000000000000/resourceGroups/cli-test-disk000001/providers/Microsoft.Network/networkInterfaces/vm-datadisk-testVMNic","resourceType":"Microsoft.Network/networkInterfaces","resourceName":"vm-datadisk-testVMNic"},{"dependsOn":[{"id":"/subscriptions/00000000-0000-0000-0000-000000000000/resourceGroups/cli-test-disk000001/providers/Microsoft.Storage/storageAccounts/vhdstorage7b02635faba499","resourceType":"Microsoft.Storage/storageAccounts","resourceName":"vhdstorage7b02635faba499"},{"id":"/subscriptions/00000000-0000-0000-0000-000000000000/resourceGroups/cli-test-disk000001/providers/Microsoft.Network/networkInterfaces/vm-datadisk-testVMNic","resourceType":"Microsoft.Network/networkInterfaces","resourceName":"vm-datadisk-testVMNic"}],"id":"/subscriptions/00000000-0000-0000-0000-000000000000/resourceGroups/cli-test-disk000001/providers/Microsoft.Compute/virtualMachines/vm-datadisk-test","resourceType":"Microsoft.Compute/virtualMachines","resourceName":"vm-datadisk-test"}],"outputs":{},"outputResources":[{"id":"/subscriptions/00000000-0000-0000-0000-000000000000/resourceGroups/cli-test-disk000001/providers/Microsoft.Compute/virtualMachines/vm-datadisk-test"},{"id":"/subscriptions/00000000-0000-0000-0000-000000000000/resourceGroups/cli-test-disk000001/providers/Microsoft.Network/networkInterfaces/vm-datadisk-testVMNic"},{"id":"/subscriptions/00000000-0000-0000-0000-000000000000/resourceGroups/cli-test-disk000001/providers/Microsoft.Network/networkSecurityGroups/vm-datadisk-testNSG"},{"id":"/subscriptions/00000000-0000-0000-0000-000000000000/resourceGroups/cli-test-disk000001/providers/Microsoft.Network/publicIPAddresses/vm-datadisk-testPublicIP"},{"id":"/subscriptions/00000000-0000-0000-0000-000000000000/resourceGroups/cli-test-disk000001/providers/Microsoft.Network/virtualNetworks/vm-datadisk-testVNET"},{"id":"/subscriptions/00000000-0000-0000-0000-000000000000/resourceGroups/cli-test-disk000001/providers/Microsoft.Storage/storageAccounts/vhdstorage7b02635faba499"}]}}'
    headers:
      cache-control:
      - no-cache
      content-length:
      - '3931'
      content-type:
      - application/json; charset=utf-8
      date:
      - Mon, 20 Nov 2023 23:51:50 GMT
      expires:
      - '-1'
      pragma:
      - no-cache
      strict-transport-security:
      - max-age=31536000; includeSubDomains
      x-cache:
      - CONFIG_NOCACHE
      x-content-type-options:
      - nosniff
      x-msedge-ref:
      - 'Ref A: 0A55999ECA404F12A6D6782BE420E999 Ref B: CO6AA3150217049 Ref C: 2023-11-20T23:51:51Z'
    status:
      code: 200
      message: OK
- request:
    body: null
    headers:
      Accept:
      - application/json
      Accept-Encoding:
      - gzip, deflate
      CommandName:
      - vm create
      Connection:
      - keep-alive
      ParameterSetName:
      - -g --location -n --admin-username --image --admin-password --authentication-type
        --use-unmanaged-disk --nsg-rule
      User-Agent:
      - AZURECLI/2.53.1 azsdk-python-azure-mgmt-compute/30.0.0 Python/3.8.10 (Windows-10-10.0.22631-SP0)
    method: GET
    uri: https://management.azure.com/subscriptions/00000000-0000-0000-0000-000000000000/resourceGroups/cli-test-disk000001/providers/Microsoft.Compute/virtualMachines/vm-datadisk-test?$expand=instanceView&api-version=2022-11-01
  response:
    body:
      string: "{\r\n  \"name\": \"vm-datadisk-test\",\r\n  \"id\": \"/subscriptions/00000000-0000-0000-0000-000000000000/resourceGroups/cli-test-disk000001/providers/Microsoft.Compute/virtualMachines/vm-datadisk-test\",\r\n
        \ \"type\": \"Microsoft.Compute/virtualMachines\",\r\n  \"location\": \"westus\",\r\n
        \ \"tags\": {\r\n    \"platformsettings.host_environment.service.platform_optedin_for_rootcerts\":
        \"true\"\r\n  },\r\n  \"properties\": {\r\n    \"hardwareProfile\": {\r\n
        \     \"vmSize\": \"Standard_DS1_v2\"\r\n    },\r\n    \"provisioningState\":
        \"Succeeded\",\r\n    \"vmId\": \"83454f15-0ef0-4f95-9d1a-187345cc6b59\",\r\n
        \   \"storageProfile\": {\r\n      \"imageReference\": {\r\n        \"publisher\":
        \"OpenLogic\",\r\n        \"offer\": \"CentOS\",\r\n        \"sku\": \"7.5\",\r\n
        \       \"version\": \"latest\",\r\n        \"exactVersion\": \"7.5.201808150\"\r\n
        \     },\r\n      \"osDisk\": {\r\n        \"osType\": \"Linux\",\r\n        \"name\":
        \"osdisk_7b02635fab\",\r\n        \"createOption\": \"FromImage\",\r\n        \"vhd\":
        {\r\n          \"uri\": \"https://vhdstorage7b02635faba499.blob.core.windows.net/vhds/osdisk_7b02635fab.vhd\"\r\n
        \       },\r\n        \"caching\": \"ReadWrite\",\r\n        \"deleteOption\":
        \"Detach\",\r\n        \"diskSizeGB\": 30\r\n      },\r\n      \"dataDisks\":
        []\r\n    },\r\n    \"osProfile\": {\r\n      \"computerName\": \"vm-datadisk-test\",\r\n
        \     \"adminUsername\": \"ubuntu\",\r\n      \"linuxConfiguration\": {\r\n
        \       \"disablePasswordAuthentication\": false,\r\n        \"provisionVMAgent\":
        true,\r\n        \"patchSettings\": {\r\n          \"patchMode\": \"ImageDefault\",\r\n
        \         \"assessmentMode\": \"ImageDefault\"\r\n        },\r\n        \"enableVMAgentPlatformUpdates\":
        false\r\n      },\r\n      \"secrets\": [],\r\n      \"allowExtensionOperations\":
        true,\r\n      \"requireGuestProvisionSignal\": true\r\n    },\r\n    \"networkProfile\":
        {\"networkInterfaces\":[{\"id\":\"/subscriptions/00000000-0000-0000-0000-000000000000/resourceGroups/cli-test-disk000001/providers/Microsoft.Network/networkInterfaces/vm-datadisk-testVMNic\"}]},\r\n
        \   \"instanceView\": {\r\n      \"computerName\": \"vm-datadisk-test\",\r\n
        \     \"osName\": \"centos\",\r\n      \"osVersion\": \"7.5.1804\",\r\n      \"vmAgent\":
        {\r\n        \"vmAgentVersion\": \"2.9.1.1\",\r\n        \"statuses\": [\r\n
        \         {\r\n            \"code\": \"ProvisioningState/succeeded\",\r\n
        \           \"level\": \"Info\",\r\n            \"displayStatus\": \"Ready\",\r\n
        \           \"message\": \"Guest Agent is running\",\r\n            \"time\":
        \"2023-11-20T23:51:47+00:00\"\r\n          }\r\n        ],\r\n        \"extensionHandlers\":
        []\r\n      },\r\n      \"disks\": [\r\n        {\r\n          \"name\": \"osdisk_7b02635fab\",\r\n
        \         \"statuses\": [\r\n            {\r\n              \"code\": \"ProvisioningState/succeeded\",\r\n
        \             \"level\": \"Info\",\r\n              \"displayStatus\": \"Provisioning
        succeeded\",\r\n              \"time\": \"2023-11-20T23:50:44.7141662+00:00\"\r\n
        \           }\r\n          ]\r\n        }\r\n      ],\r\n      \"hyperVGeneration\":
        \"V1\",\r\n      \"statuses\": [\r\n        {\r\n          \"code\": \"ProvisioningState/succeeded\",\r\n
        \         \"level\": \"Info\",\r\n          \"displayStatus\": \"Provisioning
        succeeded\",\r\n          \"time\": \"2023-11-20T23:51:42.9178741+00:00\"\r\n
        \       },\r\n        {\r\n          \"code\": \"PowerState/running\",\r\n
        \         \"level\": \"Info\",\r\n          \"displayStatus\": \"VM running\"\r\n
        \       }\r\n      ]\r\n    },\r\n    \"timeCreated\": \"2023-11-20T23:50:44.1987562+00:00\"\r\n
        \ }\r\n}"
    headers:
      cache-control:
      - no-cache
      content-length:
      - '3225'
      content-type:
      - application/json; charset=utf-8
      date:
      - Mon, 20 Nov 2023 23:51:50 GMT
      expires:
      - '-1'
      pragma:
      - no-cache
      strict-transport-security:
      - max-age=31536000; includeSubDomains
      x-cache:
      - CONFIG_NOCACHE
      x-content-type-options:
      - nosniff
      x-ms-ratelimit-remaining-resource:
      - Microsoft.Compute/LowCostGet3Min;3931,Microsoft.Compute/LowCostGet30Min;31484
      x-msedge-ref:
      - 'Ref A: 31C1DCA5C4C94346BBC1E45E0BF52CEF Ref B: CO6AA3150220051 Ref C: 2023-11-20T23:51:51Z'
    status:
      code: 200
      message: ''
- request:
    body: null
    headers:
      Accept:
      - application/json
      Accept-Encoding:
      - gzip, deflate
      CommandName:
      - vm create
      Connection:
      - keep-alive
      ParameterSetName:
      - -g --location -n --admin-username --image --admin-password --authentication-type
        --use-unmanaged-disk --nsg-rule
      User-Agent:
      - AZURECLI/2.53.1 (AAZ) azsdk-python-core/1.26.0 Python/3.8.10 (Windows-10-10.0.22631-SP0)
    method: GET
    uri: https://management.azure.com/subscriptions/00000000-0000-0000-0000-000000000000/resourceGroups/cli-test-disk000001/providers/Microsoft.Network/networkInterfaces/vm-datadisk-testVMNic?api-version=2022-01-01
  response:
    body:
      string: "{\r\n  \"name\": \"vm-datadisk-testVMNic\",\r\n  \"id\": \"/subscriptions/00000000-0000-0000-0000-000000000000/resourceGroups/cli-test-disk000001/providers/Microsoft.Network/networkInterfaces/vm-datadisk-testVMNic\",\r\n
        \ \"etag\": \"W/\\\"d4bce931-8e5a-401c-9cf2-4e31f488676b\\\"\",\r\n  \"tags\":
        {},\r\n  \"properties\": {\r\n    \"provisioningState\": \"Succeeded\",\r\n
        \   \"resourceGuid\": \"3cdcfe08-f0dc-4ecb-829e-0bc176798052\",\r\n    \"ipConfigurations\":
        [\r\n      {\r\n        \"name\": \"ipconfigvm-datadisk-test\",\r\n        \"id\":
        \"/subscriptions/00000000-0000-0000-0000-000000000000/resourceGroups/cli-test-disk000001/providers/Microsoft.Network/networkInterfaces/vm-datadisk-testVMNic/ipConfigurations/ipconfigvm-datadisk-test\",\r\n
        \       \"etag\": \"W/\\\"d4bce931-8e5a-401c-9cf2-4e31f488676b\\\"\",\r\n
        \       \"type\": \"Microsoft.Network/networkInterfaces/ipConfigurations\",\r\n
        \       \"properties\": {\r\n          \"provisioningState\": \"Succeeded\",\r\n
        \         \"privateIPAddress\": \"10.0.0.4\",\r\n          \"privateIPAllocationMethod\":
        \"Dynamic\",\r\n          \"publicIPAddress\": {\r\n            \"id\": \"/subscriptions/00000000-0000-0000-0000-000000000000/resourceGroups/cli-test-disk000001/providers/Microsoft.Network/publicIPAddresses/vm-datadisk-testPublicIP\"\r\n
        \         },\r\n          \"subnet\": {\r\n            \"id\": \"/subscriptions/00000000-0000-0000-0000-000000000000/resourceGroups/cli-test-disk000001/providers/Microsoft.Network/virtualNetworks/vm-datadisk-testVNET/subnets/vm-datadisk-testSubnet\"\r\n
        \         },\r\n          \"primary\": true,\r\n          \"privateIPAddressVersion\":
        \"IPv4\"\r\n        }\r\n      }\r\n    ],\r\n    \"dnsSettings\": {\r\n      \"dnsServers\":
        [],\r\n      \"appliedDnsServers\": [],\r\n      \"internalDomainNameSuffix\":
        \"prlobwu3wzvuzedar0wpryebag.dx.internal.cloudapp.net\"\r\n    },\r\n    \"macAddress\":
        \"60-45-BD-03-45-A6\",\r\n    \"vnetEncryptionSupported\": false,\r\n    \"enableIPForwarding\":
        false,\r\n    \"networkSecurityGroup\": {\r\n      \"id\": \"/subscriptions/00000000-0000-0000-0000-000000000000/resourceGroups/cli-test-disk000001/providers/Microsoft.Network/networkSecurityGroups/vm-datadisk-testNSG\"\r\n
        \   },\r\n    \"primary\": true,\r\n    \"virtualMachine\": {\r\n      \"id\":
        \"/subscriptions/00000000-0000-0000-0000-000000000000/resourceGroups/cli-test-disk000001/providers/Microsoft.Compute/virtualMachines/vm-datadisk-test\"\r\n
        \   },\r\n    \"hostedWorkloads\": [],\r\n    \"tapConfigurations\": [],\r\n
        \   \"nicType\": \"Standard\",\r\n    \"allowPort25Out\": true,\r\n    \"auxiliaryMode\":
        \"None\"\r\n  },\r\n  \"type\": \"Microsoft.Network/networkInterfaces\",\r\n
        \ \"location\": \"westus\",\r\n  \"kind\": \"Regular\"\r\n}"
    headers:
      cache-control:
      - no-cache
      content-length:
      - '2525'
      content-type:
      - application/json; charset=utf-8
      date:
      - Mon, 20 Nov 2023 23:51:51 GMT
      etag:
      - W/"d4bce931-8e5a-401c-9cf2-4e31f488676b"
      expires:
      - '-1'
      pragma:
      - no-cache
      strict-transport-security:
      - max-age=31536000; includeSubDomains
      x-cache:
      - CONFIG_NOCACHE
      x-content-type-options:
      - nosniff
      x-ms-arm-service-request-id:
      - 43cc0b18-7f19-4f3b-82c0-be1da7b982aa
      x-msedge-ref:
      - 'Ref A: 35B0A32B6AE142C58278D4098EB9021D Ref B: CO6AA3150219053 Ref C: 2023-11-20T23:51:51Z'
    status:
      code: 200
      message: OK
- request:
    body: null
    headers:
      Accept:
      - application/json
      Accept-Encoding:
      - gzip, deflate
      CommandName:
      - vm create
      Connection:
      - keep-alive
      ParameterSetName:
      - -g --location -n --admin-username --image --admin-password --authentication-type
        --use-unmanaged-disk --nsg-rule
      User-Agent:
      - AZURECLI/2.53.1 (AAZ) azsdk-python-core/1.26.0 Python/3.8.10 (Windows-10-10.0.22631-SP0)
    method: GET
    uri: https://management.azure.com/subscriptions/00000000-0000-0000-0000-000000000000/resourceGroups/cli-test-disk000001/providers/Microsoft.Network/publicIPAddresses/vm-datadisk-testPublicIP?api-version=2022-01-01
  response:
    body:
      string: "{\r\n  \"name\": \"vm-datadisk-testPublicIP\",\r\n  \"id\": \"/subscriptions/00000000-0000-0000-0000-000000000000/resourceGroups/cli-test-disk000001/providers/Microsoft.Network/publicIPAddresses/vm-datadisk-testPublicIP\",\r\n
        \ \"etag\": \"W/\\\"d4cff9fd-7d36-40c3-8399-5e37f02e18df\\\"\",\r\n  \"location\":
        \"westus\",\r\n  \"tags\": {},\r\n  \"properties\": {\r\n    \"provisioningState\":
        \"Succeeded\",\r\n    \"resourceGuid\": \"3c92b4a6-bb00-4d56-9382-bead1634cbcd\",\r\n
        \   \"ipAddress\": \"104.45.239.35\",\r\n    \"publicIPAddressVersion\": \"IPv4\",\r\n
        \   \"publicIPAllocationMethod\": \"Static\",\r\n    \"idleTimeoutInMinutes\":
        4,\r\n    \"ipTags\": [],\r\n    \"ipConfiguration\": {\r\n      \"id\": \"/subscriptions/00000000-0000-0000-0000-000000000000/resourceGroups/cli-test-disk000001/providers/Microsoft.Network/networkInterfaces/vm-datadisk-testVMNic/ipConfigurations/ipconfigvm-datadisk-test\"\r\n
        \   }\r\n  },\r\n  \"type\": \"Microsoft.Network/publicIPAddresses\",\r\n
        \ \"sku\": {\r\n    \"name\": \"Standard\",\r\n    \"tier\": \"Regional\"\r\n
        \ }\r\n}"
    headers:
      cache-control:
      - no-cache
      content-length:
      - '964'
      content-type:
      - application/json; charset=utf-8
      date:
      - Mon, 20 Nov 2023 23:51:51 GMT
      etag:
      - W/"d4cff9fd-7d36-40c3-8399-5e37f02e18df"
      expires:
      - '-1'
      pragma:
      - no-cache
      strict-transport-security:
      - max-age=31536000; includeSubDomains
      x-cache:
      - CONFIG_NOCACHE
      x-content-type-options:
      - nosniff
      x-ms-arm-service-request-id:
      - 804e9d9b-a0d8-4c70-bbf3-20968a03a322
      x-msedge-ref:
      - 'Ref A: 8E92184D05824699BD850070BE1E84E0 Ref B: CO6AA3150219053 Ref C: 2023-11-20T23:51:51Z'
    status:
      code: 200
      message: OK
- request:
    body: null
    headers:
      Accept:
      - application/json
      Accept-Encoding:
      - gzip, deflate
      CommandName:
      - vm show
      Connection:
      - keep-alive
      ParameterSetName:
      - -g -n
      User-Agent:
      - AZURECLI/2.53.1 azsdk-python-azure-mgmt-compute/30.0.0 Python/3.8.10 (Windows-10-10.0.22631-SP0)
    method: GET
    uri: https://management.azure.com/subscriptions/00000000-0000-0000-0000-000000000000/resourceGroups/cli-test-disk000001/providers/Microsoft.Compute/virtualMachines/vm-datadisk-test?api-version=2022-11-01
  response:
    body:
      string: "{\r\n  \"name\": \"vm-datadisk-test\",\r\n  \"id\": \"/subscriptions/00000000-0000-0000-0000-000000000000/resourceGroups/cli-test-disk000001/providers/Microsoft.Compute/virtualMachines/vm-datadisk-test\",\r\n
        \ \"type\": \"Microsoft.Compute/virtualMachines\",\r\n  \"location\": \"westus\",\r\n
        \ \"tags\": {\r\n    \"platformsettings.host_environment.service.platform_optedin_for_rootcerts\":
        \"true\"\r\n  },\r\n  \"properties\": {\r\n    \"hardwareProfile\": {\r\n
        \     \"vmSize\": \"Standard_DS1_v2\"\r\n    },\r\n    \"provisioningState\":
        \"Succeeded\",\r\n    \"vmId\": \"83454f15-0ef0-4f95-9d1a-187345cc6b59\",\r\n
        \   \"storageProfile\": {\r\n      \"imageReference\": {\r\n        \"publisher\":
        \"OpenLogic\",\r\n        \"offer\": \"CentOS\",\r\n        \"sku\": \"7.5\",\r\n
        \       \"version\": \"latest\",\r\n        \"exactVersion\": \"7.5.201808150\"\r\n
        \     },\r\n      \"osDisk\": {\r\n        \"osType\": \"Linux\",\r\n        \"name\":
        \"osdisk_7b02635fab\",\r\n        \"createOption\": \"FromImage\",\r\n        \"vhd\":
        {\r\n          \"uri\": \"https://vhdstorage7b02635faba499.blob.core.windows.net/vhds/osdisk_7b02635fab.vhd\"\r\n
        \       },\r\n        \"caching\": \"ReadWrite\",\r\n        \"deleteOption\":
        \"Detach\",\r\n        \"diskSizeGB\": 30\r\n      },\r\n      \"dataDisks\":
        []\r\n    },\r\n    \"osProfile\": {\r\n      \"computerName\": \"vm-datadisk-test\",\r\n
        \     \"adminUsername\": \"ubuntu\",\r\n      \"linuxConfiguration\": {\r\n
        \       \"disablePasswordAuthentication\": false,\r\n        \"provisionVMAgent\":
        true,\r\n        \"patchSettings\": {\r\n          \"patchMode\": \"ImageDefault\",\r\n
        \         \"assessmentMode\": \"ImageDefault\"\r\n        },\r\n        \"enableVMAgentPlatformUpdates\":
        false\r\n      },\r\n      \"secrets\": [],\r\n      \"allowExtensionOperations\":
        true,\r\n      \"requireGuestProvisionSignal\": true\r\n    },\r\n    \"networkProfile\":
        {\"networkInterfaces\":[{\"id\":\"/subscriptions/00000000-0000-0000-0000-000000000000/resourceGroups/cli-test-disk000001/providers/Microsoft.Network/networkInterfaces/vm-datadisk-testVMNic\"}]},\r\n
        \   \"timeCreated\": \"2023-11-20T23:50:44.1987562+00:00\"\r\n  }\r\n}"
    headers:
      cache-control:
      - no-cache
      content-length:
      - '1944'
      content-type:
      - application/json; charset=utf-8
      date:
      - Mon, 20 Nov 2023 23:51:51 GMT
      expires:
      - '-1'
      pragma:
      - no-cache
      strict-transport-security:
      - max-age=31536000; includeSubDomains
      x-cache:
      - CONFIG_NOCACHE
      x-content-type-options:
      - nosniff
      x-ms-ratelimit-remaining-resource:
      - Microsoft.Compute/LowCostGet3Min;3930,Microsoft.Compute/LowCostGet30Min;31483
      x-msedge-ref:
      - 'Ref A: C362BFD51C1E4A4681533252B1B55ED3 Ref B: CO6AA3150219009 Ref C: 2023-11-20T23:51:52Z'
    status:
      code: 200
      message: ''
- request:
    body: null
    headers:
      Accept:
      - application/json
      Accept-Encoding:
      - gzip, deflate
      CommandName:
      - vm unmanaged-disk attach
      Connection:
      - keep-alive
      ParameterSetName:
      - -g --vm-name -n --vhd --new --caching --size-gb --lun
      User-Agent:
      - AZURECLI/2.53.1 azsdk-python-azure-mgmt-compute/30.0.0 Python/3.8.10 (Windows-10-10.0.22631-SP0)
    method: GET
    uri: https://management.azure.com/subscriptions/00000000-0000-0000-0000-000000000000/resourceGroups/cli-test-disk000001/providers/Microsoft.Compute/virtualMachines/vm-datadisk-test?api-version=2022-11-01
  response:
    body:
      string: "{\r\n  \"name\": \"vm-datadisk-test\",\r\n  \"id\": \"/subscriptions/00000000-0000-0000-0000-000000000000/resourceGroups/cli-test-disk000001/providers/Microsoft.Compute/virtualMachines/vm-datadisk-test\",\r\n
        \ \"type\": \"Microsoft.Compute/virtualMachines\",\r\n  \"location\": \"westus\",\r\n
        \ \"tags\": {\r\n    \"platformsettings.host_environment.service.platform_optedin_for_rootcerts\":
        \"true\"\r\n  },\r\n  \"properties\": {\r\n    \"hardwareProfile\": {\r\n
        \     \"vmSize\": \"Standard_DS1_v2\"\r\n    },\r\n    \"provisioningState\":
        \"Succeeded\",\r\n    \"vmId\": \"83454f15-0ef0-4f95-9d1a-187345cc6b59\",\r\n
        \   \"storageProfile\": {\r\n      \"imageReference\": {\r\n        \"publisher\":
        \"OpenLogic\",\r\n        \"offer\": \"CentOS\",\r\n        \"sku\": \"7.5\",\r\n
        \       \"version\": \"latest\",\r\n        \"exactVersion\": \"7.5.201808150\"\r\n
        \     },\r\n      \"osDisk\": {\r\n        \"osType\": \"Linux\",\r\n        \"name\":
        \"osdisk_7b02635fab\",\r\n        \"createOption\": \"FromImage\",\r\n        \"vhd\":
        {\r\n          \"uri\": \"https://vhdstorage7b02635faba499.blob.core.windows.net/vhds/osdisk_7b02635fab.vhd\"\r\n
        \       },\r\n        \"caching\": \"ReadWrite\",\r\n        \"deleteOption\":
        \"Detach\",\r\n        \"diskSizeGB\": 30\r\n      },\r\n      \"dataDisks\":
        []\r\n    },\r\n    \"osProfile\": {\r\n      \"computerName\": \"vm-datadisk-test\",\r\n
        \     \"adminUsername\": \"ubuntu\",\r\n      \"linuxConfiguration\": {\r\n
        \       \"disablePasswordAuthentication\": false,\r\n        \"provisionVMAgent\":
        true,\r\n        \"patchSettings\": {\r\n          \"patchMode\": \"ImageDefault\",\r\n
        \         \"assessmentMode\": \"ImageDefault\"\r\n        },\r\n        \"enableVMAgentPlatformUpdates\":
        false\r\n      },\r\n      \"secrets\": [],\r\n      \"allowExtensionOperations\":
        true,\r\n      \"requireGuestProvisionSignal\": true\r\n    },\r\n    \"networkProfile\":
        {\"networkInterfaces\":[{\"id\":\"/subscriptions/00000000-0000-0000-0000-000000000000/resourceGroups/cli-test-disk000001/providers/Microsoft.Network/networkInterfaces/vm-datadisk-testVMNic\"}]},\r\n
        \   \"timeCreated\": \"2023-11-20T23:50:44.1987562+00:00\"\r\n  }\r\n}"
    headers:
      cache-control:
      - no-cache
      content-length:
      - '1944'
      content-type:
      - application/json; charset=utf-8
      date:
      - Mon, 20 Nov 2023 23:51:52 GMT
      expires:
      - '-1'
      pragma:
      - no-cache
      strict-transport-security:
      - max-age=31536000; includeSubDomains
      x-cache:
      - CONFIG_NOCACHE
      x-content-type-options:
      - nosniff
      x-ms-ratelimit-remaining-resource:
      - Microsoft.Compute/LowCostGet3Min;3929,Microsoft.Compute/LowCostGet30Min;31482
      x-msedge-ref:
      - 'Ref A: 87D8509BCC5B4E24B029BD8E6B31A1E2 Ref B: CO6AA3150217049 Ref C: 2023-11-20T23:51:52Z'
    status:
      code: 200
      message: ''
- request:
    body: '{"location": "westus", "tags": {"platformsettings.host_environment.service.platform_optedin_for_rootcerts":
      "true"}, "properties": {"hardwareProfile": {"vmSize": "Standard_DS1_v2"}, "storageProfile":
      {"osDisk": {"osType": "Linux", "name": "osdisk_7b02635fab", "vhd": {"uri": "https://vhdstorage7b02635faba499.blob.core.windows.net/vhds/osdisk_7b02635fab.vhd"},
      "caching": "ReadWrite", "createOption": "FromImage", "diskSizeGB": 30, "deleteOption":
      "Detach"}, "dataDisks": [{"lun": 1, "name": "d7", "vhd": {"uri": "https://vhdstorage7b02635faba499.blob.core.windows.net/vhds/d7.vhd"},
      "caching": "ReadWrite", "createOption": "Empty", "diskSizeGB": 8}]}, "osProfile":
      {"computerName": "vm-datadisk-test", "adminUsername": "ubuntu", "linuxConfiguration":
      {"disablePasswordAuthentication": false, "provisionVMAgent": true, "patchSettings":
      {"patchMode": "ImageDefault", "assessmentMode": "ImageDefault"}, "enableVMAgentPlatformUpdates":
      false}, "secrets": [], "allowExtensionOperations": true, "requireGuestProvisionSignal":
      true}, "networkProfile": {"networkInterfaces": [{"id": "/subscriptions/00000000-0000-0000-0000-000000000000/resourceGroups/cli-test-disk000001/providers/Microsoft.Network/networkInterfaces/vm-datadisk-testVMNic"}]}}}'
    headers:
      Accept:
      - application/json
      Accept-Encoding:
      - gzip, deflate
      CommandName:
      - vm unmanaged-disk attach
      Connection:
      - keep-alive
      Content-Length:
      - '1237'
      Content-Type:
      - application/json
      ParameterSetName:
      - -g --vm-name -n --vhd --new --caching --size-gb --lun
      User-Agent:
      - AZURECLI/2.53.1 azsdk-python-azure-mgmt-compute/30.0.0 Python/3.8.10 (Windows-10-10.0.22631-SP0)
    method: PUT
    uri: https://management.azure.com/subscriptions/00000000-0000-0000-0000-000000000000/resourceGroups/cli-test-disk000001/providers/Microsoft.Compute/virtualMachines/vm-datadisk-test?api-version=2022-11-01
  response:
    body:
      string: "{\r\n  \"name\": \"vm-datadisk-test\",\r\n  \"id\": \"/subscriptions/00000000-0000-0000-0000-000000000000/resourceGroups/cli-test-disk000001/providers/Microsoft.Compute/virtualMachines/vm-datadisk-test\",\r\n
        \ \"type\": \"Microsoft.Compute/virtualMachines\",\r\n  \"location\": \"westus\",\r\n
        \ \"tags\": {\r\n    \"platformsettings.host_environment.service.platform_optedin_for_rootcerts\":
        \"true\",\r\n    \"azsecpack\": \"nonprod\"\r\n  },\r\n  \"properties\": {\r\n
        \   \"hardwareProfile\": {\r\n      \"vmSize\": \"Standard_DS1_v2\"\r\n    },\r\n
        \   \"provisioningState\": \"Updating\",\r\n    \"vmId\": \"83454f15-0ef0-4f95-9d1a-187345cc6b59\",\r\n
        \   \"storageProfile\": {\r\n      \"imageReference\": {\r\n        \"publisher\":
        \"OpenLogic\",\r\n        \"offer\": \"CentOS\",\r\n        \"sku\": \"7.5\",\r\n
        \       \"version\": \"latest\",\r\n        \"exactVersion\": \"7.5.201808150\"\r\n
        \     },\r\n      \"osDisk\": {\r\n        \"osType\": \"Linux\",\r\n        \"name\":
        \"osdisk_7b02635fab\",\r\n        \"createOption\": \"FromImage\",\r\n        \"vhd\":
        {\r\n          \"uri\": \"https://vhdstorage7b02635faba499.blob.core.windows.net/vhds/osdisk_7b02635fab.vhd\"\r\n
        \       },\r\n        \"caching\": \"ReadWrite\",\r\n        \"deleteOption\":
        \"Detach\",\r\n        \"diskSizeGB\": 30\r\n      },\r\n      \"dataDisks\":
        [\r\n        {\r\n          \"lun\": 1,\r\n          \"name\": \"d7\",\r\n
        \         \"createOption\": \"Empty\",\r\n          \"vhd\": {\r\n            \"uri\":
        \"https://vhdstorage7b02635faba499.blob.core.windows.net/vhds/d7.vhd\"\r\n
        \         },\r\n          \"caching\": \"ReadWrite\",\r\n          \"deleteOption\":
        \"Detach\",\r\n          \"diskSizeGB\": 8,\r\n          \"toBeDetached\":
        false\r\n        }\r\n      ]\r\n    },\r\n    \"osProfile\": {\r\n      \"computerName\":
        \"vm-datadisk-test\",\r\n      \"adminUsername\": \"ubuntu\",\r\n      \"linuxConfiguration\":
        {\r\n        \"disablePasswordAuthentication\": false,\r\n        \"provisionVMAgent\":
        true,\r\n        \"patchSettings\": {\r\n          \"patchMode\": \"ImageDefault\",\r\n
        \         \"assessmentMode\": \"ImageDefault\"\r\n        },\r\n        \"enableVMAgentPlatformUpdates\":
        false\r\n      },\r\n      \"secrets\": [],\r\n      \"allowExtensionOperations\":
        true,\r\n      \"requireGuestProvisionSignal\": true\r\n    },\r\n    \"networkProfile\":
        {\"networkInterfaces\":[{\"id\":\"/subscriptions/00000000-0000-0000-0000-000000000000/resourceGroups/cli-test-disk000001/providers/Microsoft.Network/networkInterfaces/vm-datadisk-testVMNic\"}]},\r\n
        \   \"timeCreated\": \"2023-11-20T23:50:44.1987562+00:00\"\r\n  }\r\n}"
    headers:
      azure-asyncnotification:
      - Enabled
      azure-asyncoperation:
      - https://management.azure.com/subscriptions/00000000-0000-0000-0000-000000000000/providers/Microsoft.Compute/locations/westus/operations/287823a5-f77e-4852-818a-b502c8bd3c4e?p=fe34a652-31ab-43c2-b2cd-0accbaa532dd&api-version=2022-11-01&t=638361211136559322&c=MIIHHjCCBgagAwIBAgITfwI8ooo2761TEgO3SgAEAjyiijANBgkqhkiG9w0BAQsFADBEMRMwEQYKCZImiZPyLGQBGRYDR0JMMRMwEQYKCZImiZPyLGQBGRYDQU1FMRgwFgYDVQQDEw9BTUUgSW5mcmEgQ0EgMDIwHhcNMjMxMTAxMTc1NTI2WhcNMjQxMDI2MTc1NTI2WjBAMT4wPAYDVQQDEzVhc3luY29wZXJhdGlvbnNpZ25pbmdjZXJ0aWZpY2F0ZS5tYW5hZ2VtZW50LmF6dXJlLmNvbTCCASIwDQYJKoZIhvcNAQEBBQADggEPADCCAQoCggEBAJ0WQLjgbZj70uXwL_AnKvEas1GVvOB7Og4giEY7H0L78RFiY2-CzzgMKyZV8H3ACZxqQoBMWsq9XAf4iUNAer7s23VPyWkoVdr2uTc8SCvur4qja77OTMKiRVU277ViRu_Mb-fJvQKeRO3Q8A4Sg1A63a2VQ_WlyOCHPBj-gUF0zU4SYnlqSYGcNmuhCjtHpVvF_N3CGz0JlGTo3ia0wmks2y95IHeD0lcr0AgP73_eafbKafZn4Z56GdC3lngKdhyEiQi_kPyxaydv1PfV2xX9OLKvB19e9jLB43QA9r5k5DsAhqtv6eqwHBdW07S9MCMu8kwoYUpX1TTGapizc6ECAwEAAaOCBAswggQHMCcGCSsGAQQBgjcVCgQaMBgwCgYIKwYBBQUHAwEwCgYIKwYBBQUHAwIwPQYJKwYBBAGCNxUHBDAwLgYmKwYBBAGCNxUIhpDjDYTVtHiE8Ys-hZvdFs6dEoFggvX2K4Py0SACAWQCAQowggHaBggrBgEFBQcBAQSCAcwwggHIMGYGCCsGAQUFBzAChlpodHRwOi8vY3JsLm1pY3Jvc29mdC5jb20vcGtpaW5mcmEvQ2VydHMvQkwyUEtJSU5UQ0EwMS5BTUUuR0JMX0FNRSUyMEluZnJhJTIwQ0ElMjAwMig0KS5jcnQwVgYIKwYBBQUHMAKGSmh0dHA6Ly9jcmwxLmFtZS5nYmwvYWlhL0JMMlBLSUlOVENBMDEuQU1FLkdCTF9BTUUlMjBJbmZyYSUyMENBJTIwMDIoNCkuY3J0MFYGCCsGAQUFBzAChkpodHRwOi8vY3JsMi5hbWUuZ2JsL2FpYS9CTDJQS0lJTlRDQTAxLkFNRS5HQkxfQU1FJTIwSW5mcmElMjBDQSUyMDAyKDQpLmNydDBWBggrBgEFBQcwAoZKaHR0cDovL2NybDMuYW1lLmdibC9haWEvQkwyUEtJSU5UQ0EwMS5BTUUuR0JMX0FNRSUyMEluZnJhJTIwQ0ElMjAwMig0KS5jcnQwVgYIKwYBBQUHMAKGSmh0dHA6Ly9jcmw0LmFtZS5nYmwvYWlhL0JMMlBLSUlOVENBMDEuQU1FLkdCTF9BTUUlMjBJbmZyYSUyMENBJTIwMDIoNCkuY3J0MB0GA1UdDgQWBBTwk8yVBP3k-Qa8LdSw6mv--mLIvDAOBgNVHQ8BAf8EBAMCBaAwggE1BgNVHR8EggEsMIIBKDCCASSgggEgoIIBHIZCaHR0cDovL2NybC5taWNyb3NvZnQuY29tL3BraWluZnJhL0NSTC9BTUUlMjBJbmZyYSUyMENBJTIwMDIoNCkuY3JshjRodHRwOi8vY3JsMS5hbWUuZ2JsL2NybC9BTUUlMjBJbmZyYSUyMENBJTIwMDIoNCkuY3JshjRodHRwOi8vY3JsMi5hbWUuZ2JsL2NybC9BTUUlMjBJbmZyYSUyMENBJTIwMDIoNCkuY3JshjRodHRwOi8vY3JsMy5hbWUuZ2JsL2NybC9BTUUlMjBJbmZyYSUyMENBJTIwMDIoNCkuY3JshjRodHRwOi8vY3JsNC5hbWUuZ2JsL2NybC9BTUUlMjBJbmZyYSUyMENBJTIwMDIoNCkuY3JsMBcGA1UdIAQQMA4wDAYKKwYBBAGCN3sBATAfBgNVHSMEGDAWgBSuecJrXSWIEwb2BwnDl3x7l48dVTAdBgNVHSUEFjAUBggrBgEFBQcDAQYIKwYBBQUHAwIwDQYJKoZIhvcNAQELBQADggEBAKR8h2puMUi3SGdIfblcEylOBfcaCRtDDIvC64QKLae7vOAe1f8SpXEFfYeIl5xydb8lEUYApxL701SQSy-NPuBuuQ0CIMKjZ-xCj9VbjQIykosQBVJvxp5I0TplyumFiehQP3zZuc1PZ2hg05aq3CKSbJGKFlow_8P9RN66yeKWGE7SWV9NZThEL8VfEXjl_ITgWb-L1SmnFKTdOVNVDQoRjjX-JqVobqh0O4K0dsPapDoAdqjIECodvocGyWtCEwIk-j8yyBxqX_JzzumMzxUMrxCjaosaJVOvoJB7vh6WuiYfHondyzaGqjm9Bjpqj46bQXojx6xALlzNX5x_j_g&s=OQIDx_SQTsMEwqUNtkaGnxdAQDBa9ca4m7wGIZmtFZshci16hTRCznIs_jZ_N2dwN7gn0Xd2t0CfoSa4YjKAZ_SuLOc50cOOlMCFrNqjfK3uNWZFPGGXWd5fgqREXS9DgKKcd6HKfzN_V6NnUx_7YxQo2eFHhIPqlfyhPKMMxjCFW8l_xlJu-SuctM_IGK7lOh6cJxZgu_vdfnMuPidF_uIMCau_xuJYuIo7pMjDBNRzIOoQnIfUQtPL43uj-n26aQB1urL789r9Ffgc9j9WmezWxeQty1xm0s0UMOc-qAVmzn3VhrYVRGwtUTptPdj-opEdIo3bs4e8Tar4Zjqd0A&h=VdNR63w1MoTAQzFdg3lEiVTyw042sSw18gmY-Bj01lU
      cache-control:
      - no-cache
      content-length:
      - '2340'
      content-type:
      - application/json; charset=utf-8
      date:
      - Mon, 20 Nov 2023 23:51:53 GMT
      expires:
      - '-1'
      pragma:
      - no-cache
      strict-transport-security:
      - max-age=31536000; includeSubDomains
      x-cache:
      - CONFIG_NOCACHE
      x-content-type-options:
      - nosniff
      x-ms-ratelimit-remaining-resource:
      - Microsoft.Compute/PutVM3Min;234,Microsoft.Compute/PutVM30Min;1144
      x-ms-ratelimit-remaining-subscription-writes:
      - '1195'
      x-msedge-ref:
      - 'Ref A: BCFAC3A9F5F9411F9E3FDD3648824EF3 Ref B: CO6AA3150220039 Ref C: 2023-11-20T23:51:52Z'
    status:
      code: 200
      message: ''
- request:
    body: null
    headers:
      Accept:
      - '*/*'
      Accept-Encoding:
      - gzip, deflate
      CommandName:
      - vm unmanaged-disk attach
      Connection:
      - keep-alive
      ParameterSetName:
      - -g --vm-name -n --vhd --new --caching --size-gb --lun
      User-Agent:
      - AZURECLI/2.53.1 azsdk-python-azure-mgmt-compute/30.0.0 Python/3.8.10 (Windows-10-10.0.22631-SP0)
    method: GET
    uri: https://management.azure.com/subscriptions/00000000-0000-0000-0000-000000000000/providers/Microsoft.Compute/locations/westus/operations/287823a5-f77e-4852-818a-b502c8bd3c4e?p=fe34a652-31ab-43c2-b2cd-0accbaa532dd&api-version=2022-11-01&t=638361211136559322&c=MIIHHjCCBgagAwIBAgITfwI8ooo2761TEgO3SgAEAjyiijANBgkqhkiG9w0BAQsFADBEMRMwEQYKCZImiZPyLGQBGRYDR0JMMRMwEQYKCZImiZPyLGQBGRYDQU1FMRgwFgYDVQQDEw9BTUUgSW5mcmEgQ0EgMDIwHhcNMjMxMTAxMTc1NTI2WhcNMjQxMDI2MTc1NTI2WjBAMT4wPAYDVQQDEzVhc3luY29wZXJhdGlvbnNpZ25pbmdjZXJ0aWZpY2F0ZS5tYW5hZ2VtZW50LmF6dXJlLmNvbTCCASIwDQYJKoZIhvcNAQEBBQADggEPADCCAQoCggEBAJ0WQLjgbZj70uXwL_AnKvEas1GVvOB7Og4giEY7H0L78RFiY2-CzzgMKyZV8H3ACZxqQoBMWsq9XAf4iUNAer7s23VPyWkoVdr2uTc8SCvur4qja77OTMKiRVU277ViRu_Mb-fJvQKeRO3Q8A4Sg1A63a2VQ_WlyOCHPBj-gUF0zU4SYnlqSYGcNmuhCjtHpVvF_N3CGz0JlGTo3ia0wmks2y95IHeD0lcr0AgP73_eafbKafZn4Z56GdC3lngKdhyEiQi_kPyxaydv1PfV2xX9OLKvB19e9jLB43QA9r5k5DsAhqtv6eqwHBdW07S9MCMu8kwoYUpX1TTGapizc6ECAwEAAaOCBAswggQHMCcGCSsGAQQBgjcVCgQaMBgwCgYIKwYBBQUHAwEwCgYIKwYBBQUHAwIwPQYJKwYBBAGCNxUHBDAwLgYmKwYBBAGCNxUIhpDjDYTVtHiE8Ys-hZvdFs6dEoFggvX2K4Py0SACAWQCAQowggHaBggrBgEFBQcBAQSCAcwwggHIMGYGCCsGAQUFBzAChlpodHRwOi8vY3JsLm1pY3Jvc29mdC5jb20vcGtpaW5mcmEvQ2VydHMvQkwyUEtJSU5UQ0EwMS5BTUUuR0JMX0FNRSUyMEluZnJhJTIwQ0ElMjAwMig0KS5jcnQwVgYIKwYBBQUHMAKGSmh0dHA6Ly9jcmwxLmFtZS5nYmwvYWlhL0JMMlBLSUlOVENBMDEuQU1FLkdCTF9BTUUlMjBJbmZyYSUyMENBJTIwMDIoNCkuY3J0MFYGCCsGAQUFBzAChkpodHRwOi8vY3JsMi5hbWUuZ2JsL2FpYS9CTDJQS0lJTlRDQTAxLkFNRS5HQkxfQU1FJTIwSW5mcmElMjBDQSUyMDAyKDQpLmNydDBWBggrBgEFBQcwAoZKaHR0cDovL2NybDMuYW1lLmdibC9haWEvQkwyUEtJSU5UQ0EwMS5BTUUuR0JMX0FNRSUyMEluZnJhJTIwQ0ElMjAwMig0KS5jcnQwVgYIKwYBBQUHMAKGSmh0dHA6Ly9jcmw0LmFtZS5nYmwvYWlhL0JMMlBLSUlOVENBMDEuQU1FLkdCTF9BTUUlMjBJbmZyYSUyMENBJTIwMDIoNCkuY3J0MB0GA1UdDgQWBBTwk8yVBP3k-Qa8LdSw6mv--mLIvDAOBgNVHQ8BAf8EBAMCBaAwggE1BgNVHR8EggEsMIIBKDCCASSgggEgoIIBHIZCaHR0cDovL2NybC5taWNyb3NvZnQuY29tL3BraWluZnJhL0NSTC9BTUUlMjBJbmZyYSUyMENBJTIwMDIoNCkuY3JshjRodHRwOi8vY3JsMS5hbWUuZ2JsL2NybC9BTUUlMjBJbmZyYSUyMENBJTIwMDIoNCkuY3JshjRodHRwOi8vY3JsMi5hbWUuZ2JsL2NybC9BTUUlMjBJbmZyYSUyMENBJTIwMDIoNCkuY3JshjRodHRwOi8vY3JsMy5hbWUuZ2JsL2NybC9BTUUlMjBJbmZyYSUyMENBJTIwMDIoNCkuY3JshjRodHRwOi8vY3JsNC5hbWUuZ2JsL2NybC9BTUUlMjBJbmZyYSUyMENBJTIwMDIoNCkuY3JsMBcGA1UdIAQQMA4wDAYKKwYBBAGCN3sBATAfBgNVHSMEGDAWgBSuecJrXSWIEwb2BwnDl3x7l48dVTAdBgNVHSUEFjAUBggrBgEFBQcDAQYIKwYBBQUHAwIwDQYJKoZIhvcNAQELBQADggEBAKR8h2puMUi3SGdIfblcEylOBfcaCRtDDIvC64QKLae7vOAe1f8SpXEFfYeIl5xydb8lEUYApxL701SQSy-NPuBuuQ0CIMKjZ-xCj9VbjQIykosQBVJvxp5I0TplyumFiehQP3zZuc1PZ2hg05aq3CKSbJGKFlow_8P9RN66yeKWGE7SWV9NZThEL8VfEXjl_ITgWb-L1SmnFKTdOVNVDQoRjjX-JqVobqh0O4K0dsPapDoAdqjIECodvocGyWtCEwIk-j8yyBxqX_JzzumMzxUMrxCjaosaJVOvoJB7vh6WuiYfHondyzaGqjm9Bjpqj46bQXojx6xALlzNX5x_j_g&s=OQIDx_SQTsMEwqUNtkaGnxdAQDBa9ca4m7wGIZmtFZshci16hTRCznIs_jZ_N2dwN7gn0Xd2t0CfoSa4YjKAZ_SuLOc50cOOlMCFrNqjfK3uNWZFPGGXWd5fgqREXS9DgKKcd6HKfzN_V6NnUx_7YxQo2eFHhIPqlfyhPKMMxjCFW8l_xlJu-SuctM_IGK7lOh6cJxZgu_vdfnMuPidF_uIMCau_xuJYuIo7pMjDBNRzIOoQnIfUQtPL43uj-n26aQB1urL789r9Ffgc9j9WmezWxeQty1xm0s0UMOc-qAVmzn3VhrYVRGwtUTptPdj-opEdIo3bs4e8Tar4Zjqd0A&h=VdNR63w1MoTAQzFdg3lEiVTyw042sSw18gmY-Bj01lU
  response:
    body:
      string: "{\r\n  \"startTime\": \"2023-11-20T23:51:53.2460934+00:00\",\r\n  \"status\":
        \"InProgress\",\r\n  \"name\": \"287823a5-f77e-4852-818a-b502c8bd3c4e\"\r\n}"
    headers:
      cache-control:
      - no-cache
      content-length:
      - '134'
      content-type:
      - application/json; charset=utf-8
      date:
      - Mon, 20 Nov 2023 23:51:53 GMT
      expires:
      - '-1'
      pragma:
      - no-cache
      strict-transport-security:
      - max-age=31536000; includeSubDomains
      x-cache:
      - CONFIG_NOCACHE
      x-content-type-options:
      - nosniff
      x-ms-ratelimit-remaining-resource:
      - Microsoft.Compute/GetOperation3Min;14952,Microsoft.Compute/GetOperation30Min;29572
      x-msedge-ref:
      - 'Ref A: 4FB2AE58155543B891457F029D4503C7 Ref B: CO6AA3150220039 Ref C: 2023-11-20T23:51:53Z'
    status:
      code: 200
      message: ''
- request:
    body: null
    headers:
      Accept:
      - '*/*'
      Accept-Encoding:
      - gzip, deflate
      CommandName:
      - vm unmanaged-disk attach
      Connection:
      - keep-alive
      ParameterSetName:
      - -g --vm-name -n --vhd --new --caching --size-gb --lun
      User-Agent:
      - AZURECLI/2.53.1 azsdk-python-azure-mgmt-compute/30.0.0 Python/3.8.10 (Windows-10-10.0.22631-SP0)
    method: GET
    uri: https://management.azure.com/subscriptions/00000000-0000-0000-0000-000000000000/providers/Microsoft.Compute/locations/westus/operations/287823a5-f77e-4852-818a-b502c8bd3c4e?p=fe34a652-31ab-43c2-b2cd-0accbaa532dd&api-version=2022-11-01&t=638361211136559322&c=MIIHHjCCBgagAwIBAgITfwI8ooo2761TEgO3SgAEAjyiijANBgkqhkiG9w0BAQsFADBEMRMwEQYKCZImiZPyLGQBGRYDR0JMMRMwEQYKCZImiZPyLGQBGRYDQU1FMRgwFgYDVQQDEw9BTUUgSW5mcmEgQ0EgMDIwHhcNMjMxMTAxMTc1NTI2WhcNMjQxMDI2MTc1NTI2WjBAMT4wPAYDVQQDEzVhc3luY29wZXJhdGlvbnNpZ25pbmdjZXJ0aWZpY2F0ZS5tYW5hZ2VtZW50LmF6dXJlLmNvbTCCASIwDQYJKoZIhvcNAQEBBQADggEPADCCAQoCggEBAJ0WQLjgbZj70uXwL_AnKvEas1GVvOB7Og4giEY7H0L78RFiY2-CzzgMKyZV8H3ACZxqQoBMWsq9XAf4iUNAer7s23VPyWkoVdr2uTc8SCvur4qja77OTMKiRVU277ViRu_Mb-fJvQKeRO3Q8A4Sg1A63a2VQ_WlyOCHPBj-gUF0zU4SYnlqSYGcNmuhCjtHpVvF_N3CGz0JlGTo3ia0wmks2y95IHeD0lcr0AgP73_eafbKafZn4Z56GdC3lngKdhyEiQi_kPyxaydv1PfV2xX9OLKvB19e9jLB43QA9r5k5DsAhqtv6eqwHBdW07S9MCMu8kwoYUpX1TTGapizc6ECAwEAAaOCBAswggQHMCcGCSsGAQQBgjcVCgQaMBgwCgYIKwYBBQUHAwEwCgYIKwYBBQUHAwIwPQYJKwYBBAGCNxUHBDAwLgYmKwYBBAGCNxUIhpDjDYTVtHiE8Ys-hZvdFs6dEoFggvX2K4Py0SACAWQCAQowggHaBggrBgEFBQcBAQSCAcwwggHIMGYGCCsGAQUFBzAChlpodHRwOi8vY3JsLm1pY3Jvc29mdC5jb20vcGtpaW5mcmEvQ2VydHMvQkwyUEtJSU5UQ0EwMS5BTUUuR0JMX0FNRSUyMEluZnJhJTIwQ0ElMjAwMig0KS5jcnQwVgYIKwYBBQUHMAKGSmh0dHA6Ly9jcmwxLmFtZS5nYmwvYWlhL0JMMlBLSUlOVENBMDEuQU1FLkdCTF9BTUUlMjBJbmZyYSUyMENBJTIwMDIoNCkuY3J0MFYGCCsGAQUFBzAChkpodHRwOi8vY3JsMi5hbWUuZ2JsL2FpYS9CTDJQS0lJTlRDQTAxLkFNRS5HQkxfQU1FJTIwSW5mcmElMjBDQSUyMDAyKDQpLmNydDBWBggrBgEFBQcwAoZKaHR0cDovL2NybDMuYW1lLmdibC9haWEvQkwyUEtJSU5UQ0EwMS5BTUUuR0JMX0FNRSUyMEluZnJhJTIwQ0ElMjAwMig0KS5jcnQwVgYIKwYBBQUHMAKGSmh0dHA6Ly9jcmw0LmFtZS5nYmwvYWlhL0JMMlBLSUlOVENBMDEuQU1FLkdCTF9BTUUlMjBJbmZyYSUyMENBJTIwMDIoNCkuY3J0MB0GA1UdDgQWBBTwk8yVBP3k-Qa8LdSw6mv--mLIvDAOBgNVHQ8BAf8EBAMCBaAwggE1BgNVHR8EggEsMIIBKDCCASSgggEgoIIBHIZCaHR0cDovL2NybC5taWNyb3NvZnQuY29tL3BraWluZnJhL0NSTC9BTUUlMjBJbmZyYSUyMENBJTIwMDIoNCkuY3JshjRodHRwOi8vY3JsMS5hbWUuZ2JsL2NybC9BTUUlMjBJbmZyYSUyMENBJTIwMDIoNCkuY3JshjRodHRwOi8vY3JsMi5hbWUuZ2JsL2NybC9BTUUlMjBJbmZyYSUyMENBJTIwMDIoNCkuY3JshjRodHRwOi8vY3JsMy5hbWUuZ2JsL2NybC9BTUUlMjBJbmZyYSUyMENBJTIwMDIoNCkuY3JshjRodHRwOi8vY3JsNC5hbWUuZ2JsL2NybC9BTUUlMjBJbmZyYSUyMENBJTIwMDIoNCkuY3JsMBcGA1UdIAQQMA4wDAYKKwYBBAGCN3sBATAfBgNVHSMEGDAWgBSuecJrXSWIEwb2BwnDl3x7l48dVTAdBgNVHSUEFjAUBggrBgEFBQcDAQYIKwYBBQUHAwIwDQYJKoZIhvcNAQELBQADggEBAKR8h2puMUi3SGdIfblcEylOBfcaCRtDDIvC64QKLae7vOAe1f8SpXEFfYeIl5xydb8lEUYApxL701SQSy-NPuBuuQ0CIMKjZ-xCj9VbjQIykosQBVJvxp5I0TplyumFiehQP3zZuc1PZ2hg05aq3CKSbJGKFlow_8P9RN66yeKWGE7SWV9NZThEL8VfEXjl_ITgWb-L1SmnFKTdOVNVDQoRjjX-JqVobqh0O4K0dsPapDoAdqjIECodvocGyWtCEwIk-j8yyBxqX_JzzumMzxUMrxCjaosaJVOvoJB7vh6WuiYfHondyzaGqjm9Bjpqj46bQXojx6xALlzNX5x_j_g&s=OQIDx_SQTsMEwqUNtkaGnxdAQDBa9ca4m7wGIZmtFZshci16hTRCznIs_jZ_N2dwN7gn0Xd2t0CfoSa4YjKAZ_SuLOc50cOOlMCFrNqjfK3uNWZFPGGXWd5fgqREXS9DgKKcd6HKfzN_V6NnUx_7YxQo2eFHhIPqlfyhPKMMxjCFW8l_xlJu-SuctM_IGK7lOh6cJxZgu_vdfnMuPidF_uIMCau_xuJYuIo7pMjDBNRzIOoQnIfUQtPL43uj-n26aQB1urL789r9Ffgc9j9WmezWxeQty1xm0s0UMOc-qAVmzn3VhrYVRGwtUTptPdj-opEdIo3bs4e8Tar4Zjqd0A&h=VdNR63w1MoTAQzFdg3lEiVTyw042sSw18gmY-Bj01lU
  response:
    body:
      string: "{\r\n  \"startTime\": \"2023-11-20T23:51:53.2460934+00:00\",\r\n  \"status\":
        \"InProgress\",\r\n  \"name\": \"287823a5-f77e-4852-818a-b502c8bd3c4e\"\r\n}"
    headers:
      cache-control:
      - no-cache
      content-length:
      - '134'
      content-type:
      - application/json; charset=utf-8
      date:
      - Mon, 20 Nov 2023 23:52:23 GMT
      expires:
      - '-1'
      pragma:
      - no-cache
      strict-transport-security:
      - max-age=31536000; includeSubDomains
      x-cache:
      - CONFIG_NOCACHE
      x-content-type-options:
      - nosniff
      x-ms-ratelimit-remaining-resource:
      - Microsoft.Compute/GetOperation3Min;14950,Microsoft.Compute/GetOperation30Min;29564
      x-msedge-ref:
      - 'Ref A: 6D50C503E8204CCDBD76FE66A15A4143 Ref B: CO6AA3150220039 Ref C: 2023-11-20T23:52:23Z'
    status:
      code: 200
      message: ''
- request:
    body: null
    headers:
      Accept:
      - '*/*'
      Accept-Encoding:
      - gzip, deflate
      CommandName:
      - vm unmanaged-disk attach
      Connection:
      - keep-alive
      ParameterSetName:
      - -g --vm-name -n --vhd --new --caching --size-gb --lun
      User-Agent:
      - AZURECLI/2.53.1 azsdk-python-azure-mgmt-compute/30.0.0 Python/3.8.10 (Windows-10-10.0.22631-SP0)
    method: GET
    uri: https://management.azure.com/subscriptions/00000000-0000-0000-0000-000000000000/providers/Microsoft.Compute/locations/westus/operations/287823a5-f77e-4852-818a-b502c8bd3c4e?p=fe34a652-31ab-43c2-b2cd-0accbaa532dd&api-version=2022-11-01&t=638361211136559322&c=MIIHHjCCBgagAwIBAgITfwI8ooo2761TEgO3SgAEAjyiijANBgkqhkiG9w0BAQsFADBEMRMwEQYKCZImiZPyLGQBGRYDR0JMMRMwEQYKCZImiZPyLGQBGRYDQU1FMRgwFgYDVQQDEw9BTUUgSW5mcmEgQ0EgMDIwHhcNMjMxMTAxMTc1NTI2WhcNMjQxMDI2MTc1NTI2WjBAMT4wPAYDVQQDEzVhc3luY29wZXJhdGlvbnNpZ25pbmdjZXJ0aWZpY2F0ZS5tYW5hZ2VtZW50LmF6dXJlLmNvbTCCASIwDQYJKoZIhvcNAQEBBQADggEPADCCAQoCggEBAJ0WQLjgbZj70uXwL_AnKvEas1GVvOB7Og4giEY7H0L78RFiY2-CzzgMKyZV8H3ACZxqQoBMWsq9XAf4iUNAer7s23VPyWkoVdr2uTc8SCvur4qja77OTMKiRVU277ViRu_Mb-fJvQKeRO3Q8A4Sg1A63a2VQ_WlyOCHPBj-gUF0zU4SYnlqSYGcNmuhCjtHpVvF_N3CGz0JlGTo3ia0wmks2y95IHeD0lcr0AgP73_eafbKafZn4Z56GdC3lngKdhyEiQi_kPyxaydv1PfV2xX9OLKvB19e9jLB43QA9r5k5DsAhqtv6eqwHBdW07S9MCMu8kwoYUpX1TTGapizc6ECAwEAAaOCBAswggQHMCcGCSsGAQQBgjcVCgQaMBgwCgYIKwYBBQUHAwEwCgYIKwYBBQUHAwIwPQYJKwYBBAGCNxUHBDAwLgYmKwYBBAGCNxUIhpDjDYTVtHiE8Ys-hZvdFs6dEoFggvX2K4Py0SACAWQCAQowggHaBggrBgEFBQcBAQSCAcwwggHIMGYGCCsGAQUFBzAChlpodHRwOi8vY3JsLm1pY3Jvc29mdC5jb20vcGtpaW5mcmEvQ2VydHMvQkwyUEtJSU5UQ0EwMS5BTUUuR0JMX0FNRSUyMEluZnJhJTIwQ0ElMjAwMig0KS5jcnQwVgYIKwYBBQUHMAKGSmh0dHA6Ly9jcmwxLmFtZS5nYmwvYWlhL0JMMlBLSUlOVENBMDEuQU1FLkdCTF9BTUUlMjBJbmZyYSUyMENBJTIwMDIoNCkuY3J0MFYGCCsGAQUFBzAChkpodHRwOi8vY3JsMi5hbWUuZ2JsL2FpYS9CTDJQS0lJTlRDQTAxLkFNRS5HQkxfQU1FJTIwSW5mcmElMjBDQSUyMDAyKDQpLmNydDBWBggrBgEFBQcwAoZKaHR0cDovL2NybDMuYW1lLmdibC9haWEvQkwyUEtJSU5UQ0EwMS5BTUUuR0JMX0FNRSUyMEluZnJhJTIwQ0ElMjAwMig0KS5jcnQwVgYIKwYBBQUHMAKGSmh0dHA6Ly9jcmw0LmFtZS5nYmwvYWlhL0JMMlBLSUlOVENBMDEuQU1FLkdCTF9BTUUlMjBJbmZyYSUyMENBJTIwMDIoNCkuY3J0MB0GA1UdDgQWBBTwk8yVBP3k-Qa8LdSw6mv--mLIvDAOBgNVHQ8BAf8EBAMCBaAwggE1BgNVHR8EggEsMIIBKDCCASSgggEgoIIBHIZCaHR0cDovL2NybC5taWNyb3NvZnQuY29tL3BraWluZnJhL0NSTC9BTUUlMjBJbmZyYSUyMENBJTIwMDIoNCkuY3JshjRodHRwOi8vY3JsMS5hbWUuZ2JsL2NybC9BTUUlMjBJbmZyYSUyMENBJTIwMDIoNCkuY3JshjRodHRwOi8vY3JsMi5hbWUuZ2JsL2NybC9BTUUlMjBJbmZyYSUyMENBJTIwMDIoNCkuY3JshjRodHRwOi8vY3JsMy5hbWUuZ2JsL2NybC9BTUUlMjBJbmZyYSUyMENBJTIwMDIoNCkuY3JshjRodHRwOi8vY3JsNC5hbWUuZ2JsL2NybC9BTUUlMjBJbmZyYSUyMENBJTIwMDIoNCkuY3JsMBcGA1UdIAQQMA4wDAYKKwYBBAGCN3sBATAfBgNVHSMEGDAWgBSuecJrXSWIEwb2BwnDl3x7l48dVTAdBgNVHSUEFjAUBggrBgEFBQcDAQYIKwYBBQUHAwIwDQYJKoZIhvcNAQELBQADggEBAKR8h2puMUi3SGdIfblcEylOBfcaCRtDDIvC64QKLae7vOAe1f8SpXEFfYeIl5xydb8lEUYApxL701SQSy-NPuBuuQ0CIMKjZ-xCj9VbjQIykosQBVJvxp5I0TplyumFiehQP3zZuc1PZ2hg05aq3CKSbJGKFlow_8P9RN66yeKWGE7SWV9NZThEL8VfEXjl_ITgWb-L1SmnFKTdOVNVDQoRjjX-JqVobqh0O4K0dsPapDoAdqjIECodvocGyWtCEwIk-j8yyBxqX_JzzumMzxUMrxCjaosaJVOvoJB7vh6WuiYfHondyzaGqjm9Bjpqj46bQXojx6xALlzNX5x_j_g&s=OQIDx_SQTsMEwqUNtkaGnxdAQDBa9ca4m7wGIZmtFZshci16hTRCznIs_jZ_N2dwN7gn0Xd2t0CfoSa4YjKAZ_SuLOc50cOOlMCFrNqjfK3uNWZFPGGXWd5fgqREXS9DgKKcd6HKfzN_V6NnUx_7YxQo2eFHhIPqlfyhPKMMxjCFW8l_xlJu-SuctM_IGK7lOh6cJxZgu_vdfnMuPidF_uIMCau_xuJYuIo7pMjDBNRzIOoQnIfUQtPL43uj-n26aQB1urL789r9Ffgc9j9WmezWxeQty1xm0s0UMOc-qAVmzn3VhrYVRGwtUTptPdj-opEdIo3bs4e8Tar4Zjqd0A&h=VdNR63w1MoTAQzFdg3lEiVTyw042sSw18gmY-Bj01lU
  response:
    body:
      string: "{\r\n  \"startTime\": \"2023-11-20T23:51:53.2460934+00:00\",\r\n  \"endTime\":
        \"2023-11-20T23:52:35.4496187+00:00\",\r\n  \"status\": \"Succeeded\",\r\n
        \ \"name\": \"287823a5-f77e-4852-818a-b502c8bd3c4e\"\r\n}"
    headers:
      cache-control:
      - no-cache
      content-length:
      - '184'
      content-type:
      - application/json; charset=utf-8
      date:
      - Mon, 20 Nov 2023 23:52:53 GMT
      expires:
      - '-1'
      pragma:
      - no-cache
      strict-transport-security:
      - max-age=31536000; includeSubDomains
      x-cache:
      - CONFIG_NOCACHE
      x-content-type-options:
      - nosniff
      x-ms-ratelimit-remaining-resource:
      - Microsoft.Compute/GetOperation3Min;14920,Microsoft.Compute/GetOperation30Min;29528
      x-msedge-ref:
      - 'Ref A: DE188F13D392416C9E527BD2FE2C5221 Ref B: CO6AA3150220039 Ref C: 2023-11-20T23:52:54Z'
    status:
      code: 200
      message: ''
- request:
    body: null
    headers:
      Accept:
      - '*/*'
      Accept-Encoding:
      - gzip, deflate
      CommandName:
      - vm unmanaged-disk attach
      Connection:
      - keep-alive
      ParameterSetName:
      - -g --vm-name -n --vhd --new --caching --size-gb --lun
      User-Agent:
      - AZURECLI/2.53.1 azsdk-python-azure-mgmt-compute/30.0.0 Python/3.8.10 (Windows-10-10.0.22631-SP0)
    method: GET
    uri: https://management.azure.com/subscriptions/00000000-0000-0000-0000-000000000000/resourceGroups/cli-test-disk000001/providers/Microsoft.Compute/virtualMachines/vm-datadisk-test?api-version=2022-11-01
  response:
    body:
      string: "{\r\n  \"name\": \"vm-datadisk-test\",\r\n  \"id\": \"/subscriptions/00000000-0000-0000-0000-000000000000/resourceGroups/cli-test-disk000001/providers/Microsoft.Compute/virtualMachines/vm-datadisk-test\",\r\n
        \ \"type\": \"Microsoft.Compute/virtualMachines\",\r\n  \"location\": \"westus\",\r\n
        \ \"tags\": {\r\n    \"platformsettings.host_environment.service.platform_optedin_for_rootcerts\":
        \"true\",\r\n    \"azsecpack\": \"nonprod\"\r\n  },\r\n  \"identity\": {\r\n
        \   \"type\": \"UserAssigned\",\r\n    \"userAssignedIdentities\": {\r\n      \"/subscriptions/00000000-0000-0000-0000-000000000000/resourceGroups/AzSecPackAutoConfigRG/providers/Microsoft.ManagedIdentity/userAssignedIdentities/AzSecPackAutoConfigUA-westus\":
        {\r\n        \"principalId\": \"5d9bb1dc-4d10-4b89-a2c3-b450aa2dde7c\",\r\n
        \       \"clientId\": \"dfd888e8-9bc1-4d52-a44f-ee0d1226700e\"\r\n      }\r\n
        \   }\r\n  },\r\n  \"properties\": {\r\n    \"hardwareProfile\": {\r\n      \"vmSize\":
        \"Standard_DS1_v2\"\r\n    },\r\n    \"provisioningState\": \"Succeeded\",\r\n
        \   \"vmId\": \"83454f15-0ef0-4f95-9d1a-187345cc6b59\",\r\n    \"storageProfile\":
        {\r\n      \"imageReference\": {\r\n        \"publisher\": \"OpenLogic\",\r\n
        \       \"offer\": \"CentOS\",\r\n        \"sku\": \"7.5\",\r\n        \"version\":
        \"latest\",\r\n        \"exactVersion\": \"7.5.201808150\"\r\n      },\r\n
        \     \"osDisk\": {\r\n        \"osType\": \"Linux\",\r\n        \"name\":
        \"osdisk_7b02635fab\",\r\n        \"createOption\": \"FromImage\",\r\n        \"vhd\":
        {\r\n          \"uri\": \"https://vhdstorage7b02635faba499.blob.core.windows.net/vhds/osdisk_7b02635fab.vhd\"\r\n
        \       },\r\n        \"caching\": \"ReadWrite\",\r\n        \"deleteOption\":
        \"Detach\",\r\n        \"diskSizeGB\": 30\r\n      },\r\n      \"dataDisks\":
        [\r\n        {\r\n          \"lun\": 1,\r\n          \"name\": \"d7\",\r\n
        \         \"createOption\": \"Empty\",\r\n          \"vhd\": {\r\n            \"uri\":
        \"https://vhdstorage7b02635faba499.blob.core.windows.net/vhds/d7.vhd\"\r\n
        \         },\r\n          \"caching\": \"ReadWrite\",\r\n          \"deleteOption\":
        \"Detach\",\r\n          \"diskSizeGB\": 8,\r\n          \"toBeDetached\":
        false\r\n        }\r\n      ]\r\n    },\r\n    \"osProfile\": {\r\n      \"computerName\":
        \"vm-datadisk-test\",\r\n      \"adminUsername\": \"ubuntu\",\r\n      \"linuxConfiguration\":
        {\r\n        \"disablePasswordAuthentication\": false,\r\n        \"provisionVMAgent\":
        true,\r\n        \"patchSettings\": {\r\n          \"patchMode\": \"ImageDefault\",\r\n
        \         \"assessmentMode\": \"ImageDefault\"\r\n        },\r\n        \"enableVMAgentPlatformUpdates\":
        false\r\n      },\r\n      \"secrets\": [],\r\n      \"allowExtensionOperations\":
        true,\r\n      \"requireGuestProvisionSignal\": true\r\n    },\r\n    \"networkProfile\":
        {\"networkInterfaces\":[{\"id\":\"/subscriptions/00000000-0000-0000-0000-000000000000/resourceGroups/cli-test-disk000001/providers/Microsoft.Network/networkInterfaces/vm-datadisk-testVMNic\"}]},\r\n
        \   \"timeCreated\": \"2023-11-20T23:50:44.1987562+00:00\"\r\n  }\r\n}"
    headers:
      cache-control:
      - no-cache
      content-length:
      - '2755'
      content-type:
      - application/json; charset=utf-8
      date:
      - Mon, 20 Nov 2023 23:52:53 GMT
      expires:
      - '-1'
      pragma:
      - no-cache
      strict-transport-security:
      - max-age=31536000; includeSubDomains
      x-cache:
      - CONFIG_NOCACHE
      x-content-type-options:
      - nosniff
      x-ms-ratelimit-remaining-resource:
      - Microsoft.Compute/LowCostGet3Min;3905,Microsoft.Compute/LowCostGet30Min;31454
      x-msedge-ref:
      - 'Ref A: 7053C54841054FDCA8E864294B3C4F7A Ref B: CO6AA3150220039 Ref C: 2023-11-20T23:52:54Z'
    status:
      code: 200
      message: ''
- request:
    body: null
    headers:
      Accept:
      - application/json
      Accept-Encoding:
      - gzip, deflate
      CommandName:
      - vm show
      Connection:
      - keep-alive
      ParameterSetName:
      - -g -n
      User-Agent:
      - AZURECLI/2.53.1 azsdk-python-azure-mgmt-compute/30.0.0 Python/3.8.10 (Windows-10-10.0.22631-SP0)
    method: GET
    uri: https://management.azure.com/subscriptions/00000000-0000-0000-0000-000000000000/resourceGroups/cli-test-disk000001/providers/Microsoft.Compute/virtualMachines/vm-datadisk-test?api-version=2022-11-01
  response:
    body:
      string: "{\r\n  \"name\": \"vm-datadisk-test\",\r\n  \"id\": \"/subscriptions/00000000-0000-0000-0000-000000000000/resourceGroups/cli-test-disk000001/providers/Microsoft.Compute/virtualMachines/vm-datadisk-test\",\r\n
        \ \"type\": \"Microsoft.Compute/virtualMachines\",\r\n  \"location\": \"westus\",\r\n
        \ \"tags\": {\r\n    \"platformsettings.host_environment.service.platform_optedin_for_rootcerts\":
        \"true\",\r\n    \"azsecpack\": \"nonprod\"\r\n  },\r\n  \"identity\": {\r\n
        \   \"type\": \"UserAssigned\",\r\n    \"userAssignedIdentities\": {\r\n      \"/subscriptions/00000000-0000-0000-0000-000000000000/resourceGroups/AzSecPackAutoConfigRG/providers/Microsoft.ManagedIdentity/userAssignedIdentities/AzSecPackAutoConfigUA-westus\":
        {\r\n        \"principalId\": \"5d9bb1dc-4d10-4b89-a2c3-b450aa2dde7c\",\r\n
        \       \"clientId\": \"dfd888e8-9bc1-4d52-a44f-ee0d1226700e\"\r\n      }\r\n
        \   }\r\n  },\r\n  \"properties\": {\r\n    \"hardwareProfile\": {\r\n      \"vmSize\":
        \"Standard_DS1_v2\"\r\n    },\r\n    \"provisioningState\": \"Succeeded\",\r\n
        \   \"vmId\": \"83454f15-0ef0-4f95-9d1a-187345cc6b59\",\r\n    \"storageProfile\":
        {\r\n      \"imageReference\": {\r\n        \"publisher\": \"OpenLogic\",\r\n
        \       \"offer\": \"CentOS\",\r\n        \"sku\": \"7.5\",\r\n        \"version\":
        \"latest\",\r\n        \"exactVersion\": \"7.5.201808150\"\r\n      },\r\n
        \     \"osDisk\": {\r\n        \"osType\": \"Linux\",\r\n        \"name\":
        \"osdisk_7b02635fab\",\r\n        \"createOption\": \"FromImage\",\r\n        \"vhd\":
        {\r\n          \"uri\": \"https://vhdstorage7b02635faba499.blob.core.windows.net/vhds/osdisk_7b02635fab.vhd\"\r\n
        \       },\r\n        \"caching\": \"ReadWrite\",\r\n        \"deleteOption\":
        \"Detach\",\r\n        \"diskSizeGB\": 30\r\n      },\r\n      \"dataDisks\":
        [\r\n        {\r\n          \"lun\": 1,\r\n          \"name\": \"d7\",\r\n
        \         \"createOption\": \"Empty\",\r\n          \"vhd\": {\r\n            \"uri\":
        \"https://vhdstorage7b02635faba499.blob.core.windows.net/vhds/d7.vhd\"\r\n
        \         },\r\n          \"caching\": \"ReadWrite\",\r\n          \"deleteOption\":
        \"Detach\",\r\n          \"diskSizeGB\": 8,\r\n          \"toBeDetached\":
        false\r\n        }\r\n      ]\r\n    },\r\n    \"osProfile\": {\r\n      \"computerName\":
        \"vm-datadisk-test\",\r\n      \"adminUsername\": \"ubuntu\",\r\n      \"linuxConfiguration\":
        {\r\n        \"disablePasswordAuthentication\": false,\r\n        \"provisionVMAgent\":
        true,\r\n        \"patchSettings\": {\r\n          \"patchMode\": \"ImageDefault\",\r\n
        \         \"assessmentMode\": \"ImageDefault\"\r\n        },\r\n        \"enableVMAgentPlatformUpdates\":
        false\r\n      },\r\n      \"secrets\": [],\r\n      \"allowExtensionOperations\":
        true,\r\n      \"requireGuestProvisionSignal\": true\r\n    },\r\n    \"networkProfile\":
        {\"networkInterfaces\":[{\"id\":\"/subscriptions/00000000-0000-0000-0000-000000000000/resourceGroups/cli-test-disk000001/providers/Microsoft.Network/networkInterfaces/vm-datadisk-testVMNic\"}]},\r\n
        \   \"timeCreated\": \"2023-11-20T23:50:44.1987562+00:00\"\r\n  }\r\n}"
    headers:
      cache-control:
      - no-cache
      content-length:
      - '2755'
      content-type:
      - application/json; charset=utf-8
      date:
      - Mon, 20 Nov 2023 23:52:54 GMT
      expires:
      - '-1'
      pragma:
      - no-cache
      strict-transport-security:
      - max-age=31536000; includeSubDomains
      x-cache:
      - CONFIG_NOCACHE
      x-content-type-options:
      - nosniff
      x-ms-ratelimit-remaining-resource:
      - Microsoft.Compute/LowCostGet3Min;3901,Microsoft.Compute/LowCostGet30Min;31450
      x-msedge-ref:
      - 'Ref A: D0865BDF29B24D7CB37067DC9C1E0737 Ref B: CO6AA3150217053 Ref C: 2023-11-20T23:52:54Z'
    status:
      code: 200
      message: ''
- request:
    body: null
    headers:
      Accept:
      - application/json
      Accept-Encoding:
      - gzip, deflate
      CommandName:
      - vm unmanaged-disk detach
      Connection:
      - keep-alive
      ParameterSetName:
      - -g --vm-name -n
      User-Agent:
      - AZURECLI/2.53.1 azsdk-python-azure-mgmt-compute/30.0.0 Python/3.8.10 (Windows-10-10.0.22631-SP0)
    method: GET
    uri: https://management.azure.com/subscriptions/00000000-0000-0000-0000-000000000000/resourceGroups/cli-test-disk000001/providers/Microsoft.Compute/virtualMachines/vm-datadisk-test?api-version=2022-11-01
  response:
    body:
      string: "{\r\n  \"name\": \"vm-datadisk-test\",\r\n  \"id\": \"/subscriptions/00000000-0000-0000-0000-000000000000/resourceGroups/cli-test-disk000001/providers/Microsoft.Compute/virtualMachines/vm-datadisk-test\",\r\n
        \ \"type\": \"Microsoft.Compute/virtualMachines\",\r\n  \"location\": \"westus\",\r\n
        \ \"tags\": {\r\n    \"platformsettings.host_environment.service.platform_optedin_for_rootcerts\":
        \"true\",\r\n    \"azsecpack\": \"nonprod\"\r\n  },\r\n  \"identity\": {\r\n
        \   \"type\": \"UserAssigned\",\r\n    \"userAssignedIdentities\": {\r\n      \"/subscriptions/00000000-0000-0000-0000-000000000000/resourceGroups/AzSecPackAutoConfigRG/providers/Microsoft.ManagedIdentity/userAssignedIdentities/AzSecPackAutoConfigUA-westus\":
        {\r\n        \"principalId\": \"5d9bb1dc-4d10-4b89-a2c3-b450aa2dde7c\",\r\n
        \       \"clientId\": \"dfd888e8-9bc1-4d52-a44f-ee0d1226700e\"\r\n      }\r\n
        \   }\r\n  },\r\n  \"properties\": {\r\n    \"hardwareProfile\": {\r\n      \"vmSize\":
        \"Standard_DS1_v2\"\r\n    },\r\n    \"provisioningState\": \"Succeeded\",\r\n
        \   \"vmId\": \"83454f15-0ef0-4f95-9d1a-187345cc6b59\",\r\n    \"storageProfile\":
        {\r\n      \"imageReference\": {\r\n        \"publisher\": \"OpenLogic\",\r\n
        \       \"offer\": \"CentOS\",\r\n        \"sku\": \"7.5\",\r\n        \"version\":
        \"latest\",\r\n        \"exactVersion\": \"7.5.201808150\"\r\n      },\r\n
        \     \"osDisk\": {\r\n        \"osType\": \"Linux\",\r\n        \"name\":
        \"osdisk_7b02635fab\",\r\n        \"createOption\": \"FromImage\",\r\n        \"vhd\":
        {\r\n          \"uri\": \"https://vhdstorage7b02635faba499.blob.core.windows.net/vhds/osdisk_7b02635fab.vhd\"\r\n
        \       },\r\n        \"caching\": \"ReadWrite\",\r\n        \"deleteOption\":
        \"Detach\",\r\n        \"diskSizeGB\": 30\r\n      },\r\n      \"dataDisks\":
        [\r\n        {\r\n          \"lun\": 1,\r\n          \"name\": \"d7\",\r\n
        \         \"createOption\": \"Empty\",\r\n          \"vhd\": {\r\n            \"uri\":
        \"https://vhdstorage7b02635faba499.blob.core.windows.net/vhds/d7.vhd\"\r\n
        \         },\r\n          \"caching\": \"ReadWrite\",\r\n          \"deleteOption\":
        \"Detach\",\r\n          \"diskSizeGB\": 8,\r\n          \"toBeDetached\":
        false\r\n        }\r\n      ]\r\n    },\r\n    \"osProfile\": {\r\n      \"computerName\":
        \"vm-datadisk-test\",\r\n      \"adminUsername\": \"ubuntu\",\r\n      \"linuxConfiguration\":
        {\r\n        \"disablePasswordAuthentication\": false,\r\n        \"provisionVMAgent\":
        true,\r\n        \"patchSettings\": {\r\n          \"patchMode\": \"ImageDefault\",\r\n
        \         \"assessmentMode\": \"ImageDefault\"\r\n        },\r\n        \"enableVMAgentPlatformUpdates\":
        false\r\n      },\r\n      \"secrets\": [],\r\n      \"allowExtensionOperations\":
        true,\r\n      \"requireGuestProvisionSignal\": true\r\n    },\r\n    \"networkProfile\":
        {\"networkInterfaces\":[{\"id\":\"/subscriptions/00000000-0000-0000-0000-000000000000/resourceGroups/cli-test-disk000001/providers/Microsoft.Network/networkInterfaces/vm-datadisk-testVMNic\"}]},\r\n
        \   \"timeCreated\": \"2023-11-20T23:50:44.1987562+00:00\"\r\n  }\r\n}"
    headers:
      cache-control:
      - no-cache
      content-length:
      - '2755'
      content-type:
      - application/json; charset=utf-8
      date:
      - Mon, 20 Nov 2023 23:52:55 GMT
      expires:
      - '-1'
      pragma:
      - no-cache
      strict-transport-security:
      - max-age=31536000; includeSubDomains
      x-cache:
      - CONFIG_NOCACHE
      x-content-type-options:
      - nosniff
      x-ms-ratelimit-remaining-resource:
      - Microsoft.Compute/LowCostGet3Min;3900,Microsoft.Compute/LowCostGet30Min;31449
      x-msedge-ref:
      - 'Ref A: AA9088374A89479B99D7F120A167D188 Ref B: CO6AA3150217053 Ref C: 2023-11-20T23:52:55Z'
    status:
      code: 200
      message: ''
- request:
    body: '{"location": "westus", "tags": {"platformsettings.host_environment.service.platform_optedin_for_rootcerts":
      "true", "azsecpack": "nonprod"}, "identity": {"type": "UserAssigned", "userAssignedIdentities":
      {"/subscriptions/00000000-0000-0000-0000-000000000000/resourceGroups/AzSecPackAutoConfigRG/providers/Microsoft.ManagedIdentity/userAssignedIdentities/AzSecPackAutoConfigUA-westus":
      {}}}, "properties": {"hardwareProfile": {"vmSize": "Standard_DS1_v2"}, "storageProfile":
      {"osDisk": {"osType": "Linux", "name": "osdisk_7b02635fab", "vhd": {"uri": "https://vhdstorage7b02635faba499.blob.core.windows.net/vhds/osdisk_7b02635fab.vhd"},
      "caching": "ReadWrite", "createOption": "FromImage", "diskSizeGB": 30, "deleteOption":
      "Detach"}, "dataDisks": []}, "osProfile": {"computerName": "vm-datadisk-test",
      "adminUsername": "ubuntu", "linuxConfiguration": {"disablePasswordAuthentication":
      false, "provisionVMAgent": true, "patchSettings": {"patchMode": "ImageDefault",
      "assessmentMode": "ImageDefault"}, "enableVMAgentPlatformUpdates": false}, "secrets":
      [], "allowExtensionOperations": true, "requireGuestProvisionSignal": true},
      "networkProfile": {"networkInterfaces": [{"id": "/subscriptions/00000000-0000-0000-0000-000000000000/resourceGroups/cli-test-disk000001/providers/Microsoft.Network/networkInterfaces/vm-datadisk-testVMNic"}]}}}'
    headers:
      Accept:
      - application/json
      Accept-Encoding:
      - gzip, deflate
      CommandName:
      - vm unmanaged-disk detach
      Connection:
      - keep-alive
      Content-Length:
      - '1335'
      Content-Type:
      - application/json
      ParameterSetName:
      - -g --vm-name -n
      User-Agent:
      - AZURECLI/2.53.1 azsdk-python-azure-mgmt-compute/30.0.0 Python/3.8.10 (Windows-10-10.0.22631-SP0)
    method: PUT
    uri: https://management.azure.com/subscriptions/00000000-0000-0000-0000-000000000000/resourceGroups/cli-test-disk000001/providers/Microsoft.Compute/virtualMachines/vm-datadisk-test?api-version=2022-11-01
  response:
    body:
      string: "{\r\n  \"name\": \"vm-datadisk-test\",\r\n  \"id\": \"/subscriptions/00000000-0000-0000-0000-000000000000/resourceGroups/cli-test-disk000001/providers/Microsoft.Compute/virtualMachines/vm-datadisk-test\",\r\n
        \ \"type\": \"Microsoft.Compute/virtualMachines\",\r\n  \"location\": \"westus\",\r\n
        \ \"tags\": {\r\n    \"platformsettings.host_environment.service.platform_optedin_for_rootcerts\":
        \"true\",\r\n    \"azsecpack\": \"nonprod\"\r\n  },\r\n  \"identity\": {\r\n
        \   \"type\": \"UserAssigned\",\r\n    \"userAssignedIdentities\": {\r\n      \"/subscriptions/00000000-0000-0000-0000-000000000000/resourceGroups/AzSecPackAutoConfigRG/providers/Microsoft.ManagedIdentity/userAssignedIdentities/AzSecPackAutoConfigUA-westus\":
        {\r\n        \"principalId\": \"5d9bb1dc-4d10-4b89-a2c3-b450aa2dde7c\",\r\n
        \       \"clientId\": \"dfd888e8-9bc1-4d52-a44f-ee0d1226700e\"\r\n      }\r\n
        \   }\r\n  },\r\n  \"properties\": {\r\n    \"hardwareProfile\": {\r\n      \"vmSize\":
        \"Standard_DS1_v2\"\r\n    },\r\n    \"provisioningState\": \"Updating\",\r\n
        \   \"vmId\": \"83454f15-0ef0-4f95-9d1a-187345cc6b59\",\r\n    \"storageProfile\":
        {\r\n      \"imageReference\": {\r\n        \"publisher\": \"OpenLogic\",\r\n
        \       \"offer\": \"CentOS\",\r\n        \"sku\": \"7.5\",\r\n        \"version\":
        \"latest\",\r\n        \"exactVersion\": \"7.5.201808150\"\r\n      },\r\n
        \     \"osDisk\": {\r\n        \"osType\": \"Linux\",\r\n        \"name\":
        \"osdisk_7b02635fab\",\r\n        \"createOption\": \"FromImage\",\r\n        \"vhd\":
        {\r\n          \"uri\": \"https://vhdstorage7b02635faba499.blob.core.windows.net/vhds/osdisk_7b02635fab.vhd\"\r\n
        \       },\r\n        \"caching\": \"ReadWrite\",\r\n        \"deleteOption\":
        \"Detach\",\r\n        \"diskSizeGB\": 30\r\n      },\r\n      \"dataDisks\":
        [\r\n        {\r\n          \"lun\": 1,\r\n          \"name\": \"d7\",\r\n
        \         \"createOption\": \"Empty\",\r\n          \"vhd\": {\r\n            \"uri\":
        \"https://vhdstorage7b02635faba499.blob.core.windows.net/vhds/d7.vhd\"\r\n
        \         },\r\n          \"caching\": \"ReadWrite\",\r\n          \"deleteOption\":
        \"Detach\",\r\n          \"diskSizeGB\": 8,\r\n          \"toBeDetached\":
        true\r\n        }\r\n      ]\r\n    },\r\n    \"osProfile\": {\r\n      \"computerName\":
        \"vm-datadisk-test\",\r\n      \"adminUsername\": \"ubuntu\",\r\n      \"linuxConfiguration\":
        {\r\n        \"disablePasswordAuthentication\": false,\r\n        \"provisionVMAgent\":
        true,\r\n        \"patchSettings\": {\r\n          \"patchMode\": \"ImageDefault\",\r\n
        \         \"assessmentMode\": \"ImageDefault\"\r\n        },\r\n        \"enableVMAgentPlatformUpdates\":
        false\r\n      },\r\n      \"secrets\": [],\r\n      \"allowExtensionOperations\":
        true,\r\n      \"requireGuestProvisionSignal\": true\r\n    },\r\n    \"networkProfile\":
        {\"networkInterfaces\":[{\"id\":\"/subscriptions/00000000-0000-0000-0000-000000000000/resourceGroups/cli-test-disk000001/providers/Microsoft.Network/networkInterfaces/vm-datadisk-testVMNic\"}]},\r\n
        \   \"timeCreated\": \"2023-11-20T23:50:44.1987562+00:00\"\r\n  }\r\n}"
    headers:
      azure-asyncnotification:
      - Enabled
      azure-asyncoperation:
      - https://management.azure.com/subscriptions/00000000-0000-0000-0000-000000000000/providers/Microsoft.Compute/locations/westus/operations/05ca5b72-b5fb-4600-a929-6dc481af426d?p=fe34a652-31ab-43c2-b2cd-0accbaa532dd&api-version=2022-11-01&t=638361211761267905&c=MIIHHjCCBgagAwIBAgITfwI8ooo2761TEgO3SgAEAjyiijANBgkqhkiG9w0BAQsFADBEMRMwEQYKCZImiZPyLGQBGRYDR0JMMRMwEQYKCZImiZPyLGQBGRYDQU1FMRgwFgYDVQQDEw9BTUUgSW5mcmEgQ0EgMDIwHhcNMjMxMTAxMTc1NTI2WhcNMjQxMDI2MTc1NTI2WjBAMT4wPAYDVQQDEzVhc3luY29wZXJhdGlvbnNpZ25pbmdjZXJ0aWZpY2F0ZS5tYW5hZ2VtZW50LmF6dXJlLmNvbTCCASIwDQYJKoZIhvcNAQEBBQADggEPADCCAQoCggEBAJ0WQLjgbZj70uXwL_AnKvEas1GVvOB7Og4giEY7H0L78RFiY2-CzzgMKyZV8H3ACZxqQoBMWsq9XAf4iUNAer7s23VPyWkoVdr2uTc8SCvur4qja77OTMKiRVU277ViRu_Mb-fJvQKeRO3Q8A4Sg1A63a2VQ_WlyOCHPBj-gUF0zU4SYnlqSYGcNmuhCjtHpVvF_N3CGz0JlGTo3ia0wmks2y95IHeD0lcr0AgP73_eafbKafZn4Z56GdC3lngKdhyEiQi_kPyxaydv1PfV2xX9OLKvB19e9jLB43QA9r5k5DsAhqtv6eqwHBdW07S9MCMu8kwoYUpX1TTGapizc6ECAwEAAaOCBAswggQHMCcGCSsGAQQBgjcVCgQaMBgwCgYIKwYBBQUHAwEwCgYIKwYBBQUHAwIwPQYJKwYBBAGCNxUHBDAwLgYmKwYBBAGCNxUIhpDjDYTVtHiE8Ys-hZvdFs6dEoFggvX2K4Py0SACAWQCAQowggHaBggrBgEFBQcBAQSCAcwwggHIMGYGCCsGAQUFBzAChlpodHRwOi8vY3JsLm1pY3Jvc29mdC5jb20vcGtpaW5mcmEvQ2VydHMvQkwyUEtJSU5UQ0EwMS5BTUUuR0JMX0FNRSUyMEluZnJhJTIwQ0ElMjAwMig0KS5jcnQwVgYIKwYBBQUHMAKGSmh0dHA6Ly9jcmwxLmFtZS5nYmwvYWlhL0JMMlBLSUlOVENBMDEuQU1FLkdCTF9BTUUlMjBJbmZyYSUyMENBJTIwMDIoNCkuY3J0MFYGCCsGAQUFBzAChkpodHRwOi8vY3JsMi5hbWUuZ2JsL2FpYS9CTDJQS0lJTlRDQTAxLkFNRS5HQkxfQU1FJTIwSW5mcmElMjBDQSUyMDAyKDQpLmNydDBWBggrBgEFBQcwAoZKaHR0cDovL2NybDMuYW1lLmdibC9haWEvQkwyUEtJSU5UQ0EwMS5BTUUuR0JMX0FNRSUyMEluZnJhJTIwQ0ElMjAwMig0KS5jcnQwVgYIKwYBBQUHMAKGSmh0dHA6Ly9jcmw0LmFtZS5nYmwvYWlhL0JMMlBLSUlOVENBMDEuQU1FLkdCTF9BTUUlMjBJbmZyYSUyMENBJTIwMDIoNCkuY3J0MB0GA1UdDgQWBBTwk8yVBP3k-Qa8LdSw6mv--mLIvDAOBgNVHQ8BAf8EBAMCBaAwggE1BgNVHR8EggEsMIIBKDCCASSgggEgoIIBHIZCaHR0cDovL2NybC5taWNyb3NvZnQuY29tL3BraWluZnJhL0NSTC9BTUUlMjBJbmZyYSUyMENBJTIwMDIoNCkuY3JshjRodHRwOi8vY3JsMS5hbWUuZ2JsL2NybC9BTUUlMjBJbmZyYSUyMENBJTIwMDIoNCkuY3JshjRodHRwOi8vY3JsMi5hbWUuZ2JsL2NybC9BTUUlMjBJbmZyYSUyMENBJTIwMDIoNCkuY3JshjRodHRwOi8vY3JsMy5hbWUuZ2JsL2NybC9BTUUlMjBJbmZyYSUyMENBJTIwMDIoNCkuY3JshjRodHRwOi8vY3JsNC5hbWUuZ2JsL2NybC9BTUUlMjBJbmZyYSUyMENBJTIwMDIoNCkuY3JsMBcGA1UdIAQQMA4wDAYKKwYBBAGCN3sBATAfBgNVHSMEGDAWgBSuecJrXSWIEwb2BwnDl3x7l48dVTAdBgNVHSUEFjAUBggrBgEFBQcDAQYIKwYBBQUHAwIwDQYJKoZIhvcNAQELBQADggEBAKR8h2puMUi3SGdIfblcEylOBfcaCRtDDIvC64QKLae7vOAe1f8SpXEFfYeIl5xydb8lEUYApxL701SQSy-NPuBuuQ0CIMKjZ-xCj9VbjQIykosQBVJvxp5I0TplyumFiehQP3zZuc1PZ2hg05aq3CKSbJGKFlow_8P9RN66yeKWGE7SWV9NZThEL8VfEXjl_ITgWb-L1SmnFKTdOVNVDQoRjjX-JqVobqh0O4K0dsPapDoAdqjIECodvocGyWtCEwIk-j8yyBxqX_JzzumMzxUMrxCjaosaJVOvoJB7vh6WuiYfHondyzaGqjm9Bjpqj46bQXojx6xALlzNX5x_j_g&s=KlPiu7ykuQwGdqKt-x8ENvhtkCnwjvnllqtLgx8GyYWTdNnDfidoj3iktSFhOEizIPutRQiKkq3uiSuS1Y39QlkPA1-U2hLX6DIdwWV_jMwJbuDM2dbOR8zVbTU-lp63Zs1vVKkf2ikn3RUblYardRhHcpq7kWUFmH-SnYOLny2uQpCTW5gi7DhWvnN17LGfH0se12wvQFRK0F01IdGfWWoQKW7cfL5UbqGgZYMcDvntwtMo3p88uxfFUQVMNjHnA8yGnAQt0E8P-9F8ObkcURnbKHseffmFmtdUnYUThkBd2S1cQjLRy7SMsteXei9qhNcw_DTZaodtHnqCVkRAFA&h=_BBtkyLCgLMjT11Wdzj6HemWXTcbiHe2gF-ONphWN8w
      cache-control:
      - no-cache
      content-length:
      - '2753'
      content-type:
      - application/json; charset=utf-8
      date:
      - Mon, 20 Nov 2023 23:52:55 GMT
      expires:
      - '-1'
      pragma:
      - no-cache
      strict-transport-security:
      - max-age=31536000; includeSubDomains
      x-cache:
      - CONFIG_NOCACHE
      x-content-type-options:
      - nosniff
      x-ms-ratelimit-remaining-resource:
      - Microsoft.Compute/PutVM3Min;234,Microsoft.Compute/PutVM30Min;1141
      x-ms-ratelimit-remaining-subscription-writes:
      - '1195'
      x-msedge-ref:
      - 'Ref A: 8C0E578D17504D9D8F67A8F2C8751181 Ref B: CO6AA3150219025 Ref C: 2023-11-20T23:52:55Z'
    status:
      code: 200
      message: ''
- request:
    body: null
    headers:
      Accept:
      - '*/*'
      Accept-Encoding:
      - gzip, deflate
      CommandName:
      - vm unmanaged-disk detach
      Connection:
      - keep-alive
      ParameterSetName:
      - -g --vm-name -n
      User-Agent:
      - AZURECLI/2.53.1 azsdk-python-azure-mgmt-compute/30.0.0 Python/3.8.10 (Windows-10-10.0.22631-SP0)
    method: GET
    uri: https://management.azure.com/subscriptions/00000000-0000-0000-0000-000000000000/providers/Microsoft.Compute/locations/westus/operations/05ca5b72-b5fb-4600-a929-6dc481af426d?p=fe34a652-31ab-43c2-b2cd-0accbaa532dd&api-version=2022-11-01&t=638361211761267905&c=MIIHHjCCBgagAwIBAgITfwI8ooo2761TEgO3SgAEAjyiijANBgkqhkiG9w0BAQsFADBEMRMwEQYKCZImiZPyLGQBGRYDR0JMMRMwEQYKCZImiZPyLGQBGRYDQU1FMRgwFgYDVQQDEw9BTUUgSW5mcmEgQ0EgMDIwHhcNMjMxMTAxMTc1NTI2WhcNMjQxMDI2MTc1NTI2WjBAMT4wPAYDVQQDEzVhc3luY29wZXJhdGlvbnNpZ25pbmdjZXJ0aWZpY2F0ZS5tYW5hZ2VtZW50LmF6dXJlLmNvbTCCASIwDQYJKoZIhvcNAQEBBQADggEPADCCAQoCggEBAJ0WQLjgbZj70uXwL_AnKvEas1GVvOB7Og4giEY7H0L78RFiY2-CzzgMKyZV8H3ACZxqQoBMWsq9XAf4iUNAer7s23VPyWkoVdr2uTc8SCvur4qja77OTMKiRVU277ViRu_Mb-fJvQKeRO3Q8A4Sg1A63a2VQ_WlyOCHPBj-gUF0zU4SYnlqSYGcNmuhCjtHpVvF_N3CGz0JlGTo3ia0wmks2y95IHeD0lcr0AgP73_eafbKafZn4Z56GdC3lngKdhyEiQi_kPyxaydv1PfV2xX9OLKvB19e9jLB43QA9r5k5DsAhqtv6eqwHBdW07S9MCMu8kwoYUpX1TTGapizc6ECAwEAAaOCBAswggQHMCcGCSsGAQQBgjcVCgQaMBgwCgYIKwYBBQUHAwEwCgYIKwYBBQUHAwIwPQYJKwYBBAGCNxUHBDAwLgYmKwYBBAGCNxUIhpDjDYTVtHiE8Ys-hZvdFs6dEoFggvX2K4Py0SACAWQCAQowggHaBggrBgEFBQcBAQSCAcwwggHIMGYGCCsGAQUFBzAChlpodHRwOi8vY3JsLm1pY3Jvc29mdC5jb20vcGtpaW5mcmEvQ2VydHMvQkwyUEtJSU5UQ0EwMS5BTUUuR0JMX0FNRSUyMEluZnJhJTIwQ0ElMjAwMig0KS5jcnQwVgYIKwYBBQUHMAKGSmh0dHA6Ly9jcmwxLmFtZS5nYmwvYWlhL0JMMlBLSUlOVENBMDEuQU1FLkdCTF9BTUUlMjBJbmZyYSUyMENBJTIwMDIoNCkuY3J0MFYGCCsGAQUFBzAChkpodHRwOi8vY3JsMi5hbWUuZ2JsL2FpYS9CTDJQS0lJTlRDQTAxLkFNRS5HQkxfQU1FJTIwSW5mcmElMjBDQSUyMDAyKDQpLmNydDBWBggrBgEFBQcwAoZKaHR0cDovL2NybDMuYW1lLmdibC9haWEvQkwyUEtJSU5UQ0EwMS5BTUUuR0JMX0FNRSUyMEluZnJhJTIwQ0ElMjAwMig0KS5jcnQwVgYIKwYBBQUHMAKGSmh0dHA6Ly9jcmw0LmFtZS5nYmwvYWlhL0JMMlBLSUlOVENBMDEuQU1FLkdCTF9BTUUlMjBJbmZyYSUyMENBJTIwMDIoNCkuY3J0MB0GA1UdDgQWBBTwk8yVBP3k-Qa8LdSw6mv--mLIvDAOBgNVHQ8BAf8EBAMCBaAwggE1BgNVHR8EggEsMIIBKDCCASSgggEgoIIBHIZCaHR0cDovL2NybC5taWNyb3NvZnQuY29tL3BraWluZnJhL0NSTC9BTUUlMjBJbmZyYSUyMENBJTIwMDIoNCkuY3JshjRodHRwOi8vY3JsMS5hbWUuZ2JsL2NybC9BTUUlMjBJbmZyYSUyMENBJTIwMDIoNCkuY3JshjRodHRwOi8vY3JsMi5hbWUuZ2JsL2NybC9BTUUlMjBJbmZyYSUyMENBJTIwMDIoNCkuY3JshjRodHRwOi8vY3JsMy5hbWUuZ2JsL2NybC9BTUUlMjBJbmZyYSUyMENBJTIwMDIoNCkuY3JshjRodHRwOi8vY3JsNC5hbWUuZ2JsL2NybC9BTUUlMjBJbmZyYSUyMENBJTIwMDIoNCkuY3JsMBcGA1UdIAQQMA4wDAYKKwYBBAGCN3sBATAfBgNVHSMEGDAWgBSuecJrXSWIEwb2BwnDl3x7l48dVTAdBgNVHSUEFjAUBggrBgEFBQcDAQYIKwYBBQUHAwIwDQYJKoZIhvcNAQELBQADggEBAKR8h2puMUi3SGdIfblcEylOBfcaCRtDDIvC64QKLae7vOAe1f8SpXEFfYeIl5xydb8lEUYApxL701SQSy-NPuBuuQ0CIMKjZ-xCj9VbjQIykosQBVJvxp5I0TplyumFiehQP3zZuc1PZ2hg05aq3CKSbJGKFlow_8P9RN66yeKWGE7SWV9NZThEL8VfEXjl_ITgWb-L1SmnFKTdOVNVDQoRjjX-JqVobqh0O4K0dsPapDoAdqjIECodvocGyWtCEwIk-j8yyBxqX_JzzumMzxUMrxCjaosaJVOvoJB7vh6WuiYfHondyzaGqjm9Bjpqj46bQXojx6xALlzNX5x_j_g&s=KlPiu7ykuQwGdqKt-x8ENvhtkCnwjvnllqtLgx8GyYWTdNnDfidoj3iktSFhOEizIPutRQiKkq3uiSuS1Y39QlkPA1-U2hLX6DIdwWV_jMwJbuDM2dbOR8zVbTU-lp63Zs1vVKkf2ikn3RUblYardRhHcpq7kWUFmH-SnYOLny2uQpCTW5gi7DhWvnN17LGfH0se12wvQFRK0F01IdGfWWoQKW7cfL5UbqGgZYMcDvntwtMo3p88uxfFUQVMNjHnA8yGnAQt0E8P-9F8ObkcURnbKHseffmFmtdUnYUThkBd2S1cQjLRy7SMsteXei9qhNcw_DTZaodtHnqCVkRAFA&h=_BBtkyLCgLMjT11Wdzj6HemWXTcbiHe2gF-ONphWN8w
  response:
    body:
      string: "{\r\n  \"startTime\": \"2023-11-20T23:52:55.9341926+00:00\",\r\n  \"status\":
        \"InProgress\",\r\n  \"name\": \"05ca5b72-b5fb-4600-a929-6dc481af426d\"\r\n}"
    headers:
      cache-control:
      - no-cache
      content-length:
      - '134'
      content-type:
      - application/json; charset=utf-8
      date:
      - Mon, 20 Nov 2023 23:52:55 GMT
      expires:
      - '-1'
      pragma:
      - no-cache
      strict-transport-security:
      - max-age=31536000; includeSubDomains
      x-cache:
      - CONFIG_NOCACHE
      x-content-type-options:
      - nosniff
      x-ms-ratelimit-remaining-resource:
      - Microsoft.Compute/GetOperation3Min;14916,Microsoft.Compute/GetOperation30Min;29524
      x-msedge-ref:
      - 'Ref A: D56BA5A2C2B349A9A263370C84586840 Ref B: CO6AA3150219025 Ref C: 2023-11-20T23:52:56Z'
    status:
      code: 200
      message: ''
- request:
    body: null
    headers:
      Accept:
      - '*/*'
      Accept-Encoding:
      - gzip, deflate
      CommandName:
      - vm unmanaged-disk detach
      Connection:
      - keep-alive
      ParameterSetName:
      - -g --vm-name -n
      User-Agent:
      - AZURECLI/2.53.1 azsdk-python-azure-mgmt-compute/30.0.0 Python/3.8.10 (Windows-10-10.0.22631-SP0)
    method: GET
    uri: https://management.azure.com/subscriptions/00000000-0000-0000-0000-000000000000/providers/Microsoft.Compute/locations/westus/operations/05ca5b72-b5fb-4600-a929-6dc481af426d?p=fe34a652-31ab-43c2-b2cd-0accbaa532dd&api-version=2022-11-01&t=638361211761267905&c=MIIHHjCCBgagAwIBAgITfwI8ooo2761TEgO3SgAEAjyiijANBgkqhkiG9w0BAQsFADBEMRMwEQYKCZImiZPyLGQBGRYDR0JMMRMwEQYKCZImiZPyLGQBGRYDQU1FMRgwFgYDVQQDEw9BTUUgSW5mcmEgQ0EgMDIwHhcNMjMxMTAxMTc1NTI2WhcNMjQxMDI2MTc1NTI2WjBAMT4wPAYDVQQDEzVhc3luY29wZXJhdGlvbnNpZ25pbmdjZXJ0aWZpY2F0ZS5tYW5hZ2VtZW50LmF6dXJlLmNvbTCCASIwDQYJKoZIhvcNAQEBBQADggEPADCCAQoCggEBAJ0WQLjgbZj70uXwL_AnKvEas1GVvOB7Og4giEY7H0L78RFiY2-CzzgMKyZV8H3ACZxqQoBMWsq9XAf4iUNAer7s23VPyWkoVdr2uTc8SCvur4qja77OTMKiRVU277ViRu_Mb-fJvQKeRO3Q8A4Sg1A63a2VQ_WlyOCHPBj-gUF0zU4SYnlqSYGcNmuhCjtHpVvF_N3CGz0JlGTo3ia0wmks2y95IHeD0lcr0AgP73_eafbKafZn4Z56GdC3lngKdhyEiQi_kPyxaydv1PfV2xX9OLKvB19e9jLB43QA9r5k5DsAhqtv6eqwHBdW07S9MCMu8kwoYUpX1TTGapizc6ECAwEAAaOCBAswggQHMCcGCSsGAQQBgjcVCgQaMBgwCgYIKwYBBQUHAwEwCgYIKwYBBQUHAwIwPQYJKwYBBAGCNxUHBDAwLgYmKwYBBAGCNxUIhpDjDYTVtHiE8Ys-hZvdFs6dEoFggvX2K4Py0SACAWQCAQowggHaBggrBgEFBQcBAQSCAcwwggHIMGYGCCsGAQUFBzAChlpodHRwOi8vY3JsLm1pY3Jvc29mdC5jb20vcGtpaW5mcmEvQ2VydHMvQkwyUEtJSU5UQ0EwMS5BTUUuR0JMX0FNRSUyMEluZnJhJTIwQ0ElMjAwMig0KS5jcnQwVgYIKwYBBQUHMAKGSmh0dHA6Ly9jcmwxLmFtZS5nYmwvYWlhL0JMMlBLSUlOVENBMDEuQU1FLkdCTF9BTUUlMjBJbmZyYSUyMENBJTIwMDIoNCkuY3J0MFYGCCsGAQUFBzAChkpodHRwOi8vY3JsMi5hbWUuZ2JsL2FpYS9CTDJQS0lJTlRDQTAxLkFNRS5HQkxfQU1FJTIwSW5mcmElMjBDQSUyMDAyKDQpLmNydDBWBggrBgEFBQcwAoZKaHR0cDovL2NybDMuYW1lLmdibC9haWEvQkwyUEtJSU5UQ0EwMS5BTUUuR0JMX0FNRSUyMEluZnJhJTIwQ0ElMjAwMig0KS5jcnQwVgYIKwYBBQUHMAKGSmh0dHA6Ly9jcmw0LmFtZS5nYmwvYWlhL0JMMlBLSUlOVENBMDEuQU1FLkdCTF9BTUUlMjBJbmZyYSUyMENBJTIwMDIoNCkuY3J0MB0GA1UdDgQWBBTwk8yVBP3k-Qa8LdSw6mv--mLIvDAOBgNVHQ8BAf8EBAMCBaAwggE1BgNVHR8EggEsMIIBKDCCASSgggEgoIIBHIZCaHR0cDovL2NybC5taWNyb3NvZnQuY29tL3BraWluZnJhL0NSTC9BTUUlMjBJbmZyYSUyMENBJTIwMDIoNCkuY3JshjRodHRwOi8vY3JsMS5hbWUuZ2JsL2NybC9BTUUlMjBJbmZyYSUyMENBJTIwMDIoNCkuY3JshjRodHRwOi8vY3JsMi5hbWUuZ2JsL2NybC9BTUUlMjBJbmZyYSUyMENBJTIwMDIoNCkuY3JshjRodHRwOi8vY3JsMy5hbWUuZ2JsL2NybC9BTUUlMjBJbmZyYSUyMENBJTIwMDIoNCkuY3JshjRodHRwOi8vY3JsNC5hbWUuZ2JsL2NybC9BTUUlMjBJbmZyYSUyMENBJTIwMDIoNCkuY3JsMBcGA1UdIAQQMA4wDAYKKwYBBAGCN3sBATAfBgNVHSMEGDAWgBSuecJrXSWIEwb2BwnDl3x7l48dVTAdBgNVHSUEFjAUBggrBgEFBQcDAQYIKwYBBQUHAwIwDQYJKoZIhvcNAQELBQADggEBAKR8h2puMUi3SGdIfblcEylOBfcaCRtDDIvC64QKLae7vOAe1f8SpXEFfYeIl5xydb8lEUYApxL701SQSy-NPuBuuQ0CIMKjZ-xCj9VbjQIykosQBVJvxp5I0TplyumFiehQP3zZuc1PZ2hg05aq3CKSbJGKFlow_8P9RN66yeKWGE7SWV9NZThEL8VfEXjl_ITgWb-L1SmnFKTdOVNVDQoRjjX-JqVobqh0O4K0dsPapDoAdqjIECodvocGyWtCEwIk-j8yyBxqX_JzzumMzxUMrxCjaosaJVOvoJB7vh6WuiYfHondyzaGqjm9Bjpqj46bQXojx6xALlzNX5x_j_g&s=KlPiu7ykuQwGdqKt-x8ENvhtkCnwjvnllqtLgx8GyYWTdNnDfidoj3iktSFhOEizIPutRQiKkq3uiSuS1Y39QlkPA1-U2hLX6DIdwWV_jMwJbuDM2dbOR8zVbTU-lp63Zs1vVKkf2ikn3RUblYardRhHcpq7kWUFmH-SnYOLny2uQpCTW5gi7DhWvnN17LGfH0se12wvQFRK0F01IdGfWWoQKW7cfL5UbqGgZYMcDvntwtMo3p88uxfFUQVMNjHnA8yGnAQt0E8P-9F8ObkcURnbKHseffmFmtdUnYUThkBd2S1cQjLRy7SMsteXei9qhNcw_DTZaodtHnqCVkRAFA&h=_BBtkyLCgLMjT11Wdzj6HemWXTcbiHe2gF-ONphWN8w
  response:
    body:
      string: "{\r\n  \"startTime\": \"2023-11-20T23:52:55.9341926+00:00\",\r\n  \"endTime\":
        \"2023-11-20T23:53:06.1061906+00:00\",\r\n  \"status\": \"Succeeded\",\r\n
        \ \"name\": \"05ca5b72-b5fb-4600-a929-6dc481af426d\"\r\n}"
    headers:
      cache-control:
      - no-cache
      content-length:
      - '184'
      content-type:
      - application/json; charset=utf-8
      date:
      - Mon, 20 Nov 2023 23:53:26 GMT
      expires:
      - '-1'
      pragma:
      - no-cache
      strict-transport-security:
      - max-age=31536000; includeSubDomains
      x-cache:
      - CONFIG_NOCACHE
      x-content-type-options:
      - nosniff
      x-ms-ratelimit-remaining-resource:
      - Microsoft.Compute/GetOperation3Min;14898,Microsoft.Compute/GetOperation30Min;29500
      x-msedge-ref:
      - 'Ref A: 578A6152866543458D0C6529082DD700 Ref B: CO6AA3150219025 Ref C: 2023-11-20T23:53:26Z'
    status:
      code: 200
      message: ''
- request:
    body: null
    headers:
      Accept:
      - '*/*'
      Accept-Encoding:
      - gzip, deflate
      CommandName:
      - vm unmanaged-disk detach
      Connection:
      - keep-alive
      ParameterSetName:
      - -g --vm-name -n
      User-Agent:
      - AZURECLI/2.53.1 azsdk-python-azure-mgmt-compute/30.0.0 Python/3.8.10 (Windows-10-10.0.22631-SP0)
    method: GET
    uri: https://management.azure.com/subscriptions/00000000-0000-0000-0000-000000000000/resourceGroups/cli-test-disk000001/providers/Microsoft.Compute/virtualMachines/vm-datadisk-test?api-version=2022-11-01
  response:
    body:
      string: "{\r\n  \"name\": \"vm-datadisk-test\",\r\n  \"id\": \"/subscriptions/00000000-0000-0000-0000-000000000000/resourceGroups/cli-test-disk000001/providers/Microsoft.Compute/virtualMachines/vm-datadisk-test\",\r\n
        \ \"type\": \"Microsoft.Compute/virtualMachines\",\r\n  \"location\": \"westus\",\r\n
        \ \"tags\": {\r\n    \"platformsettings.host_environment.service.platform_optedin_for_rootcerts\":
        \"true\",\r\n    \"azsecpack\": \"nonprod\"\r\n  },\r\n  \"identity\": {\r\n
        \   \"type\": \"UserAssigned\",\r\n    \"userAssignedIdentities\": {\r\n      \"/subscriptions/00000000-0000-0000-0000-000000000000/resourceGroups/AzSecPackAutoConfigRG/providers/Microsoft.ManagedIdentity/userAssignedIdentities/AzSecPackAutoConfigUA-westus\":
        {\r\n        \"principalId\": \"5d9bb1dc-4d10-4b89-a2c3-b450aa2dde7c\",\r\n
        \       \"clientId\": \"dfd888e8-9bc1-4d52-a44f-ee0d1226700e\"\r\n      }\r\n
        \   }\r\n  },\r\n  \"properties\": {\r\n    \"hardwareProfile\": {\r\n      \"vmSize\":
        \"Standard_DS1_v2\"\r\n    },\r\n    \"provisioningState\": \"Succeeded\",\r\n
        \   \"vmId\": \"83454f15-0ef0-4f95-9d1a-187345cc6b59\",\r\n    \"storageProfile\":
        {\r\n      \"imageReference\": {\r\n        \"publisher\": \"OpenLogic\",\r\n
        \       \"offer\": \"CentOS\",\r\n        \"sku\": \"7.5\",\r\n        \"version\":
        \"latest\",\r\n        \"exactVersion\": \"7.5.201808150\"\r\n      },\r\n
        \     \"osDisk\": {\r\n        \"osType\": \"Linux\",\r\n        \"name\":
        \"osdisk_7b02635fab\",\r\n        \"createOption\": \"FromImage\",\r\n        \"vhd\":
        {\r\n          \"uri\": \"https://vhdstorage7b02635faba499.blob.core.windows.net/vhds/osdisk_7b02635fab.vhd\"\r\n
        \       },\r\n        \"caching\": \"ReadWrite\",\r\n        \"deleteOption\":
        \"Detach\",\r\n        \"diskSizeGB\": 30\r\n      },\r\n      \"dataDisks\":
        []\r\n    },\r\n    \"osProfile\": {\r\n      \"computerName\": \"vm-datadisk-test\",\r\n
        \     \"adminUsername\": \"ubuntu\",\r\n      \"linuxConfiguration\": {\r\n
        \       \"disablePasswordAuthentication\": false,\r\n        \"provisionVMAgent\":
        true,\r\n        \"patchSettings\": {\r\n          \"patchMode\": \"ImageDefault\",\r\n
        \         \"assessmentMode\": \"ImageDefault\"\r\n        },\r\n        \"enableVMAgentPlatformUpdates\":
        false\r\n      },\r\n      \"secrets\": [],\r\n      \"allowExtensionOperations\":
        true,\r\n      \"requireGuestProvisionSignal\": true\r\n    },\r\n    \"networkProfile\":
        {\"networkInterfaces\":[{\"id\":\"/subscriptions/00000000-0000-0000-0000-000000000000/resourceGroups/cli-test-disk000001/providers/Microsoft.Network/networkInterfaces/vm-datadisk-testVMNic\"}]},\r\n
        \   \"timeCreated\": \"2023-11-20T23:50:44.1987562+00:00\"\r\n  }\r\n}"
    headers:
      cache-control:
      - no-cache
      content-length:
      - '2387'
      content-type:
      - application/json; charset=utf-8
      date:
      - Mon, 20 Nov 2023 23:53:26 GMT
      expires:
      - '-1'
      pragma:
      - no-cache
      strict-transport-security:
      - max-age=31536000; includeSubDomains
      x-cache:
      - CONFIG_NOCACHE
      x-content-type-options:
      - nosniff
      x-ms-ratelimit-remaining-resource:
      - Microsoft.Compute/LowCostGet3Min;3885,Microsoft.Compute/LowCostGet30Min;31421
      x-msedge-ref:
      - 'Ref A: 54A5BC9ED68F4BF596BC8977E1F2ADA8 Ref B: CO6AA3150219025 Ref C: 2023-11-20T23:53:26Z'
    status:
      code: 200
      message: ''
- request:
    body: null
    headers:
      Accept:
      - application/json
      Accept-Encoding:
      - gzip, deflate
      CommandName:
      - vm show
      Connection:
      - keep-alive
      ParameterSetName:
      - -g -n
      User-Agent:
      - AZURECLI/2.53.1 azsdk-python-azure-mgmt-compute/30.0.0 Python/3.8.10 (Windows-10-10.0.22631-SP0)
    method: GET
    uri: https://management.azure.com/subscriptions/00000000-0000-0000-0000-000000000000/resourceGroups/cli-test-disk000001/providers/Microsoft.Compute/virtualMachines/vm-datadisk-test?api-version=2022-11-01
  response:
    body:
      string: "{\r\n  \"name\": \"vm-datadisk-test\",\r\n  \"id\": \"/subscriptions/00000000-0000-0000-0000-000000000000/resourceGroups/cli-test-disk000001/providers/Microsoft.Compute/virtualMachines/vm-datadisk-test\",\r\n
        \ \"type\": \"Microsoft.Compute/virtualMachines\",\r\n  \"location\": \"westus\",\r\n
        \ \"tags\": {\r\n    \"platformsettings.host_environment.service.platform_optedin_for_rootcerts\":
        \"true\",\r\n    \"azsecpack\": \"nonprod\"\r\n  },\r\n  \"identity\": {\r\n
        \   \"type\": \"UserAssigned\",\r\n    \"userAssignedIdentities\": {\r\n      \"/subscriptions/00000000-0000-0000-0000-000000000000/resourceGroups/AzSecPackAutoConfigRG/providers/Microsoft.ManagedIdentity/userAssignedIdentities/AzSecPackAutoConfigUA-westus\":
        {\r\n        \"principalId\": \"5d9bb1dc-4d10-4b89-a2c3-b450aa2dde7c\",\r\n
        \       \"clientId\": \"dfd888e8-9bc1-4d52-a44f-ee0d1226700e\"\r\n      }\r\n
        \   }\r\n  },\r\n  \"properties\": {\r\n    \"hardwareProfile\": {\r\n      \"vmSize\":
        \"Standard_DS1_v2\"\r\n    },\r\n    \"provisioningState\": \"Succeeded\",\r\n
        \   \"vmId\": \"83454f15-0ef0-4f95-9d1a-187345cc6b59\",\r\n    \"storageProfile\":
        {\r\n      \"imageReference\": {\r\n        \"publisher\": \"OpenLogic\",\r\n
        \       \"offer\": \"CentOS\",\r\n        \"sku\": \"7.5\",\r\n        \"version\":
        \"latest\",\r\n        \"exactVersion\": \"7.5.201808150\"\r\n      },\r\n
        \     \"osDisk\": {\r\n        \"osType\": \"Linux\",\r\n        \"name\":
        \"osdisk_7b02635fab\",\r\n        \"createOption\": \"FromImage\",\r\n        \"vhd\":
        {\r\n          \"uri\": \"https://vhdstorage7b02635faba499.blob.core.windows.net/vhds/osdisk_7b02635fab.vhd\"\r\n
        \       },\r\n        \"caching\": \"ReadWrite\",\r\n        \"deleteOption\":
        \"Detach\",\r\n        \"diskSizeGB\": 30\r\n      },\r\n      \"dataDisks\":
        []\r\n    },\r\n    \"osProfile\": {\r\n      \"computerName\": \"vm-datadisk-test\",\r\n
        \     \"adminUsername\": \"ubuntu\",\r\n      \"linuxConfiguration\": {\r\n
        \       \"disablePasswordAuthentication\": false,\r\n        \"provisionVMAgent\":
        true,\r\n        \"patchSettings\": {\r\n          \"patchMode\": \"ImageDefault\",\r\n
        \         \"assessmentMode\": \"ImageDefault\"\r\n        },\r\n        \"enableVMAgentPlatformUpdates\":
        false\r\n      },\r\n      \"secrets\": [],\r\n      \"allowExtensionOperations\":
        true,\r\n      \"requireGuestProvisionSignal\": true\r\n    },\r\n    \"networkProfile\":
        {\"networkInterfaces\":[{\"id\":\"/subscriptions/00000000-0000-0000-0000-000000000000/resourceGroups/cli-test-disk000001/providers/Microsoft.Network/networkInterfaces/vm-datadisk-testVMNic\"}]},\r\n
        \   \"timeCreated\": \"2023-11-20T23:50:44.1987562+00:00\"\r\n  }\r\n}"
    headers:
      cache-control:
      - no-cache
      content-length:
      - '2387'
      content-type:
      - application/json; charset=utf-8
      date:
      - Mon, 20 Nov 2023 23:53:26 GMT
      expires:
      - '-1'
      pragma:
      - no-cache
      strict-transport-security:
      - max-age=31536000; includeSubDomains
      x-cache:
      - CONFIG_NOCACHE
      x-content-type-options:
      - nosniff
      x-ms-ratelimit-remaining-resource:
      - Microsoft.Compute/LowCostGet3Min;3884,Microsoft.Compute/LowCostGet30Min;31420
      x-msedge-ref:
      - 'Ref A: 2AD8D329F4214F0A81504FD2CB5299D4 Ref B: CO6AA3150218045 Ref C: 2023-11-20T23:53:27Z'
    status:
      code: 200
      message: ''
- request:
    body: null
    headers:
      Accept:
      - application/json
      Accept-Encoding:
      - gzip, deflate
      CommandName:
      - vm unmanaged-disk attach
      Connection:
      - keep-alive
      ParameterSetName:
      - -g --vm-name -n --vhd --caching
      User-Agent:
      - AZURECLI/2.53.1 azsdk-python-azure-mgmt-compute/30.0.0 Python/3.8.10 (Windows-10-10.0.22631-SP0)
    method: GET
    uri: https://management.azure.com/subscriptions/00000000-0000-0000-0000-000000000000/resourceGroups/cli-test-disk000001/providers/Microsoft.Compute/virtualMachines/vm-datadisk-test?api-version=2022-11-01
  response:
    body:
      string: "{\r\n  \"name\": \"vm-datadisk-test\",\r\n  \"id\": \"/subscriptions/00000000-0000-0000-0000-000000000000/resourceGroups/cli-test-disk000001/providers/Microsoft.Compute/virtualMachines/vm-datadisk-test\",\r\n
        \ \"type\": \"Microsoft.Compute/virtualMachines\",\r\n  \"location\": \"westus\",\r\n
        \ \"tags\": {\r\n    \"platformsettings.host_environment.service.platform_optedin_for_rootcerts\":
        \"true\",\r\n    \"azsecpack\": \"nonprod\"\r\n  },\r\n  \"identity\": {\r\n
        \   \"type\": \"UserAssigned\",\r\n    \"userAssignedIdentities\": {\r\n      \"/subscriptions/00000000-0000-0000-0000-000000000000/resourceGroups/AzSecPackAutoConfigRG/providers/Microsoft.ManagedIdentity/userAssignedIdentities/AzSecPackAutoConfigUA-westus\":
        {\r\n        \"principalId\": \"5d9bb1dc-4d10-4b89-a2c3-b450aa2dde7c\",\r\n
        \       \"clientId\": \"dfd888e8-9bc1-4d52-a44f-ee0d1226700e\"\r\n      }\r\n
        \   }\r\n  },\r\n  \"properties\": {\r\n    \"hardwareProfile\": {\r\n      \"vmSize\":
        \"Standard_DS1_v2\"\r\n    },\r\n    \"provisioningState\": \"Succeeded\",\r\n
        \   \"vmId\": \"83454f15-0ef0-4f95-9d1a-187345cc6b59\",\r\n    \"storageProfile\":
        {\r\n      \"imageReference\": {\r\n        \"publisher\": \"OpenLogic\",\r\n
        \       \"offer\": \"CentOS\",\r\n        \"sku\": \"7.5\",\r\n        \"version\":
        \"latest\",\r\n        \"exactVersion\": \"7.5.201808150\"\r\n      },\r\n
        \     \"osDisk\": {\r\n        \"osType\": \"Linux\",\r\n        \"name\":
        \"osdisk_7b02635fab\",\r\n        \"createOption\": \"FromImage\",\r\n        \"vhd\":
        {\r\n          \"uri\": \"https://vhdstorage7b02635faba499.blob.core.windows.net/vhds/osdisk_7b02635fab.vhd\"\r\n
        \       },\r\n        \"caching\": \"ReadWrite\",\r\n        \"deleteOption\":
        \"Detach\",\r\n        \"diskSizeGB\": 30\r\n      },\r\n      \"dataDisks\":
        []\r\n    },\r\n    \"osProfile\": {\r\n      \"computerName\": \"vm-datadisk-test\",\r\n
        \     \"adminUsername\": \"ubuntu\",\r\n      \"linuxConfiguration\": {\r\n
        \       \"disablePasswordAuthentication\": false,\r\n        \"provisionVMAgent\":
        true,\r\n        \"patchSettings\": {\r\n          \"patchMode\": \"ImageDefault\",\r\n
        \         \"assessmentMode\": \"ImageDefault\"\r\n        },\r\n        \"enableVMAgentPlatformUpdates\":
        false\r\n      },\r\n      \"secrets\": [],\r\n      \"allowExtensionOperations\":
        true,\r\n      \"requireGuestProvisionSignal\": true\r\n    },\r\n    \"networkProfile\":
        {\"networkInterfaces\":[{\"id\":\"/subscriptions/00000000-0000-0000-0000-000000000000/resourceGroups/cli-test-disk000001/providers/Microsoft.Network/networkInterfaces/vm-datadisk-testVMNic\"}]},\r\n
        \   \"timeCreated\": \"2023-11-20T23:50:44.1987562+00:00\"\r\n  }\r\n}"
    headers:
      cache-control:
      - no-cache
      content-length:
      - '2387'
      content-type:
      - application/json; charset=utf-8
      date:
      - Mon, 20 Nov 2023 23:53:26 GMT
      expires:
      - '-1'
      pragma:
      - no-cache
      strict-transport-security:
      - max-age=31536000; includeSubDomains
      x-cache:
      - CONFIG_NOCACHE
      x-content-type-options:
      - nosniff
      x-ms-ratelimit-remaining-resource:
      - Microsoft.Compute/LowCostGet3Min;3883,Microsoft.Compute/LowCostGet30Min;31419
      x-msedge-ref:
      - 'Ref A: AA8CBB368C004ABD823467B358B7535A Ref B: CO6AA3150220045 Ref C: 2023-11-20T23:53:27Z'
    status:
      code: 200
      message: ''
- request:
    body: '{"location": "westus", "tags": {"platformsettings.host_environment.service.platform_optedin_for_rootcerts":
      "true", "azsecpack": "nonprod"}, "identity": {"type": "UserAssigned", "userAssignedIdentities":
      {"/subscriptions/00000000-0000-0000-0000-000000000000/resourceGroups/AzSecPackAutoConfigRG/providers/Microsoft.ManagedIdentity/userAssignedIdentities/AzSecPackAutoConfigUA-westus":
      {}}}, "properties": {"hardwareProfile": {"vmSize": "Standard_DS1_v2"}, "storageProfile":
      {"osDisk": {"osType": "Linux", "name": "osdisk_7b02635fab", "vhd": {"uri": "https://vhdstorage7b02635faba499.blob.core.windows.net/vhds/osdisk_7b02635fab.vhd"},
      "caching": "ReadWrite", "createOption": "FromImage", "diskSizeGB": 30, "deleteOption":
      "Detach"}, "dataDisks": [{"lun": 0, "name": "d7", "vhd": {"uri": "https://vhdstorage7b02635faba499.blob.core.windows.net/vhds/d7.vhd"},
      "caching": "ReadOnly", "createOption": "Attach"}]}, "osProfile": {"computerName":
      "vm-datadisk-test", "adminUsername": "ubuntu", "linuxConfiguration": {"disablePasswordAuthentication":
      false, "provisionVMAgent": true, "patchSettings": {"patchMode": "ImageDefault",
      "assessmentMode": "ImageDefault"}, "enableVMAgentPlatformUpdates": false}, "secrets":
      [], "allowExtensionOperations": true, "requireGuestProvisionSignal": true},
      "networkProfile": {"networkInterfaces": [{"id": "/subscriptions/00000000-0000-0000-0000-000000000000/resourceGroups/cli-test-disk000001/providers/Microsoft.Network/networkInterfaces/vm-datadisk-testVMNic"}]}}}'
    headers:
      Accept:
      - application/json
      Accept-Encoding:
      - gzip, deflate
      CommandName:
      - vm unmanaged-disk attach
      Connection:
      - keep-alive
      Content-Length:
      - '1494'
      Content-Type:
      - application/json
      ParameterSetName:
      - -g --vm-name -n --vhd --caching
      User-Agent:
      - AZURECLI/2.53.1 azsdk-python-azure-mgmt-compute/30.0.0 Python/3.8.10 (Windows-10-10.0.22631-SP0)
    method: PUT
    uri: https://management.azure.com/subscriptions/00000000-0000-0000-0000-000000000000/resourceGroups/cli-test-disk000001/providers/Microsoft.Compute/virtualMachines/vm-datadisk-test?api-version=2022-11-01
  response:
    body:
      string: "{\r\n  \"name\": \"vm-datadisk-test\",\r\n  \"id\": \"/subscriptions/00000000-0000-0000-0000-000000000000/resourceGroups/cli-test-disk000001/providers/Microsoft.Compute/virtualMachines/vm-datadisk-test\",\r\n
        \ \"type\": \"Microsoft.Compute/virtualMachines\",\r\n  \"location\": \"westus\",\r\n
        \ \"tags\": {\r\n    \"platformsettings.host_environment.service.platform_optedin_for_rootcerts\":
        \"true\",\r\n    \"azsecpack\": \"nonprod\"\r\n  },\r\n  \"identity\": {\r\n
        \   \"type\": \"UserAssigned\",\r\n    \"userAssignedIdentities\": {\r\n      \"/subscriptions/00000000-0000-0000-0000-000000000000/resourceGroups/AzSecPackAutoConfigRG/providers/Microsoft.ManagedIdentity/userAssignedIdentities/AzSecPackAutoConfigUA-westus\":
        {\r\n        \"principalId\": \"5d9bb1dc-4d10-4b89-a2c3-b450aa2dde7c\",\r\n
        \       \"clientId\": \"dfd888e8-9bc1-4d52-a44f-ee0d1226700e\"\r\n      }\r\n
        \   }\r\n  },\r\n  \"properties\": {\r\n    \"hardwareProfile\": {\r\n      \"vmSize\":
        \"Standard_DS1_v2\"\r\n    },\r\n    \"provisioningState\": \"Updating\",\r\n
        \   \"vmId\": \"83454f15-0ef0-4f95-9d1a-187345cc6b59\",\r\n    \"storageProfile\":
        {\r\n      \"imageReference\": {\r\n        \"publisher\": \"OpenLogic\",\r\n
        \       \"offer\": \"CentOS\",\r\n        \"sku\": \"7.5\",\r\n        \"version\":
        \"latest\",\r\n        \"exactVersion\": \"7.5.201808150\"\r\n      },\r\n
        \     \"osDisk\": {\r\n        \"osType\": \"Linux\",\r\n        \"name\":
        \"osdisk_7b02635fab\",\r\n        \"createOption\": \"FromImage\",\r\n        \"vhd\":
        {\r\n          \"uri\": \"https://vhdstorage7b02635faba499.blob.core.windows.net/vhds/osdisk_7b02635fab.vhd\"\r\n
        \       },\r\n        \"caching\": \"ReadWrite\",\r\n        \"deleteOption\":
        \"Detach\",\r\n        \"diskSizeGB\": 30\r\n      },\r\n      \"dataDisks\":
        [\r\n        {\r\n          \"lun\": 0,\r\n          \"name\": \"d7\",\r\n
        \         \"createOption\": \"Attach\",\r\n          \"vhd\": {\r\n            \"uri\":
        \"https://vhdstorage7b02635faba499.blob.core.windows.net/vhds/d7.vhd\"\r\n
        \         },\r\n          \"caching\": \"ReadOnly\",\r\n          \"deleteOption\":
        \"Detach\",\r\n          \"toBeDetached\": false\r\n        }\r\n      ]\r\n
        \   },\r\n    \"osProfile\": {\r\n      \"computerName\": \"vm-datadisk-test\",\r\n
        \     \"adminUsername\": \"ubuntu\",\r\n      \"linuxConfiguration\": {\r\n
        \       \"disablePasswordAuthentication\": false,\r\n        \"provisionVMAgent\":
        true,\r\n        \"patchSettings\": {\r\n          \"patchMode\": \"ImageDefault\",\r\n
        \         \"assessmentMode\": \"ImageDefault\"\r\n        },\r\n        \"enableVMAgentPlatformUpdates\":
        false\r\n      },\r\n      \"secrets\": [],\r\n      \"allowExtensionOperations\":
        true,\r\n      \"requireGuestProvisionSignal\": true\r\n    },\r\n    \"networkProfile\":
        {\"networkInterfaces\":[{\"id\":\"/subscriptions/00000000-0000-0000-0000-000000000000/resourceGroups/cli-test-disk000001/providers/Microsoft.Network/networkInterfaces/vm-datadisk-testVMNic\"}]},\r\n
        \   \"timeCreated\": \"2023-11-20T23:50:44.1987562+00:00\"\r\n  }\r\n}"
    headers:
      azure-asyncnotification:
      - Enabled
      azure-asyncoperation:
      - https://management.azure.com/subscriptions/00000000-0000-0000-0000-000000000000/providers/Microsoft.Compute/locations/westus/operations/f6abe4e9-4fe2-4699-8e7c-e4f3b8573517?p=fe34a652-31ab-43c2-b2cd-0accbaa532dd&api-version=2022-11-01&t=638361212084371913&c=MIIHHjCCBgagAwIBAgITfwI8ooo2761TEgO3SgAEAjyiijANBgkqhkiG9w0BAQsFADBEMRMwEQYKCZImiZPyLGQBGRYDR0JMMRMwEQYKCZImiZPyLGQBGRYDQU1FMRgwFgYDVQQDEw9BTUUgSW5mcmEgQ0EgMDIwHhcNMjMxMTAxMTc1NTI2WhcNMjQxMDI2MTc1NTI2WjBAMT4wPAYDVQQDEzVhc3luY29wZXJhdGlvbnNpZ25pbmdjZXJ0aWZpY2F0ZS5tYW5hZ2VtZW50LmF6dXJlLmNvbTCCASIwDQYJKoZIhvcNAQEBBQADggEPADCCAQoCggEBAJ0WQLjgbZj70uXwL_AnKvEas1GVvOB7Og4giEY7H0L78RFiY2-CzzgMKyZV8H3ACZxqQoBMWsq9XAf4iUNAer7s23VPyWkoVdr2uTc8SCvur4qja77OTMKiRVU277ViRu_Mb-fJvQKeRO3Q8A4Sg1A63a2VQ_WlyOCHPBj-gUF0zU4SYnlqSYGcNmuhCjtHpVvF_N3CGz0JlGTo3ia0wmks2y95IHeD0lcr0AgP73_eafbKafZn4Z56GdC3lngKdhyEiQi_kPyxaydv1PfV2xX9OLKvB19e9jLB43QA9r5k5DsAhqtv6eqwHBdW07S9MCMu8kwoYUpX1TTGapizc6ECAwEAAaOCBAswggQHMCcGCSsGAQQBgjcVCgQaMBgwCgYIKwYBBQUHAwEwCgYIKwYBBQUHAwIwPQYJKwYBBAGCNxUHBDAwLgYmKwYBBAGCNxUIhpDjDYTVtHiE8Ys-hZvdFs6dEoFggvX2K4Py0SACAWQCAQowggHaBggrBgEFBQcBAQSCAcwwggHIMGYGCCsGAQUFBzAChlpodHRwOi8vY3JsLm1pY3Jvc29mdC5jb20vcGtpaW5mcmEvQ2VydHMvQkwyUEtJSU5UQ0EwMS5BTUUuR0JMX0FNRSUyMEluZnJhJTIwQ0ElMjAwMig0KS5jcnQwVgYIKwYBBQUHMAKGSmh0dHA6Ly9jcmwxLmFtZS5nYmwvYWlhL0JMMlBLSUlOVENBMDEuQU1FLkdCTF9BTUUlMjBJbmZyYSUyMENBJTIwMDIoNCkuY3J0MFYGCCsGAQUFBzAChkpodHRwOi8vY3JsMi5hbWUuZ2JsL2FpYS9CTDJQS0lJTlRDQTAxLkFNRS5HQkxfQU1FJTIwSW5mcmElMjBDQSUyMDAyKDQpLmNydDBWBggrBgEFBQcwAoZKaHR0cDovL2NybDMuYW1lLmdibC9haWEvQkwyUEtJSU5UQ0EwMS5BTUUuR0JMX0FNRSUyMEluZnJhJTIwQ0ElMjAwMig0KS5jcnQwVgYIKwYBBQUHMAKGSmh0dHA6Ly9jcmw0LmFtZS5nYmwvYWlhL0JMMlBLSUlOVENBMDEuQU1FLkdCTF9BTUUlMjBJbmZyYSUyMENBJTIwMDIoNCkuY3J0MB0GA1UdDgQWBBTwk8yVBP3k-Qa8LdSw6mv--mLIvDAOBgNVHQ8BAf8EBAMCBaAwggE1BgNVHR8EggEsMIIBKDCCASSgggEgoIIBHIZCaHR0cDovL2NybC5taWNyb3NvZnQuY29tL3BraWluZnJhL0NSTC9BTUUlMjBJbmZyYSUyMENBJTIwMDIoNCkuY3JshjRodHRwOi8vY3JsMS5hbWUuZ2JsL2NybC9BTUUlMjBJbmZyYSUyMENBJTIwMDIoNCkuY3JshjRodHRwOi8vY3JsMi5hbWUuZ2JsL2NybC9BTUUlMjBJbmZyYSUyMENBJTIwMDIoNCkuY3JshjRodHRwOi8vY3JsMy5hbWUuZ2JsL2NybC9BTUUlMjBJbmZyYSUyMENBJTIwMDIoNCkuY3JshjRodHRwOi8vY3JsNC5hbWUuZ2JsL2NybC9BTUUlMjBJbmZyYSUyMENBJTIwMDIoNCkuY3JsMBcGA1UdIAQQMA4wDAYKKwYBBAGCN3sBATAfBgNVHSMEGDAWgBSuecJrXSWIEwb2BwnDl3x7l48dVTAdBgNVHSUEFjAUBggrBgEFBQcDAQYIKwYBBQUHAwIwDQYJKoZIhvcNAQELBQADggEBAKR8h2puMUi3SGdIfblcEylOBfcaCRtDDIvC64QKLae7vOAe1f8SpXEFfYeIl5xydb8lEUYApxL701SQSy-NPuBuuQ0CIMKjZ-xCj9VbjQIykosQBVJvxp5I0TplyumFiehQP3zZuc1PZ2hg05aq3CKSbJGKFlow_8P9RN66yeKWGE7SWV9NZThEL8VfEXjl_ITgWb-L1SmnFKTdOVNVDQoRjjX-JqVobqh0O4K0dsPapDoAdqjIECodvocGyWtCEwIk-j8yyBxqX_JzzumMzxUMrxCjaosaJVOvoJB7vh6WuiYfHondyzaGqjm9Bjpqj46bQXojx6xALlzNX5x_j_g&s=FYBaogYfBL3B-5FmHIOvuB36i5TlgV_msPzMJ-mhwMPWebvG5UKjtOTdsU6Gvu8VChUQP2Tt5zCpFAip19PE35bm7PxCVzPMlPfjP60lhPh4yHDWbx6UabC9v6aAqyd5GhDAAkBNjtvIhCQ0vg7owvDHr2l1TAmt1oE3Hn728PY0IkjjNS1TJugTPTF-bbkaka79z6v998fJrnhZ3c6qwMRHaA8EFDIUoKmZZCWga0E_7zyoOpC1geywLBRLIe8kA-GbYFh5xoV3g4KsTg4eocBCZ0-ZAuBuTfGvUerd6rhRLUKcCh6RzDhrhUkUlO1ODjPVB58ZoH-XRfZRQxbHfQ&h=UPrRhHyzxaKl51tK26XzFJBSMCsquskEQaPBrJYuMlg
      cache-control:
      - no-cache
      content-length:
      - '2726'
      content-type:
      - application/json; charset=utf-8
      date:
      - Mon, 20 Nov 2023 23:53:28 GMT
      expires:
      - '-1'
      pragma:
      - no-cache
      strict-transport-security:
      - max-age=31536000; includeSubDomains
      x-cache:
      - CONFIG_NOCACHE
      x-content-type-options:
      - nosniff
      x-ms-ratelimit-remaining-resource:
      - Microsoft.Compute/PutVM3Min;233,Microsoft.Compute/PutVM30Min;1140
      x-ms-ratelimit-remaining-subscription-writes:
      - '1196'
      x-msedge-ref:
      - 'Ref A: E09FFC8A48944496A9EB293C01A14A42 Ref B: CO6AA3150218031 Ref C: 2023-11-20T23:53:27Z'
    status:
      code: 200
      message: ''
- request:
    body: null
    headers:
      Accept:
      - '*/*'
      Accept-Encoding:
      - gzip, deflate
      CommandName:
      - vm unmanaged-disk attach
      Connection:
      - keep-alive
      ParameterSetName:
      - -g --vm-name -n --vhd --caching
      User-Agent:
      - AZURECLI/2.53.1 azsdk-python-azure-mgmt-compute/30.0.0 Python/3.8.10 (Windows-10-10.0.22631-SP0)
    method: GET
    uri: https://management.azure.com/subscriptions/00000000-0000-0000-0000-000000000000/providers/Microsoft.Compute/locations/westus/operations/f6abe4e9-4fe2-4699-8e7c-e4f3b8573517?p=fe34a652-31ab-43c2-b2cd-0accbaa532dd&api-version=2022-11-01&t=638361212084371913&c=MIIHHjCCBgagAwIBAgITfwI8ooo2761TEgO3SgAEAjyiijANBgkqhkiG9w0BAQsFADBEMRMwEQYKCZImiZPyLGQBGRYDR0JMMRMwEQYKCZImiZPyLGQBGRYDQU1FMRgwFgYDVQQDEw9BTUUgSW5mcmEgQ0EgMDIwHhcNMjMxMTAxMTc1NTI2WhcNMjQxMDI2MTc1NTI2WjBAMT4wPAYDVQQDEzVhc3luY29wZXJhdGlvbnNpZ25pbmdjZXJ0aWZpY2F0ZS5tYW5hZ2VtZW50LmF6dXJlLmNvbTCCASIwDQYJKoZIhvcNAQEBBQADggEPADCCAQoCggEBAJ0WQLjgbZj70uXwL_AnKvEas1GVvOB7Og4giEY7H0L78RFiY2-CzzgMKyZV8H3ACZxqQoBMWsq9XAf4iUNAer7s23VPyWkoVdr2uTc8SCvur4qja77OTMKiRVU277ViRu_Mb-fJvQKeRO3Q8A4Sg1A63a2VQ_WlyOCHPBj-gUF0zU4SYnlqSYGcNmuhCjtHpVvF_N3CGz0JlGTo3ia0wmks2y95IHeD0lcr0AgP73_eafbKafZn4Z56GdC3lngKdhyEiQi_kPyxaydv1PfV2xX9OLKvB19e9jLB43QA9r5k5DsAhqtv6eqwHBdW07S9MCMu8kwoYUpX1TTGapizc6ECAwEAAaOCBAswggQHMCcGCSsGAQQBgjcVCgQaMBgwCgYIKwYBBQUHAwEwCgYIKwYBBQUHAwIwPQYJKwYBBAGCNxUHBDAwLgYmKwYBBAGCNxUIhpDjDYTVtHiE8Ys-hZvdFs6dEoFggvX2K4Py0SACAWQCAQowggHaBggrBgEFBQcBAQSCAcwwggHIMGYGCCsGAQUFBzAChlpodHRwOi8vY3JsLm1pY3Jvc29mdC5jb20vcGtpaW5mcmEvQ2VydHMvQkwyUEtJSU5UQ0EwMS5BTUUuR0JMX0FNRSUyMEluZnJhJTIwQ0ElMjAwMig0KS5jcnQwVgYIKwYBBQUHMAKGSmh0dHA6Ly9jcmwxLmFtZS5nYmwvYWlhL0JMMlBLSUlOVENBMDEuQU1FLkdCTF9BTUUlMjBJbmZyYSUyMENBJTIwMDIoNCkuY3J0MFYGCCsGAQUFBzAChkpodHRwOi8vY3JsMi5hbWUuZ2JsL2FpYS9CTDJQS0lJTlRDQTAxLkFNRS5HQkxfQU1FJTIwSW5mcmElMjBDQSUyMDAyKDQpLmNydDBWBggrBgEFBQcwAoZKaHR0cDovL2NybDMuYW1lLmdibC9haWEvQkwyUEtJSU5UQ0EwMS5BTUUuR0JMX0FNRSUyMEluZnJhJTIwQ0ElMjAwMig0KS5jcnQwVgYIKwYBBQUHMAKGSmh0dHA6Ly9jcmw0LmFtZS5nYmwvYWlhL0JMMlBLSUlOVENBMDEuQU1FLkdCTF9BTUUlMjBJbmZyYSUyMENBJTIwMDIoNCkuY3J0MB0GA1UdDgQWBBTwk8yVBP3k-Qa8LdSw6mv--mLIvDAOBgNVHQ8BAf8EBAMCBaAwggE1BgNVHR8EggEsMIIBKDCCASSgggEgoIIBHIZCaHR0cDovL2NybC5taWNyb3NvZnQuY29tL3BraWluZnJhL0NSTC9BTUUlMjBJbmZyYSUyMENBJTIwMDIoNCkuY3JshjRodHRwOi8vY3JsMS5hbWUuZ2JsL2NybC9BTUUlMjBJbmZyYSUyMENBJTIwMDIoNCkuY3JshjRodHRwOi8vY3JsMi5hbWUuZ2JsL2NybC9BTUUlMjBJbmZyYSUyMENBJTIwMDIoNCkuY3JshjRodHRwOi8vY3JsMy5hbWUuZ2JsL2NybC9BTUUlMjBJbmZyYSUyMENBJTIwMDIoNCkuY3JshjRodHRwOi8vY3JsNC5hbWUuZ2JsL2NybC9BTUUlMjBJbmZyYSUyMENBJTIwMDIoNCkuY3JsMBcGA1UdIAQQMA4wDAYKKwYBBAGCN3sBATAfBgNVHSMEGDAWgBSuecJrXSWIEwb2BwnDl3x7l48dVTAdBgNVHSUEFjAUBggrBgEFBQcDAQYIKwYBBQUHAwIwDQYJKoZIhvcNAQELBQADggEBAKR8h2puMUi3SGdIfblcEylOBfcaCRtDDIvC64QKLae7vOAe1f8SpXEFfYeIl5xydb8lEUYApxL701SQSy-NPuBuuQ0CIMKjZ-xCj9VbjQIykosQBVJvxp5I0TplyumFiehQP3zZuc1PZ2hg05aq3CKSbJGKFlow_8P9RN66yeKWGE7SWV9NZThEL8VfEXjl_ITgWb-L1SmnFKTdOVNVDQoRjjX-JqVobqh0O4K0dsPapDoAdqjIECodvocGyWtCEwIk-j8yyBxqX_JzzumMzxUMrxCjaosaJVOvoJB7vh6WuiYfHondyzaGqjm9Bjpqj46bQXojx6xALlzNX5x_j_g&s=FYBaogYfBL3B-5FmHIOvuB36i5TlgV_msPzMJ-mhwMPWebvG5UKjtOTdsU6Gvu8VChUQP2Tt5zCpFAip19PE35bm7PxCVzPMlPfjP60lhPh4yHDWbx6UabC9v6aAqyd5GhDAAkBNjtvIhCQ0vg7owvDHr2l1TAmt1oE3Hn728PY0IkjjNS1TJugTPTF-bbkaka79z6v998fJrnhZ3c6qwMRHaA8EFDIUoKmZZCWga0E_7zyoOpC1geywLBRLIe8kA-GbYFh5xoV3g4KsTg4eocBCZ0-ZAuBuTfGvUerd6rhRLUKcCh6RzDhrhUkUlO1ODjPVB58ZoH-XRfZRQxbHfQ&h=UPrRhHyzxaKl51tK26XzFJBSMCsquskEQaPBrJYuMlg
  response:
    body:
      string: "{\r\n  \"startTime\": \"2023-11-20T23:53:28.2157773+00:00\",\r\n  \"status\":
        \"InProgress\",\r\n  \"name\": \"f6abe4e9-4fe2-4699-8e7c-e4f3b8573517\"\r\n}"
    headers:
      cache-control:
      - no-cache
      content-length:
      - '134'
      content-type:
      - application/json; charset=utf-8
      date:
      - Mon, 20 Nov 2023 23:53:28 GMT
      expires:
      - '-1'
      pragma:
      - no-cache
      strict-transport-security:
      - max-age=31536000; includeSubDomains
      x-cache:
      - CONFIG_NOCACHE
      x-content-type-options:
      - nosniff
      x-ms-ratelimit-remaining-resource:
      - Microsoft.Compute/GetOperation3Min;14895,Microsoft.Compute/GetOperation30Min;29497
      x-msedge-ref:
      - 'Ref A: 8458C45ADF114740BFDC27F8321DB448 Ref B: CO6AA3150218031 Ref C: 2023-11-20T23:53:28Z'
    status:
      code: 200
      message: ''
- request:
    body: null
    headers:
      Accept:
      - '*/*'
      Accept-Encoding:
      - gzip, deflate
      CommandName:
      - vm unmanaged-disk attach
      Connection:
      - keep-alive
      ParameterSetName:
      - -g --vm-name -n --vhd --caching
      User-Agent:
      - AZURECLI/2.53.1 azsdk-python-azure-mgmt-compute/30.0.0 Python/3.8.10 (Windows-10-10.0.22631-SP0)
    method: GET
    uri: https://management.azure.com/subscriptions/00000000-0000-0000-0000-000000000000/providers/Microsoft.Compute/locations/westus/operations/f6abe4e9-4fe2-4699-8e7c-e4f3b8573517?p=fe34a652-31ab-43c2-b2cd-0accbaa532dd&api-version=2022-11-01&t=638361212084371913&c=MIIHHjCCBgagAwIBAgITfwI8ooo2761TEgO3SgAEAjyiijANBgkqhkiG9w0BAQsFADBEMRMwEQYKCZImiZPyLGQBGRYDR0JMMRMwEQYKCZImiZPyLGQBGRYDQU1FMRgwFgYDVQQDEw9BTUUgSW5mcmEgQ0EgMDIwHhcNMjMxMTAxMTc1NTI2WhcNMjQxMDI2MTc1NTI2WjBAMT4wPAYDVQQDEzVhc3luY29wZXJhdGlvbnNpZ25pbmdjZXJ0aWZpY2F0ZS5tYW5hZ2VtZW50LmF6dXJlLmNvbTCCASIwDQYJKoZIhvcNAQEBBQADggEPADCCAQoCggEBAJ0WQLjgbZj70uXwL_AnKvEas1GVvOB7Og4giEY7H0L78RFiY2-CzzgMKyZV8H3ACZxqQoBMWsq9XAf4iUNAer7s23VPyWkoVdr2uTc8SCvur4qja77OTMKiRVU277ViRu_Mb-fJvQKeRO3Q8A4Sg1A63a2VQ_WlyOCHPBj-gUF0zU4SYnlqSYGcNmuhCjtHpVvF_N3CGz0JlGTo3ia0wmks2y95IHeD0lcr0AgP73_eafbKafZn4Z56GdC3lngKdhyEiQi_kPyxaydv1PfV2xX9OLKvB19e9jLB43QA9r5k5DsAhqtv6eqwHBdW07S9MCMu8kwoYUpX1TTGapizc6ECAwEAAaOCBAswggQHMCcGCSsGAQQBgjcVCgQaMBgwCgYIKwYBBQUHAwEwCgYIKwYBBQUHAwIwPQYJKwYBBAGCNxUHBDAwLgYmKwYBBAGCNxUIhpDjDYTVtHiE8Ys-hZvdFs6dEoFggvX2K4Py0SACAWQCAQowggHaBggrBgEFBQcBAQSCAcwwggHIMGYGCCsGAQUFBzAChlpodHRwOi8vY3JsLm1pY3Jvc29mdC5jb20vcGtpaW5mcmEvQ2VydHMvQkwyUEtJSU5UQ0EwMS5BTUUuR0JMX0FNRSUyMEluZnJhJTIwQ0ElMjAwMig0KS5jcnQwVgYIKwYBBQUHMAKGSmh0dHA6Ly9jcmwxLmFtZS5nYmwvYWlhL0JMMlBLSUlOVENBMDEuQU1FLkdCTF9BTUUlMjBJbmZyYSUyMENBJTIwMDIoNCkuY3J0MFYGCCsGAQUFBzAChkpodHRwOi8vY3JsMi5hbWUuZ2JsL2FpYS9CTDJQS0lJTlRDQTAxLkFNRS5HQkxfQU1FJTIwSW5mcmElMjBDQSUyMDAyKDQpLmNydDBWBggrBgEFBQcwAoZKaHR0cDovL2NybDMuYW1lLmdibC9haWEvQkwyUEtJSU5UQ0EwMS5BTUUuR0JMX0FNRSUyMEluZnJhJTIwQ0ElMjAwMig0KS5jcnQwVgYIKwYBBQUHMAKGSmh0dHA6Ly9jcmw0LmFtZS5nYmwvYWlhL0JMMlBLSUlOVENBMDEuQU1FLkdCTF9BTUUlMjBJbmZyYSUyMENBJTIwMDIoNCkuY3J0MB0GA1UdDgQWBBTwk8yVBP3k-Qa8LdSw6mv--mLIvDAOBgNVHQ8BAf8EBAMCBaAwggE1BgNVHR8EggEsMIIBKDCCASSgggEgoIIBHIZCaHR0cDovL2NybC5taWNyb3NvZnQuY29tL3BraWluZnJhL0NSTC9BTUUlMjBJbmZyYSUyMENBJTIwMDIoNCkuY3JshjRodHRwOi8vY3JsMS5hbWUuZ2JsL2NybC9BTUUlMjBJbmZyYSUyMENBJTIwMDIoNCkuY3JshjRodHRwOi8vY3JsMi5hbWUuZ2JsL2NybC9BTUUlMjBJbmZyYSUyMENBJTIwMDIoNCkuY3JshjRodHRwOi8vY3JsMy5hbWUuZ2JsL2NybC9BTUUlMjBJbmZyYSUyMENBJTIwMDIoNCkuY3JshjRodHRwOi8vY3JsNC5hbWUuZ2JsL2NybC9BTUUlMjBJbmZyYSUyMENBJTIwMDIoNCkuY3JsMBcGA1UdIAQQMA4wDAYKKwYBBAGCN3sBATAfBgNVHSMEGDAWgBSuecJrXSWIEwb2BwnDl3x7l48dVTAdBgNVHSUEFjAUBggrBgEFBQcDAQYIKwYBBQUHAwIwDQYJKoZIhvcNAQELBQADggEBAKR8h2puMUi3SGdIfblcEylOBfcaCRtDDIvC64QKLae7vOAe1f8SpXEFfYeIl5xydb8lEUYApxL701SQSy-NPuBuuQ0CIMKjZ-xCj9VbjQIykosQBVJvxp5I0TplyumFiehQP3zZuc1PZ2hg05aq3CKSbJGKFlow_8P9RN66yeKWGE7SWV9NZThEL8VfEXjl_ITgWb-L1SmnFKTdOVNVDQoRjjX-JqVobqh0O4K0dsPapDoAdqjIECodvocGyWtCEwIk-j8yyBxqX_JzzumMzxUMrxCjaosaJVOvoJB7vh6WuiYfHondyzaGqjm9Bjpqj46bQXojx6xALlzNX5x_j_g&s=FYBaogYfBL3B-5FmHIOvuB36i5TlgV_msPzMJ-mhwMPWebvG5UKjtOTdsU6Gvu8VChUQP2Tt5zCpFAip19PE35bm7PxCVzPMlPfjP60lhPh4yHDWbx6UabC9v6aAqyd5GhDAAkBNjtvIhCQ0vg7owvDHr2l1TAmt1oE3Hn728PY0IkjjNS1TJugTPTF-bbkaka79z6v998fJrnhZ3c6qwMRHaA8EFDIUoKmZZCWga0E_7zyoOpC1geywLBRLIe8kA-GbYFh5xoV3g4KsTg4eocBCZ0-ZAuBuTfGvUerd6rhRLUKcCh6RzDhrhUkUlO1ODjPVB58ZoH-XRfZRQxbHfQ&h=UPrRhHyzxaKl51tK26XzFJBSMCsquskEQaPBrJYuMlg
  response:
    body:
      string: "{\r\n  \"startTime\": \"2023-11-20T23:53:28.2157773+00:00\",\r\n  \"endTime\":
        \"2023-11-20T23:53:34.4970775+00:00\",\r\n  \"status\": \"Succeeded\",\r\n
        \ \"name\": \"f6abe4e9-4fe2-4699-8e7c-e4f3b8573517\"\r\n}"
    headers:
      cache-control:
      - no-cache
      content-length:
      - '184'
      content-type:
      - application/json; charset=utf-8
      date:
      - Mon, 20 Nov 2023 23:53:58 GMT
      expires:
      - '-1'
      pragma:
      - no-cache
      strict-transport-security:
      - max-age=31536000; includeSubDomains
      x-cache:
      - CONFIG_NOCACHE
      x-content-type-options:
      - nosniff
      x-ms-ratelimit-remaining-resource:
      - Microsoft.Compute/GetOperation3Min;14894,Microsoft.Compute/GetOperation30Min;29484
      x-msedge-ref:
      - 'Ref A: DBF46CA667D040838CD753755D371B43 Ref B: CO6AA3150218031 Ref C: 2023-11-20T23:53:58Z'
    status:
      code: 200
      message: ''
- request:
    body: null
    headers:
      Accept:
      - '*/*'
      Accept-Encoding:
      - gzip, deflate
      CommandName:
      - vm unmanaged-disk attach
      Connection:
      - keep-alive
      ParameterSetName:
      - -g --vm-name -n --vhd --caching
      User-Agent:
      - AZURECLI/2.53.1 azsdk-python-azure-mgmt-compute/30.0.0 Python/3.8.10 (Windows-10-10.0.22631-SP0)
    method: GET
    uri: https://management.azure.com/subscriptions/00000000-0000-0000-0000-000000000000/resourceGroups/cli-test-disk000001/providers/Microsoft.Compute/virtualMachines/vm-datadisk-test?api-version=2022-11-01
  response:
    body:
      string: "{\r\n  \"name\": \"vm-datadisk-test\",\r\n  \"id\": \"/subscriptions/00000000-0000-0000-0000-000000000000/resourceGroups/cli-test-disk000001/providers/Microsoft.Compute/virtualMachines/vm-datadisk-test\",\r\n
        \ \"type\": \"Microsoft.Compute/virtualMachines\",\r\n  \"location\": \"westus\",\r\n
        \ \"tags\": {\r\n    \"platformsettings.host_environment.service.platform_optedin_for_rootcerts\":
        \"true\",\r\n    \"azsecpack\": \"nonprod\"\r\n  },\r\n  \"identity\": {\r\n
        \   \"type\": \"UserAssigned\",\r\n    \"userAssignedIdentities\": {\r\n      \"/subscriptions/00000000-0000-0000-0000-000000000000/resourceGroups/AzSecPackAutoConfigRG/providers/Microsoft.ManagedIdentity/userAssignedIdentities/AzSecPackAutoConfigUA-westus\":
        {\r\n        \"principalId\": \"5d9bb1dc-4d10-4b89-a2c3-b450aa2dde7c\",\r\n
        \       \"clientId\": \"dfd888e8-9bc1-4d52-a44f-ee0d1226700e\"\r\n      }\r\n
        \   }\r\n  },\r\n  \"properties\": {\r\n    \"hardwareProfile\": {\r\n      \"vmSize\":
        \"Standard_DS1_v2\"\r\n    },\r\n    \"provisioningState\": \"Succeeded\",\r\n
        \   \"vmId\": \"83454f15-0ef0-4f95-9d1a-187345cc6b59\",\r\n    \"storageProfile\":
        {\r\n      \"imageReference\": {\r\n        \"publisher\": \"OpenLogic\",\r\n
        \       \"offer\": \"CentOS\",\r\n        \"sku\": \"7.5\",\r\n        \"version\":
        \"latest\",\r\n        \"exactVersion\": \"7.5.201808150\"\r\n      },\r\n
        \     \"osDisk\": {\r\n        \"osType\": \"Linux\",\r\n        \"name\":
        \"osdisk_7b02635fab\",\r\n        \"createOption\": \"FromImage\",\r\n        \"vhd\":
        {\r\n          \"uri\": \"https://vhdstorage7b02635faba499.blob.core.windows.net/vhds/osdisk_7b02635fab.vhd\"\r\n
        \       },\r\n        \"caching\": \"ReadWrite\",\r\n        \"deleteOption\":
        \"Detach\",\r\n        \"diskSizeGB\": 30\r\n      },\r\n      \"dataDisks\":
        [\r\n        {\r\n          \"lun\": 0,\r\n          \"name\": \"d7\",\r\n
        \         \"createOption\": \"Attach\",\r\n          \"vhd\": {\r\n            \"uri\":
        \"https://vhdstorage7b02635faba499.blob.core.windows.net/vhds/d7.vhd\"\r\n
        \         },\r\n          \"caching\": \"ReadOnly\",\r\n          \"deleteOption\":
        \"Detach\",\r\n          \"diskSizeGB\": 8,\r\n          \"toBeDetached\":
        false\r\n        }\r\n      ]\r\n    },\r\n    \"osProfile\": {\r\n      \"computerName\":
        \"vm-datadisk-test\",\r\n      \"adminUsername\": \"ubuntu\",\r\n      \"linuxConfiguration\":
        {\r\n        \"disablePasswordAuthentication\": false,\r\n        \"provisionVMAgent\":
        true,\r\n        \"patchSettings\": {\r\n          \"patchMode\": \"ImageDefault\",\r\n
        \         \"assessmentMode\": \"ImageDefault\"\r\n        },\r\n        \"enableVMAgentPlatformUpdates\":
        false\r\n      },\r\n      \"secrets\": [],\r\n      \"allowExtensionOperations\":
        true,\r\n      \"requireGuestProvisionSignal\": true\r\n    },\r\n    \"networkProfile\":
        {\"networkInterfaces\":[{\"id\":\"/subscriptions/00000000-0000-0000-0000-000000000000/resourceGroups/cli-test-disk000001/providers/Microsoft.Network/networkInterfaces/vm-datadisk-testVMNic\"}]},\r\n
        \   \"timeCreated\": \"2023-11-20T23:50:44.1987562+00:00\"\r\n  }\r\n}"
    headers:
      cache-control:
      - no-cache
      content-length:
      - '2755'
      content-type:
      - application/json; charset=utf-8
      date:
      - Mon, 20 Nov 2023 23:53:58 GMT
      expires:
      - '-1'
      pragma:
      - no-cache
      strict-transport-security:
      - max-age=31536000; includeSubDomains
      x-cache:
      - CONFIG_NOCACHE
      x-content-type-options:
      - nosniff
      x-ms-ratelimit-remaining-resource:
      - Microsoft.Compute/LowCostGet3Min;3888,Microsoft.Compute/LowCostGet30Min;31403
      x-msedge-ref:
      - 'Ref A: 9499698A3BC8444FB2AE9BD5DCBB8A30 Ref B: CO6AA3150218031 Ref C: 2023-11-20T23:53:58Z'
    status:
      code: 200
      message: ''
version: 1
