interactions:
- request:
    body: null
    headers:
      Accept:
      - application/json
      Accept-Encoding:
      - gzip, deflate
      CommandName:
      - keyvault create
      Connection:
      - keep-alive
      ParameterSetName:
      - -g -n --enable-purge-protection --enable-soft-delete
      User-Agent:
      - AZURECLI/2.37.0 azsdk-python-azure-mgmt-resource/21.1.0b1 Python/3.8.10 (Windows-10-10.0.22000-SP0)
    method: GET
    uri: https://management.azure.com/subscriptions/00000000-0000-0000-0000-000000000000/resourcegroups/cli_test_os_disk_security_encryption000001?api-version=2021-04-01
  response:
    body:
      string: '{"id":"/subscriptions/00000000-0000-0000-0000-000000000000/resourceGroups/cli_test_os_disk_security_encryption000001","name":"cli_test_os_disk_security_encryption000001","type":"Microsoft.Resources/resourceGroups","location":"centraluseuap","tags":{"product":"azurecli","cause":"automation","date":"2022-06-30T11:37:48Z"},"properties":{"provisioningState":"Succeeded"}}'
    headers:
      cache-control:
      - no-cache
      content-length:
      - '369'
      content-type:
      - application/json; charset=utf-8
      date:
      - Thu, 30 Jun 2022 11:37:53 GMT
      expires:
      - '-1'
      pragma:
      - no-cache
      strict-transport-security:
      - max-age=31536000; includeSubDomains
      vary:
      - Accept-Encoding
      x-content-type-options:
      - nosniff
    status:
      code: 200
      message: OK
- request:
    body: null
    headers:
      Accept:
      - application/json
      Accept-Encoding:
      - gzip, deflate
      CommandName:
      - keyvault create
      Connection:
      - keep-alive
      ParameterSetName:
      - -g -n --enable-purge-protection --enable-soft-delete
      User-Agent:
      - AZURECLI/2.37.0 azsdk-python-azure-mgmt-keyvault/9.3.0 Python/3.8.10 (Windows-10-10.0.22000-SP0)
    method: GET
    uri: https://management.azure.com/subscriptions/00000000-0000-0000-0000-000000000000/resourceGroups/cli_test_os_disk_security_encryption000001/providers/Microsoft.KeyVault/vaults/vault000002?api-version=2021-06-01-preview
  response:
    body:
      string: '{"error":{"code":"ResourceNotFound","message":"The Resource ''Microsoft.KeyVault/vaults/vault000002''
        under resource group ''cli_test_os_disk_security_encryption000001'' was not
        found. For more details please go to https://aka.ms/ARMResourceNotFoundFix"}}'
    headers:
      cache-control:
      - no-cache
      content-length:
      - '251'
      content-type:
      - application/json; charset=utf-8
      date:
      - Thu, 30 Jun 2022 11:37:54 GMT
      expires:
      - '-1'
      pragma:
      - no-cache
      strict-transport-security:
      - max-age=31536000; includeSubDomains
      x-content-type-options:
      - nosniff
      x-ms-failure-cause:
      - gateway
    status:
      code: 404
      message: Not Found
- request:
    body: null
    headers:
      Accept:
      - '*/*'
      Accept-Encoding:
      - gzip, deflate
      CommandName:
      - keyvault create
      Connection:
      - keep-alive
      ParameterSetName:
      - -g -n --enable-purge-protection --enable-soft-delete
      User-Agent:
      - python/3.8.10 (Windows-10-10.0.22000-SP0) AZURECLI/2.37.0
    method: GET
    uri: https://graph.microsoft.com/v1.0/me
  response:
    body:
      string: '{"@odata.context":"https://graph.microsoft.com/v1.0/$metadata#users/$entity","businessPhones":[],"displayName":"Jingsong
        Zhang (WICRESOFT NORTH AMERICA LTD)","givenName":null,"jobTitle":null,"mail":"v-jingszhang@microsoft.com","mobilePhone":null,"officeLocation":null,"preferredLanguage":null,"surname":null,"userPrincipalName":"v-jingszhang_microsoft.com#EXT#@AzureSDKTeam.onmicrosoft.com","id":"d44a2991-98c6-47c3-b59b-2b30d72cfcc2"}'
    headers:
      cache-control:
      - no-cache
      content-length:
      - '435'
      content-type:
      - application/json;odata.metadata=minimal;odata.streaming=true;IEEE754Compatible=false;charset=utf-8
      date:
      - Thu, 30 Jun 2022 11:37:55 GMT
      odata-version:
      - '4.0'
      request-id:
      - 578c0435-529f-4e26-b8f7-86173a5ef374
      strict-transport-security:
      - max-age=31536000
      transfer-encoding:
      - chunked
      vary:
      - Accept-Encoding
      x-ms-ags-diagnostic:
      - '{"ServerInfo":{"DataCenter":"Southeast Asia","Slice":"E","Ring":"5","ScaleUnit":"002","RoleInstance":"SG1PEPF000035DD"}}'
      x-ms-resource-unit:
      - '1'
    status:
      code: 200
      message: OK
- request:
    body: '{"location": "centraluseuap", "properties": {"tenantId": "54826b22-38d6-4fb2-bad9-b7b93a3e9c5a",
      "sku": {"family": "A", "name": "standard"}, "accessPolicies": [{"tenantId":
      "54826b22-38d6-4fb2-bad9-b7b93a3e9c5a", "objectId": "d44a2991-98c6-47c3-b59b-2b30d72cfcc2",
      "permissions": {"keys": ["all"], "secrets": ["all"], "certificates": ["all"],
      "storage": ["all"]}}], "enableSoftDelete": true, "softDeleteRetentionInDays":
      90, "enablePurgeProtection": true, "networkAcls": {"bypass": "AzureServices",
      "defaultAction": "Allow"}}}'
    headers:
      Accept:
      - application/json
      Accept-Encoding:
      - gzip, deflate
      CommandName:
      - keyvault create
      Connection:
      - keep-alive
      Content-Length:
      - '526'
      Content-Type:
      - application/json
      ParameterSetName:
      - -g -n --enable-purge-protection --enable-soft-delete
      User-Agent:
      - AZURECLI/2.37.0 azsdk-python-azure-mgmt-keyvault/9.3.0 Python/3.8.10 (Windows-10-10.0.22000-SP0)
    method: PUT
    uri: https://management.azure.com/subscriptions/00000000-0000-0000-0000-000000000000/resourceGroups/cli_test_os_disk_security_encryption000001/providers/Microsoft.KeyVault/vaults/vault000002?api-version=2021-06-01-preview
  response:
    body:
      string: '{"id":"/subscriptions/00000000-0000-0000-0000-000000000000/resourceGroups/cli_test_os_disk_security_encryption000001/providers/Microsoft.KeyVault/vaults/vault000002","name":"vault000002","type":"Microsoft.KeyVault/vaults","location":"centraluseuap","tags":{},"systemData":{"createdBy":"v-jingszhang@microsoft.com","createdByType":"User","createdAt":"2022-06-30T11:38:01.856Z","lastModifiedBy":"v-jingszhang@microsoft.com","lastModifiedByType":"User","lastModifiedAt":"2022-06-30T11:38:01.856Z"},"properties":{"sku":{"family":"A","name":"standard"},"tenantId":"54826b22-38d6-4fb2-bad9-b7b93a3e9c5a","accessPolicies":[{"tenantId":"54826b22-38d6-4fb2-bad9-b7b93a3e9c5a","objectId":"d44a2991-98c6-47c3-b59b-2b30d72cfcc2","permissions":{"keys":["all"],"secrets":["all"],"certificates":["all"],"storage":["all"]}}],"enabledForDeployment":false,"enableSoftDelete":true,"softDeleteRetentionInDays":90,"enablePurgeProtection":true,"vaultUri":"https://vault000002.vault.azure.net","provisioningState":"RegisteringDns","publicNetworkAccess":"Enabled"}}'
    headers:
      cache-control:
      - no-cache
      content-length:
      - '1041'
      content-type:
      - application/json; charset=utf-8
      date:
      - Thu, 30 Jun 2022 11:38:07 GMT
      expires:
      - '-1'
      pragma:
      - no-cache
      server:
      - Microsoft-IIS/10.0
      strict-transport-security:
      - max-age=31536000; includeSubDomains
      transfer-encoding:
      - chunked
      vary:
      - Accept-Encoding
      x-aspnet-version:
      - 4.0.30319
      x-content-type-options:
      - nosniff
      x-ms-keyvault-service-version:
      - 1.5.413.0
      x-ms-ratelimit-remaining-subscription-writes:
      - '1199'
      x-powered-by:
      - ASP.NET
    status:
      code: 200
      message: OK
- request:
    body: null
    headers:
      Accept:
      - '*/*'
      Accept-Encoding:
      - gzip, deflate
      CommandName:
      - keyvault create
      Connection:
      - keep-alive
      ParameterSetName:
      - -g -n --enable-purge-protection --enable-soft-delete
      User-Agent:
      - AZURECLI/2.37.0 azsdk-python-azure-mgmt-keyvault/9.3.0 Python/3.8.10 (Windows-10-10.0.22000-SP0)
    method: GET
    uri: https://management.azure.com/subscriptions/00000000-0000-0000-0000-000000000000/resourceGroups/cli_test_os_disk_security_encryption000001/providers/Microsoft.KeyVault/vaults/vault000002?api-version=2021-06-01-preview
  response:
    body:
      string: '{"id":"/subscriptions/00000000-0000-0000-0000-000000000000/resourceGroups/cli_test_os_disk_security_encryption000001/providers/Microsoft.KeyVault/vaults/vault000002","name":"vault000002","type":"Microsoft.KeyVault/vaults","location":"centraluseuap","tags":{},"systemData":{"createdBy":"v-jingszhang@microsoft.com","createdByType":"User","createdAt":"2022-06-30T11:38:01.856Z","lastModifiedBy":"v-jingszhang@microsoft.com","lastModifiedByType":"User","lastModifiedAt":"2022-06-30T11:38:01.856Z"},"properties":{"sku":{"family":"A","name":"standard"},"tenantId":"54826b22-38d6-4fb2-bad9-b7b93a3e9c5a","accessPolicies":[{"tenantId":"54826b22-38d6-4fb2-bad9-b7b93a3e9c5a","objectId":"d44a2991-98c6-47c3-b59b-2b30d72cfcc2","permissions":{"keys":["all"],"secrets":["all"],"certificates":["all"],"storage":["all"]}}],"enabledForDeployment":false,"enableSoftDelete":true,"softDeleteRetentionInDays":90,"enablePurgeProtection":true,"vaultUri":"https://vault000002.vault.azure.net/","provisioningState":"Succeeded","publicNetworkAccess":"Enabled"}}'
    headers:
      cache-control:
      - no-cache
      content-length:
      - '1037'
      content-type:
      - application/json; charset=utf-8
      date:
      - Thu, 30 Jun 2022 11:38:37 GMT
      expires:
      - '-1'
      pragma:
      - no-cache
      server:
      - Microsoft-IIS/10.0
      strict-transport-security:
      - max-age=31536000; includeSubDomains
      transfer-encoding:
      - chunked
      vary:
      - Accept-Encoding
      x-aspnet-version:
      - 4.0.30319
      x-content-type-options:
      - nosniff
      x-ms-keyvault-service-version:
      - 1.5.413.0
      x-powered-by:
      - ASP.NET
    status:
      code: 200
      message: OK
- request:
    body: null
    headers:
      Accept:
      - application/json
      Accept-Encoding:
      - gzip, deflate
      Connection:
      - keep-alive
      Content-Length:
      - '0'
      Content-Type:
      - application/json
      User-Agent:
      - azsdk-python-keyvault-keys/4.5.1 Python/3.8.10 (Windows-10-10.0.22000-SP0)
    method: POST
    uri: https://vault000002.vault.azure.net/keys/key000003/create?api-version=7.3
  response:
    body:
      string: '{"error":{"code":"Unauthorized","message":"AKV10000: Request is missing
        a Bearer or PoP token."}}'
    headers:
      cache-control:
      - no-cache
      content-length:
      - '97'
      content-type:
      - application/json; charset=utf-8
      date:
      - Thu, 30 Jun 2022 11:38:39 GMT
      expires:
      - '-1'
      pragma:
      - no-cache
      strict-transport-security:
      - max-age=31536000;includeSubDomains
      www-authenticate:
      - Bearer authorization="https://login.microsoftonline.com/54826b22-38d6-4fb2-bad9-b7b93a3e9c5a",
        resource="https://vault.azure.net"
      x-content-type-options:
      - nosniff
      x-ms-keyvault-network-info:
      - conn_type=Ipv4;addr=167.220.255.20;act_addr_fam=InterNetwork;
      x-ms-keyvault-region:
      - centraluseuap
      x-ms-keyvault-service-version:
      - 1.9.444.2
      x-powered-by:
      - ASP.NET
    status:
      code: 401
      message: Unauthorized
- request:
    body: '{"kty": "RSA", "attributes": {"enabled": true}}'
    headers:
      Accept:
      - application/json
      Accept-Encoding:
      - gzip, deflate
      Connection:
      - keep-alive
      Content-Length:
      - '47'
      Content-Type:
      - application/json
      User-Agent:
      - azsdk-python-keyvault-keys/4.5.1 Python/3.8.10 (Windows-10-10.0.22000-SP0)
    method: POST
    uri: https://vault000002.vault.azure.net/keys/key000003/create?api-version=7.3
  response:
    body:
      string: '{"key":{"kid":"https://vault000002.vault.azure.net/keys/key000003/e3182fae2dd24edf844e25caf4846dfe","kty":"RSA","key_ops":["encrypt","decrypt","sign","verify","wrapKey","unwrapKey"],"n":"qG-gKAcb74ouUEeDi1iMwmSCB8gkfMtmDQg_o5tD76I43ZyD4mSEzXbVT56raenEWY1BNmjSg6QIkQ6XWox5OP7MeVN7CP2wzOE0DI8blv59r4AvjWgG0AjKxANGE8EYOpVFD0PH_K1qjCgWKzr1FoJhTDAZJGbGmvStzKkGa2Kb8H7Oa-BbxkT_AoLJ5oQKOdArZDRtMNVxtqeQAxUBlljIUj73BaPSFhPc60qjv4vc1HtUO_aPitTk2iPgEGovEtKv4YAtZz0fzseVbpAg5KyI76PycC5taYq7OUs0dqHWb66iUWClQnnHPsE4bLTfCzXbT9GB506Pt67VXQvIdQ","e":"AQAB"},"attributes":{"enabled":true,"created":1656589120,"updated":1656589120,"recoveryLevel":"Recoverable","recoverableDays":90}}'
    headers:
      cache-control:
      - no-cache
      content-length:
      - '666'
      content-type:
      - application/json; charset=utf-8
      date:
      - Thu, 30 Jun 2022 11:38:39 GMT
      expires:
      - '-1'
      pragma:
      - no-cache
      strict-transport-security:
      - max-age=31536000;includeSubDomains
      x-content-type-options:
      - nosniff
      x-ms-keyvault-network-info:
      - conn_type=Ipv4;addr=167.220.255.20;act_addr_fam=InterNetwork;
      x-ms-keyvault-region:
      - centraluseuap
      x-ms-keyvault-service-version:
      - 1.9.444.2
      x-powered-by:
      - ASP.NET
    status:
      code: 200
      message: OK
- request:
    body: null
    headers:
      Accept:
      - application/json
      Accept-Encoding:
      - gzip, deflate
      CommandName:
      - disk-encryption-set create
      Connection:
      - keep-alive
      ParameterSetName:
      - -g -n --key-url --source-vault --encryption-type
      User-Agent:
      - AZURECLI/2.37.0 azsdk-python-azure-mgmt-resource/21.1.0b1 Python/3.8.10 (Windows-10-10.0.22000-SP0)
    method: GET
    uri: https://management.azure.com/subscriptions/00000000-0000-0000-0000-000000000000/resourcegroups/cli_test_os_disk_security_encryption000001?api-version=2021-04-01
  response:
    body:
      string: '{"id":"/subscriptions/00000000-0000-0000-0000-000000000000/resourceGroups/cli_test_os_disk_security_encryption000001","name":"cli_test_os_disk_security_encryption000001","type":"Microsoft.Resources/resourceGroups","location":"centraluseuap","tags":{"product":"azurecli","cause":"automation","date":"2022-06-30T11:37:48Z"},"properties":{"provisioningState":"Succeeded"}}'
    headers:
      cache-control:
      - no-cache
      content-length:
      - '369'
      content-type:
      - application/json; charset=utf-8
      date:
      - Thu, 30 Jun 2022 11:38:41 GMT
      expires:
      - '-1'
      pragma:
      - no-cache
      strict-transport-security:
      - max-age=31536000; includeSubDomains
      vary:
      - Accept-Encoding
      x-content-type-options:
      - nosniff
    status:
      code: 200
      message: OK
- request:
    body: '{"location": "centraluseuap", "identity": {"type": "SystemAssigned"}, "properties":
      {"encryptionType": "ConfidentialVmEncryptedWithCustomerKey", "activeKey": {"sourceVault":
      {"id": "/subscriptions/00000000-0000-0000-0000-000000000000/resourceGroups/cli_test_os_disk_security_encryption000001/providers/Microsoft.KeyVault/vaults/vault000002"},
      "keyUrl": "https://vault000002.vault.azure.net/keys/key000003/e3182fae2dd24edf844e25caf4846dfe"}}}'
    headers:
      Accept:
      - application/json
      Accept-Encoding:
      - gzip, deflate
      CommandName:
      - disk-encryption-set create
      Connection:
      - keep-alive
      Content-Length:
      - '441'
      Content-Type:
      - application/json
      ParameterSetName:
      - -g -n --key-url --source-vault --encryption-type
      User-Agent:
      - AZURECLI/2.37.0 azsdk-python-azure-mgmt-compute/27.1.0 Python/3.8.10 (Windows-10-10.0.22000-SP0)
    method: PUT
    uri: https://management.azure.com/subscriptions/00000000-0000-0000-0000-000000000000/resourceGroups/cli_test_os_disk_security_encryption000001/providers/Microsoft.Compute/diskEncryptionSets/des1000004?api-version=2022-03-02
  response:
    body:
      string: "{\r\n  \"location\": \"centraluseuap\",\r\n  \"identity\": {\r\n    \"type\":
        \"SystemAssigned\"\r\n  },\r\n  \"properties\": {\r\n    \"activeKey\": {\r\n
        \     \"sourceVault\": {\r\n        \"id\": \"/subscriptions/00000000-0000-0000-0000-000000000000/resourceGroups/cli_test_os_disk_security_encryption000001/providers/Microsoft.KeyVault/vaults/vault000002\"\r\n
        \     },\r\n      \"keyUrl\": \"https://vault000002.vault.azure.net/keys/key000003/e3182fae2dd24edf844e25caf4846dfe\"\r\n
        \   },\r\n    \"encryptionType\": \"ConfidentialVmEncryptedWithCustomerKey\",\r\n
        \   \"provisioningState\": \"Updating\"\r\n  }\r\n}"
    headers:
      azure-asyncoperation:
      - https://management.azure.com/subscriptions/00000000-0000-0000-0000-000000000000/providers/Microsoft.Compute/locations/centraluseuap/DiskOperations/c5c4bc40-cde9-4d29-9334-5a9845f662bf?p=157f1a74-df5f-47b0-a815-476d8af3dce4&api-version=2022-03-02
      cache-control:
      - no-cache
      content-length:
      - '555'
      content-type:
      - application/json; charset=utf-8
      date:
      - Thu, 30 Jun 2022 11:38:48 GMT
      expires:
      - '-1'
      location:
      - https://management.azure.com/subscriptions/00000000-0000-0000-0000-000000000000/providers/Microsoft.Compute/locations/centraluseuap/DiskOperations/c5c4bc40-cde9-4d29-9334-5a9845f662bf?p=157f1a74-df5f-47b0-a815-476d8af3dce4&monitor=true&api-version=2022-03-02
      pragma:
      - no-cache
      server:
      - Microsoft-HTTPAPI/2.0
      - Microsoft-HTTPAPI/2.0
      strict-transport-security:
      - max-age=31536000; includeSubDomains
      x-content-type-options:
      - nosniff
      x-ms-ratelimit-remaining-resource:
      - Microsoft.Compute/HighCostDiskEncryptionSet3Min;98,Microsoft.Compute/HighCostDiskEncryptionSet30Min;295
      x-ms-ratelimit-remaining-subscription-writes:
      - '1199'
    status:
      code: 202
      message: Accepted
- request:
    body: null
    headers:
      Accept:
      - '*/*'
      Accept-Encoding:
      - gzip, deflate
      CommandName:
      - disk-encryption-set create
      Connection:
      - keep-alive
      ParameterSetName:
      - -g -n --key-url --source-vault --encryption-type
      User-Agent:
      - AZURECLI/2.37.0 azsdk-python-azure-mgmt-compute/27.1.0 Python/3.8.10 (Windows-10-10.0.22000-SP0)
    method: GET
    uri: https://management.azure.com/subscriptions/00000000-0000-0000-0000-000000000000/providers/Microsoft.Compute/locations/centraluseuap/DiskOperations/c5c4bc40-cde9-4d29-9334-5a9845f662bf?p=157f1a74-df5f-47b0-a815-476d8af3dce4&api-version=2022-03-02
  response:
    body:
      string: "{\r\n  \"startTime\": \"2022-06-30T11:38:48.751145+00:00\",\r\n  \"endTime\":
        \"2022-06-30T11:38:48.8136874+00:00\",\r\n  \"status\": \"Succeeded\",\r\n
        \ \"properties\": {\r\n    \"output\": {\"name\":\"des1000004\",\"id\":\"/subscriptions/00000000-0000-0000-0000-000000000000/resourceGroups/cli_test_os_disk_security_encryption000001/providers/Microsoft.Compute/diskEncryptionSets/des1000004\",\"type\":\"Microsoft.Compute/diskEncryptionSets\",\"location\":\"centraluseuap\",\"identity\":{\"type\":\"SystemAssigned\",\"principalId\":\"11cc4425-9c8b-417f-9f48-57967907f677\",\"tenantId\":\"54826b22-38d6-4fb2-bad9-b7b93a3e9c5a\"},\"properties\":{\"activeKey\":{\"sourceVault\":{\"id\":\"/subscriptions/00000000-0000-0000-0000-000000000000/resourceGroups/cli_test_os_disk_security_encryption000001/providers/Microsoft.KeyVault/vaults/vault000002\"},\"keyUrl\":\"https://vault000002.vault.azure.net/keys/key000003/e3182fae2dd24edf844e25caf4846dfe\"},\"encryptionType\":\"ConfidentialVmEncryptedWithCustomerKey\",\"provisioningState\":\"Succeeded\"}}\r\n
        \ },\r\n  \"name\": \"c5c4bc40-cde9-4d29-9334-5a9845f662bf\"\r\n}"
    headers:
      cache-control:
      - no-cache
      content-length:
      - '1028'
      content-type:
      - application/json; charset=utf-8
      date:
      - Thu, 30 Jun 2022 11:39:18 GMT
      expires:
      - '-1'
      pragma:
      - no-cache
      server:
      - Microsoft-HTTPAPI/2.0
      - Microsoft-HTTPAPI/2.0
      strict-transport-security:
      - max-age=31536000; includeSubDomains
      transfer-encoding:
      - chunked
      vary:
      - Accept-Encoding
      x-content-type-options:
      - nosniff
      x-ms-ratelimit-remaining-resource:
      - Microsoft.Compute/GetOperation3Min;49996,Microsoft.Compute/GetOperation30Min;399984
    status:
      code: 200
      message: OK
- request:
    body: null
    headers:
      Accept:
      - '*/*'
      Accept-Encoding:
      - gzip, deflate
      CommandName:
      - disk-encryption-set create
      Connection:
      - keep-alive
      ParameterSetName:
      - -g -n --key-url --source-vault --encryption-type
      User-Agent:
      - AZURECLI/2.37.0 azsdk-python-azure-mgmt-compute/27.1.0 Python/3.8.10 (Windows-10-10.0.22000-SP0)
    method: GET
    uri: https://management.azure.com/subscriptions/00000000-0000-0000-0000-000000000000/resourceGroups/cli_test_os_disk_security_encryption000001/providers/Microsoft.Compute/diskEncryptionSets/des1000004?api-version=2022-03-02
  response:
    body:
      string: "{\r\n  \"name\": \"des1000004\",\r\n  \"id\": \"/subscriptions/00000000-0000-0000-0000-000000000000/resourceGroups/cli_test_os_disk_security_encryption000001/providers/Microsoft.Compute/diskEncryptionSets/des1000004\",\r\n
        \ \"type\": \"Microsoft.Compute/diskEncryptionSets\",\r\n  \"location\": \"centraluseuap\",\r\n
        \ \"identity\": {\r\n    \"type\": \"SystemAssigned\",\r\n    \"principalId\":
        \"11cc4425-9c8b-417f-9f48-57967907f677\",\r\n    \"tenantId\": \"54826b22-38d6-4fb2-bad9-b7b93a3e9c5a\"\r\n
        \ },\r\n  \"properties\": {\r\n    \"activeKey\": {\r\n      \"sourceVault\":
        {\r\n        \"id\": \"/subscriptions/00000000-0000-0000-0000-000000000000/resourceGroups/cli_test_os_disk_security_encryption000001/providers/Microsoft.KeyVault/vaults/vault000002\"\r\n
        \     },\r\n      \"keyUrl\": \"https://vault000002.vault.azure.net/keys/key000003/e3182fae2dd24edf844e25caf4846dfe\"\r\n
        \   },\r\n    \"encryptionType\": \"ConfidentialVmEncryptedWithCustomerKey\",\r\n
        \   \"provisioningState\": \"Succeeded\"\r\n  }\r\n}"
    headers:
      cache-control:
      - no-cache
      content-length:
      - '929'
      content-type:
      - application/json; charset=utf-8
      date:
      - Thu, 30 Jun 2022 11:39:19 GMT
      expires:
      - '-1'
      pragma:
      - no-cache
      server:
      - Microsoft-HTTPAPI/2.0
      - Microsoft-HTTPAPI/2.0
      strict-transport-security:
      - max-age=31536000; includeSubDomains
      transfer-encoding:
      - chunked
      vary:
      - Accept-Encoding
      x-content-type-options:
      - nosniff
      x-ms-ratelimit-remaining-resource:
      - Microsoft.Compute/LowCostGet3Min;14992,Microsoft.Compute/LowCostGet30Min;119980
    status:
      code: 200
      message: OK
- request:
    body: null
    headers:
      Accept:
      - application/json
      Accept-Encoding:
      - gzip, deflate
      CommandName:
      - disk-encryption-set show
      Connection:
      - keep-alive
      ParameterSetName:
      - -g -n
      User-Agent:
      - AZURECLI/2.37.0 azsdk-python-azure-mgmt-compute/27.1.0 Python/3.8.10 (Windows-10-10.0.22000-SP0)
    method: GET
    uri: https://management.azure.com/subscriptions/00000000-0000-0000-0000-000000000000/resourceGroups/cli_test_os_disk_security_encryption000001/providers/Microsoft.Compute/diskEncryptionSets/des1000004?api-version=2022-03-02
  response:
    body:
      string: "{\r\n  \"name\": \"des1000004\",\r\n  \"id\": \"/subscriptions/00000000-0000-0000-0000-000000000000/resourceGroups/cli_test_os_disk_security_encryption000001/providers/Microsoft.Compute/diskEncryptionSets/des1000004\",\r\n
        \ \"type\": \"Microsoft.Compute/diskEncryptionSets\",\r\n  \"location\": \"centraluseuap\",\r\n
        \ \"identity\": {\r\n    \"type\": \"SystemAssigned\",\r\n    \"principalId\":
        \"11cc4425-9c8b-417f-9f48-57967907f677\",\r\n    \"tenantId\": \"54826b22-38d6-4fb2-bad9-b7b93a3e9c5a\"\r\n
        \ },\r\n  \"properties\": {\r\n    \"activeKey\": {\r\n      \"sourceVault\":
        {\r\n        \"id\": \"/subscriptions/00000000-0000-0000-0000-000000000000/resourceGroups/cli_test_os_disk_security_encryption000001/providers/Microsoft.KeyVault/vaults/vault000002\"\r\n
        \     },\r\n      \"keyUrl\": \"https://vault000002.vault.azure.net/keys/key000003/e3182fae2dd24edf844e25caf4846dfe\"\r\n
        \   },\r\n    \"encryptionType\": \"ConfidentialVmEncryptedWithCustomerKey\",\r\n
        \   \"provisioningState\": \"Succeeded\"\r\n  }\r\n}"
    headers:
      cache-control:
      - no-cache
      content-length:
      - '929'
      content-type:
      - application/json; charset=utf-8
      date:
      - Thu, 30 Jun 2022 11:39:20 GMT
      expires:
      - '-1'
      pragma:
      - no-cache
      server:
      - Microsoft-HTTPAPI/2.0
      - Microsoft-HTTPAPI/2.0
      strict-transport-security:
      - max-age=31536000; includeSubDomains
      transfer-encoding:
      - chunked
      vary:
      - Accept-Encoding
      x-content-type-options:
      - nosniff
      x-ms-ratelimit-remaining-resource:
      - Microsoft.Compute/LowCostGet3Min;14991,Microsoft.Compute/LowCostGet30Min;119979
    status:
      code: 200
      message: OK
- request:
    body: null
    headers:
      Accept:
      - application/json
      Accept-Encoding:
      - gzip, deflate
      CommandName:
      - keyvault set-policy
      Connection:
      - keep-alive
      ParameterSetName:
      - -n --object-id --key-permissions
      User-Agent:
      - AZURECLI/2.37.0 azsdk-python-azure-mgmt-keyvault/9.3.0 Python/3.8.10 (Windows-10-10.0.22000-SP0)
    method: GET
    uri: https://management.azure.com/subscriptions/00000000-0000-0000-0000-000000000000/resources?$filter=resourceType%20eq%20%27Microsoft.KeyVault%2Fvaults%27&api-version=2015-11-01
  response:
    body:
      string: '{"value":[{"id":"/subscriptions/00000000-0000-0000-0000-000000000000/resourceGroups/bez-rg/providers/Microsoft.KeyVault/vaults/bez-kv","name":"bez-kv","type":"Microsoft.KeyVault/vaults","location":"eastus","tags":{}},{"id":"/subscriptions/00000000-0000-0000-0000-000000000000/resourceGroups/bez-rg/providers/Microsoft.KeyVault/vaults/bez-kv0630","name":"bez-kv0630","type":"Microsoft.KeyVault/vaults","location":"eastus","tags":{}},{"id":"/subscriptions/00000000-0000-0000-0000-000000000000/resourceGroups/bez-rg/providers/Microsoft.KeyVault/vaults/bez-kv063001","name":"bez-kv063001","type":"Microsoft.KeyVault/vaults","location":"eastus","tags":{}},{"id":"/subscriptions/00000000-0000-0000-0000-000000000000/resourceGroups/cli_test_os_disk_security_encryption000001/providers/Microsoft.KeyVault/vaults/vault000002","name":"vault000002","type":"Microsoft.KeyVault/vaults","location":"centraluseuap","tags":{}},{"id":"/subscriptions/00000000-0000-0000-0000-000000000000/resourceGroups/cli_test_os_disk_security_encryptionmobizjjdkuxnc5ahzm4svb4alynqiqrwttgmhw5/providers/Microsoft.KeyVault/vaults/vaultkg7na5pire","name":"vaultkg7na5pire","type":"Microsoft.KeyVault/vaults","location":"centraluseuap","tags":{}},{"id":"/subscriptions/00000000-0000-0000-0000-000000000000/resourceGroups/clitest.rgsdwb6jvhygm3ulj5eeyrl25jxr5papjlsjz6t4pyqwddxlxcpnn2awyiegfs5dess/providers/Microsoft.KeyVault/vaults/sfrp-cli-kv-tvdk7o7i2fmx","name":"sfrp-cli-kv-tvdk7o7i2fmx","type":"Microsoft.KeyVault/vaults","location":"eastasia","tags":{}},{"id":"/subscriptions/00000000-0000-0000-0000-000000000000/resourceGroups/hang-rg/providers/Microsoft.KeyVault/vaults/hangkey","name":"hangkey","type":"Microsoft.KeyVault/vaults","location":"koreasouth","tags":{}},{"id":"/subscriptions/00000000-0000-0000-0000-000000000000/resourceGroups/python-sdk-test/providers/Microsoft.KeyVault/vaults/python-devops-key","name":"python-devops-key","type":"Microsoft.KeyVault/vaults","location":"eastus","tags":{}},{"id":"/subscriptions/00000000-0000-0000-0000-000000000000/resourceGroups/python-sdk-test/providers/Microsoft.KeyVault/vaults/SDKAutoPipelineSecrets","name":"SDKAutoPipelineSecrets","type":"Microsoft.KeyVault/vaults","location":"eastus","tags":{}},{"id":"/subscriptions/00000000-0000-0000-0000-000000000000/resourceGroups/yishitest/providers/Microsoft.KeyVault/vaults/ystestkv","name":"ystestkv","type":"Microsoft.KeyVault/vaults","location":"eastus","tags":{}},{"id":"/subscriptions/00000000-0000-0000-0000-000000000000/resourceGroups/zb_test/providers/Microsoft.KeyVault/vaults/zblab12844","name":"zblab12844","type":"Microsoft.KeyVault/vaults","location":"eastus","tags":{"hidden-DevTestLabs-LabUId":"3610e867-afa2-4bf9-90b7-2d85919815b3","CreatedBy":"DevTestLabs"}},{"id":"/subscriptions/00000000-0000-0000-0000-000000000000/resourceGroups/zb_test/providers/Microsoft.KeyVault/vaults/zblab17977","name":"zblab17977","type":"Microsoft.KeyVault/vaults","location":"eastus","tags":{"hidden-DevTestLabs-LabUId":"3610e867-afa2-4bf9-90b7-2d85919815b3","CreatedBy":"DevTestLabs"}},{"id":"/subscriptions/00000000-0000-0000-0000-000000000000/resourceGroups/zb_test/providers/Microsoft.KeyVault/vaults/zblab7701","name":"zblab7701","type":"Microsoft.KeyVault/vaults","location":"eastus","tags":{"hidden-DevTestLabs-LabUId":"301109ba-f89e-4ba1-8c0c-be6e91e47840","CreatedBy":"DevTestLabs"}},{"id":"/subscriptions/00000000-0000-0000-0000-000000000000/resourceGroups/zb_test/providers/Microsoft.KeyVault/vaults/zblabc2183480","name":"zblabc2183480","type":"Microsoft.KeyVault/vaults","location":"eastus","tags":{"hidden-DevTestLabs-LabUId":"301109ba-f89e-4ba1-8c0c-be6e91e47840","CreatedBy":"DevTestLabs"}}]}'
    headers:
      cache-control:
      - no-cache
      content-length:
      - '3677'
      content-type:
      - application/json; charset=utf-8
      date:
      - Thu, 30 Jun 2022 11:39:21 GMT
      expires:
      - '-1'
      pragma:
      - no-cache
      strict-transport-security:
      - max-age=31536000; includeSubDomains
      vary:
      - Accept-Encoding
      x-content-type-options:
      - nosniff
    status:
      code: 200
      message: OK
- request:
    body: null
    headers:
      Accept:
      - application/json
      Accept-Encoding:
      - gzip, deflate
      CommandName:
      - keyvault set-policy
      Connection:
      - keep-alive
      ParameterSetName:
      - -n --object-id --key-permissions
      User-Agent:
      - AZURECLI/2.37.0 azsdk-python-azure-mgmt-keyvault/9.3.0 Python/3.8.10 (Windows-10-10.0.22000-SP0)
    method: GET
    uri: https://management.azure.com/subscriptions/00000000-0000-0000-0000-000000000000/resourceGroups/cli_test_os_disk_security_encryption000001/providers/Microsoft.KeyVault/vaults/vault000002?api-version=2021-06-01-preview
  response:
    body:
      string: '{"id":"/subscriptions/00000000-0000-0000-0000-000000000000/resourceGroups/cli_test_os_disk_security_encryption000001/providers/Microsoft.KeyVault/vaults/vault000002","name":"vault000002","type":"Microsoft.KeyVault/vaults","location":"centraluseuap","tags":{},"systemData":{"createdBy":"v-jingszhang@microsoft.com","createdByType":"User","createdAt":"2022-06-30T11:38:01.856Z","lastModifiedBy":"v-jingszhang@microsoft.com","lastModifiedByType":"User","lastModifiedAt":"2022-06-30T11:38:01.856Z"},"properties":{"sku":{"family":"A","name":"standard"},"tenantId":"54826b22-38d6-4fb2-bad9-b7b93a3e9c5a","accessPolicies":[{"tenantId":"54826b22-38d6-4fb2-bad9-b7b93a3e9c5a","objectId":"d44a2991-98c6-47c3-b59b-2b30d72cfcc2","permissions":{"keys":["all"],"secrets":["all"],"certificates":["all"],"storage":["all"]}}],"enabledForDeployment":false,"enableSoftDelete":true,"softDeleteRetentionInDays":90,"enablePurgeProtection":true,"vaultUri":"https://vault000002.vault.azure.net/","provisioningState":"Succeeded","publicNetworkAccess":"Enabled"}}'
    headers:
      cache-control:
      - no-cache
      content-length:
      - '1037'
      content-type:
      - application/json; charset=utf-8
      date:
      - Thu, 30 Jun 2022 11:39:22 GMT
      expires:
      - '-1'
      pragma:
      - no-cache
      server:
      - Microsoft-IIS/10.0
      strict-transport-security:
      - max-age=31536000; includeSubDomains
      transfer-encoding:
      - chunked
      vary:
      - Accept-Encoding
      x-aspnet-version:
      - 4.0.30319
      x-content-type-options:
      - nosniff
      x-ms-keyvault-service-version:
      - 1.5.413.0
      x-powered-by:
      - ASP.NET
    status:
      code: 200
      message: OK
- request:
    body: '{"location": "centraluseuap", "tags": {}, "properties": {"tenantId": "54826b22-38d6-4fb2-bad9-b7b93a3e9c5a",
      "sku": {"family": "A", "name": "standard"}, "accessPolicies": [{"tenantId":
      "54826b22-38d6-4fb2-bad9-b7b93a3e9c5a", "objectId": "d44a2991-98c6-47c3-b59b-2b30d72cfcc2",
      "permissions": {"keys": ["all"], "secrets": ["all"], "certificates": ["all"],
      "storage": ["all"]}}, {"tenantId": "54826b22-38d6-4fb2-bad9-b7b93a3e9c5a", "objectId":
      "11cc4425-9c8b-417f-9f48-57967907f677", "permissions": {"keys": ["wrapKey",
      "unwrapKey", "get"]}}], "vaultUri": "https://vault000002.vault.azure.net/",
      "enabledForDeployment": false, "enableSoftDelete": true, "softDeleteRetentionInDays":
      90, "enablePurgeProtection": true, "provisioningState": "Succeeded", "publicNetworkAccess":
      "Enabled"}}'
    headers:
      Accept:
      - application/json
      Accept-Encoding:
      - gzip, deflate
      CommandName:
      - keyvault set-policy
      Connection:
      - keep-alive
      Content-Length:
      - '783'
      Content-Type:
      - application/json
      ParameterSetName:
      - -n --object-id --key-permissions
      User-Agent:
      - AZURECLI/2.37.0 azsdk-python-azure-mgmt-keyvault/9.3.0 Python/3.8.10 (Windows-10-10.0.22000-SP0)
    method: PUT
    uri: https://management.azure.com/subscriptions/00000000-0000-0000-0000-000000000000/resourceGroups/cli_test_os_disk_security_encryption000001/providers/Microsoft.KeyVault/vaults/vault000002?api-version=2021-06-01-preview
  response:
    body:
      string: '{"id":"/subscriptions/00000000-0000-0000-0000-000000000000/resourceGroups/cli_test_os_disk_security_encryption000001/providers/Microsoft.KeyVault/vaults/vault000002","name":"vault000002","type":"Microsoft.KeyVault/vaults","location":"centraluseuap","tags":{},"systemData":{"createdBy":"v-jingszhang@microsoft.com","createdByType":"User","createdAt":"2022-06-30T11:38:01.856Z","lastModifiedBy":"v-jingszhang@microsoft.com","lastModifiedByType":"User","lastModifiedAt":"2022-06-30T11:39:23.518Z"},"properties":{"sku":{"family":"A","name":"standard"},"tenantId":"54826b22-38d6-4fb2-bad9-b7b93a3e9c5a","accessPolicies":[{"tenantId":"54826b22-38d6-4fb2-bad9-b7b93a3e9c5a","objectId":"d44a2991-98c6-47c3-b59b-2b30d72cfcc2","permissions":{"keys":["all"],"secrets":["all"],"certificates":["all"],"storage":["all"]}},{"tenantId":"54826b22-38d6-4fb2-bad9-b7b93a3e9c5a","objectId":"11cc4425-9c8b-417f-9f48-57967907f677","permissions":{"keys":["wrapKey","unwrapKey","get"]}}],"enabledForDeployment":false,"enableSoftDelete":true,"softDeleteRetentionInDays":90,"enablePurgeProtection":true,"vaultUri":"https://vault000002.vault.azure.net/","provisioningState":"Succeeded","publicNetworkAccess":"Enabled"}}'
    headers:
      cache-control:
      - no-cache
      content-length:
      - '1192'
      content-type:
      - application/json; charset=utf-8
      date:
      - Thu, 30 Jun 2022 11:39:23 GMT
      expires:
      - '-1'
      pragma:
      - no-cache
      server:
      - Microsoft-IIS/10.0
      strict-transport-security:
      - max-age=31536000; includeSubDomains
      transfer-encoding:
      - chunked
      vary:
      - Accept-Encoding
      x-aspnet-version:
      - 4.0.30319
      x-content-type-options:
      - nosniff
      x-ms-keyvault-service-version:
      - 1.5.413.0
      x-ms-ratelimit-remaining-subscription-writes:
      - '1199'
      x-powered-by:
      - ASP.NET
    status:
      code: 200
      message: OK
- request:
    body: null
    headers:
      Accept:
      - '*/*'
      Accept-Encoding:
      - gzip, deflate
      CommandName:
      - role assignment create
      Connection:
      - keep-alive
      ParameterSetName:
      - --assignee --role --scope
      User-Agent:
      - python/3.8.10 (Windows-10-10.0.22000-SP0) AZURECLI/2.37.0
    method: GET
    uri: https://graph.microsoft.com/v1.0/servicePrincipals?$filter=servicePrincipalNames%2Fany%28c%3Ac%20eq%20%2711cc4425-9c8b-417f-9f48-57967907f677%27%29
  response:
    body:
      string: '{"error":{"code":"Authorization_RequestDenied","message":"Insufficient
        privileges to complete the operation.","innerError":{"date":"2022-06-30T11:39:39","request-id":"43d62a4e-2fde-405d-b96b-5b5352d48cea","client-request-id":"43d62a4e-2fde-405d-b96b-5b5352d48cea"}}}'
    headers:
      cache-control:
      - no-cache
      content-length:
      - '266'
      content-type:
      - application/json
      date:
      - Thu, 30 Jun 2022 11:39:39 GMT
      request-id:
      - 43d62a4e-2fde-405d-b96b-5b5352d48cea
      strict-transport-security:
      - max-age=31536000
      transfer-encoding:
      - chunked
      vary:
      - Accept-Encoding
      x-ms-ags-diagnostic:
      - '{"ServerInfo":{"DataCenter":"Southeast Asia","Slice":"E","Ring":"5","ScaleUnit":"002","RoleInstance":"SG1PEPF000035E2"}}'
      x-ms-resource-unit:
      - '1'
    status:
      code: 403
      message: Forbidden
- request:
    body: null
    headers:
      Accept:
      - application/json
      Accept-Encoding:
      - gzip, deflate
      CommandName:
      - role assignment create
      Connection:
      - keep-alive
      ParameterSetName:
      - --assignee --role --scope
      User-Agent:
      - python/3.8.10 (Windows-10-10.0.22000-SP0) msrest/0.7.0 msrest_azure/0.6.4
        azure-mgmt-authorization/0.61.0 Azure-SDK-For-Python AZURECLI/2.37.0
      accept-language:
      - en-US
    method: GET
    uri: https://management.azure.com/subscriptions/00000000-0000-0000-0000-000000000000/resourceGroups/cli_test_os_disk_security_encryption000001/providers/Microsoft.KeyVault/vaults/vault000002/providers/Microsoft.Authorization/roleDefinitions?$filter=roleName%20eq%20%27Reader%27&api-version=2018-01-01-preview
  response:
    body:
      string: '{"value":[{"properties":{"roleName":"Reader","type":"BuiltInRole","description":"View
        all resources, but does not allow you to make any changes.","assignableScopes":["/"],"permissions":[{"actions":["*/read"],"notActions":[],"dataActions":[],"notDataActions":[]}],"createdOn":"2015-02-02T21:55:09.8806423Z","updatedOn":"2021-11-11T20:13:47.8628684Z","createdBy":null,"updatedBy":null},"id":"/subscriptions/00000000-0000-0000-0000-000000000000/providers/Microsoft.Authorization/roleDefinitions/acdd72a7-3385-48ef-bd42-f606fba81ae7","type":"Microsoft.Authorization/roleDefinitions","name":"acdd72a7-3385-48ef-bd42-f606fba81ae7"}]}'
    headers:
      cache-control:
      - no-cache
      content-length:
      - '627'
      content-type:
      - application/json; charset=utf-8
      date:
      - Thu, 30 Jun 2022 11:39:40 GMT
      expires:
      - '-1'
      pragma:
      - no-cache
      set-cookie:
      - x-ms-gateway-slice=Production; path=/; secure; samesite=none; httponly
      strict-transport-security:
      - max-age=31536000; includeSubDomains
      transfer-encoding:
      - chunked
      vary:
      - Accept-Encoding
      x-content-type-options:
      - nosniff
    status:
      code: 200
      message: OK
- request:
    body: '{"properties": {"roleDefinitionId": "/subscriptions/00000000-0000-0000-0000-000000000000/providers/Microsoft.Authorization/roleDefinitions/acdd72a7-3385-48ef-bd42-f606fba81ae7",
      "principalId": "11cc4425-9c8b-417f-9f48-57967907f677"}}'
    headers:
      Accept:
      - application/json
      Accept-Encoding:
      - gzip, deflate
      CommandName:
      - role assignment create
      Connection:
      - keep-alive
      Content-Length:
      - '233'
      Content-Type:
      - application/json; charset=utf-8
      Cookie:
      - x-ms-gateway-slice=Production
      ParameterSetName:
      - --assignee --role --scope
      User-Agent:
      - python/3.8.10 (Windows-10-10.0.22000-SP0) msrest/0.7.0 msrest_azure/0.6.4
        azure-mgmt-authorization/0.61.0 Azure-SDK-For-Python AZURECLI/2.37.0
      accept-language:
      - en-US
    method: PUT
    uri: https://management.azure.com/subscriptions/00000000-0000-0000-0000-000000000000/resourceGroups/cli_test_os_disk_security_encryption000001/providers/Microsoft.KeyVault/vaults/vault000002/providers/Microsoft.Authorization/roleAssignments/88888888-0000-0000-0000-000000000001?api-version=2020-04-01-preview
  response:
    body:
      string: '{"properties":{"roleDefinitionId":"/subscriptions/00000000-0000-0000-0000-000000000000/providers/Microsoft.Authorization/roleDefinitions/acdd72a7-3385-48ef-bd42-f606fba81ae7","principalId":"11cc4425-9c8b-417f-9f48-57967907f677","principalType":"ServicePrincipal","scope":"/subscriptions/00000000-0000-0000-0000-000000000000/resourceGroups/cli_test_os_disk_security_encryption000001/providers/Microsoft.KeyVault/vaults/vault000002","condition":null,"conditionVersion":null,"createdOn":"2022-06-30T11:39:40.8478409Z","updatedOn":"2022-06-30T11:39:42.1759822Z","createdBy":null,"updatedBy":"d44a2991-98c6-47c3-b59b-2b30d72cfcc2","delegatedManagedIdentityResourceId":null,"description":null},"id":"/subscriptions/00000000-0000-0000-0000-000000000000/resourceGroups/cli_test_os_disk_security_encryption000001/providers/Microsoft.KeyVault/vaults/vault000002/providers/Microsoft.Authorization/roleAssignments/88888888-0000-0000-0000-000000000001","type":"Microsoft.Authorization/roleAssignments","name":"88888888-0000-0000-0000-000000000001"}'
    headers:
      cache-control:
      - no-cache
      content-length:
      - '1035'
      content-type:
      - application/json; charset=utf-8
      date:
      - Thu, 30 Jun 2022 11:39:47 GMT
      expires:
      - '-1'
      pragma:
      - no-cache
      set-cookie:
      - x-ms-gateway-slice=Production; path=/; secure; samesite=none; httponly
      strict-transport-security:
      - max-age=31536000; includeSubDomains
      x-content-type-options:
      - nosniff
      x-ms-ratelimit-remaining-subscription-writes:
      - '1199'
    status:
      code: 201
      message: Created
- request:
    body: null
    headers:
      Accept:
      - application/json
      Accept-Encoding:
      - gzip, deflate
      CommandName:
      - vm create
      Connection:
      - keep-alive
      ParameterSetName:
      - -n -g --size --security-type --image --admin-username --admin-password --enable-vtpm
        --enable-secure-boot --os-disk-security-encryption-type --os-disk-secure-vm-disk-encryption-set
      User-Agent:
      - AZURECLI/2.37.0 azsdk-python-azure-mgmt-resource/21.1.0b1 Python/3.8.10 (Windows-10-10.0.22000-SP0)
    method: GET
    uri: https://management.azure.com/subscriptions/00000000-0000-0000-0000-000000000000/resourcegroups/cli_test_os_disk_security_encryption000001?api-version=2021-04-01
  response:
    body:
      string: '{"id":"/subscriptions/00000000-0000-0000-0000-000000000000/resourceGroups/cli_test_os_disk_security_encryption000001","name":"cli_test_os_disk_security_encryption000001","type":"Microsoft.Resources/resourceGroups","location":"centraluseuap","tags":{"product":"azurecli","cause":"automation","date":"2022-06-30T11:37:48Z"},"properties":{"provisioningState":"Succeeded"}}'
    headers:
      cache-control:
      - no-cache
      content-length:
      - '369'
      content-type:
      - application/json; charset=utf-8
      date:
      - Thu, 30 Jun 2022 11:39:47 GMT
      expires:
      - '-1'
      pragma:
      - no-cache
      strict-transport-security:
      - max-age=31536000; includeSubDomains
      vary:
      - Accept-Encoding
      x-content-type-options:
      - nosniff
    status:
      code: 200
      message: OK
- request:
    body: null
    headers:
      Accept:
      - application/json
      Accept-Encoding:
      - gzip, deflate
      CommandName:
      - vm create
      Connection:
      - keep-alive
      ParameterSetName:
      - -n -g --size --security-type --image --admin-username --admin-password --enable-vtpm
        --enable-secure-boot --os-disk-security-encryption-type --os-disk-secure-vm-disk-encryption-set
      User-Agent:
      - AZURECLI/2.37.0 azsdk-python-azure-mgmt-compute/27.1.0 Python/3.8.10 (Windows-10-10.0.22000-SP0)
    method: GET
    uri: https://management.azure.com/subscriptions/00000000-0000-0000-0000-000000000000/providers/Microsoft.Compute/locations/centraluseuap/publishers/MicrosoftWindowsServer/artifacttypes/vmimage/offers/WindowsServer/skus/2022-datacenter-smalldisk-g2/versions?$top=1&$orderby=name%20desc&api-version=2022-03-01
  response:
    body:
      string: "[\r\n  {\r\n    \"location\": \"CentralUSEUAP\",\r\n    \"name\": \"20348.768.220609\",\r\n
        \   \"id\": \"/Subscriptions/00000000-0000-0000-0000-000000000000/Providers/Microsoft.Compute/Locations/CentralUSEUAP/Publishers/MicrosoftWindowsServer/ArtifactTypes/VMImage/Offers/WindowsServer/Skus/2022-datacenter-smalldisk-g2/Versions/20348.768.220609\"\r\n
        \ }\r\n]"
    headers:
      cache-control:
      - no-cache
      content-length:
      - '335'
      content-type:
      - application/json; charset=utf-8
      date:
      - Thu, 30 Jun 2022 11:39:50 GMT
      expires:
      - '-1'
      pragma:
      - no-cache
      server:
      - Microsoft-HTTPAPI/2.0
      - Microsoft-HTTPAPI/2.0
      strict-transport-security:
      - max-age=31536000; includeSubDomains
      transfer-encoding:
      - chunked
      vary:
      - Accept-Encoding
      x-content-type-options:
      - nosniff
      x-ms-ratelimit-remaining-resource:
      - Microsoft.Compute/ListVMImagesVersionsFromLocation3Min;15999,Microsoft.Compute/ListVMImagesVersionsFromLocation30Min;43994
    status:
      code: 200
      message: OK
- request:
    body: null
    headers:
      Accept:
      - application/json
      Accept-Encoding:
      - gzip, deflate
      CommandName:
      - vm create
      Connection:
      - keep-alive
      ParameterSetName:
      - -n -g --size --security-type --image --admin-username --admin-password --enable-vtpm
        --enable-secure-boot --os-disk-security-encryption-type --os-disk-secure-vm-disk-encryption-set
      User-Agent:
      - AZURECLI/2.37.0 azsdk-python-azure-mgmt-compute/27.1.0 Python/3.8.10 (Windows-10-10.0.22000-SP0)
    method: GET
    uri: https://management.azure.com/subscriptions/00000000-0000-0000-0000-000000000000/providers/Microsoft.Compute/locations/centraluseuap/publishers/MicrosoftWindowsServer/artifacttypes/vmimage/offers/WindowsServer/skus/2022-datacenter-smalldisk-g2/versions/20348.768.220609?api-version=2022-03-01
  response:
    body:
      string: "{\r\n  \"properties\": {\r\n    \"hyperVGeneration\": \"V2\",\r\n    \"architecture\":
        \"x64\",\r\n    \"replicaType\": \"Managed\",\r\n    \"replicaCount\": 10,\r\n
        \   \"disallowed\": {\r\n      \"vmDiskType\": \"Unmanaged\"\r\n    },\r\n
        \   \"automaticOSUpgradeProperties\": {\r\n      \"automaticOSUpgradeSupported\":
        false\r\n    },\r\n    \"imageDeprecationStatus\": {\r\n      \"imageState\":
        \"Active\"\r\n    },\r\n    \"features\": [\r\n      {\r\n        \"name\":
        \"SecurityType\",\r\n        \"value\": \"TrustedLaunchAndConfidentialVmSupported\"\r\n
        \     },\r\n      {\r\n        \"name\": \"IsAcceleratedNetworkSupported\",\r\n
        \       \"value\": \"True\"\r\n      },\r\n      {\r\n        \"name\": \"DiskControllerTypes\",\r\n
        \       \"value\": \"SCSI\"\r\n      },\r\n      {\r\n        \"name\": \"IsHibernateSupported\",\r\n
        \       \"value\": \"False\"\r\n      }\r\n    ],\r\n    \"osDiskImage\":
        {\r\n      \"operatingSystem\": \"Windows\",\r\n      \"sizeInGb\": 30\r\n
        \   },\r\n    \"dataDiskImages\": []\r\n  },\r\n  \"location\": \"CentralUSEUAP\",\r\n
        \ \"name\": \"20348.768.220609\",\r\n  \"id\": \"/Subscriptions/00000000-0000-0000-0000-000000000000/Providers/Microsoft.Compute/Locations/CentralUSEUAP/Publishers/MicrosoftWindowsServer/ArtifactTypes/VMImage/Offers/WindowsServer/Skus/2022-datacenter-smalldisk-g2/Versions/20348.768.220609\"\r\n}"
    headers:
      cache-control:
      - no-cache
      content-length:
      - '1200'
      content-type:
      - application/json; charset=utf-8
      date:
      - Thu, 30 Jun 2022 11:39:52 GMT
      expires:
      - '-1'
      pragma:
      - no-cache
      server:
      - Microsoft-HTTPAPI/2.0
      - Microsoft-HTTPAPI/2.0
      strict-transport-security:
      - max-age=31536000; includeSubDomains
      transfer-encoding:
      - chunked
      vary:
      - Accept-Encoding
      x-content-type-options:
      - nosniff
      x-ms-ratelimit-remaining-resource:
      - Microsoft.Compute/GetVMImageFromLocation3Min;12999,Microsoft.Compute/GetVMImageFromLocation30Min;73995
    status:
      code: 200
      message: OK
- request:
    body: null
    headers:
      Accept:
      - application/json, text/json
      Accept-Encoding:
      - gzip, deflate
      CommandName:
      - vm create
      Connection:
      - keep-alive
      ParameterSetName:
      - -n -g --size --security-type --image --admin-username --admin-password --enable-vtpm
        --enable-secure-boot --os-disk-security-encryption-type --os-disk-secure-vm-disk-encryption-set
      User-Agent:
      - AZURECLI/2.37.0 azsdk-python-azure-mgmt-network/20.0.0 Python/3.8.10 (Windows-10-10.0.22000-SP0)
    method: GET
    uri: https://management.azure.com/subscriptions/00000000-0000-0000-0000-000000000000/resourceGroups/cli_test_os_disk_security_encryption000001/providers/Microsoft.Network/virtualNetworks?api-version=2018-01-01
  response:
    body:
      string: '{"value":[]}'
    headers:
      cache-control:
      - no-cache
      content-length:
      - '12'
      content-type:
      - application/json; charset=utf-8
      date:
      - Thu, 30 Jun 2022 11:39:53 GMT
      expires:
      - '-1'
      pragma:
      - no-cache
      strict-transport-security:
      - max-age=31536000; includeSubDomains
      vary:
      - Accept-Encoding
      x-content-type-options:
      - nosniff
    status:
      code: 200
      message: OK
- request:
    body: '{"properties": {"template": {"$schema": "https://schema.management.azure.com/schemas/2015-01-01/deploymentTemplate.json#",
      "contentVersion": "1.0.0.0", "parameters": {"adminPassword": {"type": "securestring",
      "metadata": {"description": "Secure adminPassword"}}}, "variables": {}, "resources":
      [{"name": "vm1000005VNET", "type": "Microsoft.Network/virtualNetworks", "location":
      "centraluseuap", "apiVersion": "2015-06-15", "dependsOn": [], "tags": {}, "properties":
      {"addressSpace": {"addressPrefixes": ["10.0.0.0/16"]}, "subnets": [{"name":
      "vm1000005Subnet", "properties": {"addressPrefix": "10.0.0.0/24"}}]}}, {"type":
      "Microsoft.Network/networkSecurityGroups", "name": "vm1000005NSG", "apiVersion":
      "2015-06-15", "location": "centraluseuap", "tags": {}, "dependsOn": [], "properties":
      {"securityRules": [{"name": "rdp", "properties": {"protocol": "Tcp", "sourcePortRange":
      "*", "destinationPortRange": "3389", "sourceAddressPrefix": "*", "destinationAddressPrefix":
      "*", "access": "Allow", "priority": 1000, "direction": "Inbound"}}]}}, {"apiVersion":
      "2018-01-01", "type": "Microsoft.Network/publicIPAddresses", "name": "vm1000005PublicIP",
      "location": "centraluseuap", "tags": {}, "dependsOn": [], "properties": {"publicIPAllocationMethod":
      null}}, {"apiVersion": "2015-06-15", "type": "Microsoft.Network/networkInterfaces",
      "name": "vm1000005VMNic", "location": "centraluseuap", "tags": {}, "dependsOn":
      ["Microsoft.Network/virtualNetworks/vm1000005VNET", "Microsoft.Network/networkSecurityGroups/vm1000005NSG",
      "Microsoft.Network/publicIpAddresses/vm1000005PublicIP"], "properties": {"ipConfigurations":
      [{"name": "ipconfigvm1000005", "properties": {"privateIPAllocationMethod": "Dynamic",
      "subnet": {"id": "/subscriptions/00000000-0000-0000-0000-000000000000/resourceGroups/cli_test_os_disk_security_encryption000001/providers/Microsoft.Network/virtualNetworks/vm1000005VNET/subnets/vm1000005Subnet"},
      "publicIPAddress": {"id": "/subscriptions/00000000-0000-0000-0000-000000000000/resourceGroups/cli_test_os_disk_security_encryption000001/providers/Microsoft.Network/publicIPAddresses/vm1000005PublicIP"}}}],
      "networkSecurityGroup": {"id": "/subscriptions/00000000-0000-0000-0000-000000000000/resourceGroups/cli_test_os_disk_security_encryption000001/providers/Microsoft.Network/networkSecurityGroups/vm1000005NSG"}}},
      {"apiVersion": "2022-03-01", "type": "Microsoft.Compute/virtualMachines", "name":
      "vm1000005", "location": "centraluseuap", "tags": {}, "dependsOn": ["Microsoft.Network/networkInterfaces/vm1000005VMNic"],
      "properties": {"hardwareProfile": {"vmSize": "Standard_DC2as_v5"}, "networkProfile":
      {"networkInterfaces": [{"id": "/subscriptions/00000000-0000-0000-0000-000000000000/resourceGroups/cli_test_os_disk_security_encryption000001/providers/Microsoft.Network/networkInterfaces/vm1000005VMNic",
      "properties": {"deleteOption": null}}]}, "storageProfile": {"osDisk": {"createOption":
      "fromImage", "name": null, "caching": "ReadWrite", "managedDisk": {"storageAccountType":
      null, "securityProfile": {"securityEncryptionType": "DiskWithVMGuestState",
      "diskEncryptionSet": {"id": "/subscriptions/00000000-0000-0000-0000-000000000000/resourceGroups/cli_test_os_disk_security_encryption000001/providers/Microsoft.Compute/diskEncryptionSets/des1000004"}}}},
      "imageReference": {"publisher": "MicrosoftWindowsServer", "offer": "WindowsServer",
      "sku": "2022-datacenter-smalldisk-g2", "version": "latest"}}, "osProfile": {"computerName":
      "vm1000005", "adminUsername": "testuser", "adminPassword": "[parameters(''adminPassword'')]"},
      "securityProfile": {"securityType": "ConfidentialVM", "uefiSettings": {"secureBootEnabled":
      true, "vTpmEnabled": true}}}}], "outputs": {}}, "parameters": {"adminPassword":
      {"value": "testPassword0"}}, "mode": "incremental"}}'
    headers:
      Accept:
      - application/json
      Accept-Encoding:
      - gzip, deflate
      CommandName:
      - vm create
      Connection:
      - keep-alive
      Content-Length:
      - '3770'
      Content-Type:
      - application/json
      ParameterSetName:
      - -n -g --size --security-type --image --admin-username --admin-password --enable-vtpm
        --enable-secure-boot --os-disk-security-encryption-type --os-disk-secure-vm-disk-encryption-set
      User-Agent:
      - AZURECLI/2.37.0 azsdk-python-azure-mgmt-resource/21.1.0b1 Python/3.8.10 (Windows-10-10.0.22000-SP0)
    method: PUT
    uri: https://management.azure.com/subscriptions/00000000-0000-0000-0000-000000000000/resourcegroups/cli_test_os_disk_security_encryption000001/providers/Microsoft.Resources/deployments/mock-deployment?api-version=2021-04-01
  response:
    body:
      string: '{"id":"/subscriptions/00000000-0000-0000-0000-000000000000/resourceGroups/cli_test_os_disk_security_encryption000001/providers/Microsoft.Resources/deployments/vm_deploy_FlTnQZXWGNU3XRI2o2550CAU3uSzFqK0","name":"vm_deploy_FlTnQZXWGNU3XRI2o2550CAU3uSzFqK0","type":"Microsoft.Resources/deployments","properties":{"templateHash":"13542900534722226663","parameters":{"adminPassword":{"type":"SecureString"}},"mode":"Incremental","provisioningState":"Accepted","timestamp":"2022-06-30T11:40:01.2849778Z","duration":"PT0.0004588S","correlationId":"4ba363a0-009a-4958-842f-e2e28e1335c3","providers":[{"namespace":"Microsoft.Network","resourceTypes":[{"resourceType":"virtualNetworks","locations":["centraluseuap"]},{"resourceType":"networkSecurityGroups","locations":["centraluseuap"]},{"resourceType":"publicIPAddresses","locations":["centraluseuap"]},{"resourceType":"networkInterfaces","locations":["centraluseuap"]}]},{"namespace":"Microsoft.Compute","resourceTypes":[{"resourceType":"virtualMachines","locations":["centraluseuap"]}]}],"dependencies":[{"dependsOn":[{"id":"/subscriptions/00000000-0000-0000-0000-000000000000/resourceGroups/cli_test_os_disk_security_encryption000001/providers/Microsoft.Network/virtualNetworks/vm1000005VNET","resourceType":"Microsoft.Network/virtualNetworks","resourceName":"vm1000005VNET"},{"id":"/subscriptions/00000000-0000-0000-0000-000000000000/resourceGroups/cli_test_os_disk_security_encryption000001/providers/Microsoft.Network/networkSecurityGroups/vm1000005NSG","resourceType":"Microsoft.Network/networkSecurityGroups","resourceName":"vm1000005NSG"},{"id":"/subscriptions/00000000-0000-0000-0000-000000000000/resourceGroups/cli_test_os_disk_security_encryption000001/providers/Microsoft.Network/publicIPAddresses/vm1000005PublicIP","resourceType":"Microsoft.Network/publicIPAddresses","resourceName":"vm1000005PublicIP"}],"id":"/subscriptions/00000000-0000-0000-0000-000000000000/resourceGroups/cli_test_os_disk_security_encryption000001/providers/Microsoft.Network/networkInterfaces/vm1000005VMNic","resourceType":"Microsoft.Network/networkInterfaces","resourceName":"vm1000005VMNic"},{"dependsOn":[{"id":"/subscriptions/00000000-0000-0000-0000-000000000000/resourceGroups/cli_test_os_disk_security_encryption000001/providers/Microsoft.Network/networkInterfaces/vm1000005VMNic","resourceType":"Microsoft.Network/networkInterfaces","resourceName":"vm1000005VMNic"}],"id":"/subscriptions/00000000-0000-0000-0000-000000000000/resourceGroups/cli_test_os_disk_security_encryption000001/providers/Microsoft.Compute/virtualMachines/vm1000005","resourceType":"Microsoft.Compute/virtualMachines","resourceName":"vm1000005"}]}}'
    headers:
      azure-asyncoperation:
      - https://management.azure.com/subscriptions/00000000-0000-0000-0000-000000000000/resourcegroups/cli_test_os_disk_security_encryption000001/providers/Microsoft.Resources/deployments/vm_deploy_FlTnQZXWGNU3XRI2o2550CAU3uSzFqK0/operationStatuses/08585450176880914716?api-version=2021-04-01
      cache-control:
      - no-cache
      content-length:
      - '2658'
      content-type:
      - application/json; charset=utf-8
      date:
      - Thu, 30 Jun 2022 11:40:02 GMT
      expires:
      - '-1'
      pragma:
      - no-cache
      strict-transport-security:
      - max-age=31536000; includeSubDomains
      x-content-type-options:
      - nosniff
      x-ms-ratelimit-remaining-subscription-writes:
      - '1199'
    status:
      code: 201
      message: Created
- request:
    body: null
    headers:
      Accept:
      - '*/*'
      Accept-Encoding:
      - gzip, deflate
      CommandName:
      - vm create
      Connection:
      - keep-alive
      ParameterSetName:
      - -n -g --size --security-type --image --admin-username --admin-password --enable-vtpm
        --enable-secure-boot --os-disk-security-encryption-type --os-disk-secure-vm-disk-encryption-set
      User-Agent:
      - AZURECLI/2.37.0 azsdk-python-azure-mgmt-resource/21.1.0b1 Python/3.8.10 (Windows-10-10.0.22000-SP0)
    method: GET
    uri: https://management.azure.com/subscriptions/00000000-0000-0000-0000-000000000000/resourcegroups/cli_test_os_disk_security_encryption000001/providers/Microsoft.Resources/deployments/mock-deployment/operationStatuses/08585450176880914716?api-version=2021-04-01
  response:
    body:
      string: '{"status":"Running"}'
    headers:
      cache-control:
      - no-cache
      content-length:
      - '20'
      content-type:
      - application/json; charset=utf-8
      date:
      - Thu, 30 Jun 2022 11:40:33 GMT
      expires:
      - '-1'
      pragma:
      - no-cache
      strict-transport-security:
      - max-age=31536000; includeSubDomains
      vary:
      - Accept-Encoding
      x-content-type-options:
      - nosniff
    status:
      code: 200
      message: OK
- request:
    body: null
    headers:
      Accept:
      - '*/*'
      Accept-Encoding:
      - gzip, deflate
      CommandName:
      - vm create
      Connection:
      - keep-alive
      ParameterSetName:
      - -n -g --size --security-type --image --admin-username --admin-password --enable-vtpm
        --enable-secure-boot --os-disk-security-encryption-type --os-disk-secure-vm-disk-encryption-set
      User-Agent:
      - AZURECLI/2.37.0 azsdk-python-azure-mgmt-resource/21.1.0b1 Python/3.8.10 (Windows-10-10.0.22000-SP0)
    method: GET
    uri: https://management.azure.com/subscriptions/00000000-0000-0000-0000-000000000000/resourcegroups/cli_test_os_disk_security_encryption000001/providers/Microsoft.Resources/deployments/mock-deployment/operationStatuses/08585450176880914716?api-version=2021-04-01
  response:
    body:
      string: '{"status":"Running"}'
    headers:
      cache-control:
      - no-cache
      content-length:
      - '20'
      content-type:
      - application/json; charset=utf-8
      date:
      - Thu, 30 Jun 2022 11:41:03 GMT
      expires:
      - '-1'
      pragma:
      - no-cache
      strict-transport-security:
      - max-age=31536000; includeSubDomains
      vary:
      - Accept-Encoding
      x-content-type-options:
      - nosniff
    status:
      code: 200
      message: OK
- request:
    body: null
    headers:
      Accept:
      - '*/*'
      Accept-Encoding:
      - gzip, deflate
      CommandName:
      - vm create
      Connection:
      - keep-alive
      ParameterSetName:
      - -n -g --size --security-type --image --admin-username --admin-password --enable-vtpm
        --enable-secure-boot --os-disk-security-encryption-type --os-disk-secure-vm-disk-encryption-set
      User-Agent:
      - AZURECLI/2.37.0 azsdk-python-azure-mgmt-resource/21.1.0b1 Python/3.8.10 (Windows-10-10.0.22000-SP0)
    method: GET
    uri: https://management.azure.com/subscriptions/00000000-0000-0000-0000-000000000000/resourcegroups/cli_test_os_disk_security_encryption000001/providers/Microsoft.Resources/deployments/mock-deployment/operationStatuses/08585450176880914716?api-version=2021-04-01
  response:
    body:
      string: '{"status":"Running"}'
    headers:
      cache-control:
      - no-cache
      content-length:
      - '20'
      content-type:
      - application/json; charset=utf-8
      date:
      - Thu, 30 Jun 2022 11:41:33 GMT
      expires:
      - '-1'
      pragma:
      - no-cache
      strict-transport-security:
      - max-age=31536000; includeSubDomains
      vary:
      - Accept-Encoding
      x-content-type-options:
      - nosniff
    status:
      code: 200
      message: OK
- request:
    body: null
    headers:
      Accept:
      - '*/*'
      Accept-Encoding:
      - gzip, deflate
      CommandName:
      - vm create
      Connection:
      - keep-alive
      ParameterSetName:
      - -n -g --size --security-type --image --admin-username --admin-password --enable-vtpm
        --enable-secure-boot --os-disk-security-encryption-type --os-disk-secure-vm-disk-encryption-set
      User-Agent:
      - AZURECLI/2.37.0 azsdk-python-azure-mgmt-resource/21.1.0b1 Python/3.8.10 (Windows-10-10.0.22000-SP0)
    method: GET
    uri: https://management.azure.com/subscriptions/00000000-0000-0000-0000-000000000000/resourcegroups/cli_test_os_disk_security_encryption000001/providers/Microsoft.Resources/deployments/mock-deployment/operationStatuses/08585450176880914716?api-version=2021-04-01
  response:
    body:
      string: '{"status":"Running"}'
    headers:
      cache-control:
      - no-cache
      content-length:
      - '20'
      content-type:
      - application/json; charset=utf-8
      date:
      - Thu, 30 Jun 2022 11:42:05 GMT
      expires:
      - '-1'
      pragma:
      - no-cache
      strict-transport-security:
      - max-age=31536000; includeSubDomains
      vary:
      - Accept-Encoding
      x-content-type-options:
      - nosniff
    status:
      code: 200
      message: OK
- request:
    body: null
    headers:
      Accept:
      - '*/*'
      Accept-Encoding:
      - gzip, deflate
      CommandName:
      - vm create
      Connection:
      - keep-alive
      ParameterSetName:
      - -n -g --size --security-type --image --admin-username --admin-password --enable-vtpm
        --enable-secure-boot --os-disk-security-encryption-type --os-disk-secure-vm-disk-encryption-set
      User-Agent:
      - AZURECLI/2.37.0 azsdk-python-azure-mgmt-resource/21.1.0b1 Python/3.8.10 (Windows-10-10.0.22000-SP0)
    method: GET
    uri: https://management.azure.com/subscriptions/00000000-0000-0000-0000-000000000000/resourcegroups/cli_test_os_disk_security_encryption000001/providers/Microsoft.Resources/deployments/mock-deployment/operationStatuses/08585450176880914716?api-version=2021-04-01
  response:
    body:
      string: '{"status":"Running"}'
    headers:
      cache-control:
      - no-cache
      content-length:
      - '20'
      content-type:
      - application/json; charset=utf-8
      date:
      - Thu, 30 Jun 2022 11:42:35 GMT
      expires:
      - '-1'
      pragma:
      - no-cache
      strict-transport-security:
      - max-age=31536000; includeSubDomains
      vary:
      - Accept-Encoding
      x-content-type-options:
      - nosniff
    status:
      code: 200
      message: OK
- request:
    body: null
    headers:
      Accept:
      - '*/*'
      Accept-Encoding:
      - gzip, deflate
      CommandName:
      - vm create
      Connection:
      - keep-alive
      ParameterSetName:
      - -n -g --size --security-type --image --admin-username --admin-password --enable-vtpm
        --enable-secure-boot --os-disk-security-encryption-type --os-disk-secure-vm-disk-encryption-set
      User-Agent:
      - AZURECLI/2.37.0 azsdk-python-azure-mgmt-resource/21.1.0b1 Python/3.8.10 (Windows-10-10.0.22000-SP0)
    method: GET
    uri: https://management.azure.com/subscriptions/00000000-0000-0000-0000-000000000000/resourcegroups/cli_test_os_disk_security_encryption000001/providers/Microsoft.Resources/deployments/mock-deployment/operationStatuses/08585450176880914716?api-version=2021-04-01
  response:
    body:
      string: '{"status":"Running"}'
    headers:
      cache-control:
      - no-cache
      content-length:
      - '20'
      content-type:
      - application/json; charset=utf-8
      date:
      - Thu, 30 Jun 2022 11:43:05 GMT
      expires:
      - '-1'
      pragma:
      - no-cache
      strict-transport-security:
      - max-age=31536000; includeSubDomains
      vary:
      - Accept-Encoding
      x-content-type-options:
      - nosniff
    status:
      code: 200
      message: OK
- request:
    body: null
    headers:
      Accept:
      - '*/*'
      Accept-Encoding:
      - gzip, deflate
      CommandName:
      - vm create
      Connection:
      - keep-alive
      ParameterSetName:
      - -n -g --size --security-type --image --admin-username --admin-password --enable-vtpm
        --enable-secure-boot --os-disk-security-encryption-type --os-disk-secure-vm-disk-encryption-set
      User-Agent:
      - AZURECLI/2.37.0 azsdk-python-azure-mgmt-resource/21.1.0b1 Python/3.8.10 (Windows-10-10.0.22000-SP0)
    method: GET
    uri: https://management.azure.com/subscriptions/00000000-0000-0000-0000-000000000000/resourcegroups/cli_test_os_disk_security_encryption000001/providers/Microsoft.Resources/deployments/mock-deployment/operationStatuses/08585450176880914716?api-version=2021-04-01
  response:
    body:
      string: '{"status":"Running"}'
    headers:
      cache-control:
      - no-cache
      content-length:
      - '20'
      content-type:
      - application/json; charset=utf-8
      date:
      - Thu, 30 Jun 2022 11:43:36 GMT
      expires:
      - '-1'
      pragma:
      - no-cache
      strict-transport-security:
      - max-age=31536000; includeSubDomains
      vary:
      - Accept-Encoding
      x-content-type-options:
      - nosniff
    status:
      code: 200
      message: OK
- request:
    body: null
    headers:
      Accept:
      - '*/*'
      Accept-Encoding:
      - gzip, deflate
      CommandName:
      - vm create
      Connection:
      - keep-alive
      ParameterSetName:
      - -n -g --size --security-type --image --admin-username --admin-password --enable-vtpm
        --enable-secure-boot --os-disk-security-encryption-type --os-disk-secure-vm-disk-encryption-set
      User-Agent:
      - AZURECLI/2.37.0 azsdk-python-azure-mgmt-resource/21.1.0b1 Python/3.8.10 (Windows-10-10.0.22000-SP0)
    method: GET
    uri: https://management.azure.com/subscriptions/00000000-0000-0000-0000-000000000000/resourcegroups/cli_test_os_disk_security_encryption000001/providers/Microsoft.Resources/deployments/mock-deployment/operationStatuses/08585450176880914716?api-version=2021-04-01
  response:
    body:
      string: '{"status":"Running"}'
    headers:
      cache-control:
      - no-cache
      content-length:
      - '20'
      content-type:
      - application/json; charset=utf-8
      date:
      - Thu, 30 Jun 2022 11:44:07 GMT
      expires:
      - '-1'
      pragma:
      - no-cache
      strict-transport-security:
      - max-age=31536000; includeSubDomains
      vary:
      - Accept-Encoding
      x-content-type-options:
      - nosniff
    status:
      code: 200
      message: OK
- request:
    body: null
    headers:
      Accept:
      - '*/*'
      Accept-Encoding:
      - gzip, deflate
      CommandName:
      - vm create
      Connection:
      - keep-alive
      ParameterSetName:
      - -n -g --size --security-type --image --admin-username --admin-password --enable-vtpm
        --enable-secure-boot --os-disk-security-encryption-type --os-disk-secure-vm-disk-encryption-set
      User-Agent:
      - AZURECLI/2.37.0 azsdk-python-azure-mgmt-resource/21.1.0b1 Python/3.8.10 (Windows-10-10.0.22000-SP0)
    method: GET
    uri: https://management.azure.com/subscriptions/00000000-0000-0000-0000-000000000000/resourcegroups/cli_test_os_disk_security_encryption000001/providers/Microsoft.Resources/deployments/mock-deployment/operationStatuses/08585450176880914716?api-version=2021-04-01
  response:
    body:
      string: '{"status":"Running"}'
    headers:
      cache-control:
      - no-cache
      content-length:
      - '20'
      content-type:
      - application/json; charset=utf-8
      date:
      - Thu, 30 Jun 2022 11:44:37 GMT
      expires:
      - '-1'
      pragma:
      - no-cache
      strict-transport-security:
      - max-age=31536000; includeSubDomains
      vary:
      - Accept-Encoding
      x-content-type-options:
      - nosniff
    status:
      code: 200
      message: OK
- request:
    body: null
    headers:
      Accept:
      - '*/*'
      Accept-Encoding:
      - gzip, deflate
      CommandName:
      - vm create
      Connection:
      - keep-alive
      ParameterSetName:
      - -n -g --size --security-type --image --admin-username --admin-password --enable-vtpm
        --enable-secure-boot --os-disk-security-encryption-type --os-disk-secure-vm-disk-encryption-set
      User-Agent:
      - AZURECLI/2.37.0 azsdk-python-azure-mgmt-resource/21.1.0b1 Python/3.8.10 (Windows-10-10.0.22000-SP0)
    method: GET
    uri: https://management.azure.com/subscriptions/00000000-0000-0000-0000-000000000000/resourcegroups/cli_test_os_disk_security_encryption000001/providers/Microsoft.Resources/deployments/mock-deployment/operationStatuses/08585450176880914716?api-version=2021-04-01
  response:
    body:
      string: '{"status":"Running"}'
    headers:
      cache-control:
      - no-cache
      content-length:
      - '20'
      content-type:
      - application/json; charset=utf-8
      date:
      - Thu, 30 Jun 2022 11:45:07 GMT
      expires:
      - '-1'
      pragma:
      - no-cache
      strict-transport-security:
      - max-age=31536000; includeSubDomains
      vary:
      - Accept-Encoding
      x-content-type-options:
      - nosniff
    status:
      code: 200
      message: OK
- request:
    body: null
    headers:
      Accept:
      - '*/*'
      Accept-Encoding:
      - gzip, deflate
      CommandName:
      - vm create
      Connection:
      - keep-alive
      ParameterSetName:
      - -n -g --size --security-type --image --admin-username --admin-password --enable-vtpm
        --enable-secure-boot --os-disk-security-encryption-type --os-disk-secure-vm-disk-encryption-set
      User-Agent:
      - AZURECLI/2.37.0 azsdk-python-azure-mgmt-resource/21.1.0b1 Python/3.8.10 (Windows-10-10.0.22000-SP0)
    method: GET
    uri: https://management.azure.com/subscriptions/00000000-0000-0000-0000-000000000000/resourcegroups/cli_test_os_disk_security_encryption000001/providers/Microsoft.Resources/deployments/mock-deployment/operationStatuses/08585450176880914716?api-version=2021-04-01
  response:
    body:
      string: '{"status":"Running"}'
    headers:
      cache-control:
      - no-cache
      content-length:
      - '20'
      content-type:
      - application/json; charset=utf-8
      date:
      - Thu, 30 Jun 2022 11:45:39 GMT
      expires:
      - '-1'
      pragma:
      - no-cache
      strict-transport-security:
      - max-age=31536000; includeSubDomains
      vary:
      - Accept-Encoding
      x-content-type-options:
      - nosniff
    status:
      code: 200
      message: OK
- request:
    body: null
    headers:
      Accept:
      - '*/*'
      Accept-Encoding:
      - gzip, deflate
      CommandName:
      - vm create
      Connection:
      - keep-alive
      ParameterSetName:
      - -n -g --size --security-type --image --admin-username --admin-password --enable-vtpm
        --enable-secure-boot --os-disk-security-encryption-type --os-disk-secure-vm-disk-encryption-set
      User-Agent:
      - AZURECLI/2.37.0 azsdk-python-azure-mgmt-resource/21.1.0b1 Python/3.8.10 (Windows-10-10.0.22000-SP0)
    method: GET
    uri: https://management.azure.com/subscriptions/00000000-0000-0000-0000-000000000000/resourcegroups/cli_test_os_disk_security_encryption000001/providers/Microsoft.Resources/deployments/mock-deployment/operationStatuses/08585450176880914716?api-version=2021-04-01
  response:
    body:
      string: '{"status":"Running"}'
    headers:
      cache-control:
      - no-cache
      content-length:
      - '20'
      content-type:
      - application/json; charset=utf-8
      date:
      - Thu, 30 Jun 2022 11:46:10 GMT
      expires:
      - '-1'
      pragma:
      - no-cache
      strict-transport-security:
      - max-age=31536000; includeSubDomains
      vary:
      - Accept-Encoding
      x-content-type-options:
      - nosniff
    status:
      code: 200
      message: OK
- request:
    body: null
    headers:
      Accept:
      - '*/*'
      Accept-Encoding:
      - gzip, deflate
      CommandName:
      - vm create
      Connection:
      - keep-alive
      ParameterSetName:
      - -n -g --size --security-type --image --admin-username --admin-password --enable-vtpm
        --enable-secure-boot --os-disk-security-encryption-type --os-disk-secure-vm-disk-encryption-set
      User-Agent:
      - AZURECLI/2.37.0 azsdk-python-azure-mgmt-resource/21.1.0b1 Python/3.8.10 (Windows-10-10.0.22000-SP0)
    method: GET
    uri: https://management.azure.com/subscriptions/00000000-0000-0000-0000-000000000000/resourcegroups/cli_test_os_disk_security_encryption000001/providers/Microsoft.Resources/deployments/mock-deployment/operationStatuses/08585450176880914716?api-version=2021-04-01
  response:
    body:
      string: '{"status":"Running"}'
    headers:
      cache-control:
      - no-cache
      content-length:
      - '20'
      content-type:
      - application/json; charset=utf-8
      date:
      - Thu, 30 Jun 2022 11:46:40 GMT
      expires:
      - '-1'
      pragma:
      - no-cache
      strict-transport-security:
      - max-age=31536000; includeSubDomains
      vary:
      - Accept-Encoding
      x-content-type-options:
      - nosniff
    status:
      code: 200
      message: OK
- request:
    body: null
    headers:
      Accept:
      - '*/*'
      Accept-Encoding:
      - gzip, deflate
      CommandName:
      - vm create
      Connection:
      - keep-alive
      ParameterSetName:
      - -n -g --size --security-type --image --admin-username --admin-password --enable-vtpm
        --enable-secure-boot --os-disk-security-encryption-type --os-disk-secure-vm-disk-encryption-set
      User-Agent:
      - AZURECLI/2.37.0 azsdk-python-azure-mgmt-resource/21.1.0b1 Python/3.8.10 (Windows-10-10.0.22000-SP0)
    method: GET
    uri: https://management.azure.com/subscriptions/00000000-0000-0000-0000-000000000000/resourcegroups/cli_test_os_disk_security_encryption000001/providers/Microsoft.Resources/deployments/mock-deployment/operationStatuses/08585450176880914716?api-version=2021-04-01
  response:
    body:
      string: '{"status":"Running"}'
    headers:
      cache-control:
      - no-cache
      content-length:
      - '20'
      content-type:
      - application/json; charset=utf-8
      date:
      - Thu, 30 Jun 2022 11:47:10 GMT
      expires:
      - '-1'
      pragma:
      - no-cache
      strict-transport-security:
      - max-age=31536000; includeSubDomains
      vary:
      - Accept-Encoding
      x-content-type-options:
      - nosniff
    status:
      code: 200
      message: OK
- request:
    body: null
    headers:
      Accept:
      - '*/*'
      Accept-Encoding:
      - gzip, deflate
      CommandName:
      - vm create
      Connection:
      - keep-alive
      ParameterSetName:
      - -n -g --size --security-type --image --admin-username --admin-password --enable-vtpm
        --enable-secure-boot --os-disk-security-encryption-type --os-disk-secure-vm-disk-encryption-set
      User-Agent:
      - AZURECLI/2.37.0 azsdk-python-azure-mgmt-resource/21.1.0b1 Python/3.8.10 (Windows-10-10.0.22000-SP0)
    method: GET
    uri: https://management.azure.com/subscriptions/00000000-0000-0000-0000-000000000000/resourcegroups/cli_test_os_disk_security_encryption000001/providers/Microsoft.Resources/deployments/mock-deployment/operationStatuses/08585450176880914716?api-version=2021-04-01
  response:
    body:
      string: '{"status":"Running"}'
    headers:
      cache-control:
      - no-cache
      content-length:
      - '20'
      content-type:
      - application/json; charset=utf-8
      date:
      - Thu, 30 Jun 2022 11:47:40 GMT
      expires:
      - '-1'
      pragma:
      - no-cache
      strict-transport-security:
      - max-age=31536000; includeSubDomains
      vary:
      - Accept-Encoding
      x-content-type-options:
      - nosniff
    status:
      code: 200
      message: OK
- request:
    body: null
    headers:
      Accept:
      - '*/*'
      Accept-Encoding:
      - gzip, deflate
      CommandName:
      - vm create
      Connection:
      - keep-alive
      ParameterSetName:
      - -n -g --size --security-type --image --admin-username --admin-password --enable-vtpm
        --enable-secure-boot --os-disk-security-encryption-type --os-disk-secure-vm-disk-encryption-set
      User-Agent:
      - AZURECLI/2.37.0 azsdk-python-azure-mgmt-resource/21.1.0b1 Python/3.8.10 (Windows-10-10.0.22000-SP0)
    method: GET
    uri: https://management.azure.com/subscriptions/00000000-0000-0000-0000-000000000000/resourcegroups/cli_test_os_disk_security_encryption000001/providers/Microsoft.Resources/deployments/mock-deployment/operationStatuses/08585450176880914716?api-version=2021-04-01
  response:
    body:
      string: '{"status":"Running"}'
    headers:
      cache-control:
      - no-cache
      content-length:
      - '20'
      content-type:
      - application/json; charset=utf-8
      date:
      - Thu, 30 Jun 2022 11:48:12 GMT
      expires:
      - '-1'
      pragma:
      - no-cache
      strict-transport-security:
      - max-age=31536000; includeSubDomains
      vary:
      - Accept-Encoding
      x-content-type-options:
      - nosniff
    status:
      code: 200
      message: OK
- request:
    body: null
    headers:
      Accept:
      - '*/*'
      Accept-Encoding:
      - gzip, deflate
      CommandName:
      - vm create
      Connection:
      - keep-alive
      ParameterSetName:
      - -n -g --size --security-type --image --admin-username --admin-password --enable-vtpm
        --enable-secure-boot --os-disk-security-encryption-type --os-disk-secure-vm-disk-encryption-set
      User-Agent:
      - AZURECLI/2.37.0 azsdk-python-azure-mgmt-resource/21.1.0b1 Python/3.8.10 (Windows-10-10.0.22000-SP0)
    method: GET
    uri: https://management.azure.com/subscriptions/00000000-0000-0000-0000-000000000000/resourcegroups/cli_test_os_disk_security_encryption000001/providers/Microsoft.Resources/deployments/mock-deployment/operationStatuses/08585450176880914716?api-version=2021-04-01
  response:
    body:
      string: '{"status":"Running"}'
    headers:
      cache-control:
      - no-cache
      content-length:
      - '20'
      content-type:
      - application/json; charset=utf-8
      date:
      - Thu, 30 Jun 2022 11:48:42 GMT
      expires:
      - '-1'
      pragma:
      - no-cache
      strict-transport-security:
      - max-age=31536000; includeSubDomains
      vary:
      - Accept-Encoding
      x-content-type-options:
      - nosniff
    status:
      code: 200
      message: OK
- request:
    body: null
    headers:
      Accept:
      - '*/*'
      Accept-Encoding:
      - gzip, deflate
      CommandName:
      - vm create
      Connection:
      - keep-alive
      ParameterSetName:
      - -n -g --size --security-type --image --admin-username --admin-password --enable-vtpm
        --enable-secure-boot --os-disk-security-encryption-type --os-disk-secure-vm-disk-encryption-set
      User-Agent:
      - AZURECLI/2.37.0 azsdk-python-azure-mgmt-resource/21.1.0b1 Python/3.8.10 (Windows-10-10.0.22000-SP0)
    method: GET
    uri: https://management.azure.com/subscriptions/00000000-0000-0000-0000-000000000000/resourcegroups/cli_test_os_disk_security_encryption000001/providers/Microsoft.Resources/deployments/mock-deployment/operationStatuses/08585450176880914716?api-version=2021-04-01
  response:
    body:
      string: '{"status":"Running"}'
    headers:
      cache-control:
      - no-cache
      content-length:
      - '20'
      content-type:
      - application/json; charset=utf-8
      date:
      - Thu, 30 Jun 2022 11:49:12 GMT
      expires:
      - '-1'
      pragma:
      - no-cache
      strict-transport-security:
      - max-age=31536000; includeSubDomains
      vary:
      - Accept-Encoding
      x-content-type-options:
      - nosniff
    status:
      code: 200
      message: OK
- request:
    body: null
    headers:
      Accept:
      - '*/*'
      Accept-Encoding:
      - gzip, deflate
      CommandName:
      - vm create
      Connection:
      - keep-alive
      ParameterSetName:
      - -n -g --size --security-type --image --admin-username --admin-password --enable-vtpm
        --enable-secure-boot --os-disk-security-encryption-type --os-disk-secure-vm-disk-encryption-set
      User-Agent:
      - AZURECLI/2.37.0 azsdk-python-azure-mgmt-resource/21.1.0b1 Python/3.8.10 (Windows-10-10.0.22000-SP0)
    method: GET
    uri: https://management.azure.com/subscriptions/00000000-0000-0000-0000-000000000000/resourcegroups/cli_test_os_disk_security_encryption000001/providers/Microsoft.Resources/deployments/mock-deployment/operationStatuses/08585450176880914716?api-version=2021-04-01
  response:
    body:
      string: '{"status":"Running"}'
    headers:
      cache-control:
      - no-cache
      content-length:
      - '20'
      content-type:
      - application/json; charset=utf-8
      date:
      - Thu, 30 Jun 2022 11:49:43 GMT
      expires:
      - '-1'
      pragma:
      - no-cache
      strict-transport-security:
      - max-age=31536000; includeSubDomains
      vary:
      - Accept-Encoding
      x-content-type-options:
      - nosniff
    status:
      code: 200
      message: OK
- request:
    body: null
    headers:
      Accept:
      - '*/*'
      Accept-Encoding:
      - gzip, deflate
      CommandName:
      - vm create
      Connection:
      - keep-alive
      ParameterSetName:
      - -n -g --size --security-type --image --admin-username --admin-password --enable-vtpm
        --enable-secure-boot --os-disk-security-encryption-type --os-disk-secure-vm-disk-encryption-set
      User-Agent:
      - AZURECLI/2.37.0 azsdk-python-azure-mgmt-resource/21.1.0b1 Python/3.8.10 (Windows-10-10.0.22000-SP0)
    method: GET
    uri: https://management.azure.com/subscriptions/00000000-0000-0000-0000-000000000000/resourcegroups/cli_test_os_disk_security_encryption000001/providers/Microsoft.Resources/deployments/mock-deployment/operationStatuses/08585450176880914716?api-version=2021-04-01
  response:
    body:
      string: '{"status":"Succeeded"}'
    headers:
      cache-control:
      - no-cache
      content-length:
      - '22'
      content-type:
      - application/json; charset=utf-8
      date:
      - Thu, 30 Jun 2022 11:50:14 GMT
      expires:
      - '-1'
      pragma:
      - no-cache
      strict-transport-security:
      - max-age=31536000; includeSubDomains
      vary:
      - Accept-Encoding
      x-content-type-options:
      - nosniff
    status:
      code: 200
      message: OK
- request:
    body: null
    headers:
      Accept:
      - '*/*'
      Accept-Encoding:
      - gzip, deflate
      CommandName:
      - vm create
      Connection:
      - keep-alive
      ParameterSetName:
      - -n -g --size --security-type --image --admin-username --admin-password --enable-vtpm
        --enable-secure-boot --os-disk-security-encryption-type --os-disk-secure-vm-disk-encryption-set
      User-Agent:
      - AZURECLI/2.37.0 azsdk-python-azure-mgmt-resource/21.1.0b1 Python/3.8.10 (Windows-10-10.0.22000-SP0)
    method: GET
    uri: https://management.azure.com/subscriptions/00000000-0000-0000-0000-000000000000/resourcegroups/cli_test_os_disk_security_encryption000001/providers/Microsoft.Resources/deployments/mock-deployment?api-version=2021-04-01
  response:
    body:
      string: '{"id":"/subscriptions/00000000-0000-0000-0000-000000000000/resourceGroups/cli_test_os_disk_security_encryption000001/providers/Microsoft.Resources/deployments/vm_deploy_FlTnQZXWGNU3XRI2o2550CAU3uSzFqK0","name":"vm_deploy_FlTnQZXWGNU3XRI2o2550CAU3uSzFqK0","type":"Microsoft.Resources/deployments","properties":{"templateHash":"13542900534722226663","parameters":{"adminPassword":{"type":"SecureString"}},"mode":"Incremental","provisioningState":"Succeeded","timestamp":"2022-06-30T11:49:56.4112776Z","duration":"PT9M55.1267586S","correlationId":"4ba363a0-009a-4958-842f-e2e28e1335c3","providers":[{"namespace":"Microsoft.Network","resourceTypes":[{"resourceType":"virtualNetworks","locations":["centraluseuap"]},{"resourceType":"networkSecurityGroups","locations":["centraluseuap"]},{"resourceType":"publicIPAddresses","locations":["centraluseuap"]},{"resourceType":"networkInterfaces","locations":["centraluseuap"]}]},{"namespace":"Microsoft.Compute","resourceTypes":[{"resourceType":"virtualMachines","locations":["centraluseuap"]}]}],"dependencies":[{"dependsOn":[{"id":"/subscriptions/00000000-0000-0000-0000-000000000000/resourceGroups/cli_test_os_disk_security_encryption000001/providers/Microsoft.Network/virtualNetworks/vm1000005VNET","resourceType":"Microsoft.Network/virtualNetworks","resourceName":"vm1000005VNET"},{"id":"/subscriptions/00000000-0000-0000-0000-000000000000/resourceGroups/cli_test_os_disk_security_encryption000001/providers/Microsoft.Network/networkSecurityGroups/vm1000005NSG","resourceType":"Microsoft.Network/networkSecurityGroups","resourceName":"vm1000005NSG"},{"id":"/subscriptions/00000000-0000-0000-0000-000000000000/resourceGroups/cli_test_os_disk_security_encryption000001/providers/Microsoft.Network/publicIPAddresses/vm1000005PublicIP","resourceType":"Microsoft.Network/publicIPAddresses","resourceName":"vm1000005PublicIP"}],"id":"/subscriptions/00000000-0000-0000-0000-000000000000/resourceGroups/cli_test_os_disk_security_encryption000001/providers/Microsoft.Network/networkInterfaces/vm1000005VMNic","resourceType":"Microsoft.Network/networkInterfaces","resourceName":"vm1000005VMNic"},{"dependsOn":[{"id":"/subscriptions/00000000-0000-0000-0000-000000000000/resourceGroups/cli_test_os_disk_security_encryption000001/providers/Microsoft.Network/networkInterfaces/vm1000005VMNic","resourceType":"Microsoft.Network/networkInterfaces","resourceName":"vm1000005VMNic"}],"id":"/subscriptions/00000000-0000-0000-0000-000000000000/resourceGroups/cli_test_os_disk_security_encryption000001/providers/Microsoft.Compute/virtualMachines/vm1000005","resourceType":"Microsoft.Compute/virtualMachines","resourceName":"vm1000005"}],"outputs":{},"outputResources":[{"id":"/subscriptions/00000000-0000-0000-0000-000000000000/resourceGroups/cli_test_os_disk_security_encryption000001/providers/Microsoft.Compute/virtualMachines/vm1000005"},{"id":"/subscriptions/00000000-0000-0000-0000-000000000000/resourceGroups/cli_test_os_disk_security_encryption000001/providers/Microsoft.Network/networkInterfaces/vm1000005VMNic"},{"id":"/subscriptions/00000000-0000-0000-0000-000000000000/resourceGroups/cli_test_os_disk_security_encryption000001/providers/Microsoft.Network/networkSecurityGroups/vm1000005NSG"},{"id":"/subscriptions/00000000-0000-0000-0000-000000000000/resourceGroups/cli_test_os_disk_security_encryption000001/providers/Microsoft.Network/publicIPAddresses/vm1000005PublicIP"},{"id":"/subscriptions/00000000-0000-0000-0000-000000000000/resourceGroups/cli_test_os_disk_security_encryption000001/providers/Microsoft.Network/virtualNetworks/vm1000005VNET"}]}}'
    headers:
      cache-control:
      - no-cache
      content-length:
      - '3590'
      content-type:
      - application/json; charset=utf-8
      date:
      - Thu, 30 Jun 2022 11:50:14 GMT
      expires:
      - '-1'
      pragma:
      - no-cache
      strict-transport-security:
      - max-age=31536000; includeSubDomains
      vary:
      - Accept-Encoding
      x-content-type-options:
      - nosniff
    status:
      code: 200
      message: OK
- request:
    body: null
    headers:
      Accept:
      - application/json
      Accept-Encoding:
      - gzip, deflate
      CommandName:
      - vm create
      Connection:
      - keep-alive
      ParameterSetName:
      - -n -g --size --security-type --image --admin-username --admin-password --enable-vtpm
        --enable-secure-boot --os-disk-security-encryption-type --os-disk-secure-vm-disk-encryption-set
      User-Agent:
      - AZURECLI/2.37.0 azsdk-python-azure-mgmt-compute/27.1.0 Python/3.8.10 (Windows-10-10.0.22000-SP0)
    method: GET
    uri: https://management.azure.com/subscriptions/00000000-0000-0000-0000-000000000000/resourceGroups/cli_test_os_disk_security_encryption000001/providers/Microsoft.Compute/virtualMachines/vm1000005?$expand=instanceView&api-version=2022-03-01
  response:
    body:
      string: "{\r\n  \"name\": \"vm1000005\",\r\n  \"id\": \"/subscriptions/00000000-0000-0000-0000-000000000000/resourceGroups/cli_test_os_disk_security_encryption000001/providers/Microsoft.Compute/virtualMachines/vm1000005\",\r\n
        \ \"type\": \"Microsoft.Compute/virtualMachines\",\r\n  \"location\": \"centraluseuap\",\r\n
        \ \"tags\": {},\r\n  \"properties\": {\r\n    \"vmId\": \"fafd1ada-2879-4ed7-9e72-c49e65b21141\",\r\n
        \   \"hardwareProfile\": {\r\n      \"vmSize\": \"Standard_DC2as_v5\"\r\n
        \   },\r\n    \"storageProfile\": {\r\n      \"imageReference\": {\r\n        \"publisher\":
        \"MicrosoftWindowsServer\",\r\n        \"offer\": \"WindowsServer\",\r\n        \"sku\":
        \"2022-datacenter-smalldisk-g2\",\r\n        \"version\": \"latest\",\r\n
        \       \"exactVersion\": \"20348.768.220609\"\r\n      },\r\n      \"osDisk\":
        {\r\n        \"osType\": \"Windows\",\r\n        \"name\": \"vm1000005_OsDisk_1_23dfe1e602c94fc9afdd1efe7ab6e880\",\r\n
        \       \"createOption\": \"FromImage\",\r\n        \"caching\": \"ReadWrite\",\r\n
        \       \"managedDisk\": {\r\n          \"securityProfile\": {\r\n            \"securityEncryptionType\":
        \"DiskWithVMGuestState\",\r\n            \"diskEncryptionSet\": {\r\n              \"id\":
        \"/subscriptions/00000000-0000-0000-0000-000000000000/resourceGroups/cli_test_os_disk_security_encryption000001/providers/Microsoft.Compute/diskEncryptionSets/des1000004\"\r\n
        \           }\r\n          },\r\n          \"storageAccountType\": \"Premium_LRS\",\r\n
        \         \"id\": \"/subscriptions/00000000-0000-0000-0000-000000000000/resourceGroups/cli_test_os_disk_security_encryption000001/providers/Microsoft.Compute/disks/vm1000005_OsDisk_1_23dfe1e602c94fc9afdd1efe7ab6e880\"\r\n
        \       },\r\n        \"deleteOption\": \"Detach\",\r\n        \"diskSizeGB\":
        30\r\n      },\r\n      \"dataDisks\": []\r\n    },\r\n    \"osProfile\":
        {\r\n      \"computerName\": \"vm1000005\",\r\n      \"adminUsername\": \"testuser\",\r\n
        \     \"windowsConfiguration\": {\r\n        \"provisionVMAgent\": true,\r\n
        \       \"enableAutomaticUpdates\": true,\r\n        \"patchSettings\": {\r\n
        \         \"patchMode\": \"AutomaticByOS\",\r\n          \"assessmentMode\":
        \"ImageDefault\"\r\n        },\r\n        \"enableVMAgentPlatformUpdates\":
        false\r\n      },\r\n      \"secrets\": [],\r\n      \"allowExtensionOperations\":
        true,\r\n      \"requireGuestProvisionSignal\": true\r\n    },\r\n    \"securityProfile\":
        {\r\n      \"uefiSettings\": {\r\n        \"secureBootEnabled\": true,\r\n
        \       \"vTpmEnabled\": true\r\n      },\r\n      \"securityType\": \"ConfidentialVM\"\r\n
        \   },\r\n    \"networkProfile\": {\"networkInterfaces\":[{\"id\":\"/subscriptions/00000000-0000-0000-0000-000000000000/resourceGroups/cli_test_os_disk_security_encryption000001/providers/Microsoft.Network/networkInterfaces/vm1000005VMNic\"}]},\r\n
        \   \"provisioningState\": \"Succeeded\",\r\n    \"instanceView\": {\r\n      \"vmAgent\":
        {\r\n        \"vmAgentVersion\": \"Unknown\",\r\n        \"statuses\": [\r\n
        \         {\r\n            \"code\": \"ProvisioningState/Unavailable\",\r\n
        \           \"level\": \"Warning\",\r\n            \"displayStatus\": \"Not
        Ready\",\r\n            \"message\": \"VM status blob is found but not yet
        populated.\",\r\n            \"time\": \"2022-06-30T11:50:15+00:00\"\r\n          }\r\n
        \       ]\r\n      },\r\n      \"disks\": [\r\n        {\r\n          \"name\":
        \"vm1000005_OsDisk_1_23dfe1e602c94fc9afdd1efe7ab6e880\",\r\n          \"statuses\":
        [\r\n            {\r\n              \"code\": \"ProvisioningState/succeeded\",\r\n
        \             \"level\": \"Info\",\r\n              \"displayStatus\": \"Provisioning
        succeeded\",\r\n              \"time\": \"2022-06-30T11:49:34.1279533+00:00\"\r\n
        \           }\r\n          ]\r\n        }\r\n      ],\r\n      \"hyperVGeneration\":
        \"V2\",\r\n      \"statuses\": [\r\n        {\r\n          \"code\": \"ProvisioningState/succeeded\",\r\n
        \         \"level\": \"Info\",\r\n          \"displayStatus\": \"Provisioning
        succeeded\",\r\n          \"time\": \"2022-06-30T11:49:49.5655626+00:00\"\r\n
        \       },\r\n        {\r\n          \"code\": \"PowerState/stopped\",\r\n
        \         \"level\": \"Info\",\r\n          \"displayStatus\": \"VM stopped\"\r\n
        \       }\r\n      ]\r\n    },\r\n    \"timeCreated\": \"2022-06-30T11:40:33.6249352+00:00\"\r\n
        \ }\r\n}"
    headers:
      cache-control:
      - no-cache
      content-length:
      - '3866'
      content-type:
      - application/json; charset=utf-8
      date:
      - Thu, 30 Jun 2022 11:50:15 GMT
      expires:
      - '-1'
      pragma:
      - no-cache
      server:
      - Microsoft-HTTPAPI/2.0
      - Microsoft-HTTPAPI/2.0
      strict-transport-security:
      - max-age=31536000; includeSubDomains
      transfer-encoding:
      - chunked
      vary:
      - Accept-Encoding
      x-content-type-options:
      - nosniff
      x-ms-ratelimit-remaining-resource:
      - Microsoft.Compute/LowCostGet3Min;3993,Microsoft.Compute/LowCostGet30Min;31981
    status:
      code: 200
      message: OK
- request:
    body: null
    headers:
      Accept:
      - application/json, text/json
      Accept-Encoding:
      - gzip, deflate
      CommandName:
      - vm create
      Connection:
      - keep-alive
      ParameterSetName:
      - -n -g --size --security-type --image --admin-username --admin-password --enable-vtpm
        --enable-secure-boot --os-disk-security-encryption-type --os-disk-secure-vm-disk-encryption-set
      User-Agent:
      - AZURECLI/2.37.0 azsdk-python-azure-mgmt-network/20.0.0 Python/3.8.10 (Windows-10-10.0.22000-SP0)
    method: GET
    uri: https://management.azure.com/subscriptions/00000000-0000-0000-0000-000000000000/resourceGroups/cli_test_os_disk_security_encryption000001/providers/Microsoft.Network/networkInterfaces/vm1000005VMNic?api-version=2018-01-01
  response:
    body:
      string: "{\r\n  \"name\": \"vm1000005VMNic\",\r\n  \"id\": \"/subscriptions/00000000-0000-0000-0000-000000000000/resourceGroups/cli_test_os_disk_security_encryption000001/providers/Microsoft.Network/networkInterfaces/vm1000005VMNic\",\r\n
        \ \"etag\": \"W/\\\"141bbc3b-a5d6-4e69-a02b-9c18402201d0\\\"\",\r\n  \"tags\":
        {},\r\n  \"properties\": {\r\n    \"provisioningState\": \"Succeeded\",\r\n
        \   \"resourceGuid\": \"40c1640c-7aad-4a83-b7ce-b3b2499d1dca\",\r\n    \"ipConfigurations\":
        [\r\n      {\r\n        \"name\": \"ipconfigvm1000005\",\r\n        \"id\":
        \"/subscriptions/00000000-0000-0000-0000-000000000000/resourceGroups/cli_test_os_disk_security_encryption000001/providers/Microsoft.Network/networkInterfaces/vm1000005VMNic/ipConfigurations/ipconfigvm1000005\",\r\n
        \       \"etag\": \"W/\\\"141bbc3b-a5d6-4e69-a02b-9c18402201d0\\\"\",\r\n
        \       \"type\": \"Microsoft.Network/networkInterfaces/ipConfigurations\",\r\n
        \       \"properties\": {\r\n          \"provisioningState\": \"Succeeded\",\r\n
        \         \"privateIPAddress\": \"10.0.0.4\",\r\n          \"privateIPAllocationMethod\":
        \"Dynamic\",\r\n          \"publicIPAddress\": {\r\n            \"id\": \"/subscriptions/00000000-0000-0000-0000-000000000000/resourceGroups/cli_test_os_disk_security_encryption000001/providers/Microsoft.Network/publicIPAddresses/vm1000005PublicIP\"\r\n
        \         },\r\n          \"subnet\": {\r\n            \"id\": \"/subscriptions/00000000-0000-0000-0000-000000000000/resourceGroups/cli_test_os_disk_security_encryption000001/providers/Microsoft.Network/virtualNetworks/vm1000005VNET/subnets/vm1000005Subnet\"\r\n
        \         },\r\n          \"primary\": true,\r\n          \"privateIPAddressVersion\":
        \"IPv4\"\r\n        }\r\n      }\r\n    ],\r\n    \"dnsSettings\": {\r\n      \"dnsServers\":
        [],\r\n      \"appliedDnsServers\": [],\r\n      \"internalDomainNameSuffix\":
        \"uo1wfmzmri0e3bufyz4ektvjxh.cdmx.internal.cloudapp.net\"\r\n    },\r\n    \"macAddress\":
        \"00-22-48-02-43-E5\",\r\n    \"enableIPForwarding\": false,\r\n    \"networkSecurityGroup\":
        {\r\n      \"id\": \"/subscriptions/00000000-0000-0000-0000-000000000000/resourceGroups/cli_test_os_disk_security_encryption000001/providers/Microsoft.Network/networkSecurityGroups/vm1000005NSG\"\r\n
        \   },\r\n    \"primary\": true,\r\n    \"virtualMachine\": {\r\n      \"id\":
        \"/subscriptions/00000000-0000-0000-0000-000000000000/resourceGroups/cli_test_os_disk_security_encryption000001/providers/Microsoft.Compute/virtualMachines/vm1000005\"\r\n
        \   }\r\n  },\r\n  \"type\": \"Microsoft.Network/networkInterfaces\",\r\n
        \ \"location\": \"centraluseuap\"\r\n}"
    headers:
      cache-control:
      - no-cache
      content-length:
      - '2396'
      content-type:
      - application/json; charset=utf-8
      date:
      - Thu, 30 Jun 2022 11:50:16 GMT
      etag:
      - W/"141bbc3b-a5d6-4e69-a02b-9c18402201d0"
      expires:
      - '-1'
      pragma:
      - no-cache
      server:
      - Microsoft-HTTPAPI/2.0
      - Microsoft-HTTPAPI/2.0
      strict-transport-security:
      - max-age=31536000; includeSubDomains
      transfer-encoding:
      - chunked
      vary:
      - Accept-Encoding
      x-content-type-options:
      - nosniff
      x-ms-arm-service-request-id:
      - 7ff2854b-4f5d-4d1c-952b-e7933df37c0b
    status:
      code: 200
      message: OK
- request:
    body: null
    headers:
      Accept:
      - application/json, text/json
      Accept-Encoding:
      - gzip, deflate
      CommandName:
      - vm create
      Connection:
      - keep-alive
      ParameterSetName:
      - -n -g --size --security-type --image --admin-username --admin-password --enable-vtpm
        --enable-secure-boot --os-disk-security-encryption-type --os-disk-secure-vm-disk-encryption-set
      User-Agent:
      - AZURECLI/2.37.0 azsdk-python-azure-mgmt-network/20.0.0 Python/3.8.10 (Windows-10-10.0.22000-SP0)
    method: GET
    uri: https://management.azure.com/subscriptions/00000000-0000-0000-0000-000000000000/resourceGroups/cli_test_os_disk_security_encryption000001/providers/Microsoft.Network/publicIPAddresses/vm1000005PublicIP?api-version=2018-01-01
  response:
    body:
      string: "{\r\n  \"name\": \"vm1000005PublicIP\",\r\n  \"id\": \"/subscriptions/00000000-0000-0000-0000-000000000000/resourceGroups/cli_test_os_disk_security_encryption000001/providers/Microsoft.Network/publicIPAddresses/vm1000005PublicIP\",\r\n
        \ \"etag\": \"W/\\\"feffb966-e7e0-4f33-8585-7bc7c9561e29\\\"\",\r\n  \"location\":
        \"centraluseuap\",\r\n  \"tags\": {},\r\n  \"properties\": {\r\n    \"provisioningState\":
        \"Succeeded\",\r\n    \"resourceGuid\": \"77d74c83-1709-4bb9-b091-6d84af2fc98d\",\r\n
        \   \"ipAddress\": \"20.112.135.93\",\r\n    \"publicIPAddressVersion\": \"IPv4\",\r\n
        \   \"publicIPAllocationMethod\": \"Dynamic\",\r\n    \"idleTimeoutInMinutes\":
        4,\r\n    \"ipTags\": [],\r\n    \"ipConfiguration\": {\r\n      \"id\": \"/subscriptions/00000000-0000-0000-0000-000000000000/resourceGroups/cli_test_os_disk_security_encryption000001/providers/Microsoft.Network/networkInterfaces/vm1000005VMNic/ipConfigurations/ipconfigvm1000005\"\r\n
        \   }\r\n  },\r\n  \"type\": \"Microsoft.Network/publicIPAddresses\",\r\n
        \ \"sku\": {\r\n    \"name\": \"Basic\"\r\n  }\r\n}"
    headers:
      cache-control:
      - no-cache
      content-length:
      - '962'
      content-type:
      - application/json; charset=utf-8
      date:
      - Thu, 30 Jun 2022 11:50:16 GMT
      etag:
      - W/"feffb966-e7e0-4f33-8585-7bc7c9561e29"
      expires:
      - '-1'
      pragma:
      - no-cache
      server:
      - Microsoft-HTTPAPI/2.0
      - Microsoft-HTTPAPI/2.0
      strict-transport-security:
      - max-age=31536000; includeSubDomains
      transfer-encoding:
      - chunked
      vary:
      - Accept-Encoding
      x-content-type-options:
      - nosniff
      x-ms-arm-service-request-id:
      - 1a76004a-6b70-4383-9e7d-18389666f510
    status:
      code: 200
      message: OK
- request:
    body: null
    headers:
      Accept:
      - application/json
      Accept-Encoding:
      - gzip, deflate
      CommandName:
      - vm show
      Connection:
      - keep-alive
      ParameterSetName:
      - -n -g
      User-Agent:
      - AZURECLI/2.37.0 azsdk-python-azure-mgmt-compute/27.1.0 Python/3.8.10 (Windows-10-10.0.22000-SP0)
    method: GET
    uri: https://management.azure.com/subscriptions/00000000-0000-0000-0000-000000000000/resourceGroups/cli_test_os_disk_security_encryption000001/providers/Microsoft.Compute/virtualMachines/vm1000005?api-version=2022-03-01
  response:
    body:
      string: "{\r\n  \"name\": \"vm1000005\",\r\n  \"id\": \"/subscriptions/00000000-0000-0000-0000-000000000000/resourceGroups/cli_test_os_disk_security_encryption000001/providers/Microsoft.Compute/virtualMachines/vm1000005\",\r\n
        \ \"type\": \"Microsoft.Compute/virtualMachines\",\r\n  \"location\": \"centraluseuap\",\r\n
        \ \"tags\": {},\r\n  \"properties\": {\r\n    \"vmId\": \"fafd1ada-2879-4ed7-9e72-c49e65b21141\",\r\n
        \   \"hardwareProfile\": {\r\n      \"vmSize\": \"Standard_DC2as_v5\"\r\n
        \   },\r\n    \"storageProfile\": {\r\n      \"imageReference\": {\r\n        \"publisher\":
        \"MicrosoftWindowsServer\",\r\n        \"offer\": \"WindowsServer\",\r\n        \"sku\":
        \"2022-datacenter-smalldisk-g2\",\r\n        \"version\": \"latest\",\r\n
        \       \"exactVersion\": \"20348.768.220609\"\r\n      },\r\n      \"osDisk\":
        {\r\n        \"osType\": \"Windows\",\r\n        \"name\": \"vm1000005_OsDisk_1_23dfe1e602c94fc9afdd1efe7ab6e880\",\r\n
        \       \"createOption\": \"FromImage\",\r\n        \"caching\": \"ReadWrite\",\r\n
        \       \"managedDisk\": {\r\n          \"securityProfile\": {\r\n            \"securityEncryptionType\":
        \"DiskWithVMGuestState\",\r\n            \"diskEncryptionSet\": {\r\n              \"id\":
        \"/subscriptions/00000000-0000-0000-0000-000000000000/resourceGroups/cli_test_os_disk_security_encryption000001/providers/Microsoft.Compute/diskEncryptionSets/des1000004\"\r\n
        \           }\r\n          },\r\n          \"storageAccountType\": \"Premium_LRS\",\r\n
        \         \"id\": \"/subscriptions/00000000-0000-0000-0000-000000000000/resourceGroups/cli_test_os_disk_security_encryption000001/providers/Microsoft.Compute/disks/vm1000005_OsDisk_1_23dfe1e602c94fc9afdd1efe7ab6e880\"\r\n
        \       },\r\n        \"deleteOption\": \"Detach\",\r\n        \"diskSizeGB\":
        30\r\n      },\r\n      \"dataDisks\": []\r\n    },\r\n    \"osProfile\":
        {\r\n      \"computerName\": \"vm1000005\",\r\n      \"adminUsername\": \"testuser\",\r\n
        \     \"windowsConfiguration\": {\r\n        \"provisionVMAgent\": true,\r\n
        \       \"enableAutomaticUpdates\": true,\r\n        \"patchSettings\": {\r\n
        \         \"patchMode\": \"AutomaticByOS\",\r\n          \"assessmentMode\":
        \"ImageDefault\"\r\n        },\r\n        \"enableVMAgentPlatformUpdates\":
        false\r\n      },\r\n      \"secrets\": [],\r\n      \"allowExtensionOperations\":
        true,\r\n      \"requireGuestProvisionSignal\": true\r\n    },\r\n    \"securityProfile\":
        {\r\n      \"uefiSettings\": {\r\n        \"secureBootEnabled\": true,\r\n
        \       \"vTpmEnabled\": true\r\n      },\r\n      \"securityType\": \"ConfidentialVM\"\r\n
        \   },\r\n    \"networkProfile\": {\"networkInterfaces\":[{\"id\":\"/subscriptions/00000000-0000-0000-0000-000000000000/resourceGroups/cli_test_os_disk_security_encryption000001/providers/Microsoft.Network/networkInterfaces/vm1000005VMNic\"}]},\r\n
        \   \"provisioningState\": \"Succeeded\",\r\n    \"timeCreated\": \"2022-06-30T11:40:33.6249352+00:00\"\r\n
        \ }\r\n}"
    headers:
      cache-control:
      - no-cache
      content-length:
      - '2654'
      content-type:
      - application/json; charset=utf-8
      date:
      - Thu, 30 Jun 2022 11:50:17 GMT
      expires:
      - '-1'
      pragma:
      - no-cache
      server:
      - Microsoft-HTTPAPI/2.0
      - Microsoft-HTTPAPI/2.0
      strict-transport-security:
      - max-age=31536000; includeSubDomains
      transfer-encoding:
      - chunked
      vary:
      - Accept-Encoding
      x-content-type-options:
      - nosniff
      x-ms-ratelimit-remaining-resource:
      - Microsoft.Compute/LowCostGet3Min;3992,Microsoft.Compute/LowCostGet30Min;31980
    status:
      code: 200
      message: OK
- request:
    body: null
    headers:
      Accept:
      - application/json
      Accept-Encoding:
      - gzip, deflate
      CommandName:
      - vm create
      Connection:
      - keep-alive
      ParameterSetName:
      - -n -g --size --security-type --image --admin-username --admin-password --enable-vtpm
        --enable-secure-boot
      User-Agent:
      - AZURECLI/2.37.0 azsdk-python-azure-mgmt-resource/21.1.0b1 Python/3.8.10 (Windows-10-10.0.22000-SP0)
    method: GET
    uri: https://management.azure.com/subscriptions/00000000-0000-0000-0000-000000000000/resourcegroups/cli_test_os_disk_security_encryption000001?api-version=2021-04-01
  response:
    body:
      string: '{"id":"/subscriptions/00000000-0000-0000-0000-000000000000/resourceGroups/cli_test_os_disk_security_encryption000001","name":"cli_test_os_disk_security_encryption000001","type":"Microsoft.Resources/resourceGroups","location":"centraluseuap","tags":{"product":"azurecli","cause":"automation","date":"2022-06-30T11:37:48Z"},"properties":{"provisioningState":"Succeeded"}}'
    headers:
      cache-control:
      - no-cache
      content-length:
      - '369'
      content-type:
      - application/json; charset=utf-8
      date:
      - Thu, 30 Jun 2022 11:50:17 GMT
      expires:
      - '-1'
      pragma:
      - no-cache
      strict-transport-security:
      - max-age=31536000; includeSubDomains
      vary:
      - Accept-Encoding
      x-content-type-options:
      - nosniff
    status:
      code: 200
      message: OK
- request:
    body: null
    headers:
      Accept:
      - application/json
      Accept-Encoding:
      - gzip, deflate
      CommandName:
      - vm create
      Connection:
      - keep-alive
      ParameterSetName:
      - -n -g --size --security-type --image --admin-username --admin-password --enable-vtpm
        --enable-secure-boot
      User-Agent:
      - AZURECLI/2.37.0 azsdk-python-azure-mgmt-compute/27.1.0 Python/3.8.10 (Windows-10-10.0.22000-SP0)
    method: GET
    uri: https://management.azure.com/subscriptions/00000000-0000-0000-0000-000000000000/providers/Microsoft.Compute/locations/centraluseuap/publishers/MicrosoftWindowsServer/artifacttypes/vmimage/offers/WindowsServer/skus/2022-datacenter-smalldisk-g2/versions?$top=1&$orderby=name%20desc&api-version=2022-03-01
  response:
    body:
      string: "[\r\n  {\r\n    \"location\": \"CentralUSEUAP\",\r\n    \"name\": \"20348.768.220609\",\r\n
        \   \"id\": \"/Subscriptions/00000000-0000-0000-0000-000000000000/Providers/Microsoft.Compute/Locations/CentralUSEUAP/Publishers/MicrosoftWindowsServer/ArtifactTypes/VMImage/Offers/WindowsServer/Skus/2022-datacenter-smalldisk-g2/Versions/20348.768.220609\"\r\n
        \ }\r\n]"
    headers:
      cache-control:
      - no-cache
      content-length:
      - '335'
      content-type:
      - application/json; charset=utf-8
      date:
      - Thu, 30 Jun 2022 11:50:19 GMT
      expires:
      - '-1'
      pragma:
      - no-cache
      server:
      - Microsoft-HTTPAPI/2.0
      - Microsoft-HTTPAPI/2.0
      strict-transport-security:
      - max-age=31536000; includeSubDomains
      transfer-encoding:
      - chunked
      vary:
      - Accept-Encoding
      x-content-type-options:
      - nosniff
      x-ms-ratelimit-remaining-resource:
      - Microsoft.Compute/ListVMImagesVersionsFromLocation3Min;15999,Microsoft.Compute/ListVMImagesVersionsFromLocation30Min;43995
    status:
      code: 200
      message: OK
- request:
    body: null
    headers:
      Accept:
      - application/json
      Accept-Encoding:
      - gzip, deflate
      CommandName:
      - vm create
      Connection:
      - keep-alive
      ParameterSetName:
      - -n -g --size --security-type --image --admin-username --admin-password --enable-vtpm
        --enable-secure-boot
      User-Agent:
      - AZURECLI/2.37.0 azsdk-python-azure-mgmt-compute/27.1.0 Python/3.8.10 (Windows-10-10.0.22000-SP0)
    method: GET
    uri: https://management.azure.com/subscriptions/00000000-0000-0000-0000-000000000000/providers/Microsoft.Compute/locations/centraluseuap/publishers/MicrosoftWindowsServer/artifacttypes/vmimage/offers/WindowsServer/skus/2022-datacenter-smalldisk-g2/versions/20348.768.220609?api-version=2022-03-01
  response:
    body:
      string: "{\r\n  \"properties\": {\r\n    \"hyperVGeneration\": \"V2\",\r\n    \"architecture\":
        \"x64\",\r\n    \"replicaType\": \"Managed\",\r\n    \"replicaCount\": 10,\r\n
        \   \"disallowed\": {\r\n      \"vmDiskType\": \"Unmanaged\"\r\n    },\r\n
        \   \"automaticOSUpgradeProperties\": {\r\n      \"automaticOSUpgradeSupported\":
        false\r\n    },\r\n    \"imageDeprecationStatus\": {\r\n      \"imageState\":
        \"Active\"\r\n    },\r\n    \"features\": [\r\n      {\r\n        \"name\":
        \"SecurityType\",\r\n        \"value\": \"TrustedLaunchAndConfidentialVmSupported\"\r\n
        \     },\r\n      {\r\n        \"name\": \"IsAcceleratedNetworkSupported\",\r\n
        \       \"value\": \"True\"\r\n      },\r\n      {\r\n        \"name\": \"DiskControllerTypes\",\r\n
        \       \"value\": \"SCSI\"\r\n      },\r\n      {\r\n        \"name\": \"IsHibernateSupported\",\r\n
        \       \"value\": \"False\"\r\n      }\r\n    ],\r\n    \"osDiskImage\":
        {\r\n      \"operatingSystem\": \"Windows\",\r\n      \"sizeInGb\": 30\r\n
        \   },\r\n    \"dataDiskImages\": []\r\n  },\r\n  \"location\": \"CentralUSEUAP\",\r\n
        \ \"name\": \"20348.768.220609\",\r\n  \"id\": \"/Subscriptions/00000000-0000-0000-0000-000000000000/Providers/Microsoft.Compute/Locations/CentralUSEUAP/Publishers/MicrosoftWindowsServer/ArtifactTypes/VMImage/Offers/WindowsServer/Skus/2022-datacenter-smalldisk-g2/Versions/20348.768.220609\"\r\n}"
    headers:
      cache-control:
      - no-cache
      content-length:
      - '1200'
      content-type:
      - application/json; charset=utf-8
      date:
      - Thu, 30 Jun 2022 11:50:20 GMT
      expires:
      - '-1'
      pragma:
      - no-cache
      server:
      - Microsoft-HTTPAPI/2.0
      - Microsoft-HTTPAPI/2.0
      strict-transport-security:
      - max-age=31536000; includeSubDomains
      transfer-encoding:
      - chunked
      vary:
      - Accept-Encoding
      x-content-type-options:
      - nosniff
      x-ms-ratelimit-remaining-resource:
      - Microsoft.Compute/GetVMImageFromLocation3Min;12999,Microsoft.Compute/GetVMImageFromLocation30Min;73995
    status:
      code: 200
      message: OK
- request:
    body: null
    headers:
      Accept:
      - application/json
      Accept-Encoding:
      - gzip, deflate
      CommandName:
      - vm create
      Connection:
      - keep-alive
      ParameterSetName:
      - -n -g --size --security-type --image --admin-username --admin-password --enable-vtpm
        --enable-secure-boot --os-disk-security-encryption-type --os-disk-secure-vm-disk-encryption-set
      User-Agent:
      - AZURECLI/2.37.0 azsdk-python-azure-mgmt-resource/21.1.0b1 Python/3.8.10 (Windows-10-10.0.22000-SP0)
    method: GET
    uri: https://management.azure.com/subscriptions/00000000-0000-0000-0000-000000000000/resourcegroups/cli_test_os_disk_security_encryption000001?api-version=2021-04-01
  response:
    body:
      string: '{"id":"/subscriptions/00000000-0000-0000-0000-000000000000/resourceGroups/cli_test_os_disk_security_encryption000001","name":"cli_test_os_disk_security_encryption000001","type":"Microsoft.Resources/resourceGroups","location":"centraluseuap","tags":{"product":"azurecli","cause":"automation","date":"2022-06-30T11:37:48Z"},"properties":{"provisioningState":"Succeeded"}}'
    headers:
      cache-control:
      - no-cache
      content-length:
      - '369'
      content-type:
      - application/json; charset=utf-8
      date:
      - Thu, 30 Jun 2022 11:50:21 GMT
      expires:
      - '-1'
      pragma:
      - no-cache
      strict-transport-security:
      - max-age=31536000; includeSubDomains
      vary:
      - Accept-Encoding
      x-content-type-options:
      - nosniff
    status:
      code: 200
      message: OK
- request:
    body: null
    headers:
      Accept:
      - application/json
      Accept-Encoding:
      - gzip, deflate
      CommandName:
      - vm create
      Connection:
      - keep-alive
      ParameterSetName:
      - -n -g --size --security-type --image --admin-username --admin-password --enable-vtpm
        --enable-secure-boot --os-disk-security-encryption-type --os-disk-secure-vm-disk-encryption-set
      User-Agent:
      - AZURECLI/2.37.0 azsdk-python-azure-mgmt-compute/27.1.0 Python/3.8.10 (Windows-10-10.0.22000-SP0)
    method: GET
    uri: https://management.azure.com/subscriptions/00000000-0000-0000-0000-000000000000/providers/Microsoft.Compute/locations/centraluseuap/publishers/MicrosoftWindowsServer/artifacttypes/vmimage/offers/WindowsServer/skus/2022-datacenter-smalldisk-g2/versions?$top=1&$orderby=name%20desc&api-version=2022-03-01
  response:
    body:
      string: "[\r\n  {\r\n    \"location\": \"CentralUSEUAP\",\r\n    \"name\": \"20348.768.220609\",\r\n
        \   \"id\": \"/Subscriptions/00000000-0000-0000-0000-000000000000/Providers/Microsoft.Compute/Locations/CentralUSEUAP/Publishers/MicrosoftWindowsServer/ArtifactTypes/VMImage/Offers/WindowsServer/Skus/2022-datacenter-smalldisk-g2/Versions/20348.768.220609\"\r\n
        \ }\r\n]"
    headers:
      cache-control:
      - no-cache
      content-length:
      - '335'
      content-type:
      - application/json; charset=utf-8
      date:
      - Thu, 30 Jun 2022 11:50:22 GMT
      expires:
      - '-1'
      pragma:
      - no-cache
      server:
      - Microsoft-HTTPAPI/2.0
      - Microsoft-HTTPAPI/2.0
      strict-transport-security:
      - max-age=31536000; includeSubDomains
      transfer-encoding:
      - chunked
      vary:
      - Accept-Encoding
      x-content-type-options:
      - nosniff
      x-ms-ratelimit-remaining-resource:
      - Microsoft.Compute/ListVMImagesVersionsFromLocation3Min;15998,Microsoft.Compute/ListVMImagesVersionsFromLocation30Min;43994
    status:
      code: 200
      message: OK
- request:
    body: null
    headers:
      Accept:
      - application/json
      Accept-Encoding:
      - gzip, deflate
      CommandName:
      - vm create
      Connection:
      - keep-alive
      ParameterSetName:
      - -n -g --size --security-type --image --admin-username --admin-password --enable-vtpm
        --enable-secure-boot --os-disk-security-encryption-type --os-disk-secure-vm-disk-encryption-set
      User-Agent:
      - AZURECLI/2.37.0 azsdk-python-azure-mgmt-compute/27.1.0 Python/3.8.10 (Windows-10-10.0.22000-SP0)
    method: GET
    uri: https://management.azure.com/subscriptions/00000000-0000-0000-0000-000000000000/providers/Microsoft.Compute/locations/centraluseuap/publishers/MicrosoftWindowsServer/artifacttypes/vmimage/offers/WindowsServer/skus/2022-datacenter-smalldisk-g2/versions/20348.768.220609?api-version=2022-03-01
  response:
    body:
      string: "{\r\n  \"properties\": {\r\n    \"hyperVGeneration\": \"V2\",\r\n    \"architecture\":
        \"x64\",\r\n    \"replicaType\": \"Managed\",\r\n    \"replicaCount\": 10,\r\n
        \   \"disallowed\": {\r\n      \"vmDiskType\": \"Unmanaged\"\r\n    },\r\n
        \   \"automaticOSUpgradeProperties\": {\r\n      \"automaticOSUpgradeSupported\":
        false\r\n    },\r\n    \"imageDeprecationStatus\": {\r\n      \"imageState\":
        \"Active\"\r\n    },\r\n    \"features\": [\r\n      {\r\n        \"name\":
        \"SecurityType\",\r\n        \"value\": \"TrustedLaunchAndConfidentialVmSupported\"\r\n
        \     },\r\n      {\r\n        \"name\": \"IsAcceleratedNetworkSupported\",\r\n
        \       \"value\": \"True\"\r\n      },\r\n      {\r\n        \"name\": \"DiskControllerTypes\",\r\n
        \       \"value\": \"SCSI\"\r\n      },\r\n      {\r\n        \"name\": \"IsHibernateSupported\",\r\n
        \       \"value\": \"False\"\r\n      }\r\n    ],\r\n    \"osDiskImage\":
        {\r\n      \"operatingSystem\": \"Windows\",\r\n      \"sizeInGb\": 30\r\n
        \   },\r\n    \"dataDiskImages\": []\r\n  },\r\n  \"location\": \"CentralUSEUAP\",\r\n
        \ \"name\": \"20348.768.220609\",\r\n  \"id\": \"/Subscriptions/00000000-0000-0000-0000-000000000000/Providers/Microsoft.Compute/Locations/CentralUSEUAP/Publishers/MicrosoftWindowsServer/ArtifactTypes/VMImage/Offers/WindowsServer/Skus/2022-datacenter-smalldisk-g2/Versions/20348.768.220609\"\r\n}"
    headers:
      cache-control:
      - no-cache
      content-length:
      - '1200'
      content-type:
      - application/json; charset=utf-8
      date:
      - Thu, 30 Jun 2022 11:50:25 GMT
      expires:
      - '-1'
      pragma:
      - no-cache
      server:
      - Microsoft-HTTPAPI/2.0
      - Microsoft-HTTPAPI/2.0
      strict-transport-security:
      - max-age=31536000; includeSubDomains
      transfer-encoding:
      - chunked
      vary:
      - Accept-Encoding
      x-content-type-options:
      - nosniff
      x-ms-ratelimit-remaining-resource:
      - Microsoft.Compute/GetVMImageFromLocation3Min;12998,Microsoft.Compute/GetVMImageFromLocation30Min;73994
    status:
      code: 200
      message: OK
version: 1
