interactions:
- request:
    body: null
    headers:
      Accept:
      - application/json
      Accept-Encoding:
      - gzip, deflate
      CommandName:
      - sig create
      Connection:
      - keep-alive
      ParameterSetName:
      - -g --gallery-name --permissions --publisher-uri --publisher-email --eula --public-name-prefix
      User-Agent:
      - AZURECLI/2.50.0 azsdk-python-azure-mgmt-resource/23.1.0b2 Python/3.9.0 (Windows-10-10.0.19041-SP0)
    method: GET
    uri: https://management.azure.com/subscriptions/00000000-0000-0000-0000-000000000000/resourcegroups/clitest.rg000001?api-version=2022-09-01
  response:
    body:
      string: '{"id":"/subscriptions/00000000-0000-0000-0000-000000000000/resourceGroups/clitest.rg000001","name":"clitest.rg000001","type":"Microsoft.Resources/resourceGroups","location":"eastus2","tags":{"product":"azurecli","cause":"automation","test":"test_create_vm_with_community_gallery_image","date":"2023-07-20T08:45:56Z","module":"vm"},"properties":{"provisioningState":"Succeeded"}}'
    headers:
      cache-control:
      - no-cache
      connection:
      - close
      content-length:
      - '378'
      content-type:
      - application/json; charset=utf-8
      date:
      - Thu, 20 Jul 2023 08:45:50 GMT
      expires:
      - '-1'
      pragma:
      - no-cache
      strict-transport-security:
      - max-age=31536000; includeSubDomains
      vary:
      - Accept-Encoding
      x-content-type-options:
      - nosniff
    status:
      code: 200
      message: OK
- request:
    body: '{"location": "eastus2", "tags": {}, "properties": {"sharingProfile": {"permissions":
      "Community", "communityGalleryInfo": {"publisherUri": "puburi", "publisherContact":
      "abc@123.com", "eula": "eula", "publicNamePrefix": "pubname"}}}}'
    headers:
      Accept:
      - application/json
      Accept-Encoding:
      - gzip, deflate
      CommandName:
      - sig create
      Connection:
      - keep-alive
      Content-Length:
      - '233'
      Content-Type:
      - application/json
      ParameterSetName:
      - -g --gallery-name --permissions --publisher-uri --publisher-email --eula --public-name-prefix
      User-Agent:
      - AZURECLI/2.50.0 azsdk-python-azure-mgmt-compute/29.1.0 Python/3.9.0 (Windows-10-10.0.19041-SP0)
    method: PUT
    uri: https://management.azure.com/subscriptions/00000000-0000-0000-0000-000000000000/resourceGroups/clitest.rg000001/providers/Microsoft.Compute/galleries/gellery000005?api-version=2021-10-01
  response:
    body:
      string: "{\r\n  \"name\": \"gellery000005\",\r\n  \"id\": \"/subscriptions/00000000-0000-0000-0000-000000000000/resourceGroups/clitest.rg000001/providers/Microsoft.Compute/galleries/gellery000005\",\r\n
        \ \"type\": \"Microsoft.Compute/galleries\",\r\n  \"location\": \"eastus2\",\r\n
        \ \"tags\": {},\r\n  \"properties\": {\r\n    \"identifier\": {\r\n      \"uniqueName\":
        \"0b1f6471-1bf0-4dda-aec3-cb9272f09590-GELLERYOHM5QOKML\"\r\n    },\r\n    \"sharingProfile\":
        {\r\n      \"permissions\": \"Community\",\r\n      \"communityGalleryInfo\":
        {\r\n        \"communityGalleryEnabled\": false,\r\n        \"publisherUri\":
        \"puburi\",\r\n        \"publisherContact\": \"abc@123.com\",\r\n        \"eula\":
        \"eula\",\r\n        \"publicNamePrefix\": \"pubname\",\r\n        \"publicNames\":
        [\r\n          \"pubname-4f5ecce7-faf0-4cc3-b56b-8802a60d3456\"\r\n        ]\r\n
        \     }\r\n    },\r\n    \"provisioningState\": \"Creating\"\r\n  }\r\n}"
    headers:
      azure-asyncoperation:
      - https://management.azure.com/subscriptions/00000000-0000-0000-0000-000000000000/providers/Microsoft.Compute/locations/eastus2/capsOperations/48d7c925-afec-4086-967c-d6193b68b169?api-version=2021-10-01
      cache-control:
      - no-cache
      content-length:
      - '822'
      content-type:
      - application/json; charset=utf-8
      date:
      - Thu, 20 Jul 2023 08:45:57 GMT
      expires:
      - '-1'
      pragma:
      - no-cache
      server:
      - Microsoft-HTTPAPI/2.0
      - Microsoft-HTTPAPI/2.0
      strict-transport-security:
      - max-age=31536000; includeSubDomains
      x-content-type-options:
      - nosniff
      x-ms-ratelimit-remaining-resource:
      - Microsoft.Compute/CreateUpdateGallery3Min;49,Microsoft.Compute/CreateUpdateGallery30Min;298
      x-ms-ratelimit-remaining-subscription-writes:
      - '1199'
    status:
      code: 201
      message: Created
- request:
    body: null
    headers:
      Accept:
      - '*/*'
      Accept-Encoding:
      - gzip, deflate
      CommandName:
      - sig create
      Connection:
      - keep-alive
      ParameterSetName:
      - -g --gallery-name --permissions --publisher-uri --publisher-email --eula --public-name-prefix
      User-Agent:
      - AZURECLI/2.50.0 azsdk-python-azure-mgmt-compute/29.1.0 Python/3.9.0 (Windows-10-10.0.19041-SP0)
    method: GET
    uri: https://management.azure.com/subscriptions/00000000-0000-0000-0000-000000000000/providers/Microsoft.Compute/locations/eastus2/capsOperations/48d7c925-afec-4086-967c-d6193b68b169?api-version=2021-10-01
  response:
    body:
      string: "{\r\n  \"startTime\": \"2023-07-20T08:45:56.1950332+00:00\",\r\n  \"endTime\":
        \"2023-07-20T08:45:56.4762466+00:00\",\r\n  \"status\": \"Succeeded\",\r\n
        \ \"name\": \"48d7c925-afec-4086-967c-d6193b68b169\"\r\n}"
    headers:
      cache-control:
      - no-cache
      content-length:
      - '184'
      content-type:
      - application/json; charset=utf-8
      date:
      - Thu, 20 Jul 2023 08:45:58 GMT
      expires:
      - '-1'
      pragma:
      - no-cache
      server:
      - Microsoft-HTTPAPI/2.0
      - Microsoft-HTTPAPI/2.0
      strict-transport-security:
      - max-age=31536000; includeSubDomains
      transfer-encoding:
      - chunked
      vary:
      - Accept-Encoding
      x-content-type-options:
      - nosniff
      x-ms-ratelimit-remaining-resource:
      - Microsoft.Compute/GetOperationStatus3Min;1199,Microsoft.Compute/GetOperationStatus30Min;4195
    status:
      code: 200
      message: OK
- request:
    body: null
    headers:
      Accept:
      - '*/*'
      Accept-Encoding:
      - gzip, deflate
      CommandName:
      - sig create
      Connection:
      - keep-alive
      ParameterSetName:
      - -g --gallery-name --permissions --publisher-uri --publisher-email --eula --public-name-prefix
      User-Agent:
      - AZURECLI/2.50.0 azsdk-python-azure-mgmt-compute/29.1.0 Python/3.9.0 (Windows-10-10.0.19041-SP0)
    method: GET
    uri: https://management.azure.com/subscriptions/00000000-0000-0000-0000-000000000000/resourceGroups/clitest.rg000001/providers/Microsoft.Compute/galleries/gellery000005?api-version=2021-10-01
  response:
    body:
      string: "{\r\n  \"name\": \"gellery000005\",\r\n  \"id\": \"/subscriptions/00000000-0000-0000-0000-000000000000/resourceGroups/clitest.rg000001/providers/Microsoft.Compute/galleries/gellery000005\",\r\n
        \ \"type\": \"Microsoft.Compute/galleries\",\r\n  \"location\": \"eastus2\",\r\n
        \ \"tags\": {},\r\n  \"properties\": {\r\n    \"identifier\": {\r\n      \"uniqueName\":
        \"0b1f6471-1bf0-4dda-aec3-cb9272f09590-GELLERYOHM5QOKML\"\r\n    },\r\n    \"sharingProfile\":
        {\r\n      \"permissions\": \"Community\",\r\n      \"communityGalleryInfo\":
        {\r\n        \"communityGalleryEnabled\": false,\r\n        \"publisherUri\":
        \"puburi\",\r\n        \"publisherContact\": \"abc@123.com\",\r\n        \"eula\":
        \"eula\",\r\n        \"publicNamePrefix\": \"pubname\",\r\n        \"publicNames\":
        [\r\n          \"pubname-4f5ecce7-faf0-4cc3-b56b-8802a60d3456\"\r\n        ]\r\n
        \     }\r\n    },\r\n    \"provisioningState\": \"Succeeded\"\r\n  }\r\n}"
    headers:
      cache-control:
      - no-cache
      content-length:
      - '823'
      content-type:
      - application/json; charset=utf-8
      date:
      - Thu, 20 Jul 2023 08:45:58 GMT
      expires:
      - '-1'
      pragma:
      - no-cache
      server:
      - Microsoft-HTTPAPI/2.0
      - Microsoft-HTTPAPI/2.0
      strict-transport-security:
      - max-age=31536000; includeSubDomains
      transfer-encoding:
      - chunked
      vary:
      - Accept-Encoding
      x-content-type-options:
      - nosniff
      x-ms-ratelimit-remaining-resource:
      - Microsoft.Compute/GetGallery3Min;348,Microsoft.Compute/GetGallery30Min;2492
    status:
      code: 200
      message: OK
- request:
    body: '{"operationType": "EnableCommunity", "groups": []}'
    headers:
      Accept:
      - application/json
      Accept-Encoding:
      - gzip, deflate
      CommandName:
      - sig share enable-community
      Connection:
      - keep-alive
      Content-Length:
      - '50'
      Content-Type:
      - application/json
      ParameterSetName:
      - -r -g
      User-Agent:
      - AZURECLI/2.50.0 azsdk-python-azure-mgmt-compute/29.1.0 Python/3.9.0 (Windows-10-10.0.19041-SP0)
    method: POST
    uri: https://management.azure.com/subscriptions/00000000-0000-0000-0000-000000000000/resourceGroups/clitest.rg000001/providers/Microsoft.Compute/galleries/gellery000005/share?api-version=2022-03-03
  response:
    body:
      string: ''
    headers:
      azure-asyncoperation:
      - https://management.azure.com/subscriptions/00000000-0000-0000-0000-000000000000/providers/Microsoft.Compute/locations/eastus2/capsOperations/8fd9161d-12f2-41c9-af33-c130980416ae?api-version=2022-03-03
      cache-control:
      - no-cache
      content-length:
      - '0'
      date:
      - Thu, 20 Jul 2023 08:46:00 GMT
      expires:
      - '-1'
      location:
      - https://management.azure.com/subscriptions/00000000-0000-0000-0000-000000000000/providers/Microsoft.Compute/locations/eastus2/capsOperations/8fd9161d-12f2-41c9-af33-c130980416ae?monitor=true&api-version=2022-03-03
      pragma:
      - no-cache
      server:
      - Microsoft-HTTPAPI/2.0
      - Microsoft-HTTPAPI/2.0
      strict-transport-security:
      - max-age=31536000; includeSubDomains
      x-content-type-options:
      - nosniff
      x-ms-ratelimit-remaining-resource:
      - Microsoft.Compute/PostShareGallery3Min;9,Microsoft.Compute/PostShareGallery30Min;59
      x-ms-ratelimit-remaining-subscription-writes:
      - '1199'
    status:
      code: 202
      message: Accepted
- request:
    body: null
    headers:
      Accept:
      - '*/*'
      Accept-Encoding:
      - gzip, deflate
      CommandName:
      - sig share enable-community
      Connection:
      - keep-alive
      ParameterSetName:
      - -r -g
      User-Agent:
      - AZURECLI/2.50.0 azsdk-python-azure-mgmt-compute/29.1.0 Python/3.9.0 (Windows-10-10.0.19041-SP0)
    method: GET
    uri: https://management.azure.com/subscriptions/00000000-0000-0000-0000-000000000000/providers/Microsoft.Compute/locations/eastus2/capsOperations/8fd9161d-12f2-41c9-af33-c130980416ae?api-version=2022-03-03
  response:
    body:
      string: "{\r\n  \"startTime\": \"2023-07-20T08:46:01.4608931+00:00\",\r\n  \"endTime\":
        \"2023-07-20T08:46:01.6796482+00:00\",\r\n  \"status\": \"Succeeded\",\r\n
        \ \"name\": \"8fd9161d-12f2-41c9-af33-c130980416ae\"\r\n}"
    headers:
      cache-control:
      - no-cache
      content-length:
      - '184'
      content-type:
      - application/json; charset=utf-8
      date:
      - Thu, 20 Jul 2023 08:46:01 GMT
      expires:
      - '-1'
      pragma:
      - no-cache
      server:
      - Microsoft-HTTPAPI/2.0
      - Microsoft-HTTPAPI/2.0
      strict-transport-security:
      - max-age=31536000; includeSubDomains
      transfer-encoding:
      - chunked
      vary:
      - Accept-Encoding
      x-content-type-options:
      - nosniff
      x-ms-ratelimit-remaining-resource:
      - Microsoft.Compute/GetOperationStatus3Min;1198,Microsoft.Compute/GetOperationStatus30Min;4194
    status:
      code: 200
      message: OK
- request:
    body: null
    headers:
      Accept:
      - '*/*'
      Accept-Encoding:
      - gzip, deflate
      CommandName:
      - sig share enable-community
      Connection:
      - keep-alive
      ParameterSetName:
      - -r -g
      User-Agent:
      - AZURECLI/2.50.0 azsdk-python-azure-mgmt-compute/29.1.0 Python/3.9.0 (Windows-10-10.0.19041-SP0)
    method: GET
    uri: https://management.azure.com/subscriptions/00000000-0000-0000-0000-000000000000/providers/Microsoft.Compute/locations/eastus2/capsOperations/8fd9161d-12f2-41c9-af33-c130980416ae?monitor=true&api-version=2022-03-03
  response:
    body:
      string: ''
    headers:
      cache-control:
      - no-cache
      content-length:
      - '0'
      date:
      - Thu, 20 Jul 2023 08:46:01 GMT
      expires:
      - '-1'
      pragma:
      - no-cache
      server:
      - Microsoft-HTTPAPI/2.0
      - Microsoft-HTTPAPI/2.0
      strict-transport-security:
      - max-age=31536000; includeSubDomains
      x-content-type-options:
      - nosniff
      x-ms-ratelimit-remaining-resource:
      - Microsoft.Compute/GetOperationStatus3Min;1197,Microsoft.Compute/GetOperationStatus30Min;4193
    status:
      code: 200
      message: OK
- request:
    body: null
    headers:
      Accept:
      - application/json
      Accept-Encoding:
      - gzip, deflate
      CommandName:
      - sig image-definition create
      Connection:
      - keep-alive
      ParameterSetName:
      - -g --gallery-name --gallery-image-definition --os-type -p -f -s
      User-Agent:
      - AZURECLI/2.50.0 azsdk-python-azure-mgmt-resource/23.1.0b2 Python/3.9.0 (Windows-10-10.0.19041-SP0)
    method: GET
    uri: https://management.azure.com/subscriptions/00000000-0000-0000-0000-000000000000/resourcegroups/clitest.rg000001?api-version=2022-09-01
  response:
    body:
      string: '{"id":"/subscriptions/00000000-0000-0000-0000-000000000000/resourceGroups/clitest.rg000001","name":"clitest.rg000001","type":"Microsoft.Resources/resourceGroups","location":"eastus2","tags":{"product":"azurecli","cause":"automation","test":"test_create_vm_with_community_gallery_image","date":"2023-07-20T08:45:56Z","module":"vm"},"properties":{"provisioningState":"Succeeded"}}'
    headers:
      cache-control:
      - no-cache
      content-length:
      - '378'
      content-type:
      - application/json; charset=utf-8
      date:
      - Thu, 20 Jul 2023 08:46:03 GMT
      expires:
      - '-1'
      pragma:
      - no-cache
      strict-transport-security:
      - max-age=31536000; includeSubDomains
      vary:
      - Accept-Encoding
      x-content-type-options:
      - nosniff
    status:
      code: 200
      message: OK
- request:
    body: '{"location": "eastus2", "tags": {}, "properties": {"osType": "Linux", "osState":
      "Generalized", "hyperVGeneration": "V1", "identifier": {"publisher": "publisher1",
      "offer": "offer1", "sku": "sku1"}, "disallowed": {}}}'
    headers:
      Accept:
      - application/json
      Accept-Encoding:
      - gzip, deflate
      CommandName:
      - sig image-definition create
      Connection:
      - keep-alive
      Content-Length:
      - '217'
      Content-Type:
      - application/json
      ParameterSetName:
      - -g --gallery-name --gallery-image-definition --os-type -p -f -s
      User-Agent:
      - AZURECLI/2.50.0 azsdk-python-azure-mgmt-compute/29.1.0 Python/3.9.0 (Windows-10-10.0.19041-SP0)
    method: PUT
    uri: https://management.azure.com/subscriptions/00000000-0000-0000-0000-000000000000/resourceGroups/clitest.rg000001/providers/Microsoft.Compute/galleries/gellery000005/images/image000006?api-version=2021-10-01
  response:
    body:
      string: "{\r\n  \"name\": \"image000006\",\r\n  \"id\": \"/subscriptions/00000000-0000-0000-0000-000000000000/resourceGroups/clitest.rg000001/providers/Microsoft.Compute/galleries/gellery000005/images/image000006\",\r\n
        \ \"type\": \"Microsoft.Compute/galleries/images\",\r\n  \"location\": \"eastus2\",\r\n
        \ \"tags\": {},\r\n  \"properties\": {\r\n    \"hyperVGeneration\": \"V1\",\r\n
        \   \"architecture\": \"x64\",\r\n    \"osType\": \"Linux\",\r\n    \"osState\":
        \"Generalized\",\r\n    \"identifier\": {\r\n      \"publisher\": \"publisher1\",\r\n
        \     \"offer\": \"offer1\",\r\n      \"sku\": \"sku1\"\r\n    },\r\n    \"provisioningState\":
        \"Creating\"\r\n  }\r\n}"
    headers:
      azure-asyncoperation:
      - https://management.azure.com/subscriptions/00000000-0000-0000-0000-000000000000/providers/Microsoft.Compute/locations/eastus2/capsOperations/f85146b7-0e22-4799-be39-d4ca3ededf0e?api-version=2021-10-01
      cache-control:
      - no-cache
      content-length:
      - '572'
      content-type:
      - application/json; charset=utf-8
      date:
      - Thu, 20 Jul 2023 08:46:10 GMT
      expires:
      - '-1'
      pragma:
      - no-cache
      server:
      - Microsoft-HTTPAPI/2.0
      - Microsoft-HTTPAPI/2.0
      strict-transport-security:
      - max-age=31536000; includeSubDomains
      x-content-type-options:
      - nosniff
      x-ms-ratelimit-remaining-resource:
      - Microsoft.Compute/CreateUpdateGalleryImage3Min;149,Microsoft.Compute/CreateUpdateGalleryImage30Min;748
      x-ms-ratelimit-remaining-subscription-writes:
      - '1198'
    status:
      code: 201
      message: Created
- request:
    body: null
    headers:
      Accept:
      - '*/*'
      Accept-Encoding:
      - gzip, deflate
      CommandName:
      - sig image-definition create
      Connection:
      - keep-alive
      ParameterSetName:
      - -g --gallery-name --gallery-image-definition --os-type -p -f -s
      User-Agent:
      - AZURECLI/2.50.0 azsdk-python-azure-mgmt-compute/29.1.0 Python/3.9.0 (Windows-10-10.0.19041-SP0)
    method: GET
    uri: https://management.azure.com/subscriptions/00000000-0000-0000-0000-000000000000/providers/Microsoft.Compute/locations/eastus2/capsOperations/f85146b7-0e22-4799-be39-d4ca3ededf0e?api-version=2021-10-01
  response:
    body:
      string: "{\r\n  \"startTime\": \"2023-07-20T08:46:08.1487129+00:00\",\r\n  \"endTime\":
        \"2023-07-20T08:46:08.2268415+00:00\",\r\n  \"status\": \"Succeeded\",\r\n
        \ \"name\": \"f85146b7-0e22-4799-be39-d4ca3ededf0e\"\r\n}"
    headers:
      cache-control:
      - no-cache
      content-length:
      - '184'
      content-type:
      - application/json; charset=utf-8
      date:
      - Thu, 20 Jul 2023 08:46:10 GMT
      expires:
      - '-1'
      pragma:
      - no-cache
      server:
      - Microsoft-HTTPAPI/2.0
      - Microsoft-HTTPAPI/2.0
      strict-transport-security:
      - max-age=31536000; includeSubDomains
      transfer-encoding:
      - chunked
      vary:
      - Accept-Encoding
      x-content-type-options:
      - nosniff
      x-ms-ratelimit-remaining-resource:
      - Microsoft.Compute/GetOperationStatus3Min;1196,Microsoft.Compute/GetOperationStatus30Min;4192
    status:
      code: 200
      message: OK
- request:
    body: null
    headers:
      Accept:
      - '*/*'
      Accept-Encoding:
      - gzip, deflate
      CommandName:
      - sig image-definition create
      Connection:
      - keep-alive
      ParameterSetName:
      - -g --gallery-name --gallery-image-definition --os-type -p -f -s
      User-Agent:
      - AZURECLI/2.50.0 azsdk-python-azure-mgmt-compute/29.1.0 Python/3.9.0 (Windows-10-10.0.19041-SP0)
    method: GET
    uri: https://management.azure.com/subscriptions/00000000-0000-0000-0000-000000000000/resourceGroups/clitest.rg000001/providers/Microsoft.Compute/galleries/gellery000005/images/image000006?api-version=2021-10-01
  response:
    body:
      string: "{\r\n  \"name\": \"image000006\",\r\n  \"id\": \"/subscriptions/00000000-0000-0000-0000-000000000000/resourceGroups/clitest.rg000001/providers/Microsoft.Compute/galleries/gellery000005/images/image000006\",\r\n
        \ \"type\": \"Microsoft.Compute/galleries/images\",\r\n  \"location\": \"eastus2\",\r\n
        \ \"tags\": {},\r\n  \"properties\": {\r\n    \"hyperVGeneration\": \"V1\",\r\n
        \   \"architecture\": \"x64\",\r\n    \"osType\": \"Linux\",\r\n    \"osState\":
        \"Generalized\",\r\n    \"identifier\": {\r\n      \"publisher\": \"publisher1\",\r\n
        \     \"offer\": \"offer1\",\r\n      \"sku\": \"sku1\"\r\n    },\r\n    \"provisioningState\":
        \"Succeeded\"\r\n  }\r\n}"
    headers:
      cache-control:
      - no-cache
      content-length:
      - '573'
      content-type:
      - application/json; charset=utf-8
      date:
      - Thu, 20 Jul 2023 08:46:11 GMT
      expires:
      - '-1'
      pragma:
      - no-cache
      server:
      - Microsoft-HTTPAPI/2.0
      - Microsoft-HTTPAPI/2.0
      strict-transport-security:
      - max-age=31536000; includeSubDomains
      transfer-encoding:
      - chunked
      vary:
      - Accept-Encoding
      x-content-type-options:
      - nosniff
      x-ms-ratelimit-remaining-resource:
      - Microsoft.Compute/GetGalleryImage3Min;598,Microsoft.Compute/GetGalleryImage30Min;2992
    status:
      code: 200
      message: OK
- request:
    body: null
    headers:
      Accept:
      - application/json
      Accept-Encoding:
      - gzip, deflate
      CommandName:
      - vm create
      Connection:
      - keep-alive
      ParameterSetName:
      - -g -n --image --admin-username --generate-ssh-keys --nsg-rule
      User-Agent:
      - AZURECLI/2.50.0 azsdk-python-azure-mgmt-resource/23.1.0b2 Python/3.9.0 (Windows-10-10.0.19041-SP0)
    method: GET
    uri: https://management.azure.com/subscriptions/00000000-0000-0000-0000-000000000000/resourcegroups/clitest.rg000001?api-version=2022-09-01
  response:
    body:
      string: '{"id":"/subscriptions/00000000-0000-0000-0000-000000000000/resourceGroups/clitest.rg000001","name":"clitest.rg000001","type":"Microsoft.Resources/resourceGroups","location":"eastus2","tags":{"product":"azurecli","cause":"automation","test":"test_create_vm_with_community_gallery_image","date":"2023-07-20T08:45:56Z","module":"vm"},"properties":{"provisioningState":"Succeeded"}}'
    headers:
      cache-control:
      - no-cache
      content-length:
      - '378'
      content-type:
      - application/json; charset=utf-8
      date:
      - Thu, 20 Jul 2023 08:46:12 GMT
      expires:
      - '-1'
      pragma:
      - no-cache
      strict-transport-security:
      - max-age=31536000; includeSubDomains
      vary:
      - Accept-Encoding
      x-content-type-options:
      - nosniff
    status:
      code: 200
      message: OK
- request:
    body: null
    headers:
      Accept:
      - application/json
      Accept-Encoding:
      - gzip, deflate
      CommandName:
      - vm create
      Connection:
      - keep-alive
      ParameterSetName:
      - -g -n --image --admin-username --generate-ssh-keys --nsg-rule
      User-Agent:
      - AZURECLI/2.50.0 azsdk-python-azure-mgmt-compute/29.1.0 Python/3.9.0 (Windows-10-10.0.19041-SP0)
    method: GET
    uri: https://management.azure.com/subscriptions/00000000-0000-0000-0000-000000000000/providers/Microsoft.Compute/locations/eastus2/publishers/Canonical/artifacttypes/vmimage/offers/UbuntuServer/skus/18.04-LTS/versions?$top=1&$orderby=name%20desc&api-version=2022-11-01
  response:
    body:
      string: "[\r\n  {\r\n    \"location\": \"eastus2\",\r\n    \"name\": \"18.04.202306070\",\r\n
        \   \"id\": \"/Subscriptions/00000000-0000-0000-0000-000000000000/Providers/Microsoft.Compute/Locations/eastus2/Publishers/Canonical/ArtifactTypes/VMImage/Offers/UbuntuServer/Skus/18.04-LTS/Versions/18.04.202306070\"\r\n
        \ }\r\n]"
    headers:
      cache-control:
      - no-cache
      content-length:
      - '288'
      content-type:
      - application/json; charset=utf-8
      date:
      - Thu, 20 Jul 2023 08:46:13 GMT
      expires:
      - '-1'
      pragma:
      - no-cache
      server:
      - Microsoft-HTTPAPI/2.0
      - Microsoft-HTTPAPI/2.0
      strict-transport-security:
      - max-age=31536000; includeSubDomains
      transfer-encoding:
      - chunked
      vary:
      - Accept-Encoding
      x-content-type-options:
      - nosniff
      x-ms-ratelimit-remaining-resource:
      - Microsoft.Compute/ListVMImagesVersionsFromLocation3Min;15999,Microsoft.Compute/ListVMImagesVersionsFromLocation30Min;43994
    status:
      code: 200
      message: OK
- request:
    body: null
    headers:
      Accept:
      - application/json
      Accept-Encoding:
      - gzip, deflate
      CommandName:
      - vm create
      Connection:
      - keep-alive
      ParameterSetName:
      - -g -n --image --admin-username --generate-ssh-keys --nsg-rule
      User-Agent:
      - AZURECLI/2.50.0 azsdk-python-azure-mgmt-compute/29.1.0 Python/3.9.0 (Windows-10-10.0.19041-SP0)
    method: GET
    uri: https://management.azure.com/subscriptions/00000000-0000-0000-0000-000000000000/providers/Microsoft.Compute/locations/eastus2/publishers/Canonical/artifacttypes/vmimage/offers/UbuntuServer/skus/18.04-LTS/versions/18.04.202306070?api-version=2022-11-01
  response:
    body:
      string: "{\r\n  \"properties\": {\r\n    \"hyperVGeneration\": \"V1\",\r\n    \"architecture\":
        \"x64\",\r\n    \"replicaType\": \"Unmanaged\",\r\n    \"disallowed\": {\r\n
        \     \"vmDiskType\": \"None\"\r\n    },\r\n    \"automaticOSUpgradeProperties\":
        {\r\n      \"automaticOSUpgradeSupported\": true\r\n    },\r\n    \"imageDeprecationStatus\":
        {\r\n      \"imageState\": \"Active\"\r\n    },\r\n    \"features\": [\r\n
        \     {\r\n        \"name\": \"IsAcceleratedNetworkSupported\",\r\n        \"value\":
        \"True\"\r\n      },\r\n      {\r\n        \"name\": \"DiskControllerTypes\",\r\n
        \       \"value\": \"SCSI, NVMe\"\r\n      },\r\n      {\r\n        \"name\":
        \"IsHibernateSupported\",\r\n        \"value\": \"True\"\r\n      }\r\n    ],\r\n
        \   \"osDiskImage\": {\r\n      \"operatingSystem\": \"Linux\",\r\n      \"sizeInGb\":
        31,\r\n      \"sizeInBytes\": 32213303808\r\n    },\r\n    \"dataDiskImages\":
        []\r\n  },\r\n  \"location\": \"eastus2\",\r\n  \"name\": \"18.04.202306070\",\r\n
        \ \"id\": \"/Subscriptions/00000000-0000-0000-0000-000000000000/Providers/Microsoft.Compute/Locations/eastus2/Publishers/Canonical/ArtifactTypes/VMImage/Offers/UbuntuServer/Skus/18.04-LTS/Versions/18.04.202306070\"\r\n}"
    headers:
      cache-control:
      - no-cache
      content-length:
      - '1050'
      content-type:
      - application/json; charset=utf-8
      date:
      - Thu, 20 Jul 2023 08:46:15 GMT
      expires:
      - '-1'
      pragma:
      - no-cache
      server:
      - Microsoft-HTTPAPI/2.0
      - Microsoft-HTTPAPI/2.0
      strict-transport-security:
      - max-age=31536000; includeSubDomains
      transfer-encoding:
      - chunked
      vary:
      - Accept-Encoding
      x-content-type-options:
      - nosniff
      x-ms-ratelimit-remaining-resource:
      - Microsoft.Compute/GetVMImageFromLocation3Min;12999,Microsoft.Compute/GetVMImageFromLocation30Min;73995
    status:
      code: 200
      message: OK
- request:
    body: null
    headers:
      Accept:
      - application/json
      Accept-Encoding:
      - gzip, deflate
      CommandName:
      - vm create
      Connection:
      - keep-alive
      ParameterSetName:
      - -g -n --image --admin-username --generate-ssh-keys --nsg-rule
      User-Agent:
      - AZURECLI/2.50.0 (AAZ) azsdk-python-core/1.26.0 Python/3.9.0 (Windows-10-10.0.19041-SP0)
    method: GET
    uri: https://management.azure.com/subscriptions/00000000-0000-0000-0000-000000000000/resourceGroups/clitest.rg000001/providers/Microsoft.Network/virtualNetworks?api-version=2022-01-01
  response:
    body:
      string: '{"value":[]}'
    headers:
      cache-control:
      - no-cache
      content-length:
      - '12'
      content-type:
      - application/json; charset=utf-8
      date:
      - Thu, 20 Jul 2023 08:46:15 GMT
      expires:
      - '-1'
      pragma:
      - no-cache
      strict-transport-security:
      - max-age=31536000; includeSubDomains
      vary:
      - Accept-Encoding
      x-content-type-options:
      - nosniff
    status:
      code: 200
      message: OK
- request:
    body: null
    headers:
      Accept:
      - application/json
      Accept-Encoding:
      - gzip, deflate
      CommandName:
      - vm create
      Connection:
      - keep-alive
      ParameterSetName:
      - -g -n --image --admin-username --generate-ssh-keys --nsg-rule
      User-Agent:
      - AZURECLI/2.50.0 azsdk-python-azure-mgmt-compute/29.1.0 Python/3.9.0 (Windows-10-10.0.19041-SP0)
    method: GET
    uri: https://management.azure.com/subscriptions/00000000-0000-0000-0000-000000000000/providers/Microsoft.Compute/locations/eastus2/publishers/Canonical/artifacttypes/vmimage/offers/UbuntuServer/skus/18.04-LTS/versions?$top=1&$orderby=name%20desc&api-version=2022-11-01
  response:
    body:
      string: "[\r\n  {\r\n    \"location\": \"eastus2\",\r\n    \"name\": \"18.04.202306070\",\r\n
        \   \"id\": \"/Subscriptions/00000000-0000-0000-0000-000000000000/Providers/Microsoft.Compute/Locations/eastus2/Publishers/Canonical/ArtifactTypes/VMImage/Offers/UbuntuServer/Skus/18.04-LTS/Versions/18.04.202306070\"\r\n
        \ }\r\n]"
    headers:
      cache-control:
      - no-cache
      content-length:
      - '288'
      content-type:
      - application/json; charset=utf-8
      date:
      - Thu, 20 Jul 2023 08:46:17 GMT
      expires:
      - '-1'
      pragma:
      - no-cache
      server:
      - Microsoft-HTTPAPI/2.0
      - Microsoft-HTTPAPI/2.0
      strict-transport-security:
      - max-age=31536000; includeSubDomains
      transfer-encoding:
      - chunked
      vary:
      - Accept-Encoding
      x-content-type-options:
      - nosniff
      x-ms-ratelimit-remaining-resource:
      - Microsoft.Compute/ListVMImagesVersionsFromLocation3Min;15998,Microsoft.Compute/ListVMImagesVersionsFromLocation30Min;43993
    status:
      code: 200
      message: OK
- request:
    body: null
    headers:
      Accept:
      - application/json
      Accept-Encoding:
      - gzip, deflate
      CommandName:
      - vm create
      Connection:
      - keep-alive
      ParameterSetName:
      - -g -n --image --admin-username --generate-ssh-keys --nsg-rule
      User-Agent:
      - AZURECLI/2.50.0 azsdk-python-azure-mgmt-compute/29.1.0 Python/3.9.0 (Windows-10-10.0.19041-SP0)
    method: GET
    uri: https://management.azure.com/subscriptions/00000000-0000-0000-0000-000000000000/providers/Microsoft.Compute/locations/eastus2/publishers/Canonical/artifacttypes/vmimage/offers/UbuntuServer/skus/18.04-LTS/versions/18.04.202306070?api-version=2022-11-01
  response:
    body:
      string: "{\r\n  \"properties\": {\r\n    \"hyperVGeneration\": \"V1\",\r\n    \"architecture\":
        \"x64\",\r\n    \"replicaType\": \"Unmanaged\",\r\n    \"disallowed\": {\r\n
        \     \"vmDiskType\": \"None\"\r\n    },\r\n    \"automaticOSUpgradeProperties\":
        {\r\n      \"automaticOSUpgradeSupported\": true\r\n    },\r\n    \"imageDeprecationStatus\":
        {\r\n      \"imageState\": \"Active\"\r\n    },\r\n    \"features\": [\r\n
        \     {\r\n        \"name\": \"IsAcceleratedNetworkSupported\",\r\n        \"value\":
        \"True\"\r\n      },\r\n      {\r\n        \"name\": \"DiskControllerTypes\",\r\n
        \       \"value\": \"SCSI, NVMe\"\r\n      },\r\n      {\r\n        \"name\":
        \"IsHibernateSupported\",\r\n        \"value\": \"True\"\r\n      }\r\n    ],\r\n
        \   \"osDiskImage\": {\r\n      \"operatingSystem\": \"Linux\",\r\n      \"sizeInGb\":
        31,\r\n      \"sizeInBytes\": 32213303808\r\n    },\r\n    \"dataDiskImages\":
        []\r\n  },\r\n  \"location\": \"eastus2\",\r\n  \"name\": \"18.04.202306070\",\r\n
        \ \"id\": \"/Subscriptions/00000000-0000-0000-0000-000000000000/Providers/Microsoft.Compute/Locations/eastus2/Publishers/Canonical/ArtifactTypes/VMImage/Offers/UbuntuServer/Skus/18.04-LTS/Versions/18.04.202306070\"\r\n}"
    headers:
      cache-control:
      - no-cache
      content-length:
      - '1050'
      content-type:
      - application/json; charset=utf-8
      date:
      - Thu, 20 Jul 2023 08:46:18 GMT
      expires:
      - '-1'
      pragma:
      - no-cache
      server:
      - Microsoft-HTTPAPI/2.0
      - Microsoft-HTTPAPI/2.0
      strict-transport-security:
      - max-age=31536000; includeSubDomains
      transfer-encoding:
      - chunked
      vary:
      - Accept-Encoding
      x-content-type-options:
      - nosniff
      x-ms-ratelimit-remaining-resource:
      - Microsoft.Compute/GetVMImageFromLocation3Min;12998,Microsoft.Compute/GetVMImageFromLocation30Min;73994
    status:
      code: 200
      message: OK
- request:
    body: null
    headers:
      Accept:
      - application/json
      Accept-Encoding:
      - gzip, deflate
      CommandName:
      - vm create
      Connection:
      - keep-alive
      ParameterSetName:
      - -g -n --image --admin-username --generate-ssh-keys --nsg-rule
      User-Agent:
      - AZURECLI/2.50.0 azsdk-python-azure-mgmt-compute/29.1.0 Python/3.9.0 (Windows-10-10.0.19041-SP0)
    method: GET
    uri: https://management.azure.com/subscriptions/00000000-0000-0000-0000-000000000000/providers/Microsoft.Compute/locations/eastus2/publishers/Canonical/artifacttypes/vmimage/offers/UbuntuServer/skus/18.04-LTS/versions?$top=1&$orderby=name%20desc&api-version=2022-11-01
  response:
    body:
      string: "[\r\n  {\r\n    \"location\": \"eastus2\",\r\n    \"name\": \"18.04.202306070\",\r\n
        \   \"id\": \"/Subscriptions/00000000-0000-0000-0000-000000000000/Providers/Microsoft.Compute/Locations/eastus2/Publishers/Canonical/ArtifactTypes/VMImage/Offers/UbuntuServer/Skus/18.04-LTS/Versions/18.04.202306070\"\r\n
        \ }\r\n]"
    headers:
      cache-control:
      - no-cache
      content-length:
      - '288'
      content-type:
      - application/json; charset=utf-8
      date:
      - Thu, 20 Jul 2023 08:46:20 GMT
      expires:
      - '-1'
      pragma:
      - no-cache
      server:
      - Microsoft-HTTPAPI/2.0
      - Microsoft-HTTPAPI/2.0
      strict-transport-security:
      - max-age=31536000; includeSubDomains
      transfer-encoding:
      - chunked
      vary:
      - Accept-Encoding
      x-content-type-options:
      - nosniff
      x-ms-ratelimit-remaining-resource:
      - Microsoft.Compute/ListVMImagesVersionsFromLocation3Min;15997,Microsoft.Compute/ListVMImagesVersionsFromLocation30Min;43992
    status:
      code: 200
      message: OK
- request:
    body: null
    headers:
      Accept:
      - application/json
      Accept-Encoding:
      - gzip, deflate
      CommandName:
      - vm create
      Connection:
      - keep-alive
      ParameterSetName:
      - -g -n --image --admin-username --generate-ssh-keys --nsg-rule
      User-Agent:
      - AZURECLI/2.50.0 azsdk-python-azure-mgmt-compute/29.1.0 Python/3.9.0 (Windows-10-10.0.19041-SP0)
    method: GET
    uri: https://management.azure.com/subscriptions/00000000-0000-0000-0000-000000000000/providers/Microsoft.Compute/locations/eastus2/publishers/Canonical/artifacttypes/vmimage/offers/UbuntuServer/skus/18.04-LTS/versions/18.04.202306070?api-version=2022-11-01
  response:
    body:
      string: "{\r\n  \"properties\": {\r\n    \"hyperVGeneration\": \"V1\",\r\n    \"architecture\":
        \"x64\",\r\n    \"replicaType\": \"Unmanaged\",\r\n    \"disallowed\": {\r\n
        \     \"vmDiskType\": \"None\"\r\n    },\r\n    \"automaticOSUpgradeProperties\":
        {\r\n      \"automaticOSUpgradeSupported\": true\r\n    },\r\n    \"imageDeprecationStatus\":
        {\r\n      \"imageState\": \"Active\"\r\n    },\r\n    \"features\": [\r\n
        \     {\r\n        \"name\": \"IsAcceleratedNetworkSupported\",\r\n        \"value\":
        \"True\"\r\n      },\r\n      {\r\n        \"name\": \"DiskControllerTypes\",\r\n
        \       \"value\": \"SCSI, NVMe\"\r\n      },\r\n      {\r\n        \"name\":
        \"IsHibernateSupported\",\r\n        \"value\": \"True\"\r\n      }\r\n    ],\r\n
        \   \"osDiskImage\": {\r\n      \"operatingSystem\": \"Linux\",\r\n      \"sizeInGb\":
        31,\r\n      \"sizeInBytes\": 32213303808\r\n    },\r\n    \"dataDiskImages\":
        []\r\n  },\r\n  \"location\": \"eastus2\",\r\n  \"name\": \"18.04.202306070\",\r\n
        \ \"id\": \"/Subscriptions/00000000-0000-0000-0000-000000000000/Providers/Microsoft.Compute/Locations/eastus2/Publishers/Canonical/ArtifactTypes/VMImage/Offers/UbuntuServer/Skus/18.04-LTS/Versions/18.04.202306070\"\r\n}"
    headers:
      cache-control:
      - no-cache
      content-length:
      - '1050'
      content-type:
      - application/json; charset=utf-8
      date:
      - Thu, 20 Jul 2023 08:46:22 GMT
      expires:
      - '-1'
      pragma:
      - no-cache
      server:
      - Microsoft-HTTPAPI/2.0
      - Microsoft-HTTPAPI/2.0
      strict-transport-security:
      - max-age=31536000; includeSubDomains
      transfer-encoding:
      - chunked
      vary:
      - Accept-Encoding
      x-content-type-options:
      - nosniff
      x-ms-ratelimit-remaining-resource:
      - Microsoft.Compute/GetVMImageFromLocation3Min;12997,Microsoft.Compute/GetVMImageFromLocation30Min;73993
    status:
      code: 200
      message: OK
- request:
    body: '{"properties": {"template": {"$schema": "https://schema.management.azure.com/schemas/2015-01-01/deploymentTemplate.json#",
      "contentVersion": "1.0.0.0", "parameters": {}, "variables": {}, "resources":
      [{"name": "vm000002VNET", "type": "Microsoft.Network/virtualNetworks", "location":
      "eastus2", "apiVersion": "2015-06-15", "dependsOn": [], "tags": {}, "properties":
      {"addressSpace": {"addressPrefixes": ["10.0.0.0/16"]}, "subnets": [{"name":
      "vm000002Subnet", "properties": {"addressPrefix": "10.0.0.0/24"}}]}}, {"type":
      "Microsoft.Network/networkSecurityGroups", "name": "vm000002NSG", "apiVersion":
      "2015-06-15", "location": "eastus2", "tags": {}, "dependsOn": []}, {"apiVersion":
      "2022-01-01", "type": "Microsoft.Network/publicIPAddresses", "name": "vm000002PublicIP",
      "location": "eastus2", "tags": {}, "dependsOn": [], "properties": {"publicIPAllocationMethod":
      null}}, {"apiVersion": "2015-06-15", "type": "Microsoft.Network/networkInterfaces",
      "name": "vm000002VMNic", "location": "eastus2", "tags": {}, "dependsOn": ["Microsoft.Network/virtualNetworks/vm000002VNET",
      "Microsoft.Network/networkSecurityGroups/vm000002NSG", "Microsoft.Network/publicIpAddresses/vm000002PublicIP"],
      "properties": {"ipConfigurations": [{"name": "ipconfigvm000002", "properties":
      {"privateIPAllocationMethod": "Dynamic", "subnet": {"id": "/subscriptions/00000000-0000-0000-0000-000000000000/resourceGroups/clitest.rg000001/providers/Microsoft.Network/virtualNetworks/vm000002VNET/subnets/vm000002Subnet"},
      "publicIPAddress": {"id": "/subscriptions/00000000-0000-0000-0000-000000000000/resourceGroups/clitest.rg000001/providers/Microsoft.Network/publicIPAddresses/vm000002PublicIP"}}}],
      "networkSecurityGroup": {"id": "/subscriptions/00000000-0000-0000-0000-000000000000/resourceGroups/clitest.rg000001/providers/Microsoft.Network/networkSecurityGroups/vm000002NSG"}}},
      {"apiVersion": "2022-11-01", "type": "Microsoft.Compute/virtualMachines", "name":
      "vm000002", "location": "eastus2", "tags": {}, "dependsOn": ["Microsoft.Network/networkInterfaces/vm000002VMNic"],
      "properties": {"hardwareProfile": {"vmSize": "Standard_DS1_v2"}, "networkProfile":
      {"networkInterfaces": [{"id": "/subscriptions/00000000-0000-0000-0000-000000000000/resourceGroups/clitest.rg000001/providers/Microsoft.Network/networkInterfaces/vm000002VMNic",
      "properties": {"deleteOption": null}}]}, "storageProfile": {"osDisk": {"createOption":
      "fromImage", "name": null, "caching": "ReadWrite", "managedDisk": {"storageAccountType":
      null}}, "imageReference": {"publisher": "Canonical", "offer": "UbuntuServer",
      "sku": "18.04-LTS", "version": "latest"}}, "osProfile": {"computerName": "vm000002",
      "adminUsername": "gallerytest", "linuxConfiguration": {"disablePasswordAuthentication":
      true, "ssh": {"publicKeys": [{"keyData": "ssh-rsa AAAAB3NzaC1yc2EAAAADAQABAAABgQDmGsW4LjseEjF/ye2EN/w3j6dmswbvXI7N/UlAqV8aCxHeYYIjFDnuhFQSF7i1iYgTt8St/6FGkIaTA4ZefhrVVZtJw8dUEKzDkUIMfdQGu4TdlpDjQIeUSHzz1KNFwhANVNK9pm1cy5Z4P3GJd1PP+lTx/IRP+qZesTC/UCSV7EluCmoj5xg6LeC9MWksu07APIFRJySqxVi8nSbCFFHODW5QTZ/82n6iJzbSRDn7KgEQGzfFEAZgzxJE+ino+r3569kWzO/qkixm92swj97fnuOX7i0Ohe1T4Me5dFvpEifoQ3bii1vG4DQDQ7L2pvEvzQyy11Hr9dDtPHZTCzeIr62vWArq75T149ZLCNjfQh44vmbeSPAc/0KVakQOEiDjLvUkMSgDUx6DD4bQgiaEyWnZ23CZ3U1U9xag4p3Kl48tGLGHTpzplaZJQEAVogeloxE1tPLBGi7et3TskoXejHhl9BrtsnXLeNVj1ep9dqD2kxNogVSc4/Av8Wuv9oU=
      zhuyan@microsoft.com\n", "path": "/home/gallerytest/.ssh/authorized_keys"}]}}}}}],
      "outputs": {}}, "parameters": {}, "mode": "incremental"}}'
    headers:
      Accept:
      - application/json
      Accept-Encoding:
      - gzip, deflate
      CommandName:
      - vm create
      Connection:
      - keep-alive
      Content-Length:
      - '3473'
      Content-Type:
      - application/json
      ParameterSetName:
      - -g -n --image --admin-username --generate-ssh-keys --nsg-rule
      User-Agent:
      - AZURECLI/2.50.0 azsdk-python-azure-mgmt-resource/23.1.0b2 Python/3.9.0 (Windows-10-10.0.19041-SP0)
    method: PUT
    uri: https://management.azure.com/subscriptions/00000000-0000-0000-0000-000000000000/resourcegroups/clitest.rg000001/providers/Microsoft.Resources/deployments/mock-deployment?api-version=2022-09-01
  response:
    body:
      string: '{"id":"/subscriptions/00000000-0000-0000-0000-000000000000/resourceGroups/clitest.rg000001/providers/Microsoft.Resources/deployments/vm_deploy_oG4rHpHkaP2E5wCaMXPthqI4fF9qXVDS","name":"vm_deploy_oG4rHpHkaP2E5wCaMXPthqI4fF9qXVDS","type":"Microsoft.Resources/deployments","properties":{"templateHash":"2250504786167538466","parameters":{},"mode":"Incremental","provisioningState":"Accepted","timestamp":"2023-07-20T08:46:30.9097322Z","duration":"PT0.0004754S","correlationId":"af31817c-b69a-4576-8d6a-304a9a0bc9ad","providers":[{"namespace":"Microsoft.Network","resourceTypes":[{"resourceType":"virtualNetworks","locations":["eastus2"]},{"resourceType":"networkSecurityGroups","locations":["eastus2"]},{"resourceType":"publicIPAddresses","locations":["eastus2"]},{"resourceType":"networkInterfaces","locations":["eastus2"]}]},{"namespace":"Microsoft.Compute","resourceTypes":[{"resourceType":"virtualMachines","locations":["eastus2"]}]}],"dependencies":[{"dependsOn":[{"id":"/subscriptions/00000000-0000-0000-0000-000000000000/resourceGroups/clitest.rg000001/providers/Microsoft.Network/virtualNetworks/vm000002VNET","resourceType":"Microsoft.Network/virtualNetworks","resourceName":"vm000002VNET"},{"id":"/subscriptions/00000000-0000-0000-0000-000000000000/resourceGroups/clitest.rg000001/providers/Microsoft.Network/networkSecurityGroups/vm000002NSG","resourceType":"Microsoft.Network/networkSecurityGroups","resourceName":"vm000002NSG"},{"id":"/subscriptions/00000000-0000-0000-0000-000000000000/resourceGroups/clitest.rg000001/providers/Microsoft.Network/publicIPAddresses/vm000002PublicIP","resourceType":"Microsoft.Network/publicIPAddresses","resourceName":"vm000002PublicIP"}],"id":"/subscriptions/00000000-0000-0000-0000-000000000000/resourceGroups/clitest.rg000001/providers/Microsoft.Network/networkInterfaces/vm000002VMNic","resourceType":"Microsoft.Network/networkInterfaces","resourceName":"vm000002VMNic"},{"dependsOn":[{"id":"/subscriptions/00000000-0000-0000-0000-000000000000/resourceGroups/clitest.rg000001/providers/Microsoft.Network/networkInterfaces/vm000002VMNic","resourceType":"Microsoft.Network/networkInterfaces","resourceName":"vm000002VMNic"}],"id":"/subscriptions/00000000-0000-0000-0000-000000000000/resourceGroups/clitest.rg000001/providers/Microsoft.Compute/virtualMachines/vm000002","resourceType":"Microsoft.Compute/virtualMachines","resourceName":"vm000002"}]}}'
    headers:
      azure-asyncoperation:
      - https://management.azure.com/subscriptions/00000000-0000-0000-0000-000000000000/resourcegroups/clitest.rg000001/providers/Microsoft.Resources/deployments/vm_deploy_oG4rHpHkaP2E5wCaMXPthqI4fF9qXVDS/operationStatuses/08585117640984592041?api-version=2022-09-01
      cache-control:
      - no-cache
      content-length:
      - '2394'
      content-type:
      - application/json; charset=utf-8
      date:
      - Thu, 20 Jul 2023 08:46:32 GMT
      expires:
      - '-1'
      pragma:
      - no-cache
      strict-transport-security:
      - max-age=31536000; includeSubDomains
      x-content-type-options:
      - nosniff
      x-ms-ratelimit-remaining-subscription-writes:
      - '1199'
    status:
      code: 201
      message: Created
- request:
    body: null
    headers:
      Accept:
      - '*/*'
      Accept-Encoding:
      - gzip, deflate
      CommandName:
      - vm create
      Connection:
      - keep-alive
      ParameterSetName:
      - -g -n --image --admin-username --generate-ssh-keys --nsg-rule
      User-Agent:
      - AZURECLI/2.50.0 azsdk-python-azure-mgmt-resource/23.1.0b2 Python/3.9.0 (Windows-10-10.0.19041-SP0)
    method: GET
    uri: https://management.azure.com/subscriptions/00000000-0000-0000-0000-000000000000/resourcegroups/clitest.rg000001/providers/Microsoft.Resources/deployments/mock-deployment/operationStatuses/08585117640984592041?api-version=2022-09-01
  response:
    body:
      string: '{"status":"Accepted"}'
    headers:
      cache-control:
      - no-cache
      content-length:
      - '21'
      content-type:
      - application/json; charset=utf-8
      date:
      - Thu, 20 Jul 2023 08:46:33 GMT
      expires:
      - '-1'
      pragma:
      - no-cache
      strict-transport-security:
      - max-age=31536000; includeSubDomains
      vary:
      - Accept-Encoding
      x-content-type-options:
      - nosniff
    status:
      code: 200
      message: OK
- request:
    body: null
    headers:
      Accept:
      - '*/*'
      Accept-Encoding:
      - gzip, deflate
      CommandName:
      - vm create
      Connection:
      - keep-alive
      ParameterSetName:
      - -g -n --image --admin-username --generate-ssh-keys --nsg-rule
      User-Agent:
      - AZURECLI/2.50.0 azsdk-python-azure-mgmt-resource/23.1.0b2 Python/3.9.0 (Windows-10-10.0.19041-SP0)
    method: GET
    uri: https://management.azure.com/subscriptions/00000000-0000-0000-0000-000000000000/resourcegroups/clitest.rg000001/providers/Microsoft.Resources/deployments/mock-deployment/operationStatuses/08585117640984592041?api-version=2022-09-01
  response:
    body:
      string: '{"status":"Running"}'
    headers:
      cache-control:
      - no-cache
      content-length:
      - '20'
      content-type:
      - application/json; charset=utf-8
      date:
      - Thu, 20 Jul 2023 08:47:03 GMT
      expires:
      - '-1'
      pragma:
      - no-cache
      strict-transport-security:
      - max-age=31536000; includeSubDomains
      vary:
      - Accept-Encoding
      x-content-type-options:
      - nosniff
    status:
      code: 200
      message: OK
- request:
    body: null
    headers:
      Accept:
      - '*/*'
      Accept-Encoding:
      - gzip, deflate
      CommandName:
      - vm create
      Connection:
      - keep-alive
      ParameterSetName:
      - -g -n --image --admin-username --generate-ssh-keys --nsg-rule
      User-Agent:
      - AZURECLI/2.50.0 azsdk-python-azure-mgmt-resource/23.1.0b2 Python/3.9.0 (Windows-10-10.0.19041-SP0)
    method: GET
    uri: https://management.azure.com/subscriptions/00000000-0000-0000-0000-000000000000/resourcegroups/clitest.rg000001/providers/Microsoft.Resources/deployments/mock-deployment/operationStatuses/08585117640984592041?api-version=2022-09-01
  response:
    body:
      string: '{"status":"Succeeded"}'
    headers:
      cache-control:
      - no-cache
      content-length:
      - '22'
      content-type:
      - application/json; charset=utf-8
      date:
      - Thu, 20 Jul 2023 08:47:34 GMT
      expires:
      - '-1'
      pragma:
      - no-cache
      strict-transport-security:
      - max-age=31536000; includeSubDomains
      vary:
      - Accept-Encoding
      x-content-type-options:
      - nosniff
    status:
      code: 200
      message: OK
- request:
    body: null
    headers:
      Accept:
      - '*/*'
      Accept-Encoding:
      - gzip, deflate
      CommandName:
      - vm create
      Connection:
      - keep-alive
      ParameterSetName:
      - -g -n --image --admin-username --generate-ssh-keys --nsg-rule
      User-Agent:
      - AZURECLI/2.50.0 azsdk-python-azure-mgmt-resource/23.1.0b2 Python/3.9.0 (Windows-10-10.0.19041-SP0)
    method: GET
    uri: https://management.azure.com/subscriptions/00000000-0000-0000-0000-000000000000/resourcegroups/clitest.rg000001/providers/Microsoft.Resources/deployments/mock-deployment?api-version=2022-09-01
  response:
    body:
      string: '{"id":"/subscriptions/00000000-0000-0000-0000-000000000000/resourceGroups/clitest.rg000001/providers/Microsoft.Resources/deployments/vm_deploy_oG4rHpHkaP2E5wCaMXPthqI4fF9qXVDS","name":"vm_deploy_oG4rHpHkaP2E5wCaMXPthqI4fF9qXVDS","type":"Microsoft.Resources/deployments","properties":{"templateHash":"2250504786167538466","parameters":{},"mode":"Incremental","provisioningState":"Succeeded","timestamp":"2023-07-20T08:47:06.8549891Z","duration":"PT35.9457323S","correlationId":"af31817c-b69a-4576-8d6a-304a9a0bc9ad","providers":[{"namespace":"Microsoft.Network","resourceTypes":[{"resourceType":"virtualNetworks","locations":["eastus2"]},{"resourceType":"networkSecurityGroups","locations":["eastus2"]},{"resourceType":"publicIPAddresses","locations":["eastus2"]},{"resourceType":"networkInterfaces","locations":["eastus2"]}]},{"namespace":"Microsoft.Compute","resourceTypes":[{"resourceType":"virtualMachines","locations":["eastus2"]}]}],"dependencies":[{"dependsOn":[{"id":"/subscriptions/00000000-0000-0000-0000-000000000000/resourceGroups/clitest.rg000001/providers/Microsoft.Network/virtualNetworks/vm000002VNET","resourceType":"Microsoft.Network/virtualNetworks","resourceName":"vm000002VNET"},{"id":"/subscriptions/00000000-0000-0000-0000-000000000000/resourceGroups/clitest.rg000001/providers/Microsoft.Network/networkSecurityGroups/vm000002NSG","resourceType":"Microsoft.Network/networkSecurityGroups","resourceName":"vm000002NSG"},{"id":"/subscriptions/00000000-0000-0000-0000-000000000000/resourceGroups/clitest.rg000001/providers/Microsoft.Network/publicIPAddresses/vm000002PublicIP","resourceType":"Microsoft.Network/publicIPAddresses","resourceName":"vm000002PublicIP"}],"id":"/subscriptions/00000000-0000-0000-0000-000000000000/resourceGroups/clitest.rg000001/providers/Microsoft.Network/networkInterfaces/vm000002VMNic","resourceType":"Microsoft.Network/networkInterfaces","resourceName":"vm000002VMNic"},{"dependsOn":[{"id":"/subscriptions/00000000-0000-0000-0000-000000000000/resourceGroups/clitest.rg000001/providers/Microsoft.Network/networkInterfaces/vm000002VMNic","resourceType":"Microsoft.Network/networkInterfaces","resourceName":"vm000002VMNic"}],"id":"/subscriptions/00000000-0000-0000-0000-000000000000/resourceGroups/clitest.rg000001/providers/Microsoft.Compute/virtualMachines/vm000002","resourceType":"Microsoft.Compute/virtualMachines","resourceName":"vm000002"}],"outputs":{},"outputResources":[{"id":"/subscriptions/00000000-0000-0000-0000-000000000000/resourceGroups/clitest.rg000001/providers/Microsoft.Compute/virtualMachines/vm000002"},{"id":"/subscriptions/00000000-0000-0000-0000-000000000000/resourceGroups/clitest.rg000001/providers/Microsoft.Network/networkInterfaces/vm000002VMNic"},{"id":"/subscriptions/00000000-0000-0000-0000-000000000000/resourceGroups/clitest.rg000001/providers/Microsoft.Network/networkSecurityGroups/vm000002NSG"},{"id":"/subscriptions/00000000-0000-0000-0000-000000000000/resourceGroups/clitest.rg000001/providers/Microsoft.Network/publicIPAddresses/vm000002PublicIP"},{"id":"/subscriptions/00000000-0000-0000-0000-000000000000/resourceGroups/clitest.rg000001/providers/Microsoft.Network/virtualNetworks/vm000002VNET"}]}}'
    headers:
      cache-control:
      - no-cache
      content-length:
      - '3189'
      content-type:
      - application/json; charset=utf-8
      date:
      - Thu, 20 Jul 2023 08:47:35 GMT
      expires:
      - '-1'
      pragma:
      - no-cache
      strict-transport-security:
      - max-age=31536000; includeSubDomains
      vary:
      - Accept-Encoding
      x-content-type-options:
      - nosniff
    status:
      code: 200
      message: OK
- request:
    body: null
    headers:
      Accept:
      - application/json
      Accept-Encoding:
      - gzip, deflate
      CommandName:
      - vm create
      Connection:
      - keep-alive
      ParameterSetName:
      - -g -n --image --admin-username --generate-ssh-keys --nsg-rule
      User-Agent:
      - AZURECLI/2.50.0 azsdk-python-azure-mgmt-compute/29.1.0 Python/3.9.0 (Windows-10-10.0.19041-SP0)
    method: GET
    uri: https://management.azure.com/subscriptions/00000000-0000-0000-0000-000000000000/resourceGroups/clitest.rg000001/providers/Microsoft.Compute/virtualMachines/vm000002?$expand=instanceView&api-version=2022-11-01
  response:
    body:
      string: "{\r\n  \"name\": \"vm000002\",\r\n  \"id\": \"/subscriptions/00000000-0000-0000-0000-000000000000/resourceGroups/clitest.rg000001/providers/Microsoft.Compute/virtualMachines/vm000002\",\r\n
        \ \"type\": \"Microsoft.Compute/virtualMachines\",\r\n  \"location\": \"eastus2\",\r\n
        \ \"tags\": {},\r\n  \"properties\": {\r\n    \"vmId\": \"adcfeafc-0814-4bc9-a67a-1ca5669c4ffd\",\r\n
        \   \"hardwareProfile\": {\r\n      \"vmSize\": \"Standard_DS1_v2\"\r\n    },\r\n
        \   \"storageProfile\": {\r\n      \"imageReference\": {\r\n        \"publisher\":
        \"Canonical\",\r\n        \"offer\": \"UbuntuServer\",\r\n        \"sku\":
        \"18.04-LTS\",\r\n        \"version\": \"latest\",\r\n        \"exactVersion\":
        \"18.04.202306070\"\r\n      },\r\n      \"osDisk\": {\r\n        \"osType\":
        \"Linux\",\r\n        \"name\": \"vm000002_disk1_e2e31eaf486a42b19266f2c5362128b1\",\r\n
        \       \"createOption\": \"FromImage\",\r\n        \"caching\": \"ReadWrite\",\r\n
        \       \"managedDisk\": {\r\n          \"storageAccountType\": \"Premium_LRS\",\r\n
        \         \"id\": \"/subscriptions/00000000-0000-0000-0000-000000000000/resourceGroups/clitest.rg000001/providers/Microsoft.Compute/disks/vm000002_disk1_e2e31eaf486a42b19266f2c5362128b1\"\r\n
        \       },\r\n        \"deleteOption\": \"Detach\",\r\n        \"diskSizeGB\":
        30\r\n      },\r\n      \"dataDisks\": []\r\n    },\r\n    \"osProfile\":
        {\r\n      \"computerName\": \"vm000002\",\r\n      \"adminUsername\": \"gallerytest\",\r\n
        \     \"linuxConfiguration\": {\r\n        \"disablePasswordAuthentication\":
        true,\r\n        \"ssh\": {\r\n          \"publicKeys\": [\r\n            {\r\n
        \             \"path\": \"/home/gallerytest/.ssh/authorized_keys\",\r\n              \"keyData\":
        \"ssh-rsa AAAAB3NzaC1yc2EAAAADAQABAAABgQDmGsW4LjseEjF/ye2EN/w3j6dmswbvXI7N/UlAqV8aCxHeYYIjFDnuhFQSF7i1iYgTt8St/6FGkIaTA4ZefhrVVZtJw8dUEKzDkUIMfdQGu4TdlpDjQIeUSHzz1KNFwhANVNK9pm1cy5Z4P3GJd1PP+lTx/IRP+qZesTC/UCSV7EluCmoj5xg6LeC9MWksu07APIFRJySqxVi8nSbCFFHODW5QTZ/82n6iJzbSRDn7KgEQGzfFEAZgzxJE+ino+r3569kWzO/qkixm92swj97fnuOX7i0Ohe1T4Me5dFvpEifoQ3bii1vG4DQDQ7L2pvEvzQyy11Hr9dDtPHZTCzeIr62vWArq75T149ZLCNjfQh44vmbeSPAc/0KVakQOEiDjLvUkMSgDUx6DD4bQgiaEyWnZ23CZ3U1U9xag4p3Kl48tGLGHTpzplaZJQEAVogeloxE1tPLBGi7et3TskoXejHhl9BrtsnXLeNVj1ep9dqD2kxNogVSc4/Av8Wuv9oU=
        zhuyan@microsoft.com\\n\"\r\n            }\r\n          ]\r\n        },\r\n
        \       \"provisionVMAgent\": true,\r\n        \"patchSettings\": {\r\n          \"patchMode\":
        \"ImageDefault\",\r\n          \"assessmentMode\": \"ImageDefault\"\r\n        },\r\n
        \       \"enableVMAgentPlatformUpdates\": false\r\n      },\r\n      \"secrets\":
        [],\r\n      \"allowExtensionOperations\": true,\r\n      \"requireGuestProvisionSignal\":
        true\r\n    },\r\n    \"networkProfile\": {\"networkInterfaces\":[{\"id\":\"/subscriptions/00000000-0000-0000-0000-000000000000/resourceGroups/clitest.rg000001/providers/Microsoft.Network/networkInterfaces/vm000002VMNic\"}]},\r\n
        \   \"provisioningState\": \"Succeeded\",\r\n    \"instanceView\": {\r\n      \"computerName\":
        \"vm000002\",\r\n      \"osName\": \"ubuntu\",\r\n      \"osVersion\": \"18.04\",\r\n
        \     \"vmAgent\": {\r\n        \"vmAgentVersion\": \"2.9.1.1\",\r\n        \"statuses\":
        [\r\n          {\r\n            \"code\": \"ProvisioningState/succeeded\",\r\n
        \           \"level\": \"Info\",\r\n            \"displayStatus\": \"Ready\",\r\n
        \           \"message\": \"Guest Agent is running\",\r\n            \"time\":
        \"2023-07-20T08:47:17+00:00\"\r\n          }\r\n        ],\r\n        \"extensionHandlers\":
        []\r\n      },\r\n      \"disks\": [\r\n        {\r\n          \"name\": \"vm000002_disk1_e2e31eaf486a42b19266f2c5362128b1\",\r\n
        \         \"statuses\": [\r\n            {\r\n              \"code\": \"ProvisioningState/succeeded\",\r\n
        \             \"level\": \"Info\",\r\n              \"displayStatus\": \"Provisioning
        succeeded\",\r\n              \"time\": \"2023-07-20T08:46:53.7550905+00:00\"\r\n
        \           }\r\n          ]\r\n        }\r\n      ],\r\n      \"hyperVGeneration\":
        \"V1\",\r\n      \"statuses\": [\r\n        {\r\n          \"code\": \"ProvisioningState/succeeded\",\r\n
        \         \"level\": \"Info\",\r\n          \"displayStatus\": \"Provisioning
        succeeded\",\r\n          \"time\": \"2023-07-20T08:47:03.2082256+00:00\"\r\n
        \       },\r\n        {\r\n          \"code\": \"PowerState/running\",\r\n
        \         \"level\": \"Info\",\r\n          \"displayStatus\": \"VM running\"\r\n
        \       }\r\n      ]\r\n    },\r\n    \"timeCreated\": \"2023-07-20T08:46:52.0832124+00:00\"\r\n
        \ }\r\n}"
    headers:
      cache-control:
      - no-cache
      content-length:
      - '4071'
      content-type:
      - application/json; charset=utf-8
      date:
      - Thu, 20 Jul 2023 08:47:37 GMT
      expires:
      - '-1'
      pragma:
      - no-cache
      server:
      - Microsoft-HTTPAPI/2.0
      - Microsoft-HTTPAPI/2.0
      strict-transport-security:
      - max-age=31536000; includeSubDomains
      transfer-encoding:
      - chunked
      vary:
      - Accept-Encoding
      x-content-type-options:
      - nosniff
      x-ms-ratelimit-remaining-resource:
      - Microsoft.Compute/LowCostGet3Min;3997,Microsoft.Compute/LowCostGet30Min;31994
    status:
      code: 200
      message: OK
- request:
    body: null
    headers:
      Accept:
      - application/json
      Accept-Encoding:
      - gzip, deflate
      CommandName:
      - vm create
      Connection:
      - keep-alive
      ParameterSetName:
      - -g -n --image --admin-username --generate-ssh-keys --nsg-rule
      User-Agent:
      - AZURECLI/2.50.0 (AAZ) azsdk-python-core/1.26.0 Python/3.9.0 (Windows-10-10.0.19041-SP0)
    method: GET
    uri: https://management.azure.com/subscriptions/00000000-0000-0000-0000-000000000000/resourceGroups/clitest.rg000001/providers/Microsoft.Network/networkInterfaces/vm000002VMNic?api-version=2022-01-01
  response:
    body:
      string: "{\r\n  \"name\": \"vm000002VMNic\",\r\n  \"id\": \"/subscriptions/00000000-0000-0000-0000-000000000000/resourceGroups/clitest.rg000001/providers/Microsoft.Network/networkInterfaces/vm000002VMNic\",\r\n
        \ \"etag\": \"W/\\\"96e903c0-b815-4e86-8ffe-ede210741fd9\\\"\",\r\n  \"tags\":
        {},\r\n  \"properties\": {\r\n    \"provisioningState\": \"Succeeded\",\r\n
        \   \"resourceGuid\": \"c04429af-d98e-4e60-82bd-c2c0539a040e\",\r\n    \"ipConfigurations\":
        [\r\n      {\r\n        \"name\": \"ipconfigvm000002\",\r\n        \"id\":
        \"/subscriptions/00000000-0000-0000-0000-000000000000/resourceGroups/clitest.rg000001/providers/Microsoft.Network/networkInterfaces/vm000002VMNic/ipConfigurations/ipconfigvm000002\",\r\n
        \       \"etag\": \"W/\\\"96e903c0-b815-4e86-8ffe-ede210741fd9\\\"\",\r\n
        \       \"type\": \"Microsoft.Network/networkInterfaces/ipConfigurations\",\r\n
        \       \"properties\": {\r\n          \"provisioningState\": \"Succeeded\",\r\n
        \         \"privateIPAddress\": \"10.0.0.4\",\r\n          \"privateIPAllocationMethod\":
        \"Dynamic\",\r\n          \"publicIPAddress\": {\r\n            \"id\": \"/subscriptions/00000000-0000-0000-0000-000000000000/resourceGroups/clitest.rg000001/providers/Microsoft.Network/publicIPAddresses/vm000002PublicIP\"\r\n
        \         },\r\n          \"subnet\": {\r\n            \"id\": \"/subscriptions/00000000-0000-0000-0000-000000000000/resourceGroups/clitest.rg000001/providers/Microsoft.Network/virtualNetworks/vm000002VNET/subnets/vm000002Subnet\"\r\n
        \         },\r\n          \"primary\": true,\r\n          \"privateIPAddressVersion\":
        \"IPv4\"\r\n        }\r\n      }\r\n    ],\r\n    \"dnsSettings\": {\r\n      \"dnsServers\":
        [],\r\n      \"appliedDnsServers\": [],\r\n      \"internalDomainNameSuffix\":
        \"4v3qh2hkmhoenn1vdmqt3ynstf.cx.internal.cloudapp.net\"\r\n    },\r\n    \"macAddress\":
        \"60-45-BD-B6-1E-39\",\r\n    \"enableAcceleratedNetworking\": false,\r\n
        \   \"vnetEncryptionSupported\": false,\r\n    \"enableIPForwarding\": false,\r\n
        \   \"networkSecurityGroup\": {\r\n      \"id\": \"/subscriptions/00000000-0000-0000-0000-000000000000/resourceGroups/clitest.rg000001/providers/Microsoft.Network/networkSecurityGroups/vm000002NSG\"\r\n
        \   },\r\n    \"primary\": true,\r\n    \"virtualMachine\": {\r\n      \"id\":
        \"/subscriptions/00000000-0000-0000-0000-000000000000/resourceGroups/clitest.rg000001/providers/Microsoft.Compute/virtualMachines/vm000002\"\r\n
        \   },\r\n    \"hostedWorkloads\": [],\r\n    \"tapConfigurations\": [],\r\n
        \   \"nicType\": \"Standard\",\r\n    \"allowPort25Out\": true\r\n  },\r\n
        \ \"type\": \"Microsoft.Network/networkInterfaces\",\r\n  \"location\": \"eastus2\",\r\n
        \ \"kind\": \"Regular\"\r\n}"
    headers:
      cache-control:
      - no-cache
      content-length:
      - '2441'
      content-type:
      - application/json; charset=utf-8
      date:
      - Thu, 20 Jul 2023 08:47:38 GMT
      etag:
      - W/"96e903c0-b815-4e86-8ffe-ede210741fd9"
      expires:
      - '-1'
      pragma:
      - no-cache
      server:
      - Microsoft-HTTPAPI/2.0
      - Microsoft-HTTPAPI/2.0
      strict-transport-security:
      - max-age=31536000; includeSubDomains
      transfer-encoding:
      - chunked
      vary:
      - Accept-Encoding
      x-content-type-options:
      - nosniff
      x-ms-arm-service-request-id:
      - 32ec173c-cbb6-4b65-ac8c-df8938b0db0a
    status:
      code: 200
      message: ''
- request:
    body: null
    headers:
      Accept:
      - application/json
      Accept-Encoding:
      - gzip, deflate
      CommandName:
      - vm create
      Connection:
      - keep-alive
      ParameterSetName:
      - -g -n --image --admin-username --generate-ssh-keys --nsg-rule
      User-Agent:
      - AZURECLI/2.50.0 (AAZ) azsdk-python-core/1.26.0 Python/3.9.0 (Windows-10-10.0.19041-SP0)
    method: GET
    uri: https://management.azure.com/subscriptions/00000000-0000-0000-0000-000000000000/resourceGroups/clitest.rg000001/providers/Microsoft.Network/publicIPAddresses/vm000002PublicIP?api-version=2022-01-01
  response:
    body:
      string: "{\r\n  \"name\": \"vm000002PublicIP\",\r\n  \"id\": \"/subscriptions/00000000-0000-0000-0000-000000000000/resourceGroups/clitest.rg000001/providers/Microsoft.Network/publicIPAddresses/vm000002PublicIP\",\r\n
        \ \"etag\": \"W/\\\"ccb6b548-d585-418d-8901-727c89f11b8f\\\"\",\r\n  \"location\":
        \"eastus2\",\r\n  \"tags\": {},\r\n  \"properties\": {\r\n    \"provisioningState\":
        \"Succeeded\",\r\n    \"resourceGuid\": \"d5c905a8-c179-4699-8b19-84ba9847132f\",\r\n
        \   \"ipAddress\": \"20.10.150.6\",\r\n    \"publicIPAddressVersion\": \"IPv4\",\r\n
        \   \"publicIPAllocationMethod\": \"Dynamic\",\r\n    \"idleTimeoutInMinutes\":
        4,\r\n    \"ipTags\": [],\r\n    \"ipConfiguration\": {\r\n      \"id\": \"/subscriptions/00000000-0000-0000-0000-000000000000/resourceGroups/clitest.rg000001/providers/Microsoft.Network/networkInterfaces/vm000002VMNic/ipConfigurations/ipconfigvm000002\"\r\n
        \   }\r\n  },\r\n  \"type\": \"Microsoft.Network/publicIPAddresses\",\r\n
        \ \"sku\": {\r\n    \"name\": \"Basic\",\r\n    \"tier\": \"Regional\"\r\n
        \ }\r\n}"
    headers:
      cache-control:
      - no-cache
      content-length:
      - '923'
      content-type:
      - application/json; charset=utf-8
      date:
      - Thu, 20 Jul 2023 08:47:39 GMT
      etag:
      - W/"ccb6b548-d585-418d-8901-727c89f11b8f"
      expires:
      - '-1'
      pragma:
      - no-cache
      server:
      - Microsoft-HTTPAPI/2.0
      - Microsoft-HTTPAPI/2.0
      strict-transport-security:
      - max-age=31536000; includeSubDomains
      transfer-encoding:
      - chunked
      vary:
      - Accept-Encoding
      x-content-type-options:
      - nosniff
      x-ms-arm-service-request-id:
      - 8873c4c0-18e6-4ce9-b96c-75c156134617
    status:
      code: 200
      message: ''
- request:
    body: null
    headers:
      Accept:
      - application/json
      Accept-Encoding:
      - gzip, deflate
      CommandName:
      - vm deallocate
      Connection:
      - keep-alive
      Content-Length:
      - '0'
      ParameterSetName:
      - -g -n
      User-Agent:
      - AZURECLI/2.50.0 azsdk-python-azure-mgmt-compute/29.1.0 Python/3.9.0 (Windows-10-10.0.19041-SP0)
    method: POST
    uri: https://management.azure.com/subscriptions/00000000-0000-0000-0000-000000000000/resourceGroups/clitest.rg000001/providers/Microsoft.Compute/virtualMachines/vm000002/deallocate?api-version=2022-11-01
  response:
    body:
      string: ''
    headers:
      azure-asyncnotification:
      - Enabled
      azure-asyncoperation:
      - https://management.azure.com/subscriptions/00000000-0000-0000-0000-000000000000/providers/Microsoft.Compute/locations/eastus2/operations/6c34c36c-6682-44ed-af3e-7e497169c7d2?p=4da1aac7-dfbb-41ae-bded-ca0db7baa978&api-version=2022-11-01
      cache-control:
      - no-cache
      content-length:
      - '0'
      date:
      - Thu, 20 Jul 2023 08:47:41 GMT
      expires:
      - '-1'
      location:
      - https://management.azure.com/subscriptions/00000000-0000-0000-0000-000000000000/providers/Microsoft.Compute/locations/eastus2/operations/6c34c36c-6682-44ed-af3e-7e497169c7d2?p=4da1aac7-dfbb-41ae-bded-ca0db7baa978&monitor=true&api-version=2022-11-01
      pragma:
      - no-cache
      server:
      - Microsoft-HTTPAPI/2.0
      - Microsoft-HTTPAPI/2.0
      strict-transport-security:
      - max-age=31536000; includeSubDomains
      x-content-type-options:
      - nosniff
      x-ms-ratelimit-remaining-resource:
      - Microsoft.Compute/DeleteVM3Min;239,Microsoft.Compute/DeleteVM30Min;1199
      x-ms-ratelimit-remaining-subscription-writes:
      - '1199'
    status:
      code: 202
      message: Accepted
- request:
    body: null
    headers:
      Accept:
      - '*/*'
      Accept-Encoding:
      - gzip, deflate
      CommandName:
      - vm deallocate
      Connection:
      - keep-alive
      ParameterSetName:
      - -g -n
      User-Agent:
      - AZURECLI/2.50.0 azsdk-python-azure-mgmt-compute/29.1.0 Python/3.9.0 (Windows-10-10.0.19041-SP0)
    method: GET
    uri: https://management.azure.com/subscriptions/00000000-0000-0000-0000-000000000000/providers/Microsoft.Compute/locations/eastus2/operations/6c34c36c-6682-44ed-af3e-7e497169c7d2?p=4da1aac7-dfbb-41ae-bded-ca0db7baa978&api-version=2022-11-01
  response:
    body:
      string: "{\r\n  \"startTime\": \"2023-07-20T08:47:41.8488938+00:00\",\r\n  \"status\":
        \"InProgress\",\r\n  \"name\": \"6c34c36c-6682-44ed-af3e-7e497169c7d2\"\r\n}"
    headers:
      cache-control:
      - no-cache
      content-length:
      - '134'
      content-type:
      - application/json; charset=utf-8
      date:
      - Thu, 20 Jul 2023 08:47:42 GMT
      expires:
      - '-1'
      pragma:
      - no-cache
      server:
      - Microsoft-HTTPAPI/2.0
      - Microsoft-HTTPAPI/2.0
      strict-transport-security:
      - max-age=31536000; includeSubDomains
      transfer-encoding:
      - chunked
      vary:
      - Accept-Encoding
      x-content-type-options:
      - nosniff
      x-ms-ratelimit-remaining-resource:
      - Microsoft.Compute/GetOperation3Min;14998,Microsoft.Compute/GetOperation30Min;29996
    status:
      code: 200
      message: OK
- request:
    body: null
    headers:
      Accept:
      - '*/*'
      Accept-Encoding:
      - gzip, deflate
      CommandName:
      - vm deallocate
      Connection:
      - keep-alive
      ParameterSetName:
      - -g -n
      User-Agent:
      - AZURECLI/2.50.0 azsdk-python-azure-mgmt-compute/29.1.0 Python/3.9.0 (Windows-10-10.0.19041-SP0)
    method: GET
    uri: https://management.azure.com/subscriptions/00000000-0000-0000-0000-000000000000/providers/Microsoft.Compute/locations/eastus2/operations/6c34c36c-6682-44ed-af3e-7e497169c7d2?p=4da1aac7-dfbb-41ae-bded-ca0db7baa978&api-version=2022-11-01
  response:
    body:
      string: "{\r\n  \"startTime\": \"2023-07-20T08:47:41.8488938+00:00\",\r\n  \"status\":
        \"InProgress\",\r\n  \"name\": \"6c34c36c-6682-44ed-af3e-7e497169c7d2\"\r\n}"
    headers:
      cache-control:
      - no-cache
      content-length:
      - '134'
      content-type:
      - application/json; charset=utf-8
      date:
      - Thu, 20 Jul 2023 08:48:13 GMT
      expires:
      - '-1'
      pragma:
      - no-cache
      server:
      - Microsoft-HTTPAPI/2.0
      - Microsoft-HTTPAPI/2.0
      strict-transport-security:
      - max-age=31536000; includeSubDomains
      transfer-encoding:
      - chunked
      vary:
      - Accept-Encoding
      x-content-type-options:
      - nosniff
      x-ms-ratelimit-remaining-resource:
      - Microsoft.Compute/GetOperation3Min;14996,Microsoft.Compute/GetOperation30Min;29994
    status:
      code: 200
      message: OK
- request:
    body: null
    headers:
      Accept:
      - '*/*'
      Accept-Encoding:
      - gzip, deflate
      CommandName:
      - vm deallocate
      Connection:
      - keep-alive
      ParameterSetName:
      - -g -n
      User-Agent:
      - AZURECLI/2.50.0 azsdk-python-azure-mgmt-compute/29.1.0 Python/3.9.0 (Windows-10-10.0.19041-SP0)
    method: GET
    uri: https://management.azure.com/subscriptions/00000000-0000-0000-0000-000000000000/providers/Microsoft.Compute/locations/eastus2/operations/6c34c36c-6682-44ed-af3e-7e497169c7d2?p=4da1aac7-dfbb-41ae-bded-ca0db7baa978&api-version=2022-11-01
  response:
    body:
      string: "{\r\n  \"startTime\": \"2023-07-20T08:47:41.8488938+00:00\",\r\n  \"endTime\":
        \"2023-07-20T08:48:16.8020457+00:00\",\r\n  \"status\": \"Succeeded\",\r\n
        \ \"name\": \"6c34c36c-6682-44ed-af3e-7e497169c7d2\"\r\n}"
    headers:
      cache-control:
      - no-cache
      content-length:
      - '184'
      content-type:
      - application/json; charset=utf-8
      date:
      - Thu, 20 Jul 2023 08:48:44 GMT
      expires:
      - '-1'
      pragma:
      - no-cache
      server:
      - Microsoft-HTTPAPI/2.0
      - Microsoft-HTTPAPI/2.0
      strict-transport-security:
      - max-age=31536000; includeSubDomains
      transfer-encoding:
      - chunked
      vary:
      - Accept-Encoding
      x-content-type-options:
      - nosniff
      x-ms-ratelimit-remaining-resource:
      - Microsoft.Compute/GetOperation3Min;14993,Microsoft.Compute/GetOperation30Min;29991
    status:
      code: 200
      message: OK
- request:
    body: null
    headers:
      Accept:
      - '*/*'
      Accept-Encoding:
      - gzip, deflate
      CommandName:
      - vm deallocate
      Connection:
      - keep-alive
      ParameterSetName:
      - -g -n
      User-Agent:
      - AZURECLI/2.50.0 azsdk-python-azure-mgmt-compute/29.1.0 Python/3.9.0 (Windows-10-10.0.19041-SP0)
    method: GET
    uri: https://management.azure.com/subscriptions/00000000-0000-0000-0000-000000000000/providers/Microsoft.Compute/locations/eastus2/operations/6c34c36c-6682-44ed-af3e-7e497169c7d2?p=4da1aac7-dfbb-41ae-bded-ca0db7baa978&monitor=true&api-version=2022-11-01
  response:
    body:
      string: ''
    headers:
      cache-control:
      - no-cache
      content-length:
      - '0'
      date:
      - Thu, 20 Jul 2023 08:48:45 GMT
      expires:
      - '-1'
      pragma:
      - no-cache
      server:
      - Microsoft-HTTPAPI/2.0
      - Microsoft-HTTPAPI/2.0
      strict-transport-security:
      - max-age=31536000; includeSubDomains
      x-content-type-options:
      - nosniff
      x-ms-ratelimit-remaining-resource:
      - Microsoft.Compute/GetOperation3Min;14992,Microsoft.Compute/GetOperation30Min;29990
    status:
      code: 200
      message: OK
- request:
    body: null
    headers:
      Accept:
      - application/json
      Accept-Encoding:
      - gzip, deflate
      CommandName:
      - vm generalize
      Connection:
      - keep-alive
      Content-Length:
      - '0'
      ParameterSetName:
      - -g -n
      User-Agent:
      - AZURECLI/2.50.0 azsdk-python-azure-mgmt-compute/29.1.0 Python/3.9.0 (Windows-10-10.0.19041-SP0)
    method: POST
    uri: https://management.azure.com/subscriptions/00000000-0000-0000-0000-000000000000/resourceGroups/clitest.rg000001/providers/Microsoft.Compute/virtualMachines/vm000002/generalize?api-version=2022-11-01
  response:
    body:
      string: ''
    headers:
      cache-control:
      - no-cache
      content-length:
      - '0'
      date:
      - Thu, 20 Jul 2023 08:48:46 GMT
      expires:
      - '-1'
      pragma:
      - no-cache
      server:
      - Microsoft-HTTPAPI/2.0
      - Microsoft-HTTPAPI/2.0
      strict-transport-security:
      - max-age=31536000; includeSubDomains
      x-content-type-options:
      - nosniff
      x-ms-ratelimit-remaining-resource:
      - Microsoft.Compute/UpdateVM3Min;238,Microsoft.Compute/UpdateVM30Min;1198
      x-ms-ratelimit-remaining-subscription-writes:
      - '1199'
    status:
      code: 200
      message: OK
- request:
    body: null
    headers:
      Accept:
      - application/json
      Accept-Encoding:
      - gzip, deflate
      CommandName:
      - image create
      Connection:
      - keep-alive
      ParameterSetName:
      - -g -n --source
      User-Agent:
      - AZURECLI/2.50.0 azsdk-python-azure-mgmt-compute/29.1.0 Python/3.9.0 (Windows-10-10.0.19041-SP0)
    method: GET
    uri: https://management.azure.com/subscriptions/00000000-0000-0000-0000-000000000000/resourceGroups/clitest.rg000001/providers/Microsoft.Compute/virtualMachines/vm000002?api-version=2022-11-01
  response:
    body:
      string: "{\r\n  \"name\": \"vm000002\",\r\n  \"id\": \"/subscriptions/00000000-0000-0000-0000-000000000000/resourceGroups/clitest.rg000001/providers/Microsoft.Compute/virtualMachines/vm000002\",\r\n
        \ \"type\": \"Microsoft.Compute/virtualMachines\",\r\n  \"location\": \"eastus2\",\r\n
        \ \"tags\": {},\r\n  \"properties\": {\r\n    \"vmId\": \"adcfeafc-0814-4bc9-a67a-1ca5669c4ffd\",\r\n
        \   \"hardwareProfile\": {\r\n      \"vmSize\": \"Standard_DS1_v2\"\r\n    },\r\n
        \   \"storageProfile\": {\r\n      \"imageReference\": {\r\n        \"publisher\":
        \"Canonical\",\r\n        \"offer\": \"UbuntuServer\",\r\n        \"sku\":
        \"18.04-LTS\",\r\n        \"version\": \"latest\",\r\n        \"exactVersion\":
        \"18.04.202306070\"\r\n      },\r\n      \"osDisk\": {\r\n        \"osType\":
        \"Linux\",\r\n        \"name\": \"vm000002_disk1_e2e31eaf486a42b19266f2c5362128b1\",\r\n
        \       \"createOption\": \"FromImage\",\r\n        \"caching\": \"ReadWrite\",\r\n
        \       \"managedDisk\": {\r\n          \"id\": \"/subscriptions/00000000-0000-0000-0000-000000000000/resourceGroups/clitest.rg000001/providers/Microsoft.Compute/disks/vm000002_disk1_e2e31eaf486a42b19266f2c5362128b1\"\r\n
        \       },\r\n        \"deleteOption\": \"Detach\"\r\n      },\r\n      \"dataDisks\":
        []\r\n    },\r\n    \"osProfile\": {\r\n      \"computerName\": \"vm000002\",\r\n
        \     \"adminUsername\": \"gallerytest\",\r\n      \"linuxConfiguration\":
        {\r\n        \"disablePasswordAuthentication\": true,\r\n        \"ssh\":
        {\r\n          \"publicKeys\": [\r\n            {\r\n              \"path\":
        \"/home/gallerytest/.ssh/authorized_keys\",\r\n              \"keyData\":
        \"ssh-rsa AAAAB3NzaC1yc2EAAAADAQABAAABgQDmGsW4LjseEjF/ye2EN/w3j6dmswbvXI7N/UlAqV8aCxHeYYIjFDnuhFQSF7i1iYgTt8St/6FGkIaTA4ZefhrVVZtJw8dUEKzDkUIMfdQGu4TdlpDjQIeUSHzz1KNFwhANVNK9pm1cy5Z4P3GJd1PP+lTx/IRP+qZesTC/UCSV7EluCmoj5xg6LeC9MWksu07APIFRJySqxVi8nSbCFFHODW5QTZ/82n6iJzbSRDn7KgEQGzfFEAZgzxJE+ino+r3569kWzO/qkixm92swj97fnuOX7i0Ohe1T4Me5dFvpEifoQ3bii1vG4DQDQ7L2pvEvzQyy11Hr9dDtPHZTCzeIr62vWArq75T149ZLCNjfQh44vmbeSPAc/0KVakQOEiDjLvUkMSgDUx6DD4bQgiaEyWnZ23CZ3U1U9xag4p3Kl48tGLGHTpzplaZJQEAVogeloxE1tPLBGi7et3TskoXejHhl9BrtsnXLeNVj1ep9dqD2kxNogVSc4/Av8Wuv9oU=
        zhuyan@microsoft.com\\n\"\r\n            }\r\n          ]\r\n        },\r\n
        \       \"provisionVMAgent\": true,\r\n        \"patchSettings\": {\r\n          \"patchMode\":
        \"ImageDefault\",\r\n          \"assessmentMode\": \"ImageDefault\"\r\n        },\r\n
        \       \"enableVMAgentPlatformUpdates\": false\r\n      },\r\n      \"secrets\":
        [],\r\n      \"allowExtensionOperations\": true,\r\n      \"requireGuestProvisionSignal\":
        true\r\n    },\r\n    \"networkProfile\": {\"networkInterfaces\":[{\"id\":\"/subscriptions/00000000-0000-0000-0000-000000000000/resourceGroups/clitest.rg000001/providers/Microsoft.Network/networkInterfaces/vm000002VMNic\"}]},\r\n
        \   \"provisioningState\": \"Succeeded\",\r\n    \"timeCreated\": \"2023-07-20T08:46:52.0832124+00:00\"\r\n
        \ }\r\n}"
    headers:
      cache-control:
      - no-cache
      content-length:
      - '2696'
      content-type:
      - application/json; charset=utf-8
      date:
      - Thu, 20 Jul 2023 08:48:48 GMT
      expires:
      - '-1'
      pragma:
      - no-cache
      server:
      - Microsoft-HTTPAPI/2.0
      - Microsoft-HTTPAPI/2.0
      strict-transport-security:
      - max-age=31536000; includeSubDomains
      transfer-encoding:
      - chunked
      vary:
      - Accept-Encoding
      x-content-type-options:
      - nosniff
      x-ms-ratelimit-remaining-resource:
      - Microsoft.Compute/LowCostGet3Min;3993,Microsoft.Compute/LowCostGet30Min;31990
    status:
      code: 200
      message: OK
- request:
    body: null
    headers:
      Accept:
      - application/json
      Accept-Encoding:
      - gzip, deflate
      CommandName:
      - image create
      Connection:
      - keep-alive
      ParameterSetName:
      - -g -n --source
      User-Agent:
      - AZURECLI/2.50.0 azsdk-python-azure-mgmt-resource/23.1.0b2 Python/3.9.0 (Windows-10-10.0.19041-SP0)
    method: GET
    uri: https://management.azure.com/subscriptions/00000000-0000-0000-0000-000000000000/resourcegroups/clitest.rg000001?api-version=2022-09-01
  response:
    body:
      string: '{"id":"/subscriptions/00000000-0000-0000-0000-000000000000/resourceGroups/clitest.rg000001","name":"clitest.rg000001","type":"Microsoft.Resources/resourceGroups","location":"eastus2","tags":{"product":"azurecli","cause":"automation","test":"test_create_vm_with_community_gallery_image","date":"2023-07-20T08:45:56Z","module":"vm"},"properties":{"provisioningState":"Succeeded"}}'
    headers:
      cache-control:
      - no-cache
      content-length:
      - '378'
      content-type:
      - application/json; charset=utf-8
      date:
      - Thu, 20 Jul 2023 08:48:48 GMT
      expires:
      - '-1'
      pragma:
      - no-cache
      strict-transport-security:
      - max-age=31536000; includeSubDomains
      vary:
      - Accept-Encoding
      x-content-type-options:
      - nosniff
    status:
      code: 200
      message: OK
- request:
    body: '{"location": "eastus2", "tags": {}, "properties": {"sourceVirtualMachine":
      {"id": "/subscriptions/00000000-0000-0000-0000-000000000000/resourceGroups/clitest.rg000001/providers/Microsoft.Compute/virtualMachines/vm000002"},
      "hyperVGeneration": "V1"}}'
    headers:
      Accept:
      - application/json
      Accept-Encoding:
      - gzip, deflate
      CommandName:
      - image create
      Connection:
      - keep-alive
      Content-Length:
      - '249'
      Content-Type:
      - application/json
      ParameterSetName:
      - -g -n --source
      User-Agent:
      - AZURECLI/2.50.0 azsdk-python-azure-mgmt-compute/29.1.0 Python/3.9.0 (Windows-10-10.0.19041-SP0)
    method: PUT
    uri: https://management.azure.com/subscriptions/00000000-0000-0000-0000-000000000000/resourceGroups/clitest.rg000001/providers/Microsoft.Compute/images/managedImage1?api-version=2022-11-01
  response:
    body:
      string: "{\r\n  \"name\": \"managedImage1\",\r\n  \"id\": \"/subscriptions/00000000-0000-0000-0000-000000000000/resourceGroups/clitest.rg000001/providers/Microsoft.Compute/images/managedImage1\",\r\n
        \ \"type\": \"Microsoft.Compute/images\",\r\n  \"location\": \"eastus2\",\r\n
        \ \"tags\": {},\r\n  \"properties\": {\r\n    \"sourceVirtualMachine\": {\r\n
        \     \"id\": \"/subscriptions/00000000-0000-0000-0000-000000000000/resourceGroups/clitest.rg000001/providers/Microsoft.Compute/virtualMachines/vm000002\"\r\n
        \   },\r\n    \"storageProfile\": {\r\n      \"osDisk\": {\r\n        \"osType\":
        \"Linux\",\r\n        \"osState\": \"Generalized\",\r\n        \"managedDisk\":
        {\r\n          \"id\": \"/subscriptions/00000000-0000-0000-0000-000000000000/resourceGroups/clitest.rg000001/providers/Microsoft.Compute/disks/vm000002_disk1_e2e31eaf486a42b19266f2c5362128b1\"\r\n
        \       },\r\n        \"caching\": \"ReadWrite\",\r\n        \"storageAccountType\":
        \"Premium_LRS\"\r\n      },\r\n      \"dataDisks\": []\r\n    },\r\n    \"provisioningState\":
        \"Creating\",\r\n    \"hyperVGeneration\": \"V1\"\r\n  }\r\n}"
    headers:
      azure-asyncnotification:
      - Enabled
      azure-asyncoperation:
      - https://management.azure.com/subscriptions/00000000-0000-0000-0000-000000000000/providers/Microsoft.Compute/locations/eastus2/operations/6df4e9c0-6a30-4418-be11-0b395ec618b0?p=4da1aac7-dfbb-41ae-bded-ca0db7baa978&api-version=2022-11-01
      cache-control:
      - no-cache
      content-length:
      - '989'
      content-type:
      - application/json; charset=utf-8
      date:
      - Thu, 20 Jul 2023 08:48:55 GMT
      expires:
      - '-1'
      pragma:
      - no-cache
      server:
      - Microsoft-HTTPAPI/2.0
      - Microsoft-HTTPAPI/2.0
      strict-transport-security:
      - max-age=31536000; includeSubDomains
      x-content-type-options:
      - nosniff
      x-ms-ratelimit-remaining-resource:
      - Microsoft.Compute/CreateImages3Min;39,Microsoft.Compute/CreateImages30Min;199
      x-ms-ratelimit-remaining-subscription-writes:
      - '1198'
    status:
      code: 201
      message: Created
- request:
    body: null
    headers:
      Accept:
      - '*/*'
      Accept-Encoding:
      - gzip, deflate
      CommandName:
      - image create
      Connection:
      - keep-alive
      ParameterSetName:
      - -g -n --source
      User-Agent:
      - AZURECLI/2.50.0 azsdk-python-azure-mgmt-compute/29.1.0 Python/3.9.0 (Windows-10-10.0.19041-SP0)
    method: GET
    uri: https://management.azure.com/subscriptions/00000000-0000-0000-0000-000000000000/providers/Microsoft.Compute/locations/eastus2/operations/6df4e9c0-6a30-4418-be11-0b395ec618b0?p=4da1aac7-dfbb-41ae-bded-ca0db7baa978&api-version=2022-11-01
  response:
    body:
      string: "{\r\n  \"startTime\": \"2023-07-20T08:48:54.3020854+00:00\",\r\n  \"status\":
        \"InProgress\",\r\n  \"name\": \"6df4e9c0-6a30-4418-be11-0b395ec618b0\"\r\n}"
    headers:
      cache-control:
      - no-cache
      content-length:
      - '134'
      content-type:
      - application/json; charset=utf-8
      date:
      - Thu, 20 Jul 2023 08:48:55 GMT
      expires:
      - '-1'
      pragma:
      - no-cache
      server:
      - Microsoft-HTTPAPI/2.0
      - Microsoft-HTTPAPI/2.0
      strict-transport-security:
      - max-age=31536000; includeSubDomains
      transfer-encoding:
      - chunked
      vary:
      - Accept-Encoding
      x-content-type-options:
      - nosniff
      x-ms-ratelimit-remaining-resource:
      - Microsoft.Compute/GetOperation3Min;14989,Microsoft.Compute/GetOperation30Min;29987
    status:
      code: 200
      message: OK
- request:
    body: null
    headers:
      Accept:
      - '*/*'
      Accept-Encoding:
      - gzip, deflate
      CommandName:
      - image create
      Connection:
      - keep-alive
      ParameterSetName:
      - -g -n --source
      User-Agent:
      - AZURECLI/2.50.0 azsdk-python-azure-mgmt-compute/29.1.0 Python/3.9.0 (Windows-10-10.0.19041-SP0)
    method: GET
    uri: https://management.azure.com/subscriptions/00000000-0000-0000-0000-000000000000/providers/Microsoft.Compute/locations/eastus2/operations/6df4e9c0-6a30-4418-be11-0b395ec618b0?p=4da1aac7-dfbb-41ae-bded-ca0db7baa978&api-version=2022-11-01
  response:
    body:
      string: "{\r\n  \"startTime\": \"2023-07-20T08:48:54.3020854+00:00\",\r\n  \"endTime\":
        \"2023-07-20T08:48:59.4896036+00:00\",\r\n  \"status\": \"Succeeded\",\r\n
        \ \"name\": \"6df4e9c0-6a30-4418-be11-0b395ec618b0\"\r\n}"
    headers:
      cache-control:
      - no-cache
      content-length:
      - '184'
      content-type:
      - application/json; charset=utf-8
      date:
      - Thu, 20 Jul 2023 08:49:25 GMT
      expires:
      - '-1'
      pragma:
      - no-cache
      server:
      - Microsoft-HTTPAPI/2.0
      - Microsoft-HTTPAPI/2.0
      strict-transport-security:
      - max-age=31536000; includeSubDomains
      transfer-encoding:
      - chunked
      vary:
      - Accept-Encoding
      x-content-type-options:
      - nosniff
      x-ms-ratelimit-remaining-resource:
      - Microsoft.Compute/GetOperation3Min;14986,Microsoft.Compute/GetOperation30Min;29984
    status:
      code: 200
      message: OK
- request:
    body: null
    headers:
      Accept:
      - '*/*'
      Accept-Encoding:
      - gzip, deflate
      CommandName:
      - image create
      Connection:
      - keep-alive
      ParameterSetName:
      - -g -n --source
      User-Agent:
      - AZURECLI/2.50.0 azsdk-python-azure-mgmt-compute/29.1.0 Python/3.9.0 (Windows-10-10.0.19041-SP0)
    method: GET
    uri: https://management.azure.com/subscriptions/00000000-0000-0000-0000-000000000000/resourceGroups/clitest.rg000001/providers/Microsoft.Compute/images/managedImage1?api-version=2022-11-01
  response:
    body:
      string: "{\r\n  \"name\": \"managedImage1\",\r\n  \"id\": \"/subscriptions/00000000-0000-0000-0000-000000000000/resourceGroups/clitest.rg000001/providers/Microsoft.Compute/images/managedImage1\",\r\n
        \ \"type\": \"Microsoft.Compute/images\",\r\n  \"location\": \"eastus2\",\r\n
        \ \"tags\": {},\r\n  \"properties\": {\r\n    \"sourceVirtualMachine\": {\r\n
        \     \"id\": \"/subscriptions/00000000-0000-0000-0000-000000000000/resourceGroups/clitest.rg000001/providers/Microsoft.Compute/virtualMachines/vm000002\"\r\n
        \   },\r\n    \"storageProfile\": {\r\n      \"osDisk\": {\r\n        \"osType\":
        \"Linux\",\r\n        \"osState\": \"Generalized\",\r\n        \"diskSizeGB\":
        30,\r\n        \"managedDisk\": {\r\n          \"id\": \"/subscriptions/00000000-0000-0000-0000-000000000000/resourceGroups/clitest.rg000001/providers/Microsoft.Compute/disks/vm000002_disk1_e2e31eaf486a42b19266f2c5362128b1\"\r\n
        \       },\r\n        \"caching\": \"ReadWrite\",\r\n        \"storageAccountType\":
        \"Premium_LRS\"\r\n      },\r\n      \"dataDisks\": []\r\n    },\r\n    \"provisioningState\":
        \"Succeeded\",\r\n    \"hyperVGeneration\": \"V1\"\r\n  }\r\n}"
    headers:
      cache-control:
      - no-cache
      content-length:
      - '1017'
      content-type:
      - application/json; charset=utf-8
      date:
      - Thu, 20 Jul 2023 08:49:26 GMT
      expires:
      - '-1'
      pragma:
      - no-cache
      server:
      - Microsoft-HTTPAPI/2.0
      - Microsoft-HTTPAPI/2.0
      strict-transport-security:
      - max-age=31536000; includeSubDomains
      transfer-encoding:
      - chunked
      vary:
      - Accept-Encoding
      x-content-type-options:
      - nosniff
      x-ms-ratelimit-remaining-resource:
      - Microsoft.Compute/GetImages3Min;358,Microsoft.Compute/GetImages30Min;1798
    status:
      code: 200
      message: OK
- request:
    body: null
    headers:
      Accept:
      - application/json
      Accept-Encoding:
      - gzip, deflate
      CommandName:
      - sig image-version create
      Connection:
      - keep-alive
      ParameterSetName:
      - -g --gallery-name --gallery-image-definition --gallery-image-version --managed-image
        --replica-count
      User-Agent:
      - AZURECLI/2.50.0 azsdk-python-azure-mgmt-resource/23.1.0b2 Python/3.9.0 (Windows-10-10.0.19041-SP0)
    method: GET
    uri: https://management.azure.com/subscriptions/00000000-0000-0000-0000-000000000000/resourcegroups/clitest.rg000001?api-version=2022-09-01
  response:
    body:
      string: '{"id":"/subscriptions/00000000-0000-0000-0000-000000000000/resourceGroups/clitest.rg000001","name":"clitest.rg000001","type":"Microsoft.Resources/resourceGroups","location":"eastus2","tags":{"product":"azurecli","cause":"automation","test":"test_create_vm_with_community_gallery_image","date":"2023-07-20T08:45:56Z","module":"vm"},"properties":{"provisioningState":"Succeeded"}}'
    headers:
      cache-control:
      - no-cache
      content-length:
      - '378'
      content-type:
      - application/json; charset=utf-8
      date:
      - Thu, 20 Jul 2023 08:49:27 GMT
      expires:
      - '-1'
      pragma:
      - no-cache
      strict-transport-security:
      - max-age=31536000; includeSubDomains
      vary:
      - Accept-Encoding
      x-content-type-options:
      - nosniff
    status:
      code: 200
      message: OK
- request:
    body: '{"location": "eastus2", "tags": {}, "properties": {"publishingProfile":
      {"targetRegions": [{"name": "eastus2"}], "replicaCount": 1}, "storageProfile":
      {"source": {"id": "/subscriptions/00000000-0000-0000-0000-000000000000/resourceGroups/clitest.rg000001/providers/Microsoft.Compute/images/managedImage1"}}}}'
    headers:
      Accept:
      - application/json
      Accept-Encoding:
      - gzip, deflate
      CommandName:
      - sig image-version create
      Connection:
      - keep-alive
      Content-Length:
      - '307'
      Content-Type:
      - application/json
      ParameterSetName:
      - -g --gallery-name --gallery-image-definition --gallery-image-version --managed-image
        --replica-count
      User-Agent:
      - AZURECLI/2.50.0 azsdk-python-azure-mgmt-compute/29.1.0 Python/3.9.0 (Windows-10-10.0.19041-SP0)
    method: PUT
    uri: https://management.azure.com/subscriptions/00000000-0000-0000-0000-000000000000/resourceGroups/clitest.rg000001/providers/Microsoft.Compute/galleries/gellery000005/images/image000006/versions/1.1.2?api-version=2022-03-03
  response:
    body:
      string: "{\r\n  \"name\": \"1.1.2\",\r\n  \"id\": \"/subscriptions/00000000-0000-0000-0000-000000000000/resourceGroups/clitest.rg000001/providers/Microsoft.Compute/galleries/gellery000005/images/image000006/versions/1.1.2\",\r\n
        \ \"type\": \"Microsoft.Compute/galleries/images/versions\",\r\n  \"location\":
        \"eastus2\",\r\n  \"tags\": {},\r\n  \"properties\": {\r\n    \"publishingProfile\":
        {\r\n      \"targetRegions\": [\r\n        {\r\n          \"name\": \"East
        US 2\",\r\n          \"regionalReplicaCount\": 1,\r\n          \"storageAccountType\":
        \"Standard_LRS\"\r\n        }\r\n      ],\r\n      \"replicaCount\": 1,\r\n
        \     \"excludeFromLatest\": false,\r\n      \"publishedDate\": \"2023-07-20T08:49:32.6216133+00:00\",\r\n
        \     \"storageAccountType\": \"Standard_LRS\"\r\n    },\r\n    \"storageProfile\":
        {\r\n      \"source\": {\r\n        \"id\": \"/subscriptions/00000000-0000-0000-0000-000000000000/resourceGroups/clitest.rg000001/providers/Microsoft.Compute/images/managedImage1\"\r\n
        \     }\r\n    },\r\n    \"safetyProfile\": {\r\n      \"reportedForPolicyViolation\":
        false,\r\n      \"allowDeletionOfReplicatedLocations\": false\r\n    },\r\n
        \   \"provisioningState\": \"Creating\"\r\n  }\r\n}"
    headers:
      azure-asyncoperation:
      - https://management.azure.com/subscriptions/00000000-0000-0000-0000-000000000000/providers/Microsoft.Compute/locations/eastus2/capsOperations/a235f649-4483-4697-b1be-f6ff4aad9fe4?api-version=2022-03-03
      cache-control:
      - no-cache
      content-length:
      - '1082'
      content-type:
      - application/json; charset=utf-8
      date:
      - Thu, 20 Jul 2023 08:49:33 GMT
      expires:
      - '-1'
      pragma:
      - no-cache
      server:
      - Microsoft-HTTPAPI/2.0
      - Microsoft-HTTPAPI/2.0
      strict-transport-security:
      - max-age=31536000; includeSubDomains
      x-content-type-options:
      - nosniff
      x-ms-ratelimit-remaining-resource:
      - Microsoft.Compute/CreateUpdateGalleryImageVersion3Min;374,Microsoft.Compute/CreateUpdateGalleryImageVersion30Min;1199
      x-ms-ratelimit-remaining-subscription-writes:
      - '1197'
    status:
      code: 201
      message: Created
- request:
    body: null
    headers:
      Accept:
      - '*/*'
      Accept-Encoding:
      - gzip, deflate
      CommandName:
      - sig image-version create
      Connection:
      - keep-alive
      ParameterSetName:
      - -g --gallery-name --gallery-image-definition --gallery-image-version --managed-image
        --replica-count
      User-Agent:
      - AZURECLI/2.50.0 azsdk-python-azure-mgmt-compute/29.1.0 Python/3.9.0 (Windows-10-10.0.19041-SP0)
    method: GET
    uri: https://management.azure.com/subscriptions/00000000-0000-0000-0000-000000000000/providers/Microsoft.Compute/locations/eastus2/capsOperations/a235f649-4483-4697-b1be-f6ff4aad9fe4?api-version=2022-03-03
  response:
    body:
      string: "{\r\n  \"startTime\": \"2023-07-20T08:49:32.6216133+00:00\",\r\n  \"status\":
        \"InProgress\",\r\n  \"name\": \"a235f649-4483-4697-b1be-f6ff4aad9fe4\"\r\n}"
    headers:
      cache-control:
      - no-cache
      content-length:
      - '134'
      content-type:
      - application/json; charset=utf-8
      date:
      - Thu, 20 Jul 2023 08:49:33 GMT
      expires:
      - '-1'
      pragma:
      - no-cache
      server:
      - Microsoft-HTTPAPI/2.0
      - Microsoft-HTTPAPI/2.0
      strict-transport-security:
      - max-age=31536000; includeSubDomains
      transfer-encoding:
      - chunked
      vary:
      - Accept-Encoding
      x-content-type-options:
      - nosniff
      x-ms-ratelimit-remaining-resource:
      - Microsoft.Compute/GetOperationStatus3Min;1198,Microsoft.Compute/GetOperationStatus30Min;4184
    status:
      code: 200
      message: OK
- request:
    body: null
    headers:
      Accept:
      - '*/*'
      Accept-Encoding:
      - gzip, deflate
      CommandName:
      - sig image-version create
      Connection:
      - keep-alive
      ParameterSetName:
      - -g --gallery-name --gallery-image-definition --gallery-image-version --managed-image
        --replica-count
      User-Agent:
      - AZURECLI/2.50.0 azsdk-python-azure-mgmt-compute/29.1.0 Python/3.9.0 (Windows-10-10.0.19041-SP0)
    method: GET
    uri: https://management.azure.com/subscriptions/00000000-0000-0000-0000-000000000000/providers/Microsoft.Compute/locations/eastus2/capsOperations/a235f649-4483-4697-b1be-f6ff4aad9fe4?api-version=2022-03-03
  response:
    body:
      string: "{\r\n  \"startTime\": \"2023-07-20T08:49:32.6216133+00:00\",\r\n  \"status\":
        \"InProgress\",\r\n  \"name\": \"a235f649-4483-4697-b1be-f6ff4aad9fe4\"\r\n}"
    headers:
      cache-control:
      - no-cache
      content-length:
      - '134'
      content-type:
      - application/json; charset=utf-8
      date:
      - Thu, 20 Jul 2023 08:50:34 GMT
      expires:
      - '-1'
      pragma:
      - no-cache
      server:
      - Microsoft-HTTPAPI/2.0
      - Microsoft-HTTPAPI/2.0
      strict-transport-security:
      - max-age=31536000; includeSubDomains
      transfer-encoding:
      - chunked
      vary:
      - Accept-Encoding
      x-content-type-options:
      - nosniff
      x-ms-ratelimit-remaining-resource:
      - Microsoft.Compute/GetOperationStatus3Min;1197,Microsoft.Compute/GetOperationStatus30Min;4182
    status:
      code: 200
      message: OK
- request:
    body: null
    headers:
      Accept:
      - '*/*'
      Accept-Encoding:
      - gzip, deflate
      CommandName:
      - sig image-version create
      Connection:
      - keep-alive
      ParameterSetName:
      - -g --gallery-name --gallery-image-definition --gallery-image-version --managed-image
        --replica-count
      User-Agent:
      - AZURECLI/2.50.0 azsdk-python-azure-mgmt-compute/29.1.0 Python/3.9.0 (Windows-10-10.0.19041-SP0)
    method: GET
    uri: https://management.azure.com/subscriptions/00000000-0000-0000-0000-000000000000/providers/Microsoft.Compute/locations/eastus2/capsOperations/a235f649-4483-4697-b1be-f6ff4aad9fe4?api-version=2022-03-03
  response:
    body:
      string: "{\r\n  \"startTime\": \"2023-07-20T08:49:32.6216133+00:00\",\r\n  \"status\":
        \"InProgress\",\r\n  \"name\": \"a235f649-4483-4697-b1be-f6ff4aad9fe4\"\r\n}"
    headers:
      cache-control:
      - no-cache
      content-length:
      - '134'
      content-type:
      - application/json; charset=utf-8
      date:
      - Thu, 20 Jul 2023 08:51:36 GMT
      expires:
      - '-1'
      pragma:
      - no-cache
      server:
      - Microsoft-HTTPAPI/2.0
      - Microsoft-HTTPAPI/2.0
      strict-transport-security:
      - max-age=31536000; includeSubDomains
      transfer-encoding:
      - chunked
      vary:
      - Accept-Encoding
      x-content-type-options:
      - nosniff
      x-ms-ratelimit-remaining-resource:
      - Microsoft.Compute/GetOperationStatus3Min;1195,Microsoft.Compute/GetOperationStatus30Min;4180
    status:
      code: 200
      message: OK
- request:
    body: null
    headers:
      Accept:
      - '*/*'
      Accept-Encoding:
      - gzip, deflate
      CommandName:
      - sig image-version create
      Connection:
      - keep-alive
      ParameterSetName:
      - -g --gallery-name --gallery-image-definition --gallery-image-version --managed-image
        --replica-count
      User-Agent:
      - AZURECLI/2.50.0 azsdk-python-azure-mgmt-compute/29.1.0 Python/3.9.0 (Windows-10-10.0.19041-SP0)
    method: GET
    uri: https://management.azure.com/subscriptions/00000000-0000-0000-0000-000000000000/providers/Microsoft.Compute/locations/eastus2/capsOperations/a235f649-4483-4697-b1be-f6ff4aad9fe4?api-version=2022-03-03
  response:
    body:
      string: "{\r\n  \"startTime\": \"2023-07-20T08:49:32.6216133+00:00\",\r\n  \"status\":
        \"InProgress\",\r\n  \"name\": \"a235f649-4483-4697-b1be-f6ff4aad9fe4\"\r\n}"
    headers:
      cache-control:
      - no-cache
      content-length:
      - '134'
      content-type:
      - application/json; charset=utf-8
      date:
      - Thu, 20 Jul 2023 08:52:36 GMT
      expires:
      - '-1'
      pragma:
      - no-cache
      server:
      - Microsoft-HTTPAPI/2.0
      - Microsoft-HTTPAPI/2.0
      strict-transport-security:
      - max-age=31536000; includeSubDomains
      transfer-encoding:
      - chunked
      vary:
      - Accept-Encoding
      x-content-type-options:
      - nosniff
      x-ms-ratelimit-remaining-resource:
      - Microsoft.Compute/GetOperationStatus3Min;1192,Microsoft.Compute/GetOperationStatus30Min;4176
    status:
      code: 200
      message: OK
- request:
    body: null
    headers:
      Accept:
      - '*/*'
      Accept-Encoding:
      - gzip, deflate
      CommandName:
      - sig image-version create
      Connection:
      - keep-alive
      ParameterSetName:
      - -g --gallery-name --gallery-image-definition --gallery-image-version --managed-image
        --replica-count
      User-Agent:
      - AZURECLI/2.50.0 azsdk-python-azure-mgmt-compute/29.1.0 Python/3.9.0 (Windows-10-10.0.19041-SP0)
    method: GET
    uri: https://management.azure.com/subscriptions/00000000-0000-0000-0000-000000000000/providers/Microsoft.Compute/locations/eastus2/capsOperations/a235f649-4483-4697-b1be-f6ff4aad9fe4?api-version=2022-03-03
  response:
    body:
      string: "{\r\n  \"startTime\": \"2023-07-20T08:49:32.6216133+00:00\",\r\n  \"status\":
        \"InProgress\",\r\n  \"name\": \"a235f649-4483-4697-b1be-f6ff4aad9fe4\"\r\n}"
    headers:
      cache-control:
      - no-cache
      content-length:
      - '134'
      content-type:
      - application/json; charset=utf-8
      date:
      - Thu, 20 Jul 2023 08:53:38 GMT
      expires:
      - '-1'
      pragma:
      - no-cache
      server:
      - Microsoft-HTTPAPI/2.0
      - Microsoft-HTTPAPI/2.0
      strict-transport-security:
      - max-age=31536000; includeSubDomains
      transfer-encoding:
      - chunked
      vary:
      - Accept-Encoding
      x-content-type-options:
      - nosniff
      x-ms-ratelimit-remaining-resource:
      - Microsoft.Compute/GetOperationStatus3Min;1190,Microsoft.Compute/GetOperationStatus30Min;4172
    status:
      code: 200
      message: OK
- request:
    body: null
    headers:
      Accept:
      - '*/*'
      Accept-Encoding:
      - gzip, deflate
      CommandName:
      - sig image-version create
      Connection:
      - keep-alive
      ParameterSetName:
      - -g --gallery-name --gallery-image-definition --gallery-image-version --managed-image
        --replica-count
      User-Agent:
      - AZURECLI/2.50.0 azsdk-python-azure-mgmt-compute/29.1.0 Python/3.9.0 (Windows-10-10.0.19041-SP0)
    method: GET
    uri: https://management.azure.com/subscriptions/00000000-0000-0000-0000-000000000000/providers/Microsoft.Compute/locations/eastus2/capsOperations/a235f649-4483-4697-b1be-f6ff4aad9fe4?api-version=2022-03-03
  response:
    body:
      string: "{\r\n  \"startTime\": \"2023-07-20T08:49:32.6216133+00:00\",\r\n  \"status\":
        \"InProgress\",\r\n  \"name\": \"a235f649-4483-4697-b1be-f6ff4aad9fe4\"\r\n}"
    headers:
      cache-control:
      - no-cache
      content-length:
      - '134'
      content-type:
      - application/json; charset=utf-8
      date:
      - Thu, 20 Jul 2023 08:54:39 GMT
      expires:
      - '-1'
      pragma:
      - no-cache
      server:
      - Microsoft-HTTPAPI/2.0
      - Microsoft-HTTPAPI/2.0
      strict-transport-security:
      - max-age=31536000; includeSubDomains
      transfer-encoding:
      - chunked
      vary:
      - Accept-Encoding
      x-content-type-options:
      - nosniff
      x-ms-ratelimit-remaining-resource:
      - Microsoft.Compute/GetOperationStatus3Min;1189,Microsoft.Compute/GetOperationStatus30Min;4168
    status:
      code: 200
      message: OK
- request:
    body: null
    headers:
      Accept:
      - '*/*'
      Accept-Encoding:
      - gzip, deflate
      CommandName:
      - sig image-version create
      Connection:
      - keep-alive
      ParameterSetName:
      - -g --gallery-name --gallery-image-definition --gallery-image-version --managed-image
        --replica-count
      User-Agent:
      - AZURECLI/2.50.0 azsdk-python-azure-mgmt-compute/29.1.0 Python/3.9.0 (Windows-10-10.0.19041-SP0)
    method: GET
    uri: https://management.azure.com/subscriptions/00000000-0000-0000-0000-000000000000/providers/Microsoft.Compute/locations/eastus2/capsOperations/a235f649-4483-4697-b1be-f6ff4aad9fe4?api-version=2022-03-03
  response:
    body:
      string: "{\r\n  \"startTime\": \"2023-07-20T08:49:32.6216133+00:00\",\r\n  \"status\":
        \"InProgress\",\r\n  \"name\": \"a235f649-4483-4697-b1be-f6ff4aad9fe4\"\r\n}"
    headers:
      cache-control:
      - no-cache
      content-length:
      - '134'
      content-type:
      - application/json; charset=utf-8
      date:
      - Thu, 20 Jul 2023 08:55:40 GMT
      expires:
      - '-1'
      pragma:
      - no-cache
      server:
      - Microsoft-HTTPAPI/2.0
      - Microsoft-HTTPAPI/2.0
      strict-transport-security:
      - max-age=31536000; includeSubDomains
      transfer-encoding:
      - chunked
      vary:
      - Accept-Encoding
      x-content-type-options:
      - nosniff
      x-ms-ratelimit-remaining-resource:
      - Microsoft.Compute/GetOperationStatus3Min;1190,Microsoft.Compute/GetOperationStatus30Min;4165
    status:
      code: 200
      message: OK
- request:
    body: null
    headers:
      Accept:
      - '*/*'
      Accept-Encoding:
      - gzip, deflate
      CommandName:
      - sig image-version create
      Connection:
      - keep-alive
      ParameterSetName:
      - -g --gallery-name --gallery-image-definition --gallery-image-version --managed-image
        --replica-count
      User-Agent:
      - AZURECLI/2.50.0 azsdk-python-azure-mgmt-compute/29.1.0 Python/3.9.0 (Windows-10-10.0.19041-SP0)
    method: GET
    uri: https://management.azure.com/subscriptions/00000000-0000-0000-0000-000000000000/providers/Microsoft.Compute/locations/eastus2/capsOperations/a235f649-4483-4697-b1be-f6ff4aad9fe4?api-version=2022-03-03
  response:
    body:
      string: "{\r\n  \"startTime\": \"2023-07-20T08:49:32.6216133+00:00\",\r\n  \"status\":
        \"InProgress\",\r\n  \"name\": \"a235f649-4483-4697-b1be-f6ff4aad9fe4\"\r\n}"
    headers:
      cache-control:
      - no-cache
      content-length:
      - '134'
      content-type:
      - application/json; charset=utf-8
      date:
      - Thu, 20 Jul 2023 08:56:41 GMT
      expires:
      - '-1'
      pragma:
      - no-cache
      server:
      - Microsoft-HTTPAPI/2.0
      - Microsoft-HTTPAPI/2.0
      strict-transport-security:
      - max-age=31536000; includeSubDomains
      transfer-encoding:
      - chunked
      vary:
      - Accept-Encoding
      x-content-type-options:
      - nosniff
      x-ms-ratelimit-remaining-resource:
      - Microsoft.Compute/GetOperationStatus3Min;1190,Microsoft.Compute/GetOperationStatus30Min;4161
    status:
      code: 200
      message: OK
- request:
    body: null
    headers:
      Accept:
      - '*/*'
      Accept-Encoding:
      - gzip, deflate
      CommandName:
      - sig image-version create
      Connection:
      - keep-alive
      ParameterSetName:
      - -g --gallery-name --gallery-image-definition --gallery-image-version --managed-image
        --replica-count
      User-Agent:
      - AZURECLI/2.50.0 azsdk-python-azure-mgmt-compute/29.1.0 Python/3.9.0 (Windows-10-10.0.19041-SP0)
    method: GET
    uri: https://management.azure.com/subscriptions/00000000-0000-0000-0000-000000000000/providers/Microsoft.Compute/locations/eastus2/capsOperations/a235f649-4483-4697-b1be-f6ff4aad9fe4?api-version=2022-03-03
  response:
    body:
      string: "{\r\n  \"startTime\": \"2023-07-20T08:49:32.6216133+00:00\",\r\n  \"endTime\":
        \"2023-07-20T08:56:41.7452643+00:00\",\r\n  \"status\": \"Succeeded\",\r\n
        \ \"name\": \"a235f649-4483-4697-b1be-f6ff4aad9fe4\"\r\n}"
    headers:
      cache-control:
      - no-cache
      content-length:
      - '184'
      content-type:
      - application/json; charset=utf-8
      date:
      - Thu, 20 Jul 2023 08:57:42 GMT
      expires:
      - '-1'
      pragma:
      - no-cache
      server:
      - Microsoft-HTTPAPI/2.0
      - Microsoft-HTTPAPI/2.0
      strict-transport-security:
      - max-age=31536000; includeSubDomains
      transfer-encoding:
      - chunked
      vary:
      - Accept-Encoding
      x-content-type-options:
      - nosniff
      x-ms-ratelimit-remaining-resource:
      - Microsoft.Compute/GetOperationStatus3Min;1190,Microsoft.Compute/GetOperationStatus30Min;4157
    status:
      code: 200
      message: OK
- request:
    body: null
    headers:
      Accept:
      - '*/*'
      Accept-Encoding:
      - gzip, deflate
      CommandName:
      - sig image-version create
      Connection:
      - keep-alive
      ParameterSetName:
      - -g --gallery-name --gallery-image-definition --gallery-image-version --managed-image
        --replica-count
      User-Agent:
      - AZURECLI/2.50.0 azsdk-python-azure-mgmt-compute/29.1.0 Python/3.9.0 (Windows-10-10.0.19041-SP0)
    method: GET
    uri: https://management.azure.com/subscriptions/00000000-0000-0000-0000-000000000000/resourceGroups/clitest.rg000001/providers/Microsoft.Compute/galleries/gellery000005/images/image000006/versions/1.1.2?api-version=2022-03-03
  response:
    body:
      string: "{\r\n  \"name\": \"1.1.2\",\r\n  \"id\": \"/subscriptions/00000000-0000-0000-0000-000000000000/resourceGroups/clitest.rg000001/providers/Microsoft.Compute/galleries/gellery000005/images/image000006/versions/1.1.2\",\r\n
        \ \"type\": \"Microsoft.Compute/galleries/images/versions\",\r\n  \"location\":
        \"eastus2\",\r\n  \"tags\": {},\r\n  \"properties\": {\r\n    \"publishingProfile\":
        {\r\n      \"targetRegions\": [\r\n        {\r\n          \"name\": \"East
        US 2\",\r\n          \"regionalReplicaCount\": 1,\r\n          \"storageAccountType\":
        \"Standard_LRS\"\r\n        }\r\n      ],\r\n      \"replicaCount\": 1,\r\n
        \     \"excludeFromLatest\": false,\r\n      \"publishedDate\": \"2023-07-20T08:49:32.6216133+00:00\",\r\n
        \     \"storageAccountType\": \"Standard_LRS\"\r\n    },\r\n    \"storageProfile\":
        {\r\n      \"source\": {\r\n        \"id\": \"/subscriptions/00000000-0000-0000-0000-000000000000/resourceGroups/clitest.rg000001/providers/Microsoft.Compute/images/managedImage1\"\r\n
        \     },\r\n      \"osDiskImage\": {\r\n        \"sizeInGB\": 30,\r\n        \"hostCaching\":
        \"ReadWrite\",\r\n        \"source\": {}\r\n      }\r\n    },\r\n    \"safetyProfile\":
        {\r\n      \"reportedForPolicyViolation\": false,\r\n      \"allowDeletionOfReplicatedLocations\":
        false\r\n    },\r\n    \"provisioningState\": \"Succeeded\"\r\n  }\r\n}"
    headers:
      cache-control:
      - no-cache
      content-length:
      - '1201'
      content-type:
      - application/json; charset=utf-8
      date:
      - Thu, 20 Jul 2023 08:57:43 GMT
      expires:
      - '-1'
      pragma:
      - no-cache
      server:
      - Microsoft-HTTPAPI/2.0
      - Microsoft-HTTPAPI/2.0
      strict-transport-security:
      - max-age=31536000; includeSubDomains
      transfer-encoding:
      - chunked
      vary:
      - Accept-Encoding
      x-content-type-options:
      - nosniff
      x-ms-ratelimit-remaining-resource:
      - Microsoft.Compute/GetGalleryImageVersion3Min;1997,Microsoft.Compute/GetGalleryImageVersion30Min;9993
    status:
      code: 200
      message: OK
- request:
    body: null
    headers:
      Accept:
      - application/json
      Accept-Encoding:
      - gzip, deflate
      CommandName:
      - sig show
      Connection:
      - keep-alive
      ParameterSetName:
      - --gallery-name --resource-group --select
      User-Agent:
      - AZURECLI/2.50.0 azsdk-python-azure-mgmt-compute/29.1.0 Python/3.9.0 (Windows-10-10.0.19041-SP0)
    method: GET
    uri: https://management.azure.com/subscriptions/00000000-0000-0000-0000-000000000000/resourceGroups/clitest.rg000001/providers/Microsoft.Compute/galleries/gellery000005?api-version=2021-10-01&$select=Permissions
  response:
    body:
      string: "{\r\n  \"name\": \"gellery000005\",\r\n  \"id\": \"/subscriptions/00000000-0000-0000-0000-000000000000/resourceGroups/clitest.rg000001/providers/Microsoft.Compute/galleries/gellery000005\",\r\n
        \ \"type\": \"Microsoft.Compute/galleries\",\r\n  \"location\": \"eastus2\",\r\n
        \ \"tags\": {},\r\n  \"properties\": {\r\n    \"identifier\": {\r\n      \"uniqueName\":
        \"0b1f6471-1bf0-4dda-aec3-cb9272f09590-GELLERYOHM5QOKML\"\r\n    },\r\n    \"sharingProfile\":
        {\r\n      \"permissions\": \"Community\",\r\n      \"communityGalleryInfo\":
        {\r\n        \"communityGalleryEnabled\": true,\r\n        \"publisherUri\":
        \"puburi\",\r\n        \"publisherContact\": \"abc@123.com\",\r\n        \"eula\":
        \"eula\",\r\n        \"publicNamePrefix\": \"pubname\",\r\n        \"publicNames\":
        [\r\n          \"pubname-4f5ecce7-faf0-4cc3-b56b-8802a60d3456\"\r\n        ]\r\n
        \     }\r\n    },\r\n    \"provisioningState\": \"Succeeded\"\r\n  }\r\n}"
    headers:
      cache-control:
      - no-cache
      content-length:
      - '822'
      content-type:
      - application/json; charset=utf-8
      date:
      - Thu, 20 Jul 2023 08:57:45 GMT
      expires:
      - '-1'
      pragma:
      - no-cache
      server:
      - Microsoft-HTTPAPI/2.0
      - Microsoft-HTTPAPI/2.0
      strict-transport-security:
      - max-age=31536000; includeSubDomains
      transfer-encoding:
      - chunked
      vary:
      - Accept-Encoding
      x-content-type-options:
      - nosniff
      x-ms-ratelimit-remaining-resource:
      - Microsoft.Compute/GetGallery3Min;341,Microsoft.Compute/GetGallery30Min;2470
    status:
      code: 200
      message: OK
- request:
    body: null
    headers:
      Accept:
      - application/json
      Accept-Encoding:
      - gzip, deflate
      CommandName:
      - sig image-version show-community
      Connection:
      - keep-alive
      ParameterSetName:
      - --gallery-image-definition --public-gallery-name -l --gallery-image-version
      User-Agent:
      - AZURECLI/2.50.0 (AAZ) azsdk-python-core/1.26.0 Python/3.9.0 (Windows-10-10.0.19041-SP0)
    method: GET
    uri: https://management.azure.com/subscriptions/00000000-0000-0000-0000-000000000000/providers/Microsoft.Compute/locations/eastus2/communityGalleries/pubname-4f5ecce7-faf0-4cc3-b56b-8802a60d3456/images/image000006/versions/1.1.2?api-version=2022-01-03
  response:
    body:
      string: "{\r\n  \"properties\": {\r\n    \"disclaimer\": \"https://aka.ms/community-gallery-disclaimer\",\r\n
        \   \"publishedDate\": \"2023-07-20T08:49:32.6216133+00:00\",\r\n    \"excludeFromLatest\":
        false,\r\n    \"storageProfile\": {\r\n      \"osDiskImage\": {\r\n        \"diskSizeGB\":
        30,\r\n        \"hostCaching\": \"ReadWrite\"\r\n      }\r\n    }\r\n  },\r\n
        \ \"location\": \"eastus2\",\r\n  \"name\": \"1.1.2\",\r\n  \"identifier\":
        {\r\n    \"uniqueId\": \"/CommunityGalleries/pubname-4f5ecce7-faf0-4cc3-b56b-8802a60d3456/Images/image000006/Versions/1.1.2\"\r\n
        \ }\r\n}"
    headers:
      cache-control:
      - no-cache
      content-length:
      - '503'
      content-type:
      - application/json; charset=utf-8
      date:
      - Thu, 20 Jul 2023 08:57:46 GMT
      expires:
      - '-1'
      pragma:
      - no-cache
      server:
      - Microsoft-HTTPAPI/2.0
      - Microsoft-HTTPAPI/2.0
      strict-transport-security:
      - max-age=31536000; includeSubDomains
      transfer-encoding:
      - chunked
      vary:
      - Accept-Encoding
      x-content-type-options:
      - nosniff
      x-ms-ratelimit-remaining-resource:
      - Microsoft.Compute/GetGalleryArtifactVersion3Min;1999,Microsoft.Compute/GetGalleryArtifactVersion30Min;9999
    status:
      code: 200
      message: OK
- request:
    body: null
    headers:
      Accept:
      - application/json
      Accept-Encoding:
      - gzip, deflate
      CommandName:
      - sig image-version show-community
      Connection:
      - keep-alive
      ParameterSetName:
      - --gallery-image-definition --public-gallery-name --location --gallery-image-version
      User-Agent:
      - AZURECLI/2.50.0 (AAZ) azsdk-python-core/1.26.0 Python/3.9.0 (Windows-10-10.0.19041-SP0)
    method: GET
    uri: https://management.azure.com/subscriptions/00000000-0000-0000-0000-000000000000/providers/Microsoft.Compute/locations/eastus2/communityGalleries/pubname-4f5ecce7-faf0-4cc3-b56b-8802a60d3456/images/image000006/versions/1.1.2?api-version=2022-01-03
  response:
    body:
      string: "{\r\n  \"properties\": {\r\n    \"disclaimer\": \"https://aka.ms/community-gallery-disclaimer\",\r\n
        \   \"publishedDate\": \"2023-07-20T08:49:32.6216133+00:00\",\r\n    \"excludeFromLatest\":
        false,\r\n    \"storageProfile\": {\r\n      \"osDiskImage\": {\r\n        \"diskSizeGB\":
        30,\r\n        \"hostCaching\": \"ReadWrite\"\r\n      }\r\n    }\r\n  },\r\n
        \ \"location\": \"eastus2\",\r\n  \"name\": \"1.1.2\",\r\n  \"identifier\":
        {\r\n    \"uniqueId\": \"/CommunityGalleries/pubname-4f5ecce7-faf0-4cc3-b56b-8802a60d3456/Images/image000006/Versions/1.1.2\"\r\n
        \ }\r\n}"
    headers:
      cache-control:
      - no-cache
      content-length:
      - '503'
      content-type:
      - application/json; charset=utf-8
      date:
      - Thu, 20 Jul 2023 08:57:47 GMT
      expires:
      - '-1'
      pragma:
      - no-cache
      server:
      - Microsoft-HTTPAPI/2.0
      - Microsoft-HTTPAPI/2.0
      strict-transport-security:
      - max-age=31536000; includeSubDomains
      transfer-encoding:
      - chunked
      vary:
      - Accept-Encoding
      x-content-type-options:
      - nosniff
      x-ms-ratelimit-remaining-resource:
      - Microsoft.Compute/GetGalleryArtifactVersion3Min;1998,Microsoft.Compute/GetGalleryArtifactVersion30Min;9998
    status:
      code: 200
      message: OK
- request:
    body: null
    headers:
      Accept:
      - application/json
      Accept-Encoding:
      - gzip, deflate
      CommandName:
      - vm create
      Connection:
      - keep-alive
      ParameterSetName:
      - -g -n --image --admin-username --generate-ssh-keys --nsg-rule --accept-term
      User-Agent:
      - AZURECLI/2.50.0 azsdk-python-azure-mgmt-resource/23.1.0b2 Python/3.9.0 (Windows-10-10.0.19041-SP0)
    method: GET
    uri: https://management.azure.com/subscriptions/00000000-0000-0000-0000-000000000000/resourcegroups/clitest.rg000001?api-version=2022-09-01
  response:
    body:
      string: '{"id":"/subscriptions/00000000-0000-0000-0000-000000000000/resourceGroups/clitest.rg000001","name":"clitest.rg000001","type":"Microsoft.Resources/resourceGroups","location":"eastus2","tags":{"product":"azurecli","cause":"automation","test":"test_create_vm_with_community_gallery_image","date":"2023-07-20T08:45:56Z","module":"vm"},"properties":{"provisioningState":"Succeeded"}}'
    headers:
      cache-control:
      - no-cache
      content-length:
      - '378'
      content-type:
      - application/json; charset=utf-8
      date:
      - Thu, 20 Jul 2023 08:57:48 GMT
      expires:
      - '-1'
      pragma:
      - no-cache
      strict-transport-security:
      - max-age=31536000; includeSubDomains
      vary:
      - Accept-Encoding
      x-content-type-options:
      - nosniff
    status:
      code: 200
      message: OK
- request:
    body: null
    headers:
      Accept:
      - application/json
      Accept-Encoding:
      - gzip, deflate
      CommandName:
      - vm create
      Connection:
      - keep-alive
      ParameterSetName:
      - -g -n --image --admin-username --generate-ssh-keys --nsg-rule --accept-term
      User-Agent:
      - AZURECLI/2.50.0 azsdk-python-azure-mgmt-compute/29.1.0 Python/3.9.0 (Windows-10-10.0.19041-SP0)
    method: GET
    uri: https://management.azure.com/subscriptions/00000000-0000-0000-0000-000000000000/providers/Microsoft.Compute/locations/eastus2/communityGalleries/pubname-4f5ecce7-faf0-4cc3-b56b-8802a60d3456/images/image000006?api-version=2022-03-03
  response:
    body:
      string: "{\r\n  \"properties\": {\r\n    \"disclaimer\": \"https://aka.ms/community-gallery-disclaimer\",\r\n
        \   \"osType\": \"Linux\",\r\n    \"osState\": \"Generalized\",\r\n    \"recommended\":
        {},\r\n    \"hyperVGeneration\": \"V1\",\r\n    \"architecture\": \"x64\",\r\n
        \   \"identifier\": {\r\n      \"publisher\": \"\",\r\n      \"offer\": \"\",\r\n
        \     \"sku\": \"\"\r\n    }\r\n  },\r\n  \"location\": \"eastus2\",\r\n  \"name\":
        \"image000006\",\r\n  \"identifier\": {\r\n    \"uniqueId\": \"/CommunityGalleries/pubname-4f5ecce7-faf0-4cc3-b56b-8802a60d3456/Images/image000006\"\r\n
        \ }\r\n}"
    headers:
      cache-control:
      - no-cache
      content-length:
      - '501'
      content-type:
      - application/json; charset=utf-8
      date:
      - Thu, 20 Jul 2023 08:57:49 GMT
      expires:
      - '-1'
      pragma:
      - no-cache
      server:
      - Microsoft-HTTPAPI/2.0
      - Microsoft-HTTPAPI/2.0
      strict-transport-security:
      - max-age=31536000; includeSubDomains
      transfer-encoding:
      - chunked
      vary:
      - Accept-Encoding
      x-content-type-options:
      - nosniff
      x-ms-ratelimit-remaining-resource:
      - Microsoft.Compute/GetGalleryArtifact3Min;599,Microsoft.Compute/GetGalleryArtifact30Min;2999
    status:
      code: 200
      message: OK
- request:
    body: null
    headers:
      Accept:
      - application/json
      Accept-Encoding:
      - gzip, deflate
      CommandName:
      - vm create
      Connection:
      - keep-alive
      ParameterSetName:
      - -g -n --image --admin-username --generate-ssh-keys --nsg-rule --accept-term
      User-Agent:
      - AZURECLI/2.50.0 (AAZ) azsdk-python-core/1.26.0 Python/3.9.0 (Windows-10-10.0.19041-SP0)
    method: GET
    uri: https://management.azure.com/subscriptions/00000000-0000-0000-0000-000000000000/resourceGroups/clitest.rg000001/providers/Microsoft.Network/virtualNetworks?api-version=2022-01-01
  response:
    body:
      string: "{\r\n  \"value\": [\r\n    {\r\n      \"name\": \"vm000002VNET\",\r\n
        \     \"id\": \"/subscriptions/00000000-0000-0000-0000-000000000000/resourceGroups/clitest.rg000001/providers/Microsoft.Network/virtualNetworks/vm000002VNET\",\r\n
        \     \"etag\": \"W/\\\"b43f09fe-b3be-4fab-84d6-f146472e2272\\\"\",\r\n      \"type\":
        \"Microsoft.Network/virtualNetworks\",\r\n      \"location\": \"eastus2\",\r\n
        \     \"tags\": {},\r\n      \"properties\": {\r\n        \"provisioningState\":
        \"Succeeded\",\r\n        \"resourceGuid\": \"f0037bf5-61ea-46dc-b775-1b213ee1b29d\",\r\n
        \       \"addressSpace\": {\r\n          \"addressPrefixes\": [\r\n            \"10.0.0.0/16\"\r\n
        \         ]\r\n        },\r\n        \"subnets\": [\r\n          {\r\n            \"name\":
        \"vm000002Subnet\",\r\n            \"id\": \"/subscriptions/00000000-0000-0000-0000-000000000000/resourceGroups/clitest.rg000001/providers/Microsoft.Network/virtualNetworks/vm000002VNET/subnets/vm000002Subnet\",\r\n
        \           \"etag\": \"W/\\\"b43f09fe-b3be-4fab-84d6-f146472e2272\\\"\",\r\n
        \           \"properties\": {\r\n              \"provisioningState\": \"Succeeded\",\r\n
        \             \"addressPrefix\": \"10.0.0.0/24\",\r\n              \"ipConfigurations\":
        [\r\n                {\r\n                  \"id\": \"/subscriptions/00000000-0000-0000-0000-000000000000/resourceGroups/clitest.rg000001/providers/Microsoft.Network/networkInterfaces/vm000002VMNic/ipConfigurations/ipconfigvm000002\"\r\n
        \               }\r\n              ],\r\n              \"delegations\": [],\r\n
        \             \"privateEndpointNetworkPolicies\": \"Disabled\",\r\n              \"privateLinkServiceNetworkPolicies\":
        \"Enabled\"\r\n            },\r\n            \"type\": \"Microsoft.Network/virtualNetworks/subnets\"\r\n
        \         }\r\n        ],\r\n        \"virtualNetworkPeerings\": [],\r\n        \"enableDdosProtection\":
        false\r\n      }\r\n    }\r\n  ]\r\n}"
    headers:
      cache-control:
      - no-cache
      content-length:
      - '1729'
      content-type:
      - application/json; charset=utf-8
      date:
      - Thu, 20 Jul 2023 08:57:52 GMT
      expires:
      - '-1'
      pragma:
      - no-cache
      server:
      - Microsoft-HTTPAPI/2.0
      - Microsoft-HTTPAPI/2.0
      strict-transport-security:
      - max-age=31536000; includeSubDomains
      transfer-encoding:
      - chunked
      vary:
      - Accept-Encoding
      x-content-type-options:
      - nosniff
      x-ms-arm-service-request-id:
      - 3ddd12a5-56e2-4116-8fb4-d638df58388b
    status:
      code: 200
      message: OK
- request:
    body: null
    headers:
      Accept:
      - application/json
      Accept-Encoding:
      - gzip, deflate
      CommandName:
      - vm create
      Connection:
      - keep-alive
      ParameterSetName:
      - -g -n --image --admin-username --generate-ssh-keys --nsg-rule --accept-term
      User-Agent:
      - AZURECLI/2.50.0 azsdk-python-azure-mgmt-compute/29.1.0 Python/3.9.0 (Windows-10-10.0.19041-SP0)
    method: GET
    uri: https://management.azure.com/subscriptions/00000000-0000-0000-0000-000000000000/providers/Microsoft.Compute/locations/eastus2/communityGalleries/pubname-4f5ecce7-faf0-4cc3-b56b-8802a60d3456/images/image000006?api-version=2022-03-03
  response:
    body:
      string: "{\r\n  \"properties\": {\r\n    \"disclaimer\": \"https://aka.ms/community-gallery-disclaimer\",\r\n
        \   \"osType\": \"Linux\",\r\n    \"osState\": \"Generalized\",\r\n    \"recommended\":
        {},\r\n    \"hyperVGeneration\": \"V1\",\r\n    \"architecture\": \"x64\",\r\n
        \   \"identifier\": {\r\n      \"publisher\": \"\",\r\n      \"offer\": \"\",\r\n
        \     \"sku\": \"\"\r\n    }\r\n  },\r\n  \"location\": \"eastus2\",\r\n  \"name\":
        \"image000006\",\r\n  \"identifier\": {\r\n    \"uniqueId\": \"/CommunityGalleries/pubname-4f5ecce7-faf0-4cc3-b56b-8802a60d3456/Images/image000006\"\r\n
        \ }\r\n}"
    headers:
      cache-control:
      - no-cache
      content-length:
      - '501'
      content-type:
      - application/json; charset=utf-8
      date:
      - Thu, 20 Jul 2023 08:57:54 GMT
      expires:
      - '-1'
      pragma:
      - no-cache
      server:
      - Microsoft-HTTPAPI/2.0
      - Microsoft-HTTPAPI/2.0
      strict-transport-security:
      - max-age=31536000; includeSubDomains
      transfer-encoding:
      - chunked
      vary:
      - Accept-Encoding
      x-content-type-options:
      - nosniff
      x-ms-ratelimit-remaining-resource:
      - Microsoft.Compute/GetGalleryArtifact3Min;598,Microsoft.Compute/GetGalleryArtifact30Min;2998
    status:
      code: 200
      message: OK
- request:
    body: '{"properties": {"template": {"$schema": "https://schema.management.azure.com/schemas/2015-01-01/deploymentTemplate.json#",
      "contentVersion": "1.0.0.0", "parameters": {}, "variables": {}, "resources":
      [{"type": "Microsoft.Network/networkSecurityGroups", "name": "vm_sg000003NSG",
      "apiVersion": "2015-06-15", "location": "eastus2", "tags": {}, "dependsOn":
      []}, {"apiVersion": "2022-01-01", "type": "Microsoft.Network/publicIPAddresses",
      "name": "vm_sg000003PublicIP", "location": "eastus2", "tags": {}, "dependsOn":
      [], "properties": {"publicIPAllocationMethod": null}}, {"apiVersion": "2015-06-15",
      "type": "Microsoft.Network/networkInterfaces", "name": "vm_sg000003VMNic", "location":
      "eastus2", "tags": {}, "dependsOn": ["Microsoft.Network/networkSecurityGroups/vm_sg000003NSG",
      "Microsoft.Network/publicIpAddresses/vm_sg000003PublicIP"], "properties": {"ipConfigurations":
      [{"name": "ipconfigvm_sg000003", "properties": {"privateIPAllocationMethod":
      "Dynamic", "subnet": {"id": "/subscriptions/00000000-0000-0000-0000-000000000000/resourceGroups/clitest.rg000001/providers/Microsoft.Network/virtualNetworks/vm000002VNET/subnets/vm000002Subnet"},
      "publicIPAddress": {"id": "/subscriptions/00000000-0000-0000-0000-000000000000/resourceGroups/clitest.rg000001/providers/Microsoft.Network/publicIPAddresses/vm_sg000003PublicIP"}}}],
      "networkSecurityGroup": {"id": "/subscriptions/00000000-0000-0000-0000-000000000000/resourceGroups/clitest.rg000001/providers/Microsoft.Network/networkSecurityGroups/vm_sg000003NSG"}}},
      {"apiVersion": "2022-11-01", "type": "Microsoft.Compute/virtualMachines", "name":
      "vm_sg000003", "location": "eastus2", "tags": {}, "dependsOn": ["Microsoft.Network/networkInterfaces/vm_sg000003VMNic"],
      "properties": {"hardwareProfile": {"vmSize": "Standard_DS1_v2"}, "networkProfile":
      {"networkInterfaces": [{"id": "/subscriptions/00000000-0000-0000-0000-000000000000/resourceGroups/clitest.rg000001/providers/Microsoft.Network/networkInterfaces/vm_sg000003VMNic",
      "properties": {"deleteOption": null}}]}, "storageProfile": {"osDisk": {"caching":
      "ReadWrite", "managedDisk": {"storageAccountType": null}, "name": null, "createOption":
      "fromImage"}, "imageReference": {"communityGalleryImageId": "/CommunityGalleries/pubname-4f5ecce7-faf0-4cc3-b56b-8802a60d3456/Images/image000006/Versions/1.1.2"}},
      "osProfile": {"computerName": "vmsgex3wibd57j5", "adminUsername": "gallerytest",
      "linuxConfiguration": {"disablePasswordAuthentication": true, "ssh": {"publicKeys":
      [{"keyData": "ssh-rsa AAAAB3NzaC1yc2EAAAADAQABAAABgQDmGsW4LjseEjF/ye2EN/w3j6dmswbvXI7N/UlAqV8aCxHeYYIjFDnuhFQSF7i1iYgTt8St/6FGkIaTA4ZefhrVVZtJw8dUEKzDkUIMfdQGu4TdlpDjQIeUSHzz1KNFwhANVNK9pm1cy5Z4P3GJd1PP+lTx/IRP+qZesTC/UCSV7EluCmoj5xg6LeC9MWksu07APIFRJySqxVi8nSbCFFHODW5QTZ/82n6iJzbSRDn7KgEQGzfFEAZgzxJE+ino+r3569kWzO/qkixm92swj97fnuOX7i0Ohe1T4Me5dFvpEifoQ3bii1vG4DQDQ7L2pvEvzQyy11Hr9dDtPHZTCzeIr62vWArq75T149ZLCNjfQh44vmbeSPAc/0KVakQOEiDjLvUkMSgDUx6DD4bQgiaEyWnZ23CZ3U1U9xag4p3Kl48tGLGHTpzplaZJQEAVogeloxE1tPLBGi7et3TskoXejHhl9BrtsnXLeNVj1ep9dqD2kxNogVSc4/Av8Wuv9oU=
      zhuyan@microsoft.com\n", "path": "/home/gallerytest/.ssh/authorized_keys"}]}}}}}],
      "outputs": {}}, "parameters": {}, "mode": "incremental"}}'
    headers:
      Accept:
      - application/json
      Accept-Encoding:
      - gzip, deflate
      CommandName:
      - vm create
      Connection:
      - keep-alive
      Content-Length:
      - '3190'
      Content-Type:
      - application/json
      ParameterSetName:
      - -g -n --image --admin-username --generate-ssh-keys --nsg-rule --accept-term
      User-Agent:
      - AZURECLI/2.50.0 azsdk-python-azure-mgmt-resource/23.1.0b2 Python/3.9.0 (Windows-10-10.0.19041-SP0)
    method: PUT
    uri: https://management.azure.com/subscriptions/00000000-0000-0000-0000-000000000000/resourcegroups/clitest.rg000001/providers/Microsoft.Resources/deployments/mock-deployment?api-version=2022-09-01
  response:
    body:
      string: '{"id":"/subscriptions/00000000-0000-0000-0000-000000000000/resourceGroups/clitest.rg000001/providers/Microsoft.Resources/deployments/vm_deploy_uFRRmc0iTBb6TFpquYxUzLpQzPBvRglf","name":"vm_deploy_uFRRmc0iTBb6TFpquYxUzLpQzPBvRglf","type":"Microsoft.Resources/deployments","properties":{"templateHash":"10319463980785972769","parameters":{},"mode":"Incremental","provisioningState":"Accepted","timestamp":"2023-07-20T08:58:01.6778083Z","duration":"PT0.0007151S","correlationId":"bd93ab77-ab2a-4572-b52a-5d2e4d8f8aed","providers":[{"namespace":"Microsoft.Network","resourceTypes":[{"resourceType":"networkSecurityGroups","locations":["eastus2"]},{"resourceType":"publicIPAddresses","locations":["eastus2"]},{"resourceType":"networkInterfaces","locations":["eastus2"]}]},{"namespace":"Microsoft.Compute","resourceTypes":[{"resourceType":"virtualMachines","locations":["eastus2"]}]}],"dependencies":[{"dependsOn":[{"id":"/subscriptions/00000000-0000-0000-0000-000000000000/resourceGroups/clitest.rg000001/providers/Microsoft.Network/networkSecurityGroups/vm_sg000003NSG","resourceType":"Microsoft.Network/networkSecurityGroups","resourceName":"vm_sg000003NSG"},{"id":"/subscriptions/00000000-0000-0000-0000-000000000000/resourceGroups/clitest.rg000001/providers/Microsoft.Network/publicIPAddresses/vm_sg000003PublicIP","resourceType":"Microsoft.Network/publicIPAddresses","resourceName":"vm_sg000003PublicIP"}],"id":"/subscriptions/00000000-0000-0000-0000-000000000000/resourceGroups/clitest.rg000001/providers/Microsoft.Network/networkInterfaces/vm_sg000003VMNic","resourceType":"Microsoft.Network/networkInterfaces","resourceName":"vm_sg000003VMNic"},{"dependsOn":[{"id":"/subscriptions/00000000-0000-0000-0000-000000000000/resourceGroups/clitest.rg000001/providers/Microsoft.Network/networkInterfaces/vm_sg000003VMNic","resourceType":"Microsoft.Network/networkInterfaces","resourceName":"vm_sg000003VMNic"}],"id":"/subscriptions/00000000-0000-0000-0000-000000000000/resourceGroups/clitest.rg000001/providers/Microsoft.Compute/virtualMachines/vm_sg000003","resourceType":"Microsoft.Compute/virtualMachines","resourceName":"vm_sg000003"}]}}'
    headers:
      azure-asyncoperation:
      - https://management.azure.com/subscriptions/00000000-0000-0000-0000-000000000000/resourcegroups/clitest.rg000001/providers/Microsoft.Resources/deployments/vm_deploy_uFRRmc0iTBb6TFpquYxUzLpQzPBvRglf/operationStatuses/08585117634072845831?api-version=2022-09-01
      cache-control:
      - no-cache
      content-length:
      - '2135'
      content-type:
      - application/json; charset=utf-8
      date:
      - Thu, 20 Jul 2023 08:58:03 GMT
      expires:
      - '-1'
      pragma:
      - no-cache
      strict-transport-security:
      - max-age=31536000; includeSubDomains
      x-content-type-options:
      - nosniff
      x-ms-ratelimit-remaining-subscription-writes:
      - '1199'
    status:
      code: 201
      message: Created
- request:
    body: null
    headers:
      Accept:
      - '*/*'
      Accept-Encoding:
      - gzip, deflate
      CommandName:
      - vm create
      Connection:
      - keep-alive
      ParameterSetName:
      - -g -n --image --admin-username --generate-ssh-keys --nsg-rule --accept-term
      User-Agent:
      - AZURECLI/2.50.0 azsdk-python-azure-mgmt-resource/23.1.0b2 Python/3.9.0 (Windows-10-10.0.19041-SP0)
    method: GET
    uri: https://management.azure.com/subscriptions/00000000-0000-0000-0000-000000000000/resourcegroups/clitest.rg000001/providers/Microsoft.Resources/deployments/mock-deployment/operationStatuses/08585117634072845831?api-version=2022-09-01
  response:
    body:
      string: '{"status":"Running"}'
    headers:
      cache-control:
      - no-cache
      content-length:
      - '20'
      content-type:
      - application/json; charset=utf-8
      date:
      - Thu, 20 Jul 2023 08:58:03 GMT
      expires:
      - '-1'
      pragma:
      - no-cache
      strict-transport-security:
      - max-age=31536000; includeSubDomains
      vary:
      - Accept-Encoding
      x-content-type-options:
      - nosniff
    status:
      code: 200
      message: OK
- request:
    body: null
    headers:
      Accept:
      - '*/*'
      Accept-Encoding:
      - gzip, deflate
      CommandName:
      - vm create
      Connection:
      - keep-alive
      ParameterSetName:
      - -g -n --image --admin-username --generate-ssh-keys --nsg-rule --accept-term
      User-Agent:
      - AZURECLI/2.50.0 azsdk-python-azure-mgmt-resource/23.1.0b2 Python/3.9.0 (Windows-10-10.0.19041-SP0)
    method: GET
    uri: https://management.azure.com/subscriptions/00000000-0000-0000-0000-000000000000/resourcegroups/clitest.rg000001/providers/Microsoft.Resources/deployments/mock-deployment/operationStatuses/08585117634072845831?api-version=2022-09-01
  response:
    body:
      string: '{"status":"Running"}'
    headers:
      cache-control:
      - no-cache
      content-length:
      - '20'
      content-type:
      - application/json; charset=utf-8
      date:
      - Thu, 20 Jul 2023 08:58:34 GMT
      expires:
      - '-1'
      pragma:
      - no-cache
      strict-transport-security:
      - max-age=31536000; includeSubDomains
      vary:
      - Accept-Encoding
      x-content-type-options:
      - nosniff
    status:
      code: 200
      message: OK
- request:
    body: null
    headers:
      Accept:
      - '*/*'
      Accept-Encoding:
      - gzip, deflate
      CommandName:
      - vm create
      Connection:
      - keep-alive
      ParameterSetName:
      - -g -n --image --admin-username --generate-ssh-keys --nsg-rule --accept-term
      User-Agent:
      - AZURECLI/2.50.0 azsdk-python-azure-mgmt-resource/23.1.0b2 Python/3.9.0 (Windows-10-10.0.19041-SP0)
    method: GET
    uri: https://management.azure.com/subscriptions/00000000-0000-0000-0000-000000000000/resourcegroups/clitest.rg000001/providers/Microsoft.Resources/deployments/mock-deployment/operationStatuses/08585117634072845831?api-version=2022-09-01
  response:
    body:
      string: '{"status":"Succeeded"}'
    headers:
      cache-control:
      - no-cache
      content-length:
      - '22'
      content-type:
      - application/json; charset=utf-8
      date:
      - Thu, 20 Jul 2023 08:59:05 GMT
      expires:
      - '-1'
      pragma:
      - no-cache
      strict-transport-security:
      - max-age=31536000; includeSubDomains
      vary:
      - Accept-Encoding
      x-content-type-options:
      - nosniff
    status:
      code: 200
      message: OK
- request:
    body: null
    headers:
      Accept:
      - '*/*'
      Accept-Encoding:
      - gzip, deflate
      CommandName:
      - vm create
      Connection:
      - keep-alive
      ParameterSetName:
      - -g -n --image --admin-username --generate-ssh-keys --nsg-rule --accept-term
      User-Agent:
      - AZURECLI/2.50.0 azsdk-python-azure-mgmt-resource/23.1.0b2 Python/3.9.0 (Windows-10-10.0.19041-SP0)
    method: GET
    uri: https://management.azure.com/subscriptions/00000000-0000-0000-0000-000000000000/resourcegroups/clitest.rg000001/providers/Microsoft.Resources/deployments/mock-deployment?api-version=2022-09-01
  response:
    body:
      string: '{"id":"/subscriptions/00000000-0000-0000-0000-000000000000/resourceGroups/clitest.rg000001/providers/Microsoft.Resources/deployments/vm_deploy_uFRRmc0iTBb6TFpquYxUzLpQzPBvRglf","name":"vm_deploy_uFRRmc0iTBb6TFpquYxUzLpQzPBvRglf","type":"Microsoft.Resources/deployments","properties":{"templateHash":"10319463980785972769","parameters":{},"mode":"Incremental","provisioningState":"Succeeded","timestamp":"2023-07-20T08:58:54.3357237Z","duration":"PT52.6586305S","correlationId":"bd93ab77-ab2a-4572-b52a-5d2e4d8f8aed","providers":[{"namespace":"Microsoft.Network","resourceTypes":[{"resourceType":"networkSecurityGroups","locations":["eastus2"]},{"resourceType":"publicIPAddresses","locations":["eastus2"]},{"resourceType":"networkInterfaces","locations":["eastus2"]}]},{"namespace":"Microsoft.Compute","resourceTypes":[{"resourceType":"virtualMachines","locations":["eastus2"]}]}],"dependencies":[{"dependsOn":[{"id":"/subscriptions/00000000-0000-0000-0000-000000000000/resourceGroups/clitest.rg000001/providers/Microsoft.Network/networkSecurityGroups/vm_sg000003NSG","resourceType":"Microsoft.Network/networkSecurityGroups","resourceName":"vm_sg000003NSG"},{"id":"/subscriptions/00000000-0000-0000-0000-000000000000/resourceGroups/clitest.rg000001/providers/Microsoft.Network/publicIPAddresses/vm_sg000003PublicIP","resourceType":"Microsoft.Network/publicIPAddresses","resourceName":"vm_sg000003PublicIP"}],"id":"/subscriptions/00000000-0000-0000-0000-000000000000/resourceGroups/clitest.rg000001/providers/Microsoft.Network/networkInterfaces/vm_sg000003VMNic","resourceType":"Microsoft.Network/networkInterfaces","resourceName":"vm_sg000003VMNic"},{"dependsOn":[{"id":"/subscriptions/00000000-0000-0000-0000-000000000000/resourceGroups/clitest.rg000001/providers/Microsoft.Network/networkInterfaces/vm_sg000003VMNic","resourceType":"Microsoft.Network/networkInterfaces","resourceName":"vm_sg000003VMNic"}],"id":"/subscriptions/00000000-0000-0000-0000-000000000000/resourceGroups/clitest.rg000001/providers/Microsoft.Compute/virtualMachines/vm_sg000003","resourceType":"Microsoft.Compute/virtualMachines","resourceName":"vm_sg000003"}],"outputs":{},"outputResources":[{"id":"/subscriptions/00000000-0000-0000-0000-000000000000/resourceGroups/clitest.rg000001/providers/Microsoft.Compute/virtualMachines/vm_sg000003"},{"id":"/subscriptions/00000000-0000-0000-0000-000000000000/resourceGroups/clitest.rg000001/providers/Microsoft.Network/networkInterfaces/vm_sg000003VMNic"},{"id":"/subscriptions/00000000-0000-0000-0000-000000000000/resourceGroups/clitest.rg000001/providers/Microsoft.Network/networkSecurityGroups/vm_sg000003NSG"},{"id":"/subscriptions/00000000-0000-0000-0000-000000000000/resourceGroups/clitest.rg000001/providers/Microsoft.Network/publicIPAddresses/vm_sg000003PublicIP"}]}}'
    headers:
      cache-control:
      - no-cache
      content-length:
      - '2792'
      content-type:
      - application/json; charset=utf-8
      date:
      - Thu, 20 Jul 2023 08:59:05 GMT
      expires:
      - '-1'
      pragma:
      - no-cache
      strict-transport-security:
      - max-age=31536000; includeSubDomains
      vary:
      - Accept-Encoding
      x-content-type-options:
      - nosniff
    status:
      code: 200
      message: OK
- request:
    body: null
    headers:
      Accept:
      - application/json
      Accept-Encoding:
      - gzip, deflate
      CommandName:
      - vm create
      Connection:
      - keep-alive
      ParameterSetName:
      - -g -n --image --admin-username --generate-ssh-keys --nsg-rule --accept-term
      User-Agent:
      - AZURECLI/2.50.0 azsdk-python-azure-mgmt-compute/29.1.0 Python/3.9.0 (Windows-10-10.0.19041-SP0)
    method: GET
    uri: https://management.azure.com/subscriptions/00000000-0000-0000-0000-000000000000/resourceGroups/clitest.rg000001/providers/Microsoft.Compute/virtualMachines/vm_sg000003?$expand=instanceView&api-version=2022-11-01
  response:
    body:
      string: "{\r\n  \"name\": \"vm_sg000003\",\r\n  \"id\": \"/subscriptions/00000000-0000-0000-0000-000000000000/resourceGroups/clitest.rg000001/providers/Microsoft.Compute/virtualMachines/vm_sg000003\",\r\n
        \ \"type\": \"Microsoft.Compute/virtualMachines\",\r\n  \"location\": \"eastus2\",\r\n
        \ \"tags\": {},\r\n  \"properties\": {\r\n    \"vmId\": \"f428cb30-be7b-475d-b63d-6c9ca6f4fd57\",\r\n
        \   \"hardwareProfile\": {\r\n      \"vmSize\": \"Standard_DS1_v2\"\r\n    },\r\n
        \   \"storageProfile\": {\r\n      \"imageReference\": {\r\n        \"exactVersion\":
        \"1.1.2\",\r\n        \"communityGalleryImageId\": \"/CommunityGalleries/pubname-4f5ecce7-faf0-4cc3-b56b-8802a60d3456/Images/image000006/Versions/1.1.2\"\r\n
        \     },\r\n      \"osDisk\": {\r\n        \"osType\": \"Linux\",\r\n        \"name\":
        \"vm_sg000003_OsDisk_1_7f135f7900e7428f869555d84aed464d\",\r\n        \"createOption\":
        \"FromImage\",\r\n        \"caching\": \"ReadWrite\",\r\n        \"managedDisk\":
        {\r\n          \"storageAccountType\": \"Premium_LRS\",\r\n          \"id\":
        \"/subscriptions/00000000-0000-0000-0000-000000000000/resourceGroups/clitest.rg000001/providers/Microsoft.Compute/disks/vm_sg000003_OsDisk_1_7f135f7900e7428f869555d84aed464d\"\r\n
        \       },\r\n        \"deleteOption\": \"Detach\",\r\n        \"diskSizeGB\":
        30\r\n      },\r\n      \"dataDisks\": []\r\n    },\r\n    \"osProfile\":
        {\r\n      \"computerName\": \"vmsgex3wibd57j5\",\r\n      \"adminUsername\":
        \"gallerytest\",\r\n      \"linuxConfiguration\": {\r\n        \"disablePasswordAuthentication\":
        true,\r\n        \"ssh\": {\r\n          \"publicKeys\": [\r\n            {\r\n
        \             \"path\": \"/home/gallerytest/.ssh/authorized_keys\",\r\n              \"keyData\":
        \"ssh-rsa AAAAB3NzaC1yc2EAAAADAQABAAABgQDmGsW4LjseEjF/ye2EN/w3j6dmswbvXI7N/UlAqV8aCxHeYYIjFDnuhFQSF7i1iYgTt8St/6FGkIaTA4ZefhrVVZtJw8dUEKzDkUIMfdQGu4TdlpDjQIeUSHzz1KNFwhANVNK9pm1cy5Z4P3GJd1PP+lTx/IRP+qZesTC/UCSV7EluCmoj5xg6LeC9MWksu07APIFRJySqxVi8nSbCFFHODW5QTZ/82n6iJzbSRDn7KgEQGzfFEAZgzxJE+ino+r3569kWzO/qkixm92swj97fnuOX7i0Ohe1T4Me5dFvpEifoQ3bii1vG4DQDQ7L2pvEvzQyy11Hr9dDtPHZTCzeIr62vWArq75T149ZLCNjfQh44vmbeSPAc/0KVakQOEiDjLvUkMSgDUx6DD4bQgiaEyWnZ23CZ3U1U9xag4p3Kl48tGLGHTpzplaZJQEAVogeloxE1tPLBGi7et3TskoXejHhl9BrtsnXLeNVj1ep9dqD2kxNogVSc4/Av8Wuv9oU=
        zhuyan@microsoft.com\\n\"\r\n            }\r\n          ]\r\n        },\r\n
        \       \"provisionVMAgent\": true,\r\n        \"patchSettings\": {\r\n          \"patchMode\":
        \"ImageDefault\",\r\n          \"assessmentMode\": \"ImageDefault\"\r\n        },\r\n
        \       \"enableVMAgentPlatformUpdates\": false\r\n      },\r\n      \"secrets\":
        [],\r\n      \"allowExtensionOperations\": true,\r\n      \"requireGuestProvisionSignal\":
        true\r\n    },\r\n    \"networkProfile\": {\"networkInterfaces\":[{\"id\":\"/subscriptions/00000000-0000-0000-0000-000000000000/resourceGroups/clitest.rg000001/providers/Microsoft.Network/networkInterfaces/vm_sg000003VMNic\"}]},\r\n
        \   \"provisioningState\": \"Succeeded\",\r\n    \"instanceView\": {\r\n      \"computerName\":
        \"vmsgex3wibd57j5\",\r\n      \"osName\": \"ubuntu\",\r\n      \"osVersion\":
        \"18.04\",\r\n      \"vmAgent\": {\r\n        \"vmAgentVersion\": \"2.9.1.1\",\r\n
        \       \"statuses\": [\r\n          {\r\n            \"code\": \"ProvisioningState/succeeded\",\r\n
        \           \"level\": \"Info\",\r\n            \"displayStatus\": \"Ready\",\r\n
        \           \"message\": \"Guest Agent is running\",\r\n            \"time\":
        \"2023-07-20T08:58:57+00:00\"\r\n          }\r\n        ],\r\n        \"extensionHandlers\":
        []\r\n      },\r\n      \"disks\": [\r\n        {\r\n          \"name\": \"vm_sg000003_OsDisk_1_7f135f7900e7428f869555d84aed464d\",\r\n
        \         \"statuses\": [\r\n            {\r\n              \"code\": \"ProvisioningState/succeeded\",\r\n
        \             \"level\": \"Info\",\r\n              \"displayStatus\": \"Provisioning
        succeeded\",\r\n              \"time\": \"2023-07-20T08:58:26.1929402+00:00\"\r\n
        \           }\r\n          ]\r\n        }\r\n      ],\r\n      \"hyperVGeneration\":
        \"V1\",\r\n      \"statuses\": [\r\n        {\r\n          \"code\": \"ProvisioningState/succeeded\",\r\n
        \         \"level\": \"Info\",\r\n          \"displayStatus\": \"Provisioning
        succeeded\",\r\n          \"time\": \"2023-07-20T08:58:50.9273378+00:00\"\r\n
        \       },\r\n        {\r\n          \"code\": \"PowerState/running\",\r\n
        \         \"level\": \"Info\",\r\n          \"displayStatus\": \"VM running\"\r\n
        \       }\r\n      ]\r\n    },\r\n    \"timeCreated\": \"2023-07-20T08:58:20.989827+00:00\"\r\n
        \ }\r\n}"
    headers:
      cache-control:
      - no-cache
      content-length:
      - '4111'
      content-type:
      - application/json; charset=utf-8
      date:
      - Thu, 20 Jul 2023 08:59:07 GMT
      expires:
      - '-1'
      pragma:
      - no-cache
      server:
      - Microsoft-HTTPAPI/2.0
      - Microsoft-HTTPAPI/2.0
      strict-transport-security:
      - max-age=31536000; includeSubDomains
      transfer-encoding:
      - chunked
      vary:
      - Accept-Encoding
      x-content-type-options:
      - nosniff
      x-ms-ratelimit-remaining-resource:
      - Microsoft.Compute/LowCostGet3Min;3996,Microsoft.Compute/LowCostGet30Min;31982
    status:
      code: 200
      message: OK
- request:
    body: null
    headers:
      Accept:
      - application/json
      Accept-Encoding:
      - gzip, deflate
      CommandName:
      - vm create
      Connection:
      - keep-alive
      ParameterSetName:
      - -g -n --image --admin-username --generate-ssh-keys --nsg-rule --accept-term
      User-Agent:
      - AZURECLI/2.50.0 (AAZ) azsdk-python-core/1.26.0 Python/3.9.0 (Windows-10-10.0.19041-SP0)
    method: GET
    uri: https://management.azure.com/subscriptions/00000000-0000-0000-0000-000000000000/resourceGroups/clitest.rg000001/providers/Microsoft.Network/networkInterfaces/vm_sg000003VMNic?api-version=2022-01-01
  response:
    body:
      string: "{\r\n  \"name\": \"vm_sg000003VMNic\",\r\n  \"id\": \"/subscriptions/00000000-0000-0000-0000-000000000000/resourceGroups/clitest.rg000001/providers/Microsoft.Network/networkInterfaces/vm_sg000003VMNic\",\r\n
        \ \"etag\": \"W/\\\"fa65af00-cfc6-4002-963e-aef7e9d0e1bb\\\"\",\r\n  \"tags\":
        {},\r\n  \"properties\": {\r\n    \"provisioningState\": \"Succeeded\",\r\n
        \   \"resourceGuid\": \"3f46d4b3-4e1a-4404-ac93-4419ec65c4c2\",\r\n    \"ipConfigurations\":
        [\r\n      {\r\n        \"name\": \"ipconfigvm_sg000003\",\r\n        \"id\":
        \"/subscriptions/00000000-0000-0000-0000-000000000000/resourceGroups/clitest.rg000001/providers/Microsoft.Network/networkInterfaces/vm_sg000003VMNic/ipConfigurations/ipconfigvm_sg000003\",\r\n
        \       \"etag\": \"W/\\\"fa65af00-cfc6-4002-963e-aef7e9d0e1bb\\\"\",\r\n
        \       \"type\": \"Microsoft.Network/networkInterfaces/ipConfigurations\",\r\n
        \       \"properties\": {\r\n          \"provisioningState\": \"Succeeded\",\r\n
        \         \"privateIPAddress\": \"10.0.0.5\",\r\n          \"privateIPAllocationMethod\":
        \"Dynamic\",\r\n          \"publicIPAddress\": {\r\n            \"id\": \"/subscriptions/00000000-0000-0000-0000-000000000000/resourceGroups/clitest.rg000001/providers/Microsoft.Network/publicIPAddresses/vm_sg000003PublicIP\"\r\n
        \         },\r\n          \"subnet\": {\r\n            \"id\": \"/subscriptions/00000000-0000-0000-0000-000000000000/resourceGroups/clitest.rg000001/providers/Microsoft.Network/virtualNetworks/vm000002VNET/subnets/vm000002Subnet\"\r\n
        \         },\r\n          \"primary\": true,\r\n          \"privateIPAddressVersion\":
        \"IPv4\"\r\n        }\r\n      }\r\n    ],\r\n    \"dnsSettings\": {\r\n      \"dnsServers\":
        [],\r\n      \"appliedDnsServers\": [],\r\n      \"internalDomainNameSuffix\":
        \"4v3qh2hkmhoenn1vdmqt3ynstf.cx.internal.cloudapp.net\"\r\n    },\r\n    \"macAddress\":
        \"60-45-BD-BB-C0-F7\",\r\n    \"enableAcceleratedNetworking\": false,\r\n
        \   \"vnetEncryptionSupported\": false,\r\n    \"enableIPForwarding\": false,\r\n
        \   \"networkSecurityGroup\": {\r\n      \"id\": \"/subscriptions/00000000-0000-0000-0000-000000000000/resourceGroups/clitest.rg000001/providers/Microsoft.Network/networkSecurityGroups/vm_sg000003NSG\"\r\n
        \   },\r\n    \"primary\": true,\r\n    \"virtualMachine\": {\r\n      \"id\":
        \"/subscriptions/00000000-0000-0000-0000-000000000000/resourceGroups/clitest.rg000001/providers/Microsoft.Compute/virtualMachines/vm_sg000003\"\r\n
        \   },\r\n    \"hostedWorkloads\": [],\r\n    \"tapConfigurations\": [],\r\n
        \   \"nicType\": \"Standard\",\r\n    \"allowPort25Out\": true\r\n  },\r\n
        \ \"type\": \"Microsoft.Network/networkInterfaces\",\r\n  \"location\": \"eastus2\",\r\n
        \ \"kind\": \"Regular\"\r\n}"
    headers:
      cache-control:
      - no-cache
      content-length:
      - '2465'
      content-type:
      - application/json; charset=utf-8
      date:
      - Thu, 20 Jul 2023 08:59:09 GMT
      etag:
      - W/"fa65af00-cfc6-4002-963e-aef7e9d0e1bb"
      expires:
      - '-1'
      pragma:
      - no-cache
      server:
      - Microsoft-HTTPAPI/2.0
      - Microsoft-HTTPAPI/2.0
      strict-transport-security:
      - max-age=31536000; includeSubDomains
      transfer-encoding:
      - chunked
      vary:
      - Accept-Encoding
      x-content-type-options:
      - nosniff
      x-ms-arm-service-request-id:
      - 2a6c0ff6-ed2c-40dd-a434-5ecab10e3181
    status:
      code: 200
      message: OK
- request:
    body: null
    headers:
      Accept:
      - application/json
      Accept-Encoding:
      - gzip, deflate
      CommandName:
      - vm create
      Connection:
      - keep-alive
      ParameterSetName:
      - -g -n --image --admin-username --generate-ssh-keys --nsg-rule --accept-term
      User-Agent:
      - AZURECLI/2.50.0 (AAZ) azsdk-python-core/1.26.0 Python/3.9.0 (Windows-10-10.0.19041-SP0)
    method: GET
    uri: https://management.azure.com/subscriptions/00000000-0000-0000-0000-000000000000/resourceGroups/clitest.rg000001/providers/Microsoft.Network/publicIPAddresses/vm_sg000003PublicIP?api-version=2022-01-01
  response:
    body:
      string: "{\r\n  \"name\": \"vm_sg000003PublicIP\",\r\n  \"id\": \"/subscriptions/00000000-0000-0000-0000-000000000000/resourceGroups/clitest.rg000001/providers/Microsoft.Network/publicIPAddresses/vm_sg000003PublicIP\",\r\n
        \ \"etag\": \"W/\\\"a1c9ba09-b6f9-4655-bbc7-6127b3316263\\\"\",\r\n  \"location\":
        \"eastus2\",\r\n  \"tags\": {},\r\n  \"properties\": {\r\n    \"provisioningState\":
        \"Succeeded\",\r\n    \"resourceGuid\": \"05381179-880f-4de5-959d-5e57e5a521be\",\r\n
        \   \"ipAddress\": \"172.176.64.37\",\r\n    \"publicIPAddressVersion\": \"IPv4\",\r\n
        \   \"publicIPAllocationMethod\": \"Dynamic\",\r\n    \"idleTimeoutInMinutes\":
        4,\r\n    \"ipTags\": [],\r\n    \"ipConfiguration\": {\r\n      \"id\": \"/subscriptions/00000000-0000-0000-0000-000000000000/resourceGroups/clitest.rg000001/providers/Microsoft.Network/networkInterfaces/vm_sg000003VMNic/ipConfigurations/ipconfigvm_sg000003\"\r\n
        \   }\r\n  },\r\n  \"type\": \"Microsoft.Network/publicIPAddresses\",\r\n
        \ \"sku\": {\r\n    \"name\": \"Basic\",\r\n    \"tier\": \"Regional\"\r\n
        \ }\r\n}"
    headers:
      cache-control:
      - no-cache
      content-length:
      - '937'
      content-type:
      - application/json; charset=utf-8
      date:
      - Thu, 20 Jul 2023 08:59:10 GMT
      etag:
      - W/"a1c9ba09-b6f9-4655-bbc7-6127b3316263"
      expires:
      - '-1'
      pragma:
      - no-cache
      server:
      - Microsoft-HTTPAPI/2.0
      - Microsoft-HTTPAPI/2.0
      strict-transport-security:
      - max-age=31536000; includeSubDomains
      transfer-encoding:
      - chunked
      vary:
      - Accept-Encoding
      x-content-type-options:
      - nosniff
      x-ms-arm-service-request-id:
      - 4ee64034-42ad-46a7-9b81-6932a66b3e62
    status:
      code: 200
      message: ''
- request:
    body: null
    headers:
      Accept:
      - application/json
      Accept-Encoding:
      - gzip, deflate
      CommandName:
      - vm show
      Connection:
      - keep-alive
      ParameterSetName:
      - -g -n
      User-Agent:
      - AZURECLI/2.50.0 azsdk-python-azure-mgmt-compute/29.1.0 Python/3.9.0 (Windows-10-10.0.19041-SP0)
    method: GET
    uri: https://management.azure.com/subscriptions/00000000-0000-0000-0000-000000000000/resourceGroups/clitest.rg000001/providers/Microsoft.Compute/virtualMachines/vm_sg000003?api-version=2022-11-01
  response:
    body:
      string: "{\r\n  \"name\": \"vm_sg000003\",\r\n  \"id\": \"/subscriptions/00000000-0000-0000-0000-000000000000/resourceGroups/clitest.rg000001/providers/Microsoft.Compute/virtualMachines/vm_sg000003\",\r\n
        \ \"type\": \"Microsoft.Compute/virtualMachines\",\r\n  \"location\": \"eastus2\",\r\n
        \ \"tags\": {},\r\n  \"properties\": {\r\n    \"vmId\": \"f428cb30-be7b-475d-b63d-6c9ca6f4fd57\",\r\n
        \   \"hardwareProfile\": {\r\n      \"vmSize\": \"Standard_DS1_v2\"\r\n    },\r\n
        \   \"storageProfile\": {\r\n      \"imageReference\": {\r\n        \"exactVersion\":
        \"1.1.2\",\r\n        \"communityGalleryImageId\": \"/CommunityGalleries/pubname-4f5ecce7-faf0-4cc3-b56b-8802a60d3456/Images/image000006/Versions/1.1.2\"\r\n
        \     },\r\n      \"osDisk\": {\r\n        \"osType\": \"Linux\",\r\n        \"name\":
        \"vm_sg000003_OsDisk_1_7f135f7900e7428f869555d84aed464d\",\r\n        \"createOption\":
        \"FromImage\",\r\n        \"caching\": \"ReadWrite\",\r\n        \"managedDisk\":
        {\r\n          \"storageAccountType\": \"Premium_LRS\",\r\n          \"id\":
        \"/subscriptions/00000000-0000-0000-0000-000000000000/resourceGroups/clitest.rg000001/providers/Microsoft.Compute/disks/vm_sg000003_OsDisk_1_7f135f7900e7428f869555d84aed464d\"\r\n
        \       },\r\n        \"deleteOption\": \"Detach\",\r\n        \"diskSizeGB\":
        30\r\n      },\r\n      \"dataDisks\": []\r\n    },\r\n    \"osProfile\":
        {\r\n      \"computerName\": \"vmsgex3wibd57j5\",\r\n      \"adminUsername\":
        \"gallerytest\",\r\n      \"linuxConfiguration\": {\r\n        \"disablePasswordAuthentication\":
        true,\r\n        \"ssh\": {\r\n          \"publicKeys\": [\r\n            {\r\n
        \             \"path\": \"/home/gallerytest/.ssh/authorized_keys\",\r\n              \"keyData\":
        \"ssh-rsa AAAAB3NzaC1yc2EAAAADAQABAAABgQDmGsW4LjseEjF/ye2EN/w3j6dmswbvXI7N/UlAqV8aCxHeYYIjFDnuhFQSF7i1iYgTt8St/6FGkIaTA4ZefhrVVZtJw8dUEKzDkUIMfdQGu4TdlpDjQIeUSHzz1KNFwhANVNK9pm1cy5Z4P3GJd1PP+lTx/IRP+qZesTC/UCSV7EluCmoj5xg6LeC9MWksu07APIFRJySqxVi8nSbCFFHODW5QTZ/82n6iJzbSRDn7KgEQGzfFEAZgzxJE+ino+r3569kWzO/qkixm92swj97fnuOX7i0Ohe1T4Me5dFvpEifoQ3bii1vG4DQDQ7L2pvEvzQyy11Hr9dDtPHZTCzeIr62vWArq75T149ZLCNjfQh44vmbeSPAc/0KVakQOEiDjLvUkMSgDUx6DD4bQgiaEyWnZ23CZ3U1U9xag4p3Kl48tGLGHTpzplaZJQEAVogeloxE1tPLBGi7et3TskoXejHhl9BrtsnXLeNVj1ep9dqD2kxNogVSc4/Av8Wuv9oU=
        zhuyan@microsoft.com\\n\"\r\n            }\r\n          ]\r\n        },\r\n
        \       \"provisionVMAgent\": true,\r\n        \"patchSettings\": {\r\n          \"patchMode\":
        \"ImageDefault\",\r\n          \"assessmentMode\": \"ImageDefault\"\r\n        },\r\n
        \       \"enableVMAgentPlatformUpdates\": false\r\n      },\r\n      \"secrets\":
        [],\r\n      \"allowExtensionOperations\": true,\r\n      \"requireGuestProvisionSignal\":
        true\r\n    },\r\n    \"networkProfile\": {\"networkInterfaces\":[{\"id\":\"/subscriptions/00000000-0000-0000-0000-000000000000/resourceGroups/clitest.rg000001/providers/Microsoft.Network/networkInterfaces/vm_sg000003VMNic\"}]},\r\n
        \   \"provisioningState\": \"Succeeded\",\r\n    \"timeCreated\": \"2023-07-20T08:58:20.989827+00:00\"\r\n
        \ }\r\n}"
    headers:
      cache-control:
      - no-cache
      content-length:
      - '2798'
      content-type:
      - application/json; charset=utf-8
      date:
      - Thu, 20 Jul 2023 08:59:13 GMT
      expires:
      - '-1'
      pragma:
      - no-cache
      server:
      - Microsoft-HTTPAPI/2.0
      - Microsoft-HTTPAPI/2.0
      strict-transport-security:
      - max-age=31536000; includeSubDomains
      transfer-encoding:
      - chunked
      vary:
      - Accept-Encoding
      x-content-type-options:
      - nosniff
      x-ms-ratelimit-remaining-resource:
      - Microsoft.Compute/LowCostGet3Min;3994,Microsoft.Compute/LowCostGet30Min;31981
    status:
      code: 200
      message: OK
- request:
    body: null
    headers:
      Accept:
      - application/json
      Accept-Encoding:
      - gzip, deflate
      CommandName:
      - vmss create
      Connection:
      - keep-alive
      ParameterSetName:
      - -g -n --admin-username --generate-ssh-keys --image --accept-term
      User-Agent:
      - AZURECLI/2.50.0 azsdk-python-azure-mgmt-resource/23.1.0b2 Python/3.9.0 (Windows-10-10.0.19041-SP0)
    method: GET
    uri: https://management.azure.com/subscriptions/00000000-0000-0000-0000-000000000000/resourcegroups/clitest.rg000001?api-version=2022-09-01
  response:
    body:
      string: '{"id":"/subscriptions/00000000-0000-0000-0000-000000000000/resourceGroups/clitest.rg000001","name":"clitest.rg000001","type":"Microsoft.Resources/resourceGroups","location":"eastus2","tags":{"product":"azurecli","cause":"automation","test":"test_create_vm_with_community_gallery_image","date":"2023-07-20T08:45:56Z","module":"vm"},"properties":{"provisioningState":"Succeeded"}}'
    headers:
      cache-control:
      - no-cache
      content-length:
      - '378'
      content-type:
      - application/json; charset=utf-8
      date:
      - Thu, 20 Jul 2023 08:59:13 GMT
      expires:
      - '-1'
      pragma:
      - no-cache
      strict-transport-security:
      - max-age=31536000; includeSubDomains
      vary:
      - Accept-Encoding
      x-content-type-options:
      - nosniff
    status:
      code: 200
      message: OK
- request:
    body: null
    headers:
      Accept:
      - application/json
      Accept-Encoding:
      - gzip, deflate
      CommandName:
      - vmss create
      Connection:
      - keep-alive
      ParameterSetName:
      - -g -n --admin-username --generate-ssh-keys --image --accept-term
      User-Agent:
      - AZURECLI/2.50.0 azsdk-python-azure-mgmt-compute/29.1.0 Python/3.9.0 (Windows-10-10.0.19041-SP0)
    method: GET
    uri: https://management.azure.com/subscriptions/00000000-0000-0000-0000-000000000000/providers/Microsoft.Compute/locations/eastus2/communityGalleries/pubname-4f5ecce7-faf0-4cc3-b56b-8802a60d3456/images/image000006?api-version=2022-03-03
  response:
    body:
      string: "{\r\n  \"properties\": {\r\n    \"disclaimer\": \"https://aka.ms/community-gallery-disclaimer\",\r\n
        \   \"osType\": \"Linux\",\r\n    \"osState\": \"Generalized\",\r\n    \"recommended\":
        {},\r\n    \"hyperVGeneration\": \"V1\",\r\n    \"architecture\": \"x64\",\r\n
        \   \"identifier\": {\r\n      \"publisher\": \"\",\r\n      \"offer\": \"\",\r\n
        \     \"sku\": \"\"\r\n    }\r\n  },\r\n  \"location\": \"eastus2\",\r\n  \"name\":
        \"image000006\",\r\n  \"identifier\": {\r\n    \"uniqueId\": \"/CommunityGalleries/pubname-4f5ecce7-faf0-4cc3-b56b-8802a60d3456/Images/image000006\"\r\n
        \ }\r\n}"
    headers:
      cache-control:
      - no-cache
      content-length:
      - '501'
      content-type:
      - application/json; charset=utf-8
      date:
      - Thu, 20 Jul 2023 08:59:15 GMT
      expires:
      - '-1'
      pragma:
      - no-cache
      server:
      - Microsoft-HTTPAPI/2.0
      - Microsoft-HTTPAPI/2.0
      strict-transport-security:
      - max-age=31536000; includeSubDomains
      transfer-encoding:
      - chunked
      vary:
      - Accept-Encoding
      x-content-type-options:
      - nosniff
      x-ms-ratelimit-remaining-resource:
      - Microsoft.Compute/GetGalleryArtifact3Min;597,Microsoft.Compute/GetGalleryArtifact30Min;2997
    status:
      code: 200
      message: OK
- request:
    body: null
    headers:
      Accept:
      - application/json
      Accept-Encoding:
      - gzip, deflate
      CommandName:
      - vmss create
      Connection:
      - keep-alive
      ParameterSetName:
      - -g -n --admin-username --generate-ssh-keys --image --accept-term
      User-Agent:
      - AZURECLI/2.50.0 (AAZ) azsdk-python-core/1.26.0 Python/3.9.0 (Windows-10-10.0.19041-SP0)
    method: GET
    uri: https://management.azure.com/subscriptions/00000000-0000-0000-0000-000000000000/resourceGroups/clitest.rg000001/providers/Microsoft.Network/virtualNetworks?api-version=2022-01-01
  response:
    body:
      string: "{\r\n  \"value\": [\r\n    {\r\n      \"name\": \"vm000002VNET\",\r\n
        \     \"id\": \"/subscriptions/00000000-0000-0000-0000-000000000000/resourceGroups/clitest.rg000001/providers/Microsoft.Network/virtualNetworks/vm000002VNET\",\r\n
        \     \"etag\": \"W/\\\"f5a8c631-f0cb-4ca6-8e43-3384a358842e\\\"\",\r\n      \"type\":
        \"Microsoft.Network/virtualNetworks\",\r\n      \"location\": \"eastus2\",\r\n
        \     \"tags\": {},\r\n      \"properties\": {\r\n        \"provisioningState\":
        \"Succeeded\",\r\n        \"resourceGuid\": \"f0037bf5-61ea-46dc-b775-1b213ee1b29d\",\r\n
        \       \"addressSpace\": {\r\n          \"addressPrefixes\": [\r\n            \"10.0.0.0/16\"\r\n
        \         ]\r\n        },\r\n        \"subnets\": [\r\n          {\r\n            \"name\":
        \"vm000002Subnet\",\r\n            \"id\": \"/subscriptions/00000000-0000-0000-0000-000000000000/resourceGroups/clitest.rg000001/providers/Microsoft.Network/virtualNetworks/vm000002VNET/subnets/vm000002Subnet\",\r\n
        \           \"etag\": \"W/\\\"f5a8c631-f0cb-4ca6-8e43-3384a358842e\\\"\",\r\n
        \           \"properties\": {\r\n              \"provisioningState\": \"Succeeded\",\r\n
        \             \"addressPrefix\": \"10.0.0.0/24\",\r\n              \"ipConfigurations\":
        [\r\n                {\r\n                  \"id\": \"/subscriptions/00000000-0000-0000-0000-000000000000/resourceGroups/clitest.rg000001/providers/Microsoft.Network/networkInterfaces/vm000002VMNic/ipConfigurations/ipconfigvm000002\"\r\n
        \               },\r\n                {\r\n                  \"id\": \"/subscriptions/00000000-0000-0000-0000-000000000000/resourceGroups/clitest.rg000001/providers/Microsoft.Network/networkInterfaces/vm_sg000003VMNic/ipConfigurations/ipconfigvm_sg000003\"\r\n
        \               }\r\n              ],\r\n              \"delegations\": [],\r\n
        \             \"privateEndpointNetworkPolicies\": \"Disabled\",\r\n              \"privateLinkServiceNetworkPolicies\":
        \"Enabled\"\r\n            },\r\n            \"type\": \"Microsoft.Network/virtualNetworks/subnets\"\r\n
        \         }\r\n        ],\r\n        \"virtualNetworkPeerings\": [],\r\n        \"enableDdosProtection\":
        false\r\n      }\r\n    }\r\n  ]\r\n}"
    headers:
      cache-control:
      - no-cache
      content-length:
      - '1979'
      content-type:
      - application/json; charset=utf-8
      date:
      - Thu, 20 Jul 2023 08:59:16 GMT
      expires:
      - '-1'
      pragma:
      - no-cache
      server:
      - Microsoft-HTTPAPI/2.0
      - Microsoft-HTTPAPI/2.0
      strict-transport-security:
      - max-age=31536000; includeSubDomains
      transfer-encoding:
      - chunked
      vary:
      - Accept-Encoding
      x-content-type-options:
      - nosniff
      x-ms-arm-service-request-id:
      - cec89cc0-e67e-45cd-b426-d42f26cd7639
    status:
      code: 200
      message: OK
- request:
    body: null
    headers:
      Accept:
      - application/json
      Accept-Encoding:
      - gzip, deflate
      CommandName:
      - vmss create
      Connection:
      - keep-alive
      ParameterSetName:
      - -g -n --admin-username --generate-ssh-keys --image --accept-term
      User-Agent:
      - AZURECLI/2.50.0 azsdk-python-azure-mgmt-compute/29.1.0 Python/3.9.0 (Windows-10-10.0.19041-SP0)
    method: GET
    uri: https://management.azure.com/subscriptions/00000000-0000-0000-0000-000000000000/providers/Microsoft.Compute/locations/eastus2/communityGalleries/pubname-4f5ecce7-faf0-4cc3-b56b-8802a60d3456/images/image000006?api-version=2022-03-03
  response:
    body:
      string: "{\r\n  \"properties\": {\r\n    \"disclaimer\": \"https://aka.ms/community-gallery-disclaimer\",\r\n
        \   \"osType\": \"Linux\",\r\n    \"osState\": \"Generalized\",\r\n    \"recommended\":
        {},\r\n    \"hyperVGeneration\": \"V1\",\r\n    \"architecture\": \"x64\",\r\n
        \   \"identifier\": {\r\n      \"publisher\": \"\",\r\n      \"offer\": \"\",\r\n
        \     \"sku\": \"\"\r\n    }\r\n  },\r\n  \"location\": \"eastus2\",\r\n  \"name\":
        \"image000006\",\r\n  \"identifier\": {\r\n    \"uniqueId\": \"/CommunityGalleries/pubname-4f5ecce7-faf0-4cc3-b56b-8802a60d3456/Images/image000006\"\r\n
        \ }\r\n}"
    headers:
      cache-control:
      - no-cache
      content-length:
      - '501'
      content-type:
      - application/json; charset=utf-8
      date:
      - Thu, 20 Jul 2023 08:59:19 GMT
      expires:
      - '-1'
      pragma:
      - no-cache
      server:
      - Microsoft-HTTPAPI/2.0
      - Microsoft-HTTPAPI/2.0
      strict-transport-security:
      - max-age=31536000; includeSubDomains
      transfer-encoding:
      - chunked
      vary:
      - Accept-Encoding
      x-content-type-options:
      - nosniff
      x-ms-ratelimit-remaining-resource:
      - Microsoft.Compute/GetGalleryArtifact3Min;596,Microsoft.Compute/GetGalleryArtifact30Min;2996
    status:
      code: 200
      message: OK
- request:
    body: '{"properties": {"template": {"$schema": "https://schema.management.azure.com/schemas/2015-01-01/deploymentTemplate.json#",
      "contentVersion": "1.0.0.0", "parameters": {}, "variables": {}, "resources":
      [{"apiVersion": "2022-01-01", "type": "Microsoft.Network/publicIPAddresses",
      "name": "vmss000004LBPublicIP", "location": "eastus2", "tags": {}, "dependsOn":
      [], "properties": {"publicIPAllocationMethod": "Dynamic"}}, {"type": "Microsoft.Network/loadBalancers",
      "name": "vmss000004LB", "location": "eastus2", "tags": {}, "apiVersion": "2022-01-01",
      "dependsOn": ["Microsoft.Network/publicIpAddresses/vmss000004LBPublicIP"], "properties":
      {"backendAddressPools": [{"name": "vmss000004LBBEPool"}], "frontendIPConfigurations":
      [{"name": "loadBalancerFrontEnd", "properties": {"publicIPAddress": {"id": "/subscriptions/00000000-0000-0000-0000-000000000000/resourceGroups/clitest.rg000001/providers/Microsoft.Network/publicIPAddresses/vmss000004LBPublicIP"}}}],
      "inboundNatPools": [{"name": "vmss000004LBNatPool", "properties": {"frontendIPConfiguration":
      {"id": "[concat(resourceId(''Microsoft.Network/loadBalancers'', ''vmss000004LB''),
      ''/frontendIPConfigurations/'', ''loadBalancerFrontEnd'')]"}, "protocol": "tcp",
      "frontendPortRangeStart": "50000", "frontendPortRangeEnd": "50119", "backendPort":
      22}}]}}, {"type": "Microsoft.Compute/virtualMachineScaleSets", "name": "vmss000004",
      "location": "eastus2", "tags": {}, "apiVersion": "2022-11-01", "dependsOn":
      ["Microsoft.Network/loadBalancers/vmss000004LB"], "properties": {"overprovision":
      true, "upgradePolicy": {"mode": "manual", "rollingUpgradePolicy": {}}, "singlePlacementGroup":
      null, "virtualMachineProfile": {"storageProfile": {"osDisk": {"caching": "ReadWrite",
      "managedDisk": {"storageAccountType": null}, "name": null, "createOption": "fromImage"},
      "imageReference": {"communityGalleryImageId": "/CommunityGalleries/pubname-4f5ecce7-faf0-4cc3-b56b-8802a60d3456/Images/image000006/Versions/1.1.2"}},
      "osProfile": {"computerNamePrefix": "vmssv7257", "adminUsername": "gallerytest",
      "linuxConfiguration": {"disablePasswordAuthentication": true, "ssh": {"publicKeys":
      [{"path": "/home/gallerytest/.ssh/authorized_keys", "keyData": "ssh-rsa AAAAB3NzaC1yc2EAAAADAQABAAABgQDmGsW4LjseEjF/ye2EN/w3j6dmswbvXI7N/UlAqV8aCxHeYYIjFDnuhFQSF7i1iYgTt8St/6FGkIaTA4ZefhrVVZtJw8dUEKzDkUIMfdQGu4TdlpDjQIeUSHzz1KNFwhANVNK9pm1cy5Z4P3GJd1PP+lTx/IRP+qZesTC/UCSV7EluCmoj5xg6LeC9MWksu07APIFRJySqxVi8nSbCFFHODW5QTZ/82n6iJzbSRDn7KgEQGzfFEAZgzxJE+ino+r3569kWzO/qkixm92swj97fnuOX7i0Ohe1T4Me5dFvpEifoQ3bii1vG4DQDQ7L2pvEvzQyy11Hr9dDtPHZTCzeIr62vWArq75T149ZLCNjfQh44vmbeSPAc/0KVakQOEiDjLvUkMSgDUx6DD4bQgiaEyWnZ23CZ3U1U9xag4p3Kl48tGLGHTpzplaZJQEAVogeloxE1tPLBGi7et3TskoXejHhl9BrtsnXLeNVj1ep9dqD2kxNogVSc4/Av8Wuv9oU=
      zhuyan@microsoft.com\n"}]}}}, "networkProfile": {"networkInterfaceConfigurations":
      [{"name": "vmssv7257Nic", "properties": {"ipConfigurations": [{"name": "vmssv7257IPConfig",
      "properties": {"subnet": {"id": "/subscriptions/00000000-0000-0000-0000-000000000000/resourceGroups/clitest.rg000001/providers/Microsoft.Network/virtualNetworks/vm000002VNET/subnets/vm000002Subnet"},
      "loadBalancerBackendAddressPools": [{"id": "/subscriptions/00000000-0000-0000-0000-000000000000/resourceGroups/clitest.rg000001/providers/Microsoft.Network/loadBalancers/vmss000004LB/backendAddressPools/vmss000004LBBEPool"}],
      "loadBalancerInboundNatPools": [{"id": "/subscriptions/00000000-0000-0000-0000-000000000000/resourceGroups/clitest.rg000001/providers/Microsoft.Network/loadBalancers/vmss000004LB/inboundNatPools/vmss000004LBNatPool"}]}}],
      "primary": "true"}}]}}, "orchestrationMode": "Uniform"}, "sku": {"name": "Standard_DS1_v2",
      "capacity": 2}}], "outputs": {"VMSS": {"type": "object", "value": "[reference(resourceId(''Microsoft.Compute/virtualMachineScaleSets'',
      ''vmss000004''),providers(''Microsoft.Compute'', ''virtualMachineScaleSets'').apiVersions[0])]"}}},
      "parameters": {}, "mode": "incremental"}}'
    headers:
      Accept:
      - application/json
      Accept-Encoding:
      - gzip, deflate
      CommandName:
      - vmss create
      Connection:
      - keep-alive
      Content-Length:
      - '3918'
      Content-Type:
      - application/json
      ParameterSetName:
      - -g -n --admin-username --generate-ssh-keys --image --accept-term
      User-Agent:
      - AZURECLI/2.50.0 azsdk-python-azure-mgmt-resource/23.1.0b2 Python/3.9.0 (Windows-10-10.0.19041-SP0)
    method: PUT
    uri: https://management.azure.com/subscriptions/00000000-0000-0000-0000-000000000000/resourcegroups/clitest.rg000001/providers/Microsoft.Resources/deployments/mock-deployment?api-version=2022-09-01
  response:
    body:
      string: '{"id":"/subscriptions/00000000-0000-0000-0000-000000000000/resourceGroups/clitest.rg000001/providers/Microsoft.Resources/deployments/vmss_deploy_UGLTeCQOUXO1No1dHv8sDkvgq5fw8Gun","name":"vmss_deploy_UGLTeCQOUXO1No1dHv8sDkvgq5fw8Gun","type":"Microsoft.Resources/deployments","properties":{"templateHash":"9917987009517525992","parameters":{},"mode":"Incremental","provisioningState":"Accepted","timestamp":"2023-07-20T08:59:29.1797537Z","duration":"PT0.0009364S","correlationId":"8712c995-a30d-42f5-8b40-223082eee4a8","providers":[{"namespace":"Microsoft.Network","resourceTypes":[{"resourceType":"publicIPAddresses","locations":["eastus2"]},{"resourceType":"loadBalancers","locations":["eastus2"]}]},{"namespace":"Microsoft.Compute","resourceTypes":[{"resourceType":"virtualMachineScaleSets","locations":["eastus2"]}]}],"dependencies":[{"dependsOn":[{"id":"/subscriptions/00000000-0000-0000-0000-000000000000/resourceGroups/clitest.rg000001/providers/Microsoft.Network/publicIPAddresses/vmss000004LBPublicIP","resourceType":"Microsoft.Network/publicIPAddresses","resourceName":"vmss000004LBPublicIP"}],"id":"/subscriptions/00000000-0000-0000-0000-000000000000/resourceGroups/clitest.rg000001/providers/Microsoft.Network/loadBalancers/vmss000004LB","resourceType":"Microsoft.Network/loadBalancers","resourceName":"vmss000004LB"},{"dependsOn":[{"id":"/subscriptions/00000000-0000-0000-0000-000000000000/resourceGroups/clitest.rg000001/providers/Microsoft.Network/loadBalancers/vmss000004LB","resourceType":"Microsoft.Network/loadBalancers","resourceName":"vmss000004LB"}],"id":"/subscriptions/00000000-0000-0000-0000-000000000000/resourceGroups/clitest.rg000001/providers/Microsoft.Compute/virtualMachineScaleSets/vmss000004","resourceType":"Microsoft.Compute/virtualMachineScaleSets","resourceName":"vmss000004"}]}}'
    headers:
      azure-asyncoperation:
      - https://management.azure.com/subscriptions/00000000-0000-0000-0000-000000000000/resourcegroups/clitest.rg000001/providers/Microsoft.Resources/deployments/vmss_deploy_UGLTeCQOUXO1No1dHv8sDkvgq5fw8Gun/operationStatuses/08585117633199779487?api-version=2022-09-01
      cache-control:
      - no-cache
      content-length:
      - '1814'
      content-type:
      - application/json; charset=utf-8
      date:
      - Thu, 20 Jul 2023 08:59:31 GMT
      expires:
      - '-1'
      pragma:
      - no-cache
      strict-transport-security:
      - max-age=31536000; includeSubDomains
      x-content-type-options:
      - nosniff
      x-ms-ratelimit-remaining-subscription-writes:
      - '1199'
    status:
      code: 201
      message: Created
- request:
    body: null
    headers:
      Accept:
      - '*/*'
      Accept-Encoding:
      - gzip, deflate
      CommandName:
      - vmss create
      Connection:
      - keep-alive
      ParameterSetName:
      - -g -n --admin-username --generate-ssh-keys --image --accept-term
      User-Agent:
      - AZURECLI/2.50.0 azsdk-python-azure-mgmt-resource/23.1.0b2 Python/3.9.0 (Windows-10-10.0.19041-SP0)
    method: GET
    uri: https://management.azure.com/subscriptions/00000000-0000-0000-0000-000000000000/resourcegroups/clitest.rg000001/providers/Microsoft.Resources/deployments/mock-deployment/operationStatuses/08585117633199779487?api-version=2022-09-01
  response:
    body:
      string: '{"status":"Running"}'
    headers:
      cache-control:
      - no-cache
      content-length:
      - '20'
      content-type:
      - application/json; charset=utf-8
      date:
      - Thu, 20 Jul 2023 08:59:33 GMT
      expires:
      - '-1'
      pragma:
      - no-cache
      strict-transport-security:
      - max-age=31536000; includeSubDomains
      vary:
      - Accept-Encoding
      x-content-type-options:
      - nosniff
    status:
      code: 200
      message: OK
- request:
    body: null
    headers:
      Accept:
      - '*/*'
      Accept-Encoding:
      - gzip, deflate
      CommandName:
      - vmss create
      Connection:
      - keep-alive
      ParameterSetName:
      - -g -n --admin-username --generate-ssh-keys --image --accept-term
      User-Agent:
      - AZURECLI/2.50.0 azsdk-python-azure-mgmt-resource/23.1.0b2 Python/3.9.0 (Windows-10-10.0.19041-SP0)
    method: GET
    uri: https://management.azure.com/subscriptions/00000000-0000-0000-0000-000000000000/resourcegroups/clitest.rg000001/providers/Microsoft.Resources/deployments/mock-deployment/operationStatuses/08585117633199779487?api-version=2022-09-01
  response:
    body:
      string: '{"status":"Running"}'
    headers:
      cache-control:
      - no-cache
      content-length:
      - '20'
      content-type:
      - application/json; charset=utf-8
      date:
      - Thu, 20 Jul 2023 09:00:03 GMT
      expires:
      - '-1'
      pragma:
      - no-cache
      strict-transport-security:
      - max-age=31536000; includeSubDomains
      vary:
      - Accept-Encoding
      x-content-type-options:
      - nosniff
    status:
      code: 200
      message: OK
- request:
    body: null
    headers:
      Accept:
      - '*/*'
      Accept-Encoding:
      - gzip, deflate
      CommandName:
      - vmss create
      Connection:
      - keep-alive
      ParameterSetName:
      - -g -n --admin-username --generate-ssh-keys --image --accept-term
      User-Agent:
      - AZURECLI/2.50.0 azsdk-python-azure-mgmt-resource/23.1.0b2 Python/3.9.0 (Windows-10-10.0.19041-SP0)
    method: GET
    uri: https://management.azure.com/subscriptions/00000000-0000-0000-0000-000000000000/resourcegroups/clitest.rg000001/providers/Microsoft.Resources/deployments/mock-deployment/operationStatuses/08585117633199779487?api-version=2022-09-01
  response:
    body:
      string: '{"status":"Succeeded"}'
    headers:
      cache-control:
      - no-cache
      content-length:
      - '22'
      content-type:
      - application/json; charset=utf-8
      date:
      - Thu, 20 Jul 2023 09:00:34 GMT
      expires:
      - '-1'
      pragma:
      - no-cache
      strict-transport-security:
      - max-age=31536000; includeSubDomains
      vary:
      - Accept-Encoding
      x-content-type-options:
      - nosniff
    status:
      code: 200
      message: OK
- request:
    body: null
    headers:
      Accept:
      - '*/*'
      Accept-Encoding:
      - gzip, deflate
      CommandName:
      - vmss create
      Connection:
      - keep-alive
      ParameterSetName:
      - -g -n --admin-username --generate-ssh-keys --image --accept-term
      User-Agent:
      - AZURECLI/2.50.0 azsdk-python-azure-mgmt-resource/23.1.0b2 Python/3.9.0 (Windows-10-10.0.19041-SP0)
    method: GET
    uri: https://management.azure.com/subscriptions/00000000-0000-0000-0000-000000000000/resourcegroups/clitest.rg000001/providers/Microsoft.Resources/deployments/mock-deployment?api-version=2022-09-01
  response:
    body:
      string: '{"id":"/subscriptions/00000000-0000-0000-0000-000000000000/resourceGroups/clitest.rg000001/providers/Microsoft.Resources/deployments/vmss_deploy_UGLTeCQOUXO1No1dHv8sDkvgq5fw8Gun","name":"vmss_deploy_UGLTeCQOUXO1No1dHv8sDkvgq5fw8Gun","type":"Microsoft.Resources/deployments","properties":{"templateHash":"9917987009517525992","parameters":{},"mode":"Incremental","provisioningState":"Succeeded","timestamp":"2023-07-20T09:00:24.2897769Z","duration":"PT55.1109596S","correlationId":"8712c995-a30d-42f5-8b40-223082eee4a8","providers":[{"namespace":"Microsoft.Network","resourceTypes":[{"resourceType":"publicIPAddresses","locations":["eastus2"]},{"resourceType":"loadBalancers","locations":["eastus2"]}]},{"namespace":"Microsoft.Compute","resourceTypes":[{"resourceType":"virtualMachineScaleSets","locations":["eastus2"]}]}],"dependencies":[{"dependsOn":[{"id":"/subscriptions/00000000-0000-0000-0000-000000000000/resourceGroups/clitest.rg000001/providers/Microsoft.Network/publicIPAddresses/vmss000004LBPublicIP","resourceType":"Microsoft.Network/publicIPAddresses","resourceName":"vmss000004LBPublicIP"}],"id":"/subscriptions/00000000-0000-0000-0000-000000000000/resourceGroups/clitest.rg000001/providers/Microsoft.Network/loadBalancers/vmss000004LB","resourceType":"Microsoft.Network/loadBalancers","resourceName":"vmss000004LB"},{"dependsOn":[{"id":"/subscriptions/00000000-0000-0000-0000-000000000000/resourceGroups/clitest.rg000001/providers/Microsoft.Network/loadBalancers/vmss000004LB","resourceType":"Microsoft.Network/loadBalancers","resourceName":"vmss000004LB"}],"id":"/subscriptions/00000000-0000-0000-0000-000000000000/resourceGroups/clitest.rg000001/providers/Microsoft.Compute/virtualMachineScaleSets/vmss000004","resourceType":"Microsoft.Compute/virtualMachineScaleSets","resourceName":"vmss000004"}],"outputs":{"vmss":{"type":"Object","value":{"singlePlacementGroup":true,"orchestrationMode":"Uniform","upgradePolicy":{"mode":"Manual","rollingUpgradePolicy":{"maxBatchInstancePercent":20,"maxUnhealthyInstancePercent":20,"maxUnhealthyUpgradedInstancePercent":20,"pauseTimeBetweenBatches":"PT0S","maxSurge":false,"rollbackFailedInstancesOnPolicyBreach":false}},"virtualMachineProfile":{"osProfile":{"computerNamePrefix":"vmssv7257","adminUsername":"gallerytest","linuxConfiguration":{"disablePasswordAuthentication":true,"ssh":{"publicKeys":[{"path":"/home/gallerytest/.ssh/authorized_keys","keyData":"ssh-rsa
        AAAAB3NzaC1yc2EAAAADAQABAAABgQDmGsW4LjseEjF/ye2EN/w3j6dmswbvXI7N/UlAqV8aCxHeYYIjFDnuhFQSF7i1iYgTt8St/6FGkIaTA4ZefhrVVZtJw8dUEKzDkUIMfdQGu4TdlpDjQIeUSHzz1KNFwhANVNK9pm1cy5Z4P3GJd1PP+lTx/IRP+qZesTC/UCSV7EluCmoj5xg6LeC9MWksu07APIFRJySqxVi8nSbCFFHODW5QTZ/82n6iJzbSRDn7KgEQGzfFEAZgzxJE+ino+r3569kWzO/qkixm92swj97fnuOX7i0Ohe1T4Me5dFvpEifoQ3bii1vG4DQDQ7L2pvEvzQyy11Hr9dDtPHZTCzeIr62vWArq75T149ZLCNjfQh44vmbeSPAc/0KVakQOEiDjLvUkMSgDUx6DD4bQgiaEyWnZ23CZ3U1U9xag4p3Kl48tGLGHTpzplaZJQEAVogeloxE1tPLBGi7et3TskoXejHhl9BrtsnXLeNVj1ep9dqD2kxNogVSc4/Av8Wuv9oU=
        zhuyan@microsoft.com\n"}]},"provisionVMAgent":true,"enableVMAgentPlatformUpdates":false},"secrets":[],"allowExtensionOperations":true,"requireGuestProvisionSignal":true},"storageProfile":{"osDisk":{"osType":"Linux","createOption":"FromImage","caching":"ReadWrite","managedDisk":{"storageAccountType":"Premium_LRS"},"diskSizeGB":30},"imageReference":{"communityGalleryImageId":"/CommunityGalleries/pubname-4f5ecce7-faf0-4cc3-b56b-8802a60d3456/Images/image000006/Versions/1.1.2"}},"networkProfile":{"networkInterfaceConfigurations":[{"name":"vmssv7257Nic","properties":{"primary":true,"enableAcceleratedNetworking":false,"disableTcpStateTracking":false,"dnsSettings":{"dnsServers":[]},"enableIPForwarding":false,"ipConfigurations":[{"name":"vmssv7257IPConfig","properties":{"subnet":{"id":"/subscriptions/00000000-0000-0000-0000-000000000000/resourceGroups/clitest.rg000001/providers/Microsoft.Network/virtualNetworks/vm000002VNET/subnets/vm000002Subnet"},"privateIPAddressVersion":"IPv4","loadBalancerBackendAddressPools":[{"id":"/subscriptions/00000000-0000-0000-0000-000000000000/resourceGroups/clitest.rg000001/providers/Microsoft.Network/loadBalancers/vmss000004LB/backendAddressPools/vmss000004LBBEPool"}],"loadBalancerInboundNatPools":[{"id":"/subscriptions/00000000-0000-0000-0000-000000000000/resourceGroups/clitest.rg000001/providers/Microsoft.Network/loadBalancers/vmss000004LB/inboundNatPools/vmss000004LBNatPool"}]}}]}}]}},"provisioningState":"Succeeded","overprovision":true,"doNotRunExtensionsOnOverprovisionedVMs":false,"uniqueId":"a1039ba0-af59-4577-8a81-64e98e0329f8","timeCreated":"2023-07-20T08:59:49.0211243+00:00"}}},"outputResources":[{"id":"/subscriptions/00000000-0000-0000-0000-000000000000/resourceGroups/clitest.rg000001/providers/Microsoft.Compute/virtualMachineScaleSets/vmss000004"},{"id":"/subscriptions/00000000-0000-0000-0000-000000000000/resourceGroups/clitest.rg000001/providers/Microsoft.Network/loadBalancers/vmss000004LB"},{"id":"/subscriptions/00000000-0000-0000-0000-000000000000/resourceGroups/clitest.rg000001/providers/Microsoft.Network/publicIPAddresses/vmss000004LBPublicIP"}]}}'
    headers:
      cache-control:
      - no-cache
      content-length:
      - '5091'
      content-type:
      - application/json; charset=utf-8
      date:
      - Thu, 20 Jul 2023 09:00:35 GMT
      expires:
      - '-1'
      pragma:
      - no-cache
      strict-transport-security:
      - max-age=31536000; includeSubDomains
      vary:
      - Accept-Encoding
      x-content-type-options:
      - nosniff
    status:
      code: 200
      message: OK
- request:
    body: null
    headers:
      Accept:
      - application/json
      Accept-Encoding:
      - gzip, deflate
      CommandName:
      - vmss show
      Connection:
      - keep-alive
      ParameterSetName:
      - -g -n
      User-Agent:
      - AZURECLI/2.50.0 azsdk-python-azure-mgmt-compute/29.1.0 Python/3.9.0 (Windows-10-10.0.19041-SP0)
    method: GET
    uri: https://management.azure.com/subscriptions/00000000-0000-0000-0000-000000000000/resourceGroups/clitest.rg000001/providers/Microsoft.Compute/virtualMachineScaleSets/vmss000004?api-version=2022-11-01
  response:
    body:
      string: "{\r\n  \"name\": \"vmss000004\",\r\n  \"id\": \"/subscriptions/00000000-0000-0000-0000-000000000000/resourceGroups/clitest.rg000001/providers/Microsoft.Compute/virtualMachineScaleSets/vmss000004\",\r\n
        \ \"type\": \"Microsoft.Compute/virtualMachineScaleSets\",\r\n  \"location\":
        \"eastus2\",\r\n  \"tags\": {},\r\n  \"sku\": {\r\n    \"name\": \"Standard_DS1_v2\",\r\n
        \   \"tier\": \"Standard\",\r\n    \"capacity\": 2\r\n  },\r\n  \"properties\":
        {\r\n    \"singlePlacementGroup\": true,\r\n    \"orchestrationMode\": \"Uniform\",\r\n
        \   \"upgradePolicy\": {\r\n      \"mode\": \"Manual\",\r\n      \"rollingUpgradePolicy\":
        {\r\n        \"maxBatchInstancePercent\": 20,\r\n        \"maxUnhealthyInstancePercent\":
        20,\r\n        \"maxUnhealthyUpgradedInstancePercent\": 20,\r\n        \"pauseTimeBetweenBatches\":
        \"PT0S\",\r\n        \"maxSurge\": false,\r\n        \"rollbackFailedInstancesOnPolicyBreach\":
        false\r\n      }\r\n    },\r\n    \"virtualMachineProfile\": {\r\n      \"osProfile\":
        {\r\n        \"computerNamePrefix\": \"vmssv7257\",\r\n        \"adminUsername\":
        \"gallerytest\",\r\n        \"linuxConfiguration\": {\r\n          \"disablePasswordAuthentication\":
        true,\r\n          \"ssh\": {\r\n            \"publicKeys\": [\r\n              {\r\n
        \               \"path\": \"/home/gallerytest/.ssh/authorized_keys\",\r\n
        \               \"keyData\": \"ssh-rsa AAAAB3NzaC1yc2EAAAADAQABAAABgQDmGsW4LjseEjF/ye2EN/w3j6dmswbvXI7N/UlAqV8aCxHeYYIjFDnuhFQSF7i1iYgTt8St/6FGkIaTA4ZefhrVVZtJw8dUEKzDkUIMfdQGu4TdlpDjQIeUSHzz1KNFwhANVNK9pm1cy5Z4P3GJd1PP+lTx/IRP+qZesTC/UCSV7EluCmoj5xg6LeC9MWksu07APIFRJySqxVi8nSbCFFHODW5QTZ/82n6iJzbSRDn7KgEQGzfFEAZgzxJE+ino+r3569kWzO/qkixm92swj97fnuOX7i0Ohe1T4Me5dFvpEifoQ3bii1vG4DQDQ7L2pvEvzQyy11Hr9dDtPHZTCzeIr62vWArq75T149ZLCNjfQh44vmbeSPAc/0KVakQOEiDjLvUkMSgDUx6DD4bQgiaEyWnZ23CZ3U1U9xag4p3Kl48tGLGHTpzplaZJQEAVogeloxE1tPLBGi7et3TskoXejHhl9BrtsnXLeNVj1ep9dqD2kxNogVSc4/Av8Wuv9oU=
        zhuyan@microsoft.com\\n\"\r\n              }\r\n            ]\r\n          },\r\n
        \         \"provisionVMAgent\": true,\r\n          \"enableVMAgentPlatformUpdates\":
        false\r\n        },\r\n        \"secrets\": [],\r\n        \"allowExtensionOperations\":
        true,\r\n        \"requireGuestProvisionSignal\": true\r\n      },\r\n      \"storageProfile\":
        {\r\n        \"osDisk\": {\r\n          \"osType\": \"Linux\",\r\n          \"createOption\":
        \"FromImage\",\r\n          \"caching\": \"ReadWrite\",\r\n          \"managedDisk\":
        {\r\n            \"storageAccountType\": \"Premium_LRS\"\r\n          },\r\n
        \         \"diskSizeGB\": 30\r\n        },\r\n        \"imageReference\":
        {\r\n          \"communityGalleryImageId\": \"/CommunityGalleries/pubname-4f5ecce7-faf0-4cc3-b56b-8802a60d3456/Images/image000006/Versions/1.1.2\"\r\n
        \       }\r\n      },\r\n      \"networkProfile\": {\"networkInterfaceConfigurations\":[{\"name\":\"vmssv7257Nic\",\"properties\":{\"primary\":true,\"enableAcceleratedNetworking\":false,\"disableTcpStateTracking\":false,\"dnsSettings\":{\"dnsServers\":[]},\"enableIPForwarding\":false,\"ipConfigurations\":[{\"name\":\"vmssv7257IPConfig\",\"properties\":{\"subnet\":{\"id\":\"/subscriptions/00000000-0000-0000-0000-000000000000/resourceGroups/clitest.rg000001/providers/Microsoft.Network/virtualNetworks/vm000002VNET/subnets/vm000002Subnet\"},\"privateIPAddressVersion\":\"IPv4\",\"loadBalancerBackendAddressPools\":[{\"id\":\"/subscriptions/00000000-0000-0000-0000-000000000000/resourceGroups/clitest.rg000001/providers/Microsoft.Network/loadBalancers/vmss000004LB/backendAddressPools/vmss000004LBBEPool\"}],\"loadBalancerInboundNatPools\":[{\"id\":\"/subscriptions/00000000-0000-0000-0000-000000000000/resourceGroups/clitest.rg000001/providers/Microsoft.Network/loadBalancers/vmss000004LB/inboundNatPools/vmss000004LBNatPool\"}]}}]}}]}\r\n
        \   },\r\n    \"provisioningState\": \"Succeeded\",\r\n    \"overprovision\":
        true,\r\n    \"doNotRunExtensionsOnOverprovisionedVMs\": false,\r\n    \"uniqueId\":
        \"a1039ba0-af59-4577-8a81-64e98e0329f8\",\r\n    \"timeCreated\": \"2023-07-20T08:59:49.0211243+00:00\"\r\n
        \ }\r\n}"
    headers:
      cache-control:
      - no-cache
      content-length:
      - '3742'
      content-type:
      - application/json; charset=utf-8
      date:
      - Thu, 20 Jul 2023 09:00:36 GMT
      expires:
      - '-1'
      pragma:
      - no-cache
      server:
      - Microsoft-HTTPAPI/2.0
      - Microsoft-HTTPAPI/2.0
      strict-transport-security:
      - max-age=31536000; includeSubDomains
      transfer-encoding:
      - chunked
      vary:
      - Accept-Encoding
      x-content-type-options:
      - nosniff
      x-ms-ratelimit-remaining-resource:
      - Microsoft.Compute/GetVMScaleSet3Min;396,Microsoft.Compute/GetVMScaleSet30Min;2596
    status:
      code: 200
      message: OK
- request:
    body: '{"operationType": "Reset"}'
    headers:
      Accept:
      - application/json
      Accept-Encoding:
      - gzip, deflate
      CommandName:
      - sig share reset
      Connection:
      - keep-alive
      Content-Length:
      - '26'
      Content-Type:
      - application/json
      ParameterSetName:
      - --gallery-name -g
      User-Agent:
      - AZURECLI/2.50.0 azsdk-python-azure-mgmt-compute/29.1.0 Python/3.9.0 (Windows-10-10.0.19041-SP0)
    method: POST
    uri: https://management.azure.com/subscriptions/00000000-0000-0000-0000-000000000000/resourceGroups/clitest.rg000001/providers/Microsoft.Compute/galleries/gellery000005/share?api-version=2022-03-03
  response:
    body:
      string: ''
    headers:
      azure-asyncoperation:
      - https://management.azure.com/subscriptions/00000000-0000-0000-0000-000000000000/providers/Microsoft.Compute/locations/eastus2/capsOperations/0524d462-b38f-4b55-9489-964f12a97ad8?api-version=2022-03-03
      cache-control:
      - no-cache
      content-length:
      - '0'
      date:
      - Thu, 20 Jul 2023 09:00:38 GMT
      expires:
      - '-1'
      location:
      - https://management.azure.com/subscriptions/00000000-0000-0000-0000-000000000000/providers/Microsoft.Compute/locations/eastus2/capsOperations/0524d462-b38f-4b55-9489-964f12a97ad8?monitor=true&api-version=2022-03-03
      pragma:
      - no-cache
      server:
      - Microsoft-HTTPAPI/2.0
      - Microsoft-HTTPAPI/2.0
      strict-transport-security:
      - max-age=31536000; includeSubDomains
      x-content-type-options:
      - nosniff
      x-ms-ratelimit-remaining-resource:
      - Microsoft.Compute/PostShareGallery3Min;9,Microsoft.Compute/PostShareGallery30Min;58
      x-ms-ratelimit-remaining-subscription-writes:
      - '1198'
    status:
      code: 202
      message: Accepted
- request:
    body: null
    headers:
      Accept:
      - '*/*'
      Accept-Encoding:
      - gzip, deflate
      CommandName:
      - sig share reset
      Connection:
      - keep-alive
      ParameterSetName:
      - --gallery-name -g
      User-Agent:
      - AZURECLI/2.50.0 azsdk-python-azure-mgmt-compute/29.1.0 Python/3.9.0 (Windows-10-10.0.19041-SP0)
    method: GET
    uri: https://management.azure.com/subscriptions/00000000-0000-0000-0000-000000000000/providers/Microsoft.Compute/locations/eastus2/capsOperations/0524d462-b38f-4b55-9489-964f12a97ad8?api-version=2022-03-03
  response:
    body:
      string: "{\r\n  \"startTime\": \"2023-07-20T09:00:39.0442938+00:00\",\r\n  \"endTime\":
        \"2023-07-20T09:00:39.4661705+00:00\",\r\n  \"status\": \"Succeeded\",\r\n
        \ \"name\": \"0524d462-b38f-4b55-9489-964f12a97ad8\"\r\n}"
    headers:
      cache-control:
      - no-cache
      content-length:
      - '184'
      content-type:
      - application/json; charset=utf-8
      date:
      - Thu, 20 Jul 2023 09:00:39 GMT
      expires:
      - '-1'
      pragma:
      - no-cache
      server:
      - Microsoft-HTTPAPI/2.0
      - Microsoft-HTTPAPI/2.0
      strict-transport-security:
      - max-age=31536000; includeSubDomains
      transfer-encoding:
      - chunked
      vary:
      - Accept-Encoding
      x-content-type-options:
      - nosniff
      x-ms-ratelimit-remaining-resource:
      - Microsoft.Compute/GetOperationStatus3Min;1194,Microsoft.Compute/GetOperationStatus30Min;4150
    status:
      code: 200
      message: OK
- request:
    body: null
    headers:
      Accept:
      - '*/*'
      Accept-Encoding:
      - gzip, deflate
      CommandName:
      - sig share reset
      Connection:
      - keep-alive
      ParameterSetName:
      - --gallery-name -g
      User-Agent:
      - AZURECLI/2.50.0 azsdk-python-azure-mgmt-compute/29.1.0 Python/3.9.0 (Windows-10-10.0.19041-SP0)
    method: GET
    uri: https://management.azure.com/subscriptions/00000000-0000-0000-0000-000000000000/providers/Microsoft.Compute/locations/eastus2/capsOperations/0524d462-b38f-4b55-9489-964f12a97ad8?monitor=true&api-version=2022-03-03
  response:
    body:
      string: ''
    headers:
      cache-control:
      - no-cache
      content-length:
      - '0'
      date:
      - Thu, 20 Jul 2023 09:00:39 GMT
      expires:
      - '-1'
      pragma:
      - no-cache
      server:
      - Microsoft-HTTPAPI/2.0
      - Microsoft-HTTPAPI/2.0
      strict-transport-security:
      - max-age=31536000; includeSubDomains
      x-content-type-options:
      - nosniff
      x-ms-ratelimit-remaining-resource:
      - Microsoft.Compute/GetOperationStatus3Min;1193,Microsoft.Compute/GetOperationStatus30Min;4149
    status:
      code: 200
      message: OK
- request:
    body: null
    headers:
      Accept:
      - application/json
      Accept-Encoding:
      - gzip, deflate
      CommandName:
      - sig show
      Connection:
      - keep-alive
      ParameterSetName:
      - --gallery-name --resource-group --select
      User-Agent:
      - AZURECLI/2.50.0 azsdk-python-azure-mgmt-compute/29.1.0 Python/3.9.0 (Windows-10-10.0.19041-SP0)
    method: GET
    uri: https://management.azure.com/subscriptions/00000000-0000-0000-0000-000000000000/resourceGroups/clitest.rg000001/providers/Microsoft.Compute/galleries/gellery000005?api-version=2021-10-01&$select=Permissions
  response:
    body:
      string: "{\r\n  \"name\": \"gellery000005\",\r\n  \"id\": \"/subscriptions/00000000-0000-0000-0000-000000000000/resourceGroups/clitest.rg000001/providers/Microsoft.Compute/galleries/gellery000005\",\r\n
        \ \"type\": \"Microsoft.Compute/galleries\",\r\n  \"location\": \"eastus2\",\r\n
        \ \"tags\": {},\r\n  \"properties\": {\r\n    \"identifier\": {\r\n      \"uniqueName\":
        \"0b1f6471-1bf0-4dda-aec3-cb9272f09590-GELLERYOHM5QOKML\"\r\n    },\r\n    \"sharingProfile\":
        {\r\n      \"permissions\": \"Private\"\r\n    },\r\n    \"provisioningState\":
        \"Succeeded\"\r\n  }\r\n}"
    headers:
      cache-control:
      - no-cache
      content-length:
      - '496'
      content-type:
      - application/json; charset=utf-8
      date:
      - Thu, 20 Jul 2023 09:00:41 GMT
      expires:
      - '-1'
      pragma:
      - no-cache
      server:
      - Microsoft-HTTPAPI/2.0
      - Microsoft-HTTPAPI/2.0
      strict-transport-security:
      - max-age=31536000; includeSubDomains
      transfer-encoding:
      - chunked
      vary:
      - Accept-Encoding
      x-content-type-options:
      - nosniff
      x-ms-ratelimit-remaining-resource:
      - Microsoft.Compute/GetGallery3Min;349,Microsoft.Compute/GetGallery30Min;2469
    status:
      code: 200
      message: OK
version: 1
