interactions:
- request:
    body: null
    headers:
      Accept:
      - application/json
      Accept-Encoding:
      - gzip, deflate
      CommandName:
      - vm create
      Connection:
      - keep-alive
      ParameterSetName:
      - -g -n --image --admin-username --admin-password --nsg-rule
      User-Agent:
      - AZURECLI/2.59.0 azsdk-python-core/1.30.1 Python/3.10.11 (Windows-10-10.0.22631-SP0)
    method: GET
    uri: https://management.azure.com/subscriptions/00000000-0000-0000-0000-000000000000/resourcegroups/cli_test_vm_encryption000001?api-version=2022-09-01
  response:
    body:
      string: '{"id":"/subscriptions/00000000-0000-0000-0000-000000000000/resourceGroups/cli_test_vm_encryption000001","name":"cli_test_vm_encryption000001","type":"Microsoft.Resources/resourceGroups","location":"westus","tags":{"product":"azurecli","cause":"automation","test":"test_vm_disk_encryption_e2e","date":"2024-04-24T04:48:41Z","module":"vm","Creator":"v-jingszhang@microsoft.com","DateCreated":"2024-04-24T04:48:44Z"},"properties":{"provisioningState":"Succeeded"}}'
    headers:
      cache-control:
      - no-cache
      content-length:
      - '461'
      content-type:
      - application/json; charset=utf-8
      date:
      - Wed, 24 Apr 2024 04:49:22 GMT
      expires:
      - '-1'
      pragma:
      - no-cache
      strict-transport-security:
      - max-age=31536000; includeSubDomains
      x-cache:
      - CONFIG_NOCACHE
      x-content-type-options:
      - nosniff
      x-msedge-ref:
      - 'Ref A: CBEA4D09488A4F58A067AFF7EE03753D Ref B: MAA201060516035 Ref C: 2024-04-24T04:49:23Z'
    status:
      code: 200
      message: OK
- request:
    body: null
    headers:
      Accept:
      - '*/*'
      Accept-Encoding:
      - gzip, deflate
      Connection:
      - keep-alive
      User-Agent:
      - python-requests/2.31.0
    method: GET
    uri: https://raw.githubusercontent.com/Azure/azure-rest-api-specs/main/arm-compute/quickstart-templates/aliases.json
  response:
    body:
      string: "{\n  \"$schema\": \"http://schema.management.azure.com/schemas/2015-01-01/deploymentTemplate.json\"\
        ,\n  \"contentVersion\": \"1.0.0.0\",\n  \"parameters\": {},\n  \"variables\"\
        : {},\n  \"resources\": [],\n  \"outputs\": {\n    \"aliases\": {\n      \"\
        type\": \"object\",\n      \"value\": {\n        \"Linux\": {\n          \"\
        CentOS85Gen2\": {\n            \"publisher\":  \"OpenLogic\",\n          \
        \  \"offer\":  \"CentOS\",\n            \"sku\":  \"8_5-gen2\",\n        \
        \    \"version\":  \"latest\",\n            \"architecture\": \"x64\"\n  \
        \        },\n          \"Debian11\":  {\n            \"publisher\":  \"Debian\"\
        ,\n            \"offer\":  \"debian-11\",\n            \"sku\":  \"11-backports-gen2\"\
        ,\n            \"version\":  \"latest\",\n            \"architecture\": \"\
        x64\"\n          },\n          \"FlatcarLinuxFreeGen2\":  {\n            \"\
        publisher\":  \"kinvolk\",\n            \"offer\":  \"flatcar-container-linux-free\"\
        ,\n            \"sku\":  \"stable-gen2\",\n            \"version\":  \"latest\"\
        ,\n            \"architecture\": \"x64\"\n          },\n          \"OpenSuseLeap154Gen2\"\
        :  {\n            \"publisher\":  \"SUSE\",\n            \"offer\":  \"openSUSE-leap-15-4\"\
        ,\n            \"sku\":  \"gen2\",\n            \"version\":  \"latest\",\n\
        \            \"architecture\": \"x64\"\n          },\n          \"RHELRaw8LVMGen2\"\
        :  {\n            \"publisher\":  \"RedHat\",\n            \"offer\":  \"\
        RHEL\",\n            \"sku\":  \"8-lvm-gen2\",\n            \"version\": \
        \ \"latest\",\n            \"architecture\": \"x64\"\n          },\n     \
        \     \"SuseSles15SP3\": {\n            \"publisher\": \"SUSE\",\n       \
        \     \"offer\": \"sles-15-sp3\",\n            \"sku\": \"gen2\",\n      \
        \      \"version\": \"latest\",\n            \"architecture\": \"x64\"\n \
        \         },\n          \"Ubuntu2204\":  {\n            \"publisher\":  \"\
        Canonical\",\n            \"offer\":  \"0001-com-ubuntu-server-jammy\",\n\
        \            \"sku\":  \"22_04-lts-gen2\",\n            \"version\":  \"latest\"\
        ,\n            \"architecture\": \"x64\"\n          }\n        },\n      \
        \  \"Windows\": {\n          \"Win2022Datacenter\": {\n            \"publisher\"\
        : \"MicrosoftWindowsServer\",\n            \"offer\": \"WindowsServer\",\n\
        \            \"sku\": \"2022-datacenter-g2\",\n            \"version\": \"\
        latest\",\n            \"architecture\": \"x64\"\n          },\n         \
        \ \"Win2022AzureEditionCore\": {\n            \"publisher\": \"MicrosoftWindowsServer\"\
        ,\n            \"offer\": \"WindowsServer\",\n            \"sku\": \"2022-datacenter-azure-edition-core\"\
        ,\n            \"version\": \"latest\",\n            \"architecture\": \"\
        x64\"\n          },\n          \"Win2019Datacenter\": {\n            \"publisher\"\
        : \"MicrosoftWindowsServer\",\n            \"offer\": \"WindowsServer\",\n\
        \            \"sku\": \"2019-datacenter-gensecond\",\n            \"version\"\
        : \"latest\",\n            \"architecture\": \"x64\"\n          },\n     \
        \     \"Win2016Datacenter\": {\n            \"publisher\": \"MicrosoftWindowsServer\"\
        ,\n            \"offer\": \"WindowsServer\",\n            \"sku\": \"2016-datacenter-gensecond\"\
        ,\n            \"version\": \"latest\",\n            \"architecture\": \"\
        x64\"\n          },\n          \"Win2012R2Datacenter\": {\n            \"\
        publisher\": \"MicrosoftWindowsServer\",\n            \"offer\": \"WindowsServer\"\
        ,\n            \"sku\": \"2012-R2-Datacenter\",\n            \"version\":\
        \ \"latest\",\n            \"architecture\": \"x64\"\n          },\n     \
        \     \"Win2012Datacenter\": {\n            \"publisher\": \"MicrosoftWindowsServer\"\
        ,\n            \"offer\": \"WindowsServer\",\n            \"sku\": \"2012-Datacenter\"\
        ,\n            \"version\": \"latest\",\n            \"architecture\": \"\
        x64\"\n          },\n          \"Win2008R2SP1\": {\n            \"publisher\"\
        : \"MicrosoftWindowsServer\",\n            \"offer\": \"WindowsServer\",\n\
        \            \"sku\": \"2008-R2-SP1\",\n            \"version\": \"latest\"\
        ,\n            \"architecture\": \"x64\"\n          }\n        }\n      }\n\
        \    }\n  }\n}\n"
    headers:
      accept-ranges:
      - bytes
      access-control-allow-origin:
      - '*'
      cache-control:
      - max-age=300
      connection:
      - keep-alive
      content-length:
      - '3615'
      content-security-policy:
      - default-src 'none'; style-src 'unsafe-inline'; sandbox
      content-type:
      - text/plain; charset=utf-8
      cross-origin-resource-policy:
      - cross-origin
      date:
      - Wed, 24 Apr 2024 04:49:23 GMT
      etag:
      - W/"9fee27d398b0211e374a0f0e8e79c9b3a0342cfa43466b26b8548409639c8c17"
      expires:
      - Wed, 24 Apr 2024 04:54:23 GMT
      source-age:
      - '0'
      strict-transport-security:
      - max-age=31536000
      vary:
      - Authorization,Accept-Encoding,Origin
      via:
      - 1.1 varnish
      x-cache:
      - HIT
      x-cache-hits:
      - '0'
      x-content-type-options:
      - nosniff
      x-fastly-request-id:
      - 216fdfa0a0499ff3bbd2224c5d36befa16e38793
      x-frame-options:
      - deny
      x-github-request-id:
      - 1FDA:332C6:62DFCC:76831B:66287D7A
      x-served-by:
      - cache-itm1220053-ITM
      x-timer:
      - S1713934164.679786,VS0,VE200
      x-xss-protection:
      - 1; mode=block
    status:
      code: 200
      message: OK
- request:
    body: null
    headers:
      Accept:
      - application/json
      Accept-Encoding:
      - gzip, deflate
      CommandName:
      - vm create
      Connection:
      - keep-alive
      ParameterSetName:
      - -g -n --image --admin-username --admin-password --nsg-rule
      User-Agent:
      - AZURECLI/2.59.0 azsdk-python-core/1.30.1 Python/3.10.11 (Windows-10-10.0.22631-SP0)
    method: GET
    uri: https://management.azure.com/subscriptions/00000000-0000-0000-0000-000000000000/providers/Microsoft.Compute/locations/westus/publishers/MicrosoftWindowsServer/artifacttypes/vmimage/offers/WindowsServer/skus/2012-Datacenter/versions?$top=1&$orderby=name%20desc&api-version=2024-03-01
  response:
    body:
      string: "[\r\n  {\r\n    \"location\": \"westus\",\r\n    \"name\": \"9200.24523.231004\"\
        ,\r\n    \"id\": \"/Subscriptions/00000000-0000-0000-0000-000000000000/Providers/Microsoft.Compute/Locations/westus/Publishers/MicrosoftWindowsServer/ArtifactTypes/VMImage/Offers/WindowsServer/Skus/2012-Datacenter/Versions/9200.24523.231004\"\
        \r\n  }\r\n]"
    headers:
      cache-control:
      - no-cache
      content-length:
      - '310'
      content-type:
      - application/json; charset=utf-8
      date:
      - Wed, 24 Apr 2024 04:49:24 GMT
      expires:
      - '-1'
      pragma:
      - no-cache
      strict-transport-security:
      - max-age=31536000; includeSubDomains
      x-cache:
      - CONFIG_NOCACHE
      x-content-type-options:
      - nosniff
      x-ms-ratelimit-remaining-resource:
      - Microsoft.Compute/ListVMImagesVersionsFromLocation3Min;15999,Microsoft.Compute/ListVMImagesVersionsFromLocation30Min;43979
      x-msedge-ref:
      - 'Ref A: 99A388C960E943748347AF702915F339 Ref B: MAA201060516011 Ref C: 2024-04-24T04:49:24Z'
    status:
      code: 200
      message: OK
- request:
    body: null
    headers:
      Accept:
      - application/json
      Accept-Encoding:
      - gzip, deflate
      CommandName:
      - vm create
      Connection:
      - keep-alive
      ParameterSetName:
      - -g -n --image --admin-username --admin-password --nsg-rule
      User-Agent:
      - AZURECLI/2.59.0 azsdk-python-core/1.30.1 Python/3.10.11 (Windows-10-10.0.22631-SP0)
    method: GET
    uri: https://management.azure.com/subscriptions/00000000-0000-0000-0000-000000000000/providers/Microsoft.Compute/locations/westus/publishers/MicrosoftWindowsServer/artifacttypes/vmimage/offers/WindowsServer/skus/2012-Datacenter/versions/9200.24523.231004?api-version=2024-03-01
  response:
    body:
      string: "{\r\n  \"properties\": {\r\n    \"hyperVGeneration\": \"V1\",\r\n \
        \   \"architecture\": \"x64\",\r\n    \"replicaType\": \"Unmanaged\",\r\n\
        \    \"disallowed\": {\r\n      \"vmDiskType\": \"None\"\r\n    },\r\n   \
        \ \"automaticOSUpgradeProperties\": {\r\n      \"automaticOSUpgradeSupported\"\
        : false\r\n    },\r\n    \"imageDeprecationStatus\": {\r\n      \"imageState\"\
        : \"ScheduledForDeprecation\",\r\n      \"scheduledDeprecationTime\": \"2024-06-14T00:00:00+00:00\"\
        ,\r\n      \"alternativeOption\": {\r\n        \"type\": \"Plan\",\r\n   \
        \     \"value\": \"2022-datacenter-azure-edition\"\r\n      }\r\n    },\r\n\
        \    \"features\": [\r\n      {\r\n        \"name\": \"IsAcceleratedNetworkSupported\"\
        ,\r\n        \"value\": \"False\"\r\n      },\r\n      {\r\n        \"name\"\
        : \"DiskControllerTypes\",\r\n        \"value\": \"SCSI\"\r\n      },\r\n\
        \      {\r\n        \"name\": \"IsHibernateSupported\",\r\n        \"value\"\
        : \"False\"\r\n      }\r\n    ],\r\n    \"osDiskImage\": {\r\n      \"operatingSystem\"\
        : \"Windows\",\r\n      \"sizeInBytes\": 136367309312\r\n    },\r\n    \"\
        dataDiskImages\": []\r\n  },\r\n  \"location\": \"westus\",\r\n  \"name\"\
        : \"9200.24523.231004\",\r\n  \"id\": \"/Subscriptions/00000000-0000-0000-0000-000000000000/Providers/Microsoft.Compute/Locations/westus/Publishers/MicrosoftWindowsServer/ArtifactTypes/VMImage/Offers/WindowsServer/Skus/2012-Datacenter/Versions/9200.24523.231004\"\
        \r\n}"
    headers:
      cache-control:
      - no-cache
      content-length:
      - '1245'
      content-type:
      - application/json; charset=utf-8
      date:
      - Wed, 24 Apr 2024 04:49:25 GMT
      expires:
      - '-1'
      pragma:
      - no-cache
      strict-transport-security:
      - max-age=31536000; includeSubDomains
      x-cache:
      - CONFIG_NOCACHE
      x-content-type-options:
      - nosniff
      x-ms-ratelimit-remaining-resource:
      - Microsoft.Compute/GetVMImageFromLocation3Min;12999,Microsoft.Compute/GetVMImageFromLocation30Min;73983
      x-msedge-ref:
      - 'Ref A: DCF3B7E0373E48E892E86D4916708419 Ref B: MAA201060514011 Ref C: 2024-04-24T04:49:25Z'
    status:
      code: 200
      message: OK
- request:
    body: null
    headers:
      Accept:
      - application/json
      Accept-Encoding:
      - gzip, deflate
      CommandName:
      - vm create
      Connection:
      - keep-alive
      ParameterSetName:
      - -g -n --image --admin-username --admin-password --nsg-rule
      User-Agent:
      - AZURECLI/2.59.0 azsdk-python-core/1.30.1 Python/3.10.11 (Windows-10-10.0.22631-SP0)
    method: GET
    uri: https://management.azure.com/subscriptions/00000000-0000-0000-0000-000000000000/resourceGroups/cli_test_vm_encryption000001/providers/Microsoft.Network/virtualNetworks?api-version=2022-01-01
  response:
    body:
      string: '{"value":[]}'
    headers:
      cache-control:
      - no-cache
      content-length:
      - '12'
      content-type:
      - application/json; charset=utf-8
      date:
      - Wed, 24 Apr 2024 04:49:26 GMT
      expires:
      - '-1'
      pragma:
      - no-cache
      strict-transport-security:
      - max-age=31536000; includeSubDomains
      x-cache:
      - CONFIG_NOCACHE
      x-content-type-options:
      - nosniff
      x-msedge-ref:
      - 'Ref A: D56016EF8516480EB0B52D65F8ADA693 Ref B: MAA201060514045 Ref C: 2024-04-24T04:49:26Z'
    status:
      code: 200
      message: OK
- request:
    body: null
    headers:
      Accept:
      - '*/*'
      Accept-Encoding:
      - gzip, deflate
      Connection:
      - keep-alive
      User-Agent:
      - python-requests/2.31.0
    method: GET
    uri: https://raw.githubusercontent.com/Azure/azure-rest-api-specs/main/arm-compute/quickstart-templates/aliases.json
  response:
    body:
      string: "{\n  \"$schema\": \"http://schema.management.azure.com/schemas/2015-01-01/deploymentTemplate.json\"\
        ,\n  \"contentVersion\": \"1.0.0.0\",\n  \"parameters\": {},\n  \"variables\"\
        : {},\n  \"resources\": [],\n  \"outputs\": {\n    \"aliases\": {\n      \"\
        type\": \"object\",\n      \"value\": {\n        \"Linux\": {\n          \"\
        CentOS85Gen2\": {\n            \"publisher\":  \"OpenLogic\",\n          \
        \  \"offer\":  \"CentOS\",\n            \"sku\":  \"8_5-gen2\",\n        \
        \    \"version\":  \"latest\",\n            \"architecture\": \"x64\"\n  \
        \        },\n          \"Debian11\":  {\n            \"publisher\":  \"Debian\"\
        ,\n            \"offer\":  \"debian-11\",\n            \"sku\":  \"11-backports-gen2\"\
        ,\n            \"version\":  \"latest\",\n            \"architecture\": \"\
        x64\"\n          },\n          \"FlatcarLinuxFreeGen2\":  {\n            \"\
        publisher\":  \"kinvolk\",\n            \"offer\":  \"flatcar-container-linux-free\"\
        ,\n            \"sku\":  \"stable-gen2\",\n            \"version\":  \"latest\"\
        ,\n            \"architecture\": \"x64\"\n          },\n          \"OpenSuseLeap154Gen2\"\
        :  {\n            \"publisher\":  \"SUSE\",\n            \"offer\":  \"openSUSE-leap-15-4\"\
        ,\n            \"sku\":  \"gen2\",\n            \"version\":  \"latest\",\n\
        \            \"architecture\": \"x64\"\n          },\n          \"RHELRaw8LVMGen2\"\
        :  {\n            \"publisher\":  \"RedHat\",\n            \"offer\":  \"\
        RHEL\",\n            \"sku\":  \"8-lvm-gen2\",\n            \"version\": \
        \ \"latest\",\n            \"architecture\": \"x64\"\n          },\n     \
        \     \"SuseSles15SP3\": {\n            \"publisher\": \"SUSE\",\n       \
        \     \"offer\": \"sles-15-sp3\",\n            \"sku\": \"gen2\",\n      \
        \      \"version\": \"latest\",\n            \"architecture\": \"x64\"\n \
        \         },\n          \"Ubuntu2204\":  {\n            \"publisher\":  \"\
        Canonical\",\n            \"offer\":  \"0001-com-ubuntu-server-jammy\",\n\
        \            \"sku\":  \"22_04-lts-gen2\",\n            \"version\":  \"latest\"\
        ,\n            \"architecture\": \"x64\"\n          }\n        },\n      \
        \  \"Windows\": {\n          \"Win2022Datacenter\": {\n            \"publisher\"\
        : \"MicrosoftWindowsServer\",\n            \"offer\": \"WindowsServer\",\n\
        \            \"sku\": \"2022-datacenter-g2\",\n            \"version\": \"\
        latest\",\n            \"architecture\": \"x64\"\n          },\n         \
        \ \"Win2022AzureEditionCore\": {\n            \"publisher\": \"MicrosoftWindowsServer\"\
        ,\n            \"offer\": \"WindowsServer\",\n            \"sku\": \"2022-datacenter-azure-edition-core\"\
        ,\n            \"version\": \"latest\",\n            \"architecture\": \"\
        x64\"\n          },\n          \"Win2019Datacenter\": {\n            \"publisher\"\
        : \"MicrosoftWindowsServer\",\n            \"offer\": \"WindowsServer\",\n\
        \            \"sku\": \"2019-datacenter-gensecond\",\n            \"version\"\
        : \"latest\",\n            \"architecture\": \"x64\"\n          },\n     \
        \     \"Win2016Datacenter\": {\n            \"publisher\": \"MicrosoftWindowsServer\"\
        ,\n            \"offer\": \"WindowsServer\",\n            \"sku\": \"2016-datacenter-gensecond\"\
        ,\n            \"version\": \"latest\",\n            \"architecture\": \"\
        x64\"\n          },\n          \"Win2012R2Datacenter\": {\n            \"\
        publisher\": \"MicrosoftWindowsServer\",\n            \"offer\": \"WindowsServer\"\
        ,\n            \"sku\": \"2012-R2-Datacenter\",\n            \"version\":\
        \ \"latest\",\n            \"architecture\": \"x64\"\n          },\n     \
        \     \"Win2012Datacenter\": {\n            \"publisher\": \"MicrosoftWindowsServer\"\
        ,\n            \"offer\": \"WindowsServer\",\n            \"sku\": \"2012-Datacenter\"\
        ,\n            \"version\": \"latest\",\n            \"architecture\": \"\
        x64\"\n          },\n          \"Win2008R2SP1\": {\n            \"publisher\"\
        : \"MicrosoftWindowsServer\",\n            \"offer\": \"WindowsServer\",\n\
        \            \"sku\": \"2008-R2-SP1\",\n            \"version\": \"latest\"\
        ,\n            \"architecture\": \"x64\"\n          }\n        }\n      }\n\
        \    }\n  }\n}\n"
    headers:
      accept-ranges:
      - bytes
      access-control-allow-origin:
      - '*'
      cache-control:
      - max-age=300
      connection:
      - keep-alive
      content-length:
      - '3615'
      content-security-policy:
      - default-src 'none'; style-src 'unsafe-inline'; sandbox
      content-type:
      - text/plain; charset=utf-8
      cross-origin-resource-policy:
      - cross-origin
      date:
      - Wed, 24 Apr 2024 04:49:27 GMT
      etag:
      - W/"9fee27d398b0211e374a0f0e8e79c9b3a0342cfa43466b26b8548409639c8c17"
      expires:
      - Wed, 24 Apr 2024 04:54:27 GMT
      source-age:
      - '4'
      strict-transport-security:
      - max-age=31536000
      vary:
      - Authorization,Accept-Encoding,Origin
      via:
      - 1.1 varnish
      x-cache:
      - HIT
      x-cache-hits:
      - '1'
      x-content-type-options:
      - nosniff
      x-fastly-request-id:
      - d2b57f07032f84a8aa2845bc7595a6b7f75f20b3
      x-frame-options:
      - deny
      x-github-request-id:
      - 1FDA:332C6:62DFCC:76831B:66287D7A
      x-served-by:
      - cache-itm1220041-ITM
      x-timer:
      - S1713934167.499453,VS0,VE1
      x-xss-protection:
      - 1; mode=block
    status:
      code: 200
      message: OK
- request:
    body: null
    headers:
      Accept:
      - application/json
      Accept-Encoding:
      - gzip, deflate
      CommandName:
      - vm create
      Connection:
      - keep-alive
      ParameterSetName:
      - -g -n --image --admin-username --admin-password --nsg-rule
      User-Agent:
      - AZURECLI/2.59.0 azsdk-python-core/1.30.1 Python/3.10.11 (Windows-10-10.0.22631-SP0)
    method: GET
    uri: https://management.azure.com/subscriptions/00000000-0000-0000-0000-000000000000/providers/Microsoft.Compute/locations/westus/publishers/MicrosoftWindowsServer/artifacttypes/vmimage/offers/WindowsServer/skus/2012-Datacenter/versions?$top=1&$orderby=name%20desc&api-version=2024-03-01
  response:
    body:
      string: "[\r\n  {\r\n    \"location\": \"westus\",\r\n    \"name\": \"9200.24523.231004\"\
        ,\r\n    \"id\": \"/Subscriptions/00000000-0000-0000-0000-000000000000/Providers/Microsoft.Compute/Locations/westus/Publishers/MicrosoftWindowsServer/ArtifactTypes/VMImage/Offers/WindowsServer/Skus/2012-Datacenter/Versions/9200.24523.231004\"\
        \r\n  }\r\n]"
    headers:
      cache-control:
      - no-cache
      content-length:
      - '310'
      content-type:
      - application/json; charset=utf-8
      date:
      - Wed, 24 Apr 2024 04:49:28 GMT
      expires:
      - '-1'
      pragma:
      - no-cache
      strict-transport-security:
      - max-age=31536000; includeSubDomains
      x-cache:
      - CONFIG_NOCACHE
      x-content-type-options:
      - nosniff
      x-ms-ratelimit-remaining-resource:
      - Microsoft.Compute/ListVMImagesVersionsFromLocation3Min;15998,Microsoft.Compute/ListVMImagesVersionsFromLocation30Min;43978
      x-msedge-ref:
      - 'Ref A: FF1B54AED84B4F7D9E0FF945FF624E86 Ref B: MAA201060515039 Ref C: 2024-04-24T04:49:28Z'
    status:
      code: 200
      message: OK
- request:
    body: null
    headers:
      Accept:
      - application/json
      Accept-Encoding:
      - gzip, deflate
      CommandName:
      - vm create
      Connection:
      - keep-alive
      ParameterSetName:
      - -g -n --image --admin-username --admin-password --nsg-rule
      User-Agent:
      - AZURECLI/2.59.0 azsdk-python-core/1.30.1 Python/3.10.11 (Windows-10-10.0.22631-SP0)
    method: GET
    uri: https://management.azure.com/subscriptions/00000000-0000-0000-0000-000000000000/providers/Microsoft.Compute/locations/westus/publishers/MicrosoftWindowsServer/artifacttypes/vmimage/offers/WindowsServer/skus/2012-Datacenter/versions/9200.24523.231004?api-version=2024-03-01
  response:
    body:
      string: "{\r\n  \"properties\": {\r\n    \"hyperVGeneration\": \"V1\",\r\n \
        \   \"architecture\": \"x64\",\r\n    \"replicaType\": \"Unmanaged\",\r\n\
        \    \"disallowed\": {\r\n      \"vmDiskType\": \"None\"\r\n    },\r\n   \
        \ \"automaticOSUpgradeProperties\": {\r\n      \"automaticOSUpgradeSupported\"\
        : false\r\n    },\r\n    \"imageDeprecationStatus\": {\r\n      \"imageState\"\
        : \"ScheduledForDeprecation\",\r\n      \"scheduledDeprecationTime\": \"2024-06-14T00:00:00+00:00\"\
        ,\r\n      \"alternativeOption\": {\r\n        \"type\": \"Plan\",\r\n   \
        \     \"value\": \"2022-datacenter-azure-edition\"\r\n      }\r\n    },\r\n\
        \    \"features\": [\r\n      {\r\n        \"name\": \"IsAcceleratedNetworkSupported\"\
        ,\r\n        \"value\": \"False\"\r\n      },\r\n      {\r\n        \"name\"\
        : \"DiskControllerTypes\",\r\n        \"value\": \"SCSI\"\r\n      },\r\n\
        \      {\r\n        \"name\": \"IsHibernateSupported\",\r\n        \"value\"\
        : \"False\"\r\n      }\r\n    ],\r\n    \"osDiskImage\": {\r\n      \"operatingSystem\"\
        : \"Windows\",\r\n      \"sizeInBytes\": 136367309312\r\n    },\r\n    \"\
        dataDiskImages\": []\r\n  },\r\n  \"location\": \"westus\",\r\n  \"name\"\
        : \"9200.24523.231004\",\r\n  \"id\": \"/Subscriptions/00000000-0000-0000-0000-000000000000/Providers/Microsoft.Compute/Locations/westus/Publishers/MicrosoftWindowsServer/ArtifactTypes/VMImage/Offers/WindowsServer/Skus/2012-Datacenter/Versions/9200.24523.231004\"\
        \r\n}"
    headers:
      cache-control:
      - no-cache
      content-length:
      - '1245'
      content-type:
      - application/json; charset=utf-8
      date:
      - Wed, 24 Apr 2024 04:49:28 GMT
      expires:
      - '-1'
      pragma:
      - no-cache
      strict-transport-security:
      - max-age=31536000; includeSubDomains
      x-cache:
      - CONFIG_NOCACHE
      x-content-type-options:
      - nosniff
      x-ms-ratelimit-remaining-resource:
      - Microsoft.Compute/GetVMImageFromLocation3Min;12998,Microsoft.Compute/GetVMImageFromLocation30Min;73982
      x-msedge-ref:
      - 'Ref A: 2657A7BA423242BBBFB1926A742EE86E Ref B: MAA201060515047 Ref C: 2024-04-24T04:49:29Z'
    status:
      code: 200
      message: OK
- request:
    body: null
    headers:
      Accept:
      - application/json
      Accept-Encoding:
      - gzip, deflate
      CommandName:
      - vm create
      Connection:
      - keep-alive
      ParameterSetName:
      - -g -n --image --admin-username --admin-password --nsg-rule
      User-Agent:
      - AZURECLI/2.59.0 azsdk-python-core/1.30.1 Python/3.10.11 (Windows-10-10.0.22631-SP0)
    method: GET
    uri: https://management.azure.com/subscriptions/00000000-0000-0000-0000-000000000000/providers/Microsoft.Compute/locations/westus/publishers/MicrosoftWindowsServer/artifacttypes/vmimage/offers/WindowsServer/skus/2012-Datacenter/versions?$top=1&$orderby=name%20desc&api-version=2024-03-01
  response:
    body:
      string: "[\r\n  {\r\n    \"location\": \"westus\",\r\n    \"name\": \"9200.24523.231004\"\
        ,\r\n    \"id\": \"/Subscriptions/00000000-0000-0000-0000-000000000000/Providers/Microsoft.Compute/Locations/westus/Publishers/MicrosoftWindowsServer/ArtifactTypes/VMImage/Offers/WindowsServer/Skus/2012-Datacenter/Versions/9200.24523.231004\"\
        \r\n  }\r\n]"
    headers:
      cache-control:
      - no-cache
      content-length:
      - '310'
      content-type:
      - application/json; charset=utf-8
      date:
      - Wed, 24 Apr 2024 04:49:29 GMT
      expires:
      - '-1'
      pragma:
      - no-cache
      strict-transport-security:
      - max-age=31536000; includeSubDomains
      x-cache:
      - CONFIG_NOCACHE
      x-content-type-options:
      - nosniff
      x-ms-ratelimit-remaining-resource:
      - Microsoft.Compute/ListVMImagesVersionsFromLocation3Min;15997,Microsoft.Compute/ListVMImagesVersionsFromLocation30Min;43977
      x-msedge-ref:
      - 'Ref A: 7B539A5340A4413C8EDBDF35139A3A0F Ref B: MAA201060516017 Ref C: 2024-04-24T04:49:29Z'
    status:
      code: 200
      message: OK
- request:
    body: null
    headers:
      Accept:
      - application/json
      Accept-Encoding:
      - gzip, deflate
      CommandName:
      - vm create
      Connection:
      - keep-alive
      ParameterSetName:
      - -g -n --image --admin-username --admin-password --nsg-rule
      User-Agent:
      - AZURECLI/2.59.0 azsdk-python-core/1.30.1 Python/3.10.11 (Windows-10-10.0.22631-SP0)
    method: GET
    uri: https://management.azure.com/subscriptions/00000000-0000-0000-0000-000000000000/providers/Microsoft.Compute/locations/westus/publishers/MicrosoftWindowsServer/artifacttypes/vmimage/offers/WindowsServer/skus/2012-Datacenter/versions/9200.24523.231004?api-version=2024-03-01
  response:
    body:
      string: "{\r\n  \"properties\": {\r\n    \"hyperVGeneration\": \"V1\",\r\n \
        \   \"architecture\": \"x64\",\r\n    \"replicaType\": \"Unmanaged\",\r\n\
        \    \"disallowed\": {\r\n      \"vmDiskType\": \"None\"\r\n    },\r\n   \
        \ \"automaticOSUpgradeProperties\": {\r\n      \"automaticOSUpgradeSupported\"\
        : false\r\n    },\r\n    \"imageDeprecationStatus\": {\r\n      \"imageState\"\
        : \"ScheduledForDeprecation\",\r\n      \"scheduledDeprecationTime\": \"2024-06-14T00:00:00+00:00\"\
        ,\r\n      \"alternativeOption\": {\r\n        \"type\": \"Plan\",\r\n   \
        \     \"value\": \"2022-datacenter-azure-edition\"\r\n      }\r\n    },\r\n\
        \    \"features\": [\r\n      {\r\n        \"name\": \"IsAcceleratedNetworkSupported\"\
        ,\r\n        \"value\": \"False\"\r\n      },\r\n      {\r\n        \"name\"\
        : \"DiskControllerTypes\",\r\n        \"value\": \"SCSI\"\r\n      },\r\n\
        \      {\r\n        \"name\": \"IsHibernateSupported\",\r\n        \"value\"\
        : \"False\"\r\n      }\r\n    ],\r\n    \"osDiskImage\": {\r\n      \"operatingSystem\"\
        : \"Windows\",\r\n      \"sizeInBytes\": 136367309312\r\n    },\r\n    \"\
        dataDiskImages\": []\r\n  },\r\n  \"location\": \"westus\",\r\n  \"name\"\
        : \"9200.24523.231004\",\r\n  \"id\": \"/Subscriptions/00000000-0000-0000-0000-000000000000/Providers/Microsoft.Compute/Locations/westus/Publishers/MicrosoftWindowsServer/ArtifactTypes/VMImage/Offers/WindowsServer/Skus/2012-Datacenter/Versions/9200.24523.231004\"\
        \r\n}"
    headers:
      cache-control:
      - no-cache
      content-length:
      - '1245'
      content-type:
      - application/json; charset=utf-8
      date:
      - Wed, 24 Apr 2024 04:49:30 GMT
      expires:
      - '-1'
      pragma:
      - no-cache
      strict-transport-security:
      - max-age=31536000; includeSubDomains
      x-cache:
      - CONFIG_NOCACHE
      x-content-type-options:
      - nosniff
      x-ms-ratelimit-remaining-resource:
      - Microsoft.Compute/GetVMImageFromLocation3Min;12997,Microsoft.Compute/GetVMImageFromLocation30Min;73981
      x-msedge-ref:
      - 'Ref A: 9FB76B55085C4FB0B92967646A02EE24 Ref B: MAA201060516011 Ref C: 2024-04-24T04:49:30Z'
    status:
      code: 200
      message: OK
- request:
    body: '{"properties": {"template": {"$schema": "https://schema.management.azure.com/schemas/2015-01-01/deploymentTemplate.json#",
      "contentVersion": "1.0.0.0", "parameters": {"adminPassword": {"type": "securestring",
      "metadata": {"description": "Secure adminPassword"}}}, "variables": {}, "resources":
      [{"name": "vm1VNET", "type": "Microsoft.Network/virtualNetworks", "location":
      "westus", "apiVersion": "2015-06-15", "dependsOn": [], "tags": {}, "properties":
      {"addressSpace": {"addressPrefixes": ["10.0.0.0/16"]}, "subnets": [{"name":
      "vm1Subnet", "properties": {"addressPrefix": "10.0.0.0/24"}}]}}, {"type": "Microsoft.Network/networkSecurityGroups",
      "name": "vm1NSG", "apiVersion": "2015-06-15", "location": "westus", "tags":
      {}, "dependsOn": []}, {"apiVersion": "2022-01-01", "type": "Microsoft.Network/publicIPAddresses",
      "name": "vm1PublicIP", "location": "westus", "tags": {}, "dependsOn": [], "properties":
      {"publicIPAllocationMethod": "Static"}, "sku": {"name": "Standard"}}, {"apiVersion":
      "2015-06-15", "type": "Microsoft.Network/networkInterfaces", "name": "vm1VMNic",
      "location": "westus", "tags": {}, "dependsOn": ["Microsoft.Network/virtualNetworks/vm1VNET",
      "Microsoft.Network/networkSecurityGroups/vm1NSG", "Microsoft.Network/publicIpAddresses/vm1PublicIP"],
      "properties": {"ipConfigurations": [{"name": "ipconfigvm1", "properties": {"privateIPAllocationMethod":
      "Dynamic", "subnet": {"id": "/subscriptions/00000000-0000-0000-0000-000000000000/resourceGroups/cli_test_vm_encryption000001/providers/Microsoft.Network/virtualNetworks/vm1VNET/subnets/vm1Subnet"},
      "publicIPAddress": {"id": "/subscriptions/00000000-0000-0000-0000-000000000000/resourceGroups/cli_test_vm_encryption000001/providers/Microsoft.Network/publicIPAddresses/vm1PublicIP"}}}],
      "networkSecurityGroup": {"id": "/subscriptions/00000000-0000-0000-0000-000000000000/resourceGroups/cli_test_vm_encryption000001/providers/Microsoft.Network/networkSecurityGroups/vm1NSG"}}},
      {"apiVersion": "2024-03-01", "type": "Microsoft.Compute/virtualMachines", "name":
      "vm1", "location": "westus", "tags": {}, "dependsOn": ["Microsoft.Network/networkInterfaces/vm1VMNic"],
      "properties": {"hardwareProfile": {"vmSize": "Standard_DS1_v2"}, "networkProfile":
      {"networkInterfaces": [{"id": "/subscriptions/00000000-0000-0000-0000-000000000000/resourceGroups/cli_test_vm_encryption000001/providers/Microsoft.Network/networkInterfaces/vm1VMNic",
      "properties": {"deleteOption": null}}]}, "storageProfile": {"osDisk": {"createOption":
      "fromImage", "name": null, "caching": "ReadWrite", "managedDisk": {"storageAccountType":
      null}}, "imageReference": {"publisher": "MicrosoftWindowsServer", "offer": "WindowsServer",
      "sku": "2012-Datacenter", "version": "latest"}}, "osProfile": {"computerName":
      "vm1", "adminUsername": "clitester1", "adminPassword": "[parameters(''adminPassword'')]"}}}],
      "outputs": {}}, "parameters": {"adminPassword": {"value": "Test123456789!"}},
      "mode": "incremental"}}'
    headers:
      Accept:
      - application/json
      Accept-Encoding:
      - gzip, deflate
      CommandName:
      - vm create
      Connection:
      - keep-alive
      Content-Length:
      - '2941'
      Content-Type:
      - application/json
      ParameterSetName:
      - -g -n --image --admin-username --admin-password --nsg-rule
      User-Agent:
      - AZURECLI/2.59.0 azsdk-python-core/1.30.1 Python/3.10.11 (Windows-10-10.0.22631-SP0)
    method: PUT
    uri: https://management.azure.com/subscriptions/00000000-0000-0000-0000-000000000000/resourcegroups/cli_test_vm_encryption000001/providers/Microsoft.Resources/deployments/mock-deployment?api-version=2022-09-01
  response:
    body:
      string: '{"id":"/subscriptions/00000000-0000-0000-0000-000000000000/resourceGroups/cli_test_vm_encryption000001/providers/Microsoft.Resources/deployments/vm_deploy_BII2qC7V5a8ijqIm0KTNZWJImhpcm1vK","name":"vm_deploy_BII2qC7V5a8ijqIm0KTNZWJImhpcm1vK","type":"Microsoft.Resources/deployments","properties":{"templateHash":"9013829241433359062","parameters":{"adminPassword":{"type":"SecureString"}},"mode":"Incremental","provisioningState":"Accepted","timestamp":"2024-04-24T04:49:37.3987403Z","duration":"PT0.0001396S","correlationId":"fe7a4ec0-3813-4aaa-8685-efc8a07cf473","providers":[{"namespace":"Microsoft.Network","resourceTypes":[{"resourceType":"virtualNetworks","locations":["westus"]},{"resourceType":"networkSecurityGroups","locations":["westus"]},{"resourceType":"publicIPAddresses","locations":["westus"]},{"resourceType":"networkInterfaces","locations":["westus"]}]},{"namespace":"Microsoft.Compute","resourceTypes":[{"resourceType":"virtualMachines","locations":["westus"]}]}],"dependencies":[{"dependsOn":[{"id":"/subscriptions/00000000-0000-0000-0000-000000000000/resourceGroups/cli_test_vm_encryption000001/providers/Microsoft.Network/virtualNetworks/vm1VNET","resourceType":"Microsoft.Network/virtualNetworks","resourceName":"vm1VNET"},{"id":"/subscriptions/00000000-0000-0000-0000-000000000000/resourceGroups/cli_test_vm_encryption000001/providers/Microsoft.Network/networkSecurityGroups/vm1NSG","resourceType":"Microsoft.Network/networkSecurityGroups","resourceName":"vm1NSG"},{"id":"/subscriptions/00000000-0000-0000-0000-000000000000/resourceGroups/cli_test_vm_encryption000001/providers/Microsoft.Network/publicIPAddresses/vm1PublicIP","resourceType":"Microsoft.Network/publicIPAddresses","resourceName":"vm1PublicIP"}],"id":"/subscriptions/00000000-0000-0000-0000-000000000000/resourceGroups/cli_test_vm_encryption000001/providers/Microsoft.Network/networkInterfaces/vm1VMNic","resourceType":"Microsoft.Network/networkInterfaces","resourceName":"vm1VMNic"},{"dependsOn":[{"id":"/subscriptions/00000000-0000-0000-0000-000000000000/resourceGroups/cli_test_vm_encryption000001/providers/Microsoft.Network/networkInterfaces/vm1VMNic","resourceType":"Microsoft.Network/networkInterfaces","resourceName":"vm1VMNic"}],"id":"/subscriptions/00000000-0000-0000-0000-000000000000/resourceGroups/cli_test_vm_encryption000001/providers/Microsoft.Compute/virtualMachines/vm1","resourceType":"Microsoft.Compute/virtualMachines","resourceName":"vm1"}]}}'
    headers:
      azure-asyncoperation:
      - https://management.azure.com/subscriptions/00000000-0000-0000-0000-000000000000/resourcegroups/cli_test_vm_encryption000001/providers/Microsoft.Resources/deployments/vm_deploy_BII2qC7V5a8ijqIm0KTNZWJImhpcm1vK/operationStatuses/08584876727110009710?api-version=2022-09-01
      cache-control:
      - no-cache
      content-length:
      - '2452'
      content-type:
      - application/json; charset=utf-8
      date:
      - Wed, 24 Apr 2024 04:49:38 GMT
      expires:
      - '-1'
      pragma:
      - no-cache
      strict-transport-security:
      - max-age=31536000; includeSubDomains
      x-cache:
      - CONFIG_NOCACHE
      x-content-type-options:
      - nosniff
      x-ms-ratelimit-remaining-subscription-writes:
      - '1195'
      x-msedge-ref:
      - 'Ref A: 0E06F623E51D45188D01F679CE683CF9 Ref B: MAA201060513017 Ref C: 2024-04-24T04:49:31Z'
    status:
      code: 201
      message: Created
- request:
    body: null
    headers:
      Accept:
      - '*/*'
      Accept-Encoding:
      - gzip, deflate
      CommandName:
      - vm create
      Connection:
      - keep-alive
      ParameterSetName:
      - -g -n --image --admin-username --admin-password --nsg-rule
      User-Agent:
      - AZURECLI/2.59.0 azsdk-python-core/1.30.1 Python/3.10.11 (Windows-10-10.0.22631-SP0)
    method: GET
    uri: https://management.azure.com/subscriptions/00000000-0000-0000-0000-000000000000/resourcegroups/cli_test_vm_encryption000001/providers/Microsoft.Resources/deployments/mock-deployment/operationStatuses/08584876727110009710?api-version=2022-09-01
  response:
    body:
      string: '{"status":"Running"}'
    headers:
      cache-control:
      - no-cache
      content-length:
      - '20'
      content-type:
      - application/json; charset=utf-8
      date:
      - Wed, 24 Apr 2024 04:49:39 GMT
      expires:
      - '-1'
      pragma:
      - no-cache
      strict-transport-security:
      - max-age=31536000; includeSubDomains
      x-cache:
      - CONFIG_NOCACHE
      x-content-type-options:
      - nosniff
      x-msedge-ref:
      - 'Ref A: 5BE0B300E5D34EFCBC156F11187B282B Ref B: MAA201060513017 Ref C: 2024-04-24T04:49:39Z'
    status:
      code: 200
      message: OK
- request:
    body: null
    headers:
      Accept:
      - '*/*'
      Accept-Encoding:
      - gzip, deflate
      CommandName:
      - vm create
      Connection:
      - keep-alive
      ParameterSetName:
      - -g -n --image --admin-username --admin-password --nsg-rule
      User-Agent:
      - AZURECLI/2.59.0 azsdk-python-core/1.30.1 Python/3.10.11 (Windows-10-10.0.22631-SP0)
    method: GET
    uri: https://management.azure.com/subscriptions/00000000-0000-0000-0000-000000000000/resourcegroups/cli_test_vm_encryption000001/providers/Microsoft.Resources/deployments/mock-deployment/operationStatuses/08584876727110009710?api-version=2022-09-01
  response:
    body:
      string: '{"status":"Running"}'
    headers:
      cache-control:
      - no-cache
      content-length:
      - '20'
      content-type:
      - application/json; charset=utf-8
      date:
      - Wed, 24 Apr 2024 04:50:10 GMT
      expires:
      - '-1'
      pragma:
      - no-cache
      strict-transport-security:
      - max-age=31536000; includeSubDomains
      x-cache:
      - CONFIG_NOCACHE
      x-content-type-options:
      - nosniff
      x-msedge-ref:
      - 'Ref A: 50A77E5B303F4F069AD3DF428513AB5E Ref B: MAA201060513049 Ref C: 2024-04-24T04:50:10Z'
    status:
      code: 200
      message: OK
- request:
    body: null
    headers:
      Accept:
      - '*/*'
      Accept-Encoding:
      - gzip, deflate
      CommandName:
      - vm create
      Connection:
      - keep-alive
      ParameterSetName:
      - -g -n --image --admin-username --admin-password --nsg-rule
      User-Agent:
      - AZURECLI/2.59.0 azsdk-python-core/1.30.1 Python/3.10.11 (Windows-10-10.0.22631-SP0)
    method: GET
    uri: https://management.azure.com/subscriptions/00000000-0000-0000-0000-000000000000/resourcegroups/cli_test_vm_encryption000001/providers/Microsoft.Resources/deployments/mock-deployment/operationStatuses/08584876727110009710?api-version=2022-09-01
  response:
    body:
      string: '{"status":"Running"}'
    headers:
      cache-control:
      - no-cache
      content-length:
      - '20'
      content-type:
      - application/json; charset=utf-8
      date:
      - Wed, 24 Apr 2024 04:50:42 GMT
      expires:
      - '-1'
      pragma:
      - no-cache
      strict-transport-security:
      - max-age=31536000; includeSubDomains
      x-cache:
      - CONFIG_NOCACHE
      x-content-type-options:
      - nosniff
      x-msedge-ref:
      - 'Ref A: C6A340480C0F42F9B6E07C75F60882DF Ref B: MAA201060515011 Ref C: 2024-04-24T04:50:41Z'
    status:
      code: 200
      message: OK
- request:
    body: null
    headers:
      Accept:
      - '*/*'
      Accept-Encoding:
      - gzip, deflate
      CommandName:
      - vm create
      Connection:
      - keep-alive
      ParameterSetName:
      - -g -n --image --admin-username --admin-password --nsg-rule
      User-Agent:
      - AZURECLI/2.59.0 azsdk-python-core/1.30.1 Python/3.10.11 (Windows-10-10.0.22631-SP0)
    method: GET
    uri: https://management.azure.com/subscriptions/00000000-0000-0000-0000-000000000000/resourcegroups/cli_test_vm_encryption000001/providers/Microsoft.Resources/deployments/mock-deployment/operationStatuses/08584876727110009710?api-version=2022-09-01
  response:
    body:
      string: '{"status":"Running"}'
    headers:
      cache-control:
      - no-cache
      content-length:
      - '20'
      content-type:
      - application/json; charset=utf-8
      date:
      - Wed, 24 Apr 2024 04:51:13 GMT
      expires:
      - '-1'
      pragma:
      - no-cache
      strict-transport-security:
      - max-age=31536000; includeSubDomains
      x-cache:
      - CONFIG_NOCACHE
      x-content-type-options:
      - nosniff
      x-msedge-ref:
      - 'Ref A: 594AC7D7F73246E0945E02DEFAA7206D Ref B: MAA201060513021 Ref C: 2024-04-24T04:51:13Z'
    status:
      code: 200
      message: OK
- request:
    body: null
    headers:
      Accept:
      - '*/*'
      Accept-Encoding:
      - gzip, deflate
      CommandName:
      - vm create
      Connection:
      - keep-alive
      ParameterSetName:
      - -g -n --image --admin-username --admin-password --nsg-rule
      User-Agent:
      - AZURECLI/2.59.0 azsdk-python-core/1.30.1 Python/3.10.11 (Windows-10-10.0.22631-SP0)
    method: GET
    uri: https://management.azure.com/subscriptions/00000000-0000-0000-0000-000000000000/resourcegroups/cli_test_vm_encryption000001/providers/Microsoft.Resources/deployments/mock-deployment/operationStatuses/08584876727110009710?api-version=2022-09-01
  response:
    body:
      string: '{"status":"Running"}'
    headers:
      cache-control:
      - no-cache
      content-length:
      - '20'
      content-type:
      - application/json; charset=utf-8
      date:
      - Wed, 24 Apr 2024 04:51:44 GMT
      expires:
      - '-1'
      pragma:
      - no-cache
      strict-transport-security:
      - max-age=31536000; includeSubDomains
      x-cache:
      - CONFIG_NOCACHE
      x-content-type-options:
      - nosniff
      x-msedge-ref:
      - 'Ref A: 59EE689C81BF4FC297992646F96D85B6 Ref B: MAA201060516027 Ref C: 2024-04-24T04:51:44Z'
    status:
      code: 200
      message: OK
- request:
    body: null
    headers:
      Accept:
      - '*/*'
      Accept-Encoding:
      - gzip, deflate
      CommandName:
      - vm create
      Connection:
      - keep-alive
      ParameterSetName:
      - -g -n --image --admin-username --admin-password --nsg-rule
      User-Agent:
      - AZURECLI/2.59.0 azsdk-python-core/1.30.1 Python/3.10.11 (Windows-10-10.0.22631-SP0)
    method: GET
    uri: https://management.azure.com/subscriptions/00000000-0000-0000-0000-000000000000/resourcegroups/cli_test_vm_encryption000001/providers/Microsoft.Resources/deployments/mock-deployment/operationStatuses/08584876727110009710?api-version=2022-09-01
  response:
    body:
      string: '{"status":"Succeeded"}'
    headers:
      cache-control:
      - no-cache
      content-length:
      - '22'
      content-type:
      - application/json; charset=utf-8
      date:
      - Wed, 24 Apr 2024 04:52:16 GMT
      expires:
      - '-1'
      pragma:
      - no-cache
      strict-transport-security:
      - max-age=31536000; includeSubDomains
      x-cache:
      - CONFIG_NOCACHE
      x-content-type-options:
      - nosniff
      x-msedge-ref:
      - 'Ref A: EE2EE0A5EA834D3F9E701C591D614B15 Ref B: MAA201060514053 Ref C: 2024-04-24T04:52:15Z'
    status:
      code: 200
      message: OK
- request:
    body: null
    headers:
      Accept:
      - '*/*'
      Accept-Encoding:
      - gzip, deflate
      CommandName:
      - vm create
      Connection:
      - keep-alive
      ParameterSetName:
      - -g -n --image --admin-username --admin-password --nsg-rule
      User-Agent:
      - AZURECLI/2.59.0 azsdk-python-core/1.30.1 Python/3.10.11 (Windows-10-10.0.22631-SP0)
    method: GET
    uri: https://management.azure.com/subscriptions/00000000-0000-0000-0000-000000000000/resourcegroups/cli_test_vm_encryption000001/providers/Microsoft.Resources/deployments/mock-deployment?api-version=2022-09-01
  response:
    body:
      string: '{"id":"/subscriptions/00000000-0000-0000-0000-000000000000/resourceGroups/cli_test_vm_encryption000001/providers/Microsoft.Resources/deployments/vm_deploy_BII2qC7V5a8ijqIm0KTNZWJImhpcm1vK","name":"vm_deploy_BII2qC7V5a8ijqIm0KTNZWJImhpcm1vK","type":"Microsoft.Resources/deployments","properties":{"templateHash":"9013829241433359062","parameters":{"adminPassword":{"type":"SecureString"}},"mode":"Incremental","provisioningState":"Succeeded","timestamp":"2024-04-24T04:52:14.6384971Z","duration":"PT2M37.2398964S","correlationId":"fe7a4ec0-3813-4aaa-8685-efc8a07cf473","providers":[{"namespace":"Microsoft.Network","resourceTypes":[{"resourceType":"virtualNetworks","locations":["westus"]},{"resourceType":"networkSecurityGroups","locations":["westus"]},{"resourceType":"publicIPAddresses","locations":["westus"]},{"resourceType":"networkInterfaces","locations":["westus"]}]},{"namespace":"Microsoft.Compute","resourceTypes":[{"resourceType":"virtualMachines","locations":["westus"]}]}],"dependencies":[{"dependsOn":[{"id":"/subscriptions/00000000-0000-0000-0000-000000000000/resourceGroups/cli_test_vm_encryption000001/providers/Microsoft.Network/virtualNetworks/vm1VNET","resourceType":"Microsoft.Network/virtualNetworks","resourceName":"vm1VNET"},{"id":"/subscriptions/00000000-0000-0000-0000-000000000000/resourceGroups/cli_test_vm_encryption000001/providers/Microsoft.Network/networkSecurityGroups/vm1NSG","resourceType":"Microsoft.Network/networkSecurityGroups","resourceName":"vm1NSG"},{"id":"/subscriptions/00000000-0000-0000-0000-000000000000/resourceGroups/cli_test_vm_encryption000001/providers/Microsoft.Network/publicIPAddresses/vm1PublicIP","resourceType":"Microsoft.Network/publicIPAddresses","resourceName":"vm1PublicIP"}],"id":"/subscriptions/00000000-0000-0000-0000-000000000000/resourceGroups/cli_test_vm_encryption000001/providers/Microsoft.Network/networkInterfaces/vm1VMNic","resourceType":"Microsoft.Network/networkInterfaces","resourceName":"vm1VMNic"},{"dependsOn":[{"id":"/subscriptions/00000000-0000-0000-0000-000000000000/resourceGroups/cli_test_vm_encryption000001/providers/Microsoft.Network/networkInterfaces/vm1VMNic","resourceType":"Microsoft.Network/networkInterfaces","resourceName":"vm1VMNic"}],"id":"/subscriptions/00000000-0000-0000-0000-000000000000/resourceGroups/cli_test_vm_encryption000001/providers/Microsoft.Compute/virtualMachines/vm1","resourceType":"Microsoft.Compute/virtualMachines","resourceName":"vm1"}],"outputs":{},"outputResources":[{"id":"/subscriptions/00000000-0000-0000-0000-000000000000/resourceGroups/cli_test_vm_encryption000001/providers/Microsoft.Compute/virtualMachines/vm1"},{"id":"/subscriptions/00000000-0000-0000-0000-000000000000/resourceGroups/cli_test_vm_encryption000001/providers/Microsoft.Network/networkInterfaces/vm1VMNic"},{"id":"/subscriptions/00000000-0000-0000-0000-000000000000/resourceGroups/cli_test_vm_encryption000001/providers/Microsoft.Network/networkSecurityGroups/vm1NSG"},{"id":"/subscriptions/00000000-0000-0000-0000-000000000000/resourceGroups/cli_test_vm_encryption000001/providers/Microsoft.Network/publicIPAddresses/vm1PublicIP"},{"id":"/subscriptions/00000000-0000-0000-0000-000000000000/resourceGroups/cli_test_vm_encryption000001/providers/Microsoft.Network/virtualNetworks/vm1VNET"}]}}'
    headers:
      cache-control:
      - no-cache
      content-length:
      - '3284'
      content-type:
      - application/json; charset=utf-8
      date:
      - Wed, 24 Apr 2024 04:52:17 GMT
      expires:
      - '-1'
      pragma:
      - no-cache
      strict-transport-security:
      - max-age=31536000; includeSubDomains
      x-cache:
      - CONFIG_NOCACHE
      x-content-type-options:
      - nosniff
      x-msedge-ref:
      - 'Ref A: 537022EDCF0A4C638EC6A2A0121C184B Ref B: MAA201060514027 Ref C: 2024-04-24T04:52:17Z'
    status:
      code: 200
      message: OK
- request:
    body: null
    headers:
      Accept:
      - application/json
      Accept-Encoding:
      - gzip, deflate
      CommandName:
      - vm create
      Connection:
      - keep-alive
      ParameterSetName:
      - -g -n --image --admin-username --admin-password --nsg-rule
      User-Agent:
      - AZURECLI/2.59.0 azsdk-python-core/1.30.1 Python/3.10.11 (Windows-10-10.0.22631-SP0)
    method: GET
    uri: https://management.azure.com/subscriptions/00000000-0000-0000-0000-000000000000/resourceGroups/cli_test_vm_encryption000001/providers/Microsoft.Compute/virtualMachines/vm1?$expand=instanceView&api-version=2024-03-01
  response:
    body:
      string: "{\r\n  \"name\": \"vm1\",\r\n  \"id\": \"/subscriptions/00000000-0000-0000-0000-000000000000/resourceGroups/cli_test_vm_encryption000001/providers/Microsoft.Compute/virtualMachines/vm1\"\
        ,\r\n  \"type\": \"Microsoft.Compute/virtualMachines\",\r\n  \"location\"\
        : \"westus\",\r\n  \"tags\": {},\r\n  \"properties\": {\r\n    \"hardwareProfile\"\
        : {\r\n      \"vmSize\": \"Standard_DS1_v2\"\r\n    },\r\n    \"provisioningState\"\
        : \"Succeeded\",\r\n    \"vmId\": \"94564adf-6ae8-493f-83bc-da09d503155b\"\
        ,\r\n    \"storageProfile\": {\r\n      \"imageReference\": {\r\n        \"\
        publisher\": \"MicrosoftWindowsServer\",\r\n        \"offer\": \"WindowsServer\"\
        ,\r\n        \"sku\": \"2012-Datacenter\",\r\n        \"version\": \"latest\"\
        ,\r\n        \"exactVersion\": \"9200.24523.231004\"\r\n      },\r\n     \
        \ \"osDisk\": {\r\n        \"osType\": \"Windows\",\r\n        \"name\": \"\
        vm1_OsDisk_1_1249aeaa720e4a83a59e98c5f78707dc\",\r\n        \"createOption\"\
        : \"FromImage\",\r\n        \"caching\": \"ReadWrite\",\r\n        \"managedDisk\"\
        : {\r\n          \"storageAccountType\": \"Premium_LRS\",\r\n          \"\
        id\": \"/subscriptions/00000000-0000-0000-0000-000000000000/resourceGroups/cli_test_vm_encryption000001/providers/Microsoft.Compute/disks/vm1_OsDisk_1_1249aeaa720e4a83a59e98c5f78707dc\"\
        \r\n        },\r\n        \"deleteOption\": \"Detach\",\r\n        \"diskSizeGB\"\
        : 127\r\n      },\r\n      \"dataDisks\": []\r\n    },\r\n    \"osProfile\"\
        : {\r\n      \"computerName\": \"vm1\",\r\n      \"adminUsername\": \"clitester1\"\
        ,\r\n      \"windowsConfiguration\": {\r\n        \"provisionVMAgent\": true,\r\
        \n        \"enableAutomaticUpdates\": true,\r\n        \"patchSettings\":\
        \ {\r\n          \"patchMode\": \"AutomaticByOS\",\r\n          \"assessmentMode\"\
        : \"ImageDefault\"\r\n        },\r\n        \"enableVMAgentPlatformUpdates\"\
        : false\r\n      },\r\n      \"secrets\": [],\r\n      \"allowExtensionOperations\"\
        : true,\r\n      \"requireGuestProvisionSignal\": true\r\n    },\r\n    \"\
        networkProfile\": {\"networkInterfaces\":[{\"id\":\"/subscriptions/00000000-0000-0000-0000-000000000000/resourceGroups/cli_test_vm_encryption000001/providers/Microsoft.Network/networkInterfaces/vm1VMNic\"\
        }]},\r\n    \"instanceView\": {\r\n      \"vmAgent\": {\r\n        \"vmAgentVersion\"\
        : \"Unknown\",\r\n        \"statuses\": [\r\n          {\r\n            \"\
        code\": \"ProvisioningState/Unavailable\",\r\n            \"level\": \"Warning\"\
        ,\r\n            \"displayStatus\": \"Not Ready\",\r\n            \"message\"\
        : \"VM status blob is found but not yet populated.\",\r\n            \"time\"\
        : \"2024-04-24T04:52:19+00:00\"\r\n          }\r\n        ]\r\n      },\r\n\
        \      \"disks\": [\r\n        {\r\n          \"name\": \"vm1_OsDisk_1_1249aeaa720e4a83a59e98c5f78707dc\"\
        ,\r\n          \"statuses\": [\r\n            {\r\n              \"code\"\
        : \"ProvisioningState/succeeded\",\r\n              \"level\": \"Info\",\r\
        \n              \"displayStatus\": \"Provisioning succeeded\",\r\n       \
        \       \"time\": \"2024-04-24T04:50:01.7195853+00:00\"\r\n            }\r\
        \n          ]\r\n        }\r\n      ],\r\n      \"hyperVGeneration\": \"V1\"\
        ,\r\n      \"statuses\": [\r\n        {\r\n          \"code\": \"ProvisioningState/succeeded\"\
        ,\r\n          \"level\": \"Info\",\r\n          \"displayStatus\": \"Provisioning\
        \ succeeded\",\r\n          \"time\": \"2024-04-24T04:52:10.2371669+00:00\"\
        \r\n        },\r\n        {\r\n          \"code\": \"PowerState/running\"\
        ,\r\n          \"level\": \"Info\",\r\n          \"displayStatus\": \"VM running\"\
        \r\n        }\r\n      ]\r\n    },\r\n    \"timeCreated\": \"2024-04-24T04:49:59.3133005+00:00\"\
        \r\n  }\r\n}"
    headers:
      cache-control:
      - no-cache
      content-length:
      - '3239'
      content-type:
      - application/json; charset=utf-8
      date:
      - Wed, 24 Apr 2024 04:52:19 GMT
      expires:
      - '-1'
      pragma:
      - no-cache
      strict-transport-security:
      - max-age=31536000; includeSubDomains
      x-cache:
      - CONFIG_NOCACHE
      x-content-type-options:
      - nosniff
      x-ms-ratelimit-remaining-resource:
      - Microsoft.Compute/LowCostGetSubscriptionMaximum;23976,Microsoft.Compute/LowCostGetResource;33
      x-msedge-ref:
      - 'Ref A: 38BBE64DB8A2455FB511E829173D290C Ref B: MAA201060515023 Ref C: 2024-04-24T04:52:18Z'
    status:
      code: 200
      message: ''
- request:
    body: null
    headers:
      Accept:
      - application/json
      Accept-Encoding:
      - gzip, deflate
      CommandName:
      - vm create
      Connection:
      - keep-alive
      ParameterSetName:
      - -g -n --image --admin-username --admin-password --nsg-rule
      User-Agent:
      - AZURECLI/2.59.0 azsdk-python-core/1.30.1 Python/3.10.11 (Windows-10-10.0.22631-SP0)
    method: GET
    uri: https://management.azure.com/subscriptions/00000000-0000-0000-0000-000000000000/resourceGroups/cli_test_vm_encryption000001/providers/Microsoft.Network/networkInterfaces/vm1VMNic?api-version=2022-01-01
  response:
    body:
      string: "{\r\n  \"name\": \"vm1VMNic\",\r\n  \"id\": \"/subscriptions/00000000-0000-0000-0000-000000000000/resourceGroups/cli_test_vm_encryption000001/providers/Microsoft.Network/networkInterfaces/vm1VMNic\"\
        ,\r\n  \"etag\": \"W/\\\"5bcc3a12-53c6-4ef1-96ec-b5a09d6bc710\\\"\",\r\n \
        \ \"tags\": {},\r\n  \"properties\": {\r\n    \"provisioningState\": \"Succeeded\"\
        ,\r\n    \"resourceGuid\": \"53e1a323-4bff-4821-aa8e-67f983310dbd\",\r\n \
        \   \"ipConfigurations\": [\r\n      {\r\n        \"name\": \"ipconfigvm1\"\
        ,\r\n        \"id\": \"/subscriptions/00000000-0000-0000-0000-000000000000/resourceGroups/cli_test_vm_encryption000001/providers/Microsoft.Network/networkInterfaces/vm1VMNic/ipConfigurations/ipconfigvm1\"\
        ,\r\n        \"etag\": \"W/\\\"5bcc3a12-53c6-4ef1-96ec-b5a09d6bc710\\\"\"\
        ,\r\n        \"type\": \"Microsoft.Network/networkInterfaces/ipConfigurations\"\
        ,\r\n        \"properties\": {\r\n          \"provisioningState\": \"Succeeded\"\
        ,\r\n          \"privateIPAddress\": \"10.0.0.4\",\r\n          \"privateIPAllocationMethod\"\
        : \"Dynamic\",\r\n          \"publicIPAddress\": {\r\n            \"id\":\
        \ \"/subscriptions/00000000-0000-0000-0000-000000000000/resourceGroups/cli_test_vm_encryption000001/providers/Microsoft.Network/publicIPAddresses/vm1PublicIP\"\
        \r\n          },\r\n          \"subnet\": {\r\n            \"id\": \"/subscriptions/00000000-0000-0000-0000-000000000000/resourceGroups/cli_test_vm_encryption000001/providers/Microsoft.Network/virtualNetworks/vm1VNET/subnets/vm1Subnet\"\
        \r\n          },\r\n          \"primary\": true,\r\n          \"privateIPAddressVersion\"\
        : \"IPv4\"\r\n        }\r\n      }\r\n    ],\r\n    \"dnsSettings\": {\r\n\
        \      \"dnsServers\": [],\r\n      \"appliedDnsServers\": [],\r\n      \"\
        internalDomainNameSuffix\": \"ay2hhdaechputfo3tyng5owbdc.dx.internal.cloudapp.net\"\
        \r\n    },\r\n    \"macAddress\": \"00-0D-3A-36-DF-FC\",\r\n    \"vnetEncryptionSupported\"\
        : false,\r\n    \"enableIPForwarding\": false,\r\n    \"networkSecurityGroup\"\
        : {\r\n      \"id\": \"/subscriptions/00000000-0000-0000-0000-000000000000/resourceGroups/cli_test_vm_encryption000001/providers/Microsoft.Network/networkSecurityGroups/vm1NSG\"\
        \r\n    },\r\n    \"primary\": true,\r\n    \"virtualMachine\": {\r\n    \
        \  \"id\": \"/subscriptions/00000000-0000-0000-0000-000000000000/resourceGroups/cli_test_vm_encryption000001/providers/Microsoft.Compute/virtualMachines/vm1\"\
        \r\n    },\r\n    \"hostedWorkloads\": [],\r\n    \"tapConfigurations\": [],\r\
        \n    \"nicType\": \"Standard\",\r\n    \"allowPort25Out\": true,\r\n    \"\
        auxiliaryMode\": \"None\"\r\n  },\r\n  \"type\": \"Microsoft.Network/networkInterfaces\"\
        ,\r\n  \"location\": \"westus\",\r\n  \"kind\": \"Regular\"\r\n}"
    headers:
      cache-control:
      - no-cache
      content-length:
      - '2449'
      content-type:
      - application/json; charset=utf-8
      date:
      - Wed, 24 Apr 2024 04:52:21 GMT
      etag:
      - W/"5bcc3a12-53c6-4ef1-96ec-b5a09d6bc710"
      expires:
      - '-1'
      pragma:
      - no-cache
      strict-transport-security:
      - max-age=31536000; includeSubDomains
      x-cache:
      - CONFIG_NOCACHE
      x-content-type-options:
      - nosniff
      x-ms-arm-service-request-id:
      - c3505983-e7a5-4595-b6de-29924b601e54
      x-msedge-ref:
      - 'Ref A: 2BC52A070DF64BBEB5413A89A8534C99 Ref B: MAA201060515023 Ref C: 2024-04-24T04:52:20Z'
    status:
      code: 200
      message: OK
- request:
    body: null
    headers:
      Accept:
      - application/json
      Accept-Encoding:
      - gzip, deflate
      CommandName:
      - vm create
      Connection:
      - keep-alive
      ParameterSetName:
      - -g -n --image --admin-username --admin-password --nsg-rule
      User-Agent:
      - AZURECLI/2.59.0 azsdk-python-core/1.30.1 Python/3.10.11 (Windows-10-10.0.22631-SP0)
    method: GET
    uri: https://management.azure.com/subscriptions/00000000-0000-0000-0000-000000000000/resourceGroups/cli_test_vm_encryption000001/providers/Microsoft.Network/publicIPAddresses/vm1PublicIP?api-version=2022-01-01
  response:
    body:
      string: "{\r\n  \"name\": \"vm1PublicIP\",\r\n  \"id\": \"/subscriptions/00000000-0000-0000-0000-000000000000/resourceGroups/cli_test_vm_encryption000001/providers/Microsoft.Network/publicIPAddresses/vm1PublicIP\"\
        ,\r\n  \"etag\": \"W/\\\"a5ba885c-c3a9-464e-867b-27e97d09ffbc\\\"\",\r\n \
        \ \"location\": \"westus\",\r\n  \"tags\": {},\r\n  \"properties\": {\r\n\
        \    \"provisioningState\": \"Succeeded\",\r\n    \"resourceGuid\": \"7c1d0a4b-70f5-405b-a8e8-57cdce0e7d21\"\
        ,\r\n    \"ipAddress\": \"13.91.133.88\",\r\n    \"publicIPAddressVersion\"\
        : \"IPv4\",\r\n    \"publicIPAllocationMethod\": \"Static\",\r\n    \"idleTimeoutInMinutes\"\
        : 4,\r\n    \"ipTags\": [],\r\n    \"ipConfiguration\": {\r\n      \"id\"\
        : \"/subscriptions/00000000-0000-0000-0000-000000000000/resourceGroups/cli_test_vm_encryption000001/providers/Microsoft.Network/networkInterfaces/vm1VMNic/ipConfigurations/ipconfigvm1\"\
        \r\n    }\r\n  },\r\n  \"type\": \"Microsoft.Network/publicIPAddresses\",\r\
        \n  \"sku\": {\r\n    \"name\": \"Standard\",\r\n    \"tier\": \"Regional\"\
        \r\n  }\r\n}"
    headers:
      cache-control:
      - no-cache
      content-length:
      - '929'
      content-type:
      - application/json; charset=utf-8
      date:
      - Wed, 24 Apr 2024 04:52:22 GMT
      etag:
      - W/"a5ba885c-c3a9-464e-867b-27e97d09ffbc"
      expires:
      - '-1'
      pragma:
      - no-cache
      strict-transport-security:
      - max-age=31536000; includeSubDomains
      x-cache:
      - CONFIG_NOCACHE
      x-content-type-options:
      - nosniff
      x-ms-arm-service-request-id:
      - 46b86da8-76ed-40b1-a4ce-88d96527f726
      x-msedge-ref:
      - 'Ref A: 5337DDECAD7A4F1B8B62AB7054E7E1EC Ref B: MAA201060515025 Ref C: 2024-04-24T04:52:21Z'
    status:
      code: 200
      message: OK
- request:
    body: null
    headers:
      Accept:
      - application/json
      Accept-Encoding:
      - gzip, deflate
      CommandName:
      - vm encryption enable
      Connection:
      - keep-alive
      ParameterSetName:
      - -g -n --disk-encryption-keyvault
      User-Agent:
      - AZURECLI/2.59.0 azsdk-python-core/1.30.1 Python/3.10.11 (Windows-10-10.0.22631-SP0)
    method: GET
    uri: https://management.azure.com/subscriptions/00000000-0000-0000-0000-000000000000/resourceGroups/cli_test_vm_encryption000001/providers/Microsoft.Compute/virtualMachines/vm1?api-version=2024-03-01
  response:
    body:
      string: "{\r\n  \"name\": \"vm1\",\r\n  \"id\": \"/subscriptions/00000000-0000-0000-0000-000000000000/resourceGroups/cli_test_vm_encryption000001/providers/Microsoft.Compute/virtualMachines/vm1\"\
        ,\r\n  \"type\": \"Microsoft.Compute/virtualMachines\",\r\n  \"location\"\
        : \"westus\",\r\n  \"tags\": {},\r\n  \"properties\": {\r\n    \"hardwareProfile\"\
        : {\r\n      \"vmSize\": \"Standard_DS1_v2\"\r\n    },\r\n    \"provisioningState\"\
        : \"Succeeded\",\r\n    \"vmId\": \"94564adf-6ae8-493f-83bc-da09d503155b\"\
        ,\r\n    \"storageProfile\": {\r\n      \"imageReference\": {\r\n        \"\
        publisher\": \"MicrosoftWindowsServer\",\r\n        \"offer\": \"WindowsServer\"\
        ,\r\n        \"sku\": \"2012-Datacenter\",\r\n        \"version\": \"latest\"\
        ,\r\n        \"exactVersion\": \"9200.24523.231004\"\r\n      },\r\n     \
        \ \"osDisk\": {\r\n        \"osType\": \"Windows\",\r\n        \"name\": \"\
        vm1_OsDisk_1_1249aeaa720e4a83a59e98c5f78707dc\",\r\n        \"createOption\"\
        : \"FromImage\",\r\n        \"caching\": \"ReadWrite\",\r\n        \"managedDisk\"\
        : {\r\n          \"storageAccountType\": \"Premium_LRS\",\r\n          \"\
        id\": \"/subscriptions/00000000-0000-0000-0000-000000000000/resourceGroups/cli_test_vm_encryption000001/providers/Microsoft.Compute/disks/vm1_OsDisk_1_1249aeaa720e4a83a59e98c5f78707dc\"\
        \r\n        },\r\n        \"deleteOption\": \"Detach\",\r\n        \"diskSizeGB\"\
        : 127\r\n      },\r\n      \"dataDisks\": []\r\n    },\r\n    \"osProfile\"\
        : {\r\n      \"computerName\": \"vm1\",\r\n      \"adminUsername\": \"clitester1\"\
        ,\r\n      \"windowsConfiguration\": {\r\n        \"provisionVMAgent\": true,\r\
        \n        \"enableAutomaticUpdates\": true,\r\n        \"patchSettings\":\
        \ {\r\n          \"patchMode\": \"AutomaticByOS\",\r\n          \"assessmentMode\"\
        : \"ImageDefault\"\r\n        },\r\n        \"enableVMAgentPlatformUpdates\"\
        : false\r\n      },\r\n      \"secrets\": [],\r\n      \"allowExtensionOperations\"\
        : true,\r\n      \"requireGuestProvisionSignal\": true\r\n    },\r\n    \"\
        networkProfile\": {\"networkInterfaces\":[{\"id\":\"/subscriptions/00000000-0000-0000-0000-000000000000/resourceGroups/cli_test_vm_encryption000001/providers/Microsoft.Network/networkInterfaces/vm1VMNic\"\
        }]},\r\n    \"timeCreated\": \"2024-04-24T04:49:59.3133005+00:00\"\r\n  }\r\
        \n}"
    headers:
      cache-control:
      - no-cache
      content-length:
      - '2033'
      content-type:
      - application/json; charset=utf-8
      date:
      - Wed, 24 Apr 2024 04:52:23 GMT
      expires:
      - '-1'
      pragma:
      - no-cache
      strict-transport-security:
      - max-age=31536000; includeSubDomains
      x-cache:
      - CONFIG_NOCACHE
      x-content-type-options:
      - nosniff
      x-ms-ratelimit-remaining-resource:
      - Microsoft.Compute/LowCostGetSubscriptionMaximum;23971,Microsoft.Compute/LowCostGetResource;31
      x-msedge-ref:
      - 'Ref A: 57A6E3DBBCED422D80191BF5D17CA20C Ref B: MAA201060513037 Ref C: 2024-04-24T04:52:23Z'
    status:
      code: 200
      message: ''
- request:
    body: null
    headers:
      Accept:
      - application/json
      Accept-Encoding:
      - gzip, deflate
      CommandName:
      - vm encryption enable
      Connection:
      - keep-alive
      ParameterSetName:
      - -g -n --disk-encryption-keyvault
      User-Agent:
      - AZURECLI/2.59.0 azsdk-python-core/1.30.1 Python/3.10.11 (Windows-10-10.0.22631-SP0)
    method: GET
    uri: https://management.azure.com/subscriptions/00000000-0000-0000-0000-000000000000/resourceGroups/cli_test_vm_encryption000001/providers/Microsoft.KeyVault/vaults/vault000002?api-version=2023-02-01
  response:
    body:
      string: '{"id":"/subscriptions/00000000-0000-0000-0000-000000000000/resourceGroups/cli_test_vm_encryption000001/providers/Microsoft.KeyVault/vaults/vault000002","name":"vault000002","type":"Microsoft.KeyVault/vaults","location":"westus","tags":{},"systemData":{"createdBy":"v-jingszhang@microsoft.com","createdByType":"User","createdAt":"2024-04-24T04:48:46.626Z","lastModifiedBy":"v-jingszhang@microsoft.com","lastModifiedByType":"User","lastModifiedAt":"2024-04-24T04:48:46.626Z"},"properties":{"sku":{"family":"A","name":"standard"},"tenantId":"54826b22-38d6-4fb2-bad9-b7b93a3e9c5a","accessPolicies":[{"tenantId":"54826b22-38d6-4fb2-bad9-b7b93a3e9c5a","objectId":"d44a2991-98c6-47c3-b59b-2b30d72cfcc2","permissions":{"keys":["all"],"secrets":["all"],"certificates":["all"],"storage":["all"]}}],"enabledForDeployment":false,"enabledForDiskEncryption":true,"enableSoftDelete":true,"softDeleteRetentionInDays":7,"vaultUri":"https://vault000002.vault.azure.net/","provisioningState":"Succeeded","publicNetworkAccess":"Enabled"}}'
    headers:
      cache-control:
      - no-cache
      content-length:
      - '1018'
      content-type:
      - application/json; charset=utf-8
      date:
      - Wed, 24 Apr 2024 04:52:25 GMT
      expires:
      - '-1'
      pragma:
      - no-cache
      strict-transport-security:
      - max-age=31536000; includeSubDomains
      x-aspnet-version:
      - 4.0.30319
      x-cache:
      - CONFIG_NOCACHE
      x-content-type-options:
      - nosniff
      x-ms-keyvault-service-version:
      - 1.5.1144.0
      x-msedge-ref:
      - 'Ref A: 8AAB5560F3D44E9788E29821DAD4906E Ref B: MAA201060513037 Ref C: 2024-04-24T04:52:24Z'
    status:
      code: 200
      message: OK
- request:
    body: '{"location": "westus", "properties": {"publisher": "Microsoft.Azure.Security",
      "type": "AzureDiskEncryption", "typeHandlerVersion": "2.2", "autoUpgradeMinorVersion":
      true, "settings": {"KeyVaultURL": "https://vault000002.vault.azure.net", "VolumeType":
      "ALL", "EncryptionOperation": "EnableEncryption", "KeyEncryptionKeyURL": null,
      "KeyEncryptionAlgorithm": "RSA-OAEP", "SequenceVersion": "4468d525-f9b5-43cd-b043-c08caa69b53a",
      "KeyVaultResourceId": "/subscriptions/00000000-0000-0000-0000-000000000000/resourceGroups/cli_test_vm_encryption000001/providers/Microsoft.KeyVault/vaults/vault000002",
      "KekVaultResourceId": ""}}}'
    headers:
      Accept:
      - application/json
      Accept-Encoding:
      - gzip, deflate
      CommandName:
      - vm encryption enable
      Connection:
      - keep-alive
      Content-Length:
      - '625'
      Content-Type:
      - application/json
      ParameterSetName:
      - -g -n --disk-encryption-keyvault
      User-Agent:
      - AZURECLI/2.59.0 azsdk-python-core/1.30.1 Python/3.10.11 (Windows-10-10.0.22631-SP0)
    method: PUT
    uri: https://management.azure.com/subscriptions/00000000-0000-0000-0000-000000000000/resourceGroups/cli_test_vm_encryption000001/providers/Microsoft.Compute/virtualMachines/vm1/extensions/AzureDiskEncryption?api-version=2024-03-01
  response:
    body:
      string: "{\r\n  \"name\": \"AzureDiskEncryption\",\r\n  \"id\": \"/subscriptions/00000000-0000-0000-0000-000000000000/resourceGroups/cli_test_vm_encryption000001/providers/Microsoft.Compute/virtualMachines/vm1/extensions/AzureDiskEncryption\"\
        ,\r\n  \"type\": \"Microsoft.Compute/virtualMachines/extensions\",\r\n  \"\
        location\": \"westus\",\r\n  \"properties\": {\r\n    \"autoUpgradeMinorVersion\"\
        : true,\r\n    \"provisioningState\": \"Creating\",\r\n    \"publisher\":\
        \ \"Microsoft.Azure.Security\",\r\n    \"type\": \"AzureDiskEncryption\",\r\
        \n    \"typeHandlerVersion\": \"2.2\",\r\n    \"settings\": {\"KeyVaultURL\"\
        :\"https://vault000002.vault.azure.net\",\"VolumeType\":\"ALL\",\"EncryptionOperation\"\
        :\"EnableEncryption\",\"KeyEncryptionKeyURL\":null,\"KeyEncryptionAlgorithm\"\
        :\"RSA-OAEP\",\"SequenceVersion\":\"4468d525-f9b5-43cd-b043-c08caa69b53a\"\
        ,\"KeyVaultResourceId\":\"/subscriptions/00000000-0000-0000-0000-000000000000/resourceGroups/cli_test_vm_encryption000001/providers/Microsoft.KeyVault/vaults/vault000002\"\
        ,\"KekVaultResourceId\":\"\"}\r\n  }\r\n}"
    headers:
      azure-asyncnotification:
      - Enabled
      azure-asyncoperation:
      - https://management.azure.com/subscriptions/00000000-0000-0000-0000-000000000000/providers/Microsoft.Compute/locations/westus/operations/b478085f-858d-4475-8318-aa6376974c10?p=571046f6-b640-41c1-86f7-f9f044b5adf9&api-version=2024-03-01&t=638495311474112203&c=MIIHADCCBeigAwIBAgITfARk1TE_ZglsTRafPwAABGTVMTANBgkqhkiG9w0BAQsFADBEMRMwEQYKCZImiZPyLGQBGRYDR0JMMRMwEQYKCZImiZPyLGQBGRYDQU1FMRgwFgYDVQQDEw9BTUUgSW5mcmEgQ0EgMDUwHhcNMjQwMTMwMTUwODE5WhcNMjUwMTI0MTUwODE5WjBAMT4wPAYDVQQDEzVhc3luY29wZXJhdGlvbnNpZ25pbmdjZXJ0aWZpY2F0ZS5tYW5hZ2VtZW50LmF6dXJlLmNvbTCCASIwDQYJKoZIhvcNAQEBBQADggEPADCCAQoCggEBAK902W8oGHqHsYxfQcAXt6Ljumrh6DLgGihvCAJqh_U0j8R4Jupt1lXUnhMY-cA7JAT9q7SEoTZskdrko1uzzlaykxYQUacRB8irTYwbgK6DCIqWuOd2G-W2g3eWAyxRb-Dffjnsz-vBsjd1fyP0MvIXDSDMzp2oK65BSxTbBiStV3YxtKZ3eONvKga4d77iEw0zAZHIFkt0PSHzHO7kk-b_trhadwDxPYnjrQOGmouEj7HuNoC8H7-vKZvgbeplfrHtJO9vq0TOUUqIGlT236cbPe62XQNJRim_aa3chEFUmacjUnjEZtgJjup_tDQ0iV_Oe0ZqRBBGzpjoK23Wch0CAwEAAaOCA-0wggPpMCcGCSsGAQQBgjcVCgQaMBgwCgYIKwYBBQUHAwEwCgYIKwYBBQUHAwIwPQYJKwYBBAGCNxUHBDAwLgYmKwYBBAGCNxUIhpDjDYTVtHiE8Ys-hZvdFs6dEoFggvX2K4Py0SACAWQCAQowggHLBggrBgEFBQcBAQSCAb0wggG5MGMGCCsGAQUFBzAChldodHRwOi8vY3JsLm1pY3Jvc29mdC5jb20vcGtpaW5mcmEvQ2VydHMvQ08xUEtJSU5UQ0EwMS5BTUUuR0JMX0FNRSUyMEluZnJhJTIwQ0ElMjAwNS5jcnQwUwYIKwYBBQUHMAKGR2h0dHA6Ly9jcmwxLmFtZS5nYmwvYWlhL0NPMVBLSUlOVENBMDEuQU1FLkdCTF9BTUUlMjBJbmZyYSUyMENBJTIwMDUuY3J0MFMGCCsGAQUFBzAChkdodHRwOi8vY3JsMi5hbWUuZ2JsL2FpYS9DTzFQS0lJTlRDQTAxLkFNRS5HQkxfQU1FJTIwSW5mcmElMjBDQSUyMDA1LmNydDBTBggrBgEFBQcwAoZHaHR0cDovL2NybDMuYW1lLmdibC9haWEvQ08xUEtJSU5UQ0EwMS5BTUUuR0JMX0FNRSUyMEluZnJhJTIwQ0ElMjAwNS5jcnQwUwYIKwYBBQUHMAKGR2h0dHA6Ly9jcmw0LmFtZS5nYmwvYWlhL0NPMVBLSUlOVENBMDEuQU1FLkdCTF9BTUUlMjBJbmZyYSUyMENBJTIwMDUuY3J0MB0GA1UdDgQWBBSnxeoeDA6bR-Af5MXqnvahGPcbyTAOBgNVHQ8BAf8EBAMCBaAwggEmBgNVHR8EggEdMIIBGTCCARWgggERoIIBDYY_aHR0cDovL2NybC5taWNyb3NvZnQuY29tL3BraWluZnJhL0NSTC9BTUUlMjBJbmZyYSUyMENBJTIwMDUuY3JshjFodHRwOi8vY3JsMS5hbWUuZ2JsL2NybC9BTUUlMjBJbmZyYSUyMENBJTIwMDUuY3JshjFodHRwOi8vY3JsMi5hbWUuZ2JsL2NybC9BTUUlMjBJbmZyYSUyMENBJTIwMDUuY3JshjFodHRwOi8vY3JsMy5hbWUuZ2JsL2NybC9BTUUlMjBJbmZyYSUyMENBJTIwMDUuY3JshjFodHRwOi8vY3JsNC5hbWUuZ2JsL2NybC9BTUUlMjBJbmZyYSUyMENBJTIwMDUuY3JsMBcGA1UdIAQQMA4wDAYKKwYBBAGCN3sBATAfBgNVHSMEGDAWgBR61hmFKHlscXYeYPjzS--iBUIWHTAdBgNVHSUEFjAUBggrBgEFBQcDAQYIKwYBBQUHAwIwDQYJKoZIhvcNAQELBQADggEBAGj6QqaLOPa3RZUHMPeeSymifn86nh52yaIojZbdHUiE_o0iWzV-2ZRZOxE2IgkOrAeMYXIUhMoqV7XxTwfpi6zGwrzIeuTWMbNjgzbIZGIMJCbUyNbvEkGqxvBpcwzATT8KQYU2-J2iL5slKYZIACN6THLJn5BI6dAecS1X4PJ5vNAgI8qlsYmnafZSCIrWLUQQUsZeLUaxy3t-hozvyfVe-B-nktPdgNv3-iCsI0AtlvezwfFcJXQHQeNByXg5oxXPIe02On7O1u8swvMta16Va5_kDzD80TS3LYzVk2nzUVxEqPaGhpA-vs_ttjm7hDhYk80OIsQ_YZd286sA58Q&s=eToSlIMDrxtXiBZ2AE6GLxRXIVQ-ChBnMqNxquBtyKAKwMOG2b79sdXpHPRwp6-7fE-JnFfjJallz09PykCVqvaxItTElt_6UunJa3OC-Zl47jrfQqSO3eKhDxmFpvIwqo4xZFFbXVmAGdS4mZEUEo9hiPfcsYNrjeGHk8nJqlMApxb1X7_nsF5dOUNf3MZ-rLeFuYSGyy3nMC9wZKKNW9VWP6D5yIBXdDcjnUhOQHLg3vQNzbY4bT1T8zxBerIJPs4wAoA0o5A9vcjm-jmq22KbIbjvO0BavUCdingx8-azKbD7feZCX3WeTopiHDPin6c84U-cSTd3--q5UL5kQg&h=SAedzfxd4nYwLXoW1P2EiAMyY8r2EbJB2HkAGKb1qmc
      cache-control:
      - no-cache
      content-length:
      - '967'
      content-type:
      - application/json; charset=utf-8
      date:
      - Wed, 24 Apr 2024 04:52:26 GMT
      expires:
      - '-1'
      pragma:
      - no-cache
      strict-transport-security:
      - max-age=31536000; includeSubDomains
      x-cache:
      - CONFIG_NOCACHE
      x-content-type-options:
      - nosniff
      x-ms-ratelimit-remaining-resource:
      - Microsoft.Compute/UpdateVMSubscriptionMaximum;1499,Microsoft.Compute/UpdateVMResource;11
      x-ms-ratelimit-remaining-subscription-writes:
      - '1190'
      x-msedge-ref:
      - 'Ref A: C92D9C9B0FD6473997AB09230E6144E7 Ref B: MAA201060513049 Ref C: 2024-04-24T04:52:26Z'
    status:
      code: 201
      message: ''
- request:
    body: null
    headers:
      Accept:
      - '*/*'
      Accept-Encoding:
      - gzip, deflate
      CommandName:
      - vm encryption enable
      Connection:
      - keep-alive
      ParameterSetName:
      - -g -n --disk-encryption-keyvault
      User-Agent:
      - AZURECLI/2.59.0 azsdk-python-core/1.30.1 Python/3.10.11 (Windows-10-10.0.22631-SP0)
    method: GET
    uri: https://management.azure.com/subscriptions/00000000-0000-0000-0000-000000000000/providers/Microsoft.Compute/locations/westus/operations/b478085f-858d-4475-8318-aa6376974c10?p=571046f6-b640-41c1-86f7-f9f044b5adf9&api-version=2024-03-01&t=638495311474112203&c=MIIHADCCBeigAwIBAgITfARk1TE_ZglsTRafPwAABGTVMTANBgkqhkiG9w0BAQsFADBEMRMwEQYKCZImiZPyLGQBGRYDR0JMMRMwEQYKCZImiZPyLGQBGRYDQU1FMRgwFgYDVQQDEw9BTUUgSW5mcmEgQ0EgMDUwHhcNMjQwMTMwMTUwODE5WhcNMjUwMTI0MTUwODE5WjBAMT4wPAYDVQQDEzVhc3luY29wZXJhdGlvbnNpZ25pbmdjZXJ0aWZpY2F0ZS5tYW5hZ2VtZW50LmF6dXJlLmNvbTCCASIwDQYJKoZIhvcNAQEBBQADggEPADCCAQoCggEBAK902W8oGHqHsYxfQcAXt6Ljumrh6DLgGihvCAJqh_U0j8R4Jupt1lXUnhMY-cA7JAT9q7SEoTZskdrko1uzzlaykxYQUacRB8irTYwbgK6DCIqWuOd2G-W2g3eWAyxRb-Dffjnsz-vBsjd1fyP0MvIXDSDMzp2oK65BSxTbBiStV3YxtKZ3eONvKga4d77iEw0zAZHIFkt0PSHzHO7kk-b_trhadwDxPYnjrQOGmouEj7HuNoC8H7-vKZvgbeplfrHtJO9vq0TOUUqIGlT236cbPe62XQNJRim_aa3chEFUmacjUnjEZtgJjup_tDQ0iV_Oe0ZqRBBGzpjoK23Wch0CAwEAAaOCA-0wggPpMCcGCSsGAQQBgjcVCgQaMBgwCgYIKwYBBQUHAwEwCgYIKwYBBQUHAwIwPQYJKwYBBAGCNxUHBDAwLgYmKwYBBAGCNxUIhpDjDYTVtHiE8Ys-hZvdFs6dEoFggvX2K4Py0SACAWQCAQowggHLBggrBgEFBQcBAQSCAb0wggG5MGMGCCsGAQUFBzAChldodHRwOi8vY3JsLm1pY3Jvc29mdC5jb20vcGtpaW5mcmEvQ2VydHMvQ08xUEtJSU5UQ0EwMS5BTUUuR0JMX0FNRSUyMEluZnJhJTIwQ0ElMjAwNS5jcnQwUwYIKwYBBQUHMAKGR2h0dHA6Ly9jcmwxLmFtZS5nYmwvYWlhL0NPMVBLSUlOVENBMDEuQU1FLkdCTF9BTUUlMjBJbmZyYSUyMENBJTIwMDUuY3J0MFMGCCsGAQUFBzAChkdodHRwOi8vY3JsMi5hbWUuZ2JsL2FpYS9DTzFQS0lJTlRDQTAxLkFNRS5HQkxfQU1FJTIwSW5mcmElMjBDQSUyMDA1LmNydDBTBggrBgEFBQcwAoZHaHR0cDovL2NybDMuYW1lLmdibC9haWEvQ08xUEtJSU5UQ0EwMS5BTUUuR0JMX0FNRSUyMEluZnJhJTIwQ0ElMjAwNS5jcnQwUwYIKwYBBQUHMAKGR2h0dHA6Ly9jcmw0LmFtZS5nYmwvYWlhL0NPMVBLSUlOVENBMDEuQU1FLkdCTF9BTUUlMjBJbmZyYSUyMENBJTIwMDUuY3J0MB0GA1UdDgQWBBSnxeoeDA6bR-Af5MXqnvahGPcbyTAOBgNVHQ8BAf8EBAMCBaAwggEmBgNVHR8EggEdMIIBGTCCARWgggERoIIBDYY_aHR0cDovL2NybC5taWNyb3NvZnQuY29tL3BraWluZnJhL0NSTC9BTUUlMjBJbmZyYSUyMENBJTIwMDUuY3JshjFodHRwOi8vY3JsMS5hbWUuZ2JsL2NybC9BTUUlMjBJbmZyYSUyMENBJTIwMDUuY3JshjFodHRwOi8vY3JsMi5hbWUuZ2JsL2NybC9BTUUlMjBJbmZyYSUyMENBJTIwMDUuY3JshjFodHRwOi8vY3JsMy5hbWUuZ2JsL2NybC9BTUUlMjBJbmZyYSUyMENBJTIwMDUuY3JshjFodHRwOi8vY3JsNC5hbWUuZ2JsL2NybC9BTUUlMjBJbmZyYSUyMENBJTIwMDUuY3JsMBcGA1UdIAQQMA4wDAYKKwYBBAGCN3sBATAfBgNVHSMEGDAWgBR61hmFKHlscXYeYPjzS--iBUIWHTAdBgNVHSUEFjAUBggrBgEFBQcDAQYIKwYBBQUHAwIwDQYJKoZIhvcNAQELBQADggEBAGj6QqaLOPa3RZUHMPeeSymifn86nh52yaIojZbdHUiE_o0iWzV-2ZRZOxE2IgkOrAeMYXIUhMoqV7XxTwfpi6zGwrzIeuTWMbNjgzbIZGIMJCbUyNbvEkGqxvBpcwzATT8KQYU2-J2iL5slKYZIACN6THLJn5BI6dAecS1X4PJ5vNAgI8qlsYmnafZSCIrWLUQQUsZeLUaxy3t-hozvyfVe-B-nktPdgNv3-iCsI0AtlvezwfFcJXQHQeNByXg5oxXPIe02On7O1u8swvMta16Va5_kDzD80TS3LYzVk2nzUVxEqPaGhpA-vs_ttjm7hDhYk80OIsQ_YZd286sA58Q&s=eToSlIMDrxtXiBZ2AE6GLxRXIVQ-ChBnMqNxquBtyKAKwMOG2b79sdXpHPRwp6-7fE-JnFfjJallz09PykCVqvaxItTElt_6UunJa3OC-Zl47jrfQqSO3eKhDxmFpvIwqo4xZFFbXVmAGdS4mZEUEo9hiPfcsYNrjeGHk8nJqlMApxb1X7_nsF5dOUNf3MZ-rLeFuYSGyy3nMC9wZKKNW9VWP6D5yIBXdDcjnUhOQHLg3vQNzbY4bT1T8zxBerIJPs4wAoA0o5A9vcjm-jmq22KbIbjvO0BavUCdingx8-azKbD7feZCX3WeTopiHDPin6c84U-cSTd3--q5UL5kQg&h=SAedzfxd4nYwLXoW1P2EiAMyY8r2EbJB2HkAGKb1qmc
  response:
    body:
      string: "{\r\n  \"startTime\": \"2024-04-24T04:52:26.9874521+00:00\",\r\n  \"\
        status\": \"InProgress\",\r\n  \"name\": \"b478085f-858d-4475-8318-aa6376974c10\"\
        \r\n}"
    headers:
      cache-control:
      - no-cache
      content-length:
      - '134'
      content-type:
      - application/json; charset=utf-8
      date:
      - Wed, 24 Apr 2024 04:52:27 GMT
      expires:
      - '-1'
      pragma:
      - no-cache
      strict-transport-security:
      - max-age=31536000; includeSubDomains
      x-cache:
      - CONFIG_NOCACHE
      x-content-type-options:
      - nosniff
      x-ms-ratelimit-remaining-resource:
      - Microsoft.Compute/GetOperationResource;44,Microsoft.Compute/GetOperationSubscriptionMaximum;14991
      x-msedge-ref:
      - 'Ref A: 837CAE111CF9484C81C407AE7ADACED2 Ref B: MAA201060516045 Ref C: 2024-04-24T04:52:27Z'
    status:
      code: 200
      message: ''
- request:
    body: null
    headers:
      Accept:
      - '*/*'
      Accept-Encoding:
      - gzip, deflate
      CommandName:
      - vm encryption enable
      Connection:
      - keep-alive
      ParameterSetName:
      - -g -n --disk-encryption-keyvault
      User-Agent:
      - AZURECLI/2.59.0 azsdk-python-core/1.30.1 Python/3.10.11 (Windows-10-10.0.22631-SP0)
    method: GET
    uri: https://management.azure.com/subscriptions/00000000-0000-0000-0000-000000000000/providers/Microsoft.Compute/locations/westus/operations/b478085f-858d-4475-8318-aa6376974c10?p=571046f6-b640-41c1-86f7-f9f044b5adf9&api-version=2024-03-01&t=638495311474112203&c=MIIHADCCBeigAwIBAgITfARk1TE_ZglsTRafPwAABGTVMTANBgkqhkiG9w0BAQsFADBEMRMwEQYKCZImiZPyLGQBGRYDR0JMMRMwEQYKCZImiZPyLGQBGRYDQU1FMRgwFgYDVQQDEw9BTUUgSW5mcmEgQ0EgMDUwHhcNMjQwMTMwMTUwODE5WhcNMjUwMTI0MTUwODE5WjBAMT4wPAYDVQQDEzVhc3luY29wZXJhdGlvbnNpZ25pbmdjZXJ0aWZpY2F0ZS5tYW5hZ2VtZW50LmF6dXJlLmNvbTCCASIwDQYJKoZIhvcNAQEBBQADggEPADCCAQoCggEBAK902W8oGHqHsYxfQcAXt6Ljumrh6DLgGihvCAJqh_U0j8R4Jupt1lXUnhMY-cA7JAT9q7SEoTZskdrko1uzzlaykxYQUacRB8irTYwbgK6DCIqWuOd2G-W2g3eWAyxRb-Dffjnsz-vBsjd1fyP0MvIXDSDMzp2oK65BSxTbBiStV3YxtKZ3eONvKga4d77iEw0zAZHIFkt0PSHzHO7kk-b_trhadwDxPYnjrQOGmouEj7HuNoC8H7-vKZvgbeplfrHtJO9vq0TOUUqIGlT236cbPe62XQNJRim_aa3chEFUmacjUnjEZtgJjup_tDQ0iV_Oe0ZqRBBGzpjoK23Wch0CAwEAAaOCA-0wggPpMCcGCSsGAQQBgjcVCgQaMBgwCgYIKwYBBQUHAwEwCgYIKwYBBQUHAwIwPQYJKwYBBAGCNxUHBDAwLgYmKwYBBAGCNxUIhpDjDYTVtHiE8Ys-hZvdFs6dEoFggvX2K4Py0SACAWQCAQowggHLBggrBgEFBQcBAQSCAb0wggG5MGMGCCsGAQUFBzAChldodHRwOi8vY3JsLm1pY3Jvc29mdC5jb20vcGtpaW5mcmEvQ2VydHMvQ08xUEtJSU5UQ0EwMS5BTUUuR0JMX0FNRSUyMEluZnJhJTIwQ0ElMjAwNS5jcnQwUwYIKwYBBQUHMAKGR2h0dHA6Ly9jcmwxLmFtZS5nYmwvYWlhL0NPMVBLSUlOVENBMDEuQU1FLkdCTF9BTUUlMjBJbmZyYSUyMENBJTIwMDUuY3J0MFMGCCsGAQUFBzAChkdodHRwOi8vY3JsMi5hbWUuZ2JsL2FpYS9DTzFQS0lJTlRDQTAxLkFNRS5HQkxfQU1FJTIwSW5mcmElMjBDQSUyMDA1LmNydDBTBggrBgEFBQcwAoZHaHR0cDovL2NybDMuYW1lLmdibC9haWEvQ08xUEtJSU5UQ0EwMS5BTUUuR0JMX0FNRSUyMEluZnJhJTIwQ0ElMjAwNS5jcnQwUwYIKwYBBQUHMAKGR2h0dHA6Ly9jcmw0LmFtZS5nYmwvYWlhL0NPMVBLSUlOVENBMDEuQU1FLkdCTF9BTUUlMjBJbmZyYSUyMENBJTIwMDUuY3J0MB0GA1UdDgQWBBSnxeoeDA6bR-Af5MXqnvahGPcbyTAOBgNVHQ8BAf8EBAMCBaAwggEmBgNVHR8EggEdMIIBGTCCARWgggERoIIBDYY_aHR0cDovL2NybC5taWNyb3NvZnQuY29tL3BraWluZnJhL0NSTC9BTUUlMjBJbmZyYSUyMENBJTIwMDUuY3JshjFodHRwOi8vY3JsMS5hbWUuZ2JsL2NybC9BTUUlMjBJbmZyYSUyMENBJTIwMDUuY3JshjFodHRwOi8vY3JsMi5hbWUuZ2JsL2NybC9BTUUlMjBJbmZyYSUyMENBJTIwMDUuY3JshjFodHRwOi8vY3JsMy5hbWUuZ2JsL2NybC9BTUUlMjBJbmZyYSUyMENBJTIwMDUuY3JshjFodHRwOi8vY3JsNC5hbWUuZ2JsL2NybC9BTUUlMjBJbmZyYSUyMENBJTIwMDUuY3JsMBcGA1UdIAQQMA4wDAYKKwYBBAGCN3sBATAfBgNVHSMEGDAWgBR61hmFKHlscXYeYPjzS--iBUIWHTAdBgNVHSUEFjAUBggrBgEFBQcDAQYIKwYBBQUHAwIwDQYJKoZIhvcNAQELBQADggEBAGj6QqaLOPa3RZUHMPeeSymifn86nh52yaIojZbdHUiE_o0iWzV-2ZRZOxE2IgkOrAeMYXIUhMoqV7XxTwfpi6zGwrzIeuTWMbNjgzbIZGIMJCbUyNbvEkGqxvBpcwzATT8KQYU2-J2iL5slKYZIACN6THLJn5BI6dAecS1X4PJ5vNAgI8qlsYmnafZSCIrWLUQQUsZeLUaxy3t-hozvyfVe-B-nktPdgNv3-iCsI0AtlvezwfFcJXQHQeNByXg5oxXPIe02On7O1u8swvMta16Va5_kDzD80TS3LYzVk2nzUVxEqPaGhpA-vs_ttjm7hDhYk80OIsQ_YZd286sA58Q&s=eToSlIMDrxtXiBZ2AE6GLxRXIVQ-ChBnMqNxquBtyKAKwMOG2b79sdXpHPRwp6-7fE-JnFfjJallz09PykCVqvaxItTElt_6UunJa3OC-Zl47jrfQqSO3eKhDxmFpvIwqo4xZFFbXVmAGdS4mZEUEo9hiPfcsYNrjeGHk8nJqlMApxb1X7_nsF5dOUNf3MZ-rLeFuYSGyy3nMC9wZKKNW9VWP6D5yIBXdDcjnUhOQHLg3vQNzbY4bT1T8zxBerIJPs4wAoA0o5A9vcjm-jmq22KbIbjvO0BavUCdingx8-azKbD7feZCX3WeTopiHDPin6c84U-cSTd3--q5UL5kQg&h=SAedzfxd4nYwLXoW1P2EiAMyY8r2EbJB2HkAGKb1qmc
  response:
    body:
      string: "{\r\n  \"startTime\": \"2024-04-24T04:52:26.9874521+00:00\",\r\n  \"\
        status\": \"InProgress\",\r\n  \"name\": \"b478085f-858d-4475-8318-aa6376974c10\"\
        \r\n}"
    headers:
      cache-control:
      - no-cache
      content-length:
      - '134'
      content-type:
      - application/json; charset=utf-8
      date:
      - Wed, 24 Apr 2024 04:52:58 GMT
      expires:
      - '-1'
      pragma:
      - no-cache
      strict-transport-security:
      - max-age=31536000; includeSubDomains
      x-cache:
      - CONFIG_NOCACHE
      x-content-type-options:
      - nosniff
      x-ms-ratelimit-remaining-resource:
      - Microsoft.Compute/GetOperationResource;43,Microsoft.Compute/GetOperationSubscriptionMaximum;14974
      x-msedge-ref:
      - 'Ref A: B3CFA66E95BE4849A9AC6FBAFA713D36 Ref B: MAA201060514049 Ref C: 2024-04-24T04:52:58Z'
    status:
      code: 200
      message: ''
- request:
    body: null
    headers:
      Accept:
      - '*/*'
      Accept-Encoding:
      - gzip, deflate
      CommandName:
      - vm encryption enable
      Connection:
      - keep-alive
      ParameterSetName:
      - -g -n --disk-encryption-keyvault
      User-Agent:
      - AZURECLI/2.59.0 azsdk-python-core/1.30.1 Python/3.10.11 (Windows-10-10.0.22631-SP0)
    method: GET
    uri: https://management.azure.com/subscriptions/00000000-0000-0000-0000-000000000000/providers/Microsoft.Compute/locations/westus/operations/b478085f-858d-4475-8318-aa6376974c10?p=571046f6-b640-41c1-86f7-f9f044b5adf9&api-version=2024-03-01&t=638495311474112203&c=MIIHADCCBeigAwIBAgITfARk1TE_ZglsTRafPwAABGTVMTANBgkqhkiG9w0BAQsFADBEMRMwEQYKCZImiZPyLGQBGRYDR0JMMRMwEQYKCZImiZPyLGQBGRYDQU1FMRgwFgYDVQQDEw9BTUUgSW5mcmEgQ0EgMDUwHhcNMjQwMTMwMTUwODE5WhcNMjUwMTI0MTUwODE5WjBAMT4wPAYDVQQDEzVhc3luY29wZXJhdGlvbnNpZ25pbmdjZXJ0aWZpY2F0ZS5tYW5hZ2VtZW50LmF6dXJlLmNvbTCCASIwDQYJKoZIhvcNAQEBBQADggEPADCCAQoCggEBAK902W8oGHqHsYxfQcAXt6Ljumrh6DLgGihvCAJqh_U0j8R4Jupt1lXUnhMY-cA7JAT9q7SEoTZskdrko1uzzlaykxYQUacRB8irTYwbgK6DCIqWuOd2G-W2g3eWAyxRb-Dffjnsz-vBsjd1fyP0MvIXDSDMzp2oK65BSxTbBiStV3YxtKZ3eONvKga4d77iEw0zAZHIFkt0PSHzHO7kk-b_trhadwDxPYnjrQOGmouEj7HuNoC8H7-vKZvgbeplfrHtJO9vq0TOUUqIGlT236cbPe62XQNJRim_aa3chEFUmacjUnjEZtgJjup_tDQ0iV_Oe0ZqRBBGzpjoK23Wch0CAwEAAaOCA-0wggPpMCcGCSsGAQQBgjcVCgQaMBgwCgYIKwYBBQUHAwEwCgYIKwYBBQUHAwIwPQYJKwYBBAGCNxUHBDAwLgYmKwYBBAGCNxUIhpDjDYTVtHiE8Ys-hZvdFs6dEoFggvX2K4Py0SACAWQCAQowggHLBggrBgEFBQcBAQSCAb0wggG5MGMGCCsGAQUFBzAChldodHRwOi8vY3JsLm1pY3Jvc29mdC5jb20vcGtpaW5mcmEvQ2VydHMvQ08xUEtJSU5UQ0EwMS5BTUUuR0JMX0FNRSUyMEluZnJhJTIwQ0ElMjAwNS5jcnQwUwYIKwYBBQUHMAKGR2h0dHA6Ly9jcmwxLmFtZS5nYmwvYWlhL0NPMVBLSUlOVENBMDEuQU1FLkdCTF9BTUUlMjBJbmZyYSUyMENBJTIwMDUuY3J0MFMGCCsGAQUFBzAChkdodHRwOi8vY3JsMi5hbWUuZ2JsL2FpYS9DTzFQS0lJTlRDQTAxLkFNRS5HQkxfQU1FJTIwSW5mcmElMjBDQSUyMDA1LmNydDBTBggrBgEFBQcwAoZHaHR0cDovL2NybDMuYW1lLmdibC9haWEvQ08xUEtJSU5UQ0EwMS5BTUUuR0JMX0FNRSUyMEluZnJhJTIwQ0ElMjAwNS5jcnQwUwYIKwYBBQUHMAKGR2h0dHA6Ly9jcmw0LmFtZS5nYmwvYWlhL0NPMVBLSUlOVENBMDEuQU1FLkdCTF9BTUUlMjBJbmZyYSUyMENBJTIwMDUuY3J0MB0GA1UdDgQWBBSnxeoeDA6bR-Af5MXqnvahGPcbyTAOBgNVHQ8BAf8EBAMCBaAwggEmBgNVHR8EggEdMIIBGTCCARWgggERoIIBDYY_aHR0cDovL2NybC5taWNyb3NvZnQuY29tL3BraWluZnJhL0NSTC9BTUUlMjBJbmZyYSUyMENBJTIwMDUuY3JshjFodHRwOi8vY3JsMS5hbWUuZ2JsL2NybC9BTUUlMjBJbmZyYSUyMENBJTIwMDUuY3JshjFodHRwOi8vY3JsMi5hbWUuZ2JsL2NybC9BTUUlMjBJbmZyYSUyMENBJTIwMDUuY3JshjFodHRwOi8vY3JsMy5hbWUuZ2JsL2NybC9BTUUlMjBJbmZyYSUyMENBJTIwMDUuY3JshjFodHRwOi8vY3JsNC5hbWUuZ2JsL2NybC9BTUUlMjBJbmZyYSUyMENBJTIwMDUuY3JsMBcGA1UdIAQQMA4wDAYKKwYBBAGCN3sBATAfBgNVHSMEGDAWgBR61hmFKHlscXYeYPjzS--iBUIWHTAdBgNVHSUEFjAUBggrBgEFBQcDAQYIKwYBBQUHAwIwDQYJKoZIhvcNAQELBQADggEBAGj6QqaLOPa3RZUHMPeeSymifn86nh52yaIojZbdHUiE_o0iWzV-2ZRZOxE2IgkOrAeMYXIUhMoqV7XxTwfpi6zGwrzIeuTWMbNjgzbIZGIMJCbUyNbvEkGqxvBpcwzATT8KQYU2-J2iL5slKYZIACN6THLJn5BI6dAecS1X4PJ5vNAgI8qlsYmnafZSCIrWLUQQUsZeLUaxy3t-hozvyfVe-B-nktPdgNv3-iCsI0AtlvezwfFcJXQHQeNByXg5oxXPIe02On7O1u8swvMta16Va5_kDzD80TS3LYzVk2nzUVxEqPaGhpA-vs_ttjm7hDhYk80OIsQ_YZd286sA58Q&s=eToSlIMDrxtXiBZ2AE6GLxRXIVQ-ChBnMqNxquBtyKAKwMOG2b79sdXpHPRwp6-7fE-JnFfjJallz09PykCVqvaxItTElt_6UunJa3OC-Zl47jrfQqSO3eKhDxmFpvIwqo4xZFFbXVmAGdS4mZEUEo9hiPfcsYNrjeGHk8nJqlMApxb1X7_nsF5dOUNf3MZ-rLeFuYSGyy3nMC9wZKKNW9VWP6D5yIBXdDcjnUhOQHLg3vQNzbY4bT1T8zxBerIJPs4wAoA0o5A9vcjm-jmq22KbIbjvO0BavUCdingx8-azKbD7feZCX3WeTopiHDPin6c84U-cSTd3--q5UL5kQg&h=SAedzfxd4nYwLXoW1P2EiAMyY8r2EbJB2HkAGKb1qmc
  response:
    body:
      string: "{\r\n  \"startTime\": \"2024-04-24T04:52:26.9874521+00:00\",\r\n  \"\
        status\": \"InProgress\",\r\n  \"name\": \"b478085f-858d-4475-8318-aa6376974c10\"\
        \r\n}"
    headers:
      cache-control:
      - no-cache
      content-length:
      - '134'
      content-type:
      - application/json; charset=utf-8
      date:
      - Wed, 24 Apr 2024 04:53:29 GMT
      expires:
      - '-1'
      pragma:
      - no-cache
      strict-transport-security:
      - max-age=31536000; includeSubDomains
      x-cache:
      - CONFIG_NOCACHE
      x-content-type-options:
      - nosniff
      x-ms-ratelimit-remaining-resource:
      - Microsoft.Compute/GetOperationResource;44,Microsoft.Compute/GetOperationSubscriptionMaximum;14995
      x-msedge-ref:
      - 'Ref A: AEA7407BC81E453386DD746D3A199939 Ref B: MAA201060513037 Ref C: 2024-04-24T04:53:29Z'
    status:
      code: 200
      message: ''
- request:
    body: null
    headers:
      Accept:
      - '*/*'
      Accept-Encoding:
      - gzip, deflate
      CommandName:
      - vm encryption enable
      Connection:
      - keep-alive
      ParameterSetName:
      - -g -n --disk-encryption-keyvault
      User-Agent:
      - AZURECLI/2.59.0 azsdk-python-core/1.30.1 Python/3.10.11 (Windows-10-10.0.22631-SP0)
    method: GET
    uri: https://management.azure.com/subscriptions/00000000-0000-0000-0000-000000000000/providers/Microsoft.Compute/locations/westus/operations/b478085f-858d-4475-8318-aa6376974c10?p=571046f6-b640-41c1-86f7-f9f044b5adf9&api-version=2024-03-01&t=638495311474112203&c=MIIHADCCBeigAwIBAgITfARk1TE_ZglsTRafPwAABGTVMTANBgkqhkiG9w0BAQsFADBEMRMwEQYKCZImiZPyLGQBGRYDR0JMMRMwEQYKCZImiZPyLGQBGRYDQU1FMRgwFgYDVQQDEw9BTUUgSW5mcmEgQ0EgMDUwHhcNMjQwMTMwMTUwODE5WhcNMjUwMTI0MTUwODE5WjBAMT4wPAYDVQQDEzVhc3luY29wZXJhdGlvbnNpZ25pbmdjZXJ0aWZpY2F0ZS5tYW5hZ2VtZW50LmF6dXJlLmNvbTCCASIwDQYJKoZIhvcNAQEBBQADggEPADCCAQoCggEBAK902W8oGHqHsYxfQcAXt6Ljumrh6DLgGihvCAJqh_U0j8R4Jupt1lXUnhMY-cA7JAT9q7SEoTZskdrko1uzzlaykxYQUacRB8irTYwbgK6DCIqWuOd2G-W2g3eWAyxRb-Dffjnsz-vBsjd1fyP0MvIXDSDMzp2oK65BSxTbBiStV3YxtKZ3eONvKga4d77iEw0zAZHIFkt0PSHzHO7kk-b_trhadwDxPYnjrQOGmouEj7HuNoC8H7-vKZvgbeplfrHtJO9vq0TOUUqIGlT236cbPe62XQNJRim_aa3chEFUmacjUnjEZtgJjup_tDQ0iV_Oe0ZqRBBGzpjoK23Wch0CAwEAAaOCA-0wggPpMCcGCSsGAQQBgjcVCgQaMBgwCgYIKwYBBQUHAwEwCgYIKwYBBQUHAwIwPQYJKwYBBAGCNxUHBDAwLgYmKwYBBAGCNxUIhpDjDYTVtHiE8Ys-hZvdFs6dEoFggvX2K4Py0SACAWQCAQowggHLBggrBgEFBQcBAQSCAb0wggG5MGMGCCsGAQUFBzAChldodHRwOi8vY3JsLm1pY3Jvc29mdC5jb20vcGtpaW5mcmEvQ2VydHMvQ08xUEtJSU5UQ0EwMS5BTUUuR0JMX0FNRSUyMEluZnJhJTIwQ0ElMjAwNS5jcnQwUwYIKwYBBQUHMAKGR2h0dHA6Ly9jcmwxLmFtZS5nYmwvYWlhL0NPMVBLSUlOVENBMDEuQU1FLkdCTF9BTUUlMjBJbmZyYSUyMENBJTIwMDUuY3J0MFMGCCsGAQUFBzAChkdodHRwOi8vY3JsMi5hbWUuZ2JsL2FpYS9DTzFQS0lJTlRDQTAxLkFNRS5HQkxfQU1FJTIwSW5mcmElMjBDQSUyMDA1LmNydDBTBggrBgEFBQcwAoZHaHR0cDovL2NybDMuYW1lLmdibC9haWEvQ08xUEtJSU5UQ0EwMS5BTUUuR0JMX0FNRSUyMEluZnJhJTIwQ0ElMjAwNS5jcnQwUwYIKwYBBQUHMAKGR2h0dHA6Ly9jcmw0LmFtZS5nYmwvYWlhL0NPMVBLSUlOVENBMDEuQU1FLkdCTF9BTUUlMjBJbmZyYSUyMENBJTIwMDUuY3J0MB0GA1UdDgQWBBSnxeoeDA6bR-Af5MXqnvahGPcbyTAOBgNVHQ8BAf8EBAMCBaAwggEmBgNVHR8EggEdMIIBGTCCARWgggERoIIBDYY_aHR0cDovL2NybC5taWNyb3NvZnQuY29tL3BraWluZnJhL0NSTC9BTUUlMjBJbmZyYSUyMENBJTIwMDUuY3JshjFodHRwOi8vY3JsMS5hbWUuZ2JsL2NybC9BTUUlMjBJbmZyYSUyMENBJTIwMDUuY3JshjFodHRwOi8vY3JsMi5hbWUuZ2JsL2NybC9BTUUlMjBJbmZyYSUyMENBJTIwMDUuY3JshjFodHRwOi8vY3JsMy5hbWUuZ2JsL2NybC9BTUUlMjBJbmZyYSUyMENBJTIwMDUuY3JshjFodHRwOi8vY3JsNC5hbWUuZ2JsL2NybC9BTUUlMjBJbmZyYSUyMENBJTIwMDUuY3JsMBcGA1UdIAQQMA4wDAYKKwYBBAGCN3sBATAfBgNVHSMEGDAWgBR61hmFKHlscXYeYPjzS--iBUIWHTAdBgNVHSUEFjAUBggrBgEFBQcDAQYIKwYBBQUHAwIwDQYJKoZIhvcNAQELBQADggEBAGj6QqaLOPa3RZUHMPeeSymifn86nh52yaIojZbdHUiE_o0iWzV-2ZRZOxE2IgkOrAeMYXIUhMoqV7XxTwfpi6zGwrzIeuTWMbNjgzbIZGIMJCbUyNbvEkGqxvBpcwzATT8KQYU2-J2iL5slKYZIACN6THLJn5BI6dAecS1X4PJ5vNAgI8qlsYmnafZSCIrWLUQQUsZeLUaxy3t-hozvyfVe-B-nktPdgNv3-iCsI0AtlvezwfFcJXQHQeNByXg5oxXPIe02On7O1u8swvMta16Va5_kDzD80TS3LYzVk2nzUVxEqPaGhpA-vs_ttjm7hDhYk80OIsQ_YZd286sA58Q&s=eToSlIMDrxtXiBZ2AE6GLxRXIVQ-ChBnMqNxquBtyKAKwMOG2b79sdXpHPRwp6-7fE-JnFfjJallz09PykCVqvaxItTElt_6UunJa3OC-Zl47jrfQqSO3eKhDxmFpvIwqo4xZFFbXVmAGdS4mZEUEo9hiPfcsYNrjeGHk8nJqlMApxb1X7_nsF5dOUNf3MZ-rLeFuYSGyy3nMC9wZKKNW9VWP6D5yIBXdDcjnUhOQHLg3vQNzbY4bT1T8zxBerIJPs4wAoA0o5A9vcjm-jmq22KbIbjvO0BavUCdingx8-azKbD7feZCX3WeTopiHDPin6c84U-cSTd3--q5UL5kQg&h=SAedzfxd4nYwLXoW1P2EiAMyY8r2EbJB2HkAGKb1qmc
  response:
    body:
      string: "{\r\n  \"startTime\": \"2024-04-24T04:52:26.9874521+00:00\",\r\n  \"\
        status\": \"InProgress\",\r\n  \"name\": \"b478085f-858d-4475-8318-aa6376974c10\"\
        \r\n}"
    headers:
      cache-control:
      - no-cache
      content-length:
      - '134'
      content-type:
      - application/json; charset=utf-8
      date:
      - Wed, 24 Apr 2024 04:54:00 GMT
      expires:
      - '-1'
      pragma:
      - no-cache
      strict-transport-security:
      - max-age=31536000; includeSubDomains
      x-cache:
      - CONFIG_NOCACHE
      x-content-type-options:
      - nosniff
      x-ms-ratelimit-remaining-resource:
      - Microsoft.Compute/GetOperationResource;43,Microsoft.Compute/GetOperationSubscriptionMaximum;14977
      x-msedge-ref:
      - 'Ref A: 280B198A50B448588772CA4B773A962E Ref B: MAA201060513027 Ref C: 2024-04-24T04:54:00Z'
    status:
      code: 200
      message: ''
- request:
    body: null
    headers:
      Accept:
      - '*/*'
      Accept-Encoding:
      - gzip, deflate
      CommandName:
      - vm encryption enable
      Connection:
      - keep-alive
      ParameterSetName:
      - -g -n --disk-encryption-keyvault
      User-Agent:
      - AZURECLI/2.59.0 azsdk-python-core/1.30.1 Python/3.10.11 (Windows-10-10.0.22631-SP0)
    method: GET
    uri: https://management.azure.com/subscriptions/00000000-0000-0000-0000-000000000000/providers/Microsoft.Compute/locations/westus/operations/b478085f-858d-4475-8318-aa6376974c10?p=571046f6-b640-41c1-86f7-f9f044b5adf9&api-version=2024-03-01&t=638495311474112203&c=MIIHADCCBeigAwIBAgITfARk1TE_ZglsTRafPwAABGTVMTANBgkqhkiG9w0BAQsFADBEMRMwEQYKCZImiZPyLGQBGRYDR0JMMRMwEQYKCZImiZPyLGQBGRYDQU1FMRgwFgYDVQQDEw9BTUUgSW5mcmEgQ0EgMDUwHhcNMjQwMTMwMTUwODE5WhcNMjUwMTI0MTUwODE5WjBAMT4wPAYDVQQDEzVhc3luY29wZXJhdGlvbnNpZ25pbmdjZXJ0aWZpY2F0ZS5tYW5hZ2VtZW50LmF6dXJlLmNvbTCCASIwDQYJKoZIhvcNAQEBBQADggEPADCCAQoCggEBAK902W8oGHqHsYxfQcAXt6Ljumrh6DLgGihvCAJqh_U0j8R4Jupt1lXUnhMY-cA7JAT9q7SEoTZskdrko1uzzlaykxYQUacRB8irTYwbgK6DCIqWuOd2G-W2g3eWAyxRb-Dffjnsz-vBsjd1fyP0MvIXDSDMzp2oK65BSxTbBiStV3YxtKZ3eONvKga4d77iEw0zAZHIFkt0PSHzHO7kk-b_trhadwDxPYnjrQOGmouEj7HuNoC8H7-vKZvgbeplfrHtJO9vq0TOUUqIGlT236cbPe62XQNJRim_aa3chEFUmacjUnjEZtgJjup_tDQ0iV_Oe0ZqRBBGzpjoK23Wch0CAwEAAaOCA-0wggPpMCcGCSsGAQQBgjcVCgQaMBgwCgYIKwYBBQUHAwEwCgYIKwYBBQUHAwIwPQYJKwYBBAGCNxUHBDAwLgYmKwYBBAGCNxUIhpDjDYTVtHiE8Ys-hZvdFs6dEoFggvX2K4Py0SACAWQCAQowggHLBggrBgEFBQcBAQSCAb0wggG5MGMGCCsGAQUFBzAChldodHRwOi8vY3JsLm1pY3Jvc29mdC5jb20vcGtpaW5mcmEvQ2VydHMvQ08xUEtJSU5UQ0EwMS5BTUUuR0JMX0FNRSUyMEluZnJhJTIwQ0ElMjAwNS5jcnQwUwYIKwYBBQUHMAKGR2h0dHA6Ly9jcmwxLmFtZS5nYmwvYWlhL0NPMVBLSUlOVENBMDEuQU1FLkdCTF9BTUUlMjBJbmZyYSUyMENBJTIwMDUuY3J0MFMGCCsGAQUFBzAChkdodHRwOi8vY3JsMi5hbWUuZ2JsL2FpYS9DTzFQS0lJTlRDQTAxLkFNRS5HQkxfQU1FJTIwSW5mcmElMjBDQSUyMDA1LmNydDBTBggrBgEFBQcwAoZHaHR0cDovL2NybDMuYW1lLmdibC9haWEvQ08xUEtJSU5UQ0EwMS5BTUUuR0JMX0FNRSUyMEluZnJhJTIwQ0ElMjAwNS5jcnQwUwYIKwYBBQUHMAKGR2h0dHA6Ly9jcmw0LmFtZS5nYmwvYWlhL0NPMVBLSUlOVENBMDEuQU1FLkdCTF9BTUUlMjBJbmZyYSUyMENBJTIwMDUuY3J0MB0GA1UdDgQWBBSnxeoeDA6bR-Af5MXqnvahGPcbyTAOBgNVHQ8BAf8EBAMCBaAwggEmBgNVHR8EggEdMIIBGTCCARWgggERoIIBDYY_aHR0cDovL2NybC5taWNyb3NvZnQuY29tL3BraWluZnJhL0NSTC9BTUUlMjBJbmZyYSUyMENBJTIwMDUuY3JshjFodHRwOi8vY3JsMS5hbWUuZ2JsL2NybC9BTUUlMjBJbmZyYSUyMENBJTIwMDUuY3JshjFodHRwOi8vY3JsMi5hbWUuZ2JsL2NybC9BTUUlMjBJbmZyYSUyMENBJTIwMDUuY3JshjFodHRwOi8vY3JsMy5hbWUuZ2JsL2NybC9BTUUlMjBJbmZyYSUyMENBJTIwMDUuY3JshjFodHRwOi8vY3JsNC5hbWUuZ2JsL2NybC9BTUUlMjBJbmZyYSUyMENBJTIwMDUuY3JsMBcGA1UdIAQQMA4wDAYKKwYBBAGCN3sBATAfBgNVHSMEGDAWgBR61hmFKHlscXYeYPjzS--iBUIWHTAdBgNVHSUEFjAUBggrBgEFBQcDAQYIKwYBBQUHAwIwDQYJKoZIhvcNAQELBQADggEBAGj6QqaLOPa3RZUHMPeeSymifn86nh52yaIojZbdHUiE_o0iWzV-2ZRZOxE2IgkOrAeMYXIUhMoqV7XxTwfpi6zGwrzIeuTWMbNjgzbIZGIMJCbUyNbvEkGqxvBpcwzATT8KQYU2-J2iL5slKYZIACN6THLJn5BI6dAecS1X4PJ5vNAgI8qlsYmnafZSCIrWLUQQUsZeLUaxy3t-hozvyfVe-B-nktPdgNv3-iCsI0AtlvezwfFcJXQHQeNByXg5oxXPIe02On7O1u8swvMta16Va5_kDzD80TS3LYzVk2nzUVxEqPaGhpA-vs_ttjm7hDhYk80OIsQ_YZd286sA58Q&s=eToSlIMDrxtXiBZ2AE6GLxRXIVQ-ChBnMqNxquBtyKAKwMOG2b79sdXpHPRwp6-7fE-JnFfjJallz09PykCVqvaxItTElt_6UunJa3OC-Zl47jrfQqSO3eKhDxmFpvIwqo4xZFFbXVmAGdS4mZEUEo9hiPfcsYNrjeGHk8nJqlMApxb1X7_nsF5dOUNf3MZ-rLeFuYSGyy3nMC9wZKKNW9VWP6D5yIBXdDcjnUhOQHLg3vQNzbY4bT1T8zxBerIJPs4wAoA0o5A9vcjm-jmq22KbIbjvO0BavUCdingx8-azKbD7feZCX3WeTopiHDPin6c84U-cSTd3--q5UL5kQg&h=SAedzfxd4nYwLXoW1P2EiAMyY8r2EbJB2HkAGKb1qmc
  response:
    body:
      string: "{\r\n  \"startTime\": \"2024-04-24T04:52:26.9874521+00:00\",\r\n  \"\
        status\": \"InProgress\",\r\n  \"name\": \"b478085f-858d-4475-8318-aa6376974c10\"\
        \r\n}"
    headers:
      cache-control:
      - no-cache
      content-length:
      - '134'
      content-type:
      - application/json; charset=utf-8
      date:
      - Wed, 24 Apr 2024 04:54:32 GMT
      expires:
      - '-1'
      pragma:
      - no-cache
      strict-transport-security:
      - max-age=31536000; includeSubDomains
      x-cache:
      - CONFIG_NOCACHE
      x-content-type-options:
      - nosniff
      x-ms-ratelimit-remaining-resource:
      - Microsoft.Compute/GetOperationResource;44,Microsoft.Compute/GetOperationSubscriptionMaximum;14998
      x-msedge-ref:
      - 'Ref A: 25EF07AD68584FBF95D632613E295A70 Ref B: MAA201060513037 Ref C: 2024-04-24T04:54:32Z'
    status:
      code: 200
      message: ''
- request:
    body: null
    headers:
      Accept:
      - '*/*'
      Accept-Encoding:
      - gzip, deflate
      CommandName:
      - vm encryption enable
      Connection:
      - keep-alive
      ParameterSetName:
      - -g -n --disk-encryption-keyvault
      User-Agent:
      - AZURECLI/2.59.0 azsdk-python-core/1.30.1 Python/3.10.11 (Windows-10-10.0.22631-SP0)
    method: GET
    uri: https://management.azure.com/subscriptions/00000000-0000-0000-0000-000000000000/providers/Microsoft.Compute/locations/westus/operations/b478085f-858d-4475-8318-aa6376974c10?p=571046f6-b640-41c1-86f7-f9f044b5adf9&api-version=2024-03-01&t=638495311474112203&c=MIIHADCCBeigAwIBAgITfARk1TE_ZglsTRafPwAABGTVMTANBgkqhkiG9w0BAQsFADBEMRMwEQYKCZImiZPyLGQBGRYDR0JMMRMwEQYKCZImiZPyLGQBGRYDQU1FMRgwFgYDVQQDEw9BTUUgSW5mcmEgQ0EgMDUwHhcNMjQwMTMwMTUwODE5WhcNMjUwMTI0MTUwODE5WjBAMT4wPAYDVQQDEzVhc3luY29wZXJhdGlvbnNpZ25pbmdjZXJ0aWZpY2F0ZS5tYW5hZ2VtZW50LmF6dXJlLmNvbTCCASIwDQYJKoZIhvcNAQEBBQADggEPADCCAQoCggEBAK902W8oGHqHsYxfQcAXt6Ljumrh6DLgGihvCAJqh_U0j8R4Jupt1lXUnhMY-cA7JAT9q7SEoTZskdrko1uzzlaykxYQUacRB8irTYwbgK6DCIqWuOd2G-W2g3eWAyxRb-Dffjnsz-vBsjd1fyP0MvIXDSDMzp2oK65BSxTbBiStV3YxtKZ3eONvKga4d77iEw0zAZHIFkt0PSHzHO7kk-b_trhadwDxPYnjrQOGmouEj7HuNoC8H7-vKZvgbeplfrHtJO9vq0TOUUqIGlT236cbPe62XQNJRim_aa3chEFUmacjUnjEZtgJjup_tDQ0iV_Oe0ZqRBBGzpjoK23Wch0CAwEAAaOCA-0wggPpMCcGCSsGAQQBgjcVCgQaMBgwCgYIKwYBBQUHAwEwCgYIKwYBBQUHAwIwPQYJKwYBBAGCNxUHBDAwLgYmKwYBBAGCNxUIhpDjDYTVtHiE8Ys-hZvdFs6dEoFggvX2K4Py0SACAWQCAQowggHLBggrBgEFBQcBAQSCAb0wggG5MGMGCCsGAQUFBzAChldodHRwOi8vY3JsLm1pY3Jvc29mdC5jb20vcGtpaW5mcmEvQ2VydHMvQ08xUEtJSU5UQ0EwMS5BTUUuR0JMX0FNRSUyMEluZnJhJTIwQ0ElMjAwNS5jcnQwUwYIKwYBBQUHMAKGR2h0dHA6Ly9jcmwxLmFtZS5nYmwvYWlhL0NPMVBLSUlOVENBMDEuQU1FLkdCTF9BTUUlMjBJbmZyYSUyMENBJTIwMDUuY3J0MFMGCCsGAQUFBzAChkdodHRwOi8vY3JsMi5hbWUuZ2JsL2FpYS9DTzFQS0lJTlRDQTAxLkFNRS5HQkxfQU1FJTIwSW5mcmElMjBDQSUyMDA1LmNydDBTBggrBgEFBQcwAoZHaHR0cDovL2NybDMuYW1lLmdibC9haWEvQ08xUEtJSU5UQ0EwMS5BTUUuR0JMX0FNRSUyMEluZnJhJTIwQ0ElMjAwNS5jcnQwUwYIKwYBBQUHMAKGR2h0dHA6Ly9jcmw0LmFtZS5nYmwvYWlhL0NPMVBLSUlOVENBMDEuQU1FLkdCTF9BTUUlMjBJbmZyYSUyMENBJTIwMDUuY3J0MB0GA1UdDgQWBBSnxeoeDA6bR-Af5MXqnvahGPcbyTAOBgNVHQ8BAf8EBAMCBaAwggEmBgNVHR8EggEdMIIBGTCCARWgggERoIIBDYY_aHR0cDovL2NybC5taWNyb3NvZnQuY29tL3BraWluZnJhL0NSTC9BTUUlMjBJbmZyYSUyMENBJTIwMDUuY3JshjFodHRwOi8vY3JsMS5hbWUuZ2JsL2NybC9BTUUlMjBJbmZyYSUyMENBJTIwMDUuY3JshjFodHRwOi8vY3JsMi5hbWUuZ2JsL2NybC9BTUUlMjBJbmZyYSUyMENBJTIwMDUuY3JshjFodHRwOi8vY3JsMy5hbWUuZ2JsL2NybC9BTUUlMjBJbmZyYSUyMENBJTIwMDUuY3JshjFodHRwOi8vY3JsNC5hbWUuZ2JsL2NybC9BTUUlMjBJbmZyYSUyMENBJTIwMDUuY3JsMBcGA1UdIAQQMA4wDAYKKwYBBAGCN3sBATAfBgNVHSMEGDAWgBR61hmFKHlscXYeYPjzS--iBUIWHTAdBgNVHSUEFjAUBggrBgEFBQcDAQYIKwYBBQUHAwIwDQYJKoZIhvcNAQELBQADggEBAGj6QqaLOPa3RZUHMPeeSymifn86nh52yaIojZbdHUiE_o0iWzV-2ZRZOxE2IgkOrAeMYXIUhMoqV7XxTwfpi6zGwrzIeuTWMbNjgzbIZGIMJCbUyNbvEkGqxvBpcwzATT8KQYU2-J2iL5slKYZIACN6THLJn5BI6dAecS1X4PJ5vNAgI8qlsYmnafZSCIrWLUQQUsZeLUaxy3t-hozvyfVe-B-nktPdgNv3-iCsI0AtlvezwfFcJXQHQeNByXg5oxXPIe02On7O1u8swvMta16Va5_kDzD80TS3LYzVk2nzUVxEqPaGhpA-vs_ttjm7hDhYk80OIsQ_YZd286sA58Q&s=eToSlIMDrxtXiBZ2AE6GLxRXIVQ-ChBnMqNxquBtyKAKwMOG2b79sdXpHPRwp6-7fE-JnFfjJallz09PykCVqvaxItTElt_6UunJa3OC-Zl47jrfQqSO3eKhDxmFpvIwqo4xZFFbXVmAGdS4mZEUEo9hiPfcsYNrjeGHk8nJqlMApxb1X7_nsF5dOUNf3MZ-rLeFuYSGyy3nMC9wZKKNW9VWP6D5yIBXdDcjnUhOQHLg3vQNzbY4bT1T8zxBerIJPs4wAoA0o5A9vcjm-jmq22KbIbjvO0BavUCdingx8-azKbD7feZCX3WeTopiHDPin6c84U-cSTd3--q5UL5kQg&h=SAedzfxd4nYwLXoW1P2EiAMyY8r2EbJB2HkAGKb1qmc
  response:
    body:
      string: "{\r\n  \"startTime\": \"2024-04-24T04:52:26.9874521+00:00\",\r\n  \"\
        status\": \"InProgress\",\r\n  \"name\": \"b478085f-858d-4475-8318-aa6376974c10\"\
        \r\n}"
    headers:
      cache-control:
      - no-cache
      content-length:
      - '134'
      content-type:
      - application/json; charset=utf-8
      date:
      - Wed, 24 Apr 2024 04:55:03 GMT
      expires:
      - '-1'
      pragma:
      - no-cache
      strict-transport-security:
      - max-age=31536000; includeSubDomains
      x-cache:
      - CONFIG_NOCACHE
      x-content-type-options:
      - nosniff
      x-ms-ratelimit-remaining-resource:
      - Microsoft.Compute/GetOperationResource;43,Microsoft.Compute/GetOperationSubscriptionMaximum;14993
      x-msedge-ref:
      - 'Ref A: DDD9A5016BF6459E9EC75F757088C3BA Ref B: MAA201060513045 Ref C: 2024-04-24T04:55:03Z'
    status:
      code: 200
      message: ''
- request:
    body: null
    headers:
      Accept:
      - '*/*'
      Accept-Encoding:
      - gzip, deflate
      CommandName:
      - vm encryption enable
      Connection:
      - keep-alive
      ParameterSetName:
      - -g -n --disk-encryption-keyvault
      User-Agent:
      - AZURECLI/2.59.0 azsdk-python-core/1.30.1 Python/3.10.11 (Windows-10-10.0.22631-SP0)
    method: GET
    uri: https://management.azure.com/subscriptions/00000000-0000-0000-0000-000000000000/providers/Microsoft.Compute/locations/westus/operations/b478085f-858d-4475-8318-aa6376974c10?p=571046f6-b640-41c1-86f7-f9f044b5adf9&api-version=2024-03-01&t=638495311474112203&c=MIIHADCCBeigAwIBAgITfARk1TE_ZglsTRafPwAABGTVMTANBgkqhkiG9w0BAQsFADBEMRMwEQYKCZImiZPyLGQBGRYDR0JMMRMwEQYKCZImiZPyLGQBGRYDQU1FMRgwFgYDVQQDEw9BTUUgSW5mcmEgQ0EgMDUwHhcNMjQwMTMwMTUwODE5WhcNMjUwMTI0MTUwODE5WjBAMT4wPAYDVQQDEzVhc3luY29wZXJhdGlvbnNpZ25pbmdjZXJ0aWZpY2F0ZS5tYW5hZ2VtZW50LmF6dXJlLmNvbTCCASIwDQYJKoZIhvcNAQEBBQADggEPADCCAQoCggEBAK902W8oGHqHsYxfQcAXt6Ljumrh6DLgGihvCAJqh_U0j8R4Jupt1lXUnhMY-cA7JAT9q7SEoTZskdrko1uzzlaykxYQUacRB8irTYwbgK6DCIqWuOd2G-W2g3eWAyxRb-Dffjnsz-vBsjd1fyP0MvIXDSDMzp2oK65BSxTbBiStV3YxtKZ3eONvKga4d77iEw0zAZHIFkt0PSHzHO7kk-b_trhadwDxPYnjrQOGmouEj7HuNoC8H7-vKZvgbeplfrHtJO9vq0TOUUqIGlT236cbPe62XQNJRim_aa3chEFUmacjUnjEZtgJjup_tDQ0iV_Oe0ZqRBBGzpjoK23Wch0CAwEAAaOCA-0wggPpMCcGCSsGAQQBgjcVCgQaMBgwCgYIKwYBBQUHAwEwCgYIKwYBBQUHAwIwPQYJKwYBBAGCNxUHBDAwLgYmKwYBBAGCNxUIhpDjDYTVtHiE8Ys-hZvdFs6dEoFggvX2K4Py0SACAWQCAQowggHLBggrBgEFBQcBAQSCAb0wggG5MGMGCCsGAQUFBzAChldodHRwOi8vY3JsLm1pY3Jvc29mdC5jb20vcGtpaW5mcmEvQ2VydHMvQ08xUEtJSU5UQ0EwMS5BTUUuR0JMX0FNRSUyMEluZnJhJTIwQ0ElMjAwNS5jcnQwUwYIKwYBBQUHMAKGR2h0dHA6Ly9jcmwxLmFtZS5nYmwvYWlhL0NPMVBLSUlOVENBMDEuQU1FLkdCTF9BTUUlMjBJbmZyYSUyMENBJTIwMDUuY3J0MFMGCCsGAQUFBzAChkdodHRwOi8vY3JsMi5hbWUuZ2JsL2FpYS9DTzFQS0lJTlRDQTAxLkFNRS5HQkxfQU1FJTIwSW5mcmElMjBDQSUyMDA1LmNydDBTBggrBgEFBQcwAoZHaHR0cDovL2NybDMuYW1lLmdibC9haWEvQ08xUEtJSU5UQ0EwMS5BTUUuR0JMX0FNRSUyMEluZnJhJTIwQ0ElMjAwNS5jcnQwUwYIKwYBBQUHMAKGR2h0dHA6Ly9jcmw0LmFtZS5nYmwvYWlhL0NPMVBLSUlOVENBMDEuQU1FLkdCTF9BTUUlMjBJbmZyYSUyMENBJTIwMDUuY3J0MB0GA1UdDgQWBBSnxeoeDA6bR-Af5MXqnvahGPcbyTAOBgNVHQ8BAf8EBAMCBaAwggEmBgNVHR8EggEdMIIBGTCCARWgggERoIIBDYY_aHR0cDovL2NybC5taWNyb3NvZnQuY29tL3BraWluZnJhL0NSTC9BTUUlMjBJbmZyYSUyMENBJTIwMDUuY3JshjFodHRwOi8vY3JsMS5hbWUuZ2JsL2NybC9BTUUlMjBJbmZyYSUyMENBJTIwMDUuY3JshjFodHRwOi8vY3JsMi5hbWUuZ2JsL2NybC9BTUUlMjBJbmZyYSUyMENBJTIwMDUuY3JshjFodHRwOi8vY3JsMy5hbWUuZ2JsL2NybC9BTUUlMjBJbmZyYSUyMENBJTIwMDUuY3JshjFodHRwOi8vY3JsNC5hbWUuZ2JsL2NybC9BTUUlMjBJbmZyYSUyMENBJTIwMDUuY3JsMBcGA1UdIAQQMA4wDAYKKwYBBAGCN3sBATAfBgNVHSMEGDAWgBR61hmFKHlscXYeYPjzS--iBUIWHTAdBgNVHSUEFjAUBggrBgEFBQcDAQYIKwYBBQUHAwIwDQYJKoZIhvcNAQELBQADggEBAGj6QqaLOPa3RZUHMPeeSymifn86nh52yaIojZbdHUiE_o0iWzV-2ZRZOxE2IgkOrAeMYXIUhMoqV7XxTwfpi6zGwrzIeuTWMbNjgzbIZGIMJCbUyNbvEkGqxvBpcwzATT8KQYU2-J2iL5slKYZIACN6THLJn5BI6dAecS1X4PJ5vNAgI8qlsYmnafZSCIrWLUQQUsZeLUaxy3t-hozvyfVe-B-nktPdgNv3-iCsI0AtlvezwfFcJXQHQeNByXg5oxXPIe02On7O1u8swvMta16Va5_kDzD80TS3LYzVk2nzUVxEqPaGhpA-vs_ttjm7hDhYk80OIsQ_YZd286sA58Q&s=eToSlIMDrxtXiBZ2AE6GLxRXIVQ-ChBnMqNxquBtyKAKwMOG2b79sdXpHPRwp6-7fE-JnFfjJallz09PykCVqvaxItTElt_6UunJa3OC-Zl47jrfQqSO3eKhDxmFpvIwqo4xZFFbXVmAGdS4mZEUEo9hiPfcsYNrjeGHk8nJqlMApxb1X7_nsF5dOUNf3MZ-rLeFuYSGyy3nMC9wZKKNW9VWP6D5yIBXdDcjnUhOQHLg3vQNzbY4bT1T8zxBerIJPs4wAoA0o5A9vcjm-jmq22KbIbjvO0BavUCdingx8-azKbD7feZCX3WeTopiHDPin6c84U-cSTd3--q5UL5kQg&h=SAedzfxd4nYwLXoW1P2EiAMyY8r2EbJB2HkAGKb1qmc
  response:
    body:
      string: "{\r\n  \"startTime\": \"2024-04-24T04:52:26.9874521+00:00\",\r\n  \"\
        status\": \"InProgress\",\r\n  \"name\": \"b478085f-858d-4475-8318-aa6376974c10\"\
        \r\n}"
    headers:
      cache-control:
      - no-cache
      content-length:
      - '134'
      content-type:
      - application/json; charset=utf-8
      date:
      - Wed, 24 Apr 2024 04:55:34 GMT
      expires:
      - '-1'
      pragma:
      - no-cache
      strict-transport-security:
      - max-age=31536000; includeSubDomains
      x-cache:
      - CONFIG_NOCACHE
      x-content-type-options:
      - nosniff
      x-ms-ratelimit-remaining-resource:
      - Microsoft.Compute/GetOperationResource;44,Microsoft.Compute/GetOperationSubscriptionMaximum;14998
      x-msedge-ref:
      - 'Ref A: 58066A795C534BDCBB183CFEB42EAF78 Ref B: MAA201060514019 Ref C: 2024-04-24T04:55:34Z'
    status:
      code: 200
      message: ''
- request:
    body: null
    headers:
      Accept:
      - '*/*'
      Accept-Encoding:
      - gzip, deflate
      CommandName:
      - vm encryption enable
      Connection:
      - keep-alive
      ParameterSetName:
      - -g -n --disk-encryption-keyvault
      User-Agent:
      - AZURECLI/2.59.0 azsdk-python-core/1.30.1 Python/3.10.11 (Windows-10-10.0.22631-SP0)
    method: GET
    uri: https://management.azure.com/subscriptions/00000000-0000-0000-0000-000000000000/providers/Microsoft.Compute/locations/westus/operations/b478085f-858d-4475-8318-aa6376974c10?p=571046f6-b640-41c1-86f7-f9f044b5adf9&api-version=2024-03-01&t=638495311474112203&c=MIIHADCCBeigAwIBAgITfARk1TE_ZglsTRafPwAABGTVMTANBgkqhkiG9w0BAQsFADBEMRMwEQYKCZImiZPyLGQBGRYDR0JMMRMwEQYKCZImiZPyLGQBGRYDQU1FMRgwFgYDVQQDEw9BTUUgSW5mcmEgQ0EgMDUwHhcNMjQwMTMwMTUwODE5WhcNMjUwMTI0MTUwODE5WjBAMT4wPAYDVQQDEzVhc3luY29wZXJhdGlvbnNpZ25pbmdjZXJ0aWZpY2F0ZS5tYW5hZ2VtZW50LmF6dXJlLmNvbTCCASIwDQYJKoZIhvcNAQEBBQADggEPADCCAQoCggEBAK902W8oGHqHsYxfQcAXt6Ljumrh6DLgGihvCAJqh_U0j8R4Jupt1lXUnhMY-cA7JAT9q7SEoTZskdrko1uzzlaykxYQUacRB8irTYwbgK6DCIqWuOd2G-W2g3eWAyxRb-Dffjnsz-vBsjd1fyP0MvIXDSDMzp2oK65BSxTbBiStV3YxtKZ3eONvKga4d77iEw0zAZHIFkt0PSHzHO7kk-b_trhadwDxPYnjrQOGmouEj7HuNoC8H7-vKZvgbeplfrHtJO9vq0TOUUqIGlT236cbPe62XQNJRim_aa3chEFUmacjUnjEZtgJjup_tDQ0iV_Oe0ZqRBBGzpjoK23Wch0CAwEAAaOCA-0wggPpMCcGCSsGAQQBgjcVCgQaMBgwCgYIKwYBBQUHAwEwCgYIKwYBBQUHAwIwPQYJKwYBBAGCNxUHBDAwLgYmKwYBBAGCNxUIhpDjDYTVtHiE8Ys-hZvdFs6dEoFggvX2K4Py0SACAWQCAQowggHLBggrBgEFBQcBAQSCAb0wggG5MGMGCCsGAQUFBzAChldodHRwOi8vY3JsLm1pY3Jvc29mdC5jb20vcGtpaW5mcmEvQ2VydHMvQ08xUEtJSU5UQ0EwMS5BTUUuR0JMX0FNRSUyMEluZnJhJTIwQ0ElMjAwNS5jcnQwUwYIKwYBBQUHMAKGR2h0dHA6Ly9jcmwxLmFtZS5nYmwvYWlhL0NPMVBLSUlOVENBMDEuQU1FLkdCTF9BTUUlMjBJbmZyYSUyMENBJTIwMDUuY3J0MFMGCCsGAQUFBzAChkdodHRwOi8vY3JsMi5hbWUuZ2JsL2FpYS9DTzFQS0lJTlRDQTAxLkFNRS5HQkxfQU1FJTIwSW5mcmElMjBDQSUyMDA1LmNydDBTBggrBgEFBQcwAoZHaHR0cDovL2NybDMuYW1lLmdibC9haWEvQ08xUEtJSU5UQ0EwMS5BTUUuR0JMX0FNRSUyMEluZnJhJTIwQ0ElMjAwNS5jcnQwUwYIKwYBBQUHMAKGR2h0dHA6Ly9jcmw0LmFtZS5nYmwvYWlhL0NPMVBLSUlOVENBMDEuQU1FLkdCTF9BTUUlMjBJbmZyYSUyMENBJTIwMDUuY3J0MB0GA1UdDgQWBBSnxeoeDA6bR-Af5MXqnvahGPcbyTAOBgNVHQ8BAf8EBAMCBaAwggEmBgNVHR8EggEdMIIBGTCCARWgggERoIIBDYY_aHR0cDovL2NybC5taWNyb3NvZnQuY29tL3BraWluZnJhL0NSTC9BTUUlMjBJbmZyYSUyMENBJTIwMDUuY3JshjFodHRwOi8vY3JsMS5hbWUuZ2JsL2NybC9BTUUlMjBJbmZyYSUyMENBJTIwMDUuY3JshjFodHRwOi8vY3JsMi5hbWUuZ2JsL2NybC9BTUUlMjBJbmZyYSUyMENBJTIwMDUuY3JshjFodHRwOi8vY3JsMy5hbWUuZ2JsL2NybC9BTUUlMjBJbmZyYSUyMENBJTIwMDUuY3JshjFodHRwOi8vY3JsNC5hbWUuZ2JsL2NybC9BTUUlMjBJbmZyYSUyMENBJTIwMDUuY3JsMBcGA1UdIAQQMA4wDAYKKwYBBAGCN3sBATAfBgNVHSMEGDAWgBR61hmFKHlscXYeYPjzS--iBUIWHTAdBgNVHSUEFjAUBggrBgEFBQcDAQYIKwYBBQUHAwIwDQYJKoZIhvcNAQELBQADggEBAGj6QqaLOPa3RZUHMPeeSymifn86nh52yaIojZbdHUiE_o0iWzV-2ZRZOxE2IgkOrAeMYXIUhMoqV7XxTwfpi6zGwrzIeuTWMbNjgzbIZGIMJCbUyNbvEkGqxvBpcwzATT8KQYU2-J2iL5slKYZIACN6THLJn5BI6dAecS1X4PJ5vNAgI8qlsYmnafZSCIrWLUQQUsZeLUaxy3t-hozvyfVe-B-nktPdgNv3-iCsI0AtlvezwfFcJXQHQeNByXg5oxXPIe02On7O1u8swvMta16Va5_kDzD80TS3LYzVk2nzUVxEqPaGhpA-vs_ttjm7hDhYk80OIsQ_YZd286sA58Q&s=eToSlIMDrxtXiBZ2AE6GLxRXIVQ-ChBnMqNxquBtyKAKwMOG2b79sdXpHPRwp6-7fE-JnFfjJallz09PykCVqvaxItTElt_6UunJa3OC-Zl47jrfQqSO3eKhDxmFpvIwqo4xZFFbXVmAGdS4mZEUEo9hiPfcsYNrjeGHk8nJqlMApxb1X7_nsF5dOUNf3MZ-rLeFuYSGyy3nMC9wZKKNW9VWP6D5yIBXdDcjnUhOQHLg3vQNzbY4bT1T8zxBerIJPs4wAoA0o5A9vcjm-jmq22KbIbjvO0BavUCdingx8-azKbD7feZCX3WeTopiHDPin6c84U-cSTd3--q5UL5kQg&h=SAedzfxd4nYwLXoW1P2EiAMyY8r2EbJB2HkAGKb1qmc
  response:
    body:
      string: "{\r\n  \"startTime\": \"2024-04-24T04:52:26.9874521+00:00\",\r\n  \"\
        endTime\": \"2024-04-24T04:55:37.5686351+00:00\",\r\n  \"status\": \"Succeeded\"\
        ,\r\n  \"name\": \"b478085f-858d-4475-8318-aa6376974c10\"\r\n}"
    headers:
      cache-control:
      - no-cache
      content-length:
      - '184'
      content-type:
      - application/json; charset=utf-8
      date:
      - Wed, 24 Apr 2024 04:56:05 GMT
      expires:
      - '-1'
      pragma:
      - no-cache
      strict-transport-security:
      - max-age=31536000; includeSubDomains
      x-cache:
      - CONFIG_NOCACHE
      x-content-type-options:
      - nosniff
      x-ms-ratelimit-remaining-resource:
      - Microsoft.Compute/GetOperationResource;42,Microsoft.Compute/GetOperationSubscriptionMaximum;14995
      x-msedge-ref:
      - 'Ref A: 32FE5787FA044FD594A7C5FD23F94802 Ref B: MAA201060516011 Ref C: 2024-04-24T04:56:05Z'
    status:
      code: 200
      message: ''
- request:
    body: null
    headers:
      Accept:
      - '*/*'
      Accept-Encoding:
      - gzip, deflate
      CommandName:
      - vm encryption enable
      Connection:
      - keep-alive
      ParameterSetName:
      - -g -n --disk-encryption-keyvault
      User-Agent:
      - AZURECLI/2.59.0 azsdk-python-core/1.30.1 Python/3.10.11 (Windows-10-10.0.22631-SP0)
    method: GET
    uri: https://management.azure.com/subscriptions/00000000-0000-0000-0000-000000000000/resourceGroups/cli_test_vm_encryption000001/providers/Microsoft.Compute/virtualMachines/vm1/extensions/AzureDiskEncryption?api-version=2024-03-01
  response:
    body:
      string: "{\r\n  \"name\": \"AzureDiskEncryption\",\r\n  \"id\": \"/subscriptions/00000000-0000-0000-0000-000000000000/resourceGroups/cli_test_vm_encryption000001/providers/Microsoft.Compute/virtualMachines/vm1/extensions/AzureDiskEncryption\"\
        ,\r\n  \"type\": \"Microsoft.Compute/virtualMachines/extensions\",\r\n  \"\
        location\": \"westus\",\r\n  \"properties\": {\r\n    \"autoUpgradeMinorVersion\"\
        : true,\r\n    \"provisioningState\": \"Succeeded\",\r\n    \"publisher\"\
        : \"Microsoft.Azure.Security\",\r\n    \"type\": \"AzureDiskEncryption\",\r\
        \n    \"typeHandlerVersion\": \"2.2\",\r\n    \"settings\": {\"KeyVaultURL\"\
        :\"https://vault000002.vault.azure.net\",\"VolumeType\":\"ALL\",\"EncryptionOperation\"\
        :\"EnableEncryption\",\"KeyEncryptionKeyURL\":null,\"KeyEncryptionAlgorithm\"\
        :\"RSA-OAEP\",\"SequenceVersion\":\"4468d525-f9b5-43cd-b043-c08caa69b53a\"\
        ,\"KeyVaultResourceId\":\"/subscriptions/00000000-0000-0000-0000-000000000000/resourceGroups/cli_test_vm_encryption000001/providers/Microsoft.KeyVault/vaults/vault000002\"\
        ,\"KekVaultResourceId\":\"\"}\r\n  }\r\n}"
    headers:
      cache-control:
      - no-cache
      content-length:
      - '968'
      content-type:
      - application/json; charset=utf-8
      date:
      - Wed, 24 Apr 2024 04:56:06 GMT
      expires:
      - '-1'
      pragma:
      - no-cache
      strict-transport-security:
      - max-age=31536000; includeSubDomains
      x-cache:
      - CONFIG_NOCACHE
      x-content-type-options:
      - nosniff
      x-ms-ratelimit-remaining-resource:
      - Microsoft.Compute/LowCostGetSubscriptionMaximum;23990,Microsoft.Compute/LowCostGetResource;33
      x-msedge-ref:
      - 'Ref A: 20562FF1D27B4255AF3D76CC53D783D8 Ref B: MAA201060516035 Ref C: 2024-04-24T04:56:06Z'
    status:
      code: 200
      message: ''
- request:
    body: null
    headers:
      Accept:
      - application/json
      Accept-Encoding:
      - gzip, deflate
      CommandName:
      - vm encryption enable
      Connection:
      - keep-alive
      ParameterSetName:
      - -g -n --disk-encryption-keyvault
      User-Agent:
      - AZURECLI/2.59.0 azsdk-python-core/1.30.1 Python/3.10.11 (Windows-10-10.0.22631-SP0)
    method: GET
    uri: https://management.azure.com/subscriptions/00000000-0000-0000-0000-000000000000/resourceGroups/cli_test_vm_encryption000001/providers/Microsoft.Compute/virtualMachines/vm1/extensions/AzureDiskEncryption?$expand=instanceView&api-version=2024-03-01
  response:
    body:
      string: "{\r\n  \"name\": \"AzureDiskEncryption\",\r\n  \"id\": \"/subscriptions/00000000-0000-0000-0000-000000000000/resourceGroups/cli_test_vm_encryption000001/providers/Microsoft.Compute/virtualMachines/vm1/extensions/AzureDiskEncryption\"\
        ,\r\n  \"type\": \"Microsoft.Compute/virtualMachines/extensions\",\r\n  \"\
        location\": \"westus\",\r\n  \"properties\": {\r\n    \"autoUpgradeMinorVersion\"\
        : true,\r\n    \"provisioningState\": \"Succeeded\",\r\n    \"instanceView\"\
        : {\r\n      \"name\": \"AzureDiskEncryption\",\r\n      \"type\": \"Microsoft.Azure.Security.AzureDiskEncryption\"\
        ,\r\n      \"typeHandlerVersion\": \"2.4.0.21\",\r\n      \"statuses\": [\r\
        \n        {\r\n          \"code\": \"ProvisioningState/transitioning\",\r\n\
        \          \"level\": \"Info\",\r\n          \"displayStatus\": \"Transitioning\"\
        ,\r\n          \"message\": \"[2.4.0.21] Preparing machine for bitlocker\"\
        \r\n        }\r\n      ]\r\n    },\r\n    \"publisher\": \"Microsoft.Azure.Security\"\
        ,\r\n    \"type\": \"AzureDiskEncryption\",\r\n    \"typeHandlerVersion\"\
        : \"2.2\",\r\n    \"settings\": {\"KeyVaultURL\":\"https://vault000002.vault.azure.net\"\
        ,\"VolumeType\":\"ALL\",\"EncryptionOperation\":\"EnableEncryption\",\"KeyEncryptionKeyURL\"\
        :null,\"KeyEncryptionAlgorithm\":\"RSA-OAEP\",\"SequenceVersion\":\"4468d525-f9b5-43cd-b043-c08caa69b53a\"\
        ,\"KeyVaultResourceId\":\"/subscriptions/00000000-0000-0000-0000-000000000000/resourceGroups/cli_test_vm_encryption000001/providers/Microsoft.KeyVault/vaults/vault000002\"\
        ,\"KekVaultResourceId\":\"\"}\r\n  }\r\n}"
    headers:
      cache-control:
      - no-cache
      content-length:
      - '1387'
      content-type:
      - application/json; charset=utf-8
      date:
      - Wed, 24 Apr 2024 04:56:07 GMT
      expires:
      - '-1'
      pragma:
      - no-cache
      strict-transport-security:
      - max-age=31536000; includeSubDomains
      x-cache:
      - CONFIG_NOCACHE
      x-content-type-options:
      - nosniff
      x-ms-ratelimit-remaining-resource:
      - Microsoft.Compute/LowCostGetSubscriptionMaximum;23989,Microsoft.Compute/LowCostGetResource;32
      x-msedge-ref:
      - 'Ref A: B1A634C3DDE84AC8B7FC7CFBE74431B6 Ref B: MAA201060514033 Ref C: 2024-04-24T04:56:07Z'
    status:
      code: 200
      message: ''
- request:
    body: null
    headers:
      Accept:
      - application/json
      Accept-Encoding:
      - gzip, deflate
      CommandName:
      - vm encryption show
      Connection:
      - keep-alive
      ParameterSetName:
      - -g -n
      User-Agent:
      - AZURECLI/2.59.0 azsdk-python-core/1.30.1 Python/3.10.11 (Windows-10-10.0.22631-SP0)
    method: GET
    uri: https://management.azure.com/subscriptions/00000000-0000-0000-0000-000000000000/resourceGroups/cli_test_vm_encryption000001/providers/Microsoft.Compute/virtualMachines/vm1?$expand=instanceView&api-version=2024-03-01
  response:
    body:
      string: "{\r\n  \"name\": \"vm1\",\r\n  \"id\": \"/subscriptions/00000000-0000-0000-0000-000000000000/resourceGroups/cli_test_vm_encryption000001/providers/Microsoft.Compute/virtualMachines/vm1\"\
        ,\r\n  \"type\": \"Microsoft.Compute/virtualMachines\",\r\n  \"location\"\
        : \"westus\",\r\n  \"tags\": {},\r\n  \"properties\": {\r\n    \"hardwareProfile\"\
        : {\r\n      \"vmSize\": \"Standard_DS1_v2\"\r\n    },\r\n    \"provisioningState\"\
        : \"Succeeded\",\r\n    \"vmId\": \"94564adf-6ae8-493f-83bc-da09d503155b\"\
        ,\r\n    \"storageProfile\": {\r\n      \"imageReference\": {\r\n        \"\
        publisher\": \"MicrosoftWindowsServer\",\r\n        \"offer\": \"WindowsServer\"\
        ,\r\n        \"sku\": \"2012-Datacenter\",\r\n        \"version\": \"latest\"\
        ,\r\n        \"exactVersion\": \"9200.24523.231004\"\r\n      },\r\n     \
        \ \"osDisk\": {\r\n        \"osType\": \"Windows\",\r\n        \"name\": \"\
        vm1_OsDisk_1_1249aeaa720e4a83a59e98c5f78707dc\",\r\n        \"createOption\"\
        : \"FromImage\",\r\n        \"caching\": \"ReadWrite\",\r\n        \"managedDisk\"\
        : {\r\n          \"storageAccountType\": \"Premium_LRS\",\r\n          \"\
        id\": \"/subscriptions/00000000-0000-0000-0000-000000000000/resourceGroups/cli_test_vm_encryption000001/providers/Microsoft.Compute/disks/vm1_OsDisk_1_1249aeaa720e4a83a59e98c5f78707dc\"\
        \r\n        },\r\n        \"deleteOption\": \"Detach\",\r\n        \"diskSizeGB\"\
        : 127\r\n      },\r\n      \"dataDisks\": []\r\n    },\r\n    \"osProfile\"\
        : {\r\n      \"computerName\": \"vm1\",\r\n      \"adminUsername\": \"clitester1\"\
        ,\r\n      \"windowsConfiguration\": {\r\n        \"provisionVMAgent\": true,\r\
        \n        \"enableAutomaticUpdates\": true,\r\n        \"patchSettings\":\
        \ {\r\n          \"patchMode\": \"AutomaticByOS\",\r\n          \"assessmentMode\"\
        : \"ImageDefault\"\r\n        },\r\n        \"enableVMAgentPlatformUpdates\"\
        : false\r\n      },\r\n      \"secrets\": [],\r\n      \"allowExtensionOperations\"\
        : true,\r\n      \"requireGuestProvisionSignal\": true\r\n    },\r\n    \"\
        networkProfile\": {\"networkInterfaces\":[{\"id\":\"/subscriptions/00000000-0000-0000-0000-000000000000/resourceGroups/cli_test_vm_encryption000001/providers/Microsoft.Network/networkInterfaces/vm1VMNic\"\
        }]},\r\n    \"instanceView\": {\r\n      \"computerName\": \"vm1\",\r\n  \
        \    \"osName\": \"Windows Server 2012 Datacenter\",\r\n      \"osVersion\"\
        : \"Microsoft Windows NT 6.2.9200.0\",\r\n      \"vmAgent\": {\r\n       \
        \ \"vmAgentVersion\": \"2.7.41491.1117\",\r\n        \"statuses\": [\r\n \
        \         {\r\n            \"code\": \"ProvisioningState/succeeded\",\r\n\
        \            \"level\": \"Info\",\r\n            \"displayStatus\": \"Ready\"\
        ,\r\n            \"message\": \"GuestAgent is running and processing the extensions.\"\
        ,\r\n            \"time\": \"2024-04-24T04:56:01.622+00:00\"\r\n         \
        \ }\r\n        ],\r\n        \"extensionHandlers\": [\r\n          {\r\n \
        \           \"type\": \"Microsoft.Azure.Security.AzureDiskEncryption\",\r\n\
        \            \"typeHandlerVersion\": \"2.4.0.21\",\r\n            \"status\"\
        : {\r\n              \"code\": \"ProvisioningState/succeeded\",\r\n      \
        \        \"level\": \"Info\",\r\n              \"displayStatus\": \"Ready\"\
        \r\n            }\r\n          }\r\n        ]\r\n      },\r\n      \"disks\"\
        : [\r\n        {\r\n          \"name\": \"vm1_OsDisk_1_1249aeaa720e4a83a59e98c5f78707dc\"\
        ,\r\n          \"encryptionSettings\": [\r\n            {\r\n            \
        \  \"enabled\": true,\r\n              \"diskEncryptionKey\": {\r\n      \
        \          \"sourceVault\": {\r\n                  \"id\": \"/subscriptions/00000000-0000-0000-0000-000000000000/resourceGroups/cli_test_vm_encryption000001/providers/Microsoft.KeyVault/vaults/vault000002\"\
        \r\n                },\r\n                \"secretUrl\": \"https://vault000002.vault.azure.net/secrets/FAFC72C3-ACF7-4067-978E-8596E3E3702D/00e17a22ae4c470ba4ebb84a002fe59d\"\
        \r\n              }\r\n            }\r\n          ],\r\n          \"statuses\"\
        : [\r\n            {\r\n              \"code\": \"ProvisioningState/succeeded\"\
        ,\r\n              \"level\": \"Info\",\r\n              \"displayStatus\"\
        : \"Provisioning succeeded\",\r\n              \"time\": \"2024-04-24T04:55:37.2573134+00:00\"\
        \r\n            },\r\n            {\r\n              \"code\": \"EncryptionState/encrypted\"\
        ,\r\n              \"level\": \"Info\",\r\n              \"displayStatus\"\
        : \"Encryption is enabled on disk\"\r\n            }\r\n          ]\r\n  \
        \      }\r\n      ],\r\n      \"extensions\": [\r\n        {\r\n         \
        \ \"name\": \"AzureDiskEncryption\",\r\n          \"type\": \"Microsoft.Azure.Security.AzureDiskEncryption\"\
        ,\r\n          \"typeHandlerVersion\": \"2.4.0.21\",\r\n          \"statuses\"\
        : [\r\n            {\r\n              \"code\": \"ProvisioningState/transitioning\"\
        ,\r\n              \"level\": \"Info\",\r\n              \"displayStatus\"\
        : \"Transitioning\",\r\n              \"message\": \"[2.4.0.21] Preparing\
        \ machine for bitlocker\"\r\n            }\r\n          ]\r\n        }\r\n\
        \      ],\r\n      \"hyperVGeneration\": \"V1\",\r\n      \"statuses\": [\r\
        \n        {\r\n          \"code\": \"ProvisioningState/succeeded\",\r\n  \
        \        \"level\": \"Info\",\r\n          \"displayStatus\": \"Provisioning\
        \ succeeded\",\r\n          \"time\": \"2024-04-24T04:55:37.2873403+00:00\"\
        \r\n        },\r\n        {\r\n          \"code\": \"PowerState/running\"\
        ,\r\n          \"level\": \"Info\",\r\n          \"displayStatus\": \"VM running\"\
        \r\n        }\r\n      ]\r\n    },\r\n    \"timeCreated\": \"2024-04-24T04:49:59.3133005+00:00\"\
        \r\n  },\r\n  \"resources\": [\r\n    {\r\n      \"name\": \"AzureDiskEncryption\"\
        ,\r\n      \"id\": \"/subscriptions/00000000-0000-0000-0000-000000000000/resourceGroups/cli_test_vm_encryption000001/providers/Microsoft.Compute/virtualMachines/vm1/extensions/AzureDiskEncryption\"\
        ,\r\n      \"type\": \"Microsoft.Compute/virtualMachines/extensions\",\r\n\
        \      \"location\": \"westus\",\r\n      \"properties\": {\r\n        \"\
        autoUpgradeMinorVersion\": true,\r\n        \"provisioningState\": \"Succeeded\"\
        ,\r\n        \"publisher\": \"Microsoft.Azure.Security\",\r\n        \"type\"\
        : \"AzureDiskEncryption\",\r\n        \"typeHandlerVersion\": \"2.2\",\r\n\
        \        \"settings\": {\"KeyVaultURL\":\"https://vault000002.vault.azure.net\"\
        ,\"VolumeType\":\"ALL\",\"EncryptionOperation\":\"EnableEncryption\",\"KeyEncryptionKeyURL\"\
        :null,\"KeyEncryptionAlgorithm\":\"RSA-OAEP\",\"SequenceVersion\":\"4468d525-f9b5-43cd-b043-c08caa69b53a\"\
        ,\"KeyVaultResourceId\":\"/subscriptions/00000000-0000-0000-0000-000000000000/resourceGroups/cli_test_vm_encryption000001/providers/Microsoft.KeyVault/vaults/vault000002\"\
        ,\"KekVaultResourceId\":\"\"}\r\n      }\r\n    }\r\n  ]\r\n}"
    headers:
      cache-control:
      - no-cache
      content-length:
      - '5988'
      content-type:
      - application/json; charset=utf-8
      date:
      - Wed, 24 Apr 2024 04:56:09 GMT
      expires:
      - '-1'
      pragma:
      - no-cache
      strict-transport-security:
      - max-age=31536000; includeSubDomains
      x-cache:
      - CONFIG_NOCACHE
      x-content-type-options:
      - nosniff
      x-ms-ratelimit-remaining-resource:
      - Microsoft.Compute/LowCostGetSubscriptionMaximum;23988,Microsoft.Compute/LowCostGetResource;31
      x-msedge-ref:
      - 'Ref A: 685FF05DA1A543B897FB5871781DB9AB Ref B: MAA201060516031 Ref C: 2024-04-24T04:56:09Z'
    status:
      code: 200
      message: ''
- request:
    body: null
    headers:
      Accept:
      - application/json
      Accept-Encoding:
      - gzip, deflate
      CommandName:
      - vm encryption disable
      Connection:
      - keep-alive
      ParameterSetName:
      - -g -n
      User-Agent:
      - AZURECLI/2.59.0 azsdk-python-core/1.30.1 Python/3.10.11 (Windows-10-10.0.22631-SP0)
    method: GET
    uri: https://management.azure.com/subscriptions/00000000-0000-0000-0000-000000000000/resourceGroups/cli_test_vm_encryption000001/providers/Microsoft.Compute/virtualMachines/vm1?api-version=2024-03-01
  response:
    body:
      string: "{\r\n  \"name\": \"vm1\",\r\n  \"id\": \"/subscriptions/00000000-0000-0000-0000-000000000000/resourceGroups/cli_test_vm_encryption000001/providers/Microsoft.Compute/virtualMachines/vm1\"\
        ,\r\n  \"type\": \"Microsoft.Compute/virtualMachines\",\r\n  \"location\"\
        : \"westus\",\r\n  \"tags\": {},\r\n  \"properties\": {\r\n    \"hardwareProfile\"\
        : {\r\n      \"vmSize\": \"Standard_DS1_v2\"\r\n    },\r\n    \"provisioningState\"\
        : \"Succeeded\",\r\n    \"vmId\": \"94564adf-6ae8-493f-83bc-da09d503155b\"\
        ,\r\n    \"storageProfile\": {\r\n      \"imageReference\": {\r\n        \"\
        publisher\": \"MicrosoftWindowsServer\",\r\n        \"offer\": \"WindowsServer\"\
        ,\r\n        \"sku\": \"2012-Datacenter\",\r\n        \"version\": \"latest\"\
        ,\r\n        \"exactVersion\": \"9200.24523.231004\"\r\n      },\r\n     \
        \ \"osDisk\": {\r\n        \"osType\": \"Windows\",\r\n        \"name\": \"\
        vm1_OsDisk_1_1249aeaa720e4a83a59e98c5f78707dc\",\r\n        \"createOption\"\
        : \"FromImage\",\r\n        \"caching\": \"ReadWrite\",\r\n        \"managedDisk\"\
        : {\r\n          \"storageAccountType\": \"Premium_LRS\",\r\n          \"\
        id\": \"/subscriptions/00000000-0000-0000-0000-000000000000/resourceGroups/cli_test_vm_encryption000001/providers/Microsoft.Compute/disks/vm1_OsDisk_1_1249aeaa720e4a83a59e98c5f78707dc\"\
        \r\n        },\r\n        \"deleteOption\": \"Detach\",\r\n        \"diskSizeGB\"\
        : 127\r\n      },\r\n      \"dataDisks\": []\r\n    },\r\n    \"osProfile\"\
        : {\r\n      \"computerName\": \"vm1\",\r\n      \"adminUsername\": \"clitester1\"\
        ,\r\n      \"windowsConfiguration\": {\r\n        \"provisionVMAgent\": true,\r\
        \n        \"enableAutomaticUpdates\": true,\r\n        \"patchSettings\":\
        \ {\r\n          \"patchMode\": \"AutomaticByOS\",\r\n          \"assessmentMode\"\
        : \"ImageDefault\"\r\n        },\r\n        \"enableVMAgentPlatformUpdates\"\
        : false\r\n      },\r\n      \"secrets\": [],\r\n      \"allowExtensionOperations\"\
        : true,\r\n      \"requireGuestProvisionSignal\": true\r\n    },\r\n    \"\
        networkProfile\": {\"networkInterfaces\":[{\"id\":\"/subscriptions/00000000-0000-0000-0000-000000000000/resourceGroups/cli_test_vm_encryption000001/providers/Microsoft.Network/networkInterfaces/vm1VMNic\"\
        }]},\r\n    \"timeCreated\": \"2024-04-24T04:49:59.3133005+00:00\"\r\n  },\r\
        \n  \"resources\": [\r\n    {\r\n      \"name\": \"AzureDiskEncryption\",\r\
        \n      \"id\": \"/subscriptions/00000000-0000-0000-0000-000000000000/resourceGroups/cli_test_vm_encryption000001/providers/Microsoft.Compute/virtualMachines/vm1/extensions/AzureDiskEncryption\"\
        ,\r\n      \"type\": \"Microsoft.Compute/virtualMachines/extensions\",\r\n\
        \      \"location\": \"westus\",\r\n      \"properties\": {\r\n        \"\
        autoUpgradeMinorVersion\": true,\r\n        \"provisioningState\": \"Succeeded\"\
        ,\r\n        \"publisher\": \"Microsoft.Azure.Security\",\r\n        \"type\"\
        : \"AzureDiskEncryption\",\r\n        \"typeHandlerVersion\": \"2.2\",\r\n\
        \        \"settings\": {\"KeyVaultURL\":\"https://vault000002.vault.azure.net\"\
        ,\"VolumeType\":\"ALL\",\"EncryptionOperation\":\"EnableEncryption\",\"KeyEncryptionKeyURL\"\
        :null,\"KeyEncryptionAlgorithm\":\"RSA-OAEP\",\"SequenceVersion\":\"4468d525-f9b5-43cd-b043-c08caa69b53a\"\
        ,\"KeyVaultResourceId\":\"/subscriptions/00000000-0000-0000-0000-000000000000/resourceGroups/cli_test_vm_encryption000001/providers/Microsoft.KeyVault/vaults/vault000002\"\
        ,\"KekVaultResourceId\":\"\"}\r\n      }\r\n    }\r\n  ]\r\n}"
    headers:
      cache-control:
      - no-cache
      content-length:
      - '3083'
      content-type:
      - application/json; charset=utf-8
      date:
      - Wed, 24 Apr 2024 04:56:10 GMT
      expires:
      - '-1'
      pragma:
      - no-cache
      strict-transport-security:
      - max-age=31536000; includeSubDomains
      x-cache:
      - CONFIG_NOCACHE
      x-content-type-options:
      - nosniff
      x-ms-ratelimit-remaining-resource:
      - Microsoft.Compute/LowCostGetSubscriptionMaximum;23987,Microsoft.Compute/LowCostGetResource;30
      x-msedge-ref:
      - 'Ref A: A373FCC5B9254C708116CDB5EB5FAF50 Ref B: MAA201060514027 Ref C: 2024-04-24T04:56:11Z'
    status:
      code: 200
      message: ''
- request:
    body: '{"location": "westus", "properties": {"publisher": "Microsoft.Azure.Security",
      "typeHandlerVersion": "2.2", "autoUpgradeMinorVersion": true, "settings": {"VolumeType":
      "ALL", "EncryptionOperation": "DisableEncryption", "SequenceVersion": "4c79762a-e028-4337-b8f1-04e1b742542a"}}}'
    headers:
      Accept:
      - application/json
      Accept-Encoding:
      - gzip, deflate
      CommandName:
      - vm encryption disable
      Connection:
      - keep-alive
      Content-Length:
      - '279'
      Content-Type:
      - application/json
      ParameterSetName:
      - -g -n
      User-Agent:
      - AZURECLI/2.59.0 azsdk-python-core/1.30.1 Python/3.10.11 (Windows-10-10.0.22631-SP0)
    method: PUT
    uri: https://management.azure.com/subscriptions/00000000-0000-0000-0000-000000000000/resourceGroups/cli_test_vm_encryption000001/providers/Microsoft.Compute/virtualMachines/vm1/extensions/AzureDiskEncryption?api-version=2024-03-01
  response:
    body:
      string: "{\r\n  \"name\": \"AzureDiskEncryption\",\r\n  \"id\": \"/subscriptions/00000000-0000-0000-0000-000000000000/resourceGroups/cli_test_vm_encryption000001/providers/Microsoft.Compute/virtualMachines/vm1/extensions/AzureDiskEncryption\"\
        ,\r\n  \"type\": \"Microsoft.Compute/virtualMachines/extensions\",\r\n  \"\
        location\": \"westus\",\r\n  \"properties\": {\r\n    \"autoUpgradeMinorVersion\"\
        : true,\r\n    \"provisioningState\": \"Updating\",\r\n    \"publisher\":\
        \ \"Microsoft.Azure.Security\",\r\n    \"type\": \"AzureDiskEncryption\",\r\
        \n    \"typeHandlerVersion\": \"2.2\",\r\n    \"settings\": {\"VolumeType\"\
        :\"ALL\",\"EncryptionOperation\":\"DisableEncryption\",\"SequenceVersion\"\
        :\"4c79762a-e028-4337-b8f1-04e1b742542a\"}\r\n  }\r\n}"
    headers:
      azure-asyncnotification:
      - Enabled
      azure-asyncoperation:
      - https://management.azure.com/subscriptions/00000000-0000-0000-0000-000000000000/providers/Microsoft.Compute/locations/westus/operations/02561505-c459-4ef7-8eea-168850abcaf7?p=571046f6-b640-41c1-86f7-f9f044b5adf9&api-version=2024-03-01&t=638495313730889593&c=MIIHADCCBeigAwIBAgITfARk1TE_ZglsTRafPwAABGTVMTANBgkqhkiG9w0BAQsFADBEMRMwEQYKCZImiZPyLGQBGRYDR0JMMRMwEQYKCZImiZPyLGQBGRYDQU1FMRgwFgYDVQQDEw9BTUUgSW5mcmEgQ0EgMDUwHhcNMjQwMTMwMTUwODE5WhcNMjUwMTI0MTUwODE5WjBAMT4wPAYDVQQDEzVhc3luY29wZXJhdGlvbnNpZ25pbmdjZXJ0aWZpY2F0ZS5tYW5hZ2VtZW50LmF6dXJlLmNvbTCCASIwDQYJKoZIhvcNAQEBBQADggEPADCCAQoCggEBAK902W8oGHqHsYxfQcAXt6Ljumrh6DLgGihvCAJqh_U0j8R4Jupt1lXUnhMY-cA7JAT9q7SEoTZskdrko1uzzlaykxYQUacRB8irTYwbgK6DCIqWuOd2G-W2g3eWAyxRb-Dffjnsz-vBsjd1fyP0MvIXDSDMzp2oK65BSxTbBiStV3YxtKZ3eONvKga4d77iEw0zAZHIFkt0PSHzHO7kk-b_trhadwDxPYnjrQOGmouEj7HuNoC8H7-vKZvgbeplfrHtJO9vq0TOUUqIGlT236cbPe62XQNJRim_aa3chEFUmacjUnjEZtgJjup_tDQ0iV_Oe0ZqRBBGzpjoK23Wch0CAwEAAaOCA-0wggPpMCcGCSsGAQQBgjcVCgQaMBgwCgYIKwYBBQUHAwEwCgYIKwYBBQUHAwIwPQYJKwYBBAGCNxUHBDAwLgYmKwYBBAGCNxUIhpDjDYTVtHiE8Ys-hZvdFs6dEoFggvX2K4Py0SACAWQCAQowggHLBggrBgEFBQcBAQSCAb0wggG5MGMGCCsGAQUFBzAChldodHRwOi8vY3JsLm1pY3Jvc29mdC5jb20vcGtpaW5mcmEvQ2VydHMvQ08xUEtJSU5UQ0EwMS5BTUUuR0JMX0FNRSUyMEluZnJhJTIwQ0ElMjAwNS5jcnQwUwYIKwYBBQUHMAKGR2h0dHA6Ly9jcmwxLmFtZS5nYmwvYWlhL0NPMVBLSUlOVENBMDEuQU1FLkdCTF9BTUUlMjBJbmZyYSUyMENBJTIwMDUuY3J0MFMGCCsGAQUFBzAChkdodHRwOi8vY3JsMi5hbWUuZ2JsL2FpYS9DTzFQS0lJTlRDQTAxLkFNRS5HQkxfQU1FJTIwSW5mcmElMjBDQSUyMDA1LmNydDBTBggrBgEFBQcwAoZHaHR0cDovL2NybDMuYW1lLmdibC9haWEvQ08xUEtJSU5UQ0EwMS5BTUUuR0JMX0FNRSUyMEluZnJhJTIwQ0ElMjAwNS5jcnQwUwYIKwYBBQUHMAKGR2h0dHA6Ly9jcmw0LmFtZS5nYmwvYWlhL0NPMVBLSUlOVENBMDEuQU1FLkdCTF9BTUUlMjBJbmZyYSUyMENBJTIwMDUuY3J0MB0GA1UdDgQWBBSnxeoeDA6bR-Af5MXqnvahGPcbyTAOBgNVHQ8BAf8EBAMCBaAwggEmBgNVHR8EggEdMIIBGTCCARWgggERoIIBDYY_aHR0cDovL2NybC5taWNyb3NvZnQuY29tL3BraWluZnJhL0NSTC9BTUUlMjBJbmZyYSUyMENBJTIwMDUuY3JshjFodHRwOi8vY3JsMS5hbWUuZ2JsL2NybC9BTUUlMjBJbmZyYSUyMENBJTIwMDUuY3JshjFodHRwOi8vY3JsMi5hbWUuZ2JsL2NybC9BTUUlMjBJbmZyYSUyMENBJTIwMDUuY3JshjFodHRwOi8vY3JsMy5hbWUuZ2JsL2NybC9BTUUlMjBJbmZyYSUyMENBJTIwMDUuY3JshjFodHRwOi8vY3JsNC5hbWUuZ2JsL2NybC9BTUUlMjBJbmZyYSUyMENBJTIwMDUuY3JsMBcGA1UdIAQQMA4wDAYKKwYBBAGCN3sBATAfBgNVHSMEGDAWgBR61hmFKHlscXYeYPjzS--iBUIWHTAdBgNVHSUEFjAUBggrBgEFBQcDAQYIKwYBBQUHAwIwDQYJKoZIhvcNAQELBQADggEBAGj6QqaLOPa3RZUHMPeeSymifn86nh52yaIojZbdHUiE_o0iWzV-2ZRZOxE2IgkOrAeMYXIUhMoqV7XxTwfpi6zGwrzIeuTWMbNjgzbIZGIMJCbUyNbvEkGqxvBpcwzATT8KQYU2-J2iL5slKYZIACN6THLJn5BI6dAecS1X4PJ5vNAgI8qlsYmnafZSCIrWLUQQUsZeLUaxy3t-hozvyfVe-B-nktPdgNv3-iCsI0AtlvezwfFcJXQHQeNByXg5oxXPIe02On7O1u8swvMta16Va5_kDzD80TS3LYzVk2nzUVxEqPaGhpA-vs_ttjm7hDhYk80OIsQ_YZd286sA58Q&s=amacnbmpyr52w6iXmInUsX_0vnvaRmHP0l8bTTBP4YmKGFTw9IzFYwWG36l70BQXjIdGI3fZ6XwaeJnmad0CdjyUoLQ3Xl8vBX_q8VuS9w6oIwInURTImSxcrg5G2df3NF6O3gm39TFkUb4wJg_wh1VX_tLj4xWR9_UxGLH1yefqiHDR2AoCAR6TWI6g0CBbvR-KvPTTg5V2P-fzfupXxqbnxKCy6JzVrbOjURcah-vnSDLIz3PVyTB56LbtjqoLZxCXUjZ9Rljo4FPSX99CrWqmIL8YfhzINboVugbgn4_Br4K8IpM3Bz-mKGIQqy1yFWBYVfOu7yJAk_zh_dq2dA&h=zPhQuL0KMzUNtu8CFbHGGsJIAUH1NeXcCIQ0qcji5hI
      cache-control:
      - no-cache
      content-length:
      - '662'
      content-type:
      - application/json; charset=utf-8
      date:
      - Wed, 24 Apr 2024 04:56:12 GMT
      expires:
      - '-1'
      pragma:
      - no-cache
      strict-transport-security:
      - max-age=31536000; includeSubDomains
      x-cache:
      - CONFIG_NOCACHE
      x-content-type-options:
      - nosniff
      x-ms-ratelimit-remaining-resource:
      - Microsoft.Compute/UpdateVMSubscriptionMaximum;1499,Microsoft.Compute/UpdateVMResource;11
      x-ms-ratelimit-remaining-subscription-writes:
      - '1195'
      x-msedge-ref:
      - 'Ref A: 5632CC4BDF214E19A43085D64E928889 Ref B: MAA201060514025 Ref C: 2024-04-24T04:56:12Z'
    status:
      code: 200
      message: ''
- request:
    body: null
    headers:
      Accept:
      - '*/*'
      Accept-Encoding:
      - gzip, deflate
      CommandName:
      - vm encryption disable
      Connection:
      - keep-alive
      ParameterSetName:
      - -g -n
      User-Agent:
      - AZURECLI/2.59.0 azsdk-python-core/1.30.1 Python/3.10.11 (Windows-10-10.0.22631-SP0)
    method: GET
    uri: https://management.azure.com/subscriptions/00000000-0000-0000-0000-000000000000/providers/Microsoft.Compute/locations/westus/operations/02561505-c459-4ef7-8eea-168850abcaf7?p=571046f6-b640-41c1-86f7-f9f044b5adf9&api-version=2024-03-01&t=638495313730889593&c=MIIHADCCBeigAwIBAgITfARk1TE_ZglsTRafPwAABGTVMTANBgkqhkiG9w0BAQsFADBEMRMwEQYKCZImiZPyLGQBGRYDR0JMMRMwEQYKCZImiZPyLGQBGRYDQU1FMRgwFgYDVQQDEw9BTUUgSW5mcmEgQ0EgMDUwHhcNMjQwMTMwMTUwODE5WhcNMjUwMTI0MTUwODE5WjBAMT4wPAYDVQQDEzVhc3luY29wZXJhdGlvbnNpZ25pbmdjZXJ0aWZpY2F0ZS5tYW5hZ2VtZW50LmF6dXJlLmNvbTCCASIwDQYJKoZIhvcNAQEBBQADggEPADCCAQoCggEBAK902W8oGHqHsYxfQcAXt6Ljumrh6DLgGihvCAJqh_U0j8R4Jupt1lXUnhMY-cA7JAT9q7SEoTZskdrko1uzzlaykxYQUacRB8irTYwbgK6DCIqWuOd2G-W2g3eWAyxRb-Dffjnsz-vBsjd1fyP0MvIXDSDMzp2oK65BSxTbBiStV3YxtKZ3eONvKga4d77iEw0zAZHIFkt0PSHzHO7kk-b_trhadwDxPYnjrQOGmouEj7HuNoC8H7-vKZvgbeplfrHtJO9vq0TOUUqIGlT236cbPe62XQNJRim_aa3chEFUmacjUnjEZtgJjup_tDQ0iV_Oe0ZqRBBGzpjoK23Wch0CAwEAAaOCA-0wggPpMCcGCSsGAQQBgjcVCgQaMBgwCgYIKwYBBQUHAwEwCgYIKwYBBQUHAwIwPQYJKwYBBAGCNxUHBDAwLgYmKwYBBAGCNxUIhpDjDYTVtHiE8Ys-hZvdFs6dEoFggvX2K4Py0SACAWQCAQowggHLBggrBgEFBQcBAQSCAb0wggG5MGMGCCsGAQUFBzAChldodHRwOi8vY3JsLm1pY3Jvc29mdC5jb20vcGtpaW5mcmEvQ2VydHMvQ08xUEtJSU5UQ0EwMS5BTUUuR0JMX0FNRSUyMEluZnJhJTIwQ0ElMjAwNS5jcnQwUwYIKwYBBQUHMAKGR2h0dHA6Ly9jcmwxLmFtZS5nYmwvYWlhL0NPMVBLSUlOVENBMDEuQU1FLkdCTF9BTUUlMjBJbmZyYSUyMENBJTIwMDUuY3J0MFMGCCsGAQUFBzAChkdodHRwOi8vY3JsMi5hbWUuZ2JsL2FpYS9DTzFQS0lJTlRDQTAxLkFNRS5HQkxfQU1FJTIwSW5mcmElMjBDQSUyMDA1LmNydDBTBggrBgEFBQcwAoZHaHR0cDovL2NybDMuYW1lLmdibC9haWEvQ08xUEtJSU5UQ0EwMS5BTUUuR0JMX0FNRSUyMEluZnJhJTIwQ0ElMjAwNS5jcnQwUwYIKwYBBQUHMAKGR2h0dHA6Ly9jcmw0LmFtZS5nYmwvYWlhL0NPMVBLSUlOVENBMDEuQU1FLkdCTF9BTUUlMjBJbmZyYSUyMENBJTIwMDUuY3J0MB0GA1UdDgQWBBSnxeoeDA6bR-Af5MXqnvahGPcbyTAOBgNVHQ8BAf8EBAMCBaAwggEmBgNVHR8EggEdMIIBGTCCARWgggERoIIBDYY_aHR0cDovL2NybC5taWNyb3NvZnQuY29tL3BraWluZnJhL0NSTC9BTUUlMjBJbmZyYSUyMENBJTIwMDUuY3JshjFodHRwOi8vY3JsMS5hbWUuZ2JsL2NybC9BTUUlMjBJbmZyYSUyMENBJTIwMDUuY3JshjFodHRwOi8vY3JsMi5hbWUuZ2JsL2NybC9BTUUlMjBJbmZyYSUyMENBJTIwMDUuY3JshjFodHRwOi8vY3JsMy5hbWUuZ2JsL2NybC9BTUUlMjBJbmZyYSUyMENBJTIwMDUuY3JshjFodHRwOi8vY3JsNC5hbWUuZ2JsL2NybC9BTUUlMjBJbmZyYSUyMENBJTIwMDUuY3JsMBcGA1UdIAQQMA4wDAYKKwYBBAGCN3sBATAfBgNVHSMEGDAWgBR61hmFKHlscXYeYPjzS--iBUIWHTAdBgNVHSUEFjAUBggrBgEFBQcDAQYIKwYBBQUHAwIwDQYJKoZIhvcNAQELBQADggEBAGj6QqaLOPa3RZUHMPeeSymifn86nh52yaIojZbdHUiE_o0iWzV-2ZRZOxE2IgkOrAeMYXIUhMoqV7XxTwfpi6zGwrzIeuTWMbNjgzbIZGIMJCbUyNbvEkGqxvBpcwzATT8KQYU2-J2iL5slKYZIACN6THLJn5BI6dAecS1X4PJ5vNAgI8qlsYmnafZSCIrWLUQQUsZeLUaxy3t-hozvyfVe-B-nktPdgNv3-iCsI0AtlvezwfFcJXQHQeNByXg5oxXPIe02On7O1u8swvMta16Va5_kDzD80TS3LYzVk2nzUVxEqPaGhpA-vs_ttjm7hDhYk80OIsQ_YZd286sA58Q&s=amacnbmpyr52w6iXmInUsX_0vnvaRmHP0l8bTTBP4YmKGFTw9IzFYwWG36l70BQXjIdGI3fZ6XwaeJnmad0CdjyUoLQ3Xl8vBX_q8VuS9w6oIwInURTImSxcrg5G2df3NF6O3gm39TFkUb4wJg_wh1VX_tLj4xWR9_UxGLH1yefqiHDR2AoCAR6TWI6g0CBbvR-KvPTTg5V2P-fzfupXxqbnxKCy6JzVrbOjURcah-vnSDLIz3PVyTB56LbtjqoLZxCXUjZ9Rljo4FPSX99CrWqmIL8YfhzINboVugbgn4_Br4K8IpM3Bz-mKGIQqy1yFWBYVfOu7yJAk_zh_dq2dA&h=zPhQuL0KMzUNtu8CFbHGGsJIAUH1NeXcCIQ0qcji5hI
  response:
    body:
      string: "{\r\n  \"startTime\": \"2024-04-24T04:56:12.9285602+00:00\",\r\n  \"\
        status\": \"InProgress\",\r\n  \"name\": \"02561505-c459-4ef7-8eea-168850abcaf7\"\
        \r\n}"
    headers:
      cache-control:
      - no-cache
      content-length:
      - '134'
      content-type:
      - application/json; charset=utf-8
      date:
      - Wed, 24 Apr 2024 04:56:13 GMT
      expires:
      - '-1'
      pragma:
      - no-cache
      strict-transport-security:
      - max-age=31536000; includeSubDomains
      x-cache:
      - CONFIG_NOCACHE
      x-content-type-options:
      - nosniff
      x-ms-ratelimit-remaining-resource:
      - Microsoft.Compute/GetOperationResource;44,Microsoft.Compute/GetOperationSubscriptionMaximum;14994
      x-msedge-ref:
      - 'Ref A: 422E046A10934A3DA10B9BAFAFF7DBED Ref B: MAA201060515035 Ref C: 2024-04-24T04:56:13Z'
    status:
      code: 200
      message: ''
- request:
    body: null
    headers:
      Accept:
      - '*/*'
      Accept-Encoding:
      - gzip, deflate
      CommandName:
      - vm encryption disable
      Connection:
      - keep-alive
      ParameterSetName:
      - -g -n
      User-Agent:
      - AZURECLI/2.59.0 azsdk-python-core/1.30.1 Python/3.10.11 (Windows-10-10.0.22631-SP0)
    method: GET
    uri: https://management.azure.com/subscriptions/00000000-0000-0000-0000-000000000000/providers/Microsoft.Compute/locations/westus/operations/02561505-c459-4ef7-8eea-168850abcaf7?p=571046f6-b640-41c1-86f7-f9f044b5adf9&api-version=2024-03-01&t=638495313730889593&c=MIIHADCCBeigAwIBAgITfARk1TE_ZglsTRafPwAABGTVMTANBgkqhkiG9w0BAQsFADBEMRMwEQYKCZImiZPyLGQBGRYDR0JMMRMwEQYKCZImiZPyLGQBGRYDQU1FMRgwFgYDVQQDEw9BTUUgSW5mcmEgQ0EgMDUwHhcNMjQwMTMwMTUwODE5WhcNMjUwMTI0MTUwODE5WjBAMT4wPAYDVQQDEzVhc3luY29wZXJhdGlvbnNpZ25pbmdjZXJ0aWZpY2F0ZS5tYW5hZ2VtZW50LmF6dXJlLmNvbTCCASIwDQYJKoZIhvcNAQEBBQADggEPADCCAQoCggEBAK902W8oGHqHsYxfQcAXt6Ljumrh6DLgGihvCAJqh_U0j8R4Jupt1lXUnhMY-cA7JAT9q7SEoTZskdrko1uzzlaykxYQUacRB8irTYwbgK6DCIqWuOd2G-W2g3eWAyxRb-Dffjnsz-vBsjd1fyP0MvIXDSDMzp2oK65BSxTbBiStV3YxtKZ3eONvKga4d77iEw0zAZHIFkt0PSHzHO7kk-b_trhadwDxPYnjrQOGmouEj7HuNoC8H7-vKZvgbeplfrHtJO9vq0TOUUqIGlT236cbPe62XQNJRim_aa3chEFUmacjUnjEZtgJjup_tDQ0iV_Oe0ZqRBBGzpjoK23Wch0CAwEAAaOCA-0wggPpMCcGCSsGAQQBgjcVCgQaMBgwCgYIKwYBBQUHAwEwCgYIKwYBBQUHAwIwPQYJKwYBBAGCNxUHBDAwLgYmKwYBBAGCNxUIhpDjDYTVtHiE8Ys-hZvdFs6dEoFggvX2K4Py0SACAWQCAQowggHLBggrBgEFBQcBAQSCAb0wggG5MGMGCCsGAQUFBzAChldodHRwOi8vY3JsLm1pY3Jvc29mdC5jb20vcGtpaW5mcmEvQ2VydHMvQ08xUEtJSU5UQ0EwMS5BTUUuR0JMX0FNRSUyMEluZnJhJTIwQ0ElMjAwNS5jcnQwUwYIKwYBBQUHMAKGR2h0dHA6Ly9jcmwxLmFtZS5nYmwvYWlhL0NPMVBLSUlOVENBMDEuQU1FLkdCTF9BTUUlMjBJbmZyYSUyMENBJTIwMDUuY3J0MFMGCCsGAQUFBzAChkdodHRwOi8vY3JsMi5hbWUuZ2JsL2FpYS9DTzFQS0lJTlRDQTAxLkFNRS5HQkxfQU1FJTIwSW5mcmElMjBDQSUyMDA1LmNydDBTBggrBgEFBQcwAoZHaHR0cDovL2NybDMuYW1lLmdibC9haWEvQ08xUEtJSU5UQ0EwMS5BTUUuR0JMX0FNRSUyMEluZnJhJTIwQ0ElMjAwNS5jcnQwUwYIKwYBBQUHMAKGR2h0dHA6Ly9jcmw0LmFtZS5nYmwvYWlhL0NPMVBLSUlOVENBMDEuQU1FLkdCTF9BTUUlMjBJbmZyYSUyMENBJTIwMDUuY3J0MB0GA1UdDgQWBBSnxeoeDA6bR-Af5MXqnvahGPcbyTAOBgNVHQ8BAf8EBAMCBaAwggEmBgNVHR8EggEdMIIBGTCCARWgggERoIIBDYY_aHR0cDovL2NybC5taWNyb3NvZnQuY29tL3BraWluZnJhL0NSTC9BTUUlMjBJbmZyYSUyMENBJTIwMDUuY3JshjFodHRwOi8vY3JsMS5hbWUuZ2JsL2NybC9BTUUlMjBJbmZyYSUyMENBJTIwMDUuY3JshjFodHRwOi8vY3JsMi5hbWUuZ2JsL2NybC9BTUUlMjBJbmZyYSUyMENBJTIwMDUuY3JshjFodHRwOi8vY3JsMy5hbWUuZ2JsL2NybC9BTUUlMjBJbmZyYSUyMENBJTIwMDUuY3JshjFodHRwOi8vY3JsNC5hbWUuZ2JsL2NybC9BTUUlMjBJbmZyYSUyMENBJTIwMDUuY3JsMBcGA1UdIAQQMA4wDAYKKwYBBAGCN3sBATAfBgNVHSMEGDAWgBR61hmFKHlscXYeYPjzS--iBUIWHTAdBgNVHSUEFjAUBggrBgEFBQcDAQYIKwYBBQUHAwIwDQYJKoZIhvcNAQELBQADggEBAGj6QqaLOPa3RZUHMPeeSymifn86nh52yaIojZbdHUiE_o0iWzV-2ZRZOxE2IgkOrAeMYXIUhMoqV7XxTwfpi6zGwrzIeuTWMbNjgzbIZGIMJCbUyNbvEkGqxvBpcwzATT8KQYU2-J2iL5slKYZIACN6THLJn5BI6dAecS1X4PJ5vNAgI8qlsYmnafZSCIrWLUQQUsZeLUaxy3t-hozvyfVe-B-nktPdgNv3-iCsI0AtlvezwfFcJXQHQeNByXg5oxXPIe02On7O1u8swvMta16Va5_kDzD80TS3LYzVk2nzUVxEqPaGhpA-vs_ttjm7hDhYk80OIsQ_YZd286sA58Q&s=amacnbmpyr52w6iXmInUsX_0vnvaRmHP0l8bTTBP4YmKGFTw9IzFYwWG36l70BQXjIdGI3fZ6XwaeJnmad0CdjyUoLQ3Xl8vBX_q8VuS9w6oIwInURTImSxcrg5G2df3NF6O3gm39TFkUb4wJg_wh1VX_tLj4xWR9_UxGLH1yefqiHDR2AoCAR6TWI6g0CBbvR-KvPTTg5V2P-fzfupXxqbnxKCy6JzVrbOjURcah-vnSDLIz3PVyTB56LbtjqoLZxCXUjZ9Rljo4FPSX99CrWqmIL8YfhzINboVugbgn4_Br4K8IpM3Bz-mKGIQqy1yFWBYVfOu7yJAk_zh_dq2dA&h=zPhQuL0KMzUNtu8CFbHGGsJIAUH1NeXcCIQ0qcji5hI
  response:
    body:
      string: "{\r\n  \"startTime\": \"2024-04-24T04:56:12.9285602+00:00\",\r\n  \"\
        status\": \"InProgress\",\r\n  \"name\": \"02561505-c459-4ef7-8eea-168850abcaf7\"\
        \r\n}"
    headers:
      cache-control:
      - no-cache
      content-length:
      - '134'
      content-type:
      - application/json; charset=utf-8
      date:
      - Wed, 24 Apr 2024 04:56:45 GMT
      expires:
      - '-1'
      pragma:
      - no-cache
      strict-transport-security:
      - max-age=31536000; includeSubDomains
      x-cache:
      - CONFIG_NOCACHE
      x-content-type-options:
      - nosniff
      x-ms-ratelimit-remaining-resource:
      - Microsoft.Compute/GetOperationResource;43,Microsoft.Compute/GetOperationSubscriptionMaximum;14997
      x-msedge-ref:
      - 'Ref A: AA0368220EFD4FF7B1D02432697260E9 Ref B: MAA201060516035 Ref C: 2024-04-24T04:56:44Z'
    status:
      code: 200
      message: ''
- request:
    body: null
    headers:
      Accept:
      - '*/*'
      Accept-Encoding:
      - gzip, deflate
      CommandName:
      - vm encryption disable
      Connection:
      - keep-alive
      ParameterSetName:
      - -g -n
      User-Agent:
      - AZURECLI/2.59.0 azsdk-python-core/1.30.1 Python/3.10.11 (Windows-10-10.0.22631-SP0)
    method: GET
    uri: https://management.azure.com/subscriptions/00000000-0000-0000-0000-000000000000/providers/Microsoft.Compute/locations/westus/operations/02561505-c459-4ef7-8eea-168850abcaf7?p=571046f6-b640-41c1-86f7-f9f044b5adf9&api-version=2024-03-01&t=638495313730889593&c=MIIHADCCBeigAwIBAgITfARk1TE_ZglsTRafPwAABGTVMTANBgkqhkiG9w0BAQsFADBEMRMwEQYKCZImiZPyLGQBGRYDR0JMMRMwEQYKCZImiZPyLGQBGRYDQU1FMRgwFgYDVQQDEw9BTUUgSW5mcmEgQ0EgMDUwHhcNMjQwMTMwMTUwODE5WhcNMjUwMTI0MTUwODE5WjBAMT4wPAYDVQQDEzVhc3luY29wZXJhdGlvbnNpZ25pbmdjZXJ0aWZpY2F0ZS5tYW5hZ2VtZW50LmF6dXJlLmNvbTCCASIwDQYJKoZIhvcNAQEBBQADggEPADCCAQoCggEBAK902W8oGHqHsYxfQcAXt6Ljumrh6DLgGihvCAJqh_U0j8R4Jupt1lXUnhMY-cA7JAT9q7SEoTZskdrko1uzzlaykxYQUacRB8irTYwbgK6DCIqWuOd2G-W2g3eWAyxRb-Dffjnsz-vBsjd1fyP0MvIXDSDMzp2oK65BSxTbBiStV3YxtKZ3eONvKga4d77iEw0zAZHIFkt0PSHzHO7kk-b_trhadwDxPYnjrQOGmouEj7HuNoC8H7-vKZvgbeplfrHtJO9vq0TOUUqIGlT236cbPe62XQNJRim_aa3chEFUmacjUnjEZtgJjup_tDQ0iV_Oe0ZqRBBGzpjoK23Wch0CAwEAAaOCA-0wggPpMCcGCSsGAQQBgjcVCgQaMBgwCgYIKwYBBQUHAwEwCgYIKwYBBQUHAwIwPQYJKwYBBAGCNxUHBDAwLgYmKwYBBAGCNxUIhpDjDYTVtHiE8Ys-hZvdFs6dEoFggvX2K4Py0SACAWQCAQowggHLBggrBgEFBQcBAQSCAb0wggG5MGMGCCsGAQUFBzAChldodHRwOi8vY3JsLm1pY3Jvc29mdC5jb20vcGtpaW5mcmEvQ2VydHMvQ08xUEtJSU5UQ0EwMS5BTUUuR0JMX0FNRSUyMEluZnJhJTIwQ0ElMjAwNS5jcnQwUwYIKwYBBQUHMAKGR2h0dHA6Ly9jcmwxLmFtZS5nYmwvYWlhL0NPMVBLSUlOVENBMDEuQU1FLkdCTF9BTUUlMjBJbmZyYSUyMENBJTIwMDUuY3J0MFMGCCsGAQUFBzAChkdodHRwOi8vY3JsMi5hbWUuZ2JsL2FpYS9DTzFQS0lJTlRDQTAxLkFNRS5HQkxfQU1FJTIwSW5mcmElMjBDQSUyMDA1LmNydDBTBggrBgEFBQcwAoZHaHR0cDovL2NybDMuYW1lLmdibC9haWEvQ08xUEtJSU5UQ0EwMS5BTUUuR0JMX0FNRSUyMEluZnJhJTIwQ0ElMjAwNS5jcnQwUwYIKwYBBQUHMAKGR2h0dHA6Ly9jcmw0LmFtZS5nYmwvYWlhL0NPMVBLSUlOVENBMDEuQU1FLkdCTF9BTUUlMjBJbmZyYSUyMENBJTIwMDUuY3J0MB0GA1UdDgQWBBSnxeoeDA6bR-Af5MXqnvahGPcbyTAOBgNVHQ8BAf8EBAMCBaAwggEmBgNVHR8EggEdMIIBGTCCARWgggERoIIBDYY_aHR0cDovL2NybC5taWNyb3NvZnQuY29tL3BraWluZnJhL0NSTC9BTUUlMjBJbmZyYSUyMENBJTIwMDUuY3JshjFodHRwOi8vY3JsMS5hbWUuZ2JsL2NybC9BTUUlMjBJbmZyYSUyMENBJTIwMDUuY3JshjFodHRwOi8vY3JsMi5hbWUuZ2JsL2NybC9BTUUlMjBJbmZyYSUyMENBJTIwMDUuY3JshjFodHRwOi8vY3JsMy5hbWUuZ2JsL2NybC9BTUUlMjBJbmZyYSUyMENBJTIwMDUuY3JshjFodHRwOi8vY3JsNC5hbWUuZ2JsL2NybC9BTUUlMjBJbmZyYSUyMENBJTIwMDUuY3JsMBcGA1UdIAQQMA4wDAYKKwYBBAGCN3sBATAfBgNVHSMEGDAWgBR61hmFKHlscXYeYPjzS--iBUIWHTAdBgNVHSUEFjAUBggrBgEFBQcDAQYIKwYBBQUHAwIwDQYJKoZIhvcNAQELBQADggEBAGj6QqaLOPa3RZUHMPeeSymifn86nh52yaIojZbdHUiE_o0iWzV-2ZRZOxE2IgkOrAeMYXIUhMoqV7XxTwfpi6zGwrzIeuTWMbNjgzbIZGIMJCbUyNbvEkGqxvBpcwzATT8KQYU2-J2iL5slKYZIACN6THLJn5BI6dAecS1X4PJ5vNAgI8qlsYmnafZSCIrWLUQQUsZeLUaxy3t-hozvyfVe-B-nktPdgNv3-iCsI0AtlvezwfFcJXQHQeNByXg5oxXPIe02On7O1u8swvMta16Va5_kDzD80TS3LYzVk2nzUVxEqPaGhpA-vs_ttjm7hDhYk80OIsQ_YZd286sA58Q&s=amacnbmpyr52w6iXmInUsX_0vnvaRmHP0l8bTTBP4YmKGFTw9IzFYwWG36l70BQXjIdGI3fZ6XwaeJnmad0CdjyUoLQ3Xl8vBX_q8VuS9w6oIwInURTImSxcrg5G2df3NF6O3gm39TFkUb4wJg_wh1VX_tLj4xWR9_UxGLH1yefqiHDR2AoCAR6TWI6g0CBbvR-KvPTTg5V2P-fzfupXxqbnxKCy6JzVrbOjURcah-vnSDLIz3PVyTB56LbtjqoLZxCXUjZ9Rljo4FPSX99CrWqmIL8YfhzINboVugbgn4_Br4K8IpM3Bz-mKGIQqy1yFWBYVfOu7yJAk_zh_dq2dA&h=zPhQuL0KMzUNtu8CFbHGGsJIAUH1NeXcCIQ0qcji5hI
  response:
    body:
      string: "{\r\n  \"startTime\": \"2024-04-24T04:56:12.9285602+00:00\",\r\n  \"\
        endTime\": \"2024-04-24T04:56:48.2884803+00:00\",\r\n  \"status\": \"Succeeded\"\
        ,\r\n  \"name\": \"02561505-c459-4ef7-8eea-168850abcaf7\"\r\n}"
    headers:
      cache-control:
      - no-cache
      content-length:
      - '184'
      content-type:
      - application/json; charset=utf-8
      date:
      - Wed, 24 Apr 2024 04:57:16 GMT
      expires:
      - '-1'
      pragma:
      - no-cache
      strict-transport-security:
      - max-age=31536000; includeSubDomains
      x-cache:
      - CONFIG_NOCACHE
      x-content-type-options:
      - nosniff
      x-ms-ratelimit-remaining-resource:
      - Microsoft.Compute/GetOperationResource;44,Microsoft.Compute/GetOperationSubscriptionMaximum;14985
      x-msedge-ref:
      - 'Ref A: 543F1C8D209744A5AE3E45C6098FDEDC Ref B: MAA201060513037 Ref C: 2024-04-24T04:57:16Z'
    status:
      code: 200
      message: ''
- request:
    body: null
    headers:
      Accept:
      - '*/*'
      Accept-Encoding:
      - gzip, deflate
      CommandName:
      - vm encryption disable
      Connection:
      - keep-alive
      ParameterSetName:
      - -g -n
      User-Agent:
      - AZURECLI/2.59.0 azsdk-python-core/1.30.1 Python/3.10.11 (Windows-10-10.0.22631-SP0)
    method: GET
    uri: https://management.azure.com/subscriptions/00000000-0000-0000-0000-000000000000/resourceGroups/cli_test_vm_encryption000001/providers/Microsoft.Compute/virtualMachines/vm1/extensions/AzureDiskEncryption?api-version=2024-03-01
  response:
    body:
      string: "{\r\n  \"name\": \"AzureDiskEncryption\",\r\n  \"id\": \"/subscriptions/00000000-0000-0000-0000-000000000000/resourceGroups/cli_test_vm_encryption000001/providers/Microsoft.Compute/virtualMachines/vm1/extensions/AzureDiskEncryption\"\
        ,\r\n  \"type\": \"Microsoft.Compute/virtualMachines/extensions\",\r\n  \"\
        location\": \"westus\",\r\n  \"properties\": {\r\n    \"autoUpgradeMinorVersion\"\
        : true,\r\n    \"provisioningState\": \"Succeeded\",\r\n    \"publisher\"\
        : \"Microsoft.Azure.Security\",\r\n    \"type\": \"AzureDiskEncryption\",\r\
        \n    \"typeHandlerVersion\": \"2.2\",\r\n    \"settings\": {\"VolumeType\"\
        :\"ALL\",\"EncryptionOperation\":\"DisableEncryption\",\"SequenceVersion\"\
        :\"4c79762a-e028-4337-b8f1-04e1b742542a\"}\r\n  }\r\n}"
    headers:
      cache-control:
      - no-cache
      content-length:
      - '663'
      content-type:
      - application/json; charset=utf-8
      date:
      - Wed, 24 Apr 2024 04:57:17 GMT
      expires:
      - '-1'
      pragma:
      - no-cache
      strict-transport-security:
      - max-age=31536000; includeSubDomains
      x-cache:
      - CONFIG_NOCACHE
      x-content-type-options:
      - nosniff
      x-ms-ratelimit-remaining-resource:
      - Microsoft.Compute/LowCostGetSubscriptionMaximum;23990,Microsoft.Compute/LowCostGetResource;35
      x-msedge-ref:
      - 'Ref A: 878A7EB7A2B641C58F087CEFE923ABF7 Ref B: MAA201060516039 Ref C: 2024-04-24T04:57:17Z'
    status:
      code: 200
      message: ''
- request:
    body: null
    headers:
      Accept:
      - application/json
      Accept-Encoding:
      - gzip, deflate
      CommandName:
      - vm encryption disable
      Connection:
      - keep-alive
      ParameterSetName:
      - -g -n
      User-Agent:
      - AZURECLI/2.59.0 azsdk-python-core/1.30.1 Python/3.10.11 (Windows-10-10.0.22631-SP0)
    method: GET
    uri: https://management.azure.com/subscriptions/00000000-0000-0000-0000-000000000000/resourceGroups/cli_test_vm_encryption000001/providers/Microsoft.Compute/virtualMachines/vm1/extensions/AzureDiskEncryption?$expand=instanceView&api-version=2024-03-01
  response:
    body:
      string: "{\r\n  \"name\": \"AzureDiskEncryption\",\r\n  \"id\": \"/subscriptions/00000000-0000-0000-0000-000000000000/resourceGroups/cli_test_vm_encryption000001/providers/Microsoft.Compute/virtualMachines/vm1/extensions/AzureDiskEncryption\"\
        ,\r\n  \"type\": \"Microsoft.Compute/virtualMachines/extensions\",\r\n  \"\
        location\": \"westus\",\r\n  \"properties\": {\r\n    \"autoUpgradeMinorVersion\"\
        : true,\r\n    \"provisioningState\": \"Succeeded\",\r\n    \"instanceView\"\
        : {\r\n      \"name\": \"AzureDiskEncryption\",\r\n      \"type\": \"Microsoft.Azure.Security.AzureDiskEncryption\"\
        ,\r\n      \"typeHandlerVersion\": \"2.4.0.21\",\r\n      \"statuses\": [\r\
        \n        {\r\n          \"code\": \"ProvisioningState/succeeded\",\r\n  \
        \        \"level\": \"Info\",\r\n          \"displayStatus\": \"Provisioning\
        \ succeeded\",\r\n          \"message\": \"[2.4.0.21] Disable Encryption completed\
        \ successfully\"\r\n        }\r\n      ]\r\n    },\r\n    \"publisher\": \"\
        Microsoft.Azure.Security\",\r\n    \"type\": \"AzureDiskEncryption\",\r\n\
        \    \"typeHandlerVersion\": \"2.2\",\r\n    \"settings\": {\"VolumeType\"\
        :\"ALL\",\"EncryptionOperation\":\"DisableEncryption\",\"SequenceVersion\"\
        :\"4c79762a-e028-4337-b8f1-04e1b742542a\"}\r\n  }\r\n}"
    headers:
      cache-control:
      - no-cache
      content-length:
      - '1097'
      content-type:
      - application/json; charset=utf-8
      date:
      - Wed, 24 Apr 2024 04:57:19 GMT
      expires:
      - '-1'
      pragma:
      - no-cache
      strict-transport-security:
      - max-age=31536000; includeSubDomains
      x-cache:
      - CONFIG_NOCACHE
      x-content-type-options:
      - nosniff
      x-ms-ratelimit-remaining-resource:
      - Microsoft.Compute/LowCostGetSubscriptionMaximum;23989,Microsoft.Compute/LowCostGetResource;34
      x-msedge-ref:
      - 'Ref A: AE3318E1EB1F4AC4989B152330DD502B Ref B: MAA201060515009 Ref C: 2024-04-24T04:57:19Z'
    status:
      code: 200
      message: ''
version: 1
