interactions:
- request:
    body: null
    headers:
      Accept:
      - application/json
      Accept-Encoding:
      - gzip, deflate
      CommandName:
      - keyvault create
      Connection:
      - keep-alive
      ParameterSetName:
      - -g -n --enable-purge-protection --enable-soft-delete
      User-Agent:
      - python/3.7.5 (Windows-10-10.0.18362-SP0) msrest/0.6.9 msrest_azure/0.6.3 azure-mgmt-resource/10.0.0
        Azure-SDK-For-Python AZURECLI/2.8.0
      accept-language:
      - en-US
    method: GET
    uri: https://management.azure.com/subscriptions/00000000-0000-0000-0000-000000000000/resourcegroups/cli_test_disk_encryption_set_disk_update_000001?api-version=2019-07-01
  response:
    body:
      string: '{"id":"/subscriptions/00000000-0000-0000-0000-000000000000/resourceGroups/cli_test_disk_encryption_set_disk_update_000001","name":"cli_test_disk_encryption_set_disk_update_000001","type":"Microsoft.Resources/resourceGroups","location":"westcentralus","tags":{"product":"azurecli","cause":"automation","date":"2020-07-06T10:56:04Z"},"properties":{"provisioningState":"Succeeded"}}'
    headers:
      cache-control:
      - no-cache
      content-length:
      - '435'
      content-type:
      - application/json; charset=utf-8
      date:
      - Mon, 06 Jul 2020 10:56:05 GMT
      expires:
      - '-1'
      pragma:
      - no-cache
      strict-transport-security:
      - max-age=31536000; includeSubDomains
      vary:
      - Accept-Encoding
      x-content-type-options:
      - nosniff
    status:
      code: 200
      message: OK
- request:
    body: null
    headers:
      Accept:
      - application/json
      Accept-Encoding:
      - gzip, deflate
      CommandName:
      - keyvault create
      Connection:
      - keep-alive
      ParameterSetName:
      - -g -n --enable-purge-protection --enable-soft-delete
      User-Agent:
      - python/3.7.5 (Windows-10-10.0.18362-SP0) msrest/0.6.9 msrest_azure/0.6.3 azure-mgmt-keyvault/2.2.0
        Azure-SDK-For-Python AZURECLI/2.8.0
      accept-language:
      - en-US
    method: GET
    uri: https://management.azure.com/subscriptions/00000000-0000-0000-0000-000000000000/resourceGroups/cli_test_disk_encryption_set_disk_update_000001/providers/Microsoft.KeyVault/vaults/vault3-000002?api-version=2019-09-01
  response:
    body:
      string: '{"error":{"code":"ResourceNotFound","message":"The Resource ''Microsoft.KeyVault/vaults/vault3-000002''
        under resource group ''cli_test_disk_encryption_set_disk_update_000001'' was
        not found. For more details please go to https://aka.ms/ARMResourceNotFoundFix"}}'
    headers:
      cache-control:
      - no-cache
      content-length:
      - '293'
      content-type:
      - application/json; charset=utf-8
      date:
      - Mon, 06 Jul 2020 10:56:06 GMT
      expires:
      - '-1'
      pragma:
      - no-cache
      strict-transport-security:
      - max-age=31536000; includeSubDomains
      x-content-type-options:
      - nosniff
      x-ms-failure-cause:
      - gateway
    status:
      code: 404
      message: Not Found
- request:
    body: null
    headers:
      Accept:
      - application/json
      Accept-Encoding:
      - gzip, deflate
      Connection:
      - keep-alive
      User-Agent:
      - python/3.7.5 (Windows-10-10.0.18362-SP0) msrest/0.6.9 msrest_azure/0.6.3 azure-graphrbac/0.60.0
        Azure-SDK-For-Python
      accept-language:
      - en-US
    method: GET
    uri: https://graph.windows.net/00000000-0000-0000-0000-000000000000/me?api-version=1.6
  response:
    body:
      string: '{"odata.metadata":"https://graph.windows.net/00000000-0000-0000-0000-000000000000/$metadata#directoryObjects/@Element","odata.type":"Microsoft.DirectoryServices.User","objectType":"User","objectId":"9ac02ab3-5061-4ec6-a3d8-2cdaa5f29efa","deletionTimestamp":null,"accountEnabled":true,"ageGroup":null,"assignedLicenses":[],"assignedPlans":[],"city":null,"companyName":null,"consentProvidedForMinor":null,"country":null,"createdDateTime":"2019-10-21T06:37:42Z","creationType":"Invitation","department":null,"dirSyncEnabled":null,"displayName":"Bin
        Ma","employeeId":null,"facsimileTelephoneNumber":null,"givenName":null,"immutableId":null,"isCompromised":null,"jobTitle":null,"lastDirSyncTime":null,"legalAgeGroupClassification":null,"mail":"bim@microsoft.com","mailNickname":"bim_microsoft.com#EXT#","mobile":null,"onPremisesDistinguishedName":null,"onPremisesSecurityIdentifier":null,"otherMails":["bim@microsoft.com"],"passwordPolicies":null,"passwordProfile":null,"physicalDeliveryOfficeName":null,"postalCode":null,"preferredLanguage":null,"provisionedPlans":[],"provisioningErrors":[],"proxyAddresses":["SMTP:bim@microsoft.com"],"refreshTokensValidFromDateTime":"2019-10-21T06:37:41Z","showInAddressList":false,"signInNames":[],"sipProxyAddress":null,"state":null,"streetAddress":null,"surname":null,"telephoneNumber":null,"thumbnailPhoto@odata.mediaEditLink":"directoryObjects/9ac02ab3-5061-4ec6-a3d8-2cdaa5f29efa/Microsoft.DirectoryServices.User/thumbnailPhoto","usageLocation":null,"userIdentities":[],"userPrincipalName":"bim_microsoft.com#EXT#@AzureSDKTeam.onmicrosoft.com","userState":"Accepted","userStateChangedOn":"2019-10-21T06:39:35Z","userType":"Guest"}'
    headers:
      access-control-allow-origin:
      - '*'
      cache-control:
      - no-cache
      content-length:
      - '1668'
      content-type:
      - application/json; odata=minimalmetadata; streaming=true; charset=utf-8
      dataserviceversion:
      - 3.0;
      date:
      - Mon, 06 Jul 2020 10:56:07 GMT
      duration:
      - '2626336'
      expires:
      - '-1'
      ocp-aad-diagnostics-server-name:
      - QlJ/a4ZnsyendoaPK0HX7IkzZkAn0WBB3t6eh8cDBic=
      ocp-aad-session-key:
      - TZQ0l_Cj_eHwXY5b8H-o2-_oRmQmv_w1H7utxgUzZSAZg7g01y9gEauBnlhwQGpbf6eqq33zxxn-jC6o7we1PAkN8M98EeRqCpslXvsWw46vgDVZjEQG6NEDAGP9cOTD.g3_9muoADp-qdLnzFb7b085O7ISV4OqLWa0SxUE_9-U
      pragma:
      - no-cache
      request-id:
      - 4bb85ad7-3d1b-4b55-b52a-b5daa09e4d28
      strict-transport-security:
      - max-age=31536000; includeSubDomains
      x-aad-resource-unit:
      - '1'
      x-aspnet-version:
      - 4.0.30319
      x-ms-dirapi-data-contract-version:
      - '1.6'
      x-powered-by:
      - ASP.NET
    status:
      code: 200
      message: OK
- request:
    body: '{"location": "westcentralus", "properties": {"tenantId": "54826b22-38d6-4fb2-bad9-b7b93a3e9c5a",
      "sku": {"family": "A", "name": "standard"}, "accessPolicies": [{"tenantId":
      "54826b22-38d6-4fb2-bad9-b7b93a3e9c5a", "objectId": "9ac02ab3-5061-4ec6-a3d8-2cdaa5f29efa",
      "permissions": {"keys": ["get", "create", "delete", "list", "update", "import",
      "backup", "restore", "recover"], "secrets": ["get", "list", "set", "delete",
      "backup", "restore", "recover"], "certificates": ["get", "list", "delete", "create",
      "import", "update", "managecontacts", "getissuers", "listissuers", "setissuers",
      "deleteissuers", "manageissuers", "recover"], "storage": ["get", "list", "delete",
      "set", "update", "regeneratekey", "setsas", "listsas", "getsas", "deletesas"]}}],
      "enableSoftDelete": true, "softDeleteRetentionInDays": 90, "enablePurgeProtection":
      true, "networkAcls": {"bypass": "AzureServices", "defaultAction": "Allow", "ipRules":
      [], "virtualNetworkRules": []}}}'
    headers:
      Accept:
      - application/json
      Accept-Encoding:
      - gzip, deflate
      CommandName:
      - keyvault create
      Connection:
      - keep-alive
      Content-Length:
      - '955'
      Content-Type:
      - application/json; charset=utf-8
      ParameterSetName:
      - -g -n --enable-purge-protection --enable-soft-delete
      User-Agent:
      - python/3.7.5 (Windows-10-10.0.18362-SP0) msrest/0.6.9 msrest_azure/0.6.3 azure-mgmt-keyvault/2.2.0
        Azure-SDK-For-Python AZURECLI/2.8.0
      accept-language:
      - en-US
    method: PUT
    uri: https://management.azure.com/subscriptions/00000000-0000-0000-0000-000000000000/resourceGroups/cli_test_disk_encryption_set_disk_update_000001/providers/Microsoft.KeyVault/vaults/vault3-000002?api-version=2019-09-01
  response:
    body:
      string: '{"id":"/subscriptions/00000000-0000-0000-0000-000000000000/resourceGroups/cli_test_disk_encryption_set_disk_update_000001/providers/Microsoft.KeyVault/vaults/vault3-000002","name":"vault3-000002","type":"Microsoft.KeyVault/vaults","location":"westcentralus","tags":{},"properties":{"sku":{"family":"A","name":"standard"},"tenantId":"54826b22-38d6-4fb2-bad9-b7b93a3e9c5a","accessPolicies":[{"tenantId":"54826b22-38d6-4fb2-bad9-b7b93a3e9c5a","objectId":"9ac02ab3-5061-4ec6-a3d8-2cdaa5f29efa","permissions":{"keys":["get","create","delete","list","update","import","backup","restore","recover"],"secrets":["get","list","set","delete","backup","restore","recover"],"certificates":["get","list","delete","create","import","update","managecontacts","getissuers","listissuers","setissuers","deleteissuers","manageissuers","recover"],"storage":["get","list","delete","set","update","regeneratekey","setsas","listsas","getsas","deletesas"]}}],"enabledForDeployment":false,"enableSoftDelete":true,"softDeleteRetentionInDays":90,"enablePurgeProtection":true,"vaultUri":"https://vault3-000002.vault.azure.net","provisioningState":"RegisteringDns"}}'
    headers:
      cache-control:
      - no-cache
      content-length:
      - '1185'
      content-type:
      - application/json; charset=utf-8
      date:
      - Mon, 06 Jul 2020 10:56:14 GMT
      expires:
      - '-1'
      pragma:
      - no-cache
      server:
      - Microsoft-IIS/10.0
      strict-transport-security:
      - max-age=31536000; includeSubDomains
      transfer-encoding:
      - chunked
      vary:
      - Accept-Encoding
      x-aspnet-version:
      - 4.0.30319
      x-content-type-options:
      - nosniff
      x-ms-keyvault-service-version:
      - 1.1.0.283
      x-ms-ratelimit-remaining-subscription-writes:
      - '1193'
      x-powered-by:
      - ASP.NET
    status:
      code: 200
      message: OK
- request:
    body: null
    headers:
      Accept:
      - application/json
      Accept-Encoding:
      - gzip, deflate
      CommandName:
      - keyvault create
      Connection:
      - keep-alive
      ParameterSetName:
      - -g -n --enable-purge-protection --enable-soft-delete
      User-Agent:
      - python/3.7.5 (Windows-10-10.0.18362-SP0) msrest/0.6.9 msrest_azure/0.6.3 azure-mgmt-keyvault/2.2.0
        Azure-SDK-For-Python AZURECLI/2.8.0
    method: GET
    uri: https://management.azure.com/subscriptions/00000000-0000-0000-0000-000000000000/resourceGroups/cli_test_disk_encryption_set_disk_update_000001/providers/Microsoft.KeyVault/vaults/vault3-000002?api-version=2019-09-01
  response:
    body:
      string: '{"id":"/subscriptions/00000000-0000-0000-0000-000000000000/resourceGroups/cli_test_disk_encryption_set_disk_update_000001/providers/Microsoft.KeyVault/vaults/vault3-000002","name":"vault3-000002","type":"Microsoft.KeyVault/vaults","location":"westcentralus","tags":{},"properties":{"sku":{"family":"A","name":"standard"},"tenantId":"54826b22-38d6-4fb2-bad9-b7b93a3e9c5a","accessPolicies":[{"tenantId":"54826b22-38d6-4fb2-bad9-b7b93a3e9c5a","objectId":"9ac02ab3-5061-4ec6-a3d8-2cdaa5f29efa","permissions":{"keys":["get","create","delete","list","update","import","backup","restore","recover"],"secrets":["get","list","set","delete","backup","restore","recover"],"certificates":["get","list","delete","create","import","update","managecontacts","getissuers","listissuers","setissuers","deleteissuers","manageissuers","recover"],"storage":["get","list","delete","set","update","regeneratekey","setsas","listsas","getsas","deletesas"]}}],"enabledForDeployment":false,"enableSoftDelete":true,"softDeleteRetentionInDays":90,"enablePurgeProtection":true,"vaultUri":"https://vault3-000002.vault.azure.net/","provisioningState":"Succeeded"}}'
    headers:
      cache-control:
      - no-cache
      content-length:
      - '1181'
      content-type:
      - application/json; charset=utf-8
      date:
      - Mon, 06 Jul 2020 10:56:46 GMT
      expires:
      - '-1'
      pragma:
      - no-cache
      server:
      - Microsoft-IIS/10.0
      strict-transport-security:
      - max-age=31536000; includeSubDomains
      transfer-encoding:
      - chunked
      vary:
      - Accept-Encoding
      x-aspnet-version:
      - 4.0.30319
      x-content-type-options:
      - nosniff
      x-ms-keyvault-service-version:
      - 1.1.0.283
      x-powered-by:
      - ASP.NET
    status:
      code: 200
      message: OK
- request:
    body: ''
    headers:
      Accept:
      - application/json
      Accept-Encoding:
      - gzip, deflate
      Connection:
      - keep-alive
      Content-Length:
      - 0
      Content-Type:
      - application/json; charset=utf-8
      User-Agent:
      - python/3.7.5 (Windows-10-10.0.18362-SP0) msrest/0.6.9 msrest_azure/0.6.3 azure-keyvault/7.0
        Azure-SDK-For-Python
      accept-language:
      - en-US
    method: POST
    uri: https://vault3-000002.vault.azure.net/keys/key-000003/create?api-version=7.0
  response:
    body:
      string: '{"error":{"code":"Unauthorized","message":"Request is missing a Bearer
        or PoP token."}}'
    headers:
      cache-control:
      - no-cache
      content-length:
      - '87'
      content-type:
      - application/json; charset=utf-8
      date:
      - Mon, 06 Jul 2020 10:56:48 GMT
      expires:
      - '-1'
      pragma:
      - no-cache
      strict-transport-security:
      - max-age=31536000;includeSubDomains
      www-authenticate:
      - Bearer authorization="https://login.windows.net/54826b22-38d6-4fb2-bad9-b7b93a3e9c5a",
        resource="https://vault.azure.net"
      x-aspnet-version:
      - 4.0.30319
      x-content-type-options:
      - nosniff
      x-ms-keyvault-network-info:
      - conn_type=Ipv4;addr=167.220.255.56;act_addr_fam=InterNetwork;
      x-ms-keyvault-region:
      - westcentralus
      x-ms-keyvault-service-version:
      - 1.1.8.0
      x-powered-by:
      - ASP.NET
    status:
      code: 401
      message: Unauthorized
- request:
    body: '{"kty": "RSA", "attributes": {"enabled": true}}'
    headers:
      Accept:
      - application/json
      Accept-Encoding:
      - gzip, deflate
      Connection:
      - keep-alive
      Content-Length:
      - '47'
      Content-Type:
      - application/json; charset=utf-8
      User-Agent:
      - python/3.7.5 (Windows-10-10.0.18362-SP0) msrest/0.6.9 msrest_azure/0.6.3 azure-keyvault/7.0
        Azure-SDK-For-Python
      accept-language:
      - en-US
    method: POST
    uri: https://vault3-000002.vault.azure.net/keys/key-000003/create?api-version=7.0
  response:
    body:
      string: '{"key":{"kid":"https://vault3-000002.vault.azure.net/keys/key-000003/b3b87f7e8e4e4d0d96debfc63bd71e64","kty":"RSA","key_ops":["encrypt","decrypt","sign","verify","wrapKey","unwrapKey"],"n":"v8A0ndUWkiz7IOdO_CM_Rj3USoIzIA8HpnxTbqV7Fvy9yLJgoa6LQ_PxXygm1r83wCAAzIsn8cOEPNsocjZ4jHagKqla6ri2DnJ2iCyqF9eODPhfmX4tgMuTM_oW--ymfdHSX5w-719NAO3jY04pzR-1gONC6Kr7SFcPInbqXsibgnoz2WlvFGP0c6ByFjqpU-DahxuM3xoYbixBrsnv0m72WeYDKPngbuDWRnRi1JAdBKUbaTR7744TSH-EGaPArUo2lAs_j8xrXTG8Xo7QbI7FKUVxZlsk66A-xYxswsROJgyoy3t1kXoYpNjWRQktBfAfZRVTp6f-ZT-UBAZ6qQ","e":"AQAB"},"attributes":{"enabled":true,"created":1594033009,"updated":1594033009,"recoveryLevel":"Recoverable"}}'
    headers:
      cache-control:
      - no-cache
      content-length:
      - '665'
      content-type:
      - application/json; charset=utf-8
      date:
      - Mon, 06 Jul 2020 10:56:49 GMT
      expires:
      - '-1'
      pragma:
      - no-cache
      strict-transport-security:
      - max-age=31536000;includeSubDomains
      x-aspnet-version:
      - 4.0.30319
      x-content-type-options:
      - nosniff
      x-ms-keyvault-network-info:
      - conn_type=Ipv4;addr=167.220.255.56;act_addr_fam=InterNetwork;
      x-ms-keyvault-region:
      - westcentralus
      x-ms-keyvault-service-version:
      - 1.1.8.0
      x-powered-by:
      - ASP.NET
    status:
      code: 200
      message: OK
- request:
    body: null
    headers:
      Accept:
      - application/json
      Accept-Encoding:
      - gzip, deflate
      CommandName:
      - disk-encryption-set create
      Connection:
      - keep-alive
      ParameterSetName:
      - -g -n --key-url --source-vault
      User-Agent:
      - python/3.7.5 (Windows-10-10.0.18362-SP0) msrest/0.6.9 msrest_azure/0.6.3 azure-mgmt-resource/10.0.0
        Azure-SDK-For-Python AZURECLI/2.8.0
      accept-language:
      - en-US
    method: GET
    uri: https://management.azure.com/subscriptions/00000000-0000-0000-0000-000000000000/resourcegroups/cli_test_disk_encryption_set_disk_update_000001?api-version=2019-07-01
  response:
    body:
      string: '{"id":"/subscriptions/00000000-0000-0000-0000-000000000000/resourceGroups/cli_test_disk_encryption_set_disk_update_000001","name":"cli_test_disk_encryption_set_disk_update_000001","type":"Microsoft.Resources/resourceGroups","location":"westcentralus","tags":{"product":"azurecli","cause":"automation","date":"2020-07-06T10:56:04Z"},"properties":{"provisioningState":"Succeeded"}}'
    headers:
      cache-control:
      - no-cache
      content-length:
      - '435'
      content-type:
      - application/json; charset=utf-8
      date:
      - Mon, 06 Jul 2020 10:56:49 GMT
      expires:
      - '-1'
      pragma:
      - no-cache
      strict-transport-security:
      - max-age=31536000; includeSubDomains
      vary:
      - Accept-Encoding
      x-content-type-options:
      - nosniff
    status:
      code: 200
      message: OK
- request:
    body: 'b''{"location": "westcentralus", "identity": {"type": "SystemAssigned"},
      "properties": {"activeKey": {"sourceVault": {"id": "/subscriptions/00000000-0000-0000-0000-000000000000/resourceGroups/cli_test_disk_encryption_set_disk_update_000001/providers/Microsoft.KeyVault/vaults/vault3-000002"},
      "keyUrl": "https://vault3-000002.vault.azure.net/keys/key-000003/b3b87f7e8e4e4d0d96debfc63bd71e64"}}}'''
    headers:
      Accept:
      - application/json
      Accept-Encoding:
      - gzip, deflate
      CommandName:
      - disk-encryption-set create
      Connection:
      - keep-alive
      Content-Length:
      - '443'
      Content-Type:
      - application/json; charset=utf-8
      ParameterSetName:
      - -g -n --key-url --source-vault
      User-Agent:
      - python/3.7.5 (Windows-10-10.0.18362-SP0) msrest/0.6.9 msrest_azure/0.6.3 azure-mgmt-compute/12.0.0
        Azure-SDK-For-Python AZURECLI/2.8.0
      accept-language:
      - en-US
    method: PUT
    uri: https://management.azure.com/subscriptions/00000000-0000-0000-0000-000000000000/resourceGroups/cli_test_disk_encryption_set_disk_update_000001/providers/Microsoft.Compute/diskEncryptionSets/des1-000004?api-version=2019-07-01
  response:
    body:
      string: "{\r\n  \"location\": \"westcentralus\",\r\n  \"identity\": {\r\n    \"type\":
        \"SystemAssigned\"\r\n  },\r\n  \"properties\": {\r\n    \"activeKey\": {\r\n
        \     \"sourceVault\": {\r\n        \"id\": \"/subscriptions/00000000-0000-0000-0000-000000000000/resourceGroups/cli_test_disk_encryption_set_disk_update_000001/providers/Microsoft.KeyVault/vaults/vault3-000002\"\r\n
        \     },\r\n      \"keyUrl\": \"https://vault3-000002.vault.azure.net/keys/key-000003/b3b87f7e8e4e4d0d96debfc63bd71e64\"\r\n
        \   },\r\n    \"provisioningState\": \"Updating\"\r\n  }\r\n}"
    headers:
      azure-asyncoperation:
      - https://management.azure.com/subscriptions/00000000-0000-0000-0000-000000000000/providers/Microsoft.Compute/locations/westcentralus/DiskOperations/3dbd63c2-21ce-4f86-8d92-166f612f4b43?api-version=2019-07-01
      cache-control:
      - no-cache
      content-length:
      - '552'
      content-type:
      - application/json; charset=utf-8
      date:
      - Mon, 06 Jul 2020 10:57:03 GMT
      expires:
      - '-1'
      pragma:
      - no-cache
      server:
      - Microsoft-HTTPAPI/2.0
      - Microsoft-HTTPAPI/2.0
      strict-transport-security:
      - max-age=31536000; includeSubDomains
      x-content-type-options:
      - nosniff
      x-ms-ratelimit-remaining-resource:
      - Microsoft.Compute/HighCostDiskEncryptionSet3Min;99,Microsoft.Compute/HighCostDiskEncryptionSet30Min;281
      x-ms-ratelimit-remaining-subscription-writes:
      - '1196'
    status:
      code: 201
      message: Created
- request:
    body: null
    headers:
      Accept:
      - application/json
      Accept-Encoding:
      - gzip, deflate
      CommandName:
      - disk-encryption-set create
      Connection:
      - keep-alive
      ParameterSetName:
      - -g -n --key-url --source-vault
      User-Agent:
      - python/3.7.5 (Windows-10-10.0.18362-SP0) msrest/0.6.9 msrest_azure/0.6.3 azure-mgmt-compute/12.0.0
        Azure-SDK-For-Python AZURECLI/2.8.0
    method: GET
    uri: https://management.azure.com/subscriptions/00000000-0000-0000-0000-000000000000/providers/Microsoft.Compute/locations/westcentralus/DiskOperations/3dbd63c2-21ce-4f86-8d92-166f612f4b43?api-version=2019-07-01
  response:
    body:
      string: "{\r\n  \"startTime\": \"2020-07-06T10:57:01.1584969+00:00\",\r\n  \"endTime\":
        \"2020-07-06T10:57:01.2053733+00:00\",\r\n  \"status\": \"Succeeded\",\r\n
        \ \"properties\": {\r\n    \"output\": {\"name\":\"des1-000004\",\"id\":\"/subscriptions/00000000-0000-0000-0000-000000000000/resourceGroups/cli_test_disk_encryption_set_disk_update_000001/providers/Microsoft.Compute/diskEncryptionSets/des1-000004\",\"type\":\"Microsoft.Compute/diskEncryptionSets\",\"location\":\"westcentralus\",\"identity\":{\"type\":\"SystemAssigned\",\"principalId\":\"34d8f8e1-43eb-47a4-9c8e-a25ce109b78c\",\"tenantId\":\"54826b22-38d6-4fb2-bad9-b7b93a3e9c5a\"},\"properties\":{\"activeKey\":{\"sourceVault\":{\"id\":\"/subscriptions/00000000-0000-0000-0000-000000000000/resourceGroups/cli_test_disk_encryption_set_disk_update_000001/providers/Microsoft.KeyVault/vaults/vault3-000002\"},\"keyUrl\":\"https://vault3-000002.vault.azure.net/keys/key-000003/b3b87f7e8e4e4d0d96debfc63bd71e64\"},\"provisioningState\":\"Succeeded\"}}\r\n
        \ },\r\n  \"name\": \"3dbd63c2-21ce-4f86-8d92-166f612f4b43\"\r\n}"
    headers:
      cache-control:
      - no-cache
      content-length:
      - '1086'
      content-type:
      - application/json; charset=utf-8
      date:
      - Mon, 06 Jul 2020 10:57:33 GMT
      expires:
      - '-1'
      pragma:
      - no-cache
      server:
      - Microsoft-HTTPAPI/2.0
      - Microsoft-HTTPAPI/2.0
      strict-transport-security:
      - max-age=31536000; includeSubDomains
      transfer-encoding:
      - chunked
      vary:
      - Accept-Encoding
      x-content-type-options:
      - nosniff
      x-ms-ratelimit-remaining-resource:
      - Microsoft.Compute/GetOperation3Min;49998,Microsoft.Compute/GetOperation30Min;399958
    status:
      code: 200
      message: OK
- request:
    body: null
    headers:
      Accept:
      - application/json
      Accept-Encoding:
      - gzip, deflate
      CommandName:
      - disk-encryption-set create
      Connection:
      - keep-alive
      ParameterSetName:
      - -g -n --key-url --source-vault
      User-Agent:
      - python/3.7.5 (Windows-10-10.0.18362-SP0) msrest/0.6.9 msrest_azure/0.6.3 azure-mgmt-compute/12.0.0
        Azure-SDK-For-Python AZURECLI/2.8.0
    method: GET
    uri: https://management.azure.com/subscriptions/00000000-0000-0000-0000-000000000000/resourceGroups/cli_test_disk_encryption_set_disk_update_000001/providers/Microsoft.Compute/diskEncryptionSets/des1-000004?api-version=2019-07-01
  response:
    body:
      string: "{\r\n  \"name\": \"des1-000004\",\r\n  \"id\": \"/subscriptions/00000000-0000-0000-0000-000000000000/resourceGroups/cli_test_disk_encryption_set_disk_update_000001/providers/Microsoft.Compute/diskEncryptionSets/des1-000004\",\r\n
        \ \"type\": \"Microsoft.Compute/diskEncryptionSets\",\r\n  \"location\": \"westcentralus\",\r\n
        \ \"identity\": {\r\n    \"type\": \"SystemAssigned\",\r\n    \"principalId\":
        \"34d8f8e1-43eb-47a4-9c8e-a25ce109b78c\",\r\n    \"tenantId\": \"54826b22-38d6-4fb2-bad9-b7b93a3e9c5a\"\r\n
        \ },\r\n  \"properties\": {\r\n    \"activeKey\": {\r\n      \"sourceVault\":
        {\r\n        \"id\": \"/subscriptions/00000000-0000-0000-0000-000000000000/resourceGroups/cli_test_disk_encryption_set_disk_update_000001/providers/Microsoft.KeyVault/vaults/vault3-000002\"\r\n
        \     },\r\n      \"keyUrl\": \"https://vault3-000002.vault.azure.net/keys/key-000003/b3b87f7e8e4e4d0d96debfc63bd71e64\"\r\n
        \   },\r\n    \"provisioningState\": \"Succeeded\"\r\n  }\r\n}"
    headers:
      cache-control:
      - no-cache
      content-length:
      - '979'
      content-type:
      - application/json; charset=utf-8
      date:
      - Mon, 06 Jul 2020 10:57:33 GMT
      expires:
      - '-1'
      pragma:
      - no-cache
      server:
      - Microsoft-HTTPAPI/2.0
      - Microsoft-HTTPAPI/2.0
      strict-transport-security:
      - max-age=31536000; includeSubDomains
      transfer-encoding:
      - chunked
      vary:
      - Accept-Encoding
      x-content-type-options:
      - nosniff
      x-ms-ratelimit-remaining-resource:
      - Microsoft.Compute/LowCostGet3Min;4991,Microsoft.Compute/LowCostGet30Min;39923
    status:
      code: 200
      message: OK
- request:
    body: null
    headers:
      Accept:
      - application/json
      Accept-Encoding:
      - gzip, deflate
      CommandName:
      - disk-encryption-set show
      Connection:
      - keep-alive
      ParameterSetName:
      - -g -n
      User-Agent:
      - python/3.7.5 (Windows-10-10.0.18362-SP0) msrest/0.6.9 msrest_azure/0.6.3 azure-mgmt-compute/12.0.0
        Azure-SDK-For-Python AZURECLI/2.8.0
      accept-language:
      - en-US
    method: GET
    uri: https://management.azure.com/subscriptions/00000000-0000-0000-0000-000000000000/resourceGroups/cli_test_disk_encryption_set_disk_update_000001/providers/Microsoft.Compute/diskEncryptionSets/des1-000004?api-version=2019-07-01
  response:
    body:
      string: "{\r\n  \"name\": \"des1-000004\",\r\n  \"id\": \"/subscriptions/00000000-0000-0000-0000-000000000000/resourceGroups/cli_test_disk_encryption_set_disk_update_000001/providers/Microsoft.Compute/diskEncryptionSets/des1-000004\",\r\n
        \ \"type\": \"Microsoft.Compute/diskEncryptionSets\",\r\n  \"location\": \"westcentralus\",\r\n
        \ \"identity\": {\r\n    \"type\": \"SystemAssigned\",\r\n    \"principalId\":
        \"34d8f8e1-43eb-47a4-9c8e-a25ce109b78c\",\r\n    \"tenantId\": \"54826b22-38d6-4fb2-bad9-b7b93a3e9c5a\"\r\n
        \ },\r\n  \"properties\": {\r\n    \"activeKey\": {\r\n      \"sourceVault\":
        {\r\n        \"id\": \"/subscriptions/00000000-0000-0000-0000-000000000000/resourceGroups/cli_test_disk_encryption_set_disk_update_000001/providers/Microsoft.KeyVault/vaults/vault3-000002\"\r\n
        \     },\r\n      \"keyUrl\": \"https://vault3-000002.vault.azure.net/keys/key-000003/b3b87f7e8e4e4d0d96debfc63bd71e64\"\r\n
        \   },\r\n    \"provisioningState\": \"Succeeded\"\r\n  }\r\n}"
    headers:
      cache-control:
      - no-cache
      content-length:
      - '979'
      content-type:
      - application/json; charset=utf-8
      date:
      - Mon, 06 Jul 2020 10:57:34 GMT
      expires:
      - '-1'
      pragma:
      - no-cache
      server:
      - Microsoft-HTTPAPI/2.0
      - Microsoft-HTTPAPI/2.0
      strict-transport-security:
      - max-age=31536000; includeSubDomains
      transfer-encoding:
      - chunked
      vary:
      - Accept-Encoding
      x-content-type-options:
      - nosniff
      x-ms-ratelimit-remaining-resource:
      - Microsoft.Compute/LowCostGet3Min;4990,Microsoft.Compute/LowCostGet30Min;39922
    status:
      code: 200
      message: OK
- request:
    body: null
    headers:
      Accept:
      - application/json
      Accept-Encoding:
      - gzip, deflate
      CommandName:
      - keyvault set-policy
      Connection:
      - keep-alive
      ParameterSetName:
      - -n --object-id --key-permissions
      User-Agent:
      - python/3.7.5 (Windows-10-10.0.18362-SP0) msrest/0.6.9 msrest_azure/0.6.3 azure-mgmt-keyvault/2.2.0
        Azure-SDK-For-Python AZURECLI/2.8.0
      accept-language:
      - en-US
    method: GET
    uri: https://management.azure.com/subscriptions/00000000-0000-0000-0000-000000000000/resources?$filter=resourceType%20eq%20%27Microsoft.KeyVault%2Fvaults%27&api-version=2015-11-01
  response:
    body:
      string: '{"value":[{"id":"/subscriptions/00000000-0000-0000-0000-000000000000/resourceGroups/azps-test-group/providers/Microsoft.KeyVault/vaults/azps-test-kv2","name":"azps-test-kv2","type":"Microsoft.KeyVault/vaults","location":"eastus","tags":{}},{"id":"/subscriptions/00000000-0000-0000-0000-000000000000/resourceGroups/azps-test-group/providers/Microsoft.KeyVault/vaults/azps-test-kv4","name":"azps-test-kv4","type":"Microsoft.KeyVault/vaults","location":"southcentralus","tags":{}},{"id":"/subscriptions/00000000-0000-0000-0000-000000000000/resourceGroups/bim-rg/providers/Microsoft.KeyVault/vaults/bim-kv5","name":"bim-kv5","type":"Microsoft.KeyVault/vaults","location":"eastus2euap","tags":{}},{"id":"/subscriptions/00000000-0000-0000-0000-000000000000/resourceGroups/bim-rg/providers/Microsoft.KeyVault/vaults/bim-kv8","name":"bim-kv8","type":"Microsoft.KeyVault/vaults","location":"centraluseuap","tags":{}},{"id":"/subscriptions/00000000-0000-0000-0000-000000000000/resourceGroups/bim-rg/providers/Microsoft.KeyVault/vaults/bim-kv-0528","name":"bim-kv-0528","type":"Microsoft.KeyVault/vaults","location":"westus","tags":{}},{"id":"/subscriptions/00000000-0000-0000-0000-000000000000/resourceGroups/bim-rg/providers/Microsoft.KeyVault/vaults/bim-kv-0529","name":"bim-kv-0529","type":"Microsoft.KeyVault/vaults","location":"westus","tags":{}},{"id":"/subscriptions/00000000-0000-0000-0000-000000000000/resourceGroups/bim-rg/providers/Microsoft.KeyVault/vaults/bim-kv-0529-2","name":"bim-kv-0529-2","type":"Microsoft.KeyVault/vaults","location":"westus","tags":{}},{"id":"/subscriptions/00000000-0000-0000-0000-000000000000/resourceGroups/bim-rg/providers/Microsoft.KeyVault/vaults/bim-kv-0701","name":"bim-kv-0701","type":"Microsoft.KeyVault/vaults","location":"eastus2euap","tags":{}},{"id":"/subscriptions/00000000-0000-0000-0000-000000000000/resourceGroups/bim-rg/providers/Microsoft.KeyVault/vaults/bim-kv-20200508","name":"bim-kv-20200508","type":"Microsoft.KeyVault/vaults","location":"westus","tags":{}},{"id":"/subscriptions/00000000-0000-0000-0000-000000000000/resourceGroups/bim-rg/providers/Microsoft.KeyVault/vaults/bim-kv-20200528","name":"bim-kv-20200528","type":"Microsoft.KeyVault/vaults","location":"westus","tags":{}},{"id":"/subscriptions/00000000-0000-0000-0000-000000000000/resourceGroups/bim-rg/providers/Microsoft.KeyVault/vaults/bim-kv-666","name":"bim-kv-666","type":"Microsoft.KeyVault/vaults","location":"centraluseuap","tags":{}},{"id":"/subscriptions/00000000-0000-0000-0000-000000000000/resourceGroups/bim-rg/providers/Microsoft.KeyVault/vaults/bim-sd-test1","name":"bim-sd-test1","type":"Microsoft.KeyVault/vaults","location":"eastus2euap","tags":{}},{"id":"/subscriptions/00000000-0000-0000-0000-000000000000/resourceGroups/bim-rg/providers/Microsoft.KeyVault/vaults/bim-sd-test2","name":"bim-sd-test2","type":"Microsoft.KeyVault/vaults","location":"eastus2euap","tags":{}},{"id":"/subscriptions/00000000-0000-0000-0000-000000000000/resourceGroups/bim-rg/providers/Microsoft.KeyVault/vaults/bim-sd-test3","name":"bim-sd-test3","type":"Microsoft.KeyVault/vaults","location":"eastus2euap","tags":{}},{"id":"/subscriptions/00000000-0000-0000-0000-000000000000/resourceGroups/bim-rg/providers/Microsoft.KeyVault/vaults/bim-sd-test4","name":"bim-sd-test4","type":"Microsoft.KeyVault/vaults","location":"eastus2euap","tags":{}},{"id":"/subscriptions/00000000-0000-0000-0000-000000000000/resourceGroups/bim-rg/providers/Microsoft.KeyVault/vaults/bimkv0506","name":"bimkv0506","type":"Microsoft.KeyVault/vaults","location":"eastus2euap","tags":{}},{"id":"/subscriptions/00000000-0000-0000-0000-000000000000/resourceGroups/bim-rg/providers/Microsoft.KeyVault/vaults/bimkv05062","name":"bimkv05062","type":"Microsoft.KeyVault/vaults","location":"eastus2euap","tags":{}},{"id":"/subscriptions/00000000-0000-0000-0000-000000000000/resourceGroups/bim-rg/providers/Microsoft.KeyVault/vaults/bimkv0519","name":"bimkv0519","type":"Microsoft.KeyVault/vaults","location":"westus","tags":{}},{"id":"/subscriptions/00000000-0000-0000-0000-000000000000/resourceGroups/bim-rg/providers/Microsoft.KeyVault/vaults/bimkv0519-3","name":"bimkv0519-3","type":"Microsoft.KeyVault/vaults","location":"westus","tags":{}},{"id":"/subscriptions/00000000-0000-0000-0000-000000000000/resourceGroups/bim-rg/providers/Microsoft.KeyVault/vaults/bimkv0703","name":"bimkv0703","type":"Microsoft.KeyVault/vaults","location":"westus","tags":{}},{"id":"/subscriptions/00000000-0000-0000-0000-000000000000/resourceGroups/bim-rg/providers/Microsoft.KeyVault/vaults/bimkv20200418","name":"bimkv20200418","type":"Microsoft.KeyVault/vaults","location":"eastus2euap","tags":{}},{"id":"/subscriptions/00000000-0000-0000-0000-000000000000/resourceGroups/bim-rg/providers/Microsoft.KeyVault/vaults/bimkvissue1","name":"bimkvissue1","type":"Microsoft.KeyVault/vaults","location":"eastus2euap","tags":{}},{"id":"/subscriptions/00000000-0000-0000-0000-000000000000/resourceGroups/bim-rg/providers/Microsoft.KeyVault/vaults/bimkvissue12","name":"bimkvissue12","type":"Microsoft.KeyVault/vaults","location":"eastus","tags":{}},{"id":"/subscriptions/00000000-0000-0000-0000-000000000000/resourceGroups/bim-rg/providers/Microsoft.KeyVault/vaults/bimkvissue13","name":"bimkvissue13","type":"Microsoft.KeyVault/vaults","location":"eastus","tags":{}},{"id":"/subscriptions/00000000-0000-0000-0000-000000000000/resourceGroups/bim-rg/providers/Microsoft.KeyVault/vaults/bimkvissue2","name":"bimkvissue2","type":"Microsoft.KeyVault/vaults","location":"eastus","tags":{}},{"id":"/subscriptions/00000000-0000-0000-0000-000000000000/resourceGroups/bim-rg/providers/Microsoft.KeyVault/vaults/bimkvissue3","name":"bimkvissue3","type":"Microsoft.KeyVault/vaults","location":"eastus","tags":{}},{"id":"/subscriptions/00000000-0000-0000-0000-000000000000/resourceGroups/bim-rg/providers/Microsoft.KeyVault/vaults/bimkvissue4","name":"bimkvissue4","type":"Microsoft.KeyVault/vaults","location":"eastus","tags":{}},{"id":"/subscriptions/00000000-0000-0000-0000-000000000000/resourceGroups/bim-rg/providers/Microsoft.KeyVault/vaults/bimkvissue5","name":"bimkvissue5","type":"Microsoft.KeyVault/vaults","location":"eastus","tags":{}},{"id":"/subscriptions/00000000-0000-0000-0000-000000000000/resourceGroups/bim-rg/providers/Microsoft.KeyVault/vaults/bimkvissue6","name":"bimkvissue6","type":"Microsoft.KeyVault/vaults","location":"eastus","tags":{}},{"id":"/subscriptions/00000000-0000-0000-0000-000000000000/resourceGroups/bim-rg/providers/Microsoft.KeyVault/vaults/bimkvissue7","name":"bimkvissue7","type":"Microsoft.KeyVault/vaults","location":"eastus","tags":{}},{"id":"/subscriptions/00000000-0000-0000-0000-000000000000/resourceGroups/bim-rg/providers/Microsoft.KeyVault/vaults/bimkvissue8","name":"bimkvissue8","type":"Microsoft.KeyVault/vaults","location":"eastus","tags":{}},{"id":"/subscriptions/00000000-0000-0000-0000-000000000000/resourceGroups/bim-rg/providers/Microsoft.KeyVault/vaults/bimkvrbac1","name":"bimkvrbac1","type":"Microsoft.KeyVault/vaults","location":"eastus","tags":{}},{"id":"/subscriptions/00000000-0000-0000-0000-000000000000/resourceGroups/bim-rg/providers/Microsoft.KeyVault/vaults/bimkvsd1","name":"bimkvsd1","type":"Microsoft.KeyVault/vaults","location":"eastus2euap","tags":{}},{"id":"/subscriptions/00000000-0000-0000-0000-000000000000/resourceGroups/bim-rg/providers/Microsoft.KeyVault/vaults/bimkvsd2","name":"bimkvsd2","type":"Microsoft.KeyVault/vaults","location":"eastus2euap","tags":{}},{"id":"/subscriptions/00000000-0000-0000-0000-000000000000/resourceGroups/bim-rg/providers/Microsoft.KeyVault/vaults/bimkvsd3","name":"bimkvsd3","type":"Microsoft.KeyVault/vaults","location":"eastus2euap","tags":{}},{"id":"/subscriptions/00000000-0000-0000-0000-000000000000/resourceGroups/bim-rg/providers/Microsoft.KeyVault/vaults/bimkvsd5","name":"bimkvsd5","type":"Microsoft.KeyVault/vaults","location":"eastus2euap","tags":{}},{"id":"/subscriptions/00000000-0000-0000-0000-000000000000/resourceGroups/bim-rg/providers/Microsoft.KeyVault/vaults/bimkvsd6","name":"bimkvsd6","type":"Microsoft.KeyVault/vaults","location":"eastus2euap","tags":{}},{"id":"/subscriptions/00000000-0000-0000-0000-000000000000/resourceGroups/bim-rg/providers/Microsoft.KeyVault/vaults/bimkvTest","name":"bimkvTest","type":"Microsoft.KeyVault/vaults","location":"northcentralus","tags":{}},{"id":"/subscriptions/00000000-0000-0000-0000-000000000000/resourceGroups/bim-rg/providers/Microsoft.KeyVault/vaults/bimkvtest20200513","name":"bimkvtest20200513","type":"Microsoft.KeyVault/vaults","location":"westus","tags":{}},{"id":"/subscriptions/00000000-0000-0000-0000-000000000000/resourceGroups/bim-rg/providers/Microsoft.KeyVault/vaults/bimtrack2test","name":"bimtrack2test","type":"Microsoft.KeyVault/vaults","location":"eastus2euap","tags":{}},{"id":"/subscriptions/00000000-0000-0000-0000-000000000000/resourceGroups/bim-rg/providers/Microsoft.KeyVault/vaults/bimtrack2test2","name":"bimtrack2test2","type":"Microsoft.KeyVault/vaults","location":"eastus2euap","tags":{}},{"id":"/subscriptions/00000000-0000-0000-0000-000000000000/resourceGroups/bim_pl_test_rg/providers/Microsoft.KeyVault/vaults/bimkv-nr-test","name":"bimkv-nr-test","type":"Microsoft.KeyVault/vaults","location":"eastus","tags":{}},{"id":"/subscriptions/00000000-0000-0000-0000-000000000000/resourceGroups/bim_pl_test_rg/providers/Microsoft.KeyVault/vaults/bimkv-nr-test2","name":"bimkv-nr-test2","type":"Microsoft.KeyVault/vaults","location":"eastus","tags":{}},{"id":"/subscriptions/00000000-0000-0000-0000-000000000000/resourceGroups/bim_pl_test_rg/providers/Microsoft.KeyVault/vaults/bimkv-nr-test3","name":"bimkv-nr-test3","type":"Microsoft.KeyVault/vaults","location":"eastus","tags":{}},{"id":"/subscriptions/00000000-0000-0000-0000-000000000000/resourceGroups/bim_pl_test_rg/providers/Microsoft.KeyVault/vaults/bimplkv","name":"bimplkv","type":"Microsoft.KeyVault/vaults","location":"eastus","tags":{}},{"id":"/subscriptions/00000000-0000-0000-0000-000000000000/resourceGroups/cli_test_ag_identityxnqxnrtof7xtgkoobhf6oc3ypficdrsvfu5dkwfhjfnbnobij7c2lpm/providers/Microsoft.KeyVault/vaults/cli-test-keyvault-kgwb3i","name":"cli-test-keyvault-kgwb3i","type":"Microsoft.KeyVault/vaults","location":"westus","tags":{}},{"id":"/subscriptions/00000000-0000-0000-0000-000000000000/resourceGroups/cli_test_cosmosdb_key_vault_key_urifri4varpyqiekuldjnur3agnc63rtncnl24v6ohc/providers/Microsoft.KeyVault/vaults/clicyveswkxmk6j","name":"clicyveswkxmk6j","type":"Microsoft.KeyVault/vaults","location":"westus","tags":{}},{"id":"/subscriptions/00000000-0000-0000-0000-000000000000/resourceGroups/cli_test_disk_encryption_set_disk_update_000001/providers/Microsoft.KeyVault/vaults/vault3-000002","name":"vault3-000002","type":"Microsoft.KeyVault/vaults","location":"westcentralus","tags":{}},{"id":"/subscriptions/00000000-0000-0000-0000-000000000000/resourceGroups/cli_test_disk_encryption_set_double_encryption_vcbidscj67vibnorzgrzwmz47iuc/providers/Microsoft.KeyVault/vaults/vault-nv5iyypcmisfj7","name":"vault-nv5iyypcmisfj7","type":"Microsoft.KeyVault/vaults","location":"centraluseuap","tags":{}},{"id":"/subscriptions/00000000-0000-0000-0000-000000000000/resourceGroups/cli_test_disk_encryption_set_update_yg7qpapenvhif4fg4ll6inih4whgx42uf4h3y4q/providers/Microsoft.KeyVault/vaults/vault1-giwyy52bybujv","name":"vault1-giwyy52bybujv","type":"Microsoft.KeyVault/vaults","location":"westcentralus","tags":{}},{"id":"/subscriptions/00000000-0000-0000-0000-000000000000/resourceGroups/cli_test_vm_encryptiongx4pvk7y5etutoqpvyihtqxaeodea3cwosmg6xnbyrrjhssvoedmf/providers/Microsoft.KeyVault/vaults/vaultf5fjf","name":"vaultf5fjf","type":"Microsoft.KeyVault/vaults","location":"westus","tags":{}},{"id":"/subscriptions/00000000-0000-0000-0000-000000000000/resourceGroups/cli_test_vm_secretshbetrjynovwpfujmmc6xk4xmnhi7aqjxghzqhrd5k3alvcpshgc7bmgw/providers/Microsoft.KeyVault/vaults/vmsecretkvkmqbhzeixr","name":"vmsecretkvkmqbhzeixr","type":"Microsoft.KeyVault/vaults","location":"westus","tags":{}},{"id":"/subscriptions/00000000-0000-0000-0000-000000000000/resourceGroups/clitest.rgngmo7tcctjyslfmnzf7akf4xkrbmifwxs2bl3ox5l6vgbcgzziveh455uskercr5v/providers/Microsoft.KeyVault/vaults/sfrp-cli-kv-65iffztopq2u","name":"sfrp-cli-kv-65iffztopq2u","type":"Microsoft.KeyVault/vaults","location":"westus","tags":{}},{"id":"/subscriptions/00000000-0000-0000-0000-000000000000/resourceGroups/clitest.rgplk7veyurhy7dv633wpouu626shqmga3wgsh65ue2ikkk22u6ovljxhopipwrdxkw/providers/Microsoft.KeyVault/vaults/sfrp-cli-kv-iox3lqcdkt3k","name":"sfrp-cli-kv-iox3lqcdkt3k","type":"Microsoft.KeyVault/vaults","location":"westus","tags":{}},{"id":"/subscriptions/00000000-0000-0000-0000-000000000000/resourceGroups/fytest/providers/Microsoft.KeyVault/vaults/vault1569","name":"vault1569","type":"Microsoft.KeyVault/vaults","location":"centraluseuap","tags":{}},{"id":"/subscriptions/00000000-0000-0000-0000-000000000000/resourceGroups/jlrg1/providers/Microsoft.KeyVault/vaults/jlkv0227","name":"jlkv0227","type":"Microsoft.KeyVault/vaults","location":"southeastasia","tags":{}},{"id":"/subscriptions/00000000-0000-0000-0000-000000000000/resourceGroups/jlrg1/providers/Microsoft.KeyVault/vaults/jlkv0309","name":"jlkv0309","type":"Microsoft.KeyVault/vaults","location":"southeastasia","tags":{}},{"id":"/subscriptions/00000000-0000-0000-0000-000000000000/resourceGroups/yeming/providers/Microsoft.KeyVault/vaults/yeming","name":"yeming","type":"Microsoft.KeyVault/vaults","location":"eastasia","tags":{}},{"id":"/subscriptions/00000000-0000-0000-0000-000000000000/resourceGroups/zhoxing-test/providers/Microsoft.KeyVault/vaults/zhoxingtest9393","name":"zhoxingtest9393","type":"Microsoft.KeyVault/vaults","location":"westus","tags":{"hidden-DevTestLabs-LabUId":"6e279161-d008-42b7-90a1-6801fc4bc4ca","CreatedBy":"DevTestLabs"}},{"id":"/subscriptions/00000000-0000-0000-0000-000000000000/resourceGroups/zhoxing-test/providers/Microsoft.KeyVault/vaults/zhoxingtest9ac53638","name":"zhoxingtest9ac53638","type":"Microsoft.KeyVault/vaults","location":"westus","tags":{"hidden-DevTestLabs-LabUId":"6e279161-d008-42b7-90a1-6801fc4bc4ca","CreatedBy":"DevTestLabs"}}]}'
    headers:
      cache-control:
      - no-cache
      content-length:
      - '14215'
      content-type:
      - application/json; charset=utf-8
      date:
      - Mon, 06 Jul 2020 10:57:34 GMT
      expires:
      - '-1'
      pragma:
      - no-cache
      strict-transport-security:
      - max-age=31536000; includeSubDomains
      vary:
      - Accept-Encoding
      x-content-type-options:
      - nosniff
    status:
      code: 200
      message: OK
- request:
    body: null
    headers:
      Accept:
      - application/json
      Accept-Encoding:
      - gzip, deflate
      CommandName:
      - keyvault set-policy
      Connection:
      - keep-alive
      ParameterSetName:
      - -n --object-id --key-permissions
      User-Agent:
      - python/3.7.5 (Windows-10-10.0.18362-SP0) msrest/0.6.9 msrest_azure/0.6.3 azure-mgmt-keyvault/2.2.0
        Azure-SDK-For-Python AZURECLI/2.8.0
      accept-language:
      - en-US
    method: GET
    uri: https://management.azure.com/subscriptions/00000000-0000-0000-0000-000000000000/resourceGroups/cli_test_disk_encryption_set_disk_update_000001/providers/Microsoft.KeyVault/vaults/vault3-000002?api-version=2019-09-01
  response:
    body:
      string: '{"id":"/subscriptions/00000000-0000-0000-0000-000000000000/resourceGroups/cli_test_disk_encryption_set_disk_update_000001/providers/Microsoft.KeyVault/vaults/vault3-000002","name":"vault3-000002","type":"Microsoft.KeyVault/vaults","location":"westcentralus","tags":{},"properties":{"sku":{"family":"A","name":"standard"},"tenantId":"54826b22-38d6-4fb2-bad9-b7b93a3e9c5a","accessPolicies":[{"tenantId":"54826b22-38d6-4fb2-bad9-b7b93a3e9c5a","objectId":"9ac02ab3-5061-4ec6-a3d8-2cdaa5f29efa","permissions":{"keys":["get","create","delete","list","update","import","backup","restore","recover"],"secrets":["get","list","set","delete","backup","restore","recover"],"certificates":["get","list","delete","create","import","update","managecontacts","getissuers","listissuers","setissuers","deleteissuers","manageissuers","recover"],"storage":["get","list","delete","set","update","regeneratekey","setsas","listsas","getsas","deletesas"]}}],"enabledForDeployment":false,"enableSoftDelete":true,"softDeleteRetentionInDays":90,"enablePurgeProtection":true,"vaultUri":"https://vault3-000002.vault.azure.net/","provisioningState":"Succeeded"}}'
    headers:
      cache-control:
      - no-cache
      content-length:
      - '1181'
      content-type:
      - application/json; charset=utf-8
      date:
      - Mon, 06 Jul 2020 10:57:35 GMT
      expires:
      - '-1'
      pragma:
      - no-cache
      server:
      - Microsoft-IIS/10.0
      strict-transport-security:
      - max-age=31536000; includeSubDomains
      transfer-encoding:
      - chunked
      vary:
      - Accept-Encoding
      x-aspnet-version:
      - 4.0.30319
      x-content-type-options:
      - nosniff
      x-ms-keyvault-service-version:
      - 1.1.0.283
      x-powered-by:
      - ASP.NET
    status:
      code: 200
      message: OK
- request:
    body: '{"location": "westcentralus", "tags": {}, "properties": {"tenantId": "54826b22-38d6-4fb2-bad9-b7b93a3e9c5a",
      "sku": {"family": "A", "name": "standard"}, "accessPolicies": [{"tenantId":
      "54826b22-38d6-4fb2-bad9-b7b93a3e9c5a", "objectId": "9ac02ab3-5061-4ec6-a3d8-2cdaa5f29efa",
      "permissions": {"keys": ["get", "create", "delete", "list", "update", "import",
      "backup", "restore", "recover"], "secrets": ["get", "list", "set", "delete",
      "backup", "restore", "recover"], "certificates": ["get", "list", "delete", "create",
      "import", "update", "managecontacts", "getissuers", "listissuers", "setissuers",
      "deleteissuers", "manageissuers", "recover"], "storage": ["get", "list", "delete",
      "set", "update", "regeneratekey", "setsas", "listsas", "getsas", "deletesas"]}},
      {"tenantId": "54826b22-38d6-4fb2-bad9-b7b93a3e9c5a", "objectId": "34d8f8e1-43eb-47a4-9c8e-a25ce109b78c",
      "permissions": {"keys": ["get", "wrapKey", "unwrapKey"]}}], "vaultUri": "https://vault3-000002.vault.azure.net/",
      "enabledForDeployment": false, "enableSoftDelete": true, "softDeleteRetentionInDays":
      90, "enablePurgeProtection": true}}'
    headers:
      Accept:
      - application/json
      Accept-Encoding:
      - gzip, deflate
      CommandName:
      - keyvault set-policy
      Connection:
      - keep-alive
      Content-Length:
      - '1111'
      Content-Type:
      - application/json; charset=utf-8
      ParameterSetName:
      - -n --object-id --key-permissions
      User-Agent:
      - python/3.7.5 (Windows-10-10.0.18362-SP0) msrest/0.6.9 msrest_azure/0.6.3 azure-mgmt-keyvault/2.2.0
        Azure-SDK-For-Python AZURECLI/2.8.0
      accept-language:
      - en-US
    method: PUT
    uri: https://management.azure.com/subscriptions/00000000-0000-0000-0000-000000000000/resourceGroups/cli_test_disk_encryption_set_disk_update_000001/providers/Microsoft.KeyVault/vaults/vault3-000002?api-version=2019-09-01
  response:
    body:
      string: '{"id":"/subscriptions/00000000-0000-0000-0000-000000000000/resourceGroups/cli_test_disk_encryption_set_disk_update_000001/providers/Microsoft.KeyVault/vaults/vault3-000002","name":"vault3-000002","type":"Microsoft.KeyVault/vaults","location":"westcentralus","tags":{},"properties":{"sku":{"family":"A","name":"standard"},"tenantId":"54826b22-38d6-4fb2-bad9-b7b93a3e9c5a","accessPolicies":[{"tenantId":"54826b22-38d6-4fb2-bad9-b7b93a3e9c5a","objectId":"9ac02ab3-5061-4ec6-a3d8-2cdaa5f29efa","permissions":{"keys":["get","create","delete","list","update","import","backup","restore","recover"],"secrets":["get","list","set","delete","backup","restore","recover"],"certificates":["get","list","delete","create","import","update","managecontacts","getissuers","listissuers","setissuers","deleteissuers","manageissuers","recover"],"storage":["get","list","delete","set","update","regeneratekey","setsas","listsas","getsas","deletesas"]}},{"tenantId":"54826b22-38d6-4fb2-bad9-b7b93a3e9c5a","objectId":"34d8f8e1-43eb-47a4-9c8e-a25ce109b78c","permissions":{"keys":["get","wrapKey","unwrapKey"]}}],"enabledForDeployment":false,"enableSoftDelete":true,"softDeleteRetentionInDays":90,"enablePurgeProtection":true,"vaultUri":"https://vault3-000002.vault.azure.net/","provisioningState":"Succeeded"}}'
    headers:
      cache-control:
      - no-cache
      content-length:
      - '1336'
      content-type:
      - application/json; charset=utf-8
      date:
      - Mon, 06 Jul 2020 10:57:35 GMT
      expires:
      - '-1'
      pragma:
      - no-cache
      server:
      - Microsoft-IIS/10.0
      strict-transport-security:
      - max-age=31536000; includeSubDomains
      transfer-encoding:
      - chunked
      vary:
      - Accept-Encoding
      x-aspnet-version:
      - 4.0.30319
      x-content-type-options:
      - nosniff
      x-ms-keyvault-service-version:
      - 1.1.0.283
      x-ms-ratelimit-remaining-subscription-writes:
      - '1195'
      x-powered-by:
      - ASP.NET
    status:
      code: 200
      message: OK
- request:
    body: null
    headers:
      Accept:
      - application/json
      Accept-Encoding:
      - gzip, deflate
      CommandName:
      - role assignment create
      Connection:
      - keep-alive
      ParameterSetName:
      - --assignee --role --scope
      User-Agent:
      - python/3.7.5 (Windows-10-10.0.18362-SP0) msrest/0.6.9 msrest_azure/0.6.3 azure-mgmt-authorization/0.52.0
        Azure-SDK-For-Python AZURECLI/2.8.0
      accept-language:
      - en-US
    method: GET
    uri: https://management.azure.com/subscriptions/00000000-0000-0000-0000-000000000000/resourceGroups/cli_test_disk_encryption_set_disk_update_000001/providers/Microsoft.KeyVault/vaults/vault3-000002/providers/Microsoft.Authorization/roleDefinitions?$filter=roleName%20eq%20%27Reader%27&api-version=2018-01-01-preview
  response:
    body:
      string: '{"value":[{"properties":{"roleName":"Reader","type":"BuiltInRole","description":"Lets
        you view everything, but not make any changes.","assignableScopes":["/"],"permissions":[{"actions":["*/read"],"notActions":[],"dataActions":[],"notDataActions":[]}],"createdOn":"2015-02-02T21:55:09.8806423Z","updatedOn":"2019-02-05T21:24:35.7424745Z","createdBy":null,"updatedBy":null},"id":"/subscriptions/00000000-0000-0000-0000-000000000000/providers/Microsoft.Authorization/roleDefinitions/acdd72a7-3385-48ef-bd42-f606fba81ae7","type":"Microsoft.Authorization/roleDefinitions","name":"acdd72a7-3385-48ef-bd42-f606fba81ae7"}]}'
    headers:
      cache-control:
      - no-cache
      content-length:
      - '615'
      content-type:
      - application/json; charset=utf-8
      date:
      - Mon, 06 Jul 2020 10:57:51 GMT
      expires:
      - '-1'
      pragma:
      - no-cache
      set-cookie:
      - x-ms-gateway-slice=Production; path=/; SameSite=None; secure; HttpOnly
      strict-transport-security:
      - max-age=31536000; includeSubDomains
      transfer-encoding:
      - chunked
      vary:
      - Accept-Encoding
      x-content-type-options:
      - nosniff
    status:
      code: 200
      message: OK
- request:
    body: null
    headers:
      Accept:
      - application/json
      Accept-Encoding:
      - gzip, deflate
      CommandName:
      - role assignment create
      Connection:
      - keep-alive
      ParameterSetName:
      - --assignee --role --scope
      User-Agent:
      - python/3.7.5 (Windows-10-10.0.18362-SP0) msrest/0.6.9 msrest_azure/0.6.3 azure-graphrbac/0.60.0
        Azure-SDK-For-Python AZURECLI/2.8.0
      accept-language:
      - en-US
    method: GET
    uri: https://graph.windows.net/00000000-0000-0000-0000-000000000000/servicePrincipals?$filter=servicePrincipalNames%2Fany%28c%3Ac%20eq%20%2734d8f8e1-43eb-47a4-9c8e-a25ce109b78c%27%29&api-version=1.6
  response:
    body:
      string: '{"odata.metadata":"https://graph.windows.net/00000000-0000-0000-0000-000000000000/$metadata#directoryObjects","value":[]}'
    headers:
      access-control-allow-origin:
      - '*'
      cache-control:
      - no-cache
      content-length:
      - '121'
      content-type:
      - application/json; odata=minimalmetadata; streaming=true; charset=utf-8
      dataserviceversion:
      - 3.0;
      date:
      - Mon, 06 Jul 2020 10:57:52 GMT
      duration:
      - '2362156'
      expires:
      - '-1'
      ocp-aad-diagnostics-server-name:
      - F+0qWsXPMMFeExC9uhymYvO8Rp+vGFWt1AldnZ813hc=
      ocp-aad-session-key:
      - svAX1CEMfjzgFoe5YmzmMnVW7EwShzX69o65wEKRHGhCFIm2a79kX8dkwx2KVrEbrQ5CGLFEapD8fOJvx-zsCCuNpNxYd0sv2fLjHg3aYtiT2MZsPKhfImKkjXy6MLek.MuZJx6hqCdHM3-K4znvLJozB4x0hDRrU95yiZGzyMmo
      pragma:
      - no-cache
      request-id:
      - 8fc2d078-3bd8-490e-a0ad-46a7c56f041c
      strict-transport-security:
      - max-age=31536000; includeSubDomains
      x-aad-resource-unit:
      - '1'
      x-aspnet-version:
      - 4.0.30319
      x-ms-dirapi-data-contract-version:
      - '1.6'
      x-powered-by:
      - ASP.NET
    status:
      code: 200
      message: OK
- request:
    body: '{"objectIds": ["34d8f8e1-43eb-47a4-9c8e-a25ce109b78c"], "includeDirectoryObjectReferences":
      true}'
    headers:
      Accept:
      - application/json
      Accept-Encoding:
      - gzip, deflate
      CommandName:
      - role assignment create
      Connection:
      - keep-alive
      Content-Length:
      - '97'
      Content-Type:
      - application/json; charset=utf-8
      ParameterSetName:
      - --assignee --role --scope
      User-Agent:
      - python/3.7.5 (Windows-10-10.0.18362-SP0) msrest/0.6.9 msrest_azure/0.6.3 azure-graphrbac/0.60.0
        Azure-SDK-For-Python AZURECLI/2.8.0
      accept-language:
      - en-US
    method: POST
    uri: https://graph.windows.net/00000000-0000-0000-0000-000000000000/getObjectsByObjectIds?api-version=1.6
  response:
    body:
      string: '{"odata.metadata":"https://graph.windows.net/00000000-0000-0000-0000-000000000000/$metadata#directoryObjects","value":[{"odata.type":"Microsoft.DirectoryServices.ServicePrincipal","objectType":"ServicePrincipal","objectId":"34d8f8e1-43eb-47a4-9c8e-a25ce109b78c","deletionTimestamp":null,"accountEnabled":true,"addIns":[],"alternativeNames":["isExplicit=False","/subscriptions/00000000-0000-0000-0000-000000000000/resourcegroups/cli_test_disk_encryption_set_disk_update_000001/providers/Microsoft.Compute/diskEncryptionSets/des1-000004"],"appDisplayName":null,"appId":"c31da5d7-47b3-42bd-8609-ff76c8554bbe","applicationTemplateId":null,"appOwnerTenantId":null,"appRoleAssignmentRequired":false,"appRoles":[],"displayName":"des1-000004","errorUrl":null,"homepage":null,"informationalUrls":null,"keyCredentials":[{"customKeyIdentifier":"31DB6B38BBE333006D641B8C4CF9F0996D4E98CC","endDate":"2020-10-04T10:51:00Z","keyId":"0d84884a-5a58-41c4-997b-2cceaa0542d7","startDate":"2020-07-06T10:51:00Z","type":"AsymmetricX509Cert","usage":"Verify","value":null}],"logoutUrl":null,"notificationEmailAddresses":[],"oauth2Permissions":[],"passwordCredentials":[],"preferredSingleSignOnMode":null,"preferredTokenSigningKeyEndDateTime":null,"preferredTokenSigningKeyThumbprint":null,"publisherName":null,"replyUrls":[],"samlMetadataUrl":null,"samlSingleSignOnSettings":null,"servicePrincipalNames":["c31da5d7-47b3-42bd-8609-ff76c8554bbe","https://identity.azure.net/+IK+kJqzCFpEZWsG5l8y8yEfiZ3UUD91DgJcu6F+WF8="],"servicePrincipalType":"ManagedIdentity","signInAudience":null,"tags":[],"tokenEncryptionKeyId":null}]}'
    headers:
      access-control-allow-origin:
      - '*'
      cache-control:
      - no-cache
      content-length:
      - '1645'
      content-type:
      - application/json; odata=minimalmetadata; streaming=true; charset=utf-8
      dataserviceversion:
      - 3.0;
      date:
      - Mon, 06 Jul 2020 10:57:53 GMT
      duration:
      - '4344680'
      expires:
      - '-1'
      ocp-aad-diagnostics-server-name:
      - nAhXiMANHtKE8BmQgTX7wYmmkEKlgXWbsDYmbHZKTUU=
      ocp-aad-session-key:
      - uI0iE82t7ucITavMtLr2kxKA_h9FaZ0fjfXUbCQBOwSmmovw42U-BLvUIjSr4a1NB_dx7Tft81wdvvAvfetaCLcT1DG52LLAqjGcKoizZAEYQrZALaWZH93O4Su_TTpg.EbNSdP4vjyD8MHa8wFlLppfa4vKK20dHcBLNAjRvxTk
      pragma:
      - no-cache
      request-id:
      - a2d9c693-ecb4-449a-9482-15d785c410e2
      strict-transport-security:
      - max-age=31536000; includeSubDomains
      x-aad-resource-unit:
      - '3'
      x-aspnet-version:
      - 4.0.30319
      x-ms-dirapi-data-contract-version:
      - '1.6'
      x-powered-by:
      - ASP.NET
    status:
      code: 200
      message: OK
- request:
    body: '{"properties": {"roleDefinitionId": "/subscriptions/00000000-0000-0000-0000-000000000000/providers/Microsoft.Authorization/roleDefinitions/acdd72a7-3385-48ef-bd42-f606fba81ae7",
      "principalId": "34d8f8e1-43eb-47a4-9c8e-a25ce109b78c"}}'
    headers:
      Accept:
      - application/json
      Accept-Encoding:
      - gzip, deflate
      CommandName:
      - role assignment create
      Connection:
      - keep-alive
      Content-Length:
      - '233'
      Content-Type:
      - application/json; charset=utf-8
      Cookie:
      - x-ms-gateway-slice=Production
      ParameterSetName:
      - --assignee --role --scope
      User-Agent:
      - python/3.7.5 (Windows-10-10.0.18362-SP0) msrest/0.6.9 msrest_azure/0.6.3 azure-mgmt-authorization/0.52.0
        Azure-SDK-For-Python AZURECLI/2.8.0
      accept-language:
      - en-US
    method: PUT
    uri: https://management.azure.com/subscriptions/00000000-0000-0000-0000-000000000000/resourceGroups/cli_test_disk_encryption_set_disk_update_000001/providers/Microsoft.KeyVault/vaults/vault3-000002/providers/Microsoft.Authorization/roleAssignments/88888888-0000-0000-0000-000000000001?api-version=2018-09-01-preview
  response:
    body:
      string: '{"properties":{"roleDefinitionId":"/subscriptions/00000000-0000-0000-0000-000000000000/providers/Microsoft.Authorization/roleDefinitions/acdd72a7-3385-48ef-bd42-f606fba81ae7","principalId":"34d8f8e1-43eb-47a4-9c8e-a25ce109b78c","principalType":"ServicePrincipal","scope":"/subscriptions/00000000-0000-0000-0000-000000000000/resourceGroups/cli_test_disk_encryption_set_disk_update_000001/providers/Microsoft.KeyVault/vaults/vault3-000002","createdOn":"2020-07-06T10:57:54.1830421Z","updatedOn":"2020-07-06T10:57:54.1830421Z","createdBy":null,"updatedBy":"9ac02ab3-5061-4ec6-a3d8-2cdaa5f29efa"},"id":"/subscriptions/00000000-0000-0000-0000-000000000000/resourceGroups/cli_test_disk_encryption_set_disk_update_000001/providers/Microsoft.KeyVault/vaults/vault3-000002/providers/Microsoft.Authorization/roleAssignments/88888888-0000-0000-0000-000000000001","type":"Microsoft.Authorization/roleAssignments","name":"88888888-0000-0000-0000-000000000001"}'
    headers:
      cache-control:
      - no-cache
      content-length:
      - '1017'
      content-type:
      - application/json; charset=utf-8
      date:
      - Mon, 06 Jul 2020 10:57:59 GMT
      expires:
      - '-1'
      pragma:
      - no-cache
      set-cookie:
      - x-ms-gateway-slice=Production; path=/; secure; HttpOnly; SameSite=None
      strict-transport-security:
      - max-age=31536000; includeSubDomains
      x-content-type-options:
      - nosniff
      x-ms-ratelimit-remaining-subscription-writes:
      - '1194'
    status:
      code: 201
      message: Created
- request:
    body: null
    headers:
      Accept:
      - application/json
      Accept-Encoding:
      - gzip, deflate
      CommandName:
      - disk create
      Connection:
      - keep-alive
      ParameterSetName:
      - -g -n --size-gb
      User-Agent:
      - python/3.7.5 (Windows-10-10.0.18362-SP0) msrest/0.6.9 msrest_azure/0.6.3 azure-mgmt-resource/10.0.0
        Azure-SDK-For-Python AZURECLI/2.8.0
      accept-language:
      - en-US
    method: GET
    uri: https://management.azure.com/subscriptions/00000000-0000-0000-0000-000000000000/resourcegroups/cli_test_disk_encryption_set_disk_update_000001?api-version=2019-07-01
  response:
    body:
      string: '{"id":"/subscriptions/00000000-0000-0000-0000-000000000000/resourceGroups/cli_test_disk_encryption_set_disk_update_000001","name":"cli_test_disk_encryption_set_disk_update_000001","type":"Microsoft.Resources/resourceGroups","location":"westcentralus","tags":{"product":"azurecli","cause":"automation","date":"2020-07-06T10:56:04Z"},"properties":{"provisioningState":"Succeeded"}}'
    headers:
      cache-control:
      - no-cache
      content-length:
      - '435'
      content-type:
      - application/json; charset=utf-8
      date:
      - Mon, 06 Jul 2020 10:58:15 GMT
      expires:
      - '-1'
      pragma:
      - no-cache
      strict-transport-security:
      - max-age=31536000; includeSubDomains
      vary:
      - Accept-Encoding
      x-content-type-options:
      - nosniff
    status:
      code: 200
      message: OK
- request:
    body: '{"location": "westcentralus", "tags": {}, "sku": {"name": "Premium_LRS"},
      "properties": {"hyperVGeneration": "V1", "creationData": {"createOption": "Empty"},
      "diskSizeGB": 10}}'
    headers:
      Accept:
      - application/json
      Accept-Encoding:
      - gzip, deflate
      CommandName:
      - disk create
      Connection:
      - keep-alive
      Content-Length:
      - '176'
      Content-Type:
      - application/json; charset=utf-8
      ParameterSetName:
      - -g -n --size-gb
      User-Agent:
      - python/3.7.5 (Windows-10-10.0.18362-SP0) msrest/0.6.9 msrest_azure/0.6.3 azure-mgmt-compute/12.0.0
        Azure-SDK-For-Python AZURECLI/2.8.0
      accept-language:
      - en-US
    method: PUT
    uri: https://management.azure.com/subscriptions/00000000-0000-0000-0000-000000000000/resourceGroups/cli_test_disk_encryption_set_disk_update_000001/providers/Microsoft.Compute/disks/disk-000005?api-version=2019-11-01
  response:
    body:
      string: "{\r\n  \"name\": \"disk-000005\",\r\n  \"location\": \"westcentralus\",\r\n
        \ \"tags\": {},\r\n  \"sku\": {\r\n    \"name\": \"Premium_LRS\"\r\n  },\r\n
        \ \"properties\": {\r\n    \"hyperVGeneration\": \"V1\",\r\n    \"creationData\":
        {\r\n      \"createOption\": \"Empty\"\r\n    },\r\n    \"diskSizeGB\": 10,\r\n
        \   \"provisioningState\": \"Updating\",\r\n    \"isArmResource\": true\r\n
        \ }\r\n}"
    headers:
      azure-asyncoperation:
      - https://management.azure.com/subscriptions/00000000-0000-0000-0000-000000000000/providers/Microsoft.Compute/locations/westcentralus/DiskOperations/107c9d36-504e-46ed-872d-4b254fdfd3df?api-version=2019-11-01
      cache-control:
      - no-cache
      content-length:
      - '336'
      content-type:
      - application/json; charset=utf-8
      date:
      - Mon, 06 Jul 2020 10:58:19 GMT
      expires:
      - '-1'
      location:
      - https://management.azure.com/subscriptions/00000000-0000-0000-0000-000000000000/providers/Microsoft.Compute/locations/westcentralus/DiskOperations/107c9d36-504e-46ed-872d-4b254fdfd3df?monitor=true&api-version=2019-11-01
      pragma:
      - no-cache
      server:
      - Microsoft-HTTPAPI/2.0
      - Microsoft-HTTPAPI/2.0
      strict-transport-security:
      - max-age=31536000; includeSubDomains
      x-content-type-options:
      - nosniff
      x-ms-ratelimit-remaining-resource:
      - Microsoft.Compute/CreateUpdateDisks3Min;999,Microsoft.Compute/CreateUpdateDisks30Min;7996
      x-ms-ratelimit-remaining-subscription-writes:
      - '1192'
    status:
      code: 202
      message: Accepted
- request:
    body: null
    headers:
      Accept:
      - application/json
      Accept-Encoding:
      - gzip, deflate
      CommandName:
      - disk create
      Connection:
      - keep-alive
      ParameterSetName:
      - -g -n --size-gb
      User-Agent:
      - python/3.7.5 (Windows-10-10.0.18362-SP0) msrest/0.6.9 msrest_azure/0.6.3 azure-mgmt-compute/12.0.0
        Azure-SDK-For-Python AZURECLI/2.8.0
    method: GET
    uri: https://management.azure.com/subscriptions/00000000-0000-0000-0000-000000000000/providers/Microsoft.Compute/locations/westcentralus/DiskOperations/107c9d36-504e-46ed-872d-4b254fdfd3df?api-version=2019-11-01
  response:
    body:
      string: "{\r\n  \"startTime\": \"2020-07-06T10:58:19.8775047+00:00\",\r\n  \"endTime\":
        \"2020-07-06T10:58:20.0025542+00:00\",\r\n  \"status\": \"Succeeded\",\r\n
        \ \"properties\": {\r\n    \"output\": {\r\n  \"name\": \"disk-000005\",\r\n
        \ \"id\": \"/subscriptions/00000000-0000-0000-0000-000000000000/resourceGroups/cli_test_disk_encryption_set_disk_update_000001/providers/Microsoft.Compute/disks/disk-000005\",\r\n
        \ \"type\": \"Microsoft.Compute/disks\",\r\n  \"location\": \"westcentralus\",\r\n
        \ \"tags\": {},\r\n  \"sku\": {\r\n    \"name\": \"Premium_LRS\",\r\n    \"tier\":
        \"Premium\"\r\n  },\r\n  \"properties\": {\r\n    \"hyperVGeneration\": \"V1\",\r\n
        \   \"creationData\": {\r\n      \"createOption\": \"Empty\"\r\n    },\r\n
        \   \"diskSizeGB\": 10,\r\n    \"diskIOPSReadWrite\": 120,\r\n    \"diskMBpsReadWrite\":
        25,\r\n    \"encryption\": {\r\n      \"type\": \"EncryptionAtRestWithPlatformKey\"\r\n
        \   },\r\n    \"timeCreated\": \"2020-07-06T10:58:19.8775047+00:00\",\r\n
        \   \"provisioningState\": \"Succeeded\",\r\n    \"diskState\": \"Unattached\",\r\n
        \   \"diskSizeBytes\": 10737418240,\r\n    \"uniqueId\": \"73b48910-f2a0-4149-882e-f3b03ae583f0\"\r\n
        \ }\r\n}\r\n  },\r\n  \"name\": \"107c9d36-504e-46ed-872d-4b254fdfd3df\"\r\n}"
    headers:
      cache-control:
      - no-cache
      content-length:
      - '1126'
      content-type:
      - application/json; charset=utf-8
      date:
      - Mon, 06 Jul 2020 10:58:23 GMT
      expires:
      - '-1'
      pragma:
      - no-cache
      server:
      - Microsoft-HTTPAPI/2.0
      - Microsoft-HTTPAPI/2.0
      strict-transport-security:
      - max-age=31536000; includeSubDomains
      transfer-encoding:
      - chunked
      vary:
      - Accept-Encoding
      x-content-type-options:
      - nosniff
      x-ms-ratelimit-remaining-resource:
      - Microsoft.Compute/GetOperation3Min;49997,Microsoft.Compute/GetOperation30Min;399957
    status:
      code: 200
      message: OK
- request:
    body: null
    headers:
      Accept:
      - application/json
      Accept-Encoding:
      - gzip, deflate
      CommandName:
      - disk create
      Connection:
      - keep-alive
      ParameterSetName:
      - -g -n --size-gb
      User-Agent:
      - python/3.7.5 (Windows-10-10.0.18362-SP0) msrest/0.6.9 msrest_azure/0.6.3 azure-mgmt-compute/12.0.0
        Azure-SDK-For-Python AZURECLI/2.8.0
    method: GET
    uri: https://management.azure.com/subscriptions/00000000-0000-0000-0000-000000000000/resourceGroups/cli_test_disk_encryption_set_disk_update_000001/providers/Microsoft.Compute/disks/disk-000005?api-version=2019-11-01
  response:
    body:
      string: "{\r\n  \"name\": \"disk-000005\",\r\n  \"id\": \"/subscriptions/00000000-0000-0000-0000-000000000000/resourceGroups/cli_test_disk_encryption_set_disk_update_000001/providers/Microsoft.Compute/disks/disk-000005\",\r\n
        \ \"type\": \"Microsoft.Compute/disks\",\r\n  \"location\": \"westcentralus\",\r\n
        \ \"tags\": {},\r\n  \"sku\": {\r\n    \"name\": \"Premium_LRS\",\r\n    \"tier\":
        \"Premium\"\r\n  },\r\n  \"properties\": {\r\n    \"hyperVGeneration\": \"V1\",\r\n
        \   \"creationData\": {\r\n      \"createOption\": \"Empty\"\r\n    },\r\n
        \   \"diskSizeGB\": 10,\r\n    \"diskIOPSReadWrite\": 120,\r\n    \"diskMBpsReadWrite\":
        25,\r\n    \"encryption\": {\r\n      \"type\": \"EncryptionAtRestWithPlatformKey\"\r\n
        \   },\r\n    \"timeCreated\": \"2020-07-06T10:58:19.8775047+00:00\",\r\n
        \   \"provisioningState\": \"Succeeded\",\r\n    \"diskState\": \"Unattached\",\r\n
        \   \"diskSizeBytes\": 10737418240,\r\n    \"uniqueId\": \"73b48910-f2a0-4149-882e-f3b03ae583f0\"\r\n
        \ }\r\n}"
    headers:
      cache-control:
      - no-cache
      content-length:
      - '901'
      content-type:
      - application/json; charset=utf-8
      date:
      - Mon, 06 Jul 2020 10:58:23 GMT
      expires:
      - '-1'
      pragma:
      - no-cache
      server:
      - Microsoft-HTTPAPI/2.0
      - Microsoft-HTTPAPI/2.0
      strict-transport-security:
      - max-age=31536000; includeSubDomains
      transfer-encoding:
      - chunked
      vary:
      - Accept-Encoding
      x-content-type-options:
      - nosniff
      x-ms-ratelimit-remaining-resource:
      - Microsoft.Compute/LowCostGet3Min;4986,Microsoft.Compute/LowCostGet30Min;39918
    status:
      code: 200
      message: OK
- request:
    body: null
    headers:
      Accept:
      - application/json
      Accept-Encoding:
      - gzip, deflate
      CommandName:
      - disk update
      Connection:
      - keep-alive
      ParameterSetName:
      - -g -n --disk-encryption-set --encryption-type
      User-Agent:
      - python/3.7.5 (Windows-10-10.0.18362-SP0) msrest/0.6.9 msrest_azure/0.6.3 azure-mgmt-compute/12.0.0
        Azure-SDK-For-Python AZURECLI/2.8.0
      accept-language:
      - en-US
    method: GET
    uri: https://management.azure.com/subscriptions/00000000-0000-0000-0000-000000000000/resourceGroups/cli_test_disk_encryption_set_disk_update_000001/providers/Microsoft.Compute/disks/disk-000005?api-version=2019-11-01
  response:
    body:
      string: "{\r\n  \"name\": \"disk-000005\",\r\n  \"id\": \"/subscriptions/00000000-0000-0000-0000-000000000000/resourceGroups/cli_test_disk_encryption_set_disk_update_000001/providers/Microsoft.Compute/disks/disk-000005\",\r\n
        \ \"type\": \"Microsoft.Compute/disks\",\r\n  \"location\": \"westcentralus\",\r\n
        \ \"tags\": {},\r\n  \"sku\": {\r\n    \"name\": \"Premium_LRS\",\r\n    \"tier\":
        \"Premium\"\r\n  },\r\n  \"properties\": {\r\n    \"hyperVGeneration\": \"V1\",\r\n
        \   \"creationData\": {\r\n      \"createOption\": \"Empty\"\r\n    },\r\n
        \   \"diskSizeGB\": 10,\r\n    \"diskIOPSReadWrite\": 120,\r\n    \"diskMBpsReadWrite\":
        25,\r\n    \"encryption\": {\r\n      \"type\": \"EncryptionAtRestWithPlatformKey\"\r\n
        \   },\r\n    \"timeCreated\": \"2020-07-06T10:58:19.8775047+00:00\",\r\n
        \   \"provisioningState\": \"Succeeded\",\r\n    \"diskState\": \"Unattached\",\r\n
        \   \"diskSizeBytes\": 10737418240,\r\n    \"uniqueId\": \"73b48910-f2a0-4149-882e-f3b03ae583f0\"\r\n
        \ }\r\n}"
    headers:
      cache-control:
      - no-cache
      content-length:
      - '901'
      content-type:
      - application/json; charset=utf-8
      date:
      - Mon, 06 Jul 2020 10:58:24 GMT
      expires:
      - '-1'
      pragma:
      - no-cache
      server:
      - Microsoft-HTTPAPI/2.0
      - Microsoft-HTTPAPI/2.0
      strict-transport-security:
      - max-age=31536000; includeSubDomains
      transfer-encoding:
      - chunked
      vary:
      - Accept-Encoding
      x-content-type-options:
      - nosniff
      x-ms-ratelimit-remaining-resource:
      - Microsoft.Compute/LowCostGet3Min;4985,Microsoft.Compute/LowCostGet30Min;39917
    status:
      code: 200
      message: OK
- request:
    body: 'b''{"location": "westcentralus", "tags": {}, "sku": {"name": "Premium_LRS"},
      "properties": {"hyperVGeneration": "V1", "creationData": {"createOption": "Empty"},
      "diskSizeGB": 10, "diskIOPSReadWrite": 120, "diskMBpsReadWrite": 25, "encryption":
      {"diskEncryptionSetId": "/subscriptions/00000000-0000-0000-0000-000000000000/resourceGroups/cli_test_disk_encryption_set_disk_update_000001/providers/Microsoft.Compute/diskEncryptionSets/des1-000004",
      "type": "EncryptionAtRestWithCustomerKey"}}}'''
    headers:
      Accept:
      - application/json
      Accept-Encoding:
      - gzip, deflate
      CommandName:
      - disk update
      Connection:
      - keep-alive
      Content-Length:
      - '523'
      Content-Type:
      - application/json; charset=utf-8
      ParameterSetName:
      - -g -n --disk-encryption-set --encryption-type
      User-Agent:
      - python/3.7.5 (Windows-10-10.0.18362-SP0) msrest/0.6.9 msrest_azure/0.6.3 azure-mgmt-compute/12.0.0
        Azure-SDK-For-Python AZURECLI/2.8.0
      accept-language:
      - en-US
    method: PUT
    uri: https://management.azure.com/subscriptions/00000000-0000-0000-0000-000000000000/resourceGroups/cli_test_disk_encryption_set_disk_update_000001/providers/Microsoft.Compute/disks/disk-000005?api-version=2019-11-01
  response:
    body:
      string: "{\r\n  \"name\": \"disk-000005\",\r\n  \"location\": \"westcentralus\",\r\n
        \ \"tags\": {},\r\n  \"sku\": {\r\n    \"name\": \"Premium_LRS\"\r\n  },\r\n
        \ \"properties\": {\r\n    \"hyperVGeneration\": \"V1\",\r\n    \"creationData\":
        {\r\n      \"createOption\": \"Empty\"\r\n    },\r\n    \"diskSizeGB\": 10,\r\n
        \   \"encryption\": {\r\n      \"type\": \"EncryptionAtRestWithCustomerKey\",\r\n
        \     \"diskEncryptionSetId\": \"/subscriptions/00000000-0000-0000-0000-000000000000/resourceGroups/cli_test_disk_encryption_set_disk_update_000001/providers/Microsoft.Compute/diskEncryptionSets/des1-000004\"\r\n
        \   },\r\n    \"provisioningState\": \"Updating\",\r\n    \"isArmResource\":
        true\r\n  }\r\n}"
    headers:
      azure-asyncoperation:
      - https://management.azure.com/subscriptions/00000000-0000-0000-0000-000000000000/providers/Microsoft.Compute/locations/westcentralus/DiskOperations/78316555-fca7-4f67-9e07-56dece34a9ee?api-version=2019-11-01
      cache-control:
      - no-cache
      content-length:
      - '658'
      content-type:
      - application/json; charset=utf-8
      date:
      - Mon, 06 Jul 2020 10:58:27 GMT
      expires:
      - '-1'
      location:
      - https://management.azure.com/subscriptions/00000000-0000-0000-0000-000000000000/providers/Microsoft.Compute/locations/westcentralus/DiskOperations/78316555-fca7-4f67-9e07-56dece34a9ee?monitor=true&api-version=2019-11-01
      pragma:
      - no-cache
      server:
      - Microsoft-HTTPAPI/2.0
      - Microsoft-HTTPAPI/2.0
      strict-transport-security:
      - max-age=31536000; includeSubDomains
      x-content-type-options:
      - nosniff
      x-ms-ratelimit-remaining-resource:
      - Microsoft.Compute/CreateUpdateDisks3Min;998,Microsoft.Compute/CreateUpdateDisks30Min;7995
      x-ms-ratelimit-remaining-subscription-writes:
      - '1193'
    status:
      code: 202
      message: Accepted
- request:
    body: null
    headers:
      Accept:
      - application/json
      Accept-Encoding:
      - gzip, deflate
      CommandName:
      - disk update
      Connection:
      - keep-alive
      ParameterSetName:
      - -g -n --disk-encryption-set --encryption-type
      User-Agent:
      - python/3.7.5 (Windows-10-10.0.18362-SP0) msrest/0.6.9 msrest_azure/0.6.3 azure-mgmt-compute/12.0.0
        Azure-SDK-For-Python AZURECLI/2.8.0
    method: GET
    uri: https://management.azure.com/subscriptions/00000000-0000-0000-0000-000000000000/providers/Microsoft.Compute/locations/westcentralus/DiskOperations/78316555-fca7-4f67-9e07-56dece34a9ee?api-version=2019-11-01
  response:
    body:
      string: "{\r\n  \"startTime\": \"2020-07-06T10:58:27.1119155+00:00\",\r\n  \"endTime\":
        \"2020-07-06T10:58:28.2057659+00:00\",\r\n  \"status\": \"Succeeded\",\r\n
        \ \"properties\": {\r\n    \"output\": {\r\n  \"name\": \"disk-000005\",\r\n
        \ \"id\": \"/subscriptions/00000000-0000-0000-0000-000000000000/resourceGroups/cli_test_disk_encryption_set_disk_update_000001/providers/Microsoft.Compute/disks/disk-000005\",\r\n
        \ \"type\": \"Microsoft.Compute/disks\",\r\n  \"location\": \"westcentralus\",\r\n
        \ \"tags\": {},\r\n  \"sku\": {\r\n    \"name\": \"Premium_LRS\",\r\n    \"tier\":
        \"Premium\"\r\n  },\r\n  \"properties\": {\r\n    \"hyperVGeneration\": \"V1\",\r\n
        \   \"creationData\": {\r\n      \"createOption\": \"Empty\"\r\n    },\r\n
        \   \"diskSizeGB\": 10,\r\n    \"diskIOPSReadWrite\": 120,\r\n    \"diskMBpsReadWrite\":
        25,\r\n    \"encryption\": {\r\n      \"type\": \"EncryptionAtRestWithCustomerKey\",\r\n
        \     \"diskEncryptionSetId\": \"/subscriptions/00000000-0000-0000-0000-000000000000/resourceGroups/CLI_TEST_DISK_ENCRYPTION_SET_DISK_UPDATE_56E4ZO2AGN7FLMTBVW7WBREK76CWYREWGK/providers/Microsoft.Compute/diskEncryptionSets/des1-000004\"\r\n
        \   },\r\n    \"timeCreated\": \"2020-07-06T10:58:19.8775047+00:00\",\r\n
        \   \"provisioningState\": \"Succeeded\",\r\n    \"diskState\": \"Unattached\",\r\n
        \   \"diskSizeBytes\": 10737418240,\r\n    \"uniqueId\": \"73b48910-f2a0-4149-882e-f3b03ae583f0\"\r\n
        \ }\r\n}\r\n  },\r\n  \"name\": \"78316555-fca7-4f67-9e07-56dece34a9ee\"\r\n}"
    headers:
      cache-control:
      - no-cache
      content-length:
      - '1370'
      content-type:
      - application/json; charset=utf-8
      date:
      - Mon, 06 Jul 2020 10:58:30 GMT
      expires:
      - '-1'
      pragma:
      - no-cache
      server:
      - Microsoft-HTTPAPI/2.0
      - Microsoft-HTTPAPI/2.0
      strict-transport-security:
      - max-age=31536000; includeSubDomains
      transfer-encoding:
      - chunked
      vary:
      - Accept-Encoding
      x-content-type-options:
      - nosniff
      x-ms-ratelimit-remaining-resource:
      - Microsoft.Compute/GetOperation3Min;49995,Microsoft.Compute/GetOperation30Min;399955
    status:
      code: 200
      message: OK
- request:
    body: null
    headers:
      Accept:
      - application/json
      Accept-Encoding:
      - gzip, deflate
      CommandName:
      - disk update
      Connection:
      - keep-alive
      ParameterSetName:
      - -g -n --disk-encryption-set --encryption-type
      User-Agent:
      - python/3.7.5 (Windows-10-10.0.18362-SP0) msrest/0.6.9 msrest_azure/0.6.3 azure-mgmt-compute/12.0.0
        Azure-SDK-For-Python AZURECLI/2.8.0
    method: GET
    uri: https://management.azure.com/subscriptions/00000000-0000-0000-0000-000000000000/resourceGroups/cli_test_disk_encryption_set_disk_update_000001/providers/Microsoft.Compute/disks/disk-000005?api-version=2019-11-01
  response:
    body:
      string: "{\r\n  \"name\": \"disk-000005\",\r\n  \"id\": \"/subscriptions/00000000-0000-0000-0000-000000000000/resourceGroups/cli_test_disk_encryption_set_disk_update_000001/providers/Microsoft.Compute/disks/disk-000005\",\r\n
        \ \"type\": \"Microsoft.Compute/disks\",\r\n  \"location\": \"westcentralus\",\r\n
        \ \"tags\": {},\r\n  \"sku\": {\r\n    \"name\": \"Premium_LRS\",\r\n    \"tier\":
        \"Premium\"\r\n  },\r\n  \"properties\": {\r\n    \"hyperVGeneration\": \"V1\",\r\n
        \   \"creationData\": {\r\n      \"createOption\": \"Empty\"\r\n    },\r\n
        \   \"diskSizeGB\": 10,\r\n    \"diskIOPSReadWrite\": 120,\r\n    \"diskMBpsReadWrite\":
        25,\r\n    \"encryption\": {\r\n      \"type\": \"EncryptionAtRestWithCustomerKey\",\r\n
        \     \"diskEncryptionSetId\": \"/subscriptions/00000000-0000-0000-0000-000000000000/resourceGroups/CLI_TEST_DISK_ENCRYPTION_SET_DISK_UPDATE_56E4ZO2AGN7FLMTBVW7WBREK76CWYREWGK/providers/Microsoft.Compute/diskEncryptionSets/des1-000004\"\r\n
        \   },\r\n    \"timeCreated\": \"2020-07-06T10:58:19.8775047+00:00\",\r\n
        \   \"provisioningState\": \"Succeeded\",\r\n    \"diskState\": \"Unattached\",\r\n
        \   \"diskSizeBytes\": 10737418240,\r\n    \"uniqueId\": \"73b48910-f2a0-4149-882e-f3b03ae583f0\"\r\n
        \ }\r\n}"
    headers:
      cache-control:
      - no-cache
      content-length:
      - '1145'
      content-type:
      - application/json; charset=utf-8
      date:
      - Mon, 06 Jul 2020 10:58:30 GMT
      expires:
      - '-1'
      pragma:
      - no-cache
      server:
      - Microsoft-HTTPAPI/2.0
      - Microsoft-HTTPAPI/2.0
      strict-transport-security:
      - max-age=31536000; includeSubDomains
      transfer-encoding:
      - chunked
      vary:
      - Accept-Encoding
      x-content-type-options:
      - nosniff
      x-ms-ratelimit-remaining-resource:
      - Microsoft.Compute/LowCostGet3Min;4984,Microsoft.Compute/LowCostGet30Min;39914
    status:
      code: 200
      message: OK
version: 1
