interactions:
- request:
    body: null
    headers:
      Accept:
      - application/json
      Accept-Encoding:
      - gzip, deflate
      CommandName:
      - sig create
      Connection:
      - keep-alive
      ParameterSetName:
      - -g --gallery-name --permissions --publisher-uri --publisher-email --eula --public-name-prefix
      User-Agent:
      - AZURECLI/2.41.0 azsdk-python-azure-mgmt-resource/21.1.0b1 Python/3.8.10 (Windows-10-10.0.22000-SP0)
    method: GET
    uri: https://management.azure.com/subscriptions/00000000-0000-0000-0000-000000000000/resourcegroups/cli_test_community_gallery_operations_000001?api-version=2021-04-01
  response:
    body:
      string: '{"id":"/subscriptions/00000000-0000-0000-0000-000000000000/resourceGroups/cli_test_community_gallery_operations_000001","name":"cli_test_community_gallery_operations_000001","type":"Microsoft.Resources/resourceGroups","location":"centraluseuap","tags":{"product":"azurecli","cause":"automation","date":"2022-10-20T06:50:28Z"},"properties":{"provisioningState":"Succeeded"}}'
    headers:
      cache-control:
      - no-cache
      content-length:
      - '373'
      content-type:
      - application/json; charset=utf-8
      date:
      - Thu, 20 Oct 2022 06:50:32 GMT
      expires:
      - '-1'
      pragma:
      - no-cache
      strict-transport-security:
      - max-age=31536000; includeSubDomains
      vary:
      - Accept-Encoding
      x-content-type-options:
      - nosniff
    status:
      code: 200
      message: OK
- request:
    body: '{"location": "centraluseuap", "tags": {}, "properties": {"sharingProfile":
      {"permissions": "Community", "communityGalleryInfo": {"publisherUri": "puburi",
      "publisherContact": "abc@123.com", "eula": "eula", "publicNamePrefix": "pubname"}}}}'
    headers:
      Accept:
      - application/json
      Accept-Encoding:
      - gzip, deflate
      CommandName:
      - sig create
      Connection:
      - keep-alive
      Content-Length:
      - '239'
      Content-Type:
      - application/json
      ParameterSetName:
      - -g --gallery-name --permissions --publisher-uri --publisher-email --eula --public-name-prefix
      User-Agent:
      - AZURECLI/2.41.0 azsdk-python-azure-mgmt-compute/29.0.0 Python/3.8.10 (Windows-10-10.0.22000-SP0)
    method: PUT
    uri: https://management.azure.com/subscriptions/00000000-0000-0000-0000-000000000000/resourceGroups/cli_test_community_gallery_operations_000001/providers/Microsoft.Compute/galleries/gellery000003?api-version=2021-10-01
  response:
    body:
      string: "{\r\n  \"name\": \"gellery000003\",\r\n  \"id\": \"/subscriptions/00000000-0000-0000-0000-000000000000/resourceGroups/cli_test_community_gallery_operations_000001/providers/Microsoft.Compute/galleries/gellery000003\",\r\n
        \ \"type\": \"Microsoft.Compute/galleries\",\r\n  \"location\": \"centraluseuap\",\r\n
        \ \"tags\": {},\r\n  \"properties\": {\r\n    \"identifier\": {\r\n      \"uniqueName\":
        \"0b1f6471-1bf0-4dda-aec3-cb9272f09590-GELLERY7LMXZ5SCM\"\r\n    },\r\n    \"sharingProfile\":
        {\r\n      \"permissions\": \"Community\",\r\n      \"communityGalleryInfo\":
        {\r\n        \"communityGalleryEnabled\": false,\r\n        \"publisherUri\":
        \"puburi\",\r\n        \"publisherContact\": \"abc@123.com\",\r\n        \"eula\":
        \"eula\",\r\n        \"publicNames\": [\r\n          \"pubname-eb9ccf25-a5bc-4d3f-9e8d-ba11862baad3\"\r\n
        \       ]\r\n      }\r\n    },\r\n    \"provisioningState\": \"Creating\"\r\n
        \ }\r\n}"
    headers:
      azure-asyncoperation:
      - https://management.azure.com/subscriptions/00000000-0000-0000-0000-000000000000/providers/Microsoft.Compute/locations/CentralUSEUAP/capsOperations/208f2a50-d33a-4c6f-b706-8a3b34ecf3fc?api-version=2021-10-01
      cache-control:
      - no-cache
      content-length:
      - '816'
      content-type:
      - application/json; charset=utf-8
      date:
      - Thu, 20 Oct 2022 06:50:38 GMT
      expires:
      - '-1'
      pragma:
      - no-cache
      server:
      - Microsoft-HTTPAPI/2.0
      - Microsoft-HTTPAPI/2.0
      strict-transport-security:
      - max-age=31536000; includeSubDomains
      x-content-type-options:
      - nosniff
      x-ms-ratelimit-remaining-resource:
      - Microsoft.Compute/CreateUpdateGallery3Min;49,Microsoft.Compute/CreateUpdateGallery30Min;299
      x-ms-ratelimit-remaining-subscription-writes:
      - '1195'
    status:
      code: 201
      message: Created
- request:
    body: null
    headers:
      Accept:
      - '*/*'
      Accept-Encoding:
      - gzip, deflate
      CommandName:
      - sig create
      Connection:
      - keep-alive
      ParameterSetName:
      - -g --gallery-name --permissions --publisher-uri --publisher-email --eula --public-name-prefix
      User-Agent:
      - AZURECLI/2.41.0 azsdk-python-azure-mgmt-compute/29.0.0 Python/3.8.10 (Windows-10-10.0.22000-SP0)
    method: GET
    uri: https://management.azure.com/subscriptions/00000000-0000-0000-0000-000000000000/providers/Microsoft.Compute/locations/CentralUSEUAP/capsOperations/208f2a50-d33a-4c6f-b706-8a3b34ecf3fc?api-version=2021-10-01
  response:
    body:
      string: "{\r\n  \"startTime\": \"2022-10-20T06:50:38.3434854+00:00\",\r\n  \"endTime\":
        \"2022-10-20T06:50:38.6403893+00:00\",\r\n  \"status\": \"Succeeded\",\r\n
        \ \"name\": \"208f2a50-d33a-4c6f-b706-8a3b34ecf3fc\"\r\n}"
    headers:
      cache-control:
      - no-cache
      content-length:
      - '184'
      content-type:
      - application/json; charset=utf-8
      date:
      - Thu, 20 Oct 2022 06:51:09 GMT
      expires:
      - '-1'
      pragma:
      - no-cache
      server:
      - Microsoft-HTTPAPI/2.0
      - Microsoft-HTTPAPI/2.0
      strict-transport-security:
      - max-age=31536000; includeSubDomains
      transfer-encoding:
      - chunked
      vary:
      - Accept-Encoding
      x-content-type-options:
      - nosniff
      x-ms-ratelimit-remaining-resource:
      - Microsoft.Compute/GetOperationStatus3Min;1198,Microsoft.Compute/GetOperationStatus30Min;4198
    status:
      code: 200
      message: OK
- request:
    body: null
    headers:
      Accept:
      - '*/*'
      Accept-Encoding:
      - gzip, deflate
      CommandName:
      - sig create
      Connection:
      - keep-alive
      ParameterSetName:
      - -g --gallery-name --permissions --publisher-uri --publisher-email --eula --public-name-prefix
      User-Agent:
      - AZURECLI/2.41.0 azsdk-python-azure-mgmt-compute/29.0.0 Python/3.8.10 (Windows-10-10.0.22000-SP0)
    method: GET
    uri: https://management.azure.com/subscriptions/00000000-0000-0000-0000-000000000000/resourceGroups/cli_test_community_gallery_operations_000001/providers/Microsoft.Compute/galleries/gellery000003?api-version=2021-10-01
  response:
    body:
      string: "{\r\n  \"name\": \"gellery000003\",\r\n  \"id\": \"/subscriptions/00000000-0000-0000-0000-000000000000/resourceGroups/cli_test_community_gallery_operations_000001/providers/Microsoft.Compute/galleries/gellery000003\",\r\n
        \ \"type\": \"Microsoft.Compute/galleries\",\r\n  \"location\": \"centraluseuap\",\r\n
        \ \"tags\": {},\r\n  \"properties\": {\r\n    \"identifier\": {\r\n      \"uniqueName\":
        \"0b1f6471-1bf0-4dda-aec3-cb9272f09590-GELLERY7LMXZ5SCM\"\r\n    },\r\n    \"sharingProfile\":
        {\r\n      \"permissions\": \"Community\",\r\n      \"communityGalleryInfo\":
        {\r\n        \"communityGalleryEnabled\": false,\r\n        \"publisherUri\":
        \"puburi\",\r\n        \"publisherContact\": \"abc@123.com\",\r\n        \"eula\":
        \"eula\",\r\n        \"publicNames\": [\r\n          \"pubname-eb9ccf25-a5bc-4d3f-9e8d-ba11862baad3\"\r\n
        \       ]\r\n      }\r\n    },\r\n    \"provisioningState\": \"Succeeded\"\r\n
        \ }\r\n}"
    headers:
      cache-control:
      - no-cache
      content-length:
      - '817'
      content-type:
      - application/json; charset=utf-8
      date:
      - Thu, 20 Oct 2022 06:51:09 GMT
      expires:
      - '-1'
      pragma:
      - no-cache
      server:
      - Microsoft-HTTPAPI/2.0
      - Microsoft-HTTPAPI/2.0
      strict-transport-security:
      - max-age=31536000; includeSubDomains
      transfer-encoding:
      - chunked
      vary:
      - Accept-Encoding
      x-content-type-options:
      - nosniff
      x-ms-ratelimit-remaining-resource:
      - Microsoft.Compute/GetGallery3Min;346,Microsoft.Compute/GetGallery30Min;2496
    status:
      code: 200
      message: OK
- request:
    body: '{"operationType": "EnableCommunity", "groups": []}'
    headers:
      Accept:
      - application/json
      Accept-Encoding:
      - gzip, deflate
      CommandName:
      - sig share enable-community
      Connection:
      - keep-alive
      Content-Length:
      - '50'
      Content-Type:
      - application/json
      ParameterSetName:
      - -r -g
      User-Agent:
      - AZURECLI/2.41.0 azsdk-python-azure-mgmt-compute/29.0.0 Python/3.8.10 (Windows-10-10.0.22000-SP0)
    method: POST
    uri: https://management.azure.com/subscriptions/00000000-0000-0000-0000-000000000000/resourceGroups/cli_test_community_gallery_operations_000001/providers/Microsoft.Compute/galleries/gellery000003/share?api-version=2022-03-03
  response:
    body:
      string: ''
    headers:
      azure-asyncoperation:
      - https://management.azure.com/subscriptions/00000000-0000-0000-0000-000000000000/providers/Microsoft.Compute/locations/CentralUSEUAP/capsOperations/f5212710-7479-4e71-bd31-e0eaac940cd2?api-version=2022-03-03
      cache-control:
      - no-cache
      content-length:
      - '0'
      date:
      - Thu, 20 Oct 2022 06:51:10 GMT
      expires:
      - '-1'
      location:
      - https://management.azure.com/subscriptions/00000000-0000-0000-0000-000000000000/providers/Microsoft.Compute/locations/CentralUSEUAP/capsOperations/f5212710-7479-4e71-bd31-e0eaac940cd2?monitor=true&api-version=2022-03-03
      pragma:
      - no-cache
      server:
      - Microsoft-HTTPAPI/2.0
      - Microsoft-HTTPAPI/2.0
      strict-transport-security:
      - max-age=31536000; includeSubDomains
      x-content-type-options:
      - nosniff
      x-ms-ratelimit-remaining-resource:
      - Microsoft.Compute/PostShareGallery3Min;9,Microsoft.Compute/PostShareGallery30Min;59
      x-ms-ratelimit-remaining-subscription-writes:
      - '1199'
    status:
      code: 202
      message: Accepted
- request:
    body: null
    headers:
      Accept:
      - '*/*'
      Accept-Encoding:
      - gzip, deflate
      CommandName:
      - sig share enable-community
      Connection:
      - keep-alive
      ParameterSetName:
      - -r -g
      User-Agent:
      - AZURECLI/2.41.0 azsdk-python-azure-mgmt-compute/29.0.0 Python/3.8.10 (Windows-10-10.0.22000-SP0)
    method: GET
    uri: https://management.azure.com/subscriptions/00000000-0000-0000-0000-000000000000/providers/Microsoft.Compute/locations/CentralUSEUAP/capsOperations/f5212710-7479-4e71-bd31-e0eaac940cd2?api-version=2022-03-03
  response:
    body:
      string: "{\r\n  \"startTime\": \"2022-10-20T06:51:10.7811673+00:00\",\r\n  \"endTime\":
        \"2022-10-20T06:51:12.2031267+00:00\",\r\n  \"status\": \"Succeeded\",\r\n
        \ \"name\": \"f5212710-7479-4e71-bd31-e0eaac940cd2\"\r\n}"
    headers:
      cache-control:
      - no-cache
      content-length:
      - '184'
      content-type:
      - application/json; charset=utf-8
      date:
      - Thu, 20 Oct 2022 06:51:40 GMT
      expires:
      - '-1'
      pragma:
      - no-cache
      server:
      - Microsoft-HTTPAPI/2.0
      - Microsoft-HTTPAPI/2.0
      strict-transport-security:
      - max-age=31536000; includeSubDomains
      transfer-encoding:
      - chunked
      vary:
      - Accept-Encoding
      x-content-type-options:
      - nosniff
      x-ms-ratelimit-remaining-resource:
      - Microsoft.Compute/GetOperationStatus3Min;1196,Microsoft.Compute/GetOperationStatus30Min;4196
    status:
      code: 200
      message: OK
- request:
    body: null
    headers:
      Accept:
      - '*/*'
      Accept-Encoding:
      - gzip, deflate
      CommandName:
      - sig share enable-community
      Connection:
      - keep-alive
      ParameterSetName:
      - -r -g
      User-Agent:
      - AZURECLI/2.41.0 azsdk-python-azure-mgmt-compute/29.0.0 Python/3.8.10 (Windows-10-10.0.22000-SP0)
    method: GET
    uri: https://management.azure.com/subscriptions/00000000-0000-0000-0000-000000000000/providers/Microsoft.Compute/locations/CentralUSEUAP/capsOperations/f5212710-7479-4e71-bd31-e0eaac940cd2?monitor=true&api-version=2022-03-03
  response:
    body:
      string: ''
    headers:
      cache-control:
      - no-cache
      content-length:
      - '0'
      date:
      - Thu, 20 Oct 2022 06:51:40 GMT
      expires:
      - '-1'
      pragma:
      - no-cache
      server:
      - Microsoft-HTTPAPI/2.0
      - Microsoft-HTTPAPI/2.0
      strict-transport-security:
      - max-age=31536000; includeSubDomains
      x-content-type-options:
      - nosniff
      x-ms-ratelimit-remaining-resource:
      - Microsoft.Compute/GetOperationStatus3Min;1195,Microsoft.Compute/GetOperationStatus30Min;4195
    status:
      code: 200
      message: OK
- request:
    body: null
    headers:
      Accept:
      - application/json
      Accept-Encoding:
      - gzip, deflate
      CommandName:
      - sig image-definition create
      Connection:
      - keep-alive
      ParameterSetName:
      - -g --gallery-name --gallery-image-definition --os-type -p -f -s
      User-Agent:
      - AZURECLI/2.41.0 azsdk-python-azure-mgmt-resource/21.1.0b1 Python/3.8.10 (Windows-10-10.0.22000-SP0)
    method: GET
    uri: https://management.azure.com/subscriptions/00000000-0000-0000-0000-000000000000/resourcegroups/cli_test_community_gallery_operations_000001?api-version=2021-04-01
  response:
    body:
      string: '{"id":"/subscriptions/00000000-0000-0000-0000-000000000000/resourceGroups/cli_test_community_gallery_operations_000001","name":"cli_test_community_gallery_operations_000001","type":"Microsoft.Resources/resourceGroups","location":"centraluseuap","tags":{"product":"azurecli","cause":"automation","date":"2022-10-20T06:50:28Z"},"properties":{"provisioningState":"Succeeded"}}'
    headers:
      cache-control:
      - no-cache
      content-length:
      - '373'
      content-type:
      - application/json; charset=utf-8
      date:
      - Thu, 20 Oct 2022 06:51:41 GMT
      expires:
      - '-1'
      pragma:
      - no-cache
      strict-transport-security:
      - max-age=31536000; includeSubDomains
      vary:
      - Accept-Encoding
      x-content-type-options:
      - nosniff
    status:
      code: 200
      message: OK
- request:
    body: '{"location": "centraluseuap", "tags": {}, "properties": {"osType": "Linux",
      "osState": "Generalized", "hyperVGeneration": "V1", "identifier": {"publisher":
      "publisher1", "offer": "offer1", "sku": "sku1"}, "disallowed": {}}}'
    headers:
      Accept:
      - application/json
      Accept-Encoding:
      - gzip, deflate
      CommandName:
      - sig image-definition create
      Connection:
      - keep-alive
      Content-Length:
      - '223'
      Content-Type:
      - application/json
      ParameterSetName:
      - -g --gallery-name --gallery-image-definition --os-type -p -f -s
      User-Agent:
      - AZURECLI/2.41.0 azsdk-python-azure-mgmt-compute/29.0.0 Python/3.8.10 (Windows-10-10.0.22000-SP0)
    method: PUT
    uri: https://management.azure.com/subscriptions/00000000-0000-0000-0000-000000000000/resourceGroups/cli_test_community_gallery_operations_000001/providers/Microsoft.Compute/galleries/gellery000003/images/image000004?api-version=2021-10-01
  response:
    body:
      string: "{\r\n  \"name\": \"image000004\",\r\n  \"id\": \"/subscriptions/00000000-0000-0000-0000-000000000000/resourceGroups/cli_test_community_gallery_operations_000001/providers/Microsoft.Compute/galleries/gellery000003/images/image000004\",\r\n
        \ \"type\": \"Microsoft.Compute/galleries/images\",\r\n  \"location\": \"centraluseuap\",\r\n
        \ \"tags\": {},\r\n  \"properties\": {\r\n    \"hyperVGeneration\": \"V1\",\r\n
        \   \"architecture\": \"x64\",\r\n    \"osType\": \"Linux\",\r\n    \"osState\":
        \"Generalized\",\r\n    \"identifier\": {\r\n      \"publisher\": \"publisher1\",\r\n
        \     \"offer\": \"offer1\",\r\n      \"sku\": \"sku1\"\r\n    },\r\n    \"provisioningState\":
        \"Creating\"\r\n  }\r\n}"
    headers:
      azure-asyncoperation:
      - https://management.azure.com/subscriptions/00000000-0000-0000-0000-000000000000/providers/Microsoft.Compute/locations/CentralUSEUAP/capsOperations/b17cc29b-4340-4486-b4aa-56e47cc6d286?api-version=2021-10-01
      cache-control:
      - no-cache
      content-length:
      - '606'
      content-type:
      - application/json; charset=utf-8
      date:
      - Thu, 20 Oct 2022 06:51:47 GMT
      expires:
      - '-1'
      pragma:
      - no-cache
      server:
      - Microsoft-HTTPAPI/2.0
      - Microsoft-HTTPAPI/2.0
      strict-transport-security:
      - max-age=31536000; includeSubDomains
      x-content-type-options:
      - nosniff
      x-ms-ratelimit-remaining-resource:
      - Microsoft.Compute/CreateUpdateGalleryImage3Min;149,Microsoft.Compute/CreateUpdateGalleryImage30Min;749
      x-ms-ratelimit-remaining-subscription-writes:
      - '1196'
    status:
      code: 201
      message: Created
- request:
    body: null
    headers:
      Accept:
      - '*/*'
      Accept-Encoding:
      - gzip, deflate
      CommandName:
      - sig image-definition create
      Connection:
      - keep-alive
      ParameterSetName:
      - -g --gallery-name --gallery-image-definition --os-type -p -f -s
      User-Agent:
      - AZURECLI/2.41.0 azsdk-python-azure-mgmt-compute/29.0.0 Python/3.8.10 (Windows-10-10.0.22000-SP0)
    method: GET
    uri: https://management.azure.com/subscriptions/00000000-0000-0000-0000-000000000000/providers/Microsoft.Compute/locations/CentralUSEUAP/capsOperations/b17cc29b-4340-4486-b4aa-56e47cc6d286?api-version=2021-10-01
  response:
    body:
      string: "{\r\n  \"startTime\": \"2022-10-20T06:51:46.2032216+00:00\",\r\n  \"endTime\":
        \"2022-10-20T06:51:46.2969826+00:00\",\r\n  \"status\": \"Succeeded\",\r\n
        \ \"name\": \"b17cc29b-4340-4486-b4aa-56e47cc6d286\"\r\n}"
    headers:
      cache-control:
      - no-cache
      content-length:
      - '184'
      content-type:
      - application/json; charset=utf-8
      date:
      - Thu, 20 Oct 2022 06:52:17 GMT
      expires:
      - '-1'
      pragma:
      - no-cache
      server:
      - Microsoft-HTTPAPI/2.0
      - Microsoft-HTTPAPI/2.0
      strict-transport-security:
      - max-age=31536000; includeSubDomains
      transfer-encoding:
      - chunked
      vary:
      - Accept-Encoding
      x-content-type-options:
      - nosniff
      x-ms-ratelimit-remaining-resource:
      - Microsoft.Compute/GetOperationStatus3Min;1193,Microsoft.Compute/GetOperationStatus30Min;4193
    status:
      code: 200
      message: OK
- request:
    body: null
    headers:
      Accept:
      - '*/*'
      Accept-Encoding:
      - gzip, deflate
      CommandName:
      - sig image-definition create
      Connection:
      - keep-alive
      ParameterSetName:
      - -g --gallery-name --gallery-image-definition --os-type -p -f -s
      User-Agent:
      - AZURECLI/2.41.0 azsdk-python-azure-mgmt-compute/29.0.0 Python/3.8.10 (Windows-10-10.0.22000-SP0)
    method: GET
    uri: https://management.azure.com/subscriptions/00000000-0000-0000-0000-000000000000/resourceGroups/cli_test_community_gallery_operations_000001/providers/Microsoft.Compute/galleries/gellery000003/images/image000004?api-version=2021-10-01
  response:
    body:
      string: "{\r\n  \"name\": \"image000004\",\r\n  \"id\": \"/subscriptions/00000000-0000-0000-0000-000000000000/resourceGroups/cli_test_community_gallery_operations_000001/providers/Microsoft.Compute/galleries/gellery000003/images/image000004\",\r\n
        \ \"type\": \"Microsoft.Compute/galleries/images\",\r\n  \"location\": \"centraluseuap\",\r\n
        \ \"tags\": {},\r\n  \"properties\": {\r\n    \"hyperVGeneration\": \"V1\",\r\n
        \   \"architecture\": \"x64\",\r\n    \"osType\": \"Linux\",\r\n    \"osState\":
        \"Generalized\",\r\n    \"identifier\": {\r\n      \"publisher\": \"publisher1\",\r\n
        \     \"offer\": \"offer1\",\r\n      \"sku\": \"sku1\"\r\n    },\r\n    \"provisioningState\":
        \"Succeeded\"\r\n  }\r\n}"
    headers:
      cache-control:
      - no-cache
      content-length:
      - '607'
      content-type:
      - application/json; charset=utf-8
      date:
      - Thu, 20 Oct 2022 06:52:17 GMT
      expires:
      - '-1'
      pragma:
      - no-cache
      server:
      - Microsoft-HTTPAPI/2.0
      - Microsoft-HTTPAPI/2.0
      strict-transport-security:
      - max-age=31536000; includeSubDomains
      transfer-encoding:
      - chunked
      vary:
      - Accept-Encoding
      x-content-type-options:
      - nosniff
      x-ms-ratelimit-remaining-resource:
      - Microsoft.Compute/GetGalleryImage3Min;596,Microsoft.Compute/GetGalleryImage30Min;2996
    status:
      code: 200
      message: OK
- request:
    body: null
    headers:
      Accept:
      - application/json
      Accept-Encoding:
      - gzip, deflate
      CommandName:
      - vm create
      Connection:
      - keep-alive
      ParameterSetName:
      - -g -n --image --admin-username --generate-ssh-keys --nsg-rule
      User-Agent:
      - AZURECLI/2.41.0 azsdk-python-azure-mgmt-resource/21.1.0b1 Python/3.8.10 (Windows-10-10.0.22000-SP0)
    method: GET
    uri: https://management.azure.com/subscriptions/00000000-0000-0000-0000-000000000000/resourcegroups/cli_test_community_gallery_operations_000001?api-version=2021-04-01
  response:
    body:
      string: '{"id":"/subscriptions/00000000-0000-0000-0000-000000000000/resourceGroups/cli_test_community_gallery_operations_000001","name":"cli_test_community_gallery_operations_000001","type":"Microsoft.Resources/resourceGroups","location":"centraluseuap","tags":{"product":"azurecli","cause":"automation","date":"2022-10-20T06:50:28Z"},"properties":{"provisioningState":"Succeeded"}}'
    headers:
      cache-control:
      - no-cache
      content-length:
      - '373'
      content-type:
      - application/json; charset=utf-8
      date:
      - Thu, 20 Oct 2022 06:52:18 GMT
      expires:
      - '-1'
      pragma:
      - no-cache
      strict-transport-security:
      - max-age=31536000; includeSubDomains
      vary:
      - Accept-Encoding
      x-content-type-options:
      - nosniff
    status:
      code: 200
      message: OK
- request:
    body: null
    headers:
      Accept:
      - '*/*'
      Accept-Encoding:
      - gzip, deflate
      Connection:
      - keep-alive
      User-Agent:
      - python-requests/2.26.0
    method: GET
    uri: https://raw.githubusercontent.com/Azure/azure-rest-api-specs/main/arm-compute/quickstart-templates/aliases.json
  response:
    body:
      string: "{\n  \"$schema\": \"http://schema.management.azure.com/schemas/2015-01-01/deploymentTemplate.json\",\n
        \ \"contentVersion\": \"1.0.0.0\",\n  \"parameters\": {},\n  \"variables\":
        {},\n  \"resources\": [],\n  \"outputs\": {\n    \"aliases\": {\n      \"type\":
        \"object\",\n      \"value\": {\n        \"Linux\": {\n          \"CentOS\":
        {\n            \"publisher\": \"OpenLogic\",\n            \"offer\": \"CentOS\",\n
        \           \"sku\": \"7.5\",\n            \"version\": \"latest\",\n            \"architecture\":
        \"x64\"\n          },\n          \"Debian\": {\n            \"publisher\":
        \"Debian\",\n            \"offer\": \"debian-10\",\n            \"sku\": \"10\",\n
        \           \"version\": \"latest\",\n            \"architecture\": \"x64\"\n
        \         },\n          \"Flatcar\": {\n            \"publisher\": \"kinvolk\",\n
        \           \"offer\": \"flatcar-container-linux-free\",\n            \"sku\":
        \"stable\",\n            \"version\": \"latest\",\n            \"architecture\":
        \"x64\"\n          },\n          \"openSUSE-Leap\": {\n            \"publisher\":
        \"SUSE\",\n            \"offer\": \"opensuse-leap-15-3\",\n            \"sku\":
        \"gen2\",\n            \"version\": \"latest\",\n            \"architecture\":
        \"x64\"\n          },\n          \"RHEL\": {\n            \"publisher\": \"RedHat\",\n
        \           \"offer\": \"RHEL\",\n            \"sku\": \"7-LVM\",\n            \"version\":
        \"latest\",\n            \"architecture\": \"x64\"\n          },\n          \"SLES\":
        {\n            \"publisher\": \"SUSE\",\n            \"offer\": \"sles-15-sp3\",\n
        \           \"sku\": \"gen2\",\n            \"version\": \"latest\",\n            \"architecture\":
        \"x64\"\n          },\n          \"UbuntuLTS\": {\n            \"publisher\":
        \"Canonical\",\n            \"offer\": \"UbuntuServer\",\n            \"sku\":
        \"18.04-LTS\",\n            \"version\": \"latest\",\n            \"architecture\":
        \"x64\"\n          }\n        },\n        \"Windows\": {\n          \"Win2022Datacenter\":
        {\n            \"publisher\": \"MicrosoftWindowsServer\",\n            \"offer\":
        \"WindowsServer\",\n            \"sku\": \"2022-Datacenter\",\n            \"version\":
        \"latest\",\n            \"architecture\": \"x64\"\n          },\n          \"Win2022AzureEditionCore\":
        {\n            \"publisher\": \"MicrosoftWindowsServer\",\n            \"offer\":
        \"WindowsServer\",\n            \"sku\": \"2022-datacenter-azure-edition-core\",\n
        \           \"version\": \"latest\",\n            \"architecture\": \"x64\"\n
        \         },\n          \"Win2019Datacenter\": {\n            \"publisher\":
        \"MicrosoftWindowsServer\",\n            \"offer\": \"WindowsServer\",\n            \"sku\":
        \"2019-Datacenter\",\n            \"version\": \"latest\",\n            \"architecture\":
        \"x64\"\n          },\n          \"Win2016Datacenter\": {\n            \"publisher\":
        \"MicrosoftWindowsServer\",\n            \"offer\": \"WindowsServer\",\n            \"sku\":
        \"2016-Datacenter\",\n            \"version\": \"latest\",\n            \"architecture\":
        \"x64\"\n          },\n          \"Win2012R2Datacenter\": {\n            \"publisher\":
        \"MicrosoftWindowsServer\",\n            \"offer\": \"WindowsServer\",\n            \"sku\":
        \"2012-R2-Datacenter\",\n            \"version\": \"latest\",\n            \"architecture\":
        \"x64\"\n          },\n          \"Win2012Datacenter\": {\n            \"publisher\":
        \"MicrosoftWindowsServer\",\n            \"offer\": \"WindowsServer\",\n            \"sku\":
        \"2012-Datacenter\",\n            \"version\": \"latest\",\n            \"architecture\":
        \"x64\"\n          },\n          \"Win2008R2SP1\": {\n            \"publisher\":
        \"MicrosoftWindowsServer\",\n            \"offer\": \"WindowsServer\",\n            \"sku\":
        \"2008-R2-SP1\",\n            \"version\": \"latest\",\n            \"architecture\":
        \"x64\"\n          }\n        }\n      }\n    }\n  }\n}"
    headers:
      accept-ranges:
      - bytes
      access-control-allow-origin:
      - '*'
      cache-control:
      - max-age=300
      connection:
      - keep-alive
      content-length:
      - '3463'
      content-security-policy:
      - default-src 'none'; style-src 'unsafe-inline'; sandbox
      content-type:
      - text/plain; charset=utf-8
      date:
      - Thu, 20 Oct 2022 06:52:40 GMT
      etag:
      - W/"41b202f4dc5098d126019dc00721a4c5e30df0c5196794514fadc3710ee2a5cb"
      expires:
      - Thu, 20 Oct 2022 06:57:40 GMT
      source-age:
      - '189'
      strict-transport-security:
      - max-age=31536000
      vary:
      - Authorization,Accept-Encoding,Origin
      via:
      - 1.1 varnish
      x-cache:
      - HIT
      x-cache-hits:
      - '4'
      x-content-type-options:
      - nosniff
      x-fastly-request-id:
      - 7de73a2b8f7bbed727d3a0ca7a15b3262a62aba4
      x-frame-options:
      - deny
      x-github-request-id:
      - 0823:711C:2905:10794:63508C1D
      x-served-by:
      - cache-tyo11983-TYO
      x-timer:
      - S1666248760.110024,VS0,VE0
      x-xss-protection:
      - 1; mode=block
    status:
      code: 200
      message: OK
- request:
    body: null
    headers:
      Accept:
      - application/json
      Accept-Encoding:
      - gzip, deflate
      CommandName:
      - vm create
      Connection:
      - keep-alive
      ParameterSetName:
      - -g -n --image --admin-username --generate-ssh-keys --nsg-rule
      User-Agent:
      - AZURECLI/2.41.0 azsdk-python-azure-mgmt-compute/29.0.0 Python/3.8.10 (Windows-10-10.0.22000-SP0)
    method: GET
    uri: https://management.azure.com/subscriptions/00000000-0000-0000-0000-000000000000/providers/Microsoft.Compute/locations/centraluseuap/publishers/Canonical/artifacttypes/vmimage/offers/UbuntuServer/skus/18.04-LTS/versions?$top=1&$orderby=name%20desc&api-version=2022-08-01
  response:
    body:
      string: "[\r\n  {\r\n    \"location\": \"CentralUSEUAP\",\r\n    \"name\": \"18.04.202210180\",\r\n
        \   \"id\": \"/Subscriptions/00000000-0000-0000-0000-000000000000/Providers/Microsoft.Compute/Locations/CentralUSEUAP/Publishers/Canonical/ArtifactTypes/VMImage/Offers/UbuntuServer/Skus/18.04-LTS/Versions/18.04.202210180\"\r\n
        \ }\r\n]"
    headers:
      cache-control:
      - no-cache
      content-length:
      - '300'
      content-type:
      - application/json; charset=utf-8
      date:
      - Thu, 20 Oct 2022 06:52:41 GMT
      expires:
      - '-1'
      pragma:
      - no-cache
      server:
      - Microsoft-HTTPAPI/2.0
      - Microsoft-HTTPAPI/2.0
      strict-transport-security:
      - max-age=31536000; includeSubDomains
      transfer-encoding:
      - chunked
      vary:
      - Accept-Encoding
      x-content-type-options:
      - nosniff
      x-ms-ratelimit-remaining-resource:
      - Microsoft.Compute/ListVMImagesVersionsFromLocation3Min;15999,Microsoft.Compute/ListVMImagesVersionsFromLocation30Min;43999
    status:
      code: 200
      message: OK
- request:
    body: null
    headers:
      Accept:
      - application/json
      Accept-Encoding:
      - gzip, deflate
      CommandName:
      - vm create
      Connection:
      - keep-alive
      ParameterSetName:
      - -g -n --image --admin-username --generate-ssh-keys --nsg-rule
      User-Agent:
      - AZURECLI/2.41.0 azsdk-python-azure-mgmt-compute/29.0.0 Python/3.8.10 (Windows-10-10.0.22000-SP0)
    method: GET
    uri: https://management.azure.com/subscriptions/00000000-0000-0000-0000-000000000000/providers/Microsoft.Compute/locations/centraluseuap/publishers/Canonical/artifacttypes/vmimage/offers/UbuntuServer/skus/18.04-LTS/versions/18.04.202210180?api-version=2022-08-01
  response:
    body:
      string: "{\r\n  \"properties\": {\r\n    \"hyperVGeneration\": \"V1\",\r\n    \"architecture\":
        \"x64\",\r\n    \"replicaType\": \"Unmanaged\",\r\n    \"disallowed\": {\r\n
        \     \"vmDiskType\": \"None\"\r\n    },\r\n    \"automaticOSUpgradeProperties\":
        {\r\n      \"automaticOSUpgradeSupported\": true\r\n    },\r\n    \"imageDeprecationStatus\":
        {\r\n      \"imageState\": \"Active\"\r\n    },\r\n    \"features\": [\r\n
        \     {\r\n        \"name\": \"IsAcceleratedNetworkSupported\",\r\n        \"value\":
        \"True\"\r\n      },\r\n      {\r\n        \"name\": \"DiskControllerTypes\",\r\n
        \       \"value\": \"SCSI, NVMe\"\r\n      },\r\n      {\r\n        \"name\":
        \"IsHibernateSupported\",\r\n        \"value\": \"True\"\r\n      }\r\n    ],\r\n
        \   \"osDiskImage\": {\r\n      \"operatingSystem\": \"Linux\",\r\n      \"sizeInGb\":
        31,\r\n      \"sizeInBytes\": 32213303808\r\n    },\r\n    \"dataDiskImages\":
        []\r\n  },\r\n  \"location\": \"CentralUSEUAP\",\r\n  \"name\": \"18.04.202210180\",\r\n
        \ \"id\": \"/Subscriptions/00000000-0000-0000-0000-000000000000/Providers/Microsoft.Compute/Locations/CentralUSEUAP/Publishers/Canonical/ArtifactTypes/VMImage/Offers/UbuntuServer/Skus/18.04-LTS/Versions/18.04.202210180\"\r\n}"
    headers:
      cache-control:
      - no-cache
      content-length:
      - '1062'
      content-type:
      - application/json; charset=utf-8
      date:
      - Thu, 20 Oct 2022 06:52:43 GMT
      expires:
      - '-1'
      pragma:
      - no-cache
      server:
      - Microsoft-HTTPAPI/2.0
      - Microsoft-HTTPAPI/2.0
      strict-transport-security:
      - max-age=31536000; includeSubDomains
      transfer-encoding:
      - chunked
      vary:
      - Accept-Encoding
      x-content-type-options:
      - nosniff
      x-ms-ratelimit-remaining-resource:
      - Microsoft.Compute/GetVMImageFromLocation3Min;12999,Microsoft.Compute/GetVMImageFromLocation30Min;73999
    status:
      code: 200
      message: OK
- request:
    body: null
    headers:
      Accept:
      - application/json
      Accept-Encoding:
      - gzip, deflate
      CommandName:
      - vm create
      Connection:
      - keep-alive
      ParameterSetName:
      - -g -n --image --admin-username --generate-ssh-keys --nsg-rule
      User-Agent:
      - AZURECLI/2.41.0 azsdk-python-azure-mgmt-network/21.0.1 Python/3.8.10 (Windows-10-10.0.22000-SP0)
    method: GET
    uri: https://management.azure.com/subscriptions/00000000-0000-0000-0000-000000000000/resourceGroups/cli_test_community_gallery_operations_000001/providers/Microsoft.Network/virtualNetworks?api-version=2022-01-01
  response:
    body:
      string: '{"value":[]}'
    headers:
      cache-control:
      - no-cache
      content-length:
      - '12'
      content-type:
      - application/json; charset=utf-8
      date:
      - Thu, 20 Oct 2022 06:52:44 GMT
      expires:
      - '-1'
      pragma:
      - no-cache
      strict-transport-security:
      - max-age=31536000; includeSubDomains
      vary:
      - Accept-Encoding
      x-content-type-options:
      - nosniff
    status:
      code: 200
      message: OK
- request:
    body: '{"properties": {"template": {"$schema": "https://schema.management.azure.com/schemas/2015-01-01/deploymentTemplate.json#",
      "contentVersion": "1.0.0.0", "parameters": {}, "variables": {}, "resources":
      [{"name": "vm000002VNET", "type": "Microsoft.Network/virtualNetworks", "location":
      "centraluseuap", "apiVersion": "2015-06-15", "dependsOn": [], "tags": {}, "properties":
      {"addressSpace": {"addressPrefixes": ["10.0.0.0/16"]}, "subnets": [{"name":
      "vm000002Subnet", "properties": {"addressPrefix": "10.0.0.0/24"}}]}}, {"type":
      "Microsoft.Network/networkSecurityGroups", "name": "vm000002NSG", "apiVersion":
      "2015-06-15", "location": "centraluseuap", "tags": {}, "dependsOn": []}, {"apiVersion":
      "2022-01-01", "type": "Microsoft.Network/publicIPAddresses", "name": "vm000002PublicIP",
      "location": "centraluseuap", "tags": {}, "dependsOn": [], "properties": {"publicIPAllocationMethod":
      null}}, {"apiVersion": "2015-06-15", "type": "Microsoft.Network/networkInterfaces",
      "name": "vm000002VMNic", "location": "centraluseuap", "tags": {}, "dependsOn":
      ["Microsoft.Network/virtualNetworks/vm000002VNET", "Microsoft.Network/networkSecurityGroups/vm000002NSG",
      "Microsoft.Network/publicIpAddresses/vm000002PublicIP"], "properties": {"ipConfigurations":
      [{"name": "ipconfigvm000002", "properties": {"privateIPAllocationMethod": "Dynamic",
      "subnet": {"id": "/subscriptions/00000000-0000-0000-0000-000000000000/resourceGroups/cli_test_community_gallery_operations_000001/providers/Microsoft.Network/virtualNetworks/vm000002VNET/subnets/vm000002Subnet"},
      "publicIPAddress": {"id": "/subscriptions/00000000-0000-0000-0000-000000000000/resourceGroups/cli_test_community_gallery_operations_000001/providers/Microsoft.Network/publicIPAddresses/vm000002PublicIP"}}}],
      "networkSecurityGroup": {"id": "/subscriptions/00000000-0000-0000-0000-000000000000/resourceGroups/cli_test_community_gallery_operations_000001/providers/Microsoft.Network/networkSecurityGroups/vm000002NSG"}}},
      {"apiVersion": "2022-08-01", "type": "Microsoft.Compute/virtualMachines", "name":
      "vm000002", "location": "centraluseuap", "tags": {}, "dependsOn": ["Microsoft.Network/networkInterfaces/vm000002VMNic"],
      "properties": {"hardwareProfile": {"vmSize": "Standard_DS1_v2"}, "networkProfile":
      {"networkInterfaces": [{"id": "/subscriptions/00000000-0000-0000-0000-000000000000/resourceGroups/cli_test_community_gallery_operations_000001/providers/Microsoft.Network/networkInterfaces/vm000002VMNic",
      "properties": {"deleteOption": null}}]}, "storageProfile": {"osDisk": {"createOption":
      "fromImage", "name": null, "caching": "ReadWrite", "managedDisk": {"storageAccountType":
      null}}, "imageReference": {"publisher": "Canonical", "offer": "UbuntuServer",
      "sku": "18.04-LTS", "version": "latest"}}, "osProfile": {"computerName": "vm000002",
      "adminUsername": "gallerytest", "linuxConfiguration": {"disablePasswordAuthentication":
      true, "ssh": {"publicKeys": [{"keyData": "ssh-rsa AAAAB3NzaC1yc2EAAAADAQABAAABAQDBfrmPNtStaG3GJyEk6YjCZ57vUFT6RfwPCEtLJpvjTaVFEuD7W+HXCE4kdoe0WUINcWyPmo44k9oJlWwimxHcc/FLhMTHyJopyfSePGySHjjjS/2brJyeZ86xIC4QJMX7xqe4rdg/XOEXlbJisD0Ge8ervZr7dN/B/lsoiQLH+C5ueOed9JRaCeLRXtlBAJrlI3BXm+kDV9qPH4LhxFIS6WIZ+dk3u/RtCCC+yZ6x3wRr9CqVZ/Xr0fs02wOnKUSlZDpuu28Hsb1BtQM/+aq1YgcEsudCepRkSyNf8V38xx4T+iiBBFvVLlMNE6CC7Jk4Uc/tO/fv1xaFpmo4Pmu/",
      "path": "/home/gallerytest/.ssh/authorized_keys"}]}}}}}], "outputs": {}}, "parameters":
      {}, "mode": "incremental"}}'
    headers:
      Accept:
      - application/json
      Accept-Encoding:
      - gzip, deflate
      CommandName:
      - vm create
      Connection:
      - keep-alive
      Content-Length:
      - '3420'
      Content-Type:
      - application/json
      ParameterSetName:
      - -g -n --image --admin-username --generate-ssh-keys --nsg-rule
      User-Agent:
      - AZURECLI/2.41.0 azsdk-python-azure-mgmt-resource/21.1.0b1 Python/3.8.10 (Windows-10-10.0.22000-SP0)
    method: PUT
    uri: https://management.azure.com/subscriptions/00000000-0000-0000-0000-000000000000/resourcegroups/cli_test_community_gallery_operations_000001/providers/Microsoft.Resources/deployments/mock-deployment?api-version=2021-04-01
  response:
    body:
      string: '{"id":"/subscriptions/00000000-0000-0000-0000-000000000000/resourceGroups/cli_test_community_gallery_operations_000001/providers/Microsoft.Resources/deployments/vm_deploy_Br8qF0lQ9noAgCzIJvnApIwRBNspyeJZ","name":"vm_deploy_Br8qF0lQ9noAgCzIJvnApIwRBNspyeJZ","type":"Microsoft.Resources/deployments","properties":{"templateHash":"5213943409724668827","parameters":{},"mode":"Incremental","provisioningState":"Accepted","timestamp":"2022-10-20T06:52:52.6431834Z","duration":"PT0.0001143S","correlationId":"5017d3e6-633e-42bc-bb92-571d7f15f106","providers":[{"namespace":"Microsoft.Network","resourceTypes":[{"resourceType":"virtualNetworks","locations":["centraluseuap"]},{"resourceType":"networkSecurityGroups","locations":["centraluseuap"]},{"resourceType":"publicIPAddresses","locations":["centraluseuap"]},{"resourceType":"networkInterfaces","locations":["centraluseuap"]}]},{"namespace":"Microsoft.Compute","resourceTypes":[{"resourceType":"virtualMachines","locations":["centraluseuap"]}]}],"dependencies":[{"dependsOn":[{"id":"/subscriptions/00000000-0000-0000-0000-000000000000/resourceGroups/cli_test_community_gallery_operations_000001/providers/Microsoft.Network/virtualNetworks/vm000002VNET","resourceType":"Microsoft.Network/virtualNetworks","resourceName":"vm000002VNET"},{"id":"/subscriptions/00000000-0000-0000-0000-000000000000/resourceGroups/cli_test_community_gallery_operations_000001/providers/Microsoft.Network/networkSecurityGroups/vm000002NSG","resourceType":"Microsoft.Network/networkSecurityGroups","resourceName":"vm000002NSG"},{"id":"/subscriptions/00000000-0000-0000-0000-000000000000/resourceGroups/cli_test_community_gallery_operations_000001/providers/Microsoft.Network/publicIPAddresses/vm000002PublicIP","resourceType":"Microsoft.Network/publicIPAddresses","resourceName":"vm000002PublicIP"}],"id":"/subscriptions/00000000-0000-0000-0000-000000000000/resourceGroups/cli_test_community_gallery_operations_000001/providers/Microsoft.Network/networkInterfaces/vm000002VMNic","resourceType":"Microsoft.Network/networkInterfaces","resourceName":"vm000002VMNic"},{"dependsOn":[{"id":"/subscriptions/00000000-0000-0000-0000-000000000000/resourceGroups/cli_test_community_gallery_operations_000001/providers/Microsoft.Network/networkInterfaces/vm000002VMNic","resourceType":"Microsoft.Network/networkInterfaces","resourceName":"vm000002VMNic"}],"id":"/subscriptions/00000000-0000-0000-0000-000000000000/resourceGroups/cli_test_community_gallery_operations_000001/providers/Microsoft.Compute/virtualMachines/vm000002","resourceType":"Microsoft.Compute/virtualMachines","resourceName":"vm000002"}]}}'
    headers:
      azure-asyncoperation:
      - https://management.azure.com/subscriptions/00000000-0000-0000-0000-000000000000/resourcegroups/cli_test_community_gallery_operations_000001/providers/Microsoft.Resources/deployments/vm_deploy_Br8qF0lQ9noAgCzIJvnApIwRBNspyeJZ/operationStatuses/08585353581188334477?api-version=2021-04-01
      cache-control:
      - no-cache
      content-length:
      - '2620'
      content-type:
      - application/json; charset=utf-8
      date:
      - Thu, 20 Oct 2022 06:52:53 GMT
      expires:
      - '-1'
      pragma:
      - no-cache
      strict-transport-security:
      - max-age=31536000; includeSubDomains
      x-content-type-options:
      - nosniff
      x-ms-ratelimit-remaining-subscription-writes:
      - '1196'
    status:
      code: 201
      message: Created
- request:
    body: null
    headers:
      Accept:
      - '*/*'
      Accept-Encoding:
      - gzip, deflate
      CommandName:
      - vm create
      Connection:
      - keep-alive
      ParameterSetName:
      - -g -n --image --admin-username --generate-ssh-keys --nsg-rule
      User-Agent:
      - AZURECLI/2.41.0 azsdk-python-azure-mgmt-resource/21.1.0b1 Python/3.8.10 (Windows-10-10.0.22000-SP0)
    method: GET
    uri: https://management.azure.com/subscriptions/00000000-0000-0000-0000-000000000000/resourcegroups/cli_test_community_gallery_operations_000001/providers/Microsoft.Resources/deployments/mock-deployment/operationStatuses/08585353581188334477?api-version=2021-04-01
  response:
    body:
      string: '{"status":"Running"}'
    headers:
      cache-control:
      - no-cache
      content-length:
      - '20'
      content-type:
      - application/json; charset=utf-8
      date:
      - Thu, 20 Oct 2022 06:53:23 GMT
      expires:
      - '-1'
      pragma:
      - no-cache
      strict-transport-security:
      - max-age=31536000; includeSubDomains
      vary:
      - Accept-Encoding
      x-content-type-options:
      - nosniff
    status:
      code: 200
      message: OK
- request:
    body: null
    headers:
      Accept:
      - '*/*'
      Accept-Encoding:
      - gzip, deflate
      CommandName:
      - vm create
      Connection:
      - keep-alive
      ParameterSetName:
      - -g -n --image --admin-username --generate-ssh-keys --nsg-rule
      User-Agent:
      - AZURECLI/2.41.0 azsdk-python-azure-mgmt-resource/21.1.0b1 Python/3.8.10 (Windows-10-10.0.22000-SP0)
    method: GET
    uri: https://management.azure.com/subscriptions/00000000-0000-0000-0000-000000000000/resourcegroups/cli_test_community_gallery_operations_000001/providers/Microsoft.Resources/deployments/mock-deployment/operationStatuses/08585353581188334477?api-version=2021-04-01
  response:
    body:
      string: '{"status":"Succeeded"}'
    headers:
      cache-control:
      - no-cache
      content-length:
      - '22'
      content-type:
      - application/json; charset=utf-8
      date:
      - Thu, 20 Oct 2022 06:53:54 GMT
      expires:
      - '-1'
      pragma:
      - no-cache
      strict-transport-security:
      - max-age=31536000; includeSubDomains
      vary:
      - Accept-Encoding
      x-content-type-options:
      - nosniff
    status:
      code: 200
      message: OK
- request:
    body: null
    headers:
      Accept:
      - '*/*'
      Accept-Encoding:
      - gzip, deflate
      CommandName:
      - vm create
      Connection:
      - keep-alive
      ParameterSetName:
      - -g -n --image --admin-username --generate-ssh-keys --nsg-rule
      User-Agent:
      - AZURECLI/2.41.0 azsdk-python-azure-mgmt-resource/21.1.0b1 Python/3.8.10 (Windows-10-10.0.22000-SP0)
    method: GET
    uri: https://management.azure.com/subscriptions/00000000-0000-0000-0000-000000000000/resourcegroups/cli_test_community_gallery_operations_000001/providers/Microsoft.Resources/deployments/mock-deployment?api-version=2021-04-01
  response:
    body:
      string: '{"id":"/subscriptions/00000000-0000-0000-0000-000000000000/resourceGroups/cli_test_community_gallery_operations_000001/providers/Microsoft.Resources/deployments/vm_deploy_Br8qF0lQ9noAgCzIJvnApIwRBNspyeJZ","name":"vm_deploy_Br8qF0lQ9noAgCzIJvnApIwRBNspyeJZ","type":"Microsoft.Resources/deployments","properties":{"templateHash":"5213943409724668827","parameters":{},"mode":"Incremental","provisioningState":"Succeeded","timestamp":"2022-10-20T06:53:41.004458Z","duration":"PT48.3613889S","correlationId":"5017d3e6-633e-42bc-bb92-571d7f15f106","providers":[{"namespace":"Microsoft.Network","resourceTypes":[{"resourceType":"virtualNetworks","locations":["centraluseuap"]},{"resourceType":"networkSecurityGroups","locations":["centraluseuap"]},{"resourceType":"publicIPAddresses","locations":["centraluseuap"]},{"resourceType":"networkInterfaces","locations":["centraluseuap"]}]},{"namespace":"Microsoft.Compute","resourceTypes":[{"resourceType":"virtualMachines","locations":["centraluseuap"]}]}],"dependencies":[{"dependsOn":[{"id":"/subscriptions/00000000-0000-0000-0000-000000000000/resourceGroups/cli_test_community_gallery_operations_000001/providers/Microsoft.Network/virtualNetworks/vm000002VNET","resourceType":"Microsoft.Network/virtualNetworks","resourceName":"vm000002VNET"},{"id":"/subscriptions/00000000-0000-0000-0000-000000000000/resourceGroups/cli_test_community_gallery_operations_000001/providers/Microsoft.Network/networkSecurityGroups/vm000002NSG","resourceType":"Microsoft.Network/networkSecurityGroups","resourceName":"vm000002NSG"},{"id":"/subscriptions/00000000-0000-0000-0000-000000000000/resourceGroups/cli_test_community_gallery_operations_000001/providers/Microsoft.Network/publicIPAddresses/vm000002PublicIP","resourceType":"Microsoft.Network/publicIPAddresses","resourceName":"vm000002PublicIP"}],"id":"/subscriptions/00000000-0000-0000-0000-000000000000/resourceGroups/cli_test_community_gallery_operations_000001/providers/Microsoft.Network/networkInterfaces/vm000002VMNic","resourceType":"Microsoft.Network/networkInterfaces","resourceName":"vm000002VMNic"},{"dependsOn":[{"id":"/subscriptions/00000000-0000-0000-0000-000000000000/resourceGroups/cli_test_community_gallery_operations_000001/providers/Microsoft.Network/networkInterfaces/vm000002VMNic","resourceType":"Microsoft.Network/networkInterfaces","resourceName":"vm000002VMNic"}],"id":"/subscriptions/00000000-0000-0000-0000-000000000000/resourceGroups/cli_test_community_gallery_operations_000001/providers/Microsoft.Compute/virtualMachines/vm000002","resourceType":"Microsoft.Compute/virtualMachines","resourceName":"vm000002"}],"outputs":{},"outputResources":[{"id":"/subscriptions/00000000-0000-0000-0000-000000000000/resourceGroups/cli_test_community_gallery_operations_000001/providers/Microsoft.Compute/virtualMachines/vm000002"},{"id":"/subscriptions/00000000-0000-0000-0000-000000000000/resourceGroups/cli_test_community_gallery_operations_000001/providers/Microsoft.Network/networkInterfaces/vm000002VMNic"},{"id":"/subscriptions/00000000-0000-0000-0000-000000000000/resourceGroups/cli_test_community_gallery_operations_000001/providers/Microsoft.Network/networkSecurityGroups/vm000002NSG"},{"id":"/subscriptions/00000000-0000-0000-0000-000000000000/resourceGroups/cli_test_community_gallery_operations_000001/providers/Microsoft.Network/publicIPAddresses/vm000002PublicIP"},{"id":"/subscriptions/00000000-0000-0000-0000-000000000000/resourceGroups/cli_test_community_gallery_operations_000001/providers/Microsoft.Network/virtualNetworks/vm000002VNET"}]}}'
    headers:
      cache-control:
      - no-cache
      content-length:
      - '3554'
      content-type:
      - application/json; charset=utf-8
      date:
      - Thu, 20 Oct 2022 06:53:54 GMT
      expires:
      - '-1'
      pragma:
      - no-cache
      strict-transport-security:
      - max-age=31536000; includeSubDomains
      vary:
      - Accept-Encoding
      x-content-type-options:
      - nosniff
    status:
      code: 200
      message: OK
- request:
    body: null
    headers:
      Accept:
      - application/json
      Accept-Encoding:
      - gzip, deflate
      CommandName:
      - vm create
      Connection:
      - keep-alive
      ParameterSetName:
      - -g -n --image --admin-username --generate-ssh-keys --nsg-rule
      User-Agent:
      - AZURECLI/2.41.0 azsdk-python-azure-mgmt-compute/29.0.0 Python/3.8.10 (Windows-10-10.0.22000-SP0)
    method: GET
    uri: https://management.azure.com/subscriptions/00000000-0000-0000-0000-000000000000/resourceGroups/cli_test_community_gallery_operations_000001/providers/Microsoft.Compute/virtualMachines/vm000002?$expand=instanceView&api-version=2022-08-01
  response:
    body:
      string: "{\r\n  \"name\": \"vm000002\",\r\n  \"id\": \"/subscriptions/00000000-0000-0000-0000-000000000000/resourceGroups/cli_test_community_gallery_operations_000001/providers/Microsoft.Compute/virtualMachines/vm000002\",\r\n
        \ \"type\": \"Microsoft.Compute/virtualMachines\",\r\n  \"location\": \"centraluseuap\",\r\n
        \ \"tags\": {},\r\n  \"properties\": {\r\n    \"vmId\": \"d00f28ab-d74e-49cd-af40-2adc651b6eff\",\r\n
        \   \"hardwareProfile\": {\r\n      \"vmSize\": \"Standard_DS1_v2\"\r\n    },\r\n
        \   \"storageProfile\": {\r\n      \"imageReference\": {\r\n        \"publisher\":
        \"Canonical\",\r\n        \"offer\": \"UbuntuServer\",\r\n        \"sku\":
        \"18.04-LTS\",\r\n        \"version\": \"latest\",\r\n        \"exactVersion\":
        \"18.04.202210180\"\r\n      },\r\n      \"osDisk\": {\r\n        \"osType\":
        \"Linux\",\r\n        \"name\": \"vm000002_disk1_735e512bbd0044cc857b5b5cefa1f102\",\r\n
        \       \"createOption\": \"FromImage\",\r\n        \"caching\": \"ReadWrite\",\r\n
        \       \"managedDisk\": {\r\n          \"storageAccountType\": \"Premium_LRS\",\r\n
        \         \"id\": \"/subscriptions/00000000-0000-0000-0000-000000000000/resourceGroups/cli_test_community_gallery_operations_000001/providers/Microsoft.Compute/disks/vm000002_disk1_735e512bbd0044cc857b5b5cefa1f102\"\r\n
        \       },\r\n        \"deleteOption\": \"Detach\",\r\n        \"diskSizeGB\":
        30\r\n      },\r\n      \"dataDisks\": []\r\n    },\r\n    \"osProfile\":
        {\r\n      \"computerName\": \"vm000002\",\r\n      \"adminUsername\": \"gallerytest\",\r\n
        \     \"linuxConfiguration\": {\r\n        \"disablePasswordAuthentication\":
        true,\r\n        \"ssh\": {\r\n          \"publicKeys\": [\r\n            {\r\n
        \             \"path\": \"/home/gallerytest/.ssh/authorized_keys\",\r\n              \"keyData\":
        \"ssh-rsa AAAAB3NzaC1yc2EAAAADAQABAAABAQDBfrmPNtStaG3GJyEk6YjCZ57vUFT6RfwPCEtLJpvjTaVFEuD7W+HXCE4kdoe0WUINcWyPmo44k9oJlWwimxHcc/FLhMTHyJopyfSePGySHjjjS/2brJyeZ86xIC4QJMX7xqe4rdg/XOEXlbJisD0Ge8ervZr7dN/B/lsoiQLH+C5ueOed9JRaCeLRXtlBAJrlI3BXm+kDV9qPH4LhxFIS6WIZ+dk3u/RtCCC+yZ6x3wRr9CqVZ/Xr0fs02wOnKUSlZDpuu28Hsb1BtQM/+aq1YgcEsudCepRkSyNf8V38xx4T+iiBBFvVLlMNE6CC7Jk4Uc/tO/fv1xaFpmo4Pmu/\"\r\n
        \           }\r\n          ]\r\n        },\r\n        \"provisionVMAgent\":
        true,\r\n        \"patchSettings\": {\r\n          \"patchMode\": \"ImageDefault\",\r\n
        \         \"assessmentMode\": \"ImageDefault\"\r\n        },\r\n        \"enableVMAgentPlatformUpdates\":
        false\r\n      },\r\n      \"secrets\": [],\r\n      \"allowExtensionOperations\":
        true,\r\n      \"requireGuestProvisionSignal\": true\r\n    },\r\n    \"networkProfile\":
        {\"networkInterfaces\":[{\"id\":\"/subscriptions/00000000-0000-0000-0000-000000000000/resourceGroups/cli_test_community_gallery_operations_000001/providers/Microsoft.Network/networkInterfaces/vm000002VMNic\"}]},\r\n
        \   \"provisioningState\": \"Succeeded\",\r\n    \"instanceView\": {\r\n      \"computerName\":
        \"vm000002\",\r\n      \"osName\": \"ubuntu\",\r\n      \"osVersion\": \"18.04\",\r\n
        \     \"vmAgent\": {\r\n        \"vmAgentVersion\": \"2.9.0.2\",\r\n        \"statuses\":
        [\r\n          {\r\n            \"code\": \"ProvisioningState/succeeded\",\r\n
        \           \"level\": \"Info\",\r\n            \"displayStatus\": \"Ready\",\r\n
        \           \"message\": \"Guest Agent is running\",\r\n            \"time\":
        \"2022-10-20T06:53:48+00:00\"\r\n          }\r\n        ],\r\n        \"extensionHandlers\":
        []\r\n      },\r\n      \"disks\": [\r\n        {\r\n          \"name\": \"vm000002_disk1_735e512bbd0044cc857b5b5cefa1f102\",\r\n
        \         \"statuses\": [\r\n            {\r\n              \"code\": \"ProvisioningState/succeeded\",\r\n
        \             \"level\": \"Info\",\r\n              \"displayStatus\": \"Provisioning
        succeeded\",\r\n              \"time\": \"2022-10-20T06:53:19.5684486+00:00\"\r\n
        \           }\r\n          ]\r\n        }\r\n      ],\r\n      \"hyperVGeneration\":
        \"V1\",\r\n      \"statuses\": [\r\n        {\r\n          \"code\": \"ProvisioningState/succeeded\",\r\n
        \         \"level\": \"Info\",\r\n          \"displayStatus\": \"Provisioning
        succeeded\",\r\n          \"time\": \"2022-10-20T06:53:35.974734+00:00\"\r\n
        \       },\r\n        {\r\n          \"code\": \"PowerState/running\",\r\n
        \         \"level\": \"Info\",\r\n          \"displayStatus\": \"VM running\"\r\n
        \       }\r\n      ]\r\n    },\r\n    \"timeCreated\": \"2022-10-20T06:53:17.8028293+00:00\"\r\n
        \ }\r\n}"
    headers:
      cache-control:
      - no-cache
      content-length:
      - '3965'
      content-type:
      - application/json; charset=utf-8
      date:
      - Thu, 20 Oct 2022 06:53:57 GMT
      expires:
      - '-1'
      pragma:
      - no-cache
      server:
      - Microsoft-HTTPAPI/2.0
      - Microsoft-HTTPAPI/2.0
      strict-transport-security:
      - max-age=31536000; includeSubDomains
      transfer-encoding:
      - chunked
      vary:
      - Accept-Encoding
      x-content-type-options:
      - nosniff
      x-ms-ratelimit-remaining-resource:
      - Microsoft.Compute/LowCostGet3Min;3997,Microsoft.Compute/LowCostGet30Min;31997
    status:
      code: 200
      message: OK
- request:
    body: null
    headers:
      Accept:
      - application/json
      Accept-Encoding:
      - gzip, deflate
      CommandName:
      - vm create
      Connection:
      - keep-alive
      ParameterSetName:
      - -g -n --image --admin-username --generate-ssh-keys --nsg-rule
      User-Agent:
      - AZURECLI/2.41.0 azsdk-python-azure-mgmt-network/21.0.1 Python/3.8.10 (Windows-10-10.0.22000-SP0)
    method: GET
    uri: https://management.azure.com/subscriptions/00000000-0000-0000-0000-000000000000/resourceGroups/cli_test_community_gallery_operations_000001/providers/Microsoft.Network/networkInterfaces/vm000002VMNic?api-version=2022-01-01
  response:
    body:
      string: "{\r\n  \"name\": \"vm000002VMNic\",\r\n  \"id\": \"/subscriptions/00000000-0000-0000-0000-000000000000/resourceGroups/cli_test_community_gallery_operations_000001/providers/Microsoft.Network/networkInterfaces/vm000002VMNic\",\r\n
        \ \"etag\": \"W/\\\"83b6a8c5-dba1-4cfe-97fb-be299315a722\\\"\",\r\n  \"tags\":
        {},\r\n  \"properties\": {\r\n    \"provisioningState\": \"Succeeded\",\r\n
        \   \"resourceGuid\": \"d6001ac5-b60a-45af-862b-490ee231b2b8\",\r\n    \"ipConfigurations\":
        [\r\n      {\r\n        \"name\": \"ipconfigvm000002\",\r\n        \"id\":
        \"/subscriptions/00000000-0000-0000-0000-000000000000/resourceGroups/cli_test_community_gallery_operations_000001/providers/Microsoft.Network/networkInterfaces/vm000002VMNic/ipConfigurations/ipconfigvm000002\",\r\n
        \       \"etag\": \"W/\\\"83b6a8c5-dba1-4cfe-97fb-be299315a722\\\"\",\r\n
        \       \"type\": \"Microsoft.Network/networkInterfaces/ipConfigurations\",\r\n
        \       \"properties\": {\r\n          \"provisioningState\": \"Succeeded\",\r\n
        \         \"privateIPAddress\": \"10.0.0.4\",\r\n          \"privateIPAllocationMethod\":
        \"Dynamic\",\r\n          \"publicIPAddress\": {\r\n            \"id\": \"/subscriptions/00000000-0000-0000-0000-000000000000/resourceGroups/cli_test_community_gallery_operations_000001/providers/Microsoft.Network/publicIPAddresses/vm000002PublicIP\"\r\n
        \         },\r\n          \"subnet\": {\r\n            \"id\": \"/subscriptions/00000000-0000-0000-0000-000000000000/resourceGroups/cli_test_community_gallery_operations_000001/providers/Microsoft.Network/virtualNetworks/vm000002VNET/subnets/vm000002Subnet\"\r\n
        \         },\r\n          \"primary\": true,\r\n          \"privateIPAddressVersion\":
        \"IPv4\"\r\n        }\r\n      }\r\n    ],\r\n    \"dnsSettings\": {\r\n      \"dnsServers\":
        [],\r\n      \"appliedDnsServers\": [],\r\n      \"internalDomainNameSuffix\":
        \"eaeeoj0ousnungaa1g5k4fqhwc.cdmx.internal.cloudapp.net\"\r\n    },\r\n    \"macAddress\":
        \"60-45-BD-CA-F3-77\",\r\n    \"vnetEncryptionSupported\": false,\r\n    \"enableIPForwarding\":
        false,\r\n    \"networkSecurityGroup\": {\r\n      \"id\": \"/subscriptions/00000000-0000-0000-0000-000000000000/resourceGroups/cli_test_community_gallery_operations_000001/providers/Microsoft.Network/networkSecurityGroups/vm000002NSG\"\r\n
        \   },\r\n    \"primary\": true,\r\n    \"virtualMachine\": {\r\n      \"id\":
        \"/subscriptions/00000000-0000-0000-0000-000000000000/resourceGroups/cli_test_community_gallery_operations_000001/providers/Microsoft.Compute/virtualMachines/vm000002\"\r\n
        \   },\r\n    \"hostedWorkloads\": [],\r\n    \"tapConfigurations\": [],\r\n
        \   \"nicType\": \"Standard\",\r\n    \"allowPort25Out\": true\r\n  },\r\n
        \ \"type\": \"Microsoft.Network/networkInterfaces\",\r\n  \"location\": \"centraluseuap\",\r\n
        \ \"kind\": \"Regular\"\r\n}"
    headers:
      cache-control:
      - no-cache
      content-length:
      - '2574'
      content-type:
      - application/json; charset=utf-8
      date:
      - Thu, 20 Oct 2022 06:53:59 GMT
      etag:
      - W/"83b6a8c5-dba1-4cfe-97fb-be299315a722"
      expires:
      - '-1'
      pragma:
      - no-cache
      server:
      - Microsoft-HTTPAPI/2.0
      - Microsoft-HTTPAPI/2.0
      strict-transport-security:
      - max-age=31536000; includeSubDomains
      transfer-encoding:
      - chunked
      vary:
      - Accept-Encoding
      x-content-type-options:
      - nosniff
      x-ms-arm-service-request-id:
      - 264e45fe-93c9-4e92-8679-6502c97d98f2
    status:
      code: 200
      message: OK
- request:
    body: null
    headers:
      Accept:
      - application/json
      Accept-Encoding:
      - gzip, deflate
      CommandName:
      - vm create
      Connection:
      - keep-alive
      ParameterSetName:
      - -g -n --image --admin-username --generate-ssh-keys --nsg-rule
      User-Agent:
      - AZURECLI/2.41.0 azsdk-python-azure-mgmt-network/21.0.1 Python/3.8.10 (Windows-10-10.0.22000-SP0)
    method: GET
    uri: https://management.azure.com/subscriptions/00000000-0000-0000-0000-000000000000/resourceGroups/cli_test_community_gallery_operations_000001/providers/Microsoft.Network/publicIPAddresses/vm000002PublicIP?api-version=2022-01-01
  response:
    body:
      string: "{\r\n  \"name\": \"vm000002PublicIP\",\r\n  \"id\": \"/subscriptions/00000000-0000-0000-0000-000000000000/resourceGroups/cli_test_community_gallery_operations_000001/providers/Microsoft.Network/publicIPAddresses/vm000002PublicIP\",\r\n
        \ \"etag\": \"W/\\\"6b5e0a40-495a-4eb8-82f0-e9c16e44af96\\\"\",\r\n  \"location\":
        \"centraluseuap\",\r\n  \"tags\": {},\r\n  \"properties\": {\r\n    \"provisioningState\":
        \"Succeeded\",\r\n    \"resourceGuid\": \"2586d231-b949-43d6-b559-a2b109b8f42f\",\r\n
        \   \"ipAddress\": \"20.46.25.215\",\r\n    \"publicIPAddressVersion\": \"IPv4\",\r\n
        \   \"publicIPAllocationMethod\": \"Dynamic\",\r\n    \"idleTimeoutInMinutes\":
        4,\r\n    \"ipTags\": [],\r\n    \"ipConfiguration\": {\r\n      \"id\": \"/subscriptions/00000000-0000-0000-0000-000000000000/resourceGroups/cli_test_community_gallery_operations_000001/providers/Microsoft.Network/networkInterfaces/vm000002VMNic/ipConfigurations/ipconfigvm000002\"\r\n
        \   }\r\n  },\r\n  \"type\": \"Microsoft.Network/publicIPAddresses\",\r\n
        \ \"sku\": {\r\n    \"name\": \"Basic\",\r\n    \"tier\": \"Regional\"\r\n
        \ }\r\n}"
    headers:
      cache-control:
      - no-cache
      content-length:
      - '986'
      content-type:
      - application/json; charset=utf-8
      date:
      - Thu, 20 Oct 2022 06:53:59 GMT
      etag:
      - W/"6b5e0a40-495a-4eb8-82f0-e9c16e44af96"
      expires:
      - '-1'
      pragma:
      - no-cache
      server:
      - Microsoft-HTTPAPI/2.0
      - Microsoft-HTTPAPI/2.0
      strict-transport-security:
      - max-age=31536000; includeSubDomains
      transfer-encoding:
      - chunked
      vary:
      - Accept-Encoding
      x-content-type-options:
      - nosniff
      x-ms-arm-service-request-id:
      - 90eb9839-81a5-4675-a9c3-c652f142ec64
    status:
      code: 200
      message: OK
- request:
    body: null
    headers:
      Accept:
      - application/json
      Accept-Encoding:
      - gzip, deflate
      CommandName:
      - vm deallocate
      Connection:
      - keep-alive
      Content-Length:
      - '0'
      ParameterSetName:
      - -g -n
      User-Agent:
      - AZURECLI/2.41.0 azsdk-python-azure-mgmt-compute/29.0.0 Python/3.8.10 (Windows-10-10.0.22000-SP0)
    method: POST
    uri: https://management.azure.com/subscriptions/00000000-0000-0000-0000-000000000000/resourceGroups/cli_test_community_gallery_operations_000001/providers/Microsoft.Compute/virtualMachines/vm000002/deallocate?api-version=2022-08-01
  response:
    body:
      string: ''
    headers:
      azure-asyncnotification:
      - Enabled
      azure-asyncoperation:
      - https://management.azure.com/subscriptions/00000000-0000-0000-0000-000000000000/providers/Microsoft.Compute/locations/CentralUSEUAP/operations/f2ec9ca3-d805-4a47-af5f-18527b09d0d4?p=2745cc42-2cf3-41b7-830c-129b79fbec46&api-version=2022-08-01
      cache-control:
      - no-cache
      content-length:
      - '0'
      date:
      - Thu, 20 Oct 2022 06:54:01 GMT
      expires:
      - '-1'
      location:
      - https://management.azure.com/subscriptions/00000000-0000-0000-0000-000000000000/providers/Microsoft.Compute/locations/CentralUSEUAP/operations/f2ec9ca3-d805-4a47-af5f-18527b09d0d4?p=2745cc42-2cf3-41b7-830c-129b79fbec46&monitor=true&api-version=2022-08-01
      pragma:
      - no-cache
      server:
      - Microsoft-HTTPAPI/2.0
      - Microsoft-HTTPAPI/2.0
      strict-transport-security:
      - max-age=31536000; includeSubDomains
      x-content-type-options:
      - nosniff
      x-ms-ratelimit-remaining-resource:
      - Microsoft.Compute/DeleteVM3Min;239,Microsoft.Compute/DeleteVM30Min;1199
      x-ms-ratelimit-remaining-subscription-writes:
      - '1199'
    status:
      code: 202
      message: Accepted
- request:
    body: null
    headers:
      Accept:
      - '*/*'
      Accept-Encoding:
      - gzip, deflate
      CommandName:
      - vm deallocate
      Connection:
      - keep-alive
      ParameterSetName:
      - -g -n
      User-Agent:
      - AZURECLI/2.41.0 azsdk-python-azure-mgmt-compute/29.0.0 Python/3.8.10 (Windows-10-10.0.22000-SP0)
    method: GET
    uri: https://management.azure.com/subscriptions/00000000-0000-0000-0000-000000000000/providers/Microsoft.Compute/locations/CentralUSEUAP/operations/f2ec9ca3-d805-4a47-af5f-18527b09d0d4?p=2745cc42-2cf3-41b7-830c-129b79fbec46&api-version=2022-08-01
  response:
    body:
      string: "{\r\n  \"startTime\": \"2022-10-20T06:54:01.9903272+00:00\",\r\n  \"status\":
        \"InProgress\",\r\n  \"name\": \"f2ec9ca3-d805-4a47-af5f-18527b09d0d4\"\r\n}"
    headers:
      cache-control:
      - no-cache
      content-length:
      - '134'
      content-type:
      - application/json; charset=utf-8
      date:
      - Thu, 20 Oct 2022 06:54:11 GMT
      expires:
      - '-1'
      pragma:
      - no-cache
      server:
      - Microsoft-HTTPAPI/2.0
      - Microsoft-HTTPAPI/2.0
      strict-transport-security:
      - max-age=31536000; includeSubDomains
      transfer-encoding:
      - chunked
      vary:
      - Accept-Encoding
      x-content-type-options:
      - nosniff
      x-ms-ratelimit-remaining-resource:
      - Microsoft.Compute/GetOperation3Min;14998,Microsoft.Compute/GetOperation30Min;29998
    status:
      code: 200
      message: OK
- request:
    body: null
    headers:
      Accept:
      - '*/*'
      Accept-Encoding:
      - gzip, deflate
      CommandName:
      - vm deallocate
      Connection:
      - keep-alive
      ParameterSetName:
      - -g -n
      User-Agent:
      - AZURECLI/2.41.0 azsdk-python-azure-mgmt-compute/29.0.0 Python/3.8.10 (Windows-10-10.0.22000-SP0)
    method: GET
    uri: https://management.azure.com/subscriptions/00000000-0000-0000-0000-000000000000/providers/Microsoft.Compute/locations/CentralUSEUAP/operations/f2ec9ca3-d805-4a47-af5f-18527b09d0d4?p=2745cc42-2cf3-41b7-830c-129b79fbec46&api-version=2022-08-01
  response:
    body:
      string: "{\r\n  \"startTime\": \"2022-10-20T06:54:01.9903272+00:00\",\r\n  \"endTime\":
        \"2022-10-20T06:54:35.4904216+00:00\",\r\n  \"status\": \"Succeeded\",\r\n
        \ \"name\": \"f2ec9ca3-d805-4a47-af5f-18527b09d0d4\"\r\n}"
    headers:
      cache-control:
      - no-cache
      content-length:
      - '184'
      content-type:
      - application/json; charset=utf-8
      date:
      - Thu, 20 Oct 2022 06:54:48 GMT
      expires:
      - '-1'
      pragma:
      - no-cache
      server:
      - Microsoft-HTTPAPI/2.0
      - Microsoft-HTTPAPI/2.0
      strict-transport-security:
      - max-age=31536000; includeSubDomains
      transfer-encoding:
      - chunked
      vary:
      - Accept-Encoding
      x-content-type-options:
      - nosniff
      x-ms-ratelimit-remaining-resource:
      - Microsoft.Compute/GetOperation3Min;14995,Microsoft.Compute/GetOperation30Min;29995
    status:
      code: 200
      message: OK
- request:
    body: null
    headers:
      Accept:
      - '*/*'
      Accept-Encoding:
      - gzip, deflate
      CommandName:
      - vm deallocate
      Connection:
      - keep-alive
      ParameterSetName:
      - -g -n
      User-Agent:
      - AZURECLI/2.41.0 azsdk-python-azure-mgmt-compute/29.0.0 Python/3.8.10 (Windows-10-10.0.22000-SP0)
    method: GET
    uri: https://management.azure.com/subscriptions/00000000-0000-0000-0000-000000000000/providers/Microsoft.Compute/locations/CentralUSEUAP/operations/f2ec9ca3-d805-4a47-af5f-18527b09d0d4?p=2745cc42-2cf3-41b7-830c-129b79fbec46&monitor=true&api-version=2022-08-01
  response:
    body:
      string: ''
    headers:
      cache-control:
      - no-cache
      content-length:
      - '0'
      date:
      - Thu, 20 Oct 2022 06:54:48 GMT
      expires:
      - '-1'
      pragma:
      - no-cache
      server:
      - Microsoft-HTTPAPI/2.0
      - Microsoft-HTTPAPI/2.0
      strict-transport-security:
      - max-age=31536000; includeSubDomains
      x-content-type-options:
      - nosniff
      x-ms-ratelimit-remaining-resource:
      - Microsoft.Compute/GetOperation3Min;14994,Microsoft.Compute/GetOperation30Min;29994
    status:
      code: 200
      message: OK
- request:
    body: null
    headers:
      Accept:
      - application/json
      Accept-Encoding:
      - gzip, deflate
      CommandName:
      - vm generalize
      Connection:
      - keep-alive
      Content-Length:
      - '0'
      ParameterSetName:
      - -g -n
      User-Agent:
      - AZURECLI/2.41.0 azsdk-python-azure-mgmt-compute/29.0.0 Python/3.8.10 (Windows-10-10.0.22000-SP0)
    method: POST
    uri: https://management.azure.com/subscriptions/00000000-0000-0000-0000-000000000000/resourceGroups/cli_test_community_gallery_operations_000001/providers/Microsoft.Compute/virtualMachines/vm000002/generalize?api-version=2022-08-01
  response:
    body:
      string: ''
    headers:
      cache-control:
      - no-cache
      content-length:
      - '0'
      date:
      - Thu, 20 Oct 2022 06:54:51 GMT
      expires:
      - '-1'
      pragma:
      - no-cache
      server:
      - Microsoft-HTTPAPI/2.0
      - Microsoft-HTTPAPI/2.0
      strict-transport-security:
      - max-age=31536000; includeSubDomains
      x-content-type-options:
      - nosniff
      x-ms-ratelimit-remaining-resource:
      - Microsoft.Compute/UpdateVM3Min;239,Microsoft.Compute/UpdateVM30Min;1199
      x-ms-ratelimit-remaining-subscription-writes:
      - '1197'
    status:
      code: 200
      message: OK
- request:
    body: null
    headers:
      Accept:
      - application/json
      Accept-Encoding:
      - gzip, deflate
      CommandName:
      - image create
      Connection:
      - keep-alive
      ParameterSetName:
      - -g -n --source
      User-Agent:
      - AZURECLI/2.41.0 azsdk-python-azure-mgmt-compute/29.0.0 Python/3.8.10 (Windows-10-10.0.22000-SP0)
    method: GET
    uri: https://management.azure.com/subscriptions/00000000-0000-0000-0000-000000000000/resourceGroups/cli_test_community_gallery_operations_000001/providers/Microsoft.Compute/virtualMachines/vm000002?api-version=2022-08-01
  response:
    body:
      string: "{\r\n  \"name\": \"vm000002\",\r\n  \"id\": \"/subscriptions/00000000-0000-0000-0000-000000000000/resourceGroups/cli_test_community_gallery_operations_000001/providers/Microsoft.Compute/virtualMachines/vm000002\",\r\n
        \ \"type\": \"Microsoft.Compute/virtualMachines\",\r\n  \"location\": \"centraluseuap\",\r\n
        \ \"tags\": {},\r\n  \"properties\": {\r\n    \"vmId\": \"d00f28ab-d74e-49cd-af40-2adc651b6eff\",\r\n
        \   \"hardwareProfile\": {\r\n      \"vmSize\": \"Standard_DS1_v2\"\r\n    },\r\n
        \   \"storageProfile\": {\r\n      \"imageReference\": {\r\n        \"publisher\":
        \"Canonical\",\r\n        \"offer\": \"UbuntuServer\",\r\n        \"sku\":
        \"18.04-LTS\",\r\n        \"version\": \"latest\",\r\n        \"exactVersion\":
        \"18.04.202210180\"\r\n      },\r\n      \"osDisk\": {\r\n        \"osType\":
        \"Linux\",\r\n        \"name\": \"vm000002_disk1_735e512bbd0044cc857b5b5cefa1f102\",\r\n
        \       \"createOption\": \"FromImage\",\r\n        \"caching\": \"ReadWrite\",\r\n
        \       \"managedDisk\": {\r\n          \"id\": \"/subscriptions/00000000-0000-0000-0000-000000000000/resourceGroups/cli_test_community_gallery_operations_000001/providers/Microsoft.Compute/disks/vm000002_disk1_735e512bbd0044cc857b5b5cefa1f102\"\r\n
        \       },\r\n        \"deleteOption\": \"Detach\"\r\n      },\r\n      \"dataDisks\":
        []\r\n    },\r\n    \"osProfile\": {\r\n      \"computerName\": \"vm000002\",\r\n
        \     \"adminUsername\": \"gallerytest\",\r\n      \"linuxConfiguration\":
        {\r\n        \"disablePasswordAuthentication\": true,\r\n        \"ssh\":
        {\r\n          \"publicKeys\": [\r\n            {\r\n              \"path\":
        \"/home/gallerytest/.ssh/authorized_keys\",\r\n              \"keyData\":
        \"ssh-rsa AAAAB3NzaC1yc2EAAAADAQABAAABAQDBfrmPNtStaG3GJyEk6YjCZ57vUFT6RfwPCEtLJpvjTaVFEuD7W+HXCE4kdoe0WUINcWyPmo44k9oJlWwimxHcc/FLhMTHyJopyfSePGySHjjjS/2brJyeZ86xIC4QJMX7xqe4rdg/XOEXlbJisD0Ge8ervZr7dN/B/lsoiQLH+C5ueOed9JRaCeLRXtlBAJrlI3BXm+kDV9qPH4LhxFIS6WIZ+dk3u/RtCCC+yZ6x3wRr9CqVZ/Xr0fs02wOnKUSlZDpuu28Hsb1BtQM/+aq1YgcEsudCepRkSyNf8V38xx4T+iiBBFvVLlMNE6CC7Jk4Uc/tO/fv1xaFpmo4Pmu/\"\r\n
        \           }\r\n          ]\r\n        },\r\n        \"provisionVMAgent\":
        true,\r\n        \"patchSettings\": {\r\n          \"patchMode\": \"ImageDefault\",\r\n
        \         \"assessmentMode\": \"ImageDefault\"\r\n        },\r\n        \"enableVMAgentPlatformUpdates\":
        false\r\n      },\r\n      \"secrets\": [],\r\n      \"allowExtensionOperations\":
        true,\r\n      \"requireGuestProvisionSignal\": true\r\n    },\r\n    \"networkProfile\":
        {\"networkInterfaces\":[{\"id\":\"/subscriptions/00000000-0000-0000-0000-000000000000/resourceGroups/cli_test_community_gallery_operations_000001/providers/Microsoft.Network/networkInterfaces/vm000002VMNic\"}]},\r\n
        \   \"provisioningState\": \"Succeeded\",\r\n    \"timeCreated\": \"2022-10-20T06:53:17.8028293+00:00\"\r\n
        \ }\r\n}"
    headers:
      cache-control:
      - no-cache
      content-length:
      - '2591'
      content-type:
      - application/json; charset=utf-8
      date:
      - Thu, 20 Oct 2022 06:54:52 GMT
      expires:
      - '-1'
      pragma:
      - no-cache
      server:
      - Microsoft-HTTPAPI/2.0
      - Microsoft-HTTPAPI/2.0
      strict-transport-security:
      - max-age=31536000; includeSubDomains
      transfer-encoding:
      - chunked
      vary:
      - Accept-Encoding
      x-content-type-options:
      - nosniff
      x-ms-ratelimit-remaining-resource:
      - Microsoft.Compute/LowCostGet3Min;3996,Microsoft.Compute/LowCostGet30Min;31996
    status:
      code: 200
      message: OK
- request:
    body: null
    headers:
      Accept:
      - application/json
      Accept-Encoding:
      - gzip, deflate
      CommandName:
      - image create
      Connection:
      - keep-alive
      ParameterSetName:
      - -g -n --source
      User-Agent:
      - AZURECLI/2.41.0 azsdk-python-azure-mgmt-resource/21.1.0b1 Python/3.8.10 (Windows-10-10.0.22000-SP0)
    method: GET
    uri: https://management.azure.com/subscriptions/00000000-0000-0000-0000-000000000000/resourcegroups/cli_test_community_gallery_operations_000001?api-version=2021-04-01
  response:
    body:
      string: '{"id":"/subscriptions/00000000-0000-0000-0000-000000000000/resourceGroups/cli_test_community_gallery_operations_000001","name":"cli_test_community_gallery_operations_000001","type":"Microsoft.Resources/resourceGroups","location":"centraluseuap","tags":{"product":"azurecli","cause":"automation","date":"2022-10-20T06:50:28Z"},"properties":{"provisioningState":"Succeeded"}}'
    headers:
      cache-control:
      - no-cache
      content-length:
      - '373'
      content-type:
      - application/json; charset=utf-8
      date:
      - Thu, 20 Oct 2022 06:54:53 GMT
      expires:
      - '-1'
      pragma:
      - no-cache
      strict-transport-security:
      - max-age=31536000; includeSubDomains
      vary:
      - Accept-Encoding
      x-content-type-options:
      - nosniff
    status:
      code: 200
      message: OK
- request:
    body: '{"location": "centraluseuap", "tags": {}, "properties": {"sourceVirtualMachine":
      {"id": "/subscriptions/00000000-0000-0000-0000-000000000000/resourceGroups/cli_test_community_gallery_operations_000001/providers/Microsoft.Compute/virtualMachines/vm000002"},
      "hyperVGeneration": "V1"}}'
    headers:
      Accept:
      - application/json
      Accept-Encoding:
      - gzip, deflate
      CommandName:
      - image create
      Connection:
      - keep-alive
      Content-Length:
      - '283'
      Content-Type:
      - application/json
      ParameterSetName:
      - -g -n --source
      User-Agent:
      - AZURECLI/2.41.0 azsdk-python-azure-mgmt-compute/29.0.0 Python/3.8.10 (Windows-10-10.0.22000-SP0)
    method: PUT
    uri: https://management.azure.com/subscriptions/00000000-0000-0000-0000-000000000000/resourceGroups/cli_test_community_gallery_operations_000001/providers/Microsoft.Compute/images/managedImage1?api-version=2022-08-01
  response:
    body:
      string: "{\r\n  \"name\": \"managedImage1\",\r\n  \"id\": \"/subscriptions/00000000-0000-0000-0000-000000000000/resourceGroups/cli_test_community_gallery_operations_000001/providers/Microsoft.Compute/images/managedImage1\",\r\n
        \ \"type\": \"Microsoft.Compute/images\",\r\n  \"location\": \"centraluseuap\",\r\n
        \ \"tags\": {},\r\n  \"properties\": {\r\n    \"sourceVirtualMachine\": {\r\n
        \     \"id\": \"/subscriptions/00000000-0000-0000-0000-000000000000/resourceGroups/cli_test_community_gallery_operations_000001/providers/Microsoft.Compute/virtualMachines/vm000002\"\r\n
        \   },\r\n    \"storageProfile\": {\r\n      \"osDisk\": {\r\n        \"osType\":
        \"Linux\",\r\n        \"osState\": \"Generalized\",\r\n        \"managedDisk\":
        {\r\n          \"id\": \"/subscriptions/00000000-0000-0000-0000-000000000000/resourceGroups/cli_test_community_gallery_operations_000001/providers/Microsoft.Compute/disks/vm000002_disk1_735e512bbd0044cc857b5b5cefa1f102\"\r\n
        \       },\r\n        \"caching\": \"ReadWrite\",\r\n        \"storageAccountType\":
        \"Premium_LRS\"\r\n      },\r\n      \"dataDisks\": []\r\n    },\r\n    \"provisioningState\":
        \"Creating\",\r\n    \"hyperVGeneration\": \"V1\"\r\n  }\r\n}"
    headers:
      azure-asyncnotification:
      - Enabled
      azure-asyncoperation:
      - https://management.azure.com/subscriptions/00000000-0000-0000-0000-000000000000/providers/Microsoft.Compute/locations/CentralUSEUAP/operations/b0d0ca99-4ce1-4ca7-b27b-dea968ae3406?p=2745cc42-2cf3-41b7-830c-129b79fbec46&api-version=2022-08-01
      cache-control:
      - no-cache
      content-length:
      - '1079'
      content-type:
      - application/json; charset=utf-8
      date:
      - Thu, 20 Oct 2022 06:54:59 GMT
      expires:
      - '-1'
      pragma:
      - no-cache
      server:
      - Microsoft-HTTPAPI/2.0
      - Microsoft-HTTPAPI/2.0
      strict-transport-security:
      - max-age=31536000; includeSubDomains
      x-content-type-options:
      - nosniff
      x-ms-ratelimit-remaining-resource:
      - Microsoft.Compute/CreateImages3Min;39,Microsoft.Compute/CreateImages30Min;199
      x-ms-ratelimit-remaining-subscription-writes:
      - '1190'
    status:
      code: 201
      message: Created
- request:
    body: null
    headers:
      Accept:
      - '*/*'
      Accept-Encoding:
      - gzip, deflate
      CommandName:
      - image create
      Connection:
      - keep-alive
      ParameterSetName:
      - -g -n --source
      User-Agent:
      - AZURECLI/2.41.0 azsdk-python-azure-mgmt-compute/29.0.0 Python/3.8.10 (Windows-10-10.0.22000-SP0)
    method: GET
    uri: https://management.azure.com/subscriptions/00000000-0000-0000-0000-000000000000/providers/Microsoft.Compute/locations/CentralUSEUAP/operations/b0d0ca99-4ce1-4ca7-b27b-dea968ae3406?p=2745cc42-2cf3-41b7-830c-129b79fbec46&api-version=2022-08-01
  response:
    body:
      string: "{\r\n  \"startTime\": \"2022-10-20T06:54:58.81851+00:00\",\r\n  \"endTime\":
        \"2022-10-20T06:55:03.9903899+00:00\",\r\n  \"status\": \"Succeeded\",\r\n
        \ \"name\": \"b0d0ca99-4ce1-4ca7-b27b-dea968ae3406\"\r\n}"
    headers:
      cache-control:
      - no-cache
      content-length:
      - '182'
      content-type:
      - application/json; charset=utf-8
      date:
      - Thu, 20 Oct 2022 06:55:29 GMT
      expires:
      - '-1'
      pragma:
      - no-cache
      server:
      - Microsoft-HTTPAPI/2.0
      - Microsoft-HTTPAPI/2.0
      strict-transport-security:
      - max-age=31536000; includeSubDomains
      transfer-encoding:
      - chunked
      vary:
      - Accept-Encoding
      x-content-type-options:
      - nosniff
      x-ms-ratelimit-remaining-resource:
      - Microsoft.Compute/GetOperation3Min;14992,Microsoft.Compute/GetOperation30Min;29992
    status:
      code: 200
      message: OK
- request:
    body: null
    headers:
      Accept:
      - '*/*'
      Accept-Encoding:
      - gzip, deflate
      CommandName:
      - image create
      Connection:
      - keep-alive
      ParameterSetName:
      - -g -n --source
      User-Agent:
      - AZURECLI/2.41.0 azsdk-python-azure-mgmt-compute/29.0.0 Python/3.8.10 (Windows-10-10.0.22000-SP0)
    method: GET
    uri: https://management.azure.com/subscriptions/00000000-0000-0000-0000-000000000000/resourceGroups/cli_test_community_gallery_operations_000001/providers/Microsoft.Compute/images/managedImage1?api-version=2022-08-01
  response:
    body:
      string: "{\r\n  \"name\": \"managedImage1\",\r\n  \"id\": \"/subscriptions/00000000-0000-0000-0000-000000000000/resourceGroups/cli_test_community_gallery_operations_000001/providers/Microsoft.Compute/images/managedImage1\",\r\n
        \ \"type\": \"Microsoft.Compute/images\",\r\n  \"location\": \"centraluseuap\",\r\n
        \ \"tags\": {},\r\n  \"properties\": {\r\n    \"sourceVirtualMachine\": {\r\n
        \     \"id\": \"/subscriptions/00000000-0000-0000-0000-000000000000/resourceGroups/cli_test_community_gallery_operations_000001/providers/Microsoft.Compute/virtualMachines/vm000002\"\r\n
        \   },\r\n    \"storageProfile\": {\r\n      \"osDisk\": {\r\n        \"osType\":
        \"Linux\",\r\n        \"osState\": \"Generalized\",\r\n        \"diskSizeGB\":
        30,\r\n        \"managedDisk\": {\r\n          \"id\": \"/subscriptions/00000000-0000-0000-0000-000000000000/resourceGroups/cli_test_community_gallery_operations_000001/providers/Microsoft.Compute/disks/vm000002_disk1_735e512bbd0044cc857b5b5cefa1f102\"\r\n
        \       },\r\n        \"caching\": \"ReadWrite\",\r\n        \"storageAccountType\":
        \"Premium_LRS\"\r\n      },\r\n      \"dataDisks\": []\r\n    },\r\n    \"provisioningState\":
        \"Succeeded\",\r\n    \"hyperVGeneration\": \"V1\"\r\n  }\r\n}"
    headers:
      cache-control:
      - no-cache
      content-length:
      - '1107'
      content-type:
      - application/json; charset=utf-8
      date:
      - Thu, 20 Oct 2022 06:55:29 GMT
      expires:
      - '-1'
      pragma:
      - no-cache
      server:
      - Microsoft-HTTPAPI/2.0
      - Microsoft-HTTPAPI/2.0
      strict-transport-security:
      - max-age=31536000; includeSubDomains
      transfer-encoding:
      - chunked
      vary:
      - Accept-Encoding
      x-content-type-options:
      - nosniff
      x-ms-ratelimit-remaining-resource:
      - Microsoft.Compute/GetImages3Min;358,Microsoft.Compute/GetImages30Min;1798
    status:
      code: 200
      message: OK
- request:
    body: null
    headers:
      Accept:
      - application/json
      Accept-Encoding:
      - gzip, deflate
      CommandName:
      - sig image-version create
      Connection:
      - keep-alive
      ParameterSetName:
      - -g --gallery-name --gallery-image-definition --gallery-image-version --managed-image
        --replica-count
      User-Agent:
      - AZURECLI/2.41.0 azsdk-python-azure-mgmt-resource/21.1.0b1 Python/3.8.10 (Windows-10-10.0.22000-SP0)
    method: GET
    uri: https://management.azure.com/subscriptions/00000000-0000-0000-0000-000000000000/resourcegroups/cli_test_community_gallery_operations_000001?api-version=2021-04-01
  response:
    body:
      string: '{"id":"/subscriptions/00000000-0000-0000-0000-000000000000/resourceGroups/cli_test_community_gallery_operations_000001","name":"cli_test_community_gallery_operations_000001","type":"Microsoft.Resources/resourceGroups","location":"centraluseuap","tags":{"product":"azurecli","cause":"automation","date":"2022-10-20T06:50:28Z"},"properties":{"provisioningState":"Succeeded"}}'
    headers:
      cache-control:
      - no-cache
      content-length:
      - '373'
      content-type:
      - application/json; charset=utf-8
      date:
      - Thu, 20 Oct 2022 06:55:31 GMT
      expires:
      - '-1'
      pragma:
      - no-cache
      strict-transport-security:
      - max-age=31536000; includeSubDomains
      vary:
      - Accept-Encoding
      x-content-type-options:
      - nosniff
    status:
      code: 200
      message: OK
- request:
    body: '{"location": "centraluseuap", "tags": {}, "properties": {"publishingProfile":
      {"targetRegions": [{"name": "centraluseuap"}], "replicaCount": 1}, "storageProfile":
      {"source": {"id": "/subscriptions/00000000-0000-0000-0000-000000000000/resourceGroups/cli_test_community_gallery_operations_000001/providers/Microsoft.Compute/images/managedImage1"}}}}'
    headers:
      Accept:
      - application/json
      Accept-Encoding:
      - gzip, deflate
      CommandName:
      - sig image-version create
      Connection:
      - keep-alive
      Content-Length:
      - '347'
      Content-Type:
      - application/json
      ParameterSetName:
      - -g --gallery-name --gallery-image-definition --gallery-image-version --managed-image
        --replica-count
      User-Agent:
      - AZURECLI/2.41.0 azsdk-python-azure-mgmt-compute/29.0.0 Python/3.8.10 (Windows-10-10.0.22000-SP0)
    method: PUT
    uri: https://management.azure.com/subscriptions/00000000-0000-0000-0000-000000000000/resourceGroups/cli_test_community_gallery_operations_000001/providers/Microsoft.Compute/galleries/gellery000003/images/image000004/versions/1.1.2?api-version=2022-03-03
  response:
    body:
      string: "{\r\n  \"name\": \"1.1.2\",\r\n  \"id\": \"/subscriptions/00000000-0000-0000-0000-000000000000/resourceGroups/cli_test_community_gallery_operations_000001/providers/Microsoft.Compute/galleries/gellery000003/images/image000004/versions/1.1.2\",\r\n
        \ \"type\": \"Microsoft.Compute/galleries/images/versions\",\r\n  \"location\":
        \"centraluseuap\",\r\n  \"tags\": {},\r\n  \"properties\": {\r\n    \"publishingProfile\":
        {\r\n      \"targetRegions\": [\r\n        {\r\n          \"name\": \"Central
        US EUAP\",\r\n          \"regionalReplicaCount\": 1,\r\n          \"storageAccountType\":
        \"Standard_LRS\"\r\n        }\r\n      ],\r\n      \"replicaCount\": 1,\r\n
        \     \"excludeFromLatest\": false,\r\n      \"publishedDate\": \"2022-10-20T06:55:34.0482164+00:00\",\r\n
        \     \"storageAccountType\": \"Standard_LRS\"\r\n    },\r\n    \"storageProfile\":
        {\r\n      \"source\": {\r\n        \"id\": \"/subscriptions/00000000-0000-0000-0000-000000000000/resourceGroups/cli_test_community_gallery_operations_000001/providers/Microsoft.Compute/images/managedImage1\"\r\n
        \     }\r\n    },\r\n    \"safetyProfile\": {\r\n      \"reportedForPolicyViolation\":
        false,\r\n      \"allowDeletionOfReplicatedLocations\": false\r\n    },\r\n
        \   \"provisioningState\": \"Creating\"\r\n  }\r\n}"
    headers:
      azure-asyncoperation:
      - https://management.azure.com/subscriptions/00000000-0000-0000-0000-000000000000/providers/Microsoft.Compute/locations/CentralUSEUAP/capsOperations/d45f0286-c96e-43ed-a1da-46d8bd38d1d8?api-version=2022-03-03
      cache-control:
      - no-cache
      content-length:
      - '1150'
      content-type:
      - application/json; charset=utf-8
      date:
      - Thu, 20 Oct 2022 06:55:34 GMT
      expires:
      - '-1'
      pragma:
      - no-cache
      server:
      - Microsoft-HTTPAPI/2.0
      - Microsoft-HTTPAPI/2.0
      strict-transport-security:
      - max-age=31536000; includeSubDomains
      x-content-type-options:
      - nosniff
      x-ms-ratelimit-remaining-resource:
      - Microsoft.Compute/CreateUpdateGalleryImageVersion3Min;374,Microsoft.Compute/CreateUpdateGalleryImageVersion30Min;1199
      x-ms-ratelimit-remaining-subscription-writes:
      - '1190'
    status:
      code: 201
      message: Created
- request:
    body: null
    headers:
      Accept:
      - '*/*'
      Accept-Encoding:
      - gzip, deflate
      CommandName:
      - sig image-version create
      Connection:
      - keep-alive
      ParameterSetName:
      - -g --gallery-name --gallery-image-definition --gallery-image-version --managed-image
        --replica-count
      User-Agent:
      - AZURECLI/2.41.0 azsdk-python-azure-mgmt-compute/29.0.0 Python/3.8.10 (Windows-10-10.0.22000-SP0)
    method: GET
    uri: https://management.azure.com/subscriptions/00000000-0000-0000-0000-000000000000/providers/Microsoft.Compute/locations/CentralUSEUAP/capsOperations/d45f0286-c96e-43ed-a1da-46d8bd38d1d8?api-version=2022-03-03
  response:
    body:
      string: "{\r\n  \"startTime\": \"2022-10-20T06:55:34.0325939+00:00\",\r\n  \"status\":
        \"InProgress\",\r\n  \"name\": \"d45f0286-c96e-43ed-a1da-46d8bd38d1d8\"\r\n}"
    headers:
      cache-control:
      - no-cache
      content-length:
      - '134'
      content-type:
      - application/json; charset=utf-8
      date:
      - Thu, 20 Oct 2022 06:56:35 GMT
      expires:
      - '-1'
      pragma:
      - no-cache
      server:
      - Microsoft-HTTPAPI/2.0
      - Microsoft-HTTPAPI/2.0
      strict-transport-security:
      - max-age=31536000; includeSubDomains
      transfer-encoding:
      - chunked
      vary:
      - Accept-Encoding
      x-content-type-options:
      - nosniff
      x-ms-ratelimit-remaining-resource:
      - Microsoft.Compute/GetOperationStatus3Min;1198,Microsoft.Compute/GetOperationStatus30Min;4191
    status:
      code: 200
      message: OK
- request:
    body: null
    headers:
      Accept:
      - '*/*'
      Accept-Encoding:
      - gzip, deflate
      CommandName:
      - sig image-version create
      Connection:
      - keep-alive
      ParameterSetName:
      - -g --gallery-name --gallery-image-definition --gallery-image-version --managed-image
        --replica-count
      User-Agent:
      - AZURECLI/2.41.0 azsdk-python-azure-mgmt-compute/29.0.0 Python/3.8.10 (Windows-10-10.0.22000-SP0)
    method: GET
    uri: https://management.azure.com/subscriptions/00000000-0000-0000-0000-000000000000/providers/Microsoft.Compute/locations/CentralUSEUAP/capsOperations/d45f0286-c96e-43ed-a1da-46d8bd38d1d8?api-version=2022-03-03
  response:
    body:
      string: "{\r\n  \"startTime\": \"2022-10-20T06:55:34.0325939+00:00\",\r\n  \"status\":
        \"InProgress\",\r\n  \"name\": \"d45f0286-c96e-43ed-a1da-46d8bd38d1d8\"\r\n}"
    headers:
      cache-control:
      - no-cache
      content-length:
      - '134'
      content-type:
      - application/json; charset=utf-8
      date:
      - Thu, 20 Oct 2022 06:57:36 GMT
      expires:
      - '-1'
      pragma:
      - no-cache
      server:
      - Microsoft-HTTPAPI/2.0
      - Microsoft-HTTPAPI/2.0
      strict-transport-security:
      - max-age=31536000; includeSubDomains
      transfer-encoding:
      - chunked
      vary:
      - Accept-Encoding
      x-content-type-options:
      - nosniff
      x-ms-ratelimit-remaining-resource:
      - Microsoft.Compute/GetOperationStatus3Min;1197,Microsoft.Compute/GetOperationStatus30Min;4190
    status:
      code: 200
      message: OK
- request:
    body: null
    headers:
      Accept:
      - '*/*'
      Accept-Encoding:
      - gzip, deflate
      CommandName:
      - sig image-version create
      Connection:
      - keep-alive
      ParameterSetName:
      - -g --gallery-name --gallery-image-definition --gallery-image-version --managed-image
        --replica-count
      User-Agent:
      - AZURECLI/2.41.0 azsdk-python-azure-mgmt-compute/29.0.0 Python/3.8.10 (Windows-10-10.0.22000-SP0)
    method: GET
    uri: https://management.azure.com/subscriptions/00000000-0000-0000-0000-000000000000/providers/Microsoft.Compute/locations/CentralUSEUAP/capsOperations/d45f0286-c96e-43ed-a1da-46d8bd38d1d8?api-version=2022-03-03
  response:
    body:
      string: "{\r\n  \"startTime\": \"2022-10-20T06:55:34.0325939+00:00\",\r\n  \"status\":
        \"InProgress\",\r\n  \"name\": \"d45f0286-c96e-43ed-a1da-46d8bd38d1d8\"\r\n}"
    headers:
      cache-control:
      - no-cache
      content-length:
      - '134'
      content-type:
      - application/json; charset=utf-8
      date:
      - Thu, 20 Oct 2022 06:58:36 GMT
      expires:
      - '-1'
      pragma:
      - no-cache
      server:
      - Microsoft-HTTPAPI/2.0
      - Microsoft-HTTPAPI/2.0
      strict-transport-security:
      - max-age=31536000; includeSubDomains
      transfer-encoding:
      - chunked
      vary:
      - Accept-Encoding
      x-content-type-options:
      - nosniff
      x-ms-ratelimit-remaining-resource:
      - Microsoft.Compute/GetOperationStatus3Min;1195,Microsoft.Compute/GetOperationStatus30Min;4188
    status:
      code: 200
      message: OK
- request:
    body: null
    headers:
      Accept:
      - '*/*'
      Accept-Encoding:
      - gzip, deflate
      CommandName:
      - sig image-version create
      Connection:
      - keep-alive
      ParameterSetName:
      - -g --gallery-name --gallery-image-definition --gallery-image-version --managed-image
        --replica-count
      User-Agent:
      - AZURECLI/2.41.0 azsdk-python-azure-mgmt-compute/29.0.0 Python/3.8.10 (Windows-10-10.0.22000-SP0)
    method: GET
    uri: https://management.azure.com/subscriptions/00000000-0000-0000-0000-000000000000/providers/Microsoft.Compute/locations/CentralUSEUAP/capsOperations/d45f0286-c96e-43ed-a1da-46d8bd38d1d8?api-version=2022-03-03
  response:
    body:
      string: "{\r\n  \"startTime\": \"2022-10-20T06:55:34.0325939+00:00\",\r\n  \"status\":
        \"InProgress\",\r\n  \"name\": \"d45f0286-c96e-43ed-a1da-46d8bd38d1d8\"\r\n}"
    headers:
      cache-control:
      - no-cache
      content-length:
      - '134'
      content-type:
      - application/json; charset=utf-8
      date:
      - Thu, 20 Oct 2022 06:59:37 GMT
      expires:
      - '-1'
      pragma:
      - no-cache
      server:
      - Microsoft-HTTPAPI/2.0
      - Microsoft-HTTPAPI/2.0
      strict-transport-security:
      - max-age=31536000; includeSubDomains
      transfer-encoding:
      - chunked
      vary:
      - Accept-Encoding
      x-content-type-options:
      - nosniff
      x-ms-ratelimit-remaining-resource:
      - Microsoft.Compute/GetOperationStatus3Min;1195,Microsoft.Compute/GetOperationStatus30Min;4186
    status:
      code: 200
      message: OK
- request:
    body: null
    headers:
      Accept:
      - '*/*'
      Accept-Encoding:
      - gzip, deflate
      CommandName:
      - sig image-version create
      Connection:
      - keep-alive
      ParameterSetName:
      - -g --gallery-name --gallery-image-definition --gallery-image-version --managed-image
        --replica-count
      User-Agent:
      - AZURECLI/2.41.0 azsdk-python-azure-mgmt-compute/29.0.0 Python/3.8.10 (Windows-10-10.0.22000-SP0)
    method: GET
    uri: https://management.azure.com/subscriptions/00000000-0000-0000-0000-000000000000/providers/Microsoft.Compute/locations/CentralUSEUAP/capsOperations/d45f0286-c96e-43ed-a1da-46d8bd38d1d8?api-version=2022-03-03
  response:
    body:
      string: "{\r\n  \"startTime\": \"2022-10-20T06:55:34.0325939+00:00\",\r\n  \"status\":
        \"InProgress\",\r\n  \"name\": \"d45f0286-c96e-43ed-a1da-46d8bd38d1d8\"\r\n}"
    headers:
      cache-control:
      - no-cache
      content-length:
      - '134'
      content-type:
      - application/json; charset=utf-8
      date:
      - Thu, 20 Oct 2022 07:00:38 GMT
      expires:
      - '-1'
      pragma:
      - no-cache
      server:
      - Microsoft-HTTPAPI/2.0
      - Microsoft-HTTPAPI/2.0
      strict-transport-security:
      - max-age=31536000; includeSubDomains
      transfer-encoding:
      - chunked
      vary:
      - Accept-Encoding
      x-content-type-options:
      - nosniff
      x-ms-ratelimit-remaining-resource:
      - Microsoft.Compute/GetOperationStatus3Min;1195,Microsoft.Compute/GetOperationStatus30Min;4184
    status:
      code: 200
      message: OK
- request:
    body: null
    headers:
      Accept:
      - '*/*'
      Accept-Encoding:
      - gzip, deflate
      CommandName:
      - sig image-version create
      Connection:
      - keep-alive
      ParameterSetName:
      - -g --gallery-name --gallery-image-definition --gallery-image-version --managed-image
        --replica-count
      User-Agent:
      - AZURECLI/2.41.0 azsdk-python-azure-mgmt-compute/29.0.0 Python/3.8.10 (Windows-10-10.0.22000-SP0)
    method: GET
    uri: https://management.azure.com/subscriptions/00000000-0000-0000-0000-000000000000/providers/Microsoft.Compute/locations/CentralUSEUAP/capsOperations/d45f0286-c96e-43ed-a1da-46d8bd38d1d8?api-version=2022-03-03
  response:
    body:
      string: "{\r\n  \"startTime\": \"2022-10-20T06:55:34.0325939+00:00\",\r\n  \"status\":
        \"InProgress\",\r\n  \"name\": \"d45f0286-c96e-43ed-a1da-46d8bd38d1d8\"\r\n}"
    headers:
      cache-control:
      - no-cache
      content-length:
      - '134'
      content-type:
      - application/json; charset=utf-8
      date:
      - Thu, 20 Oct 2022 07:01:38 GMT
      expires:
      - '-1'
      pragma:
      - no-cache
      server:
      - Microsoft-HTTPAPI/2.0
      - Microsoft-HTTPAPI/2.0
      strict-transport-security:
      - max-age=31536000; includeSubDomains
      transfer-encoding:
      - chunked
      vary:
      - Accept-Encoding
      x-content-type-options:
      - nosniff
      x-ms-ratelimit-remaining-resource:
      - Microsoft.Compute/GetOperationStatus3Min;1195,Microsoft.Compute/GetOperationStatus30Min;4182
    status:
      code: 200
      message: OK
- request:
    body: null
    headers:
      Accept:
      - '*/*'
      Accept-Encoding:
      - gzip, deflate
      CommandName:
      - sig image-version create
      Connection:
      - keep-alive
      ParameterSetName:
      - -g --gallery-name --gallery-image-definition --gallery-image-version --managed-image
        --replica-count
      User-Agent:
      - AZURECLI/2.41.0 azsdk-python-azure-mgmt-compute/29.0.0 Python/3.8.10 (Windows-10-10.0.22000-SP0)
    method: GET
    uri: https://management.azure.com/subscriptions/00000000-0000-0000-0000-000000000000/providers/Microsoft.Compute/locations/CentralUSEUAP/capsOperations/d45f0286-c96e-43ed-a1da-46d8bd38d1d8?api-version=2022-03-03
  response:
    body:
      string: "{\r\n  \"startTime\": \"2022-10-20T06:55:34.0325939+00:00\",\r\n  \"endTime\":
        \"2022-10-20T07:02:20.8941454+00:00\",\r\n  \"status\": \"Succeeded\",\r\n
        \ \"name\": \"d45f0286-c96e-43ed-a1da-46d8bd38d1d8\"\r\n}"
    headers:
      cache-control:
      - no-cache
      content-length:
      - '184'
      content-type:
      - application/json; charset=utf-8
      date:
      - Thu, 20 Oct 2022 07:02:39 GMT
      expires:
      - '-1'
      pragma:
      - no-cache
      server:
      - Microsoft-HTTPAPI/2.0
      - Microsoft-HTTPAPI/2.0
      strict-transport-security:
      - max-age=31536000; includeSubDomains
      transfer-encoding:
      - chunked
      vary:
      - Accept-Encoding
      x-content-type-options:
      - nosniff
      x-ms-ratelimit-remaining-resource:
      - Microsoft.Compute/GetOperationStatus3Min;1195,Microsoft.Compute/GetOperationStatus30Min;4180
    status:
      code: 200
      message: OK
- request:
    body: null
    headers:
      Accept:
      - '*/*'
      Accept-Encoding:
      - gzip, deflate
      CommandName:
      - sig image-version create
      Connection:
      - keep-alive
      ParameterSetName:
      - -g --gallery-name --gallery-image-definition --gallery-image-version --managed-image
        --replica-count
      User-Agent:
      - AZURECLI/2.41.0 azsdk-python-azure-mgmt-compute/29.0.0 Python/3.8.10 (Windows-10-10.0.22000-SP0)
    method: GET
    uri: https://management.azure.com/subscriptions/00000000-0000-0000-0000-000000000000/resourceGroups/cli_test_community_gallery_operations_000001/providers/Microsoft.Compute/galleries/gellery000003/images/image000004/versions/1.1.2?api-version=2022-03-03
  response:
    body:
      string: "{\r\n  \"name\": \"1.1.2\",\r\n  \"id\": \"/subscriptions/00000000-0000-0000-0000-000000000000/resourceGroups/cli_test_community_gallery_operations_000001/providers/Microsoft.Compute/galleries/gellery000003/images/image000004/versions/1.1.2\",\r\n
        \ \"type\": \"Microsoft.Compute/galleries/images/versions\",\r\n  \"location\":
        \"centraluseuap\",\r\n  \"tags\": {},\r\n  \"properties\": {\r\n    \"publishingProfile\":
        {\r\n      \"targetRegions\": [\r\n        {\r\n          \"name\": \"Central
        US EUAP\",\r\n          \"regionalReplicaCount\": 1,\r\n          \"storageAccountType\":
        \"Standard_LRS\"\r\n        }\r\n      ],\r\n      \"replicaCount\": 1,\r\n
        \     \"excludeFromLatest\": false,\r\n      \"publishedDate\": \"2022-10-20T06:55:34.0482164+00:00\",\r\n
        \     \"storageAccountType\": \"Standard_LRS\"\r\n    },\r\n    \"storageProfile\":
        {\r\n      \"source\": {\r\n        \"id\": \"/subscriptions/00000000-0000-0000-0000-000000000000/resourceGroups/cli_test_community_gallery_operations_000001/providers/Microsoft.Compute/images/managedImage1\"\r\n
        \     },\r\n      \"osDiskImage\": {\r\n        \"sizeInGB\": 30,\r\n        \"hostCaching\":
        \"ReadWrite\",\r\n        \"source\": {}\r\n      }\r\n    },\r\n    \"safetyProfile\":
        {\r\n      \"reportedForPolicyViolation\": false,\r\n      \"allowDeletionOfReplicatedLocations\":
        false\r\n    },\r\n    \"provisioningState\": \"Succeeded\"\r\n  }\r\n}"
    headers:
      cache-control:
      - no-cache
      content-length:
      - '1269'
      content-type:
      - application/json; charset=utf-8
      date:
      - Thu, 20 Oct 2022 07:02:40 GMT
      expires:
      - '-1'
      pragma:
      - no-cache
      server:
      - Microsoft-HTTPAPI/2.0
      - Microsoft-HTTPAPI/2.0
      strict-transport-security:
      - max-age=31536000; includeSubDomains
      transfer-encoding:
      - chunked
      vary:
      - Accept-Encoding
      x-content-type-options:
      - nosniff
      x-ms-ratelimit-remaining-resource:
      - Microsoft.Compute/GetGalleryImageVersion3Min;1999,Microsoft.Compute/GetGalleryImageVersion30Min;9997
    status:
      code: 200
      message: OK
- request:
    body: null
    headers:
      Accept:
      - application/json
      Accept-Encoding:
      - gzip, deflate
      CommandName:
      - sig show
      Connection:
      - keep-alive
      ParameterSetName:
      - --gallery-name --resource-group --select
      User-Agent:
      - AZURECLI/2.41.0 azsdk-python-azure-mgmt-compute/29.0.0 Python/3.8.10 (Windows-10-10.0.22000-SP0)
    method: GET
    uri: https://management.azure.com/subscriptions/00000000-0000-0000-0000-000000000000/resourceGroups/cli_test_community_gallery_operations_000001/providers/Microsoft.Compute/galleries/gellery000003?api-version=2021-10-01&$select=Permissions
  response:
    body:
      string: "{\r\n  \"name\": \"gellery000003\",\r\n  \"id\": \"/subscriptions/00000000-0000-0000-0000-000000000000/resourceGroups/cli_test_community_gallery_operations_000001/providers/Microsoft.Compute/galleries/gellery000003\",\r\n
        \ \"type\": \"Microsoft.Compute/galleries\",\r\n  \"location\": \"centraluseuap\",\r\n
        \ \"tags\": {},\r\n  \"properties\": {\r\n    \"identifier\": {\r\n      \"uniqueName\":
        \"0b1f6471-1bf0-4dda-aec3-cb9272f09590-GELLERY7LMXZ5SCM\"\r\n    },\r\n    \"sharingProfile\":
        {\r\n      \"permissions\": \"Community\",\r\n      \"communityGalleryInfo\":
        {\r\n        \"communityGalleryEnabled\": true,\r\n        \"publisherUri\":
        \"puburi\",\r\n        \"publisherContact\": \"abc@123.com\",\r\n        \"eula\":
        \"eula\",\r\n        \"publicNames\": [\r\n          \"pubname-eb9ccf25-a5bc-4d3f-9e8d-ba11862baad3\"\r\n
        \       ]\r\n      }\r\n    },\r\n    \"provisioningState\": \"Succeeded\"\r\n
        \ }\r\n}"
    headers:
      cache-control:
      - no-cache
      content-length:
      - '816'
      content-type:
      - application/json; charset=utf-8
      date:
      - Thu, 20 Oct 2022 07:02:43 GMT
      expires:
      - '-1'
      pragma:
      - no-cache
      server:
      - Microsoft-HTTPAPI/2.0
      - Microsoft-HTTPAPI/2.0
      strict-transport-security:
      - max-age=31536000; includeSubDomains
      transfer-encoding:
      - chunked
      vary:
      - Accept-Encoding
      x-content-type-options:
      - nosniff
      x-ms-ratelimit-remaining-resource:
      - Microsoft.Compute/GetGallery3Min;344,Microsoft.Compute/GetGallery30Min;2489
    status:
      code: 200
      message: OK
- request:
    body: null
    headers:
      Accept:
      - application/json
      Accept-Encoding:
      - gzip, deflate
      CommandName:
      - sig show-community
      Connection:
      - keep-alive
      ParameterSetName:
      - --location --public-gallery-name
      User-Agent:
      - AZURECLI/2.41.0 azsdk-python-azure-mgmt-compute/29.0.0 Python/3.8.10 (Windows-10-10.0.22000-SP0)
    method: GET
    uri: https://management.azure.com/subscriptions/00000000-0000-0000-0000-000000000000/providers/Microsoft.Compute/locations/CentralUSEUAP/communityGalleries/pubname-eb9ccf25-a5bc-4d3f-9e8d-ba11862baad3?api-version=2022-01-03
  response:
    body:
      string: "{\r\n  \"identifier\": {\r\n    \"uniqueId\": \"/CommunityGalleries/pubname-eb9ccf25-a5bc-4d3f-9e8d-ba11862baad3\"\r\n
        \ },\r\n  \"communityMetadata\": {\r\n    \"publisherUri\": \"puburi\",\r\n
        \   \"publisherContact\": \"abc@123.com\",\r\n    \"eula\": \"eula\",\r\n
        \   \"publicNames\": [\r\n      \"pubname-eb9ccf25-a5bc-4d3f-9e8d-ba11862baad3\"\r\n
        \   ]\r\n  },\r\n  \"location\": \"CentralUSEUAP\",\r\n  \"name\": \"pubname-eb9ccf25-a5bc-4d3f-9e8d-ba11862baad3\"\r\n}"
    headers:
      cache-control:
      - no-cache
      content-length:
      - '410'
      content-type:
      - application/json; charset=utf-8
      date:
      - Thu, 20 Oct 2022 07:02:45 GMT
      expires:
      - '-1'
      pragma:
      - no-cache
      server:
      - Microsoft-HTTPAPI/2.0
      - Microsoft-HTTPAPI/2.0
      strict-transport-security:
      - max-age=31536000; includeSubDomains
      transfer-encoding:
      - chunked
      vary:
      - Accept-Encoding
      x-content-type-options:
      - nosniff
    status:
      code: 200
      message: OK
- request:
    body: '{"query": "communitygalleryresources| where type == ''microsoft.compute/locations/communitygalleries''
      | where location == ''centraluseuap'' ", "options": {"$top": 30}}'
    headers:
      Accept:
      - '*/*'
      Accept-Encoding:
      - gzip, deflate
      CommandName:
      - sig list-community
      Connection:
      - keep-alive
      Content-Length:
      - '164'
      Content-Type:
      - application/json
      ParameterSetName:
      - --location
      User-Agent:
      - python/3.8.10 (Windows-10-10.0.22000-SP0) AZURECLI/2.41.0
    method: POST
    uri: https://management.azure.com/providers/Microsoft.ResourceGraph/resources?api-version=2021-03-01
  response:
    body:
      string: '{"totalRecords":1,"count":1,"data":[{"id":"/providers/Microsoft.Compute/locations/CentralUSEUAP/CommunityGalleries/pubname-eb9ccf25-a5bc-4d3f-9e8d-ba11862baad3","name":"pubname-eb9ccf25-a5bc-4d3f-9e8d-ba11862baad3","type":"microsoft.compute/locations/communitygalleries","tenantId":"","kind":"","location":"centraluseuap","resourceGroup":"","subscriptionId":"","managedBy":"","sku":null,"plan":null,"properties":{"identifier":{"uniqueId":"/CommunityGalleries/pubname-eb9ccf25-a5bc-4d3f-9e8d-ba11862baad3"},"location":"CentralUSEUAP","name":"pubname-eb9ccf25-a5bc-4d3f-9e8d-ba11862baad3","communityMetadata":{"publisherContact":"abc@123.com","publisherUri":"puburi","publicNames":["pubname-eb9ccf25-a5bc-4d3f-9e8d-ba11862baad3"],"eula":"eula"}},"tags":null,"identity":null,"zones":null,"extendedLocation":null}],"facets":[],"resultTruncated":"false"}'
    headers:
      cache-control:
      - no-cache
      content-length:
      - '849'
      content-type:
      - application/json; charset=utf-8
      date:
      - Thu, 20 Oct 2022 07:02:46 GMT
      expires:
      - '-1'
      pragma:
      - no-cache
      server:
      - Kestrel
      strict-transport-security:
      - max-age=31536000; includeSubDomains
      transfer-encoding:
      - chunked
      vary:
      - Accept-Encoding
      x-content-type-options:
      - nosniff
      x-ms-ratelimit-remaining-tenant-resource-requests:
      - '14'
      x-ms-user-quota-remaining:
      - '14'
      x-ms-user-quota-resets-after:
      - 00:00:05
    status:
      code: 200
      message: OK
- request:
    body: null
    headers:
      Accept:
      - application/json
      Accept-Encoding:
      - gzip, deflate
      CommandName:
      - sig image-definition show-community
      Connection:
      - keep-alive
      ParameterSetName:
      - --gallery-image-definition --public-gallery-name --location
      User-Agent:
      - AZURECLI/2.41.0 azsdk-python-azure-mgmt-compute/29.0.0 Python/3.8.10 (Windows-10-10.0.22000-SP0)
    method: GET
    uri: https://management.azure.com/subscriptions/00000000-0000-0000-0000-000000000000/providers/Microsoft.Compute/locations/CentralUSEUAP/communityGalleries/pubname-eb9ccf25-a5bc-4d3f-9e8d-ba11862baad3/images/image000004?api-version=2022-01-03
  response:
    body:
      string: "{\r\n  \"identifier\": {\r\n    \"uniqueId\": \"/CommunityGalleries/pubname-eb9ccf25-a5bc-4d3f-9e8d-ba11862baad3/Images/image000004\"\r\n
        \ },\r\n  \"properties\": {\r\n    \"osType\": \"Linux\",\r\n    \"osState\":
        \"Generalized\",\r\n    \"identifier\": {\r\n      \"publisher\": \"publisher1\",\r\n
        \     \"offer\": \"offer1\",\r\n      \"sku\": \"sku1\"\r\n    },\r\n    \"recommended\":
        {},\r\n    \"hyperVGeneration\": \"V1\",\r\n    \"architecture\": \"x64\"\r\n
        \ },\r\n  \"location\": \"CentralUSEUAP\",\r\n  \"name\": \"image000004\"\r\n}"
    headers:
      cache-control:
      - no-cache
      content-length:
      - '461'
      content-type:
      - application/json; charset=utf-8
      date:
      - Thu, 20 Oct 2022 07:02:48 GMT
      expires:
      - '-1'
      pragma:
      - no-cache
      server:
      - Microsoft-HTTPAPI/2.0
      - Microsoft-HTTPAPI/2.0
      strict-transport-security:
      - max-age=31536000; includeSubDomains
      transfer-encoding:
      - chunked
      vary:
      - Accept-Encoding
      x-content-type-options:
      - nosniff
    status:
      code: 200
      message: OK
- request:
    body: null
    headers:
      Accept:
      - application/json
      Accept-Encoding:
      - gzip, deflate
      CommandName:
      - sig image-definition list-community
      Connection:
      - keep-alive
      ParameterSetName:
      - --public-gallery-name --location
      User-Agent:
      - AZURECLI/2.41.0 azsdk-python-azure-mgmt-compute/29.0.0 Python/3.8.10 (Windows-10-10.0.22000-SP0)
    method: GET
    uri: https://management.azure.com/subscriptions/00000000-0000-0000-0000-000000000000/providers/Microsoft.Compute/locations/CentralUSEUAP/communityGalleries/pubname-eb9ccf25-a5bc-4d3f-9e8d-ba11862baad3/images?api-version=2022-03-03
  response:
    body:
      string: "{\r\n  \"value\": [\r\n    {\r\n      \"identifier\": {\r\n        \"uniqueId\":
        \"/CommunityGalleries/pubname-eb9ccf25-a5bc-4d3f-9e8d-ba11862baad3/Images/image000004\"\r\n
        \     },\r\n      \"properties\": {\r\n        \"osType\": \"Linux\",\r\n
        \       \"osState\": \"Generalized\",\r\n        \"identifier\": {\r\n          \"publisher\":
        \"publisher1\",\r\n          \"offer\": \"offer1\",\r\n          \"sku\":
        \"sku1\"\r\n        },\r\n        \"recommended\": {},\r\n        \"hyperVGeneration\":
        \"V1\",\r\n        \"architecture\": \"x64\"\r\n      },\r\n      \"location\":
        \"CentralUSEUAP\",\r\n      \"name\": \"image000004\"\r\n    }\r\n  ]\r\n}"
    headers:
      cache-control:
      - no-cache
      content-length:
      - '562'
      content-type:
      - application/json; charset=utf-8
      date:
      - Thu, 20 Oct 2022 07:02:49 GMT
      expires:
      - '-1'
      pragma:
      - no-cache
      server:
      - Microsoft-HTTPAPI/2.0
      - Microsoft-HTTPAPI/2.0
      strict-transport-security:
      - max-age=31536000; includeSubDomains
      transfer-encoding:
      - chunked
      vary:
      - Accept-Encoding
      x-content-type-options:
      - nosniff
    status:
      code: 200
      message: OK
- request:
    body: null
    headers:
      Accept:
      - application/json
      Accept-Encoding:
      - gzip, deflate
      CommandName:
      - sig image-version show-community
      Connection:
      - keep-alive
      ParameterSetName:
      - --gallery-image-definition --public-gallery-name --location --gallery-image-version
      User-Agent:
      - AZURECLI/2.41.0 azsdk-python-azure-mgmt-compute/29.0.0 Python/3.8.10 (Windows-10-10.0.22000-SP0)
    method: GET
    uri: https://management.azure.com/subscriptions/00000000-0000-0000-0000-000000000000/providers/Microsoft.Compute/locations/CentralUSEUAP/communityGalleries/pubname-eb9ccf25-a5bc-4d3f-9e8d-ba11862baad3/images/image000004/versions/1.1.2?api-version=2022-01-03
  response:
    body:
      string: "{\r\n  \"identifier\": {\r\n    \"uniqueId\": \"/CommunityGalleries/pubname-eb9ccf25-a5bc-4d3f-9e8d-ba11862baad3/Images/image000004/Versions/1.1.2\"\r\n
        \ },\r\n  \"properties\": {\r\n    \"publishedDate\": \"2022-10-20T06:55:34.0482164+00:00\",\r\n
        \   \"excludeFromLatest\": false,\r\n    \"storageProfile\": {\r\n      \"osDiskImage\":
        {\r\n        \"diskSizeGB\": 30,\r\n        \"hostCaching\": \"ReadWrite\"\r\n
        \     }\r\n    }\r\n  },\r\n  \"location\": \"CentralUSEUAP\",\r\n  \"name\":
        \"1.1.2\"\r\n}"
    headers:
      cache-control:
      - no-cache
      content-length:
      - '443'
      content-type:
      - application/json; charset=utf-8
      date:
      - Thu, 20 Oct 2022 07:02:50 GMT
      expires:
      - '-1'
      pragma:
      - no-cache
      server:
      - Microsoft-HTTPAPI/2.0
      - Microsoft-HTTPAPI/2.0
      strict-transport-security:
      - max-age=31536000; includeSubDomains
      transfer-encoding:
      - chunked
      vary:
      - Accept-Encoding
      x-content-type-options:
      - nosniff
    status:
      code: 200
      message: OK
- request:
    body: null
    headers:
      Accept:
      - application/json
      Accept-Encoding:
      - gzip, deflate
      CommandName:
      - sig image-version list-community
      Connection:
      - keep-alive
      ParameterSetName:
      - --gallery-image-definition --public-gallery-name --location
      User-Agent:
      - AZURECLI/2.41.0 azsdk-python-azure-mgmt-compute/29.0.0 Python/3.8.10 (Windows-10-10.0.22000-SP0)
    method: GET
    uri: https://management.azure.com/subscriptions/00000000-0000-0000-0000-000000000000/providers/Microsoft.Compute/locations/CentralUSEUAP/communityGalleries/pubname-eb9ccf25-a5bc-4d3f-9e8d-ba11862baad3/images/image000004/versions?api-version=2022-03-03
  response:
    body:
      string: "{\r\n  \"value\": [\r\n    {\r\n      \"identifier\": {\r\n        \"uniqueId\":
        \"/CommunityGalleries/pubname-eb9ccf25-a5bc-4d3f-9e8d-ba11862baad3/Images/image000004/Versions/1.1.2\"\r\n
        \     },\r\n      \"properties\": {\r\n        \"publishedDate\": \"2022-10-20T06:55:34.0482164+00:00\",\r\n
        \       \"excludeFromLatest\": false,\r\n        \"storageProfile\": {\r\n
        \         \"osDiskImage\": {\r\n            \"diskSizeGB\": 30,\r\n            \"hostCaching\":
        \"ReadWrite\"\r\n          }\r\n        }\r\n      },\r\n      \"location\":
        \"CentralUSEUAP\",\r\n      \"name\": \"1.1.2\"\r\n    }\r\n  ]\r\n}"
    headers:
      cache-control:
      - no-cache
      content-length:
      - '536'
      content-type:
      - application/json; charset=utf-8
      date:
      - Thu, 20 Oct 2022 07:02:52 GMT
      expires:
      - '-1'
      pragma:
      - no-cache
      server:
      - Microsoft-HTTPAPI/2.0
      - Microsoft-HTTPAPI/2.0
      strict-transport-security:
      - max-age=31536000; includeSubDomains
      transfer-encoding:
      - chunked
      vary:
      - Accept-Encoding
      x-content-type-options:
      - nosniff
    status:
      code: 200
      message: OK
- request:
    body: '{"operationType": "Reset"}'
    headers:
      Accept:
      - application/json
      Accept-Encoding:
      - gzip, deflate
      CommandName:
      - sig share reset
      Connection:
      - keep-alive
      Content-Length:
      - '26'
      Content-Type:
      - application/json
      ParameterSetName:
      - --gallery-name -g
      User-Agent:
      - AZURECLI/2.41.0 azsdk-python-azure-mgmt-compute/29.0.0 Python/3.8.10 (Windows-10-10.0.22000-SP0)
    method: POST
    uri: https://management.azure.com/subscriptions/00000000-0000-0000-0000-000000000000/resourceGroups/cli_test_community_gallery_operations_000001/providers/Microsoft.Compute/galleries/gellery000003/share?api-version=2022-03-03
  response:
    body:
      string: ''
    headers:
      azure-asyncoperation:
      - https://management.azure.com/subscriptions/00000000-0000-0000-0000-000000000000/providers/Microsoft.Compute/locations/CentralUSEUAP/capsOperations/cbfc2620-1a2c-4026-8340-84b596b2ba66?api-version=2022-03-03
      cache-control:
      - no-cache
      content-length:
      - '0'
      date:
      - Thu, 20 Oct 2022 07:02:55 GMT
      expires:
      - '-1'
      location:
      - https://management.azure.com/subscriptions/00000000-0000-0000-0000-000000000000/providers/Microsoft.Compute/locations/CentralUSEUAP/capsOperations/cbfc2620-1a2c-4026-8340-84b596b2ba66?monitor=true&api-version=2022-03-03
      pragma:
      - no-cache
      server:
      - Microsoft-HTTPAPI/2.0
      - Microsoft-HTTPAPI/2.0
      strict-transport-security:
      - max-age=31536000; includeSubDomains
      x-content-type-options:
      - nosniff
      x-ms-ratelimit-remaining-resource:
      - Microsoft.Compute/PostShareGallery3Min;9,Microsoft.Compute/PostShareGallery30Min;58
      x-ms-ratelimit-remaining-subscription-writes:
      - '1199'
    status:
      code: 202
      message: Accepted
- request:
    body: null
    headers:
      Accept:
      - '*/*'
      Accept-Encoding:
      - gzip, deflate
      CommandName:
      - sig share reset
      Connection:
      - keep-alive
      ParameterSetName:
      - --gallery-name -g
      User-Agent:
      - AZURECLI/2.41.0 azsdk-python-azure-mgmt-compute/29.0.0 Python/3.8.10 (Windows-10-10.0.22000-SP0)
    method: GET
    uri: https://management.azure.com/subscriptions/00000000-0000-0000-0000-000000000000/providers/Microsoft.Compute/locations/CentralUSEUAP/capsOperations/cbfc2620-1a2c-4026-8340-84b596b2ba66?api-version=2022-03-03
  response:
    body:
      string: "{\r\n  \"startTime\": \"2022-10-20T07:02:55.5974357+00:00\",\r\n  \"endTime\":
        \"2022-10-20T07:02:57.1286891+00:00\",\r\n  \"status\": \"Succeeded\",\r\n
        \ \"name\": \"cbfc2620-1a2c-4026-8340-84b596b2ba66\"\r\n}"
    headers:
      cache-control:
      - no-cache
      content-length:
      - '184'
      content-type:
      - application/json; charset=utf-8
      date:
      - Thu, 20 Oct 2022 07:03:25 GMT
      expires:
      - '-1'
      pragma:
      - no-cache
      server:
      - Microsoft-HTTPAPI/2.0
      - Microsoft-HTTPAPI/2.0
      strict-transport-security:
      - max-age=31536000; includeSubDomains
      transfer-encoding:
      - chunked
      vary:
      - Accept-Encoding
      x-content-type-options:
      - nosniff
      x-ms-ratelimit-remaining-resource:
      - Microsoft.Compute/GetOperationStatus3Min;1192,Microsoft.Compute/GetOperationStatus30Min;4177
    status:
      code: 200
      message: OK
- request:
    body: null
    headers:
      Accept:
      - '*/*'
      Accept-Encoding:
      - gzip, deflate
      CommandName:
      - sig share reset
      Connection:
      - keep-alive
      ParameterSetName:
      - --gallery-name -g
      User-Agent:
      - AZURECLI/2.41.0 azsdk-python-azure-mgmt-compute/29.0.0 Python/3.8.10 (Windows-10-10.0.22000-SP0)
    method: GET
    uri: https://management.azure.com/subscriptions/00000000-0000-0000-0000-000000000000/providers/Microsoft.Compute/locations/CentralUSEUAP/capsOperations/cbfc2620-1a2c-4026-8340-84b596b2ba66?monitor=true&api-version=2022-03-03
  response:
    body:
      string: ''
    headers:
      cache-control:
      - no-cache
      content-length:
      - '0'
      date:
      - Thu, 20 Oct 2022 07:03:25 GMT
      expires:
      - '-1'
      pragma:
      - no-cache
      server:
      - Microsoft-HTTPAPI/2.0
      - Microsoft-HTTPAPI/2.0
      strict-transport-security:
      - max-age=31536000; includeSubDomains
      x-content-type-options:
      - nosniff
      x-ms-ratelimit-remaining-resource:
      - Microsoft.Compute/GetOperationStatus3Min;1191,Microsoft.Compute/GetOperationStatus30Min;4176
    status:
      code: 200
      message: OK
- request:
    body: null
    headers:
      Accept:
      - application/json
      Accept-Encoding:
      - gzip, deflate
      CommandName:
      - sig show
      Connection:
      - keep-alive
      ParameterSetName:
      - --gallery-name --resource-group --select
      User-Agent:
      - AZURECLI/2.41.0 azsdk-python-azure-mgmt-compute/29.0.0 Python/3.8.10 (Windows-10-10.0.22000-SP0)
    method: GET
    uri: https://management.azure.com/subscriptions/00000000-0000-0000-0000-000000000000/resourceGroups/cli_test_community_gallery_operations_000001/providers/Microsoft.Compute/galleries/gellery000003?api-version=2021-10-01&$select=Permissions
  response:
    body:
      string: "{\r\n  \"name\": \"gellery000003\",\r\n  \"id\": \"/subscriptions/00000000-0000-0000-0000-000000000000/resourceGroups/cli_test_community_gallery_operations_000001/providers/Microsoft.Compute/galleries/gellery000003\",\r\n
        \ \"type\": \"Microsoft.Compute/galleries\",\r\n  \"location\": \"centraluseuap\",\r\n
        \ \"tags\": {},\r\n  \"properties\": {\r\n    \"identifier\": {\r\n      \"uniqueName\":
        \"0b1f6471-1bf0-4dda-aec3-cb9272f09590-GELLERY7LMXZ5SCM\"\r\n    },\r\n    \"sharingProfile\":
        {\r\n      \"permissions\": \"Private\"\r\n    },\r\n    \"provisioningState\":
        \"Succeeded\"\r\n  }\r\n}"
    headers:
      cache-control:
      - no-cache
      content-length:
      - '530'
      content-type:
      - application/json; charset=utf-8
      date:
      - Thu, 20 Oct 2022 07:03:26 GMT
      expires:
      - '-1'
      pragma:
      - no-cache
      server:
      - Microsoft-HTTPAPI/2.0
      - Microsoft-HTTPAPI/2.0
      strict-transport-security:
      - max-age=31536000; includeSubDomains
      transfer-encoding:
      - chunked
      vary:
      - Accept-Encoding
      x-content-type-options:
      - nosniff
      x-ms-ratelimit-remaining-resource:
      - Microsoft.Compute/GetGallery3Min;343,Microsoft.Compute/GetGallery30Min;2488
    status:
      code: 200
      message: OK
version: 1
