interactions:
- request:
    body: null
    headers:
      Accept:
      - application/json
      Accept-Encoding:
      - gzip, deflate
      CommandName:
      - disk create
      Connection:
      - keep-alive
      ParameterSetName:
      - --accelerated-network --size-gb -n -g
      User-Agent:
      - AZURECLI/2.46.0 azsdk-python-azure-mgmt-resource/22.0.0 Python/3.10.9 (Windows-10-10.0.22621-SP0)
    method: GET
    uri: https://management.azure.com/subscriptions/00000000-0000-0000-0000-000000000000/resourcegroups/cli_test_accelerated_network000001?api-version=2022-09-01
  response:
    body:
      string: '{"id":"/subscriptions/00000000-0000-0000-0000-000000000000/resourceGroups/cli_test_accelerated_network000001","name":"cli_test_accelerated_network000001","type":"Microsoft.Resources/resourceGroups","location":"westus","tags":{"product":"azurecli","cause":"automation","date":"2023-03-15T09:24:52Z","StorageType":"Standard_LRS","type":"test"},"properties":{"provisioningState":"Succeeded"}}'
    headers:
      cache-control:
      - no-cache
      content-length:
      - '389'
      content-type:
      - application/json; charset=utf-8
      date:
      - Wed, 15 Mar 2023 09:24:55 GMT
      expires:
      - '-1'
      pragma:
      - no-cache
      strict-transport-security:
      - max-age=31536000; includeSubDomains
      vary:
      - Accept-Encoding
      x-content-type-options:
      - nosniff
    status:
      code: 200
      message: OK
- request:
    body: '{"location": "westus", "tags": {}, "sku": {"name": "Premium_LRS"}, "properties":
      {"hyperVGeneration": "V1", "supportedCapabilities": {"acceleratedNetwork": true},
      "creationData": {"createOption": "Empty"}, "diskSizeGB": 5}}'
    headers:
      Accept:
      - application/json
      Accept-Encoding:
      - gzip, deflate
      CommandName:
      - disk create
      Connection:
      - keep-alive
      Content-Length:
      - '223'
      Content-Type:
      - application/json
      ParameterSetName:
      - --accelerated-network --size-gb -n -g
      User-Agent:
      - AZURECLI/2.46.0 azsdk-python-azure-mgmt-compute/29.1.0 Python/3.10.9 (Windows-10-10.0.22621-SP0)
    method: PUT
    uri: https://management.azure.com/subscriptions/00000000-0000-0000-0000-000000000000/resourceGroups/cli_test_accelerated_network000001/providers/Microsoft.Compute/disks/disk1?api-version=2022-07-02
  response:
    body:
      string: "{\r\n  \"name\": \"disk1\",\r\n  \"id\": \"/subscriptions/00000000-0000-0000-0000-000000000000/resourceGroups/cli_test_accelerated_network000001/providers/Microsoft.Compute/disks/disk1\"\
        ,\r\n  \"type\": \"Microsoft.Compute/disks\",\r\n  \"location\": \"westus\"\
        ,\r\n  \"tags\": {},\r\n  \"sku\": {\r\n    \"name\": \"Premium_LRS\"\r\n\
        \  },\r\n  \"properties\": {\r\n    \"hyperVGeneration\": \"V1\",\r\n    \"\
        supportedCapabilities\": {\r\n      \"acceleratedNetwork\": true\r\n    },\r\
        \n    \"creationData\": {\r\n      \"createOption\": \"Empty\"\r\n    },\r\
        \n    \"diskSizeGB\": 5,\r\n    \"provisioningState\": \"Updating\"\r\n  }\r\
        \n}"
    headers:
      azure-asyncoperation:
      - https://management.azure.com/subscriptions/00000000-0000-0000-0000-000000000000/providers/Microsoft.Compute/locations/westus/DiskOperations/f0887105-922b-49d9-bdbf-e052f860029d?p=42128af7-4c72-4222-9761-fb0d8e6cebdc&api-version=2022-07-02
      cache-control:
      - no-cache
      content-length:
      - '551'
      content-type:
      - application/json; charset=utf-8
      date:
      - Wed, 15 Mar 2023 09:24:59 GMT
      expires:
      - '-1'
      location:
      - https://management.azure.com/subscriptions/00000000-0000-0000-0000-000000000000/providers/Microsoft.Compute/locations/westus/DiskOperations/f0887105-922b-49d9-bdbf-e052f860029d?p=42128af7-4c72-4222-9761-fb0d8e6cebdc&monitor=true&api-version=2022-07-02
      pragma:
      - no-cache
      server:
      - Microsoft-HTTPAPI/2.0
      - Microsoft-HTTPAPI/2.0
      strict-transport-security:
      - max-age=31536000; includeSubDomains
      x-content-type-options:
      - nosniff
      x-ms-ratelimit-remaining-resource:
      - Microsoft.Compute/CreateUpdateDisks3Min;999,Microsoft.Compute/CreateUpdateDisks30Min;7994
      x-ms-ratelimit-remaining-subscription-writes:
      - '1195'
    status:
      code: 202
      message: Accepted
- request:
    body: null
    headers:
      Accept:
      - '*/*'
      Accept-Encoding:
      - gzip, deflate
      CommandName:
      - disk create
      Connection:
      - keep-alive
      ParameterSetName:
      - --accelerated-network --size-gb -n -g
      User-Agent:
      - AZURECLI/2.46.0 azsdk-python-azure-mgmt-compute/29.1.0 Python/3.10.9 (Windows-10-10.0.22621-SP0)
    method: GET
    uri: https://management.azure.com/subscriptions/00000000-0000-0000-0000-000000000000/providers/Microsoft.Compute/locations/westus/DiskOperations/f0887105-922b-49d9-bdbf-e052f860029d?p=42128af7-4c72-4222-9761-fb0d8e6cebdc&api-version=2022-07-02
  response:
    body:
      string: "{\r\n  \"startTime\": \"2023-03-15T09:24:59.7814282+00:00\",\r\n  \"\
        endTime\": \"2023-03-15T09:24:59.90648+00:00\",\r\n  \"status\": \"Succeeded\"\
        ,\r\n  \"properties\": {\r\n    \"output\": {\r\n  \"name\": \"disk1\",\r\n\
        \  \"id\": \"/subscriptions/00000000-0000-0000-0000-000000000000/resourceGroups/cli_test_accelerated_network000001/providers/Microsoft.Compute/disks/disk1\"\
        ,\r\n  \"type\": \"Microsoft.Compute/disks\",\r\n  \"location\": \"westus\"\
        ,\r\n  \"tags\": {},\r\n  \"sku\": {\r\n    \"name\": \"Premium_LRS\",\r\n\
        \    \"tier\": \"Premium\"\r\n  },\r\n  \"properties\": {\r\n    \"hyperVGeneration\"\
        : \"V1\",\r\n    \"supportedCapabilities\": {\r\n      \"acceleratedNetwork\"\
        : true\r\n    },\r\n    \"creationData\": {\r\n      \"createOption\": \"\
        Empty\"\r\n    },\r\n    \"diskSizeGB\": 5,\r\n    \"diskIOPSReadWrite\":\
        \ 120,\r\n    \"diskMBpsReadWrite\": 25,\r\n    \"encryption\": {\r\n    \
        \  \"type\": \"EncryptionAtRestWithPlatformKey\"\r\n    },\r\n    \"networkAccessPolicy\"\
        : \"AllowAll\",\r\n    \"publicNetworkAccess\": \"Enabled\",\r\n    \"timeCreated\"\
        : \"2023-03-15T09:24:59.7970565+00:00\",\r\n    \"provisioningState\": \"\
        Succeeded\",\r\n    \"diskState\": \"Unattached\",\r\n    \"diskSizeBytes\"\
        : 5368709120,\r\n    \"uniqueId\": \"462ee5e8-d318-4664-aa01-d2f1069b75bb\"\
        ,\r\n    \"tier\": \"P2\"\r\n  }\r\n}\r\n  },\r\n  \"name\": \"f0887105-922b-49d9-bdbf-e052f860029d\"\
        \r\n}"
    headers:
      cache-control:
      - no-cache
      content-length:
      - '1216'
      content-type:
      - application/json; charset=utf-8
      date:
      - Wed, 15 Mar 2023 09:25:01 GMT
      expires:
      - '-1'
      pragma:
      - no-cache
      server:
      - Microsoft-HTTPAPI/2.0
      - Microsoft-HTTPAPI/2.0
      strict-transport-security:
      - max-age=31536000; includeSubDomains
      transfer-encoding:
      - chunked
      vary:
      - Accept-Encoding
      x-content-type-options:
      - nosniff
      x-ms-ratelimit-remaining-resource:
      - Microsoft.Compute/GetOperation3Min;49999,Microsoft.Compute/GetOperation30Min;399925
    status:
      code: 200
      message: OK
- request:
    body: null
    headers:
      Accept:
      - '*/*'
      Accept-Encoding:
      - gzip, deflate
      CommandName:
      - disk create
      Connection:
      - keep-alive
      ParameterSetName:
      - --accelerated-network --size-gb -n -g
      User-Agent:
      - AZURECLI/2.46.0 azsdk-python-azure-mgmt-compute/29.1.0 Python/3.10.9 (Windows-10-10.0.22621-SP0)
    method: GET
    uri: https://management.azure.com/subscriptions/00000000-0000-0000-0000-000000000000/resourceGroups/cli_test_accelerated_network000001/providers/Microsoft.Compute/disks/disk1?api-version=2022-07-02
  response:
    body:
      string: "{\r\n  \"name\": \"disk1\",\r\n  \"id\": \"/subscriptions/00000000-0000-0000-0000-000000000000/resourceGroups/cli_test_accelerated_network000001/providers/Microsoft.Compute/disks/disk1\"\
        ,\r\n  \"type\": \"Microsoft.Compute/disks\",\r\n  \"location\": \"westus\"\
        ,\r\n  \"tags\": {},\r\n  \"sku\": {\r\n    \"name\": \"Premium_LRS\",\r\n\
        \    \"tier\": \"Premium\"\r\n  },\r\n  \"properties\": {\r\n    \"hyperVGeneration\"\
        : \"V1\",\r\n    \"supportedCapabilities\": {\r\n      \"acceleratedNetwork\"\
        : true\r\n    },\r\n    \"creationData\": {\r\n      \"createOption\": \"\
        Empty\"\r\n    },\r\n    \"diskSizeGB\": 5,\r\n    \"diskIOPSReadWrite\":\
        \ 120,\r\n    \"diskMBpsReadWrite\": 25,\r\n    \"encryption\": {\r\n    \
        \  \"type\": \"EncryptionAtRestWithPlatformKey\"\r\n    },\r\n    \"networkAccessPolicy\"\
        : \"AllowAll\",\r\n    \"publicNetworkAccess\": \"Enabled\",\r\n    \"timeCreated\"\
        : \"2023-03-15T09:24:59.7970565+00:00\",\r\n    \"provisioningState\": \"\
        Succeeded\",\r\n    \"diskState\": \"Unattached\",\r\n    \"diskSizeBytes\"\
        : 5368709120,\r\n    \"uniqueId\": \"462ee5e8-d318-4664-aa01-d2f1069b75bb\"\
        ,\r\n    \"tier\": \"P2\"\r\n  }\r\n}"
    headers:
      cache-control:
      - no-cache
      content-length:
      - '993'
      content-type:
      - application/json; charset=utf-8
      date:
      - Wed, 15 Mar 2023 09:25:01 GMT
      expires:
      - '-1'
      pragma:
      - no-cache
      server:
      - Microsoft-HTTPAPI/2.0
      - Microsoft-HTTPAPI/2.0
      strict-transport-security:
      - max-age=31536000; includeSubDomains
      transfer-encoding:
      - chunked
      vary:
      - Accept-Encoding
      x-content-type-options:
      - nosniff
      x-ms-ratelimit-remaining-resource:
      - Microsoft.Compute/LowCostGet3Min;14994,Microsoft.Compute/LowCostGet30Min;119906
    status:
      code: 200
      message: OK
- request:
    body: null
    headers:
      Accept:
      - application/json
      Accept-Encoding:
      - gzip, deflate
      CommandName:
      - disk show
      Connection:
      - keep-alive
      ParameterSetName:
      - -g -n
      User-Agent:
      - AZURECLI/2.46.0 azsdk-python-azure-mgmt-compute/29.1.0 Python/3.10.9 (Windows-10-10.0.22621-SP0)
    method: GET
    uri: https://management.azure.com/subscriptions/00000000-0000-0000-0000-000000000000/resourceGroups/cli_test_accelerated_network000001/providers/Microsoft.Compute/disks/disk1?api-version=2022-07-02
  response:
    body:
      string: "{\r\n  \"name\": \"disk1\",\r\n  \"id\": \"/subscriptions/00000000-0000-0000-0000-000000000000/resourceGroups/cli_test_accelerated_network000001/providers/Microsoft.Compute/disks/disk1\"\
        ,\r\n  \"type\": \"Microsoft.Compute/disks\",\r\n  \"location\": \"westus\"\
        ,\r\n  \"tags\": {},\r\n  \"sku\": {\r\n    \"name\": \"Premium_LRS\",\r\n\
        \    \"tier\": \"Premium\"\r\n  },\r\n  \"properties\": {\r\n    \"hyperVGeneration\"\
        : \"V1\",\r\n    \"supportedCapabilities\": {\r\n      \"acceleratedNetwork\"\
        : true\r\n    },\r\n    \"creationData\": {\r\n      \"createOption\": \"\
        Empty\"\r\n    },\r\n    \"diskSizeGB\": 5,\r\n    \"diskIOPSReadWrite\":\
        \ 120,\r\n    \"diskMBpsReadWrite\": 25,\r\n    \"encryption\": {\r\n    \
        \  \"type\": \"EncryptionAtRestWithPlatformKey\"\r\n    },\r\n    \"networkAccessPolicy\"\
        : \"AllowAll\",\r\n    \"publicNetworkAccess\": \"Enabled\",\r\n    \"timeCreated\"\
        : \"2023-03-15T09:24:59.7970565+00:00\",\r\n    \"provisioningState\": \"\
        Succeeded\",\r\n    \"diskState\": \"Unattached\",\r\n    \"diskSizeBytes\"\
        : 5368709120,\r\n    \"uniqueId\": \"462ee5e8-d318-4664-aa01-d2f1069b75bb\"\
        ,\r\n    \"tier\": \"P2\"\r\n  }\r\n}"
    headers:
      cache-control:
      - no-cache
      content-length:
      - '993'
      content-type:
      - application/json; charset=utf-8
      date:
      - Wed, 15 Mar 2023 09:25:03 GMT
      expires:
      - '-1'
      pragma:
      - no-cache
      server:
      - Microsoft-HTTPAPI/2.0
      - Microsoft-HTTPAPI/2.0
      strict-transport-security:
      - max-age=31536000; includeSubDomains
      transfer-encoding:
      - chunked
      vary:
      - Accept-Encoding
      x-content-type-options:
      - nosniff
      x-ms-ratelimit-remaining-resource:
      - Microsoft.Compute/LowCostGet3Min;14992,Microsoft.Compute/LowCostGet30Min;119904
    status:
      code: 200
      message: OK
- request:
    body: null
    headers:
      Accept:
      - application/json
      Accept-Encoding:
      - gzip, deflate
      CommandName:
      - disk update
      Connection:
      - keep-alive
      ParameterSetName:
      - --accelerated-network -n -g
      User-Agent:
      - AZURECLI/2.46.0 azsdk-python-azure-mgmt-compute/29.1.0 Python/3.10.9 (Windows-10-10.0.22621-SP0)
    method: GET
    uri: https://management.azure.com/subscriptions/00000000-0000-0000-0000-000000000000/resourceGroups/cli_test_accelerated_network000001/providers/Microsoft.Compute/disks/disk1?api-version=2022-07-02
  response:
    body:
      string: "{\r\n  \"name\": \"disk1\",\r\n  \"id\": \"/subscriptions/00000000-0000-0000-0000-000000000000/resourceGroups/cli_test_accelerated_network000001/providers/Microsoft.Compute/disks/disk1\"\
        ,\r\n  \"type\": \"Microsoft.Compute/disks\",\r\n  \"location\": \"westus\"\
        ,\r\n  \"tags\": {},\r\n  \"sku\": {\r\n    \"name\": \"Premium_LRS\",\r\n\
        \    \"tier\": \"Premium\"\r\n  },\r\n  \"properties\": {\r\n    \"hyperVGeneration\"\
        : \"V1\",\r\n    \"supportedCapabilities\": {\r\n      \"acceleratedNetwork\"\
        : true\r\n    },\r\n    \"creationData\": {\r\n      \"createOption\": \"\
        Empty\"\r\n    },\r\n    \"diskSizeGB\": 5,\r\n    \"diskIOPSReadWrite\":\
        \ 120,\r\n    \"diskMBpsReadWrite\": 25,\r\n    \"encryption\": {\r\n    \
        \  \"type\": \"EncryptionAtRestWithPlatformKey\"\r\n    },\r\n    \"networkAccessPolicy\"\
        : \"AllowAll\",\r\n    \"publicNetworkAccess\": \"Enabled\",\r\n    \"timeCreated\"\
        : \"2023-03-15T09:24:59.7970565+00:00\",\r\n    \"provisioningState\": \"\
        Succeeded\",\r\n    \"diskState\": \"Unattached\",\r\n    \"diskSizeBytes\"\
        : 5368709120,\r\n    \"uniqueId\": \"462ee5e8-d318-4664-aa01-d2f1069b75bb\"\
        ,\r\n    \"tier\": \"P2\"\r\n  }\r\n}"
    headers:
      cache-control:
      - no-cache
      content-length:
      - '993'
      content-type:
      - application/json; charset=utf-8
      date:
      - Wed, 15 Mar 2023 09:25:06 GMT
      expires:
      - '-1'
      pragma:
      - no-cache
      server:
      - Microsoft-HTTPAPI/2.0
      - Microsoft-HTTPAPI/2.0
      strict-transport-security:
      - max-age=31536000; includeSubDomains
      transfer-encoding:
      - chunked
      vary:
      - Accept-Encoding
      x-content-type-options:
      - nosniff
      x-ms-ratelimit-remaining-resource:
      - Microsoft.Compute/LowCostGet3Min;14990,Microsoft.Compute/LowCostGet30Min;119902
    status:
      code: 200
      message: OK
- request:
    body: '{"location": "westus", "tags": {}, "sku": {"name": "Premium_LRS"}, "properties":
      {"hyperVGeneration": "V1", "supportedCapabilities": {"acceleratedNetwork": false},
      "creationData": {"createOption": "Empty"}, "diskSizeGB": 5, "diskIOPSReadWrite":
      120, "diskMBpsReadWrite": 25, "encryption": {"type": "EncryptionAtRestWithPlatformKey"},
      "networkAccessPolicy": "AllowAll", "tier": "P2", "publicNetworkAccess": "Enabled"}}'
    headers:
      Accept:
      - application/json
      Accept-Encoding:
      - gzip, deflate
      CommandName:
      - disk update
      Connection:
      - keep-alive
      Content-Length:
      - '417'
      Content-Type:
      - application/json
      ParameterSetName:
      - --accelerated-network -n -g
      User-Agent:
      - AZURECLI/2.46.0 azsdk-python-azure-mgmt-compute/29.1.0 Python/3.10.9 (Windows-10-10.0.22621-SP0)
    method: PUT
    uri: https://management.azure.com/subscriptions/00000000-0000-0000-0000-000000000000/resourceGroups/cli_test_accelerated_network000001/providers/Microsoft.Compute/disks/disk1?api-version=2022-07-02
  response:
    body:
      string: "{\r\n  \"name\": \"disk1\",\r\n  \"id\": \"/subscriptions/00000000-0000-0000-0000-000000000000/resourceGroups/cli_test_accelerated_network000001/providers/Microsoft.Compute/disks/disk1\"\
        ,\r\n  \"type\": \"Microsoft.Compute/disks\",\r\n  \"location\": \"westus\"\
        ,\r\n  \"tags\": {},\r\n  \"sku\": {\r\n    \"name\": \"Premium_LRS\"\r\n\
        \  },\r\n  \"properties\": {\r\n    \"hyperVGeneration\": \"V1\",\r\n    \"\
        supportedCapabilities\": {\r\n      \"acceleratedNetwork\": false\r\n    },\r\
        \n    \"creationData\": {\r\n      \"createOption\": \"Empty\"\r\n    },\r\
        \n    \"diskSizeGB\": 5,\r\n    \"encryption\": {\r\n      \"type\": \"EncryptionAtRestWithPlatformKey\"\
        \r\n    },\r\n    \"networkAccessPolicy\": \"AllowAll\",\r\n    \"publicNetworkAccess\"\
        : \"Enabled\",\r\n    \"provisioningState\": \"Updating\",\r\n    \"tier\"\
        : \"P2\"\r\n  }\r\n}"
    headers:
      azure-asyncoperation:
      - https://management.azure.com/subscriptions/00000000-0000-0000-0000-000000000000/providers/Microsoft.Compute/locations/westus/DiskOperations/b8ccceae-34d1-4902-aeea-99c15ee14455?p=42128af7-4c72-4222-9761-fb0d8e6cebdc&api-version=2022-07-02
      cache-control:
      - no-cache
      content-length:
      - '728'
      content-type:
      - application/json; charset=utf-8
      date:
      - Wed, 15 Mar 2023 09:25:07 GMT
      expires:
      - '-1'
      location:
      - https://management.azure.com/subscriptions/00000000-0000-0000-0000-000000000000/providers/Microsoft.Compute/locations/westus/DiskOperations/b8ccceae-34d1-4902-aeea-99c15ee14455?p=42128af7-4c72-4222-9761-fb0d8e6cebdc&monitor=true&api-version=2022-07-02
      pragma:
      - no-cache
      server:
      - Microsoft-HTTPAPI/2.0
      - Microsoft-HTTPAPI/2.0
      strict-transport-security:
      - max-age=31536000; includeSubDomains
      x-content-type-options:
      - nosniff
      x-ms-ratelimit-remaining-resource:
      - Microsoft.Compute/CreateUpdateDisks3Min;998,Microsoft.Compute/CreateUpdateDisks30Min;7993
      x-ms-ratelimit-remaining-subscription-writes:
      - '1195'
    status:
      code: 202
      message: Accepted
- request:
    body: null
    headers:
      Accept:
      - '*/*'
      Accept-Encoding:
      - gzip, deflate
      CommandName:
      - disk update
      Connection:
      - keep-alive
      ParameterSetName:
      - --accelerated-network -n -g
      User-Agent:
      - AZURECLI/2.46.0 azsdk-python-azure-mgmt-compute/29.1.0 Python/3.10.9 (Windows-10-10.0.22621-SP0)
    method: GET
    uri: https://management.azure.com/subscriptions/00000000-0000-0000-0000-000000000000/providers/Microsoft.Compute/locations/westus/DiskOperations/b8ccceae-34d1-4902-aeea-99c15ee14455?p=42128af7-4c72-4222-9761-fb0d8e6cebdc&api-version=2022-07-02
  response:
    body:
      string: "{\r\n  \"startTime\": \"2023-03-15T09:25:07.9535804+00:00\",\r\n  \"\
        endTime\": \"2023-03-15T09:25:08.0629687+00:00\",\r\n  \"status\": \"Succeeded\"\
        ,\r\n  \"properties\": {\r\n    \"output\": {\r\n  \"name\": \"disk1\",\r\n\
        \  \"id\": \"/subscriptions/00000000-0000-0000-0000-000000000000/resourceGroups/cli_test_accelerated_network000001/providers/Microsoft.Compute/disks/disk1\"\
        ,\r\n  \"type\": \"Microsoft.Compute/disks\",\r\n  \"location\": \"westus\"\
        ,\r\n  \"tags\": {},\r\n  \"sku\": {\r\n    \"name\": \"Premium_LRS\",\r\n\
        \    \"tier\": \"Premium\"\r\n  },\r\n  \"properties\": {\r\n    \"hyperVGeneration\"\
        : \"V1\",\r\n    \"supportedCapabilities\": {\r\n      \"acceleratedNetwork\"\
        : false\r\n    },\r\n    \"creationData\": {\r\n      \"createOption\": \"\
        Empty\"\r\n    },\r\n    \"diskSizeGB\": 5,\r\n    \"diskIOPSReadWrite\":\
        \ 120,\r\n    \"diskMBpsReadWrite\": 25,\r\n    \"encryption\": {\r\n    \
        \  \"type\": \"EncryptionAtRestWithPlatformKey\"\r\n    },\r\n    \"networkAccessPolicy\"\
        : \"AllowAll\",\r\n    \"publicNetworkAccess\": \"Enabled\",\r\n    \"timeCreated\"\
        : \"2023-03-15T09:24:59.7970565+00:00\",\r\n    \"provisioningState\": \"\
        Succeeded\",\r\n    \"diskState\": \"Unattached\",\r\n    \"diskSizeBytes\"\
        : 5368709120,\r\n    \"uniqueId\": \"462ee5e8-d318-4664-aa01-d2f1069b75bb\"\
        ,\r\n    \"tier\": \"P2\"\r\n  }\r\n}\r\n  },\r\n  \"name\": \"b8ccceae-34d1-4902-aeea-99c15ee14455\"\
        \r\n}"
    headers:
      cache-control:
      - no-cache
      content-length:
      - '1219'
      content-type:
      - application/json; charset=utf-8
      date:
      - Wed, 15 Mar 2023 09:25:09 GMT
      expires:
      - '-1'
      pragma:
      - no-cache
      server:
      - Microsoft-HTTPAPI/2.0
      - Microsoft-HTTPAPI/2.0
      strict-transport-security:
      - max-age=31536000; includeSubDomains
      transfer-encoding:
      - chunked
      vary:
      - Accept-Encoding
      x-content-type-options:
      - nosniff
      x-ms-ratelimit-remaining-resource:
      - Microsoft.Compute/GetOperation3Min;49997,Microsoft.Compute/GetOperation30Min;399923
    status:
      code: 200
      message: OK
- request:
    body: null
    headers:
      Accept:
      - '*/*'
      Accept-Encoding:
      - gzip, deflate
      CommandName:
      - disk update
      Connection:
      - keep-alive
      ParameterSetName:
      - --accelerated-network -n -g
      User-Agent:
      - AZURECLI/2.46.0 azsdk-python-azure-mgmt-compute/29.1.0 Python/3.10.9 (Windows-10-10.0.22621-SP0)
    method: GET
    uri: https://management.azure.com/subscriptions/00000000-0000-0000-0000-000000000000/resourceGroups/cli_test_accelerated_network000001/providers/Microsoft.Compute/disks/disk1?api-version=2022-07-02
  response:
    body:
      string: "{\r\n  \"name\": \"disk1\",\r\n  \"id\": \"/subscriptions/00000000-0000-0000-0000-000000000000/resourceGroups/cli_test_accelerated_network000001/providers/Microsoft.Compute/disks/disk1\"\
        ,\r\n  \"type\": \"Microsoft.Compute/disks\",\r\n  \"location\": \"westus\"\
        ,\r\n  \"tags\": {},\r\n  \"sku\": {\r\n    \"name\": \"Premium_LRS\",\r\n\
        \    \"tier\": \"Premium\"\r\n  },\r\n  \"properties\": {\r\n    \"hyperVGeneration\"\
        : \"V1\",\r\n    \"supportedCapabilities\": {\r\n      \"acceleratedNetwork\"\
        : false\r\n    },\r\n    \"creationData\": {\r\n      \"createOption\": \"\
        Empty\"\r\n    },\r\n    \"diskSizeGB\": 5,\r\n    \"diskIOPSReadWrite\":\
        \ 120,\r\n    \"diskMBpsReadWrite\": 25,\r\n    \"encryption\": {\r\n    \
        \  \"type\": \"EncryptionAtRestWithPlatformKey\"\r\n    },\r\n    \"networkAccessPolicy\"\
        : \"AllowAll\",\r\n    \"publicNetworkAccess\": \"Enabled\",\r\n    \"timeCreated\"\
        : \"2023-03-15T09:24:59.7970565+00:00\",\r\n    \"provisioningState\": \"\
        Succeeded\",\r\n    \"diskState\": \"Unattached\",\r\n    \"diskSizeBytes\"\
        : 5368709120,\r\n    \"uniqueId\": \"462ee5e8-d318-4664-aa01-d2f1069b75bb\"\
        ,\r\n    \"tier\": \"P2\"\r\n  }\r\n}"
    headers:
      cache-control:
      - no-cache
      content-length:
      - '994'
      content-type:
      - application/json; charset=utf-8
      date:
      - Wed, 15 Mar 2023 09:25:09 GMT
      expires:
      - '-1'
      pragma:
      - no-cache
      server:
      - Microsoft-HTTPAPI/2.0
      - Microsoft-HTTPAPI/2.0
      strict-transport-security:
      - max-age=31536000; includeSubDomains
      transfer-encoding:
      - chunked
      vary:
      - Accept-Encoding
      x-content-type-options:
      - nosniff
      x-ms-ratelimit-remaining-resource:
      - Microsoft.Compute/LowCostGet3Min;14988,Microsoft.Compute/LowCostGet30Min;119900
    status:
      code: 200
      message: OK
- request:
    body: null
    headers:
      Accept:
      - application/json
      Accept-Encoding:
      - gzip, deflate
      CommandName:
      - disk show
      Connection:
      - keep-alive
      ParameterSetName:
      - -g -n
      User-Agent:
      - AZURECLI/2.46.0 azsdk-python-azure-mgmt-compute/29.1.0 Python/3.10.9 (Windows-10-10.0.22621-SP0)
    method: GET
    uri: https://management.azure.com/subscriptions/00000000-0000-0000-0000-000000000000/resourceGroups/cli_test_accelerated_network000001/providers/Microsoft.Compute/disks/disk1?api-version=2022-07-02
  response:
    body:
      string: "{\r\n  \"name\": \"disk1\",\r\n  \"id\": \"/subscriptions/00000000-0000-0000-0000-000000000000/resourceGroups/cli_test_accelerated_network000001/providers/Microsoft.Compute/disks/disk1\"\
        ,\r\n  \"type\": \"Microsoft.Compute/disks\",\r\n  \"location\": \"westus\"\
        ,\r\n  \"tags\": {},\r\n  \"sku\": {\r\n    \"name\": \"Premium_LRS\",\r\n\
        \    \"tier\": \"Premium\"\r\n  },\r\n  \"properties\": {\r\n    \"hyperVGeneration\"\
        : \"V1\",\r\n    \"supportedCapabilities\": {\r\n      \"acceleratedNetwork\"\
        : false\r\n    },\r\n    \"creationData\": {\r\n      \"createOption\": \"\
        Empty\"\r\n    },\r\n    \"diskSizeGB\": 5,\r\n    \"diskIOPSReadWrite\":\
        \ 120,\r\n    \"diskMBpsReadWrite\": 25,\r\n    \"encryption\": {\r\n    \
        \  \"type\": \"EncryptionAtRestWithPlatformKey\"\r\n    },\r\n    \"networkAccessPolicy\"\
        : \"AllowAll\",\r\n    \"publicNetworkAccess\": \"Enabled\",\r\n    \"timeCreated\"\
        : \"2023-03-15T09:24:59.7970565+00:00\",\r\n    \"provisioningState\": \"\
        Succeeded\",\r\n    \"diskState\": \"Unattached\",\r\n    \"diskSizeBytes\"\
        : 5368709120,\r\n    \"uniqueId\": \"462ee5e8-d318-4664-aa01-d2f1069b75bb\"\
        ,\r\n    \"tier\": \"P2\"\r\n  }\r\n}"
    headers:
      cache-control:
      - no-cache
      content-length:
      - '994'
      content-type:
      - application/json; charset=utf-8
      date:
      - Wed, 15 Mar 2023 09:25:11 GMT
      expires:
      - '-1'
      pragma:
      - no-cache
      server:
      - Microsoft-HTTPAPI/2.0
      - Microsoft-HTTPAPI/2.0
      strict-transport-security:
      - max-age=31536000; includeSubDomains
      transfer-encoding:
      - chunked
      vary:
      - Accept-Encoding
      x-content-type-options:
      - nosniff
      x-ms-ratelimit-remaining-resource:
      - Microsoft.Compute/LowCostGet3Min;14987,Microsoft.Compute/LowCostGet30Min;119899
    status:
      code: 200
      message: OK
- request:
    body: null
    headers:
      Accept:
      - application/json
      Accept-Encoding:
      - gzip, deflate
      CommandName:
      - disk create
      Connection:
      - keep-alive
      ParameterSetName:
      - --size-gb -n -g
      User-Agent:
      - AZURECLI/2.46.0 azsdk-python-azure-mgmt-resource/22.0.0 Python/3.10.9 (Windows-10-10.0.22621-SP0)
    method: GET
    uri: https://management.azure.com/subscriptions/00000000-0000-0000-0000-000000000000/resourcegroups/cli_test_accelerated_network000001?api-version=2022-09-01
  response:
    body:
      string: '{"id":"/subscriptions/00000000-0000-0000-0000-000000000000/resourceGroups/cli_test_accelerated_network000001","name":"cli_test_accelerated_network000001","type":"Microsoft.Resources/resourceGroups","location":"westus","tags":{"product":"azurecli","cause":"automation","date":"2023-03-15T09:24:52Z","StorageType":"Standard_LRS","type":"test"},"properties":{"provisioningState":"Succeeded"}}'
    headers:
      cache-control:
      - no-cache
      content-length:
      - '389'
      content-type:
      - application/json; charset=utf-8
      date:
      - Wed, 15 Mar 2023 09:25:11 GMT
      expires:
      - '-1'
      pragma:
      - no-cache
      strict-transport-security:
      - max-age=31536000; includeSubDomains
      vary:
      - Accept-Encoding
      x-content-type-options:
      - nosniff
    status:
      code: 200
      message: OK
- request:
    body: '{"location": "westus", "tags": {}, "sku": {"name": "Premium_LRS"}, "properties":
      {"hyperVGeneration": "V1", "creationData": {"createOption": "Empty"}, "diskSizeGB":
      5}}'
    headers:
      Accept:
      - application/json
      Accept-Encoding:
      - gzip, deflate
      CommandName:
      - disk create
      Connection:
      - keep-alive
      Content-Length:
      - '168'
      Content-Type:
      - application/json
      ParameterSetName:
      - --size-gb -n -g
      User-Agent:
      - AZURECLI/2.46.0 azsdk-python-azure-mgmt-compute/29.1.0 Python/3.10.9 (Windows-10-10.0.22621-SP0)
    method: PUT
    uri: https://management.azure.com/subscriptions/00000000-0000-0000-0000-000000000000/resourceGroups/cli_test_accelerated_network000001/providers/Microsoft.Compute/disks/disk2?api-version=2022-07-02
  response:
    body:
      string: "{\r\n  \"name\": \"disk2\",\r\n  \"id\": \"/subscriptions/00000000-0000-0000-0000-000000000000/resourceGroups/cli_test_accelerated_network000001/providers/Microsoft.Compute/disks/disk2\"\
        ,\r\n  \"type\": \"Microsoft.Compute/disks\",\r\n  \"location\": \"westus\"\
        ,\r\n  \"tags\": {},\r\n  \"sku\": {\r\n    \"name\": \"Premium_LRS\"\r\n\
        \  },\r\n  \"properties\": {\r\n    \"hyperVGeneration\": \"V1\",\r\n    \"\
        creationData\": {\r\n      \"createOption\": \"Empty\"\r\n    },\r\n    \"\
        diskSizeGB\": 5,\r\n    \"provisioningState\": \"Updating\"\r\n  }\r\n}"
    headers:
      azure-asyncoperation:
      - https://management.azure.com/subscriptions/00000000-0000-0000-0000-000000000000/providers/Microsoft.Compute/locations/westus/DiskOperations/17c7c6e0-9385-4054-85c8-57ffc43e831e?p=42128af7-4c72-4222-9761-fb0d8e6cebdc&api-version=2022-07-02
      cache-control:
      - no-cache
      content-length:
      - '477'
      content-type:
      - application/json; charset=utf-8
      date:
      - Wed, 15 Mar 2023 09:25:16 GMT
      expires:
      - '-1'
      location:
      - https://management.azure.com/subscriptions/00000000-0000-0000-0000-000000000000/providers/Microsoft.Compute/locations/westus/DiskOperations/17c7c6e0-9385-4054-85c8-57ffc43e831e?p=42128af7-4c72-4222-9761-fb0d8e6cebdc&monitor=true&api-version=2022-07-02
      pragma:
      - no-cache
      server:
      - Microsoft-HTTPAPI/2.0
      - Microsoft-HTTPAPI/2.0
      strict-transport-security:
      - max-age=31536000; includeSubDomains
      x-content-type-options:
      - nosniff
      x-ms-ratelimit-remaining-resource:
      - Microsoft.Compute/CreateUpdateDisks3Min;996,Microsoft.Compute/CreateUpdateDisks30Min;7991
      x-ms-ratelimit-remaining-subscription-writes:
      - '1196'
    status:
      code: 202
      message: Accepted
- request:
    body: null
    headers:
      Accept:
      - '*/*'
      Accept-Encoding:
      - gzip, deflate
      CommandName:
      - disk create
      Connection:
      - keep-alive
      ParameterSetName:
      - --size-gb -n -g
      User-Agent:
      - AZURECLI/2.46.0 azsdk-python-azure-mgmt-compute/29.1.0 Python/3.10.9 (Windows-10-10.0.22621-SP0)
    method: GET
    uri: https://management.azure.com/subscriptions/00000000-0000-0000-0000-000000000000/providers/Microsoft.Compute/locations/westus/DiskOperations/17c7c6e0-9385-4054-85c8-57ffc43e831e?p=42128af7-4c72-4222-9761-fb0d8e6cebdc&api-version=2022-07-02
  response:
    body:
      string: "{\r\n  \"startTime\": \"2023-03-15T09:25:16.7194988+00:00\",\r\n  \"\
        endTime\": \"2023-03-15T09:25:16.8445125+00:00\",\r\n  \"status\": \"Succeeded\"\
        ,\r\n  \"properties\": {\r\n    \"output\": {\r\n  \"name\": \"disk2\",\r\n\
        \  \"id\": \"/subscriptions/00000000-0000-0000-0000-000000000000/resourceGroups/cli_test_accelerated_network000001/providers/Microsoft.Compute/disks/disk2\"\
        ,\r\n  \"type\": \"Microsoft.Compute/disks\",\r\n  \"location\": \"westus\"\
        ,\r\n  \"tags\": {},\r\n  \"sku\": {\r\n    \"name\": \"Premium_LRS\",\r\n\
        \    \"tier\": \"Premium\"\r\n  },\r\n  \"properties\": {\r\n    \"hyperVGeneration\"\
        : \"V1\",\r\n    \"creationData\": {\r\n      \"createOption\": \"Empty\"\r\
        \n    },\r\n    \"diskSizeGB\": 5,\r\n    \"diskIOPSReadWrite\": 120,\r\n\
        \    \"diskMBpsReadWrite\": 25,\r\n    \"encryption\": {\r\n      \"type\"\
        : \"EncryptionAtRestWithPlatformKey\"\r\n    },\r\n    \"networkAccessPolicy\"\
        : \"AllowAll\",\r\n    \"publicNetworkAccess\": \"Enabled\",\r\n    \"timeCreated\"\
        : \"2023-03-15T09:25:16.7351227+00:00\",\r\n    \"provisioningState\": \"\
        Succeeded\",\r\n    \"diskState\": \"Unattached\",\r\n    \"diskSizeBytes\"\
        : 5368709120,\r\n    \"uniqueId\": \"27c11471-ff0d-4fd8-8278-b8c7c26dc103\"\
        ,\r\n    \"tier\": \"P2\"\r\n  }\r\n}\r\n  },\r\n  \"name\": \"17c7c6e0-9385-4054-85c8-57ffc43e831e\"\
        \r\n}"
    headers:
      cache-control:
      - no-cache
      content-length:
      - '1144'
      content-type:
      - application/json; charset=utf-8
      date:
      - Wed, 15 Mar 2023 09:25:18 GMT
      expires:
      - '-1'
      pragma:
      - no-cache
      server:
      - Microsoft-HTTPAPI/2.0
      - Microsoft-HTTPAPI/2.0
      strict-transport-security:
      - max-age=31536000; includeSubDomains
      transfer-encoding:
      - chunked
      vary:
      - Accept-Encoding
      x-content-type-options:
      - nosniff
      x-ms-ratelimit-remaining-resource:
      - Microsoft.Compute/GetOperation3Min;49994,Microsoft.Compute/GetOperation30Min;399920
    status:
      code: 200
      message: OK
- request:
    body: null
    headers:
      Accept:
      - '*/*'
      Accept-Encoding:
      - gzip, deflate
      CommandName:
      - disk create
      Connection:
      - keep-alive
      ParameterSetName:
      - --size-gb -n -g
      User-Agent:
      - AZURECLI/2.46.0 azsdk-python-azure-mgmt-compute/29.1.0 Python/3.10.9 (Windows-10-10.0.22621-SP0)
    method: GET
    uri: https://management.azure.com/subscriptions/00000000-0000-0000-0000-000000000000/resourceGroups/cli_test_accelerated_network000001/providers/Microsoft.Compute/disks/disk2?api-version=2022-07-02
  response:
    body:
      string: "{\r\n  \"name\": \"disk2\",\r\n  \"id\": \"/subscriptions/00000000-0000-0000-0000-000000000000/resourceGroups/cli_test_accelerated_network000001/providers/Microsoft.Compute/disks/disk2\"\
        ,\r\n  \"type\": \"Microsoft.Compute/disks\",\r\n  \"location\": \"westus\"\
        ,\r\n  \"tags\": {},\r\n  \"sku\": {\r\n    \"name\": \"Premium_LRS\",\r\n\
        \    \"tier\": \"Premium\"\r\n  },\r\n  \"properties\": {\r\n    \"hyperVGeneration\"\
        : \"V1\",\r\n    \"creationData\": {\r\n      \"createOption\": \"Empty\"\r\
        \n    },\r\n    \"diskSizeGB\": 5,\r\n    \"diskIOPSReadWrite\": 120,\r\n\
        \    \"diskMBpsReadWrite\": 25,\r\n    \"encryption\": {\r\n      \"type\"\
        : \"EncryptionAtRestWithPlatformKey\"\r\n    },\r\n    \"networkAccessPolicy\"\
        : \"AllowAll\",\r\n    \"publicNetworkAccess\": \"Enabled\",\r\n    \"timeCreated\"\
        : \"2023-03-15T09:25:16.7351227+00:00\",\r\n    \"provisioningState\": \"\
        Succeeded\",\r\n    \"diskState\": \"Unattached\",\r\n    \"diskSizeBytes\"\
        : 5368709120,\r\n    \"uniqueId\": \"27c11471-ff0d-4fd8-8278-b8c7c26dc103\"\
        ,\r\n    \"tier\": \"P2\"\r\n  }\r\n}"
    headers:
      cache-control:
      - no-cache
      content-length:
      - '919'
      content-type:
      - application/json; charset=utf-8
      date:
      - Wed, 15 Mar 2023 09:25:19 GMT
      expires:
      - '-1'
      pragma:
      - no-cache
      server:
      - Microsoft-HTTPAPI/2.0
      - Microsoft-HTTPAPI/2.0
      strict-transport-security:
      - max-age=31536000; includeSubDomains
      transfer-encoding:
      - chunked
      vary:
      - Accept-Encoding
      x-content-type-options:
      - nosniff
      x-ms-ratelimit-remaining-resource:
      - Microsoft.Compute/LowCostGet3Min;14983,Microsoft.Compute/LowCostGet30Min;119895
    status:
      code: 200
      message: OK
- request:
    body: null
    headers:
      Accept:
      - application/json
      Accept-Encoding:
      - gzip, deflate
      CommandName:
      - disk show
      Connection:
      - keep-alive
      ParameterSetName:
      - -g -n
      User-Agent:
      - AZURECLI/2.46.0 azsdk-python-azure-mgmt-compute/29.1.0 Python/3.10.9 (Windows-10-10.0.22621-SP0)
    method: GET
    uri: https://management.azure.com/subscriptions/00000000-0000-0000-0000-000000000000/resourceGroups/cli_test_accelerated_network000001/providers/Microsoft.Compute/disks/disk2?api-version=2022-07-02
  response:
    body:
      string: "{\r\n  \"name\": \"disk2\",\r\n  \"id\": \"/subscriptions/00000000-0000-0000-0000-000000000000/resourceGroups/cli_test_accelerated_network000001/providers/Microsoft.Compute/disks/disk2\"\
        ,\r\n  \"type\": \"Microsoft.Compute/disks\",\r\n  \"location\": \"westus\"\
        ,\r\n  \"tags\": {},\r\n  \"sku\": {\r\n    \"name\": \"Premium_LRS\",\r\n\
        \    \"tier\": \"Premium\"\r\n  },\r\n  \"properties\": {\r\n    \"hyperVGeneration\"\
        : \"V1\",\r\n    \"creationData\": {\r\n      \"createOption\": \"Empty\"\r\
        \n    },\r\n    \"diskSizeGB\": 5,\r\n    \"diskIOPSReadWrite\": 120,\r\n\
        \    \"diskMBpsReadWrite\": 25,\r\n    \"encryption\": {\r\n      \"type\"\
        : \"EncryptionAtRestWithPlatformKey\"\r\n    },\r\n    \"networkAccessPolicy\"\
        : \"AllowAll\",\r\n    \"publicNetworkAccess\": \"Enabled\",\r\n    \"timeCreated\"\
        : \"2023-03-15T09:25:16.7351227+00:00\",\r\n    \"provisioningState\": \"\
        Succeeded\",\r\n    \"diskState\": \"Unattached\",\r\n    \"diskSizeBytes\"\
        : 5368709120,\r\n    \"uniqueId\": \"27c11471-ff0d-4fd8-8278-b8c7c26dc103\"\
        ,\r\n    \"tier\": \"P2\"\r\n  }\r\n}"
    headers:
      cache-control:
      - no-cache
      content-length:
      - '919'
      content-type:
      - application/json; charset=utf-8
      date:
      - Wed, 15 Mar 2023 09:25:20 GMT
      expires:
      - '-1'
      pragma:
      - no-cache
      server:
      - Microsoft-HTTPAPI/2.0
      - Microsoft-HTTPAPI/2.0
      strict-transport-security:
      - max-age=31536000; includeSubDomains
      transfer-encoding:
      - chunked
      vary:
      - Accept-Encoding
      x-content-type-options:
      - nosniff
      x-ms-ratelimit-remaining-resource:
      - Microsoft.Compute/LowCostGet3Min;14981,Microsoft.Compute/LowCostGet30Min;119893
    status:
      code: 200
      message: OK
- request:
    body: null
    headers:
      Accept:
      - application/json
      Accept-Encoding:
      - gzip, deflate
      CommandName:
      - disk update
      Connection:
      - keep-alive
      ParameterSetName:
      - --accelerated-network -n -g
      User-Agent:
      - AZURECLI/2.46.0 azsdk-python-azure-mgmt-compute/29.1.0 Python/3.10.9 (Windows-10-10.0.22621-SP0)
    method: GET
    uri: https://management.azure.com/subscriptions/00000000-0000-0000-0000-000000000000/resourceGroups/cli_test_accelerated_network000001/providers/Microsoft.Compute/disks/disk1?api-version=2022-07-02
  response:
    body:
      string: "{\r\n  \"name\": \"disk1\",\r\n  \"id\": \"/subscriptions/00000000-0000-0000-0000-000000000000/resourceGroups/cli_test_accelerated_network000001/providers/Microsoft.Compute/disks/disk1\"\
        ,\r\n  \"type\": \"Microsoft.Compute/disks\",\r\n  \"location\": \"westus\"\
        ,\r\n  \"tags\": {},\r\n  \"sku\": {\r\n    \"name\": \"Premium_LRS\",\r\n\
        \    \"tier\": \"Premium\"\r\n  },\r\n  \"properties\": {\r\n    \"hyperVGeneration\"\
        : \"V1\",\r\n    \"supportedCapabilities\": {\r\n      \"acceleratedNetwork\"\
        : false\r\n    },\r\n    \"creationData\": {\r\n      \"createOption\": \"\
        Empty\"\r\n    },\r\n    \"diskSizeGB\": 5,\r\n    \"diskIOPSReadWrite\":\
        \ 120,\r\n    \"diskMBpsReadWrite\": 25,\r\n    \"encryption\": {\r\n    \
        \  \"type\": \"EncryptionAtRestWithPlatformKey\"\r\n    },\r\n    \"networkAccessPolicy\"\
        : \"AllowAll\",\r\n    \"publicNetworkAccess\": \"Enabled\",\r\n    \"timeCreated\"\
        : \"2023-03-15T09:24:59.7970565+00:00\",\r\n    \"provisioningState\": \"\
        Succeeded\",\r\n    \"diskState\": \"Unattached\",\r\n    \"diskSizeBytes\"\
        : 5368709120,\r\n    \"uniqueId\": \"462ee5e8-d318-4664-aa01-d2f1069b75bb\"\
        ,\r\n    \"tier\": \"P2\"\r\n  }\r\n}"
    headers:
      cache-control:
      - no-cache
      content-length:
      - '994'
      content-type:
      - application/json; charset=utf-8
      date:
      - Wed, 15 Mar 2023 09:25:22 GMT
      expires:
      - '-1'
      pragma:
      - no-cache
      server:
      - Microsoft-HTTPAPI/2.0
      - Microsoft-HTTPAPI/2.0
      strict-transport-security:
      - max-age=31536000; includeSubDomains
      transfer-encoding:
      - chunked
      vary:
      - Accept-Encoding
      x-content-type-options:
      - nosniff
      x-ms-ratelimit-remaining-resource:
      - Microsoft.Compute/LowCostGet3Min;14978,Microsoft.Compute/LowCostGet30Min;119890
    status:
      code: 200
      message: OK
- request:
    body: '{"location": "westus", "tags": {}, "sku": {"name": "Premium_LRS"}, "properties":
      {"hyperVGeneration": "V1", "supportedCapabilities": {"acceleratedNetwork": true},
      "creationData": {"createOption": "Empty"}, "diskSizeGB": 5, "diskIOPSReadWrite":
      120, "diskMBpsReadWrite": 25, "encryption": {"type": "EncryptionAtRestWithPlatformKey"},
      "networkAccessPolicy": "AllowAll", "tier": "P2", "publicNetworkAccess": "Enabled"}}'
    headers:
      Accept:
      - application/json
      Accept-Encoding:
      - gzip, deflate
      CommandName:
      - disk update
      Connection:
      - keep-alive
      Content-Length:
      - '416'
      Content-Type:
      - application/json
      ParameterSetName:
      - --accelerated-network -n -g
      User-Agent:
      - AZURECLI/2.46.0 azsdk-python-azure-mgmt-compute/29.1.0 Python/3.10.9 (Windows-10-10.0.22621-SP0)
    method: PUT
    uri: https://management.azure.com/subscriptions/00000000-0000-0000-0000-000000000000/resourceGroups/cli_test_accelerated_network000001/providers/Microsoft.Compute/disks/disk1?api-version=2022-07-02
  response:
    body:
      string: "{\r\n  \"name\": \"disk1\",\r\n  \"id\": \"/subscriptions/00000000-0000-0000-0000-000000000000/resourceGroups/cli_test_accelerated_network000001/providers/Microsoft.Compute/disks/disk1\"\
        ,\r\n  \"type\": \"Microsoft.Compute/disks\",\r\n  \"location\": \"westus\"\
        ,\r\n  \"tags\": {},\r\n  \"sku\": {\r\n    \"name\": \"Premium_LRS\"\r\n\
        \  },\r\n  \"properties\": {\r\n    \"hyperVGeneration\": \"V1\",\r\n    \"\
        supportedCapabilities\": {\r\n      \"acceleratedNetwork\": true\r\n    },\r\
        \n    \"creationData\": {\r\n      \"createOption\": \"Empty\"\r\n    },\r\
        \n    \"diskSizeGB\": 5,\r\n    \"encryption\": {\r\n      \"type\": \"EncryptionAtRestWithPlatformKey\"\
        \r\n    },\r\n    \"networkAccessPolicy\": \"AllowAll\",\r\n    \"publicNetworkAccess\"\
        : \"Enabled\",\r\n    \"provisioningState\": \"Updating\",\r\n    \"tier\"\
        : \"P2\"\r\n  }\r\n}"
    headers:
      azure-asyncoperation:
      - https://management.azure.com/subscriptions/00000000-0000-0000-0000-000000000000/providers/Microsoft.Compute/locations/westus/DiskOperations/3adb2de5-72f8-410e-816b-42fc61c074bd?p=42128af7-4c72-4222-9761-fb0d8e6cebdc&api-version=2022-07-02
      cache-control:
      - no-cache
      content-length:
      - '727'
      content-type:
      - application/json; charset=utf-8
      date:
      - Wed, 15 Mar 2023 09:25:23 GMT
      expires:
      - '-1'
      location:
      - https://management.azure.com/subscriptions/00000000-0000-0000-0000-000000000000/providers/Microsoft.Compute/locations/westus/DiskOperations/3adb2de5-72f8-410e-816b-42fc61c074bd?p=42128af7-4c72-4222-9761-fb0d8e6cebdc&monitor=true&api-version=2022-07-02
      pragma:
      - no-cache
      server:
      - Microsoft-HTTPAPI/2.0
      - Microsoft-HTTPAPI/2.0
      strict-transport-security:
      - max-age=31536000; includeSubDomains
      x-content-type-options:
      - nosniff
      x-ms-ratelimit-remaining-resource:
      - Microsoft.Compute/CreateUpdateDisks3Min;995,Microsoft.Compute/CreateUpdateDisks30Min;7990
      x-ms-ratelimit-remaining-subscription-writes:
      - '1196'
    status:
      code: 202
      message: Accepted
- request:
    body: null
    headers:
      Accept:
      - '*/*'
      Accept-Encoding:
      - gzip, deflate
      CommandName:
      - disk update
      Connection:
      - keep-alive
      ParameterSetName:
      - --accelerated-network -n -g
      User-Agent:
      - AZURECLI/2.46.0 azsdk-python-azure-mgmt-compute/29.1.0 Python/3.10.9 (Windows-10-10.0.22621-SP0)
    method: GET
    uri: https://management.azure.com/subscriptions/00000000-0000-0000-0000-000000000000/providers/Microsoft.Compute/locations/westus/DiskOperations/3adb2de5-72f8-410e-816b-42fc61c074bd?p=42128af7-4c72-4222-9761-fb0d8e6cebdc&api-version=2022-07-02
  response:
    body:
      string: "{\r\n  \"startTime\": \"2023-03-15T09:25:24.0478646+00:00\",\r\n  \"\
        endTime\": \"2023-03-15T09:25:24.1416411+00:00\",\r\n  \"status\": \"Succeeded\"\
        ,\r\n  \"properties\": {\r\n    \"output\": {\r\n  \"name\": \"disk1\",\r\n\
        \  \"id\": \"/subscriptions/00000000-0000-0000-0000-000000000000/resourceGroups/cli_test_accelerated_network000001/providers/Microsoft.Compute/disks/disk1\"\
        ,\r\n  \"type\": \"Microsoft.Compute/disks\",\r\n  \"location\": \"westus\"\
        ,\r\n  \"tags\": {},\r\n  \"sku\": {\r\n    \"name\": \"Premium_LRS\",\r\n\
        \    \"tier\": \"Premium\"\r\n  },\r\n  \"properties\": {\r\n    \"hyperVGeneration\"\
        : \"V1\",\r\n    \"supportedCapabilities\": {\r\n      \"acceleratedNetwork\"\
        : true\r\n    },\r\n    \"creationData\": {\r\n      \"createOption\": \"\
        Empty\"\r\n    },\r\n    \"diskSizeGB\": 5,\r\n    \"diskIOPSReadWrite\":\
        \ 120,\r\n    \"diskMBpsReadWrite\": 25,\r\n    \"encryption\": {\r\n    \
        \  \"type\": \"EncryptionAtRestWithPlatformKey\"\r\n    },\r\n    \"networkAccessPolicy\"\
        : \"AllowAll\",\r\n    \"publicNetworkAccess\": \"Enabled\",\r\n    \"timeCreated\"\
        : \"2023-03-15T09:24:59.7970565+00:00\",\r\n    \"provisioningState\": \"\
        Succeeded\",\r\n    \"diskState\": \"Unattached\",\r\n    \"diskSizeBytes\"\
        : 5368709120,\r\n    \"uniqueId\": \"462ee5e8-d318-4664-aa01-d2f1069b75bb\"\
        ,\r\n    \"tier\": \"P2\"\r\n  }\r\n}\r\n  },\r\n  \"name\": \"3adb2de5-72f8-410e-816b-42fc61c074bd\"\
        \r\n}"
    headers:
      cache-control:
      - no-cache
      content-length:
      - '1218'
      content-type:
      - application/json; charset=utf-8
      date:
      - Wed, 15 Mar 2023 09:25:25 GMT
      expires:
      - '-1'
      pragma:
      - no-cache
      server:
      - Microsoft-HTTPAPI/2.0
      - Microsoft-HTTPAPI/2.0
      strict-transport-security:
      - max-age=31536000; includeSubDomains
      transfer-encoding:
      - chunked
      vary:
      - Accept-Encoding
      x-content-type-options:
      - nosniff
      x-ms-ratelimit-remaining-resource:
      - Microsoft.Compute/GetOperation3Min;49991,Microsoft.Compute/GetOperation30Min;399917
    status:
      code: 200
      message: OK
- request:
    body: null
    headers:
      Accept:
      - '*/*'
      Accept-Encoding:
      - gzip, deflate
      CommandName:
      - disk update
      Connection:
      - keep-alive
      ParameterSetName:
      - --accelerated-network -n -g
      User-Agent:
      - AZURECLI/2.46.0 azsdk-python-azure-mgmt-compute/29.1.0 Python/3.10.9 (Windows-10-10.0.22621-SP0)
    method: GET
    uri: https://management.azure.com/subscriptions/00000000-0000-0000-0000-000000000000/resourceGroups/cli_test_accelerated_network000001/providers/Microsoft.Compute/disks/disk1?api-version=2022-07-02
  response:
    body:
      string: "{\r\n  \"name\": \"disk1\",\r\n  \"id\": \"/subscriptions/00000000-0000-0000-0000-000000000000/resourceGroups/cli_test_accelerated_network000001/providers/Microsoft.Compute/disks/disk1\"\
        ,\r\n  \"type\": \"Microsoft.Compute/disks\",\r\n  \"location\": \"westus\"\
        ,\r\n  \"tags\": {},\r\n  \"sku\": {\r\n    \"name\": \"Premium_LRS\",\r\n\
        \    \"tier\": \"Premium\"\r\n  },\r\n  \"properties\": {\r\n    \"hyperVGeneration\"\
        : \"V1\",\r\n    \"supportedCapabilities\": {\r\n      \"acceleratedNetwork\"\
        : true\r\n    },\r\n    \"creationData\": {\r\n      \"createOption\": \"\
        Empty\"\r\n    },\r\n    \"diskSizeGB\": 5,\r\n    \"diskIOPSReadWrite\":\
        \ 120,\r\n    \"diskMBpsReadWrite\": 25,\r\n    \"encryption\": {\r\n    \
        \  \"type\": \"EncryptionAtRestWithPlatformKey\"\r\n    },\r\n    \"networkAccessPolicy\"\
        : \"AllowAll\",\r\n    \"publicNetworkAccess\": \"Enabled\",\r\n    \"timeCreated\"\
        : \"2023-03-15T09:24:59.7970565+00:00\",\r\n    \"provisioningState\": \"\
        Succeeded\",\r\n    \"diskState\": \"Unattached\",\r\n    \"diskSizeBytes\"\
        : 5368709120,\r\n    \"uniqueId\": \"462ee5e8-d318-4664-aa01-d2f1069b75bb\"\
        ,\r\n    \"tier\": \"P2\"\r\n  }\r\n}"
    headers:
      cache-control:
      - no-cache
      content-length:
      - '993'
      content-type:
      - application/json; charset=utf-8
      date:
      - Wed, 15 Mar 2023 09:25:26 GMT
      expires:
      - '-1'
      pragma:
      - no-cache
      server:
      - Microsoft-HTTPAPI/2.0
      - Microsoft-HTTPAPI/2.0
      strict-transport-security:
      - max-age=31536000; includeSubDomains
      transfer-encoding:
      - chunked
      vary:
      - Accept-Encoding
      x-content-type-options:
      - nosniff
      x-ms-ratelimit-remaining-resource:
      - Microsoft.Compute/LowCostGet3Min;14974,Microsoft.Compute/LowCostGet30Min;119886
    status:
      code: 200
      message: OK
- request:
    body: null
    headers:
      Accept:
      - application/json
      Accept-Encoding:
      - gzip, deflate
      CommandName:
      - disk show
      Connection:
      - keep-alive
      ParameterSetName:
      - -g -n
      User-Agent:
      - AZURECLI/2.46.0 azsdk-python-azure-mgmt-compute/29.1.0 Python/3.10.9 (Windows-10-10.0.22621-SP0)
    method: GET
    uri: https://management.azure.com/subscriptions/00000000-0000-0000-0000-000000000000/resourceGroups/cli_test_accelerated_network000001/providers/Microsoft.Compute/disks/disk1?api-version=2022-07-02
  response:
    body:
      string: "{\r\n  \"name\": \"disk1\",\r\n  \"id\": \"/subscriptions/00000000-0000-0000-0000-000000000000/resourceGroups/cli_test_accelerated_network000001/providers/Microsoft.Compute/disks/disk1\"\
        ,\r\n  \"type\": \"Microsoft.Compute/disks\",\r\n  \"location\": \"westus\"\
        ,\r\n  \"tags\": {},\r\n  \"sku\": {\r\n    \"name\": \"Premium_LRS\",\r\n\
        \    \"tier\": \"Premium\"\r\n  },\r\n  \"properties\": {\r\n    \"hyperVGeneration\"\
        : \"V1\",\r\n    \"supportedCapabilities\": {\r\n      \"acceleratedNetwork\"\
        : true\r\n    },\r\n    \"creationData\": {\r\n      \"createOption\": \"\
        Empty\"\r\n    },\r\n    \"diskSizeGB\": 5,\r\n    \"diskIOPSReadWrite\":\
        \ 120,\r\n    \"diskMBpsReadWrite\": 25,\r\n    \"encryption\": {\r\n    \
        \  \"type\": \"EncryptionAtRestWithPlatformKey\"\r\n    },\r\n    \"networkAccessPolicy\"\
        : \"AllowAll\",\r\n    \"publicNetworkAccess\": \"Enabled\",\r\n    \"timeCreated\"\
        : \"2023-03-15T09:24:59.7970565+00:00\",\r\n    \"provisioningState\": \"\
        Succeeded\",\r\n    \"diskState\": \"Unattached\",\r\n    \"diskSizeBytes\"\
        : 5368709120,\r\n    \"uniqueId\": \"462ee5e8-d318-4664-aa01-d2f1069b75bb\"\
        ,\r\n    \"tier\": \"P2\"\r\n  }\r\n}"
    headers:
      cache-control:
      - no-cache
      content-length:
      - '993'
      content-type:
      - application/json; charset=utf-8
      date:
      - Wed, 15 Mar 2023 09:25:27 GMT
      expires:
      - '-1'
      pragma:
      - no-cache
      server:
      - Microsoft-HTTPAPI/2.0
      - Microsoft-HTTPAPI/2.0
      strict-transport-security:
      - max-age=31536000; includeSubDomains
      transfer-encoding:
      - chunked
      vary:
      - Accept-Encoding
      x-content-type-options:
      - nosniff
      x-ms-ratelimit-remaining-resource:
      - Microsoft.Compute/LowCostGet3Min;14972,Microsoft.Compute/LowCostGet30Min;119884
    status:
      code: 200
      message: OK
- request:
    body: null
    headers:
      Accept:
      - application/json
      Accept-Encoding:
      - gzip, deflate
      CommandName:
      - snapshot create
      Connection:
      - keep-alive
      ParameterSetName:
      - --accelerated-network --size-gb -n -g
      User-Agent:
      - AZURECLI/2.46.0 azsdk-python-azure-mgmt-resource/22.0.0 Python/3.10.9 (Windows-10-10.0.22621-SP0)
    method: GET
    uri: https://management.azure.com/subscriptions/00000000-0000-0000-0000-000000000000/resourcegroups/cli_test_accelerated_network000001?api-version=2022-09-01
  response:
    body:
      string: '{"id":"/subscriptions/00000000-0000-0000-0000-000000000000/resourceGroups/cli_test_accelerated_network000001","name":"cli_test_accelerated_network000001","type":"Microsoft.Resources/resourceGroups","location":"westus","tags":{"product":"azurecli","cause":"automation","date":"2023-03-15T09:24:52Z","StorageType":"Standard_LRS","type":"test"},"properties":{"provisioningState":"Succeeded"}}'
    headers:
      cache-control:
      - no-cache
      content-length:
      - '389'
      content-type:
      - application/json; charset=utf-8
      date:
      - Wed, 15 Mar 2023 09:25:27 GMT
      expires:
      - '-1'
      pragma:
      - no-cache
      strict-transport-security:
      - max-age=31536000; includeSubDomains
      vary:
      - Accept-Encoding
      x-content-type-options:
      - nosniff
    status:
      code: 200
      message: OK
- request:
    body: '{"location": "westus", "tags": {}, "sku": {"name": "Standard_LRS"}, "properties":
      {"hyperVGeneration": "V1", "supportedCapabilities": {"acceleratedNetwork": true},
      "creationData": {"createOption": "Empty"}, "diskSizeGB": 5}}'
    headers:
      Accept:
      - application/json
      Accept-Encoding:
      - gzip, deflate
      CommandName:
      - snapshot create
      Connection:
      - keep-alive
      Content-Length:
      - '224'
      Content-Type:
      - application/json
      ParameterSetName:
      - --accelerated-network --size-gb -n -g
      User-Agent:
      - AZURECLI/2.46.0 azsdk-python-azure-mgmt-compute/29.1.0 Python/3.10.9 (Windows-10-10.0.22621-SP0)
    method: PUT
    uri: https://management.azure.com/subscriptions/00000000-0000-0000-0000-000000000000/resourceGroups/cli_test_accelerated_network000001/providers/Microsoft.Compute/snapshots/snapshot1?api-version=2022-03-02
  response:
    body:
      string: "{\r\n  \"name\": \"snapshot1\",\r\n  \"id\": \"/subscriptions/00000000-0000-0000-0000-000000000000/resourceGroups/cli_test_accelerated_network000001/providers/Microsoft.Compute/snapshots/snapshot1\"\
        ,\r\n  \"type\": \"Microsoft.Compute/snapshots\",\r\n  \"location\": \"westus\"\
        ,\r\n  \"tags\": {},\r\n  \"sku\": {\r\n    \"name\": \"Standard_LRS\"\r\n\
        \  },\r\n  \"properties\": {\r\n    \"hyperVGeneration\": \"V1\",\r\n    \"\
        supportedCapabilities\": {\r\n      \"acceleratedNetwork\": true\r\n    },\r\
        \n    \"creationData\": {\r\n      \"createOption\": \"Empty\"\r\n    },\r\
        \n    \"diskSizeGB\": 5,\r\n    \"provisioningState\": \"Updating\"\r\n  }\r\
        \n}"
    headers:
      azure-asyncoperation:
      - https://management.azure.com/subscriptions/00000000-0000-0000-0000-000000000000/providers/Microsoft.Compute/locations/westus/DiskOperations/76e47315-8a41-4ddf-b1bf-2ad3db459b56?p=42128af7-4c72-4222-9761-fb0d8e6cebdc&api-version=2022-03-02
      cache-control:
      - no-cache
      content-length:
      - '568'
      content-type:
      - application/json; charset=utf-8
      date:
      - Wed, 15 Mar 2023 09:25:32 GMT
      expires:
      - '-1'
      location:
      - https://management.azure.com/subscriptions/00000000-0000-0000-0000-000000000000/providers/Microsoft.Compute/locations/westus/DiskOperations/76e47315-8a41-4ddf-b1bf-2ad3db459b56?p=42128af7-4c72-4222-9761-fb0d8e6cebdc&monitor=true&api-version=2022-03-02
      pragma:
      - no-cache
      server:
      - Microsoft-HTTPAPI/2.0
      - Microsoft-HTTPAPI/2.0
      strict-transport-security:
      - max-age=31536000; includeSubDomains
      x-content-type-options:
      - nosniff
      x-ms-ratelimit-remaining-resource:
      - Microsoft.Compute/HighCostSnapshotCreateHydrate3Min;999,Microsoft.Compute/HighCostSnapshotCreateHydrate30Min;7998
      x-ms-ratelimit-remaining-subscription-writes:
      - '1196'
    status:
      code: 202
      message: Accepted
- request:
    body: null
    headers:
      Accept:
      - '*/*'
      Accept-Encoding:
      - gzip, deflate
      CommandName:
      - snapshot create
      Connection:
      - keep-alive
      ParameterSetName:
      - --accelerated-network --size-gb -n -g
      User-Agent:
      - AZURECLI/2.46.0 azsdk-python-azure-mgmt-compute/29.1.0 Python/3.10.9 (Windows-10-10.0.22621-SP0)
    method: GET
    uri: https://management.azure.com/subscriptions/00000000-0000-0000-0000-000000000000/providers/Microsoft.Compute/locations/westus/DiskOperations/76e47315-8a41-4ddf-b1bf-2ad3db459b56?p=42128af7-4c72-4222-9761-fb0d8e6cebdc&api-version=2022-03-02
  response:
    body:
      string: "{\r\n  \"startTime\": \"2023-03-15T09:25:33.2670173+00:00\",\r\n  \"\
        endTime\": \"2023-03-15T09:25:33.6575814+00:00\",\r\n  \"status\": \"Succeeded\"\
        ,\r\n  \"properties\": {\r\n    \"output\": {\r\n  \"name\": \"snapshot1\"\
        ,\r\n  \"id\": \"/subscriptions/00000000-0000-0000-0000-000000000000/resourceGroups/cli_test_accelerated_network000001/providers/Microsoft.Compute/snapshots/snapshot1\"\
        ,\r\n  \"type\": \"Microsoft.Compute/snapshots\",\r\n  \"location\": \"westus\"\
        ,\r\n  \"tags\": {},\r\n  \"sku\": {\r\n    \"name\": \"Standard_LRS\",\r\n\
        \    \"tier\": \"Standard\"\r\n  },\r\n  \"properties\": {\r\n    \"hyperVGeneration\"\
        : \"V1\",\r\n    \"supportedCapabilities\": {\r\n      \"acceleratedNetwork\"\
        : true\r\n    },\r\n    \"creationData\": {\r\n      \"createOption\": \"\
        Empty\"\r\n    },\r\n    \"diskSizeGB\": 5,\r\n    \"encryption\": {\r\n \
        \     \"type\": \"EncryptionAtRestWithPlatformKey\"\r\n    },\r\n    \"incremental\"\
        : false,\r\n    \"networkAccessPolicy\": \"AllowAll\",\r\n    \"publicNetworkAccess\"\
        : \"Enabled\",\r\n    \"timeCreated\": \"2023-03-15T09:25:33.2826157+00:00\"\
        ,\r\n    \"provisioningState\": \"Succeeded\",\r\n    \"diskState\": \"Unattached\"\
        ,\r\n    \"diskSizeBytes\": 5368709120,\r\n    \"uniqueId\": \"cb13d3b0-de18-4dc6-a49d-ffda256072dc\"\
        \r\n  }\r\n}\r\n  },\r\n  \"name\": \"76e47315-8a41-4ddf-b1bf-2ad3db459b56\"\
        \r\n}"
    headers:
      cache-control:
      - no-cache
      content-length:
      - '1183'
      content-type:
      - application/json; charset=utf-8
      date:
      - Wed, 15 Mar 2023 09:25:34 GMT
      expires:
      - '-1'
      pragma:
      - no-cache
      server:
      - Microsoft-HTTPAPI/2.0
      - Microsoft-HTTPAPI/2.0
      strict-transport-security:
      - max-age=31536000; includeSubDomains
      transfer-encoding:
      - chunked
      vary:
      - Accept-Encoding
      x-content-type-options:
      - nosniff
      x-ms-ratelimit-remaining-resource:
      - Microsoft.Compute/GetOperation3Min;49987,Microsoft.Compute/GetOperation30Min;399913
    status:
      code: 200
      message: OK
- request:
    body: null
    headers:
      Accept:
      - '*/*'
      Accept-Encoding:
      - gzip, deflate
      CommandName:
      - snapshot create
      Connection:
      - keep-alive
      ParameterSetName:
      - --accelerated-network --size-gb -n -g
      User-Agent:
      - AZURECLI/2.46.0 azsdk-python-azure-mgmt-compute/29.1.0 Python/3.10.9 (Windows-10-10.0.22621-SP0)
    method: GET
    uri: https://management.azure.com/subscriptions/00000000-0000-0000-0000-000000000000/resourceGroups/cli_test_accelerated_network000001/providers/Microsoft.Compute/snapshots/snapshot1?api-version=2022-03-02
  response:
    body:
      string: "{\r\n  \"name\": \"snapshot1\",\r\n  \"id\": \"/subscriptions/00000000-0000-0000-0000-000000000000/resourceGroups/cli_test_accelerated_network000001/providers/Microsoft.Compute/snapshots/snapshot1\"\
        ,\r\n  \"type\": \"Microsoft.Compute/snapshots\",\r\n  \"location\": \"westus\"\
        ,\r\n  \"tags\": {},\r\n  \"sku\": {\r\n    \"name\": \"Standard_LRS\",\r\n\
        \    \"tier\": \"Standard\"\r\n  },\r\n  \"properties\": {\r\n    \"hyperVGeneration\"\
        : \"V1\",\r\n    \"supportedCapabilities\": {\r\n      \"acceleratedNetwork\"\
        : true\r\n    },\r\n    \"creationData\": {\r\n      \"createOption\": \"\
        Empty\"\r\n    },\r\n    \"diskSizeGB\": 5,\r\n    \"encryption\": {\r\n \
        \     \"type\": \"EncryptionAtRestWithPlatformKey\"\r\n    },\r\n    \"incremental\"\
        : false,\r\n    \"networkAccessPolicy\": \"AllowAll\",\r\n    \"publicNetworkAccess\"\
        : \"Enabled\",\r\n    \"timeCreated\": \"2023-03-15T09:25:33.2826157+00:00\"\
        ,\r\n    \"provisioningState\": \"Succeeded\",\r\n    \"diskState\": \"Unattached\"\
        ,\r\n    \"diskSizeBytes\": 5368709120,\r\n    \"uniqueId\": \"cb13d3b0-de18-4dc6-a49d-ffda256072dc\"\
        \r\n  }\r\n}"
    headers:
      cache-control:
      - no-cache
      content-length:
      - '958'
      content-type:
      - application/json; charset=utf-8
      date:
      - Wed, 15 Mar 2023 09:25:35 GMT
      expires:
      - '-1'
      pragma:
      - no-cache
      server:
      - Microsoft-HTTPAPI/2.0
      - Microsoft-HTTPAPI/2.0
      strict-transport-security:
      - max-age=31536000; includeSubDomains
      transfer-encoding:
      - chunked
      vary:
      - Accept-Encoding
      x-content-type-options:
      - nosniff
      x-ms-ratelimit-remaining-resource:
      - Microsoft.Compute/LowCostGet3Min;14970,Microsoft.Compute/LowCostGet30Min;119878
    status:
      code: 200
      message: OK
- request:
    body: null
    headers:
      Accept:
      - application/json
      Accept-Encoding:
      - gzip, deflate
      CommandName:
      - snapshot show
      Connection:
      - keep-alive
      ParameterSetName:
      - -g -n
      User-Agent:
      - AZURECLI/2.46.0 azsdk-python-azure-mgmt-compute/29.1.0 Python/3.10.9 (Windows-10-10.0.22621-SP0)
    method: GET
    uri: https://management.azure.com/subscriptions/00000000-0000-0000-0000-000000000000/resourceGroups/cli_test_accelerated_network000001/providers/Microsoft.Compute/snapshots/snapshot1?api-version=2022-03-02
  response:
    body:
      string: "{\r\n  \"name\": \"snapshot1\",\r\n  \"id\": \"/subscriptions/00000000-0000-0000-0000-000000000000/resourceGroups/cli_test_accelerated_network000001/providers/Microsoft.Compute/snapshots/snapshot1\"\
        ,\r\n  \"type\": \"Microsoft.Compute/snapshots\",\r\n  \"location\": \"westus\"\
        ,\r\n  \"tags\": {},\r\n  \"sku\": {\r\n    \"name\": \"Standard_LRS\",\r\n\
        \    \"tier\": \"Standard\"\r\n  },\r\n  \"properties\": {\r\n    \"hyperVGeneration\"\
        : \"V1\",\r\n    \"supportedCapabilities\": {\r\n      \"acceleratedNetwork\"\
        : true\r\n    },\r\n    \"creationData\": {\r\n      \"createOption\": \"\
        Empty\"\r\n    },\r\n    \"diskSizeGB\": 5,\r\n    \"encryption\": {\r\n \
        \     \"type\": \"EncryptionAtRestWithPlatformKey\"\r\n    },\r\n    \"incremental\"\
        : false,\r\n    \"networkAccessPolicy\": \"AllowAll\",\r\n    \"publicNetworkAccess\"\
        : \"Enabled\",\r\n    \"timeCreated\": \"2023-03-15T09:25:33.2826157+00:00\"\
        ,\r\n    \"provisioningState\": \"Succeeded\",\r\n    \"diskState\": \"Unattached\"\
        ,\r\n    \"diskSizeBytes\": 5368709120,\r\n    \"uniqueId\": \"cb13d3b0-de18-4dc6-a49d-ffda256072dc\"\
        \r\n  }\r\n}"
    headers:
      cache-control:
      - no-cache
      content-length:
      - '958'
      content-type:
      - application/json; charset=utf-8
      date:
      - Wed, 15 Mar 2023 09:25:37 GMT
      expires:
      - '-1'
      pragma:
      - no-cache
      server:
      - Microsoft-HTTPAPI/2.0
      - Microsoft-HTTPAPI/2.0
      strict-transport-security:
      - max-age=31536000; includeSubDomains
      transfer-encoding:
      - chunked
      vary:
      - Accept-Encoding
      x-content-type-options:
      - nosniff
      x-ms-ratelimit-remaining-resource:
      - Microsoft.Compute/LowCostGet3Min;14967,Microsoft.Compute/LowCostGet30Min;119875
    status:
      code: 200
      message: OK
- request:
    body: null
    headers:
      Accept:
      - application/json
      Accept-Encoding:
      - gzip, deflate
      CommandName:
      - snapshot update
      Connection:
      - keep-alive
      ParameterSetName:
      - --accelerated-network -n -g
      User-Agent:
      - AZURECLI/2.46.0 azsdk-python-azure-mgmt-compute/29.1.0 Python/3.10.9 (Windows-10-10.0.22621-SP0)
    method: GET
    uri: https://management.azure.com/subscriptions/00000000-0000-0000-0000-000000000000/resourceGroups/cli_test_accelerated_network000001/providers/Microsoft.Compute/snapshots/snapshot1?api-version=2022-03-02
  response:
    body:
      string: "{\r\n  \"name\": \"snapshot1\",\r\n  \"id\": \"/subscriptions/00000000-0000-0000-0000-000000000000/resourceGroups/cli_test_accelerated_network000001/providers/Microsoft.Compute/snapshots/snapshot1\"\
        ,\r\n  \"type\": \"Microsoft.Compute/snapshots\",\r\n  \"location\": \"westus\"\
        ,\r\n  \"tags\": {},\r\n  \"sku\": {\r\n    \"name\": \"Standard_LRS\",\r\n\
        \    \"tier\": \"Standard\"\r\n  },\r\n  \"properties\": {\r\n    \"hyperVGeneration\"\
        : \"V1\",\r\n    \"supportedCapabilities\": {\r\n      \"acceleratedNetwork\"\
        : true\r\n    },\r\n    \"creationData\": {\r\n      \"createOption\": \"\
        Empty\"\r\n    },\r\n    \"diskSizeGB\": 5,\r\n    \"encryption\": {\r\n \
        \     \"type\": \"EncryptionAtRestWithPlatformKey\"\r\n    },\r\n    \"incremental\"\
        : false,\r\n    \"networkAccessPolicy\": \"AllowAll\",\r\n    \"publicNetworkAccess\"\
        : \"Enabled\",\r\n    \"timeCreated\": \"2023-03-15T09:25:33.2826157+00:00\"\
        ,\r\n    \"provisioningState\": \"Succeeded\",\r\n    \"diskState\": \"Unattached\"\
        ,\r\n    \"diskSizeBytes\": 5368709120,\r\n    \"uniqueId\": \"cb13d3b0-de18-4dc6-a49d-ffda256072dc\"\
        \r\n  }\r\n}"
    headers:
      cache-control:
      - no-cache
      content-length:
      - '958'
      content-type:
      - application/json; charset=utf-8
      date:
      - Wed, 15 Mar 2023 09:25:38 GMT
      expires:
      - '-1'
      pragma:
      - no-cache
      server:
      - Microsoft-HTTPAPI/2.0
      - Microsoft-HTTPAPI/2.0
      strict-transport-security:
      - max-age=31536000; includeSubDomains
      transfer-encoding:
      - chunked
      vary:
      - Accept-Encoding
      x-content-type-options:
      - nosniff
      x-ms-ratelimit-remaining-resource:
      - Microsoft.Compute/LowCostGet3Min;14966,Microsoft.Compute/LowCostGet30Min;119874
    status:
      code: 200
      message: OK
- request:
    body: '{"location": "westus", "tags": {}, "sku": {"name": "Standard_LRS"}, "properties":
      {"hyperVGeneration": "V1", "supportedCapabilities": {"acceleratedNetwork": false},
      "creationData": {"createOption": "Empty"}, "diskSizeGB": 5, "incremental": false,
      "encryption": {"type": "EncryptionAtRestWithPlatformKey"}, "networkAccessPolicy":
      "AllowAll", "publicNetworkAccess": "Enabled"}}'
    headers:
      Accept:
      - application/json
      Accept-Encoding:
      - gzip, deflate
      CommandName:
      - snapshot update
      Connection:
      - keep-alive
      Content-Length:
      - '375'
      Content-Type:
      - application/json
      ParameterSetName:
      - --accelerated-network -n -g
      User-Agent:
      - AZURECLI/2.46.0 azsdk-python-azure-mgmt-compute/29.1.0 Python/3.10.9 (Windows-10-10.0.22621-SP0)
    method: PUT
    uri: https://management.azure.com/subscriptions/00000000-0000-0000-0000-000000000000/resourceGroups/cli_test_accelerated_network000001/providers/Microsoft.Compute/snapshots/snapshot1?api-version=2022-03-02
  response:
    body:
      string: "{\r\n  \"name\": \"snapshot1\",\r\n  \"id\": \"/subscriptions/00000000-0000-0000-0000-000000000000/resourceGroups/cli_test_accelerated_network000001/providers/Microsoft.Compute/snapshots/snapshot1\"\
        ,\r\n  \"type\": \"Microsoft.Compute/snapshots\",\r\n  \"location\": \"westus\"\
        ,\r\n  \"tags\": {},\r\n  \"sku\": {\r\n    \"name\": \"Standard_LRS\"\r\n\
        \  },\r\n  \"properties\": {\r\n    \"hyperVGeneration\": \"V1\",\r\n    \"\
        supportedCapabilities\": {\r\n      \"acceleratedNetwork\": false\r\n    },\r\
        \n    \"creationData\": {\r\n      \"createOption\": \"Empty\"\r\n    },\r\
        \n    \"diskSizeGB\": 5,\r\n    \"encryption\": {\r\n      \"type\": \"EncryptionAtRestWithPlatformKey\"\
        \r\n    },\r\n    \"incremental\": false,\r\n    \"networkAccessPolicy\":\
        \ \"AllowAll\",\r\n    \"publicNetworkAccess\": \"Enabled\",\r\n    \"provisioningState\"\
        : \"Updating\"\r\n  }\r\n}"
    headers:
      azure-asyncoperation:
      - https://management.azure.com/subscriptions/00000000-0000-0000-0000-000000000000/providers/Microsoft.Compute/locations/westus/DiskOperations/19c3dbb2-551e-4fa1-b59d-ae0889d97a8f?p=42128af7-4c72-4222-9761-fb0d8e6cebdc&api-version=2022-03-02
      cache-control:
      - no-cache
      content-length:
      - '753'
      content-type:
      - application/json; charset=utf-8
      date:
      - Wed, 15 Mar 2023 09:25:39 GMT
      expires:
      - '-1'
      location:
      - https://management.azure.com/subscriptions/00000000-0000-0000-0000-000000000000/providers/Microsoft.Compute/locations/westus/DiskOperations/19c3dbb2-551e-4fa1-b59d-ae0889d97a8f?p=42128af7-4c72-4222-9761-fb0d8e6cebdc&monitor=true&api-version=2022-03-02
      pragma:
      - no-cache
      server:
      - Microsoft-HTTPAPI/2.0
      - Microsoft-HTTPAPI/2.0
      strict-transport-security:
      - max-age=31536000; includeSubDomains
      x-content-type-options:
      - nosniff
      x-ms-ratelimit-remaining-resource:
      - Microsoft.Compute/HighCostSnapshotCreateHydrate3Min;998,Microsoft.Compute/HighCostSnapshotCreateHydrate30Min;7997
      x-ms-ratelimit-remaining-subscription-writes:
      - '1195'
    status:
      code: 202
      message: Accepted
- request:
    body: null
    headers:
      Accept:
      - '*/*'
      Accept-Encoding:
      - gzip, deflate
      CommandName:
      - snapshot update
      Connection:
      - keep-alive
      ParameterSetName:
      - --accelerated-network -n -g
      User-Agent:
      - AZURECLI/2.46.0 azsdk-python-azure-mgmt-compute/29.1.0 Python/3.10.9 (Windows-10-10.0.22621-SP0)
    method: GET
    uri: https://management.azure.com/subscriptions/00000000-0000-0000-0000-000000000000/providers/Microsoft.Compute/locations/westus/DiskOperations/19c3dbb2-551e-4fa1-b59d-ae0889d97a8f?p=42128af7-4c72-4222-9761-fb0d8e6cebdc&api-version=2022-03-02
  response:
    body:
      string: "{\r\n  \"startTime\": \"2023-03-15T09:25:39.7203127+00:00\",\r\n  \"\
        endTime\": \"2023-03-15T09:25:39.8609228+00:00\",\r\n  \"status\": \"Succeeded\"\
        ,\r\n  \"properties\": {\r\n    \"output\": {\r\n  \"name\": \"snapshot1\"\
        ,\r\n  \"id\": \"/subscriptions/00000000-0000-0000-0000-000000000000/resourceGroups/cli_test_accelerated_network000001/providers/Microsoft.Compute/snapshots/snapshot1\"\
        ,\r\n  \"type\": \"Microsoft.Compute/snapshots\",\r\n  \"location\": \"westus\"\
        ,\r\n  \"tags\": {},\r\n  \"sku\": {\r\n    \"name\": \"Standard_LRS\",\r\n\
        \    \"tier\": \"Standard\"\r\n  },\r\n  \"properties\": {\r\n    \"hyperVGeneration\"\
        : \"V1\",\r\n    \"supportedCapabilities\": {\r\n      \"acceleratedNetwork\"\
        : false\r\n    },\r\n    \"creationData\": {\r\n      \"createOption\": \"\
        Empty\"\r\n    },\r\n    \"diskSizeGB\": 5,\r\n    \"encryption\": {\r\n \
        \     \"type\": \"EncryptionAtRestWithPlatformKey\"\r\n    },\r\n    \"incremental\"\
        : false,\r\n    \"networkAccessPolicy\": \"AllowAll\",\r\n    \"publicNetworkAccess\"\
        : \"Enabled\",\r\n    \"timeCreated\": \"2023-03-15T09:25:33.2826157+00:00\"\
        ,\r\n    \"provisioningState\": \"Succeeded\",\r\n    \"diskState\": \"Unattached\"\
        ,\r\n    \"diskSizeBytes\": 5368709120,\r\n    \"uniqueId\": \"cb13d3b0-de18-4dc6-a49d-ffda256072dc\"\
        \r\n  }\r\n}\r\n  },\r\n  \"name\": \"19c3dbb2-551e-4fa1-b59d-ae0889d97a8f\"\
        \r\n}"
    headers:
      cache-control:
      - no-cache
      content-length:
      - '1184'
      content-type:
      - application/json; charset=utf-8
      date:
      - Wed, 15 Mar 2023 09:25:41 GMT
      expires:
      - '-1'
      pragma:
      - no-cache
      server:
      - Microsoft-HTTPAPI/2.0
      - Microsoft-HTTPAPI/2.0
      strict-transport-security:
      - max-age=31536000; includeSubDomains
      transfer-encoding:
      - chunked
      vary:
      - Accept-Encoding
      x-content-type-options:
      - nosniff
      x-ms-ratelimit-remaining-resource:
      - Microsoft.Compute/GetOperation3Min;49983,Microsoft.Compute/GetOperation30Min;399909
    status:
      code: 200
      message: OK
- request:
    body: null
    headers:
      Accept:
      - '*/*'
      Accept-Encoding:
      - gzip, deflate
      CommandName:
      - snapshot update
      Connection:
      - keep-alive
      ParameterSetName:
      - --accelerated-network -n -g
      User-Agent:
      - AZURECLI/2.46.0 azsdk-python-azure-mgmt-compute/29.1.0 Python/3.10.9 (Windows-10-10.0.22621-SP0)
    method: GET
    uri: https://management.azure.com/subscriptions/00000000-0000-0000-0000-000000000000/resourceGroups/cli_test_accelerated_network000001/providers/Microsoft.Compute/snapshots/snapshot1?api-version=2022-03-02
  response:
    body:
      string: "{\r\n  \"name\": \"snapshot1\",\r\n  \"id\": \"/subscriptions/00000000-0000-0000-0000-000000000000/resourceGroups/cli_test_accelerated_network000001/providers/Microsoft.Compute/snapshots/snapshot1\"\
        ,\r\n  \"type\": \"Microsoft.Compute/snapshots\",\r\n  \"location\": \"westus\"\
        ,\r\n  \"tags\": {},\r\n  \"sku\": {\r\n    \"name\": \"Standard_LRS\",\r\n\
        \    \"tier\": \"Standard\"\r\n  },\r\n  \"properties\": {\r\n    \"hyperVGeneration\"\
        : \"V1\",\r\n    \"supportedCapabilities\": {\r\n      \"acceleratedNetwork\"\
        : false\r\n    },\r\n    \"creationData\": {\r\n      \"createOption\": \"\
        Empty\"\r\n    },\r\n    \"diskSizeGB\": 5,\r\n    \"encryption\": {\r\n \
        \     \"type\": \"EncryptionAtRestWithPlatformKey\"\r\n    },\r\n    \"incremental\"\
        : false,\r\n    \"networkAccessPolicy\": \"AllowAll\",\r\n    \"publicNetworkAccess\"\
        : \"Enabled\",\r\n    \"timeCreated\": \"2023-03-15T09:25:33.2826157+00:00\"\
        ,\r\n    \"provisioningState\": \"Succeeded\",\r\n    \"diskState\": \"Unattached\"\
        ,\r\n    \"diskSizeBytes\": 5368709120,\r\n    \"uniqueId\": \"cb13d3b0-de18-4dc6-a49d-ffda256072dc\"\
        \r\n  }\r\n}"
    headers:
      cache-control:
      - no-cache
      content-length:
      - '959'
      content-type:
      - application/json; charset=utf-8
      date:
      - Wed, 15 Mar 2023 09:25:41 GMT
      expires:
      - '-1'
      pragma:
      - no-cache
      server:
      - Microsoft-HTTPAPI/2.0
      - Microsoft-HTTPAPI/2.0
      strict-transport-security:
      - max-age=31536000; includeSubDomains
      transfer-encoding:
      - chunked
      vary:
      - Accept-Encoding
      x-content-type-options:
      - nosniff
      x-ms-ratelimit-remaining-resource:
      - Microsoft.Compute/LowCostGet3Min;14962,Microsoft.Compute/LowCostGet30Min;119870
    status:
      code: 200
      message: OK
- request:
    body: null
    headers:
      Accept:
      - application/json
      Accept-Encoding:
      - gzip, deflate
      CommandName:
      - snapshot show
      Connection:
      - keep-alive
      ParameterSetName:
      - -g -n
      User-Agent:
      - AZURECLI/2.46.0 azsdk-python-azure-mgmt-compute/29.1.0 Python/3.10.9 (Windows-10-10.0.22621-SP0)
    method: GET
    uri: https://management.azure.com/subscriptions/00000000-0000-0000-0000-000000000000/resourceGroups/cli_test_accelerated_network000001/providers/Microsoft.Compute/snapshots/snapshot1?api-version=2022-03-02
  response:
    body:
      string: "{\r\n  \"name\": \"snapshot1\",\r\n  \"id\": \"/subscriptions/00000000-0000-0000-0000-000000000000/resourceGroups/cli_test_accelerated_network000001/providers/Microsoft.Compute/snapshots/snapshot1\"\
        ,\r\n  \"type\": \"Microsoft.Compute/snapshots\",\r\n  \"location\": \"westus\"\
        ,\r\n  \"tags\": {},\r\n  \"sku\": {\r\n    \"name\": \"Standard_LRS\",\r\n\
        \    \"tier\": \"Standard\"\r\n  },\r\n  \"properties\": {\r\n    \"hyperVGeneration\"\
        : \"V1\",\r\n    \"supportedCapabilities\": {\r\n      \"acceleratedNetwork\"\
        : false\r\n    },\r\n    \"creationData\": {\r\n      \"createOption\": \"\
        Empty\"\r\n    },\r\n    \"diskSizeGB\": 5,\r\n    \"encryption\": {\r\n \
        \     \"type\": \"EncryptionAtRestWithPlatformKey\"\r\n    },\r\n    \"incremental\"\
        : false,\r\n    \"networkAccessPolicy\": \"AllowAll\",\r\n    \"publicNetworkAccess\"\
        : \"Enabled\",\r\n    \"timeCreated\": \"2023-03-15T09:25:33.2826157+00:00\"\
        ,\r\n    \"provisioningState\": \"Succeeded\",\r\n    \"diskState\": \"Unattached\"\
        ,\r\n    \"diskSizeBytes\": 5368709120,\r\n    \"uniqueId\": \"cb13d3b0-de18-4dc6-a49d-ffda256072dc\"\
        \r\n  }\r\n}"
    headers:
      cache-control:
      - no-cache
      content-length:
      - '959'
      content-type:
      - application/json; charset=utf-8
      date:
      - Wed, 15 Mar 2023 09:25:43 GMT
      expires:
      - '-1'
      pragma:
      - no-cache
      server:
      - Microsoft-HTTPAPI/2.0
      - Microsoft-HTTPAPI/2.0
      strict-transport-security:
      - max-age=31536000; includeSubDomains
      transfer-encoding:
      - chunked
      vary:
      - Accept-Encoding
      x-content-type-options:
      - nosniff
      x-ms-ratelimit-remaining-resource:
      - Microsoft.Compute/LowCostGet3Min;14959,Microsoft.Compute/LowCostGet30Min;119867
    status:
      code: 200
      message: OK
- request:
    body: null
    headers:
      Accept:
      - application/json
      Accept-Encoding:
      - gzip, deflate
      CommandName:
      - snapshot create
      Connection:
      - keep-alive
      ParameterSetName:
      - --size-gb -n -g
      User-Agent:
      - AZURECLI/2.46.0 azsdk-python-azure-mgmt-resource/22.0.0 Python/3.10.9 (Windows-10-10.0.22621-SP0)
    method: GET
    uri: https://management.azure.com/subscriptions/00000000-0000-0000-0000-000000000000/resourcegroups/cli_test_accelerated_network000001?api-version=2022-09-01
  response:
    body:
      string: '{"id":"/subscriptions/00000000-0000-0000-0000-000000000000/resourceGroups/cli_test_accelerated_network000001","name":"cli_test_accelerated_network000001","type":"Microsoft.Resources/resourceGroups","location":"westus","tags":{"product":"azurecli","cause":"automation","date":"2023-03-15T09:24:52Z","StorageType":"Standard_LRS","type":"test"},"properties":{"provisioningState":"Succeeded"}}'
    headers:
      cache-control:
      - no-cache
      content-length:
      - '389'
      content-type:
      - application/json; charset=utf-8
      date:
      - Wed, 15 Mar 2023 09:25:44 GMT
      expires:
      - '-1'
      pragma:
      - no-cache
      strict-transport-security:
      - max-age=31536000; includeSubDomains
      vary:
      - Accept-Encoding
      x-content-type-options:
      - nosniff
    status:
      code: 200
      message: OK
- request:
    body: '{"location": "westus", "tags": {}, "sku": {"name": "Standard_LRS"}, "properties":
      {"hyperVGeneration": "V1", "creationData": {"createOption": "Empty"}, "diskSizeGB":
      5}}'
    headers:
      Accept:
      - application/json
      Accept-Encoding:
      - gzip, deflate
      CommandName:
      - snapshot create
      Connection:
      - keep-alive
      Content-Length:
      - '169'
      Content-Type:
      - application/json
      ParameterSetName:
      - --size-gb -n -g
      User-Agent:
      - AZURECLI/2.46.0 azsdk-python-azure-mgmt-compute/29.1.0 Python/3.10.9 (Windows-10-10.0.22621-SP0)
    method: PUT
    uri: https://management.azure.com/subscriptions/00000000-0000-0000-0000-000000000000/resourceGroups/cli_test_accelerated_network000001/providers/Microsoft.Compute/snapshots/snapshot2?api-version=2022-03-02
  response:
    body:
      string: "{\r\n  \"name\": \"snapshot2\",\r\n  \"id\": \"/subscriptions/00000000-0000-0000-0000-000000000000/resourceGroups/cli_test_accelerated_network000001/providers/Microsoft.Compute/snapshots/snapshot2\"\
        ,\r\n  \"type\": \"Microsoft.Compute/snapshots\",\r\n  \"location\": \"westus\"\
        ,\r\n  \"tags\": {},\r\n  \"sku\": {\r\n    \"name\": \"Standard_LRS\"\r\n\
        \  },\r\n  \"properties\": {\r\n    \"hyperVGeneration\": \"V1\",\r\n    \"\
        creationData\": {\r\n      \"createOption\": \"Empty\"\r\n    },\r\n    \"\
        diskSizeGB\": 5,\r\n    \"provisioningState\": \"Updating\"\r\n  }\r\n}"
    headers:
      azure-asyncoperation:
      - https://management.azure.com/subscriptions/00000000-0000-0000-0000-000000000000/providers/Microsoft.Compute/locations/westus/DiskOperations/cf92bfc1-60dd-42f7-99e0-f59e43e2bbce?p=42128af7-4c72-4222-9761-fb0d8e6cebdc&api-version=2022-03-02
      cache-control:
      - no-cache
      content-length:
      - '494'
      content-type:
      - application/json; charset=utf-8
      date:
      - Wed, 15 Mar 2023 09:25:47 GMT
      expires:
      - '-1'
      location:
      - https://management.azure.com/subscriptions/00000000-0000-0000-0000-000000000000/providers/Microsoft.Compute/locations/westus/DiskOperations/cf92bfc1-60dd-42f7-99e0-f59e43e2bbce?p=42128af7-4c72-4222-9761-fb0d8e6cebdc&monitor=true&api-version=2022-03-02
      pragma:
      - no-cache
      server:
      - Microsoft-HTTPAPI/2.0
      - Microsoft-HTTPAPI/2.0
      strict-transport-security:
      - max-age=31536000; includeSubDomains
      x-content-type-options:
      - nosniff
      x-ms-ratelimit-remaining-resource:
      - Microsoft.Compute/HighCostSnapshotCreateHydrate3Min;997,Microsoft.Compute/HighCostSnapshotCreateHydrate30Min;7996
      x-ms-ratelimit-remaining-subscription-writes:
      - '1191'
    status:
      code: 202
      message: Accepted
- request:
    body: null
    headers:
      Accept:
      - '*/*'
      Accept-Encoding:
      - gzip, deflate
      CommandName:
      - snapshot create
      Connection:
      - keep-alive
      ParameterSetName:
      - --size-gb -n -g
      User-Agent:
      - AZURECLI/2.46.0 azsdk-python-azure-mgmt-compute/29.1.0 Python/3.10.9 (Windows-10-10.0.22621-SP0)
    method: GET
    uri: https://management.azure.com/subscriptions/00000000-0000-0000-0000-000000000000/providers/Microsoft.Compute/locations/westus/DiskOperations/cf92bfc1-60dd-42f7-99e0-f59e43e2bbce?p=42128af7-4c72-4222-9761-fb0d8e6cebdc&api-version=2022-03-02
  response:
    body:
      string: "{\r\n  \"startTime\": \"2023-03-15T09:25:47.6112088+00:00\",\r\n  \"\
        endTime\": \"2023-03-15T09:25:47.8299622+00:00\",\r\n  \"status\": \"Succeeded\"\
        ,\r\n  \"properties\": {\r\n    \"output\": {\r\n  \"name\": \"snapshot2\"\
        ,\r\n  \"id\": \"/subscriptions/00000000-0000-0000-0000-000000000000/resourceGroups/cli_test_accelerated_network000001/providers/Microsoft.Compute/snapshots/snapshot2\"\
        ,\r\n  \"type\": \"Microsoft.Compute/snapshots\",\r\n  \"location\": \"westus\"\
        ,\r\n  \"tags\": {},\r\n  \"sku\": {\r\n    \"name\": \"Standard_LRS\",\r\n\
        \    \"tier\": \"Standard\"\r\n  },\r\n  \"properties\": {\r\n    \"hyperVGeneration\"\
        : \"V1\",\r\n    \"creationData\": {\r\n      \"createOption\": \"Empty\"\r\
        \n    },\r\n    \"diskSizeGB\": 5,\r\n    \"encryption\": {\r\n      \"type\"\
        : \"EncryptionAtRestWithPlatformKey\"\r\n    },\r\n    \"incremental\": false,\r\
        \n    \"networkAccessPolicy\": \"AllowAll\",\r\n    \"publicNetworkAccess\"\
        : \"Enabled\",\r\n    \"timeCreated\": \"2023-03-15T09:25:47.6112088+00:00\"\
        ,\r\n    \"provisioningState\": \"Succeeded\",\r\n    \"diskState\": \"Unattached\"\
        ,\r\n    \"diskSizeBytes\": 5368709120,\r\n    \"uniqueId\": \"835854a6-a2eb-4058-a169-9d3f631ef952\"\
        \r\n  }\r\n}\r\n  },\r\n  \"name\": \"cf92bfc1-60dd-42f7-99e0-f59e43e2bbce\"\
        \r\n}"
    headers:
      cache-control:
      - no-cache
      content-length:
      - '1109'
      content-type:
      - application/json; charset=utf-8
      date:
      - Wed, 15 Mar 2023 09:25:49 GMT
      expires:
      - '-1'
      pragma:
      - no-cache
      server:
      - Microsoft-HTTPAPI/2.0
      - Microsoft-HTTPAPI/2.0
      strict-transport-security:
      - max-age=31536000; includeSubDomains
      transfer-encoding:
      - chunked
      vary:
      - Accept-Encoding
      x-content-type-options:
      - nosniff
      x-ms-ratelimit-remaining-resource:
      - Microsoft.Compute/GetOperation3Min;49981,Microsoft.Compute/GetOperation30Min;399907
    status:
      code: 200
      message: OK
- request:
    body: null
    headers:
      Accept:
      - '*/*'
      Accept-Encoding:
      - gzip, deflate
      CommandName:
      - snapshot create
      Connection:
      - keep-alive
      ParameterSetName:
      - --size-gb -n -g
      User-Agent:
      - AZURECLI/2.46.0 azsdk-python-azure-mgmt-compute/29.1.0 Python/3.10.9 (Windows-10-10.0.22621-SP0)
    method: GET
    uri: https://management.azure.com/subscriptions/00000000-0000-0000-0000-000000000000/resourceGroups/cli_test_accelerated_network000001/providers/Microsoft.Compute/snapshots/snapshot2?api-version=2022-03-02
  response:
    body:
      string: "{\r\n  \"name\": \"snapshot2\",\r\n  \"id\": \"/subscriptions/00000000-0000-0000-0000-000000000000/resourceGroups/cli_test_accelerated_network000001/providers/Microsoft.Compute/snapshots/snapshot2\"\
        ,\r\n  \"type\": \"Microsoft.Compute/snapshots\",\r\n  \"location\": \"westus\"\
        ,\r\n  \"tags\": {},\r\n  \"sku\": {\r\n    \"name\": \"Standard_LRS\",\r\n\
        \    \"tier\": \"Standard\"\r\n  },\r\n  \"properties\": {\r\n    \"hyperVGeneration\"\
        : \"V1\",\r\n    \"creationData\": {\r\n      \"createOption\": \"Empty\"\r\
        \n    },\r\n    \"diskSizeGB\": 5,\r\n    \"encryption\": {\r\n      \"type\"\
        : \"EncryptionAtRestWithPlatformKey\"\r\n    },\r\n    \"incremental\": false,\r\
        \n    \"networkAccessPolicy\": \"AllowAll\",\r\n    \"publicNetworkAccess\"\
        : \"Enabled\",\r\n    \"timeCreated\": \"2023-03-15T09:25:47.6112088+00:00\"\
        ,\r\n    \"provisioningState\": \"Succeeded\",\r\n    \"diskState\": \"Unattached\"\
        ,\r\n    \"diskSizeBytes\": 5368709120,\r\n    \"uniqueId\": \"835854a6-a2eb-4058-a169-9d3f631ef952\"\
        \r\n  }\r\n}"
    headers:
      cache-control:
      - no-cache
      content-length:
      - '884'
      content-type:
      - application/json; charset=utf-8
      date:
      - Wed, 15 Mar 2023 09:25:49 GMT
      expires:
      - '-1'
      pragma:
      - no-cache
      server:
      - Microsoft-HTTPAPI/2.0
      - Microsoft-HTTPAPI/2.0
      strict-transport-security:
      - max-age=31536000; includeSubDomains
      transfer-encoding:
      - chunked
      vary:
      - Accept-Encoding
      x-content-type-options:
      - nosniff
      x-ms-ratelimit-remaining-resource:
      - Microsoft.Compute/LowCostGet3Min;14956,Microsoft.Compute/LowCostGet30Min;119864
    status:
      code: 200
      message: OK
- request:
    body: null
    headers:
      Accept:
      - application/json
      Accept-Encoding:
      - gzip, deflate
      CommandName:
      - snapshot show
      Connection:
      - keep-alive
      ParameterSetName:
      - -g -n
      User-Agent:
      - AZURECLI/2.46.0 azsdk-python-azure-mgmt-compute/29.1.0 Python/3.10.9 (Windows-10-10.0.22621-SP0)
    method: GET
    uri: https://management.azure.com/subscriptions/00000000-0000-0000-0000-000000000000/resourceGroups/cli_test_accelerated_network000001/providers/Microsoft.Compute/snapshots/snapshot2?api-version=2022-03-02
  response:
    body:
      string: "{\r\n  \"name\": \"snapshot2\",\r\n  \"id\": \"/subscriptions/00000000-0000-0000-0000-000000000000/resourceGroups/cli_test_accelerated_network000001/providers/Microsoft.Compute/snapshots/snapshot2\"\
        ,\r\n  \"type\": \"Microsoft.Compute/snapshots\",\r\n  \"location\": \"westus\"\
        ,\r\n  \"tags\": {},\r\n  \"sku\": {\r\n    \"name\": \"Standard_LRS\",\r\n\
        \    \"tier\": \"Standard\"\r\n  },\r\n  \"properties\": {\r\n    \"hyperVGeneration\"\
        : \"V1\",\r\n    \"creationData\": {\r\n      \"createOption\": \"Empty\"\r\
        \n    },\r\n    \"diskSizeGB\": 5,\r\n    \"encryption\": {\r\n      \"type\"\
        : \"EncryptionAtRestWithPlatformKey\"\r\n    },\r\n    \"incremental\": false,\r\
        \n    \"networkAccessPolicy\": \"AllowAll\",\r\n    \"publicNetworkAccess\"\
        : \"Enabled\",\r\n    \"timeCreated\": \"2023-03-15T09:25:47.6112088+00:00\"\
        ,\r\n    \"provisioningState\": \"Succeeded\",\r\n    \"diskState\": \"Unattached\"\
        ,\r\n    \"diskSizeBytes\": 5368709120,\r\n    \"uniqueId\": \"835854a6-a2eb-4058-a169-9d3f631ef952\"\
        \r\n  }\r\n}"
    headers:
      cache-control:
      - no-cache
      content-length:
      - '884'
      content-type:
      - application/json; charset=utf-8
      date:
      - Wed, 15 Mar 2023 09:25:52 GMT
      expires:
      - '-1'
      pragma:
      - no-cache
      server:
      - Microsoft-HTTPAPI/2.0
      - Microsoft-HTTPAPI/2.0
      strict-transport-security:
      - max-age=31536000; includeSubDomains
      transfer-encoding:
      - chunked
      vary:
      - Accept-Encoding
      x-content-type-options:
      - nosniff
      x-ms-ratelimit-remaining-resource:
      - Microsoft.Compute/LowCostGet3Min;14955,Microsoft.Compute/LowCostGet30Min;119863
    status:
      code: 200
      message: OK
- request:
    body: null
    headers:
      Accept:
      - application/json
      Accept-Encoding:
      - gzip, deflate
      CommandName:
      - snapshot update
      Connection:
      - keep-alive
      ParameterSetName:
      - --accelerated-network -n -g
      User-Agent:
      - AZURECLI/2.46.0 azsdk-python-azure-mgmt-compute/29.1.0 Python/3.10.9 (Windows-10-10.0.22621-SP0)
    method: GET
    uri: https://management.azure.com/subscriptions/00000000-0000-0000-0000-000000000000/resourceGroups/cli_test_accelerated_network000001/providers/Microsoft.Compute/snapshots/snapshot2?api-version=2022-03-02
  response:
    body:
      string: "{\r\n  \"name\": \"snapshot2\",\r\n  \"id\": \"/subscriptions/00000000-0000-0000-0000-000000000000/resourceGroups/cli_test_accelerated_network000001/providers/Microsoft.Compute/snapshots/snapshot2\"\
        ,\r\n  \"type\": \"Microsoft.Compute/snapshots\",\r\n  \"location\": \"westus\"\
        ,\r\n  \"tags\": {},\r\n  \"sku\": {\r\n    \"name\": \"Standard_LRS\",\r\n\
        \    \"tier\": \"Standard\"\r\n  },\r\n  \"properties\": {\r\n    \"hyperVGeneration\"\
        : \"V1\",\r\n    \"creationData\": {\r\n      \"createOption\": \"Empty\"\r\
        \n    },\r\n    \"diskSizeGB\": 5,\r\n    \"encryption\": {\r\n      \"type\"\
        : \"EncryptionAtRestWithPlatformKey\"\r\n    },\r\n    \"incremental\": false,\r\
        \n    \"networkAccessPolicy\": \"AllowAll\",\r\n    \"publicNetworkAccess\"\
        : \"Enabled\",\r\n    \"timeCreated\": \"2023-03-15T09:25:47.6112088+00:00\"\
        ,\r\n    \"provisioningState\": \"Succeeded\",\r\n    \"diskState\": \"Unattached\"\
        ,\r\n    \"diskSizeBytes\": 5368709120,\r\n    \"uniqueId\": \"835854a6-a2eb-4058-a169-9d3f631ef952\"\
        \r\n  }\r\n}"
    headers:
      cache-control:
      - no-cache
      content-length:
      - '884'
      content-type:
      - application/json; charset=utf-8
      date:
      - Wed, 15 Mar 2023 09:25:54 GMT
      expires:
      - '-1'
      pragma:
      - no-cache
      server:
      - Microsoft-HTTPAPI/2.0
      - Microsoft-HTTPAPI/2.0
      strict-transport-security:
      - max-age=31536000; includeSubDomains
      transfer-encoding:
      - chunked
      vary:
      - Accept-Encoding
      x-content-type-options:
      - nosniff
      x-ms-ratelimit-remaining-resource:
      - Microsoft.Compute/LowCostGet3Min;14954,Microsoft.Compute/LowCostGet30Min;119862
    status:
      code: 200
      message: OK
- request:
    body: '{"location": "westus", "tags": {}, "sku": {"name": "Standard_LRS"}, "properties":
      {"hyperVGeneration": "V1", "supportedCapabilities": {"acceleratedNetwork": true},
      "creationData": {"createOption": "Empty"}, "diskSizeGB": 5, "incremental": false,
      "encryption": {"type": "EncryptionAtRestWithPlatformKey"}, "networkAccessPolicy":
      "AllowAll", "publicNetworkAccess": "Enabled"}}'
    headers:
      Accept:
      - application/json
      Accept-Encoding:
      - gzip, deflate
      CommandName:
      - snapshot update
      Connection:
      - keep-alive
      Content-Length:
      - '374'
      Content-Type:
      - application/json
      ParameterSetName:
      - --accelerated-network -n -g
      User-Agent:
      - AZURECLI/2.46.0 azsdk-python-azure-mgmt-compute/29.1.0 Python/3.10.9 (Windows-10-10.0.22621-SP0)
    method: PUT
    uri: https://management.azure.com/subscriptions/00000000-0000-0000-0000-000000000000/resourceGroups/cli_test_accelerated_network000001/providers/Microsoft.Compute/snapshots/snapshot2?api-version=2022-03-02
  response:
    body:
      string: "{\r\n  \"name\": \"snapshot2\",\r\n  \"id\": \"/subscriptions/00000000-0000-0000-0000-000000000000/resourceGroups/cli_test_accelerated_network000001/providers/Microsoft.Compute/snapshots/snapshot2\"\
        ,\r\n  \"type\": \"Microsoft.Compute/snapshots\",\r\n  \"location\": \"westus\"\
        ,\r\n  \"tags\": {},\r\n  \"sku\": {\r\n    \"name\": \"Standard_LRS\"\r\n\
        \  },\r\n  \"properties\": {\r\n    \"hyperVGeneration\": \"V1\",\r\n    \"\
        supportedCapabilities\": {\r\n      \"acceleratedNetwork\": true\r\n    },\r\
        \n    \"creationData\": {\r\n      \"createOption\": \"Empty\"\r\n    },\r\
        \n    \"diskSizeGB\": 5,\r\n    \"encryption\": {\r\n      \"type\": \"EncryptionAtRestWithPlatformKey\"\
        \r\n    },\r\n    \"incremental\": false,\r\n    \"networkAccessPolicy\":\
        \ \"AllowAll\",\r\n    \"publicNetworkAccess\": \"Enabled\",\r\n    \"provisioningState\"\
        : \"Updating\"\r\n  }\r\n}"
    headers:
      azure-asyncoperation:
      - https://management.azure.com/subscriptions/00000000-0000-0000-0000-000000000000/providers/Microsoft.Compute/locations/westus/DiskOperations/74acfa80-b005-4724-b5ab-51bd946fc769?p=42128af7-4c72-4222-9761-fb0d8e6cebdc&api-version=2022-03-02
      cache-control:
      - no-cache
      content-length:
      - '752'
      content-type:
      - application/json; charset=utf-8
      date:
      - Wed, 15 Mar 2023 09:25:55 GMT
      expires:
      - '-1'
      location:
      - https://management.azure.com/subscriptions/00000000-0000-0000-0000-000000000000/providers/Microsoft.Compute/locations/westus/DiskOperations/74acfa80-b005-4724-b5ab-51bd946fc769?p=42128af7-4c72-4222-9761-fb0d8e6cebdc&monitor=true&api-version=2022-03-02
      pragma:
      - no-cache
      server:
      - Microsoft-HTTPAPI/2.0
      - Microsoft-HTTPAPI/2.0
      strict-transport-security:
      - max-age=31536000; includeSubDomains
      x-content-type-options:
      - nosniff
      x-ms-ratelimit-remaining-resource:
      - Microsoft.Compute/HighCostSnapshotCreateHydrate3Min;996,Microsoft.Compute/HighCostSnapshotCreateHydrate30Min;7995
      x-ms-ratelimit-remaining-subscription-writes:
      - '1198'
    status:
      code: 202
      message: Accepted
- request:
    body: null
    headers:
      Accept:
      - '*/*'
      Accept-Encoding:
      - gzip, deflate
      CommandName:
      - snapshot update
      Connection:
      - keep-alive
      ParameterSetName:
      - --accelerated-network -n -g
      User-Agent:
      - AZURECLI/2.46.0 azsdk-python-azure-mgmt-compute/29.1.0 Python/3.10.9 (Windows-10-10.0.22621-SP0)
    method: GET
    uri: https://management.azure.com/subscriptions/00000000-0000-0000-0000-000000000000/providers/Microsoft.Compute/locations/westus/DiskOperations/74acfa80-b005-4724-b5ab-51bd946fc769?p=42128af7-4c72-4222-9761-fb0d8e6cebdc&api-version=2022-03-02
  response:
    body:
      string: "{\r\n  \"startTime\": \"2023-03-15T09:25:55.486457+00:00\",\r\n  \"\
        endTime\": \"2023-03-15T09:25:55.6114809+00:00\",\r\n  \"status\": \"Succeeded\"\
        ,\r\n  \"properties\": {\r\n    \"output\": {\r\n  \"name\": \"snapshot2\"\
        ,\r\n  \"id\": \"/subscriptions/00000000-0000-0000-0000-000000000000/resourceGroups/cli_test_accelerated_network000001/providers/Microsoft.Compute/snapshots/snapshot2\"\
        ,\r\n  \"type\": \"Microsoft.Compute/snapshots\",\r\n  \"location\": \"westus\"\
        ,\r\n  \"tags\": {},\r\n  \"sku\": {\r\n    \"name\": \"Standard_LRS\",\r\n\
        \    \"tier\": \"Standard\"\r\n  },\r\n  \"properties\": {\r\n    \"hyperVGeneration\"\
        : \"V1\",\r\n    \"supportedCapabilities\": {\r\n      \"acceleratedNetwork\"\
        : true\r\n    },\r\n    \"creationData\": {\r\n      \"createOption\": \"\
        Empty\"\r\n    },\r\n    \"diskSizeGB\": 5,\r\n    \"encryption\": {\r\n \
        \     \"type\": \"EncryptionAtRestWithPlatformKey\"\r\n    },\r\n    \"incremental\"\
        : false,\r\n    \"networkAccessPolicy\": \"AllowAll\",\r\n    \"publicNetworkAccess\"\
        : \"Enabled\",\r\n    \"timeCreated\": \"2023-03-15T09:25:47.6112088+00:00\"\
        ,\r\n    \"provisioningState\": \"Succeeded\",\r\n    \"diskState\": \"Unattached\"\
        ,\r\n    \"diskSizeBytes\": 5368709120,\r\n    \"uniqueId\": \"835854a6-a2eb-4058-a169-9d3f631ef952\"\
        \r\n  }\r\n}\r\n  },\r\n  \"name\": \"74acfa80-b005-4724-b5ab-51bd946fc769\"\
        \r\n}"
    headers:
      cache-control:
      - no-cache
      content-length:
      - '1182'
      content-type:
      - application/json; charset=utf-8
      date:
      - Wed, 15 Mar 2023 09:25:57 GMT
      expires:
      - '-1'
      pragma:
      - no-cache
      server:
      - Microsoft-HTTPAPI/2.0
      - Microsoft-HTTPAPI/2.0
      strict-transport-security:
      - max-age=31536000; includeSubDomains
      transfer-encoding:
      - chunked
      vary:
      - Accept-Encoding
      x-content-type-options:
      - nosniff
      x-ms-ratelimit-remaining-resource:
      - Microsoft.Compute/GetOperation3Min;49979,Microsoft.Compute/GetOperation30Min;399905
    status:
      code: 200
      message: OK
- request:
    body: null
    headers:
      Accept:
      - '*/*'
      Accept-Encoding:
      - gzip, deflate
      CommandName:
      - snapshot update
      Connection:
      - keep-alive
      ParameterSetName:
      - --accelerated-network -n -g
      User-Agent:
      - AZURECLI/2.46.0 azsdk-python-azure-mgmt-compute/29.1.0 Python/3.10.9 (Windows-10-10.0.22621-SP0)
    method: GET
    uri: https://management.azure.com/subscriptions/00000000-0000-0000-0000-000000000000/resourceGroups/cli_test_accelerated_network000001/providers/Microsoft.Compute/snapshots/snapshot2?api-version=2022-03-02
  response:
    body:
      string: "{\r\n  \"name\": \"snapshot2\",\r\n  \"id\": \"/subscriptions/00000000-0000-0000-0000-000000000000/resourceGroups/cli_test_accelerated_network000001/providers/Microsoft.Compute/snapshots/snapshot2\"\
        ,\r\n  \"type\": \"Microsoft.Compute/snapshots\",\r\n  \"location\": \"westus\"\
        ,\r\n  \"tags\": {},\r\n  \"sku\": {\r\n    \"name\": \"Standard_LRS\",\r\n\
        \    \"tier\": \"Standard\"\r\n  },\r\n  \"properties\": {\r\n    \"hyperVGeneration\"\
        : \"V1\",\r\n    \"supportedCapabilities\": {\r\n      \"acceleratedNetwork\"\
        : true\r\n    },\r\n    \"creationData\": {\r\n      \"createOption\": \"\
        Empty\"\r\n    },\r\n    \"diskSizeGB\": 5,\r\n    \"encryption\": {\r\n \
        \     \"type\": \"EncryptionAtRestWithPlatformKey\"\r\n    },\r\n    \"incremental\"\
        : false,\r\n    \"networkAccessPolicy\": \"AllowAll\",\r\n    \"publicNetworkAccess\"\
        : \"Enabled\",\r\n    \"timeCreated\": \"2023-03-15T09:25:47.6112088+00:00\"\
        ,\r\n    \"provisioningState\": \"Succeeded\",\r\n    \"diskState\": \"Unattached\"\
        ,\r\n    \"diskSizeBytes\": 5368709120,\r\n    \"uniqueId\": \"835854a6-a2eb-4058-a169-9d3f631ef952\"\
        \r\n  }\r\n}"
    headers:
      cache-control:
      - no-cache
      content-length:
      - '958'
      content-type:
      - application/json; charset=utf-8
      date:
      - Wed, 15 Mar 2023 09:25:57 GMT
      expires:
      - '-1'
      pragma:
      - no-cache
      server:
      - Microsoft-HTTPAPI/2.0
      - Microsoft-HTTPAPI/2.0
      strict-transport-security:
      - max-age=31536000; includeSubDomains
      transfer-encoding:
      - chunked
      vary:
      - Accept-Encoding
      x-content-type-options:
      - nosniff
      x-ms-ratelimit-remaining-resource:
      - Microsoft.Compute/LowCostGet3Min;14951,Microsoft.Compute/LowCostGet30Min;119859
    status:
      code: 200
      message: OK
- request:
    body: null
    headers:
      Accept:
      - application/json
      Accept-Encoding:
      - gzip, deflate
      CommandName:
      - snapshot show
      Connection:
      - keep-alive
      ParameterSetName:
      - -g -n
      User-Agent:
      - AZURECLI/2.46.0 azsdk-python-azure-mgmt-compute/29.1.0 Python/3.10.9 (Windows-10-10.0.22621-SP0)
    method: GET
    uri: https://management.azure.com/subscriptions/00000000-0000-0000-0000-000000000000/resourceGroups/cli_test_accelerated_network000001/providers/Microsoft.Compute/snapshots/snapshot2?api-version=2022-03-02
  response:
    body:
      string: "{\r\n  \"name\": \"snapshot2\",\r\n  \"id\": \"/subscriptions/00000000-0000-0000-0000-000000000000/resourceGroups/cli_test_accelerated_network000001/providers/Microsoft.Compute/snapshots/snapshot2\"\
        ,\r\n  \"type\": \"Microsoft.Compute/snapshots\",\r\n  \"location\": \"westus\"\
        ,\r\n  \"tags\": {},\r\n  \"sku\": {\r\n    \"name\": \"Standard_LRS\",\r\n\
        \    \"tier\": \"Standard\"\r\n  },\r\n  \"properties\": {\r\n    \"hyperVGeneration\"\
        : \"V1\",\r\n    \"supportedCapabilities\": {\r\n      \"acceleratedNetwork\"\
        : true\r\n    },\r\n    \"creationData\": {\r\n      \"createOption\": \"\
        Empty\"\r\n    },\r\n    \"diskSizeGB\": 5,\r\n    \"encryption\": {\r\n \
        \     \"type\": \"EncryptionAtRestWithPlatformKey\"\r\n    },\r\n    \"incremental\"\
        : false,\r\n    \"networkAccessPolicy\": \"AllowAll\",\r\n    \"publicNetworkAccess\"\
        : \"Enabled\",\r\n    \"timeCreated\": \"2023-03-15T09:25:47.6112088+00:00\"\
        ,\r\n    \"provisioningState\": \"Succeeded\",\r\n    \"diskState\": \"Unattached\"\
        ,\r\n    \"diskSizeBytes\": 5368709120,\r\n    \"uniqueId\": \"835854a6-a2eb-4058-a169-9d3f631ef952\"\
        \r\n  }\r\n}"
    headers:
      cache-control:
      - no-cache
      content-length:
      - '958'
      content-type:
      - application/json; charset=utf-8
      date:
      - Wed, 15 Mar 2023 09:25:58 GMT
      expires:
      - '-1'
      pragma:
      - no-cache
      server:
      - Microsoft-HTTPAPI/2.0
      - Microsoft-HTTPAPI/2.0
      strict-transport-security:
      - max-age=31536000; includeSubDomains
      transfer-encoding:
      - chunked
      vary:
      - Accept-Encoding
      x-content-type-options:
      - nosniff
      x-ms-ratelimit-remaining-resource:
      - Microsoft.Compute/LowCostGet3Min;14950,Microsoft.Compute/LowCostGet30Min;119858
    status:
      code: 200
      message: OK
version: 1
