interactions:
- request:
    body: null
    headers:
      Accept:
      - application/json
      Accept-Encoding:
      - gzip, deflate
      CommandName:
      - ppg create
      Connection:
      - keep-alive
      ParameterSetName:
      - -n -g --intent-vm-sizes --zone --tags
      User-Agent:
      - AZURECLI/2.53.0 azsdk-python-azure-mgmt-resource/23.1.0b2 Python/3.10.9 (Windows-10-10.0.22621-SP0)
    method: GET
    uri: https://management.azure.com/subscriptions/00000000-0000-0000-0000-000000000000/resourcegroups/cli_test_ppg_intent_vm_sizes_and_zone_000001?api-version=2022-09-01
  response:
    body:
      string: '{"id":"/subscriptions/00000000-0000-0000-0000-000000000000/resourceGroups/cli_test_ppg_intent_vm_sizes_and_zone_000001","name":"cli_test_ppg_intent_vm_sizes_and_zone_000001","type":"Microsoft.Resources/resourceGroups","location":"eastus2","tags":{"product":"azurecli","cause":"automation","test":"test_ppg_intent_vm_sizes_and_zone","date":"2023-10-13T08:02:08Z","module":"vm"},"properties":{"provisioningState":"Succeeded"}}'
    headers:
      cache-control:
      - no-cache
      content-length:
      - '424'
      content-type:
      - application/json; charset=utf-8
      date:
      - Fri, 13 Oct 2023 08:02:13 GMT
      expires:
      - '-1'
      pragma:
      - no-cache
      strict-transport-security:
      - max-age=31536000; includeSubDomains
      vary:
      - Accept-Encoding
      x-content-type-options:
      - nosniff
    status:
      code: 200
      message: OK
- request:
    body: '{"location": "eastus2", "tags": {"tag": "test"}, "zones": ["2"], "properties":
      {"intent": {"vmSizes": ["Standard_E64s_v4", "Standard_M416ms_v2"]}}}'
    headers:
      Accept:
      - application/json
      Accept-Encoding:
      - gzip, deflate
      CommandName:
      - ppg create
      Connection:
      - keep-alive
      Content-Length:
      - '147'
      Content-Type:
      - application/json
      ParameterSetName:
      - -n -g --intent-vm-sizes --zone --tags
      User-Agent:
      - AZURECLI/2.53.0 azsdk-python-azure-mgmt-compute/30.0.0 Python/3.10.9 (Windows-10-10.0.22621-SP0)
    method: PUT
    uri: https://management.azure.com/subscriptions/00000000-0000-0000-0000-000000000000/resourceGroups/cli_test_ppg_intent_vm_sizes_and_zone_000001/providers/Microsoft.Compute/proximityPlacementGroups/my_ppg_1?api-version=2022-11-01
  response:
    body:
      string: "{\r\n  \"name\": \"my_ppg_1\",\r\n  \"id\": \"/subscriptions/00000000-0000-0000-0000-000000000000/resourceGroups/cli_test_ppg_intent_vm_sizes_and_zone_000001/providers/Microsoft.Compute/proximityPlacementGroups/my_ppg_1\"\
        ,\r\n  \"type\": \"Microsoft.Compute/proximityPlacementGroups\",\r\n  \"location\"\
        : \"eastus2\",\r\n  \"tags\": {\r\n    \"tag\": \"test\"\r\n  },\r\n  \"properties\"\
        : {\r\n    \"proximityPlacementGroupType\": \"Standard\",\r\n    \"intent\"\
        : {\r\n      \"vmSizes\": [\r\n        \"Standard_E64s_v4\",\r\n        \"\
        Standard_M416ms_v2\"\r\n      ]\r\n    }\r\n  },\r\n  \"zones\": [\r\n   \
        \ \"2\"\r\n  ]\r\n}"
    headers:
      cache-control:
      - no-cache
      content-length:
      - '547'
      content-type:
      - application/json; charset=utf-8
      date:
      - Fri, 13 Oct 2023 08:02:19 GMT
      expires:
      - '-1'
      pragma:
      - no-cache
      server:
      - Microsoft-HTTPAPI/2.0
      - Microsoft-HTTPAPI/2.0
      strict-transport-security:
      - max-age=31536000; includeSubDomains
      x-content-type-options:
      - nosniff
      x-ms-ratelimit-remaining-resource:
      - Microsoft.Compute/PutDeletePPG3Min;99,Microsoft.Compute/PutDeletePPG30Min;499
      x-ms-ratelimit-remaining-subscription-writes:
      - '1199'
    status:
      code: 201
      message: Created
- request:
    body: null
    headers:
      Accept:
      - application/json
      Accept-Encoding:
      - gzip, deflate
      CommandName:
      - ppg create
      Connection:
      - keep-alive
      ParameterSetName:
      - -n -g --intent-vm-sizes
      User-Agent:
      - AZURECLI/2.53.0 azsdk-python-azure-mgmt-resource/23.1.0b2 Python/3.10.9 (Windows-10-10.0.22621-SP0)
    method: GET
    uri: https://management.azure.com/subscriptions/00000000-0000-0000-0000-000000000000/resourcegroups/cli_test_ppg_intent_vm_sizes_and_zone_000001?api-version=2022-09-01
  response:
    body:
      string: '{"id":"/subscriptions/00000000-0000-0000-0000-000000000000/resourceGroups/cli_test_ppg_intent_vm_sizes_and_zone_000001","name":"cli_test_ppg_intent_vm_sizes_and_zone_000001","type":"Microsoft.Resources/resourceGroups","location":"eastus2","tags":{"product":"azurecli","cause":"automation","test":"test_ppg_intent_vm_sizes_and_zone","date":"2023-10-13T08:02:08Z","module":"vm"},"properties":{"provisioningState":"Succeeded"}}'
    headers:
      cache-control:
      - no-cache
      content-length:
      - '424'
      content-type:
      - application/json; charset=utf-8
      date:
      - Fri, 13 Oct 2023 08:02:20 GMT
      expires:
      - '-1'
      pragma:
      - no-cache
      strict-transport-security:
      - max-age=31536000; includeSubDomains
      vary:
      - Accept-Encoding
      x-content-type-options:
      - nosniff
    status:
      code: 200
      message: OK
- request:
    body: '{"location": "eastus2", "tags": {}, "properties": {"intent": {"vmSizes":
      ["Standard_E64s_v4", "Standard_M416ms_v2"]}}}'
    headers:
      Accept:
      - application/json
      Accept-Encoding:
      - gzip, deflate
      CommandName:
      - ppg create
      Connection:
      - keep-alive
      Content-Length:
      - '118'
      Content-Type:
      - application/json
      ParameterSetName:
      - -n -g --intent-vm-sizes
      User-Agent:
      - AZURECLI/2.53.0 azsdk-python-azure-mgmt-compute/30.0.0 Python/3.10.9 (Windows-10-10.0.22621-SP0)
    method: PUT
    uri: https://management.azure.com/subscriptions/00000000-0000-0000-0000-000000000000/resourceGroups/cli_test_ppg_intent_vm_sizes_and_zone_000001/providers/Microsoft.Compute/proximityPlacementGroups/my_ppg_2?api-version=2022-11-01
  response:
    body:
      string: "{\r\n  \"name\": \"my_ppg_2\",\r\n  \"id\": \"/subscriptions/00000000-0000-0000-0000-000000000000/resourceGroups/cli_test_ppg_intent_vm_sizes_and_zone_000001/providers/Microsoft.Compute/proximityPlacementGroups/my_ppg_2\"\
        ,\r\n  \"type\": \"Microsoft.Compute/proximityPlacementGroups\",\r\n  \"location\"\
        : \"eastus2\",\r\n  \"tags\": {},\r\n  \"properties\": {\r\n    \"proximityPlacementGroupType\"\
        : \"Standard\",\r\n    \"intent\": {\r\n      \"vmSizes\": [\r\n        \"\
        Standard_E64s_v4\",\r\n        \"Standard_M416ms_v2\"\r\n      ]\r\n    }\r\
        \n  }\r\n}"
    headers:
      cache-control:
      - no-cache
      content-length:
      - '495'
      content-type:
      - application/json; charset=utf-8
      date:
      - Fri, 13 Oct 2023 08:02:25 GMT
      expires:
      - '-1'
      pragma:
      - no-cache
      server:
      - Microsoft-HTTPAPI/2.0
      - Microsoft-HTTPAPI/2.0
      strict-transport-security:
      - max-age=31536000; includeSubDomains
      x-content-type-options:
      - nosniff
      x-ms-ratelimit-remaining-resource:
      - Microsoft.Compute/PutDeletePPG3Min;98,Microsoft.Compute/PutDeletePPG30Min;498
      x-ms-ratelimit-remaining-subscription-writes:
      - '1198'
    status:
      code: 201
      message: Created
- request:
    body: null
    headers:
      Accept:
      - application/json
      Accept-Encoding:
      - gzip, deflate
      CommandName:
      - ppg update
      Connection:
      - keep-alive
      ParameterSetName:
      - -n -g --intent-vm-sizes
      User-Agent:
      - AZURECLI/2.53.0 azsdk-python-azure-mgmt-compute/30.0.0 Python/3.10.9 (Windows-10-10.0.22621-SP0)
    method: GET
    uri: https://management.azure.com/subscriptions/00000000-0000-0000-0000-000000000000/resourceGroups/cli_test_ppg_intent_vm_sizes_and_zone_000001/providers/Microsoft.Compute/proximityPlacementGroups/my_ppg_1?api-version=2022-11-01
  response:
    body:
      string: "{\r\n  \"name\": \"my_ppg_1\",\r\n  \"id\": \"/subscriptions/00000000-0000-0000-0000-000000000000/resourceGroups/cli_test_ppg_intent_vm_sizes_and_zone_000001/providers/Microsoft.Compute/proximityPlacementGroups/my_ppg_1\"\
        ,\r\n  \"type\": \"Microsoft.Compute/proximityPlacementGroups\",\r\n  \"location\"\
        : \"eastus2\",\r\n  \"tags\": {\r\n    \"tag\": \"test\"\r\n  },\r\n  \"properties\"\
        : {\r\n    \"proximityPlacementGroupType\": \"Standard\",\r\n    \"intent\"\
        : {\r\n      \"vmSizes\": [\r\n        \"Standard_E64s_v4\",\r\n        \"\
        Standard_M416ms_v2\"\r\n      ]\r\n    },\r\n    \"virtualMachines\": [],\r\
        \n    \"virtualMachineScaleSets\": [],\r\n    \"availabilitySets\": []\r\n\
        \  },\r\n  \"zones\": [\r\n    \"2\"\r\n  ]\r\n}"
    headers:
      cache-control:
      - no-cache
      content-length:
      - '640'
      content-type:
      - application/json; charset=utf-8
      date:
      - Fri, 13 Oct 2023 08:02:27 GMT
      expires:
      - '-1'
      pragma:
      - no-cache
      server:
      - Microsoft-HTTPAPI/2.0
      - Microsoft-HTTPAPI/2.0
      strict-transport-security:
      - max-age=31536000; includeSubDomains
      transfer-encoding:
      - chunked
      vary:
      - Accept-Encoding
      x-content-type-options:
      - nosniff
      x-ms-ratelimit-remaining-resource:
      - Microsoft.Compute/HighCostGet3Min;139,Microsoft.Compute/HighCostGet30Min;699
    status:
      code: 200
      message: OK
- request:
    body: '{"location": "eastus2", "tags": {"tag": "test"}, "zones": ["2"], "properties":
      {"proximityPlacementGroupType": "Standard", "intent": {"vmSizes": ["Standard_E64s_v4"]}}}'
    headers:
      Accept:
      - application/json
      Accept-Encoding:
      - gzip, deflate
      CommandName:
      - ppg update
      Connection:
      - keep-alive
      Content-Length:
      - '168'
      Content-Type:
      - application/json
      ParameterSetName:
      - -n -g --intent-vm-sizes
      User-Agent:
      - AZURECLI/2.53.0 azsdk-python-azure-mgmt-compute/30.0.0 Python/3.10.9 (Windows-10-10.0.22621-SP0)
    method: PUT
    uri: https://management.azure.com/subscriptions/00000000-0000-0000-0000-000000000000/resourceGroups/cli_test_ppg_intent_vm_sizes_and_zone_000001/providers/Microsoft.Compute/proximityPlacementGroups/my_ppg_1?api-version=2022-11-01
  response:
    body:
      string: "{\r\n  \"name\": \"my_ppg_1\",\r\n  \"id\": \"/subscriptions/00000000-0000-0000-0000-000000000000/resourceGroups/cli_test_ppg_intent_vm_sizes_and_zone_000001/providers/Microsoft.Compute/proximityPlacementGroups/my_ppg_1\"\
        ,\r\n  \"type\": \"Microsoft.Compute/proximityPlacementGroups\",\r\n  \"location\"\
        : \"eastus2\",\r\n  \"tags\": {\r\n    \"tag\": \"test\"\r\n  },\r\n  \"properties\"\
        : {\r\n    \"proximityPlacementGroupType\": \"Standard\",\r\n    \"intent\"\
        : {\r\n      \"vmSizes\": [\r\n        \"Standard_E64s_v4\"\r\n      ]\r\n\
        \    }\r\n  },\r\n  \"zones\": [\r\n    \"2\"\r\n  ]\r\n}"
    headers:
      cache-control:
      - no-cache
      content-length:
      - '516'
      content-type:
      - application/json; charset=utf-8
      date:
      - Fri, 13 Oct 2023 08:02:34 GMT
      expires:
      - '-1'
      pragma:
      - no-cache
      server:
      - Microsoft-HTTPAPI/2.0
      - Microsoft-HTTPAPI/2.0
      strict-transport-security:
      - max-age=31536000; includeSubDomains
      transfer-encoding:
      - chunked
      vary:
      - Accept-Encoding
      x-content-type-options:
      - nosniff
      x-ms-ratelimit-remaining-resource:
      - Microsoft.Compute/PutDeletePPG3Min;97,Microsoft.Compute/PutDeletePPG30Min;497
      x-ms-ratelimit-remaining-subscription-writes:
      - '1197'
    status:
      code: 200
      message: OK
- request:
    body: null
    headers:
      Accept:
      - application/json
      Accept-Encoding:
      - gzip, deflate
      CommandName:
      - ppg show
      Connection:
      - keep-alive
      ParameterSetName:
      - -n -g
      User-Agent:
      - AZURECLI/2.53.0 (AAZ) azsdk-python-core/1.26.0 Python/3.10.9 (Windows-10-10.0.22621-SP0)
    method: GET
    uri: https://management.azure.com/subscriptions/00000000-0000-0000-0000-000000000000/resourceGroups/cli_test_ppg_intent_vm_sizes_and_zone_000001/providers/Microsoft.Compute/proximityPlacementGroups/my_ppg_1?api-version=2022-11-01
  response:
    body:
      string: "{\r\n  \"name\": \"my_ppg_1\",\r\n  \"id\": \"/subscriptions/00000000-0000-0000-0000-000000000000/resourceGroups/cli_test_ppg_intent_vm_sizes_and_zone_000001/providers/Microsoft.Compute/proximityPlacementGroups/my_ppg_1\"\
        ,\r\n  \"type\": \"Microsoft.Compute/proximityPlacementGroups\",\r\n  \"location\"\
        : \"eastus2\",\r\n  \"tags\": {\r\n    \"tag\": \"test\"\r\n  },\r\n  \"properties\"\
        : {\r\n    \"proximityPlacementGroupType\": \"Standard\",\r\n    \"intent\"\
        : {\r\n      \"vmSizes\": [\r\n        \"Standard_E64s_v4\"\r\n      ]\r\n\
        \    },\r\n    \"virtualMachines\": [],\r\n    \"virtualMachineScaleSets\"\
        : [],\r\n    \"availabilitySets\": []\r\n  },\r\n  \"zones\": [\r\n    \"\
        2\"\r\n  ]\r\n}"
    headers:
      cache-control:
      - no-cache
      content-length:
      - '609'
      content-type:
      - application/json; charset=utf-8
      date:
      - Fri, 13 Oct 2023 08:02:35 GMT
      expires:
      - '-1'
      pragma:
      - no-cache
      server:
      - Microsoft-HTTPAPI/2.0
      - Microsoft-HTTPAPI/2.0
      strict-transport-security:
      - max-age=31536000; includeSubDomains
      transfer-encoding:
      - chunked
      vary:
      - Accept-Encoding
      x-content-type-options:
      - nosniff
      x-ms-ratelimit-remaining-resource:
      - Microsoft.Compute/HighCostGet3Min;138,Microsoft.Compute/HighCostGet30Min;698
    status:
      code: 200
      message: OK
version: 1
