interactions:
- request:
    body: null
    headers:
      Accept:
      - application/json
      Accept-Encoding:
      - gzip, deflate
      CommandName:
      - vmss create
      Connection:
      - keep-alive
      ParameterSetName:
      - -g -n --image --automatic-repairs-grace-period --admin-username
      User-Agent:
      - AZURECLI/2.56.0 azsdk-python-azure-mgmt-resource/23.1.0b2 Python/3.9.5 (Windows-10-10.0.22631-SP0)
    method: GET
    uri: https://management.azure.com/subscriptions/00000000-0000-0000-0000-000000000000/resourcegroups/cli_test_vmss_create_automatic_repairs_with_health_probe_000001?api-version=2022-09-01
  response:
    body:
      string: '{"id":"/subscriptions/00000000-0000-0000-0000-000000000000/resourceGroups/cli_test_vmss_create_automatic_repairs_with_health_probe_000001","name":"cli_test_vmss_create_automatic_repairs_with_health_probe_000001","type":"Microsoft.Resources/resourceGroups","location":"westus","tags":{"product":"azurecli","cause":"automation","test":"test_vmss_create_automatic_repairs_with_health_probe","date":"2024-01-11T08:49:03Z","module":"vm"},"properties":{"provisioningState":"Succeeded"}}'
    headers:
      cache-control:
      - no-cache
      content-length:
      - '480'
      content-type:
      - application/json; charset=utf-8
      date:
      - Thu, 11 Jan 2024 08:49:11 GMT
      expires:
      - '-1'
      pragma:
      - no-cache
      strict-transport-security:
      - max-age=31536000; includeSubDomains
      vary:
      - Accept-Encoding
      x-content-type-options:
      - nosniff
    status:
      code: 200
      message: OK
- request:
    body: null
    headers:
      Accept:
      - application/json
      Accept-Encoding:
      - gzip, deflate
      CommandName:
      - vmss create
      Connection:
      - keep-alive
      ParameterSetName:
      - -g -n --image --automatic-repairs-grace-period --admin-username
      User-Agent:
      - AZURECLI/2.56.0 azsdk-python-azure-mgmt-compute/30.4.0 Python/3.9.5 (Windows-10-10.0.22631-SP0)
    method: GET
    uri: https://management.azure.com/subscriptions/00000000-0000-0000-0000-000000000000/providers/Microsoft.Compute/locations/westus/publishers/Canonical/artifacttypes/vmimage/offers/UbuntuServer/skus/18.04-LTS/versions?$top=1&$orderby=name%20desc&api-version=2023-09-01
  response:
    body:
      string: "[\r\n  {\r\n    \"location\": \"westus\",\r\n    \"name\": \"18.04.202306070\",\r\n
        \   \"id\": \"/Subscriptions/00000000-0000-0000-0000-000000000000/Providers/Microsoft.Compute/Locations/westus/Publishers/Canonical/ArtifactTypes/VMImage/Offers/UbuntuServer/Skus/18.04-LTS/Versions/18.04.202306070\"\r\n
        \ }\r\n]"
    headers:
      cache-control:
      - no-cache
      content-length:
      - '286'
      content-type:
      - application/json; charset=utf-8
      date:
      - Thu, 11 Jan 2024 08:49:13 GMT
      expires:
      - '-1'
      pragma:
      - no-cache
      server:
      - Microsoft-HTTPAPI/2.0
      - Microsoft-HTTPAPI/2.0
      strict-transport-security:
      - max-age=31536000; includeSubDomains
      transfer-encoding:
      - chunked
      vary:
      - Accept-Encoding
      x-content-type-options:
      - nosniff
      x-ms-ratelimit-remaining-resource:
      - Microsoft.Compute/ListVMImagesVersionsFromLocation3Min;15999,Microsoft.Compute/ListVMImagesVersionsFromLocation30Min;43999
    status:
      code: 200
      message: OK
- request:
    body: null
    headers:
      Accept:
      - application/json
      Accept-Encoding:
      - gzip, deflate
      CommandName:
      - vmss create
      Connection:
      - keep-alive
      ParameterSetName:
      - -g -n --image --automatic-repairs-grace-period --admin-username
      User-Agent:
      - AZURECLI/2.56.0 azsdk-python-azure-mgmt-compute/30.4.0 Python/3.9.5 (Windows-10-10.0.22631-SP0)
    method: GET
    uri: https://management.azure.com/subscriptions/00000000-0000-0000-0000-000000000000/providers/Microsoft.Compute/locations/westus/publishers/Canonical/artifacttypes/vmimage/offers/UbuntuServer/skus/18.04-LTS/versions/18.04.202306070?api-version=2023-09-01
  response:
    body:
      string: "{\r\n  \"properties\": {\r\n    \"hyperVGeneration\": \"V1\",\r\n    \"architecture\":
        \"x64\",\r\n    \"replicaType\": \"Unmanaged\",\r\n    \"disallowed\": {\r\n
        \     \"vmDiskType\": \"None\"\r\n    },\r\n    \"automaticOSUpgradeProperties\":
        {\r\n      \"automaticOSUpgradeSupported\": true\r\n    },\r\n    \"imageDeprecationStatus\":
        {\r\n      \"imageState\": \"Active\"\r\n    },\r\n    \"features\": [\r\n
        \     {\r\n        \"name\": \"IsAcceleratedNetworkSupported\",\r\n        \"value\":
        \"True\"\r\n      },\r\n      {\r\n        \"name\": \"DiskControllerTypes\",\r\n
        \       \"value\": \"SCSI, NVMe\"\r\n      },\r\n      {\r\n        \"name\":
        \"IsHibernateSupported\",\r\n        \"value\": \"True\"\r\n      }\r\n    ],\r\n
        \   \"osDiskImage\": {\r\n      \"operatingSystem\": \"Linux\",\r\n      \"sizeInBytes\":
        32213303808\r\n    },\r\n    \"dataDiskImages\": []\r\n  },\r\n  \"location\":
        \"westus\",\r\n  \"name\": \"18.04.202306070\",\r\n  \"id\": \"/Subscriptions/00000000-0000-0000-0000-000000000000/Providers/Microsoft.Compute/Locations/westus/Publishers/Canonical/ArtifactTypes/VMImage/Offers/UbuntuServer/Skus/18.04-LTS/Versions/18.04.202306070\"\r\n}"
    headers:
      cache-control:
      - no-cache
      content-length:
      - '1025'
      content-type:
      - application/json; charset=utf-8
      date:
      - Thu, 11 Jan 2024 08:49:13 GMT
      expires:
      - '-1'
      pragma:
      - no-cache
      server:
      - Microsoft-HTTPAPI/2.0
      - Microsoft-HTTPAPI/2.0
      strict-transport-security:
      - max-age=31536000; includeSubDomains
      transfer-encoding:
      - chunked
      vary:
      - Accept-Encoding
      x-content-type-options:
      - nosniff
      x-ms-ratelimit-remaining-resource:
      - Microsoft.Compute/GetVMImageFromLocation3Min;12999,Microsoft.Compute/GetVMImageFromLocation30Min;73999
    status:
      code: 200
      message: OK
- request:
    body: null
    headers:
      Accept:
      - application/json
      Accept-Encoding:
      - gzip, deflate
      CommandName:
      - vmss create
      Connection:
      - keep-alive
      ParameterSetName:
      - -g -n --image --automatic-repairs-grace-period --admin-username
      User-Agent:
      - AZURECLI/2.56.0 (AAZ) azsdk-python-core/1.28.0 Python/3.9.5 (Windows-10-10.0.22631-SP0)
    method: GET
    uri: https://management.azure.com/subscriptions/00000000-0000-0000-0000-000000000000/resourceGroups/cli_test_vmss_create_automatic_repairs_with_health_probe_000001/providers/Microsoft.Network/virtualNetworks?api-version=2022-01-01
  response:
    body:
      string: '{"value":[]}'
    headers:
      cache-control:
      - no-cache
      content-length:
      - '12'
      content-type:
      - application/json; charset=utf-8
      date:
      - Thu, 11 Jan 2024 08:49:15 GMT
      expires:
      - '-1'
      pragma:
      - no-cache
      strict-transport-security:
      - max-age=31536000; includeSubDomains
      vary:
      - Accept-Encoding
      x-content-type-options:
      - nosniff
    status:
      code: 200
      message: OK
- request:
    body: null
    headers:
      Accept:
      - application/json
      Accept-Encoding:
      - gzip, deflate
      CommandName:
      - vmss create
      Connection:
      - keep-alive
      ParameterSetName:
      - -g -n --image --load-balancer --automatic-repairs-grace-period --admin-username
      User-Agent:
      - AZURECLI/2.56.0 azsdk-python-azure-mgmt-resource/23.1.0b2 Python/3.9.5 (Windows-10-10.0.22631-SP0)
    method: GET
    uri: https://management.azure.com/subscriptions/00000000-0000-0000-0000-000000000000/resourcegroups/cli_test_vmss_create_automatic_repairs_with_health_probe_000001?api-version=2022-09-01
  response:
    body:
      string: '{"id":"/subscriptions/00000000-0000-0000-0000-000000000000/resourceGroups/cli_test_vmss_create_automatic_repairs_with_health_probe_000001","name":"cli_test_vmss_create_automatic_repairs_with_health_probe_000001","type":"Microsoft.Resources/resourceGroups","location":"westus","tags":{"product":"azurecli","cause":"automation","test":"test_vmss_create_automatic_repairs_with_health_probe","date":"2024-01-11T08:49:03Z","module":"vm"},"properties":{"provisioningState":"Succeeded"}}'
    headers:
      cache-control:
      - no-cache
      content-length:
      - '480'
      content-type:
      - application/json; charset=utf-8
      date:
      - Thu, 11 Jan 2024 08:49:15 GMT
      expires:
      - '-1'
      pragma:
      - no-cache
      strict-transport-security:
      - max-age=31536000; includeSubDomains
      vary:
      - Accept-Encoding
      x-content-type-options:
      - nosniff
    status:
      code: 200
      message: OK
- request:
    body: null
    headers:
      Accept:
      - application/json
      Accept-Encoding:
      - gzip, deflate
      CommandName:
      - vmss create
      Connection:
      - keep-alive
      ParameterSetName:
      - -g -n --image --load-balancer --automatic-repairs-grace-period --admin-username
      User-Agent:
      - AZURECLI/2.56.0 azsdk-python-azure-mgmt-compute/30.4.0 Python/3.9.5 (Windows-10-10.0.22631-SP0)
    method: GET
    uri: https://management.azure.com/subscriptions/00000000-0000-0000-0000-000000000000/providers/Microsoft.Compute/locations/westus/publishers/Canonical/artifacttypes/vmimage/offers/UbuntuServer/skus/18.04-LTS/versions?$top=1&$orderby=name%20desc&api-version=2023-09-01
  response:
    body:
      string: "[\r\n  {\r\n    \"location\": \"westus\",\r\n    \"name\": \"18.04.202306070\",\r\n
        \   \"id\": \"/Subscriptions/00000000-0000-0000-0000-000000000000/Providers/Microsoft.Compute/Locations/westus/Publishers/Canonical/ArtifactTypes/VMImage/Offers/UbuntuServer/Skus/18.04-LTS/Versions/18.04.202306070\"\r\n
        \ }\r\n]"
    headers:
      cache-control:
      - no-cache
      content-length:
      - '286'
      content-type:
      - application/json; charset=utf-8
      date:
      - Thu, 11 Jan 2024 08:49:16 GMT
      expires:
      - '-1'
      pragma:
      - no-cache
      server:
      - Microsoft-HTTPAPI/2.0
      - Microsoft-HTTPAPI/2.0
      strict-transport-security:
      - max-age=31536000; includeSubDomains
      transfer-encoding:
      - chunked
      vary:
      - Accept-Encoding
      x-content-type-options:
      - nosniff
      x-ms-ratelimit-remaining-resource:
      - Microsoft.Compute/ListVMImagesVersionsFromLocation3Min;15998,Microsoft.Compute/ListVMImagesVersionsFromLocation30Min;43998
    status:
      code: 200
      message: OK
- request:
    body: null
    headers:
      Accept:
      - application/json
      Accept-Encoding:
      - gzip, deflate
      CommandName:
      - vmss create
      Connection:
      - keep-alive
      ParameterSetName:
      - -g -n --image --load-balancer --automatic-repairs-grace-period --admin-username
      User-Agent:
      - AZURECLI/2.56.0 azsdk-python-azure-mgmt-compute/30.4.0 Python/3.9.5 (Windows-10-10.0.22631-SP0)
    method: GET
    uri: https://management.azure.com/subscriptions/00000000-0000-0000-0000-000000000000/providers/Microsoft.Compute/locations/westus/publishers/Canonical/artifacttypes/vmimage/offers/UbuntuServer/skus/18.04-LTS/versions/18.04.202306070?api-version=2023-09-01
  response:
    body:
      string: "{\r\n  \"properties\": {\r\n    \"hyperVGeneration\": \"V1\",\r\n    \"architecture\":
        \"x64\",\r\n    \"replicaType\": \"Unmanaged\",\r\n    \"disallowed\": {\r\n
        \     \"vmDiskType\": \"None\"\r\n    },\r\n    \"automaticOSUpgradeProperties\":
        {\r\n      \"automaticOSUpgradeSupported\": true\r\n    },\r\n    \"imageDeprecationStatus\":
        {\r\n      \"imageState\": \"Active\"\r\n    },\r\n    \"features\": [\r\n
        \     {\r\n        \"name\": \"IsAcceleratedNetworkSupported\",\r\n        \"value\":
        \"True\"\r\n      },\r\n      {\r\n        \"name\": \"DiskControllerTypes\",\r\n
        \       \"value\": \"SCSI, NVMe\"\r\n      },\r\n      {\r\n        \"name\":
        \"IsHibernateSupported\",\r\n        \"value\": \"True\"\r\n      }\r\n    ],\r\n
        \   \"osDiskImage\": {\r\n      \"operatingSystem\": \"Linux\",\r\n      \"sizeInBytes\":
        32213303808\r\n    },\r\n    \"dataDiskImages\": []\r\n  },\r\n  \"location\":
        \"westus\",\r\n  \"name\": \"18.04.202306070\",\r\n  \"id\": \"/Subscriptions/00000000-0000-0000-0000-000000000000/Providers/Microsoft.Compute/Locations/westus/Publishers/Canonical/ArtifactTypes/VMImage/Offers/UbuntuServer/Skus/18.04-LTS/Versions/18.04.202306070\"\r\n}"
    headers:
      cache-control:
      - no-cache
      content-length:
      - '1025'
      content-type:
      - application/json; charset=utf-8
      date:
      - Thu, 11 Jan 2024 08:49:18 GMT
      expires:
      - '-1'
      pragma:
      - no-cache
      server:
      - Microsoft-HTTPAPI/2.0
      - Microsoft-HTTPAPI/2.0
      strict-transport-security:
      - max-age=31536000; includeSubDomains
      transfer-encoding:
      - chunked
      vary:
      - Accept-Encoding
      x-content-type-options:
      - nosniff
      x-ms-ratelimit-remaining-resource:
      - Microsoft.Compute/GetVMImageFromLocation3Min;12998,Microsoft.Compute/GetVMImageFromLocation30Min;73998
    status:
      code: 200
      message: OK
- request:
    body: null
    headers:
      Accept:
      - application/json
      Accept-Encoding:
      - gzip, deflate
      CommandName:
      - vmss create
      Connection:
      - keep-alive
      ParameterSetName:
      - -g -n --image --load-balancer --automatic-repairs-grace-period --admin-username
      User-Agent:
      - AZURECLI/2.56.0 (AAZ) azsdk-python-core/1.28.0 Python/3.9.5 (Windows-10-10.0.22631-SP0)
    method: GET
    uri: https://management.azure.com/subscriptions/00000000-0000-0000-0000-000000000000/resourceGroups/cli_test_vmss_create_automatic_repairs_with_health_probe_000001/providers/Microsoft.Network/virtualNetworks?api-version=2022-01-01
  response:
    body:
      string: '{"value":[]}'
    headers:
      cache-control:
      - no-cache
      content-length:
      - '12'
      content-type:
      - application/json; charset=utf-8
      date:
      - Thu, 11 Jan 2024 08:49:19 GMT
      expires:
      - '-1'
      pragma:
      - no-cache
      strict-transport-security:
      - max-age=31536000; includeSubDomains
      vary:
      - Accept-Encoding
      x-content-type-options:
      - nosniff
    status:
      code: 200
      message: OK
- request:
    body: null
    headers:
      Accept:
      - application/json
      Accept-Encoding:
      - gzip, deflate
      CommandName:
      - vmss create
      Connection:
      - keep-alive
      ParameterSetName:
      - -g -n --image --load-balancer --automatic-repairs-grace-period --admin-username
      User-Agent:
      - AZURECLI/2.56.0 (AAZ) azsdk-python-core/1.28.0 Python/3.9.5 (Windows-10-10.0.22631-SP0)
    method: GET
    uri: https://management.azure.com/subscriptions/00000000-0000-0000-0000-000000000000/resourceGroups/cli_test_vmss_create_automatic_repairs_with_health_probe_000001/providers/Microsoft.Network/loadBalancers/lb1?api-version=2022-01-01
  response:
    body:
      string: '{"error":{"code":"ResourceNotFound","message":"The Resource ''Microsoft.Network/loadBalancers/lb1''
        under resource group ''cli_test_vmss_create_automatic_repairs_with_health_probe_000001''
        was not found. For more details please go to https://aka.ms/ARMResourceNotFoundFix"}}'
    headers:
      cache-control:
      - no-cache
      content-length:
      - '270'
      content-type:
      - application/json; charset=utf-8
      date:
      - Thu, 11 Jan 2024 08:49:20 GMT
      expires:
      - '-1'
      pragma:
      - no-cache
      strict-transport-security:
      - max-age=31536000; includeSubDomains
      x-content-type-options:
      - nosniff
      x-ms-failure-cause:
      - gateway
    status:
      code: 404
      message: Not Found
- request:
    body: null
    headers:
      Accept:
      - application/json
      Accept-Encoding:
      - gzip, deflate
      CommandName:
      - network lb create
      Connection:
      - keep-alive
      ParameterSetName:
      - -g -n
      User-Agent:
      - AZURECLI/2.56.0 azsdk-python-azure-mgmt-resource/23.1.0b2 Python/3.9.5 (Windows-10-10.0.22631-SP0)
    method: GET
    uri: https://management.azure.com/subscriptions/00000000-0000-0000-0000-000000000000/resourcegroups/cli_test_vmss_create_automatic_repairs_with_health_probe_000001?api-version=2022-09-01
  response:
    body:
      string: '{"id":"/subscriptions/00000000-0000-0000-0000-000000000000/resourceGroups/cli_test_vmss_create_automatic_repairs_with_health_probe_000001","name":"cli_test_vmss_create_automatic_repairs_with_health_probe_000001","type":"Microsoft.Resources/resourceGroups","location":"westus","tags":{"product":"azurecli","cause":"automation","test":"test_vmss_create_automatic_repairs_with_health_probe","date":"2024-01-11T08:49:03Z","module":"vm"},"properties":{"provisioningState":"Succeeded"}}'
    headers:
      cache-control:
      - no-cache
      content-length:
      - '480'
      content-type:
      - application/json; charset=utf-8
      date:
      - Thu, 11 Jan 2024 08:49:22 GMT
      expires:
      - '-1'
      pragma:
      - no-cache
      strict-transport-security:
      - max-age=31536000; includeSubDomains
      vary:
      - Accept-Encoding
      x-content-type-options:
      - nosniff
    status:
      code: 200
      message: OK
- request:
    body: null
    headers:
      Accept:
      - application/json
      Accept-Encoding:
      - gzip, deflate
      CommandName:
      - network lb create
      Connection:
      - keep-alive
      ParameterSetName:
      - -g -n
      User-Agent:
      - AZURECLI/2.56.0 azsdk-python-azure-mgmt-resource/23.1.0b2 Python/3.9.5 (Windows-10-10.0.22631-SP0)
    method: GET
    uri: https://management.azure.com/subscriptions/00000000-0000-0000-0000-000000000000/resources?$filter=resourceGroup%20eq%20%27cli_test_vmss_create_automatic_repairs_with_health_probe_000001%27%20and%20name%20eq%20%27None%27%20and%20resourceType%20eq%20%27Microsoft.Network%2FpublicIPAddresses%27&api-version=2022-09-01
  response:
    body:
      string: '{"value":[]}'
    headers:
      cache-control:
      - no-cache
      content-length:
      - '12'
      content-type:
      - application/json; charset=utf-8
      date:
      - Thu, 11 Jan 2024 08:49:23 GMT
      expires:
      - '-1'
      pragma:
      - no-cache
      strict-transport-security:
      - max-age=31536000; includeSubDomains
      vary:
      - Accept-Encoding
      x-content-type-options:
      - nosniff
    status:
      code: 200
      message: OK
- request:
    body: '{"properties": {"template": {"$schema": "https://schema.management.azure.com/schemas/2015-01-01/deploymentTemplate.json#",
      "contentVersion": "1.0.0.0", "parameters": {}, "variables": {}, "resources":
      [{"apiVersion": "2022-05-01", "type": "Microsoft.Network/publicIPAddresses",
      "name": "PublicIPlb1", "location": "westus", "tags": {}, "dependsOn": [], "properties":
      {"publicIPAllocationMethod": "Static"}, "sku": {"name": "Standard"}}, {"type":
      "Microsoft.Network/loadBalancers", "name": "lb1", "location": "westus", "tags":
      {}, "apiVersion": "2023-04-01", "dependsOn": ["Microsoft.Network/publicIpAddresses/PublicIPlb1"],
      "properties": {"backendAddressPools": [{"name": "lb1bepool"}], "frontendIPConfigurations":
      [{"name": "LoadBalancerFrontEnd", "properties": {"publicIPAddress": {"id": "/subscriptions/00000000-0000-0000-0000-000000000000/resourceGroups/cli_test_vmss_create_automatic_repairs_with_health_probe_000001/providers/Microsoft.Network/publicIPAddresses/PublicIPlb1"},
      "privateIPAddressVersion": "IPv4"}}]}, "sku": {"name": "Standard"}}], "outputs":
      {"loadBalancer": {"type": "object", "value": "[reference(''lb1'')]"}}}, "parameters":
      {}, "mode": "incremental"}}'
    headers:
      Accept:
      - application/json
      Accept-Encoding:
      - gzip, deflate
      CommandName:
      - network lb create
      Connection:
      - keep-alive
      Content-Length:
      - '1173'
      Content-Type:
      - application/json
      ParameterSetName:
      - -g -n
      User-Agent:
      - AZURECLI/2.56.0 azsdk-python-azure-mgmt-resource/23.1.0b2 Python/3.9.5 (Windows-10-10.0.22631-SP0)
    method: PUT
    uri: https://management.azure.com/subscriptions/00000000-0000-0000-0000-000000000000/resourcegroups/cli_test_vmss_create_automatic_repairs_with_health_probe_000001/providers/Microsoft.Resources/deployments/mock-deployment?api-version=2022-09-01
  response:
    body:
      string: '{"id":"/subscriptions/00000000-0000-0000-0000-000000000000/resourceGroups/cli_test_vmss_create_automatic_repairs_with_health_probe_000001/providers/Microsoft.Resources/deployments/lb_deploy_jGtbOyWCQndW1UWnIlkkRCWrO6jZ0asy","name":"lb_deploy_jGtbOyWCQndW1UWnIlkkRCWrO6jZ0asy","type":"Microsoft.Resources/deployments","properties":{"templateHash":"10951273240603663593","parameters":{},"mode":"Incremental","provisioningState":"Accepted","timestamp":"2024-01-11T08:49:29.0843682Z","duration":"PT0.0001172S","correlationId":"742a9aa5-3268-4061-9edb-4f7be53f1f86","providers":[{"namespace":"Microsoft.Network","resourceTypes":[{"resourceType":"publicIPAddresses","locations":["westus"]},{"resourceType":"loadBalancers","locations":["westus"]}]}],"dependencies":[{"dependsOn":[{"id":"/subscriptions/00000000-0000-0000-0000-000000000000/resourceGroups/cli_test_vmss_create_automatic_repairs_with_health_probe_000001/providers/Microsoft.Network/publicIPAddresses/PublicIPlb1","resourceType":"Microsoft.Network/publicIPAddresses","resourceName":"PublicIPlb1"}],"id":"/subscriptions/00000000-0000-0000-0000-000000000000/resourceGroups/cli_test_vmss_create_automatic_repairs_with_health_probe_000001/providers/Microsoft.Network/loadBalancers/lb1","resourceType":"Microsoft.Network/loadBalancers","resourceName":"lb1"}]}}'
    headers:
      azure-asyncoperation:
      - https://management.azure.com/subscriptions/00000000-0000-0000-0000-000000000000/resourcegroups/cli_test_vmss_create_automatic_repairs_with_health_probe_000001/providers/Microsoft.Resources/deployments/lb_deploy_jGtbOyWCQndW1UWnIlkkRCWrO6jZ0asy/operationStatuses/08584966439180096454?api-version=2022-09-01
      cache-control:
      - no-cache
      content-length:
      - '1311'
      content-type:
      - application/json; charset=utf-8
      date:
      - Thu, 11 Jan 2024 08:49:29 GMT
      expires:
      - '-1'
      pragma:
      - no-cache
      strict-transport-security:
      - max-age=31536000; includeSubDomains
      x-content-type-options:
      - nosniff
      x-ms-ratelimit-remaining-subscription-writes:
      - '1199'
    status:
      code: 201
      message: Created
- request:
    body: null
    headers:
      Accept:
      - '*/*'
      Accept-Encoding:
      - gzip, deflate
      CommandName:
      - network lb create
      Connection:
      - keep-alive
      ParameterSetName:
      - -g -n
      User-Agent:
      - AZURECLI/2.56.0 azsdk-python-azure-mgmt-resource/23.1.0b2 Python/3.9.5 (Windows-10-10.0.22631-SP0)
    method: GET
    uri: https://management.azure.com/subscriptions/00000000-0000-0000-0000-000000000000/resourcegroups/cli_test_vmss_create_automatic_repairs_with_health_probe_000001/providers/Microsoft.Resources/deployments/mock-deployment/operationStatuses/08584966439180096454?api-version=2022-09-01
  response:
    body:
      string: '{"status":"Accepted"}'
    headers:
      cache-control:
      - no-cache
      content-length:
      - '21'
      content-type:
      - application/json; charset=utf-8
      date:
      - Thu, 11 Jan 2024 08:49:29 GMT
      expires:
      - '-1'
      pragma:
      - no-cache
      strict-transport-security:
      - max-age=31536000; includeSubDomains
      vary:
      - Accept-Encoding
      x-content-type-options:
      - nosniff
    status:
      code: 200
      message: OK
- request:
    body: null
    headers:
      Accept:
      - '*/*'
      Accept-Encoding:
      - gzip, deflate
      CommandName:
      - network lb create
      Connection:
      - keep-alive
      ParameterSetName:
      - -g -n
      User-Agent:
      - AZURECLI/2.56.0 azsdk-python-azure-mgmt-resource/23.1.0b2 Python/3.9.5 (Windows-10-10.0.22631-SP0)
    method: GET
    uri: https://management.azure.com/subscriptions/00000000-0000-0000-0000-000000000000/resourcegroups/cli_test_vmss_create_automatic_repairs_with_health_probe_000001/providers/Microsoft.Resources/deployments/mock-deployment/operationStatuses/08584966439180096454?api-version=2022-09-01
  response:
    body:
      string: '{"status":"Succeeded"}'
    headers:
      cache-control:
      - no-cache
      content-length:
      - '22'
      content-type:
      - application/json; charset=utf-8
      date:
      - Thu, 11 Jan 2024 08:50:00 GMT
      expires:
      - '-1'
      pragma:
      - no-cache
      strict-transport-security:
      - max-age=31536000; includeSubDomains
      vary:
      - Accept-Encoding
      x-content-type-options:
      - nosniff
    status:
      code: 200
      message: OK
- request:
    body: null
    headers:
      Accept:
      - '*/*'
      Accept-Encoding:
      - gzip, deflate
      CommandName:
      - network lb create
      Connection:
      - keep-alive
      ParameterSetName:
      - -g -n
      User-Agent:
      - AZURECLI/2.56.0 azsdk-python-azure-mgmt-resource/23.1.0b2 Python/3.9.5 (Windows-10-10.0.22631-SP0)
    method: GET
    uri: https://management.azure.com/subscriptions/00000000-0000-0000-0000-000000000000/resourcegroups/cli_test_vmss_create_automatic_repairs_with_health_probe_000001/providers/Microsoft.Resources/deployments/mock-deployment?api-version=2022-09-01
  response:
    body:
      string: '{"id":"/subscriptions/00000000-0000-0000-0000-000000000000/resourceGroups/cli_test_vmss_create_automatic_repairs_with_health_probe_000001/providers/Microsoft.Resources/deployments/lb_deploy_jGtbOyWCQndW1UWnIlkkRCWrO6jZ0asy","name":"lb_deploy_jGtbOyWCQndW1UWnIlkkRCWrO6jZ0asy","type":"Microsoft.Resources/deployments","properties":{"templateHash":"10951273240603663593","parameters":{},"mode":"Incremental","provisioningState":"Succeeded","timestamp":"2024-01-11T08:49:46.9531847Z","duration":"PT17.8689337S","correlationId":"742a9aa5-3268-4061-9edb-4f7be53f1f86","providers":[{"namespace":"Microsoft.Network","resourceTypes":[{"resourceType":"publicIPAddresses","locations":["westus"]},{"resourceType":"loadBalancers","locations":["westus"]}]}],"dependencies":[{"dependsOn":[{"id":"/subscriptions/00000000-0000-0000-0000-000000000000/resourceGroups/cli_test_vmss_create_automatic_repairs_with_health_probe_000001/providers/Microsoft.Network/publicIPAddresses/PublicIPlb1","resourceType":"Microsoft.Network/publicIPAddresses","resourceName":"PublicIPlb1"}],"id":"/subscriptions/00000000-0000-0000-0000-000000000000/resourceGroups/cli_test_vmss_create_automatic_repairs_with_health_probe_000001/providers/Microsoft.Network/loadBalancers/lb1","resourceType":"Microsoft.Network/loadBalancers","resourceName":"lb1"}],"outputs":{"loadBalancer":{"type":"Object","value":{"provisioningState":"Succeeded","resourceGuid":"a93575c3-4632-4794-baca-b0f657a1e4e2","frontendIPConfigurations":[{"name":"LoadBalancerFrontEnd","id":"/subscriptions/00000000-0000-0000-0000-000000000000/resourceGroups/cli_test_vmss_create_automatic_repairs_with_health_probe_000001/providers/Microsoft.Network/loadBalancers/lb1/frontendIPConfigurations/LoadBalancerFrontEnd","etag":"W/\"65ae3886-6f08-4c31-abb7-f833f177e950\"","type":"Microsoft.Network/loadBalancers/frontendIPConfigurations","properties":{"provisioningState":"Succeeded","privateIPAllocationMethod":"Dynamic","publicIPAddress":{"id":"/subscriptions/00000000-0000-0000-0000-000000000000/resourceGroups/cli_test_vmss_create_automatic_repairs_with_health_probe_000001/providers/Microsoft.Network/publicIPAddresses/PublicIPlb1"}}}],"backendAddressPools":[{"name":"lb1bepool","id":"/subscriptions/00000000-0000-0000-0000-000000000000/resourceGroups/cli_test_vmss_create_automatic_repairs_with_health_probe_000001/providers/Microsoft.Network/loadBalancers/lb1/backendAddressPools/lb1bepool","etag":"W/\"65ae3886-6f08-4c31-abb7-f833f177e950\"","properties":{"provisioningState":"Succeeded","loadBalancerBackendAddresses":[]},"type":"Microsoft.Network/loadBalancers/backendAddressPools"}],"loadBalancingRules":[],"probes":[],"inboundNatRules":[],"outboundRules":[],"inboundNatPools":[]}}},"outputResources":[{"id":"/subscriptions/00000000-0000-0000-0000-000000000000/resourceGroups/cli_test_vmss_create_automatic_repairs_with_health_probe_000001/providers/Microsoft.Network/loadBalancers/lb1"},{"id":"/subscriptions/00000000-0000-0000-0000-000000000000/resourceGroups/cli_test_vmss_create_automatic_repairs_with_health_probe_000001/providers/Microsoft.Network/publicIPAddresses/PublicIPlb1"}]}}'
    headers:
      cache-control:
      - no-cache
      content-length:
      - '3118'
      content-type:
      - application/json; charset=utf-8
      date:
      - Thu, 11 Jan 2024 08:50:01 GMT
      expires:
      - '-1'
      pragma:
      - no-cache
      strict-transport-security:
      - max-age=31536000; includeSubDomains
      vary:
      - Accept-Encoding
      x-content-type-options:
      - nosniff
    status:
      code: 200
      message: OK
- request:
    body: null
    headers:
      Accept:
      - application/json
      Accept-Encoding:
      - gzip, deflate
      CommandName:
      - network lb probe create
      Connection:
      - keep-alive
      ParameterSetName:
      - -g --lb-name -n --protocol --port
      User-Agent:
      - AZURECLI/2.56.0 (AAZ) azsdk-python-core/1.28.0 Python/3.9.5 (Windows-10-10.0.22631-SP0)
    method: GET
    uri: https://management.azure.com/subscriptions/00000000-0000-0000-0000-000000000000/resourceGroups/cli_test_vmss_create_automatic_repairs_with_health_probe_000001/providers/Microsoft.Network/loadBalancers/lb1?api-version=2023-04-01
  response:
    body:
      string: '{"name":"lb1","id":"/subscriptions/00000000-0000-0000-0000-000000000000/resourceGroups/cli_test_vmss_create_automatic_repairs_with_health_probe_000001/providers/Microsoft.Network/loadBalancers/lb1","etag":"W/\"65ae3886-6f08-4c31-abb7-f833f177e950\"","type":"Microsoft.Network/loadBalancers","location":"westus","tags":{},"properties":{"provisioningState":"Succeeded","resourceGuid":"a93575c3-4632-4794-baca-b0f657a1e4e2","frontendIPConfigurations":[{"name":"LoadBalancerFrontEnd","id":"/subscriptions/00000000-0000-0000-0000-000000000000/resourceGroups/cli_test_vmss_create_automatic_repairs_with_health_probe_000001/providers/Microsoft.Network/loadBalancers/lb1/frontendIPConfigurations/LoadBalancerFrontEnd","etag":"W/\"65ae3886-6f08-4c31-abb7-f833f177e950\"","type":"Microsoft.Network/loadBalancers/frontendIPConfigurations","properties":{"provisioningState":"Succeeded","privateIPAllocationMethod":"Dynamic","publicIPAddress":{"id":"/subscriptions/00000000-0000-0000-0000-000000000000/resourceGroups/cli_test_vmss_create_automatic_repairs_with_health_probe_000001/providers/Microsoft.Network/publicIPAddresses/PublicIPlb1"}}}],"backendAddressPools":[{"name":"lb1bepool","id":"/subscriptions/00000000-0000-0000-0000-000000000000/resourceGroups/cli_test_vmss_create_automatic_repairs_with_health_probe_000001/providers/Microsoft.Network/loadBalancers/lb1/backendAddressPools/lb1bepool","etag":"W/\"65ae3886-6f08-4c31-abb7-f833f177e950\"","properties":{"provisioningState":"Succeeded","loadBalancerBackendAddresses":[]},"type":"Microsoft.Network/loadBalancers/backendAddressPools"}],"loadBalancingRules":[],"probes":[],"inboundNatRules":[],"outboundRules":[],"inboundNatPools":[]},"sku":{"name":"Standard","tier":"Regional"}}'
    headers:
      cache-control:
      - no-cache
      content-length:
      - '1726'
      content-type:
      - application/json; charset=utf-8
      date:
      - Thu, 11 Jan 2024 08:50:02 GMT
      etag:
      - W/"65ae3886-6f08-4c31-abb7-f833f177e950"
      expires:
      - '-1'
      pragma:
      - no-cache
      server:
      - Microsoft-HTTPAPI/2.0
      - Microsoft-HTTPAPI/2.0
      strict-transport-security:
      - max-age=31536000; includeSubDomains
      transfer-encoding:
      - chunked
      vary:
      - Accept-Encoding
      x-content-type-options:
      - nosniff
      x-ms-arm-service-request-id:
      - 64bd0274-b25f-4ef2-9972-54bb820d58a9
    status:
      code: 200
      message: OK
- request:
    body: '{"id": "/subscriptions/00000000-0000-0000-0000-000000000000/resourceGroups/cli_test_vmss_create_automatic_repairs_with_health_probe_000001/providers/Microsoft.Network/loadBalancers/lb1",
      "location": "westus", "properties": {"backendAddressPools": [{"id": "/subscriptions/00000000-0000-0000-0000-000000000000/resourceGroups/cli_test_vmss_create_automatic_repairs_with_health_probe_000001/providers/Microsoft.Network/loadBalancers/lb1/backendAddressPools/lb1bepool",
      "name": "lb1bepool", "properties": {"loadBalancerBackendAddresses": []}}], "frontendIPConfigurations":
      [{"id": "/subscriptions/00000000-0000-0000-0000-000000000000/resourceGroups/cli_test_vmss_create_automatic_repairs_with_health_probe_000001/providers/Microsoft.Network/loadBalancers/lb1/frontendIPConfigurations/LoadBalancerFrontEnd",
      "name": "LoadBalancerFrontEnd", "properties": {"privateIPAllocationMethod":
      "Dynamic", "publicIPAddress": {"id": "/subscriptions/00000000-0000-0000-0000-000000000000/resourceGroups/cli_test_vmss_create_automatic_repairs_with_health_probe_000001/providers/Microsoft.Network/publicIPAddresses/PublicIPlb1"}}}],
      "inboundNatPools": [], "inboundNatRules": [], "loadBalancingRules": [], "outboundRules":
      [], "probes": [{"name": "probe", "properties": {"port": 80, "protocol": "Tcp"}}]},
      "sku": {"name": "Standard", "tier": "Regional"}, "tags": {}}'
    headers:
      Accept:
      - application/json
      Accept-Encoding:
      - gzip, deflate
      CommandName:
      - network lb probe create
      Connection:
      - keep-alive
      Content-Length:
      - '1343'
      Content-Type:
      - application/json
      ParameterSetName:
      - -g --lb-name -n --protocol --port
      User-Agent:
      - AZURECLI/2.56.0 (AAZ) azsdk-python-core/1.28.0 Python/3.9.5 (Windows-10-10.0.22631-SP0)
    method: PUT
    uri: https://management.azure.com/subscriptions/00000000-0000-0000-0000-000000000000/resourceGroups/cli_test_vmss_create_automatic_repairs_with_health_probe_000001/providers/Microsoft.Network/loadBalancers/lb1?api-version=2023-04-01
  response:
    body:
      string: '{"name":"lb1","id":"/subscriptions/00000000-0000-0000-0000-000000000000/resourceGroups/cli_test_vmss_create_automatic_repairs_with_health_probe_000001/providers/Microsoft.Network/loadBalancers/lb1","etag":"W/\"67a59ea7-654d-476d-bc03-58246e53e9a3\"","type":"Microsoft.Network/loadBalancers","location":"westus","tags":{},"properties":{"provisioningState":"Succeeded","resourceGuid":"a93575c3-4632-4794-baca-b0f657a1e4e2","frontendIPConfigurations":[{"name":"LoadBalancerFrontEnd","id":"/subscriptions/00000000-0000-0000-0000-000000000000/resourceGroups/cli_test_vmss_create_automatic_repairs_with_health_probe_000001/providers/Microsoft.Network/loadBalancers/lb1/frontendIPConfigurations/LoadBalancerFrontEnd","etag":"W/\"67a59ea7-654d-476d-bc03-58246e53e9a3\"","type":"Microsoft.Network/loadBalancers/frontendIPConfigurations","properties":{"provisioningState":"Succeeded","privateIPAllocationMethod":"Dynamic","publicIPAddress":{"id":"/subscriptions/00000000-0000-0000-0000-000000000000/resourceGroups/cli_test_vmss_create_automatic_repairs_with_health_probe_000001/providers/Microsoft.Network/publicIPAddresses/PublicIPlb1"}}}],"backendAddressPools":[{"name":"lb1bepool","id":"/subscriptions/00000000-0000-0000-0000-000000000000/resourceGroups/cli_test_vmss_create_automatic_repairs_with_health_probe_000001/providers/Microsoft.Network/loadBalancers/lb1/backendAddressPools/lb1bepool","etag":"W/\"67a59ea7-654d-476d-bc03-58246e53e9a3\"","properties":{"provisioningState":"Succeeded","loadBalancerBackendAddresses":[]},"type":"Microsoft.Network/loadBalancers/backendAddressPools"}],"loadBalancingRules":[],"probes":[{"name":"probe","id":"/subscriptions/00000000-0000-0000-0000-000000000000/resourceGroups/cli_test_vmss_create_automatic_repairs_with_health_probe_000001/providers/Microsoft.Network/loadBalancers/lb1/probes/probe","etag":"W/\"67a59ea7-654d-476d-bc03-58246e53e9a3\"","properties":{"provisioningState":"Succeeded","protocol":"Tcp","port":80,"intervalInSeconds":15,"numberOfProbes":2,"probeThreshold":1},"type":"Microsoft.Network/loadBalancers/probes"}],"inboundNatRules":[],"outboundRules":[],"inboundNatPools":[]},"sku":{"name":"Standard","tier":"Regional"}}'
    headers:
      azure-asyncnotification:
      - Enabled
      azure-asyncoperation:
      - https://management.azure.com/subscriptions/00000000-0000-0000-0000-000000000000/providers/Microsoft.Network/locations/westus/operations/f0cc6b23-bf5d-429b-bec2-358836c033f2?api-version=2023-04-01&t=638405598064519732&c=MIIHHjCCBgagAwIBAgITfwI8YE7TFpH4swTJAgAEAjxgTjANBgkqhkiG9w0BAQsFADBEMRMwEQYKCZImiZPyLGQBGRYDR0JMMRMwEQYKCZImiZPyLGQBGRYDQU1FMRgwFgYDVQQDEw9BTUUgSW5mcmEgQ0EgMDIwHhcNMjMxMTAxMTI0ODMyWhcNMjQxMDI2MTI0ODMyWjBAMT4wPAYDVQQDEzVhc3luY29wZXJhdGlvbnNpZ25pbmdjZXJ0aWZpY2F0ZS5tYW5hZ2VtZW50LmF6dXJlLmNvbTCCASIwDQYJKoZIhvcNAQEBBQADggEPADCCAQoCggEBAOfk7s1AnKyUqxJR1tGB1o-bd08yXoGVmNHQbpQb9IWlVS7htLxnfaUT083PrTqMEBOB9OS4hyPlFX-ApR1pomKdOD1y0gioSkZG_vgzN2wtFSBJWYWnrCl3xq-Tt9kIsLmZ7FZ-JBOTPKr8rSmKzm4L0NIsVf6UNGZOPdsZpFYEXOeyjshEO6PpPevESOM8rWMDozQTl1HzkC0gPrg5DGhYsJJe5HDWO8h7FZD5HFOCbb225KnGWZppoK08q2QpTgIP8P7CvjQnoGz2CnVSlOOMvuZXjhUTObsuZWO8XdgF04CkgZhq94b4Ej__vi4D1mZ2x9zRlrEMA1MEIfV5sN0CAwEAAaOCBAswggQHMCcGCSsGAQQBgjcVCgQaMBgwCgYIKwYBBQUHAwEwCgYIKwYBBQUHAwIwPQYJKwYBBAGCNxUHBDAwLgYmKwYBBAGCNxUIhpDjDYTVtHiE8Ys-hZvdFs6dEoFggvX2K4Py0SACAWQCAQowggHaBggrBgEFBQcBAQSCAcwwggHIMGYGCCsGAQUFBzAChlpodHRwOi8vY3JsLm1pY3Jvc29mdC5jb20vcGtpaW5mcmEvQ2VydHMvQkwyUEtJSU5UQ0EwMS5BTUUuR0JMX0FNRSUyMEluZnJhJTIwQ0ElMjAwMig0KS5jcnQwVgYIKwYBBQUHMAKGSmh0dHA6Ly9jcmwxLmFtZS5nYmwvYWlhL0JMMlBLSUlOVENBMDEuQU1FLkdCTF9BTUUlMjBJbmZyYSUyMENBJTIwMDIoNCkuY3J0MFYGCCsGAQUFBzAChkpodHRwOi8vY3JsMi5hbWUuZ2JsL2FpYS9CTDJQS0lJTlRDQTAxLkFNRS5HQkxfQU1FJTIwSW5mcmElMjBDQSUyMDAyKDQpLmNydDBWBggrBgEFBQcwAoZKaHR0cDovL2NybDMuYW1lLmdibC9haWEvQkwyUEtJSU5UQ0EwMS5BTUUuR0JMX0FNRSUyMEluZnJhJTIwQ0ElMjAwMig0KS5jcnQwVgYIKwYBBQUHMAKGSmh0dHA6Ly9jcmw0LmFtZS5nYmwvYWlhL0JMMlBLSUlOVENBMDEuQU1FLkdCTF9BTUUlMjBJbmZyYSUyMENBJTIwMDIoNCkuY3J0MB0GA1UdDgQWBBRQX-Vd5gCv8ZxGaXD2PmaqqUHtdjAOBgNVHQ8BAf8EBAMCBaAwggE1BgNVHR8EggEsMIIBKDCCASSgggEgoIIBHIZCaHR0cDovL2NybC5taWNyb3NvZnQuY29tL3BraWluZnJhL0NSTC9BTUUlMjBJbmZyYSUyMENBJTIwMDIoNCkuY3JshjRodHRwOi8vY3JsMS5hbWUuZ2JsL2NybC9BTUUlMjBJbmZyYSUyMENBJTIwMDIoNCkuY3JshjRodHRwOi8vY3JsMi5hbWUuZ2JsL2NybC9BTUUlMjBJbmZyYSUyMENBJTIwMDIoNCkuY3JshjRodHRwOi8vY3JsMy5hbWUuZ2JsL2NybC9BTUUlMjBJbmZyYSUyMENBJTIwMDIoNCkuY3JshjRodHRwOi8vY3JsNC5hbWUuZ2JsL2NybC9BTUUlMjBJbmZyYSUyMENBJTIwMDIoNCkuY3JsMBcGA1UdIAQQMA4wDAYKKwYBBAGCN3sBATAfBgNVHSMEGDAWgBSuecJrXSWIEwb2BwnDl3x7l48dVTAdBgNVHSUEFjAUBggrBgEFBQcDAQYIKwYBBQUHAwIwDQYJKoZIhvcNAQELBQADggEBAGraIc9hsqUGKcUfGRNlRfK3ussZT-LVHk7wo_N16Hnjq6O3kEOh1mdMNH-uYhMOeqXAg8ua2Co_Ryny1cSbWYBExXVxH2mDnGrRA0cOMEZVd7HGLhG7AvGMFDaxPDge9P_W4kaoMoN3Q3UcKwfZ3H94NyavU0Pk8lqY294YOkd-IgerbhZiIsIR1xE4QglniwVZCNl85WS-QtiJ2urgjIQ6mIdfAQb1mUbHPMh8i3z_av1Wjp5eOUm3MIA7j9kOWVnCEWM_wzDNrLBl-o3cRuUEdVMzmghLEyrN6p0svczMmPBFkSXArQzjyJpTQfM7UHrhAv7N0cUingZ7xJY8z_M&s=PaPdUhB6OoVzIr5dDfspz1zRGwFe1QYExlPu_LP_GRt4IozJdmrS8Y18GXC9oaut-oUJg-wdWjDuRKMleRjBfCZ6k4QVHAVC5rzRExRICgLo6KZeWq0ezIMh_PRr6FX_WXX4qCAhTwgUn79-1K36ct_A0FumTKAUBJDOMDxcYGOJDcwjRkF79ofrwotvDzQNOgxFGq796kSaWtU_q3hrfxHmk8flKZ2VQLv6M2VFTM3uQDeIqkMT-3YZhr_awtH__jH_CvjLU4hBmLPgBNGZq5pz0cVp0Otp8PW2vj_LLuH6IRg_oJIUxjhJNRzBjLImlzE3PAr624QJULkP-Z2XMQ&h=WkmdnhbZ5G5lZstSgzuEulLAC8pNFUa9fOhACso2p7s
      cache-control:
      - no-cache
      content-length:
      - '2174'
      content-type:
      - application/json; charset=utf-8
      date:
      - Thu, 11 Jan 2024 08:50:05 GMT
      expires:
      - '-1'
      pragma:
      - no-cache
      server:
      - Microsoft-HTTPAPI/2.0
      - Microsoft-HTTPAPI/2.0
      strict-transport-security:
      - max-age=31536000; includeSubDomains
      transfer-encoding:
      - chunked
      vary:
      - Accept-Encoding
      x-content-type-options:
      - nosniff
      x-ms-arm-service-request-id:
      - 6e9550e5-8fe7-42ab-a8bd-9c54e59230dc
      x-ms-ratelimit-remaining-subscription-writes:
      - '1199'
    status:
      code: 200
      message: OK
- request:
    body: null
    headers:
      Accept:
      - '*/*'
      Accept-Encoding:
      - gzip, deflate
      CommandName:
      - network lb probe create
      Connection:
      - keep-alive
      ParameterSetName:
      - -g --lb-name -n --protocol --port
      User-Agent:
      - AZURECLI/2.56.0 (AAZ) azsdk-python-core/1.28.0 Python/3.9.5 (Windows-10-10.0.22631-SP0)
    method: GET
    uri: https://management.azure.com/subscriptions/00000000-0000-0000-0000-000000000000/providers/Microsoft.Network/locations/westus/operations/f0cc6b23-bf5d-429b-bec2-358836c033f2?api-version=2023-04-01&t=638405598064519732&c=MIIHHjCCBgagAwIBAgITfwI8YE7TFpH4swTJAgAEAjxgTjANBgkqhkiG9w0BAQsFADBEMRMwEQYKCZImiZPyLGQBGRYDR0JMMRMwEQYKCZImiZPyLGQBGRYDQU1FMRgwFgYDVQQDEw9BTUUgSW5mcmEgQ0EgMDIwHhcNMjMxMTAxMTI0ODMyWhcNMjQxMDI2MTI0ODMyWjBAMT4wPAYDVQQDEzVhc3luY29wZXJhdGlvbnNpZ25pbmdjZXJ0aWZpY2F0ZS5tYW5hZ2VtZW50LmF6dXJlLmNvbTCCASIwDQYJKoZIhvcNAQEBBQADggEPADCCAQoCggEBAOfk7s1AnKyUqxJR1tGB1o-bd08yXoGVmNHQbpQb9IWlVS7htLxnfaUT083PrTqMEBOB9OS4hyPlFX-ApR1pomKdOD1y0gioSkZG_vgzN2wtFSBJWYWnrCl3xq-Tt9kIsLmZ7FZ-JBOTPKr8rSmKzm4L0NIsVf6UNGZOPdsZpFYEXOeyjshEO6PpPevESOM8rWMDozQTl1HzkC0gPrg5DGhYsJJe5HDWO8h7FZD5HFOCbb225KnGWZppoK08q2QpTgIP8P7CvjQnoGz2CnVSlOOMvuZXjhUTObsuZWO8XdgF04CkgZhq94b4Ej__vi4D1mZ2x9zRlrEMA1MEIfV5sN0CAwEAAaOCBAswggQHMCcGCSsGAQQBgjcVCgQaMBgwCgYIKwYBBQUHAwEwCgYIKwYBBQUHAwIwPQYJKwYBBAGCNxUHBDAwLgYmKwYBBAGCNxUIhpDjDYTVtHiE8Ys-hZvdFs6dEoFggvX2K4Py0SACAWQCAQowggHaBggrBgEFBQcBAQSCAcwwggHIMGYGCCsGAQUFBzAChlpodHRwOi8vY3JsLm1pY3Jvc29mdC5jb20vcGtpaW5mcmEvQ2VydHMvQkwyUEtJSU5UQ0EwMS5BTUUuR0JMX0FNRSUyMEluZnJhJTIwQ0ElMjAwMig0KS5jcnQwVgYIKwYBBQUHMAKGSmh0dHA6Ly9jcmwxLmFtZS5nYmwvYWlhL0JMMlBLSUlOVENBMDEuQU1FLkdCTF9BTUUlMjBJbmZyYSUyMENBJTIwMDIoNCkuY3J0MFYGCCsGAQUFBzAChkpodHRwOi8vY3JsMi5hbWUuZ2JsL2FpYS9CTDJQS0lJTlRDQTAxLkFNRS5HQkxfQU1FJTIwSW5mcmElMjBDQSUyMDAyKDQpLmNydDBWBggrBgEFBQcwAoZKaHR0cDovL2NybDMuYW1lLmdibC9haWEvQkwyUEtJSU5UQ0EwMS5BTUUuR0JMX0FNRSUyMEluZnJhJTIwQ0ElMjAwMig0KS5jcnQwVgYIKwYBBQUHMAKGSmh0dHA6Ly9jcmw0LmFtZS5nYmwvYWlhL0JMMlBLSUlOVENBMDEuQU1FLkdCTF9BTUUlMjBJbmZyYSUyMENBJTIwMDIoNCkuY3J0MB0GA1UdDgQWBBRQX-Vd5gCv8ZxGaXD2PmaqqUHtdjAOBgNVHQ8BAf8EBAMCBaAwggE1BgNVHR8EggEsMIIBKDCCASSgggEgoIIBHIZCaHR0cDovL2NybC5taWNyb3NvZnQuY29tL3BraWluZnJhL0NSTC9BTUUlMjBJbmZyYSUyMENBJTIwMDIoNCkuY3JshjRodHRwOi8vY3JsMS5hbWUuZ2JsL2NybC9BTUUlMjBJbmZyYSUyMENBJTIwMDIoNCkuY3JshjRodHRwOi8vY3JsMi5hbWUuZ2JsL2NybC9BTUUlMjBJbmZyYSUyMENBJTIwMDIoNCkuY3JshjRodHRwOi8vY3JsMy5hbWUuZ2JsL2NybC9BTUUlMjBJbmZyYSUyMENBJTIwMDIoNCkuY3JshjRodHRwOi8vY3JsNC5hbWUuZ2JsL2NybC9BTUUlMjBJbmZyYSUyMENBJTIwMDIoNCkuY3JsMBcGA1UdIAQQMA4wDAYKKwYBBAGCN3sBATAfBgNVHSMEGDAWgBSuecJrXSWIEwb2BwnDl3x7l48dVTAdBgNVHSUEFjAUBggrBgEFBQcDAQYIKwYBBQUHAwIwDQYJKoZIhvcNAQELBQADggEBAGraIc9hsqUGKcUfGRNlRfK3ussZT-LVHk7wo_N16Hnjq6O3kEOh1mdMNH-uYhMOeqXAg8ua2Co_Ryny1cSbWYBExXVxH2mDnGrRA0cOMEZVd7HGLhG7AvGMFDaxPDge9P_W4kaoMoN3Q3UcKwfZ3H94NyavU0Pk8lqY294YOkd-IgerbhZiIsIR1xE4QglniwVZCNl85WS-QtiJ2urgjIQ6mIdfAQb1mUbHPMh8i3z_av1Wjp5eOUm3MIA7j9kOWVnCEWM_wzDNrLBl-o3cRuUEdVMzmghLEyrN6p0svczMmPBFkSXArQzjyJpTQfM7UHrhAv7N0cUingZ7xJY8z_M&s=PaPdUhB6OoVzIr5dDfspz1zRGwFe1QYExlPu_LP_GRt4IozJdmrS8Y18GXC9oaut-oUJg-wdWjDuRKMleRjBfCZ6k4QVHAVC5rzRExRICgLo6KZeWq0ezIMh_PRr6FX_WXX4qCAhTwgUn79-1K36ct_A0FumTKAUBJDOMDxcYGOJDcwjRkF79ofrwotvDzQNOgxFGq796kSaWtU_q3hrfxHmk8flKZ2VQLv6M2VFTM3uQDeIqkMT-3YZhr_awtH__jH_CvjLU4hBmLPgBNGZq5pz0cVp0Otp8PW2vj_LLuH6IRg_oJIUxjhJNRzBjLImlzE3PAr624QJULkP-Z2XMQ&h=WkmdnhbZ5G5lZstSgzuEulLAC8pNFUa9fOhACso2p7s
  response:
    body:
      string: '{"status":"Succeeded"}'
    headers:
      cache-control:
      - no-cache
      content-length:
      - '22'
      content-type:
      - application/json; charset=utf-8
      date:
      - Thu, 11 Jan 2024 08:50:05 GMT
      expires:
      - '-1'
      pragma:
      - no-cache
      server:
      - Microsoft-HTTPAPI/2.0
      - Microsoft-HTTPAPI/2.0
      strict-transport-security:
      - max-age=31536000; includeSubDomains
      transfer-encoding:
      - chunked
      vary:
      - Accept-Encoding
      x-content-type-options:
      - nosniff
      x-ms-arm-service-request-id:
      - 3899ea06-119c-40fa-b15b-e75f6846b84e
    status:
      code: 200
      message: OK
- request:
    body: null
    headers:
      Accept:
      - '*/*'
      Accept-Encoding:
      - gzip, deflate
      CommandName:
      - network lb probe create
      Connection:
      - keep-alive
      ParameterSetName:
      - -g --lb-name -n --protocol --port
      User-Agent:
      - AZURECLI/2.56.0 (AAZ) azsdk-python-core/1.28.0 Python/3.9.5 (Windows-10-10.0.22631-SP0)
    method: GET
    uri: https://management.azure.com/subscriptions/00000000-0000-0000-0000-000000000000/resourceGroups/cli_test_vmss_create_automatic_repairs_with_health_probe_000001/providers/Microsoft.Network/loadBalancers/lb1?api-version=2023-04-01
  response:
    body:
      string: '{"name":"lb1","id":"/subscriptions/00000000-0000-0000-0000-000000000000/resourceGroups/cli_test_vmss_create_automatic_repairs_with_health_probe_000001/providers/Microsoft.Network/loadBalancers/lb1","etag":"W/\"67a59ea7-654d-476d-bc03-58246e53e9a3\"","type":"Microsoft.Network/loadBalancers","location":"westus","tags":{},"properties":{"provisioningState":"Succeeded","resourceGuid":"a93575c3-4632-4794-baca-b0f657a1e4e2","frontendIPConfigurations":[{"name":"LoadBalancerFrontEnd","id":"/subscriptions/00000000-0000-0000-0000-000000000000/resourceGroups/cli_test_vmss_create_automatic_repairs_with_health_probe_000001/providers/Microsoft.Network/loadBalancers/lb1/frontendIPConfigurations/LoadBalancerFrontEnd","etag":"W/\"67a59ea7-654d-476d-bc03-58246e53e9a3\"","type":"Microsoft.Network/loadBalancers/frontendIPConfigurations","properties":{"provisioningState":"Succeeded","privateIPAllocationMethod":"Dynamic","publicIPAddress":{"id":"/subscriptions/00000000-0000-0000-0000-000000000000/resourceGroups/cli_test_vmss_create_automatic_repairs_with_health_probe_000001/providers/Microsoft.Network/publicIPAddresses/PublicIPlb1"}}}],"backendAddressPools":[{"name":"lb1bepool","id":"/subscriptions/00000000-0000-0000-0000-000000000000/resourceGroups/cli_test_vmss_create_automatic_repairs_with_health_probe_000001/providers/Microsoft.Network/loadBalancers/lb1/backendAddressPools/lb1bepool","etag":"W/\"67a59ea7-654d-476d-bc03-58246e53e9a3\"","properties":{"provisioningState":"Succeeded","loadBalancerBackendAddresses":[]},"type":"Microsoft.Network/loadBalancers/backendAddressPools"}],"loadBalancingRules":[],"probes":[{"name":"probe","id":"/subscriptions/00000000-0000-0000-0000-000000000000/resourceGroups/cli_test_vmss_create_automatic_repairs_with_health_probe_000001/providers/Microsoft.Network/loadBalancers/lb1/probes/probe","etag":"W/\"67a59ea7-654d-476d-bc03-58246e53e9a3\"","properties":{"provisioningState":"Succeeded","protocol":"Tcp","port":80,"intervalInSeconds":15,"numberOfProbes":2,"probeThreshold":1},"type":"Microsoft.Network/loadBalancers/probes"}],"inboundNatRules":[],"outboundRules":[],"inboundNatPools":[]},"sku":{"name":"Standard","tier":"Regional"}}'
    headers:
      cache-control:
      - no-cache
      content-length:
      - '2174'
      content-type:
      - application/json; charset=utf-8
      date:
      - Thu, 11 Jan 2024 08:50:06 GMT
      etag:
      - W/"67a59ea7-654d-476d-bc03-58246e53e9a3"
      expires:
      - '-1'
      pragma:
      - no-cache
      server:
      - Microsoft-HTTPAPI/2.0
      - Microsoft-HTTPAPI/2.0
      strict-transport-security:
      - max-age=31536000; includeSubDomains
      transfer-encoding:
      - chunked
      vary:
      - Accept-Encoding
      x-content-type-options:
      - nosniff
      x-ms-arm-service-request-id:
      - 6b332a3c-79f2-4786-b185-9961bf7ffed5
    status:
      code: 200
      message: OK
- request:
    body: null
    headers:
      Accept:
      - application/json
      Accept-Encoding:
      - gzip, deflate
      CommandName:
      - network lb rule create
      Connection:
      - keep-alive
      ParameterSetName:
      - -g --lb-name -n --probe-name --protocol --frontend-port --backend-port
      User-Agent:
      - AZURECLI/2.56.0 (AAZ) azsdk-python-core/1.28.0 Python/3.9.5 (Windows-10-10.0.22631-SP0)
    method: GET
    uri: https://management.azure.com/subscriptions/00000000-0000-0000-0000-000000000000/resourceGroups/cli_test_vmss_create_automatic_repairs_with_health_probe_000001/providers/Microsoft.Network/loadBalancers/lb1?api-version=2023-04-01
  response:
    body:
      string: '{"name":"lb1","id":"/subscriptions/00000000-0000-0000-0000-000000000000/resourceGroups/cli_test_vmss_create_automatic_repairs_with_health_probe_000001/providers/Microsoft.Network/loadBalancers/lb1","etag":"W/\"67a59ea7-654d-476d-bc03-58246e53e9a3\"","type":"Microsoft.Network/loadBalancers","location":"westus","tags":{},"properties":{"provisioningState":"Succeeded","resourceGuid":"a93575c3-4632-4794-baca-b0f657a1e4e2","frontendIPConfigurations":[{"name":"LoadBalancerFrontEnd","id":"/subscriptions/00000000-0000-0000-0000-000000000000/resourceGroups/cli_test_vmss_create_automatic_repairs_with_health_probe_000001/providers/Microsoft.Network/loadBalancers/lb1/frontendIPConfigurations/LoadBalancerFrontEnd","etag":"W/\"67a59ea7-654d-476d-bc03-58246e53e9a3\"","type":"Microsoft.Network/loadBalancers/frontendIPConfigurations","properties":{"provisioningState":"Succeeded","privateIPAllocationMethod":"Dynamic","publicIPAddress":{"id":"/subscriptions/00000000-0000-0000-0000-000000000000/resourceGroups/cli_test_vmss_create_automatic_repairs_with_health_probe_000001/providers/Microsoft.Network/publicIPAddresses/PublicIPlb1"}}}],"backendAddressPools":[{"name":"lb1bepool","id":"/subscriptions/00000000-0000-0000-0000-000000000000/resourceGroups/cli_test_vmss_create_automatic_repairs_with_health_probe_000001/providers/Microsoft.Network/loadBalancers/lb1/backendAddressPools/lb1bepool","etag":"W/\"67a59ea7-654d-476d-bc03-58246e53e9a3\"","properties":{"provisioningState":"Succeeded","loadBalancerBackendAddresses":[]},"type":"Microsoft.Network/loadBalancers/backendAddressPools"}],"loadBalancingRules":[],"probes":[{"name":"probe","id":"/subscriptions/00000000-0000-0000-0000-000000000000/resourceGroups/cli_test_vmss_create_automatic_repairs_with_health_probe_000001/providers/Microsoft.Network/loadBalancers/lb1/probes/probe","etag":"W/\"67a59ea7-654d-476d-bc03-58246e53e9a3\"","properties":{"provisioningState":"Succeeded","protocol":"Tcp","port":80,"intervalInSeconds":15,"numberOfProbes":2,"probeThreshold":1},"type":"Microsoft.Network/loadBalancers/probes"}],"inboundNatRules":[],"outboundRules":[],"inboundNatPools":[]},"sku":{"name":"Standard","tier":"Regional"}}'
    headers:
      cache-control:
      - no-cache
      content-length:
      - '2174'
      content-type:
      - application/json; charset=utf-8
      date:
      - Thu, 11 Jan 2024 08:50:08 GMT
      etag:
      - W/"67a59ea7-654d-476d-bc03-58246e53e9a3"
      expires:
      - '-1'
      pragma:
      - no-cache
      server:
      - Microsoft-HTTPAPI/2.0
      - Microsoft-HTTPAPI/2.0
      strict-transport-security:
      - max-age=31536000; includeSubDomains
      transfer-encoding:
      - chunked
      vary:
      - Accept-Encoding
      x-content-type-options:
      - nosniff
      x-ms-arm-service-request-id:
      - 614b6563-6daa-4ebe-8a0d-e33f2071c24b
    status:
      code: 200
      message: OK
- request:
    body: '{"id": "/subscriptions/00000000-0000-0000-0000-000000000000/resourceGroups/cli_test_vmss_create_automatic_repairs_with_health_probe_000001/providers/Microsoft.Network/loadBalancers/lb1",
      "location": "westus", "properties": {"backendAddressPools": [{"id": "/subscriptions/00000000-0000-0000-0000-000000000000/resourceGroups/cli_test_vmss_create_automatic_repairs_with_health_probe_000001/providers/Microsoft.Network/loadBalancers/lb1/backendAddressPools/lb1bepool",
      "name": "lb1bepool", "properties": {"loadBalancerBackendAddresses": []}}], "frontendIPConfigurations":
      [{"id": "/subscriptions/00000000-0000-0000-0000-000000000000/resourceGroups/cli_test_vmss_create_automatic_repairs_with_health_probe_000001/providers/Microsoft.Network/loadBalancers/lb1/frontendIPConfigurations/LoadBalancerFrontEnd",
      "name": "LoadBalancerFrontEnd", "properties": {"privateIPAllocationMethod":
      "Dynamic", "publicIPAddress": {"id": "/subscriptions/00000000-0000-0000-0000-000000000000/resourceGroups/cli_test_vmss_create_automatic_repairs_with_health_probe_000001/providers/Microsoft.Network/publicIPAddresses/PublicIPlb1"}}}],
      "inboundNatPools": [], "inboundNatRules": [], "loadBalancingRules": [{"name":
      "lbrule", "properties": {"backendAddressPools": [{"id": "/subscriptions/00000000-0000-0000-0000-000000000000/resourceGroups/cli_test_vmss_create_automatic_repairs_with_health_probe_000001/providers/Microsoft.Network/loadBalancers/lb1/backendAddressPools/lb1bepool"}],
      "backendPort": 80, "frontendIPConfiguration": {"id": "/subscriptions/00000000-0000-0000-0000-000000000000/resourceGroups/cli_test_vmss_create_automatic_repairs_with_health_probe_000001/providers/Microsoft.Network/loadBalancers/lb1/frontendIPConfigurations/LoadBalancerFrontEnd"},
      "frontendPort": 80, "loadDistribution": "Default", "probe": {"id": "/subscriptions/00000000-0000-0000-0000-000000000000/resourceGroups/cli_test_vmss_create_automatic_repairs_with_health_probe_000001/providers/Microsoft.Network/loadBalancers/lb1/probes/probe"},
      "protocol": "Tcp"}}], "outboundRules": [], "probes": [{"id": "/subscriptions/00000000-0000-0000-0000-000000000000/resourceGroups/cli_test_vmss_create_automatic_repairs_with_health_probe_000001/providers/Microsoft.Network/loadBalancers/lb1/probes/probe",
      "name": "probe", "properties": {"intervalInSeconds": 15, "numberOfProbes": 2,
      "port": 80, "probeThreshold": 1, "protocol": "Tcp"}}]}, "sku": {"name": "Standard",
      "tier": "Regional"}, "tags": {}}'
    headers:
      Accept:
      - application/json
      Accept-Encoding:
      - gzip, deflate
      CommandName:
      - network lb rule create
      Connection:
      - keep-alive
      Content-Length:
      - '2446'
      Content-Type:
      - application/json
      ParameterSetName:
      - -g --lb-name -n --probe-name --protocol --frontend-port --backend-port
      User-Agent:
      - AZURECLI/2.56.0 (AAZ) azsdk-python-core/1.28.0 Python/3.9.5 (Windows-10-10.0.22631-SP0)
    method: PUT
    uri: https://management.azure.com/subscriptions/00000000-0000-0000-0000-000000000000/resourceGroups/cli_test_vmss_create_automatic_repairs_with_health_probe_000001/providers/Microsoft.Network/loadBalancers/lb1?api-version=2023-04-01
  response:
    body:
      string: '{"name":"lb1","id":"/subscriptions/00000000-0000-0000-0000-000000000000/resourceGroups/cli_test_vmss_create_automatic_repairs_with_health_probe_000001/providers/Microsoft.Network/loadBalancers/lb1","etag":"W/\"5a5e70cf-9ef4-4e05-9fc5-8ad411644ba9\"","type":"Microsoft.Network/loadBalancers","location":"westus","tags":{},"properties":{"provisioningState":"Succeeded","resourceGuid":"a93575c3-4632-4794-baca-b0f657a1e4e2","frontendIPConfigurations":[{"name":"LoadBalancerFrontEnd","id":"/subscriptions/00000000-0000-0000-0000-000000000000/resourceGroups/cli_test_vmss_create_automatic_repairs_with_health_probe_000001/providers/Microsoft.Network/loadBalancers/lb1/frontendIPConfigurations/LoadBalancerFrontEnd","etag":"W/\"5a5e70cf-9ef4-4e05-9fc5-8ad411644ba9\"","type":"Microsoft.Network/loadBalancers/frontendIPConfigurations","properties":{"provisioningState":"Succeeded","privateIPAllocationMethod":"Dynamic","publicIPAddress":{"id":"/subscriptions/00000000-0000-0000-0000-000000000000/resourceGroups/cli_test_vmss_create_automatic_repairs_with_health_probe_000001/providers/Microsoft.Network/publicIPAddresses/PublicIPlb1"},"loadBalancingRules":[{"id":"/subscriptions/00000000-0000-0000-0000-000000000000/resourceGroups/cli_test_vmss_create_automatic_repairs_with_health_probe_000001/providers/Microsoft.Network/loadBalancers/lb1/loadBalancingRules/lbrule"}]}}],"backendAddressPools":[{"name":"lb1bepool","id":"/subscriptions/00000000-0000-0000-0000-000000000000/resourceGroups/cli_test_vmss_create_automatic_repairs_with_health_probe_000001/providers/Microsoft.Network/loadBalancers/lb1/backendAddressPools/lb1bepool","etag":"W/\"5a5e70cf-9ef4-4e05-9fc5-8ad411644ba9\"","properties":{"provisioningState":"Succeeded","loadBalancerBackendAddresses":[],"loadBalancingRules":[{"id":"/subscriptions/00000000-0000-0000-0000-000000000000/resourceGroups/cli_test_vmss_create_automatic_repairs_with_health_probe_000001/providers/Microsoft.Network/loadBalancers/lb1/loadBalancingRules/lbrule"}]},"type":"Microsoft.Network/loadBalancers/backendAddressPools"}],"loadBalancingRules":[{"name":"lbrule","id":"/subscriptions/00000000-0000-0000-0000-000000000000/resourceGroups/cli_test_vmss_create_automatic_repairs_with_health_probe_000001/providers/Microsoft.Network/loadBalancers/lb1/loadBalancingRules/lbrule","etag":"W/\"5a5e70cf-9ef4-4e05-9fc5-8ad411644ba9\"","type":"Microsoft.Network/loadBalancers/loadBalancingRules","properties":{"provisioningState":"Succeeded","frontendIPConfiguration":{"id":"/subscriptions/00000000-0000-0000-0000-000000000000/resourceGroups/cli_test_vmss_create_automatic_repairs_with_health_probe_000001/providers/Microsoft.Network/loadBalancers/lb1/frontendIPConfigurations/LoadBalancerFrontEnd"},"frontendPort":80,"backendPort":80,"enableFloatingIP":false,"idleTimeoutInMinutes":4,"protocol":"Tcp","enableDestinationServiceEndpoint":false,"enableTcpReset":false,"allowBackendPortConflict":false,"loadDistribution":"Default","disableOutboundSnat":false,"backendAddressPool":{"id":"/subscriptions/00000000-0000-0000-0000-000000000000/resourceGroups/cli_test_vmss_create_automatic_repairs_with_health_probe_000001/providers/Microsoft.Network/loadBalancers/lb1/backendAddressPools/lb1bepool"},"backendAddressPools":[{"id":"/subscriptions/00000000-0000-0000-0000-000000000000/resourceGroups/cli_test_vmss_create_automatic_repairs_with_health_probe_000001/providers/Microsoft.Network/loadBalancers/lb1/backendAddressPools/lb1bepool"}],"probe":{"id":"/subscriptions/00000000-0000-0000-0000-000000000000/resourceGroups/cli_test_vmss_create_automatic_repairs_with_health_probe_000001/providers/Microsoft.Network/loadBalancers/lb1/probes/probe"}}}],"probes":[{"name":"probe","id":"/subscriptions/00000000-0000-0000-0000-000000000000/resourceGroups/cli_test_vmss_create_automatic_repairs_with_health_probe_000001/providers/Microsoft.Network/loadBalancers/lb1/probes/probe","etag":"W/\"5a5e70cf-9ef4-4e05-9fc5-8ad411644ba9\"","properties":{"provisioningState":"Succeeded","protocol":"Tcp","port":80,"intervalInSeconds":15,"numberOfProbes":2,"probeThreshold":1,"loadBalancingRules":[{"id":"/subscriptions/00000000-0000-0000-0000-000000000000/resourceGroups/cli_test_vmss_create_automatic_repairs_with_health_probe_000001/providers/Microsoft.Network/loadBalancers/lb1/loadBalancingRules/lbrule"}]},"type":"Microsoft.Network/loadBalancers/probes"}],"inboundNatRules":[],"outboundRules":[],"inboundNatPools":[]},"sku":{"name":"Standard","tier":"Regional"}}'
    headers:
      azure-asyncnotification:
      - Enabled
      azure-asyncoperation:
      - https://management.azure.com/subscriptions/00000000-0000-0000-0000-000000000000/providers/Microsoft.Network/locations/westus/operations/f0bb076c-ba7c-4042-b217-8851f6f6b587?api-version=2023-04-01&t=638405598131124912&c=MIIHHjCCBgagAwIBAgITfwI8YE7TFpH4swTJAgAEAjxgTjANBgkqhkiG9w0BAQsFADBEMRMwEQYKCZImiZPyLGQBGRYDR0JMMRMwEQYKCZImiZPyLGQBGRYDQU1FMRgwFgYDVQQDEw9BTUUgSW5mcmEgQ0EgMDIwHhcNMjMxMTAxMTI0ODMyWhcNMjQxMDI2MTI0ODMyWjBAMT4wPAYDVQQDEzVhc3luY29wZXJhdGlvbnNpZ25pbmdjZXJ0aWZpY2F0ZS5tYW5hZ2VtZW50LmF6dXJlLmNvbTCCASIwDQYJKoZIhvcNAQEBBQADggEPADCCAQoCggEBAOfk7s1AnKyUqxJR1tGB1o-bd08yXoGVmNHQbpQb9IWlVS7htLxnfaUT083PrTqMEBOB9OS4hyPlFX-ApR1pomKdOD1y0gioSkZG_vgzN2wtFSBJWYWnrCl3xq-Tt9kIsLmZ7FZ-JBOTPKr8rSmKzm4L0NIsVf6UNGZOPdsZpFYEXOeyjshEO6PpPevESOM8rWMDozQTl1HzkC0gPrg5DGhYsJJe5HDWO8h7FZD5HFOCbb225KnGWZppoK08q2QpTgIP8P7CvjQnoGz2CnVSlOOMvuZXjhUTObsuZWO8XdgF04CkgZhq94b4Ej__vi4D1mZ2x9zRlrEMA1MEIfV5sN0CAwEAAaOCBAswggQHMCcGCSsGAQQBgjcVCgQaMBgwCgYIKwYBBQUHAwEwCgYIKwYBBQUHAwIwPQYJKwYBBAGCNxUHBDAwLgYmKwYBBAGCNxUIhpDjDYTVtHiE8Ys-hZvdFs6dEoFggvX2K4Py0SACAWQCAQowggHaBggrBgEFBQcBAQSCAcwwggHIMGYGCCsGAQUFBzAChlpodHRwOi8vY3JsLm1pY3Jvc29mdC5jb20vcGtpaW5mcmEvQ2VydHMvQkwyUEtJSU5UQ0EwMS5BTUUuR0JMX0FNRSUyMEluZnJhJTIwQ0ElMjAwMig0KS5jcnQwVgYIKwYBBQUHMAKGSmh0dHA6Ly9jcmwxLmFtZS5nYmwvYWlhL0JMMlBLSUlOVENBMDEuQU1FLkdCTF9BTUUlMjBJbmZyYSUyMENBJTIwMDIoNCkuY3J0MFYGCCsGAQUFBzAChkpodHRwOi8vY3JsMi5hbWUuZ2JsL2FpYS9CTDJQS0lJTlRDQTAxLkFNRS5HQkxfQU1FJTIwSW5mcmElMjBDQSUyMDAyKDQpLmNydDBWBggrBgEFBQcwAoZKaHR0cDovL2NybDMuYW1lLmdibC9haWEvQkwyUEtJSU5UQ0EwMS5BTUUuR0JMX0FNRSUyMEluZnJhJTIwQ0ElMjAwMig0KS5jcnQwVgYIKwYBBQUHMAKGSmh0dHA6Ly9jcmw0LmFtZS5nYmwvYWlhL0JMMlBLSUlOVENBMDEuQU1FLkdCTF9BTUUlMjBJbmZyYSUyMENBJTIwMDIoNCkuY3J0MB0GA1UdDgQWBBRQX-Vd5gCv8ZxGaXD2PmaqqUHtdjAOBgNVHQ8BAf8EBAMCBaAwggE1BgNVHR8EggEsMIIBKDCCASSgggEgoIIBHIZCaHR0cDovL2NybC5taWNyb3NvZnQuY29tL3BraWluZnJhL0NSTC9BTUUlMjBJbmZyYSUyMENBJTIwMDIoNCkuY3JshjRodHRwOi8vY3JsMS5hbWUuZ2JsL2NybC9BTUUlMjBJbmZyYSUyMENBJTIwMDIoNCkuY3JshjRodHRwOi8vY3JsMi5hbWUuZ2JsL2NybC9BTUUlMjBJbmZyYSUyMENBJTIwMDIoNCkuY3JshjRodHRwOi8vY3JsMy5hbWUuZ2JsL2NybC9BTUUlMjBJbmZyYSUyMENBJTIwMDIoNCkuY3JshjRodHRwOi8vY3JsNC5hbWUuZ2JsL2NybC9BTUUlMjBJbmZyYSUyMENBJTIwMDIoNCkuY3JsMBcGA1UdIAQQMA4wDAYKKwYBBAGCN3sBATAfBgNVHSMEGDAWgBSuecJrXSWIEwb2BwnDl3x7l48dVTAdBgNVHSUEFjAUBggrBgEFBQcDAQYIKwYBBQUHAwIwDQYJKoZIhvcNAQELBQADggEBAGraIc9hsqUGKcUfGRNlRfK3ussZT-LVHk7wo_N16Hnjq6O3kEOh1mdMNH-uYhMOeqXAg8ua2Co_Ryny1cSbWYBExXVxH2mDnGrRA0cOMEZVd7HGLhG7AvGMFDaxPDge9P_W4kaoMoN3Q3UcKwfZ3H94NyavU0Pk8lqY294YOkd-IgerbhZiIsIR1xE4QglniwVZCNl85WS-QtiJ2urgjIQ6mIdfAQb1mUbHPMh8i3z_av1Wjp5eOUm3MIA7j9kOWVnCEWM_wzDNrLBl-o3cRuUEdVMzmghLEyrN6p0svczMmPBFkSXArQzjyJpTQfM7UHrhAv7N0cUingZ7xJY8z_M&s=SFkxUVVVyIZQD2fYPBkVQZ5jXD14ULRmDoYfCzMocPC-3OLIEYRSzw1LreUky25fUkS0TO2g-d7C_YrnLKJFjNgaIy9G68oRFmF2tdfJDG0RoUwmd6uGxoRwPhrdqQwGsMPmuB1jwhG_yLRa0A4shXFLk6XSrZtSCX--I3972ia0WL2cBjSplvFmaSeWeScvsHHO-NxcVsdGiMck-1dEHUjtZgZTMzyoaSbkV4t0iu8vYfgrH1IYHTdqOnU1oSdXeZ7o4CKzR5qcAqG0WN8D2Y-fd9Sb7QUxfDecNKPRhcWFT5Z2z1KY5qfwhO2EYKX6BBa6HQbBgMabECqGEmU3SA&h=tUmr6CuDwbeR8Sb7YJ7Mge2TZbxpskiEJXkezoHk_qY
      cache-control:
      - no-cache
      content-length:
      - '4463'
      content-type:
      - application/json; charset=utf-8
      date:
      - Thu, 11 Jan 2024 08:50:12 GMT
      expires:
      - '-1'
      pragma:
      - no-cache
      server:
      - Microsoft-HTTPAPI/2.0
      - Microsoft-HTTPAPI/2.0
      strict-transport-security:
      - max-age=31536000; includeSubDomains
      transfer-encoding:
      - chunked
      vary:
      - Accept-Encoding
      x-content-type-options:
      - nosniff
      x-ms-arm-service-request-id:
      - d6425d2c-0960-4313-86f1-a827b003dd7d
      x-ms-ratelimit-remaining-subscription-writes:
      - '1199'
    status:
      code: 200
      message: OK
- request:
    body: null
    headers:
      Accept:
      - '*/*'
      Accept-Encoding:
      - gzip, deflate
      CommandName:
      - network lb rule create
      Connection:
      - keep-alive
      ParameterSetName:
      - -g --lb-name -n --probe-name --protocol --frontend-port --backend-port
      User-Agent:
      - AZURECLI/2.56.0 (AAZ) azsdk-python-core/1.28.0 Python/3.9.5 (Windows-10-10.0.22631-SP0)
    method: GET
    uri: https://management.azure.com/subscriptions/00000000-0000-0000-0000-000000000000/providers/Microsoft.Network/locations/westus/operations/f0bb076c-ba7c-4042-b217-8851f6f6b587?api-version=2023-04-01&t=638405598131124912&c=MIIHHjCCBgagAwIBAgITfwI8YE7TFpH4swTJAgAEAjxgTjANBgkqhkiG9w0BAQsFADBEMRMwEQYKCZImiZPyLGQBGRYDR0JMMRMwEQYKCZImiZPyLGQBGRYDQU1FMRgwFgYDVQQDEw9BTUUgSW5mcmEgQ0EgMDIwHhcNMjMxMTAxMTI0ODMyWhcNMjQxMDI2MTI0ODMyWjBAMT4wPAYDVQQDEzVhc3luY29wZXJhdGlvbnNpZ25pbmdjZXJ0aWZpY2F0ZS5tYW5hZ2VtZW50LmF6dXJlLmNvbTCCASIwDQYJKoZIhvcNAQEBBQADggEPADCCAQoCggEBAOfk7s1AnKyUqxJR1tGB1o-bd08yXoGVmNHQbpQb9IWlVS7htLxnfaUT083PrTqMEBOB9OS4hyPlFX-ApR1pomKdOD1y0gioSkZG_vgzN2wtFSBJWYWnrCl3xq-Tt9kIsLmZ7FZ-JBOTPKr8rSmKzm4L0NIsVf6UNGZOPdsZpFYEXOeyjshEO6PpPevESOM8rWMDozQTl1HzkC0gPrg5DGhYsJJe5HDWO8h7FZD5HFOCbb225KnGWZppoK08q2QpTgIP8P7CvjQnoGz2CnVSlOOMvuZXjhUTObsuZWO8XdgF04CkgZhq94b4Ej__vi4D1mZ2x9zRlrEMA1MEIfV5sN0CAwEAAaOCBAswggQHMCcGCSsGAQQBgjcVCgQaMBgwCgYIKwYBBQUHAwEwCgYIKwYBBQUHAwIwPQYJKwYBBAGCNxUHBDAwLgYmKwYBBAGCNxUIhpDjDYTVtHiE8Ys-hZvdFs6dEoFggvX2K4Py0SACAWQCAQowggHaBggrBgEFBQcBAQSCAcwwggHIMGYGCCsGAQUFBzAChlpodHRwOi8vY3JsLm1pY3Jvc29mdC5jb20vcGtpaW5mcmEvQ2VydHMvQkwyUEtJSU5UQ0EwMS5BTUUuR0JMX0FNRSUyMEluZnJhJTIwQ0ElMjAwMig0KS5jcnQwVgYIKwYBBQUHMAKGSmh0dHA6Ly9jcmwxLmFtZS5nYmwvYWlhL0JMMlBLSUlOVENBMDEuQU1FLkdCTF9BTUUlMjBJbmZyYSUyMENBJTIwMDIoNCkuY3J0MFYGCCsGAQUFBzAChkpodHRwOi8vY3JsMi5hbWUuZ2JsL2FpYS9CTDJQS0lJTlRDQTAxLkFNRS5HQkxfQU1FJTIwSW5mcmElMjBDQSUyMDAyKDQpLmNydDBWBggrBgEFBQcwAoZKaHR0cDovL2NybDMuYW1lLmdibC9haWEvQkwyUEtJSU5UQ0EwMS5BTUUuR0JMX0FNRSUyMEluZnJhJTIwQ0ElMjAwMig0KS5jcnQwVgYIKwYBBQUHMAKGSmh0dHA6Ly9jcmw0LmFtZS5nYmwvYWlhL0JMMlBLSUlOVENBMDEuQU1FLkdCTF9BTUUlMjBJbmZyYSUyMENBJTIwMDIoNCkuY3J0MB0GA1UdDgQWBBRQX-Vd5gCv8ZxGaXD2PmaqqUHtdjAOBgNVHQ8BAf8EBAMCBaAwggE1BgNVHR8EggEsMIIBKDCCASSgggEgoIIBHIZCaHR0cDovL2NybC5taWNyb3NvZnQuY29tL3BraWluZnJhL0NSTC9BTUUlMjBJbmZyYSUyMENBJTIwMDIoNCkuY3JshjRodHRwOi8vY3JsMS5hbWUuZ2JsL2NybC9BTUUlMjBJbmZyYSUyMENBJTIwMDIoNCkuY3JshjRodHRwOi8vY3JsMi5hbWUuZ2JsL2NybC9BTUUlMjBJbmZyYSUyMENBJTIwMDIoNCkuY3JshjRodHRwOi8vY3JsMy5hbWUuZ2JsL2NybC9BTUUlMjBJbmZyYSUyMENBJTIwMDIoNCkuY3JshjRodHRwOi8vY3JsNC5hbWUuZ2JsL2NybC9BTUUlMjBJbmZyYSUyMENBJTIwMDIoNCkuY3JsMBcGA1UdIAQQMA4wDAYKKwYBBAGCN3sBATAfBgNVHSMEGDAWgBSuecJrXSWIEwb2BwnDl3x7l48dVTAdBgNVHSUEFjAUBggrBgEFBQcDAQYIKwYBBQUHAwIwDQYJKoZIhvcNAQELBQADggEBAGraIc9hsqUGKcUfGRNlRfK3ussZT-LVHk7wo_N16Hnjq6O3kEOh1mdMNH-uYhMOeqXAg8ua2Co_Ryny1cSbWYBExXVxH2mDnGrRA0cOMEZVd7HGLhG7AvGMFDaxPDge9P_W4kaoMoN3Q3UcKwfZ3H94NyavU0Pk8lqY294YOkd-IgerbhZiIsIR1xE4QglniwVZCNl85WS-QtiJ2urgjIQ6mIdfAQb1mUbHPMh8i3z_av1Wjp5eOUm3MIA7j9kOWVnCEWM_wzDNrLBl-o3cRuUEdVMzmghLEyrN6p0svczMmPBFkSXArQzjyJpTQfM7UHrhAv7N0cUingZ7xJY8z_M&s=SFkxUVVVyIZQD2fYPBkVQZ5jXD14ULRmDoYfCzMocPC-3OLIEYRSzw1LreUky25fUkS0TO2g-d7C_YrnLKJFjNgaIy9G68oRFmF2tdfJDG0RoUwmd6uGxoRwPhrdqQwGsMPmuB1jwhG_yLRa0A4shXFLk6XSrZtSCX--I3972ia0WL2cBjSplvFmaSeWeScvsHHO-NxcVsdGiMck-1dEHUjtZgZTMzyoaSbkV4t0iu8vYfgrH1IYHTdqOnU1oSdXeZ7o4CKzR5qcAqG0WN8D2Y-fd9Sb7QUxfDecNKPRhcWFT5Z2z1KY5qfwhO2EYKX6BBa6HQbBgMabECqGEmU3SA&h=tUmr6CuDwbeR8Sb7YJ7Mge2TZbxpskiEJXkezoHk_qY
  response:
    body:
      string: '{"status":"Succeeded"}'
    headers:
      cache-control:
      - no-cache
      content-length:
      - '22'
      content-type:
      - application/json; charset=utf-8
      date:
      - Thu, 11 Jan 2024 08:50:13 GMT
      expires:
      - '-1'
      pragma:
      - no-cache
      server:
      - Microsoft-HTTPAPI/2.0
      - Microsoft-HTTPAPI/2.0
      strict-transport-security:
      - max-age=31536000; includeSubDomains
      transfer-encoding:
      - chunked
      vary:
      - Accept-Encoding
      x-content-type-options:
      - nosniff
      x-ms-arm-service-request-id:
      - abc3e91c-2d4c-4c20-8ad3-e4ec0daad945
    status:
      code: 200
      message: OK
- request:
    body: null
    headers:
      Accept:
      - '*/*'
      Accept-Encoding:
      - gzip, deflate
      CommandName:
      - network lb rule create
      Connection:
      - keep-alive
      ParameterSetName:
      - -g --lb-name -n --probe-name --protocol --frontend-port --backend-port
      User-Agent:
      - AZURECLI/2.56.0 (AAZ) azsdk-python-core/1.28.0 Python/3.9.5 (Windows-10-10.0.22631-SP0)
    method: GET
    uri: https://management.azure.com/subscriptions/00000000-0000-0000-0000-000000000000/resourceGroups/cli_test_vmss_create_automatic_repairs_with_health_probe_000001/providers/Microsoft.Network/loadBalancers/lb1?api-version=2023-04-01
  response:
    body:
      string: '{"name":"lb1","id":"/subscriptions/00000000-0000-0000-0000-000000000000/resourceGroups/cli_test_vmss_create_automatic_repairs_with_health_probe_000001/providers/Microsoft.Network/loadBalancers/lb1","etag":"W/\"5a5e70cf-9ef4-4e05-9fc5-8ad411644ba9\"","type":"Microsoft.Network/loadBalancers","location":"westus","tags":{},"properties":{"provisioningState":"Succeeded","resourceGuid":"a93575c3-4632-4794-baca-b0f657a1e4e2","frontendIPConfigurations":[{"name":"LoadBalancerFrontEnd","id":"/subscriptions/00000000-0000-0000-0000-000000000000/resourceGroups/cli_test_vmss_create_automatic_repairs_with_health_probe_000001/providers/Microsoft.Network/loadBalancers/lb1/frontendIPConfigurations/LoadBalancerFrontEnd","etag":"W/\"5a5e70cf-9ef4-4e05-9fc5-8ad411644ba9\"","type":"Microsoft.Network/loadBalancers/frontendIPConfigurations","properties":{"provisioningState":"Succeeded","privateIPAllocationMethod":"Dynamic","publicIPAddress":{"id":"/subscriptions/00000000-0000-0000-0000-000000000000/resourceGroups/cli_test_vmss_create_automatic_repairs_with_health_probe_000001/providers/Microsoft.Network/publicIPAddresses/PublicIPlb1"},"loadBalancingRules":[{"id":"/subscriptions/00000000-0000-0000-0000-000000000000/resourceGroups/cli_test_vmss_create_automatic_repairs_with_health_probe_000001/providers/Microsoft.Network/loadBalancers/lb1/loadBalancingRules/lbrule"}]}}],"backendAddressPools":[{"name":"lb1bepool","id":"/subscriptions/00000000-0000-0000-0000-000000000000/resourceGroups/cli_test_vmss_create_automatic_repairs_with_health_probe_000001/providers/Microsoft.Network/loadBalancers/lb1/backendAddressPools/lb1bepool","etag":"W/\"5a5e70cf-9ef4-4e05-9fc5-8ad411644ba9\"","properties":{"provisioningState":"Succeeded","loadBalancerBackendAddresses":[],"loadBalancingRules":[{"id":"/subscriptions/00000000-0000-0000-0000-000000000000/resourceGroups/cli_test_vmss_create_automatic_repairs_with_health_probe_000001/providers/Microsoft.Network/loadBalancers/lb1/loadBalancingRules/lbrule"}]},"type":"Microsoft.Network/loadBalancers/backendAddressPools"}],"loadBalancingRules":[{"name":"lbrule","id":"/subscriptions/00000000-0000-0000-0000-000000000000/resourceGroups/cli_test_vmss_create_automatic_repairs_with_health_probe_000001/providers/Microsoft.Network/loadBalancers/lb1/loadBalancingRules/lbrule","etag":"W/\"5a5e70cf-9ef4-4e05-9fc5-8ad411644ba9\"","type":"Microsoft.Network/loadBalancers/loadBalancingRules","properties":{"provisioningState":"Succeeded","frontendIPConfiguration":{"id":"/subscriptions/00000000-0000-0000-0000-000000000000/resourceGroups/cli_test_vmss_create_automatic_repairs_with_health_probe_000001/providers/Microsoft.Network/loadBalancers/lb1/frontendIPConfigurations/LoadBalancerFrontEnd"},"frontendPort":80,"backendPort":80,"enableFloatingIP":false,"idleTimeoutInMinutes":4,"protocol":"Tcp","enableDestinationServiceEndpoint":false,"enableTcpReset":false,"allowBackendPortConflict":false,"loadDistribution":"Default","disableOutboundSnat":false,"backendAddressPool":{"id":"/subscriptions/00000000-0000-0000-0000-000000000000/resourceGroups/cli_test_vmss_create_automatic_repairs_with_health_probe_000001/providers/Microsoft.Network/loadBalancers/lb1/backendAddressPools/lb1bepool"},"backendAddressPools":[{"id":"/subscriptions/00000000-0000-0000-0000-000000000000/resourceGroups/cli_test_vmss_create_automatic_repairs_with_health_probe_000001/providers/Microsoft.Network/loadBalancers/lb1/backendAddressPools/lb1bepool"}],"probe":{"id":"/subscriptions/00000000-0000-0000-0000-000000000000/resourceGroups/cli_test_vmss_create_automatic_repairs_with_health_probe_000001/providers/Microsoft.Network/loadBalancers/lb1/probes/probe"}}}],"probes":[{"name":"probe","id":"/subscriptions/00000000-0000-0000-0000-000000000000/resourceGroups/cli_test_vmss_create_automatic_repairs_with_health_probe_000001/providers/Microsoft.Network/loadBalancers/lb1/probes/probe","etag":"W/\"5a5e70cf-9ef4-4e05-9fc5-8ad411644ba9\"","properties":{"provisioningState":"Succeeded","protocol":"Tcp","port":80,"intervalInSeconds":15,"numberOfProbes":2,"probeThreshold":1,"loadBalancingRules":[{"id":"/subscriptions/00000000-0000-0000-0000-000000000000/resourceGroups/cli_test_vmss_create_automatic_repairs_with_health_probe_000001/providers/Microsoft.Network/loadBalancers/lb1/loadBalancingRules/lbrule"}]},"type":"Microsoft.Network/loadBalancers/probes"}],"inboundNatRules":[],"outboundRules":[],"inboundNatPools":[]},"sku":{"name":"Standard","tier":"Regional"}}'
    headers:
      cache-control:
      - no-cache
      content-length:
      - '4463'
      content-type:
      - application/json; charset=utf-8
      date:
      - Thu, 11 Jan 2024 08:50:13 GMT
      etag:
      - W/"5a5e70cf-9ef4-4e05-9fc5-8ad411644ba9"
      expires:
      - '-1'
      pragma:
      - no-cache
      server:
      - Microsoft-HTTPAPI/2.0
      - Microsoft-HTTPAPI/2.0
      strict-transport-security:
      - max-age=31536000; includeSubDomains
      transfer-encoding:
      - chunked
      vary:
      - Accept-Encoding
      x-content-type-options:
      - nosniff
      x-ms-arm-service-request-id:
      - b02afcba-e356-4bde-8f3a-26ffd3700a1d
    status:
      code: 200
      message: OK
- request:
    body: null
    headers:
      Accept:
      - application/json
      Accept-Encoding:
      - gzip, deflate
      CommandName:
      - vmss create
      Connection:
      - keep-alive
      ParameterSetName:
      - -g -n --image --load-balancer --health-probe --automatic-repairs-grace-period
        --automatic-repairs-action --admin-username --orchestration-mode
      User-Agent:
      - AZURECLI/2.56.0 azsdk-python-azure-mgmt-resource/23.1.0b2 Python/3.9.5 (Windows-10-10.0.22631-SP0)
    method: GET
    uri: https://management.azure.com/subscriptions/00000000-0000-0000-0000-000000000000/resourcegroups/cli_test_vmss_create_automatic_repairs_with_health_probe_000001?api-version=2022-09-01
  response:
    body:
      string: '{"id":"/subscriptions/00000000-0000-0000-0000-000000000000/resourceGroups/cli_test_vmss_create_automatic_repairs_with_health_probe_000001","name":"cli_test_vmss_create_automatic_repairs_with_health_probe_000001","type":"Microsoft.Resources/resourceGroups","location":"westus","tags":{"product":"azurecli","cause":"automation","test":"test_vmss_create_automatic_repairs_with_health_probe","date":"2024-01-11T08:49:03Z","module":"vm"},"properties":{"provisioningState":"Succeeded"}}'
    headers:
      cache-control:
      - no-cache
      content-length:
      - '480'
      content-type:
      - application/json; charset=utf-8
      date:
      - Thu, 11 Jan 2024 08:50:14 GMT
      expires:
      - '-1'
      pragma:
      - no-cache
      strict-transport-security:
      - max-age=31536000; includeSubDomains
      vary:
      - Accept-Encoding
      x-content-type-options:
      - nosniff
    status:
      code: 200
      message: OK
- request:
    body: null
    headers:
      Accept:
      - application/json
      Accept-Encoding:
      - gzip, deflate
      CommandName:
      - vmss create
      Connection:
      - keep-alive
      ParameterSetName:
      - -g -n --image --load-balancer --health-probe --automatic-repairs-grace-period
        --automatic-repairs-action --admin-username --orchestration-mode
      User-Agent:
      - AZURECLI/2.56.0 azsdk-python-azure-mgmt-compute/30.4.0 Python/3.9.5 (Windows-10-10.0.22631-SP0)
    method: GET
    uri: https://management.azure.com/subscriptions/00000000-0000-0000-0000-000000000000/providers/Microsoft.Compute/locations/westus/publishers/Canonical/artifacttypes/vmimage/offers/UbuntuServer/skus/18.04-LTS/versions?$top=1&$orderby=name%20desc&api-version=2023-09-01
  response:
    body:
      string: "[\r\n  {\r\n    \"location\": \"westus\",\r\n    \"name\": \"18.04.202306070\",\r\n
        \   \"id\": \"/Subscriptions/00000000-0000-0000-0000-000000000000/Providers/Microsoft.Compute/Locations/westus/Publishers/Canonical/ArtifactTypes/VMImage/Offers/UbuntuServer/Skus/18.04-LTS/Versions/18.04.202306070\"\r\n
        \ }\r\n]"
    headers:
      cache-control:
      - no-cache
      content-length:
      - '286'
      content-type:
      - application/json; charset=utf-8
      date:
      - Thu, 11 Jan 2024 08:50:15 GMT
      expires:
      - '-1'
      pragma:
      - no-cache
      server:
      - Microsoft-HTTPAPI/2.0
      - Microsoft-HTTPAPI/2.0
      strict-transport-security:
      - max-age=31536000; includeSubDomains
      transfer-encoding:
      - chunked
      vary:
      - Accept-Encoding
      x-content-type-options:
      - nosniff
      x-ms-ratelimit-remaining-resource:
      - Microsoft.Compute/ListVMImagesVersionsFromLocation3Min;15997,Microsoft.Compute/ListVMImagesVersionsFromLocation30Min;43997
    status:
      code: 200
      message: OK
- request:
    body: null
    headers:
      Accept:
      - application/json
      Accept-Encoding:
      - gzip, deflate
      CommandName:
      - vmss create
      Connection:
      - keep-alive
      ParameterSetName:
      - -g -n --image --load-balancer --health-probe --automatic-repairs-grace-period
        --automatic-repairs-action --admin-username --orchestration-mode
      User-Agent:
      - AZURECLI/2.56.0 azsdk-python-azure-mgmt-compute/30.4.0 Python/3.9.5 (Windows-10-10.0.22631-SP0)
    method: GET
    uri: https://management.azure.com/subscriptions/00000000-0000-0000-0000-000000000000/providers/Microsoft.Compute/locations/westus/publishers/Canonical/artifacttypes/vmimage/offers/UbuntuServer/skus/18.04-LTS/versions/18.04.202306070?api-version=2023-09-01
  response:
    body:
      string: "{\r\n  \"properties\": {\r\n    \"hyperVGeneration\": \"V1\",\r\n    \"architecture\":
        \"x64\",\r\n    \"replicaType\": \"Unmanaged\",\r\n    \"disallowed\": {\r\n
        \     \"vmDiskType\": \"None\"\r\n    },\r\n    \"automaticOSUpgradeProperties\":
        {\r\n      \"automaticOSUpgradeSupported\": true\r\n    },\r\n    \"imageDeprecationStatus\":
        {\r\n      \"imageState\": \"Active\"\r\n    },\r\n    \"features\": [\r\n
        \     {\r\n        \"name\": \"IsAcceleratedNetworkSupported\",\r\n        \"value\":
        \"True\"\r\n      },\r\n      {\r\n        \"name\": \"DiskControllerTypes\",\r\n
        \       \"value\": \"SCSI, NVMe\"\r\n      },\r\n      {\r\n        \"name\":
        \"IsHibernateSupported\",\r\n        \"value\": \"True\"\r\n      }\r\n    ],\r\n
        \   \"osDiskImage\": {\r\n      \"operatingSystem\": \"Linux\",\r\n      \"sizeInBytes\":
        32213303808\r\n    },\r\n    \"dataDiskImages\": []\r\n  },\r\n  \"location\":
        \"westus\",\r\n  \"name\": \"18.04.202306070\",\r\n  \"id\": \"/Subscriptions/00000000-0000-0000-0000-000000000000/Providers/Microsoft.Compute/Locations/westus/Publishers/Canonical/ArtifactTypes/VMImage/Offers/UbuntuServer/Skus/18.04-LTS/Versions/18.04.202306070\"\r\n}"
    headers:
      cache-control:
      - no-cache
      content-length:
      - '1025'
      content-type:
      - application/json; charset=utf-8
      date:
      - Thu, 11 Jan 2024 08:50:16 GMT
      expires:
      - '-1'
      pragma:
      - no-cache
      server:
      - Microsoft-HTTPAPI/2.0
      - Microsoft-HTTPAPI/2.0
      strict-transport-security:
      - max-age=31536000; includeSubDomains
      transfer-encoding:
      - chunked
      vary:
      - Accept-Encoding
      x-content-type-options:
      - nosniff
      x-ms-ratelimit-remaining-resource:
      - Microsoft.Compute/GetVMImageFromLocation3Min;12997,Microsoft.Compute/GetVMImageFromLocation30Min;73997
    status:
      code: 200
      message: OK
- request:
    body: null
    headers:
      Accept:
      - application/json
      Accept-Encoding:
      - gzip, deflate
      CommandName:
      - vmss create
      Connection:
      - keep-alive
      ParameterSetName:
      - -g -n --image --load-balancer --health-probe --automatic-repairs-grace-period
        --automatic-repairs-action --admin-username --orchestration-mode
      User-Agent:
      - AZURECLI/2.56.0 (AAZ) azsdk-python-core/1.28.0 Python/3.9.5 (Windows-10-10.0.22631-SP0)
    method: GET
    uri: https://management.azure.com/subscriptions/00000000-0000-0000-0000-000000000000/resourceGroups/cli_test_vmss_create_automatic_repairs_with_health_probe_000001/providers/Microsoft.Network/virtualNetworks?api-version=2022-01-01
  response:
    body:
      string: '{"value":[]}'
    headers:
      cache-control:
      - no-cache
      content-length:
      - '12'
      content-type:
      - application/json; charset=utf-8
      date:
      - Thu, 11 Jan 2024 08:50:17 GMT
      expires:
      - '-1'
      pragma:
      - no-cache
      strict-transport-security:
      - max-age=31536000; includeSubDomains
      vary:
      - Accept-Encoding
      x-content-type-options:
      - nosniff
    status:
      code: 200
      message: OK
- request:
    body: null
    headers:
      Accept:
      - application/json
      Accept-Encoding:
      - gzip, deflate
      CommandName:
      - vmss create
      Connection:
      - keep-alive
      ParameterSetName:
      - -g -n --image --load-balancer --health-probe --automatic-repairs-grace-period
        --automatic-repairs-action --admin-username --orchestration-mode
      User-Agent:
      - AZURECLI/2.56.0 (AAZ) azsdk-python-core/1.28.0 Python/3.9.5 (Windows-10-10.0.22631-SP0)
    method: GET
    uri: https://management.azure.com/subscriptions/00000000-0000-0000-0000-000000000000/resourceGroups/cli_test_vmss_create_automatic_repairs_with_health_probe_000001/providers/Microsoft.Network/loadBalancers/lb1?api-version=2022-01-01
  response:
    body:
      string: "{\r\n  \"name\": \"lb1\",\r\n  \"id\": \"/subscriptions/00000000-0000-0000-0000-000000000000/resourceGroups/cli_test_vmss_create_automatic_repairs_with_health_probe_000001/providers/Microsoft.Network/loadBalancers/lb1\",\r\n
        \ \"etag\": \"W/\\\"5a5e70cf-9ef4-4e05-9fc5-8ad411644ba9\\\"\",\r\n  \"type\":
        \"Microsoft.Network/loadBalancers\",\r\n  \"location\": \"westus\",\r\n  \"tags\":
        {},\r\n  \"properties\": {\r\n    \"provisioningState\": \"Succeeded\",\r\n
        \   \"resourceGuid\": \"a93575c3-4632-4794-baca-b0f657a1e4e2\",\r\n    \"frontendIPConfigurations\":
        [\r\n      {\r\n        \"name\": \"LoadBalancerFrontEnd\",\r\n        \"id\":
        \"/subscriptions/00000000-0000-0000-0000-000000000000/resourceGroups/cli_test_vmss_create_automatic_repairs_with_health_probe_000001/providers/Microsoft.Network/loadBalancers/lb1/frontendIPConfigurations/LoadBalancerFrontEnd\",\r\n
        \       \"etag\": \"W/\\\"5a5e70cf-9ef4-4e05-9fc5-8ad411644ba9\\\"\",\r\n
        \       \"type\": \"Microsoft.Network/loadBalancers/frontendIPConfigurations\",\r\n
        \       \"properties\": {\r\n          \"provisioningState\": \"Succeeded\",\r\n
        \         \"privateIPAllocationMethod\": \"Dynamic\",\r\n          \"publicIPAddress\":
        {\r\n            \"id\": \"/subscriptions/00000000-0000-0000-0000-000000000000/resourceGroups/cli_test_vmss_create_automatic_repairs_with_health_probe_000001/providers/Microsoft.Network/publicIPAddresses/PublicIPlb1\"\r\n
        \         },\r\n          \"loadBalancingRules\": [\r\n            {\r\n              \"id\":
        \"/subscriptions/00000000-0000-0000-0000-000000000000/resourceGroups/cli_test_vmss_create_automatic_repairs_with_health_probe_000001/providers/Microsoft.Network/loadBalancers/lb1/loadBalancingRules/lbrule\"\r\n
        \           }\r\n          ]\r\n        }\r\n      }\r\n    ],\r\n    \"backendAddressPools\":
        [\r\n      {\r\n        \"name\": \"lb1bepool\",\r\n        \"id\": \"/subscriptions/00000000-0000-0000-0000-000000000000/resourceGroups/cli_test_vmss_create_automatic_repairs_with_health_probe_000001/providers/Microsoft.Network/loadBalancers/lb1/backendAddressPools/lb1bepool\",\r\n
        \       \"etag\": \"W/\\\"5a5e70cf-9ef4-4e05-9fc5-8ad411644ba9\\\"\",\r\n
        \       \"properties\": {\r\n          \"provisioningState\": \"Succeeded\",\r\n
        \         \"loadBalancerBackendAddresses\": [],\r\n          \"loadBalancingRules\":
        [\r\n            {\r\n              \"id\": \"/subscriptions/00000000-0000-0000-0000-000000000000/resourceGroups/cli_test_vmss_create_automatic_repairs_with_health_probe_000001/providers/Microsoft.Network/loadBalancers/lb1/loadBalancingRules/lbrule\"\r\n
        \           }\r\n          ]\r\n        },\r\n        \"type\": \"Microsoft.Network/loadBalancers/backendAddressPools\"\r\n
        \     }\r\n    ],\r\n    \"loadBalancingRules\": [\r\n      {\r\n        \"name\":
        \"lbrule\",\r\n        \"id\": \"/subscriptions/00000000-0000-0000-0000-000000000000/resourceGroups/cli_test_vmss_create_automatic_repairs_with_health_probe_000001/providers/Microsoft.Network/loadBalancers/lb1/loadBalancingRules/lbrule\",\r\n
        \       \"etag\": \"W/\\\"5a5e70cf-9ef4-4e05-9fc5-8ad411644ba9\\\"\",\r\n
        \       \"type\": \"Microsoft.Network/loadBalancers/loadBalancingRules\",\r\n
        \       \"properties\": {\r\n          \"provisioningState\": \"Succeeded\",\r\n
        \         \"frontendIPConfiguration\": {\r\n            \"id\": \"/subscriptions/00000000-0000-0000-0000-000000000000/resourceGroups/cli_test_vmss_create_automatic_repairs_with_health_probe_000001/providers/Microsoft.Network/loadBalancers/lb1/frontendIPConfigurations/LoadBalancerFrontEnd\"\r\n
        \         },\r\n          \"frontendPort\": 80,\r\n          \"backendPort\":
        80,\r\n          \"enableFloatingIP\": false,\r\n          \"idleTimeoutInMinutes\":
        4,\r\n          \"protocol\": \"Tcp\",\r\n          \"enableDestinationServiceEndpoint\":
        false,\r\n          \"enableTcpReset\": false,\r\n          \"allowBackendPortConflict\":
        false,\r\n          \"loadDistribution\": \"Default\",\r\n          \"disableOutboundSnat\":
        false,\r\n          \"backendAddressPool\": {\r\n            \"id\": \"/subscriptions/00000000-0000-0000-0000-000000000000/resourceGroups/cli_test_vmss_create_automatic_repairs_with_health_probe_000001/providers/Microsoft.Network/loadBalancers/lb1/backendAddressPools/lb1bepool\"\r\n
        \         },\r\n          \"backendAddressPools\": [\r\n            {\r\n
        \             \"id\": \"/subscriptions/00000000-0000-0000-0000-000000000000/resourceGroups/cli_test_vmss_create_automatic_repairs_with_health_probe_000001/providers/Microsoft.Network/loadBalancers/lb1/backendAddressPools/lb1bepool\"\r\n
        \           }\r\n          ],\r\n          \"probe\": {\r\n            \"id\":
        \"/subscriptions/00000000-0000-0000-0000-000000000000/resourceGroups/cli_test_vmss_create_automatic_repairs_with_health_probe_000001/providers/Microsoft.Network/loadBalancers/lb1/probes/probe\"\r\n
        \         }\r\n        }\r\n      }\r\n    ],\r\n    \"probes\": [\r\n      {\r\n
        \       \"name\": \"probe\",\r\n        \"id\": \"/subscriptions/00000000-0000-0000-0000-000000000000/resourceGroups/cli_test_vmss_create_automatic_repairs_with_health_probe_000001/providers/Microsoft.Network/loadBalancers/lb1/probes/probe\",\r\n
        \       \"etag\": \"W/\\\"5a5e70cf-9ef4-4e05-9fc5-8ad411644ba9\\\"\",\r\n
        \       \"properties\": {\r\n          \"provisioningState\": \"Succeeded\",\r\n
        \         \"protocol\": \"Tcp\",\r\n          \"port\": 80,\r\n          \"intervalInSeconds\":
        15,\r\n          \"numberOfProbes\": 2,\r\n          \"probeThreshold\": 1,\r\n
        \         \"loadBalancingRules\": [\r\n            {\r\n              \"id\":
        \"/subscriptions/00000000-0000-0000-0000-000000000000/resourceGroups/cli_test_vmss_create_automatic_repairs_with_health_probe_000001/providers/Microsoft.Network/loadBalancers/lb1/loadBalancingRules/lbrule\"\r\n
        \           }\r\n          ]\r\n        },\r\n        \"type\": \"Microsoft.Network/loadBalancers/probes\"\r\n
        \     }\r\n    ],\r\n    \"inboundNatRules\": [],\r\n    \"outboundRules\":
        [],\r\n    \"inboundNatPools\": []\r\n  },\r\n  \"sku\": {\r\n    \"name\":
        \"Standard\",\r\n    \"tier\": \"Regional\"\r\n  }\r\n}"
    headers:
      cache-control:
      - no-cache
      content-length:
      - '5651'
      content-type:
      - application/json; charset=utf-8
      date:
      - Thu, 11 Jan 2024 08:50:18 GMT
      etag:
      - W/"5a5e70cf-9ef4-4e05-9fc5-8ad411644ba9"
      expires:
      - '-1'
      pragma:
      - no-cache
      server:
      - Microsoft-HTTPAPI/2.0
      - Microsoft-HTTPAPI/2.0
      strict-transport-security:
      - max-age=31536000; includeSubDomains
      transfer-encoding:
      - chunked
      vary:
      - Accept-Encoding
      x-content-type-options:
      - nosniff
      x-ms-arm-service-request-id:
      - 8312325a-7f0e-4380-b242-f31df4cfe6d8
    status:
      code: 200
      message: OK
- request:
    body: null
    headers:
      Accept:
      - application/json
      Accept-Encoding:
      - gzip, deflate
      CommandName:
      - vmss create
      Connection:
      - keep-alive
      ParameterSetName:
      - -g -n --image --load-balancer --health-probe --automatic-repairs-grace-period
        --automatic-repairs-action --admin-username --orchestration-mode
      User-Agent:
      - AZURECLI/2.56.0 (AAZ) azsdk-python-core/1.28.0 Python/3.9.5 (Windows-10-10.0.22631-SP0)
    method: GET
    uri: https://management.azure.com/subscriptions/00000000-0000-0000-0000-000000000000/resourceGroups/cli_test_vmss_create_automatic_repairs_with_health_probe_000001/providers/Microsoft.Network/loadBalancers/lb1?api-version=2022-01-01
  response:
    body:
      string: "{\r\n  \"name\": \"lb1\",\r\n  \"id\": \"/subscriptions/00000000-0000-0000-0000-000000000000/resourceGroups/cli_test_vmss_create_automatic_repairs_with_health_probe_000001/providers/Microsoft.Network/loadBalancers/lb1\",\r\n
        \ \"etag\": \"W/\\\"5a5e70cf-9ef4-4e05-9fc5-8ad411644ba9\\\"\",\r\n  \"type\":
        \"Microsoft.Network/loadBalancers\",\r\n  \"location\": \"westus\",\r\n  \"tags\":
        {},\r\n  \"properties\": {\r\n    \"provisioningState\": \"Succeeded\",\r\n
        \   \"resourceGuid\": \"a93575c3-4632-4794-baca-b0f657a1e4e2\",\r\n    \"frontendIPConfigurations\":
        [\r\n      {\r\n        \"name\": \"LoadBalancerFrontEnd\",\r\n        \"id\":
        \"/subscriptions/00000000-0000-0000-0000-000000000000/resourceGroups/cli_test_vmss_create_automatic_repairs_with_health_probe_000001/providers/Microsoft.Network/loadBalancers/lb1/frontendIPConfigurations/LoadBalancerFrontEnd\",\r\n
        \       \"etag\": \"W/\\\"5a5e70cf-9ef4-4e05-9fc5-8ad411644ba9\\\"\",\r\n
        \       \"type\": \"Microsoft.Network/loadBalancers/frontendIPConfigurations\",\r\n
        \       \"properties\": {\r\n          \"provisioningState\": \"Succeeded\",\r\n
        \         \"privateIPAllocationMethod\": \"Dynamic\",\r\n          \"publicIPAddress\":
        {\r\n            \"id\": \"/subscriptions/00000000-0000-0000-0000-000000000000/resourceGroups/cli_test_vmss_create_automatic_repairs_with_health_probe_000001/providers/Microsoft.Network/publicIPAddresses/PublicIPlb1\"\r\n
        \         },\r\n          \"loadBalancingRules\": [\r\n            {\r\n              \"id\":
        \"/subscriptions/00000000-0000-0000-0000-000000000000/resourceGroups/cli_test_vmss_create_automatic_repairs_with_health_probe_000001/providers/Microsoft.Network/loadBalancers/lb1/loadBalancingRules/lbrule\"\r\n
        \           }\r\n          ]\r\n        }\r\n      }\r\n    ],\r\n    \"backendAddressPools\":
        [\r\n      {\r\n        \"name\": \"lb1bepool\",\r\n        \"id\": \"/subscriptions/00000000-0000-0000-0000-000000000000/resourceGroups/cli_test_vmss_create_automatic_repairs_with_health_probe_000001/providers/Microsoft.Network/loadBalancers/lb1/backendAddressPools/lb1bepool\",\r\n
        \       \"etag\": \"W/\\\"5a5e70cf-9ef4-4e05-9fc5-8ad411644ba9\\\"\",\r\n
        \       \"properties\": {\r\n          \"provisioningState\": \"Succeeded\",\r\n
        \         \"loadBalancerBackendAddresses\": [],\r\n          \"loadBalancingRules\":
        [\r\n            {\r\n              \"id\": \"/subscriptions/00000000-0000-0000-0000-000000000000/resourceGroups/cli_test_vmss_create_automatic_repairs_with_health_probe_000001/providers/Microsoft.Network/loadBalancers/lb1/loadBalancingRules/lbrule\"\r\n
        \           }\r\n          ]\r\n        },\r\n        \"type\": \"Microsoft.Network/loadBalancers/backendAddressPools\"\r\n
        \     }\r\n    ],\r\n    \"loadBalancingRules\": [\r\n      {\r\n        \"name\":
        \"lbrule\",\r\n        \"id\": \"/subscriptions/00000000-0000-0000-0000-000000000000/resourceGroups/cli_test_vmss_create_automatic_repairs_with_health_probe_000001/providers/Microsoft.Network/loadBalancers/lb1/loadBalancingRules/lbrule\",\r\n
        \       \"etag\": \"W/\\\"5a5e70cf-9ef4-4e05-9fc5-8ad411644ba9\\\"\",\r\n
        \       \"type\": \"Microsoft.Network/loadBalancers/loadBalancingRules\",\r\n
        \       \"properties\": {\r\n          \"provisioningState\": \"Succeeded\",\r\n
        \         \"frontendIPConfiguration\": {\r\n            \"id\": \"/subscriptions/00000000-0000-0000-0000-000000000000/resourceGroups/cli_test_vmss_create_automatic_repairs_with_health_probe_000001/providers/Microsoft.Network/loadBalancers/lb1/frontendIPConfigurations/LoadBalancerFrontEnd\"\r\n
        \         },\r\n          \"frontendPort\": 80,\r\n          \"backendPort\":
        80,\r\n          \"enableFloatingIP\": false,\r\n          \"idleTimeoutInMinutes\":
        4,\r\n          \"protocol\": \"Tcp\",\r\n          \"enableDestinationServiceEndpoint\":
        false,\r\n          \"enableTcpReset\": false,\r\n          \"allowBackendPortConflict\":
        false,\r\n          \"loadDistribution\": \"Default\",\r\n          \"disableOutboundSnat\":
        false,\r\n          \"backendAddressPool\": {\r\n            \"id\": \"/subscriptions/00000000-0000-0000-0000-000000000000/resourceGroups/cli_test_vmss_create_automatic_repairs_with_health_probe_000001/providers/Microsoft.Network/loadBalancers/lb1/backendAddressPools/lb1bepool\"\r\n
        \         },\r\n          \"backendAddressPools\": [\r\n            {\r\n
        \             \"id\": \"/subscriptions/00000000-0000-0000-0000-000000000000/resourceGroups/cli_test_vmss_create_automatic_repairs_with_health_probe_000001/providers/Microsoft.Network/loadBalancers/lb1/backendAddressPools/lb1bepool\"\r\n
        \           }\r\n          ],\r\n          \"probe\": {\r\n            \"id\":
        \"/subscriptions/00000000-0000-0000-0000-000000000000/resourceGroups/cli_test_vmss_create_automatic_repairs_with_health_probe_000001/providers/Microsoft.Network/loadBalancers/lb1/probes/probe\"\r\n
        \         }\r\n        }\r\n      }\r\n    ],\r\n    \"probes\": [\r\n      {\r\n
        \       \"name\": \"probe\",\r\n        \"id\": \"/subscriptions/00000000-0000-0000-0000-000000000000/resourceGroups/cli_test_vmss_create_automatic_repairs_with_health_probe_000001/providers/Microsoft.Network/loadBalancers/lb1/probes/probe\",\r\n
        \       \"etag\": \"W/\\\"5a5e70cf-9ef4-4e05-9fc5-8ad411644ba9\\\"\",\r\n
        \       \"properties\": {\r\n          \"provisioningState\": \"Succeeded\",\r\n
        \         \"protocol\": \"Tcp\",\r\n          \"port\": 80,\r\n          \"intervalInSeconds\":
        15,\r\n          \"numberOfProbes\": 2,\r\n          \"probeThreshold\": 1,\r\n
        \         \"loadBalancingRules\": [\r\n            {\r\n              \"id\":
        \"/subscriptions/00000000-0000-0000-0000-000000000000/resourceGroups/cli_test_vmss_create_automatic_repairs_with_health_probe_000001/providers/Microsoft.Network/loadBalancers/lb1/loadBalancingRules/lbrule\"\r\n
        \           }\r\n          ]\r\n        },\r\n        \"type\": \"Microsoft.Network/loadBalancers/probes\"\r\n
        \     }\r\n    ],\r\n    \"inboundNatRules\": [],\r\n    \"outboundRules\":
        [],\r\n    \"inboundNatPools\": []\r\n  },\r\n  \"sku\": {\r\n    \"name\":
        \"Standard\",\r\n    \"tier\": \"Regional\"\r\n  }\r\n}"
    headers:
      cache-control:
      - no-cache
      content-length:
      - '5651'
      content-type:
      - application/json; charset=utf-8
      date:
      - Thu, 11 Jan 2024 08:50:20 GMT
      etag:
      - W/"5a5e70cf-9ef4-4e05-9fc5-8ad411644ba9"
      expires:
      - '-1'
      pragma:
      - no-cache
      server:
      - Microsoft-HTTPAPI/2.0
      - Microsoft-HTTPAPI/2.0
      strict-transport-security:
      - max-age=31536000; includeSubDomains
      transfer-encoding:
      - chunked
      vary:
      - Accept-Encoding
      x-content-type-options:
      - nosniff
      x-ms-arm-service-request-id:
      - 5e86024d-57e3-44a0-826d-6bddce3f5fd0
    status:
      code: 200
      message: OK
- request:
    body: null
    headers:
      Accept:
      - application/json
      Accept-Encoding:
      - gzip, deflate
      CommandName:
      - vmss create
      Connection:
      - keep-alive
      ParameterSetName:
      - -g -n --image --load-balancer --health-probe --automatic-repairs-grace-period
        --automatic-repairs-action --admin-username --orchestration-mode
      User-Agent:
      - AZURECLI/2.56.0 azsdk-python-azure-mgmt-compute/30.4.0 Python/3.9.5 (Windows-10-10.0.22631-SP0)
    method: GET
    uri: https://management.azure.com/subscriptions/00000000-0000-0000-0000-000000000000/providers/Microsoft.Compute/locations/westus/publishers/Canonical/artifacttypes/vmimage/offers/UbuntuServer/skus/18.04-LTS/versions?$top=1&$orderby=name%20desc&api-version=2023-09-01
  response:
    body:
      string: "[\r\n  {\r\n    \"location\": \"westus\",\r\n    \"name\": \"18.04.202306070\",\r\n
        \   \"id\": \"/Subscriptions/00000000-0000-0000-0000-000000000000/Providers/Microsoft.Compute/Locations/westus/Publishers/Canonical/ArtifactTypes/VMImage/Offers/UbuntuServer/Skus/18.04-LTS/Versions/18.04.202306070\"\r\n
        \ }\r\n]"
    headers:
      cache-control:
      - no-cache
      content-length:
      - '286'
      content-type:
      - application/json; charset=utf-8
      date:
      - Thu, 11 Jan 2024 08:50:21 GMT
      expires:
      - '-1'
      pragma:
      - no-cache
      server:
      - Microsoft-HTTPAPI/2.0
      - Microsoft-HTTPAPI/2.0
      strict-transport-security:
      - max-age=31536000; includeSubDomains
      transfer-encoding:
      - chunked
      vary:
      - Accept-Encoding
      x-content-type-options:
      - nosniff
      x-ms-ratelimit-remaining-resource:
      - Microsoft.Compute/ListVMImagesVersionsFromLocation3Min;15996,Microsoft.Compute/ListVMImagesVersionsFromLocation30Min;43996
    status:
      code: 200
      message: OK
- request:
    body: null
    headers:
      Accept:
      - application/json
      Accept-Encoding:
      - gzip, deflate
      CommandName:
      - vmss create
      Connection:
      - keep-alive
      ParameterSetName:
      - -g -n --image --load-balancer --health-probe --automatic-repairs-grace-period
        --automatic-repairs-action --admin-username --orchestration-mode
      User-Agent:
      - AZURECLI/2.56.0 azsdk-python-azure-mgmt-compute/30.4.0 Python/3.9.5 (Windows-10-10.0.22631-SP0)
    method: GET
    uri: https://management.azure.com/subscriptions/00000000-0000-0000-0000-000000000000/providers/Microsoft.Compute/locations/westus/publishers/Canonical/artifacttypes/vmimage/offers/UbuntuServer/skus/18.04-LTS/versions/18.04.202306070?api-version=2023-09-01
  response:
    body:
      string: "{\r\n  \"properties\": {\r\n    \"hyperVGeneration\": \"V1\",\r\n    \"architecture\":
        \"x64\",\r\n    \"replicaType\": \"Unmanaged\",\r\n    \"disallowed\": {\r\n
        \     \"vmDiskType\": \"None\"\r\n    },\r\n    \"automaticOSUpgradeProperties\":
        {\r\n      \"automaticOSUpgradeSupported\": true\r\n    },\r\n    \"imageDeprecationStatus\":
        {\r\n      \"imageState\": \"Active\"\r\n    },\r\n    \"features\": [\r\n
        \     {\r\n        \"name\": \"IsAcceleratedNetworkSupported\",\r\n        \"value\":
        \"True\"\r\n      },\r\n      {\r\n        \"name\": \"DiskControllerTypes\",\r\n
        \       \"value\": \"SCSI, NVMe\"\r\n      },\r\n      {\r\n        \"name\":
        \"IsHibernateSupported\",\r\n        \"value\": \"True\"\r\n      }\r\n    ],\r\n
        \   \"osDiskImage\": {\r\n      \"operatingSystem\": \"Linux\",\r\n      \"sizeInBytes\":
        32213303808\r\n    },\r\n    \"dataDiskImages\": []\r\n  },\r\n  \"location\":
        \"westus\",\r\n  \"name\": \"18.04.202306070\",\r\n  \"id\": \"/Subscriptions/00000000-0000-0000-0000-000000000000/Providers/Microsoft.Compute/Locations/westus/Publishers/Canonical/ArtifactTypes/VMImage/Offers/UbuntuServer/Skus/18.04-LTS/Versions/18.04.202306070\"\r\n}"
    headers:
      cache-control:
      - no-cache
      content-length:
      - '1025'
      content-type:
      - application/json; charset=utf-8
      date:
      - Thu, 11 Jan 2024 08:50:22 GMT
      expires:
      - '-1'
      pragma:
      - no-cache
      server:
      - Microsoft-HTTPAPI/2.0
      - Microsoft-HTTPAPI/2.0
      strict-transport-security:
      - max-age=31536000; includeSubDomains
      transfer-encoding:
      - chunked
      vary:
      - Accept-Encoding
      x-content-type-options:
      - nosniff
      x-ms-ratelimit-remaining-resource:
      - Microsoft.Compute/GetVMImageFromLocation3Min;12996,Microsoft.Compute/GetVMImageFromLocation30Min;73996
    status:
      code: 200
      message: OK
- request:
    body: null
    headers:
      Accept:
      - application/json
      Accept-Encoding:
      - gzip, deflate
      CommandName:
      - vmss create
      Connection:
      - keep-alive
      ParameterSetName:
      - -g -n --image --load-balancer --health-probe --automatic-repairs-grace-period
        --automatic-repairs-action --admin-username --orchestration-mode
      User-Agent:
      - AZURECLI/2.56.0 azsdk-python-azure-mgmt-compute/30.4.0 Python/3.9.5 (Windows-10-10.0.22631-SP0)
    method: GET
    uri: https://management.azure.com/subscriptions/00000000-0000-0000-0000-000000000000/providers/Microsoft.Compute/locations/westus/publishers/Canonical/artifacttypes/vmimage/offers/UbuntuServer/skus/18.04-LTS/versions?$top=1&$orderby=name%20desc&api-version=2023-09-01
  response:
    body:
      string: "[\r\n  {\r\n    \"location\": \"westus\",\r\n    \"name\": \"18.04.202306070\",\r\n
        \   \"id\": \"/Subscriptions/00000000-0000-0000-0000-000000000000/Providers/Microsoft.Compute/Locations/westus/Publishers/Canonical/ArtifactTypes/VMImage/Offers/UbuntuServer/Skus/18.04-LTS/Versions/18.04.202306070\"\r\n
        \ }\r\n]"
    headers:
      cache-control:
      - no-cache
      content-length:
      - '286'
      content-type:
      - application/json; charset=utf-8
      date:
      - Thu, 11 Jan 2024 08:50:23 GMT
      expires:
      - '-1'
      pragma:
      - no-cache
      server:
      - Microsoft-HTTPAPI/2.0
      - Microsoft-HTTPAPI/2.0
      strict-transport-security:
      - max-age=31536000; includeSubDomains
      transfer-encoding:
      - chunked
      vary:
      - Accept-Encoding
      x-content-type-options:
      - nosniff
      x-ms-ratelimit-remaining-resource:
      - Microsoft.Compute/ListVMImagesVersionsFromLocation3Min;15995,Microsoft.Compute/ListVMImagesVersionsFromLocation30Min;43995
    status:
      code: 200
      message: OK
- request:
    body: null
    headers:
      Accept:
      - application/json
      Accept-Encoding:
      - gzip, deflate
      CommandName:
      - vmss create
      Connection:
      - keep-alive
      ParameterSetName:
      - -g -n --image --load-balancer --health-probe --automatic-repairs-grace-period
        --automatic-repairs-action --admin-username --orchestration-mode
      User-Agent:
      - AZURECLI/2.56.0 azsdk-python-azure-mgmt-compute/30.4.0 Python/3.9.5 (Windows-10-10.0.22631-SP0)
    method: GET
    uri: https://management.azure.com/subscriptions/00000000-0000-0000-0000-000000000000/providers/Microsoft.Compute/locations/westus/publishers/Canonical/artifacttypes/vmimage/offers/UbuntuServer/skus/18.04-LTS/versions/18.04.202306070?api-version=2023-09-01
  response:
    body:
      string: "{\r\n  \"properties\": {\r\n    \"hyperVGeneration\": \"V1\",\r\n    \"architecture\":
        \"x64\",\r\n    \"replicaType\": \"Unmanaged\",\r\n    \"disallowed\": {\r\n
        \     \"vmDiskType\": \"None\"\r\n    },\r\n    \"automaticOSUpgradeProperties\":
        {\r\n      \"automaticOSUpgradeSupported\": true\r\n    },\r\n    \"imageDeprecationStatus\":
        {\r\n      \"imageState\": \"Active\"\r\n    },\r\n    \"features\": [\r\n
        \     {\r\n        \"name\": \"IsAcceleratedNetworkSupported\",\r\n        \"value\":
        \"True\"\r\n      },\r\n      {\r\n        \"name\": \"DiskControllerTypes\",\r\n
        \       \"value\": \"SCSI, NVMe\"\r\n      },\r\n      {\r\n        \"name\":
        \"IsHibernateSupported\",\r\n        \"value\": \"True\"\r\n      }\r\n    ],\r\n
        \   \"osDiskImage\": {\r\n      \"operatingSystem\": \"Linux\",\r\n      \"sizeInBytes\":
        32213303808\r\n    },\r\n    \"dataDiskImages\": []\r\n  },\r\n  \"location\":
        \"westus\",\r\n  \"name\": \"18.04.202306070\",\r\n  \"id\": \"/Subscriptions/00000000-0000-0000-0000-000000000000/Providers/Microsoft.Compute/Locations/westus/Publishers/Canonical/ArtifactTypes/VMImage/Offers/UbuntuServer/Skus/18.04-LTS/Versions/18.04.202306070\"\r\n}"
    headers:
      cache-control:
      - no-cache
      content-length:
      - '1025'
      content-type:
      - application/json; charset=utf-8
      date:
      - Thu, 11 Jan 2024 08:50:25 GMT
      expires:
      - '-1'
      pragma:
      - no-cache
      server:
      - Microsoft-HTTPAPI/2.0
      - Microsoft-HTTPAPI/2.0
      strict-transport-security:
      - max-age=31536000; includeSubDomains
      transfer-encoding:
      - chunked
      vary:
      - Accept-Encoding
      x-content-type-options:
      - nosniff
      x-ms-ratelimit-remaining-resource:
      - Microsoft.Compute/GetVMImageFromLocation3Min;12995,Microsoft.Compute/GetVMImageFromLocation30Min;73995
    status:
      code: 200
      message: OK
- request:
    body: '{"properties": {"template": {"$schema": "https://schema.management.azure.com/schemas/2015-01-01/deploymentTemplate.json#",
      "contentVersion": "1.0.0.0", "parameters": {}, "variables": {}, "resources":
      [{"name": "vmss1VNET", "type": "Microsoft.Network/virtualNetworks", "location":
      "westus", "apiVersion": "2015-06-15", "dependsOn": [], "tags": {}, "properties":
      {"addressSpace": {"addressPrefixes": ["10.0.0.0/16"]}, "subnets": [{"name":
      "vmss1Subnet", "properties": {"addressPrefix": "10.0.0.0/24"}}]}}, {"type":
      "Microsoft.Compute/virtualMachineScaleSets", "name": "vmss1", "location": "westus",
      "tags": {}, "apiVersion": "2023-09-01", "dependsOn": ["Microsoft.Network/virtualNetworks/vmss1VNET"],
      "properties": {"overprovision": true, "upgradePolicy": {"mode": "manual", "rollingUpgradePolicy":
      {}}, "singlePlacementGroup": null, "automaticRepairsPolicy": {"enabled": "true",
      "gracePeriod": "PT30M", "repairAction": "Restart"}, "virtualMachineProfile":
      {"storageProfile": {"osDisk": {"createOption": "FromImage", "caching": "ReadWrite",
      "managedDisk": {"storageAccountType": null}}, "imageReference": {"publisher":
      "Canonical", "offer": "UbuntuServer", "sku": "18.04-LTS", "version": "latest"}},
      "osProfile": {"computerNamePrefix": "vmss10119", "adminUsername": "azureuser",
      "linuxConfiguration": {"disablePasswordAuthentication": true, "ssh": {"publicKeys":
      [{"path": "/home/azureuser/.ssh/authorized_keys", "keyData": "ssh-rsa AAAAB3NzaC1yc2EAAAADAQABAAABgQDeVkq96e0M8yAgX4RzjcMrER1J+UiWDpmPDlCUppRPtYKdq8n9QcgxD8UIzKHcZuYKYytLfTEPzMyZWIZX9VGZGNIncdObvOD1R/A3aspLKTpFQ6lGoUbua94ajsJxM79j0bSa1Vir6CHGH5nJUCitvsLtGC1xKQa6qHS0PunWsrTyQHfH+vccIi2bR/gmaa6SdUakbfPk1M4Ac0HopTLQhbcJrgMFi/2EspxiZdhCGkqmO7ak/OcvbjdvTffq1naETygMWvXPWkn8x0QckSBaFt4tWU6Zu50r5GwXaKUDaIWCdhfAVOw20irxCbgyD//YBWy5aYUr+uGaugnjHRkmmmCUqAd6i5tYRrLh18vLhPm8GLhvlYTfV09n3IqCXtWnKYRJEd4s/WNOrHeY0lupu7RHm4iJBgfFHnbqtKihaIY4vK5RJmuA/TZ/C/IRysw9zwirSnddhg8xTryPzmcmMjCqLgBILmcPVVU8Bh2kC1FCyWeYyIptRkWFr3aWpG0=
      v-taoxuzeng@microsoft.com\n"}]}}}, "networkProfile": {"networkInterfaceConfigurations":
      [{"name": "vmss10119Nic", "properties": {"ipConfigurations": [{"name": "vmss10119IPConfig",
      "properties": {"subnet": {"id": "/subscriptions/00000000-0000-0000-0000-000000000000/resourceGroups/cli_test_vmss_create_automatic_repairs_with_health_probe_000001/providers/Microsoft.Network/virtualNetworks/vmss1VNET/subnets/vmss1Subnet"},
      "loadBalancerBackendAddressPools": [{"id": "/subscriptions/00000000-0000-0000-0000-000000000000/resourceGroups/cli_test_vmss_create_automatic_repairs_with_health_probe_000001/providers/Microsoft.Network/loadBalancers/lb1/backendAddressPools/lb1bepool"}]}}],
      "primary": "true"}}], "healthProbe": {"id": "/subscriptions/00000000-0000-0000-0000-000000000000/resourceGroups/cli_test_vmss_create_automatic_repairs_with_health_probe_000001/providers/Microsoft.Network/loadBalancers/lb1/probes/probe"}}},
      "orchestrationMode": "Uniform"}, "sku": {"name": "Standard_DS1_v2", "capacity":
      2}}], "outputs": {"VMSS": {"type": "object", "value": "[reference(resourceId(''Microsoft.Compute/virtualMachineScaleSets'',
      ''vmss1''),providers(''Microsoft.Compute'', ''virtualMachineScaleSets'').apiVersions[0])]"}}},
      "parameters": {}, "mode": "incremental"}}'
    headers:
      Accept:
      - application/json
      Accept-Encoding:
      - gzip, deflate
      CommandName:
      - vmss create
      Connection:
      - keep-alive
      Content-Length:
      - '3227'
      Content-Type:
      - application/json
      ParameterSetName:
      - -g -n --image --load-balancer --health-probe --automatic-repairs-grace-period
        --automatic-repairs-action --admin-username --orchestration-mode
      User-Agent:
      - AZURECLI/2.56.0 azsdk-python-azure-mgmt-resource/23.1.0b2 Python/3.9.5 (Windows-10-10.0.22631-SP0)
    method: PUT
    uri: https://management.azure.com/subscriptions/00000000-0000-0000-0000-000000000000/resourcegroups/cli_test_vmss_create_automatic_repairs_with_health_probe_000001/providers/Microsoft.Resources/deployments/mock-deployment?api-version=2022-09-01
  response:
    body:
      string: '{"id":"/subscriptions/00000000-0000-0000-0000-000000000000/resourceGroups/cli_test_vmss_create_automatic_repairs_with_health_probe_000001/providers/Microsoft.Resources/deployments/vmss_deploy_OqKW62DObegDjTDcOYbxP3oYA1uZfCdh","name":"vmss_deploy_OqKW62DObegDjTDcOYbxP3oYA1uZfCdh","type":"Microsoft.Resources/deployments","properties":{"templateHash":"15220965524261016256","parameters":{},"mode":"Incremental","provisioningState":"Accepted","timestamp":"2024-01-11T08:50:33.9851607Z","duration":"PT0.0001037S","correlationId":"3654d525-5771-42bc-820c-a90342a64873","providers":[{"namespace":"Microsoft.Network","resourceTypes":[{"resourceType":"virtualNetworks","locations":["westus"]}]},{"namespace":"Microsoft.Compute","resourceTypes":[{"resourceType":"virtualMachineScaleSets","locations":["westus"]}]}],"dependencies":[{"dependsOn":[{"id":"/subscriptions/00000000-0000-0000-0000-000000000000/resourceGroups/cli_test_vmss_create_automatic_repairs_with_health_probe_000001/providers/Microsoft.Network/virtualNetworks/vmss1VNET","resourceType":"Microsoft.Network/virtualNetworks","resourceName":"vmss1VNET"}],"id":"/subscriptions/00000000-0000-0000-0000-000000000000/resourceGroups/cli_test_vmss_create_automatic_repairs_with_health_probe_000001/providers/Microsoft.Compute/virtualMachineScaleSets/vmss1","resourceType":"Microsoft.Compute/virtualMachineScaleSets","resourceName":"vmss1"}]}}'
    headers:
      azure-asyncoperation:
      - https://management.azure.com/subscriptions/00000000-0000-0000-0000-000000000000/resourcegroups/cli_test_vmss_create_automatic_repairs_with_health_probe_000001/providers/Microsoft.Resources/deployments/vmss_deploy_OqKW62DObegDjTDcOYbxP3oYA1uZfCdh/operationStatuses/08584966438535858617?api-version=2022-09-01
      cache-control:
      - no-cache
      content-length:
      - '1391'
      content-type:
      - application/json; charset=utf-8
      date:
      - Thu, 11 Jan 2024 08:50:35 GMT
      expires:
      - '-1'
      pragma:
      - no-cache
      strict-transport-security:
      - max-age=31536000; includeSubDomains
      x-content-type-options:
      - nosniff
      x-ms-ratelimit-remaining-subscription-writes:
      - '1199'
    status:
      code: 201
      message: Created
- request:
    body: null
    headers:
      Accept:
      - '*/*'
      Accept-Encoding:
      - gzip, deflate
      CommandName:
      - vmss create
      Connection:
      - keep-alive
      ParameterSetName:
      - -g -n --image --load-balancer --health-probe --automatic-repairs-grace-period
        --automatic-repairs-action --admin-username --orchestration-mode
      User-Agent:
      - AZURECLI/2.56.0 azsdk-python-azure-mgmt-resource/23.1.0b2 Python/3.9.5 (Windows-10-10.0.22631-SP0)
    method: GET
    uri: https://management.azure.com/subscriptions/00000000-0000-0000-0000-000000000000/resourcegroups/cli_test_vmss_create_automatic_repairs_with_health_probe_000001/providers/Microsoft.Resources/deployments/mock-deployment/operationStatuses/08584966438535858617?api-version=2022-09-01
  response:
    body:
      string: '{"status":"Accepted"}'
    headers:
      cache-control:
      - no-cache
      content-length:
      - '21'
      content-type:
      - application/json; charset=utf-8
      date:
      - Thu, 11 Jan 2024 08:50:35 GMT
      expires:
      - '-1'
      pragma:
      - no-cache
      strict-transport-security:
      - max-age=31536000; includeSubDomains
      vary:
      - Accept-Encoding
      x-content-type-options:
      - nosniff
    status:
      code: 200
      message: OK
- request:
    body: null
    headers:
      Accept:
      - '*/*'
      Accept-Encoding:
      - gzip, deflate
      CommandName:
      - vmss create
      Connection:
      - keep-alive
      ParameterSetName:
      - -g -n --image --load-balancer --health-probe --automatic-repairs-grace-period
        --automatic-repairs-action --admin-username --orchestration-mode
      User-Agent:
      - AZURECLI/2.56.0 azsdk-python-azure-mgmt-resource/23.1.0b2 Python/3.9.5 (Windows-10-10.0.22631-SP0)
    method: GET
    uri: https://management.azure.com/subscriptions/00000000-0000-0000-0000-000000000000/resourcegroups/cli_test_vmss_create_automatic_repairs_with_health_probe_000001/providers/Microsoft.Resources/deployments/mock-deployment/operationStatuses/08584966438535858617?api-version=2022-09-01
  response:
    body:
      string: '{"status":"Running"}'
    headers:
      cache-control:
      - no-cache
      content-length:
      - '20'
      content-type:
      - application/json; charset=utf-8
      date:
      - Thu, 11 Jan 2024 08:51:06 GMT
      expires:
      - '-1'
      pragma:
      - no-cache
      strict-transport-security:
      - max-age=31536000; includeSubDomains
      vary:
      - Accept-Encoding
      x-content-type-options:
      - nosniff
    status:
      code: 200
      message: OK
- request:
    body: null
    headers:
      Accept:
      - '*/*'
      Accept-Encoding:
      - gzip, deflate
      CommandName:
      - vmss create
      Connection:
      - keep-alive
      ParameterSetName:
      - -g -n --image --load-balancer --health-probe --automatic-repairs-grace-period
        --automatic-repairs-action --admin-username --orchestration-mode
      User-Agent:
      - AZURECLI/2.56.0 azsdk-python-azure-mgmt-resource/23.1.0b2 Python/3.9.5 (Windows-10-10.0.22631-SP0)
    method: GET
    uri: https://management.azure.com/subscriptions/00000000-0000-0000-0000-000000000000/resourcegroups/cli_test_vmss_create_automatic_repairs_with_health_probe_000001/providers/Microsoft.Resources/deployments/mock-deployment/operationStatuses/08584966438535858617?api-version=2022-09-01
  response:
    body:
      string: '{"status":"Succeeded"}'
    headers:
      cache-control:
      - no-cache
      content-length:
      - '22'
      content-type:
      - application/json; charset=utf-8
      date:
      - Thu, 11 Jan 2024 08:51:37 GMT
      expires:
      - '-1'
      pragma:
      - no-cache
      strict-transport-security:
      - max-age=31536000; includeSubDomains
      vary:
      - Accept-Encoding
      x-content-type-options:
      - nosniff
    status:
      code: 200
      message: OK
- request:
    body: null
    headers:
      Accept:
      - '*/*'
      Accept-Encoding:
      - gzip, deflate
      CommandName:
      - vmss create
      Connection:
      - keep-alive
      ParameterSetName:
      - -g -n --image --load-balancer --health-probe --automatic-repairs-grace-period
        --automatic-repairs-action --admin-username --orchestration-mode
      User-Agent:
      - AZURECLI/2.56.0 azsdk-python-azure-mgmt-resource/23.1.0b2 Python/3.9.5 (Windows-10-10.0.22631-SP0)
    method: GET
    uri: https://management.azure.com/subscriptions/00000000-0000-0000-0000-000000000000/resourcegroups/cli_test_vmss_create_automatic_repairs_with_health_probe_000001/providers/Microsoft.Resources/deployments/mock-deployment?api-version=2022-09-01
  response:
    body:
      string: '{"id":"/subscriptions/00000000-0000-0000-0000-000000000000/resourceGroups/cli_test_vmss_create_automatic_repairs_with_health_probe_000001/providers/Microsoft.Resources/deployments/vmss_deploy_OqKW62DObegDjTDcOYbxP3oYA1uZfCdh","name":"vmss_deploy_OqKW62DObegDjTDcOYbxP3oYA1uZfCdh","type":"Microsoft.Resources/deployments","properties":{"templateHash":"15220965524261016256","parameters":{},"mode":"Incremental","provisioningState":"Succeeded","timestamp":"2024-01-11T08:51:31.5469094Z","duration":"PT57.5618524S","correlationId":"3654d525-5771-42bc-820c-a90342a64873","providers":[{"namespace":"Microsoft.Network","resourceTypes":[{"resourceType":"virtualNetworks","locations":["westus"]}]},{"namespace":"Microsoft.Compute","resourceTypes":[{"resourceType":"virtualMachineScaleSets","locations":["westus"]}]}],"dependencies":[{"dependsOn":[{"id":"/subscriptions/00000000-0000-0000-0000-000000000000/resourceGroups/cli_test_vmss_create_automatic_repairs_with_health_probe_000001/providers/Microsoft.Network/virtualNetworks/vmss1VNET","resourceType":"Microsoft.Network/virtualNetworks","resourceName":"vmss1VNET"}],"id":"/subscriptions/00000000-0000-0000-0000-000000000000/resourceGroups/cli_test_vmss_create_automatic_repairs_with_health_probe_000001/providers/Microsoft.Compute/virtualMachineScaleSets/vmss1","resourceType":"Microsoft.Compute/virtualMachineScaleSets","resourceName":"vmss1"}],"outputs":{"vmss":{"type":"Object","value":{"singlePlacementGroup":true,"orchestrationMode":"Uniform","upgradePolicy":{"mode":"Manual","rollingUpgradePolicy":{"maxBatchInstancePercent":20,"maxUnhealthyInstancePercent":20,"maxUnhealthyUpgradedInstancePercent":20,"pauseTimeBetweenBatches":"PT0S","maxSurge":false,"rollbackFailedInstancesOnPolicyBreach":false}},"virtualMachineProfile":{"osProfile":{"computerNamePrefix":"vmss10119","adminUsername":"azureuser","linuxConfiguration":{"disablePasswordAuthentication":true,"ssh":{"publicKeys":[{"path":"/home/azureuser/.ssh/authorized_keys","keyData":"ssh-rsa
        AAAAB3NzaC1yc2EAAAADAQABAAABgQDeVkq96e0M8yAgX4RzjcMrER1J+UiWDpmPDlCUppRPtYKdq8n9QcgxD8UIzKHcZuYKYytLfTEPzMyZWIZX9VGZGNIncdObvOD1R/A3aspLKTpFQ6lGoUbua94ajsJxM79j0bSa1Vir6CHGH5nJUCitvsLtGC1xKQa6qHS0PunWsrTyQHfH+vccIi2bR/gmaa6SdUakbfPk1M4Ac0HopTLQhbcJrgMFi/2EspxiZdhCGkqmO7ak/OcvbjdvTffq1naETygMWvXPWkn8x0QckSBaFt4tWU6Zu50r5GwXaKUDaIWCdhfAVOw20irxCbgyD//YBWy5aYUr+uGaugnjHRkmmmCUqAd6i5tYRrLh18vLhPm8GLhvlYTfV09n3IqCXtWnKYRJEd4s/WNOrHeY0lupu7RHm4iJBgfFHnbqtKihaIY4vK5RJmuA/TZ/C/IRysw9zwirSnddhg8xTryPzmcmMjCqLgBILmcPVVU8Bh2kC1FCyWeYyIptRkWFr3aWpG0=
        v-taoxuzeng@microsoft.com\n"}]},"provisionVMAgent":true,"enableVMAgentPlatformUpdates":false},"secrets":[],"allowExtensionOperations":true,"requireGuestProvisionSignal":true},"storageProfile":{"osDisk":{"osType":"Linux","createOption":"FromImage","caching":"ReadWrite","managedDisk":{"storageAccountType":"Premium_LRS"},"diskSizeGB":30},"imageReference":{"publisher":"Canonical","offer":"UbuntuServer","sku":"18.04-LTS","version":"latest"}},"networkProfile":{"healthProbe":{"id":"/subscriptions/00000000-0000-0000-0000-000000000000/resourceGroups/cli_test_vmss_create_automatic_repairs_with_health_probe_000001/providers/Microsoft.Network/loadBalancers/lb1/probes/probe"},"networkInterfaceConfigurations":[{"name":"vmss10119Nic","properties":{"primary":true,"disableTcpStateTracking":false,"dnsSettings":{"dnsServers":[]},"enableIPForwarding":false,"ipConfigurations":[{"name":"vmss10119IPConfig","properties":{"subnet":{"id":"/subscriptions/00000000-0000-0000-0000-000000000000/resourceGroups/cli_test_vmss_create_automatic_repairs_with_health_probe_000001/providers/Microsoft.Network/virtualNetworks/vmss1VNET/subnets/vmss1Subnet"},"privateIPAddressVersion":"IPv4","loadBalancerBackendAddressPools":[{"id":"/subscriptions/00000000-0000-0000-0000-000000000000/resourceGroups/cli_test_vmss_create_automatic_repairs_with_health_probe_000001/providers/Microsoft.Network/loadBalancers/lb1/backendAddressPools/lb1bepool"}]}}]}}]},"timeCreated":"2024-01-11T08:50:49.5377387+00:00"},"provisioningState":"Succeeded","overprovision":true,"doNotRunExtensionsOnOverprovisionedVMs":false,"uniqueId":"cfff6538-9085-4d00-829b-c40192800763","automaticRepairsPolicy":{"enabled":true,"gracePeriod":"PT30M","repairAction":"Restart"},"timeCreated":"2024-01-11T08:50:49.5377387+00:00"}}},"outputResources":[{"id":"/subscriptions/00000000-0000-0000-0000-000000000000/resourceGroups/cli_test_vmss_create_automatic_repairs_with_health_probe_000001/providers/Microsoft.Compute/virtualMachineScaleSets/vmss1"},{"id":"/subscriptions/00000000-0000-0000-0000-000000000000/resourceGroups/cli_test_vmss_create_automatic_repairs_with_health_probe_000001/providers/Microsoft.Network/virtualNetworks/vmss1VNET"}]}}'
    headers:
      cache-control:
      - no-cache
      content-length:
      - '4724'
      content-type:
      - application/json; charset=utf-8
      date:
      - Thu, 11 Jan 2024 08:51:37 GMT
      expires:
      - '-1'
      pragma:
      - no-cache
      strict-transport-security:
      - max-age=31536000; includeSubDomains
      vary:
      - Accept-Encoding
      x-content-type-options:
      - nosniff
    status:
      code: 200
      message: OK
version: 1
