interactions:
- request:
    body: null
    headers:
      Accept:
      - application/json
      Accept-Encoding:
      - gzip, deflate
      CommandName:
      - identity create
      Connection:
      - keep-alive
      ParameterSetName:
      - -g -n
      User-Agent:
      - AZURECLI/2.44.1 azsdk-python-azure-mgmt-resource/22.0.0 Python/3.10.9 (Linux-5.15.0-1031-azure-x86_64-with-glibc2.31)
        VSTS_7b238909-6802-4b65-b90d-184bca47f458_build_220_0
    method: GET
    uri: https://management.azure.com/subscriptions/00000000-0000-0000-0000-000000000000/resourcegroups/cli_test_vmss_explicit_msi000001?api-version=2022-09-01
  response:
    body:
      string: '{"id":"/subscriptions/00000000-0000-0000-0000-000000000000/resourceGroups/cli_test_vmss_explicit_msi000001","name":"cli_test_vmss_explicit_msi000001","type":"Microsoft.Resources/resourceGroups","location":"westcentralus","tags":{"product":"azurecli","cause":"automation","date":"2023-01-28T19:16:35Z"},"properties":{"provisioningState":"Succeeded"}}'
    headers:
      cache-control:
      - no-cache
      content-length:
      - '349'
      content-type:
      - application/json; charset=utf-8
      date:
      - Sat, 28 Jan 2023 19:16:36 GMT
      expires:
      - '-1'
      pragma:
      - no-cache
      strict-transport-security:
      - max-age=31536000; includeSubDomains
      vary:
      - Accept-Encoding
      x-content-type-options:
      - nosniff
    status:
      code: 200
      message: OK
- request:
    body: '{"location": "westcentralus"}'
    headers:
      Accept:
      - application/json
      Accept-Encoding:
      - gzip, deflate
      CommandName:
      - identity create
      Connection:
      - keep-alive
      Content-Length:
      - '29'
      Content-Type:
      - application/json
      ParameterSetName:
      - -g -n
      User-Agent:
      - AZURECLI/2.44.1 azsdk-python-azure-mgmt-msi/6.1.0 Python/3.10.9 (Linux-5.15.0-1031-azure-x86_64-with-glibc2.31)
        VSTS_7b238909-6802-4b65-b90d-184bca47f458_build_220_0
    method: PUT
    uri: https://management.azure.com/subscriptions/00000000-0000-0000-0000-000000000000/resourceGroups/cli_test_vmss_explicit_msi000001/providers/Microsoft.ManagedIdentity/userAssignedIdentities/id1?api-version=2022-01-31-preview
  response:
    body:
      string: '{"id":"/subscriptions/00000000-0000-0000-0000-000000000000/resourcegroups/cli_test_vmss_explicit_msi000001/providers/Microsoft.ManagedIdentity/userAssignedIdentities/id1","name":"id1","type":"Microsoft.ManagedIdentity/userAssignedIdentities","location":"westcentralus","tags":{},"properties":{"tenantId":"54826b22-38d6-4fb2-bad9-b7b93a3e9c5a","principalId":"5a09663f-fc1c-49d3-aa14-630702e2d38e","clientId":"1351360e-d732-4b40-912e-0ffdeac70d54"}}'
    headers:
      cache-control:
      - no-cache
      content-length:
      - '447'
      content-type:
      - application/json; charset=utf-8
      date:
      - Sat, 28 Jan 2023 19:16:38 GMT
      expires:
      - '-1'
      location:
      - /subscriptions/00000000-0000-0000-0000-000000000000/resourcegroups/cli_test_vmss_explicit_msi000001/providers/Microsoft.ManagedIdentity/userAssignedIdentities/id1
      pragma:
      - no-cache
      strict-transport-security:
      - max-age=31536000; includeSubDomains
      x-content-type-options:
      - nosniff
      x-ms-ratelimit-remaining-subscription-writes:
      - '1199'
    status:
      code: 201
      message: Created
- request:
    body: null
    headers:
      Accept:
      - application/json
      Accept-Encoding:
      - gzip, deflate
      CommandName:
      - identity create
      Connection:
      - keep-alive
      ParameterSetName:
      - -g -n
      User-Agent:
      - AZURECLI/2.44.1 azsdk-python-azure-mgmt-resource/22.0.0 Python/3.10.9 (Linux-5.15.0-1031-azure-x86_64-with-glibc2.31)
        VSTS_7b238909-6802-4b65-b90d-184bca47f458_build_220_0
    method: GET
    uri: https://management.azure.com/subscriptions/00000000-0000-0000-0000-000000000000/resourcegroups/cli_test_vmss_explicit_msi000001?api-version=2022-09-01
  response:
    body:
      string: '{"id":"/subscriptions/00000000-0000-0000-0000-000000000000/resourceGroups/cli_test_vmss_explicit_msi000001","name":"cli_test_vmss_explicit_msi000001","type":"Microsoft.Resources/resourceGroups","location":"westcentralus","tags":{"product":"azurecli","cause":"automation","date":"2023-01-28T19:16:35Z"},"properties":{"provisioningState":"Succeeded"}}'
    headers:
      cache-control:
      - no-cache
      content-length:
      - '349'
      content-type:
      - application/json; charset=utf-8
      date:
      - Sat, 28 Jan 2023 19:16:38 GMT
      expires:
      - '-1'
      pragma:
      - no-cache
      strict-transport-security:
      - max-age=31536000; includeSubDomains
      vary:
      - Accept-Encoding
      x-content-type-options:
      - nosniff
    status:
      code: 200
      message: OK
- request:
    body: '{"location": "westcentralus"}'
    headers:
      Accept:
      - application/json
      Accept-Encoding:
      - gzip, deflate
      CommandName:
      - identity create
      Connection:
      - keep-alive
      Content-Length:
      - '29'
      Content-Type:
      - application/json
      ParameterSetName:
      - -g -n
      User-Agent:
      - AZURECLI/2.44.1 azsdk-python-azure-mgmt-msi/6.1.0 Python/3.10.9 (Linux-5.15.0-1031-azure-x86_64-with-glibc2.31)
        VSTS_7b238909-6802-4b65-b90d-184bca47f458_build_220_0
    method: PUT
    uri: https://management.azure.com/subscriptions/00000000-0000-0000-0000-000000000000/resourceGroups/cli_test_vmss_explicit_msi000001/providers/Microsoft.ManagedIdentity/userAssignedIdentities/id2?api-version=2022-01-31-preview
  response:
    body:
      string: '{"id":"/subscriptions/00000000-0000-0000-0000-000000000000/resourcegroups/cli_test_vmss_explicit_msi000001/providers/Microsoft.ManagedIdentity/userAssignedIdentities/id2","name":"id2","type":"Microsoft.ManagedIdentity/userAssignedIdentities","location":"westcentralus","tags":{},"properties":{"tenantId":"54826b22-38d6-4fb2-bad9-b7b93a3e9c5a","principalId":"e229e078-af05-4bf9-91f3-a76daf9ce721","clientId":"d09bd073-0d26-455b-92e4-c777a05ecb7b"}}'
    headers:
      cache-control:
      - no-cache
      content-length:
      - '447'
      content-type:
      - application/json; charset=utf-8
      date:
      - Sat, 28 Jan 2023 19:16:41 GMT
      expires:
      - '-1'
      location:
      - /subscriptions/00000000-0000-0000-0000-000000000000/resourcegroups/cli_test_vmss_explicit_msi000001/providers/Microsoft.ManagedIdentity/userAssignedIdentities/id2
      pragma:
      - no-cache
      strict-transport-security:
      - max-age=31536000; includeSubDomains
      x-content-type-options:
      - nosniff
      x-ms-ratelimit-remaining-subscription-writes:
      - '1196'
    status:
      code: 201
      message: Created
- request:
    body: null
    headers:
      Accept:
      - application/json
      Accept-Encoding:
      - gzip, deflate
      CommandName:
      - vmss create
      Connection:
      - keep-alive
      ParameterSetName:
      - -g -n --image --assign-identity --role --scope --instance-count --generate-ssh-keys
        --admin-username
      User-Agent:
      - AZURECLI/2.44.1 azsdk-python-azure-mgmt-resource/22.0.0 Python/3.10.9 (Linux-5.15.0-1031-azure-x86_64-with-glibc2.31)
        VSTS_7b238909-6802-4b65-b90d-184bca47f458_build_220_0
    method: GET
    uri: https://management.azure.com/subscriptions/00000000-0000-0000-0000-000000000000/resourcegroups/cli_test_vmss_explicit_msi000001?api-version=2022-09-01
  response:
    body:
      string: '{"id":"/subscriptions/00000000-0000-0000-0000-000000000000/resourceGroups/cli_test_vmss_explicit_msi000001","name":"cli_test_vmss_explicit_msi000001","type":"Microsoft.Resources/resourceGroups","location":"westcentralus","tags":{"product":"azurecli","cause":"automation","date":"2023-01-28T19:16:35Z"},"properties":{"provisioningState":"Succeeded"}}'
    headers:
      cache-control:
      - no-cache
      content-length:
      - '349'
      content-type:
      - application/json; charset=utf-8
      date:
      - Sat, 28 Jan 2023 19:16:41 GMT
      expires:
      - '-1'
      pragma:
      - no-cache
      strict-transport-security:
      - max-age=31536000; includeSubDomains
      vary:
      - Accept-Encoding
      x-content-type-options:
      - nosniff
    status:
      code: 200
      message: OK
- request:
    body: null
    headers:
      Accept:
      - '*/*'
      Accept-Encoding:
      - gzip, deflate
      Connection:
      - keep-alive
      User-Agent:
      - python-requests/2.26.0
    method: GET
    uri: https://raw.githubusercontent.com/Azure/azure-rest-api-specs/main/arm-compute/quickstart-templates/aliases.json
  response:
    body:
      string: "{\n  \"$schema\": \"http://schema.management.azure.com/schemas/2015-01-01/deploymentTemplate.json\",\n
        \ \"contentVersion\": \"1.0.0.0\",\n  \"parameters\": {},\n  \"variables\":
        {},\n  \"resources\": [],\n  \"outputs\": {\n    \"aliases\": {\n      \"type\":
        \"object\",\n      \"value\": {\n        \"Linux\": {\n          \"CentOS\":
        {\n            \"publisher\": \"OpenLogic\",\n            \"offer\": \"CentOS\",\n
        \           \"sku\": \"7.5\",\n            \"version\": \"latest\",\n            \"architecture\":
        \"x64\"\n          },\n          \"Debian\": {\n            \"publisher\":
        \"Debian\",\n            \"offer\": \"debian-10\",\n            \"sku\": \"10\",\n
        \           \"version\": \"latest\",\n            \"architecture\": \"x64\"\n
        \         },\n          \"Flatcar\": {\n            \"publisher\": \"kinvolk\",\n
        \           \"offer\": \"flatcar-container-linux-free\",\n            \"sku\":
        \"stable\",\n            \"version\": \"latest\",\n            \"architecture\":
        \"x64\"\n          },\n          \"openSUSE-Leap\": {\n            \"publisher\":
        \"SUSE\",\n            \"offer\": \"opensuse-leap-15-3\",\n            \"sku\":
        \"gen2\",\n            \"version\": \"latest\",\n            \"architecture\":
        \"x64\"\n          },\n          \"RHEL\": {\n            \"publisher\": \"RedHat\",\n
        \           \"offer\": \"RHEL\",\n            \"sku\": \"7-LVM\",\n            \"version\":
        \"latest\",\n            \"architecture\": \"x64\"\n          },\n          \"SLES\":
        {\n            \"publisher\": \"SUSE\",\n            \"offer\": \"sles-15-sp3\",\n
        \           \"sku\": \"gen2\",\n            \"version\": \"latest\",\n            \"architecture\":
        \"x64\"\n          },\n          \"UbuntuLTS\": {\n            \"publisher\":
        \"Canonical\",\n            \"offer\": \"UbuntuServer\",\n            \"sku\":
        \"18.04-LTS\",\n            \"version\": \"latest\",\n            \"architecture\":
        \"x64\"\n          }\n        },\n        \"Windows\": {\n          \"Win2022Datacenter\":
        {\n            \"publisher\": \"MicrosoftWindowsServer\",\n            \"offer\":
        \"WindowsServer\",\n            \"sku\": \"2022-Datacenter\",\n            \"version\":
        \"latest\",\n            \"architecture\": \"x64\"\n          },\n          \"Win2022AzureEditionCore\":
        {\n            \"publisher\": \"MicrosoftWindowsServer\",\n            \"offer\":
        \"WindowsServer\",\n            \"sku\": \"2022-datacenter-azure-edition-core\",\n
        \           \"version\": \"latest\",\n            \"architecture\": \"x64\"\n
        \         },\n          \"Win2019Datacenter\": {\n            \"publisher\":
        \"MicrosoftWindowsServer\",\n            \"offer\": \"WindowsServer\",\n            \"sku\":
        \"2019-Datacenter\",\n            \"version\": \"latest\",\n            \"architecture\":
        \"x64\"\n          },\n          \"Win2016Datacenter\": {\n            \"publisher\":
        \"MicrosoftWindowsServer\",\n            \"offer\": \"WindowsServer\",\n            \"sku\":
        \"2016-Datacenter\",\n            \"version\": \"latest\",\n            \"architecture\":
        \"x64\"\n          },\n          \"Win2012R2Datacenter\": {\n            \"publisher\":
        \"MicrosoftWindowsServer\",\n            \"offer\": \"WindowsServer\",\n            \"sku\":
        \"2012-R2-Datacenter\",\n            \"version\": \"latest\",\n            \"architecture\":
        \"x64\"\n          },\n          \"Win2012Datacenter\": {\n            \"publisher\":
        \"MicrosoftWindowsServer\",\n            \"offer\": \"WindowsServer\",\n            \"sku\":
        \"2012-Datacenter\",\n            \"version\": \"latest\",\n            \"architecture\":
        \"x64\"\n          },\n          \"Win2008R2SP1\": {\n            \"publisher\":
        \"MicrosoftWindowsServer\",\n            \"offer\": \"WindowsServer\",\n            \"sku\":
        \"2008-R2-SP1\",\n            \"version\": \"latest\",\n            \"architecture\":
        \"x64\"\n          }\n        }\n      }\n    }\n  }\n}"
    headers:
      accept-ranges:
      - bytes
      access-control-allow-origin:
      - '*'
      cache-control:
      - max-age=300
      connection:
      - keep-alive
      content-length:
      - '3463'
      content-security-policy:
      - default-src 'none'; style-src 'unsafe-inline'; sandbox
      content-type:
      - text/plain; charset=utf-8
      date:
      - Sat, 28 Jan 2023 19:16:42 GMT
      etag:
      - W/"41b202f4dc5098d126019dc00721a4c5e30df0c5196794514fadc3710ee2a5cb"
      expires:
      - Sat, 28 Jan 2023 19:21:42 GMT
      source-age:
      - '111'
      strict-transport-security:
      - max-age=31536000
      vary:
      - Authorization,Accept-Encoding,Origin
      via:
      - 1.1 varnish
      x-cache:
      - HIT
      x-cache-hits:
      - '2'
      x-content-type-options:
      - nosniff
      x-fastly-request-id:
      - 7e272182b5b34ddd2b40a80cd901be6da26304a4
      x-frame-options:
      - deny
      x-github-request-id:
      - 2972:2687:1F0293:30DA00:63D4615F
      x-served-by:
      - cache-iad-kiad7000149-IAD
      x-timer:
      - S1674933402.172057,VS0,VE0
      x-xss-protection:
      - 1; mode=block
    status:
      code: 200
      message: OK
- request:
    body: null
    headers:
      Accept:
      - application/json
      Accept-Encoding:
      - gzip, deflate
      CommandName:
      - vmss create
      Connection:
      - keep-alive
      ParameterSetName:
      - -g -n --image --assign-identity --role --scope --instance-count --generate-ssh-keys
        --admin-username
      User-Agent:
      - AZURECLI/2.44.1 azsdk-python-azure-mgmt-compute/29.0.0 Python/3.10.9 (Linux-5.15.0-1031-azure-x86_64-with-glibc2.31)
        VSTS_7b238909-6802-4b65-b90d-184bca47f458_build_220_0
    method: GET
    uri: https://management.azure.com/subscriptions/00000000-0000-0000-0000-000000000000/providers/Microsoft.Compute/locations/westcentralus/publishers/Canonical/artifacttypes/vmimage/offers/UbuntuServer/skus/18.04-LTS/versions?$top=1&$orderby=name%20desc&api-version=2022-08-01
  response:
    body:
      string: "[\r\n  {\r\n    \"location\": \"westcentralus\",\r\n    \"name\": \"18.04.202301100\",\r\n
        \   \"id\": \"/Subscriptions/00000000-0000-0000-0000-000000000000/Providers/Microsoft.Compute/Locations/westcentralus/Publishers/Canonical/ArtifactTypes/VMImage/Offers/UbuntuServer/Skus/18.04-LTS/Versions/18.04.202301100\"\r\n
        \ }\r\n]"
    headers:
      cache-control:
      - no-cache
      content-length:
      - '300'
      content-type:
      - application/json; charset=utf-8
      date:
      - Sat, 28 Jan 2023 19:16:42 GMT
      expires:
      - '-1'
      pragma:
      - no-cache
      server:
      - Microsoft-HTTPAPI/2.0
      - Microsoft-HTTPAPI/2.0
      strict-transport-security:
      - max-age=31536000; includeSubDomains
      transfer-encoding:
      - chunked
      vary:
      - Accept-Encoding
      x-content-type-options:
      - nosniff
      x-ms-ratelimit-remaining-resource:
      - Microsoft.Compute/ListVMImagesVersionsFromLocation3Min;15999,Microsoft.Compute/ListVMImagesVersionsFromLocation30Min;43999
    status:
      code: 200
      message: OK
- request:
    body: null
    headers:
      Accept:
      - application/json
      Accept-Encoding:
      - gzip, deflate
      CommandName:
      - vmss create
      Connection:
      - keep-alive
      ParameterSetName:
      - -g -n --image --assign-identity --role --scope --instance-count --generate-ssh-keys
        --admin-username
      User-Agent:
      - AZURECLI/2.44.1 azsdk-python-azure-mgmt-compute/29.0.0 Python/3.10.9 (Linux-5.15.0-1031-azure-x86_64-with-glibc2.31)
        VSTS_7b238909-6802-4b65-b90d-184bca47f458_build_220_0
    method: GET
    uri: https://management.azure.com/subscriptions/00000000-0000-0000-0000-000000000000/providers/Microsoft.Compute/locations/westcentralus/publishers/Canonical/artifacttypes/vmimage/offers/UbuntuServer/skus/18.04-LTS/versions/18.04.202301100?api-version=2022-08-01
  response:
    body:
      string: "{\r\n  \"properties\": {\r\n    \"hyperVGeneration\": \"V1\",\r\n    \"architecture\":
        \"x64\",\r\n    \"replicaType\": \"Unmanaged\",\r\n    \"disallowed\": {\r\n
        \     \"vmDiskType\": \"None\"\r\n    },\r\n    \"automaticOSUpgradeProperties\":
        {\r\n      \"automaticOSUpgradeSupported\": true\r\n    },\r\n    \"imageDeprecationStatus\":
        {\r\n      \"imageState\": \"Active\"\r\n    },\r\n    \"features\": [\r\n
        \     {\r\n        \"name\": \"IsAcceleratedNetworkSupported\",\r\n        \"value\":
        \"True\"\r\n      },\r\n      {\r\n        \"name\": \"DiskControllerTypes\",\r\n
        \       \"value\": \"SCSI, NVMe\"\r\n      },\r\n      {\r\n        \"name\":
        \"IsHibernateSupported\",\r\n        \"value\": \"True\"\r\n      }\r\n    ],\r\n
        \   \"osDiskImage\": {\r\n      \"operatingSystem\": \"Linux\",\r\n      \"sizeInGb\":
        31,\r\n      \"sizeInBytes\": 32213303808\r\n    },\r\n    \"dataDiskImages\":
        []\r\n  },\r\n  \"location\": \"westcentralus\",\r\n  \"name\": \"18.04.202301100\",\r\n
        \ \"id\": \"/Subscriptions/00000000-0000-0000-0000-000000000000/Providers/Microsoft.Compute/Locations/westcentralus/Publishers/Canonical/ArtifactTypes/VMImage/Offers/UbuntuServer/Skus/18.04-LTS/Versions/18.04.202301100\"\r\n}"
    headers:
      cache-control:
      - no-cache
      content-length:
      - '1062'
      content-type:
      - application/json; charset=utf-8
      date:
      - Sat, 28 Jan 2023 19:16:42 GMT
      expires:
      - '-1'
      pragma:
      - no-cache
      server:
      - Microsoft-HTTPAPI/2.0
      - Microsoft-HTTPAPI/2.0
      strict-transport-security:
      - max-age=31536000; includeSubDomains
      transfer-encoding:
      - chunked
      vary:
      - Accept-Encoding
      x-content-type-options:
      - nosniff
      x-ms-ratelimit-remaining-resource:
      - Microsoft.Compute/GetVMImageFromLocation3Min;12999,Microsoft.Compute/GetVMImageFromLocation30Min;73999
    status:
      code: 200
      message: OK
- request:
    body: null
    headers:
      Accept:
      - application/json
      Accept-Encoding:
      - gzip, deflate
      CommandName:
      - vmss create
      Connection:
      - keep-alive
      ParameterSetName:
      - -g -n --image --assign-identity --role --scope --instance-count --generate-ssh-keys
        --admin-username
      User-Agent:
      - AZURECLI/2.44.1 azsdk-python-azure-mgmt-network/21.0.1 Python/3.10.9 (Linux-5.15.0-1031-azure-x86_64-with-glibc2.31)
        VSTS_7b238909-6802-4b65-b90d-184bca47f458_build_220_0
    method: GET
    uri: https://management.azure.com/subscriptions/00000000-0000-0000-0000-000000000000/resourceGroups/cli_test_vmss_explicit_msi000001/providers/Microsoft.Network/virtualNetworks?api-version=2022-01-01
  response:
    body:
      string: '{"value":[]}'
    headers:
      cache-control:
      - no-cache
      content-length:
      - '12'
      content-type:
      - application/json; charset=utf-8
      date:
      - Sat, 28 Jan 2023 19:16:42 GMT
      expires:
      - '-1'
      pragma:
      - no-cache
      strict-transport-security:
      - max-age=31536000; includeSubDomains
      vary:
      - Accept-Encoding
      x-content-type-options:
      - nosniff
    status:
      code: 200
      message: OK
- request:
    body: null
    headers:
      Accept:
      - application/json
      Accept-Encoding:
      - gzip, deflate
      CommandName:
      - vmss create
      Connection:
      - keep-alive
      ParameterSetName:
      - -g -n --image --assign-identity --role --scope --instance-count --generate-ssh-keys
        --admin-username
      User-Agent:
      - python/3.10.9 (Linux-5.15.0-1031-azure-x86_64-with-glibc2.31) msrest/0.7.1
        VSTS_7b238909-6802-4b65-b90d-184bca47f458_build_220_0 msrest_azure/0.6.4 azure-mgmt-authorization/0.61.0
        Azure-SDK-For-Python AZURECLI/2.44.1
      accept-language:
      - en-US
    method: GET
    uri: https://management.azure.com/subscriptions/00000000-0000-0000-0000-000000000000/resourceGroups/cli_test_vmss_explicit_msi000001/providers/Microsoft.Authorization/roleDefinitions?$filter=roleName%20eq%20%27reader%27&api-version=2018-01-01-preview
  response:
    body:
      string: '{"value":[{"properties":{"roleName":"Reader","type":"BuiltInRole","description":"View
        all resources, but does not allow you to make any changes.","assignableScopes":["/"],"permissions":[{"actions":["*/read"],"notActions":[],"dataActions":[],"notDataActions":[]}],"createdOn":"2015-02-02T21:55:09.8806423Z","updatedOn":"2021-11-11T20:13:47.8628684Z","createdBy":null,"updatedBy":null},"id":"/subscriptions/00000000-0000-0000-0000-000000000000/providers/Microsoft.Authorization/roleDefinitions/acdd72a7-3385-48ef-bd42-f606fba81ae7","type":"Microsoft.Authorization/roleDefinitions","name":"acdd72a7-3385-48ef-bd42-f606fba81ae7"}]}'
    headers:
      cache-control:
      - no-cache
      content-length:
      - '627'
      content-type:
      - application/json; charset=utf-8
      date:
      - Sat, 28 Jan 2023 19:16:42 GMT
      expires:
      - '-1'
      pragma:
      - no-cache
      set-cookie:
      - x-ms-gateway-slice=Production; path=/; secure; samesite=none; httponly
      strict-transport-security:
      - max-age=31536000; includeSubDomains
      transfer-encoding:
      - chunked
      vary:
      - Accept-Encoding
      x-content-type-options:
      - nosniff
    status:
      code: 200
      message: OK
- request:
    body: null
    headers:
      Accept:
      - '*/*'
      Accept-Encoding:
      - gzip, deflate
      Connection:
      - keep-alive
      User-Agent:
      - python-requests/2.26.0
    method: GET
    uri: https://raw.githubusercontent.com/Azure/azure-rest-api-specs/main/arm-compute/quickstart-templates/aliases.json
  response:
    body:
      string: "{\n  \"$schema\": \"http://schema.management.azure.com/schemas/2015-01-01/deploymentTemplate.json\",\n
        \ \"contentVersion\": \"1.0.0.0\",\n  \"parameters\": {},\n  \"variables\":
        {},\n  \"resources\": [],\n  \"outputs\": {\n    \"aliases\": {\n      \"type\":
        \"object\",\n      \"value\": {\n        \"Linux\": {\n          \"CentOS\":
        {\n            \"publisher\": \"OpenLogic\",\n            \"offer\": \"CentOS\",\n
        \           \"sku\": \"7.5\",\n            \"version\": \"latest\",\n            \"architecture\":
        \"x64\"\n          },\n          \"Debian\": {\n            \"publisher\":
        \"Debian\",\n            \"offer\": \"debian-10\",\n            \"sku\": \"10\",\n
        \           \"version\": \"latest\",\n            \"architecture\": \"x64\"\n
        \         },\n          \"Flatcar\": {\n            \"publisher\": \"kinvolk\",\n
        \           \"offer\": \"flatcar-container-linux-free\",\n            \"sku\":
        \"stable\",\n            \"version\": \"latest\",\n            \"architecture\":
        \"x64\"\n          },\n          \"openSUSE-Leap\": {\n            \"publisher\":
        \"SUSE\",\n            \"offer\": \"opensuse-leap-15-3\",\n            \"sku\":
        \"gen2\",\n            \"version\": \"latest\",\n            \"architecture\":
        \"x64\"\n          },\n          \"RHEL\": {\n            \"publisher\": \"RedHat\",\n
        \           \"offer\": \"RHEL\",\n            \"sku\": \"7-LVM\",\n            \"version\":
        \"latest\",\n            \"architecture\": \"x64\"\n          },\n          \"SLES\":
        {\n            \"publisher\": \"SUSE\",\n            \"offer\": \"sles-15-sp3\",\n
        \           \"sku\": \"gen2\",\n            \"version\": \"latest\",\n            \"architecture\":
        \"x64\"\n          },\n          \"UbuntuLTS\": {\n            \"publisher\":
        \"Canonical\",\n            \"offer\": \"UbuntuServer\",\n            \"sku\":
        \"18.04-LTS\",\n            \"version\": \"latest\",\n            \"architecture\":
        \"x64\"\n          }\n        },\n        \"Windows\": {\n          \"Win2022Datacenter\":
        {\n            \"publisher\": \"MicrosoftWindowsServer\",\n            \"offer\":
        \"WindowsServer\",\n            \"sku\": \"2022-Datacenter\",\n            \"version\":
        \"latest\",\n            \"architecture\": \"x64\"\n          },\n          \"Win2022AzureEditionCore\":
        {\n            \"publisher\": \"MicrosoftWindowsServer\",\n            \"offer\":
        \"WindowsServer\",\n            \"sku\": \"2022-datacenter-azure-edition-core\",\n
        \           \"version\": \"latest\",\n            \"architecture\": \"x64\"\n
        \         },\n          \"Win2019Datacenter\": {\n            \"publisher\":
        \"MicrosoftWindowsServer\",\n            \"offer\": \"WindowsServer\",\n            \"sku\":
        \"2019-Datacenter\",\n            \"version\": \"latest\",\n            \"architecture\":
        \"x64\"\n          },\n          \"Win2016Datacenter\": {\n            \"publisher\":
        \"MicrosoftWindowsServer\",\n            \"offer\": \"WindowsServer\",\n            \"sku\":
        \"2016-Datacenter\",\n            \"version\": \"latest\",\n            \"architecture\":
        \"x64\"\n          },\n          \"Win2012R2Datacenter\": {\n            \"publisher\":
        \"MicrosoftWindowsServer\",\n            \"offer\": \"WindowsServer\",\n            \"sku\":
        \"2012-R2-Datacenter\",\n            \"version\": \"latest\",\n            \"architecture\":
        \"x64\"\n          },\n          \"Win2012Datacenter\": {\n            \"publisher\":
        \"MicrosoftWindowsServer\",\n            \"offer\": \"WindowsServer\",\n            \"sku\":
        \"2012-Datacenter\",\n            \"version\": \"latest\",\n            \"architecture\":
        \"x64\"\n          },\n          \"Win2008R2SP1\": {\n            \"publisher\":
        \"MicrosoftWindowsServer\",\n            \"offer\": \"WindowsServer\",\n            \"sku\":
        \"2008-R2-SP1\",\n            \"version\": \"latest\",\n            \"architecture\":
        \"x64\"\n          }\n        }\n      }\n    }\n  }\n}"
    headers:
      accept-ranges:
      - bytes
      access-control-allow-origin:
      - '*'
      cache-control:
      - max-age=300
      connection:
      - keep-alive
      content-length:
      - '3463'
      content-security-policy:
      - default-src 'none'; style-src 'unsafe-inline'; sandbox
      content-type:
      - text/plain; charset=utf-8
      date:
      - Sat, 28 Jan 2023 19:16:43 GMT
      etag:
      - W/"41b202f4dc5098d126019dc00721a4c5e30df0c5196794514fadc3710ee2a5cb"
      expires:
      - Sat, 28 Jan 2023 19:21:43 GMT
      source-age:
      - '113'
      strict-transport-security:
      - max-age=31536000
      vary:
      - Authorization,Accept-Encoding,Origin
      via:
      - 1.1 varnish
      x-cache:
      - HIT
      x-cache-hits:
      - '1'
      x-content-type-options:
      - nosniff
      x-fastly-request-id:
      - 7200b2ca76f701b30761e742c9add7aee4067ccd
      x-frame-options:
      - deny
      x-github-request-id:
      - 2972:2687:1F0293:30DA00:63D4615F
      x-served-by:
      - cache-iad-kiad7000153-IAD
      x-timer:
      - S1674933403.434753,VS0,VE1
      x-xss-protection:
      - 1; mode=block
    status:
      code: 200
      message: OK
- request:
    body: null
    headers:
      Accept:
      - application/json
      Accept-Encoding:
      - gzip, deflate
      CommandName:
      - vmss create
      Connection:
      - keep-alive
      ParameterSetName:
      - -g -n --image --assign-identity --role --scope --instance-count --generate-ssh-keys
        --admin-username
      User-Agent:
      - AZURECLI/2.44.1 azsdk-python-azure-mgmt-compute/29.0.0 Python/3.10.9 (Linux-5.15.0-1031-azure-x86_64-with-glibc2.31)
        VSTS_7b238909-6802-4b65-b90d-184bca47f458_build_220_0
    method: GET
    uri: https://management.azure.com/subscriptions/00000000-0000-0000-0000-000000000000/providers/Microsoft.Compute/locations/westcentralus/publishers/Canonical/artifacttypes/vmimage/offers/UbuntuServer/skus/18.04-LTS/versions?$top=1&$orderby=name%20desc&api-version=2022-08-01
  response:
    body:
      string: "[\r\n  {\r\n    \"location\": \"westcentralus\",\r\n    \"name\": \"18.04.202301100\",\r\n
        \   \"id\": \"/Subscriptions/00000000-0000-0000-0000-000000000000/Providers/Microsoft.Compute/Locations/westcentralus/Publishers/Canonical/ArtifactTypes/VMImage/Offers/UbuntuServer/Skus/18.04-LTS/Versions/18.04.202301100\"\r\n
        \ }\r\n]"
    headers:
      cache-control:
      - no-cache
      content-length:
      - '300'
      content-type:
      - application/json; charset=utf-8
      date:
      - Sat, 28 Jan 2023 19:16:42 GMT
      expires:
      - '-1'
      pragma:
      - no-cache
      server:
      - Microsoft-HTTPAPI/2.0
      - Microsoft-HTTPAPI/2.0
      strict-transport-security:
      - max-age=31536000; includeSubDomains
      transfer-encoding:
      - chunked
      vary:
      - Accept-Encoding
      x-content-type-options:
      - nosniff
      x-ms-ratelimit-remaining-resource:
      - Microsoft.Compute/ListVMImagesVersionsFromLocation3Min;15998,Microsoft.Compute/ListVMImagesVersionsFromLocation30Min;43998
    status:
      code: 200
      message: OK
- request:
    body: null
    headers:
      Accept:
      - application/json
      Accept-Encoding:
      - gzip, deflate
      CommandName:
      - vmss create
      Connection:
      - keep-alive
      ParameterSetName:
      - -g -n --image --assign-identity --role --scope --instance-count --generate-ssh-keys
        --admin-username
      User-Agent:
      - AZURECLI/2.44.1 azsdk-python-azure-mgmt-compute/29.0.0 Python/3.10.9 (Linux-5.15.0-1031-azure-x86_64-with-glibc2.31)
        VSTS_7b238909-6802-4b65-b90d-184bca47f458_build_220_0
    method: GET
    uri: https://management.azure.com/subscriptions/00000000-0000-0000-0000-000000000000/providers/Microsoft.Compute/locations/westcentralus/publishers/Canonical/artifacttypes/vmimage/offers/UbuntuServer/skus/18.04-LTS/versions/18.04.202301100?api-version=2022-08-01
  response:
    body:
      string: "{\r\n  \"properties\": {\r\n    \"hyperVGeneration\": \"V1\",\r\n    \"architecture\":
        \"x64\",\r\n    \"replicaType\": \"Unmanaged\",\r\n    \"disallowed\": {\r\n
        \     \"vmDiskType\": \"None\"\r\n    },\r\n    \"automaticOSUpgradeProperties\":
        {\r\n      \"automaticOSUpgradeSupported\": true\r\n    },\r\n    \"imageDeprecationStatus\":
        {\r\n      \"imageState\": \"Active\"\r\n    },\r\n    \"features\": [\r\n
        \     {\r\n        \"name\": \"IsAcceleratedNetworkSupported\",\r\n        \"value\":
        \"True\"\r\n      },\r\n      {\r\n        \"name\": \"DiskControllerTypes\",\r\n
        \       \"value\": \"SCSI, NVMe\"\r\n      },\r\n      {\r\n        \"name\":
        \"IsHibernateSupported\",\r\n        \"value\": \"True\"\r\n      }\r\n    ],\r\n
        \   \"osDiskImage\": {\r\n      \"operatingSystem\": \"Linux\",\r\n      \"sizeInGb\":
        31,\r\n      \"sizeInBytes\": 32213303808\r\n    },\r\n    \"dataDiskImages\":
        []\r\n  },\r\n  \"location\": \"westcentralus\",\r\n  \"name\": \"18.04.202301100\",\r\n
        \ \"id\": \"/Subscriptions/00000000-0000-0000-0000-000000000000/Providers/Microsoft.Compute/Locations/westcentralus/Publishers/Canonical/ArtifactTypes/VMImage/Offers/UbuntuServer/Skus/18.04-LTS/Versions/18.04.202301100\"\r\n}"
    headers:
      cache-control:
      - no-cache
      content-length:
      - '1062'
      content-type:
      - application/json; charset=utf-8
      date:
      - Sat, 28 Jan 2023 19:16:43 GMT
      expires:
      - '-1'
      pragma:
      - no-cache
      server:
      - Microsoft-HTTPAPI/2.0
      - Microsoft-HTTPAPI/2.0
      strict-transport-security:
      - max-age=31536000; includeSubDomains
      transfer-encoding:
      - chunked
      vary:
      - Accept-Encoding
      x-content-type-options:
      - nosniff
      x-ms-ratelimit-remaining-resource:
      - Microsoft.Compute/GetVMImageFromLocation3Min;12998,Microsoft.Compute/GetVMImageFromLocation30Min;73998
    status:
      code: 200
      message: OK
- request:
    body: null
    headers:
      Accept:
      - application/json
      Accept-Encoding:
      - gzip, deflate
      CommandName:
      - vmss create
      Connection:
      - keep-alive
      ParameterSetName:
      - -g -n --image --assign-identity --role --scope --instance-count --generate-ssh-keys
        --admin-username
      User-Agent:
      - AZURECLI/2.44.1 azsdk-python-azure-mgmt-compute/29.0.0 Python/3.10.9 (Linux-5.15.0-1031-azure-x86_64-with-glibc2.31)
        VSTS_7b238909-6802-4b65-b90d-184bca47f458_build_220_0
    method: GET
    uri: https://management.azure.com/subscriptions/00000000-0000-0000-0000-000000000000/providers/Microsoft.Compute/locations/westcentralus/publishers/Canonical/artifacttypes/vmimage/offers/UbuntuServer/skus/18.04-LTS/versions?$top=1&$orderby=name%20desc&api-version=2022-08-01
  response:
    body:
      string: "[\r\n  {\r\n    \"location\": \"westcentralus\",\r\n    \"name\": \"18.04.202301100\",\r\n
        \   \"id\": \"/Subscriptions/00000000-0000-0000-0000-000000000000/Providers/Microsoft.Compute/Locations/westcentralus/Publishers/Canonical/ArtifactTypes/VMImage/Offers/UbuntuServer/Skus/18.04-LTS/Versions/18.04.202301100\"\r\n
        \ }\r\n]"
    headers:
      cache-control:
      - no-cache
      content-length:
      - '300'
      content-type:
      - application/json; charset=utf-8
      date:
      - Sat, 28 Jan 2023 19:16:43 GMT
      expires:
      - '-1'
      pragma:
      - no-cache
      server:
      - Microsoft-HTTPAPI/2.0
      - Microsoft-HTTPAPI/2.0
      strict-transport-security:
      - max-age=31536000; includeSubDomains
      transfer-encoding:
      - chunked
      vary:
      - Accept-Encoding
      x-content-type-options:
      - nosniff
      x-ms-ratelimit-remaining-resource:
      - Microsoft.Compute/ListVMImagesVersionsFromLocation3Min;15997,Microsoft.Compute/ListVMImagesVersionsFromLocation30Min;43997
    status:
      code: 200
      message: OK
- request:
    body: null
    headers:
      Accept:
      - application/json
      Accept-Encoding:
      - gzip, deflate
      CommandName:
      - vmss create
      Connection:
      - keep-alive
      ParameterSetName:
      - -g -n --image --assign-identity --role --scope --instance-count --generate-ssh-keys
        --admin-username
      User-Agent:
      - AZURECLI/2.44.1 azsdk-python-azure-mgmt-compute/29.0.0 Python/3.10.9 (Linux-5.15.0-1031-azure-x86_64-with-glibc2.31)
        VSTS_7b238909-6802-4b65-b90d-184bca47f458_build_220_0
    method: GET
    uri: https://management.azure.com/subscriptions/00000000-0000-0000-0000-000000000000/providers/Microsoft.Compute/locations/westcentralus/publishers/Canonical/artifacttypes/vmimage/offers/UbuntuServer/skus/18.04-LTS/versions/18.04.202301100?api-version=2022-08-01
  response:
    body:
      string: "{\r\n  \"properties\": {\r\n    \"hyperVGeneration\": \"V1\",\r\n    \"architecture\":
        \"x64\",\r\n    \"replicaType\": \"Unmanaged\",\r\n    \"disallowed\": {\r\n
        \     \"vmDiskType\": \"None\"\r\n    },\r\n    \"automaticOSUpgradeProperties\":
        {\r\n      \"automaticOSUpgradeSupported\": true\r\n    },\r\n    \"imageDeprecationStatus\":
        {\r\n      \"imageState\": \"Active\"\r\n    },\r\n    \"features\": [\r\n
        \     {\r\n        \"name\": \"IsAcceleratedNetworkSupported\",\r\n        \"value\":
        \"True\"\r\n      },\r\n      {\r\n        \"name\": \"DiskControllerTypes\",\r\n
        \       \"value\": \"SCSI, NVMe\"\r\n      },\r\n      {\r\n        \"name\":
        \"IsHibernateSupported\",\r\n        \"value\": \"True\"\r\n      }\r\n    ],\r\n
        \   \"osDiskImage\": {\r\n      \"operatingSystem\": \"Linux\",\r\n      \"sizeInGb\":
        31,\r\n      \"sizeInBytes\": 32213303808\r\n    },\r\n    \"dataDiskImages\":
        []\r\n  },\r\n  \"location\": \"westcentralus\",\r\n  \"name\": \"18.04.202301100\",\r\n
        \ \"id\": \"/Subscriptions/00000000-0000-0000-0000-000000000000/Providers/Microsoft.Compute/Locations/westcentralus/Publishers/Canonical/ArtifactTypes/VMImage/Offers/UbuntuServer/Skus/18.04-LTS/Versions/18.04.202301100\"\r\n}"
    headers:
      cache-control:
      - no-cache
      content-length:
      - '1062'
      content-type:
      - application/json; charset=utf-8
      date:
      - Sat, 28 Jan 2023 19:16:44 GMT
      expires:
      - '-1'
      pragma:
      - no-cache
      server:
      - Microsoft-HTTPAPI/2.0
      - Microsoft-HTTPAPI/2.0
      strict-transport-security:
      - max-age=31536000; includeSubDomains
      transfer-encoding:
      - chunked
      vary:
      - Accept-Encoding
      x-content-type-options:
      - nosniff
      x-ms-ratelimit-remaining-resource:
      - Microsoft.Compute/GetVMImageFromLocation3Min;12997,Microsoft.Compute/GetVMImageFromLocation30Min;73997
    status:
      code: 200
      message: OK
- request:
    body: '{"properties": {"template": {"$schema": "https://schema.management.azure.com/schemas/2015-01-01/deploymentTemplate.json#",
      "contentVersion": "1.0.0.0", "parameters": {}, "variables": {}, "resources":
      [{"name": "vmss1VNET", "type": "Microsoft.Network/virtualNetworks", "location":
      "westcentralus", "apiVersion": "2015-06-15", "dependsOn": [], "tags": {}, "properties":
      {"addressSpace": {"addressPrefixes": ["10.0.0.0/16"]}, "subnets": [{"name":
      "vmss1Subnet", "properties": {"addressPrefix": "10.0.0.0/24"}}]}}, {"apiVersion":
      "2022-01-01", "type": "Microsoft.Network/publicIPAddresses", "name": "vmss1LBPublicIP",
      "location": "westcentralus", "tags": {}, "dependsOn": [], "properties": {"publicIPAllocationMethod":
      "Dynamic"}}, {"type": "Microsoft.Network/loadBalancers", "name": "vmss1LB",
      "location": "westcentralus", "tags": {}, "apiVersion": "2022-01-01", "dependsOn":
      ["Microsoft.Network/virtualNetworks/vmss1VNET", "Microsoft.Network/publicIpAddresses/vmss1LBPublicIP"],
      "properties": {"backendAddressPools": [{"name": "vmss1LBBEPool"}], "frontendIPConfigurations":
      [{"name": "loadBalancerFrontEnd", "properties": {"publicIPAddress": {"id": "/subscriptions/00000000-0000-0000-0000-000000000000/resourceGroups/cli_test_vmss_explicit_msi000001/providers/Microsoft.Network/publicIPAddresses/vmss1LBPublicIP"}}}],
      "inboundNatPools": [{"name": "vmss1LBNatPool", "properties": {"frontendIPConfiguration":
      {"id": "[concat(resourceId(''Microsoft.Network/loadBalancers'', ''vmss1LB''),
      ''/frontendIPConfigurations/'', ''loadBalancerFrontEnd'')]"}, "protocol": "tcp",
      "frontendPortRangeStart": "50000", "frontendPortRangeEnd": "50119", "backendPort":
      22}}]}}, {"name": "d26746dc-c998-48f4-9acd-4c464b8e1a69", "type": "Microsoft.Authorization/roleAssignments",
      "apiVersion": "2015-07-01", "dependsOn": ["Microsoft.Compute/virtualMachineScaleSets/vmss1"],
      "properties": {"roleDefinitionId": "/subscriptions/00000000-0000-0000-0000-000000000000/providers/Microsoft.Authorization/roleDefinitions/acdd72a7-3385-48ef-bd42-f606fba81ae7",
      "principalId": "[reference(''/subscriptions/00000000-0000-0000-0000-000000000000/resourceGroups/cli_test_vmss_explicit_msi000001/providers/Microsoft.Compute/virtualMachineScaleSets/vmss1'',
      ''2019-07-01'', ''Full'').identity.principalId]", "scope": "/subscriptions/00000000-0000-0000-0000-000000000000/resourceGroups/cli_test_vmss_explicit_msi000001"}},
      {"type": "Microsoft.Compute/virtualMachineScaleSets", "name": "vmss1", "location":
      "westcentralus", "tags": {}, "apiVersion": "2022-08-01", "dependsOn": ["Microsoft.Network/virtualNetworks/vmss1VNET",
      "Microsoft.Network/loadBalancers/vmss1LB"], "properties": {"overprovision":
      true, "upgradePolicy": {"mode": "manual", "rollingUpgradePolicy": {}}, "singlePlacementGroup":
      null, "virtualMachineProfile": {"storageProfile": {"osDisk": {"createOption":
      "FromImage", "caching": "ReadWrite", "managedDisk": {"storageAccountType": null}},
      "imageReference": {"publisher": "Canonical", "offer": "UbuntuServer", "sku":
      "18.04-LTS", "version": "latest"}}, "osProfile": {"computerNamePrefix": "vmss1a0f7",
      "adminUsername": "ubuntuadmin", "linuxConfiguration": {"disablePasswordAuthentication":
      true, "ssh": {"publicKeys": [{"path": "/home/ubuntuadmin/.ssh/authorized_keys",
      "keyData": "ssh-rsa AAAAB3NzaC1yc2EAAAADAQABAAABAQDPkEL+zs97zqGr/+XGpq6LXCJWH5jePFTi5nW/ojQD5vdzI63sGc6kkwj2yUlS5o9sk7md+rZtK4AOptyhzhYQPVaRoG0icd+G65bnGbJXD6n9axbY+FCcmqCwu0DXzHQYMO0EniVx2EPHlQsEqSfChXqPQGPzvpLSXRsAzFC06myQT0MKeYgDFPNzxa3AuwsnjcgFoUk0sJ8tAm6BfxL1YXyV97rBEJzMR9vXT15Rrey0JQD5vWZ/c7gmK0T3vTXzEohsuibly3AvNUqykRQEoVI6Sl6gR+7VEmcLkZ+Pn0WynImnrfdtkg8smtM3gUdtY5FFiH9l1Y88BfdASFYJ"}]}}},
      "networkProfile": {"networkInterfaceConfigurations": [{"name": "vmss1a0f7Nic",
      "properties": {"ipConfigurations": [{"name": "vmss1a0f7IPConfig", "properties":
      {"subnet": {"id": "/subscriptions/00000000-0000-0000-0000-000000000000/resourceGroups/cli_test_vmss_explicit_msi000001/providers/Microsoft.Network/virtualNetworks/vmss1VNET/subnets/vmss1Subnet"},
      "loadBalancerBackendAddressPools": [{"id": "/subscriptions/00000000-0000-0000-0000-000000000000/resourceGroups/cli_test_vmss_explicit_msi000001/providers/Microsoft.Network/loadBalancers/vmss1LB/backendAddressPools/vmss1LBBEPool"}],
      "loadBalancerInboundNatPools": [{"id": "/subscriptions/00000000-0000-0000-0000-000000000000/resourceGroups/cli_test_vmss_explicit_msi000001/providers/Microsoft.Network/loadBalancers/vmss1LB/inboundNatPools/vmss1LBNatPool"}]}}],
      "primary": "true"}}]}}, "orchestrationMode": "Uniform"}, "sku": {"name": "Standard_DS1_v2",
      "capacity": 1}, "identity": {"type": "SystemAssigned,UserAssigned", "userAssignedIdentities":
      {"/subscriptions/00000000-0000-0000-0000-000000000000/resourceGroups/cli_test_vmss_explicit_msi000001/providers/Microsoft.ManagedIdentity/userAssignedIdentities/id1":
      {}}}}], "outputs": {"VMSS": {"type": "object", "value": "[reference(resourceId(''Microsoft.Compute/virtualMachineScaleSets'',
      ''vmss1''),providers(''Microsoft.Compute'', ''virtualMachineScaleSets'').apiVersions[0])]"}}},
      "parameters": {}, "mode": "incremental"}}'
    headers:
      Accept:
      - application/json
      Accept-Encoding:
      - gzip, deflate
      CommandName:
      - vmss create
      Connection:
      - keep-alive
      Content-Length:
      - '5052'
      Content-Type:
      - application/json
      ParameterSetName:
      - -g -n --image --assign-identity --role --scope --instance-count --generate-ssh-keys
        --admin-username
      User-Agent:
      - AZURECLI/2.44.1 azsdk-python-azure-mgmt-resource/22.0.0 Python/3.10.9 (Linux-5.15.0-1031-azure-x86_64-with-glibc2.31)
        VSTS_7b238909-6802-4b65-b90d-184bca47f458_build_220_0
    method: PUT
    uri: https://management.azure.com/subscriptions/00000000-0000-0000-0000-000000000000/resourcegroups/cli_test_vmss_explicit_msi000001/providers/Microsoft.Resources/deployments/mock-deployment?api-version=2022-09-01
  response:
    body:
      string: '{"id":"/subscriptions/00000000-0000-0000-0000-000000000000/resourceGroups/cli_test_vmss_explicit_msi000001/providers/Microsoft.Resources/deployments/vmss_deploy_Eszflm2VTunqARl75m09fVpT8qFpTt5G","name":"vmss_deploy_Eszflm2VTunqARl75m09fVpT8qFpTt5G","type":"Microsoft.Resources/deployments","properties":{"templateHash":"556623805372151242","parameters":{},"mode":"Incremental","provisioningState":"Accepted","timestamp":"2023-01-28T19:16:52.7351922Z","duration":"PT0.0009053S","correlationId":"a69d9af2-7046-42b2-8c7b-300a72f86674","providers":[{"namespace":"Microsoft.Network","resourceTypes":[{"resourceType":"virtualNetworks","locations":["westcentralus"]},{"resourceType":"publicIPAddresses","locations":["westcentralus"]},{"resourceType":"loadBalancers","locations":["westcentralus"]}]},{"namespace":"Microsoft.Authorization","resourceTypes":[{"resourceType":"roleAssignments","locations":[null]}]},{"namespace":"Microsoft.Compute","resourceTypes":[{"resourceType":"virtualMachineScaleSets","locations":["westcentralus"]}]}],"dependencies":[{"dependsOn":[{"id":"/subscriptions/00000000-0000-0000-0000-000000000000/resourceGroups/cli_test_vmss_explicit_msi000001/providers/Microsoft.Network/virtualNetworks/vmss1VNET","resourceType":"Microsoft.Network/virtualNetworks","resourceName":"vmss1VNET"},{"id":"/subscriptions/00000000-0000-0000-0000-000000000000/resourceGroups/cli_test_vmss_explicit_msi000001/providers/Microsoft.Network/publicIPAddresses/vmss1LBPublicIP","resourceType":"Microsoft.Network/publicIPAddresses","resourceName":"vmss1LBPublicIP"}],"id":"/subscriptions/00000000-0000-0000-0000-000000000000/resourceGroups/cli_test_vmss_explicit_msi000001/providers/Microsoft.Network/loadBalancers/vmss1LB","resourceType":"Microsoft.Network/loadBalancers","resourceName":"vmss1LB"},{"dependsOn":[{"id":"/subscriptions/00000000-0000-0000-0000-000000000000/resourceGroups/cli_test_vmss_explicit_msi000001/providers/Microsoft.Compute/virtualMachineScaleSets/vmss1","resourceType":"Microsoft.Compute/virtualMachineScaleSets","resourceName":"vmss1"},{"id":"/subscriptions/00000000-0000-0000-0000-000000000000/resourceGroups/cli_test_vmss_explicit_msi000001/providers/Microsoft.Compute/virtualMachineScaleSets/vmss1","resourceType":"Microsoft.Compute/virtualMachineScaleSets","resourceName":"vmss1","apiVersion":"2019-07-01"}],"id":"/subscriptions/00000000-0000-0000-0000-000000000000/resourceGroups/cli_test_vmss_explicit_msi000001/providers/Microsoft.Authorization/roleAssignments/d26746dc-c998-48f4-9acd-4c464b8e1a69","resourceType":"Microsoft.Authorization/roleAssignments","resourceName":"d26746dc-c998-48f4-9acd-4c464b8e1a69"},{"dependsOn":[{"id":"/subscriptions/00000000-0000-0000-0000-000000000000/resourceGroups/cli_test_vmss_explicit_msi000001/providers/Microsoft.Network/virtualNetworks/vmss1VNET","resourceType":"Microsoft.Network/virtualNetworks","resourceName":"vmss1VNET"},{"id":"/subscriptions/00000000-0000-0000-0000-000000000000/resourceGroups/cli_test_vmss_explicit_msi000001/providers/Microsoft.Network/loadBalancers/vmss1LB","resourceType":"Microsoft.Network/loadBalancers","resourceName":"vmss1LB"}],"id":"/subscriptions/00000000-0000-0000-0000-000000000000/resourceGroups/cli_test_vmss_explicit_msi000001/providers/Microsoft.Compute/virtualMachineScaleSets/vmss1","resourceType":"Microsoft.Compute/virtualMachineScaleSets","resourceName":"vmss1"}]}}'
    headers:
      azure-asyncoperation:
      - https://management.azure.com/subscriptions/00000000-0000-0000-0000-000000000000/resourcegroups/cli_test_vmss_explicit_msi000001/providers/Microsoft.Resources/deployments/vmss_deploy_Eszflm2VTunqARl75m09fVpT8qFpTt5G/operationStatuses/08585266734743634919?api-version=2022-09-01
      cache-control:
      - no-cache
      content-length:
      - '3375'
      content-type:
      - application/json; charset=utf-8
      date:
      - Sat, 28 Jan 2023 19:16:52 GMT
      expires:
      - '-1'
      pragma:
      - no-cache
      strict-transport-security:
      - max-age=31536000; includeSubDomains
      x-content-type-options:
      - nosniff
      x-ms-ratelimit-remaining-subscription-writes:
      - '1199'
    status:
      code: 201
      message: Created
- request:
    body: null
    headers:
      Accept:
      - '*/*'
      Accept-Encoding:
      - gzip, deflate
      CommandName:
      - vmss create
      Connection:
      - keep-alive
      ParameterSetName:
      - -g -n --image --assign-identity --role --scope --instance-count --generate-ssh-keys
        --admin-username
      User-Agent:
      - AZURECLI/2.44.1 azsdk-python-azure-mgmt-resource/22.0.0 Python/3.10.9 (Linux-5.15.0-1031-azure-x86_64-with-glibc2.31)
        VSTS_7b238909-6802-4b65-b90d-184bca47f458_build_220_0
    method: GET
    uri: https://management.azure.com/subscriptions/00000000-0000-0000-0000-000000000000/resourcegroups/cli_test_vmss_explicit_msi000001/providers/Microsoft.Resources/deployments/mock-deployment/operationStatuses/08585266734743634919?api-version=2022-09-01
  response:
    body:
      string: '{"status":"Running"}'
    headers:
      cache-control:
      - no-cache
      content-length:
      - '20'
      content-type:
      - application/json; charset=utf-8
      date:
      - Sat, 28 Jan 2023 19:17:23 GMT
      expires:
      - '-1'
      pragma:
      - no-cache
      strict-transport-security:
      - max-age=31536000; includeSubDomains
      x-content-type-options:
      - nosniff
    status:
      code: 200
      message: OK
- request:
    body: null
    headers:
      Accept:
      - '*/*'
      Accept-Encoding:
      - gzip, deflate
      CommandName:
      - vmss create
      Connection:
      - keep-alive
      ParameterSetName:
      - -g -n --image --assign-identity --role --scope --instance-count --generate-ssh-keys
        --admin-username
      User-Agent:
      - AZURECLI/2.44.1 azsdk-python-azure-mgmt-resource/22.0.0 Python/3.10.9 (Linux-5.15.0-1031-azure-x86_64-with-glibc2.31)
        VSTS_7b238909-6802-4b65-b90d-184bca47f458_build_220_0
    method: GET
    uri: https://management.azure.com/subscriptions/00000000-0000-0000-0000-000000000000/resourcegroups/cli_test_vmss_explicit_msi000001/providers/Microsoft.Resources/deployments/mock-deployment/operationStatuses/08585266734743634919?api-version=2022-09-01
  response:
    body:
      string: '{"status":"Succeeded"}'
    headers:
      cache-control:
      - no-cache
      content-length:
      - '22'
      content-type:
      - application/json; charset=utf-8
      date:
      - Sat, 28 Jan 2023 19:17:53 GMT
      expires:
      - '-1'
      pragma:
      - no-cache
      strict-transport-security:
      - max-age=31536000; includeSubDomains
      x-content-type-options:
      - nosniff
    status:
      code: 200
      message: OK
- request:
    body: null
    headers:
      Accept:
      - '*/*'
      Accept-Encoding:
      - gzip, deflate
      CommandName:
      - vmss create
      Connection:
      - keep-alive
      ParameterSetName:
      - -g -n --image --assign-identity --role --scope --instance-count --generate-ssh-keys
        --admin-username
      User-Agent:
      - AZURECLI/2.44.1 azsdk-python-azure-mgmt-resource/22.0.0 Python/3.10.9 (Linux-5.15.0-1031-azure-x86_64-with-glibc2.31)
        VSTS_7b238909-6802-4b65-b90d-184bca47f458_build_220_0
    method: GET
    uri: https://management.azure.com/subscriptions/00000000-0000-0000-0000-000000000000/resourcegroups/cli_test_vmss_explicit_msi000001/providers/Microsoft.Resources/deployments/mock-deployment?api-version=2022-09-01
  response:
    body:
      string: '{"id":"/subscriptions/00000000-0000-0000-0000-000000000000/resourceGroups/cli_test_vmss_explicit_msi000001/providers/Microsoft.Resources/deployments/vmss_deploy_Eszflm2VTunqARl75m09fVpT8qFpTt5G","name":"vmss_deploy_Eszflm2VTunqARl75m09fVpT8qFpTt5G","type":"Microsoft.Resources/deployments","properties":{"templateHash":"556623805372151242","parameters":{},"mode":"Incremental","provisioningState":"Succeeded","timestamp":"2023-01-28T19:17:50.936665Z","duration":"PT58.2023781S","correlationId":"a69d9af2-7046-42b2-8c7b-300a72f86674","providers":[{"namespace":"Microsoft.Network","resourceTypes":[{"resourceType":"virtualNetworks","locations":["westcentralus"]},{"resourceType":"publicIPAddresses","locations":["westcentralus"]},{"resourceType":"loadBalancers","locations":["westcentralus"]}]},{"namespace":"Microsoft.Authorization","resourceTypes":[{"resourceType":"roleAssignments","locations":[null]}]},{"namespace":"Microsoft.Compute","resourceTypes":[{"resourceType":"virtualMachineScaleSets","locations":["westcentralus"]}]}],"dependencies":[{"dependsOn":[{"id":"/subscriptions/00000000-0000-0000-0000-000000000000/resourceGroups/cli_test_vmss_explicit_msi000001/providers/Microsoft.Network/virtualNetworks/vmss1VNET","resourceType":"Microsoft.Network/virtualNetworks","resourceName":"vmss1VNET"},{"id":"/subscriptions/00000000-0000-0000-0000-000000000000/resourceGroups/cli_test_vmss_explicit_msi000001/providers/Microsoft.Network/publicIPAddresses/vmss1LBPublicIP","resourceType":"Microsoft.Network/publicIPAddresses","resourceName":"vmss1LBPublicIP"}],"id":"/subscriptions/00000000-0000-0000-0000-000000000000/resourceGroups/cli_test_vmss_explicit_msi000001/providers/Microsoft.Network/loadBalancers/vmss1LB","resourceType":"Microsoft.Network/loadBalancers","resourceName":"vmss1LB"},{"dependsOn":[{"id":"/subscriptions/00000000-0000-0000-0000-000000000000/resourceGroups/cli_test_vmss_explicit_msi000001/providers/Microsoft.Compute/virtualMachineScaleSets/vmss1","resourceType":"Microsoft.Compute/virtualMachineScaleSets","resourceName":"vmss1"},{"id":"/subscriptions/00000000-0000-0000-0000-000000000000/resourceGroups/cli_test_vmss_explicit_msi000001/providers/Microsoft.Compute/virtualMachineScaleSets/vmss1","resourceType":"Microsoft.Compute/virtualMachineScaleSets","resourceName":"vmss1","apiVersion":"2019-07-01"}],"id":"/subscriptions/00000000-0000-0000-0000-000000000000/resourceGroups/cli_test_vmss_explicit_msi000001/providers/Microsoft.Authorization/roleAssignments/d26746dc-c998-48f4-9acd-4c464b8e1a69","resourceType":"Microsoft.Authorization/roleAssignments","resourceName":"d26746dc-c998-48f4-9acd-4c464b8e1a69"},{"dependsOn":[{"id":"/subscriptions/00000000-0000-0000-0000-000000000000/resourceGroups/cli_test_vmss_explicit_msi000001/providers/Microsoft.Network/virtualNetworks/vmss1VNET","resourceType":"Microsoft.Network/virtualNetworks","resourceName":"vmss1VNET"},{"id":"/subscriptions/00000000-0000-0000-0000-000000000000/resourceGroups/cli_test_vmss_explicit_msi000001/providers/Microsoft.Network/loadBalancers/vmss1LB","resourceType":"Microsoft.Network/loadBalancers","resourceName":"vmss1LB"}],"id":"/subscriptions/00000000-0000-0000-0000-000000000000/resourceGroups/cli_test_vmss_explicit_msi000001/providers/Microsoft.Compute/virtualMachineScaleSets/vmss1","resourceType":"Microsoft.Compute/virtualMachineScaleSets","resourceName":"vmss1"}],"outputs":{"vmss":{"type":"Object","value":{"singlePlacementGroup":true,"orchestrationMode":"Uniform","upgradePolicy":{"mode":"Manual","rollingUpgradePolicy":{"maxBatchInstancePercent":20,"maxUnhealthyInstancePercent":20,"maxUnhealthyUpgradedInstancePercent":20,"pauseTimeBetweenBatches":"PT0S","maxSurge":false,"rollbackFailedInstancesOnPolicyBreach":false}},"virtualMachineProfile":{"osProfile":{"computerNamePrefix":"vmss1a0f7","adminUsername":"ubuntuadmin","linuxConfiguration":{"disablePasswordAuthentication":true,"ssh":{"publicKeys":[{"path":"/home/ubuntuadmin/.ssh/authorized_keys","keyData":"ssh-rsa
        AAAAB3NzaC1yc2EAAAADAQABAAABAQDPkEL+zs97zqGr/+XGpq6LXCJWH5jePFTi5nW/ojQD5vdzI63sGc6kkwj2yUlS5o9sk7md+rZtK4AOptyhzhYQPVaRoG0icd+G65bnGbJXD6n9axbY+FCcmqCwu0DXzHQYMO0EniVx2EPHlQsEqSfChXqPQGPzvpLSXRsAzFC06myQT0MKeYgDFPNzxa3AuwsnjcgFoUk0sJ8tAm6BfxL1YXyV97rBEJzMR9vXT15Rrey0JQD5vWZ/c7gmK0T3vTXzEohsuibly3AvNUqykRQEoVI6Sl6gR+7VEmcLkZ+Pn0WynImnrfdtkg8smtM3gUdtY5FFiH9l1Y88BfdASFYJ"}]},"provisionVMAgent":true,"enableVMAgentPlatformUpdates":false},"secrets":[],"allowExtensionOperations":true,"requireGuestProvisionSignal":true},"storageProfile":{"osDisk":{"osType":"Linux","createOption":"FromImage","caching":"ReadWrite","managedDisk":{"storageAccountType":"Premium_LRS"},"diskSizeGB":30},"imageReference":{"publisher":"Canonical","offer":"UbuntuServer","sku":"18.04-LTS","version":"latest"}},"networkProfile":{"networkInterfaceConfigurations":[{"name":"vmss1a0f7Nic","properties":{"primary":true,"disableTcpStateTracking":false,"dnsSettings":{"dnsServers":[]},"enableIPForwarding":false,"ipConfigurations":[{"name":"vmss1a0f7IPConfig","properties":{"subnet":{"id":"/subscriptions/00000000-0000-0000-0000-000000000000/resourceGroups/cli_test_vmss_explicit_msi000001/providers/Microsoft.Network/virtualNetworks/vmss1VNET/subnets/vmss1Subnet"},"privateIPAddressVersion":"IPv4","loadBalancerBackendAddressPools":[{"id":"/subscriptions/00000000-0000-0000-0000-000000000000/resourceGroups/cli_test_vmss_explicit_msi000001/providers/Microsoft.Network/loadBalancers/vmss1LB/backendAddressPools/vmss1LBBEPool"}],"loadBalancerInboundNatPools":[{"id":"/subscriptions/00000000-0000-0000-0000-000000000000/resourceGroups/cli_test_vmss_explicit_msi000001/providers/Microsoft.Network/loadBalancers/vmss1LB/inboundNatPools/vmss1LBNatPool"}]}}]}}]}},"provisioningState":"Succeeded","overprovision":true,"doNotRunExtensionsOnOverprovisionedVMs":false,"uniqueId":"a12cf418-3451-45f5-9a1f-3a92dac293a1","timeCreated":"2023-01-28T19:17:04.3920126+00:00"}}},"outputResources":[{"id":"/subscriptions/00000000-0000-0000-0000-000000000000/resourceGroups/cli_test_vmss_explicit_msi000001/providers/Microsoft.Authorization/roleAssignments/d26746dc-c998-48f4-9acd-4c464b8e1a69"},{"id":"/subscriptions/00000000-0000-0000-0000-000000000000/resourceGroups/cli_test_vmss_explicit_msi000001/providers/Microsoft.Compute/virtualMachineScaleSets/vmss1"},{"id":"/subscriptions/00000000-0000-0000-0000-000000000000/resourceGroups/cli_test_vmss_explicit_msi000001/providers/Microsoft.Network/loadBalancers/vmss1LB"},{"id":"/subscriptions/00000000-0000-0000-0000-000000000000/resourceGroups/cli_test_vmss_explicit_msi000001/providers/Microsoft.Network/publicIPAddresses/vmss1LBPublicIP"},{"id":"/subscriptions/00000000-0000-0000-0000-000000000000/resourceGroups/cli_test_vmss_explicit_msi000001/providers/Microsoft.Network/virtualNetworks/vmss1VNET"}]}}'
    headers:
      cache-control:
      - no-cache
      content-length:
      - '6791'
      content-type:
      - application/json; charset=utf-8
      date:
      - Sat, 28 Jan 2023 19:17:54 GMT
      expires:
      - '-1'
      pragma:
      - no-cache
      strict-transport-security:
      - max-age=31536000; includeSubDomains
      x-content-type-options:
      - nosniff
    status:
      code: 200
      message: OK
- request:
    body: null
    headers:
      Accept:
      - application/json
      Accept-Encoding:
      - gzip, deflate
      CommandName:
      - vmss create
      Connection:
      - keep-alive
      ParameterSetName:
      - -g -n --image --assign-identity --role --scope --instance-count --generate-ssh-keys
        --admin-username
      User-Agent:
      - AZURECLI/2.44.1 azsdk-python-azure-mgmt-compute/29.0.0 Python/3.10.9 (Linux-5.15.0-1031-azure-x86_64-with-glibc2.31)
        VSTS_7b238909-6802-4b65-b90d-184bca47f458_build_220_0
    method: GET
    uri: https://management.azure.com/subscriptions/00000000-0000-0000-0000-000000000000/resourceGroups/cli_test_vmss_explicit_msi000001/providers/Microsoft.Compute/virtualMachineScaleSets/vmss1?api-version=2022-08-01
  response:
    body:
      string: "{\r\n  \"name\": \"vmss1\",\r\n  \"id\": \"/subscriptions/00000000-0000-0000-0000-000000000000/resourceGroups/cli_test_vmss_explicit_msi000001/providers/Microsoft.Compute/virtualMachineScaleSets/vmss1\",\r\n
        \ \"type\": \"Microsoft.Compute/virtualMachineScaleSets\",\r\n  \"location\":
        \"westcentralus\",\r\n  \"tags\": {},\r\n  \"identity\": {\r\n    \"type\":
        \"SystemAssigned, UserAssigned\",\r\n    \"principalId\": \"e2b5a9b1-c4ce-4c50-b08c-258b5e39f7d3\",\r\n
        \   \"tenantId\": \"54826b22-38d6-4fb2-bad9-b7b93a3e9c5a\",\r\n    \"userAssignedIdentities\":
        {\r\n      \"/subscriptions/00000000-0000-0000-0000-000000000000/resourceGroups/cli_test_vmss_explicit_msi000001/providers/Microsoft.ManagedIdentity/userAssignedIdentities/id1\":
        {\r\n        \"principalId\": \"5a09663f-fc1c-49d3-aa14-630702e2d38e\",\r\n
        \       \"clientId\": \"1351360e-d732-4b40-912e-0ffdeac70d54\"\r\n      }\r\n
        \   }\r\n  },\r\n  \"sku\": {\r\n    \"name\": \"Standard_DS1_v2\",\r\n    \"tier\":
        \"Standard\",\r\n    \"capacity\": 1\r\n  },\r\n  \"properties\": {\r\n    \"singlePlacementGroup\":
        true,\r\n    \"orchestrationMode\": \"Uniform\",\r\n    \"upgradePolicy\":
        {\r\n      \"mode\": \"Manual\",\r\n      \"rollingUpgradePolicy\": {\r\n
        \       \"maxBatchInstancePercent\": 20,\r\n        \"maxUnhealthyInstancePercent\":
        20,\r\n        \"maxUnhealthyUpgradedInstancePercent\": 20,\r\n        \"pauseTimeBetweenBatches\":
        \"PT0S\",\r\n        \"maxSurge\": false\r\n      }\r\n    },\r\n    \"virtualMachineProfile\":
        {\r\n      \"osProfile\": {\r\n        \"computerNamePrefix\": \"vmss1a0f7\",\r\n
        \       \"adminUsername\": \"ubuntuadmin\",\r\n        \"linuxConfiguration\":
        {\r\n          \"disablePasswordAuthentication\": true,\r\n          \"ssh\":
        {\r\n            \"publicKeys\": [\r\n              {\r\n                \"path\":
        \"/home/ubuntuadmin/.ssh/authorized_keys\",\r\n                \"keyData\":
        \"ssh-rsa AAAAB3NzaC1yc2EAAAADAQABAAABAQDPkEL+zs97zqGr/+XGpq6LXCJWH5jePFTi5nW/ojQD5vdzI63sGc6kkwj2yUlS5o9sk7md+rZtK4AOptyhzhYQPVaRoG0icd+G65bnGbJXD6n9axbY+FCcmqCwu0DXzHQYMO0EniVx2EPHlQsEqSfChXqPQGPzvpLSXRsAzFC06myQT0MKeYgDFPNzxa3AuwsnjcgFoUk0sJ8tAm6BfxL1YXyV97rBEJzMR9vXT15Rrey0JQD5vWZ/c7gmK0T3vTXzEohsuibly3AvNUqykRQEoVI6Sl6gR+7VEmcLkZ+Pn0WynImnrfdtkg8smtM3gUdtY5FFiH9l1Y88BfdASFYJ\"\r\n
        \             }\r\n            ]\r\n          },\r\n          \"provisionVMAgent\":
        true,\r\n          \"enableVMAgentPlatformUpdates\": false\r\n        },\r\n
        \       \"secrets\": [],\r\n        \"allowExtensionOperations\": true,\r\n
        \       \"requireGuestProvisionSignal\": true\r\n      },\r\n      \"storageProfile\":
        {\r\n        \"osDisk\": {\r\n          \"osType\": \"Linux\",\r\n          \"createOption\":
        \"FromImage\",\r\n          \"caching\": \"ReadWrite\",\r\n          \"managedDisk\":
        {\r\n            \"storageAccountType\": \"Premium_LRS\"\r\n          },\r\n
        \         \"diskSizeGB\": 30\r\n        },\r\n        \"imageReference\":
        {\r\n          \"publisher\": \"Canonical\",\r\n          \"offer\": \"UbuntuServer\",\r\n
        \         \"sku\": \"18.04-LTS\",\r\n          \"version\": \"latest\"\r\n
        \       }\r\n      },\r\n      \"networkProfile\": {\"networkInterfaceConfigurations\":[{\"name\":\"vmss1a0f7Nic\",\"properties\":{\"primary\":true,\"disableTcpStateTracking\":false,\"dnsSettings\":{\"dnsServers\":[]},\"enableIPForwarding\":false,\"ipConfigurations\":[{\"name\":\"vmss1a0f7IPConfig\",\"properties\":{\"subnet\":{\"id\":\"/subscriptions/00000000-0000-0000-0000-000000000000/resourceGroups/cli_test_vmss_explicit_msi000001/providers/Microsoft.Network/virtualNetworks/vmss1VNET/subnets/vmss1Subnet\"},\"privateIPAddressVersion\":\"IPv4\",\"loadBalancerBackendAddressPools\":[{\"id\":\"/subscriptions/00000000-0000-0000-0000-000000000000/resourceGroups/cli_test_vmss_explicit_msi000001/providers/Microsoft.Network/loadBalancers/vmss1LB/backendAddressPools/vmss1LBBEPool\"}],\"loadBalancerInboundNatPools\":[{\"id\":\"/subscriptions/00000000-0000-0000-0000-000000000000/resourceGroups/cli_test_vmss_explicit_msi000001/providers/Microsoft.Network/loadBalancers/vmss1LB/inboundNatPools/vmss1LBNatPool\"}]}}]}}]}\r\n
        \   },\r\n    \"provisioningState\": \"Succeeded\",\r\n    \"overprovision\":
        true,\r\n    \"doNotRunExtensionsOnOverprovisionedVMs\": false,\r\n    \"uniqueId\":
        \"a12cf418-3451-45f5-9a1f-3a92dac293a1\",\r\n    \"timeCreated\": \"2023-01-28T19:17:04.3920126+00:00\"\r\n
        \ }\r\n}"
    headers:
      cache-control:
      - no-cache
      content-length:
      - '4017'
      content-type:
      - application/json; charset=utf-8
      date:
      - Sat, 28 Jan 2023 19:17:54 GMT
      expires:
      - '-1'
      pragma:
      - no-cache
      server:
      - Microsoft-HTTPAPI/2.0
      - Microsoft-HTTPAPI/2.0
      strict-transport-security:
      - max-age=31536000; includeSubDomains
      transfer-encoding:
      - chunked
      vary:
      - Accept-Encoding
      x-content-type-options:
      - nosniff
      x-ms-ratelimit-remaining-resource:
      - Microsoft.Compute/GetVMScaleSet3Min;394,Microsoft.Compute/GetVMScaleSet30Min;2594
    status:
      code: 200
      message: OK
- request:
    body: null
    headers:
      Accept:
      - application/json
      Accept-Encoding:
      - gzip, deflate
      CommandName:
      - vmss identity show
      Connection:
      - keep-alive
      ParameterSetName:
      - -g -n
      User-Agent:
      - AZURECLI/2.44.1 azsdk-python-azure-mgmt-compute/29.0.0 Python/3.10.9 (Linux-5.15.0-1031-azure-x86_64-with-glibc2.31)
        VSTS_7b238909-6802-4b65-b90d-184bca47f458_build_220_0
    method: GET
    uri: https://management.azure.com/subscriptions/00000000-0000-0000-0000-000000000000/resourceGroups/cli_test_vmss_explicit_msi000001/providers/Microsoft.Compute/virtualMachineScaleSets/vmss1?api-version=2022-08-01
  response:
    body:
      string: "{\r\n  \"name\": \"vmss1\",\r\n  \"id\": \"/subscriptions/00000000-0000-0000-0000-000000000000/resourceGroups/cli_test_vmss_explicit_msi000001/providers/Microsoft.Compute/virtualMachineScaleSets/vmss1\",\r\n
        \ \"type\": \"Microsoft.Compute/virtualMachineScaleSets\",\r\n  \"location\":
        \"westcentralus\",\r\n  \"tags\": {},\r\n  \"identity\": {\r\n    \"type\":
        \"SystemAssigned, UserAssigned\",\r\n    \"principalId\": \"e2b5a9b1-c4ce-4c50-b08c-258b5e39f7d3\",\r\n
        \   \"tenantId\": \"54826b22-38d6-4fb2-bad9-b7b93a3e9c5a\",\r\n    \"userAssignedIdentities\":
        {\r\n      \"/subscriptions/00000000-0000-0000-0000-000000000000/resourceGroups/cli_test_vmss_explicit_msi000001/providers/Microsoft.ManagedIdentity/userAssignedIdentities/id1\":
        {\r\n        \"principalId\": \"5a09663f-fc1c-49d3-aa14-630702e2d38e\",\r\n
        \       \"clientId\": \"1351360e-d732-4b40-912e-0ffdeac70d54\"\r\n      }\r\n
        \   }\r\n  },\r\n  \"sku\": {\r\n    \"name\": \"Standard_DS1_v2\",\r\n    \"tier\":
        \"Standard\",\r\n    \"capacity\": 1\r\n  },\r\n  \"properties\": {\r\n    \"singlePlacementGroup\":
        true,\r\n    \"orchestrationMode\": \"Uniform\",\r\n    \"upgradePolicy\":
        {\r\n      \"mode\": \"Manual\",\r\n      \"rollingUpgradePolicy\": {\r\n
        \       \"maxBatchInstancePercent\": 20,\r\n        \"maxUnhealthyInstancePercent\":
        20,\r\n        \"maxUnhealthyUpgradedInstancePercent\": 20,\r\n        \"pauseTimeBetweenBatches\":
        \"PT0S\",\r\n        \"maxSurge\": false\r\n      }\r\n    },\r\n    \"virtualMachineProfile\":
        {\r\n      \"osProfile\": {\r\n        \"computerNamePrefix\": \"vmss1a0f7\",\r\n
        \       \"adminUsername\": \"ubuntuadmin\",\r\n        \"linuxConfiguration\":
        {\r\n          \"disablePasswordAuthentication\": true,\r\n          \"ssh\":
        {\r\n            \"publicKeys\": [\r\n              {\r\n                \"path\":
        \"/home/ubuntuadmin/.ssh/authorized_keys\",\r\n                \"keyData\":
        \"ssh-rsa AAAAB3NzaC1yc2EAAAADAQABAAABAQDPkEL+zs97zqGr/+XGpq6LXCJWH5jePFTi5nW/ojQD5vdzI63sGc6kkwj2yUlS5o9sk7md+rZtK4AOptyhzhYQPVaRoG0icd+G65bnGbJXD6n9axbY+FCcmqCwu0DXzHQYMO0EniVx2EPHlQsEqSfChXqPQGPzvpLSXRsAzFC06myQT0MKeYgDFPNzxa3AuwsnjcgFoUk0sJ8tAm6BfxL1YXyV97rBEJzMR9vXT15Rrey0JQD5vWZ/c7gmK0T3vTXzEohsuibly3AvNUqykRQEoVI6Sl6gR+7VEmcLkZ+Pn0WynImnrfdtkg8smtM3gUdtY5FFiH9l1Y88BfdASFYJ\"\r\n
        \             }\r\n            ]\r\n          },\r\n          \"provisionVMAgent\":
        true,\r\n          \"enableVMAgentPlatformUpdates\": false\r\n        },\r\n
        \       \"secrets\": [],\r\n        \"allowExtensionOperations\": true,\r\n
        \       \"requireGuestProvisionSignal\": true\r\n      },\r\n      \"storageProfile\":
        {\r\n        \"osDisk\": {\r\n          \"osType\": \"Linux\",\r\n          \"createOption\":
        \"FromImage\",\r\n          \"caching\": \"ReadWrite\",\r\n          \"managedDisk\":
        {\r\n            \"storageAccountType\": \"Premium_LRS\"\r\n          },\r\n
        \         \"diskSizeGB\": 30\r\n        },\r\n        \"imageReference\":
        {\r\n          \"publisher\": \"Canonical\",\r\n          \"offer\": \"UbuntuServer\",\r\n
        \         \"sku\": \"18.04-LTS\",\r\n          \"version\": \"latest\"\r\n
        \       }\r\n      },\r\n      \"networkProfile\": {\"networkInterfaceConfigurations\":[{\"name\":\"vmss1a0f7Nic\",\"properties\":{\"primary\":true,\"disableTcpStateTracking\":false,\"dnsSettings\":{\"dnsServers\":[]},\"enableIPForwarding\":false,\"ipConfigurations\":[{\"name\":\"vmss1a0f7IPConfig\",\"properties\":{\"subnet\":{\"id\":\"/subscriptions/00000000-0000-0000-0000-000000000000/resourceGroups/cli_test_vmss_explicit_msi000001/providers/Microsoft.Network/virtualNetworks/vmss1VNET/subnets/vmss1Subnet\"},\"privateIPAddressVersion\":\"IPv4\",\"loadBalancerBackendAddressPools\":[{\"id\":\"/subscriptions/00000000-0000-0000-0000-000000000000/resourceGroups/cli_test_vmss_explicit_msi000001/providers/Microsoft.Network/loadBalancers/vmss1LB/backendAddressPools/vmss1LBBEPool\"}],\"loadBalancerInboundNatPools\":[{\"id\":\"/subscriptions/00000000-0000-0000-0000-000000000000/resourceGroups/cli_test_vmss_explicit_msi000001/providers/Microsoft.Network/loadBalancers/vmss1LB/inboundNatPools/vmss1LBNatPool\"}]}}]}}]}\r\n
        \   },\r\n    \"provisioningState\": \"Succeeded\",\r\n    \"overprovision\":
        true,\r\n    \"doNotRunExtensionsOnOverprovisionedVMs\": false,\r\n    \"uniqueId\":
        \"a12cf418-3451-45f5-9a1f-3a92dac293a1\",\r\n    \"timeCreated\": \"2023-01-28T19:17:04.3920126+00:00\"\r\n
        \ }\r\n}"
    headers:
      cache-control:
      - no-cache
      content-length:
      - '4017'
      content-type:
      - application/json; charset=utf-8
      date:
      - Sat, 28 Jan 2023 19:17:54 GMT
      expires:
      - '-1'
      pragma:
      - no-cache
      server:
      - Microsoft-HTTPAPI/2.0
      - Microsoft-HTTPAPI/2.0
      strict-transport-security:
      - max-age=31536000; includeSubDomains
      transfer-encoding:
      - chunked
      vary:
      - Accept-Encoding
      x-content-type-options:
      - nosniff
      x-ms-ratelimit-remaining-resource:
      - Microsoft.Compute/GetVMScaleSet3Min;393,Microsoft.Compute/GetVMScaleSet30Min;2593
    status:
      code: 200
      message: OK
- request:
    body: null
    headers:
      Accept:
      - application/json
      Accept-Encoding:
      - gzip, deflate
      CommandName:
      - vmss identity assign
      Connection:
      - keep-alive
      ParameterSetName:
      - -g -n --identities
      User-Agent:
      - AZURECLI/2.44.1 azsdk-python-azure-mgmt-compute/29.0.0 Python/3.10.9 (Linux-5.15.0-1031-azure-x86_64-with-glibc2.31)
        VSTS_7b238909-6802-4b65-b90d-184bca47f458_build_220_0
    method: GET
    uri: https://management.azure.com/subscriptions/00000000-0000-0000-0000-000000000000/resourceGroups/cli_test_vmss_explicit_msi000001/providers/Microsoft.Compute/virtualMachineScaleSets/vmss1?api-version=2022-08-01
  response:
    body:
      string: "{\r\n  \"name\": \"vmss1\",\r\n  \"id\": \"/subscriptions/00000000-0000-0000-0000-000000000000/resourceGroups/cli_test_vmss_explicit_msi000001/providers/Microsoft.Compute/virtualMachineScaleSets/vmss1\",\r\n
        \ \"type\": \"Microsoft.Compute/virtualMachineScaleSets\",\r\n  \"location\":
        \"westcentralus\",\r\n  \"tags\": {},\r\n  \"identity\": {\r\n    \"type\":
        \"SystemAssigned, UserAssigned\",\r\n    \"principalId\": \"e2b5a9b1-c4ce-4c50-b08c-258b5e39f7d3\",\r\n
        \   \"tenantId\": \"54826b22-38d6-4fb2-bad9-b7b93a3e9c5a\",\r\n    \"userAssignedIdentities\":
        {\r\n      \"/subscriptions/00000000-0000-0000-0000-000000000000/resourceGroups/cli_test_vmss_explicit_msi000001/providers/Microsoft.ManagedIdentity/userAssignedIdentities/id1\":
        {\r\n        \"principalId\": \"5a09663f-fc1c-49d3-aa14-630702e2d38e\",\r\n
        \       \"clientId\": \"1351360e-d732-4b40-912e-0ffdeac70d54\"\r\n      }\r\n
        \   }\r\n  },\r\n  \"sku\": {\r\n    \"name\": \"Standard_DS1_v2\",\r\n    \"tier\":
        \"Standard\",\r\n    \"capacity\": 1\r\n  },\r\n  \"properties\": {\r\n    \"singlePlacementGroup\":
        true,\r\n    \"orchestrationMode\": \"Uniform\",\r\n    \"upgradePolicy\":
        {\r\n      \"mode\": \"Manual\",\r\n      \"rollingUpgradePolicy\": {\r\n
        \       \"maxBatchInstancePercent\": 20,\r\n        \"maxUnhealthyInstancePercent\":
        20,\r\n        \"maxUnhealthyUpgradedInstancePercent\": 20,\r\n        \"pauseTimeBetweenBatches\":
        \"PT0S\",\r\n        \"maxSurge\": false\r\n      }\r\n    },\r\n    \"virtualMachineProfile\":
        {\r\n      \"osProfile\": {\r\n        \"computerNamePrefix\": \"vmss1a0f7\",\r\n
        \       \"adminUsername\": \"ubuntuadmin\",\r\n        \"linuxConfiguration\":
        {\r\n          \"disablePasswordAuthentication\": true,\r\n          \"ssh\":
        {\r\n            \"publicKeys\": [\r\n              {\r\n                \"path\":
        \"/home/ubuntuadmin/.ssh/authorized_keys\",\r\n                \"keyData\":
        \"ssh-rsa AAAAB3NzaC1yc2EAAAADAQABAAABAQDPkEL+zs97zqGr/+XGpq6LXCJWH5jePFTi5nW/ojQD5vdzI63sGc6kkwj2yUlS5o9sk7md+rZtK4AOptyhzhYQPVaRoG0icd+G65bnGbJXD6n9axbY+FCcmqCwu0DXzHQYMO0EniVx2EPHlQsEqSfChXqPQGPzvpLSXRsAzFC06myQT0MKeYgDFPNzxa3AuwsnjcgFoUk0sJ8tAm6BfxL1YXyV97rBEJzMR9vXT15Rrey0JQD5vWZ/c7gmK0T3vTXzEohsuibly3AvNUqykRQEoVI6Sl6gR+7VEmcLkZ+Pn0WynImnrfdtkg8smtM3gUdtY5FFiH9l1Y88BfdASFYJ\"\r\n
        \             }\r\n            ]\r\n          },\r\n          \"provisionVMAgent\":
        true,\r\n          \"enableVMAgentPlatformUpdates\": false\r\n        },\r\n
        \       \"secrets\": [],\r\n        \"allowExtensionOperations\": true,\r\n
        \       \"requireGuestProvisionSignal\": true\r\n      },\r\n      \"storageProfile\":
        {\r\n        \"osDisk\": {\r\n          \"osType\": \"Linux\",\r\n          \"createOption\":
        \"FromImage\",\r\n          \"caching\": \"ReadWrite\",\r\n          \"managedDisk\":
        {\r\n            \"storageAccountType\": \"Premium_LRS\"\r\n          },\r\n
        \         \"diskSizeGB\": 30\r\n        },\r\n        \"imageReference\":
        {\r\n          \"publisher\": \"Canonical\",\r\n          \"offer\": \"UbuntuServer\",\r\n
        \         \"sku\": \"18.04-LTS\",\r\n          \"version\": \"latest\"\r\n
        \       }\r\n      },\r\n      \"networkProfile\": {\"networkInterfaceConfigurations\":[{\"name\":\"vmss1a0f7Nic\",\"properties\":{\"primary\":true,\"disableTcpStateTracking\":false,\"dnsSettings\":{\"dnsServers\":[]},\"enableIPForwarding\":false,\"ipConfigurations\":[{\"name\":\"vmss1a0f7IPConfig\",\"properties\":{\"subnet\":{\"id\":\"/subscriptions/00000000-0000-0000-0000-000000000000/resourceGroups/cli_test_vmss_explicit_msi000001/providers/Microsoft.Network/virtualNetworks/vmss1VNET/subnets/vmss1Subnet\"},\"privateIPAddressVersion\":\"IPv4\",\"loadBalancerBackendAddressPools\":[{\"id\":\"/subscriptions/00000000-0000-0000-0000-000000000000/resourceGroups/cli_test_vmss_explicit_msi000001/providers/Microsoft.Network/loadBalancers/vmss1LB/backendAddressPools/vmss1LBBEPool\"}],\"loadBalancerInboundNatPools\":[{\"id\":\"/subscriptions/00000000-0000-0000-0000-000000000000/resourceGroups/cli_test_vmss_explicit_msi000001/providers/Microsoft.Network/loadBalancers/vmss1LB/inboundNatPools/vmss1LBNatPool\"}]}}]}}]}\r\n
        \   },\r\n    \"provisioningState\": \"Succeeded\",\r\n    \"overprovision\":
        true,\r\n    \"doNotRunExtensionsOnOverprovisionedVMs\": false,\r\n    \"uniqueId\":
        \"a12cf418-3451-45f5-9a1f-3a92dac293a1\",\r\n    \"timeCreated\": \"2023-01-28T19:17:04.3920126+00:00\"\r\n
        \ }\r\n}"
    headers:
      cache-control:
      - no-cache
      content-length:
      - '4017'
      content-type:
      - application/json; charset=utf-8
      date:
      - Sat, 28 Jan 2023 19:17:55 GMT
      expires:
      - '-1'
      pragma:
      - no-cache
      server:
      - Microsoft-HTTPAPI/2.0
      - Microsoft-HTTPAPI/2.0
      strict-transport-security:
      - max-age=31536000; includeSubDomains
      transfer-encoding:
      - chunked
      vary:
      - Accept-Encoding
      x-content-type-options:
      - nosniff
      x-ms-ratelimit-remaining-resource:
      - Microsoft.Compute/GetVMScaleSet3Min;392,Microsoft.Compute/GetVMScaleSet30Min;2592
    status:
      code: 200
      message: OK
- request:
    body: '{"identity": {"type": "SystemAssigned, UserAssigned", "userAssignedIdentities":
      {"/subscriptions/00000000-0000-0000-0000-000000000000/resourceGroups/cli_test_vmss_explicit_msi000001/providers/Microsoft.ManagedIdentity/userAssignedIdentities/id2":
      {}}}}'
    headers:
      Accept:
      - application/json
      Accept-Encoding:
      - gzip, deflate
      CommandName:
      - vmss identity assign
      Connection:
      - keep-alive
      Content-Length:
      - '252'
      Content-Type:
      - application/json
      ParameterSetName:
      - -g -n --identities
      User-Agent:
      - AZURECLI/2.44.1 azsdk-python-azure-mgmt-compute/29.0.0 Python/3.10.9 (Linux-5.15.0-1031-azure-x86_64-with-glibc2.31)
        VSTS_7b238909-6802-4b65-b90d-184bca47f458_build_220_0
    method: PATCH
    uri: https://management.azure.com/subscriptions/00000000-0000-0000-0000-000000000000/resourceGroups/cli_test_vmss_explicit_msi000001/providers/Microsoft.Compute/virtualMachineScaleSets/vmss1?api-version=2022-08-01
  response:
    body:
      string: "{\r\n  \"name\": \"vmss1\",\r\n  \"id\": \"/subscriptions/00000000-0000-0000-0000-000000000000/resourceGroups/cli_test_vmss_explicit_msi000001/providers/Microsoft.Compute/virtualMachineScaleSets/vmss1\",\r\n
        \ \"type\": \"Microsoft.Compute/virtualMachineScaleSets\",\r\n  \"location\":
        \"westcentralus\",\r\n  \"tags\": {},\r\n  \"identity\": {\r\n    \"type\":
        \"SystemAssigned, UserAssigned\",\r\n    \"principalId\": \"e2b5a9b1-c4ce-4c50-b08c-258b5e39f7d3\",\r\n
        \   \"tenantId\": \"54826b22-38d6-4fb2-bad9-b7b93a3e9c5a\",\r\n    \"userAssignedIdentities\":
        {\r\n      \"/subscriptions/00000000-0000-0000-0000-000000000000/resourceGroups/cli_test_vmss_explicit_msi000001/providers/Microsoft.ManagedIdentity/userAssignedIdentities/id1\":
        {\r\n        \"principalId\": \"5a09663f-fc1c-49d3-aa14-630702e2d38e\",\r\n
        \       \"clientId\": \"1351360e-d732-4b40-912e-0ffdeac70d54\"\r\n      },\r\n
        \     \"/subscriptions/00000000-0000-0000-0000-000000000000/resourceGroups/cli_test_vmss_explicit_msi000001/providers/Microsoft.ManagedIdentity/userAssignedIdentities/id2\":
        {}\r\n    }\r\n  },\r\n  \"sku\": {\r\n    \"name\": \"Standard_DS1_v2\",\r\n
        \   \"tier\": \"Standard\",\r\n    \"capacity\": 1\r\n  },\r\n  \"properties\":
        {\r\n    \"singlePlacementGroup\": true,\r\n    \"orchestrationMode\": \"Uniform\",\r\n
        \   \"upgradePolicy\": {\r\n      \"mode\": \"Manual\",\r\n      \"rollingUpgradePolicy\":
        {\r\n        \"maxBatchInstancePercent\": 20,\r\n        \"maxUnhealthyInstancePercent\":
        20,\r\n        \"maxUnhealthyUpgradedInstancePercent\": 20,\r\n        \"pauseTimeBetweenBatches\":
        \"PT0S\",\r\n        \"maxSurge\": false\r\n      }\r\n    },\r\n    \"virtualMachineProfile\":
        {\r\n      \"osProfile\": {\r\n        \"computerNamePrefix\": \"vmss1a0f7\",\r\n
        \       \"adminUsername\": \"ubuntuadmin\",\r\n        \"linuxConfiguration\":
        {\r\n          \"disablePasswordAuthentication\": true,\r\n          \"ssh\":
        {\r\n            \"publicKeys\": [\r\n              {\r\n                \"path\":
        \"/home/ubuntuadmin/.ssh/authorized_keys\",\r\n                \"keyData\":
        \"ssh-rsa AAAAB3NzaC1yc2EAAAADAQABAAABAQDPkEL+zs97zqGr/+XGpq6LXCJWH5jePFTi5nW/ojQD5vdzI63sGc6kkwj2yUlS5o9sk7md+rZtK4AOptyhzhYQPVaRoG0icd+G65bnGbJXD6n9axbY+FCcmqCwu0DXzHQYMO0EniVx2EPHlQsEqSfChXqPQGPzvpLSXRsAzFC06myQT0MKeYgDFPNzxa3AuwsnjcgFoUk0sJ8tAm6BfxL1YXyV97rBEJzMR9vXT15Rrey0JQD5vWZ/c7gmK0T3vTXzEohsuibly3AvNUqykRQEoVI6Sl6gR+7VEmcLkZ+Pn0WynImnrfdtkg8smtM3gUdtY5FFiH9l1Y88BfdASFYJ\"\r\n
        \             }\r\n            ]\r\n          },\r\n          \"provisionVMAgent\":
        true,\r\n          \"enableVMAgentPlatformUpdates\": false\r\n        },\r\n
        \       \"secrets\": [],\r\n        \"allowExtensionOperations\": true,\r\n
        \       \"requireGuestProvisionSignal\": true\r\n      },\r\n      \"storageProfile\":
        {\r\n        \"osDisk\": {\r\n          \"osType\": \"Linux\",\r\n          \"createOption\":
        \"FromImage\",\r\n          \"caching\": \"ReadWrite\",\r\n          \"managedDisk\":
        {\r\n            \"storageAccountType\": \"Premium_LRS\"\r\n          },\r\n
        \         \"diskSizeGB\": 30\r\n        },\r\n        \"imageReference\":
        {\r\n          \"publisher\": \"Canonical\",\r\n          \"offer\": \"UbuntuServer\",\r\n
        \         \"sku\": \"18.04-LTS\",\r\n          \"version\": \"latest\"\r\n
        \       }\r\n      },\r\n      \"networkProfile\": {\"networkInterfaceConfigurations\":[{\"name\":\"vmss1a0f7Nic\",\"properties\":{\"primary\":true,\"disableTcpStateTracking\":false,\"dnsSettings\":{\"dnsServers\":[]},\"enableIPForwarding\":false,\"ipConfigurations\":[{\"name\":\"vmss1a0f7IPConfig\",\"properties\":{\"subnet\":{\"id\":\"/subscriptions/00000000-0000-0000-0000-000000000000/resourceGroups/cli_test_vmss_explicit_msi000001/providers/Microsoft.Network/virtualNetworks/vmss1VNET/subnets/vmss1Subnet\"},\"privateIPAddressVersion\":\"IPv4\",\"loadBalancerBackendAddressPools\":[{\"id\":\"/subscriptions/00000000-0000-0000-0000-000000000000/resourceGroups/cli_test_vmss_explicit_msi000001/providers/Microsoft.Network/loadBalancers/vmss1LB/backendAddressPools/vmss1LBBEPool\"}],\"loadBalancerInboundNatPools\":[{\"id\":\"/subscriptions/00000000-0000-0000-0000-000000000000/resourceGroups/cli_test_vmss_explicit_msi000001/providers/Microsoft.Network/loadBalancers/vmss1LB/inboundNatPools/vmss1LBNatPool\"}]}}]}}]}\r\n
        \   },\r\n    \"provisioningState\": \"Updating\",\r\n    \"overprovision\":
        true,\r\n    \"doNotRunExtensionsOnOverprovisionedVMs\": false,\r\n    \"uniqueId\":
        \"a12cf418-3451-45f5-9a1f-3a92dac293a1\",\r\n    \"timeCreated\": \"2023-01-28T19:17:04.3920126+00:00\"\r\n
        \ }\r\n}"
    headers:
      azure-asyncnotification:
      - Enabled
      azure-asyncoperation:
      - https://management.azure.com/subscriptions/00000000-0000-0000-0000-000000000000/providers/Microsoft.Compute/locations/westcentralus/operations/35d04cba-fa20-4ffc-9beb-14115c5f85b6?p=e645074e-3846-4dd2-bd54-b78b9b003460&api-version=2022-08-01
      cache-control:
      - no-cache
      content-length:
      - '4193'
      content-type:
      - application/json; charset=utf-8
      date:
      - Sat, 28 Jan 2023 19:18:01 GMT
      expires:
      - '-1'
      pragma:
      - no-cache
      server:
      - Microsoft-HTTPAPI/2.0
      - Microsoft-HTTPAPI/2.0
      strict-transport-security:
      - max-age=31536000; includeSubDomains
      transfer-encoding:
      - chunked
      vary:
      - Accept-Encoding
      x-content-type-options:
      - nosniff
      x-ms-ratelimit-remaining-resource:
      - Microsoft.Compute/VMScaleSetActions3Min;239,Microsoft.Compute/VMScaleSetActions30Min;1199,Microsoft.Compute/VmssQueuedVMOperations;0
      x-ms-ratelimit-remaining-subscription-writes:
      - '1195'
      x-ms-request-charge:
      - '0'
    status:
      code: 200
      message: OK
- request:
    body: null
    headers:
      Accept:
      - '*/*'
      Accept-Encoding:
      - gzip, deflate
      CommandName:
      - vmss identity assign
      Connection:
      - keep-alive
      ParameterSetName:
      - -g -n --identities
      User-Agent:
      - AZURECLI/2.44.1 azsdk-python-azure-mgmt-compute/29.0.0 Python/3.10.9 (Linux-5.15.0-1031-azure-x86_64-with-glibc2.31)
        VSTS_7b238909-6802-4b65-b90d-184bca47f458_build_220_0
    method: GET
    uri: https://management.azure.com/subscriptions/00000000-0000-0000-0000-000000000000/providers/Microsoft.Compute/locations/westcentralus/operations/35d04cba-fa20-4ffc-9beb-14115c5f85b6?p=e645074e-3846-4dd2-bd54-b78b9b003460&api-version=2022-08-01
  response:
    body:
      string: "{\r\n  \"startTime\": \"2023-01-28T19:17:59.8917102+00:00\",\r\n  \"status\":
        \"InProgress\",\r\n  \"name\": \"35d04cba-fa20-4ffc-9beb-14115c5f85b6\"\r\n}"
    headers:
      cache-control:
      - no-cache
      content-length:
      - '134'
      content-type:
      - application/json; charset=utf-8
      date:
      - Sat, 28 Jan 2023 19:18:11 GMT
      expires:
      - '-1'
      pragma:
      - no-cache
      server:
      - Microsoft-HTTPAPI/2.0
      - Microsoft-HTTPAPI/2.0
      strict-transport-security:
      - max-age=31536000; includeSubDomains
      transfer-encoding:
      - chunked
      vary:
      - Accept-Encoding
      x-content-type-options:
      - nosniff
      x-ms-ratelimit-remaining-resource:
      - Microsoft.Compute/GetOperation3Min;14997,Microsoft.Compute/GetOperation30Min;29997
    status:
      code: 200
      message: OK
- request:
    body: null
    headers:
      Accept:
      - '*/*'
      Accept-Encoding:
      - gzip, deflate
      CommandName:
      - vmss identity assign
      Connection:
      - keep-alive
      ParameterSetName:
      - -g -n --identities
      User-Agent:
      - AZURECLI/2.44.1 azsdk-python-azure-mgmt-compute/29.0.0 Python/3.10.9 (Linux-5.15.0-1031-azure-x86_64-with-glibc2.31)
        VSTS_7b238909-6802-4b65-b90d-184bca47f458_build_220_0
    method: GET
    uri: https://management.azure.com/subscriptions/00000000-0000-0000-0000-000000000000/providers/Microsoft.Compute/locations/westcentralus/operations/35d04cba-fa20-4ffc-9beb-14115c5f85b6?p=e645074e-3846-4dd2-bd54-b78b9b003460&api-version=2022-08-01
  response:
    body:
      string: "{\r\n  \"startTime\": \"2023-01-28T19:17:59.8917102+00:00\",\r\n  \"endTime\":
        \"2023-01-28T19:18:13.766688+00:00\",\r\n  \"status\": \"Succeeded\",\r\n
        \ \"name\": \"35d04cba-fa20-4ffc-9beb-14115c5f85b6\"\r\n}"
    headers:
      cache-control:
      - no-cache
      content-length:
      - '183'
      content-type:
      - application/json; charset=utf-8
      date:
      - Sat, 28 Jan 2023 19:18:48 GMT
      expires:
      - '-1'
      pragma:
      - no-cache
      server:
      - Microsoft-HTTPAPI/2.0
      - Microsoft-HTTPAPI/2.0
      strict-transport-security:
      - max-age=31536000; includeSubDomains
      transfer-encoding:
      - chunked
      vary:
      - Accept-Encoding
      x-content-type-options:
      - nosniff
      x-ms-ratelimit-remaining-resource:
      - Microsoft.Compute/GetOperation3Min;14994,Microsoft.Compute/GetOperation30Min;29994
    status:
      code: 200
      message: OK
- request:
    body: null
    headers:
      Accept:
      - '*/*'
      Accept-Encoding:
      - gzip, deflate
      CommandName:
      - vmss identity assign
      Connection:
      - keep-alive
      ParameterSetName:
      - -g -n --identities
      User-Agent:
      - AZURECLI/2.44.1 azsdk-python-azure-mgmt-compute/29.0.0 Python/3.10.9 (Linux-5.15.0-1031-azure-x86_64-with-glibc2.31)
        VSTS_7b238909-6802-4b65-b90d-184bca47f458_build_220_0
    method: GET
    uri: https://management.azure.com/subscriptions/00000000-0000-0000-0000-000000000000/resourceGroups/cli_test_vmss_explicit_msi000001/providers/Microsoft.Compute/virtualMachineScaleSets/vmss1?api-version=2022-08-01
  response:
    body:
      string: "{\r\n  \"name\": \"vmss1\",\r\n  \"id\": \"/subscriptions/00000000-0000-0000-0000-000000000000/resourceGroups/cli_test_vmss_explicit_msi000001/providers/Microsoft.Compute/virtualMachineScaleSets/vmss1\",\r\n
        \ \"type\": \"Microsoft.Compute/virtualMachineScaleSets\",\r\n  \"location\":
        \"westcentralus\",\r\n  \"tags\": {},\r\n  \"identity\": {\r\n    \"type\":
        \"SystemAssigned, UserAssigned\",\r\n    \"principalId\": \"e2b5a9b1-c4ce-4c50-b08c-258b5e39f7d3\",\r\n
        \   \"tenantId\": \"54826b22-38d6-4fb2-bad9-b7b93a3e9c5a\",\r\n    \"userAssignedIdentities\":
        {\r\n      \"/subscriptions/00000000-0000-0000-0000-000000000000/resourceGroups/cli_test_vmss_explicit_msi000001/providers/Microsoft.ManagedIdentity/userAssignedIdentities/id1\":
        {\r\n        \"principalId\": \"5a09663f-fc1c-49d3-aa14-630702e2d38e\",\r\n
        \       \"clientId\": \"1351360e-d732-4b40-912e-0ffdeac70d54\"\r\n      },\r\n
        \     \"/subscriptions/00000000-0000-0000-0000-000000000000/resourceGroups/cli_test_vmss_explicit_msi000001/providers/Microsoft.ManagedIdentity/userAssignedIdentities/id2\":
        {\r\n        \"principalId\": \"e229e078-af05-4bf9-91f3-a76daf9ce721\",\r\n
        \       \"clientId\": \"d09bd073-0d26-455b-92e4-c777a05ecb7b\"\r\n      }\r\n
        \   }\r\n  },\r\n  \"sku\": {\r\n    \"name\": \"Standard_DS1_v2\",\r\n    \"tier\":
        \"Standard\",\r\n    \"capacity\": 1\r\n  },\r\n  \"properties\": {\r\n    \"singlePlacementGroup\":
        true,\r\n    \"orchestrationMode\": \"Uniform\",\r\n    \"upgradePolicy\":
        {\r\n      \"mode\": \"Manual\",\r\n      \"rollingUpgradePolicy\": {\r\n
        \       \"maxBatchInstancePercent\": 20,\r\n        \"maxUnhealthyInstancePercent\":
        20,\r\n        \"maxUnhealthyUpgradedInstancePercent\": 20,\r\n        \"pauseTimeBetweenBatches\":
        \"PT0S\",\r\n        \"maxSurge\": false\r\n      }\r\n    },\r\n    \"virtualMachineProfile\":
        {\r\n      \"osProfile\": {\r\n        \"computerNamePrefix\": \"vmss1a0f7\",\r\n
        \       \"adminUsername\": \"ubuntuadmin\",\r\n        \"linuxConfiguration\":
        {\r\n          \"disablePasswordAuthentication\": true,\r\n          \"ssh\":
        {\r\n            \"publicKeys\": [\r\n              {\r\n                \"path\":
        \"/home/ubuntuadmin/.ssh/authorized_keys\",\r\n                \"keyData\":
        \"ssh-rsa AAAAB3NzaC1yc2EAAAADAQABAAABAQDPkEL+zs97zqGr/+XGpq6LXCJWH5jePFTi5nW/ojQD5vdzI63sGc6kkwj2yUlS5o9sk7md+rZtK4AOptyhzhYQPVaRoG0icd+G65bnGbJXD6n9axbY+FCcmqCwu0DXzHQYMO0EniVx2EPHlQsEqSfChXqPQGPzvpLSXRsAzFC06myQT0MKeYgDFPNzxa3AuwsnjcgFoUk0sJ8tAm6BfxL1YXyV97rBEJzMR9vXT15Rrey0JQD5vWZ/c7gmK0T3vTXzEohsuibly3AvNUqykRQEoVI6Sl6gR+7VEmcLkZ+Pn0WynImnrfdtkg8smtM3gUdtY5FFiH9l1Y88BfdASFYJ\"\r\n
        \             }\r\n            ]\r\n          },\r\n          \"provisionVMAgent\":
        true,\r\n          \"enableVMAgentPlatformUpdates\": false\r\n        },\r\n
        \       \"secrets\": [],\r\n        \"allowExtensionOperations\": true,\r\n
        \       \"requireGuestProvisionSignal\": true\r\n      },\r\n      \"storageProfile\":
        {\r\n        \"osDisk\": {\r\n          \"osType\": \"Linux\",\r\n          \"createOption\":
        \"FromImage\",\r\n          \"caching\": \"ReadWrite\",\r\n          \"managedDisk\":
        {\r\n            \"storageAccountType\": \"Premium_LRS\"\r\n          },\r\n
        \         \"diskSizeGB\": 30\r\n        },\r\n        \"imageReference\":
        {\r\n          \"publisher\": \"Canonical\",\r\n          \"offer\": \"UbuntuServer\",\r\n
        \         \"sku\": \"18.04-LTS\",\r\n          \"version\": \"latest\"\r\n
        \       }\r\n      },\r\n      \"networkProfile\": {\"networkInterfaceConfigurations\":[{\"name\":\"vmss1a0f7Nic\",\"properties\":{\"primary\":true,\"disableTcpStateTracking\":false,\"dnsSettings\":{\"dnsServers\":[]},\"enableIPForwarding\":false,\"ipConfigurations\":[{\"name\":\"vmss1a0f7IPConfig\",\"properties\":{\"subnet\":{\"id\":\"/subscriptions/00000000-0000-0000-0000-000000000000/resourceGroups/cli_test_vmss_explicit_msi000001/providers/Microsoft.Network/virtualNetworks/vmss1VNET/subnets/vmss1Subnet\"},\"privateIPAddressVersion\":\"IPv4\",\"loadBalancerBackendAddressPools\":[{\"id\":\"/subscriptions/00000000-0000-0000-0000-000000000000/resourceGroups/cli_test_vmss_explicit_msi000001/providers/Microsoft.Network/loadBalancers/vmss1LB/backendAddressPools/vmss1LBBEPool\"}],\"loadBalancerInboundNatPools\":[{\"id\":\"/subscriptions/00000000-0000-0000-0000-000000000000/resourceGroups/cli_test_vmss_explicit_msi000001/providers/Microsoft.Network/loadBalancers/vmss1LB/inboundNatPools/vmss1LBNatPool\"}]}}]}}]}\r\n
        \   },\r\n    \"provisioningState\": \"Succeeded\",\r\n    \"overprovision\":
        true,\r\n    \"doNotRunExtensionsOnOverprovisionedVMs\": false,\r\n    \"uniqueId\":
        \"a12cf418-3451-45f5-9a1f-3a92dac293a1\",\r\n    \"timeCreated\": \"2023-01-28T19:17:04.3920126+00:00\"\r\n
        \ }\r\n}"
    headers:
      cache-control:
      - no-cache
      content-length:
      - '4326'
      content-type:
      - application/json; charset=utf-8
      date:
      - Sat, 28 Jan 2023 19:18:48 GMT
      expires:
      - '-1'
      pragma:
      - no-cache
      server:
      - Microsoft-HTTPAPI/2.0
      - Microsoft-HTTPAPI/2.0
      strict-transport-security:
      - max-age=31536000; includeSubDomains
      transfer-encoding:
      - chunked
      vary:
      - Accept-Encoding
      x-content-type-options:
      - nosniff
      x-ms-ratelimit-remaining-resource:
      - Microsoft.Compute/GetVMScaleSet3Min;375,Microsoft.Compute/GetVMScaleSet30Min;2575
    status:
      code: 200
      message: OK
- request:
    body: null
    headers:
      Accept:
      - application/json
      Accept-Encoding:
      - gzip, deflate
      CommandName:
      - vmss identity assign
      Connection:
      - keep-alive
      ParameterSetName:
      - -g -n --identities
      User-Agent:
      - AZURECLI/2.44.1 azsdk-python-azure-mgmt-compute/29.0.0 Python/3.10.9 (Linux-5.15.0-1031-azure-x86_64-with-glibc2.31)
        VSTS_7b238909-6802-4b65-b90d-184bca47f458_build_220_0
    method: GET
    uri: https://management.azure.com/subscriptions/00000000-0000-0000-0000-000000000000/resourceGroups/cli_test_vmss_explicit_msi000001/providers/Microsoft.Compute/virtualMachineScaleSets/vmss1?api-version=2022-08-01
  response:
    body:
      string: "{\r\n  \"name\": \"vmss1\",\r\n  \"id\": \"/subscriptions/00000000-0000-0000-0000-000000000000/resourceGroups/cli_test_vmss_explicit_msi000001/providers/Microsoft.Compute/virtualMachineScaleSets/vmss1\",\r\n
        \ \"type\": \"Microsoft.Compute/virtualMachineScaleSets\",\r\n  \"location\":
        \"westcentralus\",\r\n  \"tags\": {},\r\n  \"identity\": {\r\n    \"type\":
        \"SystemAssigned, UserAssigned\",\r\n    \"principalId\": \"e2b5a9b1-c4ce-4c50-b08c-258b5e39f7d3\",\r\n
        \   \"tenantId\": \"54826b22-38d6-4fb2-bad9-b7b93a3e9c5a\",\r\n    \"userAssignedIdentities\":
        {\r\n      \"/subscriptions/00000000-0000-0000-0000-000000000000/resourceGroups/cli_test_vmss_explicit_msi000001/providers/Microsoft.ManagedIdentity/userAssignedIdentities/id1\":
        {\r\n        \"principalId\": \"5a09663f-fc1c-49d3-aa14-630702e2d38e\",\r\n
        \       \"clientId\": \"1351360e-d732-4b40-912e-0ffdeac70d54\"\r\n      },\r\n
        \     \"/subscriptions/00000000-0000-0000-0000-000000000000/resourceGroups/cli_test_vmss_explicit_msi000001/providers/Microsoft.ManagedIdentity/userAssignedIdentities/id2\":
        {\r\n        \"principalId\": \"e229e078-af05-4bf9-91f3-a76daf9ce721\",\r\n
        \       \"clientId\": \"d09bd073-0d26-455b-92e4-c777a05ecb7b\"\r\n      }\r\n
        \   }\r\n  },\r\n  \"sku\": {\r\n    \"name\": \"Standard_DS1_v2\",\r\n    \"tier\":
        \"Standard\",\r\n    \"capacity\": 1\r\n  },\r\n  \"properties\": {\r\n    \"singlePlacementGroup\":
        true,\r\n    \"orchestrationMode\": \"Uniform\",\r\n    \"upgradePolicy\":
        {\r\n      \"mode\": \"Manual\",\r\n      \"rollingUpgradePolicy\": {\r\n
        \       \"maxBatchInstancePercent\": 20,\r\n        \"maxUnhealthyInstancePercent\":
        20,\r\n        \"maxUnhealthyUpgradedInstancePercent\": 20,\r\n        \"pauseTimeBetweenBatches\":
        \"PT0S\",\r\n        \"maxSurge\": false\r\n      }\r\n    },\r\n    \"virtualMachineProfile\":
        {\r\n      \"osProfile\": {\r\n        \"computerNamePrefix\": \"vmss1a0f7\",\r\n
        \       \"adminUsername\": \"ubuntuadmin\",\r\n        \"linuxConfiguration\":
        {\r\n          \"disablePasswordAuthentication\": true,\r\n          \"ssh\":
        {\r\n            \"publicKeys\": [\r\n              {\r\n                \"path\":
        \"/home/ubuntuadmin/.ssh/authorized_keys\",\r\n                \"keyData\":
        \"ssh-rsa AAAAB3NzaC1yc2EAAAADAQABAAABAQDPkEL+zs97zqGr/+XGpq6LXCJWH5jePFTi5nW/ojQD5vdzI63sGc6kkwj2yUlS5o9sk7md+rZtK4AOptyhzhYQPVaRoG0icd+G65bnGbJXD6n9axbY+FCcmqCwu0DXzHQYMO0EniVx2EPHlQsEqSfChXqPQGPzvpLSXRsAzFC06myQT0MKeYgDFPNzxa3AuwsnjcgFoUk0sJ8tAm6BfxL1YXyV97rBEJzMR9vXT15Rrey0JQD5vWZ/c7gmK0T3vTXzEohsuibly3AvNUqykRQEoVI6Sl6gR+7VEmcLkZ+Pn0WynImnrfdtkg8smtM3gUdtY5FFiH9l1Y88BfdASFYJ\"\r\n
        \             }\r\n            ]\r\n          },\r\n          \"provisionVMAgent\":
        true,\r\n          \"enableVMAgentPlatformUpdates\": false\r\n        },\r\n
        \       \"secrets\": [],\r\n        \"allowExtensionOperations\": true,\r\n
        \       \"requireGuestProvisionSignal\": true\r\n      },\r\n      \"storageProfile\":
        {\r\n        \"osDisk\": {\r\n          \"osType\": \"Linux\",\r\n          \"createOption\":
        \"FromImage\",\r\n          \"caching\": \"ReadWrite\",\r\n          \"managedDisk\":
        {\r\n            \"storageAccountType\": \"Premium_LRS\"\r\n          },\r\n
        \         \"diskSizeGB\": 30\r\n        },\r\n        \"imageReference\":
        {\r\n          \"publisher\": \"Canonical\",\r\n          \"offer\": \"UbuntuServer\",\r\n
        \         \"sku\": \"18.04-LTS\",\r\n          \"version\": \"latest\"\r\n
        \       }\r\n      },\r\n      \"networkProfile\": {\"networkInterfaceConfigurations\":[{\"name\":\"vmss1a0f7Nic\",\"properties\":{\"primary\":true,\"disableTcpStateTracking\":false,\"dnsSettings\":{\"dnsServers\":[]},\"enableIPForwarding\":false,\"ipConfigurations\":[{\"name\":\"vmss1a0f7IPConfig\",\"properties\":{\"subnet\":{\"id\":\"/subscriptions/00000000-0000-0000-0000-000000000000/resourceGroups/cli_test_vmss_explicit_msi000001/providers/Microsoft.Network/virtualNetworks/vmss1VNET/subnets/vmss1Subnet\"},\"privateIPAddressVersion\":\"IPv4\",\"loadBalancerBackendAddressPools\":[{\"id\":\"/subscriptions/00000000-0000-0000-0000-000000000000/resourceGroups/cli_test_vmss_explicit_msi000001/providers/Microsoft.Network/loadBalancers/vmss1LB/backendAddressPools/vmss1LBBEPool\"}],\"loadBalancerInboundNatPools\":[{\"id\":\"/subscriptions/00000000-0000-0000-0000-000000000000/resourceGroups/cli_test_vmss_explicit_msi000001/providers/Microsoft.Network/loadBalancers/vmss1LB/inboundNatPools/vmss1LBNatPool\"}]}}]}}]}\r\n
        \   },\r\n    \"provisioningState\": \"Succeeded\",\r\n    \"overprovision\":
        true,\r\n    \"doNotRunExtensionsOnOverprovisionedVMs\": false,\r\n    \"uniqueId\":
        \"a12cf418-3451-45f5-9a1f-3a92dac293a1\",\r\n    \"timeCreated\": \"2023-01-28T19:17:04.3920126+00:00\"\r\n
        \ }\r\n}"
    headers:
      cache-control:
      - no-cache
      content-length:
      - '4326'
      content-type:
      - application/json; charset=utf-8
      date:
      - Sat, 28 Jan 2023 19:18:48 GMT
      expires:
      - '-1'
      pragma:
      - no-cache
      server:
      - Microsoft-HTTPAPI/2.0
      - Microsoft-HTTPAPI/2.0
      strict-transport-security:
      - max-age=31536000; includeSubDomains
      transfer-encoding:
      - chunked
      vary:
      - Accept-Encoding
      x-content-type-options:
      - nosniff
      x-ms-ratelimit-remaining-resource:
      - Microsoft.Compute/GetVMScaleSet3Min;374,Microsoft.Compute/GetVMScaleSet30Min;2574
    status:
      code: 200
      message: OK
- request:
    body: null
    headers:
      Accept:
      - application/json
      Accept-Encoding:
      - gzip, deflate
      CommandName:
      - vmss identity show
      Connection:
      - keep-alive
      ParameterSetName:
      - -g -n
      User-Agent:
      - AZURECLI/2.44.1 azsdk-python-azure-mgmt-compute/29.0.0 Python/3.10.9 (Linux-5.15.0-1031-azure-x86_64-with-glibc2.31)
        VSTS_7b238909-6802-4b65-b90d-184bca47f458_build_220_0
    method: GET
    uri: https://management.azure.com/subscriptions/00000000-0000-0000-0000-000000000000/resourceGroups/cli_test_vmss_explicit_msi000001/providers/Microsoft.Compute/virtualMachineScaleSets/vmss1?api-version=2022-08-01
  response:
    body:
      string: "{\r\n  \"name\": \"vmss1\",\r\n  \"id\": \"/subscriptions/00000000-0000-0000-0000-000000000000/resourceGroups/cli_test_vmss_explicit_msi000001/providers/Microsoft.Compute/virtualMachineScaleSets/vmss1\",\r\n
        \ \"type\": \"Microsoft.Compute/virtualMachineScaleSets\",\r\n  \"location\":
        \"westcentralus\",\r\n  \"tags\": {},\r\n  \"identity\": {\r\n    \"type\":
        \"SystemAssigned, UserAssigned\",\r\n    \"principalId\": \"e2b5a9b1-c4ce-4c50-b08c-258b5e39f7d3\",\r\n
        \   \"tenantId\": \"54826b22-38d6-4fb2-bad9-b7b93a3e9c5a\",\r\n    \"userAssignedIdentities\":
        {\r\n      \"/subscriptions/00000000-0000-0000-0000-000000000000/resourceGroups/cli_test_vmss_explicit_msi000001/providers/Microsoft.ManagedIdentity/userAssignedIdentities/id1\":
        {\r\n        \"principalId\": \"5a09663f-fc1c-49d3-aa14-630702e2d38e\",\r\n
        \       \"clientId\": \"1351360e-d732-4b40-912e-0ffdeac70d54\"\r\n      },\r\n
        \     \"/subscriptions/00000000-0000-0000-0000-000000000000/resourceGroups/cli_test_vmss_explicit_msi000001/providers/Microsoft.ManagedIdentity/userAssignedIdentities/id2\":
        {\r\n        \"principalId\": \"e229e078-af05-4bf9-91f3-a76daf9ce721\",\r\n
        \       \"clientId\": \"d09bd073-0d26-455b-92e4-c777a05ecb7b\"\r\n      }\r\n
        \   }\r\n  },\r\n  \"sku\": {\r\n    \"name\": \"Standard_DS1_v2\",\r\n    \"tier\":
        \"Standard\",\r\n    \"capacity\": 1\r\n  },\r\n  \"properties\": {\r\n    \"singlePlacementGroup\":
        true,\r\n    \"orchestrationMode\": \"Uniform\",\r\n    \"upgradePolicy\":
        {\r\n      \"mode\": \"Manual\",\r\n      \"rollingUpgradePolicy\": {\r\n
        \       \"maxBatchInstancePercent\": 20,\r\n        \"maxUnhealthyInstancePercent\":
        20,\r\n        \"maxUnhealthyUpgradedInstancePercent\": 20,\r\n        \"pauseTimeBetweenBatches\":
        \"PT0S\",\r\n        \"maxSurge\": false\r\n      }\r\n    },\r\n    \"virtualMachineProfile\":
        {\r\n      \"osProfile\": {\r\n        \"computerNamePrefix\": \"vmss1a0f7\",\r\n
        \       \"adminUsername\": \"ubuntuadmin\",\r\n        \"linuxConfiguration\":
        {\r\n          \"disablePasswordAuthentication\": true,\r\n          \"ssh\":
        {\r\n            \"publicKeys\": [\r\n              {\r\n                \"path\":
        \"/home/ubuntuadmin/.ssh/authorized_keys\",\r\n                \"keyData\":
        \"ssh-rsa AAAAB3NzaC1yc2EAAAADAQABAAABAQDPkEL+zs97zqGr/+XGpq6LXCJWH5jePFTi5nW/ojQD5vdzI63sGc6kkwj2yUlS5o9sk7md+rZtK4AOptyhzhYQPVaRoG0icd+G65bnGbJXD6n9axbY+FCcmqCwu0DXzHQYMO0EniVx2EPHlQsEqSfChXqPQGPzvpLSXRsAzFC06myQT0MKeYgDFPNzxa3AuwsnjcgFoUk0sJ8tAm6BfxL1YXyV97rBEJzMR9vXT15Rrey0JQD5vWZ/c7gmK0T3vTXzEohsuibly3AvNUqykRQEoVI6Sl6gR+7VEmcLkZ+Pn0WynImnrfdtkg8smtM3gUdtY5FFiH9l1Y88BfdASFYJ\"\r\n
        \             }\r\n            ]\r\n          },\r\n          \"provisionVMAgent\":
        true,\r\n          \"enableVMAgentPlatformUpdates\": false\r\n        },\r\n
        \       \"secrets\": [],\r\n        \"allowExtensionOperations\": true,\r\n
        \       \"requireGuestProvisionSignal\": true\r\n      },\r\n      \"storageProfile\":
        {\r\n        \"osDisk\": {\r\n          \"osType\": \"Linux\",\r\n          \"createOption\":
        \"FromImage\",\r\n          \"caching\": \"ReadWrite\",\r\n          \"managedDisk\":
        {\r\n            \"storageAccountType\": \"Premium_LRS\"\r\n          },\r\n
        \         \"diskSizeGB\": 30\r\n        },\r\n        \"imageReference\":
        {\r\n          \"publisher\": \"Canonical\",\r\n          \"offer\": \"UbuntuServer\",\r\n
        \         \"sku\": \"18.04-LTS\",\r\n          \"version\": \"latest\"\r\n
        \       }\r\n      },\r\n      \"networkProfile\": {\"networkInterfaceConfigurations\":[{\"name\":\"vmss1a0f7Nic\",\"properties\":{\"primary\":true,\"disableTcpStateTracking\":false,\"dnsSettings\":{\"dnsServers\":[]},\"enableIPForwarding\":false,\"ipConfigurations\":[{\"name\":\"vmss1a0f7IPConfig\",\"properties\":{\"subnet\":{\"id\":\"/subscriptions/00000000-0000-0000-0000-000000000000/resourceGroups/cli_test_vmss_explicit_msi000001/providers/Microsoft.Network/virtualNetworks/vmss1VNET/subnets/vmss1Subnet\"},\"privateIPAddressVersion\":\"IPv4\",\"loadBalancerBackendAddressPools\":[{\"id\":\"/subscriptions/00000000-0000-0000-0000-000000000000/resourceGroups/cli_test_vmss_explicit_msi000001/providers/Microsoft.Network/loadBalancers/vmss1LB/backendAddressPools/vmss1LBBEPool\"}],\"loadBalancerInboundNatPools\":[{\"id\":\"/subscriptions/00000000-0000-0000-0000-000000000000/resourceGroups/cli_test_vmss_explicit_msi000001/providers/Microsoft.Network/loadBalancers/vmss1LB/inboundNatPools/vmss1LBNatPool\"}]}}]}}]}\r\n
        \   },\r\n    \"provisioningState\": \"Succeeded\",\r\n    \"overprovision\":
        true,\r\n    \"doNotRunExtensionsOnOverprovisionedVMs\": false,\r\n    \"uniqueId\":
        \"a12cf418-3451-45f5-9a1f-3a92dac293a1\",\r\n    \"timeCreated\": \"2023-01-28T19:17:04.3920126+00:00\"\r\n
        \ }\r\n}"
    headers:
      cache-control:
      - no-cache
      content-length:
      - '4326'
      content-type:
      - application/json; charset=utf-8
      date:
      - Sat, 28 Jan 2023 19:18:48 GMT
      expires:
      - '-1'
      pragma:
      - no-cache
      server:
      - Microsoft-HTTPAPI/2.0
      - Microsoft-HTTPAPI/2.0
      strict-transport-security:
      - max-age=31536000; includeSubDomains
      transfer-encoding:
      - chunked
      vary:
      - Accept-Encoding
      x-content-type-options:
      - nosniff
      x-ms-ratelimit-remaining-resource:
      - Microsoft.Compute/GetVMScaleSet3Min;373,Microsoft.Compute/GetVMScaleSet30Min;2573
    status:
      code: 200
      message: OK
- request:
    body: '{"instanceIds": ["*"]}'
    headers:
      Accept:
      - application/json
      Accept-Encoding:
      - gzip, deflate
      CommandName:
      - vmss update-instances
      Connection:
      - keep-alive
      Content-Length:
      - '22'
      Content-Type:
      - application/json
      ParameterSetName:
      - -g -n --instance-ids
      User-Agent:
      - AZURECLI/2.44.1 azsdk-python-azure-mgmt-compute/29.0.0 Python/3.10.9 (Linux-5.15.0-1031-azure-x86_64-with-glibc2.31)
        VSTS_7b238909-6802-4b65-b90d-184bca47f458_build_220_0
    method: POST
    uri: https://management.azure.com/subscriptions/00000000-0000-0000-0000-000000000000/resourceGroups/cli_test_vmss_explicit_msi000001/providers/Microsoft.Compute/virtualMachineScaleSets/vmss1/manualupgrade?api-version=2022-08-01
  response:
    body:
      string: ''
    headers:
      azure-asyncnotification:
      - Enabled
      azure-asyncoperation:
      - https://management.azure.com/subscriptions/00000000-0000-0000-0000-000000000000/providers/Microsoft.Compute/locations/westcentralus/operations/4cab462f-b519-4584-8f6b-3cbac69f231a?p=e645074e-3846-4dd2-bd54-b78b9b003460&api-version=2022-08-01
      cache-control:
      - no-cache
      content-length:
      - '0'
      date:
      - Sat, 28 Jan 2023 19:18:49 GMT
      expires:
      - '-1'
      location:
      - https://management.azure.com/subscriptions/00000000-0000-0000-0000-000000000000/providers/Microsoft.Compute/locations/westcentralus/operations/4cab462f-b519-4584-8f6b-3cbac69f231a?p=e645074e-3846-4dd2-bd54-b78b9b003460&monitor=true&api-version=2022-08-01
      pragma:
      - no-cache
      server:
      - Microsoft-HTTPAPI/2.0
      - Microsoft-HTTPAPI/2.0
      strict-transport-security:
      - max-age=31536000; includeSubDomains
      x-content-type-options:
      - nosniff
      x-ms-ratelimit-remaining-resource:
      - Microsoft.Compute/VMScaleSetActions3Min;236,Microsoft.Compute/VMScaleSetActions30Min;1196,Microsoft.Compute/VmssQueuedVMOperations;0
      x-ms-ratelimit-remaining-subscription-writes:
      - '1199'
      x-ms-request-charge:
      - '0'
    status:
      code: 202
      message: Accepted
- request:
    body: null
    headers:
      Accept:
      - '*/*'
      Accept-Encoding:
      - gzip, deflate
      CommandName:
      - vmss update-instances
      Connection:
      - keep-alive
      ParameterSetName:
      - -g -n --instance-ids
      User-Agent:
      - AZURECLI/2.44.1 azsdk-python-azure-mgmt-compute/29.0.0 Python/3.10.9 (Linux-5.15.0-1031-azure-x86_64-with-glibc2.31)
        VSTS_7b238909-6802-4b65-b90d-184bca47f458_build_220_0
    method: GET
    uri: https://management.azure.com/subscriptions/00000000-0000-0000-0000-000000000000/providers/Microsoft.Compute/locations/westcentralus/operations/4cab462f-b519-4584-8f6b-3cbac69f231a?p=e645074e-3846-4dd2-bd54-b78b9b003460&api-version=2022-08-01
  response:
    body:
      string: "{\r\n  \"startTime\": \"2023-01-28T19:18:49.3915007+00:00\",\r\n  \"endTime\":
        \"2023-01-28T19:18:49.6415021+00:00\",\r\n  \"status\": \"Succeeded\",\r\n
        \ \"name\": \"4cab462f-b519-4584-8f6b-3cbac69f231a\"\r\n}"
    headers:
      cache-control:
      - no-cache
      content-length:
      - '184'
      content-type:
      - application/json; charset=utf-8
      date:
      - Sat, 28 Jan 2023 19:19:19 GMT
      expires:
      - '-1'
      pragma:
      - no-cache
      server:
      - Microsoft-HTTPAPI/2.0
      - Microsoft-HTTPAPI/2.0
      strict-transport-security:
      - max-age=31536000; includeSubDomains
      transfer-encoding:
      - chunked
      vary:
      - Accept-Encoding
      x-content-type-options:
      - nosniff
      x-ms-ratelimit-remaining-resource:
      - Microsoft.Compute/GetOperation3Min;14988,Microsoft.Compute/GetOperation30Min;29988
    status:
      code: 200
      message: OK
- request:
    body: null
    headers:
      Accept:
      - '*/*'
      Accept-Encoding:
      - gzip, deflate
      CommandName:
      - vmss update-instances
      Connection:
      - keep-alive
      ParameterSetName:
      - -g -n --instance-ids
      User-Agent:
      - AZURECLI/2.44.1 azsdk-python-azure-mgmt-compute/29.0.0 Python/3.10.9 (Linux-5.15.0-1031-azure-x86_64-with-glibc2.31)
        VSTS_7b238909-6802-4b65-b90d-184bca47f458_build_220_0
    method: GET
    uri: https://management.azure.com/subscriptions/00000000-0000-0000-0000-000000000000/providers/Microsoft.Compute/locations/westcentralus/operations/4cab462f-b519-4584-8f6b-3cbac69f231a?p=e645074e-3846-4dd2-bd54-b78b9b003460&monitor=true&api-version=2022-08-01
  response:
    body:
      string: ''
    headers:
      cache-control:
      - no-cache
      content-length:
      - '0'
      date:
      - Sat, 28 Jan 2023 19:19:19 GMT
      expires:
      - '-1'
      pragma:
      - no-cache
      server:
      - Microsoft-HTTPAPI/2.0
      - Microsoft-HTTPAPI/2.0
      strict-transport-security:
      - max-age=31536000; includeSubDomains
      x-content-type-options:
      - nosniff
      x-ms-ratelimit-remaining-resource:
      - Microsoft.Compute/GetOperation3Min;14987,Microsoft.Compute/GetOperation30Min;29987
    status:
      code: 200
      message: OK
- request:
    body: null
    headers:
      Accept:
      - application/json
      Accept-Encoding:
      - gzip, deflate
      CommandName:
      - vmss identity remove
      Connection:
      - keep-alive
      ParameterSetName:
      - -g -n --identities
      User-Agent:
      - AZURECLI/2.44.1 azsdk-python-azure-mgmt-compute/29.0.0 Python/3.10.9 (Linux-5.15.0-1031-azure-x86_64-with-glibc2.31)
        VSTS_7b238909-6802-4b65-b90d-184bca47f458_build_220_0
    method: GET
    uri: https://management.azure.com/subscriptions/00000000-0000-0000-0000-000000000000/resourceGroups/cli_test_vmss_explicit_msi000001/providers/Microsoft.Compute/virtualMachineScaleSets/vmss1?api-version=2022-08-01
  response:
    body:
      string: "{\r\n  \"name\": \"vmss1\",\r\n  \"id\": \"/subscriptions/00000000-0000-0000-0000-000000000000/resourceGroups/cli_test_vmss_explicit_msi000001/providers/Microsoft.Compute/virtualMachineScaleSets/vmss1\",\r\n
        \ \"type\": \"Microsoft.Compute/virtualMachineScaleSets\",\r\n  \"location\":
        \"westcentralus\",\r\n  \"tags\": {},\r\n  \"identity\": {\r\n    \"type\":
        \"SystemAssigned, UserAssigned\",\r\n    \"principalId\": \"e2b5a9b1-c4ce-4c50-b08c-258b5e39f7d3\",\r\n
        \   \"tenantId\": \"54826b22-38d6-4fb2-bad9-b7b93a3e9c5a\",\r\n    \"userAssignedIdentities\":
        {\r\n      \"/subscriptions/00000000-0000-0000-0000-000000000000/resourceGroups/cli_test_vmss_explicit_msi000001/providers/Microsoft.ManagedIdentity/userAssignedIdentities/id1\":
        {\r\n        \"principalId\": \"5a09663f-fc1c-49d3-aa14-630702e2d38e\",\r\n
        \       \"clientId\": \"1351360e-d732-4b40-912e-0ffdeac70d54\"\r\n      },\r\n
        \     \"/subscriptions/00000000-0000-0000-0000-000000000000/resourceGroups/cli_test_vmss_explicit_msi000001/providers/Microsoft.ManagedIdentity/userAssignedIdentities/id2\":
        {\r\n        \"principalId\": \"e229e078-af05-4bf9-91f3-a76daf9ce721\",\r\n
        \       \"clientId\": \"d09bd073-0d26-455b-92e4-c777a05ecb7b\"\r\n      }\r\n
        \   }\r\n  },\r\n  \"sku\": {\r\n    \"name\": \"Standard_DS1_v2\",\r\n    \"tier\":
        \"Standard\",\r\n    \"capacity\": 1\r\n  },\r\n  \"properties\": {\r\n    \"singlePlacementGroup\":
        true,\r\n    \"orchestrationMode\": \"Uniform\",\r\n    \"upgradePolicy\":
        {\r\n      \"mode\": \"Manual\",\r\n      \"rollingUpgradePolicy\": {\r\n
        \       \"maxBatchInstancePercent\": 20,\r\n        \"maxUnhealthyInstancePercent\":
        20,\r\n        \"maxUnhealthyUpgradedInstancePercent\": 20,\r\n        \"pauseTimeBetweenBatches\":
        \"PT0S\",\r\n        \"maxSurge\": false\r\n      }\r\n    },\r\n    \"virtualMachineProfile\":
        {\r\n      \"osProfile\": {\r\n        \"computerNamePrefix\": \"vmss1a0f7\",\r\n
        \       \"adminUsername\": \"ubuntuadmin\",\r\n        \"linuxConfiguration\":
        {\r\n          \"disablePasswordAuthentication\": true,\r\n          \"ssh\":
        {\r\n            \"publicKeys\": [\r\n              {\r\n                \"path\":
        \"/home/ubuntuadmin/.ssh/authorized_keys\",\r\n                \"keyData\":
        \"ssh-rsa AAAAB3NzaC1yc2EAAAADAQABAAABAQDPkEL+zs97zqGr/+XGpq6LXCJWH5jePFTi5nW/ojQD5vdzI63sGc6kkwj2yUlS5o9sk7md+rZtK4AOptyhzhYQPVaRoG0icd+G65bnGbJXD6n9axbY+FCcmqCwu0DXzHQYMO0EniVx2EPHlQsEqSfChXqPQGPzvpLSXRsAzFC06myQT0MKeYgDFPNzxa3AuwsnjcgFoUk0sJ8tAm6BfxL1YXyV97rBEJzMR9vXT15Rrey0JQD5vWZ/c7gmK0T3vTXzEohsuibly3AvNUqykRQEoVI6Sl6gR+7VEmcLkZ+Pn0WynImnrfdtkg8smtM3gUdtY5FFiH9l1Y88BfdASFYJ\"\r\n
        \             }\r\n            ]\r\n          },\r\n          \"provisionVMAgent\":
        true,\r\n          \"enableVMAgentPlatformUpdates\": false\r\n        },\r\n
        \       \"secrets\": [],\r\n        \"allowExtensionOperations\": true,\r\n
        \       \"requireGuestProvisionSignal\": true\r\n      },\r\n      \"storageProfile\":
        {\r\n        \"osDisk\": {\r\n          \"osType\": \"Linux\",\r\n          \"createOption\":
        \"FromImage\",\r\n          \"caching\": \"ReadWrite\",\r\n          \"managedDisk\":
        {\r\n            \"storageAccountType\": \"Premium_LRS\"\r\n          },\r\n
        \         \"diskSizeGB\": 30\r\n        },\r\n        \"imageReference\":
        {\r\n          \"publisher\": \"Canonical\",\r\n          \"offer\": \"UbuntuServer\",\r\n
        \         \"sku\": \"18.04-LTS\",\r\n          \"version\": \"latest\"\r\n
        \       }\r\n      },\r\n      \"networkProfile\": {\"networkInterfaceConfigurations\":[{\"name\":\"vmss1a0f7Nic\",\"properties\":{\"primary\":true,\"disableTcpStateTracking\":false,\"dnsSettings\":{\"dnsServers\":[]},\"enableIPForwarding\":false,\"ipConfigurations\":[{\"name\":\"vmss1a0f7IPConfig\",\"properties\":{\"subnet\":{\"id\":\"/subscriptions/00000000-0000-0000-0000-000000000000/resourceGroups/cli_test_vmss_explicit_msi000001/providers/Microsoft.Network/virtualNetworks/vmss1VNET/subnets/vmss1Subnet\"},\"privateIPAddressVersion\":\"IPv4\",\"loadBalancerBackendAddressPools\":[{\"id\":\"/subscriptions/00000000-0000-0000-0000-000000000000/resourceGroups/cli_test_vmss_explicit_msi000001/providers/Microsoft.Network/loadBalancers/vmss1LB/backendAddressPools/vmss1LBBEPool\"}],\"loadBalancerInboundNatPools\":[{\"id\":\"/subscriptions/00000000-0000-0000-0000-000000000000/resourceGroups/cli_test_vmss_explicit_msi000001/providers/Microsoft.Network/loadBalancers/vmss1LB/inboundNatPools/vmss1LBNatPool\"}]}}]}}]}\r\n
        \   },\r\n    \"provisioningState\": \"Succeeded\",\r\n    \"overprovision\":
        true,\r\n    \"doNotRunExtensionsOnOverprovisionedVMs\": false,\r\n    \"uniqueId\":
        \"a12cf418-3451-45f5-9a1f-3a92dac293a1\",\r\n    \"timeCreated\": \"2023-01-28T19:17:04.3920126+00:00\"\r\n
        \ }\r\n}"
    headers:
      cache-control:
      - no-cache
      content-length:
      - '4326'
      content-type:
      - application/json; charset=utf-8
      date:
      - Sat, 28 Jan 2023 19:19:20 GMT
      expires:
      - '-1'
      pragma:
      - no-cache
      server:
      - Microsoft-HTTPAPI/2.0
      - Microsoft-HTTPAPI/2.0
      strict-transport-security:
      - max-age=31536000; includeSubDomains
      transfer-encoding:
      - chunked
      vary:
      - Accept-Encoding
      x-content-type-options:
      - nosniff
      x-ms-ratelimit-remaining-resource:
      - Microsoft.Compute/GetVMScaleSet3Min;364,Microsoft.Compute/GetVMScaleSet30Min;2564
    status:
      code: 200
      message: OK
- request:
    body: '{"identity": {"type": "SystemAssigned, UserAssigned", "userAssignedIdentities":
      {"/subscriptions/00000000-0000-0000-0000-000000000000/resourcegroups/cli_test_vmss_explicit_msi000001/providers/microsoft.managedidentity/userassignedidentities/id1":
      null}}}'
    headers:
      Accept:
      - application/json
      Accept-Encoding:
      - gzip, deflate
      CommandName:
      - vmss identity remove
      Connection:
      - keep-alive
      Content-Length:
      - '254'
      Content-Type:
      - application/json
      ParameterSetName:
      - -g -n --identities
      User-Agent:
      - AZURECLI/2.44.1 azsdk-python-azure-mgmt-compute/29.0.0 Python/3.10.9 (Linux-5.15.0-1031-azure-x86_64-with-glibc2.31)
        VSTS_7b238909-6802-4b65-b90d-184bca47f458_build_220_0
    method: PATCH
    uri: https://management.azure.com/subscriptions/00000000-0000-0000-0000-000000000000/resourceGroups/cli_test_vmss_explicit_msi000001/providers/Microsoft.Compute/virtualMachineScaleSets/vmss1?api-version=2022-08-01
  response:
    body:
      string: "{\r\n  \"name\": \"vmss1\",\r\n  \"id\": \"/subscriptions/00000000-0000-0000-0000-000000000000/resourceGroups/cli_test_vmss_explicit_msi000001/providers/Microsoft.Compute/virtualMachineScaleSets/vmss1\",\r\n
        \ \"type\": \"Microsoft.Compute/virtualMachineScaleSets\",\r\n  \"location\":
        \"westcentralus\",\r\n  \"tags\": {},\r\n  \"identity\": {\r\n    \"type\":
        \"SystemAssigned, UserAssigned\",\r\n    \"principalId\": \"e2b5a9b1-c4ce-4c50-b08c-258b5e39f7d3\",\r\n
        \   \"tenantId\": \"54826b22-38d6-4fb2-bad9-b7b93a3e9c5a\",\r\n    \"userAssignedIdentities\":
        {\r\n      \"/subscriptions/00000000-0000-0000-0000-000000000000/resourceGroups/cli_test_vmss_explicit_msi000001/providers/Microsoft.ManagedIdentity/userAssignedIdentities/id2\":
        {\r\n        \"principalId\": \"e229e078-af05-4bf9-91f3-a76daf9ce721\",\r\n
        \       \"clientId\": \"d09bd073-0d26-455b-92e4-c777a05ecb7b\"\r\n      }\r\n
        \   }\r\n  },\r\n  \"sku\": {\r\n    \"name\": \"Standard_DS1_v2\",\r\n    \"tier\":
        \"Standard\",\r\n    \"capacity\": 1\r\n  },\r\n  \"properties\": {\r\n    \"singlePlacementGroup\":
        true,\r\n    \"orchestrationMode\": \"Uniform\",\r\n    \"upgradePolicy\":
        {\r\n      \"mode\": \"Manual\",\r\n      \"rollingUpgradePolicy\": {\r\n
        \       \"maxBatchInstancePercent\": 20,\r\n        \"maxUnhealthyInstancePercent\":
        20,\r\n        \"maxUnhealthyUpgradedInstancePercent\": 20,\r\n        \"pauseTimeBetweenBatches\":
        \"PT0S\",\r\n        \"maxSurge\": false\r\n      }\r\n    },\r\n    \"virtualMachineProfile\":
        {\r\n      \"osProfile\": {\r\n        \"computerNamePrefix\": \"vmss1a0f7\",\r\n
        \       \"adminUsername\": \"ubuntuadmin\",\r\n        \"linuxConfiguration\":
        {\r\n          \"disablePasswordAuthentication\": true,\r\n          \"ssh\":
        {\r\n            \"publicKeys\": [\r\n              {\r\n                \"path\":
        \"/home/ubuntuadmin/.ssh/authorized_keys\",\r\n                \"keyData\":
        \"ssh-rsa AAAAB3NzaC1yc2EAAAADAQABAAABAQDPkEL+zs97zqGr/+XGpq6LXCJWH5jePFTi5nW/ojQD5vdzI63sGc6kkwj2yUlS5o9sk7md+rZtK4AOptyhzhYQPVaRoG0icd+G65bnGbJXD6n9axbY+FCcmqCwu0DXzHQYMO0EniVx2EPHlQsEqSfChXqPQGPzvpLSXRsAzFC06myQT0MKeYgDFPNzxa3AuwsnjcgFoUk0sJ8tAm6BfxL1YXyV97rBEJzMR9vXT15Rrey0JQD5vWZ/c7gmK0T3vTXzEohsuibly3AvNUqykRQEoVI6Sl6gR+7VEmcLkZ+Pn0WynImnrfdtkg8smtM3gUdtY5FFiH9l1Y88BfdASFYJ\"\r\n
        \             }\r\n            ]\r\n          },\r\n          \"provisionVMAgent\":
        true,\r\n          \"enableVMAgentPlatformUpdates\": false\r\n        },\r\n
        \       \"secrets\": [],\r\n        \"allowExtensionOperations\": true,\r\n
        \       \"requireGuestProvisionSignal\": true\r\n      },\r\n      \"storageProfile\":
        {\r\n        \"osDisk\": {\r\n          \"osType\": \"Linux\",\r\n          \"createOption\":
        \"FromImage\",\r\n          \"caching\": \"ReadWrite\",\r\n          \"managedDisk\":
        {\r\n            \"storageAccountType\": \"Premium_LRS\"\r\n          },\r\n
        \         \"diskSizeGB\": 30\r\n        },\r\n        \"imageReference\":
        {\r\n          \"publisher\": \"Canonical\",\r\n          \"offer\": \"UbuntuServer\",\r\n
        \         \"sku\": \"18.04-LTS\",\r\n          \"version\": \"latest\"\r\n
        \       }\r\n      },\r\n      \"networkProfile\": {\"networkInterfaceConfigurations\":[{\"name\":\"vmss1a0f7Nic\",\"properties\":{\"primary\":true,\"disableTcpStateTracking\":false,\"dnsSettings\":{\"dnsServers\":[]},\"enableIPForwarding\":false,\"ipConfigurations\":[{\"name\":\"vmss1a0f7IPConfig\",\"properties\":{\"subnet\":{\"id\":\"/subscriptions/00000000-0000-0000-0000-000000000000/resourceGroups/cli_test_vmss_explicit_msi000001/providers/Microsoft.Network/virtualNetworks/vmss1VNET/subnets/vmss1Subnet\"},\"privateIPAddressVersion\":\"IPv4\",\"loadBalancerBackendAddressPools\":[{\"id\":\"/subscriptions/00000000-0000-0000-0000-000000000000/resourceGroups/cli_test_vmss_explicit_msi000001/providers/Microsoft.Network/loadBalancers/vmss1LB/backendAddressPools/vmss1LBBEPool\"}],\"loadBalancerInboundNatPools\":[{\"id\":\"/subscriptions/00000000-0000-0000-0000-000000000000/resourceGroups/cli_test_vmss_explicit_msi000001/providers/Microsoft.Network/loadBalancers/vmss1LB/inboundNatPools/vmss1LBNatPool\"}]}}]}}]}\r\n
        \   },\r\n    \"provisioningState\": \"Updating\",\r\n    \"overprovision\":
        true,\r\n    \"doNotRunExtensionsOnOverprovisionedVMs\": false,\r\n    \"uniqueId\":
        \"a12cf418-3451-45f5-9a1f-3a92dac293a1\",\r\n    \"timeCreated\": \"2023-01-28T19:17:04.3920126+00:00\"\r\n
        \ }\r\n}"
    headers:
      azure-asyncnotification:
      - Enabled
      azure-asyncoperation:
      - https://management.azure.com/subscriptions/00000000-0000-0000-0000-000000000000/providers/Microsoft.Compute/locations/westcentralus/operations/d44d3df7-fd16-4dfe-8e80-e5003a50d004?p=e645074e-3846-4dd2-bd54-b78b9b003460&api-version=2022-08-01
      cache-control:
      - no-cache
      content-length:
      - '4016'
      content-type:
      - application/json; charset=utf-8
      date:
      - Sat, 28 Jan 2023 19:19:23 GMT
      expires:
      - '-1'
      pragma:
      - no-cache
      server:
      - Microsoft-HTTPAPI/2.0
      - Microsoft-HTTPAPI/2.0
      strict-transport-security:
      - max-age=31536000; includeSubDomains
      transfer-encoding:
      - chunked
      vary:
      - Accept-Encoding
      x-content-type-options:
      - nosniff
      x-ms-ratelimit-remaining-resource:
      - Microsoft.Compute/VMScaleSetActions3Min;233,Microsoft.Compute/VMScaleSetActions30Min;1193,Microsoft.Compute/VmssQueuedVMOperations;0
      x-ms-ratelimit-remaining-subscription-writes:
      - '1197'
      x-ms-request-charge:
      - '0'
    status:
      code: 200
      message: OK
- request:
    body: null
    headers:
      Accept:
      - '*/*'
      Accept-Encoding:
      - gzip, deflate
      CommandName:
      - vmss identity remove
      Connection:
      - keep-alive
      ParameterSetName:
      - -g -n --identities
      User-Agent:
      - AZURECLI/2.44.1 azsdk-python-azure-mgmt-compute/29.0.0 Python/3.10.9 (Linux-5.15.0-1031-azure-x86_64-with-glibc2.31)
        VSTS_7b238909-6802-4b65-b90d-184bca47f458_build_220_0
    method: GET
    uri: https://management.azure.com/subscriptions/00000000-0000-0000-0000-000000000000/providers/Microsoft.Compute/locations/westcentralus/operations/d44d3df7-fd16-4dfe-8e80-e5003a50d004?p=e645074e-3846-4dd2-bd54-b78b9b003460&api-version=2022-08-01
  response:
    body:
      string: "{\r\n  \"startTime\": \"2023-01-28T19:19:23.2819684+00:00\",\r\n  \"endTime\":
        \"2023-01-28T19:19:28.0475558+00:00\",\r\n  \"status\": \"Succeeded\",\r\n
        \ \"name\": \"d44d3df7-fd16-4dfe-8e80-e5003a50d004\"\r\n}"
    headers:
      cache-control:
      - no-cache
      content-length:
      - '184'
      content-type:
      - application/json; charset=utf-8
      date:
      - Sat, 28 Jan 2023 19:19:33 GMT
      expires:
      - '-1'
      pragma:
      - no-cache
      server:
      - Microsoft-HTTPAPI/2.0
      - Microsoft-HTTPAPI/2.0
      strict-transport-security:
      - max-age=31536000; includeSubDomains
      transfer-encoding:
      - chunked
      vary:
      - Accept-Encoding
      x-content-type-options:
      - nosniff
      x-ms-ratelimit-remaining-resource:
      - Microsoft.Compute/GetOperation3Min;14984,Microsoft.Compute/GetOperation30Min;29984
    status:
      code: 200
      message: OK
- request:
    body: null
    headers:
      Accept:
      - '*/*'
      Accept-Encoding:
      - gzip, deflate
      CommandName:
      - vmss identity remove
      Connection:
      - keep-alive
      ParameterSetName:
      - -g -n --identities
      User-Agent:
      - AZURECLI/2.44.1 azsdk-python-azure-mgmt-compute/29.0.0 Python/3.10.9 (Linux-5.15.0-1031-azure-x86_64-with-glibc2.31)
        VSTS_7b238909-6802-4b65-b90d-184bca47f458_build_220_0
    method: GET
    uri: https://management.azure.com/subscriptions/00000000-0000-0000-0000-000000000000/resourceGroups/cli_test_vmss_explicit_msi000001/providers/Microsoft.Compute/virtualMachineScaleSets/vmss1?api-version=2022-08-01
  response:
    body:
      string: "{\r\n  \"name\": \"vmss1\",\r\n  \"id\": \"/subscriptions/00000000-0000-0000-0000-000000000000/resourceGroups/cli_test_vmss_explicit_msi000001/providers/Microsoft.Compute/virtualMachineScaleSets/vmss1\",\r\n
        \ \"type\": \"Microsoft.Compute/virtualMachineScaleSets\",\r\n  \"location\":
        \"westcentralus\",\r\n  \"tags\": {},\r\n  \"identity\": {\r\n    \"type\":
        \"SystemAssigned, UserAssigned\",\r\n    \"principalId\": \"e2b5a9b1-c4ce-4c50-b08c-258b5e39f7d3\",\r\n
        \   \"tenantId\": \"54826b22-38d6-4fb2-bad9-b7b93a3e9c5a\",\r\n    \"userAssignedIdentities\":
        {\r\n      \"/subscriptions/00000000-0000-0000-0000-000000000000/resourceGroups/cli_test_vmss_explicit_msi000001/providers/Microsoft.ManagedIdentity/userAssignedIdentities/id2\":
        {\r\n        \"principalId\": \"e229e078-af05-4bf9-91f3-a76daf9ce721\",\r\n
        \       \"clientId\": \"d09bd073-0d26-455b-92e4-c777a05ecb7b\"\r\n      }\r\n
        \   }\r\n  },\r\n  \"sku\": {\r\n    \"name\": \"Standard_DS1_v2\",\r\n    \"tier\":
        \"Standard\",\r\n    \"capacity\": 1\r\n  },\r\n  \"properties\": {\r\n    \"singlePlacementGroup\":
        true,\r\n    \"orchestrationMode\": \"Uniform\",\r\n    \"upgradePolicy\":
        {\r\n      \"mode\": \"Manual\",\r\n      \"rollingUpgradePolicy\": {\r\n
        \       \"maxBatchInstancePercent\": 20,\r\n        \"maxUnhealthyInstancePercent\":
        20,\r\n        \"maxUnhealthyUpgradedInstancePercent\": 20,\r\n        \"pauseTimeBetweenBatches\":
        \"PT0S\",\r\n        \"maxSurge\": false\r\n      }\r\n    },\r\n    \"virtualMachineProfile\":
        {\r\n      \"osProfile\": {\r\n        \"computerNamePrefix\": \"vmss1a0f7\",\r\n
        \       \"adminUsername\": \"ubuntuadmin\",\r\n        \"linuxConfiguration\":
        {\r\n          \"disablePasswordAuthentication\": true,\r\n          \"ssh\":
        {\r\n            \"publicKeys\": [\r\n              {\r\n                \"path\":
        \"/home/ubuntuadmin/.ssh/authorized_keys\",\r\n                \"keyData\":
        \"ssh-rsa AAAAB3NzaC1yc2EAAAADAQABAAABAQDPkEL+zs97zqGr/+XGpq6LXCJWH5jePFTi5nW/ojQD5vdzI63sGc6kkwj2yUlS5o9sk7md+rZtK4AOptyhzhYQPVaRoG0icd+G65bnGbJXD6n9axbY+FCcmqCwu0DXzHQYMO0EniVx2EPHlQsEqSfChXqPQGPzvpLSXRsAzFC06myQT0MKeYgDFPNzxa3AuwsnjcgFoUk0sJ8tAm6BfxL1YXyV97rBEJzMR9vXT15Rrey0JQD5vWZ/c7gmK0T3vTXzEohsuibly3AvNUqykRQEoVI6Sl6gR+7VEmcLkZ+Pn0WynImnrfdtkg8smtM3gUdtY5FFiH9l1Y88BfdASFYJ\"\r\n
        \             }\r\n            ]\r\n          },\r\n          \"provisionVMAgent\":
        true,\r\n          \"enableVMAgentPlatformUpdates\": false\r\n        },\r\n
        \       \"secrets\": [],\r\n        \"allowExtensionOperations\": true,\r\n
        \       \"requireGuestProvisionSignal\": true\r\n      },\r\n      \"storageProfile\":
        {\r\n        \"osDisk\": {\r\n          \"osType\": \"Linux\",\r\n          \"createOption\":
        \"FromImage\",\r\n          \"caching\": \"ReadWrite\",\r\n          \"managedDisk\":
        {\r\n            \"storageAccountType\": \"Premium_LRS\"\r\n          },\r\n
        \         \"diskSizeGB\": 30\r\n        },\r\n        \"imageReference\":
        {\r\n          \"publisher\": \"Canonical\",\r\n          \"offer\": \"UbuntuServer\",\r\n
        \         \"sku\": \"18.04-LTS\",\r\n          \"version\": \"latest\"\r\n
        \       }\r\n      },\r\n      \"networkProfile\": {\"networkInterfaceConfigurations\":[{\"name\":\"vmss1a0f7Nic\",\"properties\":{\"primary\":true,\"disableTcpStateTracking\":false,\"dnsSettings\":{\"dnsServers\":[]},\"enableIPForwarding\":false,\"ipConfigurations\":[{\"name\":\"vmss1a0f7IPConfig\",\"properties\":{\"subnet\":{\"id\":\"/subscriptions/00000000-0000-0000-0000-000000000000/resourceGroups/cli_test_vmss_explicit_msi000001/providers/Microsoft.Network/virtualNetworks/vmss1VNET/subnets/vmss1Subnet\"},\"privateIPAddressVersion\":\"IPv4\",\"loadBalancerBackendAddressPools\":[{\"id\":\"/subscriptions/00000000-0000-0000-0000-000000000000/resourceGroups/cli_test_vmss_explicit_msi000001/providers/Microsoft.Network/loadBalancers/vmss1LB/backendAddressPools/vmss1LBBEPool\"}],\"loadBalancerInboundNatPools\":[{\"id\":\"/subscriptions/00000000-0000-0000-0000-000000000000/resourceGroups/cli_test_vmss_explicit_msi000001/providers/Microsoft.Network/loadBalancers/vmss1LB/inboundNatPools/vmss1LBNatPool\"}]}}]}}]}\r\n
        \   },\r\n    \"provisioningState\": \"Succeeded\",\r\n    \"overprovision\":
        true,\r\n    \"doNotRunExtensionsOnOverprovisionedVMs\": false,\r\n    \"uniqueId\":
        \"a12cf418-3451-45f5-9a1f-3a92dac293a1\",\r\n    \"timeCreated\": \"2023-01-28T19:17:04.3920126+00:00\"\r\n
        \ }\r\n}"
    headers:
      cache-control:
      - no-cache
      content-length:
      - '4017'
      content-type:
      - application/json; charset=utf-8
      date:
      - Sat, 28 Jan 2023 19:19:33 GMT
      expires:
      - '-1'
      pragma:
      - no-cache
      server:
      - Microsoft-HTTPAPI/2.0
      - Microsoft-HTTPAPI/2.0
      strict-transport-security:
      - max-age=31536000; includeSubDomains
      transfer-encoding:
      - chunked
      vary:
      - Accept-Encoding
      x-content-type-options:
      - nosniff
      x-ms-ratelimit-remaining-resource:
      - Microsoft.Compute/GetVMScaleSet3Min;358,Microsoft.Compute/GetVMScaleSet30Min;2557
    status:
      code: 200
      message: OK
- request:
    body: null
    headers:
      Accept:
      - application/json
      Accept-Encoding:
      - gzip, deflate
      CommandName:
      - vmss show
      Connection:
      - keep-alive
      ParameterSetName:
      - -g -n
      User-Agent:
      - AZURECLI/2.44.1 azsdk-python-azure-mgmt-compute/29.0.0 Python/3.10.9 (Linux-5.15.0-1031-azure-x86_64-with-glibc2.31)
        VSTS_7b238909-6802-4b65-b90d-184bca47f458_build_220_0
    method: GET
    uri: https://management.azure.com/subscriptions/00000000-0000-0000-0000-000000000000/resourceGroups/cli_test_vmss_explicit_msi000001/providers/Microsoft.Compute/virtualMachineScaleSets/vmss1?api-version=2022-08-01
  response:
    body:
      string: "{\r\n  \"name\": \"vmss1\",\r\n  \"id\": \"/subscriptions/00000000-0000-0000-0000-000000000000/resourceGroups/cli_test_vmss_explicit_msi000001/providers/Microsoft.Compute/virtualMachineScaleSets/vmss1\",\r\n
        \ \"type\": \"Microsoft.Compute/virtualMachineScaleSets\",\r\n  \"location\":
        \"westcentralus\",\r\n  \"tags\": {},\r\n  \"identity\": {\r\n    \"type\":
        \"SystemAssigned, UserAssigned\",\r\n    \"principalId\": \"e2b5a9b1-c4ce-4c50-b08c-258b5e39f7d3\",\r\n
        \   \"tenantId\": \"54826b22-38d6-4fb2-bad9-b7b93a3e9c5a\",\r\n    \"userAssignedIdentities\":
        {\r\n      \"/subscriptions/00000000-0000-0000-0000-000000000000/resourceGroups/cli_test_vmss_explicit_msi000001/providers/Microsoft.ManagedIdentity/userAssignedIdentities/id2\":
        {\r\n        \"principalId\": \"e229e078-af05-4bf9-91f3-a76daf9ce721\",\r\n
        \       \"clientId\": \"d09bd073-0d26-455b-92e4-c777a05ecb7b\"\r\n      }\r\n
        \   }\r\n  },\r\n  \"sku\": {\r\n    \"name\": \"Standard_DS1_v2\",\r\n    \"tier\":
        \"Standard\",\r\n    \"capacity\": 1\r\n  },\r\n  \"properties\": {\r\n    \"singlePlacementGroup\":
        true,\r\n    \"orchestrationMode\": \"Uniform\",\r\n    \"upgradePolicy\":
        {\r\n      \"mode\": \"Manual\",\r\n      \"rollingUpgradePolicy\": {\r\n
        \       \"maxBatchInstancePercent\": 20,\r\n        \"maxUnhealthyInstancePercent\":
        20,\r\n        \"maxUnhealthyUpgradedInstancePercent\": 20,\r\n        \"pauseTimeBetweenBatches\":
        \"PT0S\",\r\n        \"maxSurge\": false\r\n      }\r\n    },\r\n    \"virtualMachineProfile\":
        {\r\n      \"osProfile\": {\r\n        \"computerNamePrefix\": \"vmss1a0f7\",\r\n
        \       \"adminUsername\": \"ubuntuadmin\",\r\n        \"linuxConfiguration\":
        {\r\n          \"disablePasswordAuthentication\": true,\r\n          \"ssh\":
        {\r\n            \"publicKeys\": [\r\n              {\r\n                \"path\":
        \"/home/ubuntuadmin/.ssh/authorized_keys\",\r\n                \"keyData\":
        \"ssh-rsa AAAAB3NzaC1yc2EAAAADAQABAAABAQDPkEL+zs97zqGr/+XGpq6LXCJWH5jePFTi5nW/ojQD5vdzI63sGc6kkwj2yUlS5o9sk7md+rZtK4AOptyhzhYQPVaRoG0icd+G65bnGbJXD6n9axbY+FCcmqCwu0DXzHQYMO0EniVx2EPHlQsEqSfChXqPQGPzvpLSXRsAzFC06myQT0MKeYgDFPNzxa3AuwsnjcgFoUk0sJ8tAm6BfxL1YXyV97rBEJzMR9vXT15Rrey0JQD5vWZ/c7gmK0T3vTXzEohsuibly3AvNUqykRQEoVI6Sl6gR+7VEmcLkZ+Pn0WynImnrfdtkg8smtM3gUdtY5FFiH9l1Y88BfdASFYJ\"\r\n
        \             }\r\n            ]\r\n          },\r\n          \"provisionVMAgent\":
        true,\r\n          \"enableVMAgentPlatformUpdates\": false\r\n        },\r\n
        \       \"secrets\": [],\r\n        \"allowExtensionOperations\": true,\r\n
        \       \"requireGuestProvisionSignal\": true\r\n      },\r\n      \"storageProfile\":
        {\r\n        \"osDisk\": {\r\n          \"osType\": \"Linux\",\r\n          \"createOption\":
        \"FromImage\",\r\n          \"caching\": \"ReadWrite\",\r\n          \"managedDisk\":
        {\r\n            \"storageAccountType\": \"Premium_LRS\"\r\n          },\r\n
        \         \"diskSizeGB\": 30\r\n        },\r\n        \"imageReference\":
        {\r\n          \"publisher\": \"Canonical\",\r\n          \"offer\": \"UbuntuServer\",\r\n
        \         \"sku\": \"18.04-LTS\",\r\n          \"version\": \"latest\"\r\n
        \       }\r\n      },\r\n      \"networkProfile\": {\"networkInterfaceConfigurations\":[{\"name\":\"vmss1a0f7Nic\",\"properties\":{\"primary\":true,\"disableTcpStateTracking\":false,\"dnsSettings\":{\"dnsServers\":[]},\"enableIPForwarding\":false,\"ipConfigurations\":[{\"name\":\"vmss1a0f7IPConfig\",\"properties\":{\"subnet\":{\"id\":\"/subscriptions/00000000-0000-0000-0000-000000000000/resourceGroups/cli_test_vmss_explicit_msi000001/providers/Microsoft.Network/virtualNetworks/vmss1VNET/subnets/vmss1Subnet\"},\"privateIPAddressVersion\":\"IPv4\",\"loadBalancerBackendAddressPools\":[{\"id\":\"/subscriptions/00000000-0000-0000-0000-000000000000/resourceGroups/cli_test_vmss_explicit_msi000001/providers/Microsoft.Network/loadBalancers/vmss1LB/backendAddressPools/vmss1LBBEPool\"}],\"loadBalancerInboundNatPools\":[{\"id\":\"/subscriptions/00000000-0000-0000-0000-000000000000/resourceGroups/cli_test_vmss_explicit_msi000001/providers/Microsoft.Network/loadBalancers/vmss1LB/inboundNatPools/vmss1LBNatPool\"}]}}]}}]}\r\n
        \   },\r\n    \"provisioningState\": \"Succeeded\",\r\n    \"overprovision\":
        true,\r\n    \"doNotRunExtensionsOnOverprovisionedVMs\": false,\r\n    \"uniqueId\":
        \"a12cf418-3451-45f5-9a1f-3a92dac293a1\",\r\n    \"timeCreated\": \"2023-01-28T19:17:04.3920126+00:00\"\r\n
        \ }\r\n}"
    headers:
      cache-control:
      - no-cache
      content-length:
      - '4017'
      content-type:
      - application/json; charset=utf-8
      date:
      - Sat, 28 Jan 2023 19:19:34 GMT
      expires:
      - '-1'
      pragma:
      - no-cache
      server:
      - Microsoft-HTTPAPI/2.0
      - Microsoft-HTTPAPI/2.0
      strict-transport-security:
      - max-age=31536000; includeSubDomains
      transfer-encoding:
      - chunked
      vary:
      - Accept-Encoding
      x-content-type-options:
      - nosniff
      x-ms-ratelimit-remaining-resource:
      - Microsoft.Compute/GetVMScaleSet3Min;357,Microsoft.Compute/GetVMScaleSet30Min;2556
    status:
      code: 200
      message: OK
- request:
    body: null
    headers:
      Accept:
      - application/json
      Accept-Encoding:
      - gzip, deflate
      CommandName:
      - vmss identity remove
      Connection:
      - keep-alive
      ParameterSetName:
      - -g -n --identities
      User-Agent:
      - AZURECLI/2.44.1 azsdk-python-azure-mgmt-compute/29.0.0 Python/3.10.9 (Linux-5.15.0-1031-azure-x86_64-with-glibc2.31)
        VSTS_7b238909-6802-4b65-b90d-184bca47f458_build_220_0
    method: GET
    uri: https://management.azure.com/subscriptions/00000000-0000-0000-0000-000000000000/resourceGroups/cli_test_vmss_explicit_msi000001/providers/Microsoft.Compute/virtualMachineScaleSets/vmss1?api-version=2022-08-01
  response:
    body:
      string: "{\r\n  \"name\": \"vmss1\",\r\n  \"id\": \"/subscriptions/00000000-0000-0000-0000-000000000000/resourceGroups/cli_test_vmss_explicit_msi000001/providers/Microsoft.Compute/virtualMachineScaleSets/vmss1\",\r\n
        \ \"type\": \"Microsoft.Compute/virtualMachineScaleSets\",\r\n  \"location\":
        \"westcentralus\",\r\n  \"tags\": {},\r\n  \"identity\": {\r\n    \"type\":
        \"SystemAssigned, UserAssigned\",\r\n    \"principalId\": \"e2b5a9b1-c4ce-4c50-b08c-258b5e39f7d3\",\r\n
        \   \"tenantId\": \"54826b22-38d6-4fb2-bad9-b7b93a3e9c5a\",\r\n    \"userAssignedIdentities\":
        {\r\n      \"/subscriptions/00000000-0000-0000-0000-000000000000/resourceGroups/cli_test_vmss_explicit_msi000001/providers/Microsoft.ManagedIdentity/userAssignedIdentities/id2\":
        {\r\n        \"principalId\": \"e229e078-af05-4bf9-91f3-a76daf9ce721\",\r\n
        \       \"clientId\": \"d09bd073-0d26-455b-92e4-c777a05ecb7b\"\r\n      }\r\n
        \   }\r\n  },\r\n  \"sku\": {\r\n    \"name\": \"Standard_DS1_v2\",\r\n    \"tier\":
        \"Standard\",\r\n    \"capacity\": 1\r\n  },\r\n  \"properties\": {\r\n    \"singlePlacementGroup\":
        true,\r\n    \"orchestrationMode\": \"Uniform\",\r\n    \"upgradePolicy\":
        {\r\n      \"mode\": \"Manual\",\r\n      \"rollingUpgradePolicy\": {\r\n
        \       \"maxBatchInstancePercent\": 20,\r\n        \"maxUnhealthyInstancePercent\":
        20,\r\n        \"maxUnhealthyUpgradedInstancePercent\": 20,\r\n        \"pauseTimeBetweenBatches\":
        \"PT0S\",\r\n        \"maxSurge\": false\r\n      }\r\n    },\r\n    \"virtualMachineProfile\":
        {\r\n      \"osProfile\": {\r\n        \"computerNamePrefix\": \"vmss1a0f7\",\r\n
        \       \"adminUsername\": \"ubuntuadmin\",\r\n        \"linuxConfiguration\":
        {\r\n          \"disablePasswordAuthentication\": true,\r\n          \"ssh\":
        {\r\n            \"publicKeys\": [\r\n              {\r\n                \"path\":
        \"/home/ubuntuadmin/.ssh/authorized_keys\",\r\n                \"keyData\":
        \"ssh-rsa AAAAB3NzaC1yc2EAAAADAQABAAABAQDPkEL+zs97zqGr/+XGpq6LXCJWH5jePFTi5nW/ojQD5vdzI63sGc6kkwj2yUlS5o9sk7md+rZtK4AOptyhzhYQPVaRoG0icd+G65bnGbJXD6n9axbY+FCcmqCwu0DXzHQYMO0EniVx2EPHlQsEqSfChXqPQGPzvpLSXRsAzFC06myQT0MKeYgDFPNzxa3AuwsnjcgFoUk0sJ8tAm6BfxL1YXyV97rBEJzMR9vXT15Rrey0JQD5vWZ/c7gmK0T3vTXzEohsuibly3AvNUqykRQEoVI6Sl6gR+7VEmcLkZ+Pn0WynImnrfdtkg8smtM3gUdtY5FFiH9l1Y88BfdASFYJ\"\r\n
        \             }\r\n            ]\r\n          },\r\n          \"provisionVMAgent\":
        true,\r\n          \"enableVMAgentPlatformUpdates\": false\r\n        },\r\n
        \       \"secrets\": [],\r\n        \"allowExtensionOperations\": true,\r\n
        \       \"requireGuestProvisionSignal\": true\r\n      },\r\n      \"storageProfile\":
        {\r\n        \"osDisk\": {\r\n          \"osType\": \"Linux\",\r\n          \"createOption\":
        \"FromImage\",\r\n          \"caching\": \"ReadWrite\",\r\n          \"managedDisk\":
        {\r\n            \"storageAccountType\": \"Premium_LRS\"\r\n          },\r\n
        \         \"diskSizeGB\": 30\r\n        },\r\n        \"imageReference\":
        {\r\n          \"publisher\": \"Canonical\",\r\n          \"offer\": \"UbuntuServer\",\r\n
        \         \"sku\": \"18.04-LTS\",\r\n          \"version\": \"latest\"\r\n
        \       }\r\n      },\r\n      \"networkProfile\": {\"networkInterfaceConfigurations\":[{\"name\":\"vmss1a0f7Nic\",\"properties\":{\"primary\":true,\"disableTcpStateTracking\":false,\"dnsSettings\":{\"dnsServers\":[]},\"enableIPForwarding\":false,\"ipConfigurations\":[{\"name\":\"vmss1a0f7IPConfig\",\"properties\":{\"subnet\":{\"id\":\"/subscriptions/00000000-0000-0000-0000-000000000000/resourceGroups/cli_test_vmss_explicit_msi000001/providers/Microsoft.Network/virtualNetworks/vmss1VNET/subnets/vmss1Subnet\"},\"privateIPAddressVersion\":\"IPv4\",\"loadBalancerBackendAddressPools\":[{\"id\":\"/subscriptions/00000000-0000-0000-0000-000000000000/resourceGroups/cli_test_vmss_explicit_msi000001/providers/Microsoft.Network/loadBalancers/vmss1LB/backendAddressPools/vmss1LBBEPool\"}],\"loadBalancerInboundNatPools\":[{\"id\":\"/subscriptions/00000000-0000-0000-0000-000000000000/resourceGroups/cli_test_vmss_explicit_msi000001/providers/Microsoft.Network/loadBalancers/vmss1LB/inboundNatPools/vmss1LBNatPool\"}]}}]}}]}\r\n
        \   },\r\n    \"provisioningState\": \"Succeeded\",\r\n    \"overprovision\":
        true,\r\n    \"doNotRunExtensionsOnOverprovisionedVMs\": false,\r\n    \"uniqueId\":
        \"a12cf418-3451-45f5-9a1f-3a92dac293a1\",\r\n    \"timeCreated\": \"2023-01-28T19:17:04.3920126+00:00\"\r\n
        \ }\r\n}"
    headers:
      cache-control:
      - no-cache
      content-length:
      - '4017'
      content-type:
      - application/json; charset=utf-8
      date:
      - Sat, 28 Jan 2023 19:19:35 GMT
      expires:
      - '-1'
      pragma:
      - no-cache
      server:
      - Microsoft-HTTPAPI/2.0
      - Microsoft-HTTPAPI/2.0
      strict-transport-security:
      - max-age=31536000; includeSubDomains
      transfer-encoding:
      - chunked
      vary:
      - Accept-Encoding
      x-content-type-options:
      - nosniff
      x-ms-ratelimit-remaining-resource:
      - Microsoft.Compute/GetVMScaleSet3Min;356,Microsoft.Compute/GetVMScaleSet30Min;2555
    status:
      code: 200
      message: OK
- request:
    body: '{"identity": {"type": "SystemAssigned"}}'
    headers:
      Accept:
      - application/json
      Accept-Encoding:
      - gzip, deflate
      CommandName:
      - vmss identity remove
      Connection:
      - keep-alive
      Content-Length:
      - '40'
      Content-Type:
      - application/json
      ParameterSetName:
      - -g -n --identities
      User-Agent:
      - AZURECLI/2.44.1 azsdk-python-azure-mgmt-compute/29.0.0 Python/3.10.9 (Linux-5.15.0-1031-azure-x86_64-with-glibc2.31)
        VSTS_7b238909-6802-4b65-b90d-184bca47f458_build_220_0
    method: PATCH
    uri: https://management.azure.com/subscriptions/00000000-0000-0000-0000-000000000000/resourceGroups/cli_test_vmss_explicit_msi000001/providers/Microsoft.Compute/virtualMachineScaleSets/vmss1?api-version=2022-08-01
  response:
    body:
      string: "{\r\n  \"name\": \"vmss1\",\r\n  \"id\": \"/subscriptions/00000000-0000-0000-0000-000000000000/resourceGroups/cli_test_vmss_explicit_msi000001/providers/Microsoft.Compute/virtualMachineScaleSets/vmss1\",\r\n
        \ \"type\": \"Microsoft.Compute/virtualMachineScaleSets\",\r\n  \"location\":
        \"westcentralus\",\r\n  \"tags\": {},\r\n  \"identity\": {\r\n    \"type\":
        \"SystemAssigned\",\r\n    \"principalId\": \"e2b5a9b1-c4ce-4c50-b08c-258b5e39f7d3\",\r\n
        \   \"tenantId\": \"54826b22-38d6-4fb2-bad9-b7b93a3e9c5a\"\r\n  },\r\n  \"sku\":
        {\r\n    \"name\": \"Standard_DS1_v2\",\r\n    \"tier\": \"Standard\",\r\n
        \   \"capacity\": 1\r\n  },\r\n  \"properties\": {\r\n    \"singlePlacementGroup\":
        true,\r\n    \"orchestrationMode\": \"Uniform\",\r\n    \"upgradePolicy\":
        {\r\n      \"mode\": \"Manual\",\r\n      \"rollingUpgradePolicy\": {\r\n
        \       \"maxBatchInstancePercent\": 20,\r\n        \"maxUnhealthyInstancePercent\":
        20,\r\n        \"maxUnhealthyUpgradedInstancePercent\": 20,\r\n        \"pauseTimeBetweenBatches\":
        \"PT0S\",\r\n        \"maxSurge\": false\r\n      }\r\n    },\r\n    \"virtualMachineProfile\":
        {\r\n      \"osProfile\": {\r\n        \"computerNamePrefix\": \"vmss1a0f7\",\r\n
        \       \"adminUsername\": \"ubuntuadmin\",\r\n        \"linuxConfiguration\":
        {\r\n          \"disablePasswordAuthentication\": true,\r\n          \"ssh\":
        {\r\n            \"publicKeys\": [\r\n              {\r\n                \"path\":
        \"/home/ubuntuadmin/.ssh/authorized_keys\",\r\n                \"keyData\":
        \"ssh-rsa AAAAB3NzaC1yc2EAAAADAQABAAABAQDPkEL+zs97zqGr/+XGpq6LXCJWH5jePFTi5nW/ojQD5vdzI63sGc6kkwj2yUlS5o9sk7md+rZtK4AOptyhzhYQPVaRoG0icd+G65bnGbJXD6n9axbY+FCcmqCwu0DXzHQYMO0EniVx2EPHlQsEqSfChXqPQGPzvpLSXRsAzFC06myQT0MKeYgDFPNzxa3AuwsnjcgFoUk0sJ8tAm6BfxL1YXyV97rBEJzMR9vXT15Rrey0JQD5vWZ/c7gmK0T3vTXzEohsuibly3AvNUqykRQEoVI6Sl6gR+7VEmcLkZ+Pn0WynImnrfdtkg8smtM3gUdtY5FFiH9l1Y88BfdASFYJ\"\r\n
        \             }\r\n            ]\r\n          },\r\n          \"provisionVMAgent\":
        true,\r\n          \"enableVMAgentPlatformUpdates\": false\r\n        },\r\n
        \       \"secrets\": [],\r\n        \"allowExtensionOperations\": true,\r\n
        \       \"requireGuestProvisionSignal\": true\r\n      },\r\n      \"storageProfile\":
        {\r\n        \"osDisk\": {\r\n          \"osType\": \"Linux\",\r\n          \"createOption\":
        \"FromImage\",\r\n          \"caching\": \"ReadWrite\",\r\n          \"managedDisk\":
        {\r\n            \"storageAccountType\": \"Premium_LRS\"\r\n          },\r\n
        \         \"diskSizeGB\": 30\r\n        },\r\n        \"imageReference\":
        {\r\n          \"publisher\": \"Canonical\",\r\n          \"offer\": \"UbuntuServer\",\r\n
        \         \"sku\": \"18.04-LTS\",\r\n          \"version\": \"latest\"\r\n
        \       }\r\n      },\r\n      \"networkProfile\": {\"networkInterfaceConfigurations\":[{\"name\":\"vmss1a0f7Nic\",\"properties\":{\"primary\":true,\"disableTcpStateTracking\":false,\"dnsSettings\":{\"dnsServers\":[]},\"enableIPForwarding\":false,\"ipConfigurations\":[{\"name\":\"vmss1a0f7IPConfig\",\"properties\":{\"subnet\":{\"id\":\"/subscriptions/00000000-0000-0000-0000-000000000000/resourceGroups/cli_test_vmss_explicit_msi000001/providers/Microsoft.Network/virtualNetworks/vmss1VNET/subnets/vmss1Subnet\"},\"privateIPAddressVersion\":\"IPv4\",\"loadBalancerBackendAddressPools\":[{\"id\":\"/subscriptions/00000000-0000-0000-0000-000000000000/resourceGroups/cli_test_vmss_explicit_msi000001/providers/Microsoft.Network/loadBalancers/vmss1LB/backendAddressPools/vmss1LBBEPool\"}],\"loadBalancerInboundNatPools\":[{\"id\":\"/subscriptions/00000000-0000-0000-0000-000000000000/resourceGroups/cli_test_vmss_explicit_msi000001/providers/Microsoft.Network/loadBalancers/vmss1LB/inboundNatPools/vmss1LBNatPool\"}]}}]}}]}\r\n
        \   },\r\n    \"provisioningState\": \"Updating\",\r\n    \"overprovision\":
        true,\r\n    \"doNotRunExtensionsOnOverprovisionedVMs\": false,\r\n    \"uniqueId\":
        \"a12cf418-3451-45f5-9a1f-3a92dac293a1\",\r\n    \"timeCreated\": \"2023-01-28T19:17:04.3920126+00:00\"\r\n
        \ }\r\n}"
    headers:
      azure-asyncnotification:
      - Enabled
      azure-asyncoperation:
      - https://management.azure.com/subscriptions/00000000-0000-0000-0000-000000000000/providers/Microsoft.Compute/locations/westcentralus/operations/3e7b7f2b-1429-4006-a960-f57b0c8f36cf?p=e645074e-3846-4dd2-bd54-b78b9b003460&api-version=2022-08-01
      cache-control:
      - no-cache
      content-length:
      - '3653'
      content-type:
      - application/json; charset=utf-8
      date:
      - Sat, 28 Jan 2023 19:19:40 GMT
      expires:
      - '-1'
      pragma:
      - no-cache
      server:
      - Microsoft-HTTPAPI/2.0
      - Microsoft-HTTPAPI/2.0
      strict-transport-security:
      - max-age=31536000; includeSubDomains
      transfer-encoding:
      - chunked
      vary:
      - Accept-Encoding
      x-content-type-options:
      - nosniff
      x-ms-ratelimit-remaining-resource:
      - Microsoft.Compute/VMScaleSetActions3Min;232,Microsoft.Compute/VMScaleSetActions30Min;1192,Microsoft.Compute/VmssQueuedVMOperations;0
      x-ms-ratelimit-remaining-subscription-writes:
      - '1199'
      x-ms-request-charge:
      - '0'
    status:
      code: 200
      message: OK
- request:
    body: null
    headers:
      Accept:
      - '*/*'
      Accept-Encoding:
      - gzip, deflate
      CommandName:
      - vmss identity remove
      Connection:
      - keep-alive
      ParameterSetName:
      - -g -n --identities
      User-Agent:
      - AZURECLI/2.44.1 azsdk-python-azure-mgmt-compute/29.0.0 Python/3.10.9 (Linux-5.15.0-1031-azure-x86_64-with-glibc2.31)
        VSTS_7b238909-6802-4b65-b90d-184bca47f458_build_220_0
    method: GET
    uri: https://management.azure.com/subscriptions/00000000-0000-0000-0000-000000000000/providers/Microsoft.Compute/locations/westcentralus/operations/3e7b7f2b-1429-4006-a960-f57b0c8f36cf?p=e645074e-3846-4dd2-bd54-b78b9b003460&api-version=2022-08-01
  response:
    body:
      string: "{\r\n  \"startTime\": \"2023-01-28T19:19:39.7037076+00:00\",\r\n  \"endTime\":
        \"2023-01-28T19:19:43.2974733+00:00\",\r\n  \"status\": \"Succeeded\",\r\n
        \ \"name\": \"3e7b7f2b-1429-4006-a960-f57b0c8f36cf\"\r\n}"
    headers:
      cache-control:
      - no-cache
      content-length:
      - '184'
      content-type:
      - application/json; charset=utf-8
      date:
      - Sat, 28 Jan 2023 19:19:50 GMT
      expires:
      - '-1'
      pragma:
      - no-cache
      server:
      - Microsoft-HTTPAPI/2.0
      - Microsoft-HTTPAPI/2.0
      strict-transport-security:
      - max-age=31536000; includeSubDomains
      transfer-encoding:
      - chunked
      vary:
      - Accept-Encoding
      x-content-type-options:
      - nosniff
      x-ms-ratelimit-remaining-resource:
      - Microsoft.Compute/GetOperation3Min;14983,Microsoft.Compute/GetOperation30Min;29983
    status:
      code: 200
      message: OK
- request:
    body: null
    headers:
      Accept:
      - '*/*'
      Accept-Encoding:
      - gzip, deflate
      CommandName:
      - vmss identity remove
      Connection:
      - keep-alive
      ParameterSetName:
      - -g -n --identities
      User-Agent:
      - AZURECLI/2.44.1 azsdk-python-azure-mgmt-compute/29.0.0 Python/3.10.9 (Linux-5.15.0-1031-azure-x86_64-with-glibc2.31)
        VSTS_7b238909-6802-4b65-b90d-184bca47f458_build_220_0
    method: GET
    uri: https://management.azure.com/subscriptions/00000000-0000-0000-0000-000000000000/resourceGroups/cli_test_vmss_explicit_msi000001/providers/Microsoft.Compute/virtualMachineScaleSets/vmss1?api-version=2022-08-01
  response:
    body:
      string: "{\r\n  \"name\": \"vmss1\",\r\n  \"id\": \"/subscriptions/00000000-0000-0000-0000-000000000000/resourceGroups/cli_test_vmss_explicit_msi000001/providers/Microsoft.Compute/virtualMachineScaleSets/vmss1\",\r\n
        \ \"type\": \"Microsoft.Compute/virtualMachineScaleSets\",\r\n  \"location\":
        \"westcentralus\",\r\n  \"tags\": {},\r\n  \"identity\": {\r\n    \"type\":
        \"SystemAssigned\",\r\n    \"principalId\": \"e2b5a9b1-c4ce-4c50-b08c-258b5e39f7d3\",\r\n
        \   \"tenantId\": \"54826b22-38d6-4fb2-bad9-b7b93a3e9c5a\"\r\n  },\r\n  \"sku\":
        {\r\n    \"name\": \"Standard_DS1_v2\",\r\n    \"tier\": \"Standard\",\r\n
        \   \"capacity\": 1\r\n  },\r\n  \"properties\": {\r\n    \"singlePlacementGroup\":
        true,\r\n    \"orchestrationMode\": \"Uniform\",\r\n    \"upgradePolicy\":
        {\r\n      \"mode\": \"Manual\",\r\n      \"rollingUpgradePolicy\": {\r\n
        \       \"maxBatchInstancePercent\": 20,\r\n        \"maxUnhealthyInstancePercent\":
        20,\r\n        \"maxUnhealthyUpgradedInstancePercent\": 20,\r\n        \"pauseTimeBetweenBatches\":
        \"PT0S\",\r\n        \"maxSurge\": false\r\n      }\r\n    },\r\n    \"virtualMachineProfile\":
        {\r\n      \"osProfile\": {\r\n        \"computerNamePrefix\": \"vmss1a0f7\",\r\n
        \       \"adminUsername\": \"ubuntuadmin\",\r\n        \"linuxConfiguration\":
        {\r\n          \"disablePasswordAuthentication\": true,\r\n          \"ssh\":
        {\r\n            \"publicKeys\": [\r\n              {\r\n                \"path\":
        \"/home/ubuntuadmin/.ssh/authorized_keys\",\r\n                \"keyData\":
        \"ssh-rsa AAAAB3NzaC1yc2EAAAADAQABAAABAQDPkEL+zs97zqGr/+XGpq6LXCJWH5jePFTi5nW/ojQD5vdzI63sGc6kkwj2yUlS5o9sk7md+rZtK4AOptyhzhYQPVaRoG0icd+G65bnGbJXD6n9axbY+FCcmqCwu0DXzHQYMO0EniVx2EPHlQsEqSfChXqPQGPzvpLSXRsAzFC06myQT0MKeYgDFPNzxa3AuwsnjcgFoUk0sJ8tAm6BfxL1YXyV97rBEJzMR9vXT15Rrey0JQD5vWZ/c7gmK0T3vTXzEohsuibly3AvNUqykRQEoVI6Sl6gR+7VEmcLkZ+Pn0WynImnrfdtkg8smtM3gUdtY5FFiH9l1Y88BfdASFYJ\"\r\n
        \             }\r\n            ]\r\n          },\r\n          \"provisionVMAgent\":
        true,\r\n          \"enableVMAgentPlatformUpdates\": false\r\n        },\r\n
        \       \"secrets\": [],\r\n        \"allowExtensionOperations\": true,\r\n
        \       \"requireGuestProvisionSignal\": true\r\n      },\r\n      \"storageProfile\":
        {\r\n        \"osDisk\": {\r\n          \"osType\": \"Linux\",\r\n          \"createOption\":
        \"FromImage\",\r\n          \"caching\": \"ReadWrite\",\r\n          \"managedDisk\":
        {\r\n            \"storageAccountType\": \"Premium_LRS\"\r\n          },\r\n
        \         \"diskSizeGB\": 30\r\n        },\r\n        \"imageReference\":
        {\r\n          \"publisher\": \"Canonical\",\r\n          \"offer\": \"UbuntuServer\",\r\n
        \         \"sku\": \"18.04-LTS\",\r\n          \"version\": \"latest\"\r\n
        \       }\r\n      },\r\n      \"networkProfile\": {\"networkInterfaceConfigurations\":[{\"name\":\"vmss1a0f7Nic\",\"properties\":{\"primary\":true,\"disableTcpStateTracking\":false,\"dnsSettings\":{\"dnsServers\":[]},\"enableIPForwarding\":false,\"ipConfigurations\":[{\"name\":\"vmss1a0f7IPConfig\",\"properties\":{\"subnet\":{\"id\":\"/subscriptions/00000000-0000-0000-0000-000000000000/resourceGroups/cli_test_vmss_explicit_msi000001/providers/Microsoft.Network/virtualNetworks/vmss1VNET/subnets/vmss1Subnet\"},\"privateIPAddressVersion\":\"IPv4\",\"loadBalancerBackendAddressPools\":[{\"id\":\"/subscriptions/00000000-0000-0000-0000-000000000000/resourceGroups/cli_test_vmss_explicit_msi000001/providers/Microsoft.Network/loadBalancers/vmss1LB/backendAddressPools/vmss1LBBEPool\"}],\"loadBalancerInboundNatPools\":[{\"id\":\"/subscriptions/00000000-0000-0000-0000-000000000000/resourceGroups/cli_test_vmss_explicit_msi000001/providers/Microsoft.Network/loadBalancers/vmss1LB/inboundNatPools/vmss1LBNatPool\"}]}}]}}]}\r\n
        \   },\r\n    \"provisioningState\": \"Succeeded\",\r\n    \"overprovision\":
        true,\r\n    \"doNotRunExtensionsOnOverprovisionedVMs\": false,\r\n    \"uniqueId\":
        \"a12cf418-3451-45f5-9a1f-3a92dac293a1\",\r\n    \"timeCreated\": \"2023-01-28T19:17:04.3920126+00:00\"\r\n
        \ }\r\n}"
    headers:
      cache-control:
      - no-cache
      content-length:
      - '3654'
      content-type:
      - application/json; charset=utf-8
      date:
      - Sat, 28 Jan 2023 19:19:50 GMT
      expires:
      - '-1'
      pragma:
      - no-cache
      server:
      - Microsoft-HTTPAPI/2.0
      - Microsoft-HTTPAPI/2.0
      strict-transport-security:
      - max-age=31536000; includeSubDomains
      transfer-encoding:
      - chunked
      vary:
      - Accept-Encoding
      x-content-type-options:
      - nosniff
      x-ms-ratelimit-remaining-resource:
      - Microsoft.Compute/GetVMScaleSet3Min;353,Microsoft.Compute/GetVMScaleSet30Min;2552
    status:
      code: 200
      message: OK
- request:
    body: null
    headers:
      Accept:
      - application/json
      Accept-Encoding:
      - gzip, deflate
      CommandName:
      - vmss identity show
      Connection:
      - keep-alive
      ParameterSetName:
      - -g -n
      User-Agent:
      - AZURECLI/2.44.1 azsdk-python-azure-mgmt-compute/29.0.0 Python/3.10.9 (Linux-5.15.0-1031-azure-x86_64-with-glibc2.31)
        VSTS_7b238909-6802-4b65-b90d-184bca47f458_build_220_0
    method: GET
    uri: https://management.azure.com/subscriptions/00000000-0000-0000-0000-000000000000/resourceGroups/cli_test_vmss_explicit_msi000001/providers/Microsoft.Compute/virtualMachineScaleSets/vmss1?api-version=2022-08-01
  response:
    body:
      string: "{\r\n  \"name\": \"vmss1\",\r\n  \"id\": \"/subscriptions/00000000-0000-0000-0000-000000000000/resourceGroups/cli_test_vmss_explicit_msi000001/providers/Microsoft.Compute/virtualMachineScaleSets/vmss1\",\r\n
        \ \"type\": \"Microsoft.Compute/virtualMachineScaleSets\",\r\n  \"location\":
        \"westcentralus\",\r\n  \"tags\": {},\r\n  \"identity\": {\r\n    \"type\":
        \"SystemAssigned\",\r\n    \"principalId\": \"e2b5a9b1-c4ce-4c50-b08c-258b5e39f7d3\",\r\n
        \   \"tenantId\": \"54826b22-38d6-4fb2-bad9-b7b93a3e9c5a\"\r\n  },\r\n  \"sku\":
        {\r\n    \"name\": \"Standard_DS1_v2\",\r\n    \"tier\": \"Standard\",\r\n
        \   \"capacity\": 1\r\n  },\r\n  \"properties\": {\r\n    \"singlePlacementGroup\":
        true,\r\n    \"orchestrationMode\": \"Uniform\",\r\n    \"upgradePolicy\":
        {\r\n      \"mode\": \"Manual\",\r\n      \"rollingUpgradePolicy\": {\r\n
        \       \"maxBatchInstancePercent\": 20,\r\n        \"maxUnhealthyInstancePercent\":
        20,\r\n        \"maxUnhealthyUpgradedInstancePercent\": 20,\r\n        \"pauseTimeBetweenBatches\":
        \"PT0S\",\r\n        \"maxSurge\": false\r\n      }\r\n    },\r\n    \"virtualMachineProfile\":
        {\r\n      \"osProfile\": {\r\n        \"computerNamePrefix\": \"vmss1a0f7\",\r\n
        \       \"adminUsername\": \"ubuntuadmin\",\r\n        \"linuxConfiguration\":
        {\r\n          \"disablePasswordAuthentication\": true,\r\n          \"ssh\":
        {\r\n            \"publicKeys\": [\r\n              {\r\n                \"path\":
        \"/home/ubuntuadmin/.ssh/authorized_keys\",\r\n                \"keyData\":
        \"ssh-rsa AAAAB3NzaC1yc2EAAAADAQABAAABAQDPkEL+zs97zqGr/+XGpq6LXCJWH5jePFTi5nW/ojQD5vdzI63sGc6kkwj2yUlS5o9sk7md+rZtK4AOptyhzhYQPVaRoG0icd+G65bnGbJXD6n9axbY+FCcmqCwu0DXzHQYMO0EniVx2EPHlQsEqSfChXqPQGPzvpLSXRsAzFC06myQT0MKeYgDFPNzxa3AuwsnjcgFoUk0sJ8tAm6BfxL1YXyV97rBEJzMR9vXT15Rrey0JQD5vWZ/c7gmK0T3vTXzEohsuibly3AvNUqykRQEoVI6Sl6gR+7VEmcLkZ+Pn0WynImnrfdtkg8smtM3gUdtY5FFiH9l1Y88BfdASFYJ\"\r\n
        \             }\r\n            ]\r\n          },\r\n          \"provisionVMAgent\":
        true,\r\n          \"enableVMAgentPlatformUpdates\": false\r\n        },\r\n
        \       \"secrets\": [],\r\n        \"allowExtensionOperations\": true,\r\n
        \       \"requireGuestProvisionSignal\": true\r\n      },\r\n      \"storageProfile\":
        {\r\n        \"osDisk\": {\r\n          \"osType\": \"Linux\",\r\n          \"createOption\":
        \"FromImage\",\r\n          \"caching\": \"ReadWrite\",\r\n          \"managedDisk\":
        {\r\n            \"storageAccountType\": \"Premium_LRS\"\r\n          },\r\n
        \         \"diskSizeGB\": 30\r\n        },\r\n        \"imageReference\":
        {\r\n          \"publisher\": \"Canonical\",\r\n          \"offer\": \"UbuntuServer\",\r\n
        \         \"sku\": \"18.04-LTS\",\r\n          \"version\": \"latest\"\r\n
        \       }\r\n      },\r\n      \"networkProfile\": {\"networkInterfaceConfigurations\":[{\"name\":\"vmss1a0f7Nic\",\"properties\":{\"primary\":true,\"disableTcpStateTracking\":false,\"dnsSettings\":{\"dnsServers\":[]},\"enableIPForwarding\":false,\"ipConfigurations\":[{\"name\":\"vmss1a0f7IPConfig\",\"properties\":{\"subnet\":{\"id\":\"/subscriptions/00000000-0000-0000-0000-000000000000/resourceGroups/cli_test_vmss_explicit_msi000001/providers/Microsoft.Network/virtualNetworks/vmss1VNET/subnets/vmss1Subnet\"},\"privateIPAddressVersion\":\"IPv4\",\"loadBalancerBackendAddressPools\":[{\"id\":\"/subscriptions/00000000-0000-0000-0000-000000000000/resourceGroups/cli_test_vmss_explicit_msi000001/providers/Microsoft.Network/loadBalancers/vmss1LB/backendAddressPools/vmss1LBBEPool\"}],\"loadBalancerInboundNatPools\":[{\"id\":\"/subscriptions/00000000-0000-0000-0000-000000000000/resourceGroups/cli_test_vmss_explicit_msi000001/providers/Microsoft.Network/loadBalancers/vmss1LB/inboundNatPools/vmss1LBNatPool\"}]}}]}}]}\r\n
        \   },\r\n    \"provisioningState\": \"Succeeded\",\r\n    \"overprovision\":
        true,\r\n    \"doNotRunExtensionsOnOverprovisionedVMs\": false,\r\n    \"uniqueId\":
        \"a12cf418-3451-45f5-9a1f-3a92dac293a1\",\r\n    \"timeCreated\": \"2023-01-28T19:17:04.3920126+00:00\"\r\n
        \ }\r\n}"
    headers:
      cache-control:
      - no-cache
      content-length:
      - '3654'
      content-type:
      - application/json; charset=utf-8
      date:
      - Sat, 28 Jan 2023 19:19:51 GMT
      expires:
      - '-1'
      pragma:
      - no-cache
      server:
      - Microsoft-HTTPAPI/2.0
      - Microsoft-HTTPAPI/2.0
      strict-transport-security:
      - max-age=31536000; includeSubDomains
      x-content-type-options:
      - nosniff
      x-ms-ratelimit-remaining-resource:
      - Microsoft.Compute/GetVMScaleSet3Min;352,Microsoft.Compute/GetVMScaleSet30Min;2551
    status:
      code: 200
      message: OK
version: 1
