interactions:
- request:
    body: '{"location": "westus", "tags": {"product": "azurecli", "cause": "automation",
      "date": "2019-05-08T20:37:08Z"}}'
    headers:
      Accept:
      - application/json
      Accept-Encoding:
      - gzip, deflate
      CommandName:
      - group create
      Connection:
      - keep-alive
      Content-Length:
      - '110'
      Content-Type:
      - application/json; charset=utf-8
      ParameterSetName:
      - --location --name --tag
      User-Agent:
      - python/3.6.8 (Windows-10-10.0.17763-SP0) msrest/0.6.4 msrest_azure/0.6.0 resourcemanagementclient/2.1.0
        Azure-SDK-For-Python AZURECLI/2.0.64
      accept-language:
      - en-US
    method: PUT
    uri: https://management.azure.com/subscriptions/00000000-0000-0000-0000-000000000000/resourcegroups/cli_test_os_disk_size000001?api-version=2018-05-01
  response:
    body:
      string: '{"id":"/subscriptions/00000000-0000-0000-0000-000000000000/resourceGroups/cli_test_os_disk_size000001","name":"cli_test_os_disk_size000001","location":"westus","tags":{"product":"azurecli","cause":"automation","date":"2019-05-08T20:37:08Z"},"properties":{"provisioningState":"Succeeded"}}'
    headers:
      cache-control:
      - no-cache
      content-length:
      - '384'
      content-type:
      - application/json; charset=utf-8
      date:
      - Wed, 08 May 2019 20:37:11 GMT
      expires:
      - '-1'
      pragma:
      - no-cache
      strict-transport-security:
      - max-age=31536000; includeSubDomains
      x-content-type-options:
      - nosniff
      x-ms-ratelimit-remaining-subscription-writes:
      - '1199'
    status:
      code: 201
      message: Created
- request:
    body: null
    headers:
      Accept:
      - application/json
      Accept-Encoding:
      - gzip, deflate
      CommandName:
      - vm create
      Connection:
      - keep-alive
      ParameterSetName:
      - -g -n --image --admin-username --admin-password --authentication-type --os-disk-size-gb
        --use-unmanaged-disk --storage-account
      User-Agent:
      - python/3.6.8 (Windows-10-10.0.17763-SP0) msrest/0.6.4 msrest_azure/0.6.0 resourcemanagementclient/2.1.0
        Azure-SDK-For-Python AZURECLI/2.0.64
      accept-language:
      - en-US
    method: GET
    uri: https://management.azure.com/subscriptions/00000000-0000-0000-0000-000000000000/resourcegroups/cli_test_os_disk_size000001?api-version=2018-05-01
  response:
    body:
      string: '{"id":"/subscriptions/00000000-0000-0000-0000-000000000000/resourceGroups/cli_test_os_disk_size000001","name":"cli_test_os_disk_size000001","location":"westus","tags":{"product":"azurecli","cause":"automation","date":"2019-05-08T20:37:08Z"},"properties":{"provisioningState":"Succeeded"}}'
    headers:
      cache-control:
      - no-cache
      content-length:
      - '384'
      content-type:
      - application/json; charset=utf-8
      date:
      - Wed, 08 May 2019 20:37:18 GMT
      expires:
      - '-1'
      pragma:
      - no-cache
      strict-transport-security:
      - max-age=31536000; includeSubDomains
      vary:
      - Accept-Encoding
      x-content-type-options:
      - nosniff
    status:
      code: 200
      message: OK
- request:
    body: null
    headers:
      Accept:
      - '*/*'
      Accept-Encoding:
      - gzip, deflate
      Connection:
      - keep-alive
      User-Agent:
      - python-requests/2.21.0
    method: GET
    uri: https://raw.githubusercontent.com/Azure/azure-rest-api-specs/master/arm-compute/quickstart-templates/aliases.json
  response:
    body:
      string: "{\n  \"$schema\":\"http://schema.management.azure.com/schemas/2015-01-01/deploymentTemplate.json\",\n
        \ \"contentVersion\":\"1.0.0.0\",\n  \"parameters\":{},\n  \"variables\":{},\n
        \ \"resources\":[],\n\n  \"outputs\":{\n    \"aliases\":{\n      \"type\":\"object\",\n
        \     \"value\":{\n\n        \"Linux\":{\n          \"CentOS\":{\n            \"publisher\":\"OpenLogic\",\n
        \           \"offer\":\"CentOS\",\n            \"sku\":\"7.5\",\n            \"version\":\"latest\"\n
        \         },\n          \"CoreOS\":{\n            \"publisher\":\"CoreOS\",\n
        \           \"offer\":\"CoreOS\",\n            \"sku\":\"Stable\",\n            \"version\":\"latest\"\n
        \         },\n          \"Debian\":{\n            \"publisher\":\"credativ\",\n
        \           \"offer\":\"Debian\",\n            \"sku\":\"9\",\n            \"version\":\"latest\"\n
        \         },\n          \"openSUSE-Leap\": {\n            \"publisher\":\"SUSE\",\n
        \           \"offer\":\"openSUSE-Leap\",\n            \"sku\":\"42.3\",\n
        \           \"version\": \"latest\"\n          },\n          \"RHEL\":{\n
        \           \"publisher\":\"RedHat\",\n            \"offer\":\"RHEL\",\n            \"sku\":\"7-RAW\",\n
        \           \"version\":\"latest\"\n          },\n          \"SLES\":{\n            \"publisher\":\"SUSE\",\n
        \           \"offer\":\"SLES\",\n            \"sku\":\"15\",\n            \"version\":\"latest\"\n
        \         },\n          \"UbuntuLTS\":{\n            \"publisher\":\"Canonical\",\n
        \           \"offer\":\"UbuntuServer\",\n            \"sku\":\"18.04-LTS\",\n
        \           \"version\":\"latest\"\n          }\n        },\n\n        \"Windows\":{\n
        \         \"Win2019Datacenter\":{\n            \"publisher\":\"MicrosoftWindowsServer\",\n
        \           \"offer\":\"WindowsServer\",\n            \"sku\":\"2019-Datacenter\",\n
        \           \"version\":\"latest\"\n          },\n          \"Win2016Datacenter\":{\n
        \           \"publisher\":\"MicrosoftWindowsServer\",\n            \"offer\":\"WindowsServer\",\n
        \           \"sku\":\"2016-Datacenter\",\n            \"version\":\"latest\"\n
        \         },\n          \"Win2012R2Datacenter\":{\n            \"publisher\":\"MicrosoftWindowsServer\",\n
        \           \"offer\":\"WindowsServer\",\n            \"sku\":\"2012-R2-Datacenter\",\n
        \           \"version\":\"latest\"\n          },\n          \"Win2012Datacenter\":{\n
        \           \"publisher\":\"MicrosoftWindowsServer\",\n            \"offer\":\"WindowsServer\",\n
        \           \"sku\":\"2012-Datacenter\",\n            \"version\":\"latest\"\n
        \         },\n          \"Win2008R2SP1\":{\n            \"publisher\":\"MicrosoftWindowsServer\",\n
        \           \"offer\":\"WindowsServer\",\n            \"sku\":\"2008-R2-SP1\",\n
        \           \"version\":\"latest\"\n          }\n        }\n      }\n    }\n
        \ }\n}\n"
    headers:
      accept-ranges:
      - bytes
      access-control-allow-origin:
      - '*'
      cache-control:
      - max-age=300
      connection:
      - keep-alive
      content-length:
      - '2433'
      content-security-policy:
      - default-src 'none'; style-src 'unsafe-inline'; sandbox
      content-type:
      - text/plain; charset=utf-8
      date:
      - Wed, 08 May 2019 20:37:16 GMT
      etag:
      - '"f5944d69cdbfb4a2bb2ddda8c5f050bde5bbcb32"'
      expires:
      - Wed, 08 May 2019 20:42:16 GMT
      source-age:
      - '150'
      strict-transport-security:
      - max-age=31536000
      vary:
      - Authorization,Accept-Encoding
      via:
      - 1.1 varnish
      x-cache:
      - HIT
      x-cache-hits:
      - '1'
      x-content-type-options:
      - nosniff
      x-fastly-request-id:
      - 99ac5cac1ceb6e24157627ca32e6ade8e00498d0
      x-frame-options:
      - deny
      x-geo-block-list:
      - ''
      x-github-request-id:
      - E362:967B:3143D:38139:5CD33D66
      x-served-by:
      - cache-sjc3631-SJC
      x-timer:
      - S1557347837.730055,VS0,VE0
      x-xss-protection:
      - 1; mode=block
    status:
      code: 200
      message: OK
- request:
    body: null
    headers:
      Accept:
      - application/json
      Accept-Encoding:
      - gzip, deflate
      CommandName:
      - vm create
      Connection:
      - keep-alive
      ParameterSetName:
      - -g -n --image --admin-username --admin-password --authentication-type --os-disk-size-gb
        --use-unmanaged-disk --storage-account
      User-Agent:
      - python/3.6.8 (Windows-10-10.0.17763-SP0) msrest/0.6.4 msrest_azure/0.6.0 resourcemanagementclient/2.1.0
        Azure-SDK-For-Python AZURECLI/2.0.64
      accept-language:
      - en-US
    method: GET
    uri: https://management.azure.com/subscriptions/00000000-0000-0000-0000-000000000000/providers/Microsoft.Storage?api-version=2018-05-01
  response:
    body:
      string: '{"id":"/subscriptions/00000000-0000-0000-0000-000000000000/providers/Microsoft.Storage","namespace":"Microsoft.Storage","authorizations":[{"applicationId":"a6aa9161-5291-40bb-8c5c-923b567bee3b","roleDefinitionId":"070ab87f-0efc-4423-b18b-756f3bdb0236"},{"applicationId":"e406a681-f3d4-42a8-90b6-c2b029497af1"}],"resourceTypes":[{"resourceType":"storageAccounts","locations":["East
        US","East US 2","West US","West Europe","East Asia","Southeast Asia","Japan
        East","Japan West","North Central US","South Central US","Central US","North
        Europe","Brazil South","Australia East","Australia Southeast","South India","Central
        India","West India","Canada East","Canada Central","West US 2","West Central
        US","UK South","UK West","Korea Central","Korea South","France Central","South
        Africa North","East US 2 (Stage)","East US 2 EUAP","Central US EUAP"],"apiVersions":["2019-04-01","2018-11-01","2018-07-01","2018-03-01-preview","2018-02-01","2017-10-01","2017-06-01","2016-12-01","2016-05-01","2016-01-01","2015-06-15","2015-05-01-preview"],"defaultApiVersion":"2018-07-01","apiProfiles":[{"profileVersion":"2017-03-09-profile","apiVersion":"2016-01-01"},{"profileVersion":"2018-03-01-hybrid","apiVersion":"2016-01-01"},{"profileVersion":"2018-06-01-profile","apiVersion":"2017-10-01"}],"capabilities":"CrossResourceGroupResourceMove,
        CrossSubscriptionResourceMove, SystemAssignedResourceIdentity"},{"resourceType":"operations","locations":[],"apiVersions":["2019-04-01","2018-11-01","2018-07-01","2018-03-01-preview","2018-02-01","2017-10-01","2017-06-01","2016-12-01","2016-05-01","2016-01-01","2015-06-15","2015-05-01-preview"],"defaultApiVersion":"2018-07-01","apiProfiles":[{"profileVersion":"2017-03-09-profile","apiVersion":"2016-01-01"},{"profileVersion":"2018-03-01-hybrid","apiVersion":"2016-01-01"},{"profileVersion":"2018-06-01-profile","apiVersion":"2017-10-01"}]},{"resourceType":"locations/asyncoperations","locations":["East
        US","East US 2","West US","West Europe","East Asia","Southeast Asia","Japan
        East","Japan West","North Central US","South Central US","Central US","North
        Europe","Brazil South","Australia East","Australia Southeast","South India","Central
        India","West India","Canada East","Canada Central","West US 2","West Central
        US","UK South","UK West","Korea Central","Korea South","France Central","South
        Africa North","East US 2 (Stage)","East US 2 EUAP","Central US EUAP"],"apiVersions":["2019-04-01","2018-11-01","2018-07-01","2018-03-01-preview","2018-02-01","2017-10-01","2017-06-01","2016-12-01","2016-05-01","2016-01-01","2015-06-15","2015-05-01-preview"],"defaultApiVersion":"2018-07-01","apiProfiles":[{"profileVersion":"2017-03-09-profile","apiVersion":"2016-01-01"},{"profileVersion":"2018-03-01-hybrid","apiVersion":"2016-01-01"}]},{"resourceType":"storageAccounts/listAccountSas","locations":["East
        US","East US 2","West US","West Europe","East Asia","Southeast Asia","Japan
        East","Japan West","North Central US","South Central US","Central US","North
        Europe","Brazil South","Australia East","Australia Southeast","South India","Central
        India","West India","Canada East","Canada Central","West US 2","West Central
        US","UK South","UK West","Korea Central","Korea South","France Central","South
        Africa North","East US 2 (Stage)","East US 2 EUAP","Central US EUAP"],"apiVersions":["2019-04-01","2018-11-01","2018-07-01","2018-03-01-preview","2018-02-01","2017-10-01","2017-06-01","2016-12-01","2016-05-01"],"defaultApiVersion":"2018-07-01","apiProfiles":[{"profileVersion":"2018-06-01-profile","apiVersion":"2017-10-01"}]},{"resourceType":"storageAccounts/listServiceSas","locations":["East
        US","East US 2","West US","West Europe","East Asia","Southeast Asia","Japan
        East","Japan West","North Central US","South Central US","Central US","North
        Europe","Brazil South","Australia East","Australia Southeast","South India","Central
        India","West India","Canada East","Canada Central","West US 2","West Central
        US","UK South","UK West","Korea Central","Korea South","France Central","South
        Africa North","East US 2 (Stage)","East US 2 EUAP","Central US EUAP"],"apiVersions":["2019-04-01","2018-11-01","2018-07-01","2018-03-01-preview","2018-02-01","2017-10-01","2017-06-01","2016-12-01","2016-05-01"],"defaultApiVersion":"2018-07-01","apiProfiles":[{"profileVersion":"2018-06-01-profile","apiVersion":"2017-10-01"}]},{"resourceType":"storageAccounts/blobServices","locations":["East
        US","East US 2","West US","West Europe","East Asia","Southeast Asia","Japan
        East","Japan West","North Central US","South Central US","Central US","North
        Europe","Brazil South","Australia East","Australia Southeast","South India","Central
        India","West India","Canada East","Canada Central","West US 2","West Central
        US","UK South","UK West","Korea Central","Korea South","France Central","South
        Africa North","East US 2 (Stage)","East US 2 EUAP","Central US EUAP"],"apiVersions":["2019-04-01","2018-11-01","2018-07-01","2018-03-01-preview","2018-02-01","2017-10-01","2017-06-01","2016-12-01","2016-05-01"],"defaultApiVersion":"2018-07-01"},{"resourceType":"storageAccounts/tableServices","locations":["East
        US","East US 2","West US","West Europe","East Asia","Southeast Asia","Japan
        East","Japan West","North Central US","South Central US","Central US","North
        Europe","Brazil South","Australia East","Australia Southeast","South India","Central
        India","West India","Canada East","Canada Central","West US 2","West Central
        US","UK South","UK West","Korea Central","Korea South","France Central","South
        Africa North","East US 2 (Stage)","East US 2 EUAP","Central US EUAP"],"apiVersions":["2019-04-01","2018-11-01","2018-07-01","2018-03-01-preview","2018-02-01","2017-10-01","2017-06-01","2016-12-01","2016-05-01"],"defaultApiVersion":"2018-07-01"},{"resourceType":"storageAccounts/queueServices","locations":["East
        US","East US 2","West US","West Europe","East Asia","Southeast Asia","Japan
        East","Japan West","North Central US","South Central US","Central US","North
        Europe","Brazil South","Australia East","Australia Southeast","South India","Central
        India","West India","Canada East","Canada Central","West US 2","West Central
        US","UK South","UK West","Korea Central","Korea South","France Central","South
        Africa North","East US 2 (Stage)","East US 2 EUAP","Central US EUAP"],"apiVersions":["2019-04-01","2018-11-01","2018-07-01","2018-03-01-preview","2018-02-01","2017-10-01","2017-06-01","2016-12-01","2016-05-01"],"defaultApiVersion":"2018-07-01"},{"resourceType":"storageAccounts/fileServices","locations":["East
        US","East US 2","West US","West Europe","East Asia","Southeast Asia","Japan
        East","Japan West","North Central US","South Central US","Central US","North
        Europe","Brazil South","Australia East","Australia Southeast","South India","Central
        India","West India","Canada East","Canada Central","West US 2","West Central
        US","UK South","UK West","Korea Central","Korea South","France Central","South
        Africa North","East US 2 (Stage)","East US 2 EUAP","Central US EUAP"],"apiVersions":["2019-04-01","2018-11-01","2018-07-01","2018-03-01-preview","2018-02-01","2017-10-01","2017-06-01","2016-12-01","2016-05-01"],"defaultApiVersion":"2018-07-01"},{"resourceType":"locations","locations":[],"apiVersions":["2019-04-01","2018-11-01","2018-07-01","2018-03-01-preview","2018-02-01","2017-10-01","2017-06-01","2016-12-01","2016-07-01","2016-01-01"],"defaultApiVersion":"2018-07-01","apiProfiles":[{"profileVersion":"2017-03-09-profile","apiVersion":"2016-01-01"},{"profileVersion":"2018-03-01-hybrid","apiVersion":"2016-01-01"}]},{"resourceType":"locations/usages","locations":["East
        US","East US 2","West US","West Europe","East Asia","Southeast Asia","Japan
        East","Japan West","North Central US","South Central US","Central US","North
        Europe","Brazil South","Australia East","Australia Southeast","South India","Central
        India","West India","Canada East","Canada Central","West US 2","West Central
        US","UK South","UK West","Korea Central","Korea South","France Central","South
        Africa North","East US 2 (Stage)","East US 2 EUAP","Central US EUAP"],"apiVersions":["2019-04-01","2018-11-01","2018-07-01","2018-03-01-preview","2018-02-01","2017-10-01","2017-06-01","2016-12-01"],"defaultApiVersion":"2018-07-01","apiProfiles":[{"profileVersion":"2017-03-09-profile","apiVersion":"2016-01-01"},{"profileVersion":"2018-03-01-hybrid","apiVersion":"2016-01-01"}]},{"resourceType":"locations/deleteVirtualNetworkOrSubnets","locations":["East
        US","East US 2","West US","West Europe","East Asia","Southeast Asia","Japan
        East","Japan West","North Central US","South Central US","Central US","North
        Europe","Brazil South","Australia East","Australia Southeast","South India","Central
        India","West India","Canada East","Canada Central","West US 2","West Central
        US","UK South","UK West","Korea Central","Korea South","France Central","South
        Africa North","East US 2 (Stage)","East US 2 EUAP","Central US EUAP"],"apiVersions":["2019-04-01","2018-11-01","2018-07-01","2018-03-01-preview","2018-02-01","2017-10-01","2017-06-01","2016-12-01","2016-07-01"],"defaultApiVersion":"2018-07-01"},{"resourceType":"usages","locations":[],"apiVersions":["2019-04-01","2018-11-01","2018-07-01","2018-03-01-preview","2018-02-01","2017-10-01","2017-06-01","2016-12-01","2016-05-01","2016-01-01","2015-06-15","2015-05-01-preview"],"defaultApiVersion":"2018-07-01","apiProfiles":[{"profileVersion":"2017-03-09-profile","apiVersion":"2016-01-01"},{"profileVersion":"2018-03-01-hybrid","apiVersion":"2016-01-01"},{"profileVersion":"2018-06-01-profile","apiVersion":"2017-10-01"}]},{"resourceType":"checkNameAvailability","locations":[],"apiVersions":["2019-04-01","2018-11-01","2018-07-01","2018-03-01-preview","2018-02-01","2017-10-01","2017-06-01","2016-12-01","2016-05-01","2016-01-01","2015-06-15","2015-05-01-preview"],"defaultApiVersion":"2018-07-01","apiProfiles":[{"profileVersion":"2017-03-09-profile","apiVersion":"2016-01-01"},{"profileVersion":"2018-03-01-hybrid","apiVersion":"2016-01-01"},{"profileVersion":"2018-06-01-profile","apiVersion":"2017-10-01"}]},{"resourceType":"storageAccounts/services","locations":["East
        US","West US","East US 2 (Stage)","West Europe","North Europe","East Asia","Southeast
        Asia","Japan East","Japan West","North Central US","South Central US","East
        US 2","Central US","Australia East","Australia Southeast","Brazil South","South
        India","Central India","West India","Canada East","Canada Central","West US
        2","West Central US","UK South","UK West","Korea Central","Korea South","France
        Central","South Africa North","East US 2 EUAP","Central US EUAP"],"apiVersions":["2014-04-01"]},{"resourceType":"storageAccounts/services/metricDefinitions","locations":["East
        US","West US","East US 2 (Stage)","West Europe","North Europe","East Asia","Southeast
        Asia","Japan East","Japan West","North Central US","South Central US","East
        US 2","Central US","Australia East","Australia Southeast","Brazil South","South
        India","Central India","West India","Canada East","Canada Central","West US
        2","West Central US","UK South","UK West","Korea Central","Korea South","France
        Central","South Africa North","East US 2 EUAP","Central US EUAP"],"apiVersions":["2014-04-01"]}],"registrationState":"Registered"}'
    headers:
      cache-control:
      - no-cache
      content-length:
      - '11216'
      content-type:
      - application/json; charset=utf-8
      date:
      - Wed, 08 May 2019 20:37:16 GMT
      expires:
      - '-1'
      pragma:
      - no-cache
      strict-transport-security:
      - max-age=31536000; includeSubDomains
      vary:
      - Accept-Encoding
      x-content-type-options:
      - nosniff
    status:
      code: 200
      message: OK
- request:
    body: null
    headers:
      Accept:
      - application/json
      Accept-Encoding:
      - gzip, deflate
      CommandName:
      - vm create
      Connection:
      - keep-alive
      ParameterSetName:
      - -g -n --image --admin-username --admin-password --authentication-type --os-disk-size-gb
        --use-unmanaged-disk --storage-account
      User-Agent:
      - python/3.6.8 (Windows-10-10.0.17763-SP0) msrest/0.6.4 msrest_azure/0.6.0 resourcemanagementclient/2.1.0
        Azure-SDK-For-Python AZURECLI/2.0.64
      accept-language:
      - en-US
    method: GET
    uri: https://management.azure.com/subscriptions/00000000-0000-0000-0000-000000000000/resourcegroups/cli_test_os_disk_size000001/providers/Microsoft.Storage/storageAccounts/cli000002?api-version=2019-04-01
  response:
    body:
      string: '{"error":{"code":"ResourceNotFound","message":"The Resource ''Microsoft.Storage/storageAccounts/cli000002''
        under resource group ''cli_test_os_disk_size000001'' was not found."}}'
    headers:
      cache-control:
      - no-cache
      content-length:
      - '225'
      content-type:
      - application/json; charset=utf-8
      date:
      - Wed, 08 May 2019 20:37:16 GMT
      expires:
      - '-1'
      pragma:
      - no-cache
      strict-transport-security:
      - max-age=31536000; includeSubDomains
      x-content-type-options:
      - nosniff
      x-ms-failure-cause:
      - gateway
    status:
      code: 404
      message: Not Found
- request:
    body: null
    headers:
      Accept:
      - application/json
      Accept-Encoding:
      - gzip, deflate
      CommandName:
      - vm create
      Connection:
      - keep-alive
      ParameterSetName:
      - -g -n --image --admin-username --admin-password --authentication-type --os-disk-size-gb
        --use-unmanaged-disk --storage-account
      User-Agent:
      - python/3.6.8 (Windows-10-10.0.17763-SP0) msrest/0.6.4 msrest_azure/0.6.0 networkmanagementclient/2.6.0
        Azure-SDK-For-Python AZURECLI/2.0.64
      accept-language:
      - en-US
    method: GET
    uri: https://management.azure.com/subscriptions/00000000-0000-0000-0000-000000000000/resourceGroups/cli_test_os_disk_size000001/providers/Microsoft.Network/virtualNetworks?api-version=2018-01-01
  response:
    body:
      string: '{"value":[]}'
    headers:
      cache-control:
      - no-cache
      content-length:
      - '12'
      content-type:
      - application/json; charset=utf-8
      date:
      - Wed, 08 May 2019 20:37:18 GMT
      expires:
      - '-1'
      pragma:
      - no-cache
      strict-transport-security:
      - max-age=31536000; includeSubDomains
      vary:
      - Accept-Encoding
      x-content-type-options:
      - nosniff
    status:
      code: 200
      message: OK
- request:
    body: 'b''b\''{"properties": {"template": {"$schema": "https://schema.management.azure.com/schemas/2015-01-01/deploymentTemplate.json#",
      "contentVersion": "1.0.0.0", "parameters": {"adminPassword": {"type": "securestring",
      "metadata": {"description": "Secure adminPassword"}}}, "variables": {}, "resources":
      [{"type": "Microsoft.Storage/storageAccounts", "name": "cli000002", "apiVersion":
      "2015-06-15", "location": "westus", "tags": {}, "dependsOn": [], "properties":
      {"accountType": "Premium_LRS"}}, {"name": "vmVNET", "type": "Microsoft.Network/virtualNetworks",
      "location": "westus", "apiVersion": "2015-06-15", "dependsOn": [], "tags": {},
      "properties": {"addressSpace": {"addressPrefixes": ["10.0.0.0/16"]}, "subnets":
      [{"name": "vmSubnet", "properties": {"addressPrefix": "10.0.0.0/24"}}]}}, {"type":
      "Microsoft.Network/networkSecurityGroups", "name": "vmNSG", "apiVersion": "2015-06-15",
      "location": "westus", "tags": {}, "dependsOn": [], "properties": {"securityRules":
      [{"name": "default-allow-ssh", "properties": {"protocol": "Tcp", "sourcePortRange":
      "*", "destinationPortRange": "22", "sourceAddressPrefix": "*", "destinationAddressPrefix":
      "*", "access": "Allow", "priority": 1000, "direction": "Inbound"}}]}}, {"apiVersion":
      "2018-01-01", "type": "Microsoft.Network/publicIPAddresses", "name": "vmPublicIP",
      "location": "westus", "tags": {}, "dependsOn": [], "properties": {"publicIPAllocationMethod":
      null}}, {"apiVersion": "2015-06-15", "type": "Microsoft.Network/networkInterfaces",
      "name": "vmVMNic", "location": "westus", "tags": {}, "dependsOn": ["Microsoft.Network/virtualNetworks/vmVNET",
      "Microsoft.Network/networkSecurityGroups/vmNSG", "Microsoft.Network/publicIpAddresses/vmPublicIP"],
      "properties": {"ipConfigurations": [{"name": "ipconfigvm", "properties": {"privateIPAllocationMethod":
      "Dynamic", "subnet": {"id": "/subscriptions/00000000-0000-0000-0000-000000000000/resourceGroups/cli_test_os_disk_size000001/providers/Microsoft.Network/virtualNetworks/vmVNET/subnets/vmSubnet"},
      "publicIPAddress": {"id": "/subscriptions/00000000-0000-0000-0000-000000000000/resourceGroups/cli_test_os_disk_size000001/providers/Microsoft.Network/publicIPAddresses/vmPublicIP"}}}],
      "networkSecurityGroup": {"id": "/subscriptions/00000000-0000-0000-0000-000000000000/resourceGroups/cli_test_os_disk_size000001/providers/Microsoft.Network/networkSecurityGroups/vmNSG"}}},
      {"apiVersion": "2019-03-01", "type": "Microsoft.Compute/virtualMachines", "name":
      "vm", "location": "westus", "tags": {}, "dependsOn": ["Microsoft.Storage/storageAccounts/cli000002",
      "Microsoft.Network/networkInterfaces/vmVMNic"], "properties": {"hardwareProfile":
      {"vmSize": "Standard_DS1_v2"}, "networkProfile": {"networkInterfaces": [{"id":
      "/subscriptions/00000000-0000-0000-0000-000000000000/resourceGroups/cli_test_os_disk_size000001/providers/Microsoft.Network/networkInterfaces/vmVMNic"}]},
      "storageProfile": {"osDisk": {"createOption": "fromImage", "name": "osdisk_002900b22b",
      "caching": "ReadWrite", "vhd": {"uri": "https://cli000002.blob.core.windows.net/vhds/osdisk_002900b22b.vhd"},
      "diskSizeGb": 75}, "imageReference": {"publisher": "OpenLogic", "offer": "CentOS",
      "sku": "7.5", "version": "latest"}}, "osProfile": {"computerName": "vm", "adminUsername":
      "centosadmin", "adminPassword": "[parameters(\\\''adminPassword\\\'')]"}}}],
      "outputs": {}}, "parameters": {"adminPassword": {"value": "testPassword0"}},
      "mode": "Incremental"}}\'''''
    headers:
      Accept:
      - application/json
      Accept-Encoding:
      - gzip, deflate
      CommandName:
      - vm create
      Connection:
      - keep-alive
      Content-Length:
      - '3609'
      Content-Type:
      - application/json; charset=utf-8
      ParameterSetName:
      - -g -n --image --admin-username --admin-password --authentication-type --os-disk-size-gb
        --use-unmanaged-disk --storage-account
      User-Agent:
      - python/3.6.8 (Windows-10-10.0.17763-SP0) msrest/0.6.4 msrest_azure/0.6.0 resourcemanagementclient/2.1.0
        Azure-SDK-For-Python AZURECLI/2.0.64
      accept-language:
      - en-US
    method: PUT
    uri: https://management.azure.com/subscriptions/00000000-0000-0000-0000-000000000000/resourcegroups/cli_test_os_disk_size000001/providers/Microsoft.Resources/deployments/mock-deployment?api-version=2018-05-01
  response:
    body:
      string: '{"id":"/subscriptions/00000000-0000-0000-0000-000000000000/resourceGroups/cli_test_os_disk_size000001/providers/Microsoft.Resources/deployments/vm_deploy_KbwwQsmzrmstnmzNa7zyouhat2G7NUwW","name":"vm_deploy_KbwwQsmzrmstnmzNa7zyouhat2G7NUwW","properties":{"templateHash":"17031033788360357656","parameters":{"adminPassword":{"type":"SecureString"}},"mode":"Incremental","provisioningState":"Accepted","timestamp":"2019-05-08T20:37:24.7564197Z","duration":"PT2.4394622S","correlationId":"51874d47-98a7-41ea-8210-e334e68ab5d6","providers":[{"namespace":"Microsoft.Storage","resourceTypes":[{"resourceType":"storageAccounts","locations":["westus"]}]},{"namespace":"Microsoft.Network","resourceTypes":[{"resourceType":"virtualNetworks","locations":["westus"]},{"resourceType":"networkSecurityGroups","locations":["westus"]},{"resourceType":"publicIPAddresses","locations":["westus"]},{"resourceType":"networkInterfaces","locations":["westus"]}]},{"namespace":"Microsoft.Compute","resourceTypes":[{"resourceType":"virtualMachines","locations":["westus"]}]}],"dependencies":[{"dependsOn":[{"id":"/subscriptions/00000000-0000-0000-0000-000000000000/resourceGroups/cli_test_os_disk_size000001/providers/Microsoft.Network/virtualNetworks/vmVNET","resourceType":"Microsoft.Network/virtualNetworks","resourceName":"vmVNET"},{"id":"/subscriptions/00000000-0000-0000-0000-000000000000/resourceGroups/cli_test_os_disk_size000001/providers/Microsoft.Network/networkSecurityGroups/vmNSG","resourceType":"Microsoft.Network/networkSecurityGroups","resourceName":"vmNSG"},{"id":"/subscriptions/00000000-0000-0000-0000-000000000000/resourceGroups/cli_test_os_disk_size000001/providers/Microsoft.Network/publicIPAddresses/vmPublicIP","resourceType":"Microsoft.Network/publicIPAddresses","resourceName":"vmPublicIP"}],"id":"/subscriptions/00000000-0000-0000-0000-000000000000/resourceGroups/cli_test_os_disk_size000001/providers/Microsoft.Network/networkInterfaces/vmVMNic","resourceType":"Microsoft.Network/networkInterfaces","resourceName":"vmVMNic"},{"dependsOn":[{"id":"/subscriptions/00000000-0000-0000-0000-000000000000/resourceGroups/cli_test_os_disk_size000001/providers/Microsoft.Storage/storageAccounts/cli000002","resourceType":"Microsoft.Storage/storageAccounts","resourceName":"cli000002"},{"id":"/subscriptions/00000000-0000-0000-0000-000000000000/resourceGroups/cli_test_os_disk_size000001/providers/Microsoft.Network/networkInterfaces/vmVMNic","resourceType":"Microsoft.Network/networkInterfaces","resourceName":"vmVMNic"}],"id":"/subscriptions/00000000-0000-0000-0000-000000000000/resourceGroups/cli_test_os_disk_size000001/providers/Microsoft.Compute/virtualMachines/vm","resourceType":"Microsoft.Compute/virtualMachines","resourceName":"vm"}]}}'
    headers:
      azure-asyncoperation:
      - https://management.azure.com/subscriptions/00000000-0000-0000-0000-000000000000/resourcegroups/cli_test_os_disk_size000001/providers/Microsoft.Resources/deployments/vm_deploy_KbwwQsmzrmstnmzNa7zyouhat2G7NUwW/operationStatuses/08586442590431607104?api-version=2018-05-01
      cache-control:
      - no-cache
      content-length:
      - '3129'
      content-type:
      - application/json; charset=utf-8
      date:
      - Wed, 08 May 2019 20:37:24 GMT
      expires:
      - '-1'
      pragma:
      - no-cache
      strict-transport-security:
      - max-age=31536000; includeSubDomains
      x-content-type-options:
      - nosniff
      x-ms-ratelimit-remaining-subscription-writes:
      - '1197'
    status:
      code: 201
      message: Created
- request:
    body: null
    headers:
      Accept:
      - application/json
      Accept-Encoding:
      - gzip, deflate
      CommandName:
      - vm create
      Connection:
      - keep-alive
      ParameterSetName:
      - -g -n --image --admin-username --admin-password --authentication-type --os-disk-size-gb
        --use-unmanaged-disk --storage-account
      User-Agent:
      - python/3.6.8 (Windows-10-10.0.17763-SP0) msrest/0.6.4 msrest_azure/0.6.0 resourcemanagementclient/2.1.0
        Azure-SDK-For-Python AZURECLI/2.0.64
    method: GET
    uri: https://management.azure.com/subscriptions/00000000-0000-0000-0000-000000000000/resourcegroups/cli_test_os_disk_size000001/providers/Microsoft.Resources/deployments/mock-deployment/operationStatuses/08586442590431607104?api-version=2018-05-01
  response:
    body:
      string: '{"status":"Running"}'
    headers:
      cache-control:
      - no-cache
      content-length:
      - '20'
      content-type:
      - application/json; charset=utf-8
      date:
      - Wed, 08 May 2019 20:37:55 GMT
      expires:
      - '-1'
      pragma:
      - no-cache
      strict-transport-security:
      - max-age=31536000; includeSubDomains
      vary:
      - Accept-Encoding
      x-content-type-options:
      - nosniff
    status:
      code: 200
      message: OK
- request:
    body: null
    headers:
      Accept:
      - application/json
      Accept-Encoding:
      - gzip, deflate
      CommandName:
      - vm create
      Connection:
      - keep-alive
      ParameterSetName:
      - -g -n --image --admin-username --admin-password --authentication-type --os-disk-size-gb
        --use-unmanaged-disk --storage-account
      User-Agent:
      - python/3.6.8 (Windows-10-10.0.17763-SP0) msrest/0.6.4 msrest_azure/0.6.0 resourcemanagementclient/2.1.0
        Azure-SDK-For-Python AZURECLI/2.0.64
    method: GET
    uri: https://management.azure.com/subscriptions/00000000-0000-0000-0000-000000000000/resourcegroups/cli_test_os_disk_size000001/providers/Microsoft.Resources/deployments/mock-deployment/operationStatuses/08586442590431607104?api-version=2018-05-01
  response:
    body:
      string: '{"status":"Running"}'
    headers:
      cache-control:
      - no-cache
      content-length:
      - '20'
      content-type:
      - application/json; charset=utf-8
      date:
      - Wed, 08 May 2019 20:38:26 GMT
      expires:
      - '-1'
      pragma:
      - no-cache
      strict-transport-security:
      - max-age=31536000; includeSubDomains
      vary:
      - Accept-Encoding
      x-content-type-options:
      - nosniff
    status:
      code: 200
      message: OK
- request:
    body: null
    headers:
      Accept:
      - application/json
      Accept-Encoding:
      - gzip, deflate
      CommandName:
      - vm create
      Connection:
      - keep-alive
      ParameterSetName:
      - -g -n --image --admin-username --admin-password --authentication-type --os-disk-size-gb
        --use-unmanaged-disk --storage-account
      User-Agent:
      - python/3.6.8 (Windows-10-10.0.17763-SP0) msrest/0.6.4 msrest_azure/0.6.0 resourcemanagementclient/2.1.0
        Azure-SDK-For-Python AZURECLI/2.0.64
    method: GET
    uri: https://management.azure.com/subscriptions/00000000-0000-0000-0000-000000000000/resourcegroups/cli_test_os_disk_size000001/providers/Microsoft.Resources/deployments/mock-deployment/operationStatuses/08586442590431607104?api-version=2018-05-01
  response:
    body:
      string: '{"status":"Succeeded"}'
    headers:
      cache-control:
      - no-cache
      content-length:
      - '22'
      content-type:
      - application/json; charset=utf-8
      date:
      - Wed, 08 May 2019 20:39:00 GMT
      expires:
      - '-1'
      pragma:
      - no-cache
      strict-transport-security:
      - max-age=31536000; includeSubDomains
      vary:
      - Accept-Encoding
      x-content-type-options:
      - nosniff
    status:
      code: 200
      message: OK
- request:
    body: null
    headers:
      Accept:
      - application/json
      Accept-Encoding:
      - gzip, deflate
      CommandName:
      - vm create
      Connection:
      - keep-alive
      ParameterSetName:
      - -g -n --image --admin-username --admin-password --authentication-type --os-disk-size-gb
        --use-unmanaged-disk --storage-account
      User-Agent:
      - python/3.6.8 (Windows-10-10.0.17763-SP0) msrest/0.6.4 msrest_azure/0.6.0 resourcemanagementclient/2.1.0
        Azure-SDK-For-Python AZURECLI/2.0.64
    method: GET
    uri: https://management.azure.com/subscriptions/00000000-0000-0000-0000-000000000000/resourcegroups/cli_test_os_disk_size000001/providers/Microsoft.Resources/deployments/mock-deployment?api-version=2018-05-01
  response:
    body:
      string: '{"id":"/subscriptions/00000000-0000-0000-0000-000000000000/resourceGroups/cli_test_os_disk_size000001/providers/Microsoft.Resources/deployments/vm_deploy_KbwwQsmzrmstnmzNa7zyouhat2G7NUwW","name":"vm_deploy_KbwwQsmzrmstnmzNa7zyouhat2G7NUwW","properties":{"templateHash":"17031033788360357656","parameters":{"adminPassword":{"type":"SecureString"}},"mode":"Incremental","provisioningState":"Succeeded","timestamp":"2019-05-08T20:38:52.355054Z","duration":"PT1M30.0380965S","correlationId":"51874d47-98a7-41ea-8210-e334e68ab5d6","providers":[{"namespace":"Microsoft.Storage","resourceTypes":[{"resourceType":"storageAccounts","locations":["westus"]}]},{"namespace":"Microsoft.Network","resourceTypes":[{"resourceType":"virtualNetworks","locations":["westus"]},{"resourceType":"networkSecurityGroups","locations":["westus"]},{"resourceType":"publicIPAddresses","locations":["westus"]},{"resourceType":"networkInterfaces","locations":["westus"]}]},{"namespace":"Microsoft.Compute","resourceTypes":[{"resourceType":"virtualMachines","locations":["westus"]}]}],"dependencies":[{"dependsOn":[{"id":"/subscriptions/00000000-0000-0000-0000-000000000000/resourceGroups/cli_test_os_disk_size000001/providers/Microsoft.Network/virtualNetworks/vmVNET","resourceType":"Microsoft.Network/virtualNetworks","resourceName":"vmVNET"},{"id":"/subscriptions/00000000-0000-0000-0000-000000000000/resourceGroups/cli_test_os_disk_size000001/providers/Microsoft.Network/networkSecurityGroups/vmNSG","resourceType":"Microsoft.Network/networkSecurityGroups","resourceName":"vmNSG"},{"id":"/subscriptions/00000000-0000-0000-0000-000000000000/resourceGroups/cli_test_os_disk_size000001/providers/Microsoft.Network/publicIPAddresses/vmPublicIP","resourceType":"Microsoft.Network/publicIPAddresses","resourceName":"vmPublicIP"}],"id":"/subscriptions/00000000-0000-0000-0000-000000000000/resourceGroups/cli_test_os_disk_size000001/providers/Microsoft.Network/networkInterfaces/vmVMNic","resourceType":"Microsoft.Network/networkInterfaces","resourceName":"vmVMNic"},{"dependsOn":[{"id":"/subscriptions/00000000-0000-0000-0000-000000000000/resourceGroups/cli_test_os_disk_size000001/providers/Microsoft.Storage/storageAccounts/cli000002","resourceType":"Microsoft.Storage/storageAccounts","resourceName":"cli000002"},{"id":"/subscriptions/00000000-0000-0000-0000-000000000000/resourceGroups/cli_test_os_disk_size000001/providers/Microsoft.Network/networkInterfaces/vmVMNic","resourceType":"Microsoft.Network/networkInterfaces","resourceName":"vmVMNic"}],"id":"/subscriptions/00000000-0000-0000-0000-000000000000/resourceGroups/cli_test_os_disk_size000001/providers/Microsoft.Compute/virtualMachines/vm","resourceType":"Microsoft.Compute/virtualMachines","resourceName":"vm"}],"outputs":{},"outputResources":[{"id":"/subscriptions/00000000-0000-0000-0000-000000000000/resourceGroups/cli_test_os_disk_size000001/providers/Microsoft.Compute/virtualMachines/vm"},{"id":"/subscriptions/00000000-0000-0000-0000-000000000000/resourceGroups/cli_test_os_disk_size000001/providers/Microsoft.Network/networkInterfaces/vmVMNic"},{"id":"/subscriptions/00000000-0000-0000-0000-000000000000/resourceGroups/cli_test_os_disk_size000001/providers/Microsoft.Network/networkSecurityGroups/vmNSG"},{"id":"/subscriptions/00000000-0000-0000-0000-000000000000/resourceGroups/cli_test_os_disk_size000001/providers/Microsoft.Network/publicIPAddresses/vmPublicIP"},{"id":"/subscriptions/00000000-0000-0000-0000-000000000000/resourceGroups/cli_test_os_disk_size000001/providers/Microsoft.Network/virtualNetworks/vmVNET"},{"id":"/subscriptions/00000000-0000-0000-0000-000000000000/resourceGroups/cli_test_os_disk_size000001/providers/Microsoft.Storage/storageAccounts/cli000002"}]}}'
    headers:
      cache-control:
      - no-cache
      content-length:
      - '4399'
      content-type:
      - application/json; charset=utf-8
      date:
      - Wed, 08 May 2019 20:38:59 GMT
      expires:
      - '-1'
      pragma:
      - no-cache
      strict-transport-security:
      - max-age=31536000; includeSubDomains
      vary:
      - Accept-Encoding
      x-content-type-options:
      - nosniff
    status:
      code: 200
      message: OK
- request:
    body: null
    headers:
      Accept:
      - application/json
      Accept-Encoding:
      - gzip, deflate
      CommandName:
      - vm create
      Connection:
      - keep-alive
      ParameterSetName:
      - -g -n --image --admin-username --admin-password --authentication-type --os-disk-size-gb
        --use-unmanaged-disk --storage-account
      User-Agent:
      - python/3.6.8 (Windows-10-10.0.17763-SP0) msrest/0.6.4 msrest_azure/0.6.0 computemanagementclient/4.6.1
        Azure-SDK-For-Python AZURECLI/2.0.64
      accept-language:
      - en-US
    method: GET
    uri: https://management.azure.com/subscriptions/00000000-0000-0000-0000-000000000000/resourceGroups/cli_test_os_disk_size000001/providers/Microsoft.Compute/virtualMachines/vm?$expand=instanceView&api-version=2019-03-01
  response:
    body:
      string: "{\r\n  \"properties\": {\r\n    \"vmId\": \"511e302a-8498-4371-8fce-0fb538a62217\",\r\n
        \   \"hardwareProfile\": {\r\n      \"vmSize\": \"Standard_DS1_v2\"\r\n    },\r\n
        \   \"storageProfile\": {\r\n      \"imageReference\": {\r\n        \"publisher\":
        \"OpenLogic\",\r\n        \"offer\": \"CentOS\",\r\n        \"sku\": \"7.5\",\r\n
        \       \"version\": \"latest\"\r\n      },\r\n      \"osDisk\": {\r\n        \"osType\":
        \"Linux\",\r\n        \"name\": \"osdisk_002900b22b\",\r\n        \"createOption\":
        \"FromImage\",\r\n        \"vhd\": {\r\n          \"uri\": \"https://cli000002.blob.core.windows.net/vhds/osdisk_002900b22b.vhd\"\r\n
        \       },\r\n        \"caching\": \"ReadWrite\",\r\n        \"diskSizeGB\":
        75\r\n      },\r\n      \"dataDisks\": []\r\n    },\r\n    \"osProfile\":
        {\r\n      \"computerName\": \"vm\",\r\n      \"adminUsername\": \"centosadmin\",\r\n
        \     \"linuxConfiguration\": {\r\n        \"disablePasswordAuthentication\":
        false,\r\n        \"provisionVMAgent\": true\r\n      },\r\n      \"secrets\":
        [],\r\n      \"allowExtensionOperations\": true,\r\n      \"requireGuestProvisionSignal\":
        true\r\n    },\r\n    \"networkProfile\": {\"networkInterfaces\":[{\"id\":\"/subscriptions/00000000-0000-0000-0000-000000000000/resourceGroups/cli_test_os_disk_size000001/providers/Microsoft.Network/networkInterfaces/vmVMNic\"}]},\r\n
        \   \"provisioningState\": \"Succeeded\",\r\n    \"instanceView\": {\r\n      \"computerName\":
        \"vm\",\r\n      \"osName\": \"centos\",\r\n      \"osVersion\": \"7.5.1804\",\r\n
        \     \"vmAgent\": {\r\n        \"vmAgentVersion\": \"2.2.40\",\r\n        \"statuses\":
        [\r\n          {\r\n            \"code\": \"ProvisioningState/succeeded\",\r\n
        \           \"level\": \"Info\",\r\n            \"displayStatus\": \"Ready\",\r\n
        \           \"message\": \"Guest Agent is running\",\r\n            \"time\":
        \"2019-05-08T20:38:58+00:00\"\r\n          }\r\n        ],\r\n        \"extensionHandlers\":
        []\r\n      },\r\n      \"disks\": [\r\n        {\r\n          \"name\": \"osdisk_002900b22b\",\r\n
        \         \"statuses\": [\r\n            {\r\n              \"code\": \"ProvisioningState/succeeded\",\r\n
        \             \"level\": \"Info\",\r\n              \"displayStatus\": \"Provisioning
        succeeded\",\r\n              \"time\": \"2019-05-08T20:37:50.8011254+00:00\"\r\n
        \           }\r\n          ]\r\n        }\r\n      ],\r\n      \"statuses\":
        [\r\n        {\r\n          \"code\": \"ProvisioningState/succeeded\",\r\n
        \         \"level\": \"Info\",\r\n          \"displayStatus\": \"Provisioning
        succeeded\",\r\n          \"time\": \"2019-05-08T20:38:48.8009292+00:00\"\r\n
        \       },\r\n        {\r\n          \"code\": \"PowerState/running\",\r\n
        \         \"level\": \"Info\",\r\n          \"displayStatus\": \"VM running\"\r\n
        \       }\r\n      ]\r\n    }\r\n  },\r\n  \"type\": \"Microsoft.Compute/virtualMachines\",\r\n
        \ \"location\": \"westus\",\r\n  \"tags\": {},\r\n  \"id\": \"/subscriptions/00000000-0000-0000-0000-000000000000/resourceGroups/cli_test_os_disk_size000001/providers/Microsoft.Compute/virtualMachines/vm\",\r\n
        \ \"name\": \"vm\"\r\n}"
    headers:
      cache-control:
      - no-cache
      content-length:
      - '2828'
      content-type:
      - application/json; charset=utf-8
      date:
      - Wed, 08 May 2019 20:39:01 GMT
      expires:
      - '-1'
      pragma:
      - no-cache
      server:
      - Microsoft-HTTPAPI/2.0
      - Microsoft-HTTPAPI/2.0
      strict-transport-security:
      - max-age=31536000; includeSubDomains
      transfer-encoding:
      - chunked
      vary:
      - Accept-Encoding
      x-content-type-options:
      - nosniff
      x-ms-ratelimit-remaining-resource:
      - Microsoft.Compute/LowCostGet3Min;3994,Microsoft.Compute/LowCostGet30Min;31968
    status:
      code: 200
      message: OK
- request:
    body: null
    headers:
      Accept:
      - application/json
      Accept-Encoding:
      - gzip, deflate
      CommandName:
      - vm create
      Connection:
      - keep-alive
      ParameterSetName:
      - -g -n --image --admin-username --admin-password --authentication-type --os-disk-size-gb
        --use-unmanaged-disk --storage-account
      User-Agent:
      - python/3.6.8 (Windows-10-10.0.17763-SP0) msrest/0.6.4 msrest_azure/0.6.0 networkmanagementclient/2.6.0
        Azure-SDK-For-Python AZURECLI/2.0.64
      accept-language:
      - en-US
    method: GET
    uri: https://management.azure.com/subscriptions/00000000-0000-0000-0000-000000000000/resourceGroups/cli_test_os_disk_size000001/providers/Microsoft.Network/networkInterfaces/vmVMNic?api-version=2018-01-01
  response:
    body:
      string: "{\r\n  \"name\": \"vmVMNic\",\r\n  \"id\": \"/subscriptions/00000000-0000-0000-0000-000000000000/resourceGroups/cli_test_os_disk_size000001/providers/Microsoft.Network/networkInterfaces/vmVMNic\",\r\n
        \ \"etag\": \"W/\\\"0ab70f39-37a6-45b1-abe6-e8f6cfa8b90a\\\"\",\r\n  \"location\":
        \"westus\",\r\n  \"tags\": {},\r\n  \"properties\": {\r\n    \"provisioningState\":
        \"Succeeded\",\r\n    \"resourceGuid\": \"6ae05e4d-7105-4038-be2a-283d728eadaa\",\r\n
        \   \"ipConfigurations\": [\r\n      {\r\n        \"name\": \"ipconfigvm\",\r\n
        \       \"id\": \"/subscriptions/00000000-0000-0000-0000-000000000000/resourceGroups/cli_test_os_disk_size000001/providers/Microsoft.Network/networkInterfaces/vmVMNic/ipConfigurations/ipconfigvm\",\r\n
        \       \"etag\": \"W/\\\"0ab70f39-37a6-45b1-abe6-e8f6cfa8b90a\\\"\",\r\n
        \       \"type\": \"Microsoft.Network/networkInterfaces/ipConfigurations\",\r\n
        \       \"properties\": {\r\n          \"provisioningState\": \"Succeeded\",\r\n
        \         \"privateIPAddress\": \"10.0.0.4\",\r\n          \"privateIPAllocationMethod\":
        \"Dynamic\",\r\n          \"publicIPAddress\": {\r\n            \"id\": \"/subscriptions/00000000-0000-0000-0000-000000000000/resourceGroups/cli_test_os_disk_size000001/providers/Microsoft.Network/publicIPAddresses/vmPublicIP\"\r\n
        \         },\r\n          \"subnet\": {\r\n            \"id\": \"/subscriptions/00000000-0000-0000-0000-000000000000/resourceGroups/cli_test_os_disk_size000001/providers/Microsoft.Network/virtualNetworks/vmVNET/subnets/vmSubnet\"\r\n
        \         },\r\n          \"primary\": true,\r\n          \"privateIPAddressVersion\":
        \"IPv4\"\r\n        }\r\n      }\r\n    ],\r\n    \"dnsSettings\": {\r\n      \"dnsServers\":
        [],\r\n      \"appliedDnsServers\": [],\r\n      \"internalDomainNameSuffix\":
        \"tectiphp0obu5nrevtr5y1513d.dx.internal.cloudapp.net\"\r\n    },\r\n    \"macAddress\":
        \"00-0D-3A-5B-A7-44\",\r\n    \"enableAcceleratedNetworking\": false,\r\n
        \   \"enableIPForwarding\": false,\r\n    \"networkSecurityGroup\": {\r\n
        \     \"id\": \"/subscriptions/00000000-0000-0000-0000-000000000000/resourceGroups/cli_test_os_disk_size000001/providers/Microsoft.Network/networkSecurityGroups/vmNSG\"\r\n
        \   },\r\n    \"primary\": true,\r\n    \"virtualMachine\": {\r\n      \"id\":
        \"/subscriptions/00000000-0000-0000-0000-000000000000/resourceGroups/cli_test_os_disk_size000001/providers/Microsoft.Compute/virtualMachines/vm\"\r\n
        \   }\r\n  },\r\n  \"type\": \"Microsoft.Network/networkInterfaces\"\r\n}"
    headers:
      cache-control:
      - no-cache
      content-length:
      - '2558'
      content-type:
      - application/json; charset=utf-8
      date:
      - Wed, 08 May 2019 20:39:02 GMT
      etag:
      - W/"0ab70f39-37a6-45b1-abe6-e8f6cfa8b90a"
      expires:
      - '-1'
      pragma:
      - no-cache
      server:
      - Microsoft-HTTPAPI/2.0
      - Microsoft-HTTPAPI/2.0
      strict-transport-security:
      - max-age=31536000; includeSubDomains
      transfer-encoding:
      - chunked
      vary:
      - Accept-Encoding
      x-content-type-options:
      - nosniff
    status:
      code: 200
      message: OK
- request:
    body: null
    headers:
      Accept:
      - application/json
      Accept-Encoding:
      - gzip, deflate
      CommandName:
      - vm create
      Connection:
      - keep-alive
      ParameterSetName:
      - -g -n --image --admin-username --admin-password --authentication-type --os-disk-size-gb
        --use-unmanaged-disk --storage-account
      User-Agent:
      - python/3.6.8 (Windows-10-10.0.17763-SP0) msrest/0.6.4 msrest_azure/0.6.0 networkmanagementclient/2.6.0
        Azure-SDK-For-Python AZURECLI/2.0.64
      accept-language:
      - en-US
    method: GET
    uri: https://management.azure.com/subscriptions/00000000-0000-0000-0000-000000000000/resourceGroups/cli_test_os_disk_size000001/providers/Microsoft.Network/publicIPAddresses/vmPublicIP?api-version=2018-01-01
  response:
    body:
      string: "{\r\n  \"name\": \"vmPublicIP\",\r\n  \"id\": \"/subscriptions/00000000-0000-0000-0000-000000000000/resourceGroups/cli_test_os_disk_size000001/providers/Microsoft.Network/publicIPAddresses/vmPublicIP\",\r\n
        \ \"etag\": \"W/\\\"83ce3e9c-626c-4ee5-8c5a-291544614bdd\\\"\",\r\n  \"location\":
        \"westus\",\r\n  \"tags\": {},\r\n  \"properties\": {\r\n    \"provisioningState\":
        \"Succeeded\",\r\n    \"resourceGuid\": \"63efe824-7905-448a-b1cd-af053e4d59e5\",\r\n
        \   \"ipAddress\": \"40.83.173.28\",\r\n    \"publicIPAddressVersion\": \"IPv4\",\r\n
        \   \"publicIPAllocationMethod\": \"Dynamic\",\r\n    \"idleTimeoutInMinutes\":
        4,\r\n    \"ipTags\": [],\r\n    \"ipConfiguration\": {\r\n      \"id\": \"/subscriptions/00000000-0000-0000-0000-000000000000/resourceGroups/cli_test_os_disk_size000001/providers/Microsoft.Network/networkInterfaces/vmVMNic/ipConfigurations/ipconfigvm\"\r\n
        \   }\r\n  },\r\n  \"type\": \"Microsoft.Network/publicIPAddresses\",\r\n
        \ \"sku\": {\r\n    \"name\": \"Basic\",\r\n    \"tier\": \"Regional\"\r\n
        \ }\r\n}"
    headers:
      cache-control:
      - no-cache
      content-length:
      - '1017'
      content-type:
      - application/json; charset=utf-8
      date:
      - Wed, 08 May 2019 20:39:02 GMT
      etag:
      - W/"83ce3e9c-626c-4ee5-8c5a-291544614bdd"
      expires:
      - '-1'
      pragma:
      - no-cache
      server:
      - Microsoft-HTTPAPI/2.0
      - Microsoft-HTTPAPI/2.0
      strict-transport-security:
      - max-age=31536000; includeSubDomains
      transfer-encoding:
      - chunked
      vary:
      - Accept-Encoding
      x-content-type-options:
      - nosniff
    status:
      code: 200
      message: OK
- request:
    body: null
    headers:
      Accept:
      - application/json
      Accept-Encoding:
      - gzip, deflate
      CommandName:
      - storage blob list
      Connection:
      - keep-alive
      ParameterSetName:
      - --account-name --container-name
      User-Agent:
      - python/3.6.8 (Windows-10-10.0.17763-SP0) msrest/0.6.4 msrest_azure/0.6.0 azure-mgmt-storage/3.3.0
        Azure-SDK-For-Python AZURECLI/2.0.64
      accept-language:
      - en-US
    method: GET
    uri: https://management.azure.com/subscriptions/00000000-0000-0000-0000-000000000000/providers/Microsoft.Storage/storageAccounts?api-version=2018-11-01
  response:
    body:
      string: '{"value":[{"sku":{"name":"Premium_LRS","tier":"Premium"},"kind":"Storage","id":"/subscriptions/00000000-0000-0000-0000-000000000000/resourceGroups/cli_test_generalize_vmdx3kxdmsapanmplqtkrkjhfz2m3ql4di2eoccsbwl5kfi4rkulphx/providers/Microsoft.Storage/storageAccounts/vhdstorage3454cdc7363807","name":"vhdstorage3454cdc7363807","type":"Microsoft.Storage/storageAccounts","location":"westus","tags":{},"properties":{"networkAcls":{"bypass":"AzureServices","virtualNetworkRules":[],"ipRules":[],"defaultAction":"Allow"},"supportsHttpsTrafficOnly":false,"encryption":{"services":{"file":{"enabled":true,"lastEnabledTime":"2019-05-08T20:26:53.1963139Z"},"blob":{"enabled":true,"lastEnabledTime":"2019-05-08T20:26:53.1963139Z"}},"keySource":"Microsoft.Storage"},"provisioningState":"Succeeded","creationTime":"2019-05-08T20:26:53.0869081Z","primaryEndpoints":{"blob":"https://vhdstorage3454cdc7363807.blob.core.windows.net/"},"primaryLocation":"westus","statusOfPrimary":"available"}},{"sku":{"name":"Standard_RAGRS","tier":"Standard"},"kind":"StorageV2","id":"/subscriptions/00000000-0000-0000-0000-000000000000/resourceGroups/clitest.rggcbozcaoqcvyxyhsax7bevei6phf6m6yk2u4m3m2wjn7qqhph2c5dqyz2vrar2fz6/providers/Microsoft.Storage/storageAccounts/clistoragetif6h64z3n","name":"clistoragetif6h64z3n","type":"Microsoft.Storage/storageAccounts","location":"westus","tags":{},"properties":{"networkAcls":{"bypass":"AzureServices","virtualNetworkRules":[],"ipRules":[],"defaultAction":"Allow"},"supportsHttpsTrafficOnly":false,"encryption":{"services":{"file":{"enabled":true,"lastEnabledTime":"2018-10-16T00:22:59.7063780Z"},"blob":{"enabled":true,"lastEnabledTime":"2018-10-16T00:22:59.7063780Z"}},"keySource":"Microsoft.Storage"},"accessTier":"Hot","provisioningState":"Succeeded","creationTime":"2018-10-16T00:22:59.6125763Z","primaryEndpoints":{"dfs":"https://clistoragetif6h64z3n.dfs.core.windows.net/","web":"https://clistoragetif6h64z3n.z22.web.core.windows.net/","blob":"https://clistoragetif6h64z3n.blob.core.windows.net/","queue":"https://clistoragetif6h64z3n.queue.core.windows.net/","table":"https://clistoragetif6h64z3n.table.core.windows.net/","file":"https://clistoragetif6h64z3n.file.core.windows.net/"},"primaryLocation":"westus","statusOfPrimary":"available","secondaryLocation":"eastus","statusOfSecondary":"available","secondaryEndpoints":{"dfs":"https://clistoragetif6h64z3n-secondary.dfs.core.windows.net/","web":"https://clistoragetif6h64z3n-secondary.z22.web.core.windows.net/","blob":"https://clistoragetif6h64z3n-secondary.blob.core.windows.net/","queue":"https://clistoragetif6h64z3n-secondary.queue.core.windows.net/","table":"https://clistoragetif6h64z3n-secondary.table.core.windows.net/"}}},{"sku":{"name":"Standard_RAGRS","tier":"Standard"},"kind":"StorageV2","id":"/subscriptions/00000000-0000-0000-0000-000000000000/resourceGroups/clitest.rg7f5jjgz2vniqujmnobv3ud4j3fhjsoao7bcimizgbjspg5nwlr72qugdtfgo7ovn6/providers/Microsoft.Storage/storageAccounts/clistorageqjqpu42bh7","name":"clistorageqjqpu42bh7","type":"Microsoft.Storage/storageAccounts","location":"westus","tags":{},"properties":{"networkAcls":{"bypass":"AzureServices","virtualNetworkRules":[],"ipRules":[],"defaultAction":"Allow"},"supportsHttpsTrafficOnly":false,"encryption":{"services":{"file":{"enabled":true,"lastEnabledTime":"2018-10-16T17:18:13.9931194Z"},"blob":{"enabled":true,"lastEnabledTime":"2018-10-16T17:18:13.9931194Z"}},"keySource":"Microsoft.Storage"},"accessTier":"Hot","provisioningState":"Succeeded","creationTime":"2018-10-16T17:18:13.8993652Z","primaryEndpoints":{"dfs":"https://clistorageqjqpu42bh7.dfs.core.windows.net/","web":"https://clistorageqjqpu42bh7.z22.web.core.windows.net/","blob":"https://clistorageqjqpu42bh7.blob.core.windows.net/","queue":"https://clistorageqjqpu42bh7.queue.core.windows.net/","table":"https://clistorageqjqpu42bh7.table.core.windows.net/","file":"https://clistorageqjqpu42bh7.file.core.windows.net/"},"primaryLocation":"westus","statusOfPrimary":"available","secondaryLocation":"eastus","statusOfSecondary":"available","secondaryEndpoints":{"dfs":"https://clistorageqjqpu42bh7-secondary.dfs.core.windows.net/","web":"https://clistorageqjqpu42bh7-secondary.z22.web.core.windows.net/","blob":"https://clistorageqjqpu42bh7-secondary.blob.core.windows.net/","queue":"https://clistorageqjqpu42bh7-secondary.queue.core.windows.net/","table":"https://clistorageqjqpu42bh7-secondary.table.core.windows.net/"}}},{"sku":{"name":"Standard_LRS","tier":"Standard"},"kind":"StorageV2","id":"/subscriptions/00000000-0000-0000-0000-000000000000/resourceGroups/test_mgmt_devtestlabs_test_devtestlabs34410fc3/providers/Microsoft.Storage/storageAccounts/apylab34410fc39961","name":"apylab34410fc39961","type":"Microsoft.Storage/storageAccounts","location":"westus","tags":{"hidden-DevTestLabs-LabUId":"66d57a8f-4302-4ee9-96b0-2876a7ef2f93"},"properties":{"networkAcls":{"bypass":"AzureServices","virtualNetworkRules":[],"ipRules":[],"defaultAction":"Allow"},"supportsHttpsTrafficOnly":true,"encryption":{"services":{"file":{"enabled":true,"lastEnabledTime":"2019-02-07T22:34:06.6993369Z"},"blob":{"enabled":true,"lastEnabledTime":"2019-02-07T22:34:06.6993369Z"}},"keySource":"Microsoft.Storage"},"accessTier":"Hot","provisioningState":"Succeeded","creationTime":"2019-02-07T22:34:06.5899644Z","primaryEndpoints":{"dfs":"https://apylab34410fc39961.dfs.core.windows.net/","web":"https://apylab34410fc39961.z22.web.core.windows.net/","blob":"https://apylab34410fc39961.blob.core.windows.net/","queue":"https://apylab34410fc39961.queue.core.windows.net/","table":"https://apylab34410fc39961.table.core.windows.net/","file":"https://apylab34410fc39961.file.core.windows.net/"},"primaryLocation":"westus","statusOfPrimary":"available"}},{"sku":{"name":"Standard_RAGRS","tier":"Standard"},"kind":"StorageV2","id":"/subscriptions/00000000-0000-0000-0000-000000000000/resourceGroups/limgurg/providers/Microsoft.Storage/storageAccounts/limguaccount222","name":"limguaccount222","type":"Microsoft.Storage/storageAccounts","location":"westus","tags":{},"properties":{"networkAcls":{"bypass":"AzureServices","virtualNetworkRules":[],"ipRules":[],"defaultAction":"Allow"},"supportsHttpsTrafficOnly":false,"encryption":{"services":{"file":{"enabled":true,"lastEnabledTime":"2019-05-06T23:26:04.0572137Z"},"blob":{"enabled":true,"lastEnabledTime":"2019-05-06T23:26:04.0572137Z"}},"keySource":"Microsoft.Storage"},"accessTier":"Hot","provisioningState":"Succeeded","creationTime":"2019-05-06T23:26:03.9476268Z","primaryEndpoints":{"dfs":"https://limguaccount222.dfs.core.windows.net/","web":"https://limguaccount222.z22.web.core.windows.net/","blob":"https://limguaccount222.blob.core.windows.net/","queue":"https://limguaccount222.queue.core.windows.net/","table":"https://limguaccount222.table.core.windows.net/","file":"https://limguaccount222.file.core.windows.net/"},"primaryLocation":"westus","statusOfPrimary":"available","secondaryLocation":"eastus","statusOfSecondary":"available","secondaryEndpoints":{"dfs":"https://limguaccount222-secondary.dfs.core.windows.net/","web":"https://limguaccount222-secondary.z22.web.core.windows.net/","blob":"https://limguaccount222-secondary.blob.core.windows.net/","queue":"https://limguaccount222-secondary.queue.core.windows.net/","table":"https://limguaccount222-secondary.table.core.windows.net/"}}},{"sku":{"name":"Standard_RAGRS","tier":"Standard"},"kind":"StorageV2","id":"/subscriptions/00000000-0000-0000-0000-000000000000/resourceGroups/clitest.rgneuacqttufmkpgch7zg7xge3ci3pvsexkawxdv4xcjzuw5bwjjlz6uplznillxgwb/providers/Microsoft.Storage/storageAccounts/clistorageuxtcmjfo3r","name":"clistorageuxtcmjfo3r","type":"Microsoft.Storage/storageAccounts","location":"westus","tags":{},"properties":{"networkAcls":{"bypass":"AzureServices","virtualNetworkRules":[],"ipRules":[],"defaultAction":"Allow"},"supportsHttpsTrafficOnly":false,"encryption":{"services":{"file":{"enabled":true,"lastEnabledTime":"2018-10-16T00:30:43.8588701Z"},"blob":{"enabled":true,"lastEnabledTime":"2018-10-16T00:30:43.8588701Z"}},"keySource":"Microsoft.Storage"},"accessTier":"Hot","provisioningState":"Succeeded","creationTime":"2018-10-16T00:30:43.7488876Z","primaryEndpoints":{"dfs":"https://clistorageuxtcmjfo3r.dfs.core.windows.net/","web":"https://clistorageuxtcmjfo3r.z22.web.core.windows.net/","blob":"https://clistorageuxtcmjfo3r.blob.core.windows.net/","queue":"https://clistorageuxtcmjfo3r.queue.core.windows.net/","table":"https://clistorageuxtcmjfo3r.table.core.windows.net/","file":"https://clistorageuxtcmjfo3r.file.core.windows.net/"},"primaryLocation":"westus","statusOfPrimary":"available","secondaryLocation":"eastus","statusOfSecondary":"available","secondaryEndpoints":{"dfs":"https://clistorageuxtcmjfo3r-secondary.dfs.core.windows.net/","web":"https://clistorageuxtcmjfo3r-secondary.z22.web.core.windows.net/","blob":"https://clistorageuxtcmjfo3r-secondary.blob.core.windows.net/","queue":"https://clistorageuxtcmjfo3r-secondary.queue.core.windows.net/","table":"https://clistorageuxtcmjfo3r-secondary.table.core.windows.net/"}}},{"sku":{"name":"Standard_LRS","tier":"Standard"},"kind":"Storage","id":"/subscriptions/00000000-0000-0000-0000-000000000000/resourceGroups/clitest.rg4bncotfgdrloclzfdbohlru6gioouhkksmdmudgllcoj6dyhriuizpgguogb52kuq/providers/Microsoft.Storage/storageAccounts/clitestpnweme7h3ggf2kveb","name":"clitestpnweme7h3ggf2kveb","type":"Microsoft.Storage/storageAccounts","location":"westus","tags":{},"properties":{"networkAcls":{"bypass":"AzureServices","virtualNetworkRules":[],"ipRules":[],"defaultAction":"Allow"},"supportsHttpsTrafficOnly":false,"encryption":{"services":{"file":{"enabled":true,"lastEnabledTime":"2019-05-08T20:37:14.5753184Z"},"blob":{"enabled":true,"lastEnabledTime":"2019-05-08T20:37:14.5753184Z"}},"keySource":"Microsoft.Storage"},"provisioningState":"Succeeded","creationTime":"2019-05-08T20:37:14.4502878Z","primaryEndpoints":{"blob":"https://clitestpnweme7h3ggf2kveb.blob.core.windows.net/","queue":"https://clitestpnweme7h3ggf2kveb.queue.core.windows.net/","table":"https://clitestpnweme7h3ggf2kveb.table.core.windows.net/","file":"https://clitestpnweme7h3ggf2kveb.file.core.windows.net/"},"primaryLocation":"westus","statusOfPrimary":"available"}},{"sku":{"name":"Standard_RAGRS","tier":"Standard"},"kind":"Storage","id":"/subscriptions/00000000-0000-0000-0000-000000000000/resourceGroups/limgurg/providers/Microsoft.Storage/storageAccounts/limguaccount22","name":"limguaccount22","type":"Microsoft.Storage/storageAccounts","location":"westus","tags":{},"properties":{"networkAcls":{"bypass":"AzureServices","virtualNetworkRules":[],"ipRules":[],"defaultAction":"Allow"},"supportsHttpsTrafficOnly":false,"encryption":{"services":{"file":{"enabled":true,"lastEnabledTime":"2019-05-06T23:24:55.7425117Z"},"blob":{"enabled":true,"lastEnabledTime":"2019-05-06T23:24:55.7425117Z"}},"keySource":"Microsoft.Storage"},"provisioningState":"Succeeded","creationTime":"2019-05-06T23:24:55.4925049Z","primaryEndpoints":{"blob":"https://limguaccount22.blob.core.windows.net/","queue":"https://limguaccount22.queue.core.windows.net/","table":"https://limguaccount22.table.core.windows.net/","file":"https://limguaccount22.file.core.windows.net/"},"primaryLocation":"westus","statusOfPrimary":"available","secondaryLocation":"eastus","statusOfSecondary":"available","secondaryEndpoints":{"blob":"https://limguaccount22-secondary.blob.core.windows.net/","queue":"https://limguaccount22-secondary.queue.core.windows.net/","table":"https://limguaccount22-secondary.table.core.windows.net/"}}},{"sku":{"name":"Standard_RAGRS","tier":"Standard"},"kind":"StorageV2","id":"/subscriptions/00000000-0000-0000-0000-000000000000/resourceGroups/clitest.rgwrwfwfeym72qee3nah2tasiw4z3ccr3lo6xnpbdlmiuzm4hs574o7lgzayesgwffv/providers/Microsoft.Storage/storageAccounts/clistoragehhbuuxg3tu","name":"clistoragehhbuuxg3tu","type":"Microsoft.Storage/storageAccounts","location":"westus","tags":{},"properties":{"isHnsEnabled":false,"networkAcls":{"bypass":"AzureServices","virtualNetworkRules":[],"ipRules":[],"defaultAction":"Allow"},"supportsHttpsTrafficOnly":false,"encryption":{"services":{"file":{"enabled":true,"lastEnabledTime":"2018-06-27T00:17:56.8422453Z"},"blob":{"enabled":true,"lastEnabledTime":"2018-06-27T00:17:56.8422453Z"}},"keySource":"Microsoft.Storage"},"accessTier":"Hot","provisioningState":"Succeeded","creationTime":"2018-06-27T00:17:56.7015542Z","primaryEndpoints":{"dfs":"https://clistoragehhbuuxg3tu.dfs.core.windows.net/","web":"https://clistoragehhbuuxg3tu.z22.web.core.windows.net/","blob":"https://clistoragehhbuuxg3tu.blob.core.windows.net/","queue":"https://clistoragehhbuuxg3tu.queue.core.windows.net/","table":"https://clistoragehhbuuxg3tu.table.core.windows.net/","file":"https://clistoragehhbuuxg3tu.file.core.windows.net/"},"primaryLocation":"westus","statusOfPrimary":"available","secondaryLocation":"eastus","statusOfSecondary":"available","secondaryEndpoints":{"dfs":"https://clistoragehhbuuxg3tu-secondary.dfs.core.windows.net/","web":"https://clistoragehhbuuxg3tu-secondary.z22.web.core.windows.net/","blob":"https://clistoragehhbuuxg3tu-secondary.blob.core.windows.net/","queue":"https://clistoragehhbuuxg3tu-secondary.queue.core.windows.net/","table":"https://clistoragehhbuuxg3tu-secondary.table.core.windows.net/"}}},{"sku":{"name":"Standard_RAGRS","tier":"Standard"},"kind":"Storage","id":"/subscriptions/00000000-0000-0000-0000-000000000000/resourceGroups/limgurg/providers/Microsoft.Storage/storageAccounts/limguaccount","name":"limguaccount","type":"Microsoft.Storage/storageAccounts","location":"westus","tags":{},"properties":{"networkAcls":{"bypass":"AzureServices","virtualNetworkRules":[],"ipRules":[],"defaultAction":"Allow"},"supportsHttpsTrafficOnly":false,"encryption":{"services":{"file":{"enabled":true,"lastEnabledTime":"2019-05-02T21:12:03.3936075Z"},"blob":{"enabled":true,"lastEnabledTime":"2019-05-02T21:12:03.3936075Z"}},"keySource":"Microsoft.Storage"},"provisioningState":"Succeeded","creationTime":"2019-05-02T21:12:03.2842590Z","primaryEndpoints":{"blob":"https://limguaccount.blob.core.windows.net/","queue":"https://limguaccount.queue.core.windows.net/","table":"https://limguaccount.table.core.windows.net/","file":"https://limguaccount.file.core.windows.net/"},"primaryLocation":"westus","statusOfPrimary":"available","secondaryLocation":"eastus","statusOfSecondary":"available","secondaryEndpoints":{"blob":"https://limguaccount-secondary.blob.core.windows.net/","queue":"https://limguaccount-secondary.queue.core.windows.net/","table":"https://limguaccount-secondary.table.core.windows.net/"}}},{"sku":{"name":"Standard_RAGRS","tier":"Standard"},"kind":"StorageV2","id":"/subscriptions/00000000-0000-0000-0000-000000000000/resourceGroups/clitest.rgpngxmiq5kjet77dbpu5suzlrqcawlrej5mjnfhwjl4fmi7irwxh7lv4ihzcsvld4m/providers/Microsoft.Storage/storageAccounts/clistorage66w3pc3dsj","name":"clistorage66w3pc3dsj","type":"Microsoft.Storage/storageAccounts","location":"westus","tags":{},"properties":{"networkAcls":{"bypass":"AzureServices","virtualNetworkRules":[],"ipRules":[],"defaultAction":"Allow"},"supportsHttpsTrafficOnly":false,"encryption":{"services":{"file":{"enabled":true,"lastEnabledTime":"2018-11-16T21:44:38.1144767Z"},"blob":{"enabled":true,"lastEnabledTime":"2018-11-16T21:44:38.1144767Z"}},"keySource":"Microsoft.Storage"},"accessTier":"Hot","provisioningState":"Succeeded","creationTime":"2018-11-16T21:44:38.0206977Z","primaryEndpoints":{"dfs":"https://clistorage66w3pc3dsj.dfs.core.windows.net/","web":"https://clistorage66w3pc3dsj.z22.web.core.windows.net/","blob":"https://clistorage66w3pc3dsj.blob.core.windows.net/","queue":"https://clistorage66w3pc3dsj.queue.core.windows.net/","table":"https://clistorage66w3pc3dsj.table.core.windows.net/","file":"https://clistorage66w3pc3dsj.file.core.windows.net/"},"primaryLocation":"westus","statusOfPrimary":"available","secondaryLocation":"eastus","statusOfSecondary":"available","secondaryEndpoints":{"dfs":"https://clistorage66w3pc3dsj-secondary.dfs.core.windows.net/","web":"https://clistorage66w3pc3dsj-secondary.z22.web.core.windows.net/","blob":"https://clistorage66w3pc3dsj-secondary.blob.core.windows.net/","queue":"https://clistorage66w3pc3dsj-secondary.queue.core.windows.net/","table":"https://clistorage66w3pc3dsj-secondary.table.core.windows.net/"}}},{"sku":{"name":"Premium_LRS","tier":"Premium"},"kind":"Storage","id":"/subscriptions/00000000-0000-0000-0000-000000000000/resourceGroups/cli_test_os_disk_size000001/providers/Microsoft.Storage/storageAccounts/cli000002","name":"cli000002","type":"Microsoft.Storage/storageAccounts","location":"westus","tags":{},"properties":{"networkAcls":{"bypass":"AzureServices","virtualNetworkRules":[],"ipRules":[],"defaultAction":"Allow"},"supportsHttpsTrafficOnly":false,"encryption":{"services":{"file":{"enabled":true,"lastEnabledTime":"2019-05-08T20:37:28.6571649Z"},"blob":{"enabled":true,"lastEnabledTime":"2019-05-08T20:37:28.6571649Z"}},"keySource":"Microsoft.Storage"},"provisioningState":"Succeeded","creationTime":"2019-05-08T20:37:28.5478196Z","primaryEndpoints":{"blob":"https://cli000002.blob.core.windows.net/"},"primaryLocation":"westus","statusOfPrimary":"available"}},{"sku":{"name":"Standard_RAGRS","tier":"Standard"},"kind":"StorageV2","id":"/subscriptions/00000000-0000-0000-0000-000000000000/resourceGroups/clitest.rgdxgqgossxjqvg3knc4po4nhpezscthslqj554n5aufqy6llzobd35ex333rpwom4p/providers/Microsoft.Storage/storageAccounts/clistoragevfnamwpyxm","name":"clistoragevfnamwpyxm","type":"Microsoft.Storage/storageAccounts","location":"westus","tags":{},"properties":{"networkAcls":{"bypass":"AzureServices","virtualNetworkRules":[],"ipRules":[],"defaultAction":"Allow"},"supportsHttpsTrafficOnly":false,"encryption":{"services":{"file":{"enabled":true,"lastEnabledTime":"2018-10-17T04:55:26.0551771Z"},"blob":{"enabled":true,"lastEnabledTime":"2018-10-17T04:55:26.0551771Z"}},"keySource":"Microsoft.Storage"},"accessTier":"Hot","provisioningState":"Succeeded","creationTime":"2018-10-17T04:55:25.9609573Z","primaryEndpoints":{"dfs":"https://clistoragevfnamwpyxm.dfs.core.windows.net/","web":"https://clistoragevfnamwpyxm.z22.web.core.windows.net/","blob":"https://clistoragevfnamwpyxm.blob.core.windows.net/","queue":"https://clistoragevfnamwpyxm.queue.core.windows.net/","table":"https://clistoragevfnamwpyxm.table.core.windows.net/","file":"https://clistoragevfnamwpyxm.file.core.windows.net/"},"primaryLocation":"westus","statusOfPrimary":"available","secondaryLocation":"eastus","statusOfSecondary":"available","secondaryEndpoints":{"dfs":"https://clistoragevfnamwpyxm-secondary.dfs.core.windows.net/","web":"https://clistoragevfnamwpyxm-secondary.z22.web.core.windows.net/","blob":"https://clistoragevfnamwpyxm-secondary.blob.core.windows.net/","queue":"https://clistoragevfnamwpyxm-secondary.queue.core.windows.net/","table":"https://clistoragevfnamwpyxm-secondary.table.core.windows.net/"}}},{"sku":{"name":"Standard_ZRS","tier":"Standard"},"kind":"Storage","id":"/subscriptions/00000000-0000-0000-0000-000000000000/resourceGroups/limgurg/providers/Microsoft.Storage/storageAccounts/limguaccount2","name":"limguaccount2","type":"Microsoft.Storage/storageAccounts","location":"westus","tags":{},"properties":{"networkAcls":{"bypass":"AzureServices","virtualNetworkRules":[],"ipRules":[],"defaultAction":"Allow"},"supportsHttpsTrafficOnly":false,"encryption":{"services":{"file":{"enabled":true,"lastEnabledTime":"2019-05-06T23:18:33.7435080Z"},"blob":{"enabled":true,"lastEnabledTime":"2019-05-06T23:18:33.7435080Z"}},"keySource":"Microsoft.Storage"},"provisioningState":"Succeeded","creationTime":"2019-05-06T23:18:33.6341004Z","primaryEndpoints":{"blob":"https://limguaccount2.blob.core.windows.net/"},"primaryLocation":"westus","statusOfPrimary":"available"}},{"sku":{"name":"Standard_RAGRS","tier":"Standard"},"kind":"StorageV2","id":"/subscriptions/00000000-0000-0000-0000-000000000000/resourceGroups/clitest.rglwtxxxotabpblyephsiknmarmfjl325ixoojyprquq6ehxx5b2wokoysglc4meehl/providers/Microsoft.Storage/storageAccounts/clistorage2jbmemj6cj","name":"clistorage2jbmemj6cj","type":"Microsoft.Storage/storageAccounts","location":"westus","tags":{},"properties":{"networkAcls":{"bypass":"AzureServices","virtualNetworkRules":[],"ipRules":[],"defaultAction":"Allow"},"supportsHttpsTrafficOnly":false,"encryption":{"services":{"file":{"enabled":true,"lastEnabledTime":"2018-09-12T19:25:59.1461511Z"},"blob":{"enabled":true,"lastEnabledTime":"2018-09-12T19:25:59.1461511Z"}},"keySource":"Microsoft.Storage"},"accessTier":"Hot","provisioningState":"Succeeded","creationTime":"2018-09-12T19:25:58.8961261Z","primaryEndpoints":{"dfs":"https://clistorage2jbmemj6cj.dfs.core.windows.net/","web":"https://clistorage2jbmemj6cj.z22.web.core.windows.net/","blob":"https://clistorage2jbmemj6cj.blob.core.windows.net/","queue":"https://clistorage2jbmemj6cj.queue.core.windows.net/","table":"https://clistorage2jbmemj6cj.table.core.windows.net/","file":"https://clistorage2jbmemj6cj.file.core.windows.net/"},"primaryLocation":"westus","statusOfPrimary":"available","secondaryLocation":"eastus","statusOfSecondary":"available","secondaryEndpoints":{"dfs":"https://clistorage2jbmemj6cj-secondary.dfs.core.windows.net/","web":"https://clistorage2jbmemj6cj-secondary.z22.web.core.windows.net/","blob":"https://clistorage2jbmemj6cj-secondary.blob.core.windows.net/","queue":"https://clistorage2jbmemj6cj-secondary.queue.core.windows.net/","table":"https://clistorage2jbmemj6cj-secondary.table.core.windows.net/"}}},{"sku":{"name":"Standard_LRS","tier":"Standard"},"kind":"Storage","id":"/subscriptions/00000000-0000-0000-0000-000000000000/resourceGroups/clitestlab1/providers/Microsoft.Storage/storageAccounts/acliautomationlab8902","name":"acliautomationlab8902","type":"Microsoft.Storage/storageAccounts","location":"southcentralus","tags":{"hidden-DevTestLabs-LabUId":"ca9ec547-32c5-422d-b3d2-25906ed71959"},"properties":{"networkAcls":{"bypass":"AzureServices","virtualNetworkRules":[],"ipRules":[],"defaultAction":"Allow"},"supportsHttpsTrafficOnly":false,"encryption":{"services":{"file":{"enabled":true,"lastEnabledTime":"2018-04-19T16:51:47.2662871Z"},"blob":{"enabled":true,"lastEnabledTime":"2018-04-19T16:51:47.2662871Z"}},"keySource":"Microsoft.Storage"},"provisioningState":"Succeeded","creationTime":"2018-04-19T16:51:47.2194106Z","primaryEndpoints":{"blob":"https://acliautomationlab8902.blob.core.windows.net/","queue":"https://acliautomationlab8902.queue.core.windows.net/","table":"https://acliautomationlab8902.table.core.windows.net/","file":"https://acliautomationlab8902.file.core.windows.net/"},"primaryLocation":"southcentralus","statusOfPrimary":"available"}},{"sku":{"name":"Standard_LRS","tier":"Standard"},"kind":"Storage","id":"/subscriptions/00000000-0000-0000-0000-000000000000/resourceGroups/lmazuel-eventgridtesting/providers/Microsoft.Storage/storageAccounts/eventgridtestin9c1e","name":"eventgridtestin9c1e","type":"Microsoft.Storage/storageAccounts","location":"centralus","tags":{},"properties":{"networkAcls":{"bypass":"AzureServices","virtualNetworkRules":[],"ipRules":[],"defaultAction":"Allow"},"supportsHttpsTrafficOnly":false,"encryption":{"services":{"file":{"enabled":true,"lastEnabledTime":"2018-05-30T22:57:11.1008680Z"},"blob":{"enabled":true,"lastEnabledTime":"2018-05-30T22:57:11.1008680Z"}},"keySource":"Microsoft.Storage"},"provisioningState":"Succeeded","creationTime":"2018-05-30T22:57:10.9915110Z","primaryEndpoints":{"blob":"https://eventgridtestin9c1e.blob.core.windows.net/","queue":"https://eventgridtestin9c1e.queue.core.windows.net/","table":"https://eventgridtestin9c1e.table.core.windows.net/","file":"https://eventgridtestin9c1e.file.core.windows.net/"},"primaryLocation":"centralus","statusOfPrimary":"available"}},{"sku":{"name":"Premium_LRS","tier":"Premium"},"kind":"Storage","id":"/subscriptions/00000000-0000-0000-0000-000000000000/resourceGroups/lmazuel-testcapture/providers/Microsoft.Storage/storageAccounts/lmazueltestcapture451","name":"lmazueltestcapture451","type":"Microsoft.Storage/storageAccounts","location":"westus2","tags":{},"properties":{"networkAcls":{"bypass":"AzureServices","virtualNetworkRules":[],"ipRules":[],"defaultAction":"Allow"},"supportsHttpsTrafficOnly":false,"encryption":{"services":{"file":{"enabled":true,"lastEnabledTime":"2018-06-06T16:46:02.5308824Z"},"blob":{"enabled":true,"lastEnabledTime":"2018-06-06T16:46:02.5308824Z"}},"keySource":"Microsoft.Storage"},"provisioningState":"Succeeded","creationTime":"2018-06-06T16:46:02.4527298Z","primaryEndpoints":{"blob":"https://lmazueltestcapture451.blob.core.windows.net/"},"primaryLocation":"westus2","statusOfPrimary":"available"}},{"sku":{"name":"Standard_LRS","tier":"Standard"},"kind":"Storage","id":"/subscriptions/00000000-0000-0000-0000-000000000000/resourceGroups/clitest.rg326oxnqqn33y3n42vz6x5xol5rvvw3z4o6tladwwtkmcntnsxhhxxtddtrxwm2edj/providers/Microsoft.Storage/storageAccounts/clitestjwzkdsfuou3niutbd","name":"clitestjwzkdsfuou3niutbd","type":"Microsoft.Storage/storageAccounts","location":"eastus2euap","tags":{},"properties":{"networkAcls":{"bypass":"AzureServices","virtualNetworkRules":[],"ipRules":[],"defaultAction":"Allow"},"supportsHttpsTrafficOnly":false,"encryption":{"services":{"file":{"enabled":true,"lastEnabledTime":"2018-04-19T20:07:33.1021018Z"},"blob":{"enabled":true,"lastEnabledTime":"2018-04-19T20:07:33.1021018Z"}},"keySource":"Microsoft.Storage"},"provisioningState":"Succeeded","creationTime":"2018-04-19T20:07:33.0552270Z","primaryEndpoints":{"blob":"https://clitestjwzkdsfuou3niutbd.blob.core.windows.net/","queue":"https://clitestjwzkdsfuou3niutbd.queue.core.windows.net/","table":"https://clitestjwzkdsfuou3niutbd.table.core.windows.net/","file":"https://clitestjwzkdsfuou3niutbd.file.core.windows.net/"},"primaryLocation":"eastus2euap","statusOfPrimary":"available"}},{"sku":{"name":"Standard_RAGRS","tier":"Standard"},"kind":"StorageV2","id":"/subscriptions/00000000-0000-0000-0000-000000000000/resourceGroups/wilxgroup3/providers/Microsoft.Storage/storageAccounts/wilxstorageworm","name":"wilxstorageworm","type":"Microsoft.Storage/storageAccounts","location":"eastus2euap","tags":{},"properties":{"networkAcls":{"bypass":"AzureServices","virtualNetworkRules":[],"ipRules":[],"defaultAction":"Allow"},"supportsHttpsTrafficOnly":false,"encryption":{"services":{"file":{"enabled":true,"lastEnabledTime":"2018-04-13T22:36:53.1534839Z"},"blob":{"enabled":true,"lastEnabledTime":"2018-04-13T22:36:53.1534839Z"}},"keySource":"Microsoft.Storage"},"accessTier":"Hot","provisioningState":"Succeeded","creationTime":"2018-04-13T22:36:53.0909769Z","primaryEndpoints":{"dfs":"https://wilxstorageworm.dfs.core.windows.net/","web":"https://wilxstorageworm.z3.web.core.windows.net/","blob":"https://wilxstorageworm.blob.core.windows.net/","queue":"https://wilxstorageworm.queue.core.windows.net/","table":"https://wilxstorageworm.table.core.windows.net/","file":"https://wilxstorageworm.file.core.windows.net/"},"primaryLocation":"eastus2euap","statusOfPrimary":"available","secondaryLocation":"centraluseuap","statusOfSecondary":"available","secondaryEndpoints":{"dfs":"https://wilxstorageworm-secondary.dfs.core.windows.net/","web":"https://wilxstorageworm-secondary.z3.web.core.windows.net/","blob":"https://wilxstorageworm-secondary.blob.core.windows.net/","queue":"https://wilxstorageworm-secondary.queue.core.windows.net/","table":"https://wilxstorageworm-secondary.table.core.windows.net/"}}},{"sku":{"name":"Standard_LRS","tier":"Standard"},"kind":"Storage","id":"/subscriptions/00000000-0000-0000-0000-000000000000/resourceGroups/clitest.rgmr6jo34yofyafj3n6gjbhrgmrd6pwgguthc2u235qfle6y6ztyzrlkuqn544s7cop/providers/Microsoft.Storage/storageAccounts/clitestnlmd52jlcmr4ce7b4","name":"clitestnlmd52jlcmr4ce7b4","type":"Microsoft.Storage/storageAccounts","location":"eastus2euap","tags":{},"properties":{"networkAcls":{"bypass":"AzureServices","virtualNetworkRules":[],"ipRules":[],"defaultAction":"Allow"},"supportsHttpsTrafficOnly":false,"encryption":{"services":{"file":{"enabled":true,"lastEnabledTime":"2018-04-19T20:14:07.3500611Z"},"blob":{"enabled":true,"lastEnabledTime":"2018-04-19T20:14:07.3500611Z"}},"keySource":"Microsoft.Storage"},"provisioningState":"Succeeded","creationTime":"2018-04-19T20:14:07.3188286Z","primaryEndpoints":{"blob":"https://clitestnlmd52jlcmr4ce7b4.blob.core.windows.net/","queue":"https://clitestnlmd52jlcmr4ce7b4.queue.core.windows.net/","table":"https://clitestnlmd52jlcmr4ce7b4.table.core.windows.net/","file":"https://clitestnlmd52jlcmr4ce7b4.file.core.windows.net/"},"primaryLocation":"eastus2euap","statusOfPrimary":"available"}}]}'
    headers:
      cache-control:
      - no-cache
      content-length:
      - '28808'
      content-type:
      - application/json; charset=utf-8
      date:
      - Wed, 08 May 2019 20:39:02 GMT
      expires:
      - '-1'
      pragma:
      - no-cache
      strict-transport-security:
      - max-age=31536000; includeSubDomains
      vary:
      - Accept-Encoding
      x-content-type-options:
      - nosniff
      x-ms-original-request-ids:
      - e0cbed0d-32aa-4656-a0cd-4856e7174407
      - fd8d50a7-0b16-4f31-9c8b-e538b03721d4
      - 65b29182-0edf-4d1e-82f3-47614ec88446
      - 29f60e3f-66dd-4fff-89c8-8d63aa25ee9a
      - 142a1c58-5da5-46c6-9260-d68f51bac208
    status:
      code: 200
      message: OK
- request:
    body: null
    headers:
      Accept:
      - application/json
      Accept-Encoding:
      - gzip, deflate
      CommandName:
      - storage blob list
      Connection:
      - keep-alive
      Content-Length:
      - '0'
      ParameterSetName:
      - --account-name --container-name
      User-Agent:
      - python/3.6.8 (Windows-10-10.0.17763-SP0) msrest/0.6.4 msrest_azure/0.6.0 azure-mgmt-storage/3.3.0
        Azure-SDK-For-Python AZURECLI/2.0.64
      accept-language:
      - en-US
    method: POST
    uri: https://management.azure.com/subscriptions/00000000-0000-0000-0000-000000000000/resourceGroups/cli_test_os_disk_size000001/providers/Microsoft.Storage/storageAccounts/cli000002/listKeys?api-version=2018-11-01
  response:
    body:
      string: '{"keys":[{"keyName":"key1","value":"veryFakedStorageAccountKey==","permissions":"FULL"},{"keyName":"key2","value":"veryFakedStorageAccountKey==","permissions":"FULL"}]}'
    headers:
      cache-control:
      - no-cache
      content-length:
      - '288'
      content-type:
      - application/json
      date:
      - Wed, 08 May 2019 20:39:03 GMT
      expires:
      - '-1'
      pragma:
      - no-cache
      server:
      - Microsoft-Azure-Storage-Resource-Provider/1.0,Microsoft-HTTPAPI/2.0 Microsoft-HTTPAPI/2.0
      strict-transport-security:
      - max-age=31536000; includeSubDomains
      transfer-encoding:
      - chunked
      vary:
      - Accept-Encoding
      x-content-type-options:
      - nosniff
      x-ms-ratelimit-remaining-subscription-writes:
      - '1199'
    status:
      code: 200
      message: OK
- request:
    body: null
    headers:
      Connection:
      - keep-alive
      User-Agent:
      - Azure-Storage/1.3.0-1.3.1 (Python CPython 3.6.8; Windows 10) AZURECLI/2.0.64
      x-ms-date:
      - Wed, 08 May 2019 20:39:04 GMT
      x-ms-version:
      - '2018-03-28'
    method: GET
    uri: https://cli000002.blob.core.windows.net/vhds?restype=container&comp=list&maxresults=5000
  response:
    body:
      string: "\uFEFF<?xml version=\"1.0\" encoding=\"utf-8\"?>\n<EnumerationResults
        ServiceEndpoint=\"https://cli000002.blob.core.windows.net/\" ContainerName=\"vhds\"><MaxResults>5000</MaxResults><Blobs><Blob><Name>osdisk_002900b22b.vhd</Name><Properties><Creation-Time>Wed,
        08 May 2019 20:37:50 GMT</Creation-Time><Last-Modified>Wed, 08 May 2019 20:38:54
        GMT</Last-Modified><Etag>0x8D6D3F53032F68A</Etag><Content-Length>80530637312</Content-Length><Content-Type>application/octet-stream</Content-Type><Content-Encoding/><Content-Language/><Content-MD5>kGnbuEY/+4VkXdDGkzkBdQ==</Content-MD5><Cache-Control/><Content-Disposition/><x-ms-blob-sequence-number>1</x-ms-blob-sequence-number><BlobType>PageBlob</BlobType><AccessTier/><LeaseStatus>locked</LeaseStatus><LeaseState>leased</LeaseState><LeaseDuration>infinite</LeaseDuration><ServerEncrypted>true</ServerEncrypted></Properties></Blob></Blobs><NextMarker/></EnumerationResults>"
    headers:
      content-type:
      - application/xml
      date:
      - Wed, 08 May 2019 20:39:04 GMT
      server:
      - Windows-Azure-Blob/1.0 Microsoft-HTTPAPI/2.0
      transfer-encoding:
      - chunked
      x-ms-version:
      - '2018-03-28'
    status:
      code: 200
      message: OK
- request:
    body: null
    headers:
      Accept:
      - application/json
      Accept-Encoding:
      - gzip, deflate
      CommandName:
      - vm create
      Connection:
      - keep-alive
      ParameterSetName:
      - -g -n --image --admin-username --admin-password --authentication-type --os-disk-size-gb
      User-Agent:
      - python/3.6.8 (Windows-10-10.0.17763-SP0) msrest/0.6.4 msrest_azure/0.6.0 resourcemanagementclient/2.1.0
        Azure-SDK-For-Python AZURECLI/2.0.64
      accept-language:
      - en-US
    method: GET
    uri: https://management.azure.com/subscriptions/00000000-0000-0000-0000-000000000000/resourcegroups/cli_test_os_disk_size000001?api-version=2018-05-01
  response:
    body:
      string: '{"id":"/subscriptions/00000000-0000-0000-0000-000000000000/resourceGroups/cli_test_os_disk_size000001","name":"cli_test_os_disk_size000001","location":"westus","tags":{"product":"azurecli","cause":"automation","date":"2019-05-08T20:37:08Z"},"properties":{"provisioningState":"Succeeded"}}'
    headers:
      cache-control:
      - no-cache
      content-length:
      - '384'
      content-type:
      - application/json; charset=utf-8
      date:
      - Wed, 08 May 2019 20:39:04 GMT
      expires:
      - '-1'
      pragma:
      - no-cache
      strict-transport-security:
      - max-age=31536000; includeSubDomains
      vary:
      - Accept-Encoding
      x-content-type-options:
      - nosniff
    status:
      code: 200
      message: OK
- request:
    body: null
    headers:
      Accept:
      - '*/*'
      Accept-Encoding:
      - gzip, deflate
      Connection:
      - keep-alive
      User-Agent:
      - python-requests/2.21.0
    method: GET
    uri: https://raw.githubusercontent.com/Azure/azure-rest-api-specs/master/arm-compute/quickstart-templates/aliases.json
  response:
    body:
      string: "{\n  \"$schema\":\"http://schema.management.azure.com/schemas/2015-01-01/deploymentTemplate.json\",\n
        \ \"contentVersion\":\"1.0.0.0\",\n  \"parameters\":{},\n  \"variables\":{},\n
        \ \"resources\":[],\n\n  \"outputs\":{\n    \"aliases\":{\n      \"type\":\"object\",\n
        \     \"value\":{\n\n        \"Linux\":{\n          \"CentOS\":{\n            \"publisher\":\"OpenLogic\",\n
        \           \"offer\":\"CentOS\",\n            \"sku\":\"7.5\",\n            \"version\":\"latest\"\n
        \         },\n          \"CoreOS\":{\n            \"publisher\":\"CoreOS\",\n
        \           \"offer\":\"CoreOS\",\n            \"sku\":\"Stable\",\n            \"version\":\"latest\"\n
        \         },\n          \"Debian\":{\n            \"publisher\":\"credativ\",\n
        \           \"offer\":\"Debian\",\n            \"sku\":\"9\",\n            \"version\":\"latest\"\n
        \         },\n          \"openSUSE-Leap\": {\n            \"publisher\":\"SUSE\",\n
        \           \"offer\":\"openSUSE-Leap\",\n            \"sku\":\"42.3\",\n
        \           \"version\": \"latest\"\n          },\n          \"RHEL\":{\n
        \           \"publisher\":\"RedHat\",\n            \"offer\":\"RHEL\",\n            \"sku\":\"7-RAW\",\n
        \           \"version\":\"latest\"\n          },\n          \"SLES\":{\n            \"publisher\":\"SUSE\",\n
        \           \"offer\":\"SLES\",\n            \"sku\":\"15\",\n            \"version\":\"latest\"\n
        \         },\n          \"UbuntuLTS\":{\n            \"publisher\":\"Canonical\",\n
        \           \"offer\":\"UbuntuServer\",\n            \"sku\":\"18.04-LTS\",\n
        \           \"version\":\"latest\"\n          }\n        },\n\n        \"Windows\":{\n
        \         \"Win2019Datacenter\":{\n            \"publisher\":\"MicrosoftWindowsServer\",\n
        \           \"offer\":\"WindowsServer\",\n            \"sku\":\"2019-Datacenter\",\n
        \           \"version\":\"latest\"\n          },\n          \"Win2016Datacenter\":{\n
        \           \"publisher\":\"MicrosoftWindowsServer\",\n            \"offer\":\"WindowsServer\",\n
        \           \"sku\":\"2016-Datacenter\",\n            \"version\":\"latest\"\n
        \         },\n          \"Win2012R2Datacenter\":{\n            \"publisher\":\"MicrosoftWindowsServer\",\n
        \           \"offer\":\"WindowsServer\",\n            \"sku\":\"2012-R2-Datacenter\",\n
        \           \"version\":\"latest\"\n          },\n          \"Win2012Datacenter\":{\n
        \           \"publisher\":\"MicrosoftWindowsServer\",\n            \"offer\":\"WindowsServer\",\n
        \           \"sku\":\"2012-Datacenter\",\n            \"version\":\"latest\"\n
        \         },\n          \"Win2008R2SP1\":{\n            \"publisher\":\"MicrosoftWindowsServer\",\n
        \           \"offer\":\"WindowsServer\",\n            \"sku\":\"2008-R2-SP1\",\n
        \           \"version\":\"latest\"\n          }\n        }\n      }\n    }\n
        \ }\n}\n"
    headers:
      accept-ranges:
      - bytes
      access-control-allow-origin:
      - '*'
      cache-control:
      - max-age=300
      connection:
      - keep-alive
      content-length:
      - '2433'
      content-security-policy:
      - default-src 'none'; style-src 'unsafe-inline'; sandbox
      content-type:
      - text/plain; charset=utf-8
      date:
      - Wed, 08 May 2019 20:39:05 GMT
      etag:
      - '"f5944d69cdbfb4a2bb2ddda8c5f050bde5bbcb32"'
      expires:
      - Wed, 08 May 2019 20:44:05 GMT
      source-age:
      - '242'
      strict-transport-security:
      - max-age=31536000
      vary:
      - Authorization,Accept-Encoding
      via:
      - 1.1 varnish
      x-cache:
      - HIT
      x-cache-hits:
      - '1'
      x-content-type-options:
      - nosniff
      x-fastly-request-id:
      - 4f3700964709dcc017fc121f6d7fbf750f200637
      x-frame-options:
      - deny
      x-geo-block-list:
      - ''
      x-github-request-id:
      - 2EEE:930C:1D1A7:212A3:5CD33D75
      x-served-by:
      - cache-pao17442-PAO
      x-timer:
      - S1557347945.049566,VS0,VE1
      x-xss-protection:
      - 1; mode=block
    status:
      code: 200
      message: OK
- request:
    body: null
    headers:
      Accept:
      - application/json
      Accept-Encoding:
      - gzip, deflate
      CommandName:
      - vm create
      Connection:
      - keep-alive
      ParameterSetName:
      - -g -n --image --admin-username --admin-password --authentication-type --os-disk-size-gb
      User-Agent:
      - python/3.6.8 (Windows-10-10.0.17763-SP0) msrest/0.6.4 msrest_azure/0.6.0 networkmanagementclient/2.6.0
        Azure-SDK-For-Python AZURECLI/2.0.64
      accept-language:
      - en-US
    method: GET
    uri: https://management.azure.com/subscriptions/00000000-0000-0000-0000-000000000000/resourceGroups/cli_test_os_disk_size000001/providers/Microsoft.Network/virtualNetworks?api-version=2018-01-01
  response:
    body:
      string: "{\r\n  \"value\": [\r\n    {\r\n      \"name\": \"vmVNET\",\r\n      \"id\":
        \"/subscriptions/00000000-0000-0000-0000-000000000000/resourceGroups/cli_test_os_disk_size000001/providers/Microsoft.Network/virtualNetworks/vmVNET\",\r\n
        \     \"etag\": \"W/\\\"17b2cc84-abd2-4570-84bc-7c067ec31ead\\\"\",\r\n      \"type\":
        \"Microsoft.Network/virtualNetworks\",\r\n      \"location\": \"westus\",\r\n
        \     \"tags\": {},\r\n      \"properties\": {\r\n        \"provisioningState\":
        \"Succeeded\",\r\n        \"resourceGuid\": \"3c340599-d3ef-4f83-b624-ace3fc6ffbeb\",\r\n
        \       \"addressSpace\": {\r\n          \"addressPrefixes\": [\r\n            \"10.0.0.0/16\"\r\n
        \         ]\r\n        },\r\n        \"subnets\": [\r\n          {\r\n            \"name\":
        \"vmSubnet\",\r\n            \"id\": \"/subscriptions/00000000-0000-0000-0000-000000000000/resourceGroups/cli_test_os_disk_size000001/providers/Microsoft.Network/virtualNetworks/vmVNET/subnets/vmSubnet\",\r\n
        \           \"etag\": \"W/\\\"17b2cc84-abd2-4570-84bc-7c067ec31ead\\\"\",\r\n
        \           \"properties\": {\r\n              \"provisioningState\": \"Succeeded\",\r\n
        \             \"addressPrefix\": \"10.0.0.0/24\",\r\n              \"ipConfigurations\":
        [\r\n                {\r\n                  \"id\": \"/subscriptions/00000000-0000-0000-0000-000000000000/resourceGroups/cli_test_os_disk_size000001/providers/Microsoft.Network/networkInterfaces/vmVMNic/ipConfigurations/ipconfigvm\"\r\n
        \               }\r\n              ]\r\n            },\r\n            \"type\":
        \"Microsoft.Network/virtualNetworks/subnets\"\r\n          }\r\n        ],\r\n
        \       \"virtualNetworkPeerings\": [],\r\n        \"enableDdosProtection\":
        false,\r\n        \"enableVmProtection\": false\r\n      }\r\n    }\r\n  ]\r\n}"
    headers:
      cache-control:
      - no-cache
      content-length:
      - '1743'
      content-type:
      - application/json; charset=utf-8
      date:
      - Wed, 08 May 2019 20:39:04 GMT
      expires:
      - '-1'
      pragma:
      - no-cache
      server:
      - Microsoft-HTTPAPI/2.0
      - Microsoft-HTTPAPI/2.0
      strict-transport-security:
      - max-age=31536000; includeSubDomains
      transfer-encoding:
      - chunked
      vary:
      - Accept-Encoding
      x-content-type-options:
      - nosniff
    status:
      code: 200
      message: OK
- request:
    body: 'b''{"properties": {"template": {"$schema": "https://schema.management.azure.com/schemas/2015-01-01/deploymentTemplate.json#",
      "contentVersion": "1.0.0.0", "parameters": {"adminPassword": {"type": "securestring",
      "metadata": {"description": "Secure adminPassword"}}}, "variables": {}, "resources":
      [{"type": "Microsoft.Network/networkSecurityGroups", "name": "vm1NSG", "apiVersion":
      "2015-06-15", "location": "westus", "tags": {}, "dependsOn": [], "properties":
      {"securityRules": [{"name": "default-allow-ssh", "properties": {"protocol":
      "Tcp", "sourcePortRange": "*", "destinationPortRange": "22", "sourceAddressPrefix":
      "*", "destinationAddressPrefix": "*", "access": "Allow", "priority": 1000, "direction":
      "Inbound"}}]}}, {"apiVersion": "2018-01-01", "type": "Microsoft.Network/publicIPAddresses",
      "name": "vm1PublicIP", "location": "westus", "tags": {}, "dependsOn": [], "properties":
      {"publicIPAllocationMethod": null}}, {"apiVersion": "2015-06-15", "type": "Microsoft.Network/networkInterfaces",
      "name": "vm1VMNic", "location": "westus", "tags": {}, "dependsOn": ["Microsoft.Network/networkSecurityGroups/vm1NSG",
      "Microsoft.Network/publicIpAddresses/vm1PublicIP"], "properties": {"ipConfigurations":
      [{"name": "ipconfigvm1", "properties": {"privateIPAllocationMethod": "Dynamic",
      "subnet": {"id": "/subscriptions/00000000-0000-0000-0000-000000000000/resourceGroups/cli_test_os_disk_size000001/providers/Microsoft.Network/virtualNetworks/vmVNET/subnets/vmSubnet"},
      "publicIPAddress": {"id": "/subscriptions/00000000-0000-0000-0000-000000000000/resourceGroups/cli_test_os_disk_size000001/providers/Microsoft.Network/publicIPAddresses/vm1PublicIP"}}}],
      "networkSecurityGroup": {"id": "/subscriptions/00000000-0000-0000-0000-000000000000/resourceGroups/cli_test_os_disk_size000001/providers/Microsoft.Network/networkSecurityGroups/vm1NSG"}}},
      {"apiVersion": "2019-03-01", "type": "Microsoft.Compute/virtualMachines", "name":
      "vm1", "location": "westus", "tags": {}, "dependsOn": ["Microsoft.Network/networkInterfaces/vm1VMNic"],
      "properties": {"hardwareProfile": {"vmSize": "Standard_DS1_v2"}, "networkProfile":
      {"networkInterfaces": [{"id": "/subscriptions/00000000-0000-0000-0000-000000000000/resourceGroups/cli_test_os_disk_size000001/providers/Microsoft.Network/networkInterfaces/vm1VMNic"}]},
      "storageProfile": {"osDisk": {"createOption": "fromImage", "name": null, "caching":
      "ReadWrite", "managedDisk": {"storageAccountType": null}, "diskSizeGb": 75},
      "imageReference": {"publisher": "OpenLogic", "offer": "CentOS", "sku": "7.5",
      "version": "latest"}}, "osProfile": {"computerName": "vm1", "adminUsername":
      "centosadmin", "adminPassword": "[parameters(\''adminPassword\'')]"}}}], "outputs":
      {}}, "parameters": {"adminPassword": {"value": "testPassword0"}}, "mode": "Incremental"}}'''
    headers:
      Accept:
      - application/json
      Accept-Encoding:
      - gzip, deflate
      CommandName:
      - vm create
      Connection:
      - keep-alive
      Content-Length:
      - '2975'
      Content-Type:
      - application/json; charset=utf-8
      ParameterSetName:
      - -g -n --image --admin-username --admin-password --authentication-type --os-disk-size-gb
      User-Agent:
      - python/3.6.8 (Windows-10-10.0.17763-SP0) msrest/0.6.4 msrest_azure/0.6.0 resourcemanagementclient/2.1.0
        Azure-SDK-For-Python AZURECLI/2.0.64
      accept-language:
      - en-US
    method: PUT
    uri: https://management.azure.com/subscriptions/00000000-0000-0000-0000-000000000000/resourcegroups/cli_test_os_disk_size000001/providers/Microsoft.Resources/deployments/mock-deployment?api-version=2018-05-01
  response:
    body:
      string: '{"id":"/subscriptions/00000000-0000-0000-0000-000000000000/resourceGroups/cli_test_os_disk_size000001/providers/Microsoft.Resources/deployments/vm_deploy_nwT7u4MJ9dxWHYmIhzQKI9ZXAlGN0MC4","name":"vm_deploy_nwT7u4MJ9dxWHYmIhzQKI9ZXAlGN0MC4","properties":{"templateHash":"10054203891231611153","parameters":{"adminPassword":{"type":"SecureString"}},"mode":"Incremental","provisioningState":"Accepted","timestamp":"2019-05-08T20:39:08.5273978Z","duration":"PT1.2381495S","correlationId":"87f1b7ca-64d5-4115-8d6c-f133a7c9b42e","providers":[{"namespace":"Microsoft.Network","resourceTypes":[{"resourceType":"networkSecurityGroups","locations":["westus"]},{"resourceType":"publicIPAddresses","locations":["westus"]},{"resourceType":"networkInterfaces","locations":["westus"]}]},{"namespace":"Microsoft.Compute","resourceTypes":[{"resourceType":"virtualMachines","locations":["westus"]}]}],"dependencies":[{"dependsOn":[{"id":"/subscriptions/00000000-0000-0000-0000-000000000000/resourceGroups/cli_test_os_disk_size000001/providers/Microsoft.Network/networkSecurityGroups/vm1NSG","resourceType":"Microsoft.Network/networkSecurityGroups","resourceName":"vm1NSG"},{"id":"/subscriptions/00000000-0000-0000-0000-000000000000/resourceGroups/cli_test_os_disk_size000001/providers/Microsoft.Network/publicIPAddresses/vm1PublicIP","resourceType":"Microsoft.Network/publicIPAddresses","resourceName":"vm1PublicIP"}],"id":"/subscriptions/00000000-0000-0000-0000-000000000000/resourceGroups/cli_test_os_disk_size000001/providers/Microsoft.Network/networkInterfaces/vm1VMNic","resourceType":"Microsoft.Network/networkInterfaces","resourceName":"vm1VMNic"},{"dependsOn":[{"id":"/subscriptions/00000000-0000-0000-0000-000000000000/resourceGroups/cli_test_os_disk_size000001/providers/Microsoft.Network/networkInterfaces/vm1VMNic","resourceType":"Microsoft.Network/networkInterfaces","resourceName":"vm1VMNic"}],"id":"/subscriptions/00000000-0000-0000-0000-000000000000/resourceGroups/cli_test_os_disk_size000001/providers/Microsoft.Compute/virtualMachines/vm1","resourceType":"Microsoft.Compute/virtualMachines","resourceName":"vm1"}]}}'
    headers:
      azure-asyncoperation:
      - https://management.azure.com/subscriptions/00000000-0000-0000-0000-000000000000/resourcegroups/cli_test_os_disk_size000001/providers/Microsoft.Resources/deployments/vm_deploy_nwT7u4MJ9dxWHYmIhzQKI9ZXAlGN0MC4/operationStatuses/08586442589381883717?api-version=2018-05-01
      cache-control:
      - no-cache
      content-length:
      - '2403'
      content-type:
      - application/json; charset=utf-8
      date:
      - Wed, 08 May 2019 20:39:07 GMT
      expires:
      - '-1'
      pragma:
      - no-cache
      strict-transport-security:
      - max-age=31536000; includeSubDomains
      x-content-type-options:
      - nosniff
      x-ms-ratelimit-remaining-subscription-writes:
      - '1199'
    status:
      code: 201
      message: Created
- request:
    body: null
    headers:
      Accept:
      - application/json
      Accept-Encoding:
      - gzip, deflate
      CommandName:
      - vm create
      Connection:
      - keep-alive
      ParameterSetName:
      - -g -n --image --admin-username --admin-password --authentication-type --os-disk-size-gb
      User-Agent:
      - python/3.6.8 (Windows-10-10.0.17763-SP0) msrest/0.6.4 msrest_azure/0.6.0 resourcemanagementclient/2.1.0
        Azure-SDK-For-Python AZURECLI/2.0.64
    method: GET
    uri: https://management.azure.com/subscriptions/00000000-0000-0000-0000-000000000000/resourcegroups/cli_test_os_disk_size000001/providers/Microsoft.Resources/deployments/mock-deployment/operationStatuses/08586442589381883717?api-version=2018-05-01
  response:
    body:
      string: '{"status":"Running"}'
    headers:
      cache-control:
      - no-cache
      content-length:
      - '20'
      content-type:
      - application/json; charset=utf-8
      date:
      - Wed, 08 May 2019 20:39:38 GMT
      expires:
      - '-1'
      pragma:
      - no-cache
      strict-transport-security:
      - max-age=31536000; includeSubDomains
      vary:
      - Accept-Encoding
      x-content-type-options:
      - nosniff
    status:
      code: 200
      message: OK
- request:
    body: null
    headers:
      Accept:
      - application/json
      Accept-Encoding:
      - gzip, deflate
      CommandName:
      - vm create
      Connection:
      - keep-alive
      ParameterSetName:
      - -g -n --image --admin-username --admin-password --authentication-type --os-disk-size-gb
      User-Agent:
      - python/3.6.8 (Windows-10-10.0.17763-SP0) msrest/0.6.4 msrest_azure/0.6.0 resourcemanagementclient/2.1.0
        Azure-SDK-For-Python AZURECLI/2.0.64
    method: GET
    uri: https://management.azure.com/subscriptions/00000000-0000-0000-0000-000000000000/resourcegroups/cli_test_os_disk_size000001/providers/Microsoft.Resources/deployments/mock-deployment/operationStatuses/08586442589381883717?api-version=2018-05-01
  response:
    body:
      string: '{"status":"Running"}'
    headers:
      cache-control:
      - no-cache
      content-length:
      - '20'
      content-type:
      - application/json; charset=utf-8
      date:
      - Wed, 08 May 2019 20:40:08 GMT
      expires:
      - '-1'
      pragma:
      - no-cache
      strict-transport-security:
      - max-age=31536000; includeSubDomains
      vary:
      - Accept-Encoding
      x-content-type-options:
      - nosniff
    status:
      code: 200
      message: OK
- request:
    body: null
    headers:
      Accept:
      - application/json
      Accept-Encoding:
      - gzip, deflate
      CommandName:
      - vm create
      Connection:
      - keep-alive
      ParameterSetName:
      - -g -n --image --admin-username --admin-password --authentication-type --os-disk-size-gb
      User-Agent:
      - python/3.6.8 (Windows-10-10.0.17763-SP0) msrest/0.6.4 msrest_azure/0.6.0 resourcemanagementclient/2.1.0
        Azure-SDK-For-Python AZURECLI/2.0.64
    method: GET
    uri: https://management.azure.com/subscriptions/00000000-0000-0000-0000-000000000000/resourcegroups/cli_test_os_disk_size000001/providers/Microsoft.Resources/deployments/mock-deployment/operationStatuses/08586442589381883717?api-version=2018-05-01
  response:
    body:
      string: '{"status":"Succeeded"}'
    headers:
      cache-control:
      - no-cache
      content-length:
      - '22'
      content-type:
      - application/json; charset=utf-8
      date:
      - Wed, 08 May 2019 20:40:39 GMT
      expires:
      - '-1'
      pragma:
      - no-cache
      strict-transport-security:
      - max-age=31536000; includeSubDomains
      vary:
      - Accept-Encoding
      x-content-type-options:
      - nosniff
    status:
      code: 200
      message: OK
- request:
    body: null
    headers:
      Accept:
      - application/json
      Accept-Encoding:
      - gzip, deflate
      CommandName:
      - vm create
      Connection:
      - keep-alive
      ParameterSetName:
      - -g -n --image --admin-username --admin-password --authentication-type --os-disk-size-gb
      User-Agent:
      - python/3.6.8 (Windows-10-10.0.17763-SP0) msrest/0.6.4 msrest_azure/0.6.0 resourcemanagementclient/2.1.0
        Azure-SDK-For-Python AZURECLI/2.0.64
    method: GET
    uri: https://management.azure.com/subscriptions/00000000-0000-0000-0000-000000000000/resourcegroups/cli_test_os_disk_size000001/providers/Microsoft.Resources/deployments/mock-deployment?api-version=2018-05-01
  response:
    body:
      string: '{"id":"/subscriptions/00000000-0000-0000-0000-000000000000/resourceGroups/cli_test_os_disk_size000001/providers/Microsoft.Resources/deployments/vm_deploy_nwT7u4MJ9dxWHYmIhzQKI9ZXAlGN0MC4","name":"vm_deploy_nwT7u4MJ9dxWHYmIhzQKI9ZXAlGN0MC4","properties":{"templateHash":"10054203891231611153","parameters":{"adminPassword":{"type":"SecureString"}},"mode":"Incremental","provisioningState":"Succeeded","timestamp":"2019-05-08T20:40:30.1189565Z","duration":"PT1M22.8297082S","correlationId":"87f1b7ca-64d5-4115-8d6c-f133a7c9b42e","providers":[{"namespace":"Microsoft.Network","resourceTypes":[{"resourceType":"networkSecurityGroups","locations":["westus"]},{"resourceType":"publicIPAddresses","locations":["westus"]},{"resourceType":"networkInterfaces","locations":["westus"]}]},{"namespace":"Microsoft.Compute","resourceTypes":[{"resourceType":"virtualMachines","locations":["westus"]}]}],"dependencies":[{"dependsOn":[{"id":"/subscriptions/00000000-0000-0000-0000-000000000000/resourceGroups/cli_test_os_disk_size000001/providers/Microsoft.Network/networkSecurityGroups/vm1NSG","resourceType":"Microsoft.Network/networkSecurityGroups","resourceName":"vm1NSG"},{"id":"/subscriptions/00000000-0000-0000-0000-000000000000/resourceGroups/cli_test_os_disk_size000001/providers/Microsoft.Network/publicIPAddresses/vm1PublicIP","resourceType":"Microsoft.Network/publicIPAddresses","resourceName":"vm1PublicIP"}],"id":"/subscriptions/00000000-0000-0000-0000-000000000000/resourceGroups/cli_test_os_disk_size000001/providers/Microsoft.Network/networkInterfaces/vm1VMNic","resourceType":"Microsoft.Network/networkInterfaces","resourceName":"vm1VMNic"},{"dependsOn":[{"id":"/subscriptions/00000000-0000-0000-0000-000000000000/resourceGroups/cli_test_os_disk_size000001/providers/Microsoft.Network/networkInterfaces/vm1VMNic","resourceType":"Microsoft.Network/networkInterfaces","resourceName":"vm1VMNic"}],"id":"/subscriptions/00000000-0000-0000-0000-000000000000/resourceGroups/cli_test_os_disk_size000001/providers/Microsoft.Compute/virtualMachines/vm1","resourceType":"Microsoft.Compute/virtualMachines","resourceName":"vm1"}],"outputs":{},"outputResources":[{"id":"/subscriptions/00000000-0000-0000-0000-000000000000/resourceGroups/cli_test_os_disk_size000001/providers/Microsoft.Compute/virtualMachines/vm1"},{"id":"/subscriptions/00000000-0000-0000-0000-000000000000/resourceGroups/cli_test_os_disk_size000001/providers/Microsoft.Network/networkInterfaces/vm1VMNic"},{"id":"/subscriptions/00000000-0000-0000-0000-000000000000/resourceGroups/cli_test_os_disk_size000001/providers/Microsoft.Network/networkSecurityGroups/vm1NSG"},{"id":"/subscriptions/00000000-0000-0000-0000-000000000000/resourceGroups/cli_test_os_disk_size000001/providers/Microsoft.Network/publicIPAddresses/vm1PublicIP"}]}}'
    headers:
      cache-control:
      - no-cache
      content-length:
      - '3266'
      content-type:
      - application/json; charset=utf-8
      date:
      - Wed, 08 May 2019 20:40:39 GMT
      expires:
      - '-1'
      pragma:
      - no-cache
      strict-transport-security:
      - max-age=31536000; includeSubDomains
      vary:
      - Accept-Encoding
      x-content-type-options:
      - nosniff
    status:
      code: 200
      message: OK
- request:
    body: null
    headers:
      Accept:
      - application/json
      Accept-Encoding:
      - gzip, deflate
      CommandName:
      - vm create
      Connection:
      - keep-alive
      ParameterSetName:
      - -g -n --image --admin-username --admin-password --authentication-type --os-disk-size-gb
      User-Agent:
      - python/3.6.8 (Windows-10-10.0.17763-SP0) msrest/0.6.4 msrest_azure/0.6.0 computemanagementclient/4.6.1
        Azure-SDK-For-Python AZURECLI/2.0.64
      accept-language:
      - en-US
    method: GET
    uri: https://management.azure.com/subscriptions/00000000-0000-0000-0000-000000000000/resourceGroups/cli_test_os_disk_size000001/providers/Microsoft.Compute/virtualMachines/vm1?$expand=instanceView&api-version=2019-03-01
  response:
    body:
      string: "{\r\n  \"properties\": {\r\n    \"vmId\": \"7286512d-06bf-4779-83f3-1a13722e8226\",\r\n
        \   \"hardwareProfile\": {\r\n      \"vmSize\": \"Standard_DS1_v2\"\r\n    },\r\n
        \   \"storageProfile\": {\r\n      \"imageReference\": {\r\n        \"publisher\":
        \"OpenLogic\",\r\n        \"offer\": \"CentOS\",\r\n        \"sku\": \"7.5\",\r\n
        \       \"version\": \"latest\"\r\n      },\r\n      \"osDisk\": {\r\n        \"osType\":
        \"Linux\",\r\n        \"name\": \"vm1_OsDisk_1_814cc03e6db9495b95b1e05cb6cd23b9\",\r\n
        \       \"createOption\": \"FromImage\",\r\n        \"caching\": \"ReadWrite\",\r\n
        \       \"managedDisk\": {\r\n          \"storageAccountType\": \"Premium_LRS\",\r\n
        \         \"id\": \"/subscriptions/00000000-0000-0000-0000-000000000000/resourceGroups/cli_test_os_disk_size000001/providers/Microsoft.Compute/disks/vm1_OsDisk_1_814cc03e6db9495b95b1e05cb6cd23b9\"\r\n
        \       },\r\n        \"diskSizeGB\": 75\r\n      },\r\n      \"dataDisks\":
        []\r\n    },\r\n    \"osProfile\": {\r\n      \"computerName\": \"vm1\",\r\n
        \     \"adminUsername\": \"centosadmin\",\r\n      \"linuxConfiguration\":
        {\r\n        \"disablePasswordAuthentication\": false,\r\n        \"provisionVMAgent\":
        true\r\n      },\r\n      \"secrets\": [],\r\n      \"allowExtensionOperations\":
        true,\r\n      \"requireGuestProvisionSignal\": true\r\n    },\r\n    \"networkProfile\":
        {\"networkInterfaces\":[{\"id\":\"/subscriptions/00000000-0000-0000-0000-000000000000/resourceGroups/cli_test_os_disk_size000001/providers/Microsoft.Network/networkInterfaces/vm1VMNic\"}]},\r\n
        \   \"provisioningState\": \"Succeeded\",\r\n    \"instanceView\": {\r\n      \"computerName\":
        \"vm1\",\r\n      \"osName\": \"centos\",\r\n      \"osVersion\": \"7.5.1804\",\r\n
        \     \"vmAgent\": {\r\n        \"vmAgentVersion\": \"2.2.40\",\r\n        \"statuses\":
        [\r\n          {\r\n            \"code\": \"ProvisioningState/succeeded\",\r\n
        \           \"level\": \"Info\",\r\n            \"displayStatus\": \"Ready\",\r\n
        \           \"message\": \"Guest Agent is running\",\r\n            \"time\":
        \"2019-05-08T20:40:38+00:00\"\r\n          }\r\n        ],\r\n        \"extensionHandlers\":
        []\r\n      },\r\n      \"disks\": [\r\n        {\r\n          \"name\": \"vm1_OsDisk_1_814cc03e6db9495b95b1e05cb6cd23b9\",\r\n
        \         \"statuses\": [\r\n            {\r\n              \"code\": \"ProvisioningState/succeeded\",\r\n
        \             \"level\": \"Info\",\r\n              \"displayStatus\": \"Provisioning
        succeeded\",\r\n              \"time\": \"2019-05-08T20:39:29.3790291+00:00\"\r\n
        \           }\r\n          ]\r\n        }\r\n      ],\r\n      \"statuses\":
        [\r\n        {\r\n          \"code\": \"ProvisioningState/succeeded\",\r\n
        \         \"level\": \"Info\",\r\n          \"displayStatus\": \"Provisioning
        succeeded\",\r\n          \"time\": \"2019-05-08T20:40:28.9259196+00:00\"\r\n
        \       },\r\n        {\r\n          \"code\": \"PowerState/running\",\r\n
        \         \"level\": \"Info\",\r\n          \"displayStatus\": \"VM running\"\r\n
        \       }\r\n      ]\r\n    }\r\n  },\r\n  \"type\": \"Microsoft.Compute/virtualMachines\",\r\n
        \ \"location\": \"westus\",\r\n  \"tags\": {},\r\n  \"id\": \"/subscriptions/00000000-0000-0000-0000-000000000000/resourceGroups/cli_test_os_disk_size000001/providers/Microsoft.Compute/virtualMachines/vm1\",\r\n
        \ \"name\": \"vm1\"\r\n}"
    headers:
      cache-control:
      - no-cache
      content-length:
      - '3097'
      content-type:
      - application/json; charset=utf-8
      date:
      - Wed, 08 May 2019 20:40:43 GMT
      expires:
      - '-1'
      pragma:
      - no-cache
      server:
      - Microsoft-HTTPAPI/2.0
      - Microsoft-HTTPAPI/2.0
      strict-transport-security:
      - max-age=31536000; includeSubDomains
      transfer-encoding:
      - chunked
      vary:
      - Accept-Encoding
      x-content-type-options:
      - nosniff
      x-ms-ratelimit-remaining-resource:
      - Microsoft.Compute/LowCostGet3Min;3993,Microsoft.Compute/LowCostGet30Min;31966
    status:
      code: 200
      message: OK
- request:
    body: null
    headers:
      Accept:
      - application/json
      Accept-Encoding:
      - gzip, deflate
      CommandName:
      - vm create
      Connection:
      - keep-alive
      ParameterSetName:
      - -g -n --image --admin-username --admin-password --authentication-type --os-disk-size-gb
      User-Agent:
      - python/3.6.8 (Windows-10-10.0.17763-SP0) msrest/0.6.4 msrest_azure/0.6.0 networkmanagementclient/2.6.0
        Azure-SDK-For-Python AZURECLI/2.0.64
      accept-language:
      - en-US
    method: GET
    uri: https://management.azure.com/subscriptions/00000000-0000-0000-0000-000000000000/resourceGroups/cli_test_os_disk_size000001/providers/Microsoft.Network/networkInterfaces/vm1VMNic?api-version=2018-01-01
  response:
    body:
      string: "{\r\n  \"name\": \"vm1VMNic\",\r\n  \"id\": \"/subscriptions/00000000-0000-0000-0000-000000000000/resourceGroups/cli_test_os_disk_size000001/providers/Microsoft.Network/networkInterfaces/vm1VMNic\",\r\n
        \ \"etag\": \"W/\\\"efdc7a71-b937-4545-881e-8dbbb662d9cf\\\"\",\r\n  \"location\":
        \"westus\",\r\n  \"tags\": {},\r\n  \"properties\": {\r\n    \"provisioningState\":
        \"Succeeded\",\r\n    \"resourceGuid\": \"5ba78fa8-ab03-4199-8c46-a42326afbde5\",\r\n
        \   \"ipConfigurations\": [\r\n      {\r\n        \"name\": \"ipconfigvm1\",\r\n
        \       \"id\": \"/subscriptions/00000000-0000-0000-0000-000000000000/resourceGroups/cli_test_os_disk_size000001/providers/Microsoft.Network/networkInterfaces/vm1VMNic/ipConfigurations/ipconfigvm1\",\r\n
        \       \"etag\": \"W/\\\"efdc7a71-b937-4545-881e-8dbbb662d9cf\\\"\",\r\n
        \       \"type\": \"Microsoft.Network/networkInterfaces/ipConfigurations\",\r\n
        \       \"properties\": {\r\n          \"provisioningState\": \"Succeeded\",\r\n
        \         \"privateIPAddress\": \"10.0.0.5\",\r\n          \"privateIPAllocationMethod\":
        \"Dynamic\",\r\n          \"publicIPAddress\": {\r\n            \"id\": \"/subscriptions/00000000-0000-0000-0000-000000000000/resourceGroups/cli_test_os_disk_size000001/providers/Microsoft.Network/publicIPAddresses/vm1PublicIP\"\r\n
        \         },\r\n          \"subnet\": {\r\n            \"id\": \"/subscriptions/00000000-0000-0000-0000-000000000000/resourceGroups/cli_test_os_disk_size000001/providers/Microsoft.Network/virtualNetworks/vmVNET/subnets/vmSubnet\"\r\n
        \         },\r\n          \"primary\": true,\r\n          \"privateIPAddressVersion\":
        \"IPv4\"\r\n        }\r\n      }\r\n    ],\r\n    \"dnsSettings\": {\r\n      \"dnsServers\":
        [],\r\n      \"appliedDnsServers\": [],\r\n      \"internalDomainNameSuffix\":
        \"tectiphp0obu5nrevtr5y1513d.dx.internal.cloudapp.net\"\r\n    },\r\n    \"macAddress\":
        \"00-0D-3A-35-A5-17\",\r\n    \"enableAcceleratedNetworking\": false,\r\n
        \   \"enableIPForwarding\": false,\r\n    \"networkSecurityGroup\": {\r\n
        \     \"id\": \"/subscriptions/00000000-0000-0000-0000-000000000000/resourceGroups/cli_test_os_disk_size000001/providers/Microsoft.Network/networkSecurityGroups/vm1NSG\"\r\n
        \   },\r\n    \"primary\": true,\r\n    \"virtualMachine\": {\r\n      \"id\":
        \"/subscriptions/00000000-0000-0000-0000-000000000000/resourceGroups/cli_test_os_disk_size000001/providers/Microsoft.Compute/virtualMachines/vm1\"\r\n
        \   }\r\n  },\r\n  \"type\": \"Microsoft.Network/networkInterfaces\"\r\n}"
    headers:
      cache-control:
      - no-cache
      content-length:
      - '2566'
      content-type:
      - application/json; charset=utf-8
      date:
      - Wed, 08 May 2019 20:40:41 GMT
      etag:
      - W/"efdc7a71-b937-4545-881e-8dbbb662d9cf"
      expires:
      - '-1'
      pragma:
      - no-cache
      server:
      - Microsoft-HTTPAPI/2.0
      - Microsoft-HTTPAPI/2.0
      strict-transport-security:
      - max-age=31536000; includeSubDomains
      transfer-encoding:
      - chunked
      vary:
      - Accept-Encoding
      x-content-type-options:
      - nosniff
    status:
      code: 200
      message: OK
- request:
    body: null
    headers:
      Accept:
      - application/json
      Accept-Encoding:
      - gzip, deflate
      CommandName:
      - vm create
      Connection:
      - keep-alive
      ParameterSetName:
      - -g -n --image --admin-username --admin-password --authentication-type --os-disk-size-gb
      User-Agent:
      - python/3.6.8 (Windows-10-10.0.17763-SP0) msrest/0.6.4 msrest_azure/0.6.0 networkmanagementclient/2.6.0
        Azure-SDK-For-Python AZURECLI/2.0.64
      accept-language:
      - en-US
    method: GET
    uri: https://management.azure.com/subscriptions/00000000-0000-0000-0000-000000000000/resourceGroups/cli_test_os_disk_size000001/providers/Microsoft.Network/publicIPAddresses/vm1PublicIP?api-version=2018-01-01
  response:
    body:
      string: "{\r\n  \"name\": \"vm1PublicIP\",\r\n  \"id\": \"/subscriptions/00000000-0000-0000-0000-000000000000/resourceGroups/cli_test_os_disk_size000001/providers/Microsoft.Network/publicIPAddresses/vm1PublicIP\",\r\n
        \ \"etag\": \"W/\\\"70c95447-6ca9-4ead-b7c4-0cf2d69d243d\\\"\",\r\n  \"location\":
        \"westus\",\r\n  \"tags\": {},\r\n  \"properties\": {\r\n    \"provisioningState\":
        \"Succeeded\",\r\n    \"resourceGuid\": \"b687e27b-a4d0-4de9-a7a6-65a0470aeb04\",\r\n
        \   \"ipAddress\": \"40.83.170.136\",\r\n    \"publicIPAddressVersion\": \"IPv4\",\r\n
        \   \"publicIPAllocationMethod\": \"Dynamic\",\r\n    \"idleTimeoutInMinutes\":
        4,\r\n    \"ipTags\": [],\r\n    \"ipConfiguration\": {\r\n      \"id\": \"/subscriptions/00000000-0000-0000-0000-000000000000/resourceGroups/cli_test_os_disk_size000001/providers/Microsoft.Network/networkInterfaces/vm1VMNic/ipConfigurations/ipconfigvm1\"\r\n
        \   }\r\n  },\r\n  \"type\": \"Microsoft.Network/publicIPAddresses\",\r\n
        \ \"sku\": {\r\n    \"name\": \"Basic\",\r\n    \"tier\": \"Regional\"\r\n
        \ }\r\n}"
    headers:
      cache-control:
      - no-cache
      content-length:
      - '1022'
      content-type:
      - application/json; charset=utf-8
      date:
      - Wed, 08 May 2019 20:40:41 GMT
      etag:
      - W/"70c95447-6ca9-4ead-b7c4-0cf2d69d243d"
      expires:
      - '-1'
      pragma:
      - no-cache
      server:
      - Microsoft-HTTPAPI/2.0
      - Microsoft-HTTPAPI/2.0
      strict-transport-security:
      - max-age=31536000; includeSubDomains
      transfer-encoding:
      - chunked
      vary:
      - Accept-Encoding
      x-content-type-options:
      - nosniff
    status:
      code: 200
      message: OK
- request:
    body: null
    headers:
      Accept:
      - application/json
      Accept-Encoding:
      - gzip, deflate
      CommandName:
      - vm show
      Connection:
      - keep-alive
      ParameterSetName:
      - -g -n
      User-Agent:
      - python/3.6.8 (Windows-10-10.0.17763-SP0) msrest/0.6.4 msrest_azure/0.6.0 computemanagementclient/4.6.1
        Azure-SDK-For-Python AZURECLI/2.0.64
      accept-language:
      - en-US
    method: GET
    uri: https://management.azure.com/subscriptions/00000000-0000-0000-0000-000000000000/resourceGroups/cli_test_os_disk_size000001/providers/Microsoft.Compute/virtualMachines/vm1?api-version=2019-03-01
  response:
    body:
      string: "{\r\n  \"properties\": {\r\n    \"vmId\": \"7286512d-06bf-4779-83f3-1a13722e8226\",\r\n
        \   \"hardwareProfile\": {\r\n      \"vmSize\": \"Standard_DS1_v2\"\r\n    },\r\n
        \   \"storageProfile\": {\r\n      \"imageReference\": {\r\n        \"publisher\":
        \"OpenLogic\",\r\n        \"offer\": \"CentOS\",\r\n        \"sku\": \"7.5\",\r\n
        \       \"version\": \"latest\"\r\n      },\r\n      \"osDisk\": {\r\n        \"osType\":
        \"Linux\",\r\n        \"name\": \"vm1_OsDisk_1_814cc03e6db9495b95b1e05cb6cd23b9\",\r\n
        \       \"createOption\": \"FromImage\",\r\n        \"caching\": \"ReadWrite\",\r\n
        \       \"managedDisk\": {\r\n          \"storageAccountType\": \"Premium_LRS\",\r\n
        \         \"id\": \"/subscriptions/00000000-0000-0000-0000-000000000000/resourceGroups/cli_test_os_disk_size000001/providers/Microsoft.Compute/disks/vm1_OsDisk_1_814cc03e6db9495b95b1e05cb6cd23b9\"\r\n
        \       },\r\n        \"diskSizeGB\": 75\r\n      },\r\n      \"dataDisks\":
        []\r\n    },\r\n    \"osProfile\": {\r\n      \"computerName\": \"vm1\",\r\n
        \     \"adminUsername\": \"centosadmin\",\r\n      \"linuxConfiguration\":
        {\r\n        \"disablePasswordAuthentication\": false,\r\n        \"provisionVMAgent\":
        true\r\n      },\r\n      \"secrets\": [],\r\n      \"allowExtensionOperations\":
        true,\r\n      \"requireGuestProvisionSignal\": true\r\n    },\r\n    \"networkProfile\":
        {\"networkInterfaces\":[{\"id\":\"/subscriptions/00000000-0000-0000-0000-000000000000/resourceGroups/cli_test_os_disk_size000001/providers/Microsoft.Network/networkInterfaces/vm1VMNic\"}]},\r\n
        \   \"provisioningState\": \"Succeeded\"\r\n  },\r\n  \"type\": \"Microsoft.Compute/virtualMachines\",\r\n
        \ \"location\": \"westus\",\r\n  \"tags\": {},\r\n  \"id\": \"/subscriptions/00000000-0000-0000-0000-000000000000/resourceGroups/cli_test_os_disk_size000001/providers/Microsoft.Compute/virtualMachines/vm1\",\r\n
        \ \"name\": \"vm1\"\r\n}"
    headers:
      cache-control:
      - no-cache
      content-length:
      - '1835'
      content-type:
      - application/json; charset=utf-8
      date:
      - Wed, 08 May 2019 20:40:42 GMT
      expires:
      - '-1'
      pragma:
      - no-cache
      server:
      - Microsoft-HTTPAPI/2.0
      - Microsoft-HTTPAPI/2.0
      strict-transport-security:
      - max-age=31536000; includeSubDomains
      transfer-encoding:
      - chunked
      vary:
      - Accept-Encoding
      x-content-type-options:
      - nosniff
      x-ms-ratelimit-remaining-resource:
      - Microsoft.Compute/LowCostGet3Min;3992,Microsoft.Compute/LowCostGet30Min;31965
    status:
      code: 200
      message: OK
- request:
    body: null
    headers:
      Accept:
      - application/json
      Accept-Encoding:
      - gzip, deflate
      CommandName:
      - group delete
      Connection:
      - keep-alive
      Content-Length:
      - '0'
      ParameterSetName:
      - --name --yes --no-wait
      User-Agent:
      - python/3.6.8 (Windows-10-10.0.17763-SP0) msrest/0.6.4 msrest_azure/0.6.0 resourcemanagementclient/2.1.0
        Azure-SDK-For-Python AZURECLI/2.0.64
      accept-language:
      - en-US
    method: DELETE
    uri: https://management.azure.com/subscriptions/00000000-0000-0000-0000-000000000000/resourcegroups/cli_test_os_disk_size000001?api-version=2018-05-01
  response:
    body:
      string: ''
    headers:
      cache-control:
      - no-cache
      content-length:
      - '0'
      date:
      - Wed, 08 May 2019 20:40:43 GMT
      expires:
      - '-1'
      location:
      - https://management.azure.com/subscriptions/00000000-0000-0000-0000-000000000000/operationresults/eyJqb2JJZCI6IlJFU09VUkNFR1JPVVBERUxFVElPTkpPQi1DTEk6NUZURVNUOjVGT1M6NUZESVNLOjVGU0laRU1QR1lDUVJBUVBTN1VIVURZSHxBMDM4N0RFNEQ3NDQxQ0FCLVdFU1RVUyIsImpvYkxvY2F0aW9uIjoid2VzdHVzIn0?api-version=2018-05-01
      pragma:
      - no-cache
      strict-transport-security:
      - max-age=31536000; includeSubDomains
      x-content-type-options:
      - nosniff
      x-ms-ratelimit-remaining-subscription-deletes:
      - '14999'
    status:
      code: 202
      message: Accepted
version: 1
