interactions:
- request:
    body: null
    headers:
      Accept:
      - application/json
      Accept-Encoding:
      - gzip, deflate
      Connection:
      - keep-alive
      Content-Length:
      - '0'
      Content-Type:
      - application/json
      User-Agent:
      - azsdk-python-keyvault-keys/4.4.0 Python/3.9.6 (Windows-10-10.0.19043-SP0)
    method: POST
    uri: https://vault1-000002.vault.azure.net/keys/key1-000004/create?api-version=7.0
  response:
    body:
      string: '{"error":{"code":"Unauthorized","message":"AKV10000: Request is missing
        a Bearer or PoP token."}}'
    headers:
      cache-control:
      - no-cache
      content-length:
      - '97'
      content-type:
      - application/json; charset=utf-8
      date:
      - Fri, 15 Oct 2021 07:25:14 GMT
      expires:
      - '-1'
      pragma:
      - no-cache
      strict-transport-security:
      - max-age=31536000;includeSubDomains
      www-authenticate:
      - Bearer authorization="https://login.windows.net/54826b22-38d6-4fb2-bad9-b7b93a3e9c5a",
        resource="https://vault.azure.net"
      x-content-type-options:
      - nosniff
      x-ms-keyvault-network-info:
      - conn_type=Ipv4;addr=167.220.255.106;act_addr_fam=InterNetwork;
      x-ms-keyvault-region:
      - westcentralus
      x-ms-keyvault-service-version:
      - 1.9.150.1
      x-powered-by:
      - ASP.NET
    status:
      code: 401
      message: Unauthorized
- request:
    body: '{"kty": "RSA", "attributes": {"enabled": true}}'
    headers:
      Accept:
      - application/json
      Accept-Encoding:
      - gzip, deflate
      Connection:
      - keep-alive
      Content-Length:
      - '47'
      Content-Type:
      - application/json
      User-Agent:
      - azsdk-python-keyvault-keys/4.4.0 Python/3.9.6 (Windows-10-10.0.19043-SP0)
    method: POST
    uri: https://vault1-000002.vault.azure.net/keys/key1-000004/create?api-version=7.0
  response:
    body:
      string: '{"key":{"kid":"https://vault1-000002.vault.azure.net/keys/key1-000004/a472c872f8bf4db88c71f1b934b2ad78","kty":"RSA","key_ops":["encrypt","decrypt","sign","verify","wrapKey","unwrapKey"],"n":"qKZ3WF7nRsu8HmmTJWjv3y6-ZRB7JHc4uaK9eexIY8ixmFmQxpeZ_MTzZRXLpF29jrJEVPBZBf4MbNY9dgUoci8A1Hapr4W7QEfVcsEOrCoHhQNzEeuxosaqUv9dmc7iSBDuuFx3NppflpV4GVikN3-xFwuNOMatc_WahJjS09rBqF26zDQDv41SaYasIVg5UkXpIpuIARNc1Y3CZQ-aMG9p9nwlwQKHWjq1DV-2c_yzzVoUOuVwbXdDOa3EpTBMkxjhqXS4pl4HXiKHpIcNnF33rMyBZj6j_7GQvwsq9IktwchtT0EnrQidUYPeaHGP25wZRJ-bkdXX2r2t8Y6IrQ","e":"AQAB"},"attributes":{"enabled":true,"created":1634282715,"updated":1634282715,"recoveryLevel":"CustomizedRecoverable"}}'
    headers:
      cache-control:
      - no-cache
      content-length:
      - '675'
      content-type:
      - application/json; charset=utf-8
      date:
      - Fri, 15 Oct 2021 07:25:16 GMT
      expires:
      - '-1'
      pragma:
      - no-cache
      strict-transport-security:
      - max-age=31536000;includeSubDomains
      x-content-type-options:
      - nosniff
      x-ms-keyvault-network-info:
      - conn_type=Ipv4;addr=167.220.255.106;act_addr_fam=InterNetwork;
      x-ms-keyvault-region:
      - westcentralus
      x-ms-keyvault-service-version:
      - 1.9.150.1
      x-powered-by:
      - ASP.NET
    status:
      code: 200
      message: OK
- request:
    body: null
    headers:
      Accept:
      - application/json
      Accept-Encoding:
      - gzip, deflate
      CommandName:
      - keyvault show
      Connection:
      - keep-alive
      ParameterSetName:
      - -g -n
      User-Agent:
      - AZURECLI/2.29.0 azsdk-python-azure-mgmt-keyvault/9.1.0 Python/3.9.6 (Windows-10-10.0.19043-SP0)
    method: GET
    uri: https://management.azure.com/subscriptions/00000000-0000-0000-0000-000000000000/resourceGroups/cli_test_disk_encryption_set_update_000001/providers/Microsoft.KeyVault/vaults/vault2-000003?api-version=2021-06-01-preview
  response:
    body:
      string: '{"id":"/subscriptions/00000000-0000-0000-0000-000000000000/resourceGroups/cli_test_disk_encryption_set_update_000001/providers/Microsoft.KeyVault/vaults/vault2-000003","name":"vault2-000003","type":"Microsoft.KeyVault/vaults","location":"westcentralus","tags":{},"systemData":{"createdBy":"zhiyihuang@microsoft.com","createdByType":"User","createdAt":"2021-10-15T07:24:40.177Z","lastModifiedBy":"zhiyihuang@microsoft.com","lastModifiedByType":"User","lastModifiedAt":"2021-10-15T07:24:40.177Z"},"properties":{"sku":{"family":"A","name":"standard"},"tenantId":"54826b22-38d6-4fb2-bad9-b7b93a3e9c5a","accessPolicies":[{"tenantId":"54826b22-38d6-4fb2-bad9-b7b93a3e9c5a","objectId":"a7250e3a-0e5e-48e2-9a34-45f1f5e1a91e","permissions":{"keys":["get","create","delete","list","update","import","backup","restore","recover"],"secrets":["get","list","set","delete","backup","restore","recover"],"certificates":["get","list","delete","create","import","update","managecontacts","getissuers","listissuers","setissuers","deleteissuers","manageissuers","recover"],"storage":["get","list","delete","set","update","regeneratekey","setsas","listsas","getsas","deletesas"]}}],"enabledForDeployment":false,"enableSoftDelete":true,"softDeleteRetentionInDays":7,"enablePurgeProtection":true,"vaultUri":"https://vault2-000003.vault.azure.net/","provisioningState":"Succeeded","publicNetworkAccess":"Enabled"}}'
    headers:
      cache-control:
      - no-cache
      content-length:
      - '1444'
      content-type:
      - application/json; charset=utf-8
      date:
      - Fri, 15 Oct 2021 07:25:17 GMT
      expires:
      - '-1'
      pragma:
      - no-cache
      server:
      - Microsoft-IIS/10.0
      strict-transport-security:
      - max-age=31536000; includeSubDomains
      transfer-encoding:
      - chunked
      vary:
      - Accept-Encoding
      x-aspnet-version:
      - 4.0.30319
      x-content-type-options:
      - nosniff
      x-ms-keyvault-service-version:
      - 1.5.155.0
      x-powered-by:
      - ASP.NET
    status:
      code: 200
      message: OK
- request:
    body: null
    headers:
      Accept:
      - application/json
      Accept-Encoding:
      - gzip, deflate
      Connection:
      - keep-alive
      Content-Length:
      - '0'
      Content-Type:
      - application/json
      User-Agent:
      - azsdk-python-keyvault-keys/4.4.0 Python/3.9.6 (Windows-10-10.0.19043-SP0)
    method: POST
    uri: https://vault2-000003.vault.azure.net/keys/key2-000005/create?api-version=7.0
  response:
    body:
      string: '{"error":{"code":"Unauthorized","message":"AKV10000: Request is missing
        a Bearer or PoP token."}}'
    headers:
      cache-control:
      - no-cache
      content-length:
      - '97'
      content-type:
      - application/json; charset=utf-8
      date:
      - Fri, 15 Oct 2021 07:25:19 GMT
      expires:
      - '-1'
      pragma:
      - no-cache
      strict-transport-security:
      - max-age=31536000;includeSubDomains
      www-authenticate:
      - Bearer authorization="https://login.windows.net/54826b22-38d6-4fb2-bad9-b7b93a3e9c5a",
        resource="https://vault.azure.net"
      x-content-type-options:
      - nosniff
      x-ms-keyvault-network-info:
      - conn_type=Ipv4;addr=167.220.255.106;act_addr_fam=InterNetwork;
      x-ms-keyvault-region:
      - westcentralus
      x-ms-keyvault-service-version:
      - 1.9.150.1
      x-powered-by:
      - ASP.NET
    status:
      code: 401
      message: Unauthorized
- request:
    body: '{"kty": "RSA", "attributes": {"enabled": true}}'
    headers:
      Accept:
      - application/json
      Accept-Encoding:
      - gzip, deflate
      Connection:
      - keep-alive
      Content-Length:
      - '47'
      Content-Type:
      - application/json
      User-Agent:
      - azsdk-python-keyvault-keys/4.4.0 Python/3.9.6 (Windows-10-10.0.19043-SP0)
    method: POST
    uri: https://vault2-000003.vault.azure.net/keys/key2-000005/create?api-version=7.0
  response:
    body:
      string: '{"key":{"kid":"https://vault2-000003.vault.azure.net/keys/key2-000005/71b4586f1a9c428489d7852cdbfdda83","kty":"RSA","key_ops":["encrypt","decrypt","sign","verify","wrapKey","unwrapKey"],"n":"0XfgVCk16sqexndEtkOi9i0hI_vxlTGVkfZfDWeFBppH1Zob7EGjCl4EATchCMtlzRUA239X3IG6wv7P7erzCkhW1fXrYFIZtm-RqVula0NneNMHQVaaacXZG_n9Zd-CmOMc8JbDIus-tVL8s0iWm33GBStRdalC7sFbGn0BjhhJM7wWRQNPJjW0NHVCdLD72bPfpbug__Slt6Ncs7GR9aw5mV2H_EAwNgwixSyDyC8D-a_YNAcwQYuv0GArIhru-1ern1MsBUyXAyRIhpoGVcX_yPU0B6srgino4RGmn0qgbqdNO-cwq3xrbYtnJJvQ7B9SDYrsMhsXobDg4ApsiQ","e":"AQAB"},"attributes":{"enabled":true,"created":1634282720,"updated":1634282720,"recoveryLevel":"CustomizedRecoverable"}}'
    headers:
      cache-control:
      - no-cache
      content-length:
      - '675'
      content-type:
      - application/json; charset=utf-8
      date:
      - Fri, 15 Oct 2021 07:25:20 GMT
      expires:
      - '-1'
      pragma:
      - no-cache
      strict-transport-security:
      - max-age=31536000;includeSubDomains
      x-content-type-options:
      - nosniff
      x-ms-keyvault-network-info:
      - conn_type=Ipv4;addr=167.220.255.106;act_addr_fam=InterNetwork;
      x-ms-keyvault-region:
      - westcentralus
      x-ms-keyvault-service-version:
      - 1.9.150.1
      x-powered-by:
      - ASP.NET
    status:
      code: 200
      message: OK
- request:
    body: null
    headers:
      Accept:
      - application/json
      Accept-Encoding:
      - gzip, deflate
      CommandName:
      - disk-encryption-set create
      Connection:
      - keep-alive
      ParameterSetName:
      - -g -n --key-url --source-vault --enable-auto-key-rotation
      User-Agent:
      - AZURECLI/2.29.0 azsdk-python-azure-mgmt-resource/19.0.0 Python/3.9.6 (Windows-10-10.0.19043-SP0)
    method: GET
    uri: https://management.azure.com/subscriptions/00000000-0000-0000-0000-000000000000/resourcegroups/cli_test_disk_encryption_set_update_000001?api-version=2021-04-01
  response:
    body:
      string: '{"id":"/subscriptions/00000000-0000-0000-0000-000000000000/resourceGroups/cli_test_disk_encryption_set_update_000001","name":"cli_test_disk_encryption_set_update_000001","type":"Microsoft.Resources/resourceGroups","location":"westcentralus","tags":{"product":"azurecli","cause":"automation","date":"2021-10-15T07:23:45Z"},"properties":{"provisioningState":"Succeeded"}}'
    headers:
      cache-control:
      - no-cache
      content-length:
      - '435'
      content-type:
      - application/json; charset=utf-8
      date:
      - Fri, 15 Oct 2021 07:25:20 GMT
      expires:
      - '-1'
      pragma:
      - no-cache
      strict-transport-security:
      - max-age=31536000; includeSubDomains
      vary:
      - Accept-Encoding
      x-content-type-options:
      - nosniff
    status:
      code: 200
      message: OK
- request:
    body: '{"location": "westcentralus", "identity": {"type": "SystemAssigned"}, "properties":
      {"activeKey": {"sourceVault": {"id": "/subscriptions/00000000-0000-0000-0000-000000000000/resourceGroups/cli_test_disk_encryption_set_update_000001/providers/Microsoft.KeyVault/vaults/vault1-000002"},
      "keyUrl": "https://vault1-000002.vault.azure.net/keys/key1-000004/a472c872f8bf4db88c71f1b934b2ad78"},
      "rotationToLatestKeyVersionEnabled": true}}'
    headers:
      Accept:
      - application/json
      Accept-Encoding:
      - gzip, deflate
      CommandName:
      - disk-encryption-set create
      Connection:
      - keep-alive
      Content-Length:
      - '486'
      Content-Type:
      - application/json
      ParameterSetName:
      - -g -n --key-url --source-vault --enable-auto-key-rotation
      User-Agent:
      - AZURECLI/2.29.0 azsdk-python-azure-mgmt-compute/23.0.0 Python/3.9.6 (Windows-10-10.0.19043-SP0)
    method: PUT
    uri: https://management.azure.com/subscriptions/00000000-0000-0000-0000-000000000000/resourceGroups/cli_test_disk_encryption_set_update_000001/providers/Microsoft.Compute/diskEncryptionSets/des-000006?api-version=2020-12-01
  response:
    body:
      string: "{\r\n  \"location\": \"westcentralus\",\r\n  \"identity\": {\r\n    \"type\":
        \"SystemAssigned\"\r\n  },\r\n  \"properties\": {\r\n    \"activeKey\": {\r\n
        \     \"sourceVault\": {\r\n        \"id\": \"/subscriptions/00000000-0000-0000-0000-000000000000/resourceGroups/cli_test_disk_encryption_set_update_000001/providers/Microsoft.KeyVault/vaults/vault1-000002\"\r\n
        \     },\r\n      \"keyUrl\": \"https://vault1-000002.vault.azure.net/keys/key1-000004/a472c872f8bf4db88c71f1b934b2ad78\"\r\n
        \   },\r\n    \"rotationToLatestKeyVersionEnabled\": true,\r\n    \"provisioningState\":
        \"Updating\"\r\n  }\r\n}"
    headers:
      azure-asyncoperation:
      - https://management.azure.com/subscriptions/00000000-0000-0000-0000-000000000000/providers/Microsoft.Compute/locations/westcentralus/DiskOperations/b7677bce-a0e8-4c5c-a1dd-0666abef925c?p=c7be8819-8178-488e-b751-923f11b1b57c&api-version=2020-12-01
      cache-control:
      - no-cache
      content-length:
      - '600'
      content-type:
      - application/json; charset=utf-8
      date:
      - Fri, 15 Oct 2021 07:25:31 GMT
      expires:
      - '-1'
      location:
      - https://management.azure.com/subscriptions/00000000-0000-0000-0000-000000000000/providers/Microsoft.Compute/locations/westcentralus/DiskOperations/b7677bce-a0e8-4c5c-a1dd-0666abef925c?p=c7be8819-8178-488e-b751-923f11b1b57c&monitor=true&api-version=2020-12-01
      pragma:
      - no-cache
      server:
      - Microsoft-HTTPAPI/2.0
      - Microsoft-HTTPAPI/2.0
      strict-transport-security:
      - max-age=31536000; includeSubDomains
      x-content-type-options:
      - nosniff
      x-ms-ratelimit-remaining-resource:
      - Microsoft.Compute/HighCostDiskEncryptionSet3Min;99,Microsoft.Compute/HighCostDiskEncryptionSet30Min;299
      x-ms-ratelimit-remaining-subscription-writes:
      - '1191'
    status:
      code: 202
      message: Accepted
- request:
    body: null
    headers:
      Accept:
      - '*/*'
      Accept-Encoding:
      - gzip, deflate
      CommandName:
      - disk-encryption-set create
      Connection:
      - keep-alive
      ParameterSetName:
      - -g -n --key-url --source-vault --enable-auto-key-rotation
      User-Agent:
      - AZURECLI/2.29.0 azsdk-python-azure-mgmt-compute/23.0.0 Python/3.9.6 (Windows-10-10.0.19043-SP0)
    method: GET
    uri: https://management.azure.com/subscriptions/00000000-0000-0000-0000-000000000000/providers/Microsoft.Compute/locations/westcentralus/DiskOperations/b7677bce-a0e8-4c5c-a1dd-0666abef925c?p=c7be8819-8178-488e-b751-923f11b1b57c&api-version=2020-12-01
  response:
    body:
      string: "{\r\n  \"startTime\": \"2021-10-15T07:25:31.6236663+00:00\",\r\n  \"endTime\":
        \"2021-10-15T07:25:31.8424424+00:00\",\r\n  \"status\": \"Succeeded\",\r\n
        \ \"properties\": {\r\n    \"output\": {\"name\":\"des-000006\",\"id\":\"/subscriptions/00000000-0000-0000-0000-000000000000/resourceGroups/cli_test_disk_encryption_set_update_000001/providers/Microsoft.Compute/diskEncryptionSets/des-000006\",\"type\":\"Microsoft.Compute/diskEncryptionSets\",\"location\":\"westcentralus\",\"identity\":{\"type\":\"SystemAssigned\",\"principalId\":\"38a11c63-f72f-4aba-876e-40145ea577f5\",\"tenantId\":\"54826b22-38d6-4fb2-bad9-b7b93a3e9c5a\"},\"properties\":{\"activeKey\":{\"sourceVault\":{\"id\":\"/subscriptions/00000000-0000-0000-0000-000000000000/resourceGroups/cli_test_disk_encryption_set_update_000001/providers/Microsoft.KeyVault/vaults/vault1-000002\"},\"keyUrl\":\"https://vault1-000002.vault.azure.net/keys/key1-000004/a472c872f8bf4db88c71f1b934b2ad78\"},\"encryptionType\":\"EncryptionAtRestWithCustomerKey\",\"rotationToLatestKeyVersionEnabled\":true,\"provisioningState\":\"Succeeded\"}}\r\n
        \ },\r\n  \"name\": \"b7677bce-a0e8-4c5c-a1dd-0666abef925c\"\r\n}"
    headers:
      cache-control:
      - no-cache
      content-length:
      - '1178'
      content-type:
      - application/json; charset=utf-8
      date:
      - Fri, 15 Oct 2021 07:26:02 GMT
      expires:
      - '-1'
      pragma:
      - no-cache
      server:
      - Microsoft-HTTPAPI/2.0
      - Microsoft-HTTPAPI/2.0
      strict-transport-security:
      - max-age=31536000; includeSubDomains
      transfer-encoding:
      - chunked
      vary:
      - Accept-Encoding
      x-content-type-options:
      - nosniff
      x-ms-ratelimit-remaining-resource:
      - Microsoft.Compute/GetOperation3Min;49998,Microsoft.Compute/GetOperation30Min;399998
    status:
      code: 200
      message: OK
- request:
    body: null
    headers:
      Accept:
      - '*/*'
      Accept-Encoding:
      - gzip, deflate
      CommandName:
      - disk-encryption-set create
      Connection:
      - keep-alive
      ParameterSetName:
      - -g -n --key-url --source-vault --enable-auto-key-rotation
      User-Agent:
      - AZURECLI/2.29.0 azsdk-python-azure-mgmt-compute/23.0.0 Python/3.9.6 (Windows-10-10.0.19043-SP0)
    method: GET
    uri: https://management.azure.com/subscriptions/00000000-0000-0000-0000-000000000000/resourceGroups/cli_test_disk_encryption_set_update_000001/providers/Microsoft.Compute/diskEncryptionSets/des-000006?api-version=2020-12-01
  response:
    body:
      string: "{\r\n  \"name\": \"des-000006\",\r\n  \"id\": \"/subscriptions/00000000-0000-0000-0000-000000000000/resourceGroups/cli_test_disk_encryption_set_update_000001/providers/Microsoft.Compute/diskEncryptionSets/des-000006\",\r\n
        \ \"type\": \"Microsoft.Compute/diskEncryptionSets\",\r\n  \"location\": \"westcentralus\",\r\n
        \ \"identity\": {\r\n    \"type\": \"SystemAssigned\",\r\n    \"principalId\":
        \"38a11c63-f72f-4aba-876e-40145ea577f5\",\r\n    \"tenantId\": \"54826b22-38d6-4fb2-bad9-b7b93a3e9c5a\"\r\n
        \ },\r\n  \"properties\": {\r\n    \"activeKey\": {\r\n      \"sourceVault\":
        {\r\n        \"id\": \"/subscriptions/00000000-0000-0000-0000-000000000000/resourceGroups/cli_test_disk_encryption_set_update_000001/providers/Microsoft.KeyVault/vaults/vault1-000002\"\r\n
        \     },\r\n      \"keyUrl\": \"https://vault1-000002.vault.azure.net/keys/key1-000004/a472c872f8bf4db88c71f1b934b2ad78\"\r\n
        \   },\r\n    \"encryptionType\": \"EncryptionAtRestWithCustomerKey\",\r\n
        \   \"rotationToLatestKeyVersionEnabled\": true,\r\n    \"provisioningState\":
        \"Succeeded\"\r\n  }\r\n}"
    headers:
      cache-control:
      - no-cache
      content-length:
      - '1085'
      content-type:
      - application/json; charset=utf-8
      date:
      - Fri, 15 Oct 2021 07:26:02 GMT
      expires:
      - '-1'
      pragma:
      - no-cache
      server:
      - Microsoft-HTTPAPI/2.0
      - Microsoft-HTTPAPI/2.0
      strict-transport-security:
      - max-age=31536000; includeSubDomains
      transfer-encoding:
      - chunked
      vary:
      - Accept-Encoding
      x-content-type-options:
      - nosniff
      x-ms-ratelimit-remaining-resource:
      - Microsoft.Compute/LowCostGet3Min;14997,Microsoft.Compute/LowCostGet30Min;119997
    status:
      code: 200
      message: OK
- request:
    body: null
    headers:
      Accept:
      - application/json
      Accept-Encoding:
      - gzip, deflate
      CommandName:
      - disk-encryption-set show
      Connection:
      - keep-alive
      ParameterSetName:
      - -g -n
      User-Agent:
      - AZURECLI/2.29.0 azsdk-python-azure-mgmt-compute/23.0.0 Python/3.9.6 (Windows-10-10.0.19043-SP0)
    method: GET
    uri: https://management.azure.com/subscriptions/00000000-0000-0000-0000-000000000000/resourceGroups/cli_test_disk_encryption_set_update_000001/providers/Microsoft.Compute/diskEncryptionSets/des-000006?api-version=2020-12-01
  response:
    body:
      string: "{\r\n  \"name\": \"des-000006\",\r\n  \"id\": \"/subscriptions/00000000-0000-0000-0000-000000000000/resourceGroups/cli_test_disk_encryption_set_update_000001/providers/Microsoft.Compute/diskEncryptionSets/des-000006\",\r\n
        \ \"type\": \"Microsoft.Compute/diskEncryptionSets\",\r\n  \"location\": \"westcentralus\",\r\n
        \ \"identity\": {\r\n    \"type\": \"SystemAssigned\",\r\n    \"principalId\":
        \"38a11c63-f72f-4aba-876e-40145ea577f5\",\r\n    \"tenantId\": \"54826b22-38d6-4fb2-bad9-b7b93a3e9c5a\"\r\n
        \ },\r\n  \"properties\": {\r\n    \"activeKey\": {\r\n      \"sourceVault\":
        {\r\n        \"id\": \"/subscriptions/00000000-0000-0000-0000-000000000000/resourceGroups/cli_test_disk_encryption_set_update_000001/providers/Microsoft.KeyVault/vaults/vault1-000002\"\r\n
        \     },\r\n      \"keyUrl\": \"https://vault1-000002.vault.azure.net/keys/key1-000004/a472c872f8bf4db88c71f1b934b2ad78\"\r\n
        \   },\r\n    \"encryptionType\": \"EncryptionAtRestWithCustomerKey\",\r\n
        \   \"rotationToLatestKeyVersionEnabled\": true,\r\n    \"provisioningState\":
        \"Succeeded\"\r\n  }\r\n}"
    headers:
      cache-control:
      - no-cache
      content-length:
      - '1085'
      content-type:
      - application/json; charset=utf-8
      date:
      - Fri, 15 Oct 2021 07:26:03 GMT
      expires:
      - '-1'
      pragma:
      - no-cache
      server:
      - Microsoft-HTTPAPI/2.0
      - Microsoft-HTTPAPI/2.0
      strict-transport-security:
      - max-age=31536000; includeSubDomains
      transfer-encoding:
      - chunked
      vary:
      - Accept-Encoding
      x-content-type-options:
      - nosniff
      x-ms-ratelimit-remaining-resource:
      - Microsoft.Compute/LowCostGet3Min;14996,Microsoft.Compute/LowCostGet30Min;119996
    status:
      code: 200
      message: OK
- request:
    body: null
    headers:
      Accept:
      - application/json
      Accept-Encoding:
      - gzip, deflate
      CommandName:
      - keyvault set-policy
      Connection:
      - keep-alive
      ParameterSetName:
      - -n --object-id --key-permissions
      User-Agent:
      - AZURECLI/2.29.0 azsdk-python-azure-mgmt-keyvault/9.1.0 Python/3.9.6 (Windows-10-10.0.19043-SP0)
    method: GET
    uri: https://management.azure.com/subscriptions/00000000-0000-0000-0000-000000000000/resources?$filter=resourceType%20eq%20%27Microsoft.KeyVault%2Fvaults%27&api-version=2015-11-01
  response:
    body:
      string: '{"value":[{"id":"/subscriptions/00000000-0000-0000-0000-000000000000/resourceGroups/cli_test_disk_encryption_set_update_000001/providers/Microsoft.KeyVault/vaults/vault1-000002","name":"vault1-000002","type":"Microsoft.KeyVault/vaults","location":"westcentralus","tags":{}},{"id":"/subscriptions/00000000-0000-0000-0000-000000000000/resourceGroups/cli_test_disk_encryption_set_update_000001/providers/Microsoft.KeyVault/vaults/vault2-000003","name":"vault2-000003","type":"Microsoft.KeyVault/vaults","location":"westcentralus","tags":{}},{"id":"/subscriptions/00000000-0000-0000-0000-000000000000/resourceGroups/clitest.rgiooawth3nt5eovdbihuqvsdt5iqa2hmbgsmb3njgdienxktuwoerdwzwijejv27ac/providers/Microsoft.KeyVault/vaults/sfrp-cli-kv-ox75q27uw7gu","name":"sfrp-cli-kv-ox75q27uw7gu","type":"Microsoft.KeyVault/vaults","location":"eastasia","tags":{}},{"id":"/subscriptions/00000000-0000-0000-0000-000000000000/resourceGroups/python-sdk-test/providers/Microsoft.KeyVault/vaults/python-devops-key","name":"python-devops-key","type":"Microsoft.KeyVault/vaults","location":"eastus","tags":{}},{"id":"/subscriptions/00000000-0000-0000-0000-000000000000/resourceGroups/python-sdk-test/providers/Microsoft.KeyVault/vaults/SDKAutoPipelineSecrets","name":"SDKAutoPipelineSecrets","type":"Microsoft.KeyVault/vaults","location":"eastus","tags":{}},{"id":"/subscriptions/00000000-0000-0000-0000-000000000000/resourceGroups/yishitest/providers/Microsoft.KeyVault/vaults/yetestkv","name":"yetestkv","type":"Microsoft.KeyVault/vaults","location":"eastus","tags":{}},{"id":"/subscriptions/00000000-0000-0000-0000-000000000000/resourceGroups/yishitest/providers/Microsoft.KeyVault/vaults/ystestkv","name":"ystestkv","type":"Microsoft.KeyVault/vaults","location":"eastus","tags":{}}]}'
    headers:
      cache-control:
      - no-cache
      content-length:
      - '1861'
      content-type:
      - application/json; charset=utf-8
      date:
      - Fri, 15 Oct 2021 07:26:03 GMT
      expires:
      - '-1'
      pragma:
      - no-cache
      strict-transport-security:
      - max-age=31536000; includeSubDomains
      vary:
      - Accept-Encoding
      x-content-type-options:
      - nosniff
    status:
      code: 200
      message: OK
- request:
    body: null
    headers:
      Accept:
      - application/json
      Accept-Encoding:
      - gzip, deflate
      CommandName:
      - keyvault set-policy
      Connection:
      - keep-alive
      ParameterSetName:
      - -n --object-id --key-permissions
      User-Agent:
      - AZURECLI/2.29.0 azsdk-python-azure-mgmt-keyvault/9.1.0 Python/3.9.6 (Windows-10-10.0.19043-SP0)
    method: GET
    uri: https://management.azure.com/subscriptions/00000000-0000-0000-0000-000000000000/resourceGroups/cli_test_disk_encryption_set_update_000001/providers/Microsoft.KeyVault/vaults/vault2-000003?api-version=2021-06-01-preview
  response:
    body:
      string: '{"id":"/subscriptions/00000000-0000-0000-0000-000000000000/resourceGroups/cli_test_disk_encryption_set_update_000001/providers/Microsoft.KeyVault/vaults/vault2-000003","name":"vault2-000003","type":"Microsoft.KeyVault/vaults","location":"westcentralus","tags":{},"systemData":{"createdBy":"zhiyihuang@microsoft.com","createdByType":"User","createdAt":"2021-10-15T07:24:40.177Z","lastModifiedBy":"zhiyihuang@microsoft.com","lastModifiedByType":"User","lastModifiedAt":"2021-10-15T07:24:40.177Z"},"properties":{"sku":{"family":"A","name":"standard"},"tenantId":"54826b22-38d6-4fb2-bad9-b7b93a3e9c5a","accessPolicies":[{"tenantId":"54826b22-38d6-4fb2-bad9-b7b93a3e9c5a","objectId":"a7250e3a-0e5e-48e2-9a34-45f1f5e1a91e","permissions":{"keys":["get","create","delete","list","update","import","backup","restore","recover"],"secrets":["get","list","set","delete","backup","restore","recover"],"certificates":["get","list","delete","create","import","update","managecontacts","getissuers","listissuers","setissuers","deleteissuers","manageissuers","recover"],"storage":["get","list","delete","set","update","regeneratekey","setsas","listsas","getsas","deletesas"]}}],"enabledForDeployment":false,"enableSoftDelete":true,"softDeleteRetentionInDays":7,"enablePurgeProtection":true,"vaultUri":"https://vault2-000003.vault.azure.net/","provisioningState":"Succeeded","publicNetworkAccess":"Enabled"}}'
    headers:
      cache-control:
      - no-cache
      content-length:
      - '1444'
      content-type:
      - application/json; charset=utf-8
      date:
      - Fri, 15 Oct 2021 07:26:05 GMT
      expires:
      - '-1'
      pragma:
      - no-cache
      server:
      - Microsoft-IIS/10.0
      strict-transport-security:
      - max-age=31536000; includeSubDomains
      transfer-encoding:
      - chunked
      vary:
      - Accept-Encoding
      x-aspnet-version:
      - 4.0.30319
      x-content-type-options:
      - nosniff
      x-ms-keyvault-service-version:
      - 1.5.155.0
      x-powered-by:
      - ASP.NET
    status:
      code: 200
      message: OK
- request:
    body: '{"location": "westcentralus", "tags": {}, "properties": {"tenantId": "54826b22-38d6-4fb2-bad9-b7b93a3e9c5a",
      "sku": {"family": "A", "name": "standard"}, "accessPolicies": [{"tenantId":
      "54826b22-38d6-4fb2-bad9-b7b93a3e9c5a", "objectId": "a7250e3a-0e5e-48e2-9a34-45f1f5e1a91e",
      "permissions": {"keys": ["get", "create", "delete", "list", "update", "import",
      "backup", "restore", "recover"], "secrets": ["get", "list", "set", "delete",
      "backup", "restore", "recover"], "certificates": ["get", "list", "delete", "create",
      "import", "update", "managecontacts", "getissuers", "listissuers", "setissuers",
      "deleteissuers", "manageissuers", "recover"], "storage": ["get", "list", "delete",
      "set", "update", "regeneratekey", "setsas", "listsas", "getsas", "deletesas"]}},
      {"tenantId": "54826b22-38d6-4fb2-bad9-b7b93a3e9c5a", "objectId": "38a11c63-f72f-4aba-876e-40145ea577f5",
      "permissions": {"keys": ["get", "wrapKey", "unwrapKey"]}}], "vaultUri": "https://vault2-000003.vault.azure.net/",
      "enabledForDeployment": false, "enableSoftDelete": true, "softDeleteRetentionInDays":
      7, "enablePurgeProtection": true, "provisioningState": "Succeeded", "publicNetworkAccess":
      "Enabled"}}'
    headers:
      Accept:
      - application/json
      Accept-Encoding:
      - gzip, deflate
      CommandName:
      - keyvault set-policy
      Connection:
      - keep-alive
      Content-Length:
      - '1178'
      Content-Type:
      - application/json
      ParameterSetName:
      - -n --object-id --key-permissions
      User-Agent:
      - AZURECLI/2.29.0 azsdk-python-azure-mgmt-keyvault/9.1.0 Python/3.9.6 (Windows-10-10.0.19043-SP0)
    method: PUT
    uri: https://management.azure.com/subscriptions/00000000-0000-0000-0000-000000000000/resourceGroups/cli_test_disk_encryption_set_update_000001/providers/Microsoft.KeyVault/vaults/vault2-000003?api-version=2021-06-01-preview
  response:
    body:
      string: '{"id":"/subscriptions/00000000-0000-0000-0000-000000000000/resourceGroups/cli_test_disk_encryption_set_update_000001/providers/Microsoft.KeyVault/vaults/vault2-000003","name":"vault2-000003","type":"Microsoft.KeyVault/vaults","location":"westcentralus","tags":{},"systemData":{"createdBy":"zhiyihuang@microsoft.com","createdByType":"User","createdAt":"2021-10-15T07:24:40.177Z","lastModifiedBy":"zhiyihuang@microsoft.com","lastModifiedByType":"User","lastModifiedAt":"2021-10-15T07:26:06.539Z"},"properties":{"sku":{"family":"A","name":"standard"},"tenantId":"54826b22-38d6-4fb2-bad9-b7b93a3e9c5a","accessPolicies":[{"tenantId":"54826b22-38d6-4fb2-bad9-b7b93a3e9c5a","objectId":"a7250e3a-0e5e-48e2-9a34-45f1f5e1a91e","permissions":{"keys":["get","create","delete","list","update","import","backup","restore","recover"],"secrets":["get","list","set","delete","backup","restore","recover"],"certificates":["get","list","delete","create","import","update","managecontacts","getissuers","listissuers","setissuers","deleteissuers","manageissuers","recover"],"storage":["get","list","delete","set","update","regeneratekey","setsas","listsas","getsas","deletesas"]}},{"tenantId":"54826b22-38d6-4fb2-bad9-b7b93a3e9c5a","objectId":"38a11c63-f72f-4aba-876e-40145ea577f5","permissions":{"keys":["get","wrapKey","unwrapKey"]}}],"enabledForDeployment":false,"enableSoftDelete":true,"softDeleteRetentionInDays":7,"enablePurgeProtection":true,"vaultUri":"https://vault2-000003.vault.azure.net/","provisioningState":"Succeeded","publicNetworkAccess":"Enabled"}}'
    headers:
      cache-control:
      - no-cache
      content-length:
      - '1599'
      content-type:
      - application/json; charset=utf-8
      date:
      - Fri, 15 Oct 2021 07:26:06 GMT
      expires:
      - '-1'
      pragma:
      - no-cache
      server:
      - Microsoft-IIS/10.0
      strict-transport-security:
      - max-age=31536000; includeSubDomains
      transfer-encoding:
      - chunked
      vary:
      - Accept-Encoding
      x-aspnet-version:
      - 4.0.30319
      x-content-type-options:
      - nosniff
      x-ms-keyvault-service-version:
      - 1.5.155.0
      x-ms-ratelimit-remaining-subscription-writes:
      - '1195'
      x-powered-by:
      - ASP.NET
    status:
      code: 200
      message: OK
- request:
    body: null
    headers:
      Accept:
      - application/json
      Accept-Encoding:
      - gzip, deflate
      CommandName:
      - role assignment create
      Connection:
      - keep-alive
      ParameterSetName:
      - --assignee --role --scope
      User-Agent:
      - python/3.9.6 (Windows-10-10.0.19043-SP0) msrest/0.6.21 msrest_azure/0.6.3
        azure-graphrbac/0.60.0 Azure-SDK-For-Python AZURECLI/2.29.0
      accept-language:
      - en-US
    method: GET
    uri: https://graph.windows.net/00000000-0000-0000-0000-000000000000/servicePrincipals?$filter=servicePrincipalNames%2Fany%28c%3Ac%20eq%20%2738a11c63-f72f-4aba-876e-40145ea577f5%27%29&api-version=1.6
  response:
    body:
      string: '{"odata.error":{"code":"Authorization_RequestDenied","message":{"lang":"en","value":"Insufficient
        privileges to complete the operation."},"requestId":"1ab91fd1-4350-4b08-b14f-b71002de8830","date":"2021-10-15T07:26:22"}}'
    headers:
      access-control-allow-origin:
      - '*'
      cache-control:
      - no-cache
      content-length:
      - '219'
      content-type:
      - application/json; odata=minimalmetadata; streaming=true; charset=utf-8
      dataserviceversion:
      - 3.0;
      date:
      - Fri, 15 Oct 2021 07:26:22 GMT
      duration:
      - '3114241'
      expires:
      - '-1'
      ocp-aad-diagnostics-server-name:
      - mroACIzsvyBEXmVkSUesmgnw11XYwaqnSxJXgRSQQI0=
      ocp-aad-session-key:
      - krjbsETNajtC8xn3WfaoeovKVeAJHgZ8i8KYahIGxgfdwM62jj83ZzlNEbpdPuUt-N3mcUQBjeisRYkqRzW67ykvcsuRb41Tyb-reEoBNIUf7SCox1b8y-y6TcJmSFey.DKa74t6tHiYaaRAUT5P-MyNhiZAtllOFSjONdV_ZQa4
      pragma:
      - no-cache
      request-id:
      - 1ab91fd1-4350-4b08-b14f-b71002de8830
      strict-transport-security:
      - max-age=31536000; includeSubDomains
      x-aspnet-version:
      - 4.0.30319
      x-ms-dirapi-data-contract-version:
      - '1.6'
      x-ms-resource-unit:
      - '1'
      x-powered-by:
      - ASP.NET
    status:
      code: 403
      message: Forbidden
- request:
    body: null
    headers:
      Accept:
      - application/json
      Accept-Encoding:
      - gzip, deflate
      CommandName:
      - role assignment create
      Connection:
      - keep-alive
      ParameterSetName:
      - --assignee --role --scope
      User-Agent:
      - python/3.9.6 (Windows-10-10.0.19043-SP0) msrest/0.6.21 msrest_azure/0.6.3
        azure-mgmt-authorization/0.61.0 Azure-SDK-For-Python AZURECLI/2.29.0
      accept-language:
      - en-US
    method: GET
    uri: https://management.azure.com/subscriptions/00000000-0000-0000-0000-000000000000/resourceGroups/cli_test_disk_encryption_set_update_000001/providers/Microsoft.KeyVault/vaults/vault2-000003/providers/Microsoft.Authorization/roleDefinitions?$filter=roleName%20eq%20%27Reader%27&api-version=2018-01-01-preview
  response:
    body:
      string: '{"value":[{"properties":{"roleName":"Reader","type":"BuiltInRole","description":"View
        all resources, but does not allow you to make any changes.","assignableScopes":["/"],"permissions":[{"actions":["*/read"],"notActions":[],"dataActions":[],"notDataActions":[]}],"createdOn":"2015-02-02T21:55:09.8806423Z","updatedOn":"2020-08-14T20:16:04.3791205Z","createdBy":null,"updatedBy":null},"id":"/subscriptions/00000000-0000-0000-0000-000000000000/providers/Microsoft.Authorization/roleDefinitions/acdd72a7-3385-48ef-bd42-f606fba81ae7","type":"Microsoft.Authorization/roleDefinitions","name":"acdd72a7-3385-48ef-bd42-f606fba81ae7"}]}'
    headers:
      cache-control:
      - no-cache
      content-length:
      - '627'
      content-type:
      - application/json; charset=utf-8
      date:
      - Fri, 15 Oct 2021 07:26:22 GMT
      expires:
      - '-1'
      pragma:
      - no-cache
      set-cookie:
      - x-ms-gateway-slice=Production; path=/; secure; samesite=none; httponly
      strict-transport-security:
      - max-age=31536000; includeSubDomains
      transfer-encoding:
      - chunked
      vary:
      - Accept-Encoding
      x-content-type-options:
      - nosniff
    status:
      code: 200
      message: OK
- request:
    body: '{"properties": {"roleDefinitionId": "/subscriptions/00000000-0000-0000-0000-000000000000/providers/Microsoft.Authorization/roleDefinitions/acdd72a7-3385-48ef-bd42-f606fba81ae7",
      "principalId": "38a11c63-f72f-4aba-876e-40145ea577f5"}}'
    headers:
      Accept:
      - application/json
      Accept-Encoding:
      - gzip, deflate
      CommandName:
      - role assignment create
      Connection:
      - keep-alive
      Content-Length:
      - '233'
      Content-Type:
      - application/json; charset=utf-8
      Cookie:
      - x-ms-gateway-slice=Production
      ParameterSetName:
      - --assignee --role --scope
      User-Agent:
      - python/3.9.6 (Windows-10-10.0.19043-SP0) msrest/0.6.21 msrest_azure/0.6.3
        azure-mgmt-authorization/0.61.0 Azure-SDK-For-Python AZURECLI/2.29.0
      accept-language:
      - en-US
    method: PUT
    uri: https://management.azure.com/subscriptions/00000000-0000-0000-0000-000000000000/resourceGroups/cli_test_disk_encryption_set_update_000001/providers/Microsoft.KeyVault/vaults/vault2-000003/providers/Microsoft.Authorization/roleAssignments/88888888-0000-0000-0000-000000000001?api-version=2020-04-01-preview
  response:
    body:
      string: '{"properties":{"roleDefinitionId":"/subscriptions/00000000-0000-0000-0000-000000000000/providers/Microsoft.Authorization/roleDefinitions/acdd72a7-3385-48ef-bd42-f606fba81ae7","principalId":"38a11c63-f72f-4aba-876e-40145ea577f5","principalType":"ServicePrincipal","scope":"/subscriptions/00000000-0000-0000-0000-000000000000/resourceGroups/cli_test_disk_encryption_set_update_000001/providers/Microsoft.KeyVault/vaults/vault2-000003","condition":null,"conditionVersion":null,"createdOn":"2021-10-15T07:26:23.4906442Z","updatedOn":"2021-10-15T07:26:24.4437431Z","createdBy":null,"updatedBy":"a7250e3a-0e5e-48e2-9a34-45f1f5e1a91e","delegatedManagedIdentityResourceId":null,"description":null},"id":"/subscriptions/00000000-0000-0000-0000-000000000000/resourceGroups/cli_test_disk_encryption_set_update_000001/providers/Microsoft.KeyVault/vaults/vault2-000003/providers/Microsoft.Authorization/roleAssignments/88888888-0000-0000-0000-000000000001","type":"Microsoft.Authorization/roleAssignments","name":"88888888-0000-0000-0000-000000000001"}'
    headers:
      cache-control:
      - no-cache
      content-length:
      - '1119'
      content-type:
      - application/json; charset=utf-8
      date:
      - Fri, 15 Oct 2021 07:26:31 GMT
      expires:
      - '-1'
      pragma:
      - no-cache
      set-cookie:
      - x-ms-gateway-slice=Production; path=/; secure; samesite=none; httponly
      strict-transport-security:
      - max-age=31536000; includeSubDomains
      x-content-type-options:
      - nosniff
      x-ms-ratelimit-remaining-subscription-writes:
      - '1193'
    status:
      code: 201
      message: Created
- request:
    body: null
    headers:
      Accept:
      - application/json
      Accept-Encoding:
      - gzip, deflate
      CommandName:
      - disk-encryption-set update
      Connection:
      - keep-alive
      ParameterSetName:
      - -g -n --key-url --source-vault --enable-auto-key-rotation
      User-Agent:
      - AZURECLI/2.29.0 azsdk-python-azure-mgmt-compute/23.0.0 Python/3.9.6 (Windows-10-10.0.19043-SP0)
    method: GET
    uri: https://management.azure.com/subscriptions/00000000-0000-0000-0000-000000000000/resourceGroups/cli_test_disk_encryption_set_update_000001/providers/Microsoft.Compute/diskEncryptionSets/des-000006?api-version=2020-12-01
  response:
    body:
      string: "{\r\n  \"name\": \"des-000006\",\r\n  \"id\": \"/subscriptions/00000000-0000-0000-0000-000000000000/resourceGroups/cli_test_disk_encryption_set_update_000001/providers/Microsoft.Compute/diskEncryptionSets/des-000006\",\r\n
        \ \"type\": \"Microsoft.Compute/diskEncryptionSets\",\r\n  \"location\": \"westcentralus\",\r\n
        \ \"identity\": {\r\n    \"type\": \"SystemAssigned\",\r\n    \"principalId\":
        \"38a11c63-f72f-4aba-876e-40145ea577f5\",\r\n    \"tenantId\": \"54826b22-38d6-4fb2-bad9-b7b93a3e9c5a\"\r\n
        \ },\r\n  \"properties\": {\r\n    \"activeKey\": {\r\n      \"sourceVault\":
        {\r\n        \"id\": \"/subscriptions/00000000-0000-0000-0000-000000000000/resourceGroups/cli_test_disk_encryption_set_update_000001/providers/Microsoft.KeyVault/vaults/vault1-000002\"\r\n
        \     },\r\n      \"keyUrl\": \"https://vault1-000002.vault.azure.net/keys/key1-000004/a472c872f8bf4db88c71f1b934b2ad78\"\r\n
        \   },\r\n    \"encryptionType\": \"EncryptionAtRestWithCustomerKey\",\r\n
        \   \"rotationToLatestKeyVersionEnabled\": true,\r\n    \"provisioningState\":
        \"Succeeded\"\r\n  }\r\n}"
    headers:
      cache-control:
      - no-cache
      content-length:
      - '1085'
      content-type:
      - application/json; charset=utf-8
      date:
      - Fri, 15 Oct 2021 07:26:47 GMT
      expires:
      - '-1'
      pragma:
      - no-cache
      server:
      - Microsoft-HTTPAPI/2.0
      - Microsoft-HTTPAPI/2.0
      strict-transport-security:
      - max-age=31536000; includeSubDomains
      transfer-encoding:
      - chunked
      vary:
      - Accept-Encoding
      x-content-type-options:
      - nosniff
      x-ms-ratelimit-remaining-resource:
      - Microsoft.Compute/LowCostGet3Min;14995,Microsoft.Compute/LowCostGet30Min;119995
    status:
      code: 200
      message: OK
- request:
    body: '{"location": "westcentralus", "identity": {"type": "SystemAssigned"}, "properties":
      {"encryptionType": "EncryptionAtRestWithCustomerKey", "activeKey": {"sourceVault":
      {"id": "/subscriptions/00000000-0000-0000-0000-000000000000/resourceGroups/cli_test_disk_encryption_set_update_000001/providers/Microsoft.KeyVault/vaults/vault2-000003"},
      "keyUrl": "https://vault2-000003.vault.azure.net/keys/key2-000005/71b4586f1a9c428489d7852cdbfdda83"},
      "rotationToLatestKeyVersionEnabled": false}}'
    headers:
      Accept:
      - application/json
      Accept-Encoding:
      - gzip, deflate
      CommandName:
      - disk-encryption-set update
      Connection:
      - keep-alive
      Content-Length:
      - '540'
      Content-Type:
      - application/json
      ParameterSetName:
      - -g -n --key-url --source-vault --enable-auto-key-rotation
      User-Agent:
      - AZURECLI/2.29.0 azsdk-python-azure-mgmt-compute/23.0.0 Python/3.9.6 (Windows-10-10.0.19043-SP0)
    method: PUT
    uri: https://management.azure.com/subscriptions/00000000-0000-0000-0000-000000000000/resourceGroups/cli_test_disk_encryption_set_update_000001/providers/Microsoft.Compute/diskEncryptionSets/des-000006?api-version=2020-12-01
  response:
    body:
      string: "{\r\n  \"location\": \"westcentralus\",\r\n  \"identity\": {\r\n    \"type\":
        \"SystemAssigned\"\r\n  },\r\n  \"properties\": {\r\n    \"activeKey\": {\r\n
        \     \"sourceVault\": {\r\n        \"id\": \"/subscriptions/00000000-0000-0000-0000-000000000000/resourceGroups/cli_test_disk_encryption_set_update_000001/providers/Microsoft.KeyVault/vaults/vault2-000003\"\r\n
        \     },\r\n      \"keyUrl\": \"https://vault2-000003.vault.azure.net/keys/key2-000005/71b4586f1a9c428489d7852cdbfdda83\"\r\n
        \   },\r\n    \"encryptionType\": \"EncryptionAtRestWithCustomerKey\",\r\n
        \   \"rotationToLatestKeyVersionEnabled\": false,\r\n    \"provisioningState\":
        \"Updating\"\r\n  }\r\n}"
    headers:
      azure-asyncoperation:
      - https://management.azure.com/subscriptions/00000000-0000-0000-0000-000000000000/providers/Microsoft.Compute/locations/westcentralus/DiskOperations/741d7846-8bb9-4959-90c6-d0f0facdca55?p=c7be8819-8178-488e-b751-923f11b1b57c&api-version=2020-12-01
      cache-control:
      - no-cache
      content-length:
      - '659'
      content-type:
      - application/json; charset=utf-8
      date:
      - Fri, 15 Oct 2021 07:26:50 GMT
      expires:
      - '-1'
      location:
      - https://management.azure.com/subscriptions/00000000-0000-0000-0000-000000000000/providers/Microsoft.Compute/locations/westcentralus/DiskOperations/741d7846-8bb9-4959-90c6-d0f0facdca55?p=c7be8819-8178-488e-b751-923f11b1b57c&monitor=true&api-version=2020-12-01
      pragma:
      - no-cache
      server:
      - Microsoft-HTTPAPI/2.0
      - Microsoft-HTTPAPI/2.0
      strict-transport-security:
      - max-age=31536000; includeSubDomains
      x-content-type-options:
      - nosniff
      x-ms-ratelimit-remaining-resource:
      - Microsoft.Compute/HighCostDiskEncryptionSet3Min;98,Microsoft.Compute/HighCostDiskEncryptionSet30Min;298
      x-ms-ratelimit-remaining-subscription-writes:
      - '1195'
    status:
      code: 202
      message: Accepted
- request:
    body: null
    headers:
      Accept:
      - '*/*'
      Accept-Encoding:
      - gzip, deflate
      CommandName:
      - disk-encryption-set update
      Connection:
      - keep-alive
      ParameterSetName:
      - -g -n --key-url --source-vault --enable-auto-key-rotation
      User-Agent:
      - AZURECLI/2.29.0 azsdk-python-azure-mgmt-compute/23.0.0 Python/3.9.6 (Windows-10-10.0.19043-SP0)
    method: GET
    uri: https://management.azure.com/subscriptions/00000000-0000-0000-0000-000000000000/providers/Microsoft.Compute/locations/westcentralus/DiskOperations/741d7846-8bb9-4959-90c6-d0f0facdca55?p=c7be8819-8178-488e-b751-923f11b1b57c&api-version=2020-12-01
  response:
    body:
      string: "{\r\n  \"startTime\": \"2021-10-15T07:26:50.9986401+00:00\",\r\n  \"endTime\":
        \"2021-10-15T07:26:51.6392652+00:00\",\r\n  \"status\": \"Succeeded\",\r\n
        \ \"properties\": {\r\n    \"output\": {\"name\":\"des-000006\",\"id\":\"/subscriptions/00000000-0000-0000-0000-000000000000/resourceGroups/cli_test_disk_encryption_set_update_000001/providers/Microsoft.Compute/diskEncryptionSets/des-000006\",\"type\":\"Microsoft.Compute/diskEncryptionSets\",\"location\":\"westcentralus\",\"identity\":{\"type\":\"SystemAssigned\",\"principalId\":\"38a11c63-f72f-4aba-876e-40145ea577f5\",\"tenantId\":\"54826b22-38d6-4fb2-bad9-b7b93a3e9c5a\"},\"properties\":{\"activeKey\":{\"sourceVault\":{\"id\":\"/subscriptions/00000000-0000-0000-0000-000000000000/resourceGroups/cli_test_disk_encryption_set_update_000001/providers/Microsoft.KeyVault/vaults/vault2-000003\"},\"keyUrl\":\"https://vault2-000003.vault.azure.net/keys/key2-000005/71b4586f1a9c428489d7852cdbfdda83\"},\"encryptionType\":\"EncryptionAtRestWithCustomerKey\",\"rotationToLatestKeyVersionEnabled\":false,\"provisioningState\":\"Succeeded\",\"lastKeyRotationTimestamp\":\"2021-10-15T07:26:51.608018+00:00\"}}\r\n
        \ },\r\n  \"name\": \"741d7846-8bb9-4959-90c6-d0f0facdca55\"\r\n}"
    headers:
      cache-control:
      - no-cache
      content-length:
      - '1241'
      content-type:
      - application/json; charset=utf-8
      date:
      - Fri, 15 Oct 2021 07:27:22 GMT
      expires:
      - '-1'
      pragma:
      - no-cache
      server:
      - Microsoft-HTTPAPI/2.0
      - Microsoft-HTTPAPI/2.0
      strict-transport-security:
      - max-age=31536000; includeSubDomains
      transfer-encoding:
      - chunked
      vary:
      - Accept-Encoding
      x-content-type-options:
      - nosniff
      x-ms-ratelimit-remaining-resource:
      - Microsoft.Compute/GetOperation3Min;49996,Microsoft.Compute/GetOperation30Min;399996
    status:
      code: 200
      message: OK
- request:
    body: null
    headers:
      Accept:
      - '*/*'
      Accept-Encoding:
      - gzip, deflate
      CommandName:
      - disk-encryption-set update
      Connection:
      - keep-alive
      ParameterSetName:
      - -g -n --key-url --source-vault --enable-auto-key-rotation
      User-Agent:
      - AZURECLI/2.29.0 azsdk-python-azure-mgmt-compute/23.0.0 Python/3.9.6 (Windows-10-10.0.19043-SP0)
    method: GET
    uri: https://management.azure.com/subscriptions/00000000-0000-0000-0000-000000000000/resourceGroups/cli_test_disk_encryption_set_update_000001/providers/Microsoft.Compute/diskEncryptionSets/des-000006?api-version=2020-12-01
  response:
    body:
      string: "{\r\n  \"name\": \"des-000006\",\r\n  \"id\": \"/subscriptions/00000000-0000-0000-0000-000000000000/resourceGroups/cli_test_disk_encryption_set_update_000001/providers/Microsoft.Compute/diskEncryptionSets/des-000006\",\r\n
        \ \"type\": \"Microsoft.Compute/diskEncryptionSets\",\r\n  \"location\": \"westcentralus\",\r\n
        \ \"identity\": {\r\n    \"type\": \"SystemAssigned\",\r\n    \"principalId\":
        \"38a11c63-f72f-4aba-876e-40145ea577f5\",\r\n    \"tenantId\": \"54826b22-38d6-4fb2-bad9-b7b93a3e9c5a\"\r\n
        \ },\r\n  \"properties\": {\r\n    \"activeKey\": {\r\n      \"sourceVault\":
        {\r\n        \"id\": \"/subscriptions/00000000-0000-0000-0000-000000000000/resourceGroups/cli_test_disk_encryption_set_update_000001/providers/Microsoft.KeyVault/vaults/vault2-000003\"\r\n
        \     },\r\n      \"keyUrl\": \"https://vault2-000003.vault.azure.net/keys/key2-000005/71b4586f1a9c428489d7852cdbfdda83\"\r\n
        \   },\r\n    \"encryptionType\": \"EncryptionAtRestWithCustomerKey\",\r\n
        \   \"rotationToLatestKeyVersionEnabled\": false,\r\n    \"provisioningState\":
        \"Succeeded\",\r\n    \"lastKeyRotationTimestamp\": \"2021-10-15T07:26:51.608018+00:00\"\r\n
        \ }\r\n}"
    headers:
      cache-control:
      - no-cache
      content-length:
      - '1155'
      content-type:
      - application/json; charset=utf-8
      date:
      - Fri, 15 Oct 2021 07:27:22 GMT
      expires:
      - '-1'
      pragma:
      - no-cache
      server:
      - Microsoft-HTTPAPI/2.0
      - Microsoft-HTTPAPI/2.0
      strict-transport-security:
      - max-age=31536000; includeSubDomains
      transfer-encoding:
      - chunked
      vary:
      - Accept-Encoding
      x-content-type-options:
      - nosniff
      x-ms-ratelimit-remaining-resource:
      - Microsoft.Compute/LowCostGet3Min;14992,Microsoft.Compute/LowCostGet30Min;119992
    status:
      code: 200
      message: OK
version: 1
