interactions:
- request:
    body: null
    headers:
      Accept:
      - '*/*'
      Accept-Encoding:
      - gzip, deflate
      Connection:
      - keep-alive
      User-Agent:
      - python-requests/2.22.0
    method: GET
    uri: https://raw.githubusercontent.com/Azure/azure-rest-api-specs/master/arm-compute/quickstart-templates/aliases.json
  response:
    body:
      string: "{\n  \"$schema\": \"http://schema.management.azure.com/schemas/2015-01-01/deploymentTemplate.json\",\n
        \ \"contentVersion\": \"1.0.0.0\",\n  \"parameters\": {},\n  \"variables\":
        {},\n  \"resources\": [],\n  \"outputs\": {\n    \"aliases\": {\n      \"type\":
        \"object\",\n      \"value\": {\n        \"Linux\": {\n          \"CentOS\":
        {\n            \"publisher\": \"OpenLogic\",\n            \"offer\": \"CentOS\",\n
        \           \"sku\": \"7.5\",\n            \"version\": \"latest\"\n          },\n
        \         \"CoreOS\": {\n            \"publisher\": \"CoreOS\",\n            \"offer\":
        \"CoreOS\",\n            \"sku\": \"Stable\",\n            \"version\": \"latest\"\n
        \         },\n          \"Debian\": {\n            \"publisher\": \"Debian\",\n
        \           \"offer\": \"debian-10\",\n            \"sku\": \"10\",\n            \"version\":
        \"latest\"\n          },\n          \"openSUSE-Leap\": {\n            \"publisher\":
        \"SUSE\",\n            \"offer\": \"openSUSE-Leap\",\n            \"sku\":
        \"42.3\",\n            \"version\": \"latest\"\n          },\n          \"RHEL\":
        {\n            \"publisher\": \"RedHat\",\n            \"offer\": \"RHEL\",\n
        \           \"sku\": \"7-LVM\",\n            \"version\": \"latest\"\n          },\n
        \         \"SLES\": {\n            \"publisher\": \"SUSE\",\n            \"offer\":
        \"SLES\",\n            \"sku\": \"15\",\n            \"version\": \"latest\"\n
        \         },\n          \"UbuntuLTS\": {\n            \"publisher\": \"Canonical\",\n
        \           \"offer\": \"UbuntuServer\",\n            \"sku\": \"18.04-LTS\",\n
        \           \"version\": \"latest\"\n          }\n        },\n        \"Windows\":
        {\n          \"Win2019Datacenter\": {\n            \"publisher\": \"MicrosoftWindowsServer\",\n
        \           \"offer\": \"WindowsServer\",\n            \"sku\": \"2019-Datacenter\",\n
        \           \"version\": \"latest\"\n          },\n          \"Win2016Datacenter\":
        {\n            \"publisher\": \"MicrosoftWindowsServer\",\n            \"offer\":
        \"WindowsServer\",\n            \"sku\": \"2016-Datacenter\",\n            \"version\":
        \"latest\"\n          },\n          \"Win2012R2Datacenter\": {\n            \"publisher\":
        \"MicrosoftWindowsServer\",\n            \"offer\": \"WindowsServer\",\n            \"sku\":
        \"2012-R2-Datacenter\",\n            \"version\": \"latest\"\n          },\n
        \         \"Win2012Datacenter\": {\n            \"publisher\": \"MicrosoftWindowsServer\",\n
        \           \"offer\": \"WindowsServer\",\n            \"sku\": \"2012-Datacenter\",\n
        \           \"version\": \"latest\"\n          },\n          \"Win2008R2SP1\":
        {\n            \"publisher\": \"MicrosoftWindowsServer\",\n            \"offer\":
        \"WindowsServer\",\n            \"sku\": \"2008-R2-SP1\",\n            \"version\":
        \"latest\"\n          }\n        }\n      }\n    }\n  }\n}\n"
    headers:
      accept-ranges:
      - bytes
      access-control-allow-origin:
      - '*'
      cache-control:
      - max-age=300
      connection:
      - keep-alive
      content-length:
      - '2501'
      content-security-policy:
      - default-src 'none'; style-src 'unsafe-inline'; sandbox
      content-type:
      - text/plain; charset=utf-8
      date:
      - Mon, 20 Jul 2020 05:37:18 GMT
      etag:
      - W/"540044b4084c3c314537f1baa1770f248628b2bc9ba0328f1004c33862e049da"
      expires:
      - Mon, 20 Jul 2020 05:42:18 GMT
      source-age:
      - '264'
      strict-transport-security:
      - max-age=31536000
      vary:
      - Authorization,Accept-Encoding, Accept-Encoding
      via:
      - 1.1 varnish (Varnish/6.0)
      - 1.1 varnish
      x-cache:
      - MISS, HIT
      x-cache-hits:
      - 0, 2
      x-content-type-options:
      - nosniff
      x-fastly-request-id:
      - 685b9e8100e34a4cdd0524816880c7bf896d9318
      x-frame-options:
      - deny
      x-github-request-id:
      - 7D50:7C67:29B570:2CAD32:5F152231
      x-served-by:
      - cache-sin18027-SIN
      x-timer:
      - S1595223438.212237,VS0,VE0
      x-xss-protection:
      - 1; mode=block
    status:
      code: 200
      message: OK
- request:
    body: null
    headers:
      Accept:
      - application/json
      Accept-Encoding:
      - gzip, deflate
      CommandName:
      - vm create
      Connection:
      - keep-alive
      ParameterSetName:
      - --resource-group --name --image --ssh-key-value --location --ephemeral-os-disk
        --admin-username
      User-Agent:
      - python/3.8.0 (Windows-10-10.0.19041-SP0) msrest/0.6.9 msrest_azure/0.6.3 azure-mgmt-network/11.0.0
        Azure-SDK-For-Python AZURECLI/2.9.0
      accept-language:
      - en-US
    method: GET
    uri: https://management.azure.com/subscriptions/00000000-0000-0000-0000-000000000000/resourceGroups/cli_test_vm_create_ephemeral_os_disk000001/providers/Microsoft.Network/virtualNetworks?api-version=2018-01-01
  response:
    body:
      string: '{"value":[]}'
    headers:
      cache-control:
      - no-cache
      content-length:
      - '12'
      content-type:
      - application/json; charset=utf-8
      date:
      - Mon, 20 Jul 2020 05:37:18 GMT
      expires:
      - '-1'
      pragma:
      - no-cache
      strict-transport-security:
      - max-age=31536000; includeSubDomains
      vary:
      - Accept-Encoding
      x-content-type-options:
      - nosniff
    status:
      code: 200
      message: OK
- request:
    body: 'b''{"properties": {"template": {"$schema": "https://schema.management.azure.com/schemas/2015-01-01/deploymentTemplate.json#",
      "contentVersion": "1.0.0.0", "parameters": {}, "variables": {}, "resources":
      [{"name": "cli-test-vm-local-1VNET", "type": "Microsoft.Network/virtualNetworks",
      "location": "westus", "apiVersion": "2015-06-15", "dependsOn": [], "tags": {},
      "properties": {"addressSpace": {"addressPrefixes": ["10.0.0.0/16"]}, "subnets":
      [{"name": "cli-test-vm-local-1Subnet", "properties": {"addressPrefix": "10.0.0.0/24"}}]}},
      {"type": "Microsoft.Network/networkSecurityGroups", "name": "cli-test-vm-local-1NSG",
      "apiVersion": "2015-06-15", "location": "westus", "tags": {}, "dependsOn": [],
      "properties": {"securityRules": [{"name": "default-allow-ssh", "properties":
      {"protocol": "Tcp", "sourcePortRange": "*", "destinationPortRange": "22", "sourceAddressPrefix":
      "*", "destinationAddressPrefix": "*", "access": "Allow", "priority": 1000, "direction":
      "Inbound"}}]}}, {"apiVersion": "2018-01-01", "type": "Microsoft.Network/publicIPAddresses",
      "name": "cli-test-vm-local-1PublicIP", "location": "westus", "tags": {}, "dependsOn":
      [], "properties": {"publicIPAllocationMethod": null}}, {"apiVersion": "2015-06-15",
      "type": "Microsoft.Network/networkInterfaces", "name": "cli-test-vm-local-1VMNic",
      "location": "westus", "tags": {}, "dependsOn": ["Microsoft.Network/virtualNetworks/cli-test-vm-local-1VNET",
      "Microsoft.Network/networkSecurityGroups/cli-test-vm-local-1NSG", "Microsoft.Network/publicIpAddresses/cli-test-vm-local-1PublicIP"],
      "properties": {"ipConfigurations": [{"name": "ipconfigcli-test-vm-local-1",
      "properties": {"privateIPAllocationMethod": "Dynamic", "subnet": {"id": "/subscriptions/00000000-0000-0000-0000-000000000000/resourceGroups/cli_test_vm_create_ephemeral_os_disk000001/providers/Microsoft.Network/virtualNetworks/cli-test-vm-local-1VNET/subnets/cli-test-vm-local-1Subnet"},
      "publicIPAddress": {"id": "/subscriptions/00000000-0000-0000-0000-000000000000/resourceGroups/cli_test_vm_create_ephemeral_os_disk000001/providers/Microsoft.Network/publicIPAddresses/cli-test-vm-local-1PublicIP"}}}],
      "networkSecurityGroup": {"id": "/subscriptions/00000000-0000-0000-0000-000000000000/resourceGroups/cli_test_vm_create_ephemeral_os_disk000001/providers/Microsoft.Network/networkSecurityGroups/cli-test-vm-local-1NSG"}}},
      {"apiVersion": "2020-06-01", "type": "Microsoft.Compute/virtualMachines", "name":
      "cli-test-vm-local-1", "location": "westus", "tags": {}, "dependsOn": ["Microsoft.Network/networkInterfaces/cli-test-vm-local-1VMNic"],
      "properties": {"hardwareProfile": {"vmSize": "Standard_DS1_v2"}, "networkProfile":
      {"networkInterfaces": [{"id": "/subscriptions/00000000-0000-0000-0000-000000000000/resourceGroups/cli_test_vm_create_ephemeral_os_disk000001/providers/Microsoft.Network/networkInterfaces/cli-test-vm-local-1VMNic"}]},
      "storageProfile": {"osDisk": {"createOption": "fromImage", "name": null, "caching":
      "ReadOnly", "managedDisk": {"storageAccountType": null}, "diffDiskSettings":
      {"option": "Local"}}, "imageReference": {"publisher": "Canonical", "offer":
      "UbuntuServer", "sku": "18.04-LTS", "version": "latest"}}, "osProfile": {"computerName":
      "cli-test-vm-local-1", "adminUsername": "user_1", "linuxConfiguration": {"disablePasswordAuthentication":
      true, "ssh": {"publicKeys": [{"keyData": "ssh-rsa AAAAB3NzaC1yc2EAAAADAQABAAACAQCbIg1guRHbI0lV11wWDt1r2cUdcNd27CJsg+SfgC7miZeubtwUhbsPdhMQsfDyhOWHq1+ZL0M+nJZV63d/1dhmhtgyOqejUwrPlzKhydsbrsdUor+JmNJDdW01v7BXHyuymT8G4s09jCasNOwiufbP/qp72ruu0bIA1nySsvlf9pCQAuFkAnVnf/rFhUlOkhtRpwcq8SUNY2zRHR/EKb/4NWY1JzR4sa3q2fWIJdrrX0DvLoa5g9bIEd4Df79ba7v+yiUBOS0zT2ll+z4g9izHK3EO5d8hL4jYxcjKs+wcslSYRWrascfscLgMlMGh0CdKeNTDjHpGPncaf3Z+FwwwjWeuiNBxv7bJo13/8B/098KlVDl4GZqsoBCEjPyJfV6hO0y/LkRGkk7oHWKgeWAfKtfLItRp00eZ4fcJNK9kCaSMmEugoZWcI7NGbZXzqFWqbpRI7NcDP9+WIQ+i9U5vqWsqd/zng4kbuAJ6UuKqIzB0upYrLShfQE3SAck8oaLhJqqq56VfDuASNpJKidV+zq27HfSBmbXnkR/5AK337dc3MXKJypoK/QPMLKUAP5XLPbs+NddJQV7EZXd29DLgp+fRIg3edpKdO7ZErWhv7d+3Kws+e1Y+ypmR2WIVSwVyBEUfgv2C8Ts9gnTF4pNcEY/S2aBicz5Ew2+jdyGNQQ==
      test@example.com\\n", "path": "/home/user_1/.ssh/authorized_keys"}]}}}}}], "outputs":
      {}}, "parameters": {}, "mode": "Incremental"}}'''
    headers:
      Accept:
      - application/json
      Accept-Encoding:
      - gzip, deflate
      CommandName:
      - vm create
      Connection:
      - keep-alive
      Content-Length:
      - '4328'
      Content-Type:
      - application/json; charset=utf-8
      ParameterSetName:
      - --resource-group --name --image --ssh-key-value --location --ephemeral-os-disk
        --admin-username
      User-Agent:
      - python/3.8.0 (Windows-10-10.0.19041-SP0) msrest/0.6.9 msrest_azure/0.6.3 azure-mgmt-resource/10.1.0
        Azure-SDK-For-Python AZURECLI/2.9.0
      accept-language:
      - en-US
    method: PUT
    uri: https://management.azure.com/subscriptions/00000000-0000-0000-0000-000000000000/resourcegroups/cli_test_vm_create_ephemeral_os_disk000001/providers/Microsoft.Resources/deployments/mock-deployment?api-version=2020-06-01
  response:
    body:
      string: '{"id":"/subscriptions/00000000-0000-0000-0000-000000000000/resourceGroups/cli_test_vm_create_ephemeral_os_disk000001/providers/Microsoft.Resources/deployments/vm_deploy_l9ooFI9x0ocd3NwALsxhfWhVutk1i56J","name":"vm_deploy_l9ooFI9x0ocd3NwALsxhfWhVutk1i56J","type":"Microsoft.Resources/deployments","properties":{"templateHash":"17050951266705371536","parameters":{},"mode":"Incremental","provisioningState":"Accepted","timestamp":"2020-07-20T05:37:20.7147157Z","duration":"PT1.1859432S","correlationId":"2ab33e54-4682-4623-841c-e66514b5d835","providers":[{"namespace":"Microsoft.Network","resourceTypes":[{"resourceType":"virtualNetworks","locations":["westus"]},{"resourceType":"networkSecurityGroups","locations":["westus"]},{"resourceType":"publicIPAddresses","locations":["westus"]},{"resourceType":"networkInterfaces","locations":["westus"]}]},{"namespace":"Microsoft.Compute","resourceTypes":[{"resourceType":"virtualMachines","locations":["westus"]}]}],"dependencies":[{"dependsOn":[{"id":"/subscriptions/00000000-0000-0000-0000-000000000000/resourceGroups/cli_test_vm_create_ephemeral_os_disk000001/providers/Microsoft.Network/virtualNetworks/cli-test-vm-local-1VNET","resourceType":"Microsoft.Network/virtualNetworks","resourceName":"cli-test-vm-local-1VNET"},{"id":"/subscriptions/00000000-0000-0000-0000-000000000000/resourceGroups/cli_test_vm_create_ephemeral_os_disk000001/providers/Microsoft.Network/networkSecurityGroups/cli-test-vm-local-1NSG","resourceType":"Microsoft.Network/networkSecurityGroups","resourceName":"cli-test-vm-local-1NSG"},{"id":"/subscriptions/00000000-0000-0000-0000-000000000000/resourceGroups/cli_test_vm_create_ephemeral_os_disk000001/providers/Microsoft.Network/publicIPAddresses/cli-test-vm-local-1PublicIP","resourceType":"Microsoft.Network/publicIPAddresses","resourceName":"cli-test-vm-local-1PublicIP"}],"id":"/subscriptions/00000000-0000-0000-0000-000000000000/resourceGroups/cli_test_vm_create_ephemeral_os_disk000001/providers/Microsoft.Network/networkInterfaces/cli-test-vm-local-1VMNic","resourceType":"Microsoft.Network/networkInterfaces","resourceName":"cli-test-vm-local-1VMNic"},{"dependsOn":[{"id":"/subscriptions/00000000-0000-0000-0000-000000000000/resourceGroups/cli_test_vm_create_ephemeral_os_disk000001/providers/Microsoft.Network/networkInterfaces/cli-test-vm-local-1VMNic","resourceType":"Microsoft.Network/networkInterfaces","resourceName":"cli-test-vm-local-1VMNic"}],"id":"/subscriptions/00000000-0000-0000-0000-000000000000/resourceGroups/cli_test_vm_create_ephemeral_os_disk000001/providers/Microsoft.Compute/virtualMachines/cli-test-vm-local-1","resourceType":"Microsoft.Compute/virtualMachines","resourceName":"cli-test-vm-local-1"}]}}'
    headers:
      azure-asyncoperation:
      - https://management.azure.com/subscriptions/00000000-0000-0000-0000-000000000000/resourcegroups/cli_test_vm_create_ephemeral_os_disk000001/providers/Microsoft.Resources/deployments/vm_deploy_l9ooFI9x0ocd3NwALsxhfWhVutk1i56J/operationStatuses/08586063834459488621?api-version=2020-06-01
      cache-control:
      - no-cache
      content-length:
      - '2935'
      content-type:
      - application/json; charset=utf-8
      date:
      - Mon, 20 Jul 2020 05:37:21 GMT
      expires:
      - '-1'
      pragma:
      - no-cache
      strict-transport-security:
      - max-age=31536000; includeSubDomains
      x-content-type-options:
      - nosniff
      x-ms-ratelimit-remaining-subscription-writes:
      - '1189'
    status:
      code: 201
      message: Created
- request:
    body: null
    headers:
      Accept:
      - application/json
      Accept-Encoding:
      - gzip, deflate
      CommandName:
      - vm create
      Connection:
      - keep-alive
      ParameterSetName:
      - --resource-group --name --image --ssh-key-value --location --ephemeral-os-disk
        --admin-username
      User-Agent:
      - python/3.8.0 (Windows-10-10.0.19041-SP0) msrest/0.6.9 msrest_azure/0.6.3 azure-mgmt-resource/10.1.0
        Azure-SDK-For-Python AZURECLI/2.9.0
    method: GET
    uri: https://management.azure.com/subscriptions/00000000-0000-0000-0000-000000000000/resourcegroups/cli_test_vm_create_ephemeral_os_disk000001/providers/Microsoft.Resources/deployments/mock-deployment/operationStatuses/08586063834459488621?api-version=2020-06-01
  response:
    body:
      string: '{"status":"Running"}'
    headers:
      cache-control:
      - no-cache
      content-length:
      - '20'
      content-type:
      - application/json; charset=utf-8
      date:
      - Mon, 20 Jul 2020 05:37:51 GMT
      expires:
      - '-1'
      pragma:
      - no-cache
      strict-transport-security:
      - max-age=31536000; includeSubDomains
      vary:
      - Accept-Encoding
      x-content-type-options:
      - nosniff
    status:
      code: 200
      message: OK
- request:
    body: null
    headers:
      Accept:
      - application/json
      Accept-Encoding:
      - gzip, deflate
      CommandName:
      - vm create
      Connection:
      - keep-alive
      ParameterSetName:
      - --resource-group --name --image --ssh-key-value --location --ephemeral-os-disk
        --admin-username
      User-Agent:
      - python/3.8.0 (Windows-10-10.0.19041-SP0) msrest/0.6.9 msrest_azure/0.6.3 azure-mgmt-resource/10.1.0
        Azure-SDK-For-Python AZURECLI/2.9.0
    method: GET
    uri: https://management.azure.com/subscriptions/00000000-0000-0000-0000-000000000000/resourcegroups/cli_test_vm_create_ephemeral_os_disk000001/providers/Microsoft.Resources/deployments/mock-deployment/operationStatuses/08586063834459488621?api-version=2020-06-01
  response:
    body:
      string: '{"status":"Succeeded"}'
    headers:
      cache-control:
      - no-cache
      content-length:
      - '22'
      content-type:
      - application/json; charset=utf-8
      date:
      - Mon, 20 Jul 2020 05:38:22 GMT
      expires:
      - '-1'
      pragma:
      - no-cache
      strict-transport-security:
      - max-age=31536000; includeSubDomains
      vary:
      - Accept-Encoding
      x-content-type-options:
      - nosniff
    status:
      code: 200
      message: OK
- request:
    body: null
    headers:
      Accept:
      - application/json
      Accept-Encoding:
      - gzip, deflate
      CommandName:
      - vm create
      Connection:
      - keep-alive
      ParameterSetName:
      - --resource-group --name --image --ssh-key-value --location --ephemeral-os-disk
        --admin-username
      User-Agent:
      - python/3.8.0 (Windows-10-10.0.19041-SP0) msrest/0.6.9 msrest_azure/0.6.3 azure-mgmt-resource/10.1.0
        Azure-SDK-For-Python AZURECLI/2.9.0
    method: GET
    uri: https://management.azure.com/subscriptions/00000000-0000-0000-0000-000000000000/resourcegroups/cli_test_vm_create_ephemeral_os_disk000001/providers/Microsoft.Resources/deployments/mock-deployment?api-version=2020-06-01
  response:
    body:
      string: '{"id":"/subscriptions/00000000-0000-0000-0000-000000000000/resourceGroups/cli_test_vm_create_ephemeral_os_disk000001/providers/Microsoft.Resources/deployments/vm_deploy_l9ooFI9x0ocd3NwALsxhfWhVutk1i56J","name":"vm_deploy_l9ooFI9x0ocd3NwALsxhfWhVutk1i56J","type":"Microsoft.Resources/deployments","properties":{"templateHash":"17050951266705371536","parameters":{},"mode":"Incremental","provisioningState":"Succeeded","timestamp":"2020-07-20T05:37:53.4139737Z","duration":"PT33.8852012S","correlationId":"2ab33e54-4682-4623-841c-e66514b5d835","providers":[{"namespace":"Microsoft.Network","resourceTypes":[{"resourceType":"virtualNetworks","locations":["westus"]},{"resourceType":"networkSecurityGroups","locations":["westus"]},{"resourceType":"publicIPAddresses","locations":["westus"]},{"resourceType":"networkInterfaces","locations":["westus"]}]},{"namespace":"Microsoft.Compute","resourceTypes":[{"resourceType":"virtualMachines","locations":["westus"]}]}],"dependencies":[{"dependsOn":[{"id":"/subscriptions/00000000-0000-0000-0000-000000000000/resourceGroups/cli_test_vm_create_ephemeral_os_disk000001/providers/Microsoft.Network/virtualNetworks/cli-test-vm-local-1VNET","resourceType":"Microsoft.Network/virtualNetworks","resourceName":"cli-test-vm-local-1VNET"},{"id":"/subscriptions/00000000-0000-0000-0000-000000000000/resourceGroups/cli_test_vm_create_ephemeral_os_disk000001/providers/Microsoft.Network/networkSecurityGroups/cli-test-vm-local-1NSG","resourceType":"Microsoft.Network/networkSecurityGroups","resourceName":"cli-test-vm-local-1NSG"},{"id":"/subscriptions/00000000-0000-0000-0000-000000000000/resourceGroups/cli_test_vm_create_ephemeral_os_disk000001/providers/Microsoft.Network/publicIPAddresses/cli-test-vm-local-1PublicIP","resourceType":"Microsoft.Network/publicIPAddresses","resourceName":"cli-test-vm-local-1PublicIP"}],"id":"/subscriptions/00000000-0000-0000-0000-000000000000/resourceGroups/cli_test_vm_create_ephemeral_os_disk000001/providers/Microsoft.Network/networkInterfaces/cli-test-vm-local-1VMNic","resourceType":"Microsoft.Network/networkInterfaces","resourceName":"cli-test-vm-local-1VMNic"},{"dependsOn":[{"id":"/subscriptions/00000000-0000-0000-0000-000000000000/resourceGroups/cli_test_vm_create_ephemeral_os_disk000001/providers/Microsoft.Network/networkInterfaces/cli-test-vm-local-1VMNic","resourceType":"Microsoft.Network/networkInterfaces","resourceName":"cli-test-vm-local-1VMNic"}],"id":"/subscriptions/00000000-0000-0000-0000-000000000000/resourceGroups/cli_test_vm_create_ephemeral_os_disk000001/providers/Microsoft.Compute/virtualMachines/cli-test-vm-local-1","resourceType":"Microsoft.Compute/virtualMachines","resourceName":"cli-test-vm-local-1"}],"outputs":{},"outputResources":[{"id":"/subscriptions/00000000-0000-0000-0000-000000000000/resourceGroups/cli_test_vm_create_ephemeral_os_disk000001/providers/Microsoft.Compute/virtualMachines/cli-test-vm-local-1"},{"id":"/subscriptions/00000000-0000-0000-0000-000000000000/resourceGroups/cli_test_vm_create_ephemeral_os_disk000001/providers/Microsoft.Network/networkInterfaces/cli-test-vm-local-1VMNic"},{"id":"/subscriptions/00000000-0000-0000-0000-000000000000/resourceGroups/cli_test_vm_create_ephemeral_os_disk000001/providers/Microsoft.Network/networkSecurityGroups/cli-test-vm-local-1NSG"},{"id":"/subscriptions/00000000-0000-0000-0000-000000000000/resourceGroups/cli_test_vm_create_ephemeral_os_disk000001/providers/Microsoft.Network/publicIPAddresses/cli-test-vm-local-1PublicIP"},{"id":"/subscriptions/00000000-0000-0000-0000-000000000000/resourceGroups/cli_test_vm_create_ephemeral_os_disk000001/providers/Microsoft.Network/virtualNetworks/cli-test-vm-local-1VNET"}]}}'
    headers:
      cache-control:
      - no-cache
      content-length:
      - '4080'
      content-type:
      - application/json; charset=utf-8
      date:
      - Mon, 20 Jul 2020 05:38:23 GMT
      expires:
      - '-1'
      pragma:
      - no-cache
      strict-transport-security:
      - max-age=31536000; includeSubDomains
      vary:
      - Accept-Encoding
      x-content-type-options:
      - nosniff
    status:
      code: 200
      message: OK
- request:
    body: null
    headers:
      Accept:
      - application/json
      Accept-Encoding:
      - gzip, deflate
      CommandName:
      - vm create
      Connection:
      - keep-alive
      ParameterSetName:
      - --resource-group --name --image --ssh-key-value --location --ephemeral-os-disk
        --admin-username
      User-Agent:
      - python/3.8.0 (Windows-10-10.0.19041-SP0) msrest/0.6.9 msrest_azure/0.6.3 azure-mgmt-compute/13.0.0
        Azure-SDK-For-Python AZURECLI/2.9.0
      accept-language:
      - en-US
    method: GET
    uri: https://management.azure.com/subscriptions/00000000-0000-0000-0000-000000000000/resourceGroups/cli_test_vm_create_ephemeral_os_disk000001/providers/Microsoft.Compute/virtualMachines/cli-test-vm-local-1?$expand=instanceView&api-version=2020-06-01
  response:
    body:
      string: "{\r\n  \"name\": \"cli-test-vm-local-1\",\r\n  \"id\": \"/subscriptions/00000000-0000-0000-0000-000000000000/resourceGroups/cli_test_vm_create_ephemeral_os_disk000001/providers/Microsoft.Compute/virtualMachines/cli-test-vm-local-1\",\r\n
        \ \"type\": \"Microsoft.Compute/virtualMachines\",\r\n  \"location\": \"westus\",\r\n
        \ \"tags\": {},\r\n  \"properties\": {\r\n    \"vmId\": \"3de56f89-bb14-40ff-9e16-cd17cc5c4751\",\r\n
        \   \"hardwareProfile\": {\r\n      \"vmSize\": \"Standard_DS1_v2\"\r\n    },\r\n
        \   \"storageProfile\": {\r\n      \"imageReference\": {\r\n        \"publisher\":
        \"Canonical\",\r\n        \"offer\": \"UbuntuServer\",\r\n        \"sku\":
        \"18.04-LTS\",\r\n        \"version\": \"latest\",\r\n        \"exactVersion\":
        \"18.04.202007160\"\r\n      },\r\n      \"osDisk\": {\r\n        \"osType\":
        \"Linux\",\r\n        \"diffDiskSettings\": {\r\n          \"option\": \"Local\",\r\n
        \         \"placement\": \"CacheDisk\"\r\n        },\r\n        \"name\":
        \"cli-test-vm-local-1_disk1_8cbe921f7c6c49439c7a15a964f0bdc4\",\r\n        \"createOption\":
        \"FromImage\",\r\n        \"caching\": \"ReadOnly\",\r\n        \"managedDisk\":
        {\r\n          \"storageAccountType\": \"Standard_LRS\",\r\n          \"id\":
        \"/subscriptions/00000000-0000-0000-0000-000000000000/resourceGroups/CLI_TEST_VM_CREATE_EPHEMERAL_OS_DISKPM3NOD2YDLCQ5OW3JKYCA6MHKAPNHJU3D3TH6WN/providers/Microsoft.Compute/disks/cli-test-vm-local-1_disk1_8cbe921f7c6c49439c7a15a964f0bdc4\"\r\n
        \       },\r\n        \"diskSizeGB\": 30\r\n      },\r\n      \"dataDisks\":
        []\r\n    },\r\n    \"osProfile\": {\r\n      \"computerName\": \"cli-test-vm-local-1\",\r\n
        \     \"adminUsername\": \"user_1\",\r\n      \"linuxConfiguration\": {\r\n
        \       \"disablePasswordAuthentication\": true,\r\n        \"ssh\": {\r\n
        \         \"publicKeys\": [\r\n            {\r\n              \"path\": \"/home/user_1/.ssh/authorized_keys\",\r\n
        \             \"keyData\": \"ssh-rsa AAAAB3NzaC1yc2EAAAADAQABAAACAQCbIg1guRHbI0lV11wWDt1r2cUdcNd27CJsg+SfgC7miZeubtwUhbsPdhMQsfDyhOWHq1+ZL0M+nJZV63d/1dhmhtgyOqejUwrPlzKhydsbrsdUor+JmNJDdW01v7BXHyuymT8G4s09jCasNOwiufbP/qp72ruu0bIA1nySsvlf9pCQAuFkAnVnf/rFhUlOkhtRpwcq8SUNY2zRHR/EKb/4NWY1JzR4sa3q2fWIJdrrX0DvLoa5g9bIEd4Df79ba7v+yiUBOS0zT2ll+z4g9izHK3EO5d8hL4jYxcjKs+wcslSYRWrascfscLgMlMGh0CdKeNTDjHpGPncaf3Z+FwwwjWeuiNBxv7bJo13/8B/098KlVDl4GZqsoBCEjPyJfV6hO0y/LkRGkk7oHWKgeWAfKtfLItRp00eZ4fcJNK9kCaSMmEugoZWcI7NGbZXzqFWqbpRI7NcDP9+WIQ+i9U5vqWsqd/zng4kbuAJ6UuKqIzB0upYrLShfQE3SAck8oaLhJqqq56VfDuASNpJKidV+zq27HfSBmbXnkR/5AK337dc3MXKJypoK/QPMLKUAP5XLPbs+NddJQV7EZXd29DLgp+fRIg3edpKdO7ZErWhv7d+3Kws+e1Y+ypmR2WIVSwVyBEUfgv2C8Ts9gnTF4pNcEY/S2aBicz5Ew2+jdyGNQQ==
        test@example.com\\n\"\r\n            }\r\n          ]\r\n        },\r\n        \"provisionVMAgent\":
        true\r\n      },\r\n      \"secrets\": [],\r\n      \"allowExtensionOperations\":
        true,\r\n      \"requireGuestProvisionSignal\": true\r\n    },\r\n    \"networkProfile\":
        {\"networkInterfaces\":[{\"id\":\"/subscriptions/00000000-0000-0000-0000-000000000000/resourceGroups/cli_test_vm_create_ephemeral_os_disk000001/providers/Microsoft.Network/networkInterfaces/cli-test-vm-local-1VMNic\"}]},\r\n
        \   \"provisioningState\": \"Succeeded\",\r\n    \"instanceView\": {\r\n      \"computerName\":
        \"cli-test-vm-local-1\",\r\n      \"osName\": \"ubuntu\",\r\n      \"osVersion\":
        \"18.04\",\r\n      \"vmAgent\": {\r\n        \"vmAgentVersion\": \"2.2.49.2\",\r\n
        \       \"statuses\": [\r\n          {\r\n            \"code\": \"ProvisioningState/succeeded\",\r\n
        \           \"level\": \"Info\",\r\n            \"displayStatus\": \"Ready\",\r\n
        \           \"message\": \"Guest Agent is running\",\r\n            \"time\":
        \"2020-07-20T05:38:45+00:00\"\r\n          }\r\n        ],\r\n        \"extensionHandlers\":
        []\r\n      },\r\n      \"disks\": [\r\n        {\r\n          \"name\": \"cli-test-vm-local-1_disk1_8cbe921f7c6c49439c7a15a964f0bdc4\",\r\n
        \         \"statuses\": [\r\n            {\r\n              \"code\": \"ProvisioningState/succeeded\",\r\n
        \             \"level\": \"Info\",\r\n              \"displayStatus\": \"Provisioning
        succeeded\",\r\n              \"time\": \"2020-07-20T05:37:37.7000906+00:00\"\r\n
        \           }\r\n          ]\r\n        }\r\n      ],\r\n      \"hyperVGeneration\":
        \"V1\",\r\n      \"statuses\": [\r\n        {\r\n          \"code\": \"ProvisioningState/succeeded\",\r\n
        \         \"level\": \"Info\",\r\n          \"displayStatus\": \"Provisioning
        succeeded\",\r\n          \"time\": \"2020-07-20T05:37:50.1376489+00:00\"\r\n
        \       },\r\n        {\r\n          \"code\": \"PowerState/running\",\r\n
        \         \"level\": \"Info\",\r\n          \"displayStatus\": \"VM running\"\r\n
        \       }\r\n      ]\r\n    }\r\n  }\r\n}"
    headers:
      cache-control:
      - no-cache
      content-length:
      - '4339'
      content-type:
      - application/json; charset=utf-8
      date:
      - Mon, 20 Jul 2020 05:38:50 GMT
      expires:
      - '-1'
      pragma:
      - no-cache
      server:
      - Microsoft-HTTPAPI/2.0
      - Microsoft-HTTPAPI/2.0
      strict-transport-security:
      - max-age=31536000; includeSubDomains
      transfer-encoding:
      - chunked
      vary:
      - Accept-Encoding
      x-content-type-options:
      - nosniff
      x-ms-ratelimit-remaining-resource:
      - Microsoft.Compute/LowCostGet3Min;3942,Microsoft.Compute/LowCostGet30Min;31776
    status:
      code: 200
      message: OK
- request:
    body: null
    headers:
      Accept:
      - application/json
      Accept-Encoding:
      - gzip, deflate
      CommandName:
      - vm create
      Connection:
      - keep-alive
      ParameterSetName:
      - --resource-group --name --image --ssh-key-value --location --ephemeral-os-disk
        --admin-username
      User-Agent:
      - python/3.8.0 (Windows-10-10.0.19041-SP0) msrest/0.6.9 msrest_azure/0.6.3 azure-mgmt-network/11.0.0
        Azure-SDK-For-Python AZURECLI/2.9.0
      accept-language:
      - en-US
    method: GET
    uri: https://management.azure.com/subscriptions/00000000-0000-0000-0000-000000000000/resourceGroups/cli_test_vm_create_ephemeral_os_disk000001/providers/Microsoft.Network/networkInterfaces/cli-test-vm-local-1VMNic?api-version=2018-01-01
  response:
    body:
      string: "{\r\n  \"name\": \"cli-test-vm-local-1VMNic\",\r\n  \"id\": \"/subscriptions/00000000-0000-0000-0000-000000000000/resourceGroups/cli_test_vm_create_ephemeral_os_disk000001/providers/Microsoft.Network/networkInterfaces/cli-test-vm-local-1VMNic\",\r\n
        \ \"etag\": \"W/\\\"977fdefd-f1ec-4f45-9dc5-10aeb06c3e11\\\"\",\r\n  \"location\":
        \"westus\",\r\n  \"tags\": {},\r\n  \"properties\": {\r\n    \"provisioningState\":
        \"Succeeded\",\r\n    \"resourceGuid\": \"e257b0b4-ee64-4ed1-8be8-e8bd9bfc847e\",\r\n
        \   \"ipConfigurations\": [\r\n      {\r\n        \"name\": \"ipconfigcli-test-vm-local-1\",\r\n
        \       \"id\": \"/subscriptions/00000000-0000-0000-0000-000000000000/resourceGroups/cli_test_vm_create_ephemeral_os_disk000001/providers/Microsoft.Network/networkInterfaces/cli-test-vm-local-1VMNic/ipConfigurations/ipconfigcli-test-vm-local-1\",\r\n
        \       \"etag\": \"W/\\\"977fdefd-f1ec-4f45-9dc5-10aeb06c3e11\\\"\",\r\n
        \       \"type\": \"Microsoft.Network/networkInterfaces/ipConfigurations\",\r\n
        \       \"properties\": {\r\n          \"provisioningState\": \"Succeeded\",\r\n
        \         \"privateIPAddress\": \"10.0.0.4\",\r\n          \"privateIPAllocationMethod\":
        \"Dynamic\",\r\n          \"publicIPAddress\": {\r\n            \"id\": \"/subscriptions/00000000-0000-0000-0000-000000000000/resourceGroups/cli_test_vm_create_ephemeral_os_disk000001/providers/Microsoft.Network/publicIPAddresses/cli-test-vm-local-1PublicIP\"\r\n
        \         },\r\n          \"subnet\": {\r\n            \"id\": \"/subscriptions/00000000-0000-0000-0000-000000000000/resourceGroups/cli_test_vm_create_ephemeral_os_disk000001/providers/Microsoft.Network/virtualNetworks/cli-test-vm-local-1VNET/subnets/cli-test-vm-local-1Subnet\"\r\n
        \         },\r\n          \"primary\": true,\r\n          \"privateIPAddressVersion\":
        \"IPv4\"\r\n        }\r\n      }\r\n    ],\r\n    \"dnsSettings\": {\r\n      \"dnsServers\":
        [],\r\n      \"appliedDnsServers\": [],\r\n      \"internalDomainNameSuffix\":
        \"2uzcnoltvjxu3dp22cscxn1beh.dx.internal.cloudapp.net\"\r\n    },\r\n    \"macAddress\":
        \"00-22-48-08-B0-92\",\r\n    \"enableAcceleratedNetworking\": false,\r\n
        \   \"enableIPForwarding\": false,\r\n    \"networkSecurityGroup\": {\r\n
        \     \"id\": \"/subscriptions/00000000-0000-0000-0000-000000000000/resourceGroups/cli_test_vm_create_ephemeral_os_disk000001/providers/Microsoft.Network/networkSecurityGroups/cli-test-vm-local-1NSG\"\r\n
        \   },\r\n    \"primary\": true,\r\n    \"virtualMachine\": {\r\n      \"id\":
        \"/subscriptions/00000000-0000-0000-0000-000000000000/resourceGroups/cli_test_vm_create_ephemeral_os_disk000001/providers/Microsoft.Compute/virtualMachines/cli-test-vm-local-1\"\r\n
        \   }\r\n  },\r\n  \"type\": \"Microsoft.Network/networkInterfaces\"\r\n}"
    headers:
      cache-control:
      - no-cache
      content-length:
      - '2728'
      content-type:
      - application/json; charset=utf-8
      date:
      - Mon, 20 Jul 2020 05:38:50 GMT
      etag:
      - W/"977fdefd-f1ec-4f45-9dc5-10aeb06c3e11"
      expires:
      - '-1'
      pragma:
      - no-cache
      server:
      - Microsoft-HTTPAPI/2.0
      - Microsoft-HTTPAPI/2.0
      strict-transport-security:
      - max-age=31536000; includeSubDomains
      transfer-encoding:
      - chunked
      vary:
      - Accept-Encoding
      x-content-type-options:
      - nosniff
      x-ms-arm-service-request-id:
      - af7b14ce-ffca-480d-8ae7-81269c0b6b56
    status:
      code: 200
      message: OK
- request:
    body: null
    headers:
      Accept:
      - application/json
      Accept-Encoding:
      - gzip, deflate
      CommandName:
      - vm create
      Connection:
      - keep-alive
      ParameterSetName:
      - --resource-group --name --image --ssh-key-value --location --ephemeral-os-disk
        --admin-username
      User-Agent:
      - python/3.8.0 (Windows-10-10.0.19041-SP0) msrest/0.6.9 msrest_azure/0.6.3 azure-mgmt-network/11.0.0
        Azure-SDK-For-Python AZURECLI/2.9.0
      accept-language:
      - en-US
    method: GET
    uri: https://management.azure.com/subscriptions/00000000-0000-0000-0000-000000000000/resourceGroups/cli_test_vm_create_ephemeral_os_disk000001/providers/Microsoft.Network/publicIPAddresses/cli-test-vm-local-1PublicIP?api-version=2018-01-01
  response:
    body:
      string: "{\r\n  \"name\": \"cli-test-vm-local-1PublicIP\",\r\n  \"id\": \"/subscriptions/00000000-0000-0000-0000-000000000000/resourceGroups/cli_test_vm_create_ephemeral_os_disk000001/providers/Microsoft.Network/publicIPAddresses/cli-test-vm-local-1PublicIP\",\r\n
        \ \"etag\": \"W/\\\"13f4ef33-2ea6-4988-82ba-253d89347e5e\\\"\",\r\n  \"location\":
        \"westus\",\r\n  \"tags\": {},\r\n  \"properties\": {\r\n    \"provisioningState\":
        \"Succeeded\",\r\n    \"resourceGuid\": \"241ce42e-91fd-4a57-af2c-d94f765ffd3a\",\r\n
        \   \"ipAddress\": \"104.210.62.86\",\r\n    \"publicIPAddressVersion\": \"IPv4\",\r\n
        \   \"publicIPAllocationMethod\": \"Dynamic\",\r\n    \"idleTimeoutInMinutes\":
        4,\r\n    \"ipTags\": [],\r\n    \"ipConfiguration\": {\r\n      \"id\": \"/subscriptions/00000000-0000-0000-0000-000000000000/resourceGroups/cli_test_vm_create_ephemeral_os_disk000001/providers/Microsoft.Network/networkInterfaces/cli-test-vm-local-1VMNic/ipConfigurations/ipconfigcli-test-vm-local-1\"\r\n
        \   }\r\n  },\r\n  \"type\": \"Microsoft.Network/publicIPAddresses\",\r\n
        \ \"sku\": {\r\n    \"name\": \"Basic\"\r\n  }\r\n}"
    headers:
      cache-control:
      - no-cache
      content-length:
      - '1061'
      content-type:
      - application/json; charset=utf-8
      date:
      - Mon, 20 Jul 2020 05:38:51 GMT
      etag:
      - W/"13f4ef33-2ea6-4988-82ba-253d89347e5e"
      expires:
      - '-1'
      pragma:
      - no-cache
      server:
      - Microsoft-HTTPAPI/2.0
      - Microsoft-HTTPAPI/2.0
      strict-transport-security:
      - max-age=31536000; includeSubDomains
      transfer-encoding:
      - chunked
      vary:
      - Accept-Encoding
      x-content-type-options:
      - nosniff
      x-ms-arm-service-request-id:
      - 5f6d5c93-e12c-4b8e-9bc7-6c23175f245f
    status:
      code: 200
      message: OK
- request:
    body: null
    headers:
      Accept:
      - application/json
      Accept-Encoding:
      - gzip, deflate
      CommandName:
      - vm show
      Connection:
      - keep-alive
      ParameterSetName:
      - -g -n
      User-Agent:
      - python/3.8.0 (Windows-10-10.0.19041-SP0) msrest/0.6.9 msrest_azure/0.6.3 azure-mgmt-compute/13.0.0
        Azure-SDK-For-Python AZURECLI/2.9.0
      accept-language:
      - en-US
    method: GET
    uri: https://management.azure.com/subscriptions/00000000-0000-0000-0000-000000000000/resourceGroups/cli_test_vm_create_ephemeral_os_disk000001/providers/Microsoft.Compute/virtualMachines/cli-test-vm-local-1?api-version=2020-06-01
  response:
    body:
      string: "{\r\n  \"name\": \"cli-test-vm-local-1\",\r\n  \"id\": \"/subscriptions/00000000-0000-0000-0000-000000000000/resourceGroups/cli_test_vm_create_ephemeral_os_disk000001/providers/Microsoft.Compute/virtualMachines/cli-test-vm-local-1\",\r\n
        \ \"type\": \"Microsoft.Compute/virtualMachines\",\r\n  \"location\": \"westus\",\r\n
        \ \"tags\": {},\r\n  \"properties\": {\r\n    \"vmId\": \"3de56f89-bb14-40ff-9e16-cd17cc5c4751\",\r\n
        \   \"hardwareProfile\": {\r\n      \"vmSize\": \"Standard_DS1_v2\"\r\n    },\r\n
        \   \"storageProfile\": {\r\n      \"imageReference\": {\r\n        \"publisher\":
        \"Canonical\",\r\n        \"offer\": \"UbuntuServer\",\r\n        \"sku\":
        \"18.04-LTS\",\r\n        \"version\": \"latest\",\r\n        \"exactVersion\":
        \"18.04.202007160\"\r\n      },\r\n      \"osDisk\": {\r\n        \"osType\":
        \"Linux\",\r\n        \"diffDiskSettings\": {\r\n          \"option\": \"Local\",\r\n
        \         \"placement\": \"CacheDisk\"\r\n        },\r\n        \"name\":
        \"cli-test-vm-local-1_disk1_8cbe921f7c6c49439c7a15a964f0bdc4\",\r\n        \"createOption\":
        \"FromImage\",\r\n        \"caching\": \"ReadOnly\",\r\n        \"managedDisk\":
        {\r\n          \"storageAccountType\": \"Standard_LRS\",\r\n          \"id\":
        \"/subscriptions/00000000-0000-0000-0000-000000000000/resourceGroups/CLI_TEST_VM_CREATE_EPHEMERAL_OS_DISKPM3NOD2YDLCQ5OW3JKYCA6MHKAPNHJU3D3TH6WN/providers/Microsoft.Compute/disks/cli-test-vm-local-1_disk1_8cbe921f7c6c49439c7a15a964f0bdc4\"\r\n
        \       },\r\n        \"diskSizeGB\": 30\r\n      },\r\n      \"dataDisks\":
        []\r\n    },\r\n    \"osProfile\": {\r\n      \"computerName\": \"cli-test-vm-local-1\",\r\n
        \     \"adminUsername\": \"user_1\",\r\n      \"linuxConfiguration\": {\r\n
        \       \"disablePasswordAuthentication\": true,\r\n        \"ssh\": {\r\n
        \         \"publicKeys\": [\r\n            {\r\n              \"path\": \"/home/user_1/.ssh/authorized_keys\",\r\n
        \             \"keyData\": \"ssh-rsa AAAAB3NzaC1yc2EAAAADAQABAAACAQCbIg1guRHbI0lV11wWDt1r2cUdcNd27CJsg+SfgC7miZeubtwUhbsPdhMQsfDyhOWHq1+ZL0M+nJZV63d/1dhmhtgyOqejUwrPlzKhydsbrsdUor+JmNJDdW01v7BXHyuymT8G4s09jCasNOwiufbP/qp72ruu0bIA1nySsvlf9pCQAuFkAnVnf/rFhUlOkhtRpwcq8SUNY2zRHR/EKb/4NWY1JzR4sa3q2fWIJdrrX0DvLoa5g9bIEd4Df79ba7v+yiUBOS0zT2ll+z4g9izHK3EO5d8hL4jYxcjKs+wcslSYRWrascfscLgMlMGh0CdKeNTDjHpGPncaf3Z+FwwwjWeuiNBxv7bJo13/8B/098KlVDl4GZqsoBCEjPyJfV6hO0y/LkRGkk7oHWKgeWAfKtfLItRp00eZ4fcJNK9kCaSMmEugoZWcI7NGbZXzqFWqbpRI7NcDP9+WIQ+i9U5vqWsqd/zng4kbuAJ6UuKqIzB0upYrLShfQE3SAck8oaLhJqqq56VfDuASNpJKidV+zq27HfSBmbXnkR/5AK337dc3MXKJypoK/QPMLKUAP5XLPbs+NddJQV7EZXd29DLgp+fRIg3edpKdO7ZErWhv7d+3Kws+e1Y+ypmR2WIVSwVyBEUfgv2C8Ts9gnTF4pNcEY/S2aBicz5Ew2+jdyGNQQ==
        test@example.com\\n\"\r\n            }\r\n          ]\r\n        },\r\n        \"provisionVMAgent\":
        true\r\n      },\r\n      \"secrets\": [],\r\n      \"allowExtensionOperations\":
        true,\r\n      \"requireGuestProvisionSignal\": true\r\n    },\r\n    \"networkProfile\":
        {\"networkInterfaces\":[{\"id\":\"/subscriptions/00000000-0000-0000-0000-000000000000/resourceGroups/cli_test_vm_create_ephemeral_os_disk000001/providers/Microsoft.Network/networkInterfaces/cli-test-vm-local-1VMNic\"}]},\r\n
        \   \"provisioningState\": \"Succeeded\"\r\n  }\r\n}"
    headers:
      cache-control:
      - no-cache
      content-length:
      - '3016'
      content-type:
      - application/json; charset=utf-8
      date:
      - Mon, 20 Jul 2020 05:38:52 GMT
      expires:
      - '-1'
      pragma:
      - no-cache
      server:
      - Microsoft-HTTPAPI/2.0
      - Microsoft-HTTPAPI/2.0
      strict-transport-security:
      - max-age=31536000; includeSubDomains
      transfer-encoding:
      - chunked
      vary:
      - Accept-Encoding
      x-content-type-options:
      - nosniff
      x-ms-ratelimit-remaining-resource:
      - Microsoft.Compute/LowCostGet3Min;3940,Microsoft.Compute/LowCostGet30Min;31774
    status:
      code: 200
      message: OK
- request:
    body: null
    headers:
      Accept:
      - '*/*'
      Accept-Encoding:
      - gzip, deflate
      Connection:
      - keep-alive
      User-Agent:
      - python-requests/2.22.0
    method: GET
    uri: https://raw.githubusercontent.com/Azure/azure-rest-api-specs/master/arm-compute/quickstart-templates/aliases.json
  response:
    body:
      string: "{\n  \"$schema\": \"http://schema.management.azure.com/schemas/2015-01-01/deploymentTemplate.json\",\n
        \ \"contentVersion\": \"1.0.0.0\",\n  \"parameters\": {},\n  \"variables\":
        {},\n  \"resources\": [],\n  \"outputs\": {\n    \"aliases\": {\n      \"type\":
        \"object\",\n      \"value\": {\n        \"Linux\": {\n          \"CentOS\":
        {\n            \"publisher\": \"OpenLogic\",\n            \"offer\": \"CentOS\",\n
        \           \"sku\": \"7.5\",\n            \"version\": \"latest\"\n          },\n
        \         \"CoreOS\": {\n            \"publisher\": \"CoreOS\",\n            \"offer\":
        \"CoreOS\",\n            \"sku\": \"Stable\",\n            \"version\": \"latest\"\n
        \         },\n          \"Debian\": {\n            \"publisher\": \"Debian\",\n
        \           \"offer\": \"debian-10\",\n            \"sku\": \"10\",\n            \"version\":
        \"latest\"\n          },\n          \"openSUSE-Leap\": {\n            \"publisher\":
        \"SUSE\",\n            \"offer\": \"openSUSE-Leap\",\n            \"sku\":
        \"42.3\",\n            \"version\": \"latest\"\n          },\n          \"RHEL\":
        {\n            \"publisher\": \"RedHat\",\n            \"offer\": \"RHEL\",\n
        \           \"sku\": \"7-LVM\",\n            \"version\": \"latest\"\n          },\n
        \         \"SLES\": {\n            \"publisher\": \"SUSE\",\n            \"offer\":
        \"SLES\",\n            \"sku\": \"15\",\n            \"version\": \"latest\"\n
        \         },\n          \"UbuntuLTS\": {\n            \"publisher\": \"Canonical\",\n
        \           \"offer\": \"UbuntuServer\",\n            \"sku\": \"18.04-LTS\",\n
        \           \"version\": \"latest\"\n          }\n        },\n        \"Windows\":
        {\n          \"Win2019Datacenter\": {\n            \"publisher\": \"MicrosoftWindowsServer\",\n
        \           \"offer\": \"WindowsServer\",\n            \"sku\": \"2019-Datacenter\",\n
        \           \"version\": \"latest\"\n          },\n          \"Win2016Datacenter\":
        {\n            \"publisher\": \"MicrosoftWindowsServer\",\n            \"offer\":
        \"WindowsServer\",\n            \"sku\": \"2016-Datacenter\",\n            \"version\":
        \"latest\"\n          },\n          \"Win2012R2Datacenter\": {\n            \"publisher\":
        \"MicrosoftWindowsServer\",\n            \"offer\": \"WindowsServer\",\n            \"sku\":
        \"2012-R2-Datacenter\",\n            \"version\": \"latest\"\n          },\n
        \         \"Win2012Datacenter\": {\n            \"publisher\": \"MicrosoftWindowsServer\",\n
        \           \"offer\": \"WindowsServer\",\n            \"sku\": \"2012-Datacenter\",\n
        \           \"version\": \"latest\"\n          },\n          \"Win2008R2SP1\":
        {\n            \"publisher\": \"MicrosoftWindowsServer\",\n            \"offer\":
        \"WindowsServer\",\n            \"sku\": \"2008-R2-SP1\",\n            \"version\":
        \"latest\"\n          }\n        }\n      }\n    }\n  }\n}\n"
    headers:
      accept-ranges:
      - bytes
      access-control-allow-origin:
      - '*'
      cache-control:
      - max-age=300
      connection:
      - keep-alive
      content-length:
      - '2501'
      content-security-policy:
      - default-src 'none'; style-src 'unsafe-inline'; sandbox
      content-type:
      - text/plain; charset=utf-8
      date:
      - Mon, 20 Jul 2020 05:38:53 GMT
      etag:
      - W/"540044b4084c3c314537f1baa1770f248628b2bc9ba0328f1004c33862e049da"
      expires:
      - Mon, 20 Jul 2020 05:43:53 GMT
      source-age:
      - '35'
      strict-transport-security:
      - max-age=31536000
      vary:
      - Authorization,Accept-Encoding, Accept-Encoding
      via:
      - 1.1 varnish (Varnish/6.0)
      - 1.1 varnish
      x-cache:
      - MISS, HIT
      x-cache-hits:
      - 0, 1
      x-content-type-options:
      - nosniff
      x-fastly-request-id:
      - 5cf631129ce40bba9ba75b3d612ff3f0f0c6dcfd
      x-frame-options:
      - deny
      x-github-request-id:
      - 7D50:7C67:29B570:2CAD32:5F152231
      x-served-by:
      - cache-sin18042-SIN
      x-timer:
      - S1595223533.166625,VS0,VE1
      x-xss-protection:
      - 1; mode=block
    status:
      code: 200
      message: OK
- request:
    body: null
    headers:
      Accept:
      - application/json
      Accept-Encoding:
      - gzip, deflate
      CommandName:
      - vm create
      Connection:
      - keep-alive
      ParameterSetName:
      - --resource-group --name --image --ssh-key-value --location --ephemeral-os-disk
        --os-disk-caching --admin-username
      User-Agent:
      - python/3.8.0 (Windows-10-10.0.19041-SP0) msrest/0.6.9 msrest_azure/0.6.3 azure-mgmt-network/11.0.0
        Azure-SDK-For-Python AZURECLI/2.9.0
      accept-language:
      - en-US
    method: GET
    uri: https://management.azure.com/subscriptions/00000000-0000-0000-0000-000000000000/resourceGroups/cli_test_vm_create_ephemeral_os_disk000001/providers/Microsoft.Network/virtualNetworks?api-version=2018-01-01
  response:
    body:
      string: "{\r\n  \"value\": [\r\n    {\r\n      \"name\": \"cli-test-vm-local-1VNET\",\r\n
        \     \"id\": \"/subscriptions/00000000-0000-0000-0000-000000000000/resourceGroups/cli_test_vm_create_ephemeral_os_disk000001/providers/Microsoft.Network/virtualNetworks/cli-test-vm-local-1VNET\",\r\n
        \     \"etag\": \"W/\\\"50964e5c-a062-4b3b-8010-238478b4c282\\\"\",\r\n      \"type\":
        \"Microsoft.Network/virtualNetworks\",\r\n      \"location\": \"westus\",\r\n
        \     \"tags\": {},\r\n      \"properties\": {\r\n        \"provisioningState\":
        \"Succeeded\",\r\n        \"resourceGuid\": \"b92632e5-aa73-4e6f-8dfc-e0a42bb76127\",\r\n
        \       \"addressSpace\": {\r\n          \"addressPrefixes\": [\r\n            \"10.0.0.0/16\"\r\n
        \         ]\r\n        },\r\n        \"subnets\": [\r\n          {\r\n            \"name\":
        \"cli-test-vm-local-1Subnet\",\r\n            \"id\": \"/subscriptions/00000000-0000-0000-0000-000000000000/resourceGroups/cli_test_vm_create_ephemeral_os_disk000001/providers/Microsoft.Network/virtualNetworks/cli-test-vm-local-1VNET/subnets/cli-test-vm-local-1Subnet\",\r\n
        \           \"etag\": \"W/\\\"50964e5c-a062-4b3b-8010-238478b4c282\\\"\",\r\n
        \           \"properties\": {\r\n              \"provisioningState\": \"Succeeded\",\r\n
        \             \"addressPrefix\": \"10.0.0.0/24\",\r\n              \"ipConfigurations\":
        [\r\n                {\r\n                  \"id\": \"/subscriptions/00000000-0000-0000-0000-000000000000/resourceGroups/cli_test_vm_create_ephemeral_os_disk000001/providers/Microsoft.Network/networkInterfaces/cli-test-vm-local-1VMNic/ipConfigurations/ipconfigcli-test-vm-local-1\"\r\n
        \               }\r\n              ]\r\n            },\r\n            \"type\":
        \"Microsoft.Network/virtualNetworks/subnets\"\r\n          }\r\n        ],\r\n
        \       \"virtualNetworkPeerings\": [],\r\n        \"enableDdosProtection\":
        false,\r\n        \"enableVmProtection\": false\r\n      }\r\n    }\r\n  ]\r\n}"
    headers:
      cache-control:
      - no-cache
      content-length:
      - '1862'
      content-type:
      - application/json; charset=utf-8
      date:
      - Mon, 20 Jul 2020 05:38:53 GMT
      expires:
      - '-1'
      pragma:
      - no-cache
      server:
      - Microsoft-HTTPAPI/2.0
      - Microsoft-HTTPAPI/2.0
      strict-transport-security:
      - max-age=31536000; includeSubDomains
      transfer-encoding:
      - chunked
      vary:
      - Accept-Encoding
      x-content-type-options:
      - nosniff
      x-ms-arm-service-request-id:
      - 7fc5a739-cf4f-42bc-ad11-ec4ffc93d33b
    status:
      code: 200
      message: OK
- request:
    body: 'b''{"properties": {"template": {"$schema": "https://schema.management.azure.com/schemas/2015-01-01/deploymentTemplate.json#",
      "contentVersion": "1.0.0.0", "parameters": {}, "variables": {}, "resources":
      [{"type": "Microsoft.Network/networkSecurityGroups", "name": "cli-test-vm-local-2NSG",
      "apiVersion": "2015-06-15", "location": "westus", "tags": {}, "dependsOn": [],
      "properties": {"securityRules": [{"name": "default-allow-ssh", "properties":
      {"protocol": "Tcp", "sourcePortRange": "*", "destinationPortRange": "22", "sourceAddressPrefix":
      "*", "destinationAddressPrefix": "*", "access": "Allow", "priority": 1000, "direction":
      "Inbound"}}]}}, {"apiVersion": "2018-01-01", "type": "Microsoft.Network/publicIPAddresses",
      "name": "cli-test-vm-local-2PublicIP", "location": "westus", "tags": {}, "dependsOn":
      [], "properties": {"publicIPAllocationMethod": null}}, {"apiVersion": "2015-06-15",
      "type": "Microsoft.Network/networkInterfaces", "name": "cli-test-vm-local-2VMNic",
      "location": "westus", "tags": {}, "dependsOn": ["Microsoft.Network/networkSecurityGroups/cli-test-vm-local-2NSG",
      "Microsoft.Network/publicIpAddresses/cli-test-vm-local-2PublicIP"], "properties":
      {"ipConfigurations": [{"name": "ipconfigcli-test-vm-local-2", "properties":
      {"privateIPAllocationMethod": "Dynamic", "subnet": {"id": "/subscriptions/00000000-0000-0000-0000-000000000000/resourceGroups/cli_test_vm_create_ephemeral_os_disk000001/providers/Microsoft.Network/virtualNetworks/cli-test-vm-local-1VNET/subnets/cli-test-vm-local-1Subnet"},
      "publicIPAddress": {"id": "/subscriptions/00000000-0000-0000-0000-000000000000/resourceGroups/cli_test_vm_create_ephemeral_os_disk000001/providers/Microsoft.Network/publicIPAddresses/cli-test-vm-local-2PublicIP"}}}],
      "networkSecurityGroup": {"id": "/subscriptions/00000000-0000-0000-0000-000000000000/resourceGroups/cli_test_vm_create_ephemeral_os_disk000001/providers/Microsoft.Network/networkSecurityGroups/cli-test-vm-local-2NSG"}}},
      {"apiVersion": "2020-06-01", "type": "Microsoft.Compute/virtualMachines", "name":
      "cli-test-vm-local-2", "location": "westus", "tags": {}, "dependsOn": ["Microsoft.Network/networkInterfaces/cli-test-vm-local-2VMNic"],
      "properties": {"hardwareProfile": {"vmSize": "Standard_DS1_v2"}, "networkProfile":
      {"networkInterfaces": [{"id": "/subscriptions/00000000-0000-0000-0000-000000000000/resourceGroups/cli_test_vm_create_ephemeral_os_disk000001/providers/Microsoft.Network/networkInterfaces/cli-test-vm-local-2VMNic"}]},
      "storageProfile": {"osDisk": {"createOption": "fromImage", "name": null, "caching":
      "ReadOnly", "managedDisk": {"storageAccountType": null}, "diffDiskSettings":
      {"option": "Local"}}, "imageReference": {"publisher": "Canonical", "offer":
      "UbuntuServer", "sku": "18.04-LTS", "version": "latest"}}, "osProfile": {"computerName":
      "cli-test-vm-local-2", "adminUsername": "user_1", "linuxConfiguration": {"disablePasswordAuthentication":
      true, "ssh": {"publicKeys": [{"keyData": "ssh-rsa AAAAB3NzaC1yc2EAAAADAQABAAACAQCbIg1guRHbI0lV11wWDt1r2cUdcNd27CJsg+SfgC7miZeubtwUhbsPdhMQsfDyhOWHq1+ZL0M+nJZV63d/1dhmhtgyOqejUwrPlzKhydsbrsdUor+JmNJDdW01v7BXHyuymT8G4s09jCasNOwiufbP/qp72ruu0bIA1nySsvlf9pCQAuFkAnVnf/rFhUlOkhtRpwcq8SUNY2zRHR/EKb/4NWY1JzR4sa3q2fWIJdrrX0DvLoa5g9bIEd4Df79ba7v+yiUBOS0zT2ll+z4g9izHK3EO5d8hL4jYxcjKs+wcslSYRWrascfscLgMlMGh0CdKeNTDjHpGPncaf3Z+FwwwjWeuiNBxv7bJo13/8B/098KlVDl4GZqsoBCEjPyJfV6hO0y/LkRGkk7oHWKgeWAfKtfLItRp00eZ4fcJNK9kCaSMmEugoZWcI7NGbZXzqFWqbpRI7NcDP9+WIQ+i9U5vqWsqd/zng4kbuAJ6UuKqIzB0upYrLShfQE3SAck8oaLhJqqq56VfDuASNpJKidV+zq27HfSBmbXnkR/5AK337dc3MXKJypoK/QPMLKUAP5XLPbs+NddJQV7EZXd29DLgp+fRIg3edpKdO7ZErWhv7d+3Kws+e1Y+ypmR2WIVSwVyBEUfgv2C8Ts9gnTF4pNcEY/S2aBicz5Ew2+jdyGNQQ==
      test@example.com\\n", "path": "/home/user_1/.ssh/authorized_keys"}]}}}}}], "outputs":
      {}}, "parameters": {}, "mode": "Incremental"}}'''
    headers:
      Accept:
      - application/json
      Accept-Encoding:
      - gzip, deflate
      CommandName:
      - vm create
      Connection:
      - keep-alive
      Content-Length:
      - '3936'
      Content-Type:
      - application/json; charset=utf-8
      ParameterSetName:
      - --resource-group --name --image --ssh-key-value --location --ephemeral-os-disk
        --os-disk-caching --admin-username
      User-Agent:
      - python/3.8.0 (Windows-10-10.0.19041-SP0) msrest/0.6.9 msrest_azure/0.6.3 azure-mgmt-resource/10.1.0
        Azure-SDK-For-Python AZURECLI/2.9.0
      accept-language:
      - en-US
    method: PUT
    uri: https://management.azure.com/subscriptions/00000000-0000-0000-0000-000000000000/resourcegroups/cli_test_vm_create_ephemeral_os_disk000001/providers/Microsoft.Resources/deployments/mock-deployment?api-version=2020-06-01
  response:
    body:
      string: '{"id":"/subscriptions/00000000-0000-0000-0000-000000000000/resourceGroups/cli_test_vm_create_ephemeral_os_disk000001/providers/Microsoft.Resources/deployments/vm_deploy_8rfOav8Ozu8EZ257V9EDcZo0huwS5BOi","name":"vm_deploy_8rfOav8Ozu8EZ257V9EDcZo0huwS5BOi","type":"Microsoft.Resources/deployments","properties":{"templateHash":"5336166634625825712","parameters":{},"mode":"Incremental","provisioningState":"Accepted","timestamp":"2020-07-20T05:38:57.9380694Z","duration":"PT2.6152079S","correlationId":"4a583a60-cd86-4eb0-8484-144fa99017e6","providers":[{"namespace":"Microsoft.Network","resourceTypes":[{"resourceType":"networkSecurityGroups","locations":["westus"]},{"resourceType":"publicIPAddresses","locations":["westus"]},{"resourceType":"networkInterfaces","locations":["westus"]}]},{"namespace":"Microsoft.Compute","resourceTypes":[{"resourceType":"virtualMachines","locations":["westus"]}]}],"dependencies":[{"dependsOn":[{"id":"/subscriptions/00000000-0000-0000-0000-000000000000/resourceGroups/cli_test_vm_create_ephemeral_os_disk000001/providers/Microsoft.Network/networkSecurityGroups/cli-test-vm-local-2NSG","resourceType":"Microsoft.Network/networkSecurityGroups","resourceName":"cli-test-vm-local-2NSG"},{"id":"/subscriptions/00000000-0000-0000-0000-000000000000/resourceGroups/cli_test_vm_create_ephemeral_os_disk000001/providers/Microsoft.Network/publicIPAddresses/cli-test-vm-local-2PublicIP","resourceType":"Microsoft.Network/publicIPAddresses","resourceName":"cli-test-vm-local-2PublicIP"}],"id":"/subscriptions/00000000-0000-0000-0000-000000000000/resourceGroups/cli_test_vm_create_ephemeral_os_disk000001/providers/Microsoft.Network/networkInterfaces/cli-test-vm-local-2VMNic","resourceType":"Microsoft.Network/networkInterfaces","resourceName":"cli-test-vm-local-2VMNic"},{"dependsOn":[{"id":"/subscriptions/00000000-0000-0000-0000-000000000000/resourceGroups/cli_test_vm_create_ephemeral_os_disk000001/providers/Microsoft.Network/networkInterfaces/cli-test-vm-local-2VMNic","resourceType":"Microsoft.Network/networkInterfaces","resourceName":"cli-test-vm-local-2VMNic"}],"id":"/subscriptions/00000000-0000-0000-0000-000000000000/resourceGroups/cli_test_vm_create_ephemeral_os_disk000001/providers/Microsoft.Compute/virtualMachines/cli-test-vm-local-2","resourceType":"Microsoft.Compute/virtualMachines","resourceName":"cli-test-vm-local-2"}]}}'
    headers:
      azure-asyncoperation:
      - https://management.azure.com/subscriptions/00000000-0000-0000-0000-000000000000/resourcegroups/cli_test_vm_create_ephemeral_os_disk000001/providers/Microsoft.Resources/deployments/vm_deploy_8rfOav8Ozu8EZ257V9EDcZo0huwS5BOi/operationStatuses/08586063833501547637?api-version=2020-06-01
      cache-control:
      - no-cache
      content-length:
      - '2564'
      content-type:
      - application/json; charset=utf-8
      date:
      - Mon, 20 Jul 2020 05:38:58 GMT
      expires:
      - '-1'
      pragma:
      - no-cache
      strict-transport-security:
      - max-age=31536000; includeSubDomains
      x-content-type-options:
      - nosniff
      x-ms-ratelimit-remaining-subscription-writes:
      - '1183'
    status:
      code: 201
      message: Created
- request:
    body: null
    headers:
      Accept:
      - application/json
      Accept-Encoding:
      - gzip, deflate
      CommandName:
      - vm create
      Connection:
      - keep-alive
      ParameterSetName:
      - --resource-group --name --image --ssh-key-value --location --ephemeral-os-disk
        --os-disk-caching --admin-username
      User-Agent:
      - python/3.8.0 (Windows-10-10.0.19041-SP0) msrest/0.6.9 msrest_azure/0.6.3 azure-mgmt-resource/10.1.0
        Azure-SDK-For-Python AZURECLI/2.9.0
    method: GET
    uri: https://management.azure.com/subscriptions/00000000-0000-0000-0000-000000000000/resourcegroups/cli_test_vm_create_ephemeral_os_disk000001/providers/Microsoft.Resources/deployments/mock-deployment/operationStatuses/08586063833501547637?api-version=2020-06-01
  response:
    body:
      string: '{"status":"Running"}'
    headers:
      cache-control:
      - no-cache
      content-length:
      - '20'
      content-type:
      - application/json; charset=utf-8
      date:
      - Mon, 20 Jul 2020 05:39:29 GMT
      expires:
      - '-1'
      pragma:
      - no-cache
      strict-transport-security:
      - max-age=31536000; includeSubDomains
      vary:
      - Accept-Encoding
      x-content-type-options:
      - nosniff
    status:
      code: 200
      message: OK
- request:
    body: null
    headers:
      Accept:
      - application/json
      Accept-Encoding:
      - gzip, deflate
      CommandName:
      - vm create
      Connection:
      - keep-alive
      ParameterSetName:
      - --resource-group --name --image --ssh-key-value --location --ephemeral-os-disk
        --os-disk-caching --admin-username
      User-Agent:
      - python/3.8.0 (Windows-10-10.0.19041-SP0) msrest/0.6.9 msrest_azure/0.6.3 azure-mgmt-resource/10.1.0
        Azure-SDK-For-Python AZURECLI/2.9.0
    method: GET
    uri: https://management.azure.com/subscriptions/00000000-0000-0000-0000-000000000000/resourcegroups/cli_test_vm_create_ephemeral_os_disk000001/providers/Microsoft.Resources/deployments/mock-deployment/operationStatuses/08586063833501547637?api-version=2020-06-01
  response:
    body:
      string: '{"status":"Succeeded"}'
    headers:
      cache-control:
      - no-cache
      content-length:
      - '22'
      content-type:
      - application/json; charset=utf-8
      date:
      - Mon, 20 Jul 2020 05:40:00 GMT
      expires:
      - '-1'
      pragma:
      - no-cache
      strict-transport-security:
      - max-age=31536000; includeSubDomains
      vary:
      - Accept-Encoding
      x-content-type-options:
      - nosniff
    status:
      code: 200
      message: OK
- request:
    body: null
    headers:
      Accept:
      - application/json
      Accept-Encoding:
      - gzip, deflate
      CommandName:
      - vm create
      Connection:
      - keep-alive
      ParameterSetName:
      - --resource-group --name --image --ssh-key-value --location --ephemeral-os-disk
        --os-disk-caching --admin-username
      User-Agent:
      - python/3.8.0 (Windows-10-10.0.19041-SP0) msrest/0.6.9 msrest_azure/0.6.3 azure-mgmt-resource/10.1.0
        Azure-SDK-For-Python AZURECLI/2.9.0
    method: GET
    uri: https://management.azure.com/subscriptions/00000000-0000-0000-0000-000000000000/resourcegroups/cli_test_vm_create_ephemeral_os_disk000001/providers/Microsoft.Resources/deployments/mock-deployment?api-version=2020-06-01
  response:
    body:
      string: '{"id":"/subscriptions/00000000-0000-0000-0000-000000000000/resourceGroups/cli_test_vm_create_ephemeral_os_disk000001/providers/Microsoft.Resources/deployments/vm_deploy_8rfOav8Ozu8EZ257V9EDcZo0huwS5BOi","name":"vm_deploy_8rfOav8Ozu8EZ257V9EDcZo0huwS5BOi","type":"Microsoft.Resources/deployments","properties":{"templateHash":"5336166634625825712","parameters":{},"mode":"Incremental","provisioningState":"Succeeded","timestamp":"2020-07-20T05:39:34.6236439Z","duration":"PT39.3007824S","correlationId":"4a583a60-cd86-4eb0-8484-144fa99017e6","providers":[{"namespace":"Microsoft.Network","resourceTypes":[{"resourceType":"networkSecurityGroups","locations":["westus"]},{"resourceType":"publicIPAddresses","locations":["westus"]},{"resourceType":"networkInterfaces","locations":["westus"]}]},{"namespace":"Microsoft.Compute","resourceTypes":[{"resourceType":"virtualMachines","locations":["westus"]}]}],"dependencies":[{"dependsOn":[{"id":"/subscriptions/00000000-0000-0000-0000-000000000000/resourceGroups/cli_test_vm_create_ephemeral_os_disk000001/providers/Microsoft.Network/networkSecurityGroups/cli-test-vm-local-2NSG","resourceType":"Microsoft.Network/networkSecurityGroups","resourceName":"cli-test-vm-local-2NSG"},{"id":"/subscriptions/00000000-0000-0000-0000-000000000000/resourceGroups/cli_test_vm_create_ephemeral_os_disk000001/providers/Microsoft.Network/publicIPAddresses/cli-test-vm-local-2PublicIP","resourceType":"Microsoft.Network/publicIPAddresses","resourceName":"cli-test-vm-local-2PublicIP"}],"id":"/subscriptions/00000000-0000-0000-0000-000000000000/resourceGroups/cli_test_vm_create_ephemeral_os_disk000001/providers/Microsoft.Network/networkInterfaces/cli-test-vm-local-2VMNic","resourceType":"Microsoft.Network/networkInterfaces","resourceName":"cli-test-vm-local-2VMNic"},{"dependsOn":[{"id":"/subscriptions/00000000-0000-0000-0000-000000000000/resourceGroups/cli_test_vm_create_ephemeral_os_disk000001/providers/Microsoft.Network/networkInterfaces/cli-test-vm-local-2VMNic","resourceType":"Microsoft.Network/networkInterfaces","resourceName":"cli-test-vm-local-2VMNic"}],"id":"/subscriptions/00000000-0000-0000-0000-000000000000/resourceGroups/cli_test_vm_create_ephemeral_os_disk000001/providers/Microsoft.Compute/virtualMachines/cli-test-vm-local-2","resourceType":"Microsoft.Compute/virtualMachines","resourceName":"cli-test-vm-local-2"}],"outputs":{},"outputResources":[{"id":"/subscriptions/00000000-0000-0000-0000-000000000000/resourceGroups/cli_test_vm_create_ephemeral_os_disk000001/providers/Microsoft.Compute/virtualMachines/cli-test-vm-local-2"},{"id":"/subscriptions/00000000-0000-0000-0000-000000000000/resourceGroups/cli_test_vm_create_ephemeral_os_disk000001/providers/Microsoft.Network/networkInterfaces/cli-test-vm-local-2VMNic"},{"id":"/subscriptions/00000000-0000-0000-0000-000000000000/resourceGroups/cli_test_vm_create_ephemeral_os_disk000001/providers/Microsoft.Network/networkSecurityGroups/cli-test-vm-local-2NSG"},{"id":"/subscriptions/00000000-0000-0000-0000-000000000000/resourceGroups/cli_test_vm_create_ephemeral_os_disk000001/providers/Microsoft.Network/publicIPAddresses/cli-test-vm-local-2PublicIP"}]}}'
    headers:
      cache-control:
      - no-cache
      content-length:
      - '3489'
      content-type:
      - application/json; charset=utf-8
      date:
      - Mon, 20 Jul 2020 05:40:01 GMT
      expires:
      - '-1'
      pragma:
      - no-cache
      strict-transport-security:
      - max-age=31536000; includeSubDomains
      vary:
      - Accept-Encoding
      x-content-type-options:
      - nosniff
    status:
      code: 200
      message: OK
- request:
    body: null
    headers:
      Accept:
      - application/json
      Accept-Encoding:
      - gzip, deflate
      CommandName:
      - vm create
      Connection:
      - keep-alive
      ParameterSetName:
      - --resource-group --name --image --ssh-key-value --location --ephemeral-os-disk
        --os-disk-caching --admin-username
      User-Agent:
      - python/3.8.0 (Windows-10-10.0.19041-SP0) msrest/0.6.9 msrest_azure/0.6.3 azure-mgmt-compute/13.0.0
        Azure-SDK-For-Python AZURECLI/2.9.0
      accept-language:
      - en-US
    method: GET
    uri: https://management.azure.com/subscriptions/00000000-0000-0000-0000-000000000000/resourceGroups/cli_test_vm_create_ephemeral_os_disk000001/providers/Microsoft.Compute/virtualMachines/cli-test-vm-local-2?$expand=instanceView&api-version=2020-06-01
  response:
    body:
      string: "{\r\n  \"name\": \"cli-test-vm-local-2\",\r\n  \"id\": \"/subscriptions/00000000-0000-0000-0000-000000000000/resourceGroups/cli_test_vm_create_ephemeral_os_disk000001/providers/Microsoft.Compute/virtualMachines/cli-test-vm-local-2\",\r\n
        \ \"type\": \"Microsoft.Compute/virtualMachines\",\r\n  \"location\": \"westus\",\r\n
        \ \"tags\": {},\r\n  \"properties\": {\r\n    \"vmId\": \"c6ecccfb-0ea4-403c-8f8d-61353f2c5534\",\r\n
        \   \"hardwareProfile\": {\r\n      \"vmSize\": \"Standard_DS1_v2\"\r\n    },\r\n
        \   \"storageProfile\": {\r\n      \"imageReference\": {\r\n        \"publisher\":
        \"Canonical\",\r\n        \"offer\": \"UbuntuServer\",\r\n        \"sku\":
        \"18.04-LTS\",\r\n        \"version\": \"latest\",\r\n        \"exactVersion\":
        \"18.04.202007160\"\r\n      },\r\n      \"osDisk\": {\r\n        \"osType\":
        \"Linux\",\r\n        \"diffDiskSettings\": {\r\n          \"option\": \"Local\",\r\n
        \         \"placement\": \"CacheDisk\"\r\n        },\r\n        \"name\":
        \"cli-test-vm-local-2_disk1_b1fd695427674482b5b758f390646572\",\r\n        \"createOption\":
        \"FromImage\",\r\n        \"caching\": \"ReadOnly\",\r\n        \"managedDisk\":
        {\r\n          \"storageAccountType\": \"Standard_LRS\",\r\n          \"id\":
        \"/subscriptions/00000000-0000-0000-0000-000000000000/resourceGroups/CLI_TEST_VM_CREATE_EPHEMERAL_OS_DISKPM3NOD2YDLCQ5OW3JKYCA6MHKAPNHJU3D3TH6WN/providers/Microsoft.Compute/disks/cli-test-vm-local-2_disk1_b1fd695427674482b5b758f390646572\"\r\n
        \       },\r\n        \"diskSizeGB\": 30\r\n      },\r\n      \"dataDisks\":
        []\r\n    },\r\n    \"osProfile\": {\r\n      \"computerName\": \"cli-test-vm-local-2\",\r\n
        \     \"adminUsername\": \"user_1\",\r\n      \"linuxConfiguration\": {\r\n
        \       \"disablePasswordAuthentication\": true,\r\n        \"ssh\": {\r\n
        \         \"publicKeys\": [\r\n            {\r\n              \"path\": \"/home/user_1/.ssh/authorized_keys\",\r\n
        \             \"keyData\": \"ssh-rsa AAAAB3NzaC1yc2EAAAADAQABAAACAQCbIg1guRHbI0lV11wWDt1r2cUdcNd27CJsg+SfgC7miZeubtwUhbsPdhMQsfDyhOWHq1+ZL0M+nJZV63d/1dhmhtgyOqejUwrPlzKhydsbrsdUor+JmNJDdW01v7BXHyuymT8G4s09jCasNOwiufbP/qp72ruu0bIA1nySsvlf9pCQAuFkAnVnf/rFhUlOkhtRpwcq8SUNY2zRHR/EKb/4NWY1JzR4sa3q2fWIJdrrX0DvLoa5g9bIEd4Df79ba7v+yiUBOS0zT2ll+z4g9izHK3EO5d8hL4jYxcjKs+wcslSYRWrascfscLgMlMGh0CdKeNTDjHpGPncaf3Z+FwwwjWeuiNBxv7bJo13/8B/098KlVDl4GZqsoBCEjPyJfV6hO0y/LkRGkk7oHWKgeWAfKtfLItRp00eZ4fcJNK9kCaSMmEugoZWcI7NGbZXzqFWqbpRI7NcDP9+WIQ+i9U5vqWsqd/zng4kbuAJ6UuKqIzB0upYrLShfQE3SAck8oaLhJqqq56VfDuASNpJKidV+zq27HfSBmbXnkR/5AK337dc3MXKJypoK/QPMLKUAP5XLPbs+NddJQV7EZXd29DLgp+fRIg3edpKdO7ZErWhv7d+3Kws+e1Y+ypmR2WIVSwVyBEUfgv2C8Ts9gnTF4pNcEY/S2aBicz5Ew2+jdyGNQQ==
        test@example.com\\n\"\r\n            }\r\n          ]\r\n        },\r\n        \"provisionVMAgent\":
        true\r\n      },\r\n      \"secrets\": [],\r\n      \"allowExtensionOperations\":
        true,\r\n      \"requireGuestProvisionSignal\": true\r\n    },\r\n    \"networkProfile\":
        {\"networkInterfaces\":[{\"id\":\"/subscriptions/00000000-0000-0000-0000-000000000000/resourceGroups/cli_test_vm_create_ephemeral_os_disk000001/providers/Microsoft.Network/networkInterfaces/cli-test-vm-local-2VMNic\"}]},\r\n
        \   \"provisioningState\": \"Succeeded\",\r\n    \"instanceView\": {\r\n      \"computerName\":
        \"cli-test-vm-local-2\",\r\n      \"osName\": \"ubuntu\",\r\n      \"osVersion\":
        \"18.04\",\r\n      \"vmAgent\": {\r\n        \"vmAgentVersion\": \"2.2.49.2\",\r\n
        \       \"statuses\": [\r\n          {\r\n            \"code\": \"ProvisioningState/succeeded\",\r\n
        \           \"level\": \"Info\",\r\n            \"displayStatus\": \"Ready\",\r\n
        \           \"message\": \"Guest Agent is running\",\r\n            \"time\":
        \"2020-07-20T05:39:58+00:00\"\r\n          }\r\n        ],\r\n        \"extensionHandlers\":
        []\r\n      },\r\n      \"disks\": [\r\n        {\r\n          \"name\": \"cli-test-vm-local-2_disk1_b1fd695427674482b5b758f390646572\",\r\n
        \         \"statuses\": [\r\n            {\r\n              \"code\": \"ProvisioningState/succeeded\",\r\n
        \             \"level\": \"Info\",\r\n              \"displayStatus\": \"Provisioning
        succeeded\",\r\n              \"time\": \"2020-07-20T05:39:23.8725436+00:00\"\r\n
        \           }\r\n          ]\r\n        }\r\n      ],\r\n      \"hyperVGeneration\":
        \"V1\",\r\n      \"statuses\": [\r\n        {\r\n          \"code\": \"ProvisioningState/succeeded\",\r\n
        \         \"level\": \"Info\",\r\n          \"displayStatus\": \"Provisioning
        succeeded\",\r\n          \"time\": \"2020-07-20T05:39:33.0444913+00:00\"\r\n
        \       },\r\n        {\r\n          \"code\": \"PowerState/running\",\r\n
        \         \"level\": \"Info\",\r\n          \"displayStatus\": \"VM running\"\r\n
        \       }\r\n      ]\r\n    }\r\n  }\r\n}"
    headers:
      cache-control:
      - no-cache
      content-length:
      - '4339'
      content-type:
      - application/json; charset=utf-8
      date:
      - Mon, 20 Jul 2020 05:40:02 GMT
      expires:
      - '-1'
      pragma:
      - no-cache
      server:
      - Microsoft-HTTPAPI/2.0
      - Microsoft-HTTPAPI/2.0
      strict-transport-security:
      - max-age=31536000; includeSubDomains
      transfer-encoding:
      - chunked
      vary:
      - Accept-Encoding
      x-content-type-options:
      - nosniff
      x-ms-ratelimit-remaining-resource:
      - Microsoft.Compute/LowCostGet3Min;3948,Microsoft.Compute/LowCostGet30Min;31753
    status:
      code: 200
      message: OK
- request:
    body: null
    headers:
      Accept:
      - application/json
      Accept-Encoding:
      - gzip, deflate
      CommandName:
      - vm create
      Connection:
      - keep-alive
      ParameterSetName:
      - --resource-group --name --image --ssh-key-value --location --ephemeral-os-disk
        --os-disk-caching --admin-username
      User-Agent:
      - python/3.8.0 (Windows-10-10.0.19041-SP0) msrest/0.6.9 msrest_azure/0.6.3 azure-mgmt-network/11.0.0
        Azure-SDK-For-Python AZURECLI/2.9.0
      accept-language:
      - en-US
    method: GET
    uri: https://management.azure.com/subscriptions/00000000-0000-0000-0000-000000000000/resourceGroups/cli_test_vm_create_ephemeral_os_disk000001/providers/Microsoft.Network/networkInterfaces/cli-test-vm-local-2VMNic?api-version=2018-01-01
  response:
    body:
      string: "{\r\n  \"name\": \"cli-test-vm-local-2VMNic\",\r\n  \"id\": \"/subscriptions/00000000-0000-0000-0000-000000000000/resourceGroups/cli_test_vm_create_ephemeral_os_disk000001/providers/Microsoft.Network/networkInterfaces/cli-test-vm-local-2VMNic\",\r\n
        \ \"etag\": \"W/\\\"e365e7d5-b9ad-461a-af2f-f2141a41f75f\\\"\",\r\n  \"location\":
        \"westus\",\r\n  \"tags\": {},\r\n  \"properties\": {\r\n    \"provisioningState\":
        \"Succeeded\",\r\n    \"resourceGuid\": \"d18faf76-cae0-4456-91fc-cec6da9dfc59\",\r\n
        \   \"ipConfigurations\": [\r\n      {\r\n        \"name\": \"ipconfigcli-test-vm-local-2\",\r\n
        \       \"id\": \"/subscriptions/00000000-0000-0000-0000-000000000000/resourceGroups/cli_test_vm_create_ephemeral_os_disk000001/providers/Microsoft.Network/networkInterfaces/cli-test-vm-local-2VMNic/ipConfigurations/ipconfigcli-test-vm-local-2\",\r\n
        \       \"etag\": \"W/\\\"e365e7d5-b9ad-461a-af2f-f2141a41f75f\\\"\",\r\n
        \       \"type\": \"Microsoft.Network/networkInterfaces/ipConfigurations\",\r\n
        \       \"properties\": {\r\n          \"provisioningState\": \"Succeeded\",\r\n
        \         \"privateIPAddress\": \"10.0.0.5\",\r\n          \"privateIPAllocationMethod\":
        \"Dynamic\",\r\n          \"publicIPAddress\": {\r\n            \"id\": \"/subscriptions/00000000-0000-0000-0000-000000000000/resourceGroups/cli_test_vm_create_ephemeral_os_disk000001/providers/Microsoft.Network/publicIPAddresses/cli-test-vm-local-2PublicIP\"\r\n
        \         },\r\n          \"subnet\": {\r\n            \"id\": \"/subscriptions/00000000-0000-0000-0000-000000000000/resourceGroups/cli_test_vm_create_ephemeral_os_disk000001/providers/Microsoft.Network/virtualNetworks/cli-test-vm-local-1VNET/subnets/cli-test-vm-local-1Subnet\"\r\n
        \         },\r\n          \"primary\": true,\r\n          \"privateIPAddressVersion\":
        \"IPv4\"\r\n        }\r\n      }\r\n    ],\r\n    \"dnsSettings\": {\r\n      \"dnsServers\":
        [],\r\n      \"appliedDnsServers\": [],\r\n      \"internalDomainNameSuffix\":
        \"2uzcnoltvjxu3dp22cscxn1beh.dx.internal.cloudapp.net\"\r\n    },\r\n    \"macAddress\":
        \"00-22-48-09-03-17\",\r\n    \"enableAcceleratedNetworking\": false,\r\n
        \   \"enableIPForwarding\": false,\r\n    \"networkSecurityGroup\": {\r\n
        \     \"id\": \"/subscriptions/00000000-0000-0000-0000-000000000000/resourceGroups/cli_test_vm_create_ephemeral_os_disk000001/providers/Microsoft.Network/networkSecurityGroups/cli-test-vm-local-2NSG\"\r\n
        \   },\r\n    \"primary\": true,\r\n    \"virtualMachine\": {\r\n      \"id\":
        \"/subscriptions/00000000-0000-0000-0000-000000000000/resourceGroups/cli_test_vm_create_ephemeral_os_disk000001/providers/Microsoft.Compute/virtualMachines/cli-test-vm-local-2\"\r\n
        \   }\r\n  },\r\n  \"type\": \"Microsoft.Network/networkInterfaces\"\r\n}"
    headers:
      cache-control:
      - no-cache
      content-length:
      - '2728'
      content-type:
      - application/json; charset=utf-8
      date:
      - Mon, 20 Jul 2020 05:40:02 GMT
      etag:
      - W/"e365e7d5-b9ad-461a-af2f-f2141a41f75f"
      expires:
      - '-1'
      pragma:
      - no-cache
      server:
      - Microsoft-HTTPAPI/2.0
      - Microsoft-HTTPAPI/2.0
      strict-transport-security:
      - max-age=31536000; includeSubDomains
      transfer-encoding:
      - chunked
      vary:
      - Accept-Encoding
      x-content-type-options:
      - nosniff
      x-ms-arm-service-request-id:
      - 902087ba-bd60-4b62-8fe6-6a3fcbceaf90
    status:
      code: 200
      message: OK
- request:
    body: null
    headers:
      Accept:
      - application/json
      Accept-Encoding:
      - gzip, deflate
      CommandName:
      - vm create
      Connection:
      - keep-alive
      ParameterSetName:
      - --resource-group --name --image --ssh-key-value --location --ephemeral-os-disk
        --os-disk-caching --admin-username
      User-Agent:
      - python/3.8.0 (Windows-10-10.0.19041-SP0) msrest/0.6.9 msrest_azure/0.6.3 azure-mgmt-network/11.0.0
        Azure-SDK-For-Python AZURECLI/2.9.0
      accept-language:
      - en-US
    method: GET
    uri: https://management.azure.com/subscriptions/00000000-0000-0000-0000-000000000000/resourceGroups/cli_test_vm_create_ephemeral_os_disk000001/providers/Microsoft.Network/publicIPAddresses/cli-test-vm-local-2PublicIP?api-version=2018-01-01
  response:
    body:
      string: "{\r\n  \"name\": \"cli-test-vm-local-2PublicIP\",\r\n  \"id\": \"/subscriptions/00000000-0000-0000-0000-000000000000/resourceGroups/cli_test_vm_create_ephemeral_os_disk000001/providers/Microsoft.Network/publicIPAddresses/cli-test-vm-local-2PublicIP\",\r\n
        \ \"etag\": \"W/\\\"9e4c9945-9434-44a4-96de-828bb7ec0ddf\\\"\",\r\n  \"location\":
        \"westus\",\r\n  \"tags\": {},\r\n  \"properties\": {\r\n    \"provisioningState\":
        \"Succeeded\",\r\n    \"resourceGuid\": \"e9d3d64e-e7b0-4bc5-83da-300794080018\",\r\n
        \   \"ipAddress\": \"104.210.61.177\",\r\n    \"publicIPAddressVersion\":
        \"IPv4\",\r\n    \"publicIPAllocationMethod\": \"Dynamic\",\r\n    \"idleTimeoutInMinutes\":
        4,\r\n    \"ipTags\": [],\r\n    \"ipConfiguration\": {\r\n      \"id\": \"/subscriptions/00000000-0000-0000-0000-000000000000/resourceGroups/cli_test_vm_create_ephemeral_os_disk000001/providers/Microsoft.Network/networkInterfaces/cli-test-vm-local-2VMNic/ipConfigurations/ipconfigcli-test-vm-local-2\"\r\n
        \   }\r\n  },\r\n  \"type\": \"Microsoft.Network/publicIPAddresses\",\r\n
        \ \"sku\": {\r\n    \"name\": \"Basic\"\r\n  }\r\n}"
    headers:
      cache-control:
      - no-cache
      content-length:
      - '1062'
      content-type:
      - application/json; charset=utf-8
      date:
      - Mon, 20 Jul 2020 05:40:02 GMT
      etag:
      - W/"9e4c9945-9434-44a4-96de-828bb7ec0ddf"
      expires:
      - '-1'
      pragma:
      - no-cache
      server:
      - Microsoft-HTTPAPI/2.0
      - Microsoft-HTTPAPI/2.0
      strict-transport-security:
      - max-age=31536000; includeSubDomains
      transfer-encoding:
      - chunked
      vary:
      - Accept-Encoding
      x-content-type-options:
      - nosniff
      x-ms-arm-service-request-id:
      - 2667d31a-cd8b-44e2-a2fd-3ed46d4afd71
    status:
      code: 200
      message: OK
- request:
    body: null
    headers:
      Accept:
      - application/json
      Accept-Encoding:
      - gzip, deflate
      CommandName:
      - vm show
      Connection:
      - keep-alive
      ParameterSetName:
      - -g -n
      User-Agent:
      - python/3.8.0 (Windows-10-10.0.19041-SP0) msrest/0.6.9 msrest_azure/0.6.3 azure-mgmt-compute/13.0.0
        Azure-SDK-For-Python AZURECLI/2.9.0
      accept-language:
      - en-US
    method: GET
    uri: https://management.azure.com/subscriptions/00000000-0000-0000-0000-000000000000/resourceGroups/cli_test_vm_create_ephemeral_os_disk000001/providers/Microsoft.Compute/virtualMachines/cli-test-vm-local-2?api-version=2020-06-01
  response:
    body:
      string: "{\r\n  \"name\": \"cli-test-vm-local-2\",\r\n  \"id\": \"/subscriptions/00000000-0000-0000-0000-000000000000/resourceGroups/cli_test_vm_create_ephemeral_os_disk000001/providers/Microsoft.Compute/virtualMachines/cli-test-vm-local-2\",\r\n
        \ \"type\": \"Microsoft.Compute/virtualMachines\",\r\n  \"location\": \"westus\",\r\n
        \ \"tags\": {},\r\n  \"properties\": {\r\n    \"vmId\": \"c6ecccfb-0ea4-403c-8f8d-61353f2c5534\",\r\n
        \   \"hardwareProfile\": {\r\n      \"vmSize\": \"Standard_DS1_v2\"\r\n    },\r\n
        \   \"storageProfile\": {\r\n      \"imageReference\": {\r\n        \"publisher\":
        \"Canonical\",\r\n        \"offer\": \"UbuntuServer\",\r\n        \"sku\":
        \"18.04-LTS\",\r\n        \"version\": \"latest\",\r\n        \"exactVersion\":
        \"18.04.202007160\"\r\n      },\r\n      \"osDisk\": {\r\n        \"osType\":
        \"Linux\",\r\n        \"diffDiskSettings\": {\r\n          \"option\": \"Local\",\r\n
        \         \"placement\": \"CacheDisk\"\r\n        },\r\n        \"name\":
        \"cli-test-vm-local-2_disk1_b1fd695427674482b5b758f390646572\",\r\n        \"createOption\":
        \"FromImage\",\r\n        \"caching\": \"ReadOnly\",\r\n        \"managedDisk\":
        {\r\n          \"storageAccountType\": \"Standard_LRS\",\r\n          \"id\":
        \"/subscriptions/00000000-0000-0000-0000-000000000000/resourceGroups/CLI_TEST_VM_CREATE_EPHEMERAL_OS_DISKPM3NOD2YDLCQ5OW3JKYCA6MHKAPNHJU3D3TH6WN/providers/Microsoft.Compute/disks/cli-test-vm-local-2_disk1_b1fd695427674482b5b758f390646572\"\r\n
        \       },\r\n        \"diskSizeGB\": 30\r\n      },\r\n      \"dataDisks\":
        []\r\n    },\r\n    \"osProfile\": {\r\n      \"computerName\": \"cli-test-vm-local-2\",\r\n
        \     \"adminUsername\": \"user_1\",\r\n      \"linuxConfiguration\": {\r\n
        \       \"disablePasswordAuthentication\": true,\r\n        \"ssh\": {\r\n
        \         \"publicKeys\": [\r\n            {\r\n              \"path\": \"/home/user_1/.ssh/authorized_keys\",\r\n
        \             \"keyData\": \"ssh-rsa AAAAB3NzaC1yc2EAAAADAQABAAACAQCbIg1guRHbI0lV11wWDt1r2cUdcNd27CJsg+SfgC7miZeubtwUhbsPdhMQsfDyhOWHq1+ZL0M+nJZV63d/1dhmhtgyOqejUwrPlzKhydsbrsdUor+JmNJDdW01v7BXHyuymT8G4s09jCasNOwiufbP/qp72ruu0bIA1nySsvlf9pCQAuFkAnVnf/rFhUlOkhtRpwcq8SUNY2zRHR/EKb/4NWY1JzR4sa3q2fWIJdrrX0DvLoa5g9bIEd4Df79ba7v+yiUBOS0zT2ll+z4g9izHK3EO5d8hL4jYxcjKs+wcslSYRWrascfscLgMlMGh0CdKeNTDjHpGPncaf3Z+FwwwjWeuiNBxv7bJo13/8B/098KlVDl4GZqsoBCEjPyJfV6hO0y/LkRGkk7oHWKgeWAfKtfLItRp00eZ4fcJNK9kCaSMmEugoZWcI7NGbZXzqFWqbpRI7NcDP9+WIQ+i9U5vqWsqd/zng4kbuAJ6UuKqIzB0upYrLShfQE3SAck8oaLhJqqq56VfDuASNpJKidV+zq27HfSBmbXnkR/5AK337dc3MXKJypoK/QPMLKUAP5XLPbs+NddJQV7EZXd29DLgp+fRIg3edpKdO7ZErWhv7d+3Kws+e1Y+ypmR2WIVSwVyBEUfgv2C8Ts9gnTF4pNcEY/S2aBicz5Ew2+jdyGNQQ==
        test@example.com\\n\"\r\n            }\r\n          ]\r\n        },\r\n        \"provisionVMAgent\":
        true\r\n      },\r\n      \"secrets\": [],\r\n      \"allowExtensionOperations\":
        true,\r\n      \"requireGuestProvisionSignal\": true\r\n    },\r\n    \"networkProfile\":
        {\"networkInterfaces\":[{\"id\":\"/subscriptions/00000000-0000-0000-0000-000000000000/resourceGroups/cli_test_vm_create_ephemeral_os_disk000001/providers/Microsoft.Network/networkInterfaces/cli-test-vm-local-2VMNic\"}]},\r\n
        \   \"provisioningState\": \"Succeeded\"\r\n  }\r\n}"
    headers:
      cache-control:
      - no-cache
      content-length:
      - '3016'
      content-type:
      - application/json; charset=utf-8
      date:
      - Mon, 20 Jul 2020 05:40:03 GMT
      expires:
      - '-1'
      pragma:
      - no-cache
      server:
      - Microsoft-HTTPAPI/2.0
      - Microsoft-HTTPAPI/2.0
      strict-transport-security:
      - max-age=31536000; includeSubDomains
      transfer-encoding:
      - chunked
      vary:
      - Accept-Encoding
      x-content-type-options:
      - nosniff
      x-ms-ratelimit-remaining-resource:
      - Microsoft.Compute/LowCostGet3Min;3947,Microsoft.Compute/LowCostGet30Min;31752
    status:
      code: 200
      message: OK
version: 1
