interactions:
- request:
    body: null
    headers:
      Accept:
      - application/json
      Accept-Encoding:
      - gzip, deflate
      CommandName:
      - disk create
      Connection:
      - keep-alive
      ParameterSetName:
      - -g -n --image-reference --hyper-v-generation --security-type
      User-Agent:
      - AZURECLI/2.44.0 azsdk-python-azure-mgmt-resource/22.0.0 Python/3.10.8 (Linux-5.15.0-1023-azure-x86_64-with-glibc2.31)
        VSTS_7b238909-6802-4b65-b90d-184bca47f458_build_220_0
    method: GET
    uri: https://management.azure.com/subscriptions/00000000-0000-0000-0000-000000000000/resourcegroups/cli_test_disk_trusted_launch_000001?api-version=2022-09-01
  response:
    body:
      string: '{"id":"/subscriptions/00000000-0000-0000-0000-000000000000/resourceGroups/cli_test_disk_trusted_launch_000001","name":"cli_test_disk_trusted_launch_000001","type":"Microsoft.Resources/resourceGroups","location":"southcentralus","tags":{"product":"azurecli","cause":"automation","date":"2023-01-10T01:09:21Z"},"properties":{"provisioningState":"Succeeded"}}'
    headers:
      cache-control:
      - no-cache
      content-length:
      - '356'
      content-type:
      - application/json; charset=utf-8
      date:
      - Tue, 10 Jan 2023 01:09:23 GMT
      expires:
      - '-1'
      pragma:
      - no-cache
      strict-transport-security:
      - max-age=31536000; includeSubDomains
      vary:
      - Accept-Encoding
      x-content-type-options:
      - nosniff
    status:
      code: 200
      message: OK
- request:
    body: null
    headers:
      Accept:
      - application/json
      Accept-Encoding:
      - gzip, deflate
      CommandName:
      - disk create
      Connection:
      - keep-alive
      ParameterSetName:
      - -g -n --image-reference --hyper-v-generation --security-type
      User-Agent:
      - AZURECLI/2.44.0 azsdk-python-azure-mgmt-compute/29.0.0 Python/3.10.8 (Linux-5.15.0-1023-azure-x86_64-with-glibc2.31)
        VSTS_7b238909-6802-4b65-b90d-184bca47f458_build_220_0
    method: GET
    uri: https://management.azure.com/subscriptions/00000000-0000-0000-0000-000000000000/providers/Microsoft.Compute/locations/southcentralus/publishers/Canonical/artifacttypes/vmimage/offers/UbuntuServer/skus/18_04-lts-gen2/versions/18.04.202004290?api-version=2022-08-01
  response:
    body:
      string: "{\r\n  \"properties\": {\r\n    \"hyperVGeneration\": \"V2\",\r\n    \"architecture\":
        \"x64\",\r\n    \"replicaType\": \"Managed\",\r\n    \"replicaCount\": 10,\r\n
        \   \"disallowed\": {\r\n      \"vmDiskType\": \"Unmanaged\"\r\n    },\r\n
        \   \"automaticOSUpgradeProperties\": {\r\n      \"automaticOSUpgradeSupported\":
        false\r\n    },\r\n    \"imageDeprecationStatus\": {\r\n      \"imageState\":
        \"Active\"\r\n    },\r\n    \"features\": [\r\n      {\r\n        \"name\":
        \"SecurityType\",\r\n        \"value\": \"TrustedLaunchSupported\"\r\n      },\r\n
        \     {\r\n        \"name\": \"IsAcceleratedNetworkSupported\",\r\n        \"value\":
        \"True\"\r\n      },\r\n      {\r\n        \"name\": \"IsHibernateSupported\",\r\n
        \       \"value\": \"True\"\r\n      }\r\n    ],\r\n    \"osDiskImage\": {\r\n
        \     \"operatingSystem\": \"Linux\",\r\n      \"sizeInGb\": 30\r\n    },\r\n
        \   \"dataDiskImages\": []\r\n  },\r\n  \"location\": \"southcentralus\",\r\n
        \ \"name\": \"18.04.202004290\",\r\n  \"id\": \"/Subscriptions/00000000-0000-0000-0000-000000000000/Providers/Microsoft.Compute/Locations/southcentralus/Publishers/Canonical/ArtifactTypes/VMImage/Offers/UbuntuServer/Skus/18_04-lts-gen2/Versions/18.04.202004290\"\r\n}"
    headers:
      cache-control:
      - no-cache
      content-length:
      - '1068'
      content-type:
      - application/json; charset=utf-8
      date:
      - Tue, 10 Jan 2023 01:09:23 GMT
      expires:
      - '-1'
      pragma:
      - no-cache
      server:
      - Microsoft-HTTPAPI/2.0
      - Microsoft-HTTPAPI/2.0
      strict-transport-security:
      - max-age=31536000; includeSubDomains
      transfer-encoding:
      - chunked
      vary:
      - Accept-Encoding
      x-content-type-options:
      - nosniff
      x-ms-ratelimit-remaining-resource:
      - Microsoft.Compute/GetVMImageFromLocation3Min;12999,Microsoft.Compute/GetVMImageFromLocation30Min;73999
    status:
      code: 200
      message: OK
- request:
    body: '{"location": "southcentralus", "tags": {}, "sku": {"name": "Premium_LRS"},
      "properties": {"hyperVGeneration": "V2", "creationData": {"createOption": "FromImage",
      "imageReference": {"id": "/Subscriptions/00000000-0000-0000-0000-000000000000/Providers/Microsoft.Compute/Locations/southcentralus/Publishers/Canonical/ArtifactTypes/VMImage/Offers/UbuntuServer/Skus/18_04-lts-gen2/Versions/18.04.202004290"}},
      "securityProfile": {"securityType": "TrustedLaunch"}}}'
    headers:
      Accept:
      - application/json
      Accept-Encoding:
      - gzip, deflate
      CommandName:
      - disk create
      Connection:
      - keep-alive
      Content-Length:
      - '459'
      Content-Type:
      - application/json
      ParameterSetName:
      - -g -n --image-reference --hyper-v-generation --security-type
      User-Agent:
      - AZURECLI/2.44.0 azsdk-python-azure-mgmt-compute/29.0.0 Python/3.10.8 (Linux-5.15.0-1023-azure-x86_64-with-glibc2.31)
        VSTS_7b238909-6802-4b65-b90d-184bca47f458_build_220_0
    method: PUT
    uri: https://management.azure.com/subscriptions/00000000-0000-0000-0000-000000000000/resourceGroups/cli_test_disk_trusted_launch_000001/providers/Microsoft.Compute/disks/disk1?api-version=2022-07-02
  response:
    body:
      string: "{\r\n  \"name\": \"disk1\",\r\n  \"id\": \"/subscriptions/00000000-0000-0000-0000-000000000000/resourceGroups/cli_test_disk_trusted_launch_000001/providers/Microsoft.Compute/disks/disk1\",\r\n
        \ \"type\": \"Microsoft.Compute/disks\",\r\n  \"location\": \"southcentralus\",\r\n
        \ \"tags\": {},\r\n  \"sku\": {\r\n    \"name\": \"Premium_LRS\"\r\n  },\r\n
        \ \"properties\": {\r\n    \"hyperVGeneration\": \"V2\",\r\n    \"creationData\":
        {\r\n      \"createOption\": \"FromImage\",\r\n      \"imageReference\": {\r\n
        \       \"id\": \"/Subscriptions/00000000-0000-0000-0000-000000000000/Providers/Microsoft.Compute/Locations/southcentralus/Publishers/Canonical/ArtifactTypes/VMImage/Offers/UbuntuServer/Skus/18_04-lts-gen2/Versions/18.04.202004290\"\r\n
        \     }\r\n    },\r\n    \"securityProfile\": {\r\n      \"securityType\":
        \"TrustedLaunch\"\r\n    },\r\n    \"provisioningState\": \"Updating\"\r\n
        \ }\r\n}"
    headers:
      azure-asyncoperation:
      - https://management.azure.com/subscriptions/00000000-0000-0000-0000-000000000000/providers/Microsoft.Compute/locations/southcentralus/DiskOperations/444229b0-8734-4a1d-95a3-5c6093e32992?p=cc2a4867-fc8c-49a3-83e3-4fae1746e33f&api-version=2022-07-02
      cache-control:
      - no-cache
      content-length:
      - '808'
      content-type:
      - application/json; charset=utf-8
      date:
      - Tue, 10 Jan 2023 01:09:24 GMT
      expires:
      - '-1'
      location:
      - https://management.azure.com/subscriptions/00000000-0000-0000-0000-000000000000/providers/Microsoft.Compute/locations/southcentralus/DiskOperations/444229b0-8734-4a1d-95a3-5c6093e32992?p=cc2a4867-fc8c-49a3-83e3-4fae1746e33f&monitor=true&api-version=2022-07-02
      pragma:
      - no-cache
      server:
      - Microsoft-HTTPAPI/2.0
      - Microsoft-HTTPAPI/2.0
      strict-transport-security:
      - max-age=31536000; includeSubDomains
      x-content-type-options:
      - nosniff
      x-ms-ratelimit-remaining-resource:
      - Microsoft.Compute/CreateUpdateDisks3Min;999,Microsoft.Compute/CreateUpdateDisks30Min;7999
      x-ms-ratelimit-remaining-subscription-writes:
      - '1199'
    status:
      code: 202
      message: Accepted
- request:
    body: null
    headers:
      Accept:
      - '*/*'
      Accept-Encoding:
      - gzip, deflate
      CommandName:
      - disk create
      Connection:
      - keep-alive
      ParameterSetName:
      - -g -n --image-reference --hyper-v-generation --security-type
      User-Agent:
      - AZURECLI/2.44.0 azsdk-python-azure-mgmt-compute/29.0.0 Python/3.10.8 (Linux-5.15.0-1023-azure-x86_64-with-glibc2.31)
        VSTS_7b238909-6802-4b65-b90d-184bca47f458_build_220_0
    method: GET
    uri: https://management.azure.com/subscriptions/00000000-0000-0000-0000-000000000000/providers/Microsoft.Compute/locations/southcentralus/DiskOperations/444229b0-8734-4a1d-95a3-5c6093e32992?p=cc2a4867-fc8c-49a3-83e3-4fae1746e33f&api-version=2022-07-02
  response:
    body:
      string: "{\r\n  \"startTime\": \"2023-01-10T01:09:25.0094768+00:00\",\r\n  \"status\":
        \"InProgress\",\r\n  \"name\": \"444229b0-8734-4a1d-95a3-5c6093e32992\"\r\n}"
    headers:
      cache-control:
      - no-cache
      content-length:
      - '134'
      content-type:
      - application/json; charset=utf-8
      date:
      - Tue, 10 Jan 2023 01:09:26 GMT
      expires:
      - '-1'
      pragma:
      - no-cache
      server:
      - Microsoft-HTTPAPI/2.0
      - Microsoft-HTTPAPI/2.0
      strict-transport-security:
      - max-age=31536000; includeSubDomains
      transfer-encoding:
      - chunked
      vary:
      - Accept-Encoding
      x-content-type-options:
      - nosniff
      x-ms-ratelimit-remaining-resource:
      - Microsoft.Compute/GetOperation3Min;49999,Microsoft.Compute/GetOperation30Min;399999
    status:
      code: 200
      message: OK
- request:
    body: null
    headers:
      Accept:
      - '*/*'
      Accept-Encoding:
      - gzip, deflate
      CommandName:
      - disk create
      Connection:
      - keep-alive
      ParameterSetName:
      - -g -n --image-reference --hyper-v-generation --security-type
      User-Agent:
      - AZURECLI/2.44.0 azsdk-python-azure-mgmt-compute/29.0.0 Python/3.10.8 (Linux-5.15.0-1023-azure-x86_64-with-glibc2.31)
        VSTS_7b238909-6802-4b65-b90d-184bca47f458_build_220_0
    method: GET
    uri: https://management.azure.com/subscriptions/00000000-0000-0000-0000-000000000000/providers/Microsoft.Compute/locations/southcentralus/DiskOperations/444229b0-8734-4a1d-95a3-5c6093e32992?p=cc2a4867-fc8c-49a3-83e3-4fae1746e33f&api-version=2022-07-02
  response:
    body:
      string: "{\r\n  \"startTime\": \"2023-01-10T01:09:25.0094768+00:00\",\r\n  \"endTime\":
        \"2023-01-10T01:09:28.8063897+00:00\",\r\n  \"status\": \"Succeeded\",\r\n
        \ \"properties\": {\r\n    \"output\": {\"name\":\"disk1\",\"id\":\"/subscriptions/00000000-0000-0000-0000-000000000000/resourceGroups/cli_test_disk_trusted_launch_000001/providers/Microsoft.Compute/disks/disk1\",\"type\":\"Microsoft.Compute/disks\",\"location\":\"southcentralus\",\"tags\":{},\"sku\":{\"name\":\"Premium_LRS\",\"tier\":\"Premium\"},\"properties\":{\"osType\":\"Linux\",\"hyperVGeneration\":\"V2\",\"supportsHibernation\":true,\"supportedCapabilities\":{\"acceleratedNetwork\":true,\"architecture\":\"x64\"},\"creationData\":{\"createOption\":\"FromImage\",\"imageReference\":{\"id\":\"/Subscriptions/00000000-0000-0000-0000-000000000000/Providers/Microsoft.Compute/Locations/southcentralus/Publishers/Canonical/ArtifactTypes/VMImage/Offers/UbuntuServer/Skus/18_04-lts-gen2/Versions/18.04.202004290\"}},\"diskSizeGB\":30,\"diskIOPSReadWrite\":120,\"diskMBpsReadWrite\":25,\"encryption\":{\"type\":\"EncryptionAtRestWithPlatformKey\"},\"networkAccessPolicy\":\"AllowAll\",\"securityProfile\":{\"securityType\":\"TrustedLaunch\"},\"publicNetworkAccess\":\"Enabled\",\"timeCreated\":\"2023-01-10T01:09:25.0251174+00:00\",\"provisioningState\":\"Succeeded\",\"diskState\":\"Unattached\",\"diskSizeBytes\":32213303296,\"uniqueId\":\"60ccff88-42a3-49fb-b70b-274b6c6fbeb4\",\"tier\":\"P4\"}}\r\n
        \ },\r\n  \"name\": \"444229b0-8734-4a1d-95a3-5c6093e32992\"\r\n}"
    headers:
      cache-control:
      - no-cache
      content-length:
      - '1379'
      content-type:
      - application/json; charset=utf-8
      date:
      - Tue, 10 Jan 2023 01:09:37 GMT
      expires:
      - '-1'
      pragma:
      - no-cache
      server:
      - Microsoft-HTTPAPI/2.0
      - Microsoft-HTTPAPI/2.0
      strict-transport-security:
      - max-age=31536000; includeSubDomains
      transfer-encoding:
      - chunked
      vary:
      - Accept-Encoding
      x-content-type-options:
      - nosniff
      x-ms-ratelimit-remaining-resource:
      - Microsoft.Compute/GetOperation3Min;49997,Microsoft.Compute/GetOperation30Min;399997
    status:
      code: 200
      message: OK
- request:
    body: null
    headers:
      Accept:
      - '*/*'
      Accept-Encoding:
      - gzip, deflate
      CommandName:
      - disk create
      Connection:
      - keep-alive
      ParameterSetName:
      - -g -n --image-reference --hyper-v-generation --security-type
      User-Agent:
      - AZURECLI/2.44.0 azsdk-python-azure-mgmt-compute/29.0.0 Python/3.10.8 (Linux-5.15.0-1023-azure-x86_64-with-glibc2.31)
        VSTS_7b238909-6802-4b65-b90d-184bca47f458_build_220_0
    method: GET
    uri: https://management.azure.com/subscriptions/00000000-0000-0000-0000-000000000000/resourceGroups/cli_test_disk_trusted_launch_000001/providers/Microsoft.Compute/disks/disk1?api-version=2022-07-02
  response:
    body:
      string: "{\r\n  \"name\": \"disk1\",\r\n  \"id\": \"/subscriptions/00000000-0000-0000-0000-000000000000/resourceGroups/cli_test_disk_trusted_launch_000001/providers/Microsoft.Compute/disks/disk1\",\r\n
        \ \"type\": \"Microsoft.Compute/disks\",\r\n  \"location\": \"southcentralus\",\r\n
        \ \"tags\": {},\r\n  \"sku\": {\r\n    \"name\": \"Premium_LRS\",\r\n    \"tier\":
        \"Premium\"\r\n  },\r\n  \"properties\": {\r\n    \"osType\": \"Linux\",\r\n
        \   \"hyperVGeneration\": \"V2\",\r\n    \"supportsHibernation\": true,\r\n
        \   \"supportedCapabilities\": {\r\n      \"acceleratedNetwork\": true,\r\n
        \     \"architecture\": \"x64\"\r\n    },\r\n    \"creationData\": {\r\n      \"createOption\":
        \"FromImage\",\r\n      \"imageReference\": {\r\n        \"id\": \"/Subscriptions/00000000-0000-0000-0000-000000000000/Providers/Microsoft.Compute/Locations/southcentralus/Publishers/Canonical/ArtifactTypes/VMImage/Offers/UbuntuServer/Skus/18_04-lts-gen2/Versions/18.04.202004290\"\r\n
        \     }\r\n    },\r\n    \"diskSizeGB\": 30,\r\n    \"diskIOPSReadWrite\":
        120,\r\n    \"diskMBpsReadWrite\": 25,\r\n    \"encryption\": {\r\n      \"type\":
        \"EncryptionAtRestWithPlatformKey\"\r\n    },\r\n    \"networkAccessPolicy\":
        \"AllowAll\",\r\n    \"securityProfile\": {\r\n      \"securityType\": \"TrustedLaunch\"\r\n
        \   },\r\n    \"publicNetworkAccess\": \"Enabled\",\r\n    \"timeCreated\":
        \"2023-01-10T01:09:25.0251174+00:00\",\r\n    \"provisioningState\": \"Succeeded\",\r\n
        \   \"diskState\": \"Unattached\",\r\n    \"diskSizeBytes\": 32213303296,\r\n
        \   \"uniqueId\": \"60ccff88-42a3-49fb-b70b-274b6c6fbeb4\",\r\n    \"tier\":
        \"P4\"\r\n  }\r\n}"
    headers:
      cache-control:
      - no-cache
      content-length:
      - '1436'
      content-type:
      - application/json; charset=utf-8
      date:
      - Tue, 10 Jan 2023 01:09:37 GMT
      expires:
      - '-1'
      pragma:
      - no-cache
      server:
      - Microsoft-HTTPAPI/2.0
      - Microsoft-HTTPAPI/2.0
      strict-transport-security:
      - max-age=31536000; includeSubDomains
      transfer-encoding:
      - chunked
      vary:
      - Accept-Encoding
      x-content-type-options:
      - nosniff
      x-ms-ratelimit-remaining-resource:
      - Microsoft.Compute/LowCostGet3Min;14997,Microsoft.Compute/LowCostGet30Min;119997
    status:
      code: 200
      message: OK
- request:
    body: null
    headers:
      Accept:
      - application/json
      Accept-Encoding:
      - gzip, deflate
      CommandName:
      - disk show
      Connection:
      - keep-alive
      ParameterSetName:
      - -g -n
      User-Agent:
      - AZURECLI/2.44.0 azsdk-python-azure-mgmt-compute/29.0.0 Python/3.10.8 (Linux-5.15.0-1023-azure-x86_64-with-glibc2.31)
        VSTS_7b238909-6802-4b65-b90d-184bca47f458_build_220_0
    method: GET
    uri: https://management.azure.com/subscriptions/00000000-0000-0000-0000-000000000000/resourceGroups/cli_test_disk_trusted_launch_000001/providers/Microsoft.Compute/disks/disk1?api-version=2022-07-02
  response:
    body:
      string: "{\r\n  \"name\": \"disk1\",\r\n  \"id\": \"/subscriptions/00000000-0000-0000-0000-000000000000/resourceGroups/cli_test_disk_trusted_launch_000001/providers/Microsoft.Compute/disks/disk1\",\r\n
        \ \"type\": \"Microsoft.Compute/disks\",\r\n  \"location\": \"southcentralus\",\r\n
        \ \"tags\": {},\r\n  \"sku\": {\r\n    \"name\": \"Premium_LRS\",\r\n    \"tier\":
        \"Premium\"\r\n  },\r\n  \"properties\": {\r\n    \"osType\": \"Linux\",\r\n
        \   \"hyperVGeneration\": \"V2\",\r\n    \"supportsHibernation\": true,\r\n
        \   \"supportedCapabilities\": {\r\n      \"acceleratedNetwork\": true,\r\n
        \     \"architecture\": \"x64\"\r\n    },\r\n    \"creationData\": {\r\n      \"createOption\":
        \"FromImage\",\r\n      \"imageReference\": {\r\n        \"id\": \"/Subscriptions/00000000-0000-0000-0000-000000000000/Providers/Microsoft.Compute/Locations/southcentralus/Publishers/Canonical/ArtifactTypes/VMImage/Offers/UbuntuServer/Skus/18_04-lts-gen2/Versions/18.04.202004290\"\r\n
        \     }\r\n    },\r\n    \"diskSizeGB\": 30,\r\n    \"diskIOPSReadWrite\":
        120,\r\n    \"diskMBpsReadWrite\": 25,\r\n    \"encryption\": {\r\n      \"type\":
        \"EncryptionAtRestWithPlatformKey\"\r\n    },\r\n    \"networkAccessPolicy\":
        \"AllowAll\",\r\n    \"securityProfile\": {\r\n      \"securityType\": \"TrustedLaunch\"\r\n
        \   },\r\n    \"publicNetworkAccess\": \"Enabled\",\r\n    \"timeCreated\":
        \"2023-01-10T01:09:25.0251174+00:00\",\r\n    \"provisioningState\": \"Succeeded\",\r\n
        \   \"diskState\": \"Unattached\",\r\n    \"diskSizeBytes\": 32213303296,\r\n
        \   \"uniqueId\": \"60ccff88-42a3-49fb-b70b-274b6c6fbeb4\",\r\n    \"tier\":
        \"P4\"\r\n  }\r\n}"
    headers:
      cache-control:
      - no-cache
      content-length:
      - '1436'
      content-type:
      - application/json; charset=utf-8
      date:
      - Tue, 10 Jan 2023 01:09:37 GMT
      expires:
      - '-1'
      pragma:
      - no-cache
      server:
      - Microsoft-HTTPAPI/2.0
      - Microsoft-HTTPAPI/2.0
      strict-transport-security:
      - max-age=31536000; includeSubDomains
      transfer-encoding:
      - chunked
      vary:
      - Accept-Encoding
      x-content-type-options:
      - nosniff
      x-ms-ratelimit-remaining-resource:
      - Microsoft.Compute/LowCostGet3Min;14996,Microsoft.Compute/LowCostGet30Min;119996
    status:
      code: 200
      message: OK
- request:
    body: null
    headers:
      Accept:
      - application/json
      Accept-Encoding:
      - gzip, deflate
      CommandName:
      - snapshot create
      Connection:
      - keep-alive
      ParameterSetName:
      - -g -n --source
      User-Agent:
      - AZURECLI/2.44.0 azsdk-python-azure-mgmt-compute/29.0.0 Python/3.10.8 (Linux-5.15.0-1023-azure-x86_64-with-glibc2.31)
        VSTS_7b238909-6802-4b65-b90d-184bca47f458_build_220_0
    method: GET
    uri: https://management.azure.com/subscriptions/00000000-0000-0000-0000-000000000000/resourceGroups/cli_test_disk_trusted_launch_000001/providers/Microsoft.Compute/snapshots/disk1?api-version=2022-03-02
  response:
    body:
      string: '{"error":{"code":"ResourceNotFound","message":"The Resource ''Microsoft.Compute/snapshots/disk1''
        under resource group ''cli_test_disk_trusted_launch_000001'' was not found.
        For more details please go to https://aka.ms/ARMResourceNotFoundFix"}}'
    headers:
      cache-control:
      - no-cache
      content-length:
      - '240'
      content-type:
      - application/json; charset=utf-8
      date:
      - Tue, 10 Jan 2023 01:09:38 GMT
      expires:
      - '-1'
      pragma:
      - no-cache
      strict-transport-security:
      - max-age=31536000; includeSubDomains
      x-content-type-options:
      - nosniff
      x-ms-failure-cause:
      - gateway
    status:
      code: 404
      message: Not Found
- request:
    body: null
    headers:
      Accept:
      - application/json
      Accept-Encoding:
      - gzip, deflate
      CommandName:
      - snapshot create
      Connection:
      - keep-alive
      ParameterSetName:
      - -g -n --source
      User-Agent:
      - AZURECLI/2.44.0 azsdk-python-azure-mgmt-compute/29.0.0 Python/3.10.8 (Linux-5.15.0-1023-azure-x86_64-with-glibc2.31)
        VSTS_7b238909-6802-4b65-b90d-184bca47f458_build_220_0
    method: GET
    uri: https://management.azure.com/subscriptions/00000000-0000-0000-0000-000000000000/resourceGroups/cli_test_disk_trusted_launch_000001/providers/Microsoft.Compute/disks/disk1?api-version=2022-07-02
  response:
    body:
      string: "{\r\n  \"name\": \"disk1\",\r\n  \"id\": \"/subscriptions/00000000-0000-0000-0000-000000000000/resourceGroups/cli_test_disk_trusted_launch_000001/providers/Microsoft.Compute/disks/disk1\",\r\n
        \ \"type\": \"Microsoft.Compute/disks\",\r\n  \"location\": \"southcentralus\",\r\n
        \ \"tags\": {},\r\n  \"sku\": {\r\n    \"name\": \"Premium_LRS\",\r\n    \"tier\":
        \"Premium\"\r\n  },\r\n  \"properties\": {\r\n    \"osType\": \"Linux\",\r\n
        \   \"hyperVGeneration\": \"V2\",\r\n    \"supportsHibernation\": true,\r\n
        \   \"supportedCapabilities\": {\r\n      \"acceleratedNetwork\": true,\r\n
        \     \"architecture\": \"x64\"\r\n    },\r\n    \"creationData\": {\r\n      \"createOption\":
        \"FromImage\",\r\n      \"imageReference\": {\r\n        \"id\": \"/Subscriptions/00000000-0000-0000-0000-000000000000/Providers/Microsoft.Compute/Locations/southcentralus/Publishers/Canonical/ArtifactTypes/VMImage/Offers/UbuntuServer/Skus/18_04-lts-gen2/Versions/18.04.202004290\"\r\n
        \     }\r\n    },\r\n    \"diskSizeGB\": 30,\r\n    \"diskIOPSReadWrite\":
        120,\r\n    \"diskMBpsReadWrite\": 25,\r\n    \"encryption\": {\r\n      \"type\":
        \"EncryptionAtRestWithPlatformKey\"\r\n    },\r\n    \"networkAccessPolicy\":
        \"AllowAll\",\r\n    \"securityProfile\": {\r\n      \"securityType\": \"TrustedLaunch\"\r\n
        \   },\r\n    \"publicNetworkAccess\": \"Enabled\",\r\n    \"timeCreated\":
        \"2023-01-10T01:09:25.0251174+00:00\",\r\n    \"provisioningState\": \"Succeeded\",\r\n
        \   \"diskState\": \"Unattached\",\r\n    \"diskSizeBytes\": 32213303296,\r\n
        \   \"uniqueId\": \"60ccff88-42a3-49fb-b70b-274b6c6fbeb4\",\r\n    \"tier\":
        \"P4\"\r\n  }\r\n}"
    headers:
      cache-control:
      - no-cache
      content-length:
      - '1436'
      content-type:
      - application/json; charset=utf-8
      date:
      - Tue, 10 Jan 2023 01:09:38 GMT
      expires:
      - '-1'
      pragma:
      - no-cache
      server:
      - Microsoft-HTTPAPI/2.0
      - Microsoft-HTTPAPI/2.0
      strict-transport-security:
      - max-age=31536000; includeSubDomains
      transfer-encoding:
      - chunked
      vary:
      - Accept-Encoding
      x-content-type-options:
      - nosniff
      x-ms-ratelimit-remaining-resource:
      - Microsoft.Compute/LowCostGet3Min;14995,Microsoft.Compute/LowCostGet30Min;119995
    status:
      code: 200
      message: OK
- request:
    body: null
    headers:
      Accept:
      - application/json
      Accept-Encoding:
      - gzip, deflate
      CommandName:
      - snapshot create
      Connection:
      - keep-alive
      ParameterSetName:
      - -g -n --source
      User-Agent:
      - AZURECLI/2.44.0 azsdk-python-azure-mgmt-resource/22.0.0 Python/3.10.8 (Linux-5.15.0-1023-azure-x86_64-with-glibc2.31)
        VSTS_7b238909-6802-4b65-b90d-184bca47f458_build_220_0
    method: GET
    uri: https://management.azure.com/subscriptions/00000000-0000-0000-0000-000000000000/resourcegroups/cli_test_disk_trusted_launch_000001?api-version=2022-09-01
  response:
    body:
      string: '{"id":"/subscriptions/00000000-0000-0000-0000-000000000000/resourceGroups/cli_test_disk_trusted_launch_000001","name":"cli_test_disk_trusted_launch_000001","type":"Microsoft.Resources/resourceGroups","location":"southcentralus","tags":{"product":"azurecli","cause":"automation","date":"2023-01-10T01:09:21Z"},"properties":{"provisioningState":"Succeeded"}}'
    headers:
      cache-control:
      - no-cache
      content-length:
      - '356'
      content-type:
      - application/json; charset=utf-8
      date:
      - Tue, 10 Jan 2023 01:09:38 GMT
      expires:
      - '-1'
      pragma:
      - no-cache
      strict-transport-security:
      - max-age=31536000; includeSubDomains
      vary:
      - Accept-Encoding
      x-content-type-options:
      - nosniff
    status:
      code: 200
      message: OK
- request:
    body: '{"location": "southcentralus", "tags": {}, "sku": {"name": "Standard_LRS"},
      "properties": {"hyperVGeneration": "V1", "creationData": {"createOption": "Copy",
      "sourceResourceId": "/subscriptions/00000000-0000-0000-0000-000000000000/resourceGroups/cli_test_disk_trusted_launch_000001/providers/Microsoft.Compute/disks/disk1"}}}'
    headers:
      Accept:
      - application/json
      Accept-Encoding:
      - gzip, deflate
      CommandName:
      - snapshot create
      Connection:
      - keep-alive
      Content-Length:
      - '325'
      Content-Type:
      - application/json
      ParameterSetName:
      - -g -n --source
      User-Agent:
      - AZURECLI/2.44.0 azsdk-python-azure-mgmt-compute/29.0.0 Python/3.10.8 (Linux-5.15.0-1023-azure-x86_64-with-glibc2.31)
        VSTS_7b238909-6802-4b65-b90d-184bca47f458_build_220_0
    method: PUT
    uri: https://management.azure.com/subscriptions/00000000-0000-0000-0000-000000000000/resourceGroups/cli_test_disk_trusted_launch_000001/providers/Microsoft.Compute/snapshots/snapshot1?api-version=2022-03-02
  response:
    body:
      string: "{\r\n  \"id\": \"/subscriptions/00000000-0000-0000-0000-000000000000/resourceGroups/cli_test_disk_trusted_launch_000001/providers/Microsoft.Compute/snapshots/snapshot1\",\r\n
        \ \"type\": \"Microsoft.Compute/snapshots\",\r\n  \"location\": \"southcentralus\",\r\n
        \ \"tags\": {},\r\n  \"sku\": {\r\n    \"name\": \"Standard_LRS\"\r\n  },\r\n
        \ \"properties\": {\r\n    \"hyperVGeneration\": \"V1\",\r\n    \"creationData\":
        {\r\n      \"createOption\": \"Copy\",\r\n      \"sourceResourceId\": \"/subscriptions/00000000-0000-0000-0000-000000000000/resourceGroups/cli_test_disk_trusted_launch_000001/providers/Microsoft.Compute/disks/disk1\"\r\n
        \   },\r\n    \"provisioningState\": \"Updating\"\r\n  }\r\n}"
    headers:
      azure-asyncoperation:
      - https://management.azure.com/subscriptions/00000000-0000-0000-0000-000000000000/providers/Microsoft.Compute/locations/southcentralus/DiskOperations/92348547-ce94-4a1a-8ad9-86b11fc17479?p=cc2a4867-fc8c-49a3-83e3-4fae1746e33f&api-version=2022-03-02
      cache-control:
      - no-cache
      content-length:
      - '629'
      content-type:
      - application/json; charset=utf-8
      date:
      - Tue, 10 Jan 2023 01:09:39 GMT
      expires:
      - '-1'
      location:
      - https://management.azure.com/subscriptions/00000000-0000-0000-0000-000000000000/providers/Microsoft.Compute/locations/southcentralus/DiskOperations/92348547-ce94-4a1a-8ad9-86b11fc17479?p=cc2a4867-fc8c-49a3-83e3-4fae1746e33f&monitor=true&api-version=2022-03-02
      pragma:
      - no-cache
      server:
      - Microsoft-HTTPAPI/2.0
      - Microsoft-HTTPAPI/2.0
      strict-transport-security:
      - max-age=31536000; includeSubDomains
      x-content-type-options:
      - nosniff
      x-ms-ratelimit-remaining-resource:
      - Microsoft.Compute/HighCostSnapshotCreateHydrate3Min;999,Microsoft.Compute/HighCostSnapshotCreateHydrate30Min;7999
      x-ms-ratelimit-remaining-subscription-writes:
      - '1198'
    status:
      code: 202
      message: Accepted
- request:
    body: null
    headers:
      Accept:
      - '*/*'
      Accept-Encoding:
      - gzip, deflate
      CommandName:
      - snapshot create
      Connection:
      - keep-alive
      ParameterSetName:
      - -g -n --source
      User-Agent:
      - AZURECLI/2.44.0 azsdk-python-azure-mgmt-compute/29.0.0 Python/3.10.8 (Linux-5.15.0-1023-azure-x86_64-with-glibc2.31)
        VSTS_7b238909-6802-4b65-b90d-184bca47f458_build_220_0
    method: GET
    uri: https://management.azure.com/subscriptions/00000000-0000-0000-0000-000000000000/providers/Microsoft.Compute/locations/southcentralus/DiskOperations/92348547-ce94-4a1a-8ad9-86b11fc17479?p=cc2a4867-fc8c-49a3-83e3-4fae1746e33f&api-version=2022-03-02
  response:
    body:
      string: "{\r\n  \"startTime\": \"2023-01-10T01:09:40.2127137+00:00\",\r\n  \"endTime\":
        \"2023-01-10T01:09:41.0720511+00:00\",\r\n  \"status\": \"Succeeded\",\r\n
        \ \"properties\": {\r\n    \"output\": {\r\n  \"name\": \"snapshot1\",\r\n
        \ \"id\": \"/subscriptions/00000000-0000-0000-0000-000000000000/resourceGroups/cli_test_disk_trusted_launch_000001/providers/Microsoft.Compute/snapshots/snapshot1\",\r\n
        \ \"type\": \"Microsoft.Compute/snapshots\",\r\n  \"location\": \"southcentralus\",\r\n
        \ \"tags\": {},\r\n  \"sku\": {\r\n    \"name\": \"Standard_LRS\",\r\n    \"tier\":
        \"Standard\"\r\n  },\r\n  \"properties\": {\r\n    \"osType\": \"Linux\",\r\n
        \   \"hyperVGeneration\": \"V1\",\r\n    \"supportsHibernation\": true,\r\n
        \   \"supportedCapabilities\": {\r\n      \"acceleratedNetwork\": true,\r\n
        \     \"architecture\": \"x64\"\r\n    },\r\n    \"creationData\": {\r\n      \"createOption\":
        \"Copy\",\r\n      \"sourceResourceId\": \"/subscriptions/00000000-0000-0000-0000-000000000000/resourceGroups/cli_test_disk_trusted_launch_000001/providers/Microsoft.Compute/disks/disk1\",\r\n
        \     \"sourceUniqueId\": \"60ccff88-42a3-49fb-b70b-274b6c6fbeb4\"\r\n    },\r\n
        \   \"diskSizeGB\": 30,\r\n    \"encryption\": {\r\n      \"type\": \"EncryptionAtRestWithPlatformKey\"\r\n
        \   },\r\n    \"incremental\": false,\r\n    \"networkAccessPolicy\": \"AllowAll\",\r\n
        \   \"securityProfile\": {\r\n      \"securityType\": \"TrustedLaunch\"\r\n
        \   },\r\n    \"publicNetworkAccess\": \"Enabled\",\r\n    \"timeCreated\":
        \"2023-01-10T01:09:40.2127137+00:00\",\r\n    \"provisioningState\": \"Succeeded\",\r\n
        \   \"diskState\": \"Unattached\",\r\n    \"diskSizeBytes\": 32213303296,\r\n
        \   \"uniqueId\": \"f666657a-82cd-454f-8340-9c25fad389bd\"\r\n  }\r\n}\r\n
        \ },\r\n  \"name\": \"92348547-ce94-4a1a-8ad9-86b11fc17479\"\r\n}"
    headers:
      cache-control:
      - no-cache
      content-length:
      - '1592'
      content-type:
      - application/json; charset=utf-8
      date:
      - Tue, 10 Jan 2023 01:09:41 GMT
      expires:
      - '-1'
      pragma:
      - no-cache
      server:
      - Microsoft-HTTPAPI/2.0
      - Microsoft-HTTPAPI/2.0
      strict-transport-security:
      - max-age=31536000; includeSubDomains
      transfer-encoding:
      - chunked
      vary:
      - Accept-Encoding
      x-content-type-options:
      - nosniff
      x-ms-ratelimit-remaining-resource:
      - Microsoft.Compute/GetOperation3Min;49996,Microsoft.Compute/GetOperation30Min;399996
    status:
      code: 200
      message: OK
- request:
    body: null
    headers:
      Accept:
      - '*/*'
      Accept-Encoding:
      - gzip, deflate
      CommandName:
      - snapshot create
      Connection:
      - keep-alive
      ParameterSetName:
      - -g -n --source
      User-Agent:
      - AZURECLI/2.44.0 azsdk-python-azure-mgmt-compute/29.0.0 Python/3.10.8 (Linux-5.15.0-1023-azure-x86_64-with-glibc2.31)
        VSTS_7b238909-6802-4b65-b90d-184bca47f458_build_220_0
    method: GET
    uri: https://management.azure.com/subscriptions/00000000-0000-0000-0000-000000000000/resourceGroups/cli_test_disk_trusted_launch_000001/providers/Microsoft.Compute/snapshots/snapshot1?api-version=2022-03-02
  response:
    body:
      string: "{\r\n  \"name\": \"snapshot1\",\r\n  \"id\": \"/subscriptions/00000000-0000-0000-0000-000000000000/resourceGroups/cli_test_disk_trusted_launch_000001/providers/Microsoft.Compute/snapshots/snapshot1\",\r\n
        \ \"type\": \"Microsoft.Compute/snapshots\",\r\n  \"location\": \"southcentralus\",\r\n
        \ \"tags\": {},\r\n  \"sku\": {\r\n    \"name\": \"Standard_LRS\",\r\n    \"tier\":
        \"Standard\"\r\n  },\r\n  \"properties\": {\r\n    \"osType\": \"Linux\",\r\n
        \   \"hyperVGeneration\": \"V1\",\r\n    \"supportsHibernation\": true,\r\n
        \   \"supportedCapabilities\": {\r\n      \"acceleratedNetwork\": true,\r\n
        \     \"architecture\": \"x64\"\r\n    },\r\n    \"creationData\": {\r\n      \"createOption\":
        \"Copy\",\r\n      \"sourceResourceId\": \"/subscriptions/00000000-0000-0000-0000-000000000000/resourceGroups/cli_test_disk_trusted_launch_000001/providers/Microsoft.Compute/disks/disk1\",\r\n
        \     \"sourceUniqueId\": \"60ccff88-42a3-49fb-b70b-274b6c6fbeb4\"\r\n    },\r\n
        \   \"diskSizeGB\": 30,\r\n    \"encryption\": {\r\n      \"type\": \"EncryptionAtRestWithPlatformKey\"\r\n
        \   },\r\n    \"incremental\": false,\r\n    \"networkAccessPolicy\": \"AllowAll\",\r\n
        \   \"securityProfile\": {\r\n      \"securityType\": \"TrustedLaunch\"\r\n
        \   },\r\n    \"publicNetworkAccess\": \"Enabled\",\r\n    \"timeCreated\":
        \"2023-01-10T01:09:40.2127137+00:00\",\r\n    \"provisioningState\": \"Succeeded\",\r\n
        \   \"diskState\": \"Unattached\",\r\n    \"diskSizeBytes\": 32213303296,\r\n
        \   \"uniqueId\": \"f666657a-82cd-454f-8340-9c25fad389bd\"\r\n  }\r\n}"
    headers:
      cache-control:
      - no-cache
      content-length:
      - '1367'
      content-type:
      - application/json; charset=utf-8
      date:
      - Tue, 10 Jan 2023 01:09:41 GMT
      expires:
      - '-1'
      pragma:
      - no-cache
      server:
      - Microsoft-HTTPAPI/2.0
      - Microsoft-HTTPAPI/2.0
      strict-transport-security:
      - max-age=31536000; includeSubDomains
      transfer-encoding:
      - chunked
      vary:
      - Accept-Encoding
      x-content-type-options:
      - nosniff
      x-ms-ratelimit-remaining-resource:
      - Microsoft.Compute/LowCostGet3Min;14994,Microsoft.Compute/LowCostGet30Min;119994
    status:
      code: 200
      message: OK
- request:
    body: null
    headers:
      Accept:
      - application/json
      Accept-Encoding:
      - gzip, deflate
      CommandName:
      - snapshot show
      Connection:
      - keep-alive
      ParameterSetName:
      - -g -n
      User-Agent:
      - AZURECLI/2.44.0 azsdk-python-azure-mgmt-compute/29.0.0 Python/3.10.8 (Linux-5.15.0-1023-azure-x86_64-with-glibc2.31)
        VSTS_7b238909-6802-4b65-b90d-184bca47f458_build_220_0
    method: GET
    uri: https://management.azure.com/subscriptions/00000000-0000-0000-0000-000000000000/resourceGroups/cli_test_disk_trusted_launch_000001/providers/Microsoft.Compute/snapshots/snapshot1?api-version=2022-03-02
  response:
    body:
      string: "{\r\n  \"name\": \"snapshot1\",\r\n  \"id\": \"/subscriptions/00000000-0000-0000-0000-000000000000/resourceGroups/cli_test_disk_trusted_launch_000001/providers/Microsoft.Compute/snapshots/snapshot1\",\r\n
        \ \"type\": \"Microsoft.Compute/snapshots\",\r\n  \"location\": \"southcentralus\",\r\n
        \ \"tags\": {},\r\n  \"sku\": {\r\n    \"name\": \"Standard_LRS\",\r\n    \"tier\":
        \"Standard\"\r\n  },\r\n  \"properties\": {\r\n    \"osType\": \"Linux\",\r\n
        \   \"hyperVGeneration\": \"V1\",\r\n    \"supportsHibernation\": true,\r\n
        \   \"supportedCapabilities\": {\r\n      \"acceleratedNetwork\": true,\r\n
        \     \"architecture\": \"x64\"\r\n    },\r\n    \"creationData\": {\r\n      \"createOption\":
        \"Copy\",\r\n      \"sourceResourceId\": \"/subscriptions/00000000-0000-0000-0000-000000000000/resourceGroups/cli_test_disk_trusted_launch_000001/providers/Microsoft.Compute/disks/disk1\",\r\n
        \     \"sourceUniqueId\": \"60ccff88-42a3-49fb-b70b-274b6c6fbeb4\"\r\n    },\r\n
        \   \"diskSizeGB\": 30,\r\n    \"encryption\": {\r\n      \"type\": \"EncryptionAtRestWithPlatformKey\"\r\n
        \   },\r\n    \"incremental\": false,\r\n    \"networkAccessPolicy\": \"AllowAll\",\r\n
        \   \"securityProfile\": {\r\n      \"securityType\": \"TrustedLaunch\"\r\n
        \   },\r\n    \"publicNetworkAccess\": \"Enabled\",\r\n    \"timeCreated\":
        \"2023-01-10T01:09:40.2127137+00:00\",\r\n    \"provisioningState\": \"Succeeded\",\r\n
        \   \"diskState\": \"Unattached\",\r\n    \"diskSizeBytes\": 32213303296,\r\n
        \   \"uniqueId\": \"f666657a-82cd-454f-8340-9c25fad389bd\"\r\n  }\r\n}"
    headers:
      cache-control:
      - no-cache
      content-length:
      - '1367'
      content-type:
      - application/json; charset=utf-8
      date:
      - Tue, 10 Jan 2023 01:09:42 GMT
      expires:
      - '-1'
      pragma:
      - no-cache
      server:
      - Microsoft-HTTPAPI/2.0
      - Microsoft-HTTPAPI/2.0
      strict-transport-security:
      - max-age=31536000; includeSubDomains
      transfer-encoding:
      - chunked
      vary:
      - Accept-Encoding
      x-content-type-options:
      - nosniff
      x-ms-ratelimit-remaining-resource:
      - Microsoft.Compute/LowCostGet3Min;14993,Microsoft.Compute/LowCostGet30Min;119993
    status:
      code: 200
      message: OK
version: 1
