interactions:
- request:
    body: null
    headers:
      Accept:
      - application/json
      Accept-Encoding:
      - gzip, deflate
      CommandName:
      - vmss create
      Connection:
      - keep-alive
      ParameterSetName:
      - -g -n --authentication-type --admin-username --admin-password --image
      User-Agent:
      - AZURECLI/2.37.0 azsdk-python-azure-mgmt-resource/21.1.0b1 Python/3.10.5 (Windows-10-10.0.19044-SP0)
    method: GET
    uri: https://management.azure.com/subscriptions/00000000-0000-0000-0000-000000000000/resourcegroups/cli_test_vmss_nics000001?api-version=2021-04-01
  response:
    body:
      string: '{"id":"/subscriptions/00000000-0000-0000-0000-000000000000/resourceGroups/cli_test_vmss_nics000001","name":"cli_test_vmss_nics000001","type":"Microsoft.Resources/resourceGroups","location":"westus","tags":{"product":"azurecli","cause":"automation","date":"2022-06-23T05:49:56Z"},"properties":{"provisioningState":"Succeeded"}}'
    headers:
      cache-control:
      - no-cache
      content-length:
      - '326'
      content-type:
      - application/json; charset=utf-8
      date:
      - Thu, 23 Jun 2022 05:50:00 GMT
      expires:
      - '-1'
      pragma:
      - no-cache
      strict-transport-security:
      - max-age=31536000; includeSubDomains
      vary:
      - Accept-Encoding
      x-content-type-options:
      - nosniff
    status:
      code: 200
      message: OK
- request:
    body: null
    headers:
      Accept:
      - '*/*'
      Accept-Encoding:
      - gzip, deflate
      Connection:
      - keep-alive
      User-Agent:
      - python-requests/2.26.0
    method: GET
    uri: https://raw.githubusercontent.com/Azure/azure-rest-api-specs/main/arm-compute/quickstart-templates/aliases.json
  response:
    body:
      string: "{\n  \"$schema\": \"http://schema.management.azure.com/schemas/2015-01-01/deploymentTemplate.json\",\n
        \ \"contentVersion\": \"1.0.0.0\",\n  \"parameters\": {},\n  \"variables\":
        {},\n  \"resources\": [],\n  \"outputs\": {\n    \"aliases\": {\n      \"type\":
        \"object\",\n      \"value\": {\n        \"Linux\": {\n          \"CentOS\":
        {\n            \"publisher\": \"OpenLogic\",\n            \"offer\": \"CentOS\",\n
        \           \"sku\": \"7.5\",\n            \"version\": \"latest\",\n            \"architecture\":
        \"x64\"\n          },\n          \"Debian\": {\n            \"publisher\":
        \"Debian\",\n            \"offer\": \"debian-10\",\n            \"sku\": \"10\",\n
        \           \"version\": \"latest\",\n            \"architecture\": \"x64\"\n
        \         },\n          \"Flatcar\": {\n            \"publisher\": \"kinvolk\",\n
        \           \"offer\": \"flatcar-container-linux-free\",\n            \"sku\":
        \"stable\",\n            \"version\": \"latest\",\n            \"architecture\":
        \"x64\"\n          },\n          \"openSUSE-Leap\": {\n            \"publisher\":
        \"SUSE\",\n            \"offer\": \"opensuse-leap-15-3\",\n            \"sku\":
        \"gen2\",\n            \"version\": \"latest\",\n            \"architecture\":
        \"x64\"\n          },\n          \"RHEL\": {\n            \"publisher\": \"RedHat\",\n
        \           \"offer\": \"RHEL\",\n            \"sku\": \"7-LVM\",\n            \"version\":
        \"latest\",\n            \"architecture\": \"x64\"\n          },\n          \"SLES\":
        {\n            \"publisher\": \"SUSE\",\n            \"offer\": \"sles-15-sp3\",\n
        \           \"sku\": \"gen2\",\n            \"version\": \"latest\",\n            \"architecture\":
        \"x64\"\n          },\n          \"UbuntuLTS\": {\n            \"publisher\":
        \"Canonical\",\n            \"offer\": \"UbuntuServer\",\n            \"sku\":
        \"18.04-LTS\",\n            \"version\": \"latest\",\n            \"architecture\":
        \"x64\"\n          }\n        },\n        \"Windows\": {\n          \"Win2022Datacenter\":
        {\n            \"publisher\": \"MicrosoftWindowsServer\",\n            \"offer\":
        \"WindowsServer\",\n            \"sku\": \"2022-Datacenter\",\n            \"version\":
        \"latest\",\n            \"architecture\": \"x64\"\n          },\n          \"Win2022AzureEditionCore\":
        {\n            \"publisher\": \"MicrosoftWindowsServer\",\n            \"offer\":
        \"WindowsServer\",\n            \"sku\": \"2022-datacenter-azure-edition-core\",\n
        \           \"version\": \"latest\",\n            \"architecture\": \"x64\"\n
        \         },\n          \"Win2019Datacenter\": {\n            \"publisher\":
        \"MicrosoftWindowsServer\",\n            \"offer\": \"WindowsServer\",\n            \"sku\":
        \"2019-Datacenter\",\n            \"version\": \"latest\",\n            \"architecture\":
        \"x64\"\n          },\n          \"Win2016Datacenter\": {\n            \"publisher\":
        \"MicrosoftWindowsServer\",\n            \"offer\": \"WindowsServer\",\n            \"sku\":
        \"2016-Datacenter\",\n            \"version\": \"latest\",\n            \"architecture\":
        \"x64\"\n          },\n          \"Win2012R2Datacenter\": {\n            \"publisher\":
        \"MicrosoftWindowsServer\",\n            \"offer\": \"WindowsServer\",\n            \"sku\":
        \"2012-R2-Datacenter\",\n            \"version\": \"latest\",\n            \"architecture\":
        \"x64\"\n          },\n          \"Win2012Datacenter\": {\n            \"publisher\":
        \"MicrosoftWindowsServer\",\n            \"offer\": \"WindowsServer\",\n            \"sku\":
        \"2012-Datacenter\",\n            \"version\": \"latest\",\n            \"architecture\":
        \"x64\"\n          },\n          \"Win2008R2SP1\": {\n            \"publisher\":
        \"MicrosoftWindowsServer\",\n            \"offer\": \"WindowsServer\",\n            \"sku\":
        \"2008-R2-SP1\",\n            \"version\": \"latest\",\n            \"architecture\":
        \"x64\"\n          }\n        }\n      }\n    }\n  }\n}"
    headers:
      accept-ranges:
      - bytes
      access-control-allow-origin:
      - '*'
      cache-control:
      - max-age=300
      connection:
      - keep-alive
      content-length:
      - '3463'
      content-security-policy:
      - default-src 'none'; style-src 'unsafe-inline'; sandbox
      content-type:
      - text/plain; charset=utf-8
      date:
      - Thu, 23 Jun 2022 05:50:01 GMT
      etag:
      - W/"41b202f4dc5098d126019dc00721a4c5e30df0c5196794514fadc3710ee2a5cb"
      expires:
      - Thu, 23 Jun 2022 05:55:01 GMT
      source-age:
      - '212'
      strict-transport-security:
      - max-age=31536000
      vary:
      - Authorization,Accept-Encoding,Origin
      via:
      - 1.1 varnish
      x-cache:
      - HIT
      x-cache-hits:
      - '1'
      x-content-type-options:
      - nosniff
      x-fastly-request-id:
      - 61c1f9e149ad0cfff1a68557836043345e3b9f4d
      x-frame-options:
      - deny
      x-github-request-id:
      - 248E:57D0:39301:93749:62B3CCFF
      x-served-by:
      - cache-qpg1241-QPG
      x-timer:
      - S1655963402.869173,VS0,VE1
      x-xss-protection:
      - 1; mode=block
    status:
      code: 200
      message: OK
- request:
    body: null
    headers:
      Accept:
      - application/json
      Accept-Encoding:
      - gzip, deflate
      CommandName:
      - vmss create
      Connection:
      - keep-alive
      ParameterSetName:
      - -g -n --authentication-type --admin-username --admin-password --image
      User-Agent:
      - AZURECLI/2.37.0 azsdk-python-azure-mgmt-compute/27.1.0 Python/3.10.5 (Windows-10-10.0.19044-SP0)
    method: GET
    uri: https://management.azure.com/subscriptions/00000000-0000-0000-0000-000000000000/providers/Microsoft.Compute/locations/westus/publishers/MicrosoftWindowsServer/artifacttypes/vmimage/offers/WindowsServer/skus/2012-R2-Datacenter/versions?$top=1&$orderby=name%20desc&api-version=2022-03-01
  response:
    body:
      string: "[\r\n  {\r\n    \"location\": \"westus\",\r\n    \"name\": \"9600.20402.220611\",\r\n
        \   \"id\": \"/Subscriptions/00000000-0000-0000-0000-000000000000/Providers/Microsoft.Compute/Locations/westus/Publishers/MicrosoftWindowsServer/ArtifactTypes/VMImage/Offers/WindowsServer/Skus/2012-R2-Datacenter/Versions/9600.20402.220611\"\r\n
        \ }\r\n]"
    headers:
      cache-control:
      - no-cache
      content-length:
      - '313'
      content-type:
      - application/json; charset=utf-8
      date:
      - Thu, 23 Jun 2022 05:50:03 GMT
      expires:
      - '-1'
      pragma:
      - no-cache
      server:
      - Microsoft-HTTPAPI/2.0
      - Microsoft-HTTPAPI/2.0
      strict-transport-security:
      - max-age=31536000; includeSubDomains
      x-content-type-options:
      - nosniff
      x-ms-ratelimit-remaining-resource:
      - Microsoft.Compute/ListVMImagesVersionsFromLocation3Min;15999,Microsoft.Compute/ListVMImagesVersionsFromLocation30Min;43988
    status:
      code: 200
      message: OK
- request:
    body: null
    headers:
      Accept:
      - application/json
      Accept-Encoding:
      - gzip, deflate
      CommandName:
      - vmss create
      Connection:
      - keep-alive
      ParameterSetName:
      - -g -n --authentication-type --admin-username --admin-password --image
      User-Agent:
      - AZURECLI/2.37.0 azsdk-python-azure-mgmt-compute/27.1.0 Python/3.10.5 (Windows-10-10.0.19044-SP0)
    method: GET
    uri: https://management.azure.com/subscriptions/00000000-0000-0000-0000-000000000000/providers/Microsoft.Compute/locations/westus/publishers/MicrosoftWindowsServer/artifacttypes/vmimage/offers/WindowsServer/skus/2012-R2-Datacenter/versions/9600.20402.220611?api-version=2022-03-01
  response:
    body:
      string: "{\r\n  \"properties\": {\r\n    \"hyperVGeneration\": \"V1\",\r\n    \"architecture\":
        \"x64\",\r\n    \"replicaType\": \"Unmanaged\",\r\n    \"disallowed\": {\r\n
        \     \"vmDiskType\": \"None\"\r\n    },\r\n    \"automaticOSUpgradeProperties\":
        {\r\n      \"automaticOSUpgradeSupported\": true\r\n    },\r\n    \"imageDeprecationStatus\":
        {\r\n      \"imageState\": \"Active\"\r\n    },\r\n    \"features\": [\r\n
        \     {\r\n        \"name\": \"IsAcceleratedNetworkSupported\",\r\n        \"value\":
        \"True\"\r\n      },\r\n      {\r\n        \"name\": \"DiskControllerTypes\",\r\n
        \       \"value\": \"SCSI\"\r\n      },\r\n      {\r\n        \"name\": \"IsHibernateSupported\",\r\n
        \       \"value\": \"False\"\r\n      }\r\n    ],\r\n    \"osDiskImage\":
        {\r\n      \"operatingSystem\": \"Windows\",\r\n      \"sizeInGb\": 128,\r\n
        \     \"sizeInBytes\": 136367309312\r\n    },\r\n    \"dataDiskImages\": []\r\n
        \ },\r\n  \"location\": \"westus\",\r\n  \"name\": \"9600.20402.220611\",\r\n
        \ \"id\": \"/Subscriptions/00000000-0000-0000-0000-000000000000/Providers/Microsoft.Compute/Locations/westus/Publishers/MicrosoftWindowsServer/ArtifactTypes/VMImage/Offers/WindowsServer/Skus/2012-R2-Datacenter/Versions/9600.20402.220611\"\r\n}"
    headers:
      cache-control:
      - no-cache
      content-length:
      - '1074'
      content-type:
      - application/json; charset=utf-8
      date:
      - Thu, 23 Jun 2022 05:50:05 GMT
      expires:
      - '-1'
      pragma:
      - no-cache
      server:
      - Microsoft-HTTPAPI/2.0
      - Microsoft-HTTPAPI/2.0
      strict-transport-security:
      - max-age=31536000; includeSubDomains
      transfer-encoding:
      - chunked
      vary:
      - Accept-Encoding
      x-content-type-options:
      - nosniff
      x-ms-ratelimit-remaining-resource:
      - Microsoft.Compute/GetVMImageFromLocation3Min;12999,Microsoft.Compute/GetVMImageFromLocation30Min;73990
    status:
      code: 200
      message: OK
- request:
    body: null
    headers:
      Accept:
      - application/json, text/json
      Accept-Encoding:
      - gzip, deflate
      CommandName:
      - vmss create
      Connection:
      - keep-alive
      ParameterSetName:
      - -g -n --authentication-type --admin-username --admin-password --image
      User-Agent:
      - AZURECLI/2.37.0 azsdk-python-azure-mgmt-network/20.0.0 Python/3.10.5 (Windows-10-10.0.19044-SP0)
    method: GET
    uri: https://management.azure.com/subscriptions/00000000-0000-0000-0000-000000000000/resourceGroups/cli_test_vmss_nics000001/providers/Microsoft.Network/virtualNetworks?api-version=2018-01-01
  response:
    body:
      string: '{"value":[]}'
    headers:
      cache-control:
      - no-cache
      content-length:
      - '12'
      content-type:
      - application/json; charset=utf-8
      date:
      - Thu, 23 Jun 2022 05:50:06 GMT
      expires:
      - '-1'
      pragma:
      - no-cache
      strict-transport-security:
      - max-age=31536000; includeSubDomains
      vary:
      - Accept-Encoding
      x-content-type-options:
      - nosniff
    status:
      code: 200
      message: OK
- request:
    body: '{"properties": {"template": {"$schema": "https://schema.management.azure.com/schemas/2015-01-01/deploymentTemplate.json#",
      "contentVersion": "1.0.0.0", "parameters": {"adminPassword": {"type": "securestring",
      "metadata": {"description": "Secure adminPassword"}}}, "variables": {}, "resources":
      [{"name": "vmss1VNET", "type": "Microsoft.Network/virtualNetworks", "location":
      "westus", "apiVersion": "2015-06-15", "dependsOn": [], "tags": {}, "properties":
      {"addressSpace": {"addressPrefixes": ["10.0.0.0/16"]}, "subnets": [{"name":
      "vmss1Subnet", "properties": {"addressPrefix": "10.0.0.0/24"}}]}}, {"apiVersion":
      "2018-01-01", "type": "Microsoft.Network/publicIPAddresses", "name": "vmss1LBPublicIP",
      "location": "westus", "tags": {}, "dependsOn": [], "properties": {"publicIPAllocationMethod":
      "Dynamic"}}, {"type": "Microsoft.Network/loadBalancers", "name": "vmss1LB",
      "location": "westus", "tags": {}, "apiVersion": "2018-01-01", "dependsOn": ["Microsoft.Network/virtualNetworks/vmss1VNET",
      "Microsoft.Network/publicIpAddresses/vmss1LBPublicIP"], "properties": {"backendAddressPools":
      [{"name": "vmss1LBBEPool"}], "frontendIPConfigurations": [{"name": "loadBalancerFrontEnd",
      "properties": {"publicIPAddress": {"id": "/subscriptions/00000000-0000-0000-0000-000000000000/resourceGroups/cli_test_vmss_nics000001/providers/Microsoft.Network/publicIPAddresses/vmss1LBPublicIP"}}}],
      "inboundNatPools": [{"name": "vmss1LBNatPool", "properties": {"frontendIPConfiguration":
      {"id": "[concat(resourceId(''Microsoft.Network/loadBalancers'', ''vmss1LB''),
      ''/frontendIPConfigurations/'', ''loadBalancerFrontEnd'')]"}, "protocol": "tcp",
      "frontendPortRangeStart": "50000", "frontendPortRangeEnd": "50119", "backendPort":
      3389}}]}}, {"type": "Microsoft.Compute/virtualMachineScaleSets", "name": "vmss1",
      "location": "westus", "tags": {}, "apiVersion": "2022-03-01", "dependsOn": ["Microsoft.Network/virtualNetworks/vmss1VNET",
      "Microsoft.Network/loadBalancers/vmss1LB"], "properties": {"overprovision":
      true, "upgradePolicy": {"mode": "manual", "rollingUpgradePolicy": {}}, "singlePlacementGroup":
      null, "virtualMachineProfile": {"storageProfile": {"osDisk": {"createOption":
      "FromImage", "caching": "ReadWrite", "managedDisk": {"storageAccountType": null}},
      "imageReference": {"publisher": "MicrosoftWindowsServer", "offer": "WindowsServer",
      "sku": "2012-R2-Datacenter", "version": "latest"}}, "osProfile": {"computerNamePrefix":
      "vmss1d8b9", "adminUsername": "admin123", "adminPassword": "[parameters(''adminPassword'')]"},
      "networkProfile": {"networkInterfaceConfigurations": [{"name": "vmss1d8b9Nic",
      "properties": {"ipConfigurations": [{"name": "vmss1d8b9IPConfig", "properties":
      {"subnet": {"id": "/subscriptions/00000000-0000-0000-0000-000000000000/resourceGroups/cli_test_vmss_nics000001/providers/Microsoft.Network/virtualNetworks/vmss1VNET/subnets/vmss1Subnet"},
      "loadBalancerBackendAddressPools": [{"id": "/subscriptions/00000000-0000-0000-0000-000000000000/resourceGroups/cli_test_vmss_nics000001/providers/Microsoft.Network/loadBalancers/vmss1LB/backendAddressPools/vmss1LBBEPool"}],
      "loadBalancerInboundNatPools": [{"id": "/subscriptions/00000000-0000-0000-0000-000000000000/resourceGroups/cli_test_vmss_nics000001/providers/Microsoft.Network/loadBalancers/vmss1LB/inboundNatPools/vmss1LBNatPool"}]}}],
      "primary": "true"}}]}}, "orchestrationMode": "Uniform"}, "sku": {"name": "Standard_DS1_v2",
      "capacity": 2}}], "outputs": {"VMSS": {"type": "object", "value": "[reference(resourceId(''Microsoft.Compute/virtualMachineScaleSets'',
      ''vmss1''),providers(''Microsoft.Compute'', ''virtualMachineScaleSets'').apiVersions[0])]"}}},
      "parameters": {"adminPassword": {"value": "PasswordPassword1!"}}, "mode": "incremental"}}'
    headers:
      Accept:
      - application/json
      Accept-Encoding:
      - gzip, deflate
      CommandName:
      - vmss create
      Connection:
      - keep-alive
      Content-Length:
      - '3701'
      Content-Type:
      - application/json
      ParameterSetName:
      - -g -n --authentication-type --admin-username --admin-password --image
      User-Agent:
      - AZURECLI/2.37.0 azsdk-python-azure-mgmt-resource/21.1.0b1 Python/3.10.5 (Windows-10-10.0.19044-SP0)
    method: PUT
    uri: https://management.azure.com/subscriptions/00000000-0000-0000-0000-000000000000/resourcegroups/cli_test_vmss_nics000001/providers/Microsoft.Resources/deployments/mock-deployment?api-version=2021-04-01
  response:
    body:
      string: '{"id":"/subscriptions/00000000-0000-0000-0000-000000000000/resourceGroups/cli_test_vmss_nics000001/providers/Microsoft.Resources/deployments/vmss_deploy_Rx0ZGz4jBxsfjGrklFMbCbcJX6yJ3Yvb","name":"vmss_deploy_Rx0ZGz4jBxsfjGrklFMbCbcJX6yJ3Yvb","type":"Microsoft.Resources/deployments","properties":{"templateHash":"18322082872680546629","parameters":{"adminPassword":{"type":"SecureString"}},"mode":"Incremental","provisioningState":"Accepted","timestamp":"2022-06-23T05:50:23.4142274Z","duration":"PT0.0003351S","correlationId":"68cc2fbb-754a-4a36-a173-e7105c92a37e","providers":[{"namespace":"Microsoft.Network","resourceTypes":[{"resourceType":"virtualNetworks","locations":["westus"]},{"resourceType":"publicIPAddresses","locations":["westus"]},{"resourceType":"loadBalancers","locations":["westus"]}]},{"namespace":"Microsoft.Compute","resourceTypes":[{"resourceType":"virtualMachineScaleSets","locations":["westus"]}]}],"dependencies":[{"dependsOn":[{"id":"/subscriptions/00000000-0000-0000-0000-000000000000/resourceGroups/cli_test_vmss_nics000001/providers/Microsoft.Network/virtualNetworks/vmss1VNET","resourceType":"Microsoft.Network/virtualNetworks","resourceName":"vmss1VNET"},{"id":"/subscriptions/00000000-0000-0000-0000-000000000000/resourceGroups/cli_test_vmss_nics000001/providers/Microsoft.Network/publicIPAddresses/vmss1LBPublicIP","resourceType":"Microsoft.Network/publicIPAddresses","resourceName":"vmss1LBPublicIP"}],"id":"/subscriptions/00000000-0000-0000-0000-000000000000/resourceGroups/cli_test_vmss_nics000001/providers/Microsoft.Network/loadBalancers/vmss1LB","resourceType":"Microsoft.Network/loadBalancers","resourceName":"vmss1LB"},{"dependsOn":[{"id":"/subscriptions/00000000-0000-0000-0000-000000000000/resourceGroups/cli_test_vmss_nics000001/providers/Microsoft.Network/virtualNetworks/vmss1VNET","resourceType":"Microsoft.Network/virtualNetworks","resourceName":"vmss1VNET"},{"id":"/subscriptions/00000000-0000-0000-0000-000000000000/resourceGroups/cli_test_vmss_nics000001/providers/Microsoft.Network/loadBalancers/vmss1LB","resourceType":"Microsoft.Network/loadBalancers","resourceName":"vmss1LB"}],"id":"/subscriptions/00000000-0000-0000-0000-000000000000/resourceGroups/cli_test_vmss_nics000001/providers/Microsoft.Compute/virtualMachineScaleSets/vmss1","resourceType":"Microsoft.Compute/virtualMachineScaleSets","resourceName":"vmss1"}]}}'
    headers:
      azure-asyncoperation:
      - https://management.azure.com/subscriptions/00000000-0000-0000-0000-000000000000/resourcegroups/cli_test_vmss_nics000001/providers/Microsoft.Resources/deployments/vmss_deploy_Rx0ZGz4jBxsfjGrklFMbCbcJX6yJ3Yvb/operationStatuses/08585456434645834066?api-version=2021-04-01
      cache-control:
      - no-cache
      content-length:
      - '2375'
      content-type:
      - application/json; charset=utf-8
      date:
      - Thu, 23 Jun 2022 05:50:25 GMT
      expires:
      - '-1'
      pragma:
      - no-cache
      strict-transport-security:
      - max-age=31536000; includeSubDomains
      x-content-type-options:
      - nosniff
      x-ms-ratelimit-remaining-subscription-writes:
      - '1198'
    status:
      code: 201
      message: Created
- request:
    body: null
    headers:
      Accept:
      - '*/*'
      Accept-Encoding:
      - gzip, deflate
      CommandName:
      - vmss create
      Connection:
      - keep-alive
      ParameterSetName:
      - -g -n --authentication-type --admin-username --admin-password --image
      User-Agent:
      - AZURECLI/2.37.0 azsdk-python-azure-mgmt-resource/21.1.0b1 Python/3.10.5 (Windows-10-10.0.19044-SP0)
    method: GET
    uri: https://management.azure.com/subscriptions/00000000-0000-0000-0000-000000000000/resourcegroups/cli_test_vmss_nics000001/providers/Microsoft.Resources/deployments/mock-deployment/operationStatuses/08585456434645834066?api-version=2021-04-01
  response:
    body:
      string: '{"status":"Running"}'
    headers:
      cache-control:
      - no-cache
      content-length:
      - '20'
      content-type:
      - application/json; charset=utf-8
      date:
      - Thu, 23 Jun 2022 05:50:56 GMT
      expires:
      - '-1'
      pragma:
      - no-cache
      strict-transport-security:
      - max-age=31536000; includeSubDomains
      vary:
      - Accept-Encoding
      x-content-type-options:
      - nosniff
    status:
      code: 200
      message: OK
- request:
    body: null
    headers:
      Accept:
      - '*/*'
      Accept-Encoding:
      - gzip, deflate
      CommandName:
      - vmss create
      Connection:
      - keep-alive
      ParameterSetName:
      - -g -n --authentication-type --admin-username --admin-password --image
      User-Agent:
      - AZURECLI/2.37.0 azsdk-python-azure-mgmt-resource/21.1.0b1 Python/3.10.5 (Windows-10-10.0.19044-SP0)
    method: GET
    uri: https://management.azure.com/subscriptions/00000000-0000-0000-0000-000000000000/resourcegroups/cli_test_vmss_nics000001/providers/Microsoft.Resources/deployments/mock-deployment/operationStatuses/08585456434645834066?api-version=2021-04-01
  response:
    body:
      string: '{"status":"Running"}'
    headers:
      cache-control:
      - no-cache
      content-length:
      - '20'
      content-type:
      - application/json; charset=utf-8
      date:
      - Thu, 23 Jun 2022 05:51:27 GMT
      expires:
      - '-1'
      pragma:
      - no-cache
      strict-transport-security:
      - max-age=31536000; includeSubDomains
      vary:
      - Accept-Encoding
      x-content-type-options:
      - nosniff
    status:
      code: 200
      message: OK
- request:
    body: null
    headers:
      Accept:
      - '*/*'
      Accept-Encoding:
      - gzip, deflate
      CommandName:
      - vmss create
      Connection:
      - keep-alive
      ParameterSetName:
      - -g -n --authentication-type --admin-username --admin-password --image
      User-Agent:
      - AZURECLI/2.37.0 azsdk-python-azure-mgmt-resource/21.1.0b1 Python/3.10.5 (Windows-10-10.0.19044-SP0)
    method: GET
    uri: https://management.azure.com/subscriptions/00000000-0000-0000-0000-000000000000/resourcegroups/cli_test_vmss_nics000001/providers/Microsoft.Resources/deployments/mock-deployment/operationStatuses/08585456434645834066?api-version=2021-04-01
  response:
    body:
      string: '{"status":"Succeeded"}'
    headers:
      cache-control:
      - no-cache
      content-length:
      - '22'
      content-type:
      - application/json; charset=utf-8
      date:
      - Thu, 23 Jun 2022 05:51:58 GMT
      expires:
      - '-1'
      pragma:
      - no-cache
      strict-transport-security:
      - max-age=31536000; includeSubDomains
      vary:
      - Accept-Encoding
      x-content-type-options:
      - nosniff
    status:
      code: 200
      message: OK
- request:
    body: null
    headers:
      Accept:
      - '*/*'
      Accept-Encoding:
      - gzip, deflate
      CommandName:
      - vmss create
      Connection:
      - keep-alive
      ParameterSetName:
      - -g -n --authentication-type --admin-username --admin-password --image
      User-Agent:
      - AZURECLI/2.37.0 azsdk-python-azure-mgmt-resource/21.1.0b1 Python/3.10.5 (Windows-10-10.0.19044-SP0)
    method: GET
    uri: https://management.azure.com/subscriptions/00000000-0000-0000-0000-000000000000/resourcegroups/cli_test_vmss_nics000001/providers/Microsoft.Resources/deployments/mock-deployment?api-version=2021-04-01
  response:
    body:
      string: '{"id":"/subscriptions/00000000-0000-0000-0000-000000000000/resourceGroups/cli_test_vmss_nics000001/providers/Microsoft.Resources/deployments/vmss_deploy_Rx0ZGz4jBxsfjGrklFMbCbcJX6yJ3Yvb","name":"vmss_deploy_Rx0ZGz4jBxsfjGrklFMbCbcJX6yJ3Yvb","type":"Microsoft.Resources/deployments","properties":{"templateHash":"18322082872680546629","parameters":{"adminPassword":{"type":"SecureString"}},"mode":"Incremental","provisioningState":"Succeeded","timestamp":"2022-06-23T05:51:40.6061867Z","duration":"PT1M17.1922944S","correlationId":"68cc2fbb-754a-4a36-a173-e7105c92a37e","providers":[{"namespace":"Microsoft.Network","resourceTypes":[{"resourceType":"virtualNetworks","locations":["westus"]},{"resourceType":"publicIPAddresses","locations":["westus"]},{"resourceType":"loadBalancers","locations":["westus"]}]},{"namespace":"Microsoft.Compute","resourceTypes":[{"resourceType":"virtualMachineScaleSets","locations":["westus"]}]}],"dependencies":[{"dependsOn":[{"id":"/subscriptions/00000000-0000-0000-0000-000000000000/resourceGroups/cli_test_vmss_nics000001/providers/Microsoft.Network/virtualNetworks/vmss1VNET","resourceType":"Microsoft.Network/virtualNetworks","resourceName":"vmss1VNET"},{"id":"/subscriptions/00000000-0000-0000-0000-000000000000/resourceGroups/cli_test_vmss_nics000001/providers/Microsoft.Network/publicIPAddresses/vmss1LBPublicIP","resourceType":"Microsoft.Network/publicIPAddresses","resourceName":"vmss1LBPublicIP"}],"id":"/subscriptions/00000000-0000-0000-0000-000000000000/resourceGroups/cli_test_vmss_nics000001/providers/Microsoft.Network/loadBalancers/vmss1LB","resourceType":"Microsoft.Network/loadBalancers","resourceName":"vmss1LB"},{"dependsOn":[{"id":"/subscriptions/00000000-0000-0000-0000-000000000000/resourceGroups/cli_test_vmss_nics000001/providers/Microsoft.Network/virtualNetworks/vmss1VNET","resourceType":"Microsoft.Network/virtualNetworks","resourceName":"vmss1VNET"},{"id":"/subscriptions/00000000-0000-0000-0000-000000000000/resourceGroups/cli_test_vmss_nics000001/providers/Microsoft.Network/loadBalancers/vmss1LB","resourceType":"Microsoft.Network/loadBalancers","resourceName":"vmss1LB"}],"id":"/subscriptions/00000000-0000-0000-0000-000000000000/resourceGroups/cli_test_vmss_nics000001/providers/Microsoft.Compute/virtualMachineScaleSets/vmss1","resourceType":"Microsoft.Compute/virtualMachineScaleSets","resourceName":"vmss1"}],"outputs":{"vmss":{"type":"Object","value":{"singlePlacementGroup":true,"upgradePolicy":{"mode":"Manual","rollingUpgradePolicy":{"maxBatchInstancePercent":20,"maxUnhealthyInstancePercent":20,"maxUnhealthyUpgradedInstancePercent":20,"pauseTimeBetweenBatches":"PT0S"}},"virtualMachineProfile":{"osProfile":{"computerNamePrefix":"vmss1d8b9","adminUsername":"admin123","windowsConfiguration":{"provisionVMAgent":true,"enableAutomaticUpdates":true,"enableVMAgentPlatformUpdates":false},"secrets":[],"allowExtensionOperations":true,"requireGuestProvisionSignal":true},"storageProfile":{"osDisk":{"osType":"Windows","createOption":"FromImage","caching":"ReadWrite","managedDisk":{"storageAccountType":"Premium_LRS"},"diskSizeGB":127},"imageReference":{"publisher":"MicrosoftWindowsServer","offer":"WindowsServer","sku":"2012-R2-Datacenter","version":"latest"}},"networkProfile":{"networkInterfaceConfigurations":[{"name":"vmss1d8b9Nic","properties":{"primary":true,"dnsSettings":{"dnsServers":[]},"enableIPForwarding":false,"ipConfigurations":[{"name":"vmss1d8b9IPConfig","properties":{"subnet":{"id":"/subscriptions/00000000-0000-0000-0000-000000000000/resourceGroups/cli_test_vmss_nics000001/providers/Microsoft.Network/virtualNetworks/vmss1VNET/subnets/vmss1Subnet"},"privateIPAddressVersion":"IPv4","loadBalancerBackendAddressPools":[{"id":"/subscriptions/00000000-0000-0000-0000-000000000000/resourceGroups/cli_test_vmss_nics000001/providers/Microsoft.Network/loadBalancers/vmss1LB/backendAddressPools/vmss1LBBEPool"}],"loadBalancerInboundNatPools":[{"id":"/subscriptions/00000000-0000-0000-0000-000000000000/resourceGroups/cli_test_vmss_nics000001/providers/Microsoft.Network/loadBalancers/vmss1LB/inboundNatPools/vmss1LBNatPool"}]}}]}}]}},"provisioningState":"Succeeded","overprovision":true,"doNotRunExtensionsOnOverprovisionedVMs":false,"uniqueId":"57005007-9379-44dd-a46e-a6fb892ad856","timeCreated":"2022-06-23T05:50:49.6874364+00:00"}}},"outputResources":[{"id":"/subscriptions/00000000-0000-0000-0000-000000000000/resourceGroups/cli_test_vmss_nics000001/providers/Microsoft.Compute/virtualMachineScaleSets/vmss1"},{"id":"/subscriptions/00000000-0000-0000-0000-000000000000/resourceGroups/cli_test_vmss_nics000001/providers/Microsoft.Network/loadBalancers/vmss1LB"},{"id":"/subscriptions/00000000-0000-0000-0000-000000000000/resourceGroups/cli_test_vmss_nics000001/providers/Microsoft.Network/publicIPAddresses/vmss1LBPublicIP"},{"id":"/subscriptions/00000000-0000-0000-0000-000000000000/resourceGroups/cli_test_vmss_nics000001/providers/Microsoft.Network/virtualNetworks/vmss1VNET"}]}}'
    headers:
      cache-control:
      - no-cache
      content-length:
      - '4969'
      content-type:
      - application/json; charset=utf-8
      date:
      - Thu, 23 Jun 2022 05:51:59 GMT
      expires:
      - '-1'
      pragma:
      - no-cache
      strict-transport-security:
      - max-age=31536000; includeSubDomains
      vary:
      - Accept-Encoding
      x-content-type-options:
      - nosniff
    status:
      code: 200
      message: OK
- request:
    body: null
    headers:
      Accept:
      - application/json
      Accept-Encoding:
      - gzip, deflate
      CommandName:
      - vmss nic list
      Connection:
      - keep-alive
      ParameterSetName:
      - -g --vmss-name
      User-Agent:
      - AZURECLI/2.37.0 azsdk-python-azure-mgmt-network/20.0.0 Python/3.10.5 (Windows-10-10.0.19044-SP0)
    method: GET
    uri: https://management.azure.com/subscriptions/00000000-0000-0000-0000-000000000000/resourceGroups/cli_test_vmss_nics000001/providers/microsoft.Compute/virtualMachineScaleSets/vmss1/networkInterfaces?api-version=2018-10-01
  response:
    body:
      string: "{\r\n  \"value\": [\r\n    {\r\n      \"name\": \"vmss1d8b9Nic\",\r\n
        \     \"id\": \"/subscriptions/00000000-0000-0000-0000-000000000000/resourceGroups/cli_test_vmss_nics000001/providers/Microsoft.Compute/virtualMachineScaleSets/vmss1/virtualMachines/0/networkInterfaces/vmss1d8b9Nic\",\r\n
        \     \"etag\": \"W/\\\"f2774b47-c2e4-4d31-9fff-a142b438b072\\\"\",\r\n      \"properties\":
        {\r\n        \"provisioningState\": \"Succeeded\",\r\n        \"resourceGuid\":
        \"9ef07f0d-a4b3-424e-9e3d-8f7ef080ae54\",\r\n        \"ipConfigurations\":
        [\r\n          {\r\n            \"name\": \"vmss1d8b9IPConfig\",\r\n            \"id\":
        \"/subscriptions/00000000-0000-0000-0000-000000000000/resourceGroups/cli_test_vmss_nics000001/providers/Microsoft.Compute/virtualMachineScaleSets/vmss1/virtualMachines/0/networkInterfaces/vmss1d8b9Nic/ipConfigurations/vmss1d8b9IPConfig\",\r\n
        \           \"etag\": \"W/\\\"f2774b47-c2e4-4d31-9fff-a142b438b072\\\"\",\r\n
        \           \"properties\": {\r\n              \"provisioningState\": \"Succeeded\",\r\n
        \             \"privateIPAddress\": \"10.0.0.4\",\r\n              \"privateIPAllocationMethod\":
        \"Dynamic\",\r\n              \"subnet\": {\r\n                \"id\": \"/subscriptions/00000000-0000-0000-0000-000000000000/resourceGroups/cli_test_vmss_nics000001/providers/Microsoft.Network/virtualNetworks/vmss1VNET/subnets/vmss1Subnet\"\r\n
        \             },\r\n              \"primary\": true,\r\n              \"privateIPAddressVersion\":
        \"IPv4\",\r\n              \"loadBalancerBackendAddressPools\": [\r\n                {\r\n
        \                 \"id\": \"/subscriptions/00000000-0000-0000-0000-000000000000/resourceGroups/cli_test_vmss_nics000001/providers/Microsoft.Network/loadBalancers/vmss1LB/backendAddressPools/vmss1LBBEPool\"\r\n
        \               }\r\n              ],\r\n              \"loadBalancerInboundNatRules\":
        [\r\n                {\r\n                  \"id\": \"/subscriptions/00000000-0000-0000-0000-000000000000/resourceGroups/cli_test_vmss_nics000001/providers/Microsoft.Network/loadBalancers/vmss1LB/inboundNatRules/vmss1LBNatPool.0\"\r\n
        \               }\r\n              ]\r\n            }\r\n          }\r\n        ],\r\n
        \       \"dnsSettings\": {\r\n          \"dnsServers\": [],\r\n          \"appliedDnsServers\":
        [],\r\n          \"internalDomainNameSuffix\": \"fepeuptq2n0edgukua5youc0ph.dx.internal.cloudapp.net\"\r\n
        \       },\r\n        \"macAddress\": \"00-0D-3A-35-C5-07\",\r\n        \"enableIPForwarding\":
        false,\r\n        \"primary\": true,\r\n        \"virtualMachine\": {\r\n
        \         \"id\": \"/subscriptions/00000000-0000-0000-0000-000000000000/resourceGroups/cli_test_vmss_nics000001/providers/Microsoft.Compute/virtualMachineScaleSets/vmss1/virtualMachines/0\"\r\n
        \       },\r\n        \"hostedWorkloads\": [],\r\n        \"tapConfigurations\":
        []\r\n      }\r\n    },\r\n    {\r\n      \"name\": \"vmss1d8b9Nic\",\r\n
        \     \"id\": \"/subscriptions/00000000-0000-0000-0000-000000000000/resourceGroups/cli_test_vmss_nics000001/providers/Microsoft.Compute/virtualMachineScaleSets/vmss1/virtualMachines/1/networkInterfaces/vmss1d8b9Nic\",\r\n
        \     \"etag\": \"W/\\\"eb33148e-ac96-4bbb-90a0-4bbdbe7f752e\\\"\",\r\n      \"properties\":
        {\r\n        \"provisioningState\": \"Succeeded\",\r\n        \"resourceGuid\":
        \"99e0913d-4f07-43fd-be58-0c120999b9b9\",\r\n        \"ipConfigurations\":
        [\r\n          {\r\n            \"name\": \"vmss1d8b9IPConfig\",\r\n            \"id\":
        \"/subscriptions/00000000-0000-0000-0000-000000000000/resourceGroups/cli_test_vmss_nics000001/providers/Microsoft.Compute/virtualMachineScaleSets/vmss1/virtualMachines/1/networkInterfaces/vmss1d8b9Nic/ipConfigurations/vmss1d8b9IPConfig\",\r\n
        \           \"etag\": \"W/\\\"eb33148e-ac96-4bbb-90a0-4bbdbe7f752e\\\"\",\r\n
        \           \"properties\": {\r\n              \"provisioningState\": \"Succeeded\",\r\n
        \             \"privateIPAddress\": \"10.0.0.5\",\r\n              \"privateIPAllocationMethod\":
        \"Dynamic\",\r\n              \"subnet\": {\r\n                \"id\": \"/subscriptions/00000000-0000-0000-0000-000000000000/resourceGroups/cli_test_vmss_nics000001/providers/Microsoft.Network/virtualNetworks/vmss1VNET/subnets/vmss1Subnet\"\r\n
        \             },\r\n              \"primary\": true,\r\n              \"privateIPAddressVersion\":
        \"IPv4\",\r\n              \"loadBalancerBackendAddressPools\": [\r\n                {\r\n
        \                 \"id\": \"/subscriptions/00000000-0000-0000-0000-000000000000/resourceGroups/cli_test_vmss_nics000001/providers/Microsoft.Network/loadBalancers/vmss1LB/backendAddressPools/vmss1LBBEPool\"\r\n
        \               }\r\n              ],\r\n              \"loadBalancerInboundNatRules\":
        [\r\n                {\r\n                  \"id\": \"/subscriptions/00000000-0000-0000-0000-000000000000/resourceGroups/cli_test_vmss_nics000001/providers/Microsoft.Network/loadBalancers/vmss1LB/inboundNatRules/vmss1LBNatPool.1\"\r\n
        \               }\r\n              ]\r\n            }\r\n          }\r\n        ],\r\n
        \       \"dnsSettings\": {\r\n          \"dnsServers\": [],\r\n          \"appliedDnsServers\":
        []\r\n        },\r\n        \"macAddress\": \"00-0D-3A-35-CC-97\",\r\n        \"enableIPForwarding\":
        false,\r\n        \"virtualMachine\": {\r\n          \"id\": \"/subscriptions/00000000-0000-0000-0000-000000000000/resourceGroups/cli_test_vmss_nics000001/providers/Microsoft.Compute/virtualMachineScaleSets/vmss1/virtualMachines/1\"\r\n
        \       },\r\n        \"hostedWorkloads\": [],\r\n        \"tapConfigurations\":
        []\r\n      }\r\n    },\r\n    {\r\n      \"name\": \"vmss1d8b9Nic\",\r\n
        \     \"id\": \"/subscriptions/00000000-0000-0000-0000-000000000000/resourceGroups/cli_test_vmss_nics000001/providers/Microsoft.Compute/virtualMachineScaleSets/vmss1/virtualMachines/2/networkInterfaces/vmss1d8b9Nic\",\r\n
        \     \"etag\": \"W/\\\"45be65a1-f5f0-4bca-8b55-ce87a579aac9\\\"\",\r\n      \"properties\":
        {\r\n        \"provisioningState\": \"Succeeded\",\r\n        \"resourceGuid\":
        \"02476cb7-d3dd-4b6e-91c6-38348cac748a\",\r\n        \"ipConfigurations\":
        [\r\n          {\r\n            \"name\": \"vmss1d8b9IPConfig\",\r\n            \"id\":
        \"/subscriptions/00000000-0000-0000-0000-000000000000/resourceGroups/cli_test_vmss_nics000001/providers/Microsoft.Compute/virtualMachineScaleSets/vmss1/virtualMachines/2/networkInterfaces/vmss1d8b9Nic/ipConfigurations/vmss1d8b9IPConfig\",\r\n
        \           \"etag\": \"W/\\\"45be65a1-f5f0-4bca-8b55-ce87a579aac9\\\"\",\r\n
        \           \"properties\": {\r\n              \"provisioningState\": \"Succeeded\",\r\n
        \             \"privateIPAddress\": \"10.0.0.6\",\r\n              \"privateIPAllocationMethod\":
        \"Dynamic\",\r\n              \"subnet\": {\r\n                \"id\": \"/subscriptions/00000000-0000-0000-0000-000000000000/resourceGroups/cli_test_vmss_nics000001/providers/Microsoft.Network/virtualNetworks/vmss1VNET/subnets/vmss1Subnet\"\r\n
        \             },\r\n              \"primary\": true,\r\n              \"privateIPAddressVersion\":
        \"IPv4\",\r\n              \"loadBalancerBackendAddressPools\": [\r\n                {\r\n
        \                 \"id\": \"/subscriptions/00000000-0000-0000-0000-000000000000/resourceGroups/cli_test_vmss_nics000001/providers/Microsoft.Network/loadBalancers/vmss1LB/backendAddressPools/vmss1LBBEPool\"\r\n
        \               }\r\n              ],\r\n              \"loadBalancerInboundNatRules\":
        [\r\n                {\r\n                  \"id\": \"/subscriptions/00000000-0000-0000-0000-000000000000/resourceGroups/cli_test_vmss_nics000001/providers/Microsoft.Network/loadBalancers/vmss1LB/inboundNatRules/vmss1LBNatPool.2\"\r\n
        \               }\r\n              ]\r\n            }\r\n          }\r\n        ],\r\n
        \       \"dnsSettings\": {\r\n          \"dnsServers\": [],\r\n          \"appliedDnsServers\":
        [],\r\n          \"internalDomainNameSuffix\": \"fepeuptq2n0edgukua5youc0ph.dx.internal.cloudapp.net\"\r\n
        \       },\r\n        \"macAddress\": \"00-0D-3A-35-CD-A4\",\r\n        \"enableIPForwarding\":
        false,\r\n        \"primary\": true,\r\n        \"virtualMachine\": {\r\n
        \         \"id\": \"/subscriptions/00000000-0000-0000-0000-000000000000/resourceGroups/cli_test_vmss_nics000001/providers/Microsoft.Compute/virtualMachineScaleSets/vmss1/virtualMachines/2\"\r\n
        \       },\r\n        \"hostedWorkloads\": [],\r\n        \"tapConfigurations\":
        []\r\n      }\r\n    },\r\n    {\r\n      \"name\": \"vmss1d8b9Nic\",\r\n
        \     \"id\": \"/subscriptions/00000000-0000-0000-0000-000000000000/resourceGroups/cli_test_vmss_nics000001/providers/Microsoft.Compute/virtualMachineScaleSets/vmss1/virtualMachines/3/networkInterfaces/vmss1d8b9Nic\",\r\n
        \     \"etag\": \"W/\\\"a3ddac5a-ddaa-4cb5-9ffe-4696bb92f99e\\\"\",\r\n      \"properties\":
        {\r\n        \"provisioningState\": \"Succeeded\",\r\n        \"resourceGuid\":
        \"9c2e8def-e1a5-4902-9a00-f20ee00c2294\",\r\n        \"ipConfigurations\":
        [\r\n          {\r\n            \"name\": \"vmss1d8b9IPConfig\",\r\n            \"id\":
        \"/subscriptions/00000000-0000-0000-0000-000000000000/resourceGroups/cli_test_vmss_nics000001/providers/Microsoft.Compute/virtualMachineScaleSets/vmss1/virtualMachines/3/networkInterfaces/vmss1d8b9Nic/ipConfigurations/vmss1d8b9IPConfig\",\r\n
        \           \"etag\": \"W/\\\"a3ddac5a-ddaa-4cb5-9ffe-4696bb92f99e\\\"\",\r\n
        \           \"properties\": {\r\n              \"provisioningState\": \"Succeeded\",\r\n
        \             \"privateIPAddress\": \"10.0.0.7\",\r\n              \"privateIPAllocationMethod\":
        \"Dynamic\",\r\n              \"subnet\": {\r\n                \"id\": \"/subscriptions/00000000-0000-0000-0000-000000000000/resourceGroups/cli_test_vmss_nics000001/providers/Microsoft.Network/virtualNetworks/vmss1VNET/subnets/vmss1Subnet\"\r\n
        \             },\r\n              \"primary\": true,\r\n              \"privateIPAddressVersion\":
        \"IPv4\",\r\n              \"loadBalancerBackendAddressPools\": [\r\n                {\r\n
        \                 \"id\": \"/subscriptions/00000000-0000-0000-0000-000000000000/resourceGroups/cli_test_vmss_nics000001/providers/Microsoft.Network/loadBalancers/vmss1LB/backendAddressPools/vmss1LBBEPool\"\r\n
        \               }\r\n              ],\r\n              \"loadBalancerInboundNatRules\":
        [\r\n                {\r\n                  \"id\": \"/subscriptions/00000000-0000-0000-0000-000000000000/resourceGroups/cli_test_vmss_nics000001/providers/Microsoft.Network/loadBalancers/vmss1LB/inboundNatRules/vmss1LBNatPool.3\"\r\n
        \               }\r\n              ]\r\n            }\r\n          }\r\n        ],\r\n
        \       \"dnsSettings\": {\r\n          \"dnsServers\": [],\r\n          \"appliedDnsServers\":
        []\r\n        },\r\n        \"macAddress\": \"00-0D-3A-35-C9-9C\",\r\n        \"enableIPForwarding\":
        false,\r\n        \"virtualMachine\": {\r\n          \"id\": \"/subscriptions/00000000-0000-0000-0000-000000000000/resourceGroups/cli_test_vmss_nics000001/providers/Microsoft.Compute/virtualMachineScaleSets/vmss1/virtualMachines/3\"\r\n
        \       },\r\n        \"hostedWorkloads\": [],\r\n        \"tapConfigurations\":
        []\r\n      }\r\n    }\r\n  ]\r\n}"
    headers:
      cache-control:
      - no-cache
      content-length:
      - '10270'
      content-type:
      - application/json; charset=utf-8
      date:
      - Thu, 23 Jun 2022 05:52:00 GMT
      expires:
      - '-1'
      pragma:
      - no-cache
      server:
      - Microsoft-HTTPAPI/2.0
      - Microsoft-HTTPAPI/2.0
      strict-transport-security:
      - max-age=31536000; includeSubDomains
      transfer-encoding:
      - chunked
      vary:
      - Accept-Encoding
      x-content-type-options:
      - nosniff
      x-ms-arm-service-request-id:
      - fe89b640-b857-4603-ab38-271bd8438d49
    status:
      code: 200
      message: OK
- request:
    body: null
    headers:
      Accept:
      - application/json
      Accept-Encoding:
      - gzip, deflate
      CommandName:
      - vmss list-instances
      Connection:
      - keep-alive
      ParameterSetName:
      - -g -n
      User-Agent:
      - AZURECLI/2.37.0 azsdk-python-azure-mgmt-compute/27.1.0 Python/3.10.5 (Windows-10-10.0.19044-SP0)
    method: GET
    uri: https://management.azure.com/subscriptions/00000000-0000-0000-0000-000000000000/resourceGroups/cli_test_vmss_nics000001/providers/Microsoft.Compute/virtualMachineScaleSets/vmss1/virtualMachines?api-version=2022-03-01
  response:
    body:
      string: "{\r\n  \"value\": [\r\n    {\r\n      \"name\": \"vmss1_0\",\r\n      \"id\":
        \"/subscriptions/00000000-0000-0000-0000-000000000000/resourceGroups/cli_test_vmss_nics000001/providers/Microsoft.Compute/virtualMachineScaleSets/vmss1/virtualMachines/0\",\r\n
        \     \"type\": \"Microsoft.Compute/virtualMachineScaleSets/virtualMachines\",\r\n
        \     \"location\": \"westus\",\r\n      \"tags\": {},\r\n      \"instanceId\":
        \"0\",\r\n      \"sku\": {\r\n        \"name\": \"Standard_DS1_v2\",\r\n        \"tier\":
        \"Standard\"\r\n      },\r\n      \"properties\": {\r\n        \"latestModelApplied\":
        true,\r\n        \"modelDefinitionApplied\": \"VirtualMachineScaleSet\",\r\n
        \       \"networkProfileConfiguration\": {\"networkInterfaceConfigurations\":[{\"name\":\"vmss1d8b9Nic\",\"properties\":{\"primary\":true,\"dnsSettings\":{\"dnsServers\":[]},\"enableIPForwarding\":false,\"ipConfigurations\":[{\"name\":\"vmss1d8b9IPConfig\",\"properties\":{\"subnet\":{\"id\":\"/subscriptions/00000000-0000-0000-0000-000000000000/resourceGroups/cli_test_vmss_nics000001/providers/Microsoft.Network/virtualNetworks/vmss1VNET/subnets/vmss1Subnet\"},\"privateIPAddressVersion\":\"IPv4\",\"loadBalancerBackendAddressPools\":[{\"id\":\"/subscriptions/00000000-0000-0000-0000-000000000000/resourceGroups/cli_test_vmss_nics000001/providers/Microsoft.Network/loadBalancers/vmss1LB/backendAddressPools/vmss1LBBEPool\"}],\"loadBalancerInboundNatPools\":[{\"id\":\"/subscriptions/00000000-0000-0000-0000-000000000000/resourceGroups/cli_test_vmss_nics000001/providers/Microsoft.Network/loadBalancers/vmss1LB/inboundNatPools/vmss1LBNatPool\"}]}}]}}]},\r\n
        \       \"vmId\": \"0cad6e75-6e4d-4e42-bf6e-84ac54b5dc91\",\r\n        \"hardwareProfile\":
        {\r\n          \"vmSize\": \"Standard_DS1_v2\"\r\n        },\r\n        \"storageProfile\":
        {\r\n          \"imageReference\": {\r\n            \"publisher\": \"MicrosoftWindowsServer\",\r\n
        \           \"offer\": \"WindowsServer\",\r\n            \"sku\": \"2012-R2-Datacenter\",\r\n
        \           \"version\": \"latest\",\r\n            \"exactVersion\": \"9600.20402.220611\"\r\n
        \         },\r\n          \"osDisk\": {\r\n            \"osType\": \"Windows\",\r\n
        \           \"name\": \"vmss1_vmss1_0_OsDisk_1_2afc6a04cc4347fcb62a941b0f0a1f5f\",\r\n
        \           \"createOption\": \"FromImage\",\r\n            \"caching\": \"ReadWrite\",\r\n
        \           \"managedDisk\": {\r\n              \"storageAccountType\": \"Premium_LRS\",\r\n
        \             \"id\": \"/subscriptions/00000000-0000-0000-0000-000000000000/resourceGroups/cli_test_vmss_nics000001/providers/Microsoft.Compute/disks/vmss1_vmss1_0_OsDisk_1_2afc6a04cc4347fcb62a941b0f0a1f5f\"\r\n
        \           },\r\n            \"diskSizeGB\": 127\r\n          },\r\n          \"dataDisks\":
        []\r\n        },\r\n        \"osProfile\": {\r\n          \"computerName\":
        \"vmss1d8b9000000\",\r\n          \"adminUsername\": \"admin123\",\r\n          \"windowsConfiguration\":
        {\r\n            \"provisionVMAgent\": true,\r\n            \"enableAutomaticUpdates\":
        true,\r\n            \"enableVMAgentPlatformUpdates\": false\r\n          },\r\n
        \         \"secrets\": [],\r\n          \"allowExtensionOperations\": true,\r\n
        \         \"requireGuestProvisionSignal\": true\r\n        },\r\n        \"networkProfile\":
        {\"networkInterfaces\":[{\"id\":\"/subscriptions/00000000-0000-0000-0000-000000000000/resourceGroups/cli_test_vmss_nics000001/providers/Microsoft.Compute/virtualMachineScaleSets/vmss1/virtualMachines/0/networkInterfaces/vmss1d8b9Nic\"}]},\r\n
        \       \"provisioningState\": \"Updating\",\r\n        \"timeCreated\": \"2022-06-23T05:50:49.7655937+00:00\"\r\n
        \     }\r\n    },\r\n    {\r\n      \"name\": \"vmss1_2\",\r\n      \"id\":
        \"/subscriptions/00000000-0000-0000-0000-000000000000/resourceGroups/cli_test_vmss_nics000001/providers/Microsoft.Compute/virtualMachineScaleSets/vmss1/virtualMachines/2\",\r\n
        \     \"type\": \"Microsoft.Compute/virtualMachineScaleSets/virtualMachines\",\r\n
        \     \"location\": \"westus\",\r\n      \"tags\": {},\r\n      \"instanceId\":
        \"2\",\r\n      \"sku\": {\r\n        \"name\": \"Standard_DS1_v2\",\r\n        \"tier\":
        \"Standard\"\r\n      },\r\n      \"properties\": {\r\n        \"latestModelApplied\":
        true,\r\n        \"modelDefinitionApplied\": \"VirtualMachineScaleSet\",\r\n
        \       \"networkProfileConfiguration\": {\"networkInterfaceConfigurations\":[{\"name\":\"vmss1d8b9Nic\",\"properties\":{\"primary\":true,\"dnsSettings\":{\"dnsServers\":[]},\"enableIPForwarding\":false,\"ipConfigurations\":[{\"name\":\"vmss1d8b9IPConfig\",\"properties\":{\"subnet\":{\"id\":\"/subscriptions/00000000-0000-0000-0000-000000000000/resourceGroups/cli_test_vmss_nics000001/providers/Microsoft.Network/virtualNetworks/vmss1VNET/subnets/vmss1Subnet\"},\"privateIPAddressVersion\":\"IPv4\",\"loadBalancerBackendAddressPools\":[{\"id\":\"/subscriptions/00000000-0000-0000-0000-000000000000/resourceGroups/cli_test_vmss_nics000001/providers/Microsoft.Network/loadBalancers/vmss1LB/backendAddressPools/vmss1LBBEPool\"}],\"loadBalancerInboundNatPools\":[{\"id\":\"/subscriptions/00000000-0000-0000-0000-000000000000/resourceGroups/cli_test_vmss_nics000001/providers/Microsoft.Network/loadBalancers/vmss1LB/inboundNatPools/vmss1LBNatPool\"}]}}]}}]},\r\n
        \       \"vmId\": \"3bd63469-b083-4a52-b71c-9fc42c5f9247\",\r\n        \"hardwareProfile\":
        {\r\n          \"vmSize\": \"Standard_DS1_v2\"\r\n        },\r\n        \"storageProfile\":
        {\r\n          \"imageReference\": {\r\n            \"publisher\": \"MicrosoftWindowsServer\",\r\n
        \           \"offer\": \"WindowsServer\",\r\n            \"sku\": \"2012-R2-Datacenter\",\r\n
        \           \"version\": \"latest\",\r\n            \"exactVersion\": \"9600.20402.220611\"\r\n
        \         },\r\n          \"osDisk\": {\r\n            \"osType\": \"Windows\",\r\n
        \           \"name\": \"vmss1_vmss1_2_OsDisk_1_bf5380b920dc4ab7a75a7b4d8c69f0b7\",\r\n
        \           \"createOption\": \"FromImage\",\r\n            \"caching\": \"ReadWrite\",\r\n
        \           \"managedDisk\": {\r\n              \"storageAccountType\": \"Premium_LRS\",\r\n
        \             \"id\": \"/subscriptions/00000000-0000-0000-0000-000000000000/resourceGroups/cli_test_vmss_nics000001/providers/Microsoft.Compute/disks/vmss1_vmss1_2_OsDisk_1_bf5380b920dc4ab7a75a7b4d8c69f0b7\"\r\n
        \           },\r\n            \"diskSizeGB\": 127\r\n          },\r\n          \"dataDisks\":
        []\r\n        },\r\n        \"osProfile\": {\r\n          \"computerName\":
        \"vmss1d8b9000002\",\r\n          \"adminUsername\": \"admin123\",\r\n          \"windowsConfiguration\":
        {\r\n            \"provisionVMAgent\": true,\r\n            \"enableAutomaticUpdates\":
        true,\r\n            \"enableVMAgentPlatformUpdates\": false\r\n          },\r\n
        \         \"secrets\": [],\r\n          \"allowExtensionOperations\": true,\r\n
        \         \"requireGuestProvisionSignal\": true\r\n        },\r\n        \"networkProfile\":
        {\"networkInterfaces\":[{\"id\":\"/subscriptions/00000000-0000-0000-0000-000000000000/resourceGroups/cli_test_vmss_nics000001/providers/Microsoft.Compute/virtualMachineScaleSets/vmss1/virtualMachines/2/networkInterfaces/vmss1d8b9Nic\"}]},\r\n
        \       \"provisioningState\": \"Succeeded\",\r\n        \"timeCreated\":
        \"2022-06-23T05:50:49.7655937+00:00\"\r\n      }\r\n    }\r\n  ]\r\n}"
    headers:
      cache-control:
      - no-cache
      content-length:
      - '6667'
      content-type:
      - application/json; charset=utf-8
      date:
      - Thu, 23 Jun 2022 05:52:02 GMT
      expires:
      - '-1'
      pragma:
      - no-cache
      server:
      - Microsoft-HTTPAPI/2.0
      - Microsoft-HTTPAPI/2.0
      strict-transport-security:
      - max-age=31536000; includeSubDomains
      transfer-encoding:
      - chunked
      vary:
      - Accept-Encoding
      x-content-type-options:
      - nosniff
      x-ms-ratelimit-remaining-resource:
      - Microsoft.Compute/HighCostGetVMScaleSet3Min;177,Microsoft.Compute/HighCostGetVMScaleSet30Min;858,Microsoft.Compute/VMScaleSetVMViews3Min;4994
      x-ms-request-charge:
      - '4'
    status:
      code: 200
      message: OK
- request:
    body: null
    headers:
      Accept:
      - application/json
      Accept-Encoding:
      - gzip, deflate
      CommandName:
      - vmss nic list-vm-nics
      Connection:
      - keep-alive
      ParameterSetName:
      - -g --vmss-name --instance-id
      User-Agent:
      - AZURECLI/2.37.0 azsdk-python-azure-mgmt-network/20.0.0 Python/3.10.5 (Windows-10-10.0.19044-SP0)
    method: GET
    uri: https://management.azure.com/subscriptions/00000000-0000-0000-0000-000000000000/resourceGroups/cli_test_vmss_nics000001/providers/microsoft.Compute/virtualMachineScaleSets/vmss1/virtualMachines/0/networkInterfaces?api-version=2018-10-01
  response:
    body:
      string: "{\r\n  \"value\": [\r\n    {\r\n      \"name\": \"vmss1d8b9Nic\",\r\n
        \     \"id\": \"/subscriptions/00000000-0000-0000-0000-000000000000/resourceGroups/cli_test_vmss_nics000001/providers/Microsoft.Compute/virtualMachineScaleSets/vmss1/virtualMachines/0/networkInterfaces/vmss1d8b9Nic\",\r\n
        \     \"etag\": \"W/\\\"f2774b47-c2e4-4d31-9fff-a142b438b072\\\"\",\r\n      \"properties\":
        {\r\n        \"provisioningState\": \"Succeeded\",\r\n        \"resourceGuid\":
        \"9ef07f0d-a4b3-424e-9e3d-8f7ef080ae54\",\r\n        \"ipConfigurations\":
        [\r\n          {\r\n            \"name\": \"vmss1d8b9IPConfig\",\r\n            \"id\":
        \"/subscriptions/00000000-0000-0000-0000-000000000000/resourceGroups/cli_test_vmss_nics000001/providers/Microsoft.Compute/virtualMachineScaleSets/vmss1/virtualMachines/0/networkInterfaces/vmss1d8b9Nic/ipConfigurations/vmss1d8b9IPConfig\",\r\n
        \           \"etag\": \"W/\\\"f2774b47-c2e4-4d31-9fff-a142b438b072\\\"\",\r\n
        \           \"properties\": {\r\n              \"provisioningState\": \"Succeeded\",\r\n
        \             \"privateIPAddress\": \"10.0.0.4\",\r\n              \"privateIPAllocationMethod\":
        \"Dynamic\",\r\n              \"subnet\": {\r\n                \"id\": \"/subscriptions/00000000-0000-0000-0000-000000000000/resourceGroups/cli_test_vmss_nics000001/providers/Microsoft.Network/virtualNetworks/vmss1VNET/subnets/vmss1Subnet\"\r\n
        \             },\r\n              \"primary\": true,\r\n              \"privateIPAddressVersion\":
        \"IPv4\",\r\n              \"loadBalancerBackendAddressPools\": [\r\n                {\r\n
        \                 \"id\": \"/subscriptions/00000000-0000-0000-0000-000000000000/resourceGroups/cli_test_vmss_nics000001/providers/Microsoft.Network/loadBalancers/vmss1LB/backendAddressPools/vmss1LBBEPool\"\r\n
        \               }\r\n              ],\r\n              \"loadBalancerInboundNatRules\":
        [\r\n                {\r\n                  \"id\": \"/subscriptions/00000000-0000-0000-0000-000000000000/resourceGroups/cli_test_vmss_nics000001/providers/Microsoft.Network/loadBalancers/vmss1LB/inboundNatRules/vmss1LBNatPool.0\"\r\n
        \               }\r\n              ]\r\n            }\r\n          }\r\n        ],\r\n
        \       \"dnsSettings\": {\r\n          \"dnsServers\": [],\r\n          \"appliedDnsServers\":
        [],\r\n          \"internalDomainNameSuffix\": \"fepeuptq2n0edgukua5youc0ph.dx.internal.cloudapp.net\"\r\n
        \       },\r\n        \"macAddress\": \"00-0D-3A-35-C5-07\",\r\n        \"enableIPForwarding\":
        false,\r\n        \"primary\": true,\r\n        \"virtualMachine\": {\r\n
        \         \"id\": \"/subscriptions/00000000-0000-0000-0000-000000000000/resourceGroups/cli_test_vmss_nics000001/providers/Microsoft.Compute/virtualMachineScaleSets/vmss1/virtualMachines/0\"\r\n
        \       },\r\n        \"hostedWorkloads\": [],\r\n        \"tapConfigurations\":
        []\r\n      }\r\n    }\r\n  ]\r\n}"
    headers:
      cache-control:
      - no-cache
      content-length:
      - '2644'
      content-type:
      - application/json; charset=utf-8
      date:
      - Thu, 23 Jun 2022 05:52:02 GMT
      expires:
      - '-1'
      pragma:
      - no-cache
      server:
      - Microsoft-HTTPAPI/2.0
      - Microsoft-HTTPAPI/2.0
      strict-transport-security:
      - max-age=31536000; includeSubDomains
      transfer-encoding:
      - chunked
      vary:
      - Accept-Encoding
      x-content-type-options:
      - nosniff
      x-ms-arm-service-request-id:
      - e16b7451-e0ff-43ad-9eb4-6568fa6f52cb
    status:
      code: 200
      message: OK
- request:
    body: null
    headers:
      Accept:
      - application/json
      Accept-Encoding:
      - gzip, deflate
      CommandName:
      - vmss nic show
      Connection:
      - keep-alive
      ParameterSetName:
      - --resource-group --vmss-name --instance-id -n
      User-Agent:
      - AZURECLI/2.37.0 azsdk-python-azure-mgmt-network/20.0.0 Python/3.10.5 (Windows-10-10.0.19044-SP0)
    method: GET
    uri: https://management.azure.com/subscriptions/00000000-0000-0000-0000-000000000000/resourceGroups/cli_test_vmss_nics000001/providers/microsoft.Compute/virtualMachineScaleSets/vmss1/virtualMachines/0/networkInterfaces/vmss1d8b9Nic?api-version=2018-10-01
  response:
    body:
      string: "{\r\n  \"name\": \"vmss1d8b9Nic\",\r\n  \"id\": \"/subscriptions/00000000-0000-0000-0000-000000000000/resourceGroups/cli_test_vmss_nics000001/providers/Microsoft.Compute/virtualMachineScaleSets/vmss1/virtualMachines/0/networkInterfaces/vmss1d8b9Nic\",\r\n
        \ \"etag\": \"W/\\\"f2774b47-c2e4-4d31-9fff-a142b438b072\\\"\",\r\n  \"properties\":
        {\r\n    \"provisioningState\": \"Succeeded\",\r\n    \"resourceGuid\": \"9ef07f0d-a4b3-424e-9e3d-8f7ef080ae54\",\r\n
        \   \"ipConfigurations\": [\r\n      {\r\n        \"name\": \"vmss1d8b9IPConfig\",\r\n
        \       \"id\": \"/subscriptions/00000000-0000-0000-0000-000000000000/resourceGroups/cli_test_vmss_nics000001/providers/Microsoft.Compute/virtualMachineScaleSets/vmss1/virtualMachines/0/networkInterfaces/vmss1d8b9Nic/ipConfigurations/vmss1d8b9IPConfig\",\r\n
        \       \"etag\": \"W/\\\"f2774b47-c2e4-4d31-9fff-a142b438b072\\\"\",\r\n
        \       \"properties\": {\r\n          \"provisioningState\": \"Succeeded\",\r\n
        \         \"privateIPAddress\": \"10.0.0.4\",\r\n          \"privateIPAllocationMethod\":
        \"Dynamic\",\r\n          \"subnet\": {\r\n            \"id\": \"/subscriptions/00000000-0000-0000-0000-000000000000/resourceGroups/cli_test_vmss_nics000001/providers/Microsoft.Network/virtualNetworks/vmss1VNET/subnets/vmss1Subnet\"\r\n
        \         },\r\n          \"primary\": true,\r\n          \"privateIPAddressVersion\":
        \"IPv4\",\r\n          \"loadBalancerBackendAddressPools\": [\r\n            {\r\n
        \             \"id\": \"/subscriptions/00000000-0000-0000-0000-000000000000/resourceGroups/cli_test_vmss_nics000001/providers/Microsoft.Network/loadBalancers/vmss1LB/backendAddressPools/vmss1LBBEPool\"\r\n
        \           }\r\n          ],\r\n          \"loadBalancerInboundNatRules\":
        [\r\n            {\r\n              \"id\": \"/subscriptions/00000000-0000-0000-0000-000000000000/resourceGroups/cli_test_vmss_nics000001/providers/Microsoft.Network/loadBalancers/vmss1LB/inboundNatRules/vmss1LBNatPool.0\"\r\n
        \           }\r\n          ]\r\n        }\r\n      }\r\n    ],\r\n    \"dnsSettings\":
        {\r\n      \"dnsServers\": [],\r\n      \"appliedDnsServers\": [],\r\n      \"internalDomainNameSuffix\":
        \"fepeuptq2n0edgukua5youc0ph.dx.internal.cloudapp.net\"\r\n    },\r\n    \"macAddress\":
        \"00-0D-3A-35-C5-07\",\r\n    \"enableIPForwarding\": false,\r\n    \"primary\":
        true,\r\n    \"virtualMachine\": {\r\n      \"id\": \"/subscriptions/00000000-0000-0000-0000-000000000000/resourceGroups/cli_test_vmss_nics000001/providers/Microsoft.Compute/virtualMachineScaleSets/vmss1/virtualMachines/0\"\r\n
        \   },\r\n    \"hostedWorkloads\": [],\r\n    \"tapConfigurations\": []\r\n
        \ }\r\n}"
    headers:
      cache-control:
      - no-cache
      content-length:
      - '2423'
      content-type:
      - application/json; charset=utf-8
      date:
      - Thu, 23 Jun 2022 05:52:03 GMT
      etag:
      - W/"f2774b47-c2e4-4d31-9fff-a142b438b072"
      expires:
      - '-1'
      pragma:
      - no-cache
      server:
      - Microsoft-HTTPAPI/2.0
      - Microsoft-HTTPAPI/2.0
      strict-transport-security:
      - max-age=31536000; includeSubDomains
      transfer-encoding:
      - chunked
      vary:
      - Accept-Encoding
      x-content-type-options:
      - nosniff
      x-ms-arm-service-request-id:
      - d8e3df06-d389-44b1-998e-e16844546a35
    status:
      code: 200
      message: OK
version: 1
