interactions:
- request:
    body: null
    headers:
      Accept:
      - application/json
      Accept-Encoding:
      - gzip, deflate
      CommandName:
      - vm create
      Connection:
      - keep-alive
      ParameterSetName:
      - -g -n --admin-username --admin-password --authentication-type --image --nsg-rule
        --no-wait
      User-Agent:
      - AZURECLI/2.24.0 azsdk-python-azure-mgmt-resource/16.1.0 Python/3.8.0 (Windows-10-10.0.19041-SP0)
    method: GET
    uri: https://management.azure.com/subscriptions/00000000-0000-0000-0000-000000000000/resourcegroups/cli_test_vm_no_wait000001?api-version=2020-10-01
  response:
    body:
      string: '{"id":"/subscriptions/00000000-0000-0000-0000-000000000000/resourceGroups/cli_test_vm_no_wait000001","name":"cli_test_vm_no_wait000001","type":"Microsoft.Resources/resourceGroups","location":"westus","tags":{"product":"azurecli","cause":"automation","date":"2021-05-25T06:02:05Z"},"properties":{"provisioningState":"Succeeded"}}'
    headers:
      cache-control:
      - no-cache
      content-length:
      - '428'
      content-type:
      - application/json; charset=utf-8
      date:
      - Tue, 25 May 2021 06:02:07 GMT
      expires:
      - '-1'
      pragma:
      - no-cache
      strict-transport-security:
      - max-age=31536000; includeSubDomains
      vary:
      - Accept-Encoding
      x-content-type-options:
      - nosniff
    status:
      code: 200
      message: OK
- request:
    body: null
    headers:
      Accept:
      - '*/*'
      Accept-Encoding:
      - gzip, deflate
      Connection:
      - keep-alive
      User-Agent:
      - python-requests/2.25.1
    method: GET
    uri: https://raw.githubusercontent.com/Azure/azure-rest-api-specs/master/arm-compute/quickstart-templates/aliases.json
  response:
    body:
      string: "{\n  \"$schema\": \"http://schema.management.azure.com/schemas/2015-01-01/deploymentTemplate.json\",\n
        \ \"contentVersion\": \"1.0.0.0\",\n  \"parameters\": {},\n  \"variables\":
        {},\n  \"resources\": [],\n  \"outputs\": {\n    \"aliases\": {\n      \"type\":
        \"object\",\n      \"value\": {\n        \"Linux\": {\n          \"CentOS\":
        {\n            \"publisher\": \"OpenLogic\",\n            \"offer\": \"CentOS\",\n
        \           \"sku\": \"7.5\",\n            \"version\": \"latest\"\n          },\n
        \         \"CoreOS\": {\n            \"publisher\": \"CoreOS\",\n            \"offer\":
        \"CoreOS\",\n            \"sku\": \"Stable\",\n            \"version\": \"latest\"\n
        \         },\n          \"Debian\": {\n            \"publisher\": \"Debian\",\n
        \           \"offer\": \"debian-10\",\n            \"sku\": \"10\",\n            \"version\":
        \"latest\"\n          },\n          \"openSUSE-Leap\": {\n            \"publisher\":
        \"SUSE\",\n            \"offer\": \"openSUSE-Leap\",\n            \"sku\":
        \"42.3\",\n            \"version\": \"latest\"\n          },\n          \"RHEL\":
        {\n            \"publisher\": \"RedHat\",\n            \"offer\": \"RHEL\",\n
        \           \"sku\": \"7-LVM\",\n            \"version\": \"latest\"\n          },\n
        \         \"SLES\": {\n            \"publisher\": \"SUSE\",\n            \"offer\":
        \"SLES\",\n            \"sku\": \"15\",\n            \"version\": \"latest\"\n
        \         },\n          \"UbuntuLTS\": {\n            \"publisher\": \"Canonical\",\n
        \           \"offer\": \"UbuntuServer\",\n            \"sku\": \"18.04-LTS\",\n
        \           \"version\": \"latest\"\n          }\n        },\n        \"Windows\":
        {\n          \"Win2019Datacenter\": {\n            \"publisher\": \"MicrosoftWindowsServer\",\n
        \           \"offer\": \"WindowsServer\",\n            \"sku\": \"2019-Datacenter\",\n
        \           \"version\": \"latest\"\n          },\n          \"Win2016Datacenter\":
        {\n            \"publisher\": \"MicrosoftWindowsServer\",\n            \"offer\":
        \"WindowsServer\",\n            \"sku\": \"2016-Datacenter\",\n            \"version\":
        \"latest\"\n          },\n          \"Win2012R2Datacenter\": {\n            \"publisher\":
        \"MicrosoftWindowsServer\",\n            \"offer\": \"WindowsServer\",\n            \"sku\":
        \"2012-R2-Datacenter\",\n            \"version\": \"latest\"\n          },\n
        \         \"Win2012Datacenter\": {\n            \"publisher\": \"MicrosoftWindowsServer\",\n
        \           \"offer\": \"WindowsServer\",\n            \"sku\": \"2012-Datacenter\",\n
        \           \"version\": \"latest\"\n          },\n          \"Win2008R2SP1\":
        {\n            \"publisher\": \"MicrosoftWindowsServer\",\n            \"offer\":
        \"WindowsServer\",\n            \"sku\": \"2008-R2-SP1\",\n            \"version\":
        \"latest\"\n          }\n        }\n      }\n    }\n  }\n}\n"
    headers:
      accept-ranges:
      - bytes
      access-control-allow-origin:
      - '*'
      cache-control:
      - max-age=300
      connection:
      - keep-alive
      content-length:
      - '2501'
      content-security-policy:
      - default-src 'none'; style-src 'unsafe-inline'; sandbox
      content-type:
      - text/plain; charset=utf-8
      date:
      - Tue, 25 May 2021 06:02:08 GMT
      etag:
      - W/"540044b4084c3c314537f1baa1770f248628b2bc9ba0328f1004c33862e049da"
      expires:
      - Tue, 25 May 2021 06:07:08 GMT
      source-age:
      - '44'
      strict-transport-security:
      - max-age=31536000
      vary:
      - Authorization,Accept-Encoding
      via:
      - 1.1 varnish
      x-cache:
      - HIT
      x-cache-hits:
      - '1'
      x-content-type-options:
      - nosniff
      x-fastly-request-id:
      - 6530775efeeb781f45bf6623a52749cc3552f206
      x-frame-options:
      - deny
      x-github-request-id:
      - 76E4:7B19:1861EF:259B1D:60AA60F7
      x-served-by:
      - cache-qpg1259-QPG
      x-timer:
      - S1621922529.659576,VS0,VE1
      x-xss-protection:
      - 1; mode=block
    status:
      code: 200
      message: OK
- request:
    body: null
    headers:
      Accept:
      - application/json, text/json
      Accept-Encoding:
      - gzip, deflate
      CommandName:
      - vm create
      Connection:
      - keep-alive
      ParameterSetName:
      - -g -n --admin-username --admin-password --authentication-type --image --nsg-rule
        --no-wait
      User-Agent:
      - AZURECLI/2.24.0 azsdk-python-azure-mgmt-network/18.0.0 Python/3.8.0 (Windows-10-10.0.19041-SP0)
    method: GET
    uri: https://management.azure.com/subscriptions/00000000-0000-0000-0000-000000000000/resourceGroups/cli_test_vm_no_wait000001/providers/Microsoft.Network/virtualNetworks?api-version=2018-01-01
  response:
    body:
      string: '{"value":[]}'
    headers:
      cache-control:
      - no-cache
      content-length:
      - '12'
      content-type:
      - application/json; charset=utf-8
      date:
      - Tue, 25 May 2021 06:02:08 GMT
      expires:
      - '-1'
      pragma:
      - no-cache
      strict-transport-security:
      - max-age=31536000; includeSubDomains
      vary:
      - Accept-Encoding
      x-content-type-options:
      - nosniff
    status:
      code: 200
      message: OK
- request:
    body: '{"properties": {"template": {"$schema": "https://schema.management.azure.com/schemas/2015-01-01/deploymentTemplate.json#",
      "contentVersion": "1.0.0.0", "parameters": {"adminPassword": {"type": "securestring",
      "metadata": {"description": "Secure adminPassword"}}}, "variables": {}, "resources":
      [{"name": "vmnowait2VNET", "type": "Microsoft.Network/virtualNetworks", "location":
      "westus", "apiVersion": "2015-06-15", "dependsOn": [], "tags": {}, "properties":
      {"addressSpace": {"addressPrefixes": ["10.0.0.0/16"]}, "subnets": [{"name":
      "vmnowait2Subnet", "properties": {"addressPrefix": "10.0.0.0/24"}}]}}, {"type":
      "Microsoft.Network/networkSecurityGroups", "name": "vmnowait2NSG", "apiVersion":
      "2015-06-15", "location": "westus", "tags": {}, "dependsOn": []}, {"apiVersion":
      "2018-01-01", "type": "Microsoft.Network/publicIPAddresses", "name": "vmnowait2PublicIP",
      "location": "westus", "tags": {}, "dependsOn": [], "properties": {"publicIPAllocationMethod":
      null}}, {"apiVersion": "2015-06-15", "type": "Microsoft.Network/networkInterfaces",
      "name": "vmnowait2VMNic", "location": "westus", "tags": {}, "dependsOn": ["Microsoft.Network/virtualNetworks/vmnowait2VNET",
      "Microsoft.Network/networkSecurityGroups/vmnowait2NSG", "Microsoft.Network/publicIpAddresses/vmnowait2PublicIP"],
      "properties": {"ipConfigurations": [{"name": "ipconfigvmnowait2", "properties":
      {"privateIPAllocationMethod": "Dynamic", "subnet": {"id": "/subscriptions/00000000-0000-0000-0000-000000000000/resourceGroups/cli_test_vm_no_wait000001/providers/Microsoft.Network/virtualNetworks/vmnowait2VNET/subnets/vmnowait2Subnet"},
      "publicIPAddress": {"id": "/subscriptions/00000000-0000-0000-0000-000000000000/resourceGroups/cli_test_vm_no_wait000001/providers/Microsoft.Network/publicIPAddresses/vmnowait2PublicIP"}}}],
      "networkSecurityGroup": {"id": "/subscriptions/00000000-0000-0000-0000-000000000000/resourceGroups/cli_test_vm_no_wait000001/providers/Microsoft.Network/networkSecurityGroups/vmnowait2NSG"}}},
      {"apiVersion": "2021-03-01", "type": "Microsoft.Compute/virtualMachines", "name":
      "vmnowait2", "location": "westus", "tags": {}, "dependsOn": ["Microsoft.Network/networkInterfaces/vmnowait2VMNic"],
      "properties": {"hardwareProfile": {"vmSize": "Standard_DS1_v2"}, "networkProfile":
      {"networkInterfaces": [{"id": "/subscriptions/00000000-0000-0000-0000-000000000000/resourceGroups/cli_test_vm_no_wait000001/providers/Microsoft.Network/networkInterfaces/vmnowait2VMNic"}]},
      "storageProfile": {"osDisk": {"createOption": "fromImage", "name": null, "caching":
      "ReadWrite", "managedDisk": {"storageAccountType": null}}, "imageReference":
      {"publisher": "Canonical", "offer": "UbuntuServer", "sku": "18.04-LTS", "version":
      "latest"}}, "osProfile": {"computerName": "vmnowait2", "adminUsername": "user12",
      "adminPassword": "[parameters(''adminPassword'')]"}}}], "outputs": {}}, "parameters":
      {"adminPassword": {"value": "testPassword0"}}, "mode": "incremental"}}'
    headers:
      Accept:
      - application/json
      Accept-Encoding:
      - gzip, deflate
      CommandName:
      - vm create
      Connection:
      - keep-alive
      Content-Length:
      - '3135'
      Content-Type:
      - application/json
      ParameterSetName:
      - -g -n --admin-username --admin-password --authentication-type --image --nsg-rule
        --no-wait
      User-Agent:
      - AZURECLI/2.24.0 azsdk-python-azure-mgmt-resource/16.1.0 Python/3.8.0 (Windows-10-10.0.19041-SP0)
    method: PUT
    uri: https://management.azure.com/subscriptions/00000000-0000-0000-0000-000000000000/resourcegroups/cli_test_vm_no_wait000001/providers/Microsoft.Resources/deployments/mock-deployment?api-version=2020-10-01
  response:
    body:
      string: '{"id":"/subscriptions/00000000-0000-0000-0000-000000000000/resourceGroups/cli_test_vm_no_wait000001/providers/Microsoft.Resources/deployments/vm_deploy_GcAqcUyrRr8X980Mvv7tkhf94ZF648d9","name":"vm_deploy_GcAqcUyrRr8X980Mvv7tkhf94ZF648d9","type":"Microsoft.Resources/deployments","properties":{"templateHash":"9578956506296777821","parameters":{"adminPassword":{"type":"SecureString"}},"mode":"Incremental","provisioningState":"Accepted","timestamp":"2021-05-25T06:02:12.5803801Z","duration":"PT1.9546009S","correlationId":"cc23c914-b8a7-4007-98ba-abedc05162ed","providers":[{"namespace":"Microsoft.Network","resourceTypes":[{"resourceType":"virtualNetworks","locations":["westus"]},{"resourceType":"networkSecurityGroups","locations":["westus"]},{"resourceType":"publicIPAddresses","locations":["westus"]},{"resourceType":"networkInterfaces","locations":["westus"]}]},{"namespace":"Microsoft.Compute","resourceTypes":[{"resourceType":"virtualMachines","locations":["westus"]}]}],"dependencies":[{"dependsOn":[{"id":"/subscriptions/00000000-0000-0000-0000-000000000000/resourceGroups/cli_test_vm_no_wait000001/providers/Microsoft.Network/virtualNetworks/vmnowait2VNET","resourceType":"Microsoft.Network/virtualNetworks","resourceName":"vmnowait2VNET"},{"id":"/subscriptions/00000000-0000-0000-0000-000000000000/resourceGroups/cli_test_vm_no_wait000001/providers/Microsoft.Network/networkSecurityGroups/vmnowait2NSG","resourceType":"Microsoft.Network/networkSecurityGroups","resourceName":"vmnowait2NSG"},{"id":"/subscriptions/00000000-0000-0000-0000-000000000000/resourceGroups/cli_test_vm_no_wait000001/providers/Microsoft.Network/publicIPAddresses/vmnowait2PublicIP","resourceType":"Microsoft.Network/publicIPAddresses","resourceName":"vmnowait2PublicIP"}],"id":"/subscriptions/00000000-0000-0000-0000-000000000000/resourceGroups/cli_test_vm_no_wait000001/providers/Microsoft.Network/networkInterfaces/vmnowait2VMNic","resourceType":"Microsoft.Network/networkInterfaces","resourceName":"vmnowait2VMNic"},{"dependsOn":[{"id":"/subscriptions/00000000-0000-0000-0000-000000000000/resourceGroups/cli_test_vm_no_wait000001/providers/Microsoft.Network/networkInterfaces/vmnowait2VMNic","resourceType":"Microsoft.Network/networkInterfaces","resourceName":"vmnowait2VMNic"}],"id":"/subscriptions/00000000-0000-0000-0000-000000000000/resourceGroups/cli_test_vm_no_wait000001/providers/Microsoft.Compute/virtualMachines/vmnowait2","resourceType":"Microsoft.Compute/virtualMachines","resourceName":"vmnowait2"}]}}'
    headers:
      azure-asyncoperation:
      - https://management.azure.com/subscriptions/00000000-0000-0000-0000-000000000000/resourcegroups/cli_test_vm_no_wait000001/providers/Microsoft.Resources/deployments/vm_deploy_GcAqcUyrRr8X980Mvv7tkhf94ZF648d9/operationStatuses/08585796843548518536?api-version=2020-10-01
      cache-control:
      - no-cache
      content-length:
      - '2853'
      content-type:
      - application/json; charset=utf-8
      date:
      - Tue, 25 May 2021 06:02:13 GMT
      expires:
      - '-1'
      pragma:
      - no-cache
      strict-transport-security:
      - max-age=31536000; includeSubDomains
      x-content-type-options:
      - nosniff
      x-ms-ratelimit-remaining-subscription-writes:
      - '1191'
    status:
      code: 201
      message: Created
- request:
    body: null
    headers:
      Accept:
      - application/json
      Accept-Encoding:
      - gzip, deflate
      CommandName:
      - vm wait
      Connection:
      - keep-alive
      ParameterSetName:
      - -g -n --custom
      User-Agent:
      - AZURECLI/2.24.0 azsdk-python-azure-mgmt-compute/21.0.0 Python/3.8.0 (Windows-10-10.0.19041-SP0)
    method: GET
    uri: https://management.azure.com/subscriptions/00000000-0000-0000-0000-000000000000/resourceGroups/cli_test_vm_no_wait000001/providers/Microsoft.Compute/virtualMachines/vmnowait2?$expand=instanceView&api-version=2021-03-01
  response:
    body:
      string: "{\r\n  \"name\": \"vmnowait2\",\r\n  \"id\": \"/subscriptions/00000000-0000-0000-0000-000000000000/resourceGroups/cli_test_vm_no_wait000001/providers/Microsoft.Compute/virtualMachines/vmnowait2\",\r\n
        \ \"type\": \"Microsoft.Compute/virtualMachines\",\r\n  \"location\": \"westus\",\r\n
        \ \"tags\": {},\r\n  \"properties\": {\r\n    \"vmId\": \"f3f0ea7b-33ca-4033-bb2e-e2c6a45f3d31\",\r\n
        \   \"hardwareProfile\": {\r\n      \"vmSize\": \"Standard_DS1_v2\"\r\n    },\r\n
        \   \"storageProfile\": {\r\n      \"imageReference\": {\r\n        \"publisher\":
        \"Canonical\",\r\n        \"offer\": \"UbuntuServer\",\r\n        \"sku\":
        \"18.04-LTS\",\r\n        \"version\": \"latest\",\r\n        \"exactVersion\":
        \"18.04.202105120\"\r\n      },\r\n      \"osDisk\": {\r\n        \"osType\":
        \"Linux\",\r\n        \"name\": \"vmnowait2_OsDisk_1_78c98fa396024a66ade68541f4112e21\",\r\n
        \       \"createOption\": \"FromImage\",\r\n        \"caching\": \"ReadWrite\",\r\n
        \       \"managedDisk\": {\r\n          \"storageAccountType\": \"Premium_LRS\",\r\n
        \         \"id\": \"/subscriptions/00000000-0000-0000-0000-000000000000/resourceGroups/cli_test_vm_no_wait000001/providers/Microsoft.Compute/disks/vmnowait2_OsDisk_1_78c98fa396024a66ade68541f4112e21\"\r\n
        \       },\r\n        \"diskSizeGB\": 30,\r\n        \"deleteOption\": \"Detach\"\r\n
        \     },\r\n      \"dataDisks\": []\r\n    },\r\n    \"osProfile\": {\r\n
        \     \"computerName\": \"vmnowait2\",\r\n      \"adminUsername\": \"user12\",\r\n
        \     \"linuxConfiguration\": {\r\n        \"disablePasswordAuthentication\":
        false,\r\n        \"provisionVMAgent\": true,\r\n        \"patchSettings\":
        {\r\n          \"patchMode\": \"ImageDefault\",\r\n          \"assessmentMode\":
        \"ImageDefault\"\r\n        }\r\n      },\r\n      \"secrets\": [],\r\n      \"allowExtensionOperations\":
        true,\r\n      \"requireGuestProvisionSignal\": true\r\n    },\r\n    \"networkProfile\":
        {\"networkInterfaces\":[{\"id\":\"/subscriptions/00000000-0000-0000-0000-000000000000/resourceGroups/cli_test_vm_no_wait000001/providers/Microsoft.Network/networkInterfaces/vmnowait2VMNic\"}]},\r\n
        \   \"provisioningState\": \"Creating\",\r\n    \"instanceView\": {\r\n      \"disks\":
        [\r\n        {\r\n          \"name\": \"vmnowait2_OsDisk_1_78c98fa396024a66ade68541f4112e21\",\r\n
        \         \"statuses\": [\r\n            {\r\n              \"code\": \"ProvisioningState/succeeded\",\r\n
        \             \"level\": \"Info\",\r\n              \"displayStatus\": \"Provisioning
        succeeded\",\r\n              \"time\": \"2021-05-25T06:02:43.1473739+00:00\"\r\n
        \           }\r\n          ]\r\n        }\r\n      ],\r\n      \"hyperVGeneration\":
        \"V1\",\r\n      \"statuses\": [\r\n        {\r\n          \"code\": \"ProvisioningState/creating\",\r\n
        \         \"level\": \"Info\",\r\n          \"displayStatus\": \"Creating\"\r\n
        \       }\r\n      ]\r\n    }\r\n  }\r\n}"
    headers:
      cache-control:
      - no-cache
      content-length:
      - '2707'
      content-type:
      - application/json; charset=utf-8
      date:
      - Tue, 25 May 2021 06:02:44 GMT
      expires:
      - '-1'
      pragma:
      - no-cache
      server:
      - Microsoft-HTTPAPI/2.0
      - Microsoft-HTTPAPI/2.0
      strict-transport-security:
      - max-age=31536000; includeSubDomains
      transfer-encoding:
      - chunked
      vary:
      - Accept-Encoding
      x-content-type-options:
      - nosniff
      x-ms-ratelimit-remaining-resource:
      - Microsoft.Compute/LowCostGet3Min;3971,Microsoft.Compute/LowCostGet30Min;31882
    status:
      code: 200
      message: OK
- request:
    body: null
    headers:
      Accept:
      - application/json
      Accept-Encoding:
      - gzip, deflate
      CommandName:
      - vm wait
      Connection:
      - keep-alive
      ParameterSetName:
      - -g -n --custom
      User-Agent:
      - AZURECLI/2.24.0 azsdk-python-azure-mgmt-compute/21.0.0 Python/3.8.0 (Windows-10-10.0.19041-SP0)
    method: GET
    uri: https://management.azure.com/subscriptions/00000000-0000-0000-0000-000000000000/resourceGroups/cli_test_vm_no_wait000001/providers/Microsoft.Compute/virtualMachines/vmnowait2?$expand=instanceView&api-version=2021-03-01
  response:
    body:
      string: "{\r\n  \"name\": \"vmnowait2\",\r\n  \"id\": \"/subscriptions/00000000-0000-0000-0000-000000000000/resourceGroups/cli_test_vm_no_wait000001/providers/Microsoft.Compute/virtualMachines/vmnowait2\",\r\n
        \ \"type\": \"Microsoft.Compute/virtualMachines\",\r\n  \"location\": \"westus\",\r\n
        \ \"tags\": {},\r\n  \"properties\": {\r\n    \"vmId\": \"f3f0ea7b-33ca-4033-bb2e-e2c6a45f3d31\",\r\n
        \   \"hardwareProfile\": {\r\n      \"vmSize\": \"Standard_DS1_v2\"\r\n    },\r\n
        \   \"storageProfile\": {\r\n      \"imageReference\": {\r\n        \"publisher\":
        \"Canonical\",\r\n        \"offer\": \"UbuntuServer\",\r\n        \"sku\":
        \"18.04-LTS\",\r\n        \"version\": \"latest\",\r\n        \"exactVersion\":
        \"18.04.202105120\"\r\n      },\r\n      \"osDisk\": {\r\n        \"osType\":
        \"Linux\",\r\n        \"name\": \"vmnowait2_OsDisk_1_78c98fa396024a66ade68541f4112e21\",\r\n
        \       \"createOption\": \"FromImage\",\r\n        \"caching\": \"ReadWrite\",\r\n
        \       \"managedDisk\": {\r\n          \"storageAccountType\": \"Premium_LRS\",\r\n
        \         \"id\": \"/subscriptions/00000000-0000-0000-0000-000000000000/resourceGroups/cli_test_vm_no_wait000001/providers/Microsoft.Compute/disks/vmnowait2_OsDisk_1_78c98fa396024a66ade68541f4112e21\"\r\n
        \       },\r\n        \"diskSizeGB\": 30,\r\n        \"deleteOption\": \"Detach\"\r\n
        \     },\r\n      \"dataDisks\": []\r\n    },\r\n    \"osProfile\": {\r\n
        \     \"computerName\": \"vmnowait2\",\r\n      \"adminUsername\": \"user12\",\r\n
        \     \"linuxConfiguration\": {\r\n        \"disablePasswordAuthentication\":
        false,\r\n        \"provisionVMAgent\": true,\r\n        \"patchSettings\":
        {\r\n          \"patchMode\": \"ImageDefault\",\r\n          \"assessmentMode\":
        \"ImageDefault\"\r\n        }\r\n      },\r\n      \"secrets\": [],\r\n      \"allowExtensionOperations\":
        true,\r\n      \"requireGuestProvisionSignal\": true\r\n    },\r\n    \"networkProfile\":
        {\"networkInterfaces\":[{\"id\":\"/subscriptions/00000000-0000-0000-0000-000000000000/resourceGroups/cli_test_vm_no_wait000001/providers/Microsoft.Network/networkInterfaces/vmnowait2VMNic\"}]},\r\n
        \   \"provisioningState\": \"Creating\",\r\n    \"instanceView\": {\r\n      \"disks\":
        [\r\n        {\r\n          \"name\": \"vmnowait2_OsDisk_1_78c98fa396024a66ade68541f4112e21\",\r\n
        \         \"statuses\": [\r\n            {\r\n              \"code\": \"ProvisioningState/succeeded\",\r\n
        \             \"level\": \"Info\",\r\n              \"displayStatus\": \"Provisioning
        succeeded\",\r\n              \"time\": \"2021-05-25T06:02:43.1473739+00:00\"\r\n
        \           }\r\n          ]\r\n        }\r\n      ],\r\n      \"hyperVGeneration\":
        \"V1\",\r\n      \"statuses\": [\r\n        {\r\n          \"code\": \"ProvisioningState/creating\",\r\n
        \         \"level\": \"Info\",\r\n          \"displayStatus\": \"Creating\"\r\n
        \       },\r\n        {\r\n          \"code\": \"PowerState/running\",\r\n
        \         \"level\": \"Info\",\r\n          \"displayStatus\": \"VM running\"\r\n
        \       }\r\n      ]\r\n    }\r\n  }\r\n}"
    headers:
      cache-control:
      - no-cache
      content-length:
      - '2840'
      content-type:
      - application/json; charset=utf-8
      date:
      - Tue, 25 May 2021 06:03:15 GMT
      expires:
      - '-1'
      pragma:
      - no-cache
      server:
      - Microsoft-HTTPAPI/2.0
      - Microsoft-HTTPAPI/2.0
      strict-transport-security:
      - max-age=31536000; includeSubDomains
      transfer-encoding:
      - chunked
      vary:
      - Accept-Encoding
      x-content-type-options:
      - nosniff
      x-ms-ratelimit-remaining-resource:
      - Microsoft.Compute/LowCostGet3Min;3967,Microsoft.Compute/LowCostGet30Min;31876
    status:
      code: 200
      message: OK
- request:
    body: null
    headers:
      Accept:
      - application/json
      Accept-Encoding:
      - gzip, deflate
      CommandName:
      - vm get-instance-view
      Connection:
      - keep-alive
      ParameterSetName:
      - -g -n
      User-Agent:
      - AZURECLI/2.24.0 azsdk-python-azure-mgmt-compute/21.0.0 Python/3.8.0 (Windows-10-10.0.19041-SP0)
    method: GET
    uri: https://management.azure.com/subscriptions/00000000-0000-0000-0000-000000000000/resourceGroups/cli_test_vm_no_wait000001/providers/Microsoft.Compute/virtualMachines/vmnowait2?$expand=instanceView&api-version=2021-03-01
  response:
    body:
      string: "{\r\n  \"name\": \"vmnowait2\",\r\n  \"id\": \"/subscriptions/00000000-0000-0000-0000-000000000000/resourceGroups/cli_test_vm_no_wait000001/providers/Microsoft.Compute/virtualMachines/vmnowait2\",\r\n
        \ \"type\": \"Microsoft.Compute/virtualMachines\",\r\n  \"location\": \"westus\",\r\n
        \ \"tags\": {},\r\n  \"properties\": {\r\n    \"vmId\": \"f3f0ea7b-33ca-4033-bb2e-e2c6a45f3d31\",\r\n
        \   \"hardwareProfile\": {\r\n      \"vmSize\": \"Standard_DS1_v2\"\r\n    },\r\n
        \   \"storageProfile\": {\r\n      \"imageReference\": {\r\n        \"publisher\":
        \"Canonical\",\r\n        \"offer\": \"UbuntuServer\",\r\n        \"sku\":
        \"18.04-LTS\",\r\n        \"version\": \"latest\",\r\n        \"exactVersion\":
        \"18.04.202105120\"\r\n      },\r\n      \"osDisk\": {\r\n        \"osType\":
        \"Linux\",\r\n        \"name\": \"vmnowait2_OsDisk_1_78c98fa396024a66ade68541f4112e21\",\r\n
        \       \"createOption\": \"FromImage\",\r\n        \"caching\": \"ReadWrite\",\r\n
        \       \"managedDisk\": {\r\n          \"storageAccountType\": \"Premium_LRS\",\r\n
        \         \"id\": \"/subscriptions/00000000-0000-0000-0000-000000000000/resourceGroups/cli_test_vm_no_wait000001/providers/Microsoft.Compute/disks/vmnowait2_OsDisk_1_78c98fa396024a66ade68541f4112e21\"\r\n
        \       },\r\n        \"diskSizeGB\": 30,\r\n        \"deleteOption\": \"Detach\"\r\n
        \     },\r\n      \"dataDisks\": []\r\n    },\r\n    \"osProfile\": {\r\n
        \     \"computerName\": \"vmnowait2\",\r\n      \"adminUsername\": \"user12\",\r\n
        \     \"linuxConfiguration\": {\r\n        \"disablePasswordAuthentication\":
        false,\r\n        \"provisionVMAgent\": true,\r\n        \"patchSettings\":
        {\r\n          \"patchMode\": \"ImageDefault\",\r\n          \"assessmentMode\":
        \"ImageDefault\"\r\n        }\r\n      },\r\n      \"secrets\": [],\r\n      \"allowExtensionOperations\":
        true,\r\n      \"requireGuestProvisionSignal\": true\r\n    },\r\n    \"networkProfile\":
        {\"networkInterfaces\":[{\"id\":\"/subscriptions/00000000-0000-0000-0000-000000000000/resourceGroups/cli_test_vm_no_wait000001/providers/Microsoft.Network/networkInterfaces/vmnowait2VMNic\"}]},\r\n
        \   \"provisioningState\": \"Creating\",\r\n    \"instanceView\": {\r\n      \"disks\":
        [\r\n        {\r\n          \"name\": \"vmnowait2_OsDisk_1_78c98fa396024a66ade68541f4112e21\",\r\n
        \         \"statuses\": [\r\n            {\r\n              \"code\": \"ProvisioningState/succeeded\",\r\n
        \             \"level\": \"Info\",\r\n              \"displayStatus\": \"Provisioning
        succeeded\",\r\n              \"time\": \"2021-05-25T06:02:43.1473739+00:00\"\r\n
        \           }\r\n          ]\r\n        }\r\n      ],\r\n      \"hyperVGeneration\":
        \"V1\",\r\n      \"statuses\": [\r\n        {\r\n          \"code\": \"ProvisioningState/creating\",\r\n
        \         \"level\": \"Info\",\r\n          \"displayStatus\": \"Creating\"\r\n
        \       },\r\n        {\r\n          \"code\": \"PowerState/running\",\r\n
        \         \"level\": \"Info\",\r\n          \"displayStatus\": \"VM running\"\r\n
        \       }\r\n      ]\r\n    }\r\n  }\r\n}"
    headers:
      cache-control:
      - no-cache
      content-length:
      - '2840'
      content-type:
      - application/json; charset=utf-8
      date:
      - Tue, 25 May 2021 06:03:15 GMT
      expires:
      - '-1'
      pragma:
      - no-cache
      server:
      - Microsoft-HTTPAPI/2.0
      - Microsoft-HTTPAPI/2.0
      strict-transport-security:
      - max-age=31536000; includeSubDomains
      transfer-encoding:
      - chunked
      vary:
      - Accept-Encoding
      x-content-type-options:
      - nosniff
      x-ms-ratelimit-remaining-resource:
      - Microsoft.Compute/LowCostGet3Min;3965,Microsoft.Compute/LowCostGet30Min;31874
    status:
      code: 200
      message: OK
- request:
    body: null
    headers:
      Accept:
      - application/json
      Accept-Encoding:
      - gzip, deflate
      CommandName:
      - vm update
      Connection:
      - keep-alive
      ParameterSetName:
      - -g -n --set --no-wait
      User-Agent:
      - AZURECLI/2.24.0 azsdk-python-azure-mgmt-compute/21.0.0 Python/3.8.0 (Windows-10-10.0.19041-SP0)
    method: GET
    uri: https://management.azure.com/subscriptions/00000000-0000-0000-0000-000000000000/resourceGroups/cli_test_vm_no_wait000001/providers/Microsoft.Compute/virtualMachines/vmnowait2?api-version=2021-03-01
  response:
    body:
      string: "{\r\n  \"name\": \"vmnowait2\",\r\n  \"id\": \"/subscriptions/00000000-0000-0000-0000-000000000000/resourceGroups/cli_test_vm_no_wait000001/providers/Microsoft.Compute/virtualMachines/vmnowait2\",\r\n
        \ \"type\": \"Microsoft.Compute/virtualMachines\",\r\n  \"location\": \"westus\",\r\n
        \ \"tags\": {},\r\n  \"properties\": {\r\n    \"vmId\": \"f3f0ea7b-33ca-4033-bb2e-e2c6a45f3d31\",\r\n
        \   \"hardwareProfile\": {\r\n      \"vmSize\": \"Standard_DS1_v2\"\r\n    },\r\n
        \   \"storageProfile\": {\r\n      \"imageReference\": {\r\n        \"publisher\":
        \"Canonical\",\r\n        \"offer\": \"UbuntuServer\",\r\n        \"sku\":
        \"18.04-LTS\",\r\n        \"version\": \"latest\",\r\n        \"exactVersion\":
        \"18.04.202105120\"\r\n      },\r\n      \"osDisk\": {\r\n        \"osType\":
        \"Linux\",\r\n        \"name\": \"vmnowait2_OsDisk_1_78c98fa396024a66ade68541f4112e21\",\r\n
        \       \"createOption\": \"FromImage\",\r\n        \"caching\": \"ReadWrite\",\r\n
        \       \"managedDisk\": {\r\n          \"storageAccountType\": \"Premium_LRS\",\r\n
        \         \"id\": \"/subscriptions/00000000-0000-0000-0000-000000000000/resourceGroups/cli_test_vm_no_wait000001/providers/Microsoft.Compute/disks/vmnowait2_OsDisk_1_78c98fa396024a66ade68541f4112e21\"\r\n
        \       },\r\n        \"diskSizeGB\": 30,\r\n        \"deleteOption\": \"Detach\"\r\n
        \     },\r\n      \"dataDisks\": []\r\n    },\r\n    \"osProfile\": {\r\n
        \     \"computerName\": \"vmnowait2\",\r\n      \"adminUsername\": \"user12\",\r\n
        \     \"linuxConfiguration\": {\r\n        \"disablePasswordAuthentication\":
        false,\r\n        \"provisionVMAgent\": true,\r\n        \"patchSettings\":
        {\r\n          \"patchMode\": \"ImageDefault\",\r\n          \"assessmentMode\":
        \"ImageDefault\"\r\n        }\r\n      },\r\n      \"secrets\": [],\r\n      \"allowExtensionOperations\":
        true,\r\n      \"requireGuestProvisionSignal\": true\r\n    },\r\n    \"networkProfile\":
        {\"networkInterfaces\":[{\"id\":\"/subscriptions/00000000-0000-0000-0000-000000000000/resourceGroups/cli_test_vm_no_wait000001/providers/Microsoft.Network/networkInterfaces/vmnowait2VMNic\"}]},\r\n
        \   \"provisioningState\": \"Creating\"\r\n  }\r\n}"
    headers:
      cache-control:
      - no-cache
      content-length:
      - '2080'
      content-type:
      - application/json; charset=utf-8
      date:
      - Tue, 25 May 2021 06:03:15 GMT
      expires:
      - '-1'
      pragma:
      - no-cache
      server:
      - Microsoft-HTTPAPI/2.0
      - Microsoft-HTTPAPI/2.0
      strict-transport-security:
      - max-age=31536000; includeSubDomains
      transfer-encoding:
      - chunked
      vary:
      - Accept-Encoding
      x-content-type-options:
      - nosniff
      x-ms-ratelimit-remaining-resource:
      - Microsoft.Compute/LowCostGet3Min;3964,Microsoft.Compute/LowCostGet30Min;31873
    status:
      code: 200
      message: OK
- request:
    body: '{"location": "westus", "tags": {"mytag": "tagvalue1"}, "properties": {"hardwareProfile":
      {"vmSize": "Standard_DS1_v2"}, "storageProfile": {"osDisk": {"osType": "Linux",
      "name": "vmnowait2_OsDisk_1_78c98fa396024a66ade68541f4112e21", "caching": "ReadWrite",
      "createOption": "FromImage", "diskSizeGB": 30, "managedDisk": {"id": "/subscriptions/00000000-0000-0000-0000-000000000000/resourceGroups/cli_test_vm_no_wait000001/providers/Microsoft.Compute/disks/vmnowait2_OsDisk_1_78c98fa396024a66ade68541f4112e21",
      "storageAccountType": "Premium_LRS"}, "deleteOption": "Detach"}, "dataDisks":
      []}, "osProfile": {"computerName": "vmnowait2", "adminUsername": "user12", "linuxConfiguration":
      {"disablePasswordAuthentication": false, "provisionVMAgent": true, "patchSettings":
      {"patchMode": "ImageDefault", "assessmentMode": "ImageDefault"}}, "secrets":
      [], "allowExtensionOperations": true, "requireGuestProvisionSignal": true},
      "networkProfile": {"networkInterfaces": [{"id": "/subscriptions/00000000-0000-0000-0000-000000000000/resourceGroups/cli_test_vm_no_wait000001/providers/Microsoft.Network/networkInterfaces/vmnowait2VMNic"}]}}}'
    headers:
      Accept:
      - application/json
      Accept-Encoding:
      - gzip, deflate
      CommandName:
      - vm update
      Connection:
      - keep-alive
      Content-Length:
      - '1227'
      Content-Type:
      - application/json
      ParameterSetName:
      - -g -n --set --no-wait
      User-Agent:
      - AZURECLI/2.24.0 azsdk-python-azure-mgmt-compute/21.0.0 Python/3.8.0 (Windows-10-10.0.19041-SP0)
    method: PUT
    uri: https://management.azure.com/subscriptions/00000000-0000-0000-0000-000000000000/resourceGroups/cli_test_vm_no_wait000001/providers/Microsoft.Compute/virtualMachines/vmnowait2?api-version=2021-03-01
  response:
    body:
      string: "{\r\n  \"name\": \"vmnowait2\",\r\n  \"id\": \"/subscriptions/00000000-0000-0000-0000-000000000000/resourceGroups/cli_test_vm_no_wait000001/providers/Microsoft.Compute/virtualMachines/vmnowait2\",\r\n
        \ \"type\": \"Microsoft.Compute/virtualMachines\",\r\n  \"location\": \"westus\",\r\n
        \ \"tags\": {\r\n    \"mytag\": \"tagvalue1\"\r\n  },\r\n  \"properties\":
        {\r\n    \"vmId\": \"f3f0ea7b-33ca-4033-bb2e-e2c6a45f3d31\",\r\n    \"hardwareProfile\":
        {\r\n      \"vmSize\": \"Standard_DS1_v2\"\r\n    },\r\n    \"storageProfile\":
        {\r\n      \"imageReference\": {\r\n        \"publisher\": \"Canonical\",\r\n
        \       \"offer\": \"UbuntuServer\",\r\n        \"sku\": \"18.04-LTS\",\r\n
        \       \"version\": \"latest\",\r\n        \"exactVersion\": \"18.04.202105120\"\r\n
        \     },\r\n      \"osDisk\": {\r\n        \"osType\": \"Linux\",\r\n        \"name\":
        \"vmnowait2_OsDisk_1_78c98fa396024a66ade68541f4112e21\",\r\n        \"createOption\":
        \"FromImage\",\r\n        \"caching\": \"ReadWrite\",\r\n        \"managedDisk\":
        {\r\n          \"storageAccountType\": \"Premium_LRS\",\r\n          \"id\":
        \"/subscriptions/00000000-0000-0000-0000-000000000000/resourceGroups/cli_test_vm_no_wait000001/providers/Microsoft.Compute/disks/vmnowait2_OsDisk_1_78c98fa396024a66ade68541f4112e21\"\r\n
        \       },\r\n        \"diskSizeGB\": 30,\r\n        \"deleteOption\": \"Detach\"\r\n
        \     },\r\n      \"dataDisks\": []\r\n    },\r\n    \"osProfile\": {\r\n
        \     \"computerName\": \"vmnowait2\",\r\n      \"adminUsername\": \"user12\",\r\n
        \     \"linuxConfiguration\": {\r\n        \"disablePasswordAuthentication\":
        false,\r\n        \"provisionVMAgent\": true,\r\n        \"patchSettings\":
        {\r\n          \"patchMode\": \"ImageDefault\",\r\n          \"assessmentMode\":
        \"ImageDefault\"\r\n        }\r\n      },\r\n      \"secrets\": [],\r\n      \"allowExtensionOperations\":
        true,\r\n      \"requireGuestProvisionSignal\": true\r\n    },\r\n    \"networkProfile\":
        {\"networkInterfaces\":[{\"id\":\"/subscriptions/00000000-0000-0000-0000-000000000000/resourceGroups/cli_test_vm_no_wait000001/providers/Microsoft.Network/networkInterfaces/vmnowait2VMNic\"}]},\r\n
        \   \"provisioningState\": \"Updating\"\r\n  }\r\n}"
    headers:
      azure-asyncnotification:
      - Enabled
      azure-asyncoperation:
      - https://management.azure.com/subscriptions/00000000-0000-0000-0000-000000000000/providers/Microsoft.Compute/locations/westus/operations/335d1385-d065-4a91-93f8-50cfd51b37c6?api-version=2021-03-01
      cache-control:
      - no-cache
      content-length:
      - '2110'
      content-type:
      - application/json; charset=utf-8
      date:
      - Tue, 25 May 2021 06:03:20 GMT
      expires:
      - '-1'
      pragma:
      - no-cache
      server:
      - Microsoft-HTTPAPI/2.0
      - Microsoft-HTTPAPI/2.0
      strict-transport-security:
      - max-age=31536000; includeSubDomains
      transfer-encoding:
      - chunked
      vary:
      - Accept-Encoding
      x-content-type-options:
      - nosniff
      x-ms-ratelimit-remaining-resource:
      - Microsoft.Compute/PutVM3Min;234,Microsoft.Compute/PutVM30Min;1184
      x-ms-ratelimit-remaining-subscription-writes:
      - '1195'
    status:
      code: 200
      message: OK
- request:
    body: null
    headers:
      Accept:
      - application/json
      Accept-Encoding:
      - gzip, deflate
      CommandName:
      - vm wait
      Connection:
      - keep-alive
      ParameterSetName:
      - -g -n --updated
      User-Agent:
      - AZURECLI/2.24.0 azsdk-python-azure-mgmt-compute/21.0.0 Python/3.8.0 (Windows-10-10.0.19041-SP0)
    method: GET
    uri: https://management.azure.com/subscriptions/00000000-0000-0000-0000-000000000000/resourceGroups/cli_test_vm_no_wait000001/providers/Microsoft.Compute/virtualMachines/vmnowait2?$expand=instanceView&api-version=2021-03-01
  response:
    body:
      string: "{\r\n  \"name\": \"vmnowait2\",\r\n  \"id\": \"/subscriptions/00000000-0000-0000-0000-000000000000/resourceGroups/cli_test_vm_no_wait000001/providers/Microsoft.Compute/virtualMachines/vmnowait2\",\r\n
        \ \"type\": \"Microsoft.Compute/virtualMachines\",\r\n  \"location\": \"westus\",\r\n
        \ \"tags\": {\r\n    \"mytag\": \"tagvalue1\"\r\n  },\r\n  \"properties\":
        {\r\n    \"vmId\": \"f3f0ea7b-33ca-4033-bb2e-e2c6a45f3d31\",\r\n    \"hardwareProfile\":
        {\r\n      \"vmSize\": \"Standard_DS1_v2\"\r\n    },\r\n    \"storageProfile\":
        {\r\n      \"imageReference\": {\r\n        \"publisher\": \"Canonical\",\r\n
        \       \"offer\": \"UbuntuServer\",\r\n        \"sku\": \"18.04-LTS\",\r\n
        \       \"version\": \"latest\",\r\n        \"exactVersion\": \"18.04.202105120\"\r\n
        \     },\r\n      \"osDisk\": {\r\n        \"osType\": \"Linux\",\r\n        \"name\":
        \"vmnowait2_OsDisk_1_78c98fa396024a66ade68541f4112e21\",\r\n        \"createOption\":
        \"FromImage\",\r\n        \"caching\": \"ReadWrite\",\r\n        \"managedDisk\":
        {\r\n          \"storageAccountType\": \"Premium_LRS\",\r\n          \"id\":
        \"/subscriptions/00000000-0000-0000-0000-000000000000/resourceGroups/cli_test_vm_no_wait000001/providers/Microsoft.Compute/disks/vmnowait2_OsDisk_1_78c98fa396024a66ade68541f4112e21\"\r\n
        \       },\r\n        \"diskSizeGB\": 30,\r\n        \"deleteOption\": \"Detach\"\r\n
        \     },\r\n      \"dataDisks\": []\r\n    },\r\n    \"osProfile\": {\r\n
        \     \"computerName\": \"vmnowait2\",\r\n      \"adminUsername\": \"user12\",\r\n
        \     \"linuxConfiguration\": {\r\n        \"disablePasswordAuthentication\":
        false,\r\n        \"provisionVMAgent\": true,\r\n        \"patchSettings\":
        {\r\n          \"patchMode\": \"ImageDefault\",\r\n          \"assessmentMode\":
        \"ImageDefault\"\r\n        }\r\n      },\r\n      \"secrets\": [],\r\n      \"allowExtensionOperations\":
        true,\r\n      \"requireGuestProvisionSignal\": true\r\n    },\r\n    \"networkProfile\":
        {\"networkInterfaces\":[{\"id\":\"/subscriptions/00000000-0000-0000-0000-000000000000/resourceGroups/cli_test_vm_no_wait000001/providers/Microsoft.Network/networkInterfaces/vmnowait2VMNic\"}]},\r\n
        \   \"provisioningState\": \"Creating\",\r\n    \"instanceView\": {\r\n      \"vmAgent\":
        {\r\n        \"vmAgentVersion\": \"Unknown\",\r\n        \"statuses\": [\r\n
        \         {\r\n            \"code\": \"ProvisioningState/Unavailable\",\r\n
        \           \"level\": \"Warning\",\r\n            \"displayStatus\": \"Not
        Ready\",\r\n            \"message\": \"VM status blob is found but not yet
        populated.\",\r\n            \"time\": \"2021-05-25T06:03:21+00:00\"\r\n          }\r\n
        \       ]\r\n      },\r\n      \"disks\": [\r\n        {\r\n          \"name\":
        \"vmnowait2_OsDisk_1_78c98fa396024a66ade68541f4112e21\",\r\n          \"statuses\":
        [\r\n            {\r\n              \"code\": \"ProvisioningState/succeeded\",\r\n
        \             \"level\": \"Info\",\r\n              \"displayStatus\": \"Provisioning
        succeeded\",\r\n              \"time\": \"2021-05-25T06:02:43.1473739+00:00\"\r\n
        \           }\r\n          ]\r\n        }\r\n      ],\r\n      \"hyperVGeneration\":
        \"V1\",\r\n      \"statuses\": [\r\n        {\r\n          \"code\": \"ProvisioningState/creating\",\r\n
        \         \"level\": \"Info\",\r\n          \"displayStatus\": \"Creating\"\r\n
        \       },\r\n        {\r\n          \"code\": \"PowerState/running\",\r\n
        \         \"level\": \"Info\",\r\n          \"displayStatus\": \"VM running\"\r\n
        \       }\r\n      ]\r\n    }\r\n  }\r\n}"
    headers:
      cache-control:
      - no-cache
      content-length:
      - '3251'
      content-type:
      - application/json; charset=utf-8
      date:
      - Tue, 25 May 2021 06:03:21 GMT
      expires:
      - '-1'
      pragma:
      - no-cache
      server:
      - Microsoft-HTTPAPI/2.0
      - Microsoft-HTTPAPI/2.0
      strict-transport-security:
      - max-age=31536000; includeSubDomains
      transfer-encoding:
      - chunked
      vary:
      - Accept-Encoding
      x-content-type-options:
      - nosniff
      x-ms-ratelimit-remaining-resource:
      - Microsoft.Compute/LowCostGet3Min;3963,Microsoft.Compute/LowCostGet30Min;31872
    status:
      code: 200
      message: OK
- request:
    body: null
    headers:
      Accept:
      - application/json
      Accept-Encoding:
      - gzip, deflate
      CommandName:
      - vm wait
      Connection:
      - keep-alive
      ParameterSetName:
      - -g -n --updated
      User-Agent:
      - AZURECLI/2.24.0 azsdk-python-azure-mgmt-compute/21.0.0 Python/3.8.0 (Windows-10-10.0.19041-SP0)
    method: GET
    uri: https://management.azure.com/subscriptions/00000000-0000-0000-0000-000000000000/resourceGroups/cli_test_vm_no_wait000001/providers/Microsoft.Compute/virtualMachines/vmnowait2?$expand=instanceView&api-version=2021-03-01
  response:
    body:
      string: "{\r\n  \"name\": \"vmnowait2\",\r\n  \"id\": \"/subscriptions/00000000-0000-0000-0000-000000000000/resourceGroups/cli_test_vm_no_wait000001/providers/Microsoft.Compute/virtualMachines/vmnowait2\",\r\n
        \ \"type\": \"Microsoft.Compute/virtualMachines\",\r\n  \"location\": \"westus\",\r\n
        \ \"tags\": {\r\n    \"mytag\": \"tagvalue1\"\r\n  },\r\n  \"properties\":
        {\r\n    \"vmId\": \"f3f0ea7b-33ca-4033-bb2e-e2c6a45f3d31\",\r\n    \"hardwareProfile\":
        {\r\n      \"vmSize\": \"Standard_DS1_v2\"\r\n    },\r\n    \"storageProfile\":
        {\r\n      \"imageReference\": {\r\n        \"publisher\": \"Canonical\",\r\n
        \       \"offer\": \"UbuntuServer\",\r\n        \"sku\": \"18.04-LTS\",\r\n
        \       \"version\": \"latest\",\r\n        \"exactVersion\": \"18.04.202105120\"\r\n
        \     },\r\n      \"osDisk\": {\r\n        \"osType\": \"Linux\",\r\n        \"name\":
        \"vmnowait2_OsDisk_1_78c98fa396024a66ade68541f4112e21\",\r\n        \"createOption\":
        \"FromImage\",\r\n        \"caching\": \"ReadWrite\",\r\n        \"managedDisk\":
        {\r\n          \"storageAccountType\": \"Premium_LRS\",\r\n          \"id\":
        \"/subscriptions/00000000-0000-0000-0000-000000000000/resourceGroups/cli_test_vm_no_wait000001/providers/Microsoft.Compute/disks/vmnowait2_OsDisk_1_78c98fa396024a66ade68541f4112e21\"\r\n
        \       },\r\n        \"diskSizeGB\": 30,\r\n        \"deleteOption\": \"Detach\"\r\n
        \     },\r\n      \"dataDisks\": []\r\n    },\r\n    \"osProfile\": {\r\n
        \     \"computerName\": \"vmnowait2\",\r\n      \"adminUsername\": \"user12\",\r\n
        \     \"linuxConfiguration\": {\r\n        \"disablePasswordAuthentication\":
        false,\r\n        \"provisionVMAgent\": true,\r\n        \"patchSettings\":
        {\r\n          \"patchMode\": \"ImageDefault\",\r\n          \"assessmentMode\":
        \"ImageDefault\"\r\n        }\r\n      },\r\n      \"secrets\": [],\r\n      \"allowExtensionOperations\":
        true,\r\n      \"requireGuestProvisionSignal\": true\r\n    },\r\n    \"networkProfile\":
        {\"networkInterfaces\":[{\"id\":\"/subscriptions/00000000-0000-0000-0000-000000000000/resourceGroups/cli_test_vm_no_wait000001/providers/Microsoft.Network/networkInterfaces/vmnowait2VMNic\"}]},\r\n
        \   \"provisioningState\": \"Creating\",\r\n    \"instanceView\": {\r\n      \"computerName\":
        \"vmnowait2\",\r\n      \"osName\": \"ubuntu\",\r\n      \"osVersion\": \"18.04\",\r\n
        \     \"vmAgent\": {\r\n        \"vmAgentVersion\": \"2.3.0.1\",\r\n        \"statuses\":
        [\r\n          {\r\n            \"code\": \"ProvisioningState/succeeded\",\r\n
        \           \"level\": \"Info\",\r\n            \"displayStatus\": \"Ready\",\r\n
        \           \"message\": \"Guest Agent is running\",\r\n            \"time\":
        \"2021-05-25T06:03:25+00:00\"\r\n          }\r\n        ],\r\n        \"extensionHandlers\":
        []\r\n      },\r\n      \"disks\": [\r\n        {\r\n          \"name\": \"vmnowait2_OsDisk_1_78c98fa396024a66ade68541f4112e21\",\r\n
        \         \"statuses\": [\r\n            {\r\n              \"code\": \"ProvisioningState/succeeded\",\r\n
        \             \"level\": \"Info\",\r\n              \"displayStatus\": \"Provisioning
        succeeded\",\r\n              \"time\": \"2021-05-25T06:02:43.1473739+00:00\"\r\n
        \           }\r\n          ]\r\n        }\r\n      ],\r\n      \"hyperVGeneration\":
        \"V1\",\r\n      \"statuses\": [\r\n        {\r\n          \"code\": \"ProvisioningState/creating\",\r\n
        \         \"level\": \"Info\",\r\n          \"displayStatus\": \"Creating\"\r\n
        \       },\r\n        {\r\n          \"code\": \"PowerState/running\",\r\n
        \         \"level\": \"Info\",\r\n          \"displayStatus\": \"VM running\"\r\n
        \       }\r\n      ]\r\n    }\r\n  }\r\n}"
    headers:
      cache-control:
      - no-cache
      content-length:
      - '3344'
      content-type:
      - application/json; charset=utf-8
      date:
      - Tue, 25 May 2021 06:03:52 GMT
      expires:
      - '-1'
      pragma:
      - no-cache
      server:
      - Microsoft-HTTPAPI/2.0
      - Microsoft-HTTPAPI/2.0
      strict-transport-security:
      - max-age=31536000; includeSubDomains
      transfer-encoding:
      - chunked
      vary:
      - Accept-Encoding
      x-content-type-options:
      - nosniff
      x-ms-ratelimit-remaining-resource:
      - Microsoft.Compute/LowCostGet3Min;3960,Microsoft.Compute/LowCostGet30Min;31863
    status:
      code: 200
      message: OK
- request:
    body: null
    headers:
      Accept:
      - application/json
      Accept-Encoding:
      - gzip, deflate
      CommandName:
      - vm wait
      Connection:
      - keep-alive
      ParameterSetName:
      - -g -n --updated
      User-Agent:
      - AZURECLI/2.24.0 azsdk-python-azure-mgmt-compute/21.0.0 Python/3.8.0 (Windows-10-10.0.19041-SP0)
    method: GET
    uri: https://management.azure.com/subscriptions/00000000-0000-0000-0000-000000000000/resourceGroups/cli_test_vm_no_wait000001/providers/Microsoft.Compute/virtualMachines/vmnowait2?$expand=instanceView&api-version=2021-03-01
  response:
    body:
      string: "{\r\n  \"name\": \"vmnowait2\",\r\n  \"id\": \"/subscriptions/00000000-0000-0000-0000-000000000000/resourceGroups/cli_test_vm_no_wait000001/providers/Microsoft.Compute/virtualMachines/vmnowait2\",\r\n
        \ \"type\": \"Microsoft.Compute/virtualMachines\",\r\n  \"location\": \"westus\",\r\n
        \ \"tags\": {\r\n    \"mytag\": \"tagvalue1\"\r\n  },\r\n  \"properties\":
        {\r\n    \"vmId\": \"f3f0ea7b-33ca-4033-bb2e-e2c6a45f3d31\",\r\n    \"hardwareProfile\":
        {\r\n      \"vmSize\": \"Standard_DS1_v2\"\r\n    },\r\n    \"storageProfile\":
        {\r\n      \"imageReference\": {\r\n        \"publisher\": \"Canonical\",\r\n
        \       \"offer\": \"UbuntuServer\",\r\n        \"sku\": \"18.04-LTS\",\r\n
        \       \"version\": \"latest\",\r\n        \"exactVersion\": \"18.04.202105120\"\r\n
        \     },\r\n      \"osDisk\": {\r\n        \"osType\": \"Linux\",\r\n        \"name\":
        \"vmnowait2_OsDisk_1_78c98fa396024a66ade68541f4112e21\",\r\n        \"createOption\":
        \"FromImage\",\r\n        \"caching\": \"ReadWrite\",\r\n        \"managedDisk\":
        {\r\n          \"storageAccountType\": \"Premium_LRS\",\r\n          \"id\":
        \"/subscriptions/00000000-0000-0000-0000-000000000000/resourceGroups/cli_test_vm_no_wait000001/providers/Microsoft.Compute/disks/vmnowait2_OsDisk_1_78c98fa396024a66ade68541f4112e21\"\r\n
        \       },\r\n        \"diskSizeGB\": 30,\r\n        \"deleteOption\": \"Detach\"\r\n
        \     },\r\n      \"dataDisks\": []\r\n    },\r\n    \"osProfile\": {\r\n
        \     \"computerName\": \"vmnowait2\",\r\n      \"adminUsername\": \"user12\",\r\n
        \     \"linuxConfiguration\": {\r\n        \"disablePasswordAuthentication\":
        false,\r\n        \"provisionVMAgent\": true,\r\n        \"patchSettings\":
        {\r\n          \"patchMode\": \"ImageDefault\",\r\n          \"assessmentMode\":
        \"ImageDefault\"\r\n        }\r\n      },\r\n      \"secrets\": [],\r\n      \"allowExtensionOperations\":
        true,\r\n      \"requireGuestProvisionSignal\": true\r\n    },\r\n    \"networkProfile\":
        {\"networkInterfaces\":[{\"id\":\"/subscriptions/00000000-0000-0000-0000-000000000000/resourceGroups/cli_test_vm_no_wait000001/providers/Microsoft.Network/networkInterfaces/vmnowait2VMNic\"}]},\r\n
        \   \"provisioningState\": \"Succeeded\",\r\n    \"instanceView\": {\r\n      \"computerName\":
        \"vmnowait2\",\r\n      \"osName\": \"ubuntu\",\r\n      \"osVersion\": \"18.04\",\r\n
        \     \"vmAgent\": {\r\n        \"vmAgentVersion\": \"2.3.0.1\",\r\n        \"statuses\":
        [\r\n          {\r\n            \"code\": \"ProvisioningState/succeeded\",\r\n
        \           \"level\": \"Info\",\r\n            \"displayStatus\": \"Ready\",\r\n
        \           \"message\": \"Guest Agent is running\",\r\n            \"time\":
        \"2021-05-25T06:03:25+00:00\"\r\n          }\r\n        ],\r\n        \"extensionHandlers\":
        []\r\n      },\r\n      \"disks\": [\r\n        {\r\n          \"name\": \"vmnowait2_OsDisk_1_78c98fa396024a66ade68541f4112e21\",\r\n
        \         \"statuses\": [\r\n            {\r\n              \"code\": \"ProvisioningState/succeeded\",\r\n
        \             \"level\": \"Info\",\r\n              \"displayStatus\": \"Provisioning
        succeeded\",\r\n              \"time\": \"2021-05-25T06:02:43.1473739+00:00\"\r\n
        \           }\r\n          ]\r\n        }\r\n      ],\r\n      \"hyperVGeneration\":
        \"V1\",\r\n      \"statuses\": [\r\n        {\r\n          \"code\": \"ProvisioningState/succeeded\",\r\n
        \         \"level\": \"Info\",\r\n          \"displayStatus\": \"Provisioning
        succeeded\",\r\n          \"time\": \"2021-05-25T06:03:56.1813549+00:00\"\r\n
        \       },\r\n        {\r\n          \"code\": \"PowerState/running\",\r\n
        \         \"level\": \"Info\",\r\n          \"displayStatus\": \"VM running\"\r\n
        \       }\r\n      ]\r\n    }\r\n  }\r\n}"
    headers:
      cache-control:
      - no-cache
      content-length:
      - '3416'
      content-type:
      - application/json; charset=utf-8
      date:
      - Tue, 25 May 2021 06:04:22 GMT
      expires:
      - '-1'
      pragma:
      - no-cache
      server:
      - Microsoft-HTTPAPI/2.0
      - Microsoft-HTTPAPI/2.0
      strict-transport-security:
      - max-age=31536000; includeSubDomains
      transfer-encoding:
      - chunked
      vary:
      - Accept-Encoding
      x-content-type-options:
      - nosniff
      x-ms-ratelimit-remaining-resource:
      - Microsoft.Compute/LowCostGet3Min;3958,Microsoft.Compute/LowCostGet30Min;31855
    status:
      code: 200
      message: OK
- request:
    body: null
    headers:
      Accept:
      - application/json
      Accept-Encoding:
      - gzip, deflate
      CommandName:
      - vm show
      Connection:
      - keep-alive
      ParameterSetName:
      - -g -n
      User-Agent:
      - AZURECLI/2.24.0 azsdk-python-azure-mgmt-compute/21.0.0 Python/3.8.0 (Windows-10-10.0.19041-SP0)
    method: GET
    uri: https://management.azure.com/subscriptions/00000000-0000-0000-0000-000000000000/resourceGroups/cli_test_vm_no_wait000001/providers/Microsoft.Compute/virtualMachines/vmnowait2?api-version=2021-03-01
  response:
    body:
      string: "{\r\n  \"name\": \"vmnowait2\",\r\n  \"id\": \"/subscriptions/00000000-0000-0000-0000-000000000000/resourceGroups/cli_test_vm_no_wait000001/providers/Microsoft.Compute/virtualMachines/vmnowait2\",\r\n
        \ \"type\": \"Microsoft.Compute/virtualMachines\",\r\n  \"location\": \"westus\",\r\n
        \ \"tags\": {\r\n    \"mytag\": \"tagvalue1\"\r\n  },\r\n  \"properties\":
        {\r\n    \"vmId\": \"f3f0ea7b-33ca-4033-bb2e-e2c6a45f3d31\",\r\n    \"hardwareProfile\":
        {\r\n      \"vmSize\": \"Standard_DS1_v2\"\r\n    },\r\n    \"storageProfile\":
        {\r\n      \"imageReference\": {\r\n        \"publisher\": \"Canonical\",\r\n
        \       \"offer\": \"UbuntuServer\",\r\n        \"sku\": \"18.04-LTS\",\r\n
        \       \"version\": \"latest\",\r\n        \"exactVersion\": \"18.04.202105120\"\r\n
        \     },\r\n      \"osDisk\": {\r\n        \"osType\": \"Linux\",\r\n        \"name\":
        \"vmnowait2_OsDisk_1_78c98fa396024a66ade68541f4112e21\",\r\n        \"createOption\":
        \"FromImage\",\r\n        \"caching\": \"ReadWrite\",\r\n        \"managedDisk\":
        {\r\n          \"storageAccountType\": \"Premium_LRS\",\r\n          \"id\":
        \"/subscriptions/00000000-0000-0000-0000-000000000000/resourceGroups/cli_test_vm_no_wait000001/providers/Microsoft.Compute/disks/vmnowait2_OsDisk_1_78c98fa396024a66ade68541f4112e21\"\r\n
        \       },\r\n        \"diskSizeGB\": 30,\r\n        \"deleteOption\": \"Detach\"\r\n
        \     },\r\n      \"dataDisks\": []\r\n    },\r\n    \"osProfile\": {\r\n
        \     \"computerName\": \"vmnowait2\",\r\n      \"adminUsername\": \"user12\",\r\n
        \     \"linuxConfiguration\": {\r\n        \"disablePasswordAuthentication\":
        false,\r\n        \"provisionVMAgent\": true,\r\n        \"patchSettings\":
        {\r\n          \"patchMode\": \"ImageDefault\",\r\n          \"assessmentMode\":
        \"ImageDefault\"\r\n        }\r\n      },\r\n      \"secrets\": [],\r\n      \"allowExtensionOperations\":
        true,\r\n      \"requireGuestProvisionSignal\": true\r\n    },\r\n    \"networkProfile\":
        {\"networkInterfaces\":[{\"id\":\"/subscriptions/00000000-0000-0000-0000-000000000000/resourceGroups/cli_test_vm_no_wait000001/providers/Microsoft.Network/networkInterfaces/vmnowait2VMNic\"}]},\r\n
        \   \"provisioningState\": \"Succeeded\"\r\n  }\r\n}"
    headers:
      cache-control:
      - no-cache
      content-length:
      - '2111'
      content-type:
      - application/json; charset=utf-8
      date:
      - Tue, 25 May 2021 06:04:23 GMT
      expires:
      - '-1'
      pragma:
      - no-cache
      server:
      - Microsoft-HTTPAPI/2.0
      - Microsoft-HTTPAPI/2.0
      strict-transport-security:
      - max-age=31536000; includeSubDomains
      transfer-encoding:
      - chunked
      vary:
      - Accept-Encoding
      x-content-type-options:
      - nosniff
      x-ms-ratelimit-remaining-resource:
      - Microsoft.Compute/LowCostGet3Min;3957,Microsoft.Compute/LowCostGet30Min;31854
    status:
      code: 200
      message: OK
version: 1
