interactions:
- request:
    body: null
    headers:
      Accept:
      - application/json
      Accept-Encoding:
      - gzip, deflate
      CommandName:
      - vm create
      Connection:
      - keep-alive
      ParameterSetName:
      - -g --location -n --admin-username --image --admin-password --authentication-type
        --use-unmanaged-disk --nsg-rule
      User-Agent:
      - AZURECLI/2.53.0 azsdk-python-azure-mgmt-compute/30.2.0 Python/3.10.9 (Windows-10-10.0.22621-SP0)
    method: GET
    uri: https://management.azure.com/subscriptions/00000000-0000-0000-0000-000000000000/providers/Microsoft.Compute/locations/westus/publishers/OpenLogic/artifacttypes/vmimage/offers/CentOS/skus/7.5/versions?$top=1&$orderby=name%20desc&api-version=2022-11-01
  response:
    body:
      string: "[\r\n  {\r\n    \"location\": \"westus\",\r\n    \"name\": \"7.5.201808150\"\
        ,\r\n    \"id\": \"/Subscriptions/00000000-0000-0000-0000-000000000000/Providers/Microsoft.Compute/Locations/westus/Publishers/OpenLogic/ArtifactTypes/VMImage/Offers/CentOS/Skus/7.5/Versions/7.5.201808150\"\
        \r\n  }\r\n]"
    headers:
      cache-control:
      - no-cache
      content-length:
      - '270'
      content-type:
      - application/json; charset=utf-8
      date:
      - Wed, 25 Oct 2023 02:41:48 GMT
      expires:
      - '-1'
      pragma:
      - no-cache
      server:
      - Microsoft-HTTPAPI/2.0
      - Microsoft-HTTPAPI/2.0
      strict-transport-security:
      - max-age=31536000; includeSubDomains
      transfer-encoding:
      - chunked
      vary:
      - Accept-Encoding
      x-content-type-options:
      - nosniff
      x-ms-ratelimit-remaining-resource:
      - Microsoft.Compute/ListVMImagesVersionsFromLocation3Min;15999,Microsoft.Compute/ListVMImagesVersionsFromLocation30Min;43999
    status:
      code: 200
      message: OK
- request:
    body: null
    headers:
      Accept:
      - application/json
      Accept-Encoding:
      - gzip, deflate
      CommandName:
      - vm create
      Connection:
      - keep-alive
      ParameterSetName:
      - -g --location -n --admin-username --image --admin-password --authentication-type
        --use-unmanaged-disk --nsg-rule
      User-Agent:
      - AZURECLI/2.53.0 azsdk-python-azure-mgmt-compute/30.2.0 Python/3.10.9 (Windows-10-10.0.22621-SP0)
    method: GET
    uri: https://management.azure.com/subscriptions/00000000-0000-0000-0000-000000000000/providers/Microsoft.Compute/locations/westus/publishers/OpenLogic/artifacttypes/vmimage/offers/CentOS/skus/7.5/versions/7.5.201808150?api-version=2022-11-01
  response:
    body:
      string: "{\r\n  \"properties\": {\r\n    \"hyperVGeneration\": \"V1\",\r\n \
        \   \"architecture\": \"x64\",\r\n    \"replicaType\": \"Unmanaged\",\r\n\
        \    \"disallowed\": {\r\n      \"vmDiskType\": \"None\"\r\n    },\r\n   \
        \ \"automaticOSUpgradeProperties\": {\r\n      \"automaticOSUpgradeSupported\"\
        : true\r\n    },\r\n    \"imageDeprecationStatus\": {\r\n      \"imageState\"\
        : \"Active\"\r\n    },\r\n    \"osDiskImage\": {\r\n      \"operatingSystem\"\
        : \"Linux\",\r\n      \"sizeInBytes\": 32212255232\r\n    },\r\n    \"dataDiskImages\"\
        : []\r\n  },\r\n  \"location\": \"westus\",\r\n  \"name\": \"7.5.201808150\"\
        ,\r\n  \"id\": \"/Subscriptions/00000000-0000-0000-0000-000000000000/Providers/Microsoft.Compute/Locations/westus/Publishers/OpenLogic/ArtifactTypes/VMImage/Offers/CentOS/Skus/7.5/Versions/7.5.201808150\"\
        \r\n}"
    headers:
      cache-control:
      - no-cache
      content-length:
      - '714'
      content-type:
      - application/json; charset=utf-8
      date:
      - Wed, 25 Oct 2023 02:41:49 GMT
      expires:
      - '-1'
      pragma:
      - no-cache
      server:
      - Microsoft-HTTPAPI/2.0
      - Microsoft-HTTPAPI/2.0
      strict-transport-security:
      - max-age=31536000; includeSubDomains
      transfer-encoding:
      - chunked
      vary:
      - Accept-Encoding
      x-content-type-options:
      - nosniff
      x-ms-ratelimit-remaining-resource:
      - Microsoft.Compute/GetVMImageFromLocation3Min;12999,Microsoft.Compute/GetVMImageFromLocation30Min;73999
    status:
      code: 200
      message: OK
- request:
    body: null
    headers:
      Accept:
      - application/json
      Accept-Encoding:
      - gzip, deflate
      CommandName:
      - vm create
      Connection:
      - keep-alive
      ParameterSetName:
      - -g --location -n --admin-username --image --admin-password --authentication-type
        --use-unmanaged-disk --nsg-rule
      User-Agent:
      - AZURECLI/2.53.0 azsdk-python-azure-mgmt-storage/21.1.0 Python/3.10.9 (Windows-10-10.0.22621-SP0)
    method: GET
    uri: https://management.azure.com/subscriptions/00000000-0000-0000-0000-000000000000/resourceGroups/cli-test-disk000001/providers/Microsoft.Storage/storageAccounts?api-version=2023-01-01
  response:
    body:
      string: '{"value":[]}'
    headers:
      cache-control:
      - no-cache
      content-length:
      - '12'
      content-type:
      - application/json; charset=utf-8
      date:
      - Wed, 25 Oct 2023 02:41:49 GMT
      expires:
      - '-1'
      pragma:
      - no-cache
      strict-transport-security:
      - max-age=31536000; includeSubDomains
      vary:
      - Accept-Encoding
      x-content-type-options:
      - nosniff
    status:
      code: 200
      message: OK
- request:
    body: null
    headers:
      Accept:
      - application/json
      Accept-Encoding:
      - gzip, deflate
      CommandName:
      - vm create
      Connection:
      - keep-alive
      ParameterSetName:
      - -g --location -n --admin-username --image --admin-password --authentication-type
        --use-unmanaged-disk --nsg-rule
      User-Agent:
      - AZURECLI/2.53.0 (AAZ) azsdk-python-core/1.26.0 Python/3.10.9 (Windows-10-10.0.22621-SP0)
    method: GET
    uri: https://management.azure.com/subscriptions/00000000-0000-0000-0000-000000000000/resourceGroups/cli-test-disk000001/providers/Microsoft.Network/virtualNetworks?api-version=2022-01-01
  response:
    body:
      string: '{"value":[]}'
    headers:
      cache-control:
      - no-cache
      content-length:
      - '12'
      content-type:
      - application/json; charset=utf-8
      date:
      - Wed, 25 Oct 2023 02:41:51 GMT
      expires:
      - '-1'
      pragma:
      - no-cache
      strict-transport-security:
      - max-age=31536000; includeSubDomains
      vary:
      - Accept-Encoding
      x-content-type-options:
      - nosniff
    status:
      code: 200
      message: OK
- request:
    body: null
    headers:
      Accept:
      - application/json
      Accept-Encoding:
      - gzip, deflate
      CommandName:
      - vm create
      Connection:
      - keep-alive
      ParameterSetName:
      - -g --location -n --admin-username --image --admin-password --authentication-type
        --use-unmanaged-disk --nsg-rule
      User-Agent:
      - AZURECLI/2.53.0 azsdk-python-azure-mgmt-compute/30.2.0 Python/3.10.9 (Windows-10-10.0.22621-SP0)
    method: GET
    uri: https://management.azure.com/subscriptions/00000000-0000-0000-0000-000000000000/providers/Microsoft.Compute/locations/westus/publishers/OpenLogic/artifacttypes/vmimage/offers/CentOS/skus/7.5/versions?$top=1&$orderby=name%20desc&api-version=2022-11-01
  response:
    body:
      string: "[\r\n  {\r\n    \"location\": \"westus\",\r\n    \"name\": \"7.5.201808150\"\
        ,\r\n    \"id\": \"/Subscriptions/00000000-0000-0000-0000-000000000000/Providers/Microsoft.Compute/Locations/westus/Publishers/OpenLogic/ArtifactTypes/VMImage/Offers/CentOS/Skus/7.5/Versions/7.5.201808150\"\
        \r\n  }\r\n]"
    headers:
      cache-control:
      - no-cache
      content-length:
      - '270'
      content-type:
      - application/json; charset=utf-8
      date:
      - Wed, 25 Oct 2023 02:41:52 GMT
      expires:
      - '-1'
      pragma:
      - no-cache
      server:
      - Microsoft-HTTPAPI/2.0
      - Microsoft-HTTPAPI/2.0
      strict-transport-security:
      - max-age=31536000; includeSubDomains
      transfer-encoding:
      - chunked
      vary:
      - Accept-Encoding
      x-content-type-options:
      - nosniff
      x-ms-ratelimit-remaining-resource:
      - Microsoft.Compute/ListVMImagesVersionsFromLocation3Min;15995,Microsoft.Compute/ListVMImagesVersionsFromLocation30Min;43995
    status:
      code: 200
      message: OK
- request:
    body: null
    headers:
      Accept:
      - application/json
      Accept-Encoding:
      - gzip, deflate
      CommandName:
      - vm create
      Connection:
      - keep-alive
      ParameterSetName:
      - -g --location -n --admin-username --image --admin-password --authentication-type
        --use-unmanaged-disk --nsg-rule
      User-Agent:
      - AZURECLI/2.53.0 azsdk-python-azure-mgmt-compute/30.2.0 Python/3.10.9 (Windows-10-10.0.22621-SP0)
    method: GET
    uri: https://management.azure.com/subscriptions/00000000-0000-0000-0000-000000000000/providers/Microsoft.Compute/locations/westus/publishers/OpenLogic/artifacttypes/vmimage/offers/CentOS/skus/7.5/versions/7.5.201808150?api-version=2022-11-01
  response:
    body:
      string: "{\r\n  \"properties\": {\r\n    \"hyperVGeneration\": \"V1\",\r\n \
        \   \"architecture\": \"x64\",\r\n    \"replicaType\": \"Unmanaged\",\r\n\
        \    \"disallowed\": {\r\n      \"vmDiskType\": \"None\"\r\n    },\r\n   \
        \ \"automaticOSUpgradeProperties\": {\r\n      \"automaticOSUpgradeSupported\"\
        : true\r\n    },\r\n    \"imageDeprecationStatus\": {\r\n      \"imageState\"\
        : \"Active\"\r\n    },\r\n    \"osDiskImage\": {\r\n      \"operatingSystem\"\
        : \"Linux\",\r\n      \"sizeInBytes\": 32212255232\r\n    },\r\n    \"dataDiskImages\"\
        : []\r\n  },\r\n  \"location\": \"westus\",\r\n  \"name\": \"7.5.201808150\"\
        ,\r\n  \"id\": \"/Subscriptions/00000000-0000-0000-0000-000000000000/Providers/Microsoft.Compute/Locations/westus/Publishers/OpenLogic/ArtifactTypes/VMImage/Offers/CentOS/Skus/7.5/Versions/7.5.201808150\"\
        \r\n}"
    headers:
      cache-control:
      - no-cache
      content-length:
      - '714'
      content-type:
      - application/json; charset=utf-8
      date:
      - Wed, 25 Oct 2023 02:41:53 GMT
      expires:
      - '-1'
      pragma:
      - no-cache
      server:
      - Microsoft-HTTPAPI/2.0
      - Microsoft-HTTPAPI/2.0
      strict-transport-security:
      - max-age=31536000; includeSubDomains
      transfer-encoding:
      - chunked
      vary:
      - Accept-Encoding
      x-content-type-options:
      - nosniff
      x-ms-ratelimit-remaining-resource:
      - Microsoft.Compute/GetVMImageFromLocation3Min;12995,Microsoft.Compute/GetVMImageFromLocation30Min;73995
    status:
      code: 200
      message: OK
- request:
    body: null
    headers:
      Accept:
      - application/json
      Accept-Encoding:
      - gzip, deflate
      CommandName:
      - vm create
      Connection:
      - keep-alive
      ParameterSetName:
      - -g --location -n --admin-username --image --admin-password --authentication-type
        --use-unmanaged-disk --nsg-rule
      User-Agent:
      - AZURECLI/2.53.0 azsdk-python-azure-mgmt-compute/30.2.0 Python/3.10.9 (Windows-10-10.0.22621-SP0)
    method: GET
    uri: https://management.azure.com/subscriptions/00000000-0000-0000-0000-000000000000/providers/Microsoft.Compute/locations/westus/publishers/OpenLogic/artifacttypes/vmimage/offers/CentOS/skus/7.5/versions?$top=1&$orderby=name%20desc&api-version=2022-11-01
  response:
    body:
      string: "[\r\n  {\r\n    \"location\": \"westus\",\r\n    \"name\": \"7.5.201808150\"\
        ,\r\n    \"id\": \"/Subscriptions/00000000-0000-0000-0000-000000000000/Providers/Microsoft.Compute/Locations/westus/Publishers/OpenLogic/ArtifactTypes/VMImage/Offers/CentOS/Skus/7.5/Versions/7.5.201808150\"\
        \r\n  }\r\n]"
    headers:
      cache-control:
      - no-cache
      content-length:
      - '270'
      content-type:
      - application/json; charset=utf-8
      date:
      - Wed, 25 Oct 2023 02:41:54 GMT
      expires:
      - '-1'
      pragma:
      - no-cache
      server:
      - Microsoft-HTTPAPI/2.0
      - Microsoft-HTTPAPI/2.0
      strict-transport-security:
      - max-age=31536000; includeSubDomains
      transfer-encoding:
      - chunked
      vary:
      - Accept-Encoding
      x-content-type-options:
      - nosniff
      x-ms-ratelimit-remaining-resource:
      - Microsoft.Compute/ListVMImagesVersionsFromLocation3Min;15992,Microsoft.Compute/ListVMImagesVersionsFromLocation30Min;43992
    status:
      code: 200
      message: OK
- request:
    body: null
    headers:
      Accept:
      - application/json
      Accept-Encoding:
      - gzip, deflate
      CommandName:
      - vm create
      Connection:
      - keep-alive
      ParameterSetName:
      - -g --location -n --admin-username --image --admin-password --authentication-type
        --use-unmanaged-disk --nsg-rule
      User-Agent:
      - AZURECLI/2.53.0 azsdk-python-azure-mgmt-compute/30.2.0 Python/3.10.9 (Windows-10-10.0.22621-SP0)
    method: GET
    uri: https://management.azure.com/subscriptions/00000000-0000-0000-0000-000000000000/providers/Microsoft.Compute/locations/westus/publishers/OpenLogic/artifacttypes/vmimage/offers/CentOS/skus/7.5/versions/7.5.201808150?api-version=2022-11-01
  response:
    body:
      string: "{\r\n  \"properties\": {\r\n    \"hyperVGeneration\": \"V1\",\r\n \
        \   \"architecture\": \"x64\",\r\n    \"replicaType\": \"Unmanaged\",\r\n\
        \    \"disallowed\": {\r\n      \"vmDiskType\": \"None\"\r\n    },\r\n   \
        \ \"automaticOSUpgradeProperties\": {\r\n      \"automaticOSUpgradeSupported\"\
        : true\r\n    },\r\n    \"imageDeprecationStatus\": {\r\n      \"imageState\"\
        : \"Active\"\r\n    },\r\n    \"osDiskImage\": {\r\n      \"operatingSystem\"\
        : \"Linux\",\r\n      \"sizeInBytes\": 32212255232\r\n    },\r\n    \"dataDiskImages\"\
        : []\r\n  },\r\n  \"location\": \"westus\",\r\n  \"name\": \"7.5.201808150\"\
        ,\r\n  \"id\": \"/Subscriptions/00000000-0000-0000-0000-000000000000/Providers/Microsoft.Compute/Locations/westus/Publishers/OpenLogic/ArtifactTypes/VMImage/Offers/CentOS/Skus/7.5/Versions/7.5.201808150\"\
        \r\n}"
    headers:
      cache-control:
      - no-cache
      content-length:
      - '714'
      content-type:
      - application/json; charset=utf-8
      date:
      - Wed, 25 Oct 2023 02:41:55 GMT
      expires:
      - '-1'
      pragma:
      - no-cache
      server:
      - Microsoft-HTTPAPI/2.0
      - Microsoft-HTTPAPI/2.0
      strict-transport-security:
      - max-age=31536000; includeSubDomains
      transfer-encoding:
      - chunked
      vary:
      - Accept-Encoding
      x-content-type-options:
      - nosniff
      x-ms-ratelimit-remaining-resource:
      - Microsoft.Compute/GetVMImageFromLocation3Min;12991,Microsoft.Compute/GetVMImageFromLocation30Min;73991
    status:
      code: 200
      message: OK
- request:
    body: '{"properties": {"template": {"$schema": "https://schema.management.azure.com/schemas/2015-01-01/deploymentTemplate.json#",
      "contentVersion": "1.0.0.0", "parameters": {"adminPassword": {"type": "securestring",
      "metadata": {"description": "Secure adminPassword"}}}, "variables": {}, "resources":
      [{"type": "Microsoft.Storage/storageAccounts", "name": "vhdstorageb9dba815737480",
      "apiVersion": "2015-06-15", "location": "westus", "tags": {}, "dependsOn": [],
      "properties": {"accountType": "Premium_LRS"}}, {"name": "vm-datadisk-testVNET",
      "type": "Microsoft.Network/virtualNetworks", "location": "westus", "apiVersion":
      "2015-06-15", "dependsOn": [], "tags": {}, "properties": {"addressSpace": {"addressPrefixes":
      ["10.0.0.0/16"]}, "subnets": [{"name": "vm-datadisk-testSubnet", "properties":
      {"addressPrefix": "10.0.0.0/24"}}]}}, {"type": "Microsoft.Network/networkSecurityGroups",
      "name": "vm-datadisk-testNSG", "apiVersion": "2015-06-15", "location": "westus",
      "tags": {}, "dependsOn": []}, {"apiVersion": "2022-01-01", "type": "Microsoft.Network/publicIPAddresses",
      "name": "vm-datadisk-testPublicIP", "location": "westus", "tags": {}, "dependsOn":
      [], "properties": {"publicIPAllocationMethod": null}}, {"apiVersion": "2015-06-15",
      "type": "Microsoft.Network/networkInterfaces", "name": "vm-datadisk-testVMNic",
      "location": "westus", "tags": {}, "dependsOn": ["Microsoft.Network/virtualNetworks/vm-datadisk-testVNET",
      "Microsoft.Network/networkSecurityGroups/vm-datadisk-testNSG", "Microsoft.Network/publicIpAddresses/vm-datadisk-testPublicIP"],
      "properties": {"ipConfigurations": [{"name": "ipconfigvm-datadisk-test", "properties":
      {"privateIPAllocationMethod": "Dynamic", "subnet": {"id": "/subscriptions/00000000-0000-0000-0000-000000000000/resourceGroups/cli-test-disk000001/providers/Microsoft.Network/virtualNetworks/vm-datadisk-testVNET/subnets/vm-datadisk-testSubnet"},
      "publicIPAddress": {"id": "/subscriptions/00000000-0000-0000-0000-000000000000/resourceGroups/cli-test-disk000001/providers/Microsoft.Network/publicIPAddresses/vm-datadisk-testPublicIP"}}}],
      "networkSecurityGroup": {"id": "/subscriptions/00000000-0000-0000-0000-000000000000/resourceGroups/cli-test-disk000001/providers/Microsoft.Network/networkSecurityGroups/vm-datadisk-testNSG"}}},
      {"apiVersion": "2022-11-01", "type": "Microsoft.Compute/virtualMachines", "name":
      "vm-datadisk-test", "location": "westus", "tags": {}, "dependsOn": ["Microsoft.Storage/storageAccounts/vhdstorageb9dba815737480",
      "Microsoft.Network/networkInterfaces/vm-datadisk-testVMNic"], "properties":
      {"hardwareProfile": {"vmSize": "Standard_DS1_v2"}, "networkProfile": {"networkInterfaces":
      [{"id": "/subscriptions/00000000-0000-0000-0000-000000000000/resourceGroups/cli-test-disk000001/providers/Microsoft.Network/networkInterfaces/vm-datadisk-testVMNic",
      "properties": {"deleteOption": null}}]}, "storageProfile": {"osDisk": {"createOption":
      "fromImage", "name": "osdisk_b9dba81573", "caching": "ReadWrite", "vhd": {"uri":
      "https://vhdstorageb9dba815737480.blob.core.windows.net/vhds/osdisk_b9dba81573.vhd"}},
      "imageReference": {"publisher": "OpenLogic", "offer": "CentOS", "sku": "7.5",
      "version": "latest"}}, "osProfile": {"computerName": "vm-datadisk-test", "adminUsername":
      "ubuntu", "adminPassword": "[parameters(''adminPassword'')]"}}}], "outputs":
      {}}, "parameters": {"adminPassword": {"value": "testPassword0"}}, "mode": "incremental"}}'
    headers:
      Accept:
      - application/json
      Accept-Encoding:
      - gzip, deflate
      CommandName:
      - vm create
      Connection:
      - keep-alive
      Content-Length:
      - '3397'
      Content-Type:
      - application/json
      ParameterSetName:
      - -g --location -n --admin-username --image --admin-password --authentication-type
        --use-unmanaged-disk --nsg-rule
      User-Agent:
      - AZURECLI/2.53.0 azsdk-python-azure-mgmt-resource/23.1.0b2 Python/3.10.9 (Windows-10-10.0.22621-SP0)
    method: PUT
    uri: https://management.azure.com/subscriptions/00000000-0000-0000-0000-000000000000/resourcegroups/cli-test-disk000001/providers/Microsoft.Resources/deployments/mock-deployment?api-version=2022-09-01
  response:
    body:
      string: '{"id":"/subscriptions/00000000-0000-0000-0000-000000000000/resourceGroups/cli-test-disk000001/providers/Microsoft.Resources/deployments/vm_deploy_U7ZyudZfah2koAHDBslRrw2d8S4256Bg","name":"vm_deploy_U7ZyudZfah2koAHDBslRrw2d8S4256Bg","type":"Microsoft.Resources/deployments","properties":{"templateHash":"2948618799321018366","parameters":{"adminPassword":{"type":"SecureString"}},"mode":"Incremental","provisioningState":"Accepted","timestamp":"2023-10-25T02:42:01.3677287Z","duration":"PT0.0009877S","correlationId":"80207be1-5bd8-43ab-b7a7-5c602ea19c67","providers":[{"namespace":"Microsoft.Storage","resourceTypes":[{"resourceType":"storageAccounts","locations":["westus"]}]},{"namespace":"Microsoft.Network","resourceTypes":[{"resourceType":"virtualNetworks","locations":["westus"]},{"resourceType":"networkSecurityGroups","locations":["westus"]},{"resourceType":"publicIPAddresses","locations":["westus"]},{"resourceType":"networkInterfaces","locations":["westus"]}]},{"namespace":"Microsoft.Compute","resourceTypes":[{"resourceType":"virtualMachines","locations":["westus"]}]}],"dependencies":[{"dependsOn":[{"id":"/subscriptions/00000000-0000-0000-0000-000000000000/resourceGroups/cli-test-disk000001/providers/Microsoft.Network/virtualNetworks/vm-datadisk-testVNET","resourceType":"Microsoft.Network/virtualNetworks","resourceName":"vm-datadisk-testVNET"},{"id":"/subscriptions/00000000-0000-0000-0000-000000000000/resourceGroups/cli-test-disk000001/providers/Microsoft.Network/networkSecurityGroups/vm-datadisk-testNSG","resourceType":"Microsoft.Network/networkSecurityGroups","resourceName":"vm-datadisk-testNSG"},{"id":"/subscriptions/00000000-0000-0000-0000-000000000000/resourceGroups/cli-test-disk000001/providers/Microsoft.Network/publicIPAddresses/vm-datadisk-testPublicIP","resourceType":"Microsoft.Network/publicIPAddresses","resourceName":"vm-datadisk-testPublicIP"}],"id":"/subscriptions/00000000-0000-0000-0000-000000000000/resourceGroups/cli-test-disk000001/providers/Microsoft.Network/networkInterfaces/vm-datadisk-testVMNic","resourceType":"Microsoft.Network/networkInterfaces","resourceName":"vm-datadisk-testVMNic"},{"dependsOn":[{"id":"/subscriptions/00000000-0000-0000-0000-000000000000/resourceGroups/cli-test-disk000001/providers/Microsoft.Storage/storageAccounts/vhdstorageb9dba815737480","resourceType":"Microsoft.Storage/storageAccounts","resourceName":"vhdstorageb9dba815737480"},{"id":"/subscriptions/00000000-0000-0000-0000-000000000000/resourceGroups/cli-test-disk000001/providers/Microsoft.Network/networkInterfaces/vm-datadisk-testVMNic","resourceType":"Microsoft.Network/networkInterfaces","resourceName":"vm-datadisk-testVMNic"}],"id":"/subscriptions/00000000-0000-0000-0000-000000000000/resourceGroups/cli-test-disk000001/providers/Microsoft.Compute/virtualMachines/vm-datadisk-test","resourceType":"Microsoft.Compute/virtualMachines","resourceName":"vm-datadisk-test"}]}}'
    headers:
      azure-asyncoperation:
      - https://management.azure.com/subscriptions/00000000-0000-0000-0000-000000000000/resourcegroups/cli-test-disk000001/providers/Microsoft.Resources/deployments/vm_deploy_U7ZyudZfah2koAHDBslRrw2d8S4256Bg/operationStatuses/08585034051664374140?api-version=2022-09-01
      cache-control:
      - no-cache
      content-length:
      - '2913'
      content-type:
      - application/json; charset=utf-8
      date:
      - Wed, 25 Oct 2023 02:42:01 GMT
      expires:
      - '-1'
      pragma:
      - no-cache
      strict-transport-security:
      - max-age=31536000; includeSubDomains
      x-content-type-options:
      - nosniff
      x-ms-ratelimit-remaining-subscription-writes:
      - '1199'
    status:
      code: 201
      message: Created
- request:
    body: null
    headers:
      Accept:
      - '*/*'
      Accept-Encoding:
      - gzip, deflate
      CommandName:
      - vm create
      Connection:
      - keep-alive
      ParameterSetName:
      - -g --location -n --admin-username --image --admin-password --authentication-type
        --use-unmanaged-disk --nsg-rule
      User-Agent:
      - AZURECLI/2.53.0 azsdk-python-azure-mgmt-resource/23.1.0b2 Python/3.10.9 (Windows-10-10.0.22621-SP0)
    method: GET
    uri: https://management.azure.com/subscriptions/00000000-0000-0000-0000-000000000000/resourcegroups/cli-test-disk000001/providers/Microsoft.Resources/deployments/mock-deployment/operationStatuses/08585034051664374140?api-version=2022-09-01
  response:
    body:
      string: '{"status":"Running"}'
    headers:
      cache-control:
      - no-cache
      content-length:
      - '20'
      content-type:
      - application/json; charset=utf-8
      date:
      - Wed, 25 Oct 2023 02:42:02 GMT
      expires:
      - '-1'
      pragma:
      - no-cache
      strict-transport-security:
      - max-age=31536000; includeSubDomains
      vary:
      - Accept-Encoding
      x-content-type-options:
      - nosniff
    status:
      code: 200
      message: OK
- request:
    body: null
    headers:
      Accept:
      - '*/*'
      Accept-Encoding:
      - gzip, deflate
      CommandName:
      - vm create
      Connection:
      - keep-alive
      ParameterSetName:
      - -g --location -n --admin-username --image --admin-password --authentication-type
        --use-unmanaged-disk --nsg-rule
      User-Agent:
      - AZURECLI/2.53.0 azsdk-python-azure-mgmt-resource/23.1.0b2 Python/3.10.9 (Windows-10-10.0.22621-SP0)
    method: GET
    uri: https://management.azure.com/subscriptions/00000000-0000-0000-0000-000000000000/resourcegroups/cli-test-disk000001/providers/Microsoft.Resources/deployments/mock-deployment/operationStatuses/08585034051664374140?api-version=2022-09-01
  response:
    body:
      string: '{"status":"Running"}'
    headers:
      cache-control:
      - no-cache
      content-length:
      - '20'
      content-type:
      - application/json; charset=utf-8
      date:
      - Wed, 25 Oct 2023 02:42:32 GMT
      expires:
      - '-1'
      pragma:
      - no-cache
      strict-transport-security:
      - max-age=31536000; includeSubDomains
      vary:
      - Accept-Encoding
      x-content-type-options:
      - nosniff
    status:
      code: 200
      message: OK
- request:
    body: null
    headers:
      Accept:
      - '*/*'
      Accept-Encoding:
      - gzip, deflate
      CommandName:
      - vm create
      Connection:
      - keep-alive
      ParameterSetName:
      - -g --location -n --admin-username --image --admin-password --authentication-type
        --use-unmanaged-disk --nsg-rule
      User-Agent:
      - AZURECLI/2.53.0 azsdk-python-azure-mgmt-resource/23.1.0b2 Python/3.10.9 (Windows-10-10.0.22621-SP0)
    method: GET
    uri: https://management.azure.com/subscriptions/00000000-0000-0000-0000-000000000000/resourcegroups/cli-test-disk000001/providers/Microsoft.Resources/deployments/mock-deployment/operationStatuses/08585034051664374140?api-version=2022-09-01
  response:
    body:
      string: '{"status":"Running"}'
    headers:
      cache-control:
      - no-cache
      content-length:
      - '20'
      content-type:
      - application/json; charset=utf-8
      date:
      - Wed, 25 Oct 2023 02:43:03 GMT
      expires:
      - '-1'
      pragma:
      - no-cache
      strict-transport-security:
      - max-age=31536000; includeSubDomains
      vary:
      - Accept-Encoding
      x-content-type-options:
      - nosniff
    status:
      code: 200
      message: OK
- request:
    body: null
    headers:
      Accept:
      - '*/*'
      Accept-Encoding:
      - gzip, deflate
      CommandName:
      - vm create
      Connection:
      - keep-alive
      ParameterSetName:
      - -g --location -n --admin-username --image --admin-password --authentication-type
        --use-unmanaged-disk --nsg-rule
      User-Agent:
      - AZURECLI/2.53.0 azsdk-python-azure-mgmt-resource/23.1.0b2 Python/3.10.9 (Windows-10-10.0.22621-SP0)
    method: GET
    uri: https://management.azure.com/subscriptions/00000000-0000-0000-0000-000000000000/resourcegroups/cli-test-disk000001/providers/Microsoft.Resources/deployments/mock-deployment/operationStatuses/08585034051664374140?api-version=2022-09-01
  response:
    body:
      string: '{"status":"Running"}'
    headers:
      cache-control:
      - no-cache
      content-length:
      - '20'
      content-type:
      - application/json; charset=utf-8
      date:
      - Wed, 25 Oct 2023 02:43:33 GMT
      expires:
      - '-1'
      pragma:
      - no-cache
      strict-transport-security:
      - max-age=31536000; includeSubDomains
      vary:
      - Accept-Encoding
      x-content-type-options:
      - nosniff
    status:
      code: 200
      message: OK
- request:
    body: null
    headers:
      Accept:
      - '*/*'
      Accept-Encoding:
      - gzip, deflate
      CommandName:
      - vm create
      Connection:
      - keep-alive
      ParameterSetName:
      - -g --location -n --admin-username --image --admin-password --authentication-type
        --use-unmanaged-disk --nsg-rule
      User-Agent:
      - AZURECLI/2.53.0 azsdk-python-azure-mgmt-resource/23.1.0b2 Python/3.10.9 (Windows-10-10.0.22621-SP0)
    method: GET
    uri: https://management.azure.com/subscriptions/00000000-0000-0000-0000-000000000000/resourcegroups/cli-test-disk000001/providers/Microsoft.Resources/deployments/mock-deployment/operationStatuses/08585034051664374140?api-version=2022-09-01
  response:
    body:
      string: '{"status":"Succeeded"}'
    headers:
      cache-control:
      - no-cache
      content-length:
      - '22'
      content-type:
      - application/json; charset=utf-8
      date:
      - Wed, 25 Oct 2023 02:44:03 GMT
      expires:
      - '-1'
      pragma:
      - no-cache
      strict-transport-security:
      - max-age=31536000; includeSubDomains
      vary:
      - Accept-Encoding
      x-content-type-options:
      - nosniff
    status:
      code: 200
      message: OK
- request:
    body: null
    headers:
      Accept:
      - '*/*'
      Accept-Encoding:
      - gzip, deflate
      CommandName:
      - vm create
      Connection:
      - keep-alive
      ParameterSetName:
      - -g --location -n --admin-username --image --admin-password --authentication-type
        --use-unmanaged-disk --nsg-rule
      User-Agent:
      - AZURECLI/2.53.0 azsdk-python-azure-mgmt-resource/23.1.0b2 Python/3.10.9 (Windows-10-10.0.22621-SP0)
    method: GET
    uri: https://management.azure.com/subscriptions/00000000-0000-0000-0000-000000000000/resourcegroups/cli-test-disk000001/providers/Microsoft.Resources/deployments/mock-deployment?api-version=2022-09-01
  response:
    body:
      string: '{"id":"/subscriptions/00000000-0000-0000-0000-000000000000/resourceGroups/cli-test-disk000001/providers/Microsoft.Resources/deployments/vm_deploy_U7ZyudZfah2koAHDBslRrw2d8S4256Bg","name":"vm_deploy_U7ZyudZfah2koAHDBslRrw2d8S4256Bg","type":"Microsoft.Resources/deployments","properties":{"templateHash":"2948618799321018366","parameters":{"adminPassword":{"type":"SecureString"}},"mode":"Incremental","provisioningState":"Succeeded","timestamp":"2023-10-25T02:43:47.0590467Z","duration":"PT1M45.6923057S","correlationId":"80207be1-5bd8-43ab-b7a7-5c602ea19c67","providers":[{"namespace":"Microsoft.Storage","resourceTypes":[{"resourceType":"storageAccounts","locations":["westus"]}]},{"namespace":"Microsoft.Network","resourceTypes":[{"resourceType":"virtualNetworks","locations":["westus"]},{"resourceType":"networkSecurityGroups","locations":["westus"]},{"resourceType":"publicIPAddresses","locations":["westus"]},{"resourceType":"networkInterfaces","locations":["westus"]}]},{"namespace":"Microsoft.Compute","resourceTypes":[{"resourceType":"virtualMachines","locations":["westus"]}]}],"dependencies":[{"dependsOn":[{"id":"/subscriptions/00000000-0000-0000-0000-000000000000/resourceGroups/cli-test-disk000001/providers/Microsoft.Network/virtualNetworks/vm-datadisk-testVNET","resourceType":"Microsoft.Network/virtualNetworks","resourceName":"vm-datadisk-testVNET"},{"id":"/subscriptions/00000000-0000-0000-0000-000000000000/resourceGroups/cli-test-disk000001/providers/Microsoft.Network/networkSecurityGroups/vm-datadisk-testNSG","resourceType":"Microsoft.Network/networkSecurityGroups","resourceName":"vm-datadisk-testNSG"},{"id":"/subscriptions/00000000-0000-0000-0000-000000000000/resourceGroups/cli-test-disk000001/providers/Microsoft.Network/publicIPAddresses/vm-datadisk-testPublicIP","resourceType":"Microsoft.Network/publicIPAddresses","resourceName":"vm-datadisk-testPublicIP"}],"id":"/subscriptions/00000000-0000-0000-0000-000000000000/resourceGroups/cli-test-disk000001/providers/Microsoft.Network/networkInterfaces/vm-datadisk-testVMNic","resourceType":"Microsoft.Network/networkInterfaces","resourceName":"vm-datadisk-testVMNic"},{"dependsOn":[{"id":"/subscriptions/00000000-0000-0000-0000-000000000000/resourceGroups/cli-test-disk000001/providers/Microsoft.Storage/storageAccounts/vhdstorageb9dba815737480","resourceType":"Microsoft.Storage/storageAccounts","resourceName":"vhdstorageb9dba815737480"},{"id":"/subscriptions/00000000-0000-0000-0000-000000000000/resourceGroups/cli-test-disk000001/providers/Microsoft.Network/networkInterfaces/vm-datadisk-testVMNic","resourceType":"Microsoft.Network/networkInterfaces","resourceName":"vm-datadisk-testVMNic"}],"id":"/subscriptions/00000000-0000-0000-0000-000000000000/resourceGroups/cli-test-disk000001/providers/Microsoft.Compute/virtualMachines/vm-datadisk-test","resourceType":"Microsoft.Compute/virtualMachines","resourceName":"vm-datadisk-test"}],"outputs":{},"outputResources":[{"id":"/subscriptions/00000000-0000-0000-0000-000000000000/resourceGroups/cli-test-disk000001/providers/Microsoft.Compute/virtualMachines/vm-datadisk-test"},{"id":"/subscriptions/00000000-0000-0000-0000-000000000000/resourceGroups/cli-test-disk000001/providers/Microsoft.Network/networkInterfaces/vm-datadisk-testVMNic"},{"id":"/subscriptions/00000000-0000-0000-0000-000000000000/resourceGroups/cli-test-disk000001/providers/Microsoft.Network/networkSecurityGroups/vm-datadisk-testNSG"},{"id":"/subscriptions/00000000-0000-0000-0000-000000000000/resourceGroups/cli-test-disk000001/providers/Microsoft.Network/publicIPAddresses/vm-datadisk-testPublicIP"},{"id":"/subscriptions/00000000-0000-0000-0000-000000000000/resourceGroups/cli-test-disk000001/providers/Microsoft.Network/virtualNetworks/vm-datadisk-testVNET"},{"id":"/subscriptions/00000000-0000-0000-0000-000000000000/resourceGroups/cli-test-disk000001/providers/Microsoft.Storage/storageAccounts/vhdstorageb9dba815737480"}]}}'
    headers:
      cache-control:
      - no-cache
      content-length:
      - '3930'
      content-type:
      - application/json; charset=utf-8
      date:
      - Wed, 25 Oct 2023 02:44:03 GMT
      expires:
      - '-1'
      pragma:
      - no-cache
      strict-transport-security:
      - max-age=31536000; includeSubDomains
      vary:
      - Accept-Encoding
      x-content-type-options:
      - nosniff
    status:
      code: 200
      message: OK
- request:
    body: null
    headers:
      Accept:
      - application/json
      Accept-Encoding:
      - gzip, deflate
      CommandName:
      - vm create
      Connection:
      - keep-alive
      ParameterSetName:
      - -g --location -n --admin-username --image --admin-password --authentication-type
        --use-unmanaged-disk --nsg-rule
      User-Agent:
      - AZURECLI/2.53.0 azsdk-python-azure-mgmt-compute/30.2.0 Python/3.10.9 (Windows-10-10.0.22621-SP0)
    method: GET
    uri: https://management.azure.com/subscriptions/00000000-0000-0000-0000-000000000000/resourceGroups/cli-test-disk000001/providers/Microsoft.Compute/virtualMachines/vm-datadisk-test?$expand=instanceView&api-version=2022-11-01
  response:
    body:
      string: "{\r\n  \"name\": \"vm-datadisk-test\",\r\n  \"id\": \"/subscriptions/00000000-0000-0000-0000-000000000000/resourceGroups/cli-test-disk000001/providers/Microsoft.Compute/virtualMachines/vm-datadisk-test\"\
        ,\r\n  \"type\": \"Microsoft.Compute/virtualMachines\",\r\n  \"location\"\
        : \"westus\",\r\n  \"tags\": {},\r\n  \"properties\": {\r\n    \"hardwareProfile\"\
        : {\r\n      \"vmSize\": \"Standard_DS1_v2\"\r\n    },\r\n    \"provisioningState\"\
        : \"Succeeded\",\r\n    \"vmId\": \"59a28ef9-3097-499e-bc73-e46f970deb91\"\
        ,\r\n    \"storageProfile\": {\r\n      \"imageReference\": {\r\n        \"\
        publisher\": \"OpenLogic\",\r\n        \"offer\": \"CentOS\",\r\n        \"\
        sku\": \"7.5\",\r\n        \"version\": \"latest\",\r\n        \"exactVersion\"\
        : \"7.5.201808150\"\r\n      },\r\n      \"osDisk\": {\r\n        \"osType\"\
        : \"Linux\",\r\n        \"name\": \"osdisk_b9dba81573\",\r\n        \"createOption\"\
        : \"FromImage\",\r\n        \"vhd\": {\r\n          \"uri\": \"https://vhdstorageb9dba815737480.blob.core.windows.net/vhds/osdisk_b9dba81573.vhd\"\
        \r\n        },\r\n        \"caching\": \"ReadWrite\",\r\n        \"deleteOption\"\
        : \"Detach\",\r\n        \"diskSizeGB\": 30\r\n      },\r\n      \"dataDisks\"\
        : []\r\n    },\r\n    \"osProfile\": {\r\n      \"computerName\": \"vm-datadisk-test\"\
        ,\r\n      \"adminUsername\": \"ubuntu\",\r\n      \"linuxConfiguration\"\
        : {\r\n        \"disablePasswordAuthentication\": false,\r\n        \"provisionVMAgent\"\
        : true,\r\n        \"patchSettings\": {\r\n          \"patchMode\": \"ImageDefault\"\
        ,\r\n          \"assessmentMode\": \"ImageDefault\"\r\n        },\r\n    \
        \    \"enableVMAgentPlatformUpdates\": false\r\n      },\r\n      \"secrets\"\
        : [],\r\n      \"allowExtensionOperations\": true,\r\n      \"requireGuestProvisionSignal\"\
        : true\r\n    },\r\n    \"networkProfile\": {\"networkInterfaces\":[{\"id\"\
        :\"/subscriptions/00000000-0000-0000-0000-000000000000/resourceGroups/cli-test-disk000001/providers/Microsoft.Network/networkInterfaces/vm-datadisk-testVMNic\"\
        }]},\r\n    \"instanceView\": {\r\n      \"computerName\": \"vm-datadisk-test\"\
        ,\r\n      \"osName\": \"centos\",\r\n      \"osVersion\": \"7.5.1804\",\r\
        \n      \"vmAgent\": {\r\n        \"vmAgentVersion\": \"2.9.1.1\",\r\n   \
        \     \"statuses\": [\r\n          {\r\n            \"code\": \"ProvisioningState/succeeded\"\
        ,\r\n            \"level\": \"Info\",\r\n            \"displayStatus\": \"\
        Ready\",\r\n            \"message\": \"Guest Agent is running\",\r\n     \
        \       \"time\": \"2023-10-25T02:43:42+00:00\"\r\n          }\r\n       \
        \ ],\r\n        \"extensionHandlers\": []\r\n      },\r\n      \"disks\":\
        \ [\r\n        {\r\n          \"name\": \"osdisk_b9dba81573\",\r\n       \
        \   \"statuses\": [\r\n            {\r\n              \"code\": \"ProvisioningState/succeeded\"\
        ,\r\n              \"level\": \"Info\",\r\n              \"displayStatus\"\
        : \"Provisioning succeeded\",\r\n              \"time\": \"2023-10-25T02:42:36.7242112+00:00\"\
        \r\n            }\r\n          ]\r\n        }\r\n      ],\r\n      \"hyperVGeneration\"\
        : \"V1\",\r\n      \"statuses\": [\r\n        {\r\n          \"code\": \"\
        ProvisioningState/succeeded\",\r\n          \"level\": \"Info\",\r\n     \
        \     \"displayStatus\": \"Provisioning succeeded\",\r\n          \"time\"\
        : \"2023-10-25T02:43:42.8340764+00:00\"\r\n        },\r\n        {\r\n   \
        \       \"code\": \"PowerState/running\",\r\n          \"level\": \"Info\"\
        ,\r\n          \"displayStatus\": \"VM running\"\r\n        }\r\n      ]\r\
        \n    },\r\n    \"timeCreated\": \"2023-10-25T02:42:36.3648739+00:00\"\r\n\
        \  }\r\n}"
    headers:
      cache-control:
      - no-cache
      content-length:
      - '3133'
      content-type:
      - application/json; charset=utf-8
      date:
      - Wed, 25 Oct 2023 02:44:04 GMT
      expires:
      - '-1'
      pragma:
      - no-cache
      server:
      - Microsoft-HTTPAPI/2.0
      - Microsoft-HTTPAPI/2.0
      strict-transport-security:
      - max-age=31536000; includeSubDomains
      transfer-encoding:
      - chunked
      vary:
      - Accept-Encoding
      x-content-type-options:
      - nosniff
      x-ms-ratelimit-remaining-resource:
      - Microsoft.Compute/LowCostGetSubscriptionMaximum;23996,Microsoft.Compute/LowCostGetResource;32
    status:
      code: 200
      message: OK
- request:
    body: null
    headers:
      Accept:
      - application/json
      Accept-Encoding:
      - gzip, deflate
      CommandName:
      - vm create
      Connection:
      - keep-alive
      ParameterSetName:
      - -g --location -n --admin-username --image --admin-password --authentication-type
        --use-unmanaged-disk --nsg-rule
      User-Agent:
      - AZURECLI/2.53.0 (AAZ) azsdk-python-core/1.26.0 Python/3.10.9 (Windows-10-10.0.22621-SP0)
    method: GET
    uri: https://management.azure.com/subscriptions/00000000-0000-0000-0000-000000000000/resourceGroups/cli-test-disk000001/providers/Microsoft.Network/networkInterfaces/vm-datadisk-testVMNic?api-version=2022-01-01
  response:
    body:
      string: "{\r\n  \"name\": \"vm-datadisk-testVMNic\",\r\n  \"id\": \"/subscriptions/00000000-0000-0000-0000-000000000000/resourceGroups/cli-test-disk000001/providers/Microsoft.Network/networkInterfaces/vm-datadisk-testVMNic\"\
        ,\r\n  \"etag\": \"W/\\\"2ba2dbbd-9228-465f-ae57-8263afbcd71b\\\"\",\r\n \
        \ \"tags\": {},\r\n  \"properties\": {\r\n    \"provisioningState\": \"Succeeded\"\
        ,\r\n    \"resourceGuid\": \"1ae194a1-1376-4434-9548-ffdd58375e75\",\r\n \
        \   \"ipConfigurations\": [\r\n      {\r\n        \"name\": \"ipconfigvm-datadisk-test\"\
        ,\r\n        \"id\": \"/subscriptions/00000000-0000-0000-0000-000000000000/resourceGroups/cli-test-disk000001/providers/Microsoft.Network/networkInterfaces/vm-datadisk-testVMNic/ipConfigurations/ipconfigvm-datadisk-test\"\
        ,\r\n        \"etag\": \"W/\\\"2ba2dbbd-9228-465f-ae57-8263afbcd71b\\\"\"\
        ,\r\n        \"type\": \"Microsoft.Network/networkInterfaces/ipConfigurations\"\
        ,\r\n        \"properties\": {\r\n          \"provisioningState\": \"Succeeded\"\
        ,\r\n          \"privateIPAddress\": \"10.0.0.4\",\r\n          \"privateIPAllocationMethod\"\
        : \"Dynamic\",\r\n          \"publicIPAddress\": {\r\n            \"id\":\
        \ \"/subscriptions/00000000-0000-0000-0000-000000000000/resourceGroups/cli-test-disk000001/providers/Microsoft.Network/publicIPAddresses/vm-datadisk-testPublicIP\"\
        \r\n          },\r\n          \"subnet\": {\r\n            \"id\": \"/subscriptions/00000000-0000-0000-0000-000000000000/resourceGroups/cli-test-disk000001/providers/Microsoft.Network/virtualNetworks/vm-datadisk-testVNET/subnets/vm-datadisk-testSubnet\"\
        \r\n          },\r\n          \"primary\": true,\r\n          \"privateIPAddressVersion\"\
        : \"IPv4\"\r\n        }\r\n      }\r\n    ],\r\n    \"dnsSettings\": {\r\n\
        \      \"dnsServers\": [],\r\n      \"appliedDnsServers\": [],\r\n      \"\
        internalDomainNameSuffix\": \"cly0cf03r45upbocqfommvlw4h.dx.internal.cloudapp.net\"\
        \r\n    },\r\n    \"macAddress\": \"60-45-BD-04-E0-87\",\r\n    \"vnetEncryptionSupported\"\
        : false,\r\n    \"enableIPForwarding\": false,\r\n    \"networkSecurityGroup\"\
        : {\r\n      \"id\": \"/subscriptions/00000000-0000-0000-0000-000000000000/resourceGroups/cli-test-disk000001/providers/Microsoft.Network/networkSecurityGroups/vm-datadisk-testNSG\"\
        \r\n    },\r\n    \"primary\": true,\r\n    \"virtualMachine\": {\r\n    \
        \  \"id\": \"/subscriptions/00000000-0000-0000-0000-000000000000/resourceGroups/cli-test-disk000001/providers/Microsoft.Compute/virtualMachines/vm-datadisk-test\"\
        \r\n    },\r\n    \"hostedWorkloads\": [],\r\n    \"tapConfigurations\": [],\r\
        \n    \"nicType\": \"Standard\",\r\n    \"allowPort25Out\": true,\r\n    \"\
        auxiliaryMode\": \"None\"\r\n  },\r\n  \"type\": \"Microsoft.Network/networkInterfaces\"\
        ,\r\n  \"location\": \"westus\",\r\n  \"kind\": \"Regular\"\r\n}"
    headers:
      cache-control:
      - no-cache
      content-length:
      - '2525'
      content-type:
      - application/json; charset=utf-8
      date:
      - Wed, 25 Oct 2023 02:44:06 GMT
      etag:
      - W/"2ba2dbbd-9228-465f-ae57-8263afbcd71b"
      expires:
      - '-1'
      pragma:
      - no-cache
      server:
      - Microsoft-HTTPAPI/2.0
      - Microsoft-HTTPAPI/2.0
      strict-transport-security:
      - max-age=31536000; includeSubDomains
      transfer-encoding:
      - chunked
      vary:
      - Accept-Encoding
      x-content-type-options:
      - nosniff
      x-ms-arm-service-request-id:
      - 8c8929dc-46b5-4d7f-8174-4bda8d18177a
    status:
      code: 200
      message: OK
- request:
    body: null
    headers:
      Accept:
      - application/json
      Accept-Encoding:
      - gzip, deflate
      CommandName:
      - vm create
      Connection:
      - keep-alive
      ParameterSetName:
      - -g --location -n --admin-username --image --admin-password --authentication-type
        --use-unmanaged-disk --nsg-rule
      User-Agent:
      - AZURECLI/2.53.0 (AAZ) azsdk-python-core/1.26.0 Python/3.10.9 (Windows-10-10.0.22621-SP0)
    method: GET
    uri: https://management.azure.com/subscriptions/00000000-0000-0000-0000-000000000000/resourceGroups/cli-test-disk000001/providers/Microsoft.Network/publicIPAddresses/vm-datadisk-testPublicIP?api-version=2022-01-01
  response:
    body:
      string: "{\r\n  \"name\": \"vm-datadisk-testPublicIP\",\r\n  \"id\": \"/subscriptions/00000000-0000-0000-0000-000000000000/resourceGroups/cli-test-disk000001/providers/Microsoft.Network/publicIPAddresses/vm-datadisk-testPublicIP\"\
        ,\r\n  \"etag\": \"W/\\\"8d49b9e3-ec21-47d2-b99c-56dc92c6fca5\\\"\",\r\n \
        \ \"location\": \"westus\",\r\n  \"tags\": {},\r\n  \"properties\": {\r\n\
        \    \"provisioningState\": \"Succeeded\",\r\n    \"resourceGuid\": \"908cca42-0a8a-4406-962b-d158714315df\"\
        ,\r\n    \"ipAddress\": \"20.253.236.253\",\r\n    \"publicIPAddressVersion\"\
        : \"IPv4\",\r\n    \"publicIPAllocationMethod\": \"Dynamic\",\r\n    \"idleTimeoutInMinutes\"\
        : 4,\r\n    \"ipTags\": [],\r\n    \"ipConfiguration\": {\r\n      \"id\"\
        : \"/subscriptions/00000000-0000-0000-0000-000000000000/resourceGroups/cli-test-disk000001/providers/Microsoft.Network/networkInterfaces/vm-datadisk-testVMNic/ipConfigurations/ipconfigvm-datadisk-test\"\
        \r\n    }\r\n  },\r\n  \"type\": \"Microsoft.Network/publicIPAddresses\",\r\
        \n  \"sku\": {\r\n    \"name\": \"Basic\",\r\n    \"tier\": \"Regional\"\r\
        \n  }\r\n}"
    headers:
      cache-control:
      - no-cache
      content-length:
      - '963'
      content-type:
      - application/json; charset=utf-8
      date:
      - Wed, 25 Oct 2023 02:44:07 GMT
      etag:
      - W/"8d49b9e3-ec21-47d2-b99c-56dc92c6fca5"
      expires:
      - '-1'
      pragma:
      - no-cache
      server:
      - Microsoft-HTTPAPI/2.0
      - Microsoft-HTTPAPI/2.0
      strict-transport-security:
      - max-age=31536000; includeSubDomains
      transfer-encoding:
      - chunked
      vary:
      - Accept-Encoding
      x-content-type-options:
      - nosniff
      x-ms-arm-service-request-id:
      - 3dfcedf3-1ab8-4d74-a67e-762c3c3ca356
    status:
      code: 200
      message: OK
- request:
    body: null
    headers:
      Accept:
      - application/json
      Accept-Encoding:
      - gzip, deflate
      CommandName:
      - vm show
      Connection:
      - keep-alive
      ParameterSetName:
      - -g -n
      User-Agent:
      - AZURECLI/2.53.0 azsdk-python-azure-mgmt-compute/30.2.0 Python/3.10.9 (Windows-10-10.0.22621-SP0)
    method: GET
    uri: https://management.azure.com/subscriptions/00000000-0000-0000-0000-000000000000/resourceGroups/cli-test-disk000001/providers/Microsoft.Compute/virtualMachines/vm-datadisk-test?api-version=2022-11-01
  response:
    body:
      string: "{\r\n  \"name\": \"vm-datadisk-test\",\r\n  \"id\": \"/subscriptions/00000000-0000-0000-0000-000000000000/resourceGroups/cli-test-disk000001/providers/Microsoft.Compute/virtualMachines/vm-datadisk-test\"\
        ,\r\n  \"type\": \"Microsoft.Compute/virtualMachines\",\r\n  \"location\"\
        : \"westus\",\r\n  \"tags\": {},\r\n  \"properties\": {\r\n    \"hardwareProfile\"\
        : {\r\n      \"vmSize\": \"Standard_DS1_v2\"\r\n    },\r\n    \"provisioningState\"\
        : \"Succeeded\",\r\n    \"vmId\": \"59a28ef9-3097-499e-bc73-e46f970deb91\"\
        ,\r\n    \"storageProfile\": {\r\n      \"imageReference\": {\r\n        \"\
        publisher\": \"OpenLogic\",\r\n        \"offer\": \"CentOS\",\r\n        \"\
        sku\": \"7.5\",\r\n        \"version\": \"latest\",\r\n        \"exactVersion\"\
        : \"7.5.201808150\"\r\n      },\r\n      \"osDisk\": {\r\n        \"osType\"\
        : \"Linux\",\r\n        \"name\": \"osdisk_b9dba81573\",\r\n        \"createOption\"\
        : \"FromImage\",\r\n        \"vhd\": {\r\n          \"uri\": \"https://vhdstorageb9dba815737480.blob.core.windows.net/vhds/osdisk_b9dba81573.vhd\"\
        \r\n        },\r\n        \"caching\": \"ReadWrite\",\r\n        \"deleteOption\"\
        : \"Detach\",\r\n        \"diskSizeGB\": 30\r\n      },\r\n      \"dataDisks\"\
        : []\r\n    },\r\n    \"osProfile\": {\r\n      \"computerName\": \"vm-datadisk-test\"\
        ,\r\n      \"adminUsername\": \"ubuntu\",\r\n      \"linuxConfiguration\"\
        : {\r\n        \"disablePasswordAuthentication\": false,\r\n        \"provisionVMAgent\"\
        : true,\r\n        \"patchSettings\": {\r\n          \"patchMode\": \"ImageDefault\"\
        ,\r\n          \"assessmentMode\": \"ImageDefault\"\r\n        },\r\n    \
        \    \"enableVMAgentPlatformUpdates\": false\r\n      },\r\n      \"secrets\"\
        : [],\r\n      \"allowExtensionOperations\": true,\r\n      \"requireGuestProvisionSignal\"\
        : true\r\n    },\r\n    \"networkProfile\": {\"networkInterfaces\":[{\"id\"\
        :\"/subscriptions/00000000-0000-0000-0000-000000000000/resourceGroups/cli-test-disk000001/providers/Microsoft.Network/networkInterfaces/vm-datadisk-testVMNic\"\
        }]},\r\n    \"timeCreated\": \"2023-10-25T02:42:36.3648739+00:00\"\r\n  }\r\
        \n}"
    headers:
      cache-control:
      - no-cache
      content-length:
      - '1852'
      content-type:
      - application/json; charset=utf-8
      date:
      - Wed, 25 Oct 2023 02:44:08 GMT
      expires:
      - '-1'
      pragma:
      - no-cache
      server:
      - Microsoft-HTTPAPI/2.0
      - Microsoft-HTTPAPI/2.0
      strict-transport-security:
      - max-age=31536000; includeSubDomains
      transfer-encoding:
      - chunked
      vary:
      - Accept-Encoding
      x-content-type-options:
      - nosniff
      x-ms-ratelimit-remaining-resource:
      - Microsoft.Compute/LowCostGetSubscriptionMaximum;23993,Microsoft.Compute/LowCostGetResource;31
    status:
      code: 200
      message: OK
- request:
    body: null
    headers:
      Accept:
      - application/json
      Accept-Encoding:
      - gzip, deflate
      CommandName:
      - vm unmanaged-disk attach
      Connection:
      - keep-alive
      ParameterSetName:
      - -g --vm-name -n --vhd --new --caching --size-gb --lun
      User-Agent:
      - AZURECLI/2.53.0 azsdk-python-azure-mgmt-compute/30.2.0 Python/3.10.9 (Windows-10-10.0.22621-SP0)
    method: GET
    uri: https://management.azure.com/subscriptions/00000000-0000-0000-0000-000000000000/resourceGroups/cli-test-disk000001/providers/Microsoft.Compute/virtualMachines/vm-datadisk-test?api-version=2022-11-01
  response:
    body:
      string: "{\r\n  \"name\": \"vm-datadisk-test\",\r\n  \"id\": \"/subscriptions/00000000-0000-0000-0000-000000000000/resourceGroups/cli-test-disk000001/providers/Microsoft.Compute/virtualMachines/vm-datadisk-test\"\
        ,\r\n  \"type\": \"Microsoft.Compute/virtualMachines\",\r\n  \"location\"\
        : \"westus\",\r\n  \"tags\": {},\r\n  \"properties\": {\r\n    \"hardwareProfile\"\
        : {\r\n      \"vmSize\": \"Standard_DS1_v2\"\r\n    },\r\n    \"provisioningState\"\
        : \"Succeeded\",\r\n    \"vmId\": \"59a28ef9-3097-499e-bc73-e46f970deb91\"\
        ,\r\n    \"storageProfile\": {\r\n      \"imageReference\": {\r\n        \"\
        publisher\": \"OpenLogic\",\r\n        \"offer\": \"CentOS\",\r\n        \"\
        sku\": \"7.5\",\r\n        \"version\": \"latest\",\r\n        \"exactVersion\"\
        : \"7.5.201808150\"\r\n      },\r\n      \"osDisk\": {\r\n        \"osType\"\
        : \"Linux\",\r\n        \"name\": \"osdisk_b9dba81573\",\r\n        \"createOption\"\
        : \"FromImage\",\r\n        \"vhd\": {\r\n          \"uri\": \"https://vhdstorageb9dba815737480.blob.core.windows.net/vhds/osdisk_b9dba81573.vhd\"\
        \r\n        },\r\n        \"caching\": \"ReadWrite\",\r\n        \"deleteOption\"\
        : \"Detach\",\r\n        \"diskSizeGB\": 30\r\n      },\r\n      \"dataDisks\"\
        : []\r\n    },\r\n    \"osProfile\": {\r\n      \"computerName\": \"vm-datadisk-test\"\
        ,\r\n      \"adminUsername\": \"ubuntu\",\r\n      \"linuxConfiguration\"\
        : {\r\n        \"disablePasswordAuthentication\": false,\r\n        \"provisionVMAgent\"\
        : true,\r\n        \"patchSettings\": {\r\n          \"patchMode\": \"ImageDefault\"\
        ,\r\n          \"assessmentMode\": \"ImageDefault\"\r\n        },\r\n    \
        \    \"enableVMAgentPlatformUpdates\": false\r\n      },\r\n      \"secrets\"\
        : [],\r\n      \"allowExtensionOperations\": true,\r\n      \"requireGuestProvisionSignal\"\
        : true\r\n    },\r\n    \"networkProfile\": {\"networkInterfaces\":[{\"id\"\
        :\"/subscriptions/00000000-0000-0000-0000-000000000000/resourceGroups/cli-test-disk000001/providers/Microsoft.Network/networkInterfaces/vm-datadisk-testVMNic\"\
        }]},\r\n    \"timeCreated\": \"2023-10-25T02:42:36.3648739+00:00\"\r\n  }\r\
        \n}"
    headers:
      cache-control:
      - no-cache
      content-length:
      - '1852'
      content-type:
      - application/json; charset=utf-8
      date:
      - Wed, 25 Oct 2023 02:44:08 GMT
      expires:
      - '-1'
      pragma:
      - no-cache
      server:
      - Microsoft-HTTPAPI/2.0
      - Microsoft-HTTPAPI/2.0
      strict-transport-security:
      - max-age=31536000; includeSubDomains
      transfer-encoding:
      - chunked
      vary:
      - Accept-Encoding
      x-content-type-options:
      - nosniff
      x-ms-ratelimit-remaining-resource:
      - Microsoft.Compute/LowCostGetSubscriptionMaximum;23991,Microsoft.Compute/LowCostGetResource;30
    status:
      code: 200
      message: OK
- request:
    body: '{"location": "westus", "tags": {}, "properties": {"hardwareProfile": {"vmSize":
      "Standard_DS1_v2"}, "storageProfile": {"osDisk": {"osType": "Linux", "name":
      "osdisk_b9dba81573", "vhd": {"uri": "https://vhdstorageb9dba815737480.blob.core.windows.net/vhds/osdisk_b9dba81573.vhd"},
      "caching": "ReadWrite", "createOption": "FromImage", "diskSizeGB": 30, "deleteOption":
      "Detach"}, "dataDisks": [{"lun": 1, "name": "d7", "vhd": {"uri": "https://vhdstorageb9dba815737480.blob.core.windows.net/vhds/d7.vhd"},
      "caching": "ReadWrite", "createOption": "Empty", "diskSizeGB": 8}]}, "osProfile":
      {"computerName": "vm-datadisk-test", "adminUsername": "ubuntu", "linuxConfiguration":
      {"disablePasswordAuthentication": false, "provisionVMAgent": true, "patchSettings":
      {"patchMode": "ImageDefault", "assessmentMode": "ImageDefault"}, "enableVMAgentPlatformUpdates":
      false}, "secrets": [], "allowExtensionOperations": true, "requireGuestProvisionSignal":
      true}, "networkProfile": {"networkInterfaces": [{"id": "/subscriptions/00000000-0000-0000-0000-000000000000/resourceGroups/cli-test-disk000001/providers/Microsoft.Network/networkInterfaces/vm-datadisk-testVMNic"}]}}}'
    headers:
      Accept:
      - application/json
      Accept-Encoding:
      - gzip, deflate
      CommandName:
      - vm unmanaged-disk attach
      Connection:
      - keep-alive
      Content-Length:
      - '1155'
      Content-Type:
      - application/json
      ParameterSetName:
      - -g --vm-name -n --vhd --new --caching --size-gb --lun
      User-Agent:
      - AZURECLI/2.53.0 azsdk-python-azure-mgmt-compute/30.2.0 Python/3.10.9 (Windows-10-10.0.22621-SP0)
    method: PUT
    uri: https://management.azure.com/subscriptions/00000000-0000-0000-0000-000000000000/resourceGroups/cli-test-disk000001/providers/Microsoft.Compute/virtualMachines/vm-datadisk-test?api-version=2022-11-01
  response:
    body:
      string: "{\r\n  \"name\": \"vm-datadisk-test\",\r\n  \"id\": \"/subscriptions/00000000-0000-0000-0000-000000000000/resourceGroups/cli-test-disk000001/providers/Microsoft.Compute/virtualMachines/vm-datadisk-test\"\
        ,\r\n  \"type\": \"Microsoft.Compute/virtualMachines\",\r\n  \"location\"\
        : \"westus\",\r\n  \"tags\": {},\r\n  \"properties\": {\r\n    \"hardwareProfile\"\
        : {\r\n      \"vmSize\": \"Standard_DS1_v2\"\r\n    },\r\n    \"provisioningState\"\
        : \"Updating\",\r\n    \"vmId\": \"59a28ef9-3097-499e-bc73-e46f970deb91\"\
        ,\r\n    \"storageProfile\": {\r\n      \"imageReference\": {\r\n        \"\
        publisher\": \"OpenLogic\",\r\n        \"offer\": \"CentOS\",\r\n        \"\
        sku\": \"7.5\",\r\n        \"version\": \"latest\",\r\n        \"exactVersion\"\
        : \"7.5.201808150\"\r\n      },\r\n      \"osDisk\": {\r\n        \"osType\"\
        : \"Linux\",\r\n        \"name\": \"osdisk_b9dba81573\",\r\n        \"createOption\"\
        : \"FromImage\",\r\n        \"vhd\": {\r\n          \"uri\": \"https://vhdstorageb9dba815737480.blob.core.windows.net/vhds/osdisk_b9dba81573.vhd\"\
        \r\n        },\r\n        \"caching\": \"ReadWrite\",\r\n        \"deleteOption\"\
        : \"Detach\",\r\n        \"diskSizeGB\": 30\r\n      },\r\n      \"dataDisks\"\
        : [\r\n        {\r\n          \"lun\": 1,\r\n          \"name\": \"d7\",\r\
        \n          \"createOption\": \"Empty\",\r\n          \"vhd\": {\r\n     \
        \       \"uri\": \"https://vhdstorageb9dba815737480.blob.core.windows.net/vhds/d7.vhd\"\
        \r\n          },\r\n          \"caching\": \"ReadWrite\",\r\n          \"\
        deleteOption\": \"Detach\",\r\n          \"diskSizeGB\": 8,\r\n          \"\
        toBeDetached\": false\r\n        }\r\n      ]\r\n    },\r\n    \"osProfile\"\
        : {\r\n      \"computerName\": \"vm-datadisk-test\",\r\n      \"adminUsername\"\
        : \"ubuntu\",\r\n      \"linuxConfiguration\": {\r\n        \"disablePasswordAuthentication\"\
        : false,\r\n        \"provisionVMAgent\": true,\r\n        \"patchSettings\"\
        : {\r\n          \"patchMode\": \"ImageDefault\",\r\n          \"assessmentMode\"\
        : \"ImageDefault\"\r\n        },\r\n        \"enableVMAgentPlatformUpdates\"\
        : false\r\n      },\r\n      \"secrets\": [],\r\n      \"allowExtensionOperations\"\
        : true,\r\n      \"requireGuestProvisionSignal\": true\r\n    },\r\n    \"\
        networkProfile\": {\"networkInterfaces\":[{\"id\":\"/subscriptions/00000000-0000-0000-0000-000000000000/resourceGroups/cli-test-disk000001/providers/Microsoft.Network/networkInterfaces/vm-datadisk-testVMNic\"\
        }]},\r\n    \"timeCreated\": \"2023-10-25T02:42:36.3648739+00:00\"\r\n  }\r\
        \n}"
    headers:
      azure-asyncnotification:
      - Enabled
      azure-asyncoperation:
      - https://management.azure.com/subscriptions/00000000-0000-0000-0000-000000000000/providers/Microsoft.Compute/locations/westus/operations/390b8b15-c0b4-4025-ae5f-145712335eb7?p=571046f6-b640-41c1-86f7-f9f044b5adf9&api-version=2022-11-01&t=638337986521757138&c=MIIHADCCBeigAwIBAgITHgMiVmbNs9bo9g1GbQAAAyJWZjANBgkqhkiG9w0BAQsFADBEMRMwEQYKCZImiZPyLGQBGRYDR0JMMRMwEQYKCZImiZPyLGQBGRYDQU1FMRgwFgYDVQQDEw9BTUUgSW5mcmEgQ0EgMDYwHhcNMjMwODAyMTgwNDI4WhcNMjQwNzI3MTgwNDI4WjBAMT4wPAYDVQQDEzVhc3luY29wZXJhdGlvbnNpZ25pbmdjZXJ0aWZpY2F0ZS5tYW5hZ2VtZW50LmF6dXJlLmNvbTCCASIwDQYJKoZIhvcNAQEBBQADggEPADCCAQoCggEBAMIcvxD_0PMhdmLk48iFdsDWY8xHwqf15PiuUxm56-DgFD_DTCio04a553Ilp6PhEzp-BqQUXZ8lOvewwSndfEiD0zKouzAK7ygeNzS10EFTSWbnBDNo4QPM7FM4bFhDUNl-AU1M7DrJCQPA8UGawTxFUgABTHaRYxMKeEyJ2IzdSmH0TjTgxv5pQDBP-QEJ-Rpdso9m_Yu2YfFRTCBiBNtQ4g-sojuHpOc3ULsGhK35Ua1gXYl44t0qnX1y-DiMbk0PPQ8_gop4DdSYd0NTBv-xBnqlom2ceJG8oCE4GCEXT3L6yOC3TvKvZ-7-r2cOWqPAolMtfZ4kIa7fp3zX-QUCAwEAAaOCA-0wggPpMCcGCSsGAQQBgjcVCgQaMBgwCgYIKwYBBQUHAwEwCgYIKwYBBQUHAwIwPQYJKwYBBAGCNxUHBDAwLgYmKwYBBAGCNxUIhpDjDYTVtHiE8Ys-hZvdFs6dEoFggvX2K4Py0SACAWQCAQowggHLBggrBgEFBQcBAQSCAb0wggG5MGMGCCsGAQUFBzAChldodHRwOi8vY3JsLm1pY3Jvc29mdC5jb20vcGtpaW5mcmEvQ2VydHMvQkwyUEtJSU5UQ0EwMi5BTUUuR0JMX0FNRSUyMEluZnJhJTIwQ0ElMjAwNi5jcnQwUwYIKwYBBQUHMAKGR2h0dHA6Ly9jcmwxLmFtZS5nYmwvYWlhL0JMMlBLSUlOVENBMDIuQU1FLkdCTF9BTUUlMjBJbmZyYSUyMENBJTIwMDYuY3J0MFMGCCsGAQUFBzAChkdodHRwOi8vY3JsMi5hbWUuZ2JsL2FpYS9CTDJQS0lJTlRDQTAyLkFNRS5HQkxfQU1FJTIwSW5mcmElMjBDQSUyMDA2LmNydDBTBggrBgEFBQcwAoZHaHR0cDovL2NybDMuYW1lLmdibC9haWEvQkwyUEtJSU5UQ0EwMi5BTUUuR0JMX0FNRSUyMEluZnJhJTIwQ0ElMjAwNi5jcnQwUwYIKwYBBQUHMAKGR2h0dHA6Ly9jcmw0LmFtZS5nYmwvYWlhL0JMMlBLSUlOVENBMDIuQU1FLkdCTF9BTUUlMjBJbmZyYSUyMENBJTIwMDYuY3J0MB0GA1UdDgQWBBS8HoebCKQVIYtc1_REbe-XAGi3HjAOBgNVHQ8BAf8EBAMCBaAwggEmBgNVHR8EggEdMIIBGTCCARWgggERoIIBDYY_aHR0cDovL2NybC5taWNyb3NvZnQuY29tL3BraWluZnJhL0NSTC9BTUUlMjBJbmZyYSUyMENBJTIwMDYuY3JshjFodHRwOi8vY3JsMS5hbWUuZ2JsL2NybC9BTUUlMjBJbmZyYSUyMENBJTIwMDYuY3JshjFodHRwOi8vY3JsMi5hbWUuZ2JsL2NybC9BTUUlMjBJbmZyYSUyMENBJTIwMDYuY3JshjFodHRwOi8vY3JsMy5hbWUuZ2JsL2NybC9BTUUlMjBJbmZyYSUyMENBJTIwMDYuY3JshjFodHRwOi8vY3JsNC5hbWUuZ2JsL2NybC9BTUUlMjBJbmZyYSUyMENBJTIwMDYuY3JsMBcGA1UdIAQQMA4wDAYKKwYBBAGCN3sBATAfBgNVHSMEGDAWgBTxRmjG8cPwKy19i2rhsvm-NfzRQTAdBgNVHSUEFjAUBggrBgEFBQcDAQYIKwYBBQUHAwIwDQYJKoZIhvcNAQELBQADggEBAB6b3-2IDHqiKHidm1sv2adgnlW7o5teHg5_6JuYXETz89EHAOvxAis3i3YzHc79kO_nmk5RcVHDydZ-zI8JDlC8n3v75Zt4KNDYid-qMTOeyQogLcB2Cq3iRGRTjaG_abh0F1ifWL0QBhzujNxastu--5-ozxOHa7CTiseyWTxaCRv103DUxZ7-lNrBKHFJRQV_X5G_oVNKU2WvTmSTWNzCXpyLhKdoBAyf_4QsisR7IFsL1aNWE8fHvLUv96vSpwRelX1cVuab3bBG_qJTzD1TMk8V37gxq4OTAHXZOmheCepyVhUEawvCvCTaFwQf5kHPZFdLhd7qh8jEr2C06sM&s=pewszEJFm1sitfQb4YpBYnfxscBkyFQWt-Fho1ijH65Cs6-ZYqBfyo5yBL86q_ovXLHCM-XMQxJNzhsmEqbfpmwoTO3PqgXW208NOrxBHw7fF0vj_nX2CsUtjXoAsaHsGx5MmjCprGjsb_ZiDrLe4-Ov7qx1AQD_iAMMPyOlzIKvbio1QRzeShlHycYVIc5lygCMZXJ8GpbteQopQsg5_PqKIMTPYHIQfXw6sKA5MxyxJIRA-5GX0tPJheREkqSiGJ_14hECLOgPt6uiWLIePzlA_hxSqpU8TgSzxu18RBm-p4RFXomL3dqGh0zfpjYdEJU8XDZClbhv57_tARuS9A&h=NAWVdRtHJCzonykDEn6493LGkqgu5wY0LDZe0Q1l8xk
      cache-control:
      - no-cache
      content-length:
      - '2219'
      content-type:
      - application/json; charset=utf-8
      date:
      - Wed, 25 Oct 2023 02:44:11 GMT
      expires:
      - '-1'
      pragma:
      - no-cache
      server:
      - Microsoft-HTTPAPI/2.0
      - Microsoft-HTTPAPI/2.0
      strict-transport-security:
      - max-age=31536000; includeSubDomains
      transfer-encoding:
      - chunked
      vary:
      - Accept-Encoding
      x-content-type-options:
      - nosniff
      x-ms-ratelimit-remaining-resource:
      - Microsoft.Compute/PutVMSubscriptionMaximum;1496,Microsoft.Compute/PutVMResource;11
      x-ms-ratelimit-remaining-subscription-writes:
      - '1199'
    status:
      code: 200
      message: OK
- request:
    body: null
    headers:
      Accept:
      - '*/*'
      Accept-Encoding:
      - gzip, deflate
      CommandName:
      - vm unmanaged-disk attach
      Connection:
      - keep-alive
      ParameterSetName:
      - -g --vm-name -n --vhd --new --caching --size-gb --lun
      User-Agent:
      - AZURECLI/2.53.0 azsdk-python-azure-mgmt-compute/30.2.0 Python/3.10.9 (Windows-10-10.0.22621-SP0)
    method: GET
    uri: https://management.azure.com/subscriptions/00000000-0000-0000-0000-000000000000/providers/Microsoft.Compute/locations/westus/operations/390b8b15-c0b4-4025-ae5f-145712335eb7?p=571046f6-b640-41c1-86f7-f9f044b5adf9&api-version=2022-11-01&t=638337986521757138&c=MIIHADCCBeigAwIBAgITHgMiVmbNs9bo9g1GbQAAAyJWZjANBgkqhkiG9w0BAQsFADBEMRMwEQYKCZImiZPyLGQBGRYDR0JMMRMwEQYKCZImiZPyLGQBGRYDQU1FMRgwFgYDVQQDEw9BTUUgSW5mcmEgQ0EgMDYwHhcNMjMwODAyMTgwNDI4WhcNMjQwNzI3MTgwNDI4WjBAMT4wPAYDVQQDEzVhc3luY29wZXJhdGlvbnNpZ25pbmdjZXJ0aWZpY2F0ZS5tYW5hZ2VtZW50LmF6dXJlLmNvbTCCASIwDQYJKoZIhvcNAQEBBQADggEPADCCAQoCggEBAMIcvxD_0PMhdmLk48iFdsDWY8xHwqf15PiuUxm56-DgFD_DTCio04a553Ilp6PhEzp-BqQUXZ8lOvewwSndfEiD0zKouzAK7ygeNzS10EFTSWbnBDNo4QPM7FM4bFhDUNl-AU1M7DrJCQPA8UGawTxFUgABTHaRYxMKeEyJ2IzdSmH0TjTgxv5pQDBP-QEJ-Rpdso9m_Yu2YfFRTCBiBNtQ4g-sojuHpOc3ULsGhK35Ua1gXYl44t0qnX1y-DiMbk0PPQ8_gop4DdSYd0NTBv-xBnqlom2ceJG8oCE4GCEXT3L6yOC3TvKvZ-7-r2cOWqPAolMtfZ4kIa7fp3zX-QUCAwEAAaOCA-0wggPpMCcGCSsGAQQBgjcVCgQaMBgwCgYIKwYBBQUHAwEwCgYIKwYBBQUHAwIwPQYJKwYBBAGCNxUHBDAwLgYmKwYBBAGCNxUIhpDjDYTVtHiE8Ys-hZvdFs6dEoFggvX2K4Py0SACAWQCAQowggHLBggrBgEFBQcBAQSCAb0wggG5MGMGCCsGAQUFBzAChldodHRwOi8vY3JsLm1pY3Jvc29mdC5jb20vcGtpaW5mcmEvQ2VydHMvQkwyUEtJSU5UQ0EwMi5BTUUuR0JMX0FNRSUyMEluZnJhJTIwQ0ElMjAwNi5jcnQwUwYIKwYBBQUHMAKGR2h0dHA6Ly9jcmwxLmFtZS5nYmwvYWlhL0JMMlBLSUlOVENBMDIuQU1FLkdCTF9BTUUlMjBJbmZyYSUyMENBJTIwMDYuY3J0MFMGCCsGAQUFBzAChkdodHRwOi8vY3JsMi5hbWUuZ2JsL2FpYS9CTDJQS0lJTlRDQTAyLkFNRS5HQkxfQU1FJTIwSW5mcmElMjBDQSUyMDA2LmNydDBTBggrBgEFBQcwAoZHaHR0cDovL2NybDMuYW1lLmdibC9haWEvQkwyUEtJSU5UQ0EwMi5BTUUuR0JMX0FNRSUyMEluZnJhJTIwQ0ElMjAwNi5jcnQwUwYIKwYBBQUHMAKGR2h0dHA6Ly9jcmw0LmFtZS5nYmwvYWlhL0JMMlBLSUlOVENBMDIuQU1FLkdCTF9BTUUlMjBJbmZyYSUyMENBJTIwMDYuY3J0MB0GA1UdDgQWBBS8HoebCKQVIYtc1_REbe-XAGi3HjAOBgNVHQ8BAf8EBAMCBaAwggEmBgNVHR8EggEdMIIBGTCCARWgggERoIIBDYY_aHR0cDovL2NybC5taWNyb3NvZnQuY29tL3BraWluZnJhL0NSTC9BTUUlMjBJbmZyYSUyMENBJTIwMDYuY3JshjFodHRwOi8vY3JsMS5hbWUuZ2JsL2NybC9BTUUlMjBJbmZyYSUyMENBJTIwMDYuY3JshjFodHRwOi8vY3JsMi5hbWUuZ2JsL2NybC9BTUUlMjBJbmZyYSUyMENBJTIwMDYuY3JshjFodHRwOi8vY3JsMy5hbWUuZ2JsL2NybC9BTUUlMjBJbmZyYSUyMENBJTIwMDYuY3JshjFodHRwOi8vY3JsNC5hbWUuZ2JsL2NybC9BTUUlMjBJbmZyYSUyMENBJTIwMDYuY3JsMBcGA1UdIAQQMA4wDAYKKwYBBAGCN3sBATAfBgNVHSMEGDAWgBTxRmjG8cPwKy19i2rhsvm-NfzRQTAdBgNVHSUEFjAUBggrBgEFBQcDAQYIKwYBBQUHAwIwDQYJKoZIhvcNAQELBQADggEBAB6b3-2IDHqiKHidm1sv2adgnlW7o5teHg5_6JuYXETz89EHAOvxAis3i3YzHc79kO_nmk5RcVHDydZ-zI8JDlC8n3v75Zt4KNDYid-qMTOeyQogLcB2Cq3iRGRTjaG_abh0F1ifWL0QBhzujNxastu--5-ozxOHa7CTiseyWTxaCRv103DUxZ7-lNrBKHFJRQV_X5G_oVNKU2WvTmSTWNzCXpyLhKdoBAyf_4QsisR7IFsL1aNWE8fHvLUv96vSpwRelX1cVuab3bBG_qJTzD1TMk8V37gxq4OTAHXZOmheCepyVhUEawvCvCTaFwQf5kHPZFdLhd7qh8jEr2C06sM&s=pewszEJFm1sitfQb4YpBYnfxscBkyFQWt-Fho1ijH65Cs6-ZYqBfyo5yBL86q_ovXLHCM-XMQxJNzhsmEqbfpmwoTO3PqgXW208NOrxBHw7fF0vj_nX2CsUtjXoAsaHsGx5MmjCprGjsb_ZiDrLe4-Ov7qx1AQD_iAMMPyOlzIKvbio1QRzeShlHycYVIc5lygCMZXJ8GpbteQopQsg5_PqKIMTPYHIQfXw6sKA5MxyxJIRA-5GX0tPJheREkqSiGJ_14hECLOgPt6uiWLIePzlA_hxSqpU8TgSzxu18RBm-p4RFXomL3dqGh0zfpjYdEJU8XDZClbhv57_tARuS9A&h=NAWVdRtHJCzonykDEn6493LGkqgu5wY0LDZe0Q1l8xk
  response:
    body:
      string: "{\r\n  \"startTime\": \"2023-10-25T02:44:10.5842967+00:00\",\r\n  \"\
        status\": \"InProgress\",\r\n  \"name\": \"390b8b15-c0b4-4025-ae5f-145712335eb7\"\
        \r\n}"
    headers:
      cache-control:
      - no-cache
      content-length:
      - '134'
      content-type:
      - application/json; charset=utf-8
      date:
      - Wed, 25 Oct 2023 02:44:12 GMT
      expires:
      - '-1'
      pragma:
      - no-cache
      server:
      - Microsoft-HTTPAPI/2.0
      - Microsoft-HTTPAPI/2.0
      strict-transport-security:
      - max-age=31536000; includeSubDomains
      transfer-encoding:
      - chunked
      vary:
      - Accept-Encoding
      x-content-type-options:
      - nosniff
      x-ms-ratelimit-remaining-resource:
      - Microsoft.Compute/GetOperationResource;59,Microsoft.Compute/GetOperationSubscriptionMaximum;14992
    status:
      code: 200
      message: OK
- request:
    body: null
    headers:
      Accept:
      - '*/*'
      Accept-Encoding:
      - gzip, deflate
      CommandName:
      - vm unmanaged-disk attach
      Connection:
      - keep-alive
      ParameterSetName:
      - -g --vm-name -n --vhd --new --caching --size-gb --lun
      User-Agent:
      - AZURECLI/2.53.0 azsdk-python-azure-mgmt-compute/30.2.0 Python/3.10.9 (Windows-10-10.0.22621-SP0)
    method: GET
    uri: https://management.azure.com/subscriptions/00000000-0000-0000-0000-000000000000/providers/Microsoft.Compute/locations/westus/operations/390b8b15-c0b4-4025-ae5f-145712335eb7?p=571046f6-b640-41c1-86f7-f9f044b5adf9&api-version=2022-11-01&t=638337986521757138&c=MIIHADCCBeigAwIBAgITHgMiVmbNs9bo9g1GbQAAAyJWZjANBgkqhkiG9w0BAQsFADBEMRMwEQYKCZImiZPyLGQBGRYDR0JMMRMwEQYKCZImiZPyLGQBGRYDQU1FMRgwFgYDVQQDEw9BTUUgSW5mcmEgQ0EgMDYwHhcNMjMwODAyMTgwNDI4WhcNMjQwNzI3MTgwNDI4WjBAMT4wPAYDVQQDEzVhc3luY29wZXJhdGlvbnNpZ25pbmdjZXJ0aWZpY2F0ZS5tYW5hZ2VtZW50LmF6dXJlLmNvbTCCASIwDQYJKoZIhvcNAQEBBQADggEPADCCAQoCggEBAMIcvxD_0PMhdmLk48iFdsDWY8xHwqf15PiuUxm56-DgFD_DTCio04a553Ilp6PhEzp-BqQUXZ8lOvewwSndfEiD0zKouzAK7ygeNzS10EFTSWbnBDNo4QPM7FM4bFhDUNl-AU1M7DrJCQPA8UGawTxFUgABTHaRYxMKeEyJ2IzdSmH0TjTgxv5pQDBP-QEJ-Rpdso9m_Yu2YfFRTCBiBNtQ4g-sojuHpOc3ULsGhK35Ua1gXYl44t0qnX1y-DiMbk0PPQ8_gop4DdSYd0NTBv-xBnqlom2ceJG8oCE4GCEXT3L6yOC3TvKvZ-7-r2cOWqPAolMtfZ4kIa7fp3zX-QUCAwEAAaOCA-0wggPpMCcGCSsGAQQBgjcVCgQaMBgwCgYIKwYBBQUHAwEwCgYIKwYBBQUHAwIwPQYJKwYBBAGCNxUHBDAwLgYmKwYBBAGCNxUIhpDjDYTVtHiE8Ys-hZvdFs6dEoFggvX2K4Py0SACAWQCAQowggHLBggrBgEFBQcBAQSCAb0wggG5MGMGCCsGAQUFBzAChldodHRwOi8vY3JsLm1pY3Jvc29mdC5jb20vcGtpaW5mcmEvQ2VydHMvQkwyUEtJSU5UQ0EwMi5BTUUuR0JMX0FNRSUyMEluZnJhJTIwQ0ElMjAwNi5jcnQwUwYIKwYBBQUHMAKGR2h0dHA6Ly9jcmwxLmFtZS5nYmwvYWlhL0JMMlBLSUlOVENBMDIuQU1FLkdCTF9BTUUlMjBJbmZyYSUyMENBJTIwMDYuY3J0MFMGCCsGAQUFBzAChkdodHRwOi8vY3JsMi5hbWUuZ2JsL2FpYS9CTDJQS0lJTlRDQTAyLkFNRS5HQkxfQU1FJTIwSW5mcmElMjBDQSUyMDA2LmNydDBTBggrBgEFBQcwAoZHaHR0cDovL2NybDMuYW1lLmdibC9haWEvQkwyUEtJSU5UQ0EwMi5BTUUuR0JMX0FNRSUyMEluZnJhJTIwQ0ElMjAwNi5jcnQwUwYIKwYBBQUHMAKGR2h0dHA6Ly9jcmw0LmFtZS5nYmwvYWlhL0JMMlBLSUlOVENBMDIuQU1FLkdCTF9BTUUlMjBJbmZyYSUyMENBJTIwMDYuY3J0MB0GA1UdDgQWBBS8HoebCKQVIYtc1_REbe-XAGi3HjAOBgNVHQ8BAf8EBAMCBaAwggEmBgNVHR8EggEdMIIBGTCCARWgggERoIIBDYY_aHR0cDovL2NybC5taWNyb3NvZnQuY29tL3BraWluZnJhL0NSTC9BTUUlMjBJbmZyYSUyMENBJTIwMDYuY3JshjFodHRwOi8vY3JsMS5hbWUuZ2JsL2NybC9BTUUlMjBJbmZyYSUyMENBJTIwMDYuY3JshjFodHRwOi8vY3JsMi5hbWUuZ2JsL2NybC9BTUUlMjBJbmZyYSUyMENBJTIwMDYuY3JshjFodHRwOi8vY3JsMy5hbWUuZ2JsL2NybC9BTUUlMjBJbmZyYSUyMENBJTIwMDYuY3JshjFodHRwOi8vY3JsNC5hbWUuZ2JsL2NybC9BTUUlMjBJbmZyYSUyMENBJTIwMDYuY3JsMBcGA1UdIAQQMA4wDAYKKwYBBAGCN3sBATAfBgNVHSMEGDAWgBTxRmjG8cPwKy19i2rhsvm-NfzRQTAdBgNVHSUEFjAUBggrBgEFBQcDAQYIKwYBBQUHAwIwDQYJKoZIhvcNAQELBQADggEBAB6b3-2IDHqiKHidm1sv2adgnlW7o5teHg5_6JuYXETz89EHAOvxAis3i3YzHc79kO_nmk5RcVHDydZ-zI8JDlC8n3v75Zt4KNDYid-qMTOeyQogLcB2Cq3iRGRTjaG_abh0F1ifWL0QBhzujNxastu--5-ozxOHa7CTiseyWTxaCRv103DUxZ7-lNrBKHFJRQV_X5G_oVNKU2WvTmSTWNzCXpyLhKdoBAyf_4QsisR7IFsL1aNWE8fHvLUv96vSpwRelX1cVuab3bBG_qJTzD1TMk8V37gxq4OTAHXZOmheCepyVhUEawvCvCTaFwQf5kHPZFdLhd7qh8jEr2C06sM&s=pewszEJFm1sitfQb4YpBYnfxscBkyFQWt-Fho1ijH65Cs6-ZYqBfyo5yBL86q_ovXLHCM-XMQxJNzhsmEqbfpmwoTO3PqgXW208NOrxBHw7fF0vj_nX2CsUtjXoAsaHsGx5MmjCprGjsb_ZiDrLe4-Ov7qx1AQD_iAMMPyOlzIKvbio1QRzeShlHycYVIc5lygCMZXJ8GpbteQopQsg5_PqKIMTPYHIQfXw6sKA5MxyxJIRA-5GX0tPJheREkqSiGJ_14hECLOgPt6uiWLIePzlA_hxSqpU8TgSzxu18RBm-p4RFXomL3dqGh0zfpjYdEJU8XDZClbhv57_tARuS9A&h=NAWVdRtHJCzonykDEn6493LGkqgu5wY0LDZe0Q1l8xk
  response:
    body:
      string: "{\r\n  \"startTime\": \"2023-10-25T02:44:10.5842967+00:00\",\r\n  \"\
        endTime\": \"2023-10-25T02:44:20.1468799+00:00\",\r\n  \"status\": \"Succeeded\"\
        ,\r\n  \"name\": \"390b8b15-c0b4-4025-ae5f-145712335eb7\"\r\n}"
    headers:
      cache-control:
      - no-cache
      content-length:
      - '184'
      content-type:
      - application/json; charset=utf-8
      date:
      - Wed, 25 Oct 2023 02:44:41 GMT
      expires:
      - '-1'
      pragma:
      - no-cache
      server:
      - Microsoft-HTTPAPI/2.0
      - Microsoft-HTTPAPI/2.0
      strict-transport-security:
      - max-age=31536000; includeSubDomains
      transfer-encoding:
      - chunked
      vary:
      - Accept-Encoding
      x-content-type-options:
      - nosniff
      x-ms-ratelimit-remaining-resource:
      - Microsoft.Compute/GetOperationResource;57,Microsoft.Compute/GetOperationSubscriptionMaximum;14979
    status:
      code: 200
      message: OK
- request:
    body: null
    headers:
      Accept:
      - '*/*'
      Accept-Encoding:
      - gzip, deflate
      CommandName:
      - vm unmanaged-disk attach
      Connection:
      - keep-alive
      ParameterSetName:
      - -g --vm-name -n --vhd --new --caching --size-gb --lun
      User-Agent:
      - AZURECLI/2.53.0 azsdk-python-azure-mgmt-compute/30.2.0 Python/3.10.9 (Windows-10-10.0.22621-SP0)
    method: GET
    uri: https://management.azure.com/subscriptions/00000000-0000-0000-0000-000000000000/resourceGroups/cli-test-disk000001/providers/Microsoft.Compute/virtualMachines/vm-datadisk-test?api-version=2022-11-01
  response:
    body:
      string: "{\r\n  \"name\": \"vm-datadisk-test\",\r\n  \"id\": \"/subscriptions/00000000-0000-0000-0000-000000000000/resourceGroups/cli-test-disk000001/providers/Microsoft.Compute/virtualMachines/vm-datadisk-test\"\
        ,\r\n  \"type\": \"Microsoft.Compute/virtualMachines\",\r\n  \"location\"\
        : \"westus\",\r\n  \"tags\": {},\r\n  \"properties\": {\r\n    \"hardwareProfile\"\
        : {\r\n      \"vmSize\": \"Standard_DS1_v2\"\r\n    },\r\n    \"provisioningState\"\
        : \"Succeeded\",\r\n    \"vmId\": \"59a28ef9-3097-499e-bc73-e46f970deb91\"\
        ,\r\n    \"storageProfile\": {\r\n      \"imageReference\": {\r\n        \"\
        publisher\": \"OpenLogic\",\r\n        \"offer\": \"CentOS\",\r\n        \"\
        sku\": \"7.5\",\r\n        \"version\": \"latest\",\r\n        \"exactVersion\"\
        : \"7.5.201808150\"\r\n      },\r\n      \"osDisk\": {\r\n        \"osType\"\
        : \"Linux\",\r\n        \"name\": \"osdisk_b9dba81573\",\r\n        \"createOption\"\
        : \"FromImage\",\r\n        \"vhd\": {\r\n          \"uri\": \"https://vhdstorageb9dba815737480.blob.core.windows.net/vhds/osdisk_b9dba81573.vhd\"\
        \r\n        },\r\n        \"caching\": \"ReadWrite\",\r\n        \"deleteOption\"\
        : \"Detach\",\r\n        \"diskSizeGB\": 30\r\n      },\r\n      \"dataDisks\"\
        : [\r\n        {\r\n          \"lun\": 1,\r\n          \"name\": \"d7\",\r\
        \n          \"createOption\": \"Empty\",\r\n          \"vhd\": {\r\n     \
        \       \"uri\": \"https://vhdstorageb9dba815737480.blob.core.windows.net/vhds/d7.vhd\"\
        \r\n          },\r\n          \"caching\": \"ReadWrite\",\r\n          \"\
        deleteOption\": \"Detach\",\r\n          \"diskSizeGB\": 8,\r\n          \"\
        toBeDetached\": false\r\n        }\r\n      ]\r\n    },\r\n    \"osProfile\"\
        : {\r\n      \"computerName\": \"vm-datadisk-test\",\r\n      \"adminUsername\"\
        : \"ubuntu\",\r\n      \"linuxConfiguration\": {\r\n        \"disablePasswordAuthentication\"\
        : false,\r\n        \"provisionVMAgent\": true,\r\n        \"patchSettings\"\
        : {\r\n          \"patchMode\": \"ImageDefault\",\r\n          \"assessmentMode\"\
        : \"ImageDefault\"\r\n        },\r\n        \"enableVMAgentPlatformUpdates\"\
        : false\r\n      },\r\n      \"secrets\": [],\r\n      \"allowExtensionOperations\"\
        : true,\r\n      \"requireGuestProvisionSignal\": true\r\n    },\r\n    \"\
        networkProfile\": {\"networkInterfaces\":[{\"id\":\"/subscriptions/00000000-0000-0000-0000-000000000000/resourceGroups/cli-test-disk000001/providers/Microsoft.Network/networkInterfaces/vm-datadisk-testVMNic\"\
        }]},\r\n    \"timeCreated\": \"2023-10-25T02:42:36.3648739+00:00\"\r\n  }\r\
        \n}"
    headers:
      cache-control:
      - no-cache
      content-length:
      - '2220'
      content-type:
      - application/json; charset=utf-8
      date:
      - Wed, 25 Oct 2023 02:44:42 GMT
      expires:
      - '-1'
      pragma:
      - no-cache
      server:
      - Microsoft-HTTPAPI/2.0
      - Microsoft-HTTPAPI/2.0
      strict-transport-security:
      - max-age=31536000; includeSubDomains
      transfer-encoding:
      - chunked
      vary:
      - Accept-Encoding
      x-content-type-options:
      - nosniff
      x-ms-ratelimit-remaining-resource:
      - Microsoft.Compute/LowCostGetSubscriptionMaximum;23964,Microsoft.Compute/LowCostGetResource;26
    status:
      code: 200
      message: OK
- request:
    body: null
    headers:
      Accept:
      - application/json
      Accept-Encoding:
      - gzip, deflate
      CommandName:
      - vm show
      Connection:
      - keep-alive
      ParameterSetName:
      - -g -n
      User-Agent:
      - AZURECLI/2.53.0 azsdk-python-azure-mgmt-compute/30.2.0 Python/3.10.9 (Windows-10-10.0.22621-SP0)
    method: GET
    uri: https://management.azure.com/subscriptions/00000000-0000-0000-0000-000000000000/resourceGroups/cli-test-disk000001/providers/Microsoft.Compute/virtualMachines/vm-datadisk-test?api-version=2022-11-01
  response:
    body:
      string: "{\r\n  \"name\": \"vm-datadisk-test\",\r\n  \"id\": \"/subscriptions/00000000-0000-0000-0000-000000000000/resourceGroups/cli-test-disk000001/providers/Microsoft.Compute/virtualMachines/vm-datadisk-test\"\
        ,\r\n  \"type\": \"Microsoft.Compute/virtualMachines\",\r\n  \"location\"\
        : \"westus\",\r\n  \"tags\": {},\r\n  \"properties\": {\r\n    \"hardwareProfile\"\
        : {\r\n      \"vmSize\": \"Standard_DS1_v2\"\r\n    },\r\n    \"provisioningState\"\
        : \"Succeeded\",\r\n    \"vmId\": \"59a28ef9-3097-499e-bc73-e46f970deb91\"\
        ,\r\n    \"storageProfile\": {\r\n      \"imageReference\": {\r\n        \"\
        publisher\": \"OpenLogic\",\r\n        \"offer\": \"CentOS\",\r\n        \"\
        sku\": \"7.5\",\r\n        \"version\": \"latest\",\r\n        \"exactVersion\"\
        : \"7.5.201808150\"\r\n      },\r\n      \"osDisk\": {\r\n        \"osType\"\
        : \"Linux\",\r\n        \"name\": \"osdisk_b9dba81573\",\r\n        \"createOption\"\
        : \"FromImage\",\r\n        \"vhd\": {\r\n          \"uri\": \"https://vhdstorageb9dba815737480.blob.core.windows.net/vhds/osdisk_b9dba81573.vhd\"\
        \r\n        },\r\n        \"caching\": \"ReadWrite\",\r\n        \"deleteOption\"\
        : \"Detach\",\r\n        \"diskSizeGB\": 30\r\n      },\r\n      \"dataDisks\"\
        : [\r\n        {\r\n          \"lun\": 1,\r\n          \"name\": \"d7\",\r\
        \n          \"createOption\": \"Empty\",\r\n          \"vhd\": {\r\n     \
        \       \"uri\": \"https://vhdstorageb9dba815737480.blob.core.windows.net/vhds/d7.vhd\"\
        \r\n          },\r\n          \"caching\": \"ReadWrite\",\r\n          \"\
        deleteOption\": \"Detach\",\r\n          \"diskSizeGB\": 8,\r\n          \"\
        toBeDetached\": false\r\n        }\r\n      ]\r\n    },\r\n    \"osProfile\"\
        : {\r\n      \"computerName\": \"vm-datadisk-test\",\r\n      \"adminUsername\"\
        : \"ubuntu\",\r\n      \"linuxConfiguration\": {\r\n        \"disablePasswordAuthentication\"\
        : false,\r\n        \"provisionVMAgent\": true,\r\n        \"patchSettings\"\
        : {\r\n          \"patchMode\": \"ImageDefault\",\r\n          \"assessmentMode\"\
        : \"ImageDefault\"\r\n        },\r\n        \"enableVMAgentPlatformUpdates\"\
        : false\r\n      },\r\n      \"secrets\": [],\r\n      \"allowExtensionOperations\"\
        : true,\r\n      \"requireGuestProvisionSignal\": true\r\n    },\r\n    \"\
        networkProfile\": {\"networkInterfaces\":[{\"id\":\"/subscriptions/00000000-0000-0000-0000-000000000000/resourceGroups/cli-test-disk000001/providers/Microsoft.Network/networkInterfaces/vm-datadisk-testVMNic\"\
        }]},\r\n    \"timeCreated\": \"2023-10-25T02:42:36.3648739+00:00\"\r\n  }\r\
        \n}"
    headers:
      cache-control:
      - no-cache
      content-length:
      - '2220'
      content-type:
      - application/json; charset=utf-8
      date:
      - Wed, 25 Oct 2023 02:44:44 GMT
      expires:
      - '-1'
      pragma:
      - no-cache
      server:
      - Microsoft-HTTPAPI/2.0
      - Microsoft-HTTPAPI/2.0
      strict-transport-security:
      - max-age=31536000; includeSubDomains
      transfer-encoding:
      - chunked
      vary:
      - Accept-Encoding
      x-content-type-options:
      - nosniff
      x-ms-ratelimit-remaining-resource:
      - Microsoft.Compute/LowCostGetSubscriptionMaximum;23963,Microsoft.Compute/LowCostGetResource;25
    status:
      code: 200
      message: OK
- request:
    body: null
    headers:
      Accept:
      - application/json
      Accept-Encoding:
      - gzip, deflate
      CommandName:
      - vm unmanaged-disk detach
      Connection:
      - keep-alive
      ParameterSetName:
      - -g --vm-name -n
      User-Agent:
      - AZURECLI/2.53.0 azsdk-python-azure-mgmt-compute/30.2.0 Python/3.10.9 (Windows-10-10.0.22621-SP0)
    method: GET
    uri: https://management.azure.com/subscriptions/00000000-0000-0000-0000-000000000000/resourceGroups/cli-test-disk000001/providers/Microsoft.Compute/virtualMachines/vm-datadisk-test?api-version=2022-11-01
  response:
    body:
      string: "{\r\n  \"name\": \"vm-datadisk-test\",\r\n  \"id\": \"/subscriptions/00000000-0000-0000-0000-000000000000/resourceGroups/cli-test-disk000001/providers/Microsoft.Compute/virtualMachines/vm-datadisk-test\"\
        ,\r\n  \"type\": \"Microsoft.Compute/virtualMachines\",\r\n  \"location\"\
        : \"westus\",\r\n  \"tags\": {},\r\n  \"properties\": {\r\n    \"hardwareProfile\"\
        : {\r\n      \"vmSize\": \"Standard_DS1_v2\"\r\n    },\r\n    \"provisioningState\"\
        : \"Succeeded\",\r\n    \"vmId\": \"59a28ef9-3097-499e-bc73-e46f970deb91\"\
        ,\r\n    \"storageProfile\": {\r\n      \"imageReference\": {\r\n        \"\
        publisher\": \"OpenLogic\",\r\n        \"offer\": \"CentOS\",\r\n        \"\
        sku\": \"7.5\",\r\n        \"version\": \"latest\",\r\n        \"exactVersion\"\
        : \"7.5.201808150\"\r\n      },\r\n      \"osDisk\": {\r\n        \"osType\"\
        : \"Linux\",\r\n        \"name\": \"osdisk_b9dba81573\",\r\n        \"createOption\"\
        : \"FromImage\",\r\n        \"vhd\": {\r\n          \"uri\": \"https://vhdstorageb9dba815737480.blob.core.windows.net/vhds/osdisk_b9dba81573.vhd\"\
        \r\n        },\r\n        \"caching\": \"ReadWrite\",\r\n        \"deleteOption\"\
        : \"Detach\",\r\n        \"diskSizeGB\": 30\r\n      },\r\n      \"dataDisks\"\
        : [\r\n        {\r\n          \"lun\": 1,\r\n          \"name\": \"d7\",\r\
        \n          \"createOption\": \"Empty\",\r\n          \"vhd\": {\r\n     \
        \       \"uri\": \"https://vhdstorageb9dba815737480.blob.core.windows.net/vhds/d7.vhd\"\
        \r\n          },\r\n          \"caching\": \"ReadWrite\",\r\n          \"\
        deleteOption\": \"Detach\",\r\n          \"diskSizeGB\": 8,\r\n          \"\
        toBeDetached\": false\r\n        }\r\n      ]\r\n    },\r\n    \"osProfile\"\
        : {\r\n      \"computerName\": \"vm-datadisk-test\",\r\n      \"adminUsername\"\
        : \"ubuntu\",\r\n      \"linuxConfiguration\": {\r\n        \"disablePasswordAuthentication\"\
        : false,\r\n        \"provisionVMAgent\": true,\r\n        \"patchSettings\"\
        : {\r\n          \"patchMode\": \"ImageDefault\",\r\n          \"assessmentMode\"\
        : \"ImageDefault\"\r\n        },\r\n        \"enableVMAgentPlatformUpdates\"\
        : false\r\n      },\r\n      \"secrets\": [],\r\n      \"allowExtensionOperations\"\
        : true,\r\n      \"requireGuestProvisionSignal\": true\r\n    },\r\n    \"\
        networkProfile\": {\"networkInterfaces\":[{\"id\":\"/subscriptions/00000000-0000-0000-0000-000000000000/resourceGroups/cli-test-disk000001/providers/Microsoft.Network/networkInterfaces/vm-datadisk-testVMNic\"\
        }]},\r\n    \"timeCreated\": \"2023-10-25T02:42:36.3648739+00:00\"\r\n  }\r\
        \n}"
    headers:
      cache-control:
      - no-cache
      content-length:
      - '2220'
      content-type:
      - application/json; charset=utf-8
      date:
      - Wed, 25 Oct 2023 02:44:44 GMT
      expires:
      - '-1'
      pragma:
      - no-cache
      server:
      - Microsoft-HTTPAPI/2.0
      - Microsoft-HTTPAPI/2.0
      strict-transport-security:
      - max-age=31536000; includeSubDomains
      transfer-encoding:
      - chunked
      vary:
      - Accept-Encoding
      x-content-type-options:
      - nosniff
      x-ms-ratelimit-remaining-resource:
      - Microsoft.Compute/LowCostGetSubscriptionMaximum;23962,Microsoft.Compute/LowCostGetResource;35
    status:
      code: 200
      message: OK
- request:
    body: '{"location": "westus", "tags": {}, "properties": {"hardwareProfile": {"vmSize":
      "Standard_DS1_v2"}, "storageProfile": {"osDisk": {"osType": "Linux", "name":
      "osdisk_b9dba81573", "vhd": {"uri": "https://vhdstorageb9dba815737480.blob.core.windows.net/vhds/osdisk_b9dba81573.vhd"},
      "caching": "ReadWrite", "createOption": "FromImage", "diskSizeGB": 30, "deleteOption":
      "Detach"}, "dataDisks": []}, "osProfile": {"computerName": "vm-datadisk-test",
      "adminUsername": "ubuntu", "linuxConfiguration": {"disablePasswordAuthentication":
      false, "provisionVMAgent": true, "patchSettings": {"patchMode": "ImageDefault",
      "assessmentMode": "ImageDefault"}, "enableVMAgentPlatformUpdates": false}, "secrets":
      [], "allowExtensionOperations": true, "requireGuestProvisionSignal": true},
      "networkProfile": {"networkInterfaces": [{"id": "/subscriptions/00000000-0000-0000-0000-000000000000/resourceGroups/cli-test-disk000001/providers/Microsoft.Network/networkInterfaces/vm-datadisk-testVMNic"}]}}}'
    headers:
      Accept:
      - application/json
      Accept-Encoding:
      - gzip, deflate
      CommandName:
      - vm unmanaged-disk detach
      Connection:
      - keep-alive
      Content-Length:
      - '979'
      Content-Type:
      - application/json
      ParameterSetName:
      - -g --vm-name -n
      User-Agent:
      - AZURECLI/2.53.0 azsdk-python-azure-mgmt-compute/30.2.0 Python/3.10.9 (Windows-10-10.0.22621-SP0)
    method: PUT
    uri: https://management.azure.com/subscriptions/00000000-0000-0000-0000-000000000000/resourceGroups/cli-test-disk000001/providers/Microsoft.Compute/virtualMachines/vm-datadisk-test?api-version=2022-11-01
  response:
    body:
      string: "{\r\n  \"name\": \"vm-datadisk-test\",\r\n  \"id\": \"/subscriptions/00000000-0000-0000-0000-000000000000/resourceGroups/cli-test-disk000001/providers/Microsoft.Compute/virtualMachines/vm-datadisk-test\"\
        ,\r\n  \"type\": \"Microsoft.Compute/virtualMachines\",\r\n  \"location\"\
        : \"westus\",\r\n  \"tags\": {},\r\n  \"properties\": {\r\n    \"hardwareProfile\"\
        : {\r\n      \"vmSize\": \"Standard_DS1_v2\"\r\n    },\r\n    \"provisioningState\"\
        : \"Updating\",\r\n    \"vmId\": \"59a28ef9-3097-499e-bc73-e46f970deb91\"\
        ,\r\n    \"storageProfile\": {\r\n      \"imageReference\": {\r\n        \"\
        publisher\": \"OpenLogic\",\r\n        \"offer\": \"CentOS\",\r\n        \"\
        sku\": \"7.5\",\r\n        \"version\": \"latest\",\r\n        \"exactVersion\"\
        : \"7.5.201808150\"\r\n      },\r\n      \"osDisk\": {\r\n        \"osType\"\
        : \"Linux\",\r\n        \"name\": \"osdisk_b9dba81573\",\r\n        \"createOption\"\
        : \"FromImage\",\r\n        \"vhd\": {\r\n          \"uri\": \"https://vhdstorageb9dba815737480.blob.core.windows.net/vhds/osdisk_b9dba81573.vhd\"\
        \r\n        },\r\n        \"caching\": \"ReadWrite\",\r\n        \"deleteOption\"\
        : \"Detach\",\r\n        \"diskSizeGB\": 30\r\n      },\r\n      \"dataDisks\"\
        : [\r\n        {\r\n          \"lun\": 1,\r\n          \"name\": \"d7\",\r\
        \n          \"createOption\": \"Empty\",\r\n          \"vhd\": {\r\n     \
        \       \"uri\": \"https://vhdstorageb9dba815737480.blob.core.windows.net/vhds/d7.vhd\"\
        \r\n          },\r\n          \"caching\": \"ReadWrite\",\r\n          \"\
        deleteOption\": \"Detach\",\r\n          \"diskSizeGB\": 8,\r\n          \"\
        toBeDetached\": true\r\n        }\r\n      ]\r\n    },\r\n    \"osProfile\"\
        : {\r\n      \"computerName\": \"vm-datadisk-test\",\r\n      \"adminUsername\"\
        : \"ubuntu\",\r\n      \"linuxConfiguration\": {\r\n        \"disablePasswordAuthentication\"\
        : false,\r\n        \"provisionVMAgent\": true,\r\n        \"patchSettings\"\
        : {\r\n          \"patchMode\": \"ImageDefault\",\r\n          \"assessmentMode\"\
        : \"ImageDefault\"\r\n        },\r\n        \"enableVMAgentPlatformUpdates\"\
        : false\r\n      },\r\n      \"secrets\": [],\r\n      \"allowExtensionOperations\"\
        : true,\r\n      \"requireGuestProvisionSignal\": true\r\n    },\r\n    \"\
        networkProfile\": {\"networkInterfaces\":[{\"id\":\"/subscriptions/00000000-0000-0000-0000-000000000000/resourceGroups/cli-test-disk000001/providers/Microsoft.Network/networkInterfaces/vm-datadisk-testVMNic\"\
        }]},\r\n    \"timeCreated\": \"2023-10-25T02:42:36.3648739+00:00\"\r\n  }\r\
        \n}"
    headers:
      azure-asyncnotification:
      - Enabled
      azure-asyncoperation:
      - https://management.azure.com/subscriptions/00000000-0000-0000-0000-000000000000/providers/Microsoft.Compute/locations/westus/operations/5bae7929-6482-4f9a-9dab-540b9fdeb82f?p=571046f6-b640-41c1-86f7-f9f044b5adf9&api-version=2022-11-01&t=638337986891205078&c=MIIHADCCBeigAwIBAgITHgMiVmbNs9bo9g1GbQAAAyJWZjANBgkqhkiG9w0BAQsFADBEMRMwEQYKCZImiZPyLGQBGRYDR0JMMRMwEQYKCZImiZPyLGQBGRYDQU1FMRgwFgYDVQQDEw9BTUUgSW5mcmEgQ0EgMDYwHhcNMjMwODAyMTgwNDI4WhcNMjQwNzI3MTgwNDI4WjBAMT4wPAYDVQQDEzVhc3luY29wZXJhdGlvbnNpZ25pbmdjZXJ0aWZpY2F0ZS5tYW5hZ2VtZW50LmF6dXJlLmNvbTCCASIwDQYJKoZIhvcNAQEBBQADggEPADCCAQoCggEBAMIcvxD_0PMhdmLk48iFdsDWY8xHwqf15PiuUxm56-DgFD_DTCio04a553Ilp6PhEzp-BqQUXZ8lOvewwSndfEiD0zKouzAK7ygeNzS10EFTSWbnBDNo4QPM7FM4bFhDUNl-AU1M7DrJCQPA8UGawTxFUgABTHaRYxMKeEyJ2IzdSmH0TjTgxv5pQDBP-QEJ-Rpdso9m_Yu2YfFRTCBiBNtQ4g-sojuHpOc3ULsGhK35Ua1gXYl44t0qnX1y-DiMbk0PPQ8_gop4DdSYd0NTBv-xBnqlom2ceJG8oCE4GCEXT3L6yOC3TvKvZ-7-r2cOWqPAolMtfZ4kIa7fp3zX-QUCAwEAAaOCA-0wggPpMCcGCSsGAQQBgjcVCgQaMBgwCgYIKwYBBQUHAwEwCgYIKwYBBQUHAwIwPQYJKwYBBAGCNxUHBDAwLgYmKwYBBAGCNxUIhpDjDYTVtHiE8Ys-hZvdFs6dEoFggvX2K4Py0SACAWQCAQowggHLBggrBgEFBQcBAQSCAb0wggG5MGMGCCsGAQUFBzAChldodHRwOi8vY3JsLm1pY3Jvc29mdC5jb20vcGtpaW5mcmEvQ2VydHMvQkwyUEtJSU5UQ0EwMi5BTUUuR0JMX0FNRSUyMEluZnJhJTIwQ0ElMjAwNi5jcnQwUwYIKwYBBQUHMAKGR2h0dHA6Ly9jcmwxLmFtZS5nYmwvYWlhL0JMMlBLSUlOVENBMDIuQU1FLkdCTF9BTUUlMjBJbmZyYSUyMENBJTIwMDYuY3J0MFMGCCsGAQUFBzAChkdodHRwOi8vY3JsMi5hbWUuZ2JsL2FpYS9CTDJQS0lJTlRDQTAyLkFNRS5HQkxfQU1FJTIwSW5mcmElMjBDQSUyMDA2LmNydDBTBggrBgEFBQcwAoZHaHR0cDovL2NybDMuYW1lLmdibC9haWEvQkwyUEtJSU5UQ0EwMi5BTUUuR0JMX0FNRSUyMEluZnJhJTIwQ0ElMjAwNi5jcnQwUwYIKwYBBQUHMAKGR2h0dHA6Ly9jcmw0LmFtZS5nYmwvYWlhL0JMMlBLSUlOVENBMDIuQU1FLkdCTF9BTUUlMjBJbmZyYSUyMENBJTIwMDYuY3J0MB0GA1UdDgQWBBS8HoebCKQVIYtc1_REbe-XAGi3HjAOBgNVHQ8BAf8EBAMCBaAwggEmBgNVHR8EggEdMIIBGTCCARWgggERoIIBDYY_aHR0cDovL2NybC5taWNyb3NvZnQuY29tL3BraWluZnJhL0NSTC9BTUUlMjBJbmZyYSUyMENBJTIwMDYuY3JshjFodHRwOi8vY3JsMS5hbWUuZ2JsL2NybC9BTUUlMjBJbmZyYSUyMENBJTIwMDYuY3JshjFodHRwOi8vY3JsMi5hbWUuZ2JsL2NybC9BTUUlMjBJbmZyYSUyMENBJTIwMDYuY3JshjFodHRwOi8vY3JsMy5hbWUuZ2JsL2NybC9BTUUlMjBJbmZyYSUyMENBJTIwMDYuY3JshjFodHRwOi8vY3JsNC5hbWUuZ2JsL2NybC9BTUUlMjBJbmZyYSUyMENBJTIwMDYuY3JsMBcGA1UdIAQQMA4wDAYKKwYBBAGCN3sBATAfBgNVHSMEGDAWgBTxRmjG8cPwKy19i2rhsvm-NfzRQTAdBgNVHSUEFjAUBggrBgEFBQcDAQYIKwYBBQUHAwIwDQYJKoZIhvcNAQELBQADggEBAB6b3-2IDHqiKHidm1sv2adgnlW7o5teHg5_6JuYXETz89EHAOvxAis3i3YzHc79kO_nmk5RcVHDydZ-zI8JDlC8n3v75Zt4KNDYid-qMTOeyQogLcB2Cq3iRGRTjaG_abh0F1ifWL0QBhzujNxastu--5-ozxOHa7CTiseyWTxaCRv103DUxZ7-lNrBKHFJRQV_X5G_oVNKU2WvTmSTWNzCXpyLhKdoBAyf_4QsisR7IFsL1aNWE8fHvLUv96vSpwRelX1cVuab3bBG_qJTzD1TMk8V37gxq4OTAHXZOmheCepyVhUEawvCvCTaFwQf5kHPZFdLhd7qh8jEr2C06sM&s=wFk2prpG7qTig-rmfPnmhqgNVuIxChUUeyPoTx-dHbOLpWB8CUhbzlQ78fycaXyTcPNAf-Mv_42kJwOo5WGsDgWhgtTMghTTykYZ5d4bu-gzpiS-XFQ43qJYyp0_SUdPaleHqOIF0hmD-6PRbNNvtmQpy0CBc6JW46VoPLbQguVGlxS0yeWB0U_2LfXVhLP9E20kaTpNdM6G7Q9LHEj-bdVy8KeVmIAkPc-qO5Svxn49rg3OOuX1QV_9DcEZpqiZrZ0kk-A-GehP1qJDY_BJJmVzP9ERQCGyKvJvgwlHPo7OVJGUvJNTXxi755ElvHZ2vzaIES7VLfGKhtBZpsADAg&h=JTACH12-x4TwoOVWJfnXag726Y82-OCqnr5_ic_dSk8
      cache-control:
      - no-cache
      content-length:
      - '2218'
      content-type:
      - application/json; charset=utf-8
      date:
      - Wed, 25 Oct 2023 02:44:48 GMT
      expires:
      - '-1'
      pragma:
      - no-cache
      server:
      - Microsoft-HTTPAPI/2.0
      - Microsoft-HTTPAPI/2.0
      strict-transport-security:
      - max-age=31536000; includeSubDomains
      transfer-encoding:
      - chunked
      vary:
      - Accept-Encoding
      x-content-type-options:
      - nosniff
      x-ms-ratelimit-remaining-resource:
      - Microsoft.Compute/PutVMSubscriptionMaximum;1499,Microsoft.Compute/PutVMResource;11
      x-ms-ratelimit-remaining-subscription-writes:
      - '1199'
    status:
      code: 200
      message: OK
- request:
    body: null
    headers:
      Accept:
      - '*/*'
      Accept-Encoding:
      - gzip, deflate
      CommandName:
      - vm unmanaged-disk detach
      Connection:
      - keep-alive
      ParameterSetName:
      - -g --vm-name -n
      User-Agent:
      - AZURECLI/2.53.0 azsdk-python-azure-mgmt-compute/30.2.0 Python/3.10.9 (Windows-10-10.0.22621-SP0)
    method: GET
    uri: https://management.azure.com/subscriptions/00000000-0000-0000-0000-000000000000/providers/Microsoft.Compute/locations/westus/operations/5bae7929-6482-4f9a-9dab-540b9fdeb82f?p=571046f6-b640-41c1-86f7-f9f044b5adf9&api-version=2022-11-01&t=638337986891205078&c=MIIHADCCBeigAwIBAgITHgMiVmbNs9bo9g1GbQAAAyJWZjANBgkqhkiG9w0BAQsFADBEMRMwEQYKCZImiZPyLGQBGRYDR0JMMRMwEQYKCZImiZPyLGQBGRYDQU1FMRgwFgYDVQQDEw9BTUUgSW5mcmEgQ0EgMDYwHhcNMjMwODAyMTgwNDI4WhcNMjQwNzI3MTgwNDI4WjBAMT4wPAYDVQQDEzVhc3luY29wZXJhdGlvbnNpZ25pbmdjZXJ0aWZpY2F0ZS5tYW5hZ2VtZW50LmF6dXJlLmNvbTCCASIwDQYJKoZIhvcNAQEBBQADggEPADCCAQoCggEBAMIcvxD_0PMhdmLk48iFdsDWY8xHwqf15PiuUxm56-DgFD_DTCio04a553Ilp6PhEzp-BqQUXZ8lOvewwSndfEiD0zKouzAK7ygeNzS10EFTSWbnBDNo4QPM7FM4bFhDUNl-AU1M7DrJCQPA8UGawTxFUgABTHaRYxMKeEyJ2IzdSmH0TjTgxv5pQDBP-QEJ-Rpdso9m_Yu2YfFRTCBiBNtQ4g-sojuHpOc3ULsGhK35Ua1gXYl44t0qnX1y-DiMbk0PPQ8_gop4DdSYd0NTBv-xBnqlom2ceJG8oCE4GCEXT3L6yOC3TvKvZ-7-r2cOWqPAolMtfZ4kIa7fp3zX-QUCAwEAAaOCA-0wggPpMCcGCSsGAQQBgjcVCgQaMBgwCgYIKwYBBQUHAwEwCgYIKwYBBQUHAwIwPQYJKwYBBAGCNxUHBDAwLgYmKwYBBAGCNxUIhpDjDYTVtHiE8Ys-hZvdFs6dEoFggvX2K4Py0SACAWQCAQowggHLBggrBgEFBQcBAQSCAb0wggG5MGMGCCsGAQUFBzAChldodHRwOi8vY3JsLm1pY3Jvc29mdC5jb20vcGtpaW5mcmEvQ2VydHMvQkwyUEtJSU5UQ0EwMi5BTUUuR0JMX0FNRSUyMEluZnJhJTIwQ0ElMjAwNi5jcnQwUwYIKwYBBQUHMAKGR2h0dHA6Ly9jcmwxLmFtZS5nYmwvYWlhL0JMMlBLSUlOVENBMDIuQU1FLkdCTF9BTUUlMjBJbmZyYSUyMENBJTIwMDYuY3J0MFMGCCsGAQUFBzAChkdodHRwOi8vY3JsMi5hbWUuZ2JsL2FpYS9CTDJQS0lJTlRDQTAyLkFNRS5HQkxfQU1FJTIwSW5mcmElMjBDQSUyMDA2LmNydDBTBggrBgEFBQcwAoZHaHR0cDovL2NybDMuYW1lLmdibC9haWEvQkwyUEtJSU5UQ0EwMi5BTUUuR0JMX0FNRSUyMEluZnJhJTIwQ0ElMjAwNi5jcnQwUwYIKwYBBQUHMAKGR2h0dHA6Ly9jcmw0LmFtZS5nYmwvYWlhL0JMMlBLSUlOVENBMDIuQU1FLkdCTF9BTUUlMjBJbmZyYSUyMENBJTIwMDYuY3J0MB0GA1UdDgQWBBS8HoebCKQVIYtc1_REbe-XAGi3HjAOBgNVHQ8BAf8EBAMCBaAwggEmBgNVHR8EggEdMIIBGTCCARWgggERoIIBDYY_aHR0cDovL2NybC5taWNyb3NvZnQuY29tL3BraWluZnJhL0NSTC9BTUUlMjBJbmZyYSUyMENBJTIwMDYuY3JshjFodHRwOi8vY3JsMS5hbWUuZ2JsL2NybC9BTUUlMjBJbmZyYSUyMENBJTIwMDYuY3JshjFodHRwOi8vY3JsMi5hbWUuZ2JsL2NybC9BTUUlMjBJbmZyYSUyMENBJTIwMDYuY3JshjFodHRwOi8vY3JsMy5hbWUuZ2JsL2NybC9BTUUlMjBJbmZyYSUyMENBJTIwMDYuY3JshjFodHRwOi8vY3JsNC5hbWUuZ2JsL2NybC9BTUUlMjBJbmZyYSUyMENBJTIwMDYuY3JsMBcGA1UdIAQQMA4wDAYKKwYBBAGCN3sBATAfBgNVHSMEGDAWgBTxRmjG8cPwKy19i2rhsvm-NfzRQTAdBgNVHSUEFjAUBggrBgEFBQcDAQYIKwYBBQUHAwIwDQYJKoZIhvcNAQELBQADggEBAB6b3-2IDHqiKHidm1sv2adgnlW7o5teHg5_6JuYXETz89EHAOvxAis3i3YzHc79kO_nmk5RcVHDydZ-zI8JDlC8n3v75Zt4KNDYid-qMTOeyQogLcB2Cq3iRGRTjaG_abh0F1ifWL0QBhzujNxastu--5-ozxOHa7CTiseyWTxaCRv103DUxZ7-lNrBKHFJRQV_X5G_oVNKU2WvTmSTWNzCXpyLhKdoBAyf_4QsisR7IFsL1aNWE8fHvLUv96vSpwRelX1cVuab3bBG_qJTzD1TMk8V37gxq4OTAHXZOmheCepyVhUEawvCvCTaFwQf5kHPZFdLhd7qh8jEr2C06sM&s=wFk2prpG7qTig-rmfPnmhqgNVuIxChUUeyPoTx-dHbOLpWB8CUhbzlQ78fycaXyTcPNAf-Mv_42kJwOo5WGsDgWhgtTMghTTykYZ5d4bu-gzpiS-XFQ43qJYyp0_SUdPaleHqOIF0hmD-6PRbNNvtmQpy0CBc6JW46VoPLbQguVGlxS0yeWB0U_2LfXVhLP9E20kaTpNdM6G7Q9LHEj-bdVy8KeVmIAkPc-qO5Svxn49rg3OOuX1QV_9DcEZpqiZrZ0kk-A-GehP1qJDY_BJJmVzP9ERQCGyKvJvgwlHPo7OVJGUvJNTXxi755ElvHZ2vzaIES7VLfGKhtBZpsADAg&h=JTACH12-x4TwoOVWJfnXag726Y82-OCqnr5_ic_dSk8
  response:
    body:
      string: "{\r\n  \"startTime\": \"2023-10-25T02:44:47.6002328+00:00\",\r\n  \"\
        status\": \"InProgress\",\r\n  \"name\": \"5bae7929-6482-4f9a-9dab-540b9fdeb82f\"\
        \r\n}"
    headers:
      cache-control:
      - no-cache
      content-length:
      - '134'
      content-type:
      - application/json; charset=utf-8
      date:
      - Wed, 25 Oct 2023 02:44:49 GMT
      expires:
      - '-1'
      pragma:
      - no-cache
      server:
      - Microsoft-HTTPAPI/2.0
      - Microsoft-HTTPAPI/2.0
      strict-transport-security:
      - max-age=31536000; includeSubDomains
      transfer-encoding:
      - chunked
      vary:
      - Accept-Encoding
      x-content-type-options:
      - nosniff
      x-ms-ratelimit-remaining-resource:
      - Microsoft.Compute/GetOperationResource;59,Microsoft.Compute/GetOperationSubscriptionMaximum;14972
    status:
      code: 200
      message: OK
- request:
    body: null
    headers:
      Accept:
      - '*/*'
      Accept-Encoding:
      - gzip, deflate
      CommandName:
      - vm unmanaged-disk detach
      Connection:
      - keep-alive
      ParameterSetName:
      - -g --vm-name -n
      User-Agent:
      - AZURECLI/2.53.0 azsdk-python-azure-mgmt-compute/30.2.0 Python/3.10.9 (Windows-10-10.0.22621-SP0)
    method: GET
    uri: https://management.azure.com/subscriptions/00000000-0000-0000-0000-000000000000/providers/Microsoft.Compute/locations/westus/operations/5bae7929-6482-4f9a-9dab-540b9fdeb82f?p=571046f6-b640-41c1-86f7-f9f044b5adf9&api-version=2022-11-01&t=638337986891205078&c=MIIHADCCBeigAwIBAgITHgMiVmbNs9bo9g1GbQAAAyJWZjANBgkqhkiG9w0BAQsFADBEMRMwEQYKCZImiZPyLGQBGRYDR0JMMRMwEQYKCZImiZPyLGQBGRYDQU1FMRgwFgYDVQQDEw9BTUUgSW5mcmEgQ0EgMDYwHhcNMjMwODAyMTgwNDI4WhcNMjQwNzI3MTgwNDI4WjBAMT4wPAYDVQQDEzVhc3luY29wZXJhdGlvbnNpZ25pbmdjZXJ0aWZpY2F0ZS5tYW5hZ2VtZW50LmF6dXJlLmNvbTCCASIwDQYJKoZIhvcNAQEBBQADggEPADCCAQoCggEBAMIcvxD_0PMhdmLk48iFdsDWY8xHwqf15PiuUxm56-DgFD_DTCio04a553Ilp6PhEzp-BqQUXZ8lOvewwSndfEiD0zKouzAK7ygeNzS10EFTSWbnBDNo4QPM7FM4bFhDUNl-AU1M7DrJCQPA8UGawTxFUgABTHaRYxMKeEyJ2IzdSmH0TjTgxv5pQDBP-QEJ-Rpdso9m_Yu2YfFRTCBiBNtQ4g-sojuHpOc3ULsGhK35Ua1gXYl44t0qnX1y-DiMbk0PPQ8_gop4DdSYd0NTBv-xBnqlom2ceJG8oCE4GCEXT3L6yOC3TvKvZ-7-r2cOWqPAolMtfZ4kIa7fp3zX-QUCAwEAAaOCA-0wggPpMCcGCSsGAQQBgjcVCgQaMBgwCgYIKwYBBQUHAwEwCgYIKwYBBQUHAwIwPQYJKwYBBAGCNxUHBDAwLgYmKwYBBAGCNxUIhpDjDYTVtHiE8Ys-hZvdFs6dEoFggvX2K4Py0SACAWQCAQowggHLBggrBgEFBQcBAQSCAb0wggG5MGMGCCsGAQUFBzAChldodHRwOi8vY3JsLm1pY3Jvc29mdC5jb20vcGtpaW5mcmEvQ2VydHMvQkwyUEtJSU5UQ0EwMi5BTUUuR0JMX0FNRSUyMEluZnJhJTIwQ0ElMjAwNi5jcnQwUwYIKwYBBQUHMAKGR2h0dHA6Ly9jcmwxLmFtZS5nYmwvYWlhL0JMMlBLSUlOVENBMDIuQU1FLkdCTF9BTUUlMjBJbmZyYSUyMENBJTIwMDYuY3J0MFMGCCsGAQUFBzAChkdodHRwOi8vY3JsMi5hbWUuZ2JsL2FpYS9CTDJQS0lJTlRDQTAyLkFNRS5HQkxfQU1FJTIwSW5mcmElMjBDQSUyMDA2LmNydDBTBggrBgEFBQcwAoZHaHR0cDovL2NybDMuYW1lLmdibC9haWEvQkwyUEtJSU5UQ0EwMi5BTUUuR0JMX0FNRSUyMEluZnJhJTIwQ0ElMjAwNi5jcnQwUwYIKwYBBQUHMAKGR2h0dHA6Ly9jcmw0LmFtZS5nYmwvYWlhL0JMMlBLSUlOVENBMDIuQU1FLkdCTF9BTUUlMjBJbmZyYSUyMENBJTIwMDYuY3J0MB0GA1UdDgQWBBS8HoebCKQVIYtc1_REbe-XAGi3HjAOBgNVHQ8BAf8EBAMCBaAwggEmBgNVHR8EggEdMIIBGTCCARWgggERoIIBDYY_aHR0cDovL2NybC5taWNyb3NvZnQuY29tL3BraWluZnJhL0NSTC9BTUUlMjBJbmZyYSUyMENBJTIwMDYuY3JshjFodHRwOi8vY3JsMS5hbWUuZ2JsL2NybC9BTUUlMjBJbmZyYSUyMENBJTIwMDYuY3JshjFodHRwOi8vY3JsMi5hbWUuZ2JsL2NybC9BTUUlMjBJbmZyYSUyMENBJTIwMDYuY3JshjFodHRwOi8vY3JsMy5hbWUuZ2JsL2NybC9BTUUlMjBJbmZyYSUyMENBJTIwMDYuY3JshjFodHRwOi8vY3JsNC5hbWUuZ2JsL2NybC9BTUUlMjBJbmZyYSUyMENBJTIwMDYuY3JsMBcGA1UdIAQQMA4wDAYKKwYBBAGCN3sBATAfBgNVHSMEGDAWgBTxRmjG8cPwKy19i2rhsvm-NfzRQTAdBgNVHSUEFjAUBggrBgEFBQcDAQYIKwYBBQUHAwIwDQYJKoZIhvcNAQELBQADggEBAB6b3-2IDHqiKHidm1sv2adgnlW7o5teHg5_6JuYXETz89EHAOvxAis3i3YzHc79kO_nmk5RcVHDydZ-zI8JDlC8n3v75Zt4KNDYid-qMTOeyQogLcB2Cq3iRGRTjaG_abh0F1ifWL0QBhzujNxastu--5-ozxOHa7CTiseyWTxaCRv103DUxZ7-lNrBKHFJRQV_X5G_oVNKU2WvTmSTWNzCXpyLhKdoBAyf_4QsisR7IFsL1aNWE8fHvLUv96vSpwRelX1cVuab3bBG_qJTzD1TMk8V37gxq4OTAHXZOmheCepyVhUEawvCvCTaFwQf5kHPZFdLhd7qh8jEr2C06sM&s=wFk2prpG7qTig-rmfPnmhqgNVuIxChUUeyPoTx-dHbOLpWB8CUhbzlQ78fycaXyTcPNAf-Mv_42kJwOo5WGsDgWhgtTMghTTykYZ5d4bu-gzpiS-XFQ43qJYyp0_SUdPaleHqOIF0hmD-6PRbNNvtmQpy0CBc6JW46VoPLbQguVGlxS0yeWB0U_2LfXVhLP9E20kaTpNdM6G7Q9LHEj-bdVy8KeVmIAkPc-qO5Svxn49rg3OOuX1QV_9DcEZpqiZrZ0kk-A-GehP1qJDY_BJJmVzP9ERQCGyKvJvgwlHPo7OVJGUvJNTXxi755ElvHZ2vzaIES7VLfGKhtBZpsADAg&h=JTACH12-x4TwoOVWJfnXag726Y82-OCqnr5_ic_dSk8
  response:
    body:
      string: "{\r\n  \"startTime\": \"2023-10-25T02:44:47.6002328+00:00\",\r\n  \"\
        endTime\": \"2023-10-25T02:45:02.7879104+00:00\",\r\n  \"status\": \"Succeeded\"\
        ,\r\n  \"name\": \"5bae7929-6482-4f9a-9dab-540b9fdeb82f\"\r\n}"
    headers:
      cache-control:
      - no-cache
      content-length:
      - '184'
      content-type:
      - application/json; charset=utf-8
      date:
      - Wed, 25 Oct 2023 02:45:19 GMT
      expires:
      - '-1'
      pragma:
      - no-cache
      server:
      - Microsoft-HTTPAPI/2.0
      - Microsoft-HTTPAPI/2.0
      strict-transport-security:
      - max-age=31536000; includeSubDomains
      transfer-encoding:
      - chunked
      vary:
      - Accept-Encoding
      x-content-type-options:
      - nosniff
      x-ms-ratelimit-remaining-resource:
      - Microsoft.Compute/GetOperationResource;57,Microsoft.Compute/GetOperationSubscriptionMaximum;14988
    status:
      code: 200
      message: OK
- request:
    body: null
    headers:
      Accept:
      - '*/*'
      Accept-Encoding:
      - gzip, deflate
      CommandName:
      - vm unmanaged-disk detach
      Connection:
      - keep-alive
      ParameterSetName:
      - -g --vm-name -n
      User-Agent:
      - AZURECLI/2.53.0 azsdk-python-azure-mgmt-compute/30.2.0 Python/3.10.9 (Windows-10-10.0.22621-SP0)
    method: GET
    uri: https://management.azure.com/subscriptions/00000000-0000-0000-0000-000000000000/resourceGroups/cli-test-disk000001/providers/Microsoft.Compute/virtualMachines/vm-datadisk-test?api-version=2022-11-01
  response:
    body:
      string: "{\r\n  \"name\": \"vm-datadisk-test\",\r\n  \"id\": \"/subscriptions/00000000-0000-0000-0000-000000000000/resourceGroups/cli-test-disk000001/providers/Microsoft.Compute/virtualMachines/vm-datadisk-test\"\
        ,\r\n  \"type\": \"Microsoft.Compute/virtualMachines\",\r\n  \"location\"\
        : \"westus\",\r\n  \"tags\": {},\r\n  \"properties\": {\r\n    \"hardwareProfile\"\
        : {\r\n      \"vmSize\": \"Standard_DS1_v2\"\r\n    },\r\n    \"provisioningState\"\
        : \"Succeeded\",\r\n    \"vmId\": \"59a28ef9-3097-499e-bc73-e46f970deb91\"\
        ,\r\n    \"storageProfile\": {\r\n      \"imageReference\": {\r\n        \"\
        publisher\": \"OpenLogic\",\r\n        \"offer\": \"CentOS\",\r\n        \"\
        sku\": \"7.5\",\r\n        \"version\": \"latest\",\r\n        \"exactVersion\"\
        : \"7.5.201808150\"\r\n      },\r\n      \"osDisk\": {\r\n        \"osType\"\
        : \"Linux\",\r\n        \"name\": \"osdisk_b9dba81573\",\r\n        \"createOption\"\
        : \"FromImage\",\r\n        \"vhd\": {\r\n          \"uri\": \"https://vhdstorageb9dba815737480.blob.core.windows.net/vhds/osdisk_b9dba81573.vhd\"\
        \r\n        },\r\n        \"caching\": \"ReadWrite\",\r\n        \"deleteOption\"\
        : \"Detach\",\r\n        \"diskSizeGB\": 30\r\n      },\r\n      \"dataDisks\"\
        : []\r\n    },\r\n    \"osProfile\": {\r\n      \"computerName\": \"vm-datadisk-test\"\
        ,\r\n      \"adminUsername\": \"ubuntu\",\r\n      \"linuxConfiguration\"\
        : {\r\n        \"disablePasswordAuthentication\": false,\r\n        \"provisionVMAgent\"\
        : true,\r\n        \"patchSettings\": {\r\n          \"patchMode\": \"ImageDefault\"\
        ,\r\n          \"assessmentMode\": \"ImageDefault\"\r\n        },\r\n    \
        \    \"enableVMAgentPlatformUpdates\": false\r\n      },\r\n      \"secrets\"\
        : [],\r\n      \"allowExtensionOperations\": true,\r\n      \"requireGuestProvisionSignal\"\
        : true\r\n    },\r\n    \"networkProfile\": {\"networkInterfaces\":[{\"id\"\
        :\"/subscriptions/00000000-0000-0000-0000-000000000000/resourceGroups/cli-test-disk000001/providers/Microsoft.Network/networkInterfaces/vm-datadisk-testVMNic\"\
        }]},\r\n    \"timeCreated\": \"2023-10-25T02:42:36.3648739+00:00\"\r\n  }\r\
        \n}"
    headers:
      cache-control:
      - no-cache
      content-length:
      - '1852'
      content-type:
      - application/json; charset=utf-8
      date:
      - Wed, 25 Oct 2023 02:45:19 GMT
      expires:
      - '-1'
      pragma:
      - no-cache
      server:
      - Microsoft-HTTPAPI/2.0
      - Microsoft-HTTPAPI/2.0
      strict-transport-security:
      - max-age=31536000; includeSubDomains
      transfer-encoding:
      - chunked
      vary:
      - Accept-Encoding
      x-content-type-options:
      - nosniff
      x-ms-ratelimit-remaining-resource:
      - Microsoft.Compute/LowCostGetSubscriptionMaximum;23989,Microsoft.Compute/LowCostGetResource;32
    status:
      code: 200
      message: OK
- request:
    body: null
    headers:
      Accept:
      - application/json
      Accept-Encoding:
      - gzip, deflate
      CommandName:
      - vm show
      Connection:
      - keep-alive
      ParameterSetName:
      - -g -n
      User-Agent:
      - AZURECLI/2.53.0 azsdk-python-azure-mgmt-compute/30.2.0 Python/3.10.9 (Windows-10-10.0.22621-SP0)
    method: GET
    uri: https://management.azure.com/subscriptions/00000000-0000-0000-0000-000000000000/resourceGroups/cli-test-disk000001/providers/Microsoft.Compute/virtualMachines/vm-datadisk-test?api-version=2022-11-01
  response:
    body:
      string: "{\r\n  \"name\": \"vm-datadisk-test\",\r\n  \"id\": \"/subscriptions/00000000-0000-0000-0000-000000000000/resourceGroups/cli-test-disk000001/providers/Microsoft.Compute/virtualMachines/vm-datadisk-test\"\
        ,\r\n  \"type\": \"Microsoft.Compute/virtualMachines\",\r\n  \"location\"\
        : \"westus\",\r\n  \"tags\": {},\r\n  \"properties\": {\r\n    \"hardwareProfile\"\
        : {\r\n      \"vmSize\": \"Standard_DS1_v2\"\r\n    },\r\n    \"provisioningState\"\
        : \"Succeeded\",\r\n    \"vmId\": \"59a28ef9-3097-499e-bc73-e46f970deb91\"\
        ,\r\n    \"storageProfile\": {\r\n      \"imageReference\": {\r\n        \"\
        publisher\": \"OpenLogic\",\r\n        \"offer\": \"CentOS\",\r\n        \"\
        sku\": \"7.5\",\r\n        \"version\": \"latest\",\r\n        \"exactVersion\"\
        : \"7.5.201808150\"\r\n      },\r\n      \"osDisk\": {\r\n        \"osType\"\
        : \"Linux\",\r\n        \"name\": \"osdisk_b9dba81573\",\r\n        \"createOption\"\
        : \"FromImage\",\r\n        \"vhd\": {\r\n          \"uri\": \"https://vhdstorageb9dba815737480.blob.core.windows.net/vhds/osdisk_b9dba81573.vhd\"\
        \r\n        },\r\n        \"caching\": \"ReadWrite\",\r\n        \"deleteOption\"\
        : \"Detach\",\r\n        \"diskSizeGB\": 30\r\n      },\r\n      \"dataDisks\"\
        : []\r\n    },\r\n    \"osProfile\": {\r\n      \"computerName\": \"vm-datadisk-test\"\
        ,\r\n      \"adminUsername\": \"ubuntu\",\r\n      \"linuxConfiguration\"\
        : {\r\n        \"disablePasswordAuthentication\": false,\r\n        \"provisionVMAgent\"\
        : true,\r\n        \"patchSettings\": {\r\n          \"patchMode\": \"ImageDefault\"\
        ,\r\n          \"assessmentMode\": \"ImageDefault\"\r\n        },\r\n    \
        \    \"enableVMAgentPlatformUpdates\": false\r\n      },\r\n      \"secrets\"\
        : [],\r\n      \"allowExtensionOperations\": true,\r\n      \"requireGuestProvisionSignal\"\
        : true\r\n    },\r\n    \"networkProfile\": {\"networkInterfaces\":[{\"id\"\
        :\"/subscriptions/00000000-0000-0000-0000-000000000000/resourceGroups/cli-test-disk000001/providers/Microsoft.Network/networkInterfaces/vm-datadisk-testVMNic\"\
        }]},\r\n    \"timeCreated\": \"2023-10-25T02:42:36.3648739+00:00\"\r\n  }\r\
        \n}"
    headers:
      cache-control:
      - no-cache
      content-length:
      - '1852'
      content-type:
      - application/json; charset=utf-8
      date:
      - Wed, 25 Oct 2023 02:45:21 GMT
      expires:
      - '-1'
      pragma:
      - no-cache
      server:
      - Microsoft-HTTPAPI/2.0
      - Microsoft-HTTPAPI/2.0
      strict-transport-security:
      - max-age=31536000; includeSubDomains
      transfer-encoding:
      - chunked
      vary:
      - Accept-Encoding
      x-content-type-options:
      - nosniff
      x-ms-ratelimit-remaining-resource:
      - Microsoft.Compute/LowCostGetSubscriptionMaximum;23988,Microsoft.Compute/LowCostGetResource;31
    status:
      code: 200
      message: OK
- request:
    body: null
    headers:
      Accept:
      - application/json
      Accept-Encoding:
      - gzip, deflate
      CommandName:
      - vm unmanaged-disk attach
      Connection:
      - keep-alive
      ParameterSetName:
      - -g --vm-name -n --vhd --caching
      User-Agent:
      - AZURECLI/2.53.0 azsdk-python-azure-mgmt-compute/30.2.0 Python/3.10.9 (Windows-10-10.0.22621-SP0)
    method: GET
    uri: https://management.azure.com/subscriptions/00000000-0000-0000-0000-000000000000/resourceGroups/cli-test-disk000001/providers/Microsoft.Compute/virtualMachines/vm-datadisk-test?api-version=2022-11-01
  response:
    body:
      string: "{\r\n  \"name\": \"vm-datadisk-test\",\r\n  \"id\": \"/subscriptions/00000000-0000-0000-0000-000000000000/resourceGroups/cli-test-disk000001/providers/Microsoft.Compute/virtualMachines/vm-datadisk-test\"\
        ,\r\n  \"type\": \"Microsoft.Compute/virtualMachines\",\r\n  \"location\"\
        : \"westus\",\r\n  \"tags\": {},\r\n  \"properties\": {\r\n    \"hardwareProfile\"\
        : {\r\n      \"vmSize\": \"Standard_DS1_v2\"\r\n    },\r\n    \"provisioningState\"\
        : \"Succeeded\",\r\n    \"vmId\": \"59a28ef9-3097-499e-bc73-e46f970deb91\"\
        ,\r\n    \"storageProfile\": {\r\n      \"imageReference\": {\r\n        \"\
        publisher\": \"OpenLogic\",\r\n        \"offer\": \"CentOS\",\r\n        \"\
        sku\": \"7.5\",\r\n        \"version\": \"latest\",\r\n        \"exactVersion\"\
        : \"7.5.201808150\"\r\n      },\r\n      \"osDisk\": {\r\n        \"osType\"\
        : \"Linux\",\r\n        \"name\": \"osdisk_b9dba81573\",\r\n        \"createOption\"\
        : \"FromImage\",\r\n        \"vhd\": {\r\n          \"uri\": \"https://vhdstorageb9dba815737480.blob.core.windows.net/vhds/osdisk_b9dba81573.vhd\"\
        \r\n        },\r\n        \"caching\": \"ReadWrite\",\r\n        \"deleteOption\"\
        : \"Detach\",\r\n        \"diskSizeGB\": 30\r\n      },\r\n      \"dataDisks\"\
        : []\r\n    },\r\n    \"osProfile\": {\r\n      \"computerName\": \"vm-datadisk-test\"\
        ,\r\n      \"adminUsername\": \"ubuntu\",\r\n      \"linuxConfiguration\"\
        : {\r\n        \"disablePasswordAuthentication\": false,\r\n        \"provisionVMAgent\"\
        : true,\r\n        \"patchSettings\": {\r\n          \"patchMode\": \"ImageDefault\"\
        ,\r\n          \"assessmentMode\": \"ImageDefault\"\r\n        },\r\n    \
        \    \"enableVMAgentPlatformUpdates\": false\r\n      },\r\n      \"secrets\"\
        : [],\r\n      \"allowExtensionOperations\": true,\r\n      \"requireGuestProvisionSignal\"\
        : true\r\n    },\r\n    \"networkProfile\": {\"networkInterfaces\":[{\"id\"\
        :\"/subscriptions/00000000-0000-0000-0000-000000000000/resourceGroups/cli-test-disk000001/providers/Microsoft.Network/networkInterfaces/vm-datadisk-testVMNic\"\
        }]},\r\n    \"timeCreated\": \"2023-10-25T02:42:36.3648739+00:00\"\r\n  }\r\
        \n}"
    headers:
      cache-control:
      - no-cache
      content-length:
      - '1852'
      content-type:
      - application/json; charset=utf-8
      date:
      - Wed, 25 Oct 2023 02:45:22 GMT
      expires:
      - '-1'
      pragma:
      - no-cache
      server:
      - Microsoft-HTTPAPI/2.0
      - Microsoft-HTTPAPI/2.0
      strict-transport-security:
      - max-age=31536000; includeSubDomains
      transfer-encoding:
      - chunked
      vary:
      - Accept-Encoding
      x-content-type-options:
      - nosniff
      x-ms-ratelimit-remaining-resource:
      - Microsoft.Compute/LowCostGetSubscriptionMaximum;23986,Microsoft.Compute/LowCostGetResource;30
    status:
      code: 200
      message: OK
- request:
    body: '{"location": "westus", "tags": {}, "properties": {"hardwareProfile": {"vmSize":
      "Standard_DS1_v2"}, "storageProfile": {"osDisk": {"osType": "Linux", "name":
      "osdisk_b9dba81573", "vhd": {"uri": "https://vhdstorageb9dba815737480.blob.core.windows.net/vhds/osdisk_b9dba81573.vhd"},
      "caching": "ReadWrite", "createOption": "FromImage", "diskSizeGB": 30, "deleteOption":
      "Detach"}, "dataDisks": [{"lun": 0, "name": "d7", "vhd": {"uri": "https://vhdstorageb9dba815737480.blob.core.windows.net/vhds/d7.vhd"},
      "caching": "ReadOnly", "createOption": "Attach"}]}, "osProfile": {"computerName":
      "vm-datadisk-test", "adminUsername": "ubuntu", "linuxConfiguration": {"disablePasswordAuthentication":
      false, "provisionVMAgent": true, "patchSettings": {"patchMode": "ImageDefault",
      "assessmentMode": "ImageDefault"}, "enableVMAgentPlatformUpdates": false}, "secrets":
      [], "allowExtensionOperations": true, "requireGuestProvisionSignal": true},
      "networkProfile": {"networkInterfaces": [{"id": "/subscriptions/00000000-0000-0000-0000-000000000000/resourceGroups/cli-test-disk000001/providers/Microsoft.Network/networkInterfaces/vm-datadisk-testVMNic"}]}}}'
    headers:
      Accept:
      - application/json
      Accept-Encoding:
      - gzip, deflate
      CommandName:
      - vm unmanaged-disk attach
      Connection:
      - keep-alive
      Content-Length:
      - '1138'
      Content-Type:
      - application/json
      ParameterSetName:
      - -g --vm-name -n --vhd --caching
      User-Agent:
      - AZURECLI/2.53.0 azsdk-python-azure-mgmt-compute/30.2.0 Python/3.10.9 (Windows-10-10.0.22621-SP0)
    method: PUT
    uri: https://management.azure.com/subscriptions/00000000-0000-0000-0000-000000000000/resourceGroups/cli-test-disk000001/providers/Microsoft.Compute/virtualMachines/vm-datadisk-test?api-version=2022-11-01
  response:
    body:
      string: "{\r\n  \"name\": \"vm-datadisk-test\",\r\n  \"id\": \"/subscriptions/00000000-0000-0000-0000-000000000000/resourceGroups/cli-test-disk000001/providers/Microsoft.Compute/virtualMachines/vm-datadisk-test\"\
        ,\r\n  \"type\": \"Microsoft.Compute/virtualMachines\",\r\n  \"location\"\
        : \"westus\",\r\n  \"tags\": {},\r\n  \"properties\": {\r\n    \"hardwareProfile\"\
        : {\r\n      \"vmSize\": \"Standard_DS1_v2\"\r\n    },\r\n    \"provisioningState\"\
        : \"Updating\",\r\n    \"vmId\": \"59a28ef9-3097-499e-bc73-e46f970deb91\"\
        ,\r\n    \"storageProfile\": {\r\n      \"imageReference\": {\r\n        \"\
        publisher\": \"OpenLogic\",\r\n        \"offer\": \"CentOS\",\r\n        \"\
        sku\": \"7.5\",\r\n        \"version\": \"latest\",\r\n        \"exactVersion\"\
        : \"7.5.201808150\"\r\n      },\r\n      \"osDisk\": {\r\n        \"osType\"\
        : \"Linux\",\r\n        \"name\": \"osdisk_b9dba81573\",\r\n        \"createOption\"\
        : \"FromImage\",\r\n        \"vhd\": {\r\n          \"uri\": \"https://vhdstorageb9dba815737480.blob.core.windows.net/vhds/osdisk_b9dba81573.vhd\"\
        \r\n        },\r\n        \"caching\": \"ReadWrite\",\r\n        \"deleteOption\"\
        : \"Detach\",\r\n        \"diskSizeGB\": 30\r\n      },\r\n      \"dataDisks\"\
        : [\r\n        {\r\n          \"lun\": 0,\r\n          \"name\": \"d7\",\r\
        \n          \"createOption\": \"Attach\",\r\n          \"vhd\": {\r\n    \
        \        \"uri\": \"https://vhdstorageb9dba815737480.blob.core.windows.net/vhds/d7.vhd\"\
        \r\n          },\r\n          \"caching\": \"ReadOnly\",\r\n          \"deleteOption\"\
        : \"Detach\",\r\n          \"toBeDetached\": false\r\n        }\r\n      ]\r\
        \n    },\r\n    \"osProfile\": {\r\n      \"computerName\": \"vm-datadisk-test\"\
        ,\r\n      \"adminUsername\": \"ubuntu\",\r\n      \"linuxConfiguration\"\
        : {\r\n        \"disablePasswordAuthentication\": false,\r\n        \"provisionVMAgent\"\
        : true,\r\n        \"patchSettings\": {\r\n          \"patchMode\": \"ImageDefault\"\
        ,\r\n          \"assessmentMode\": \"ImageDefault\"\r\n        },\r\n    \
        \    \"enableVMAgentPlatformUpdates\": false\r\n      },\r\n      \"secrets\"\
        : [],\r\n      \"allowExtensionOperations\": true,\r\n      \"requireGuestProvisionSignal\"\
        : true\r\n    },\r\n    \"networkProfile\": {\"networkInterfaces\":[{\"id\"\
        :\"/subscriptions/00000000-0000-0000-0000-000000000000/resourceGroups/cli-test-disk000001/providers/Microsoft.Network/networkInterfaces/vm-datadisk-testVMNic\"\
        }]},\r\n    \"timeCreated\": \"2023-10-25T02:42:36.3648739+00:00\"\r\n  }\r\
        \n}"
    headers:
      azure-asyncnotification:
      - Enabled
      azure-asyncoperation:
      - https://management.azure.com/subscriptions/00000000-0000-0000-0000-000000000000/providers/Microsoft.Compute/locations/westus/operations/94200275-506d-4359-8cea-22d655e323dd?p=571046f6-b640-41c1-86f7-f9f044b5adf9&api-version=2022-11-01&t=638337987263957191&c=MIIHADCCBeigAwIBAgITHgMiVmbNs9bo9g1GbQAAAyJWZjANBgkqhkiG9w0BAQsFADBEMRMwEQYKCZImiZPyLGQBGRYDR0JMMRMwEQYKCZImiZPyLGQBGRYDQU1FMRgwFgYDVQQDEw9BTUUgSW5mcmEgQ0EgMDYwHhcNMjMwODAyMTgwNDI4WhcNMjQwNzI3MTgwNDI4WjBAMT4wPAYDVQQDEzVhc3luY29wZXJhdGlvbnNpZ25pbmdjZXJ0aWZpY2F0ZS5tYW5hZ2VtZW50LmF6dXJlLmNvbTCCASIwDQYJKoZIhvcNAQEBBQADggEPADCCAQoCggEBAMIcvxD_0PMhdmLk48iFdsDWY8xHwqf15PiuUxm56-DgFD_DTCio04a553Ilp6PhEzp-BqQUXZ8lOvewwSndfEiD0zKouzAK7ygeNzS10EFTSWbnBDNo4QPM7FM4bFhDUNl-AU1M7DrJCQPA8UGawTxFUgABTHaRYxMKeEyJ2IzdSmH0TjTgxv5pQDBP-QEJ-Rpdso9m_Yu2YfFRTCBiBNtQ4g-sojuHpOc3ULsGhK35Ua1gXYl44t0qnX1y-DiMbk0PPQ8_gop4DdSYd0NTBv-xBnqlom2ceJG8oCE4GCEXT3L6yOC3TvKvZ-7-r2cOWqPAolMtfZ4kIa7fp3zX-QUCAwEAAaOCA-0wggPpMCcGCSsGAQQBgjcVCgQaMBgwCgYIKwYBBQUHAwEwCgYIKwYBBQUHAwIwPQYJKwYBBAGCNxUHBDAwLgYmKwYBBAGCNxUIhpDjDYTVtHiE8Ys-hZvdFs6dEoFggvX2K4Py0SACAWQCAQowggHLBggrBgEFBQcBAQSCAb0wggG5MGMGCCsGAQUFBzAChldodHRwOi8vY3JsLm1pY3Jvc29mdC5jb20vcGtpaW5mcmEvQ2VydHMvQkwyUEtJSU5UQ0EwMi5BTUUuR0JMX0FNRSUyMEluZnJhJTIwQ0ElMjAwNi5jcnQwUwYIKwYBBQUHMAKGR2h0dHA6Ly9jcmwxLmFtZS5nYmwvYWlhL0JMMlBLSUlOVENBMDIuQU1FLkdCTF9BTUUlMjBJbmZyYSUyMENBJTIwMDYuY3J0MFMGCCsGAQUFBzAChkdodHRwOi8vY3JsMi5hbWUuZ2JsL2FpYS9CTDJQS0lJTlRDQTAyLkFNRS5HQkxfQU1FJTIwSW5mcmElMjBDQSUyMDA2LmNydDBTBggrBgEFBQcwAoZHaHR0cDovL2NybDMuYW1lLmdibC9haWEvQkwyUEtJSU5UQ0EwMi5BTUUuR0JMX0FNRSUyMEluZnJhJTIwQ0ElMjAwNi5jcnQwUwYIKwYBBQUHMAKGR2h0dHA6Ly9jcmw0LmFtZS5nYmwvYWlhL0JMMlBLSUlOVENBMDIuQU1FLkdCTF9BTUUlMjBJbmZyYSUyMENBJTIwMDYuY3J0MB0GA1UdDgQWBBS8HoebCKQVIYtc1_REbe-XAGi3HjAOBgNVHQ8BAf8EBAMCBaAwggEmBgNVHR8EggEdMIIBGTCCARWgggERoIIBDYY_aHR0cDovL2NybC5taWNyb3NvZnQuY29tL3BraWluZnJhL0NSTC9BTUUlMjBJbmZyYSUyMENBJTIwMDYuY3JshjFodHRwOi8vY3JsMS5hbWUuZ2JsL2NybC9BTUUlMjBJbmZyYSUyMENBJTIwMDYuY3JshjFodHRwOi8vY3JsMi5hbWUuZ2JsL2NybC9BTUUlMjBJbmZyYSUyMENBJTIwMDYuY3JshjFodHRwOi8vY3JsMy5hbWUuZ2JsL2NybC9BTUUlMjBJbmZyYSUyMENBJTIwMDYuY3JshjFodHRwOi8vY3JsNC5hbWUuZ2JsL2NybC9BTUUlMjBJbmZyYSUyMENBJTIwMDYuY3JsMBcGA1UdIAQQMA4wDAYKKwYBBAGCN3sBATAfBgNVHSMEGDAWgBTxRmjG8cPwKy19i2rhsvm-NfzRQTAdBgNVHSUEFjAUBggrBgEFBQcDAQYIKwYBBQUHAwIwDQYJKoZIhvcNAQELBQADggEBAB6b3-2IDHqiKHidm1sv2adgnlW7o5teHg5_6JuYXETz89EHAOvxAis3i3YzHc79kO_nmk5RcVHDydZ-zI8JDlC8n3v75Zt4KNDYid-qMTOeyQogLcB2Cq3iRGRTjaG_abh0F1ifWL0QBhzujNxastu--5-ozxOHa7CTiseyWTxaCRv103DUxZ7-lNrBKHFJRQV_X5G_oVNKU2WvTmSTWNzCXpyLhKdoBAyf_4QsisR7IFsL1aNWE8fHvLUv96vSpwRelX1cVuab3bBG_qJTzD1TMk8V37gxq4OTAHXZOmheCepyVhUEawvCvCTaFwQf5kHPZFdLhd7qh8jEr2C06sM&s=bwe3FB9GjwKs9dMYYgblTdjKPJwEzx90ygzfcQN2KysfpY9bdEJdDYpSCx-rlgQaZO2-Ie2lkdwxUDBIwA93cyrCmpWfBDbgVsnV86IaEufFyhRri-oiPWy1a9-RvYZvL3hfIFNojpaRj12ZLMUEM5fNNHRjSbZDCrccYSa7DTQ-OT9KpcImEInjEEzSN-V4GEnLx9kJb5i9KgxSmQCLG1gu9uxZLdFlPjtnbmsG3e_RDeBKeYF0og0UAfxh_kJH2xQQwCC_nSXLv8fQB4oAtAV0Vp6NqfbgRkR0fB5TGeswTAy_gJcOf31MiI_ShL5kfmZ1N1BEHw65QHiZMsw4YA&h=gKqK66QkPSEklbpMA9waUEVmHUB9M7-GwyprZ4wAO3k
      cache-control:
      - no-cache
      content-length:
      - '2191'
      content-type:
      - application/json; charset=utf-8
      date:
      - Wed, 25 Oct 2023 02:45:25 GMT
      expires:
      - '-1'
      pragma:
      - no-cache
      server:
      - Microsoft-HTTPAPI/2.0
      - Microsoft-HTTPAPI/2.0
      strict-transport-security:
      - max-age=31536000; includeSubDomains
      transfer-encoding:
      - chunked
      vary:
      - Accept-Encoding
      x-content-type-options:
      - nosniff
      x-ms-ratelimit-remaining-resource:
      - Microsoft.Compute/PutVMSubscriptionMaximum;1496,Microsoft.Compute/PutVMResource;10
      x-ms-ratelimit-remaining-subscription-writes:
      - '1197'
    status:
      code: 200
      message: OK
- request:
    body: null
    headers:
      Accept:
      - '*/*'
      Accept-Encoding:
      - gzip, deflate
      CommandName:
      - vm unmanaged-disk attach
      Connection:
      - keep-alive
      ParameterSetName:
      - -g --vm-name -n --vhd --caching
      User-Agent:
      - AZURECLI/2.53.0 azsdk-python-azure-mgmt-compute/30.2.0 Python/3.10.9 (Windows-10-10.0.22621-SP0)
    method: GET
    uri: https://management.azure.com/subscriptions/00000000-0000-0000-0000-000000000000/providers/Microsoft.Compute/locations/westus/operations/94200275-506d-4359-8cea-22d655e323dd?p=571046f6-b640-41c1-86f7-f9f044b5adf9&api-version=2022-11-01&t=638337987263957191&c=MIIHADCCBeigAwIBAgITHgMiVmbNs9bo9g1GbQAAAyJWZjANBgkqhkiG9w0BAQsFADBEMRMwEQYKCZImiZPyLGQBGRYDR0JMMRMwEQYKCZImiZPyLGQBGRYDQU1FMRgwFgYDVQQDEw9BTUUgSW5mcmEgQ0EgMDYwHhcNMjMwODAyMTgwNDI4WhcNMjQwNzI3MTgwNDI4WjBAMT4wPAYDVQQDEzVhc3luY29wZXJhdGlvbnNpZ25pbmdjZXJ0aWZpY2F0ZS5tYW5hZ2VtZW50LmF6dXJlLmNvbTCCASIwDQYJKoZIhvcNAQEBBQADggEPADCCAQoCggEBAMIcvxD_0PMhdmLk48iFdsDWY8xHwqf15PiuUxm56-DgFD_DTCio04a553Ilp6PhEzp-BqQUXZ8lOvewwSndfEiD0zKouzAK7ygeNzS10EFTSWbnBDNo4QPM7FM4bFhDUNl-AU1M7DrJCQPA8UGawTxFUgABTHaRYxMKeEyJ2IzdSmH0TjTgxv5pQDBP-QEJ-Rpdso9m_Yu2YfFRTCBiBNtQ4g-sojuHpOc3ULsGhK35Ua1gXYl44t0qnX1y-DiMbk0PPQ8_gop4DdSYd0NTBv-xBnqlom2ceJG8oCE4GCEXT3L6yOC3TvKvZ-7-r2cOWqPAolMtfZ4kIa7fp3zX-QUCAwEAAaOCA-0wggPpMCcGCSsGAQQBgjcVCgQaMBgwCgYIKwYBBQUHAwEwCgYIKwYBBQUHAwIwPQYJKwYBBAGCNxUHBDAwLgYmKwYBBAGCNxUIhpDjDYTVtHiE8Ys-hZvdFs6dEoFggvX2K4Py0SACAWQCAQowggHLBggrBgEFBQcBAQSCAb0wggG5MGMGCCsGAQUFBzAChldodHRwOi8vY3JsLm1pY3Jvc29mdC5jb20vcGtpaW5mcmEvQ2VydHMvQkwyUEtJSU5UQ0EwMi5BTUUuR0JMX0FNRSUyMEluZnJhJTIwQ0ElMjAwNi5jcnQwUwYIKwYBBQUHMAKGR2h0dHA6Ly9jcmwxLmFtZS5nYmwvYWlhL0JMMlBLSUlOVENBMDIuQU1FLkdCTF9BTUUlMjBJbmZyYSUyMENBJTIwMDYuY3J0MFMGCCsGAQUFBzAChkdodHRwOi8vY3JsMi5hbWUuZ2JsL2FpYS9CTDJQS0lJTlRDQTAyLkFNRS5HQkxfQU1FJTIwSW5mcmElMjBDQSUyMDA2LmNydDBTBggrBgEFBQcwAoZHaHR0cDovL2NybDMuYW1lLmdibC9haWEvQkwyUEtJSU5UQ0EwMi5BTUUuR0JMX0FNRSUyMEluZnJhJTIwQ0ElMjAwNi5jcnQwUwYIKwYBBQUHMAKGR2h0dHA6Ly9jcmw0LmFtZS5nYmwvYWlhL0JMMlBLSUlOVENBMDIuQU1FLkdCTF9BTUUlMjBJbmZyYSUyMENBJTIwMDYuY3J0MB0GA1UdDgQWBBS8HoebCKQVIYtc1_REbe-XAGi3HjAOBgNVHQ8BAf8EBAMCBaAwggEmBgNVHR8EggEdMIIBGTCCARWgggERoIIBDYY_aHR0cDovL2NybC5taWNyb3NvZnQuY29tL3BraWluZnJhL0NSTC9BTUUlMjBJbmZyYSUyMENBJTIwMDYuY3JshjFodHRwOi8vY3JsMS5hbWUuZ2JsL2NybC9BTUUlMjBJbmZyYSUyMENBJTIwMDYuY3JshjFodHRwOi8vY3JsMi5hbWUuZ2JsL2NybC9BTUUlMjBJbmZyYSUyMENBJTIwMDYuY3JshjFodHRwOi8vY3JsMy5hbWUuZ2JsL2NybC9BTUUlMjBJbmZyYSUyMENBJTIwMDYuY3JshjFodHRwOi8vY3JsNC5hbWUuZ2JsL2NybC9BTUUlMjBJbmZyYSUyMENBJTIwMDYuY3JsMBcGA1UdIAQQMA4wDAYKKwYBBAGCN3sBATAfBgNVHSMEGDAWgBTxRmjG8cPwKy19i2rhsvm-NfzRQTAdBgNVHSUEFjAUBggrBgEFBQcDAQYIKwYBBQUHAwIwDQYJKoZIhvcNAQELBQADggEBAB6b3-2IDHqiKHidm1sv2adgnlW7o5teHg5_6JuYXETz89EHAOvxAis3i3YzHc79kO_nmk5RcVHDydZ-zI8JDlC8n3v75Zt4KNDYid-qMTOeyQogLcB2Cq3iRGRTjaG_abh0F1ifWL0QBhzujNxastu--5-ozxOHa7CTiseyWTxaCRv103DUxZ7-lNrBKHFJRQV_X5G_oVNKU2WvTmSTWNzCXpyLhKdoBAyf_4QsisR7IFsL1aNWE8fHvLUv96vSpwRelX1cVuab3bBG_qJTzD1TMk8V37gxq4OTAHXZOmheCepyVhUEawvCvCTaFwQf5kHPZFdLhd7qh8jEr2C06sM&s=bwe3FB9GjwKs9dMYYgblTdjKPJwEzx90ygzfcQN2KysfpY9bdEJdDYpSCx-rlgQaZO2-Ie2lkdwxUDBIwA93cyrCmpWfBDbgVsnV86IaEufFyhRri-oiPWy1a9-RvYZvL3hfIFNojpaRj12ZLMUEM5fNNHRjSbZDCrccYSa7DTQ-OT9KpcImEInjEEzSN-V4GEnLx9kJb5i9KgxSmQCLG1gu9uxZLdFlPjtnbmsG3e_RDeBKeYF0og0UAfxh_kJH2xQQwCC_nSXLv8fQB4oAtAV0Vp6NqfbgRkR0fB5TGeswTAy_gJcOf31MiI_ShL5kfmZ1N1BEHw65QHiZMsw4YA&h=gKqK66QkPSEklbpMA9waUEVmHUB9M7-GwyprZ4wAO3k
  response:
    body:
      string: "{\r\n  \"startTime\": \"2023-10-25T02:45:24.8817784+00:00\",\r\n  \"\
        status\": \"InProgress\",\r\n  \"name\": \"94200275-506d-4359-8cea-22d655e323dd\"\
        \r\n}"
    headers:
      cache-control:
      - no-cache
      content-length:
      - '134'
      content-type:
      - application/json; charset=utf-8
      date:
      - Wed, 25 Oct 2023 02:45:26 GMT
      expires:
      - '-1'
      pragma:
      - no-cache
      server:
      - Microsoft-HTTPAPI/2.0
      - Microsoft-HTTPAPI/2.0
      strict-transport-security:
      - max-age=31536000; includeSubDomains
      transfer-encoding:
      - chunked
      vary:
      - Accept-Encoding
      x-content-type-options:
      - nosniff
      x-ms-ratelimit-remaining-resource:
      - Microsoft.Compute/GetOperationResource;59,Microsoft.Compute/GetOperationSubscriptionMaximum;14981
    status:
      code: 200
      message: OK
- request:
    body: null
    headers:
      Accept:
      - '*/*'
      Accept-Encoding:
      - gzip, deflate
      CommandName:
      - vm unmanaged-disk attach
      Connection:
      - keep-alive
      ParameterSetName:
      - -g --vm-name -n --vhd --caching
      User-Agent:
      - AZURECLI/2.53.0 azsdk-python-azure-mgmt-compute/30.2.0 Python/3.10.9 (Windows-10-10.0.22621-SP0)
    method: GET
    uri: https://management.azure.com/subscriptions/00000000-0000-0000-0000-000000000000/providers/Microsoft.Compute/locations/westus/operations/94200275-506d-4359-8cea-22d655e323dd?p=571046f6-b640-41c1-86f7-f9f044b5adf9&api-version=2022-11-01&t=638337987263957191&c=MIIHADCCBeigAwIBAgITHgMiVmbNs9bo9g1GbQAAAyJWZjANBgkqhkiG9w0BAQsFADBEMRMwEQYKCZImiZPyLGQBGRYDR0JMMRMwEQYKCZImiZPyLGQBGRYDQU1FMRgwFgYDVQQDEw9BTUUgSW5mcmEgQ0EgMDYwHhcNMjMwODAyMTgwNDI4WhcNMjQwNzI3MTgwNDI4WjBAMT4wPAYDVQQDEzVhc3luY29wZXJhdGlvbnNpZ25pbmdjZXJ0aWZpY2F0ZS5tYW5hZ2VtZW50LmF6dXJlLmNvbTCCASIwDQYJKoZIhvcNAQEBBQADggEPADCCAQoCggEBAMIcvxD_0PMhdmLk48iFdsDWY8xHwqf15PiuUxm56-DgFD_DTCio04a553Ilp6PhEzp-BqQUXZ8lOvewwSndfEiD0zKouzAK7ygeNzS10EFTSWbnBDNo4QPM7FM4bFhDUNl-AU1M7DrJCQPA8UGawTxFUgABTHaRYxMKeEyJ2IzdSmH0TjTgxv5pQDBP-QEJ-Rpdso9m_Yu2YfFRTCBiBNtQ4g-sojuHpOc3ULsGhK35Ua1gXYl44t0qnX1y-DiMbk0PPQ8_gop4DdSYd0NTBv-xBnqlom2ceJG8oCE4GCEXT3L6yOC3TvKvZ-7-r2cOWqPAolMtfZ4kIa7fp3zX-QUCAwEAAaOCA-0wggPpMCcGCSsGAQQBgjcVCgQaMBgwCgYIKwYBBQUHAwEwCgYIKwYBBQUHAwIwPQYJKwYBBAGCNxUHBDAwLgYmKwYBBAGCNxUIhpDjDYTVtHiE8Ys-hZvdFs6dEoFggvX2K4Py0SACAWQCAQowggHLBggrBgEFBQcBAQSCAb0wggG5MGMGCCsGAQUFBzAChldodHRwOi8vY3JsLm1pY3Jvc29mdC5jb20vcGtpaW5mcmEvQ2VydHMvQkwyUEtJSU5UQ0EwMi5BTUUuR0JMX0FNRSUyMEluZnJhJTIwQ0ElMjAwNi5jcnQwUwYIKwYBBQUHMAKGR2h0dHA6Ly9jcmwxLmFtZS5nYmwvYWlhL0JMMlBLSUlOVENBMDIuQU1FLkdCTF9BTUUlMjBJbmZyYSUyMENBJTIwMDYuY3J0MFMGCCsGAQUFBzAChkdodHRwOi8vY3JsMi5hbWUuZ2JsL2FpYS9CTDJQS0lJTlRDQTAyLkFNRS5HQkxfQU1FJTIwSW5mcmElMjBDQSUyMDA2LmNydDBTBggrBgEFBQcwAoZHaHR0cDovL2NybDMuYW1lLmdibC9haWEvQkwyUEtJSU5UQ0EwMi5BTUUuR0JMX0FNRSUyMEluZnJhJTIwQ0ElMjAwNi5jcnQwUwYIKwYBBQUHMAKGR2h0dHA6Ly9jcmw0LmFtZS5nYmwvYWlhL0JMMlBLSUlOVENBMDIuQU1FLkdCTF9BTUUlMjBJbmZyYSUyMENBJTIwMDYuY3J0MB0GA1UdDgQWBBS8HoebCKQVIYtc1_REbe-XAGi3HjAOBgNVHQ8BAf8EBAMCBaAwggEmBgNVHR8EggEdMIIBGTCCARWgggERoIIBDYY_aHR0cDovL2NybC5taWNyb3NvZnQuY29tL3BraWluZnJhL0NSTC9BTUUlMjBJbmZyYSUyMENBJTIwMDYuY3JshjFodHRwOi8vY3JsMS5hbWUuZ2JsL2NybC9BTUUlMjBJbmZyYSUyMENBJTIwMDYuY3JshjFodHRwOi8vY3JsMi5hbWUuZ2JsL2NybC9BTUUlMjBJbmZyYSUyMENBJTIwMDYuY3JshjFodHRwOi8vY3JsMy5hbWUuZ2JsL2NybC9BTUUlMjBJbmZyYSUyMENBJTIwMDYuY3JshjFodHRwOi8vY3JsNC5hbWUuZ2JsL2NybC9BTUUlMjBJbmZyYSUyMENBJTIwMDYuY3JsMBcGA1UdIAQQMA4wDAYKKwYBBAGCN3sBATAfBgNVHSMEGDAWgBTxRmjG8cPwKy19i2rhsvm-NfzRQTAdBgNVHSUEFjAUBggrBgEFBQcDAQYIKwYBBQUHAwIwDQYJKoZIhvcNAQELBQADggEBAB6b3-2IDHqiKHidm1sv2adgnlW7o5teHg5_6JuYXETz89EHAOvxAis3i3YzHc79kO_nmk5RcVHDydZ-zI8JDlC8n3v75Zt4KNDYid-qMTOeyQogLcB2Cq3iRGRTjaG_abh0F1ifWL0QBhzujNxastu--5-ozxOHa7CTiseyWTxaCRv103DUxZ7-lNrBKHFJRQV_X5G_oVNKU2WvTmSTWNzCXpyLhKdoBAyf_4QsisR7IFsL1aNWE8fHvLUv96vSpwRelX1cVuab3bBG_qJTzD1TMk8V37gxq4OTAHXZOmheCepyVhUEawvCvCTaFwQf5kHPZFdLhd7qh8jEr2C06sM&s=bwe3FB9GjwKs9dMYYgblTdjKPJwEzx90ygzfcQN2KysfpY9bdEJdDYpSCx-rlgQaZO2-Ie2lkdwxUDBIwA93cyrCmpWfBDbgVsnV86IaEufFyhRri-oiPWy1a9-RvYZvL3hfIFNojpaRj12ZLMUEM5fNNHRjSbZDCrccYSa7DTQ-OT9KpcImEInjEEzSN-V4GEnLx9kJb5i9KgxSmQCLG1gu9uxZLdFlPjtnbmsG3e_RDeBKeYF0og0UAfxh_kJH2xQQwCC_nSXLv8fQB4oAtAV0Vp6NqfbgRkR0fB5TGeswTAy_gJcOf31MiI_ShL5kfmZ1N1BEHw65QHiZMsw4YA&h=gKqK66QkPSEklbpMA9waUEVmHUB9M7-GwyprZ4wAO3k
  response:
    body:
      string: "{\r\n  \"startTime\": \"2023-10-25T02:45:24.8817784+00:00\",\r\n  \"\
        endTime\": \"2023-10-25T02:45:33.1162294+00:00\",\r\n  \"status\": \"Succeeded\"\
        ,\r\n  \"name\": \"94200275-506d-4359-8cea-22d655e323dd\"\r\n}"
    headers:
      cache-control:
      - no-cache
      content-length:
      - '184'
      content-type:
      - application/json; charset=utf-8
      date:
      - Wed, 25 Oct 2023 02:45:57 GMT
      expires:
      - '-1'
      pragma:
      - no-cache
      server:
      - Microsoft-HTTPAPI/2.0
      - Microsoft-HTTPAPI/2.0
      strict-transport-security:
      - max-age=31536000; includeSubDomains
      transfer-encoding:
      - chunked
      vary:
      - Accept-Encoding
      x-content-type-options:
      - nosniff
      x-ms-ratelimit-remaining-resource:
      - Microsoft.Compute/GetOperationResource;57,Microsoft.Compute/GetOperationSubscriptionMaximum;14971
    status:
      code: 200
      message: OK
- request:
    body: null
    headers:
      Accept:
      - '*/*'
      Accept-Encoding:
      - gzip, deflate
      CommandName:
      - vm unmanaged-disk attach
      Connection:
      - keep-alive
      ParameterSetName:
      - -g --vm-name -n --vhd --caching
      User-Agent:
      - AZURECLI/2.53.0 azsdk-python-azure-mgmt-compute/30.2.0 Python/3.10.9 (Windows-10-10.0.22621-SP0)
    method: GET
    uri: https://management.azure.com/subscriptions/00000000-0000-0000-0000-000000000000/resourceGroups/cli-test-disk000001/providers/Microsoft.Compute/virtualMachines/vm-datadisk-test?api-version=2022-11-01
  response:
    body:
      string: "{\r\n  \"name\": \"vm-datadisk-test\",\r\n  \"id\": \"/subscriptions/00000000-0000-0000-0000-000000000000/resourceGroups/cli-test-disk000001/providers/Microsoft.Compute/virtualMachines/vm-datadisk-test\"\
        ,\r\n  \"type\": \"Microsoft.Compute/virtualMachines\",\r\n  \"location\"\
        : \"westus\",\r\n  \"tags\": {},\r\n  \"properties\": {\r\n    \"hardwareProfile\"\
        : {\r\n      \"vmSize\": \"Standard_DS1_v2\"\r\n    },\r\n    \"provisioningState\"\
        : \"Succeeded\",\r\n    \"vmId\": \"59a28ef9-3097-499e-bc73-e46f970deb91\"\
        ,\r\n    \"storageProfile\": {\r\n      \"imageReference\": {\r\n        \"\
        publisher\": \"OpenLogic\",\r\n        \"offer\": \"CentOS\",\r\n        \"\
        sku\": \"7.5\",\r\n        \"version\": \"latest\",\r\n        \"exactVersion\"\
        : \"7.5.201808150\"\r\n      },\r\n      \"osDisk\": {\r\n        \"osType\"\
        : \"Linux\",\r\n        \"name\": \"osdisk_b9dba81573\",\r\n        \"createOption\"\
        : \"FromImage\",\r\n        \"vhd\": {\r\n          \"uri\": \"https://vhdstorageb9dba815737480.blob.core.windows.net/vhds/osdisk_b9dba81573.vhd\"\
        \r\n        },\r\n        \"caching\": \"ReadWrite\",\r\n        \"deleteOption\"\
        : \"Detach\",\r\n        \"diskSizeGB\": 30\r\n      },\r\n      \"dataDisks\"\
        : [\r\n        {\r\n          \"lun\": 0,\r\n          \"name\": \"d7\",\r\
        \n          \"createOption\": \"Attach\",\r\n          \"vhd\": {\r\n    \
        \        \"uri\": \"https://vhdstorageb9dba815737480.blob.core.windows.net/vhds/d7.vhd\"\
        \r\n          },\r\n          \"caching\": \"ReadOnly\",\r\n          \"deleteOption\"\
        : \"Detach\",\r\n          \"diskSizeGB\": 8,\r\n          \"toBeDetached\"\
        : false\r\n        }\r\n      ]\r\n    },\r\n    \"osProfile\": {\r\n    \
        \  \"computerName\": \"vm-datadisk-test\",\r\n      \"adminUsername\": \"\
        ubuntu\",\r\n      \"linuxConfiguration\": {\r\n        \"disablePasswordAuthentication\"\
        : false,\r\n        \"provisionVMAgent\": true,\r\n        \"patchSettings\"\
        : {\r\n          \"patchMode\": \"ImageDefault\",\r\n          \"assessmentMode\"\
        : \"ImageDefault\"\r\n        },\r\n        \"enableVMAgentPlatformUpdates\"\
        : false\r\n      },\r\n      \"secrets\": [],\r\n      \"allowExtensionOperations\"\
        : true,\r\n      \"requireGuestProvisionSignal\": true\r\n    },\r\n    \"\
        networkProfile\": {\"networkInterfaces\":[{\"id\":\"/subscriptions/00000000-0000-0000-0000-000000000000/resourceGroups/cli-test-disk000001/providers/Microsoft.Network/networkInterfaces/vm-datadisk-testVMNic\"\
        }]},\r\n    \"timeCreated\": \"2023-10-25T02:42:36.3648739+00:00\"\r\n  }\r\
        \n}"
    headers:
      cache-control:
      - no-cache
      content-length:
      - '2220'
      content-type:
      - application/json; charset=utf-8
      date:
      - Wed, 25 Oct 2023 02:45:57 GMT
      expires:
      - '-1'
      pragma:
      - no-cache
      server:
      - Microsoft-HTTPAPI/2.0
      - Microsoft-HTTPAPI/2.0
      strict-transport-security:
      - max-age=31536000; includeSubDomains
      transfer-encoding:
      - chunked
      vary:
      - Accept-Encoding
      x-content-type-options:
      - nosniff
      x-ms-ratelimit-remaining-resource:
      - Microsoft.Compute/LowCostGetSubscriptionMaximum;23979,Microsoft.Compute/LowCostGetResource;35
    status:
      code: 200
      message: OK
version: 1
