interactions:
- request:
    body: null
    headers:
      Accept:
      - application/json
      Accept-Encoding:
      - gzip, deflate
      CommandName:
      - vm create
      Connection:
      - keep-alive
      ParameterSetName:
      - -g --location -n --admin-username --image --admin-password --authentication-type
        --use-unmanaged-disk --nsg-rule
      User-Agent:
      - AZURECLI/2.53.0 azsdk-python-azure-mgmt-compute/30.2.0 Python/3.10.9 (Windows-10-10.0.22621-SP0)
    method: GET
    uri: https://management.azure.com/subscriptions/00000000-0000-0000-0000-000000000000/providers/Microsoft.Compute/locations/westus/publishers/Debian/artifacttypes/vmimage/offers/debian-10/skus/10/versions?$top=1&$orderby=name%20desc&api-version=2022-11-01
  response:
    body:
      string: "[\r\n  {\r\n    \"location\": \"westus\",\r\n    \"name\": \"0.20230802.1460\"\
        ,\r\n    \"id\": \"/Subscriptions/00000000-0000-0000-0000-000000000000/Providers/Microsoft.Compute/Locations/westus/Publishers/Debian/ArtifactTypes/VMImage/Offers/debian-10/Skus/10/Versions/0.20230802.1460\"\
        \r\n  }\r\n]"
    headers:
      cache-control:
      - no-cache
      content-length:
      - '273'
      content-type:
      - application/json; charset=utf-8
      date:
      - Wed, 25 Oct 2023 02:46:04 GMT
      expires:
      - '-1'
      pragma:
      - no-cache
      server:
      - Microsoft-HTTPAPI/2.0
      - Microsoft-HTTPAPI/2.0
      strict-transport-security:
      - max-age=31536000; includeSubDomains
      transfer-encoding:
      - chunked
      vary:
      - Accept-Encoding
      x-content-type-options:
      - nosniff
      x-ms-ratelimit-remaining-resource:
      - Microsoft.Compute/ListVMImagesVersionsFromLocation3Min;15989,Microsoft.Compute/ListVMImagesVersionsFromLocation30Min;43973
    status:
      code: 200
      message: OK
- request:
    body: null
    headers:
      Accept:
      - application/json
      Accept-Encoding:
      - gzip, deflate
      CommandName:
      - vm create
      Connection:
      - keep-alive
      ParameterSetName:
      - -g --location -n --admin-username --image --admin-password --authentication-type
        --use-unmanaged-disk --nsg-rule
      User-Agent:
      - AZURECLI/2.53.0 azsdk-python-azure-mgmt-compute/30.2.0 Python/3.10.9 (Windows-10-10.0.22621-SP0)
    method: GET
    uri: https://management.azure.com/subscriptions/00000000-0000-0000-0000-000000000000/providers/Microsoft.Compute/locations/westus/publishers/Debian/artifacttypes/vmimage/offers/debian-10/skus/10/versions/0.20230802.1460?api-version=2022-11-01
  response:
    body:
      string: "{\r\n  \"properties\": {\r\n    \"hyperVGeneration\": \"V1\",\r\n \
        \   \"architecture\": \"x64\",\r\n    \"replicaType\": \"Unmanaged\",\r\n\
        \    \"disallowed\": {\r\n      \"vmDiskType\": \"None\"\r\n    },\r\n   \
        \ \"automaticOSUpgradeProperties\": {\r\n      \"automaticOSUpgradeSupported\"\
        : false\r\n    },\r\n    \"imageDeprecationStatus\": {\r\n      \"imageState\"\
        : \"Active\"\r\n    },\r\n    \"features\": [\r\n      {\r\n        \"name\"\
        : \"IsAcceleratedNetworkSupported\",\r\n        \"value\": \"True\"\r\n  \
        \    },\r\n      {\r\n        \"name\": \"DiskControllerTypes\",\r\n     \
        \   \"value\": \"SCSI\"\r\n      },\r\n      {\r\n        \"name\": \"IsHibernateSupported\"\
        ,\r\n        \"value\": \"False\"\r\n      }\r\n    ],\r\n    \"osDiskImage\"\
        : {\r\n      \"operatingSystem\": \"Linux\",\r\n      \"sizeInBytes\": 32212255232\r\
        \n    },\r\n    \"dataDiskImages\": []\r\n  },\r\n  \"location\": \"westus\"\
        ,\r\n  \"name\": \"0.20230802.1460\",\r\n  \"id\": \"/Subscriptions/00000000-0000-0000-0000-000000000000/Providers/Microsoft.Compute/Locations/westus/Publishers/Debian/ArtifactTypes/VMImage/Offers/debian-10/Skus/10/Versions/0.20230802.1460\"\
        \r\n}"
    headers:
      cache-control:
      - no-cache
      content-length:
      - '1008'
      content-type:
      - application/json; charset=utf-8
      date:
      - Wed, 25 Oct 2023 02:46:04 GMT
      expires:
      - '-1'
      pragma:
      - no-cache
      server:
      - Microsoft-HTTPAPI/2.0
      - Microsoft-HTTPAPI/2.0
      strict-transport-security:
      - max-age=31536000; includeSubDomains
      transfer-encoding:
      - chunked
      vary:
      - Accept-Encoding
      x-content-type-options:
      - nosniff
      x-ms-ratelimit-remaining-resource:
      - Microsoft.Compute/GetVMImageFromLocation3Min;12989,Microsoft.Compute/GetVMImageFromLocation30Min;73980
    status:
      code: 200
      message: OK
- request:
    body: null
    headers:
      Accept:
      - application/json
      Accept-Encoding:
      - gzip, deflate
      CommandName:
      - vm create
      Connection:
      - keep-alive
      ParameterSetName:
      - -g --location -n --admin-username --image --admin-password --authentication-type
        --use-unmanaged-disk --nsg-rule
      User-Agent:
      - AZURECLI/2.53.0 azsdk-python-azure-mgmt-storage/21.1.0 Python/3.10.9 (Windows-10-10.0.22621-SP0)
    method: GET
    uri: https://management.azure.com/subscriptions/00000000-0000-0000-0000-000000000000/resourceGroups/cli-test-disk-debian000001/providers/Microsoft.Storage/storageAccounts?api-version=2023-01-01
  response:
    body:
      string: '{"value":[]}'
    headers:
      cache-control:
      - no-cache
      content-length:
      - '12'
      content-type:
      - application/json; charset=utf-8
      date:
      - Wed, 25 Oct 2023 02:46:06 GMT
      expires:
      - '-1'
      pragma:
      - no-cache
      strict-transport-security:
      - max-age=31536000; includeSubDomains
      vary:
      - Accept-Encoding
      x-content-type-options:
      - nosniff
    status:
      code: 200
      message: OK
- request:
    body: null
    headers:
      Accept:
      - application/json
      Accept-Encoding:
      - gzip, deflate
      CommandName:
      - vm create
      Connection:
      - keep-alive
      ParameterSetName:
      - -g --location -n --admin-username --image --admin-password --authentication-type
        --use-unmanaged-disk --nsg-rule
      User-Agent:
      - AZURECLI/2.53.0 (AAZ) azsdk-python-core/1.26.0 Python/3.10.9 (Windows-10-10.0.22621-SP0)
    method: GET
    uri: https://management.azure.com/subscriptions/00000000-0000-0000-0000-000000000000/resourceGroups/cli-test-disk-debian000001/providers/Microsoft.Network/virtualNetworks?api-version=2022-01-01
  response:
    body:
      string: '{"value":[]}'
    headers:
      cache-control:
      - no-cache
      content-length:
      - '12'
      content-type:
      - application/json; charset=utf-8
      date:
      - Wed, 25 Oct 2023 02:46:07 GMT
      expires:
      - '-1'
      pragma:
      - no-cache
      strict-transport-security:
      - max-age=31536000; includeSubDomains
      vary:
      - Accept-Encoding
      x-content-type-options:
      - nosniff
    status:
      code: 200
      message: OK
- request:
    body: null
    headers:
      Accept:
      - application/json
      Accept-Encoding:
      - gzip, deflate
      CommandName:
      - vm create
      Connection:
      - keep-alive
      ParameterSetName:
      - -g --location -n --admin-username --image --admin-password --authentication-type
        --use-unmanaged-disk --nsg-rule
      User-Agent:
      - AZURECLI/2.53.0 azsdk-python-azure-mgmt-compute/30.2.0 Python/3.10.9 (Windows-10-10.0.22621-SP0)
    method: GET
    uri: https://management.azure.com/subscriptions/00000000-0000-0000-0000-000000000000/providers/Microsoft.Compute/locations/westus/publishers/Debian/artifacttypes/vmimage/offers/debian-10/skus/10/versions?$top=1&$orderby=name%20desc&api-version=2022-11-01
  response:
    body:
      string: "[\r\n  {\r\n    \"location\": \"westus\",\r\n    \"name\": \"0.20230802.1460\"\
        ,\r\n    \"id\": \"/Subscriptions/00000000-0000-0000-0000-000000000000/Providers/Microsoft.Compute/Locations/westus/Publishers/Debian/ArtifactTypes/VMImage/Offers/debian-10/Skus/10/Versions/0.20230802.1460\"\
        \r\n  }\r\n]"
    headers:
      cache-control:
      - no-cache
      content-length:
      - '273'
      content-type:
      - application/json; charset=utf-8
      date:
      - Wed, 25 Oct 2023 02:46:07 GMT
      expires:
      - '-1'
      pragma:
      - no-cache
      server:
      - Microsoft-HTTPAPI/2.0
      - Microsoft-HTTPAPI/2.0
      strict-transport-security:
      - max-age=31536000; includeSubDomains
      transfer-encoding:
      - chunked
      vary:
      - Accept-Encoding
      x-content-type-options:
      - nosniff
      x-ms-ratelimit-remaining-resource:
      - Microsoft.Compute/ListVMImagesVersionsFromLocation3Min;15987,Microsoft.Compute/ListVMImagesVersionsFromLocation30Min;43971
    status:
      code: 200
      message: OK
- request:
    body: null
    headers:
      Accept:
      - application/json
      Accept-Encoding:
      - gzip, deflate
      CommandName:
      - vm create
      Connection:
      - keep-alive
      ParameterSetName:
      - -g --location -n --admin-username --image --admin-password --authentication-type
        --use-unmanaged-disk --nsg-rule
      User-Agent:
      - AZURECLI/2.53.0 azsdk-python-azure-mgmt-compute/30.2.0 Python/3.10.9 (Windows-10-10.0.22621-SP0)
    method: GET
    uri: https://management.azure.com/subscriptions/00000000-0000-0000-0000-000000000000/providers/Microsoft.Compute/locations/westus/publishers/Debian/artifacttypes/vmimage/offers/debian-10/skus/10/versions/0.20230802.1460?api-version=2022-11-01
  response:
    body:
      string: "{\r\n  \"properties\": {\r\n    \"hyperVGeneration\": \"V1\",\r\n \
        \   \"architecture\": \"x64\",\r\n    \"replicaType\": \"Unmanaged\",\r\n\
        \    \"disallowed\": {\r\n      \"vmDiskType\": \"None\"\r\n    },\r\n   \
        \ \"automaticOSUpgradeProperties\": {\r\n      \"automaticOSUpgradeSupported\"\
        : false\r\n    },\r\n    \"imageDeprecationStatus\": {\r\n      \"imageState\"\
        : \"Active\"\r\n    },\r\n    \"features\": [\r\n      {\r\n        \"name\"\
        : \"IsAcceleratedNetworkSupported\",\r\n        \"value\": \"True\"\r\n  \
        \    },\r\n      {\r\n        \"name\": \"DiskControllerTypes\",\r\n     \
        \   \"value\": \"SCSI\"\r\n      },\r\n      {\r\n        \"name\": \"IsHibernateSupported\"\
        ,\r\n        \"value\": \"False\"\r\n      }\r\n    ],\r\n    \"osDiskImage\"\
        : {\r\n      \"operatingSystem\": \"Linux\",\r\n      \"sizeInBytes\": 32212255232\r\
        \n    },\r\n    \"dataDiskImages\": []\r\n  },\r\n  \"location\": \"westus\"\
        ,\r\n  \"name\": \"0.20230802.1460\",\r\n  \"id\": \"/Subscriptions/00000000-0000-0000-0000-000000000000/Providers/Microsoft.Compute/Locations/westus/Publishers/Debian/ArtifactTypes/VMImage/Offers/debian-10/Skus/10/Versions/0.20230802.1460\"\
        \r\n}"
    headers:
      cache-control:
      - no-cache
      content-length:
      - '1008'
      content-type:
      - application/json; charset=utf-8
      date:
      - Wed, 25 Oct 2023 02:46:08 GMT
      expires:
      - '-1'
      pragma:
      - no-cache
      server:
      - Microsoft-HTTPAPI/2.0
      - Microsoft-HTTPAPI/2.0
      strict-transport-security:
      - max-age=31536000; includeSubDomains
      transfer-encoding:
      - chunked
      vary:
      - Accept-Encoding
      x-content-type-options:
      - nosniff
      x-ms-ratelimit-remaining-resource:
      - Microsoft.Compute/GetVMImageFromLocation3Min;12987,Microsoft.Compute/GetVMImageFromLocation30Min;73978
    status:
      code: 200
      message: OK
- request:
    body: null
    headers:
      Accept:
      - application/json
      Accept-Encoding:
      - gzip, deflate
      CommandName:
      - vm create
      Connection:
      - keep-alive
      ParameterSetName:
      - -g --location -n --admin-username --image --admin-password --authentication-type
        --use-unmanaged-disk --nsg-rule
      User-Agent:
      - AZURECLI/2.53.0 azsdk-python-azure-mgmt-compute/30.2.0 Python/3.10.9 (Windows-10-10.0.22621-SP0)
    method: GET
    uri: https://management.azure.com/subscriptions/00000000-0000-0000-0000-000000000000/providers/Microsoft.Compute/locations/westus/publishers/Debian/artifacttypes/vmimage/offers/debian-10/skus/10/versions?$top=1&$orderby=name%20desc&api-version=2022-11-01
  response:
    body:
      string: "[\r\n  {\r\n    \"location\": \"westus\",\r\n    \"name\": \"0.20230802.1460\"\
        ,\r\n    \"id\": \"/Subscriptions/00000000-0000-0000-0000-000000000000/Providers/Microsoft.Compute/Locations/westus/Publishers/Debian/ArtifactTypes/VMImage/Offers/debian-10/Skus/10/Versions/0.20230802.1460\"\
        \r\n  }\r\n]"
    headers:
      cache-control:
      - no-cache
      content-length:
      - '273'
      content-type:
      - application/json; charset=utf-8
      date:
      - Wed, 25 Oct 2023 02:46:10 GMT
      expires:
      - '-1'
      pragma:
      - no-cache
      server:
      - Microsoft-HTTPAPI/2.0
      - Microsoft-HTTPAPI/2.0
      strict-transport-security:
      - max-age=31536000; includeSubDomains
      transfer-encoding:
      - chunked
      vary:
      - Accept-Encoding
      x-content-type-options:
      - nosniff
      x-ms-ratelimit-remaining-resource:
      - Microsoft.Compute/ListVMImagesVersionsFromLocation3Min;15985,Microsoft.Compute/ListVMImagesVersionsFromLocation30Min;43969
    status:
      code: 200
      message: OK
- request:
    body: null
    headers:
      Accept:
      - application/json
      Accept-Encoding:
      - gzip, deflate
      CommandName:
      - vm create
      Connection:
      - keep-alive
      ParameterSetName:
      - -g --location -n --admin-username --image --admin-password --authentication-type
        --use-unmanaged-disk --nsg-rule
      User-Agent:
      - AZURECLI/2.53.0 azsdk-python-azure-mgmt-compute/30.2.0 Python/3.10.9 (Windows-10-10.0.22621-SP0)
    method: GET
    uri: https://management.azure.com/subscriptions/00000000-0000-0000-0000-000000000000/providers/Microsoft.Compute/locations/westus/publishers/Debian/artifacttypes/vmimage/offers/debian-10/skus/10/versions/0.20230802.1460?api-version=2022-11-01
  response:
    body:
      string: "{\r\n  \"properties\": {\r\n    \"hyperVGeneration\": \"V1\",\r\n \
        \   \"architecture\": \"x64\",\r\n    \"replicaType\": \"Unmanaged\",\r\n\
        \    \"disallowed\": {\r\n      \"vmDiskType\": \"None\"\r\n    },\r\n   \
        \ \"automaticOSUpgradeProperties\": {\r\n      \"automaticOSUpgradeSupported\"\
        : false\r\n    },\r\n    \"imageDeprecationStatus\": {\r\n      \"imageState\"\
        : \"Active\"\r\n    },\r\n    \"features\": [\r\n      {\r\n        \"name\"\
        : \"IsAcceleratedNetworkSupported\",\r\n        \"value\": \"True\"\r\n  \
        \    },\r\n      {\r\n        \"name\": \"DiskControllerTypes\",\r\n     \
        \   \"value\": \"SCSI\"\r\n      },\r\n      {\r\n        \"name\": \"IsHibernateSupported\"\
        ,\r\n        \"value\": \"False\"\r\n      }\r\n    ],\r\n    \"osDiskImage\"\
        : {\r\n      \"operatingSystem\": \"Linux\",\r\n      \"sizeInBytes\": 32212255232\r\
        \n    },\r\n    \"dataDiskImages\": []\r\n  },\r\n  \"location\": \"westus\"\
        ,\r\n  \"name\": \"0.20230802.1460\",\r\n  \"id\": \"/Subscriptions/00000000-0000-0000-0000-000000000000/Providers/Microsoft.Compute/Locations/westus/Publishers/Debian/ArtifactTypes/VMImage/Offers/debian-10/Skus/10/Versions/0.20230802.1460\"\
        \r\n}"
    headers:
      cache-control:
      - no-cache
      content-length:
      - '1008'
      content-type:
      - application/json; charset=utf-8
      date:
      - Wed, 25 Oct 2023 02:46:10 GMT
      expires:
      - '-1'
      pragma:
      - no-cache
      server:
      - Microsoft-HTTPAPI/2.0
      - Microsoft-HTTPAPI/2.0
      strict-transport-security:
      - max-age=31536000; includeSubDomains
      transfer-encoding:
      - chunked
      vary:
      - Accept-Encoding
      x-content-type-options:
      - nosniff
      x-ms-ratelimit-remaining-resource:
      - Microsoft.Compute/GetVMImageFromLocation3Min;12985,Microsoft.Compute/GetVMImageFromLocation30Min;73976
    status:
      code: 200
      message: OK
- request:
    body: '{"properties": {"template": {"$schema": "https://schema.management.azure.com/schemas/2015-01-01/deploymentTemplate.json#",
      "contentVersion": "1.0.0.0", "parameters": {"adminPassword": {"type": "securestring",
      "metadata": {"description": "Secure adminPassword"}}}, "variables": {}, "resources":
      [{"type": "Microsoft.Storage/storageAccounts", "name": "vhdstoragebc2b1e04fd481e",
      "apiVersion": "2015-06-15", "location": "westus", "tags": {}, "dependsOn": [],
      "properties": {"accountType": "Premium_LRS"}}, {"name": "vm-datadisk-testVNET",
      "type": "Microsoft.Network/virtualNetworks", "location": "westus", "apiVersion":
      "2015-06-15", "dependsOn": [], "tags": {}, "properties": {"addressSpace": {"addressPrefixes":
      ["10.0.0.0/16"]}, "subnets": [{"name": "vm-datadisk-testSubnet", "properties":
      {"addressPrefix": "10.0.0.0/24"}}]}}, {"type": "Microsoft.Network/networkSecurityGroups",
      "name": "vm-datadisk-testNSG", "apiVersion": "2015-06-15", "location": "westus",
      "tags": {}, "dependsOn": []}, {"apiVersion": "2022-01-01", "type": "Microsoft.Network/publicIPAddresses",
      "name": "vm-datadisk-testPublicIP", "location": "westus", "tags": {}, "dependsOn":
      [], "properties": {"publicIPAllocationMethod": null}}, {"apiVersion": "2015-06-15",
      "type": "Microsoft.Network/networkInterfaces", "name": "vm-datadisk-testVMNic",
      "location": "westus", "tags": {}, "dependsOn": ["Microsoft.Network/virtualNetworks/vm-datadisk-testVNET",
      "Microsoft.Network/networkSecurityGroups/vm-datadisk-testNSG", "Microsoft.Network/publicIpAddresses/vm-datadisk-testPublicIP"],
      "properties": {"ipConfigurations": [{"name": "ipconfigvm-datadisk-test", "properties":
      {"privateIPAllocationMethod": "Dynamic", "subnet": {"id": "/subscriptions/00000000-0000-0000-0000-000000000000/resourceGroups/cli-test-disk-debian000001/providers/Microsoft.Network/virtualNetworks/vm-datadisk-testVNET/subnets/vm-datadisk-testSubnet"},
      "publicIPAddress": {"id": "/subscriptions/00000000-0000-0000-0000-000000000000/resourceGroups/cli-test-disk-debian000001/providers/Microsoft.Network/publicIPAddresses/vm-datadisk-testPublicIP"}}}],
      "networkSecurityGroup": {"id": "/subscriptions/00000000-0000-0000-0000-000000000000/resourceGroups/cli-test-disk-debian000001/providers/Microsoft.Network/networkSecurityGroups/vm-datadisk-testNSG"}}},
      {"apiVersion": "2022-11-01", "type": "Microsoft.Compute/virtualMachines", "name":
      "vm-datadisk-test", "location": "westus", "tags": {}, "dependsOn": ["Microsoft.Storage/storageAccounts/vhdstoragebc2b1e04fd481e",
      "Microsoft.Network/networkInterfaces/vm-datadisk-testVMNic"], "properties":
      {"hardwareProfile": {"vmSize": "Standard_DS1_v2"}, "networkProfile": {"networkInterfaces":
      [{"id": "/subscriptions/00000000-0000-0000-0000-000000000000/resourceGroups/cli-test-disk-debian000001/providers/Microsoft.Network/networkInterfaces/vm-datadisk-testVMNic",
      "properties": {"deleteOption": null}}]}, "storageProfile": {"osDisk": {"createOption":
      "fromImage", "name": "osdisk_bc2b1e04fd", "caching": "ReadWrite", "vhd": {"uri":
      "https://vhdstoragebc2b1e04fd481e.blob.core.windows.net/vhds/osdisk_bc2b1e04fd.vhd"}},
      "imageReference": {"publisher": "Debian", "offer": "debian-10", "sku": "10",
      "version": "latest"}}, "osProfile": {"computerName": "vm-datadisk-test", "adminUsername":
      "debian", "adminPassword": "[parameters(''adminPassword'')]"}}}], "outputs":
      {}}, "parameters": {"adminPassword": {"value": "testPassword0"}}, "mode": "incremental"}}'
    headers:
      Accept:
      - application/json
      Accept-Encoding:
      - gzip, deflate
      CommandName:
      - vm create
      Connection:
      - keep-alive
      Content-Length:
      - '3424'
      Content-Type:
      - application/json
      ParameterSetName:
      - -g --location -n --admin-username --image --admin-password --authentication-type
        --use-unmanaged-disk --nsg-rule
      User-Agent:
      - AZURECLI/2.53.0 azsdk-python-azure-mgmt-resource/23.1.0b2 Python/3.10.9 (Windows-10-10.0.22621-SP0)
    method: PUT
    uri: https://management.azure.com/subscriptions/00000000-0000-0000-0000-000000000000/resourcegroups/cli-test-disk-debian000001/providers/Microsoft.Resources/deployments/mock-deployment?api-version=2022-09-01
  response:
    body:
      string: '{"id":"/subscriptions/00000000-0000-0000-0000-000000000000/resourceGroups/cli-test-disk-debian000001/providers/Microsoft.Resources/deployments/vm_deploy_phb5LnifzE2h8CfaM5AXGX08Lw1S4wAu","name":"vm_deploy_phb5LnifzE2h8CfaM5AXGX08Lw1S4wAu","type":"Microsoft.Resources/deployments","properties":{"templateHash":"15440410572154321864","parameters":{"adminPassword":{"type":"SecureString"}},"mode":"Incremental","provisioningState":"Accepted","timestamp":"2023-10-25T02:46:13.777038Z","duration":"PT0.0004603S","correlationId":"65ae4394-4043-4587-b4a7-7038e3bbae49","providers":[{"namespace":"Microsoft.Storage","resourceTypes":[{"resourceType":"storageAccounts","locations":["westus"]}]},{"namespace":"Microsoft.Network","resourceTypes":[{"resourceType":"virtualNetworks","locations":["westus"]},{"resourceType":"networkSecurityGroups","locations":["westus"]},{"resourceType":"publicIPAddresses","locations":["westus"]},{"resourceType":"networkInterfaces","locations":["westus"]}]},{"namespace":"Microsoft.Compute","resourceTypes":[{"resourceType":"virtualMachines","locations":["westus"]}]}],"dependencies":[{"dependsOn":[{"id":"/subscriptions/00000000-0000-0000-0000-000000000000/resourceGroups/cli-test-disk-debian000001/providers/Microsoft.Network/virtualNetworks/vm-datadisk-testVNET","resourceType":"Microsoft.Network/virtualNetworks","resourceName":"vm-datadisk-testVNET"},{"id":"/subscriptions/00000000-0000-0000-0000-000000000000/resourceGroups/cli-test-disk-debian000001/providers/Microsoft.Network/networkSecurityGroups/vm-datadisk-testNSG","resourceType":"Microsoft.Network/networkSecurityGroups","resourceName":"vm-datadisk-testNSG"},{"id":"/subscriptions/00000000-0000-0000-0000-000000000000/resourceGroups/cli-test-disk-debian000001/providers/Microsoft.Network/publicIPAddresses/vm-datadisk-testPublicIP","resourceType":"Microsoft.Network/publicIPAddresses","resourceName":"vm-datadisk-testPublicIP"}],"id":"/subscriptions/00000000-0000-0000-0000-000000000000/resourceGroups/cli-test-disk-debian000001/providers/Microsoft.Network/networkInterfaces/vm-datadisk-testVMNic","resourceType":"Microsoft.Network/networkInterfaces","resourceName":"vm-datadisk-testVMNic"},{"dependsOn":[{"id":"/subscriptions/00000000-0000-0000-0000-000000000000/resourceGroups/cli-test-disk-debian000001/providers/Microsoft.Storage/storageAccounts/vhdstoragebc2b1e04fd481e","resourceType":"Microsoft.Storage/storageAccounts","resourceName":"vhdstoragebc2b1e04fd481e"},{"id":"/subscriptions/00000000-0000-0000-0000-000000000000/resourceGroups/cli-test-disk-debian000001/providers/Microsoft.Network/networkInterfaces/vm-datadisk-testVMNic","resourceType":"Microsoft.Network/networkInterfaces","resourceName":"vm-datadisk-testVMNic"}],"id":"/subscriptions/00000000-0000-0000-0000-000000000000/resourceGroups/cli-test-disk-debian000001/providers/Microsoft.Compute/virtualMachines/vm-datadisk-test","resourceType":"Microsoft.Compute/virtualMachines","resourceName":"vm-datadisk-test"}]}}'
    headers:
      azure-asyncoperation:
      - https://management.azure.com/subscriptions/00000000-0000-0000-0000-000000000000/resourcegroups/cli-test-disk-debian000001/providers/Microsoft.Resources/deployments/vm_deploy_phb5LnifzE2h8CfaM5AXGX08Lw1S4wAu/operationStatuses/08585034049126041220?api-version=2022-09-01
      cache-control:
      - no-cache
      content-length:
      - '2969'
      content-type:
      - application/json; charset=utf-8
      date:
      - Wed, 25 Oct 2023 02:46:14 GMT
      expires:
      - '-1'
      pragma:
      - no-cache
      strict-transport-security:
      - max-age=31536000; includeSubDomains
      x-content-type-options:
      - nosniff
      x-ms-ratelimit-remaining-subscription-writes:
      - '1199'
    status:
      code: 201
      message: Created
- request:
    body: null
    headers:
      Accept:
      - '*/*'
      Accept-Encoding:
      - gzip, deflate
      CommandName:
      - vm create
      Connection:
      - keep-alive
      ParameterSetName:
      - -g --location -n --admin-username --image --admin-password --authentication-type
        --use-unmanaged-disk --nsg-rule
      User-Agent:
      - AZURECLI/2.53.0 azsdk-python-azure-mgmt-resource/23.1.0b2 Python/3.10.9 (Windows-10-10.0.22621-SP0)
    method: GET
    uri: https://management.azure.com/subscriptions/00000000-0000-0000-0000-000000000000/resourcegroups/cli-test-disk-debian000001/providers/Microsoft.Resources/deployments/mock-deployment/operationStatuses/08585034049126041220?api-version=2022-09-01
  response:
    body:
      string: '{"status":"Running"}'
    headers:
      cache-control:
      - no-cache
      content-length:
      - '20'
      content-type:
      - application/json; charset=utf-8
      date:
      - Wed, 25 Oct 2023 02:46:14 GMT
      expires:
      - '-1'
      pragma:
      - no-cache
      strict-transport-security:
      - max-age=31536000; includeSubDomains
      vary:
      - Accept-Encoding
      x-content-type-options:
      - nosniff
    status:
      code: 200
      message: OK
- request:
    body: null
    headers:
      Accept:
      - '*/*'
      Accept-Encoding:
      - gzip, deflate
      CommandName:
      - vm create
      Connection:
      - keep-alive
      ParameterSetName:
      - -g --location -n --admin-username --image --admin-password --authentication-type
        --use-unmanaged-disk --nsg-rule
      User-Agent:
      - AZURECLI/2.53.0 azsdk-python-azure-mgmt-resource/23.1.0b2 Python/3.10.9 (Windows-10-10.0.22621-SP0)
    method: GET
    uri: https://management.azure.com/subscriptions/00000000-0000-0000-0000-000000000000/resourcegroups/cli-test-disk-debian000001/providers/Microsoft.Resources/deployments/mock-deployment/operationStatuses/08585034049126041220?api-version=2022-09-01
  response:
    body:
      string: '{"status":"Running"}'
    headers:
      cache-control:
      - no-cache
      content-length:
      - '20'
      content-type:
      - application/json; charset=utf-8
      date:
      - Wed, 25 Oct 2023 02:46:44 GMT
      expires:
      - '-1'
      pragma:
      - no-cache
      strict-transport-security:
      - max-age=31536000; includeSubDomains
      vary:
      - Accept-Encoding
      x-content-type-options:
      - nosniff
    status:
      code: 200
      message: OK
- request:
    body: null
    headers:
      Accept:
      - '*/*'
      Accept-Encoding:
      - gzip, deflate
      CommandName:
      - vm create
      Connection:
      - keep-alive
      ParameterSetName:
      - -g --location -n --admin-username --image --admin-password --authentication-type
        --use-unmanaged-disk --nsg-rule
      User-Agent:
      - AZURECLI/2.53.0 azsdk-python-azure-mgmt-resource/23.1.0b2 Python/3.10.9 (Windows-10-10.0.22621-SP0)
    method: GET
    uri: https://management.azure.com/subscriptions/00000000-0000-0000-0000-000000000000/resourcegroups/cli-test-disk-debian000001/providers/Microsoft.Resources/deployments/mock-deployment/operationStatuses/08585034049126041220?api-version=2022-09-01
  response:
    body:
      string: '{"status":"Succeeded"}'
    headers:
      cache-control:
      - no-cache
      content-length:
      - '22'
      content-type:
      - application/json; charset=utf-8
      date:
      - Wed, 25 Oct 2023 02:47:15 GMT
      expires:
      - '-1'
      pragma:
      - no-cache
      strict-transport-security:
      - max-age=31536000; includeSubDomains
      vary:
      - Accept-Encoding
      x-content-type-options:
      - nosniff
    status:
      code: 200
      message: OK
- request:
    body: null
    headers:
      Accept:
      - '*/*'
      Accept-Encoding:
      - gzip, deflate
      CommandName:
      - vm create
      Connection:
      - keep-alive
      ParameterSetName:
      - -g --location -n --admin-username --image --admin-password --authentication-type
        --use-unmanaged-disk --nsg-rule
      User-Agent:
      - AZURECLI/2.53.0 azsdk-python-azure-mgmt-resource/23.1.0b2 Python/3.10.9 (Windows-10-10.0.22621-SP0)
    method: GET
    uri: https://management.azure.com/subscriptions/00000000-0000-0000-0000-000000000000/resourcegroups/cli-test-disk-debian000001/providers/Microsoft.Resources/deployments/mock-deployment?api-version=2022-09-01
  response:
    body:
      string: '{"id":"/subscriptions/00000000-0000-0000-0000-000000000000/resourceGroups/cli-test-disk-debian000001/providers/Microsoft.Resources/deployments/vm_deploy_phb5LnifzE2h8CfaM5AXGX08Lw1S4wAu","name":"vm_deploy_phb5LnifzE2h8CfaM5AXGX08Lw1S4wAu","type":"Microsoft.Resources/deployments","properties":{"templateHash":"15440410572154321864","parameters":{"adminPassword":{"type":"SecureString"}},"mode":"Incremental","provisioningState":"Succeeded","timestamp":"2023-10-25T02:47:12.6543937Z","duration":"PT58.877816S","correlationId":"65ae4394-4043-4587-b4a7-7038e3bbae49","providers":[{"namespace":"Microsoft.Storage","resourceTypes":[{"resourceType":"storageAccounts","locations":["westus"]}]},{"namespace":"Microsoft.Network","resourceTypes":[{"resourceType":"virtualNetworks","locations":["westus"]},{"resourceType":"networkSecurityGroups","locations":["westus"]},{"resourceType":"publicIPAddresses","locations":["westus"]},{"resourceType":"networkInterfaces","locations":["westus"]}]},{"namespace":"Microsoft.Compute","resourceTypes":[{"resourceType":"virtualMachines","locations":["westus"]}]}],"dependencies":[{"dependsOn":[{"id":"/subscriptions/00000000-0000-0000-0000-000000000000/resourceGroups/cli-test-disk-debian000001/providers/Microsoft.Network/virtualNetworks/vm-datadisk-testVNET","resourceType":"Microsoft.Network/virtualNetworks","resourceName":"vm-datadisk-testVNET"},{"id":"/subscriptions/00000000-0000-0000-0000-000000000000/resourceGroups/cli-test-disk-debian000001/providers/Microsoft.Network/networkSecurityGroups/vm-datadisk-testNSG","resourceType":"Microsoft.Network/networkSecurityGroups","resourceName":"vm-datadisk-testNSG"},{"id":"/subscriptions/00000000-0000-0000-0000-000000000000/resourceGroups/cli-test-disk-debian000001/providers/Microsoft.Network/publicIPAddresses/vm-datadisk-testPublicIP","resourceType":"Microsoft.Network/publicIPAddresses","resourceName":"vm-datadisk-testPublicIP"}],"id":"/subscriptions/00000000-0000-0000-0000-000000000000/resourceGroups/cli-test-disk-debian000001/providers/Microsoft.Network/networkInterfaces/vm-datadisk-testVMNic","resourceType":"Microsoft.Network/networkInterfaces","resourceName":"vm-datadisk-testVMNic"},{"dependsOn":[{"id":"/subscriptions/00000000-0000-0000-0000-000000000000/resourceGroups/cli-test-disk-debian000001/providers/Microsoft.Storage/storageAccounts/vhdstoragebc2b1e04fd481e","resourceType":"Microsoft.Storage/storageAccounts","resourceName":"vhdstoragebc2b1e04fd481e"},{"id":"/subscriptions/00000000-0000-0000-0000-000000000000/resourceGroups/cli-test-disk-debian000001/providers/Microsoft.Network/networkInterfaces/vm-datadisk-testVMNic","resourceType":"Microsoft.Network/networkInterfaces","resourceName":"vm-datadisk-testVMNic"}],"id":"/subscriptions/00000000-0000-0000-0000-000000000000/resourceGroups/cli-test-disk-debian000001/providers/Microsoft.Compute/virtualMachines/vm-datadisk-test","resourceType":"Microsoft.Compute/virtualMachines","resourceName":"vm-datadisk-test"}],"outputs":{},"outputResources":[{"id":"/subscriptions/00000000-0000-0000-0000-000000000000/resourceGroups/cli-test-disk-debian000001/providers/Microsoft.Compute/virtualMachines/vm-datadisk-test"},{"id":"/subscriptions/00000000-0000-0000-0000-000000000000/resourceGroups/cli-test-disk-debian000001/providers/Microsoft.Network/networkInterfaces/vm-datadisk-testVMNic"},{"id":"/subscriptions/00000000-0000-0000-0000-000000000000/resourceGroups/cli-test-disk-debian000001/providers/Microsoft.Network/networkSecurityGroups/vm-datadisk-testNSG"},{"id":"/subscriptions/00000000-0000-0000-0000-000000000000/resourceGroups/cli-test-disk-debian000001/providers/Microsoft.Network/publicIPAddresses/vm-datadisk-testPublicIP"},{"id":"/subscriptions/00000000-0000-0000-0000-000000000000/resourceGroups/cli-test-disk-debian000001/providers/Microsoft.Network/virtualNetworks/vm-datadisk-testVNET"},{"id":"/subscriptions/00000000-0000-0000-0000-000000000000/resourceGroups/cli-test-disk-debian000001/providers/Microsoft.Storage/storageAccounts/vhdstoragebc2b1e04fd481e"}]}}'
    headers:
      cache-control:
      - no-cache
      content-length:
      - '4026'
      content-type:
      - application/json; charset=utf-8
      date:
      - Wed, 25 Oct 2023 02:47:16 GMT
      expires:
      - '-1'
      pragma:
      - no-cache
      strict-transport-security:
      - max-age=31536000; includeSubDomains
      vary:
      - Accept-Encoding
      x-content-type-options:
      - nosniff
    status:
      code: 200
      message: OK
- request:
    body: null
    headers:
      Accept:
      - application/json
      Accept-Encoding:
      - gzip, deflate
      CommandName:
      - vm create
      Connection:
      - keep-alive
      ParameterSetName:
      - -g --location -n --admin-username --image --admin-password --authentication-type
        --use-unmanaged-disk --nsg-rule
      User-Agent:
      - AZURECLI/2.53.0 azsdk-python-azure-mgmt-compute/30.2.0 Python/3.10.9 (Windows-10-10.0.22621-SP0)
    method: GET
    uri: https://management.azure.com/subscriptions/00000000-0000-0000-0000-000000000000/resourceGroups/cli-test-disk-debian000001/providers/Microsoft.Compute/virtualMachines/vm-datadisk-test?$expand=instanceView&api-version=2022-11-01
  response:
    body:
      string: "{\r\n  \"name\": \"vm-datadisk-test\",\r\n  \"id\": \"/subscriptions/00000000-0000-0000-0000-000000000000/resourceGroups/cli-test-disk-debian000001/providers/Microsoft.Compute/virtualMachines/vm-datadisk-test\"\
        ,\r\n  \"type\": \"Microsoft.Compute/virtualMachines\",\r\n  \"location\"\
        : \"westus\",\r\n  \"tags\": {},\r\n  \"properties\": {\r\n    \"hardwareProfile\"\
        : {\r\n      \"vmSize\": \"Standard_DS1_v2\"\r\n    },\r\n    \"provisioningState\"\
        : \"Succeeded\",\r\n    \"vmId\": \"2bde606b-13c1-4faf-8094-0cb1b209e3c9\"\
        ,\r\n    \"storageProfile\": {\r\n      \"imageReference\": {\r\n        \"\
        publisher\": \"Debian\",\r\n        \"offer\": \"debian-10\",\r\n        \"\
        sku\": \"10\",\r\n        \"version\": \"latest\",\r\n        \"exactVersion\"\
        : \"0.20230802.1460\"\r\n      },\r\n      \"osDisk\": {\r\n        \"osType\"\
        : \"Linux\",\r\n        \"name\": \"osdisk_bc2b1e04fd\",\r\n        \"createOption\"\
        : \"FromImage\",\r\n        \"vhd\": {\r\n          \"uri\": \"https://vhdstoragebc2b1e04fd481e.blob.core.windows.net/vhds/osdisk_bc2b1e04fd.vhd\"\
        \r\n        },\r\n        \"caching\": \"ReadWrite\",\r\n        \"deleteOption\"\
        : \"Detach\",\r\n        \"diskSizeGB\": 30\r\n      },\r\n      \"dataDisks\"\
        : []\r\n    },\r\n    \"osProfile\": {\r\n      \"computerName\": \"vm-datadisk-test\"\
        ,\r\n      \"adminUsername\": \"debian\",\r\n      \"linuxConfiguration\"\
        : {\r\n        \"disablePasswordAuthentication\": false,\r\n        \"provisionVMAgent\"\
        : true,\r\n        \"patchSettings\": {\r\n          \"patchMode\": \"ImageDefault\"\
        ,\r\n          \"assessmentMode\": \"ImageDefault\"\r\n        },\r\n    \
        \    \"enableVMAgentPlatformUpdates\": false\r\n      },\r\n      \"secrets\"\
        : [],\r\n      \"allowExtensionOperations\": true,\r\n      \"requireGuestProvisionSignal\"\
        : true\r\n    },\r\n    \"networkProfile\": {\"networkInterfaces\":[{\"id\"\
        :\"/subscriptions/00000000-0000-0000-0000-000000000000/resourceGroups/cli-test-disk-debian000001/providers/Microsoft.Network/networkInterfaces/vm-datadisk-testVMNic\"\
        }]},\r\n    \"instanceView\": {\r\n      \"computerName\": \"vm-datadisk-test\"\
        ,\r\n      \"osName\": \"debian\",\r\n      \"osVersion\": \"10.13\",\r\n\
        \      \"vmAgent\": {\r\n        \"vmAgentVersion\": \"2.2.45\",\r\n     \
        \   \"statuses\": [\r\n          {\r\n            \"code\": \"ProvisioningState/succeeded\"\
        ,\r\n            \"level\": \"Info\",\r\n            \"displayStatus\": \"\
        Ready\",\r\n            \"message\": \"Guest Agent is running\",\r\n     \
        \       \"time\": \"2023-10-25T02:47:15+00:00\"\r\n          }\r\n       \
        \ ],\r\n        \"extensionHandlers\": []\r\n      },\r\n      \"disks\":\
        \ [\r\n        {\r\n          \"name\": \"osdisk_bc2b1e04fd\",\r\n       \
        \   \"statuses\": [\r\n            {\r\n              \"code\": \"ProvisioningState/succeeded\"\
        ,\r\n              \"level\": \"Info\",\r\n              \"displayStatus\"\
        : \"Provisioning succeeded\",\r\n              \"time\": \"2023-10-25T02:46:43.4448772+00:00\"\
        \r\n            }\r\n          ]\r\n        }\r\n      ],\r\n      \"hyperVGeneration\"\
        : \"V1\",\r\n      \"statuses\": [\r\n        {\r\n          \"code\": \"\
        ProvisioningState/succeeded\",\r\n          \"level\": \"Info\",\r\n     \
        \     \"displayStatus\": \"Provisioning succeeded\",\r\n          \"time\"\
        : \"2023-10-25T02:47:07.6169663+00:00\"\r\n        },\r\n        {\r\n   \
        \       \"code\": \"PowerState/running\",\r\n          \"level\": \"Info\"\
        ,\r\n          \"displayStatus\": \"VM running\"\r\n        }\r\n      ]\r\
        \n    },\r\n    \"timeCreated\": \"2023-10-25T02:46:42.773069+00:00\"\r\n\
        \  }\r\n}"
    headers:
      cache-control:
      - no-cache
      content-length:
      - '3143'
      content-type:
      - application/json; charset=utf-8
      date:
      - Wed, 25 Oct 2023 02:47:17 GMT
      expires:
      - '-1'
      pragma:
      - no-cache
      server:
      - Microsoft-HTTPAPI/2.0
      - Microsoft-HTTPAPI/2.0
      strict-transport-security:
      - max-age=31536000; includeSubDomains
      transfer-encoding:
      - chunked
      vary:
      - Accept-Encoding
      x-content-type-options:
      - nosniff
      x-ms-ratelimit-remaining-resource:
      - Microsoft.Compute/LowCostGetSubscriptionMaximum;23987,Microsoft.Compute/LowCostGetResource;32
    status:
      code: 200
      message: OK
- request:
    body: null
    headers:
      Accept:
      - application/json
      Accept-Encoding:
      - gzip, deflate
      CommandName:
      - vm create
      Connection:
      - keep-alive
      ParameterSetName:
      - -g --location -n --admin-username --image --admin-password --authentication-type
        --use-unmanaged-disk --nsg-rule
      User-Agent:
      - AZURECLI/2.53.0 (AAZ) azsdk-python-core/1.26.0 Python/3.10.9 (Windows-10-10.0.22621-SP0)
    method: GET
    uri: https://management.azure.com/subscriptions/00000000-0000-0000-0000-000000000000/resourceGroups/cli-test-disk-debian000001/providers/Microsoft.Network/networkInterfaces/vm-datadisk-testVMNic?api-version=2022-01-01
  response:
    body:
      string: "{\r\n  \"name\": \"vm-datadisk-testVMNic\",\r\n  \"id\": \"/subscriptions/00000000-0000-0000-0000-000000000000/resourceGroups/cli-test-disk-debian000001/providers/Microsoft.Network/networkInterfaces/vm-datadisk-testVMNic\"\
        ,\r\n  \"etag\": \"W/\\\"9ec8868e-377c-49e5-abe0-6cebe2294c18\\\"\",\r\n \
        \ \"tags\": {},\r\n  \"properties\": {\r\n    \"provisioningState\": \"Succeeded\"\
        ,\r\n    \"resourceGuid\": \"614e55f8-f8de-4901-816e-946ab21e879c\",\r\n \
        \   \"ipConfigurations\": [\r\n      {\r\n        \"name\": \"ipconfigvm-datadisk-test\"\
        ,\r\n        \"id\": \"/subscriptions/00000000-0000-0000-0000-000000000000/resourceGroups/cli-test-disk-debian000001/providers/Microsoft.Network/networkInterfaces/vm-datadisk-testVMNic/ipConfigurations/ipconfigvm-datadisk-test\"\
        ,\r\n        \"etag\": \"W/\\\"9ec8868e-377c-49e5-abe0-6cebe2294c18\\\"\"\
        ,\r\n        \"type\": \"Microsoft.Network/networkInterfaces/ipConfigurations\"\
        ,\r\n        \"properties\": {\r\n          \"provisioningState\": \"Succeeded\"\
        ,\r\n          \"privateIPAddress\": \"10.0.0.4\",\r\n          \"privateIPAllocationMethod\"\
        : \"Dynamic\",\r\n          \"publicIPAddress\": {\r\n            \"id\":\
        \ \"/subscriptions/00000000-0000-0000-0000-000000000000/resourceGroups/cli-test-disk-debian000001/providers/Microsoft.Network/publicIPAddresses/vm-datadisk-testPublicIP\"\
        \r\n          },\r\n          \"subnet\": {\r\n            \"id\": \"/subscriptions/00000000-0000-0000-0000-000000000000/resourceGroups/cli-test-disk-debian000001/providers/Microsoft.Network/virtualNetworks/vm-datadisk-testVNET/subnets/vm-datadisk-testSubnet\"\
        \r\n          },\r\n          \"primary\": true,\r\n          \"privateIPAddressVersion\"\
        : \"IPv4\"\r\n        }\r\n      }\r\n    ],\r\n    \"dnsSettings\": {\r\n\
        \      \"dnsServers\": [],\r\n      \"appliedDnsServers\": [],\r\n      \"\
        internalDomainNameSuffix\": \"wcazo24lnvku3d4t5mprx5basc.dx.internal.cloudapp.net\"\
        \r\n    },\r\n    \"macAddress\": \"00-0D-3A-33-F0-27\",\r\n    \"vnetEncryptionSupported\"\
        : false,\r\n    \"enableIPForwarding\": false,\r\n    \"networkSecurityGroup\"\
        : {\r\n      \"id\": \"/subscriptions/00000000-0000-0000-0000-000000000000/resourceGroups/cli-test-disk-debian000001/providers/Microsoft.Network/networkSecurityGroups/vm-datadisk-testNSG\"\
        \r\n    },\r\n    \"primary\": true,\r\n    \"virtualMachine\": {\r\n    \
        \  \"id\": \"/subscriptions/00000000-0000-0000-0000-000000000000/resourceGroups/cli-test-disk-debian000001/providers/Microsoft.Compute/virtualMachines/vm-datadisk-test\"\
        \r\n    },\r\n    \"hostedWorkloads\": [],\r\n    \"tapConfigurations\": [],\r\
        \n    \"nicType\": \"Standard\",\r\n    \"allowPort25Out\": true,\r\n    \"\
        auxiliaryMode\": \"None\"\r\n  },\r\n  \"type\": \"Microsoft.Network/networkInterfaces\"\
        ,\r\n  \"location\": \"westus\",\r\n  \"kind\": \"Regular\"\r\n}"
    headers:
      cache-control:
      - no-cache
      content-length:
      - '2567'
      content-type:
      - application/json; charset=utf-8
      date:
      - Wed, 25 Oct 2023 02:47:18 GMT
      etag:
      - W/"9ec8868e-377c-49e5-abe0-6cebe2294c18"
      expires:
      - '-1'
      pragma:
      - no-cache
      server:
      - Microsoft-HTTPAPI/2.0
      - Microsoft-HTTPAPI/2.0
      strict-transport-security:
      - max-age=31536000; includeSubDomains
      transfer-encoding:
      - chunked
      vary:
      - Accept-Encoding
      x-content-type-options:
      - nosniff
      x-ms-arm-service-request-id:
      - ed67fdc5-0852-432e-9047-dbb4722b9da0
    status:
      code: 200
      message: OK
- request:
    body: null
    headers:
      Accept:
      - application/json
      Accept-Encoding:
      - gzip, deflate
      CommandName:
      - vm create
      Connection:
      - keep-alive
      ParameterSetName:
      - -g --location -n --admin-username --image --admin-password --authentication-type
        --use-unmanaged-disk --nsg-rule
      User-Agent:
      - AZURECLI/2.53.0 (AAZ) azsdk-python-core/1.26.0 Python/3.10.9 (Windows-10-10.0.22621-SP0)
    method: GET
    uri: https://management.azure.com/subscriptions/00000000-0000-0000-0000-000000000000/resourceGroups/cli-test-disk-debian000001/providers/Microsoft.Network/publicIPAddresses/vm-datadisk-testPublicIP?api-version=2022-01-01
  response:
    body:
      string: "{\r\n  \"name\": \"vm-datadisk-testPublicIP\",\r\n  \"id\": \"/subscriptions/00000000-0000-0000-0000-000000000000/resourceGroups/cli-test-disk-debian000001/providers/Microsoft.Network/publicIPAddresses/vm-datadisk-testPublicIP\"\
        ,\r\n  \"etag\": \"W/\\\"fe68b6d4-35a2-4379-b074-9ceb60b2b959\\\"\",\r\n \
        \ \"location\": \"westus\",\r\n  \"tags\": {},\r\n  \"properties\": {\r\n\
        \    \"provisioningState\": \"Succeeded\",\r\n    \"resourceGuid\": \"3c15f878-fab2-465f-9765-ceb40b0cce76\"\
        ,\r\n    \"ipAddress\": \"20.253.239.119\",\r\n    \"publicIPAddressVersion\"\
        : \"IPv4\",\r\n    \"publicIPAllocationMethod\": \"Dynamic\",\r\n    \"idleTimeoutInMinutes\"\
        : 4,\r\n    \"ipTags\": [],\r\n    \"ipConfiguration\": {\r\n      \"id\"\
        : \"/subscriptions/00000000-0000-0000-0000-000000000000/resourceGroups/cli-test-disk-debian000001/providers/Microsoft.Network/networkInterfaces/vm-datadisk-testVMNic/ipConfigurations/ipconfigvm-datadisk-test\"\
        \r\n    }\r\n  },\r\n  \"type\": \"Microsoft.Network/publicIPAddresses\",\r\
        \n  \"sku\": {\r\n    \"name\": \"Basic\",\r\n    \"tier\": \"Regional\"\r\
        \n  }\r\n}"
    headers:
      cache-control:
      - no-cache
      content-length:
      - '977'
      content-type:
      - application/json; charset=utf-8
      date:
      - Wed, 25 Oct 2023 02:47:19 GMT
      etag:
      - W/"fe68b6d4-35a2-4379-b074-9ceb60b2b959"
      expires:
      - '-1'
      pragma:
      - no-cache
      server:
      - Microsoft-HTTPAPI/2.0
      - Microsoft-HTTPAPI/2.0
      strict-transport-security:
      - max-age=31536000; includeSubDomains
      transfer-encoding:
      - chunked
      vary:
      - Accept-Encoding
      x-content-type-options:
      - nosniff
      x-ms-arm-service-request-id:
      - 738de92b-338e-41ef-be57-08fa7354ce8c
    status:
      code: 200
      message: OK
- request:
    body: null
    headers:
      Accept:
      - application/json
      Accept-Encoding:
      - gzip, deflate
      CommandName:
      - vm show
      Connection:
      - keep-alive
      ParameterSetName:
      - -g -n
      User-Agent:
      - AZURECLI/2.53.0 azsdk-python-azure-mgmt-compute/30.2.0 Python/3.10.9 (Windows-10-10.0.22621-SP0)
    method: GET
    uri: https://management.azure.com/subscriptions/00000000-0000-0000-0000-000000000000/resourceGroups/cli-test-disk-debian000001/providers/Microsoft.Compute/virtualMachines/vm-datadisk-test?api-version=2022-11-01
  response:
    body:
      string: "{\r\n  \"name\": \"vm-datadisk-test\",\r\n  \"id\": \"/subscriptions/00000000-0000-0000-0000-000000000000/resourceGroups/cli-test-disk-debian000001/providers/Microsoft.Compute/virtualMachines/vm-datadisk-test\"\
        ,\r\n  \"type\": \"Microsoft.Compute/virtualMachines\",\r\n  \"location\"\
        : \"westus\",\r\n  \"tags\": {},\r\n  \"properties\": {\r\n    \"hardwareProfile\"\
        : {\r\n      \"vmSize\": \"Standard_DS1_v2\"\r\n    },\r\n    \"provisioningState\"\
        : \"Succeeded\",\r\n    \"vmId\": \"2bde606b-13c1-4faf-8094-0cb1b209e3c9\"\
        ,\r\n    \"storageProfile\": {\r\n      \"imageReference\": {\r\n        \"\
        publisher\": \"Debian\",\r\n        \"offer\": \"debian-10\",\r\n        \"\
        sku\": \"10\",\r\n        \"version\": \"latest\",\r\n        \"exactVersion\"\
        : \"0.20230802.1460\"\r\n      },\r\n      \"osDisk\": {\r\n        \"osType\"\
        : \"Linux\",\r\n        \"name\": \"osdisk_bc2b1e04fd\",\r\n        \"createOption\"\
        : \"FromImage\",\r\n        \"vhd\": {\r\n          \"uri\": \"https://vhdstoragebc2b1e04fd481e.blob.core.windows.net/vhds/osdisk_bc2b1e04fd.vhd\"\
        \r\n        },\r\n        \"caching\": \"ReadWrite\",\r\n        \"deleteOption\"\
        : \"Detach\",\r\n        \"diskSizeGB\": 30\r\n      },\r\n      \"dataDisks\"\
        : []\r\n    },\r\n    \"osProfile\": {\r\n      \"computerName\": \"vm-datadisk-test\"\
        ,\r\n      \"adminUsername\": \"debian\",\r\n      \"linuxConfiguration\"\
        : {\r\n        \"disablePasswordAuthentication\": false,\r\n        \"provisionVMAgent\"\
        : true,\r\n        \"patchSettings\": {\r\n          \"patchMode\": \"ImageDefault\"\
        ,\r\n          \"assessmentMode\": \"ImageDefault\"\r\n        },\r\n    \
        \    \"enableVMAgentPlatformUpdates\": false\r\n      },\r\n      \"secrets\"\
        : [],\r\n      \"allowExtensionOperations\": true,\r\n      \"requireGuestProvisionSignal\"\
        : true\r\n    },\r\n    \"networkProfile\": {\"networkInterfaces\":[{\"id\"\
        :\"/subscriptions/00000000-0000-0000-0000-000000000000/resourceGroups/cli-test-disk-debian000001/providers/Microsoft.Network/networkInterfaces/vm-datadisk-testVMNic\"\
        }]},\r\n    \"timeCreated\": \"2023-10-25T02:46:42.773069+00:00\"\r\n  }\r\
        \n}"
    headers:
      cache-control:
      - no-cache
      content-length:
      - '1866'
      content-type:
      - application/json; charset=utf-8
      date:
      - Wed, 25 Oct 2023 02:47:20 GMT
      expires:
      - '-1'
      pragma:
      - no-cache
      server:
      - Microsoft-HTTPAPI/2.0
      - Microsoft-HTTPAPI/2.0
      strict-transport-security:
      - max-age=31536000; includeSubDomains
      transfer-encoding:
      - chunked
      vary:
      - Accept-Encoding
      x-content-type-options:
      - nosniff
      x-ms-ratelimit-remaining-resource:
      - Microsoft.Compute/LowCostGetSubscriptionMaximum;23984,Microsoft.Compute/LowCostGetResource;31
    status:
      code: 200
      message: OK
- request:
    body: null
    headers:
      Accept:
      - application/json
      Accept-Encoding:
      - gzip, deflate
      CommandName:
      - vm unmanaged-disk attach
      Connection:
      - keep-alive
      ParameterSetName:
      - -g --vm-name -n --vhd --new --caching --size-gb --lun
      User-Agent:
      - AZURECLI/2.53.0 azsdk-python-azure-mgmt-compute/30.2.0 Python/3.10.9 (Windows-10-10.0.22621-SP0)
    method: GET
    uri: https://management.azure.com/subscriptions/00000000-0000-0000-0000-000000000000/resourceGroups/cli-test-disk-debian000001/providers/Microsoft.Compute/virtualMachines/vm-datadisk-test?api-version=2022-11-01
  response:
    body:
      string: "{\r\n  \"name\": \"vm-datadisk-test\",\r\n  \"id\": \"/subscriptions/00000000-0000-0000-0000-000000000000/resourceGroups/cli-test-disk-debian000001/providers/Microsoft.Compute/virtualMachines/vm-datadisk-test\"\
        ,\r\n  \"type\": \"Microsoft.Compute/virtualMachines\",\r\n  \"location\"\
        : \"westus\",\r\n  \"tags\": {},\r\n  \"properties\": {\r\n    \"hardwareProfile\"\
        : {\r\n      \"vmSize\": \"Standard_DS1_v2\"\r\n    },\r\n    \"provisioningState\"\
        : \"Succeeded\",\r\n    \"vmId\": \"2bde606b-13c1-4faf-8094-0cb1b209e3c9\"\
        ,\r\n    \"storageProfile\": {\r\n      \"imageReference\": {\r\n        \"\
        publisher\": \"Debian\",\r\n        \"offer\": \"debian-10\",\r\n        \"\
        sku\": \"10\",\r\n        \"version\": \"latest\",\r\n        \"exactVersion\"\
        : \"0.20230802.1460\"\r\n      },\r\n      \"osDisk\": {\r\n        \"osType\"\
        : \"Linux\",\r\n        \"name\": \"osdisk_bc2b1e04fd\",\r\n        \"createOption\"\
        : \"FromImage\",\r\n        \"vhd\": {\r\n          \"uri\": \"https://vhdstoragebc2b1e04fd481e.blob.core.windows.net/vhds/osdisk_bc2b1e04fd.vhd\"\
        \r\n        },\r\n        \"caching\": \"ReadWrite\",\r\n        \"deleteOption\"\
        : \"Detach\",\r\n        \"diskSizeGB\": 30\r\n      },\r\n      \"dataDisks\"\
        : []\r\n    },\r\n    \"osProfile\": {\r\n      \"computerName\": \"vm-datadisk-test\"\
        ,\r\n      \"adminUsername\": \"debian\",\r\n      \"linuxConfiguration\"\
        : {\r\n        \"disablePasswordAuthentication\": false,\r\n        \"provisionVMAgent\"\
        : true,\r\n        \"patchSettings\": {\r\n          \"patchMode\": \"ImageDefault\"\
        ,\r\n          \"assessmentMode\": \"ImageDefault\"\r\n        },\r\n    \
        \    \"enableVMAgentPlatformUpdates\": false\r\n      },\r\n      \"secrets\"\
        : [],\r\n      \"allowExtensionOperations\": true,\r\n      \"requireGuestProvisionSignal\"\
        : true\r\n    },\r\n    \"networkProfile\": {\"networkInterfaces\":[{\"id\"\
        :\"/subscriptions/00000000-0000-0000-0000-000000000000/resourceGroups/cli-test-disk-debian000001/providers/Microsoft.Network/networkInterfaces/vm-datadisk-testVMNic\"\
        }]},\r\n    \"timeCreated\": \"2023-10-25T02:46:42.773069+00:00\"\r\n  }\r\
        \n}"
    headers:
      cache-control:
      - no-cache
      content-length:
      - '1866'
      content-type:
      - application/json; charset=utf-8
      date:
      - Wed, 25 Oct 2023 02:47:21 GMT
      expires:
      - '-1'
      pragma:
      - no-cache
      server:
      - Microsoft-HTTPAPI/2.0
      - Microsoft-HTTPAPI/2.0
      strict-transport-security:
      - max-age=31536000; includeSubDomains
      transfer-encoding:
      - chunked
      vary:
      - Accept-Encoding
      x-content-type-options:
      - nosniff
      x-ms-ratelimit-remaining-resource:
      - Microsoft.Compute/LowCostGetSubscriptionMaximum;23983,Microsoft.Compute/LowCostGetResource;30
    status:
      code: 200
      message: OK
- request:
    body: '{"location": "westus", "tags": {}, "properties": {"hardwareProfile": {"vmSize":
      "Standard_DS1_v2"}, "storageProfile": {"osDisk": {"osType": "Linux", "name":
      "osdisk_bc2b1e04fd", "vhd": {"uri": "https://vhdstoragebc2b1e04fd481e.blob.core.windows.net/vhds/osdisk_bc2b1e04fd.vhd"},
      "caching": "ReadWrite", "createOption": "FromImage", "diskSizeGB": 30, "deleteOption":
      "Detach"}, "dataDisks": [{"lun": 1, "name": "d7", "vhd": {"uri": "https://vhdstoragebc2b1e04fd481e.blob.core.windows.net/vhds/d7.vhd"},
      "caching": "ReadWrite", "createOption": "Empty", "diskSizeGB": 8}]}, "osProfile":
      {"computerName": "vm-datadisk-test", "adminUsername": "debian", "linuxConfiguration":
      {"disablePasswordAuthentication": false, "provisionVMAgent": true, "patchSettings":
      {"patchMode": "ImageDefault", "assessmentMode": "ImageDefault"}, "enableVMAgentPlatformUpdates":
      false}, "secrets": [], "allowExtensionOperations": true, "requireGuestProvisionSignal":
      true}, "networkProfile": {"networkInterfaces": [{"id": "/subscriptions/00000000-0000-0000-0000-000000000000/resourceGroups/cli-test-disk-debian000001/providers/Microsoft.Network/networkInterfaces/vm-datadisk-testVMNic"}]}}}'
    headers:
      Accept:
      - application/json
      Accept-Encoding:
      - gzip, deflate
      CommandName:
      - vm unmanaged-disk attach
      Connection:
      - keep-alive
      Content-Length:
      - '1162'
      Content-Type:
      - application/json
      ParameterSetName:
      - -g --vm-name -n --vhd --new --caching --size-gb --lun
      User-Agent:
      - AZURECLI/2.53.0 azsdk-python-azure-mgmt-compute/30.2.0 Python/3.10.9 (Windows-10-10.0.22621-SP0)
    method: PUT
    uri: https://management.azure.com/subscriptions/00000000-0000-0000-0000-000000000000/resourceGroups/cli-test-disk-debian000001/providers/Microsoft.Compute/virtualMachines/vm-datadisk-test?api-version=2022-11-01
  response:
    body:
      string: "{\r\n  \"name\": \"vm-datadisk-test\",\r\n  \"id\": \"/subscriptions/00000000-0000-0000-0000-000000000000/resourceGroups/cli-test-disk-debian000001/providers/Microsoft.Compute/virtualMachines/vm-datadisk-test\"\
        ,\r\n  \"type\": \"Microsoft.Compute/virtualMachines\",\r\n  \"location\"\
        : \"westus\",\r\n  \"tags\": {},\r\n  \"properties\": {\r\n    \"hardwareProfile\"\
        : {\r\n      \"vmSize\": \"Standard_DS1_v2\"\r\n    },\r\n    \"provisioningState\"\
        : \"Updating\",\r\n    \"vmId\": \"2bde606b-13c1-4faf-8094-0cb1b209e3c9\"\
        ,\r\n    \"storageProfile\": {\r\n      \"imageReference\": {\r\n        \"\
        publisher\": \"Debian\",\r\n        \"offer\": \"debian-10\",\r\n        \"\
        sku\": \"10\",\r\n        \"version\": \"latest\",\r\n        \"exactVersion\"\
        : \"0.20230802.1460\"\r\n      },\r\n      \"osDisk\": {\r\n        \"osType\"\
        : \"Linux\",\r\n        \"name\": \"osdisk_bc2b1e04fd\",\r\n        \"createOption\"\
        : \"FromImage\",\r\n        \"vhd\": {\r\n          \"uri\": \"https://vhdstoragebc2b1e04fd481e.blob.core.windows.net/vhds/osdisk_bc2b1e04fd.vhd\"\
        \r\n        },\r\n        \"caching\": \"ReadWrite\",\r\n        \"deleteOption\"\
        : \"Detach\",\r\n        \"diskSizeGB\": 30\r\n      },\r\n      \"dataDisks\"\
        : [\r\n        {\r\n          \"lun\": 1,\r\n          \"name\": \"d7\",\r\
        \n          \"createOption\": \"Empty\",\r\n          \"vhd\": {\r\n     \
        \       \"uri\": \"https://vhdstoragebc2b1e04fd481e.blob.core.windows.net/vhds/d7.vhd\"\
        \r\n          },\r\n          \"caching\": \"ReadWrite\",\r\n          \"\
        deleteOption\": \"Detach\",\r\n          \"diskSizeGB\": 8,\r\n          \"\
        toBeDetached\": false\r\n        }\r\n      ]\r\n    },\r\n    \"osProfile\"\
        : {\r\n      \"computerName\": \"vm-datadisk-test\",\r\n      \"adminUsername\"\
        : \"debian\",\r\n      \"linuxConfiguration\": {\r\n        \"disablePasswordAuthentication\"\
        : false,\r\n        \"provisionVMAgent\": true,\r\n        \"patchSettings\"\
        : {\r\n          \"patchMode\": \"ImageDefault\",\r\n          \"assessmentMode\"\
        : \"ImageDefault\"\r\n        },\r\n        \"enableVMAgentPlatformUpdates\"\
        : false\r\n      },\r\n      \"secrets\": [],\r\n      \"allowExtensionOperations\"\
        : true,\r\n      \"requireGuestProvisionSignal\": true\r\n    },\r\n    \"\
        networkProfile\": {\"networkInterfaces\":[{\"id\":\"/subscriptions/00000000-0000-0000-0000-000000000000/resourceGroups/cli-test-disk-debian000001/providers/Microsoft.Network/networkInterfaces/vm-datadisk-testVMNic\"\
        }]},\r\n    \"timeCreated\": \"2023-10-25T02:46:42.773069+00:00\"\r\n  }\r\
        \n}"
    headers:
      azure-asyncnotification:
      - Enabled
      azure-asyncoperation:
      - https://management.azure.com/subscriptions/00000000-0000-0000-0000-000000000000/providers/Microsoft.Compute/locations/westus/operations/dc1b2fe6-e4e9-47cc-9fba-3bb4d6d0df00?p=571046f6-b640-41c1-86f7-f9f044b5adf9&api-version=2022-11-01&t=638337988445257129&c=MIIHADCCBeigAwIBAgITHgMiVmbNs9bo9g1GbQAAAyJWZjANBgkqhkiG9w0BAQsFADBEMRMwEQYKCZImiZPyLGQBGRYDR0JMMRMwEQYKCZImiZPyLGQBGRYDQU1FMRgwFgYDVQQDEw9BTUUgSW5mcmEgQ0EgMDYwHhcNMjMwODAyMTgwNDI4WhcNMjQwNzI3MTgwNDI4WjBAMT4wPAYDVQQDEzVhc3luY29wZXJhdGlvbnNpZ25pbmdjZXJ0aWZpY2F0ZS5tYW5hZ2VtZW50LmF6dXJlLmNvbTCCASIwDQYJKoZIhvcNAQEBBQADggEPADCCAQoCggEBAMIcvxD_0PMhdmLk48iFdsDWY8xHwqf15PiuUxm56-DgFD_DTCio04a553Ilp6PhEzp-BqQUXZ8lOvewwSndfEiD0zKouzAK7ygeNzS10EFTSWbnBDNo4QPM7FM4bFhDUNl-AU1M7DrJCQPA8UGawTxFUgABTHaRYxMKeEyJ2IzdSmH0TjTgxv5pQDBP-QEJ-Rpdso9m_Yu2YfFRTCBiBNtQ4g-sojuHpOc3ULsGhK35Ua1gXYl44t0qnX1y-DiMbk0PPQ8_gop4DdSYd0NTBv-xBnqlom2ceJG8oCE4GCEXT3L6yOC3TvKvZ-7-r2cOWqPAolMtfZ4kIa7fp3zX-QUCAwEAAaOCA-0wggPpMCcGCSsGAQQBgjcVCgQaMBgwCgYIKwYBBQUHAwEwCgYIKwYBBQUHAwIwPQYJKwYBBAGCNxUHBDAwLgYmKwYBBAGCNxUIhpDjDYTVtHiE8Ys-hZvdFs6dEoFggvX2K4Py0SACAWQCAQowggHLBggrBgEFBQcBAQSCAb0wggG5MGMGCCsGAQUFBzAChldodHRwOi8vY3JsLm1pY3Jvc29mdC5jb20vcGtpaW5mcmEvQ2VydHMvQkwyUEtJSU5UQ0EwMi5BTUUuR0JMX0FNRSUyMEluZnJhJTIwQ0ElMjAwNi5jcnQwUwYIKwYBBQUHMAKGR2h0dHA6Ly9jcmwxLmFtZS5nYmwvYWlhL0JMMlBLSUlOVENBMDIuQU1FLkdCTF9BTUUlMjBJbmZyYSUyMENBJTIwMDYuY3J0MFMGCCsGAQUFBzAChkdodHRwOi8vY3JsMi5hbWUuZ2JsL2FpYS9CTDJQS0lJTlRDQTAyLkFNRS5HQkxfQU1FJTIwSW5mcmElMjBDQSUyMDA2LmNydDBTBggrBgEFBQcwAoZHaHR0cDovL2NybDMuYW1lLmdibC9haWEvQkwyUEtJSU5UQ0EwMi5BTUUuR0JMX0FNRSUyMEluZnJhJTIwQ0ElMjAwNi5jcnQwUwYIKwYBBQUHMAKGR2h0dHA6Ly9jcmw0LmFtZS5nYmwvYWlhL0JMMlBLSUlOVENBMDIuQU1FLkdCTF9BTUUlMjBJbmZyYSUyMENBJTIwMDYuY3J0MB0GA1UdDgQWBBS8HoebCKQVIYtc1_REbe-XAGi3HjAOBgNVHQ8BAf8EBAMCBaAwggEmBgNVHR8EggEdMIIBGTCCARWgggERoIIBDYY_aHR0cDovL2NybC5taWNyb3NvZnQuY29tL3BraWluZnJhL0NSTC9BTUUlMjBJbmZyYSUyMENBJTIwMDYuY3JshjFodHRwOi8vY3JsMS5hbWUuZ2JsL2NybC9BTUUlMjBJbmZyYSUyMENBJTIwMDYuY3JshjFodHRwOi8vY3JsMi5hbWUuZ2JsL2NybC9BTUUlMjBJbmZyYSUyMENBJTIwMDYuY3JshjFodHRwOi8vY3JsMy5hbWUuZ2JsL2NybC9BTUUlMjBJbmZyYSUyMENBJTIwMDYuY3JshjFodHRwOi8vY3JsNC5hbWUuZ2JsL2NybC9BTUUlMjBJbmZyYSUyMENBJTIwMDYuY3JsMBcGA1UdIAQQMA4wDAYKKwYBBAGCN3sBATAfBgNVHSMEGDAWgBTxRmjG8cPwKy19i2rhsvm-NfzRQTAdBgNVHSUEFjAUBggrBgEFBQcDAQYIKwYBBQUHAwIwDQYJKoZIhvcNAQELBQADggEBAB6b3-2IDHqiKHidm1sv2adgnlW7o5teHg5_6JuYXETz89EHAOvxAis3i3YzHc79kO_nmk5RcVHDydZ-zI8JDlC8n3v75Zt4KNDYid-qMTOeyQogLcB2Cq3iRGRTjaG_abh0F1ifWL0QBhzujNxastu--5-ozxOHa7CTiseyWTxaCRv103DUxZ7-lNrBKHFJRQV_X5G_oVNKU2WvTmSTWNzCXpyLhKdoBAyf_4QsisR7IFsL1aNWE8fHvLUv96vSpwRelX1cVuab3bBG_qJTzD1TMk8V37gxq4OTAHXZOmheCepyVhUEawvCvCTaFwQf5kHPZFdLhd7qh8jEr2C06sM&s=bC6yngonMPpMEU3V6HwmNBi4tNn2d9Quy7WR8VeeKhLzLd0srLBRWPaJyhCB4rjgL6urzRZNF_YgmMlELazwSDC-iZfLapqFWnKSEs1fLqN5UJOSAUt44gYhPi6jklLJoQNoyorpnLhDSCbrmUTp6w_PkA10LWg-MR59A3wGHP174rpjHBpBZT67lBzCPOLIhB52tALiND7SvDtFiEspItsQPkvQLhY_TUJyIsibTfw058Hrl-9g2YiPssSc7BhoRYkN5PKhCRoKjN6PXZSkvqS0caxHfgrLg2nst5uu2VmRoTCcDb1zrNOUVUZ7AbURe1VgGJrZ_pbvl3UkwWW7cg&h=aI8Rw_3ltx42yeystWmb0uG0CZSeQJ003N0QYDkBYPw
      cache-control:
      - no-cache
      content-length:
      - '2233'
      content-type:
      - application/json; charset=utf-8
      date:
      - Wed, 25 Oct 2023 02:47:23 GMT
      expires:
      - '-1'
      pragma:
      - no-cache
      server:
      - Microsoft-HTTPAPI/2.0
      - Microsoft-HTTPAPI/2.0
      strict-transport-security:
      - max-age=31536000; includeSubDomains
      transfer-encoding:
      - chunked
      vary:
      - Accept-Encoding
      x-content-type-options:
      - nosniff
      x-ms-ratelimit-remaining-resource:
      - Microsoft.Compute/PutVMSubscriptionMaximum;1494,Microsoft.Compute/PutVMResource;10
      x-ms-ratelimit-remaining-subscription-writes:
      - '1197'
    status:
      code: 200
      message: OK
- request:
    body: null
    headers:
      Accept:
      - '*/*'
      Accept-Encoding:
      - gzip, deflate
      CommandName:
      - vm unmanaged-disk attach
      Connection:
      - keep-alive
      ParameterSetName:
      - -g --vm-name -n --vhd --new --caching --size-gb --lun
      User-Agent:
      - AZURECLI/2.53.0 azsdk-python-azure-mgmt-compute/30.2.0 Python/3.10.9 (Windows-10-10.0.22621-SP0)
    method: GET
    uri: https://management.azure.com/subscriptions/00000000-0000-0000-0000-000000000000/providers/Microsoft.Compute/locations/westus/operations/dc1b2fe6-e4e9-47cc-9fba-3bb4d6d0df00?p=571046f6-b640-41c1-86f7-f9f044b5adf9&api-version=2022-11-01&t=638337988445257129&c=MIIHADCCBeigAwIBAgITHgMiVmbNs9bo9g1GbQAAAyJWZjANBgkqhkiG9w0BAQsFADBEMRMwEQYKCZImiZPyLGQBGRYDR0JMMRMwEQYKCZImiZPyLGQBGRYDQU1FMRgwFgYDVQQDEw9BTUUgSW5mcmEgQ0EgMDYwHhcNMjMwODAyMTgwNDI4WhcNMjQwNzI3MTgwNDI4WjBAMT4wPAYDVQQDEzVhc3luY29wZXJhdGlvbnNpZ25pbmdjZXJ0aWZpY2F0ZS5tYW5hZ2VtZW50LmF6dXJlLmNvbTCCASIwDQYJKoZIhvcNAQEBBQADggEPADCCAQoCggEBAMIcvxD_0PMhdmLk48iFdsDWY8xHwqf15PiuUxm56-DgFD_DTCio04a553Ilp6PhEzp-BqQUXZ8lOvewwSndfEiD0zKouzAK7ygeNzS10EFTSWbnBDNo4QPM7FM4bFhDUNl-AU1M7DrJCQPA8UGawTxFUgABTHaRYxMKeEyJ2IzdSmH0TjTgxv5pQDBP-QEJ-Rpdso9m_Yu2YfFRTCBiBNtQ4g-sojuHpOc3ULsGhK35Ua1gXYl44t0qnX1y-DiMbk0PPQ8_gop4DdSYd0NTBv-xBnqlom2ceJG8oCE4GCEXT3L6yOC3TvKvZ-7-r2cOWqPAolMtfZ4kIa7fp3zX-QUCAwEAAaOCA-0wggPpMCcGCSsGAQQBgjcVCgQaMBgwCgYIKwYBBQUHAwEwCgYIKwYBBQUHAwIwPQYJKwYBBAGCNxUHBDAwLgYmKwYBBAGCNxUIhpDjDYTVtHiE8Ys-hZvdFs6dEoFggvX2K4Py0SACAWQCAQowggHLBggrBgEFBQcBAQSCAb0wggG5MGMGCCsGAQUFBzAChldodHRwOi8vY3JsLm1pY3Jvc29mdC5jb20vcGtpaW5mcmEvQ2VydHMvQkwyUEtJSU5UQ0EwMi5BTUUuR0JMX0FNRSUyMEluZnJhJTIwQ0ElMjAwNi5jcnQwUwYIKwYBBQUHMAKGR2h0dHA6Ly9jcmwxLmFtZS5nYmwvYWlhL0JMMlBLSUlOVENBMDIuQU1FLkdCTF9BTUUlMjBJbmZyYSUyMENBJTIwMDYuY3J0MFMGCCsGAQUFBzAChkdodHRwOi8vY3JsMi5hbWUuZ2JsL2FpYS9CTDJQS0lJTlRDQTAyLkFNRS5HQkxfQU1FJTIwSW5mcmElMjBDQSUyMDA2LmNydDBTBggrBgEFBQcwAoZHaHR0cDovL2NybDMuYW1lLmdibC9haWEvQkwyUEtJSU5UQ0EwMi5BTUUuR0JMX0FNRSUyMEluZnJhJTIwQ0ElMjAwNi5jcnQwUwYIKwYBBQUHMAKGR2h0dHA6Ly9jcmw0LmFtZS5nYmwvYWlhL0JMMlBLSUlOVENBMDIuQU1FLkdCTF9BTUUlMjBJbmZyYSUyMENBJTIwMDYuY3J0MB0GA1UdDgQWBBS8HoebCKQVIYtc1_REbe-XAGi3HjAOBgNVHQ8BAf8EBAMCBaAwggEmBgNVHR8EggEdMIIBGTCCARWgggERoIIBDYY_aHR0cDovL2NybC5taWNyb3NvZnQuY29tL3BraWluZnJhL0NSTC9BTUUlMjBJbmZyYSUyMENBJTIwMDYuY3JshjFodHRwOi8vY3JsMS5hbWUuZ2JsL2NybC9BTUUlMjBJbmZyYSUyMENBJTIwMDYuY3JshjFodHRwOi8vY3JsMi5hbWUuZ2JsL2NybC9BTUUlMjBJbmZyYSUyMENBJTIwMDYuY3JshjFodHRwOi8vY3JsMy5hbWUuZ2JsL2NybC9BTUUlMjBJbmZyYSUyMENBJTIwMDYuY3JshjFodHRwOi8vY3JsNC5hbWUuZ2JsL2NybC9BTUUlMjBJbmZyYSUyMENBJTIwMDYuY3JsMBcGA1UdIAQQMA4wDAYKKwYBBAGCN3sBATAfBgNVHSMEGDAWgBTxRmjG8cPwKy19i2rhsvm-NfzRQTAdBgNVHSUEFjAUBggrBgEFBQcDAQYIKwYBBQUHAwIwDQYJKoZIhvcNAQELBQADggEBAB6b3-2IDHqiKHidm1sv2adgnlW7o5teHg5_6JuYXETz89EHAOvxAis3i3YzHc79kO_nmk5RcVHDydZ-zI8JDlC8n3v75Zt4KNDYid-qMTOeyQogLcB2Cq3iRGRTjaG_abh0F1ifWL0QBhzujNxastu--5-ozxOHa7CTiseyWTxaCRv103DUxZ7-lNrBKHFJRQV_X5G_oVNKU2WvTmSTWNzCXpyLhKdoBAyf_4QsisR7IFsL1aNWE8fHvLUv96vSpwRelX1cVuab3bBG_qJTzD1TMk8V37gxq4OTAHXZOmheCepyVhUEawvCvCTaFwQf5kHPZFdLhd7qh8jEr2C06sM&s=bC6yngonMPpMEU3V6HwmNBi4tNn2d9Quy7WR8VeeKhLzLd0srLBRWPaJyhCB4rjgL6urzRZNF_YgmMlELazwSDC-iZfLapqFWnKSEs1fLqN5UJOSAUt44gYhPi6jklLJoQNoyorpnLhDSCbrmUTp6w_PkA10LWg-MR59A3wGHP174rpjHBpBZT67lBzCPOLIhB52tALiND7SvDtFiEspItsQPkvQLhY_TUJyIsibTfw058Hrl-9g2YiPssSc7BhoRYkN5PKhCRoKjN6PXZSkvqS0caxHfgrLg2nst5uu2VmRoTCcDb1zrNOUVUZ7AbURe1VgGJrZ_pbvl3UkwWW7cg&h=aI8Rw_3ltx42yeystWmb0uG0CZSeQJ003N0QYDkBYPw
  response:
    body:
      string: "{\r\n  \"startTime\": \"2023-10-25T02:47:23.4920942+00:00\",\r\n  \"\
        status\": \"InProgress\",\r\n  \"name\": \"dc1b2fe6-e4e9-47cc-9fba-3bb4d6d0df00\"\
        \r\n}"
    headers:
      cache-control:
      - no-cache
      content-length:
      - '134'
      content-type:
      - application/json; charset=utf-8
      date:
      - Wed, 25 Oct 2023 02:47:24 GMT
      expires:
      - '-1'
      pragma:
      - no-cache
      server:
      - Microsoft-HTTPAPI/2.0
      - Microsoft-HTTPAPI/2.0
      strict-transport-security:
      - max-age=31536000; includeSubDomains
      transfer-encoding:
      - chunked
      vary:
      - Accept-Encoding
      x-content-type-options:
      - nosniff
      x-ms-ratelimit-remaining-resource:
      - Microsoft.Compute/GetOperationResource;59,Microsoft.Compute/GetOperationSubscriptionMaximum;14987
    status:
      code: 200
      message: OK
- request:
    body: null
    headers:
      Accept:
      - '*/*'
      Accept-Encoding:
      - gzip, deflate
      CommandName:
      - vm unmanaged-disk attach
      Connection:
      - keep-alive
      ParameterSetName:
      - -g --vm-name -n --vhd --new --caching --size-gb --lun
      User-Agent:
      - AZURECLI/2.53.0 azsdk-python-azure-mgmt-compute/30.2.0 Python/3.10.9 (Windows-10-10.0.22621-SP0)
    method: GET
    uri: https://management.azure.com/subscriptions/00000000-0000-0000-0000-000000000000/providers/Microsoft.Compute/locations/westus/operations/dc1b2fe6-e4e9-47cc-9fba-3bb4d6d0df00?p=571046f6-b640-41c1-86f7-f9f044b5adf9&api-version=2022-11-01&t=638337988445257129&c=MIIHADCCBeigAwIBAgITHgMiVmbNs9bo9g1GbQAAAyJWZjANBgkqhkiG9w0BAQsFADBEMRMwEQYKCZImiZPyLGQBGRYDR0JMMRMwEQYKCZImiZPyLGQBGRYDQU1FMRgwFgYDVQQDEw9BTUUgSW5mcmEgQ0EgMDYwHhcNMjMwODAyMTgwNDI4WhcNMjQwNzI3MTgwNDI4WjBAMT4wPAYDVQQDEzVhc3luY29wZXJhdGlvbnNpZ25pbmdjZXJ0aWZpY2F0ZS5tYW5hZ2VtZW50LmF6dXJlLmNvbTCCASIwDQYJKoZIhvcNAQEBBQADggEPADCCAQoCggEBAMIcvxD_0PMhdmLk48iFdsDWY8xHwqf15PiuUxm56-DgFD_DTCio04a553Ilp6PhEzp-BqQUXZ8lOvewwSndfEiD0zKouzAK7ygeNzS10EFTSWbnBDNo4QPM7FM4bFhDUNl-AU1M7DrJCQPA8UGawTxFUgABTHaRYxMKeEyJ2IzdSmH0TjTgxv5pQDBP-QEJ-Rpdso9m_Yu2YfFRTCBiBNtQ4g-sojuHpOc3ULsGhK35Ua1gXYl44t0qnX1y-DiMbk0PPQ8_gop4DdSYd0NTBv-xBnqlom2ceJG8oCE4GCEXT3L6yOC3TvKvZ-7-r2cOWqPAolMtfZ4kIa7fp3zX-QUCAwEAAaOCA-0wggPpMCcGCSsGAQQBgjcVCgQaMBgwCgYIKwYBBQUHAwEwCgYIKwYBBQUHAwIwPQYJKwYBBAGCNxUHBDAwLgYmKwYBBAGCNxUIhpDjDYTVtHiE8Ys-hZvdFs6dEoFggvX2K4Py0SACAWQCAQowggHLBggrBgEFBQcBAQSCAb0wggG5MGMGCCsGAQUFBzAChldodHRwOi8vY3JsLm1pY3Jvc29mdC5jb20vcGtpaW5mcmEvQ2VydHMvQkwyUEtJSU5UQ0EwMi5BTUUuR0JMX0FNRSUyMEluZnJhJTIwQ0ElMjAwNi5jcnQwUwYIKwYBBQUHMAKGR2h0dHA6Ly9jcmwxLmFtZS5nYmwvYWlhL0JMMlBLSUlOVENBMDIuQU1FLkdCTF9BTUUlMjBJbmZyYSUyMENBJTIwMDYuY3J0MFMGCCsGAQUFBzAChkdodHRwOi8vY3JsMi5hbWUuZ2JsL2FpYS9CTDJQS0lJTlRDQTAyLkFNRS5HQkxfQU1FJTIwSW5mcmElMjBDQSUyMDA2LmNydDBTBggrBgEFBQcwAoZHaHR0cDovL2NybDMuYW1lLmdibC9haWEvQkwyUEtJSU5UQ0EwMi5BTUUuR0JMX0FNRSUyMEluZnJhJTIwQ0ElMjAwNi5jcnQwUwYIKwYBBQUHMAKGR2h0dHA6Ly9jcmw0LmFtZS5nYmwvYWlhL0JMMlBLSUlOVENBMDIuQU1FLkdCTF9BTUUlMjBJbmZyYSUyMENBJTIwMDYuY3J0MB0GA1UdDgQWBBS8HoebCKQVIYtc1_REbe-XAGi3HjAOBgNVHQ8BAf8EBAMCBaAwggEmBgNVHR8EggEdMIIBGTCCARWgggERoIIBDYY_aHR0cDovL2NybC5taWNyb3NvZnQuY29tL3BraWluZnJhL0NSTC9BTUUlMjBJbmZyYSUyMENBJTIwMDYuY3JshjFodHRwOi8vY3JsMS5hbWUuZ2JsL2NybC9BTUUlMjBJbmZyYSUyMENBJTIwMDYuY3JshjFodHRwOi8vY3JsMi5hbWUuZ2JsL2NybC9BTUUlMjBJbmZyYSUyMENBJTIwMDYuY3JshjFodHRwOi8vY3JsMy5hbWUuZ2JsL2NybC9BTUUlMjBJbmZyYSUyMENBJTIwMDYuY3JshjFodHRwOi8vY3JsNC5hbWUuZ2JsL2NybC9BTUUlMjBJbmZyYSUyMENBJTIwMDYuY3JsMBcGA1UdIAQQMA4wDAYKKwYBBAGCN3sBATAfBgNVHSMEGDAWgBTxRmjG8cPwKy19i2rhsvm-NfzRQTAdBgNVHSUEFjAUBggrBgEFBQcDAQYIKwYBBQUHAwIwDQYJKoZIhvcNAQELBQADggEBAB6b3-2IDHqiKHidm1sv2adgnlW7o5teHg5_6JuYXETz89EHAOvxAis3i3YzHc79kO_nmk5RcVHDydZ-zI8JDlC8n3v75Zt4KNDYid-qMTOeyQogLcB2Cq3iRGRTjaG_abh0F1ifWL0QBhzujNxastu--5-ozxOHa7CTiseyWTxaCRv103DUxZ7-lNrBKHFJRQV_X5G_oVNKU2WvTmSTWNzCXpyLhKdoBAyf_4QsisR7IFsL1aNWE8fHvLUv96vSpwRelX1cVuab3bBG_qJTzD1TMk8V37gxq4OTAHXZOmheCepyVhUEawvCvCTaFwQf5kHPZFdLhd7qh8jEr2C06sM&s=bC6yngonMPpMEU3V6HwmNBi4tNn2d9Quy7WR8VeeKhLzLd0srLBRWPaJyhCB4rjgL6urzRZNF_YgmMlELazwSDC-iZfLapqFWnKSEs1fLqN5UJOSAUt44gYhPi6jklLJoQNoyorpnLhDSCbrmUTp6w_PkA10LWg-MR59A3wGHP174rpjHBpBZT67lBzCPOLIhB52tALiND7SvDtFiEspItsQPkvQLhY_TUJyIsibTfw058Hrl-9g2YiPssSc7BhoRYkN5PKhCRoKjN6PXZSkvqS0caxHfgrLg2nst5uu2VmRoTCcDb1zrNOUVUZ7AbURe1VgGJrZ_pbvl3UkwWW7cg&h=aI8Rw_3ltx42yeystWmb0uG0CZSeQJ003N0QYDkBYPw
  response:
    body:
      string: "{\r\n  \"startTime\": \"2023-10-25T02:47:23.4920942+00:00\",\r\n  \"\
        endTime\": \"2023-10-25T02:47:28.9922646+00:00\",\r\n  \"status\": \"Succeeded\"\
        ,\r\n  \"name\": \"dc1b2fe6-e4e9-47cc-9fba-3bb4d6d0df00\"\r\n}"
    headers:
      cache-control:
      - no-cache
      content-length:
      - '184'
      content-type:
      - application/json; charset=utf-8
      date:
      - Wed, 25 Oct 2023 02:47:55 GMT
      expires:
      - '-1'
      pragma:
      - no-cache
      server:
      - Microsoft-HTTPAPI/2.0
      - Microsoft-HTTPAPI/2.0
      strict-transport-security:
      - max-age=31536000; includeSubDomains
      transfer-encoding:
      - chunked
      vary:
      - Accept-Encoding
      x-content-type-options:
      - nosniff
      x-ms-ratelimit-remaining-resource:
      - Microsoft.Compute/GetOperationResource;57,Microsoft.Compute/GetOperationSubscriptionMaximum;14976
    status:
      code: 200
      message: OK
- request:
    body: null
    headers:
      Accept:
      - '*/*'
      Accept-Encoding:
      - gzip, deflate
      CommandName:
      - vm unmanaged-disk attach
      Connection:
      - keep-alive
      ParameterSetName:
      - -g --vm-name -n --vhd --new --caching --size-gb --lun
      User-Agent:
      - AZURECLI/2.53.0 azsdk-python-azure-mgmt-compute/30.2.0 Python/3.10.9 (Windows-10-10.0.22621-SP0)
    method: GET
    uri: https://management.azure.com/subscriptions/00000000-0000-0000-0000-000000000000/resourceGroups/cli-test-disk-debian000001/providers/Microsoft.Compute/virtualMachines/vm-datadisk-test?api-version=2022-11-01
  response:
    body:
      string: "{\r\n  \"name\": \"vm-datadisk-test\",\r\n  \"id\": \"/subscriptions/00000000-0000-0000-0000-000000000000/resourceGroups/cli-test-disk-debian000001/providers/Microsoft.Compute/virtualMachines/vm-datadisk-test\"\
        ,\r\n  \"type\": \"Microsoft.Compute/virtualMachines\",\r\n  \"location\"\
        : \"westus\",\r\n  \"tags\": {},\r\n  \"properties\": {\r\n    \"hardwareProfile\"\
        : {\r\n      \"vmSize\": \"Standard_DS1_v2\"\r\n    },\r\n    \"provisioningState\"\
        : \"Succeeded\",\r\n    \"vmId\": \"2bde606b-13c1-4faf-8094-0cb1b209e3c9\"\
        ,\r\n    \"storageProfile\": {\r\n      \"imageReference\": {\r\n        \"\
        publisher\": \"Debian\",\r\n        \"offer\": \"debian-10\",\r\n        \"\
        sku\": \"10\",\r\n        \"version\": \"latest\",\r\n        \"exactVersion\"\
        : \"0.20230802.1460\"\r\n      },\r\n      \"osDisk\": {\r\n        \"osType\"\
        : \"Linux\",\r\n        \"name\": \"osdisk_bc2b1e04fd\",\r\n        \"createOption\"\
        : \"FromImage\",\r\n        \"vhd\": {\r\n          \"uri\": \"https://vhdstoragebc2b1e04fd481e.blob.core.windows.net/vhds/osdisk_bc2b1e04fd.vhd\"\
        \r\n        },\r\n        \"caching\": \"ReadWrite\",\r\n        \"deleteOption\"\
        : \"Detach\",\r\n        \"diskSizeGB\": 30\r\n      },\r\n      \"dataDisks\"\
        : [\r\n        {\r\n          \"lun\": 1,\r\n          \"name\": \"d7\",\r\
        \n          \"createOption\": \"Empty\",\r\n          \"vhd\": {\r\n     \
        \       \"uri\": \"https://vhdstoragebc2b1e04fd481e.blob.core.windows.net/vhds/d7.vhd\"\
        \r\n          },\r\n          \"caching\": \"ReadWrite\",\r\n          \"\
        deleteOption\": \"Detach\",\r\n          \"diskSizeGB\": 8,\r\n          \"\
        toBeDetached\": false\r\n        }\r\n      ]\r\n    },\r\n    \"osProfile\"\
        : {\r\n      \"computerName\": \"vm-datadisk-test\",\r\n      \"adminUsername\"\
        : \"debian\",\r\n      \"linuxConfiguration\": {\r\n        \"disablePasswordAuthentication\"\
        : false,\r\n        \"provisionVMAgent\": true,\r\n        \"patchSettings\"\
        : {\r\n          \"patchMode\": \"ImageDefault\",\r\n          \"assessmentMode\"\
        : \"ImageDefault\"\r\n        },\r\n        \"enableVMAgentPlatformUpdates\"\
        : false\r\n      },\r\n      \"secrets\": [],\r\n      \"allowExtensionOperations\"\
        : true,\r\n      \"requireGuestProvisionSignal\": true\r\n    },\r\n    \"\
        networkProfile\": {\"networkInterfaces\":[{\"id\":\"/subscriptions/00000000-0000-0000-0000-000000000000/resourceGroups/cli-test-disk-debian000001/providers/Microsoft.Network/networkInterfaces/vm-datadisk-testVMNic\"\
        }]},\r\n    \"timeCreated\": \"2023-10-25T02:46:42.773069+00:00\"\r\n  }\r\
        \n}"
    headers:
      cache-control:
      - no-cache
      content-length:
      - '2234'
      content-type:
      - application/json; charset=utf-8
      date:
      - Wed, 25 Oct 2023 02:47:55 GMT
      expires:
      - '-1'
      pragma:
      - no-cache
      server:
      - Microsoft-HTTPAPI/2.0
      - Microsoft-HTTPAPI/2.0
      strict-transport-security:
      - max-age=31536000; includeSubDomains
      transfer-encoding:
      - chunked
      vary:
      - Accept-Encoding
      x-content-type-options:
      - nosniff
      x-ms-ratelimit-remaining-resource:
      - Microsoft.Compute/LowCostGetSubscriptionMaximum;23970,Microsoft.Compute/LowCostGetResource;27
    status:
      code: 200
      message: OK
- request:
    body: null
    headers:
      Accept:
      - application/json
      Accept-Encoding:
      - gzip, deflate
      CommandName:
      - vm show
      Connection:
      - keep-alive
      ParameterSetName:
      - -g -n
      User-Agent:
      - AZURECLI/2.53.0 azsdk-python-azure-mgmt-compute/30.2.0 Python/3.10.9 (Windows-10-10.0.22621-SP0)
    method: GET
    uri: https://management.azure.com/subscriptions/00000000-0000-0000-0000-000000000000/resourceGroups/cli-test-disk-debian000001/providers/Microsoft.Compute/virtualMachines/vm-datadisk-test?api-version=2022-11-01
  response:
    body:
      string: "{\r\n  \"name\": \"vm-datadisk-test\",\r\n  \"id\": \"/subscriptions/00000000-0000-0000-0000-000000000000/resourceGroups/cli-test-disk-debian000001/providers/Microsoft.Compute/virtualMachines/vm-datadisk-test\"\
        ,\r\n  \"type\": \"Microsoft.Compute/virtualMachines\",\r\n  \"location\"\
        : \"westus\",\r\n  \"tags\": {},\r\n  \"properties\": {\r\n    \"hardwareProfile\"\
        : {\r\n      \"vmSize\": \"Standard_DS1_v2\"\r\n    },\r\n    \"provisioningState\"\
        : \"Succeeded\",\r\n    \"vmId\": \"2bde606b-13c1-4faf-8094-0cb1b209e3c9\"\
        ,\r\n    \"storageProfile\": {\r\n      \"imageReference\": {\r\n        \"\
        publisher\": \"Debian\",\r\n        \"offer\": \"debian-10\",\r\n        \"\
        sku\": \"10\",\r\n        \"version\": \"latest\",\r\n        \"exactVersion\"\
        : \"0.20230802.1460\"\r\n      },\r\n      \"osDisk\": {\r\n        \"osType\"\
        : \"Linux\",\r\n        \"name\": \"osdisk_bc2b1e04fd\",\r\n        \"createOption\"\
        : \"FromImage\",\r\n        \"vhd\": {\r\n          \"uri\": \"https://vhdstoragebc2b1e04fd481e.blob.core.windows.net/vhds/osdisk_bc2b1e04fd.vhd\"\
        \r\n        },\r\n        \"caching\": \"ReadWrite\",\r\n        \"deleteOption\"\
        : \"Detach\",\r\n        \"diskSizeGB\": 30\r\n      },\r\n      \"dataDisks\"\
        : [\r\n        {\r\n          \"lun\": 1,\r\n          \"name\": \"d7\",\r\
        \n          \"createOption\": \"Empty\",\r\n          \"vhd\": {\r\n     \
        \       \"uri\": \"https://vhdstoragebc2b1e04fd481e.blob.core.windows.net/vhds/d7.vhd\"\
        \r\n          },\r\n          \"caching\": \"ReadWrite\",\r\n          \"\
        deleteOption\": \"Detach\",\r\n          \"diskSizeGB\": 8,\r\n          \"\
        toBeDetached\": false\r\n        }\r\n      ]\r\n    },\r\n    \"osProfile\"\
        : {\r\n      \"computerName\": \"vm-datadisk-test\",\r\n      \"adminUsername\"\
        : \"debian\",\r\n      \"linuxConfiguration\": {\r\n        \"disablePasswordAuthentication\"\
        : false,\r\n        \"provisionVMAgent\": true,\r\n        \"patchSettings\"\
        : {\r\n          \"patchMode\": \"ImageDefault\",\r\n          \"assessmentMode\"\
        : \"ImageDefault\"\r\n        },\r\n        \"enableVMAgentPlatformUpdates\"\
        : false\r\n      },\r\n      \"secrets\": [],\r\n      \"allowExtensionOperations\"\
        : true,\r\n      \"requireGuestProvisionSignal\": true\r\n    },\r\n    \"\
        networkProfile\": {\"networkInterfaces\":[{\"id\":\"/subscriptions/00000000-0000-0000-0000-000000000000/resourceGroups/cli-test-disk-debian000001/providers/Microsoft.Network/networkInterfaces/vm-datadisk-testVMNic\"\
        }]},\r\n    \"timeCreated\": \"2023-10-25T02:46:42.773069+00:00\"\r\n  }\r\
        \n}"
    headers:
      cache-control:
      - no-cache
      content-length:
      - '2234'
      content-type:
      - application/json; charset=utf-8
      date:
      - Wed, 25 Oct 2023 02:47:56 GMT
      expires:
      - '-1'
      pragma:
      - no-cache
      server:
      - Microsoft-HTTPAPI/2.0
      - Microsoft-HTTPAPI/2.0
      strict-transport-security:
      - max-age=31536000; includeSubDomains
      transfer-encoding:
      - chunked
      vary:
      - Accept-Encoding
      x-content-type-options:
      - nosniff
      x-ms-ratelimit-remaining-resource:
      - Microsoft.Compute/LowCostGetSubscriptionMaximum;23968,Microsoft.Compute/LowCostGetResource;26
    status:
      code: 200
      message: OK
- request:
    body: null
    headers:
      Accept:
      - application/json
      Accept-Encoding:
      - gzip, deflate
      CommandName:
      - vm unmanaged-disk detach
      Connection:
      - keep-alive
      ParameterSetName:
      - -g --vm-name -n
      User-Agent:
      - AZURECLI/2.53.0 azsdk-python-azure-mgmt-compute/30.2.0 Python/3.10.9 (Windows-10-10.0.22621-SP0)
    method: GET
    uri: https://management.azure.com/subscriptions/00000000-0000-0000-0000-000000000000/resourceGroups/cli-test-disk-debian000001/providers/Microsoft.Compute/virtualMachines/vm-datadisk-test?api-version=2022-11-01
  response:
    body:
      string: "{\r\n  \"name\": \"vm-datadisk-test\",\r\n  \"id\": \"/subscriptions/00000000-0000-0000-0000-000000000000/resourceGroups/cli-test-disk-debian000001/providers/Microsoft.Compute/virtualMachines/vm-datadisk-test\"\
        ,\r\n  \"type\": \"Microsoft.Compute/virtualMachines\",\r\n  \"location\"\
        : \"westus\",\r\n  \"tags\": {},\r\n  \"properties\": {\r\n    \"hardwareProfile\"\
        : {\r\n      \"vmSize\": \"Standard_DS1_v2\"\r\n    },\r\n    \"provisioningState\"\
        : \"Succeeded\",\r\n    \"vmId\": \"2bde606b-13c1-4faf-8094-0cb1b209e3c9\"\
        ,\r\n    \"storageProfile\": {\r\n      \"imageReference\": {\r\n        \"\
        publisher\": \"Debian\",\r\n        \"offer\": \"debian-10\",\r\n        \"\
        sku\": \"10\",\r\n        \"version\": \"latest\",\r\n        \"exactVersion\"\
        : \"0.20230802.1460\"\r\n      },\r\n      \"osDisk\": {\r\n        \"osType\"\
        : \"Linux\",\r\n        \"name\": \"osdisk_bc2b1e04fd\",\r\n        \"createOption\"\
        : \"FromImage\",\r\n        \"vhd\": {\r\n          \"uri\": \"https://vhdstoragebc2b1e04fd481e.blob.core.windows.net/vhds/osdisk_bc2b1e04fd.vhd\"\
        \r\n        },\r\n        \"caching\": \"ReadWrite\",\r\n        \"deleteOption\"\
        : \"Detach\",\r\n        \"diskSizeGB\": 30\r\n      },\r\n      \"dataDisks\"\
        : [\r\n        {\r\n          \"lun\": 1,\r\n          \"name\": \"d7\",\r\
        \n          \"createOption\": \"Empty\",\r\n          \"vhd\": {\r\n     \
        \       \"uri\": \"https://vhdstoragebc2b1e04fd481e.blob.core.windows.net/vhds/d7.vhd\"\
        \r\n          },\r\n          \"caching\": \"ReadWrite\",\r\n          \"\
        deleteOption\": \"Detach\",\r\n          \"diskSizeGB\": 8,\r\n          \"\
        toBeDetached\": false\r\n        }\r\n      ]\r\n    },\r\n    \"osProfile\"\
        : {\r\n      \"computerName\": \"vm-datadisk-test\",\r\n      \"adminUsername\"\
        : \"debian\",\r\n      \"linuxConfiguration\": {\r\n        \"disablePasswordAuthentication\"\
        : false,\r\n        \"provisionVMAgent\": true,\r\n        \"patchSettings\"\
        : {\r\n          \"patchMode\": \"ImageDefault\",\r\n          \"assessmentMode\"\
        : \"ImageDefault\"\r\n        },\r\n        \"enableVMAgentPlatformUpdates\"\
        : false\r\n      },\r\n      \"secrets\": [],\r\n      \"allowExtensionOperations\"\
        : true,\r\n      \"requireGuestProvisionSignal\": true\r\n    },\r\n    \"\
        networkProfile\": {\"networkInterfaces\":[{\"id\":\"/subscriptions/00000000-0000-0000-0000-000000000000/resourceGroups/cli-test-disk-debian000001/providers/Microsoft.Network/networkInterfaces/vm-datadisk-testVMNic\"\
        }]},\r\n    \"timeCreated\": \"2023-10-25T02:46:42.773069+00:00\"\r\n  }\r\
        \n}"
    headers:
      cache-control:
      - no-cache
      content-length:
      - '2234'
      content-type:
      - application/json; charset=utf-8
      date:
      - Wed, 25 Oct 2023 02:47:58 GMT
      expires:
      - '-1'
      pragma:
      - no-cache
      server:
      - Microsoft-HTTPAPI/2.0
      - Microsoft-HTTPAPI/2.0
      strict-transport-security:
      - max-age=31536000; includeSubDomains
      transfer-encoding:
      - chunked
      vary:
      - Accept-Encoding
      x-content-type-options:
      - nosniff
      x-ms-ratelimit-remaining-resource:
      - Microsoft.Compute/LowCostGetSubscriptionMaximum;23967,Microsoft.Compute/LowCostGetResource;25
    status:
      code: 200
      message: OK
- request:
    body: '{"location": "westus", "tags": {}, "properties": {"hardwareProfile": {"vmSize":
      "Standard_DS1_v2"}, "storageProfile": {"osDisk": {"osType": "Linux", "name":
      "osdisk_bc2b1e04fd", "vhd": {"uri": "https://vhdstoragebc2b1e04fd481e.blob.core.windows.net/vhds/osdisk_bc2b1e04fd.vhd"},
      "caching": "ReadWrite", "createOption": "FromImage", "diskSizeGB": 30, "deleteOption":
      "Detach"}, "dataDisks": []}, "osProfile": {"computerName": "vm-datadisk-test",
      "adminUsername": "debian", "linuxConfiguration": {"disablePasswordAuthentication":
      false, "provisionVMAgent": true, "patchSettings": {"patchMode": "ImageDefault",
      "assessmentMode": "ImageDefault"}, "enableVMAgentPlatformUpdates": false}, "secrets":
      [], "allowExtensionOperations": true, "requireGuestProvisionSignal": true},
      "networkProfile": {"networkInterfaces": [{"id": "/subscriptions/00000000-0000-0000-0000-000000000000/resourceGroups/cli-test-disk-debian000001/providers/Microsoft.Network/networkInterfaces/vm-datadisk-testVMNic"}]}}}'
    headers:
      Accept:
      - application/json
      Accept-Encoding:
      - gzip, deflate
      CommandName:
      - vm unmanaged-disk detach
      Connection:
      - keep-alive
      Content-Length:
      - '986'
      Content-Type:
      - application/json
      ParameterSetName:
      - -g --vm-name -n
      User-Agent:
      - AZURECLI/2.53.0 azsdk-python-azure-mgmt-compute/30.2.0 Python/3.10.9 (Windows-10-10.0.22621-SP0)
    method: PUT
    uri: https://management.azure.com/subscriptions/00000000-0000-0000-0000-000000000000/resourceGroups/cli-test-disk-debian000001/providers/Microsoft.Compute/virtualMachines/vm-datadisk-test?api-version=2022-11-01
  response:
    body:
      string: "{\r\n  \"name\": \"vm-datadisk-test\",\r\n  \"id\": \"/subscriptions/00000000-0000-0000-0000-000000000000/resourceGroups/cli-test-disk-debian000001/providers/Microsoft.Compute/virtualMachines/vm-datadisk-test\"\
        ,\r\n  \"type\": \"Microsoft.Compute/virtualMachines\",\r\n  \"location\"\
        : \"westus\",\r\n  \"tags\": {},\r\n  \"properties\": {\r\n    \"hardwareProfile\"\
        : {\r\n      \"vmSize\": \"Standard_DS1_v2\"\r\n    },\r\n    \"provisioningState\"\
        : \"Updating\",\r\n    \"vmId\": \"2bde606b-13c1-4faf-8094-0cb1b209e3c9\"\
        ,\r\n    \"storageProfile\": {\r\n      \"imageReference\": {\r\n        \"\
        publisher\": \"Debian\",\r\n        \"offer\": \"debian-10\",\r\n        \"\
        sku\": \"10\",\r\n        \"version\": \"latest\",\r\n        \"exactVersion\"\
        : \"0.20230802.1460\"\r\n      },\r\n      \"osDisk\": {\r\n        \"osType\"\
        : \"Linux\",\r\n        \"name\": \"osdisk_bc2b1e04fd\",\r\n        \"createOption\"\
        : \"FromImage\",\r\n        \"vhd\": {\r\n          \"uri\": \"https://vhdstoragebc2b1e04fd481e.blob.core.windows.net/vhds/osdisk_bc2b1e04fd.vhd\"\
        \r\n        },\r\n        \"caching\": \"ReadWrite\",\r\n        \"deleteOption\"\
        : \"Detach\",\r\n        \"diskSizeGB\": 30\r\n      },\r\n      \"dataDisks\"\
        : [\r\n        {\r\n          \"lun\": 1,\r\n          \"name\": \"d7\",\r\
        \n          \"createOption\": \"Empty\",\r\n          \"vhd\": {\r\n     \
        \       \"uri\": \"https://vhdstoragebc2b1e04fd481e.blob.core.windows.net/vhds/d7.vhd\"\
        \r\n          },\r\n          \"caching\": \"ReadWrite\",\r\n          \"\
        deleteOption\": \"Detach\",\r\n          \"diskSizeGB\": 8,\r\n          \"\
        toBeDetached\": true\r\n        }\r\n      ]\r\n    },\r\n    \"osProfile\"\
        : {\r\n      \"computerName\": \"vm-datadisk-test\",\r\n      \"adminUsername\"\
        : \"debian\",\r\n      \"linuxConfiguration\": {\r\n        \"disablePasswordAuthentication\"\
        : false,\r\n        \"provisionVMAgent\": true,\r\n        \"patchSettings\"\
        : {\r\n          \"patchMode\": \"ImageDefault\",\r\n          \"assessmentMode\"\
        : \"ImageDefault\"\r\n        },\r\n        \"enableVMAgentPlatformUpdates\"\
        : false\r\n      },\r\n      \"secrets\": [],\r\n      \"allowExtensionOperations\"\
        : true,\r\n      \"requireGuestProvisionSignal\": true\r\n    },\r\n    \"\
        networkProfile\": {\"networkInterfaces\":[{\"id\":\"/subscriptions/00000000-0000-0000-0000-000000000000/resourceGroups/cli-test-disk-debian000001/providers/Microsoft.Network/networkInterfaces/vm-datadisk-testVMNic\"\
        }]},\r\n    \"timeCreated\": \"2023-10-25T02:46:42.773069+00:00\"\r\n  }\r\
        \n}"
    headers:
      azure-asyncnotification:
      - Enabled
      azure-asyncoperation:
      - https://management.azure.com/subscriptions/00000000-0000-0000-0000-000000000000/providers/Microsoft.Compute/locations/westus/operations/2fe0f354-1190-4356-bc27-936592c27fc0?p=571046f6-b640-41c1-86f7-f9f044b5adf9&api-version=2022-11-01&t=638337988822550371&c=MIIHADCCBeigAwIBAgITHgMiVmbNs9bo9g1GbQAAAyJWZjANBgkqhkiG9w0BAQsFADBEMRMwEQYKCZImiZPyLGQBGRYDR0JMMRMwEQYKCZImiZPyLGQBGRYDQU1FMRgwFgYDVQQDEw9BTUUgSW5mcmEgQ0EgMDYwHhcNMjMwODAyMTgwNDI4WhcNMjQwNzI3MTgwNDI4WjBAMT4wPAYDVQQDEzVhc3luY29wZXJhdGlvbnNpZ25pbmdjZXJ0aWZpY2F0ZS5tYW5hZ2VtZW50LmF6dXJlLmNvbTCCASIwDQYJKoZIhvcNAQEBBQADggEPADCCAQoCggEBAMIcvxD_0PMhdmLk48iFdsDWY8xHwqf15PiuUxm56-DgFD_DTCio04a553Ilp6PhEzp-BqQUXZ8lOvewwSndfEiD0zKouzAK7ygeNzS10EFTSWbnBDNo4QPM7FM4bFhDUNl-AU1M7DrJCQPA8UGawTxFUgABTHaRYxMKeEyJ2IzdSmH0TjTgxv5pQDBP-QEJ-Rpdso9m_Yu2YfFRTCBiBNtQ4g-sojuHpOc3ULsGhK35Ua1gXYl44t0qnX1y-DiMbk0PPQ8_gop4DdSYd0NTBv-xBnqlom2ceJG8oCE4GCEXT3L6yOC3TvKvZ-7-r2cOWqPAolMtfZ4kIa7fp3zX-QUCAwEAAaOCA-0wggPpMCcGCSsGAQQBgjcVCgQaMBgwCgYIKwYBBQUHAwEwCgYIKwYBBQUHAwIwPQYJKwYBBAGCNxUHBDAwLgYmKwYBBAGCNxUIhpDjDYTVtHiE8Ys-hZvdFs6dEoFggvX2K4Py0SACAWQCAQowggHLBggrBgEFBQcBAQSCAb0wggG5MGMGCCsGAQUFBzAChldodHRwOi8vY3JsLm1pY3Jvc29mdC5jb20vcGtpaW5mcmEvQ2VydHMvQkwyUEtJSU5UQ0EwMi5BTUUuR0JMX0FNRSUyMEluZnJhJTIwQ0ElMjAwNi5jcnQwUwYIKwYBBQUHMAKGR2h0dHA6Ly9jcmwxLmFtZS5nYmwvYWlhL0JMMlBLSUlOVENBMDIuQU1FLkdCTF9BTUUlMjBJbmZyYSUyMENBJTIwMDYuY3J0MFMGCCsGAQUFBzAChkdodHRwOi8vY3JsMi5hbWUuZ2JsL2FpYS9CTDJQS0lJTlRDQTAyLkFNRS5HQkxfQU1FJTIwSW5mcmElMjBDQSUyMDA2LmNydDBTBggrBgEFBQcwAoZHaHR0cDovL2NybDMuYW1lLmdibC9haWEvQkwyUEtJSU5UQ0EwMi5BTUUuR0JMX0FNRSUyMEluZnJhJTIwQ0ElMjAwNi5jcnQwUwYIKwYBBQUHMAKGR2h0dHA6Ly9jcmw0LmFtZS5nYmwvYWlhL0JMMlBLSUlOVENBMDIuQU1FLkdCTF9BTUUlMjBJbmZyYSUyMENBJTIwMDYuY3J0MB0GA1UdDgQWBBS8HoebCKQVIYtc1_REbe-XAGi3HjAOBgNVHQ8BAf8EBAMCBaAwggEmBgNVHR8EggEdMIIBGTCCARWgggERoIIBDYY_aHR0cDovL2NybC5taWNyb3NvZnQuY29tL3BraWluZnJhL0NSTC9BTUUlMjBJbmZyYSUyMENBJTIwMDYuY3JshjFodHRwOi8vY3JsMS5hbWUuZ2JsL2NybC9BTUUlMjBJbmZyYSUyMENBJTIwMDYuY3JshjFodHRwOi8vY3JsMi5hbWUuZ2JsL2NybC9BTUUlMjBJbmZyYSUyMENBJTIwMDYuY3JshjFodHRwOi8vY3JsMy5hbWUuZ2JsL2NybC9BTUUlMjBJbmZyYSUyMENBJTIwMDYuY3JshjFodHRwOi8vY3JsNC5hbWUuZ2JsL2NybC9BTUUlMjBJbmZyYSUyMENBJTIwMDYuY3JsMBcGA1UdIAQQMA4wDAYKKwYBBAGCN3sBATAfBgNVHSMEGDAWgBTxRmjG8cPwKy19i2rhsvm-NfzRQTAdBgNVHSUEFjAUBggrBgEFBQcDAQYIKwYBBQUHAwIwDQYJKoZIhvcNAQELBQADggEBAB6b3-2IDHqiKHidm1sv2adgnlW7o5teHg5_6JuYXETz89EHAOvxAis3i3YzHc79kO_nmk5RcVHDydZ-zI8JDlC8n3v75Zt4KNDYid-qMTOeyQogLcB2Cq3iRGRTjaG_abh0F1ifWL0QBhzujNxastu--5-ozxOHa7CTiseyWTxaCRv103DUxZ7-lNrBKHFJRQV_X5G_oVNKU2WvTmSTWNzCXpyLhKdoBAyf_4QsisR7IFsL1aNWE8fHvLUv96vSpwRelX1cVuab3bBG_qJTzD1TMk8V37gxq4OTAHXZOmheCepyVhUEawvCvCTaFwQf5kHPZFdLhd7qh8jEr2C06sM&s=ZFLXR4HwC0n00EVaYK1j3-g-td5JlFXXb9ak0eaRnQ-0YMKjDukOrkveY-_8zvfnXTTUauLrZ3oDqbuQEYpGnly_HUu_bXRYYxcsYXFzG-gTa8eBV__ByQzhqw23rIs7HW6AWxcAIKonbhtcZUQkuM9zc1cPlO0x5BnzfOMI729YqJ_VcYKptvyLRfnbDLKtiKp8cPPje0M3kbf6OHKgB_VpOCW1VRsCvU-ANjX0xKZABDNcRhFysbM4f9izDEX8nshsnsosThW7OupdXyysas-u4-imQW1bALS03ClXH98C_3GTRfCdWjTa-e2EPR9o9r3BayDLP0226e4hvesQcQ&h=iPxFsKhfNNwHfVLC2ySc0fw5bYe-1f3h10Mh59eu2u4
      cache-control:
      - no-cache
      content-length:
      - '2232'
      content-type:
      - application/json; charset=utf-8
      date:
      - Wed, 25 Oct 2023 02:48:01 GMT
      expires:
      - '-1'
      pragma:
      - no-cache
      server:
      - Microsoft-HTTPAPI/2.0
      - Microsoft-HTTPAPI/2.0
      strict-transport-security:
      - max-age=31536000; includeSubDomains
      transfer-encoding:
      - chunked
      vary:
      - Accept-Encoding
      x-content-type-options:
      - nosniff
      x-ms-ratelimit-remaining-resource:
      - Microsoft.Compute/PutVMSubscriptionMaximum;1498,Microsoft.Compute/PutVMResource;11
      x-ms-ratelimit-remaining-subscription-writes:
      - '1199'
    status:
      code: 200
      message: OK
- request:
    body: null
    headers:
      Accept:
      - '*/*'
      Accept-Encoding:
      - gzip, deflate
      CommandName:
      - vm unmanaged-disk detach
      Connection:
      - keep-alive
      ParameterSetName:
      - -g --vm-name -n
      User-Agent:
      - AZURECLI/2.53.0 azsdk-python-azure-mgmt-compute/30.2.0 Python/3.10.9 (Windows-10-10.0.22621-SP0)
    method: GET
    uri: https://management.azure.com/subscriptions/00000000-0000-0000-0000-000000000000/providers/Microsoft.Compute/locations/westus/operations/2fe0f354-1190-4356-bc27-936592c27fc0?p=571046f6-b640-41c1-86f7-f9f044b5adf9&api-version=2022-11-01&t=638337988822550371&c=MIIHADCCBeigAwIBAgITHgMiVmbNs9bo9g1GbQAAAyJWZjANBgkqhkiG9w0BAQsFADBEMRMwEQYKCZImiZPyLGQBGRYDR0JMMRMwEQYKCZImiZPyLGQBGRYDQU1FMRgwFgYDVQQDEw9BTUUgSW5mcmEgQ0EgMDYwHhcNMjMwODAyMTgwNDI4WhcNMjQwNzI3MTgwNDI4WjBAMT4wPAYDVQQDEzVhc3luY29wZXJhdGlvbnNpZ25pbmdjZXJ0aWZpY2F0ZS5tYW5hZ2VtZW50LmF6dXJlLmNvbTCCASIwDQYJKoZIhvcNAQEBBQADggEPADCCAQoCggEBAMIcvxD_0PMhdmLk48iFdsDWY8xHwqf15PiuUxm56-DgFD_DTCio04a553Ilp6PhEzp-BqQUXZ8lOvewwSndfEiD0zKouzAK7ygeNzS10EFTSWbnBDNo4QPM7FM4bFhDUNl-AU1M7DrJCQPA8UGawTxFUgABTHaRYxMKeEyJ2IzdSmH0TjTgxv5pQDBP-QEJ-Rpdso9m_Yu2YfFRTCBiBNtQ4g-sojuHpOc3ULsGhK35Ua1gXYl44t0qnX1y-DiMbk0PPQ8_gop4DdSYd0NTBv-xBnqlom2ceJG8oCE4GCEXT3L6yOC3TvKvZ-7-r2cOWqPAolMtfZ4kIa7fp3zX-QUCAwEAAaOCA-0wggPpMCcGCSsGAQQBgjcVCgQaMBgwCgYIKwYBBQUHAwEwCgYIKwYBBQUHAwIwPQYJKwYBBAGCNxUHBDAwLgYmKwYBBAGCNxUIhpDjDYTVtHiE8Ys-hZvdFs6dEoFggvX2K4Py0SACAWQCAQowggHLBggrBgEFBQcBAQSCAb0wggG5MGMGCCsGAQUFBzAChldodHRwOi8vY3JsLm1pY3Jvc29mdC5jb20vcGtpaW5mcmEvQ2VydHMvQkwyUEtJSU5UQ0EwMi5BTUUuR0JMX0FNRSUyMEluZnJhJTIwQ0ElMjAwNi5jcnQwUwYIKwYBBQUHMAKGR2h0dHA6Ly9jcmwxLmFtZS5nYmwvYWlhL0JMMlBLSUlOVENBMDIuQU1FLkdCTF9BTUUlMjBJbmZyYSUyMENBJTIwMDYuY3J0MFMGCCsGAQUFBzAChkdodHRwOi8vY3JsMi5hbWUuZ2JsL2FpYS9CTDJQS0lJTlRDQTAyLkFNRS5HQkxfQU1FJTIwSW5mcmElMjBDQSUyMDA2LmNydDBTBggrBgEFBQcwAoZHaHR0cDovL2NybDMuYW1lLmdibC9haWEvQkwyUEtJSU5UQ0EwMi5BTUUuR0JMX0FNRSUyMEluZnJhJTIwQ0ElMjAwNi5jcnQwUwYIKwYBBQUHMAKGR2h0dHA6Ly9jcmw0LmFtZS5nYmwvYWlhL0JMMlBLSUlOVENBMDIuQU1FLkdCTF9BTUUlMjBJbmZyYSUyMENBJTIwMDYuY3J0MB0GA1UdDgQWBBS8HoebCKQVIYtc1_REbe-XAGi3HjAOBgNVHQ8BAf8EBAMCBaAwggEmBgNVHR8EggEdMIIBGTCCARWgggERoIIBDYY_aHR0cDovL2NybC5taWNyb3NvZnQuY29tL3BraWluZnJhL0NSTC9BTUUlMjBJbmZyYSUyMENBJTIwMDYuY3JshjFodHRwOi8vY3JsMS5hbWUuZ2JsL2NybC9BTUUlMjBJbmZyYSUyMENBJTIwMDYuY3JshjFodHRwOi8vY3JsMi5hbWUuZ2JsL2NybC9BTUUlMjBJbmZyYSUyMENBJTIwMDYuY3JshjFodHRwOi8vY3JsMy5hbWUuZ2JsL2NybC9BTUUlMjBJbmZyYSUyMENBJTIwMDYuY3JshjFodHRwOi8vY3JsNC5hbWUuZ2JsL2NybC9BTUUlMjBJbmZyYSUyMENBJTIwMDYuY3JsMBcGA1UdIAQQMA4wDAYKKwYBBAGCN3sBATAfBgNVHSMEGDAWgBTxRmjG8cPwKy19i2rhsvm-NfzRQTAdBgNVHSUEFjAUBggrBgEFBQcDAQYIKwYBBQUHAwIwDQYJKoZIhvcNAQELBQADggEBAB6b3-2IDHqiKHidm1sv2adgnlW7o5teHg5_6JuYXETz89EHAOvxAis3i3YzHc79kO_nmk5RcVHDydZ-zI8JDlC8n3v75Zt4KNDYid-qMTOeyQogLcB2Cq3iRGRTjaG_abh0F1ifWL0QBhzujNxastu--5-ozxOHa7CTiseyWTxaCRv103DUxZ7-lNrBKHFJRQV_X5G_oVNKU2WvTmSTWNzCXpyLhKdoBAyf_4QsisR7IFsL1aNWE8fHvLUv96vSpwRelX1cVuab3bBG_qJTzD1TMk8V37gxq4OTAHXZOmheCepyVhUEawvCvCTaFwQf5kHPZFdLhd7qh8jEr2C06sM&s=ZFLXR4HwC0n00EVaYK1j3-g-td5JlFXXb9ak0eaRnQ-0YMKjDukOrkveY-_8zvfnXTTUauLrZ3oDqbuQEYpGnly_HUu_bXRYYxcsYXFzG-gTa8eBV__ByQzhqw23rIs7HW6AWxcAIKonbhtcZUQkuM9zc1cPlO0x5BnzfOMI729YqJ_VcYKptvyLRfnbDLKtiKp8cPPje0M3kbf6OHKgB_VpOCW1VRsCvU-ANjX0xKZABDNcRhFysbM4f9izDEX8nshsnsosThW7OupdXyysas-u4-imQW1bALS03ClXH98C_3GTRfCdWjTa-e2EPR9o9r3BayDLP0226e4hvesQcQ&h=iPxFsKhfNNwHfVLC2ySc0fw5bYe-1f3h10Mh59eu2u4
  response:
    body:
      string: "{\r\n  \"startTime\": \"2023-10-25T02:48:00.1330899+00:00\",\r\n  \"\
        status\": \"InProgress\",\r\n  \"name\": \"2fe0f354-1190-4356-bc27-936592c27fc0\"\
        \r\n}"
    headers:
      cache-control:
      - no-cache
      content-length:
      - '134'
      content-type:
      - application/json; charset=utf-8
      date:
      - Wed, 25 Oct 2023 02:48:01 GMT
      expires:
      - '-1'
      pragma:
      - no-cache
      server:
      - Microsoft-HTTPAPI/2.0
      - Microsoft-HTTPAPI/2.0
      strict-transport-security:
      - max-age=31536000; includeSubDomains
      transfer-encoding:
      - chunked
      vary:
      - Accept-Encoding
      x-content-type-options:
      - nosniff
      x-ms-ratelimit-remaining-resource:
      - Microsoft.Compute/GetOperationResource;59,Microsoft.Compute/GetOperationSubscriptionMaximum;14999
    status:
      code: 200
      message: OK
- request:
    body: null
    headers:
      Accept:
      - '*/*'
      Accept-Encoding:
      - gzip, deflate
      CommandName:
      - vm unmanaged-disk detach
      Connection:
      - keep-alive
      ParameterSetName:
      - -g --vm-name -n
      User-Agent:
      - AZURECLI/2.53.0 azsdk-python-azure-mgmt-compute/30.2.0 Python/3.10.9 (Windows-10-10.0.22621-SP0)
    method: GET
    uri: https://management.azure.com/subscriptions/00000000-0000-0000-0000-000000000000/providers/Microsoft.Compute/locations/westus/operations/2fe0f354-1190-4356-bc27-936592c27fc0?p=571046f6-b640-41c1-86f7-f9f044b5adf9&api-version=2022-11-01&t=638337988822550371&c=MIIHADCCBeigAwIBAgITHgMiVmbNs9bo9g1GbQAAAyJWZjANBgkqhkiG9w0BAQsFADBEMRMwEQYKCZImiZPyLGQBGRYDR0JMMRMwEQYKCZImiZPyLGQBGRYDQU1FMRgwFgYDVQQDEw9BTUUgSW5mcmEgQ0EgMDYwHhcNMjMwODAyMTgwNDI4WhcNMjQwNzI3MTgwNDI4WjBAMT4wPAYDVQQDEzVhc3luY29wZXJhdGlvbnNpZ25pbmdjZXJ0aWZpY2F0ZS5tYW5hZ2VtZW50LmF6dXJlLmNvbTCCASIwDQYJKoZIhvcNAQEBBQADggEPADCCAQoCggEBAMIcvxD_0PMhdmLk48iFdsDWY8xHwqf15PiuUxm56-DgFD_DTCio04a553Ilp6PhEzp-BqQUXZ8lOvewwSndfEiD0zKouzAK7ygeNzS10EFTSWbnBDNo4QPM7FM4bFhDUNl-AU1M7DrJCQPA8UGawTxFUgABTHaRYxMKeEyJ2IzdSmH0TjTgxv5pQDBP-QEJ-Rpdso9m_Yu2YfFRTCBiBNtQ4g-sojuHpOc3ULsGhK35Ua1gXYl44t0qnX1y-DiMbk0PPQ8_gop4DdSYd0NTBv-xBnqlom2ceJG8oCE4GCEXT3L6yOC3TvKvZ-7-r2cOWqPAolMtfZ4kIa7fp3zX-QUCAwEAAaOCA-0wggPpMCcGCSsGAQQBgjcVCgQaMBgwCgYIKwYBBQUHAwEwCgYIKwYBBQUHAwIwPQYJKwYBBAGCNxUHBDAwLgYmKwYBBAGCNxUIhpDjDYTVtHiE8Ys-hZvdFs6dEoFggvX2K4Py0SACAWQCAQowggHLBggrBgEFBQcBAQSCAb0wggG5MGMGCCsGAQUFBzAChldodHRwOi8vY3JsLm1pY3Jvc29mdC5jb20vcGtpaW5mcmEvQ2VydHMvQkwyUEtJSU5UQ0EwMi5BTUUuR0JMX0FNRSUyMEluZnJhJTIwQ0ElMjAwNi5jcnQwUwYIKwYBBQUHMAKGR2h0dHA6Ly9jcmwxLmFtZS5nYmwvYWlhL0JMMlBLSUlOVENBMDIuQU1FLkdCTF9BTUUlMjBJbmZyYSUyMENBJTIwMDYuY3J0MFMGCCsGAQUFBzAChkdodHRwOi8vY3JsMi5hbWUuZ2JsL2FpYS9CTDJQS0lJTlRDQTAyLkFNRS5HQkxfQU1FJTIwSW5mcmElMjBDQSUyMDA2LmNydDBTBggrBgEFBQcwAoZHaHR0cDovL2NybDMuYW1lLmdibC9haWEvQkwyUEtJSU5UQ0EwMi5BTUUuR0JMX0FNRSUyMEluZnJhJTIwQ0ElMjAwNi5jcnQwUwYIKwYBBQUHMAKGR2h0dHA6Ly9jcmw0LmFtZS5nYmwvYWlhL0JMMlBLSUlOVENBMDIuQU1FLkdCTF9BTUUlMjBJbmZyYSUyMENBJTIwMDYuY3J0MB0GA1UdDgQWBBS8HoebCKQVIYtc1_REbe-XAGi3HjAOBgNVHQ8BAf8EBAMCBaAwggEmBgNVHR8EggEdMIIBGTCCARWgggERoIIBDYY_aHR0cDovL2NybC5taWNyb3NvZnQuY29tL3BraWluZnJhL0NSTC9BTUUlMjBJbmZyYSUyMENBJTIwMDYuY3JshjFodHRwOi8vY3JsMS5hbWUuZ2JsL2NybC9BTUUlMjBJbmZyYSUyMENBJTIwMDYuY3JshjFodHRwOi8vY3JsMi5hbWUuZ2JsL2NybC9BTUUlMjBJbmZyYSUyMENBJTIwMDYuY3JshjFodHRwOi8vY3JsMy5hbWUuZ2JsL2NybC9BTUUlMjBJbmZyYSUyMENBJTIwMDYuY3JshjFodHRwOi8vY3JsNC5hbWUuZ2JsL2NybC9BTUUlMjBJbmZyYSUyMENBJTIwMDYuY3JsMBcGA1UdIAQQMA4wDAYKKwYBBAGCN3sBATAfBgNVHSMEGDAWgBTxRmjG8cPwKy19i2rhsvm-NfzRQTAdBgNVHSUEFjAUBggrBgEFBQcDAQYIKwYBBQUHAwIwDQYJKoZIhvcNAQELBQADggEBAB6b3-2IDHqiKHidm1sv2adgnlW7o5teHg5_6JuYXETz89EHAOvxAis3i3YzHc79kO_nmk5RcVHDydZ-zI8JDlC8n3v75Zt4KNDYid-qMTOeyQogLcB2Cq3iRGRTjaG_abh0F1ifWL0QBhzujNxastu--5-ozxOHa7CTiseyWTxaCRv103DUxZ7-lNrBKHFJRQV_X5G_oVNKU2WvTmSTWNzCXpyLhKdoBAyf_4QsisR7IFsL1aNWE8fHvLUv96vSpwRelX1cVuab3bBG_qJTzD1TMk8V37gxq4OTAHXZOmheCepyVhUEawvCvCTaFwQf5kHPZFdLhd7qh8jEr2C06sM&s=ZFLXR4HwC0n00EVaYK1j3-g-td5JlFXXb9ak0eaRnQ-0YMKjDukOrkveY-_8zvfnXTTUauLrZ3oDqbuQEYpGnly_HUu_bXRYYxcsYXFzG-gTa8eBV__ByQzhqw23rIs7HW6AWxcAIKonbhtcZUQkuM9zc1cPlO0x5BnzfOMI729YqJ_VcYKptvyLRfnbDLKtiKp8cPPje0M3kbf6OHKgB_VpOCW1VRsCvU-ANjX0xKZABDNcRhFysbM4f9izDEX8nshsnsosThW7OupdXyysas-u4-imQW1bALS03ClXH98C_3GTRfCdWjTa-e2EPR9o9r3BayDLP0226e4hvesQcQ&h=iPxFsKhfNNwHfVLC2ySc0fw5bYe-1f3h10Mh59eu2u4
  response:
    body:
      string: "{\r\n  \"startTime\": \"2023-10-25T02:48:00.1330899+00:00\",\r\n  \"\
        endTime\": \"2023-10-25T02:48:12.6018715+00:00\",\r\n  \"status\": \"Succeeded\"\
        ,\r\n  \"name\": \"2fe0f354-1190-4356-bc27-936592c27fc0\"\r\n}"
    headers:
      cache-control:
      - no-cache
      content-length:
      - '184'
      content-type:
      - application/json; charset=utf-8
      date:
      - Wed, 25 Oct 2023 02:48:32 GMT
      expires:
      - '-1'
      pragma:
      - no-cache
      server:
      - Microsoft-HTTPAPI/2.0
      - Microsoft-HTTPAPI/2.0
      strict-transport-security:
      - max-age=31536000; includeSubDomains
      transfer-encoding:
      - chunked
      vary:
      - Accept-Encoding
      x-content-type-options:
      - nosniff
      x-ms-ratelimit-remaining-resource:
      - Microsoft.Compute/GetOperationResource;57,Microsoft.Compute/GetOperationSubscriptionMaximum;14989
    status:
      code: 200
      message: OK
- request:
    body: null
    headers:
      Accept:
      - '*/*'
      Accept-Encoding:
      - gzip, deflate
      CommandName:
      - vm unmanaged-disk detach
      Connection:
      - keep-alive
      ParameterSetName:
      - -g --vm-name -n
      User-Agent:
      - AZURECLI/2.53.0 azsdk-python-azure-mgmt-compute/30.2.0 Python/3.10.9 (Windows-10-10.0.22621-SP0)
    method: GET
    uri: https://management.azure.com/subscriptions/00000000-0000-0000-0000-000000000000/resourceGroups/cli-test-disk-debian000001/providers/Microsoft.Compute/virtualMachines/vm-datadisk-test?api-version=2022-11-01
  response:
    body:
      string: "{\r\n  \"name\": \"vm-datadisk-test\",\r\n  \"id\": \"/subscriptions/00000000-0000-0000-0000-000000000000/resourceGroups/cli-test-disk-debian000001/providers/Microsoft.Compute/virtualMachines/vm-datadisk-test\"\
        ,\r\n  \"type\": \"Microsoft.Compute/virtualMachines\",\r\n  \"location\"\
        : \"westus\",\r\n  \"tags\": {},\r\n  \"properties\": {\r\n    \"hardwareProfile\"\
        : {\r\n      \"vmSize\": \"Standard_DS1_v2\"\r\n    },\r\n    \"provisioningState\"\
        : \"Succeeded\",\r\n    \"vmId\": \"2bde606b-13c1-4faf-8094-0cb1b209e3c9\"\
        ,\r\n    \"storageProfile\": {\r\n      \"imageReference\": {\r\n        \"\
        publisher\": \"Debian\",\r\n        \"offer\": \"debian-10\",\r\n        \"\
        sku\": \"10\",\r\n        \"version\": \"latest\",\r\n        \"exactVersion\"\
        : \"0.20230802.1460\"\r\n      },\r\n      \"osDisk\": {\r\n        \"osType\"\
        : \"Linux\",\r\n        \"name\": \"osdisk_bc2b1e04fd\",\r\n        \"createOption\"\
        : \"FromImage\",\r\n        \"vhd\": {\r\n          \"uri\": \"https://vhdstoragebc2b1e04fd481e.blob.core.windows.net/vhds/osdisk_bc2b1e04fd.vhd\"\
        \r\n        },\r\n        \"caching\": \"ReadWrite\",\r\n        \"deleteOption\"\
        : \"Detach\",\r\n        \"diskSizeGB\": 30\r\n      },\r\n      \"dataDisks\"\
        : []\r\n    },\r\n    \"osProfile\": {\r\n      \"computerName\": \"vm-datadisk-test\"\
        ,\r\n      \"adminUsername\": \"debian\",\r\n      \"linuxConfiguration\"\
        : {\r\n        \"disablePasswordAuthentication\": false,\r\n        \"provisionVMAgent\"\
        : true,\r\n        \"patchSettings\": {\r\n          \"patchMode\": \"ImageDefault\"\
        ,\r\n          \"assessmentMode\": \"ImageDefault\"\r\n        },\r\n    \
        \    \"enableVMAgentPlatformUpdates\": false\r\n      },\r\n      \"secrets\"\
        : [],\r\n      \"allowExtensionOperations\": true,\r\n      \"requireGuestProvisionSignal\"\
        : true\r\n    },\r\n    \"networkProfile\": {\"networkInterfaces\":[{\"id\"\
        :\"/subscriptions/00000000-0000-0000-0000-000000000000/resourceGroups/cli-test-disk-debian000001/providers/Microsoft.Network/networkInterfaces/vm-datadisk-testVMNic\"\
        }]},\r\n    \"timeCreated\": \"2023-10-25T02:46:42.773069+00:00\"\r\n  }\r\
        \n}"
    headers:
      cache-control:
      - no-cache
      content-length:
      - '1866'
      content-type:
      - application/json; charset=utf-8
      date:
      - Wed, 25 Oct 2023 02:48:33 GMT
      expires:
      - '-1'
      pragma:
      - no-cache
      server:
      - Microsoft-HTTPAPI/2.0
      - Microsoft-HTTPAPI/2.0
      strict-transport-security:
      - max-age=31536000; includeSubDomains
      transfer-encoding:
      - chunked
      vary:
      - Accept-Encoding
      x-content-type-options:
      - nosniff
      x-ms-ratelimit-remaining-resource:
      - Microsoft.Compute/LowCostGetSubscriptionMaximum;23990,Microsoft.Compute/LowCostGetResource;33
    status:
      code: 200
      message: OK
- request:
    body: null
    headers:
      Accept:
      - application/json
      Accept-Encoding:
      - gzip, deflate
      CommandName:
      - vm show
      Connection:
      - keep-alive
      ParameterSetName:
      - -g -n
      User-Agent:
      - AZURECLI/2.53.0 azsdk-python-azure-mgmt-compute/30.2.0 Python/3.10.9 (Windows-10-10.0.22621-SP0)
    method: GET
    uri: https://management.azure.com/subscriptions/00000000-0000-0000-0000-000000000000/resourceGroups/cli-test-disk-debian000001/providers/Microsoft.Compute/virtualMachines/vm-datadisk-test?api-version=2022-11-01
  response:
    body:
      string: "{\r\n  \"name\": \"vm-datadisk-test\",\r\n  \"id\": \"/subscriptions/00000000-0000-0000-0000-000000000000/resourceGroups/cli-test-disk-debian000001/providers/Microsoft.Compute/virtualMachines/vm-datadisk-test\"\
        ,\r\n  \"type\": \"Microsoft.Compute/virtualMachines\",\r\n  \"location\"\
        : \"westus\",\r\n  \"tags\": {},\r\n  \"properties\": {\r\n    \"hardwareProfile\"\
        : {\r\n      \"vmSize\": \"Standard_DS1_v2\"\r\n    },\r\n    \"provisioningState\"\
        : \"Succeeded\",\r\n    \"vmId\": \"2bde606b-13c1-4faf-8094-0cb1b209e3c9\"\
        ,\r\n    \"storageProfile\": {\r\n      \"imageReference\": {\r\n        \"\
        publisher\": \"Debian\",\r\n        \"offer\": \"debian-10\",\r\n        \"\
        sku\": \"10\",\r\n        \"version\": \"latest\",\r\n        \"exactVersion\"\
        : \"0.20230802.1460\"\r\n      },\r\n      \"osDisk\": {\r\n        \"osType\"\
        : \"Linux\",\r\n        \"name\": \"osdisk_bc2b1e04fd\",\r\n        \"createOption\"\
        : \"FromImage\",\r\n        \"vhd\": {\r\n          \"uri\": \"https://vhdstoragebc2b1e04fd481e.blob.core.windows.net/vhds/osdisk_bc2b1e04fd.vhd\"\
        \r\n        },\r\n        \"caching\": \"ReadWrite\",\r\n        \"deleteOption\"\
        : \"Detach\",\r\n        \"diskSizeGB\": 30\r\n      },\r\n      \"dataDisks\"\
        : []\r\n    },\r\n    \"osProfile\": {\r\n      \"computerName\": \"vm-datadisk-test\"\
        ,\r\n      \"adminUsername\": \"debian\",\r\n      \"linuxConfiguration\"\
        : {\r\n        \"disablePasswordAuthentication\": false,\r\n        \"provisionVMAgent\"\
        : true,\r\n        \"patchSettings\": {\r\n          \"patchMode\": \"ImageDefault\"\
        ,\r\n          \"assessmentMode\": \"ImageDefault\"\r\n        },\r\n    \
        \    \"enableVMAgentPlatformUpdates\": false\r\n      },\r\n      \"secrets\"\
        : [],\r\n      \"allowExtensionOperations\": true,\r\n      \"requireGuestProvisionSignal\"\
        : true\r\n    },\r\n    \"networkProfile\": {\"networkInterfaces\":[{\"id\"\
        :\"/subscriptions/00000000-0000-0000-0000-000000000000/resourceGroups/cli-test-disk-debian000001/providers/Microsoft.Network/networkInterfaces/vm-datadisk-testVMNic\"\
        }]},\r\n    \"timeCreated\": \"2023-10-25T02:46:42.773069+00:00\"\r\n  }\r\
        \n}"
    headers:
      cache-control:
      - no-cache
      content-length:
      - '1866'
      content-type:
      - application/json; charset=utf-8
      date:
      - Wed, 25 Oct 2023 02:48:34 GMT
      expires:
      - '-1'
      pragma:
      - no-cache
      server:
      - Microsoft-HTTPAPI/2.0
      - Microsoft-HTTPAPI/2.0
      strict-transport-security:
      - max-age=31536000; includeSubDomains
      transfer-encoding:
      - chunked
      vary:
      - Accept-Encoding
      x-content-type-options:
      - nosniff
      x-ms-ratelimit-remaining-resource:
      - Microsoft.Compute/LowCostGetSubscriptionMaximum;23988,Microsoft.Compute/LowCostGetResource;32
    status:
      code: 200
      message: OK
- request:
    body: null
    headers:
      Accept:
      - application/json
      Accept-Encoding:
      - gzip, deflate
      CommandName:
      - vm unmanaged-disk attach
      Connection:
      - keep-alive
      ParameterSetName:
      - -g --vm-name -n --vhd --caching
      User-Agent:
      - AZURECLI/2.53.0 azsdk-python-azure-mgmt-compute/30.2.0 Python/3.10.9 (Windows-10-10.0.22621-SP0)
    method: GET
    uri: https://management.azure.com/subscriptions/00000000-0000-0000-0000-000000000000/resourceGroups/cli-test-disk-debian000001/providers/Microsoft.Compute/virtualMachines/vm-datadisk-test?api-version=2022-11-01
  response:
    body:
      string: "{\r\n  \"name\": \"vm-datadisk-test\",\r\n  \"id\": \"/subscriptions/00000000-0000-0000-0000-000000000000/resourceGroups/cli-test-disk-debian000001/providers/Microsoft.Compute/virtualMachines/vm-datadisk-test\"\
        ,\r\n  \"type\": \"Microsoft.Compute/virtualMachines\",\r\n  \"location\"\
        : \"westus\",\r\n  \"tags\": {},\r\n  \"properties\": {\r\n    \"hardwareProfile\"\
        : {\r\n      \"vmSize\": \"Standard_DS1_v2\"\r\n    },\r\n    \"provisioningState\"\
        : \"Succeeded\",\r\n    \"vmId\": \"2bde606b-13c1-4faf-8094-0cb1b209e3c9\"\
        ,\r\n    \"storageProfile\": {\r\n      \"imageReference\": {\r\n        \"\
        publisher\": \"Debian\",\r\n        \"offer\": \"debian-10\",\r\n        \"\
        sku\": \"10\",\r\n        \"version\": \"latest\",\r\n        \"exactVersion\"\
        : \"0.20230802.1460\"\r\n      },\r\n      \"osDisk\": {\r\n        \"osType\"\
        : \"Linux\",\r\n        \"name\": \"osdisk_bc2b1e04fd\",\r\n        \"createOption\"\
        : \"FromImage\",\r\n        \"vhd\": {\r\n          \"uri\": \"https://vhdstoragebc2b1e04fd481e.blob.core.windows.net/vhds/osdisk_bc2b1e04fd.vhd\"\
        \r\n        },\r\n        \"caching\": \"ReadWrite\",\r\n        \"deleteOption\"\
        : \"Detach\",\r\n        \"diskSizeGB\": 30\r\n      },\r\n      \"dataDisks\"\
        : []\r\n    },\r\n    \"osProfile\": {\r\n      \"computerName\": \"vm-datadisk-test\"\
        ,\r\n      \"adminUsername\": \"debian\",\r\n      \"linuxConfiguration\"\
        : {\r\n        \"disablePasswordAuthentication\": false,\r\n        \"provisionVMAgent\"\
        : true,\r\n        \"patchSettings\": {\r\n          \"patchMode\": \"ImageDefault\"\
        ,\r\n          \"assessmentMode\": \"ImageDefault\"\r\n        },\r\n    \
        \    \"enableVMAgentPlatformUpdates\": false\r\n      },\r\n      \"secrets\"\
        : [],\r\n      \"allowExtensionOperations\": true,\r\n      \"requireGuestProvisionSignal\"\
        : true\r\n    },\r\n    \"networkProfile\": {\"networkInterfaces\":[{\"id\"\
        :\"/subscriptions/00000000-0000-0000-0000-000000000000/resourceGroups/cli-test-disk-debian000001/providers/Microsoft.Network/networkInterfaces/vm-datadisk-testVMNic\"\
        }]},\r\n    \"timeCreated\": \"2023-10-25T02:46:42.773069+00:00\"\r\n  }\r\
        \n}"
    headers:
      cache-control:
      - no-cache
      content-length:
      - '1866'
      content-type:
      - application/json; charset=utf-8
      date:
      - Wed, 25 Oct 2023 02:48:34 GMT
      expires:
      - '-1'
      pragma:
      - no-cache
      server:
      - Microsoft-HTTPAPI/2.0
      - Microsoft-HTTPAPI/2.0
      strict-transport-security:
      - max-age=31536000; includeSubDomains
      transfer-encoding:
      - chunked
      vary:
      - Accept-Encoding
      x-content-type-options:
      - nosniff
      x-ms-ratelimit-remaining-resource:
      - Microsoft.Compute/LowCostGetSubscriptionMaximum;23987,Microsoft.Compute/LowCostGetResource;31
    status:
      code: 200
      message: OK
- request:
    body: '{"location": "westus", "tags": {}, "properties": {"hardwareProfile": {"vmSize":
      "Standard_DS1_v2"}, "storageProfile": {"osDisk": {"osType": "Linux", "name":
      "osdisk_bc2b1e04fd", "vhd": {"uri": "https://vhdstoragebc2b1e04fd481e.blob.core.windows.net/vhds/osdisk_bc2b1e04fd.vhd"},
      "caching": "ReadWrite", "createOption": "FromImage", "diskSizeGB": 30, "deleteOption":
      "Detach"}, "dataDisks": [{"lun": 0, "name": "d7", "vhd": {"uri": "https://vhdstoragebc2b1e04fd481e.blob.core.windows.net/vhds/d7.vhd"},
      "caching": "ReadOnly", "createOption": "Attach"}]}, "osProfile": {"computerName":
      "vm-datadisk-test", "adminUsername": "debian", "linuxConfiguration": {"disablePasswordAuthentication":
      false, "provisionVMAgent": true, "patchSettings": {"patchMode": "ImageDefault",
      "assessmentMode": "ImageDefault"}, "enableVMAgentPlatformUpdates": false}, "secrets":
      [], "allowExtensionOperations": true, "requireGuestProvisionSignal": true},
      "networkProfile": {"networkInterfaces": [{"id": "/subscriptions/00000000-0000-0000-0000-000000000000/resourceGroups/cli-test-disk-debian000001/providers/Microsoft.Network/networkInterfaces/vm-datadisk-testVMNic"}]}}}'
    headers:
      Accept:
      - application/json
      Accept-Encoding:
      - gzip, deflate
      CommandName:
      - vm unmanaged-disk attach
      Connection:
      - keep-alive
      Content-Length:
      - '1145'
      Content-Type:
      - application/json
      ParameterSetName:
      - -g --vm-name -n --vhd --caching
      User-Agent:
      - AZURECLI/2.53.0 azsdk-python-azure-mgmt-compute/30.2.0 Python/3.10.9 (Windows-10-10.0.22621-SP0)
    method: PUT
    uri: https://management.azure.com/subscriptions/00000000-0000-0000-0000-000000000000/resourceGroups/cli-test-disk-debian000001/providers/Microsoft.Compute/virtualMachines/vm-datadisk-test?api-version=2022-11-01
  response:
    body:
      string: "{\r\n  \"name\": \"vm-datadisk-test\",\r\n  \"id\": \"/subscriptions/00000000-0000-0000-0000-000000000000/resourceGroups/cli-test-disk-debian000001/providers/Microsoft.Compute/virtualMachines/vm-datadisk-test\"\
        ,\r\n  \"type\": \"Microsoft.Compute/virtualMachines\",\r\n  \"location\"\
        : \"westus\",\r\n  \"tags\": {},\r\n  \"properties\": {\r\n    \"hardwareProfile\"\
        : {\r\n      \"vmSize\": \"Standard_DS1_v2\"\r\n    },\r\n    \"provisioningState\"\
        : \"Updating\",\r\n    \"vmId\": \"2bde606b-13c1-4faf-8094-0cb1b209e3c9\"\
        ,\r\n    \"storageProfile\": {\r\n      \"imageReference\": {\r\n        \"\
        publisher\": \"Debian\",\r\n        \"offer\": \"debian-10\",\r\n        \"\
        sku\": \"10\",\r\n        \"version\": \"latest\",\r\n        \"exactVersion\"\
        : \"0.20230802.1460\"\r\n      },\r\n      \"osDisk\": {\r\n        \"osType\"\
        : \"Linux\",\r\n        \"name\": \"osdisk_bc2b1e04fd\",\r\n        \"createOption\"\
        : \"FromImage\",\r\n        \"vhd\": {\r\n          \"uri\": \"https://vhdstoragebc2b1e04fd481e.blob.core.windows.net/vhds/osdisk_bc2b1e04fd.vhd\"\
        \r\n        },\r\n        \"caching\": \"ReadWrite\",\r\n        \"deleteOption\"\
        : \"Detach\",\r\n        \"diskSizeGB\": 30\r\n      },\r\n      \"dataDisks\"\
        : [\r\n        {\r\n          \"lun\": 0,\r\n          \"name\": \"d7\",\r\
        \n          \"createOption\": \"Attach\",\r\n          \"vhd\": {\r\n    \
        \        \"uri\": \"https://vhdstoragebc2b1e04fd481e.blob.core.windows.net/vhds/d7.vhd\"\
        \r\n          },\r\n          \"caching\": \"ReadOnly\",\r\n          \"deleteOption\"\
        : \"Detach\",\r\n          \"toBeDetached\": false\r\n        }\r\n      ]\r\
        \n    },\r\n    \"osProfile\": {\r\n      \"computerName\": \"vm-datadisk-test\"\
        ,\r\n      \"adminUsername\": \"debian\",\r\n      \"linuxConfiguration\"\
        : {\r\n        \"disablePasswordAuthentication\": false,\r\n        \"provisionVMAgent\"\
        : true,\r\n        \"patchSettings\": {\r\n          \"patchMode\": \"ImageDefault\"\
        ,\r\n          \"assessmentMode\": \"ImageDefault\"\r\n        },\r\n    \
        \    \"enableVMAgentPlatformUpdates\": false\r\n      },\r\n      \"secrets\"\
        : [],\r\n      \"allowExtensionOperations\": true,\r\n      \"requireGuestProvisionSignal\"\
        : true\r\n    },\r\n    \"networkProfile\": {\"networkInterfaces\":[{\"id\"\
        :\"/subscriptions/00000000-0000-0000-0000-000000000000/resourceGroups/cli-test-disk-debian000001/providers/Microsoft.Network/networkInterfaces/vm-datadisk-testVMNic\"\
        }]},\r\n    \"timeCreated\": \"2023-10-25T02:46:42.773069+00:00\"\r\n  }\r\
        \n}"
    headers:
      azure-asyncnotification:
      - Enabled
      azure-asyncoperation:
      - https://management.azure.com/subscriptions/00000000-0000-0000-0000-000000000000/providers/Microsoft.Compute/locations/westus/operations/49b80811-deb3-4d6d-bad5-844be7bb09ac?p=571046f6-b640-41c1-86f7-f9f044b5adf9&api-version=2022-11-01&t=638337989190683996&c=MIIHADCCBeigAwIBAgITHgMiVmbNs9bo9g1GbQAAAyJWZjANBgkqhkiG9w0BAQsFADBEMRMwEQYKCZImiZPyLGQBGRYDR0JMMRMwEQYKCZImiZPyLGQBGRYDQU1FMRgwFgYDVQQDEw9BTUUgSW5mcmEgQ0EgMDYwHhcNMjMwODAyMTgwNDI4WhcNMjQwNzI3MTgwNDI4WjBAMT4wPAYDVQQDEzVhc3luY29wZXJhdGlvbnNpZ25pbmdjZXJ0aWZpY2F0ZS5tYW5hZ2VtZW50LmF6dXJlLmNvbTCCASIwDQYJKoZIhvcNAQEBBQADggEPADCCAQoCggEBAMIcvxD_0PMhdmLk48iFdsDWY8xHwqf15PiuUxm56-DgFD_DTCio04a553Ilp6PhEzp-BqQUXZ8lOvewwSndfEiD0zKouzAK7ygeNzS10EFTSWbnBDNo4QPM7FM4bFhDUNl-AU1M7DrJCQPA8UGawTxFUgABTHaRYxMKeEyJ2IzdSmH0TjTgxv5pQDBP-QEJ-Rpdso9m_Yu2YfFRTCBiBNtQ4g-sojuHpOc3ULsGhK35Ua1gXYl44t0qnX1y-DiMbk0PPQ8_gop4DdSYd0NTBv-xBnqlom2ceJG8oCE4GCEXT3L6yOC3TvKvZ-7-r2cOWqPAolMtfZ4kIa7fp3zX-QUCAwEAAaOCA-0wggPpMCcGCSsGAQQBgjcVCgQaMBgwCgYIKwYBBQUHAwEwCgYIKwYBBQUHAwIwPQYJKwYBBAGCNxUHBDAwLgYmKwYBBAGCNxUIhpDjDYTVtHiE8Ys-hZvdFs6dEoFggvX2K4Py0SACAWQCAQowggHLBggrBgEFBQcBAQSCAb0wggG5MGMGCCsGAQUFBzAChldodHRwOi8vY3JsLm1pY3Jvc29mdC5jb20vcGtpaW5mcmEvQ2VydHMvQkwyUEtJSU5UQ0EwMi5BTUUuR0JMX0FNRSUyMEluZnJhJTIwQ0ElMjAwNi5jcnQwUwYIKwYBBQUHMAKGR2h0dHA6Ly9jcmwxLmFtZS5nYmwvYWlhL0JMMlBLSUlOVENBMDIuQU1FLkdCTF9BTUUlMjBJbmZyYSUyMENBJTIwMDYuY3J0MFMGCCsGAQUFBzAChkdodHRwOi8vY3JsMi5hbWUuZ2JsL2FpYS9CTDJQS0lJTlRDQTAyLkFNRS5HQkxfQU1FJTIwSW5mcmElMjBDQSUyMDA2LmNydDBTBggrBgEFBQcwAoZHaHR0cDovL2NybDMuYW1lLmdibC9haWEvQkwyUEtJSU5UQ0EwMi5BTUUuR0JMX0FNRSUyMEluZnJhJTIwQ0ElMjAwNi5jcnQwUwYIKwYBBQUHMAKGR2h0dHA6Ly9jcmw0LmFtZS5nYmwvYWlhL0JMMlBLSUlOVENBMDIuQU1FLkdCTF9BTUUlMjBJbmZyYSUyMENBJTIwMDYuY3J0MB0GA1UdDgQWBBS8HoebCKQVIYtc1_REbe-XAGi3HjAOBgNVHQ8BAf8EBAMCBaAwggEmBgNVHR8EggEdMIIBGTCCARWgggERoIIBDYY_aHR0cDovL2NybC5taWNyb3NvZnQuY29tL3BraWluZnJhL0NSTC9BTUUlMjBJbmZyYSUyMENBJTIwMDYuY3JshjFodHRwOi8vY3JsMS5hbWUuZ2JsL2NybC9BTUUlMjBJbmZyYSUyMENBJTIwMDYuY3JshjFodHRwOi8vY3JsMi5hbWUuZ2JsL2NybC9BTUUlMjBJbmZyYSUyMENBJTIwMDYuY3JshjFodHRwOi8vY3JsMy5hbWUuZ2JsL2NybC9BTUUlMjBJbmZyYSUyMENBJTIwMDYuY3JshjFodHRwOi8vY3JsNC5hbWUuZ2JsL2NybC9BTUUlMjBJbmZyYSUyMENBJTIwMDYuY3JsMBcGA1UdIAQQMA4wDAYKKwYBBAGCN3sBATAfBgNVHSMEGDAWgBTxRmjG8cPwKy19i2rhsvm-NfzRQTAdBgNVHSUEFjAUBggrBgEFBQcDAQYIKwYBBQUHAwIwDQYJKoZIhvcNAQELBQADggEBAB6b3-2IDHqiKHidm1sv2adgnlW7o5teHg5_6JuYXETz89EHAOvxAis3i3YzHc79kO_nmk5RcVHDydZ-zI8JDlC8n3v75Zt4KNDYid-qMTOeyQogLcB2Cq3iRGRTjaG_abh0F1ifWL0QBhzujNxastu--5-ozxOHa7CTiseyWTxaCRv103DUxZ7-lNrBKHFJRQV_X5G_oVNKU2WvTmSTWNzCXpyLhKdoBAyf_4QsisR7IFsL1aNWE8fHvLUv96vSpwRelX1cVuab3bBG_qJTzD1TMk8V37gxq4OTAHXZOmheCepyVhUEawvCvCTaFwQf5kHPZFdLhd7qh8jEr2C06sM&s=tYVDda7uUgBPe2gccxNlFXrHgh2VFsMWJY7AUuBKIS7xOsB5tGpj4ikcpQvBQyhQbnAxQSg7OtXzYW6iQeE3eZTIv8L2VbkLymuSjCp7VHTHvK1XeaeegeR5C0T7al0qIDualV-1C7YUHzv_YhCbw36mAm9X7TZCtfNrBtjxj9W_YzvCCPjIMOl7U9ZSQJ5UgrVXnNEno9Dz49ZMdmDrFMxNS_rEu1vdDXXgo7TVZul-Lmp5EmDwoxGgRYYWaOrDWr4pNzNGNbNI0I4_SQrNuSJ7CzaHOAHC3QLBTbXViiwnsABlJ4lJhhrRCKQ61U8VYQ0Nv4TekQ5tS1OsaCDs2A&h=WOafo8VJ8urNDTLKebz2w-WidOJOiVfPpeuYAofWrkw
      cache-control:
      - no-cache
      content-length:
      - '2205'
      content-type:
      - application/json; charset=utf-8
      date:
      - Wed, 25 Oct 2023 02:48:39 GMT
      expires:
      - '-1'
      pragma:
      - no-cache
      server:
      - Microsoft-HTTPAPI/2.0
      - Microsoft-HTTPAPI/2.0
      strict-transport-security:
      - max-age=31536000; includeSubDomains
      transfer-encoding:
      - chunked
      vary:
      - Accept-Encoding
      x-content-type-options:
      - nosniff
      x-ms-ratelimit-remaining-resource:
      - Microsoft.Compute/PutVMSubscriptionMaximum;1498,Microsoft.Compute/PutVMResource;10
      x-ms-ratelimit-remaining-subscription-writes:
      - '1199'
    status:
      code: 200
      message: OK
- request:
    body: null
    headers:
      Accept:
      - '*/*'
      Accept-Encoding:
      - gzip, deflate
      CommandName:
      - vm unmanaged-disk attach
      Connection:
      - keep-alive
      ParameterSetName:
      - -g --vm-name -n --vhd --caching
      User-Agent:
      - AZURECLI/2.53.0 azsdk-python-azure-mgmt-compute/30.2.0 Python/3.10.9 (Windows-10-10.0.22621-SP0)
    method: GET
    uri: https://management.azure.com/subscriptions/00000000-0000-0000-0000-000000000000/providers/Microsoft.Compute/locations/westus/operations/49b80811-deb3-4d6d-bad5-844be7bb09ac?p=571046f6-b640-41c1-86f7-f9f044b5adf9&api-version=2022-11-01&t=638337989190683996&c=MIIHADCCBeigAwIBAgITHgMiVmbNs9bo9g1GbQAAAyJWZjANBgkqhkiG9w0BAQsFADBEMRMwEQYKCZImiZPyLGQBGRYDR0JMMRMwEQYKCZImiZPyLGQBGRYDQU1FMRgwFgYDVQQDEw9BTUUgSW5mcmEgQ0EgMDYwHhcNMjMwODAyMTgwNDI4WhcNMjQwNzI3MTgwNDI4WjBAMT4wPAYDVQQDEzVhc3luY29wZXJhdGlvbnNpZ25pbmdjZXJ0aWZpY2F0ZS5tYW5hZ2VtZW50LmF6dXJlLmNvbTCCASIwDQYJKoZIhvcNAQEBBQADggEPADCCAQoCggEBAMIcvxD_0PMhdmLk48iFdsDWY8xHwqf15PiuUxm56-DgFD_DTCio04a553Ilp6PhEzp-BqQUXZ8lOvewwSndfEiD0zKouzAK7ygeNzS10EFTSWbnBDNo4QPM7FM4bFhDUNl-AU1M7DrJCQPA8UGawTxFUgABTHaRYxMKeEyJ2IzdSmH0TjTgxv5pQDBP-QEJ-Rpdso9m_Yu2YfFRTCBiBNtQ4g-sojuHpOc3ULsGhK35Ua1gXYl44t0qnX1y-DiMbk0PPQ8_gop4DdSYd0NTBv-xBnqlom2ceJG8oCE4GCEXT3L6yOC3TvKvZ-7-r2cOWqPAolMtfZ4kIa7fp3zX-QUCAwEAAaOCA-0wggPpMCcGCSsGAQQBgjcVCgQaMBgwCgYIKwYBBQUHAwEwCgYIKwYBBQUHAwIwPQYJKwYBBAGCNxUHBDAwLgYmKwYBBAGCNxUIhpDjDYTVtHiE8Ys-hZvdFs6dEoFggvX2K4Py0SACAWQCAQowggHLBggrBgEFBQcBAQSCAb0wggG5MGMGCCsGAQUFBzAChldodHRwOi8vY3JsLm1pY3Jvc29mdC5jb20vcGtpaW5mcmEvQ2VydHMvQkwyUEtJSU5UQ0EwMi5BTUUuR0JMX0FNRSUyMEluZnJhJTIwQ0ElMjAwNi5jcnQwUwYIKwYBBQUHMAKGR2h0dHA6Ly9jcmwxLmFtZS5nYmwvYWlhL0JMMlBLSUlOVENBMDIuQU1FLkdCTF9BTUUlMjBJbmZyYSUyMENBJTIwMDYuY3J0MFMGCCsGAQUFBzAChkdodHRwOi8vY3JsMi5hbWUuZ2JsL2FpYS9CTDJQS0lJTlRDQTAyLkFNRS5HQkxfQU1FJTIwSW5mcmElMjBDQSUyMDA2LmNydDBTBggrBgEFBQcwAoZHaHR0cDovL2NybDMuYW1lLmdibC9haWEvQkwyUEtJSU5UQ0EwMi5BTUUuR0JMX0FNRSUyMEluZnJhJTIwQ0ElMjAwNi5jcnQwUwYIKwYBBQUHMAKGR2h0dHA6Ly9jcmw0LmFtZS5nYmwvYWlhL0JMMlBLSUlOVENBMDIuQU1FLkdCTF9BTUUlMjBJbmZyYSUyMENBJTIwMDYuY3J0MB0GA1UdDgQWBBS8HoebCKQVIYtc1_REbe-XAGi3HjAOBgNVHQ8BAf8EBAMCBaAwggEmBgNVHR8EggEdMIIBGTCCARWgggERoIIBDYY_aHR0cDovL2NybC5taWNyb3NvZnQuY29tL3BraWluZnJhL0NSTC9BTUUlMjBJbmZyYSUyMENBJTIwMDYuY3JshjFodHRwOi8vY3JsMS5hbWUuZ2JsL2NybC9BTUUlMjBJbmZyYSUyMENBJTIwMDYuY3JshjFodHRwOi8vY3JsMi5hbWUuZ2JsL2NybC9BTUUlMjBJbmZyYSUyMENBJTIwMDYuY3JshjFodHRwOi8vY3JsMy5hbWUuZ2JsL2NybC9BTUUlMjBJbmZyYSUyMENBJTIwMDYuY3JshjFodHRwOi8vY3JsNC5hbWUuZ2JsL2NybC9BTUUlMjBJbmZyYSUyMENBJTIwMDYuY3JsMBcGA1UdIAQQMA4wDAYKKwYBBAGCN3sBATAfBgNVHSMEGDAWgBTxRmjG8cPwKy19i2rhsvm-NfzRQTAdBgNVHSUEFjAUBggrBgEFBQcDAQYIKwYBBQUHAwIwDQYJKoZIhvcNAQELBQADggEBAB6b3-2IDHqiKHidm1sv2adgnlW7o5teHg5_6JuYXETz89EHAOvxAis3i3YzHc79kO_nmk5RcVHDydZ-zI8JDlC8n3v75Zt4KNDYid-qMTOeyQogLcB2Cq3iRGRTjaG_abh0F1ifWL0QBhzujNxastu--5-ozxOHa7CTiseyWTxaCRv103DUxZ7-lNrBKHFJRQV_X5G_oVNKU2WvTmSTWNzCXpyLhKdoBAyf_4QsisR7IFsL1aNWE8fHvLUv96vSpwRelX1cVuab3bBG_qJTzD1TMk8V37gxq4OTAHXZOmheCepyVhUEawvCvCTaFwQf5kHPZFdLhd7qh8jEr2C06sM&s=tYVDda7uUgBPe2gccxNlFXrHgh2VFsMWJY7AUuBKIS7xOsB5tGpj4ikcpQvBQyhQbnAxQSg7OtXzYW6iQeE3eZTIv8L2VbkLymuSjCp7VHTHvK1XeaeegeR5C0T7al0qIDualV-1C7YUHzv_YhCbw36mAm9X7TZCtfNrBtjxj9W_YzvCCPjIMOl7U9ZSQJ5UgrVXnNEno9Dz49ZMdmDrFMxNS_rEu1vdDXXgo7TVZul-Lmp5EmDwoxGgRYYWaOrDWr4pNzNGNbNI0I4_SQrNuSJ7CzaHOAHC3QLBTbXViiwnsABlJ4lJhhrRCKQ61U8VYQ0Nv4TekQ5tS1OsaCDs2A&h=WOafo8VJ8urNDTLKebz2w-WidOJOiVfPpeuYAofWrkw
  response:
    body:
      string: "{\r\n  \"startTime\": \"2023-10-25T02:48:37.5396228+00:00\",\r\n  \"\
        status\": \"InProgress\",\r\n  \"name\": \"49b80811-deb3-4d6d-bad5-844be7bb09ac\"\
        \r\n}"
    headers:
      cache-control:
      - no-cache
      content-length:
      - '134'
      content-type:
      - application/json; charset=utf-8
      date:
      - Wed, 25 Oct 2023 02:48:39 GMT
      expires:
      - '-1'
      pragma:
      - no-cache
      server:
      - Microsoft-HTTPAPI/2.0
      - Microsoft-HTTPAPI/2.0
      strict-transport-security:
      - max-age=31536000; includeSubDomains
      transfer-encoding:
      - chunked
      vary:
      - Accept-Encoding
      x-content-type-options:
      - nosniff
      x-ms-ratelimit-remaining-resource:
      - Microsoft.Compute/GetOperationResource;59,Microsoft.Compute/GetOperationSubscriptionMaximum;14984
    status:
      code: 200
      message: OK
- request:
    body: null
    headers:
      Accept:
      - '*/*'
      Accept-Encoding:
      - gzip, deflate
      CommandName:
      - vm unmanaged-disk attach
      Connection:
      - keep-alive
      ParameterSetName:
      - -g --vm-name -n --vhd --caching
      User-Agent:
      - AZURECLI/2.53.0 azsdk-python-azure-mgmt-compute/30.2.0 Python/3.10.9 (Windows-10-10.0.22621-SP0)
    method: GET
    uri: https://management.azure.com/subscriptions/00000000-0000-0000-0000-000000000000/providers/Microsoft.Compute/locations/westus/operations/49b80811-deb3-4d6d-bad5-844be7bb09ac?p=571046f6-b640-41c1-86f7-f9f044b5adf9&api-version=2022-11-01&t=638337989190683996&c=MIIHADCCBeigAwIBAgITHgMiVmbNs9bo9g1GbQAAAyJWZjANBgkqhkiG9w0BAQsFADBEMRMwEQYKCZImiZPyLGQBGRYDR0JMMRMwEQYKCZImiZPyLGQBGRYDQU1FMRgwFgYDVQQDEw9BTUUgSW5mcmEgQ0EgMDYwHhcNMjMwODAyMTgwNDI4WhcNMjQwNzI3MTgwNDI4WjBAMT4wPAYDVQQDEzVhc3luY29wZXJhdGlvbnNpZ25pbmdjZXJ0aWZpY2F0ZS5tYW5hZ2VtZW50LmF6dXJlLmNvbTCCASIwDQYJKoZIhvcNAQEBBQADggEPADCCAQoCggEBAMIcvxD_0PMhdmLk48iFdsDWY8xHwqf15PiuUxm56-DgFD_DTCio04a553Ilp6PhEzp-BqQUXZ8lOvewwSndfEiD0zKouzAK7ygeNzS10EFTSWbnBDNo4QPM7FM4bFhDUNl-AU1M7DrJCQPA8UGawTxFUgABTHaRYxMKeEyJ2IzdSmH0TjTgxv5pQDBP-QEJ-Rpdso9m_Yu2YfFRTCBiBNtQ4g-sojuHpOc3ULsGhK35Ua1gXYl44t0qnX1y-DiMbk0PPQ8_gop4DdSYd0NTBv-xBnqlom2ceJG8oCE4GCEXT3L6yOC3TvKvZ-7-r2cOWqPAolMtfZ4kIa7fp3zX-QUCAwEAAaOCA-0wggPpMCcGCSsGAQQBgjcVCgQaMBgwCgYIKwYBBQUHAwEwCgYIKwYBBQUHAwIwPQYJKwYBBAGCNxUHBDAwLgYmKwYBBAGCNxUIhpDjDYTVtHiE8Ys-hZvdFs6dEoFggvX2K4Py0SACAWQCAQowggHLBggrBgEFBQcBAQSCAb0wggG5MGMGCCsGAQUFBzAChldodHRwOi8vY3JsLm1pY3Jvc29mdC5jb20vcGtpaW5mcmEvQ2VydHMvQkwyUEtJSU5UQ0EwMi5BTUUuR0JMX0FNRSUyMEluZnJhJTIwQ0ElMjAwNi5jcnQwUwYIKwYBBQUHMAKGR2h0dHA6Ly9jcmwxLmFtZS5nYmwvYWlhL0JMMlBLSUlOVENBMDIuQU1FLkdCTF9BTUUlMjBJbmZyYSUyMENBJTIwMDYuY3J0MFMGCCsGAQUFBzAChkdodHRwOi8vY3JsMi5hbWUuZ2JsL2FpYS9CTDJQS0lJTlRDQTAyLkFNRS5HQkxfQU1FJTIwSW5mcmElMjBDQSUyMDA2LmNydDBTBggrBgEFBQcwAoZHaHR0cDovL2NybDMuYW1lLmdibC9haWEvQkwyUEtJSU5UQ0EwMi5BTUUuR0JMX0FNRSUyMEluZnJhJTIwQ0ElMjAwNi5jcnQwUwYIKwYBBQUHMAKGR2h0dHA6Ly9jcmw0LmFtZS5nYmwvYWlhL0JMMlBLSUlOVENBMDIuQU1FLkdCTF9BTUUlMjBJbmZyYSUyMENBJTIwMDYuY3J0MB0GA1UdDgQWBBS8HoebCKQVIYtc1_REbe-XAGi3HjAOBgNVHQ8BAf8EBAMCBaAwggEmBgNVHR8EggEdMIIBGTCCARWgggERoIIBDYY_aHR0cDovL2NybC5taWNyb3NvZnQuY29tL3BraWluZnJhL0NSTC9BTUUlMjBJbmZyYSUyMENBJTIwMDYuY3JshjFodHRwOi8vY3JsMS5hbWUuZ2JsL2NybC9BTUUlMjBJbmZyYSUyMENBJTIwMDYuY3JshjFodHRwOi8vY3JsMi5hbWUuZ2JsL2NybC9BTUUlMjBJbmZyYSUyMENBJTIwMDYuY3JshjFodHRwOi8vY3JsMy5hbWUuZ2JsL2NybC9BTUUlMjBJbmZyYSUyMENBJTIwMDYuY3JshjFodHRwOi8vY3JsNC5hbWUuZ2JsL2NybC9BTUUlMjBJbmZyYSUyMENBJTIwMDYuY3JsMBcGA1UdIAQQMA4wDAYKKwYBBAGCN3sBATAfBgNVHSMEGDAWgBTxRmjG8cPwKy19i2rhsvm-NfzRQTAdBgNVHSUEFjAUBggrBgEFBQcDAQYIKwYBBQUHAwIwDQYJKoZIhvcNAQELBQADggEBAB6b3-2IDHqiKHidm1sv2adgnlW7o5teHg5_6JuYXETz89EHAOvxAis3i3YzHc79kO_nmk5RcVHDydZ-zI8JDlC8n3v75Zt4KNDYid-qMTOeyQogLcB2Cq3iRGRTjaG_abh0F1ifWL0QBhzujNxastu--5-ozxOHa7CTiseyWTxaCRv103DUxZ7-lNrBKHFJRQV_X5G_oVNKU2WvTmSTWNzCXpyLhKdoBAyf_4QsisR7IFsL1aNWE8fHvLUv96vSpwRelX1cVuab3bBG_qJTzD1TMk8V37gxq4OTAHXZOmheCepyVhUEawvCvCTaFwQf5kHPZFdLhd7qh8jEr2C06sM&s=tYVDda7uUgBPe2gccxNlFXrHgh2VFsMWJY7AUuBKIS7xOsB5tGpj4ikcpQvBQyhQbnAxQSg7OtXzYW6iQeE3eZTIv8L2VbkLymuSjCp7VHTHvK1XeaeegeR5C0T7al0qIDualV-1C7YUHzv_YhCbw36mAm9X7TZCtfNrBtjxj9W_YzvCCPjIMOl7U9ZSQJ5UgrVXnNEno9Dz49ZMdmDrFMxNS_rEu1vdDXXgo7TVZul-Lmp5EmDwoxGgRYYWaOrDWr4pNzNGNbNI0I4_SQrNuSJ7CzaHOAHC3QLBTbXViiwnsABlJ4lJhhrRCKQ61U8VYQ0Nv4TekQ5tS1OsaCDs2A&h=WOafo8VJ8urNDTLKebz2w-WidOJOiVfPpeuYAofWrkw
  response:
    body:
      string: "{\r\n  \"startTime\": \"2023-10-25T02:48:37.5396228+00:00\",\r\n  \"\
        endTime\": \"2023-10-25T02:48:43.180291+00:00\",\r\n  \"status\": \"Succeeded\"\
        ,\r\n  \"name\": \"49b80811-deb3-4d6d-bad5-844be7bb09ac\"\r\n}"
    headers:
      cache-control:
      - no-cache
      content-length:
      - '183'
      content-type:
      - application/json; charset=utf-8
      date:
      - Wed, 25 Oct 2023 02:49:09 GMT
      expires:
      - '-1'
      pragma:
      - no-cache
      server:
      - Microsoft-HTTPAPI/2.0
      - Microsoft-HTTPAPI/2.0
      strict-transport-security:
      - max-age=31536000; includeSubDomains
      transfer-encoding:
      - chunked
      vary:
      - Accept-Encoding
      x-content-type-options:
      - nosniff
      x-ms-ratelimit-remaining-resource:
      - Microsoft.Compute/GetOperationResource;57,Microsoft.Compute/GetOperationSubscriptionMaximum;14997
    status:
      code: 200
      message: OK
- request:
    body: null
    headers:
      Accept:
      - '*/*'
      Accept-Encoding:
      - gzip, deflate
      CommandName:
      - vm unmanaged-disk attach
      Connection:
      - keep-alive
      ParameterSetName:
      - -g --vm-name -n --vhd --caching
      User-Agent:
      - AZURECLI/2.53.0 azsdk-python-azure-mgmt-compute/30.2.0 Python/3.10.9 (Windows-10-10.0.22621-SP0)
    method: GET
    uri: https://management.azure.com/subscriptions/00000000-0000-0000-0000-000000000000/resourceGroups/cli-test-disk-debian000001/providers/Microsoft.Compute/virtualMachines/vm-datadisk-test?api-version=2022-11-01
  response:
    body:
      string: "{\r\n  \"name\": \"vm-datadisk-test\",\r\n  \"id\": \"/subscriptions/00000000-0000-0000-0000-000000000000/resourceGroups/cli-test-disk-debian000001/providers/Microsoft.Compute/virtualMachines/vm-datadisk-test\"\
        ,\r\n  \"type\": \"Microsoft.Compute/virtualMachines\",\r\n  \"location\"\
        : \"westus\",\r\n  \"tags\": {},\r\n  \"properties\": {\r\n    \"hardwareProfile\"\
        : {\r\n      \"vmSize\": \"Standard_DS1_v2\"\r\n    },\r\n    \"provisioningState\"\
        : \"Succeeded\",\r\n    \"vmId\": \"2bde606b-13c1-4faf-8094-0cb1b209e3c9\"\
        ,\r\n    \"storageProfile\": {\r\n      \"imageReference\": {\r\n        \"\
        publisher\": \"Debian\",\r\n        \"offer\": \"debian-10\",\r\n        \"\
        sku\": \"10\",\r\n        \"version\": \"latest\",\r\n        \"exactVersion\"\
        : \"0.20230802.1460\"\r\n      },\r\n      \"osDisk\": {\r\n        \"osType\"\
        : \"Linux\",\r\n        \"name\": \"osdisk_bc2b1e04fd\",\r\n        \"createOption\"\
        : \"FromImage\",\r\n        \"vhd\": {\r\n          \"uri\": \"https://vhdstoragebc2b1e04fd481e.blob.core.windows.net/vhds/osdisk_bc2b1e04fd.vhd\"\
        \r\n        },\r\n        \"caching\": \"ReadWrite\",\r\n        \"deleteOption\"\
        : \"Detach\",\r\n        \"diskSizeGB\": 30\r\n      },\r\n      \"dataDisks\"\
        : [\r\n        {\r\n          \"lun\": 0,\r\n          \"name\": \"d7\",\r\
        \n          \"createOption\": \"Attach\",\r\n          \"vhd\": {\r\n    \
        \        \"uri\": \"https://vhdstoragebc2b1e04fd481e.blob.core.windows.net/vhds/d7.vhd\"\
        \r\n          },\r\n          \"caching\": \"ReadOnly\",\r\n          \"deleteOption\"\
        : \"Detach\",\r\n          \"diskSizeGB\": 8,\r\n          \"toBeDetached\"\
        : false\r\n        }\r\n      ]\r\n    },\r\n    \"osProfile\": {\r\n    \
        \  \"computerName\": \"vm-datadisk-test\",\r\n      \"adminUsername\": \"\
        debian\",\r\n      \"linuxConfiguration\": {\r\n        \"disablePasswordAuthentication\"\
        : false,\r\n        \"provisionVMAgent\": true,\r\n        \"patchSettings\"\
        : {\r\n          \"patchMode\": \"ImageDefault\",\r\n          \"assessmentMode\"\
        : \"ImageDefault\"\r\n        },\r\n        \"enableVMAgentPlatformUpdates\"\
        : false\r\n      },\r\n      \"secrets\": [],\r\n      \"allowExtensionOperations\"\
        : true,\r\n      \"requireGuestProvisionSignal\": true\r\n    },\r\n    \"\
        networkProfile\": {\"networkInterfaces\":[{\"id\":\"/subscriptions/00000000-0000-0000-0000-000000000000/resourceGroups/cli-test-disk-debian000001/providers/Microsoft.Network/networkInterfaces/vm-datadisk-testVMNic\"\
        }]},\r\n    \"timeCreated\": \"2023-10-25T02:46:42.773069+00:00\"\r\n  }\r\
        \n}"
    headers:
      cache-control:
      - no-cache
      content-length:
      - '2234'
      content-type:
      - application/json; charset=utf-8
      date:
      - Wed, 25 Oct 2023 02:49:09 GMT
      expires:
      - '-1'
      pragma:
      - no-cache
      server:
      - Microsoft-HTTPAPI/2.0
      - Microsoft-HTTPAPI/2.0
      strict-transport-security:
      - max-age=31536000; includeSubDomains
      transfer-encoding:
      - chunked
      vary:
      - Accept-Encoding
      x-content-type-options:
      - nosniff
      x-ms-ratelimit-remaining-resource:
      - Microsoft.Compute/LowCostGetSubscriptionMaximum;23998,Microsoft.Compute/LowCostGetResource;27
    status:
      code: 200
      message: OK
version: 1
