interactions:
- request:
    body: null
    headers:
      Accept:
      - application/json
      Accept-Encoding:
      - gzip, deflate
      CommandName:
      - vmss create
      Connection:
      - keep-alive
      ParameterSetName:
      - -g -n --image --authentication-type --admin-username --admin-password --instance-count
      User-Agent:
      - python/3.7.8 (Windows-10-10.0.19041-SP0) msrest/0.6.18 msrest_azure/0.6.3
        azure-mgmt-resource/10.2.0 Azure-SDK-For-Python AZURECLI/2.15.1
      accept-language:
      - en-US
    method: GET
    uri: https://management.azure.com/subscriptions/00000000-0000-0000-0000-000000000000/resourcegroups/cli_test_vmss_vms000001?api-version=2020-06-01
  response:
    body:
      string: '{"id":"/subscriptions/00000000-0000-0000-0000-000000000000/resourceGroups/cli_test_vmss_vms000001","name":"cli_test_vmss_vms000001","type":"Microsoft.Resources/resourceGroups","location":"westus","tags":{"product":"azurecli","cause":"automation","date":"2020-12-02T11:07:20Z"},"properties":{"provisioningState":"Succeeded"}}'
    headers:
      cache-control:
      - no-cache
      content-length:
      - '428'
      content-type:
      - application/json; charset=utf-8
      date:
      - Wed, 02 Dec 2020 11:07:23 GMT
      expires:
      - '-1'
      pragma:
      - no-cache
      strict-transport-security:
      - max-age=31536000; includeSubDomains
      vary:
      - Accept-Encoding
      x-content-type-options:
      - nosniff
    status:
      code: 200
      message: OK
- request:
    body: null
    headers:
      Accept:
      - '*/*'
      Accept-Encoding:
      - gzip, deflate
      Connection:
      - keep-alive
      User-Agent:
      - python-requests/2.22.0
    method: GET
    uri: https://raw.githubusercontent.com/Azure/azure-rest-api-specs/master/arm-compute/quickstart-templates/aliases.json
  response:
    body:
      string: "{\n  \"$schema\": \"http://schema.management.azure.com/schemas/2015-01-01/deploymentTemplate.json\",\n
        \ \"contentVersion\": \"1.0.0.0\",\n  \"parameters\": {},\n  \"variables\":
        {},\n  \"resources\": [],\n  \"outputs\": {\n    \"aliases\": {\n      \"type\":
        \"object\",\n      \"value\": {\n        \"Linux\": {\n          \"CentOS\":
        {\n            \"publisher\": \"OpenLogic\",\n            \"offer\": \"CentOS\",\n
        \           \"sku\": \"7.5\",\n            \"version\": \"latest\"\n          },\n
        \         \"CoreOS\": {\n            \"publisher\": \"CoreOS\",\n            \"offer\":
        \"CoreOS\",\n            \"sku\": \"Stable\",\n            \"version\": \"latest\"\n
        \         },\n          \"Debian\": {\n            \"publisher\": \"Debian\",\n
        \           \"offer\": \"debian-10\",\n            \"sku\": \"10\",\n            \"version\":
        \"latest\"\n          },\n          \"openSUSE-Leap\": {\n            \"publisher\":
        \"SUSE\",\n            \"offer\": \"openSUSE-Leap\",\n            \"sku\":
        \"42.3\",\n            \"version\": \"latest\"\n          },\n          \"RHEL\":
        {\n            \"publisher\": \"RedHat\",\n            \"offer\": \"RHEL\",\n
        \           \"sku\": \"7-LVM\",\n            \"version\": \"latest\"\n          },\n
        \         \"SLES\": {\n            \"publisher\": \"SUSE\",\n            \"offer\":
        \"SLES\",\n            \"sku\": \"15\",\n            \"version\": \"latest\"\n
        \         },\n          \"UbuntuLTS\": {\n            \"publisher\": \"Canonical\",\n
        \           \"offer\": \"UbuntuServer\",\n            \"sku\": \"18.04-LTS\",\n
        \           \"version\": \"latest\"\n          }\n        },\n        \"Windows\":
        {\n          \"Win2019Datacenter\": {\n            \"publisher\": \"MicrosoftWindowsServer\",\n
        \           \"offer\": \"WindowsServer\",\n            \"sku\": \"2019-Datacenter\",\n
        \           \"version\": \"latest\"\n          },\n          \"Win2016Datacenter\":
        {\n            \"publisher\": \"MicrosoftWindowsServer\",\n            \"offer\":
        \"WindowsServer\",\n            \"sku\": \"2016-Datacenter\",\n            \"version\":
        \"latest\"\n          },\n          \"Win2012R2Datacenter\": {\n            \"publisher\":
        \"MicrosoftWindowsServer\",\n            \"offer\": \"WindowsServer\",\n            \"sku\":
        \"2012-R2-Datacenter\",\n            \"version\": \"latest\"\n          },\n
        \         \"Win2012Datacenter\": {\n            \"publisher\": \"MicrosoftWindowsServer\",\n
        \           \"offer\": \"WindowsServer\",\n            \"sku\": \"2012-Datacenter\",\n
        \           \"version\": \"latest\"\n          },\n          \"Win2008R2SP1\":
        {\n            \"publisher\": \"MicrosoftWindowsServer\",\n            \"offer\":
        \"WindowsServer\",\n            \"sku\": \"2008-R2-SP1\",\n            \"version\":
        \"latest\"\n          }\n        }\n      }\n    }\n  }\n}\n"
    headers:
      accept-ranges:
      - bytes
      access-control-allow-origin:
      - '*'
      cache-control:
      - max-age=300
      connection:
      - keep-alive
      content-length:
      - '2501'
      content-security-policy:
      - default-src 'none'; style-src 'unsafe-inline'; sandbox
      content-type:
      - text/plain; charset=utf-8
      date:
      - Wed, 02 Dec 2020 11:07:24 GMT
      etag:
      - W/"540044b4084c3c314537f1baa1770f248628b2bc9ba0328f1004c33862e049da"
      expires:
      - Wed, 02 Dec 2020 11:12:24 GMT
      source-age:
      - '0'
      strict-transport-security:
      - max-age=31536000
      vary:
      - Authorization,Accept-Encoding
      via:
      - 1.1 varnish (Varnish/6.0), 1.1 varnish
      x-cache:
      - HIT, HIT
      x-cache-hits:
      - 1, 1
      x-content-type-options:
      - nosniff
      x-fastly-request-id:
      - f1195aa912f63ad6d221eb4d9bf08d8485d47656
      x-frame-options:
      - deny
      x-github-request-id:
      - 8EDA:85F3:200DBF:258CCB:5FC772C8
      x-served-by:
      - cache-sin18022-SIN
      x-timer:
      - S1606907245.511543,VS0,VE407
      x-xss-protection:
      - 1; mode=block
    status:
      code: 200
      message: OK
- request:
    body: null
    headers:
      Accept:
      - application/json
      Accept-Encoding:
      - gzip, deflate
      CommandName:
      - vmss create
      Connection:
      - keep-alive
      ParameterSetName:
      - -g -n --image --authentication-type --admin-username --admin-password --instance-count
      User-Agent:
      - python/3.7.8 (Windows-10-10.0.19041-SP0) msrest/0.6.18 msrest_azure/0.6.3
        azure-mgmt-network/13.0.0 Azure-SDK-For-Python AZURECLI/2.15.1
      accept-language:
      - en-US
    method: GET
    uri: https://management.azure.com/subscriptions/00000000-0000-0000-0000-000000000000/resourceGroups/cli_test_vmss_vms000001/providers/Microsoft.Network/virtualNetworks?api-version=2018-01-01
  response:
    body:
      string: '{"value":[]}'
    headers:
      cache-control:
      - no-cache
      content-length:
      - '12'
      content-type:
      - application/json; charset=utf-8
      date:
      - Wed, 02 Dec 2020 11:07:25 GMT
      expires:
      - '-1'
      pragma:
      - no-cache
      strict-transport-security:
      - max-age=31536000; includeSubDomains
      vary:
      - Accept-Encoding
      x-content-type-options:
      - nosniff
    status:
      code: 200
      message: OK
- request:
    body: '{"properties": {"template": {"$schema": "https://schema.management.azure.com/schemas/2015-01-01/deploymentTemplate.json#",
      "contentVersion": "1.0.0.0", "parameters": {"adminPassword": {"type": "securestring",
      "metadata": {"description": "Secure adminPassword"}}}, "variables": {}, "resources":
      [{"name": "vmss1VNET", "type": "Microsoft.Network/virtualNetworks", "location":
      "westus", "apiVersion": "2015-06-15", "dependsOn": [], "tags": {}, "properties":
      {"addressSpace": {"addressPrefixes": ["10.0.0.0/16"]}, "subnets": [{"name":
      "vmss1Subnet", "properties": {"addressPrefix": "10.0.0.0/24"}}]}}, {"apiVersion":
      "2018-01-01", "type": "Microsoft.Network/publicIPAddresses", "name": "vmss1LBPublicIP",
      "location": "westus", "tags": {}, "dependsOn": [], "properties": {"publicIPAllocationMethod":
      "Dynamic"}}, {"type": "Microsoft.Network/loadBalancers", "name": "vmss1LB",
      "location": "westus", "tags": {}, "apiVersion": "2018-01-01", "dependsOn": ["Microsoft.Network/virtualNetworks/vmss1VNET",
      "Microsoft.Network/publicIpAddresses/vmss1LBPublicIP"], "properties": {"backendAddressPools":
      [{"name": "vmss1LBBEPool"}], "inboundNatPools": [{"name": "vmss1LBNatPool",
      "properties": {"frontendIPConfiguration": {"id": "[concat(resourceId(''Microsoft.Network/loadBalancers'',
      ''vmss1LB''), ''/frontendIPConfigurations/'', ''loadBalancerFrontEnd'')]"},
      "protocol": "tcp", "frontendPortRangeStart": "50000", "frontendPortRangeEnd":
      "50119", "backendPort": 22}}], "frontendIPConfigurations": [{"name": "loadBalancerFrontEnd",
      "properties": {"publicIPAddress": {"id": "/subscriptions/00000000-0000-0000-0000-000000000000/resourceGroups/cli_test_vmss_vms000001/providers/Microsoft.Network/publicIPAddresses/vmss1LBPublicIP"}}}]}},
      {"type": "Microsoft.Compute/virtualMachineScaleSets", "name": "vmss1", "location":
      "westus", "tags": {}, "apiVersion": "2020-06-01", "dependsOn": ["Microsoft.Network/virtualNetworks/vmss1VNET",
      "Microsoft.Network/loadBalancers/vmss1LB"], "sku": {"name": "Standard_DS1_v2",
      "capacity": 2}, "properties": {"overprovision": true, "upgradePolicy": {"mode":
      "manual"}, "virtualMachineProfile": {"storageProfile": {"osDisk": {"createOption":
      "FromImage", "caching": "ReadWrite", "managedDisk": {"storageAccountType": null}},
      "imageReference": {"publisher": "Canonical", "offer": "UbuntuServer", "sku":
      "18.04-LTS", "version": "latest"}}, "networkProfile": {"networkInterfaceConfigurations":
      [{"name": "vmss180b8Nic", "properties": {"primary": "true", "ipConfigurations":
      [{"name": "vmss180b8IPConfig", "properties": {"subnet": {"id": "/subscriptions/00000000-0000-0000-0000-000000000000/resourceGroups/cli_test_vmss_vms000001/providers/Microsoft.Network/virtualNetworks/vmss1VNET/subnets/vmss1Subnet"},
      "loadBalancerBackendAddressPools": [{"id": "/subscriptions/00000000-0000-0000-0000-000000000000/resourceGroups/cli_test_vmss_vms000001/providers/Microsoft.Network/loadBalancers/vmss1LB/backendAddressPools/vmss1LBBEPool"}],
      "loadBalancerInboundNatPools": [{"id": "/subscriptions/00000000-0000-0000-0000-000000000000/resourceGroups/cli_test_vmss_vms000001/providers/Microsoft.Network/loadBalancers/vmss1LB/inboundNatPools/vmss1LBNatPool"}]}}]}}]},
      "osProfile": {"computerNamePrefix": "vmss180b8", "adminUsername": "admin123",
      "adminPassword": "[parameters(''adminPassword'')]"}}, "singlePlacementGroup":
      null}}], "outputs": {"VMSS": {"type": "object", "value": "[reference(resourceId(''Microsoft.Compute/virtualMachineScaleSets'',
      ''vmss1''),providers(''Microsoft.Compute'', ''virtualMachineScaleSets'').apiVersions[0])]"}}},
      "parameters": {"adminPassword": {"value": "TestTest12#$"}}, "mode": "Incremental"}}'
    headers:
      Accept:
      - application/json
      Accept-Encoding:
      - gzip, deflate
      CommandName:
      - vmss create
      Connection:
      - keep-alive
      Content-Length:
      - '3814'
      Content-Type:
      - application/json; charset=utf-8
      ParameterSetName:
      - -g -n --image --authentication-type --admin-username --admin-password --instance-count
      User-Agent:
      - python/3.7.8 (Windows-10-10.0.19041-SP0) msrest/0.6.18 msrest_azure/0.6.3
        azure-mgmt-resource/10.2.0 Azure-SDK-For-Python AZURECLI/2.15.1
      accept-language:
      - en-US
    method: PUT
    uri: https://management.azure.com/subscriptions/00000000-0000-0000-0000-000000000000/resourcegroups/cli_test_vmss_vms000001/providers/Microsoft.Resources/deployments/mock-deployment?api-version=2020-06-01
  response:
    body:
      string: '{"id":"/subscriptions/00000000-0000-0000-0000-000000000000/resourceGroups/cli_test_vmss_vms000001/providers/Microsoft.Resources/deployments/vmss_deploy_63ppTyQ4q78hJPiyNFoakjPDwby8Dgii","name":"vmss_deploy_63ppTyQ4q78hJPiyNFoakjPDwby8Dgii","type":"Microsoft.Resources/deployments","properties":{"templateHash":"203526860187169500","parameters":{"adminPassword":{"type":"SecureString"}},"mode":"Incremental","provisioningState":"Accepted","timestamp":"2020-12-02T11:07:30.3621938Z","duration":"PT2.5092149S","correlationId":"e7b3a076-45f2-48f2-a8b0-3cc101f284b8","providers":[{"namespace":"Microsoft.Network","resourceTypes":[{"resourceType":"virtualNetworks","locations":["westus"]},{"resourceType":"publicIPAddresses","locations":["westus"]},{"resourceType":"loadBalancers","locations":["westus"]}]},{"namespace":"Microsoft.Compute","resourceTypes":[{"resourceType":"virtualMachineScaleSets","locations":["westus"]}]}],"dependencies":[{"dependsOn":[{"id":"/subscriptions/00000000-0000-0000-0000-000000000000/resourceGroups/cli_test_vmss_vms000001/providers/Microsoft.Network/virtualNetworks/vmss1VNET","resourceType":"Microsoft.Network/virtualNetworks","resourceName":"vmss1VNET"},{"id":"/subscriptions/00000000-0000-0000-0000-000000000000/resourceGroups/cli_test_vmss_vms000001/providers/Microsoft.Network/publicIPAddresses/vmss1LBPublicIP","resourceType":"Microsoft.Network/publicIPAddresses","resourceName":"vmss1LBPublicIP"}],"id":"/subscriptions/00000000-0000-0000-0000-000000000000/resourceGroups/cli_test_vmss_vms000001/providers/Microsoft.Network/loadBalancers/vmss1LB","resourceType":"Microsoft.Network/loadBalancers","resourceName":"vmss1LB"},{"dependsOn":[{"id":"/subscriptions/00000000-0000-0000-0000-000000000000/resourceGroups/cli_test_vmss_vms000001/providers/Microsoft.Network/virtualNetworks/vmss1VNET","resourceType":"Microsoft.Network/virtualNetworks","resourceName":"vmss1VNET"},{"id":"/subscriptions/00000000-0000-0000-0000-000000000000/resourceGroups/cli_test_vmss_vms000001/providers/Microsoft.Network/loadBalancers/vmss1LB","resourceType":"Microsoft.Network/loadBalancers","resourceName":"vmss1LB"}],"id":"/subscriptions/00000000-0000-0000-0000-000000000000/resourceGroups/cli_test_vmss_vms000001/providers/Microsoft.Compute/virtualMachineScaleSets/vmss1","resourceType":"Microsoft.Compute/virtualMachineScaleSets","resourceName":"vmss1"}]}}'
    headers:
      azure-asyncoperation:
      - https://management.azure.com/subscriptions/00000000-0000-0000-0000-000000000000/resourcegroups/cli_test_vmss_vms000001/providers/Microsoft.Resources/deployments/vmss_deploy_63ppTyQ4q78hJPiyNFoakjPDwby8Dgii/operationStatuses/08585946996376246452?api-version=2020-06-01
      cache-control:
      - no-cache
      content-length:
      - '2730'
      content-type:
      - application/json; charset=utf-8
      date:
      - Wed, 02 Dec 2020 11:07:32 GMT
      expires:
      - '-1'
      pragma:
      - no-cache
      strict-transport-security:
      - max-age=31536000; includeSubDomains
      x-content-type-options:
      - nosniff
      x-ms-ratelimit-remaining-subscription-writes:
      - '1186'
    status:
      code: 201
      message: Created
- request:
    body: null
    headers:
      Accept:
      - application/json
      Accept-Encoding:
      - gzip, deflate
      CommandName:
      - vmss create
      Connection:
      - keep-alive
      ParameterSetName:
      - -g -n --image --authentication-type --admin-username --admin-password --instance-count
      User-Agent:
      - python/3.7.8 (Windows-10-10.0.19041-SP0) msrest/0.6.18 msrest_azure/0.6.3
        azure-mgmt-resource/10.2.0 Azure-SDK-For-Python AZURECLI/2.15.1
    method: GET
    uri: https://management.azure.com/subscriptions/00000000-0000-0000-0000-000000000000/resourcegroups/cli_test_vmss_vms000001/providers/Microsoft.Resources/deployments/mock-deployment/operationStatuses/08585946996376246452?api-version=2020-06-01
  response:
    body:
      string: '{"status":"Running"}'
    headers:
      cache-control:
      - no-cache
      content-length:
      - '20'
      content-type:
      - application/json; charset=utf-8
      date:
      - Wed, 02 Dec 2020 11:08:03 GMT
      expires:
      - '-1'
      pragma:
      - no-cache
      strict-transport-security:
      - max-age=31536000; includeSubDomains
      vary:
      - Accept-Encoding
      x-content-type-options:
      - nosniff
    status:
      code: 200
      message: OK
- request:
    body: null
    headers:
      Accept:
      - application/json
      Accept-Encoding:
      - gzip, deflate
      CommandName:
      - vmss create
      Connection:
      - keep-alive
      ParameterSetName:
      - -g -n --image --authentication-type --admin-username --admin-password --instance-count
      User-Agent:
      - python/3.7.8 (Windows-10-10.0.19041-SP0) msrest/0.6.18 msrest_azure/0.6.3
        azure-mgmt-resource/10.2.0 Azure-SDK-For-Python AZURECLI/2.15.1
    method: GET
    uri: https://management.azure.com/subscriptions/00000000-0000-0000-0000-000000000000/resourcegroups/cli_test_vmss_vms000001/providers/Microsoft.Resources/deployments/mock-deployment/operationStatuses/08585946996376246452?api-version=2020-06-01
  response:
    body:
      string: '{"status":"Running"}'
    headers:
      cache-control:
      - no-cache
      content-length:
      - '20'
      content-type:
      - application/json; charset=utf-8
      date:
      - Wed, 02 Dec 2020 11:08:34 GMT
      expires:
      - '-1'
      pragma:
      - no-cache
      strict-transport-security:
      - max-age=31536000; includeSubDomains
      vary:
      - Accept-Encoding
      x-content-type-options:
      - nosniff
    status:
      code: 200
      message: OK
- request:
    body: null
    headers:
      Accept:
      - application/json
      Accept-Encoding:
      - gzip, deflate
      CommandName:
      - vmss create
      Connection:
      - keep-alive
      ParameterSetName:
      - -g -n --image --authentication-type --admin-username --admin-password --instance-count
      User-Agent:
      - python/3.7.8 (Windows-10-10.0.19041-SP0) msrest/0.6.18 msrest_azure/0.6.3
        azure-mgmt-resource/10.2.0 Azure-SDK-For-Python AZURECLI/2.15.1
    method: GET
    uri: https://management.azure.com/subscriptions/00000000-0000-0000-0000-000000000000/resourcegroups/cli_test_vmss_vms000001/providers/Microsoft.Resources/deployments/mock-deployment/operationStatuses/08585946996376246452?api-version=2020-06-01
  response:
    body:
      string: '{"status":"Running"}'
    headers:
      cache-control:
      - no-cache
      content-length:
      - '20'
      content-type:
      - application/json; charset=utf-8
      date:
      - Wed, 02 Dec 2020 11:09:05 GMT
      expires:
      - '-1'
      pragma:
      - no-cache
      strict-transport-security:
      - max-age=31536000; includeSubDomains
      vary:
      - Accept-Encoding
      x-content-type-options:
      - nosniff
    status:
      code: 200
      message: OK
- request:
    body: null
    headers:
      Accept:
      - application/json
      Accept-Encoding:
      - gzip, deflate
      CommandName:
      - vmss create
      Connection:
      - keep-alive
      ParameterSetName:
      - -g -n --image --authentication-type --admin-username --admin-password --instance-count
      User-Agent:
      - python/3.7.8 (Windows-10-10.0.19041-SP0) msrest/0.6.18 msrest_azure/0.6.3
        azure-mgmt-resource/10.2.0 Azure-SDK-For-Python AZURECLI/2.15.1
    method: GET
    uri: https://management.azure.com/subscriptions/00000000-0000-0000-0000-000000000000/resourcegroups/cli_test_vmss_vms000001/providers/Microsoft.Resources/deployments/mock-deployment/operationStatuses/08585946996376246452?api-version=2020-06-01
  response:
    body:
      string: '{"status":"Running"}'
    headers:
      cache-control:
      - no-cache
      content-length:
      - '20'
      content-type:
      - application/json; charset=utf-8
      date:
      - Wed, 02 Dec 2020 11:09:35 GMT
      expires:
      - '-1'
      pragma:
      - no-cache
      strict-transport-security:
      - max-age=31536000; includeSubDomains
      vary:
      - Accept-Encoding
      x-content-type-options:
      - nosniff
    status:
      code: 200
      message: OK
- request:
    body: null
    headers:
      Accept:
      - application/json
      Accept-Encoding:
      - gzip, deflate
      CommandName:
      - vmss create
      Connection:
      - keep-alive
      ParameterSetName:
      - -g -n --image --authentication-type --admin-username --admin-password --instance-count
      User-Agent:
      - python/3.7.8 (Windows-10-10.0.19041-SP0) msrest/0.6.18 msrest_azure/0.6.3
        azure-mgmt-resource/10.2.0 Azure-SDK-For-Python AZURECLI/2.15.1
    method: GET
    uri: https://management.azure.com/subscriptions/00000000-0000-0000-0000-000000000000/resourcegroups/cli_test_vmss_vms000001/providers/Microsoft.Resources/deployments/mock-deployment/operationStatuses/08585946996376246452?api-version=2020-06-01
  response:
    body:
      string: '{"status":"Running"}'
    headers:
      cache-control:
      - no-cache
      content-length:
      - '20'
      content-type:
      - application/json; charset=utf-8
      date:
      - Wed, 02 Dec 2020 11:10:06 GMT
      expires:
      - '-1'
      pragma:
      - no-cache
      strict-transport-security:
      - max-age=31536000; includeSubDomains
      vary:
      - Accept-Encoding
      x-content-type-options:
      - nosniff
    status:
      code: 200
      message: OK
- request:
    body: null
    headers:
      Accept:
      - application/json
      Accept-Encoding:
      - gzip, deflate
      CommandName:
      - vmss create
      Connection:
      - keep-alive
      ParameterSetName:
      - -g -n --image --authentication-type --admin-username --admin-password --instance-count
      User-Agent:
      - python/3.7.8 (Windows-10-10.0.19041-SP0) msrest/0.6.18 msrest_azure/0.6.3
        azure-mgmt-resource/10.2.0 Azure-SDK-For-Python AZURECLI/2.15.1
    method: GET
    uri: https://management.azure.com/subscriptions/00000000-0000-0000-0000-000000000000/resourcegroups/cli_test_vmss_vms000001/providers/Microsoft.Resources/deployments/mock-deployment/operationStatuses/08585946996376246452?api-version=2020-06-01
  response:
    body:
      string: '{"status":"Running"}'
    headers:
      cache-control:
      - no-cache
      content-length:
      - '20'
      content-type:
      - application/json; charset=utf-8
      date:
      - Wed, 02 Dec 2020 11:10:36 GMT
      expires:
      - '-1'
      pragma:
      - no-cache
      strict-transport-security:
      - max-age=31536000; includeSubDomains
      vary:
      - Accept-Encoding
      x-content-type-options:
      - nosniff
    status:
      code: 200
      message: OK
- request:
    body: null
    headers:
      Accept:
      - application/json
      Accept-Encoding:
      - gzip, deflate
      CommandName:
      - vmss create
      Connection:
      - keep-alive
      ParameterSetName:
      - -g -n --image --authentication-type --admin-username --admin-password --instance-count
      User-Agent:
      - python/3.7.8 (Windows-10-10.0.19041-SP0) msrest/0.6.18 msrest_azure/0.6.3
        azure-mgmt-resource/10.2.0 Azure-SDK-For-Python AZURECLI/2.15.1
    method: GET
    uri: https://management.azure.com/subscriptions/00000000-0000-0000-0000-000000000000/resourcegroups/cli_test_vmss_vms000001/providers/Microsoft.Resources/deployments/mock-deployment/operationStatuses/08585946996376246452?api-version=2020-06-01
  response:
    body:
      string: '{"status":"Succeeded"}'
    headers:
      cache-control:
      - no-cache
      content-length:
      - '22'
      content-type:
      - application/json; charset=utf-8
      date:
      - Wed, 02 Dec 2020 11:11:08 GMT
      expires:
      - '-1'
      pragma:
      - no-cache
      strict-transport-security:
      - max-age=31536000; includeSubDomains
      vary:
      - Accept-Encoding
      x-content-type-options:
      - nosniff
    status:
      code: 200
      message: OK
- request:
    body: null
    headers:
      Accept:
      - application/json
      Accept-Encoding:
      - gzip, deflate
      CommandName:
      - vmss create
      Connection:
      - keep-alive
      ParameterSetName:
      - -g -n --image --authentication-type --admin-username --admin-password --instance-count
      User-Agent:
      - python/3.7.8 (Windows-10-10.0.19041-SP0) msrest/0.6.18 msrest_azure/0.6.3
        azure-mgmt-resource/10.2.0 Azure-SDK-For-Python AZURECLI/2.15.1
    method: GET
    uri: https://management.azure.com/subscriptions/00000000-0000-0000-0000-000000000000/resourcegroups/cli_test_vmss_vms000001/providers/Microsoft.Resources/deployments/mock-deployment?api-version=2020-06-01
  response:
    body:
      string: '{"id":"/subscriptions/00000000-0000-0000-0000-000000000000/resourceGroups/cli_test_vmss_vms000001/providers/Microsoft.Resources/deployments/vmss_deploy_63ppTyQ4q78hJPiyNFoakjPDwby8Dgii","name":"vmss_deploy_63ppTyQ4q78hJPiyNFoakjPDwby8Dgii","type":"Microsoft.Resources/deployments","properties":{"templateHash":"203526860187169500","parameters":{"adminPassword":{"type":"SecureString"}},"mode":"Incremental","provisioningState":"Succeeded","timestamp":"2020-12-02T11:10:48.7803247Z","duration":"PT3M20.9273458S","correlationId":"e7b3a076-45f2-48f2-a8b0-3cc101f284b8","providers":[{"namespace":"Microsoft.Network","resourceTypes":[{"resourceType":"virtualNetworks","locations":["westus"]},{"resourceType":"publicIPAddresses","locations":["westus"]},{"resourceType":"loadBalancers","locations":["westus"]}]},{"namespace":"Microsoft.Compute","resourceTypes":[{"resourceType":"virtualMachineScaleSets","locations":["westus"]}]}],"dependencies":[{"dependsOn":[{"id":"/subscriptions/00000000-0000-0000-0000-000000000000/resourceGroups/cli_test_vmss_vms000001/providers/Microsoft.Network/virtualNetworks/vmss1VNET","resourceType":"Microsoft.Network/virtualNetworks","resourceName":"vmss1VNET"},{"id":"/subscriptions/00000000-0000-0000-0000-000000000000/resourceGroups/cli_test_vmss_vms000001/providers/Microsoft.Network/publicIPAddresses/vmss1LBPublicIP","resourceType":"Microsoft.Network/publicIPAddresses","resourceName":"vmss1LBPublicIP"}],"id":"/subscriptions/00000000-0000-0000-0000-000000000000/resourceGroups/cli_test_vmss_vms000001/providers/Microsoft.Network/loadBalancers/vmss1LB","resourceType":"Microsoft.Network/loadBalancers","resourceName":"vmss1LB"},{"dependsOn":[{"id":"/subscriptions/00000000-0000-0000-0000-000000000000/resourceGroups/cli_test_vmss_vms000001/providers/Microsoft.Network/virtualNetworks/vmss1VNET","resourceType":"Microsoft.Network/virtualNetworks","resourceName":"vmss1VNET"},{"id":"/subscriptions/00000000-0000-0000-0000-000000000000/resourceGroups/cli_test_vmss_vms000001/providers/Microsoft.Network/loadBalancers/vmss1LB","resourceType":"Microsoft.Network/loadBalancers","resourceName":"vmss1LB"}],"id":"/subscriptions/00000000-0000-0000-0000-000000000000/resourceGroups/cli_test_vmss_vms000001/providers/Microsoft.Compute/virtualMachineScaleSets/vmss1","resourceType":"Microsoft.Compute/virtualMachineScaleSets","resourceName":"vmss1"}],"outputs":{"vmss":{"type":"Object","value":{"singlePlacementGroup":true,"upgradePolicy":{"mode":"Manual"},"virtualMachineProfile":{"osProfile":{"computerNamePrefix":"vmss180b8","adminUsername":"admin123","linuxConfiguration":{"disablePasswordAuthentication":false,"provisionVMAgent":true},"secrets":[],"allowExtensionOperations":true,"requireGuestProvisionSignal":true},"storageProfile":{"osDisk":{"createOption":"FromImage","caching":"ReadWrite","managedDisk":{"storageAccountType":"Premium_LRS"},"diskSizeGB":30},"imageReference":{"publisher":"Canonical","offer":"UbuntuServer","sku":"18.04-LTS","version":"latest"}},"networkProfile":{"networkInterfaceConfigurations":[{"name":"vmss180b8Nic","properties":{"primary":true,"enableAcceleratedNetworking":false,"dnsSettings":{"dnsServers":[]},"enableIPForwarding":false,"ipConfigurations":[{"name":"vmss180b8IPConfig","properties":{"subnet":{"id":"/subscriptions/00000000-0000-0000-0000-000000000000/resourceGroups/cli_test_vmss_vms000001/providers/Microsoft.Network/virtualNetworks/vmss1VNET/subnets/vmss1Subnet"},"privateIPAddressVersion":"IPv4","loadBalancerBackendAddressPools":[{"id":"/subscriptions/00000000-0000-0000-0000-000000000000/resourceGroups/cli_test_vmss_vms000001/providers/Microsoft.Network/loadBalancers/vmss1LB/backendAddressPools/vmss1LBBEPool"}],"loadBalancerInboundNatPools":[{"id":"/subscriptions/00000000-0000-0000-0000-000000000000/resourceGroups/cli_test_vmss_vms000001/providers/Microsoft.Network/loadBalancers/vmss1LB/inboundNatPools/vmss1LBNatPool"}]}}]}}]}},"provisioningState":"Succeeded","overprovision":true,"doNotRunExtensionsOnOverprovisionedVMs":false,"uniqueId":"c7a1903e-0b35-4307-a17f-6208f066ed8e"}}},"outputResources":[{"id":"/subscriptions/00000000-0000-0000-0000-000000000000/resourceGroups/cli_test_vmss_vms000001/providers/Microsoft.Compute/virtualMachineScaleSets/vmss1"},{"id":"/subscriptions/00000000-0000-0000-0000-000000000000/resourceGroups/cli_test_vmss_vms000001/providers/Microsoft.Network/loadBalancers/vmss1LB"},{"id":"/subscriptions/00000000-0000-0000-0000-000000000000/resourceGroups/cli_test_vmss_vms000001/providers/Microsoft.Network/publicIPAddresses/vmss1LBPublicIP"},{"id":"/subscriptions/00000000-0000-0000-0000-000000000000/resourceGroups/cli_test_vmss_vms000001/providers/Microsoft.Network/virtualNetworks/vmss1VNET"}]}}'
    headers:
      cache-control:
      - no-cache
      content-length:
      - '5432'
      content-type:
      - application/json; charset=utf-8
      date:
      - Wed, 02 Dec 2020 11:11:08 GMT
      expires:
      - '-1'
      pragma:
      - no-cache
      strict-transport-security:
      - max-age=31536000; includeSubDomains
      vary:
      - Accept-Encoding
      x-content-type-options:
      - nosniff
    status:
      code: 200
      message: OK
- request:
    body: null
    headers:
      Accept:
      - application/json
      Accept-Encoding:
      - gzip, deflate
      CommandName:
      - vmss list-instances
      Connection:
      - keep-alive
      ParameterSetName:
      - --resource-group --name
      User-Agent:
      - python/3.7.8 (Windows-10-10.0.19041-SP0) msrest/0.6.18 msrest_azure/0.6.3
        azure-mgmt-compute/14.0.0 Azure-SDK-For-Python AZURECLI/2.15.1
      accept-language:
      - en-US
    method: GET
    uri: https://management.azure.com/subscriptions/00000000-0000-0000-0000-000000000000/resourceGroups/cli_test_vmss_vms000001/providers/Microsoft.Compute/virtualMachineScaleSets/vmss1/virtualMachines?api-version=2020-06-01
  response:
    body:
      string: "{\r\n  \"value\": [\r\n    {\r\n      \"name\": \"vmss1_2\",\r\n      \"id\":
        \"/subscriptions/00000000-0000-0000-0000-000000000000/resourceGroups/cli_test_vmss_vms000001/providers/Microsoft.Compute/virtualMachineScaleSets/vmss1/virtualMachines/2\",\r\n
        \     \"type\": \"Microsoft.Compute/virtualMachineScaleSets/virtualMachines\",\r\n
        \     \"location\": \"westus\",\r\n      \"tags\": {},\r\n      \"instanceId\":
        \"2\",\r\n      \"sku\": {\r\n        \"name\": \"Standard_DS1_v2\",\r\n        \"tier\":
        \"Standard\"\r\n      },\r\n      \"properties\": {\r\n        \"latestModelApplied\":
        true,\r\n        \"modelDefinitionApplied\": \"VirtualMachineScaleSet\",\r\n
        \       \"networkProfileConfiguration\": {\"networkInterfaceConfigurations\":[{\"name\":\"vmss180b8Nic\",\"properties\":{\"primary\":true,\"enableAcceleratedNetworking\":false,\"dnsSettings\":{\"dnsServers\":[]},\"enableIPForwarding\":false,\"ipConfigurations\":[{\"name\":\"vmss180b8IPConfig\",\"properties\":{\"subnet\":{\"id\":\"/subscriptions/00000000-0000-0000-0000-000000000000/resourceGroups/cli_test_vmss_vms000001/providers/Microsoft.Network/virtualNetworks/vmss1VNET/subnets/vmss1Subnet\"},\"privateIPAddressVersion\":\"IPv4\",\"loadBalancerBackendAddressPools\":[{\"id\":\"/subscriptions/00000000-0000-0000-0000-000000000000/resourceGroups/cli_test_vmss_vms000001/providers/Microsoft.Network/loadBalancers/vmss1LB/backendAddressPools/vmss1LBBEPool\"}],\"loadBalancerInboundNatPools\":[{\"id\":\"/subscriptions/00000000-0000-0000-0000-000000000000/resourceGroups/cli_test_vmss_vms000001/providers/Microsoft.Network/loadBalancers/vmss1LB/inboundNatPools/vmss1LBNatPool\"}]}}]}}]},\r\n
        \       \"vmId\": \"8544b568-7d06-4e1f-8778-c589eff3e0f1\",\r\n        \"hardwareProfile\":
        {},\r\n        \"storageProfile\": {\r\n          \"imageReference\": {\r\n
        \           \"publisher\": \"Canonical\",\r\n            \"offer\": \"UbuntuServer\",\r\n
        \           \"sku\": \"18.04-LTS\",\r\n            \"version\": \"latest\",\r\n
        \           \"exactVersion\": \"18.04.202012010\"\r\n          },\r\n          \"osDisk\":
        {\r\n            \"osType\": \"Linux\",\r\n            \"name\": \"vmss1_vmss1_2_OsDisk_1_2511cc74ecc643d1b24d9b846759147e\",\r\n
        \           \"createOption\": \"FromImage\",\r\n            \"caching\": \"ReadWrite\",\r\n
        \           \"managedDisk\": {\r\n              \"storageAccountType\": \"Premium_LRS\",\r\n
        \             \"id\": \"/subscriptions/00000000-0000-0000-0000-000000000000/resourceGroups/cli_test_vmss_vms000001/providers/Microsoft.Compute/disks/vmss1_vmss1_2_OsDisk_1_2511cc74ecc643d1b24d9b846759147e\"\r\n
        \           },\r\n            \"diskSizeGB\": 30\r\n          },\r\n          \"dataDisks\":
        []\r\n        },\r\n        \"osProfile\": {\r\n          \"computerName\":
        \"vmss180b8000002\",\r\n          \"adminUsername\": \"admin123\",\r\n          \"linuxConfiguration\":
        {\r\n            \"disablePasswordAuthentication\": false,\r\n            \"provisionVMAgent\":
        true,\r\n            \"patchSettings\": {\r\n              \"patchMode\":
        \"ImageDefault\"\r\n            }\r\n          },\r\n          \"secrets\":
        [],\r\n          \"allowExtensionOperations\": true,\r\n          \"requireGuestProvisionSignal\":
        true\r\n        },\r\n        \"networkProfile\": {\"networkInterfaces\":[{\"id\":\"/subscriptions/00000000-0000-0000-0000-000000000000/resourceGroups/cli_test_vmss_vms000001/providers/Microsoft.Compute/virtualMachineScaleSets/vmss1/virtualMachines/2/networkInterfaces/vmss180b8Nic\"}]},\r\n
        \       \"provisioningState\": \"Succeeded\"\r\n      }\r\n    },\r\n    {\r\n
        \     \"name\": \"vmss1_3\",\r\n      \"id\": \"/subscriptions/00000000-0000-0000-0000-000000000000/resourceGroups/cli_test_vmss_vms000001/providers/Microsoft.Compute/virtualMachineScaleSets/vmss1/virtualMachines/3\",\r\n
        \     \"type\": \"Microsoft.Compute/virtualMachineScaleSets/virtualMachines\",\r\n
        \     \"location\": \"westus\",\r\n      \"tags\": {},\r\n      \"instanceId\":
        \"3\",\r\n      \"sku\": {\r\n        \"name\": \"Standard_DS1_v2\",\r\n        \"tier\":
        \"Standard\"\r\n      },\r\n      \"properties\": {\r\n        \"latestModelApplied\":
        true,\r\n        \"modelDefinitionApplied\": \"VirtualMachineScaleSet\",\r\n
        \       \"networkProfileConfiguration\": {\"networkInterfaceConfigurations\":[{\"name\":\"vmss180b8Nic\",\"properties\":{\"primary\":true,\"enableAcceleratedNetworking\":false,\"dnsSettings\":{\"dnsServers\":[]},\"enableIPForwarding\":false,\"ipConfigurations\":[{\"name\":\"vmss180b8IPConfig\",\"properties\":{\"subnet\":{\"id\":\"/subscriptions/00000000-0000-0000-0000-000000000000/resourceGroups/cli_test_vmss_vms000001/providers/Microsoft.Network/virtualNetworks/vmss1VNET/subnets/vmss1Subnet\"},\"privateIPAddressVersion\":\"IPv4\",\"loadBalancerBackendAddressPools\":[{\"id\":\"/subscriptions/00000000-0000-0000-0000-000000000000/resourceGroups/cli_test_vmss_vms000001/providers/Microsoft.Network/loadBalancers/vmss1LB/backendAddressPools/vmss1LBBEPool\"}],\"loadBalancerInboundNatPools\":[{\"id\":\"/subscriptions/00000000-0000-0000-0000-000000000000/resourceGroups/cli_test_vmss_vms000001/providers/Microsoft.Network/loadBalancers/vmss1LB/inboundNatPools/vmss1LBNatPool\"}]}}]}}]},\r\n
        \       \"vmId\": \"61ccea67-b36e-452c-b57e-86ab5a9385db\",\r\n        \"hardwareProfile\":
        {},\r\n        \"storageProfile\": {\r\n          \"imageReference\": {\r\n
        \           \"publisher\": \"Canonical\",\r\n            \"offer\": \"UbuntuServer\",\r\n
        \           \"sku\": \"18.04-LTS\",\r\n            \"version\": \"latest\",\r\n
        \           \"exactVersion\": \"18.04.202012010\"\r\n          },\r\n          \"osDisk\":
        {\r\n            \"osType\": \"Linux\",\r\n            \"name\": \"vmss1_vmss1_3_OsDisk_1_269663aba3364b7cbe84942986709e73\",\r\n
        \           \"createOption\": \"FromImage\",\r\n            \"caching\": \"ReadWrite\",\r\n
        \           \"managedDisk\": {\r\n              \"storageAccountType\": \"Premium_LRS\",\r\n
        \             \"id\": \"/subscriptions/00000000-0000-0000-0000-000000000000/resourceGroups/cli_test_vmss_vms000001/providers/Microsoft.Compute/disks/vmss1_vmss1_3_OsDisk_1_269663aba3364b7cbe84942986709e73\"\r\n
        \           },\r\n            \"diskSizeGB\": 30\r\n          },\r\n          \"dataDisks\":
        []\r\n        },\r\n        \"osProfile\": {\r\n          \"computerName\":
        \"vmss180b8000003\",\r\n          \"adminUsername\": \"admin123\",\r\n          \"linuxConfiguration\":
        {\r\n            \"disablePasswordAuthentication\": false,\r\n            \"provisionVMAgent\":
        true,\r\n            \"patchSettings\": {\r\n              \"patchMode\":
        \"ImageDefault\"\r\n            }\r\n          },\r\n          \"secrets\":
        [],\r\n          \"allowExtensionOperations\": true,\r\n          \"requireGuestProvisionSignal\":
        true\r\n        },\r\n        \"networkProfile\": {\"networkInterfaces\":[{\"id\":\"/subscriptions/00000000-0000-0000-0000-000000000000/resourceGroups/cli_test_vmss_vms000001/providers/Microsoft.Compute/virtualMachineScaleSets/vmss1/virtualMachines/3/networkInterfaces/vmss180b8Nic\"}]},\r\n
        \       \"provisioningState\": \"Succeeded\"\r\n      }\r\n    }\r\n  ]\r\n}"
    headers:
      cache-control:
      - no-cache
      content-length:
      - '7166'
      content-type:
      - application/json; charset=utf-8
      date:
      - Wed, 02 Dec 2020 11:11:10 GMT
      expires:
      - '-1'
      pragma:
      - no-cache
      server:
      - Microsoft-HTTPAPI/2.0
      - Microsoft-HTTPAPI/2.0
      strict-transport-security:
      - max-age=31536000; includeSubDomains
      transfer-encoding:
      - chunked
      vary:
      - Accept-Encoding
      x-content-type-options:
      - nosniff
      x-ms-ratelimit-remaining-resource:
      - Microsoft.Compute/HighCostGetVMScaleSet3Min;175,Microsoft.Compute/HighCostGetVMScaleSet30Min;882,Microsoft.Compute/VMScaleSetVMViews3Min;4988
      x-ms-request-charge:
      - '4'
    status:
      code: 200
      message: OK
- request:
    body: null
    headers:
      Accept:
      - application/json
      Accept-Encoding:
      - gzip, deflate
      CommandName:
      - vmss show
      Connection:
      - keep-alive
      ParameterSetName:
      - --resource-group --name --instance-id
      User-Agent:
      - python/3.7.8 (Windows-10-10.0.19041-SP0) msrest/0.6.18 msrest_azure/0.6.3
        azure-mgmt-compute/14.0.0 Azure-SDK-For-Python AZURECLI/2.15.1
      accept-language:
      - en-US
    method: GET
    uri: https://management.azure.com/subscriptions/00000000-0000-0000-0000-000000000000/resourceGroups/cli_test_vmss_vms000001/providers/Microsoft.Compute/virtualMachineScaleSets/vmss1/virtualmachines/2?api-version=2020-06-01
  response:
    body:
      string: "{\r\n  \"name\": \"vmss1_2\",\r\n  \"id\": \"/subscriptions/00000000-0000-0000-0000-000000000000/resourceGroups/cli_test_vmss_vms000001/providers/Microsoft.Compute/virtualMachineScaleSets/vmss1/virtualMachines/2\",\r\n
        \ \"type\": \"Microsoft.Compute/virtualMachineScaleSets/virtualMachines\",\r\n
        \ \"location\": \"westus\",\r\n  \"tags\": {},\r\n  \"instanceId\": \"2\",\r\n
        \ \"sku\": {\r\n    \"name\": \"Standard_DS1_v2\",\r\n    \"tier\": \"Standard\"\r\n
        \ },\r\n  \"properties\": {\r\n    \"latestModelApplied\": true,\r\n    \"modelDefinitionApplied\":
        \"VirtualMachineScaleSet\",\r\n    \"networkProfileConfiguration\": {\"networkInterfaceConfigurations\":[{\"name\":\"vmss180b8Nic\",\"properties\":{\"primary\":true,\"enableAcceleratedNetworking\":false,\"dnsSettings\":{\"dnsServers\":[]},\"enableIPForwarding\":false,\"ipConfigurations\":[{\"name\":\"vmss180b8IPConfig\",\"properties\":{\"subnet\":{\"id\":\"/subscriptions/00000000-0000-0000-0000-000000000000/resourceGroups/cli_test_vmss_vms000001/providers/Microsoft.Network/virtualNetworks/vmss1VNET/subnets/vmss1Subnet\"},\"privateIPAddressVersion\":\"IPv4\",\"loadBalancerBackendAddressPools\":[{\"id\":\"/subscriptions/00000000-0000-0000-0000-000000000000/resourceGroups/cli_test_vmss_vms000001/providers/Microsoft.Network/loadBalancers/vmss1LB/backendAddressPools/vmss1LBBEPool\"}],\"loadBalancerInboundNatPools\":[{\"id\":\"/subscriptions/00000000-0000-0000-0000-000000000000/resourceGroups/cli_test_vmss_vms000001/providers/Microsoft.Network/loadBalancers/vmss1LB/inboundNatPools/vmss1LBNatPool\"}]}}]}}]},\r\n
        \   \"vmId\": \"8544b568-7d06-4e1f-8778-c589eff3e0f1\",\r\n    \"hardwareProfile\":
        {},\r\n    \"storageProfile\": {\r\n      \"imageReference\": {\r\n        \"publisher\":
        \"Canonical\",\r\n        \"offer\": \"UbuntuServer\",\r\n        \"sku\":
        \"18.04-LTS\",\r\n        \"version\": \"latest\",\r\n        \"exactVersion\":
        \"18.04.202012010\"\r\n      },\r\n      \"osDisk\": {\r\n        \"osType\":
        \"Linux\",\r\n        \"name\": \"vmss1_vmss1_2_OsDisk_1_2511cc74ecc643d1b24d9b846759147e\",\r\n
        \       \"createOption\": \"FromImage\",\r\n        \"caching\": \"ReadWrite\",\r\n
        \       \"managedDisk\": {\r\n          \"storageAccountType\": \"Premium_LRS\",\r\n
        \         \"id\": \"/subscriptions/00000000-0000-0000-0000-000000000000/resourceGroups/cli_test_vmss_vms000001/providers/Microsoft.Compute/disks/vmss1_vmss1_2_OsDisk_1_2511cc74ecc643d1b24d9b846759147e\"\r\n
        \       },\r\n        \"diskSizeGB\": 30\r\n      },\r\n      \"dataDisks\":
        []\r\n    },\r\n    \"osProfile\": {\r\n      \"computerName\": \"vmss180b8000002\",\r\n
        \     \"adminUsername\": \"admin123\",\r\n      \"linuxConfiguration\": {\r\n
        \       \"disablePasswordAuthentication\": false,\r\n        \"provisionVMAgent\":
        true,\r\n        \"patchSettings\": {\r\n          \"patchMode\": \"ImageDefault\"\r\n
        \       }\r\n      },\r\n      \"secrets\": [],\r\n      \"allowExtensionOperations\":
        true,\r\n      \"requireGuestProvisionSignal\": true\r\n    },\r\n    \"networkProfile\":
        {\"networkInterfaces\":[{\"id\":\"/subscriptions/00000000-0000-0000-0000-000000000000/resourceGroups/cli_test_vmss_vms000001/providers/Microsoft.Compute/virtualMachineScaleSets/vmss1/virtualMachines/2/networkInterfaces/vmss180b8Nic\"}]},\r\n
        \   \"provisioningState\": \"Succeeded\"\r\n  }\r\n}"
    headers:
      cache-control:
      - no-cache
      content-length:
      - '3345'
      content-type:
      - application/json; charset=utf-8
      date:
      - Wed, 02 Dec 2020 11:11:11 GMT
      expires:
      - '-1'
      pragma:
      - no-cache
      server:
      - Microsoft-HTTPAPI/2.0
      - Microsoft-HTTPAPI/2.0
      strict-transport-security:
      - max-age=31536000; includeSubDomains
      transfer-encoding:
      - chunked
      vary:
      - Accept-Encoding
      x-content-type-options:
      - nosniff
      x-ms-ratelimit-remaining-resource:
      - Microsoft.Compute/GetVMScaleSetVM3Min;999,Microsoft.Compute/GetVMScaleSetVM30Min;4998,Microsoft.Compute/VMScaleSetVMViews3Min;4987
      x-ms-request-charge:
      - '1'
    status:
      code: 200
      message: OK
- request:
    body: null
    headers:
      Accept:
      - application/json
      Accept-Encoding:
      - gzip, deflate
      CommandName:
      - vmss list-instance-connection-info
      Connection:
      - keep-alive
      ParameterSetName:
      - --resource-group --name
      User-Agent:
      - python/3.7.8 (Windows-10-10.0.19041-SP0) msrest/0.6.18 msrest_azure/0.6.3
        azure-mgmt-compute/14.0.0 Azure-SDK-For-Python AZURECLI/2.15.1
      accept-language:
      - en-US
    method: GET
    uri: https://management.azure.com/subscriptions/00000000-0000-0000-0000-000000000000/resourceGroups/cli_test_vmss_vms000001/providers/Microsoft.Compute/virtualMachineScaleSets/vmss1?api-version=2020-06-01
  response:
    body:
      string: "{\r\n  \"name\": \"vmss1\",\r\n  \"id\": \"/subscriptions/00000000-0000-0000-0000-000000000000/resourceGroups/cli_test_vmss_vms000001/providers/Microsoft.Compute/virtualMachineScaleSets/vmss1\",\r\n
        \ \"type\": \"Microsoft.Compute/virtualMachineScaleSets\",\r\n  \"location\":
        \"westus\",\r\n  \"tags\": {},\r\n  \"sku\": {\r\n    \"name\": \"Standard_DS1_v2\",\r\n
        \   \"tier\": \"Standard\",\r\n    \"capacity\": 2\r\n  },\r\n  \"properties\":
        {\r\n    \"singlePlacementGroup\": true,\r\n    \"upgradePolicy\": {\r\n      \"mode\":
        \"Manual\"\r\n    },\r\n    \"virtualMachineProfile\": {\r\n      \"osProfile\":
        {\r\n        \"computerNamePrefix\": \"vmss180b8\",\r\n        \"adminUsername\":
        \"admin123\",\r\n        \"linuxConfiguration\": {\r\n          \"disablePasswordAuthentication\":
        false,\r\n          \"provisionVMAgent\": true\r\n        },\r\n        \"secrets\":
        [],\r\n        \"allowExtensionOperations\": true,\r\n        \"requireGuestProvisionSignal\":
        true\r\n      },\r\n      \"storageProfile\": {\r\n        \"osDisk\": {\r\n
        \         \"createOption\": \"FromImage\",\r\n          \"caching\": \"ReadWrite\",\r\n
        \         \"managedDisk\": {\r\n            \"storageAccountType\": \"Premium_LRS\"\r\n
        \         },\r\n          \"diskSizeGB\": 30\r\n        },\r\n        \"imageReference\":
        {\r\n          \"publisher\": \"Canonical\",\r\n          \"offer\": \"UbuntuServer\",\r\n
        \         \"sku\": \"18.04-LTS\",\r\n          \"version\": \"latest\"\r\n
        \       }\r\n      },\r\n      \"networkProfile\": {\"networkInterfaceConfigurations\":[{\"name\":\"vmss180b8Nic\",\"properties\":{\"primary\":true,\"enableAcceleratedNetworking\":false,\"dnsSettings\":{\"dnsServers\":[]},\"enableIPForwarding\":false,\"ipConfigurations\":[{\"name\":\"vmss180b8IPConfig\",\"properties\":{\"subnet\":{\"id\":\"/subscriptions/00000000-0000-0000-0000-000000000000/resourceGroups/cli_test_vmss_vms000001/providers/Microsoft.Network/virtualNetworks/vmss1VNET/subnets/vmss1Subnet\"},\"privateIPAddressVersion\":\"IPv4\",\"loadBalancerBackendAddressPools\":[{\"id\":\"/subscriptions/00000000-0000-0000-0000-000000000000/resourceGroups/cli_test_vmss_vms000001/providers/Microsoft.Network/loadBalancers/vmss1LB/backendAddressPools/vmss1LBBEPool\"}],\"loadBalancerInboundNatPools\":[{\"id\":\"/subscriptions/00000000-0000-0000-0000-000000000000/resourceGroups/cli_test_vmss_vms000001/providers/Microsoft.Network/loadBalancers/vmss1LB/inboundNatPools/vmss1LBNatPool\"}]}}]}}]}\r\n
        \   },\r\n    \"provisioningState\": \"Succeeded\",\r\n    \"overprovision\":
        true,\r\n    \"doNotRunExtensionsOnOverprovisionedVMs\": false,\r\n    \"uniqueId\":
        \"c7a1903e-0b35-4307-a17f-6208f066ed8e\"\r\n  }\r\n}"
    headers:
      cache-control:
      - no-cache
      content-length:
      - '2637'
      content-type:
      - application/json; charset=utf-8
      date:
      - Wed, 02 Dec 2020 11:11:12 GMT
      expires:
      - '-1'
      pragma:
      - no-cache
      server:
      - Microsoft-HTTPAPI/2.0
      - Microsoft-HTTPAPI/2.0
      strict-transport-security:
      - max-age=31536000; includeSubDomains
      transfer-encoding:
      - chunked
      vary:
      - Accept-Encoding
      x-content-type-options:
      - nosniff
      x-ms-ratelimit-remaining-resource:
      - Microsoft.Compute/GetVMScaleSet3Min;379,Microsoft.Compute/GetVMScaleSet30Min;2520
    status:
      code: 200
      message: OK
- request:
    body: null
    headers:
      Accept:
      - application/json
      Accept-Encoding:
      - gzip, deflate
      CommandName:
      - vmss list-instance-connection-info
      Connection:
      - keep-alive
      ParameterSetName:
      - --resource-group --name
      User-Agent:
      - python/3.7.8 (Windows-10-10.0.19041-SP0) msrest/0.6.18 msrest_azure/0.6.3
        azure-mgmt-network/13.0.0 Azure-SDK-For-Python AZURECLI/2.15.1
      accept-language:
      - en-US
    method: GET
    uri: https://management.azure.com/subscriptions/00000000-0000-0000-0000-000000000000/resourceGroups/cli_test_vmss_vms000001/providers/Microsoft.Network/loadBalancers/vmss1LB?api-version=2020-07-01
  response:
    body:
      string: "{\r\n  \"name\": \"vmss1LB\",\r\n  \"id\": \"/subscriptions/00000000-0000-0000-0000-000000000000/resourceGroups/cli_test_vmss_vms000001/providers/Microsoft.Network/loadBalancers/vmss1LB\",\r\n
        \ \"etag\": \"W/\\\"3d220a07-ac45-47a2-a8ec-58eae9422813\\\"\",\r\n  \"type\":
        \"Microsoft.Network/loadBalancers\",\r\n  \"location\": \"westus\",\r\n  \"tags\":
        {},\r\n  \"properties\": {\r\n    \"provisioningState\": \"Succeeded\",\r\n
        \   \"resourceGuid\": \"cfe31740-9698-4cda-88a2-ec421ab12bb4\",\r\n    \"frontendIPConfigurations\":
        [\r\n      {\r\n        \"name\": \"loadBalancerFrontEnd\",\r\n        \"id\":
        \"/subscriptions/00000000-0000-0000-0000-000000000000/resourceGroups/cli_test_vmss_vms000001/providers/Microsoft.Network/loadBalancers/vmss1LB/frontendIPConfigurations/loadBalancerFrontEnd\",\r\n
        \       \"etag\": \"W/\\\"3d220a07-ac45-47a2-a8ec-58eae9422813\\\"\",\r\n
        \       \"type\": \"Microsoft.Network/loadBalancers/frontendIPConfigurations\",\r\n
        \       \"properties\": {\r\n          \"provisioningState\": \"Succeeded\",\r\n
        \         \"privateIPAllocationMethod\": \"Dynamic\",\r\n          \"publicIPAddress\":
        {\r\n            \"id\": \"/subscriptions/00000000-0000-0000-0000-000000000000/resourceGroups/cli_test_vmss_vms000001/providers/Microsoft.Network/publicIPAddresses/vmss1LBPublicIP\"\r\n
        \         },\r\n          \"inboundNatRules\": [\r\n            {\r\n              \"id\":
        \"/subscriptions/00000000-0000-0000-0000-000000000000/resourceGroups/cli_test_vmss_vms000001/providers/Microsoft.Network/loadBalancers/vmss1LB/inboundNatRules/vmss1LBNatPool.0\"\r\n
        \           },\r\n            {\r\n              \"id\": \"/subscriptions/00000000-0000-0000-0000-000000000000/resourceGroups/cli_test_vmss_vms000001/providers/Microsoft.Network/loadBalancers/vmss1LB/inboundNatRules/vmss1LBNatPool.1\"\r\n
        \           },\r\n            {\r\n              \"id\": \"/subscriptions/00000000-0000-0000-0000-000000000000/resourceGroups/cli_test_vmss_vms000001/providers/Microsoft.Network/loadBalancers/vmss1LB/inboundNatRules/vmss1LBNatPool.2\"\r\n
        \           },\r\n            {\r\n              \"id\": \"/subscriptions/00000000-0000-0000-0000-000000000000/resourceGroups/cli_test_vmss_vms000001/providers/Microsoft.Network/loadBalancers/vmss1LB/inboundNatRules/vmss1LBNatPool.3\"\r\n
        \           }\r\n          ],\r\n          \"inboundNatPools\": [\r\n            {\r\n
        \             \"id\": \"/subscriptions/00000000-0000-0000-0000-000000000000/resourceGroups/cli_test_vmss_vms000001/providers/Microsoft.Network/loadBalancers/vmss1LB/inboundNatPools/vmss1LBNatPool\"\r\n
        \           }\r\n          ],\r\n          \"privateIPAddressVersion\": \"IPv4\"\r\n
        \       }\r\n      }\r\n    ],\r\n    \"backendAddressPools\": [\r\n      {\r\n
        \       \"name\": \"vmss1LBBEPool\",\r\n        \"id\": \"/subscriptions/00000000-0000-0000-0000-000000000000/resourceGroups/cli_test_vmss_vms000001/providers/Microsoft.Network/loadBalancers/vmss1LB/backendAddressPools/vmss1LBBEPool\",\r\n
        \       \"etag\": \"W/\\\"3d220a07-ac45-47a2-a8ec-58eae9422813\\\"\",\r\n
        \       \"properties\": {\r\n          \"provisioningState\": \"Succeeded\",\r\n
        \         \"backendIPConfigurations\": [\r\n            {\r\n              \"id\":
        \"/subscriptions/00000000-0000-0000-0000-000000000000/resourceGroups/cli_test_vmss_vms000001/providers/Microsoft.Compute/virtualMachineScaleSets/vmss1/virtualMachines/0/networkInterfaces/vmss180b8Nic/ipConfigurations/vmss180b8IPConfig\"\r\n
        \           },\r\n            {\r\n              \"id\": \"/subscriptions/00000000-0000-0000-0000-000000000000/resourceGroups/cli_test_vmss_vms000001/providers/Microsoft.Compute/virtualMachineScaleSets/vmss1/virtualMachines/1/networkInterfaces/vmss180b8Nic/ipConfigurations/vmss180b8IPConfig\"\r\n
        \           },\r\n            {\r\n              \"id\": \"/subscriptions/00000000-0000-0000-0000-000000000000/resourceGroups/cli_test_vmss_vms000001/providers/Microsoft.Compute/virtualMachineScaleSets/vmss1/virtualMachines/2/networkInterfaces/vmss180b8Nic/ipConfigurations/vmss180b8IPConfig\"\r\n
        \           },\r\n            {\r\n              \"id\": \"/subscriptions/00000000-0000-0000-0000-000000000000/resourceGroups/cli_test_vmss_vms000001/providers/Microsoft.Compute/virtualMachineScaleSets/vmss1/virtualMachines/3/networkInterfaces/vmss180b8Nic/ipConfigurations/vmss180b8IPConfig\"\r\n
        \           }\r\n          ]\r\n        },\r\n        \"type\": \"Microsoft.Network/loadBalancers/backendAddressPools\"\r\n
        \     }\r\n    ],\r\n    \"loadBalancingRules\": [],\r\n    \"probes\": [],\r\n
        \   \"inboundNatRules\": [\r\n      {\r\n        \"name\": \"vmss1LBNatPool.0\",\r\n
        \       \"id\": \"/subscriptions/00000000-0000-0000-0000-000000000000/resourceGroups/cli_test_vmss_vms000001/providers/Microsoft.Network/loadBalancers/vmss1LB/inboundNatRules/vmss1LBNatPool.0\",\r\n
        \       \"etag\": \"W/\\\"3d220a07-ac45-47a2-a8ec-58eae9422813\\\"\",\r\n
        \       \"type\": \"Microsoft.Network/loadBalancers/inboundNatRules\",\r\n
        \       \"properties\": {\r\n          \"provisioningState\": \"Succeeded\",\r\n
        \         \"frontendIPConfiguration\": {\r\n            \"id\": \"/subscriptions/00000000-0000-0000-0000-000000000000/resourceGroups/cli_test_vmss_vms000001/providers/Microsoft.Network/loadBalancers/vmss1LB/frontendIPConfigurations/loadBalancerFrontEnd\"\r\n
        \         },\r\n          \"frontendPort\": 50000,\r\n          \"backendPort\":
        22,\r\n          \"enableFloatingIP\": false,\r\n          \"idleTimeoutInMinutes\":
        4,\r\n          \"protocol\": \"Tcp\",\r\n          \"enableDestinationServiceEndpoint\":
        false,\r\n          \"enableTcpReset\": false,\r\n          \"allowBackendPortConflict\":
        false,\r\n          \"backendIPConfiguration\": {\r\n            \"id\": \"/subscriptions/00000000-0000-0000-0000-000000000000/resourceGroups/cli_test_vmss_vms000001/providers/Microsoft.Compute/virtualMachineScaleSets/vmss1/virtualMachines/0/networkInterfaces/vmss180b8Nic/ipConfigurations/vmss180b8IPConfig\"\r\n
        \         }\r\n        }\r\n      },\r\n      {\r\n        \"name\": \"vmss1LBNatPool.1\",\r\n
        \       \"id\": \"/subscriptions/00000000-0000-0000-0000-000000000000/resourceGroups/cli_test_vmss_vms000001/providers/Microsoft.Network/loadBalancers/vmss1LB/inboundNatRules/vmss1LBNatPool.1\",\r\n
        \       \"etag\": \"W/\\\"3d220a07-ac45-47a2-a8ec-58eae9422813\\\"\",\r\n
        \       \"type\": \"Microsoft.Network/loadBalancers/inboundNatRules\",\r\n
        \       \"properties\": {\r\n          \"provisioningState\": \"Succeeded\",\r\n
        \         \"frontendIPConfiguration\": {\r\n            \"id\": \"/subscriptions/00000000-0000-0000-0000-000000000000/resourceGroups/cli_test_vmss_vms000001/providers/Microsoft.Network/loadBalancers/vmss1LB/frontendIPConfigurations/loadBalancerFrontEnd\"\r\n
        \         },\r\n          \"frontendPort\": 50001,\r\n          \"backendPort\":
        22,\r\n          \"enableFloatingIP\": false,\r\n          \"idleTimeoutInMinutes\":
        4,\r\n          \"protocol\": \"Tcp\",\r\n          \"enableDestinationServiceEndpoint\":
        false,\r\n          \"enableTcpReset\": false,\r\n          \"allowBackendPortConflict\":
        false,\r\n          \"backendIPConfiguration\": {\r\n            \"id\": \"/subscriptions/00000000-0000-0000-0000-000000000000/resourceGroups/cli_test_vmss_vms000001/providers/Microsoft.Compute/virtualMachineScaleSets/vmss1/virtualMachines/1/networkInterfaces/vmss180b8Nic/ipConfigurations/vmss180b8IPConfig\"\r\n
        \         }\r\n        }\r\n      },\r\n      {\r\n        \"name\": \"vmss1LBNatPool.2\",\r\n
        \       \"id\": \"/subscriptions/00000000-0000-0000-0000-000000000000/resourceGroups/cli_test_vmss_vms000001/providers/Microsoft.Network/loadBalancers/vmss1LB/inboundNatRules/vmss1LBNatPool.2\",\r\n
        \       \"etag\": \"W/\\\"3d220a07-ac45-47a2-a8ec-58eae9422813\\\"\",\r\n
        \       \"type\": \"Microsoft.Network/loadBalancers/inboundNatRules\",\r\n
        \       \"properties\": {\r\n          \"provisioningState\": \"Succeeded\",\r\n
        \         \"frontendIPConfiguration\": {\r\n            \"id\": \"/subscriptions/00000000-0000-0000-0000-000000000000/resourceGroups/cli_test_vmss_vms000001/providers/Microsoft.Network/loadBalancers/vmss1LB/frontendIPConfigurations/loadBalancerFrontEnd\"\r\n
        \         },\r\n          \"frontendPort\": 50002,\r\n          \"backendPort\":
        22,\r\n          \"enableFloatingIP\": false,\r\n          \"idleTimeoutInMinutes\":
        4,\r\n          \"protocol\": \"Tcp\",\r\n          \"enableDestinationServiceEndpoint\":
        false,\r\n          \"enableTcpReset\": false,\r\n          \"allowBackendPortConflict\":
        false,\r\n          \"backendIPConfiguration\": {\r\n            \"id\": \"/subscriptions/00000000-0000-0000-0000-000000000000/resourceGroups/cli_test_vmss_vms000001/providers/Microsoft.Compute/virtualMachineScaleSets/vmss1/virtualMachines/2/networkInterfaces/vmss180b8Nic/ipConfigurations/vmss180b8IPConfig\"\r\n
        \         }\r\n        }\r\n      },\r\n      {\r\n        \"name\": \"vmss1LBNatPool.3\",\r\n
        \       \"id\": \"/subscriptions/00000000-0000-0000-0000-000000000000/resourceGroups/cli_test_vmss_vms000001/providers/Microsoft.Network/loadBalancers/vmss1LB/inboundNatRules/vmss1LBNatPool.3\",\r\n
        \       \"etag\": \"W/\\\"3d220a07-ac45-47a2-a8ec-58eae9422813\\\"\",\r\n
        \       \"type\": \"Microsoft.Network/loadBalancers/inboundNatRules\",\r\n
        \       \"properties\": {\r\n          \"provisioningState\": \"Succeeded\",\r\n
        \         \"frontendIPConfiguration\": {\r\n            \"id\": \"/subscriptions/00000000-0000-0000-0000-000000000000/resourceGroups/cli_test_vmss_vms000001/providers/Microsoft.Network/loadBalancers/vmss1LB/frontendIPConfigurations/loadBalancerFrontEnd\"\r\n
        \         },\r\n          \"frontendPort\": 50003,\r\n          \"backendPort\":
        22,\r\n          \"enableFloatingIP\": false,\r\n          \"idleTimeoutInMinutes\":
        4,\r\n          \"protocol\": \"Tcp\",\r\n          \"enableDestinationServiceEndpoint\":
        false,\r\n          \"enableTcpReset\": false,\r\n          \"allowBackendPortConflict\":
        false,\r\n          \"backendIPConfiguration\": {\r\n            \"id\": \"/subscriptions/00000000-0000-0000-0000-000000000000/resourceGroups/cli_test_vmss_vms000001/providers/Microsoft.Compute/virtualMachineScaleSets/vmss1/virtualMachines/3/networkInterfaces/vmss180b8Nic/ipConfigurations/vmss180b8IPConfig\"\r\n
        \         }\r\n        }\r\n      }\r\n    ],\r\n    \"inboundNatPools\":
        [\r\n      {\r\n        \"name\": \"vmss1LBNatPool\",\r\n        \"id\": \"/subscriptions/00000000-0000-0000-0000-000000000000/resourceGroups/cli_test_vmss_vms000001/providers/Microsoft.Network/loadBalancers/vmss1LB/inboundNatPools/vmss1LBNatPool\",\r\n
        \       \"etag\": \"W/\\\"3d220a07-ac45-47a2-a8ec-58eae9422813\\\"\",\r\n
        \       \"properties\": {\r\n          \"provisioningState\": \"Succeeded\",\r\n
        \         \"frontendPortRangeStart\": 50000,\r\n          \"frontendPortRangeEnd\":
        50119,\r\n          \"backendPort\": 22,\r\n          \"protocol\": \"Tcp\",\r\n
        \         \"idleTimeoutInMinutes\": 4,\r\n          \"enableFloatingIP\":
        false,\r\n          \"enableDestinationServiceEndpoint\": false,\r\n          \"enableTcpReset\":
        false,\r\n          \"allowBackendPortConflict\": false,\r\n          \"frontendIPConfiguration\":
        {\r\n            \"id\": \"/subscriptions/00000000-0000-0000-0000-000000000000/resourceGroups/cli_test_vmss_vms000001/providers/Microsoft.Network/loadBalancers/vmss1LB/frontendIPConfigurations/loadBalancerFrontEnd\"\r\n
        \         }\r\n        },\r\n        \"type\": \"Microsoft.Network/loadBalancers/inboundNatPools\"\r\n
        \     }\r\n    ]\r\n  },\r\n  \"sku\": {\r\n    \"name\": \"Basic\",\r\n    \"tier\":
        \"Regional\"\r\n  }\r\n}"
    headers:
      cache-control:
      - no-cache
      content-length:
      - '12211'
      content-type:
      - application/json; charset=utf-8
      date:
      - Wed, 02 Dec 2020 11:11:13 GMT
      etag:
      - W/"3d220a07-ac45-47a2-a8ec-58eae9422813"
      expires:
      - '-1'
      pragma:
      - no-cache
      server:
      - Microsoft-HTTPAPI/2.0
      - Microsoft-HTTPAPI/2.0
      strict-transport-security:
      - max-age=31536000; includeSubDomains
      transfer-encoding:
      - chunked
      vary:
      - Accept-Encoding
      x-content-type-options:
      - nosniff
      x-ms-arm-service-request-id:
      - 0060925d-a979-45b3-910c-8d059543defb
    status:
      code: 200
      message: OK
- request:
    body: null
    headers:
      Accept:
      - application/json
      Accept-Encoding:
      - gzip, deflate
      CommandName:
      - vmss list-instance-connection-info
      Connection:
      - keep-alive
      ParameterSetName:
      - --resource-group --name
      User-Agent:
      - python/3.7.8 (Windows-10-10.0.19041-SP0) msrest/0.6.18 msrest_azure/0.6.3
        azure-mgmt-network/13.0.0 Azure-SDK-For-Python AZURECLI/2.15.1
      accept-language:
      - en-US
    method: GET
    uri: https://management.azure.com/subscriptions/00000000-0000-0000-0000-000000000000/resourceGroups/cli_test_vmss_vms000001/providers/Microsoft.Network/publicIPAddresses/vmss1LBPublicIP?api-version=2020-07-01
  response:
    body:
      string: "{\r\n  \"name\": \"vmss1LBPublicIP\",\r\n  \"id\": \"/subscriptions/00000000-0000-0000-0000-000000000000/resourceGroups/cli_test_vmss_vms000001/providers/Microsoft.Network/publicIPAddresses/vmss1LBPublicIP\",\r\n
        \ \"etag\": \"W/\\\"314e4675-3f92-47f3-97e7-c068e44174f4\\\"\",\r\n  \"location\":
        \"westus\",\r\n  \"tags\": {},\r\n  \"properties\": {\r\n    \"provisioningState\":
        \"Succeeded\",\r\n    \"resourceGuid\": \"d07651c2-84a9-4012-88b8-a694aec0e57b\",\r\n
        \   \"ipAddress\": \"137.117.10.198\",\r\n    \"publicIPAddressVersion\":
        \"IPv4\",\r\n    \"publicIPAllocationMethod\": \"Dynamic\",\r\n    \"idleTimeoutInMinutes\":
        4,\r\n    \"ipTags\": [],\r\n    \"ipConfiguration\": {\r\n      \"id\": \"/subscriptions/00000000-0000-0000-0000-000000000000/resourceGroups/cli_test_vmss_vms000001/providers/Microsoft.Network/loadBalancers/vmss1LB/frontendIPConfigurations/loadBalancerFrontEnd\"\r\n
        \   }\r\n  },\r\n  \"type\": \"Microsoft.Network/publicIPAddresses\",\r\n
        \ \"sku\": {\r\n    \"name\": \"Basic\",\r\n    \"tier\": \"Regional\"\r\n
        \ }\r\n}"
    headers:
      cache-control:
      - no-cache
      content-length:
      - '1043'
      content-type:
      - application/json; charset=utf-8
      date:
      - Wed, 02 Dec 2020 11:11:13 GMT
      etag:
      - W/"314e4675-3f92-47f3-97e7-c068e44174f4"
      expires:
      - '-1'
      pragma:
      - no-cache
      server:
      - Microsoft-HTTPAPI/2.0
      - Microsoft-HTTPAPI/2.0
      strict-transport-security:
      - max-age=31536000; includeSubDomains
      transfer-encoding:
      - chunked
      vary:
      - Accept-Encoding
      x-content-type-options:
      - nosniff
      x-ms-arm-service-request-id:
      - 7391991b-d06a-4750-bb90-c5a89a6c20c0
    status:
      code: 200
      message: OK
- request:
    body: null
    headers:
      Accept:
      - application/json
      Accept-Encoding:
      - gzip, deflate
      CommandName:
      - vmss restart
      Connection:
      - keep-alive
      Content-Length:
      - '0'
      ParameterSetName:
      - --resource-group --name --instance-ids
      User-Agent:
      - python/3.7.8 (Windows-10-10.0.19041-SP0) msrest/0.6.18 msrest_azure/0.6.3
        azure-mgmt-compute/14.0.0 Azure-SDK-For-Python AZURECLI/2.15.1
      accept-language:
      - en-US
    method: POST
    uri: https://management.azure.com/subscriptions/00000000-0000-0000-0000-000000000000/resourceGroups/cli_test_vmss_vms000001/providers/Microsoft.Compute/virtualMachineScaleSets/vmss1/virtualmachines/%2A/restart?api-version=2020-06-01
  response:
    body:
      string: ''
    headers:
      azure-asyncoperation:
      - https://management.azure.com/subscriptions/00000000-0000-0000-0000-000000000000/providers/Microsoft.Compute/locations/westus/operations/d5666d6c-0fc3-4eaf-ad88-79155f2b7669?api-version=2020-06-01
      cache-control:
      - no-cache
      content-length:
      - '0'
      date:
      - Wed, 02 Dec 2020 11:11:14 GMT
      expires:
      - '-1'
      location:
      - https://management.azure.com/subscriptions/00000000-0000-0000-0000-000000000000/providers/Microsoft.Compute/locations/westus/operations/d5666d6c-0fc3-4eaf-ad88-79155f2b7669?monitor=true&api-version=2020-06-01
      pragma:
      - no-cache
      server:
      - Microsoft-HTTPAPI/2.0
      - Microsoft-HTTPAPI/2.0
      strict-transport-security:
      - max-age=31536000; includeSubDomains
      x-content-type-options:
      - nosniff
      x-ms-ratelimit-remaining-resource:
      - Microsoft.Compute/VMScaleSetActions3Min;239,Microsoft.Compute/VMScaleSetActions30Min;1199,Microsoft.Compute/VMScaleSetVMActions3Min;199,Microsoft.Compute/VMScaleSetVMActions30Min;999,Microsoft.Compute/VMScaleSetBatchedVMRequests5Min;1179,Microsoft.Compute/VmssQueuedVMOperations;4798
      x-ms-ratelimit-remaining-subscription-writes:
      - '1199'
      x-ms-request-charge:
      - '2'
    status:
      code: 202
      message: Accepted
- request:
    body: null
    headers:
      Accept:
      - application/json
      Accept-Encoding:
      - gzip, deflate
      CommandName:
      - vmss restart
      Connection:
      - keep-alive
      ParameterSetName:
      - --resource-group --name --instance-ids
      User-Agent:
      - python/3.7.8 (Windows-10-10.0.19041-SP0) msrest/0.6.18 msrest_azure/0.6.3
        azure-mgmt-compute/14.0.0 Azure-SDK-For-Python AZURECLI/2.15.1
    method: GET
    uri: https://management.azure.com/subscriptions/00000000-0000-0000-0000-000000000000/providers/Microsoft.Compute/locations/westus/operations/d5666d6c-0fc3-4eaf-ad88-79155f2b7669?api-version=2020-06-01
  response:
    body:
      string: "{\r\n  \"startTime\": \"2020-12-02T11:11:15.5160429+00:00\",\r\n  \"status\":
        \"InProgress\",\r\n  \"name\": \"d5666d6c-0fc3-4eaf-ad88-79155f2b7669\"\r\n}"
    headers:
      cache-control:
      - no-cache
      content-length:
      - '134'
      content-type:
      - application/json; charset=utf-8
      date:
      - Wed, 02 Dec 2020 11:11:46 GMT
      expires:
      - '-1'
      pragma:
      - no-cache
      server:
      - Microsoft-HTTPAPI/2.0
      - Microsoft-HTTPAPI/2.0
      strict-transport-security:
      - max-age=31536000; includeSubDomains
      transfer-encoding:
      - chunked
      vary:
      - Accept-Encoding
      x-content-type-options:
      - nosniff
      x-ms-ratelimit-remaining-resource:
      - Microsoft.Compute/GetOperation3Min;14971,Microsoft.Compute/GetOperation30Min;29905
    status:
      code: 200
      message: OK
- request:
    body: null
    headers:
      Accept:
      - application/json
      Accept-Encoding:
      - gzip, deflate
      CommandName:
      - vmss restart
      Connection:
      - keep-alive
      ParameterSetName:
      - --resource-group --name --instance-ids
      User-Agent:
      - python/3.7.8 (Windows-10-10.0.19041-SP0) msrest/0.6.18 msrest_azure/0.6.3
        azure-mgmt-compute/14.0.0 Azure-SDK-For-Python AZURECLI/2.15.1
    method: GET
    uri: https://management.azure.com/subscriptions/00000000-0000-0000-0000-000000000000/providers/Microsoft.Compute/locations/westus/operations/d5666d6c-0fc3-4eaf-ad88-79155f2b7669?api-version=2020-06-01
  response:
    body:
      string: "{\r\n  \"startTime\": \"2020-12-02T11:11:15.5160429+00:00\",\r\n  \"endTime\":
        \"2020-12-02T11:11:56.9073832+00:00\",\r\n  \"status\": \"Succeeded\",\r\n
        \ \"name\": \"d5666d6c-0fc3-4eaf-ad88-79155f2b7669\"\r\n}"
    headers:
      cache-control:
      - no-cache
      content-length:
      - '184'
      content-type:
      - application/json; charset=utf-8
      date:
      - Wed, 02 Dec 2020 11:12:16 GMT
      expires:
      - '-1'
      pragma:
      - no-cache
      server:
      - Microsoft-HTTPAPI/2.0
      - Microsoft-HTTPAPI/2.0
      strict-transport-security:
      - max-age=31536000; includeSubDomains
      transfer-encoding:
      - chunked
      vary:
      - Accept-Encoding
      x-content-type-options:
      - nosniff
      x-ms-ratelimit-remaining-resource:
      - Microsoft.Compute/GetOperation3Min;14970,Microsoft.Compute/GetOperation30Min;29899
    status:
      code: 200
      message: OK
- request:
    body: null
    headers:
      Accept:
      - application/json
      Accept-Encoding:
      - gzip, deflate
      CommandName:
      - vmss get-instance-view
      Connection:
      - keep-alive
      ParameterSetName:
      - --resource-group --name --instance-id
      User-Agent:
      - python/3.7.8 (Windows-10-10.0.19041-SP0) msrest/0.6.18 msrest_azure/0.6.3
        azure-mgmt-compute/14.0.0 Azure-SDK-For-Python AZURECLI/2.15.1
      accept-language:
      - en-US
    method: GET
    uri: https://management.azure.com/subscriptions/00000000-0000-0000-0000-000000000000/resourceGroups/cli_test_vmss_vms000001/providers/Microsoft.Compute/virtualMachineScaleSets/vmss1/virtualmachines/2/instanceView?api-version=2020-06-01
  response:
    body:
      string: "{\r\n  \"placementGroupId\": \"808324e9-4b8a-49d4-820a-379dc59f8340\",\r\n
        \ \"platformUpdateDomain\": 2,\r\n  \"platformFaultDomain\": 2,\r\n  \"computerName\":
        \"vmss180b8000002\",\r\n  \"osName\": \"ubuntu\",\r\n  \"osVersion\": \"18.04\",\r\n
        \ \"vmAgent\": {\r\n    \"vmAgentVersion\": \"2.2.52\",\r\n    \"statuses\":
        [\r\n      {\r\n        \"code\": \"ProvisioningState/succeeded\",\r\n        \"level\":
        \"Info\",\r\n        \"displayStatus\": \"Ready\",\r\n        \"message\":
        \"Guest Agent is running\",\r\n        \"time\": \"2020-12-02T11:11:51+00:00\"\r\n
        \     }\r\n    ],\r\n    \"extensionHandlers\": []\r\n  },\r\n  \"disks\":
        [\r\n    {\r\n      \"name\": \"vmss1_vmss1_2_OsDisk_1_2511cc74ecc643d1b24d9b846759147e\",\r\n
        \     \"statuses\": [\r\n        {\r\n          \"code\": \"ProvisioningState/succeeded\",\r\n
        \         \"level\": \"Info\",\r\n          \"displayStatus\": \"Provisioning
        succeeded\",\r\n          \"time\": \"2020-12-02T11:09:33.6721718+00:00\"\r\n
        \       }\r\n      ]\r\n    }\r\n  ],\r\n  \"hyperVGeneration\": \"V1\",\r\n
        \ \"statuses\": [\r\n    {\r\n      \"code\": \"ProvisioningState/succeeded\",\r\n
        \     \"level\": \"Info\",\r\n      \"displayStatus\": \"Provisioning succeeded\",\r\n
        \     \"time\": \"2020-12-02T11:11:20.2036253+00:00\"\r\n    },\r\n    {\r\n
        \     \"code\": \"PowerState/running\",\r\n      \"level\": \"Info\",\r\n
        \     \"displayStatus\": \"VM running\"\r\n    }\r\n  ]\r\n}"
    headers:
      cache-control:
      - no-cache
      content-length:
      - '1237'
      content-type:
      - application/json; charset=utf-8
      date:
      - Wed, 02 Dec 2020 11:12:17 GMT
      expires:
      - '-1'
      pragma:
      - no-cache
      server:
      - Microsoft-HTTPAPI/2.0
      - Microsoft-HTTPAPI/2.0
      strict-transport-security:
      - max-age=31536000; includeSubDomains
      transfer-encoding:
      - chunked
      vary:
      - Accept-Encoding
      x-content-type-options:
      - nosniff
      x-ms-ratelimit-remaining-resource:
      - Microsoft.Compute/GetVMScaleSetVM3Min;998,Microsoft.Compute/GetVMScaleSetVM30Min;4997,Microsoft.Compute/VMScaleSetVMViews3Min;4988
      x-ms-request-charge:
      - '1'
    status:
      code: 200
      message: OK
- request:
    body: null
    headers:
      Accept:
      - application/json
      Accept-Encoding:
      - gzip, deflate
      CommandName:
      - vmss get-instance-view
      Connection:
      - keep-alive
      ParameterSetName:
      - --resource-group --name --instance-id
      User-Agent:
      - python/3.7.8 (Windows-10-10.0.19041-SP0) msrest/0.6.18 msrest_azure/0.6.3
        azure-mgmt-compute/14.0.0 Azure-SDK-For-Python AZURECLI/2.15.1
      accept-language:
      - en-US
    method: GET
    uri: https://management.azure.com/subscriptions/00000000-0000-0000-0000-000000000000/resourceGroups/cli_test_vmss_vms000001/providers/Microsoft.Compute/virtualMachineScaleSets/vmss1/virtualmachines/3/instanceView?api-version=2020-06-01
  response:
    body:
      string: "{\r\n  \"placementGroupId\": \"808324e9-4b8a-49d4-820a-379dc59f8340\",\r\n
        \ \"platformUpdateDomain\": 3,\r\n  \"platformFaultDomain\": 3,\r\n  \"computerName\":
        \"vmss180b8000003\",\r\n  \"osName\": \"ubuntu\",\r\n  \"osVersion\": \"18.04\",\r\n
        \ \"vmAgent\": {\r\n    \"vmAgentVersion\": \"2.2.52\",\r\n    \"statuses\":
        [\r\n      {\r\n        \"code\": \"ProvisioningState/succeeded\",\r\n        \"level\":
        \"Info\",\r\n        \"displayStatus\": \"Ready\",\r\n        \"message\":
        \"Guest Agent is running\",\r\n        \"time\": \"2020-12-02T11:11:56+00:00\"\r\n
        \     }\r\n    ],\r\n    \"extensionHandlers\": []\r\n  },\r\n  \"disks\":
        [\r\n    {\r\n      \"name\": \"vmss1_vmss1_3_OsDisk_1_269663aba3364b7cbe84942986709e73\",\r\n
        \     \"statuses\": [\r\n        {\r\n          \"code\": \"ProvisioningState/succeeded\",\r\n
        \         \"level\": \"Info\",\r\n          \"displayStatus\": \"Provisioning
        succeeded\",\r\n          \"time\": \"2020-12-02T11:09:33.6721718+00:00\"\r\n
        \       }\r\n      ]\r\n    }\r\n  ],\r\n  \"hyperVGeneration\": \"V1\",\r\n
        \ \"statuses\": [\r\n    {\r\n      \"code\": \"ProvisioningState/succeeded\",\r\n
        \     \"level\": \"Info\",\r\n      \"displayStatus\": \"Provisioning succeeded\",\r\n
        \     \"time\": \"2020-12-02T11:11:20.2192507+00:00\"\r\n    },\r\n    {\r\n
        \     \"code\": \"PowerState/running\",\r\n      \"level\": \"Info\",\r\n
        \     \"displayStatus\": \"VM running\"\r\n    }\r\n  ]\r\n}"
    headers:
      cache-control:
      - no-cache
      content-length:
      - '1237'
      content-type:
      - application/json; charset=utf-8
      date:
      - Wed, 02 Dec 2020 11:12:19 GMT
      expires:
      - '-1'
      pragma:
      - no-cache
      server:
      - Microsoft-HTTPAPI/2.0
      - Microsoft-HTTPAPI/2.0
      strict-transport-security:
      - max-age=31536000; includeSubDomains
      transfer-encoding:
      - chunked
      vary:
      - Accept-Encoding
      x-content-type-options:
      - nosniff
      x-ms-ratelimit-remaining-resource:
      - Microsoft.Compute/GetVMScaleSetVM3Min;997,Microsoft.Compute/GetVMScaleSetVM30Min;4996,Microsoft.Compute/VMScaleSetVMViews3Min;4987
      x-ms-request-charge:
      - '1'
    status:
      code: 200
      message: OK
- request:
    body: null
    headers:
      Accept:
      - application/json
      Accept-Encoding:
      - gzip, deflate
      CommandName:
      - vmss stop
      Connection:
      - keep-alive
      Content-Length:
      - '0'
      ParameterSetName:
      - --resource-group --name --instance-ids
      User-Agent:
      - python/3.7.8 (Windows-10-10.0.19041-SP0) msrest/0.6.18 msrest_azure/0.6.3
        azure-mgmt-compute/14.0.0 Azure-SDK-For-Python AZURECLI/2.15.1
      accept-language:
      - en-US
    method: POST
    uri: https://management.azure.com/subscriptions/00000000-0000-0000-0000-000000000000/resourceGroups/cli_test_vmss_vms000001/providers/Microsoft.Compute/virtualMachineScaleSets/vmss1/virtualmachines/%2A/poweroff?skipShutdown=false&api-version=2020-06-01
  response:
    body:
      string: ''
    headers:
      azure-asyncoperation:
      - https://management.azure.com/subscriptions/00000000-0000-0000-0000-000000000000/providers/Microsoft.Compute/locations/westus/operations/140686a4-c667-4336-8a3f-1214bcb37c88?api-version=2020-06-01
      cache-control:
      - no-cache
      content-length:
      - '0'
      date:
      - Wed, 02 Dec 2020 11:12:20 GMT
      expires:
      - '-1'
      location:
      - https://management.azure.com/subscriptions/00000000-0000-0000-0000-000000000000/providers/Microsoft.Compute/locations/westus/operations/140686a4-c667-4336-8a3f-1214bcb37c88?monitor=true&api-version=2020-06-01
      pragma:
      - no-cache
      server:
      - Microsoft-HTTPAPI/2.0
      - Microsoft-HTTPAPI/2.0
      strict-transport-security:
      - max-age=31536000; includeSubDomains
      x-content-type-options:
      - nosniff
      x-ms-ratelimit-remaining-resource:
      - Microsoft.Compute/DeleteVMScaleSetVM3Min;239,Microsoft.Compute/DeleteVMScaleSetVM30Min;1199,Microsoft.Compute/VMScaleSetBatchedVMRequests5Min;1179,Microsoft.Compute/VmssQueuedVMOperations;4798
      x-ms-ratelimit-remaining-subscription-writes:
      - '1199'
      x-ms-request-charge:
      - '2'
    status:
      code: 202
      message: Accepted
- request:
    body: null
    headers:
      Accept:
      - application/json
      Accept-Encoding:
      - gzip, deflate
      CommandName:
      - vmss stop
      Connection:
      - keep-alive
      ParameterSetName:
      - --resource-group --name --instance-ids
      User-Agent:
      - python/3.7.8 (Windows-10-10.0.19041-SP0) msrest/0.6.18 msrest_azure/0.6.3
        azure-mgmt-compute/14.0.0 Azure-SDK-For-Python AZURECLI/2.15.1
    method: GET
    uri: https://management.azure.com/subscriptions/00000000-0000-0000-0000-000000000000/providers/Microsoft.Compute/locations/westus/operations/140686a4-c667-4336-8a3f-1214bcb37c88?api-version=2020-06-01
  response:
    body:
      string: "{\r\n  \"startTime\": \"2020-12-02T11:12:21.0325499+00:00\",\r\n  \"endTime\":
        \"2020-12-02T11:12:28.9700089+00:00\",\r\n  \"status\": \"Succeeded\",\r\n
        \ \"name\": \"140686a4-c667-4336-8a3f-1214bcb37c88\"\r\n}"
    headers:
      cache-control:
      - no-cache
      content-length:
      - '184'
      content-type:
      - application/json; charset=utf-8
      date:
      - Wed, 02 Dec 2020 11:12:51 GMT
      expires:
      - '-1'
      pragma:
      - no-cache
      server:
      - Microsoft-HTTPAPI/2.0
      - Microsoft-HTTPAPI/2.0
      strict-transport-security:
      - max-age=31536000; includeSubDomains
      transfer-encoding:
      - chunked
      vary:
      - Accept-Encoding
      x-content-type-options:
      - nosniff
      x-ms-ratelimit-remaining-resource:
      - Microsoft.Compute/GetOperation3Min;14961,Microsoft.Compute/GetOperation30Min;29887
    status:
      code: 200
      message: OK
- request:
    body: null
    headers:
      Accept:
      - application/json
      Accept-Encoding:
      - gzip, deflate
      CommandName:
      - vmss get-instance-view
      Connection:
      - keep-alive
      ParameterSetName:
      - --resource-group --name --instance-id
      User-Agent:
      - python/3.7.8 (Windows-10-10.0.19041-SP0) msrest/0.6.18 msrest_azure/0.6.3
        azure-mgmt-compute/14.0.0 Azure-SDK-For-Python AZURECLI/2.15.1
      accept-language:
      - en-US
    method: GET
    uri: https://management.azure.com/subscriptions/00000000-0000-0000-0000-000000000000/resourceGroups/cli_test_vmss_vms000001/providers/Microsoft.Compute/virtualMachineScaleSets/vmss1/virtualmachines/2/instanceView?api-version=2020-06-01
  response:
    body:
      string: "{\r\n  \"placementGroupId\": \"808324e9-4b8a-49d4-820a-379dc59f8340\",\r\n
        \ \"platformUpdateDomain\": 2,\r\n  \"platformFaultDomain\": 2,\r\n  \"computerName\":
        \"vmss180b8000002\",\r\n  \"osName\": \"ubuntu\",\r\n  \"osVersion\": \"18.04\",\r\n
        \ \"vmAgent\": {\r\n    \"vmAgentVersion\": \"2.2.52\",\r\n    \"statuses\":
        [\r\n      {\r\n        \"code\": \"ProvisioningState/succeeded\",\r\n        \"level\":
        \"Info\",\r\n        \"displayStatus\": \"Ready\",\r\n        \"message\":
        \"Guest Agent is running\",\r\n        \"time\": \"2020-12-02T11:11:51+00:00\"\r\n
        \     }\r\n    ],\r\n    \"extensionHandlers\": []\r\n  },\r\n  \"disks\":
        [\r\n    {\r\n      \"name\": \"vmss1_vmss1_2_OsDisk_1_2511cc74ecc643d1b24d9b846759147e\",\r\n
        \     \"statuses\": [\r\n        {\r\n          \"code\": \"ProvisioningState/succeeded\",\r\n
        \         \"level\": \"Info\",\r\n          \"displayStatus\": \"Provisioning
        succeeded\",\r\n          \"time\": \"2020-12-02T11:09:33.6721718+00:00\"\r\n
        \       }\r\n      ]\r\n    }\r\n  ],\r\n  \"hyperVGeneration\": \"V1\",\r\n
        \ \"statuses\": [\r\n    {\r\n      \"code\": \"ProvisioningState/succeeded\",\r\n
        \     \"level\": \"Info\",\r\n      \"displayStatus\": \"Provisioning succeeded\",\r\n
        \     \"time\": \"2020-12-02T11:12:28.9543941+00:00\"\r\n    },\r\n    {\r\n
        \     \"code\": \"PowerState/stopped\",\r\n      \"level\": \"Info\",\r\n
        \     \"displayStatus\": \"VM stopped\"\r\n    }\r\n  ]\r\n}"
    headers:
      cache-control:
      - no-cache
      content-length:
      - '1237'
      content-type:
      - application/json; charset=utf-8
      date:
      - Wed, 02 Dec 2020 11:12:52 GMT
      expires:
      - '-1'
      pragma:
      - no-cache
      server:
      - Microsoft-HTTPAPI/2.0
      - Microsoft-HTTPAPI/2.0
      strict-transport-security:
      - max-age=31536000; includeSubDomains
      transfer-encoding:
      - chunked
      vary:
      - Accept-Encoding
      x-content-type-options:
      - nosniff
      x-ms-ratelimit-remaining-resource:
      - Microsoft.Compute/GetVMScaleSetVM3Min;996,Microsoft.Compute/GetVMScaleSetVM30Min;4995,Microsoft.Compute/VMScaleSetVMViews3Min;4984
      x-ms-request-charge:
      - '1'
    status:
      code: 200
      message: OK
- request:
    body: null
    headers:
      Accept:
      - application/json
      Accept-Encoding:
      - gzip, deflate
      CommandName:
      - vmss get-instance-view
      Connection:
      - keep-alive
      ParameterSetName:
      - --resource-group --name --instance-id
      User-Agent:
      - python/3.7.8 (Windows-10-10.0.19041-SP0) msrest/0.6.18 msrest_azure/0.6.3
        azure-mgmt-compute/14.0.0 Azure-SDK-For-Python AZURECLI/2.15.1
      accept-language:
      - en-US
    method: GET
    uri: https://management.azure.com/subscriptions/00000000-0000-0000-0000-000000000000/resourceGroups/cli_test_vmss_vms000001/providers/Microsoft.Compute/virtualMachineScaleSets/vmss1/virtualmachines/3/instanceView?api-version=2020-06-01
  response:
    body:
      string: "{\r\n  \"placementGroupId\": \"808324e9-4b8a-49d4-820a-379dc59f8340\",\r\n
        \ \"platformUpdateDomain\": 3,\r\n  \"platformFaultDomain\": 3,\r\n  \"computerName\":
        \"vmss180b8000003\",\r\n  \"osName\": \"ubuntu\",\r\n  \"osVersion\": \"18.04\",\r\n
        \ \"vmAgent\": {\r\n    \"vmAgentVersion\": \"2.2.52\",\r\n    \"statuses\":
        [\r\n      {\r\n        \"code\": \"ProvisioningState/succeeded\",\r\n        \"level\":
        \"Info\",\r\n        \"displayStatus\": \"Ready\",\r\n        \"message\":
        \"Guest Agent is running\",\r\n        \"time\": \"2020-12-02T11:11:56+00:00\"\r\n
        \     }\r\n    ],\r\n    \"extensionHandlers\": []\r\n  },\r\n  \"disks\":
        [\r\n    {\r\n      \"name\": \"vmss1_vmss1_3_OsDisk_1_269663aba3364b7cbe84942986709e73\",\r\n
        \     \"statuses\": [\r\n        {\r\n          \"code\": \"ProvisioningState/succeeded\",\r\n
        \         \"level\": \"Info\",\r\n          \"displayStatus\": \"Provisioning
        succeeded\",\r\n          \"time\": \"2020-12-02T11:09:33.6721718+00:00\"\r\n
        \       }\r\n      ]\r\n    }\r\n  ],\r\n  \"hyperVGeneration\": \"V1\",\r\n
        \ \"statuses\": [\r\n    {\r\n      \"code\": \"ProvisioningState/succeeded\",\r\n
        \     \"level\": \"Info\",\r\n      \"displayStatus\": \"Provisioning succeeded\",\r\n
        \     \"time\": \"2020-12-02T11:12:28.9543941+00:00\"\r\n    },\r\n    {\r\n
        \     \"code\": \"PowerState/stopped\",\r\n      \"level\": \"Info\",\r\n
        \     \"displayStatus\": \"VM stopped\"\r\n    }\r\n  ]\r\n}"
    headers:
      cache-control:
      - no-cache
      content-length:
      - '1237'
      content-type:
      - application/json; charset=utf-8
      date:
      - Wed, 02 Dec 2020 11:12:54 GMT
      expires:
      - '-1'
      pragma:
      - no-cache
      server:
      - Microsoft-HTTPAPI/2.0
      - Microsoft-HTTPAPI/2.0
      strict-transport-security:
      - max-age=31536000; includeSubDomains
      transfer-encoding:
      - chunked
      vary:
      - Accept-Encoding
      x-content-type-options:
      - nosniff
      x-ms-ratelimit-remaining-resource:
      - Microsoft.Compute/GetVMScaleSetVM3Min;995,Microsoft.Compute/GetVMScaleSetVM30Min;4994,Microsoft.Compute/VMScaleSetVMViews3Min;4983
      x-ms-request-charge:
      - '1'
    status:
      code: 200
      message: OK
- request:
    body: null
    headers:
      Accept:
      - application/json
      Accept-Encoding:
      - gzip, deflate
      CommandName:
      - vmss start
      Connection:
      - keep-alive
      Content-Length:
      - '0'
      ParameterSetName:
      - --resource-group --name --instance-ids
      User-Agent:
      - python/3.7.8 (Windows-10-10.0.19041-SP0) msrest/0.6.18 msrest_azure/0.6.3
        azure-mgmt-compute/14.0.0 Azure-SDK-For-Python AZURECLI/2.15.1
      accept-language:
      - en-US
    method: POST
    uri: https://management.azure.com/subscriptions/00000000-0000-0000-0000-000000000000/resourceGroups/cli_test_vmss_vms000001/providers/Microsoft.Compute/virtualMachineScaleSets/vmss1/virtualmachines/%2A/start?api-version=2020-06-01
  response:
    body:
      string: ''
    headers:
      azure-asyncoperation:
      - https://management.azure.com/subscriptions/00000000-0000-0000-0000-000000000000/providers/Microsoft.Compute/locations/westus/operations/6617a4c0-6dbe-4a9b-92ab-f7f1626df1f5?api-version=2020-06-01
      cache-control:
      - no-cache
      content-length:
      - '0'
      date:
      - Wed, 02 Dec 2020 11:12:55 GMT
      expires:
      - '-1'
      location:
      - https://management.azure.com/subscriptions/00000000-0000-0000-0000-000000000000/providers/Microsoft.Compute/locations/westus/operations/6617a4c0-6dbe-4a9b-92ab-f7f1626df1f5?monitor=true&api-version=2020-06-01
      pragma:
      - no-cache
      server:
      - Microsoft-HTTPAPI/2.0
      - Microsoft-HTTPAPI/2.0
      strict-transport-security:
      - max-age=31536000; includeSubDomains
      x-content-type-options:
      - nosniff
      x-ms-ratelimit-remaining-resource:
      - Microsoft.Compute/VMScaleSetActions3Min;238,Microsoft.Compute/VMScaleSetActions30Min;1198,Microsoft.Compute/VMScaleSetVMActions3Min;198,Microsoft.Compute/VMScaleSetVMActions30Min;998,Microsoft.Compute/VMScaleSetBatchedVMRequests5Min;1177,Microsoft.Compute/VmssQueuedVMOperations;4798
      x-ms-ratelimit-remaining-subscription-writes:
      - '1199'
      x-ms-request-charge:
      - '2'
    status:
      code: 202
      message: Accepted
- request:
    body: null
    headers:
      Accept:
      - application/json
      Accept-Encoding:
      - gzip, deflate
      CommandName:
      - vmss start
      Connection:
      - keep-alive
      ParameterSetName:
      - --resource-group --name --instance-ids
      User-Agent:
      - python/3.7.8 (Windows-10-10.0.19041-SP0) msrest/0.6.18 msrest_azure/0.6.3
        azure-mgmt-compute/14.0.0 Azure-SDK-For-Python AZURECLI/2.15.1
    method: GET
    uri: https://management.azure.com/subscriptions/00000000-0000-0000-0000-000000000000/providers/Microsoft.Compute/locations/westus/operations/6617a4c0-6dbe-4a9b-92ab-f7f1626df1f5?api-version=2020-06-01
  response:
    body:
      string: "{\r\n  \"startTime\": \"2020-12-02T11:12:56.3449336+00:00\",\r\n  \"endTime\":
        \"2020-12-02T11:13:05.7668234+00:00\",\r\n  \"status\": \"Succeeded\",\r\n
        \ \"name\": \"6617a4c0-6dbe-4a9b-92ab-f7f1626df1f5\"\r\n}"
    headers:
      cache-control:
      - no-cache
      content-length:
      - '184'
      content-type:
      - application/json; charset=utf-8
      date:
      - Wed, 02 Dec 2020 11:13:26 GMT
      expires:
      - '-1'
      pragma:
      - no-cache
      server:
      - Microsoft-HTTPAPI/2.0
      - Microsoft-HTTPAPI/2.0
      strict-transport-security:
      - max-age=31536000; includeSubDomains
      transfer-encoding:
      - chunked
      vary:
      - Accept-Encoding
      x-content-type-options:
      - nosniff
      x-ms-ratelimit-remaining-resource:
      - Microsoft.Compute/GetOperation3Min;14963,Microsoft.Compute/GetOperation30Min;29883
    status:
      code: 200
      message: OK
- request:
    body: null
    headers:
      Accept:
      - application/json
      Accept-Encoding:
      - gzip, deflate
      CommandName:
      - vmss get-instance-view
      Connection:
      - keep-alive
      ParameterSetName:
      - --resource-group --name --instance-id
      User-Agent:
      - python/3.7.8 (Windows-10-10.0.19041-SP0) msrest/0.6.18 msrest_azure/0.6.3
        azure-mgmt-compute/14.0.0 Azure-SDK-For-Python AZURECLI/2.15.1
      accept-language:
      - en-US
    method: GET
    uri: https://management.azure.com/subscriptions/00000000-0000-0000-0000-000000000000/resourceGroups/cli_test_vmss_vms000001/providers/Microsoft.Compute/virtualMachineScaleSets/vmss1/virtualmachines/2/instanceView?api-version=2020-06-01
  response:
    body:
      string: "{\r\n  \"placementGroupId\": \"808324e9-4b8a-49d4-820a-379dc59f8340\",\r\n
        \ \"platformUpdateDomain\": 2,\r\n  \"platformFaultDomain\": 2,\r\n  \"computerName\":
        \"vmss180b8000002\",\r\n  \"osName\": \"ubuntu\",\r\n  \"osVersion\": \"18.04\",\r\n
        \ \"vmAgent\": {\r\n    \"vmAgentVersion\": \"2.2.52\",\r\n    \"statuses\":
        [\r\n      {\r\n        \"code\": \"ProvisioningState/succeeded\",\r\n        \"level\":
        \"Info\",\r\n        \"displayStatus\": \"Ready\",\r\n        \"message\":
        \"Guest Agent is running\",\r\n        \"time\": \"2020-12-02T11:11:51+00:00\"\r\n
        \     }\r\n    ],\r\n    \"extensionHandlers\": []\r\n  },\r\n  \"disks\":
        [\r\n    {\r\n      \"name\": \"vmss1_vmss1_2_OsDisk_1_2511cc74ecc643d1b24d9b846759147e\",\r\n
        \     \"statuses\": [\r\n        {\r\n          \"code\": \"ProvisioningState/succeeded\",\r\n
        \         \"level\": \"Info\",\r\n          \"displayStatus\": \"Provisioning
        succeeded\",\r\n          \"time\": \"2020-12-02T11:09:33.6721718+00:00\"\r\n
        \       }\r\n      ]\r\n    }\r\n  ],\r\n  \"hyperVGeneration\": \"V1\",\r\n
        \ \"statuses\": [\r\n    {\r\n      \"code\": \"ProvisioningState/succeeded\",\r\n
        \     \"level\": \"Info\",\r\n      \"displayStatus\": \"Provisioning succeeded\",\r\n
        \     \"time\": \"2020-12-02T11:12:59.9855641+00:00\"\r\n    },\r\n    {\r\n
        \     \"code\": \"PowerState/running\",\r\n      \"level\": \"Info\",\r\n
        \     \"displayStatus\": \"VM running\"\r\n    }\r\n  ]\r\n}"
    headers:
      cache-control:
      - no-cache
      content-length:
      - '1237'
      content-type:
      - application/json; charset=utf-8
      date:
      - Wed, 02 Dec 2020 11:13:28 GMT
      expires:
      - '-1'
      pragma:
      - no-cache
      server:
      - Microsoft-HTTPAPI/2.0
      - Microsoft-HTTPAPI/2.0
      strict-transport-security:
      - max-age=31536000; includeSubDomains
      transfer-encoding:
      - chunked
      vary:
      - Accept-Encoding
      x-content-type-options:
      - nosniff
      x-ms-ratelimit-remaining-resource:
      - Microsoft.Compute/GetVMScaleSetVM3Min;994,Microsoft.Compute/GetVMScaleSetVM30Min;4993,Microsoft.Compute/VMScaleSetVMViews3Min;4980
      x-ms-request-charge:
      - '1'
    status:
      code: 200
      message: OK
- request:
    body: null
    headers:
      Accept:
      - application/json
      Accept-Encoding:
      - gzip, deflate
      CommandName:
      - vmss get-instance-view
      Connection:
      - keep-alive
      ParameterSetName:
      - --resource-group --name --instance-id
      User-Agent:
      - python/3.7.8 (Windows-10-10.0.19041-SP0) msrest/0.6.18 msrest_azure/0.6.3
        azure-mgmt-compute/14.0.0 Azure-SDK-For-Python AZURECLI/2.15.1
      accept-language:
      - en-US
    method: GET
    uri: https://management.azure.com/subscriptions/00000000-0000-0000-0000-000000000000/resourceGroups/cli_test_vmss_vms000001/providers/Microsoft.Compute/virtualMachineScaleSets/vmss1/virtualmachines/3/instanceView?api-version=2020-06-01
  response:
    body:
      string: "{\r\n  \"placementGroupId\": \"808324e9-4b8a-49d4-820a-379dc59f8340\",\r\n
        \ \"platformUpdateDomain\": 3,\r\n  \"platformFaultDomain\": 3,\r\n  \"computerName\":
        \"vmss180b8000003\",\r\n  \"osName\": \"ubuntu\",\r\n  \"osVersion\": \"18.04\",\r\n
        \ \"vmAgent\": {\r\n    \"vmAgentVersion\": \"2.2.52\",\r\n    \"statuses\":
        [\r\n      {\r\n        \"code\": \"ProvisioningState/succeeded\",\r\n        \"level\":
        \"Info\",\r\n        \"displayStatus\": \"Ready\",\r\n        \"message\":
        \"Guest Agent is running\",\r\n        \"time\": \"2020-12-02T11:13:29+00:00\"\r\n
        \     }\r\n    ],\r\n    \"extensionHandlers\": []\r\n  },\r\n  \"disks\":
        [\r\n    {\r\n      \"name\": \"vmss1_vmss1_3_OsDisk_1_269663aba3364b7cbe84942986709e73\",\r\n
        \     \"statuses\": [\r\n        {\r\n          \"code\": \"ProvisioningState/succeeded\",\r\n
        \         \"level\": \"Info\",\r\n          \"displayStatus\": \"Provisioning
        succeeded\",\r\n          \"time\": \"2020-12-02T11:09:33.6721718+00:00\"\r\n
        \       }\r\n      ]\r\n    }\r\n  ],\r\n  \"hyperVGeneration\": \"V1\",\r\n
        \ \"statuses\": [\r\n    {\r\n      \"code\": \"ProvisioningState/succeeded\",\r\n
        \     \"level\": \"Info\",\r\n      \"displayStatus\": \"Provisioning succeeded\",\r\n
        \     \"time\": \"2020-12-02T11:13:05.7511996+00:00\"\r\n    },\r\n    {\r\n
        \     \"code\": \"PowerState/running\",\r\n      \"level\": \"Info\",\r\n
        \     \"displayStatus\": \"VM running\"\r\n    }\r\n  ]\r\n}"
    headers:
      cache-control:
      - no-cache
      content-length:
      - '1237'
      content-type:
      - application/json; charset=utf-8
      date:
      - Wed, 02 Dec 2020 11:13:29 GMT
      expires:
      - '-1'
      pragma:
      - no-cache
      server:
      - Microsoft-HTTPAPI/2.0
      - Microsoft-HTTPAPI/2.0
      strict-transport-security:
      - max-age=31536000; includeSubDomains
      transfer-encoding:
      - chunked
      vary:
      - Accept-Encoding
      x-content-type-options:
      - nosniff
      x-ms-ratelimit-remaining-resource:
      - Microsoft.Compute/GetVMScaleSetVM3Min;993,Microsoft.Compute/GetVMScaleSetVM30Min;4992,Microsoft.Compute/VMScaleSetVMViews3Min;4983
      x-ms-request-charge:
      - '1'
    status:
      code: 200
      message: OK
- request:
    body: null
    headers:
      Accept:
      - application/json
      Accept-Encoding:
      - gzip, deflate
      CommandName:
      - vmss deallocate
      Connection:
      - keep-alive
      Content-Length:
      - '0'
      ParameterSetName:
      - --resource-group --name --instance-ids
      User-Agent:
      - python/3.7.8 (Windows-10-10.0.19041-SP0) msrest/0.6.18 msrest_azure/0.6.3
        azure-mgmt-compute/14.0.0 Azure-SDK-For-Python AZURECLI/2.15.1
      accept-language:
      - en-US
    method: POST
    uri: https://management.azure.com/subscriptions/00000000-0000-0000-0000-000000000000/resourceGroups/cli_test_vmss_vms000001/providers/Microsoft.Compute/virtualMachineScaleSets/vmss1/virtualmachines/%2A/deallocate?api-version=2020-06-01
  response:
    body:
      string: ''
    headers:
      azure-asyncoperation:
      - https://management.azure.com/subscriptions/00000000-0000-0000-0000-000000000000/providers/Microsoft.Compute/locations/westus/operations/a24de3f0-6497-4e3d-b3d5-2ad62c561e0e?api-version=2020-06-01
      cache-control:
      - no-cache
      content-length:
      - '0'
      date:
      - Wed, 02 Dec 2020 11:13:31 GMT
      expires:
      - '-1'
      location:
      - https://management.azure.com/subscriptions/00000000-0000-0000-0000-000000000000/providers/Microsoft.Compute/locations/westus/operations/a24de3f0-6497-4e3d-b3d5-2ad62c561e0e?monitor=true&api-version=2020-06-01
      pragma:
      - no-cache
      server:
      - Microsoft-HTTPAPI/2.0
      - Microsoft-HTTPAPI/2.0
      strict-transport-security:
      - max-age=31536000; includeSubDomains
      x-content-type-options:
      - nosniff
      x-ms-ratelimit-remaining-resource:
      - Microsoft.Compute/DeleteVMScaleSetVM3Min;238,Microsoft.Compute/DeleteVMScaleSetVM30Min;1198,Microsoft.Compute/VMScaleSetBatchedVMRequests5Min;1182,Microsoft.Compute/VmssQueuedVMOperations;4798
      x-ms-ratelimit-remaining-subscription-writes:
      - '1197'
      x-ms-request-charge:
      - '2'
    status:
      code: 202
      message: Accepted
- request:
    body: null
    headers:
      Accept:
      - application/json
      Accept-Encoding:
      - gzip, deflate
      CommandName:
      - vmss deallocate
      Connection:
      - keep-alive
      ParameterSetName:
      - --resource-group --name --instance-ids
      User-Agent:
      - python/3.7.8 (Windows-10-10.0.19041-SP0) msrest/0.6.18 msrest_azure/0.6.3
        azure-mgmt-compute/14.0.0 Azure-SDK-For-Python AZURECLI/2.15.1
    method: GET
    uri: https://management.azure.com/subscriptions/00000000-0000-0000-0000-000000000000/providers/Microsoft.Compute/locations/westus/operations/a24de3f0-6497-4e3d-b3d5-2ad62c561e0e?api-version=2020-06-01
  response:
    body:
      string: "{\r\n  \"startTime\": \"2020-12-02T11:13:31.7980814+00:00\",\r\n  \"status\":
        \"InProgress\",\r\n  \"name\": \"a24de3f0-6497-4e3d-b3d5-2ad62c561e0e\"\r\n}"
    headers:
      cache-control:
      - no-cache
      content-length:
      - '134'
      content-type:
      - application/json; charset=utf-8
      date:
      - Wed, 02 Dec 2020 11:14:02 GMT
      expires:
      - '-1'
      pragma:
      - no-cache
      server:
      - Microsoft-HTTPAPI/2.0
      - Microsoft-HTTPAPI/2.0
      strict-transport-security:
      - max-age=31536000; includeSubDomains
      transfer-encoding:
      - chunked
      vary:
      - Accept-Encoding
      x-content-type-options:
      - nosniff
      x-ms-ratelimit-remaining-resource:
      - Microsoft.Compute/GetOperation3Min;14964,Microsoft.Compute/GetOperation30Min;29875
    status:
      code: 200
      message: OK
- request:
    body: null
    headers:
      Accept:
      - application/json
      Accept-Encoding:
      - gzip, deflate
      CommandName:
      - vmss deallocate
      Connection:
      - keep-alive
      ParameterSetName:
      - --resource-group --name --instance-ids
      User-Agent:
      - python/3.7.8 (Windows-10-10.0.19041-SP0) msrest/0.6.18 msrest_azure/0.6.3
        azure-mgmt-compute/14.0.0 Azure-SDK-For-Python AZURECLI/2.15.1
    method: GET
    uri: https://management.azure.com/subscriptions/00000000-0000-0000-0000-000000000000/providers/Microsoft.Compute/locations/westus/operations/a24de3f0-6497-4e3d-b3d5-2ad62c561e0e?api-version=2020-06-01
  response:
    body:
      string: "{\r\n  \"startTime\": \"2020-12-02T11:13:31.7980814+00:00\",\r\n  \"endTime\":
        \"2020-12-02T11:14:18.9231138+00:00\",\r\n  \"status\": \"Succeeded\",\r\n
        \ \"name\": \"a24de3f0-6497-4e3d-b3d5-2ad62c561e0e\"\r\n}"
    headers:
      cache-control:
      - no-cache
      content-length:
      - '184'
      content-type:
      - application/json; charset=utf-8
      date:
      - Wed, 02 Dec 2020 11:14:32 GMT
      expires:
      - '-1'
      pragma:
      - no-cache
      server:
      - Microsoft-HTTPAPI/2.0
      - Microsoft-HTTPAPI/2.0
      strict-transport-security:
      - max-age=31536000; includeSubDomains
      transfer-encoding:
      - chunked
      vary:
      - Accept-Encoding
      x-content-type-options:
      - nosniff
      x-ms-ratelimit-remaining-resource:
      - Microsoft.Compute/GetOperation3Min;14967,Microsoft.Compute/GetOperation30Min;29870
    status:
      code: 200
      message: OK
- request:
    body: null
    headers:
      Accept:
      - application/json
      Accept-Encoding:
      - gzip, deflate
      CommandName:
      - vmss get-instance-view
      Connection:
      - keep-alive
      ParameterSetName:
      - --resource-group --name --instance-id
      User-Agent:
      - python/3.7.8 (Windows-10-10.0.19041-SP0) msrest/0.6.18 msrest_azure/0.6.3
        azure-mgmt-compute/14.0.0 Azure-SDK-For-Python AZURECLI/2.15.1
      accept-language:
      - en-US
    method: GET
    uri: https://management.azure.com/subscriptions/00000000-0000-0000-0000-000000000000/resourceGroups/cli_test_vmss_vms000001/providers/Microsoft.Compute/virtualMachineScaleSets/vmss1/virtualmachines/2/instanceView?api-version=2020-06-01
  response:
    body:
      string: "{\r\n  \"placementGroupId\": \"808324e9-4b8a-49d4-820a-379dc59f8340\",\r\n
        \ \"platformUpdateDomain\": 2,\r\n  \"platformFaultDomain\": 2,\r\n  \"disks\":
        [\r\n    {\r\n      \"name\": \"vmss1_vmss1_2_OsDisk_1_2511cc74ecc643d1b24d9b846759147e\",\r\n
        \     \"statuses\": [\r\n        {\r\n          \"code\": \"ProvisioningState/succeeded\",\r\n
        \         \"level\": \"Info\",\r\n          \"displayStatus\": \"Provisioning
        succeeded\",\r\n          \"time\": \"2020-12-02T11:14:16.4855995+00:00\"\r\n
        \       }\r\n      ]\r\n    }\r\n  ],\r\n  \"hyperVGeneration\": \"V1\",\r\n
        \ \"statuses\": [\r\n    {\r\n      \"code\": \"ProvisioningState/succeeded\",\r\n
        \     \"level\": \"Info\",\r\n      \"displayStatus\": \"Provisioning succeeded\",\r\n
        \     \"time\": \"2020-12-02T11:14:16.516851+00:00\"\r\n    },\r\n    {\r\n
        \     \"code\": \"PowerState/deallocated\",\r\n      \"level\": \"Info\",\r\n
        \     \"displayStatus\": \"VM deallocated\"\r\n    }\r\n  ]\r\n}"
    headers:
      cache-control:
      - no-cache
      content-length:
      - '829'
      content-type:
      - application/json; charset=utf-8
      date:
      - Wed, 02 Dec 2020 11:14:35 GMT
      expires:
      - '-1'
      pragma:
      - no-cache
      server:
      - Microsoft-HTTPAPI/2.0
      - Microsoft-HTTPAPI/2.0
      strict-transport-security:
      - max-age=31536000; includeSubDomains
      transfer-encoding:
      - chunked
      vary:
      - Accept-Encoding
      x-content-type-options:
      - nosniff
      x-ms-ratelimit-remaining-resource:
      - Microsoft.Compute/GetVMScaleSetVM3Min;993,Microsoft.Compute/GetVMScaleSetVM30Min;4991,Microsoft.Compute/VMScaleSetVMViews3Min;4987
      x-ms-request-charge:
      - '1'
    status:
      code: 200
      message: OK
- request:
    body: null
    headers:
      Accept:
      - application/json
      Accept-Encoding:
      - gzip, deflate
      CommandName:
      - vmss get-instance-view
      Connection:
      - keep-alive
      ParameterSetName:
      - --resource-group --name --instance-id
      User-Agent:
      - python/3.7.8 (Windows-10-10.0.19041-SP0) msrest/0.6.18 msrest_azure/0.6.3
        azure-mgmt-compute/14.0.0 Azure-SDK-For-Python AZURECLI/2.15.1
      accept-language:
      - en-US
    method: GET
    uri: https://management.azure.com/subscriptions/00000000-0000-0000-0000-000000000000/resourceGroups/cli_test_vmss_vms000001/providers/Microsoft.Compute/virtualMachineScaleSets/vmss1/virtualmachines/3/instanceView?api-version=2020-06-01
  response:
    body:
      string: "{\r\n  \"placementGroupId\": \"808324e9-4b8a-49d4-820a-379dc59f8340\",\r\n
        \ \"platformUpdateDomain\": 3,\r\n  \"platformFaultDomain\": 3,\r\n  \"disks\":
        [\r\n    {\r\n      \"name\": \"vmss1_vmss1_3_OsDisk_1_269663aba3364b7cbe84942986709e73\",\r\n
        \     \"statuses\": [\r\n        {\r\n          \"code\": \"ProvisioningState/succeeded\",\r\n
        \         \"level\": \"Info\",\r\n          \"displayStatus\": \"Provisioning
        succeeded\",\r\n          \"time\": \"2020-12-02T11:14:16.7512511+00:00\"\r\n
        \       }\r\n      ]\r\n    }\r\n  ],\r\n  \"hyperVGeneration\": \"V1\",\r\n
        \ \"statuses\": [\r\n    {\r\n      \"code\": \"ProvisioningState/succeeded\",\r\n
        \     \"level\": \"Info\",\r\n      \"displayStatus\": \"Provisioning succeeded\",\r\n
        \     \"time\": \"2020-12-02T11:14:16.7668478+00:00\"\r\n    },\r\n    {\r\n
        \     \"code\": \"PowerState/deallocated\",\r\n      \"level\": \"Info\",\r\n
        \     \"displayStatus\": \"VM deallocated\"\r\n    }\r\n  ]\r\n}"
    headers:
      cache-control:
      - no-cache
      content-length:
      - '830'
      content-type:
      - application/json; charset=utf-8
      date:
      - Wed, 02 Dec 2020 11:14:36 GMT
      expires:
      - '-1'
      pragma:
      - no-cache
      server:
      - Microsoft-HTTPAPI/2.0
      - Microsoft-HTTPAPI/2.0
      strict-transport-security:
      - max-age=31536000; includeSubDomains
      transfer-encoding:
      - chunked
      vary:
      - Accept-Encoding
      x-content-type-options:
      - nosniff
      x-ms-ratelimit-remaining-resource:
      - Microsoft.Compute/GetVMScaleSetVM3Min;992,Microsoft.Compute/GetVMScaleSetVM30Min;4990,Microsoft.Compute/VMScaleSetVMViews3Min;4986
      x-ms-request-charge:
      - '1'
    status:
      code: 200
      message: OK
- request:
    body: null
    headers:
      Accept:
      - application/json
      Accept-Encoding:
      - gzip, deflate
      CommandName:
      - vmss delete-instances
      Connection:
      - keep-alive
      Content-Length:
      - '0'
      ParameterSetName:
      - --resource-group --name --instance-ids
      User-Agent:
      - python/3.7.8 (Windows-10-10.0.19041-SP0) msrest/0.6.18 msrest_azure/0.6.3
        azure-mgmt-compute/14.0.0 Azure-SDK-For-Python AZURECLI/2.15.1
      accept-language:
      - en-US
    method: DELETE
    uri: https://management.azure.com/subscriptions/00000000-0000-0000-0000-000000000000/resourceGroups/cli_test_vmss_vms000001/providers/Microsoft.Compute/virtualMachineScaleSets/vmss1/virtualmachines/%2A?api-version=2020-06-01
  response:
    body:
      string: ''
    headers:
      azure-asyncoperation:
      - https://management.azure.com/subscriptions/00000000-0000-0000-0000-000000000000/providers/Microsoft.Compute/locations/westus/operations/4bfa18d8-d6ee-47a4-a8ac-105686ce65fb?api-version=2020-06-01
      cache-control:
      - no-cache
      content-length:
      - '0'
      date:
      - Wed, 02 Dec 2020 11:14:38 GMT
      expires:
      - '-1'
      location:
      - https://management.azure.com/subscriptions/00000000-0000-0000-0000-000000000000/providers/Microsoft.Compute/locations/westus/operations/4bfa18d8-d6ee-47a4-a8ac-105686ce65fb?monitor=true&api-version=2020-06-01
      pragma:
      - no-cache
      server:
      - Microsoft-HTTPAPI/2.0
      - Microsoft-HTTPAPI/2.0
      strict-transport-security:
      - max-age=31536000; includeSubDomains
      x-content-type-options:
      - nosniff
      x-ms-ratelimit-remaining-resource:
      - Microsoft.Compute/DeleteVMScaleSetVM3Min;237,Microsoft.Compute/DeleteVMScaleSetVM30Min;1197,Microsoft.Compute/VMScaleSetBatchedVMRequests5Min;1181,Microsoft.Compute/VmssQueuedVMOperations;4798
      x-ms-ratelimit-remaining-subscription-deletes:
      - '14998'
      x-ms-request-charge:
      - '2'
    status:
      code: 202
      message: Accepted
- request:
    body: null
    headers:
      Accept:
      - application/json
      Accept-Encoding:
      - gzip, deflate
      CommandName:
      - vmss delete-instances
      Connection:
      - keep-alive
      ParameterSetName:
      - --resource-group --name --instance-ids
      User-Agent:
      - python/3.7.8 (Windows-10-10.0.19041-SP0) msrest/0.6.18 msrest_azure/0.6.3
        azure-mgmt-compute/14.0.0 Azure-SDK-For-Python AZURECLI/2.15.1
    method: GET
    uri: https://management.azure.com/subscriptions/00000000-0000-0000-0000-000000000000/providers/Microsoft.Compute/locations/westus/operations/4bfa18d8-d6ee-47a4-a8ac-105686ce65fb?api-version=2020-06-01
  response:
    body:
      string: "{\r\n  \"startTime\": \"2020-12-02T11:14:38.4543507+00:00\",\r\n  \"endTime\":
        \"2020-12-02T11:14:39.5168791+00:00\",\r\n  \"status\": \"Succeeded\",\r\n
        \ \"name\": \"4bfa18d8-d6ee-47a4-a8ac-105686ce65fb\"\r\n}"
    headers:
      cache-control:
      - no-cache
      content-length:
      - '184'
      content-type:
      - application/json; charset=utf-8
      date:
      - Wed, 02 Dec 2020 11:15:09 GMT
      expires:
      - '-1'
      pragma:
      - no-cache
      server:
      - Microsoft-HTTPAPI/2.0
      - Microsoft-HTTPAPI/2.0
      strict-transport-security:
      - max-age=31536000; includeSubDomains
      transfer-encoding:
      - chunked
      vary:
      - Accept-Encoding
      x-content-type-options:
      - nosniff
      x-ms-ratelimit-remaining-resource:
      - Microsoft.Compute/GetOperation3Min;14972,Microsoft.Compute/GetOperation30Min;29866
    status:
      code: 200
      message: OK
- request:
    body: null
    headers:
      Accept:
      - application/json
      Accept-Encoding:
      - gzip, deflate
      CommandName:
      - vmss list-instances
      Connection:
      - keep-alive
      ParameterSetName:
      - --resource-group --name
      User-Agent:
      - python/3.7.8 (Windows-10-10.0.19041-SP0) msrest/0.6.18 msrest_azure/0.6.3
        azure-mgmt-compute/14.0.0 Azure-SDK-For-Python AZURECLI/2.15.1
      accept-language:
      - en-US
    method: GET
    uri: https://management.azure.com/subscriptions/00000000-0000-0000-0000-000000000000/resourceGroups/cli_test_vmss_vms000001/providers/Microsoft.Compute/virtualMachineScaleSets/vmss1/virtualMachines?api-version=2020-06-01
  response:
    body:
      string: "{\r\n  \"value\": []\r\n}"
    headers:
      cache-control:
      - no-cache
      content-length:
      - '19'
      content-type:
      - application/json; charset=utf-8
      date:
      - Wed, 02 Dec 2020 11:15:10 GMT
      expires:
      - '-1'
      pragma:
      - no-cache
      server:
      - Microsoft-HTTPAPI/2.0
      - Microsoft-HTTPAPI/2.0
      strict-transport-security:
      - max-age=31536000; includeSubDomains
      transfer-encoding:
      - chunked
      vary:
      - Accept-Encoding
      x-content-type-options:
      - nosniff
      x-ms-ratelimit-remaining-resource:
      - Microsoft.Compute/HighCostGetVMScaleSet3Min;176,Microsoft.Compute/HighCostGetVMScaleSet30Min;876
    status:
      code: 200
      message: OK
version: 1
