interactions:
- request:
    body: null
    headers:
      Accept:
      - application/json
      Accept-Encoding:
      - gzip, deflate
      CommandName:
      - vmss create
      Connection:
      - keep-alive
      ParameterSetName:
      - -g -n --image --enable-osimage-notification
      User-Agent:
      - AZURECLI/2.59.0 azsdk-python-core/1.30.1 Python/3.10.11 (Windows-10-10.0.22631-SP0)
    method: GET
    uri: https://management.azure.com/subscriptions/00000000-0000-0000-0000-000000000000/resourcegroups/cli_test_vmss_os_iamge_notification_000001?api-version=2022-09-01
  response:
    body:
      string: '{"id":"/subscriptions/00000000-0000-0000-0000-000000000000/resourceGroups/cli_test_vmss_os_iamge_notification_000001","name":"cli_test_vmss_os_iamge_notification_000001","type":"Microsoft.Resources/resourceGroups","location":"westus","tags":{"product":"azurecli","cause":"automation","test":"test_vmss_os_image_notification","date":"2024-04-24T05:15:13Z","module":"vm"},"properties":{"provisioningState":"Succeeded"}}'
    headers:
      cache-control:
      - no-cache
      content-length:
      - '417'
      content-type:
      - application/json; charset=utf-8
      date:
      - Wed, 24 Apr 2024 05:15:16 GMT
      expires:
      - '-1'
      pragma:
      - no-cache
      strict-transport-security:
      - max-age=31536000; includeSubDomains
      x-cache:
      - CONFIG_NOCACHE
      x-content-type-options:
      - nosniff
      x-msedge-ref:
      - 'Ref A: A4F3D13A7AC746648A393486D7074C44 Ref B: MAA201060515019 Ref C: 2024-04-24T05:15:16Z'
    status:
      code: 200
      message: OK
- request:
    body: null
    headers:
      Accept:
      - application/json
      Accept-Encoding:
      - gzip, deflate
      CommandName:
      - vmss create
      Connection:
      - keep-alive
      ParameterSetName:
      - -g -n --image --enable-osimage-notification
      User-Agent:
      - AZURECLI/2.59.0 azsdk-python-core/1.30.1 Python/3.10.11 (Windows-10-10.0.22631-SP0)
    method: GET
    uri: https://management.azure.com/subscriptions/00000000-0000-0000-0000-000000000000/providers/Microsoft.Compute/locations/westus/publishers/Canonical/artifacttypes/vmimage/offers/UbuntuServer/skus/18.04-LTS/versions?$top=1&$orderby=name%20desc&api-version=2024-03-01
  response:
    body:
      string: "[\r\n  {\r\n    \"location\": \"westus\",\r\n    \"name\": \"18.04.202401161\"\
        ,\r\n    \"id\": \"/Subscriptions/00000000-0000-0000-0000-000000000000/Providers/Microsoft.Compute/Locations/westus/Publishers/Canonical/ArtifactTypes/VMImage/Offers/UbuntuServer/Skus/18.04-LTS/Versions/18.04.202401161\"\
        \r\n  }\r\n]"
    headers:
      cache-control:
      - no-cache
      content-length:
      - '286'
      content-type:
      - application/json; charset=utf-8
      date:
      - Wed, 24 Apr 2024 05:15:17 GMT
      expires:
      - '-1'
      pragma:
      - no-cache
      strict-transport-security:
      - max-age=31536000; includeSubDomains
      x-cache:
      - CONFIG_NOCACHE
      x-content-type-options:
      - nosniff
      x-ms-ratelimit-remaining-resource:
      - Microsoft.Compute/ListVMImagesVersionsFromLocation3Min;15991,Microsoft.Compute/ListVMImagesVersionsFromLocation30Min;43966
      x-msedge-ref:
      - 'Ref A: DE7435E7611C4791A89FCE930B835E5B Ref B: MAA201060513035 Ref C: 2024-04-24T05:15:17Z'
    status:
      code: 200
      message: OK
- request:
    body: null
    headers:
      Accept:
      - application/json
      Accept-Encoding:
      - gzip, deflate
      CommandName:
      - vmss create
      Connection:
      - keep-alive
      ParameterSetName:
      - -g -n --image --enable-osimage-notification
      User-Agent:
      - AZURECLI/2.59.0 azsdk-python-core/1.30.1 Python/3.10.11 (Windows-10-10.0.22631-SP0)
    method: GET
    uri: https://management.azure.com/subscriptions/00000000-0000-0000-0000-000000000000/providers/Microsoft.Compute/locations/westus/publishers/Canonical/artifacttypes/vmimage/offers/UbuntuServer/skus/18.04-LTS/versions/18.04.202401161?api-version=2024-03-01
  response:
    body:
      string: "{\r\n  \"properties\": {\r\n    \"hyperVGeneration\": \"V1\",\r\n \
        \   \"architecture\": \"x64\",\r\n    \"replicaType\": \"Unmanaged\",\r\n\
        \    \"disallowed\": {\r\n      \"vmDiskType\": \"None\"\r\n    },\r\n   \
        \ \"automaticOSUpgradeProperties\": {\r\n      \"automaticOSUpgradeSupported\"\
        : true\r\n    },\r\n    \"imageDeprecationStatus\": {\r\n      \"imageState\"\
        : \"Active\"\r\n    },\r\n    \"features\": [\r\n      {\r\n        \"name\"\
        : \"IsAcceleratedNetworkSupported\",\r\n        \"value\": \"True\"\r\n  \
        \    },\r\n      {\r\n        \"name\": \"DiskControllerTypes\",\r\n     \
        \   \"value\": \"SCSI, NVMe\"\r\n      },\r\n      {\r\n        \"name\":\
        \ \"IsHibernateSupported\",\r\n        \"value\": \"True\"\r\n      }\r\n\
        \    ],\r\n    \"osDiskImage\": {\r\n      \"operatingSystem\": \"Linux\"\
        ,\r\n      \"sizeInBytes\": 32213303808\r\n    },\r\n    \"dataDiskImages\"\
        : []\r\n  },\r\n  \"location\": \"westus\",\r\n  \"name\": \"18.04.202401161\"\
        ,\r\n  \"id\": \"/Subscriptions/00000000-0000-0000-0000-000000000000/Providers/Microsoft.Compute/Locations/westus/Publishers/Canonical/ArtifactTypes/VMImage/Offers/UbuntuServer/Skus/18.04-LTS/Versions/18.04.202401161\"\
        \r\n}"
    headers:
      cache-control:
      - no-cache
      content-length:
      - '1025'
      content-type:
      - application/json; charset=utf-8
      date:
      - Wed, 24 Apr 2024 05:15:18 GMT
      expires:
      - '-1'
      pragma:
      - no-cache
      strict-transport-security:
      - max-age=31536000; includeSubDomains
      x-cache:
      - CONFIG_NOCACHE
      x-content-type-options:
      - nosniff
      x-ms-ratelimit-remaining-resource:
      - Microsoft.Compute/GetVMImageFromLocation3Min;12997,Microsoft.Compute/GetVMImageFromLocation30Min;73974
      x-msedge-ref:
      - 'Ref A: 0AAD1333DCF6475EAD34851EFB1F09C8 Ref B: MAA201060515045 Ref C: 2024-04-24T05:15:18Z'
    status:
      code: 200
      message: OK
- request:
    body: null
    headers:
      Accept:
      - application/json
      Accept-Encoding:
      - gzip, deflate
      CommandName:
      - vmss create
      Connection:
      - keep-alive
      ParameterSetName:
      - -g -n --image --enable-osimage-notification
      User-Agent:
      - AZURECLI/2.59.0 azsdk-python-core/1.30.1 Python/3.10.11 (Windows-10-10.0.22631-SP0)
    method: GET
    uri: https://management.azure.com/subscriptions/00000000-0000-0000-0000-000000000000/resourceGroups/cli_test_vmss_os_iamge_notification_000001/providers/Microsoft.Network/virtualNetworks?api-version=2022-01-01
  response:
    body:
      string: '{"value":[]}'
    headers:
      cache-control:
      - no-cache
      content-length:
      - '12'
      content-type:
      - application/json; charset=utf-8
      date:
      - Wed, 24 Apr 2024 05:15:19 GMT
      expires:
      - '-1'
      pragma:
      - no-cache
      strict-transport-security:
      - max-age=31536000; includeSubDomains
      x-cache:
      - CONFIG_NOCACHE
      x-content-type-options:
      - nosniff
      x-msedge-ref:
      - 'Ref A: CD3CA0A0AE2E44ABBD54510E634D4155 Ref B: MAA201060513053 Ref C: 2024-04-24T05:15:19Z'
    status:
      code: 200
      message: OK
- request:
    body: '{"properties": {"template": {"$schema": "https://schema.management.azure.com/schemas/2015-01-01/deploymentTemplate.json#",
      "contentVersion": "1.0.0.0", "parameters": {}, "variables": {}, "resources":
      [{"name": "vmss000002VNET", "type": "Microsoft.Network/virtualNetworks", "location":
      "westus", "apiVersion": "2015-06-15", "dependsOn": [], "tags": {}, "properties":
      {"addressSpace": {"addressPrefixes": ["10.0.0.0/16"]}, "subnets": [{"name":
      "vmss000002Subnet", "properties": {"addressPrefix": "10.0.0.0/24"}}]}}, {"apiVersion":
      "2022-01-01", "type": "Microsoft.Network/publicIPAddresses", "name": "vmss000002LBPublicIP",
      "location": "westus", "tags": {}, "dependsOn": [], "properties": {"publicIPAllocationMethod":
      "Static"}, "sku": {"name": "Standard"}}, {"type": "Microsoft.Network/loadBalancers",
      "name": "vmss000002LB", "location": "westus", "tags": {}, "apiVersion": "2022-01-01",
      "dependsOn": ["Microsoft.Network/virtualNetworks/vmss000002VNET", "Microsoft.Network/publicIpAddresses/vmss000002LBPublicIP"],
      "properties": {"backendAddressPools": [{"name": "vmss000002LBBEPool"}], "frontendIPConfigurations":
      [{"name": "loadBalancerFrontEnd", "properties": {"publicIPAddress": {"id": "/subscriptions/00000000-0000-0000-0000-000000000000/resourceGroups/cli_test_vmss_os_iamge_notification_000001/providers/Microsoft.Network/publicIPAddresses/vmss000002LBPublicIP"}}}],
      "loadBalancingRules": [{"name": "LBRule", "properties": {"frontendIPConfiguration":
      {"id": "[concat(resourceId(''Microsoft.Network/loadBalancers'', ''vmss000002LB''),
      ''/frontendIPConfigurations/'', ''loadBalancerFrontEnd'')]"}, "backendAddressPool":
      {"id": "[concat(resourceId(''Microsoft.Network/loadBalancers'', ''vmss000002LB''),
      ''/backendAddressPools/'', ''vmss000002LBBEPool'')]"}, "protocol": "tcp", "frontendPort":
      80, "backendPort": 80, "enableFloatingIP": false, "idleTimeoutInMinutes": 5}}]},
      "sku": {"name": "Standard"}}, {"type": "Microsoft.Network/networkSecurityGroups",
      "name": "vmss000002NSG", "apiVersion": "2015-06-15", "location": "westus", "tags":
      {}, "dependsOn": [], "properties": {"securityRules": [{"name": "default-allow-ssh",
      "properties": {"protocol": "Tcp", "sourcePortRange": "*", "destinationPortRange":
      "22", "sourceAddressPrefix": "*", "destinationAddressPrefix": "*", "access":
      "Allow", "priority": 1000, "direction": "Inbound"}}]}}, {"type": "Microsoft.Network/loadBalancers/inboundNatRules",
      "apiVersion": "2022-01-01", "name": "vmss000002LB/NatRule", "location": "westus",
      "properties": {"frontendIPConfiguration": {"id": "[concat(resourceId(''Microsoft.Network/loadBalancers'',
      ''vmss000002LB''), ''/frontendIPConfigurations/'', ''loadBalancerFrontEnd'')]"},
      "backendAddressPool": {"id": "[concat(resourceId(''Microsoft.Network/loadBalancers'',
      ''vmss000002LB''), ''/backendAddressPools/'', ''vmss000002LBBEPool'')]"}, "backendPort":
      22, "frontendPortRangeStart": "50000", "frontendPortRangeEnd": "50119", "protocol":
      "tcp", "idleTimeoutInMinutes": 5}, "dependsOn": ["[concat(''Microsoft.Network/loadBalancers/'',
      ''vmss000002LB'')]"]}, {"type": "Microsoft.Compute/virtualMachineScaleSets",
      "name": "vmss000002", "location": "westus", "tags": {}, "apiVersion": "2024-03-01",
      "dependsOn": ["Microsoft.Network/virtualNetworks/vmss000002VNET", "Microsoft.Network/loadBalancers/vmss000002LB",
      "Microsoft.Network/networkSecurityGroups/vmss000002NSG"], "properties": {"singlePlacementGroup":
      null, "platformFaultDomainCount": 1, "virtualMachineProfile": {"storageProfile":
      {"osDisk": {"createOption": "FromImage", "caching": "ReadWrite", "managedDisk":
      {"storageAccountType": null}}, "imageReference": {"publisher": "Canonical",
      "offer": "UbuntuServer", "sku": "18.04-LTS", "version": "latest"}}, "osProfile":
      {"computerNamePrefix": "vmssnsoz", "adminUsername": "v-jingszhang", "linuxConfiguration":
      {"disablePasswordAuthentication": true, "ssh": {"publicKeys": [{"path": "/home/v-jingszhang/.ssh/authorized_keys",
      "keyData": "ssh-rsa AAAAB3NzaC1yc2EAAAADAQABAAABAQCey0/ipz0OxUGA6xunJY5HdhvlsyRf2JdpnRaH0UU5KsAiajLq5HifCzJAEpRvWXIIYKSrqNi+hSmKRXiGJaHnK0dm0QO8YvM/Ab+MZUZ0L9VRznMoLsexTgDEC6QidxP5VYxXQwzgvbK1kn1J+7QTmd9JzV4Q83EEIZM5VGp7DwuUzhSuUN4LNJ9TnsCpjZwDIqIIGo9kLRLov+CfPb50o/768pa4W87a7FDJc74gvu/Qh7K05ztWNABlqYk5QsSkLWosN/vCaR+Nlh6EroTUw679G0MLj2WD/P0vLbiy1Xgf2oZ4Q5vLOQfoU2SWNkzzmfpdu3o9+VWNQppUZPyt"}]}}},
      "scheduledEventsProfile": {"osImageNotificationProfile": {"enable": true}},
      "networkProfile": {"networkInterfaceConfigurations": [{"name": "vmssn914fNic",
      "properties": {"ipConfigurations": [{"name": "vmssn914fIPConfig", "properties":
      {"subnet": {"id": "/subscriptions/00000000-0000-0000-0000-000000000000/resourceGroups/cli_test_vmss_os_iamge_notification_000001/providers/Microsoft.Network/virtualNetworks/vmss000002VNET/subnets/vmss000002Subnet"},
      "loadBalancerBackendAddressPools": [{"id": "/subscriptions/00000000-0000-0000-0000-000000000000/resourceGroups/cli_test_vmss_os_iamge_notification_000001/providers/Microsoft.Network/loadBalancers/vmss000002LB/backendAddressPools/vmss000002LBBEPool"}]}}],
      "networkSecurityGroup": {"id": "[resourceId(''Microsoft.Network/networkSecurityGroups'',
      ''vmss000002NSG'')]"}, "primary": "true"}}], "networkApiVersion": "2020-11-01"}},
      "orchestrationMode": "Flexible"}, "sku": {"name": "Standard_DS1_v2", "capacity":
      2}}], "outputs": {"VMSS": {"type": "object", "value": "[reference(resourceId(''Microsoft.Compute/virtualMachineScaleSets'',
      ''vmss000002''),providers(''Microsoft.Compute'', ''virtualMachineScaleSets'').apiVersions[0])]"}}},
      "parameters": {}, "mode": "incremental"}}'
    headers:
      Accept:
      - application/json
      Accept-Encoding:
      - gzip, deflate
      CommandName:
      - vmss create
      Connection:
      - keep-alive
      Content-Length:
      - '5496'
      Content-Type:
      - application/json
      ParameterSetName:
      - -g -n --image --enable-osimage-notification
      User-Agent:
      - AZURECLI/2.59.0 azsdk-python-core/1.30.1 Python/3.10.11 (Windows-10-10.0.22631-SP0)
    method: PUT
    uri: https://management.azure.com/subscriptions/00000000-0000-0000-0000-000000000000/resourcegroups/cli_test_vmss_os_iamge_notification_000001/providers/Microsoft.Resources/deployments/mock-deployment?api-version=2022-09-01
  response:
    body:
      string: '{"id":"/subscriptions/00000000-0000-0000-0000-000000000000/resourceGroups/cli_test_vmss_os_iamge_notification_000001/providers/Microsoft.Resources/deployments/vmss_deploy_BjfwxpkeEQoENtxY74fL7EdHShBJyaum","name":"vmss_deploy_BjfwxpkeEQoENtxY74fL7EdHShBJyaum","type":"Microsoft.Resources/deployments","properties":{"templateHash":"4768533225748255792","parameters":{},"mode":"Incremental","provisioningState":"Accepted","timestamp":"2024-04-24T05:15:28.5373259Z","duration":"PT0.0004697S","correlationId":"311596ec-c833-4f82-8895-910ef6eaee48","providers":[{"namespace":"Microsoft.Network","resourceTypes":[{"resourceType":"virtualNetworks","locations":["westus"]},{"resourceType":"publicIPAddresses","locations":["westus"]},{"resourceType":"loadBalancers","locations":["westus"]},{"resourceType":"networkSecurityGroups","locations":["westus"]},{"resourceType":"loadBalancers/inboundNatRules","locations":["westus"]}]},{"namespace":"Microsoft.Compute","resourceTypes":[{"resourceType":"virtualMachineScaleSets","locations":["westus"]}]}],"dependencies":[{"dependsOn":[{"id":"/subscriptions/00000000-0000-0000-0000-000000000000/resourceGroups/cli_test_vmss_os_iamge_notification_000001/providers/Microsoft.Network/virtualNetworks/vmss000002VNET","resourceType":"Microsoft.Network/virtualNetworks","resourceName":"vmss000002VNET"},{"id":"/subscriptions/00000000-0000-0000-0000-000000000000/resourceGroups/cli_test_vmss_os_iamge_notification_000001/providers/Microsoft.Network/publicIPAddresses/vmss000002LBPublicIP","resourceType":"Microsoft.Network/publicIPAddresses","resourceName":"vmss000002LBPublicIP"}],"id":"/subscriptions/00000000-0000-0000-0000-000000000000/resourceGroups/cli_test_vmss_os_iamge_notification_000001/providers/Microsoft.Network/loadBalancers/vmss000002LB","resourceType":"Microsoft.Network/loadBalancers","resourceName":"vmss000002LB"},{"dependsOn":[{"id":"/subscriptions/00000000-0000-0000-0000-000000000000/resourceGroups/cli_test_vmss_os_iamge_notification_000001/providers/Microsoft.Network/loadBalancers/vmss000002LB","resourceType":"Microsoft.Network/loadBalancers","resourceName":"vmss000002LB"}],"id":"/subscriptions/00000000-0000-0000-0000-000000000000/resourceGroups/cli_test_vmss_os_iamge_notification_000001/providers/Microsoft.Network/loadBalancers/vmss000002LB/inboundNatRules/NatRule","resourceType":"Microsoft.Network/loadBalancers/inboundNatRules","resourceName":"vmss000002LB/NatRule"},{"dependsOn":[{"id":"/subscriptions/00000000-0000-0000-0000-000000000000/resourceGroups/cli_test_vmss_os_iamge_notification_000001/providers/Microsoft.Network/virtualNetworks/vmss000002VNET","resourceType":"Microsoft.Network/virtualNetworks","resourceName":"vmss000002VNET"},{"id":"/subscriptions/00000000-0000-0000-0000-000000000000/resourceGroups/cli_test_vmss_os_iamge_notification_000001/providers/Microsoft.Network/loadBalancers/vmss000002LB","resourceType":"Microsoft.Network/loadBalancers","resourceName":"vmss000002LB"},{"id":"/subscriptions/00000000-0000-0000-0000-000000000000/resourceGroups/cli_test_vmss_os_iamge_notification_000001/providers/Microsoft.Network/networkSecurityGroups/vmss000002NSG","resourceType":"Microsoft.Network/networkSecurityGroups","resourceName":"vmss000002NSG"}],"id":"/subscriptions/00000000-0000-0000-0000-000000000000/resourceGroups/cli_test_vmss_os_iamge_notification_000001/providers/Microsoft.Compute/virtualMachineScaleSets/vmss000002","resourceType":"Microsoft.Compute/virtualMachineScaleSets","resourceName":"vmss000002"}]}}'
    headers:
      azure-asyncoperation:
      - https://management.azure.com/subscriptions/00000000-0000-0000-0000-000000000000/resourcegroups/cli_test_vmss_os_iamge_notification_000001/providers/Microsoft.Resources/deployments/vmss_deploy_BjfwxpkeEQoENtxY74fL7EdHShBJyaum/operationStatuses/08584876711603660101?api-version=2022-09-01
      cache-control:
      - no-cache
      content-length:
      - '3496'
      content-type:
      - application/json; charset=utf-8
      date:
      - Wed, 24 Apr 2024 05:15:30 GMT
      expires:
      - '-1'
      pragma:
      - no-cache
      strict-transport-security:
      - max-age=31536000; includeSubDomains
      x-cache:
      - CONFIG_NOCACHE
      x-content-type-options:
      - nosniff
      x-ms-ratelimit-remaining-subscription-writes:
      - '1194'
      x-msedge-ref:
      - 'Ref A: F17D016FFB834DC0B2FEC815C0AC2C4C Ref B: MAA201060513039 Ref C: 2024-04-24T05:15:19Z'
    status:
      code: 201
      message: Created
- request:
    body: null
    headers:
      Accept:
      - '*/*'
      Accept-Encoding:
      - gzip, deflate
      CommandName:
      - vmss create
      Connection:
      - keep-alive
      ParameterSetName:
      - -g -n --image --enable-osimage-notification
      User-Agent:
      - AZURECLI/2.59.0 azsdk-python-core/1.30.1 Python/3.10.11 (Windows-10-10.0.22631-SP0)
    method: GET
    uri: https://management.azure.com/subscriptions/00000000-0000-0000-0000-000000000000/resourcegroups/cli_test_vmss_os_iamge_notification_000001/providers/Microsoft.Resources/deployments/mock-deployment/operationStatuses/08584876711603660101?api-version=2022-09-01
  response:
    body:
      string: '{"status":"Running"}'
    headers:
      cache-control:
      - no-cache
      content-length:
      - '20'
      content-type:
      - application/json; charset=utf-8
      date:
      - Wed, 24 Apr 2024 05:15:32 GMT
      expires:
      - '-1'
      pragma:
      - no-cache
      strict-transport-security:
      - max-age=31536000; includeSubDomains
      x-cache:
      - CONFIG_NOCACHE
      x-content-type-options:
      - nosniff
      x-msedge-ref:
      - 'Ref A: 967FDFB032954883845F08D98425AAF3 Ref B: MAA201060516031 Ref C: 2024-04-24T05:15:32Z'
    status:
      code: 200
      message: OK
- request:
    body: null
    headers:
      Accept:
      - '*/*'
      Accept-Encoding:
      - gzip, deflate
      CommandName:
      - vmss create
      Connection:
      - keep-alive
      ParameterSetName:
      - -g -n --image --enable-osimage-notification
      User-Agent:
      - AZURECLI/2.59.0 azsdk-python-core/1.30.1 Python/3.10.11 (Windows-10-10.0.22631-SP0)
    method: GET
    uri: https://management.azure.com/subscriptions/00000000-0000-0000-0000-000000000000/resourcegroups/cli_test_vmss_os_iamge_notification_000001/providers/Microsoft.Resources/deployments/mock-deployment/operationStatuses/08584876711603660101?api-version=2022-09-01
  response:
    body:
      string: '{"status":"Running"}'
    headers:
      cache-control:
      - no-cache
      content-length:
      - '20'
      content-type:
      - application/json; charset=utf-8
      date:
      - Wed, 24 Apr 2024 05:16:04 GMT
      expires:
      - '-1'
      pragma:
      - no-cache
      strict-transport-security:
      - max-age=31536000; includeSubDomains
      x-cache:
      - CONFIG_NOCACHE
      x-content-type-options:
      - nosniff
      x-msedge-ref:
      - 'Ref A: 4A6EF970B4B4431BBC8F4B568862EE79 Ref B: MAA201060514017 Ref C: 2024-04-24T05:16:03Z'
    status:
      code: 200
      message: OK
- request:
    body: null
    headers:
      Accept:
      - '*/*'
      Accept-Encoding:
      - gzip, deflate
      CommandName:
      - vmss create
      Connection:
      - keep-alive
      ParameterSetName:
      - -g -n --image --enable-osimage-notification
      User-Agent:
      - AZURECLI/2.59.0 azsdk-python-core/1.30.1 Python/3.10.11 (Windows-10-10.0.22631-SP0)
    method: GET
    uri: https://management.azure.com/subscriptions/00000000-0000-0000-0000-000000000000/resourcegroups/cli_test_vmss_os_iamge_notification_000001/providers/Microsoft.Resources/deployments/mock-deployment/operationStatuses/08584876711603660101?api-version=2022-09-01
  response:
    body:
      string: '{"status":"Succeeded"}'
    headers:
      cache-control:
      - no-cache
      content-length:
      - '22'
      content-type:
      - application/json; charset=utf-8
      date:
      - Wed, 24 Apr 2024 05:16:36 GMT
      expires:
      - '-1'
      pragma:
      - no-cache
      strict-transport-security:
      - max-age=31536000; includeSubDomains
      x-cache:
      - CONFIG_NOCACHE
      x-content-type-options:
      - nosniff
      x-msedge-ref:
      - 'Ref A: 3B971EE6D830482D910D2C17803939D9 Ref B: MAA201060514021 Ref C: 2024-04-24T05:16:35Z'
    status:
      code: 200
      message: OK
- request:
    body: null
    headers:
      Accept:
      - '*/*'
      Accept-Encoding:
      - gzip, deflate
      CommandName:
      - vmss create
      Connection:
      - keep-alive
      ParameterSetName:
      - -g -n --image --enable-osimage-notification
      User-Agent:
      - AZURECLI/2.59.0 azsdk-python-core/1.30.1 Python/3.10.11 (Windows-10-10.0.22631-SP0)
    method: GET
    uri: https://management.azure.com/subscriptions/00000000-0000-0000-0000-000000000000/resourcegroups/cli_test_vmss_os_iamge_notification_000001/providers/Microsoft.Resources/deployments/mock-deployment?api-version=2022-09-01
  response:
    body:
      string: '{"id":"/subscriptions/00000000-0000-0000-0000-000000000000/resourceGroups/cli_test_vmss_os_iamge_notification_000001/providers/Microsoft.Resources/deployments/vmss_deploy_BjfwxpkeEQoENtxY74fL7EdHShBJyaum","name":"vmss_deploy_BjfwxpkeEQoENtxY74fL7EdHShBJyaum","type":"Microsoft.Resources/deployments","properties":{"templateHash":"4768533225748255792","parameters":{},"mode":"Incremental","provisioningState":"Succeeded","timestamp":"2024-04-24T05:16:09.680452Z","duration":"PT41.1435958S","correlationId":"311596ec-c833-4f82-8895-910ef6eaee48","providers":[{"namespace":"Microsoft.Network","resourceTypes":[{"resourceType":"virtualNetworks","locations":["westus"]},{"resourceType":"publicIPAddresses","locations":["westus"]},{"resourceType":"loadBalancers","locations":["westus"]},{"resourceType":"networkSecurityGroups","locations":["westus"]},{"resourceType":"loadBalancers/inboundNatRules","locations":["westus"]}]},{"namespace":"Microsoft.Compute","resourceTypes":[{"resourceType":"virtualMachineScaleSets","locations":["westus"]}]}],"dependencies":[{"dependsOn":[{"id":"/subscriptions/00000000-0000-0000-0000-000000000000/resourceGroups/cli_test_vmss_os_iamge_notification_000001/providers/Microsoft.Network/virtualNetworks/vmss000002VNET","resourceType":"Microsoft.Network/virtualNetworks","resourceName":"vmss000002VNET"},{"id":"/subscriptions/00000000-0000-0000-0000-000000000000/resourceGroups/cli_test_vmss_os_iamge_notification_000001/providers/Microsoft.Network/publicIPAddresses/vmss000002LBPublicIP","resourceType":"Microsoft.Network/publicIPAddresses","resourceName":"vmss000002LBPublicIP"}],"id":"/subscriptions/00000000-0000-0000-0000-000000000000/resourceGroups/cli_test_vmss_os_iamge_notification_000001/providers/Microsoft.Network/loadBalancers/vmss000002LB","resourceType":"Microsoft.Network/loadBalancers","resourceName":"vmss000002LB"},{"dependsOn":[{"id":"/subscriptions/00000000-0000-0000-0000-000000000000/resourceGroups/cli_test_vmss_os_iamge_notification_000001/providers/Microsoft.Network/loadBalancers/vmss000002LB","resourceType":"Microsoft.Network/loadBalancers","resourceName":"vmss000002LB"}],"id":"/subscriptions/00000000-0000-0000-0000-000000000000/resourceGroups/cli_test_vmss_os_iamge_notification_000001/providers/Microsoft.Network/loadBalancers/vmss000002LB/inboundNatRules/NatRule","resourceType":"Microsoft.Network/loadBalancers/inboundNatRules","resourceName":"vmss000002LB/NatRule"},{"dependsOn":[{"id":"/subscriptions/00000000-0000-0000-0000-000000000000/resourceGroups/cli_test_vmss_os_iamge_notification_000001/providers/Microsoft.Network/virtualNetworks/vmss000002VNET","resourceType":"Microsoft.Network/virtualNetworks","resourceName":"vmss000002VNET"},{"id":"/subscriptions/00000000-0000-0000-0000-000000000000/resourceGroups/cli_test_vmss_os_iamge_notification_000001/providers/Microsoft.Network/loadBalancers/vmss000002LB","resourceType":"Microsoft.Network/loadBalancers","resourceName":"vmss000002LB"},{"id":"/subscriptions/00000000-0000-0000-0000-000000000000/resourceGroups/cli_test_vmss_os_iamge_notification_000001/providers/Microsoft.Network/networkSecurityGroups/vmss000002NSG","resourceType":"Microsoft.Network/networkSecurityGroups","resourceName":"vmss000002NSG"}],"id":"/subscriptions/00000000-0000-0000-0000-000000000000/resourceGroups/cli_test_vmss_os_iamge_notification_000001/providers/Microsoft.Compute/virtualMachineScaleSets/vmss000002","resourceType":"Microsoft.Compute/virtualMachineScaleSets","resourceName":"vmss000002"}],"outputs":{"vmss":{"type":"Object","value":{"singlePlacementGroup":false,"orchestrationMode":"Flexible","upgradePolicy":{"mode":"Manual"},"virtualMachineProfile":{"osProfile":{"computerNamePrefix":"vmssnsoz","adminUsername":"v-jingszhang","linuxConfiguration":{"disablePasswordAuthentication":true,"ssh":{"publicKeys":[{"path":"/home/v-jingszhang/.ssh/authorized_keys","keyData":"ssh-rsa
        AAAAB3NzaC1yc2EAAAADAQABAAABAQCey0/ipz0OxUGA6xunJY5HdhvlsyRf2JdpnRaH0UU5KsAiajLq5HifCzJAEpRvWXIIYKSrqNi+hSmKRXiGJaHnK0dm0QO8YvM/Ab+MZUZ0L9VRznMoLsexTgDEC6QidxP5VYxXQwzgvbK1kn1J+7QTmd9JzV4Q83EEIZM5VGp7DwuUzhSuUN4LNJ9TnsCpjZwDIqIIGo9kLRLov+CfPb50o/768pa4W87a7FDJc74gvu/Qh7K05ztWNABlqYk5QsSkLWosN/vCaR+Nlh6EroTUw679G0MLj2WD/P0vLbiy1Xgf2oZ4Q5vLOQfoU2SWNkzzmfpdu3o9+VWNQppUZPyt"}]},"provisionVMAgent":true,"patchSettings":{"patchMode":"ImageDefault","assessmentMode":"ImageDefault"},"enableVMAgentPlatformUpdates":false},"secrets":[],"allowExtensionOperations":true,"requireGuestProvisionSignal":true},"storageProfile":{"osDisk":{"osType":"Linux","createOption":"FromImage","caching":"ReadWrite","managedDisk":{"storageAccountType":"Premium_LRS"},"deleteOption":"Delete","diskSizeGB":30},"imageReference":{"publisher":"Canonical","offer":"UbuntuServer","sku":"18.04-LTS","version":"latest"}},"networkProfile":{"networkApiVersion":"2020-11-01","networkInterfaceConfigurations":[{"name":"vmssn914fNic","properties":{"primary":true,"disableTcpStateTracking":false,"enableIPForwarding":false,"auxiliaryMode":"None","auxiliarySku":"None","deleteOption":"Delete","ipConfigurations":[{"name":"vmssn914fIPConfig","properties":{"privateIPAddressVersion":"IPv4","subnet":{"id":"/subscriptions/00000000-0000-0000-0000-000000000000/resourceGroups/cli_test_vmss_os_iamge_notification_000001/providers/Microsoft.Network/virtualNetworks/vmss000002VNET/subnets/vmss000002Subnet"},"applicationSecurityGroups":[],"loadBalancerBackendAddressPools":[{"id":"/subscriptions/00000000-0000-0000-0000-000000000000/resourceGroups/cli_test_vmss_os_iamge_notification_000001/providers/Microsoft.Network/loadBalancers/vmss000002LB/backendAddressPools/vmss000002LBBEPool"}],"applicationGatewayBackendAddressPools":[]}}],"networkSecurityGroup":{"id":"/subscriptions/00000000-0000-0000-0000-000000000000/resourceGroups/cli_test_vmss_os_iamge_notification_000001/providers/Microsoft.Network/networkSecurityGroups/vmss000002NSG"},"dnsSettings":{"dnsServers":[]}}}]},"scheduledEventsProfile":{"osImageNotificationProfile":{"notBeforeTimeout":"PT15M","enable":true}},"timeCreated":"2024-04-24T05:15:46.4153085+00:00"},"provisioningState":"Succeeded","uniqueId":"38b4915b-4964-4153-84f5-01e3331c6439","platformFaultDomainCount":1,"constrainedMaximumCapacity":false,"timeCreated":"2024-04-24T05:15:46.4153085+00:00"}}},"outputResources":[{"id":"/subscriptions/00000000-0000-0000-0000-000000000000/resourceGroups/cli_test_vmss_os_iamge_notification_000001/providers/Microsoft.Compute/virtualMachineScaleSets/vmss000002"},{"id":"/subscriptions/00000000-0000-0000-0000-000000000000/resourceGroups/cli_test_vmss_os_iamge_notification_000001/providers/Microsoft.Network/loadBalancers/vmss000002LB"},{"id":"/subscriptions/00000000-0000-0000-0000-000000000000/resourceGroups/cli_test_vmss_os_iamge_notification_000001/providers/Microsoft.Network/loadBalancers/vmss000002LB/inboundNatRules/NatRule"},{"id":"/subscriptions/00000000-0000-0000-0000-000000000000/resourceGroups/cli_test_vmss_os_iamge_notification_000001/providers/Microsoft.Network/networkSecurityGroups/vmss000002NSG"},{"id":"/subscriptions/00000000-0000-0000-0000-000000000000/resourceGroups/cli_test_vmss_os_iamge_notification_000001/providers/Microsoft.Network/publicIPAddresses/vmss000002LBPublicIP"},{"id":"/subscriptions/00000000-0000-0000-0000-000000000000/resourceGroups/cli_test_vmss_os_iamge_notification_000001/providers/Microsoft.Network/virtualNetworks/vmss000002VNET"}]}}'
    headers:
      cache-control:
      - no-cache
      content-length:
      - '7382'
      content-type:
      - application/json; charset=utf-8
      date:
      - Wed, 24 Apr 2024 05:16:38 GMT
      expires:
      - '-1'
      pragma:
      - no-cache
      strict-transport-security:
      - max-age=31536000; includeSubDomains
      x-cache:
      - CONFIG_NOCACHE
      x-content-type-options:
      - nosniff
      x-msedge-ref:
      - 'Ref A: D07A6CB6B9F54465B4A89323159A1A72 Ref B: MAA201060513039 Ref C: 2024-04-24T05:16:37Z'
    status:
      code: 200
      message: OK
- request:
    body: null
    headers:
      Accept:
      - application/json
      Accept-Encoding:
      - gzip, deflate
      CommandName:
      - vmss update
      Connection:
      - keep-alive
      ParameterSetName:
      - -g -n --enable-osimage-notification
      User-Agent:
      - AZURECLI/2.59.0 azsdk-python-core/1.30.1 Python/3.10.11 (Windows-10-10.0.22631-SP0)
    method: GET
    uri: https://management.azure.com/subscriptions/00000000-0000-0000-0000-000000000000/resourceGroups/cli_test_vmss_os_iamge_notification_000001/providers/Microsoft.Compute/virtualMachineScaleSets/vmss000002?api-version=2024-03-01
  response:
    body:
      string: "{\r\n  \"name\": \"vmss000002\",\r\n  \"id\": \"/subscriptions/00000000-0000-0000-0000-000000000000/resourceGroups/cli_test_vmss_os_iamge_notification_000001/providers/Microsoft.Compute/virtualMachineScaleSets/vmss000002\"\
        ,\r\n  \"type\": \"Microsoft.Compute/virtualMachineScaleSets\",\r\n  \"location\"\
        : \"westus\",\r\n  \"tags\": {},\r\n  \"sku\": {\r\n    \"name\": \"Standard_DS1_v2\"\
        ,\r\n    \"tier\": \"Standard\",\r\n    \"capacity\": 2\r\n  },\r\n  \"properties\"\
        : {\r\n    \"singlePlacementGroup\": false,\r\n    \"orchestrationMode\":\
        \ \"Flexible\",\r\n    \"upgradePolicy\": {\r\n      \"mode\": \"Manual\"\r\
        \n    },\r\n    \"virtualMachineProfile\": {\r\n      \"osProfile\": {\r\n\
        \        \"computerNamePrefix\": \"vmssnsoz\",\r\n        \"adminUsername\"\
        : \"v-jingszhang\",\r\n        \"linuxConfiguration\": {\r\n          \"disablePasswordAuthentication\"\
        : true,\r\n          \"ssh\": {\r\n            \"publicKeys\": [\r\n     \
        \         {\r\n                \"path\": \"/home/v-jingszhang/.ssh/authorized_keys\"\
        ,\r\n                \"keyData\": \"ssh-rsa AAAAB3NzaC1yc2EAAAADAQABAAABAQCey0/ipz0OxUGA6xunJY5HdhvlsyRf2JdpnRaH0UU5KsAiajLq5HifCzJAEpRvWXIIYKSrqNi+hSmKRXiGJaHnK0dm0QO8YvM/Ab+MZUZ0L9VRznMoLsexTgDEC6QidxP5VYxXQwzgvbK1kn1J+7QTmd9JzV4Q83EEIZM5VGp7DwuUzhSuUN4LNJ9TnsCpjZwDIqIIGo9kLRLov+CfPb50o/768pa4W87a7FDJc74gvu/Qh7K05ztWNABlqYk5QsSkLWosN/vCaR+Nlh6EroTUw679G0MLj2WD/P0vLbiy1Xgf2oZ4Q5vLOQfoU2SWNkzzmfpdu3o9+VWNQppUZPyt\"\
        \r\n              }\r\n            ]\r\n          },\r\n          \"provisionVMAgent\"\
        : true,\r\n          \"patchSettings\": {\r\n            \"patchMode\": \"\
        ImageDefault\",\r\n            \"assessmentMode\": \"ImageDefault\"\r\n  \
        \        },\r\n          \"enableVMAgentPlatformUpdates\": false\r\n     \
        \   },\r\n        \"secrets\": [],\r\n        \"allowExtensionOperations\"\
        : true,\r\n        \"requireGuestProvisionSignal\": true\r\n      },\r\n \
        \     \"storageProfile\": {\r\n        \"osDisk\": {\r\n          \"osType\"\
        : \"Linux\",\r\n          \"createOption\": \"FromImage\",\r\n          \"\
        caching\": \"ReadWrite\",\r\n          \"managedDisk\": {\r\n            \"\
        storageAccountType\": \"Premium_LRS\"\r\n          },\r\n          \"deleteOption\"\
        : \"Delete\",\r\n          \"diskSizeGB\": 30\r\n        },\r\n        \"\
        imageReference\": {\r\n          \"publisher\": \"Canonical\",\r\n       \
        \   \"offer\": \"UbuntuServer\",\r\n          \"sku\": \"18.04-LTS\",\r\n\
        \          \"version\": \"latest\"\r\n        }\r\n      },\r\n      \"networkProfile\"\
        : {\"networkApiVersion\":\"2020-11-01\",\"networkInterfaceConfigurations\"\
        :[{\"name\":\"vmssn914fNic\",\"properties\":{\"primary\":true,\"disableTcpStateTracking\"\
        :false,\"enableIPForwarding\":false,\"auxiliaryMode\":\"None\",\"auxiliarySku\"\
        :\"None\",\"deleteOption\":\"Delete\",\"ipConfigurations\":[{\"name\":\"vmssn914fIPConfig\"\
        ,\"properties\":{\"privateIPAddressVersion\":\"IPv4\",\"subnet\":{\"id\":\"\
        /subscriptions/00000000-0000-0000-0000-000000000000/resourceGroups/cli_test_vmss_os_iamge_notification_000001/providers/Microsoft.Network/virtualNetworks/vmss000002VNET/subnets/vmss000002Subnet\"\
        },\"applicationSecurityGroups\":[],\"loadBalancerBackendAddressPools\":[{\"\
        id\":\"/subscriptions/00000000-0000-0000-0000-000000000000/resourceGroups/cli_test_vmss_os_iamge_notification_000001/providers/Microsoft.Network/loadBalancers/vmss000002LB/backendAddressPools/vmss000002LBBEPool\"\
        }],\"applicationGatewayBackendAddressPools\":[]}}],\"networkSecurityGroup\"\
        :{\"id\":\"/subscriptions/00000000-0000-0000-0000-000000000000/resourceGroups/cli_test_vmss_os_iamge_notification_000001/providers/Microsoft.Network/networkSecurityGroups/vmss000002NSG\"\
        },\"dnsSettings\":{\"dnsServers\":[]}}}]},\r\n      \"scheduledEventsProfile\"\
        : {\r\n        \"osImageNotificationProfile\": {\r\n          \"notBeforeTimeout\"\
        : \"PT15M\",\r\n          \"enable\": true\r\n        }\r\n      },\r\n  \
        \    \"timeCreated\": \"2024-04-24T05:15:46.4153085+00:00\"\r\n    },\r\n\
        \    \"provisioningState\": \"Succeeded\",\r\n    \"uniqueId\": \"38b4915b-4964-4153-84f5-01e3331c6439\"\
        ,\r\n    \"platformFaultDomainCount\": 1,\r\n    \"constrainedMaximumCapacity\"\
        : false,\r\n    \"timeCreated\": \"2024-04-24T05:15:46.4153085+00:00\"\r\n\
        \  }\r\n}"
    headers:
      cache-control:
      - no-cache
      content-length:
      - '3837'
      content-type:
      - application/json; charset=utf-8
      date:
      - Wed, 24 Apr 2024 05:16:40 GMT
      expires:
      - '-1'
      pragma:
      - no-cache
      strict-transport-security:
      - max-age=31536000; includeSubDomains
      x-cache:
      - CONFIG_NOCACHE
      x-content-type-options:
      - nosniff
      x-ms-ratelimit-remaining-resource:
      - Microsoft.Compute/GetVMScaleSetSubscriptionMaximum;2399,Microsoft.Compute/GetVMScaleSetResource;31
      x-msedge-ref:
      - 'Ref A: C4C9DBBB1DEB463A953FE321B9705EDB Ref B: MAA201060515025 Ref C: 2024-04-24T05:16:40Z'
    status:
      code: 200
      message: ''
- request:
    body: '{"location": "westus", "tags": {}, "sku": {"name": "Standard_DS1_v2", "tier":
      "Standard", "capacity": 2}, "properties": {"upgradePolicy": {"mode": "Manual"},
      "virtualMachineProfile": {"osProfile": {"computerNamePrefix": "vmssnsoz", "adminUsername":
      "v-jingszhang", "linuxConfiguration": {"disablePasswordAuthentication": true,
      "ssh": {"publicKeys": [{"path": "/home/v-jingszhang/.ssh/authorized_keys", "keyData":
      "ssh-rsa AAAAB3NzaC1yc2EAAAADAQABAAABAQCey0/ipz0OxUGA6xunJY5HdhvlsyRf2JdpnRaH0UU5KsAiajLq5HifCzJAEpRvWXIIYKSrqNi+hSmKRXiGJaHnK0dm0QO8YvM/Ab+MZUZ0L9VRznMoLsexTgDEC6QidxP5VYxXQwzgvbK1kn1J+7QTmd9JzV4Q83EEIZM5VGp7DwuUzhSuUN4LNJ9TnsCpjZwDIqIIGo9kLRLov+CfPb50o/768pa4W87a7FDJc74gvu/Qh7K05ztWNABlqYk5QsSkLWosN/vCaR+Nlh6EroTUw679G0MLj2WD/P0vLbiy1Xgf2oZ4Q5vLOQfoU2SWNkzzmfpdu3o9+VWNQppUZPyt"}]},
      "provisionVMAgent": true, "patchSettings": {"patchMode": "ImageDefault", "assessmentMode":
      "ImageDefault"}, "enableVMAgentPlatformUpdates": false}, "secrets": [], "allowExtensionOperations":
      true, "requireGuestProvisionSignal": true}, "storageProfile": {"osDisk": {"caching":
      "ReadWrite", "createOption": "FromImage", "diskSizeGB": 30, "osType": "Linux",
      "managedDisk": {"storageAccountType": "Premium_LRS"}, "deleteOption": "Delete"}},
      "networkProfile": {"networkInterfaceConfigurations": [{"name": "vmssn914fNic",
      "properties": {"primary": true, "disableTcpStateTracking": false, "networkSecurityGroup":
      {"id": "/subscriptions/00000000-0000-0000-0000-000000000000/resourceGroups/cli_test_vmss_os_iamge_notification_000001/providers/Microsoft.Network/networkSecurityGroups/vmss000002NSG"},
      "dnsSettings": {"dnsServers": []}, "ipConfigurations": [{"name": "vmssn914fIPConfig",
      "properties": {"subnet": {"id": "/subscriptions/00000000-0000-0000-0000-000000000000/resourceGroups/cli_test_vmss_os_iamge_notification_000001/providers/Microsoft.Network/virtualNetworks/vmss000002VNET/subnets/vmss000002Subnet"},
      "privateIPAddressVersion": "IPv4", "applicationGatewayBackendAddressPools":
      [], "applicationSecurityGroups": [], "loadBalancerBackendAddressPools": [{"id":
      "/subscriptions/00000000-0000-0000-0000-000000000000/resourceGroups/cli_test_vmss_os_iamge_notification_000001/providers/Microsoft.Network/loadBalancers/vmss000002LB/backendAddressPools/vmss000002LBBEPool"}]}}],
      "enableIPForwarding": false, "deleteOption": "Delete", "auxiliaryMode": "None",
      "auxiliarySku": "None"}}], "networkApiVersion": "2020-11-01"}, "scheduledEventsProfile":
      {"osImageNotificationProfile": {"enable": false}}}, "singlePlacementGroup":
      false, "platformFaultDomainCount": 1, "orchestrationMode": "Flexible", "constrainedMaximumCapacity":
      false}}'
    headers:
      Accept:
      - application/json
      Accept-Encoding:
      - gzip, deflate
      CommandName:
      - vmss update
      Connection:
      - keep-alive
      Content-Length:
      - '2628'
      Content-Type:
      - application/json
      ParameterSetName:
      - -g -n --enable-osimage-notification
      User-Agent:
      - AZURECLI/2.59.0 azsdk-python-core/1.30.1 Python/3.10.11 (Windows-10-10.0.22631-SP0)
    method: PUT
    uri: https://management.azure.com/subscriptions/00000000-0000-0000-0000-000000000000/resourceGroups/cli_test_vmss_os_iamge_notification_000001/providers/Microsoft.Compute/virtualMachineScaleSets/vmss000002?api-version=2024-03-01
  response:
    body:
      string: "{\r\n  \"name\": \"vmss000002\",\r\n  \"id\": \"/subscriptions/00000000-0000-0000-0000-000000000000/resourceGroups/cli_test_vmss_os_iamge_notification_000001/providers/Microsoft.Compute/virtualMachineScaleSets/vmss000002\"\
        ,\r\n  \"type\": \"Microsoft.Compute/virtualMachineScaleSets\",\r\n  \"location\"\
        : \"westus\",\r\n  \"tags\": {},\r\n  \"sku\": {\r\n    \"name\": \"Standard_DS1_v2\"\
        ,\r\n    \"tier\": \"Standard\",\r\n    \"capacity\": 2\r\n  },\r\n  \"properties\"\
        : {\r\n    \"singlePlacementGroup\": false,\r\n    \"orchestrationMode\":\
        \ \"Flexible\",\r\n    \"upgradePolicy\": {\r\n      \"mode\": \"Manual\"\r\
        \n    },\r\n    \"virtualMachineProfile\": {\r\n      \"osProfile\": {\r\n\
        \        \"computerNamePrefix\": \"vmssnsoz\",\r\n        \"adminUsername\"\
        : \"v-jingszhang\",\r\n        \"linuxConfiguration\": {\r\n          \"disablePasswordAuthentication\"\
        : true,\r\n          \"ssh\": {\r\n            \"publicKeys\": [\r\n     \
        \         {\r\n                \"path\": \"/home/v-jingszhang/.ssh/authorized_keys\"\
        ,\r\n                \"keyData\": \"ssh-rsa AAAAB3NzaC1yc2EAAAADAQABAAABAQCey0/ipz0OxUGA6xunJY5HdhvlsyRf2JdpnRaH0UU5KsAiajLq5HifCzJAEpRvWXIIYKSrqNi+hSmKRXiGJaHnK0dm0QO8YvM/Ab+MZUZ0L9VRznMoLsexTgDEC6QidxP5VYxXQwzgvbK1kn1J+7QTmd9JzV4Q83EEIZM5VGp7DwuUzhSuUN4LNJ9TnsCpjZwDIqIIGo9kLRLov+CfPb50o/768pa4W87a7FDJc74gvu/Qh7K05ztWNABlqYk5QsSkLWosN/vCaR+Nlh6EroTUw679G0MLj2WD/P0vLbiy1Xgf2oZ4Q5vLOQfoU2SWNkzzmfpdu3o9+VWNQppUZPyt\"\
        \r\n              }\r\n            ]\r\n          },\r\n          \"provisionVMAgent\"\
        : true,\r\n          \"patchSettings\": {\r\n            \"patchMode\": \"\
        ImageDefault\",\r\n            \"assessmentMode\": \"ImageDefault\"\r\n  \
        \        },\r\n          \"enableVMAgentPlatformUpdates\": false\r\n     \
        \   },\r\n        \"secrets\": [],\r\n        \"allowExtensionOperations\"\
        : true,\r\n        \"requireGuestProvisionSignal\": true\r\n      },\r\n \
        \     \"storageProfile\": {\r\n        \"osDisk\": {\r\n          \"osType\"\
        : \"Linux\",\r\n          \"createOption\": \"FromImage\",\r\n          \"\
        caching\": \"ReadWrite\",\r\n          \"managedDisk\": {\r\n            \"\
        storageAccountType\": \"Premium_LRS\"\r\n          },\r\n          \"deleteOption\"\
        : \"Delete\",\r\n          \"diskSizeGB\": 30\r\n        },\r\n        \"\
        imageReference\": {\r\n          \"publisher\": \"Canonical\",\r\n       \
        \   \"offer\": \"UbuntuServer\",\r\n          \"sku\": \"18.04-LTS\",\r\n\
        \          \"version\": \"latest\"\r\n        }\r\n      },\r\n      \"networkProfile\"\
        : {\"networkApiVersion\":\"2020-11-01\",\"networkInterfaceConfigurations\"\
        :[{\"name\":\"vmssn914fNic\",\"properties\":{\"primary\":true,\"disableTcpStateTracking\"\
        :false,\"enableIPForwarding\":false,\"auxiliaryMode\":\"None\",\"auxiliarySku\"\
        :\"None\",\"deleteOption\":\"Delete\",\"ipConfigurations\":[{\"name\":\"vmssn914fIPConfig\"\
        ,\"properties\":{\"privateIPAddressVersion\":\"IPv4\",\"subnet\":{\"id\":\"\
        /subscriptions/00000000-0000-0000-0000-000000000000/resourceGroups/cli_test_vmss_os_iamge_notification_000001/providers/Microsoft.Network/virtualNetworks/vmss000002VNET/subnets/vmss000002Subnet\"\
        },\"applicationSecurityGroups\":[],\"loadBalancerBackendAddressPools\":[{\"\
        id\":\"/subscriptions/00000000-0000-0000-0000-000000000000/resourceGroups/cli_test_vmss_os_iamge_notification_000001/providers/Microsoft.Network/loadBalancers/vmss000002LB/backendAddressPools/vmss000002LBBEPool\"\
        }],\"applicationGatewayBackendAddressPools\":[]}}],\"networkSecurityGroup\"\
        :{\"id\":\"/subscriptions/00000000-0000-0000-0000-000000000000/resourceGroups/cli_test_vmss_os_iamge_notification_000001/providers/Microsoft.Network/networkSecurityGroups/vmss000002NSG\"\
        },\"dnsSettings\":{\"dnsServers\":[]}}}]},\r\n      \"scheduledEventsProfile\"\
        : {},\r\n      \"timeCreated\": \"2024-04-24T05:16:48.1818616+00:00\"\r\n\
        \    },\r\n    \"provisioningState\": \"Updating\",\r\n    \"uniqueId\": \"\
        38b4915b-4964-4153-84f5-01e3331c6439\",\r\n    \"platformFaultDomainCount\"\
        : 1,\r\n    \"constrainedMaximumCapacity\": false,\r\n    \"timeCreated\"\
        : \"2024-04-24T05:15:46.4153085+00:00\"\r\n  }\r\n}"
    headers:
      azure-asyncnotification:
      - Enabled
      azure-asyncoperation:
      - https://management.azure.com/subscriptions/00000000-0000-0000-0000-000000000000/providers/Microsoft.Compute/locations/westus/operations/b59d206f-ba2c-4e7c-b18d-eacd6807d298?p=571046f6-b640-41c1-86f7-f9f044b5adf9&api-version=2024-03-01&t=638495326085742639&c=MIIHADCCBeigAwIBAgITfARk1TE_ZglsTRafPwAABGTVMTANBgkqhkiG9w0BAQsFADBEMRMwEQYKCZImiZPyLGQBGRYDR0JMMRMwEQYKCZImiZPyLGQBGRYDQU1FMRgwFgYDVQQDEw9BTUUgSW5mcmEgQ0EgMDUwHhcNMjQwMTMwMTUwODE5WhcNMjUwMTI0MTUwODE5WjBAMT4wPAYDVQQDEzVhc3luY29wZXJhdGlvbnNpZ25pbmdjZXJ0aWZpY2F0ZS5tYW5hZ2VtZW50LmF6dXJlLmNvbTCCASIwDQYJKoZIhvcNAQEBBQADggEPADCCAQoCggEBAK902W8oGHqHsYxfQcAXt6Ljumrh6DLgGihvCAJqh_U0j8R4Jupt1lXUnhMY-cA7JAT9q7SEoTZskdrko1uzzlaykxYQUacRB8irTYwbgK6DCIqWuOd2G-W2g3eWAyxRb-Dffjnsz-vBsjd1fyP0MvIXDSDMzp2oK65BSxTbBiStV3YxtKZ3eONvKga4d77iEw0zAZHIFkt0PSHzHO7kk-b_trhadwDxPYnjrQOGmouEj7HuNoC8H7-vKZvgbeplfrHtJO9vq0TOUUqIGlT236cbPe62XQNJRim_aa3chEFUmacjUnjEZtgJjup_tDQ0iV_Oe0ZqRBBGzpjoK23Wch0CAwEAAaOCA-0wggPpMCcGCSsGAQQBgjcVCgQaMBgwCgYIKwYBBQUHAwEwCgYIKwYBBQUHAwIwPQYJKwYBBAGCNxUHBDAwLgYmKwYBBAGCNxUIhpDjDYTVtHiE8Ys-hZvdFs6dEoFggvX2K4Py0SACAWQCAQowggHLBggrBgEFBQcBAQSCAb0wggG5MGMGCCsGAQUFBzAChldodHRwOi8vY3JsLm1pY3Jvc29mdC5jb20vcGtpaW5mcmEvQ2VydHMvQ08xUEtJSU5UQ0EwMS5BTUUuR0JMX0FNRSUyMEluZnJhJTIwQ0ElMjAwNS5jcnQwUwYIKwYBBQUHMAKGR2h0dHA6Ly9jcmwxLmFtZS5nYmwvYWlhL0NPMVBLSUlOVENBMDEuQU1FLkdCTF9BTUUlMjBJbmZyYSUyMENBJTIwMDUuY3J0MFMGCCsGAQUFBzAChkdodHRwOi8vY3JsMi5hbWUuZ2JsL2FpYS9DTzFQS0lJTlRDQTAxLkFNRS5HQkxfQU1FJTIwSW5mcmElMjBDQSUyMDA1LmNydDBTBggrBgEFBQcwAoZHaHR0cDovL2NybDMuYW1lLmdibC9haWEvQ08xUEtJSU5UQ0EwMS5BTUUuR0JMX0FNRSUyMEluZnJhJTIwQ0ElMjAwNS5jcnQwUwYIKwYBBQUHMAKGR2h0dHA6Ly9jcmw0LmFtZS5nYmwvYWlhL0NPMVBLSUlOVENBMDEuQU1FLkdCTF9BTUUlMjBJbmZyYSUyMENBJTIwMDUuY3J0MB0GA1UdDgQWBBSnxeoeDA6bR-Af5MXqnvahGPcbyTAOBgNVHQ8BAf8EBAMCBaAwggEmBgNVHR8EggEdMIIBGTCCARWgggERoIIBDYY_aHR0cDovL2NybC5taWNyb3NvZnQuY29tL3BraWluZnJhL0NSTC9BTUUlMjBJbmZyYSUyMENBJTIwMDUuY3JshjFodHRwOi8vY3JsMS5hbWUuZ2JsL2NybC9BTUUlMjBJbmZyYSUyMENBJTIwMDUuY3JshjFodHRwOi8vY3JsMi5hbWUuZ2JsL2NybC9BTUUlMjBJbmZyYSUyMENBJTIwMDUuY3JshjFodHRwOi8vY3JsMy5hbWUuZ2JsL2NybC9BTUUlMjBJbmZyYSUyMENBJTIwMDUuY3JshjFodHRwOi8vY3JsNC5hbWUuZ2JsL2NybC9BTUUlMjBJbmZyYSUyMENBJTIwMDUuY3JsMBcGA1UdIAQQMA4wDAYKKwYBBAGCN3sBATAfBgNVHSMEGDAWgBR61hmFKHlscXYeYPjzS--iBUIWHTAdBgNVHSUEFjAUBggrBgEFBQcDAQYIKwYBBQUHAwIwDQYJKoZIhvcNAQELBQADggEBAGj6QqaLOPa3RZUHMPeeSymifn86nh52yaIojZbdHUiE_o0iWzV-2ZRZOxE2IgkOrAeMYXIUhMoqV7XxTwfpi6zGwrzIeuTWMbNjgzbIZGIMJCbUyNbvEkGqxvBpcwzATT8KQYU2-J2iL5slKYZIACN6THLJn5BI6dAecS1X4PJ5vNAgI8qlsYmnafZSCIrWLUQQUsZeLUaxy3t-hozvyfVe-B-nktPdgNv3-iCsI0AtlvezwfFcJXQHQeNByXg5oxXPIe02On7O1u8swvMta16Va5_kDzD80TS3LYzVk2nzUVxEqPaGhpA-vs_ttjm7hDhYk80OIsQ_YZd286sA58Q&s=TZt50Bh6FZSjVA43RZZGEkz8lPGpDiB4MfAsz92DHyO75TGjpO5DFYomEh_ixvWmGQMjq5cF_EgJwn-iSXq87bksMPLZrDXN7oxyTp7ZbmW-YoZ3JU8BawfAbvxbYlHsIWdJvN0XJuaBYUnYrmiXmnkbmU81zDM9AQ-vzeNA1NPIqw_X8WGmlDUuamNII8bCEM1DwlC76-6e0upXE5J48KHApNV-kj0xCVmlFme0A0Zs2Yqs8_UQNJUgsyPZWVaWWfE2q-2OGqFIG1zTpCa42peWBLWGCDx2WwAe4oscY125ctw2LT0RsKcaVOEgOv982Y-rv-skNy_v-DuZF27mlg&h=Gst1IM-RvrlM_KBgYAi21ajzCYvvCEXRghzQ4FnIG5Y
      cache-control:
      - no-cache
      content-length:
      - '3710'
      content-type:
      - application/json; charset=utf-8
      date:
      - Wed, 24 Apr 2024 05:16:48 GMT
      expires:
      - '-1'
      pragma:
      - no-cache
      strict-transport-security:
      - max-age=31536000; includeSubDomains
      x-cache:
      - CONFIG_NOCACHE
      x-content-type-options:
      - nosniff
      x-ms-ratelimit-remaining-resource:
      - Microsoft.Compute/CreateVMScaleSetSubscriptionMaximum;374,Microsoft.Compute/CreateVMScaleSetResource;11
      x-ms-ratelimit-remaining-subscription-writes:
      - '1194'
      x-msedge-ref:
      - 'Ref A: 0A6DC18436B54D23955762A612ED440E Ref B: MAA201060516021 Ref C: 2024-04-24T05:16:42Z'
    status:
      code: 200
      message: ''
- request:
    body: null
    headers:
      Accept:
      - '*/*'
      Accept-Encoding:
      - gzip, deflate
      CommandName:
      - vmss update
      Connection:
      - keep-alive
      ParameterSetName:
      - -g -n --enable-osimage-notification
      User-Agent:
      - AZURECLI/2.59.0 azsdk-python-core/1.30.1 Python/3.10.11 (Windows-10-10.0.22631-SP0)
    method: GET
    uri: https://management.azure.com/subscriptions/00000000-0000-0000-0000-000000000000/providers/Microsoft.Compute/locations/westus/operations/b59d206f-ba2c-4e7c-b18d-eacd6807d298?p=571046f6-b640-41c1-86f7-f9f044b5adf9&api-version=2024-03-01&t=638495326085742639&c=MIIHADCCBeigAwIBAgITfARk1TE_ZglsTRafPwAABGTVMTANBgkqhkiG9w0BAQsFADBEMRMwEQYKCZImiZPyLGQBGRYDR0JMMRMwEQYKCZImiZPyLGQBGRYDQU1FMRgwFgYDVQQDEw9BTUUgSW5mcmEgQ0EgMDUwHhcNMjQwMTMwMTUwODE5WhcNMjUwMTI0MTUwODE5WjBAMT4wPAYDVQQDEzVhc3luY29wZXJhdGlvbnNpZ25pbmdjZXJ0aWZpY2F0ZS5tYW5hZ2VtZW50LmF6dXJlLmNvbTCCASIwDQYJKoZIhvcNAQEBBQADggEPADCCAQoCggEBAK902W8oGHqHsYxfQcAXt6Ljumrh6DLgGihvCAJqh_U0j8R4Jupt1lXUnhMY-cA7JAT9q7SEoTZskdrko1uzzlaykxYQUacRB8irTYwbgK6DCIqWuOd2G-W2g3eWAyxRb-Dffjnsz-vBsjd1fyP0MvIXDSDMzp2oK65BSxTbBiStV3YxtKZ3eONvKga4d77iEw0zAZHIFkt0PSHzHO7kk-b_trhadwDxPYnjrQOGmouEj7HuNoC8H7-vKZvgbeplfrHtJO9vq0TOUUqIGlT236cbPe62XQNJRim_aa3chEFUmacjUnjEZtgJjup_tDQ0iV_Oe0ZqRBBGzpjoK23Wch0CAwEAAaOCA-0wggPpMCcGCSsGAQQBgjcVCgQaMBgwCgYIKwYBBQUHAwEwCgYIKwYBBQUHAwIwPQYJKwYBBAGCNxUHBDAwLgYmKwYBBAGCNxUIhpDjDYTVtHiE8Ys-hZvdFs6dEoFggvX2K4Py0SACAWQCAQowggHLBggrBgEFBQcBAQSCAb0wggG5MGMGCCsGAQUFBzAChldodHRwOi8vY3JsLm1pY3Jvc29mdC5jb20vcGtpaW5mcmEvQ2VydHMvQ08xUEtJSU5UQ0EwMS5BTUUuR0JMX0FNRSUyMEluZnJhJTIwQ0ElMjAwNS5jcnQwUwYIKwYBBQUHMAKGR2h0dHA6Ly9jcmwxLmFtZS5nYmwvYWlhL0NPMVBLSUlOVENBMDEuQU1FLkdCTF9BTUUlMjBJbmZyYSUyMENBJTIwMDUuY3J0MFMGCCsGAQUFBzAChkdodHRwOi8vY3JsMi5hbWUuZ2JsL2FpYS9DTzFQS0lJTlRDQTAxLkFNRS5HQkxfQU1FJTIwSW5mcmElMjBDQSUyMDA1LmNydDBTBggrBgEFBQcwAoZHaHR0cDovL2NybDMuYW1lLmdibC9haWEvQ08xUEtJSU5UQ0EwMS5BTUUuR0JMX0FNRSUyMEluZnJhJTIwQ0ElMjAwNS5jcnQwUwYIKwYBBQUHMAKGR2h0dHA6Ly9jcmw0LmFtZS5nYmwvYWlhL0NPMVBLSUlOVENBMDEuQU1FLkdCTF9BTUUlMjBJbmZyYSUyMENBJTIwMDUuY3J0MB0GA1UdDgQWBBSnxeoeDA6bR-Af5MXqnvahGPcbyTAOBgNVHQ8BAf8EBAMCBaAwggEmBgNVHR8EggEdMIIBGTCCARWgggERoIIBDYY_aHR0cDovL2NybC5taWNyb3NvZnQuY29tL3BraWluZnJhL0NSTC9BTUUlMjBJbmZyYSUyMENBJTIwMDUuY3JshjFodHRwOi8vY3JsMS5hbWUuZ2JsL2NybC9BTUUlMjBJbmZyYSUyMENBJTIwMDUuY3JshjFodHRwOi8vY3JsMi5hbWUuZ2JsL2NybC9BTUUlMjBJbmZyYSUyMENBJTIwMDUuY3JshjFodHRwOi8vY3JsMy5hbWUuZ2JsL2NybC9BTUUlMjBJbmZyYSUyMENBJTIwMDUuY3JshjFodHRwOi8vY3JsNC5hbWUuZ2JsL2NybC9BTUUlMjBJbmZyYSUyMENBJTIwMDUuY3JsMBcGA1UdIAQQMA4wDAYKKwYBBAGCN3sBATAfBgNVHSMEGDAWgBR61hmFKHlscXYeYPjzS--iBUIWHTAdBgNVHSUEFjAUBggrBgEFBQcDAQYIKwYBBQUHAwIwDQYJKoZIhvcNAQELBQADggEBAGj6QqaLOPa3RZUHMPeeSymifn86nh52yaIojZbdHUiE_o0iWzV-2ZRZOxE2IgkOrAeMYXIUhMoqV7XxTwfpi6zGwrzIeuTWMbNjgzbIZGIMJCbUyNbvEkGqxvBpcwzATT8KQYU2-J2iL5slKYZIACN6THLJn5BI6dAecS1X4PJ5vNAgI8qlsYmnafZSCIrWLUQQUsZeLUaxy3t-hozvyfVe-B-nktPdgNv3-iCsI0AtlvezwfFcJXQHQeNByXg5oxXPIe02On7O1u8swvMta16Va5_kDzD80TS3LYzVk2nzUVxEqPaGhpA-vs_ttjm7hDhYk80OIsQ_YZd286sA58Q&s=TZt50Bh6FZSjVA43RZZGEkz8lPGpDiB4MfAsz92DHyO75TGjpO5DFYomEh_ixvWmGQMjq5cF_EgJwn-iSXq87bksMPLZrDXN7oxyTp7ZbmW-YoZ3JU8BawfAbvxbYlHsIWdJvN0XJuaBYUnYrmiXmnkbmU81zDM9AQ-vzeNA1NPIqw_X8WGmlDUuamNII8bCEM1DwlC76-6e0upXE5J48KHApNV-kj0xCVmlFme0A0Zs2Yqs8_UQNJUgsyPZWVaWWfE2q-2OGqFIG1zTpCa42peWBLWGCDx2WwAe4oscY125ctw2LT0RsKcaVOEgOv982Y-rv-skNy_v-DuZF27mlg&h=Gst1IM-RvrlM_KBgYAi21ajzCYvvCEXRghzQ4FnIG5Y
  response:
    body:
      string: "{\r\n  \"startTime\": \"2024-04-24T05:16:48.1662363+00:00\",\r\n  \"\
        endTime\": \"2024-04-24T05:16:48.2131631+00:00\",\r\n  \"status\": \"Succeeded\"\
        ,\r\n  \"name\": \"b59d206f-ba2c-4e7c-b18d-eacd6807d298\"\r\n}"
    headers:
      cache-control:
      - no-cache
      content-length:
      - '184'
      content-type:
      - application/json; charset=utf-8
      date:
      - Wed, 24 Apr 2024 05:16:49 GMT
      expires:
      - '-1'
      pragma:
      - no-cache
      strict-transport-security:
      - max-age=31536000; includeSubDomains
      x-cache:
      - CONFIG_NOCACHE
      x-content-type-options:
      - nosniff
      x-ms-ratelimit-remaining-resource:
      - Microsoft.Compute/GetOperationResource;44,Microsoft.Compute/GetOperationSubscriptionMaximum;14987
      x-msedge-ref:
      - 'Ref A: D8FF116F3ED4451980E9BBCA65BD767C Ref B: MAA201060515009 Ref C: 2024-04-24T05:16:49Z'
    status:
      code: 200
      message: ''
- request:
    body: null
    headers:
      Accept:
      - '*/*'
      Accept-Encoding:
      - gzip, deflate
      CommandName:
      - vmss update
      Connection:
      - keep-alive
      ParameterSetName:
      - -g -n --enable-osimage-notification
      User-Agent:
      - AZURECLI/2.59.0 azsdk-python-core/1.30.1 Python/3.10.11 (Windows-10-10.0.22631-SP0)
    method: GET
    uri: https://management.azure.com/subscriptions/00000000-0000-0000-0000-000000000000/resourceGroups/cli_test_vmss_os_iamge_notification_000001/providers/Microsoft.Compute/virtualMachineScaleSets/vmss000002?api-version=2024-03-01
  response:
    body:
      string: "{\r\n  \"name\": \"vmss000002\",\r\n  \"id\": \"/subscriptions/00000000-0000-0000-0000-000000000000/resourceGroups/cli_test_vmss_os_iamge_notification_000001/providers/Microsoft.Compute/virtualMachineScaleSets/vmss000002\"\
        ,\r\n  \"type\": \"Microsoft.Compute/virtualMachineScaleSets\",\r\n  \"location\"\
        : \"westus\",\r\n  \"tags\": {},\r\n  \"sku\": {\r\n    \"name\": \"Standard_DS1_v2\"\
        ,\r\n    \"tier\": \"Standard\",\r\n    \"capacity\": 2\r\n  },\r\n  \"properties\"\
        : {\r\n    \"singlePlacementGroup\": false,\r\n    \"orchestrationMode\":\
        \ \"Flexible\",\r\n    \"upgradePolicy\": {\r\n      \"mode\": \"Manual\"\r\
        \n    },\r\n    \"virtualMachineProfile\": {\r\n      \"osProfile\": {\r\n\
        \        \"computerNamePrefix\": \"vmssnsoz\",\r\n        \"adminUsername\"\
        : \"v-jingszhang\",\r\n        \"linuxConfiguration\": {\r\n          \"disablePasswordAuthentication\"\
        : true,\r\n          \"ssh\": {\r\n            \"publicKeys\": [\r\n     \
        \         {\r\n                \"path\": \"/home/v-jingszhang/.ssh/authorized_keys\"\
        ,\r\n                \"keyData\": \"ssh-rsa AAAAB3NzaC1yc2EAAAADAQABAAABAQCey0/ipz0OxUGA6xunJY5HdhvlsyRf2JdpnRaH0UU5KsAiajLq5HifCzJAEpRvWXIIYKSrqNi+hSmKRXiGJaHnK0dm0QO8YvM/Ab+MZUZ0L9VRznMoLsexTgDEC6QidxP5VYxXQwzgvbK1kn1J+7QTmd9JzV4Q83EEIZM5VGp7DwuUzhSuUN4LNJ9TnsCpjZwDIqIIGo9kLRLov+CfPb50o/768pa4W87a7FDJc74gvu/Qh7K05ztWNABlqYk5QsSkLWosN/vCaR+Nlh6EroTUw679G0MLj2WD/P0vLbiy1Xgf2oZ4Q5vLOQfoU2SWNkzzmfpdu3o9+VWNQppUZPyt\"\
        \r\n              }\r\n            ]\r\n          },\r\n          \"provisionVMAgent\"\
        : true,\r\n          \"patchSettings\": {\r\n            \"patchMode\": \"\
        ImageDefault\",\r\n            \"assessmentMode\": \"ImageDefault\"\r\n  \
        \        },\r\n          \"enableVMAgentPlatformUpdates\": false\r\n     \
        \   },\r\n        \"secrets\": [],\r\n        \"allowExtensionOperations\"\
        : true,\r\n        \"requireGuestProvisionSignal\": true\r\n      },\r\n \
        \     \"storageProfile\": {\r\n        \"osDisk\": {\r\n          \"osType\"\
        : \"Linux\",\r\n          \"createOption\": \"FromImage\",\r\n          \"\
        caching\": \"ReadWrite\",\r\n          \"managedDisk\": {\r\n            \"\
        storageAccountType\": \"Premium_LRS\"\r\n          },\r\n          \"deleteOption\"\
        : \"Delete\",\r\n          \"diskSizeGB\": 30\r\n        },\r\n        \"\
        imageReference\": {\r\n          \"publisher\": \"Canonical\",\r\n       \
        \   \"offer\": \"UbuntuServer\",\r\n          \"sku\": \"18.04-LTS\",\r\n\
        \          \"version\": \"latest\"\r\n        }\r\n      },\r\n      \"networkProfile\"\
        : {\"networkApiVersion\":\"2020-11-01\",\"networkInterfaceConfigurations\"\
        :[{\"name\":\"vmssn914fNic\",\"properties\":{\"primary\":true,\"disableTcpStateTracking\"\
        :false,\"enableIPForwarding\":false,\"auxiliaryMode\":\"None\",\"auxiliarySku\"\
        :\"None\",\"deleteOption\":\"Delete\",\"ipConfigurations\":[{\"name\":\"vmssn914fIPConfig\"\
        ,\"properties\":{\"privateIPAddressVersion\":\"IPv4\",\"subnet\":{\"id\":\"\
        /subscriptions/00000000-0000-0000-0000-000000000000/resourceGroups/cli_test_vmss_os_iamge_notification_000001/providers/Microsoft.Network/virtualNetworks/vmss000002VNET/subnets/vmss000002Subnet\"\
        },\"applicationSecurityGroups\":[],\"loadBalancerBackendAddressPools\":[{\"\
        id\":\"/subscriptions/00000000-0000-0000-0000-000000000000/resourceGroups/cli_test_vmss_os_iamge_notification_000001/providers/Microsoft.Network/loadBalancers/vmss000002LB/backendAddressPools/vmss000002LBBEPool\"\
        }],\"applicationGatewayBackendAddressPools\":[]}}],\"networkSecurityGroup\"\
        :{\"id\":\"/subscriptions/00000000-0000-0000-0000-000000000000/resourceGroups/cli_test_vmss_os_iamge_notification_000001/providers/Microsoft.Network/networkSecurityGroups/vmss000002NSG\"\
        },\"dnsSettings\":{\"dnsServers\":[]}}}]},\r\n      \"scheduledEventsProfile\"\
        : {},\r\n      \"timeCreated\": \"2024-04-24T05:16:48.1818616+00:00\"\r\n\
        \    },\r\n    \"provisioningState\": \"Succeeded\",\r\n    \"uniqueId\":\
        \ \"38b4915b-4964-4153-84f5-01e3331c6439\",\r\n    \"platformFaultDomainCount\"\
        : 1,\r\n    \"constrainedMaximumCapacity\": false,\r\n    \"timeCreated\"\
        : \"2024-04-24T05:15:46.4153085+00:00\"\r\n  }\r\n}"
    headers:
      cache-control:
      - no-cache
      content-length:
      - '3711'
      content-type:
      - application/json; charset=utf-8
      date:
      - Wed, 24 Apr 2024 05:16:49 GMT
      expires:
      - '-1'
      pragma:
      - no-cache
      strict-transport-security:
      - max-age=31536000; includeSubDomains
      x-cache:
      - CONFIG_NOCACHE
      x-content-type-options:
      - nosniff
      x-ms-ratelimit-remaining-resource:
      - Microsoft.Compute/GetVMScaleSetSubscriptionMaximum;2396,Microsoft.Compute/GetVMScaleSetResource;29
      x-msedge-ref:
      - 'Ref A: 8E9805A1D3824485A340620B0F369929 Ref B: MAA201060515025 Ref C: 2024-04-24T05:16:50Z'
    status:
      code: 200
      message: ''
version: 1
