interactions:
- request:
    body: null
    headers:
      Accept:
      - application/json
      Accept-Encoding:
      - gzip, deflate
      CommandName:
      - vmss create
      Connection:
      - keep-alive
      ParameterSetName:
      - --resource-group --name --image --ephemeral-os-disk --disable-overprovision
        --instance-count --data-disk-sizes-gb --storage-sku --admin-username --admin-password
        --orchestration-mode
      User-Agent:
      - AZURECLI/2.60.0 azsdk-python-core/1.28.0 Python/3.10.11 (Windows-10-10.0.22631-SP0)
    method: GET
    uri: https://management.azure.com/subscriptions/00000000-0000-0000-0000-000000000000/resourcegroups/cli_test_vmss_update_ephemeral_os_disk000001?api-version=2022-09-01
  response:
    body:
      string: '{"id":"/subscriptions/00000000-0000-0000-0000-000000000000/resourceGroups/cli_test_vmss_update_ephemeral_os_disk000001","name":"cli_test_vmss_update_ephemeral_os_disk000001","type":"Microsoft.Resources/resourceGroups","location":"eastus2euap","tags":{"product":"azurecli","cause":"automation","test":"test_vmss_update_ephemeral_os_disk","date":"2024-05-10T02:31:55Z","module":"vm"},"properties":{"provisioningState":"Succeeded"}}'
    headers:
      cache-control:
      - no-cache
      content-length:
      - '429'
      content-type:
      - application/json; charset=utf-8
      date:
      - Fri, 10 May 2024 02:32:01 GMT
      expires:
      - '-1'
      pragma:
      - no-cache
      strict-transport-security:
      - max-age=31536000; includeSubDomains
      x-cache:
      - CONFIG_NOCACHE
      x-content-type-options:
      - nosniff
      x-msedge-ref:
      - 'Ref A: 58823DDDCF7F45F1BF9BBA7C44780B3A Ref B: TYO201100114049 Ref C: 2024-05-10T02:32:02Z'
    status:
      code: 200
      message: OK
- request:
    body: null
    headers:
      Accept:
      - application/json
      Accept-Encoding:
      - gzip, deflate
      CommandName:
      - vmss create
      Connection:
      - keep-alive
      ParameterSetName:
      - --resource-group --name --image --ephemeral-os-disk --disable-overprovision
        --instance-count --data-disk-sizes-gb --storage-sku --admin-username --admin-password
        --orchestration-mode
      User-Agent:
      - AZURECLI/2.60.0 azsdk-python-core/1.28.0 Python/3.10.11 (Windows-10-10.0.22631-SP0)
    method: GET
    uri: https://management.azure.com/subscriptions/00000000-0000-0000-0000-000000000000/providers/Microsoft.Compute/locations/eastus2euap/publishers/OpenLogic/artifacttypes/vmimage/offers/CentOS/skus/7.5/versions?$top=1&$orderby=name%20desc&api-version=2024-03-01
  response:
    body:
      string: "[\r\n  {\r\n    \"location\": \"EastUS2EUAP\",\r\n    \"name\": \"\
        7.5.201808150\",\r\n    \"id\": \"/Subscriptions/00000000-0000-0000-0000-000000000000/Providers/Microsoft.Compute/Locations/EastUS2EUAP/Publishers/OpenLogic/ArtifactTypes/VMImage/Offers/CentOS/Skus/7.5/Versions/7.5.201808150\"\
        \r\n  }\r\n]"
    headers:
      cache-control:
      - no-cache
      content-length:
      - '280'
      content-type:
      - application/json; charset=utf-8
      date:
      - Fri, 10 May 2024 02:32:03 GMT
      expires:
      - '-1'
      pragma:
      - no-cache
      strict-transport-security:
      - max-age=31536000; includeSubDomains
      x-cache:
      - CONFIG_NOCACHE
      x-content-type-options:
      - nosniff
      x-ms-ratelimit-remaining-resource:
      - Microsoft.Compute/ListVMImagesVersionsFromLocation3Min;15999,Microsoft.Compute/ListVMImagesVersionsFromLocation30Min;43987
      x-msedge-ref:
      - 'Ref A: E728E351A65544128DB83C6895FC6116 Ref B: TYO201151001025 Ref C: 2024-05-10T02:32:02Z'
    status:
      code: 200
      message: OK
- request:
    body: null
    headers:
      Accept:
      - application/json
      Accept-Encoding:
      - gzip, deflate
      CommandName:
      - vmss create
      Connection:
      - keep-alive
      ParameterSetName:
      - --resource-group --name --image --ephemeral-os-disk --disable-overprovision
        --instance-count --data-disk-sizes-gb --storage-sku --admin-username --admin-password
        --orchestration-mode
      User-Agent:
      - AZURECLI/2.60.0 azsdk-python-core/1.28.0 Python/3.10.11 (Windows-10-10.0.22631-SP0)
    method: GET
    uri: https://management.azure.com/subscriptions/00000000-0000-0000-0000-000000000000/providers/Microsoft.Compute/locations/eastus2euap/publishers/OpenLogic/artifacttypes/vmimage/offers/CentOS/skus/7.5/versions/7.5.201808150?api-version=2024-03-01
  response:
    body:
      string: "{\r\n  \"properties\": {\r\n    \"hyperVGeneration\": \"V1\",\r\n \
        \   \"architecture\": \"x64\",\r\n    \"replicaType\": \"Unmanaged\",\r\n\
        \    \"disallowed\": {\r\n      \"vmDiskType\": \"None\"\r\n    },\r\n   \
        \ \"automaticOSUpgradeProperties\": {\r\n      \"automaticOSUpgradeSupported\"\
        : true\r\n    },\r\n    \"imageDeprecationStatus\": {\r\n      \"imageState\"\
        : \"Active\"\r\n    },\r\n    \"osDiskImage\": {\r\n      \"operatingSystem\"\
        : \"Linux\",\r\n      \"sizeInBytes\": 32212255232\r\n    },\r\n    \"dataDiskImages\"\
        : []\r\n  },\r\n  \"location\": \"EastUS2EUAP\",\r\n  \"name\": \"7.5.201808150\"\
        ,\r\n  \"id\": \"/Subscriptions/00000000-0000-0000-0000-000000000000/Providers/Microsoft.Compute/Locations/EastUS2EUAP/Publishers/OpenLogic/ArtifactTypes/VMImage/Offers/CentOS/Skus/7.5/Versions/7.5.201808150\"\
        \r\n}"
    headers:
      cache-control:
      - no-cache
      content-length:
      - '724'
      content-type:
      - application/json; charset=utf-8
      date:
      - Fri, 10 May 2024 02:32:05 GMT
      expires:
      - '-1'
      pragma:
      - no-cache
      strict-transport-security:
      - max-age=31536000; includeSubDomains
      x-cache:
      - CONFIG_NOCACHE
      x-content-type-options:
      - nosniff
      x-ms-ratelimit-remaining-resource:
      - Microsoft.Compute/GetVMImageFromLocation3Min;12999,Microsoft.Compute/GetVMImageFromLocation30Min;73988
      x-msedge-ref:
      - 'Ref A: 5905991BAAC049608C4311497975AC74 Ref B: TYO201151005052 Ref C: 2024-05-10T02:32:04Z'
    status:
      code: 200
      message: OK
- request:
    body: null
    headers:
      Accept:
      - application/json
      Accept-Encoding:
      - gzip, deflate
      CommandName:
      - vmss create
      Connection:
      - keep-alive
      ParameterSetName:
      - --resource-group --name --image --ephemeral-os-disk --disable-overprovision
        --instance-count --data-disk-sizes-gb --storage-sku --admin-username --admin-password
        --orchestration-mode
      User-Agent:
      - AZURECLI/2.60.0 azsdk-python-core/1.28.0 Python/3.10.11 (Windows-10-10.0.22631-SP0)
    method: GET
    uri: https://management.azure.com/subscriptions/00000000-0000-0000-0000-000000000000/resourceGroups/cli_test_vmss_update_ephemeral_os_disk000001/providers/Microsoft.Network/virtualNetworks?api-version=2022-01-01
  response:
    body:
      string: '{"value":[]}'
    headers:
      cache-control:
      - no-cache
      content-length:
      - '12'
      content-type:
      - application/json; charset=utf-8
      date:
      - Fri, 10 May 2024 02:32:06 GMT
      expires:
      - '-1'
      pragma:
      - no-cache
      strict-transport-security:
      - max-age=31536000; includeSubDomains
      x-cache:
      - CONFIG_NOCACHE
      x-content-type-options:
      - nosniff
      x-msedge-ref:
      - 'Ref A: CC7E3290E57940098C012B1B9EB3B95D Ref B: TYO201100116049 Ref C: 2024-05-10T02:32:06Z'
    status:
      code: 200
      message: OK
- request:
    body: null
    headers:
      Accept:
      - application/json
      Accept-Encoding:
      - gzip, deflate
      CommandName:
      - vmss create
      Connection:
      - keep-alive
      ParameterSetName:
      - --resource-group --name --image --ephemeral-os-disk --disable-overprovision
        --instance-count --data-disk-sizes-gb --storage-sku --admin-username --admin-password
        --orchestration-mode
      User-Agent:
      - AZURECLI/2.60.0 azsdk-python-core/1.28.0 Python/3.10.11 (Windows-10-10.0.22631-SP0)
    method: GET
    uri: https://management.azure.com/subscriptions/00000000-0000-0000-0000-000000000000/providers/Microsoft.Compute/locations/eastus2euap/publishers/OpenLogic/artifacttypes/vmimage/offers/CentOS/skus/7.5/versions?$top=1&$orderby=name%20desc&api-version=2024-03-01
  response:
    body:
      string: "[\r\n  {\r\n    \"location\": \"EastUS2EUAP\",\r\n    \"name\": \"\
        7.5.201808150\",\r\n    \"id\": \"/Subscriptions/00000000-0000-0000-0000-000000000000/Providers/Microsoft.Compute/Locations/EastUS2EUAP/Publishers/OpenLogic/ArtifactTypes/VMImage/Offers/CentOS/Skus/7.5/Versions/7.5.201808150\"\
        \r\n  }\r\n]"
    headers:
      cache-control:
      - no-cache
      content-length:
      - '280'
      content-type:
      - application/json; charset=utf-8
      date:
      - Fri, 10 May 2024 02:32:06 GMT
      expires:
      - '-1'
      pragma:
      - no-cache
      strict-transport-security:
      - max-age=31536000; includeSubDomains
      x-cache:
      - CONFIG_NOCACHE
      x-content-type-options:
      - nosniff
      x-ms-ratelimit-remaining-resource:
      - Microsoft.Compute/ListVMImagesVersionsFromLocation3Min;15998,Microsoft.Compute/ListVMImagesVersionsFromLocation30Min;43986
      x-msedge-ref:
      - 'Ref A: CD84DD8DD81F442384F72A483D466FFE Ref B: TYO201151006060 Ref C: 2024-05-10T02:32:07Z'
    status:
      code: 200
      message: OK
- request:
    body: null
    headers:
      Accept:
      - application/json
      Accept-Encoding:
      - gzip, deflate
      CommandName:
      - vmss create
      Connection:
      - keep-alive
      ParameterSetName:
      - --resource-group --name --image --ephemeral-os-disk --disable-overprovision
        --instance-count --data-disk-sizes-gb --storage-sku --admin-username --admin-password
        --orchestration-mode
      User-Agent:
      - AZURECLI/2.60.0 azsdk-python-core/1.28.0 Python/3.10.11 (Windows-10-10.0.22631-SP0)
    method: GET
    uri: https://management.azure.com/subscriptions/00000000-0000-0000-0000-000000000000/providers/Microsoft.Compute/locations/eastus2euap/publishers/OpenLogic/artifacttypes/vmimage/offers/CentOS/skus/7.5/versions/7.5.201808150?api-version=2024-03-01
  response:
    body:
      string: "{\r\n  \"properties\": {\r\n    \"hyperVGeneration\": \"V1\",\r\n \
        \   \"architecture\": \"x64\",\r\n    \"replicaType\": \"Unmanaged\",\r\n\
        \    \"disallowed\": {\r\n      \"vmDiskType\": \"None\"\r\n    },\r\n   \
        \ \"automaticOSUpgradeProperties\": {\r\n      \"automaticOSUpgradeSupported\"\
        : true\r\n    },\r\n    \"imageDeprecationStatus\": {\r\n      \"imageState\"\
        : \"Active\"\r\n    },\r\n    \"osDiskImage\": {\r\n      \"operatingSystem\"\
        : \"Linux\",\r\n      \"sizeInBytes\": 32212255232\r\n    },\r\n    \"dataDiskImages\"\
        : []\r\n  },\r\n  \"location\": \"EastUS2EUAP\",\r\n  \"name\": \"7.5.201808150\"\
        ,\r\n  \"id\": \"/Subscriptions/00000000-0000-0000-0000-000000000000/Providers/Microsoft.Compute/Locations/EastUS2EUAP/Publishers/OpenLogic/ArtifactTypes/VMImage/Offers/CentOS/Skus/7.5/Versions/7.5.201808150\"\
        \r\n}"
    headers:
      cache-control:
      - no-cache
      content-length:
      - '724'
      content-type:
      - application/json; charset=utf-8
      date:
      - Fri, 10 May 2024 02:32:08 GMT
      expires:
      - '-1'
      pragma:
      - no-cache
      strict-transport-security:
      - max-age=31536000; includeSubDomains
      x-cache:
      - CONFIG_NOCACHE
      x-content-type-options:
      - nosniff
      x-ms-ratelimit-remaining-resource:
      - Microsoft.Compute/GetVMImageFromLocation3Min;12998,Microsoft.Compute/GetVMImageFromLocation30Min;73987
      x-msedge-ref:
      - 'Ref A: 4A94DDA5B1B4436FB560706CBEECE6A8 Ref B: TYO201100113023 Ref C: 2024-05-10T02:32:08Z'
    status:
      code: 200
      message: OK
- request:
    body: null
    headers:
      Accept:
      - application/json
      Accept-Encoding:
      - gzip, deflate
      CommandName:
      - vmss create
      Connection:
      - keep-alive
      ParameterSetName:
      - --resource-group --name --image --ephemeral-os-disk --disable-overprovision
        --instance-count --data-disk-sizes-gb --storage-sku --admin-username --admin-password
        --orchestration-mode
      User-Agent:
      - AZURECLI/2.60.0 azsdk-python-core/1.28.0 Python/3.10.11 (Windows-10-10.0.22631-SP0)
    method: GET
    uri: https://management.azure.com/subscriptions/00000000-0000-0000-0000-000000000000/providers/Microsoft.Compute/locations/eastus2euap/publishers/OpenLogic/artifacttypes/vmimage/offers/CentOS/skus/7.5/versions?$top=1&$orderby=name%20desc&api-version=2024-03-01
  response:
    body:
      string: "[\r\n  {\r\n    \"location\": \"EastUS2EUAP\",\r\n    \"name\": \"\
        7.5.201808150\",\r\n    \"id\": \"/Subscriptions/00000000-0000-0000-0000-000000000000/Providers/Microsoft.Compute/Locations/EastUS2EUAP/Publishers/OpenLogic/ArtifactTypes/VMImage/Offers/CentOS/Skus/7.5/Versions/7.5.201808150\"\
        \r\n  }\r\n]"
    headers:
      cache-control:
      - no-cache
      content-length:
      - '280'
      content-type:
      - application/json; charset=utf-8
      date:
      - Fri, 10 May 2024 02:32:09 GMT
      expires:
      - '-1'
      pragma:
      - no-cache
      strict-transport-security:
      - max-age=31536000; includeSubDomains
      x-cache:
      - CONFIG_NOCACHE
      x-content-type-options:
      - nosniff
      x-ms-ratelimit-remaining-resource:
      - Microsoft.Compute/ListVMImagesVersionsFromLocation3Min;15997,Microsoft.Compute/ListVMImagesVersionsFromLocation30Min;43985
      x-msedge-ref:
      - 'Ref A: 22070C19DEB44773AF9CDB2D9168E497 Ref B: TYO201100116039 Ref C: 2024-05-10T02:32:09Z'
    status:
      code: 200
      message: OK
- request:
    body: null
    headers:
      Accept:
      - application/json
      Accept-Encoding:
      - gzip, deflate
      CommandName:
      - vmss create
      Connection:
      - keep-alive
      ParameterSetName:
      - --resource-group --name --image --ephemeral-os-disk --disable-overprovision
        --instance-count --data-disk-sizes-gb --storage-sku --admin-username --admin-password
        --orchestration-mode
      User-Agent:
      - AZURECLI/2.60.0 azsdk-python-core/1.28.0 Python/3.10.11 (Windows-10-10.0.22631-SP0)
    method: GET
    uri: https://management.azure.com/subscriptions/00000000-0000-0000-0000-000000000000/providers/Microsoft.Compute/locations/eastus2euap/publishers/OpenLogic/artifacttypes/vmimage/offers/CentOS/skus/7.5/versions/7.5.201808150?api-version=2024-03-01
  response:
    body:
      string: "{\r\n  \"properties\": {\r\n    \"hyperVGeneration\": \"V1\",\r\n \
        \   \"architecture\": \"x64\",\r\n    \"replicaType\": \"Unmanaged\",\r\n\
        \    \"disallowed\": {\r\n      \"vmDiskType\": \"None\"\r\n    },\r\n   \
        \ \"automaticOSUpgradeProperties\": {\r\n      \"automaticOSUpgradeSupported\"\
        : true\r\n    },\r\n    \"imageDeprecationStatus\": {\r\n      \"imageState\"\
        : \"Active\"\r\n    },\r\n    \"osDiskImage\": {\r\n      \"operatingSystem\"\
        : \"Linux\",\r\n      \"sizeInBytes\": 32212255232\r\n    },\r\n    \"dataDiskImages\"\
        : []\r\n  },\r\n  \"location\": \"EastUS2EUAP\",\r\n  \"name\": \"7.5.201808150\"\
        ,\r\n  \"id\": \"/Subscriptions/00000000-0000-0000-0000-000000000000/Providers/Microsoft.Compute/Locations/EastUS2EUAP/Publishers/OpenLogic/ArtifactTypes/VMImage/Offers/CentOS/Skus/7.5/Versions/7.5.201808150\"\
        \r\n}"
    headers:
      cache-control:
      - no-cache
      content-length:
      - '724'
      content-type:
      - application/json; charset=utf-8
      date:
      - Fri, 10 May 2024 02:32:11 GMT
      expires:
      - '-1'
      pragma:
      - no-cache
      strict-transport-security:
      - max-age=31536000; includeSubDomains
      x-cache:
      - CONFIG_NOCACHE
      x-content-type-options:
      - nosniff
      x-ms-ratelimit-remaining-resource:
      - Microsoft.Compute/GetVMImageFromLocation3Min;12997,Microsoft.Compute/GetVMImageFromLocation30Min;73986
      x-msedge-ref:
      - 'Ref A: F8F61A11727742879B3F4FABFE8A091B Ref B: TYO201151001062 Ref C: 2024-05-10T02:32:10Z'
    status:
      code: 200
      message: OK
- request:
    body: '{"properties": {"template": {"$schema": "https://schema.management.azure.com/schemas/2015-01-01/deploymentTemplate.json#",
      "contentVersion": "1.0.0.0", "parameters": {"adminPassword": {"type": "securestring",
      "metadata": {"description": "Secure adminPassword"}}}, "variables": {}, "resources":
      [{"name": "vmss000002VNET", "type": "Microsoft.Network/virtualNetworks", "location":
      "eastus2euap", "apiVersion": "2015-06-15", "dependsOn": [], "tags": {}, "properties":
      {"addressSpace": {"addressPrefixes": ["10.0.0.0/16"]}, "subnets": [{"name":
      "vmss000002Subnet", "properties": {"addressPrefix": "10.0.0.0/24"}}]}}, {"apiVersion":
      "2022-01-01", "type": "Microsoft.Network/publicIPAddresses", "name": "vmss000002LBPublicIP",
      "location": "eastus2euap", "tags": {}, "dependsOn": [], "properties": {"publicIPAllocationMethod":
      "Static"}, "sku": {"name": "Standard"}}, {"type": "Microsoft.Network/loadBalancers",
      "name": "vmss000002LB", "location": "eastus2euap", "tags": {}, "apiVersion":
      "2022-01-01", "dependsOn": ["Microsoft.Network/virtualNetworks/vmss000002VNET",
      "Microsoft.Network/publicIpAddresses/vmss000002LBPublicIP"], "properties": {"backendAddressPools":
      [{"name": "vmss000002LBBEPool"}], "frontendIPConfigurations": [{"name": "loadBalancerFrontEnd",
      "properties": {"publicIPAddress": {"id": "/subscriptions/00000000-0000-0000-0000-000000000000/resourceGroups/cli_test_vmss_update_ephemeral_os_disk000001/providers/Microsoft.Network/publicIPAddresses/vmss000002LBPublicIP"}}}],
      "loadBalancingRules": [{"name": "LBRule", "properties": {"frontendIPConfiguration":
      {"id": "[concat(resourceId(''Microsoft.Network/loadBalancers'', ''vmss000002LB''),
      ''/frontendIPConfigurations/'', ''loadBalancerFrontEnd'')]"}, "backendAddressPool":
      {"id": "[concat(resourceId(''Microsoft.Network/loadBalancers'', ''vmss000002LB''),
      ''/backendAddressPools/'', ''vmss000002LBBEPool'')]"}, "protocol": "tcp", "frontendPort":
      80, "backendPort": 80, "enableFloatingIP": false, "idleTimeoutInMinutes": 5}}]},
      "sku": {"name": "Standard"}}, {"type": "Microsoft.Network/networkSecurityGroups",
      "name": "vmss000002NSG", "apiVersion": "2015-06-15", "location": "eastus2euap",
      "tags": {}, "dependsOn": [], "properties": {"securityRules": [{"name": "default-allow-ssh",
      "properties": {"protocol": "Tcp", "sourcePortRange": "*", "destinationPortRange":
      "22", "sourceAddressPrefix": "*", "destinationAddressPrefix": "*", "access":
      "Allow", "priority": 1000, "direction": "Inbound"}}]}}, {"type": "Microsoft.Network/loadBalancers/inboundNatRules",
      "apiVersion": "2022-01-01", "name": "vmss000002LB/NatRule", "location": "eastus2euap",
      "properties": {"frontendIPConfiguration": {"id": "[concat(resourceId(''Microsoft.Network/loadBalancers'',
      ''vmss000002LB''), ''/frontendIPConfigurations/'', ''loadBalancerFrontEnd'')]"},
      "backendAddressPool": {"id": "[concat(resourceId(''Microsoft.Network/loadBalancers'',
      ''vmss000002LB''), ''/backendAddressPools/'', ''vmss000002LBBEPool'')]"}, "backendPort":
      22, "frontendPortRangeStart": "50000", "frontendPortRangeEnd": "50119", "protocol":
      "tcp", "idleTimeoutInMinutes": 5}, "dependsOn": ["[concat(''Microsoft.Network/loadBalancers/'',
      ''vmss000002LB'')]"]}, {"type": "Microsoft.Compute/virtualMachineScaleSets",
      "name": "vmss000002", "location": "eastus2euap", "tags": {}, "apiVersion": "2024-03-01",
      "dependsOn": ["Microsoft.Network/virtualNetworks/vmss000002VNET", "Microsoft.Network/loadBalancers/vmss000002LB",
      "Microsoft.Network/networkSecurityGroups/vmss000002NSG"], "properties": {"overprovision":
      false, "upgradePolicy": {"mode": "manual", "rollingUpgradePolicy": {}, "automaticOSUpgradePolicy":
      {}}, "singlePlacementGroup": null, "virtualMachineProfile": {"storageProfile":
      {"osDisk": {"createOption": "FromImage", "caching": "ReadOnly", "managedDisk":
      {"storageAccountType": "standard_lrs"}, "diffDiskSettings": {"option": "Local"}},
      "imageReference": {"publisher": "OpenLogic", "offer": "CentOS", "sku": "7.5",
      "version": "latest"}, "dataDisks": [{"lun": 0, "managedDisk": {"storageAccountType":
      "premium_lrs"}, "createOption": "empty", "diskSizeGB": 2}]}, "osProfile": {"computerNamePrefix":
      "vmssg7a02", "adminUsername": "testuser1", "adminPassword": "[parameters(''adminPassword'')]"},
      "networkProfile": {"networkInterfaceConfigurations": [{"name": "vmssg7a02Nic",
      "properties": {"ipConfigurations": [{"name": "vmssg7a02IPConfig", "properties":
      {"subnet": {"id": "/subscriptions/00000000-0000-0000-0000-000000000000/resourceGroups/cli_test_vmss_update_ephemeral_os_disk000001/providers/Microsoft.Network/virtualNetworks/vmss000002VNET/subnets/vmss000002Subnet"},
      "loadBalancerBackendAddressPools": [{"id": "/subscriptions/00000000-0000-0000-0000-000000000000/resourceGroups/cli_test_vmss_update_ephemeral_os_disk000001/providers/Microsoft.Network/loadBalancers/vmss000002LB/backendAddressPools/vmss000002LBBEPool"}]}}],
      "networkSecurityGroup": {"id": "[resourceId(''Microsoft.Network/networkSecurityGroups'',
      ''vmss000002NSG'')]"}, "primary": "true"}}]}}, "orchestrationMode": "Uniform"},
      "sku": {"name": "Standard_DS1_v2", "capacity": 2}}], "outputs": {"VMSS": {"type":
      "object", "value": "[reference(resourceId(''Microsoft.Compute/virtualMachineScaleSets'',
      ''vmss000002''),providers(''Microsoft.Compute'', ''virtualMachineScaleSets'').apiVersions[0])]"}}},
      "parameters": {"adminPassword": {"value": "testPassword01!"}}, "mode": "incremental"}}'
    headers:
      Accept:
      - application/json
      Accept-Encoding:
      - gzip, deflate
      CommandName:
      - vmss create
      Connection:
      - keep-alive
      Content-Length:
      - '5322'
      Content-Type:
      - application/json
      ParameterSetName:
      - --resource-group --name --image --ephemeral-os-disk --disable-overprovision
        --instance-count --data-disk-sizes-gb --storage-sku --admin-username --admin-password
        --orchestration-mode
      User-Agent:
      - AZURECLI/2.60.0 azsdk-python-core/1.28.0 Python/3.10.11 (Windows-10-10.0.22631-SP0)
    method: PUT
    uri: https://management.azure.com/subscriptions/00000000-0000-0000-0000-000000000000/resourcegroups/cli_test_vmss_update_ephemeral_os_disk000001/providers/Microsoft.Resources/deployments/mock-deployment?api-version=2022-09-01
  response:
    body:
      string: '{"id":"/subscriptions/00000000-0000-0000-0000-000000000000/resourceGroups/cli_test_vmss_update_ephemeral_os_disk000001/providers/Microsoft.Resources/deployments/vmss_deploy_UZyWyKQgJQNzZFqKWJOSTdgBqIDcwW2d","name":"vmss_deploy_UZyWyKQgJQNzZFqKWJOSTdgBqIDcwW2d","type":"Microsoft.Resources/deployments","properties":{"templateHash":"10241631396307746769","parameters":{"adminPassword":{"type":"SecureString"}},"mode":"Incremental","provisioningState":"Accepted","timestamp":"2024-05-10T02:32:23.232456Z","duration":"PT0.0007328S","correlationId":"9c40be78-1b5f-46fd-8f5f-4fe5ed0c339c","providers":[{"namespace":"Microsoft.Network","resourceTypes":[{"resourceType":"virtualNetworks","locations":["eastus2euap"]},{"resourceType":"publicIPAddresses","locations":["eastus2euap"]},{"resourceType":"loadBalancers","locations":["eastus2euap"]},{"resourceType":"networkSecurityGroups","locations":["eastus2euap"]},{"resourceType":"loadBalancers/inboundNatRules","locations":["eastus2euap"]}]},{"namespace":"Microsoft.Compute","resourceTypes":[{"resourceType":"virtualMachineScaleSets","locations":["eastus2euap"]}]}],"dependencies":[{"dependsOn":[{"id":"/subscriptions/00000000-0000-0000-0000-000000000000/resourceGroups/cli_test_vmss_update_ephemeral_os_disk000001/providers/Microsoft.Network/virtualNetworks/vmss000002VNET","resourceType":"Microsoft.Network/virtualNetworks","resourceName":"vmss000002VNET"},{"id":"/subscriptions/00000000-0000-0000-0000-000000000000/resourceGroups/cli_test_vmss_update_ephemeral_os_disk000001/providers/Microsoft.Network/publicIPAddresses/vmss000002LBPublicIP","resourceType":"Microsoft.Network/publicIPAddresses","resourceName":"vmss000002LBPublicIP"}],"id":"/subscriptions/00000000-0000-0000-0000-000000000000/resourceGroups/cli_test_vmss_update_ephemeral_os_disk000001/providers/Microsoft.Network/loadBalancers/vmss000002LB","resourceType":"Microsoft.Network/loadBalancers","resourceName":"vmss000002LB"},{"dependsOn":[{"id":"/subscriptions/00000000-0000-0000-0000-000000000000/resourceGroups/cli_test_vmss_update_ephemeral_os_disk000001/providers/Microsoft.Network/loadBalancers/vmss000002LB","resourceType":"Microsoft.Network/loadBalancers","resourceName":"vmss000002LB"}],"id":"/subscriptions/00000000-0000-0000-0000-000000000000/resourceGroups/cli_test_vmss_update_ephemeral_os_disk000001/providers/Microsoft.Network/loadBalancers/vmss000002LB/inboundNatRules/NatRule","resourceType":"Microsoft.Network/loadBalancers/inboundNatRules","resourceName":"vmss000002LB/NatRule"},{"dependsOn":[{"id":"/subscriptions/00000000-0000-0000-0000-000000000000/resourceGroups/cli_test_vmss_update_ephemeral_os_disk000001/providers/Microsoft.Network/virtualNetworks/vmss000002VNET","resourceType":"Microsoft.Network/virtualNetworks","resourceName":"vmss000002VNET"},{"id":"/subscriptions/00000000-0000-0000-0000-000000000000/resourceGroups/cli_test_vmss_update_ephemeral_os_disk000001/providers/Microsoft.Network/loadBalancers/vmss000002LB","resourceType":"Microsoft.Network/loadBalancers","resourceName":"vmss000002LB"},{"id":"/subscriptions/00000000-0000-0000-0000-000000000000/resourceGroups/cli_test_vmss_update_ephemeral_os_disk000001/providers/Microsoft.Network/networkSecurityGroups/vmss000002NSG","resourceType":"Microsoft.Network/networkSecurityGroups","resourceName":"vmss000002NSG"}],"id":"/subscriptions/00000000-0000-0000-0000-000000000000/resourceGroups/cli_test_vmss_update_ephemeral_os_disk000001/providers/Microsoft.Compute/virtualMachineScaleSets/vmss000002","resourceType":"Microsoft.Compute/virtualMachineScaleSets","resourceName":"vmss000002"}]}}'
    headers:
      azure-asyncoperation:
      - https://management.azure.com/subscriptions/00000000-0000-0000-0000-000000000000/resourcegroups/cli_test_vmss_update_ephemeral_os_disk000001/providers/Microsoft.Resources/deployments/vmss_deploy_UZyWyKQgJQNzZFqKWJOSTdgBqIDcwW2d/operationStatuses/08584862985466250727?api-version=2022-09-01
      cache-control:
      - no-cache
      content-length:
      - '3585'
      content-type:
      - application/json; charset=utf-8
      date:
      - Fri, 10 May 2024 02:32:24 GMT
      expires:
      - '-1'
      pragma:
      - no-cache
      strict-transport-security:
      - max-age=31536000; includeSubDomains
      x-cache:
      - CONFIG_NOCACHE
      x-content-type-options:
      - nosniff
      x-ms-ratelimit-remaining-subscription-writes:
      - '1199'
      x-msedge-ref:
      - 'Ref A: 57D992D495C04209A282DCF50A9C7D76 Ref B: TYO201151006054 Ref C: 2024-05-10T02:32:12Z'
    status:
      code: 201
      message: Created
- request:
    body: null
    headers:
      Accept:
      - '*/*'
      Accept-Encoding:
      - gzip, deflate
      CommandName:
      - vmss create
      Connection:
      - keep-alive
      ParameterSetName:
      - --resource-group --name --image --ephemeral-os-disk --disable-overprovision
        --instance-count --data-disk-sizes-gb --storage-sku --admin-username --admin-password
        --orchestration-mode
      User-Agent:
      - AZURECLI/2.60.0 azsdk-python-core/1.28.0 Python/3.10.11 (Windows-10-10.0.22631-SP0)
    method: GET
    uri: https://management.azure.com/subscriptions/00000000-0000-0000-0000-000000000000/resourcegroups/cli_test_vmss_update_ephemeral_os_disk000001/providers/Microsoft.Resources/deployments/mock-deployment/operationStatuses/08584862985466250727?api-version=2022-09-01
  response:
    body:
      string: '{"status":"Running"}'
    headers:
      cache-control:
      - no-cache
      content-length:
      - '20'
      content-type:
      - application/json; charset=utf-8
      date:
      - Fri, 10 May 2024 02:32:26 GMT
      expires:
      - '-1'
      pragma:
      - no-cache
      strict-transport-security:
      - max-age=31536000; includeSubDomains
      x-cache:
      - CONFIG_NOCACHE
      x-content-type-options:
      - nosniff
      x-msedge-ref:
      - 'Ref A: 7C08BD8870714123BF67F9DDB6C1AF41 Ref B: TYO201151006054 Ref C: 2024-05-10T02:32:25Z'
    status:
      code: 200
      message: OK
- request:
    body: null
    headers:
      Accept:
      - '*/*'
      Accept-Encoding:
      - gzip, deflate
      CommandName:
      - vmss create
      Connection:
      - keep-alive
      ParameterSetName:
      - --resource-group --name --image --ephemeral-os-disk --disable-overprovision
        --instance-count --data-disk-sizes-gb --storage-sku --admin-username --admin-password
        --orchestration-mode
      User-Agent:
      - AZURECLI/2.60.0 azsdk-python-core/1.28.0 Python/3.10.11 (Windows-10-10.0.22631-SP0)
    method: GET
    uri: https://management.azure.com/subscriptions/00000000-0000-0000-0000-000000000000/resourcegroups/cli_test_vmss_update_ephemeral_os_disk000001/providers/Microsoft.Resources/deployments/mock-deployment/operationStatuses/08584862985466250727?api-version=2022-09-01
  response:
    body:
      string: '{"status":"Running"}'
    headers:
      cache-control:
      - no-cache
      content-length:
      - '20'
      content-type:
      - application/json; charset=utf-8
      date:
      - Fri, 10 May 2024 02:33:08 GMT
      expires:
      - '-1'
      pragma:
      - no-cache
      strict-transport-security:
      - max-age=31536000; includeSubDomains
      x-cache:
      - CONFIG_NOCACHE
      x-content-type-options:
      - nosniff
      x-msedge-ref:
      - 'Ref A: B8F1B68D82304332B9331F455E392AB7 Ref B: TYO201151006054 Ref C: 2024-05-10T02:33:07Z'
    status:
      code: 200
      message: OK
- request:
    body: null
    headers:
      Accept:
      - '*/*'
      Accept-Encoding:
      - gzip, deflate
      CommandName:
      - vmss create
      Connection:
      - keep-alive
      ParameterSetName:
      - --resource-group --name --image --ephemeral-os-disk --disable-overprovision
        --instance-count --data-disk-sizes-gb --storage-sku --admin-username --admin-password
        --orchestration-mode
      User-Agent:
      - AZURECLI/2.60.0 azsdk-python-core/1.28.0 Python/3.10.11 (Windows-10-10.0.22631-SP0)
    method: GET
    uri: https://management.azure.com/subscriptions/00000000-0000-0000-0000-000000000000/resourcegroups/cli_test_vmss_update_ephemeral_os_disk000001/providers/Microsoft.Resources/deployments/mock-deployment/operationStatuses/08584862985466250727?api-version=2022-09-01
  response:
    body:
      string: '{"status":"Running"}'
    headers:
      cache-control:
      - no-cache
      content-length:
      - '20'
      content-type:
      - application/json; charset=utf-8
      date:
      - Fri, 10 May 2024 02:33:42 GMT
      expires:
      - '-1'
      pragma:
      - no-cache
      strict-transport-security:
      - max-age=31536000; includeSubDomains
      x-cache:
      - CONFIG_NOCACHE
      x-content-type-options:
      - nosniff
      x-msedge-ref:
      - 'Ref A: C8E2A060B3034C1C903DE3C4E2C0CB4F Ref B: TYO201151006054 Ref C: 2024-05-10T02:33:41Z'
    status:
      code: 200
      message: OK
- request:
    body: null
    headers:
      Accept:
      - '*/*'
      Accept-Encoding:
      - gzip, deflate
      CommandName:
      - vmss create
      Connection:
      - keep-alive
      ParameterSetName:
      - --resource-group --name --image --ephemeral-os-disk --disable-overprovision
        --instance-count --data-disk-sizes-gb --storage-sku --admin-username --admin-password
        --orchestration-mode
      User-Agent:
      - AZURECLI/2.60.0 azsdk-python-core/1.28.0 Python/3.10.11 (Windows-10-10.0.22631-SP0)
    method: GET
    uri: https://management.azure.com/subscriptions/00000000-0000-0000-0000-000000000000/resourcegroups/cli_test_vmss_update_ephemeral_os_disk000001/providers/Microsoft.Resources/deployments/mock-deployment/operationStatuses/08584862985466250727?api-version=2022-09-01
  response:
    body:
      string: '{"status":"Running"}'
    headers:
      cache-control:
      - no-cache
      content-length:
      - '20'
      content-type:
      - application/json; charset=utf-8
      date:
      - Fri, 10 May 2024 02:34:14 GMT
      expires:
      - '-1'
      pragma:
      - no-cache
      strict-transport-security:
      - max-age=31536000; includeSubDomains
      x-cache:
      - CONFIG_NOCACHE
      x-content-type-options:
      - nosniff
      x-msedge-ref:
      - 'Ref A: 819AC6D4A15748EB9D99E2D4C195E895 Ref B: TYO201151006054 Ref C: 2024-05-10T02:34:12Z'
    status:
      code: 200
      message: OK
- request:
    body: null
    headers:
      Accept:
      - '*/*'
      Accept-Encoding:
      - gzip, deflate
      CommandName:
      - vmss create
      Connection:
      - keep-alive
      ParameterSetName:
      - --resource-group --name --image --ephemeral-os-disk --disable-overprovision
        --instance-count --data-disk-sizes-gb --storage-sku --admin-username --admin-password
        --orchestration-mode
      User-Agent:
      - AZURECLI/2.60.0 azsdk-python-core/1.28.0 Python/3.10.11 (Windows-10-10.0.22631-SP0)
    method: GET
    uri: https://management.azure.com/subscriptions/00000000-0000-0000-0000-000000000000/resourcegroups/cli_test_vmss_update_ephemeral_os_disk000001/providers/Microsoft.Resources/deployments/mock-deployment/operationStatuses/08584862985466250727?api-version=2022-09-01
  response:
    body:
      string: '{"status":"Succeeded"}'
    headers:
      cache-control:
      - no-cache
      content-length:
      - '22'
      content-type:
      - application/json; charset=utf-8
      date:
      - Fri, 10 May 2024 02:34:45 GMT
      expires:
      - '-1'
      pragma:
      - no-cache
      strict-transport-security:
      - max-age=31536000; includeSubDomains
      x-cache:
      - CONFIG_NOCACHE
      x-content-type-options:
      - nosniff
      x-msedge-ref:
      - 'Ref A: 96BDF49D1EE445EBA821317D34389DC5 Ref B: TYO201151006054 Ref C: 2024-05-10T02:34:44Z'
    status:
      code: 200
      message: OK
- request:
    body: null
    headers:
      Accept:
      - '*/*'
      Accept-Encoding:
      - gzip, deflate
      CommandName:
      - vmss create
      Connection:
      - keep-alive
      ParameterSetName:
      - --resource-group --name --image --ephemeral-os-disk --disable-overprovision
        --instance-count --data-disk-sizes-gb --storage-sku --admin-username --admin-password
        --orchestration-mode
      User-Agent:
      - AZURECLI/2.60.0 azsdk-python-core/1.28.0 Python/3.10.11 (Windows-10-10.0.22631-SP0)
    method: GET
    uri: https://management.azure.com/subscriptions/00000000-0000-0000-0000-000000000000/resourcegroups/cli_test_vmss_update_ephemeral_os_disk000001/providers/Microsoft.Resources/deployments/mock-deployment?api-version=2022-09-01
  response:
    body:
      string: '{"id":"/subscriptions/00000000-0000-0000-0000-000000000000/resourceGroups/cli_test_vmss_update_ephemeral_os_disk000001/providers/Microsoft.Resources/deployments/vmss_deploy_UZyWyKQgJQNzZFqKWJOSTdgBqIDcwW2d","name":"vmss_deploy_UZyWyKQgJQNzZFqKWJOSTdgBqIDcwW2d","type":"Microsoft.Resources/deployments","properties":{"templateHash":"10241631396307746769","parameters":{"adminPassword":{"type":"SecureString"}},"mode":"Incremental","provisioningState":"Succeeded","timestamp":"2024-05-10T02:34:41.419207Z","duration":"PT2M18.1874838S","correlationId":"9c40be78-1b5f-46fd-8f5f-4fe5ed0c339c","providers":[{"namespace":"Microsoft.Network","resourceTypes":[{"resourceType":"virtualNetworks","locations":["eastus2euap"]},{"resourceType":"publicIPAddresses","locations":["eastus2euap"]},{"resourceType":"loadBalancers","locations":["eastus2euap"]},{"resourceType":"networkSecurityGroups","locations":["eastus2euap"]},{"resourceType":"loadBalancers/inboundNatRules","locations":["eastus2euap"]}]},{"namespace":"Microsoft.Compute","resourceTypes":[{"resourceType":"virtualMachineScaleSets","locations":["eastus2euap"]}]}],"dependencies":[{"dependsOn":[{"id":"/subscriptions/00000000-0000-0000-0000-000000000000/resourceGroups/cli_test_vmss_update_ephemeral_os_disk000001/providers/Microsoft.Network/virtualNetworks/vmss000002VNET","resourceType":"Microsoft.Network/virtualNetworks","resourceName":"vmss000002VNET"},{"id":"/subscriptions/00000000-0000-0000-0000-000000000000/resourceGroups/cli_test_vmss_update_ephemeral_os_disk000001/providers/Microsoft.Network/publicIPAddresses/vmss000002LBPublicIP","resourceType":"Microsoft.Network/publicIPAddresses","resourceName":"vmss000002LBPublicIP"}],"id":"/subscriptions/00000000-0000-0000-0000-000000000000/resourceGroups/cli_test_vmss_update_ephemeral_os_disk000001/providers/Microsoft.Network/loadBalancers/vmss000002LB","resourceType":"Microsoft.Network/loadBalancers","resourceName":"vmss000002LB"},{"dependsOn":[{"id":"/subscriptions/00000000-0000-0000-0000-000000000000/resourceGroups/cli_test_vmss_update_ephemeral_os_disk000001/providers/Microsoft.Network/loadBalancers/vmss000002LB","resourceType":"Microsoft.Network/loadBalancers","resourceName":"vmss000002LB"}],"id":"/subscriptions/00000000-0000-0000-0000-000000000000/resourceGroups/cli_test_vmss_update_ephemeral_os_disk000001/providers/Microsoft.Network/loadBalancers/vmss000002LB/inboundNatRules/NatRule","resourceType":"Microsoft.Network/loadBalancers/inboundNatRules","resourceName":"vmss000002LB/NatRule"},{"dependsOn":[{"id":"/subscriptions/00000000-0000-0000-0000-000000000000/resourceGroups/cli_test_vmss_update_ephemeral_os_disk000001/providers/Microsoft.Network/virtualNetworks/vmss000002VNET","resourceType":"Microsoft.Network/virtualNetworks","resourceName":"vmss000002VNET"},{"id":"/subscriptions/00000000-0000-0000-0000-000000000000/resourceGroups/cli_test_vmss_update_ephemeral_os_disk000001/providers/Microsoft.Network/loadBalancers/vmss000002LB","resourceType":"Microsoft.Network/loadBalancers","resourceName":"vmss000002LB"},{"id":"/subscriptions/00000000-0000-0000-0000-000000000000/resourceGroups/cli_test_vmss_update_ephemeral_os_disk000001/providers/Microsoft.Network/networkSecurityGroups/vmss000002NSG","resourceType":"Microsoft.Network/networkSecurityGroups","resourceName":"vmss000002NSG"}],"id":"/subscriptions/00000000-0000-0000-0000-000000000000/resourceGroups/cli_test_vmss_update_ephemeral_os_disk000001/providers/Microsoft.Compute/virtualMachineScaleSets/vmss000002","resourceType":"Microsoft.Compute/virtualMachineScaleSets","resourceName":"vmss000002"}],"outputs":{"vmss":{"type":"Object","value":{"singlePlacementGroup":true,"orchestrationMode":"Uniform","upgradePolicy":{"mode":"Manual","rollingUpgradePolicy":{"maxBatchInstancePercent":20,"maxUnhealthyInstancePercent":20,"maxUnhealthyUpgradedInstancePercent":20,"pauseTimeBetweenBatches":"PT0S","maxSurge":false,"rollbackFailedInstancesOnPolicyBreach":false},"automaticOSUpgradePolicy":{"enableAutomaticOSUpgrade":false,"useRollingUpgradePolicy":false,"disableAutomaticRollback":false}},"virtualMachineProfile":{"osProfile":{"computerNamePrefix":"vmssg7a02","adminUsername":"testuser1","linuxConfiguration":{"disablePasswordAuthentication":false,"provisionVMAgent":true},"secrets":[],"allowExtensionOperations":true,"requireGuestProvisionSignal":true},"storageProfile":{"osDisk":{"osType":"Linux","diffDiskSettings":{"option":"Local","placement":"CacheDisk"},"createOption":"FromImage","caching":"ReadOnly","managedDisk":{"storageAccountType":"Standard_LRS"},"diskSizeGB":30},"imageReference":{"publisher":"OpenLogic","offer":"CentOS","sku":"7.5","version":"latest"},"dataDisks":[{"lun":0,"createOption":"Empty","caching":"None","managedDisk":{"storageAccountType":"Premium_LRS"},"diskSizeGB":2}]},"networkProfile":{"networkInterfaceConfigurations":[{"name":"vmssg7a02Nic","properties":{"primary":true,"disableTcpStateTracking":false,"networkSecurityGroup":{"id":"/subscriptions/00000000-0000-0000-0000-000000000000/resourceGroups/cli_test_vmss_update_ephemeral_os_disk000001/providers/Microsoft.Network/networkSecurityGroups/vmss000002NSG"},"dnsSettings":{"dnsServers":[]},"enableIPForwarding":false,"ipConfigurations":[{"name":"vmssg7a02IPConfig","properties":{"subnet":{"id":"/subscriptions/00000000-0000-0000-0000-000000000000/resourceGroups/cli_test_vmss_update_ephemeral_os_disk000001/providers/Microsoft.Network/virtualNetworks/vmss000002VNET/subnets/vmss000002Subnet"},"privateIPAddressVersion":"IPv4","loadBalancerBackendAddressPools":[{"id":"/subscriptions/00000000-0000-0000-0000-000000000000/resourceGroups/cli_test_vmss_update_ephemeral_os_disk000001/providers/Microsoft.Network/loadBalancers/vmss000002LB/backendAddressPools/vmss000002LBBEPool"}]}}]}}]},"timeCreated":"2024-05-10T02:32:40.0198638+00:00"},"provisioningState":"Succeeded","overprovision":false,"doNotRunExtensionsOnOverprovisionedVMs":false,"uniqueId":"c1c6bcb9-ca6a-4945-b650-c25a6d0d1383","platformFaultDomainCount":5,"timeCreated":"2024-05-10T02:32:40.0198638+00:00"}}},"outputResources":[{"id":"/subscriptions/00000000-0000-0000-0000-000000000000/resourceGroups/cli_test_vmss_update_ephemeral_os_disk000001/providers/Microsoft.Compute/virtualMachineScaleSets/vmss000002"},{"id":"/subscriptions/00000000-0000-0000-0000-000000000000/resourceGroups/cli_test_vmss_update_ephemeral_os_disk000001/providers/Microsoft.Network/loadBalancers/vmss000002LB"},{"id":"/subscriptions/00000000-0000-0000-0000-000000000000/resourceGroups/cli_test_vmss_update_ephemeral_os_disk000001/providers/Microsoft.Network/loadBalancers/vmss000002LB/inboundNatRules/NatRule"},{"id":"/subscriptions/00000000-0000-0000-0000-000000000000/resourceGroups/cli_test_vmss_update_ephemeral_os_disk000001/providers/Microsoft.Network/networkSecurityGroups/vmss000002NSG"},{"id":"/subscriptions/00000000-0000-0000-0000-000000000000/resourceGroups/cli_test_vmss_update_ephemeral_os_disk000001/providers/Microsoft.Network/publicIPAddresses/vmss000002LBPublicIP"},{"id":"/subscriptions/00000000-0000-0000-0000-000000000000/resourceGroups/cli_test_vmss_update_ephemeral_os_disk000001/providers/Microsoft.Network/virtualNetworks/vmss000002VNET"}]}}'
    headers:
      cache-control:
      - no-cache
      content-length:
      - '7174'
      content-type:
      - application/json; charset=utf-8
      date:
      - Fri, 10 May 2024 02:34:46 GMT
      expires:
      - '-1'
      pragma:
      - no-cache
      strict-transport-security:
      - max-age=31536000; includeSubDomains
      x-cache:
      - CONFIG_NOCACHE
      x-content-type-options:
      - nosniff
      x-msedge-ref:
      - 'Ref A: EC5BA7922CB34BE798999F0A1825CB6C Ref B: TYO201151006054 Ref C: 2024-05-10T02:34:45Z'
    status:
      code: 200
      message: OK
- request:
    body: null
    headers:
      Accept:
      - application/json
      Accept-Encoding:
      - gzip, deflate
      CommandName:
      - vmss update
      Connection:
      - keep-alive
      ParameterSetName:
      - --resource-group --name --ephemeral-os-disk
      User-Agent:
      - AZURECLI/2.60.0 azsdk-python-core/1.28.0 Python/3.10.11 (Windows-10-10.0.22631-SP0)
    method: GET
    uri: https://management.azure.com/subscriptions/00000000-0000-0000-0000-000000000000/resourceGroups/cli_test_vmss_update_ephemeral_os_disk000001/providers/Microsoft.Compute/virtualMachineScaleSets/vmss000002?api-version=2024-03-01
  response:
    body:
      string: "{\r\n  \"name\": \"vmss000002\",\r\n  \"id\": \"/subscriptions/00000000-0000-0000-0000-000000000000/resourceGroups/cli_test_vmss_update_ephemeral_os_disk000001/providers/Microsoft.Compute/virtualMachineScaleSets/vmss000002\"\
        ,\r\n  \"type\": \"Microsoft.Compute/virtualMachineScaleSets\",\r\n  \"location\"\
        : \"eastus2euap\",\r\n  \"tags\": {},\r\n  \"sku\": {\r\n    \"name\": \"\
        Standard_DS1_v2\",\r\n    \"tier\": \"Standard\",\r\n    \"capacity\": 2\r\
        \n  },\r\n  \"properties\": {\r\n    \"singlePlacementGroup\": true,\r\n \
        \   \"orchestrationMode\": \"Uniform\",\r\n    \"upgradePolicy\": {\r\n  \
        \    \"mode\": \"Manual\",\r\n      \"rollingUpgradePolicy\": {\r\n      \
        \  \"maxBatchInstancePercent\": 20,\r\n        \"maxUnhealthyInstancePercent\"\
        : 20,\r\n        \"maxUnhealthyUpgradedInstancePercent\": 20,\r\n        \"\
        pauseTimeBetweenBatches\": \"PT0S\",\r\n        \"maxSurge\": false,\r\n \
        \       \"rollbackFailedInstancesOnPolicyBreach\": false\r\n      },\r\n \
        \     \"automaticOSUpgradePolicy\": {\r\n        \"enableAutomaticOSUpgrade\"\
        : false,\r\n        \"useRollingUpgradePolicy\": false,\r\n        \"disableAutomaticRollback\"\
        : false\r\n      }\r\n    },\r\n    \"virtualMachineProfile\": {\r\n     \
        \ \"osProfile\": {\r\n        \"computerNamePrefix\": \"vmssg7a02\",\r\n \
        \       \"adminUsername\": \"testuser1\",\r\n        \"linuxConfiguration\"\
        : {\r\n          \"disablePasswordAuthentication\": false,\r\n          \"\
        provisionVMAgent\": true\r\n        },\r\n        \"secrets\": [],\r\n   \
        \     \"allowExtensionOperations\": true,\r\n        \"requireGuestProvisionSignal\"\
        : true\r\n      },\r\n      \"storageProfile\": {\r\n        \"osDisk\": {\r\
        \n          \"osType\": \"Linux\",\r\n          \"diffDiskSettings\": {\r\n\
        \            \"option\": \"Local\",\r\n            \"placement\": \"CacheDisk\"\
        \r\n          },\r\n          \"createOption\": \"FromImage\",\r\n       \
        \   \"caching\": \"ReadOnly\",\r\n          \"managedDisk\": {\r\n       \
        \     \"storageAccountType\": \"Standard_LRS\"\r\n          },\r\n       \
        \   \"diskSizeGB\": 30\r\n        },\r\n        \"imageReference\": {\r\n\
        \          \"publisher\": \"OpenLogic\",\r\n          \"offer\": \"CentOS\"\
        ,\r\n          \"sku\": \"7.5\",\r\n          \"version\": \"latest\"\r\n\
        \        },\r\n        \"dataDisks\": [\r\n          {\r\n            \"lun\"\
        : 0,\r\n            \"createOption\": \"Empty\",\r\n            \"caching\"\
        : \"None\",\r\n            \"managedDisk\": {\r\n              \"storageAccountType\"\
        : \"Premium_LRS\"\r\n            },\r\n            \"diskSizeGB\": 2\r\n \
        \         }\r\n        ]\r\n      },\r\n      \"networkProfile\": {\"networkInterfaceConfigurations\"\
        :[{\"name\":\"vmssg7a02Nic\",\"properties\":{\"primary\":true,\"disableTcpStateTracking\"\
        :false,\"networkSecurityGroup\":{\"id\":\"/subscriptions/00000000-0000-0000-0000-000000000000/resourceGroups/cli_test_vmss_update_ephemeral_os_disk000001/providers/Microsoft.Network/networkSecurityGroups/vmss000002NSG\"\
        },\"dnsSettings\":{\"dnsServers\":[]},\"enableIPForwarding\":false,\"ipConfigurations\"\
        :[{\"name\":\"vmssg7a02IPConfig\",\"properties\":{\"subnet\":{\"id\":\"/subscriptions/00000000-0000-0000-0000-000000000000/resourceGroups/cli_test_vmss_update_ephemeral_os_disk000001/providers/Microsoft.Network/virtualNetworks/vmss000002VNET/subnets/vmss000002Subnet\"\
        },\"privateIPAddressVersion\":\"IPv4\",\"loadBalancerBackendAddressPools\"\
        :[{\"id\":\"/subscriptions/00000000-0000-0000-0000-000000000000/resourceGroups/cli_test_vmss_update_ephemeral_os_disk000001/providers/Microsoft.Network/loadBalancers/vmss000002LB/backendAddressPools/vmss000002LBBEPool\"\
        }]}}]}}]},\r\n      \"timeCreated\": \"2024-05-10T02:32:40.0198638+00:00\"\
        \r\n    },\r\n    \"provisioningState\": \"Succeeded\",\r\n    \"overprovision\"\
        : false,\r\n    \"doNotRunExtensionsOnOverprovisionedVMs\": false,\r\n   \
        \ \"uniqueId\": \"c1c6bcb9-ca6a-4945-b650-c25a6d0d1383\",\r\n    \"platformFaultDomainCount\"\
        : 5,\r\n    \"timeCreated\": \"2024-05-10T02:32:40.0198638+00:00\"\r\n  }\r\
        \n}"
    headers:
      cache-control:
      - no-cache
      content-length:
      - '3609'
      content-type:
      - application/json; charset=utf-8
      date:
      - Fri, 10 May 2024 02:34:46 GMT
      expires:
      - '-1'
      pragma:
      - no-cache
      strict-transport-security:
      - max-age=31536000; includeSubDomains
      x-cache:
      - CONFIG_NOCACHE
      x-content-type-options:
      - nosniff
      x-ms-ratelimit-remaining-resource:
      - Microsoft.Compute/GetVMScaleSetSubscriptionMaximum;2396,Microsoft.Compute/GetVMScaleSetResource;32
      x-msedge-ref:
      - 'Ref A: 5790181202E94B56855DFD6C638223BB Ref B: TYO201151001023 Ref C: 2024-05-10T02:34:47Z'
    status:
      code: 200
      message: ''
- request:
    body: '{"location": "eastus2euap", "tags": {}, "sku": {"name": "Standard_DS1_v2",
      "tier": "Standard", "capacity": 2}, "properties": {"upgradePolicy": {"mode":
      "Manual", "rollingUpgradePolicy": {"maxBatchInstancePercent": 20, "maxUnhealthyInstancePercent":
      20, "maxUnhealthyUpgradedInstancePercent": 20, "pauseTimeBetweenBatches": "PT0S",
      "rollbackFailedInstancesOnPolicyBreach": false, "maxSurge": false}, "automaticOSUpgradePolicy":
      {"enableAutomaticOSUpgrade": false, "disableAutomaticRollback": false, "useRollingUpgradePolicy":
      false}}, "virtualMachineProfile": {"osProfile": {"computerNamePrefix": "vmssg7a02",
      "adminUsername": "testuser1", "linuxConfiguration": {"disablePasswordAuthentication":
      false, "provisionVMAgent": true}, "secrets": [], "allowExtensionOperations":
      true, "requireGuestProvisionSignal": true}, "storageProfile": {"osDisk": {"caching":
      "ReadOnly", "createOption": "FromImage", "diffDiskSettings": {}, "diskSizeGB":
      30, "osType": "Linux", "managedDisk": {"storageAccountType": "Standard_LRS"}},
      "dataDisks": [{"lun": 0, "caching": "None", "createOption": "Empty", "diskSizeGB":
      2, "managedDisk": {"storageAccountType": "Premium_LRS"}}]}, "networkProfile":
      {"networkInterfaceConfigurations": [{"name": "vmssg7a02Nic", "properties": {"primary":
      true, "disableTcpStateTracking": false, "networkSecurityGroup": {"id": "/subscriptions/00000000-0000-0000-0000-000000000000/resourceGroups/cli_test_vmss_update_ephemeral_os_disk000001/providers/Microsoft.Network/networkSecurityGroups/vmss000002NSG"},
      "dnsSettings": {"dnsServers": []}, "ipConfigurations": [{"name": "vmssg7a02IPConfig",
      "properties": {"subnet": {"id": "/subscriptions/00000000-0000-0000-0000-000000000000/resourceGroups/cli_test_vmss_update_ephemeral_os_disk000001/providers/Microsoft.Network/virtualNetworks/vmss000002VNET/subnets/vmss000002Subnet"},
      "privateIPAddressVersion": "IPv4", "loadBalancerBackendAddressPools": [{"id":
      "/subscriptions/00000000-0000-0000-0000-000000000000/resourceGroups/cli_test_vmss_update_ephemeral_os_disk000001/providers/Microsoft.Network/loadBalancers/vmss000002LB/backendAddressPools/vmss000002LBBEPool"}]}}],
      "enableIPForwarding": false}}]}}, "overprovision": false, "doNotRunExtensionsOnOverprovisionedVMs":
      false, "singlePlacementGroup": true, "platformFaultDomainCount": 5, "orchestrationMode":
      "Uniform"}}'
    headers:
      Accept:
      - application/json
      Accept-Encoding:
      - gzip, deflate
      CommandName:
      - vmss update
      Connection:
      - keep-alive
      Content-Length:
      - '2324'
      Content-Type:
      - application/json
      ParameterSetName:
      - --resource-group --name --ephemeral-os-disk
      User-Agent:
      - AZURECLI/2.60.0 azsdk-python-core/1.28.0 Python/3.10.11 (Windows-10-10.0.22631-SP0)
    method: PUT
    uri: https://management.azure.com/subscriptions/00000000-0000-0000-0000-000000000000/resourceGroups/cli_test_vmss_update_ephemeral_os_disk000001/providers/Microsoft.Compute/virtualMachineScaleSets/vmss000002?api-version=2024-03-01
  response:
    body:
      string: "{\r\n  \"name\": \"vmss000002\",\r\n  \"id\": \"/subscriptions/00000000-0000-0000-0000-000000000000/resourceGroups/cli_test_vmss_update_ephemeral_os_disk000001/providers/Microsoft.Compute/virtualMachineScaleSets/vmss000002\"\
        ,\r\n  \"type\": \"Microsoft.Compute/virtualMachineScaleSets\",\r\n  \"location\"\
        : \"eastus2euap\",\r\n  \"tags\": {},\r\n  \"sku\": {\r\n    \"name\": \"\
        Standard_DS1_v2\",\r\n    \"tier\": \"Standard\",\r\n    \"capacity\": 2\r\
        \n  },\r\n  \"properties\": {\r\n    \"singlePlacementGroup\": true,\r\n \
        \   \"orchestrationMode\": \"Uniform\",\r\n    \"upgradePolicy\": {\r\n  \
        \    \"mode\": \"Manual\",\r\n      \"rollingUpgradePolicy\": {\r\n      \
        \  \"maxBatchInstancePercent\": 20,\r\n        \"maxUnhealthyInstancePercent\"\
        : 20,\r\n        \"maxUnhealthyUpgradedInstancePercent\": 20,\r\n        \"\
        pauseTimeBetweenBatches\": \"PT0S\",\r\n        \"maxSurge\": false,\r\n \
        \       \"rollbackFailedInstancesOnPolicyBreach\": false\r\n      },\r\n \
        \     \"automaticOSUpgradePolicy\": {\r\n        \"enableAutomaticOSUpgrade\"\
        : false,\r\n        \"useRollingUpgradePolicy\": false,\r\n        \"disableAutomaticRollback\"\
        : false\r\n      }\r\n    },\r\n    \"virtualMachineProfile\": {\r\n     \
        \ \"osProfile\": {\r\n        \"computerNamePrefix\": \"vmssg7a02\",\r\n \
        \       \"adminUsername\": \"testuser1\",\r\n        \"linuxConfiguration\"\
        : {\r\n          \"disablePasswordAuthentication\": false,\r\n          \"\
        provisionVMAgent\": true\r\n        },\r\n        \"secrets\": [],\r\n   \
        \     \"allowExtensionOperations\": true,\r\n        \"requireGuestProvisionSignal\"\
        : true\r\n      },\r\n      \"storageProfile\": {\r\n        \"osDisk\": {\r\
        \n          \"osType\": \"Linux\",\r\n          \"createOption\": \"FromImage\"\
        ,\r\n          \"caching\": \"ReadOnly\",\r\n          \"managedDisk\": {\r\
        \n            \"storageAccountType\": \"Standard_LRS\"\r\n          },\r\n\
        \          \"diskSizeGB\": 30\r\n        },\r\n        \"imageReference\"\
        : {\r\n          \"publisher\": \"OpenLogic\",\r\n          \"offer\": \"\
        CentOS\",\r\n          \"sku\": \"7.5\",\r\n          \"version\": \"latest\"\
        \r\n        },\r\n        \"dataDisks\": [\r\n          {\r\n            \"\
        lun\": 0,\r\n            \"createOption\": \"Empty\",\r\n            \"caching\"\
        : \"None\",\r\n            \"managedDisk\": {\r\n              \"storageAccountType\"\
        : \"Premium_LRS\"\r\n            },\r\n            \"diskSizeGB\": 2\r\n \
        \         }\r\n        ]\r\n      },\r\n      \"networkProfile\": {\"networkInterfaceConfigurations\"\
        :[{\"name\":\"vmssg7a02Nic\",\"properties\":{\"primary\":true,\"disableTcpStateTracking\"\
        :false,\"networkSecurityGroup\":{\"id\":\"/subscriptions/00000000-0000-0000-0000-000000000000/resourceGroups/cli_test_vmss_update_ephemeral_os_disk000001/providers/Microsoft.Network/networkSecurityGroups/vmss000002NSG\"\
        },\"dnsSettings\":{\"dnsServers\":[]},\"enableIPForwarding\":false,\"ipConfigurations\"\
        :[{\"name\":\"vmssg7a02IPConfig\",\"properties\":{\"subnet\":{\"id\":\"/subscriptions/00000000-0000-0000-0000-000000000000/resourceGroups/cli_test_vmss_update_ephemeral_os_disk000001/providers/Microsoft.Network/virtualNetworks/vmss000002VNET/subnets/vmss000002Subnet\"\
        },\"privateIPAddressVersion\":\"IPv4\",\"loadBalancerBackendAddressPools\"\
        :[{\"id\":\"/subscriptions/00000000-0000-0000-0000-000000000000/resourceGroups/cli_test_vmss_update_ephemeral_os_disk000001/providers/Microsoft.Network/loadBalancers/vmss000002LB/backendAddressPools/vmss000002LBBEPool\"\
        }]}}]}}]},\r\n      \"timeCreated\": \"2024-05-10T02:34:55.1923109+00:00\"\
        \r\n    },\r\n    \"provisioningState\": \"Updating\",\r\n    \"overprovision\"\
        : false,\r\n    \"doNotRunExtensionsOnOverprovisionedVMs\": false,\r\n   \
        \ \"uniqueId\": \"c1c6bcb9-ca6a-4945-b650-c25a6d0d1383\",\r\n    \"platformFaultDomainCount\"\
        : 5,\r\n    \"timeCreated\": \"2024-05-10T02:32:40.0198638+00:00\"\r\n  }\r\
        \n}"
    headers:
      azure-asyncnotification:
      - Enabled
      azure-asyncoperation:
      - https://management.azure.com/subscriptions/00000000-0000-0000-0000-000000000000/providers/Microsoft.Compute/locations/EastUS2EUAP/operations/40036915-b5de-4577-9864-c512f1ea8a87?p=437e0701-559d-4f75-b52f-5c9e5685c642&api-version=2024-03-01&t=638509052956932774&c=MIIHSDCCBjCgAwIBAgITOgL9GKuxwuoAvl6gDgAEAv0YqzANBgkqhkiG9w0BAQsFADBEMRMwEQYKCZImiZPyLGQBGRYDR0JMMRMwEQYKCZImiZPyLGQBGRYDQU1FMRgwFgYDVQQDEw9BTUUgSU5GUkEgQ0EgMDEwHhcNMjQwNTAyMTUxMzA5WhcNMjUwNDI3MTUxMzA5WjBAMT4wPAYDVQQDEzVhc3luY29wZXJhdGlvbnNpZ25pbmdjZXJ0aWZpY2F0ZS5tYW5hZ2VtZW50LmF6dXJlLmNvbTCCASIwDQYJKoZIhvcNAQEBBQADggEPADCCAQoCggEBAM07DTGnL1WbXOa1u9Ox1zn93UOdzLFtBuxDtLwkLwE5XYbQErk1VfIqbqMWVJBTz43qzYkSUywN3kS5W-3jMCFAsWLYHKk-bdgh07JhyEmf_mrR7Xm3zoHG0F16AdlxBQjSN2QUJl55bEnC1Jl3KCDiVnKozpTS-PgNbAKxy1vnDaihayz-jd1p2krOq0AkGmr8EwgyH9cxsXty3H8oLuIW4UCIf6-ovtP_gZK7LvUJosGQlUVzRY5oQeq6Cjanrjz8LO4V7OmvglKA7MT6-y0iIXCiet24ek-PnJ26p0_epq6-1NK5ppjrvQ88reQo_Wey0U6uGqPCf_quM95smlUCAwEAAaOCBDUwggQxMCcGCSsGAQQBgjcVCgQaMBgwCgYIKwYBBQUHAwEwCgYIKwYBBQUHAwIwPQYJKwYBBAGCNxUHBDAwLgYmKwYBBAGCNxUIhpDjDYTVtHiE8Ys-hZvdFs6dEoFggvX2K4Py0SACAWQCAQowggHaBggrBgEFBQcBAQSCAcwwggHIMGYGCCsGAQUFBzAChlpodHRwOi8vY3JsLm1pY3Jvc29mdC5jb20vcGtpaW5mcmEvQ2VydHMvQlkyUEtJSU5UQ0EwMS5BTUUuR0JMX0FNRSUyMElORlJBJTIwQ0ElMjAwMSg0KS5jcnQwVgYIKwYBBQUHMAKGSmh0dHA6Ly9jcmwxLmFtZS5nYmwvYWlhL0JZMlBLSUlOVENBMDEuQU1FLkdCTF9BTUUlMjBJTkZSQSUyMENBJTIwMDEoNCkuY3J0MFYGCCsGAQUFBzAChkpodHRwOi8vY3JsMi5hbWUuZ2JsL2FpYS9CWTJQS0lJTlRDQTAxLkFNRS5HQkxfQU1FJTIwSU5GUkElMjBDQSUyMDAxKDQpLmNydDBWBggrBgEFBQcwAoZKaHR0cDovL2NybDMuYW1lLmdibC9haWEvQlkyUEtJSU5UQ0EwMS5BTUUuR0JMX0FNRSUyMElORlJBJTIwQ0ElMjAwMSg0KS5jcnQwVgYIKwYBBQUHMAKGSmh0dHA6Ly9jcmw0LmFtZS5nYmwvYWlhL0JZMlBLSUlOVENBMDEuQU1FLkdCTF9BTUUlMjBJTkZSQSUyMENBJTIwMDEoNCkuY3J0MB0GA1UdDgQWBBT9nF_3LeJfKo2wUhifl8Go-LrcVDAOBgNVHQ8BAf8EBAMCBaAwggE1BgNVHR8EggEsMIIBKDCCASSgggEgoIIBHIZCaHR0cDovL2NybC5taWNyb3NvZnQuY29tL3BraWluZnJhL0NSTC9BTUUlMjBJTkZSQSUyMENBJTIwMDEoNCkuY3JshjRodHRwOi8vY3JsMS5hbWUuZ2JsL2NybC9BTUUlMjBJTkZSQSUyMENBJTIwMDEoNCkuY3JshjRodHRwOi8vY3JsMi5hbWUuZ2JsL2NybC9BTUUlMjBJTkZSQSUyMENBJTIwMDEoNCkuY3JshjRodHRwOi8vY3JsMy5hbWUuZ2JsL2NybC9BTUUlMjBJTkZSQSUyMENBJTIwMDEoNCkuY3JshjRodHRwOi8vY3JsNC5hbWUuZ2JsL2NybC9BTUUlMjBJTkZSQSUyMENBJTIwMDEoNCkuY3JsMEEGA1UdIAQ6MDgwDAYKKwYBBAGCN3sBATAMBgorBgEEAYI3ewIBMAwGCisGAQQBgjd7AwEwDAYKKwYBBAGCN3sEATAfBgNVHSMEGDAWgBTl2Ztn_PjsurvwwKidileIud8-YzAdBgNVHSUEFjAUBggrBgEFBQcDAQYIKwYBBQUHAwIwDQYJKoZIhvcNAQELBQADggEBAEuFlcYl9ZMazlAmrJEK39sgT_V4pzoLJIud-g98rzZXpDdqVHiLKQnosingp2Z1u4HNQDrUVwcOrTcmE8nii9nUF36rQFqlNH_pmwRif9NB94CYh9u9htz7aSzwTplb44TPxHcuJa_QGO3LpN4n7WMiq5yKPZmLLkUBaS6idLzrlvnexhEGzTlXs6wXDMw_haje_UlA6qY4NUdK-nzsbnu7WWO6U8-alrOTk0D9DKSuW_jlzb2iRh-pyK82sfDI-x0fBW8qarQ6y5zcqBA9R3k5BbVwa-nn6PIlXNk2v3a56ZrTQqvJMJ9IBF0w0ebhF568LNZ3effLqwGX2alJ2ZE&s=ccRPxGOks083CBgNjM1uF_OMct7Wuuezv0iklf4yN8M9UjWhKa9NdVBbWWewbPN3vPDYwSLnO92ScfkH7uKUUcHouYhS0kiM0cPS5Hc8MJZC--_E-wFS1RKmisGRCzfiTOPR-7P1NRUNeIfSzLwpVBlcjpf-l3MT5yngo83J3HhVrYl2cmEpACXwzn2Ye7G59Zjs8PLQgOpHr1wvYWHIH_sa23peahDN14gjJvyieTWIBFw5--xIFdbk2nr2d2YaD2zdnAsalp7QyBFGn7MigKVudJQ9X1HSxD0Dz0AfXhlJeSO-7EbfZKHzgheM60PqhtnxC8sUs7OBG4_W3WjWGw&h=oBlNCdZ8ubICCGttmOSOM2JvEzRAJgpf0mJOJBjbE0E
      cache-control:
      - no-cache
      content-length:
      - '3491'
      content-type:
      - application/json; charset=utf-8
      date:
      - Fri, 10 May 2024 02:34:54 GMT
      expires:
      - '-1'
      pragma:
      - no-cache
      strict-transport-security:
      - max-age=31536000; includeSubDomains
      x-cache:
      - CONFIG_NOCACHE
      x-content-type-options:
      - nosniff
      x-ms-ratelimit-remaining-resource:
      - Microsoft.Compute/CreateVMScaleSetSubscriptionMaximum;374,Microsoft.Compute/CreateVMScaleSetResource;11,Microsoft.Compute/VMScaleSetBatchedVMRequestsSubscriptionMaximum;6000,Microsoft.Compute/VmssQueuedVMOperations;0
      x-ms-ratelimit-remaining-subscription-writes:
      - '1199'
      x-ms-request-charge:
      - '0'
      x-msedge-ref:
      - 'Ref A: FB365FDF7C96414A9851F45D243A5AFC Ref B: TYO201100117033 Ref C: 2024-05-10T02:34:48Z'
    status:
      code: 200
      message: ''
- request:
    body: null
    headers:
      Accept:
      - '*/*'
      Accept-Encoding:
      - gzip, deflate
      CommandName:
      - vmss update
      Connection:
      - keep-alive
      ParameterSetName:
      - --resource-group --name --ephemeral-os-disk
      User-Agent:
      - AZURECLI/2.60.0 azsdk-python-core/1.28.0 Python/3.10.11 (Windows-10-10.0.22631-SP0)
    method: GET
    uri: https://management.azure.com/subscriptions/00000000-0000-0000-0000-000000000000/providers/Microsoft.Compute/locations/EastUS2EUAP/operations/40036915-b5de-4577-9864-c512f1ea8a87?p=437e0701-559d-4f75-b52f-5c9e5685c642&api-version=2024-03-01&t=638509052956932774&c=MIIHSDCCBjCgAwIBAgITOgL9GKuxwuoAvl6gDgAEAv0YqzANBgkqhkiG9w0BAQsFADBEMRMwEQYKCZImiZPyLGQBGRYDR0JMMRMwEQYKCZImiZPyLGQBGRYDQU1FMRgwFgYDVQQDEw9BTUUgSU5GUkEgQ0EgMDEwHhcNMjQwNTAyMTUxMzA5WhcNMjUwNDI3MTUxMzA5WjBAMT4wPAYDVQQDEzVhc3luY29wZXJhdGlvbnNpZ25pbmdjZXJ0aWZpY2F0ZS5tYW5hZ2VtZW50LmF6dXJlLmNvbTCCASIwDQYJKoZIhvcNAQEBBQADggEPADCCAQoCggEBAM07DTGnL1WbXOa1u9Ox1zn93UOdzLFtBuxDtLwkLwE5XYbQErk1VfIqbqMWVJBTz43qzYkSUywN3kS5W-3jMCFAsWLYHKk-bdgh07JhyEmf_mrR7Xm3zoHG0F16AdlxBQjSN2QUJl55bEnC1Jl3KCDiVnKozpTS-PgNbAKxy1vnDaihayz-jd1p2krOq0AkGmr8EwgyH9cxsXty3H8oLuIW4UCIf6-ovtP_gZK7LvUJosGQlUVzRY5oQeq6Cjanrjz8LO4V7OmvglKA7MT6-y0iIXCiet24ek-PnJ26p0_epq6-1NK5ppjrvQ88reQo_Wey0U6uGqPCf_quM95smlUCAwEAAaOCBDUwggQxMCcGCSsGAQQBgjcVCgQaMBgwCgYIKwYBBQUHAwEwCgYIKwYBBQUHAwIwPQYJKwYBBAGCNxUHBDAwLgYmKwYBBAGCNxUIhpDjDYTVtHiE8Ys-hZvdFs6dEoFggvX2K4Py0SACAWQCAQowggHaBggrBgEFBQcBAQSCAcwwggHIMGYGCCsGAQUFBzAChlpodHRwOi8vY3JsLm1pY3Jvc29mdC5jb20vcGtpaW5mcmEvQ2VydHMvQlkyUEtJSU5UQ0EwMS5BTUUuR0JMX0FNRSUyMElORlJBJTIwQ0ElMjAwMSg0KS5jcnQwVgYIKwYBBQUHMAKGSmh0dHA6Ly9jcmwxLmFtZS5nYmwvYWlhL0JZMlBLSUlOVENBMDEuQU1FLkdCTF9BTUUlMjBJTkZSQSUyMENBJTIwMDEoNCkuY3J0MFYGCCsGAQUFBzAChkpodHRwOi8vY3JsMi5hbWUuZ2JsL2FpYS9CWTJQS0lJTlRDQTAxLkFNRS5HQkxfQU1FJTIwSU5GUkElMjBDQSUyMDAxKDQpLmNydDBWBggrBgEFBQcwAoZKaHR0cDovL2NybDMuYW1lLmdibC9haWEvQlkyUEtJSU5UQ0EwMS5BTUUuR0JMX0FNRSUyMElORlJBJTIwQ0ElMjAwMSg0KS5jcnQwVgYIKwYBBQUHMAKGSmh0dHA6Ly9jcmw0LmFtZS5nYmwvYWlhL0JZMlBLSUlOVENBMDEuQU1FLkdCTF9BTUUlMjBJTkZSQSUyMENBJTIwMDEoNCkuY3J0MB0GA1UdDgQWBBT9nF_3LeJfKo2wUhifl8Go-LrcVDAOBgNVHQ8BAf8EBAMCBaAwggE1BgNVHR8EggEsMIIBKDCCASSgggEgoIIBHIZCaHR0cDovL2NybC5taWNyb3NvZnQuY29tL3BraWluZnJhL0NSTC9BTUUlMjBJTkZSQSUyMENBJTIwMDEoNCkuY3JshjRodHRwOi8vY3JsMS5hbWUuZ2JsL2NybC9BTUUlMjBJTkZSQSUyMENBJTIwMDEoNCkuY3JshjRodHRwOi8vY3JsMi5hbWUuZ2JsL2NybC9BTUUlMjBJTkZSQSUyMENBJTIwMDEoNCkuY3JshjRodHRwOi8vY3JsMy5hbWUuZ2JsL2NybC9BTUUlMjBJTkZSQSUyMENBJTIwMDEoNCkuY3JshjRodHRwOi8vY3JsNC5hbWUuZ2JsL2NybC9BTUUlMjBJTkZSQSUyMENBJTIwMDEoNCkuY3JsMEEGA1UdIAQ6MDgwDAYKKwYBBAGCN3sBATAMBgorBgEEAYI3ewIBMAwGCisGAQQBgjd7AwEwDAYKKwYBBAGCN3sEATAfBgNVHSMEGDAWgBTl2Ztn_PjsurvwwKidileIud8-YzAdBgNVHSUEFjAUBggrBgEFBQcDAQYIKwYBBQUHAwIwDQYJKoZIhvcNAQELBQADggEBAEuFlcYl9ZMazlAmrJEK39sgT_V4pzoLJIud-g98rzZXpDdqVHiLKQnosingp2Z1u4HNQDrUVwcOrTcmE8nii9nUF36rQFqlNH_pmwRif9NB94CYh9u9htz7aSzwTplb44TPxHcuJa_QGO3LpN4n7WMiq5yKPZmLLkUBaS6idLzrlvnexhEGzTlXs6wXDMw_haje_UlA6qY4NUdK-nzsbnu7WWO6U8-alrOTk0D9DKSuW_jlzb2iRh-pyK82sfDI-x0fBW8qarQ6y5zcqBA9R3k5BbVwa-nn6PIlXNk2v3a56ZrTQqvJMJ9IBF0w0ebhF568LNZ3effLqwGX2alJ2ZE&s=ccRPxGOks083CBgNjM1uF_OMct7Wuuezv0iklf4yN8M9UjWhKa9NdVBbWWewbPN3vPDYwSLnO92ScfkH7uKUUcHouYhS0kiM0cPS5Hc8MJZC--_E-wFS1RKmisGRCzfiTOPR-7P1NRUNeIfSzLwpVBlcjpf-l3MT5yngo83J3HhVrYl2cmEpACXwzn2Ye7G59Zjs8PLQgOpHr1wvYWHIH_sa23peahDN14gjJvyieTWIBFw5--xIFdbk2nr2d2YaD2zdnAsalp7QyBFGn7MigKVudJQ9X1HSxD0Dz0AfXhlJeSO-7EbfZKHzgheM60PqhtnxC8sUs7OBG4_W3WjWGw&h=oBlNCdZ8ubICCGttmOSOM2JvEzRAJgpf0mJOJBjbE0E
  response:
    body:
      string: "{\r\n  \"startTime\": \"2024-05-10T02:34:55.1923109+00:00\",\r\n  \"\
        endTime\": \"2024-05-10T02:34:55.707939+00:00\",\r\n  \"status\": \"Succeeded\"\
        ,\r\n  \"name\": \"40036915-b5de-4577-9864-c512f1ea8a87\"\r\n}"
    headers:
      cache-control:
      - no-cache
      content-length:
      - '183'
      content-type:
      - application/json; charset=utf-8
      date:
      - Fri, 10 May 2024 02:34:55 GMT
      expires:
      - '-1'
      pragma:
      - no-cache
      strict-transport-security:
      - max-age=31536000; includeSubDomains
      x-cache:
      - CONFIG_NOCACHE
      x-content-type-options:
      - nosniff
      x-ms-ratelimit-remaining-resource:
      - Microsoft.Compute/GetOperationResource;44,Microsoft.Compute/GetOperationSubscriptionMaximum;14997
      x-msedge-ref:
      - 'Ref A: B5C3E52D1D0D44A186346CF881DC54C6 Ref B: TYO201100117033 Ref C: 2024-05-10T02:34:55Z'
    status:
      code: 200
      message: ''
- request:
    body: null
    headers:
      Accept:
      - '*/*'
      Accept-Encoding:
      - gzip, deflate
      CommandName:
      - vmss update
      Connection:
      - keep-alive
      ParameterSetName:
      - --resource-group --name --ephemeral-os-disk
      User-Agent:
      - AZURECLI/2.60.0 azsdk-python-core/1.28.0 Python/3.10.11 (Windows-10-10.0.22631-SP0)
    method: GET
    uri: https://management.azure.com/subscriptions/00000000-0000-0000-0000-000000000000/resourceGroups/cli_test_vmss_update_ephemeral_os_disk000001/providers/Microsoft.Compute/virtualMachineScaleSets/vmss000002?api-version=2024-03-01
  response:
    body:
      string: "{\r\n  \"name\": \"vmss000002\",\r\n  \"id\": \"/subscriptions/00000000-0000-0000-0000-000000000000/resourceGroups/cli_test_vmss_update_ephemeral_os_disk000001/providers/Microsoft.Compute/virtualMachineScaleSets/vmss000002\"\
        ,\r\n  \"type\": \"Microsoft.Compute/virtualMachineScaleSets\",\r\n  \"location\"\
        : \"eastus2euap\",\r\n  \"tags\": {},\r\n  \"sku\": {\r\n    \"name\": \"\
        Standard_DS1_v2\",\r\n    \"tier\": \"Standard\",\r\n    \"capacity\": 2\r\
        \n  },\r\n  \"properties\": {\r\n    \"singlePlacementGroup\": true,\r\n \
        \   \"orchestrationMode\": \"Uniform\",\r\n    \"upgradePolicy\": {\r\n  \
        \    \"mode\": \"Manual\",\r\n      \"rollingUpgradePolicy\": {\r\n      \
        \  \"maxBatchInstancePercent\": 20,\r\n        \"maxUnhealthyInstancePercent\"\
        : 20,\r\n        \"maxUnhealthyUpgradedInstancePercent\": 20,\r\n        \"\
        pauseTimeBetweenBatches\": \"PT0S\",\r\n        \"maxSurge\": false,\r\n \
        \       \"rollbackFailedInstancesOnPolicyBreach\": false\r\n      },\r\n \
        \     \"automaticOSUpgradePolicy\": {\r\n        \"enableAutomaticOSUpgrade\"\
        : false,\r\n        \"useRollingUpgradePolicy\": false,\r\n        \"disableAutomaticRollback\"\
        : false\r\n      }\r\n    },\r\n    \"virtualMachineProfile\": {\r\n     \
        \ \"osProfile\": {\r\n        \"computerNamePrefix\": \"vmssg7a02\",\r\n \
        \       \"adminUsername\": \"testuser1\",\r\n        \"linuxConfiguration\"\
        : {\r\n          \"disablePasswordAuthentication\": false,\r\n          \"\
        provisionVMAgent\": true\r\n        },\r\n        \"secrets\": [],\r\n   \
        \     \"allowExtensionOperations\": true,\r\n        \"requireGuestProvisionSignal\"\
        : true\r\n      },\r\n      \"storageProfile\": {\r\n        \"osDisk\": {\r\
        \n          \"osType\": \"Linux\",\r\n          \"createOption\": \"FromImage\"\
        ,\r\n          \"caching\": \"ReadOnly\",\r\n          \"managedDisk\": {\r\
        \n            \"storageAccountType\": \"Standard_LRS\"\r\n          },\r\n\
        \          \"diskSizeGB\": 30\r\n        },\r\n        \"imageReference\"\
        : {\r\n          \"publisher\": \"OpenLogic\",\r\n          \"offer\": \"\
        CentOS\",\r\n          \"sku\": \"7.5\",\r\n          \"version\": \"latest\"\
        \r\n        },\r\n        \"dataDisks\": [\r\n          {\r\n            \"\
        lun\": 0,\r\n            \"createOption\": \"Empty\",\r\n            \"caching\"\
        : \"None\",\r\n            \"managedDisk\": {\r\n              \"storageAccountType\"\
        : \"Premium_LRS\"\r\n            },\r\n            \"diskSizeGB\": 2\r\n \
        \         }\r\n        ]\r\n      },\r\n      \"networkProfile\": {\"networkInterfaceConfigurations\"\
        :[{\"name\":\"vmssg7a02Nic\",\"properties\":{\"primary\":true,\"disableTcpStateTracking\"\
        :false,\"networkSecurityGroup\":{\"id\":\"/subscriptions/00000000-0000-0000-0000-000000000000/resourceGroups/cli_test_vmss_update_ephemeral_os_disk000001/providers/Microsoft.Network/networkSecurityGroups/vmss000002NSG\"\
        },\"dnsSettings\":{\"dnsServers\":[]},\"enableIPForwarding\":false,\"ipConfigurations\"\
        :[{\"name\":\"vmssg7a02IPConfig\",\"properties\":{\"subnet\":{\"id\":\"/subscriptions/00000000-0000-0000-0000-000000000000/resourceGroups/cli_test_vmss_update_ephemeral_os_disk000001/providers/Microsoft.Network/virtualNetworks/vmss000002VNET/subnets/vmss000002Subnet\"\
        },\"privateIPAddressVersion\":\"IPv4\",\"loadBalancerBackendAddressPools\"\
        :[{\"id\":\"/subscriptions/00000000-0000-0000-0000-000000000000/resourceGroups/cli_test_vmss_update_ephemeral_os_disk000001/providers/Microsoft.Network/loadBalancers/vmss000002LB/backendAddressPools/vmss000002LBBEPool\"\
        }]}}]}}]},\r\n      \"timeCreated\": \"2024-05-10T02:34:55.1923109+00:00\"\
        \r\n    },\r\n    \"provisioningState\": \"Succeeded\",\r\n    \"overprovision\"\
        : false,\r\n    \"doNotRunExtensionsOnOverprovisionedVMs\": false,\r\n   \
        \ \"uniqueId\": \"c1c6bcb9-ca6a-4945-b650-c25a6d0d1383\",\r\n    \"platformFaultDomainCount\"\
        : 5,\r\n    \"timeCreated\": \"2024-05-10T02:32:40.0198638+00:00\"\r\n  }\r\
        \n}"
    headers:
      cache-control:
      - no-cache
      content-length:
      - '3492'
      content-type:
      - application/json; charset=utf-8
      date:
      - Fri, 10 May 2024 02:34:56 GMT
      expires:
      - '-1'
      pragma:
      - no-cache
      strict-transport-security:
      - max-age=31536000; includeSubDomains
      x-cache:
      - CONFIG_NOCACHE
      x-content-type-options:
      - nosniff
      x-ms-ratelimit-remaining-resource:
      - Microsoft.Compute/GetVMScaleSetSubscriptionMaximum;2394,Microsoft.Compute/GetVMScaleSetResource;30
      x-msedge-ref:
      - 'Ref A: FAD8FAB7EE2F46F1BC54A22A4406F6BC Ref B: TYO201100117033 Ref C: 2024-05-10T02:34:56Z'
    status:
      code: 200
      message: ''
- request:
    body: null
    headers:
      Accept:
      - application/json
      Accept-Encoding:
      - gzip, deflate
      CommandName:
      - vmss update
      Connection:
      - keep-alive
      ParameterSetName:
      - --resource-group --name --ephemeral-os-disk --ephemeral-option --ephemeral-placement
      User-Agent:
      - AZURECLI/2.60.0 azsdk-python-core/1.28.0 Python/3.10.11 (Windows-10-10.0.22631-SP0)
    method: GET
    uri: https://management.azure.com/subscriptions/00000000-0000-0000-0000-000000000000/resourceGroups/cli_test_vmss_update_ephemeral_os_disk000001/providers/Microsoft.Compute/virtualMachineScaleSets/vmss000002?api-version=2024-03-01
  response:
    body:
      string: "{\r\n  \"name\": \"vmss000002\",\r\n  \"id\": \"/subscriptions/00000000-0000-0000-0000-000000000000/resourceGroups/cli_test_vmss_update_ephemeral_os_disk000001/providers/Microsoft.Compute/virtualMachineScaleSets/vmss000002\"\
        ,\r\n  \"type\": \"Microsoft.Compute/virtualMachineScaleSets\",\r\n  \"location\"\
        : \"eastus2euap\",\r\n  \"tags\": {},\r\n  \"sku\": {\r\n    \"name\": \"\
        Standard_DS1_v2\",\r\n    \"tier\": \"Standard\",\r\n    \"capacity\": 2\r\
        \n  },\r\n  \"properties\": {\r\n    \"singlePlacementGroup\": true,\r\n \
        \   \"orchestrationMode\": \"Uniform\",\r\n    \"upgradePolicy\": {\r\n  \
        \    \"mode\": \"Manual\",\r\n      \"rollingUpgradePolicy\": {\r\n      \
        \  \"maxBatchInstancePercent\": 20,\r\n        \"maxUnhealthyInstancePercent\"\
        : 20,\r\n        \"maxUnhealthyUpgradedInstancePercent\": 20,\r\n        \"\
        pauseTimeBetweenBatches\": \"PT0S\",\r\n        \"maxSurge\": false,\r\n \
        \       \"rollbackFailedInstancesOnPolicyBreach\": false\r\n      },\r\n \
        \     \"automaticOSUpgradePolicy\": {\r\n        \"enableAutomaticOSUpgrade\"\
        : false,\r\n        \"useRollingUpgradePolicy\": false,\r\n        \"disableAutomaticRollback\"\
        : false\r\n      }\r\n    },\r\n    \"virtualMachineProfile\": {\r\n     \
        \ \"osProfile\": {\r\n        \"computerNamePrefix\": \"vmssg7a02\",\r\n \
        \       \"adminUsername\": \"testuser1\",\r\n        \"linuxConfiguration\"\
        : {\r\n          \"disablePasswordAuthentication\": false,\r\n          \"\
        provisionVMAgent\": true\r\n        },\r\n        \"secrets\": [],\r\n   \
        \     \"allowExtensionOperations\": true,\r\n        \"requireGuestProvisionSignal\"\
        : true\r\n      },\r\n      \"storageProfile\": {\r\n        \"osDisk\": {\r\
        \n          \"osType\": \"Linux\",\r\n          \"createOption\": \"FromImage\"\
        ,\r\n          \"caching\": \"ReadOnly\",\r\n          \"managedDisk\": {\r\
        \n            \"storageAccountType\": \"Standard_LRS\"\r\n          },\r\n\
        \          \"diskSizeGB\": 30\r\n        },\r\n        \"imageReference\"\
        : {\r\n          \"publisher\": \"OpenLogic\",\r\n          \"offer\": \"\
        CentOS\",\r\n          \"sku\": \"7.5\",\r\n          \"version\": \"latest\"\
        \r\n        },\r\n        \"dataDisks\": [\r\n          {\r\n            \"\
        lun\": 0,\r\n            \"createOption\": \"Empty\",\r\n            \"caching\"\
        : \"None\",\r\n            \"managedDisk\": {\r\n              \"storageAccountType\"\
        : \"Premium_LRS\"\r\n            },\r\n            \"diskSizeGB\": 2\r\n \
        \         }\r\n        ]\r\n      },\r\n      \"networkProfile\": {\"networkInterfaceConfigurations\"\
        :[{\"name\":\"vmssg7a02Nic\",\"properties\":{\"primary\":true,\"disableTcpStateTracking\"\
        :false,\"networkSecurityGroup\":{\"id\":\"/subscriptions/00000000-0000-0000-0000-000000000000/resourceGroups/cli_test_vmss_update_ephemeral_os_disk000001/providers/Microsoft.Network/networkSecurityGroups/vmss000002NSG\"\
        },\"dnsSettings\":{\"dnsServers\":[]},\"enableIPForwarding\":false,\"ipConfigurations\"\
        :[{\"name\":\"vmssg7a02IPConfig\",\"properties\":{\"subnet\":{\"id\":\"/subscriptions/00000000-0000-0000-0000-000000000000/resourceGroups/cli_test_vmss_update_ephemeral_os_disk000001/providers/Microsoft.Network/virtualNetworks/vmss000002VNET/subnets/vmss000002Subnet\"\
        },\"privateIPAddressVersion\":\"IPv4\",\"loadBalancerBackendAddressPools\"\
        :[{\"id\":\"/subscriptions/00000000-0000-0000-0000-000000000000/resourceGroups/cli_test_vmss_update_ephemeral_os_disk000001/providers/Microsoft.Network/loadBalancers/vmss000002LB/backendAddressPools/vmss000002LBBEPool\"\
        }]}}]}}]},\r\n      \"timeCreated\": \"2024-05-10T02:34:55.1923109+00:00\"\
        \r\n    },\r\n    \"provisioningState\": \"Succeeded\",\r\n    \"overprovision\"\
        : false,\r\n    \"doNotRunExtensionsOnOverprovisionedVMs\": false,\r\n   \
        \ \"uniqueId\": \"c1c6bcb9-ca6a-4945-b650-c25a6d0d1383\",\r\n    \"platformFaultDomainCount\"\
        : 5,\r\n    \"timeCreated\": \"2024-05-10T02:32:40.0198638+00:00\"\r\n  }\r\
        \n}"
    headers:
      cache-control:
      - no-cache
      content-length:
      - '3492'
      content-type:
      - application/json; charset=utf-8
      date:
      - Fri, 10 May 2024 02:34:58 GMT
      expires:
      - '-1'
      pragma:
      - no-cache
      strict-transport-security:
      - max-age=31536000; includeSubDomains
      x-cache:
      - CONFIG_NOCACHE
      x-content-type-options:
      - nosniff
      x-ms-ratelimit-remaining-resource:
      - Microsoft.Compute/GetVMScaleSetSubscriptionMaximum;2392,Microsoft.Compute/GetVMScaleSetResource;28
      x-msedge-ref:
      - 'Ref A: 2F4AB13548164DF78B39B03964D159E7 Ref B: TYO201151003042 Ref C: 2024-05-10T02:34:57Z'
    status:
      code: 200
      message: ''
- request:
    body: '{"location": "eastus2euap", "tags": {}, "sku": {"name": "Standard_DS1_v2",
      "tier": "Standard", "capacity": 2}, "properties": {"upgradePolicy": {"mode":
      "Manual", "rollingUpgradePolicy": {"maxBatchInstancePercent": 20, "maxUnhealthyInstancePercent":
      20, "maxUnhealthyUpgradedInstancePercent": 20, "pauseTimeBetweenBatches": "PT0S",
      "rollbackFailedInstancesOnPolicyBreach": false, "maxSurge": false}, "automaticOSUpgradePolicy":
      {"enableAutomaticOSUpgrade": false, "disableAutomaticRollback": false, "useRollingUpgradePolicy":
      false}}, "virtualMachineProfile": {"osProfile": {"computerNamePrefix": "vmssg7a02",
      "adminUsername": "testuser1", "linuxConfiguration": {"disablePasswordAuthentication":
      false, "provisionVMAgent": true}, "secrets": [], "allowExtensionOperations":
      true, "requireGuestProvisionSignal": true}, "storageProfile": {"osDisk": {"caching":
      "ReadOnly", "createOption": "FromImage", "diffDiskSettings": {"option": "Local",
      "placement": "CacheDisk"}, "diskSizeGB": 30, "osType": "Linux", "managedDisk":
      {"storageAccountType": "Standard_LRS"}}, "dataDisks": [{"lun": 0, "caching":
      "None", "createOption": "Empty", "diskSizeGB": 2, "managedDisk": {"storageAccountType":
      "Premium_LRS"}}]}, "networkProfile": {"networkInterfaceConfigurations": [{"name":
      "vmssg7a02Nic", "properties": {"primary": true, "disableTcpStateTracking": false,
      "networkSecurityGroup": {"id": "/subscriptions/00000000-0000-0000-0000-000000000000/resourceGroups/cli_test_vmss_update_ephemeral_os_disk000001/providers/Microsoft.Network/networkSecurityGroups/vmss000002NSG"},
      "dnsSettings": {"dnsServers": []}, "ipConfigurations": [{"name": "vmssg7a02IPConfig",
      "properties": {"subnet": {"id": "/subscriptions/00000000-0000-0000-0000-000000000000/resourceGroups/cli_test_vmss_update_ephemeral_os_disk000001/providers/Microsoft.Network/virtualNetworks/vmss000002VNET/subnets/vmss000002Subnet"},
      "privateIPAddressVersion": "IPv4", "loadBalancerBackendAddressPools": [{"id":
      "/subscriptions/00000000-0000-0000-0000-000000000000/resourceGroups/cli_test_vmss_update_ephemeral_os_disk000001/providers/Microsoft.Network/loadBalancers/vmss000002LB/backendAddressPools/vmss000002LBBEPool"}]}}],
      "enableIPForwarding": false}}]}}, "overprovision": false, "doNotRunExtensionsOnOverprovisionedVMs":
      false, "singlePlacementGroup": true, "platformFaultDomainCount": 5, "orchestrationMode":
      "Uniform"}}'
    headers:
      Accept:
      - application/json
      Accept-Encoding:
      - gzip, deflate
      CommandName:
      - vmss update
      Connection:
      - keep-alive
      Content-Length:
      - '2367'
      Content-Type:
      - application/json
      ParameterSetName:
      - --resource-group --name --ephemeral-os-disk --ephemeral-option --ephemeral-placement
      User-Agent:
      - AZURECLI/2.60.0 azsdk-python-core/1.28.0 Python/3.10.11 (Windows-10-10.0.22631-SP0)
    method: PUT
    uri: https://management.azure.com/subscriptions/00000000-0000-0000-0000-000000000000/resourceGroups/cli_test_vmss_update_ephemeral_os_disk000001/providers/Microsoft.Compute/virtualMachineScaleSets/vmss000002?api-version=2024-03-01
  response:
    body:
      string: "{\r\n  \"name\": \"vmss000002\",\r\n  \"id\": \"/subscriptions/00000000-0000-0000-0000-000000000000/resourceGroups/cli_test_vmss_update_ephemeral_os_disk000001/providers/Microsoft.Compute/virtualMachineScaleSets/vmss000002\"\
        ,\r\n  \"type\": \"Microsoft.Compute/virtualMachineScaleSets\",\r\n  \"location\"\
        : \"eastus2euap\",\r\n  \"tags\": {},\r\n  \"sku\": {\r\n    \"name\": \"\
        Standard_DS1_v2\",\r\n    \"tier\": \"Standard\",\r\n    \"capacity\": 2\r\
        \n  },\r\n  \"properties\": {\r\n    \"singlePlacementGroup\": true,\r\n \
        \   \"orchestrationMode\": \"Uniform\",\r\n    \"upgradePolicy\": {\r\n  \
        \    \"mode\": \"Manual\",\r\n      \"rollingUpgradePolicy\": {\r\n      \
        \  \"maxBatchInstancePercent\": 20,\r\n        \"maxUnhealthyInstancePercent\"\
        : 20,\r\n        \"maxUnhealthyUpgradedInstancePercent\": 20,\r\n        \"\
        pauseTimeBetweenBatches\": \"PT0S\",\r\n        \"maxSurge\": false,\r\n \
        \       \"rollbackFailedInstancesOnPolicyBreach\": false\r\n      },\r\n \
        \     \"automaticOSUpgradePolicy\": {\r\n        \"enableAutomaticOSUpgrade\"\
        : false,\r\n        \"useRollingUpgradePolicy\": false,\r\n        \"disableAutomaticRollback\"\
        : false\r\n      }\r\n    },\r\n    \"virtualMachineProfile\": {\r\n     \
        \ \"osProfile\": {\r\n        \"computerNamePrefix\": \"vmssg7a02\",\r\n \
        \       \"adminUsername\": \"testuser1\",\r\n        \"linuxConfiguration\"\
        : {\r\n          \"disablePasswordAuthentication\": false,\r\n          \"\
        provisionVMAgent\": true\r\n        },\r\n        \"secrets\": [],\r\n   \
        \     \"allowExtensionOperations\": true,\r\n        \"requireGuestProvisionSignal\"\
        : true\r\n      },\r\n      \"storageProfile\": {\r\n        \"osDisk\": {\r\
        \n          \"osType\": \"Linux\",\r\n          \"diffDiskSettings\": {\r\n\
        \            \"option\": \"Local\",\r\n            \"placement\": \"CacheDisk\"\
        \r\n          },\r\n          \"createOption\": \"FromImage\",\r\n       \
        \   \"caching\": \"ReadOnly\",\r\n          \"managedDisk\": {\r\n       \
        \     \"storageAccountType\": \"Standard_LRS\"\r\n          },\r\n       \
        \   \"diskSizeGB\": 30\r\n        },\r\n        \"imageReference\": {\r\n\
        \          \"publisher\": \"OpenLogic\",\r\n          \"offer\": \"CentOS\"\
        ,\r\n          \"sku\": \"7.5\",\r\n          \"version\": \"latest\"\r\n\
        \        },\r\n        \"dataDisks\": [\r\n          {\r\n            \"lun\"\
        : 0,\r\n            \"createOption\": \"Empty\",\r\n            \"caching\"\
        : \"None\",\r\n            \"managedDisk\": {\r\n              \"storageAccountType\"\
        : \"Premium_LRS\"\r\n            },\r\n            \"diskSizeGB\": 2\r\n \
        \         }\r\n        ]\r\n      },\r\n      \"networkProfile\": {\"networkInterfaceConfigurations\"\
        :[{\"name\":\"vmssg7a02Nic\",\"properties\":{\"primary\":true,\"disableTcpStateTracking\"\
        :false,\"networkSecurityGroup\":{\"id\":\"/subscriptions/00000000-0000-0000-0000-000000000000/resourceGroups/cli_test_vmss_update_ephemeral_os_disk000001/providers/Microsoft.Network/networkSecurityGroups/vmss000002NSG\"\
        },\"dnsSettings\":{\"dnsServers\":[]},\"enableIPForwarding\":false,\"ipConfigurations\"\
        :[{\"name\":\"vmssg7a02IPConfig\",\"properties\":{\"subnet\":{\"id\":\"/subscriptions/00000000-0000-0000-0000-000000000000/resourceGroups/cli_test_vmss_update_ephemeral_os_disk000001/providers/Microsoft.Network/virtualNetworks/vmss000002VNET/subnets/vmss000002Subnet\"\
        },\"privateIPAddressVersion\":\"IPv4\",\"loadBalancerBackendAddressPools\"\
        :[{\"id\":\"/subscriptions/00000000-0000-0000-0000-000000000000/resourceGroups/cli_test_vmss_update_ephemeral_os_disk000001/providers/Microsoft.Network/loadBalancers/vmss000002LB/backendAddressPools/vmss000002LBBEPool\"\
        }]}}]}}]},\r\n      \"timeCreated\": \"2024-05-10T02:35:06.3798398+00:00\"\
        \r\n    },\r\n    \"provisioningState\": \"Updating\",\r\n    \"overprovision\"\
        : false,\r\n    \"doNotRunExtensionsOnOverprovisionedVMs\": false,\r\n   \
        \ \"uniqueId\": \"c1c6bcb9-ca6a-4945-b650-c25a6d0d1383\",\r\n    \"platformFaultDomainCount\"\
        : 5,\r\n    \"timeCreated\": \"2024-05-10T02:32:40.0198638+00:00\"\r\n  }\r\
        \n}"
    headers:
      azure-asyncnotification:
      - Enabled
      azure-asyncoperation:
      - https://management.azure.com/subscriptions/00000000-0000-0000-0000-000000000000/providers/Microsoft.Compute/locations/EastUS2EUAP/operations/6d851fea-f84c-453f-9fed-f72fbfb09db6?p=437e0701-559d-4f75-b52f-5c9e5685c642&api-version=2024-03-01&t=638509053068565744&c=MIIHKjCCBhKgAwIBAgITHgRzbqCyQ18wMndEBQAABHNuoDANBgkqhkiG9w0BAQsFADBEMRMwEQYKCZImiZPyLGQBGRYDR0JMMRMwEQYKCZImiZPyLGQBGRYDQU1FMRgwFgYDVQQDEw9BTUUgSW5mcmEgQ0EgMDYwHhcNMjQwNTAxMDA1NzQyWhcNMjUwNDI2MDA1NzQyWjBAMT4wPAYDVQQDEzVhc3luY29wZXJhdGlvbnNpZ25pbmdjZXJ0aWZpY2F0ZS5tYW5hZ2VtZW50LmF6dXJlLmNvbTCCASIwDQYJKoZIhvcNAQEBBQADggEPADCCAQoCggEBAMKR0qd6SsZNJFgW7BROfLH78VOdzQmMBVhtelcKZz5jnYIaBr5RtlEsdt7BbYCfFptSFfLWb-ZTIum7yA57IxyDmQ7JiqRidDiZexsD5c19Ro8X8Ovst5nbLpGhn6Pr8c5hHE1km0r8fxOAtTNTLSKEBjXH1ue8T9QOuFxjbC2crcKDsMMzdB-2NCtWkdJdlHXeWPqL1Ugte8LutWk1Gp1acb__Tt5nH16kf1FqsLebZV9YHRzSSdws78-SJXIBWdRzv-u7sPa_Dhwf1QyUgDpAX4CBZyDdI-3OLfE3ocZuKza3FkLKElN5VoRs1isVjfNetiqzWnKdJcyCr8_asbkCAwEAAaOCBBcwggQTMCcGCSsGAQQBgjcVCgQaMBgwCgYIKwYBBQUHAwEwCgYIKwYBBQUHAwIwPQYJKwYBBAGCNxUHBDAwLgYmKwYBBAGCNxUIhpDjDYTVtHiE8Ys-hZvdFs6dEoFggvX2K4Py0SACAWQCAQowggHLBggrBgEFBQcBAQSCAb0wggG5MGMGCCsGAQUFBzAChldodHRwOi8vY3JsLm1pY3Jvc29mdC5jb20vcGtpaW5mcmEvQ2VydHMvQkwyUEtJSU5UQ0EwMi5BTUUuR0JMX0FNRSUyMEluZnJhJTIwQ0ElMjAwNi5jcnQwUwYIKwYBBQUHMAKGR2h0dHA6Ly9jcmwxLmFtZS5nYmwvYWlhL0JMMlBLSUlOVENBMDIuQU1FLkdCTF9BTUUlMjBJbmZyYSUyMENBJTIwMDYuY3J0MFMGCCsGAQUFBzAChkdodHRwOi8vY3JsMi5hbWUuZ2JsL2FpYS9CTDJQS0lJTlRDQTAyLkFNRS5HQkxfQU1FJTIwSW5mcmElMjBDQSUyMDA2LmNydDBTBggrBgEFBQcwAoZHaHR0cDovL2NybDMuYW1lLmdibC9haWEvQkwyUEtJSU5UQ0EwMi5BTUUuR0JMX0FNRSUyMEluZnJhJTIwQ0ElMjAwNi5jcnQwUwYIKwYBBQUHMAKGR2h0dHA6Ly9jcmw0LmFtZS5nYmwvYWlhL0JMMlBLSUlOVENBMDIuQU1FLkdCTF9BTUUlMjBJbmZyYSUyMENBJTIwMDYuY3J0MB0GA1UdDgQWBBTYYOxyiBP7KsKQkNOhmt-DI4Oi8zAOBgNVHQ8BAf8EBAMCBaAwggEmBgNVHR8EggEdMIIBGTCCARWgggERoIIBDYY_aHR0cDovL2NybC5taWNyb3NvZnQuY29tL3BraWluZnJhL0NSTC9BTUUlMjBJbmZyYSUyMENBJTIwMDYuY3JshjFodHRwOi8vY3JsMS5hbWUuZ2JsL2NybC9BTUUlMjBJbmZyYSUyMENBJTIwMDYuY3JshjFodHRwOi8vY3JsMi5hbWUuZ2JsL2NybC9BTUUlMjBJbmZyYSUyMENBJTIwMDYuY3JshjFodHRwOi8vY3JsMy5hbWUuZ2JsL2NybC9BTUUlMjBJbmZyYSUyMENBJTIwMDYuY3JshjFodHRwOi8vY3JsNC5hbWUuZ2JsL2NybC9BTUUlMjBJbmZyYSUyMENBJTIwMDYuY3JsMEEGA1UdIAQ6MDgwDAYKKwYBBAGCN3sBATAMBgorBgEEAYI3ewIBMAwGCisGAQQBgjd7AwEwDAYKKwYBBAGCN3sEATAfBgNVHSMEGDAWgBTxRmjG8cPwKy19i2rhsvm-NfzRQTAdBgNVHSUEFjAUBggrBgEFBQcDAQYIKwYBBQUHAwIwDQYJKoZIhvcNAQELBQADggEBAJBwyHHdAbRLLd6NdpWZ2_Te1qC8wnl7dJSjbCbiDdO0Lo5wlJlSsT3QFREJewXHLFpokqGXVOqtejImXRyGe1PXsaIpj-mshm-XkJ76mPsWSx7Rr8UXykFzpGeCOj4tRczNZGuHyO9JJ5yV3UkFteCXAqi5hcM2kCm7lxMpsfmRPJKOeBYInFfzmvEWH0HOZl8bkgFcVzrlqpVfBB8dMLkq0Qn2eU6Z3u2wFFnNXaovkz5lrumrxOKFGsgF1Z-HE1S7aIgkgFv3mfzDOQKrIKwoKx0lNr9_pxSswzr9J0q0S2Xbb567AC4hXNjj9tUOn-U2xtjWYBCml7C8Ndwo9Zw&s=vDktK2pMVe_NT2_PJpqgR_LeFcDQHOe-M2CdOa_m1tf_R5uHSeOl_dieR9dIMrbB3YwICFRn71AJb3yLENhgETopBorT_yLTwTULmP3WEruiciggC0hO_Qp6nOjjvtE7yOXBrlPzksl5QZG1juES_4JCO87GkMKyNzubfFmIQ3kjzaEfZc_2Ty9JVPhAr8ng-HOhBS0WUY3vPAPkvbJjo_wuQnZCOM9QwI9gF8gtsfbKBkh91MdBHu0pELte0Ici2VzAgfp6_OBSw2IEtQUcTw2G4L8Uu7QIGK2764Vj7pYMLxY9tj04IQQZRlXeRkauyZ7KESeDtG3lbRDYvIG1Hw&h=CJtut4B1pC3P9iFM_iqBJeV2OPLQfmvJAzon-e_t0nI
      cache-control:
      - no-cache
      content-length:
      - '3608'
      content-type:
      - application/json; charset=utf-8
      date:
      - Fri, 10 May 2024 02:35:06 GMT
      expires:
      - '-1'
      pragma:
      - no-cache
      strict-transport-security:
      - max-age=31536000; includeSubDomains
      x-cache:
      - CONFIG_NOCACHE
      x-content-type-options:
      - nosniff
      x-ms-ratelimit-remaining-resource:
      - Microsoft.Compute/CreateVMScaleSetSubscriptionMaximum;373,Microsoft.Compute/CreateVMScaleSetResource;10,Microsoft.Compute/VMScaleSetBatchedVMRequestsSubscriptionMaximum;6000,Microsoft.Compute/VmssQueuedVMOperations;0
      x-ms-ratelimit-remaining-subscription-writes:
      - '1199'
      x-ms-request-charge:
      - '0'
      x-msedge-ref:
      - 'Ref A: D3980C52CACB4B5DA11FB14EAB0E6028 Ref B: TYO201100114049 Ref C: 2024-05-10T02:34:59Z'
    status:
      code: 200
      message: ''
- request:
    body: null
    headers:
      Accept:
      - '*/*'
      Accept-Encoding:
      - gzip, deflate
      CommandName:
      - vmss update
      Connection:
      - keep-alive
      ParameterSetName:
      - --resource-group --name --ephemeral-os-disk --ephemeral-option --ephemeral-placement
      User-Agent:
      - AZURECLI/2.60.0 azsdk-python-core/1.28.0 Python/3.10.11 (Windows-10-10.0.22631-SP0)
    method: GET
    uri: https://management.azure.com/subscriptions/00000000-0000-0000-0000-000000000000/providers/Microsoft.Compute/locations/EastUS2EUAP/operations/6d851fea-f84c-453f-9fed-f72fbfb09db6?p=437e0701-559d-4f75-b52f-5c9e5685c642&api-version=2024-03-01&t=638509053068565744&c=MIIHKjCCBhKgAwIBAgITHgRzbqCyQ18wMndEBQAABHNuoDANBgkqhkiG9w0BAQsFADBEMRMwEQYKCZImiZPyLGQBGRYDR0JMMRMwEQYKCZImiZPyLGQBGRYDQU1FMRgwFgYDVQQDEw9BTUUgSW5mcmEgQ0EgMDYwHhcNMjQwNTAxMDA1NzQyWhcNMjUwNDI2MDA1NzQyWjBAMT4wPAYDVQQDEzVhc3luY29wZXJhdGlvbnNpZ25pbmdjZXJ0aWZpY2F0ZS5tYW5hZ2VtZW50LmF6dXJlLmNvbTCCASIwDQYJKoZIhvcNAQEBBQADggEPADCCAQoCggEBAMKR0qd6SsZNJFgW7BROfLH78VOdzQmMBVhtelcKZz5jnYIaBr5RtlEsdt7BbYCfFptSFfLWb-ZTIum7yA57IxyDmQ7JiqRidDiZexsD5c19Ro8X8Ovst5nbLpGhn6Pr8c5hHE1km0r8fxOAtTNTLSKEBjXH1ue8T9QOuFxjbC2crcKDsMMzdB-2NCtWkdJdlHXeWPqL1Ugte8LutWk1Gp1acb__Tt5nH16kf1FqsLebZV9YHRzSSdws78-SJXIBWdRzv-u7sPa_Dhwf1QyUgDpAX4CBZyDdI-3OLfE3ocZuKza3FkLKElN5VoRs1isVjfNetiqzWnKdJcyCr8_asbkCAwEAAaOCBBcwggQTMCcGCSsGAQQBgjcVCgQaMBgwCgYIKwYBBQUHAwEwCgYIKwYBBQUHAwIwPQYJKwYBBAGCNxUHBDAwLgYmKwYBBAGCNxUIhpDjDYTVtHiE8Ys-hZvdFs6dEoFggvX2K4Py0SACAWQCAQowggHLBggrBgEFBQcBAQSCAb0wggG5MGMGCCsGAQUFBzAChldodHRwOi8vY3JsLm1pY3Jvc29mdC5jb20vcGtpaW5mcmEvQ2VydHMvQkwyUEtJSU5UQ0EwMi5BTUUuR0JMX0FNRSUyMEluZnJhJTIwQ0ElMjAwNi5jcnQwUwYIKwYBBQUHMAKGR2h0dHA6Ly9jcmwxLmFtZS5nYmwvYWlhL0JMMlBLSUlOVENBMDIuQU1FLkdCTF9BTUUlMjBJbmZyYSUyMENBJTIwMDYuY3J0MFMGCCsGAQUFBzAChkdodHRwOi8vY3JsMi5hbWUuZ2JsL2FpYS9CTDJQS0lJTlRDQTAyLkFNRS5HQkxfQU1FJTIwSW5mcmElMjBDQSUyMDA2LmNydDBTBggrBgEFBQcwAoZHaHR0cDovL2NybDMuYW1lLmdibC9haWEvQkwyUEtJSU5UQ0EwMi5BTUUuR0JMX0FNRSUyMEluZnJhJTIwQ0ElMjAwNi5jcnQwUwYIKwYBBQUHMAKGR2h0dHA6Ly9jcmw0LmFtZS5nYmwvYWlhL0JMMlBLSUlOVENBMDIuQU1FLkdCTF9BTUUlMjBJbmZyYSUyMENBJTIwMDYuY3J0MB0GA1UdDgQWBBTYYOxyiBP7KsKQkNOhmt-DI4Oi8zAOBgNVHQ8BAf8EBAMCBaAwggEmBgNVHR8EggEdMIIBGTCCARWgggERoIIBDYY_aHR0cDovL2NybC5taWNyb3NvZnQuY29tL3BraWluZnJhL0NSTC9BTUUlMjBJbmZyYSUyMENBJTIwMDYuY3JshjFodHRwOi8vY3JsMS5hbWUuZ2JsL2NybC9BTUUlMjBJbmZyYSUyMENBJTIwMDYuY3JshjFodHRwOi8vY3JsMi5hbWUuZ2JsL2NybC9BTUUlMjBJbmZyYSUyMENBJTIwMDYuY3JshjFodHRwOi8vY3JsMy5hbWUuZ2JsL2NybC9BTUUlMjBJbmZyYSUyMENBJTIwMDYuY3JshjFodHRwOi8vY3JsNC5hbWUuZ2JsL2NybC9BTUUlMjBJbmZyYSUyMENBJTIwMDYuY3JsMEEGA1UdIAQ6MDgwDAYKKwYBBAGCN3sBATAMBgorBgEEAYI3ewIBMAwGCisGAQQBgjd7AwEwDAYKKwYBBAGCN3sEATAfBgNVHSMEGDAWgBTxRmjG8cPwKy19i2rhsvm-NfzRQTAdBgNVHSUEFjAUBggrBgEFBQcDAQYIKwYBBQUHAwIwDQYJKoZIhvcNAQELBQADggEBAJBwyHHdAbRLLd6NdpWZ2_Te1qC8wnl7dJSjbCbiDdO0Lo5wlJlSsT3QFREJewXHLFpokqGXVOqtejImXRyGe1PXsaIpj-mshm-XkJ76mPsWSx7Rr8UXykFzpGeCOj4tRczNZGuHyO9JJ5yV3UkFteCXAqi5hcM2kCm7lxMpsfmRPJKOeBYInFfzmvEWH0HOZl8bkgFcVzrlqpVfBB8dMLkq0Qn2eU6Z3u2wFFnNXaovkz5lrumrxOKFGsgF1Z-HE1S7aIgkgFv3mfzDOQKrIKwoKx0lNr9_pxSswzr9J0q0S2Xbb567AC4hXNjj9tUOn-U2xtjWYBCml7C8Ndwo9Zw&s=vDktK2pMVe_NT2_PJpqgR_LeFcDQHOe-M2CdOa_m1tf_R5uHSeOl_dieR9dIMrbB3YwICFRn71AJb3yLENhgETopBorT_yLTwTULmP3WEruiciggC0hO_Qp6nOjjvtE7yOXBrlPzksl5QZG1juES_4JCO87GkMKyNzubfFmIQ3kjzaEfZc_2Ty9JVPhAr8ng-HOhBS0WUY3vPAPkvbJjo_wuQnZCOM9QwI9gF8gtsfbKBkh91MdBHu0pELte0Ici2VzAgfp6_OBSw2IEtQUcTw2G4L8Uu7QIGK2764Vj7pYMLxY9tj04IQQZRlXeRkauyZ7KESeDtG3lbRDYvIG1Hw&h=CJtut4B1pC3P9iFM_iqBJeV2OPLQfmvJAzon-e_t0nI
  response:
    body:
      string: "{\r\n  \"startTime\": \"2024-05-10T02:35:06.3798398+00:00\",\r\n  \"\
        endTime\": \"2024-05-10T02:35:06.8485891+00:00\",\r\n  \"status\": \"Succeeded\"\
        ,\r\n  \"name\": \"6d851fea-f84c-453f-9fed-f72fbfb09db6\"\r\n}"
    headers:
      cache-control:
      - no-cache
      content-length:
      - '184'
      content-type:
      - application/json; charset=utf-8
      date:
      - Fri, 10 May 2024 02:35:06 GMT
      expires:
      - '-1'
      pragma:
      - no-cache
      strict-transport-security:
      - max-age=31536000; includeSubDomains
      x-cache:
      - CONFIG_NOCACHE
      x-content-type-options:
      - nosniff
      x-ms-ratelimit-remaining-resource:
      - Microsoft.Compute/GetOperationResource;44,Microsoft.Compute/GetOperationSubscriptionMaximum;14995
      x-msedge-ref:
      - 'Ref A: CCC883A242754ED4AAB08FC31132052C Ref B: TYO201100114049 Ref C: 2024-05-10T02:35:07Z'
    status:
      code: 200
      message: ''
- request:
    body: null
    headers:
      Accept:
      - '*/*'
      Accept-Encoding:
      - gzip, deflate
      CommandName:
      - vmss update
      Connection:
      - keep-alive
      ParameterSetName:
      - --resource-group --name --ephemeral-os-disk --ephemeral-option --ephemeral-placement
      User-Agent:
      - AZURECLI/2.60.0 azsdk-python-core/1.28.0 Python/3.10.11 (Windows-10-10.0.22631-SP0)
    method: GET
    uri: https://management.azure.com/subscriptions/00000000-0000-0000-0000-000000000000/resourceGroups/cli_test_vmss_update_ephemeral_os_disk000001/providers/Microsoft.Compute/virtualMachineScaleSets/vmss000002?api-version=2024-03-01
  response:
    body:
      string: "{\r\n  \"name\": \"vmss000002\",\r\n  \"id\": \"/subscriptions/00000000-0000-0000-0000-000000000000/resourceGroups/cli_test_vmss_update_ephemeral_os_disk000001/providers/Microsoft.Compute/virtualMachineScaleSets/vmss000002\"\
        ,\r\n  \"type\": \"Microsoft.Compute/virtualMachineScaleSets\",\r\n  \"location\"\
        : \"eastus2euap\",\r\n  \"tags\": {},\r\n  \"sku\": {\r\n    \"name\": \"\
        Standard_DS1_v2\",\r\n    \"tier\": \"Standard\",\r\n    \"capacity\": 2\r\
        \n  },\r\n  \"properties\": {\r\n    \"singlePlacementGroup\": true,\r\n \
        \   \"orchestrationMode\": \"Uniform\",\r\n    \"upgradePolicy\": {\r\n  \
        \    \"mode\": \"Manual\",\r\n      \"rollingUpgradePolicy\": {\r\n      \
        \  \"maxBatchInstancePercent\": 20,\r\n        \"maxUnhealthyInstancePercent\"\
        : 20,\r\n        \"maxUnhealthyUpgradedInstancePercent\": 20,\r\n        \"\
        pauseTimeBetweenBatches\": \"PT0S\",\r\n        \"maxSurge\": false,\r\n \
        \       \"rollbackFailedInstancesOnPolicyBreach\": false\r\n      },\r\n \
        \     \"automaticOSUpgradePolicy\": {\r\n        \"enableAutomaticOSUpgrade\"\
        : false,\r\n        \"useRollingUpgradePolicy\": false,\r\n        \"disableAutomaticRollback\"\
        : false\r\n      }\r\n    },\r\n    \"virtualMachineProfile\": {\r\n     \
        \ \"osProfile\": {\r\n        \"computerNamePrefix\": \"vmssg7a02\",\r\n \
        \       \"adminUsername\": \"testuser1\",\r\n        \"linuxConfiguration\"\
        : {\r\n          \"disablePasswordAuthentication\": false,\r\n          \"\
        provisionVMAgent\": true\r\n        },\r\n        \"secrets\": [],\r\n   \
        \     \"allowExtensionOperations\": true,\r\n        \"requireGuestProvisionSignal\"\
        : true\r\n      },\r\n      \"storageProfile\": {\r\n        \"osDisk\": {\r\
        \n          \"osType\": \"Linux\",\r\n          \"diffDiskSettings\": {\r\n\
        \            \"option\": \"Local\",\r\n            \"placement\": \"CacheDisk\"\
        \r\n          },\r\n          \"createOption\": \"FromImage\",\r\n       \
        \   \"caching\": \"ReadOnly\",\r\n          \"managedDisk\": {\r\n       \
        \     \"storageAccountType\": \"Standard_LRS\"\r\n          },\r\n       \
        \   \"diskSizeGB\": 30\r\n        },\r\n        \"imageReference\": {\r\n\
        \          \"publisher\": \"OpenLogic\",\r\n          \"offer\": \"CentOS\"\
        ,\r\n          \"sku\": \"7.5\",\r\n          \"version\": \"latest\"\r\n\
        \        },\r\n        \"dataDisks\": [\r\n          {\r\n            \"lun\"\
        : 0,\r\n            \"createOption\": \"Empty\",\r\n            \"caching\"\
        : \"None\",\r\n            \"managedDisk\": {\r\n              \"storageAccountType\"\
        : \"Premium_LRS\"\r\n            },\r\n            \"diskSizeGB\": 2\r\n \
        \         }\r\n        ]\r\n      },\r\n      \"networkProfile\": {\"networkInterfaceConfigurations\"\
        :[{\"name\":\"vmssg7a02Nic\",\"properties\":{\"primary\":true,\"disableTcpStateTracking\"\
        :false,\"networkSecurityGroup\":{\"id\":\"/subscriptions/00000000-0000-0000-0000-000000000000/resourceGroups/cli_test_vmss_update_ephemeral_os_disk000001/providers/Microsoft.Network/networkSecurityGroups/vmss000002NSG\"\
        },\"dnsSettings\":{\"dnsServers\":[]},\"enableIPForwarding\":false,\"ipConfigurations\"\
        :[{\"name\":\"vmssg7a02IPConfig\",\"properties\":{\"subnet\":{\"id\":\"/subscriptions/00000000-0000-0000-0000-000000000000/resourceGroups/cli_test_vmss_update_ephemeral_os_disk000001/providers/Microsoft.Network/virtualNetworks/vmss000002VNET/subnets/vmss000002Subnet\"\
        },\"privateIPAddressVersion\":\"IPv4\",\"loadBalancerBackendAddressPools\"\
        :[{\"id\":\"/subscriptions/00000000-0000-0000-0000-000000000000/resourceGroups/cli_test_vmss_update_ephemeral_os_disk000001/providers/Microsoft.Network/loadBalancers/vmss000002LB/backendAddressPools/vmss000002LBBEPool\"\
        }]}}]}}]},\r\n      \"timeCreated\": \"2024-05-10T02:35:06.3798398+00:00\"\
        \r\n    },\r\n    \"provisioningState\": \"Succeeded\",\r\n    \"overprovision\"\
        : false,\r\n    \"doNotRunExtensionsOnOverprovisionedVMs\": false,\r\n   \
        \ \"uniqueId\": \"c1c6bcb9-ca6a-4945-b650-c25a6d0d1383\",\r\n    \"platformFaultDomainCount\"\
        : 5,\r\n    \"timeCreated\": \"2024-05-10T02:32:40.0198638+00:00\"\r\n  }\r\
        \n}"
    headers:
      cache-control:
      - no-cache
      content-length:
      - '3609'
      content-type:
      - application/json; charset=utf-8
      date:
      - Fri, 10 May 2024 02:35:07 GMT
      expires:
      - '-1'
      pragma:
      - no-cache
      strict-transport-security:
      - max-age=31536000; includeSubDomains
      x-cache:
      - CONFIG_NOCACHE
      x-content-type-options:
      - nosniff
      x-ms-ratelimit-remaining-resource:
      - Microsoft.Compute/GetVMScaleSetSubscriptionMaximum;2399,Microsoft.Compute/GetVMScaleSetResource;25
      x-msedge-ref:
      - 'Ref A: 9195F788C5674ED3AD9482BD55F5C39B Ref B: TYO201100114049 Ref C: 2024-05-10T02:35:07Z'
    status:
      code: 200
      message: ''
- request:
    body: null
    headers:
      Accept:
      - application/json
      Accept-Encoding:
      - gzip, deflate
      CommandName:
      - vmss update
      Connection:
      - keep-alive
      ParameterSetName:
      - --resource-group --name --ephemeral-os-disk --ephemeral-option --ephemeral-placement
        --vm-sku
      User-Agent:
      - AZURECLI/2.60.0 azsdk-python-core/1.28.0 Python/3.10.11 (Windows-10-10.0.22631-SP0)
    method: GET
    uri: https://management.azure.com/subscriptions/00000000-0000-0000-0000-000000000000/resourceGroups/cli_test_vmss_update_ephemeral_os_disk000001/providers/Microsoft.Compute/virtualMachineScaleSets/vmss000002?api-version=2024-03-01
  response:
    body:
      string: "{\r\n  \"name\": \"vmss000002\",\r\n  \"id\": \"/subscriptions/00000000-0000-0000-0000-000000000000/resourceGroups/cli_test_vmss_update_ephemeral_os_disk000001/providers/Microsoft.Compute/virtualMachineScaleSets/vmss000002\"\
        ,\r\n  \"type\": \"Microsoft.Compute/virtualMachineScaleSets\",\r\n  \"location\"\
        : \"eastus2euap\",\r\n  \"tags\": {},\r\n  \"sku\": {\r\n    \"name\": \"\
        Standard_DS1_v2\",\r\n    \"tier\": \"Standard\",\r\n    \"capacity\": 2\r\
        \n  },\r\n  \"properties\": {\r\n    \"singlePlacementGroup\": true,\r\n \
        \   \"orchestrationMode\": \"Uniform\",\r\n    \"upgradePolicy\": {\r\n  \
        \    \"mode\": \"Manual\",\r\n      \"rollingUpgradePolicy\": {\r\n      \
        \  \"maxBatchInstancePercent\": 20,\r\n        \"maxUnhealthyInstancePercent\"\
        : 20,\r\n        \"maxUnhealthyUpgradedInstancePercent\": 20,\r\n        \"\
        pauseTimeBetweenBatches\": \"PT0S\",\r\n        \"maxSurge\": false,\r\n \
        \       \"rollbackFailedInstancesOnPolicyBreach\": false\r\n      },\r\n \
        \     \"automaticOSUpgradePolicy\": {\r\n        \"enableAutomaticOSUpgrade\"\
        : false,\r\n        \"useRollingUpgradePolicy\": false,\r\n        \"disableAutomaticRollback\"\
        : false\r\n      }\r\n    },\r\n    \"virtualMachineProfile\": {\r\n     \
        \ \"osProfile\": {\r\n        \"computerNamePrefix\": \"vmssg7a02\",\r\n \
        \       \"adminUsername\": \"testuser1\",\r\n        \"linuxConfiguration\"\
        : {\r\n          \"disablePasswordAuthentication\": false,\r\n          \"\
        provisionVMAgent\": true\r\n        },\r\n        \"secrets\": [],\r\n   \
        \     \"allowExtensionOperations\": true,\r\n        \"requireGuestProvisionSignal\"\
        : true\r\n      },\r\n      \"storageProfile\": {\r\n        \"osDisk\": {\r\
        \n          \"osType\": \"Linux\",\r\n          \"diffDiskSettings\": {\r\n\
        \            \"option\": \"Local\",\r\n            \"placement\": \"CacheDisk\"\
        \r\n          },\r\n          \"createOption\": \"FromImage\",\r\n       \
        \   \"caching\": \"ReadOnly\",\r\n          \"managedDisk\": {\r\n       \
        \     \"storageAccountType\": \"Standard_LRS\"\r\n          },\r\n       \
        \   \"diskSizeGB\": 30\r\n        },\r\n        \"imageReference\": {\r\n\
        \          \"publisher\": \"OpenLogic\",\r\n          \"offer\": \"CentOS\"\
        ,\r\n          \"sku\": \"7.5\",\r\n          \"version\": \"latest\"\r\n\
        \        },\r\n        \"dataDisks\": [\r\n          {\r\n            \"lun\"\
        : 0,\r\n            \"createOption\": \"Empty\",\r\n            \"caching\"\
        : \"None\",\r\n            \"managedDisk\": {\r\n              \"storageAccountType\"\
        : \"Premium_LRS\"\r\n            },\r\n            \"diskSizeGB\": 2\r\n \
        \         }\r\n        ]\r\n      },\r\n      \"networkProfile\": {\"networkInterfaceConfigurations\"\
        :[{\"name\":\"vmssg7a02Nic\",\"properties\":{\"primary\":true,\"disableTcpStateTracking\"\
        :false,\"networkSecurityGroup\":{\"id\":\"/subscriptions/00000000-0000-0000-0000-000000000000/resourceGroups/cli_test_vmss_update_ephemeral_os_disk000001/providers/Microsoft.Network/networkSecurityGroups/vmss000002NSG\"\
        },\"dnsSettings\":{\"dnsServers\":[]},\"enableIPForwarding\":false,\"ipConfigurations\"\
        :[{\"name\":\"vmssg7a02IPConfig\",\"properties\":{\"subnet\":{\"id\":\"/subscriptions/00000000-0000-0000-0000-000000000000/resourceGroups/cli_test_vmss_update_ephemeral_os_disk000001/providers/Microsoft.Network/virtualNetworks/vmss000002VNET/subnets/vmss000002Subnet\"\
        },\"privateIPAddressVersion\":\"IPv4\",\"loadBalancerBackendAddressPools\"\
        :[{\"id\":\"/subscriptions/00000000-0000-0000-0000-000000000000/resourceGroups/cli_test_vmss_update_ephemeral_os_disk000001/providers/Microsoft.Network/loadBalancers/vmss000002LB/backendAddressPools/vmss000002LBBEPool\"\
        }]}}]}}]},\r\n      \"timeCreated\": \"2024-05-10T02:35:06.3798398+00:00\"\
        \r\n    },\r\n    \"provisioningState\": \"Succeeded\",\r\n    \"overprovision\"\
        : false,\r\n    \"doNotRunExtensionsOnOverprovisionedVMs\": false,\r\n   \
        \ \"uniqueId\": \"c1c6bcb9-ca6a-4945-b650-c25a6d0d1383\",\r\n    \"platformFaultDomainCount\"\
        : 5,\r\n    \"timeCreated\": \"2024-05-10T02:32:40.0198638+00:00\"\r\n  }\r\
        \n}"
    headers:
      cache-control:
      - no-cache
      content-length:
      - '3609'
      content-type:
      - application/json; charset=utf-8
      date:
      - Fri, 10 May 2024 02:35:08 GMT
      expires:
      - '-1'
      pragma:
      - no-cache
      strict-transport-security:
      - max-age=31536000; includeSubDomains
      x-cache:
      - CONFIG_NOCACHE
      x-content-type-options:
      - nosniff
      x-ms-ratelimit-remaining-resource:
      - Microsoft.Compute/GetVMScaleSetSubscriptionMaximum;2398,Microsoft.Compute/GetVMScaleSetResource;24
      x-msedge-ref:
      - 'Ref A: CA238662C85242D8BA611F72D2CD07AF Ref B: TYO201100116039 Ref C: 2024-05-10T02:35:08Z'
    status:
      code: 200
      message: ''
- request:
    body: '{"location": "eastus2euap", "tags": {}, "sku": {"name": "Standard_DS4_v2",
      "tier": "Standard", "capacity": 2}, "properties": {"upgradePolicy": {"mode":
      "Manual", "rollingUpgradePolicy": {"maxBatchInstancePercent": 20, "maxUnhealthyInstancePercent":
      20, "maxUnhealthyUpgradedInstancePercent": 20, "pauseTimeBetweenBatches": "PT0S",
      "rollbackFailedInstancesOnPolicyBreach": false, "maxSurge": false}, "automaticOSUpgradePolicy":
      {"enableAutomaticOSUpgrade": false, "disableAutomaticRollback": false, "useRollingUpgradePolicy":
      false}}, "virtualMachineProfile": {"osProfile": {"computerNamePrefix": "vmssg7a02",
      "adminUsername": "testuser1", "linuxConfiguration": {"disablePasswordAuthentication":
      false, "provisionVMAgent": true}, "secrets": [], "allowExtensionOperations":
      true, "requireGuestProvisionSignal": true}, "storageProfile": {"osDisk": {"caching":
      "ReadOnly", "createOption": "FromImage", "diffDiskSettings": {"option": "Local",
      "placement": "ResourceDisk"}, "diskSizeGB": 30, "osType": "Linux", "managedDisk":
      {"storageAccountType": "Standard_LRS"}}, "dataDisks": [{"lun": 0, "caching":
      "None", "createOption": "Empty", "diskSizeGB": 2, "managedDisk": {"storageAccountType":
      "Premium_LRS"}}]}, "networkProfile": {"networkInterfaceConfigurations": [{"name":
      "vmssg7a02Nic", "properties": {"primary": true, "disableTcpStateTracking": false,
      "networkSecurityGroup": {"id": "/subscriptions/00000000-0000-0000-0000-000000000000/resourceGroups/cli_test_vmss_update_ephemeral_os_disk000001/providers/Microsoft.Network/networkSecurityGroups/vmss000002NSG"},
      "dnsSettings": {"dnsServers": []}, "ipConfigurations": [{"name": "vmssg7a02IPConfig",
      "properties": {"subnet": {"id": "/subscriptions/00000000-0000-0000-0000-000000000000/resourceGroups/cli_test_vmss_update_ephemeral_os_disk000001/providers/Microsoft.Network/virtualNetworks/vmss000002VNET/subnets/vmss000002Subnet"},
      "privateIPAddressVersion": "IPv4", "loadBalancerBackendAddressPools": [{"id":
      "/subscriptions/00000000-0000-0000-0000-000000000000/resourceGroups/cli_test_vmss_update_ephemeral_os_disk000001/providers/Microsoft.Network/loadBalancers/vmss000002LB/backendAddressPools/vmss000002LBBEPool"}]}}],
      "enableIPForwarding": false}}]}}, "overprovision": false, "doNotRunExtensionsOnOverprovisionedVMs":
      false, "singlePlacementGroup": true, "platformFaultDomainCount": 5, "orchestrationMode":
      "Uniform"}}'
    headers:
      Accept:
      - application/json
      Accept-Encoding:
      - gzip, deflate
      CommandName:
      - vmss update
      Connection:
      - keep-alive
      Content-Length:
      - '2370'
      Content-Type:
      - application/json
      ParameterSetName:
      - --resource-group --name --ephemeral-os-disk --ephemeral-option --ephemeral-placement
        --vm-sku
      User-Agent:
      - AZURECLI/2.60.0 azsdk-python-core/1.28.0 Python/3.10.11 (Windows-10-10.0.22631-SP0)
    method: PUT
    uri: https://management.azure.com/subscriptions/00000000-0000-0000-0000-000000000000/resourceGroups/cli_test_vmss_update_ephemeral_os_disk000001/providers/Microsoft.Compute/virtualMachineScaleSets/vmss000002?api-version=2024-03-01
  response:
    body:
      string: "{\r\n  \"name\": \"vmss000002\",\r\n  \"id\": \"/subscriptions/00000000-0000-0000-0000-000000000000/resourceGroups/cli_test_vmss_update_ephemeral_os_disk000001/providers/Microsoft.Compute/virtualMachineScaleSets/vmss000002\"\
        ,\r\n  \"type\": \"Microsoft.Compute/virtualMachineScaleSets\",\r\n  \"location\"\
        : \"eastus2euap\",\r\n  \"tags\": {},\r\n  \"sku\": {\r\n    \"name\": \"\
        Standard_DS4_v2\",\r\n    \"tier\": \"Standard\",\r\n    \"capacity\": 2\r\
        \n  },\r\n  \"properties\": {\r\n    \"singlePlacementGroup\": true,\r\n \
        \   \"orchestrationMode\": \"Uniform\",\r\n    \"upgradePolicy\": {\r\n  \
        \    \"mode\": \"Manual\",\r\n      \"rollingUpgradePolicy\": {\r\n      \
        \  \"maxBatchInstancePercent\": 20,\r\n        \"maxUnhealthyInstancePercent\"\
        : 20,\r\n        \"maxUnhealthyUpgradedInstancePercent\": 20,\r\n        \"\
        pauseTimeBetweenBatches\": \"PT0S\",\r\n        \"maxSurge\": false,\r\n \
        \       \"rollbackFailedInstancesOnPolicyBreach\": false\r\n      },\r\n \
        \     \"automaticOSUpgradePolicy\": {\r\n        \"enableAutomaticOSUpgrade\"\
        : false,\r\n        \"useRollingUpgradePolicy\": false,\r\n        \"disableAutomaticRollback\"\
        : false\r\n      }\r\n    },\r\n    \"virtualMachineProfile\": {\r\n     \
        \ \"osProfile\": {\r\n        \"computerNamePrefix\": \"vmssg7a02\",\r\n \
        \       \"adminUsername\": \"testuser1\",\r\n        \"linuxConfiguration\"\
        : {\r\n          \"disablePasswordAuthentication\": false,\r\n          \"\
        provisionVMAgent\": true\r\n        },\r\n        \"secrets\": [],\r\n   \
        \     \"allowExtensionOperations\": true,\r\n        \"requireGuestProvisionSignal\"\
        : true\r\n      },\r\n      \"storageProfile\": {\r\n        \"osDisk\": {\r\
        \n          \"osType\": \"Linux\",\r\n          \"diffDiskSettings\": {\r\n\
        \            \"option\": \"Local\",\r\n            \"placement\": \"ResourceDisk\"\
        \r\n          },\r\n          \"createOption\": \"FromImage\",\r\n       \
        \   \"caching\": \"ReadOnly\",\r\n          \"managedDisk\": {\r\n       \
        \     \"storageAccountType\": \"Standard_LRS\"\r\n          },\r\n       \
        \   \"diskSizeGB\": 30\r\n        },\r\n        \"imageReference\": {\r\n\
        \          \"publisher\": \"OpenLogic\",\r\n          \"offer\": \"CentOS\"\
        ,\r\n          \"sku\": \"7.5\",\r\n          \"version\": \"latest\"\r\n\
        \        },\r\n        \"dataDisks\": [\r\n          {\r\n            \"lun\"\
        : 0,\r\n            \"createOption\": \"Empty\",\r\n            \"caching\"\
        : \"None\",\r\n            \"managedDisk\": {\r\n              \"storageAccountType\"\
        : \"Premium_LRS\"\r\n            },\r\n            \"diskSizeGB\": 2\r\n \
        \         }\r\n        ]\r\n      },\r\n      \"networkProfile\": {\"networkInterfaceConfigurations\"\
        :[{\"name\":\"vmssg7a02Nic\",\"properties\":{\"primary\":true,\"disableTcpStateTracking\"\
        :false,\"networkSecurityGroup\":{\"id\":\"/subscriptions/00000000-0000-0000-0000-000000000000/resourceGroups/cli_test_vmss_update_ephemeral_os_disk000001/providers/Microsoft.Network/networkSecurityGroups/vmss000002NSG\"\
        },\"dnsSettings\":{\"dnsServers\":[]},\"enableIPForwarding\":false,\"ipConfigurations\"\
        :[{\"name\":\"vmssg7a02IPConfig\",\"properties\":{\"subnet\":{\"id\":\"/subscriptions/00000000-0000-0000-0000-000000000000/resourceGroups/cli_test_vmss_update_ephemeral_os_disk000001/providers/Microsoft.Network/virtualNetworks/vmss000002VNET/subnets/vmss000002Subnet\"\
        },\"privateIPAddressVersion\":\"IPv4\",\"loadBalancerBackendAddressPools\"\
        :[{\"id\":\"/subscriptions/00000000-0000-0000-0000-000000000000/resourceGroups/cli_test_vmss_update_ephemeral_os_disk000001/providers/Microsoft.Network/loadBalancers/vmss000002LB/backendAddressPools/vmss000002LBBEPool\"\
        }]}}]}}]},\r\n      \"timeCreated\": \"2024-05-10T02:35:16.317355+00:00\"\r\
        \n    },\r\n    \"provisioningState\": \"Updating\",\r\n    \"overprovision\"\
        : false,\r\n    \"doNotRunExtensionsOnOverprovisionedVMs\": false,\r\n   \
        \ \"uniqueId\": \"c1c6bcb9-ca6a-4945-b650-c25a6d0d1383\",\r\n    \"platformFaultDomainCount\"\
        : 5,\r\n    \"timeCreated\": \"2024-05-10T02:32:40.0198638+00:00\"\r\n  }\r\
        \n}"
    headers:
      azure-asyncnotification:
      - Enabled
      azure-asyncoperation:
      - https://management.azure.com/subscriptions/00000000-0000-0000-0000-000000000000/providers/Microsoft.Compute/locations/EastUS2EUAP/operations/3df0b027-ced9-4743-b098-c5404a20cd56?p=437e0701-559d-4f75-b52f-5c9e5685c642&api-version=2024-03-01&t=638509053168625467&c=MIIHSDCCBjCgAwIBAgITOgL9GKuxwuoAvl6gDgAEAv0YqzANBgkqhkiG9w0BAQsFADBEMRMwEQYKCZImiZPyLGQBGRYDR0JMMRMwEQYKCZImiZPyLGQBGRYDQU1FMRgwFgYDVQQDEw9BTUUgSU5GUkEgQ0EgMDEwHhcNMjQwNTAyMTUxMzA5WhcNMjUwNDI3MTUxMzA5WjBAMT4wPAYDVQQDEzVhc3luY29wZXJhdGlvbnNpZ25pbmdjZXJ0aWZpY2F0ZS5tYW5hZ2VtZW50LmF6dXJlLmNvbTCCASIwDQYJKoZIhvcNAQEBBQADggEPADCCAQoCggEBAM07DTGnL1WbXOa1u9Ox1zn93UOdzLFtBuxDtLwkLwE5XYbQErk1VfIqbqMWVJBTz43qzYkSUywN3kS5W-3jMCFAsWLYHKk-bdgh07JhyEmf_mrR7Xm3zoHG0F16AdlxBQjSN2QUJl55bEnC1Jl3KCDiVnKozpTS-PgNbAKxy1vnDaihayz-jd1p2krOq0AkGmr8EwgyH9cxsXty3H8oLuIW4UCIf6-ovtP_gZK7LvUJosGQlUVzRY5oQeq6Cjanrjz8LO4V7OmvglKA7MT6-y0iIXCiet24ek-PnJ26p0_epq6-1NK5ppjrvQ88reQo_Wey0U6uGqPCf_quM95smlUCAwEAAaOCBDUwggQxMCcGCSsGAQQBgjcVCgQaMBgwCgYIKwYBBQUHAwEwCgYIKwYBBQUHAwIwPQYJKwYBBAGCNxUHBDAwLgYmKwYBBAGCNxUIhpDjDYTVtHiE8Ys-hZvdFs6dEoFggvX2K4Py0SACAWQCAQowggHaBggrBgEFBQcBAQSCAcwwggHIMGYGCCsGAQUFBzAChlpodHRwOi8vY3JsLm1pY3Jvc29mdC5jb20vcGtpaW5mcmEvQ2VydHMvQlkyUEtJSU5UQ0EwMS5BTUUuR0JMX0FNRSUyMElORlJBJTIwQ0ElMjAwMSg0KS5jcnQwVgYIKwYBBQUHMAKGSmh0dHA6Ly9jcmwxLmFtZS5nYmwvYWlhL0JZMlBLSUlOVENBMDEuQU1FLkdCTF9BTUUlMjBJTkZSQSUyMENBJTIwMDEoNCkuY3J0MFYGCCsGAQUFBzAChkpodHRwOi8vY3JsMi5hbWUuZ2JsL2FpYS9CWTJQS0lJTlRDQTAxLkFNRS5HQkxfQU1FJTIwSU5GUkElMjBDQSUyMDAxKDQpLmNydDBWBggrBgEFBQcwAoZKaHR0cDovL2NybDMuYW1lLmdibC9haWEvQlkyUEtJSU5UQ0EwMS5BTUUuR0JMX0FNRSUyMElORlJBJTIwQ0ElMjAwMSg0KS5jcnQwVgYIKwYBBQUHMAKGSmh0dHA6Ly9jcmw0LmFtZS5nYmwvYWlhL0JZMlBLSUlOVENBMDEuQU1FLkdCTF9BTUUlMjBJTkZSQSUyMENBJTIwMDEoNCkuY3J0MB0GA1UdDgQWBBT9nF_3LeJfKo2wUhifl8Go-LrcVDAOBgNVHQ8BAf8EBAMCBaAwggE1BgNVHR8EggEsMIIBKDCCASSgggEgoIIBHIZCaHR0cDovL2NybC5taWNyb3NvZnQuY29tL3BraWluZnJhL0NSTC9BTUUlMjBJTkZSQSUyMENBJTIwMDEoNCkuY3JshjRodHRwOi8vY3JsMS5hbWUuZ2JsL2NybC9BTUUlMjBJTkZSQSUyMENBJTIwMDEoNCkuY3JshjRodHRwOi8vY3JsMi5hbWUuZ2JsL2NybC9BTUUlMjBJTkZSQSUyMENBJTIwMDEoNCkuY3JshjRodHRwOi8vY3JsMy5hbWUuZ2JsL2NybC9BTUUlMjBJTkZSQSUyMENBJTIwMDEoNCkuY3JshjRodHRwOi8vY3JsNC5hbWUuZ2JsL2NybC9BTUUlMjBJTkZSQSUyMENBJTIwMDEoNCkuY3JsMEEGA1UdIAQ6MDgwDAYKKwYBBAGCN3sBATAMBgorBgEEAYI3ewIBMAwGCisGAQQBgjd7AwEwDAYKKwYBBAGCN3sEATAfBgNVHSMEGDAWgBTl2Ztn_PjsurvwwKidileIud8-YzAdBgNVHSUEFjAUBggrBgEFBQcDAQYIKwYBBQUHAwIwDQYJKoZIhvcNAQELBQADggEBAEuFlcYl9ZMazlAmrJEK39sgT_V4pzoLJIud-g98rzZXpDdqVHiLKQnosingp2Z1u4HNQDrUVwcOrTcmE8nii9nUF36rQFqlNH_pmwRif9NB94CYh9u9htz7aSzwTplb44TPxHcuJa_QGO3LpN4n7WMiq5yKPZmLLkUBaS6idLzrlvnexhEGzTlXs6wXDMw_haje_UlA6qY4NUdK-nzsbnu7WWO6U8-alrOTk0D9DKSuW_jlzb2iRh-pyK82sfDI-x0fBW8qarQ6y5zcqBA9R3k5BbVwa-nn6PIlXNk2v3a56ZrTQqvJMJ9IBF0w0ebhF568LNZ3effLqwGX2alJ2ZE&s=W1zycj4zO4WfzB26PYwTbEfnGCvF3h-6PMpeWIrxnEjtLKfHKll3eh-oLoBbdktPoht3CBUm1ML6wjvfHPeJIXVMbJnuBXiOdsFmge9iqIlnRIk7NyFCKkgaX6wrsRQso194MsOXW_knyHrC3Q8R9bobNRWl7cwu48w3MDnB-CVrNVAlR71lV7zHRd1diZI_4n0ffI6nLJDvjrZh_CXDmerXITp_KN1rQnTtHCeD93a572aYIM9z3_zBBqKdApC-1mF7761kCmFyW7i6nQBL4HmYHOG8j0DSldxw3ixOqgu_grmS1jbDlNJRGUhZj8EHFHtkortatN36aUqJ455zbQ&h=Jl4jw1lRd8JgwhKRA684nZ5lbv9xOaW0R4ds7q7SAT8
      cache-control:
      - no-cache
      content-length:
      - '3610'
      content-type:
      - application/json; charset=utf-8
      date:
      - Fri, 10 May 2024 02:35:16 GMT
      expires:
      - '-1'
      pragma:
      - no-cache
      strict-transport-security:
      - max-age=31536000; includeSubDomains
      x-cache:
      - CONFIG_NOCACHE
      x-content-type-options:
      - nosniff
      x-ms-ratelimit-remaining-resource:
      - Microsoft.Compute/CreateVMScaleSetSubscriptionMaximum;374,Microsoft.Compute/CreateVMScaleSetResource;9,Microsoft.Compute/VMScaleSetBatchedVMRequestsSubscriptionMaximum;6000,Microsoft.Compute/VmssQueuedVMOperations;0
      x-ms-ratelimit-remaining-subscription-writes:
      - '1199'
      x-ms-request-charge:
      - '0'
      x-msedge-ref:
      - 'Ref A: C8060A29C63D4490807185E331C888F9 Ref B: TYO201100116037 Ref C: 2024-05-10T02:35:09Z'
    status:
      code: 200
      message: ''
- request:
    body: null
    headers:
      Accept:
      - '*/*'
      Accept-Encoding:
      - gzip, deflate
      CommandName:
      - vmss update
      Connection:
      - keep-alive
      ParameterSetName:
      - --resource-group --name --ephemeral-os-disk --ephemeral-option --ephemeral-placement
        --vm-sku
      User-Agent:
      - AZURECLI/2.60.0 azsdk-python-core/1.28.0 Python/3.10.11 (Windows-10-10.0.22631-SP0)
    method: GET
    uri: https://management.azure.com/subscriptions/00000000-0000-0000-0000-000000000000/providers/Microsoft.Compute/locations/EastUS2EUAP/operations/3df0b027-ced9-4743-b098-c5404a20cd56?p=437e0701-559d-4f75-b52f-5c9e5685c642&api-version=2024-03-01&t=638509053168625467&c=MIIHSDCCBjCgAwIBAgITOgL9GKuxwuoAvl6gDgAEAv0YqzANBgkqhkiG9w0BAQsFADBEMRMwEQYKCZImiZPyLGQBGRYDR0JMMRMwEQYKCZImiZPyLGQBGRYDQU1FMRgwFgYDVQQDEw9BTUUgSU5GUkEgQ0EgMDEwHhcNMjQwNTAyMTUxMzA5WhcNMjUwNDI3MTUxMzA5WjBAMT4wPAYDVQQDEzVhc3luY29wZXJhdGlvbnNpZ25pbmdjZXJ0aWZpY2F0ZS5tYW5hZ2VtZW50LmF6dXJlLmNvbTCCASIwDQYJKoZIhvcNAQEBBQADggEPADCCAQoCggEBAM07DTGnL1WbXOa1u9Ox1zn93UOdzLFtBuxDtLwkLwE5XYbQErk1VfIqbqMWVJBTz43qzYkSUywN3kS5W-3jMCFAsWLYHKk-bdgh07JhyEmf_mrR7Xm3zoHG0F16AdlxBQjSN2QUJl55bEnC1Jl3KCDiVnKozpTS-PgNbAKxy1vnDaihayz-jd1p2krOq0AkGmr8EwgyH9cxsXty3H8oLuIW4UCIf6-ovtP_gZK7LvUJosGQlUVzRY5oQeq6Cjanrjz8LO4V7OmvglKA7MT6-y0iIXCiet24ek-PnJ26p0_epq6-1NK5ppjrvQ88reQo_Wey0U6uGqPCf_quM95smlUCAwEAAaOCBDUwggQxMCcGCSsGAQQBgjcVCgQaMBgwCgYIKwYBBQUHAwEwCgYIKwYBBQUHAwIwPQYJKwYBBAGCNxUHBDAwLgYmKwYBBAGCNxUIhpDjDYTVtHiE8Ys-hZvdFs6dEoFggvX2K4Py0SACAWQCAQowggHaBggrBgEFBQcBAQSCAcwwggHIMGYGCCsGAQUFBzAChlpodHRwOi8vY3JsLm1pY3Jvc29mdC5jb20vcGtpaW5mcmEvQ2VydHMvQlkyUEtJSU5UQ0EwMS5BTUUuR0JMX0FNRSUyMElORlJBJTIwQ0ElMjAwMSg0KS5jcnQwVgYIKwYBBQUHMAKGSmh0dHA6Ly9jcmwxLmFtZS5nYmwvYWlhL0JZMlBLSUlOVENBMDEuQU1FLkdCTF9BTUUlMjBJTkZSQSUyMENBJTIwMDEoNCkuY3J0MFYGCCsGAQUFBzAChkpodHRwOi8vY3JsMi5hbWUuZ2JsL2FpYS9CWTJQS0lJTlRDQTAxLkFNRS5HQkxfQU1FJTIwSU5GUkElMjBDQSUyMDAxKDQpLmNydDBWBggrBgEFBQcwAoZKaHR0cDovL2NybDMuYW1lLmdibC9haWEvQlkyUEtJSU5UQ0EwMS5BTUUuR0JMX0FNRSUyMElORlJBJTIwQ0ElMjAwMSg0KS5jcnQwVgYIKwYBBQUHMAKGSmh0dHA6Ly9jcmw0LmFtZS5nYmwvYWlhL0JZMlBLSUlOVENBMDEuQU1FLkdCTF9BTUUlMjBJTkZSQSUyMENBJTIwMDEoNCkuY3J0MB0GA1UdDgQWBBT9nF_3LeJfKo2wUhifl8Go-LrcVDAOBgNVHQ8BAf8EBAMCBaAwggE1BgNVHR8EggEsMIIBKDCCASSgggEgoIIBHIZCaHR0cDovL2NybC5taWNyb3NvZnQuY29tL3BraWluZnJhL0NSTC9BTUUlMjBJTkZSQSUyMENBJTIwMDEoNCkuY3JshjRodHRwOi8vY3JsMS5hbWUuZ2JsL2NybC9BTUUlMjBJTkZSQSUyMENBJTIwMDEoNCkuY3JshjRodHRwOi8vY3JsMi5hbWUuZ2JsL2NybC9BTUUlMjBJTkZSQSUyMENBJTIwMDEoNCkuY3JshjRodHRwOi8vY3JsMy5hbWUuZ2JsL2NybC9BTUUlMjBJTkZSQSUyMENBJTIwMDEoNCkuY3JshjRodHRwOi8vY3JsNC5hbWUuZ2JsL2NybC9BTUUlMjBJTkZSQSUyMENBJTIwMDEoNCkuY3JsMEEGA1UdIAQ6MDgwDAYKKwYBBAGCN3sBATAMBgorBgEEAYI3ewIBMAwGCisGAQQBgjd7AwEwDAYKKwYBBAGCN3sEATAfBgNVHSMEGDAWgBTl2Ztn_PjsurvwwKidileIud8-YzAdBgNVHSUEFjAUBggrBgEFBQcDAQYIKwYBBQUHAwIwDQYJKoZIhvcNAQELBQADggEBAEuFlcYl9ZMazlAmrJEK39sgT_V4pzoLJIud-g98rzZXpDdqVHiLKQnosingp2Z1u4HNQDrUVwcOrTcmE8nii9nUF36rQFqlNH_pmwRif9NB94CYh9u9htz7aSzwTplb44TPxHcuJa_QGO3LpN4n7WMiq5yKPZmLLkUBaS6idLzrlvnexhEGzTlXs6wXDMw_haje_UlA6qY4NUdK-nzsbnu7WWO6U8-alrOTk0D9DKSuW_jlzb2iRh-pyK82sfDI-x0fBW8qarQ6y5zcqBA9R3k5BbVwa-nn6PIlXNk2v3a56ZrTQqvJMJ9IBF0w0ebhF568LNZ3effLqwGX2alJ2ZE&s=W1zycj4zO4WfzB26PYwTbEfnGCvF3h-6PMpeWIrxnEjtLKfHKll3eh-oLoBbdktPoht3CBUm1ML6wjvfHPeJIXVMbJnuBXiOdsFmge9iqIlnRIk7NyFCKkgaX6wrsRQso194MsOXW_knyHrC3Q8R9bobNRWl7cwu48w3MDnB-CVrNVAlR71lV7zHRd1diZI_4n0ffI6nLJDvjrZh_CXDmerXITp_KN1rQnTtHCeD93a572aYIM9z3_zBBqKdApC-1mF7761kCmFyW7i6nQBL4HmYHOG8j0DSldxw3ixOqgu_grmS1jbDlNJRGUhZj8EHFHtkortatN36aUqJ455zbQ&h=Jl4jw1lRd8JgwhKRA684nZ5lbv9xOaW0R4ds7q7SAT8
  response:
    body:
      string: "{\r\n  \"startTime\": \"2024-05-10T02:35:16.3017457+00:00\",\r\n  \"\
        endTime\": \"2024-05-10T02:35:16.8173933+00:00\",\r\n  \"status\": \"Succeeded\"\
        ,\r\n  \"name\": \"3df0b027-ced9-4743-b098-c5404a20cd56\"\r\n}"
    headers:
      cache-control:
      - no-cache
      content-length:
      - '184'
      content-type:
      - application/json; charset=utf-8
      date:
      - Fri, 10 May 2024 02:35:18 GMT
      expires:
      - '-1'
      pragma:
      - no-cache
      strict-transport-security:
      - max-age=31536000; includeSubDomains
      x-cache:
      - CONFIG_NOCACHE
      x-content-type-options:
      - nosniff
      x-ms-ratelimit-remaining-resource:
      - Microsoft.Compute/GetOperationResource;44,Microsoft.Compute/GetOperationSubscriptionMaximum;14993
      x-msedge-ref:
      - 'Ref A: 34ED2200A1D94394A62796A2F9B47F3D Ref B: TYO201100116037 Ref C: 2024-05-10T02:35:17Z'
    status:
      code: 200
      message: ''
- request:
    body: null
    headers:
      Accept:
      - '*/*'
      Accept-Encoding:
      - gzip, deflate
      CommandName:
      - vmss update
      Connection:
      - keep-alive
      ParameterSetName:
      - --resource-group --name --ephemeral-os-disk --ephemeral-option --ephemeral-placement
        --vm-sku
      User-Agent:
      - AZURECLI/2.60.0 azsdk-python-core/1.28.0 Python/3.10.11 (Windows-10-10.0.22631-SP0)
    method: GET
    uri: https://management.azure.com/subscriptions/00000000-0000-0000-0000-000000000000/resourceGroups/cli_test_vmss_update_ephemeral_os_disk000001/providers/Microsoft.Compute/virtualMachineScaleSets/vmss000002?api-version=2024-03-01
  response:
    body:
      string: "{\r\n  \"name\": \"vmss000002\",\r\n  \"id\": \"/subscriptions/00000000-0000-0000-0000-000000000000/resourceGroups/cli_test_vmss_update_ephemeral_os_disk000001/providers/Microsoft.Compute/virtualMachineScaleSets/vmss000002\"\
        ,\r\n  \"type\": \"Microsoft.Compute/virtualMachineScaleSets\",\r\n  \"location\"\
        : \"eastus2euap\",\r\n  \"tags\": {},\r\n  \"sku\": {\r\n    \"name\": \"\
        Standard_DS4_v2\",\r\n    \"tier\": \"Standard\",\r\n    \"capacity\": 2\r\
        \n  },\r\n  \"properties\": {\r\n    \"singlePlacementGroup\": true,\r\n \
        \   \"orchestrationMode\": \"Uniform\",\r\n    \"upgradePolicy\": {\r\n  \
        \    \"mode\": \"Manual\",\r\n      \"rollingUpgradePolicy\": {\r\n      \
        \  \"maxBatchInstancePercent\": 20,\r\n        \"maxUnhealthyInstancePercent\"\
        : 20,\r\n        \"maxUnhealthyUpgradedInstancePercent\": 20,\r\n        \"\
        pauseTimeBetweenBatches\": \"PT0S\",\r\n        \"maxSurge\": false,\r\n \
        \       \"rollbackFailedInstancesOnPolicyBreach\": false\r\n      },\r\n \
        \     \"automaticOSUpgradePolicy\": {\r\n        \"enableAutomaticOSUpgrade\"\
        : false,\r\n        \"useRollingUpgradePolicy\": false,\r\n        \"disableAutomaticRollback\"\
        : false\r\n      }\r\n    },\r\n    \"virtualMachineProfile\": {\r\n     \
        \ \"osProfile\": {\r\n        \"computerNamePrefix\": \"vmssg7a02\",\r\n \
        \       \"adminUsername\": \"testuser1\",\r\n        \"linuxConfiguration\"\
        : {\r\n          \"disablePasswordAuthentication\": false,\r\n          \"\
        provisionVMAgent\": true\r\n        },\r\n        \"secrets\": [],\r\n   \
        \     \"allowExtensionOperations\": true,\r\n        \"requireGuestProvisionSignal\"\
        : true\r\n      },\r\n      \"storageProfile\": {\r\n        \"osDisk\": {\r\
        \n          \"osType\": \"Linux\",\r\n          \"diffDiskSettings\": {\r\n\
        \            \"option\": \"Local\",\r\n            \"placement\": \"ResourceDisk\"\
        \r\n          },\r\n          \"createOption\": \"FromImage\",\r\n       \
        \   \"caching\": \"ReadOnly\",\r\n          \"managedDisk\": {\r\n       \
        \     \"storageAccountType\": \"Standard_LRS\"\r\n          },\r\n       \
        \   \"diskSizeGB\": 30\r\n        },\r\n        \"imageReference\": {\r\n\
        \          \"publisher\": \"OpenLogic\",\r\n          \"offer\": \"CentOS\"\
        ,\r\n          \"sku\": \"7.5\",\r\n          \"version\": \"latest\"\r\n\
        \        },\r\n        \"dataDisks\": [\r\n          {\r\n            \"lun\"\
        : 0,\r\n            \"createOption\": \"Empty\",\r\n            \"caching\"\
        : \"None\",\r\n            \"managedDisk\": {\r\n              \"storageAccountType\"\
        : \"Premium_LRS\"\r\n            },\r\n            \"diskSizeGB\": 2\r\n \
        \         }\r\n        ]\r\n      },\r\n      \"networkProfile\": {\"networkInterfaceConfigurations\"\
        :[{\"name\":\"vmssg7a02Nic\",\"properties\":{\"primary\":true,\"disableTcpStateTracking\"\
        :false,\"networkSecurityGroup\":{\"id\":\"/subscriptions/00000000-0000-0000-0000-000000000000/resourceGroups/cli_test_vmss_update_ephemeral_os_disk000001/providers/Microsoft.Network/networkSecurityGroups/vmss000002NSG\"\
        },\"dnsSettings\":{\"dnsServers\":[]},\"enableIPForwarding\":false,\"ipConfigurations\"\
        :[{\"name\":\"vmssg7a02IPConfig\",\"properties\":{\"subnet\":{\"id\":\"/subscriptions/00000000-0000-0000-0000-000000000000/resourceGroups/cli_test_vmss_update_ephemeral_os_disk000001/providers/Microsoft.Network/virtualNetworks/vmss000002VNET/subnets/vmss000002Subnet\"\
        },\"privateIPAddressVersion\":\"IPv4\",\"loadBalancerBackendAddressPools\"\
        :[{\"id\":\"/subscriptions/00000000-0000-0000-0000-000000000000/resourceGroups/cli_test_vmss_update_ephemeral_os_disk000001/providers/Microsoft.Network/loadBalancers/vmss000002LB/backendAddressPools/vmss000002LBBEPool\"\
        }]}}]}}]},\r\n      \"timeCreated\": \"2024-05-10T02:35:16.317355+00:00\"\r\
        \n    },\r\n    \"provisioningState\": \"Succeeded\",\r\n    \"overprovision\"\
        : false,\r\n    \"doNotRunExtensionsOnOverprovisionedVMs\": false,\r\n   \
        \ \"uniqueId\": \"c1c6bcb9-ca6a-4945-b650-c25a6d0d1383\",\r\n    \"platformFaultDomainCount\"\
        : 5,\r\n    \"timeCreated\": \"2024-05-10T02:32:40.0198638+00:00\"\r\n  }\r\
        \n}"
    headers:
      cache-control:
      - no-cache
      content-length:
      - '3611'
      content-type:
      - application/json; charset=utf-8
      date:
      - Fri, 10 May 2024 02:35:19 GMT
      expires:
      - '-1'
      pragma:
      - no-cache
      strict-transport-security:
      - max-age=31536000; includeSubDomains
      x-cache:
      - CONFIG_NOCACHE
      x-content-type-options:
      - nosniff
      x-ms-ratelimit-remaining-resource:
      - Microsoft.Compute/GetVMScaleSetSubscriptionMaximum;2394,Microsoft.Compute/GetVMScaleSetResource;20
      x-msedge-ref:
      - 'Ref A: 6187A8D465DF4E50A3C3F59468D3F4A0 Ref B: TYO201100116037 Ref C: 2024-05-10T02:35:18Z'
    status:
      code: 200
      message: ''
version: 1
