interactions:
- request:
    body: null
    headers:
      Accept:
      - application/json
      Accept-Encoding:
      - gzip, deflate
      CommandName:
      - keyvault show
      Connection:
      - keep-alive
      ParameterSetName:
      - -g -n
      User-Agent:
      - AZURECLI/2.25.0 azsdk-python-azure-mgmt-keyvault/9.0.0 Python/3.7.9 (Windows-10-10.0.19041-SP0)
    method: GET
    uri: https://management.azure.com/subscriptions/00000000-0000-0000-0000-000000000000/resourceGroups/cli_test_disk_encryption_set_disk_update_000001/providers/Microsoft.KeyVault/vaults/vault3-000002?api-version=2021-04-01-preview
  response:
    body:
      string: '{"id":"/subscriptions/00000000-0000-0000-0000-000000000000/resourceGroups/cli_test_disk_encryption_set_disk_update_000001/providers/Microsoft.KeyVault/vaults/vault3-000002","name":"vault3-000002","type":"Microsoft.KeyVault/vaults","location":"westcentralus","tags":{},"systemData":{"createdBy":"yishiwang@microsoft.com","createdByType":"User","createdAt":"1970-01-19T19:10:44.278Z","lastModifiedBy":"yishiwang@microsoft.com","lastModifiedByType":"User","lastModifiedAt":"1970-01-19T19:10:44.278Z"},"properties":{"sku":{"family":"A","name":"standard"},"tenantId":"54826b22-38d6-4fb2-bad9-b7b93a3e9c5a","accessPolicies":[{"tenantId":"54826b22-38d6-4fb2-bad9-b7b93a3e9c5a","objectId":"3707fb2f-ac10-4591-a04f-8b0d786ea37d","permissions":{"keys":["get","create","delete","list","update","import","backup","restore","recover"],"secrets":["get","list","set","delete","backup","restore","recover"],"certificates":["get","list","delete","create","import","update","managecontacts","getissuers","listissuers","setissuers","deleteissuers","manageissuers","recover"],"storage":["get","list","delete","set","update","regeneratekey","setsas","listsas","getsas","deletesas"]}}],"enabledForDeployment":false,"enableSoftDelete":true,"softDeleteRetentionInDays":7,"enablePurgeProtection":true,"vaultUri":"https://vault3-000002.vault.azure.net/","provisioningState":"Succeeded"}}'
    headers:
      cache-control:
      - no-cache
      content-length:
      - '1410'
      content-type:
      - application/json; charset=utf-8
      date:
      - Mon, 21 Jun 2021 02:58:32 GMT
      expires:
      - '-1'
      pragma:
      - no-cache
      server:
      - Microsoft-IIS/10.0
      strict-transport-security:
      - max-age=31536000; includeSubDomains
      transfer-encoding:
      - chunked
      vary:
      - Accept-Encoding
      x-aspnet-version:
      - 4.0.30319
      x-content-type-options:
      - nosniff
      x-ms-keyvault-service-version:
      - 1.5.23.0
      x-powered-by:
      - ASP.NET
    status:
      code: 200
      message: OK
- request:
    body: ''
    headers:
      Accept:
      - application/json
      Accept-Encoding:
      - gzip, deflate
      Connection:
      - keep-alive
      Content-Length:
      - 0
      Content-Type:
      - application/json; charset=utf-8
      User-Agent:
      - python/3.7.9 (Windows-10-10.0.19041-SP0) msrest/0.6.21 msrest_azure/0.6.3
        azure-keyvault/7.0 Azure-SDK-For-Python
      accept-language:
      - en-US
    method: POST
    uri: https://vault3-000002.vault.azure.net/keys/key-000003/create?api-version=7.0
  response:
    body:
      string: '{"error":{"code":"Unauthorized","message":"AKV10000: Request is missing
        a Bearer or PoP token."}}'
    headers:
      cache-control:
      - no-cache
      content-length:
      - '97'
      content-type:
      - application/json; charset=utf-8
      date:
      - Mon, 21 Jun 2021 02:58:34 GMT
      expires:
      - '-1'
      pragma:
      - no-cache
      strict-transport-security:
      - max-age=31536000;includeSubDomains
      www-authenticate:
      - Bearer authorization="https://login.windows.net/54826b22-38d6-4fb2-bad9-b7b93a3e9c5a",
        resource="https://vault.azure.net"
      x-content-type-options:
      - nosniff
      x-ms-keyvault-network-info:
      - conn_type=Ipv4;addr=167.220.255.83;act_addr_fam=InterNetwork;
      x-ms-keyvault-region:
      - westcentralus
      x-ms-keyvault-service-version:
      - 1.9.12.0
      x-powered-by:
      - ASP.NET
    status:
      code: 401
      message: Unauthorized
- request:
    body: '{"kty": "RSA", "attributes": {"enabled": true}}'
    headers:
      Accept:
      - application/json
      Accept-Encoding:
      - gzip, deflate
      Connection:
      - keep-alive
      Content-Length:
      - '47'
      Content-Type:
      - application/json; charset=utf-8
      User-Agent:
      - python/3.7.9 (Windows-10-10.0.19041-SP0) msrest/0.6.21 msrest_azure/0.6.3
        azure-keyvault/7.0 Azure-SDK-For-Python
      accept-language:
      - en-US
    method: POST
    uri: https://vault3-000002.vault.azure.net/keys/key-000003/create?api-version=7.0
  response:
    body:
      string: '{"key":{"kid":"https://vault3-000002.vault.azure.net/keys/key-000003/7893b976b3634ce48aabb7888462f353","kty":"RSA","key_ops":["encrypt","decrypt","sign","verify","wrapKey","unwrapKey"],"n":"mQ4_Swe9neJkbEy46CMisw1kh5FXen7auRJTJTe3A7tQu4hWkQfBbtqg_iGg2OCtaHAgbYOlJ6dCZNupgBev2vhLetE-dK5NAdT576scCgn3XMt0WWlgTWu2vATB2DXNSXEh-BvvMk_eawwaxsenP5AOxLboVRQAldLFRRE4kY8SNc2XpeI8uzHqrq8OALHHe6mKALp1TQVaC2dJL8iuqH_bcCZx5V9423uICbuFXr_rwkTvzp2hn_pQnVx8xZCRZanCPmFcEhGLVuH5FU1OEclaIa-Z0ksstnDCYsxSBO-evOl_mju7jRXQE3jSLVqM5zmwNUQDbrMy6YnFFLrWrQ","e":"AQAB"},"attributes":{"enabled":true,"created":1624244315,"updated":1624244315,"recoveryLevel":"CustomizedRecoverable"}}'
    headers:
      cache-control:
      - no-cache
      content-length:
      - '675'
      content-type:
      - application/json; charset=utf-8
      date:
      - Mon, 21 Jun 2021 02:58:34 GMT
      expires:
      - '-1'
      pragma:
      - no-cache
      strict-transport-security:
      - max-age=31536000;includeSubDomains
      x-content-type-options:
      - nosniff
      x-ms-keyvault-network-info:
      - conn_type=Ipv4;addr=167.220.255.83;act_addr_fam=InterNetwork;
      x-ms-keyvault-region:
      - westcentralus
      x-ms-keyvault-service-version:
      - 1.9.12.0
      x-powered-by:
      - ASP.NET
    status:
      code: 200
      message: OK
- request:
    body: null
    headers:
      Accept:
      - application/json
      Accept-Encoding:
      - gzip, deflate
      CommandName:
      - disk-encryption-set create
      Connection:
      - keep-alive
      ParameterSetName:
      - -g -n --key-url --source-vault
      User-Agent:
      - AZURECLI/2.25.0 azsdk-python-azure-mgmt-resource/18.0.0 Python/3.7.9 (Windows-10-10.0.19041-SP0)
    method: GET
    uri: https://management.azure.com/subscriptions/00000000-0000-0000-0000-000000000000/resourcegroups/cli_test_disk_encryption_set_disk_update_000001?api-version=2020-10-01
  response:
    body:
      string: '{"id":"/subscriptions/00000000-0000-0000-0000-000000000000/resourceGroups/cli_test_disk_encryption_set_disk_update_000001","name":"cli_test_disk_encryption_set_disk_update_000001","type":"Microsoft.Resources/resourceGroups","location":"westcentralus","tags":{"product":"azurecli","cause":"automation","date":"2021-06-21T02:57:47Z"},"properties":{"provisioningState":"Succeeded"}}'
    headers:
      cache-control:
      - no-cache
      content-length:
      - '435'
      content-type:
      - application/json; charset=utf-8
      date:
      - Mon, 21 Jun 2021 02:58:35 GMT
      expires:
      - '-1'
      pragma:
      - no-cache
      strict-transport-security:
      - max-age=31536000; includeSubDomains
      vary:
      - Accept-Encoding
      x-content-type-options:
      - nosniff
    status:
      code: 200
      message: OK
- request:
    body: '{"location": "westcentralus", "identity": {"type": "SystemAssigned"}, "properties":
      {"activeKey": {"sourceVault": {"id": "/subscriptions/00000000-0000-0000-0000-000000000000/resourceGroups/cli_test_disk_encryption_set_disk_update_000001/providers/Microsoft.KeyVault/vaults/vault3-000002"},
      "keyUrl": "https://vault3-000002.vault.azure.net/keys/key-000003/7893b976b3634ce48aabb7888462f353"}}}'
    headers:
      Accept:
      - application/json
      Accept-Encoding:
      - gzip, deflate
      CommandName:
      - disk-encryption-set create
      Connection:
      - keep-alive
      Content-Length:
      - '443'
      Content-Type:
      - application/json
      ParameterSetName:
      - -g -n --key-url --source-vault
      User-Agent:
      - AZURECLI/2.25.0 azsdk-python-azure-mgmt-compute/21.0.0 Python/3.7.9 (Windows-10-10.0.19041-SP0)
    method: PUT
    uri: https://management.azure.com/subscriptions/00000000-0000-0000-0000-000000000000/resourceGroups/cli_test_disk_encryption_set_disk_update_000001/providers/Microsoft.Compute/diskEncryptionSets/des1-000004?api-version=2020-12-01
  response:
    body:
      string: "{\r\n  \"location\": \"westcentralus\",\r\n  \"identity\": {\r\n    \"type\":
        \"SystemAssigned\"\r\n  },\r\n  \"properties\": {\r\n    \"activeKey\": {\r\n
        \     \"sourceVault\": {\r\n        \"id\": \"/subscriptions/00000000-0000-0000-0000-000000000000/resourceGroups/cli_test_disk_encryption_set_disk_update_000001/providers/Microsoft.KeyVault/vaults/vault3-000002\"\r\n
        \     },\r\n      \"keyUrl\": \"https://vault3-000002.vault.azure.net/keys/key-000003/7893b976b3634ce48aabb7888462f353\"\r\n
        \   },\r\n    \"provisioningState\": \"Updating\"\r\n  }\r\n}"
    headers:
      azure-asyncoperation:
      - https://management.azure.com/subscriptions/00000000-0000-0000-0000-000000000000/providers/Microsoft.Compute/locations/westcentralus/DiskOperations/b2047447-a3bc-40f3-b82b-13c54db7006b?api-version=2020-12-01
      cache-control:
      - no-cache
      content-length:
      - '552'
      content-type:
      - application/json; charset=utf-8
      date:
      - Mon, 21 Jun 2021 02:58:44 GMT
      expires:
      - '-1'
      location:
      - https://management.azure.com/subscriptions/00000000-0000-0000-0000-000000000000/providers/Microsoft.Compute/locations/westcentralus/DiskOperations/b2047447-a3bc-40f3-b82b-13c54db7006b?monitor=true&api-version=2020-12-01
      pragma:
      - no-cache
      server:
      - Microsoft-HTTPAPI/2.0
      - Microsoft-HTTPAPI/2.0
      strict-transport-security:
      - max-age=31536000; includeSubDomains
      x-content-type-options:
      - nosniff
      x-ms-ratelimit-remaining-resource:
      - Microsoft.Compute/HighCostDiskEncryptionSet3Min;94,Microsoft.Compute/HighCostDiskEncryptionSet30Min;284
      x-ms-ratelimit-remaining-subscription-writes:
      - '1199'
    status:
      code: 202
      message: Accepted
- request:
    body: null
    headers:
      Accept:
      - '*/*'
      Accept-Encoding:
      - gzip, deflate
      CommandName:
      - disk-encryption-set create
      Connection:
      - keep-alive
      ParameterSetName:
      - -g -n --key-url --source-vault
      User-Agent:
      - AZURECLI/2.25.0 azsdk-python-azure-mgmt-compute/21.0.0 Python/3.7.9 (Windows-10-10.0.19041-SP0)
    method: GET
    uri: https://management.azure.com/subscriptions/00000000-0000-0000-0000-000000000000/providers/Microsoft.Compute/locations/westcentralus/DiskOperations/b2047447-a3bc-40f3-b82b-13c54db7006b?api-version=2020-12-01
  response:
    body:
      string: "{\r\n  \"startTime\": \"2021-06-21T02:58:45.5999327+00:00\",\r\n  \"endTime\":
        \"2021-06-21T02:58:45.6624029+00:00\",\r\n  \"status\": \"Succeeded\",\r\n
        \ \"properties\": {\r\n    \"output\": {\"name\":\"des1-000004\",\"id\":\"/subscriptions/00000000-0000-0000-0000-000000000000/resourceGroups/cli_test_disk_encryption_set_disk_update_000001/providers/Microsoft.Compute/diskEncryptionSets/des1-000004\",\"type\":\"Microsoft.Compute/diskEncryptionSets\",\"location\":\"westcentralus\",\"identity\":{\"type\":\"SystemAssigned\",\"principalId\":\"cdc0a8ff-e8af-4371-b0fb-676f2e720058\",\"tenantId\":\"54826b22-38d6-4fb2-bad9-b7b93a3e9c5a\"},\"properties\":{\"activeKey\":{\"sourceVault\":{\"id\":\"/subscriptions/00000000-0000-0000-0000-000000000000/resourceGroups/cli_test_disk_encryption_set_disk_update_000001/providers/Microsoft.KeyVault/vaults/vault3-000002\"},\"keyUrl\":\"https://vault3-000002.vault.azure.net/keys/key-000003/7893b976b3634ce48aabb7888462f353\"},\"encryptionType\":\"EncryptionAtRestWithCustomerKey\",\"provisioningState\":\"Succeeded\"}}\r\n
        \ },\r\n  \"name\": \"b2047447-a3bc-40f3-b82b-13c54db7006b\"\r\n}"
    headers:
      cache-control:
      - no-cache
      content-length:
      - '1137'
      content-type:
      - application/json; charset=utf-8
      date:
      - Mon, 21 Jun 2021 02:59:15 GMT
      expires:
      - '-1'
      pragma:
      - no-cache
      server:
      - Microsoft-HTTPAPI/2.0
      - Microsoft-HTTPAPI/2.0
      strict-transport-security:
      - max-age=31536000; includeSubDomains
      transfer-encoding:
      - chunked
      vary:
      - Accept-Encoding
      x-content-type-options:
      - nosniff
      x-ms-ratelimit-remaining-resource:
      - Microsoft.Compute/GetOperation3Min;49992,Microsoft.Compute/GetOperation30Min;399978
    status:
      code: 200
      message: OK
- request:
    body: null
    headers:
      Accept:
      - '*/*'
      Accept-Encoding:
      - gzip, deflate
      CommandName:
      - disk-encryption-set create
      Connection:
      - keep-alive
      ParameterSetName:
      - -g -n --key-url --source-vault
      User-Agent:
      - AZURECLI/2.25.0 azsdk-python-azure-mgmt-compute/21.0.0 Python/3.7.9 (Windows-10-10.0.19041-SP0)
    method: GET
    uri: https://management.azure.com/subscriptions/00000000-0000-0000-0000-000000000000/resourceGroups/cli_test_disk_encryption_set_disk_update_000001/providers/Microsoft.Compute/diskEncryptionSets/des1-000004?api-version=2020-12-01
  response:
    body:
      string: "{\r\n  \"name\": \"des1-000004\",\r\n  \"id\": \"/subscriptions/00000000-0000-0000-0000-000000000000/resourceGroups/cli_test_disk_encryption_set_disk_update_000001/providers/Microsoft.Compute/diskEncryptionSets/des1-000004\",\r\n
        \ \"type\": \"Microsoft.Compute/diskEncryptionSets\",\r\n  \"location\": \"westcentralus\",\r\n
        \ \"identity\": {\r\n    \"type\": \"SystemAssigned\",\r\n    \"principalId\":
        \"cdc0a8ff-e8af-4371-b0fb-676f2e720058\",\r\n    \"tenantId\": \"54826b22-38d6-4fb2-bad9-b7b93a3e9c5a\"\r\n
        \ },\r\n  \"properties\": {\r\n    \"activeKey\": {\r\n      \"sourceVault\":
        {\r\n        \"id\": \"/subscriptions/00000000-0000-0000-0000-000000000000/resourceGroups/cli_test_disk_encryption_set_disk_update_000001/providers/Microsoft.KeyVault/vaults/vault3-000002\"\r\n
        \     },\r\n      \"keyUrl\": \"https://vault3-000002.vault.azure.net/keys/key-000003/7893b976b3634ce48aabb7888462f353\"\r\n
        \   },\r\n    \"encryptionType\": \"EncryptionAtRestWithCustomerKey\",\r\n
        \   \"provisioningState\": \"Succeeded\"\r\n  }\r\n}"
    headers:
      cache-control:
      - no-cache
      content-length:
      - '1037'
      content-type:
      - application/json; charset=utf-8
      date:
      - Mon, 21 Jun 2021 02:59:16 GMT
      expires:
      - '-1'
      pragma:
      - no-cache
      server:
      - Microsoft-HTTPAPI/2.0
      - Microsoft-HTTPAPI/2.0
      strict-transport-security:
      - max-age=31536000; includeSubDomains
      transfer-encoding:
      - chunked
      vary:
      - Accept-Encoding
      x-content-type-options:
      - nosniff
      x-ms-ratelimit-remaining-resource:
      - Microsoft.Compute/LowCostGet3Min;14979,Microsoft.Compute/LowCostGet30Min;119940
    status:
      code: 200
      message: OK
- request:
    body: null
    headers:
      Accept:
      - application/json
      Accept-Encoding:
      - gzip, deflate
      CommandName:
      - disk-encryption-set show
      Connection:
      - keep-alive
      ParameterSetName:
      - -g -n
      User-Agent:
      - AZURECLI/2.25.0 azsdk-python-azure-mgmt-compute/21.0.0 Python/3.7.9 (Windows-10-10.0.19041-SP0)
    method: GET
    uri: https://management.azure.com/subscriptions/00000000-0000-0000-0000-000000000000/resourceGroups/cli_test_disk_encryption_set_disk_update_000001/providers/Microsoft.Compute/diskEncryptionSets/des1-000004?api-version=2020-12-01
  response:
    body:
      string: "{\r\n  \"name\": \"des1-000004\",\r\n  \"id\": \"/subscriptions/00000000-0000-0000-0000-000000000000/resourceGroups/cli_test_disk_encryption_set_disk_update_000001/providers/Microsoft.Compute/diskEncryptionSets/des1-000004\",\r\n
        \ \"type\": \"Microsoft.Compute/diskEncryptionSets\",\r\n  \"location\": \"westcentralus\",\r\n
        \ \"identity\": {\r\n    \"type\": \"SystemAssigned\",\r\n    \"principalId\":
        \"cdc0a8ff-e8af-4371-b0fb-676f2e720058\",\r\n    \"tenantId\": \"54826b22-38d6-4fb2-bad9-b7b93a3e9c5a\"\r\n
        \ },\r\n  \"properties\": {\r\n    \"activeKey\": {\r\n      \"sourceVault\":
        {\r\n        \"id\": \"/subscriptions/00000000-0000-0000-0000-000000000000/resourceGroups/cli_test_disk_encryption_set_disk_update_000001/providers/Microsoft.KeyVault/vaults/vault3-000002\"\r\n
        \     },\r\n      \"keyUrl\": \"https://vault3-000002.vault.azure.net/keys/key-000003/7893b976b3634ce48aabb7888462f353\"\r\n
        \   },\r\n    \"encryptionType\": \"EncryptionAtRestWithCustomerKey\",\r\n
        \   \"provisioningState\": \"Succeeded\"\r\n  }\r\n}"
    headers:
      cache-control:
      - no-cache
      content-length:
      - '1037'
      content-type:
      - application/json; charset=utf-8
      date:
      - Mon, 21 Jun 2021 02:59:16 GMT
      expires:
      - '-1'
      pragma:
      - no-cache
      server:
      - Microsoft-HTTPAPI/2.0
      - Microsoft-HTTPAPI/2.0
      strict-transport-security:
      - max-age=31536000; includeSubDomains
      transfer-encoding:
      - chunked
      vary:
      - Accept-Encoding
      x-content-type-options:
      - nosniff
      x-ms-ratelimit-remaining-resource:
      - Microsoft.Compute/LowCostGet3Min;14978,Microsoft.Compute/LowCostGet30Min;119939
    status:
      code: 200
      message: OK
- request:
    body: null
    headers:
      Accept:
      - application/json
      Accept-Encoding:
      - gzip, deflate
      CommandName:
      - keyvault set-policy
      Connection:
      - keep-alive
      ParameterSetName:
      - -n --object-id --key-permissions
      User-Agent:
      - AZURECLI/2.25.0 azsdk-python-azure-mgmt-keyvault/9.0.0 Python/3.7.9 (Windows-10-10.0.19041-SP0)
    method: GET
    uri: https://management.azure.com/subscriptions/00000000-0000-0000-0000-000000000000/resources?$filter=resourceType%20eq%20%27Microsoft.KeyVault%2Fvaults%27&api-version=2015-11-01
  response:
    body:
      string: '{"value":[{"id":"/subscriptions/00000000-0000-0000-0000-000000000000/resourceGroups/azps-test-group/providers/Microsoft.KeyVault/vaults/azps-test-kv2","name":"azps-test-kv2","type":"Microsoft.KeyVault/vaults","location":"eastus","tags":{}},{"id":"/subscriptions/00000000-0000-0000-0000-000000000000/resourceGroups/azps-test-group/providers/Microsoft.KeyVault/vaults/azps-test-kv4","name":"azps-test-kv4","type":"Microsoft.KeyVault/vaults","location":"southcentralus","tags":{}},{"id":"/subscriptions/00000000-0000-0000-0000-000000000000/resourceGroups/cli_test_disk_encryption_set_disk_update_000001/providers/Microsoft.KeyVault/vaults/vault3-000002","name":"vault3-000002","type":"Microsoft.KeyVault/vaults","location":"westcentralus","tags":{}},{"id":"/subscriptions/00000000-0000-0000-0000-000000000000/resourceGroups/clitest.rgwxdbwha5ked7lfwj34yg2yqwejzp25yqa3gyneiia3wcbhaushztazpx56bmniier/providers/Microsoft.KeyVault/vaults/vault-mrqdeslfayuoif","name":"vault-mrqdeslfayuoif","type":"Microsoft.KeyVault/vaults","location":"westus","tags":{}},{"id":"/subscriptions/00000000-0000-0000-0000-000000000000/resourceGroups/fytest/providers/Microsoft.KeyVault/vaults/vault1569","name":"vault1569","type":"Microsoft.KeyVault/vaults","location":"centraluseuap","tags":{}},{"id":"/subscriptions/00000000-0000-0000-0000-000000000000/resourceGroups/jiasli-cli-dev/providers/Microsoft.KeyVault/vaults/cli-sni-kv","name":"cli-sni-kv","type":"Microsoft.KeyVault/vaults","location":"westus","tags":{}},{"id":"/subscriptions/00000000-0000-0000-0000-000000000000/resourceGroups/ljin-test/providers/Microsoft.KeyVault/vaults/kv-ljin-sni","name":"kv-ljin-sni","type":"Microsoft.KeyVault/vaults","location":"eastus","tags":{}}]}'
    headers:
      cache-control:
      - no-cache
      content-length:
      - '1757'
      content-type:
      - application/json; charset=utf-8
      date:
      - Mon, 21 Jun 2021 02:59:17 GMT
      expires:
      - '-1'
      pragma:
      - no-cache
      strict-transport-security:
      - max-age=31536000; includeSubDomains
      vary:
      - Accept-Encoding
      x-content-type-options:
      - nosniff
    status:
      code: 200
      message: OK
- request:
    body: null
    headers:
      Accept:
      - application/json
      Accept-Encoding:
      - gzip, deflate
      CommandName:
      - keyvault set-policy
      Connection:
      - keep-alive
      ParameterSetName:
      - -n --object-id --key-permissions
      User-Agent:
      - AZURECLI/2.25.0 azsdk-python-azure-mgmt-keyvault/9.0.0 Python/3.7.9 (Windows-10-10.0.19041-SP0)
    method: GET
    uri: https://management.azure.com/subscriptions/00000000-0000-0000-0000-000000000000/resourceGroups/cli_test_disk_encryption_set_disk_update_000001/providers/Microsoft.KeyVault/vaults/vault3-000002?api-version=2021-04-01-preview
  response:
    body:
      string: '{"id":"/subscriptions/00000000-0000-0000-0000-000000000000/resourceGroups/cli_test_disk_encryption_set_disk_update_000001/providers/Microsoft.KeyVault/vaults/vault3-000002","name":"vault3-000002","type":"Microsoft.KeyVault/vaults","location":"westcentralus","tags":{},"systemData":{"createdBy":"yishiwang@microsoft.com","createdByType":"User","createdAt":"1970-01-19T19:10:44.278Z","lastModifiedBy":"yishiwang@microsoft.com","lastModifiedByType":"User","lastModifiedAt":"1970-01-19T19:10:44.278Z"},"properties":{"sku":{"family":"A","name":"standard"},"tenantId":"54826b22-38d6-4fb2-bad9-b7b93a3e9c5a","accessPolicies":[{"tenantId":"54826b22-38d6-4fb2-bad9-b7b93a3e9c5a","objectId":"3707fb2f-ac10-4591-a04f-8b0d786ea37d","permissions":{"keys":["get","create","delete","list","update","import","backup","restore","recover"],"secrets":["get","list","set","delete","backup","restore","recover"],"certificates":["get","list","delete","create","import","update","managecontacts","getissuers","listissuers","setissuers","deleteissuers","manageissuers","recover"],"storage":["get","list","delete","set","update","regeneratekey","setsas","listsas","getsas","deletesas"]}}],"enabledForDeployment":false,"enableSoftDelete":true,"softDeleteRetentionInDays":7,"enablePurgeProtection":true,"vaultUri":"https://vault3-000002.vault.azure.net/","provisioningState":"Succeeded"}}'
    headers:
      cache-control:
      - no-cache
      content-length:
      - '1410'
      content-type:
      - application/json; charset=utf-8
      date:
      - Mon, 21 Jun 2021 02:59:19 GMT
      expires:
      - '-1'
      pragma:
      - no-cache
      server:
      - Microsoft-IIS/10.0
      strict-transport-security:
      - max-age=31536000; includeSubDomains
      transfer-encoding:
      - chunked
      vary:
      - Accept-Encoding
      x-aspnet-version:
      - 4.0.30319
      x-content-type-options:
      - nosniff
      x-ms-keyvault-service-version:
      - 1.5.23.0
      x-powered-by:
      - ASP.NET
    status:
      code: 200
      message: OK
- request:
    body: '{"location": "westcentralus", "tags": {}, "properties": {"tenantId": "54826b22-38d6-4fb2-bad9-b7b93a3e9c5a",
      "sku": {"family": "A", "name": "standard"}, "accessPolicies": [{"tenantId":
      "54826b22-38d6-4fb2-bad9-b7b93a3e9c5a", "objectId": "3707fb2f-ac10-4591-a04f-8b0d786ea37d",
      "permissions": {"keys": ["get", "create", "delete", "list", "update", "import",
      "backup", "restore", "recover"], "secrets": ["get", "list", "set", "delete",
      "backup", "restore", "recover"], "certificates": ["get", "list", "delete", "create",
      "import", "update", "managecontacts", "getissuers", "listissuers", "setissuers",
      "deleteissuers", "manageissuers", "recover"], "storage": ["get", "list", "delete",
      "set", "update", "regeneratekey", "setsas", "listsas", "getsas", "deletesas"]}},
      {"tenantId": "54826b22-38d6-4fb2-bad9-b7b93a3e9c5a", "objectId": "cdc0a8ff-e8af-4371-b0fb-676f2e720058",
      "permissions": {"keys": ["get", "wrapKey", "unwrapKey"]}}], "vaultUri": "https://vault3-000002.vault.azure.net/",
      "enabledForDeployment": false, "enableSoftDelete": true, "softDeleteRetentionInDays":
      7, "enablePurgeProtection": true, "provisioningState": "Succeeded"}}'
    headers:
      Accept:
      - application/json
      Accept-Encoding:
      - gzip, deflate
      CommandName:
      - keyvault set-policy
      Connection:
      - keep-alive
      Content-Length:
      - '1144'
      Content-Type:
      - application/json
      ParameterSetName:
      - -n --object-id --key-permissions
      User-Agent:
      - AZURECLI/2.25.0 azsdk-python-azure-mgmt-keyvault/9.0.0 Python/3.7.9 (Windows-10-10.0.19041-SP0)
    method: PUT
    uri: https://management.azure.com/subscriptions/00000000-0000-0000-0000-000000000000/resourceGroups/cli_test_disk_encryption_set_disk_update_000001/providers/Microsoft.KeyVault/vaults/vault3-000002?api-version=2021-04-01-preview
  response:
    body:
      string: '{"id":"/subscriptions/00000000-0000-0000-0000-000000000000/resourceGroups/cli_test_disk_encryption_set_disk_update_000001/providers/Microsoft.KeyVault/vaults/vault3-000002","name":"vault3-000002","type":"Microsoft.KeyVault/vaults","location":"westcentralus","tags":{},"systemData":{"createdBy":"yishiwang@microsoft.com","createdByType":"User","createdAt":"1970-01-19T19:10:44.278Z","lastModifiedBy":"yishiwang@microsoft.com","lastModifiedByType":"User","lastModifiedAt":"1970-01-19T19:10:44.36Z"},"properties":{"sku":{"family":"A","name":"standard"},"tenantId":"54826b22-38d6-4fb2-bad9-b7b93a3e9c5a","accessPolicies":[{"tenantId":"54826b22-38d6-4fb2-bad9-b7b93a3e9c5a","objectId":"3707fb2f-ac10-4591-a04f-8b0d786ea37d","permissions":{"keys":["get","create","delete","list","update","import","backup","restore","recover"],"secrets":["get","list","set","delete","backup","restore","recover"],"certificates":["get","list","delete","create","import","update","managecontacts","getissuers","listissuers","setissuers","deleteissuers","manageissuers","recover"],"storage":["get","list","delete","set","update","regeneratekey","setsas","listsas","getsas","deletesas"]}},{"tenantId":"54826b22-38d6-4fb2-bad9-b7b93a3e9c5a","objectId":"cdc0a8ff-e8af-4371-b0fb-676f2e720058","permissions":{"keys":["get","wrapKey","unwrapKey"]}}],"enabledForDeployment":false,"enableSoftDelete":true,"softDeleteRetentionInDays":7,"enablePurgeProtection":true,"vaultUri":"https://vault3-000002.vault.azure.net/","provisioningState":"Succeeded"}}'
    headers:
      cache-control:
      - no-cache
      content-length:
      - '1564'
      content-type:
      - application/json; charset=utf-8
      date:
      - Mon, 21 Jun 2021 02:59:19 GMT
      expires:
      - '-1'
      pragma:
      - no-cache
      server:
      - Microsoft-IIS/10.0
      strict-transport-security:
      - max-age=31536000; includeSubDomains
      transfer-encoding:
      - chunked
      vary:
      - Accept-Encoding
      x-aspnet-version:
      - 4.0.30319
      x-content-type-options:
      - nosniff
      x-ms-keyvault-service-version:
      - 1.5.23.0
      x-ms-ratelimit-remaining-subscription-writes:
      - '1199'
      x-powered-by:
      - ASP.NET
    status:
      code: 200
      message: OK
- request:
    body: null
    headers:
      Accept:
      - application/json
      Accept-Encoding:
      - gzip, deflate
      CommandName:
      - role assignment create
      Connection:
      - keep-alive
      ParameterSetName:
      - --assignee --role --scope
      User-Agent:
      - python/3.7.9 (Windows-10-10.0.19041-SP0) msrest/0.6.21 msrest_azure/0.6.3
        azure-graphrbac/0.60.0 Azure-SDK-For-Python AZURECLI/2.25.0
      accept-language:
      - en-US
    method: GET
    uri: https://graph.windows.net/00000000-0000-0000-0000-000000000000/servicePrincipals?$filter=servicePrincipalNames%2Fany%28c%3Ac%20eq%20%27cdc0a8ff-e8af-4371-b0fb-676f2e720058%27%29&api-version=1.6
  response:
    body:
      string: '{"odata.metadata":"https://graph.windows.net/00000000-0000-0000-0000-000000000000/$metadata#directoryObjects","value":[]}'
    headers:
      access-control-allow-origin:
      - '*'
      cache-control:
      - no-cache
      content-length:
      - '121'
      content-type:
      - application/json; odata=minimalmetadata; streaming=true; charset=utf-8
      dataserviceversion:
      - 3.0;
      date:
      - Mon, 21 Jun 2021 02:59:35 GMT
      duration:
      - '2490090'
      expires:
      - '-1'
      ocp-aad-diagnostics-server-name:
      - +uT1YXn6cAUpA24+xAstgKiiekokPvFFflSrScW+uR0=
      ocp-aad-session-key:
      - AbEqYN1xIBVi4Sm25vBqyUb8IEQtxslDC_69FXFcNnOzKClE8ZJ5BAhBAlVmge9a382QSOeRi-qHKx5ttUMzy3rqzeJUe7zS0x3OnRn7d5O_4iwdQ3DPJmauowGMhZsA.pPAe-WhRgyOD9e2sp9VdvXR8L0JEB8BuOEUhBeXWMU0
      pragma:
      - no-cache
      request-id:
      - bf5906ba-c321-4764-bfbc-4fd15fe9a136
      strict-transport-security:
      - max-age=31536000; includeSubDomains
      x-aspnet-version:
      - 4.0.30319
      x-ms-dirapi-data-contract-version:
      - '1.6'
      x-ms-resource-unit:
      - '1'
      x-powered-by:
      - ASP.NET
    status:
      code: 200
      message: OK
- request:
    body: '{"objectIds": ["cdc0a8ff-e8af-4371-b0fb-676f2e720058"], "includeDirectoryObjectReferences":
      true}'
    headers:
      Accept:
      - application/json
      Accept-Encoding:
      - gzip, deflate
      CommandName:
      - role assignment create
      Connection:
      - keep-alive
      Content-Length:
      - '97'
      Content-Type:
      - application/json; charset=utf-8
      ParameterSetName:
      - --assignee --role --scope
      User-Agent:
      - python/3.7.9 (Windows-10-10.0.19041-SP0) msrest/0.6.21 msrest_azure/0.6.3
        azure-graphrbac/0.60.0 Azure-SDK-For-Python AZURECLI/2.25.0
      accept-language:
      - en-US
    method: POST
    uri: https://graph.windows.net/00000000-0000-0000-0000-000000000000/getObjectsByObjectIds?api-version=1.6
  response:
    body:
      string: '{"odata.metadata":"https://graph.windows.net/00000000-0000-0000-0000-000000000000/$metadata#directoryObjects","value":[{"odata.type":"Microsoft.DirectoryServices.ServicePrincipal","objectType":"ServicePrincipal","objectId":"cdc0a8ff-e8af-4371-b0fb-676f2e720058","deletionTimestamp":null,"accountEnabled":true,"addIns":[],"alternativeNames":["isExplicit=False","/subscriptions/00000000-0000-0000-0000-000000000000/resourcegroups/cli_test_disk_encryption_set_disk_update_000001/providers/Microsoft.Compute/diskEncryptionSets/des1-000004"],"appDisplayName":null,"appId":"2d109cdc-0083-4548-bd27-9d135aeebaa1","applicationTemplateId":null,"appOwnerTenantId":null,"appRoleAssignmentRequired":false,"appRoles":[],"displayName":"des1-000004","errorUrl":null,"homepage":null,"informationalUrls":null,"keyCredentials":[{"customKeyIdentifier":"77DBB14890F766321ACCD65A8F7A6366274635E0","endDate":"2021-09-19T02:53:00Z","keyId":"9743150e-9c33-4aac-a3d9-d30c84036509","startDate":"2021-06-21T02:53:00Z","type":"AsymmetricX509Cert","usage":"Verify","value":null}],"logoutUrl":null,"notificationEmailAddresses":[],"oauth2Permissions":[],"passwordCredentials":[],"preferredSingleSignOnMode":null,"preferredTokenSigningKeyEndDateTime":null,"preferredTokenSigningKeyThumbprint":null,"publisherName":null,"replyUrls":[],"samlMetadataUrl":null,"samlSingleSignOnSettings":null,"servicePrincipalNames":["2d109cdc-0083-4548-bd27-9d135aeebaa1","https://identity.azure.net/rCsar95mWnDVbXakhAVy9jLUfJ/cjiPVfGHI1xYOvEs="],"servicePrincipalType":"ManagedIdentity","signInAudience":null,"tags":[],"tokenEncryptionKeyId":null}]}'
    headers:
      access-control-allow-origin:
      - '*'
      cache-control:
      - no-cache
      content-length:
      - '1645'
      content-type:
      - application/json; odata=minimalmetadata; streaming=true; charset=utf-8
      dataserviceversion:
      - 3.0;
      date:
      - Mon, 21 Jun 2021 02:59:35 GMT
      duration:
      - '2747041'
      expires:
      - '-1'
      ocp-aad-diagnostics-server-name:
      - Imr9UhR3lrF/00cHqnTE3d+0hFe97KDbVn6MphTz8tg=
      ocp-aad-session-key:
      - UdB2zb22JGzZH-mUwqMAqyAYCRul9GIYlalgRe3XdchclXE5N_ziNb6zuZluJEKxhA42KnpvQJhWGEbAq63MYVg-XoOMWkzaUnBbokvG_-C3LnnzsMf_GAP7Jt-JsteE.u41DJ6QRjF_l1wCcozf4IOXwtxo3Es--XV1DgQ1Wdlg
      pragma:
      - no-cache
      request-id:
      - 1a884ea8-4124-4551-a047-cc462068f0ef
      strict-transport-security:
      - max-age=31536000; includeSubDomains
      x-aspnet-version:
      - 4.0.30319
      x-ms-dirapi-data-contract-version:
      - '1.6'
      x-ms-resource-unit:
      - '3'
      x-powered-by:
      - ASP.NET
    status:
      code: 200
      message: OK
- request:
    body: null
    headers:
      Accept:
      - application/json
      Accept-Encoding:
      - gzip, deflate
      CommandName:
      - role assignment create
      Connection:
      - keep-alive
      ParameterSetName:
      - --assignee --role --scope
      User-Agent:
      - python/3.7.9 (Windows-10-10.0.19041-SP0) msrest/0.6.21 msrest_azure/0.6.3
        azure-mgmt-authorization/0.61.0 Azure-SDK-For-Python AZURECLI/2.25.0
      accept-language:
      - en-US
    method: GET
    uri: https://management.azure.com/subscriptions/00000000-0000-0000-0000-000000000000/resourceGroups/cli_test_disk_encryption_set_disk_update_000001/providers/Microsoft.KeyVault/vaults/vault3-000002/providers/Microsoft.Authorization/roleDefinitions?$filter=roleName%20eq%20%27Reader%27&api-version=2018-01-01-preview
  response:
    body:
      string: '{"value":[{"properties":{"roleName":"Reader","type":"BuiltInRole","description":"View
        all resources, but does not allow you to make any changes.","assignableScopes":["/"],"permissions":[{"actions":["*/read"],"notActions":[],"dataActions":[],"notDataActions":[]}],"createdOn":"2015-02-02T21:55:09.8806423Z","updatedOn":"2020-08-14T20:16:04.3791205Z","createdBy":null,"updatedBy":null},"id":"/subscriptions/00000000-0000-0000-0000-000000000000/providers/Microsoft.Authorization/roleDefinitions/acdd72a7-3385-48ef-bd42-f606fba81ae7","type":"Microsoft.Authorization/roleDefinitions","name":"acdd72a7-3385-48ef-bd42-f606fba81ae7"}]}'
    headers:
      cache-control:
      - no-cache
      content-length:
      - '627'
      content-type:
      - application/json; charset=utf-8
      date:
      - Mon, 21 Jun 2021 02:59:36 GMT
      expires:
      - '-1'
      pragma:
      - no-cache
      set-cookie:
      - x-ms-gateway-slice=Production; path=/; secure; samesite=none; httponly
      strict-transport-security:
      - max-age=31536000; includeSubDomains
      transfer-encoding:
      - chunked
      vary:
      - Accept-Encoding
      x-content-type-options:
      - nosniff
    status:
      code: 200
      message: OK
- request:
    body: '{"properties": {"roleDefinitionId": "/subscriptions/00000000-0000-0000-0000-000000000000/providers/Microsoft.Authorization/roleDefinitions/acdd72a7-3385-48ef-bd42-f606fba81ae7",
      "principalId": "cdc0a8ff-e8af-4371-b0fb-676f2e720058", "principalType": "ServicePrincipal"}}'
    headers:
      Accept:
      - application/json
      Accept-Encoding:
      - gzip, deflate
      CommandName:
      - role assignment create
      Connection:
      - keep-alive
      Content-Length:
      - '270'
      Content-Type:
      - application/json; charset=utf-8
      Cookie:
      - x-ms-gateway-slice=Production
      ParameterSetName:
      - --assignee --role --scope
      User-Agent:
      - python/3.7.9 (Windows-10-10.0.19041-SP0) msrest/0.6.21 msrest_azure/0.6.3
        azure-mgmt-authorization/0.61.0 Azure-SDK-For-Python AZURECLI/2.25.0
      accept-language:
      - en-US
    method: PUT
    uri: https://management.azure.com/subscriptions/00000000-0000-0000-0000-000000000000/resourceGroups/cli_test_disk_encryption_set_disk_update_000001/providers/Microsoft.KeyVault/vaults/vault3-000002/providers/Microsoft.Authorization/roleAssignments/88888888-0000-0000-0000-000000000001?api-version=2020-04-01-preview
  response:
    body:
      string: '{"properties":{"roleDefinitionId":"/subscriptions/00000000-0000-0000-0000-000000000000/providers/Microsoft.Authorization/roleDefinitions/acdd72a7-3385-48ef-bd42-f606fba81ae7","principalId":"cdc0a8ff-e8af-4371-b0fb-676f2e720058","principalType":"ServicePrincipal","scope":"/subscriptions/00000000-0000-0000-0000-000000000000/resourceGroups/cli_test_disk_encryption_set_disk_update_000001/providers/Microsoft.KeyVault/vaults/vault3-000002","condition":null,"conditionVersion":null,"createdOn":"2021-06-21T02:59:36.8887693Z","updatedOn":"2021-06-21T02:59:37.2237762Z","createdBy":null,"updatedBy":"3707fb2f-ac10-4591-a04f-8b0d786ea37d","delegatedManagedIdentityResourceId":null,"description":null},"id":"/subscriptions/00000000-0000-0000-0000-000000000000/resourceGroups/cli_test_disk_encryption_set_disk_update_000001/providers/Microsoft.KeyVault/vaults/vault3-000002/providers/Microsoft.Authorization/roleAssignments/88888888-0000-0000-0000-000000000001","type":"Microsoft.Authorization/roleAssignments","name":"88888888-0000-0000-0000-000000000001"}'
    headers:
      cache-control:
      - no-cache
      content-length:
      - '1119'
      content-type:
      - application/json; charset=utf-8
      date:
      - Mon, 21 Jun 2021 02:59:41 GMT
      expires:
      - '-1'
      pragma:
      - no-cache
      set-cookie:
      - x-ms-gateway-slice=Production; path=/; secure; samesite=none; httponly
      strict-transport-security:
      - max-age=31536000; includeSubDomains
      x-content-type-options:
      - nosniff
      x-ms-ratelimit-remaining-subscription-writes:
      - '1197'
    status:
      code: 201
      message: Created
- request:
    body: null
    headers:
      Accept:
      - application/json
      Accept-Encoding:
      - gzip, deflate
      CommandName:
      - disk create
      Connection:
      - keep-alive
      ParameterSetName:
      - -g -n --size-gb
      User-Agent:
      - AZURECLI/2.25.0 azsdk-python-azure-mgmt-resource/18.0.0 Python/3.7.9 (Windows-10-10.0.19041-SP0)
    method: GET
    uri: https://management.azure.com/subscriptions/00000000-0000-0000-0000-000000000000/resourcegroups/cli_test_disk_encryption_set_disk_update_000001?api-version=2020-10-01
  response:
    body:
      string: '{"id":"/subscriptions/00000000-0000-0000-0000-000000000000/resourceGroups/cli_test_disk_encryption_set_disk_update_000001","name":"cli_test_disk_encryption_set_disk_update_000001","type":"Microsoft.Resources/resourceGroups","location":"westcentralus","tags":{"product":"azurecli","cause":"automation","date":"2021-06-21T02:57:47Z"},"properties":{"provisioningState":"Succeeded"}}'
    headers:
      cache-control:
      - no-cache
      content-length:
      - '435'
      content-type:
      - application/json; charset=utf-8
      date:
      - Mon, 21 Jun 2021 02:59:56 GMT
      expires:
      - '-1'
      pragma:
      - no-cache
      strict-transport-security:
      - max-age=31536000; includeSubDomains
      vary:
      - Accept-Encoding
      x-content-type-options:
      - nosniff
    status:
      code: 200
      message: OK
- request:
    body: '{"location": "westcentralus", "tags": {}, "sku": {"name": "Premium_LRS"},
      "properties": {"hyperVGeneration": "V1", "creationData": {"createOption": "Empty"},
      "diskSizeGB": 10}}'
    headers:
      Accept:
      - application/json
      Accept-Encoding:
      - gzip, deflate
      CommandName:
      - disk create
      Connection:
      - keep-alive
      Content-Length:
      - '176'
      Content-Type:
      - application/json
      ParameterSetName:
      - -g -n --size-gb
      User-Agent:
      - AZURECLI/2.25.0 azsdk-python-azure-mgmt-compute/21.0.0 Python/3.7.9 (Windows-10-10.0.19041-SP0)
    method: PUT
    uri: https://management.azure.com/subscriptions/00000000-0000-0000-0000-000000000000/resourceGroups/cli_test_disk_encryption_set_disk_update_000001/providers/Microsoft.Compute/disks/disk-000005?api-version=2020-12-01
  response:
    body:
      string: "{\r\n  \"name\": \"disk-000005\",\r\n  \"location\": \"westcentralus\",\r\n
        \ \"tags\": {},\r\n  \"sku\": {\r\n    \"name\": \"Premium_LRS\"\r\n  },\r\n
        \ \"properties\": {\r\n    \"hyperVGeneration\": \"V1\",\r\n    \"creationData\":
        {\r\n      \"createOption\": \"Empty\"\r\n    },\r\n    \"diskSizeGB\": 10,\r\n
        \   \"provisioningState\": \"Updating\",\r\n    \"isArmResource\": true\r\n
        \ }\r\n}"
    headers:
      azure-asyncoperation:
      - https://management.azure.com/subscriptions/00000000-0000-0000-0000-000000000000/providers/Microsoft.Compute/locations/westcentralus/DiskOperations/c6aa7ac4-a259-42e2-8096-ed59ca8c397e?api-version=2020-12-01
      cache-control:
      - no-cache
      content-length:
      - '336'
      content-type:
      - application/json; charset=utf-8
      date:
      - Mon, 21 Jun 2021 03:00:02 GMT
      expires:
      - '-1'
      location:
      - https://management.azure.com/subscriptions/00000000-0000-0000-0000-000000000000/providers/Microsoft.Compute/locations/westcentralus/DiskOperations/c6aa7ac4-a259-42e2-8096-ed59ca8c397e?monitor=true&api-version=2020-12-01
      pragma:
      - no-cache
      server:
      - Microsoft-HTTPAPI/2.0
      - Microsoft-HTTPAPI/2.0
      strict-transport-security:
      - max-age=31536000; includeSubDomains
      x-content-type-options:
      - nosniff
      x-ms-ratelimit-remaining-resource:
      - Microsoft.Compute/CreateUpdateDisks3Min;999,Microsoft.Compute/CreateUpdateDisks30Min;7998
      x-ms-ratelimit-remaining-subscription-writes:
      - '1197'
    status:
      code: 202
      message: Accepted
- request:
    body: null
    headers:
      Accept:
      - '*/*'
      Accept-Encoding:
      - gzip, deflate
      CommandName:
      - disk create
      Connection:
      - keep-alive
      ParameterSetName:
      - -g -n --size-gb
      User-Agent:
      - AZURECLI/2.25.0 azsdk-python-azure-mgmt-compute/21.0.0 Python/3.7.9 (Windows-10-10.0.19041-SP0)
    method: GET
    uri: https://management.azure.com/subscriptions/00000000-0000-0000-0000-000000000000/providers/Microsoft.Compute/locations/westcentralus/DiskOperations/c6aa7ac4-a259-42e2-8096-ed59ca8c397e?api-version=2020-12-01
  response:
    body:
      string: "{\r\n  \"startTime\": \"2021-06-21T03:00:02.631262+00:00\",\r\n  \"endTime\":
        \"2021-06-21T03:00:02.7406331+00:00\",\r\n  \"status\": \"Succeeded\",\r\n
        \ \"properties\": {\r\n    \"output\": {\r\n  \"name\": \"disk-000005\",\r\n
        \ \"id\": \"/subscriptions/00000000-0000-0000-0000-000000000000/resourceGroups/cli_test_disk_encryption_set_disk_update_000001/providers/Microsoft.Compute/disks/disk-000005\",\r\n
        \ \"type\": \"Microsoft.Compute/disks\",\r\n  \"location\": \"westcentralus\",\r\n
        \ \"tags\": {},\r\n  \"sku\": {\r\n    \"name\": \"Premium_LRS\",\r\n    \"tier\":
        \"Premium\"\r\n  },\r\n  \"properties\": {\r\n    \"hyperVGeneration\": \"V1\",\r\n
        \   \"creationData\": {\r\n      \"createOption\": \"Empty\"\r\n    },\r\n
        \   \"diskSizeGB\": 10,\r\n    \"diskIOPSReadWrite\": 120,\r\n    \"diskMBpsReadWrite\":
        25,\r\n    \"encryption\": {\r\n      \"type\": \"EncryptionAtRestWithPlatformKey\"\r\n
        \   },\r\n    \"timeCreated\": \"2021-06-21T03:00:02.64686+00:00\",\r\n    \"provisioningState\":
        \"Succeeded\",\r\n    \"diskState\": \"Unattached\",\r\n    \"diskSizeBytes\":
        10737418240,\r\n    \"uniqueId\": \"0c32063a-91c5-4087-8fea-8245cd325c8e\",\r\n
        \   \"networkAccessPolicy\": \"AllowAll\",\r\n    \"tier\": \"P3\"\r\n  }\r\n}\r\n
        \ },\r\n  \"name\": \"c6aa7ac4-a259-42e2-8096-ed59ca8c397e\"\r\n}"
    headers:
      cache-control:
      - no-cache
      content-length:
      - '1182'
      content-type:
      - application/json; charset=utf-8
      date:
      - Mon, 21 Jun 2021 03:00:04 GMT
      expires:
      - '-1'
      pragma:
      - no-cache
      server:
      - Microsoft-HTTPAPI/2.0
      - Microsoft-HTTPAPI/2.0
      strict-transport-security:
      - max-age=31536000; includeSubDomains
      transfer-encoding:
      - chunked
      vary:
      - Accept-Encoding
      x-content-type-options:
      - nosniff
      x-ms-ratelimit-remaining-resource:
      - Microsoft.Compute/GetOperation3Min;49996,Microsoft.Compute/GetOperation30Min;399977
    status:
      code: 200
      message: OK
- request:
    body: null
    headers:
      Accept:
      - '*/*'
      Accept-Encoding:
      - gzip, deflate
      CommandName:
      - disk create
      Connection:
      - keep-alive
      ParameterSetName:
      - -g -n --size-gb
      User-Agent:
      - AZURECLI/2.25.0 azsdk-python-azure-mgmt-compute/21.0.0 Python/3.7.9 (Windows-10-10.0.19041-SP0)
    method: GET
    uri: https://management.azure.com/subscriptions/00000000-0000-0000-0000-000000000000/resourceGroups/cli_test_disk_encryption_set_disk_update_000001/providers/Microsoft.Compute/disks/disk-000005?api-version=2020-12-01
  response:
    body:
      string: "{\r\n  \"name\": \"disk-000005\",\r\n  \"id\": \"/subscriptions/00000000-0000-0000-0000-000000000000/resourceGroups/cli_test_disk_encryption_set_disk_update_000001/providers/Microsoft.Compute/disks/disk-000005\",\r\n
        \ \"type\": \"Microsoft.Compute/disks\",\r\n  \"location\": \"westcentralus\",\r\n
        \ \"tags\": {},\r\n  \"sku\": {\r\n    \"name\": \"Premium_LRS\",\r\n    \"tier\":
        \"Premium\"\r\n  },\r\n  \"properties\": {\r\n    \"hyperVGeneration\": \"V1\",\r\n
        \   \"creationData\": {\r\n      \"createOption\": \"Empty\"\r\n    },\r\n
        \   \"diskSizeGB\": 10,\r\n    \"diskIOPSReadWrite\": 120,\r\n    \"diskMBpsReadWrite\":
        25,\r\n    \"encryption\": {\r\n      \"type\": \"EncryptionAtRestWithPlatformKey\"\r\n
        \   },\r\n    \"timeCreated\": \"2021-06-21T03:00:02.64686+00:00\",\r\n    \"provisioningState\":
        \"Succeeded\",\r\n    \"diskState\": \"Unattached\",\r\n    \"diskSizeBytes\":
        10737418240,\r\n    \"uniqueId\": \"0c32063a-91c5-4087-8fea-8245cd325c8e\",\r\n
        \   \"networkAccessPolicy\": \"AllowAll\",\r\n    \"tier\": \"P3\"\r\n  }\r\n}"
    headers:
      cache-control:
      - no-cache
      content-length:
      - '958'
      content-type:
      - application/json; charset=utf-8
      date:
      - Mon, 21 Jun 2021 03:00:05 GMT
      expires:
      - '-1'
      pragma:
      - no-cache
      server:
      - Microsoft-HTTPAPI/2.0
      - Microsoft-HTTPAPI/2.0
      strict-transport-security:
      - max-age=31536000; includeSubDomains
      transfer-encoding:
      - chunked
      vary:
      - Accept-Encoding
      x-content-type-options:
      - nosniff
      x-ms-ratelimit-remaining-resource:
      - Microsoft.Compute/LowCostGet3Min;14989,Microsoft.Compute/LowCostGet30Min;119938
    status:
      code: 200
      message: OK
- request:
    body: null
    headers:
      Accept:
      - application/json
      Accept-Encoding:
      - gzip, deflate
      CommandName:
      - disk update
      Connection:
      - keep-alive
      ParameterSetName:
      - -g -n --disk-encryption-set --encryption-type
      User-Agent:
      - AZURECLI/2.25.0 azsdk-python-azure-mgmt-compute/21.0.0 Python/3.7.9 (Windows-10-10.0.19041-SP0)
    method: GET
    uri: https://management.azure.com/subscriptions/00000000-0000-0000-0000-000000000000/resourceGroups/cli_test_disk_encryption_set_disk_update_000001/providers/Microsoft.Compute/disks/disk-000005?api-version=2020-12-01
  response:
    body:
      string: "{\r\n  \"name\": \"disk-000005\",\r\n  \"id\": \"/subscriptions/00000000-0000-0000-0000-000000000000/resourceGroups/cli_test_disk_encryption_set_disk_update_000001/providers/Microsoft.Compute/disks/disk-000005\",\r\n
        \ \"type\": \"Microsoft.Compute/disks\",\r\n  \"location\": \"westcentralus\",\r\n
        \ \"tags\": {},\r\n  \"sku\": {\r\n    \"name\": \"Premium_LRS\",\r\n    \"tier\":
        \"Premium\"\r\n  },\r\n  \"properties\": {\r\n    \"hyperVGeneration\": \"V1\",\r\n
        \   \"creationData\": {\r\n      \"createOption\": \"Empty\"\r\n    },\r\n
        \   \"diskSizeGB\": 10,\r\n    \"diskIOPSReadWrite\": 120,\r\n    \"diskMBpsReadWrite\":
        25,\r\n    \"encryption\": {\r\n      \"type\": \"EncryptionAtRestWithPlatformKey\"\r\n
        \   },\r\n    \"timeCreated\": \"2021-06-21T03:00:02.64686+00:00\",\r\n    \"provisioningState\":
        \"Succeeded\",\r\n    \"diskState\": \"Unattached\",\r\n    \"diskSizeBytes\":
        10737418240,\r\n    \"uniqueId\": \"0c32063a-91c5-4087-8fea-8245cd325c8e\",\r\n
        \   \"networkAccessPolicy\": \"AllowAll\",\r\n    \"tier\": \"P3\"\r\n  }\r\n}"
    headers:
      cache-control:
      - no-cache
      content-length:
      - '958'
      content-type:
      - application/json; charset=utf-8
      date:
      - Mon, 21 Jun 2021 03:00:06 GMT
      expires:
      - '-1'
      pragma:
      - no-cache
      server:
      - Microsoft-HTTPAPI/2.0
      - Microsoft-HTTPAPI/2.0
      strict-transport-security:
      - max-age=31536000; includeSubDomains
      transfer-encoding:
      - chunked
      vary:
      - Accept-Encoding
      x-content-type-options:
      - nosniff
      x-ms-ratelimit-remaining-resource:
      - Microsoft.Compute/LowCostGet3Min;14988,Microsoft.Compute/LowCostGet30Min;119937
    status:
      code: 200
      message: OK
- request:
    body: '{"location": "westcentralus", "tags": {}, "sku": {"name": "Premium_LRS"},
      "properties": {"hyperVGeneration": "V1", "creationData": {"createOption": "Empty"},
      "diskSizeGB": 10, "diskIOPSReadWrite": 120, "diskMBpsReadWrite": 25, "encryption":
      {"diskEncryptionSetId": "/subscriptions/00000000-0000-0000-0000-000000000000/resourceGroups/cli_test_disk_encryption_set_disk_update_000001/providers/Microsoft.Compute/diskEncryptionSets/des1-000004",
      "type": "EncryptionAtRestWithCustomerKey"}, "networkAccessPolicy": "AllowAll",
      "tier": "P3"}}'
    headers:
      Accept:
      - application/json
      Accept-Encoding:
      - gzip, deflate
      CommandName:
      - disk update
      Connection:
      - keep-alive
      Content-Length:
      - '572'
      Content-Type:
      - application/json
      ParameterSetName:
      - -g -n --disk-encryption-set --encryption-type
      User-Agent:
      - AZURECLI/2.25.0 azsdk-python-azure-mgmt-compute/21.0.0 Python/3.7.9 (Windows-10-10.0.19041-SP0)
    method: PUT
    uri: https://management.azure.com/subscriptions/00000000-0000-0000-0000-000000000000/resourceGroups/cli_test_disk_encryption_set_disk_update_000001/providers/Microsoft.Compute/disks/disk-000005?api-version=2020-12-01
  response:
    body:
      string: "{\r\n  \"name\": \"disk-000005\",\r\n  \"location\": \"westcentralus\",\r\n
        \ \"tags\": {},\r\n  \"sku\": {\r\n    \"name\": \"Premium_LRS\"\r\n  },\r\n
        \ \"properties\": {\r\n    \"hyperVGeneration\": \"V1\",\r\n    \"creationData\":
        {\r\n      \"createOption\": \"Empty\"\r\n    },\r\n    \"diskSizeGB\": 10,\r\n
        \   \"encryption\": {\r\n      \"type\": \"EncryptionAtRestWithCustomerKey\",\r\n
        \     \"diskEncryptionSetId\": \"/subscriptions/00000000-0000-0000-0000-000000000000/resourceGroups/cli_test_disk_encryption_set_disk_update_000001/providers/Microsoft.Compute/diskEncryptionSets/des1-000004\"\r\n
        \   },\r\n    \"provisioningState\": \"Updating\",\r\n    \"isArmResource\":
        true,\r\n    \"networkAccessPolicy\": \"AllowAll\",\r\n    \"tier\": \"P3\"\r\n
        \ }\r\n}"
    headers:
      azure-asyncoperation:
      - https://management.azure.com/subscriptions/00000000-0000-0000-0000-000000000000/providers/Microsoft.Compute/locations/westcentralus/DiskOperations/31b9e4c8-6e3a-4d6e-9e70-c9067333cc87?api-version=2020-12-01
      cache-control:
      - no-cache
      content-length:
      - '717'
      content-type:
      - application/json; charset=utf-8
      date:
      - Mon, 21 Jun 2021 03:00:09 GMT
      expires:
      - '-1'
      location:
      - https://management.azure.com/subscriptions/00000000-0000-0000-0000-000000000000/providers/Microsoft.Compute/locations/westcentralus/DiskOperations/31b9e4c8-6e3a-4d6e-9e70-c9067333cc87?monitor=true&api-version=2020-12-01
      pragma:
      - no-cache
      server:
      - Microsoft-HTTPAPI/2.0
      - Microsoft-HTTPAPI/2.0
      strict-transport-security:
      - max-age=31536000; includeSubDomains
      x-content-type-options:
      - nosniff
      x-ms-ratelimit-remaining-resource:
      - Microsoft.Compute/CreateUpdateDisks3Min;998,Microsoft.Compute/CreateUpdateDisks30Min;7997
      x-ms-ratelimit-remaining-subscription-writes:
      - '1199'
    status:
      code: 202
      message: Accepted
- request:
    body: null
    headers:
      Accept:
      - '*/*'
      Accept-Encoding:
      - gzip, deflate
      CommandName:
      - disk update
      Connection:
      - keep-alive
      ParameterSetName:
      - -g -n --disk-encryption-set --encryption-type
      User-Agent:
      - AZURECLI/2.25.0 azsdk-python-azure-mgmt-compute/21.0.0 Python/3.7.9 (Windows-10-10.0.19041-SP0)
    method: GET
    uri: https://management.azure.com/subscriptions/00000000-0000-0000-0000-000000000000/providers/Microsoft.Compute/locations/westcentralus/DiskOperations/31b9e4c8-6e3a-4d6e-9e70-c9067333cc87?api-version=2020-12-01
  response:
    body:
      string: "{\r\n  \"startTime\": \"2021-06-21T03:00:09.1469443+00:00\",\r\n  \"endTime\":
        \"2021-06-21T03:00:09.8187812+00:00\",\r\n  \"status\": \"Succeeded\",\r\n
        \ \"properties\": {\r\n    \"output\": {\r\n  \"name\": \"disk-000005\",\r\n
        \ \"id\": \"/subscriptions/00000000-0000-0000-0000-000000000000/resourceGroups/cli_test_disk_encryption_set_disk_update_000001/providers/Microsoft.Compute/disks/disk-000005\",\r\n
        \ \"type\": \"Microsoft.Compute/disks\",\r\n  \"location\": \"westcentralus\",\r\n
        \ \"tags\": {},\r\n  \"sku\": {\r\n    \"name\": \"Premium_LRS\",\r\n    \"tier\":
        \"Premium\"\r\n  },\r\n  \"properties\": {\r\n    \"hyperVGeneration\": \"V1\",\r\n
        \   \"creationData\": {\r\n      \"createOption\": \"Empty\"\r\n    },\r\n
        \   \"diskSizeGB\": 10,\r\n    \"diskIOPSReadWrite\": 120,\r\n    \"diskMBpsReadWrite\":
        25,\r\n    \"encryption\": {\r\n      \"type\": \"EncryptionAtRestWithCustomerKey\",\r\n
        \     \"diskEncryptionSetId\": \"/subscriptions/00000000-0000-0000-0000-000000000000/resourceGroups/CLI_TEST_DISK_ENCRYPTION_SET_DISK_UPDATE_PU5QBOQLUQAW6GHCSLXKADG5CCVF4LVZEA/providers/Microsoft.Compute/diskEncryptionSets/des1-000004\"\r\n
        \   },\r\n    \"timeCreated\": \"2021-06-21T03:00:02.64686+00:00\",\r\n    \"provisioningState\":
        \"Succeeded\",\r\n    \"diskState\": \"Unattached\",\r\n    \"diskSizeBytes\":
        10737418240,\r\n    \"uniqueId\": \"0c32063a-91c5-4087-8fea-8245cd325c8e\",\r\n
        \   \"networkAccessPolicy\": \"AllowAll\",\r\n    \"tier\": \"P3\"\r\n  }\r\n}\r\n
        \ },\r\n  \"name\": \"31b9e4c8-6e3a-4d6e-9e70-c9067333cc87\"\r\n}"
    headers:
      cache-control:
      - no-cache
      content-length:
      - '1427'
      content-type:
      - application/json; charset=utf-8
      date:
      - Mon, 21 Jun 2021 03:00:11 GMT
      expires:
      - '-1'
      pragma:
      - no-cache
      server:
      - Microsoft-HTTPAPI/2.0
      - Microsoft-HTTPAPI/2.0
      strict-transport-security:
      - max-age=31536000; includeSubDomains
      transfer-encoding:
      - chunked
      vary:
      - Accept-Encoding
      x-content-type-options:
      - nosniff
      x-ms-ratelimit-remaining-resource:
      - Microsoft.Compute/GetOperation3Min;49994,Microsoft.Compute/GetOperation30Min;399975
    status:
      code: 200
      message: OK
- request:
    body: null
    headers:
      Accept:
      - '*/*'
      Accept-Encoding:
      - gzip, deflate
      CommandName:
      - disk update
      Connection:
      - keep-alive
      ParameterSetName:
      - -g -n --disk-encryption-set --encryption-type
      User-Agent:
      - AZURECLI/2.25.0 azsdk-python-azure-mgmt-compute/21.0.0 Python/3.7.9 (Windows-10-10.0.19041-SP0)
    method: GET
    uri: https://management.azure.com/subscriptions/00000000-0000-0000-0000-000000000000/resourceGroups/cli_test_disk_encryption_set_disk_update_000001/providers/Microsoft.Compute/disks/disk-000005?api-version=2020-12-01
  response:
    body:
      string: "{\r\n  \"name\": \"disk-000005\",\r\n  \"id\": \"/subscriptions/00000000-0000-0000-0000-000000000000/resourceGroups/cli_test_disk_encryption_set_disk_update_000001/providers/Microsoft.Compute/disks/disk-000005\",\r\n
        \ \"type\": \"Microsoft.Compute/disks\",\r\n  \"location\": \"westcentralus\",\r\n
        \ \"tags\": {},\r\n  \"sku\": {\r\n    \"name\": \"Premium_LRS\",\r\n    \"tier\":
        \"Premium\"\r\n  },\r\n  \"properties\": {\r\n    \"hyperVGeneration\": \"V1\",\r\n
        \   \"creationData\": {\r\n      \"createOption\": \"Empty\"\r\n    },\r\n
        \   \"diskSizeGB\": 10,\r\n    \"diskIOPSReadWrite\": 120,\r\n    \"diskMBpsReadWrite\":
        25,\r\n    \"encryption\": {\r\n      \"type\": \"EncryptionAtRestWithCustomerKey\",\r\n
        \     \"diskEncryptionSetId\": \"/subscriptions/00000000-0000-0000-0000-000000000000/resourceGroups/CLI_TEST_DISK_ENCRYPTION_SET_DISK_UPDATE_PU5QBOQLUQAW6GHCSLXKADG5CCVF4LVZEA/providers/Microsoft.Compute/diskEncryptionSets/des1-000004\"\r\n
        \   },\r\n    \"timeCreated\": \"2021-06-21T03:00:02.64686+00:00\",\r\n    \"provisioningState\":
        \"Succeeded\",\r\n    \"diskState\": \"Unattached\",\r\n    \"diskSizeBytes\":
        10737418240,\r\n    \"uniqueId\": \"0c32063a-91c5-4087-8fea-8245cd325c8e\",\r\n
        \   \"networkAccessPolicy\": \"AllowAll\",\r\n    \"tier\": \"P3\"\r\n  }\r\n}"
    headers:
      cache-control:
      - no-cache
      content-length:
      - '1202'
      content-type:
      - application/json; charset=utf-8
      date:
      - Mon, 21 Jun 2021 03:00:12 GMT
      expires:
      - '-1'
      pragma:
      - no-cache
      server:
      - Microsoft-HTTPAPI/2.0
      - Microsoft-HTTPAPI/2.0
      strict-transport-security:
      - max-age=31536000; includeSubDomains
      transfer-encoding:
      - chunked
      vary:
      - Accept-Encoding
      x-content-type-options:
      - nosniff
      x-ms-ratelimit-remaining-resource:
      - Microsoft.Compute/LowCostGet3Min;14986,Microsoft.Compute/LowCostGet30Min;119935
    status:
      code: 200
      message: OK
version: 1
