interactions:
- request:
    body: null
    headers:
      Accept:
      - application/json
      Accept-Encoding:
      - gzip, deflate
      CommandName:
      - vmss create
      Connection:
      - keep-alive
      ParameterSetName:
      - -g -n --image --admin-username --generate-ssh-keys
      User-Agent:
      - AZURECLI/2.36.0 azsdk-python-azure-mgmt-resource/20.0.0 Python/3.8.10 (Windows-10-10.0.22000-SP0)
    method: GET
    uri: https://management.azure.com/subscriptions/00000000-0000-0000-0000-000000000000/resourcegroups/cli_test_vmss_run_command_w_params000001?api-version=2021-04-01
  response:
    body:
      string: '{"id":"/subscriptions/00000000-0000-0000-0000-000000000000/resourceGroups/cli_test_vmss_run_command_w_params000001","name":"cli_test_vmss_run_command_w_params000001","type":"Microsoft.Resources/resourceGroups","location":"westus","tags":{"product":"azurecli","cause":"automation","date":"2022-05-18T10:41:17Z"},"properties":{"provisioningState":"Succeeded"}}'
    headers:
      cache-control:
      - no-cache
      content-length:
      - '358'
      content-type:
      - application/json; charset=utf-8
      date:
      - Wed, 18 May 2022 10:41:20 GMT
      expires:
      - '-1'
      pragma:
      - no-cache
      strict-transport-security:
      - max-age=31536000; includeSubDomains
      vary:
      - Accept-Encoding
      x-content-type-options:
      - nosniff
    status:
      code: 200
      message: OK
- request:
    body: null
    headers:
      Accept:
      - '*/*'
      Accept-Encoding:
      - gzip, deflate
      Connection:
      - keep-alive
      User-Agent:
      - python-requests/2.26.0
    method: GET
    uri: https://raw.githubusercontent.com/Azure/azure-rest-api-specs/main/arm-compute/quickstart-templates/aliases.json
  response:
    body:
      string: "{\n  \"$schema\": \"http://schema.management.azure.com/schemas/2015-01-01/deploymentTemplate.json\",\n
        \ \"contentVersion\": \"1.0.0.0\",\n  \"parameters\": {},\n  \"variables\":
        {},\n  \"resources\": [],\n  \"outputs\": {\n    \"aliases\": {\n      \"type\":
        \"object\",\n      \"value\": {\n        \"Linux\": {\n          \"CentOS\":
        {\n            \"publisher\": \"OpenLogic\",\n            \"offer\": \"CentOS\",\n
        \           \"sku\": \"7.5\",\n            \"version\": \"latest\"\n          },\n
        \         \"Debian\": {\n            \"publisher\": \"Debian\",\n            \"offer\":
        \"debian-10\",\n            \"sku\": \"10\",\n            \"version\": \"latest\"\n
        \         },\n          \"Flatcar\": {\n            \"publisher\": \"kinvolk\",\n
        \           \"offer\": \"flatcar-container-linux-free\",\n            \"sku\":
        \"stable\",\n            \"version\": \"latest\"\n          },\n          \"openSUSE-Leap\":
        {\n            \"publisher\": \"SUSE\",\n            \"offer\": \"opensuse-leap-15-3\",\n
        \           \"sku\": \"gen2\",\n            \"version\": \"latest\"\n          },\n
        \         \"RHEL\": {\n            \"publisher\": \"RedHat\",\n            \"offer\":
        \"RHEL\",\n            \"sku\": \"7-LVM\",\n            \"version\": \"latest\"\n
        \         },\n          \"SLES\": {\n            \"publisher\": \"SUSE\",\n
        \           \"offer\": \"sles-15-sp3\",\n            \"sku\": \"gen2\",\n
        \           \"version\": \"latest\"\n          },\n          \"UbuntuLTS\":
        {\n            \"publisher\": \"Canonical\",\n            \"offer\": \"UbuntuServer\",\n
        \           \"sku\": \"18.04-LTS\",\n            \"version\": \"latest\"\n
        \         }\n        },\n        \"Windows\": {\n          \"Win2022Datacenter\":
        {\n            \"publisher\": \"MicrosoftWindowsServer\",\n            \"offer\":
        \"WindowsServer\",\n            \"sku\": \"2022-Datacenter\",\n            \"version\":
        \"latest\"\n          },\n          \"Win2022AzureEditionCore\": {\n            \"publisher\":
        \"MicrosoftWindowsServer\",\n            \"offer\": \"WindowsServer\",\n            \"sku\":
        \"2022-datacenter-azure-edition-core\",\n            \"version\": \"latest\"\n
        \         },\n          \"Win2019Datacenter\": {\n            \"publisher\":
        \"MicrosoftWindowsServer\",\n            \"offer\": \"WindowsServer\",\n            \"sku\":
        \"2019-Datacenter\",\n            \"version\": \"latest\"\n          },\n
        \         \"Win2016Datacenter\": {\n            \"publisher\": \"MicrosoftWindowsServer\",\n
        \           \"offer\": \"WindowsServer\",\n            \"sku\": \"2016-Datacenter\",\n
        \           \"version\": \"latest\"\n          },\n          \"Win2012R2Datacenter\":
        {\n            \"publisher\": \"MicrosoftWindowsServer\",\n            \"offer\":
        \"WindowsServer\",\n            \"sku\": \"2012-R2-Datacenter\",\n            \"version\":
        \"latest\"\n          },\n          \"Win2012Datacenter\": {\n            \"publisher\":
        \"MicrosoftWindowsServer\",\n            \"offer\": \"WindowsServer\",\n            \"sku\":
        \"2012-Datacenter\",\n            \"version\": \"latest\"\n          },\n
        \         \"Win2008R2SP1\": {\n            \"publisher\": \"MicrosoftWindowsServer\",\n
        \           \"offer\": \"WindowsServer\",\n            \"sku\": \"2008-R2-SP1\",\n
        \           \"version\": \"latest\"\n          }\n        }\n      }\n    }\n
        \ }\n}\n"
    headers:
      accept-ranges:
      - bytes
      access-control-allow-origin:
      - '*'
      cache-control:
      - max-age=300
      connection:
      - keep-alive
      content-length:
      - '2974'
      content-security-policy:
      - default-src 'none'; style-src 'unsafe-inline'; sandbox
      content-type:
      - text/plain; charset=utf-8
      date:
      - Wed, 18 May 2022 10:41:23 GMT
      etag:
      - W/"714b55b3e325c9c936add41807880935e033af5676c36a1ed8ab2e1e476a45f2"
      expires:
      - Wed, 18 May 2022 10:46:23 GMT
      source-age:
      - '0'
      strict-transport-security:
      - max-age=31536000
      vary:
      - Authorization,Accept-Encoding,Origin
      via:
      - 1.1 varnish
      x-cache:
      - HIT
      x-cache-hits:
      - '1'
      x-content-type-options:
      - nosniff
      x-fastly-request-id:
      - 6cc05295ab483211db222f4b841d098d2c79d465
      x-frame-options:
      - deny
      x-github-request-id:
      - 656C:1151:A064A:1010C1:6284AD19
      x-served-by:
      - cache-tyo11975-TYO
      x-timer:
      - S1652870484.791160,VS0,VE146
      x-xss-protection:
      - 1; mode=block
    status:
      code: 200
      message: OK
- request:
    body: null
    headers:
      Accept:
      - application/json
      Accept-Encoding:
      - gzip, deflate
      CommandName:
      - vmss create
      Connection:
      - keep-alive
      ParameterSetName:
      - -g -n --image --admin-username --generate-ssh-keys
      User-Agent:
      - AZURECLI/2.36.0 azsdk-python-azure-mgmt-compute/27.0.0 Python/3.8.10 (Windows-10-10.0.22000-SP0)
    method: GET
    uri: https://management.azure.com/subscriptions/00000000-0000-0000-0000-000000000000/providers/Microsoft.Compute/locations/westus/publishers/Debian/artifacttypes/vmimage/offers/debian-10/skus/10/versions?$top=1&$orderby=name%20desc&api-version=2022-03-01
  response:
    body:
      string: "[\r\n  {\r\n    \"location\": \"westus\",\r\n    \"name\": \"0.20220328.962\",\r\n
        \   \"id\": \"/Subscriptions/00000000-0000-0000-0000-000000000000/Providers/Microsoft.Compute/Locations/westus/Publishers/Debian/ArtifactTypes/VMImage/Offers/debian-10/Skus/10/Versions/0.20220328.962\"\r\n
        \ }\r\n]"
    headers:
      cache-control:
      - no-cache
      content-length:
      - '271'
      content-type:
      - application/json; charset=utf-8
      date:
      - Wed, 18 May 2022 10:41:24 GMT
      expires:
      - '-1'
      pragma:
      - no-cache
      server:
      - Microsoft-HTTPAPI/2.0
      - Microsoft-HTTPAPI/2.0
      strict-transport-security:
      - max-age=31536000; includeSubDomains
      transfer-encoding:
      - chunked
      vary:
      - Accept-Encoding
      x-content-type-options:
      - nosniff
      x-ms-ratelimit-remaining-resource:
      - Microsoft.Compute/ListVMImagesVersionsFromLocation3Min;15996,Microsoft.Compute/ListVMImagesVersionsFromLocation30Min;43985
    status:
      code: 200
      message: OK
- request:
    body: null
    headers:
      Accept:
      - application/json
      Accept-Encoding:
      - gzip, deflate
      CommandName:
      - vmss create
      Connection:
      - keep-alive
      ParameterSetName:
      - -g -n --image --admin-username --generate-ssh-keys
      User-Agent:
      - AZURECLI/2.36.0 azsdk-python-azure-mgmt-compute/27.0.0 Python/3.8.10 (Windows-10-10.0.22000-SP0)
    method: GET
    uri: https://management.azure.com/subscriptions/00000000-0000-0000-0000-000000000000/providers/Microsoft.Compute/locations/westus/publishers/Debian/artifacttypes/vmimage/offers/debian-10/skus/10/versions/0.20220328.962?api-version=2022-03-01
  response:
    body:
      string: "{\r\n  \"properties\": {\r\n    \"hyperVGeneration\": \"V1\",\r\n    \"architecture\":
        \"x64\",\r\n    \"replicaType\": \"Unmanaged\",\r\n    \"disallowed\": {\r\n
        \     \"vmDiskType\": \"None\"\r\n    },\r\n    \"automaticOSUpgradeProperties\":
        {\r\n      \"automaticOSUpgradeSupported\": false\r\n    },\r\n    \"imageDeprecationStatus\":
        {\r\n      \"imageState\": \"Active\"\r\n    },\r\n    \"features\": [\r\n
        \     {\r\n        \"name\": \"IsAcceleratedNetworkSupported\",\r\n        \"value\":
        \"True\"\r\n      }\r\n    ],\r\n    \"osDiskImage\": {\r\n      \"operatingSystem\":
        \"Linux\",\r\n      \"sizeInGb\": 30,\r\n      \"sizeInBytes\": 32212255232\r\n
        \   },\r\n    \"dataDiskImages\": []\r\n  },\r\n  \"location\": \"westus\",\r\n
        \ \"name\": \"0.20220328.962\",\r\n  \"id\": \"/Subscriptions/00000000-0000-0000-0000-000000000000/Providers/Microsoft.Compute/Locations/westus/Publishers/Debian/ArtifactTypes/VMImage/Offers/debian-10/Skus/10/Versions/0.20220328.962\"\r\n}"
    headers:
      cache-control:
      - no-cache
      content-length:
      - '859'
      content-type:
      - application/json; charset=utf-8
      date:
      - Wed, 18 May 2022 10:41:26 GMT
      expires:
      - '-1'
      pragma:
      - no-cache
      server:
      - Microsoft-HTTPAPI/2.0
      - Microsoft-HTTPAPI/2.0
      strict-transport-security:
      - max-age=31536000; includeSubDomains
      transfer-encoding:
      - chunked
      vary:
      - Accept-Encoding
      x-content-type-options:
      - nosniff
      x-ms-ratelimit-remaining-resource:
      - Microsoft.Compute/GetVMImageFromLocation3Min;12998,Microsoft.Compute/GetVMImageFromLocation30Min;73989
    status:
      code: 200
      message: OK
- request:
    body: null
    headers:
      Accept:
      - application/json, text/json
      Accept-Encoding:
      - gzip, deflate
      CommandName:
      - vmss create
      Connection:
      - keep-alive
      ParameterSetName:
      - -g -n --image --admin-username --generate-ssh-keys
      User-Agent:
      - AZURECLI/2.36.0 azsdk-python-azure-mgmt-network/19.3.0 Python/3.8.10 (Windows-10-10.0.22000-SP0)
    method: GET
    uri: https://management.azure.com/subscriptions/00000000-0000-0000-0000-000000000000/resourceGroups/cli_test_vmss_run_command_w_params000001/providers/Microsoft.Network/virtualNetworks?api-version=2018-01-01
  response:
    body:
      string: '{"value":[]}'
    headers:
      cache-control:
      - no-cache
      content-length:
      - '12'
      content-type:
      - application/json; charset=utf-8
      date:
      - Wed, 18 May 2022 10:41:27 GMT
      expires:
      - '-1'
      pragma:
      - no-cache
      strict-transport-security:
      - max-age=31536000; includeSubDomains
      vary:
      - Accept-Encoding
      x-content-type-options:
      - nosniff
    status:
      code: 200
      message: OK
- request:
    body: '{"properties": {"template": {"$schema": "https://schema.management.azure.com/schemas/2015-01-01/deploymentTemplate.json#",
      "contentVersion": "1.0.0.0", "parameters": {}, "variables": {}, "resources":
      [{"name": "test-run-command-vmss2VNET", "type": "Microsoft.Network/virtualNetworks",
      "location": "westus", "apiVersion": "2015-06-15", "dependsOn": [], "tags": {},
      "properties": {"addressSpace": {"addressPrefixes": ["10.0.0.0/16"]}, "subnets":
      [{"name": "test-run-command-vmss2Subnet", "properties": {"addressPrefix": "10.0.0.0/24"}}]}},
      {"apiVersion": "2018-01-01", "type": "Microsoft.Network/publicIPAddresses",
      "name": "test-run-command-vmss2LBPublicIP", "location": "westus", "tags": {},
      "dependsOn": [], "properties": {"publicIPAllocationMethod": "Dynamic"}}, {"type":
      "Microsoft.Network/loadBalancers", "name": "test-run-command-vmss2LB", "location":
      "westus", "tags": {}, "apiVersion": "2018-01-01", "dependsOn": ["Microsoft.Network/virtualNetworks/test-run-command-vmss2VNET",
      "Microsoft.Network/publicIpAddresses/test-run-command-vmss2LBPublicIP"], "properties":
      {"backendAddressPools": [{"name": "test-run-command-vmss2LBBEPool"}], "frontendIPConfigurations":
      [{"name": "loadBalancerFrontEnd", "properties": {"publicIPAddress": {"id": "/subscriptions/00000000-0000-0000-0000-000000000000/resourceGroups/cli_test_vmss_run_command_w_params000001/providers/Microsoft.Network/publicIPAddresses/test-run-command-vmss2LBPublicIP"}}}],
      "inboundNatPools": [{"name": "test-run-command-vmss2LBNatPool", "properties":
      {"frontendIPConfiguration": {"id": "[concat(resourceId(''Microsoft.Network/loadBalancers'',
      ''test-run-command-vmss2LB''), ''/frontendIPConfigurations/'', ''loadBalancerFrontEnd'')]"},
      "protocol": "tcp", "frontendPortRangeStart": "50000", "frontendPortRangeEnd":
      "50119", "backendPort": 22}}]}}, {"type": "Microsoft.Compute/virtualMachineScaleSets",
      "name": "test-run-command-vmss2", "location": "westus", "tags": {}, "apiVersion":
      "2022-03-01", "dependsOn": ["Microsoft.Network/virtualNetworks/test-run-command-vmss2VNET",
      "Microsoft.Network/loadBalancers/test-run-command-vmss2LB"], "properties": {"overprovision":
      true, "upgradePolicy": {"mode": "manual", "rollingUpgradePolicy": {}}, "singlePlacementGroup":
      null, "virtualMachineProfile": {"storageProfile": {"osDisk": {"createOption":
      "FromImage", "caching": "ReadWrite", "managedDisk": {"storageAccountType": null}},
      "imageReference": {"publisher": "Debian", "offer": "debian-10", "sku": "10",
      "version": "latest"}}, "osProfile": {"computerNamePrefix": "testr0914", "adminUsername":
      "clitest1", "linuxConfiguration": {"disablePasswordAuthentication": true, "ssh":
      {"publicKeys": [{"path": "/home/clitest1/.ssh/authorized_keys", "keyData": "ssh-rsa
      AAAAB3NzaC1yc2EAAAADAQABAAABAQDBfrmPNtStaG3GJyEk6YjCZ57vUFT6RfwPCEtLJpvjTaVFEuD7W+HXCE4kdoe0WUINcWyPmo44k9oJlWwimxHcc/FLhMTHyJopyfSePGySHjjjS/2brJyeZ86xIC4QJMX7xqe4rdg/XOEXlbJisD0Ge8ervZr7dN/B/lsoiQLH+C5ueOed9JRaCeLRXtlBAJrlI3BXm+kDV9qPH4LhxFIS6WIZ+dk3u/RtCCC+yZ6x3wRr9CqVZ/Xr0fs02wOnKUSlZDpuu28Hsb1BtQM/+aq1YgcEsudCepRkSyNf8V38xx4T+iiBBFvVLlMNE6CC7Jk4Uc/tO/fv1xaFpmo4Pmu/"}]}}},
      "networkProfile": {"networkInterfaceConfigurations": [{"name": "testr0914Nic",
      "properties": {"ipConfigurations": [{"name": "testr0914IPConfig", "properties":
      {"subnet": {"id": "/subscriptions/00000000-0000-0000-0000-000000000000/resourceGroups/cli_test_vmss_run_command_w_params000001/providers/Microsoft.Network/virtualNetworks/test-run-command-vmss2VNET/subnets/test-run-command-vmss2Subnet"},
      "loadBalancerBackendAddressPools": [{"id": "/subscriptions/00000000-0000-0000-0000-000000000000/resourceGroups/cli_test_vmss_run_command_w_params000001/providers/Microsoft.Network/loadBalancers/test-run-command-vmss2LB/backendAddressPools/test-run-command-vmss2LBBEPool"}],
      "loadBalancerInboundNatPools": [{"id": "/subscriptions/00000000-0000-0000-0000-000000000000/resourceGroups/cli_test_vmss_run_command_w_params000001/providers/Microsoft.Network/loadBalancers/test-run-command-vmss2LB/inboundNatPools/test-run-command-vmss2LBNatPool"}]}}],
      "primary": "true"}}]}}, "orchestrationMode": "Uniform"}, "sku": {"name": "Standard_DS1_v2",
      "capacity": 2}}], "outputs": {"VMSS": {"type": "object", "value": "[reference(resourceId(''Microsoft.Compute/virtualMachineScaleSets'',
      ''test-run-command-vmss2''),providers(''Microsoft.Compute'', ''virtualMachineScaleSets'').apiVersions[0])]"}}},
      "parameters": {}, "mode": "incremental"}}'
    headers:
      Accept:
      - application/json
      Accept-Encoding:
      - gzip, deflate
      CommandName:
      - vmss create
      Connection:
      - keep-alive
      Content-Length:
      - '4407'
      Content-Type:
      - application/json
      ParameterSetName:
      - -g -n --image --admin-username --generate-ssh-keys
      User-Agent:
      - AZURECLI/2.36.0 azsdk-python-azure-mgmt-resource/20.0.0 Python/3.8.10 (Windows-10-10.0.22000-SP0)
    method: PUT
    uri: https://management.azure.com/subscriptions/00000000-0000-0000-0000-000000000000/resourcegroups/cli_test_vmss_run_command_w_params000001/providers/Microsoft.Resources/deployments/mock-deployment?api-version=2021-04-01
  response:
    body:
      string: '{"id":"/subscriptions/00000000-0000-0000-0000-000000000000/resourceGroups/cli_test_vmss_run_command_w_params000001/providers/Microsoft.Resources/deployments/vmss_deploy_aREBk9X8zdKUdp1S6r4xD3IkAuFE6uPH","name":"vmss_deploy_aREBk9X8zdKUdp1S6r4xD3IkAuFE6uPH","type":"Microsoft.Resources/deployments","properties":{"templateHash":"12684531876420680836","parameters":{},"mode":"Incremental","provisioningState":"Accepted","timestamp":"2022-05-18T10:41:37.7296136Z","duration":"PT0.0004025S","correlationId":"d806256b-69fc-43f5-a5ff-7c5408aaa91a","providers":[{"namespace":"Microsoft.Network","resourceTypes":[{"resourceType":"virtualNetworks","locations":["westus"]},{"resourceType":"publicIPAddresses","locations":["westus"]},{"resourceType":"loadBalancers","locations":["westus"]}]},{"namespace":"Microsoft.Compute","resourceTypes":[{"resourceType":"virtualMachineScaleSets","locations":["westus"]}]}],"dependencies":[{"dependsOn":[{"id":"/subscriptions/00000000-0000-0000-0000-000000000000/resourceGroups/cli_test_vmss_run_command_w_params000001/providers/Microsoft.Network/virtualNetworks/test-run-command-vmss2VNET","resourceType":"Microsoft.Network/virtualNetworks","resourceName":"test-run-command-vmss2VNET"},{"id":"/subscriptions/00000000-0000-0000-0000-000000000000/resourceGroups/cli_test_vmss_run_command_w_params000001/providers/Microsoft.Network/publicIPAddresses/test-run-command-vmss2LBPublicIP","resourceType":"Microsoft.Network/publicIPAddresses","resourceName":"test-run-command-vmss2LBPublicIP"}],"id":"/subscriptions/00000000-0000-0000-0000-000000000000/resourceGroups/cli_test_vmss_run_command_w_params000001/providers/Microsoft.Network/loadBalancers/test-run-command-vmss2LB","resourceType":"Microsoft.Network/loadBalancers","resourceName":"test-run-command-vmss2LB"},{"dependsOn":[{"id":"/subscriptions/00000000-0000-0000-0000-000000000000/resourceGroups/cli_test_vmss_run_command_w_params000001/providers/Microsoft.Network/virtualNetworks/test-run-command-vmss2VNET","resourceType":"Microsoft.Network/virtualNetworks","resourceName":"test-run-command-vmss2VNET"},{"id":"/subscriptions/00000000-0000-0000-0000-000000000000/resourceGroups/cli_test_vmss_run_command_w_params000001/providers/Microsoft.Network/loadBalancers/test-run-command-vmss2LB","resourceType":"Microsoft.Network/loadBalancers","resourceName":"test-run-command-vmss2LB"}],"id":"/subscriptions/00000000-0000-0000-0000-000000000000/resourceGroups/cli_test_vmss_run_command_w_params000001/providers/Microsoft.Compute/virtualMachineScaleSets/test-run-command-vmss2","resourceType":"Microsoft.Compute/virtualMachineScaleSets","resourceName":"test-run-command-vmss2"}]}}'
    headers:
      azure-asyncoperation:
      - https://management.azure.com/subscriptions/00000000-0000-0000-0000-000000000000/resourcegroups/cli_test_vmss_run_command_w_params000001/providers/Microsoft.Resources/deployments/vmss_deploy_aREBk9X8zdKUdp1S6r4xD3IkAuFE6uPH/operationStatuses/08585487363897520307?api-version=2021-04-01
      cache-control:
      - no-cache
      content-length:
      - '2652'
      content-type:
      - application/json; charset=utf-8
      date:
      - Wed, 18 May 2022 10:41:38 GMT
      expires:
      - '-1'
      pragma:
      - no-cache
      strict-transport-security:
      - max-age=31536000; includeSubDomains
      x-content-type-options:
      - nosniff
      x-ms-ratelimit-remaining-subscription-writes:
      - '1191'
    status:
      code: 201
      message: Created
- request:
    body: null
    headers:
      Accept:
      - '*/*'
      Accept-Encoding:
      - gzip, deflate
      CommandName:
      - vmss create
      Connection:
      - keep-alive
      ParameterSetName:
      - -g -n --image --admin-username --generate-ssh-keys
      User-Agent:
      - AZURECLI/2.36.0 azsdk-python-azure-mgmt-resource/20.0.0 Python/3.8.10 (Windows-10-10.0.22000-SP0)
    method: GET
    uri: https://management.azure.com/subscriptions/00000000-0000-0000-0000-000000000000/resourcegroups/cli_test_vmss_run_command_w_params000001/providers/Microsoft.Resources/deployments/mock-deployment/operationStatuses/08585487363897520307?api-version=2021-04-01
  response:
    body:
      string: '{"status":"Running"}'
    headers:
      cache-control:
      - no-cache
      content-length:
      - '20'
      content-type:
      - application/json; charset=utf-8
      date:
      - Wed, 18 May 2022 10:42:10 GMT
      expires:
      - '-1'
      pragma:
      - no-cache
      strict-transport-security:
      - max-age=31536000; includeSubDomains
      vary:
      - Accept-Encoding
      x-content-type-options:
      - nosniff
    status:
      code: 200
      message: OK
- request:
    body: null
    headers:
      Accept:
      - '*/*'
      Accept-Encoding:
      - gzip, deflate
      CommandName:
      - vmss create
      Connection:
      - keep-alive
      ParameterSetName:
      - -g -n --image --admin-username --generate-ssh-keys
      User-Agent:
      - AZURECLI/2.36.0 azsdk-python-azure-mgmt-resource/20.0.0 Python/3.8.10 (Windows-10-10.0.22000-SP0)
    method: GET
    uri: https://management.azure.com/subscriptions/00000000-0000-0000-0000-000000000000/resourcegroups/cli_test_vmss_run_command_w_params000001/providers/Microsoft.Resources/deployments/mock-deployment/operationStatuses/08585487363897520307?api-version=2021-04-01
  response:
    body:
      string: '{"status":"Succeeded"}'
    headers:
      cache-control:
      - no-cache
      content-length:
      - '22'
      content-type:
      - application/json; charset=utf-8
      date:
      - Wed, 18 May 2022 10:42:39 GMT
      expires:
      - '-1'
      pragma:
      - no-cache
      strict-transport-security:
      - max-age=31536000; includeSubDomains
      vary:
      - Accept-Encoding
      x-content-type-options:
      - nosniff
    status:
      code: 200
      message: OK
- request:
    body: null
    headers:
      Accept:
      - '*/*'
      Accept-Encoding:
      - gzip, deflate
      CommandName:
      - vmss create
      Connection:
      - keep-alive
      ParameterSetName:
      - -g -n --image --admin-username --generate-ssh-keys
      User-Agent:
      - AZURECLI/2.36.0 azsdk-python-azure-mgmt-resource/20.0.0 Python/3.8.10 (Windows-10-10.0.22000-SP0)
    method: GET
    uri: https://management.azure.com/subscriptions/00000000-0000-0000-0000-000000000000/resourcegroups/cli_test_vmss_run_command_w_params000001/providers/Microsoft.Resources/deployments/mock-deployment?api-version=2021-04-01
  response:
    body:
      string: '{"id":"/subscriptions/00000000-0000-0000-0000-000000000000/resourceGroups/cli_test_vmss_run_command_w_params000001/providers/Microsoft.Resources/deployments/vmss_deploy_aREBk9X8zdKUdp1S6r4xD3IkAuFE6uPH","name":"vmss_deploy_aREBk9X8zdKUdp1S6r4xD3IkAuFE6uPH","type":"Microsoft.Resources/deployments","properties":{"templateHash":"12684531876420680836","parameters":{},"mode":"Incremental","provisioningState":"Succeeded","timestamp":"2022-05-18T10:42:32.1895801Z","duration":"PT54.460369S","correlationId":"d806256b-69fc-43f5-a5ff-7c5408aaa91a","providers":[{"namespace":"Microsoft.Network","resourceTypes":[{"resourceType":"virtualNetworks","locations":["westus"]},{"resourceType":"publicIPAddresses","locations":["westus"]},{"resourceType":"loadBalancers","locations":["westus"]}]},{"namespace":"Microsoft.Compute","resourceTypes":[{"resourceType":"virtualMachineScaleSets","locations":["westus"]}]}],"dependencies":[{"dependsOn":[{"id":"/subscriptions/00000000-0000-0000-0000-000000000000/resourceGroups/cli_test_vmss_run_command_w_params000001/providers/Microsoft.Network/virtualNetworks/test-run-command-vmss2VNET","resourceType":"Microsoft.Network/virtualNetworks","resourceName":"test-run-command-vmss2VNET"},{"id":"/subscriptions/00000000-0000-0000-0000-000000000000/resourceGroups/cli_test_vmss_run_command_w_params000001/providers/Microsoft.Network/publicIPAddresses/test-run-command-vmss2LBPublicIP","resourceType":"Microsoft.Network/publicIPAddresses","resourceName":"test-run-command-vmss2LBPublicIP"}],"id":"/subscriptions/00000000-0000-0000-0000-000000000000/resourceGroups/cli_test_vmss_run_command_w_params000001/providers/Microsoft.Network/loadBalancers/test-run-command-vmss2LB","resourceType":"Microsoft.Network/loadBalancers","resourceName":"test-run-command-vmss2LB"},{"dependsOn":[{"id":"/subscriptions/00000000-0000-0000-0000-000000000000/resourceGroups/cli_test_vmss_run_command_w_params000001/providers/Microsoft.Network/virtualNetworks/test-run-command-vmss2VNET","resourceType":"Microsoft.Network/virtualNetworks","resourceName":"test-run-command-vmss2VNET"},{"id":"/subscriptions/00000000-0000-0000-0000-000000000000/resourceGroups/cli_test_vmss_run_command_w_params000001/providers/Microsoft.Network/loadBalancers/test-run-command-vmss2LB","resourceType":"Microsoft.Network/loadBalancers","resourceName":"test-run-command-vmss2LB"}],"id":"/subscriptions/00000000-0000-0000-0000-000000000000/resourceGroups/cli_test_vmss_run_command_w_params000001/providers/Microsoft.Compute/virtualMachineScaleSets/test-run-command-vmss2","resourceType":"Microsoft.Compute/virtualMachineScaleSets","resourceName":"test-run-command-vmss2"}],"outputs":{"vmss":{"type":"Object","value":{"singlePlacementGroup":true,"upgradePolicy":{"mode":"Manual","rollingUpgradePolicy":{"maxBatchInstancePercent":20,"maxUnhealthyInstancePercent":20,"maxUnhealthyUpgradedInstancePercent":20,"pauseTimeBetweenBatches":"PT0S"}},"virtualMachineProfile":{"osProfile":{"computerNamePrefix":"testr0914","adminUsername":"clitest1","linuxConfiguration":{"disablePasswordAuthentication":true,"ssh":{"publicKeys":[{"path":"/home/clitest1/.ssh/authorized_keys","keyData":"ssh-rsa
        AAAAB3NzaC1yc2EAAAADAQABAAABAQDBfrmPNtStaG3GJyEk6YjCZ57vUFT6RfwPCEtLJpvjTaVFEuD7W+HXCE4kdoe0WUINcWyPmo44k9oJlWwimxHcc/FLhMTHyJopyfSePGySHjjjS/2brJyeZ86xIC4QJMX7xqe4rdg/XOEXlbJisD0Ge8ervZr7dN/B/lsoiQLH+C5ueOed9JRaCeLRXtlBAJrlI3BXm+kDV9qPH4LhxFIS6WIZ+dk3u/RtCCC+yZ6x3wRr9CqVZ/Xr0fs02wOnKUSlZDpuu28Hsb1BtQM/+aq1YgcEsudCepRkSyNf8V38xx4T+iiBBFvVLlMNE6CC7Jk4Uc/tO/fv1xaFpmo4Pmu/"}]},"provisionVMAgent":true,"enableVMAgentPlatformUpdates":false},"secrets":[],"allowExtensionOperations":true,"requireGuestProvisionSignal":true},"storageProfile":{"osDisk":{"osType":"Linux","createOption":"FromImage","caching":"ReadWrite","managedDisk":{"storageAccountType":"Premium_LRS"},"diskSizeGB":30},"imageReference":{"publisher":"Debian","offer":"debian-10","sku":"10","version":"latest"}},"networkProfile":{"networkInterfaceConfigurations":[{"name":"testr0914Nic","properties":{"primary":true,"dnsSettings":{"dnsServers":[]},"enableIPForwarding":false,"ipConfigurations":[{"name":"testr0914IPConfig","properties":{"subnet":{"id":"/subscriptions/00000000-0000-0000-0000-000000000000/resourceGroups/cli_test_vmss_run_command_w_params000001/providers/Microsoft.Network/virtualNetworks/test-run-command-vmss2VNET/subnets/test-run-command-vmss2Subnet"},"privateIPAddressVersion":"IPv4","loadBalancerBackendAddressPools":[{"id":"/subscriptions/00000000-0000-0000-0000-000000000000/resourceGroups/cli_test_vmss_run_command_w_params000001/providers/Microsoft.Network/loadBalancers/test-run-command-vmss2LB/backendAddressPools/test-run-command-vmss2LBBEPool"}],"loadBalancerInboundNatPools":[{"id":"/subscriptions/00000000-0000-0000-0000-000000000000/resourceGroups/cli_test_vmss_run_command_w_params000001/providers/Microsoft.Network/loadBalancers/test-run-command-vmss2LB/inboundNatPools/test-run-command-vmss2LBNatPool"}]}}]}}]}},"provisioningState":"Succeeded","overprovision":true,"doNotRunExtensionsOnOverprovisionedVMs":false,"uniqueId":"b195db80-35a4-4591-89ae-6f091607396c","timeCreated":"2022-05-18T10:41:54.7034084+00:00"}}},"outputResources":[{"id":"/subscriptions/00000000-0000-0000-0000-000000000000/resourceGroups/cli_test_vmss_run_command_w_params000001/providers/Microsoft.Compute/virtualMachineScaleSets/test-run-command-vmss2"},{"id":"/subscriptions/00000000-0000-0000-0000-000000000000/resourceGroups/cli_test_vmss_run_command_w_params000001/providers/Microsoft.Network/loadBalancers/test-run-command-vmss2LB"},{"id":"/subscriptions/00000000-0000-0000-0000-000000000000/resourceGroups/cli_test_vmss_run_command_w_params000001/providers/Microsoft.Network/publicIPAddresses/test-run-command-vmss2LBPublicIP"},{"id":"/subscriptions/00000000-0000-0000-0000-000000000000/resourceGroups/cli_test_vmss_run_command_w_params000001/providers/Microsoft.Network/virtualNetworks/test-run-command-vmss2VNET"}]}}'
    headers:
      cache-control:
      - no-cache
      content-length:
      - '5954'
      content-type:
      - application/json; charset=utf-8
      date:
      - Wed, 18 May 2022 10:42:40 GMT
      expires:
      - '-1'
      pragma:
      - no-cache
      strict-transport-security:
      - max-age=31536000; includeSubDomains
      vary:
      - Accept-Encoding
      x-content-type-options:
      - nosniff
    status:
      code: 200
      message: OK
- request:
    body: null
    headers:
      Accept:
      - application/json
      Accept-Encoding:
      - gzip, deflate
      CommandName:
      - vmss list-instances
      Connection:
      - keep-alive
      ParameterSetName:
      - --resource-group --name --query
      User-Agent:
      - AZURECLI/2.36.0 azsdk-python-azure-mgmt-compute/27.0.0 Python/3.8.10 (Windows-10-10.0.22000-SP0)
    method: GET
    uri: https://management.azure.com/subscriptions/00000000-0000-0000-0000-000000000000/resourceGroups/cli_test_vmss_run_command_w_params000001/providers/Microsoft.Compute/virtualMachineScaleSets/test-run-command-vmss2/virtualMachines?api-version=2022-03-01
  response:
    body:
      string: "{\r\n  \"value\": [\r\n    {\r\n      \"name\": \"test-run-command-vmss2_1\",\r\n
        \     \"id\": \"/subscriptions/00000000-0000-0000-0000-000000000000/resourceGroups/cli_test_vmss_run_command_w_params000001/providers/Microsoft.Compute/virtualMachineScaleSets/test-run-command-vmss2/virtualMachines/1\",\r\n
        \     \"type\": \"Microsoft.Compute/virtualMachineScaleSets/virtualMachines\",\r\n
        \     \"location\": \"westus\",\r\n      \"tags\": {},\r\n      \"instanceId\":
        \"1\",\r\n      \"sku\": {\r\n        \"name\": \"Standard_DS1_v2\",\r\n        \"tier\":
        \"Standard\"\r\n      },\r\n      \"properties\": {\r\n        \"latestModelApplied\":
        true,\r\n        \"modelDefinitionApplied\": \"VirtualMachineScaleSet\",\r\n
        \       \"networkProfileConfiguration\": {\"networkInterfaceConfigurations\":[{\"name\":\"testr0914Nic\",\"properties\":{\"primary\":true,\"dnsSettings\":{\"dnsServers\":[]},\"enableIPForwarding\":false,\"ipConfigurations\":[{\"name\":\"testr0914IPConfig\",\"properties\":{\"subnet\":{\"id\":\"/subscriptions/00000000-0000-0000-0000-000000000000/resourceGroups/cli_test_vmss_run_command_w_params000001/providers/Microsoft.Network/virtualNetworks/test-run-command-vmss2VNET/subnets/test-run-command-vmss2Subnet\"},\"privateIPAddressVersion\":\"IPv4\",\"loadBalancerBackendAddressPools\":[{\"id\":\"/subscriptions/00000000-0000-0000-0000-000000000000/resourceGroups/cli_test_vmss_run_command_w_params000001/providers/Microsoft.Network/loadBalancers/test-run-command-vmss2LB/backendAddressPools/test-run-command-vmss2LBBEPool\"}],\"loadBalancerInboundNatPools\":[{\"id\":\"/subscriptions/00000000-0000-0000-0000-000000000000/resourceGroups/cli_test_vmss_run_command_w_params000001/providers/Microsoft.Network/loadBalancers/test-run-command-vmss2LB/inboundNatPools/test-run-command-vmss2LBNatPool\"}]}}]}}]},\r\n
        \       \"vmId\": \"77bf0aa7-8b6c-4d10-9778-0248333fda3d\",\r\n        \"hardwareProfile\":
        {\r\n          \"vmSize\": \"Standard_DS1_v2\"\r\n        },\r\n        \"storageProfile\":
        {\r\n          \"imageReference\": {\r\n            \"publisher\": \"Debian\",\r\n
        \           \"offer\": \"debian-10\",\r\n            \"sku\": \"10\",\r\n
        \           \"version\": \"latest\",\r\n            \"exactVersion\": \"0.20220328.962\"\r\n
        \         },\r\n          \"osDisk\": {\r\n            \"osType\": \"Linux\",\r\n
        \           \"name\": \"test-run-command-vmstest-run-command-vmssOS__1_6e70d7c81fa04116a115b865a3645127\",\r\n
        \           \"createOption\": \"FromImage\",\r\n            \"caching\": \"ReadWrite\",\r\n
        \           \"managedDisk\": {\r\n              \"storageAccountType\": \"Premium_LRS\",\r\n
        \             \"id\": \"/subscriptions/00000000-0000-0000-0000-000000000000/resourceGroups/cli_test_vmss_run_command_w_params000001/providers/Microsoft.Compute/disks/test-run-command-vmstest-run-command-vmssOS__1_6e70d7c81fa04116a115b865a3645127\"\r\n
        \           },\r\n            \"diskSizeGB\": 30\r\n          },\r\n          \"dataDisks\":
        []\r\n        },\r\n        \"osProfile\": {\r\n          \"computerName\":
        \"testr0914000001\",\r\n          \"adminUsername\": \"clitest1\",\r\n          \"linuxConfiguration\":
        {\r\n            \"disablePasswordAuthentication\": true,\r\n            \"ssh\":
        {\r\n              \"publicKeys\": [\r\n                {\r\n                  \"path\":
        \"/home/clitest1/.ssh/authorized_keys\",\r\n                  \"keyData\":
        \"ssh-rsa AAAAB3NzaC1yc2EAAAADAQABAAABAQDBfrmPNtStaG3GJyEk6YjCZ57vUFT6RfwPCEtLJpvjTaVFEuD7W+HXCE4kdoe0WUINcWyPmo44k9oJlWwimxHcc/FLhMTHyJopyfSePGySHjjjS/2brJyeZ86xIC4QJMX7xqe4rdg/XOEXlbJisD0Ge8ervZr7dN/B/lsoiQLH+C5ueOed9JRaCeLRXtlBAJrlI3BXm+kDV9qPH4LhxFIS6WIZ+dk3u/RtCCC+yZ6x3wRr9CqVZ/Xr0fs02wOnKUSlZDpuu28Hsb1BtQM/+aq1YgcEsudCepRkSyNf8V38xx4T+iiBBFvVLlMNE6CC7Jk4Uc/tO/fv1xaFpmo4Pmu/\"\r\n
        \               }\r\n              ]\r\n            },\r\n            \"provisionVMAgent\":
        true,\r\n            \"enableVMAgentPlatformUpdates\": false\r\n          },\r\n
        \         \"secrets\": [],\r\n          \"allowExtensionOperations\": true,\r\n
        \         \"requireGuestProvisionSignal\": true\r\n        },\r\n        \"networkProfile\":
        {\"networkInterfaces\":[{\"id\":\"/subscriptions/00000000-0000-0000-0000-000000000000/resourceGroups/cli_test_vmss_run_command_w_params000001/providers/Microsoft.Compute/virtualMachineScaleSets/test-run-command-vmss2/virtualMachines/1/networkInterfaces/testr0914Nic\"}]},\r\n
        \       \"provisioningState\": \"Updating\",\r\n        \"timeCreated\": \"2022-05-18T10:41:54.8283885+00:00\"\r\n
        \     }\r\n    },\r\n    {\r\n      \"name\": \"test-run-command-vmss2_3\",\r\n
        \     \"id\": \"/subscriptions/00000000-0000-0000-0000-000000000000/resourceGroups/cli_test_vmss_run_command_w_params000001/providers/Microsoft.Compute/virtualMachineScaleSets/test-run-command-vmss2/virtualMachines/3\",\r\n
        \     \"type\": \"Microsoft.Compute/virtualMachineScaleSets/virtualMachines\",\r\n
        \     \"location\": \"westus\",\r\n      \"tags\": {},\r\n      \"instanceId\":
        \"3\",\r\n      \"sku\": {\r\n        \"name\": \"Standard_DS1_v2\",\r\n        \"tier\":
        \"Standard\"\r\n      },\r\n      \"properties\": {\r\n        \"latestModelApplied\":
        true,\r\n        \"modelDefinitionApplied\": \"VirtualMachineScaleSet\",\r\n
        \       \"networkProfileConfiguration\": {\"networkInterfaceConfigurations\":[{\"name\":\"testr0914Nic\",\"properties\":{\"primary\":true,\"dnsSettings\":{\"dnsServers\":[]},\"enableIPForwarding\":false,\"ipConfigurations\":[{\"name\":\"testr0914IPConfig\",\"properties\":{\"subnet\":{\"id\":\"/subscriptions/00000000-0000-0000-0000-000000000000/resourceGroups/cli_test_vmss_run_command_w_params000001/providers/Microsoft.Network/virtualNetworks/test-run-command-vmss2VNET/subnets/test-run-command-vmss2Subnet\"},\"privateIPAddressVersion\":\"IPv4\",\"loadBalancerBackendAddressPools\":[{\"id\":\"/subscriptions/00000000-0000-0000-0000-000000000000/resourceGroups/cli_test_vmss_run_command_w_params000001/providers/Microsoft.Network/loadBalancers/test-run-command-vmss2LB/backendAddressPools/test-run-command-vmss2LBBEPool\"}],\"loadBalancerInboundNatPools\":[{\"id\":\"/subscriptions/00000000-0000-0000-0000-000000000000/resourceGroups/cli_test_vmss_run_command_w_params000001/providers/Microsoft.Network/loadBalancers/test-run-command-vmss2LB/inboundNatPools/test-run-command-vmss2LBNatPool\"}]}}]}}]},\r\n
        \       \"vmId\": \"3f465c52-41e3-4fc2-ac7c-7a60d98b9f12\",\r\n        \"hardwareProfile\":
        {\r\n          \"vmSize\": \"Standard_DS1_v2\"\r\n        },\r\n        \"storageProfile\":
        {\r\n          \"imageReference\": {\r\n            \"publisher\": \"Debian\",\r\n
        \           \"offer\": \"debian-10\",\r\n            \"sku\": \"10\",\r\n
        \           \"version\": \"latest\",\r\n            \"exactVersion\": \"0.20220328.962\"\r\n
        \         },\r\n          \"osDisk\": {\r\n            \"osType\": \"Linux\",\r\n
        \           \"name\": \"test-run-command-vmstest-run-command-vmssOS__1_aa9e3568070b4718b2169e23904513e8\",\r\n
        \           \"createOption\": \"FromImage\",\r\n            \"caching\": \"ReadWrite\",\r\n
        \           \"managedDisk\": {\r\n              \"storageAccountType\": \"Premium_LRS\",\r\n
        \             \"id\": \"/subscriptions/00000000-0000-0000-0000-000000000000/resourceGroups/cli_test_vmss_run_command_w_params000001/providers/Microsoft.Compute/disks/test-run-command-vmstest-run-command-vmssOS__1_aa9e3568070b4718b2169e23904513e8\"\r\n
        \           },\r\n            \"diskSizeGB\": 30\r\n          },\r\n          \"dataDisks\":
        []\r\n        },\r\n        \"osProfile\": {\r\n          \"computerName\":
        \"testr0914000003\",\r\n          \"adminUsername\": \"clitest1\",\r\n          \"linuxConfiguration\":
        {\r\n            \"disablePasswordAuthentication\": true,\r\n            \"ssh\":
        {\r\n              \"publicKeys\": [\r\n                {\r\n                  \"path\":
        \"/home/clitest1/.ssh/authorized_keys\",\r\n                  \"keyData\":
        \"ssh-rsa AAAAB3NzaC1yc2EAAAADAQABAAABAQDBfrmPNtStaG3GJyEk6YjCZ57vUFT6RfwPCEtLJpvjTaVFEuD7W+HXCE4kdoe0WUINcWyPmo44k9oJlWwimxHcc/FLhMTHyJopyfSePGySHjjjS/2brJyeZ86xIC4QJMX7xqe4rdg/XOEXlbJisD0Ge8ervZr7dN/B/lsoiQLH+C5ueOed9JRaCeLRXtlBAJrlI3BXm+kDV9qPH4LhxFIS6WIZ+dk3u/RtCCC+yZ6x3wRr9CqVZ/Xr0fs02wOnKUSlZDpuu28Hsb1BtQM/+aq1YgcEsudCepRkSyNf8V38xx4T+iiBBFvVLlMNE6CC7Jk4Uc/tO/fv1xaFpmo4Pmu/\"\r\n
        \               }\r\n              ]\r\n            },\r\n            \"provisionVMAgent\":
        true,\r\n            \"enableVMAgentPlatformUpdates\": false\r\n          },\r\n
        \         \"secrets\": [],\r\n          \"allowExtensionOperations\": true,\r\n
        \         \"requireGuestProvisionSignal\": true\r\n        },\r\n        \"networkProfile\":
        {\"networkInterfaces\":[{\"id\":\"/subscriptions/00000000-0000-0000-0000-000000000000/resourceGroups/cli_test_vmss_run_command_w_params000001/providers/Microsoft.Compute/virtualMachineScaleSets/test-run-command-vmss2/virtualMachines/3/networkInterfaces/testr0914Nic\"}]},\r\n
        \       \"provisioningState\": \"Succeeded\",\r\n        \"timeCreated\":
        \"2022-05-18T10:41:54.8283885+00:00\"\r\n      }\r\n    }\r\n  ]\r\n}"
    headers:
      cache-control:
      - no-cache
      content-length:
      - '8393'
      content-type:
      - application/json; charset=utf-8
      date:
      - Wed, 18 May 2022 10:42:43 GMT
      expires:
      - '-1'
      pragma:
      - no-cache
      server:
      - Microsoft-HTTPAPI/2.0
      - Microsoft-HTTPAPI/2.0
      strict-transport-security:
      - max-age=31536000; includeSubDomains
      transfer-encoding:
      - chunked
      vary:
      - Accept-Encoding
      x-content-type-options:
      - nosniff
      x-ms-ratelimit-remaining-resource:
      - Microsoft.Compute/HighCostGetVMScaleSet3Min;178,Microsoft.Compute/HighCostGetVMScaleSet30Min;874,Microsoft.Compute/VMScaleSetVMViews3Min;4996
      x-ms-request-charge:
      - '4'
    status:
      code: 200
      message: OK
- request:
    body: '{"commandId": "RunShellScript", "script": ["echo $0 $1"], "parameters":
      [{"name": "arg1", "value": "hello"}, {"name": "arg2", "value": "world"}]}'
    headers:
      Accept:
      - application/json, text/json
      Accept-Encoding:
      - gzip, deflate
      CommandName:
      - vmss run-command invoke
      Connection:
      - keep-alive
      Content-Length:
      - '145'
      Content-Type:
      - application/json
      ParameterSetName:
      - -g -n --instance-id --command-id --scripts --parameters
      User-Agent:
      - AZURECLI/2.36.0 azsdk-python-azure-mgmt-compute/27.0.0 Python/3.8.10 (Windows-10-10.0.22000-SP0)
    method: POST
    uri: https://management.azure.com/subscriptions/00000000-0000-0000-0000-000000000000/resourceGroups/cli_test_vmss_run_command_w_params000001/providers/Microsoft.Compute/virtualMachineScaleSets/test-run-command-vmss2/virtualmachines/1/runCommand?api-version=2022-03-01
  response:
    body:
      string: ''
    headers:
      azure-asyncoperation:
      - https://management.azure.com/subscriptions/00000000-0000-0000-0000-000000000000/providers/Microsoft.Compute/locations/westus/operations/22a0160b-99f8-49d1-957e-69578cc4ca5f?p=571046f6-b640-41c1-86f7-f9f044b5adf9&api-version=2022-03-01
      cache-control:
      - no-cache
      content-length:
      - '0'
      date:
      - Wed, 18 May 2022 10:42:44 GMT
      expires:
      - '-1'
      location:
      - https://management.azure.com/subscriptions/00000000-0000-0000-0000-000000000000/providers/Microsoft.Compute/locations/westus/operations/22a0160b-99f8-49d1-957e-69578cc4ca5f?p=571046f6-b640-41c1-86f7-f9f044b5adf9&monitor=true&api-version=2022-03-01
      pragma:
      - no-cache
      server:
      - Microsoft-HTTPAPI/2.0
      - Microsoft-HTTPAPI/2.0
      strict-transport-security:
      - max-age=31536000; includeSubDomains
      x-content-type-options:
      - nosniff
      x-ms-ratelimit-remaining-resource:
      - Microsoft.Compute/VMScaleSetActions3Min;239,Microsoft.Compute/VMScaleSetActions30Min;1192,Microsoft.Compute/VMScaleSetBatchedVMRequests5Min;1184,Microsoft.Compute/VmssQueuedVMOperations;0
      x-ms-ratelimit-remaining-subscription-writes:
      - '1199'
      x-ms-request-charge:
      - '1'
    status:
      code: 202
      message: Accepted
- request:
    body: null
    headers:
      Accept:
      - '*/*'
      Accept-Encoding:
      - gzip, deflate
      CommandName:
      - vmss run-command invoke
      Connection:
      - keep-alive
      ParameterSetName:
      - -g -n --instance-id --command-id --scripts --parameters
      User-Agent:
      - AZURECLI/2.36.0 azsdk-python-azure-mgmt-compute/27.0.0 Python/3.8.10 (Windows-10-10.0.22000-SP0)
    method: GET
    uri: https://management.azure.com/subscriptions/00000000-0000-0000-0000-000000000000/providers/Microsoft.Compute/locations/westus/operations/22a0160b-99f8-49d1-957e-69578cc4ca5f?p=571046f6-b640-41c1-86f7-f9f044b5adf9&api-version=2022-03-01
  response:
    body:
      string: "{\r\n  \"startTime\": \"2022-05-18T10:42:44.9556143+00:00\",\r\n  \"status\":
        \"InProgress\",\r\n  \"name\": \"22a0160b-99f8-49d1-957e-69578cc4ca5f\"\r\n}"
    headers:
      cache-control:
      - no-cache
      content-length:
      - '134'
      content-type:
      - application/json; charset=utf-8
      date:
      - Wed, 18 May 2022 10:43:15 GMT
      expires:
      - '-1'
      pragma:
      - no-cache
      server:
      - Microsoft-HTTPAPI/2.0
      - Microsoft-HTTPAPI/2.0
      strict-transport-security:
      - max-age=31536000; includeSubDomains
      transfer-encoding:
      - chunked
      vary:
      - Accept-Encoding
      x-content-type-options:
      - nosniff
      x-ms-ratelimit-remaining-resource:
      - Microsoft.Compute/GetOperation3Min;14970,Microsoft.Compute/GetOperation30Min;29677
    status:
      code: 200
      message: OK
- request:
    body: null
    headers:
      Accept:
      - '*/*'
      Accept-Encoding:
      - gzip, deflate
      CommandName:
      - vmss run-command invoke
      Connection:
      - keep-alive
      ParameterSetName:
      - -g -n --instance-id --command-id --scripts --parameters
      User-Agent:
      - AZURECLI/2.36.0 azsdk-python-azure-mgmt-compute/27.0.0 Python/3.8.10 (Windows-10-10.0.22000-SP0)
    method: GET
    uri: https://management.azure.com/subscriptions/00000000-0000-0000-0000-000000000000/providers/Microsoft.Compute/locations/westus/operations/22a0160b-99f8-49d1-957e-69578cc4ca5f?p=571046f6-b640-41c1-86f7-f9f044b5adf9&api-version=2022-03-01
  response:
    body:
      string: "{\r\n  \"startTime\": \"2022-05-18T10:42:44.9556143+00:00\",\r\n  \"endTime\":
        \"2022-05-18T10:43:29.0198762+00:00\",\r\n  \"status\": \"Succeeded\",\r\n
        \ \"properties\": {\r\n    \"output\": {\"value\":[{\"code\":\"ProvisioningState/succeeded\",\"level\":\"Info\",\"displayStatus\":\"Provisioning
        succeeded\",\"message\":\"Enable succeeded: \\n[stdout]\\n/var/lib/waagent/run-command/download/0/script.sh
        hello\\n\\n[stderr]\\n\"}]}\r\n  },\r\n  \"name\": \"22a0160b-99f8-49d1-957e-69578cc4ca5f\"\r\n}"
    headers:
      cache-control:
      - no-cache
      content-length:
      - '443'
      content-type:
      - application/json; charset=utf-8
      date:
      - Wed, 18 May 2022 10:43:45 GMT
      expires:
      - '-1'
      pragma:
      - no-cache
      server:
      - Microsoft-HTTPAPI/2.0
      - Microsoft-HTTPAPI/2.0
      strict-transport-security:
      - max-age=31536000; includeSubDomains
      transfer-encoding:
      - chunked
      vary:
      - Accept-Encoding
      x-content-type-options:
      - nosniff
      x-ms-ratelimit-remaining-resource:
      - Microsoft.Compute/GetOperation3Min;14962,Microsoft.Compute/GetOperation30Min;29665
    status:
      code: 200
      message: OK
- request:
    body: null
    headers:
      Accept:
      - '*/*'
      Accept-Encoding:
      - gzip, deflate
      CommandName:
      - vmss run-command invoke
      Connection:
      - keep-alive
      ParameterSetName:
      - -g -n --instance-id --command-id --scripts --parameters
      User-Agent:
      - AZURECLI/2.36.0 azsdk-python-azure-mgmt-compute/27.0.0 Python/3.8.10 (Windows-10-10.0.22000-SP0)
    method: GET
    uri: https://management.azure.com/subscriptions/00000000-0000-0000-0000-000000000000/providers/Microsoft.Compute/locations/westus/operations/22a0160b-99f8-49d1-957e-69578cc4ca5f?p=571046f6-b640-41c1-86f7-f9f044b5adf9&monitor=true&api-version=2022-03-01
  response:
    body:
      string: '{"value":[{"code":"ProvisioningState/succeeded","level":"Info","displayStatus":"Provisioning
        succeeded","message":"Enable succeeded: \n[stdout]\n/var/lib/waagent/run-command/download/0/script.sh
        hello\n\n[stderr]\n"}]}'
    headers:
      cache-control:
      - no-cache
      content-length:
      - '218'
      content-type:
      - application/json; charset=utf-8
      date:
      - Wed, 18 May 2022 10:43:46 GMT
      expires:
      - '-1'
      pragma:
      - no-cache
      server:
      - Microsoft-HTTPAPI/2.0
      - Microsoft-HTTPAPI/2.0
      strict-transport-security:
      - max-age=31536000; includeSubDomains
      transfer-encoding:
      - chunked
      vary:
      - Accept-Encoding
      x-content-type-options:
      - nosniff
      x-ms-ratelimit-remaining-resource:
      - Microsoft.Compute/GetOperation3Min;14961,Microsoft.Compute/GetOperation30Min;29664
    status:
      code: 200
      message: OK
- request:
    body: '{"commandId": "RunShellScript", "script": ["echo $0 $1"], "parameters":
      [{"name": "arg1", "value": "hello"}, {"name": "arg2", "value": "world"}]}'
    headers:
      Accept:
      - application/json, text/json
      Accept-Encoding:
      - gzip, deflate
      CommandName:
      - vmss run-command invoke
      Connection:
      - keep-alive
      Content-Length:
      - '145'
      Content-Type:
      - application/json
      ParameterSetName:
      - -g -n --instance-id --command-id --scripts --parameters
      User-Agent:
      - AZURECLI/2.36.0 azsdk-python-azure-mgmt-compute/27.0.0 Python/3.8.10 (Windows-10-10.0.22000-SP0)
    method: POST
    uri: https://management.azure.com/subscriptions/00000000-0000-0000-0000-000000000000/resourceGroups/cli_test_vmss_run_command_w_params000001/providers/Microsoft.Compute/virtualMachineScaleSets/test-run-command-vmss2/virtualmachines/3/runCommand?api-version=2022-03-01
  response:
    body:
      string: ''
    headers:
      azure-asyncoperation:
      - https://management.azure.com/subscriptions/00000000-0000-0000-0000-000000000000/providers/Microsoft.Compute/locations/westus/operations/4bd5fc20-b045-46ea-943e-7072ac4ff467?p=571046f6-b640-41c1-86f7-f9f044b5adf9&api-version=2022-03-01
      cache-control:
      - no-cache
      content-length:
      - '0'
      date:
      - Wed, 18 May 2022 10:43:46 GMT
      expires:
      - '-1'
      location:
      - https://management.azure.com/subscriptions/00000000-0000-0000-0000-000000000000/providers/Microsoft.Compute/locations/westus/operations/4bd5fc20-b045-46ea-943e-7072ac4ff467?p=571046f6-b640-41c1-86f7-f9f044b5adf9&monitor=true&api-version=2022-03-01
      pragma:
      - no-cache
      server:
      - Microsoft-HTTPAPI/2.0
      - Microsoft-HTTPAPI/2.0
      strict-transport-security:
      - max-age=31536000; includeSubDomains
      x-content-type-options:
      - nosniff
      x-ms-ratelimit-remaining-resource:
      - Microsoft.Compute/VMScaleSetActions3Min;238,Microsoft.Compute/VMScaleSetActions30Min;1191,Microsoft.Compute/VMScaleSetBatchedVMRequests5Min;1184,Microsoft.Compute/VmssQueuedVMOperations;0
      x-ms-ratelimit-remaining-subscription-writes:
      - '1198'
      x-ms-request-charge:
      - '1'
    status:
      code: 202
      message: Accepted
- request:
    body: null
    headers:
      Accept:
      - '*/*'
      Accept-Encoding:
      - gzip, deflate
      CommandName:
      - vmss run-command invoke
      Connection:
      - keep-alive
      ParameterSetName:
      - -g -n --instance-id --command-id --scripts --parameters
      User-Agent:
      - AZURECLI/2.36.0 azsdk-python-azure-mgmt-compute/27.0.0 Python/3.8.10 (Windows-10-10.0.22000-SP0)
    method: GET
    uri: https://management.azure.com/subscriptions/00000000-0000-0000-0000-000000000000/providers/Microsoft.Compute/locations/westus/operations/4bd5fc20-b045-46ea-943e-7072ac4ff467?p=571046f6-b640-41c1-86f7-f9f044b5adf9&api-version=2022-03-01
  response:
    body:
      string: "{\r\n  \"startTime\": \"2022-05-18T10:43:47.3487146+00:00\",\r\n  \"endTime\":
        \"2022-05-18T10:44:08.0838991+00:00\",\r\n  \"status\": \"Succeeded\",\r\n
        \ \"properties\": {\r\n    \"output\": {\r\n  \"value\": [\r\n    {\r\n      \"code\":
        \"ProvisioningState/succeeded\",\r\n      \"level\": \"Info\",\r\n      \"displayStatus\":
        \"Provisioning succeeded\",\r\n      \"message\": \"Enable succeeded: \\n[stdout]\\n/var/lib/waagent/run-command/download/0/script.sh
        hello\\n\\n[stderr]\\n\"\r\n    }\r\n  ]\r\n}\r\n  },\r\n  \"name\": \"4bd5fc20-b045-46ea-943e-7072ac4ff467\"\r\n}"
    headers:
      cache-control:
      - no-cache
      content-length:
      - '502'
      content-type:
      - application/json; charset=utf-8
      date:
      - Wed, 18 May 2022 10:44:17 GMT
      expires:
      - '-1'
      pragma:
      - no-cache
      server:
      - Microsoft-HTTPAPI/2.0
      - Microsoft-HTTPAPI/2.0
      strict-transport-security:
      - max-age=31536000; includeSubDomains
      transfer-encoding:
      - chunked
      vary:
      - Accept-Encoding
      x-content-type-options:
      - nosniff
      x-ms-ratelimit-remaining-resource:
      - Microsoft.Compute/GetOperation3Min;14961,Microsoft.Compute/GetOperation30Min;29659
    status:
      code: 200
      message: OK
- request:
    body: null
    headers:
      Accept:
      - '*/*'
      Accept-Encoding:
      - gzip, deflate
      CommandName:
      - vmss run-command invoke
      Connection:
      - keep-alive
      ParameterSetName:
      - -g -n --instance-id --command-id --scripts --parameters
      User-Agent:
      - AZURECLI/2.36.0 azsdk-python-azure-mgmt-compute/27.0.0 Python/3.8.10 (Windows-10-10.0.22000-SP0)
    method: GET
    uri: https://management.azure.com/subscriptions/00000000-0000-0000-0000-000000000000/providers/Microsoft.Compute/locations/westus/operations/4bd5fc20-b045-46ea-943e-7072ac4ff467?p=571046f6-b640-41c1-86f7-f9f044b5adf9&monitor=true&api-version=2022-03-01
  response:
    body:
      string: '{"value":[{"code":"ProvisioningState/succeeded","level":"Info","displayStatus":"Provisioning
        succeeded","message":"Enable succeeded: \n[stdout]\n/var/lib/waagent/run-command/download/0/script.sh
        hello\n\n[stderr]\n"}]}'
    headers:
      cache-control:
      - no-cache
      content-length:
      - '218'
      content-type:
      - application/json; charset=utf-8
      date:
      - Wed, 18 May 2022 10:44:17 GMT
      expires:
      - '-1'
      pragma:
      - no-cache
      server:
      - Microsoft-HTTPAPI/2.0
      - Microsoft-HTTPAPI/2.0
      strict-transport-security:
      - max-age=31536000; includeSubDomains
      transfer-encoding:
      - chunked
      vary:
      - Accept-Encoding
      x-content-type-options:
      - nosniff
      x-ms-ratelimit-remaining-resource:
      - Microsoft.Compute/GetOperation3Min;14960,Microsoft.Compute/GetOperation30Min;29658
    status:
      code: 200
      message: OK
version: 1
