interactions:
- request:
    body: null
    headers:
      Accept:
      - '*/*'
      Accept-Encoding:
      - gzip, deflate
      Connection:
      - keep-alive
      User-Agent:
      - python-requests/2.26.0
    method: GET
    uri: https://raw.githubusercontent.com/Azure/azure-rest-api-specs/main/arm-compute/quickstart-templates/aliases.json
  response:
    body:
      string: "{\n  \"$schema\": \"http://schema.management.azure.com/schemas/2015-01-01/deploymentTemplate.json\",\n
        \ \"contentVersion\": \"1.0.0.0\",\n  \"parameters\": {},\n  \"variables\":
        {},\n  \"resources\": [],\n  \"outputs\": {\n    \"aliases\": {\n      \"type\":
        \"object\",\n      \"value\": {\n        \"Linux\": {\n          \"CentOS\":
        {\n            \"publisher\": \"OpenLogic\",\n            \"offer\": \"CentOS\",\n
        \           \"sku\": \"7.5\",\n            \"version\": \"latest\",\n            \"architecture\":
        \"x64\"\n          },\n          \"Debian\": {\n            \"publisher\":
        \"Debian\",\n            \"offer\": \"debian-10\",\n            \"sku\": \"10\",\n
        \           \"version\": \"latest\",\n            \"architecture\": \"x64\"\n
        \         },\n          \"Flatcar\": {\n            \"publisher\": \"kinvolk\",\n
        \           \"offer\": \"flatcar-container-linux-free\",\n            \"sku\":
        \"stable\",\n            \"version\": \"latest\",\n            \"architecture\":
        \"x64\"\n          },\n          \"openSUSE-Leap\": {\n            \"publisher\":
        \"SUSE\",\n            \"offer\": \"opensuse-leap-15-3\",\n            \"sku\":
        \"gen2\",\n            \"version\": \"latest\",\n            \"architecture\":
        \"x64\"\n          },\n          \"RHEL\": {\n            \"publisher\": \"RedHat\",\n
        \           \"offer\": \"RHEL\",\n            \"sku\": \"7-LVM\",\n            \"version\":
        \"latest\",\n            \"architecture\": \"x64\"\n          },\n          \"SLES\":
        {\n            \"publisher\": \"SUSE\",\n            \"offer\": \"sles-15-sp3\",\n
        \           \"sku\": \"gen2\",\n            \"version\": \"latest\",\n            \"architecture\":
        \"x64\"\n          },\n          \"UbuntuLTS\": {\n            \"publisher\":
        \"Canonical\",\n            \"offer\": \"UbuntuServer\",\n            \"sku\":
        \"18.04-LTS\",\n            \"version\": \"latest\",\n            \"architecture\":
        \"x64\"\n          }\n        },\n        \"Windows\": {\n          \"Win2022Datacenter\":
        {\n            \"publisher\": \"MicrosoftWindowsServer\",\n            \"offer\":
        \"WindowsServer\",\n            \"sku\": \"2022-Datacenter\",\n            \"version\":
        \"latest\",\n            \"architecture\": \"x64\"\n          },\n          \"Win2022AzureEditionCore\":
        {\n            \"publisher\": \"MicrosoftWindowsServer\",\n            \"offer\":
        \"WindowsServer\",\n            \"sku\": \"2022-datacenter-azure-edition-core\",\n
        \           \"version\": \"latest\",\n            \"architecture\": \"x64\"\n
        \         },\n          \"Win2019Datacenter\": {\n            \"publisher\":
        \"MicrosoftWindowsServer\",\n            \"offer\": \"WindowsServer\",\n            \"sku\":
        \"2019-Datacenter\",\n            \"version\": \"latest\",\n            \"architecture\":
        \"x64\"\n          },\n          \"Win2016Datacenter\": {\n            \"publisher\":
        \"MicrosoftWindowsServer\",\n            \"offer\": \"WindowsServer\",\n            \"sku\":
        \"2016-Datacenter\",\n            \"version\": \"latest\",\n            \"architecture\":
        \"x64\"\n          },\n          \"Win2012R2Datacenter\": {\n            \"publisher\":
        \"MicrosoftWindowsServer\",\n            \"offer\": \"WindowsServer\",\n            \"sku\":
        \"2012-R2-Datacenter\",\n            \"version\": \"latest\",\n            \"architecture\":
        \"x64\"\n          },\n          \"Win2012Datacenter\": {\n            \"publisher\":
        \"MicrosoftWindowsServer\",\n            \"offer\": \"WindowsServer\",\n            \"sku\":
        \"2012-Datacenter\",\n            \"version\": \"latest\",\n            \"architecture\":
        \"x64\"\n          },\n          \"Win2008R2SP1\": {\n            \"publisher\":
        \"MicrosoftWindowsServer\",\n            \"offer\": \"WindowsServer\",\n            \"sku\":
        \"2008-R2-SP1\",\n            \"version\": \"latest\",\n            \"architecture\":
        \"x64\"\n          }\n        }\n      }\n    }\n  }\n}"
    headers:
      accept-ranges:
      - bytes
      access-control-allow-origin:
      - '*'
      cache-control:
      - max-age=300
      connection:
      - keep-alive
      content-length:
      - '3463'
      content-security-policy:
      - default-src 'none'; style-src 'unsafe-inline'; sandbox
      content-type:
      - text/plain; charset=utf-8
      date:
      - Thu, 23 Jun 2022 14:29:24 GMT
      etag:
      - W/"41b202f4dc5098d126019dc00721a4c5e30df0c5196794514fadc3710ee2a5cb"
      expires:
      - Thu, 23 Jun 2022 14:34:24 GMT
      source-age:
      - '35'
      strict-transport-security:
      - max-age=31536000
      vary:
      - Authorization,Accept-Encoding,Origin
      via:
      - 1.1 varnish
      x-cache:
      - HIT
      x-cache-hits:
      - '735'
      x-content-type-options:
      - nosniff
      x-fastly-request-id:
      - 3a0a226ae39428371629a35a70995d38827eac80
      x-frame-options:
      - deny
      x-github-request-id:
      - 21B0:36D2:2D43B3:3CFF7D:62B40BF8
      x-served-by:
      - cache-qpg1268-QPG
      x-timer:
      - S1655994565.573978,VS0,VE0
      x-xss-protection:
      - 1; mode=block
    status:
      code: 200
      message: OK
- request:
    body: null
    headers:
      Accept:
      - application/json
      Accept-Encoding:
      - gzip, deflate
      CommandName:
      - vmss create
      Connection:
      - keep-alive
      ParameterSetName:
      - -l -g -n --authentication-type --admin-username --admin-password --image
      User-Agent:
      - AZURECLI/2.37.0 azsdk-python-azure-mgmt-compute/27.1.0 Python/3.8.9 (Windows-10-10.0.22000-SP0)
    method: GET
    uri: https://management.azure.com/subscriptions/00000000-0000-0000-0000-000000000000/providers/Microsoft.Compute/locations/eastus/publishers/MicrosoftWindowsServer/artifacttypes/vmimage/offers/WindowsServer/skus/2012-R2-Datacenter/versions?$top=1&$orderby=name%20desc&api-version=2022-03-01
  response:
    body:
      string: "[\r\n  {\r\n    \"location\": \"eastus\",\r\n    \"name\": \"9600.20402.220611\",\r\n
        \   \"id\": \"/Subscriptions/00000000-0000-0000-0000-000000000000/Providers/Microsoft.Compute/Locations/eastus/Publishers/MicrosoftWindowsServer/ArtifactTypes/VMImage/Offers/WindowsServer/Skus/2012-R2-Datacenter/Versions/9600.20402.220611\"\r\n
        \ }\r\n]"
    headers:
      cache-control:
      - no-cache
      content-length:
      - '313'
      content-type:
      - application/json; charset=utf-8
      date:
      - Mon, 20 Jun 2022 09:23:56 GMT
      expires:
      - '-1'
      pragma:
      - no-cache
      server:
      - Microsoft-HTTPAPI/2.0
      - Microsoft-HTTPAPI/2.0
      strict-transport-security:
      - max-age=31536000; includeSubDomains
      transfer-encoding:
      - chunked
      vary:
      - Accept-Encoding
      x-content-type-options:
      - nosniff
      x-ms-ratelimit-remaining-resource:
      - Microsoft.Compute/ListVMImagesVersionsFromLocation3Min;15999,Microsoft.Compute/ListVMImagesVersionsFromLocation30Min;43994
    status:
      code: 200
      message: OK
- request:
    body: null
    headers:
      Accept:
      - application/json
      Accept-Encoding:
      - gzip, deflate
      CommandName:
      - vmss create
      Connection:
      - keep-alive
      ParameterSetName:
      - -l -g -n --authentication-type --admin-username --admin-password --image
      User-Agent:
      - AZURECLI/2.37.0 azsdk-python-azure-mgmt-compute/27.1.0 Python/3.8.9 (Windows-10-10.0.22000-SP0)
    method: GET
    uri: https://management.azure.com/subscriptions/00000000-0000-0000-0000-000000000000/providers/Microsoft.Compute/locations/eastus/publishers/MicrosoftWindowsServer/artifacttypes/vmimage/offers/WindowsServer/skus/2012-R2-Datacenter/versions/9600.20402.220611?api-version=2022-03-01
  response:
    body:
      string: "{\r\n  \"properties\": {\r\n    \"hyperVGeneration\": \"V1\",\r\n    \"architecture\":
        \"x64\",\r\n    \"replicaType\": \"Unmanaged\",\r\n    \"disallowed\": {\r\n
        \     \"vmDiskType\": \"None\"\r\n    },\r\n    \"automaticOSUpgradeProperties\":
        {\r\n      \"automaticOSUpgradeSupported\": true\r\n    },\r\n    \"imageDeprecationStatus\":
        {\r\n      \"imageState\": \"Active\"\r\n    },\r\n    \"features\": [\r\n
        \     {\r\n        \"name\": \"IsAcceleratedNetworkSupported\",\r\n        \"value\":
        \"True\"\r\n      },\r\n      {\r\n        \"name\": \"DiskControllerTypes\",\r\n
        \       \"value\": \"SCSI\"\r\n      },\r\n      {\r\n        \"name\": \"IsHibernateSupported\",\r\n
        \       \"value\": \"False\"\r\n      }\r\n    ],\r\n    \"osDiskImage\":
        {\r\n      \"operatingSystem\": \"Windows\",\r\n      \"sizeInGb\": 128,\r\n
        \     \"sizeInBytes\": 136367309312\r\n    },\r\n    \"dataDiskImages\": []\r\n
        \ },\r\n  \"location\": \"eastus\",\r\n  \"name\": \"9600.20402.220611\",\r\n
        \ \"id\": \"/Subscriptions/00000000-0000-0000-0000-000000000000/Providers/Microsoft.Compute/Locations/eastus/Publishers/MicrosoftWindowsServer/ArtifactTypes/VMImage/Offers/WindowsServer/Skus/2012-R2-Datacenter/Versions/9600.20402.220611\"\r\n}"
    headers:
      cache-control:
      - no-cache
      content-length:
      - '1074'
      content-type:
      - application/json; charset=utf-8
      date:
      - Mon, 20 Jun 2022 09:23:58 GMT
      expires:
      - '-1'
      pragma:
      - no-cache
      server:
      - Microsoft-HTTPAPI/2.0
      - Microsoft-HTTPAPI/2.0
      strict-transport-security:
      - max-age=31536000; includeSubDomains
      transfer-encoding:
      - chunked
      vary:
      - Accept-Encoding
      x-content-type-options:
      - nosniff
      x-ms-ratelimit-remaining-resource:
      - Microsoft.Compute/GetVMImageFromLocation3Min;12999,Microsoft.Compute/GetVMImageFromLocation30Min;73996
    status:
      code: 200
      message: OK
- request:
    body: null
    headers:
      Accept:
      - application/json, text/json
      Accept-Encoding:
      - gzip, deflate
      CommandName:
      - vmss create
      Connection:
      - keep-alive
      ParameterSetName:
      - -l -g -n --authentication-type --admin-username --admin-password --image
      User-Agent:
      - AZURECLI/2.37.0 azsdk-python-azure-mgmt-network/20.0.0 Python/3.8.9 (Windows-10-10.0.22000-SP0)
    method: GET
    uri: https://management.azure.com/subscriptions/00000000-0000-0000-0000-000000000000/resourceGroups/clitest.rg000001/providers/Microsoft.Network/virtualNetworks?api-version=2018-01-01
  response:
    body:
      string: '{"value":[]}'
    headers:
      cache-control:
      - no-cache
      content-length:
      - '12'
      content-type:
      - application/json; charset=utf-8
      date:
      - Mon, 20 Jun 2022 09:23:59 GMT
      expires:
      - '-1'
      pragma:
      - no-cache
      strict-transport-security:
      - max-age=31536000; includeSubDomains
      vary:
      - Accept-Encoding
      x-content-type-options:
      - nosniff
    status:
      code: 200
      message: OK
- request:
    body: '{"properties": {"template": {"$schema": "https://schema.management.azure.com/schemas/2015-01-01/deploymentTemplate.json#",
      "contentVersion": "1.0.0.0", "parameters": {"adminPassword": {"type": "securestring",
      "metadata": {"description": "Secure adminPassword"}}}, "variables": {}, "resources":
      [{"name": "vmss1VNET", "type": "Microsoft.Network/virtualNetworks", "location":
      "eastus", "apiVersion": "2015-06-15", "dependsOn": [], "tags": {}, "properties":
      {"addressSpace": {"addressPrefixes": ["10.0.0.0/16"]}, "subnets": [{"name":
      "vmss1Subnet", "properties": {"addressPrefix": "10.0.0.0/24"}}]}}, {"apiVersion":
      "2018-01-01", "type": "Microsoft.Network/publicIPAddresses", "name": "vmss1LBPublicIP",
      "location": "eastus", "tags": {}, "dependsOn": [], "properties": {"publicIPAllocationMethod":
      "Dynamic"}}, {"type": "Microsoft.Network/loadBalancers", "name": "vmss1LB",
      "location": "eastus", "tags": {}, "apiVersion": "2018-01-01", "dependsOn": ["Microsoft.Network/virtualNetworks/vmss1VNET",
      "Microsoft.Network/publicIpAddresses/vmss1LBPublicIP"], "properties": {"backendAddressPools":
      [{"name": "vmss1LBBEPool"}], "frontendIPConfigurations": [{"name": "loadBalancerFrontEnd",
      "properties": {"publicIPAddress": {"id": "/subscriptions/00000000-0000-0000-0000-000000000000/resourceGroups/clitest.rg000001/providers/Microsoft.Network/publicIPAddresses/vmss1LBPublicIP"}}}],
      "inboundNatPools": [{"name": "vmss1LBNatPool", "properties": {"frontendIPConfiguration":
      {"id": "[concat(resourceId(''Microsoft.Network/loadBalancers'', ''vmss1LB''),
      ''/frontendIPConfigurations/'', ''loadBalancerFrontEnd'')]"}, "protocol": "tcp",
      "frontendPortRangeStart": "50000", "frontendPortRangeEnd": "50119", "backendPort":
      3389}}]}}, {"type": "Microsoft.Compute/virtualMachineScaleSets", "name": "vmss1",
      "location": "eastus", "tags": {}, "apiVersion": "2022-03-01", "dependsOn": ["Microsoft.Network/virtualNetworks/vmss1VNET",
      "Microsoft.Network/loadBalancers/vmss1LB"], "properties": {"overprovision":
      true, "upgradePolicy": {"mode": "manual", "rollingUpgradePolicy": {}}, "singlePlacementGroup":
      null, "virtualMachineProfile": {"storageProfile": {"osDisk": {"createOption":
      "FromImage", "caching": "ReadWrite", "managedDisk": {"storageAccountType": null}},
      "imageReference": {"publisher": "MicrosoftWindowsServer", "offer": "WindowsServer",
      "sku": "2012-R2-Datacenter", "version": "latest"}}, "osProfile": {"computerNamePrefix":
      "vmss10e4e", "adminUsername": "admin123", "adminPassword": "[parameters(''adminPassword'')]"},
      "networkProfile": {"networkInterfaceConfigurations": [{"name": "vmss10e4eNic",
      "properties": {"ipConfigurations": [{"name": "vmss10e4eIPConfig", "properties":
      {"subnet": {"id": "/subscriptions/00000000-0000-0000-0000-000000000000/resourceGroups/clitest.rg000001/providers/Microsoft.Network/virtualNetworks/vmss1VNET/subnets/vmss1Subnet"},
      "loadBalancerBackendAddressPools": [{"id": "/subscriptions/00000000-0000-0000-0000-000000000000/resourceGroups/clitest.rg000001/providers/Microsoft.Network/loadBalancers/vmss1LB/backendAddressPools/vmss1LBBEPool"}],
      "loadBalancerInboundNatPools": [{"id": "/subscriptions/00000000-0000-0000-0000-000000000000/resourceGroups/clitest.rg000001/providers/Microsoft.Network/loadBalancers/vmss1LB/inboundNatPools/vmss1LBNatPool"}]}}],
      "primary": "true"}}]}}, "orchestrationMode": "Uniform"}, "sku": {"name": "Standard_DS1_v2",
      "capacity": 2}}], "outputs": {"VMSS": {"type": "object", "value": "[reference(resourceId(''Microsoft.Compute/virtualMachineScaleSets'',
      ''vmss1''),providers(''Microsoft.Compute'', ''virtualMachineScaleSets'').apiVersions[0])]"}}},
      "parameters": {"adminPassword": {"value": "PasswordPassword1!"}}, "mode": "incremental"}}'
    headers:
      Accept:
      - application/json
      Accept-Encoding:
      - gzip, deflate
      CommandName:
      - vmss create
      Connection:
      - keep-alive
      Content-Length:
      - '3669'
      Content-Type:
      - application/json
      ParameterSetName:
      - -l -g -n --authentication-type --admin-username --admin-password --image
      User-Agent:
      - AZURECLI/2.37.0 azsdk-python-azure-mgmt-resource/21.1.0b1 Python/3.8.9 (Windows-10-10.0.22000-SP0)
    method: PUT
    uri: https://management.azure.com/subscriptions/00000000-0000-0000-0000-000000000000/resourcegroups/clitest.rg000001/providers/Microsoft.Resources/deployments/mock-deployment?api-version=2021-04-01
  response:
    body:
      string: '{"id":"/subscriptions/00000000-0000-0000-0000-000000000000/resourceGroups/clitest.rg000001/providers/Microsoft.Resources/deployments/vmss_deploy_tQvlO3X4hppBQhEkrj5rKTWwPOfnMIsG","name":"vmss_deploy_tQvlO3X4hppBQhEkrj5rKTWwPOfnMIsG","type":"Microsoft.Resources/deployments","properties":{"templateHash":"25422170468345643","parameters":{"adminPassword":{"type":"SecureString"}},"mode":"Incremental","provisioningState":"Accepted","timestamp":"2022-06-20T09:24:17.7435215Z","duration":"PT0.0007234S","correlationId":"befc7c2a-1796-484c-938b-92d389bb7fb3","providers":[{"namespace":"Microsoft.Network","resourceTypes":[{"resourceType":"virtualNetworks","locations":["eastus"]},{"resourceType":"publicIPAddresses","locations":["eastus"]},{"resourceType":"loadBalancers","locations":["eastus"]}]},{"namespace":"Microsoft.Compute","resourceTypes":[{"resourceType":"virtualMachineScaleSets","locations":["eastus"]}]}],"dependencies":[{"dependsOn":[{"id":"/subscriptions/00000000-0000-0000-0000-000000000000/resourceGroups/clitest.rg000001/providers/Microsoft.Network/virtualNetworks/vmss1VNET","resourceType":"Microsoft.Network/virtualNetworks","resourceName":"vmss1VNET"},{"id":"/subscriptions/00000000-0000-0000-0000-000000000000/resourceGroups/clitest.rg000001/providers/Microsoft.Network/publicIPAddresses/vmss1LBPublicIP","resourceType":"Microsoft.Network/publicIPAddresses","resourceName":"vmss1LBPublicIP"}],"id":"/subscriptions/00000000-0000-0000-0000-000000000000/resourceGroups/clitest.rg000001/providers/Microsoft.Network/loadBalancers/vmss1LB","resourceType":"Microsoft.Network/loadBalancers","resourceName":"vmss1LB"},{"dependsOn":[{"id":"/subscriptions/00000000-0000-0000-0000-000000000000/resourceGroups/clitest.rg000001/providers/Microsoft.Network/virtualNetworks/vmss1VNET","resourceType":"Microsoft.Network/virtualNetworks","resourceName":"vmss1VNET"},{"id":"/subscriptions/00000000-0000-0000-0000-000000000000/resourceGroups/clitest.rg000001/providers/Microsoft.Network/loadBalancers/vmss1LB","resourceType":"Microsoft.Network/loadBalancers","resourceName":"vmss1LB"}],"id":"/subscriptions/00000000-0000-0000-0000-000000000000/resourceGroups/clitest.rg000001/providers/Microsoft.Compute/virtualMachineScaleSets/vmss1","resourceType":"Microsoft.Compute/virtualMachineScaleSets","resourceName":"vmss1"}]}}'
    headers:
      azure-asyncoperation:
      - https://management.azure.com/subscriptions/00000000-0000-0000-0000-000000000000/resourcegroups/clitest.rg000001/providers/Microsoft.Resources/deployments/vmss_deploy_tQvlO3X4hppBQhEkrj5rKTWwPOfnMIsG/operationStatuses/08585458898315548378?api-version=2021-04-01
      cache-control:
      - no-cache
      content-length:
      - '2316'
      content-type:
      - application/json; charset=utf-8
      date:
      - Mon, 20 Jun 2022 09:24:20 GMT
      expires:
      - '-1'
      pragma:
      - no-cache
      strict-transport-security:
      - max-age=31536000; includeSubDomains
      x-content-type-options:
      - nosniff
      x-ms-ratelimit-remaining-subscription-writes:
      - '1197'
    status:
      code: 201
      message: Created
- request:
    body: null
    headers:
      Accept:
      - '*/*'
      Accept-Encoding:
      - gzip, deflate
      CommandName:
      - vmss create
      Connection:
      - keep-alive
      ParameterSetName:
      - -l -g -n --authentication-type --admin-username --admin-password --image
      User-Agent:
      - AZURECLI/2.37.0 azsdk-python-azure-mgmt-resource/21.1.0b1 Python/3.8.9 (Windows-10-10.0.22000-SP0)
    method: GET
    uri: https://management.azure.com/subscriptions/00000000-0000-0000-0000-000000000000/resourcegroups/clitest.rg000001/providers/Microsoft.Resources/deployments/mock-deployment/operationStatuses/08585458898315548378?api-version=2021-04-01
  response:
    body:
      string: '{"status":"Running"}'
    headers:
      cache-control:
      - no-cache
      content-length:
      - '20'
      content-type:
      - application/json; charset=utf-8
      date:
      - Mon, 20 Jun 2022 09:24:51 GMT
      expires:
      - '-1'
      pragma:
      - no-cache
      strict-transport-security:
      - max-age=31536000; includeSubDomains
      vary:
      - Accept-Encoding
      x-content-type-options:
      - nosniff
    status:
      code: 200
      message: OK
- request:
    body: null
    headers:
      Accept:
      - '*/*'
      Accept-Encoding:
      - gzip, deflate
      CommandName:
      - vmss create
      Connection:
      - keep-alive
      ParameterSetName:
      - -l -g -n --authentication-type --admin-username --admin-password --image
      User-Agent:
      - AZURECLI/2.37.0 azsdk-python-azure-mgmt-resource/21.1.0b1 Python/3.8.9 (Windows-10-10.0.22000-SP0)
    method: GET
    uri: https://management.azure.com/subscriptions/00000000-0000-0000-0000-000000000000/resourcegroups/clitest.rg000001/providers/Microsoft.Resources/deployments/mock-deployment/operationStatuses/08585458898315548378?api-version=2021-04-01
  response:
    body:
      string: '{"status":"Running"}'
    headers:
      cache-control:
      - no-cache
      content-length:
      - '20'
      content-type:
      - application/json; charset=utf-8
      date:
      - Mon, 20 Jun 2022 09:25:21 GMT
      expires:
      - '-1'
      pragma:
      - no-cache
      strict-transport-security:
      - max-age=31536000; includeSubDomains
      vary:
      - Accept-Encoding
      x-content-type-options:
      - nosniff
    status:
      code: 200
      message: OK
- request:
    body: null
    headers:
      Accept:
      - '*/*'
      Accept-Encoding:
      - gzip, deflate
      CommandName:
      - vmss create
      Connection:
      - keep-alive
      ParameterSetName:
      - -l -g -n --authentication-type --admin-username --admin-password --image
      User-Agent:
      - AZURECLI/2.37.0 azsdk-python-azure-mgmt-resource/21.1.0b1 Python/3.8.9 (Windows-10-10.0.22000-SP0)
    method: GET
    uri: https://management.azure.com/subscriptions/00000000-0000-0000-0000-000000000000/resourcegroups/clitest.rg000001/providers/Microsoft.Resources/deployments/mock-deployment/operationStatuses/08585458898315548378?api-version=2021-04-01
  response:
    body:
      string: '{"status":"Succeeded"}'
    headers:
      cache-control:
      - no-cache
      content-length:
      - '22'
      content-type:
      - application/json; charset=utf-8
      date:
      - Mon, 20 Jun 2022 09:25:53 GMT
      expires:
      - '-1'
      pragma:
      - no-cache
      strict-transport-security:
      - max-age=31536000; includeSubDomains
      vary:
      - Accept-Encoding
      x-content-type-options:
      - nosniff
    status:
      code: 200
      message: OK
- request:
    body: null
    headers:
      Accept:
      - '*/*'
      Accept-Encoding:
      - gzip, deflate
      CommandName:
      - vmss create
      Connection:
      - keep-alive
      ParameterSetName:
      - -l -g -n --authentication-type --admin-username --admin-password --image
      User-Agent:
      - AZURECLI/2.37.0 azsdk-python-azure-mgmt-resource/21.1.0b1 Python/3.8.9 (Windows-10-10.0.22000-SP0)
    method: GET
    uri: https://management.azure.com/subscriptions/00000000-0000-0000-0000-000000000000/resourcegroups/clitest.rg000001/providers/Microsoft.Resources/deployments/mock-deployment?api-version=2021-04-01
  response:
    body:
      string: '{"id":"/subscriptions/00000000-0000-0000-0000-000000000000/resourceGroups/clitest.rg000001/providers/Microsoft.Resources/deployments/vmss_deploy_tQvlO3X4hppBQhEkrj5rKTWwPOfnMIsG","name":"vmss_deploy_tQvlO3X4hppBQhEkrj5rKTWwPOfnMIsG","type":"Microsoft.Resources/deployments","properties":{"templateHash":"25422170468345643","parameters":{"adminPassword":{"type":"SecureString"}},"mode":"Incremental","provisioningState":"Succeeded","timestamp":"2022-06-20T09:25:37.1290155Z","duration":"PT1M19.3862174S","correlationId":"befc7c2a-1796-484c-938b-92d389bb7fb3","providers":[{"namespace":"Microsoft.Network","resourceTypes":[{"resourceType":"virtualNetworks","locations":["eastus"]},{"resourceType":"publicIPAddresses","locations":["eastus"]},{"resourceType":"loadBalancers","locations":["eastus"]}]},{"namespace":"Microsoft.Compute","resourceTypes":[{"resourceType":"virtualMachineScaleSets","locations":["eastus"]}]}],"dependencies":[{"dependsOn":[{"id":"/subscriptions/00000000-0000-0000-0000-000000000000/resourceGroups/clitest.rg000001/providers/Microsoft.Network/virtualNetworks/vmss1VNET","resourceType":"Microsoft.Network/virtualNetworks","resourceName":"vmss1VNET"},{"id":"/subscriptions/00000000-0000-0000-0000-000000000000/resourceGroups/clitest.rg000001/providers/Microsoft.Network/publicIPAddresses/vmss1LBPublicIP","resourceType":"Microsoft.Network/publicIPAddresses","resourceName":"vmss1LBPublicIP"}],"id":"/subscriptions/00000000-0000-0000-0000-000000000000/resourceGroups/clitest.rg000001/providers/Microsoft.Network/loadBalancers/vmss1LB","resourceType":"Microsoft.Network/loadBalancers","resourceName":"vmss1LB"},{"dependsOn":[{"id":"/subscriptions/00000000-0000-0000-0000-000000000000/resourceGroups/clitest.rg000001/providers/Microsoft.Network/virtualNetworks/vmss1VNET","resourceType":"Microsoft.Network/virtualNetworks","resourceName":"vmss1VNET"},{"id":"/subscriptions/00000000-0000-0000-0000-000000000000/resourceGroups/clitest.rg000001/providers/Microsoft.Network/loadBalancers/vmss1LB","resourceType":"Microsoft.Network/loadBalancers","resourceName":"vmss1LB"}],"id":"/subscriptions/00000000-0000-0000-0000-000000000000/resourceGroups/clitest.rg000001/providers/Microsoft.Compute/virtualMachineScaleSets/vmss1","resourceType":"Microsoft.Compute/virtualMachineScaleSets","resourceName":"vmss1"}],"outputs":{"vmss":{"type":"Object","value":{"singlePlacementGroup":true,"upgradePolicy":{"mode":"Manual","rollingUpgradePolicy":{"maxBatchInstancePercent":20,"maxUnhealthyInstancePercent":20,"maxUnhealthyUpgradedInstancePercent":20,"pauseTimeBetweenBatches":"PT0S"}},"virtualMachineProfile":{"osProfile":{"computerNamePrefix":"vmss10e4e","adminUsername":"admin123","windowsConfiguration":{"provisionVMAgent":true,"enableAutomaticUpdates":true,"enableVMAgentPlatformUpdates":false},"secrets":[],"allowExtensionOperations":true,"requireGuestProvisionSignal":true},"storageProfile":{"osDisk":{"osType":"Windows","createOption":"FromImage","caching":"ReadWrite","managedDisk":{"storageAccountType":"Premium_LRS"},"diskSizeGB":127},"imageReference":{"publisher":"MicrosoftWindowsServer","offer":"WindowsServer","sku":"2012-R2-Datacenter","version":"latest"}},"networkProfile":{"networkInterfaceConfigurations":[{"name":"vmss10e4eNic","properties":{"primary":true,"enableAcceleratedNetworking":false,"dnsSettings":{"dnsServers":[]},"enableIPForwarding":false,"ipConfigurations":[{"name":"vmss10e4eIPConfig","properties":{"subnet":{"id":"/subscriptions/00000000-0000-0000-0000-000000000000/resourceGroups/clitest.rg000001/providers/Microsoft.Network/virtualNetworks/vmss1VNET/subnets/vmss1Subnet"},"privateIPAddressVersion":"IPv4","loadBalancerBackendAddressPools":[{"id":"/subscriptions/00000000-0000-0000-0000-000000000000/resourceGroups/clitest.rg000001/providers/Microsoft.Network/loadBalancers/vmss1LB/backendAddressPools/vmss1LBBEPool"}],"loadBalancerInboundNatPools":[{"id":"/subscriptions/00000000-0000-0000-0000-000000000000/resourceGroups/clitest.rg000001/providers/Microsoft.Network/loadBalancers/vmss1LB/inboundNatPools/vmss1LBNatPool"}]}}]}}]}},"provisioningState":"Succeeded","overprovision":true,"doNotRunExtensionsOnOverprovisionedVMs":false,"uniqueId":"4169e08b-bf5c-4e5f-bc3a-cd0abb7802e5","timeCreated":"2022-06-20T09:24:42.8952172+00:00"}}},"outputResources":[{"id":"/subscriptions/00000000-0000-0000-0000-000000000000/resourceGroups/clitest.rg000001/providers/Microsoft.Compute/virtualMachineScaleSets/vmss1"},{"id":"/subscriptions/00000000-0000-0000-0000-000000000000/resourceGroups/clitest.rg000001/providers/Microsoft.Network/loadBalancers/vmss1LB"},{"id":"/subscriptions/00000000-0000-0000-0000-000000000000/resourceGroups/clitest.rg000001/providers/Microsoft.Network/publicIPAddresses/vmss1LBPublicIP"},{"id":"/subscriptions/00000000-0000-0000-0000-000000000000/resourceGroups/clitest.rg000001/providers/Microsoft.Network/virtualNetworks/vmss1VNET"}]}}'
    headers:
      cache-control:
      - no-cache
      content-length:
      - '4890'
      content-type:
      - application/json; charset=utf-8
      date:
      - Mon, 20 Jun 2022 09:25:53 GMT
      expires:
      - '-1'
      pragma:
      - no-cache
      strict-transport-security:
      - max-age=31536000; includeSubDomains
      vary:
      - Accept-Encoding
      x-content-type-options:
      - nosniff
    status:
      code: 200
      message: OK
- request:
    body: null
    headers:
      Accept:
      - application/json
      Accept-Encoding:
      - gzip, deflate
      CommandName:
      - vmss application set
      Connection:
      - keep-alive
      ParameterSetName:
      - -g -n --app-version-ids --app-config-overrides
      User-Agent:
      - AZURECLI/2.37.0 azsdk-python-azure-mgmt-compute/27.1.0 Python/3.8.9 (Windows-10-10.0.22000-SP0)
    method: GET
    uri: https://management.azure.com/subscriptions/00000000-0000-0000-0000-000000000000/resourceGroups/clitest.rg000001/providers/Microsoft.Compute/virtualMachineScaleSets/vmss1?api-version=2022-03-01
  response:
    body:
      string: "{\r\n  \"name\": \"vmss1\",\r\n  \"id\": \"/subscriptions/00000000-0000-0000-0000-000000000000/resourceGroups/clitest.rg000001/providers/Microsoft.Compute/virtualMachineScaleSets/vmss1\",\r\n
        \ \"type\": \"Microsoft.Compute/virtualMachineScaleSets\",\r\n  \"location\":
        \"eastus\",\r\n  \"tags\": {},\r\n  \"sku\": {\r\n    \"name\": \"Standard_DS1_v2\",\r\n
        \   \"tier\": \"Standard\",\r\n    \"capacity\": 2\r\n  },\r\n  \"properties\":
        {\r\n    \"singlePlacementGroup\": true,\r\n    \"upgradePolicy\": {\r\n      \"mode\":
        \"Manual\",\r\n      \"rollingUpgradePolicy\": {\r\n        \"maxBatchInstancePercent\":
        20,\r\n        \"maxUnhealthyInstancePercent\": 20,\r\n        \"maxUnhealthyUpgradedInstancePercent\":
        20,\r\n        \"pauseTimeBetweenBatches\": \"PT0S\"\r\n      }\r\n    },\r\n
        \   \"virtualMachineProfile\": {\r\n      \"osProfile\": {\r\n        \"computerNamePrefix\":
        \"vmss10e4e\",\r\n        \"adminUsername\": \"admin123\",\r\n        \"windowsConfiguration\":
        {\r\n          \"provisionVMAgent\": true,\r\n          \"enableAutomaticUpdates\":
        true,\r\n          \"enableVMAgentPlatformUpdates\": false\r\n        },\r\n
        \       \"secrets\": [],\r\n        \"allowExtensionOperations\": true,\r\n
        \       \"requireGuestProvisionSignal\": true\r\n      },\r\n      \"storageProfile\":
        {\r\n        \"osDisk\": {\r\n          \"osType\": \"Windows\",\r\n          \"createOption\":
        \"FromImage\",\r\n          \"caching\": \"ReadWrite\",\r\n          \"managedDisk\":
        {\r\n            \"storageAccountType\": \"Premium_LRS\"\r\n          },\r\n
        \         \"diskSizeGB\": 127\r\n        },\r\n        \"imageReference\":
        {\r\n          \"publisher\": \"MicrosoftWindowsServer\",\r\n          \"offer\":
        \"WindowsServer\",\r\n          \"sku\": \"2012-R2-Datacenter\",\r\n          \"version\":
        \"latest\"\r\n        }\r\n      },\r\n      \"networkProfile\": {\"networkInterfaceConfigurations\":[{\"name\":\"vmss10e4eNic\",\"properties\":{\"primary\":true,\"enableAcceleratedNetworking\":false,\"dnsSettings\":{\"dnsServers\":[]},\"enableIPForwarding\":false,\"ipConfigurations\":[{\"name\":\"vmss10e4eIPConfig\",\"properties\":{\"subnet\":{\"id\":\"/subscriptions/00000000-0000-0000-0000-000000000000/resourceGroups/clitest.rg000001/providers/Microsoft.Network/virtualNetworks/vmss1VNET/subnets/vmss1Subnet\"},\"privateIPAddressVersion\":\"IPv4\",\"loadBalancerBackendAddressPools\":[{\"id\":\"/subscriptions/00000000-0000-0000-0000-000000000000/resourceGroups/clitest.rg000001/providers/Microsoft.Network/loadBalancers/vmss1LB/backendAddressPools/vmss1LBBEPool\"}],\"loadBalancerInboundNatPools\":[{\"id\":\"/subscriptions/00000000-0000-0000-0000-000000000000/resourceGroups/clitest.rg000001/providers/Microsoft.Network/loadBalancers/vmss1LB/inboundNatPools/vmss1LBNatPool\"}]}}]}}]}\r\n
        \   },\r\n    \"provisioningState\": \"Succeeded\",\r\n    \"overprovision\":
        true,\r\n    \"doNotRunExtensionsOnOverprovisionedVMs\": false,\r\n    \"uniqueId\":
        \"4169e08b-bf5c-4e5f-bc3a-cd0abb7802e5\",\r\n    \"timeCreated\": \"2022-06-20T09:24:42.8952172+00:00\"\r\n
        \ }\r\n}"
    headers:
      cache-control:
      - no-cache
      content-length:
      - '2779'
      content-type:
      - application/json; charset=utf-8
      date:
      - Mon, 20 Jun 2022 09:25:54 GMT
      expires:
      - '-1'
      pragma:
      - no-cache
      server:
      - Microsoft-HTTPAPI/2.0
      - Microsoft-HTTPAPI/2.0
      strict-transport-security:
      - max-age=31536000; includeSubDomains
      transfer-encoding:
      - chunked
      vary:
      - Accept-Encoding
      x-content-type-options:
      - nosniff
      x-ms-ratelimit-remaining-resource:
      - Microsoft.Compute/GetVMScaleSet3Min;391,Microsoft.Compute/GetVMScaleSet30Min;2562
    status:
      code: 200
      message: OK
- request:
    body: '{"location": "eastus", "tags": {}, "sku": {"name": "Standard_DS1_v2", "tier":
      "Standard", "capacity": 2}, "properties": {"upgradePolicy": {"mode": "Manual",
      "rollingUpgradePolicy": {"maxBatchInstancePercent": 20, "maxUnhealthyInstancePercent":
      20, "maxUnhealthyUpgradedInstancePercent": 20, "pauseTimeBetweenBatches": "PT0S"}},
      "virtualMachineProfile": {"osProfile": {"computerNamePrefix": "vmss10e4e", "adminUsername":
      "admin123", "windowsConfiguration": {"provisionVMAgent": true, "enableAutomaticUpdates":
      true}, "secrets": [], "allowExtensionOperations": true}, "storageProfile": {"imageReference":
      {"publisher": "MicrosoftWindowsServer", "offer": "WindowsServer", "sku": "2012-R2-Datacenter",
      "version": "latest"}, "osDisk": {"caching": "ReadWrite", "createOption": "FromImage",
      "diskSizeGB": 127, "osType": "Windows", "managedDisk": {"storageAccountType":
      "Premium_LRS"}}}, "networkProfile": {"networkInterfaceConfigurations": [{"name":
      "vmss10e4eNic", "properties": {"primary": true, "enableAcceleratedNetworking":
      false, "dnsSettings": {"dnsServers": []}, "ipConfigurations": [{"name": "vmss10e4eIPConfig",
      "properties": {"subnet": {"id": "/subscriptions/00000000-0000-0000-0000-000000000000/resourceGroups/clitest.rg000001/providers/Microsoft.Network/virtualNetworks/vmss1VNET/subnets/vmss1Subnet"},
      "privateIPAddressVersion": "IPv4", "loadBalancerBackendAddressPools": [{"id":
      "/subscriptions/00000000-0000-0000-0000-000000000000/resourceGroups/clitest.rg000001/providers/Microsoft.Network/loadBalancers/vmss1LB/backendAddressPools/vmss1LBBEPool"}],
      "loadBalancerInboundNatPools": [{"id": "/subscriptions/00000000-0000-0000-0000-000000000000/resourceGroups/clitest.rg000001/providers/Microsoft.Network/loadBalancers/vmss1LB/inboundNatPools/vmss1LBNatPool"}]}}],
      "enableIPForwarding": false}}]}, "applicationProfile": {"galleryApplications":
      [{"packageReferenceId": "/subscriptions/00000000-0000-0000-0000-000000000000/resourceGroups/galleryappaccount/providers/Microsoft.Compute/galleries/MyGallery/applications/MyFirstApp/versions/1.0.0",
      "configurationReference": "null"}, {"packageReferenceId": "/subscriptions/00000000-0000-0000-0000-000000000000/resourceGroups/galleryappaccount/providers/Microsoft.Compute/galleries/MyGallery/applications/MySecondApp/versions/1.0.1",
      "configurationReference": "https://galleryappaccount.blob.core.windows.net/gallerytest/MyAppConfig"}]}},
      "overprovision": true, "doNotRunExtensionsOnOverprovisionedVMs": false, "singlePlacementGroup":
      true}}'
    headers:
      Accept:
      - application/json
      Accept-Encoding:
      - gzip, deflate
      CommandName:
      - vmss application set
      Connection:
      - keep-alive
      Content-Length:
      - '2491'
      Content-Type:
      - application/json
      ParameterSetName:
      - -g -n --app-version-ids --app-config-overrides
      User-Agent:
      - AZURECLI/2.37.0 azsdk-python-azure-mgmt-compute/27.1.0 Python/3.8.9 (Windows-10-10.0.22000-SP0)
    method: PATCH
    uri: https://management.azure.com/subscriptions/00000000-0000-0000-0000-000000000000/resourceGroups/clitest.rg000001/providers/Microsoft.Compute/virtualMachineScaleSets/vmss1?api-version=2022-03-01
  response:
    body:
      string: "{\r\n  \"name\": \"vmss1\",\r\n  \"id\": \"/subscriptions/00000000-0000-0000-0000-000000000000/resourceGroups/clitest.rg000001/providers/Microsoft.Compute/virtualMachineScaleSets/vmss1\",\r\n
        \ \"type\": \"Microsoft.Compute/virtualMachineScaleSets\",\r\n  \"location\":
        \"eastus\",\r\n  \"tags\": {},\r\n  \"sku\": {\r\n    \"name\": \"Standard_DS1_v2\",\r\n
        \   \"tier\": \"Standard\",\r\n    \"capacity\": 2\r\n  },\r\n  \"properties\":
        {\r\n    \"singlePlacementGroup\": true,\r\n    \"upgradePolicy\": {\r\n      \"mode\":
        \"Manual\",\r\n      \"rollingUpgradePolicy\": {\r\n        \"maxBatchInstancePercent\":
        20,\r\n        \"maxUnhealthyInstancePercent\": 20,\r\n        \"maxUnhealthyUpgradedInstancePercent\":
        20,\r\n        \"pauseTimeBetweenBatches\": \"PT0S\"\r\n      }\r\n    },\r\n
        \   \"virtualMachineProfile\": {\r\n      \"osProfile\": {\r\n        \"computerNamePrefix\":
        \"vmss10e4e\",\r\n        \"adminUsername\": \"admin123\",\r\n        \"windowsConfiguration\":
        {\r\n          \"provisionVMAgent\": true,\r\n          \"enableAutomaticUpdates\":
        true,\r\n          \"enableVMAgentPlatformUpdates\": false\r\n        },\r\n
        \       \"secrets\": [],\r\n        \"allowExtensionOperations\": true,\r\n
        \       \"requireGuestProvisionSignal\": true\r\n      },\r\n      \"storageProfile\":
        {\r\n        \"osDisk\": {\r\n          \"osType\": \"Windows\",\r\n          \"createOption\":
        \"FromImage\",\r\n          \"caching\": \"ReadWrite\",\r\n          \"managedDisk\":
        {\r\n            \"storageAccountType\": \"Premium_LRS\"\r\n          },\r\n
        \         \"diskSizeGB\": 127\r\n        },\r\n        \"imageReference\":
        {\r\n          \"publisher\": \"MicrosoftWindowsServer\",\r\n          \"offer\":
        \"WindowsServer\",\r\n          \"sku\": \"2012-R2-Datacenter\",\r\n          \"version\":
        \"latest\"\r\n        }\r\n      },\r\n      \"applicationProfile\": {\r\n
        \       \"galleryApplications\": [\r\n          {\r\n            \"manuallyManaged\":
        false,\r\n            \"packageReferenceId\": \"/subscriptions/00000000-0000-0000-0000-000000000000/resourceGroups/galleryappaccount/providers/Microsoft.Compute/galleries/MyGallery/applications/MyFirstApp/versions/1.0.0\",\r\n
        \           \"configurationReference\": \"null\",\r\n            \"treatFailureAsDeploymentFailure\":
        false,\r\n            \"enableAutomaticUpgrade\": false\r\n          },\r\n
        \         {\r\n            \"manuallyManaged\": false,\r\n            \"packageReferenceId\":
        \"/subscriptions/00000000-0000-0000-0000-000000000000/resourceGroups/galleryappaccount/providers/Microsoft.Compute/galleries/MyGallery/applications/MySecondApp/versions/1.0.1\",\r\n
        \           \"configurationReference\": \"https://galleryappaccount.blob.core.windows.net/gallerytest/MyAppConfig\",\r\n
        \           \"treatFailureAsDeploymentFailure\": false,\r\n            \"enableAutomaticUpgrade\":
        false\r\n          }\r\n        ]\r\n      },\r\n      \"networkProfile\":
        {\"networkInterfaceConfigurations\":[{\"name\":\"vmss10e4eNic\",\"properties\":{\"primary\":true,\"enableAcceleratedNetworking\":false,\"dnsSettings\":{\"dnsServers\":[]},\"enableIPForwarding\":false,\"ipConfigurations\":[{\"name\":\"vmss10e4eIPConfig\",\"properties\":{\"subnet\":{\"id\":\"/subscriptions/00000000-0000-0000-0000-000000000000/resourceGroups/clitest.rg000001/providers/Microsoft.Network/virtualNetworks/vmss1VNET/subnets/vmss1Subnet\"},\"privateIPAddressVersion\":\"IPv4\",\"loadBalancerBackendAddressPools\":[{\"id\":\"/subscriptions/00000000-0000-0000-0000-000000000000/resourceGroups/clitest.rg000001/providers/Microsoft.Network/loadBalancers/vmss1LB/backendAddressPools/vmss1LBBEPool\"}],\"loadBalancerInboundNatPools\":[{\"id\":\"/subscriptions/00000000-0000-0000-0000-000000000000/resourceGroups/clitest.rg000001/providers/Microsoft.Network/loadBalancers/vmss1LB/inboundNatPools/vmss1LBNatPool\"}]}}]}}]},\r\n
        \     \"extensionProfile\": {\r\n        \"extensions\": [\r\n          {\r\n
        \           \"name\": \"VMAppExtension\",\r\n            \"properties\": {\r\n
        \             \"autoUpgradeMinorVersion\": true,\r\n              \"publisher\":
        \"Microsoft.CPlat.Core\",\r\n              \"type\": \"VMApplicationManagerWindows\",\r\n
        \             \"typeHandlerVersion\": \"1.0\",\r\n              \"settings\":
        {}\r\n            }\r\n          }\r\n        ]\r\n      }\r\n    },\r\n    \"provisioningState\":
        \"Updating\",\r\n    \"overprovision\": true,\r\n    \"doNotRunExtensionsOnOverprovisionedVMs\":
        false,\r\n    \"uniqueId\": \"4169e08b-bf5c-4e5f-bc3a-cd0abb7802e5\",\r\n
        \   \"timeCreated\": \"2022-06-20T09:24:42.8952172+00:00\"\r\n  }\r\n}"
    headers:
      azure-asyncnotification:
      - Enabled
      azure-asyncoperation:
      - https://management.azure.com/subscriptions/00000000-0000-0000-0000-000000000000/providers/Microsoft.Compute/locations/eastus/operations/10457bfa-0fa0-4cb6-af00-2ebc314513ea?p=54253b73-cb53-496f-ab42-5e5ee19426f8&api-version=2022-03-01
      cache-control:
      - no-cache
      content-length:
      - '4190'
      content-type:
      - application/json; charset=utf-8
      date:
      - Mon, 20 Jun 2022 09:26:01 GMT
      expires:
      - '-1'
      pragma:
      - no-cache
      server:
      - Microsoft-HTTPAPI/2.0
      - Microsoft-HTTPAPI/2.0
      strict-transport-security:
      - max-age=31536000; includeSubDomains
      transfer-encoding:
      - chunked
      vary:
      - Accept-Encoding
      x-content-type-options:
      - nosniff
      x-ms-ratelimit-remaining-resource:
      - Microsoft.Compute/VMScaleSetActions3Min;239,Microsoft.Compute/VMScaleSetActions30Min;1196,Microsoft.Compute/VmssQueuedVMOperations;0
      x-ms-ratelimit-remaining-subscription-writes:
      - '1198'
      x-ms-request-charge:
      - '0'
    status:
      code: 200
      message: OK
- request:
    body: null
    headers:
      Accept:
      - '*/*'
      Accept-Encoding:
      - gzip, deflate
      CommandName:
      - vmss application set
      Connection:
      - keep-alive
      ParameterSetName:
      - -g -n --app-version-ids --app-config-overrides
      User-Agent:
      - AZURECLI/2.37.0 azsdk-python-azure-mgmt-compute/27.1.0 Python/3.8.9 (Windows-10-10.0.22000-SP0)
    method: GET
    uri: https://management.azure.com/subscriptions/00000000-0000-0000-0000-000000000000/providers/Microsoft.Compute/locations/eastus/operations/10457bfa-0fa0-4cb6-af00-2ebc314513ea?p=54253b73-cb53-496f-ab42-5e5ee19426f8&api-version=2022-03-01
  response:
    body:
      string: "{\r\n  \"startTime\": \"2022-06-20T09:25:59.8018685+00:00\",\r\n  \"endTime\":
        \"2022-06-20T09:26:05.0519667+00:00\",\r\n  \"status\": \"Succeeded\",\r\n
        \ \"name\": \"10457bfa-0fa0-4cb6-af00-2ebc314513ea\"\r\n}"
    headers:
      cache-control:
      - no-cache
      content-length:
      - '184'
      content-type:
      - application/json; charset=utf-8
      date:
      - Mon, 20 Jun 2022 09:26:12 GMT
      expires:
      - '-1'
      pragma:
      - no-cache
      server:
      - Microsoft-HTTPAPI/2.0
      - Microsoft-HTTPAPI/2.0
      strict-transport-security:
      - max-age=31536000; includeSubDomains
      transfer-encoding:
      - chunked
      vary:
      - Accept-Encoding
      x-content-type-options:
      - nosniff
      x-ms-ratelimit-remaining-resource:
      - Microsoft.Compute/GetOperation3Min;14995,Microsoft.Compute/GetOperation30Min;29978
    status:
      code: 200
      message: OK
- request:
    body: null
    headers:
      Accept:
      - '*/*'
      Accept-Encoding:
      - gzip, deflate
      CommandName:
      - vmss application set
      Connection:
      - keep-alive
      ParameterSetName:
      - -g -n --app-version-ids --app-config-overrides
      User-Agent:
      - AZURECLI/2.37.0 azsdk-python-azure-mgmt-compute/27.1.0 Python/3.8.9 (Windows-10-10.0.22000-SP0)
    method: GET
    uri: https://management.azure.com/subscriptions/00000000-0000-0000-0000-000000000000/resourceGroups/clitest.rg000001/providers/Microsoft.Compute/virtualMachineScaleSets/vmss1?api-version=2022-03-01
  response:
    body:
      string: "{\r\n  \"name\": \"vmss1\",\r\n  \"id\": \"/subscriptions/00000000-0000-0000-0000-000000000000/resourceGroups/clitest.rg000001/providers/Microsoft.Compute/virtualMachineScaleSets/vmss1\",\r\n
        \ \"type\": \"Microsoft.Compute/virtualMachineScaleSets\",\r\n  \"location\":
        \"eastus\",\r\n  \"tags\": {},\r\n  \"sku\": {\r\n    \"name\": \"Standard_DS1_v2\",\r\n
        \   \"tier\": \"Standard\",\r\n    \"capacity\": 2\r\n  },\r\n  \"properties\":
        {\r\n    \"singlePlacementGroup\": true,\r\n    \"upgradePolicy\": {\r\n      \"mode\":
        \"Manual\",\r\n      \"rollingUpgradePolicy\": {\r\n        \"maxBatchInstancePercent\":
        20,\r\n        \"maxUnhealthyInstancePercent\": 20,\r\n        \"maxUnhealthyUpgradedInstancePercent\":
        20,\r\n        \"pauseTimeBetweenBatches\": \"PT0S\"\r\n      }\r\n    },\r\n
        \   \"virtualMachineProfile\": {\r\n      \"osProfile\": {\r\n        \"computerNamePrefix\":
        \"vmss10e4e\",\r\n        \"adminUsername\": \"admin123\",\r\n        \"windowsConfiguration\":
        {\r\n          \"provisionVMAgent\": true,\r\n          \"enableAutomaticUpdates\":
        true,\r\n          \"enableVMAgentPlatformUpdates\": false\r\n        },\r\n
        \       \"secrets\": [],\r\n        \"allowExtensionOperations\": true,\r\n
        \       \"requireGuestProvisionSignal\": true\r\n      },\r\n      \"storageProfile\":
        {\r\n        \"osDisk\": {\r\n          \"osType\": \"Windows\",\r\n          \"createOption\":
        \"FromImage\",\r\n          \"caching\": \"ReadWrite\",\r\n          \"managedDisk\":
        {\r\n            \"storageAccountType\": \"Premium_LRS\"\r\n          },\r\n
        \         \"diskSizeGB\": 127\r\n        },\r\n        \"imageReference\":
        {\r\n          \"publisher\": \"MicrosoftWindowsServer\",\r\n          \"offer\":
        \"WindowsServer\",\r\n          \"sku\": \"2012-R2-Datacenter\",\r\n          \"version\":
        \"latest\"\r\n        }\r\n      },\r\n      \"applicationProfile\": {\r\n
        \       \"galleryApplications\": [\r\n          {\r\n            \"manuallyManaged\":
        false,\r\n            \"packageReferenceId\": \"/subscriptions/00000000-0000-0000-0000-000000000000/resourceGroups/galleryappaccount/providers/Microsoft.Compute/galleries/MyGallery/applications/MyFirstApp/versions/1.0.0\",\r\n
        \           \"configurationReference\": \"null\",\r\n            \"treatFailureAsDeploymentFailure\":
        false,\r\n            \"enableAutomaticUpgrade\": false\r\n          },\r\n
        \         {\r\n            \"manuallyManaged\": false,\r\n            \"packageReferenceId\":
        \"/subscriptions/00000000-0000-0000-0000-000000000000/resourceGroups/galleryappaccount/providers/Microsoft.Compute/galleries/MyGallery/applications/MySecondApp/versions/1.0.1\",\r\n
        \           \"configurationReference\": \"https://galleryappaccount.blob.core.windows.net/gallerytest/MyAppConfig\",\r\n
        \           \"treatFailureAsDeploymentFailure\": false,\r\n            \"enableAutomaticUpgrade\":
        false\r\n          }\r\n        ]\r\n      },\r\n      \"networkProfile\":
        {\"networkInterfaceConfigurations\":[{\"name\":\"vmss10e4eNic\",\"properties\":{\"primary\":true,\"enableAcceleratedNetworking\":false,\"dnsSettings\":{\"dnsServers\":[]},\"enableIPForwarding\":false,\"ipConfigurations\":[{\"name\":\"vmss10e4eIPConfig\",\"properties\":{\"subnet\":{\"id\":\"/subscriptions/00000000-0000-0000-0000-000000000000/resourceGroups/clitest.rg000001/providers/Microsoft.Network/virtualNetworks/vmss1VNET/subnets/vmss1Subnet\"},\"privateIPAddressVersion\":\"IPv4\",\"loadBalancerBackendAddressPools\":[{\"id\":\"/subscriptions/00000000-0000-0000-0000-000000000000/resourceGroups/clitest.rg000001/providers/Microsoft.Network/loadBalancers/vmss1LB/backendAddressPools/vmss1LBBEPool\"}],\"loadBalancerInboundNatPools\":[{\"id\":\"/subscriptions/00000000-0000-0000-0000-000000000000/resourceGroups/clitest.rg000001/providers/Microsoft.Network/loadBalancers/vmss1LB/inboundNatPools/vmss1LBNatPool\"}]}}]}}]},\r\n
        \     \"extensionProfile\": {\r\n        \"extensions\": [\r\n          {\r\n
        \           \"name\": \"VMAppExtension\",\r\n            \"properties\": {\r\n
        \             \"autoUpgradeMinorVersion\": true,\r\n              \"publisher\":
        \"Microsoft.CPlat.Core\",\r\n              \"type\": \"VMApplicationManagerWindows\",\r\n
        \             \"typeHandlerVersion\": \"1.0\",\r\n              \"settings\":
        {}\r\n            }\r\n          }\r\n        ]\r\n      }\r\n    },\r\n    \"provisioningState\":
        \"Succeeded\",\r\n    \"overprovision\": true,\r\n    \"doNotRunExtensionsOnOverprovisionedVMs\":
        false,\r\n    \"uniqueId\": \"4169e08b-bf5c-4e5f-bc3a-cd0abb7802e5\",\r\n
        \   \"timeCreated\": \"2022-06-20T09:24:42.8952172+00:00\"\r\n  }\r\n}"
    headers:
      cache-control:
      - no-cache
      content-length:
      - '4191'
      content-type:
      - application/json; charset=utf-8
      date:
      - Mon, 20 Jun 2022 09:26:12 GMT
      expires:
      - '-1'
      pragma:
      - no-cache
      server:
      - Microsoft-HTTPAPI/2.0
      - Microsoft-HTTPAPI/2.0
      strict-transport-security:
      - max-age=31536000; includeSubDomains
      transfer-encoding:
      - chunked
      vary:
      - Accept-Encoding
      x-content-type-options:
      - nosniff
      x-ms-ratelimit-remaining-resource:
      - Microsoft.Compute/GetVMScaleSet3Min;389,Microsoft.Compute/GetVMScaleSet30Min;2559
    status:
      code: 200
      message: OK
- request:
    body: null
    headers:
      Accept:
      - application/json
      Accept-Encoding:
      - gzip, deflate
      CommandName:
      - vmss application set
      Connection:
      - keep-alive
      ParameterSetName:
      - -g -n --app-version-ids --treat-deployment-as-failure
      User-Agent:
      - AZURECLI/2.37.0 azsdk-python-azure-mgmt-compute/27.1.0 Python/3.8.9 (Windows-10-10.0.22000-SP0)
    method: GET
    uri: https://management.azure.com/subscriptions/00000000-0000-0000-0000-000000000000/resourceGroups/clitest.rg000001/providers/Microsoft.Compute/virtualMachineScaleSets/vmss1?api-version=2022-03-01
  response:
    body:
      string: "{\r\n  \"name\": \"vmss1\",\r\n  \"id\": \"/subscriptions/00000000-0000-0000-0000-000000000000/resourceGroups/clitest.rg000001/providers/Microsoft.Compute/virtualMachineScaleSets/vmss1\",\r\n
        \ \"type\": \"Microsoft.Compute/virtualMachineScaleSets\",\r\n  \"location\":
        \"eastus\",\r\n  \"tags\": {},\r\n  \"sku\": {\r\n    \"name\": \"Standard_DS1_v2\",\r\n
        \   \"tier\": \"Standard\",\r\n    \"capacity\": 2\r\n  },\r\n  \"properties\":
        {\r\n    \"singlePlacementGroup\": true,\r\n    \"upgradePolicy\": {\r\n      \"mode\":
        \"Manual\",\r\n      \"rollingUpgradePolicy\": {\r\n        \"maxBatchInstancePercent\":
        20,\r\n        \"maxUnhealthyInstancePercent\": 20,\r\n        \"maxUnhealthyUpgradedInstancePercent\":
        20,\r\n        \"pauseTimeBetweenBatches\": \"PT0S\"\r\n      }\r\n    },\r\n
        \   \"virtualMachineProfile\": {\r\n      \"osProfile\": {\r\n        \"computerNamePrefix\":
        \"vmss10e4e\",\r\n        \"adminUsername\": \"admin123\",\r\n        \"windowsConfiguration\":
        {\r\n          \"provisionVMAgent\": true,\r\n          \"enableAutomaticUpdates\":
        true,\r\n          \"enableVMAgentPlatformUpdates\": false\r\n        },\r\n
        \       \"secrets\": [],\r\n        \"allowExtensionOperations\": true,\r\n
        \       \"requireGuestProvisionSignal\": true\r\n      },\r\n      \"storageProfile\":
        {\r\n        \"osDisk\": {\r\n          \"osType\": \"Windows\",\r\n          \"createOption\":
        \"FromImage\",\r\n          \"caching\": \"ReadWrite\",\r\n          \"managedDisk\":
        {\r\n            \"storageAccountType\": \"Premium_LRS\"\r\n          },\r\n
        \         \"diskSizeGB\": 127\r\n        },\r\n        \"imageReference\":
        {\r\n          \"publisher\": \"MicrosoftWindowsServer\",\r\n          \"offer\":
        \"WindowsServer\",\r\n          \"sku\": \"2012-R2-Datacenter\",\r\n          \"version\":
        \"latest\"\r\n        }\r\n      },\r\n      \"applicationProfile\": {\r\n
        \       \"galleryApplications\": [\r\n          {\r\n            \"manuallyManaged\":
        false,\r\n            \"packageReferenceId\": \"/subscriptions/00000000-0000-0000-0000-000000000000/resourceGroups/galleryappaccount/providers/Microsoft.Compute/galleries/MyGallery/applications/MyFirstApp/versions/1.0.0\",\r\n
        \           \"configurationReference\": \"null\",\r\n            \"treatFailureAsDeploymentFailure\":
        false,\r\n            \"enableAutomaticUpgrade\": false\r\n          },\r\n
        \         {\r\n            \"manuallyManaged\": false,\r\n            \"packageReferenceId\":
        \"/subscriptions/00000000-0000-0000-0000-000000000000/resourceGroups/galleryappaccount/providers/Microsoft.Compute/galleries/MyGallery/applications/MySecondApp/versions/1.0.1\",\r\n
        \           \"configurationReference\": \"https://galleryappaccount.blob.core.windows.net/gallerytest/MyAppConfig\",\r\n
        \           \"treatFailureAsDeploymentFailure\": false,\r\n            \"enableAutomaticUpgrade\":
        false\r\n          }\r\n        ]\r\n      },\r\n      \"networkProfile\":
        {\"networkInterfaceConfigurations\":[{\"name\":\"vmss10e4eNic\",\"properties\":{\"primary\":true,\"enableAcceleratedNetworking\":false,\"dnsSettings\":{\"dnsServers\":[]},\"enableIPForwarding\":false,\"ipConfigurations\":[{\"name\":\"vmss10e4eIPConfig\",\"properties\":{\"subnet\":{\"id\":\"/subscriptions/00000000-0000-0000-0000-000000000000/resourceGroups/clitest.rg000001/providers/Microsoft.Network/virtualNetworks/vmss1VNET/subnets/vmss1Subnet\"},\"privateIPAddressVersion\":\"IPv4\",\"loadBalancerBackendAddressPools\":[{\"id\":\"/subscriptions/00000000-0000-0000-0000-000000000000/resourceGroups/clitest.rg000001/providers/Microsoft.Network/loadBalancers/vmss1LB/backendAddressPools/vmss1LBBEPool\"}],\"loadBalancerInboundNatPools\":[{\"id\":\"/subscriptions/00000000-0000-0000-0000-000000000000/resourceGroups/clitest.rg000001/providers/Microsoft.Network/loadBalancers/vmss1LB/inboundNatPools/vmss1LBNatPool\"}]}}]}}]},\r\n
        \     \"extensionProfile\": {\r\n        \"extensions\": [\r\n          {\r\n
        \           \"name\": \"VMAppExtension\",\r\n            \"properties\": {\r\n
        \             \"autoUpgradeMinorVersion\": true,\r\n              \"publisher\":
        \"Microsoft.CPlat.Core\",\r\n              \"type\": \"VMApplicationManagerWindows\",\r\n
        \             \"typeHandlerVersion\": \"1.0\",\r\n              \"settings\":
        {}\r\n            }\r\n          }\r\n        ]\r\n      }\r\n    },\r\n    \"provisioningState\":
        \"Succeeded\",\r\n    \"overprovision\": true,\r\n    \"doNotRunExtensionsOnOverprovisionedVMs\":
        false,\r\n    \"uniqueId\": \"4169e08b-bf5c-4e5f-bc3a-cd0abb7802e5\",\r\n
        \   \"timeCreated\": \"2022-06-20T09:24:42.8952172+00:00\"\r\n  }\r\n}"
    headers:
      cache-control:
      - no-cache
      content-length:
      - '4191'
      content-type:
      - application/json; charset=utf-8
      date:
      - Mon, 20 Jun 2022 09:26:14 GMT
      expires:
      - '-1'
      pragma:
      - no-cache
      server:
      - Microsoft-HTTPAPI/2.0
      - Microsoft-HTTPAPI/2.0
      strict-transport-security:
      - max-age=31536000; includeSubDomains
      transfer-encoding:
      - chunked
      vary:
      - Accept-Encoding
      x-content-type-options:
      - nosniff
      x-ms-ratelimit-remaining-resource:
      - Microsoft.Compute/GetVMScaleSet3Min;388,Microsoft.Compute/GetVMScaleSet30Min;2558
    status:
      code: 200
      message: OK
- request:
    body: '{"location": "eastus", "tags": {}, "sku": {"name": "Standard_DS1_v2", "tier":
      "Standard", "capacity": 2}, "properties": {"upgradePolicy": {"mode": "Manual",
      "rollingUpgradePolicy": {"maxBatchInstancePercent": 20, "maxUnhealthyInstancePercent":
      20, "maxUnhealthyUpgradedInstancePercent": 20, "pauseTimeBetweenBatches": "PT0S"}},
      "virtualMachineProfile": {"osProfile": {"computerNamePrefix": "vmss10e4e", "adminUsername":
      "admin123", "windowsConfiguration": {"provisionVMAgent": true, "enableAutomaticUpdates":
      true}, "secrets": [], "allowExtensionOperations": true}, "storageProfile": {"imageReference":
      {"publisher": "MicrosoftWindowsServer", "offer": "WindowsServer", "sku": "2012-R2-Datacenter",
      "version": "latest"}, "osDisk": {"caching": "ReadWrite", "createOption": "FromImage",
      "diskSizeGB": 127, "osType": "Windows", "managedDisk": {"storageAccountType":
      "Premium_LRS"}}}, "networkProfile": {"networkInterfaceConfigurations": [{"name":
      "vmss10e4eNic", "properties": {"primary": true, "enableAcceleratedNetworking":
      false, "dnsSettings": {"dnsServers": []}, "ipConfigurations": [{"name": "vmss10e4eIPConfig",
      "properties": {"subnet": {"id": "/subscriptions/00000000-0000-0000-0000-000000000000/resourceGroups/clitest.rg000001/providers/Microsoft.Network/virtualNetworks/vmss1VNET/subnets/vmss1Subnet"},
      "privateIPAddressVersion": "IPv4", "loadBalancerBackendAddressPools": [{"id":
      "/subscriptions/00000000-0000-0000-0000-000000000000/resourceGroups/clitest.rg000001/providers/Microsoft.Network/loadBalancers/vmss1LB/backendAddressPools/vmss1LBBEPool"}],
      "loadBalancerInboundNatPools": [{"id": "/subscriptions/00000000-0000-0000-0000-000000000000/resourceGroups/clitest.rg000001/providers/Microsoft.Network/loadBalancers/vmss1LB/inboundNatPools/vmss1LBNatPool"}]}}],
      "enableIPForwarding": false}}]}, "extensionProfile": {"extensions": [{"name":
      "VMAppExtension", "properties": {"publisher": "Microsoft.CPlat.Core", "type":
      "VMApplicationManagerWindows", "typeHandlerVersion": "1.0", "autoUpgradeMinorVersion":
      true, "settings": {}}}]}, "applicationProfile": {"galleryApplications": [{"packageReferenceId":
      "/subscriptions/00000000-0000-0000-0000-000000000000/resourceGroups/galleryappaccount/providers/Microsoft.Compute/galleries/MyGallery/applications/MyFirstApp/versions/1.0.0",
      "treatFailureAsDeploymentFailure": true}, {"packageReferenceId": "/subscriptions/00000000-0000-0000-0000-000000000000/resourceGroups/galleryappaccount/providers/Microsoft.Compute/galleries/MyGallery/applications/MySecondApp/versions/1.0.1",
      "treatFailureAsDeploymentFailure": false}]}}, "overprovision": true, "doNotRunExtensionsOnOverprovisionedVMs":
      false, "singlePlacementGroup": true}}'
    headers:
      Accept:
      - application/json
      Accept-Encoding:
      - gzip, deflate
      CommandName:
      - vmss application set
      Connection:
      - keep-alive
      Content-Length:
      - '2675'
      Content-Type:
      - application/json
      ParameterSetName:
      - -g -n --app-version-ids --treat-deployment-as-failure
      User-Agent:
      - AZURECLI/2.37.0 azsdk-python-azure-mgmt-compute/27.1.0 Python/3.8.9 (Windows-10-10.0.22000-SP0)
    method: PATCH
    uri: https://management.azure.com/subscriptions/00000000-0000-0000-0000-000000000000/resourceGroups/clitest.rg000001/providers/Microsoft.Compute/virtualMachineScaleSets/vmss1?api-version=2022-03-01
  response:
    body:
      string: "{\r\n  \"name\": \"vmss1\",\r\n  \"id\": \"/subscriptions/00000000-0000-0000-0000-000000000000/resourceGroups/clitest.rg000001/providers/Microsoft.Compute/virtualMachineScaleSets/vmss1\",\r\n
        \ \"type\": \"Microsoft.Compute/virtualMachineScaleSets\",\r\n  \"location\":
        \"eastus\",\r\n  \"tags\": {},\r\n  \"sku\": {\r\n    \"name\": \"Standard_DS1_v2\",\r\n
        \   \"tier\": \"Standard\",\r\n    \"capacity\": 2\r\n  },\r\n  \"properties\":
        {\r\n    \"singlePlacementGroup\": true,\r\n    \"upgradePolicy\": {\r\n      \"mode\":
        \"Manual\",\r\n      \"rollingUpgradePolicy\": {\r\n        \"maxBatchInstancePercent\":
        20,\r\n        \"maxUnhealthyInstancePercent\": 20,\r\n        \"maxUnhealthyUpgradedInstancePercent\":
        20,\r\n        \"pauseTimeBetweenBatches\": \"PT0S\"\r\n      }\r\n    },\r\n
        \   \"virtualMachineProfile\": {\r\n      \"osProfile\": {\r\n        \"computerNamePrefix\":
        \"vmss10e4e\",\r\n        \"adminUsername\": \"admin123\",\r\n        \"windowsConfiguration\":
        {\r\n          \"provisionVMAgent\": true,\r\n          \"enableAutomaticUpdates\":
        true,\r\n          \"enableVMAgentPlatformUpdates\": false\r\n        },\r\n
        \       \"secrets\": [],\r\n        \"allowExtensionOperations\": true,\r\n
        \       \"requireGuestProvisionSignal\": true\r\n      },\r\n      \"storageProfile\":
        {\r\n        \"osDisk\": {\r\n          \"osType\": \"Windows\",\r\n          \"createOption\":
        \"FromImage\",\r\n          \"caching\": \"ReadWrite\",\r\n          \"managedDisk\":
        {\r\n            \"storageAccountType\": \"Premium_LRS\"\r\n          },\r\n
        \         \"diskSizeGB\": 127\r\n        },\r\n        \"imageReference\":
        {\r\n          \"publisher\": \"MicrosoftWindowsServer\",\r\n          \"offer\":
        \"WindowsServer\",\r\n          \"sku\": \"2012-R2-Datacenter\",\r\n          \"version\":
        \"latest\"\r\n        }\r\n      },\r\n      \"applicationProfile\": {\r\n
        \       \"galleryApplications\": [\r\n          {\r\n            \"manuallyManaged\":
        false,\r\n            \"packageReferenceId\": \"/subscriptions/00000000-0000-0000-0000-000000000000/resourceGroups/galleryappaccount/providers/Microsoft.Compute/galleries/MyGallery/applications/MyFirstApp/versions/1.0.0\",\r\n
        \           \"configurationReference\": \"null\",\r\n            \"treatFailureAsDeploymentFailure\":
        true,\r\n            \"enableAutomaticUpgrade\": false\r\n          },\r\n
        \         {\r\n            \"manuallyManaged\": false,\r\n            \"packageReferenceId\":
        \"/subscriptions/00000000-0000-0000-0000-000000000000/resourceGroups/galleryappaccount/providers/Microsoft.Compute/galleries/MyGallery/applications/MySecondApp/versions/1.0.1\",\r\n
        \           \"configurationReference\": \"https://galleryappaccount.blob.core.windows.net/gallerytest/MyAppConfig\",\r\n
        \           \"treatFailureAsDeploymentFailure\": false,\r\n            \"enableAutomaticUpgrade\":
        false\r\n          }\r\n        ]\r\n      },\r\n      \"networkProfile\":
        {\"networkInterfaceConfigurations\":[{\"name\":\"vmss10e4eNic\",\"properties\":{\"primary\":true,\"enableAcceleratedNetworking\":false,\"dnsSettings\":{\"dnsServers\":[]},\"enableIPForwarding\":false,\"ipConfigurations\":[{\"name\":\"vmss10e4eIPConfig\",\"properties\":{\"subnet\":{\"id\":\"/subscriptions/00000000-0000-0000-0000-000000000000/resourceGroups/clitest.rg000001/providers/Microsoft.Network/virtualNetworks/vmss1VNET/subnets/vmss1Subnet\"},\"privateIPAddressVersion\":\"IPv4\",\"loadBalancerBackendAddressPools\":[{\"id\":\"/subscriptions/00000000-0000-0000-0000-000000000000/resourceGroups/clitest.rg000001/providers/Microsoft.Network/loadBalancers/vmss1LB/backendAddressPools/vmss1LBBEPool\"}],\"loadBalancerInboundNatPools\":[{\"id\":\"/subscriptions/00000000-0000-0000-0000-000000000000/resourceGroups/clitest.rg000001/providers/Microsoft.Network/loadBalancers/vmss1LB/inboundNatPools/vmss1LBNatPool\"}]}}]}}]},\r\n
        \     \"extensionProfile\": {\r\n        \"extensions\": [\r\n          {\r\n
        \           \"name\": \"VMAppExtension\",\r\n            \"properties\": {\r\n
        \             \"autoUpgradeMinorVersion\": true,\r\n              \"publisher\":
        \"Microsoft.CPlat.Core\",\r\n              \"type\": \"VMApplicationManagerWindows\",\r\n
        \             \"typeHandlerVersion\": \"1.0\",\r\n              \"settings\":
        {}\r\n            }\r\n          }\r\n        ]\r\n      }\r\n    },\r\n    \"provisioningState\":
        \"Updating\",\r\n    \"overprovision\": true,\r\n    \"doNotRunExtensionsOnOverprovisionedVMs\":
        false,\r\n    \"uniqueId\": \"4169e08b-bf5c-4e5f-bc3a-cd0abb7802e5\",\r\n
        \   \"timeCreated\": \"2022-06-20T09:24:42.8952172+00:00\"\r\n  }\r\n}"
    headers:
      azure-asyncnotification:
      - Enabled
      azure-asyncoperation:
      - https://management.azure.com/subscriptions/00000000-0000-0000-0000-000000000000/providers/Microsoft.Compute/locations/eastus/operations/57999a01-5fb6-4297-8e16-45754ea9e527?p=54253b73-cb53-496f-ab42-5e5ee19426f8&api-version=2022-03-01
      cache-control:
      - no-cache
      content-length:
      - '4189'
      content-type:
      - application/json; charset=utf-8
      date:
      - Mon, 20 Jun 2022 09:26:21 GMT
      expires:
      - '-1'
      pragma:
      - no-cache
      server:
      - Microsoft-HTTPAPI/2.0
      - Microsoft-HTTPAPI/2.0
      strict-transport-security:
      - max-age=31536000; includeSubDomains
      transfer-encoding:
      - chunked
      vary:
      - Accept-Encoding
      x-content-type-options:
      - nosniff
      x-ms-ratelimit-remaining-resource:
      - Microsoft.Compute/VMScaleSetActions3Min;238,Microsoft.Compute/VMScaleSetActions30Min;1195,Microsoft.Compute/VmssQueuedVMOperations;0
      x-ms-ratelimit-remaining-subscription-writes:
      - '1199'
      x-ms-request-charge:
      - '0'
    status:
      code: 200
      message: OK
- request:
    body: null
    headers:
      Accept:
      - '*/*'
      Accept-Encoding:
      - gzip, deflate
      CommandName:
      - vmss application set
      Connection:
      - keep-alive
      ParameterSetName:
      - -g -n --app-version-ids --treat-deployment-as-failure
      User-Agent:
      - AZURECLI/2.37.0 azsdk-python-azure-mgmt-compute/27.1.0 Python/3.8.9 (Windows-10-10.0.22000-SP0)
    method: GET
    uri: https://management.azure.com/subscriptions/00000000-0000-0000-0000-000000000000/providers/Microsoft.Compute/locations/eastus/operations/57999a01-5fb6-4297-8e16-45754ea9e527?p=54253b73-cb53-496f-ab42-5e5ee19426f8&api-version=2022-03-01
  response:
    body:
      string: "{\r\n  \"startTime\": \"2022-06-20T09:26:19.1144999+00:00\",\r\n  \"endTime\":
        \"2022-06-20T09:26:20.426941+00:00\",\r\n  \"status\": \"Succeeded\",\r\n
        \ \"name\": \"57999a01-5fb6-4297-8e16-45754ea9e527\"\r\n}"
    headers:
      cache-control:
      - no-cache
      content-length:
      - '183'
      content-type:
      - application/json; charset=utf-8
      date:
      - Mon, 20 Jun 2022 09:26:31 GMT
      expires:
      - '-1'
      pragma:
      - no-cache
      server:
      - Microsoft-HTTPAPI/2.0
      - Microsoft-HTTPAPI/2.0
      strict-transport-security:
      - max-age=31536000; includeSubDomains
      transfer-encoding:
      - chunked
      vary:
      - Accept-Encoding
      x-content-type-options:
      - nosniff
      x-ms-ratelimit-remaining-resource:
      - Microsoft.Compute/GetOperation3Min;14995,Microsoft.Compute/GetOperation30Min;29977
    status:
      code: 200
      message: OK
- request:
    body: null
    headers:
      Accept:
      - '*/*'
      Accept-Encoding:
      - gzip, deflate
      CommandName:
      - vmss application set
      Connection:
      - keep-alive
      ParameterSetName:
      - -g -n --app-version-ids --treat-deployment-as-failure
      User-Agent:
      - AZURECLI/2.37.0 azsdk-python-azure-mgmt-compute/27.1.0 Python/3.8.9 (Windows-10-10.0.22000-SP0)
    method: GET
    uri: https://management.azure.com/subscriptions/00000000-0000-0000-0000-000000000000/resourceGroups/clitest.rg000001/providers/Microsoft.Compute/virtualMachineScaleSets/vmss1?api-version=2022-03-01
  response:
    body:
      string: "{\r\n  \"name\": \"vmss1\",\r\n  \"id\": \"/subscriptions/00000000-0000-0000-0000-000000000000/resourceGroups/clitest.rg000001/providers/Microsoft.Compute/virtualMachineScaleSets/vmss1\",\r\n
        \ \"type\": \"Microsoft.Compute/virtualMachineScaleSets\",\r\n  \"location\":
        \"eastus\",\r\n  \"tags\": {},\r\n  \"sku\": {\r\n    \"name\": \"Standard_DS1_v2\",\r\n
        \   \"tier\": \"Standard\",\r\n    \"capacity\": 2\r\n  },\r\n  \"properties\":
        {\r\n    \"singlePlacementGroup\": true,\r\n    \"upgradePolicy\": {\r\n      \"mode\":
        \"Manual\",\r\n      \"rollingUpgradePolicy\": {\r\n        \"maxBatchInstancePercent\":
        20,\r\n        \"maxUnhealthyInstancePercent\": 20,\r\n        \"maxUnhealthyUpgradedInstancePercent\":
        20,\r\n        \"pauseTimeBetweenBatches\": \"PT0S\"\r\n      }\r\n    },\r\n
        \   \"virtualMachineProfile\": {\r\n      \"osProfile\": {\r\n        \"computerNamePrefix\":
        \"vmss10e4e\",\r\n        \"adminUsername\": \"admin123\",\r\n        \"windowsConfiguration\":
        {\r\n          \"provisionVMAgent\": true,\r\n          \"enableAutomaticUpdates\":
        true,\r\n          \"enableVMAgentPlatformUpdates\": false\r\n        },\r\n
        \       \"secrets\": [],\r\n        \"allowExtensionOperations\": true,\r\n
        \       \"requireGuestProvisionSignal\": true\r\n      },\r\n      \"storageProfile\":
        {\r\n        \"osDisk\": {\r\n          \"osType\": \"Windows\",\r\n          \"createOption\":
        \"FromImage\",\r\n          \"caching\": \"ReadWrite\",\r\n          \"managedDisk\":
        {\r\n            \"storageAccountType\": \"Premium_LRS\"\r\n          },\r\n
        \         \"diskSizeGB\": 127\r\n        },\r\n        \"imageReference\":
        {\r\n          \"publisher\": \"MicrosoftWindowsServer\",\r\n          \"offer\":
        \"WindowsServer\",\r\n          \"sku\": \"2012-R2-Datacenter\",\r\n          \"version\":
        \"latest\"\r\n        }\r\n      },\r\n      \"applicationProfile\": {\r\n
        \       \"galleryApplications\": [\r\n          {\r\n            \"manuallyManaged\":
        false,\r\n            \"packageReferenceId\": \"/subscriptions/00000000-0000-0000-0000-000000000000/resourceGroups/galleryappaccount/providers/Microsoft.Compute/galleries/MyGallery/applications/MyFirstApp/versions/1.0.0\",\r\n
        \           \"configurationReference\": \"null\",\r\n            \"treatFailureAsDeploymentFailure\":
        true,\r\n            \"enableAutomaticUpgrade\": false\r\n          },\r\n
        \         {\r\n            \"manuallyManaged\": false,\r\n            \"packageReferenceId\":
        \"/subscriptions/00000000-0000-0000-0000-000000000000/resourceGroups/galleryappaccount/providers/Microsoft.Compute/galleries/MyGallery/applications/MySecondApp/versions/1.0.1\",\r\n
        \           \"configurationReference\": \"https://galleryappaccount.blob.core.windows.net/gallerytest/MyAppConfig\",\r\n
        \           \"treatFailureAsDeploymentFailure\": false,\r\n            \"enableAutomaticUpgrade\":
        false\r\n          }\r\n        ]\r\n      },\r\n      \"networkProfile\":
        {\"networkInterfaceConfigurations\":[{\"name\":\"vmss10e4eNic\",\"properties\":{\"primary\":true,\"enableAcceleratedNetworking\":false,\"dnsSettings\":{\"dnsServers\":[]},\"enableIPForwarding\":false,\"ipConfigurations\":[{\"name\":\"vmss10e4eIPConfig\",\"properties\":{\"subnet\":{\"id\":\"/subscriptions/00000000-0000-0000-0000-000000000000/resourceGroups/clitest.rg000001/providers/Microsoft.Network/virtualNetworks/vmss1VNET/subnets/vmss1Subnet\"},\"privateIPAddressVersion\":\"IPv4\",\"loadBalancerBackendAddressPools\":[{\"id\":\"/subscriptions/00000000-0000-0000-0000-000000000000/resourceGroups/clitest.rg000001/providers/Microsoft.Network/loadBalancers/vmss1LB/backendAddressPools/vmss1LBBEPool\"}],\"loadBalancerInboundNatPools\":[{\"id\":\"/subscriptions/00000000-0000-0000-0000-000000000000/resourceGroups/clitest.rg000001/providers/Microsoft.Network/loadBalancers/vmss1LB/inboundNatPools/vmss1LBNatPool\"}]}}]}}]},\r\n
        \     \"extensionProfile\": {\r\n        \"extensions\": [\r\n          {\r\n
        \           \"name\": \"VMAppExtension\",\r\n            \"properties\": {\r\n
        \             \"autoUpgradeMinorVersion\": true,\r\n              \"publisher\":
        \"Microsoft.CPlat.Core\",\r\n              \"type\": \"VMApplicationManagerWindows\",\r\n
        \             \"typeHandlerVersion\": \"1.0\",\r\n              \"settings\":
        {}\r\n            }\r\n          }\r\n        ]\r\n      }\r\n    },\r\n    \"provisioningState\":
        \"Succeeded\",\r\n    \"overprovision\": true,\r\n    \"doNotRunExtensionsOnOverprovisionedVMs\":
        false,\r\n    \"uniqueId\": \"4169e08b-bf5c-4e5f-bc3a-cd0abb7802e5\",\r\n
        \   \"timeCreated\": \"2022-06-20T09:24:42.8952172+00:00\"\r\n  }\r\n}"
    headers:
      cache-control:
      - no-cache
      content-length:
      - '4190'
      content-type:
      - application/json; charset=utf-8
      date:
      - Mon, 20 Jun 2022 09:26:31 GMT
      expires:
      - '-1'
      pragma:
      - no-cache
      server:
      - Microsoft-HTTPAPI/2.0
      - Microsoft-HTTPAPI/2.0
      strict-transport-security:
      - max-age=31536000; includeSubDomains
      transfer-encoding:
      - chunked
      vary:
      - Accept-Encoding
      x-content-type-options:
      - nosniff
      x-ms-ratelimit-remaining-resource:
      - Microsoft.Compute/GetVMScaleSet3Min;386,Microsoft.Compute/GetVMScaleSet30Min;2555
    status:
      code: 200
      message: OK
- request:
    body: null
    headers:
      Accept:
      - application/json
      Accept-Encoding:
      - gzip, deflate
      CommandName:
      - vmss application list
      Connection:
      - keep-alive
      ParameterSetName:
      - -g --name
      User-Agent:
      - AZURECLI/2.37.0 azsdk-python-azure-mgmt-compute/27.1.0 Python/3.8.9 (Windows-10-10.0.22000-SP0)
    method: GET
    uri: https://management.azure.com/subscriptions/00000000-0000-0000-0000-000000000000/resourceGroups/clitest.rg000001/providers/Microsoft.Compute/virtualMachineScaleSets/vmss1?api-version=2022-03-01
  response:
    body:
      string: "{\r\n  \"name\": \"vmss1\",\r\n  \"id\": \"/subscriptions/00000000-0000-0000-0000-000000000000/resourceGroups/clitest.rg000001/providers/Microsoft.Compute/virtualMachineScaleSets/vmss1\",\r\n
        \ \"type\": \"Microsoft.Compute/virtualMachineScaleSets\",\r\n  \"location\":
        \"eastus\",\r\n  \"tags\": {},\r\n  \"sku\": {\r\n    \"name\": \"Standard_DS1_v2\",\r\n
        \   \"tier\": \"Standard\",\r\n    \"capacity\": 2\r\n  },\r\n  \"properties\":
        {\r\n    \"singlePlacementGroup\": true,\r\n    \"upgradePolicy\": {\r\n      \"mode\":
        \"Manual\",\r\n      \"rollingUpgradePolicy\": {\r\n        \"maxBatchInstancePercent\":
        20,\r\n        \"maxUnhealthyInstancePercent\": 20,\r\n        \"maxUnhealthyUpgradedInstancePercent\":
        20,\r\n        \"pauseTimeBetweenBatches\": \"PT0S\"\r\n      }\r\n    },\r\n
        \   \"virtualMachineProfile\": {\r\n      \"osProfile\": {\r\n        \"computerNamePrefix\":
        \"vmss10e4e\",\r\n        \"adminUsername\": \"admin123\",\r\n        \"windowsConfiguration\":
        {\r\n          \"provisionVMAgent\": true,\r\n          \"enableAutomaticUpdates\":
        true,\r\n          \"enableVMAgentPlatformUpdates\": false\r\n        },\r\n
        \       \"secrets\": [],\r\n        \"allowExtensionOperations\": true,\r\n
        \       \"requireGuestProvisionSignal\": true\r\n      },\r\n      \"storageProfile\":
        {\r\n        \"osDisk\": {\r\n          \"osType\": \"Windows\",\r\n          \"createOption\":
        \"FromImage\",\r\n          \"caching\": \"ReadWrite\",\r\n          \"managedDisk\":
        {\r\n            \"storageAccountType\": \"Premium_LRS\"\r\n          },\r\n
        \         \"diskSizeGB\": 127\r\n        },\r\n        \"imageReference\":
        {\r\n          \"publisher\": \"MicrosoftWindowsServer\",\r\n          \"offer\":
        \"WindowsServer\",\r\n          \"sku\": \"2012-R2-Datacenter\",\r\n          \"version\":
        \"latest\"\r\n        }\r\n      },\r\n      \"applicationProfile\": {\r\n
        \       \"galleryApplications\": [\r\n          {\r\n            \"manuallyManaged\":
        false,\r\n            \"packageReferenceId\": \"/subscriptions/00000000-0000-0000-0000-000000000000/resourceGroups/galleryappaccount/providers/Microsoft.Compute/galleries/MyGallery/applications/MyFirstApp/versions/1.0.0\",\r\n
        \           \"configurationReference\": \"null\",\r\n            \"treatFailureAsDeploymentFailure\":
        true,\r\n            \"enableAutomaticUpgrade\": false\r\n          },\r\n
        \         {\r\n            \"manuallyManaged\": false,\r\n            \"packageReferenceId\":
        \"/subscriptions/00000000-0000-0000-0000-000000000000/resourceGroups/galleryappaccount/providers/Microsoft.Compute/galleries/MyGallery/applications/MySecondApp/versions/1.0.1\",\r\n
        \           \"configurationReference\": \"https://galleryappaccount.blob.core.windows.net/gallerytest/MyAppConfig\",\r\n
        \           \"treatFailureAsDeploymentFailure\": false,\r\n            \"enableAutomaticUpgrade\":
        false\r\n          }\r\n        ]\r\n      },\r\n      \"networkProfile\":
        {\"networkInterfaceConfigurations\":[{\"name\":\"vmss10e4eNic\",\"properties\":{\"primary\":true,\"enableAcceleratedNetworking\":false,\"dnsSettings\":{\"dnsServers\":[]},\"enableIPForwarding\":false,\"ipConfigurations\":[{\"name\":\"vmss10e4eIPConfig\",\"properties\":{\"subnet\":{\"id\":\"/subscriptions/00000000-0000-0000-0000-000000000000/resourceGroups/clitest.rg000001/providers/Microsoft.Network/virtualNetworks/vmss1VNET/subnets/vmss1Subnet\"},\"privateIPAddressVersion\":\"IPv4\",\"loadBalancerBackendAddressPools\":[{\"id\":\"/subscriptions/00000000-0000-0000-0000-000000000000/resourceGroups/clitest.rg000001/providers/Microsoft.Network/loadBalancers/vmss1LB/backendAddressPools/vmss1LBBEPool\"}],\"loadBalancerInboundNatPools\":[{\"id\":\"/subscriptions/00000000-0000-0000-0000-000000000000/resourceGroups/clitest.rg000001/providers/Microsoft.Network/loadBalancers/vmss1LB/inboundNatPools/vmss1LBNatPool\"}]}}]}}]},\r\n
        \     \"extensionProfile\": {\r\n        \"extensions\": [\r\n          {\r\n
        \           \"name\": \"VMAppExtension\",\r\n            \"properties\": {\r\n
        \             \"autoUpgradeMinorVersion\": true,\r\n              \"publisher\":
        \"Microsoft.CPlat.Core\",\r\n              \"type\": \"VMApplicationManagerWindows\",\r\n
        \             \"typeHandlerVersion\": \"1.0\",\r\n              \"settings\":
        {}\r\n            }\r\n          }\r\n        ]\r\n      }\r\n    },\r\n    \"provisioningState\":
        \"Succeeded\",\r\n    \"overprovision\": true,\r\n    \"doNotRunExtensionsOnOverprovisionedVMs\":
        false,\r\n    \"uniqueId\": \"4169e08b-bf5c-4e5f-bc3a-cd0abb7802e5\",\r\n
        \   \"timeCreated\": \"2022-06-20T09:24:42.8952172+00:00\"\r\n  }\r\n}"
    headers:
      cache-control:
      - no-cache
      content-length:
      - '4190'
      content-type:
      - application/json; charset=utf-8
      date:
      - Mon, 20 Jun 2022 09:26:32 GMT
      expires:
      - '-1'
      pragma:
      - no-cache
      server:
      - Microsoft-HTTPAPI/2.0
      - Microsoft-HTTPAPI/2.0
      strict-transport-security:
      - max-age=31536000; includeSubDomains
      transfer-encoding:
      - chunked
      vary:
      - Accept-Encoding
      x-content-type-options:
      - nosniff
      x-ms-ratelimit-remaining-resource:
      - Microsoft.Compute/GetVMScaleSet3Min;385,Microsoft.Compute/GetVMScaleSet30Min;2554
    status:
      code: 200
      message: OK
version: 1
