interactions:
- request:
    body: null
    headers:
      Accept:
      - '*/*'
      Accept-Encoding:
      - gzip, deflate
      Connection:
      - keep-alive
      User-Agent:
      - python-requests/2.31.0
    method: GET
    uri: https://raw.githubusercontent.com/Azure/azure-rest-api-specs/main/arm-compute/quickstart-templates/aliases.json
  response:
    body:
      string: "{\n  \"$schema\": \"http://schema.management.azure.com/schemas/2015-01-01/deploymentTemplate.json\"\
        ,\n  \"contentVersion\": \"1.0.0.0\",\n  \"parameters\": {},\n  \"variables\"\
        : {},\n  \"resources\": [],\n  \"outputs\": {\n    \"aliases\": {\n      \"\
        type\": \"object\",\n      \"value\": {\n        \"Linux\": {\n          \"\
        CentOS85Gen2\": {\n            \"publisher\":  \"OpenLogic\",\n          \
        \  \"offer\":  \"CentOS\",\n            \"sku\":  \"8_5-gen2\",\n        \
        \    \"version\":  \"latest\",\n            \"architecture\": \"x64\"\n  \
        \        },\n          \"Debian11\":  {\n            \"publisher\":  \"Debian\"\
        ,\n            \"offer\":  \"debian-11\",\n            \"sku\":  \"11-backports-gen2\"\
        ,\n            \"version\":  \"latest\",\n            \"architecture\": \"\
        x64\"\n          },\n          \"FlatcarLinuxFreeGen2\":  {\n            \"\
        publisher\":  \"kinvolk\",\n            \"offer\":  \"flatcar-container-linux-free\"\
        ,\n            \"sku\":  \"stable-gen2\",\n            \"version\":  \"latest\"\
        ,\n            \"architecture\": \"x64\"\n          },\n          \"OpenSuseLeap154Gen2\"\
        :  {\n            \"publisher\":  \"SUSE\",\n            \"offer\":  \"openSUSE-leap-15-4\"\
        ,\n            \"sku\":  \"gen2\",\n            \"version\":  \"latest\",\n\
        \            \"architecture\": \"x64\"\n          },\n          \"RHELRaw8LVMGen2\"\
        :  {\n            \"publisher\":  \"RedHat\",\n            \"offer\":  \"\
        RHEL\",\n            \"sku\":  \"8-lvm-gen2\",\n            \"version\": \
        \ \"latest\",\n            \"architecture\": \"x64\"\n          },\n     \
        \     \"SuseSles15SP3\": {\n            \"publisher\": \"SUSE\",\n       \
        \     \"offer\": \"sles-15-sp3\",\n            \"sku\": \"gen2\",\n      \
        \      \"version\": \"latest\",\n            \"architecture\": \"x64\"\n \
        \         },\n          \"Ubuntu2204\":  {\n            \"publisher\":  \"\
        Canonical\",\n            \"offer\":  \"0001-com-ubuntu-server-jammy\",\n\
        \            \"sku\":  \"22_04-lts-gen2\",\n            \"version\":  \"latest\"\
        ,\n            \"architecture\": \"x64\"\n          }\n        },\n      \
        \  \"Windows\": {\n          \"Win2022Datacenter\": {\n            \"publisher\"\
        : \"MicrosoftWindowsServer\",\n            \"offer\": \"WindowsServer\",\n\
        \            \"sku\": \"2022-Datacenter\",\n            \"version\": \"latest\"\
        ,\n            \"architecture\": \"x64\"\n          },\n          \"Win2022AzureEditionCore\"\
        : {\n            \"publisher\": \"MicrosoftWindowsServer\",\n            \"\
        offer\": \"WindowsServer\",\n            \"sku\": \"2022-datacenter-azure-edition-core\"\
        ,\n            \"version\": \"latest\",\n            \"architecture\": \"\
        x64\"\n          },\n          \"Win2019Datacenter\": {\n            \"publisher\"\
        : \"MicrosoftWindowsServer\",\n            \"offer\": \"WindowsServer\",\n\
        \            \"sku\": \"2019-Datacenter\",\n            \"version\": \"latest\"\
        ,\n            \"architecture\": \"x64\"\n          },\n          \"Win2016Datacenter\"\
        : {\n            \"publisher\": \"MicrosoftWindowsServer\",\n            \"\
        offer\": \"WindowsServer\",\n            \"sku\": \"2016-Datacenter\",\n \
        \           \"version\": \"latest\",\n            \"architecture\": \"x64\"\
        \n          },\n          \"Win2012R2Datacenter\": {\n            \"publisher\"\
        : \"MicrosoftWindowsServer\",\n            \"offer\": \"WindowsServer\",\n\
        \            \"sku\": \"2012-R2-Datacenter\",\n            \"version\": \"\
        latest\",\n            \"architecture\": \"x64\"\n          },\n         \
        \ \"Win2012Datacenter\": {\n            \"publisher\": \"MicrosoftWindowsServer\"\
        ,\n            \"offer\": \"WindowsServer\",\n            \"sku\": \"2012-Datacenter\"\
        ,\n            \"version\": \"latest\",\n            \"architecture\": \"\
        x64\"\n          },\n          \"Win2008R2SP1\": {\n            \"publisher\"\
        : \"MicrosoftWindowsServer\",\n            \"offer\": \"WindowsServer\",\n\
        \            \"sku\": \"2008-R2-SP1\",\n            \"version\": \"latest\"\
        ,\n            \"architecture\": \"x64\"\n          }\n        }\n      }\n\
        \    }\n  }\n}\n"
    headers:
      accept-ranges:
      - bytes
      access-control-allow-origin:
      - '*'
      cache-control:
      - max-age=300
      connection:
      - keep-alive
      content-length:
      - '3592'
      content-security-policy:
      - default-src 'none'; style-src 'unsafe-inline'; sandbox
      content-type:
      - text/plain; charset=utf-8
      cross-origin-resource-policy:
      - cross-origin
      date:
      - Fri, 13 Oct 2023 08:48:22 GMT
      etag:
      - W/"d899bf46cbe29d2f24fdd8591de45b570357fdcca02295e764b3c6c587e12212"
      expires:
      - Fri, 13 Oct 2023 08:53:22 GMT
      source-age:
      - '185'
      strict-transport-security:
      - max-age=31536000
      vary:
      - Authorization,Accept-Encoding,Origin
      via:
      - 1.1 varnish
      x-cache:
      - HIT
      x-cache-hits:
      - '1'
      x-content-type-options:
      - nosniff
      x-fastly-request-id:
      - 8965989904d3ff43b5ef46713a3e6a14c3dd165d
      x-frame-options:
      - deny
      x-github-request-id:
      - F914:215B91:6CC88:8A2AF:652860C6
      x-served-by:
      - cache-qpg1281-QPG
      x-timer:
      - S1697186902.046688,VS0,VE1
      x-xss-protection:
      - 1; mode=block
    status:
      code: 200
      message: OK
- request:
    body: null
    headers:
      Accept:
      - application/json
      Accept-Encoding:
      - gzip, deflate
      CommandName:
      - vm create
      Connection:
      - keep-alive
      ParameterSetName:
      - -l -g -n --image --admin-username --admin-password --license-type --nsg-rule
      User-Agent:
      - AZURECLI/2.53.0 azsdk-python-azure-mgmt-compute/30.0.0 Python/3.10.9 (Windows-10-10.0.22621-SP0)
    method: GET
    uri: https://management.azure.com/subscriptions/00000000-0000-0000-0000-000000000000/providers/Microsoft.Compute/locations/eastus/publishers/MicrosoftWindowsServer/artifacttypes/vmimage/offers/WindowsServer/skus/2012-R2-Datacenter/versions?$top=1&$orderby=name%20desc&api-version=2022-11-01
  response:
    body:
      string: "[\r\n  {\r\n    \"location\": \"eastus\",\r\n    \"name\": \"9600.21620.231004\"\
        ,\r\n    \"id\": \"/Subscriptions/00000000-0000-0000-0000-000000000000/Providers/Microsoft.Compute/Locations/eastus/Publishers/MicrosoftWindowsServer/ArtifactTypes/VMImage/Offers/WindowsServer/Skus/2012-R2-Datacenter/Versions/9600.21620.231004\"\
        \r\n  }\r\n]"
    headers:
      cache-control:
      - no-cache
      content-length:
      - '313'
      content-type:
      - application/json; charset=utf-8
      date:
      - Fri, 13 Oct 2023 08:48:23 GMT
      expires:
      - '-1'
      pragma:
      - no-cache
      server:
      - Microsoft-HTTPAPI/2.0
      - Microsoft-HTTPAPI/2.0
      strict-transport-security:
      - max-age=31536000; includeSubDomains
      transfer-encoding:
      - chunked
      vary:
      - Accept-Encoding
      x-content-type-options:
      - nosniff
      x-ms-ratelimit-remaining-resource:
      - Microsoft.Compute/ListVMImagesVersionsFromLocation3Min;15982,Microsoft.Compute/ListVMImagesVersionsFromLocation30Min;43980
    status:
      code: 200
      message: OK
- request:
    body: null
    headers:
      Accept:
      - application/json
      Accept-Encoding:
      - gzip, deflate
      CommandName:
      - vm create
      Connection:
      - keep-alive
      ParameterSetName:
      - -l -g -n --image --admin-username --admin-password --license-type --nsg-rule
      User-Agent:
      - AZURECLI/2.53.0 azsdk-python-azure-mgmt-compute/30.0.0 Python/3.10.9 (Windows-10-10.0.22621-SP0)
    method: GET
    uri: https://management.azure.com/subscriptions/00000000-0000-0000-0000-000000000000/providers/Microsoft.Compute/locations/eastus/publishers/MicrosoftWindowsServer/artifacttypes/vmimage/offers/WindowsServer/skus/2012-R2-Datacenter/versions/9600.21620.231004?api-version=2022-11-01
  response:
    body:
      string: "{\r\n  \"properties\": {\r\n    \"hyperVGeneration\": \"V1\",\r\n \
        \   \"architecture\": \"x64\",\r\n    \"replicaType\": \"Unmanaged\",\r\n\
        \    \"disallowed\": {\r\n      \"vmDiskType\": \"None\"\r\n    },\r\n   \
        \ \"automaticOSUpgradeProperties\": {\r\n      \"automaticOSUpgradeSupported\"\
        : true\r\n    },\r\n    \"imageDeprecationStatus\": {\r\n      \"imageState\"\
        : \"Active\"\r\n    },\r\n    \"features\": [\r\n      {\r\n        \"name\"\
        : \"IsAcceleratedNetworkSupported\",\r\n        \"value\": \"True\"\r\n  \
        \    },\r\n      {\r\n        \"name\": \"DiskControllerTypes\",\r\n     \
        \   \"value\": \"SCSI\"\r\n      },\r\n      {\r\n        \"name\": \"IsHibernateSupported\"\
        ,\r\n        \"value\": \"False\"\r\n      }\r\n    ],\r\n    \"osDiskImage\"\
        : {\r\n      \"operatingSystem\": \"Windows\",\r\n      \"sizeInBytes\": 136367309312\r\
        \n    },\r\n    \"dataDiskImages\": []\r\n  },\r\n  \"location\": \"eastus\"\
        ,\r\n  \"name\": \"9600.21620.231004\",\r\n  \"id\": \"/Subscriptions/00000000-0000-0000-0000-000000000000/Providers/Microsoft.Compute/Locations/eastus/Publishers/MicrosoftWindowsServer/ArtifactTypes/VMImage/Offers/WindowsServer/Skus/2012-R2-Datacenter/Versions/9600.21620.231004\"\
        \r\n}"
    headers:
      cache-control:
      - no-cache
      content-length:
      - '1050'
      content-type:
      - application/json; charset=utf-8
      date:
      - Fri, 13 Oct 2023 08:48:24 GMT
      expires:
      - '-1'
      pragma:
      - no-cache
      server:
      - Microsoft-HTTPAPI/2.0
      - Microsoft-HTTPAPI/2.0
      strict-transport-security:
      - max-age=31536000; includeSubDomains
      transfer-encoding:
      - chunked
      vary:
      - Accept-Encoding
      x-content-type-options:
      - nosniff
      x-ms-ratelimit-remaining-resource:
      - Microsoft.Compute/GetVMImageFromLocation3Min;12988,Microsoft.Compute/GetVMImageFromLocation30Min;73984
    status:
      code: 200
      message: OK
- request:
    body: null
    headers:
      Accept:
      - application/json
      Accept-Encoding:
      - gzip, deflate
      CommandName:
      - vm create
      Connection:
      - keep-alive
      ParameterSetName:
      - -l -g -n --image --admin-username --admin-password --license-type --nsg-rule
      User-Agent:
      - AZURECLI/2.53.0 (AAZ) azsdk-python-core/1.26.0 Python/3.10.9 (Windows-10-10.0.22621-SP0)
    method: GET
    uri: https://management.azure.com/subscriptions/00000000-0000-0000-0000-000000000000/resourceGroups/clitest.rg000001/providers/Microsoft.Network/virtualNetworks?api-version=2022-01-01
  response:
    body:
      string: '{"value":[]}'
    headers:
      cache-control:
      - no-cache
      content-length:
      - '12'
      content-type:
      - application/json; charset=utf-8
      date:
      - Fri, 13 Oct 2023 08:48:25 GMT
      expires:
      - '-1'
      pragma:
      - no-cache
      strict-transport-security:
      - max-age=31536000; includeSubDomains
      vary:
      - Accept-Encoding
      x-content-type-options:
      - nosniff
    status:
      code: 200
      message: OK
- request:
    body: null
    headers:
      Accept:
      - '*/*'
      Accept-Encoding:
      - gzip, deflate
      Connection:
      - keep-alive
      User-Agent:
      - python-requests/2.31.0
    method: GET
    uri: https://raw.githubusercontent.com/Azure/azure-rest-api-specs/main/arm-compute/quickstart-templates/aliases.json
  response:
    body:
      string: "{\n  \"$schema\": \"http://schema.management.azure.com/schemas/2015-01-01/deploymentTemplate.json\"\
        ,\n  \"contentVersion\": \"1.0.0.0\",\n  \"parameters\": {},\n  \"variables\"\
        : {},\n  \"resources\": [],\n  \"outputs\": {\n    \"aliases\": {\n      \"\
        type\": \"object\",\n      \"value\": {\n        \"Linux\": {\n          \"\
        CentOS85Gen2\": {\n            \"publisher\":  \"OpenLogic\",\n          \
        \  \"offer\":  \"CentOS\",\n            \"sku\":  \"8_5-gen2\",\n        \
        \    \"version\":  \"latest\",\n            \"architecture\": \"x64\"\n  \
        \        },\n          \"Debian11\":  {\n            \"publisher\":  \"Debian\"\
        ,\n            \"offer\":  \"debian-11\",\n            \"sku\":  \"11-backports-gen2\"\
        ,\n            \"version\":  \"latest\",\n            \"architecture\": \"\
        x64\"\n          },\n          \"FlatcarLinuxFreeGen2\":  {\n            \"\
        publisher\":  \"kinvolk\",\n            \"offer\":  \"flatcar-container-linux-free\"\
        ,\n            \"sku\":  \"stable-gen2\",\n            \"version\":  \"latest\"\
        ,\n            \"architecture\": \"x64\"\n          },\n          \"OpenSuseLeap154Gen2\"\
        :  {\n            \"publisher\":  \"SUSE\",\n            \"offer\":  \"openSUSE-leap-15-4\"\
        ,\n            \"sku\":  \"gen2\",\n            \"version\":  \"latest\",\n\
        \            \"architecture\": \"x64\"\n          },\n          \"RHELRaw8LVMGen2\"\
        :  {\n            \"publisher\":  \"RedHat\",\n            \"offer\":  \"\
        RHEL\",\n            \"sku\":  \"8-lvm-gen2\",\n            \"version\": \
        \ \"latest\",\n            \"architecture\": \"x64\"\n          },\n     \
        \     \"SuseSles15SP3\": {\n            \"publisher\": \"SUSE\",\n       \
        \     \"offer\": \"sles-15-sp3\",\n            \"sku\": \"gen2\",\n      \
        \      \"version\": \"latest\",\n            \"architecture\": \"x64\"\n \
        \         },\n          \"Ubuntu2204\":  {\n            \"publisher\":  \"\
        Canonical\",\n            \"offer\":  \"0001-com-ubuntu-server-jammy\",\n\
        \            \"sku\":  \"22_04-lts-gen2\",\n            \"version\":  \"latest\"\
        ,\n            \"architecture\": \"x64\"\n          }\n        },\n      \
        \  \"Windows\": {\n          \"Win2022Datacenter\": {\n            \"publisher\"\
        : \"MicrosoftWindowsServer\",\n            \"offer\": \"WindowsServer\",\n\
        \            \"sku\": \"2022-Datacenter\",\n            \"version\": \"latest\"\
        ,\n            \"architecture\": \"x64\"\n          },\n          \"Win2022AzureEditionCore\"\
        : {\n            \"publisher\": \"MicrosoftWindowsServer\",\n            \"\
        offer\": \"WindowsServer\",\n            \"sku\": \"2022-datacenter-azure-edition-core\"\
        ,\n            \"version\": \"latest\",\n            \"architecture\": \"\
        x64\"\n          },\n          \"Win2019Datacenter\": {\n            \"publisher\"\
        : \"MicrosoftWindowsServer\",\n            \"offer\": \"WindowsServer\",\n\
        \            \"sku\": \"2019-Datacenter\",\n            \"version\": \"latest\"\
        ,\n            \"architecture\": \"x64\"\n          },\n          \"Win2016Datacenter\"\
        : {\n            \"publisher\": \"MicrosoftWindowsServer\",\n            \"\
        offer\": \"WindowsServer\",\n            \"sku\": \"2016-Datacenter\",\n \
        \           \"version\": \"latest\",\n            \"architecture\": \"x64\"\
        \n          },\n          \"Win2012R2Datacenter\": {\n            \"publisher\"\
        : \"MicrosoftWindowsServer\",\n            \"offer\": \"WindowsServer\",\n\
        \            \"sku\": \"2012-R2-Datacenter\",\n            \"version\": \"\
        latest\",\n            \"architecture\": \"x64\"\n          },\n         \
        \ \"Win2012Datacenter\": {\n            \"publisher\": \"MicrosoftWindowsServer\"\
        ,\n            \"offer\": \"WindowsServer\",\n            \"sku\": \"2012-Datacenter\"\
        ,\n            \"version\": \"latest\",\n            \"architecture\": \"\
        x64\"\n          },\n          \"Win2008R2SP1\": {\n            \"publisher\"\
        : \"MicrosoftWindowsServer\",\n            \"offer\": \"WindowsServer\",\n\
        \            \"sku\": \"2008-R2-SP1\",\n            \"version\": \"latest\"\
        ,\n            \"architecture\": \"x64\"\n          }\n        }\n      }\n\
        \    }\n  }\n}\n"
    headers:
      accept-ranges:
      - bytes
      access-control-allow-origin:
      - '*'
      cache-control:
      - max-age=300
      connection:
      - keep-alive
      content-length:
      - '3592'
      content-security-policy:
      - default-src 'none'; style-src 'unsafe-inline'; sandbox
      content-type:
      - text/plain; charset=utf-8
      cross-origin-resource-policy:
      - cross-origin
      date:
      - Fri, 13 Oct 2023 08:48:26 GMT
      etag:
      - W/"d899bf46cbe29d2f24fdd8591de45b570357fdcca02295e764b3c6c587e12212"
      expires:
      - Fri, 13 Oct 2023 08:53:26 GMT
      source-age:
      - '190'
      strict-transport-security:
      - max-age=31536000
      vary:
      - Authorization,Accept-Encoding,Origin
      via:
      - 1.1 varnish
      x-cache:
      - HIT
      x-cache-hits:
      - '1'
      x-content-type-options:
      - nosniff
      x-fastly-request-id:
      - 394440e3c4aa736db4590edfe6b5a9a1d0b42eac
      x-frame-options:
      - deny
      x-github-request-id:
      - F914:215B91:6CC88:8A2AF:652860C6
      x-served-by:
      - cache-qpg1234-QPG
      x-timer:
      - S1697186907.745525,VS0,VE2
      x-xss-protection:
      - 1; mode=block
    status:
      code: 200
      message: OK
- request:
    body: null
    headers:
      Accept:
      - application/json
      Accept-Encoding:
      - gzip, deflate
      CommandName:
      - vm create
      Connection:
      - keep-alive
      ParameterSetName:
      - -l -g -n --image --admin-username --admin-password --license-type --nsg-rule
      User-Agent:
      - AZURECLI/2.53.0 azsdk-python-azure-mgmt-compute/30.0.0 Python/3.10.9 (Windows-10-10.0.22621-SP0)
    method: GET
    uri: https://management.azure.com/subscriptions/00000000-0000-0000-0000-000000000000/providers/Microsoft.Compute/locations/eastus/publishers/MicrosoftWindowsServer/artifacttypes/vmimage/offers/WindowsServer/skus/2012-R2-Datacenter/versions?$top=1&$orderby=name%20desc&api-version=2022-11-01
  response:
    body:
      string: "[\r\n  {\r\n    \"location\": \"eastus\",\r\n    \"name\": \"9600.21620.231004\"\
        ,\r\n    \"id\": \"/Subscriptions/00000000-0000-0000-0000-000000000000/Providers/Microsoft.Compute/Locations/eastus/Publishers/MicrosoftWindowsServer/ArtifactTypes/VMImage/Offers/WindowsServer/Skus/2012-R2-Datacenter/Versions/9600.21620.231004\"\
        \r\n  }\r\n]"
    headers:
      cache-control:
      - no-cache
      content-length:
      - '313'
      content-type:
      - application/json; charset=utf-8
      date:
      - Fri, 13 Oct 2023 08:48:27 GMT
      expires:
      - '-1'
      pragma:
      - no-cache
      server:
      - Microsoft-HTTPAPI/2.0
      - Microsoft-HTTPAPI/2.0
      strict-transport-security:
      - max-age=31536000; includeSubDomains
      transfer-encoding:
      - chunked
      vary:
      - Accept-Encoding
      x-content-type-options:
      - nosniff
      x-ms-ratelimit-remaining-resource:
      - Microsoft.Compute/ListVMImagesVersionsFromLocation3Min;15981,Microsoft.Compute/ListVMImagesVersionsFromLocation30Min;43979
    status:
      code: 200
      message: OK
- request:
    body: null
    headers:
      Accept:
      - application/json
      Accept-Encoding:
      - gzip, deflate
      CommandName:
      - vm create
      Connection:
      - keep-alive
      ParameterSetName:
      - -l -g -n --image --admin-username --admin-password --license-type --nsg-rule
      User-Agent:
      - AZURECLI/2.53.0 azsdk-python-azure-mgmt-compute/30.0.0 Python/3.10.9 (Windows-10-10.0.22621-SP0)
    method: GET
    uri: https://management.azure.com/subscriptions/00000000-0000-0000-0000-000000000000/providers/Microsoft.Compute/locations/eastus/publishers/MicrosoftWindowsServer/artifacttypes/vmimage/offers/WindowsServer/skus/2012-R2-Datacenter/versions/9600.21620.231004?api-version=2022-11-01
  response:
    body:
      string: "{\r\n  \"properties\": {\r\n    \"hyperVGeneration\": \"V1\",\r\n \
        \   \"architecture\": \"x64\",\r\n    \"replicaType\": \"Unmanaged\",\r\n\
        \    \"disallowed\": {\r\n      \"vmDiskType\": \"None\"\r\n    },\r\n   \
        \ \"automaticOSUpgradeProperties\": {\r\n      \"automaticOSUpgradeSupported\"\
        : true\r\n    },\r\n    \"imageDeprecationStatus\": {\r\n      \"imageState\"\
        : \"Active\"\r\n    },\r\n    \"features\": [\r\n      {\r\n        \"name\"\
        : \"IsAcceleratedNetworkSupported\",\r\n        \"value\": \"True\"\r\n  \
        \    },\r\n      {\r\n        \"name\": \"DiskControllerTypes\",\r\n     \
        \   \"value\": \"SCSI\"\r\n      },\r\n      {\r\n        \"name\": \"IsHibernateSupported\"\
        ,\r\n        \"value\": \"False\"\r\n      }\r\n    ],\r\n    \"osDiskImage\"\
        : {\r\n      \"operatingSystem\": \"Windows\",\r\n      \"sizeInBytes\": 136367309312\r\
        \n    },\r\n    \"dataDiskImages\": []\r\n  },\r\n  \"location\": \"eastus\"\
        ,\r\n  \"name\": \"9600.21620.231004\",\r\n  \"id\": \"/Subscriptions/00000000-0000-0000-0000-000000000000/Providers/Microsoft.Compute/Locations/eastus/Publishers/MicrosoftWindowsServer/ArtifactTypes/VMImage/Offers/WindowsServer/Skus/2012-R2-Datacenter/Versions/9600.21620.231004\"\
        \r\n}"
    headers:
      cache-control:
      - no-cache
      content-length:
      - '1050'
      content-type:
      - application/json; charset=utf-8
      date:
      - Fri, 13 Oct 2023 08:48:28 GMT
      expires:
      - '-1'
      pragma:
      - no-cache
      server:
      - Microsoft-HTTPAPI/2.0
      - Microsoft-HTTPAPI/2.0
      strict-transport-security:
      - max-age=31536000; includeSubDomains
      transfer-encoding:
      - chunked
      vary:
      - Accept-Encoding
      x-content-type-options:
      - nosniff
      x-ms-ratelimit-remaining-resource:
      - Microsoft.Compute/GetVMImageFromLocation3Min;12987,Microsoft.Compute/GetVMImageFromLocation30Min;73983
    status:
      code: 200
      message: OK
- request:
    body: null
    headers:
      Accept:
      - application/json
      Accept-Encoding:
      - gzip, deflate
      CommandName:
      - vm create
      Connection:
      - keep-alive
      ParameterSetName:
      - -l -g -n --image --admin-username --admin-password --license-type --nsg-rule
      User-Agent:
      - AZURECLI/2.53.0 azsdk-python-azure-mgmt-compute/30.0.0 Python/3.10.9 (Windows-10-10.0.22621-SP0)
    method: GET
    uri: https://management.azure.com/subscriptions/00000000-0000-0000-0000-000000000000/providers/Microsoft.Compute/locations/eastus/publishers/MicrosoftWindowsServer/artifacttypes/vmimage/offers/WindowsServer/skus/2012-R2-Datacenter/versions?$top=1&$orderby=name%20desc&api-version=2022-11-01
  response:
    body:
      string: "[\r\n  {\r\n    \"location\": \"eastus\",\r\n    \"name\": \"9600.21620.231004\"\
        ,\r\n    \"id\": \"/Subscriptions/00000000-0000-0000-0000-000000000000/Providers/Microsoft.Compute/Locations/eastus/Publishers/MicrosoftWindowsServer/ArtifactTypes/VMImage/Offers/WindowsServer/Skus/2012-R2-Datacenter/Versions/9600.21620.231004\"\
        \r\n  }\r\n]"
    headers:
      cache-control:
      - no-cache
      content-length:
      - '313'
      content-type:
      - application/json; charset=utf-8
      date:
      - Fri, 13 Oct 2023 08:48:30 GMT
      expires:
      - '-1'
      pragma:
      - no-cache
      server:
      - Microsoft-HTTPAPI/2.0
      - Microsoft-HTTPAPI/2.0
      strict-transport-security:
      - max-age=31536000; includeSubDomains
      transfer-encoding:
      - chunked
      vary:
      - Accept-Encoding
      x-content-type-options:
      - nosniff
      x-ms-ratelimit-remaining-resource:
      - Microsoft.Compute/ListVMImagesVersionsFromLocation3Min;15985,Microsoft.Compute/ListVMImagesVersionsFromLocation30Min;43978
    status:
      code: 200
      message: OK
- request:
    body: null
    headers:
      Accept:
      - application/json
      Accept-Encoding:
      - gzip, deflate
      CommandName:
      - vm create
      Connection:
      - keep-alive
      ParameterSetName:
      - -l -g -n --image --admin-username --admin-password --license-type --nsg-rule
      User-Agent:
      - AZURECLI/2.53.0 azsdk-python-azure-mgmt-compute/30.0.0 Python/3.10.9 (Windows-10-10.0.22621-SP0)
    method: GET
    uri: https://management.azure.com/subscriptions/00000000-0000-0000-0000-000000000000/providers/Microsoft.Compute/locations/eastus/publishers/MicrosoftWindowsServer/artifacttypes/vmimage/offers/WindowsServer/skus/2012-R2-Datacenter/versions/9600.21620.231004?api-version=2022-11-01
  response:
    body:
      string: "{\r\n  \"properties\": {\r\n    \"hyperVGeneration\": \"V1\",\r\n \
        \   \"architecture\": \"x64\",\r\n    \"replicaType\": \"Unmanaged\",\r\n\
        \    \"disallowed\": {\r\n      \"vmDiskType\": \"None\"\r\n    },\r\n   \
        \ \"automaticOSUpgradeProperties\": {\r\n      \"automaticOSUpgradeSupported\"\
        : true\r\n    },\r\n    \"imageDeprecationStatus\": {\r\n      \"imageState\"\
        : \"Active\"\r\n    },\r\n    \"features\": [\r\n      {\r\n        \"name\"\
        : \"IsAcceleratedNetworkSupported\",\r\n        \"value\": \"True\"\r\n  \
        \    },\r\n      {\r\n        \"name\": \"DiskControllerTypes\",\r\n     \
        \   \"value\": \"SCSI\"\r\n      },\r\n      {\r\n        \"name\": \"IsHibernateSupported\"\
        ,\r\n        \"value\": \"False\"\r\n      }\r\n    ],\r\n    \"osDiskImage\"\
        : {\r\n      \"operatingSystem\": \"Windows\",\r\n      \"sizeInBytes\": 136367309312\r\
        \n    },\r\n    \"dataDiskImages\": []\r\n  },\r\n  \"location\": \"eastus\"\
        ,\r\n  \"name\": \"9600.21620.231004\",\r\n  \"id\": \"/Subscriptions/00000000-0000-0000-0000-000000000000/Providers/Microsoft.Compute/Locations/eastus/Publishers/MicrosoftWindowsServer/ArtifactTypes/VMImage/Offers/WindowsServer/Skus/2012-R2-Datacenter/Versions/9600.21620.231004\"\
        \r\n}"
    headers:
      cache-control:
      - no-cache
      content-length:
      - '1050'
      content-type:
      - application/json; charset=utf-8
      date:
      - Fri, 13 Oct 2023 08:48:31 GMT
      expires:
      - '-1'
      pragma:
      - no-cache
      server:
      - Microsoft-HTTPAPI/2.0
      - Microsoft-HTTPAPI/2.0
      strict-transport-security:
      - max-age=31536000; includeSubDomains
      transfer-encoding:
      - chunked
      vary:
      - Accept-Encoding
      x-content-type-options:
      - nosniff
      x-ms-ratelimit-remaining-resource:
      - Microsoft.Compute/GetVMImageFromLocation3Min;12990,Microsoft.Compute/GetVMImageFromLocation30Min;73982
    status:
      code: 200
      message: OK
- request:
    body: '{"properties": {"template": {"$schema": "https://schema.management.azure.com/schemas/2015-01-01/deploymentTemplate.json#",
      "contentVersion": "1.0.0.0", "parameters": {"adminPassword": {"type": "securestring",
      "metadata": {"description": "Secure adminPassword"}}}, "variables": {}, "resources":
      [{"name": "vm1VNET", "type": "Microsoft.Network/virtualNetworks", "location":
      "eastus", "apiVersion": "2015-06-15", "dependsOn": [], "tags": {}, "properties":
      {"addressSpace": {"addressPrefixes": ["10.0.0.0/16"]}, "subnets": [{"name":
      "vm1Subnet", "properties": {"addressPrefix": "10.0.0.0/24"}}]}}, {"type": "Microsoft.Network/networkSecurityGroups",
      "name": "vm1NSG", "apiVersion": "2015-06-15", "location": "eastus", "tags":
      {}, "dependsOn": []}, {"apiVersion": "2022-01-01", "type": "Microsoft.Network/publicIPAddresses",
      "name": "vm1PublicIP", "location": "eastus", "tags": {}, "dependsOn": [], "properties":
      {"publicIPAllocationMethod": null}}, {"apiVersion": "2015-06-15", "type": "Microsoft.Network/networkInterfaces",
      "name": "vm1VMNic", "location": "eastus", "tags": {}, "dependsOn": ["Microsoft.Network/virtualNetworks/vm1VNET",
      "Microsoft.Network/networkSecurityGroups/vm1NSG", "Microsoft.Network/publicIpAddresses/vm1PublicIP"],
      "properties": {"ipConfigurations": [{"name": "ipconfigvm1", "properties": {"privateIPAllocationMethod":
      "Dynamic", "subnet": {"id": "/subscriptions/00000000-0000-0000-0000-000000000000/resourceGroups/clitest.rg000001/providers/Microsoft.Network/virtualNetworks/vm1VNET/subnets/vm1Subnet"},
      "publicIPAddress": {"id": "/subscriptions/00000000-0000-0000-0000-000000000000/resourceGroups/clitest.rg000001/providers/Microsoft.Network/publicIPAddresses/vm1PublicIP"}}}],
      "networkSecurityGroup": {"id": "/subscriptions/00000000-0000-0000-0000-000000000000/resourceGroups/clitest.rg000001/providers/Microsoft.Network/networkSecurityGroups/vm1NSG"}}},
      {"apiVersion": "2022-11-01", "type": "Microsoft.Compute/virtualMachines", "name":
      "vm1", "location": "eastus", "tags": {}, "dependsOn": ["Microsoft.Network/networkInterfaces/vm1VMNic"],
      "properties": {"hardwareProfile": {"vmSize": "Standard_DS1_v2"}, "networkProfile":
      {"networkInterfaces": [{"id": "/subscriptions/00000000-0000-0000-0000-000000000000/resourceGroups/clitest.rg000001/providers/Microsoft.Network/networkInterfaces/vm1VMNic",
      "properties": {"deleteOption": null}}]}, "storageProfile": {"osDisk": {"createOption":
      "fromImage", "name": null, "caching": "ReadWrite", "managedDisk": {"storageAccountType":
      null}}, "imageReference": {"publisher": "MicrosoftWindowsServer", "offer": "WindowsServer",
      "sku": "2012-R2-Datacenter", "version": "latest"}}, "osProfile": {"computerName":
      "vm1", "adminUsername": "clitest1234", "adminPassword": "[parameters(''adminPassword'')]"},
      "licenseType": "Windows_Server"}}], "outputs": {}}, "parameters": {"adminPassword":
      {"value": "Test123456789#"}}, "mode": "incremental"}}'
    headers:
      Accept:
      - application/json
      Accept-Encoding:
      - gzip, deflate
      CommandName:
      - vm create
      Connection:
      - keep-alive
      Content-Length:
      - '2897'
      Content-Type:
      - application/json
      ParameterSetName:
      - -l -g -n --image --admin-username --admin-password --license-type --nsg-rule
      User-Agent:
      - AZURECLI/2.53.0 azsdk-python-azure-mgmt-resource/23.1.0b2 Python/3.10.9 (Windows-10-10.0.22621-SP0)
    method: PUT
    uri: https://management.azure.com/subscriptions/00000000-0000-0000-0000-000000000000/resourcegroups/clitest.rg000001/providers/Microsoft.Resources/deployments/mock-deployment?api-version=2022-09-01
  response:
    body:
      string: '{"id":"/subscriptions/00000000-0000-0000-0000-000000000000/resourceGroups/clitest.rg000001/providers/Microsoft.Resources/deployments/vm_deploy_5XRknO3GQRT3xyBqtIxwltwP7yYUSrvt","name":"vm_deploy_5XRknO3GQRT3xyBqtIxwltwP7yYUSrvt","type":"Microsoft.Resources/deployments","properties":{"templateHash":"16758382372176822206","parameters":{"adminPassword":{"type":"SecureString"}},"mode":"Incremental","provisioningState":"Accepted","timestamp":"2023-10-13T08:48:38.364685Z","duration":"PT0.0000944S","correlationId":"f2078dcd-38c3-43af-b91e-d3eca7e2495f","providers":[{"namespace":"Microsoft.Network","resourceTypes":[{"resourceType":"virtualNetworks","locations":["eastus"]},{"resourceType":"networkSecurityGroups","locations":["eastus"]},{"resourceType":"publicIPAddresses","locations":["eastus"]},{"resourceType":"networkInterfaces","locations":["eastus"]}]},{"namespace":"Microsoft.Compute","resourceTypes":[{"resourceType":"virtualMachines","locations":["eastus"]}]}],"dependencies":[{"dependsOn":[{"id":"/subscriptions/00000000-0000-0000-0000-000000000000/resourceGroups/clitest.rg000001/providers/Microsoft.Network/virtualNetworks/vm1VNET","resourceType":"Microsoft.Network/virtualNetworks","resourceName":"vm1VNET"},{"id":"/subscriptions/00000000-0000-0000-0000-000000000000/resourceGroups/clitest.rg000001/providers/Microsoft.Network/networkSecurityGroups/vm1NSG","resourceType":"Microsoft.Network/networkSecurityGroups","resourceName":"vm1NSG"},{"id":"/subscriptions/00000000-0000-0000-0000-000000000000/resourceGroups/clitest.rg000001/providers/Microsoft.Network/publicIPAddresses/vm1PublicIP","resourceType":"Microsoft.Network/publicIPAddresses","resourceName":"vm1PublicIP"}],"id":"/subscriptions/00000000-0000-0000-0000-000000000000/resourceGroups/clitest.rg000001/providers/Microsoft.Network/networkInterfaces/vm1VMNic","resourceType":"Microsoft.Network/networkInterfaces","resourceName":"vm1VMNic"},{"dependsOn":[{"id":"/subscriptions/00000000-0000-0000-0000-000000000000/resourceGroups/clitest.rg000001/providers/Microsoft.Network/networkInterfaces/vm1VMNic","resourceType":"Microsoft.Network/networkInterfaces","resourceName":"vm1VMNic"}],"id":"/subscriptions/00000000-0000-0000-0000-000000000000/resourceGroups/clitest.rg000001/providers/Microsoft.Compute/virtualMachines/vm1","resourceType":"Microsoft.Compute/virtualMachines","resourceName":"vm1"}]}}'
    headers:
      azure-asyncoperation:
      - https://management.azure.com/subscriptions/00000000-0000-0000-0000-000000000000/resourcegroups/clitest.rg000001/providers/Microsoft.Resources/deployments/vm_deploy_5XRknO3GQRT3xyBqtIxwltwP7yYUSrvt/operationStatuses/08585044199695598402?api-version=2022-09-01
      cache-control:
      - no-cache
      content-length:
      - '2368'
      content-type:
      - application/json; charset=utf-8
      date:
      - Fri, 13 Oct 2023 08:48:38 GMT
      expires:
      - '-1'
      pragma:
      - no-cache
      strict-transport-security:
      - max-age=31536000; includeSubDomains
      x-content-type-options:
      - nosniff
      x-ms-ratelimit-remaining-subscription-writes:
      - '1196'
    status:
      code: 201
      message: Created
- request:
    body: null
    headers:
      Accept:
      - '*/*'
      Accept-Encoding:
      - gzip, deflate
      CommandName:
      - vm create
      Connection:
      - keep-alive
      ParameterSetName:
      - -l -g -n --image --admin-username --admin-password --license-type --nsg-rule
      User-Agent:
      - AZURECLI/2.53.0 azsdk-python-azure-mgmt-resource/23.1.0b2 Python/3.10.9 (Windows-10-10.0.22621-SP0)
    method: GET
    uri: https://management.azure.com/subscriptions/00000000-0000-0000-0000-000000000000/resourcegroups/clitest.rg000001/providers/Microsoft.Resources/deployments/mock-deployment/operationStatuses/08585044199695598402?api-version=2022-09-01
  response:
    body:
      string: '{"status":"Accepted"}'
    headers:
      cache-control:
      - no-cache
      content-length:
      - '21'
      content-type:
      - application/json; charset=utf-8
      date:
      - Fri, 13 Oct 2023 08:48:39 GMT
      expires:
      - '-1'
      pragma:
      - no-cache
      strict-transport-security:
      - max-age=31536000; includeSubDomains
      vary:
      - Accept-Encoding
      x-content-type-options:
      - nosniff
    status:
      code: 200
      message: OK
- request:
    body: null
    headers:
      Accept:
      - '*/*'
      Accept-Encoding:
      - gzip, deflate
      CommandName:
      - vm create
      Connection:
      - keep-alive
      ParameterSetName:
      - -l -g -n --image --admin-username --admin-password --license-type --nsg-rule
      User-Agent:
      - AZURECLI/2.53.0 azsdk-python-azure-mgmt-resource/23.1.0b2 Python/3.10.9 (Windows-10-10.0.22621-SP0)
    method: GET
    uri: https://management.azure.com/subscriptions/00000000-0000-0000-0000-000000000000/resourcegroups/clitest.rg000001/providers/Microsoft.Resources/deployments/mock-deployment/operationStatuses/08585044199695598402?api-version=2022-09-01
  response:
    body:
      string: '{"status":"Running"}'
    headers:
      cache-control:
      - no-cache
      content-length:
      - '20'
      content-type:
      - application/json; charset=utf-8
      date:
      - Fri, 13 Oct 2023 08:49:10 GMT
      expires:
      - '-1'
      pragma:
      - no-cache
      strict-transport-security:
      - max-age=31536000; includeSubDomains
      vary:
      - Accept-Encoding
      x-content-type-options:
      - nosniff
    status:
      code: 200
      message: OK
- request:
    body: null
    headers:
      Accept:
      - '*/*'
      Accept-Encoding:
      - gzip, deflate
      CommandName:
      - vm create
      Connection:
      - keep-alive
      ParameterSetName:
      - -l -g -n --image --admin-username --admin-password --license-type --nsg-rule
      User-Agent:
      - AZURECLI/2.53.0 azsdk-python-azure-mgmt-resource/23.1.0b2 Python/3.10.9 (Windows-10-10.0.22621-SP0)
    method: GET
    uri: https://management.azure.com/subscriptions/00000000-0000-0000-0000-000000000000/resourcegroups/clitest.rg000001/providers/Microsoft.Resources/deployments/mock-deployment/operationStatuses/08585044199695598402?api-version=2022-09-01
  response:
    body:
      string: '{"status":"Succeeded"}'
    headers:
      cache-control:
      - no-cache
      content-length:
      - '22'
      content-type:
      - application/json; charset=utf-8
      date:
      - Fri, 13 Oct 2023 08:49:39 GMT
      expires:
      - '-1'
      pragma:
      - no-cache
      strict-transport-security:
      - max-age=31536000; includeSubDomains
      vary:
      - Accept-Encoding
      x-content-type-options:
      - nosniff
    status:
      code: 200
      message: OK
- request:
    body: null
    headers:
      Accept:
      - '*/*'
      Accept-Encoding:
      - gzip, deflate
      CommandName:
      - vm create
      Connection:
      - keep-alive
      ParameterSetName:
      - -l -g -n --image --admin-username --admin-password --license-type --nsg-rule
      User-Agent:
      - AZURECLI/2.53.0 azsdk-python-azure-mgmt-resource/23.1.0b2 Python/3.10.9 (Windows-10-10.0.22621-SP0)
    method: GET
    uri: https://management.azure.com/subscriptions/00000000-0000-0000-0000-000000000000/resourcegroups/clitest.rg000001/providers/Microsoft.Resources/deployments/mock-deployment?api-version=2022-09-01
  response:
    body:
      string: '{"id":"/subscriptions/00000000-0000-0000-0000-000000000000/resourceGroups/clitest.rg000001/providers/Microsoft.Resources/deployments/vm_deploy_5XRknO3GQRT3xyBqtIxwltwP7yYUSrvt","name":"vm_deploy_5XRknO3GQRT3xyBqtIxwltwP7yYUSrvt","type":"Microsoft.Resources/deployments","properties":{"templateHash":"16758382372176822206","parameters":{"adminPassword":{"type":"SecureString"}},"mode":"Incremental","provisioningState":"Succeeded","timestamp":"2023-10-13T08:49:21.4600464Z","duration":"PT43.0954558S","correlationId":"f2078dcd-38c3-43af-b91e-d3eca7e2495f","providers":[{"namespace":"Microsoft.Network","resourceTypes":[{"resourceType":"virtualNetworks","locations":["eastus"]},{"resourceType":"networkSecurityGroups","locations":["eastus"]},{"resourceType":"publicIPAddresses","locations":["eastus"]},{"resourceType":"networkInterfaces","locations":["eastus"]}]},{"namespace":"Microsoft.Compute","resourceTypes":[{"resourceType":"virtualMachines","locations":["eastus"]}]}],"dependencies":[{"dependsOn":[{"id":"/subscriptions/00000000-0000-0000-0000-000000000000/resourceGroups/clitest.rg000001/providers/Microsoft.Network/virtualNetworks/vm1VNET","resourceType":"Microsoft.Network/virtualNetworks","resourceName":"vm1VNET"},{"id":"/subscriptions/00000000-0000-0000-0000-000000000000/resourceGroups/clitest.rg000001/providers/Microsoft.Network/networkSecurityGroups/vm1NSG","resourceType":"Microsoft.Network/networkSecurityGroups","resourceName":"vm1NSG"},{"id":"/subscriptions/00000000-0000-0000-0000-000000000000/resourceGroups/clitest.rg000001/providers/Microsoft.Network/publicIPAddresses/vm1PublicIP","resourceType":"Microsoft.Network/publicIPAddresses","resourceName":"vm1PublicIP"}],"id":"/subscriptions/00000000-0000-0000-0000-000000000000/resourceGroups/clitest.rg000001/providers/Microsoft.Network/networkInterfaces/vm1VMNic","resourceType":"Microsoft.Network/networkInterfaces","resourceName":"vm1VMNic"},{"dependsOn":[{"id":"/subscriptions/00000000-0000-0000-0000-000000000000/resourceGroups/clitest.rg000001/providers/Microsoft.Network/networkInterfaces/vm1VMNic","resourceType":"Microsoft.Network/networkInterfaces","resourceName":"vm1VMNic"}],"id":"/subscriptions/00000000-0000-0000-0000-000000000000/resourceGroups/clitest.rg000001/providers/Microsoft.Compute/virtualMachines/vm1","resourceType":"Microsoft.Compute/virtualMachines","resourceName":"vm1"}],"outputs":{},"outputResources":[{"id":"/subscriptions/00000000-0000-0000-0000-000000000000/resourceGroups/clitest.rg000001/providers/Microsoft.Compute/virtualMachines/vm1"},{"id":"/subscriptions/00000000-0000-0000-0000-000000000000/resourceGroups/clitest.rg000001/providers/Microsoft.Network/networkInterfaces/vm1VMNic"},{"id":"/subscriptions/00000000-0000-0000-0000-000000000000/resourceGroups/clitest.rg000001/providers/Microsoft.Network/networkSecurityGroups/vm1NSG"},{"id":"/subscriptions/00000000-0000-0000-0000-000000000000/resourceGroups/clitest.rg000001/providers/Microsoft.Network/publicIPAddresses/vm1PublicIP"},{"id":"/subscriptions/00000000-0000-0000-0000-000000000000/resourceGroups/clitest.rg000001/providers/Microsoft.Network/virtualNetworks/vm1VNET"}]}}'
    headers:
      cache-control:
      - no-cache
      content-length:
      - '3139'
      content-type:
      - application/json; charset=utf-8
      date:
      - Fri, 13 Oct 2023 08:49:40 GMT
      expires:
      - '-1'
      pragma:
      - no-cache
      strict-transport-security:
      - max-age=31536000; includeSubDomains
      vary:
      - Accept-Encoding
      x-content-type-options:
      - nosniff
    status:
      code: 200
      message: OK
- request:
    body: null
    headers:
      Accept:
      - application/json
      Accept-Encoding:
      - gzip, deflate
      CommandName:
      - vm create
      Connection:
      - keep-alive
      ParameterSetName:
      - -l -g -n --image --admin-username --admin-password --license-type --nsg-rule
      User-Agent:
      - AZURECLI/2.53.0 azsdk-python-azure-mgmt-compute/30.0.0 Python/3.10.9 (Windows-10-10.0.22621-SP0)
    method: GET
    uri: https://management.azure.com/subscriptions/00000000-0000-0000-0000-000000000000/resourceGroups/clitest.rg000001/providers/Microsoft.Compute/virtualMachines/vm1?$expand=instanceView&api-version=2022-11-01
  response:
    body:
      string: "{\r\n  \"name\": \"vm1\",\r\n  \"id\": \"/subscriptions/00000000-0000-0000-0000-000000000000/resourceGroups/clitest.rg000001/providers/Microsoft.Compute/virtualMachines/vm1\"\
        ,\r\n  \"type\": \"Microsoft.Compute/virtualMachines\",\r\n  \"location\"\
        : \"eastus\",\r\n  \"tags\": {},\r\n  \"properties\": {\r\n    \"hardwareProfile\"\
        : {\r\n      \"vmSize\": \"Standard_DS1_v2\"\r\n    },\r\n    \"provisioningState\"\
        : \"Succeeded\",\r\n    \"vmId\": \"8c044bb5-698e-4fc7-938b-0f77a72e05a8\"\
        ,\r\n    \"storageProfile\": {\r\n      \"imageReference\": {\r\n        \"\
        publisher\": \"MicrosoftWindowsServer\",\r\n        \"offer\": \"WindowsServer\"\
        ,\r\n        \"sku\": \"2012-R2-Datacenter\",\r\n        \"version\": \"latest\"\
        ,\r\n        \"exactVersion\": \"9600.21620.231004\"\r\n      },\r\n     \
        \ \"osDisk\": {\r\n        \"osType\": \"Windows\",\r\n        \"name\": \"\
        vm1_disk1_99e55eb09bcd4ace86eda8f034179b33\",\r\n        \"createOption\"\
        : \"FromImage\",\r\n        \"caching\": \"ReadWrite\",\r\n        \"managedDisk\"\
        : {\r\n          \"storageAccountType\": \"Premium_LRS\",\r\n          \"\
        id\": \"/subscriptions/00000000-0000-0000-0000-000000000000/resourceGroups/clitest.rg000001/providers/Microsoft.Compute/disks/vm1_disk1_99e55eb09bcd4ace86eda8f034179b33\"\
        \r\n        },\r\n        \"deleteOption\": \"Detach\",\r\n        \"diskSizeGB\"\
        : 127\r\n      },\r\n      \"dataDisks\": []\r\n    },\r\n    \"osProfile\"\
        : {\r\n      \"computerName\": \"vm1\",\r\n      \"adminUsername\": \"clitest1234\"\
        ,\r\n      \"windowsConfiguration\": {\r\n        \"provisionVMAgent\": true,\r\
        \n        \"enableAutomaticUpdates\": true,\r\n        \"patchSettings\":\
        \ {\r\n          \"patchMode\": \"AutomaticByOS\",\r\n          \"assessmentMode\"\
        : \"ImageDefault\"\r\n        },\r\n        \"enableVMAgentPlatformUpdates\"\
        : false\r\n      },\r\n      \"secrets\": [],\r\n      \"allowExtensionOperations\"\
        : true,\r\n      \"requireGuestProvisionSignal\": true\r\n    },\r\n    \"\
        networkProfile\": {\"networkInterfaces\":[{\"id\":\"/subscriptions/00000000-0000-0000-0000-000000000000/resourceGroups/clitest.rg000001/providers/Microsoft.Network/networkInterfaces/vm1VMNic\"\
        }]},\r\n    \"licenseType\": \"Windows_Server\",\r\n    \"instanceView\":\
        \ {\r\n      \"computerName\": \"vm1\",\r\n      \"osName\": \"Windows Server\
        \ 2012 R2 Datacenter\",\r\n      \"osVersion\": \"Microsoft Windows NT 6.3.9600.0\"\
        ,\r\n      \"vmAgent\": {\r\n        \"vmAgentVersion\": \"2.7.41491.1075\"\
        ,\r\n        \"statuses\": [\r\n          {\r\n            \"code\": \"ProvisioningState/succeeded\"\
        ,\r\n            \"level\": \"Info\",\r\n            \"displayStatus\": \"\
        Ready\",\r\n            \"message\": \"GuestAgent is running and processing\
        \ the extensions.\",\r\n            \"time\": \"2023-10-13T08:49:41.536+00:00\"\
        \r\n          }\r\n        ]\r\n      },\r\n      \"disks\": [\r\n       \
        \ {\r\n          \"name\": \"vm1_disk1_99e55eb09bcd4ace86eda8f034179b33\"\
        ,\r\n          \"statuses\": [\r\n            {\r\n              \"code\"\
        : \"ProvisioningState/succeeded\",\r\n              \"level\": \"Info\",\r\
        \n              \"displayStatus\": \"Provisioning succeeded\",\r\n       \
        \       \"time\": \"2023-10-13T08:49:02.9766892+00:00\"\r\n            }\r\
        \n          ]\r\n        }\r\n      ],\r\n      \"hyperVGeneration\": \"V1\"\
        ,\r\n      \"statuses\": [\r\n        {\r\n          \"code\": \"ProvisioningState/succeeded\"\
        ,\r\n          \"level\": \"Info\",\r\n          \"displayStatus\": \"Provisioning\
        \ succeeded\",\r\n          \"time\": \"2023-10-13T08:49:17.5545875+00:00\"\
        \r\n        },\r\n        {\r\n          \"code\": \"PowerState/running\"\
        ,\r\n          \"level\": \"Info\",\r\n          \"displayStatus\": \"VM running\"\
        \r\n        }\r\n      ]\r\n    },\r\n    \"timeCreated\": \"2023-10-13T08:49:00.3047607+00:00\"\
        \r\n  }\r\n}"
    headers:
      cache-control:
      - no-cache
      content-length:
      - '3383'
      content-type:
      - application/json; charset=utf-8
      date:
      - Fri, 13 Oct 2023 08:49:41 GMT
      expires:
      - '-1'
      pragma:
      - no-cache
      server:
      - Microsoft-HTTPAPI/2.0
      - Microsoft-HTTPAPI/2.0
      strict-transport-security:
      - max-age=31536000; includeSubDomains
      transfer-encoding:
      - chunked
      vary:
      - Accept-Encoding
      x-content-type-options:
      - nosniff
      x-ms-ratelimit-remaining-resource:
      - Microsoft.Compute/LowCostGetSubscriptionMaximum;23997,Microsoft.Compute/LowCostGetResource;32
    status:
      code: 200
      message: OK
- request:
    body: null
    headers:
      Accept:
      - application/json
      Accept-Encoding:
      - gzip, deflate
      CommandName:
      - vm create
      Connection:
      - keep-alive
      ParameterSetName:
      - -l -g -n --image --admin-username --admin-password --license-type --nsg-rule
      User-Agent:
      - AZURECLI/2.53.0 (AAZ) azsdk-python-core/1.26.0 Python/3.10.9 (Windows-10-10.0.22621-SP0)
    method: GET
    uri: https://management.azure.com/subscriptions/00000000-0000-0000-0000-000000000000/resourceGroups/clitest.rg000001/providers/Microsoft.Network/networkInterfaces/vm1VMNic?api-version=2022-01-01
  response:
    body:
      string: "{\r\n  \"name\": \"vm1VMNic\",\r\n  \"id\": \"/subscriptions/00000000-0000-0000-0000-000000000000/resourceGroups/clitest.rg000001/providers/Microsoft.Network/networkInterfaces/vm1VMNic\"\
        ,\r\n  \"etag\": \"W/\\\"4a613b08-336f-40e7-9a38-b2438b5e7a8f\\\"\",\r\n \
        \ \"tags\": {},\r\n  \"properties\": {\r\n    \"provisioningState\": \"Succeeded\"\
        ,\r\n    \"resourceGuid\": \"478a8819-946d-4cc8-bed1-b9e81ab7cfe7\",\r\n \
        \   \"ipConfigurations\": [\r\n      {\r\n        \"name\": \"ipconfigvm1\"\
        ,\r\n        \"id\": \"/subscriptions/00000000-0000-0000-0000-000000000000/resourceGroups/clitest.rg000001/providers/Microsoft.Network/networkInterfaces/vm1VMNic/ipConfigurations/ipconfigvm1\"\
        ,\r\n        \"etag\": \"W/\\\"4a613b08-336f-40e7-9a38-b2438b5e7a8f\\\"\"\
        ,\r\n        \"type\": \"Microsoft.Network/networkInterfaces/ipConfigurations\"\
        ,\r\n        \"properties\": {\r\n          \"provisioningState\": \"Succeeded\"\
        ,\r\n          \"privateIPAddress\": \"10.0.0.4\",\r\n          \"privateIPAllocationMethod\"\
        : \"Dynamic\",\r\n          \"publicIPAddress\": {\r\n            \"id\":\
        \ \"/subscriptions/00000000-0000-0000-0000-000000000000/resourceGroups/clitest.rg000001/providers/Microsoft.Network/publicIPAddresses/vm1PublicIP\"\
        \r\n          },\r\n          \"subnet\": {\r\n            \"id\": \"/subscriptions/00000000-0000-0000-0000-000000000000/resourceGroups/clitest.rg000001/providers/Microsoft.Network/virtualNetworks/vm1VNET/subnets/vm1Subnet\"\
        \r\n          },\r\n          \"primary\": true,\r\n          \"privateIPAddressVersion\"\
        : \"IPv4\"\r\n        }\r\n      }\r\n    ],\r\n    \"dnsSettings\": {\r\n\
        \      \"dnsServers\": [],\r\n      \"appliedDnsServers\": [],\r\n      \"\
        internalDomainNameSuffix\": \"u0ljwhloqerupjjbqnrczjsxjg.bx.internal.cloudapp.net\"\
        \r\n    },\r\n    \"macAddress\": \"00-22-48-2B-54-D7\",\r\n    \"enableAcceleratedNetworking\"\
        : false,\r\n    \"vnetEncryptionSupported\": false,\r\n    \"enableIPForwarding\"\
        : false,\r\n    \"networkSecurityGroup\": {\r\n      \"id\": \"/subscriptions/00000000-0000-0000-0000-000000000000/resourceGroups/clitest.rg000001/providers/Microsoft.Network/networkSecurityGroups/vm1NSG\"\
        \r\n    },\r\n    \"primary\": true,\r\n    \"virtualMachine\": {\r\n    \
        \  \"id\": \"/subscriptions/00000000-0000-0000-0000-000000000000/resourceGroups/clitest.rg000001/providers/Microsoft.Compute/virtualMachines/vm1\"\
        \r\n    },\r\n    \"hostedWorkloads\": [],\r\n    \"tapConfigurations\": [],\r\
        \n    \"nicType\": \"Standard\",\r\n    \"allowPort25Out\": true,\r\n    \"\
        auxiliaryMode\": \"None\"\r\n  },\r\n  \"type\": \"Microsoft.Network/networkInterfaces\"\
        ,\r\n  \"location\": \"eastus\",\r\n  \"kind\": \"Regular\"\r\n}"
    headers:
      cache-control:
      - no-cache
      content-length:
      - '2420'
      content-type:
      - application/json; charset=utf-8
      date:
      - Fri, 13 Oct 2023 08:49:42 GMT
      etag:
      - W/"4a613b08-336f-40e7-9a38-b2438b5e7a8f"
      expires:
      - '-1'
      pragma:
      - no-cache
      server:
      - Microsoft-HTTPAPI/2.0
      - Microsoft-HTTPAPI/2.0
      strict-transport-security:
      - max-age=31536000; includeSubDomains
      transfer-encoding:
      - chunked
      vary:
      - Accept-Encoding
      x-content-type-options:
      - nosniff
      x-ms-arm-service-request-id:
      - 749d8494-b3e3-4fca-bef1-94c1b371a4e6
    status:
      code: 200
      message: OK
- request:
    body: null
    headers:
      Accept:
      - application/json
      Accept-Encoding:
      - gzip, deflate
      CommandName:
      - vm create
      Connection:
      - keep-alive
      ParameterSetName:
      - -l -g -n --image --admin-username --admin-password --license-type --nsg-rule
      User-Agent:
      - AZURECLI/2.53.0 (AAZ) azsdk-python-core/1.26.0 Python/3.10.9 (Windows-10-10.0.22621-SP0)
    method: GET
    uri: https://management.azure.com/subscriptions/00000000-0000-0000-0000-000000000000/resourceGroups/clitest.rg000001/providers/Microsoft.Network/publicIPAddresses/vm1PublicIP?api-version=2022-01-01
  response:
    body:
      string: "{\r\n  \"name\": \"vm1PublicIP\",\r\n  \"id\": \"/subscriptions/00000000-0000-0000-0000-000000000000/resourceGroups/clitest.rg000001/providers/Microsoft.Network/publicIPAddresses/vm1PublicIP\"\
        ,\r\n  \"etag\": \"W/\\\"97d7d094-a402-45ad-91c7-cbb3d5f1039a\\\"\",\r\n \
        \ \"location\": \"eastus\",\r\n  \"tags\": {},\r\n  \"properties\": {\r\n\
        \    \"provisioningState\": \"Succeeded\",\r\n    \"resourceGuid\": \"35bf1840-3f73-4cde-8f81-a46e2b3c6669\"\
        ,\r\n    \"ipAddress\": \"20.124.198.103\",\r\n    \"publicIPAddressVersion\"\
        : \"IPv4\",\r\n    \"publicIPAllocationMethod\": \"Dynamic\",\r\n    \"idleTimeoutInMinutes\"\
        : 4,\r\n    \"ipTags\": [],\r\n    \"ipConfiguration\": {\r\n      \"id\"\
        : \"/subscriptions/00000000-0000-0000-0000-000000000000/resourceGroups/clitest.rg000001/providers/Microsoft.Network/networkInterfaces/vm1VMNic/ipConfigurations/ipconfigvm1\"\
        \r\n    }\r\n  },\r\n  \"type\": \"Microsoft.Network/publicIPAddresses\",\r\
        \n  \"sku\": {\r\n    \"name\": \"Basic\",\r\n    \"tier\": \"Regional\"\r\
        \n  }\r\n}"
    headers:
      cache-control:
      - no-cache
      content-length:
      - '905'
      content-type:
      - application/json; charset=utf-8
      date:
      - Fri, 13 Oct 2023 08:49:43 GMT
      etag:
      - W/"97d7d094-a402-45ad-91c7-cbb3d5f1039a"
      expires:
      - '-1'
      pragma:
      - no-cache
      server:
      - Microsoft-HTTPAPI/2.0
      - Microsoft-HTTPAPI/2.0
      strict-transport-security:
      - max-age=31536000; includeSubDomains
      transfer-encoding:
      - chunked
      vary:
      - Accept-Encoding
      x-content-type-options:
      - nosniff
      x-ms-arm-service-request-id:
      - a5b4c9e3-a3c3-4afb-8972-87c84ff710d9
    status:
      code: 200
      message: OK
- request:
    body: null
    headers:
      Accept:
      - application/json
      Accept-Encoding:
      - gzip, deflate
      CommandName:
      - vm application set
      Connection:
      - keep-alive
      ParameterSetName:
      - -g -n --app-version-ids --order-applications
      User-Agent:
      - AZURECLI/2.53.0 azsdk-python-azure-mgmt-compute/30.0.0 Python/3.10.9 (Windows-10-10.0.22621-SP0)
    method: GET
    uri: https://management.azure.com/subscriptions/00000000-0000-0000-0000-000000000000/resourceGroups/clitest.rg000001/providers/Microsoft.Compute/virtualMachines/vm1?api-version=2022-11-01
  response:
    body:
      string: "{\r\n  \"name\": \"vm1\",\r\n  \"id\": \"/subscriptions/00000000-0000-0000-0000-000000000000/resourceGroups/clitest.rg000001/providers/Microsoft.Compute/virtualMachines/vm1\"\
        ,\r\n  \"type\": \"Microsoft.Compute/virtualMachines\",\r\n  \"location\"\
        : \"eastus\",\r\n  \"tags\": {},\r\n  \"properties\": {\r\n    \"hardwareProfile\"\
        : {\r\n      \"vmSize\": \"Standard_DS1_v2\"\r\n    },\r\n    \"provisioningState\"\
        : \"Succeeded\",\r\n    \"vmId\": \"8c044bb5-698e-4fc7-938b-0f77a72e05a8\"\
        ,\r\n    \"storageProfile\": {\r\n      \"imageReference\": {\r\n        \"\
        publisher\": \"MicrosoftWindowsServer\",\r\n        \"offer\": \"WindowsServer\"\
        ,\r\n        \"sku\": \"2012-R2-Datacenter\",\r\n        \"version\": \"latest\"\
        ,\r\n        \"exactVersion\": \"9600.21620.231004\"\r\n      },\r\n     \
        \ \"osDisk\": {\r\n        \"osType\": \"Windows\",\r\n        \"name\": \"\
        vm1_disk1_99e55eb09bcd4ace86eda8f034179b33\",\r\n        \"createOption\"\
        : \"FromImage\",\r\n        \"caching\": \"ReadWrite\",\r\n        \"managedDisk\"\
        : {\r\n          \"storageAccountType\": \"Premium_LRS\",\r\n          \"\
        id\": \"/subscriptions/00000000-0000-0000-0000-000000000000/resourceGroups/clitest.rg000001/providers/Microsoft.Compute/disks/vm1_disk1_99e55eb09bcd4ace86eda8f034179b33\"\
        \r\n        },\r\n        \"deleteOption\": \"Detach\",\r\n        \"diskSizeGB\"\
        : 127\r\n      },\r\n      \"dataDisks\": []\r\n    },\r\n    \"osProfile\"\
        : {\r\n      \"computerName\": \"vm1\",\r\n      \"adminUsername\": \"clitest1234\"\
        ,\r\n      \"windowsConfiguration\": {\r\n        \"provisionVMAgent\": true,\r\
        \n        \"enableAutomaticUpdates\": true,\r\n        \"patchSettings\":\
        \ {\r\n          \"patchMode\": \"AutomaticByOS\",\r\n          \"assessmentMode\"\
        : \"ImageDefault\"\r\n        },\r\n        \"enableVMAgentPlatformUpdates\"\
        : false\r\n      },\r\n      \"secrets\": [],\r\n      \"allowExtensionOperations\"\
        : true,\r\n      \"requireGuestProvisionSignal\": true\r\n    },\r\n    \"\
        networkProfile\": {\"networkInterfaces\":[{\"id\":\"/subscriptions/00000000-0000-0000-0000-000000000000/resourceGroups/clitest.rg000001/providers/Microsoft.Network/networkInterfaces/vm1VMNic\"\
        }]},\r\n    \"licenseType\": \"Windows_Server\",\r\n    \"timeCreated\": \"\
        2023-10-13T08:49:00.3047607+00:00\"\r\n  }\r\n}"
    headers:
      cache-control:
      - no-cache
      content-length:
      - '2033'
      content-type:
      - application/json; charset=utf-8
      date:
      - Fri, 13 Oct 2023 08:49:45 GMT
      expires:
      - '-1'
      pragma:
      - no-cache
      server:
      - Microsoft-HTTPAPI/2.0
      - Microsoft-HTTPAPI/2.0
      strict-transport-security:
      - max-age=31536000; includeSubDomains
      transfer-encoding:
      - chunked
      vary:
      - Accept-Encoding
      x-content-type-options:
      - nosniff
      x-ms-ratelimit-remaining-resource:
      - Microsoft.Compute/LowCostGetSubscriptionMaximum;23995,Microsoft.Compute/LowCostGetResource;31
    status:
      code: 200
      message: OK
- request:
    body: '{"location": "eastus", "tags": {}, "properties": {"hardwareProfile": {"vmSize":
      "Standard_DS1_v2"}, "storageProfile": {"imageReference": {"publisher": "MicrosoftWindowsServer",
      "offer": "WindowsServer", "sku": "2012-R2-Datacenter", "version": "latest"},
      "osDisk": {"osType": "Windows", "name": "vm1_disk1_99e55eb09bcd4ace86eda8f034179b33",
      "caching": "ReadWrite", "createOption": "FromImage", "diskSizeGB": 127, "managedDisk":
      {"id": "/subscriptions/00000000-0000-0000-0000-000000000000/resourceGroups/clitest.rg000001/providers/Microsoft.Compute/disks/vm1_disk1_99e55eb09bcd4ace86eda8f034179b33",
      "storageAccountType": "Premium_LRS"}, "deleteOption": "Detach"}, "dataDisks":
      []}, "osProfile": {"computerName": "vm1", "adminUsername": "clitest1234", "windowsConfiguration":
      {"provisionVMAgent": true, "enableAutomaticUpdates": true, "patchSettings":
      {"patchMode": "AutomaticByOS", "assessmentMode": "ImageDefault"}, "enableVMAgentPlatformUpdates":
      false}, "secrets": [], "allowExtensionOperations": true, "requireGuestProvisionSignal":
      true}, "networkProfile": {"networkInterfaces": [{"id": "/subscriptions/00000000-0000-0000-0000-000000000000/resourceGroups/clitest.rg000001/providers/Microsoft.Network/networkInterfaces/vm1VMNic"}]},
      "licenseType": "Windows_Server", "applicationProfile": {"galleryApplications":
      [{"order": 1, "packageReferenceId": "/subscriptions/00000000-0000-0000-0000-000000000000/resourceGroups/galleryappaccount/providers/Microsoft.Compute/galleries/MyGallery/applications/MyFirstApp/versions/1.0.0"},
      {"order": 2, "packageReferenceId": "/subscriptions/00000000-0000-0000-0000-000000000000/resourceGroups/galleryappaccount/providers/Microsoft.Compute/galleries/MyGallery/applications/MySecondApp/versions/1.0.1"}]}}}'
    headers:
      Accept:
      - application/json
      Accept-Encoding:
      - gzip, deflate
      CommandName:
      - vm application set
      Connection:
      - keep-alive
      Content-Length:
      - '1741'
      Content-Type:
      - application/json
      ParameterSetName:
      - -g -n --app-version-ids --order-applications
      User-Agent:
      - AZURECLI/2.53.0 azsdk-python-azure-mgmt-compute/30.0.0 Python/3.10.9 (Windows-10-10.0.22621-SP0)
    method: PUT
    uri: https://management.azure.com/subscriptions/00000000-0000-0000-0000-000000000000/resourceGroups/clitest.rg000001/providers/Microsoft.Compute/virtualMachines/vm1?api-version=2022-11-01
  response:
    body:
      string: "{\r\n  \"name\": \"vm1\",\r\n  \"id\": \"/subscriptions/00000000-0000-0000-0000-000000000000/resourceGroups/clitest.rg000001/providers/Microsoft.Compute/virtualMachines/vm1\"\
        ,\r\n  \"type\": \"Microsoft.Compute/virtualMachines\",\r\n  \"location\"\
        : \"eastus\",\r\n  \"tags\": {},\r\n  \"properties\": {\r\n    \"hardwareProfile\"\
        : {\r\n      \"vmSize\": \"Standard_DS1_v2\"\r\n    },\r\n    \"provisioningState\"\
        : \"Updating\",\r\n    \"vmId\": \"8c044bb5-698e-4fc7-938b-0f77a72e05a8\"\
        ,\r\n    \"applicationProfile\": {\r\n      \"galleryApplications\": [\r\n\
        \        {\r\n          \"order\": 1,\r\n          \"manuallyManaged\": false,\r\
        \n          \"packageReferenceId\": \"/subscriptions/00000000-0000-0000-0000-000000000000/resourceGroups/galleryappaccount/providers/Microsoft.Compute/galleries/MyGallery/applications/MyFirstApp/versions/1.0.0\"\
        ,\r\n          \"treatFailureAsDeploymentFailure\": false,\r\n          \"\
        enableAutomaticUpgrade\": false\r\n        },\r\n        {\r\n          \"\
        order\": 2,\r\n          \"manuallyManaged\": false,\r\n          \"packageReferenceId\"\
        : \"/subscriptions/00000000-0000-0000-0000-000000000000/resourceGroups/galleryappaccount/providers/Microsoft.Compute/galleries/MyGallery/applications/MySecondApp/versions/1.0.1\"\
        ,\r\n          \"treatFailureAsDeploymentFailure\": false,\r\n          \"\
        enableAutomaticUpgrade\": false\r\n        }\r\n      ]\r\n    },\r\n    \"\
        storageProfile\": {\r\n      \"imageReference\": {\r\n        \"publisher\"\
        : \"MicrosoftWindowsServer\",\r\n        \"offer\": \"WindowsServer\",\r\n\
        \        \"sku\": \"2012-R2-Datacenter\",\r\n        \"version\": \"latest\"\
        ,\r\n        \"exactVersion\": \"9600.21620.231004\"\r\n      },\r\n     \
        \ \"osDisk\": {\r\n        \"osType\": \"Windows\",\r\n        \"name\": \"\
        vm1_disk1_99e55eb09bcd4ace86eda8f034179b33\",\r\n        \"createOption\"\
        : \"FromImage\",\r\n        \"caching\": \"ReadWrite\",\r\n        \"managedDisk\"\
        : {\r\n          \"storageAccountType\": \"Premium_LRS\",\r\n          \"\
        id\": \"/subscriptions/00000000-0000-0000-0000-000000000000/resourceGroups/clitest.rg000001/providers/Microsoft.Compute/disks/vm1_disk1_99e55eb09bcd4ace86eda8f034179b33\"\
        \r\n        },\r\n        \"deleteOption\": \"Detach\",\r\n        \"diskSizeGB\"\
        : 127\r\n      },\r\n      \"dataDisks\": []\r\n    },\r\n    \"osProfile\"\
        : {\r\n      \"computerName\": \"vm1\",\r\n      \"adminUsername\": \"clitest1234\"\
        ,\r\n      \"windowsConfiguration\": {\r\n        \"provisionVMAgent\": true,\r\
        \n        \"enableAutomaticUpdates\": true,\r\n        \"patchSettings\":\
        \ {\r\n          \"patchMode\": \"AutomaticByOS\",\r\n          \"assessmentMode\"\
        : \"ImageDefault\"\r\n        },\r\n        \"enableVMAgentPlatformUpdates\"\
        : false\r\n      },\r\n      \"secrets\": [],\r\n      \"allowExtensionOperations\"\
        : true,\r\n      \"requireGuestProvisionSignal\": true\r\n    },\r\n    \"\
        networkProfile\": {\"networkInterfaces\":[{\"id\":\"/subscriptions/00000000-0000-0000-0000-000000000000/resourceGroups/clitest.rg000001/providers/Microsoft.Network/networkInterfaces/vm1VMNic\"\
        }]},\r\n    \"licenseType\": \"Windows_Server\",\r\n    \"timeCreated\": \"\
        2023-10-13T08:49:00.3047607+00:00\"\r\n  },\r\n  \"resources\": [\r\n    {\r\
        \n      \"name\": \"VMAppExtension\",\r\n      \"id\": \"/subscriptions/00000000-0000-0000-0000-000000000000/resourceGroups/clitest.rg000001/providers/Microsoft.Compute/virtualMachines/vm1/extensions/VMAppExtension\"\
        ,\r\n      \"type\": \"Microsoft.Compute/virtualMachines/extensions\",\r\n\
        \      \"location\": \"eastus\",\r\n      \"properties\": {\r\n        \"\
        autoUpgradeMinorVersion\": true,\r\n        \"provisioningState\": \"Creating\"\
        ,\r\n        \"publisher\": \"Microsoft.CPlat.Core\",\r\n        \"type\"\
        : \"VMApplicationManagerWindows\",\r\n        \"typeHandlerVersion\": \"1.0\"\
        ,\r\n        \"settings\": {}\r\n      }\r\n    }\r\n  ]\r\n}"
    headers:
      azure-asyncnotification:
      - Enabled
      azure-asyncoperation:
      - https://management.azure.com/subscriptions/00000000-0000-0000-0000-000000000000/providers/Microsoft.Compute/locations/eastus/operations/b6b09d77-8107-4a68-92de-9f146c3ba41e?p=54253b73-cb53-496f-ab42-5e5ee19426f8&api-version=2022-11-01
      cache-control:
      - no-cache
      content-length:
      - '3493'
      content-type:
      - application/json; charset=utf-8
      date:
      - Fri, 13 Oct 2023 08:49:49 GMT
      expires:
      - '-1'
      pragma:
      - no-cache
      server:
      - Microsoft-HTTPAPI/2.0
      - Microsoft-HTTPAPI/2.0
      strict-transport-security:
      - max-age=31536000; includeSubDomains
      transfer-encoding:
      - chunked
      vary:
      - Accept-Encoding
      x-content-type-options:
      - nosniff
      x-ms-ratelimit-remaining-resource:
      - Microsoft.Compute/PutVMSubscriptionMaximum;1498,Microsoft.Compute/PutVMResource;10
      x-ms-ratelimit-remaining-subscription-writes:
      - '1197'
    status:
      code: 200
      message: OK
- request:
    body: null
    headers:
      Accept:
      - '*/*'
      Accept-Encoding:
      - gzip, deflate
      CommandName:
      - vm application set
      Connection:
      - keep-alive
      ParameterSetName:
      - -g -n --app-version-ids --order-applications
      User-Agent:
      - AZURECLI/2.53.0 azsdk-python-azure-mgmt-compute/30.0.0 Python/3.10.9 (Windows-10-10.0.22621-SP0)
    method: GET
    uri: https://management.azure.com/subscriptions/00000000-0000-0000-0000-000000000000/providers/Microsoft.Compute/locations/eastus/operations/b6b09d77-8107-4a68-92de-9f146c3ba41e?p=54253b73-cb53-496f-ab42-5e5ee19426f8&api-version=2022-11-01
  response:
    body:
      string: "{\r\n  \"startTime\": \"2023-10-13T08:49:46.3980614+00:00\",\r\n  \"\
        status\": \"InProgress\",\r\n  \"name\": \"b6b09d77-8107-4a68-92de-9f146c3ba41e\"\
        \r\n}"
    headers:
      cache-control:
      - no-cache
      content-length:
      - '134'
      content-type:
      - application/json; charset=utf-8
      date:
      - Fri, 13 Oct 2023 08:49:49 GMT
      expires:
      - '-1'
      pragma:
      - no-cache
      server:
      - Microsoft-HTTPAPI/2.0
      - Microsoft-HTTPAPI/2.0
      strict-transport-security:
      - max-age=31536000; includeSubDomains
      transfer-encoding:
      - chunked
      vary:
      - Accept-Encoding
      x-content-type-options:
      - nosniff
      x-ms-ratelimit-remaining-resource:
      - Microsoft.Compute/GetOperationResource;59,Microsoft.Compute/GetOperationSubscriptionMaximum;14999
    status:
      code: 200
      message: OK
- request:
    body: null
    headers:
      Accept:
      - '*/*'
      Accept-Encoding:
      - gzip, deflate
      CommandName:
      - vm application set
      Connection:
      - keep-alive
      ParameterSetName:
      - -g -n --app-version-ids --order-applications
      User-Agent:
      - AZURECLI/2.53.0 azsdk-python-azure-mgmt-compute/30.0.0 Python/3.10.9 (Windows-10-10.0.22621-SP0)
    method: GET
    uri: https://management.azure.com/subscriptions/00000000-0000-0000-0000-000000000000/providers/Microsoft.Compute/locations/eastus/operations/b6b09d77-8107-4a68-92de-9f146c3ba41e?p=54253b73-cb53-496f-ab42-5e5ee19426f8&api-version=2022-11-01
  response:
    body:
      string: "{\r\n  \"startTime\": \"2023-10-13T08:49:46.3980614+00:00\",\r\n  \"\
        status\": \"InProgress\",\r\n  \"name\": \"b6b09d77-8107-4a68-92de-9f146c3ba41e\"\
        \r\n}"
    headers:
      cache-control:
      - no-cache
      content-length:
      - '134'
      content-type:
      - application/json; charset=utf-8
      date:
      - Fri, 13 Oct 2023 08:50:21 GMT
      expires:
      - '-1'
      pragma:
      - no-cache
      server:
      - Microsoft-HTTPAPI/2.0
      - Microsoft-HTTPAPI/2.0
      strict-transport-security:
      - max-age=31536000; includeSubDomains
      transfer-encoding:
      - chunked
      vary:
      - Accept-Encoding
      x-content-type-options:
      - nosniff
      x-ms-ratelimit-remaining-resource:
      - Microsoft.Compute/GetOperationResource;58,Microsoft.Compute/GetOperationSubscriptionMaximum;14994
    status:
      code: 200
      message: OK
- request:
    body: null
    headers:
      Accept:
      - '*/*'
      Accept-Encoding:
      - gzip, deflate
      CommandName:
      - vm application set
      Connection:
      - keep-alive
      ParameterSetName:
      - -g -n --app-version-ids --order-applications
      User-Agent:
      - AZURECLI/2.53.0 azsdk-python-azure-mgmt-compute/30.0.0 Python/3.10.9 (Windows-10-10.0.22621-SP0)
    method: GET
    uri: https://management.azure.com/subscriptions/00000000-0000-0000-0000-000000000000/providers/Microsoft.Compute/locations/eastus/operations/b6b09d77-8107-4a68-92de-9f146c3ba41e?p=54253b73-cb53-496f-ab42-5e5ee19426f8&api-version=2022-11-01
  response:
    body:
      string: "{\r\n  \"startTime\": \"2023-10-13T08:49:46.3980614+00:00\",\r\n  \"\
        endTime\": \"2023-10-13T08:50:42.52257+00:00\",\r\n  \"status\": \"Succeeded\"\
        ,\r\n  \"name\": \"b6b09d77-8107-4a68-92de-9f146c3ba41e\"\r\n}"
    headers:
      cache-control:
      - no-cache
      content-length:
      - '182'
      content-type:
      - application/json; charset=utf-8
      date:
      - Fri, 13 Oct 2023 08:50:50 GMT
      expires:
      - '-1'
      pragma:
      - no-cache
      server:
      - Microsoft-HTTPAPI/2.0
      - Microsoft-HTTPAPI/2.0
      strict-transport-security:
      - max-age=31536000; includeSubDomains
      transfer-encoding:
      - chunked
      vary:
      - Accept-Encoding
      x-content-type-options:
      - nosniff
      x-ms-ratelimit-remaining-resource:
      - Microsoft.Compute/GetOperationResource;59,Microsoft.Compute/GetOperationSubscriptionMaximum;14985
    status:
      code: 200
      message: OK
- request:
    body: null
    headers:
      Accept:
      - '*/*'
      Accept-Encoding:
      - gzip, deflate
      CommandName:
      - vm application set
      Connection:
      - keep-alive
      ParameterSetName:
      - -g -n --app-version-ids --order-applications
      User-Agent:
      - AZURECLI/2.53.0 azsdk-python-azure-mgmt-compute/30.0.0 Python/3.10.9 (Windows-10-10.0.22621-SP0)
    method: GET
    uri: https://management.azure.com/subscriptions/00000000-0000-0000-0000-000000000000/resourceGroups/clitest.rg000001/providers/Microsoft.Compute/virtualMachines/vm1?api-version=2022-11-01
  response:
    body:
      string: "{\r\n  \"name\": \"vm1\",\r\n  \"id\": \"/subscriptions/00000000-0000-0000-0000-000000000000/resourceGroups/clitest.rg000001/providers/Microsoft.Compute/virtualMachines/vm1\"\
        ,\r\n  \"type\": \"Microsoft.Compute/virtualMachines\",\r\n  \"location\"\
        : \"eastus\",\r\n  \"tags\": {},\r\n  \"properties\": {\r\n    \"hardwareProfile\"\
        : {\r\n      \"vmSize\": \"Standard_DS1_v2\"\r\n    },\r\n    \"provisioningState\"\
        : \"Succeeded\",\r\n    \"vmId\": \"8c044bb5-698e-4fc7-938b-0f77a72e05a8\"\
        ,\r\n    \"applicationProfile\": {\r\n      \"galleryApplications\": [\r\n\
        \        {\r\n          \"order\": 1,\r\n          \"manuallyManaged\": false,\r\
        \n          \"packageReferenceId\": \"/subscriptions/00000000-0000-0000-0000-000000000000/resourceGroups/galleryappaccount/providers/Microsoft.Compute/galleries/MyGallery/applications/MyFirstApp/versions/1.0.0\"\
        ,\r\n          \"treatFailureAsDeploymentFailure\": false,\r\n          \"\
        enableAutomaticUpgrade\": false\r\n        },\r\n        {\r\n          \"\
        order\": 2,\r\n          \"manuallyManaged\": false,\r\n          \"packageReferenceId\"\
        : \"/subscriptions/00000000-0000-0000-0000-000000000000/resourceGroups/galleryappaccount/providers/Microsoft.Compute/galleries/MyGallery/applications/MySecondApp/versions/1.0.1\"\
        ,\r\n          \"treatFailureAsDeploymentFailure\": false,\r\n          \"\
        enableAutomaticUpgrade\": false\r\n        }\r\n      ]\r\n    },\r\n    \"\
        storageProfile\": {\r\n      \"imageReference\": {\r\n        \"publisher\"\
        : \"MicrosoftWindowsServer\",\r\n        \"offer\": \"WindowsServer\",\r\n\
        \        \"sku\": \"2012-R2-Datacenter\",\r\n        \"version\": \"latest\"\
        ,\r\n        \"exactVersion\": \"9600.21620.231004\"\r\n      },\r\n     \
        \ \"osDisk\": {\r\n        \"osType\": \"Windows\",\r\n        \"name\": \"\
        vm1_disk1_99e55eb09bcd4ace86eda8f034179b33\",\r\n        \"createOption\"\
        : \"FromImage\",\r\n        \"caching\": \"ReadWrite\",\r\n        \"managedDisk\"\
        : {\r\n          \"storageAccountType\": \"Premium_LRS\",\r\n          \"\
        id\": \"/subscriptions/00000000-0000-0000-0000-000000000000/resourceGroups/clitest.rg000001/providers/Microsoft.Compute/disks/vm1_disk1_99e55eb09bcd4ace86eda8f034179b33\"\
        \r\n        },\r\n        \"deleteOption\": \"Detach\",\r\n        \"diskSizeGB\"\
        : 127\r\n      },\r\n      \"dataDisks\": []\r\n    },\r\n    \"osProfile\"\
        : {\r\n      \"computerName\": \"vm1\",\r\n      \"adminUsername\": \"clitest1234\"\
        ,\r\n      \"windowsConfiguration\": {\r\n        \"provisionVMAgent\": true,\r\
        \n        \"enableAutomaticUpdates\": true,\r\n        \"patchSettings\":\
        \ {\r\n          \"patchMode\": \"AutomaticByOS\",\r\n          \"assessmentMode\"\
        : \"ImageDefault\"\r\n        },\r\n        \"enableVMAgentPlatformUpdates\"\
        : false\r\n      },\r\n      \"secrets\": [],\r\n      \"allowExtensionOperations\"\
        : true,\r\n      \"requireGuestProvisionSignal\": true\r\n    },\r\n    \"\
        networkProfile\": {\"networkInterfaces\":[{\"id\":\"/subscriptions/00000000-0000-0000-0000-000000000000/resourceGroups/clitest.rg000001/providers/Microsoft.Network/networkInterfaces/vm1VMNic\"\
        }]},\r\n    \"licenseType\": \"Windows_Server\",\r\n    \"timeCreated\": \"\
        2023-10-13T08:49:00.3047607+00:00\"\r\n  },\r\n  \"resources\": [\r\n    {\r\
        \n      \"name\": \"VMAppExtension\",\r\n      \"id\": \"/subscriptions/00000000-0000-0000-0000-000000000000/resourceGroups/clitest.rg000001/providers/Microsoft.Compute/virtualMachines/vm1/extensions/VMAppExtension\"\
        ,\r\n      \"type\": \"Microsoft.Compute/virtualMachines/extensions\",\r\n\
        \      \"location\": \"eastus\",\r\n      \"properties\": {\r\n        \"\
        autoUpgradeMinorVersion\": true,\r\n        \"provisioningState\": \"Succeeded\"\
        ,\r\n        \"publisher\": \"Microsoft.CPlat.Core\",\r\n        \"type\"\
        : \"VMApplicationManagerWindows\",\r\n        \"typeHandlerVersion\": \"1.0\"\
        ,\r\n        \"settings\": {}\r\n      }\r\n    }\r\n  ]\r\n}"
    headers:
      cache-control:
      - no-cache
      content-length:
      - '3495'
      content-type:
      - application/json; charset=utf-8
      date:
      - Fri, 13 Oct 2023 08:50:51 GMT
      expires:
      - '-1'
      pragma:
      - no-cache
      server:
      - Microsoft-HTTPAPI/2.0
      - Microsoft-HTTPAPI/2.0
      strict-transport-security:
      - max-age=31536000; includeSubDomains
      transfer-encoding:
      - chunked
      vary:
      - Accept-Encoding
      x-content-type-options:
      - nosniff
      x-ms-ratelimit-remaining-resource:
      - Microsoft.Compute/LowCostGetSubscriptionMaximum;23984,Microsoft.Compute/LowCostGetResource;32
    status:
      code: 200
      message: OK
- request:
    body: null
    headers:
      Accept:
      - application/json
      Accept-Encoding:
      - gzip, deflate
      CommandName:
      - vm application list
      Connection:
      - keep-alive
      ParameterSetName:
      - -g -n
      User-Agent:
      - AZURECLI/2.53.0 azsdk-python-azure-mgmt-compute/30.0.0 Python/3.10.9 (Windows-10-10.0.22621-SP0)
    method: GET
    uri: https://management.azure.com/subscriptions/00000000-0000-0000-0000-000000000000/resourceGroups/clitest.rg000001/providers/Microsoft.Compute/virtualMachines/vm1?api-version=2022-11-01
  response:
    body:
      string: "{\r\n  \"name\": \"vm1\",\r\n  \"id\": \"/subscriptions/00000000-0000-0000-0000-000000000000/resourceGroups/clitest.rg000001/providers/Microsoft.Compute/virtualMachines/vm1\"\
        ,\r\n  \"type\": \"Microsoft.Compute/virtualMachines\",\r\n  \"location\"\
        : \"eastus\",\r\n  \"tags\": {},\r\n  \"properties\": {\r\n    \"hardwareProfile\"\
        : {\r\n      \"vmSize\": \"Standard_DS1_v2\"\r\n    },\r\n    \"provisioningState\"\
        : \"Succeeded\",\r\n    \"vmId\": \"8c044bb5-698e-4fc7-938b-0f77a72e05a8\"\
        ,\r\n    \"applicationProfile\": {\r\n      \"galleryApplications\": [\r\n\
        \        {\r\n          \"order\": 1,\r\n          \"manuallyManaged\": false,\r\
        \n          \"packageReferenceId\": \"/subscriptions/00000000-0000-0000-0000-000000000000/resourceGroups/galleryappaccount/providers/Microsoft.Compute/galleries/MyGallery/applications/MyFirstApp/versions/1.0.0\"\
        ,\r\n          \"treatFailureAsDeploymentFailure\": false,\r\n          \"\
        enableAutomaticUpgrade\": false\r\n        },\r\n        {\r\n          \"\
        order\": 2,\r\n          \"manuallyManaged\": false,\r\n          \"packageReferenceId\"\
        : \"/subscriptions/00000000-0000-0000-0000-000000000000/resourceGroups/galleryappaccount/providers/Microsoft.Compute/galleries/MyGallery/applications/MySecondApp/versions/1.0.1\"\
        ,\r\n          \"treatFailureAsDeploymentFailure\": false,\r\n          \"\
        enableAutomaticUpgrade\": false\r\n        }\r\n      ]\r\n    },\r\n    \"\
        storageProfile\": {\r\n      \"imageReference\": {\r\n        \"publisher\"\
        : \"MicrosoftWindowsServer\",\r\n        \"offer\": \"WindowsServer\",\r\n\
        \        \"sku\": \"2012-R2-Datacenter\",\r\n        \"version\": \"latest\"\
        ,\r\n        \"exactVersion\": \"9600.21620.231004\"\r\n      },\r\n     \
        \ \"osDisk\": {\r\n        \"osType\": \"Windows\",\r\n        \"name\": \"\
        vm1_disk1_99e55eb09bcd4ace86eda8f034179b33\",\r\n        \"createOption\"\
        : \"FromImage\",\r\n        \"caching\": \"ReadWrite\",\r\n        \"managedDisk\"\
        : {\r\n          \"storageAccountType\": \"Premium_LRS\",\r\n          \"\
        id\": \"/subscriptions/00000000-0000-0000-0000-000000000000/resourceGroups/clitest.rg000001/providers/Microsoft.Compute/disks/vm1_disk1_99e55eb09bcd4ace86eda8f034179b33\"\
        \r\n        },\r\n        \"deleteOption\": \"Detach\",\r\n        \"diskSizeGB\"\
        : 127\r\n      },\r\n      \"dataDisks\": []\r\n    },\r\n    \"osProfile\"\
        : {\r\n      \"computerName\": \"vm1\",\r\n      \"adminUsername\": \"clitest1234\"\
        ,\r\n      \"windowsConfiguration\": {\r\n        \"provisionVMAgent\": true,\r\
        \n        \"enableAutomaticUpdates\": true,\r\n        \"patchSettings\":\
        \ {\r\n          \"patchMode\": \"AutomaticByOS\",\r\n          \"assessmentMode\"\
        : \"ImageDefault\"\r\n        },\r\n        \"enableVMAgentPlatformUpdates\"\
        : false\r\n      },\r\n      \"secrets\": [],\r\n      \"allowExtensionOperations\"\
        : true,\r\n      \"requireGuestProvisionSignal\": true\r\n    },\r\n    \"\
        networkProfile\": {\"networkInterfaces\":[{\"id\":\"/subscriptions/00000000-0000-0000-0000-000000000000/resourceGroups/clitest.rg000001/providers/Microsoft.Network/networkInterfaces/vm1VMNic\"\
        }]},\r\n    \"licenseType\": \"Windows_Server\",\r\n    \"timeCreated\": \"\
        2023-10-13T08:49:00.3047607+00:00\"\r\n  },\r\n  \"resources\": [\r\n    {\r\
        \n      \"name\": \"VMAppExtension\",\r\n      \"id\": \"/subscriptions/00000000-0000-0000-0000-000000000000/resourceGroups/clitest.rg000001/providers/Microsoft.Compute/virtualMachines/vm1/extensions/VMAppExtension\"\
        ,\r\n      \"type\": \"Microsoft.Compute/virtualMachines/extensions\",\r\n\
        \      \"location\": \"eastus\",\r\n      \"properties\": {\r\n        \"\
        autoUpgradeMinorVersion\": true,\r\n        \"provisioningState\": \"Succeeded\"\
        ,\r\n        \"publisher\": \"Microsoft.CPlat.Core\",\r\n        \"type\"\
        : \"VMApplicationManagerWindows\",\r\n        \"typeHandlerVersion\": \"1.0\"\
        ,\r\n        \"settings\": {}\r\n      }\r\n    }\r\n  ]\r\n}"
    headers:
      cache-control:
      - no-cache
      content-length:
      - '3495'
      content-type:
      - application/json; charset=utf-8
      date:
      - Fri, 13 Oct 2023 08:50:53 GMT
      expires:
      - '-1'
      pragma:
      - no-cache
      server:
      - Microsoft-HTTPAPI/2.0
      - Microsoft-HTTPAPI/2.0
      strict-transport-security:
      - max-age=31536000; includeSubDomains
      transfer-encoding:
      - chunked
      vary:
      - Accept-Encoding
      x-content-type-options:
      - nosniff
      x-ms-ratelimit-remaining-resource:
      - Microsoft.Compute/LowCostGetSubscriptionMaximum;23983,Microsoft.Compute/LowCostGetResource;31
    status:
      code: 200
      message: OK
version: 1
