interactions:
- request:
    body: null
    headers:
      Accept:
      - application/json
      Accept-Encoding:
      - gzip, deflate
      CommandName:
      - vmss create
      Connection:
      - keep-alive
      ParameterSetName:
      - -g -n --admin-username --admin-password --image --instance-count --public-ip-address
      User-Agent:
      - AZURECLI/2.63.0 azsdk-python-core/1.28.0 Python/3.10.11 (Windows-10-10.0.22631-SP0)
    method: GET
    uri: https://management.azure.com/subscriptions/00000000-0000-0000-0000-000000000000/resourcegroups/cli_test_vmss_ilb000001?api-version=2022-09-01
  response:
    body:
      string: '{"id":"/subscriptions/00000000-0000-0000-0000-000000000000/resourceGroups/cli_test_vmss_ilb000001","name":"cli_test_vmss_ilb000001","type":"Microsoft.Resources/resourceGroups","location":"westus","tags":{"product":"azurecli","cause":"automation","test":"test_vmss_with_ilb","date":"2024-08-26T08:52:04Z","module":"vm"},"properties":{"provisioningState":"Succeeded"}}'
    headers:
      cache-control:
      - no-cache
      content-length:
      - '366'
      content-type:
      - application/json; charset=utf-8
      date:
      - Mon, 26 Aug 2024 08:52:07 GMT
      expires:
      - '-1'
      pragma:
      - no-cache
      strict-transport-security:
      - max-age=31536000; includeSubDomains
      x-cache:
      - CONFIG_NOCACHE
      x-content-type-options:
      - nosniff
      x-ms-ratelimit-remaining-subscription-global-reads:
      - '3749'
      x-msedge-ref:
      - 'Ref A: 6E2228D11C2241A0B5CCA2DC15C9F6C3 Ref B: TYO201151004052 Ref C: 2024-08-26T08:52:07Z'
    status:
      code: 200
      message: OK
- request:
    body: null
    headers:
      Accept:
      - application/json
      Accept-Encoding:
      - gzip, deflate
      CommandName:
      - vmss create
      Connection:
      - keep-alive
      ParameterSetName:
      - -g -n --admin-username --admin-password --image --instance-count --public-ip-address
      User-Agent:
      - AZURECLI/2.63.0 azsdk-python-core/1.28.0 Python/3.10.11 (Windows-10-10.0.22631-SP0)
    method: GET
    uri: https://management.azure.com/subscriptions/00000000-0000-0000-0000-000000000000/providers/Microsoft.Compute/locations/westus/publishers/OpenLogic/artifacttypes/vmimage/offers/CentOS/skus/7.5/versions?$top=1&$orderby=name%20desc&api-version=2024-07-01
  response:
    body:
      string: "[\r\n  {\r\n    \"location\": \"westus\",\r\n    \"name\": \"7.5.201808150\"\
        ,\r\n    \"id\": \"/Subscriptions/00000000-0000-0000-0000-000000000000/Providers/Microsoft.Compute/Locations/westus/Publishers/OpenLogic/ArtifactTypes/VMImage/Offers/CentOS/Skus/7.5/Versions/7.5.201808150\"\
        \r\n  }\r\n]"
    headers:
      cache-control:
      - no-cache
      content-length:
      - '270'
      content-type:
      - application/json; charset=utf-8
      date:
      - Mon, 26 Aug 2024 08:52:08 GMT
      expires:
      - '-1'
      pragma:
      - no-cache
      strict-transport-security:
      - max-age=31536000; includeSubDomains
      x-cache:
      - CONFIG_NOCACHE
      x-content-type-options:
      - nosniff
      x-ms-ratelimit-remaining-resource:
      - Microsoft.Compute/ListVMImagesVersionsFromLocation3Min;15995,Microsoft.Compute/ListVMImagesVersionsFromLocation30Min;43967
      x-ms-ratelimit-remaining-subscription-global-reads:
      - '3749'
      x-msedge-ref:
      - 'Ref A: 022B4F3760A540B385445442EAA6AD34 Ref B: TYO201100117031 Ref C: 2024-08-26T08:52:08Z'
    status:
      code: 200
      message: OK
- request:
    body: null
    headers:
      Accept:
      - application/json
      Accept-Encoding:
      - gzip, deflate
      CommandName:
      - vmss create
      Connection:
      - keep-alive
      ParameterSetName:
      - -g -n --admin-username --admin-password --image --instance-count --public-ip-address
      User-Agent:
      - AZURECLI/2.63.0 azsdk-python-core/1.28.0 Python/3.10.11 (Windows-10-10.0.22631-SP0)
    method: GET
    uri: https://management.azure.com/subscriptions/00000000-0000-0000-0000-000000000000/providers/Microsoft.Compute/locations/westus/publishers/OpenLogic/artifacttypes/vmimage/offers/CentOS/skus/7.5/versions/7.5.201808150?api-version=2024-07-01
  response:
    body:
      string: "{\r\n  \"properties\": {\r\n    \"hyperVGeneration\": \"V1\",\r\n \
        \   \"architecture\": \"x64\",\r\n    \"replicaType\": \"Unmanaged\",\r\n\
        \    \"disallowed\": {\r\n      \"vmDiskType\": \"None\"\r\n    },\r\n   \
        \ \"automaticOSUpgradeProperties\": {\r\n      \"automaticOSUpgradeSupported\"\
        : true\r\n    },\r\n    \"imageDeprecationStatus\": {\r\n      \"imageState\"\
        : \"Active\"\r\n    },\r\n    \"osDiskImage\": {\r\n      \"operatingSystem\"\
        : \"Linux\",\r\n      \"sizeInBytes\": 32212255232\r\n    },\r\n    \"dataDiskImages\"\
        : []\r\n  },\r\n  \"location\": \"westus\",\r\n  \"name\": \"7.5.201808150\"\
        ,\r\n  \"id\": \"/Subscriptions/00000000-0000-0000-0000-000000000000/Providers/Microsoft.Compute/Locations/westus/Publishers/OpenLogic/ArtifactTypes/VMImage/Offers/CentOS/Skus/7.5/Versions/7.5.201808150\"\
        \r\n}"
    headers:
      cache-control:
      - no-cache
      content-length:
      - '714'
      content-type:
      - application/json; charset=utf-8
      date:
      - Mon, 26 Aug 2024 08:52:09 GMT
      expires:
      - '-1'
      pragma:
      - no-cache
      strict-transport-security:
      - max-age=31536000; includeSubDomains
      x-cache:
      - CONFIG_NOCACHE
      x-content-type-options:
      - nosniff
      x-ms-ratelimit-remaining-resource:
      - Microsoft.Compute/GetVMImageFromLocation3Min;12996,Microsoft.Compute/GetVMImageFromLocation30Min;73974
      x-ms-ratelimit-remaining-subscription-global-reads:
      - '3749'
      x-msedge-ref:
      - 'Ref A: 083D961229F84F3CB31D02B55909EB94 Ref B: TYO201151004060 Ref C: 2024-08-26T08:52:09Z'
    status:
      code: 200
      message: OK
- request:
    body: null
    headers:
      Accept:
      - application/json
      Accept-Encoding:
      - gzip, deflate
      CommandName:
      - vmss create
      Connection:
      - keep-alive
      ParameterSetName:
      - -g -n --admin-username --admin-password --image --instance-count --public-ip-address
      User-Agent:
      - AZURECLI/2.63.0 azsdk-python-core/1.28.0 Python/3.10.11 (Windows-10-10.0.22631-SP0)
    method: GET
    uri: https://management.azure.com/subscriptions/00000000-0000-0000-0000-000000000000/resourceGroups/cli_test_vmss_ilb000001/providers/Microsoft.Network/virtualNetworks?api-version=2022-01-01
  response:
    body:
      string: '{"value":[]}'
    headers:
      cache-control:
      - no-cache
      content-length:
      - '12'
      content-type:
      - application/json; charset=utf-8
      date:
      - Mon, 26 Aug 2024 08:52:10 GMT
      expires:
      - '-1'
      pragma:
      - no-cache
      strict-transport-security:
      - max-age=31536000; includeSubDomains
      x-cache:
      - CONFIG_NOCACHE
      x-content-type-options:
      - nosniff
      x-ms-ratelimit-remaining-subscription-global-reads:
      - '3749'
      x-msedge-ref:
      - 'Ref A: B3846CB46FFC4861A471C10D2047870F Ref B: TYO201151003060 Ref C: 2024-08-26T08:52:10Z'
    status:
      code: 200
      message: OK
- request:
    body: '{"properties": {"template": {"$schema": "https://schema.management.azure.com/schemas/2015-01-01/deploymentTemplate.json#",
      "contentVersion": "1.0.0.0", "parameters": {"adminPassword": {"type": "securestring",
      "metadata": {"description": "Secure adminPassword"}}}, "variables": {}, "resources":
      [{"name": "vmss1VNET", "type": "Microsoft.Network/virtualNetworks", "location":
      "westus", "apiVersion": "2015-06-15", "dependsOn": [], "tags": {}, "properties":
      {"addressSpace": {"addressPrefixes": ["10.0.0.0/16"]}, "subnets": [{"name":
      "vmss1Subnet", "properties": {"addressPrefix": "10.0.0.0/24"}}]}}, {"type":
      "Microsoft.Network/loadBalancers", "name": "vmss1LB", "location": "westus",
      "tags": {}, "apiVersion": "2022-01-01", "dependsOn": ["Microsoft.Network/virtualNetworks/vmss1VNET"],
      "properties": {"backendAddressPools": [{"name": "vmss1LBBEPool"}], "frontendIPConfigurations":
      [{"name": "loadBalancerFrontEnd", "properties": {"privateIPAllocationMethod":
      "Dynamic", "privateIPAddress": "", "subnet": {"id": "/subscriptions/00000000-0000-0000-0000-000000000000/resourceGroups/cli_test_vmss_ilb000001/providers/Microsoft.Network/virtualNetworks/vmss1VNET/subnets/vmss1Subnet"}}}],
      "loadBalancingRules": [{"name": "LBRule", "properties": {"frontendIPConfiguration":
      {"id": "[concat(resourceId(''Microsoft.Network/loadBalancers'', ''vmss1LB''),
      ''/frontendIPConfigurations/'', ''loadBalancerFrontEnd'')]"}, "backendAddressPool":
      {"id": "[concat(resourceId(''Microsoft.Network/loadBalancers'', ''vmss1LB''),
      ''/backendAddressPools/'', ''vmss1LBBEPool'')]"}, "protocol": "tcp", "frontendPort":
      80, "backendPort": 80, "enableFloatingIP": false, "idleTimeoutInMinutes": 5}}]},
      "sku": {"name": "Standard"}}, {"type": "Microsoft.Network/networkSecurityGroups",
      "name": "vmss1NSG", "apiVersion": "2015-06-15", "location": "westus", "tags":
      {}, "dependsOn": [], "properties": {"securityRules": [{"name": "default-allow-ssh",
      "properties": {"protocol": "Tcp", "sourcePortRange": "*", "destinationPortRange":
      "22", "sourceAddressPrefix": "*", "destinationAddressPrefix": "*", "access":
      "Allow", "priority": 1000, "direction": "Inbound"}}]}}, {"type": "Microsoft.Network/loadBalancers/inboundNatRules",
      "apiVersion": "2022-01-01", "name": "vmss1LB/NatRule", "location": "westus",
      "properties": {"frontendIPConfiguration": {"id": "[concat(resourceId(''Microsoft.Network/loadBalancers'',
      ''vmss1LB''), ''/frontendIPConfigurations/'', ''loadBalancerFrontEnd'')]"},
      "backendAddressPool": {"id": "[concat(resourceId(''Microsoft.Network/loadBalancers'',
      ''vmss1LB''), ''/backendAddressPools/'', ''vmss1LBBEPool'')]"}, "backendPort":
      22, "frontendPortRangeStart": "50000", "frontendPortRangeEnd": "50119", "protocol":
      "tcp", "idleTimeoutInMinutes": 5}, "dependsOn": ["[concat(''Microsoft.Network/loadBalancers/'',
      ''vmss1LB'')]"]}, {"type": "Microsoft.Compute/virtualMachineScaleSets", "name":
      "vmss1", "location": "westus", "tags": {}, "apiVersion": "2024-07-01", "dependsOn":
      ["Microsoft.Network/virtualNetworks/vmss1VNET", "Microsoft.Network/loadBalancers/vmss1LB",
      "Microsoft.Network/networkSecurityGroups/vmss1NSG"], "properties": {"upgradePolicy":
      {"mode": "manual"}, "singlePlacementGroup": null, "platformFaultDomainCount":
      1, "virtualMachineProfile": {"storageProfile": {"osDisk": {"createOption": "FromImage",
      "caching": "ReadWrite", "managedDisk": {"storageAccountType": null}}, "imageReference":
      {"publisher": "OpenLogic", "offer": "CentOS", "sku": "7.5", "version": "latest"}},
      "osProfile": {"computerNamePrefix": "vmss1", "adminUsername": "admin123", "adminPassword":
      "[parameters(''adminPassword'')]"}, "networkProfile": {"networkInterfaceConfigurations":
      [{"name": "vmss1e0bcNic", "properties": {"ipConfigurations": [{"name": "vmss1e0bcIPConfig",
      "properties": {"subnet": {"id": "/subscriptions/00000000-0000-0000-0000-000000000000/resourceGroups/cli_test_vmss_ilb000001/providers/Microsoft.Network/virtualNetworks/vmss1VNET/subnets/vmss1Subnet"},
      "loadBalancerBackendAddressPools": [{"id": "/subscriptions/00000000-0000-0000-0000-000000000000/resourceGroups/cli_test_vmss_ilb000001/providers/Microsoft.Network/loadBalancers/vmss1LB/backendAddressPools/vmss1LBBEPool"}]}}],
      "networkSecurityGroup": {"id": "[resourceId(''Microsoft.Network/networkSecurityGroups'',
      ''vmss1NSG'')]"}, "primary": "true"}}], "networkApiVersion": "2020-11-01"}},
      "orchestrationMode": "Flexible"}, "sku": {"name": "Standard_DS1_v2", "capacity":
      1}}], "outputs": {"VMSS": {"type": "object", "value": "[reference(resourceId(''Microsoft.Compute/virtualMachineScaleSets'',
      ''vmss1''),providers(''Microsoft.Compute'', ''virtualMachineScaleSets'').apiVersions[0])]"}}},
      "parameters": {"adminPassword": {"value": "PasswordPassword1!"}}, "mode": "incremental"}}'
    headers:
      Accept:
      - application/json
      Accept-Encoding:
      - gzip, deflate
      CommandName:
      - vmss create
      Connection:
      - keep-alive
      Content-Length:
      - '4676'
      Content-Type:
      - application/json
      ParameterSetName:
      - -g -n --admin-username --admin-password --image --instance-count --public-ip-address
      User-Agent:
      - AZURECLI/2.63.0 azsdk-python-core/1.28.0 Python/3.10.11 (Windows-10-10.0.22631-SP0)
    method: PUT
    uri: https://management.azure.com/subscriptions/00000000-0000-0000-0000-000000000000/resourcegroups/cli_test_vmss_ilb000001/providers/Microsoft.Resources/deployments/mock-deployment?api-version=2022-09-01
  response:
    body:
      string: '{"id":"/subscriptions/00000000-0000-0000-0000-000000000000/resourceGroups/cli_test_vmss_ilb000001/providers/Microsoft.Resources/deployments/vmss_deploy_pido3G6YVkYUqrbZ7loAEBrdFthaXHvR","name":"vmss_deploy_pido3G6YVkYUqrbZ7loAEBrdFthaXHvR","type":"Microsoft.Resources/deployments","properties":{"templateHash":"9216843695465179036","parameters":{"adminPassword":{"type":"SecureString"}},"mode":"Incremental","provisioningState":"Accepted","timestamp":"2024-08-26T08:52:16.7978747Z","duration":"PT0.0008485S","correlationId":"e2cafec4-3f82-4549-b84d-692da234efde","providers":[{"namespace":"Microsoft.Network","resourceTypes":[{"resourceType":"virtualNetworks","locations":["westus"]},{"resourceType":"loadBalancers","locations":["westus"]},{"resourceType":"networkSecurityGroups","locations":["westus"]},{"resourceType":"loadBalancers/inboundNatRules","locations":["westus"]}]},{"namespace":"Microsoft.Compute","resourceTypes":[{"resourceType":"virtualMachineScaleSets","locations":["westus"]}]}],"dependencies":[{"dependsOn":[{"id":"/subscriptions/00000000-0000-0000-0000-000000000000/resourceGroups/cli_test_vmss_ilb000001/providers/Microsoft.Network/virtualNetworks/vmss1VNET","resourceType":"Microsoft.Network/virtualNetworks","resourceName":"vmss1VNET"}],"id":"/subscriptions/00000000-0000-0000-0000-000000000000/resourceGroups/cli_test_vmss_ilb000001/providers/Microsoft.Network/loadBalancers/vmss1LB","resourceType":"Microsoft.Network/loadBalancers","resourceName":"vmss1LB"},{"dependsOn":[{"id":"/subscriptions/00000000-0000-0000-0000-000000000000/resourceGroups/cli_test_vmss_ilb000001/providers/Microsoft.Network/loadBalancers/vmss1LB","resourceType":"Microsoft.Network/loadBalancers","resourceName":"vmss1LB"}],"id":"/subscriptions/00000000-0000-0000-0000-000000000000/resourceGroups/cli_test_vmss_ilb000001/providers/Microsoft.Network/loadBalancers/vmss1LB/inboundNatRules/NatRule","resourceType":"Microsoft.Network/loadBalancers/inboundNatRules","resourceName":"vmss1LB/NatRule"},{"dependsOn":[{"id":"/subscriptions/00000000-0000-0000-0000-000000000000/resourceGroups/cli_test_vmss_ilb000001/providers/Microsoft.Network/virtualNetworks/vmss1VNET","resourceType":"Microsoft.Network/virtualNetworks","resourceName":"vmss1VNET"},{"id":"/subscriptions/00000000-0000-0000-0000-000000000000/resourceGroups/cli_test_vmss_ilb000001/providers/Microsoft.Network/loadBalancers/vmss1LB","resourceType":"Microsoft.Network/loadBalancers","resourceName":"vmss1LB"},{"id":"/subscriptions/00000000-0000-0000-0000-000000000000/resourceGroups/cli_test_vmss_ilb000001/providers/Microsoft.Network/networkSecurityGroups/vmss1NSG","resourceType":"Microsoft.Network/networkSecurityGroups","resourceName":"vmss1NSG"}],"id":"/subscriptions/00000000-0000-0000-0000-000000000000/resourceGroups/cli_test_vmss_ilb000001/providers/Microsoft.Compute/virtualMachineScaleSets/vmss1","resourceType":"Microsoft.Compute/virtualMachineScaleSets","resourceName":"vmss1"}]}}'
    headers:
      azure-asyncoperation:
      - https://management.azure.com/subscriptions/00000000-0000-0000-0000-000000000000/resourcegroups/cli_test_vmss_ilb000001/providers/Microsoft.Resources/deployments/vmss_deploy_pido3G6YVkYUqrbZ7loAEBrdFthaXHvR/operationStatuses/08584769445504703113?api-version=2022-09-01
      cache-control:
      - no-cache
      content-length:
      - '2947'
      content-type:
      - application/json; charset=utf-8
      date:
      - Mon, 26 Aug 2024 08:52:17 GMT
      expires:
      - '-1'
      pragma:
      - no-cache
      strict-transport-security:
      - max-age=31536000; includeSubDomains
      x-cache:
      - CONFIG_NOCACHE
      x-content-type-options:
      - nosniff
      x-ms-deployment-engine-version:
      - 1.95.0
      x-ms-ratelimit-remaining-subscription-global-writes:
      - '2999'
      x-ms-ratelimit-remaining-subscription-writes:
      - '199'
      x-msedge-ref:
      - 'Ref A: CE67BD806529462691D599C52E01F4A5 Ref B: TYO201100114011 Ref C: 2024-08-26T08:52:10Z'
    status:
      code: 201
      message: Created
- request:
    body: null
    headers:
      Accept:
      - '*/*'
      Accept-Encoding:
      - gzip, deflate
      CommandName:
      - vmss create
      Connection:
      - keep-alive
      ParameterSetName:
      - -g -n --admin-username --admin-password --image --instance-count --public-ip-address
      User-Agent:
      - AZURECLI/2.63.0 azsdk-python-core/1.28.0 Python/3.10.11 (Windows-10-10.0.22631-SP0)
    method: GET
    uri: https://management.azure.com/subscriptions/00000000-0000-0000-0000-000000000000/resourcegroups/cli_test_vmss_ilb000001/providers/Microsoft.Resources/deployments/mock-deployment/operationStatuses/08584769445504703113?api-version=2022-09-01
  response:
    body:
      string: '{"status":"Running"}'
    headers:
      cache-control:
      - no-cache
      content-length:
      - '20'
      content-type:
      - application/json; charset=utf-8
      date:
      - Mon, 26 Aug 2024 08:52:18 GMT
      expires:
      - '-1'
      pragma:
      - no-cache
      strict-transport-security:
      - max-age=31536000; includeSubDomains
      x-cache:
      - CONFIG_NOCACHE
      x-content-type-options:
      - nosniff
      x-ms-ratelimit-remaining-subscription-global-reads:
      - '3749'
      x-msedge-ref:
      - 'Ref A: 171C1DC0A2ED4C6A9F4BEF455B46C2F3 Ref B: TYO201100114011 Ref C: 2024-08-26T08:52:18Z'
    status:
      code: 200
      message: OK
- request:
    body: null
    headers:
      Accept:
      - '*/*'
      Accept-Encoding:
      - gzip, deflate
      CommandName:
      - vmss create
      Connection:
      - keep-alive
      ParameterSetName:
      - -g -n --admin-username --admin-password --image --instance-count --public-ip-address
      User-Agent:
      - AZURECLI/2.63.0 azsdk-python-core/1.28.0 Python/3.10.11 (Windows-10-10.0.22631-SP0)
    method: GET
    uri: https://management.azure.com/subscriptions/00000000-0000-0000-0000-000000000000/resourcegroups/cli_test_vmss_ilb000001/providers/Microsoft.Resources/deployments/mock-deployment/operationStatuses/08584769445504703113?api-version=2022-09-01
  response:
    body:
      string: '{"status":"Running"}'
    headers:
      cache-control:
      - no-cache
      content-length:
      - '20'
      content-type:
      - application/json; charset=utf-8
      date:
      - Mon, 26 Aug 2024 08:52:49 GMT
      expires:
      - '-1'
      pragma:
      - no-cache
      strict-transport-security:
      - max-age=31536000; includeSubDomains
      x-cache:
      - CONFIG_NOCACHE
      x-content-type-options:
      - nosniff
      x-ms-ratelimit-remaining-subscription-global-reads:
      - '3749'
      x-msedge-ref:
      - 'Ref A: 04A56C06F3714366B53BD0D67A9DDE86 Ref B: TYO201100114011 Ref C: 2024-08-26T08:52:49Z'
    status:
      code: 200
      message: OK
- request:
    body: null
    headers:
      Accept:
      - '*/*'
      Accept-Encoding:
      - gzip, deflate
      CommandName:
      - vmss create
      Connection:
      - keep-alive
      ParameterSetName:
      - -g -n --admin-username --admin-password --image --instance-count --public-ip-address
      User-Agent:
      - AZURECLI/2.63.0 azsdk-python-core/1.28.0 Python/3.10.11 (Windows-10-10.0.22631-SP0)
    method: GET
    uri: https://management.azure.com/subscriptions/00000000-0000-0000-0000-000000000000/resourcegroups/cli_test_vmss_ilb000001/providers/Microsoft.Resources/deployments/mock-deployment/operationStatuses/08584769445504703113?api-version=2022-09-01
  response:
    body:
      string: '{"status":"Running"}'
    headers:
      cache-control:
      - no-cache
      content-length:
      - '20'
      content-type:
      - application/json; charset=utf-8
      date:
      - Mon, 26 Aug 2024 08:53:21 GMT
      expires:
      - '-1'
      pragma:
      - no-cache
      strict-transport-security:
      - max-age=31536000; includeSubDomains
      x-cache:
      - CONFIG_NOCACHE
      x-content-type-options:
      - nosniff
      x-ms-ratelimit-remaining-subscription-global-reads:
      - '3749'
      x-msedge-ref:
      - 'Ref A: 1B2F4B2FAA4649338C334D5D61032C8E Ref B: TYO201100114011 Ref C: 2024-08-26T08:53:20Z'
    status:
      code: 200
      message: OK
- request:
    body: null
    headers:
      Accept:
      - '*/*'
      Accept-Encoding:
      - gzip, deflate
      CommandName:
      - vmss create
      Connection:
      - keep-alive
      ParameterSetName:
      - -g -n --admin-username --admin-password --image --instance-count --public-ip-address
      User-Agent:
      - AZURECLI/2.63.0 azsdk-python-core/1.28.0 Python/3.10.11 (Windows-10-10.0.22631-SP0)
    method: GET
    uri: https://management.azure.com/subscriptions/00000000-0000-0000-0000-000000000000/resourcegroups/cli_test_vmss_ilb000001/providers/Microsoft.Resources/deployments/mock-deployment/operationStatuses/08584769445504703113?api-version=2022-09-01
  response:
    body:
      string: '{"status":"Running"}'
    headers:
      cache-control:
      - no-cache
      content-length:
      - '20'
      content-type:
      - application/json; charset=utf-8
      date:
      - Mon, 26 Aug 2024 08:53:52 GMT
      expires:
      - '-1'
      pragma:
      - no-cache
      strict-transport-security:
      - max-age=31536000; includeSubDomains
      x-cache:
      - CONFIG_NOCACHE
      x-content-type-options:
      - nosniff
      x-ms-ratelimit-remaining-subscription-global-reads:
      - '3749'
      x-msedge-ref:
      - 'Ref A: 65FE339D19C04CBAACE5028EC3FCE21A Ref B: TYO201100114011 Ref C: 2024-08-26T08:53:51Z'
    status:
      code: 200
      message: OK
- request:
    body: null
    headers:
      Accept:
      - '*/*'
      Accept-Encoding:
      - gzip, deflate
      CommandName:
      - vmss create
      Connection:
      - keep-alive
      ParameterSetName:
      - -g -n --admin-username --admin-password --image --instance-count --public-ip-address
      User-Agent:
      - AZURECLI/2.63.0 azsdk-python-core/1.28.0 Python/3.10.11 (Windows-10-10.0.22631-SP0)
    method: GET
    uri: https://management.azure.com/subscriptions/00000000-0000-0000-0000-000000000000/resourcegroups/cli_test_vmss_ilb000001/providers/Microsoft.Resources/deployments/mock-deployment/operationStatuses/08584769445504703113?api-version=2022-09-01
  response:
    body:
      string: '{"status":"Succeeded"}'
    headers:
      cache-control:
      - no-cache
      content-length:
      - '22'
      content-type:
      - application/json; charset=utf-8
      date:
      - Mon, 26 Aug 2024 08:54:23 GMT
      expires:
      - '-1'
      pragma:
      - no-cache
      strict-transport-security:
      - max-age=31536000; includeSubDomains
      x-cache:
      - CONFIG_NOCACHE
      x-content-type-options:
      - nosniff
      x-ms-ratelimit-remaining-subscription-global-reads:
      - '3749'
      x-msedge-ref:
      - 'Ref A: A20C9B2A160340239917A7720F6E1D00 Ref B: TYO201100114011 Ref C: 2024-08-26T08:54:22Z'
    status:
      code: 200
      message: OK
- request:
    body: null
    headers:
      Accept:
      - '*/*'
      Accept-Encoding:
      - gzip, deflate
      CommandName:
      - vmss create
      Connection:
      - keep-alive
      ParameterSetName:
      - -g -n --admin-username --admin-password --image --instance-count --public-ip-address
      User-Agent:
      - AZURECLI/2.63.0 azsdk-python-core/1.28.0 Python/3.10.11 (Windows-10-10.0.22631-SP0)
    method: GET
    uri: https://management.azure.com/subscriptions/00000000-0000-0000-0000-000000000000/resourcegroups/cli_test_vmss_ilb000001/providers/Microsoft.Resources/deployments/mock-deployment?api-version=2022-09-01
  response:
    body:
      string: '{"id":"/subscriptions/00000000-0000-0000-0000-000000000000/resourceGroups/cli_test_vmss_ilb000001/providers/Microsoft.Resources/deployments/vmss_deploy_pido3G6YVkYUqrbZ7loAEBrdFthaXHvR","name":"vmss_deploy_pido3G6YVkYUqrbZ7loAEBrdFthaXHvR","type":"Microsoft.Resources/deployments","properties":{"templateHash":"9216843695465179036","parameters":{"adminPassword":{"type":"SecureString"}},"mode":"Incremental","provisioningState":"Succeeded","timestamp":"2024-08-26T08:54:07.5383497Z","duration":"PT1M50.7413235S","correlationId":"e2cafec4-3f82-4549-b84d-692da234efde","providers":[{"namespace":"Microsoft.Network","resourceTypes":[{"resourceType":"virtualNetworks","locations":["westus"]},{"resourceType":"loadBalancers","locations":["westus"]},{"resourceType":"networkSecurityGroups","locations":["westus"]},{"resourceType":"loadBalancers/inboundNatRules","locations":["westus"]}]},{"namespace":"Microsoft.Compute","resourceTypes":[{"resourceType":"virtualMachineScaleSets","locations":["westus"]}]}],"dependencies":[{"dependsOn":[{"id":"/subscriptions/00000000-0000-0000-0000-000000000000/resourceGroups/cli_test_vmss_ilb000001/providers/Microsoft.Network/virtualNetworks/vmss1VNET","resourceType":"Microsoft.Network/virtualNetworks","resourceName":"vmss1VNET"}],"id":"/subscriptions/00000000-0000-0000-0000-000000000000/resourceGroups/cli_test_vmss_ilb000001/providers/Microsoft.Network/loadBalancers/vmss1LB","resourceType":"Microsoft.Network/loadBalancers","resourceName":"vmss1LB"},{"dependsOn":[{"id":"/subscriptions/00000000-0000-0000-0000-000000000000/resourceGroups/cli_test_vmss_ilb000001/providers/Microsoft.Network/loadBalancers/vmss1LB","resourceType":"Microsoft.Network/loadBalancers","resourceName":"vmss1LB"}],"id":"/subscriptions/00000000-0000-0000-0000-000000000000/resourceGroups/cli_test_vmss_ilb000001/providers/Microsoft.Network/loadBalancers/vmss1LB/inboundNatRules/NatRule","resourceType":"Microsoft.Network/loadBalancers/inboundNatRules","resourceName":"vmss1LB/NatRule"},{"dependsOn":[{"id":"/subscriptions/00000000-0000-0000-0000-000000000000/resourceGroups/cli_test_vmss_ilb000001/providers/Microsoft.Network/virtualNetworks/vmss1VNET","resourceType":"Microsoft.Network/virtualNetworks","resourceName":"vmss1VNET"},{"id":"/subscriptions/00000000-0000-0000-0000-000000000000/resourceGroups/cli_test_vmss_ilb000001/providers/Microsoft.Network/loadBalancers/vmss1LB","resourceType":"Microsoft.Network/loadBalancers","resourceName":"vmss1LB"},{"id":"/subscriptions/00000000-0000-0000-0000-000000000000/resourceGroups/cli_test_vmss_ilb000001/providers/Microsoft.Network/networkSecurityGroups/vmss1NSG","resourceType":"Microsoft.Network/networkSecurityGroups","resourceName":"vmss1NSG"}],"id":"/subscriptions/00000000-0000-0000-0000-000000000000/resourceGroups/cli_test_vmss_ilb000001/providers/Microsoft.Compute/virtualMachineScaleSets/vmss1","resourceType":"Microsoft.Compute/virtualMachineScaleSets","resourceName":"vmss1"}],"outputs":{"vmss":{"type":"Object","value":{"singlePlacementGroup":false,"orchestrationMode":"Flexible","upgradePolicy":{"mode":"Manual"},"virtualMachineProfile":{"osProfile":{"computerNamePrefix":"vmss1","adminUsername":"admin123","linuxConfiguration":{"disablePasswordAuthentication":false,"provisionVMAgent":true,"patchSettings":{"patchMode":"ImageDefault","assessmentMode":"ImageDefault"}},"secrets":[],"allowExtensionOperations":true,"requireGuestProvisionSignal":true},"storageProfile":{"osDisk":{"osType":"Linux","createOption":"FromImage","caching":"ReadWrite","managedDisk":{"storageAccountType":"Premium_LRS"},"deleteOption":"Delete","diskSizeGB":30},"imageReference":{"publisher":"OpenLogic","offer":"CentOS","sku":"7.5","version":"latest"}},"networkProfile":{"networkApiVersion":"2020-11-01","networkInterfaceConfigurations":[{"name":"vmss1e0bcNic","properties":{"primary":true,"disableTcpStateTracking":false,"enableIPForwarding":false,"auxiliaryMode":"None","auxiliarySku":"None","deleteOption":"Delete","ipConfigurations":[{"name":"vmss1e0bcIPConfig","properties":{"privateIPAddressVersion":"IPv4","subnet":{"id":"/subscriptions/00000000-0000-0000-0000-000000000000/resourceGroups/cli_test_vmss_ilb000001/providers/Microsoft.Network/virtualNetworks/vmss1VNET/subnets/vmss1Subnet"},"applicationSecurityGroups":[],"loadBalancerBackendAddressPools":[{"id":"/subscriptions/00000000-0000-0000-0000-000000000000/resourceGroups/cli_test_vmss_ilb000001/providers/Microsoft.Network/loadBalancers/vmss1LB/backendAddressPools/vmss1LBBEPool"}],"applicationGatewayBackendAddressPools":[]}}],"networkSecurityGroup":{"id":"/subscriptions/00000000-0000-0000-0000-000000000000/resourceGroups/cli_test_vmss_ilb000001/providers/Microsoft.Network/networkSecurityGroups/vmss1NSG"},"dnsSettings":{"dnsServers":[]}}}]},"timeCreated":"2024-08-26T08:52:26.6257927+00:00"},"provisioningState":"Succeeded","uniqueId":"e355cc8d-d95a-4149-aa3a-564acaa9f209","platformFaultDomainCount":1,"constrainedMaximumCapacity":false,"timeCreated":"2024-08-26T08:52:26.6257927+00:00"}}},"outputResources":[{"id":"/subscriptions/00000000-0000-0000-0000-000000000000/resourceGroups/cli_test_vmss_ilb000001/providers/Microsoft.Compute/virtualMachineScaleSets/vmss1"},{"id":"/subscriptions/00000000-0000-0000-0000-000000000000/resourceGroups/cli_test_vmss_ilb000001/providers/Microsoft.Network/loadBalancers/vmss1LB"},{"id":"/subscriptions/00000000-0000-0000-0000-000000000000/resourceGroups/cli_test_vmss_ilb000001/providers/Microsoft.Network/loadBalancers/vmss1LB/inboundNatRules/NatRule"},{"id":"/subscriptions/00000000-0000-0000-0000-000000000000/resourceGroups/cli_test_vmss_ilb000001/providers/Microsoft.Network/networkSecurityGroups/vmss1NSG"},{"id":"/subscriptions/00000000-0000-0000-0000-000000000000/resourceGroups/cli_test_vmss_ilb000001/providers/Microsoft.Network/virtualNetworks/vmss1VNET"}]}}'
    headers:
      cache-control:
      - no-cache
      content-length:
      - '5827'
      content-type:
      - application/json; charset=utf-8
      date:
      - Mon, 26 Aug 2024 08:54:23 GMT
      expires:
      - '-1'
      pragma:
      - no-cache
      strict-transport-security:
      - max-age=31536000; includeSubDomains
      x-cache:
      - CONFIG_NOCACHE
      x-content-type-options:
      - nosniff
      x-ms-ratelimit-remaining-subscription-global-reads:
      - '3748'
      x-msedge-ref:
      - 'Ref A: 7DCA8ED638BA43239E3E6881B64053F3 Ref B: TYO201100114011 Ref C: 2024-08-26T08:54:23Z'
    status:
      code: 200
      message: OK
- request:
    body: null
    headers:
      Accept:
      - application/json
      Accept-Encoding:
      - gzip, deflate
      CommandName:
      - vmss list-instance-connection-info
      Connection:
      - keep-alive
      ParameterSetName:
      - -g -n
      User-Agent:
      - AZURECLI/2.63.0 azsdk-python-core/1.28.0 Python/3.10.11 (Windows-10-10.0.22631-SP0)
    method: GET
    uri: https://management.azure.com/subscriptions/00000000-0000-0000-0000-000000000000/resourceGroups/cli_test_vmss_ilb000001/providers/Microsoft.Compute/virtualMachineScaleSets/vmss1?api-version=2024-07-01
  response:
    body:
      string: "{\r\n  \"name\": \"vmss1\",\r\n  \"id\": \"/subscriptions/00000000-0000-0000-0000-000000000000/resourceGroups/cli_test_vmss_ilb000001/providers/Microsoft.Compute/virtualMachineScaleSets/vmss1\"\
        ,\r\n  \"type\": \"Microsoft.Compute/virtualMachineScaleSets\",\r\n  \"location\"\
        : \"westus\",\r\n  \"tags\": {},\r\n  \"sku\": {\r\n    \"name\": \"Standard_DS1_v2\"\
        ,\r\n    \"tier\": \"Standard\",\r\n    \"capacity\": 1\r\n  },\r\n  \"etag\"\
        : \"\\\"1\\\"\",\r\n  \"properties\": {\r\n    \"singlePlacementGroup\": false,\r\
        \n    \"orchestrationMode\": \"Flexible\",\r\n    \"upgradePolicy\": {\r\n\
        \      \"mode\": \"Manual\"\r\n    },\r\n    \"virtualMachineProfile\": {\r\
        \n      \"osProfile\": {\r\n        \"computerNamePrefix\": \"vmss1\",\r\n\
        \        \"adminUsername\": \"admin123\",\r\n        \"linuxConfiguration\"\
        : {\r\n          \"disablePasswordAuthentication\": false,\r\n          \"\
        provisionVMAgent\": true,\r\n          \"patchSettings\": {\r\n          \
        \  \"patchMode\": \"ImageDefault\",\r\n            \"assessmentMode\": \"\
        ImageDefault\"\r\n          }\r\n        },\r\n        \"secrets\": [],\r\n\
        \        \"allowExtensionOperations\": true,\r\n        \"requireGuestProvisionSignal\"\
        : true\r\n      },\r\n      \"storageProfile\": {\r\n        \"osDisk\": {\r\
        \n          \"osType\": \"Linux\",\r\n          \"createOption\": \"FromImage\"\
        ,\r\n          \"caching\": \"ReadWrite\",\r\n          \"managedDisk\": {\r\
        \n            \"storageAccountType\": \"Premium_LRS\"\r\n          },\r\n\
        \          \"deleteOption\": \"Delete\",\r\n          \"diskSizeGB\": 30\r\
        \n        },\r\n        \"imageReference\": {\r\n          \"publisher\":\
        \ \"OpenLogic\",\r\n          \"offer\": \"CentOS\",\r\n          \"sku\"\
        : \"7.5\",\r\n          \"version\": \"latest\"\r\n        }\r\n      },\r\
        \n      \"networkProfile\": {\"networkApiVersion\":\"2020-11-01\",\"networkInterfaceConfigurations\"\
        :[{\"name\":\"vmss1e0bcNic\",\"properties\":{\"primary\":true,\"disableTcpStateTracking\"\
        :false,\"enableIPForwarding\":false,\"auxiliaryMode\":\"None\",\"auxiliarySku\"\
        :\"None\",\"deleteOption\":\"Delete\",\"ipConfigurations\":[{\"name\":\"vmss1e0bcIPConfig\"\
        ,\"properties\":{\"privateIPAddressVersion\":\"IPv4\",\"subnet\":{\"id\":\"\
        /subscriptions/00000000-0000-0000-0000-000000000000/resourceGroups/cli_test_vmss_ilb000001/providers/Microsoft.Network/virtualNetworks/vmss1VNET/subnets/vmss1Subnet\"\
        },\"applicationSecurityGroups\":[],\"loadBalancerBackendAddressPools\":[{\"\
        id\":\"/subscriptions/00000000-0000-0000-0000-000000000000/resourceGroups/cli_test_vmss_ilb000001/providers/Microsoft.Network/loadBalancers/vmss1LB/backendAddressPools/vmss1LBBEPool\"\
        }],\"applicationGatewayBackendAddressPools\":[]}}],\"networkSecurityGroup\"\
        :{\"id\":\"/subscriptions/00000000-0000-0000-0000-000000000000/resourceGroups/cli_test_vmss_ilb000001/providers/Microsoft.Network/networkSecurityGroups/vmss1NSG\"\
        },\"dnsSettings\":{\"dnsServers\":[]}}}]},\r\n      \"timeCreated\": \"2024-08-26T08:52:26.6257927+00:00\"\
        \r\n    },\r\n    \"provisioningState\": \"Succeeded\",\r\n    \"uniqueId\"\
        : \"e355cc8d-d95a-4149-aa3a-564acaa9f209\",\r\n    \"platformFaultDomainCount\"\
        : 1,\r\n    \"constrainedMaximumCapacity\": false,\r\n    \"timeCreated\"\
        : \"2024-08-26T08:52:26.6257927+00:00\"\r\n  }\r\n}"
    headers:
      cache-control:
      - no-cache
      content-length:
      - '2924'
      content-type:
      - application/json; charset=utf-8
      date:
      - Mon, 26 Aug 2024 08:54:25 GMT
      etag:
      - '"1"'
      expires:
      - '-1'
      pragma:
      - no-cache
      strict-transport-security:
      - max-age=31536000; includeSubDomains
      x-cache:
      - CONFIG_NOCACHE
      x-content-type-options:
      - nosniff
      x-ms-ratelimit-remaining-resource:
      - Microsoft.Compute/GetVMScaleSetSubscriptionMaximum;2399,Microsoft.Compute/GetVMScaleSetResource;32
      x-ms-ratelimit-remaining-subscription-global-reads:
      - '3749'
      x-msedge-ref:
      - 'Ref A: 2D2CF1A9C0884E6A81A18B1A35EEBB1A Ref B: TYO201151006040 Ref C: 2024-08-26T08:54:25Z'
    status:
      code: 200
      message: ''
version: 1
