interactions:
- request:
    body: null
    headers:
      Accept:
      - application/json
      Accept-Encoding:
      - gzip, deflate
      CommandName:
      - ppg create
      Connection:
      - keep-alive
      ParameterSetName:
      - -g -n
      User-Agent:
      - python/3.7.4 (Windows-10-10.0.19041-SP0) msrest/0.6.21 msrest_azure/0.6.3
        azure-mgmt-resource/12.0.0 Azure-SDK-For-Python AZURECLI/2.20.0
      accept-language:
      - en-US
    method: GET
    uri: https://management.azure.com/subscriptions/00000000-0000-0000-0000-000000000000/resourcegroups/cli_test_vmss_orchestration_mode_000001?api-version=2020-10-01
  response:
    body:
      string: '{"id":"/subscriptions/00000000-0000-0000-0000-000000000000/resourceGroups/cli_test_vmss_orchestration_mode_000001","name":"cli_test_vmss_orchestration_mode_000001","type":"Microsoft.Resources/resourceGroups","location":"westus","tags":{"product":"azurecli","cause":"automation","date":"2021-03-05T07:00:20Z"},"properties":{"provisioningState":"Succeeded"}}'
    headers:
      cache-control:
      - no-cache
      content-length:
      - '428'
      content-type:
      - application/json; charset=utf-8
      date:
      - Fri, 05 Mar 2021 07:00:23 GMT
      expires:
      - '-1'
      pragma:
      - no-cache
      strict-transport-security:
      - max-age=31536000; includeSubDomains
      vary:
      - Accept-Encoding
      x-content-type-options:
      - nosniff
    status:
      code: 200
      message: OK
- request:
    body: '{"location": "westus", "tags": {}}'
    headers:
      Accept:
      - application/json
      Accept-Encoding:
      - gzip, deflate
      CommandName:
      - ppg create
      Connection:
      - keep-alive
      Content-Length:
      - '34'
      Content-Type:
      - application/json
      ParameterSetName:
      - -g -n
      User-Agent:
      - AZURECLI/2.20.0 azsdk-python-azure-mgmt-compute/19.0.0 Python/3.7.4 (Windows-10-10.0.19041-SP0)
    method: PUT
    uri: https://management.azure.com/subscriptions/00000000-0000-0000-0000-000000000000/resourceGroups/cli_test_vmss_orchestration_mode_000001/providers/Microsoft.Compute/proximityPlacementGroups/ppg1?api-version=2020-12-01
  response:
    body:
      string: "{\r\n  \"name\": \"ppg1\",\r\n  \"id\": \"/subscriptions/00000000-0000-0000-0000-000000000000/resourceGroups/cli_test_vmss_orchestration_mode_000001/providers/Microsoft.Compute/proximityPlacementGroups/ppg1\",\r\n
        \ \"type\": \"Microsoft.Compute/proximityPlacementGroups\",\r\n  \"location\":
        \"westus\",\r\n  \"tags\": {},\r\n  \"properties\": {\r\n    \"proximityPlacementGroupType\":
        \"Standard\"\r\n  }\r\n}"
    headers:
      cache-control:
      - no-cache
      content-length:
      - '404'
      content-type:
      - application/json; charset=utf-8
      date:
      - Fri, 05 Mar 2021 07:00:29 GMT
      expires:
      - '-1'
      pragma:
      - no-cache
      server:
      - Microsoft-HTTPAPI/2.0
      - Microsoft-HTTPAPI/2.0
      strict-transport-security:
      - max-age=31536000; includeSubDomains
      x-content-type-options:
      - nosniff
      x-ms-ratelimit-remaining-resource:
      - Microsoft.Compute/PutDeletePPG3Min;99,Microsoft.Compute/PutDeletePPG30Min;499
      x-ms-ratelimit-remaining-subscription-writes:
      - '1199'
    status:
      code: 201
      message: Created
- request:
    body: null
    headers:
      Accept:
      - application/json
      Accept-Encoding:
      - gzip, deflate
      CommandName:
      - vmss create
      Connection:
      - keep-alive
      ParameterSetName:
      - -g -n --orchestration-mode --single-placement-group --ppg --platform-fault-domain-count
        --generate-ssh-keys
      User-Agent:
      - python/3.7.4 (Windows-10-10.0.19041-SP0) msrest/0.6.21 msrest_azure/0.6.3
        azure-mgmt-resource/12.0.0 Azure-SDK-For-Python AZURECLI/2.20.0
      accept-language:
      - en-US
    method: GET
    uri: https://management.azure.com/subscriptions/00000000-0000-0000-0000-000000000000/resourcegroups/cli_test_vmss_orchestration_mode_000001?api-version=2020-10-01
  response:
    body:
      string: '{"id":"/subscriptions/00000000-0000-0000-0000-000000000000/resourceGroups/cli_test_vmss_orchestration_mode_000001","name":"cli_test_vmss_orchestration_mode_000001","type":"Microsoft.Resources/resourceGroups","location":"westus","tags":{"product":"azurecli","cause":"automation","date":"2021-03-05T07:00:20Z"},"properties":{"provisioningState":"Succeeded"}}'
    headers:
      cache-control:
      - no-cache
      content-length:
      - '428'
      content-type:
      - application/json; charset=utf-8
      date:
      - Fri, 05 Mar 2021 07:00:29 GMT
      expires:
      - '-1'
      pragma:
      - no-cache
      strict-transport-security:
      - max-age=31536000; includeSubDomains
      vary:
      - Accept-Encoding
      x-content-type-options:
      - nosniff
    status:
      code: 200
      message: OK
- request:
    body: null
    headers:
      Accept:
      - application/json
      Accept-Encoding:
      - gzip, deflate
      CommandName:
      - vmss create
      Connection:
      - keep-alive
      ParameterSetName:
      - -g -n --orchestration-mode --single-placement-group --ppg --platform-fault-domain-count
        --generate-ssh-keys
      User-Agent:
      - python/3.7.4 (Windows-10-10.0.19041-SP0) msrest/0.6.21 msrest_azure/0.6.3
        azure-mgmt-resource/12.0.0 Azure-SDK-For-Python AZURECLI/2.20.0
      accept-language:
      - en-US
    method: GET
    uri: https://management.azure.com/subscriptions/00000000-0000-0000-0000-000000000000/providers/Microsoft.Compute?api-version=2020-10-01
  response:
    body:
      string: '{"id":"/subscriptions/00000000-0000-0000-0000-000000000000/providers/Microsoft.Compute","namespace":"Microsoft.Compute","authorizations":[{"applicationId":"60e6cd67-9c8c-4951-9b3c-23c25a2169af","roleDefinitionId":"e4770acb-272e-4dc8-87f3-12f44a612224"},{"applicationId":"a303894e-f1d8-4a37-bf10-67aa654a0596","roleDefinitionId":"903ac751-8ad5-4e5a-bfc2-5e49f450a241"},{"applicationId":"a8b6bf88-1d1a-4626-b040-9a729ea93c65","roleDefinitionId":"45c8267c-80ba-4b96-9a43-115b8f49fccd"},{"applicationId":"184909ca-69f1-4368-a6a7-c558ee6eb0bd","roleDefinitionId":"45c8267c-80ba-4b96-9a43-115b8f49fccd"},{"applicationId":"5e5e43d4-54da-4211-86a4-c6e7f3715801","roleDefinitionId":"ffcd6e5b-8772-457d-bb17-89703c03428f"},{"applicationId":"ce6ff14a-7fdc-4685-bbe0-f6afdfcfa8e0","roleDefinitionId":"cb17cddc-dbac-4ae0-ae79-8db34eddfca0"},{"applicationId":"372140e0-b3b7-4226-8ef9-d57986796201","roleDefinitionId":"cb17cddc-dbac-4ae0-ae79-8db34eddfca0"},{"applicationId":"b9a92e36-2cf8-4f4e-bcb3-9d99e00e14ab","roleDefinitionId":"6efa92ca-56b6-40af-a468-5e3d2b5232f0"},{"applicationId":"579d9c9d-4c83-4efc-8124-7eba65ed3356","roleDefinitionId":"8c99c4ce-d744-4597-a2f0-0a0044d67560"}],"resourceTypes":[{"resourceType":"availabilitySets","locations":["East
        US","East US 2","West US","Central US","North Central US","South Central US","North
        Europe","West Europe","East Asia","Southeast Asia","Japan East","Japan West","Australia
        East","Australia Southeast","Australia Central","Brazil South","South India","Central
        India","West India","Canada Central","Canada East","West US 2","West Central
        US","UK South","UK West","Korea Central","Korea South","France Central","South
        Africa North","UAE North","Switzerland North","Germany West Central","Norway
        East","East US 2 EUAP","Central US EUAP"],"apiVersions":["2020-12-01","2020-06-01","2019-12-01","2019-07-01","2019-03-01","2018-10-01","2018-06-01","2018-04-01","2017-12-01","2017-03-30","2016-08-30","2016-04-30-preview","2016-03-30","2015-06-15","2015-05-01-preview"],"defaultApiVersion":"2020-06-01","apiProfiles":[{"profileVersion":"2017-03-09-profile","apiVersion":"2016-03-30"},{"profileVersion":"2018-03-01-hybrid","apiVersion":"2017-03-30"},{"profileVersion":"2018-06-01-profile","apiVersion":"2017-12-01"}],"capabilities":"CrossResourceGroupResourceMove,
        CrossSubscriptionResourceMove, SupportsTags, SupportsLocation"},{"resourceType":"virtualMachines","locations":["East
        US","East US 2","West US","Central US","North Central US","South Central US","North
        Europe","West Europe","East Asia","Southeast Asia","Japan East","Japan West","Australia
        East","Australia Southeast","Australia Central","Brazil South","South India","Central
        India","West India","Canada Central","Canada East","West US 2","West Central
        US","UK South","UK West","Korea Central","Korea South","France Central","South
        Africa North","UAE North","Switzerland North","Germany West Central","Norway
        East","East US 2 EUAP","Central US EUAP"],"apiVersions":["2020-12-01","2020-06-01","2019-12-01","2019-07-01","2019-03-01","2018-10-01","2018-06-01","2018-04-01","2017-12-01","2017-03-30","2016-08-30","2016-04-30-preview","2016-03-30","2015-06-15","2015-05-01-preview"],"defaultApiVersion":"2020-06-01","apiProfiles":[{"profileVersion":"2017-03-09-profile","apiVersion":"2016-03-30"},{"profileVersion":"2018-03-01-hybrid","apiVersion":"2017-03-30"},{"profileVersion":"2018-06-01-profile","apiVersion":"2017-12-01"}],"zoneMappings":[{"location":"East
        US 2","zones":["2","3","1"]},{"location":"Central US","zones":["2","3","1"]},{"location":"West
        Europe","zones":["2","3","1"]},{"location":"East US 2 EUAP","zones":["1","2","3"]},{"location":"Central
        US EUAP","zones":["1","2"]},{"location":"France Central","zones":["2","3","1"]},{"location":"Southeast
        Asia","zones":["2","3","1"]},{"location":"West US 2","zones":["2","3","1"]},{"location":"North
        Europe","zones":["2","3","1"]},{"location":"East US","zones":["2","3","1"]},{"location":"UK
        South","zones":["2","3","1"]},{"location":"Japan East","zones":["2","3","1"]},{"location":"Australia
        East","zones":["2","3","1"]},{"location":"South Africa North","zones":[]},{"location":"South
        Central US","zones":["2","3","1"]},{"location":"Canada Central","zones":["2","3","1"]},{"location":"Germany
        West Central","zones":["2","3","1"]},{"location":"Brazil South","zones":["2","3","1"]},{"location":"Central
        India","zones":[]},{"location":"Korea Central","zones":[]}],"locationMappings":[{"location":"East
        US 2 EUAP","type":"EdgeZone","extendedLocations":["eastus2euapmockedge","microsoftrrdclab1","microsoftrrdclab2","microsoftrrdclab3"]},{"location":"West
        US","type":"EdgeZone","extendedLocations":["microsoftlosangeles1"]}],"capabilities":"CrossResourceGroupResourceMove,
        CrossSubscriptionResourceMove, SystemAssignedResourceIdentity, SupportsTags,
        SupportsLocation"},{"resourceType":"virtualMachines/extensions","locations":["East
        US","East US 2","West US","Central US","North Central US","South Central US","North
        Europe","West Europe","East Asia","Southeast Asia","Japan East","Japan West","Australia
        East","Australia Southeast","Australia Central","Brazil South","South India","Central
        India","West India","Canada Central","Canada East","West US 2","West Central
        US","UK South","UK West","Korea Central","Korea South","France Central","South
        Africa North","UAE North","Switzerland North","Germany West Central","Norway
        East","East US 2 EUAP","Central US EUAP"],"apiVersions":["2020-12-01","2020-06-01","2019-12-01","2019-07-01","2019-03-01","2018-10-01","2018-06-01","2018-04-01","2017-12-01","2017-03-30","2016-08-30","2016-04-30-preview","2016-03-30","2015-06-15","2015-05-01-preview"],"defaultApiVersion":"2020-06-01","apiProfiles":[{"profileVersion":"2017-03-09-profile","apiVersion":"2016-03-30"},{"profileVersion":"2018-03-01-hybrid","apiVersion":"2017-03-30"},{"profileVersion":"2018-06-01-profile","apiVersion":"2017-12-01"}],"capabilities":"CrossResourceGroupResourceMove,
        CrossSubscriptionResourceMove, SupportsTags, SupportsLocation"},{"resourceType":"virtualMachineScaleSets","locations":["East
        US","East US 2","West US","Central US","North Central US","South Central US","North
        Europe","West Europe","East Asia","Southeast Asia","Japan East","Japan West","Australia
        East","Australia Southeast","Australia Central","Brazil South","South India","Central
        India","West India","Canada Central","Canada East","West US 2","West Central
        US","UK South","UK West","Korea Central","Korea South","France Central","South
        Africa North","UAE North","Switzerland North","Germany West Central","Norway
        East","East US 2 EUAP","Central US EUAP"],"apiVersions":["2020-12-01","2020-06-01","2019-12-01","2019-07-01","2019-03-01","2018-10-01","2018-06-01","2018-04-01","2017-12-01","2017-10-30-preview","2017-03-30","2016-08-30","2016-04-30-preview","2016-03-30","2015-06-15","2015-05-01-preview"],"defaultApiVersion":"2020-06-01","apiProfiles":[{"profileVersion":"2017-03-09-profile","apiVersion":"2016-03-30"},{"profileVersion":"2018-03-01-hybrid","apiVersion":"2017-03-30"},{"profileVersion":"2018-06-01-profile","apiVersion":"2017-12-01"}],"zoneMappings":[{"location":"East
        US 2","zones":["2","3","1"]},{"location":"Central US","zones":["2","3","1"]},{"location":"West
        Europe","zones":["2","3","1"]},{"location":"East US 2 EUAP","zones":["1","2","3"]},{"location":"Central
        US EUAP","zones":["1","2"]},{"location":"France Central","zones":["2","3","1"]},{"location":"Southeast
        Asia","zones":["2","3","1"]},{"location":"West US 2","zones":["2","3","1"]},{"location":"North
        Europe","zones":["2","3","1"]},{"location":"East US","zones":["2","3","1"]},{"location":"UK
        South","zones":["2","3","1"]},{"location":"Japan East","zones":["2","3","1"]},{"location":"Australia
        East","zones":["2","3","1"]},{"location":"South Africa North","zones":[]},{"location":"South
        Central US","zones":["2","3","1"]},{"location":"Canada Central","zones":["2","3","1"]},{"location":"Germany
        West Central","zones":["2","3","1"]},{"location":"Brazil South","zones":["2","3","1"]},{"location":"Central
        India","zones":[]},{"location":"Korea Central","zones":[]}],"locationMappings":[{"location":"East
        US 2 EUAP","type":"EdgeZone","extendedLocations":["eastus2euapmockedge","microsoftrrdclab1","microsoftrrdclab2","microsoftrrdclab3"]},{"location":"West
        US","type":"EdgeZone","extendedLocations":["microsoftlosangeles1"]}],"capabilities":"CrossResourceGroupResourceMove,
        CrossSubscriptionResourceMove, SystemAssignedResourceIdentity, SupportsTags,
        SupportsLocation"},{"resourceType":"virtualMachineScaleSets/extensions","locations":["East
        US","East US 2","West US","Central US","North Central US","South Central US","North
        Europe","West Europe","East Asia","Southeast Asia","Japan East","Japan West","Australia
        East","Australia Southeast","Australia Central","Brazil South","South India","Central
        India","West India","Canada Central","Canada East","West US 2","West Central
        US","UK South","UK West","Korea Central","Korea South","France Central","South
        Africa North","UAE North","Switzerland North","Germany West Central","Norway
        East","East US 2 EUAP","Central US EUAP"],"apiVersions":["2020-12-01","2020-06-01","2019-12-01","2019-07-01","2019-03-01","2018-10-01","2018-06-01","2018-04-01","2017-12-01","2017-10-30-preview","2017-03-30","2016-08-30","2016-04-30-preview","2016-03-30","2015-06-15","2015-05-01-preview"],"defaultApiVersion":"2015-06-15","apiProfiles":[{"profileVersion":"2017-03-09-profile","apiVersion":"2016-03-30"},{"profileVersion":"2018-03-01-hybrid","apiVersion":"2017-03-30"},{"profileVersion":"2018-06-01-profile","apiVersion":"2017-12-01"}],"capabilities":"None"},{"resourceType":"virtualMachineScaleSets/virtualMachines","locations":["East
        US","East US 2","West US","Central US","North Central US","South Central US","North
        Europe","West Europe","East Asia","Southeast Asia","Japan East","Japan West","Australia
        East","Australia Southeast","Australia Central","Brazil South","South India","Central
        India","West India","Canada Central","Canada East","West US 2","West Central
        US","UK South","UK West","Korea Central","Korea South","France Central","South
        Africa North","UAE North","Switzerland North","Germany West Central","Norway
        East","East US 2 EUAP","Central US EUAP"],"apiVersions":["2020-12-01","2020-06-01","2019-12-01","2019-07-01","2019-03-01","2018-10-01","2018-06-01","2018-04-01","2017-12-01","2017-10-30-preview","2017-03-30","2016-08-30","2016-04-30-preview","2016-03-30","2015-06-15","2015-05-01-preview"],"defaultApiVersion":"2020-06-01","apiProfiles":[{"profileVersion":"2017-03-09-profile","apiVersion":"2016-03-30"},{"profileVersion":"2018-03-01-hybrid","apiVersion":"2017-03-30"},{"profileVersion":"2018-06-01-profile","apiVersion":"2017-12-01"}],"capabilities":"None"},{"resourceType":"virtualMachineScaleSets/virtualMachines/extensions","locations":["East
        US","East US 2","West US","Central US","North Central US","South Central US","North
        Europe","West Europe","East Asia","Southeast Asia","Japan East","Japan West","Australia
        East","Australia Southeast","Australia Central","Brazil South","South India","Central
        India","West India","Canada Central","Canada East","West US 2","West Central
        US","UK South","UK West","Korea Central","Korea South","France Central","South
        Africa North","UAE North","Switzerland North","Germany West Central","Norway
        East","East US 2 EUAP","Central US EUAP"],"apiVersions":["2020-12-01","2020-06-01","2019-12-01","2019-07-01","2019-03-01","2018-10-01","2018-06-01","2018-04-01","2017-12-01","2017-10-30-preview","2017-03-30","2016-08-30","2016-04-30-preview","2016-03-30","2015-06-15","2015-05-01-preview"],"apiProfiles":[{"profileVersion":"2017-03-09-profile","apiVersion":"2016-03-30"},{"profileVersion":"2018-03-01-hybrid","apiVersion":"2017-03-30"},{"profileVersion":"2018-06-01-profile","apiVersion":"2017-12-01"}],"capabilities":"None"},{"resourceType":"virtualMachineScaleSets/networkInterfaces","locations":["East
        US","East US 2","West US","Central US","North Central US","South Central US","North
        Europe","West Europe","East Asia","Southeast Asia","Japan East","Japan West","Australia
        East","Australia Southeast","Australia Central","Brazil South","South India","Central
        India","West India","Canada Central","Canada East","West US 2","West Central
        US","UK South","UK West","Korea Central","Korea South","France Central","South
        Africa North","UAE North","Switzerland North","Germany West Central","Norway
        East","East US 2 EUAP","Central US EUAP"],"apiVersions":["2020-12-01","2020-06-01","2019-12-01","2019-07-01","2019-03-01","2018-10-01","2018-06-01","2018-04-01","2017-12-01","2017-03-30","2016-09-01","2016-08-01","2016-07-01","2016-06-01","2016-04-30-preview","2016-03-30","2015-06-15","2015-05-01-preview"],"apiProfiles":[{"profileVersion":"2017-03-09-profile","apiVersion":"2016-03-30"},{"profileVersion":"2018-03-01-hybrid","apiVersion":"2017-03-30"},{"profileVersion":"2018-06-01-profile","apiVersion":"2017-12-01"}],"capabilities":"None"},{"resourceType":"virtualMachineScaleSets/virtualMachines/networkInterfaces","locations":["East
        US","East US 2","West US","Central US","North Central US","South Central US","North
        Europe","West Europe","East Asia","Southeast Asia","Japan East","Japan West","Australia
        East","Australia Southeast","Australia Central","Brazil South","South India","Central
        India","West India","Canada Central","Canada East","West US 2","West Central
        US","UK South","UK West","Korea Central","Korea South","France Central","South
        Africa North","UAE North","Switzerland North","Germany West Central","Norway
        East","East US 2 EUAP","Central US EUAP"],"apiVersions":["2020-12-01","2020-06-01","2019-12-01","2019-07-01","2019-03-01","2018-10-01","2018-06-01","2018-04-01","2017-12-01","2017-03-30","2016-09-01","2016-08-01","2016-07-01","2016-06-01","2016-04-30-preview","2016-03-30","2015-06-15","2015-05-01-preview"],"apiProfiles":[{"profileVersion":"2017-03-09-profile","apiVersion":"2016-03-30"},{"profileVersion":"2018-03-01-hybrid","apiVersion":"2017-03-30"},{"profileVersion":"2018-06-01-profile","apiVersion":"2017-12-01"}],"capabilities":"None"},{"resourceType":"virtualMachineScaleSets/publicIPAddresses","locations":["East
        US","East US 2","West US","Central US","North Central US","South Central US","North
        Europe","West Europe","East Asia","Southeast Asia","Japan East","Japan West","Australia
        East","Australia Southeast","Australia Central","Brazil South","South India","Central
        India","West India","Canada Central","Canada East","West US 2","West Central
        US","UK South","UK West","Korea Central","Korea South","France Central","South
        Africa North","UAE North","Switzerland North","Germany West Central","Norway
        East","East US 2 EUAP","Central US EUAP"],"apiVersions":["2020-12-01","2020-06-01","2019-12-01","2019-07-01","2019-03-01","2018-10-01","2018-06-01","2018-04-01","2017-12-01","2017-03-30"],"apiProfiles":[{"profileVersion":"2018-03-01-hybrid","apiVersion":"2017-03-30"},{"profileVersion":"2018-06-01-profile","apiVersion":"2017-12-01"}],"capabilities":"None"},{"resourceType":"locations","locations":[],"apiVersions":["2020-12-01","2020-06-01","2019-12-01","2019-07-01","2019-03-01","2018-10-01","2018-06-01","2018-04-01","2017-12-01","2017-03-30","2016-08-30","2016-04-30-preview","2016-03-30","2015-06-15","2015-05-01-preview"],"capabilities":"None"},{"resourceType":"locations/operations","locations":["East
        US","East US 2","West US","Central US","North Central US","South Central US","North
        Europe","West Europe","East Asia","Southeast Asia","Japan East","Japan West","Australia
        East","Australia Southeast","Australia Central","Brazil South","South India","Central
        India","West India","Canada Central","Canada East","West US 2","West Central
        US","UK South","UK West","Korea Central","Korea South","France Central","South
        Africa North","UAE North","Switzerland North","Germany West Central","Norway
        East","East US 2 EUAP","Central US EUAP"],"apiVersions":["2020-12-01","2020-06-01","2019-12-01","2019-07-01","2019-03-01","2018-10-01","2018-06-01","2018-04-01","2017-12-01","2017-10-30-preview","2017-03-30","2016-08-30","2016-04-30-preview","2016-03-30","2015-06-15","2015-05-01-preview"],"apiProfiles":[{"profileVersion":"2017-03-09-profile","apiVersion":"2016-03-30"},{"profileVersion":"2018-03-01-hybrid","apiVersion":"2017-03-30"},{"profileVersion":"2018-06-01-profile","apiVersion":"2017-12-01"}],"capabilities":"None"},{"resourceType":"locations/vmSizes","locations":["East
        US","East US 2","West US","Central US","North Central US","South Central US","North
        Europe","West Europe","East Asia","Southeast Asia","Japan East","Japan West","Australia
        East","Australia Southeast","Australia Central","Brazil South","South India","Central
        India","West India","Canada Central","Canada East","West US 2","West Central
        US","UK South","UK West","Korea Central","Korea South","France Central","South
        Africa North","UAE North","Switzerland North","Germany West Central","Norway
        East","East US 2 EUAP","Central US EUAP"],"apiVersions":["2020-12-01","2020-06-01","2019-12-01","2019-07-01","2019-03-01","2018-10-01","2018-06-01","2018-04-01","2017-12-01","2017-03-30","2016-08-30","2016-04-30-preview","2016-03-30","2015-06-15","2015-05-01-preview"],"apiProfiles":[{"profileVersion":"2017-03-09-profile","apiVersion":"2016-03-30"},{"profileVersion":"2018-03-01-hybrid","apiVersion":"2017-03-30"},{"profileVersion":"2018-06-01-profile","apiVersion":"2017-12-01"}],"capabilities":"None"},{"resourceType":"locations/runCommands","locations":["East
        US","East US 2","West US","Central US","North Central US","South Central US","North
        Europe","West Europe","East Asia","Southeast Asia","Japan East","Japan West","Australia
        East","Australia Southeast","Australia Central","Brazil South","South India","Central
        India","West India","Canada Central","Canada East","West US 2","West Central
        US","UK South","UK West","Korea Central","Korea South","France Central","South
        Africa North","UAE North","Switzerland North","Germany West Central","Norway
        East","East US 2 EUAP","Central US EUAP"],"apiVersions":["2020-12-01","2020-06-01","2019-12-01","2019-07-01","2019-03-01","2018-10-01","2018-06-01","2018-04-01","2017-12-01","2017-03-30"],"apiProfiles":[{"profileVersion":"2018-03-01-hybrid","apiVersion":"2017-03-30"},{"profileVersion":"2018-06-01-profile","apiVersion":"2017-12-01"}],"capabilities":"None"},{"resourceType":"locations/usages","locations":["East
        US","East US 2","West US","Central US","North Central US","South Central US","North
        Europe","West Europe","East Asia","Southeast Asia","Japan East","Japan West","Australia
        East","Australia Southeast","Australia Central","Brazil South","South India","Central
        India","West India","Canada Central","Canada East","West US 2","West Central
        US","UK South","UK West","Korea Central","Korea South","France Central","South
        Africa North","UAE North","Switzerland North","Germany West Central","Norway
        East","East US 2 EUAP","Central US EUAP"],"apiVersions":["2020-12-01","2020-06-01","2019-12-01","2019-07-01","2019-03-01","2018-10-01","2018-06-01","2018-04-01","2017-12-01","2017-03-30","2016-08-30","2016-04-30-preview","2016-03-30","2015-06-15","2015-05-01-preview"],"apiProfiles":[{"profileVersion":"2017-03-09-profile","apiVersion":"2016-03-30"},{"profileVersion":"2018-03-01-hybrid","apiVersion":"2017-03-30"},{"profileVersion":"2018-06-01-profile","apiVersion":"2017-12-01"}],"capabilities":"None"},{"resourceType":"locations/virtualMachines","locations":["East
        US","East US 2","West US","Central US","North Central US","South Central US","North
        Europe","West Europe","East Asia","Southeast Asia","Japan East","Japan West","Australia
        East","Australia Southeast","Australia Central","Brazil South","South India","Central
        India","West India","Canada Central","Canada East","West US 2","West Central
        US","UK South","UK West","Korea Central","Korea South","France Central","South
        Africa North","UAE North","Switzerland North","Germany West Central","Norway
        East","East US 2 EUAP","Central US EUAP"],"apiVersions":["2020-12-01","2020-06-01","2019-12-01","2019-07-01","2019-03-01","2018-10-01","2018-06-01","2018-04-01","2017-12-01","2017-03-30","2016-08-30"],"defaultApiVersion":"2020-06-01","apiProfiles":[{"profileVersion":"2018-03-01-hybrid","apiVersion":"2017-03-30"},{"profileVersion":"2018-06-01-profile","apiVersion":"2017-12-01"}],"capabilities":"None"},{"resourceType":"locations/virtualMachineScaleSets","locations":["East
        US","East US 2","West US","Central US","North Central US","South Central US","North
        Europe","West Europe","East Asia","Southeast Asia","Japan East","Japan West","Australia
        East","Australia Southeast","Australia Central","Brazil South","South India","Central
        India","West India","Canada Central","Canada East","West US 2","West Central
        US","UK South","UK West","Korea Central","Korea South","France Central","South
        Africa North","UAE North","Switzerland North","Germany West Central","Norway
        East","East US 2 EUAP","Central US EUAP"],"apiVersions":["2020-12-01","2020-06-01","2019-12-01","2019-07-01","2019-03-01","2018-10-01","2018-06-01","2018-04-01","2017-12-01","2017-03-30","2016-08-30"],"defaultApiVersion":"2020-06-01","apiProfiles":[{"profileVersion":"2018-03-01-hybrid","apiVersion":"2017-03-30"},{"profileVersion":"2018-06-01-profile","apiVersion":"2017-12-01"}],"capabilities":"None"},{"resourceType":"locations/publishers","locations":["East
        US","East US 2","West US","Central US","North Central US","South Central US","North
        Europe","West Europe","East Asia","Southeast Asia","Japan East","Japan West","Australia
        East","Australia Southeast","Australia Central","Brazil South","South India","Central
        India","West India","Canada Central","Canada East","West US 2","West Central
        US","UK South","UK West","Korea Central","Korea South","France Central","South
        Africa North","UAE North","Switzerland North","Germany West Central","Norway
        East","East US 2 EUAP","Central US EUAP"],"apiVersions":["2020-12-01","2020-09-30","2020-06-01","2019-12-01","2019-07-01","2019-03-01","2018-10-01","2018-06-01","2018-04-01","2017-12-01","2017-03-30","2016-08-30","2016-04-30-preview","2016-03-30","2015-06-15","2015-05-01-preview"],"apiProfiles":[{"profileVersion":"2017-03-09-profile","apiVersion":"2016-03-30"},{"profileVersion":"2018-03-01-hybrid","apiVersion":"2017-03-30"},{"profileVersion":"2018-06-01-profile","apiVersion":"2017-12-01"}],"capabilities":"None"},{"resourceType":"operations","locations":["East
        US","East US 2","West US","Central US","North Central US","South Central US","North
        Europe","West Europe","East Asia","Southeast Asia","Japan East","Japan West","Australia
        East","Australia Southeast","Australia Central","Brazil South","South India","Central
        India","West India","Canada Central","Canada East","West US 2","West Central
        US","UK South","UK West","Korea Central","Korea South","France Central","South
        Africa North","UAE North","Switzerland North","Germany West Central","Norway
        East","East US 2 EUAP","Central US EUAP"],"apiVersions":["2020-12-01","2020-06-01","2019-12-01","2019-07-01","2019-03-01","2018-10-01","2018-06-01","2018-04-01","2017-12-01","2017-03-30","2016-08-30","2016-03-30","2015-06-15","2015-05-01-preview"],"capabilities":"None"},{"resourceType":"locations/edgeZones","locations":[],"apiVersions":["2020-12-01"],"capabilities":"None"},{"resourceType":"locations/edgeZones/publishers","locations":["East
        US","East US 2","West US","Central US","North Central US","South Central US","North
        Europe","West Europe","East Asia","Southeast Asia","Japan East","Japan West","Australia
        East","Australia Southeast","Australia Central","Brazil South","South India","Central
        India","West India","Canada Central","Canada East","West US 2","West Central
        US","UK South","UK West","Korea Central","Korea South","France Central","South
        Africa North","UAE North","Switzerland North","Germany West Central","Norway
        East","East US 2 EUAP","Central US EUAP"],"apiVersions":["2020-12-01"],"capabilities":"None"},{"resourceType":"restorePointCollections","locations":["Southeast
        Asia","East US 2","Central US","West Europe","East US","North Central US","South
        Central US","West US","North Europe","East Asia","Brazil South","West US 2","West
        Central US","UK West","UK South","Japan East","Japan West","Canada Central","Canada
        East","Central India","South India","Australia East","Australia Southeast","Korea
        Central","Korea South","West India","France Central","South Africa North","UAE
        North","Australia Central","Switzerland North","Germany West Central","Norway
        East","East US 2 EUAP","Central US EUAP"],"apiVersions":["2020-12-01","2020-06-01","2019-12-01","2019-07-01","2019-03-01","2018-10-01","2018-06-01","2018-04-01","2017-12-01","2017-03-30"],"defaultApiVersion":"2020-06-01","capabilities":"SupportsTags,
        SupportsLocation"},{"resourceType":"restorePointCollections/restorePoints","locations":["Southeast
        Asia","East US 2","Central US","West Europe","East US","North Central US","South
        Central US","West US","North Europe","East Asia","Brazil South","West US 2","West
        Central US","UK West","UK South","Japan East","Japan West","Canada Central","Canada
        East","Central India","South India","Australia East","Australia Southeast","Korea
        Central","Korea South","West India","France Central","South Africa North","UAE
        North","Australia Central","Switzerland North","Germany West Central","Norway
        East","East US 2 EUAP","Central US EUAP"],"apiVersions":["2020-12-01","2020-06-01","2019-12-01","2019-07-01","2019-03-01","2018-10-01","2018-06-01","2018-04-01","2017-12-01","2017-03-30"],"capabilities":"None"},{"resourceType":"proximityPlacementGroups","locations":["East
        US","East US 2","West US","Central US","North Central US","South Central US","North
        Europe","West Europe","East Asia","Southeast Asia","Japan East","Japan West","Australia
        East","Australia Southeast","Australia Central","Brazil South","South India","Central
        India","West India","Canada Central","Canada East","West US 2","West Central
        US","UK South","UK West","Korea Central","Korea South","France Central","South
        Africa North","UAE North","Switzerland North","Germany West Central","Norway
        East","East US 2 EUAP","Central US EUAP"],"apiVersions":["2020-12-01","2020-06-01","2019-12-01","2019-07-01","2019-03-01","2018-10-01","2018-06-01","2018-04-01"],"defaultApiVersion":"2020-06-01","capabilities":"CrossResourceGroupResourceMove,
        CrossSubscriptionResourceMove, SupportsTags, SupportsLocation"},{"resourceType":"sshPublicKeys","locations":["East
        US","East US 2","West US","Central US","North Central US","South Central US","North
        Europe","West Europe","East Asia","Southeast Asia","Japan East","Japan West","Australia
        East","Australia Southeast","Australia Central","Brazil South","South India","Central
        India","West India","Canada Central","Canada East","West US 2","West Central
        US","UK South","UK West","Korea Central","Korea South","France Central","South
        Africa North","UAE North","Switzerland North","Germany West Central","Norway
        East","East US 2 EUAP","Central US EUAP"],"apiVersions":["2020-12-01","2020-06-01","2019-12-01"],"defaultApiVersion":"2020-06-01","capabilities":"SupportsTags,
        SupportsLocation"},{"resourceType":"virtualMachines/metricDefinitions","locations":["East
        US","East US 2","West US","Central US","North Central US","South Central US","North
        Europe","West Europe","East Asia","Southeast Asia","Japan East","Japan West","Australia
        East","Australia Southeast","Australia Central","Brazil South","South India","Central
        India","West India","Canada Central","Canada East","West US 2","West Central
        US","UK South","UK West","Korea Central","Korea South","France Central","South
        Africa North","UAE North","Switzerland North","Germany West Central","Norway
        East","East US 2 EUAP","Central US EUAP"],"apiVersions":["2014-04-01"],"capabilities":"None"},{"resourceType":"locations/spotEvictionRates","locations":["East
        US","East US 2","West US","Central US","North Central US","South Central US","North
        Europe","West Europe","East Asia","Southeast Asia","Japan East","Japan West","Australia
        East","Australia Southeast","Australia Central","Brazil South","South India","Central
        India","West India","Canada Central","Canada East","West US 2","West Central
        US","UK South","UK West","Korea Central","Korea South","France Central","South
        Africa North","UAE North","Switzerland North","Germany West Central","Norway
        East","East US 2 EUAP","Central US EUAP"],"apiVersions":["2020-12-01","2020-06-01"],"defaultApiVersion":"2020-06-01","capabilities":"None"},{"resourceType":"locations/spotPriceHistory","locations":["East
        US","East US 2","West US","Central US","North Central US","South Central US","North
        Europe","West Europe","East Asia","Southeast Asia","Japan East","Japan West","Australia
        East","Australia Southeast","Australia Central","Brazil South","South India","Central
        India","West India","Canada Central","Canada East","West US 2","West Central
        US","UK South","UK West","Korea Central","Korea South","France Central","South
        Africa North","UAE North","Switzerland North","Germany West Central","Norway
        East","East US 2 EUAP","Central US EUAP"],"apiVersions":["2020-12-01","2020-06-01"],"defaultApiVersion":"2020-06-01","capabilities":"None"},{"resourceType":"locations/sharedGalleries","locations":["East
        US","East US 2","West US","Central US","North Central US","South Central US","North
        Europe","West Europe","East Asia","Southeast Asia","Japan East","Japan West","Australia
        East","Australia Southeast","Australia Central","Brazil South","South India","Central
        India","West India","Canada Central","Canada East","West US 2","West Central
        US","UK South","UK West","Korea Central","Korea South","France Central","South
        Africa North","UAE North","Switzerland North","Germany West Central","Norway
        East","East US 2 EUAP","Central US EUAP"],"apiVersions":["2020-12-01","2020-09-30","2020-06-01","2019-12-01","2019-07-01","2019-03-01","2018-10-01","2018-06-01","2018-04-01","2017-12-01","2017-03-30","2016-08-30","2016-04-30-preview","2016-03-30","2015-06-15","2015-05-01-preview"],"apiProfiles":[{"profileVersion":"2017-03-09-profile","apiVersion":"2016-03-30"},{"profileVersion":"2018-03-01-hybrid","apiVersion":"2017-03-30"},{"profileVersion":"2018-06-01-profile","apiVersion":"2017-12-01"}],"capabilities":"None"},{"resourceType":"sharedVMImages","locations":["West
        Central US","South Central US","East US 2","Southeast Asia","West Europe","West
        US","East US","Canada Central","North Europe","North Central US","Brazil South","UK
        West","West India","East Asia","Australia East","Japan East","Korea South","West
        US 2","Canada East","UK South","Central India","South India","Australia Southeast","Japan
        West","Korea Central","France Central","Central US","Australia Central","East
        US 2 EUAP","Central US EUAP"],"apiVersions":["2017-10-15-preview"],"defaultApiVersion":"2017-10-15-preview","capabilities":"SupportsTags,
        SupportsLocation"},{"resourceType":"sharedVMImages/versions","locations":["West
        Central US","South Central US","East US 2","Southeast Asia","West Europe","West
        US","East US","Canada Central","North Europe","North Central US","Brazil South","UK
        West","West India","East Asia","Australia East","Japan East","Korea South","West
        US 2","Canada East","UK South","Central India","South India","Australia Southeast","Japan
        West","Korea Central","France Central","Central US","Australia Central","East
        US 2 EUAP","Central US EUAP"],"apiVersions":["2017-10-15-preview"],"defaultApiVersion":"2017-10-15-preview","capabilities":"SupportsTags,
        SupportsLocation"},{"resourceType":"locations/artifactPublishers","locations":["West
        Central US","South Central US","East US 2","Southeast Asia","West Europe","West
        US","East US","Canada Central","North Europe","North Central US","Brazil South","UK
        West","West India","East Asia","Australia East","Japan East","Korea South","West
        US 2","Canada East","UK South","Central India","South India","Australia Southeast","Japan
        West","Korea Central","France Central","Central US","Australia Central","East
        US 2 EUAP","Central US EUAP"],"apiVersions":["2017-10-15-preview"],"capabilities":"None"},{"resourceType":"locations/capsoperations","locations":["West
        Central US","South Central US","East US 2","Southeast Asia","West Europe","West
        US","East US","Canada Central","North Europe","North Central US","Brazil South","UK
        West","West India","East Asia","Australia East","Japan East","Korea South","West
        US 2","Canada East","UK South","Central India","South India","Australia Southeast","Japan
        West","Korea Central","France Central","Central US","Australia Central","South
        Africa North","UAE North","Switzerland North","Germany West Central","Norway
        East","East US 2 EUAP","Central US EUAP"],"apiVersions":["2020-09-30","2019-12-01","2019-07-01","2019-03-01","2018-06-01","2017-10-15-preview"],"capabilities":"None"},{"resourceType":"galleries","locations":["West
        Central US","South Central US","East US 2","Southeast Asia","West Europe","West
        US","East US","Canada Central","North Europe","North Central US","Brazil South","UK
        West","West India","East Asia","Australia East","Japan East","Korea South","West
        US 2","Canada East","UK South","Central India","South India","Australia Southeast","Japan
        West","Korea Central","France Central","Central US","Australia Central","South
        Africa North","UAE North","Switzerland North","Germany West Central","Norway
        East","East US 2 EUAP","Central US EUAP"],"apiVersions":["2020-09-30","2019-12-01","2019-07-01","2019-03-01","2018-06-01"],"defaultApiVersion":"2018-06-01","capabilities":"SupportsTags,
        SupportsLocation"},{"resourceType":"galleries/images","locations":["West Central
        US","South Central US","East US 2","Southeast Asia","West Europe","West US","East
        US","Canada Central","North Europe","North Central US","Brazil South","UK
        West","West India","East Asia","Australia East","Japan East","Korea South","West
        US 2","Canada East","UK South","Central India","South India","Australia Southeast","Japan
        West","Korea Central","France Central","Central US","Australia Central","South
        Africa North","UAE North","Switzerland North","Germany West Central","Norway
        East","East US 2 EUAP","Central US EUAP"],"apiVersions":["2020-09-30","2019-12-01","2019-07-01","2019-03-01","2018-06-01"],"defaultApiVersion":"2018-06-01","capabilities":"SupportsTags,
        SupportsLocation"},{"resourceType":"galleries/images/versions","locations":["West
        Central US","South Central US","East US 2","Southeast Asia","West Europe","West
        US","East US","Canada Central","North Europe","North Central US","Brazil South","UK
        West","West India","East Asia","Australia East","Japan East","Korea South","West
        US 2","Canada East","UK South","Central India","South India","Australia Southeast","Japan
        West","Korea Central","France Central","Central US","Australia Central","South
        Africa North","UAE North","Switzerland North","Germany West Central","Norway
        East","East US 2 EUAP","Central US EUAP"],"apiVersions":["2020-09-30","2019-12-01","2019-07-01","2019-03-01","2018-06-01"],"defaultApiVersion":"2018-06-01","capabilities":"SupportsTags,
        SupportsLocation"},{"resourceType":"locations/galleries","locations":["West
        Central US","South Central US","East US 2","Southeast Asia","West Europe","West
        US","East US","Canada Central","North Europe","North Central US","Brazil South","UK
        West","West India","East Asia","Australia East","Japan East","Korea South","West
        US 2","Canada East","UK South","Central India","South India","Australia Southeast","Japan
        West","Korea Central","France Central","Central US","Australia Central","South
        Africa North","UAE North","Switzerland North","Germany West Central","Norway
        East","East US 2 EUAP","Central US EUAP"],"apiVersions":["2020-09-30","2019-12-01","2019-07-01","2019-03-01","2018-06-01"],"defaultApiVersion":"2018-06-01","capabilities":"None"},{"resourceType":"disks","locations":["Southeast
        Asia","East US 2","Central US","West Europe","East US","North Central US","South
        Central US","West US","North Europe","East Asia","Brazil South","West US 2","West
        Central US","UK West","UK South","Japan East","Japan West","Canada Central","Canada
        East","Central India","South India","Australia East","Australia Southeast","Korea
        Central","Korea South","West India","France Central","South Africa North","UAE
        North","Australia Central","Switzerland North","Germany West Central","Norway
        East","East US 2 EUAP","Central US EUAP"],"apiVersions":["2020-12-01","2020-09-30","2020-06-30","2020-05-01","2019-11-01","2019-07-01","2019-03-01","2018-09-30","2018-06-01","2018-04-01","2017-03-30","2016-04-30-preview"],"defaultApiVersion":"2020-06-30","apiProfiles":[{"profileVersion":"2018-03-01-hybrid","apiVersion":"2017-03-30"},{"profileVersion":"2018-06-01-profile","apiVersion":"2018-04-01"}],"zoneMappings":[{"location":"East
        US 2","zones":["2","3","1"]},{"location":"Central US","zones":["2","3","1"]},{"location":"West
        Europe","zones":["2","3","1"]},{"location":"East US 2 EUAP","zones":["1","2","3"]},{"location":"Central
        US EUAP","zones":["1","2"]},{"location":"France Central","zones":["2","3","1"]},{"location":"Southeast
        Asia","zones":["2","3","1"]},{"location":"West US 2","zones":["2","3","1"]},{"location":"North
        Europe","zones":["2","3","1"]},{"location":"East US","zones":["2","3","1"]},{"location":"UK
        South","zones":["2","3","1"]},{"location":"Japan East","zones":["2","3","1"]},{"location":"Australia
        East","zones":["2","3","1"]},{"location":"South Africa North","zones":[]},{"location":"South
        Central US","zones":["2","3","1"]},{"location":"Canada Central","zones":["2","3","1"]},{"location":"Germany
        West Central","zones":["2","3","1"]},{"location":"Brazil South","zones":["2","3","1"]},{"location":"Central
        India","zones":[]},{"location":"Korea Central","zones":[]}],"locationMappings":[{"location":"East
        US 2 EUAP","type":"EdgeZone","extendedLocations":["eastus2euapmockedge","microsoftrrdclab1","microsoftrrdclab2","microsoftrrdclab3"]},{"location":"West
        US","type":"EdgeZone","extendedLocations":["microsoftlosangeles1"]}],"capabilities":"CrossResourceGroupResourceMove,
        CrossSubscriptionResourceMove, SupportsTags, SupportsLocation"},{"resourceType":"snapshots","locations":["Southeast
        Asia","East US 2","Central US","West Europe","East US","North Central US","South
        Central US","West US","North Europe","East Asia","Brazil South","West US 2","West
        Central US","UK West","UK South","Japan East","Japan West","Canada Central","Canada
        East","Central India","South India","Australia East","Australia Southeast","Korea
        Central","Korea South","West India","France Central","South Africa North","UAE
        North","Australia Central","Switzerland North","Germany West Central","Norway
        East","East US 2 EUAP","Central US EUAP"],"apiVersions":["2020-12-01","2020-09-30","2020-06-30","2020-05-01","2019-11-01","2019-07-01","2019-03-01","2018-09-30","2018-06-01","2018-04-01","2017-03-30","2016-04-30-preview"],"defaultApiVersion":"2020-06-30","apiProfiles":[{"profileVersion":"2018-03-01-hybrid","apiVersion":"2017-03-30"},{"profileVersion":"2018-06-01-profile","apiVersion":"2018-04-01"}],"locationMappings":[{"location":"East
        US 2 EUAP","type":"EdgeZone","extendedLocations":["eastus2euapmockedge","microsoftrrdclab1","microsoftrrdclab2","microsoftrrdclab3"]},{"location":"West
        US","type":"EdgeZone","extendedLocations":["microsoftlosangeles1"]}],"capabilities":"CrossResourceGroupResourceMove,
        CrossSubscriptionResourceMove, SupportsTags, SupportsLocation"},{"resourceType":"locations/diskoperations","locations":["Southeast
        Asia","East US 2","Central US","West Europe","East US","North Central US","South
        Central US","West US","North Europe","East Asia","Brazil South","West US 2","West
        Central US","UK West","UK South","Japan East","Japan West","Canada Central","Canada
        East","Central India","South India","Australia East","Australia Southeast","Korea
        Central","Korea South","West India","France Central","South Africa North","UAE
        North","Australia Central","Switzerland North","Germany West Central","Norway
        East","East US 2 EUAP","Central US EUAP"],"apiVersions":["2020-12-01","2020-09-30","2020-06-30","2020-05-01","2019-11-01","2019-07-01","2019-03-01","2018-09-30","2018-06-01","2018-04-01","2017-03-30","2016-04-30-preview"],"apiProfiles":[{"profileVersion":"2018-03-01-hybrid","apiVersion":"2017-03-30"},{"profileVersion":"2018-06-01-profile","apiVersion":"2018-04-01"}],"capabilities":"None"},{"resourceType":"diskEncryptionSets","locations":["Southeast
        Asia","East US 2","Central US","West Europe","East US","North Central US","South
        Central US","West US","North Europe","East Asia","Brazil South","West US 2","West
        Central US","UK West","UK South","Japan East","Japan West","Canada Central","Canada
        East","Central India","South India","Australia East","Australia Southeast","Korea
        Central","Korea South","West India","France Central","South Africa North","UAE
        North","Australia Central","Switzerland North","Germany West Central","Norway
        East","East US 2 EUAP","Central US EUAP"],"apiVersions":["2020-12-01","2020-09-30","2020-06-30","2020-05-01","2019-11-01","2019-07-01"],"defaultApiVersion":"2020-06-30","capabilities":"SystemAssignedResourceIdentity,
        SupportsTags, SupportsLocation"},{"resourceType":"diskAccesses","locations":["Southeast
        Asia","East US 2","Central US","West Europe","East US","North Central US","South
        Central US","West US","North Europe","East Asia","Brazil South","West US 2","West
        Central US","UK West","UK South","Japan East","Japan West","Canada Central","Canada
        East","Central India","South India","Australia East","Australia Southeast","Korea
        Central","Korea South","West India","France Central","South Africa North","UAE
        North","Australia Central","Switzerland North","Germany West Central","Norway
        East","East US 2 EUAP","Central US EUAP"],"apiVersions":["2020-12-01","2020-09-30","2020-06-30","2020-05-01"],"defaultApiVersion":"2020-06-30","capabilities":"SupportsTags,
        SupportsLocation"},{"resourceType":"images","locations":["Southeast Asia","East
        US 2","Central US","West Europe","East US","North Central US","South Central
        US","West US","North Europe","East Asia","Brazil South","West US 2","West
        Central US","UK West","UK South","Japan East","Japan West","Canada Central","Canada
        East","Central India","South India","Australia East","Australia Southeast","Korea
        Central","Korea South","West India","France Central","South Africa North","UAE
        North","Australia Central","Switzerland North","Germany West Central","Norway
        East","East US 2 EUAP","Central US EUAP"],"apiVersions":["2020-12-01","2020-06-01","2019-12-01","2019-07-01","2019-03-01","2018-10-01","2018-06-01","2018-04-01","2017-12-01","2017-03-30","2016-08-30","2016-04-30-preview"],"defaultApiVersion":"2020-06-01","apiProfiles":[{"profileVersion":"2018-03-01-hybrid","apiVersion":"2017-03-30"},{"profileVersion":"2018-06-01-profile","apiVersion":"2018-04-01"}],"locationMappings":[{"location":"East
        US 2 EUAP","type":"EdgeZone","extendedLocations":["eastus2euapmockedge","microsoftrrdclab1","microsoftrrdclab2","microsoftrrdclab3"]},{"location":"West
        US","type":"EdgeZone","extendedLocations":["microsoftlosangeles1"]}],"capabilities":"CrossResourceGroupResourceMove,
        CrossSubscriptionResourceMove, SupportsTags, SupportsLocation"},{"resourceType":"locations/logAnalytics","locations":["East
        US","East US 2","West US","Central US","North Central US","South Central US","North
        Europe","West Europe","East Asia","Southeast Asia","Japan East","Japan West","Australia
        East","Australia Southeast","Australia Central","Brazil South","South India","Central
        India","West India","Canada Central","Canada East","West US 2","West Central
        US","UK South","UK West","Korea Central","Korea South","France Central","South
        Africa North","UAE North","Switzerland North","Germany West Central","Norway
        East","East US 2 EUAP","Central US EUAP"],"apiVersions":["2020-12-01","2020-06-01","2019-12-01","2019-07-01","2019-03-01","2018-10-01","2018-06-01","2018-04-01","2017-12-01"],"capabilities":"None"},{"resourceType":"hostGroups","locations":["Central
        US","East US 2","West Europe","Southeast Asia","France Central","North Europe","West
        US 2","East US","UK South","Japan East","Japan West","East Asia","North Central
        US","South Central US","Canada East","Korea Central","Brazil South","UK West","Canada
        Central","West US","West Central US","Central India","South India","Australia
        Southeast","Korea South","West India","South Africa North","UAE North","Australia
        Central","Switzerland North","Germany West Central","Norway East","Australia
        East","East US 2 EUAP","Central US EUAP"],"apiVersions":["2020-12-01","2020-06-01","2019-12-01","2019-07-01","2019-03-01","2018-10-01"],"defaultApiVersion":"2020-06-01","zoneMappings":[{"location":"East
        US 2","zones":["2","3","1"]},{"location":"Central US","zones":["2","3","1"]},{"location":"West
        Europe","zones":["2","3","1"]},{"location":"East US 2 EUAP","zones":["1","2","3"]},{"location":"Central
        US EUAP","zones":["1","2"]},{"location":"France Central","zones":["2","3","1"]},{"location":"Southeast
        Asia","zones":["2","3","1"]},{"location":"West US 2","zones":["2","3","1"]},{"location":"North
        Europe","zones":["2","3","1"]},{"location":"East US","zones":["2","3","1"]},{"location":"UK
        South","zones":["2","3","1"]},{"location":"Japan East","zones":["2","3","1"]},{"location":"Australia
        East","zones":["2","3","1"]},{"location":"South Africa North","zones":[]},{"location":"South
        Central US","zones":["2","3","1"]},{"location":"Canada Central","zones":["2","3","1"]},{"location":"Germany
        West Central","zones":["2","3","1"]},{"location":"Brazil South","zones":["2","3","1"]},{"location":"Central
        India","zones":[]},{"location":"Korea Central","zones":[]}],"capabilities":"SupportsTags,
        SupportsLocation"},{"resourceType":"hostGroups/hosts","locations":["Central
        US","East US 2","West Europe","Southeast Asia","France Central","North Europe","West
        US 2","East US","UK South","Japan East","Japan West","East Asia","North Central
        US","South Central US","Canada East","Korea Central","Brazil South","UK West","Canada
        Central","West US","West Central US","Central India","South India","Australia
        Southeast","Korea South","West India","South Africa North","UAE North","Australia
        Central","Switzerland North","Germany West Central","Norway East","Australia
        East","East US 2 EUAP","Central US EUAP"],"apiVersions":["2020-12-01","2020-06-01","2019-12-01","2019-07-01","2019-03-01","2018-10-01"],"defaultApiVersion":"2020-06-01","zoneMappings":[{"location":"East
        US 2","zones":["2","3","1"]},{"location":"Central US","zones":["2","3","1"]},{"location":"West
        Europe","zones":["2","3","1"]},{"location":"East US 2 EUAP","zones":["1","2","3"]},{"location":"Central
        US EUAP","zones":["1","2"]},{"location":"France Central","zones":["2","3","1"]},{"location":"Southeast
        Asia","zones":["2","3","1"]},{"location":"West US 2","zones":["2","3","1"]},{"location":"North
        Europe","zones":["2","3","1"]},{"location":"East US","zones":["2","3","1"]},{"location":"UK
        South","zones":["2","3","1"]},{"location":"Japan East","zones":["2","3","1"]},{"location":"Australia
        East","zones":["2","3","1"]},{"location":"South Africa North","zones":[]},{"location":"South
        Central US","zones":["2","3","1"]},{"location":"Canada Central","zones":["2","3","1"]},{"location":"Germany
        West Central","zones":["2","3","1"]},{"location":"Brazil South","zones":["2","3","1"]},{"location":"Central
        India","zones":[]},{"location":"Korea Central","zones":[]}],"capabilities":"SupportsTags,
        SupportsLocation"},{"resourceType":"sharedVMExtensions","locations":["East
        US 2 EUAP","Central US EUAP","Southeast Asia","East US 2","Central US","West
        Europe","East US","North Central US","South Central US","West US","North Europe","East
        Asia","Brazil South","West US 2","West Central US","UK West","UK South","Japan
        East","Japan West","Canada Central","Canada East","Central India","South India","Australia
        East","Australia Southeast","Korea Central","Korea South","West India","France
        Central","South Africa North","UAE North","Australia Central","Switzerland
        North","Germany West Central","Norway East"],"apiVersions":["2020-09-30","2019-12-01"],"defaultApiVersion":"2019-12-01","capabilities":"SupportsTags,
        SupportsLocation"},{"resourceType":"sharedVMExtensions/versions","locations":["East
        US 2 EUAP","Central US EUAP","Southeast Asia","East US 2","Central US","West
        Europe","East US","North Central US","South Central US","West US","North Europe","East
        Asia","Brazil South","West US 2","West Central US","UK West","UK South","Japan
        East","Japan West","Canada Central","Canada East","Central India","South India","Australia
        East","Australia Southeast","Korea Central","Korea South","West India","France
        Central","South Africa North","UAE North","Australia Central","Switzerland
        North","Germany West Central","Norway East"],"apiVersions":["2020-09-30","2019-12-01"],"defaultApiVersion":"2019-12-01","capabilities":"SupportsTags,
        SupportsLocation"},{"resourceType":"cloudServices","locations":["Southeast
        Asia","East US 2","Central US","West Europe","East US","North Central US","South
        Central US","West US","North Europe","East Asia","Brazil South","West US 2","West
        Central US","UK West","UK South","Japan East","Japan West","Canada Central","Canada
        East","Central India","South India","Australia East","Australia Southeast","Korea
        Central","Korea South","West India","France Central","South Africa North","UAE
        North","Australia Central","Switzerland North","Germany West Central","Norway
        East","East US 2 EUAP","Central US EUAP"],"apiVersions":["2020-10-01-preview"],"defaultApiVersion":"2020-10-01-preview","zoneMappings":[{"location":"East
        US 2","zones":["2","3","1"]},{"location":"Central US","zones":["2","3","1"]},{"location":"West
        Europe","zones":["2","3","1"]},{"location":"East US 2 EUAP","zones":["1","2","3"]},{"location":"Central
        US EUAP","zones":["1","2"]},{"location":"France Central","zones":["2","3","1"]},{"location":"Southeast
        Asia","zones":["2","3","1"]},{"location":"West US 2","zones":["2","3","1"]},{"location":"North
        Europe","zones":["2","3","1"]},{"location":"East US","zones":["2","3","1"]},{"location":"UK
        South","zones":["2","3","1"]},{"location":"Japan East","zones":["2","3","1"]},{"location":"Australia
        East","zones":["2","3","1"]},{"location":"South Africa North","zones":[]},{"location":"South
        Central US","zones":["2","3","1"]},{"location":"Canada Central","zones":["2","3","1"]},{"location":"Germany
        West Central","zones":["2","3","1"]},{"location":"Brazil South","zones":["2","3","1"]},{"location":"Central
        India","zones":[]},{"location":"Korea Central","zones":[]}],"capabilities":"SupportsTags,
        SupportsLocation"},{"resourceType":"cloudServices/roles","locations":["Southeast
        Asia","East US 2","Central US","West Europe","East US","North Central US","South
        Central US","West US","North Europe","East Asia","Brazil South","West US 2","West
        Central US","UK West","UK South","Japan East","Japan West","Canada Central","Canada
        East","Central India","South India","Australia East","Australia Southeast","Korea
        Central","Korea South","West India","France Central","South Africa North","UAE
        North","Australia Central","Switzerland North","Germany West Central","Norway
        East","East US 2 EUAP","Central US EUAP"],"apiVersions":["2020-10-01-preview"],"defaultApiVersion":"2020-10-01-preview","capabilities":"None"},{"resourceType":"cloudServices/roleInstances","locations":["Southeast
        Asia","East US 2","Central US","West Europe","East US","North Central US","South
        Central US","West US","North Europe","East Asia","Brazil South","West US 2","West
        Central US","UK West","UK South","Japan East","Japan West","Canada Central","Canada
        East","Central India","South India","Australia East","Australia Southeast","Korea
        Central","Korea South","West India","France Central","South Africa North","UAE
        North","Australia Central","Switzerland North","Germany West Central","Norway
        East","East US 2 EUAP","Central US EUAP"],"apiVersions":["2020-10-01-preview"],"defaultApiVersion":"2020-10-01-preview","capabilities":"None"},{"resourceType":"locations/csoperations","locations":["Southeast
        Asia","East US 2","Central US","West Europe","East US","North Central US","South
        Central US","West US","North Europe","East Asia","Brazil South","West US 2","West
        Central US","UK West","UK South","Japan East","Japan West","Canada Central","Canada
        East","Central India","South India","Australia East","Australia Southeast","Korea
        Central","Korea South","West India","France Central","South Africa North","UAE
        North","Australia Central","Switzerland North","Germany West Central","Norway
        East","East US 2 EUAP","Central US EUAP"],"apiVersions":["2020-10-01-preview"],"capabilities":"None"},{"resourceType":"cloudServices/networkInterfaces","locations":["Southeast
        Asia","East US 2","Central US","West Europe","East US","North Central US","South
        Central US","West US","North Europe","East Asia","Brazil South","West US 2","West
        Central US","UK West","UK South","Japan East","Japan West","Canada Central","Canada
        East","Central India","South India","Australia East","Australia Southeast","Korea
        Central","Korea South","West India","France Central","South Africa North","UAE
        North","Australia Central","Switzerland North","Germany West Central","Norway
        East","East US 2 EUAP","Central US EUAP"],"apiVersions":["2020-10-01-preview"],"capabilities":"None"},{"resourceType":"cloudServices/roleInstances/networkInterfaces","locations":["Southeast
        Asia","East US 2","Central US","West Europe","East US","North Central US","South
        Central US","West US","North Europe","East Asia","Brazil South","West US 2","West
        Central US","UK West","UK South","Japan East","Japan West","Canada Central","Canada
        East","Central India","South India","Australia East","Australia Southeast","Korea
        Central","Korea South","West India","France Central","South Africa North","UAE
        North","Australia Central","Switzerland North","Germany West Central","Norway
        East","East US 2 EUAP","Central US EUAP"],"apiVersions":["2020-10-01-preview"],"capabilities":"None"},{"resourceType":"cloudServices/publicIPAddresses","locations":["Southeast
        Asia","East US 2","Central US","West Europe","East US","North Central US","South
        Central US","West US","North Europe","East Asia","Brazil South","West US 2","West
        Central US","UK West","UK South","Japan East","Japan West","Canada Central","Canada
        East","Central India","South India","Australia East","Australia Southeast","Korea
        Central","Korea South","West India","France Central","South Africa North","UAE
        North","Australia Central","Switzerland North","Germany West Central","Norway
        East","East US 2 EUAP","Central US EUAP"],"apiVersions":["2020-10-01-preview"],"capabilities":"None"}],"registrationState":"Registered","registrationPolicy":"RegistrationRequired"}'
    headers:
      cache-control:
      - no-cache
      content-length:
      - '54675'
      content-type:
      - application/json; charset=utf-8
      date:
      - Fri, 05 Mar 2021 07:00:30 GMT
      expires:
      - '-1'
      pragma:
      - no-cache
      strict-transport-security:
      - max-age=31536000; includeSubDomains
      vary:
      - Accept-Encoding
      x-content-type-options:
      - nosniff
    status:
      code: 200
      message: OK
- request:
    body: null
    headers:
      Accept:
      - application/json
      Accept-Encoding:
      - gzip, deflate
      CommandName:
      - vmss create
      Connection:
      - keep-alive
      ParameterSetName:
      - -g -n --orchestration-mode --single-placement-group --ppg --platform-fault-domain-count
        --generate-ssh-keys
      User-Agent:
      - python/3.7.4 (Windows-10-10.0.19041-SP0) msrest/0.6.21 msrest_azure/0.6.3
        azure-mgmt-resource/12.0.0 Azure-SDK-For-Python AZURECLI/2.20.0
      accept-language:
      - en-US
    method: GET
    uri: https://management.azure.com/subscriptions/00000000-0000-0000-0000-000000000000/resourcegroups/cli_test_vmss_orchestration_mode_000001/providers/Microsoft.Compute/proximityPlacementGroups/ppg1?api-version=2020-12-01
  response:
    body:
      string: "{\r\n  \"name\": \"ppg1\",\r\n  \"id\": \"/subscriptions/00000000-0000-0000-0000-000000000000/resourceGroups/cli_test_vmss_orchestration_mode_000001/providers/Microsoft.Compute/proximityPlacementGroups/ppg1\",\r\n
        \ \"type\": \"Microsoft.Compute/proximityPlacementGroups\",\r\n  \"location\":
        \"westus\",\r\n  \"tags\": {},\r\n  \"properties\": {\r\n    \"proximityPlacementGroupType\":
        \"Standard\",\r\n    \"virtualMachines\": [],\r\n    \"virtualMachineScaleSets\":
        [],\r\n    \"availabilitySets\": []\r\n  }\r\n}"
    headers:
      cache-control:
      - no-cache
      content-length:
      - '497'
      content-type:
      - application/json; charset=utf-8
      date:
      - Fri, 05 Mar 2021 07:00:30 GMT
      expires:
      - '-1'
      pragma:
      - no-cache
      server:
      - Microsoft-HTTPAPI/2.0
      - Microsoft-HTTPAPI/2.0
      strict-transport-security:
      - max-age=31536000; includeSubDomains
      transfer-encoding:
      - chunked
      vary:
      - Accept-Encoding
      x-content-type-options:
      - nosniff
      x-ms-ratelimit-remaining-resource:
      - Microsoft.Compute/HighCostGet3Min;139,Microsoft.Compute/HighCostGet30Min;698
    status:
      code: 200
      message: OK
- request:
    body: '{"properties": {"template": {"$schema": "https://schema.management.azure.com/schemas/2015-01-01/deploymentTemplate.json#",
      "contentVersion": "1.0.0.0", "parameters": {}, "variables": {}, "resources":
      [{"type": "Microsoft.Compute/virtualMachineScaleSets", "name": "vmss1", "location":
      "westus", "tags": null, "apiVersion": "2020-12-01", "properties": {"singlePlacementGroup":
      false, "provisioningState": 0, "platformFaultDomainCount": 3, "proximityPlacementGroup":
      {"id": "/subscriptions/00000000-0000-0000-0000-000000000000/resourceGroups/cli_test_vmss_orchestration_mode_000001/providers/Microsoft.Compute/proximityPlacementGroups/ppg1"}}}],
      "outputs": {"VMSS": {"type": "object", "value": "[reference(resourceId(''Microsoft.Compute/virtualMachineScaleSets'',
      ''vmss1''),providers(''Microsoft.Compute'', ''virtualMachineScaleSets'').apiVersions[0])]"}}},
      "parameters": {}, "mode": "Incremental"}}'
    headers:
      Accept:
      - application/json
      Accept-Encoding:
      - gzip, deflate
      CommandName:
      - vmss create
      Connection:
      - keep-alive
      Content-Length:
      - '925'
      Content-Type:
      - application/json; charset=utf-8
      ParameterSetName:
      - -g -n --orchestration-mode --single-placement-group --ppg --platform-fault-domain-count
        --generate-ssh-keys
      User-Agent:
      - python/3.7.4 (Windows-10-10.0.19041-SP0) msrest/0.6.21 msrest_azure/0.6.3
        azure-mgmt-resource/12.0.0 Azure-SDK-For-Python AZURECLI/2.20.0
      accept-language:
      - en-US
    method: PUT
    uri: https://management.azure.com/subscriptions/00000000-0000-0000-0000-000000000000/resourcegroups/cli_test_vmss_orchestration_mode_000001/providers/Microsoft.Resources/deployments/mock-deployment?api-version=2020-10-01
  response:
    body:
      string: '{"id":"/subscriptions/00000000-0000-0000-0000-000000000000/resourceGroups/cli_test_vmss_orchestration_mode_000001/providers/Microsoft.Resources/deployments/vmss_deploy_6EAs4NueXsMixNB1plrFsrgwvvd6olkG","name":"vmss_deploy_6EAs4NueXsMixNB1plrFsrgwvvd6olkG","type":"Microsoft.Resources/deployments","properties":{"templateHash":"12069104448366768356","parameters":{},"mode":"Incremental","provisioningState":"Accepted","timestamp":"2021-03-05T07:00:36.0432352Z","duration":"PT2.0783993S","correlationId":"b4e16fdd-0e25-4644-9467-dee758e37f0c","providers":[{"namespace":"Microsoft.Compute","resourceTypes":[{"resourceType":"virtualMachineScaleSets","locations":["westus"]}]}],"dependencies":[]}}'
    headers:
      azure-asyncoperation:
      - https://management.azure.com/subscriptions/00000000-0000-0000-0000-000000000000/resourcegroups/cli_test_vmss_orchestration_mode_000001/providers/Microsoft.Resources/deployments/vmss_deploy_6EAs4NueXsMixNB1plrFsrgwvvd6olkG/operationStatuses/08585866792515127775?api-version=2020-10-01
      cache-control:
      - no-cache
      content-length:
      - '728'
      content-type:
      - application/json; charset=utf-8
      date:
      - Fri, 05 Mar 2021 07:00:37 GMT
      expires:
      - '-1'
      pragma:
      - no-cache
      strict-transport-security:
      - max-age=31536000; includeSubDomains
      x-content-type-options:
      - nosniff
      x-ms-ratelimit-remaining-subscription-writes:
      - '1199'
    status:
      code: 201
      message: Created
- request:
    body: null
    headers:
      Accept:
      - application/json
      Accept-Encoding:
      - gzip, deflate
      CommandName:
      - vmss create
      Connection:
      - keep-alive
      ParameterSetName:
      - -g -n --orchestration-mode --single-placement-group --ppg --platform-fault-domain-count
        --generate-ssh-keys
      User-Agent:
      - python/3.7.4 (Windows-10-10.0.19041-SP0) msrest/0.6.21 msrest_azure/0.6.3
        azure-mgmt-resource/12.0.0 Azure-SDK-For-Python AZURECLI/2.20.0
    method: GET
    uri: https://management.azure.com/subscriptions/00000000-0000-0000-0000-000000000000/resourcegroups/cli_test_vmss_orchestration_mode_000001/providers/Microsoft.Resources/deployments/mock-deployment/operationStatuses/08585866792515127775?api-version=2020-10-01
  response:
    body:
      string: '{"status":"Succeeded"}'
    headers:
      cache-control:
      - no-cache
      content-length:
      - '22'
      content-type:
      - application/json; charset=utf-8
      date:
      - Fri, 05 Mar 2021 07:01:09 GMT
      expires:
      - '-1'
      pragma:
      - no-cache
      strict-transport-security:
      - max-age=31536000; includeSubDomains
      vary:
      - Accept-Encoding
      x-content-type-options:
      - nosniff
    status:
      code: 200
      message: OK
- request:
    body: null
    headers:
      Accept:
      - application/json
      Accept-Encoding:
      - gzip, deflate
      CommandName:
      - vmss create
      Connection:
      - keep-alive
      ParameterSetName:
      - -g -n --orchestration-mode --single-placement-group --ppg --platform-fault-domain-count
        --generate-ssh-keys
      User-Agent:
      - python/3.7.4 (Windows-10-10.0.19041-SP0) msrest/0.6.21 msrest_azure/0.6.3
        azure-mgmt-resource/12.0.0 Azure-SDK-For-Python AZURECLI/2.20.0
    method: GET
    uri: https://management.azure.com/subscriptions/00000000-0000-0000-0000-000000000000/resourcegroups/cli_test_vmss_orchestration_mode_000001/providers/Microsoft.Resources/deployments/mock-deployment?api-version=2020-10-01
  response:
    body:
      string: '{"id":"/subscriptions/00000000-0000-0000-0000-000000000000/resourceGroups/cli_test_vmss_orchestration_mode_000001/providers/Microsoft.Resources/deployments/vmss_deploy_6EAs4NueXsMixNB1plrFsrgwvvd6olkG","name":"vmss_deploy_6EAs4NueXsMixNB1plrFsrgwvvd6olkG","type":"Microsoft.Resources/deployments","properties":{"templateHash":"12069104448366768356","parameters":{},"mode":"Incremental","provisioningState":"Succeeded","timestamp":"2021-03-05T07:00:43.8291792Z","duration":"PT9.8643433S","correlationId":"b4e16fdd-0e25-4644-9467-dee758e37f0c","providers":[{"namespace":"Microsoft.Compute","resourceTypes":[{"resourceType":"virtualMachineScaleSets","locations":["westus"]}]}],"dependencies":[],"outputs":{"vmss":{"type":"Object","value":{"singlePlacementGroup":false,"orchestrationMode":"Flexible","proximityPlacementGroup":{"id":"/subscriptions/00000000-0000-0000-0000-000000000000/resourceGroups/CLI_TEST_VMSS_ORCHESTRATION_MODE_2LMSIKDE7ZH7A23GQFZ6QXAB3LPAVIDIDYGNRFQXUR/providers/Microsoft.Compute/proximityPlacementGroups/ppg1"},"provisioningState":"Succeeded","uniqueId":"240702b2-6bd8-48cc-a36c-a2762ee8dd25","platformFaultDomainCount":3}}},"outputResources":[{"id":"/subscriptions/00000000-0000-0000-0000-000000000000/resourceGroups/cli_test_vmss_orchestration_mode_000001/providers/Microsoft.Compute/virtualMachineScaleSets/vmss1"}]}}'
    headers:
      cache-control:
      - no-cache
      content-length:
      - '1413'
      content-type:
      - application/json; charset=utf-8
      date:
      - Fri, 05 Mar 2021 07:01:10 GMT
      expires:
      - '-1'
      pragma:
      - no-cache
      strict-transport-security:
      - max-age=31536000; includeSubDomains
      vary:
      - Accept-Encoding
      x-content-type-options:
      - nosniff
    status:
      code: 200
      message: OK
- request:
    body: null
    headers:
      Accept:
      - application/json
      Accept-Encoding:
      - gzip, deflate
      CommandName:
      - vm create
      Connection:
      - keep-alive
      ParameterSetName:
      - -g -n --image --platform-fault-domain --vmss --generate-ssh-keys --nsg-rule
      User-Agent:
      - python/3.7.4 (Windows-10-10.0.19041-SP0) msrest/0.6.21 msrest_azure/0.6.3
        azure-mgmt-resource/12.0.0 Azure-SDK-For-Python AZURECLI/2.20.0
      accept-language:
      - en-US
    method: GET
    uri: https://management.azure.com/subscriptions/00000000-0000-0000-0000-000000000000/resourcegroups/cli_test_vmss_orchestration_mode_000001?api-version=2020-10-01
  response:
    body:
      string: '{"id":"/subscriptions/00000000-0000-0000-0000-000000000000/resourceGroups/cli_test_vmss_orchestration_mode_000001","name":"cli_test_vmss_orchestration_mode_000001","type":"Microsoft.Resources/resourceGroups","location":"westus","tags":{"product":"azurecli","cause":"automation","date":"2021-03-05T07:00:20Z"},"properties":{"provisioningState":"Succeeded"}}'
    headers:
      cache-control:
      - no-cache
      content-length:
      - '428'
      content-type:
      - application/json; charset=utf-8
      date:
      - Fri, 05 Mar 2021 07:01:10 GMT
      expires:
      - '-1'
      pragma:
      - no-cache
      strict-transport-security:
      - max-age=31536000; includeSubDomains
      vary:
      - Accept-Encoding
      x-content-type-options:
      - nosniff
    status:
      code: 200
      message: OK
- request:
    body: null
    headers:
      Accept:
      - '*/*'
      Accept-Encoding:
      - gzip, deflate
      Connection:
      - keep-alive
      User-Agent:
      - python-requests/2.22.0
    method: GET
    uri: https://raw.githubusercontent.com/Azure/azure-rest-api-specs/master/arm-compute/quickstart-templates/aliases.json
  response:
    body:
      string: "{\n  \"$schema\": \"http://schema.management.azure.com/schemas/2015-01-01/deploymentTemplate.json\",\n
        \ \"contentVersion\": \"1.0.0.0\",\n  \"parameters\": {},\n  \"variables\":
        {},\n  \"resources\": [],\n  \"outputs\": {\n    \"aliases\": {\n      \"type\":
        \"object\",\n      \"value\": {\n        \"Linux\": {\n          \"CentOS\":
        {\n            \"publisher\": \"OpenLogic\",\n            \"offer\": \"CentOS\",\n
        \           \"sku\": \"7.5\",\n            \"version\": \"latest\"\n          },\n
        \         \"CoreOS\": {\n            \"publisher\": \"CoreOS\",\n            \"offer\":
        \"CoreOS\",\n            \"sku\": \"Stable\",\n            \"version\": \"latest\"\n
        \         },\n          \"Debian\": {\n            \"publisher\": \"Debian\",\n
        \           \"offer\": \"debian-10\",\n            \"sku\": \"10\",\n            \"version\":
        \"latest\"\n          },\n          \"openSUSE-Leap\": {\n            \"publisher\":
        \"SUSE\",\n            \"offer\": \"openSUSE-Leap\",\n            \"sku\":
        \"42.3\",\n            \"version\": \"latest\"\n          },\n          \"RHEL\":
        {\n            \"publisher\": \"RedHat\",\n            \"offer\": \"RHEL\",\n
        \           \"sku\": \"7-LVM\",\n            \"version\": \"latest\"\n          },\n
        \         \"SLES\": {\n            \"publisher\": \"SUSE\",\n            \"offer\":
        \"SLES\",\n            \"sku\": \"15\",\n            \"version\": \"latest\"\n
        \         },\n          \"UbuntuLTS\": {\n            \"publisher\": \"Canonical\",\n
        \           \"offer\": \"UbuntuServer\",\n            \"sku\": \"18.04-LTS\",\n
        \           \"version\": \"latest\"\n          }\n        },\n        \"Windows\":
        {\n          \"Win2019Datacenter\": {\n            \"publisher\": \"MicrosoftWindowsServer\",\n
        \           \"offer\": \"WindowsServer\",\n            \"sku\": \"2019-Datacenter\",\n
        \           \"version\": \"latest\"\n          },\n          \"Win2016Datacenter\":
        {\n            \"publisher\": \"MicrosoftWindowsServer\",\n            \"offer\":
        \"WindowsServer\",\n            \"sku\": \"2016-Datacenter\",\n            \"version\":
        \"latest\"\n          },\n          \"Win2012R2Datacenter\": {\n            \"publisher\":
        \"MicrosoftWindowsServer\",\n            \"offer\": \"WindowsServer\",\n            \"sku\":
        \"2012-R2-Datacenter\",\n            \"version\": \"latest\"\n          },\n
        \         \"Win2012Datacenter\": {\n            \"publisher\": \"MicrosoftWindowsServer\",\n
        \           \"offer\": \"WindowsServer\",\n            \"sku\": \"2012-Datacenter\",\n
        \           \"version\": \"latest\"\n          },\n          \"Win2008R2SP1\":
        {\n            \"publisher\": \"MicrosoftWindowsServer\",\n            \"offer\":
        \"WindowsServer\",\n            \"sku\": \"2008-R2-SP1\",\n            \"version\":
        \"latest\"\n          }\n        }\n      }\n    }\n  }\n}\n"
    headers:
      accept-ranges:
      - bytes
      access-control-allow-origin:
      - '*'
      cache-control:
      - max-age=300
      connection:
      - keep-alive
      content-length:
      - '2501'
      content-security-policy:
      - default-src 'none'; style-src 'unsafe-inline'; sandbox
      content-type:
      - text/plain; charset=utf-8
      date:
      - Fri, 05 Mar 2021 07:01:11 GMT
      etag:
      - W/"540044b4084c3c314537f1baa1770f248628b2bc9ba0328f1004c33862e049da"
      expires:
      - Fri, 05 Mar 2021 07:06:11 GMT
      source-age:
      - '272'
      strict-transport-security:
      - max-age=31536000
      vary:
      - Authorization,Accept-Encoding
      via:
      - 1.1 varnish
      x-cache:
      - HIT
      x-cache-hits:
      - '1'
      x-content-type-options:
      - nosniff
      x-fastly-request-id:
      - 7f3fcd353aef6a044b2d2b41091edb712fb0cc9f
      x-frame-options:
      - deny
      x-github-request-id:
      - 0AFE:4EAF:DB72E:126C3E:603E2DD2
      x-served-by:
      - cache-sin18042-SIN
      x-timer:
      - S1614927671.440427,VS0,VE1
      x-xss-protection:
      - 1; mode=block
    status:
      code: 200
      message: OK
- request:
    body: null
    headers:
      Accept:
      - application/json
      Accept-Encoding:
      - gzip, deflate
      CommandName:
      - vm create
      Connection:
      - keep-alive
      ParameterSetName:
      - -g -n --image --platform-fault-domain --vmss --generate-ssh-keys --nsg-rule
      User-Agent:
      - python/3.7.4 (Windows-10-10.0.19041-SP0) msrest/0.6.21 msrest_azure/0.6.3
        azure-mgmt-resource/12.0.0 Azure-SDK-For-Python AZURECLI/2.20.0
      accept-language:
      - en-US
    method: GET
    uri: https://management.azure.com/subscriptions/00000000-0000-0000-0000-000000000000/providers/Microsoft.Compute?api-version=2020-10-01
  response:
    body:
      string: '{"id":"/subscriptions/00000000-0000-0000-0000-000000000000/providers/Microsoft.Compute","namespace":"Microsoft.Compute","authorizations":[{"applicationId":"60e6cd67-9c8c-4951-9b3c-23c25a2169af","roleDefinitionId":"e4770acb-272e-4dc8-87f3-12f44a612224"},{"applicationId":"a303894e-f1d8-4a37-bf10-67aa654a0596","roleDefinitionId":"903ac751-8ad5-4e5a-bfc2-5e49f450a241"},{"applicationId":"a8b6bf88-1d1a-4626-b040-9a729ea93c65","roleDefinitionId":"45c8267c-80ba-4b96-9a43-115b8f49fccd"},{"applicationId":"184909ca-69f1-4368-a6a7-c558ee6eb0bd","roleDefinitionId":"45c8267c-80ba-4b96-9a43-115b8f49fccd"},{"applicationId":"5e5e43d4-54da-4211-86a4-c6e7f3715801","roleDefinitionId":"ffcd6e5b-8772-457d-bb17-89703c03428f"},{"applicationId":"ce6ff14a-7fdc-4685-bbe0-f6afdfcfa8e0","roleDefinitionId":"cb17cddc-dbac-4ae0-ae79-8db34eddfca0"},{"applicationId":"372140e0-b3b7-4226-8ef9-d57986796201","roleDefinitionId":"cb17cddc-dbac-4ae0-ae79-8db34eddfca0"},{"applicationId":"b9a92e36-2cf8-4f4e-bcb3-9d99e00e14ab","roleDefinitionId":"6efa92ca-56b6-40af-a468-5e3d2b5232f0"},{"applicationId":"579d9c9d-4c83-4efc-8124-7eba65ed3356","roleDefinitionId":"8c99c4ce-d744-4597-a2f0-0a0044d67560"}],"resourceTypes":[{"resourceType":"availabilitySets","locations":["East
        US","East US 2","West US","Central US","North Central US","South Central US","North
        Europe","West Europe","East Asia","Southeast Asia","Japan East","Japan West","Australia
        East","Australia Southeast","Australia Central","Brazil South","South India","Central
        India","West India","Canada Central","Canada East","West US 2","West Central
        US","UK South","UK West","Korea Central","Korea South","France Central","South
        Africa North","UAE North","Switzerland North","Germany West Central","Norway
        East","East US 2 EUAP","Central US EUAP"],"apiVersions":["2020-12-01","2020-06-01","2019-12-01","2019-07-01","2019-03-01","2018-10-01","2018-06-01","2018-04-01","2017-12-01","2017-03-30","2016-08-30","2016-04-30-preview","2016-03-30","2015-06-15","2015-05-01-preview"],"defaultApiVersion":"2020-06-01","apiProfiles":[{"profileVersion":"2017-03-09-profile","apiVersion":"2016-03-30"},{"profileVersion":"2018-03-01-hybrid","apiVersion":"2017-03-30"},{"profileVersion":"2018-06-01-profile","apiVersion":"2017-12-01"}],"capabilities":"CrossResourceGroupResourceMove,
        CrossSubscriptionResourceMove, SupportsTags, SupportsLocation"},{"resourceType":"virtualMachines","locations":["East
        US","East US 2","West US","Central US","North Central US","South Central US","North
        Europe","West Europe","East Asia","Southeast Asia","Japan East","Japan West","Australia
        East","Australia Southeast","Australia Central","Brazil South","South India","Central
        India","West India","Canada Central","Canada East","West US 2","West Central
        US","UK South","UK West","Korea Central","Korea South","France Central","South
        Africa North","UAE North","Switzerland North","Germany West Central","Norway
        East","East US 2 EUAP","Central US EUAP"],"apiVersions":["2020-12-01","2020-06-01","2019-12-01","2019-07-01","2019-03-01","2018-10-01","2018-06-01","2018-04-01","2017-12-01","2017-03-30","2016-08-30","2016-04-30-preview","2016-03-30","2015-06-15","2015-05-01-preview"],"defaultApiVersion":"2020-06-01","apiProfiles":[{"profileVersion":"2017-03-09-profile","apiVersion":"2016-03-30"},{"profileVersion":"2018-03-01-hybrid","apiVersion":"2017-03-30"},{"profileVersion":"2018-06-01-profile","apiVersion":"2017-12-01"}],"zoneMappings":[{"location":"East
        US 2","zones":["2","3","1"]},{"location":"Central US","zones":["2","3","1"]},{"location":"West
        Europe","zones":["2","3","1"]},{"location":"East US 2 EUAP","zones":["1","2","3"]},{"location":"Central
        US EUAP","zones":["1","2"]},{"location":"France Central","zones":["2","3","1"]},{"location":"Southeast
        Asia","zones":["2","3","1"]},{"location":"West US 2","zones":["2","3","1"]},{"location":"North
        Europe","zones":["2","3","1"]},{"location":"East US","zones":["2","3","1"]},{"location":"UK
        South","zones":["2","3","1"]},{"location":"Japan East","zones":["2","3","1"]},{"location":"Australia
        East","zones":["2","3","1"]},{"location":"South Africa North","zones":[]},{"location":"South
        Central US","zones":["2","3","1"]},{"location":"Canada Central","zones":["2","3","1"]},{"location":"Germany
        West Central","zones":["2","3","1"]},{"location":"Brazil South","zones":["2","3","1"]},{"location":"Central
        India","zones":[]},{"location":"Korea Central","zones":[]}],"locationMappings":[{"location":"East
        US 2 EUAP","type":"EdgeZone","extendedLocations":["eastus2euapmockedge","microsoftrrdclab1","microsoftrrdclab2","microsoftrrdclab3"]},{"location":"West
        US","type":"EdgeZone","extendedLocations":["microsoftlosangeles1"]}],"capabilities":"CrossResourceGroupResourceMove,
        CrossSubscriptionResourceMove, SystemAssignedResourceIdentity, SupportsTags,
        SupportsLocation"},{"resourceType":"virtualMachines/extensions","locations":["East
        US","East US 2","West US","Central US","North Central US","South Central US","North
        Europe","West Europe","East Asia","Southeast Asia","Japan East","Japan West","Australia
        East","Australia Southeast","Australia Central","Brazil South","South India","Central
        India","West India","Canada Central","Canada East","West US 2","West Central
        US","UK South","UK West","Korea Central","Korea South","France Central","South
        Africa North","UAE North","Switzerland North","Germany West Central","Norway
        East","East US 2 EUAP","Central US EUAP"],"apiVersions":["2020-12-01","2020-06-01","2019-12-01","2019-07-01","2019-03-01","2018-10-01","2018-06-01","2018-04-01","2017-12-01","2017-03-30","2016-08-30","2016-04-30-preview","2016-03-30","2015-06-15","2015-05-01-preview"],"defaultApiVersion":"2020-06-01","apiProfiles":[{"profileVersion":"2017-03-09-profile","apiVersion":"2016-03-30"},{"profileVersion":"2018-03-01-hybrid","apiVersion":"2017-03-30"},{"profileVersion":"2018-06-01-profile","apiVersion":"2017-12-01"}],"capabilities":"CrossResourceGroupResourceMove,
        CrossSubscriptionResourceMove, SupportsTags, SupportsLocation"},{"resourceType":"virtualMachineScaleSets","locations":["East
        US","East US 2","West US","Central US","North Central US","South Central US","North
        Europe","West Europe","East Asia","Southeast Asia","Japan East","Japan West","Australia
        East","Australia Southeast","Australia Central","Brazil South","South India","Central
        India","West India","Canada Central","Canada East","West US 2","West Central
        US","UK South","UK West","Korea Central","Korea South","France Central","South
        Africa North","UAE North","Switzerland North","Germany West Central","Norway
        East","East US 2 EUAP","Central US EUAP"],"apiVersions":["2020-12-01","2020-06-01","2019-12-01","2019-07-01","2019-03-01","2018-10-01","2018-06-01","2018-04-01","2017-12-01","2017-10-30-preview","2017-03-30","2016-08-30","2016-04-30-preview","2016-03-30","2015-06-15","2015-05-01-preview"],"defaultApiVersion":"2020-06-01","apiProfiles":[{"profileVersion":"2017-03-09-profile","apiVersion":"2016-03-30"},{"profileVersion":"2018-03-01-hybrid","apiVersion":"2017-03-30"},{"profileVersion":"2018-06-01-profile","apiVersion":"2017-12-01"}],"zoneMappings":[{"location":"East
        US 2","zones":["2","3","1"]},{"location":"Central US","zones":["2","3","1"]},{"location":"West
        Europe","zones":["2","3","1"]},{"location":"East US 2 EUAP","zones":["1","2","3"]},{"location":"Central
        US EUAP","zones":["1","2"]},{"location":"France Central","zones":["2","3","1"]},{"location":"Southeast
        Asia","zones":["2","3","1"]},{"location":"West US 2","zones":["2","3","1"]},{"location":"North
        Europe","zones":["2","3","1"]},{"location":"East US","zones":["2","3","1"]},{"location":"UK
        South","zones":["2","3","1"]},{"location":"Japan East","zones":["2","3","1"]},{"location":"Australia
        East","zones":["2","3","1"]},{"location":"South Africa North","zones":[]},{"location":"South
        Central US","zones":["2","3","1"]},{"location":"Canada Central","zones":["2","3","1"]},{"location":"Germany
        West Central","zones":["2","3","1"]},{"location":"Brazil South","zones":["2","3","1"]},{"location":"Central
        India","zones":[]},{"location":"Korea Central","zones":[]}],"locationMappings":[{"location":"East
        US 2 EUAP","type":"EdgeZone","extendedLocations":["eastus2euapmockedge","microsoftrrdclab1","microsoftrrdclab2","microsoftrrdclab3"]},{"location":"West
        US","type":"EdgeZone","extendedLocations":["microsoftlosangeles1"]}],"capabilities":"CrossResourceGroupResourceMove,
        CrossSubscriptionResourceMove, SystemAssignedResourceIdentity, SupportsTags,
        SupportsLocation"},{"resourceType":"virtualMachineScaleSets/extensions","locations":["East
        US","East US 2","West US","Central US","North Central US","South Central US","North
        Europe","West Europe","East Asia","Southeast Asia","Japan East","Japan West","Australia
        East","Australia Southeast","Australia Central","Brazil South","South India","Central
        India","West India","Canada Central","Canada East","West US 2","West Central
        US","UK South","UK West","Korea Central","Korea South","France Central","South
        Africa North","UAE North","Switzerland North","Germany West Central","Norway
        East","East US 2 EUAP","Central US EUAP"],"apiVersions":["2020-12-01","2020-06-01","2019-12-01","2019-07-01","2019-03-01","2018-10-01","2018-06-01","2018-04-01","2017-12-01","2017-10-30-preview","2017-03-30","2016-08-30","2016-04-30-preview","2016-03-30","2015-06-15","2015-05-01-preview"],"defaultApiVersion":"2015-06-15","apiProfiles":[{"profileVersion":"2017-03-09-profile","apiVersion":"2016-03-30"},{"profileVersion":"2018-03-01-hybrid","apiVersion":"2017-03-30"},{"profileVersion":"2018-06-01-profile","apiVersion":"2017-12-01"}],"capabilities":"None"},{"resourceType":"virtualMachineScaleSets/virtualMachines","locations":["East
        US","East US 2","West US","Central US","North Central US","South Central US","North
        Europe","West Europe","East Asia","Southeast Asia","Japan East","Japan West","Australia
        East","Australia Southeast","Australia Central","Brazil South","South India","Central
        India","West India","Canada Central","Canada East","West US 2","West Central
        US","UK South","UK West","Korea Central","Korea South","France Central","South
        Africa North","UAE North","Switzerland North","Germany West Central","Norway
        East","East US 2 EUAP","Central US EUAP"],"apiVersions":["2020-12-01","2020-06-01","2019-12-01","2019-07-01","2019-03-01","2018-10-01","2018-06-01","2018-04-01","2017-12-01","2017-10-30-preview","2017-03-30","2016-08-30","2016-04-30-preview","2016-03-30","2015-06-15","2015-05-01-preview"],"defaultApiVersion":"2020-06-01","apiProfiles":[{"profileVersion":"2017-03-09-profile","apiVersion":"2016-03-30"},{"profileVersion":"2018-03-01-hybrid","apiVersion":"2017-03-30"},{"profileVersion":"2018-06-01-profile","apiVersion":"2017-12-01"}],"capabilities":"None"},{"resourceType":"virtualMachineScaleSets/virtualMachines/extensions","locations":["East
        US","East US 2","West US","Central US","North Central US","South Central US","North
        Europe","West Europe","East Asia","Southeast Asia","Japan East","Japan West","Australia
        East","Australia Southeast","Australia Central","Brazil South","South India","Central
        India","West India","Canada Central","Canada East","West US 2","West Central
        US","UK South","UK West","Korea Central","Korea South","France Central","South
        Africa North","UAE North","Switzerland North","Germany West Central","Norway
        East","East US 2 EUAP","Central US EUAP"],"apiVersions":["2020-12-01","2020-06-01","2019-12-01","2019-07-01","2019-03-01","2018-10-01","2018-06-01","2018-04-01","2017-12-01","2017-10-30-preview","2017-03-30","2016-08-30","2016-04-30-preview","2016-03-30","2015-06-15","2015-05-01-preview"],"apiProfiles":[{"profileVersion":"2017-03-09-profile","apiVersion":"2016-03-30"},{"profileVersion":"2018-03-01-hybrid","apiVersion":"2017-03-30"},{"profileVersion":"2018-06-01-profile","apiVersion":"2017-12-01"}],"capabilities":"None"},{"resourceType":"virtualMachineScaleSets/networkInterfaces","locations":["East
        US","East US 2","West US","Central US","North Central US","South Central US","North
        Europe","West Europe","East Asia","Southeast Asia","Japan East","Japan West","Australia
        East","Australia Southeast","Australia Central","Brazil South","South India","Central
        India","West India","Canada Central","Canada East","West US 2","West Central
        US","UK South","UK West","Korea Central","Korea South","France Central","South
        Africa North","UAE North","Switzerland North","Germany West Central","Norway
        East","East US 2 EUAP","Central US EUAP"],"apiVersions":["2020-12-01","2020-06-01","2019-12-01","2019-07-01","2019-03-01","2018-10-01","2018-06-01","2018-04-01","2017-12-01","2017-03-30","2016-09-01","2016-08-01","2016-07-01","2016-06-01","2016-04-30-preview","2016-03-30","2015-06-15","2015-05-01-preview"],"apiProfiles":[{"profileVersion":"2017-03-09-profile","apiVersion":"2016-03-30"},{"profileVersion":"2018-03-01-hybrid","apiVersion":"2017-03-30"},{"profileVersion":"2018-06-01-profile","apiVersion":"2017-12-01"}],"capabilities":"None"},{"resourceType":"virtualMachineScaleSets/virtualMachines/networkInterfaces","locations":["East
        US","East US 2","West US","Central US","North Central US","South Central US","North
        Europe","West Europe","East Asia","Southeast Asia","Japan East","Japan West","Australia
        East","Australia Southeast","Australia Central","Brazil South","South India","Central
        India","West India","Canada Central","Canada East","West US 2","West Central
        US","UK South","UK West","Korea Central","Korea South","France Central","South
        Africa North","UAE North","Switzerland North","Germany West Central","Norway
        East","East US 2 EUAP","Central US EUAP"],"apiVersions":["2020-12-01","2020-06-01","2019-12-01","2019-07-01","2019-03-01","2018-10-01","2018-06-01","2018-04-01","2017-12-01","2017-03-30","2016-09-01","2016-08-01","2016-07-01","2016-06-01","2016-04-30-preview","2016-03-30","2015-06-15","2015-05-01-preview"],"apiProfiles":[{"profileVersion":"2017-03-09-profile","apiVersion":"2016-03-30"},{"profileVersion":"2018-03-01-hybrid","apiVersion":"2017-03-30"},{"profileVersion":"2018-06-01-profile","apiVersion":"2017-12-01"}],"capabilities":"None"},{"resourceType":"virtualMachineScaleSets/publicIPAddresses","locations":["East
        US","East US 2","West US","Central US","North Central US","South Central US","North
        Europe","West Europe","East Asia","Southeast Asia","Japan East","Japan West","Australia
        East","Australia Southeast","Australia Central","Brazil South","South India","Central
        India","West India","Canada Central","Canada East","West US 2","West Central
        US","UK South","UK West","Korea Central","Korea South","France Central","South
        Africa North","UAE North","Switzerland North","Germany West Central","Norway
        East","East US 2 EUAP","Central US EUAP"],"apiVersions":["2020-12-01","2020-06-01","2019-12-01","2019-07-01","2019-03-01","2018-10-01","2018-06-01","2018-04-01","2017-12-01","2017-03-30"],"apiProfiles":[{"profileVersion":"2018-03-01-hybrid","apiVersion":"2017-03-30"},{"profileVersion":"2018-06-01-profile","apiVersion":"2017-12-01"}],"capabilities":"None"},{"resourceType":"locations","locations":[],"apiVersions":["2020-12-01","2020-06-01","2019-12-01","2019-07-01","2019-03-01","2018-10-01","2018-06-01","2018-04-01","2017-12-01","2017-03-30","2016-08-30","2016-04-30-preview","2016-03-30","2015-06-15","2015-05-01-preview"],"capabilities":"None"},{"resourceType":"locations/operations","locations":["East
        US","East US 2","West US","Central US","North Central US","South Central US","North
        Europe","West Europe","East Asia","Southeast Asia","Japan East","Japan West","Australia
        East","Australia Southeast","Australia Central","Brazil South","South India","Central
        India","West India","Canada Central","Canada East","West US 2","West Central
        US","UK South","UK West","Korea Central","Korea South","France Central","South
        Africa North","UAE North","Switzerland North","Germany West Central","Norway
        East","East US 2 EUAP","Central US EUAP"],"apiVersions":["2020-12-01","2020-06-01","2019-12-01","2019-07-01","2019-03-01","2018-10-01","2018-06-01","2018-04-01","2017-12-01","2017-10-30-preview","2017-03-30","2016-08-30","2016-04-30-preview","2016-03-30","2015-06-15","2015-05-01-preview"],"apiProfiles":[{"profileVersion":"2017-03-09-profile","apiVersion":"2016-03-30"},{"profileVersion":"2018-03-01-hybrid","apiVersion":"2017-03-30"},{"profileVersion":"2018-06-01-profile","apiVersion":"2017-12-01"}],"capabilities":"None"},{"resourceType":"locations/vmSizes","locations":["East
        US","East US 2","West US","Central US","North Central US","South Central US","North
        Europe","West Europe","East Asia","Southeast Asia","Japan East","Japan West","Australia
        East","Australia Southeast","Australia Central","Brazil South","South India","Central
        India","West India","Canada Central","Canada East","West US 2","West Central
        US","UK South","UK West","Korea Central","Korea South","France Central","South
        Africa North","UAE North","Switzerland North","Germany West Central","Norway
        East","East US 2 EUAP","Central US EUAP"],"apiVersions":["2020-12-01","2020-06-01","2019-12-01","2019-07-01","2019-03-01","2018-10-01","2018-06-01","2018-04-01","2017-12-01","2017-03-30","2016-08-30","2016-04-30-preview","2016-03-30","2015-06-15","2015-05-01-preview"],"apiProfiles":[{"profileVersion":"2017-03-09-profile","apiVersion":"2016-03-30"},{"profileVersion":"2018-03-01-hybrid","apiVersion":"2017-03-30"},{"profileVersion":"2018-06-01-profile","apiVersion":"2017-12-01"}],"capabilities":"None"},{"resourceType":"locations/runCommands","locations":["East
        US","East US 2","West US","Central US","North Central US","South Central US","North
        Europe","West Europe","East Asia","Southeast Asia","Japan East","Japan West","Australia
        East","Australia Southeast","Australia Central","Brazil South","South India","Central
        India","West India","Canada Central","Canada East","West US 2","West Central
        US","UK South","UK West","Korea Central","Korea South","France Central","South
        Africa North","UAE North","Switzerland North","Germany West Central","Norway
        East","East US 2 EUAP","Central US EUAP"],"apiVersions":["2020-12-01","2020-06-01","2019-12-01","2019-07-01","2019-03-01","2018-10-01","2018-06-01","2018-04-01","2017-12-01","2017-03-30"],"apiProfiles":[{"profileVersion":"2018-03-01-hybrid","apiVersion":"2017-03-30"},{"profileVersion":"2018-06-01-profile","apiVersion":"2017-12-01"}],"capabilities":"None"},{"resourceType":"locations/usages","locations":["East
        US","East US 2","West US","Central US","North Central US","South Central US","North
        Europe","West Europe","East Asia","Southeast Asia","Japan East","Japan West","Australia
        East","Australia Southeast","Australia Central","Brazil South","South India","Central
        India","West India","Canada Central","Canada East","West US 2","West Central
        US","UK South","UK West","Korea Central","Korea South","France Central","South
        Africa North","UAE North","Switzerland North","Germany West Central","Norway
        East","East US 2 EUAP","Central US EUAP"],"apiVersions":["2020-12-01","2020-06-01","2019-12-01","2019-07-01","2019-03-01","2018-10-01","2018-06-01","2018-04-01","2017-12-01","2017-03-30","2016-08-30","2016-04-30-preview","2016-03-30","2015-06-15","2015-05-01-preview"],"apiProfiles":[{"profileVersion":"2017-03-09-profile","apiVersion":"2016-03-30"},{"profileVersion":"2018-03-01-hybrid","apiVersion":"2017-03-30"},{"profileVersion":"2018-06-01-profile","apiVersion":"2017-12-01"}],"capabilities":"None"},{"resourceType":"locations/virtualMachines","locations":["East
        US","East US 2","West US","Central US","North Central US","South Central US","North
        Europe","West Europe","East Asia","Southeast Asia","Japan East","Japan West","Australia
        East","Australia Southeast","Australia Central","Brazil South","South India","Central
        India","West India","Canada Central","Canada East","West US 2","West Central
        US","UK South","UK West","Korea Central","Korea South","France Central","South
        Africa North","UAE North","Switzerland North","Germany West Central","Norway
        East","East US 2 EUAP","Central US EUAP"],"apiVersions":["2020-12-01","2020-06-01","2019-12-01","2019-07-01","2019-03-01","2018-10-01","2018-06-01","2018-04-01","2017-12-01","2017-03-30","2016-08-30"],"defaultApiVersion":"2020-06-01","apiProfiles":[{"profileVersion":"2018-03-01-hybrid","apiVersion":"2017-03-30"},{"profileVersion":"2018-06-01-profile","apiVersion":"2017-12-01"}],"capabilities":"None"},{"resourceType":"locations/virtualMachineScaleSets","locations":["East
        US","East US 2","West US","Central US","North Central US","South Central US","North
        Europe","West Europe","East Asia","Southeast Asia","Japan East","Japan West","Australia
        East","Australia Southeast","Australia Central","Brazil South","South India","Central
        India","West India","Canada Central","Canada East","West US 2","West Central
        US","UK South","UK West","Korea Central","Korea South","France Central","South
        Africa North","UAE North","Switzerland North","Germany West Central","Norway
        East","East US 2 EUAP","Central US EUAP"],"apiVersions":["2020-12-01","2020-06-01","2019-12-01","2019-07-01","2019-03-01","2018-10-01","2018-06-01","2018-04-01","2017-12-01","2017-03-30","2016-08-30"],"defaultApiVersion":"2020-06-01","apiProfiles":[{"profileVersion":"2018-03-01-hybrid","apiVersion":"2017-03-30"},{"profileVersion":"2018-06-01-profile","apiVersion":"2017-12-01"}],"capabilities":"None"},{"resourceType":"locations/publishers","locations":["East
        US","East US 2","West US","Central US","North Central US","South Central US","North
        Europe","West Europe","East Asia","Southeast Asia","Japan East","Japan West","Australia
        East","Australia Southeast","Australia Central","Brazil South","South India","Central
        India","West India","Canada Central","Canada East","West US 2","West Central
        US","UK South","UK West","Korea Central","Korea South","France Central","South
        Africa North","UAE North","Switzerland North","Germany West Central","Norway
        East","East US 2 EUAP","Central US EUAP"],"apiVersions":["2020-12-01","2020-09-30","2020-06-01","2019-12-01","2019-07-01","2019-03-01","2018-10-01","2018-06-01","2018-04-01","2017-12-01","2017-03-30","2016-08-30","2016-04-30-preview","2016-03-30","2015-06-15","2015-05-01-preview"],"apiProfiles":[{"profileVersion":"2017-03-09-profile","apiVersion":"2016-03-30"},{"profileVersion":"2018-03-01-hybrid","apiVersion":"2017-03-30"},{"profileVersion":"2018-06-01-profile","apiVersion":"2017-12-01"}],"capabilities":"None"},{"resourceType":"operations","locations":["East
        US","East US 2","West US","Central US","North Central US","South Central US","North
        Europe","West Europe","East Asia","Southeast Asia","Japan East","Japan West","Australia
        East","Australia Southeast","Australia Central","Brazil South","South India","Central
        India","West India","Canada Central","Canada East","West US 2","West Central
        US","UK South","UK West","Korea Central","Korea South","France Central","South
        Africa North","UAE North","Switzerland North","Germany West Central","Norway
        East","East US 2 EUAP","Central US EUAP"],"apiVersions":["2020-12-01","2020-06-01","2019-12-01","2019-07-01","2019-03-01","2018-10-01","2018-06-01","2018-04-01","2017-12-01","2017-03-30","2016-08-30","2016-03-30","2015-06-15","2015-05-01-preview"],"capabilities":"None"},{"resourceType":"locations/edgeZones","locations":[],"apiVersions":["2020-12-01"],"capabilities":"None"},{"resourceType":"locations/edgeZones/publishers","locations":["East
        US","East US 2","West US","Central US","North Central US","South Central US","North
        Europe","West Europe","East Asia","Southeast Asia","Japan East","Japan West","Australia
        East","Australia Southeast","Australia Central","Brazil South","South India","Central
        India","West India","Canada Central","Canada East","West US 2","West Central
        US","UK South","UK West","Korea Central","Korea South","France Central","South
        Africa North","UAE North","Switzerland North","Germany West Central","Norway
        East","East US 2 EUAP","Central US EUAP"],"apiVersions":["2020-12-01"],"capabilities":"None"},{"resourceType":"restorePointCollections","locations":["Southeast
        Asia","East US 2","Central US","West Europe","East US","North Central US","South
        Central US","West US","North Europe","East Asia","Brazil South","West US 2","West
        Central US","UK West","UK South","Japan East","Japan West","Canada Central","Canada
        East","Central India","South India","Australia East","Australia Southeast","Korea
        Central","Korea South","West India","France Central","South Africa North","UAE
        North","Australia Central","Switzerland North","Germany West Central","Norway
        East","East US 2 EUAP","Central US EUAP"],"apiVersions":["2020-12-01","2020-06-01","2019-12-01","2019-07-01","2019-03-01","2018-10-01","2018-06-01","2018-04-01","2017-12-01","2017-03-30"],"defaultApiVersion":"2020-06-01","capabilities":"SupportsTags,
        SupportsLocation"},{"resourceType":"restorePointCollections/restorePoints","locations":["Southeast
        Asia","East US 2","Central US","West Europe","East US","North Central US","South
        Central US","West US","North Europe","East Asia","Brazil South","West US 2","West
        Central US","UK West","UK South","Japan East","Japan West","Canada Central","Canada
        East","Central India","South India","Australia East","Australia Southeast","Korea
        Central","Korea South","West India","France Central","South Africa North","UAE
        North","Australia Central","Switzerland North","Germany West Central","Norway
        East","East US 2 EUAP","Central US EUAP"],"apiVersions":["2020-12-01","2020-06-01","2019-12-01","2019-07-01","2019-03-01","2018-10-01","2018-06-01","2018-04-01","2017-12-01","2017-03-30"],"capabilities":"None"},{"resourceType":"proximityPlacementGroups","locations":["East
        US","East US 2","West US","Central US","North Central US","South Central US","North
        Europe","West Europe","East Asia","Southeast Asia","Japan East","Japan West","Australia
        East","Australia Southeast","Australia Central","Brazil South","South India","Central
        India","West India","Canada Central","Canada East","West US 2","West Central
        US","UK South","UK West","Korea Central","Korea South","France Central","South
        Africa North","UAE North","Switzerland North","Germany West Central","Norway
        East","East US 2 EUAP","Central US EUAP"],"apiVersions":["2020-12-01","2020-06-01","2019-12-01","2019-07-01","2019-03-01","2018-10-01","2018-06-01","2018-04-01"],"defaultApiVersion":"2020-06-01","capabilities":"CrossResourceGroupResourceMove,
        CrossSubscriptionResourceMove, SupportsTags, SupportsLocation"},{"resourceType":"sshPublicKeys","locations":["East
        US","East US 2","West US","Central US","North Central US","South Central US","North
        Europe","West Europe","East Asia","Southeast Asia","Japan East","Japan West","Australia
        East","Australia Southeast","Australia Central","Brazil South","South India","Central
        India","West India","Canada Central","Canada East","West US 2","West Central
        US","UK South","UK West","Korea Central","Korea South","France Central","South
        Africa North","UAE North","Switzerland North","Germany West Central","Norway
        East","East US 2 EUAP","Central US EUAP"],"apiVersions":["2020-12-01","2020-06-01","2019-12-01"],"defaultApiVersion":"2020-06-01","capabilities":"SupportsTags,
        SupportsLocation"},{"resourceType":"virtualMachines/metricDefinitions","locations":["East
        US","East US 2","West US","Central US","North Central US","South Central US","North
        Europe","West Europe","East Asia","Southeast Asia","Japan East","Japan West","Australia
        East","Australia Southeast","Australia Central","Brazil South","South India","Central
        India","West India","Canada Central","Canada East","West US 2","West Central
        US","UK South","UK West","Korea Central","Korea South","France Central","South
        Africa North","UAE North","Switzerland North","Germany West Central","Norway
        East","East US 2 EUAP","Central US EUAP"],"apiVersions":["2014-04-01"],"capabilities":"None"},{"resourceType":"locations/spotEvictionRates","locations":["East
        US","East US 2","West US","Central US","North Central US","South Central US","North
        Europe","West Europe","East Asia","Southeast Asia","Japan East","Japan West","Australia
        East","Australia Southeast","Australia Central","Brazil South","South India","Central
        India","West India","Canada Central","Canada East","West US 2","West Central
        US","UK South","UK West","Korea Central","Korea South","France Central","South
        Africa North","UAE North","Switzerland North","Germany West Central","Norway
        East","East US 2 EUAP","Central US EUAP"],"apiVersions":["2020-12-01","2020-06-01"],"defaultApiVersion":"2020-06-01","capabilities":"None"},{"resourceType":"locations/spotPriceHistory","locations":["East
        US","East US 2","West US","Central US","North Central US","South Central US","North
        Europe","West Europe","East Asia","Southeast Asia","Japan East","Japan West","Australia
        East","Australia Southeast","Australia Central","Brazil South","South India","Central
        India","West India","Canada Central","Canada East","West US 2","West Central
        US","UK South","UK West","Korea Central","Korea South","France Central","South
        Africa North","UAE North","Switzerland North","Germany West Central","Norway
        East","East US 2 EUAP","Central US EUAP"],"apiVersions":["2020-12-01","2020-06-01"],"defaultApiVersion":"2020-06-01","capabilities":"None"},{"resourceType":"locations/sharedGalleries","locations":["East
        US","East US 2","West US","Central US","North Central US","South Central US","North
        Europe","West Europe","East Asia","Southeast Asia","Japan East","Japan West","Australia
        East","Australia Southeast","Australia Central","Brazil South","South India","Central
        India","West India","Canada Central","Canada East","West US 2","West Central
        US","UK South","UK West","Korea Central","Korea South","France Central","South
        Africa North","UAE North","Switzerland North","Germany West Central","Norway
        East","East US 2 EUAP","Central US EUAP"],"apiVersions":["2020-12-01","2020-09-30","2020-06-01","2019-12-01","2019-07-01","2019-03-01","2018-10-01","2018-06-01","2018-04-01","2017-12-01","2017-03-30","2016-08-30","2016-04-30-preview","2016-03-30","2015-06-15","2015-05-01-preview"],"apiProfiles":[{"profileVersion":"2017-03-09-profile","apiVersion":"2016-03-30"},{"profileVersion":"2018-03-01-hybrid","apiVersion":"2017-03-30"},{"profileVersion":"2018-06-01-profile","apiVersion":"2017-12-01"}],"capabilities":"None"},{"resourceType":"sharedVMImages","locations":["West
        Central US","South Central US","East US 2","Southeast Asia","West Europe","West
        US","East US","Canada Central","North Europe","North Central US","Brazil South","UK
        West","West India","East Asia","Australia East","Japan East","Korea South","West
        US 2","Canada East","UK South","Central India","South India","Australia Southeast","Japan
        West","Korea Central","France Central","Central US","Australia Central","East
        US 2 EUAP","Central US EUAP"],"apiVersions":["2017-10-15-preview"],"defaultApiVersion":"2017-10-15-preview","capabilities":"SupportsTags,
        SupportsLocation"},{"resourceType":"sharedVMImages/versions","locations":["West
        Central US","South Central US","East US 2","Southeast Asia","West Europe","West
        US","East US","Canada Central","North Europe","North Central US","Brazil South","UK
        West","West India","East Asia","Australia East","Japan East","Korea South","West
        US 2","Canada East","UK South","Central India","South India","Australia Southeast","Japan
        West","Korea Central","France Central","Central US","Australia Central","East
        US 2 EUAP","Central US EUAP"],"apiVersions":["2017-10-15-preview"],"defaultApiVersion":"2017-10-15-preview","capabilities":"SupportsTags,
        SupportsLocation"},{"resourceType":"locations/artifactPublishers","locations":["West
        Central US","South Central US","East US 2","Southeast Asia","West Europe","West
        US","East US","Canada Central","North Europe","North Central US","Brazil South","UK
        West","West India","East Asia","Australia East","Japan East","Korea South","West
        US 2","Canada East","UK South","Central India","South India","Australia Southeast","Japan
        West","Korea Central","France Central","Central US","Australia Central","East
        US 2 EUAP","Central US EUAP"],"apiVersions":["2017-10-15-preview"],"capabilities":"None"},{"resourceType":"locations/capsoperations","locations":["West
        Central US","South Central US","East US 2","Southeast Asia","West Europe","West
        US","East US","Canada Central","North Europe","North Central US","Brazil South","UK
        West","West India","East Asia","Australia East","Japan East","Korea South","West
        US 2","Canada East","UK South","Central India","South India","Australia Southeast","Japan
        West","Korea Central","France Central","Central US","Australia Central","South
        Africa North","UAE North","Switzerland North","Germany West Central","Norway
        East","East US 2 EUAP","Central US EUAP"],"apiVersions":["2020-09-30","2019-12-01","2019-07-01","2019-03-01","2018-06-01","2017-10-15-preview"],"capabilities":"None"},{"resourceType":"galleries","locations":["West
        Central US","South Central US","East US 2","Southeast Asia","West Europe","West
        US","East US","Canada Central","North Europe","North Central US","Brazil South","UK
        West","West India","East Asia","Australia East","Japan East","Korea South","West
        US 2","Canada East","UK South","Central India","South India","Australia Southeast","Japan
        West","Korea Central","France Central","Central US","Australia Central","South
        Africa North","UAE North","Switzerland North","Germany West Central","Norway
        East","East US 2 EUAP","Central US EUAP"],"apiVersions":["2020-09-30","2019-12-01","2019-07-01","2019-03-01","2018-06-01"],"defaultApiVersion":"2018-06-01","capabilities":"SupportsTags,
        SupportsLocation"},{"resourceType":"galleries/images","locations":["West Central
        US","South Central US","East US 2","Southeast Asia","West Europe","West US","East
        US","Canada Central","North Europe","North Central US","Brazil South","UK
        West","West India","East Asia","Australia East","Japan East","Korea South","West
        US 2","Canada East","UK South","Central India","South India","Australia Southeast","Japan
        West","Korea Central","France Central","Central US","Australia Central","South
        Africa North","UAE North","Switzerland North","Germany West Central","Norway
        East","East US 2 EUAP","Central US EUAP"],"apiVersions":["2020-09-30","2019-12-01","2019-07-01","2019-03-01","2018-06-01"],"defaultApiVersion":"2018-06-01","capabilities":"SupportsTags,
        SupportsLocation"},{"resourceType":"galleries/images/versions","locations":["West
        Central US","South Central US","East US 2","Southeast Asia","West Europe","West
        US","East US","Canada Central","North Europe","North Central US","Brazil South","UK
        West","West India","East Asia","Australia East","Japan East","Korea South","West
        US 2","Canada East","UK South","Central India","South India","Australia Southeast","Japan
        West","Korea Central","France Central","Central US","Australia Central","South
        Africa North","UAE North","Switzerland North","Germany West Central","Norway
        East","East US 2 EUAP","Central US EUAP"],"apiVersions":["2020-09-30","2019-12-01","2019-07-01","2019-03-01","2018-06-01"],"defaultApiVersion":"2018-06-01","capabilities":"SupportsTags,
        SupportsLocation"},{"resourceType":"locations/galleries","locations":["West
        Central US","South Central US","East US 2","Southeast Asia","West Europe","West
        US","East US","Canada Central","North Europe","North Central US","Brazil South","UK
        West","West India","East Asia","Australia East","Japan East","Korea South","West
        US 2","Canada East","UK South","Central India","South India","Australia Southeast","Japan
        West","Korea Central","France Central","Central US","Australia Central","South
        Africa North","UAE North","Switzerland North","Germany West Central","Norway
        East","East US 2 EUAP","Central US EUAP"],"apiVersions":["2020-09-30","2019-12-01","2019-07-01","2019-03-01","2018-06-01"],"defaultApiVersion":"2018-06-01","capabilities":"None"},{"resourceType":"disks","locations":["Southeast
        Asia","East US 2","Central US","West Europe","East US","North Central US","South
        Central US","West US","North Europe","East Asia","Brazil South","West US 2","West
        Central US","UK West","UK South","Japan East","Japan West","Canada Central","Canada
        East","Central India","South India","Australia East","Australia Southeast","Korea
        Central","Korea South","West India","France Central","South Africa North","UAE
        North","Australia Central","Switzerland North","Germany West Central","Norway
        East","East US 2 EUAP","Central US EUAP"],"apiVersions":["2020-12-01","2020-09-30","2020-06-30","2020-05-01","2019-11-01","2019-07-01","2019-03-01","2018-09-30","2018-06-01","2018-04-01","2017-03-30","2016-04-30-preview"],"defaultApiVersion":"2020-06-30","apiProfiles":[{"profileVersion":"2018-03-01-hybrid","apiVersion":"2017-03-30"},{"profileVersion":"2018-06-01-profile","apiVersion":"2018-04-01"}],"zoneMappings":[{"location":"East
        US 2","zones":["2","3","1"]},{"location":"Central US","zones":["2","3","1"]},{"location":"West
        Europe","zones":["2","3","1"]},{"location":"East US 2 EUAP","zones":["1","2","3"]},{"location":"Central
        US EUAP","zones":["1","2"]},{"location":"France Central","zones":["2","3","1"]},{"location":"Southeast
        Asia","zones":["2","3","1"]},{"location":"West US 2","zones":["2","3","1"]},{"location":"North
        Europe","zones":["2","3","1"]},{"location":"East US","zones":["2","3","1"]},{"location":"UK
        South","zones":["2","3","1"]},{"location":"Japan East","zones":["2","3","1"]},{"location":"Australia
        East","zones":["2","3","1"]},{"location":"South Africa North","zones":[]},{"location":"South
        Central US","zones":["2","3","1"]},{"location":"Canada Central","zones":["2","3","1"]},{"location":"Germany
        West Central","zones":["2","3","1"]},{"location":"Brazil South","zones":["2","3","1"]},{"location":"Central
        India","zones":[]},{"location":"Korea Central","zones":[]}],"locationMappings":[{"location":"East
        US 2 EUAP","type":"EdgeZone","extendedLocations":["eastus2euapmockedge","microsoftrrdclab1","microsoftrrdclab2","microsoftrrdclab3"]},{"location":"West
        US","type":"EdgeZone","extendedLocations":["microsoftlosangeles1"]}],"capabilities":"CrossResourceGroupResourceMove,
        CrossSubscriptionResourceMove, SupportsTags, SupportsLocation"},{"resourceType":"snapshots","locations":["Southeast
        Asia","East US 2","Central US","West Europe","East US","North Central US","South
        Central US","West US","North Europe","East Asia","Brazil South","West US 2","West
        Central US","UK West","UK South","Japan East","Japan West","Canada Central","Canada
        East","Central India","South India","Australia East","Australia Southeast","Korea
        Central","Korea South","West India","France Central","South Africa North","UAE
        North","Australia Central","Switzerland North","Germany West Central","Norway
        East","East US 2 EUAP","Central US EUAP"],"apiVersions":["2020-12-01","2020-09-30","2020-06-30","2020-05-01","2019-11-01","2019-07-01","2019-03-01","2018-09-30","2018-06-01","2018-04-01","2017-03-30","2016-04-30-preview"],"defaultApiVersion":"2020-06-30","apiProfiles":[{"profileVersion":"2018-03-01-hybrid","apiVersion":"2017-03-30"},{"profileVersion":"2018-06-01-profile","apiVersion":"2018-04-01"}],"locationMappings":[{"location":"East
        US 2 EUAP","type":"EdgeZone","extendedLocations":["eastus2euapmockedge","microsoftrrdclab1","microsoftrrdclab2","microsoftrrdclab3"]},{"location":"West
        US","type":"EdgeZone","extendedLocations":["microsoftlosangeles1"]}],"capabilities":"CrossResourceGroupResourceMove,
        CrossSubscriptionResourceMove, SupportsTags, SupportsLocation"},{"resourceType":"locations/diskoperations","locations":["Southeast
        Asia","East US 2","Central US","West Europe","East US","North Central US","South
        Central US","West US","North Europe","East Asia","Brazil South","West US 2","West
        Central US","UK West","UK South","Japan East","Japan West","Canada Central","Canada
        East","Central India","South India","Australia East","Australia Southeast","Korea
        Central","Korea South","West India","France Central","South Africa North","UAE
        North","Australia Central","Switzerland North","Germany West Central","Norway
        East","East US 2 EUAP","Central US EUAP"],"apiVersions":["2020-12-01","2020-09-30","2020-06-30","2020-05-01","2019-11-01","2019-07-01","2019-03-01","2018-09-30","2018-06-01","2018-04-01","2017-03-30","2016-04-30-preview"],"apiProfiles":[{"profileVersion":"2018-03-01-hybrid","apiVersion":"2017-03-30"},{"profileVersion":"2018-06-01-profile","apiVersion":"2018-04-01"}],"capabilities":"None"},{"resourceType":"diskEncryptionSets","locations":["Southeast
        Asia","East US 2","Central US","West Europe","East US","North Central US","South
        Central US","West US","North Europe","East Asia","Brazil South","West US 2","West
        Central US","UK West","UK South","Japan East","Japan West","Canada Central","Canada
        East","Central India","South India","Australia East","Australia Southeast","Korea
        Central","Korea South","West India","France Central","South Africa North","UAE
        North","Australia Central","Switzerland North","Germany West Central","Norway
        East","East US 2 EUAP","Central US EUAP"],"apiVersions":["2020-12-01","2020-09-30","2020-06-30","2020-05-01","2019-11-01","2019-07-01"],"defaultApiVersion":"2020-06-30","capabilities":"SystemAssignedResourceIdentity,
        SupportsTags, SupportsLocation"},{"resourceType":"diskAccesses","locations":["Southeast
        Asia","East US 2","Central US","West Europe","East US","North Central US","South
        Central US","West US","North Europe","East Asia","Brazil South","West US 2","West
        Central US","UK West","UK South","Japan East","Japan West","Canada Central","Canada
        East","Central India","South India","Australia East","Australia Southeast","Korea
        Central","Korea South","West India","France Central","South Africa North","UAE
        North","Australia Central","Switzerland North","Germany West Central","Norway
        East","East US 2 EUAP","Central US EUAP"],"apiVersions":["2020-12-01","2020-09-30","2020-06-30","2020-05-01"],"defaultApiVersion":"2020-06-30","capabilities":"SupportsTags,
        SupportsLocation"},{"resourceType":"images","locations":["Southeast Asia","East
        US 2","Central US","West Europe","East US","North Central US","South Central
        US","West US","North Europe","East Asia","Brazil South","West US 2","West
        Central US","UK West","UK South","Japan East","Japan West","Canada Central","Canada
        East","Central India","South India","Australia East","Australia Southeast","Korea
        Central","Korea South","West India","France Central","South Africa North","UAE
        North","Australia Central","Switzerland North","Germany West Central","Norway
        East","East US 2 EUAP","Central US EUAP"],"apiVersions":["2020-12-01","2020-06-01","2019-12-01","2019-07-01","2019-03-01","2018-10-01","2018-06-01","2018-04-01","2017-12-01","2017-03-30","2016-08-30","2016-04-30-preview"],"defaultApiVersion":"2020-06-01","apiProfiles":[{"profileVersion":"2018-03-01-hybrid","apiVersion":"2017-03-30"},{"profileVersion":"2018-06-01-profile","apiVersion":"2018-04-01"}],"locationMappings":[{"location":"East
        US 2 EUAP","type":"EdgeZone","extendedLocations":["eastus2euapmockedge","microsoftrrdclab1","microsoftrrdclab2","microsoftrrdclab3"]},{"location":"West
        US","type":"EdgeZone","extendedLocations":["microsoftlosangeles1"]}],"capabilities":"CrossResourceGroupResourceMove,
        CrossSubscriptionResourceMove, SupportsTags, SupportsLocation"},{"resourceType":"locations/logAnalytics","locations":["East
        US","East US 2","West US","Central US","North Central US","South Central US","North
        Europe","West Europe","East Asia","Southeast Asia","Japan East","Japan West","Australia
        East","Australia Southeast","Australia Central","Brazil South","South India","Central
        India","West India","Canada Central","Canada East","West US 2","West Central
        US","UK South","UK West","Korea Central","Korea South","France Central","South
        Africa North","UAE North","Switzerland North","Germany West Central","Norway
        East","East US 2 EUAP","Central US EUAP"],"apiVersions":["2020-12-01","2020-06-01","2019-12-01","2019-07-01","2019-03-01","2018-10-01","2018-06-01","2018-04-01","2017-12-01"],"capabilities":"None"},{"resourceType":"hostGroups","locations":["Central
        US","East US 2","West Europe","Southeast Asia","France Central","North Europe","West
        US 2","East US","UK South","Japan East","Japan West","East Asia","North Central
        US","South Central US","Canada East","Korea Central","Brazil South","UK West","Canada
        Central","West US","West Central US","Central India","South India","Australia
        Southeast","Korea South","West India","South Africa North","UAE North","Australia
        Central","Switzerland North","Germany West Central","Norway East","Australia
        East","East US 2 EUAP","Central US EUAP"],"apiVersions":["2020-12-01","2020-06-01","2019-12-01","2019-07-01","2019-03-01","2018-10-01"],"defaultApiVersion":"2020-06-01","zoneMappings":[{"location":"East
        US 2","zones":["2","3","1"]},{"location":"Central US","zones":["2","3","1"]},{"location":"West
        Europe","zones":["2","3","1"]},{"location":"East US 2 EUAP","zones":["1","2","3"]},{"location":"Central
        US EUAP","zones":["1","2"]},{"location":"France Central","zones":["2","3","1"]},{"location":"Southeast
        Asia","zones":["2","3","1"]},{"location":"West US 2","zones":["2","3","1"]},{"location":"North
        Europe","zones":["2","3","1"]},{"location":"East US","zones":["2","3","1"]},{"location":"UK
        South","zones":["2","3","1"]},{"location":"Japan East","zones":["2","3","1"]},{"location":"Australia
        East","zones":["2","3","1"]},{"location":"South Africa North","zones":[]},{"location":"South
        Central US","zones":["2","3","1"]},{"location":"Canada Central","zones":["2","3","1"]},{"location":"Germany
        West Central","zones":["2","3","1"]},{"location":"Brazil South","zones":["2","3","1"]},{"location":"Central
        India","zones":[]},{"location":"Korea Central","zones":[]}],"capabilities":"SupportsTags,
        SupportsLocation"},{"resourceType":"hostGroups/hosts","locations":["Central
        US","East US 2","West Europe","Southeast Asia","France Central","North Europe","West
        US 2","East US","UK South","Japan East","Japan West","East Asia","North Central
        US","South Central US","Canada East","Korea Central","Brazil South","UK West","Canada
        Central","West US","West Central US","Central India","South India","Australia
        Southeast","Korea South","West India","South Africa North","UAE North","Australia
        Central","Switzerland North","Germany West Central","Norway East","Australia
        East","East US 2 EUAP","Central US EUAP"],"apiVersions":["2020-12-01","2020-06-01","2019-12-01","2019-07-01","2019-03-01","2018-10-01"],"defaultApiVersion":"2020-06-01","zoneMappings":[{"location":"East
        US 2","zones":["2","3","1"]},{"location":"Central US","zones":["2","3","1"]},{"location":"West
        Europe","zones":["2","3","1"]},{"location":"East US 2 EUAP","zones":["1","2","3"]},{"location":"Central
        US EUAP","zones":["1","2"]},{"location":"France Central","zones":["2","3","1"]},{"location":"Southeast
        Asia","zones":["2","3","1"]},{"location":"West US 2","zones":["2","3","1"]},{"location":"North
        Europe","zones":["2","3","1"]},{"location":"East US","zones":["2","3","1"]},{"location":"UK
        South","zones":["2","3","1"]},{"location":"Japan East","zones":["2","3","1"]},{"location":"Australia
        East","zones":["2","3","1"]},{"location":"South Africa North","zones":[]},{"location":"South
        Central US","zones":["2","3","1"]},{"location":"Canada Central","zones":["2","3","1"]},{"location":"Germany
        West Central","zones":["2","3","1"]},{"location":"Brazil South","zones":["2","3","1"]},{"location":"Central
        India","zones":[]},{"location":"Korea Central","zones":[]}],"capabilities":"SupportsTags,
        SupportsLocation"},{"resourceType":"sharedVMExtensions","locations":["East
        US 2 EUAP","Central US EUAP","Southeast Asia","East US 2","Central US","West
        Europe","East US","North Central US","South Central US","West US","North Europe","East
        Asia","Brazil South","West US 2","West Central US","UK West","UK South","Japan
        East","Japan West","Canada Central","Canada East","Central India","South India","Australia
        East","Australia Southeast","Korea Central","Korea South","West India","France
        Central","South Africa North","UAE North","Australia Central","Switzerland
        North","Germany West Central","Norway East"],"apiVersions":["2020-09-30","2019-12-01"],"defaultApiVersion":"2019-12-01","capabilities":"SupportsTags,
        SupportsLocation"},{"resourceType":"sharedVMExtensions/versions","locations":["East
        US 2 EUAP","Central US EUAP","Southeast Asia","East US 2","Central US","West
        Europe","East US","North Central US","South Central US","West US","North Europe","East
        Asia","Brazil South","West US 2","West Central US","UK West","UK South","Japan
        East","Japan West","Canada Central","Canada East","Central India","South India","Australia
        East","Australia Southeast","Korea Central","Korea South","West India","France
        Central","South Africa North","UAE North","Australia Central","Switzerland
        North","Germany West Central","Norway East"],"apiVersions":["2020-09-30","2019-12-01"],"defaultApiVersion":"2019-12-01","capabilities":"SupportsTags,
        SupportsLocation"},{"resourceType":"cloudServices","locations":["Southeast
        Asia","East US 2","Central US","West Europe","East US","North Central US","South
        Central US","West US","North Europe","East Asia","Brazil South","West US 2","West
        Central US","UK West","UK South","Japan East","Japan West","Canada Central","Canada
        East","Central India","South India","Australia East","Australia Southeast","Korea
        Central","Korea South","West India","France Central","South Africa North","UAE
        North","Australia Central","Switzerland North","Germany West Central","Norway
        East","East US 2 EUAP","Central US EUAP"],"apiVersions":["2020-10-01-preview"],"defaultApiVersion":"2020-10-01-preview","zoneMappings":[{"location":"East
        US 2","zones":["2","3","1"]},{"location":"Central US","zones":["2","3","1"]},{"location":"West
        Europe","zones":["2","3","1"]},{"location":"East US 2 EUAP","zones":["1","2","3"]},{"location":"Central
        US EUAP","zones":["1","2"]},{"location":"France Central","zones":["2","3","1"]},{"location":"Southeast
        Asia","zones":["2","3","1"]},{"location":"West US 2","zones":["2","3","1"]},{"location":"North
        Europe","zones":["2","3","1"]},{"location":"East US","zones":["2","3","1"]},{"location":"UK
        South","zones":["2","3","1"]},{"location":"Japan East","zones":["2","3","1"]},{"location":"Australia
        East","zones":["2","3","1"]},{"location":"South Africa North","zones":[]},{"location":"South
        Central US","zones":["2","3","1"]},{"location":"Canada Central","zones":["2","3","1"]},{"location":"Germany
        West Central","zones":["2","3","1"]},{"location":"Brazil South","zones":["2","3","1"]},{"location":"Central
        India","zones":[]},{"location":"Korea Central","zones":[]}],"capabilities":"SupportsTags,
        SupportsLocation"},{"resourceType":"cloudServices/roles","locations":["Southeast
        Asia","East US 2","Central US","West Europe","East US","North Central US","South
        Central US","West US","North Europe","East Asia","Brazil South","West US 2","West
        Central US","UK West","UK South","Japan East","Japan West","Canada Central","Canada
        East","Central India","South India","Australia East","Australia Southeast","Korea
        Central","Korea South","West India","France Central","South Africa North","UAE
        North","Australia Central","Switzerland North","Germany West Central","Norway
        East","East US 2 EUAP","Central US EUAP"],"apiVersions":["2020-10-01-preview"],"defaultApiVersion":"2020-10-01-preview","capabilities":"None"},{"resourceType":"cloudServices/roleInstances","locations":["Southeast
        Asia","East US 2","Central US","West Europe","East US","North Central US","South
        Central US","West US","North Europe","East Asia","Brazil South","West US 2","West
        Central US","UK West","UK South","Japan East","Japan West","Canada Central","Canada
        East","Central India","South India","Australia East","Australia Southeast","Korea
        Central","Korea South","West India","France Central","South Africa North","UAE
        North","Australia Central","Switzerland North","Germany West Central","Norway
        East","East US 2 EUAP","Central US EUAP"],"apiVersions":["2020-10-01-preview"],"defaultApiVersion":"2020-10-01-preview","capabilities":"None"},{"resourceType":"locations/csoperations","locations":["Southeast
        Asia","East US 2","Central US","West Europe","East US","North Central US","South
        Central US","West US","North Europe","East Asia","Brazil South","West US 2","West
        Central US","UK West","UK South","Japan East","Japan West","Canada Central","Canada
        East","Central India","South India","Australia East","Australia Southeast","Korea
        Central","Korea South","West India","France Central","South Africa North","UAE
        North","Australia Central","Switzerland North","Germany West Central","Norway
        East","East US 2 EUAP","Central US EUAP"],"apiVersions":["2020-10-01-preview"],"capabilities":"None"},{"resourceType":"cloudServices/networkInterfaces","locations":["Southeast
        Asia","East US 2","Central US","West Europe","East US","North Central US","South
        Central US","West US","North Europe","East Asia","Brazil South","West US 2","West
        Central US","UK West","UK South","Japan East","Japan West","Canada Central","Canada
        East","Central India","South India","Australia East","Australia Southeast","Korea
        Central","Korea South","West India","France Central","South Africa North","UAE
        North","Australia Central","Switzerland North","Germany West Central","Norway
        East","East US 2 EUAP","Central US EUAP"],"apiVersions":["2020-10-01-preview"],"capabilities":"None"},{"resourceType":"cloudServices/roleInstances/networkInterfaces","locations":["Southeast
        Asia","East US 2","Central US","West Europe","East US","North Central US","South
        Central US","West US","North Europe","East Asia","Brazil South","West US 2","West
        Central US","UK West","UK South","Japan East","Japan West","Canada Central","Canada
        East","Central India","South India","Australia East","Australia Southeast","Korea
        Central","Korea South","West India","France Central","South Africa North","UAE
        North","Australia Central","Switzerland North","Germany West Central","Norway
        East","East US 2 EUAP","Central US EUAP"],"apiVersions":["2020-10-01-preview"],"capabilities":"None"},{"resourceType":"cloudServices/publicIPAddresses","locations":["Southeast
        Asia","East US 2","Central US","West Europe","East US","North Central US","South
        Central US","West US","North Europe","East Asia","Brazil South","West US 2","West
        Central US","UK West","UK South","Japan East","Japan West","Canada Central","Canada
        East","Central India","South India","Australia East","Australia Southeast","Korea
        Central","Korea South","West India","France Central","South Africa North","UAE
        North","Australia Central","Switzerland North","Germany West Central","Norway
        East","East US 2 EUAP","Central US EUAP"],"apiVersions":["2020-10-01-preview"],"capabilities":"None"}],"registrationState":"Registered","registrationPolicy":"RegistrationRequired"}'
    headers:
      cache-control:
      - no-cache
      content-length:
      - '54675'
      content-type:
      - application/json; charset=utf-8
      date:
      - Fri, 05 Mar 2021 07:01:11 GMT
      expires:
      - '-1'
      pragma:
      - no-cache
      strict-transport-security:
      - max-age=31536000; includeSubDomains
      vary:
      - Accept-Encoding
      x-content-type-options:
      - nosniff
    status:
      code: 200
      message: OK
- request:
    body: null
    headers:
      Accept:
      - application/json
      Accept-Encoding:
      - gzip, deflate
      CommandName:
      - vm create
      Connection:
      - keep-alive
      ParameterSetName:
      - -g -n --image --platform-fault-domain --vmss --generate-ssh-keys --nsg-rule
      User-Agent:
      - python/3.7.4 (Windows-10-10.0.19041-SP0) msrest/0.6.21 msrest_azure/0.6.3
        azure-mgmt-resource/12.0.0 Azure-SDK-For-Python AZURECLI/2.20.0
      accept-language:
      - en-US
    method: GET
    uri: https://management.azure.com/subscriptions/00000000-0000-0000-0000-000000000000/resourcegroups/cli_test_vmss_orchestration_mode_000001/providers/Microsoft.Compute/virtualMachineScaleSets/vmss1?api-version=2020-12-01
  response:
    body:
      string: "{\r\n  \"name\": \"vmss1\",\r\n  \"id\": \"/subscriptions/00000000-0000-0000-0000-000000000000/resourceGroups/cli_test_vmss_orchestration_mode_000001/providers/Microsoft.Compute/virtualMachineScaleSets/vmss1\",\r\n
        \ \"type\": \"Microsoft.Compute/virtualMachineScaleSets\",\r\n  \"location\":
        \"westus\",\r\n  \"properties\": {\r\n    \"singlePlacementGroup\": false,\r\n
        \   \"orchestrationMode\": \"Flexible\",\r\n    \"proximityPlacementGroup\":
        {\r\n      \"id\": \"/subscriptions/00000000-0000-0000-0000-000000000000/resourceGroups/CLI_TEST_VMSS_ORCHESTRATION_MODE_2LMSIKDE7ZH7A23GQFZ6QXAB3LPAVIDIDYGNRFQXUR/providers/Microsoft.Compute/proximityPlacementGroups/ppg1\"\r\n
        \   },\r\n    \"provisioningState\": \"Succeeded\",\r\n    \"uniqueId\": \"240702b2-6bd8-48cc-a36c-a2762ee8dd25\",\r\n
        \   \"platformFaultDomainCount\": 3\r\n  }\r\n}"
    headers:
      cache-control:
      - no-cache
      content-length:
      - '805'
      content-type:
      - application/json; charset=utf-8
      date:
      - Fri, 05 Mar 2021 07:01:11 GMT
      expires:
      - '-1'
      pragma:
      - no-cache
      server:
      - Microsoft-HTTPAPI/2.0
      - Microsoft-HTTPAPI/2.0
      strict-transport-security:
      - max-age=31536000; includeSubDomains
      transfer-encoding:
      - chunked
      vary:
      - Accept-Encoding
      x-content-type-options:
      - nosniff
      x-ms-ratelimit-remaining-resource:
      - Microsoft.Compute/GetVMScaleSet3Min;397,Microsoft.Compute/GetVMScaleSet30Min;2582
    status:
      code: 200
      message: OK
- request:
    body: null
    headers:
      Accept:
      - application/json, text/json
      Accept-Encoding:
      - gzip, deflate
      CommandName:
      - vm create
      Connection:
      - keep-alive
      ParameterSetName:
      - -g -n --image --platform-fault-domain --vmss --generate-ssh-keys --nsg-rule
      User-Agent:
      - AZURECLI/2.20.0 azsdk-python-azure-mgmt-network/17.1.0 Python/3.7.4 (Windows-10-10.0.19041-SP0)
    method: GET
    uri: https://management.azure.com/subscriptions/00000000-0000-0000-0000-000000000000/resourceGroups/cli_test_vmss_orchestration_mode_000001/providers/Microsoft.Network/virtualNetworks?api-version=2018-01-01
  response:
    body:
      string: '{"value":[]}'
    headers:
      cache-control:
      - no-cache
      content-length:
      - '12'
      content-type:
      - application/json; charset=utf-8
      date:
      - Fri, 05 Mar 2021 07:01:12 GMT
      expires:
      - '-1'
      pragma:
      - no-cache
      strict-transport-security:
      - max-age=31536000; includeSubDomains
      vary:
      - Accept-Encoding
      x-content-type-options:
      - nosniff
    status:
      code: 200
      message: OK
- request:
    body: '{"properties": {"template": {"$schema": "https://schema.management.azure.com/schemas/2015-01-01/deploymentTemplate.json#",
      "contentVersion": "1.0.0.0", "parameters": {}, "variables": {}, "resources":
      [{"name": "vm1VNET", "type": "Microsoft.Network/virtualNetworks", "location":
      "westus", "apiVersion": "2015-06-15", "dependsOn": [], "tags": {}, "properties":
      {"addressSpace": {"addressPrefixes": ["10.0.0.0/16"]}, "subnets": [{"name":
      "vm1Subnet", "properties": {"addressPrefix": "10.0.0.0/24"}}]}}, {"type": "Microsoft.Network/networkSecurityGroups",
      "name": "vm1NSG", "apiVersion": "2015-06-15", "location": "westus", "tags":
      {}, "dependsOn": []}, {"apiVersion": "2018-01-01", "type": "Microsoft.Network/publicIPAddresses",
      "name": "vm1PublicIP", "location": "westus", "tags": {}, "dependsOn": [], "properties":
      {"publicIPAllocationMethod": null}}, {"apiVersion": "2015-06-15", "type": "Microsoft.Network/networkInterfaces",
      "name": "vm1VMNic", "location": "westus", "tags": {}, "dependsOn": ["Microsoft.Network/virtualNetworks/vm1VNET",
      "Microsoft.Network/networkSecurityGroups/vm1NSG", "Microsoft.Network/publicIpAddresses/vm1PublicIP"],
      "properties": {"ipConfigurations": [{"name": "ipconfigvm1", "properties": {"privateIPAllocationMethod":
      "Dynamic", "subnet": {"id": "/subscriptions/00000000-0000-0000-0000-000000000000/resourceGroups/cli_test_vmss_orchestration_mode_000001/providers/Microsoft.Network/virtualNetworks/vm1VNET/subnets/vm1Subnet"},
      "publicIPAddress": {"id": "/subscriptions/00000000-0000-0000-0000-000000000000/resourceGroups/cli_test_vmss_orchestration_mode_000001/providers/Microsoft.Network/publicIPAddresses/vm1PublicIP"}}}],
      "networkSecurityGroup": {"id": "/subscriptions/00000000-0000-0000-0000-000000000000/resourceGroups/cli_test_vmss_orchestration_mode_000001/providers/Microsoft.Network/networkSecurityGroups/vm1NSG"}}},
      {"apiVersion": "2020-12-01", "type": "Microsoft.Compute/virtualMachines", "name":
      "vm1", "location": "westus", "tags": {}, "dependsOn": ["Microsoft.Network/networkInterfaces/vm1VMNic"],
      "properties": {"hardwareProfile": {"vmSize": "Standard_DS1_v2"}, "networkProfile":
      {"networkInterfaces": [{"id": "/subscriptions/00000000-0000-0000-0000-000000000000/resourceGroups/cli_test_vmss_orchestration_mode_000001/providers/Microsoft.Network/networkInterfaces/vm1VMNic"}]},
      "storageProfile": {"osDisk": {"createOption": "fromImage", "name": null, "caching":
      "ReadWrite", "managedDisk": {"storageAccountType": null}}, "imageReference":
      {"publisher": "OpenLogic", "offer": "CentOS", "sku": "7.5", "version": "latest"}},
      "virtualMachineScaleSet": {"id": "/subscriptions/00000000-0000-0000-0000-000000000000/resourceGroups/cli_test_vmss_orchestration_mode_000001/providers/Microsoft.Compute/virtualMachineScaleSets/vmss1"},
      "osProfile": {"computerName": "vm1", "adminUsername": "fey", "linuxConfiguration":
      {"disablePasswordAuthentication": true, "ssh": {"publicKeys": [{"keyData": "ssh-rsa
      AAAAB3NzaC1yc2EAAAADAQABAAABAQDmzXeK++L20uMK/Ug5wpjnWWyMlHoecEOxyHueHc1gPDj8qgLChiHt1OWJ1sDjiqBJ+hEEwZLjN8lCmUvWzzrl20d7M/BVp1ejulE/zr999kWuY3m5+FpAkbbxeO9LWoafwOir9dPzIOjDGdPWKbgHr3SerOHAuvVdXJDhWHtW5lB/MEnrxi48Pz/8k1lD1YccUAI6zDgKVJPBEk9fWMW8H0hKYsRXmlxdtg2npBQK7kbmcB2NJPEhTVgxVPqSaBVAt2lOCC/QQvAXcoD0lJGujp1IVYqSUarS5RnrYEDZ9Q6EKduWrP0GFkFkF8YzpFe+BRFaV8bLJrvZN43vgzRj
      fey@DESKTOP-ARGPJS4\n", "path": "/home/fey/.ssh/authorized_keys"}]}}}, "platformFaultDomain":
      "0"}}], "outputs": {}}, "parameters": {}, "mode": "Incremental"}}'
    headers:
      Accept:
      - application/json
      Accept-Encoding:
      - gzip, deflate
      CommandName:
      - vm create
      Connection:
      - keep-alive
      Content-Length:
      - '3646'
      Content-Type:
      - application/json; charset=utf-8
      ParameterSetName:
      - -g -n --image --platform-fault-domain --vmss --generate-ssh-keys --nsg-rule
      User-Agent:
      - python/3.7.4 (Windows-10-10.0.19041-SP0) msrest/0.6.21 msrest_azure/0.6.3
        azure-mgmt-resource/12.0.0 Azure-SDK-For-Python AZURECLI/2.20.0
      accept-language:
      - en-US
    method: PUT
    uri: https://management.azure.com/subscriptions/00000000-0000-0000-0000-000000000000/resourcegroups/cli_test_vmss_orchestration_mode_000001/providers/Microsoft.Resources/deployments/mock-deployment?api-version=2020-10-01
  response:
    body:
      string: '{"id":"/subscriptions/00000000-0000-0000-0000-000000000000/resourceGroups/cli_test_vmss_orchestration_mode_000001/providers/Microsoft.Resources/deployments/vm_deploy_wKvA5d7IQnjnpIHWXlhq382Hv83w1FIk","name":"vm_deploy_wKvA5d7IQnjnpIHWXlhq382Hv83w1FIk","type":"Microsoft.Resources/deployments","properties":{"templateHash":"15419255914805569592","parameters":{},"mode":"Incremental","provisioningState":"Accepted","timestamp":"2021-03-05T07:01:17.8603699Z","duration":"PT2.2157474S","correlationId":"9d134f53-3d2a-43b6-8cb2-6289bbf663c6","providers":[{"namespace":"Microsoft.Network","resourceTypes":[{"resourceType":"virtualNetworks","locations":["westus"]},{"resourceType":"networkSecurityGroups","locations":["westus"]},{"resourceType":"publicIPAddresses","locations":["westus"]},{"resourceType":"networkInterfaces","locations":["westus"]}]},{"namespace":"Microsoft.Compute","resourceTypes":[{"resourceType":"virtualMachines","locations":["westus"]}]}],"dependencies":[{"dependsOn":[{"id":"/subscriptions/00000000-0000-0000-0000-000000000000/resourceGroups/cli_test_vmss_orchestration_mode_000001/providers/Microsoft.Network/virtualNetworks/vm1VNET","resourceType":"Microsoft.Network/virtualNetworks","resourceName":"vm1VNET"},{"id":"/subscriptions/00000000-0000-0000-0000-000000000000/resourceGroups/cli_test_vmss_orchestration_mode_000001/providers/Microsoft.Network/networkSecurityGroups/vm1NSG","resourceType":"Microsoft.Network/networkSecurityGroups","resourceName":"vm1NSG"},{"id":"/subscriptions/00000000-0000-0000-0000-000000000000/resourceGroups/cli_test_vmss_orchestration_mode_000001/providers/Microsoft.Network/publicIPAddresses/vm1PublicIP","resourceType":"Microsoft.Network/publicIPAddresses","resourceName":"vm1PublicIP"}],"id":"/subscriptions/00000000-0000-0000-0000-000000000000/resourceGroups/cli_test_vmss_orchestration_mode_000001/providers/Microsoft.Network/networkInterfaces/vm1VMNic","resourceType":"Microsoft.Network/networkInterfaces","resourceName":"vm1VMNic"},{"dependsOn":[{"id":"/subscriptions/00000000-0000-0000-0000-000000000000/resourceGroups/cli_test_vmss_orchestration_mode_000001/providers/Microsoft.Network/networkInterfaces/vm1VMNic","resourceType":"Microsoft.Network/networkInterfaces","resourceName":"vm1VMNic"}],"id":"/subscriptions/00000000-0000-0000-0000-000000000000/resourceGroups/cli_test_vmss_orchestration_mode_000001/providers/Microsoft.Compute/virtualMachines/vm1","resourceType":"Microsoft.Compute/virtualMachines","resourceName":"vm1"}]}}'
    headers:
      azure-asyncoperation:
      - https://management.azure.com/subscriptions/00000000-0000-0000-0000-000000000000/resourcegroups/cli_test_vmss_orchestration_mode_000001/providers/Microsoft.Resources/deployments/vm_deploy_wKvA5d7IQnjnpIHWXlhq382Hv83w1FIk/operationStatuses/08585866792098330185?api-version=2020-10-01
      cache-control:
      - no-cache
      content-length:
      - '2743'
      content-type:
      - application/json; charset=utf-8
      date:
      - Fri, 05 Mar 2021 07:01:18 GMT
      expires:
      - '-1'
      pragma:
      - no-cache
      strict-transport-security:
      - max-age=31536000; includeSubDomains
      x-content-type-options:
      - nosniff
      x-ms-ratelimit-remaining-subscription-writes:
      - '1198'
    status:
      code: 201
      message: Created
- request:
    body: null
    headers:
      Accept:
      - application/json
      Accept-Encoding:
      - gzip, deflate
      CommandName:
      - vm create
      Connection:
      - keep-alive
      ParameterSetName:
      - -g -n --image --platform-fault-domain --vmss --generate-ssh-keys --nsg-rule
      User-Agent:
      - python/3.7.4 (Windows-10-10.0.19041-SP0) msrest/0.6.21 msrest_azure/0.6.3
        azure-mgmt-resource/12.0.0 Azure-SDK-For-Python AZURECLI/2.20.0
    method: GET
    uri: https://management.azure.com/subscriptions/00000000-0000-0000-0000-000000000000/resourcegroups/cli_test_vmss_orchestration_mode_000001/providers/Microsoft.Resources/deployments/mock-deployment/operationStatuses/08585866792098330185?api-version=2020-10-01
  response:
    body:
      string: '{"status":"Running"}'
    headers:
      cache-control:
      - no-cache
      content-length:
      - '20'
      content-type:
      - application/json; charset=utf-8
      date:
      - Fri, 05 Mar 2021 07:01:49 GMT
      expires:
      - '-1'
      pragma:
      - no-cache
      strict-transport-security:
      - max-age=31536000; includeSubDomains
      vary:
      - Accept-Encoding
      x-content-type-options:
      - nosniff
    status:
      code: 200
      message: OK
- request:
    body: null
    headers:
      Accept:
      - application/json
      Accept-Encoding:
      - gzip, deflate
      CommandName:
      - vm create
      Connection:
      - keep-alive
      ParameterSetName:
      - -g -n --image --platform-fault-domain --vmss --generate-ssh-keys --nsg-rule
      User-Agent:
      - python/3.7.4 (Windows-10-10.0.19041-SP0) msrest/0.6.21 msrest_azure/0.6.3
        azure-mgmt-resource/12.0.0 Azure-SDK-For-Python AZURECLI/2.20.0
    method: GET
    uri: https://management.azure.com/subscriptions/00000000-0000-0000-0000-000000000000/resourcegroups/cli_test_vmss_orchestration_mode_000001/providers/Microsoft.Resources/deployments/mock-deployment/operationStatuses/08585866792098330185?api-version=2020-10-01
  response:
    body:
      string: '{"status":"Running"}'
    headers:
      cache-control:
      - no-cache
      content-length:
      - '20'
      content-type:
      - application/json; charset=utf-8
      date:
      - Fri, 05 Mar 2021 07:02:19 GMT
      expires:
      - '-1'
      pragma:
      - no-cache
      strict-transport-security:
      - max-age=31536000; includeSubDomains
      vary:
      - Accept-Encoding
      x-content-type-options:
      - nosniff
    status:
      code: 200
      message: OK
- request:
    body: null
    headers:
      Accept:
      - application/json
      Accept-Encoding:
      - gzip, deflate
      CommandName:
      - vm create
      Connection:
      - keep-alive
      ParameterSetName:
      - -g -n --image --platform-fault-domain --vmss --generate-ssh-keys --nsg-rule
      User-Agent:
      - python/3.7.4 (Windows-10-10.0.19041-SP0) msrest/0.6.21 msrest_azure/0.6.3
        azure-mgmt-resource/12.0.0 Azure-SDK-For-Python AZURECLI/2.20.0
    method: GET
    uri: https://management.azure.com/subscriptions/00000000-0000-0000-0000-000000000000/resourcegroups/cli_test_vmss_orchestration_mode_000001/providers/Microsoft.Resources/deployments/mock-deployment/operationStatuses/08585866792098330185?api-version=2020-10-01
  response:
    body:
      string: '{"status":"Running"}'
    headers:
      cache-control:
      - no-cache
      content-length:
      - '20'
      content-type:
      - application/json; charset=utf-8
      date:
      - Fri, 05 Mar 2021 07:02:50 GMT
      expires:
      - '-1'
      pragma:
      - no-cache
      strict-transport-security:
      - max-age=31536000; includeSubDomains
      vary:
      - Accept-Encoding
      x-content-type-options:
      - nosniff
    status:
      code: 200
      message: OK
- request:
    body: null
    headers:
      Accept:
      - application/json
      Accept-Encoding:
      - gzip, deflate
      CommandName:
      - vm create
      Connection:
      - keep-alive
      ParameterSetName:
      - -g -n --image --platform-fault-domain --vmss --generate-ssh-keys --nsg-rule
      User-Agent:
      - python/3.7.4 (Windows-10-10.0.19041-SP0) msrest/0.6.21 msrest_azure/0.6.3
        azure-mgmt-resource/12.0.0 Azure-SDK-For-Python AZURECLI/2.20.0
    method: GET
    uri: https://management.azure.com/subscriptions/00000000-0000-0000-0000-000000000000/resourcegroups/cli_test_vmss_orchestration_mode_000001/providers/Microsoft.Resources/deployments/mock-deployment/operationStatuses/08585866792098330185?api-version=2020-10-01
  response:
    body:
      string: '{"status":"Succeeded"}'
    headers:
      cache-control:
      - no-cache
      content-length:
      - '22'
      content-type:
      - application/json; charset=utf-8
      date:
      - Fri, 05 Mar 2021 07:03:20 GMT
      expires:
      - '-1'
      pragma:
      - no-cache
      strict-transport-security:
      - max-age=31536000; includeSubDomains
      vary:
      - Accept-Encoding
      x-content-type-options:
      - nosniff
    status:
      code: 200
      message: OK
- request:
    body: null
    headers:
      Accept:
      - application/json
      Accept-Encoding:
      - gzip, deflate
      CommandName:
      - vm create
      Connection:
      - keep-alive
      ParameterSetName:
      - -g -n --image --platform-fault-domain --vmss --generate-ssh-keys --nsg-rule
      User-Agent:
      - python/3.7.4 (Windows-10-10.0.19041-SP0) msrest/0.6.21 msrest_azure/0.6.3
        azure-mgmt-resource/12.0.0 Azure-SDK-For-Python AZURECLI/2.20.0
    method: GET
    uri: https://management.azure.com/subscriptions/00000000-0000-0000-0000-000000000000/resourcegroups/cli_test_vmss_orchestration_mode_000001/providers/Microsoft.Resources/deployments/mock-deployment?api-version=2020-10-01
  response:
    body:
      string: '{"id":"/subscriptions/00000000-0000-0000-0000-000000000000/resourceGroups/cli_test_vmss_orchestration_mode_000001/providers/Microsoft.Resources/deployments/vm_deploy_wKvA5d7IQnjnpIHWXlhq382Hv83w1FIk","name":"vm_deploy_wKvA5d7IQnjnpIHWXlhq382Hv83w1FIk","type":"Microsoft.Resources/deployments","properties":{"templateHash":"15419255914805569592","parameters":{},"mode":"Incremental","provisioningState":"Succeeded","timestamp":"2021-03-05T07:02:55.9614005Z","duration":"PT1M40.316778S","correlationId":"9d134f53-3d2a-43b6-8cb2-6289bbf663c6","providers":[{"namespace":"Microsoft.Network","resourceTypes":[{"resourceType":"virtualNetworks","locations":["westus"]},{"resourceType":"networkSecurityGroups","locations":["westus"]},{"resourceType":"publicIPAddresses","locations":["westus"]},{"resourceType":"networkInterfaces","locations":["westus"]}]},{"namespace":"Microsoft.Compute","resourceTypes":[{"resourceType":"virtualMachines","locations":["westus"]}]}],"dependencies":[{"dependsOn":[{"id":"/subscriptions/00000000-0000-0000-0000-000000000000/resourceGroups/cli_test_vmss_orchestration_mode_000001/providers/Microsoft.Network/virtualNetworks/vm1VNET","resourceType":"Microsoft.Network/virtualNetworks","resourceName":"vm1VNET"},{"id":"/subscriptions/00000000-0000-0000-0000-000000000000/resourceGroups/cli_test_vmss_orchestration_mode_000001/providers/Microsoft.Network/networkSecurityGroups/vm1NSG","resourceType":"Microsoft.Network/networkSecurityGroups","resourceName":"vm1NSG"},{"id":"/subscriptions/00000000-0000-0000-0000-000000000000/resourceGroups/cli_test_vmss_orchestration_mode_000001/providers/Microsoft.Network/publicIPAddresses/vm1PublicIP","resourceType":"Microsoft.Network/publicIPAddresses","resourceName":"vm1PublicIP"}],"id":"/subscriptions/00000000-0000-0000-0000-000000000000/resourceGroups/cli_test_vmss_orchestration_mode_000001/providers/Microsoft.Network/networkInterfaces/vm1VMNic","resourceType":"Microsoft.Network/networkInterfaces","resourceName":"vm1VMNic"},{"dependsOn":[{"id":"/subscriptions/00000000-0000-0000-0000-000000000000/resourceGroups/cli_test_vmss_orchestration_mode_000001/providers/Microsoft.Network/networkInterfaces/vm1VMNic","resourceType":"Microsoft.Network/networkInterfaces","resourceName":"vm1VMNic"}],"id":"/subscriptions/00000000-0000-0000-0000-000000000000/resourceGroups/cli_test_vmss_orchestration_mode_000001/providers/Microsoft.Compute/virtualMachines/vm1","resourceType":"Microsoft.Compute/virtualMachines","resourceName":"vm1"}],"outputs":{},"outputResources":[{"id":"/subscriptions/00000000-0000-0000-0000-000000000000/resourceGroups/cli_test_vmss_orchestration_mode_000001/providers/Microsoft.Compute/virtualMachines/vm1"},{"id":"/subscriptions/00000000-0000-0000-0000-000000000000/resourceGroups/cli_test_vmss_orchestration_mode_000001/providers/Microsoft.Network/networkInterfaces/vm1VMNic"},{"id":"/subscriptions/00000000-0000-0000-0000-000000000000/resourceGroups/cli_test_vmss_orchestration_mode_000001/providers/Microsoft.Network/networkSecurityGroups/vm1NSG"},{"id":"/subscriptions/00000000-0000-0000-0000-000000000000/resourceGroups/cli_test_vmss_orchestration_mode_000001/providers/Microsoft.Network/publicIPAddresses/vm1PublicIP"},{"id":"/subscriptions/00000000-0000-0000-0000-000000000000/resourceGroups/cli_test_vmss_orchestration_mode_000001/providers/Microsoft.Network/virtualNetworks/vm1VNET"}]}}'
    headers:
      cache-control:
      - no-cache
      content-length:
      - '3809'
      content-type:
      - application/json; charset=utf-8
      date:
      - Fri, 05 Mar 2021 07:03:21 GMT
      expires:
      - '-1'
      pragma:
      - no-cache
      strict-transport-security:
      - max-age=31536000; includeSubDomains
      vary:
      - Accept-Encoding
      x-content-type-options:
      - nosniff
    status:
      code: 200
      message: OK
- request:
    body: null
    headers:
      Accept:
      - application/json
      Accept-Encoding:
      - gzip, deflate
      CommandName:
      - vm create
      Connection:
      - keep-alive
      ParameterSetName:
      - -g -n --image --platform-fault-domain --vmss --generate-ssh-keys --nsg-rule
      User-Agent:
      - AZURECLI/2.20.0 azsdk-python-azure-mgmt-compute/19.0.0 Python/3.7.4 (Windows-10-10.0.19041-SP0)
    method: GET
    uri: https://management.azure.com/subscriptions/00000000-0000-0000-0000-000000000000/resourceGroups/cli_test_vmss_orchestration_mode_000001/providers/Microsoft.Compute/virtualMachines/vm1?$expand=instanceView&api-version=2020-12-01
  response:
    body:
      string: "{\r\n  \"name\": \"vm1\",\r\n  \"id\": \"/subscriptions/00000000-0000-0000-0000-000000000000/resourceGroups/cli_test_vmss_orchestration_mode_000001/providers/Microsoft.Compute/virtualMachines/vm1\",\r\n
        \ \"type\": \"Microsoft.Compute/virtualMachines\",\r\n  \"location\": \"westus\",\r\n
        \ \"tags\": {},\r\n  \"properties\": {\r\n    \"vmId\": \"a3ea45b2-fa2e-416c-bac6-ff8d2241c4c9\",\r\n
        \   \"virtualMachineScaleSet\": {\r\n      \"id\": \"/subscriptions/00000000-0000-0000-0000-000000000000/resourceGroups/cli_test_vmss_orchestration_mode_000001/providers/Microsoft.Compute/virtualMachineScaleSets/vmss1\"\r\n
        \   },\r\n    \"platformFaultDomain\": 0,\r\n    \"hardwareProfile\": {\r\n
        \     \"vmSize\": \"Standard_DS1_v2\"\r\n    },\r\n    \"storageProfile\":
        {\r\n      \"imageReference\": {\r\n        \"publisher\": \"OpenLogic\",\r\n
        \       \"offer\": \"CentOS\",\r\n        \"sku\": \"7.5\",\r\n        \"version\":
        \"latest\",\r\n        \"exactVersion\": \"7.5.201808150\"\r\n      },\r\n
        \     \"osDisk\": {\r\n        \"osType\": \"Linux\",\r\n        \"name\":
        \"vm1_OsDisk_1_ef0ac0180aaa4d54866b510edc9bbd3d\",\r\n        \"createOption\":
        \"FromImage\",\r\n        \"caching\": \"ReadWrite\",\r\n        \"managedDisk\":
        {\r\n          \"storageAccountType\": \"Premium_LRS\",\r\n          \"id\":
        \"/subscriptions/00000000-0000-0000-0000-000000000000/resourceGroups/cli_test_vmss_orchestration_mode_000001/providers/Microsoft.Compute/disks/vm1_OsDisk_1_ef0ac0180aaa4d54866b510edc9bbd3d\"\r\n
        \       },\r\n        \"diskSizeGB\": 30\r\n      },\r\n      \"dataDisks\":
        []\r\n    },\r\n    \"osProfile\": {\r\n      \"computerName\": \"vm1\",\r\n
        \     \"adminUsername\": \"fey\",\r\n      \"linuxConfiguration\": {\r\n        \"disablePasswordAuthentication\":
        true,\r\n        \"ssh\": {\r\n          \"publicKeys\": [\r\n            {\r\n
        \             \"path\": \"/home/fey/.ssh/authorized_keys\",\r\n              \"keyData\":
        \"ssh-rsa AAAAB3NzaC1yc2EAAAADAQABAAABAQDmzXeK++L20uMK/Ug5wpjnWWyMlHoecEOxyHueHc1gPDj8qgLChiHt1OWJ1sDjiqBJ+hEEwZLjN8lCmUvWzzrl20d7M/BVp1ejulE/zr999kWuY3m5+FpAkbbxeO9LWoafwOir9dPzIOjDGdPWKbgHr3SerOHAuvVdXJDhWHtW5lB/MEnrxi48Pz/8k1lD1YccUAI6zDgKVJPBEk9fWMW8H0hKYsRXmlxdtg2npBQK7kbmcB2NJPEhTVgxVPqSaBVAt2lOCC/QQvAXcoD0lJGujp1IVYqSUarS5RnrYEDZ9Q6EKduWrP0GFkFkF8YzpFe+BRFaV8bLJrvZN43vgzRj
        fey@DESKTOP-ARGPJS4\\n\"\r\n            }\r\n          ]\r\n        },\r\n
        \       \"provisionVMAgent\": true,\r\n        \"patchSettings\": {\r\n          \"patchMode\":
        \"ImageDefault\"\r\n        }\r\n      },\r\n      \"secrets\": [],\r\n      \"allowExtensionOperations\":
        true,\r\n      \"requireGuestProvisionSignal\": true\r\n    },\r\n    \"networkProfile\":
        {\"networkInterfaces\":[{\"id\":\"/subscriptions/00000000-0000-0000-0000-000000000000/resourceGroups/cli_test_vmss_orchestration_mode_000001/providers/Microsoft.Network/networkInterfaces/vm1VMNic\"}]},\r\n
        \   \"provisioningState\": \"Succeeded\",\r\n    \"instanceView\": {\r\n      \"platformFaultDomain\":
        0,\r\n      \"computerName\": \"vm1\",\r\n      \"osName\": \"centos\",\r\n
        \     \"osVersion\": \"7.5.1804\",\r\n      \"vmAgent\": {\r\n        \"vmAgentVersion\":
        \"2.2.53.1\",\r\n        \"statuses\": [\r\n          {\r\n            \"code\":
        \"ProvisioningState/succeeded\",\r\n            \"level\": \"Info\",\r\n            \"displayStatus\":
        \"Ready\",\r\n            \"message\": \"Guest Agent is running\",\r\n            \"time\":
        \"2021-03-05T07:03:21+00:00\"\r\n          }\r\n        ],\r\n        \"extensionHandlers\":
        []\r\n      },\r\n      \"disks\": [\r\n        {\r\n          \"name\": \"vm1_OsDisk_1_ef0ac0180aaa4d54866b510edc9bbd3d\",\r\n
        \         \"statuses\": [\r\n            {\r\n              \"code\": \"ProvisioningState/succeeded\",\r\n
        \             \"level\": \"Info\",\r\n              \"displayStatus\": \"Provisioning
        succeeded\",\r\n              \"time\": \"2021-03-05T07:01:48.9276054+00:00\"\r\n
        \           }\r\n          ]\r\n        }\r\n      ],\r\n      \"hyperVGeneration\":
        \"V1\",\r\n      \"statuses\": [\r\n        {\r\n          \"code\": \"ProvisioningState/succeeded\",\r\n
        \         \"level\": \"Info\",\r\n          \"displayStatus\": \"Provisioning
        succeeded\",\r\n          \"time\": \"2021-03-05T07:02:54.3996347+00:00\"\r\n
        \       },\r\n        {\r\n          \"code\": \"PowerState/running\",\r\n
        \         \"level\": \"Info\",\r\n          \"displayStatus\": \"VM running\"\r\n
        \       }\r\n      ]\r\n    }\r\n  }\r\n}"
    headers:
      cache-control:
      - no-cache
      content-length:
      - '4153'
      content-type:
      - application/json; charset=utf-8
      date:
      - Fri, 05 Mar 2021 07:03:22 GMT
      expires:
      - '-1'
      pragma:
      - no-cache
      server:
      - Microsoft-HTTPAPI/2.0
      - Microsoft-HTTPAPI/2.0
      strict-transport-security:
      - max-age=31536000; includeSubDomains
      transfer-encoding:
      - chunked
      vary:
      - Accept-Encoding
      x-content-type-options:
      - nosniff
      x-ms-ratelimit-remaining-resource:
      - Microsoft.Compute/LowCostGet3Min;3993,Microsoft.Compute/LowCostGet30Min;31948
    status:
      code: 200
      message: OK
- request:
    body: null
    headers:
      Accept:
      - application/json, text/json
      Accept-Encoding:
      - gzip, deflate
      CommandName:
      - vm create
      Connection:
      - keep-alive
      ParameterSetName:
      - -g -n --image --platform-fault-domain --vmss --generate-ssh-keys --nsg-rule
      User-Agent:
      - AZURECLI/2.20.0 azsdk-python-azure-mgmt-network/17.1.0 Python/3.7.4 (Windows-10-10.0.19041-SP0)
    method: GET
    uri: https://management.azure.com/subscriptions/00000000-0000-0000-0000-000000000000/resourceGroups/cli_test_vmss_orchestration_mode_000001/providers/Microsoft.Network/networkInterfaces/vm1VMNic?api-version=2018-01-01
  response:
    body:
      string: "{\r\n  \"name\": \"vm1VMNic\",\r\n  \"id\": \"/subscriptions/00000000-0000-0000-0000-000000000000/resourceGroups/cli_test_vmss_orchestration_mode_000001/providers/Microsoft.Network/networkInterfaces/vm1VMNic\",\r\n
        \ \"etag\": \"W/\\\"6862505f-7d1b-47db-807b-5a621aaa9732\\\"\",\r\n  \"location\":
        \"westus\",\r\n  \"tags\": {},\r\n  \"properties\": {\r\n    \"provisioningState\":
        \"Succeeded\",\r\n    \"resourceGuid\": \"0f373e3e-477f-48ac-80f8-90efa2fb7eb3\",\r\n
        \   \"ipConfigurations\": [\r\n      {\r\n        \"name\": \"ipconfigvm1\",\r\n
        \       \"id\": \"/subscriptions/00000000-0000-0000-0000-000000000000/resourceGroups/cli_test_vmss_orchestration_mode_000001/providers/Microsoft.Network/networkInterfaces/vm1VMNic/ipConfigurations/ipconfigvm1\",\r\n
        \       \"etag\": \"W/\\\"6862505f-7d1b-47db-807b-5a621aaa9732\\\"\",\r\n
        \       \"type\": \"Microsoft.Network/networkInterfaces/ipConfigurations\",\r\n
        \       \"properties\": {\r\n          \"provisioningState\": \"Succeeded\",\r\n
        \         \"privateIPAddress\": \"10.0.0.4\",\r\n          \"privateIPAllocationMethod\":
        \"Dynamic\",\r\n          \"publicIPAddress\": {\r\n            \"id\": \"/subscriptions/00000000-0000-0000-0000-000000000000/resourceGroups/cli_test_vmss_orchestration_mode_000001/providers/Microsoft.Network/publicIPAddresses/vm1PublicIP\"\r\n
        \         },\r\n          \"subnet\": {\r\n            \"id\": \"/subscriptions/00000000-0000-0000-0000-000000000000/resourceGroups/cli_test_vmss_orchestration_mode_000001/providers/Microsoft.Network/virtualNetworks/vm1VNET/subnets/vm1Subnet\"\r\n
        \         },\r\n          \"primary\": true,\r\n          \"privateIPAddressVersion\":
        \"IPv4\"\r\n        }\r\n      }\r\n    ],\r\n    \"dnsSettings\": {\r\n      \"dnsServers\":
        [],\r\n      \"appliedDnsServers\": [],\r\n      \"internalDomainNameSuffix\":
        \"yst404rztujuvdbpbj0q1riswc.dx.internal.cloudapp.net\"\r\n    },\r\n    \"macAddress\":
        \"00-0D-3A-5A-52-6E\",\r\n    \"enableAcceleratedNetworking\": false,\r\n
        \   \"enableIPForwarding\": false,\r\n    \"networkSecurityGroup\": {\r\n
        \     \"id\": \"/subscriptions/00000000-0000-0000-0000-000000000000/resourceGroups/cli_test_vmss_orchestration_mode_000001/providers/Microsoft.Network/networkSecurityGroups/vm1NSG\"\r\n
        \   },\r\n    \"primary\": true,\r\n    \"virtualMachine\": {\r\n      \"id\":
        \"/subscriptions/00000000-0000-0000-0000-000000000000/resourceGroups/cli_test_vmss_orchestration_mode_000001/providers/Microsoft.Compute/virtualMachines/vm1\"\r\n
        \   }\r\n  },\r\n  \"type\": \"Microsoft.Network/networkInterfaces\"\r\n}"
    headers:
      cache-control:
      - no-cache
      content-length:
      - '2568'
      content-type:
      - application/json; charset=utf-8
      date:
      - Fri, 05 Mar 2021 07:03:22 GMT
      etag:
      - W/"6862505f-7d1b-47db-807b-5a621aaa9732"
      expires:
      - '-1'
      pragma:
      - no-cache
      server:
      - Microsoft-HTTPAPI/2.0
      - Microsoft-HTTPAPI/2.0
      strict-transport-security:
      - max-age=31536000; includeSubDomains
      transfer-encoding:
      - chunked
      vary:
      - Accept-Encoding
      x-content-type-options:
      - nosniff
      x-ms-arm-service-request-id:
      - 56415242-9c7c-4d46-bddf-7c3b8101366b
    status:
      code: 200
      message: OK
- request:
    body: null
    headers:
      Accept:
      - application/json, text/json
      Accept-Encoding:
      - gzip, deflate
      CommandName:
      - vm create
      Connection:
      - keep-alive
      ParameterSetName:
      - -g -n --image --platform-fault-domain --vmss --generate-ssh-keys --nsg-rule
      User-Agent:
      - AZURECLI/2.20.0 azsdk-python-azure-mgmt-network/17.1.0 Python/3.7.4 (Windows-10-10.0.19041-SP0)
    method: GET
    uri: https://management.azure.com/subscriptions/00000000-0000-0000-0000-000000000000/resourceGroups/cli_test_vmss_orchestration_mode_000001/providers/Microsoft.Network/publicIPAddresses/vm1PublicIP?api-version=2018-01-01
  response:
    body:
      string: "{\r\n  \"name\": \"vm1PublicIP\",\r\n  \"id\": \"/subscriptions/00000000-0000-0000-0000-000000000000/resourceGroups/cli_test_vmss_orchestration_mode_000001/providers/Microsoft.Network/publicIPAddresses/vm1PublicIP\",\r\n
        \ \"etag\": \"W/\\\"87f4f975-110a-46bd-ad1a-e9207d6a65de\\\"\",\r\n  \"location\":
        \"westus\",\r\n  \"tags\": {},\r\n  \"properties\": {\r\n    \"provisioningState\":
        \"Succeeded\",\r\n    \"resourceGuid\": \"2e549827-1289-40a0-9c1a-c8ba4cc9eb31\",\r\n
        \   \"ipAddress\": \"104.42.196.148\",\r\n    \"publicIPAddressVersion\":
        \"IPv4\",\r\n    \"publicIPAllocationMethod\": \"Dynamic\",\r\n    \"idleTimeoutInMinutes\":
        4,\r\n    \"ipTags\": [],\r\n    \"ipConfiguration\": {\r\n      \"id\": \"/subscriptions/00000000-0000-0000-0000-000000000000/resourceGroups/cli_test_vmss_orchestration_mode_000001/providers/Microsoft.Network/networkInterfaces/vm1VMNic/ipConfigurations/ipconfigvm1\"\r\n
        \   }\r\n  },\r\n  \"type\": \"Microsoft.Network/publicIPAddresses\",\r\n
        \ \"sku\": {\r\n    \"name\": \"Basic\"\r\n  }\r\n}"
    headers:
      cache-control:
      - no-cache
      content-length:
      - '998'
      content-type:
      - application/json; charset=utf-8
      date:
      - Fri, 05 Mar 2021 07:03:23 GMT
      etag:
      - W/"87f4f975-110a-46bd-ad1a-e9207d6a65de"
      expires:
      - '-1'
      pragma:
      - no-cache
      server:
      - Microsoft-HTTPAPI/2.0
      - Microsoft-HTTPAPI/2.0
      strict-transport-security:
      - max-age=31536000; includeSubDomains
      transfer-encoding:
      - chunked
      vary:
      - Accept-Encoding
      x-content-type-options:
      - nosniff
      x-ms-arm-service-request-id:
      - 8f6169c8-50f6-4a53-aff2-b427f5d3aeb3
    status:
      code: 200
      message: OK
- request:
    body: null
    headers:
      Accept:
      - application/json
      Accept-Encoding:
      - gzip, deflate
      CommandName:
      - vm show
      Connection:
      - keep-alive
      ParameterSetName:
      - -g -n
      User-Agent:
      - AZURECLI/2.20.0 azsdk-python-azure-mgmt-compute/19.0.0 Python/3.7.4 (Windows-10-10.0.19041-SP0)
    method: GET
    uri: https://management.azure.com/subscriptions/00000000-0000-0000-0000-000000000000/resourceGroups/cli_test_vmss_orchestration_mode_000001/providers/Microsoft.Compute/virtualMachines/vm1?api-version=2020-12-01
  response:
    body:
      string: "{\r\n  \"name\": \"vm1\",\r\n  \"id\": \"/subscriptions/00000000-0000-0000-0000-000000000000/resourceGroups/cli_test_vmss_orchestration_mode_000001/providers/Microsoft.Compute/virtualMachines/vm1\",\r\n
        \ \"type\": \"Microsoft.Compute/virtualMachines\",\r\n  \"location\": \"westus\",\r\n
        \ \"tags\": {},\r\n  \"properties\": {\r\n    \"vmId\": \"a3ea45b2-fa2e-416c-bac6-ff8d2241c4c9\",\r\n
        \   \"virtualMachineScaleSet\": {\r\n      \"id\": \"/subscriptions/00000000-0000-0000-0000-000000000000/resourceGroups/cli_test_vmss_orchestration_mode_000001/providers/Microsoft.Compute/virtualMachineScaleSets/vmss1\"\r\n
        \   },\r\n    \"platformFaultDomain\": 0,\r\n    \"hardwareProfile\": {\r\n
        \     \"vmSize\": \"Standard_DS1_v2\"\r\n    },\r\n    \"storageProfile\":
        {\r\n      \"imageReference\": {\r\n        \"publisher\": \"OpenLogic\",\r\n
        \       \"offer\": \"CentOS\",\r\n        \"sku\": \"7.5\",\r\n        \"version\":
        \"latest\",\r\n        \"exactVersion\": \"7.5.201808150\"\r\n      },\r\n
        \     \"osDisk\": {\r\n        \"osType\": \"Linux\",\r\n        \"name\":
        \"vm1_OsDisk_1_ef0ac0180aaa4d54866b510edc9bbd3d\",\r\n        \"createOption\":
        \"FromImage\",\r\n        \"caching\": \"ReadWrite\",\r\n        \"managedDisk\":
        {\r\n          \"storageAccountType\": \"Premium_LRS\",\r\n          \"id\":
        \"/subscriptions/00000000-0000-0000-0000-000000000000/resourceGroups/cli_test_vmss_orchestration_mode_000001/providers/Microsoft.Compute/disks/vm1_OsDisk_1_ef0ac0180aaa4d54866b510edc9bbd3d\"\r\n
        \       },\r\n        \"diskSizeGB\": 30\r\n      },\r\n      \"dataDisks\":
        []\r\n    },\r\n    \"osProfile\": {\r\n      \"computerName\": \"vm1\",\r\n
        \     \"adminUsername\": \"fey\",\r\n      \"linuxConfiguration\": {\r\n        \"disablePasswordAuthentication\":
        true,\r\n        \"ssh\": {\r\n          \"publicKeys\": [\r\n            {\r\n
        \             \"path\": \"/home/fey/.ssh/authorized_keys\",\r\n              \"keyData\":
        \"ssh-rsa AAAAB3NzaC1yc2EAAAADAQABAAABAQDmzXeK++L20uMK/Ug5wpjnWWyMlHoecEOxyHueHc1gPDj8qgLChiHt1OWJ1sDjiqBJ+hEEwZLjN8lCmUvWzzrl20d7M/BVp1ejulE/zr999kWuY3m5+FpAkbbxeO9LWoafwOir9dPzIOjDGdPWKbgHr3SerOHAuvVdXJDhWHtW5lB/MEnrxi48Pz/8k1lD1YccUAI6zDgKVJPBEk9fWMW8H0hKYsRXmlxdtg2npBQK7kbmcB2NJPEhTVgxVPqSaBVAt2lOCC/QQvAXcoD0lJGujp1IVYqSUarS5RnrYEDZ9Q6EKduWrP0GFkFkF8YzpFe+BRFaV8bLJrvZN43vgzRj
        fey@DESKTOP-ARGPJS4\\n\"\r\n            }\r\n          ]\r\n        },\r\n
        \       \"provisionVMAgent\": true,\r\n        \"patchSettings\": {\r\n          \"patchMode\":
        \"ImageDefault\"\r\n        }\r\n      },\r\n      \"secrets\": [],\r\n      \"allowExtensionOperations\":
        true,\r\n      \"requireGuestProvisionSignal\": true\r\n    },\r\n    \"networkProfile\":
        {\"networkInterfaces\":[{\"id\":\"/subscriptions/00000000-0000-0000-0000-000000000000/resourceGroups/cli_test_vmss_orchestration_mode_000001/providers/Microsoft.Network/networkInterfaces/vm1VMNic\"}]},\r\n
        \   \"provisioningState\": \"Succeeded\"\r\n  }\r\n}"
    headers:
      cache-control:
      - no-cache
      content-length:
      - '2823'
      content-type:
      - application/json; charset=utf-8
      date:
      - Fri, 05 Mar 2021 07:03:24 GMT
      expires:
      - '-1'
      pragma:
      - no-cache
      server:
      - Microsoft-HTTPAPI/2.0
      - Microsoft-HTTPAPI/2.0
      strict-transport-security:
      - max-age=31536000; includeSubDomains
      transfer-encoding:
      - chunked
      vary:
      - Accept-Encoding
      x-content-type-options:
      - nosniff
      x-ms-ratelimit-remaining-resource:
      - Microsoft.Compute/LowCostGet3Min;3992,Microsoft.Compute/LowCostGet30Min;31947
    status:
      code: 200
      message: OK
version: 1
