interactions:
- request:
    body: null
    headers:
      Accept:
      - application/json
      Accept-Encoding:
      - gzip, deflate
      CommandName:
      - vmss create
      Connection:
      - keep-alive
      ParameterSetName:
      - -g -n --image --authentication-type --admin-username --admin-password --instance-count
      User-Agent:
      - python/3.7.4 (Windows-10-10.0.18362-SP0) msrest/0.6.9 msrest_azure/0.6.3 azure-mgmt-resource/10.0.0
        Azure-SDK-For-Python AZURECLI/2.8.0
      accept-language:
      - en-US
    method: GET
    uri: https://management.azure.com/subscriptions/00000000-0000-0000-0000-000000000000/resourcegroups/cli_test_vmss_vms000001?api-version=2019-07-01
  response:
    body:
      string: '{"id":"/subscriptions/00000000-0000-0000-0000-000000000000/resourceGroups/cli_test_vmss_vms000001","name":"cli_test_vmss_vms000001","type":"Microsoft.Resources/resourceGroups","location":"westus","tags":{"product":"azurecli","cause":"automation","date":"2020-07-09T07:11:41Z"},"properties":{"provisioningState":"Succeeded"}}'
    headers:
      cache-control:
      - no-cache
      content-length:
      - '428'
      content-type:
      - application/json; charset=utf-8
      date:
      - Thu, 09 Jul 2020 07:11:42 GMT
      expires:
      - '-1'
      pragma:
      - no-cache
      strict-transport-security:
      - max-age=31536000; includeSubDomains
      vary:
      - Accept-Encoding
      x-content-type-options:
      - nosniff
    status:
      code: 200
      message: OK
- request:
    body: null
    headers:
      Accept:
      - '*/*'
      Accept-Encoding:
      - gzip, deflate
      Connection:
      - keep-alive
      User-Agent:
      - python-requests/2.22.0
    method: GET
    uri: https://raw.githubusercontent.com/Azure/azure-rest-api-specs/master/arm-compute/quickstart-templates/aliases.json
  response:
    body:
      string: "{\n  \"$schema\": \"http://schema.management.azure.com/schemas/2015-01-01/deploymentTemplate.json\",\n
        \ \"contentVersion\": \"1.0.0.0\",\n  \"parameters\": {},\n  \"variables\":
        {},\n  \"resources\": [],\n  \"outputs\": {\n    \"aliases\": {\n      \"type\":
        \"object\",\n      \"value\": {\n        \"Linux\": {\n          \"CentOS\":
        {\n            \"publisher\": \"OpenLogic\",\n            \"offer\": \"CentOS\",\n
        \           \"sku\": \"7.5\",\n            \"version\": \"latest\"\n          },\n
        \         \"CoreOS\": {\n            \"publisher\": \"CoreOS\",\n            \"offer\":
        \"CoreOS\",\n            \"sku\": \"Stable\",\n            \"version\": \"latest\"\n
        \         },\n          \"Debian\": {\n            \"publisher\": \"Debian\",\n
        \           \"offer\": \"debian-10\",\n            \"sku\": \"10\",\n            \"version\":
        \"latest\"\n          },\n          \"openSUSE-Leap\": {\n            \"publisher\":
        \"SUSE\",\n            \"offer\": \"openSUSE-Leap\",\n            \"sku\":
        \"42.3\",\n            \"version\": \"latest\"\n          },\n          \"RHEL\":
        {\n            \"publisher\": \"RedHat\",\n            \"offer\": \"RHEL\",\n
        \           \"sku\": \"7-LVM\",\n            \"version\": \"latest\"\n          },\n
        \         \"SLES\": {\n            \"publisher\": \"SUSE\",\n            \"offer\":
        \"SLES\",\n            \"sku\": \"15\",\n            \"version\": \"latest\"\n
        \         },\n          \"UbuntuLTS\": {\n            \"publisher\": \"Canonical\",\n
        \           \"offer\": \"UbuntuServer\",\n            \"sku\": \"18.04-LTS\",\n
        \           \"version\": \"latest\"\n          }\n        },\n        \"Windows\":
        {\n          \"Win2019Datacenter\": {\n            \"publisher\": \"MicrosoftWindowsServer\",\n
        \           \"offer\": \"WindowsServer\",\n            \"sku\": \"2019-Datacenter\",\n
        \           \"version\": \"latest\"\n          },\n          \"Win2016Datacenter\":
        {\n            \"publisher\": \"MicrosoftWindowsServer\",\n            \"offer\":
        \"WindowsServer\",\n            \"sku\": \"2016-Datacenter\",\n            \"version\":
        \"latest\"\n          },\n          \"Win2012R2Datacenter\": {\n            \"publisher\":
        \"MicrosoftWindowsServer\",\n            \"offer\": \"WindowsServer\",\n            \"sku\":
        \"2012-R2-Datacenter\",\n            \"version\": \"latest\"\n          },\n
        \         \"Win2012Datacenter\": {\n            \"publisher\": \"MicrosoftWindowsServer\",\n
        \           \"offer\": \"WindowsServer\",\n            \"sku\": \"2012-Datacenter\",\n
        \           \"version\": \"latest\"\n          },\n          \"Win2008R2SP1\":
        {\n            \"publisher\": \"MicrosoftWindowsServer\",\n            \"offer\":
        \"WindowsServer\",\n            \"sku\": \"2008-R2-SP1\",\n            \"version\":
        \"latest\"\n          }\n        }\n      }\n    }\n  }\n}\n"
    headers:
      accept-ranges:
      - bytes
      access-control-allow-origin:
      - '*'
      cache-control:
      - max-age=300
      connection:
      - keep-alive
      content-length:
      - '2501'
      content-security-policy:
      - default-src 'none'; style-src 'unsafe-inline'; sandbox
      content-type:
      - text/plain; charset=utf-8
      date:
      - Thu, 09 Jul 2020 07:11:44 GMT
      etag:
      - W/"540044b4084c3c314537f1baa1770f248628b2bc9ba0328f1004c33862e049da"
      expires:
      - Thu, 09 Jul 2020 07:16:44 GMT
      source-age:
      - '170'
      strict-transport-security:
      - max-age=31536000
      vary:
      - Authorization,Accept-Encoding, Accept-Encoding
      via:
      - 1.1 varnish (Varnish/6.0)
      - 1.1 varnish
      x-cache:
      - HIT, HIT
      x-cache-hits:
      - 1, 1
      x-content-type-options:
      - nosniff
      x-fastly-request-id:
      - f9acc05ba48a778ace07ae903c0b0061ae6b621d
      x-frame-options:
      - deny
      x-github-request-id:
      - FD6E:7FA4:805C:C4A1:5F06C19B
      x-served-by:
      - cache-sin18041-SIN
      x-timer:
      - S1594278704.064467,VS0,VE3
      x-xss-protection:
      - 1; mode=block
    status:
      code: 200
      message: OK
- request:
    body: null
    headers:
      Accept:
      - application/json
      Accept-Encoding:
      - gzip, deflate
      CommandName:
      - vmss create
      Connection:
      - keep-alive
      ParameterSetName:
      - -g -n --image --authentication-type --admin-username --admin-password --instance-count
      User-Agent:
      - python/3.7.4 (Windows-10-10.0.18362-SP0) msrest/0.6.9 msrest_azure/0.6.3 azure-mgmt-network/11.0.0
        Azure-SDK-For-Python AZURECLI/2.8.0
      accept-language:
      - en-US
    method: GET
    uri: https://management.azure.com/subscriptions/00000000-0000-0000-0000-000000000000/resourceGroups/cli_test_vmss_vms000001/providers/Microsoft.Network/virtualNetworks?api-version=2018-01-01
  response:
    body:
      string: '{"value":[]}'
    headers:
      cache-control:
      - no-cache
      content-length:
      - '12'
      content-type:
      - application/json; charset=utf-8
      date:
      - Thu, 09 Jul 2020 07:11:44 GMT
      expires:
      - '-1'
      pragma:
      - no-cache
      strict-transport-security:
      - max-age=31536000; includeSubDomains
      vary:
      - Accept-Encoding
      x-content-type-options:
      - nosniff
    status:
      code: 200
      message: OK
- request:
    body: 'b''{"properties": {"template": {"$schema": "https://schema.management.azure.com/schemas/2015-01-01/deploymentTemplate.json#",
      "contentVersion": "1.0.0.0", "parameters": {"adminPassword": {"type": "securestring",
      "metadata": {"description": "Secure adminPassword"}}}, "variables": {}, "resources":
      [{"name": "vmss1VNET", "type": "Microsoft.Network/virtualNetworks", "location":
      "westus", "apiVersion": "2015-06-15", "dependsOn": [], "tags": {}, "properties":
      {"addressSpace": {"addressPrefixes": ["10.0.0.0/16"]}, "subnets": [{"name":
      "vmss1Subnet", "properties": {"addressPrefix": "10.0.0.0/24"}}]}}, {"apiVersion":
      "2018-01-01", "type": "Microsoft.Network/publicIPAddresses", "name": "vmss1LBPublicIP",
      "location": "westus", "tags": {}, "dependsOn": [], "properties": {"publicIPAllocationMethod":
      "Dynamic"}}, {"type": "Microsoft.Network/loadBalancers", "name": "vmss1LB",
      "location": "westus", "tags": {}, "apiVersion": "2018-01-01", "dependsOn": ["Microsoft.Network/virtualNetworks/vmss1VNET",
      "Microsoft.Network/publicIpAddresses/vmss1LBPublicIP"], "properties": {"backendAddressPools":
      [{"name": "vmss1LBBEPool"}], "inboundNatPools": [{"name": "vmss1LBNatPool",
      "properties": {"frontendIPConfiguration": {"id": "[concat(resourceId(\''Microsoft.Network/loadBalancers\'',
      \''vmss1LB\''), \''/frontendIPConfigurations/\'', \''loadBalancerFrontEnd\'')]"},
      "protocol": "tcp", "frontendPortRangeStart": "50000", "frontendPortRangeEnd":
      "50119", "backendPort": 22}}], "frontendIPConfigurations": [{"name": "loadBalancerFrontEnd",
      "properties": {"publicIPAddress": {"id": "/subscriptions/00000000-0000-0000-0000-000000000000/resourceGroups/cli_test_vmss_vms000001/providers/Microsoft.Network/publicIPAddresses/vmss1LBPublicIP"}}}]}},
      {"type": "Microsoft.Compute/virtualMachineScaleSets", "name": "vmss1", "location":
      "westus", "tags": {}, "apiVersion": "2020-06-01", "dependsOn": ["Microsoft.Network/virtualNetworks/vmss1VNET",
      "Microsoft.Network/loadBalancers/vmss1LB"], "sku": {"name": "Standard_DS1_v2",
      "capacity": 2}, "properties": {"overprovision": true, "upgradePolicy": {"mode":
      "manual"}, "virtualMachineProfile": {"storageProfile": {"osDisk": {"createOption":
      "FromImage", "caching": "ReadWrite", "managedDisk": {"storageAccountType": null}},
      "imageReference": {"publisher": "Canonical", "offer": "UbuntuServer", "sku":
      "18.04-LTS", "version": "latest"}}, "networkProfile": {"networkInterfaceConfigurations":
      [{"name": "vmss1b774Nic", "properties": {"primary": "true", "ipConfigurations":
      [{"name": "vmss1b774IPConfig", "properties": {"subnet": {"id": "/subscriptions/00000000-0000-0000-0000-000000000000/resourceGroups/cli_test_vmss_vms000001/providers/Microsoft.Network/virtualNetworks/vmss1VNET/subnets/vmss1Subnet"},
      "loadBalancerBackendAddressPools": [{"id": "/subscriptions/00000000-0000-0000-0000-000000000000/resourceGroups/cli_test_vmss_vms000001/providers/Microsoft.Network/loadBalancers/vmss1LB/backendAddressPools/vmss1LBBEPool"}],
      "loadBalancerInboundNatPools": [{"id": "/subscriptions/00000000-0000-0000-0000-000000000000/resourceGroups/cli_test_vmss_vms000001/providers/Microsoft.Network/loadBalancers/vmss1LB/inboundNatPools/vmss1LBNatPool"}]}}]}}]},
      "osProfile": {"computerNamePrefix": "vmss1b774", "adminUsername": "admin123",
      "adminPassword": "[parameters(\''adminPassword\'')]"}}, "singlePlacementGroup":
      null}}], "outputs": {"VMSS": {"type": "object", "value": "[reference(resourceId(\''Microsoft.Compute/virtualMachineScaleSets\'',
      \''vmss1\''),providers(\''Microsoft.Compute\'', \''virtualMachineScaleSets\'').apiVersions[0])]"}}},
      "parameters": {"adminPassword": {"value": "TestTest12#$"}}, "mode": "Incremental"}}'''
    headers:
      Accept:
      - application/json
      Accept-Encoding:
      - gzip, deflate
      CommandName:
      - vmss create
      Connection:
      - keep-alive
      Content-Length:
      - '3814'
      Content-Type:
      - application/json; charset=utf-8
      ParameterSetName:
      - -g -n --image --authentication-type --admin-username --admin-password --instance-count
      User-Agent:
      - python/3.7.4 (Windows-10-10.0.18362-SP0) msrest/0.6.9 msrest_azure/0.6.3 azure-mgmt-resource/10.0.0
        Azure-SDK-For-Python AZURECLI/2.8.0
      accept-language:
      - en-US
    method: PUT
    uri: https://management.azure.com/subscriptions/00000000-0000-0000-0000-000000000000/resourcegroups/cli_test_vmss_vms000001/providers/Microsoft.Resources/deployments/mock-deployment?api-version=2019-07-01
  response:
    body:
      string: '{"id":"/subscriptions/00000000-0000-0000-0000-000000000000/resourceGroups/cli_test_vmss_vms000001/providers/Microsoft.Resources/deployments/vmss_deploy_f5Abdo6upkwSfQmzdY3nQzmlNStjDoxo","name":"vmss_deploy_f5Abdo6upkwSfQmzdY3nQzmlNStjDoxo","type":"Microsoft.Resources/deployments","properties":{"templateHash":"3596626751723688585","parameters":{"adminPassword":{"type":"SecureString"}},"mode":"Incremental","provisioningState":"Accepted","timestamp":"2020-07-09T07:11:49.4261919Z","duration":"PT2.8690881S","correlationId":"26d084c2-a84f-43b0-a14e-822adace01f2","providers":[{"namespace":"Microsoft.Network","resourceTypes":[{"resourceType":"virtualNetworks","locations":["westus"]},{"resourceType":"publicIPAddresses","locations":["westus"]},{"resourceType":"loadBalancers","locations":["westus"]}]},{"namespace":"Microsoft.Compute","resourceTypes":[{"resourceType":"virtualMachineScaleSets","locations":["westus"]}]}],"dependencies":[{"dependsOn":[{"id":"/subscriptions/00000000-0000-0000-0000-000000000000/resourceGroups/cli_test_vmss_vms000001/providers/Microsoft.Network/virtualNetworks/vmss1VNET","resourceType":"Microsoft.Network/virtualNetworks","resourceName":"vmss1VNET"},{"id":"/subscriptions/00000000-0000-0000-0000-000000000000/resourceGroups/cli_test_vmss_vms000001/providers/Microsoft.Network/publicIPAddresses/vmss1LBPublicIP","resourceType":"Microsoft.Network/publicIPAddresses","resourceName":"vmss1LBPublicIP"}],"id":"/subscriptions/00000000-0000-0000-0000-000000000000/resourceGroups/cli_test_vmss_vms000001/providers/Microsoft.Network/loadBalancers/vmss1LB","resourceType":"Microsoft.Network/loadBalancers","resourceName":"vmss1LB"},{"dependsOn":[{"id":"/subscriptions/00000000-0000-0000-0000-000000000000/resourceGroups/cli_test_vmss_vms000001/providers/Microsoft.Network/virtualNetworks/vmss1VNET","resourceType":"Microsoft.Network/virtualNetworks","resourceName":"vmss1VNET"},{"id":"/subscriptions/00000000-0000-0000-0000-000000000000/resourceGroups/cli_test_vmss_vms000001/providers/Microsoft.Network/loadBalancers/vmss1LB","resourceType":"Microsoft.Network/loadBalancers","resourceName":"vmss1LB"}],"id":"/subscriptions/00000000-0000-0000-0000-000000000000/resourceGroups/cli_test_vmss_vms000001/providers/Microsoft.Compute/virtualMachineScaleSets/vmss1","resourceType":"Microsoft.Compute/virtualMachineScaleSets","resourceName":"vmss1"}]}}'
    headers:
      azure-asyncoperation:
      - https://management.azure.com/subscriptions/00000000-0000-0000-0000-000000000000/resourcegroups/cli_test_vmss_vms000001/providers/Microsoft.Resources/deployments/vmss_deploy_f5Abdo6upkwSfQmzdY3nQzmlNStjDoxo/operationStatuses/08586073281789205279?api-version=2019-07-01
      cache-control:
      - no-cache
      content-length:
      - '2731'
      content-type:
      - application/json; charset=utf-8
      date:
      - Thu, 09 Jul 2020 07:11:50 GMT
      expires:
      - '-1'
      pragma:
      - no-cache
      strict-transport-security:
      - max-age=31536000; includeSubDomains
      x-content-type-options:
      - nosniff
      x-ms-ratelimit-remaining-subscription-writes:
      - '1194'
    status:
      code: 201
      message: Created
- request:
    body: null
    headers:
      Accept:
      - application/json
      Accept-Encoding:
      - gzip, deflate
      CommandName:
      - vmss create
      Connection:
      - keep-alive
      ParameterSetName:
      - -g -n --image --authentication-type --admin-username --admin-password --instance-count
      User-Agent:
      - python/3.7.4 (Windows-10-10.0.18362-SP0) msrest/0.6.9 msrest_azure/0.6.3 azure-mgmt-resource/10.0.0
        Azure-SDK-For-Python AZURECLI/2.8.0
    method: GET
    uri: https://management.azure.com/subscriptions/00000000-0000-0000-0000-000000000000/resourcegroups/cli_test_vmss_vms000001/providers/Microsoft.Resources/deployments/mock-deployment/operationStatuses/08586073281789205279?api-version=2019-07-01
  response:
    body:
      string: '{"status":"Running"}'
    headers:
      cache-control:
      - no-cache
      content-length:
      - '20'
      content-type:
      - application/json; charset=utf-8
      date:
      - Thu, 09 Jul 2020 07:12:22 GMT
      expires:
      - '-1'
      pragma:
      - no-cache
      strict-transport-security:
      - max-age=31536000; includeSubDomains
      vary:
      - Accept-Encoding
      x-content-type-options:
      - nosniff
    status:
      code: 200
      message: OK
- request:
    body: null
    headers:
      Accept:
      - application/json
      Accept-Encoding:
      - gzip, deflate
      CommandName:
      - vmss create
      Connection:
      - keep-alive
      ParameterSetName:
      - -g -n --image --authentication-type --admin-username --admin-password --instance-count
      User-Agent:
      - python/3.7.4 (Windows-10-10.0.18362-SP0) msrest/0.6.9 msrest_azure/0.6.3 azure-mgmt-resource/10.0.0
        Azure-SDK-For-Python AZURECLI/2.8.0
    method: GET
    uri: https://management.azure.com/subscriptions/00000000-0000-0000-0000-000000000000/resourcegroups/cli_test_vmss_vms000001/providers/Microsoft.Resources/deployments/mock-deployment/operationStatuses/08586073281789205279?api-version=2019-07-01
  response:
    body:
      string: '{"status":"Running"}'
    headers:
      cache-control:
      - no-cache
      content-length:
      - '20'
      content-type:
      - application/json; charset=utf-8
      date:
      - Thu, 09 Jul 2020 07:12:51 GMT
      expires:
      - '-1'
      pragma:
      - no-cache
      strict-transport-security:
      - max-age=31536000; includeSubDomains
      vary:
      - Accept-Encoding
      x-content-type-options:
      - nosniff
    status:
      code: 200
      message: OK
- request:
    body: null
    headers:
      Accept:
      - application/json
      Accept-Encoding:
      - gzip, deflate
      CommandName:
      - vmss create
      Connection:
      - keep-alive
      ParameterSetName:
      - -g -n --image --authentication-type --admin-username --admin-password --instance-count
      User-Agent:
      - python/3.7.4 (Windows-10-10.0.18362-SP0) msrest/0.6.9 msrest_azure/0.6.3 azure-mgmt-resource/10.0.0
        Azure-SDK-For-Python AZURECLI/2.8.0
    method: GET
    uri: https://management.azure.com/subscriptions/00000000-0000-0000-0000-000000000000/resourcegroups/cli_test_vmss_vms000001/providers/Microsoft.Resources/deployments/mock-deployment/operationStatuses/08586073281789205279?api-version=2019-07-01
  response:
    body:
      string: '{"status":"Running"}'
    headers:
      cache-control:
      - no-cache
      content-length:
      - '20'
      content-type:
      - application/json; charset=utf-8
      date:
      - Thu, 09 Jul 2020 07:13:23 GMT
      expires:
      - '-1'
      pragma:
      - no-cache
      strict-transport-security:
      - max-age=31536000; includeSubDomains
      vary:
      - Accept-Encoding
      x-content-type-options:
      - nosniff
    status:
      code: 200
      message: OK
- request:
    body: null
    headers:
      Accept:
      - application/json
      Accept-Encoding:
      - gzip, deflate
      CommandName:
      - vmss create
      Connection:
      - keep-alive
      ParameterSetName:
      - -g -n --image --authentication-type --admin-username --admin-password --instance-count
      User-Agent:
      - python/3.7.4 (Windows-10-10.0.18362-SP0) msrest/0.6.9 msrest_azure/0.6.3 azure-mgmt-resource/10.0.0
        Azure-SDK-For-Python AZURECLI/2.8.0
    method: GET
    uri: https://management.azure.com/subscriptions/00000000-0000-0000-0000-000000000000/resourcegroups/cli_test_vmss_vms000001/providers/Microsoft.Resources/deployments/mock-deployment/operationStatuses/08586073281789205279?api-version=2019-07-01
  response:
    body:
      string: '{"status":"Running"}'
    headers:
      cache-control:
      - no-cache
      content-length:
      - '20'
      content-type:
      - application/json; charset=utf-8
      date:
      - Thu, 09 Jul 2020 07:13:53 GMT
      expires:
      - '-1'
      pragma:
      - no-cache
      strict-transport-security:
      - max-age=31536000; includeSubDomains
      vary:
      - Accept-Encoding
      x-content-type-options:
      - nosniff
    status:
      code: 200
      message: OK
- request:
    body: null
    headers:
      Accept:
      - application/json
      Accept-Encoding:
      - gzip, deflate
      CommandName:
      - vmss create
      Connection:
      - keep-alive
      ParameterSetName:
      - -g -n --image --authentication-type --admin-username --admin-password --instance-count
      User-Agent:
      - python/3.7.4 (Windows-10-10.0.18362-SP0) msrest/0.6.9 msrest_azure/0.6.3 azure-mgmt-resource/10.0.0
        Azure-SDK-For-Python AZURECLI/2.8.0
    method: GET
    uri: https://management.azure.com/subscriptions/00000000-0000-0000-0000-000000000000/resourcegroups/cli_test_vmss_vms000001/providers/Microsoft.Resources/deployments/mock-deployment/operationStatuses/08586073281789205279?api-version=2019-07-01
  response:
    body:
      string: '{"status":"Succeeded"}'
    headers:
      cache-control:
      - no-cache
      content-length:
      - '22'
      content-type:
      - application/json; charset=utf-8
      date:
      - Thu, 09 Jul 2020 07:14:23 GMT
      expires:
      - '-1'
      pragma:
      - no-cache
      strict-transport-security:
      - max-age=31536000; includeSubDomains
      vary:
      - Accept-Encoding
      x-content-type-options:
      - nosniff
    status:
      code: 200
      message: OK
- request:
    body: null
    headers:
      Accept:
      - application/json
      Accept-Encoding:
      - gzip, deflate
      CommandName:
      - vmss create
      Connection:
      - keep-alive
      ParameterSetName:
      - -g -n --image --authentication-type --admin-username --admin-password --instance-count
      User-Agent:
      - python/3.7.4 (Windows-10-10.0.18362-SP0) msrest/0.6.9 msrest_azure/0.6.3 azure-mgmt-resource/10.0.0
        Azure-SDK-For-Python AZURECLI/2.8.0
    method: GET
    uri: https://management.azure.com/subscriptions/00000000-0000-0000-0000-000000000000/resourcegroups/cli_test_vmss_vms000001/providers/Microsoft.Resources/deployments/mock-deployment?api-version=2019-07-01
  response:
    body:
      string: '{"id":"/subscriptions/00000000-0000-0000-0000-000000000000/resourceGroups/cli_test_vmss_vms000001/providers/Microsoft.Resources/deployments/vmss_deploy_f5Abdo6upkwSfQmzdY3nQzmlNStjDoxo","name":"vmss_deploy_f5Abdo6upkwSfQmzdY3nQzmlNStjDoxo","type":"Microsoft.Resources/deployments","properties":{"templateHash":"3596626751723688585","parameters":{"adminPassword":{"type":"SecureString"}},"mode":"Incremental","provisioningState":"Succeeded","timestamp":"2020-07-09T07:13:57.9885574Z","duration":"PT2M11.4314536S","correlationId":"26d084c2-a84f-43b0-a14e-822adace01f2","providers":[{"namespace":"Microsoft.Network","resourceTypes":[{"resourceType":"virtualNetworks","locations":["westus"]},{"resourceType":"publicIPAddresses","locations":["westus"]},{"resourceType":"loadBalancers","locations":["westus"]}]},{"namespace":"Microsoft.Compute","resourceTypes":[{"resourceType":"virtualMachineScaleSets","locations":["westus"]}]}],"dependencies":[{"dependsOn":[{"id":"/subscriptions/00000000-0000-0000-0000-000000000000/resourceGroups/cli_test_vmss_vms000001/providers/Microsoft.Network/virtualNetworks/vmss1VNET","resourceType":"Microsoft.Network/virtualNetworks","resourceName":"vmss1VNET"},{"id":"/subscriptions/00000000-0000-0000-0000-000000000000/resourceGroups/cli_test_vmss_vms000001/providers/Microsoft.Network/publicIPAddresses/vmss1LBPublicIP","resourceType":"Microsoft.Network/publicIPAddresses","resourceName":"vmss1LBPublicIP"}],"id":"/subscriptions/00000000-0000-0000-0000-000000000000/resourceGroups/cli_test_vmss_vms000001/providers/Microsoft.Network/loadBalancers/vmss1LB","resourceType":"Microsoft.Network/loadBalancers","resourceName":"vmss1LB"},{"dependsOn":[{"id":"/subscriptions/00000000-0000-0000-0000-000000000000/resourceGroups/cli_test_vmss_vms000001/providers/Microsoft.Network/virtualNetworks/vmss1VNET","resourceType":"Microsoft.Network/virtualNetworks","resourceName":"vmss1VNET"},{"id":"/subscriptions/00000000-0000-0000-0000-000000000000/resourceGroups/cli_test_vmss_vms000001/providers/Microsoft.Network/loadBalancers/vmss1LB","resourceType":"Microsoft.Network/loadBalancers","resourceName":"vmss1LB"}],"id":"/subscriptions/00000000-0000-0000-0000-000000000000/resourceGroups/cli_test_vmss_vms000001/providers/Microsoft.Compute/virtualMachineScaleSets/vmss1","resourceType":"Microsoft.Compute/virtualMachineScaleSets","resourceName":"vmss1"}],"outputs":{"vmss":{"type":"Object","value":{"singlePlacementGroup":true,"upgradePolicy":{"mode":"Manual"},"virtualMachineProfile":{"osProfile":{"computerNamePrefix":"vmss1b774","adminUsername":"admin123","linuxConfiguration":{"disablePasswordAuthentication":false,"provisionVMAgent":true},"secrets":[],"allowExtensionOperations":true,"requireGuestProvisionSignal":true},"storageProfile":{"osDisk":{"createOption":"FromImage","caching":"ReadWrite","managedDisk":{"storageAccountType":"Premium_LRS"},"diskSizeGB":30},"imageReference":{"publisher":"Canonical","offer":"UbuntuServer","sku":"18.04-LTS","version":"latest"}},"networkProfile":{"networkInterfaceConfigurations":[{"name":"vmss1b774Nic","properties":{"primary":true,"enableAcceleratedNetworking":false,"dnsSettings":{"dnsServers":[]},"enableIPForwarding":false,"ipConfigurations":[{"name":"vmss1b774IPConfig","properties":{"subnet":{"id":"/subscriptions/00000000-0000-0000-0000-000000000000/resourceGroups/cli_test_vmss_vms000001/providers/Microsoft.Network/virtualNetworks/vmss1VNET/subnets/vmss1Subnet"},"privateIPAddressVersion":"IPv4","loadBalancerBackendAddressPools":[{"id":"/subscriptions/00000000-0000-0000-0000-000000000000/resourceGroups/cli_test_vmss_vms000001/providers/Microsoft.Network/loadBalancers/vmss1LB/backendAddressPools/vmss1LBBEPool"}],"loadBalancerInboundNatPools":[{"id":"/subscriptions/00000000-0000-0000-0000-000000000000/resourceGroups/cli_test_vmss_vms000001/providers/Microsoft.Network/loadBalancers/vmss1LB/inboundNatPools/vmss1LBNatPool"}]}}]}}]}},"provisioningState":"Succeeded","overprovision":true,"doNotRunExtensionsOnOverprovisionedVMs":false,"uniqueId":"9bc23237-1f3c-407a-b275-0a6723119cb4"}}},"outputResources":[{"id":"/subscriptions/00000000-0000-0000-0000-000000000000/resourceGroups/cli_test_vmss_vms000001/providers/Microsoft.Compute/virtualMachineScaleSets/vmss1"},{"id":"/subscriptions/00000000-0000-0000-0000-000000000000/resourceGroups/cli_test_vmss_vms000001/providers/Microsoft.Network/loadBalancers/vmss1LB"},{"id":"/subscriptions/00000000-0000-0000-0000-000000000000/resourceGroups/cli_test_vmss_vms000001/providers/Microsoft.Network/publicIPAddresses/vmss1LBPublicIP"},{"id":"/subscriptions/00000000-0000-0000-0000-000000000000/resourceGroups/cli_test_vmss_vms000001/providers/Microsoft.Network/virtualNetworks/vmss1VNET"}]}}'
    headers:
      cache-control:
      - no-cache
      content-length:
      - '5433'
      content-type:
      - application/json; charset=utf-8
      date:
      - Thu, 09 Jul 2020 07:14:24 GMT
      expires:
      - '-1'
      pragma:
      - no-cache
      strict-transport-security:
      - max-age=31536000; includeSubDomains
      vary:
      - Accept-Encoding
      x-content-type-options:
      - nosniff
    status:
      code: 200
      message: OK
- request:
    body: null
    headers:
      Accept:
      - application/json
      Accept-Encoding:
      - gzip, deflate
      CommandName:
      - vmss list-instances
      Connection:
      - keep-alive
      ParameterSetName:
      - --resource-group --name
      User-Agent:
      - python/3.7.4 (Windows-10-10.0.18362-SP0) msrest/0.6.9 msrest_azure/0.6.3 azure-mgmt-compute/13.0.0
        Azure-SDK-For-Python AZURECLI/2.8.0
      accept-language:
      - en-US
    method: GET
    uri: https://management.azure.com/subscriptions/00000000-0000-0000-0000-000000000000/resourceGroups/cli_test_vmss_vms000001/providers/Microsoft.Compute/virtualMachineScaleSets/vmss1/virtualMachines?api-version=2020-06-01
  response:
    body:
      string: "{\r\n  \"value\": [\r\n    {\r\n      \"name\": \"vmss1_0\",\r\n      \"id\":
        \"/subscriptions/00000000-0000-0000-0000-000000000000/resourceGroups/cli_test_vmss_vms000001/providers/Microsoft.Compute/virtualMachineScaleSets/vmss1/virtualMachines/0\",\r\n
        \     \"type\": \"Microsoft.Compute/virtualMachineScaleSets/virtualMachines\",\r\n
        \     \"location\": \"westus\",\r\n      \"tags\": {},\r\n      \"instanceId\":
        \"0\",\r\n      \"sku\": {\r\n        \"name\": \"Standard_DS1_v2\",\r\n        \"tier\":
        \"Standard\"\r\n      },\r\n      \"properties\": {\r\n        \"latestModelApplied\":
        true,\r\n        \"modelDefinitionApplied\": \"VirtualMachineScaleSet\",\r\n
        \       \"networkProfileConfiguration\": {\"networkInterfaceConfigurations\":[{\"name\":\"vmss1b774Nic\",\"properties\":{\"primary\":true,\"enableAcceleratedNetworking\":false,\"dnsSettings\":{\"dnsServers\":[]},\"enableIPForwarding\":false,\"ipConfigurations\":[{\"name\":\"vmss1b774IPConfig\",\"properties\":{\"subnet\":{\"id\":\"/subscriptions/00000000-0000-0000-0000-000000000000/resourceGroups/cli_test_vmss_vms000001/providers/Microsoft.Network/virtualNetworks/vmss1VNET/subnets/vmss1Subnet\"},\"privateIPAddressVersion\":\"IPv4\",\"loadBalancerBackendAddressPools\":[{\"id\":\"/subscriptions/00000000-0000-0000-0000-000000000000/resourceGroups/cli_test_vmss_vms000001/providers/Microsoft.Network/loadBalancers/vmss1LB/backendAddressPools/vmss1LBBEPool\"}],\"loadBalancerInboundNatPools\":[{\"id\":\"/subscriptions/00000000-0000-0000-0000-000000000000/resourceGroups/cli_test_vmss_vms000001/providers/Microsoft.Network/loadBalancers/vmss1LB/inboundNatPools/vmss1LBNatPool\"}]}}]}}]},\r\n
        \       \"vmId\": \"f64568bb-97e6-433c-ae50-e4705d2a179c\",\r\n        \"hardwareProfile\":
        {},\r\n        \"storageProfile\": {\r\n          \"imageReference\": {\r\n
        \           \"publisher\": \"Canonical\",\r\n            \"offer\": \"UbuntuServer\",\r\n
        \           \"sku\": \"18.04-LTS\",\r\n            \"version\": \"latest\",\r\n
        \           \"exactVersion\": \"18.04.202006101\"\r\n          },\r\n          \"osDisk\":
        {\r\n            \"osType\": \"Linux\",\r\n            \"name\": \"vmss1_vmss1_0_OsDisk_1_8af9b9f037614fc9a7c11c4be19c3661\",\r\n
        \           \"createOption\": \"FromImage\",\r\n            \"caching\": \"ReadWrite\",\r\n
        \           \"managedDisk\": {\r\n              \"storageAccountType\": \"Premium_LRS\",\r\n
        \             \"id\": \"/subscriptions/00000000-0000-0000-0000-000000000000/resourceGroups/CLI_TEST_VMSS_VMSPNOMA52YQ56EMAHLCCBOUQEUJTS26QPETRAVRXQ6GIZMNCXGHEMNYB7BTE/providers/Microsoft.Compute/disks/vmss1_vmss1_0_OsDisk_1_8af9b9f037614fc9a7c11c4be19c3661\"\r\n
        \           },\r\n            \"diskSizeGB\": 30\r\n          },\r\n          \"dataDisks\":
        []\r\n        },\r\n        \"osProfile\": {\r\n          \"computerName\":
        \"vmss1b774000000\",\r\n          \"adminUsername\": \"admin123\",\r\n          \"linuxConfiguration\":
        {\r\n            \"disablePasswordAuthentication\": false,\r\n            \"provisionVMAgent\":
        true\r\n          },\r\n          \"secrets\": [],\r\n          \"allowExtensionOperations\":
        true,\r\n          \"requireGuestProvisionSignal\": true\r\n        },\r\n
        \       \"networkProfile\": {\"networkInterfaces\":[{\"id\":\"/subscriptions/00000000-0000-0000-0000-000000000000/resourceGroups/cli_test_vmss_vms000001/providers/Microsoft.Compute/virtualMachineScaleSets/vmss1/virtualMachines/0/networkInterfaces/vmss1b774Nic\"}]},\r\n
        \       \"provisioningState\": \"Updating\"\r\n      }\r\n    },\r\n    {\r\n
        \     \"name\": \"vmss1_1\",\r\n      \"id\": \"/subscriptions/00000000-0000-0000-0000-000000000000/resourceGroups/cli_test_vmss_vms000001/providers/Microsoft.Compute/virtualMachineScaleSets/vmss1/virtualMachines/1\",\r\n
        \     \"type\": \"Microsoft.Compute/virtualMachineScaleSets/virtualMachines\",\r\n
        \     \"location\": \"westus\",\r\n      \"tags\": {},\r\n      \"instanceId\":
        \"1\",\r\n      \"sku\": {\r\n        \"name\": \"Standard_DS1_v2\",\r\n        \"tier\":
        \"Standard\"\r\n      },\r\n      \"properties\": {\r\n        \"latestModelApplied\":
        true,\r\n        \"modelDefinitionApplied\": \"VirtualMachineScaleSet\",\r\n
        \       \"networkProfileConfiguration\": {\"networkInterfaceConfigurations\":[{\"name\":\"vmss1b774Nic\",\"properties\":{\"primary\":true,\"enableAcceleratedNetworking\":false,\"dnsSettings\":{\"dnsServers\":[]},\"enableIPForwarding\":false,\"ipConfigurations\":[{\"name\":\"vmss1b774IPConfig\",\"properties\":{\"subnet\":{\"id\":\"/subscriptions/00000000-0000-0000-0000-000000000000/resourceGroups/cli_test_vmss_vms000001/providers/Microsoft.Network/virtualNetworks/vmss1VNET/subnets/vmss1Subnet\"},\"privateIPAddressVersion\":\"IPv4\",\"loadBalancerBackendAddressPools\":[{\"id\":\"/subscriptions/00000000-0000-0000-0000-000000000000/resourceGroups/cli_test_vmss_vms000001/providers/Microsoft.Network/loadBalancers/vmss1LB/backendAddressPools/vmss1LBBEPool\"}],\"loadBalancerInboundNatPools\":[{\"id\":\"/subscriptions/00000000-0000-0000-0000-000000000000/resourceGroups/cli_test_vmss_vms000001/providers/Microsoft.Network/loadBalancers/vmss1LB/inboundNatPools/vmss1LBNatPool\"}]}}]}}]},\r\n
        \       \"vmId\": \"2c27bc96-76bb-4d29-ab2c-4aff67523295\",\r\n        \"hardwareProfile\":
        {},\r\n        \"storageProfile\": {\r\n          \"imageReference\": {\r\n
        \           \"publisher\": \"Canonical\",\r\n            \"offer\": \"UbuntuServer\",\r\n
        \           \"sku\": \"18.04-LTS\",\r\n            \"version\": \"latest\",\r\n
        \           \"exactVersion\": \"18.04.202006101\"\r\n          },\r\n          \"osDisk\":
        {\r\n            \"osType\": \"Linux\",\r\n            \"name\": \"vmss1_vmss1_1_OsDisk_1_ec15d08fffac4834a516f636d76bfefe\",\r\n
        \           \"createOption\": \"FromImage\",\r\n            \"caching\": \"ReadWrite\",\r\n
        \           \"managedDisk\": {\r\n              \"storageAccountType\": \"Premium_LRS\",\r\n
        \             \"id\": \"/subscriptions/00000000-0000-0000-0000-000000000000/resourceGroups/CLI_TEST_VMSS_VMSPNOMA52YQ56EMAHLCCBOUQEUJTS26QPETRAVRXQ6GIZMNCXGHEMNYB7BTE/providers/Microsoft.Compute/disks/vmss1_vmss1_1_OsDisk_1_ec15d08fffac4834a516f636d76bfefe\"\r\n
        \           },\r\n            \"diskSizeGB\": 30\r\n          },\r\n          \"dataDisks\":
        []\r\n        },\r\n        \"osProfile\": {\r\n          \"computerName\":
        \"vmss1b774000001\",\r\n          \"adminUsername\": \"admin123\",\r\n          \"linuxConfiguration\":
        {\r\n            \"disablePasswordAuthentication\": false,\r\n            \"provisionVMAgent\":
        true\r\n          },\r\n          \"secrets\": [],\r\n          \"allowExtensionOperations\":
        true,\r\n          \"requireGuestProvisionSignal\": true\r\n        },\r\n
        \       \"networkProfile\": {\"networkInterfaces\":[{\"id\":\"/subscriptions/00000000-0000-0000-0000-000000000000/resourceGroups/cli_test_vmss_vms000001/providers/Microsoft.Compute/virtualMachineScaleSets/vmss1/virtualMachines/1/networkInterfaces/vmss1b774Nic\"}]},\r\n
        \       \"provisioningState\": \"Updating\"\r\n      }\r\n    }\r\n  ]\r\n}"
    headers:
      cache-control:
      - no-cache
      content-length:
      - '6982'
      content-type:
      - application/json; charset=utf-8
      date:
      - Thu, 09 Jul 2020 07:14:25 GMT
      expires:
      - '-1'
      pragma:
      - no-cache
      server:
      - Microsoft-HTTPAPI/2.0
      - Microsoft-HTTPAPI/2.0
      strict-transport-security:
      - max-age=31536000; includeSubDomains
      transfer-encoding:
      - chunked
      vary:
      - Accept-Encoding
      x-content-type-options:
      - nosniff
      x-ms-ratelimit-remaining-resource:
      - Microsoft.Compute/HighCostGetVMScaleSet3Min;165,Microsoft.Compute/HighCostGetVMScaleSet30Min;857,Microsoft.Compute/VMScaleSetVMViews3Min;4971
      x-ms-request-charge:
      - '4'
    status:
      code: 200
      message: OK
- request:
    body: null
    headers:
      Accept:
      - application/json
      Accept-Encoding:
      - gzip, deflate
      CommandName:
      - vmss show
      Connection:
      - keep-alive
      ParameterSetName:
      - --resource-group --name --instance-id
      User-Agent:
      - python/3.7.4 (Windows-10-10.0.18362-SP0) msrest/0.6.9 msrest_azure/0.6.3 azure-mgmt-compute/13.0.0
        Azure-SDK-For-Python AZURECLI/2.8.0
      accept-language:
      - en-US
    method: GET
    uri: https://management.azure.com/subscriptions/00000000-0000-0000-0000-000000000000/resourceGroups/cli_test_vmss_vms000001/providers/Microsoft.Compute/virtualMachineScaleSets/vmss1/virtualmachines/0?api-version=2020-06-01
  response:
    body:
      string: "{\r\n  \"name\": \"vmss1_0\",\r\n  \"id\": \"/subscriptions/00000000-0000-0000-0000-000000000000/resourceGroups/cli_test_vmss_vms000001/providers/Microsoft.Compute/virtualMachineScaleSets/vmss1/virtualMachines/0\",\r\n
        \ \"type\": \"Microsoft.Compute/virtualMachineScaleSets/virtualMachines\",\r\n
        \ \"location\": \"westus\",\r\n  \"tags\": {},\r\n  \"instanceId\": \"0\",\r\n
        \ \"sku\": {\r\n    \"name\": \"Standard_DS1_v2\",\r\n    \"tier\": \"Standard\"\r\n
        \ },\r\n  \"properties\": {\r\n    \"latestModelApplied\": true,\r\n    \"modelDefinitionApplied\":
        \"VirtualMachineScaleSet\",\r\n    \"networkProfileConfiguration\": {\"networkInterfaceConfigurations\":[{\"name\":\"vmss1b774Nic\",\"properties\":{\"primary\":true,\"enableAcceleratedNetworking\":false,\"dnsSettings\":{\"dnsServers\":[]},\"enableIPForwarding\":false,\"ipConfigurations\":[{\"name\":\"vmss1b774IPConfig\",\"properties\":{\"subnet\":{\"id\":\"/subscriptions/00000000-0000-0000-0000-000000000000/resourceGroups/cli_test_vmss_vms000001/providers/Microsoft.Network/virtualNetworks/vmss1VNET/subnets/vmss1Subnet\"},\"privateIPAddressVersion\":\"IPv4\",\"loadBalancerBackendAddressPools\":[{\"id\":\"/subscriptions/00000000-0000-0000-0000-000000000000/resourceGroups/cli_test_vmss_vms000001/providers/Microsoft.Network/loadBalancers/vmss1LB/backendAddressPools/vmss1LBBEPool\"}],\"loadBalancerInboundNatPools\":[{\"id\":\"/subscriptions/00000000-0000-0000-0000-000000000000/resourceGroups/cli_test_vmss_vms000001/providers/Microsoft.Network/loadBalancers/vmss1LB/inboundNatPools/vmss1LBNatPool\"}]}}]}}]},\r\n
        \   \"vmId\": \"f64568bb-97e6-433c-ae50-e4705d2a179c\",\r\n    \"hardwareProfile\":
        {},\r\n    \"storageProfile\": {\r\n      \"imageReference\": {\r\n        \"publisher\":
        \"Canonical\",\r\n        \"offer\": \"UbuntuServer\",\r\n        \"sku\":
        \"18.04-LTS\",\r\n        \"version\": \"latest\",\r\n        \"exactVersion\":
        \"18.04.202006101\"\r\n      },\r\n      \"osDisk\": {\r\n        \"osType\":
        \"Linux\",\r\n        \"name\": \"vmss1_vmss1_0_OsDisk_1_8af9b9f037614fc9a7c11c4be19c3661\",\r\n
        \       \"createOption\": \"FromImage\",\r\n        \"caching\": \"ReadWrite\",\r\n
        \       \"managedDisk\": {\r\n          \"storageAccountType\": \"Premium_LRS\",\r\n
        \         \"id\": \"/subscriptions/00000000-0000-0000-0000-000000000000/resourceGroups/CLI_TEST_VMSS_VMSPNOMA52YQ56EMAHLCCBOUQEUJTS26QPETRAVRXQ6GIZMNCXGHEMNYB7BTE/providers/Microsoft.Compute/disks/vmss1_vmss1_0_OsDisk_1_8af9b9f037614fc9a7c11c4be19c3661\"\r\n
        \       },\r\n        \"diskSizeGB\": 30\r\n      },\r\n      \"dataDisks\":
        []\r\n    },\r\n    \"osProfile\": {\r\n      \"computerName\": \"vmss1b774000000\",\r\n
        \     \"adminUsername\": \"admin123\",\r\n      \"linuxConfiguration\": {\r\n
        \       \"disablePasswordAuthentication\": false,\r\n        \"provisionVMAgent\":
        true\r\n      },\r\n      \"secrets\": [],\r\n      \"allowExtensionOperations\":
        true,\r\n      \"requireGuestProvisionSignal\": true\r\n    },\r\n    \"networkProfile\":
        {\"networkInterfaces\":[{\"id\":\"/subscriptions/00000000-0000-0000-0000-000000000000/resourceGroups/cli_test_vmss_vms000001/providers/Microsoft.Compute/virtualMachineScaleSets/vmss1/virtualMachines/0/networkInterfaces/vmss1b774Nic\"}]},\r\n
        \   \"provisioningState\": \"Updating\"\r\n  }\r\n}"
    headers:
      cache-control:
      - no-cache
      content-length:
      - '3265'
      content-type:
      - application/json; charset=utf-8
      date:
      - Thu, 09 Jul 2020 07:14:26 GMT
      expires:
      - '-1'
      pragma:
      - no-cache
      server:
      - Microsoft-HTTPAPI/2.0
      - Microsoft-HTTPAPI/2.0
      strict-transport-security:
      - max-age=31536000; includeSubDomains
      transfer-encoding:
      - chunked
      vary:
      - Accept-Encoding
      x-content-type-options:
      - nosniff
      x-ms-ratelimit-remaining-resource:
      - Microsoft.Compute/GetVMScaleSetVM3Min;999,Microsoft.Compute/GetVMScaleSetVM30Min;4998,Microsoft.Compute/VMScaleSetVMViews3Min;4970
      x-ms-request-charge:
      - '1'
    status:
      code: 200
      message: OK
- request:
    body: null
    headers:
      Accept:
      - application/json
      Accept-Encoding:
      - gzip, deflate
      CommandName:
      - vmss list-instance-connection-info
      Connection:
      - keep-alive
      ParameterSetName:
      - --resource-group --name
      User-Agent:
      - python/3.7.4 (Windows-10-10.0.18362-SP0) msrest/0.6.9 msrest_azure/0.6.3 azure-mgmt-compute/13.0.0
        Azure-SDK-For-Python AZURECLI/2.8.0
      accept-language:
      - en-US
    method: GET
    uri: https://management.azure.com/subscriptions/00000000-0000-0000-0000-000000000000/resourceGroups/cli_test_vmss_vms000001/providers/Microsoft.Compute/virtualMachineScaleSets/vmss1?api-version=2020-06-01
  response:
    body:
      string: "{\r\n  \"name\": \"vmss1\",\r\n  \"id\": \"/subscriptions/00000000-0000-0000-0000-000000000000/resourceGroups/cli_test_vmss_vms000001/providers/Microsoft.Compute/virtualMachineScaleSets/vmss1\",\r\n
        \ \"type\": \"Microsoft.Compute/virtualMachineScaleSets\",\r\n  \"location\":
        \"westus\",\r\n  \"tags\": {},\r\n  \"sku\": {\r\n    \"name\": \"Standard_DS1_v2\",\r\n
        \   \"tier\": \"Standard\",\r\n    \"capacity\": 2\r\n  },\r\n  \"properties\":
        {\r\n    \"singlePlacementGroup\": true,\r\n    \"upgradePolicy\": {\r\n      \"mode\":
        \"Manual\"\r\n    },\r\n    \"virtualMachineProfile\": {\r\n      \"osProfile\":
        {\r\n        \"computerNamePrefix\": \"vmss1b774\",\r\n        \"adminUsername\":
        \"admin123\",\r\n        \"linuxConfiguration\": {\r\n          \"disablePasswordAuthentication\":
        false,\r\n          \"provisionVMAgent\": true\r\n        },\r\n        \"secrets\":
        [],\r\n        \"allowExtensionOperations\": true,\r\n        \"requireGuestProvisionSignal\":
        true\r\n      },\r\n      \"storageProfile\": {\r\n        \"osDisk\": {\r\n
        \         \"createOption\": \"FromImage\",\r\n          \"caching\": \"ReadWrite\",\r\n
        \         \"managedDisk\": {\r\n            \"storageAccountType\": \"Premium_LRS\"\r\n
        \         },\r\n          \"diskSizeGB\": 30\r\n        },\r\n        \"imageReference\":
        {\r\n          \"publisher\": \"Canonical\",\r\n          \"offer\": \"UbuntuServer\",\r\n
        \         \"sku\": \"18.04-LTS\",\r\n          \"version\": \"latest\"\r\n
        \       }\r\n      },\r\n      \"networkProfile\": {\"networkInterfaceConfigurations\":[{\"name\":\"vmss1b774Nic\",\"properties\":{\"primary\":true,\"enableAcceleratedNetworking\":false,\"dnsSettings\":{\"dnsServers\":[]},\"enableIPForwarding\":false,\"ipConfigurations\":[{\"name\":\"vmss1b774IPConfig\",\"properties\":{\"subnet\":{\"id\":\"/subscriptions/00000000-0000-0000-0000-000000000000/resourceGroups/cli_test_vmss_vms000001/providers/Microsoft.Network/virtualNetworks/vmss1VNET/subnets/vmss1Subnet\"},\"privateIPAddressVersion\":\"IPv4\",\"loadBalancerBackendAddressPools\":[{\"id\":\"/subscriptions/00000000-0000-0000-0000-000000000000/resourceGroups/cli_test_vmss_vms000001/providers/Microsoft.Network/loadBalancers/vmss1LB/backendAddressPools/vmss1LBBEPool\"}],\"loadBalancerInboundNatPools\":[{\"id\":\"/subscriptions/00000000-0000-0000-0000-000000000000/resourceGroups/cli_test_vmss_vms000001/providers/Microsoft.Network/loadBalancers/vmss1LB/inboundNatPools/vmss1LBNatPool\"}]}}]}}]}\r\n
        \   },\r\n    \"provisioningState\": \"Succeeded\",\r\n    \"overprovision\":
        true,\r\n    \"doNotRunExtensionsOnOverprovisionedVMs\": false,\r\n    \"uniqueId\":
        \"9bc23237-1f3c-407a-b275-0a6723119cb4\"\r\n  }\r\n}"
    headers:
      cache-control:
      - no-cache
      content-length:
      - '2637'
      content-type:
      - application/json; charset=utf-8
      date:
      - Thu, 09 Jul 2020 07:14:25 GMT
      expires:
      - '-1'
      pragma:
      - no-cache
      server:
      - Microsoft-HTTPAPI/2.0
      - Microsoft-HTTPAPI/2.0
      strict-transport-security:
      - max-age=31536000; includeSubDomains
      transfer-encoding:
      - chunked
      vary:
      - Accept-Encoding
      x-content-type-options:
      - nosniff
      x-ms-ratelimit-remaining-resource:
      - Microsoft.Compute/GetVMScaleSet3Min;343,Microsoft.Compute/GetVMScaleSet30Min;2397
    status:
      code: 200
      message: OK
- request:
    body: null
    headers:
      Accept:
      - application/json
      Accept-Encoding:
      - gzip, deflate
      CommandName:
      - vmss list-instance-connection-info
      Connection:
      - keep-alive
      ParameterSetName:
      - --resource-group --name
      User-Agent:
      - python/3.7.4 (Windows-10-10.0.18362-SP0) msrest/0.6.9 msrest_azure/0.6.3 azure-mgmt-network/11.0.0
        Azure-SDK-For-Python AZURECLI/2.8.0
      accept-language:
      - en-US
    method: GET
    uri: https://management.azure.com/subscriptions/00000000-0000-0000-0000-000000000000/resourceGroups/cli_test_vmss_vms000001/providers/Microsoft.Network/loadBalancers/vmss1LB?api-version=2020-05-01
  response:
    body:
      string: "{\r\n  \"name\": \"vmss1LB\",\r\n  \"id\": \"/subscriptions/00000000-0000-0000-0000-000000000000/resourceGroups/cli_test_vmss_vms000001/providers/Microsoft.Network/loadBalancers/vmss1LB\",\r\n
        \ \"etag\": \"W/\\\"b49c17a3-9f41-4e0c-9265-49493d0b5191\\\"\",\r\n  \"type\":
        \"Microsoft.Network/loadBalancers\",\r\n  \"location\": \"westus\",\r\n  \"tags\":
        {},\r\n  \"properties\": {\r\n    \"provisioningState\": \"Succeeded\",\r\n
        \   \"resourceGuid\": \"68aed1ae-2049-4120-a3f0-aca681e98987\",\r\n    \"frontendIPConfigurations\":
        [\r\n      {\r\n        \"name\": \"loadBalancerFrontEnd\",\r\n        \"id\":
        \"/subscriptions/00000000-0000-0000-0000-000000000000/resourceGroups/cli_test_vmss_vms000001/providers/Microsoft.Network/loadBalancers/vmss1LB/frontendIPConfigurations/loadBalancerFrontEnd\",\r\n
        \       \"etag\": \"W/\\\"b49c17a3-9f41-4e0c-9265-49493d0b5191\\\"\",\r\n
        \       \"type\": \"Microsoft.Network/loadBalancers/frontendIPConfigurations\",\r\n
        \       \"properties\": {\r\n          \"provisioningState\": \"Succeeded\",\r\n
        \         \"privateIPAllocationMethod\": \"Dynamic\",\r\n          \"publicIPAddress\":
        {\r\n            \"id\": \"/subscriptions/00000000-0000-0000-0000-000000000000/resourceGroups/cli_test_vmss_vms000001/providers/Microsoft.Network/publicIPAddresses/vmss1LBPublicIP\"\r\n
        \         },\r\n          \"inboundNatRules\": [\r\n            {\r\n              \"id\":
        \"/subscriptions/00000000-0000-0000-0000-000000000000/resourceGroups/cli_test_vmss_vms000001/providers/Microsoft.Network/loadBalancers/vmss1LB/inboundNatRules/vmss1LBNatPool.0\"\r\n
        \           },\r\n            {\r\n              \"id\": \"/subscriptions/00000000-0000-0000-0000-000000000000/resourceGroups/cli_test_vmss_vms000001/providers/Microsoft.Network/loadBalancers/vmss1LB/inboundNatRules/vmss1LBNatPool.1\"\r\n
        \           },\r\n            {\r\n              \"id\": \"/subscriptions/00000000-0000-0000-0000-000000000000/resourceGroups/cli_test_vmss_vms000001/providers/Microsoft.Network/loadBalancers/vmss1LB/inboundNatRules/vmss1LBNatPool.2\"\r\n
        \           },\r\n            {\r\n              \"id\": \"/subscriptions/00000000-0000-0000-0000-000000000000/resourceGroups/cli_test_vmss_vms000001/providers/Microsoft.Network/loadBalancers/vmss1LB/inboundNatRules/vmss1LBNatPool.3\"\r\n
        \           }\r\n          ],\r\n          \"inboundNatPools\": [\r\n            {\r\n
        \             \"id\": \"/subscriptions/00000000-0000-0000-0000-000000000000/resourceGroups/cli_test_vmss_vms000001/providers/Microsoft.Network/loadBalancers/vmss1LB/inboundNatPools/vmss1LBNatPool\"\r\n
        \           }\r\n          ],\r\n          \"privateIPAddressVersion\": \"IPv4\"\r\n
        \       }\r\n      }\r\n    ],\r\n    \"backendAddressPools\": [\r\n      {\r\n
        \       \"name\": \"vmss1LBBEPool\",\r\n        \"id\": \"/subscriptions/00000000-0000-0000-0000-000000000000/resourceGroups/cli_test_vmss_vms000001/providers/Microsoft.Network/loadBalancers/vmss1LB/backendAddressPools/vmss1LBBEPool\",\r\n
        \       \"etag\": \"W/\\\"b49c17a3-9f41-4e0c-9265-49493d0b5191\\\"\",\r\n
        \       \"properties\": {\r\n          \"provisioningState\": \"Succeeded\",\r\n
        \         \"backendIPConfigurations\": [\r\n            {\r\n              \"id\":
        \"/subscriptions/00000000-0000-0000-0000-000000000000/resourceGroups/cli_test_vmss_vms000001/providers/Microsoft.Compute/virtualMachineScaleSets/vmss1/virtualMachines/0/networkInterfaces/vmss1b774Nic/ipConfigurations/vmss1b774IPConfig\"\r\n
        \           },\r\n            {\r\n              \"id\": \"/subscriptions/00000000-0000-0000-0000-000000000000/resourceGroups/cli_test_vmss_vms000001/providers/Microsoft.Compute/virtualMachineScaleSets/vmss1/virtualMachines/1/networkInterfaces/vmss1b774Nic/ipConfigurations/vmss1b774IPConfig\"\r\n
        \           },\r\n            {\r\n              \"id\": \"/subscriptions/00000000-0000-0000-0000-000000000000/resourceGroups/cli_test_vmss_vms000001/providers/Microsoft.Compute/virtualMachineScaleSets/vmss1/virtualMachines/2/networkInterfaces/vmss1b774Nic/ipConfigurations/vmss1b774IPConfig\"\r\n
        \           },\r\n            {\r\n              \"id\": \"/subscriptions/00000000-0000-0000-0000-000000000000/resourceGroups/cli_test_vmss_vms000001/providers/Microsoft.Compute/virtualMachineScaleSets/vmss1/virtualMachines/3/networkInterfaces/vmss1b774Nic/ipConfigurations/vmss1b774IPConfig\"\r\n
        \           }\r\n          ]\r\n        },\r\n        \"type\": \"Microsoft.Network/loadBalancers/backendAddressPools\"\r\n
        \     }\r\n    ],\r\n    \"loadBalancingRules\": [],\r\n    \"probes\": [],\r\n
        \   \"inboundNatRules\": [\r\n      {\r\n        \"name\": \"vmss1LBNatPool.0\",\r\n
        \       \"id\": \"/subscriptions/00000000-0000-0000-0000-000000000000/resourceGroups/cli_test_vmss_vms000001/providers/Microsoft.Network/loadBalancers/vmss1LB/inboundNatRules/vmss1LBNatPool.0\",\r\n
        \       \"etag\": \"W/\\\"b49c17a3-9f41-4e0c-9265-49493d0b5191\\\"\",\r\n
        \       \"type\": \"Microsoft.Network/loadBalancers/inboundNatRules\",\r\n
        \       \"properties\": {\r\n          \"provisioningState\": \"Succeeded\",\r\n
        \         \"frontendIPConfiguration\": {\r\n            \"id\": \"/subscriptions/00000000-0000-0000-0000-000000000000/resourceGroups/cli_test_vmss_vms000001/providers/Microsoft.Network/loadBalancers/vmss1LB/frontendIPConfigurations/loadBalancerFrontEnd\"\r\n
        \         },\r\n          \"frontendPort\": 50000,\r\n          \"backendPort\":
        22,\r\n          \"enableFloatingIP\": false,\r\n          \"idleTimeoutInMinutes\":
        4,\r\n          \"protocol\": \"Tcp\",\r\n          \"enableDestinationServiceEndpoint\":
        false,\r\n          \"enableTcpReset\": false,\r\n          \"allowBackendPortConflict\":
        false,\r\n          \"backendIPConfiguration\": {\r\n            \"id\": \"/subscriptions/00000000-0000-0000-0000-000000000000/resourceGroups/cli_test_vmss_vms000001/providers/Microsoft.Compute/virtualMachineScaleSets/vmss1/virtualMachines/0/networkInterfaces/vmss1b774Nic/ipConfigurations/vmss1b774IPConfig\"\r\n
        \         }\r\n        }\r\n      },\r\n      {\r\n        \"name\": \"vmss1LBNatPool.1\",\r\n
        \       \"id\": \"/subscriptions/00000000-0000-0000-0000-000000000000/resourceGroups/cli_test_vmss_vms000001/providers/Microsoft.Network/loadBalancers/vmss1LB/inboundNatRules/vmss1LBNatPool.1\",\r\n
        \       \"etag\": \"W/\\\"b49c17a3-9f41-4e0c-9265-49493d0b5191\\\"\",\r\n
        \       \"type\": \"Microsoft.Network/loadBalancers/inboundNatRules\",\r\n
        \       \"properties\": {\r\n          \"provisioningState\": \"Succeeded\",\r\n
        \         \"frontendIPConfiguration\": {\r\n            \"id\": \"/subscriptions/00000000-0000-0000-0000-000000000000/resourceGroups/cli_test_vmss_vms000001/providers/Microsoft.Network/loadBalancers/vmss1LB/frontendIPConfigurations/loadBalancerFrontEnd\"\r\n
        \         },\r\n          \"frontendPort\": 50001,\r\n          \"backendPort\":
        22,\r\n          \"enableFloatingIP\": false,\r\n          \"idleTimeoutInMinutes\":
        4,\r\n          \"protocol\": \"Tcp\",\r\n          \"enableDestinationServiceEndpoint\":
        false,\r\n          \"enableTcpReset\": false,\r\n          \"allowBackendPortConflict\":
        false,\r\n          \"backendIPConfiguration\": {\r\n            \"id\": \"/subscriptions/00000000-0000-0000-0000-000000000000/resourceGroups/cli_test_vmss_vms000001/providers/Microsoft.Compute/virtualMachineScaleSets/vmss1/virtualMachines/1/networkInterfaces/vmss1b774Nic/ipConfigurations/vmss1b774IPConfig\"\r\n
        \         }\r\n        }\r\n      },\r\n      {\r\n        \"name\": \"vmss1LBNatPool.2\",\r\n
        \       \"id\": \"/subscriptions/00000000-0000-0000-0000-000000000000/resourceGroups/cli_test_vmss_vms000001/providers/Microsoft.Network/loadBalancers/vmss1LB/inboundNatRules/vmss1LBNatPool.2\",\r\n
        \       \"etag\": \"W/\\\"b49c17a3-9f41-4e0c-9265-49493d0b5191\\\"\",\r\n
        \       \"type\": \"Microsoft.Network/loadBalancers/inboundNatRules\",\r\n
        \       \"properties\": {\r\n          \"provisioningState\": \"Succeeded\",\r\n
        \         \"frontendIPConfiguration\": {\r\n            \"id\": \"/subscriptions/00000000-0000-0000-0000-000000000000/resourceGroups/cli_test_vmss_vms000001/providers/Microsoft.Network/loadBalancers/vmss1LB/frontendIPConfigurations/loadBalancerFrontEnd\"\r\n
        \         },\r\n          \"frontendPort\": 50002,\r\n          \"backendPort\":
        22,\r\n          \"enableFloatingIP\": false,\r\n          \"idleTimeoutInMinutes\":
        4,\r\n          \"protocol\": \"Tcp\",\r\n          \"enableDestinationServiceEndpoint\":
        false,\r\n          \"enableTcpReset\": false,\r\n          \"allowBackendPortConflict\":
        false,\r\n          \"backendIPConfiguration\": {\r\n            \"id\": \"/subscriptions/00000000-0000-0000-0000-000000000000/resourceGroups/cli_test_vmss_vms000001/providers/Microsoft.Compute/virtualMachineScaleSets/vmss1/virtualMachines/2/networkInterfaces/vmss1b774Nic/ipConfigurations/vmss1b774IPConfig\"\r\n
        \         }\r\n        }\r\n      },\r\n      {\r\n        \"name\": \"vmss1LBNatPool.3\",\r\n
        \       \"id\": \"/subscriptions/00000000-0000-0000-0000-000000000000/resourceGroups/cli_test_vmss_vms000001/providers/Microsoft.Network/loadBalancers/vmss1LB/inboundNatRules/vmss1LBNatPool.3\",\r\n
        \       \"etag\": \"W/\\\"b49c17a3-9f41-4e0c-9265-49493d0b5191\\\"\",\r\n
        \       \"type\": \"Microsoft.Network/loadBalancers/inboundNatRules\",\r\n
        \       \"properties\": {\r\n          \"provisioningState\": \"Succeeded\",\r\n
        \         \"frontendIPConfiguration\": {\r\n            \"id\": \"/subscriptions/00000000-0000-0000-0000-000000000000/resourceGroups/cli_test_vmss_vms000001/providers/Microsoft.Network/loadBalancers/vmss1LB/frontendIPConfigurations/loadBalancerFrontEnd\"\r\n
        \         },\r\n          \"frontendPort\": 50003,\r\n          \"backendPort\":
        22,\r\n          \"enableFloatingIP\": false,\r\n          \"idleTimeoutInMinutes\":
        4,\r\n          \"protocol\": \"Tcp\",\r\n          \"enableDestinationServiceEndpoint\":
        false,\r\n          \"enableTcpReset\": false,\r\n          \"allowBackendPortConflict\":
        false,\r\n          \"backendIPConfiguration\": {\r\n            \"id\": \"/subscriptions/00000000-0000-0000-0000-000000000000/resourceGroups/cli_test_vmss_vms000001/providers/Microsoft.Compute/virtualMachineScaleSets/vmss1/virtualMachines/3/networkInterfaces/vmss1b774Nic/ipConfigurations/vmss1b774IPConfig\"\r\n
        \         }\r\n        }\r\n      }\r\n    ],\r\n    \"inboundNatPools\":
        [\r\n      {\r\n        \"name\": \"vmss1LBNatPool\",\r\n        \"id\": \"/subscriptions/00000000-0000-0000-0000-000000000000/resourceGroups/cli_test_vmss_vms000001/providers/Microsoft.Network/loadBalancers/vmss1LB/inboundNatPools/vmss1LBNatPool\",\r\n
        \       \"etag\": \"W/\\\"b49c17a3-9f41-4e0c-9265-49493d0b5191\\\"\",\r\n
        \       \"properties\": {\r\n          \"provisioningState\": \"Succeeded\",\r\n
        \         \"frontendPortRangeStart\": 50000,\r\n          \"frontendPortRangeEnd\":
        50119,\r\n          \"backendPort\": 22,\r\n          \"protocol\": \"Tcp\",\r\n
        \         \"idleTimeoutInMinutes\": 4,\r\n          \"enableFloatingIP\":
        false,\r\n          \"enableDestinationServiceEndpoint\": false,\r\n          \"enableTcpReset\":
        false,\r\n          \"allowBackendPortConflict\": false,\r\n          \"frontendIPConfiguration\":
        {\r\n            \"id\": \"/subscriptions/00000000-0000-0000-0000-000000000000/resourceGroups/cli_test_vmss_vms000001/providers/Microsoft.Network/loadBalancers/vmss1LB/frontendIPConfigurations/loadBalancerFrontEnd\"\r\n
        \         }\r\n        },\r\n        \"type\": \"Microsoft.Network/loadBalancers/inboundNatPools\"\r\n
        \     }\r\n    ]\r\n  },\r\n  \"sku\": {\r\n    \"name\": \"Basic\"\r\n  }\r\n}"
    headers:
      cache-control:
      - no-cache
      content-length:
      - '12186'
      content-type:
      - application/json; charset=utf-8
      date:
      - Thu, 09 Jul 2020 07:14:27 GMT
      etag:
      - W/"b49c17a3-9f41-4e0c-9265-49493d0b5191"
      expires:
      - '-1'
      pragma:
      - no-cache
      server:
      - Microsoft-HTTPAPI/2.0
      - Microsoft-HTTPAPI/2.0
      strict-transport-security:
      - max-age=31536000; includeSubDomains
      transfer-encoding:
      - chunked
      vary:
      - Accept-Encoding
      x-content-type-options:
      - nosniff
      x-ms-arm-service-request-id:
      - 8b50e7dd-99f9-4389-9a84-6ff9e0abedd2
    status:
      code: 200
      message: OK
- request:
    body: null
    headers:
      Accept:
      - application/json
      Accept-Encoding:
      - gzip, deflate
      CommandName:
      - vmss list-instance-connection-info
      Connection:
      - keep-alive
      ParameterSetName:
      - --resource-group --name
      User-Agent:
      - python/3.7.4 (Windows-10-10.0.18362-SP0) msrest/0.6.9 msrest_azure/0.6.3 azure-mgmt-network/11.0.0
        Azure-SDK-For-Python AZURECLI/2.8.0
      accept-language:
      - en-US
    method: GET
    uri: https://management.azure.com/subscriptions/00000000-0000-0000-0000-000000000000/resourceGroups/cli_test_vmss_vms000001/providers/Microsoft.Network/publicIPAddresses/vmss1LBPublicIP?api-version=2020-05-01
  response:
    body:
      string: "{\r\n  \"name\": \"vmss1LBPublicIP\",\r\n  \"id\": \"/subscriptions/00000000-0000-0000-0000-000000000000/resourceGroups/cli_test_vmss_vms000001/providers/Microsoft.Network/publicIPAddresses/vmss1LBPublicIP\",\r\n
        \ \"etag\": \"W/\\\"4f85134c-3e41-4ba3-a923-b5892a49fbf6\\\"\",\r\n  \"location\":
        \"westus\",\r\n  \"tags\": {},\r\n  \"properties\": {\r\n    \"provisioningState\":
        \"Succeeded\",\r\n    \"resourceGuid\": \"9d5f8a0f-a5b1-4280-9232-5a8ea1d41ecb\",\r\n
        \   \"ipAddress\": \"104.42.182.184\",\r\n    \"publicIPAddressVersion\":
        \"IPv4\",\r\n    \"publicIPAllocationMethod\": \"Dynamic\",\r\n    \"idleTimeoutInMinutes\":
        4,\r\n    \"ipTags\": [],\r\n    \"ipConfiguration\": {\r\n      \"id\": \"/subscriptions/00000000-0000-0000-0000-000000000000/resourceGroups/cli_test_vmss_vms000001/providers/Microsoft.Network/loadBalancers/vmss1LB/frontendIPConfigurations/loadBalancerFrontEnd\"\r\n
        \   }\r\n  },\r\n  \"type\": \"Microsoft.Network/publicIPAddresses\",\r\n
        \ \"sku\": {\r\n    \"name\": \"Basic\"\r\n  }\r\n}"
    headers:
      cache-control:
      - no-cache
      content-length:
      - '1018'
      content-type:
      - application/json; charset=utf-8
      date:
      - Thu, 09 Jul 2020 07:14:27 GMT
      etag:
      - W/"4f85134c-3e41-4ba3-a923-b5892a49fbf6"
      expires:
      - '-1'
      pragma:
      - no-cache
      server:
      - Microsoft-HTTPAPI/2.0
      - Microsoft-HTTPAPI/2.0
      strict-transport-security:
      - max-age=31536000; includeSubDomains
      transfer-encoding:
      - chunked
      vary:
      - Accept-Encoding
      x-content-type-options:
      - nosniff
      x-ms-arm-service-request-id:
      - 63eec3c2-d5b7-4eb7-99a5-ce02e7af6d76
    status:
      code: 200
      message: OK
- request:
    body: null
    headers:
      Accept:
      - application/json
      Accept-Encoding:
      - gzip, deflate
      CommandName:
      - vmss restart
      Connection:
      - keep-alive
      Content-Length:
      - '0'
      ParameterSetName:
      - --resource-group --name --instance-ids
      User-Agent:
      - python/3.7.4 (Windows-10-10.0.18362-SP0) msrest/0.6.9 msrest_azure/0.6.3 azure-mgmt-compute/13.0.0
        Azure-SDK-For-Python AZURECLI/2.8.0
      accept-language:
      - en-US
    method: POST
    uri: https://management.azure.com/subscriptions/00000000-0000-0000-0000-000000000000/resourceGroups/cli_test_vmss_vms000001/providers/Microsoft.Compute/virtualMachineScaleSets/vmss1/virtualmachines/%2A/restart?api-version=2020-06-01
  response:
    body:
      string: ''
    headers:
      azure-asyncoperation:
      - https://management.azure.com/subscriptions/00000000-0000-0000-0000-000000000000/providers/Microsoft.Compute/locations/westus/operations/687eaa87-cf52-46d0-be12-bcc0e932bcdd?api-version=2020-06-01
      cache-control:
      - no-cache
      content-length:
      - '0'
      date:
      - Thu, 09 Jul 2020 07:14:28 GMT
      expires:
      - '-1'
      location:
      - https://management.azure.com/subscriptions/00000000-0000-0000-0000-000000000000/providers/Microsoft.Compute/locations/westus/operations/687eaa87-cf52-46d0-be12-bcc0e932bcdd?monitor=true&api-version=2020-06-01
      pragma:
      - no-cache
      server:
      - Microsoft-HTTPAPI/2.0
      - Microsoft-HTTPAPI/2.0
      strict-transport-security:
      - max-age=31536000; includeSubDomains
      x-content-type-options:
      - nosniff
      x-ms-ratelimit-remaining-resource:
      - Microsoft.Compute/VMScaleSetActions3Min;238,Microsoft.Compute/VMScaleSetActions30Min;1194,Microsoft.Compute/VMScaleSetVMActions3Min;199,Microsoft.Compute/VMScaleSetVMActions30Min;999,Microsoft.Compute/VMScaleSetBatchedVMRequests5Min;1135,Microsoft.Compute/VmssQueuedVMOperations;4798
      x-ms-ratelimit-remaining-subscription-writes:
      - '1199'
      x-ms-request-charge:
      - '2'
    status:
      code: 202
      message: Accepted
- request:
    body: null
    headers:
      Accept:
      - application/json
      Accept-Encoding:
      - gzip, deflate
      CommandName:
      - vmss restart
      Connection:
      - keep-alive
      ParameterSetName:
      - --resource-group --name --instance-ids
      User-Agent:
      - python/3.7.4 (Windows-10-10.0.18362-SP0) msrest/0.6.9 msrest_azure/0.6.3 azure-mgmt-compute/13.0.0
        Azure-SDK-For-Python AZURECLI/2.8.0
    method: GET
    uri: https://management.azure.com/subscriptions/00000000-0000-0000-0000-000000000000/providers/Microsoft.Compute/locations/westus/operations/687eaa87-cf52-46d0-be12-bcc0e932bcdd?api-version=2020-06-01
  response:
    body:
      string: "{\r\n  \"startTime\": \"2020-07-09T07:14:28.4294883+00:00\",\r\n  \"endTime\":
        \"2020-07-09T07:14:43.6958649+00:00\",\r\n  \"status\": \"Succeeded\",\r\n
        \ \"name\": \"687eaa87-cf52-46d0-be12-bcc0e932bcdd\"\r\n}"
    headers:
      cache-control:
      - no-cache
      content-length:
      - '184'
      content-type:
      - application/json; charset=utf-8
      date:
      - Thu, 09 Jul 2020 07:14:58 GMT
      expires:
      - '-1'
      pragma:
      - no-cache
      server:
      - Microsoft-HTTPAPI/2.0
      - Microsoft-HTTPAPI/2.0
      strict-transport-security:
      - max-age=31536000; includeSubDomains
      transfer-encoding:
      - chunked
      vary:
      - Accept-Encoding
      x-content-type-options:
      - nosniff
      x-ms-ratelimit-remaining-resource:
      - Microsoft.Compute/GetOperation3Min;14944,Microsoft.Compute/GetOperation30Min;29842
    status:
      code: 200
      message: OK
- request:
    body: null
    headers:
      Accept:
      - application/json
      Accept-Encoding:
      - gzip, deflate
      CommandName:
      - vmss get-instance-view
      Connection:
      - keep-alive
      ParameterSetName:
      - --resource-group --name --instance-id
      User-Agent:
      - python/3.7.4 (Windows-10-10.0.18362-SP0) msrest/0.6.9 msrest_azure/0.6.3 azure-mgmt-compute/13.0.0
        Azure-SDK-For-Python AZURECLI/2.8.0
      accept-language:
      - en-US
    method: GET
    uri: https://management.azure.com/subscriptions/00000000-0000-0000-0000-000000000000/resourceGroups/cli_test_vmss_vms000001/providers/Microsoft.Compute/virtualMachineScaleSets/vmss1/virtualmachines/0/instanceView?api-version=2020-06-01
  response:
    body:
      string: "{\r\n  \"placementGroupId\": \"eb069a5b-fadf-432d-887b-a83b1a671bce\",\r\n
        \ \"platformUpdateDomain\": 0,\r\n  \"platformFaultDomain\": 0,\r\n  \"computerName\":
        \"vmss1b774000000\",\r\n  \"osName\": \"ubuntu\",\r\n  \"osVersion\": \"18.04\",\r\n
        \ \"vmAgent\": {\r\n    \"vmAgentVersion\": \"2.2.49.2\",\r\n    \"statuses\":
        [\r\n      {\r\n        \"code\": \"ProvisioningState/succeeded\",\r\n        \"level\":
        \"Info\",\r\n        \"displayStatus\": \"Ready\",\r\n        \"message\":
        \"Guest Agent is running\",\r\n        \"time\": \"2020-07-09T07:14:34+00:00\"\r\n
        \     }\r\n    ],\r\n    \"extensionHandlers\": []\r\n  },\r\n  \"disks\":
        [\r\n    {\r\n      \"name\": \"vmss1_vmss1_0_OsDisk_1_8af9b9f037614fc9a7c11c4be19c3661\",\r\n
        \     \"statuses\": [\r\n        {\r\n          \"code\": \"ProvisioningState/succeeded\",\r\n
        \         \"level\": \"Info\",\r\n          \"displayStatus\": \"Provisioning
        succeeded\",\r\n          \"time\": \"2020-07-09T07:13:57.662321+00:00\"\r\n
        \       }\r\n      ]\r\n    }\r\n  ],\r\n  \"hyperVGeneration\": \"V1\",\r\n
        \ \"statuses\": [\r\n    {\r\n      \"code\": \"ProvisioningState/succeeded\",\r\n
        \     \"level\": \"Info\",\r\n      \"displayStatus\": \"Provisioning succeeded\",\r\n
        \     \"time\": \"2020-07-09T07:14:43.664614+00:00\"\r\n    },\r\n    {\r\n
        \     \"code\": \"PowerState/running\",\r\n      \"level\": \"Info\",\r\n
        \     \"displayStatus\": \"VM running\"\r\n    }\r\n  ]\r\n}"
    headers:
      cache-control:
      - no-cache
      content-length:
      - '1237'
      content-type:
      - application/json; charset=utf-8
      date:
      - Thu, 09 Jul 2020 07:15:00 GMT
      expires:
      - '-1'
      pragma:
      - no-cache
      server:
      - Microsoft-HTTPAPI/2.0
      - Microsoft-HTTPAPI/2.0
      strict-transport-security:
      - max-age=31536000; includeSubDomains
      transfer-encoding:
      - chunked
      vary:
      - Accept-Encoding
      x-content-type-options:
      - nosniff
      x-ms-ratelimit-remaining-resource:
      - Microsoft.Compute/GetVMScaleSetVM3Min;998,Microsoft.Compute/GetVMScaleSetVM30Min;4997,Microsoft.Compute/VMScaleSetVMViews3Min;4973
      x-ms-request-charge:
      - '1'
    status:
      code: 200
      message: OK
- request:
    body: null
    headers:
      Accept:
      - application/json
      Accept-Encoding:
      - gzip, deflate
      CommandName:
      - vmss get-instance-view
      Connection:
      - keep-alive
      ParameterSetName:
      - --resource-group --name --instance-id
      User-Agent:
      - python/3.7.4 (Windows-10-10.0.18362-SP0) msrest/0.6.9 msrest_azure/0.6.3 azure-mgmt-compute/13.0.0
        Azure-SDK-For-Python AZURECLI/2.8.0
      accept-language:
      - en-US
    method: GET
    uri: https://management.azure.com/subscriptions/00000000-0000-0000-0000-000000000000/resourceGroups/cli_test_vmss_vms000001/providers/Microsoft.Compute/virtualMachineScaleSets/vmss1/virtualmachines/1/instanceView?api-version=2020-06-01
  response:
    body:
      string: "{\r\n  \"placementGroupId\": \"eb069a5b-fadf-432d-887b-a83b1a671bce\",\r\n
        \ \"platformUpdateDomain\": 1,\r\n  \"platformFaultDomain\": 1,\r\n  \"computerName\":
        \"vmss1b774000001\",\r\n  \"osName\": \"ubuntu\",\r\n  \"osVersion\": \"18.04\",\r\n
        \ \"vmAgent\": {\r\n    \"vmAgentVersion\": \"2.2.49.2\",\r\n    \"statuses\":
        [\r\n      {\r\n        \"code\": \"ProvisioningState/succeeded\",\r\n        \"level\":
        \"Info\",\r\n        \"displayStatus\": \"Ready\",\r\n        \"message\":
        \"Guest Agent is running\",\r\n        \"time\": \"2020-07-09T07:14:31+00:00\"\r\n
        \     }\r\n    ],\r\n    \"extensionHandlers\": []\r\n  },\r\n  \"disks\":
        [\r\n    {\r\n      \"name\": \"vmss1_vmss1_1_OsDisk_1_ec15d08fffac4834a516f636d76bfefe\",\r\n
        \     \"statuses\": [\r\n        {\r\n          \"code\": \"ProvisioningState/succeeded\",\r\n
        \         \"level\": \"Info\",\r\n          \"displayStatus\": \"Provisioning
        succeeded\",\r\n          \"time\": \"2020-07-09T07:13:57.662321+00:00\"\r\n
        \       }\r\n      ]\r\n    }\r\n  ],\r\n  \"hyperVGeneration\": \"V1\",\r\n
        \ \"statuses\": [\r\n    {\r\n      \"code\": \"ProvisioningState/succeeded\",\r\n
        \     \"level\": \"Info\",\r\n      \"displayStatus\": \"Provisioning succeeded\",\r\n
        \     \"time\": \"2020-07-09T07:14:43.664614+00:00\"\r\n    },\r\n    {\r\n
        \     \"code\": \"PowerState/running\",\r\n      \"level\": \"Info\",\r\n
        \     \"displayStatus\": \"VM running\"\r\n    }\r\n  ]\r\n}"
    headers:
      cache-control:
      - no-cache
      content-length:
      - '1237'
      content-type:
      - application/json; charset=utf-8
      date:
      - Thu, 09 Jul 2020 07:15:00 GMT
      expires:
      - '-1'
      pragma:
      - no-cache
      server:
      - Microsoft-HTTPAPI/2.0
      - Microsoft-HTTPAPI/2.0
      strict-transport-security:
      - max-age=31536000; includeSubDomains
      transfer-encoding:
      - chunked
      vary:
      - Accept-Encoding
      x-content-type-options:
      - nosniff
      x-ms-ratelimit-remaining-resource:
      - Microsoft.Compute/GetVMScaleSetVM3Min;997,Microsoft.Compute/GetVMScaleSetVM30Min;4996,Microsoft.Compute/VMScaleSetVMViews3Min;4972
      x-ms-request-charge:
      - '1'
    status:
      code: 200
      message: OK
- request:
    body: null
    headers:
      Accept:
      - application/json
      Accept-Encoding:
      - gzip, deflate
      CommandName:
      - vmss stop
      Connection:
      - keep-alive
      Content-Length:
      - '0'
      ParameterSetName:
      - --resource-group --name --instance-ids
      User-Agent:
      - python/3.7.4 (Windows-10-10.0.18362-SP0) msrest/0.6.9 msrest_azure/0.6.3 azure-mgmt-compute/13.0.0
        Azure-SDK-For-Python AZURECLI/2.8.0
      accept-language:
      - en-US
    method: POST
    uri: https://management.azure.com/subscriptions/00000000-0000-0000-0000-000000000000/resourceGroups/cli_test_vmss_vms000001/providers/Microsoft.Compute/virtualMachineScaleSets/vmss1/virtualmachines/%2A/poweroff?skipShutdown=false&api-version=2020-06-01
  response:
    body:
      string: ''
    headers:
      azure-asyncoperation:
      - https://management.azure.com/subscriptions/00000000-0000-0000-0000-000000000000/providers/Microsoft.Compute/locations/westus/operations/09f911e2-09e6-411c-93dc-164b2b4f688c?api-version=2020-06-01
      cache-control:
      - no-cache
      content-length:
      - '0'
      date:
      - Thu, 09 Jul 2020 07:15:00 GMT
      expires:
      - '-1'
      location:
      - https://management.azure.com/subscriptions/00000000-0000-0000-0000-000000000000/providers/Microsoft.Compute/locations/westus/operations/09f911e2-09e6-411c-93dc-164b2b4f688c?monitor=true&api-version=2020-06-01
      pragma:
      - no-cache
      server:
      - Microsoft-HTTPAPI/2.0
      - Microsoft-HTTPAPI/2.0
      strict-transport-security:
      - max-age=31536000; includeSubDomains
      x-content-type-options:
      - nosniff
      x-ms-ratelimit-remaining-resource:
      - Microsoft.Compute/DeleteVMScaleSetVM3Min;239,Microsoft.Compute/DeleteVMScaleSetVM30Min;1199,Microsoft.Compute/VMScaleSetBatchedVMRequests5Min;1154,Microsoft.Compute/VmssQueuedVMOperations;4798
      x-ms-ratelimit-remaining-subscription-writes:
      - '1199'
      x-ms-request-charge:
      - '2'
    status:
      code: 202
      message: Accepted
- request:
    body: null
    headers:
      Accept:
      - application/json
      Accept-Encoding:
      - gzip, deflate
      CommandName:
      - vmss stop
      Connection:
      - keep-alive
      ParameterSetName:
      - --resource-group --name --instance-ids
      User-Agent:
      - python/3.7.4 (Windows-10-10.0.18362-SP0) msrest/0.6.9 msrest_azure/0.6.3 azure-mgmt-compute/13.0.0
        Azure-SDK-For-Python AZURECLI/2.8.0
    method: GET
    uri: https://management.azure.com/subscriptions/00000000-0000-0000-0000-000000000000/providers/Microsoft.Compute/locations/westus/operations/09f911e2-09e6-411c-93dc-164b2b4f688c?api-version=2020-06-01
  response:
    body:
      string: "{\r\n  \"startTime\": \"2020-07-09T07:15:01.4311554+00:00\",\r\n  \"endTime\":
        \"2020-07-09T07:15:13.2442341+00:00\",\r\n  \"status\": \"Succeeded\",\r\n
        \ \"name\": \"09f911e2-09e6-411c-93dc-164b2b4f688c\"\r\n}"
    headers:
      cache-control:
      - no-cache
      content-length:
      - '184'
      content-type:
      - application/json; charset=utf-8
      date:
      - Thu, 09 Jul 2020 07:15:31 GMT
      expires:
      - '-1'
      pragma:
      - no-cache
      server:
      - Microsoft-HTTPAPI/2.0
      - Microsoft-HTTPAPI/2.0
      strict-transport-security:
      - max-age=31536000; includeSubDomains
      transfer-encoding:
      - chunked
      vary:
      - Accept-Encoding
      x-content-type-options:
      - nosniff
      x-ms-ratelimit-remaining-resource:
      - Microsoft.Compute/GetOperation3Min;14945,Microsoft.Compute/GetOperation30Min;29827
    status:
      code: 200
      message: OK
- request:
    body: null
    headers:
      Accept:
      - application/json
      Accept-Encoding:
      - gzip, deflate
      CommandName:
      - vmss get-instance-view
      Connection:
      - keep-alive
      ParameterSetName:
      - --resource-group --name --instance-id
      User-Agent:
      - python/3.7.4 (Windows-10-10.0.18362-SP0) msrest/0.6.9 msrest_azure/0.6.3 azure-mgmt-compute/13.0.0
        Azure-SDK-For-Python AZURECLI/2.8.0
      accept-language:
      - en-US
    method: GET
    uri: https://management.azure.com/subscriptions/00000000-0000-0000-0000-000000000000/resourceGroups/cli_test_vmss_vms000001/providers/Microsoft.Compute/virtualMachineScaleSets/vmss1/virtualmachines/0/instanceView?api-version=2020-06-01
  response:
    body:
      string: "{\r\n  \"placementGroupId\": \"eb069a5b-fadf-432d-887b-a83b1a671bce\",\r\n
        \ \"platformUpdateDomain\": 0,\r\n  \"platformFaultDomain\": 0,\r\n  \"computerName\":
        \"vmss1b774000000\",\r\n  \"osName\": \"ubuntu\",\r\n  \"osVersion\": \"18.04\",\r\n
        \ \"vmAgent\": {\r\n    \"vmAgentVersion\": \"2.2.49.2\",\r\n    \"statuses\":
        [\r\n      {\r\n        \"code\": \"ProvisioningState/succeeded\",\r\n        \"level\":
        \"Info\",\r\n        \"displayStatus\": \"Ready\",\r\n        \"message\":
        \"Guest Agent is running\",\r\n        \"time\": \"2020-07-09T07:15:04+00:00\"\r\n
        \     }\r\n    ],\r\n    \"extensionHandlers\": []\r\n  },\r\n  \"disks\":
        [\r\n    {\r\n      \"name\": \"vmss1_vmss1_0_OsDisk_1_8af9b9f037614fc9a7c11c4be19c3661\",\r\n
        \     \"statuses\": [\r\n        {\r\n          \"code\": \"ProvisioningState/succeeded\",\r\n
        \         \"level\": \"Info\",\r\n          \"displayStatus\": \"Provisioning
        succeeded\",\r\n          \"time\": \"2020-07-09T07:13:57.662321+00:00\"\r\n
        \       }\r\n      ]\r\n    }\r\n  ],\r\n  \"hyperVGeneration\": \"V1\",\r\n
        \ \"statuses\": [\r\n    {\r\n      \"code\": \"ProvisioningState/succeeded\",\r\n
        \     \"level\": \"Info\",\r\n      \"displayStatus\": \"Provisioning succeeded\",\r\n
        \     \"time\": \"2020-07-09T07:15:13.228612+00:00\"\r\n    },\r\n    {\r\n
        \     \"code\": \"PowerState/stopped\",\r\n      \"level\": \"Info\",\r\n
        \     \"displayStatus\": \"VM stopped\"\r\n    }\r\n  ]\r\n}"
    headers:
      cache-control:
      - no-cache
      content-length:
      - '1237'
      content-type:
      - application/json; charset=utf-8
      date:
      - Thu, 09 Jul 2020 07:15:32 GMT
      expires:
      - '-1'
      pragma:
      - no-cache
      server:
      - Microsoft-HTTPAPI/2.0
      - Microsoft-HTTPAPI/2.0
      strict-transport-security:
      - max-age=31536000; includeSubDomains
      transfer-encoding:
      - chunked
      vary:
      - Accept-Encoding
      x-content-type-options:
      - nosniff
      x-ms-ratelimit-remaining-resource:
      - Microsoft.Compute/GetVMScaleSetVM3Min;996,Microsoft.Compute/GetVMScaleSetVM30Min;4995,Microsoft.Compute/VMScaleSetVMViews3Min;4972
      x-ms-request-charge:
      - '1'
    status:
      code: 200
      message: OK
- request:
    body: null
    headers:
      Accept:
      - application/json
      Accept-Encoding:
      - gzip, deflate
      CommandName:
      - vmss get-instance-view
      Connection:
      - keep-alive
      ParameterSetName:
      - --resource-group --name --instance-id
      User-Agent:
      - python/3.7.4 (Windows-10-10.0.18362-SP0) msrest/0.6.9 msrest_azure/0.6.3 azure-mgmt-compute/13.0.0
        Azure-SDK-For-Python AZURECLI/2.8.0
      accept-language:
      - en-US
    method: GET
    uri: https://management.azure.com/subscriptions/00000000-0000-0000-0000-000000000000/resourceGroups/cli_test_vmss_vms000001/providers/Microsoft.Compute/virtualMachineScaleSets/vmss1/virtualmachines/1/instanceView?api-version=2020-06-01
  response:
    body:
      string: "{\r\n  \"placementGroupId\": \"eb069a5b-fadf-432d-887b-a83b1a671bce\",\r\n
        \ \"platformUpdateDomain\": 1,\r\n  \"platformFaultDomain\": 1,\r\n  \"computerName\":
        \"vmss1b774000001\",\r\n  \"osName\": \"ubuntu\",\r\n  \"osVersion\": \"18.04\",\r\n
        \ \"vmAgent\": {\r\n    \"vmAgentVersion\": \"2.2.49.2\",\r\n    \"statuses\":
        [\r\n      {\r\n        \"code\": \"ProvisioningState/succeeded\",\r\n        \"level\":
        \"Info\",\r\n        \"displayStatus\": \"Ready\",\r\n        \"message\":
        \"Guest Agent is running\",\r\n        \"time\": \"2020-07-09T07:15:01+00:00\"\r\n
        \     }\r\n    ],\r\n    \"extensionHandlers\": []\r\n  },\r\n  \"disks\":
        [\r\n    {\r\n      \"name\": \"vmss1_vmss1_1_OsDisk_1_ec15d08fffac4834a516f636d76bfefe\",\r\n
        \     \"statuses\": [\r\n        {\r\n          \"code\": \"ProvisioningState/succeeded\",\r\n
        \         \"level\": \"Info\",\r\n          \"displayStatus\": \"Provisioning
        succeeded\",\r\n          \"time\": \"2020-07-09T07:13:57.662321+00:00\"\r\n
        \       }\r\n      ]\r\n    }\r\n  ],\r\n  \"hyperVGeneration\": \"V1\",\r\n
        \ \"statuses\": [\r\n    {\r\n      \"code\": \"ProvisioningState/succeeded\",\r\n
        \     \"level\": \"Info\",\r\n      \"displayStatus\": \"Provisioning succeeded\",\r\n
        \     \"time\": \"2020-07-09T07:15:13.228612+00:00\"\r\n    },\r\n    {\r\n
        \     \"code\": \"PowerState/stopped\",\r\n      \"level\": \"Info\",\r\n
        \     \"displayStatus\": \"VM stopped\"\r\n    }\r\n  ]\r\n}"
    headers:
      cache-control:
      - no-cache
      content-length:
      - '1237'
      content-type:
      - application/json; charset=utf-8
      date:
      - Thu, 09 Jul 2020 07:15:33 GMT
      expires:
      - '-1'
      pragma:
      - no-cache
      server:
      - Microsoft-HTTPAPI/2.0
      - Microsoft-HTTPAPI/2.0
      strict-transport-security:
      - max-age=31536000; includeSubDomains
      transfer-encoding:
      - chunked
      vary:
      - Accept-Encoding
      x-content-type-options:
      - nosniff
      x-ms-ratelimit-remaining-resource:
      - Microsoft.Compute/GetVMScaleSetVM3Min;995,Microsoft.Compute/GetVMScaleSetVM30Min;4994,Microsoft.Compute/VMScaleSetVMViews3Min;4971
      x-ms-request-charge:
      - '1'
    status:
      code: 200
      message: OK
- request:
    body: null
    headers:
      Accept:
      - application/json
      Accept-Encoding:
      - gzip, deflate
      CommandName:
      - vmss start
      Connection:
      - keep-alive
      Content-Length:
      - '0'
      ParameterSetName:
      - --resource-group --name --instance-ids
      User-Agent:
      - python/3.7.4 (Windows-10-10.0.18362-SP0) msrest/0.6.9 msrest_azure/0.6.3 azure-mgmt-compute/13.0.0
        Azure-SDK-For-Python AZURECLI/2.8.0
      accept-language:
      - en-US
    method: POST
    uri: https://management.azure.com/subscriptions/00000000-0000-0000-0000-000000000000/resourceGroups/cli_test_vmss_vms000001/providers/Microsoft.Compute/virtualMachineScaleSets/vmss1/virtualmachines/%2A/start?api-version=2020-06-01
  response:
    body:
      string: ''
    headers:
      azure-asyncoperation:
      - https://management.azure.com/subscriptions/00000000-0000-0000-0000-000000000000/providers/Microsoft.Compute/locations/westus/operations/06a3d086-0110-4c2c-b9c0-7565d45ffc56?api-version=2020-06-01
      cache-control:
      - no-cache
      content-length:
      - '0'
      date:
      - Thu, 09 Jul 2020 07:15:34 GMT
      expires:
      - '-1'
      location:
      - https://management.azure.com/subscriptions/00000000-0000-0000-0000-000000000000/providers/Microsoft.Compute/locations/westus/operations/06a3d086-0110-4c2c-b9c0-7565d45ffc56?monitor=true&api-version=2020-06-01
      pragma:
      - no-cache
      server:
      - Microsoft-HTTPAPI/2.0
      - Microsoft-HTTPAPI/2.0
      strict-transport-security:
      - max-age=31536000; includeSubDomains
      x-content-type-options:
      - nosniff
      x-ms-ratelimit-remaining-resource:
      - Microsoft.Compute/VMScaleSetActions3Min;237,Microsoft.Compute/VMScaleSetActions30Min;1193,Microsoft.Compute/VMScaleSetVMActions3Min;198,Microsoft.Compute/VMScaleSetVMActions30Min;998,Microsoft.Compute/VMScaleSetBatchedVMRequests5Min;1145,Microsoft.Compute/VmssQueuedVMOperations;4798
      x-ms-ratelimit-remaining-subscription-writes:
      - '1199'
      x-ms-request-charge:
      - '2'
    status:
      code: 202
      message: Accepted
- request:
    body: null
    headers:
      Accept:
      - application/json
      Accept-Encoding:
      - gzip, deflate
      CommandName:
      - vmss start
      Connection:
      - keep-alive
      ParameterSetName:
      - --resource-group --name --instance-ids
      User-Agent:
      - python/3.7.4 (Windows-10-10.0.18362-SP0) msrest/0.6.9 msrest_azure/0.6.3 azure-mgmt-compute/13.0.0
        Azure-SDK-For-Python AZURECLI/2.8.0
    method: GET
    uri: https://management.azure.com/subscriptions/00000000-0000-0000-0000-000000000000/providers/Microsoft.Compute/locations/westus/operations/06a3d086-0110-4c2c-b9c0-7565d45ffc56?api-version=2020-06-01
  response:
    body:
      string: "{\r\n  \"startTime\": \"2020-07-09T07:15:34.5421951+00:00\",\r\n  \"endTime\":
        \"2020-07-09T07:15:38.5892139+00:00\",\r\n  \"status\": \"Succeeded\",\r\n
        \ \"name\": \"06a3d086-0110-4c2c-b9c0-7565d45ffc56\"\r\n}"
    headers:
      cache-control:
      - no-cache
      content-length:
      - '184'
      content-type:
      - application/json; charset=utf-8
      date:
      - Thu, 09 Jul 2020 07:16:04 GMT
      expires:
      - '-1'
      pragma:
      - no-cache
      server:
      - Microsoft-HTTPAPI/2.0
      - Microsoft-HTTPAPI/2.0
      strict-transport-security:
      - max-age=31536000; includeSubDomains
      transfer-encoding:
      - chunked
      vary:
      - Accept-Encoding
      x-content-type-options:
      - nosniff
      x-ms-ratelimit-remaining-resource:
      - Microsoft.Compute/GetOperation3Min;14948,Microsoft.Compute/GetOperation30Min;29822
    status:
      code: 200
      message: OK
- request:
    body: null
    headers:
      Accept:
      - application/json
      Accept-Encoding:
      - gzip, deflate
      CommandName:
      - vmss get-instance-view
      Connection:
      - keep-alive
      ParameterSetName:
      - --resource-group --name --instance-id
      User-Agent:
      - python/3.7.4 (Windows-10-10.0.18362-SP0) msrest/0.6.9 msrest_azure/0.6.3 azure-mgmt-compute/13.0.0
        Azure-SDK-For-Python AZURECLI/2.8.0
      accept-language:
      - en-US
    method: GET
    uri: https://management.azure.com/subscriptions/00000000-0000-0000-0000-000000000000/resourceGroups/cli_test_vmss_vms000001/providers/Microsoft.Compute/virtualMachineScaleSets/vmss1/virtualmachines/0/instanceView?api-version=2020-06-01
  response:
    body:
      string: "{\r\n  \"placementGroupId\": \"eb069a5b-fadf-432d-887b-a83b1a671bce\",\r\n
        \ \"platformUpdateDomain\": 0,\r\n  \"platformFaultDomain\": 0,\r\n  \"computerName\":
        \"vmss1b774000000\",\r\n  \"osName\": \"ubuntu\",\r\n  \"osVersion\": \"18.04\",\r\n
        \ \"vmAgent\": {\r\n    \"vmAgentVersion\": \"2.2.49.2\",\r\n    \"statuses\":
        [\r\n      {\r\n        \"code\": \"ProvisioningState/succeeded\",\r\n        \"level\":
        \"Info\",\r\n        \"displayStatus\": \"Ready\",\r\n        \"message\":
        \"Guest Agent is running\",\r\n        \"time\": \"2020-07-09T07:16:04+00:00\"\r\n
        \     }\r\n    ],\r\n    \"extensionHandlers\": []\r\n  },\r\n  \"disks\":
        [\r\n    {\r\n      \"name\": \"vmss1_vmss1_0_OsDisk_1_8af9b9f037614fc9a7c11c4be19c3661\",\r\n
        \     \"statuses\": [\r\n        {\r\n          \"code\": \"ProvisioningState/succeeded\",\r\n
        \         \"level\": \"Info\",\r\n          \"displayStatus\": \"Provisioning
        succeeded\",\r\n          \"time\": \"2020-07-09T07:13:57.662321+00:00\"\r\n
        \       }\r\n      ]\r\n    }\r\n  ],\r\n  \"hyperVGeneration\": \"V1\",\r\n
        \ \"statuses\": [\r\n    {\r\n      \"code\": \"ProvisioningState/succeeded\",\r\n
        \     \"level\": \"Info\",\r\n      \"displayStatus\": \"Provisioning succeeded\",\r\n
        \     \"time\": \"2020-07-09T07:15:38.5736107+00:00\"\r\n    },\r\n    {\r\n
        \     \"code\": \"PowerState/running\",\r\n      \"level\": \"Info\",\r\n
        \     \"displayStatus\": \"VM running\"\r\n    }\r\n  ]\r\n}"
    headers:
      cache-control:
      - no-cache
      content-length:
      - '1238'
      content-type:
      - application/json; charset=utf-8
      date:
      - Thu, 09 Jul 2020 07:16:05 GMT
      expires:
      - '-1'
      pragma:
      - no-cache
      server:
      - Microsoft-HTTPAPI/2.0
      - Microsoft-HTTPAPI/2.0
      strict-transport-security:
      - max-age=31536000; includeSubDomains
      transfer-encoding:
      - chunked
      vary:
      - Accept-Encoding
      x-content-type-options:
      - nosniff
      x-ms-ratelimit-remaining-resource:
      - Microsoft.Compute/GetVMScaleSetVM3Min;994,Microsoft.Compute/GetVMScaleSetVM30Min;4993,Microsoft.Compute/VMScaleSetVMViews3Min;4974
      x-ms-request-charge:
      - '1'
    status:
      code: 200
      message: OK
- request:
    body: null
    headers:
      Accept:
      - application/json
      Accept-Encoding:
      - gzip, deflate
      CommandName:
      - vmss get-instance-view
      Connection:
      - keep-alive
      ParameterSetName:
      - --resource-group --name --instance-id
      User-Agent:
      - python/3.7.4 (Windows-10-10.0.18362-SP0) msrest/0.6.9 msrest_azure/0.6.3 azure-mgmt-compute/13.0.0
        Azure-SDK-For-Python AZURECLI/2.8.0
      accept-language:
      - en-US
    method: GET
    uri: https://management.azure.com/subscriptions/00000000-0000-0000-0000-000000000000/resourceGroups/cli_test_vmss_vms000001/providers/Microsoft.Compute/virtualMachineScaleSets/vmss1/virtualmachines/1/instanceView?api-version=2020-06-01
  response:
    body:
      string: "{\r\n  \"placementGroupId\": \"eb069a5b-fadf-432d-887b-a83b1a671bce\",\r\n
        \ \"platformUpdateDomain\": 1,\r\n  \"platformFaultDomain\": 1,\r\n  \"computerName\":
        \"vmss1b774000001\",\r\n  \"osName\": \"ubuntu\",\r\n  \"osVersion\": \"18.04\",\r\n
        \ \"vmAgent\": {\r\n    \"vmAgentVersion\": \"2.2.49.2\",\r\n    \"statuses\":
        [\r\n      {\r\n        \"code\": \"ProvisioningState/succeeded\",\r\n        \"level\":
        \"Info\",\r\n        \"displayStatus\": \"Ready\",\r\n        \"message\":
        \"Guest Agent is running\",\r\n        \"time\": \"2020-07-09T07:16:02+00:00\"\r\n
        \     }\r\n    ],\r\n    \"extensionHandlers\": []\r\n  },\r\n  \"disks\":
        [\r\n    {\r\n      \"name\": \"vmss1_vmss1_1_OsDisk_1_ec15d08fffac4834a516f636d76bfefe\",\r\n
        \     \"statuses\": [\r\n        {\r\n          \"code\": \"ProvisioningState/succeeded\",\r\n
        \         \"level\": \"Info\",\r\n          \"displayStatus\": \"Provisioning
        succeeded\",\r\n          \"time\": \"2020-07-09T07:13:57.662321+00:00\"\r\n
        \       }\r\n      ]\r\n    }\r\n  ],\r\n  \"hyperVGeneration\": \"V1\",\r\n
        \ \"statuses\": [\r\n    {\r\n      \"code\": \"ProvisioningState/succeeded\",\r\n
        \     \"level\": \"Info\",\r\n      \"displayStatus\": \"Provisioning succeeded\",\r\n
        \     \"time\": \"2020-07-09T07:15:37.6516866+00:00\"\r\n    },\r\n    {\r\n
        \     \"code\": \"PowerState/running\",\r\n      \"level\": \"Info\",\r\n
        \     \"displayStatus\": \"VM running\"\r\n    }\r\n  ]\r\n}"
    headers:
      cache-control:
      - no-cache
      content-length:
      - '1238'
      content-type:
      - application/json; charset=utf-8
      date:
      - Thu, 09 Jul 2020 07:16:05 GMT
      expires:
      - '-1'
      pragma:
      - no-cache
      server:
      - Microsoft-HTTPAPI/2.0
      - Microsoft-HTTPAPI/2.0
      strict-transport-security:
      - max-age=31536000; includeSubDomains
      transfer-encoding:
      - chunked
      vary:
      - Accept-Encoding
      x-content-type-options:
      - nosniff
      x-ms-ratelimit-remaining-resource:
      - Microsoft.Compute/GetVMScaleSetVM3Min;993,Microsoft.Compute/GetVMScaleSetVM30Min;4992,Microsoft.Compute/VMScaleSetVMViews3Min;4973
      x-ms-request-charge:
      - '1'
    status:
      code: 200
      message: OK
- request:
    body: null
    headers:
      Accept:
      - application/json
      Accept-Encoding:
      - gzip, deflate
      CommandName:
      - vmss deallocate
      Connection:
      - keep-alive
      Content-Length:
      - '0'
      ParameterSetName:
      - --resource-group --name --instance-ids
      User-Agent:
      - python/3.7.4 (Windows-10-10.0.18362-SP0) msrest/0.6.9 msrest_azure/0.6.3 azure-mgmt-compute/13.0.0
        Azure-SDK-For-Python AZURECLI/2.8.0
      accept-language:
      - en-US
    method: POST
    uri: https://management.azure.com/subscriptions/00000000-0000-0000-0000-000000000000/resourceGroups/cli_test_vmss_vms000001/providers/Microsoft.Compute/virtualMachineScaleSets/vmss1/virtualmachines/%2A/deallocate?api-version=2020-06-01
  response:
    body:
      string: ''
    headers:
      azure-asyncoperation:
      - https://management.azure.com/subscriptions/00000000-0000-0000-0000-000000000000/providers/Microsoft.Compute/locations/westus/operations/920b998f-c2ca-4520-bf9f-d121071642e1?api-version=2020-06-01
      cache-control:
      - no-cache
      content-length:
      - '0'
      date:
      - Thu, 09 Jul 2020 07:16:07 GMT
      expires:
      - '-1'
      location:
      - https://management.azure.com/subscriptions/00000000-0000-0000-0000-000000000000/providers/Microsoft.Compute/locations/westus/operations/920b998f-c2ca-4520-bf9f-d121071642e1?monitor=true&api-version=2020-06-01
      pragma:
      - no-cache
      server:
      - Microsoft-HTTPAPI/2.0
      - Microsoft-HTTPAPI/2.0
      strict-transport-security:
      - max-age=31536000; includeSubDomains
      x-content-type-options:
      - nosniff
      x-ms-ratelimit-remaining-resource:
      - Microsoft.Compute/DeleteVMScaleSetVM3Min;238,Microsoft.Compute/DeleteVMScaleSetVM30Min;1198,Microsoft.Compute/VMScaleSetBatchedVMRequests5Min;1145,Microsoft.Compute/VmssQueuedVMOperations;4798
      x-ms-ratelimit-remaining-subscription-writes:
      - '1198'
      x-ms-request-charge:
      - '2'
    status:
      code: 202
      message: Accepted
- request:
    body: null
    headers:
      Accept:
      - application/json
      Accept-Encoding:
      - gzip, deflate
      CommandName:
      - vmss deallocate
      Connection:
      - keep-alive
      ParameterSetName:
      - --resource-group --name --instance-ids
      User-Agent:
      - python/3.7.4 (Windows-10-10.0.18362-SP0) msrest/0.6.9 msrest_azure/0.6.3 azure-mgmt-compute/13.0.0
        Azure-SDK-For-Python AZURECLI/2.8.0
    method: GET
    uri: https://management.azure.com/subscriptions/00000000-0000-0000-0000-000000000000/providers/Microsoft.Compute/locations/westus/operations/920b998f-c2ca-4520-bf9f-d121071642e1?api-version=2020-06-01
  response:
    body:
      string: "{\r\n  \"startTime\": \"2020-07-09T07:16:07.4344301+00:00\",\r\n  \"status\":
        \"InProgress\",\r\n  \"name\": \"920b998f-c2ca-4520-bf9f-d121071642e1\"\r\n}"
    headers:
      cache-control:
      - no-cache
      content-length:
      - '134'
      content-type:
      - application/json; charset=utf-8
      date:
      - Thu, 09 Jul 2020 07:16:37 GMT
      expires:
      - '-1'
      pragma:
      - no-cache
      server:
      - Microsoft-HTTPAPI/2.0
      - Microsoft-HTTPAPI/2.0
      strict-transport-security:
      - max-age=31536000; includeSubDomains
      transfer-encoding:
      - chunked
      vary:
      - Accept-Encoding
      x-content-type-options:
      - nosniff
      x-ms-ratelimit-remaining-resource:
      - Microsoft.Compute/GetOperation3Min;14952,Microsoft.Compute/GetOperation30Min;29813
    status:
      code: 200
      message: OK
- request:
    body: null
    headers:
      Accept:
      - application/json
      Accept-Encoding:
      - gzip, deflate
      CommandName:
      - vmss deallocate
      Connection:
      - keep-alive
      ParameterSetName:
      - --resource-group --name --instance-ids
      User-Agent:
      - python/3.7.4 (Windows-10-10.0.18362-SP0) msrest/0.6.9 msrest_azure/0.6.3 azure-mgmt-compute/13.0.0
        Azure-SDK-For-Python AZURECLI/2.8.0
    method: GET
    uri: https://management.azure.com/subscriptions/00000000-0000-0000-0000-000000000000/providers/Microsoft.Compute/locations/westus/operations/920b998f-c2ca-4520-bf9f-d121071642e1?api-version=2020-06-01
  response:
    body:
      string: "{\r\n  \"startTime\": \"2020-07-09T07:16:07.4344301+00:00\",\r\n  \"endTime\":
        \"2020-07-09T07:16:41.3425691+00:00\",\r\n  \"status\": \"Succeeded\",\r\n
        \ \"name\": \"920b998f-c2ca-4520-bf9f-d121071642e1\"\r\n}"
    headers:
      cache-control:
      - no-cache
      content-length:
      - '184'
      content-type:
      - application/json; charset=utf-8
      date:
      - Thu, 09 Jul 2020 07:17:08 GMT
      expires:
      - '-1'
      pragma:
      - no-cache
      server:
      - Microsoft-HTTPAPI/2.0
      - Microsoft-HTTPAPI/2.0
      strict-transport-security:
      - max-age=31536000; includeSubDomains
      transfer-encoding:
      - chunked
      vary:
      - Accept-Encoding
      x-content-type-options:
      - nosniff
      x-ms-ratelimit-remaining-resource:
      - Microsoft.Compute/GetOperation3Min;14954,Microsoft.Compute/GetOperation30Min;29807
    status:
      code: 200
      message: OK
- request:
    body: null
    headers:
      Accept:
      - application/json
      Accept-Encoding:
      - gzip, deflate
      CommandName:
      - vmss get-instance-view
      Connection:
      - keep-alive
      ParameterSetName:
      - --resource-group --name --instance-id
      User-Agent:
      - python/3.7.4 (Windows-10-10.0.18362-SP0) msrest/0.6.9 msrest_azure/0.6.3 azure-mgmt-compute/13.0.0
        Azure-SDK-For-Python AZURECLI/2.8.0
      accept-language:
      - en-US
    method: GET
    uri: https://management.azure.com/subscriptions/00000000-0000-0000-0000-000000000000/resourceGroups/cli_test_vmss_vms000001/providers/Microsoft.Compute/virtualMachineScaleSets/vmss1/virtualmachines/0/instanceView?api-version=2020-06-01
  response:
    body:
      string: "{\r\n  \"placementGroupId\": \"eb069a5b-fadf-432d-887b-a83b1a671bce\",\r\n
        \ \"platformUpdateDomain\": 0,\r\n  \"platformFaultDomain\": 0,\r\n  \"disks\":
        [\r\n    {\r\n      \"name\": \"vmss1_vmss1_0_OsDisk_1_8af9b9f037614fc9a7c11c4be19c3661\",\r\n
        \     \"statuses\": [\r\n        {\r\n          \"code\": \"ProvisioningState/succeeded\",\r\n
        \         \"level\": \"Info\",\r\n          \"displayStatus\": \"Provisioning
        succeeded\",\r\n          \"time\": \"2020-07-09T07:16:41.0923453+00:00\"\r\n
        \       }\r\n      ]\r\n    }\r\n  ],\r\n  \"hyperVGeneration\": \"V1\",\r\n
        \ \"statuses\": [\r\n    {\r\n      \"code\": \"ProvisioningState/succeeded\",\r\n
        \     \"level\": \"Info\",\r\n      \"displayStatus\": \"Provisioning succeeded\",\r\n
        \     \"time\": \"2020-07-09T07:16:41.1083887+00:00\"\r\n    },\r\n    {\r\n
        \     \"code\": \"PowerState/deallocated\",\r\n      \"level\": \"Info\",\r\n
        \     \"displayStatus\": \"VM deallocated\"\r\n    }\r\n  ]\r\n}"
    headers:
      cache-control:
      - no-cache
      content-length:
      - '830'
      content-type:
      - application/json; charset=utf-8
      date:
      - Thu, 09 Jul 2020 07:17:08 GMT
      expires:
      - '-1'
      pragma:
      - no-cache
      server:
      - Microsoft-HTTPAPI/2.0
      - Microsoft-HTTPAPI/2.0
      strict-transport-security:
      - max-age=31536000; includeSubDomains
      transfer-encoding:
      - chunked
      vary:
      - Accept-Encoding
      x-content-type-options:
      - nosniff
      x-ms-ratelimit-remaining-resource:
      - Microsoft.Compute/GetVMScaleSetVM3Min;993,Microsoft.Compute/GetVMScaleSetVM30Min;4991,Microsoft.Compute/VMScaleSetVMViews3Min;4983
      x-ms-request-charge:
      - '1'
    status:
      code: 200
      message: OK
- request:
    body: null
    headers:
      Accept:
      - application/json
      Accept-Encoding:
      - gzip, deflate
      CommandName:
      - vmss get-instance-view
      Connection:
      - keep-alive
      ParameterSetName:
      - --resource-group --name --instance-id
      User-Agent:
      - python/3.7.4 (Windows-10-10.0.18362-SP0) msrest/0.6.9 msrest_azure/0.6.3 azure-mgmt-compute/13.0.0
        Azure-SDK-For-Python AZURECLI/2.8.0
      accept-language:
      - en-US
    method: GET
    uri: https://management.azure.com/subscriptions/00000000-0000-0000-0000-000000000000/resourceGroups/cli_test_vmss_vms000001/providers/Microsoft.Compute/virtualMachineScaleSets/vmss1/virtualmachines/1/instanceView?api-version=2020-06-01
  response:
    body:
      string: "{\r\n  \"placementGroupId\": \"eb069a5b-fadf-432d-887b-a83b1a671bce\",\r\n
        \ \"platformUpdateDomain\": 1,\r\n  \"platformFaultDomain\": 1,\r\n  \"disks\":
        [\r\n    {\r\n      \"name\": \"vmss1_vmss1_1_OsDisk_1_ec15d08fffac4834a516f636d76bfefe\",\r\n
        \     \"statuses\": [\r\n        {\r\n          \"code\": \"ProvisioningState/succeeded\",\r\n
        \         \"level\": \"Info\",\r\n          \"displayStatus\": \"Provisioning
        succeeded\",\r\n          \"time\": \"2020-07-09T07:16:41.3110984+00:00\"\r\n
        \       }\r\n      ]\r\n    }\r\n  ],\r\n  \"hyperVGeneration\": \"V1\",\r\n
        \ \"statuses\": [\r\n    {\r\n      \"code\": \"ProvisioningState/succeeded\",\r\n
        \     \"level\": \"Info\",\r\n      \"displayStatus\": \"Provisioning succeeded\",\r\n
        \     \"time\": \"2020-07-09T07:16:41.3267664+00:00\"\r\n    },\r\n    {\r\n
        \     \"code\": \"PowerState/deallocated\",\r\n      \"level\": \"Info\",\r\n
        \     \"displayStatus\": \"VM deallocated\"\r\n    }\r\n  ]\r\n}"
    headers:
      cache-control:
      - no-cache
      content-length:
      - '830'
      content-type:
      - application/json; charset=utf-8
      date:
      - Thu, 09 Jul 2020 07:17:09 GMT
      expires:
      - '-1'
      pragma:
      - no-cache
      server:
      - Microsoft-HTTPAPI/2.0
      - Microsoft-HTTPAPI/2.0
      strict-transport-security:
      - max-age=31536000; includeSubDomains
      transfer-encoding:
      - chunked
      vary:
      - Accept-Encoding
      x-content-type-options:
      - nosniff
      x-ms-ratelimit-remaining-resource:
      - Microsoft.Compute/GetVMScaleSetVM3Min;992,Microsoft.Compute/GetVMScaleSetVM30Min;4990,Microsoft.Compute/VMScaleSetVMViews3Min;4982
      x-ms-request-charge:
      - '1'
    status:
      code: 200
      message: OK
- request:
    body: null
    headers:
      Accept:
      - application/json
      Accept-Encoding:
      - gzip, deflate
      CommandName:
      - vmss delete-instances
      Connection:
      - keep-alive
      Content-Length:
      - '0'
      ParameterSetName:
      - --resource-group --name --instance-ids
      User-Agent:
      - python/3.7.4 (Windows-10-10.0.18362-SP0) msrest/0.6.9 msrest_azure/0.6.3 azure-mgmt-compute/13.0.0
        Azure-SDK-For-Python AZURECLI/2.8.0
      accept-language:
      - en-US
    method: DELETE
    uri: https://management.azure.com/subscriptions/00000000-0000-0000-0000-000000000000/resourceGroups/cli_test_vmss_vms000001/providers/Microsoft.Compute/virtualMachineScaleSets/vmss1/virtualmachines/%2A?api-version=2020-06-01
  response:
    body:
      string: ''
    headers:
      azure-asyncoperation:
      - https://management.azure.com/subscriptions/00000000-0000-0000-0000-000000000000/providers/Microsoft.Compute/locations/westus/operations/85f3e1ab-a535-4998-a4a7-99d5b3461794?api-version=2020-06-01
      cache-control:
      - no-cache
      content-length:
      - '0'
      date:
      - Thu, 09 Jul 2020 07:17:10 GMT
      expires:
      - '-1'
      location:
      - https://management.azure.com/subscriptions/00000000-0000-0000-0000-000000000000/providers/Microsoft.Compute/locations/westus/operations/85f3e1ab-a535-4998-a4a7-99d5b3461794?monitor=true&api-version=2020-06-01
      pragma:
      - no-cache
      server:
      - Microsoft-HTTPAPI/2.0
      - Microsoft-HTTPAPI/2.0
      strict-transport-security:
      - max-age=31536000; includeSubDomains
      x-content-type-options:
      - nosniff
      x-ms-ratelimit-remaining-resource:
      - Microsoft.Compute/DeleteVMScaleSetVM3Min;237,Microsoft.Compute/DeleteVMScaleSetVM30Min;1197,Microsoft.Compute/VMScaleSetBatchedVMRequests5Min;1152,Microsoft.Compute/VmssQueuedVMOperations;4798
      x-ms-ratelimit-remaining-subscription-deletes:
      - '14999'
      x-ms-request-charge:
      - '2'
    status:
      code: 202
      message: Accepted
- request:
    body: null
    headers:
      Accept:
      - application/json
      Accept-Encoding:
      - gzip, deflate
      CommandName:
      - vmss delete-instances
      Connection:
      - keep-alive
      ParameterSetName:
      - --resource-group --name --instance-ids
      User-Agent:
      - python/3.7.4 (Windows-10-10.0.18362-SP0) msrest/0.6.9 msrest_azure/0.6.3 azure-mgmt-compute/13.0.0
        Azure-SDK-For-Python AZURECLI/2.8.0
    method: GET
    uri: https://management.azure.com/subscriptions/00000000-0000-0000-0000-000000000000/providers/Microsoft.Compute/locations/westus/operations/85f3e1ab-a535-4998-a4a7-99d5b3461794?api-version=2020-06-01
  response:
    body:
      string: "{\r\n  \"startTime\": \"2020-07-09T07:17:10.3906496+00:00\",\r\n  \"endTime\":
        \"2020-07-09T07:17:11.3594418+00:00\",\r\n  \"status\": \"Succeeded\",\r\n
        \ \"name\": \"85f3e1ab-a535-4998-a4a7-99d5b3461794\"\r\n}"
    headers:
      cache-control:
      - no-cache
      content-length:
      - '184'
      content-type:
      - application/json; charset=utf-8
      date:
      - Thu, 09 Jul 2020 07:17:44 GMT
      expires:
      - '-1'
      pragma:
      - no-cache
      server:
      - Microsoft-HTTPAPI/2.0
      - Microsoft-HTTPAPI/2.0
      strict-transport-security:
      - max-age=31536000; includeSubDomains
      transfer-encoding:
      - chunked
      vary:
      - Accept-Encoding
      x-content-type-options:
      - nosniff
      x-ms-ratelimit-remaining-resource:
      - Microsoft.Compute/GetOperation3Min;14955,Microsoft.Compute/GetOperation30Min;29797
    status:
      code: 200
      message: OK
- request:
    body: null
    headers:
      Accept:
      - application/json
      Accept-Encoding:
      - gzip, deflate
      CommandName:
      - vmss list-instances
      Connection:
      - keep-alive
      ParameterSetName:
      - --resource-group --name
      User-Agent:
      - python/3.7.4 (Windows-10-10.0.18362-SP0) msrest/0.6.9 msrest_azure/0.6.3 azure-mgmt-compute/13.0.0
        Azure-SDK-For-Python AZURECLI/2.8.0
      accept-language:
      - en-US
    method: GET
    uri: https://management.azure.com/subscriptions/00000000-0000-0000-0000-000000000000/resourceGroups/cli_test_vmss_vms000001/providers/Microsoft.Compute/virtualMachineScaleSets/vmss1/virtualMachines?api-version=2020-06-01
  response:
    body:
      string: "{\r\n  \"value\": []\r\n}"
    headers:
      cache-control:
      - no-cache
      content-length:
      - '19'
      content-type:
      - application/json; charset=utf-8
      date:
      - Thu, 09 Jul 2020 07:17:45 GMT
      expires:
      - '-1'
      pragma:
      - no-cache
      server:
      - Microsoft-HTTPAPI/2.0
      - Microsoft-HTTPAPI/2.0
      strict-transport-security:
      - max-age=31536000; includeSubDomains
      transfer-encoding:
      - chunked
      vary:
      - Accept-Encoding
      x-content-type-options:
      - nosniff
      x-ms-ratelimit-remaining-resource:
      - Microsoft.Compute/HighCostGetVMScaleSet3Min;175,Microsoft.Compute/HighCostGetVMScaleSet30Min;850
    status:
      code: 200
      message: OK
version: 1
