interactions:
- request:
    body: null
    headers:
      Accept:
      - application/json
      Accept-Encoding:
      - gzip, deflate
      CommandName:
      - vmss create
      Connection:
      - keep-alive
      ParameterSetName:
      - -n -g --image --authentication-type --admin-username --admin-password --instance-count
      User-Agent:
      - AZURECLI/2.37.0 azsdk-python-azure-mgmt-resource/21.1.0b1 Python/3.10.5 (Windows-10-10.0.19044-SP0)
    method: GET
    uri: https://management.azure.com/subscriptions/00000000-0000-0000-0000-000000000000/resourcegroups/cli_test_vmss_extension_2000001?api-version=2021-04-01
  response:
    body:
      string: '{"id":"/subscriptions/00000000-0000-0000-0000-000000000000/resourceGroups/cli_test_vmss_extension_2000001","name":"cli_test_vmss_extension_2000001","type":"Microsoft.Resources/resourceGroups","location":"westus","tags":{"product":"azurecli","cause":"automation","date":"2022-06-23T04:28:34Z"},"properties":{"provisioningState":"Succeeded"}}'
    headers:
      cache-control:
      - no-cache
      content-length:
      - '340'
      content-type:
      - application/json; charset=utf-8
      date:
      - Thu, 23 Jun 2022 04:28:36 GMT
      expires:
      - '-1'
      pragma:
      - no-cache
      strict-transport-security:
      - max-age=31536000; includeSubDomains
      vary:
      - Accept-Encoding
      x-content-type-options:
      - nosniff
    status:
      code: 200
      message: OK
- request:
    body: null
    headers:
      Accept:
      - '*/*'
      Accept-Encoding:
      - gzip, deflate
      Connection:
      - keep-alive
      User-Agent:
      - python-requests/2.26.0
    method: GET
    uri: https://raw.githubusercontent.com/Azure/azure-rest-api-specs/main/arm-compute/quickstart-templates/aliases.json
  response:
    body:
      string: "{\n  \"$schema\": \"http://schema.management.azure.com/schemas/2015-01-01/deploymentTemplate.json\",\n
        \ \"contentVersion\": \"1.0.0.0\",\n  \"parameters\": {},\n  \"variables\":
        {},\n  \"resources\": [],\n  \"outputs\": {\n    \"aliases\": {\n      \"type\":
        \"object\",\n      \"value\": {\n        \"Linux\": {\n          \"CentOS\":
        {\n            \"publisher\": \"OpenLogic\",\n            \"offer\": \"CentOS\",\n
        \           \"sku\": \"7.5\",\n            \"version\": \"latest\",\n            \"architecture\":
        \"x64\"\n          },\n          \"Debian\": {\n            \"publisher\":
        \"Debian\",\n            \"offer\": \"debian-10\",\n            \"sku\": \"10\",\n
        \           \"version\": \"latest\",\n            \"architecture\": \"x64\"\n
        \         },\n          \"Flatcar\": {\n            \"publisher\": \"kinvolk\",\n
        \           \"offer\": \"flatcar-container-linux-free\",\n            \"sku\":
        \"stable\",\n            \"version\": \"latest\",\n            \"architecture\":
        \"x64\"\n          },\n          \"openSUSE-Leap\": {\n            \"publisher\":
        \"SUSE\",\n            \"offer\": \"opensuse-leap-15-3\",\n            \"sku\":
        \"gen2\",\n            \"version\": \"latest\",\n            \"architecture\":
        \"x64\"\n          },\n          \"RHEL\": {\n            \"publisher\": \"RedHat\",\n
        \           \"offer\": \"RHEL\",\n            \"sku\": \"7-LVM\",\n            \"version\":
        \"latest\",\n            \"architecture\": \"x64\"\n          },\n          \"SLES\":
        {\n            \"publisher\": \"SUSE\",\n            \"offer\": \"sles-15-sp3\",\n
        \           \"sku\": \"gen2\",\n            \"version\": \"latest\",\n            \"architecture\":
        \"x64\"\n          },\n          \"UbuntuLTS\": {\n            \"publisher\":
        \"Canonical\",\n            \"offer\": \"UbuntuServer\",\n            \"sku\":
        \"18.04-LTS\",\n            \"version\": \"latest\",\n            \"architecture\":
        \"x64\"\n          }\n        },\n        \"Windows\": {\n          \"Win2022Datacenter\":
        {\n            \"publisher\": \"MicrosoftWindowsServer\",\n            \"offer\":
        \"WindowsServer\",\n            \"sku\": \"2022-Datacenter\",\n            \"version\":
        \"latest\",\n            \"architecture\": \"x64\"\n          },\n          \"Win2022AzureEditionCore\":
        {\n            \"publisher\": \"MicrosoftWindowsServer\",\n            \"offer\":
        \"WindowsServer\",\n            \"sku\": \"2022-datacenter-azure-edition-core\",\n
        \           \"version\": \"latest\",\n            \"architecture\": \"x64\"\n
        \         },\n          \"Win2019Datacenter\": {\n            \"publisher\":
        \"MicrosoftWindowsServer\",\n            \"offer\": \"WindowsServer\",\n            \"sku\":
        \"2019-Datacenter\",\n            \"version\": \"latest\",\n            \"architecture\":
        \"x64\"\n          },\n          \"Win2016Datacenter\": {\n            \"publisher\":
        \"MicrosoftWindowsServer\",\n            \"offer\": \"WindowsServer\",\n            \"sku\":
        \"2016-Datacenter\",\n            \"version\": \"latest\",\n            \"architecture\":
        \"x64\"\n          },\n          \"Win2012R2Datacenter\": {\n            \"publisher\":
        \"MicrosoftWindowsServer\",\n            \"offer\": \"WindowsServer\",\n            \"sku\":
        \"2012-R2-Datacenter\",\n            \"version\": \"latest\",\n            \"architecture\":
        \"x64\"\n          },\n          \"Win2012Datacenter\": {\n            \"publisher\":
        \"MicrosoftWindowsServer\",\n            \"offer\": \"WindowsServer\",\n            \"sku\":
        \"2012-Datacenter\",\n            \"version\": \"latest\",\n            \"architecture\":
        \"x64\"\n          },\n          \"Win2008R2SP1\": {\n            \"publisher\":
        \"MicrosoftWindowsServer\",\n            \"offer\": \"WindowsServer\",\n            \"sku\":
        \"2008-R2-SP1\",\n            \"version\": \"latest\",\n            \"architecture\":
        \"x64\"\n          }\n        }\n      }\n    }\n  }\n}"
    headers:
      accept-ranges:
      - bytes
      access-control-allow-origin:
      - '*'
      cache-control:
      - max-age=300
      connection:
      - keep-alive
      content-length:
      - '3463'
      content-security-policy:
      - default-src 'none'; style-src 'unsafe-inline'; sandbox
      content-type:
      - text/plain; charset=utf-8
      date:
      - Thu, 23 Jun 2022 04:28:37 GMT
      etag:
      - W/"41b202f4dc5098d126019dc00721a4c5e30df0c5196794514fadc3710ee2a5cb"
      expires:
      - Thu, 23 Jun 2022 04:33:37 GMT
      source-age:
      - '195'
      strict-transport-security:
      - max-age=31536000
      vary:
      - Authorization,Accept-Encoding,Origin
      via:
      - 1.1 varnish
      x-cache:
      - HIT
      x-cache-hits:
      - '1'
      x-content-type-options:
      - nosniff
      x-fastly-request-id:
      - 64dc2d75014ab5f912ab84afe1db50044374c6f0
      x-frame-options:
      - deny
      x-github-request-id:
      - 248E:57D0:39301:93749:62B3CCFF
      x-served-by:
      - cache-qpg1264-QPG
      x-timer:
      - S1655958518.754047,VS0,VE1
      x-xss-protection:
      - 1; mode=block
    status:
      code: 200
      message: OK
- request:
    body: null
    headers:
      Accept:
      - application/json
      Accept-Encoding:
      - gzip, deflate
      CommandName:
      - vmss create
      Connection:
      - keep-alive
      ParameterSetName:
      - -n -g --image --authentication-type --admin-username --admin-password --instance-count
      User-Agent:
      - AZURECLI/2.37.0 azsdk-python-azure-mgmt-compute/27.1.0 Python/3.10.5 (Windows-10-10.0.19044-SP0)
    method: GET
    uri: https://management.azure.com/subscriptions/00000000-0000-0000-0000-000000000000/providers/Microsoft.Compute/locations/westus/publishers/Canonical/artifacttypes/vmimage/offers/UbuntuServer/skus/18.04-LTS/versions?$top=1&$orderby=name%20desc&api-version=2022-03-01
  response:
    body:
      string: "[\r\n  {\r\n    \"location\": \"westus\",\r\n    \"name\": \"18.04.202206150\",\r\n
        \   \"id\": \"/Subscriptions/00000000-0000-0000-0000-000000000000/Providers/Microsoft.Compute/Locations/westus/Publishers/Canonical/ArtifactTypes/VMImage/Offers/UbuntuServer/Skus/18.04-LTS/Versions/18.04.202206150\"\r\n
        \ }\r\n]"
    headers:
      cache-control:
      - no-cache
      content-length:
      - '286'
      content-type:
      - application/json; charset=utf-8
      date:
      - Thu, 23 Jun 2022 04:28:38 GMT
      expires:
      - '-1'
      pragma:
      - no-cache
      server:
      - Microsoft-HTTPAPI/2.0
      - Microsoft-HTTPAPI/2.0
      strict-transport-security:
      - max-age=31536000; includeSubDomains
      transfer-encoding:
      - chunked
      vary:
      - Accept-Encoding
      x-content-type-options:
      - nosniff
      x-ms-ratelimit-remaining-resource:
      - Microsoft.Compute/ListVMImagesVersionsFromLocation3Min;15999,Microsoft.Compute/ListVMImagesVersionsFromLocation30Min;43982
    status:
      code: 200
      message: OK
- request:
    body: null
    headers:
      Accept:
      - application/json
      Accept-Encoding:
      - gzip, deflate
      CommandName:
      - vmss create
      Connection:
      - keep-alive
      ParameterSetName:
      - -n -g --image --authentication-type --admin-username --admin-password --instance-count
      User-Agent:
      - AZURECLI/2.37.0 azsdk-python-azure-mgmt-compute/27.1.0 Python/3.10.5 (Windows-10-10.0.19044-SP0)
    method: GET
    uri: https://management.azure.com/subscriptions/00000000-0000-0000-0000-000000000000/providers/Microsoft.Compute/locations/westus/publishers/Canonical/artifacttypes/vmimage/offers/UbuntuServer/skus/18.04-LTS/versions/18.04.202206150?api-version=2022-03-01
  response:
    body:
      string: "{\r\n  \"properties\": {\r\n    \"hyperVGeneration\": \"V1\",\r\n    \"architecture\":
        \"x64\",\r\n    \"replicaType\": \"Unmanaged\",\r\n    \"disallowed\": {\r\n
        \     \"vmDiskType\": \"None\"\r\n    },\r\n    \"automaticOSUpgradeProperties\":
        {\r\n      \"automaticOSUpgradeSupported\": true\r\n    },\r\n    \"imageDeprecationStatus\":
        {\r\n      \"imageState\": \"Active\"\r\n    },\r\n    \"features\": [\r\n
        \     {\r\n        \"name\": \"IsAcceleratedNetworkSupported\",\r\n        \"value\":
        \"True\"\r\n      },\r\n      {\r\n        \"name\": \"DiskControllerTypes\",\r\n
        \       \"value\": \"SCSI\"\r\n      },\r\n      {\r\n        \"name\": \"IsHibernateSupported\",\r\n
        \       \"value\": \"False\"\r\n      }\r\n    ],\r\n    \"osDiskImage\":
        {\r\n      \"operatingSystem\": \"Linux\",\r\n      \"sizeInGb\": 31,\r\n
        \     \"sizeInBytes\": 32213303808\r\n    },\r\n    \"dataDiskImages\": []\r\n
        \ },\r\n  \"location\": \"westus\",\r\n  \"name\": \"18.04.202206150\",\r\n
        \ \"id\": \"/Subscriptions/00000000-0000-0000-0000-000000000000/Providers/Microsoft.Compute/Locations/westus/Publishers/Canonical/ArtifactTypes/VMImage/Offers/UbuntuServer/Skus/18.04-LTS/Versions/18.04.202206150\"\r\n}"
    headers:
      cache-control:
      - no-cache
      content-length:
      - '1043'
      content-type:
      - application/json; charset=utf-8
      date:
      - Thu, 23 Jun 2022 04:28:39 GMT
      expires:
      - '-1'
      pragma:
      - no-cache
      server:
      - Microsoft-HTTPAPI/2.0
      - Microsoft-HTTPAPI/2.0
      strict-transport-security:
      - max-age=31536000; includeSubDomains
      transfer-encoding:
      - chunked
      vary:
      - Accept-Encoding
      x-content-type-options:
      - nosniff
      x-ms-ratelimit-remaining-resource:
      - Microsoft.Compute/GetVMImageFromLocation3Min;12999,Microsoft.Compute/GetVMImageFromLocation30Min;73987
    status:
      code: 200
      message: OK
- request:
    body: null
    headers:
      Accept:
      - application/json, text/json
      Accept-Encoding:
      - gzip, deflate
      CommandName:
      - vmss create
      Connection:
      - keep-alive
      ParameterSetName:
      - -n -g --image --authentication-type --admin-username --admin-password --instance-count
      User-Agent:
      - AZURECLI/2.37.0 azsdk-python-azure-mgmt-network/20.0.0 Python/3.10.5 (Windows-10-10.0.19044-SP0)
    method: GET
    uri: https://management.azure.com/subscriptions/00000000-0000-0000-0000-000000000000/resourceGroups/cli_test_vmss_extension_2000001/providers/Microsoft.Network/virtualNetworks?api-version=2018-01-01
  response:
    body:
      string: '{"value":[]}'
    headers:
      cache-control:
      - no-cache
      content-length:
      - '12'
      content-type:
      - application/json; charset=utf-8
      date:
      - Thu, 23 Jun 2022 04:28:40 GMT
      expires:
      - '-1'
      pragma:
      - no-cache
      strict-transport-security:
      - max-age=31536000; includeSubDomains
      vary:
      - Accept-Encoding
      x-content-type-options:
      - nosniff
    status:
      code: 200
      message: OK
- request:
    body: '{"properties": {"template": {"$schema": "https://schema.management.azure.com/schemas/2015-01-01/deploymentTemplate.json#",
      "contentVersion": "1.0.0.0", "parameters": {"adminPassword": {"type": "securestring",
      "metadata": {"description": "Secure adminPassword"}}}, "variables": {}, "resources":
      [{"name": "vmss1VNET", "type": "Microsoft.Network/virtualNetworks", "location":
      "westus", "apiVersion": "2015-06-15", "dependsOn": [], "tags": {}, "properties":
      {"addressSpace": {"addressPrefixes": ["10.0.0.0/16"]}, "subnets": [{"name":
      "vmss1Subnet", "properties": {"addressPrefix": "10.0.0.0/24"}}]}}, {"apiVersion":
      "2018-01-01", "type": "Microsoft.Network/publicIPAddresses", "name": "vmss1LBPublicIP",
      "location": "westus", "tags": {}, "dependsOn": [], "properties": {"publicIPAllocationMethod":
      "Dynamic"}}, {"type": "Microsoft.Network/loadBalancers", "name": "vmss1LB",
      "location": "westus", "tags": {}, "apiVersion": "2018-01-01", "dependsOn": ["Microsoft.Network/virtualNetworks/vmss1VNET",
      "Microsoft.Network/publicIpAddresses/vmss1LBPublicIP"], "properties": {"backendAddressPools":
      [{"name": "vmss1LBBEPool"}], "frontendIPConfigurations": [{"name": "loadBalancerFrontEnd",
      "properties": {"publicIPAddress": {"id": "/subscriptions/00000000-0000-0000-0000-000000000000/resourceGroups/cli_test_vmss_extension_2000001/providers/Microsoft.Network/publicIPAddresses/vmss1LBPublicIP"}}}],
      "inboundNatPools": [{"name": "vmss1LBNatPool", "properties": {"frontendIPConfiguration":
      {"id": "[concat(resourceId(''Microsoft.Network/loadBalancers'', ''vmss1LB''),
      ''/frontendIPConfigurations/'', ''loadBalancerFrontEnd'')]"}, "protocol": "tcp",
      "frontendPortRangeStart": "50000", "frontendPortRangeEnd": "50119", "backendPort":
      22}}]}}, {"type": "Microsoft.Compute/virtualMachineScaleSets", "name": "vmss1",
      "location": "westus", "tags": {}, "apiVersion": "2021-11-01", "dependsOn": ["Microsoft.Network/virtualNetworks/vmss1VNET",
      "Microsoft.Network/loadBalancers/vmss1LB"], "properties": {"overprovision":
      true, "upgradePolicy": {"mode": "manual", "rollingUpgradePolicy": {}}, "singlePlacementGroup":
      null, "virtualMachineProfile": {"storageProfile": {"osDisk": {"createOption":
      "FromImage", "caching": "ReadWrite", "managedDisk": {"storageAccountType": null}},
      "imageReference": {"publisher": "Canonical", "offer": "UbuntuServer", "sku":
      "18.04-LTS", "version": "latest"}}, "osProfile": {"computerNamePrefix": "vmss10d7a",
      "adminUsername": "admin123", "adminPassword": "[parameters(''adminPassword'')]"},
      "networkProfile": {"networkInterfaceConfigurations": [{"name": "vmss10d7aNic",
      "properties": {"ipConfigurations": [{"name": "vmss10d7aIPConfig", "properties":
      {"subnet": {"id": "/subscriptions/00000000-0000-0000-0000-000000000000/resourceGroups/cli_test_vmss_extension_2000001/providers/Microsoft.Network/virtualNetworks/vmss1VNET/subnets/vmss1Subnet"},
      "loadBalancerBackendAddressPools": [{"id": "/subscriptions/00000000-0000-0000-0000-000000000000/resourceGroups/cli_test_vmss_extension_2000001/providers/Microsoft.Network/loadBalancers/vmss1LB/backendAddressPools/vmss1LBBEPool"}],
      "loadBalancerInboundNatPools": [{"id": "/subscriptions/00000000-0000-0000-0000-000000000000/resourceGroups/cli_test_vmss_extension_2000001/providers/Microsoft.Network/loadBalancers/vmss1LB/inboundNatPools/vmss1LBNatPool"}]}}],
      "primary": "true"}}]}}, "orchestrationMode": "Uniform"}, "sku": {"name": "Standard_DS1_v2",
      "capacity": 1}}], "outputs": {"VMSS": {"type": "object", "value": "[reference(resourceId(''Microsoft.Compute/virtualMachineScaleSets'',
      ''vmss1''),providers(''Microsoft.Compute'', ''virtualMachineScaleSets'').apiVersions[0])]"}}},
      "parameters": {"adminPassword": {"value": "testPassword0"}}, "mode": "incremental"}}'
    headers:
      Accept:
      - application/json
      Accept-Encoding:
      - gzip, deflate
      CommandName:
      - vmss create
      Connection:
      - keep-alive
      Content-Length:
      - '3699'
      Content-Type:
      - application/json
      ParameterSetName:
      - -n -g --image --authentication-type --admin-username --admin-password --instance-count
      User-Agent:
      - AZURECLI/2.37.0 azsdk-python-azure-mgmt-resource/21.1.0b1 Python/3.10.5 (Windows-10-10.0.19044-SP0)
    method: PUT
    uri: https://management.azure.com/subscriptions/00000000-0000-0000-0000-000000000000/resourcegroups/cli_test_vmss_extension_2000001/providers/Microsoft.Resources/deployments/mock-deployment?api-version=2021-04-01
  response:
    body:
      string: '{"id":"/subscriptions/00000000-0000-0000-0000-000000000000/resourceGroups/cli_test_vmss_extension_2000001/providers/Microsoft.Resources/deployments/vmss_deploy_sMlmbTxUsT8Jv2zeVT7hU0SRgb2iHrby","name":"vmss_deploy_sMlmbTxUsT8Jv2zeVT7hU0SRgb2iHrby","type":"Microsoft.Resources/deployments","properties":{"templateHash":"3333017482638273272","parameters":{"adminPassword":{"type":"SecureString"}},"mode":"Incremental","provisioningState":"Accepted","timestamp":"2022-06-23T04:28:55.6739417Z","duration":"PT0.0001096S","correlationId":"6c3b1aa2-2080-42c7-a81b-632dc668c396","providers":[{"namespace":"Microsoft.Network","resourceTypes":[{"resourceType":"virtualNetworks","locations":["westus"]},{"resourceType":"publicIPAddresses","locations":["westus"]},{"resourceType":"loadBalancers","locations":["westus"]}]},{"namespace":"Microsoft.Compute","resourceTypes":[{"resourceType":"virtualMachineScaleSets","locations":["westus"]}]}],"dependencies":[{"dependsOn":[{"id":"/subscriptions/00000000-0000-0000-0000-000000000000/resourceGroups/cli_test_vmss_extension_2000001/providers/Microsoft.Network/virtualNetworks/vmss1VNET","resourceType":"Microsoft.Network/virtualNetworks","resourceName":"vmss1VNET"},{"id":"/subscriptions/00000000-0000-0000-0000-000000000000/resourceGroups/cli_test_vmss_extension_2000001/providers/Microsoft.Network/publicIPAddresses/vmss1LBPublicIP","resourceType":"Microsoft.Network/publicIPAddresses","resourceName":"vmss1LBPublicIP"}],"id":"/subscriptions/00000000-0000-0000-0000-000000000000/resourceGroups/cli_test_vmss_extension_2000001/providers/Microsoft.Network/loadBalancers/vmss1LB","resourceType":"Microsoft.Network/loadBalancers","resourceName":"vmss1LB"},{"dependsOn":[{"id":"/subscriptions/00000000-0000-0000-0000-000000000000/resourceGroups/cli_test_vmss_extension_2000001/providers/Microsoft.Network/virtualNetworks/vmss1VNET","resourceType":"Microsoft.Network/virtualNetworks","resourceName":"vmss1VNET"},{"id":"/subscriptions/00000000-0000-0000-0000-000000000000/resourceGroups/cli_test_vmss_extension_2000001/providers/Microsoft.Network/loadBalancers/vmss1LB","resourceType":"Microsoft.Network/loadBalancers","resourceName":"vmss1LB"}],"id":"/subscriptions/00000000-0000-0000-0000-000000000000/resourceGroups/cli_test_vmss_extension_2000001/providers/Microsoft.Compute/virtualMachineScaleSets/vmss1","resourceType":"Microsoft.Compute/virtualMachineScaleSets","resourceName":"vmss1"}]}}'
    headers:
      azure-asyncoperation:
      - https://management.azure.com/subscriptions/00000000-0000-0000-0000-000000000000/resourcegroups/cli_test_vmss_extension_2000001/providers/Microsoft.Resources/deployments/vmss_deploy_sMlmbTxUsT8Jv2zeVT7hU0SRgb2iHrby/operationStatuses/08585456483521396038?api-version=2021-04-01
      cache-control:
      - no-cache
      content-length:
      - '2423'
      content-type:
      - application/json; charset=utf-8
      date:
      - Thu, 23 Jun 2022 04:28:57 GMT
      expires:
      - '-1'
      pragma:
      - no-cache
      strict-transport-security:
      - max-age=31536000; includeSubDomains
      x-content-type-options:
      - nosniff
      x-ms-ratelimit-remaining-subscription-writes:
      - '1197'
    status:
      code: 201
      message: Created
- request:
    body: null
    headers:
      Accept:
      - '*/*'
      Accept-Encoding:
      - gzip, deflate
      CommandName:
      - vmss create
      Connection:
      - keep-alive
      ParameterSetName:
      - -n -g --image --authentication-type --admin-username --admin-password --instance-count
      User-Agent:
      - AZURECLI/2.37.0 azsdk-python-azure-mgmt-resource/21.1.0b1 Python/3.10.5 (Windows-10-10.0.19044-SP0)
    method: GET
    uri: https://management.azure.com/subscriptions/00000000-0000-0000-0000-000000000000/resourcegroups/cli_test_vmss_extension_2000001/providers/Microsoft.Resources/deployments/mock-deployment/operationStatuses/08585456483521396038?api-version=2021-04-01
  response:
    body:
      string: '{"status":"Running"}'
    headers:
      cache-control:
      - no-cache
      content-length:
      - '20'
      content-type:
      - application/json; charset=utf-8
      date:
      - Thu, 23 Jun 2022 04:29:28 GMT
      expires:
      - '-1'
      pragma:
      - no-cache
      strict-transport-security:
      - max-age=31536000; includeSubDomains
      vary:
      - Accept-Encoding
      x-content-type-options:
      - nosniff
    status:
      code: 200
      message: OK
- request:
    body: null
    headers:
      Accept:
      - '*/*'
      Accept-Encoding:
      - gzip, deflate
      CommandName:
      - vmss create
      Connection:
      - keep-alive
      ParameterSetName:
      - -n -g --image --authentication-type --admin-username --admin-password --instance-count
      User-Agent:
      - AZURECLI/2.37.0 azsdk-python-azure-mgmt-resource/21.1.0b1 Python/3.10.5 (Windows-10-10.0.19044-SP0)
    method: GET
    uri: https://management.azure.com/subscriptions/00000000-0000-0000-0000-000000000000/resourcegroups/cli_test_vmss_extension_2000001/providers/Microsoft.Resources/deployments/mock-deployment/operationStatuses/08585456483521396038?api-version=2021-04-01
  response:
    body:
      string: '{"status":"Succeeded"}'
    headers:
      cache-control:
      - no-cache
      content-length:
      - '22'
      content-type:
      - application/json; charset=utf-8
      date:
      - Thu, 23 Jun 2022 04:29:59 GMT
      expires:
      - '-1'
      pragma:
      - no-cache
      strict-transport-security:
      - max-age=31536000; includeSubDomains
      vary:
      - Accept-Encoding
      x-content-type-options:
      - nosniff
    status:
      code: 200
      message: OK
- request:
    body: null
    headers:
      Accept:
      - '*/*'
      Accept-Encoding:
      - gzip, deflate
      CommandName:
      - vmss create
      Connection:
      - keep-alive
      ParameterSetName:
      - -n -g --image --authentication-type --admin-username --admin-password --instance-count
      User-Agent:
      - AZURECLI/2.37.0 azsdk-python-azure-mgmt-resource/21.1.0b1 Python/3.10.5 (Windows-10-10.0.19044-SP0)
    method: GET
    uri: https://management.azure.com/subscriptions/00000000-0000-0000-0000-000000000000/resourcegroups/cli_test_vmss_extension_2000001/providers/Microsoft.Resources/deployments/mock-deployment?api-version=2021-04-01
  response:
    body:
      string: '{"id":"/subscriptions/00000000-0000-0000-0000-000000000000/resourceGroups/cli_test_vmss_extension_2000001/providers/Microsoft.Resources/deployments/vmss_deploy_sMlmbTxUsT8Jv2zeVT7hU0SRgb2iHrby","name":"vmss_deploy_sMlmbTxUsT8Jv2zeVT7hU0SRgb2iHrby","type":"Microsoft.Resources/deployments","properties":{"templateHash":"3333017482638273272","parameters":{"adminPassword":{"type":"SecureString"}},"mode":"Incremental","provisioningState":"Succeeded","timestamp":"2022-06-23T04:29:52.5729797Z","duration":"PT56.8991476S","correlationId":"6c3b1aa2-2080-42c7-a81b-632dc668c396","providers":[{"namespace":"Microsoft.Network","resourceTypes":[{"resourceType":"virtualNetworks","locations":["westus"]},{"resourceType":"publicIPAddresses","locations":["westus"]},{"resourceType":"loadBalancers","locations":["westus"]}]},{"namespace":"Microsoft.Compute","resourceTypes":[{"resourceType":"virtualMachineScaleSets","locations":["westus"]}]}],"dependencies":[{"dependsOn":[{"id":"/subscriptions/00000000-0000-0000-0000-000000000000/resourceGroups/cli_test_vmss_extension_2000001/providers/Microsoft.Network/virtualNetworks/vmss1VNET","resourceType":"Microsoft.Network/virtualNetworks","resourceName":"vmss1VNET"},{"id":"/subscriptions/00000000-0000-0000-0000-000000000000/resourceGroups/cli_test_vmss_extension_2000001/providers/Microsoft.Network/publicIPAddresses/vmss1LBPublicIP","resourceType":"Microsoft.Network/publicIPAddresses","resourceName":"vmss1LBPublicIP"}],"id":"/subscriptions/00000000-0000-0000-0000-000000000000/resourceGroups/cli_test_vmss_extension_2000001/providers/Microsoft.Network/loadBalancers/vmss1LB","resourceType":"Microsoft.Network/loadBalancers","resourceName":"vmss1LB"},{"dependsOn":[{"id":"/subscriptions/00000000-0000-0000-0000-000000000000/resourceGroups/cli_test_vmss_extension_2000001/providers/Microsoft.Network/virtualNetworks/vmss1VNET","resourceType":"Microsoft.Network/virtualNetworks","resourceName":"vmss1VNET"},{"id":"/subscriptions/00000000-0000-0000-0000-000000000000/resourceGroups/cli_test_vmss_extension_2000001/providers/Microsoft.Network/loadBalancers/vmss1LB","resourceType":"Microsoft.Network/loadBalancers","resourceName":"vmss1LB"}],"id":"/subscriptions/00000000-0000-0000-0000-000000000000/resourceGroups/cli_test_vmss_extension_2000001/providers/Microsoft.Compute/virtualMachineScaleSets/vmss1","resourceType":"Microsoft.Compute/virtualMachineScaleSets","resourceName":"vmss1"}],"outputs":{"vmss":{"type":"Object","value":{"singlePlacementGroup":true,"upgradePolicy":{"mode":"Manual","rollingUpgradePolicy":{"maxBatchInstancePercent":20,"maxUnhealthyInstancePercent":20,"maxUnhealthyUpgradedInstancePercent":20,"pauseTimeBetweenBatches":"PT0S"}},"virtualMachineProfile":{"osProfile":{"computerNamePrefix":"vmss10d7a","adminUsername":"admin123","linuxConfiguration":{"disablePasswordAuthentication":false,"provisionVMAgent":true,"enableVMAgentPlatformUpdates":false},"secrets":[],"allowExtensionOperations":true,"requireGuestProvisionSignal":true},"storageProfile":{"osDisk":{"osType":"Linux","createOption":"FromImage","caching":"ReadWrite","managedDisk":{"storageAccountType":"Premium_LRS"},"diskSizeGB":30},"imageReference":{"publisher":"Canonical","offer":"UbuntuServer","sku":"18.04-LTS","version":"latest"}},"networkProfile":{"networkInterfaceConfigurations":[{"name":"vmss10d7aNic","properties":{"primary":true,"dnsSettings":{"dnsServers":[]},"enableIPForwarding":false,"ipConfigurations":[{"name":"vmss10d7aIPConfig","properties":{"subnet":{"id":"/subscriptions/00000000-0000-0000-0000-000000000000/resourceGroups/cli_test_vmss_extension_2000001/providers/Microsoft.Network/virtualNetworks/vmss1VNET/subnets/vmss1Subnet"},"privateIPAddressVersion":"IPv4","loadBalancerBackendAddressPools":[{"id":"/subscriptions/00000000-0000-0000-0000-000000000000/resourceGroups/cli_test_vmss_extension_2000001/providers/Microsoft.Network/loadBalancers/vmss1LB/backendAddressPools/vmss1LBBEPool"}],"loadBalancerInboundNatPools":[{"id":"/subscriptions/00000000-0000-0000-0000-000000000000/resourceGroups/cli_test_vmss_extension_2000001/providers/Microsoft.Network/loadBalancers/vmss1LB/inboundNatPools/vmss1LBNatPool"}]}}]}}]}},"provisioningState":"Succeeded","overprovision":true,"doNotRunExtensionsOnOverprovisionedVMs":false,"uniqueId":"6534ec2b-0ca2-475e-a863-caf84a8d12e4","timeCreated":"2022-06-23T04:29:13.0171846+00:00"}}},"outputResources":[{"id":"/subscriptions/00000000-0000-0000-0000-000000000000/resourceGroups/cli_test_vmss_extension_2000001/providers/Microsoft.Compute/virtualMachineScaleSets/vmss1"},{"id":"/subscriptions/00000000-0000-0000-0000-000000000000/resourceGroups/cli_test_vmss_extension_2000001/providers/Microsoft.Network/loadBalancers/vmss1LB"},{"id":"/subscriptions/00000000-0000-0000-0000-000000000000/resourceGroups/cli_test_vmss_extension_2000001/providers/Microsoft.Network/publicIPAddresses/vmss1LBPublicIP"},{"id":"/subscriptions/00000000-0000-0000-0000-000000000000/resourceGroups/cli_test_vmss_extension_2000001/providers/Microsoft.Network/virtualNetworks/vmss1VNET"}]}}'
    headers:
      cache-control:
      - no-cache
      content-length:
      - '5044'
      content-type:
      - application/json; charset=utf-8
      date:
      - Thu, 23 Jun 2022 04:29:59 GMT
      expires:
      - '-1'
      pragma:
      - no-cache
      strict-transport-security:
      - max-age=31536000; includeSubDomains
      vary:
      - Accept-Encoding
      x-content-type-options:
      - nosniff
    status:
      code: 200
      message: OK
- request:
    body: null
    headers:
      Accept:
      - application/json
      Accept-Encoding:
      - gzip, deflate
      CommandName:
      - vmss extension set
      Connection:
      - keep-alive
      ParameterSetName:
      - -n --publisher --version --vmss-name --resource-group --protected-settings
        --extension-instance-name
      User-Agent:
      - AZURECLI/2.37.0 azsdk-python-azure-mgmt-compute/27.1.0 Python/3.10.5 (Windows-10-10.0.19044-SP0)
    method: GET
    uri: https://management.azure.com/subscriptions/00000000-0000-0000-0000-000000000000/resourceGroups/cli_test_vmss_extension_2000001/providers/Microsoft.Compute/virtualMachineScaleSets/vmss1?api-version=2021-11-01
  response:
    body:
      string: "{\r\n  \"name\": \"vmss1\",\r\n  \"id\": \"/subscriptions/00000000-0000-0000-0000-000000000000/resourceGroups/cli_test_vmss_extension_2000001/providers/Microsoft.Compute/virtualMachineScaleSets/vmss1\",\r\n
        \ \"type\": \"Microsoft.Compute/virtualMachineScaleSets\",\r\n  \"location\":
        \"westus\",\r\n  \"tags\": {},\r\n  \"sku\": {\r\n    \"name\": \"Standard_DS1_v2\",\r\n
        \   \"tier\": \"Standard\",\r\n    \"capacity\": 1\r\n  },\r\n  \"properties\":
        {\r\n    \"singlePlacementGroup\": true,\r\n    \"upgradePolicy\": {\r\n      \"mode\":
        \"Manual\",\r\n      \"rollingUpgradePolicy\": {\r\n        \"maxBatchInstancePercent\":
        20,\r\n        \"maxUnhealthyInstancePercent\": 20,\r\n        \"maxUnhealthyUpgradedInstancePercent\":
        20,\r\n        \"pauseTimeBetweenBatches\": \"PT0S\"\r\n      }\r\n    },\r\n
        \   \"virtualMachineProfile\": {\r\n      \"osProfile\": {\r\n        \"computerNamePrefix\":
        \"vmss10d7a\",\r\n        \"adminUsername\": \"admin123\",\r\n        \"linuxConfiguration\":
        {\r\n          \"disablePasswordAuthentication\": false,\r\n          \"provisionVMAgent\":
        true,\r\n          \"enableVMAgentPlatformUpdates\": false\r\n        },\r\n
        \       \"secrets\": [],\r\n        \"allowExtensionOperations\": true,\r\n
        \       \"requireGuestProvisionSignal\": true\r\n      },\r\n      \"storageProfile\":
        {\r\n        \"osDisk\": {\r\n          \"osType\": \"Linux\",\r\n          \"createOption\":
        \"FromImage\",\r\n          \"caching\": \"ReadWrite\",\r\n          \"managedDisk\":
        {\r\n            \"storageAccountType\": \"Premium_LRS\"\r\n          },\r\n
        \         \"diskSizeGB\": 30\r\n        },\r\n        \"imageReference\":
        {\r\n          \"publisher\": \"Canonical\",\r\n          \"offer\": \"UbuntuServer\",\r\n
        \         \"sku\": \"18.04-LTS\",\r\n          \"version\": \"latest\"\r\n
        \       }\r\n      },\r\n      \"networkProfile\": {\"networkInterfaceConfigurations\":[{\"name\":\"vmss10d7aNic\",\"properties\":{\"primary\":true,\"dnsSettings\":{\"dnsServers\":[]},\"enableIPForwarding\":false,\"ipConfigurations\":[{\"name\":\"vmss10d7aIPConfig\",\"properties\":{\"subnet\":{\"id\":\"/subscriptions/00000000-0000-0000-0000-000000000000/resourceGroups/cli_test_vmss_extension_2000001/providers/Microsoft.Network/virtualNetworks/vmss1VNET/subnets/vmss1Subnet\"},\"privateIPAddressVersion\":\"IPv4\",\"loadBalancerBackendAddressPools\":[{\"id\":\"/subscriptions/00000000-0000-0000-0000-000000000000/resourceGroups/cli_test_vmss_extension_2000001/providers/Microsoft.Network/loadBalancers/vmss1LB/backendAddressPools/vmss1LBBEPool\"}],\"loadBalancerInboundNatPools\":[{\"id\":\"/subscriptions/00000000-0000-0000-0000-000000000000/resourceGroups/cli_test_vmss_extension_2000001/providers/Microsoft.Network/loadBalancers/vmss1LB/inboundNatPools/vmss1LBNatPool\"}]}}]}}]}\r\n
        \   },\r\n    \"provisioningState\": \"Succeeded\",\r\n    \"overprovision\":
        true,\r\n    \"doNotRunExtensionsOnOverprovisionedVMs\": false,\r\n    \"uniqueId\":
        \"6534ec2b-0ca2-475e-a863-caf84a8d12e4\",\r\n    \"timeCreated\": \"2022-06-23T04:29:13.0171846+00:00\"\r\n
        \ }\r\n}"
    headers:
      cache-control:
      - no-cache
      content-length:
      - '2784'
      content-type:
      - application/json; charset=utf-8
      date:
      - Thu, 23 Jun 2022 04:30:01 GMT
      expires:
      - '-1'
      pragma:
      - no-cache
      server:
      - Microsoft-HTTPAPI/2.0
      - Microsoft-HTTPAPI/2.0
      strict-transport-security:
      - max-age=31536000; includeSubDomains
      transfer-encoding:
      - chunked
      vary:
      - Accept-Encoding
      x-content-type-options:
      - nosniff
      x-ms-ratelimit-remaining-resource:
      - Microsoft.Compute/GetVMScaleSet3Min;383,Microsoft.Compute/GetVMScaleSet30Min;2463
    status:
      code: 200
      message: OK
- request:
    body: '{"location": "westus", "tags": {}, "sku": {"name": "Standard_DS1_v2", "tier":
      "Standard", "capacity": 1}, "properties": {"upgradePolicy": {"mode": "Manual",
      "rollingUpgradePolicy": {"maxBatchInstancePercent": 20, "maxUnhealthyInstancePercent":
      20, "maxUnhealthyUpgradedInstancePercent": 20, "pauseTimeBetweenBatches": "PT0S"}},
      "virtualMachineProfile": {"osProfile": {"computerNamePrefix": "vmss10d7a", "adminUsername":
      "admin123", "linuxConfiguration": {"disablePasswordAuthentication": false, "provisionVMAgent":
      true}, "secrets": [], "allowExtensionOperations": true}, "storageProfile": {"osDisk":
      {"caching": "ReadWrite", "createOption": "FromImage", "diskSizeGB": 30, "osType":
      "Linux", "managedDisk": {"storageAccountType": "Premium_LRS"}}}, "networkProfile":
      {"networkInterfaceConfigurations": [{"name": "vmss10d7aNic", "properties": {"primary":
      true, "dnsSettings": {"dnsServers": []}, "ipConfigurations": [{"name": "vmss10d7aIPConfig",
      "properties": {"subnet": {"id": "/subscriptions/00000000-0000-0000-0000-000000000000/resourceGroups/cli_test_vmss_extension_2000001/providers/Microsoft.Network/virtualNetworks/vmss1VNET/subnets/vmss1Subnet"},
      "privateIPAddressVersion": "IPv4", "loadBalancerBackendAddressPools": [{"id":
      "/subscriptions/00000000-0000-0000-0000-000000000000/resourceGroups/cli_test_vmss_extension_2000001/providers/Microsoft.Network/loadBalancers/vmss1LB/backendAddressPools/vmss1LBBEPool"}],
      "loadBalancerInboundNatPools": [{"id": "/subscriptions/00000000-0000-0000-0000-000000000000/resourceGroups/cli_test_vmss_extension_2000001/providers/Microsoft.Network/loadBalancers/vmss1LB/inboundNatPools/vmss1LBNatPool"}]}}],
      "enableIPForwarding": false}}]}, "extensionProfile": {"extensions": [{"name":
      "MyNetworkWatcher", "properties": {"publisher": "Microsoft.Azure.NetworkWatcher",
      "type": "NetworkWatcherAgentLinux", "typeHandlerVersion": "1.4", "autoUpgradeMinorVersion":
      true, "protectedSettings": {"username": "myadmin", "ssh_key": "ssh-rsa AAAAB3NzaC1yc2EAAAADAQABAAABAQC8InHIPLAu6lMc0d+5voyXqigZfT5r6fAM1+FQAi+mkPDdk2hNq1BG0Bwfc88Gm7BImw8TS+x2bnZmhCbVnHd6BPCDY7a+cHCSqrQMW89Cv6Vl4ueGOeAWHpJTV9CTLVz4IY1x4HBdkLI2lKIHri9+z7NIdvFk7iOkMVGyez5H1xDbF2szURxgc4I2/o5wycSwX+G8DrtsBvWLmFv9YAPx+VkEHQDjR0WWezOjuo1rDn6MQfiKfqAjPuInwNOg5AIxXAOResrin2PUlArNtdDH1zlvI4RZi36+tJO7mtm3dJiKs4Sj7G6b1CjIU6aaj27MmKy3arIFChYav9yYM3IT"}}}]}},
      "overprovision": true, "doNotRunExtensionsOnOverprovisionedVMs": false, "singlePlacementGroup":
      true}}'
    headers:
      Accept:
      - application/json
      Accept-Encoding:
      - gzip, deflate
      CommandName:
      - vmss extension set
      Connection:
      - keep-alive
      Content-Length:
      - '2453'
      Content-Type:
      - application/json
      ParameterSetName:
      - -n --publisher --version --vmss-name --resource-group --protected-settings
        --extension-instance-name
      User-Agent:
      - AZURECLI/2.37.0 azsdk-python-azure-mgmt-compute/27.1.0 Python/3.10.5 (Windows-10-10.0.19044-SP0)
    method: PUT
    uri: https://management.azure.com/subscriptions/00000000-0000-0000-0000-000000000000/resourceGroups/cli_test_vmss_extension_2000001/providers/Microsoft.Compute/virtualMachineScaleSets/vmss1?api-version=2021-11-01
  response:
    body:
      string: "{\r\n  \"name\": \"vmss1\",\r\n  \"id\": \"/subscriptions/00000000-0000-0000-0000-000000000000/resourceGroups/cli_test_vmss_extension_2000001/providers/Microsoft.Compute/virtualMachineScaleSets/vmss1\",\r\n
        \ \"type\": \"Microsoft.Compute/virtualMachineScaleSets\",\r\n  \"location\":
        \"westus\",\r\n  \"tags\": {},\r\n  \"sku\": {\r\n    \"name\": \"Standard_DS1_v2\",\r\n
        \   \"tier\": \"Standard\",\r\n    \"capacity\": 1\r\n  },\r\n  \"properties\":
        {\r\n    \"singlePlacementGroup\": true,\r\n    \"upgradePolicy\": {\r\n      \"mode\":
        \"Manual\",\r\n      \"rollingUpgradePolicy\": {\r\n        \"maxBatchInstancePercent\":
        20,\r\n        \"maxUnhealthyInstancePercent\": 20,\r\n        \"maxUnhealthyUpgradedInstancePercent\":
        20,\r\n        \"pauseTimeBetweenBatches\": \"PT0S\"\r\n      }\r\n    },\r\n
        \   \"virtualMachineProfile\": {\r\n      \"osProfile\": {\r\n        \"computerNamePrefix\":
        \"vmss10d7a\",\r\n        \"adminUsername\": \"admin123\",\r\n        \"linuxConfiguration\":
        {\r\n          \"disablePasswordAuthentication\": false,\r\n          \"provisionVMAgent\":
        true,\r\n          \"enableVMAgentPlatformUpdates\": false\r\n        },\r\n
        \       \"secrets\": [],\r\n        \"allowExtensionOperations\": true,\r\n
        \       \"requireGuestProvisionSignal\": true\r\n      },\r\n      \"storageProfile\":
        {\r\n        \"osDisk\": {\r\n          \"osType\": \"Linux\",\r\n          \"createOption\":
        \"FromImage\",\r\n          \"caching\": \"ReadWrite\",\r\n          \"managedDisk\":
        {\r\n            \"storageAccountType\": \"Premium_LRS\"\r\n          },\r\n
        \         \"diskSizeGB\": 30\r\n        },\r\n        \"imageReference\":
        {\r\n          \"publisher\": \"Canonical\",\r\n          \"offer\": \"UbuntuServer\",\r\n
        \         \"sku\": \"18.04-LTS\",\r\n          \"version\": \"latest\"\r\n
        \       }\r\n      },\r\n      \"networkProfile\": {\"networkInterfaceConfigurations\":[{\"name\":\"vmss10d7aNic\",\"properties\":{\"primary\":true,\"dnsSettings\":{\"dnsServers\":[]},\"enableIPForwarding\":false,\"ipConfigurations\":[{\"name\":\"vmss10d7aIPConfig\",\"properties\":{\"subnet\":{\"id\":\"/subscriptions/00000000-0000-0000-0000-000000000000/resourceGroups/cli_test_vmss_extension_2000001/providers/Microsoft.Network/virtualNetworks/vmss1VNET/subnets/vmss1Subnet\"},\"privateIPAddressVersion\":\"IPv4\",\"loadBalancerBackendAddressPools\":[{\"id\":\"/subscriptions/00000000-0000-0000-0000-000000000000/resourceGroups/cli_test_vmss_extension_2000001/providers/Microsoft.Network/loadBalancers/vmss1LB/backendAddressPools/vmss1LBBEPool\"}],\"loadBalancerInboundNatPools\":[{\"id\":\"/subscriptions/00000000-0000-0000-0000-000000000000/resourceGroups/cli_test_vmss_extension_2000001/providers/Microsoft.Network/loadBalancers/vmss1LB/inboundNatPools/vmss1LBNatPool\"}]}}]}}]},\r\n
        \     \"extensionProfile\": {\r\n        \"extensions\": [\r\n          {\r\n
        \           \"name\": \"MyNetworkWatcher\",\r\n            \"properties\":
        {\r\n              \"autoUpgradeMinorVersion\": true,\r\n              \"publisher\":
        \"Microsoft.Azure.NetworkWatcher\",\r\n              \"type\": \"NetworkWatcherAgentLinux\",\r\n
        \             \"typeHandlerVersion\": \"1.4\"\r\n            }\r\n          }\r\n
        \       ]\r\n      }\r\n    },\r\n    \"provisioningState\": \"Updating\",\r\n
        \   \"overprovision\": true,\r\n    \"doNotRunExtensionsOnOverprovisionedVMs\":
        false,\r\n    \"uniqueId\": \"6534ec2b-0ca2-475e-a863-caf84a8d12e4\",\r\n
        \   \"timeCreated\": \"2022-06-23T04:29:13.0171846+00:00\"\r\n  }\r\n}"
    headers:
      azure-asyncnotification:
      - Enabled
      azure-asyncoperation:
      - https://management.azure.com/subscriptions/00000000-0000-0000-0000-000000000000/providers/Microsoft.Compute/locations/westus/operations/e80d0fe0-bf0a-48c4-9aaa-d6a9902d333c?p=571046f6-b640-41c1-86f7-f9f044b5adf9&api-version=2021-11-01
      cache-control:
      - no-cache
      content-length:
      - '3173'
      content-type:
      - application/json; charset=utf-8
      date:
      - Thu, 23 Jun 2022 04:30:08 GMT
      expires:
      - '-1'
      pragma:
      - no-cache
      server:
      - Microsoft-HTTPAPI/2.0
      - Microsoft-HTTPAPI/2.0
      strict-transport-security:
      - max-age=31536000; includeSubDomains
      transfer-encoding:
      - chunked
      vary:
      - Accept-Encoding
      x-content-type-options:
      - nosniff
      x-ms-ratelimit-remaining-resource:
      - Microsoft.Compute/CreateVMScaleSet3Min;58,Microsoft.Compute/CreateVMScaleSet30Min;295,Microsoft.Compute/VmssQueuedVMOperations;0
      x-ms-ratelimit-remaining-subscription-writes:
      - '1195'
      x-ms-request-charge:
      - '0'
    status:
      code: 200
      message: OK
- request:
    body: null
    headers:
      Accept:
      - '*/*'
      Accept-Encoding:
      - gzip, deflate
      CommandName:
      - vmss extension set
      Connection:
      - keep-alive
      ParameterSetName:
      - -n --publisher --version --vmss-name --resource-group --protected-settings
        --extension-instance-name
      User-Agent:
      - AZURECLI/2.37.0 azsdk-python-azure-mgmt-compute/27.1.0 Python/3.10.5 (Windows-10-10.0.19044-SP0)
    method: GET
    uri: https://management.azure.com/subscriptions/00000000-0000-0000-0000-000000000000/providers/Microsoft.Compute/locations/westus/operations/e80d0fe0-bf0a-48c4-9aaa-d6a9902d333c?p=571046f6-b640-41c1-86f7-f9f044b5adf9&api-version=2021-11-01
  response:
    body:
      string: "{\r\n  \"startTime\": \"2022-06-23T04:30:06.7518628+00:00\",\r\n  \"status\":
        \"InProgress\",\r\n  \"name\": \"e80d0fe0-bf0a-48c4-9aaa-d6a9902d333c\"\r\n}"
    headers:
      cache-control:
      - no-cache
      content-length:
      - '134'
      content-type:
      - application/json; charset=utf-8
      date:
      - Thu, 23 Jun 2022 04:30:18 GMT
      expires:
      - '-1'
      pragma:
      - no-cache
      server:
      - Microsoft-HTTPAPI/2.0
      - Microsoft-HTTPAPI/2.0
      strict-transport-security:
      - max-age=31536000; includeSubDomains
      transfer-encoding:
      - chunked
      vary:
      - Accept-Encoding
      x-content-type-options:
      - nosniff
      x-ms-ratelimit-remaining-resource:
      - Microsoft.Compute/GetOperation3Min;14997,Microsoft.Compute/GetOperation30Min;29850
    status:
      code: 200
      message: OK
- request:
    body: null
    headers:
      Accept:
      - '*/*'
      Accept-Encoding:
      - gzip, deflate
      CommandName:
      - vmss extension set
      Connection:
      - keep-alive
      ParameterSetName:
      - -n --publisher --version --vmss-name --resource-group --protected-settings
        --extension-instance-name
      User-Agent:
      - AZURECLI/2.37.0 azsdk-python-azure-mgmt-compute/27.1.0 Python/3.10.5 (Windows-10-10.0.19044-SP0)
    method: GET
    uri: https://management.azure.com/subscriptions/00000000-0000-0000-0000-000000000000/providers/Microsoft.Compute/locations/westus/operations/e80d0fe0-bf0a-48c4-9aaa-d6a9902d333c?p=571046f6-b640-41c1-86f7-f9f044b5adf9&api-version=2021-11-01
  response:
    body:
      string: "{\r\n  \"startTime\": \"2022-06-23T04:30:06.7518628+00:00\",\r\n  \"endTime\":
        \"2022-06-23T04:30:30.9082489+00:00\",\r\n  \"status\": \"Succeeded\",\r\n
        \ \"name\": \"e80d0fe0-bf0a-48c4-9aaa-d6a9902d333c\"\r\n}"
    headers:
      cache-control:
      - no-cache
      content-length:
      - '184'
      content-type:
      - application/json; charset=utf-8
      date:
      - Thu, 23 Jun 2022 04:30:55 GMT
      expires:
      - '-1'
      pragma:
      - no-cache
      server:
      - Microsoft-HTTPAPI/2.0
      - Microsoft-HTTPAPI/2.0
      strict-transport-security:
      - max-age=31536000; includeSubDomains
      transfer-encoding:
      - chunked
      vary:
      - Accept-Encoding
      x-content-type-options:
      - nosniff
      x-ms-ratelimit-remaining-resource:
      - Microsoft.Compute/GetOperation3Min;14995,Microsoft.Compute/GetOperation30Min;29848
    status:
      code: 200
      message: OK
- request:
    body: null
    headers:
      Accept:
      - '*/*'
      Accept-Encoding:
      - gzip, deflate
      CommandName:
      - vmss extension set
      Connection:
      - keep-alive
      ParameterSetName:
      - -n --publisher --version --vmss-name --resource-group --protected-settings
        --extension-instance-name
      User-Agent:
      - AZURECLI/2.37.0 azsdk-python-azure-mgmt-compute/27.1.0 Python/3.10.5 (Windows-10-10.0.19044-SP0)
    method: GET
    uri: https://management.azure.com/subscriptions/00000000-0000-0000-0000-000000000000/resourceGroups/cli_test_vmss_extension_2000001/providers/Microsoft.Compute/virtualMachineScaleSets/vmss1?api-version=2021-11-01
  response:
    body:
      string: "{\r\n  \"name\": \"vmss1\",\r\n  \"id\": \"/subscriptions/00000000-0000-0000-0000-000000000000/resourceGroups/cli_test_vmss_extension_2000001/providers/Microsoft.Compute/virtualMachineScaleSets/vmss1\",\r\n
        \ \"type\": \"Microsoft.Compute/virtualMachineScaleSets\",\r\n  \"location\":
        \"westus\",\r\n  \"tags\": {},\r\n  \"sku\": {\r\n    \"name\": \"Standard_DS1_v2\",\r\n
        \   \"tier\": \"Standard\",\r\n    \"capacity\": 1\r\n  },\r\n  \"properties\":
        {\r\n    \"singlePlacementGroup\": true,\r\n    \"upgradePolicy\": {\r\n      \"mode\":
        \"Manual\",\r\n      \"rollingUpgradePolicy\": {\r\n        \"maxBatchInstancePercent\":
        20,\r\n        \"maxUnhealthyInstancePercent\": 20,\r\n        \"maxUnhealthyUpgradedInstancePercent\":
        20,\r\n        \"pauseTimeBetweenBatches\": \"PT0S\"\r\n      }\r\n    },\r\n
        \   \"virtualMachineProfile\": {\r\n      \"osProfile\": {\r\n        \"computerNamePrefix\":
        \"vmss10d7a\",\r\n        \"adminUsername\": \"admin123\",\r\n        \"linuxConfiguration\":
        {\r\n          \"disablePasswordAuthentication\": false,\r\n          \"provisionVMAgent\":
        true,\r\n          \"enableVMAgentPlatformUpdates\": false\r\n        },\r\n
        \       \"secrets\": [],\r\n        \"allowExtensionOperations\": true,\r\n
        \       \"requireGuestProvisionSignal\": true\r\n      },\r\n      \"storageProfile\":
        {\r\n        \"osDisk\": {\r\n          \"osType\": \"Linux\",\r\n          \"createOption\":
        \"FromImage\",\r\n          \"caching\": \"ReadWrite\",\r\n          \"managedDisk\":
        {\r\n            \"storageAccountType\": \"Premium_LRS\"\r\n          },\r\n
        \         \"diskSizeGB\": 30\r\n        },\r\n        \"imageReference\":
        {\r\n          \"publisher\": \"Canonical\",\r\n          \"offer\": \"UbuntuServer\",\r\n
        \         \"sku\": \"18.04-LTS\",\r\n          \"version\": \"latest\"\r\n
        \       }\r\n      },\r\n      \"networkProfile\": {\"networkInterfaceConfigurations\":[{\"name\":\"vmss10d7aNic\",\"properties\":{\"primary\":true,\"dnsSettings\":{\"dnsServers\":[]},\"enableIPForwarding\":false,\"ipConfigurations\":[{\"name\":\"vmss10d7aIPConfig\",\"properties\":{\"subnet\":{\"id\":\"/subscriptions/00000000-0000-0000-0000-000000000000/resourceGroups/cli_test_vmss_extension_2000001/providers/Microsoft.Network/virtualNetworks/vmss1VNET/subnets/vmss1Subnet\"},\"privateIPAddressVersion\":\"IPv4\",\"loadBalancerBackendAddressPools\":[{\"id\":\"/subscriptions/00000000-0000-0000-0000-000000000000/resourceGroups/cli_test_vmss_extension_2000001/providers/Microsoft.Network/loadBalancers/vmss1LB/backendAddressPools/vmss1LBBEPool\"}],\"loadBalancerInboundNatPools\":[{\"id\":\"/subscriptions/00000000-0000-0000-0000-000000000000/resourceGroups/cli_test_vmss_extension_2000001/providers/Microsoft.Network/loadBalancers/vmss1LB/inboundNatPools/vmss1LBNatPool\"}]}}]}}]},\r\n
        \     \"extensionProfile\": {\r\n        \"extensions\": [\r\n          {\r\n
        \           \"name\": \"MyNetworkWatcher\",\r\n            \"properties\":
        {\r\n              \"autoUpgradeMinorVersion\": true,\r\n              \"publisher\":
        \"Microsoft.Azure.NetworkWatcher\",\r\n              \"type\": \"NetworkWatcherAgentLinux\",\r\n
        \             \"typeHandlerVersion\": \"1.4\"\r\n            }\r\n          }\r\n
        \       ]\r\n      }\r\n    },\r\n    \"provisioningState\": \"Succeeded\",\r\n
        \   \"overprovision\": true,\r\n    \"doNotRunExtensionsOnOverprovisionedVMs\":
        false,\r\n    \"uniqueId\": \"6534ec2b-0ca2-475e-a863-caf84a8d12e4\",\r\n
        \   \"timeCreated\": \"2022-06-23T04:29:13.0171846+00:00\"\r\n  }\r\n}"
    headers:
      cache-control:
      - no-cache
      content-length:
      - '3174'
      content-type:
      - application/json; charset=utf-8
      date:
      - Thu, 23 Jun 2022 04:30:55 GMT
      expires:
      - '-1'
      pragma:
      - no-cache
      server:
      - Microsoft-HTTPAPI/2.0
      - Microsoft-HTTPAPI/2.0
      strict-transport-security:
      - max-age=31536000; includeSubDomains
      transfer-encoding:
      - chunked
      vary:
      - Accept-Encoding
      x-content-type-options:
      - nosniff
      x-ms-ratelimit-remaining-resource:
      - Microsoft.Compute/GetVMScaleSet3Min;378,Microsoft.Compute/GetVMScaleSet30Min;2455
    status:
      code: 200
      message: OK
- request:
    body: null
    headers:
      Accept:
      - application/json
      Accept-Encoding:
      - gzip, deflate
      CommandName:
      - vmss extension show
      Connection:
      - keep-alive
      ParameterSetName:
      - --resource-group --vmss-name --name
      User-Agent:
      - AZURECLI/2.37.0 azsdk-python-azure-mgmt-compute/27.1.0 Python/3.10.5 (Windows-10-10.0.19044-SP0)
    method: GET
    uri: https://management.azure.com/subscriptions/00000000-0000-0000-0000-000000000000/resourceGroups/cli_test_vmss_extension_2000001/providers/Microsoft.Compute/virtualMachineScaleSets/vmss1?api-version=2021-11-01
  response:
    body:
      string: "{\r\n  \"name\": \"vmss1\",\r\n  \"id\": \"/subscriptions/00000000-0000-0000-0000-000000000000/resourceGroups/cli_test_vmss_extension_2000001/providers/Microsoft.Compute/virtualMachineScaleSets/vmss1\",\r\n
        \ \"type\": \"Microsoft.Compute/virtualMachineScaleSets\",\r\n  \"location\":
        \"westus\",\r\n  \"tags\": {},\r\n  \"sku\": {\r\n    \"name\": \"Standard_DS1_v2\",\r\n
        \   \"tier\": \"Standard\",\r\n    \"capacity\": 1\r\n  },\r\n  \"properties\":
        {\r\n    \"singlePlacementGroup\": true,\r\n    \"upgradePolicy\": {\r\n      \"mode\":
        \"Manual\",\r\n      \"rollingUpgradePolicy\": {\r\n        \"maxBatchInstancePercent\":
        20,\r\n        \"maxUnhealthyInstancePercent\": 20,\r\n        \"maxUnhealthyUpgradedInstancePercent\":
        20,\r\n        \"pauseTimeBetweenBatches\": \"PT0S\"\r\n      }\r\n    },\r\n
        \   \"virtualMachineProfile\": {\r\n      \"osProfile\": {\r\n        \"computerNamePrefix\":
        \"vmss10d7a\",\r\n        \"adminUsername\": \"admin123\",\r\n        \"linuxConfiguration\":
        {\r\n          \"disablePasswordAuthentication\": false,\r\n          \"provisionVMAgent\":
        true,\r\n          \"enableVMAgentPlatformUpdates\": false\r\n        },\r\n
        \       \"secrets\": [],\r\n        \"allowExtensionOperations\": true,\r\n
        \       \"requireGuestProvisionSignal\": true\r\n      },\r\n      \"storageProfile\":
        {\r\n        \"osDisk\": {\r\n          \"osType\": \"Linux\",\r\n          \"createOption\":
        \"FromImage\",\r\n          \"caching\": \"ReadWrite\",\r\n          \"managedDisk\":
        {\r\n            \"storageAccountType\": \"Premium_LRS\"\r\n          },\r\n
        \         \"diskSizeGB\": 30\r\n        },\r\n        \"imageReference\":
        {\r\n          \"publisher\": \"Canonical\",\r\n          \"offer\": \"UbuntuServer\",\r\n
        \         \"sku\": \"18.04-LTS\",\r\n          \"version\": \"latest\"\r\n
        \       }\r\n      },\r\n      \"networkProfile\": {\"networkInterfaceConfigurations\":[{\"name\":\"vmss10d7aNic\",\"properties\":{\"primary\":true,\"dnsSettings\":{\"dnsServers\":[]},\"enableIPForwarding\":false,\"ipConfigurations\":[{\"name\":\"vmss10d7aIPConfig\",\"properties\":{\"subnet\":{\"id\":\"/subscriptions/00000000-0000-0000-0000-000000000000/resourceGroups/cli_test_vmss_extension_2000001/providers/Microsoft.Network/virtualNetworks/vmss1VNET/subnets/vmss1Subnet\"},\"privateIPAddressVersion\":\"IPv4\",\"loadBalancerBackendAddressPools\":[{\"id\":\"/subscriptions/00000000-0000-0000-0000-000000000000/resourceGroups/cli_test_vmss_extension_2000001/providers/Microsoft.Network/loadBalancers/vmss1LB/backendAddressPools/vmss1LBBEPool\"}],\"loadBalancerInboundNatPools\":[{\"id\":\"/subscriptions/00000000-0000-0000-0000-000000000000/resourceGroups/cli_test_vmss_extension_2000001/providers/Microsoft.Network/loadBalancers/vmss1LB/inboundNatPools/vmss1LBNatPool\"}]}}]}}]},\r\n
        \     \"extensionProfile\": {\r\n        \"extensions\": [\r\n          {\r\n
        \           \"name\": \"MyNetworkWatcher\",\r\n            \"properties\":
        {\r\n              \"autoUpgradeMinorVersion\": true,\r\n              \"publisher\":
        \"Microsoft.Azure.NetworkWatcher\",\r\n              \"type\": \"NetworkWatcherAgentLinux\",\r\n
        \             \"typeHandlerVersion\": \"1.4\"\r\n            }\r\n          }\r\n
        \       ]\r\n      }\r\n    },\r\n    \"provisioningState\": \"Succeeded\",\r\n
        \   \"overprovision\": true,\r\n    \"doNotRunExtensionsOnOverprovisionedVMs\":
        false,\r\n    \"uniqueId\": \"6534ec2b-0ca2-475e-a863-caf84a8d12e4\",\r\n
        \   \"timeCreated\": \"2022-06-23T04:29:13.0171846+00:00\"\r\n  }\r\n}"
    headers:
      cache-control:
      - no-cache
      content-length:
      - '3174'
      content-type:
      - application/json; charset=utf-8
      date:
      - Thu, 23 Jun 2022 04:30:57 GMT
      expires:
      - '-1'
      pragma:
      - no-cache
      server:
      - Microsoft-HTTPAPI/2.0
      - Microsoft-HTTPAPI/2.0
      strict-transport-security:
      - max-age=31536000; includeSubDomains
      transfer-encoding:
      - chunked
      vary:
      - Accept-Encoding
      x-content-type-options:
      - nosniff
      x-ms-ratelimit-remaining-resource:
      - Microsoft.Compute/GetVMScaleSet3Min;377,Microsoft.Compute/GetVMScaleSet30Min;2454
    status:
      code: 200
      message: OK
- request:
    body: null
    headers:
      Accept:
      - application/json
      Accept-Encoding:
      - gzip, deflate
      CommandName:
      - vmss extension delete
      Connection:
      - keep-alive
      ParameterSetName:
      - --resource-group --vmss-name --name
      User-Agent:
      - AZURECLI/2.37.0 azsdk-python-azure-mgmt-compute/27.1.0 Python/3.10.5 (Windows-10-10.0.19044-SP0)
    method: GET
    uri: https://management.azure.com/subscriptions/00000000-0000-0000-0000-000000000000/resourceGroups/cli_test_vmss_extension_2000001/providers/Microsoft.Compute/virtualMachineScaleSets/vmss1?api-version=2021-11-01
  response:
    body:
      string: "{\r\n  \"name\": \"vmss1\",\r\n  \"id\": \"/subscriptions/00000000-0000-0000-0000-000000000000/resourceGroups/cli_test_vmss_extension_2000001/providers/Microsoft.Compute/virtualMachineScaleSets/vmss1\",\r\n
        \ \"type\": \"Microsoft.Compute/virtualMachineScaleSets\",\r\n  \"location\":
        \"westus\",\r\n  \"tags\": {},\r\n  \"sku\": {\r\n    \"name\": \"Standard_DS1_v2\",\r\n
        \   \"tier\": \"Standard\",\r\n    \"capacity\": 1\r\n  },\r\n  \"properties\":
        {\r\n    \"singlePlacementGroup\": true,\r\n    \"upgradePolicy\": {\r\n      \"mode\":
        \"Manual\",\r\n      \"rollingUpgradePolicy\": {\r\n        \"maxBatchInstancePercent\":
        20,\r\n        \"maxUnhealthyInstancePercent\": 20,\r\n        \"maxUnhealthyUpgradedInstancePercent\":
        20,\r\n        \"pauseTimeBetweenBatches\": \"PT0S\"\r\n      }\r\n    },\r\n
        \   \"virtualMachineProfile\": {\r\n      \"osProfile\": {\r\n        \"computerNamePrefix\":
        \"vmss10d7a\",\r\n        \"adminUsername\": \"admin123\",\r\n        \"linuxConfiguration\":
        {\r\n          \"disablePasswordAuthentication\": false,\r\n          \"provisionVMAgent\":
        true,\r\n          \"enableVMAgentPlatformUpdates\": false\r\n        },\r\n
        \       \"secrets\": [],\r\n        \"allowExtensionOperations\": true,\r\n
        \       \"requireGuestProvisionSignal\": true\r\n      },\r\n      \"storageProfile\":
        {\r\n        \"osDisk\": {\r\n          \"osType\": \"Linux\",\r\n          \"createOption\":
        \"FromImage\",\r\n          \"caching\": \"ReadWrite\",\r\n          \"managedDisk\":
        {\r\n            \"storageAccountType\": \"Premium_LRS\"\r\n          },\r\n
        \         \"diskSizeGB\": 30\r\n        },\r\n        \"imageReference\":
        {\r\n          \"publisher\": \"Canonical\",\r\n          \"offer\": \"UbuntuServer\",\r\n
        \         \"sku\": \"18.04-LTS\",\r\n          \"version\": \"latest\"\r\n
        \       }\r\n      },\r\n      \"networkProfile\": {\"networkInterfaceConfigurations\":[{\"name\":\"vmss10d7aNic\",\"properties\":{\"primary\":true,\"dnsSettings\":{\"dnsServers\":[]},\"enableIPForwarding\":false,\"ipConfigurations\":[{\"name\":\"vmss10d7aIPConfig\",\"properties\":{\"subnet\":{\"id\":\"/subscriptions/00000000-0000-0000-0000-000000000000/resourceGroups/cli_test_vmss_extension_2000001/providers/Microsoft.Network/virtualNetworks/vmss1VNET/subnets/vmss1Subnet\"},\"privateIPAddressVersion\":\"IPv4\",\"loadBalancerBackendAddressPools\":[{\"id\":\"/subscriptions/00000000-0000-0000-0000-000000000000/resourceGroups/cli_test_vmss_extension_2000001/providers/Microsoft.Network/loadBalancers/vmss1LB/backendAddressPools/vmss1LBBEPool\"}],\"loadBalancerInboundNatPools\":[{\"id\":\"/subscriptions/00000000-0000-0000-0000-000000000000/resourceGroups/cli_test_vmss_extension_2000001/providers/Microsoft.Network/loadBalancers/vmss1LB/inboundNatPools/vmss1LBNatPool\"}]}}]}}]},\r\n
        \     \"extensionProfile\": {\r\n        \"extensions\": [\r\n          {\r\n
        \           \"name\": \"MyNetworkWatcher\",\r\n            \"properties\":
        {\r\n              \"autoUpgradeMinorVersion\": true,\r\n              \"publisher\":
        \"Microsoft.Azure.NetworkWatcher\",\r\n              \"type\": \"NetworkWatcherAgentLinux\",\r\n
        \             \"typeHandlerVersion\": \"1.4\"\r\n            }\r\n          }\r\n
        \       ]\r\n      }\r\n    },\r\n    \"provisioningState\": \"Succeeded\",\r\n
        \   \"overprovision\": true,\r\n    \"doNotRunExtensionsOnOverprovisionedVMs\":
        false,\r\n    \"uniqueId\": \"6534ec2b-0ca2-475e-a863-caf84a8d12e4\",\r\n
        \   \"timeCreated\": \"2022-06-23T04:29:13.0171846+00:00\"\r\n  }\r\n}"
    headers:
      cache-control:
      - no-cache
      content-length:
      - '3174'
      content-type:
      - application/json; charset=utf-8
      date:
      - Thu, 23 Jun 2022 04:30:59 GMT
      expires:
      - '-1'
      pragma:
      - no-cache
      server:
      - Microsoft-HTTPAPI/2.0
      - Microsoft-HTTPAPI/2.0
      strict-transport-security:
      - max-age=31536000; includeSubDomains
      transfer-encoding:
      - chunked
      vary:
      - Accept-Encoding
      x-content-type-options:
      - nosniff
      x-ms-ratelimit-remaining-resource:
      - Microsoft.Compute/GetVMScaleSet3Min;376,Microsoft.Compute/GetVMScaleSet30Min;2453
    status:
      code: 200
      message: OK
- request:
    body: '{"location": "westus", "tags": {}, "sku": {"name": "Standard_DS1_v2", "tier":
      "Standard", "capacity": 1}, "properties": {"upgradePolicy": {"mode": "Manual",
      "rollingUpgradePolicy": {"maxBatchInstancePercent": 20, "maxUnhealthyInstancePercent":
      20, "maxUnhealthyUpgradedInstancePercent": 20, "pauseTimeBetweenBatches": "PT0S"}},
      "virtualMachineProfile": {"osProfile": {"computerNamePrefix": "vmss10d7a", "adminUsername":
      "admin123", "linuxConfiguration": {"disablePasswordAuthentication": false, "provisionVMAgent":
      true}, "secrets": [], "allowExtensionOperations": true}, "storageProfile": {"osDisk":
      {"caching": "ReadWrite", "createOption": "FromImage", "diskSizeGB": 30, "osType":
      "Linux", "managedDisk": {"storageAccountType": "Premium_LRS"}}}, "networkProfile":
      {"networkInterfaceConfigurations": [{"name": "vmss10d7aNic", "properties": {"primary":
      true, "dnsSettings": {"dnsServers": []}, "ipConfigurations": [{"name": "vmss10d7aIPConfig",
      "properties": {"subnet": {"id": "/subscriptions/00000000-0000-0000-0000-000000000000/resourceGroups/cli_test_vmss_extension_2000001/providers/Microsoft.Network/virtualNetworks/vmss1VNET/subnets/vmss1Subnet"},
      "privateIPAddressVersion": "IPv4", "loadBalancerBackendAddressPools": [{"id":
      "/subscriptions/00000000-0000-0000-0000-000000000000/resourceGroups/cli_test_vmss_extension_2000001/providers/Microsoft.Network/loadBalancers/vmss1LB/backendAddressPools/vmss1LBBEPool"}],
      "loadBalancerInboundNatPools": [{"id": "/subscriptions/00000000-0000-0000-0000-000000000000/resourceGroups/cli_test_vmss_extension_2000001/providers/Microsoft.Network/loadBalancers/vmss1LB/inboundNatPools/vmss1LBNatPool"}]}}],
      "enableIPForwarding": false}}]}, "extensionProfile": {"extensions": []}}, "overprovision":
      true, "doNotRunExtensionsOnOverprovisionedVMs": false, "singlePlacementGroup":
      true}}'
    headers:
      Accept:
      - application/json
      Accept-Encoding:
      - gzip, deflate
      CommandName:
      - vmss extension delete
      Connection:
      - keep-alive
      Content-Length:
      - '1823'
      Content-Type:
      - application/json
      ParameterSetName:
      - --resource-group --vmss-name --name
      User-Agent:
      - AZURECLI/2.37.0 azsdk-python-azure-mgmt-compute/27.1.0 Python/3.10.5 (Windows-10-10.0.19044-SP0)
    method: PUT
    uri: https://management.azure.com/subscriptions/00000000-0000-0000-0000-000000000000/resourceGroups/cli_test_vmss_extension_2000001/providers/Microsoft.Compute/virtualMachineScaleSets/vmss1?api-version=2021-11-01
  response:
    body:
      string: "{\r\n  \"name\": \"vmss1\",\r\n  \"id\": \"/subscriptions/00000000-0000-0000-0000-000000000000/resourceGroups/cli_test_vmss_extension_2000001/providers/Microsoft.Compute/virtualMachineScaleSets/vmss1\",\r\n
        \ \"type\": \"Microsoft.Compute/virtualMachineScaleSets\",\r\n  \"location\":
        \"westus\",\r\n  \"tags\": {},\r\n  \"sku\": {\r\n    \"name\": \"Standard_DS1_v2\",\r\n
        \   \"tier\": \"Standard\",\r\n    \"capacity\": 1\r\n  },\r\n  \"properties\":
        {\r\n    \"singlePlacementGroup\": true,\r\n    \"upgradePolicy\": {\r\n      \"mode\":
        \"Manual\",\r\n      \"rollingUpgradePolicy\": {\r\n        \"maxBatchInstancePercent\":
        20,\r\n        \"maxUnhealthyInstancePercent\": 20,\r\n        \"maxUnhealthyUpgradedInstancePercent\":
        20,\r\n        \"pauseTimeBetweenBatches\": \"PT0S\"\r\n      }\r\n    },\r\n
        \   \"virtualMachineProfile\": {\r\n      \"osProfile\": {\r\n        \"computerNamePrefix\":
        \"vmss10d7a\",\r\n        \"adminUsername\": \"admin123\",\r\n        \"linuxConfiguration\":
        {\r\n          \"disablePasswordAuthentication\": false,\r\n          \"provisionVMAgent\":
        true,\r\n          \"enableVMAgentPlatformUpdates\": false\r\n        },\r\n
        \       \"secrets\": [],\r\n        \"allowExtensionOperations\": true,\r\n
        \       \"requireGuestProvisionSignal\": true\r\n      },\r\n      \"storageProfile\":
        {\r\n        \"osDisk\": {\r\n          \"osType\": \"Linux\",\r\n          \"createOption\":
        \"FromImage\",\r\n          \"caching\": \"ReadWrite\",\r\n          \"managedDisk\":
        {\r\n            \"storageAccountType\": \"Premium_LRS\"\r\n          },\r\n
        \         \"diskSizeGB\": 30\r\n        },\r\n        \"imageReference\":
        {\r\n          \"publisher\": \"Canonical\",\r\n          \"offer\": \"UbuntuServer\",\r\n
        \         \"sku\": \"18.04-LTS\",\r\n          \"version\": \"latest\"\r\n
        \       }\r\n      },\r\n      \"networkProfile\": {\"networkInterfaceConfigurations\":[{\"name\":\"vmss10d7aNic\",\"properties\":{\"primary\":true,\"dnsSettings\":{\"dnsServers\":[]},\"enableIPForwarding\":false,\"ipConfigurations\":[{\"name\":\"vmss10d7aIPConfig\",\"properties\":{\"subnet\":{\"id\":\"/subscriptions/00000000-0000-0000-0000-000000000000/resourceGroups/cli_test_vmss_extension_2000001/providers/Microsoft.Network/virtualNetworks/vmss1VNET/subnets/vmss1Subnet\"},\"privateIPAddressVersion\":\"IPv4\",\"loadBalancerBackendAddressPools\":[{\"id\":\"/subscriptions/00000000-0000-0000-0000-000000000000/resourceGroups/cli_test_vmss_extension_2000001/providers/Microsoft.Network/loadBalancers/vmss1LB/backendAddressPools/vmss1LBBEPool\"}],\"loadBalancerInboundNatPools\":[{\"id\":\"/subscriptions/00000000-0000-0000-0000-000000000000/resourceGroups/cli_test_vmss_extension_2000001/providers/Microsoft.Network/loadBalancers/vmss1LB/inboundNatPools/vmss1LBNatPool\"}]}}]}}]},\r\n
        \     \"extensionProfile\": {\r\n        \"extensions\": []\r\n      }\r\n
        \   },\r\n    \"provisioningState\": \"Updating\",\r\n    \"overprovision\":
        true,\r\n    \"doNotRunExtensionsOnOverprovisionedVMs\": false,\r\n    \"uniqueId\":
        \"6534ec2b-0ca2-475e-a863-caf84a8d12e4\",\r\n    \"timeCreated\": \"2022-06-23T04:29:13.0171846+00:00\"\r\n
        \ }\r\n}"
    headers:
      azure-asyncnotification:
      - Enabled
      azure-asyncoperation:
      - https://management.azure.com/subscriptions/00000000-0000-0000-0000-000000000000/providers/Microsoft.Compute/locations/westus/operations/c7ca8807-785d-47fc-b7b2-c7b359804f76?p=571046f6-b640-41c1-86f7-f9f044b5adf9&api-version=2021-11-01
      cache-control:
      - no-cache
      content-length:
      - '2848'
      content-type:
      - application/json; charset=utf-8
      date:
      - Thu, 23 Jun 2022 04:31:07 GMT
      expires:
      - '-1'
      pragma:
      - no-cache
      server:
      - Microsoft-HTTPAPI/2.0
      - Microsoft-HTTPAPI/2.0
      strict-transport-security:
      - max-age=31536000; includeSubDomains
      transfer-encoding:
      - chunked
      vary:
      - Accept-Encoding
      x-content-type-options:
      - nosniff
      x-ms-ratelimit-remaining-resource:
      - Microsoft.Compute/CreateVMScaleSet3Min;57,Microsoft.Compute/CreateVMScaleSet30Min;294,Microsoft.Compute/VmssQueuedVMOperations;0
      x-ms-ratelimit-remaining-subscription-writes:
      - '1196'
      x-ms-request-charge:
      - '0'
    status:
      code: 200
      message: OK
- request:
    body: null
    headers:
      Accept:
      - '*/*'
      Accept-Encoding:
      - gzip, deflate
      CommandName:
      - vmss extension delete
      Connection:
      - keep-alive
      ParameterSetName:
      - --resource-group --vmss-name --name
      User-Agent:
      - AZURECLI/2.37.0 azsdk-python-azure-mgmt-compute/27.1.0 Python/3.10.5 (Windows-10-10.0.19044-SP0)
    method: GET
    uri: https://management.azure.com/subscriptions/00000000-0000-0000-0000-000000000000/providers/Microsoft.Compute/locations/westus/operations/c7ca8807-785d-47fc-b7b2-c7b359804f76?p=571046f6-b640-41c1-86f7-f9f044b5adf9&api-version=2021-11-01
  response:
    body:
      string: "{\r\n  \"startTime\": \"2022-06-23T04:31:04.5958402+00:00\",\r\n  \"endTime\":
        \"2022-06-23T04:31:04.7677496+00:00\",\r\n  \"status\": \"Succeeded\",\r\n
        \ \"name\": \"c7ca8807-785d-47fc-b7b2-c7b359804f76\"\r\n}"
    headers:
      cache-control:
      - no-cache
      content-length:
      - '184'
      content-type:
      - application/json; charset=utf-8
      date:
      - Thu, 23 Jun 2022 04:31:17 GMT
      expires:
      - '-1'
      pragma:
      - no-cache
      server:
      - Microsoft-HTTPAPI/2.0
      - Microsoft-HTTPAPI/2.0
      strict-transport-security:
      - max-age=31536000; includeSubDomains
      transfer-encoding:
      - chunked
      vary:
      - Accept-Encoding
      x-content-type-options:
      - nosniff
      x-ms-ratelimit-remaining-resource:
      - Microsoft.Compute/GetOperation3Min;14992,Microsoft.Compute/GetOperation30Min;29845
    status:
      code: 200
      message: OK
- request:
    body: null
    headers:
      Accept:
      - '*/*'
      Accept-Encoding:
      - gzip, deflate
      CommandName:
      - vmss extension delete
      Connection:
      - keep-alive
      ParameterSetName:
      - --resource-group --vmss-name --name
      User-Agent:
      - AZURECLI/2.37.0 azsdk-python-azure-mgmt-compute/27.1.0 Python/3.10.5 (Windows-10-10.0.19044-SP0)
    method: GET
    uri: https://management.azure.com/subscriptions/00000000-0000-0000-0000-000000000000/resourceGroups/cli_test_vmss_extension_2000001/providers/Microsoft.Compute/virtualMachineScaleSets/vmss1?api-version=2021-11-01
  response:
    body:
      string: "{\r\n  \"name\": \"vmss1\",\r\n  \"id\": \"/subscriptions/00000000-0000-0000-0000-000000000000/resourceGroups/cli_test_vmss_extension_2000001/providers/Microsoft.Compute/virtualMachineScaleSets/vmss1\",\r\n
        \ \"type\": \"Microsoft.Compute/virtualMachineScaleSets\",\r\n  \"location\":
        \"westus\",\r\n  \"tags\": {},\r\n  \"sku\": {\r\n    \"name\": \"Standard_DS1_v2\",\r\n
        \   \"tier\": \"Standard\",\r\n    \"capacity\": 1\r\n  },\r\n  \"properties\":
        {\r\n    \"singlePlacementGroup\": true,\r\n    \"upgradePolicy\": {\r\n      \"mode\":
        \"Manual\",\r\n      \"rollingUpgradePolicy\": {\r\n        \"maxBatchInstancePercent\":
        20,\r\n        \"maxUnhealthyInstancePercent\": 20,\r\n        \"maxUnhealthyUpgradedInstancePercent\":
        20,\r\n        \"pauseTimeBetweenBatches\": \"PT0S\"\r\n      }\r\n    },\r\n
        \   \"virtualMachineProfile\": {\r\n      \"osProfile\": {\r\n        \"computerNamePrefix\":
        \"vmss10d7a\",\r\n        \"adminUsername\": \"admin123\",\r\n        \"linuxConfiguration\":
        {\r\n          \"disablePasswordAuthentication\": false,\r\n          \"provisionVMAgent\":
        true,\r\n          \"enableVMAgentPlatformUpdates\": false\r\n        },\r\n
        \       \"secrets\": [],\r\n        \"allowExtensionOperations\": true,\r\n
        \       \"requireGuestProvisionSignal\": true\r\n      },\r\n      \"storageProfile\":
        {\r\n        \"osDisk\": {\r\n          \"osType\": \"Linux\",\r\n          \"createOption\":
        \"FromImage\",\r\n          \"caching\": \"ReadWrite\",\r\n          \"managedDisk\":
        {\r\n            \"storageAccountType\": \"Premium_LRS\"\r\n          },\r\n
        \         \"diskSizeGB\": 30\r\n        },\r\n        \"imageReference\":
        {\r\n          \"publisher\": \"Canonical\",\r\n          \"offer\": \"UbuntuServer\",\r\n
        \         \"sku\": \"18.04-LTS\",\r\n          \"version\": \"latest\"\r\n
        \       }\r\n      },\r\n      \"networkProfile\": {\"networkInterfaceConfigurations\":[{\"name\":\"vmss10d7aNic\",\"properties\":{\"primary\":true,\"dnsSettings\":{\"dnsServers\":[]},\"enableIPForwarding\":false,\"ipConfigurations\":[{\"name\":\"vmss10d7aIPConfig\",\"properties\":{\"subnet\":{\"id\":\"/subscriptions/00000000-0000-0000-0000-000000000000/resourceGroups/cli_test_vmss_extension_2000001/providers/Microsoft.Network/virtualNetworks/vmss1VNET/subnets/vmss1Subnet\"},\"privateIPAddressVersion\":\"IPv4\",\"loadBalancerBackendAddressPools\":[{\"id\":\"/subscriptions/00000000-0000-0000-0000-000000000000/resourceGroups/cli_test_vmss_extension_2000001/providers/Microsoft.Network/loadBalancers/vmss1LB/backendAddressPools/vmss1LBBEPool\"}],\"loadBalancerInboundNatPools\":[{\"id\":\"/subscriptions/00000000-0000-0000-0000-000000000000/resourceGroups/cli_test_vmss_extension_2000001/providers/Microsoft.Network/loadBalancers/vmss1LB/inboundNatPools/vmss1LBNatPool\"}]}}]}}]},\r\n
        \     \"extensionProfile\": {\r\n        \"extensions\": []\r\n      }\r\n
        \   },\r\n    \"provisioningState\": \"Succeeded\",\r\n    \"overprovision\":
        true,\r\n    \"doNotRunExtensionsOnOverprovisionedVMs\": false,\r\n    \"uniqueId\":
        \"6534ec2b-0ca2-475e-a863-caf84a8d12e4\",\r\n    \"timeCreated\": \"2022-06-23T04:29:13.0171846+00:00\"\r\n
        \ }\r\n}"
    headers:
      cache-control:
      - no-cache
      content-length:
      - '2849'
      content-type:
      - application/json; charset=utf-8
      date:
      - Thu, 23 Jun 2022 04:31:18 GMT
      expires:
      - '-1'
      pragma:
      - no-cache
      server:
      - Microsoft-HTTPAPI/2.0
      - Microsoft-HTTPAPI/2.0
      strict-transport-security:
      - max-age=31536000; includeSubDomains
      transfer-encoding:
      - chunked
      vary:
      - Accept-Encoding
      x-content-type-options:
      - nosniff
      x-ms-ratelimit-remaining-resource:
      - Microsoft.Compute/GetVMScaleSet3Min;372,Microsoft.Compute/GetVMScaleSet30Min;2448
    status:
      code: 200
      message: OK
version: 1
