interactions:
- request:
    body: null
    headers:
      Accept:
      - application/json
      Accept-Encoding:
      - gzip, deflate
      CommandName:
      - vmss create
      Connection:
      - keep-alive
      ParameterSetName:
      - -g -n --image --admin-username
      User-Agent:
      - AZURECLI/2.40.0 azsdk-python-azure-mgmt-resource/21.1.0b1 Python/3.10.7 (Linux-5.15.0-1020-azure-x86_64-with-glibc2.31)
        VSTS_7b238909-6802-4b65-b90d-184bca47f458_build_220_0
    method: GET
    uri: https://management.azure.com/subscriptions/00000000-0000-0000-0000-000000000000/resourcegroups/cli_test_vmss_update_automatic_repairs_with_health_extension_000001?api-version=2021-04-01
  response:
    body:
      string: '{"id":"/subscriptions/00000000-0000-0000-0000-000000000000/resourceGroups/cli_test_vmss_update_automatic_repairs_with_health_extension_000001","name":"cli_test_vmss_update_automatic_repairs_with_health_extension_000001","type":"Microsoft.Resources/resourceGroups","location":"westus","tags":{"product":"azurecli","cause":"automation","date":"2022-09-28T22:11:59Z"},"properties":{"provisioningState":"Succeeded"}}'
    headers:
      cache-control:
      - no-cache
      content-length:
      - '412'
      content-type:
      - application/json; charset=utf-8
      date:
      - Wed, 28 Sep 2022 22:12:01 GMT
      expires:
      - '-1'
      pragma:
      - no-cache
      strict-transport-security:
      - max-age=31536000; includeSubDomains
      vary:
      - Accept-Encoding
      x-content-type-options:
      - nosniff
    status:
      code: 200
      message: OK
- request:
    body: null
    headers:
      Accept:
      - '*/*'
      Accept-Encoding:
      - gzip, deflate
      Connection:
      - keep-alive
      User-Agent:
      - python-requests/2.26.0
    method: GET
    uri: https://raw.githubusercontent.com/Azure/azure-rest-api-specs/main/arm-compute/quickstart-templates/aliases.json
  response:
    body:
      string: "{\n  \"$schema\": \"http://schema.management.azure.com/schemas/2015-01-01/deploymentTemplate.json\",\n
        \ \"contentVersion\": \"1.0.0.0\",\n  \"parameters\": {},\n  \"variables\":
        {},\n  \"resources\": [],\n  \"outputs\": {\n    \"aliases\": {\n      \"type\":
        \"object\",\n      \"value\": {\n        \"Linux\": {\n          \"CentOS\":
        {\n            \"publisher\": \"OpenLogic\",\n            \"offer\": \"CentOS\",\n
        \           \"sku\": \"7.5\",\n            \"version\": \"latest\",\n            \"architecture\":
        \"x64\"\n          },\n          \"Debian\": {\n            \"publisher\":
        \"Debian\",\n            \"offer\": \"debian-10\",\n            \"sku\": \"10\",\n
        \           \"version\": \"latest\",\n            \"architecture\": \"x64\"\n
        \         },\n          \"Flatcar\": {\n            \"publisher\": \"kinvolk\",\n
        \           \"offer\": \"flatcar-container-linux-free\",\n            \"sku\":
        \"stable\",\n            \"version\": \"latest\",\n            \"architecture\":
        \"x64\"\n          },\n          \"openSUSE-Leap\": {\n            \"publisher\":
        \"SUSE\",\n            \"offer\": \"opensuse-leap-15-3\",\n            \"sku\":
        \"gen2\",\n            \"version\": \"latest\",\n            \"architecture\":
        \"x64\"\n          },\n          \"RHEL\": {\n            \"publisher\": \"RedHat\",\n
        \           \"offer\": \"RHEL\",\n            \"sku\": \"7-LVM\",\n            \"version\":
        \"latest\",\n            \"architecture\": \"x64\"\n          },\n          \"SLES\":
        {\n            \"publisher\": \"SUSE\",\n            \"offer\": \"sles-15-sp3\",\n
        \           \"sku\": \"gen2\",\n            \"version\": \"latest\",\n            \"architecture\":
        \"x64\"\n          },\n          \"UbuntuLTS\": {\n            \"publisher\":
        \"Canonical\",\n            \"offer\": \"UbuntuServer\",\n            \"sku\":
        \"18.04-LTS\",\n            \"version\": \"latest\",\n            \"architecture\":
        \"x64\"\n          }\n        },\n        \"Windows\": {\n          \"Win2022Datacenter\":
        {\n            \"publisher\": \"MicrosoftWindowsServer\",\n            \"offer\":
        \"WindowsServer\",\n            \"sku\": \"2022-Datacenter\",\n            \"version\":
        \"latest\",\n            \"architecture\": \"x64\"\n          },\n          \"Win2022AzureEditionCore\":
        {\n            \"publisher\": \"MicrosoftWindowsServer\",\n            \"offer\":
        \"WindowsServer\",\n            \"sku\": \"2022-datacenter-azure-edition-core\",\n
        \           \"version\": \"latest\",\n            \"architecture\": \"x64\"\n
        \         },\n          \"Win2019Datacenter\": {\n            \"publisher\":
        \"MicrosoftWindowsServer\",\n            \"offer\": \"WindowsServer\",\n            \"sku\":
        \"2019-Datacenter\",\n            \"version\": \"latest\",\n            \"architecture\":
        \"x64\"\n          },\n          \"Win2016Datacenter\": {\n            \"publisher\":
        \"MicrosoftWindowsServer\",\n            \"offer\": \"WindowsServer\",\n            \"sku\":
        \"2016-Datacenter\",\n            \"version\": \"latest\",\n            \"architecture\":
        \"x64\"\n          },\n          \"Win2012R2Datacenter\": {\n            \"publisher\":
        \"MicrosoftWindowsServer\",\n            \"offer\": \"WindowsServer\",\n            \"sku\":
        \"2012-R2-Datacenter\",\n            \"version\": \"latest\",\n            \"architecture\":
        \"x64\"\n          },\n          \"Win2012Datacenter\": {\n            \"publisher\":
        \"MicrosoftWindowsServer\",\n            \"offer\": \"WindowsServer\",\n            \"sku\":
        \"2012-Datacenter\",\n            \"version\": \"latest\",\n            \"architecture\":
        \"x64\"\n          },\n          \"Win2008R2SP1\": {\n            \"publisher\":
        \"MicrosoftWindowsServer\",\n            \"offer\": \"WindowsServer\",\n            \"sku\":
        \"2008-R2-SP1\",\n            \"version\": \"latest\",\n            \"architecture\":
        \"x64\"\n          }\n        }\n      }\n    }\n  }\n}"
    headers:
      accept-ranges:
      - bytes
      access-control-allow-origin:
      - '*'
      cache-control:
      - max-age=300
      connection:
      - keep-alive
      content-length:
      - '3463'
      content-security-policy:
      - default-src 'none'; style-src 'unsafe-inline'; sandbox
      content-type:
      - text/plain; charset=utf-8
      date:
      - Wed, 28 Sep 2022 22:12:01 GMT
      etag:
      - W/"41b202f4dc5098d126019dc00721a4c5e30df0c5196794514fadc3710ee2a5cb"
      expires:
      - Wed, 28 Sep 2022 22:17:01 GMT
      source-age:
      - '2'
      strict-transport-security:
      - max-age=31536000
      vary:
      - Authorization,Accept-Encoding,Origin
      via:
      - 1.1 varnish
      x-cache:
      - HIT
      x-cache-hits:
      - '1'
      x-content-type-options:
      - nosniff
      x-fastly-request-id:
      - 0e8bf26a4df88c335be36949c340c847575c9173
      x-frame-options:
      - deny
      x-github-request-id:
      - 0803:2F03:187245:2083B2:633284BC
      x-served-by:
      - cache-iad-kiad7000129-IAD
      x-timer:
      - S1664403122.768598,VS0,VE1
      x-xss-protection:
      - 1; mode=block
    status:
      code: 200
      message: OK
- request:
    body: null
    headers:
      Accept:
      - application/json
      Accept-Encoding:
      - gzip, deflate
      CommandName:
      - vmss create
      Connection:
      - keep-alive
      ParameterSetName:
      - -g -n --image --admin-username
      User-Agent:
      - AZURECLI/2.40.0 azsdk-python-azure-mgmt-compute/28.0.0 Python/3.10.7 (Linux-5.15.0-1020-azure-x86_64-with-glibc2.31)
        VSTS_7b238909-6802-4b65-b90d-184bca47f458_build_220_0
    method: GET
    uri: https://management.azure.com/subscriptions/00000000-0000-0000-0000-000000000000/providers/Microsoft.Compute/locations/westus/publishers/Canonical/artifacttypes/vmimage/offers/UbuntuServer/skus/18.04-LTS/versions?$top=1&$orderby=name%20desc&api-version=2022-08-01
  response:
    body:
      string: "[\r\n  {\r\n    \"location\": \"westus\",\r\n    \"name\": \"18.04.202209210\",\r\n
        \   \"id\": \"/Subscriptions/00000000-0000-0000-0000-000000000000/Providers/Microsoft.Compute/Locations/westus/Publishers/Canonical/ArtifactTypes/VMImage/Offers/UbuntuServer/Skus/18.04-LTS/Versions/18.04.202209210\"\r\n
        \ }\r\n]"
    headers:
      cache-control:
      - no-cache
      content-length:
      - '286'
      content-type:
      - application/json; charset=utf-8
      date:
      - Wed, 28 Sep 2022 22:12:01 GMT
      expires:
      - '-1'
      pragma:
      - no-cache
      server:
      - Microsoft-HTTPAPI/2.0
      - Microsoft-HTTPAPI/2.0
      strict-transport-security:
      - max-age=31536000; includeSubDomains
      transfer-encoding:
      - chunked
      vary:
      - Accept-Encoding
      x-content-type-options:
      - nosniff
      x-ms-ratelimit-remaining-resource:
      - Microsoft.Compute/ListVMImagesVersionsFromLocation3Min;15993,Microsoft.Compute/ListVMImagesVersionsFromLocation30Min;43963
    status:
      code: 200
      message: OK
- request:
    body: null
    headers:
      Accept:
      - application/json
      Accept-Encoding:
      - gzip, deflate
      CommandName:
      - vmss create
      Connection:
      - keep-alive
      ParameterSetName:
      - -g -n --image --admin-username
      User-Agent:
      - AZURECLI/2.40.0 azsdk-python-azure-mgmt-compute/28.0.0 Python/3.10.7 (Linux-5.15.0-1020-azure-x86_64-with-glibc2.31)
        VSTS_7b238909-6802-4b65-b90d-184bca47f458_build_220_0
    method: GET
    uri: https://management.azure.com/subscriptions/00000000-0000-0000-0000-000000000000/providers/Microsoft.Compute/locations/westus/publishers/Canonical/artifacttypes/vmimage/offers/UbuntuServer/skus/18.04-LTS/versions/18.04.202209210?api-version=2022-08-01
  response:
    body:
      string: "{\r\n  \"properties\": {\r\n    \"hyperVGeneration\": \"V1\",\r\n    \"architecture\":
        \"x64\",\r\n    \"replicaType\": \"Unmanaged\",\r\n    \"disallowed\": {\r\n
        \     \"vmDiskType\": \"None\"\r\n    },\r\n    \"automaticOSUpgradeProperties\":
        {\r\n      \"automaticOSUpgradeSupported\": true\r\n    },\r\n    \"imageDeprecationStatus\":
        {\r\n      \"imageState\": \"Active\"\r\n    },\r\n    \"features\": [\r\n
        \     {\r\n        \"name\": \"IsAcceleratedNetworkSupported\",\r\n        \"value\":
        \"True\"\r\n      },\r\n      {\r\n        \"name\": \"DiskControllerTypes\",\r\n
        \       \"value\": \"SCSI, NVMe\"\r\n      },\r\n      {\r\n        \"name\":
        \"IsHibernateSupported\",\r\n        \"value\": \"True\"\r\n      }\r\n    ],\r\n
        \   \"osDiskImage\": {\r\n      \"operatingSystem\": \"Linux\",\r\n      \"sizeInGb\":
        31,\r\n      \"sizeInBytes\": 32213303808\r\n    },\r\n    \"dataDiskImages\":
        []\r\n  },\r\n  \"location\": \"westus\",\r\n  \"name\": \"18.04.202209210\",\r\n
        \ \"id\": \"/Subscriptions/00000000-0000-0000-0000-000000000000/Providers/Microsoft.Compute/Locations/westus/Publishers/Canonical/ArtifactTypes/VMImage/Offers/UbuntuServer/Skus/18.04-LTS/Versions/18.04.202209210\"\r\n}"
    headers:
      cache-control:
      - no-cache
      content-length:
      - '1048'
      content-type:
      - application/json; charset=utf-8
      date:
      - Wed, 28 Sep 2022 22:12:02 GMT
      expires:
      - '-1'
      pragma:
      - no-cache
      server:
      - Microsoft-HTTPAPI/2.0
      - Microsoft-HTTPAPI/2.0
      strict-transport-security:
      - max-age=31536000; includeSubDomains
      transfer-encoding:
      - chunked
      vary:
      - Accept-Encoding
      x-content-type-options:
      - nosniff
      x-ms-ratelimit-remaining-resource:
      - Microsoft.Compute/GetVMImageFromLocation3Min;12995,Microsoft.Compute/GetVMImageFromLocation30Min;73976
    status:
      code: 200
      message: OK
- request:
    body: null
    headers:
      Accept:
      - application/json
      Accept-Encoding:
      - gzip, deflate
      CommandName:
      - vmss create
      Connection:
      - keep-alive
      ParameterSetName:
      - -g -n --image --admin-username
      User-Agent:
      - AZURECLI/2.40.0 azsdk-python-azure-mgmt-network/21.0.1 Python/3.10.7 (Linux-5.15.0-1020-azure-x86_64-with-glibc2.31)
        VSTS_7b238909-6802-4b65-b90d-184bca47f458_build_220_0
    method: GET
    uri: https://management.azure.com/subscriptions/00000000-0000-0000-0000-000000000000/resourceGroups/cli_test_vmss_update_automatic_repairs_with_health_extension_000001/providers/Microsoft.Network/virtualNetworks?api-version=2022-01-01
  response:
    body:
      string: '{"value":[]}'
    headers:
      cache-control:
      - no-cache
      content-length:
      - '12'
      content-type:
      - application/json; charset=utf-8
      date:
      - Wed, 28 Sep 2022 22:12:02 GMT
      expires:
      - '-1'
      pragma:
      - no-cache
      strict-transport-security:
      - max-age=31536000; includeSubDomains
      vary:
      - Accept-Encoding
      x-content-type-options:
      - nosniff
    status:
      code: 200
      message: OK
- request:
    body: '{"properties": {"template": {"$schema": "https://schema.management.azure.com/schemas/2015-01-01/deploymentTemplate.json#",
      "contentVersion": "1.0.0.0", "parameters": {}, "variables": {}, "resources":
      [{"name": "vmss1VNET", "type": "Microsoft.Network/virtualNetworks", "location":
      "westus", "apiVersion": "2015-06-15", "dependsOn": [], "tags": {}, "properties":
      {"addressSpace": {"addressPrefixes": ["10.0.0.0/16"]}, "subnets": [{"name":
      "vmss1Subnet", "properties": {"addressPrefix": "10.0.0.0/24"}}]}}, {"apiVersion":
      "2022-01-01", "type": "Microsoft.Network/publicIPAddresses", "name": "vmss1LBPublicIP",
      "location": "westus", "tags": {}, "dependsOn": [], "properties": {"publicIPAllocationMethod":
      "Dynamic"}}, {"type": "Microsoft.Network/loadBalancers", "name": "vmss1LB",
      "location": "westus", "tags": {}, "apiVersion": "2022-01-01", "dependsOn": ["Microsoft.Network/virtualNetworks/vmss1VNET",
      "Microsoft.Network/publicIpAddresses/vmss1LBPublicIP"], "properties": {"backendAddressPools":
      [{"name": "vmss1LBBEPool"}], "frontendIPConfigurations": [{"name": "loadBalancerFrontEnd",
      "properties": {"publicIPAddress": {"id": "/subscriptions/00000000-0000-0000-0000-000000000000/resourceGroups/cli_test_vmss_update_automatic_repairs_with_health_extension_000001/providers/Microsoft.Network/publicIPAddresses/vmss1LBPublicIP"}}}],
      "inboundNatPools": [{"name": "vmss1LBNatPool", "properties": {"frontendIPConfiguration":
      {"id": "[concat(resourceId(''Microsoft.Network/loadBalancers'', ''vmss1LB''),
      ''/frontendIPConfigurations/'', ''loadBalancerFrontEnd'')]"}, "protocol": "tcp",
      "frontendPortRangeStart": "50000", "frontendPortRangeEnd": "50119", "backendPort":
      22}}]}}, {"type": "Microsoft.Compute/virtualMachineScaleSets", "name": "vmss1",
      "location": "westus", "tags": {}, "apiVersion": "2022-08-01", "dependsOn": ["Microsoft.Network/virtualNetworks/vmss1VNET",
      "Microsoft.Network/loadBalancers/vmss1LB"], "properties": {"overprovision":
      true, "upgradePolicy": {"mode": "manual", "rollingUpgradePolicy": {}}, "singlePlacementGroup":
      null, "virtualMachineProfile": {"storageProfile": {"osDisk": {"createOption":
      "FromImage", "caching": "ReadWrite", "managedDisk": {"storageAccountType": null}},
      "imageReference": {"publisher": "Canonical", "offer": "UbuntuServer", "sku":
      "18.04-LTS", "version": "latest"}}, "osProfile": {"computerNamePrefix": "vmss114cb",
      "adminUsername": "azureuser", "linuxConfiguration": {"disablePasswordAuthentication":
      true, "ssh": {"publicKeys": [{"path": "/home/azureuser/.ssh/authorized_keys",
      "keyData": "ssh-rsa AAAAB3NzaC1yc2EAAAADAQABAAABAQCtkyYHcXMji6/TW+FsWdjqOvGL9P59/yz97MokbeEyWnCOAyoNfqF3oDpwxyWZmn7F/xRg+moPI879Z5LRabdyobPmuVsVlSwcfgg/mdHsKkFovBzBCiUayEEoYsKPtWYMAVUJPrJ7ptpSxts6CBxebr3CykrXnx99SxUcYQy9SFS1pjQ0CLE5y6Dx01YEUeDjeBypaoCj15Pyo3hpWKr48+X1puuz6+cVTxC3ZMePyI6AVePsmvEF8KOXu7qGBKy/DBCVTefq4RopwPUTbsuOxGczx0a7A3xJkKFRlCLNFXYD0yZAsdw5ZjVgyAcsvL123dmjlSd+W5JDG1udpKqx"}]}}},
      "networkProfile": {"networkInterfaceConfigurations": [{"name": "vmss114cbNic",
      "properties": {"ipConfigurations": [{"name": "vmss114cbIPConfig", "properties":
      {"subnet": {"id": "/subscriptions/00000000-0000-0000-0000-000000000000/resourceGroups/cli_test_vmss_update_automatic_repairs_with_health_extension_000001/providers/Microsoft.Network/virtualNetworks/vmss1VNET/subnets/vmss1Subnet"},
      "loadBalancerBackendAddressPools": [{"id": "/subscriptions/00000000-0000-0000-0000-000000000000/resourceGroups/cli_test_vmss_update_automatic_repairs_with_health_extension_000001/providers/Microsoft.Network/loadBalancers/vmss1LB/backendAddressPools/vmss1LBBEPool"}],
      "loadBalancerInboundNatPools": [{"id": "/subscriptions/00000000-0000-0000-0000-000000000000/resourceGroups/cli_test_vmss_update_automatic_repairs_with_health_extension_000001/providers/Microsoft.Network/loadBalancers/vmss1LB/inboundNatPools/vmss1LBNatPool"}]}}],
      "primary": "true"}}]}}, "orchestrationMode": "Uniform"}, "sku": {"name": "Standard_DS1_v2",
      "capacity": 2}}], "outputs": {"VMSS": {"type": "object", "value": "[reference(resourceId(''Microsoft.Compute/virtualMachineScaleSets'',
      ''vmss1''),providers(''Microsoft.Compute'', ''virtualMachineScaleSets'').apiVersions[0])]"}}},
      "parameters": {}, "mode": "incremental"}}'
    headers:
      Accept:
      - application/json
      Accept-Encoding:
      - gzip, deflate
      CommandName:
      - vmss create
      Connection:
      - keep-alive
      Content-Length:
      - '4190'
      Content-Type:
      - application/json
      ParameterSetName:
      - -g -n --image --admin-username
      User-Agent:
      - AZURECLI/2.40.0 azsdk-python-azure-mgmt-resource/21.1.0b1 Python/3.10.7 (Linux-5.15.0-1020-azure-x86_64-with-glibc2.31)
        VSTS_7b238909-6802-4b65-b90d-184bca47f458_build_220_0
    method: PUT
    uri: https://management.azure.com/subscriptions/00000000-0000-0000-0000-000000000000/resourcegroups/cli_test_vmss_update_automatic_repairs_with_health_extension_000001/providers/Microsoft.Resources/deployments/mock-deployment?api-version=2021-04-01
  response:
    body:
      string: '{"id":"/subscriptions/00000000-0000-0000-0000-000000000000/resourceGroups/cli_test_vmss_update_automatic_repairs_with_health_extension_000001/providers/Microsoft.Resources/deployments/vmss_deploy_VzP0X641J6gzrhTuxu8NlwXM1jUo9FUx","name":"vmss_deploy_VzP0X641J6gzrhTuxu8NlwXM1jUo9FUx","type":"Microsoft.Resources/deployments","properties":{"templateHash":"8761417256638615222","parameters":{},"mode":"Incremental","provisioningState":"Accepted","timestamp":"2022-09-28T22:12:07.0997957Z","duration":"PT0.0008633S","correlationId":"7ea80cdd-5670-4f72-a762-512fb922fafc","providers":[{"namespace":"Microsoft.Network","resourceTypes":[{"resourceType":"virtualNetworks","locations":["westus"]},{"resourceType":"publicIPAddresses","locations":["westus"]},{"resourceType":"loadBalancers","locations":["westus"]}]},{"namespace":"Microsoft.Compute","resourceTypes":[{"resourceType":"virtualMachineScaleSets","locations":["westus"]}]}],"dependencies":[{"dependsOn":[{"id":"/subscriptions/00000000-0000-0000-0000-000000000000/resourceGroups/cli_test_vmss_update_automatic_repairs_with_health_extension_000001/providers/Microsoft.Network/virtualNetworks/vmss1VNET","resourceType":"Microsoft.Network/virtualNetworks","resourceName":"vmss1VNET"},{"id":"/subscriptions/00000000-0000-0000-0000-000000000000/resourceGroups/cli_test_vmss_update_automatic_repairs_with_health_extension_000001/providers/Microsoft.Network/publicIPAddresses/vmss1LBPublicIP","resourceType":"Microsoft.Network/publicIPAddresses","resourceName":"vmss1LBPublicIP"}],"id":"/subscriptions/00000000-0000-0000-0000-000000000000/resourceGroups/cli_test_vmss_update_automatic_repairs_with_health_extension_000001/providers/Microsoft.Network/loadBalancers/vmss1LB","resourceType":"Microsoft.Network/loadBalancers","resourceName":"vmss1LB"},{"dependsOn":[{"id":"/subscriptions/00000000-0000-0000-0000-000000000000/resourceGroups/cli_test_vmss_update_automatic_repairs_with_health_extension_000001/providers/Microsoft.Network/virtualNetworks/vmss1VNET","resourceType":"Microsoft.Network/virtualNetworks","resourceName":"vmss1VNET"},{"id":"/subscriptions/00000000-0000-0000-0000-000000000000/resourceGroups/cli_test_vmss_update_automatic_repairs_with_health_extension_000001/providers/Microsoft.Network/loadBalancers/vmss1LB","resourceType":"Microsoft.Network/loadBalancers","resourceName":"vmss1LB"}],"id":"/subscriptions/00000000-0000-0000-0000-000000000000/resourceGroups/cli_test_vmss_update_automatic_repairs_with_health_extension_000001/providers/Microsoft.Compute/virtualMachineScaleSets/vmss1","resourceType":"Microsoft.Compute/virtualMachineScaleSets","resourceName":"vmss1"}]}}'
    headers:
      azure-asyncoperation:
      - https://management.azure.com/subscriptions/00000000-0000-0000-0000-000000000000/resourcegroups/cli_test_vmss_update_automatic_repairs_with_health_extension_000001/providers/Microsoft.Resources/deployments/vmss_deploy_VzP0X641J6gzrhTuxu8NlwXM1jUo9FUx/operationStatuses/08585372037596179999?api-version=2021-04-01
      cache-control:
      - no-cache
      content-length:
      - '2636'
      content-type:
      - application/json; charset=utf-8
      date:
      - Wed, 28 Sep 2022 22:12:07 GMT
      expires:
      - '-1'
      pragma:
      - no-cache
      strict-transport-security:
      - max-age=31536000; includeSubDomains
      x-content-type-options:
      - nosniff
      x-ms-ratelimit-remaining-subscription-writes:
      - '1193'
    status:
      code: 201
      message: Created
- request:
    body: null
    headers:
      Accept:
      - '*/*'
      Accept-Encoding:
      - gzip, deflate
      CommandName:
      - vmss create
      Connection:
      - keep-alive
      ParameterSetName:
      - -g -n --image --admin-username
      User-Agent:
      - AZURECLI/2.40.0 azsdk-python-azure-mgmt-resource/21.1.0b1 Python/3.10.7 (Linux-5.15.0-1020-azure-x86_64-with-glibc2.31)
        VSTS_7b238909-6802-4b65-b90d-184bca47f458_build_220_0
    method: GET
    uri: https://management.azure.com/subscriptions/00000000-0000-0000-0000-000000000000/resourcegroups/cli_test_vmss_update_automatic_repairs_with_health_extension_000001/providers/Microsoft.Resources/deployments/mock-deployment/operationStatuses/08585372037596179999?api-version=2021-04-01
  response:
    body:
      string: '{"status":"Running"}'
    headers:
      cache-control:
      - no-cache
      content-length:
      - '20'
      content-type:
      - application/json; charset=utf-8
      date:
      - Wed, 28 Sep 2022 22:12:37 GMT
      expires:
      - '-1'
      pragma:
      - no-cache
      strict-transport-security:
      - max-age=31536000; includeSubDomains
      vary:
      - Accept-Encoding
      x-content-type-options:
      - nosniff
    status:
      code: 200
      message: OK
- request:
    body: null
    headers:
      Accept:
      - '*/*'
      Accept-Encoding:
      - gzip, deflate
      CommandName:
      - vmss create
      Connection:
      - keep-alive
      ParameterSetName:
      - -g -n --image --admin-username
      User-Agent:
      - AZURECLI/2.40.0 azsdk-python-azure-mgmt-resource/21.1.0b1 Python/3.10.7 (Linux-5.15.0-1020-azure-x86_64-with-glibc2.31)
        VSTS_7b238909-6802-4b65-b90d-184bca47f458_build_220_0
    method: GET
    uri: https://management.azure.com/subscriptions/00000000-0000-0000-0000-000000000000/resourcegroups/cli_test_vmss_update_automatic_repairs_with_health_extension_000001/providers/Microsoft.Resources/deployments/mock-deployment/operationStatuses/08585372037596179999?api-version=2021-04-01
  response:
    body:
      string: '{"status":"Running"}'
    headers:
      cache-control:
      - no-cache
      content-length:
      - '20'
      content-type:
      - application/json; charset=utf-8
      date:
      - Wed, 28 Sep 2022 22:13:07 GMT
      expires:
      - '-1'
      pragma:
      - no-cache
      strict-transport-security:
      - max-age=31536000; includeSubDomains
      vary:
      - Accept-Encoding
      x-content-type-options:
      - nosniff
    status:
      code: 200
      message: OK
- request:
    body: null
    headers:
      Accept:
      - '*/*'
      Accept-Encoding:
      - gzip, deflate
      CommandName:
      - vmss create
      Connection:
      - keep-alive
      ParameterSetName:
      - -g -n --image --admin-username
      User-Agent:
      - AZURECLI/2.40.0 azsdk-python-azure-mgmt-resource/21.1.0b1 Python/3.10.7 (Linux-5.15.0-1020-azure-x86_64-with-glibc2.31)
        VSTS_7b238909-6802-4b65-b90d-184bca47f458_build_220_0
    method: GET
    uri: https://management.azure.com/subscriptions/00000000-0000-0000-0000-000000000000/resourcegroups/cli_test_vmss_update_automatic_repairs_with_health_extension_000001/providers/Microsoft.Resources/deployments/mock-deployment/operationStatuses/08585372037596179999?api-version=2021-04-01
  response:
    body:
      string: '{"status":"Succeeded"}'
    headers:
      cache-control:
      - no-cache
      content-length:
      - '22'
      content-type:
      - application/json; charset=utf-8
      date:
      - Wed, 28 Sep 2022 22:13:37 GMT
      expires:
      - '-1'
      pragma:
      - no-cache
      strict-transport-security:
      - max-age=31536000; includeSubDomains
      vary:
      - Accept-Encoding
      x-content-type-options:
      - nosniff
    status:
      code: 200
      message: OK
- request:
    body: null
    headers:
      Accept:
      - '*/*'
      Accept-Encoding:
      - gzip, deflate
      CommandName:
      - vmss create
      Connection:
      - keep-alive
      ParameterSetName:
      - -g -n --image --admin-username
      User-Agent:
      - AZURECLI/2.40.0 azsdk-python-azure-mgmt-resource/21.1.0b1 Python/3.10.7 (Linux-5.15.0-1020-azure-x86_64-with-glibc2.31)
        VSTS_7b238909-6802-4b65-b90d-184bca47f458_build_220_0
    method: GET
    uri: https://management.azure.com/subscriptions/00000000-0000-0000-0000-000000000000/resourcegroups/cli_test_vmss_update_automatic_repairs_with_health_extension_000001/providers/Microsoft.Resources/deployments/mock-deployment?api-version=2021-04-01
  response:
    body:
      string: '{"id":"/subscriptions/00000000-0000-0000-0000-000000000000/resourceGroups/cli_test_vmss_update_automatic_repairs_with_health_extension_000001/providers/Microsoft.Resources/deployments/vmss_deploy_VzP0X641J6gzrhTuxu8NlwXM1jUo9FUx","name":"vmss_deploy_VzP0X641J6gzrhTuxu8NlwXM1jUo9FUx","type":"Microsoft.Resources/deployments","properties":{"templateHash":"8761417256638615222","parameters":{},"mode":"Incremental","provisioningState":"Succeeded","timestamp":"2022-09-28T22:13:14.5684965Z","duration":"PT1M7.4695641S","correlationId":"7ea80cdd-5670-4f72-a762-512fb922fafc","providers":[{"namespace":"Microsoft.Network","resourceTypes":[{"resourceType":"virtualNetworks","locations":["westus"]},{"resourceType":"publicIPAddresses","locations":["westus"]},{"resourceType":"loadBalancers","locations":["westus"]}]},{"namespace":"Microsoft.Compute","resourceTypes":[{"resourceType":"virtualMachineScaleSets","locations":["westus"]}]}],"dependencies":[{"dependsOn":[{"id":"/subscriptions/00000000-0000-0000-0000-000000000000/resourceGroups/cli_test_vmss_update_automatic_repairs_with_health_extension_000001/providers/Microsoft.Network/virtualNetworks/vmss1VNET","resourceType":"Microsoft.Network/virtualNetworks","resourceName":"vmss1VNET"},{"id":"/subscriptions/00000000-0000-0000-0000-000000000000/resourceGroups/cli_test_vmss_update_automatic_repairs_with_health_extension_000001/providers/Microsoft.Network/publicIPAddresses/vmss1LBPublicIP","resourceType":"Microsoft.Network/publicIPAddresses","resourceName":"vmss1LBPublicIP"}],"id":"/subscriptions/00000000-0000-0000-0000-000000000000/resourceGroups/cli_test_vmss_update_automatic_repairs_with_health_extension_000001/providers/Microsoft.Network/loadBalancers/vmss1LB","resourceType":"Microsoft.Network/loadBalancers","resourceName":"vmss1LB"},{"dependsOn":[{"id":"/subscriptions/00000000-0000-0000-0000-000000000000/resourceGroups/cli_test_vmss_update_automatic_repairs_with_health_extension_000001/providers/Microsoft.Network/virtualNetworks/vmss1VNET","resourceType":"Microsoft.Network/virtualNetworks","resourceName":"vmss1VNET"},{"id":"/subscriptions/00000000-0000-0000-0000-000000000000/resourceGroups/cli_test_vmss_update_automatic_repairs_with_health_extension_000001/providers/Microsoft.Network/loadBalancers/vmss1LB","resourceType":"Microsoft.Network/loadBalancers","resourceName":"vmss1LB"}],"id":"/subscriptions/00000000-0000-0000-0000-000000000000/resourceGroups/cli_test_vmss_update_automatic_repairs_with_health_extension_000001/providers/Microsoft.Compute/virtualMachineScaleSets/vmss1","resourceType":"Microsoft.Compute/virtualMachineScaleSets","resourceName":"vmss1"}],"outputs":{"vmss":{"type":"Object","value":{"singlePlacementGroup":true,"upgradePolicy":{"mode":"Manual","rollingUpgradePolicy":{"maxBatchInstancePercent":20,"maxUnhealthyInstancePercent":20,"maxUnhealthyUpgradedInstancePercent":20,"pauseTimeBetweenBatches":"PT0S"}},"virtualMachineProfile":{"osProfile":{"computerNamePrefix":"vmss114cb","adminUsername":"azureuser","linuxConfiguration":{"disablePasswordAuthentication":true,"ssh":{"publicKeys":[{"path":"/home/azureuser/.ssh/authorized_keys","keyData":"ssh-rsa
        AAAAB3NzaC1yc2EAAAADAQABAAABAQCtkyYHcXMji6/TW+FsWdjqOvGL9P59/yz97MokbeEyWnCOAyoNfqF3oDpwxyWZmn7F/xRg+moPI879Z5LRabdyobPmuVsVlSwcfgg/mdHsKkFovBzBCiUayEEoYsKPtWYMAVUJPrJ7ptpSxts6CBxebr3CykrXnx99SxUcYQy9SFS1pjQ0CLE5y6Dx01YEUeDjeBypaoCj15Pyo3hpWKr48+X1puuz6+cVTxC3ZMePyI6AVePsmvEF8KOXu7qGBKy/DBCVTefq4RopwPUTbsuOxGczx0a7A3xJkKFRlCLNFXYD0yZAsdw5ZjVgyAcsvL123dmjlSd+W5JDG1udpKqx"}]},"provisionVMAgent":true,"enableVMAgentPlatformUpdates":false},"secrets":[],"allowExtensionOperations":true,"requireGuestProvisionSignal":true},"storageProfile":{"osDisk":{"osType":"Linux","createOption":"FromImage","caching":"ReadWrite","managedDisk":{"storageAccountType":"Premium_LRS"},"diskSizeGB":30},"imageReference":{"publisher":"Canonical","offer":"UbuntuServer","sku":"18.04-LTS","version":"latest"}},"networkProfile":{"networkInterfaceConfigurations":[{"name":"vmss114cbNic","properties":{"primary":true,"disableTcpStateTracking":false,"dnsSettings":{"dnsServers":[]},"enableIPForwarding":false,"ipConfigurations":[{"name":"vmss114cbIPConfig","properties":{"subnet":{"id":"/subscriptions/00000000-0000-0000-0000-000000000000/resourceGroups/cli_test_vmss_update_automatic_repairs_with_health_extension_000001/providers/Microsoft.Network/virtualNetworks/vmss1VNET/subnets/vmss1Subnet"},"privateIPAddressVersion":"IPv4","loadBalancerBackendAddressPools":[{"id":"/subscriptions/00000000-0000-0000-0000-000000000000/resourceGroups/cli_test_vmss_update_automatic_repairs_with_health_extension_000001/providers/Microsoft.Network/loadBalancers/vmss1LB/backendAddressPools/vmss1LBBEPool"}],"loadBalancerInboundNatPools":[{"id":"/subscriptions/00000000-0000-0000-0000-000000000000/resourceGroups/cli_test_vmss_update_automatic_repairs_with_health_extension_000001/providers/Microsoft.Network/loadBalancers/vmss1LB/inboundNatPools/vmss1LBNatPool"}]}}]}}]}},"provisioningState":"Succeeded","overprovision":true,"doNotRunExtensionsOnOverprovisionedVMs":false,"uniqueId":"523de97f-40a9-4dff-9fb3-cd6192e9eba2","timeCreated":"2022-09-28T22:12:16.3697552+00:00"}}},"outputResources":[{"id":"/subscriptions/00000000-0000-0000-0000-000000000000/resourceGroups/cli_test_vmss_update_automatic_repairs_with_health_extension_000001/providers/Microsoft.Compute/virtualMachineScaleSets/vmss1"},{"id":"/subscriptions/00000000-0000-0000-0000-000000000000/resourceGroups/cli_test_vmss_update_automatic_repairs_with_health_extension_000001/providers/Microsoft.Network/loadBalancers/vmss1LB"},{"id":"/subscriptions/00000000-0000-0000-0000-000000000000/resourceGroups/cli_test_vmss_update_automatic_repairs_with_health_extension_000001/providers/Microsoft.Network/publicIPAddresses/vmss1LBPublicIP"},{"id":"/subscriptions/00000000-0000-0000-0000-000000000000/resourceGroups/cli_test_vmss_update_automatic_repairs_with_health_extension_000001/providers/Microsoft.Network/virtualNetworks/vmss1VNET"}]}}'
    headers:
      cache-control:
      - no-cache
      content-length:
      - '6006'
      content-type:
      - application/json; charset=utf-8
      date:
      - Wed, 28 Sep 2022 22:13:38 GMT
      expires:
      - '-1'
      pragma:
      - no-cache
      strict-transport-security:
      - max-age=31536000; includeSubDomains
      vary:
      - Accept-Encoding
      x-content-type-options:
      - nosniff
    status:
      code: 200
      message: OK
- request:
    body: null
    headers:
      Accept:
      - application/json
      Accept-Encoding:
      - gzip, deflate
      CommandName:
      - vmss extension set
      Connection:
      - keep-alive
      ParameterSetName:
      - -g --vmss-name --name --version --publisher --settings
      User-Agent:
      - AZURECLI/2.40.0 azsdk-python-azure-mgmt-compute/28.0.0 Python/3.10.7 (Linux-5.15.0-1020-azure-x86_64-with-glibc2.31)
        VSTS_7b238909-6802-4b65-b90d-184bca47f458_build_220_0
    method: GET
    uri: https://management.azure.com/subscriptions/00000000-0000-0000-0000-000000000000/resourceGroups/cli_test_vmss_update_automatic_repairs_with_health_extension_000001/providers/Microsoft.Compute/virtualMachineScaleSets/vmss1?api-version=2022-08-01
  response:
    body:
      string: "{\r\n  \"name\": \"vmss1\",\r\n  \"id\": \"/subscriptions/00000000-0000-0000-0000-000000000000/resourceGroups/cli_test_vmss_update_automatic_repairs_with_health_extension_000001/providers/Microsoft.Compute/virtualMachineScaleSets/vmss1\",\r\n
        \ \"type\": \"Microsoft.Compute/virtualMachineScaleSets\",\r\n  \"location\":
        \"westus\",\r\n  \"tags\": {},\r\n  \"sku\": {\r\n    \"name\": \"Standard_DS1_v2\",\r\n
        \   \"tier\": \"Standard\",\r\n    \"capacity\": 2\r\n  },\r\n  \"properties\":
        {\r\n    \"singlePlacementGroup\": true,\r\n    \"upgradePolicy\": {\r\n      \"mode\":
        \"Manual\",\r\n      \"rollingUpgradePolicy\": {\r\n        \"maxBatchInstancePercent\":
        20,\r\n        \"maxUnhealthyInstancePercent\": 20,\r\n        \"maxUnhealthyUpgradedInstancePercent\":
        20,\r\n        \"pauseTimeBetweenBatches\": \"PT0S\"\r\n      }\r\n    },\r\n
        \   \"virtualMachineProfile\": {\r\n      \"osProfile\": {\r\n        \"computerNamePrefix\":
        \"vmss114cb\",\r\n        \"adminUsername\": \"azureuser\",\r\n        \"linuxConfiguration\":
        {\r\n          \"disablePasswordAuthentication\": true,\r\n          \"ssh\":
        {\r\n            \"publicKeys\": [\r\n              {\r\n                \"path\":
        \"/home/azureuser/.ssh/authorized_keys\",\r\n                \"keyData\":
        \"ssh-rsa AAAAB3NzaC1yc2EAAAADAQABAAABAQCtkyYHcXMji6/TW+FsWdjqOvGL9P59/yz97MokbeEyWnCOAyoNfqF3oDpwxyWZmn7F/xRg+moPI879Z5LRabdyobPmuVsVlSwcfgg/mdHsKkFovBzBCiUayEEoYsKPtWYMAVUJPrJ7ptpSxts6CBxebr3CykrXnx99SxUcYQy9SFS1pjQ0CLE5y6Dx01YEUeDjeBypaoCj15Pyo3hpWKr48+X1puuz6+cVTxC3ZMePyI6AVePsmvEF8KOXu7qGBKy/DBCVTefq4RopwPUTbsuOxGczx0a7A3xJkKFRlCLNFXYD0yZAsdw5ZjVgyAcsvL123dmjlSd+W5JDG1udpKqx\"\r\n
        \             }\r\n            ]\r\n          },\r\n          \"provisionVMAgent\":
        true,\r\n          \"enableVMAgentPlatformUpdates\": false\r\n        },\r\n
        \       \"secrets\": [],\r\n        \"allowExtensionOperations\": true,\r\n
        \       \"requireGuestProvisionSignal\": true\r\n      },\r\n      \"storageProfile\":
        {\r\n        \"osDisk\": {\r\n          \"osType\": \"Linux\",\r\n          \"createOption\":
        \"FromImage\",\r\n          \"caching\": \"ReadWrite\",\r\n          \"managedDisk\":
        {\r\n            \"storageAccountType\": \"Premium_LRS\"\r\n          },\r\n
        \         \"diskSizeGB\": 30\r\n        },\r\n        \"imageReference\":
        {\r\n          \"publisher\": \"Canonical\",\r\n          \"offer\": \"UbuntuServer\",\r\n
        \         \"sku\": \"18.04-LTS\",\r\n          \"version\": \"latest\"\r\n
        \       }\r\n      },\r\n      \"networkProfile\": {\"networkInterfaceConfigurations\":[{\"name\":\"vmss114cbNic\",\"properties\":{\"primary\":true,\"disableTcpStateTracking\":false,\"dnsSettings\":{\"dnsServers\":[]},\"enableIPForwarding\":false,\"ipConfigurations\":[{\"name\":\"vmss114cbIPConfig\",\"properties\":{\"subnet\":{\"id\":\"/subscriptions/00000000-0000-0000-0000-000000000000/resourceGroups/cli_test_vmss_update_automatic_repairs_with_health_extension_000001/providers/Microsoft.Network/virtualNetworks/vmss1VNET/subnets/vmss1Subnet\"},\"privateIPAddressVersion\":\"IPv4\",\"loadBalancerBackendAddressPools\":[{\"id\":\"/subscriptions/00000000-0000-0000-0000-000000000000/resourceGroups/cli_test_vmss_update_automatic_repairs_with_health_extension_000001/providers/Microsoft.Network/loadBalancers/vmss1LB/backendAddressPools/vmss1LBBEPool\"}],\"loadBalancerInboundNatPools\":[{\"id\":\"/subscriptions/00000000-0000-0000-0000-000000000000/resourceGroups/cli_test_vmss_update_automatic_repairs_with_health_extension_000001/providers/Microsoft.Network/loadBalancers/vmss1LB/inboundNatPools/vmss1LBNatPool\"}]}}]}}]}\r\n
        \   },\r\n    \"provisioningState\": \"Succeeded\",\r\n    \"overprovision\":
        true,\r\n    \"doNotRunExtensionsOnOverprovisionedVMs\": false,\r\n    \"uniqueId\":
        \"523de97f-40a9-4dff-9fb3-cd6192e9eba2\",\r\n    \"timeCreated\": \"2022-09-28T22:12:16.3697552+00:00\"\r\n
        \ }\r\n}"
    headers:
      cache-control:
      - no-cache
      content-length:
      - '3548'
      content-type:
      - application/json; charset=utf-8
      date:
      - Wed, 28 Sep 2022 22:13:39 GMT
      expires:
      - '-1'
      pragma:
      - no-cache
      server:
      - Microsoft-HTTPAPI/2.0
      - Microsoft-HTTPAPI/2.0
      strict-transport-security:
      - max-age=31536000; includeSubDomains
      transfer-encoding:
      - chunked
      vary:
      - Accept-Encoding
      x-content-type-options:
      - nosniff
      x-ms-ratelimit-remaining-resource:
      - Microsoft.Compute/GetVMScaleSet3Min;379,Microsoft.Compute/GetVMScaleSet30Min;2455
    status:
      code: 200
      message: OK
- request:
    body: '{"location": "westus", "tags": {}, "sku": {"name": "Standard_DS1_v2", "tier":
      "Standard", "capacity": 2}, "properties": {"upgradePolicy": {"mode": "Manual",
      "rollingUpgradePolicy": {"maxBatchInstancePercent": 20, "maxUnhealthyInstancePercent":
      20, "maxUnhealthyUpgradedInstancePercent": 20, "pauseTimeBetweenBatches": "PT0S"}},
      "virtualMachineProfile": {"osProfile": {"computerNamePrefix": "vmss114cb", "adminUsername":
      "azureuser", "linuxConfiguration": {"disablePasswordAuthentication": true, "ssh":
      {"publicKeys": [{"path": "/home/azureuser/.ssh/authorized_keys", "keyData":
      "ssh-rsa AAAAB3NzaC1yc2EAAAADAQABAAABAQCtkyYHcXMji6/TW+FsWdjqOvGL9P59/yz97MokbeEyWnCOAyoNfqF3oDpwxyWZmn7F/xRg+moPI879Z5LRabdyobPmuVsVlSwcfgg/mdHsKkFovBzBCiUayEEoYsKPtWYMAVUJPrJ7ptpSxts6CBxebr3CykrXnx99SxUcYQy9SFS1pjQ0CLE5y6Dx01YEUeDjeBypaoCj15Pyo3hpWKr48+X1puuz6+cVTxC3ZMePyI6AVePsmvEF8KOXu7qGBKy/DBCVTefq4RopwPUTbsuOxGczx0a7A3xJkKFRlCLNFXYD0yZAsdw5ZjVgyAcsvL123dmjlSd+W5JDG1udpKqx"}]},
      "provisionVMAgent": true, "enableVMAgentPlatformUpdates": false}, "secrets":
      [], "allowExtensionOperations": true}, "storageProfile": {"osDisk": {"caching":
      "ReadWrite", "createOption": "FromImage", "diskSizeGB": 30, "osType": "Linux",
      "managedDisk": {"storageAccountType": "Premium_LRS"}}}, "networkProfile": {"networkInterfaceConfigurations":
      [{"name": "vmss114cbNic", "properties": {"primary": true, "disableTcpStateTracking":
      false, "dnsSettings": {"dnsServers": []}, "ipConfigurations": [{"name": "vmss114cbIPConfig",
      "properties": {"subnet": {"id": "/subscriptions/00000000-0000-0000-0000-000000000000/resourceGroups/cli_test_vmss_update_automatic_repairs_with_health_extension_000001/providers/Microsoft.Network/virtualNetworks/vmss1VNET/subnets/vmss1Subnet"},
      "privateIPAddressVersion": "IPv4", "loadBalancerBackendAddressPools": [{"id":
      "/subscriptions/00000000-0000-0000-0000-000000000000/resourceGroups/cli_test_vmss_update_automatic_repairs_with_health_extension_000001/providers/Microsoft.Network/loadBalancers/vmss1LB/backendAddressPools/vmss1LBBEPool"}],
      "loadBalancerInboundNatPools": [{"id": "/subscriptions/00000000-0000-0000-0000-000000000000/resourceGroups/cli_test_vmss_update_automatic_repairs_with_health_extension_000001/providers/Microsoft.Network/loadBalancers/vmss1LB/inboundNatPools/vmss1LBNatPool"}]}}],
      "enableIPForwarding": false}}]}, "extensionProfile": {"extensions": [{"name":
      "ApplicationHealthLinux", "properties": {"publisher": "Microsoft.ManagedServices",
      "type": "ApplicationHealthLinux", "typeHandlerVersion": "1.0", "autoUpgradeMinorVersion":
      true, "settings": {"port": 80, "protocol": "http", "requestPath": "/"}}}]}},
      "overprovision": true, "doNotRunExtensionsOnOverprovisionedVMs": false, "singlePlacementGroup":
      true}}'
    headers:
      Accept:
      - application/json
      Accept-Encoding:
      - gzip, deflate
      CommandName:
      - vmss extension set
      Connection:
      - keep-alive
      Content-Length:
      - '2728'
      Content-Type:
      - application/json
      ParameterSetName:
      - -g --vmss-name --name --version --publisher --settings
      User-Agent:
      - AZURECLI/2.40.0 azsdk-python-azure-mgmt-compute/28.0.0 Python/3.10.7 (Linux-5.15.0-1020-azure-x86_64-with-glibc2.31)
        VSTS_7b238909-6802-4b65-b90d-184bca47f458_build_220_0
    method: PUT
    uri: https://management.azure.com/subscriptions/00000000-0000-0000-0000-000000000000/resourceGroups/cli_test_vmss_update_automatic_repairs_with_health_extension_000001/providers/Microsoft.Compute/virtualMachineScaleSets/vmss1?api-version=2022-08-01
  response:
    body:
      string: "{\r\n  \"name\": \"vmss1\",\r\n  \"id\": \"/subscriptions/00000000-0000-0000-0000-000000000000/resourceGroups/cli_test_vmss_update_automatic_repairs_with_health_extension_000001/providers/Microsoft.Compute/virtualMachineScaleSets/vmss1\",\r\n
        \ \"type\": \"Microsoft.Compute/virtualMachineScaleSets\",\r\n  \"location\":
        \"westus\",\r\n  \"tags\": {},\r\n  \"sku\": {\r\n    \"name\": \"Standard_DS1_v2\",\r\n
        \   \"tier\": \"Standard\",\r\n    \"capacity\": 2\r\n  },\r\n  \"properties\":
        {\r\n    \"singlePlacementGroup\": true,\r\n    \"upgradePolicy\": {\r\n      \"mode\":
        \"Manual\",\r\n      \"rollingUpgradePolicy\": {\r\n        \"maxBatchInstancePercent\":
        20,\r\n        \"maxUnhealthyInstancePercent\": 20,\r\n        \"maxUnhealthyUpgradedInstancePercent\":
        20,\r\n        \"pauseTimeBetweenBatches\": \"PT0S\"\r\n      }\r\n    },\r\n
        \   \"virtualMachineProfile\": {\r\n      \"osProfile\": {\r\n        \"computerNamePrefix\":
        \"vmss114cb\",\r\n        \"adminUsername\": \"azureuser\",\r\n        \"linuxConfiguration\":
        {\r\n          \"disablePasswordAuthentication\": true,\r\n          \"ssh\":
        {\r\n            \"publicKeys\": [\r\n              {\r\n                \"path\":
        \"/home/azureuser/.ssh/authorized_keys\",\r\n                \"keyData\":
        \"ssh-rsa AAAAB3NzaC1yc2EAAAADAQABAAABAQCtkyYHcXMji6/TW+FsWdjqOvGL9P59/yz97MokbeEyWnCOAyoNfqF3oDpwxyWZmn7F/xRg+moPI879Z5LRabdyobPmuVsVlSwcfgg/mdHsKkFovBzBCiUayEEoYsKPtWYMAVUJPrJ7ptpSxts6CBxebr3CykrXnx99SxUcYQy9SFS1pjQ0CLE5y6Dx01YEUeDjeBypaoCj15Pyo3hpWKr48+X1puuz6+cVTxC3ZMePyI6AVePsmvEF8KOXu7qGBKy/DBCVTefq4RopwPUTbsuOxGczx0a7A3xJkKFRlCLNFXYD0yZAsdw5ZjVgyAcsvL123dmjlSd+W5JDG1udpKqx\"\r\n
        \             }\r\n            ]\r\n          },\r\n          \"provisionVMAgent\":
        true,\r\n          \"enableVMAgentPlatformUpdates\": false\r\n        },\r\n
        \       \"secrets\": [],\r\n        \"allowExtensionOperations\": true,\r\n
        \       \"requireGuestProvisionSignal\": true\r\n      },\r\n      \"storageProfile\":
        {\r\n        \"osDisk\": {\r\n          \"osType\": \"Linux\",\r\n          \"createOption\":
        \"FromImage\",\r\n          \"caching\": \"ReadWrite\",\r\n          \"managedDisk\":
        {\r\n            \"storageAccountType\": \"Premium_LRS\"\r\n          },\r\n
        \         \"diskSizeGB\": 30\r\n        },\r\n        \"imageReference\":
        {\r\n          \"publisher\": \"Canonical\",\r\n          \"offer\": \"UbuntuServer\",\r\n
        \         \"sku\": \"18.04-LTS\",\r\n          \"version\": \"latest\"\r\n
        \       }\r\n      },\r\n      \"networkProfile\": {\"networkInterfaceConfigurations\":[{\"name\":\"vmss114cbNic\",\"properties\":{\"primary\":true,\"disableTcpStateTracking\":false,\"dnsSettings\":{\"dnsServers\":[]},\"enableIPForwarding\":false,\"ipConfigurations\":[{\"name\":\"vmss114cbIPConfig\",\"properties\":{\"subnet\":{\"id\":\"/subscriptions/00000000-0000-0000-0000-000000000000/resourceGroups/cli_test_vmss_update_automatic_repairs_with_health_extension_000001/providers/Microsoft.Network/virtualNetworks/vmss1VNET/subnets/vmss1Subnet\"},\"privateIPAddressVersion\":\"IPv4\",\"loadBalancerBackendAddressPools\":[{\"id\":\"/subscriptions/00000000-0000-0000-0000-000000000000/resourceGroups/cli_test_vmss_update_automatic_repairs_with_health_extension_000001/providers/Microsoft.Network/loadBalancers/vmss1LB/backendAddressPools/vmss1LBBEPool\"}],\"loadBalancerInboundNatPools\":[{\"id\":\"/subscriptions/00000000-0000-0000-0000-000000000000/resourceGroups/cli_test_vmss_update_automatic_repairs_with_health_extension_000001/providers/Microsoft.Network/loadBalancers/vmss1LB/inboundNatPools/vmss1LBNatPool\"}]}}]}}]},\r\n
        \     \"extensionProfile\": {\r\n        \"extensions\": [\r\n          {\r\n
        \           \"name\": \"ApplicationHealthLinux\",\r\n            \"properties\":
        {\r\n              \"autoUpgradeMinorVersion\": true,\r\n              \"publisher\":
        \"Microsoft.ManagedServices\",\r\n              \"type\": \"ApplicationHealthLinux\",\r\n
        \             \"typeHandlerVersion\": \"1.0\",\r\n              \"settings\":
        {\"port\":80,\"protocol\":\"http\",\"requestPath\":\"/\"}\r\n            }\r\n
        \         }\r\n        ]\r\n      }\r\n    },\r\n    \"provisioningState\":
        \"Updating\",\r\n    \"overprovision\": true,\r\n    \"doNotRunExtensionsOnOverprovisionedVMs\":
        false,\r\n    \"uniqueId\": \"523de97f-40a9-4dff-9fb3-cd6192e9eba2\",\r\n
        \   \"timeCreated\": \"2022-09-28T22:12:16.3697552+00:00\"\r\n  }\r\n}"
    headers:
      azure-asyncnotification:
      - Enabled
      azure-asyncoperation:
      - https://management.azure.com/subscriptions/00000000-0000-0000-0000-000000000000/providers/Microsoft.Compute/locations/westus/operations/9f51385e-8aa7-45b4-b347-936b014db65b?p=571046f6-b640-41c1-86f7-f9f044b5adf9&api-version=2022-08-01
      cache-control:
      - no-cache
      content-length:
      - '4012'
      content-type:
      - application/json; charset=utf-8
      date:
      - Wed, 28 Sep 2022 22:13:43 GMT
      expires:
      - '-1'
      pragma:
      - no-cache
      server:
      - Microsoft-HTTPAPI/2.0
      - Microsoft-HTTPAPI/2.0
      strict-transport-security:
      - max-age=31536000; includeSubDomains
      transfer-encoding:
      - chunked
      vary:
      - Accept-Encoding
      x-content-type-options:
      - nosniff
      x-ms-ratelimit-remaining-resource:
      - Microsoft.Compute/CreateVMScaleSet3Min;56,Microsoft.Compute/CreateVMScaleSet30Min;286,Microsoft.Compute/VmssQueuedVMOperations;0
      x-ms-ratelimit-remaining-subscription-writes:
      - '1198'
      x-ms-request-charge:
      - '0'
    status:
      code: 200
      message: OK
- request:
    body: null
    headers:
      Accept:
      - '*/*'
      Accept-Encoding:
      - gzip, deflate
      CommandName:
      - vmss extension set
      Connection:
      - keep-alive
      ParameterSetName:
      - -g --vmss-name --name --version --publisher --settings
      User-Agent:
      - AZURECLI/2.40.0 azsdk-python-azure-mgmt-compute/28.0.0 Python/3.10.7 (Linux-5.15.0-1020-azure-x86_64-with-glibc2.31)
        VSTS_7b238909-6802-4b65-b90d-184bca47f458_build_220_0
    method: GET
    uri: https://management.azure.com/subscriptions/00000000-0000-0000-0000-000000000000/providers/Microsoft.Compute/locations/westus/operations/9f51385e-8aa7-45b4-b347-936b014db65b?p=571046f6-b640-41c1-86f7-f9f044b5adf9&api-version=2022-08-01
  response:
    body:
      string: "{\r\n  \"startTime\": \"2022-09-28T22:13:42.5111497+00:00\",\r\n  \"status\":
        \"InProgress\",\r\n  \"name\": \"9f51385e-8aa7-45b4-b347-936b014db65b\"\r\n}"
    headers:
      cache-control:
      - no-cache
      content-length:
      - '134'
      content-type:
      - application/json; charset=utf-8
      date:
      - Wed, 28 Sep 2022 22:13:53 GMT
      expires:
      - '-1'
      pragma:
      - no-cache
      server:
      - Microsoft-HTTPAPI/2.0
      - Microsoft-HTTPAPI/2.0
      strict-transport-security:
      - max-age=31536000; includeSubDomains
      transfer-encoding:
      - chunked
      vary:
      - Accept-Encoding
      x-content-type-options:
      - nosniff
      x-ms-ratelimit-remaining-resource:
      - Microsoft.Compute/GetOperation3Min;14959,Microsoft.Compute/GetOperation30Min;29781
    status:
      code: 200
      message: OK
- request:
    body: null
    headers:
      Accept:
      - '*/*'
      Accept-Encoding:
      - gzip, deflate
      CommandName:
      - vmss extension set
      Connection:
      - keep-alive
      ParameterSetName:
      - -g --vmss-name --name --version --publisher --settings
      User-Agent:
      - AZURECLI/2.40.0 azsdk-python-azure-mgmt-compute/28.0.0 Python/3.10.7 (Linux-5.15.0-1020-azure-x86_64-with-glibc2.31)
        VSTS_7b238909-6802-4b65-b90d-184bca47f458_build_220_0
    method: GET
    uri: https://management.azure.com/subscriptions/00000000-0000-0000-0000-000000000000/providers/Microsoft.Compute/locations/westus/operations/9f51385e-8aa7-45b4-b347-936b014db65b?p=571046f6-b640-41c1-86f7-f9f044b5adf9&api-version=2022-08-01
  response:
    body:
      string: "{\r\n  \"startTime\": \"2022-09-28T22:13:42.5111497+00:00\",\r\n  \"endTime\":
        \"2022-09-28T22:14:02.8863231+00:00\",\r\n  \"status\": \"Succeeded\",\r\n
        \ \"name\": \"9f51385e-8aa7-45b4-b347-936b014db65b\"\r\n}"
    headers:
      cache-control:
      - no-cache
      content-length:
      - '184'
      content-type:
      - application/json; charset=utf-8
      date:
      - Wed, 28 Sep 2022 22:14:30 GMT
      expires:
      - '-1'
      pragma:
      - no-cache
      server:
      - Microsoft-HTTPAPI/2.0
      - Microsoft-HTTPAPI/2.0
      strict-transport-security:
      - max-age=31536000; includeSubDomains
      transfer-encoding:
      - chunked
      vary:
      - Accept-Encoding
      x-content-type-options:
      - nosniff
      x-ms-ratelimit-remaining-resource:
      - Microsoft.Compute/GetOperation3Min;14962,Microsoft.Compute/GetOperation30Min;29777
    status:
      code: 200
      message: OK
- request:
    body: null
    headers:
      Accept:
      - '*/*'
      Accept-Encoding:
      - gzip, deflate
      CommandName:
      - vmss extension set
      Connection:
      - keep-alive
      ParameterSetName:
      - -g --vmss-name --name --version --publisher --settings
      User-Agent:
      - AZURECLI/2.40.0 azsdk-python-azure-mgmt-compute/28.0.0 Python/3.10.7 (Linux-5.15.0-1020-azure-x86_64-with-glibc2.31)
        VSTS_7b238909-6802-4b65-b90d-184bca47f458_build_220_0
    method: GET
    uri: https://management.azure.com/subscriptions/00000000-0000-0000-0000-000000000000/resourceGroups/cli_test_vmss_update_automatic_repairs_with_health_extension_000001/providers/Microsoft.Compute/virtualMachineScaleSets/vmss1?api-version=2022-08-01
  response:
    body:
      string: "{\r\n  \"name\": \"vmss1\",\r\n  \"id\": \"/subscriptions/00000000-0000-0000-0000-000000000000/resourceGroups/cli_test_vmss_update_automatic_repairs_with_health_extension_000001/providers/Microsoft.Compute/virtualMachineScaleSets/vmss1\",\r\n
        \ \"type\": \"Microsoft.Compute/virtualMachineScaleSets\",\r\n  \"location\":
        \"westus\",\r\n  \"tags\": {},\r\n  \"sku\": {\r\n    \"name\": \"Standard_DS1_v2\",\r\n
        \   \"tier\": \"Standard\",\r\n    \"capacity\": 2\r\n  },\r\n  \"properties\":
        {\r\n    \"singlePlacementGroup\": true,\r\n    \"upgradePolicy\": {\r\n      \"mode\":
        \"Manual\",\r\n      \"rollingUpgradePolicy\": {\r\n        \"maxBatchInstancePercent\":
        20,\r\n        \"maxUnhealthyInstancePercent\": 20,\r\n        \"maxUnhealthyUpgradedInstancePercent\":
        20,\r\n        \"pauseTimeBetweenBatches\": \"PT0S\"\r\n      }\r\n    },\r\n
        \   \"virtualMachineProfile\": {\r\n      \"osProfile\": {\r\n        \"computerNamePrefix\":
        \"vmss114cb\",\r\n        \"adminUsername\": \"azureuser\",\r\n        \"linuxConfiguration\":
        {\r\n          \"disablePasswordAuthentication\": true,\r\n          \"ssh\":
        {\r\n            \"publicKeys\": [\r\n              {\r\n                \"path\":
        \"/home/azureuser/.ssh/authorized_keys\",\r\n                \"keyData\":
        \"ssh-rsa AAAAB3NzaC1yc2EAAAADAQABAAABAQCtkyYHcXMji6/TW+FsWdjqOvGL9P59/yz97MokbeEyWnCOAyoNfqF3oDpwxyWZmn7F/xRg+moPI879Z5LRabdyobPmuVsVlSwcfgg/mdHsKkFovBzBCiUayEEoYsKPtWYMAVUJPrJ7ptpSxts6CBxebr3CykrXnx99SxUcYQy9SFS1pjQ0CLE5y6Dx01YEUeDjeBypaoCj15Pyo3hpWKr48+X1puuz6+cVTxC3ZMePyI6AVePsmvEF8KOXu7qGBKy/DBCVTefq4RopwPUTbsuOxGczx0a7A3xJkKFRlCLNFXYD0yZAsdw5ZjVgyAcsvL123dmjlSd+W5JDG1udpKqx\"\r\n
        \             }\r\n            ]\r\n          },\r\n          \"provisionVMAgent\":
        true,\r\n          \"enableVMAgentPlatformUpdates\": false\r\n        },\r\n
        \       \"secrets\": [],\r\n        \"allowExtensionOperations\": true,\r\n
        \       \"requireGuestProvisionSignal\": true\r\n      },\r\n      \"storageProfile\":
        {\r\n        \"osDisk\": {\r\n          \"osType\": \"Linux\",\r\n          \"createOption\":
        \"FromImage\",\r\n          \"caching\": \"ReadWrite\",\r\n          \"managedDisk\":
        {\r\n            \"storageAccountType\": \"Premium_LRS\"\r\n          },\r\n
        \         \"diskSizeGB\": 30\r\n        },\r\n        \"imageReference\":
        {\r\n          \"publisher\": \"Canonical\",\r\n          \"offer\": \"UbuntuServer\",\r\n
        \         \"sku\": \"18.04-LTS\",\r\n          \"version\": \"latest\"\r\n
        \       }\r\n      },\r\n      \"networkProfile\": {\"networkInterfaceConfigurations\":[{\"name\":\"vmss114cbNic\",\"properties\":{\"primary\":true,\"disableTcpStateTracking\":false,\"dnsSettings\":{\"dnsServers\":[]},\"enableIPForwarding\":false,\"ipConfigurations\":[{\"name\":\"vmss114cbIPConfig\",\"properties\":{\"subnet\":{\"id\":\"/subscriptions/00000000-0000-0000-0000-000000000000/resourceGroups/cli_test_vmss_update_automatic_repairs_with_health_extension_000001/providers/Microsoft.Network/virtualNetworks/vmss1VNET/subnets/vmss1Subnet\"},\"privateIPAddressVersion\":\"IPv4\",\"loadBalancerBackendAddressPools\":[{\"id\":\"/subscriptions/00000000-0000-0000-0000-000000000000/resourceGroups/cli_test_vmss_update_automatic_repairs_with_health_extension_000001/providers/Microsoft.Network/loadBalancers/vmss1LB/backendAddressPools/vmss1LBBEPool\"}],\"loadBalancerInboundNatPools\":[{\"id\":\"/subscriptions/00000000-0000-0000-0000-000000000000/resourceGroups/cli_test_vmss_update_automatic_repairs_with_health_extension_000001/providers/Microsoft.Network/loadBalancers/vmss1LB/inboundNatPools/vmss1LBNatPool\"}]}}]}}]},\r\n
        \     \"extensionProfile\": {\r\n        \"extensions\": [\r\n          {\r\n
        \           \"name\": \"ApplicationHealthLinux\",\r\n            \"properties\":
        {\r\n              \"autoUpgradeMinorVersion\": true,\r\n              \"publisher\":
        \"Microsoft.ManagedServices\",\r\n              \"type\": \"ApplicationHealthLinux\",\r\n
        \             \"typeHandlerVersion\": \"1.0\",\r\n              \"settings\":
        {\"port\":80,\"protocol\":\"http\",\"requestPath\":\"/\"}\r\n            }\r\n
        \         }\r\n        ]\r\n      }\r\n    },\r\n    \"provisioningState\":
        \"Succeeded\",\r\n    \"overprovision\": true,\r\n    \"doNotRunExtensionsOnOverprovisionedVMs\":
        false,\r\n    \"uniqueId\": \"523de97f-40a9-4dff-9fb3-cd6192e9eba2\",\r\n
        \   \"timeCreated\": \"2022-09-28T22:12:16.3697552+00:00\"\r\n  }\r\n}"
    headers:
      cache-control:
      - no-cache
      content-length:
      - '4013'
      content-type:
      - application/json; charset=utf-8
      date:
      - Wed, 28 Sep 2022 22:14:30 GMT
      expires:
      - '-1'
      pragma:
      - no-cache
      server:
      - Microsoft-HTTPAPI/2.0
      - Microsoft-HTTPAPI/2.0
      strict-transport-security:
      - max-age=31536000; includeSubDomains
      transfer-encoding:
      - chunked
      vary:
      - Accept-Encoding
      x-content-type-options:
      - nosniff
      x-ms-ratelimit-remaining-resource:
      - Microsoft.Compute/GetVMScaleSet3Min;380,Microsoft.Compute/GetVMScaleSet30Min;2447
    status:
      code: 200
      message: OK
- request:
    body: null
    headers:
      Accept:
      - application/json
      Accept-Encoding:
      - gzip, deflate
      CommandName:
      - vmss list-instances
      Connection:
      - keep-alive
      ParameterSetName:
      - -g -n --query
      User-Agent:
      - AZURECLI/2.40.0 azsdk-python-azure-mgmt-compute/28.0.0 Python/3.10.7 (Linux-5.15.0-1020-azure-x86_64-with-glibc2.31)
        VSTS_7b238909-6802-4b65-b90d-184bca47f458_build_220_0
    method: GET
    uri: https://management.azure.com/subscriptions/00000000-0000-0000-0000-000000000000/resourceGroups/cli_test_vmss_update_automatic_repairs_with_health_extension_000001/providers/Microsoft.Compute/virtualMachineScaleSets/vmss1/virtualMachines?api-version=2022-08-01
  response:
    body:
      string: "{\r\n  \"value\": [\r\n    {\r\n      \"name\": \"vmss1_1\",\r\n      \"id\":
        \"/subscriptions/00000000-0000-0000-0000-000000000000/resourceGroups/cli_test_vmss_update_automatic_repairs_with_health_extension_000001/providers/Microsoft.Compute/virtualMachineScaleSets/vmss1/virtualMachines/1\",\r\n
        \     \"type\": \"Microsoft.Compute/virtualMachineScaleSets/virtualMachines\",\r\n
        \     \"location\": \"westus\",\r\n      \"tags\": {},\r\n      \"instanceId\":
        \"1\",\r\n      \"sku\": {\r\n        \"name\": \"Standard_DS1_v2\",\r\n        \"tier\":
        \"Standard\"\r\n      },\r\n      \"properties\": {\r\n        \"latestModelApplied\":
        false,\r\n        \"modelDefinitionApplied\": \"VirtualMachineScaleSet\",\r\n
        \       \"networkProfileConfiguration\": {\"networkInterfaceConfigurations\":[{\"name\":\"vmss114cbNic\",\"properties\":{\"primary\":true,\"disableTcpStateTracking\":false,\"dnsSettings\":{\"dnsServers\":[]},\"enableIPForwarding\":false,\"ipConfigurations\":[{\"name\":\"vmss114cbIPConfig\",\"properties\":{\"subnet\":{\"id\":\"/subscriptions/00000000-0000-0000-0000-000000000000/resourceGroups/cli_test_vmss_update_automatic_repairs_with_health_extension_000001/providers/Microsoft.Network/virtualNetworks/vmss1VNET/subnets/vmss1Subnet\"},\"privateIPAddressVersion\":\"IPv4\",\"loadBalancerBackendAddressPools\":[{\"id\":\"/subscriptions/00000000-0000-0000-0000-000000000000/resourceGroups/cli_test_vmss_update_automatic_repairs_with_health_extension_000001/providers/Microsoft.Network/loadBalancers/vmss1LB/backendAddressPools/vmss1LBBEPool\"}],\"loadBalancerInboundNatPools\":[{\"id\":\"/subscriptions/00000000-0000-0000-0000-000000000000/resourceGroups/cli_test_vmss_update_automatic_repairs_with_health_extension_000001/providers/Microsoft.Network/loadBalancers/vmss1LB/inboundNatPools/vmss1LBNatPool\"}]}}]}}]},\r\n
        \       \"vmId\": \"45d7070b-605a-4145-9b19-ea123242607c\",\r\n        \"hardwareProfile\":
        {\r\n          \"vmSize\": \"Standard_DS1_v2\"\r\n        },\r\n        \"storageProfile\":
        {\r\n          \"imageReference\": {\r\n            \"publisher\": \"Canonical\",\r\n
        \           \"offer\": \"UbuntuServer\",\r\n            \"sku\": \"18.04-LTS\",\r\n
        \           \"version\": \"latest\",\r\n            \"exactVersion\": \"18.04.202209210\"\r\n
        \         },\r\n          \"osDisk\": {\r\n            \"osType\": \"Linux\",\r\n
        \           \"name\": \"vmss1_vmss1_1_OsDisk_1_7f2613edfed045af9199f737f7d3e0b3\",\r\n
        \           \"createOption\": \"FromImage\",\r\n            \"caching\": \"ReadWrite\",\r\n
        \           \"managedDisk\": {\r\n              \"storageAccountType\": \"Premium_LRS\",\r\n
        \             \"id\": \"/subscriptions/00000000-0000-0000-0000-000000000000/resourceGroups/cli_test_vmss_update_automatic_repairs_with_health_extension_000001/providers/Microsoft.Compute/disks/vmss1_vmss1_1_OsDisk_1_7f2613edfed045af9199f737f7d3e0b3\"\r\n
        \           },\r\n            \"diskSizeGB\": 30\r\n          },\r\n          \"dataDisks\":
        []\r\n        },\r\n        \"osProfile\": {\r\n          \"computerName\":
        \"vmss114cb000001\",\r\n          \"adminUsername\": \"azureuser\",\r\n          \"linuxConfiguration\":
        {\r\n            \"disablePasswordAuthentication\": true,\r\n            \"ssh\":
        {\r\n              \"publicKeys\": [\r\n                {\r\n                  \"path\":
        \"/home/azureuser/.ssh/authorized_keys\",\r\n                  \"keyData\":
        \"ssh-rsa AAAAB3NzaC1yc2EAAAADAQABAAABAQCtkyYHcXMji6/TW+FsWdjqOvGL9P59/yz97MokbeEyWnCOAyoNfqF3oDpwxyWZmn7F/xRg+moPI879Z5LRabdyobPmuVsVlSwcfgg/mdHsKkFovBzBCiUayEEoYsKPtWYMAVUJPrJ7ptpSxts6CBxebr3CykrXnx99SxUcYQy9SFS1pjQ0CLE5y6Dx01YEUeDjeBypaoCj15Pyo3hpWKr48+X1puuz6+cVTxC3ZMePyI6AVePsmvEF8KOXu7qGBKy/DBCVTefq4RopwPUTbsuOxGczx0a7A3xJkKFRlCLNFXYD0yZAsdw5ZjVgyAcsvL123dmjlSd+W5JDG1udpKqx\"\r\n
        \               }\r\n              ]\r\n            },\r\n            \"provisionVMAgent\":
        true,\r\n            \"enableVMAgentPlatformUpdates\": false\r\n          },\r\n
        \         \"secrets\": [],\r\n          \"allowExtensionOperations\": true,\r\n
        \         \"requireGuestProvisionSignal\": true\r\n        },\r\n        \"networkProfile\":
        {\"networkInterfaces\":[{\"id\":\"/subscriptions/00000000-0000-0000-0000-000000000000/resourceGroups/cli_test_vmss_update_automatic_repairs_with_health_extension_000001/providers/Microsoft.Compute/virtualMachineScaleSets/vmss1/virtualMachines/1/networkInterfaces/vmss114cbNic\"}]},\r\n
        \       \"provisioningState\": \"Succeeded\",\r\n        \"timeCreated\":
        \"2022-09-28T22:12:16.4635142+00:00\"\r\n      }\r\n    },\r\n    {\r\n      \"name\":
        \"vmss1_3\",\r\n      \"id\": \"/subscriptions/00000000-0000-0000-0000-000000000000/resourceGroups/cli_test_vmss_update_automatic_repairs_with_health_extension_000001/providers/Microsoft.Compute/virtualMachineScaleSets/vmss1/virtualMachines/3\",\r\n
        \     \"type\": \"Microsoft.Compute/virtualMachineScaleSets/virtualMachines\",\r\n
        \     \"location\": \"westus\",\r\n      \"tags\": {},\r\n      \"instanceId\":
        \"3\",\r\n      \"sku\": {\r\n        \"name\": \"Standard_DS1_v2\",\r\n        \"tier\":
        \"Standard\"\r\n      },\r\n      \"properties\": {\r\n        \"latestModelApplied\":
        false,\r\n        \"modelDefinitionApplied\": \"VirtualMachineScaleSet\",\r\n
        \       \"networkProfileConfiguration\": {\"networkInterfaceConfigurations\":[{\"name\":\"vmss114cbNic\",\"properties\":{\"primary\":true,\"disableTcpStateTracking\":false,\"dnsSettings\":{\"dnsServers\":[]},\"enableIPForwarding\":false,\"ipConfigurations\":[{\"name\":\"vmss114cbIPConfig\",\"properties\":{\"subnet\":{\"id\":\"/subscriptions/00000000-0000-0000-0000-000000000000/resourceGroups/cli_test_vmss_update_automatic_repairs_with_health_extension_000001/providers/Microsoft.Network/virtualNetworks/vmss1VNET/subnets/vmss1Subnet\"},\"privateIPAddressVersion\":\"IPv4\",\"loadBalancerBackendAddressPools\":[{\"id\":\"/subscriptions/00000000-0000-0000-0000-000000000000/resourceGroups/cli_test_vmss_update_automatic_repairs_with_health_extension_000001/providers/Microsoft.Network/loadBalancers/vmss1LB/backendAddressPools/vmss1LBBEPool\"}],\"loadBalancerInboundNatPools\":[{\"id\":\"/subscriptions/00000000-0000-0000-0000-000000000000/resourceGroups/cli_test_vmss_update_automatic_repairs_with_health_extension_000001/providers/Microsoft.Network/loadBalancers/vmss1LB/inboundNatPools/vmss1LBNatPool\"}]}}]}}]},\r\n
        \       \"vmId\": \"7bf3b640-0ab1-49fd-aa0d-b6edb97f96b5\",\r\n        \"hardwareProfile\":
        {\r\n          \"vmSize\": \"Standard_DS1_v2\"\r\n        },\r\n        \"storageProfile\":
        {\r\n          \"imageReference\": {\r\n            \"publisher\": \"Canonical\",\r\n
        \           \"offer\": \"UbuntuServer\",\r\n            \"sku\": \"18.04-LTS\",\r\n
        \           \"version\": \"latest\",\r\n            \"exactVersion\": \"18.04.202209210\"\r\n
        \         },\r\n          \"osDisk\": {\r\n            \"osType\": \"Linux\",\r\n
        \           \"name\": \"vmss1_vmss1_3_OsDisk_1_81da4810c2ad4d0182788e6837601015\",\r\n
        \           \"createOption\": \"FromImage\",\r\n            \"caching\": \"ReadWrite\",\r\n
        \           \"managedDisk\": {\r\n              \"storageAccountType\": \"Premium_LRS\",\r\n
        \             \"id\": \"/subscriptions/00000000-0000-0000-0000-000000000000/resourceGroups/cli_test_vmss_update_automatic_repairs_with_health_extension_000001/providers/Microsoft.Compute/disks/vmss1_vmss1_3_OsDisk_1_81da4810c2ad4d0182788e6837601015\"\r\n
        \           },\r\n            \"diskSizeGB\": 30\r\n          },\r\n          \"dataDisks\":
        []\r\n        },\r\n        \"osProfile\": {\r\n          \"computerName\":
        \"vmss114cb000003\",\r\n          \"adminUsername\": \"azureuser\",\r\n          \"linuxConfiguration\":
        {\r\n            \"disablePasswordAuthentication\": true,\r\n            \"ssh\":
        {\r\n              \"publicKeys\": [\r\n                {\r\n                  \"path\":
        \"/home/azureuser/.ssh/authorized_keys\",\r\n                  \"keyData\":
        \"ssh-rsa AAAAB3NzaC1yc2EAAAADAQABAAABAQCtkyYHcXMji6/TW+FsWdjqOvGL9P59/yz97MokbeEyWnCOAyoNfqF3oDpwxyWZmn7F/xRg+moPI879Z5LRabdyobPmuVsVlSwcfgg/mdHsKkFovBzBCiUayEEoYsKPtWYMAVUJPrJ7ptpSxts6CBxebr3CykrXnx99SxUcYQy9SFS1pjQ0CLE5y6Dx01YEUeDjeBypaoCj15Pyo3hpWKr48+X1puuz6+cVTxC3ZMePyI6AVePsmvEF8KOXu7qGBKy/DBCVTefq4RopwPUTbsuOxGczx0a7A3xJkKFRlCLNFXYD0yZAsdw5ZjVgyAcsvL123dmjlSd+W5JDG1udpKqx\"\r\n
        \               }\r\n              ]\r\n            },\r\n            \"provisionVMAgent\":
        true,\r\n            \"enableVMAgentPlatformUpdates\": false\r\n          },\r\n
        \         \"secrets\": [],\r\n          \"allowExtensionOperations\": true,\r\n
        \         \"requireGuestProvisionSignal\": true\r\n        },\r\n        \"networkProfile\":
        {\"networkInterfaces\":[{\"id\":\"/subscriptions/00000000-0000-0000-0000-000000000000/resourceGroups/cli_test_vmss_update_automatic_repairs_with_health_extension_000001/providers/Microsoft.Compute/virtualMachineScaleSets/vmss1/virtualMachines/3/networkInterfaces/vmss114cbNic\"}]},\r\n
        \       \"provisioningState\": \"Succeeded\",\r\n        \"timeCreated\":
        \"2022-09-28T22:12:16.4635142+00:00\"\r\n      }\r\n    }\r\n  ]\r\n}"
    headers:
      cache-control:
      - no-cache
      content-length:
      - '8414'
      content-type:
      - application/json; charset=utf-8
      date:
      - Wed, 28 Sep 2022 22:14:31 GMT
      expires:
      - '-1'
      pragma:
      - no-cache
      server:
      - Microsoft-HTTPAPI/2.0
      - Microsoft-HTTPAPI/2.0
      strict-transport-security:
      - max-age=31536000; includeSubDomains
      transfer-encoding:
      - chunked
      vary:
      - Accept-Encoding
      x-content-type-options:
      - nosniff
      x-ms-ratelimit-remaining-resource:
      - Microsoft.Compute/HighCostGetVMScaleSet3Min;178,Microsoft.Compute/HighCostGetVMScaleSet30Min;891,Microsoft.Compute/VMScaleSetVMViews3Min;4998
      x-ms-request-charge:
      - '2'
    status:
      code: 200
      message: OK
- request:
    body: '{"instanceIds": ["1", "3"]}'
    headers:
      Accept:
      - application/json
      Accept-Encoding:
      - gzip, deflate
      CommandName:
      - vmss update-instances
      Connection:
      - keep-alive
      Content-Length:
      - '27'
      Content-Type:
      - application/json
      ParameterSetName:
      - -g -n --instance-ids
      User-Agent:
      - AZURECLI/2.40.0 azsdk-python-azure-mgmt-compute/28.0.0 Python/3.10.7 (Linux-5.15.0-1020-azure-x86_64-with-glibc2.31)
        VSTS_7b238909-6802-4b65-b90d-184bca47f458_build_220_0
    method: POST
    uri: https://management.azure.com/subscriptions/00000000-0000-0000-0000-000000000000/resourceGroups/cli_test_vmss_update_automatic_repairs_with_health_extension_000001/providers/Microsoft.Compute/virtualMachineScaleSets/vmss1/manualupgrade?api-version=2022-08-01
  response:
    body:
      string: ''
    headers:
      azure-asyncnotification:
      - Enabled
      azure-asyncoperation:
      - https://management.azure.com/subscriptions/00000000-0000-0000-0000-000000000000/providers/Microsoft.Compute/locations/westus/operations/82a2b9ba-47fb-4452-9eb1-af34c3ae3b36?p=571046f6-b640-41c1-86f7-f9f044b5adf9&api-version=2022-08-01
      cache-control:
      - no-cache
      content-length:
      - '0'
      date:
      - Wed, 28 Sep 2022 22:14:32 GMT
      expires:
      - '-1'
      location:
      - https://management.azure.com/subscriptions/00000000-0000-0000-0000-000000000000/providers/Microsoft.Compute/locations/westus/operations/82a2b9ba-47fb-4452-9eb1-af34c3ae3b36?p=571046f6-b640-41c1-86f7-f9f044b5adf9&monitor=true&api-version=2022-08-01
      pragma:
      - no-cache
      server:
      - Microsoft-HTTPAPI/2.0
      - Microsoft-HTTPAPI/2.0
      strict-transport-security:
      - max-age=31536000; includeSubDomains
      x-content-type-options:
      - nosniff
      x-ms-ratelimit-remaining-resource:
      - Microsoft.Compute/VMScaleSetActions3Min;238,Microsoft.Compute/VMScaleSetActions30Min;1196,Microsoft.Compute/VMScaleSetBatchedVMRequests5Min;1178,Microsoft.Compute/VmssQueuedVMOperations;0
      x-ms-ratelimit-remaining-subscription-writes:
      - '1199'
      x-ms-request-charge:
      - '2'
    status:
      code: 202
      message: Accepted
- request:
    body: null
    headers:
      Accept:
      - '*/*'
      Accept-Encoding:
      - gzip, deflate
      CommandName:
      - vmss update-instances
      Connection:
      - keep-alive
      ParameterSetName:
      - -g -n --instance-ids
      User-Agent:
      - AZURECLI/2.40.0 azsdk-python-azure-mgmt-compute/28.0.0 Python/3.10.7 (Linux-5.15.0-1020-azure-x86_64-with-glibc2.31)
        VSTS_7b238909-6802-4b65-b90d-184bca47f458_build_220_0
    method: GET
    uri: https://management.azure.com/subscriptions/00000000-0000-0000-0000-000000000000/providers/Microsoft.Compute/locations/westus/operations/82a2b9ba-47fb-4452-9eb1-af34c3ae3b36?p=571046f6-b640-41c1-86f7-f9f044b5adf9&api-version=2022-08-01
  response:
    body:
      string: "{\r\n  \"startTime\": \"2022-09-28T22:14:32.3240274+00:00\",\r\n  \"endTime\":
        \"2022-09-28T22:14:47.5741777+00:00\",\r\n  \"status\": \"Succeeded\",\r\n
        \ \"name\": \"82a2b9ba-47fb-4452-9eb1-af34c3ae3b36\"\r\n}"
    headers:
      cache-control:
      - no-cache
      content-length:
      - '184'
      content-type:
      - application/json; charset=utf-8
      date:
      - Wed, 28 Sep 2022 22:15:01 GMT
      expires:
      - '-1'
      pragma:
      - no-cache
      server:
      - Microsoft-HTTPAPI/2.0
      - Microsoft-HTTPAPI/2.0
      strict-transport-security:
      - max-age=31536000; includeSubDomains
      transfer-encoding:
      - chunked
      vary:
      - Accept-Encoding
      x-content-type-options:
      - nosniff
      x-ms-ratelimit-remaining-resource:
      - Microsoft.Compute/GetOperation3Min;14959,Microsoft.Compute/GetOperation30Min;29797
    status:
      code: 200
      message: OK
- request:
    body: null
    headers:
      Accept:
      - '*/*'
      Accept-Encoding:
      - gzip, deflate
      CommandName:
      - vmss update-instances
      Connection:
      - keep-alive
      ParameterSetName:
      - -g -n --instance-ids
      User-Agent:
      - AZURECLI/2.40.0 azsdk-python-azure-mgmt-compute/28.0.0 Python/3.10.7 (Linux-5.15.0-1020-azure-x86_64-with-glibc2.31)
        VSTS_7b238909-6802-4b65-b90d-184bca47f458_build_220_0
    method: GET
    uri: https://management.azure.com/subscriptions/00000000-0000-0000-0000-000000000000/providers/Microsoft.Compute/locations/westus/operations/82a2b9ba-47fb-4452-9eb1-af34c3ae3b36?p=571046f6-b640-41c1-86f7-f9f044b5adf9&monitor=true&api-version=2022-08-01
  response:
    body:
      string: ''
    headers:
      cache-control:
      - no-cache
      content-length:
      - '0'
      date:
      - Wed, 28 Sep 2022 22:15:01 GMT
      expires:
      - '-1'
      pragma:
      - no-cache
      server:
      - Microsoft-HTTPAPI/2.0
      - Microsoft-HTTPAPI/2.0
      strict-transport-security:
      - max-age=31536000; includeSubDomains
      x-content-type-options:
      - nosniff
      x-ms-ratelimit-remaining-resource:
      - Microsoft.Compute/GetOperation3Min;14958,Microsoft.Compute/GetOperation30Min;29796
    status:
      code: 200
      message: OK
- request:
    body: null
    headers:
      Accept:
      - application/json
      Accept-Encoding:
      - gzip, deflate
      CommandName:
      - vmss update
      Connection:
      - keep-alive
      ParameterSetName:
      - -g -n --enable-automatic-repairs --automatic-repairs-grace-period
      User-Agent:
      - AZURECLI/2.40.0 azsdk-python-azure-mgmt-compute/28.0.0 Python/3.10.7 (Linux-5.15.0-1020-azure-x86_64-with-glibc2.31)
        VSTS_7b238909-6802-4b65-b90d-184bca47f458_build_220_0
    method: GET
    uri: https://management.azure.com/subscriptions/00000000-0000-0000-0000-000000000000/resourceGroups/cli_test_vmss_update_automatic_repairs_with_health_extension_000001/providers/Microsoft.Compute/virtualMachineScaleSets/vmss1?api-version=2022-08-01
  response:
    body:
      string: "{\r\n  \"name\": \"vmss1\",\r\n  \"id\": \"/subscriptions/00000000-0000-0000-0000-000000000000/resourceGroups/cli_test_vmss_update_automatic_repairs_with_health_extension_000001/providers/Microsoft.Compute/virtualMachineScaleSets/vmss1\",\r\n
        \ \"type\": \"Microsoft.Compute/virtualMachineScaleSets\",\r\n  \"location\":
        \"westus\",\r\n  \"tags\": {},\r\n  \"sku\": {\r\n    \"name\": \"Standard_DS1_v2\",\r\n
        \   \"tier\": \"Standard\",\r\n    \"capacity\": 2\r\n  },\r\n  \"properties\":
        {\r\n    \"singlePlacementGroup\": true,\r\n    \"upgradePolicy\": {\r\n      \"mode\":
        \"Manual\",\r\n      \"rollingUpgradePolicy\": {\r\n        \"maxBatchInstancePercent\":
        20,\r\n        \"maxUnhealthyInstancePercent\": 20,\r\n        \"maxUnhealthyUpgradedInstancePercent\":
        20,\r\n        \"pauseTimeBetweenBatches\": \"PT0S\"\r\n      }\r\n    },\r\n
        \   \"virtualMachineProfile\": {\r\n      \"osProfile\": {\r\n        \"computerNamePrefix\":
        \"vmss114cb\",\r\n        \"adminUsername\": \"azureuser\",\r\n        \"linuxConfiguration\":
        {\r\n          \"disablePasswordAuthentication\": true,\r\n          \"ssh\":
        {\r\n            \"publicKeys\": [\r\n              {\r\n                \"path\":
        \"/home/azureuser/.ssh/authorized_keys\",\r\n                \"keyData\":
        \"ssh-rsa AAAAB3NzaC1yc2EAAAADAQABAAABAQCtkyYHcXMji6/TW+FsWdjqOvGL9P59/yz97MokbeEyWnCOAyoNfqF3oDpwxyWZmn7F/xRg+moPI879Z5LRabdyobPmuVsVlSwcfgg/mdHsKkFovBzBCiUayEEoYsKPtWYMAVUJPrJ7ptpSxts6CBxebr3CykrXnx99SxUcYQy9SFS1pjQ0CLE5y6Dx01YEUeDjeBypaoCj15Pyo3hpWKr48+X1puuz6+cVTxC3ZMePyI6AVePsmvEF8KOXu7qGBKy/DBCVTefq4RopwPUTbsuOxGczx0a7A3xJkKFRlCLNFXYD0yZAsdw5ZjVgyAcsvL123dmjlSd+W5JDG1udpKqx\"\r\n
        \             }\r\n            ]\r\n          },\r\n          \"provisionVMAgent\":
        true,\r\n          \"enableVMAgentPlatformUpdates\": false\r\n        },\r\n
        \       \"secrets\": [],\r\n        \"allowExtensionOperations\": true,\r\n
        \       \"requireGuestProvisionSignal\": true\r\n      },\r\n      \"storageProfile\":
        {\r\n        \"osDisk\": {\r\n          \"osType\": \"Linux\",\r\n          \"createOption\":
        \"FromImage\",\r\n          \"caching\": \"ReadWrite\",\r\n          \"managedDisk\":
        {\r\n            \"storageAccountType\": \"Premium_LRS\"\r\n          },\r\n
        \         \"diskSizeGB\": 30\r\n        },\r\n        \"imageReference\":
        {\r\n          \"publisher\": \"Canonical\",\r\n          \"offer\": \"UbuntuServer\",\r\n
        \         \"sku\": \"18.04-LTS\",\r\n          \"version\": \"latest\"\r\n
        \       }\r\n      },\r\n      \"networkProfile\": {\"networkInterfaceConfigurations\":[{\"name\":\"vmss114cbNic\",\"properties\":{\"primary\":true,\"disableTcpStateTracking\":false,\"dnsSettings\":{\"dnsServers\":[]},\"enableIPForwarding\":false,\"ipConfigurations\":[{\"name\":\"vmss114cbIPConfig\",\"properties\":{\"subnet\":{\"id\":\"/subscriptions/00000000-0000-0000-0000-000000000000/resourceGroups/cli_test_vmss_update_automatic_repairs_with_health_extension_000001/providers/Microsoft.Network/virtualNetworks/vmss1VNET/subnets/vmss1Subnet\"},\"privateIPAddressVersion\":\"IPv4\",\"loadBalancerBackendAddressPools\":[{\"id\":\"/subscriptions/00000000-0000-0000-0000-000000000000/resourceGroups/cli_test_vmss_update_automatic_repairs_with_health_extension_000001/providers/Microsoft.Network/loadBalancers/vmss1LB/backendAddressPools/vmss1LBBEPool\"}],\"loadBalancerInboundNatPools\":[{\"id\":\"/subscriptions/00000000-0000-0000-0000-000000000000/resourceGroups/cli_test_vmss_update_automatic_repairs_with_health_extension_000001/providers/Microsoft.Network/loadBalancers/vmss1LB/inboundNatPools/vmss1LBNatPool\"}]}}]}}]},\r\n
        \     \"extensionProfile\": {\r\n        \"extensions\": [\r\n          {\r\n
        \           \"name\": \"ApplicationHealthLinux\",\r\n            \"properties\":
        {\r\n              \"autoUpgradeMinorVersion\": true,\r\n              \"publisher\":
        \"Microsoft.ManagedServices\",\r\n              \"type\": \"ApplicationHealthLinux\",\r\n
        \             \"typeHandlerVersion\": \"1.0\",\r\n              \"settings\":
        {\"port\":80,\"protocol\":\"http\",\"requestPath\":\"/\"}\r\n            }\r\n
        \         }\r\n        ]\r\n      }\r\n    },\r\n    \"provisioningState\":
        \"Succeeded\",\r\n    \"overprovision\": true,\r\n    \"doNotRunExtensionsOnOverprovisionedVMs\":
        false,\r\n    \"uniqueId\": \"523de97f-40a9-4dff-9fb3-cd6192e9eba2\",\r\n
        \   \"timeCreated\": \"2022-09-28T22:12:16.3697552+00:00\"\r\n  }\r\n}"
    headers:
      cache-control:
      - no-cache
      content-length:
      - '4013'
      content-type:
      - application/json; charset=utf-8
      date:
      - Wed, 28 Sep 2022 22:15:03 GMT
      expires:
      - '-1'
      pragma:
      - no-cache
      server:
      - Microsoft-HTTPAPI/2.0
      - Microsoft-HTTPAPI/2.0
      strict-transport-security:
      - max-age=31536000; includeSubDomains
      transfer-encoding:
      - chunked
      vary:
      - Accept-Encoding
      x-content-type-options:
      - nosniff
      x-ms-ratelimit-remaining-resource:
      - Microsoft.Compute/GetVMScaleSet3Min;375,Microsoft.Compute/GetVMScaleSet30Min;2472
    status:
      code: 200
      message: OK
- request:
    body: '{"location": "westus", "tags": {}, "sku": {"name": "Standard_DS1_v2", "tier":
      "Standard", "capacity": 2}, "properties": {"upgradePolicy": {"mode": "Manual",
      "rollingUpgradePolicy": {"maxBatchInstancePercent": 20, "maxUnhealthyInstancePercent":
      20, "maxUnhealthyUpgradedInstancePercent": 20, "pauseTimeBetweenBatches": "PT0S"}},
      "automaticRepairsPolicy": {"enabled": true, "gracePeriod": "PT30M"}, "virtualMachineProfile":
      {"osProfile": {"computerNamePrefix": "vmss114cb", "adminUsername": "azureuser",
      "linuxConfiguration": {"disablePasswordAuthentication": true, "ssh": {"publicKeys":
      [{"path": "/home/azureuser/.ssh/authorized_keys", "keyData": "ssh-rsa AAAAB3NzaC1yc2EAAAADAQABAAABAQCtkyYHcXMji6/TW+FsWdjqOvGL9P59/yz97MokbeEyWnCOAyoNfqF3oDpwxyWZmn7F/xRg+moPI879Z5LRabdyobPmuVsVlSwcfgg/mdHsKkFovBzBCiUayEEoYsKPtWYMAVUJPrJ7ptpSxts6CBxebr3CykrXnx99SxUcYQy9SFS1pjQ0CLE5y6Dx01YEUeDjeBypaoCj15Pyo3hpWKr48+X1puuz6+cVTxC3ZMePyI6AVePsmvEF8KOXu7qGBKy/DBCVTefq4RopwPUTbsuOxGczx0a7A3xJkKFRlCLNFXYD0yZAsdw5ZjVgyAcsvL123dmjlSd+W5JDG1udpKqx"}]},
      "provisionVMAgent": true, "enableVMAgentPlatformUpdates": false}, "secrets":
      [], "allowExtensionOperations": true}, "storageProfile": {"osDisk": {"caching":
      "ReadWrite", "createOption": "FromImage", "diskSizeGB": 30, "osType": "Linux",
      "managedDisk": {"storageAccountType": "Premium_LRS"}}}, "networkProfile": {"networkInterfaceConfigurations":
      [{"name": "vmss114cbNic", "properties": {"primary": true, "disableTcpStateTracking":
      false, "dnsSettings": {"dnsServers": []}, "ipConfigurations": [{"name": "vmss114cbIPConfig",
      "properties": {"subnet": {"id": "/subscriptions/00000000-0000-0000-0000-000000000000/resourceGroups/cli_test_vmss_update_automatic_repairs_with_health_extension_000001/providers/Microsoft.Network/virtualNetworks/vmss1VNET/subnets/vmss1Subnet"},
      "privateIPAddressVersion": "IPv4", "loadBalancerBackendAddressPools": [{"id":
      "/subscriptions/00000000-0000-0000-0000-000000000000/resourceGroups/cli_test_vmss_update_automatic_repairs_with_health_extension_000001/providers/Microsoft.Network/loadBalancers/vmss1LB/backendAddressPools/vmss1LBBEPool"}],
      "loadBalancerInboundNatPools": [{"id": "/subscriptions/00000000-0000-0000-0000-000000000000/resourceGroups/cli_test_vmss_update_automatic_repairs_with_health_extension_000001/providers/Microsoft.Network/loadBalancers/vmss1LB/inboundNatPools/vmss1LBNatPool"}]}}],
      "enableIPForwarding": false}}]}, "extensionProfile": {"extensions": [{"name":
      "ApplicationHealthLinux", "properties": {"publisher": "Microsoft.ManagedServices",
      "type": "ApplicationHealthLinux", "typeHandlerVersion": "1.0", "autoUpgradeMinorVersion":
      true, "settings": {"port": 80, "protocol": "http", "requestPath": "/"}}}]}},
      "overprovision": true, "doNotRunExtensionsOnOverprovisionedVMs": false, "singlePlacementGroup":
      true}}'
    headers:
      Accept:
      - application/json
      Accept-Encoding:
      - gzip, deflate
      CommandName:
      - vmss update
      Connection:
      - keep-alive
      Content-Length:
      - '2797'
      Content-Type:
      - application/json
      ParameterSetName:
      - -g -n --enable-automatic-repairs --automatic-repairs-grace-period
      User-Agent:
      - AZURECLI/2.40.0 azsdk-python-azure-mgmt-compute/28.0.0 Python/3.10.7 (Linux-5.15.0-1020-azure-x86_64-with-glibc2.31)
        VSTS_7b238909-6802-4b65-b90d-184bca47f458_build_220_0
    method: PUT
    uri: https://management.azure.com/subscriptions/00000000-0000-0000-0000-000000000000/resourceGroups/cli_test_vmss_update_automatic_repairs_with_health_extension_000001/providers/Microsoft.Compute/virtualMachineScaleSets/vmss1?api-version=2022-08-01
  response:
    body:
      string: "{\r\n  \"name\": \"vmss1\",\r\n  \"id\": \"/subscriptions/00000000-0000-0000-0000-000000000000/resourceGroups/cli_test_vmss_update_automatic_repairs_with_health_extension_000001/providers/Microsoft.Compute/virtualMachineScaleSets/vmss1\",\r\n
        \ \"type\": \"Microsoft.Compute/virtualMachineScaleSets\",\r\n  \"location\":
        \"westus\",\r\n  \"tags\": {},\r\n  \"sku\": {\r\n    \"name\": \"Standard_DS1_v2\",\r\n
        \   \"tier\": \"Standard\",\r\n    \"capacity\": 2\r\n  },\r\n  \"properties\":
        {\r\n    \"singlePlacementGroup\": true,\r\n    \"upgradePolicy\": {\r\n      \"mode\":
        \"Manual\",\r\n      \"rollingUpgradePolicy\": {\r\n        \"maxBatchInstancePercent\":
        20,\r\n        \"maxUnhealthyInstancePercent\": 20,\r\n        \"maxUnhealthyUpgradedInstancePercent\":
        20,\r\n        \"pauseTimeBetweenBatches\": \"PT0S\"\r\n      }\r\n    },\r\n
        \   \"virtualMachineProfile\": {\r\n      \"osProfile\": {\r\n        \"computerNamePrefix\":
        \"vmss114cb\",\r\n        \"adminUsername\": \"azureuser\",\r\n        \"linuxConfiguration\":
        {\r\n          \"disablePasswordAuthentication\": true,\r\n          \"ssh\":
        {\r\n            \"publicKeys\": [\r\n              {\r\n                \"path\":
        \"/home/azureuser/.ssh/authorized_keys\",\r\n                \"keyData\":
        \"ssh-rsa AAAAB3NzaC1yc2EAAAADAQABAAABAQCtkyYHcXMji6/TW+FsWdjqOvGL9P59/yz97MokbeEyWnCOAyoNfqF3oDpwxyWZmn7F/xRg+moPI879Z5LRabdyobPmuVsVlSwcfgg/mdHsKkFovBzBCiUayEEoYsKPtWYMAVUJPrJ7ptpSxts6CBxebr3CykrXnx99SxUcYQy9SFS1pjQ0CLE5y6Dx01YEUeDjeBypaoCj15Pyo3hpWKr48+X1puuz6+cVTxC3ZMePyI6AVePsmvEF8KOXu7qGBKy/DBCVTefq4RopwPUTbsuOxGczx0a7A3xJkKFRlCLNFXYD0yZAsdw5ZjVgyAcsvL123dmjlSd+W5JDG1udpKqx\"\r\n
        \             }\r\n            ]\r\n          },\r\n          \"provisionVMAgent\":
        true,\r\n          \"enableVMAgentPlatformUpdates\": false\r\n        },\r\n
        \       \"secrets\": [],\r\n        \"allowExtensionOperations\": true,\r\n
        \       \"requireGuestProvisionSignal\": true\r\n      },\r\n      \"storageProfile\":
        {\r\n        \"osDisk\": {\r\n          \"osType\": \"Linux\",\r\n          \"createOption\":
        \"FromImage\",\r\n          \"caching\": \"ReadWrite\",\r\n          \"managedDisk\":
        {\r\n            \"storageAccountType\": \"Premium_LRS\"\r\n          },\r\n
        \         \"diskSizeGB\": 30\r\n        },\r\n        \"imageReference\":
        {\r\n          \"publisher\": \"Canonical\",\r\n          \"offer\": \"UbuntuServer\",\r\n
        \         \"sku\": \"18.04-LTS\",\r\n          \"version\": \"latest\"\r\n
        \       }\r\n      },\r\n      \"networkProfile\": {\"networkInterfaceConfigurations\":[{\"name\":\"vmss114cbNic\",\"properties\":{\"primary\":true,\"disableTcpStateTracking\":false,\"dnsSettings\":{\"dnsServers\":[]},\"enableIPForwarding\":false,\"ipConfigurations\":[{\"name\":\"vmss114cbIPConfig\",\"properties\":{\"subnet\":{\"id\":\"/subscriptions/00000000-0000-0000-0000-000000000000/resourceGroups/cli_test_vmss_update_automatic_repairs_with_health_extension_000001/providers/Microsoft.Network/virtualNetworks/vmss1VNET/subnets/vmss1Subnet\"},\"privateIPAddressVersion\":\"IPv4\",\"loadBalancerBackendAddressPools\":[{\"id\":\"/subscriptions/00000000-0000-0000-0000-000000000000/resourceGroups/cli_test_vmss_update_automatic_repairs_with_health_extension_000001/providers/Microsoft.Network/loadBalancers/vmss1LB/backendAddressPools/vmss1LBBEPool\"}],\"loadBalancerInboundNatPools\":[{\"id\":\"/subscriptions/00000000-0000-0000-0000-000000000000/resourceGroups/cli_test_vmss_update_automatic_repairs_with_health_extension_000001/providers/Microsoft.Network/loadBalancers/vmss1LB/inboundNatPools/vmss1LBNatPool\"}]}}]}}]},\r\n
        \     \"extensionProfile\": {\r\n        \"extensions\": [\r\n          {\r\n
        \           \"name\": \"ApplicationHealthLinux\",\r\n            \"properties\":
        {\r\n              \"autoUpgradeMinorVersion\": true,\r\n              \"publisher\":
        \"Microsoft.ManagedServices\",\r\n              \"type\": \"ApplicationHealthLinux\",\r\n
        \             \"typeHandlerVersion\": \"1.0\",\r\n              \"settings\":
        {\"port\":80,\"protocol\":\"http\",\"requestPath\":\"/\"}\r\n            }\r\n
        \         }\r\n        ]\r\n      }\r\n    },\r\n    \"provisioningState\":
        \"Updating\",\r\n    \"overprovision\": true,\r\n    \"doNotRunExtensionsOnOverprovisionedVMs\":
        false,\r\n    \"uniqueId\": \"523de97f-40a9-4dff-9fb3-cd6192e9eba2\",\r\n
        \   \"automaticRepairsPolicy\": {\r\n      \"enabled\": true,\r\n      \"gracePeriod\":
        \"PT30M\",\r\n      \"repairAction\": \"Replace\"\r\n    },\r\n    \"timeCreated\":
        \"2022-09-28T22:12:16.3697552+00:00\"\r\n  }\r\n}"
    headers:
      azure-asyncnotification:
      - Enabled
      azure-asyncoperation:
      - https://management.azure.com/subscriptions/00000000-0000-0000-0000-000000000000/providers/Microsoft.Compute/locations/westus/operations/4d0c3de0-85e3-4879-bca1-1d0c9f7507e1?p=571046f6-b640-41c1-86f7-f9f044b5adf9&api-version=2022-08-01
      cache-control:
      - no-cache
      content-length:
      - '4141'
      content-type:
      - application/json; charset=utf-8
      date:
      - Wed, 28 Sep 2022 22:15:05 GMT
      expires:
      - '-1'
      pragma:
      - no-cache
      server:
      - Microsoft-HTTPAPI/2.0
      - Microsoft-HTTPAPI/2.0
      strict-transport-security:
      - max-age=31536000; includeSubDomains
      transfer-encoding:
      - chunked
      vary:
      - Accept-Encoding
      x-content-type-options:
      - nosniff
      x-ms-ratelimit-remaining-resource:
      - Microsoft.Compute/CreateVMScaleSet3Min;58,Microsoft.Compute/CreateVMScaleSet30Min;289,Microsoft.Compute/VmssQueuedVMOperations;0
      x-ms-ratelimit-remaining-subscription-writes:
      - '1191'
      x-ms-request-charge:
      - '0'
    status:
      code: 200
      message: OK
- request:
    body: null
    headers:
      Accept:
      - '*/*'
      Accept-Encoding:
      - gzip, deflate
      CommandName:
      - vmss update
      Connection:
      - keep-alive
      ParameterSetName:
      - -g -n --enable-automatic-repairs --automatic-repairs-grace-period
      User-Agent:
      - AZURECLI/2.40.0 azsdk-python-azure-mgmt-compute/28.0.0 Python/3.10.7 (Linux-5.15.0-1020-azure-x86_64-with-glibc2.31)
        VSTS_7b238909-6802-4b65-b90d-184bca47f458_build_220_0
    method: GET
    uri: https://management.azure.com/subscriptions/00000000-0000-0000-0000-000000000000/providers/Microsoft.Compute/locations/westus/operations/4d0c3de0-85e3-4879-bca1-1d0c9f7507e1?p=571046f6-b640-41c1-86f7-f9f044b5adf9&api-version=2022-08-01
  response:
    body:
      string: "{\r\n  \"startTime\": \"2022-09-28T22:15:05.2930236+00:00\",\r\n  \"endTime\":
        \"2022-09-28T22:15:05.4336004+00:00\",\r\n  \"status\": \"Succeeded\",\r\n
        \ \"name\": \"4d0c3de0-85e3-4879-bca1-1d0c9f7507e1\"\r\n}"
    headers:
      cache-control:
      - no-cache
      content-length:
      - '184'
      content-type:
      - application/json; charset=utf-8
      date:
      - Wed, 28 Sep 2022 22:15:16 GMT
      expires:
      - '-1'
      pragma:
      - no-cache
      server:
      - Microsoft-HTTPAPI/2.0
      - Microsoft-HTTPAPI/2.0
      strict-transport-security:
      - max-age=31536000; includeSubDomains
      transfer-encoding:
      - chunked
      vary:
      - Accept-Encoding
      x-content-type-options:
      - nosniff
      x-ms-ratelimit-remaining-resource:
      - Microsoft.Compute/GetOperation3Min;14955,Microsoft.Compute/GetOperation30Min;29793
    status:
      code: 200
      message: OK
- request:
    body: null
    headers:
      Accept:
      - '*/*'
      Accept-Encoding:
      - gzip, deflate
      CommandName:
      - vmss update
      Connection:
      - keep-alive
      ParameterSetName:
      - -g -n --enable-automatic-repairs --automatic-repairs-grace-period
      User-Agent:
      - AZURECLI/2.40.0 azsdk-python-azure-mgmt-compute/28.0.0 Python/3.10.7 (Linux-5.15.0-1020-azure-x86_64-with-glibc2.31)
        VSTS_7b238909-6802-4b65-b90d-184bca47f458_build_220_0
    method: GET
    uri: https://management.azure.com/subscriptions/00000000-0000-0000-0000-000000000000/resourceGroups/cli_test_vmss_update_automatic_repairs_with_health_extension_000001/providers/Microsoft.Compute/virtualMachineScaleSets/vmss1?api-version=2022-08-01
  response:
    body:
      string: "{\r\n  \"name\": \"vmss1\",\r\n  \"id\": \"/subscriptions/00000000-0000-0000-0000-000000000000/resourceGroups/cli_test_vmss_update_automatic_repairs_with_health_extension_000001/providers/Microsoft.Compute/virtualMachineScaleSets/vmss1\",\r\n
        \ \"type\": \"Microsoft.Compute/virtualMachineScaleSets\",\r\n  \"location\":
        \"westus\",\r\n  \"tags\": {},\r\n  \"sku\": {\r\n    \"name\": \"Standard_DS1_v2\",\r\n
        \   \"tier\": \"Standard\",\r\n    \"capacity\": 2\r\n  },\r\n  \"properties\":
        {\r\n    \"singlePlacementGroup\": true,\r\n    \"upgradePolicy\": {\r\n      \"mode\":
        \"Manual\",\r\n      \"rollingUpgradePolicy\": {\r\n        \"maxBatchInstancePercent\":
        20,\r\n        \"maxUnhealthyInstancePercent\": 20,\r\n        \"maxUnhealthyUpgradedInstancePercent\":
        20,\r\n        \"pauseTimeBetweenBatches\": \"PT0S\"\r\n      }\r\n    },\r\n
        \   \"virtualMachineProfile\": {\r\n      \"osProfile\": {\r\n        \"computerNamePrefix\":
        \"vmss114cb\",\r\n        \"adminUsername\": \"azureuser\",\r\n        \"linuxConfiguration\":
        {\r\n          \"disablePasswordAuthentication\": true,\r\n          \"ssh\":
        {\r\n            \"publicKeys\": [\r\n              {\r\n                \"path\":
        \"/home/azureuser/.ssh/authorized_keys\",\r\n                \"keyData\":
        \"ssh-rsa AAAAB3NzaC1yc2EAAAADAQABAAABAQCtkyYHcXMji6/TW+FsWdjqOvGL9P59/yz97MokbeEyWnCOAyoNfqF3oDpwxyWZmn7F/xRg+moPI879Z5LRabdyobPmuVsVlSwcfgg/mdHsKkFovBzBCiUayEEoYsKPtWYMAVUJPrJ7ptpSxts6CBxebr3CykrXnx99SxUcYQy9SFS1pjQ0CLE5y6Dx01YEUeDjeBypaoCj15Pyo3hpWKr48+X1puuz6+cVTxC3ZMePyI6AVePsmvEF8KOXu7qGBKy/DBCVTefq4RopwPUTbsuOxGczx0a7A3xJkKFRlCLNFXYD0yZAsdw5ZjVgyAcsvL123dmjlSd+W5JDG1udpKqx\"\r\n
        \             }\r\n            ]\r\n          },\r\n          \"provisionVMAgent\":
        true,\r\n          \"enableVMAgentPlatformUpdates\": false\r\n        },\r\n
        \       \"secrets\": [],\r\n        \"allowExtensionOperations\": true,\r\n
        \       \"requireGuestProvisionSignal\": true\r\n      },\r\n      \"storageProfile\":
        {\r\n        \"osDisk\": {\r\n          \"osType\": \"Linux\",\r\n          \"createOption\":
        \"FromImage\",\r\n          \"caching\": \"ReadWrite\",\r\n          \"managedDisk\":
        {\r\n            \"storageAccountType\": \"Premium_LRS\"\r\n          },\r\n
        \         \"diskSizeGB\": 30\r\n        },\r\n        \"imageReference\":
        {\r\n          \"publisher\": \"Canonical\",\r\n          \"offer\": \"UbuntuServer\",\r\n
        \         \"sku\": \"18.04-LTS\",\r\n          \"version\": \"latest\"\r\n
        \       }\r\n      },\r\n      \"networkProfile\": {\"networkInterfaceConfigurations\":[{\"name\":\"vmss114cbNic\",\"properties\":{\"primary\":true,\"disableTcpStateTracking\":false,\"dnsSettings\":{\"dnsServers\":[]},\"enableIPForwarding\":false,\"ipConfigurations\":[{\"name\":\"vmss114cbIPConfig\",\"properties\":{\"subnet\":{\"id\":\"/subscriptions/00000000-0000-0000-0000-000000000000/resourceGroups/cli_test_vmss_update_automatic_repairs_with_health_extension_000001/providers/Microsoft.Network/virtualNetworks/vmss1VNET/subnets/vmss1Subnet\"},\"privateIPAddressVersion\":\"IPv4\",\"loadBalancerBackendAddressPools\":[{\"id\":\"/subscriptions/00000000-0000-0000-0000-000000000000/resourceGroups/cli_test_vmss_update_automatic_repairs_with_health_extension_000001/providers/Microsoft.Network/loadBalancers/vmss1LB/backendAddressPools/vmss1LBBEPool\"}],\"loadBalancerInboundNatPools\":[{\"id\":\"/subscriptions/00000000-0000-0000-0000-000000000000/resourceGroups/cli_test_vmss_update_automatic_repairs_with_health_extension_000001/providers/Microsoft.Network/loadBalancers/vmss1LB/inboundNatPools/vmss1LBNatPool\"}]}}]}}]},\r\n
        \     \"extensionProfile\": {\r\n        \"extensions\": [\r\n          {\r\n
        \           \"name\": \"ApplicationHealthLinux\",\r\n            \"properties\":
        {\r\n              \"autoUpgradeMinorVersion\": true,\r\n              \"publisher\":
        \"Microsoft.ManagedServices\",\r\n              \"type\": \"ApplicationHealthLinux\",\r\n
        \             \"typeHandlerVersion\": \"1.0\",\r\n              \"settings\":
        {\"port\":80,\"protocol\":\"http\",\"requestPath\":\"/\"}\r\n            }\r\n
        \         }\r\n        ]\r\n      }\r\n    },\r\n    \"provisioningState\":
        \"Succeeded\",\r\n    \"overprovision\": true,\r\n    \"doNotRunExtensionsOnOverprovisionedVMs\":
        false,\r\n    \"uniqueId\": \"523de97f-40a9-4dff-9fb3-cd6192e9eba2\",\r\n
        \   \"automaticRepairsPolicy\": {\r\n      \"enabled\": true,\r\n      \"gracePeriod\":
        \"PT30M\",\r\n      \"repairAction\": \"Replace\"\r\n    },\r\n    \"timeCreated\":
        \"2022-09-28T22:12:16.3697552+00:00\"\r\n  }\r\n}"
    headers:
      cache-control:
      - no-cache
      content-length:
      - '4142'
      content-type:
      - application/json; charset=utf-8
      date:
      - Wed, 28 Sep 2022 22:15:16 GMT
      expires:
      - '-1'
      pragma:
      - no-cache
      server:
      - Microsoft-HTTPAPI/2.0
      - Microsoft-HTTPAPI/2.0
      strict-transport-security:
      - max-age=31536000; includeSubDomains
      transfer-encoding:
      - chunked
      vary:
      - Accept-Encoding
      x-content-type-options:
      - nosniff
      x-ms-ratelimit-remaining-resource:
      - Microsoft.Compute/GetVMScaleSet3Min;370,Microsoft.Compute/GetVMScaleSet30Min;2467
    status:
      code: 200
      message: OK
version: 1
