interactions:
- request:
    body: null
    headers:
      Accept:
      - application/json
      Accept-Encoding:
      - gzip, deflate
      CommandName:
      - identity create
      Connection:
      - keep-alive
      ParameterSetName:
      - -g -n --tags
      User-Agent:
      - AZURECLI/2.67.0 azsdk-python-core/1.31.0 Python/3.12.8 (Windows-11-10.0.26100-SP0)
    method: GET
    uri: https://management.azure.com/subscriptions/00000000-0000-0000-0000-000000000000/resourcegroups/test_vmss_encryption_identity_for_disk_encryption000001?api-version=2022-09-01
  response:
    body:
      string: '{"id":"/subscriptions/00000000-0000-0000-0000-000000000000/resourceGroups/test_vmss_encryption_identity_for_disk_encryption000001","name":"test_vmss_encryption_identity_for_disk_encryption000001","type":"Microsoft.Resources/resourceGroups","location":"westus","tags":{"product":"azurecli","cause":"automation","test":"test_vmss_encryption_identity_for_disk_encryption","date":"2025-01-07T10:31:50Z","module":"vm"},"properties":{"provisioningState":"Succeeded"}}'
    headers:
      cache-control:
      - no-cache
      content-length:
      - '461'
      content-type:
      - application/json; charset=utf-8
      date:
      - Tue, 07 Jan 2025 10:32:16 GMT
      expires:
      - '-1'
      pragma:
      - no-cache
      strict-transport-security:
      - max-age=31536000; includeSubDomains
      x-cache:
      - CONFIG_NOCACHE
      x-content-type-options:
      - nosniff
      x-ms-ratelimit-remaining-subscription-global-reads:
      - '16499'
      x-msedge-ref:
      - 'Ref A: 175D235B34334A21935D6070D51BFD0D Ref B: MAA201060514049 Ref C: 2025-01-07T10:32:16Z'
    status:
      code: 200
      message: OK
- request:
    body: '{"tags": {"tag1": "d1"}, "location": "westus"}'
    headers:
      Accept:
      - application/json
      Accept-Encoding:
      - gzip, deflate
      CommandName:
      - identity create
      Connection:
      - keep-alive
      Content-Length:
      - '46'
      Content-Type:
      - application/json
      ParameterSetName:
      - -g -n --tags
      User-Agent:
      - AZURECLI/2.67.0 azsdk-python-core/1.31.0 Python/3.12.8 (Windows-11-10.0.26100-SP0)
    method: PUT
    uri: https://management.azure.com/subscriptions/00000000-0000-0000-0000-000000000000/resourceGroups/test_vmss_encryption_identity_for_disk_encryption000001/providers/Microsoft.ManagedIdentity/userAssignedIdentities/id1?api-version=2023-01-31
  response:
    body:
      string: '{"location":"westus","tags":{"tag1":"d1"},"id":"/subscriptions/00000000-0000-0000-0000-000000000000/resourcegroups/test_vmss_encryption_identity_for_disk_encryption000001/providers/Microsoft.ManagedIdentity/userAssignedIdentities/id1","name":"id1","type":"Microsoft.ManagedIdentity/userAssignedIdentities","properties":{"tenantId":"72f988bf-86f1-41af-91ab-2d7cd011db47","principalId":"915738e1-1168-4423-85f1-b3c0e200943e","clientId":"1508f712-6ad8-46fd-834e-99cefdaba516"}}'
    headers:
      cache-control:
      - no-cache
      content-length:
      - '474'
      content-type:
      - application/json; charset=utf-8
      date:
      - Tue, 07 Jan 2025 10:32:23 GMT
      expires:
      - '-1'
      location:
      - /subscriptions/00000000-0000-0000-0000-000000000000/resourcegroups/test_vmss_encryption_identity_for_disk_encryption000001/providers/Microsoft.ManagedIdentity/userAssignedIdentities/id1
      pragma:
      - no-cache
      strict-transport-security:
      - max-age=31536000; includeSubDomains
      x-cache:
      - CONFIG_NOCACHE
      x-content-type-options:
      - nosniff
      x-ms-ratelimit-remaining-subscription-global-writes:
      - '12000'
      x-ms-ratelimit-remaining-subscription-writes:
      - '800'
      x-msedge-ref:
      - 'Ref A: E42F95ADC4264F2C9F114DB1387FBCEF Ref B: MAA201060514017 Ref C: 2025-01-07T10:32:17Z'
    status:
      code: 201
      message: Created
- request:
    body: null
    headers:
      Accept:
      - application/json
      Accept-Encoding:
      - gzip, deflate
      CommandName:
      - vmss create
      Connection:
      - keep-alive
      ParameterSetName:
      - -g -n --image --instance-count --admin-username --admin-password --encryption-identity
        --assign-identity --orchestration-mode --lb-sku
      User-Agent:
      - AZURECLI/2.67.0 azsdk-python-core/1.31.0 Python/3.12.8 (Windows-11-10.0.26100-SP0)
    method: GET
    uri: https://management.azure.com/subscriptions/00000000-0000-0000-0000-000000000000/resourcegroups/test_vmss_encryption_identity_for_disk_encryption000001?api-version=2022-09-01
  response:
    body:
      string: '{"id":"/subscriptions/00000000-0000-0000-0000-000000000000/resourceGroups/test_vmss_encryption_identity_for_disk_encryption000001","name":"test_vmss_encryption_identity_for_disk_encryption000001","type":"Microsoft.Resources/resourceGroups","location":"westus","tags":{"product":"azurecli","cause":"automation","test":"test_vmss_encryption_identity_for_disk_encryption","date":"2025-01-07T10:31:50Z","module":"vm"},"properties":{"provisioningState":"Succeeded"}}'
    headers:
      cache-control:
      - no-cache
      content-length:
      - '461'
      content-type:
      - application/json; charset=utf-8
      date:
      - Tue, 07 Jan 2025 10:32:47 GMT
      expires:
      - '-1'
      pragma:
      - no-cache
      strict-transport-security:
      - max-age=31536000; includeSubDomains
      x-cache:
      - CONFIG_NOCACHE
      x-content-type-options:
      - nosniff
      x-ms-ratelimit-remaining-subscription-global-reads:
      - '16499'
      x-msedge-ref:
      - 'Ref A: 5854237D87BF430E8EDC0EA4B059047B Ref B: MAA201060516053 Ref C: 2025-01-07T10:32:48Z'
    status:
      code: 200
      message: OK
- request:
    body: null
    headers:
      Accept:
      - '*/*'
      Accept-Encoding:
      - gzip, deflate
      Connection:
      - keep-alive
      User-Agent:
      - python-requests/2.32.3
    method: GET
    uri: https://raw.githubusercontent.com/Azure/azure-rest-api-specs/main/arm-compute/quickstart-templates/aliases.json
  response:
    body:
      string: "{\n  \"$schema\": \"http://schema.management.azure.com/schemas/2015-01-01/deploymentTemplate.json\",\n
        \ \"contentVersion\": \"1.0.0.0\",\n  \"parameters\": {},\n  \"variables\":
        {},\n  \"resources\": [],\n  \"outputs\": {\n    \"aliases\": {\n      \"type\":
        \"object\",\n      \"value\": {\n        \"Linux\": {\n          \"CentOS85Gen2\":
        {\n            \"publisher\": \"OpenLogic\",\n            \"offer\": \"CentOS\",\n
        \           \"sku\": \"8_5-gen2\",\n            \"version\": \"latest\",\n
        \           \"architecture\": \"x64\"\n          },\n          \"Debian11\":
        {\n            \"publisher\": \"Debian\",\n            \"offer\": \"debian-11\",\n
        \           \"sku\": \"11-backports-gen2\",\n            \"version\": \"latest\",\n
        \           \"architecture\": \"x64\"\n          },\n          \"OpenSuseLeap154Gen2\":
        {\n            \"publisher\": \"SUSE\",\n            \"offer\": \"openSUSE-leap-15-4\",\n
        \           \"sku\": \"gen2\",\n            \"version\": \"latest\",\n            \"architecture\":
        \"x64\"\n          },\n          \"RHELRaw8LVMGen2\": {\n            \"publisher\":
        \"RedHat\",\n            \"offer\": \"RHEL\",\n            \"sku\": \"8-lvm-gen2\",\n
        \           \"version\": \"latest\",\n            \"architecture\": \"x64\"\n
        \         },\n          \"SuseSles15SP5\": {\n            \"publisher\": \"SUSE\",\n
        \           \"offer\": \"sles-15-sp5\",\n            \"sku\": \"gen2\",\n
        \           \"version\": \"latest\",\n            \"architecture\": \"x64\"\n
        \         },\n          \"Ubuntu2204\": {\n            \"publisher\": \"Canonical\",\n
        \           \"offer\": \"0001-com-ubuntu-server-jammy\",\n            \"sku\":
        \"22_04-lts-gen2\",\n            \"version\": \"latest\",\n            \"architecture\":
        \"x64\"\n          },\n          \"Ubuntu2404\": {\n            \"publisher\":
        \"Canonical\",\n            \"offer\": \"ubuntu-24_04-lts\",\n            \"sku\":
        \"server\",\n            \"version\": \"latest\",\n            \"architecture\":
        \"x64\"\n          },\n          \"Ubuntu2404Pro\": {\n            \"publisher\":
        \"Canonical\",\n            \"offer\": \"ubuntu-24_04-lts\",\n            \"sku\":
        \"ubuntu-pro\",\n            \"version\": \"latest\",\n            \"architecture\":
        \"x64\"\n          },\n          \"FlatcarLinuxFreeGen2\": {\n            \"publisher\":
        \"kinvolk\",\n            \"offer\": \"flatcar-container-linux-free\",\n            \"sku\":
        \"stable-gen2\",\n            \"version\": \"latest\",\n            \"architecture\":
        \"x64\"\n          }\n        },\n        \"Windows\": {\n          \"Win2022Datacenter\":
        {\n            \"publisher\": \"MicrosoftWindowsServer\",\n            \"offer\":
        \"WindowsServer\",\n            \"sku\": \"2022-datacenter-g2\",\n            \"version\":
        \"latest\",\n            \"architecture\": \"x64\"\n          },\n          \"Win2022AzureEditionCore\":
        {\n            \"publisher\": \"MicrosoftWindowsServer\",\n            \"offer\":
        \"WindowsServer\",\n            \"sku\": \"2022-datacenter-azure-edition-core\",\n
        \           \"version\": \"latest\",\n            \"architecture\": \"x64\"\n
        \         },\n          \"Win2019Datacenter\": {\n            \"publisher\":
        \"MicrosoftWindowsServer\",\n            \"offer\": \"WindowsServer\",\n            \"sku\":
        \"2019-datacenter-gensecond\",\n            \"version\": \"latest\",\n            \"architecture\":
        \"x64\"\n          },\n          \"Win2016Datacenter\": {\n            \"publisher\":
        \"MicrosoftWindowsServer\",\n            \"offer\": \"WindowsServer\",\n            \"sku\":
        \"2016-datacenter-gensecond\",\n            \"version\": \"latest\",\n            \"architecture\":
        \"x64\"\n          },\n          \"Win2012R2Datacenter\": {\n            \"publisher\":
        \"MicrosoftWindowsServer\",\n            \"offer\": \"WindowsServer\",\n            \"sku\":
        \"2012-R2-Datacenter\",\n            \"version\": \"latest\",\n            \"architecture\":
        \"x64\"\n          },\n          \"Win2012Datacenter\": {\n            \"publisher\":
        \"MicrosoftWindowsServer\",\n            \"offer\": \"WindowsServer\",\n            \"sku\":
        \"2012-Datacenter\",\n            \"version\": \"latest\",\n            \"architecture\":
        \"x64\"\n          }\n        }\n      }\n    }\n  }\n}\n"
    headers:
      accept-ranges:
      - bytes
      access-control-allow-origin:
      - '*'
      cache-control:
      - max-age=300
      connection:
      - keep-alive
      content-length:
      - '3790'
      content-security-policy:
      - default-src 'none'; style-src 'unsafe-inline'; sandbox
      content-type:
      - text/plain; charset=utf-8
      cross-origin-resource-policy:
      - cross-origin
      date:
      - Tue, 07 Jan 2025 10:32:48 GMT
      etag:
      - W/"0f53b56eda413b90fc6365dd4848831171968adfbf5b440c8da07b5866a97d67"
      expires:
      - Tue, 07 Jan 2025 10:37:48 GMT
      source-age:
      - '35'
      strict-transport-security:
      - max-age=31536000
      vary:
      - Authorization,Accept-Encoding,Origin
      via:
      - 1.1 varnish
      x-cache:
      - HIT
      x-cache-hits:
      - '1'
      x-content-type-options:
      - nosniff
      x-fastly-request-id:
      - d8589f386cc09d4aca214f4f64d1808f6abab03c
      x-frame-options:
      - deny
      x-github-request-id:
      - BDED:1685F9:A0C57AD:A763777:677C5C3F
      x-served-by:
      - cache-sin-wsss1830027-SIN
      x-timer:
      - S1736245969.995562,VS0,VE1
      x-xss-protection:
      - 1; mode=block
    status:
      code: 200
      message: OK
- request:
    body: null
    headers:
      Accept:
      - application/json
      Accept-Encoding:
      - gzip, deflate
      CommandName:
      - vmss create
      Connection:
      - keep-alive
      ParameterSetName:
      - -g -n --image --instance-count --admin-username --admin-password --encryption-identity
        --assign-identity --orchestration-mode --lb-sku
      User-Agent:
      - AZURECLI/2.67.0 azsdk-python-core/1.31.0 Python/3.12.8 (Windows-11-10.0.26100-SP0)
    method: GET
    uri: https://management.azure.com/subscriptions/00000000-0000-0000-0000-000000000000/providers/Microsoft.Compute/locations/westus/publishers/MicrosoftWindowsServer/artifacttypes/vmimage/offers/WindowsServer/skus/2022-datacenter-g2/versions?$top=1&$orderby=name%20desc&api-version=2024-07-01
  response:
    body:
      string: "[\r\n  {\r\n    \"location\": \"westus\",\r\n    \"name\": \"20348.2966.241205\",\r\n
        \   \"id\": \"/Subscriptions/00000000-0000-0000-0000-000000000000/Providers/Microsoft.Compute/Locations/westus/Publishers/MicrosoftWindowsServer/ArtifactTypes/VMImage/Offers/WindowsServer/Skus/2022-datacenter-g2/Versions/20348.2966.241205\"\r\n
        \ }\r\n]"
    headers:
      cache-control:
      - no-cache
      content-length:
      - '313'
      content-type:
      - application/json; charset=utf-8
      date:
      - Tue, 07 Jan 2025 10:32:50 GMT
      expires:
      - '-1'
      pragma:
      - no-cache
      strict-transport-security:
      - max-age=31536000; includeSubDomains
      x-cache:
      - CONFIG_NOCACHE
      x-content-type-options:
      - nosniff
      x-ms-ratelimit-remaining-resource:
      - Microsoft.Compute/ListVMImagesVersionsFromLocation3Min;15999,Microsoft.Compute/ListVMImagesVersionsFromLocation30Min;43999
      x-ms-ratelimit-remaining-subscription-global-reads:
      - '16499'
      x-msedge-ref:
      - 'Ref A: 76975439474F41258FAA7835906650E7 Ref B: MAA201060515051 Ref C: 2025-01-07T10:32:49Z'
    status:
      code: 200
      message: OK
- request:
    body: null
    headers:
      Accept:
      - application/json
      Accept-Encoding:
      - gzip, deflate
      CommandName:
      - vmss create
      Connection:
      - keep-alive
      ParameterSetName:
      - -g -n --image --instance-count --admin-username --admin-password --encryption-identity
        --assign-identity --orchestration-mode --lb-sku
      User-Agent:
      - AZURECLI/2.67.0 azsdk-python-core/1.31.0 Python/3.12.8 (Windows-11-10.0.26100-SP0)
    method: GET
    uri: https://management.azure.com/subscriptions/00000000-0000-0000-0000-000000000000/providers/Microsoft.Compute/locations/westus/publishers/MicrosoftWindowsServer/artifacttypes/vmimage/offers/WindowsServer/skus/2022-datacenter-g2/versions/20348.2966.241205?api-version=2024-07-01
  response:
    body:
      string: "{\r\n  \"properties\": {\r\n    \"hyperVGeneration\": \"V2\",\r\n    \"architecture\":
        \"x64\",\r\n    \"replicaType\": \"Managed\",\r\n    \"replicaCount\": 10,\r\n
        \   \"disallowed\": {\r\n      \"vmDiskType\": \"Unmanaged\"\r\n    },\r\n
        \   \"automaticOSUpgradeProperties\": {\r\n      \"automaticOSUpgradeSupported\":
        false\r\n    },\r\n    \"imageDeprecationStatus\": {\r\n      \"imageState\":
        \"Active\"\r\n    },\r\n    \"features\": [\r\n      {\r\n        \"name\":
        \"SecurityType\",\r\n        \"value\": \"TrustedLaunchAndConfidentialVmSupported\"\r\n
        \     },\r\n      {\r\n        \"name\": \"IsAcceleratedNetworkSupported\",\r\n
        \       \"value\": \"True\"\r\n      },\r\n      {\r\n        \"name\": \"DiskControllerTypes\",\r\n
        \       \"value\": \"SCSI, NVMe\"\r\n      },\r\n      {\r\n        \"name\":
        \"IsHibernateSupported\",\r\n        \"value\": \"True\"\r\n      }\r\n    ],\r\n
        \   \"osDiskImage\": {\r\n      \"operatingSystem\": \"Windows\",\r\n      \"sizeInGb\":
        127\r\n    },\r\n    \"dataDiskImages\": [],\r\n    \"goLiveDate\": \"2024-12-10T00:00:00+00:00\"\r\n
        \ },\r\n  \"location\": \"westus\",\r\n  \"name\": \"20348.2966.241205\",\r\n
        \ \"id\": \"/Subscriptions/00000000-0000-0000-0000-000000000000/Providers/Microsoft.Compute/Locations/westus/Publishers/MicrosoftWindowsServer/ArtifactTypes/VMImage/Offers/WindowsServer/Skus/2022-datacenter-g2/Versions/20348.2966.241205\"\r\n}"
    headers:
      cache-control:
      - no-cache
      content-length:
      - '1232'
      content-type:
      - application/json; charset=utf-8
      date:
      - Tue, 07 Jan 2025 10:32:50 GMT
      expires:
      - '-1'
      pragma:
      - no-cache
      strict-transport-security:
      - max-age=31536000; includeSubDomains
      x-cache:
      - CONFIG_NOCACHE
      x-content-type-options:
      - nosniff
      x-ms-ratelimit-remaining-resource:
      - Microsoft.Compute/GetVMImageFromLocation3Min;12999,Microsoft.Compute/GetVMImageFromLocation30Min;73999
      x-ms-ratelimit-remaining-subscription-global-reads:
      - '16499'
      x-msedge-ref:
      - 'Ref A: AE3C13B617A6480F95F3F379CF5765DA Ref B: MAA201060513051 Ref C: 2025-01-07T10:32:50Z'
    status:
      code: 200
      message: OK
- request:
    body: null
    headers:
      Accept:
      - application/json
      Accept-Encoding:
      - gzip, deflate
      CommandName:
      - vmss create
      Connection:
      - keep-alive
      ParameterSetName:
      - -g -n --image --instance-count --admin-username --admin-password --encryption-identity
        --assign-identity --orchestration-mode --lb-sku
      User-Agent:
      - AZURECLI/2.67.0 azsdk-python-core/1.31.0 Python/3.12.8 (Windows-11-10.0.26100-SP0)
    method: GET
    uri: https://management.azure.com/subscriptions/00000000-0000-0000-0000-000000000000/resourceGroups/test_vmss_encryption_identity_for_disk_encryption000001/providers/Microsoft.Network/virtualNetworks?api-version=2022-01-01
  response:
    body:
      string: '{"value":[]}'
    headers:
      cache-control:
      - no-cache
      content-length:
      - '12'
      content-type:
      - application/json; charset=utf-8
      date:
      - Tue, 07 Jan 2025 10:32:51 GMT
      expires:
      - '-1'
      pragma:
      - no-cache
      strict-transport-security:
      - max-age=31536000; includeSubDomains
      x-cache:
      - CONFIG_NOCACHE
      x-content-type-options:
      - nosniff
      x-ms-ratelimit-remaining-subscription-global-reads:
      - '16499'
      x-msedge-ref:
      - 'Ref A: 1B4A7635DCD5476592BC4F8A6EC8A3B7 Ref B: MAA201060515025 Ref C: 2025-01-07T10:32:51Z'
    status:
      code: 200
      message: OK
- request:
    body: null
    headers:
      Accept:
      - '*/*'
      Accept-Encoding:
      - gzip, deflate
      Connection:
      - keep-alive
      User-Agent:
      - python-requests/2.32.3
    method: GET
    uri: https://raw.githubusercontent.com/Azure/azure-rest-api-specs/main/arm-compute/quickstart-templates/aliases.json
  response:
    body:
      string: "{\n  \"$schema\": \"http://schema.management.azure.com/schemas/2015-01-01/deploymentTemplate.json\",\n
        \ \"contentVersion\": \"1.0.0.0\",\n  \"parameters\": {},\n  \"variables\":
        {},\n  \"resources\": [],\n  \"outputs\": {\n    \"aliases\": {\n      \"type\":
        \"object\",\n      \"value\": {\n        \"Linux\": {\n          \"CentOS85Gen2\":
        {\n            \"publisher\": \"OpenLogic\",\n            \"offer\": \"CentOS\",\n
        \           \"sku\": \"8_5-gen2\",\n            \"version\": \"latest\",\n
        \           \"architecture\": \"x64\"\n          },\n          \"Debian11\":
        {\n            \"publisher\": \"Debian\",\n            \"offer\": \"debian-11\",\n
        \           \"sku\": \"11-backports-gen2\",\n            \"version\": \"latest\",\n
        \           \"architecture\": \"x64\"\n          },\n          \"OpenSuseLeap154Gen2\":
        {\n            \"publisher\": \"SUSE\",\n            \"offer\": \"openSUSE-leap-15-4\",\n
        \           \"sku\": \"gen2\",\n            \"version\": \"latest\",\n            \"architecture\":
        \"x64\"\n          },\n          \"RHELRaw8LVMGen2\": {\n            \"publisher\":
        \"RedHat\",\n            \"offer\": \"RHEL\",\n            \"sku\": \"8-lvm-gen2\",\n
        \           \"version\": \"latest\",\n            \"architecture\": \"x64\"\n
        \         },\n          \"SuseSles15SP5\": {\n            \"publisher\": \"SUSE\",\n
        \           \"offer\": \"sles-15-sp5\",\n            \"sku\": \"gen2\",\n
        \           \"version\": \"latest\",\n            \"architecture\": \"x64\"\n
        \         },\n          \"Ubuntu2204\": {\n            \"publisher\": \"Canonical\",\n
        \           \"offer\": \"0001-com-ubuntu-server-jammy\",\n            \"sku\":
        \"22_04-lts-gen2\",\n            \"version\": \"latest\",\n            \"architecture\":
        \"x64\"\n          },\n          \"Ubuntu2404\": {\n            \"publisher\":
        \"Canonical\",\n            \"offer\": \"ubuntu-24_04-lts\",\n            \"sku\":
        \"server\",\n            \"version\": \"latest\",\n            \"architecture\":
        \"x64\"\n          },\n          \"Ubuntu2404Pro\": {\n            \"publisher\":
        \"Canonical\",\n            \"offer\": \"ubuntu-24_04-lts\",\n            \"sku\":
        \"ubuntu-pro\",\n            \"version\": \"latest\",\n            \"architecture\":
        \"x64\"\n          },\n          \"FlatcarLinuxFreeGen2\": {\n            \"publisher\":
        \"kinvolk\",\n            \"offer\": \"flatcar-container-linux-free\",\n            \"sku\":
        \"stable-gen2\",\n            \"version\": \"latest\",\n            \"architecture\":
        \"x64\"\n          }\n        },\n        \"Windows\": {\n          \"Win2022Datacenter\":
        {\n            \"publisher\": \"MicrosoftWindowsServer\",\n            \"offer\":
        \"WindowsServer\",\n            \"sku\": \"2022-datacenter-g2\",\n            \"version\":
        \"latest\",\n            \"architecture\": \"x64\"\n          },\n          \"Win2022AzureEditionCore\":
        {\n            \"publisher\": \"MicrosoftWindowsServer\",\n            \"offer\":
        \"WindowsServer\",\n            \"sku\": \"2022-datacenter-azure-edition-core\",\n
        \           \"version\": \"latest\",\n            \"architecture\": \"x64\"\n
        \         },\n          \"Win2019Datacenter\": {\n            \"publisher\":
        \"MicrosoftWindowsServer\",\n            \"offer\": \"WindowsServer\",\n            \"sku\":
        \"2019-datacenter-gensecond\",\n            \"version\": \"latest\",\n            \"architecture\":
        \"x64\"\n          },\n          \"Win2016Datacenter\": {\n            \"publisher\":
        \"MicrosoftWindowsServer\",\n            \"offer\": \"WindowsServer\",\n            \"sku\":
        \"2016-datacenter-gensecond\",\n            \"version\": \"latest\",\n            \"architecture\":
        \"x64\"\n          },\n          \"Win2012R2Datacenter\": {\n            \"publisher\":
        \"MicrosoftWindowsServer\",\n            \"offer\": \"WindowsServer\",\n            \"sku\":
        \"2012-R2-Datacenter\",\n            \"version\": \"latest\",\n            \"architecture\":
        \"x64\"\n          },\n          \"Win2012Datacenter\": {\n            \"publisher\":
        \"MicrosoftWindowsServer\",\n            \"offer\": \"WindowsServer\",\n            \"sku\":
        \"2012-Datacenter\",\n            \"version\": \"latest\",\n            \"architecture\":
        \"x64\"\n          }\n        }\n      }\n    }\n  }\n}\n"
    headers:
      accept-ranges:
      - bytes
      access-control-allow-origin:
      - '*'
      cache-control:
      - max-age=300
      connection:
      - keep-alive
      content-length:
      - '3790'
      content-security-policy:
      - default-src 'none'; style-src 'unsafe-inline'; sandbox
      content-type:
      - text/plain; charset=utf-8
      cross-origin-resource-policy:
      - cross-origin
      date:
      - Tue, 07 Jan 2025 10:32:52 GMT
      etag:
      - W/"0f53b56eda413b90fc6365dd4848831171968adfbf5b440c8da07b5866a97d67"
      expires:
      - Tue, 07 Jan 2025 10:37:52 GMT
      source-age:
      - '38'
      strict-transport-security:
      - max-age=31536000
      vary:
      - Authorization,Accept-Encoding,Origin
      via:
      - 1.1 varnish
      x-cache:
      - HIT
      x-cache-hits:
      - '1'
      x-content-type-options:
      - nosniff
      x-fastly-request-id:
      - 648205a29a48a0e11c126595d87141d0df9e029a
      x-frame-options:
      - deny
      x-github-request-id:
      - BDED:1685F9:A0C57AD:A763777:677C5C3F
      x-served-by:
      - cache-sin-wsss1830038-SIN
      x-timer:
      - S1736245972.144390,VS0,VE2
      x-xss-protection:
      - 1; mode=block
    status:
      code: 200
      message: OK
- request:
    body: null
    headers:
      Accept:
      - application/json
      Accept-Encoding:
      - gzip, deflate
      CommandName:
      - vmss create
      Connection:
      - keep-alive
      ParameterSetName:
      - -g -n --image --instance-count --admin-username --admin-password --encryption-identity
        --assign-identity --orchestration-mode --lb-sku
      User-Agent:
      - AZURECLI/2.67.0 azsdk-python-core/1.31.0 Python/3.12.8 (Windows-11-10.0.26100-SP0)
    method: GET
    uri: https://management.azure.com/subscriptions/00000000-0000-0000-0000-000000000000/providers/Microsoft.Compute/locations/westus/publishers/MicrosoftWindowsServer/artifacttypes/vmimage/offers/WindowsServer/skus/2022-datacenter-g2/versions?$top=1&$orderby=name%20desc&api-version=2024-07-01
  response:
    body:
      string: "[\r\n  {\r\n    \"location\": \"westus\",\r\n    \"name\": \"20348.2966.241205\",\r\n
        \   \"id\": \"/Subscriptions/00000000-0000-0000-0000-000000000000/Providers/Microsoft.Compute/Locations/westus/Publishers/MicrosoftWindowsServer/ArtifactTypes/VMImage/Offers/WindowsServer/Skus/2022-datacenter-g2/Versions/20348.2966.241205\"\r\n
        \ }\r\n]"
    headers:
      cache-control:
      - no-cache
      content-length:
      - '313'
      content-type:
      - application/json; charset=utf-8
      date:
      - Tue, 07 Jan 2025 10:32:52 GMT
      expires:
      - '-1'
      pragma:
      - no-cache
      strict-transport-security:
      - max-age=31536000; includeSubDomains
      x-cache:
      - CONFIG_NOCACHE
      x-content-type-options:
      - nosniff
      x-ms-ratelimit-remaining-resource:
      - Microsoft.Compute/ListVMImagesVersionsFromLocation3Min;15998,Microsoft.Compute/ListVMImagesVersionsFromLocation30Min;43998
      x-ms-ratelimit-remaining-subscription-global-reads:
      - '16499'
      x-msedge-ref:
      - 'Ref A: 2546342DFAC746E886CB2E02F04DC219 Ref B: MAA201060514011 Ref C: 2025-01-07T10:32:52Z'
    status:
      code: 200
      message: OK
- request:
    body: null
    headers:
      Accept:
      - application/json
      Accept-Encoding:
      - gzip, deflate
      CommandName:
      - vmss create
      Connection:
      - keep-alive
      ParameterSetName:
      - -g -n --image --instance-count --admin-username --admin-password --encryption-identity
        --assign-identity --orchestration-mode --lb-sku
      User-Agent:
      - AZURECLI/2.67.0 azsdk-python-core/1.31.0 Python/3.12.8 (Windows-11-10.0.26100-SP0)
    method: GET
    uri: https://management.azure.com/subscriptions/00000000-0000-0000-0000-000000000000/providers/Microsoft.Compute/locations/westus/publishers/MicrosoftWindowsServer/artifacttypes/vmimage/offers/WindowsServer/skus/2022-datacenter-g2/versions/20348.2966.241205?api-version=2024-07-01
  response:
    body:
      string: "{\r\n  \"properties\": {\r\n    \"hyperVGeneration\": \"V2\",\r\n    \"architecture\":
        \"x64\",\r\n    \"replicaType\": \"Managed\",\r\n    \"replicaCount\": 10,\r\n
        \   \"disallowed\": {\r\n      \"vmDiskType\": \"Unmanaged\"\r\n    },\r\n
        \   \"automaticOSUpgradeProperties\": {\r\n      \"automaticOSUpgradeSupported\":
        false\r\n    },\r\n    \"imageDeprecationStatus\": {\r\n      \"imageState\":
        \"Active\"\r\n    },\r\n    \"features\": [\r\n      {\r\n        \"name\":
        \"SecurityType\",\r\n        \"value\": \"TrustedLaunchAndConfidentialVmSupported\"\r\n
        \     },\r\n      {\r\n        \"name\": \"IsAcceleratedNetworkSupported\",\r\n
        \       \"value\": \"True\"\r\n      },\r\n      {\r\n        \"name\": \"DiskControllerTypes\",\r\n
        \       \"value\": \"SCSI, NVMe\"\r\n      },\r\n      {\r\n        \"name\":
        \"IsHibernateSupported\",\r\n        \"value\": \"True\"\r\n      }\r\n    ],\r\n
        \   \"osDiskImage\": {\r\n      \"operatingSystem\": \"Windows\",\r\n      \"sizeInGb\":
        127\r\n    },\r\n    \"dataDiskImages\": [],\r\n    \"goLiveDate\": \"2024-12-10T00:00:00+00:00\"\r\n
        \ },\r\n  \"location\": \"westus\",\r\n  \"name\": \"20348.2966.241205\",\r\n
        \ \"id\": \"/Subscriptions/00000000-0000-0000-0000-000000000000/Providers/Microsoft.Compute/Locations/westus/Publishers/MicrosoftWindowsServer/ArtifactTypes/VMImage/Offers/WindowsServer/Skus/2022-datacenter-g2/Versions/20348.2966.241205\"\r\n}"
    headers:
      cache-control:
      - no-cache
      content-length:
      - '1232'
      content-type:
      - application/json; charset=utf-8
      date:
      - Tue, 07 Jan 2025 10:32:52 GMT
      expires:
      - '-1'
      pragma:
      - no-cache
      strict-transport-security:
      - max-age=31536000; includeSubDomains
      x-cache:
      - CONFIG_NOCACHE
      x-content-type-options:
      - nosniff
      x-ms-ratelimit-remaining-resource:
      - Microsoft.Compute/GetVMImageFromLocation3Min;12998,Microsoft.Compute/GetVMImageFromLocation30Min;73998
      x-ms-ratelimit-remaining-subscription-global-reads:
      - '16499'
      x-msedge-ref:
      - 'Ref A: C90D6CB2418B4C9FAFD3CBDFFD954412 Ref B: MAA201060513035 Ref C: 2025-01-07T10:32:53Z'
    status:
      code: 200
      message: OK
- request:
    body: null
    headers:
      Accept:
      - application/json
      Accept-Encoding:
      - gzip, deflate
      CommandName:
      - vmss create
      Connection:
      - keep-alive
      ParameterSetName:
      - -g -n --image --instance-count --admin-username --admin-password --encryption-identity
        --assign-identity --orchestration-mode --lb-sku
      User-Agent:
      - AZURECLI/2.67.0 azsdk-python-core/1.31.0 Python/3.12.8 (Windows-11-10.0.26100-SP0)
    method: GET
    uri: https://management.azure.com/subscriptions/00000000-0000-0000-0000-000000000000/providers/Microsoft.Compute/locations/westus/publishers/MicrosoftWindowsServer/artifacttypes/vmimage/offers/WindowsServer/skus/2022-datacenter-g2/versions?$top=1&$orderby=name%20desc&api-version=2024-07-01
  response:
    body:
      string: "[\r\n  {\r\n    \"location\": \"westus\",\r\n    \"name\": \"20348.2966.241205\",\r\n
        \   \"id\": \"/Subscriptions/00000000-0000-0000-0000-000000000000/Providers/Microsoft.Compute/Locations/westus/Publishers/MicrosoftWindowsServer/ArtifactTypes/VMImage/Offers/WindowsServer/Skus/2022-datacenter-g2/Versions/20348.2966.241205\"\r\n
        \ }\r\n]"
    headers:
      cache-control:
      - no-cache
      content-length:
      - '313'
      content-type:
      - application/json; charset=utf-8
      date:
      - Tue, 07 Jan 2025 10:32:54 GMT
      expires:
      - '-1'
      pragma:
      - no-cache
      strict-transport-security:
      - max-age=31536000; includeSubDomains
      x-cache:
      - CONFIG_NOCACHE
      x-content-type-options:
      - nosniff
      x-ms-ratelimit-remaining-resource:
      - Microsoft.Compute/ListVMImagesVersionsFromLocation3Min;15997,Microsoft.Compute/ListVMImagesVersionsFromLocation30Min;43997
      x-ms-ratelimit-remaining-subscription-global-reads:
      - '16499'
      x-msedge-ref:
      - 'Ref A: 1DEC1C7A98C945F29142A2651D96FB3E Ref B: MAA201060515023 Ref C: 2025-01-07T10:32:53Z'
    status:
      code: 200
      message: OK
- request:
    body: null
    headers:
      Accept:
      - application/json
      Accept-Encoding:
      - gzip, deflate
      CommandName:
      - vmss create
      Connection:
      - keep-alive
      ParameterSetName:
      - -g -n --image --instance-count --admin-username --admin-password --encryption-identity
        --assign-identity --orchestration-mode --lb-sku
      User-Agent:
      - AZURECLI/2.67.0 azsdk-python-core/1.31.0 Python/3.12.8 (Windows-11-10.0.26100-SP0)
    method: GET
    uri: https://management.azure.com/subscriptions/00000000-0000-0000-0000-000000000000/providers/Microsoft.Compute/locations/westus/publishers/MicrosoftWindowsServer/artifacttypes/vmimage/offers/WindowsServer/skus/2022-datacenter-g2/versions/20348.2966.241205?api-version=2024-07-01
  response:
    body:
      string: "{\r\n  \"properties\": {\r\n    \"hyperVGeneration\": \"V2\",\r\n    \"architecture\":
        \"x64\",\r\n    \"replicaType\": \"Managed\",\r\n    \"replicaCount\": 10,\r\n
        \   \"disallowed\": {\r\n      \"vmDiskType\": \"Unmanaged\"\r\n    },\r\n
        \   \"automaticOSUpgradeProperties\": {\r\n      \"automaticOSUpgradeSupported\":
        false\r\n    },\r\n    \"imageDeprecationStatus\": {\r\n      \"imageState\":
        \"Active\"\r\n    },\r\n    \"features\": [\r\n      {\r\n        \"name\":
        \"SecurityType\",\r\n        \"value\": \"TrustedLaunchAndConfidentialVmSupported\"\r\n
        \     },\r\n      {\r\n        \"name\": \"IsAcceleratedNetworkSupported\",\r\n
        \       \"value\": \"True\"\r\n      },\r\n      {\r\n        \"name\": \"DiskControllerTypes\",\r\n
        \       \"value\": \"SCSI, NVMe\"\r\n      },\r\n      {\r\n        \"name\":
        \"IsHibernateSupported\",\r\n        \"value\": \"True\"\r\n      }\r\n    ],\r\n
        \   \"osDiskImage\": {\r\n      \"operatingSystem\": \"Windows\",\r\n      \"sizeInGb\":
        127\r\n    },\r\n    \"dataDiskImages\": [],\r\n    \"goLiveDate\": \"2024-12-10T00:00:00+00:00\"\r\n
        \ },\r\n  \"location\": \"westus\",\r\n  \"name\": \"20348.2966.241205\",\r\n
        \ \"id\": \"/Subscriptions/00000000-0000-0000-0000-000000000000/Providers/Microsoft.Compute/Locations/westus/Publishers/MicrosoftWindowsServer/ArtifactTypes/VMImage/Offers/WindowsServer/Skus/2022-datacenter-g2/Versions/20348.2966.241205\"\r\n}"
    headers:
      cache-control:
      - no-cache
      content-length:
      - '1232'
      content-type:
      - application/json; charset=utf-8
      date:
      - Tue, 07 Jan 2025 10:32:55 GMT
      expires:
      - '-1'
      pragma:
      - no-cache
      strict-transport-security:
      - max-age=31536000; includeSubDomains
      x-cache:
      - CONFIG_NOCACHE
      x-content-type-options:
      - nosniff
      x-ms-ratelimit-remaining-resource:
      - Microsoft.Compute/GetVMImageFromLocation3Min;12997,Microsoft.Compute/GetVMImageFromLocation30Min;73997
      x-ms-ratelimit-remaining-subscription-global-reads:
      - '16499'
      x-msedge-ref:
      - 'Ref A: 4266454BFBEE40B0B4C23F64C9D491D3 Ref B: MAA201060515009 Ref C: 2025-01-07T10:32:54Z'
    status:
      code: 200
      message: OK
- request:
    body: '{"properties": {"template": {"$schema": "https://schema.management.azure.com/schemas/2015-01-01/deploymentTemplate.json#",
      "contentVersion": "1.0.0.0", "parameters": {"adminPassword": {"type": "securestring",
      "metadata": {"description": "Secure adminPassword"}}}, "variables": {}, "resources":
      [{"name": "vmss1VNET", "type": "Microsoft.Network/virtualNetworks", "location":
      "westus", "apiVersion": "2015-06-15", "dependsOn": [], "tags": {}, "properties":
      {"addressSpace": {"addressPrefixes": ["10.0.0.0/16"]}, "subnets": [{"name":
      "vmss1Subnet", "properties": {"addressPrefix": "10.0.0.0/24"}}]}}, {"apiVersion":
      "2022-01-01", "type": "Microsoft.Network/publicIPAddresses", "name": "vmss1LBPublicIP",
      "location": "westus", "tags": {}, "dependsOn": [], "properties": {"publicIPAllocationMethod":
      "Static"}, "sku": {"name": "Standard"}}, {"type": "Microsoft.Network/loadBalancers",
      "name": "vmss1LB", "location": "westus", "tags": {}, "apiVersion": "2022-01-01",
      "dependsOn": ["Microsoft.Network/virtualNetworks/vmss1VNET", "Microsoft.Network/publicIpAddresses/vmss1LBPublicIP"],
      "properties": {"backendAddressPools": [{"name": "vmss1LBBEPool"}], "frontendIPConfigurations":
      [{"name": "loadBalancerFrontEnd", "properties": {"publicIPAddress": {"id": "/subscriptions/00000000-0000-0000-0000-000000000000/resourceGroups/test_vmss_encryption_identity_for_disk_encryption000001/providers/Microsoft.Network/publicIPAddresses/vmss1LBPublicIP"}}}],
      "loadBalancingRules": [{"name": "LBRule", "properties": {"frontendIPConfiguration":
      {"id": "[concat(resourceId(''Microsoft.Network/loadBalancers'', ''vmss1LB''),
      ''/frontendIPConfigurations/'', ''loadBalancerFrontEnd'')]"}, "backendAddressPool":
      {"id": "[concat(resourceId(''Microsoft.Network/loadBalancers'', ''vmss1LB''),
      ''/backendAddressPools/'', ''vmss1LBBEPool'')]"}, "protocol": "tcp", "frontendPort":
      80, "backendPort": 80, "enableFloatingIP": false, "idleTimeoutInMinutes": 5}}]},
      "sku": {"name": "Standard"}}, {"type": "Microsoft.Network/networkSecurityGroups",
      "name": "vmss1NSG", "apiVersion": "2015-06-15", "location": "westus", "tags":
      {}, "dependsOn": [], "properties": {"securityRules": [{"name": "default-allow-ssh",
      "properties": {"protocol": "Tcp", "sourcePortRange": "*", "destinationPortRange":
      "22", "sourceAddressPrefix": "*", "destinationAddressPrefix": "*", "access":
      "Allow", "priority": 1000, "direction": "Inbound"}}]}}, {"type": "Microsoft.Network/loadBalancers/inboundNatRules",
      "apiVersion": "2022-01-01", "name": "vmss1LB/NatRule", "location": "westus",
      "properties": {"frontendIPConfiguration": {"id": "[concat(resourceId(''Microsoft.Network/loadBalancers'',
      ''vmss1LB''), ''/frontendIPConfigurations/'', ''loadBalancerFrontEnd'')]"},
      "backendAddressPool": {"id": "[concat(resourceId(''Microsoft.Network/loadBalancers'',
      ''vmss1LB''), ''/backendAddressPools/'', ''vmss1LBBEPool'')]"}, "backendPort":
      3389, "frontendPortRangeStart": "50000", "frontendPortRangeEnd": "50119", "protocol":
      "tcp", "idleTimeoutInMinutes": 5}, "dependsOn": ["[concat(''Microsoft.Network/loadBalancers/'',
      ''vmss1LB'')]"]}, {"type": "Microsoft.Compute/virtualMachineScaleSets", "name":
      "vmss1", "location": "westus", "tags": {}, "apiVersion": "2024-07-01", "dependsOn":
      ["Microsoft.Network/virtualNetworks/vmss1VNET", "Microsoft.Network/loadBalancers/vmss1LB",
      "Microsoft.Network/networkSecurityGroups/vmss1NSG"], "properties": {"overprovision":
      true, "upgradePolicy": {"mode": "manual"}, "singlePlacementGroup": null, "virtualMachineProfile":
      {"storageProfile": {"osDisk": {"createOption": "FromImage", "caching": "ReadWrite",
      "managedDisk": {"storageAccountType": null}}, "imageReference": {"publisher":
      "MicrosoftWindowsServer", "offer": "WindowsServer", "sku": "2022-datacenter-g2",
      "version": "latest"}}, "osProfile": {"computerNamePrefix": "vmss1adf0", "adminUsername":
      "clitester1", "adminPassword": "[parameters(''adminPassword'')]"}, "securityProfile":
      {"securityType": "TrustedLaunch", "uefiSettings": {"secureBootEnabled": true,
      "vTpmEnabled": true}, "encryptionIdentity": {"userAssignedIdentityResourceId":
      "/subscriptions/00000000-0000-0000-0000-000000000000/resourcegroups/test_vmss_encryption_identity_for_disk_encryption000001/providers/Microsoft.ManagedIdentity/userAssignedIdentities/id1"}},
      "networkProfile": {"networkInterfaceConfigurations": [{"name": "vmss1adf0Nic",
      "properties": {"ipConfigurations": [{"name": "vmss1adf0IPConfig", "properties":
      {"subnet": {"id": "/subscriptions/00000000-0000-0000-0000-000000000000/resourceGroups/test_vmss_encryption_identity_for_disk_encryption000001/providers/Microsoft.Network/virtualNetworks/vmss1VNET/subnets/vmss1Subnet"},
      "loadBalancerBackendAddressPools": [{"id": "/subscriptions/00000000-0000-0000-0000-000000000000/resourceGroups/test_vmss_encryption_identity_for_disk_encryption000001/providers/Microsoft.Network/loadBalancers/vmss1LB/backendAddressPools/vmss1LBBEPool"}]}}],
      "networkSecurityGroup": {"id": "[resourceId(''Microsoft.Network/networkSecurityGroups'',
      ''vmss1NSG'')]"}, "primary": "true"}}]}}, "orchestrationMode": "Uniform"}, "sku":
      {"name": "Standard_DS1_v2", "capacity": 1}, "identity": {"type": "UserAssigned",
      "userAssignedIdentities": {"/subscriptions/00000000-0000-0000-0000-000000000000/resourceGroups/test_vmss_encryption_identity_for_disk_encryption000001/providers/Microsoft.ManagedIdentity/userAssignedIdentities/id1":
      {}}}}], "outputs": {"VMSS": {"type": "object", "value": "[reference(resourceId(''Microsoft.Compute/virtualMachineScaleSets'',
      ''vmss1''),providers(''Microsoft.Compute'', ''virtualMachineScaleSets'').apiVersions[0])]"}}},
      "parameters": {"adminPassword": {"value": "Test123456789!"}}, "mode": "incremental"}}'
    headers:
      Accept:
      - application/json
      Accept-Encoding:
      - gzip, deflate
      CommandName:
      - vmss create
      Connection:
      - keep-alive
      Content-Length:
      - '5619'
      Content-Type:
      - application/json
      ParameterSetName:
      - -g -n --image --instance-count --admin-username --admin-password --encryption-identity
        --assign-identity --orchestration-mode --lb-sku
      User-Agent:
      - AZURECLI/2.67.0 azsdk-python-core/1.31.0 Python/3.12.8 (Windows-11-10.0.26100-SP0)
    method: PUT
    uri: https://management.azure.com/subscriptions/00000000-0000-0000-0000-000000000000/resourcegroups/test_vmss_encryption_identity_for_disk_encryption000001/providers/Microsoft.Resources/deployments/mock-deployment?api-version=2022-09-01
  response:
    body:
      string: '{"id":"/subscriptions/00000000-0000-0000-0000-000000000000/resourceGroups/test_vmss_encryption_identity_for_disk_encryption000001/providers/Microsoft.Resources/deployments/vmss_deploy_gMQsuRSl1X8MaCv5N2gGgUs5IcqXUjge","name":"vmss_deploy_gMQsuRSl1X8MaCv5N2gGgUs5IcqXUjge","type":"Microsoft.Resources/deployments","properties":{"templateHash":"16250787689254402349","parameters":{"adminPassword":{"type":"SecureString"}},"mode":"Incremental","provisioningState":"Accepted","timestamp":"2025-01-07T10:33:07.95718Z","duration":"PT0.0003719S","correlationId":"a10e7604-aaaf-421c-a507-049cc81a1dc8","providers":[{"namespace":"Microsoft.Network","resourceTypes":[{"resourceType":"virtualNetworks","locations":["westus"]},{"resourceType":"publicIPAddresses","locations":["westus"]},{"resourceType":"loadBalancers","locations":["westus"]},{"resourceType":"networkSecurityGroups","locations":["westus"]},{"resourceType":"loadBalancers/inboundNatRules","locations":["westus"]}]},{"namespace":"Microsoft.Compute","resourceTypes":[{"resourceType":"virtualMachineScaleSets","locations":["westus"]}]}],"dependencies":[{"dependsOn":[{"id":"/subscriptions/00000000-0000-0000-0000-000000000000/resourceGroups/test_vmss_encryption_identity_for_disk_encryption000001/providers/Microsoft.Network/virtualNetworks/vmss1VNET","resourceType":"Microsoft.Network/virtualNetworks","resourceName":"vmss1VNET"},{"id":"/subscriptions/00000000-0000-0000-0000-000000000000/resourceGroups/test_vmss_encryption_identity_for_disk_encryption000001/providers/Microsoft.Network/publicIPAddresses/vmss1LBPublicIP","resourceType":"Microsoft.Network/publicIPAddresses","resourceName":"vmss1LBPublicIP"}],"id":"/subscriptions/00000000-0000-0000-0000-000000000000/resourceGroups/test_vmss_encryption_identity_for_disk_encryption000001/providers/Microsoft.Network/loadBalancers/vmss1LB","resourceType":"Microsoft.Network/loadBalancers","resourceName":"vmss1LB"},{"dependsOn":[{"id":"/subscriptions/00000000-0000-0000-0000-000000000000/resourceGroups/test_vmss_encryption_identity_for_disk_encryption000001/providers/Microsoft.Network/loadBalancers/vmss1LB","resourceType":"Microsoft.Network/loadBalancers","resourceName":"vmss1LB"}],"id":"/subscriptions/00000000-0000-0000-0000-000000000000/resourceGroups/test_vmss_encryption_identity_for_disk_encryption000001/providers/Microsoft.Network/loadBalancers/vmss1LB/inboundNatRules/NatRule","resourceType":"Microsoft.Network/loadBalancers/inboundNatRules","resourceName":"vmss1LB/NatRule"},{"dependsOn":[{"id":"/subscriptions/00000000-0000-0000-0000-000000000000/resourceGroups/test_vmss_encryption_identity_for_disk_encryption000001/providers/Microsoft.Network/virtualNetworks/vmss1VNET","resourceType":"Microsoft.Network/virtualNetworks","resourceName":"vmss1VNET"},{"id":"/subscriptions/00000000-0000-0000-0000-000000000000/resourceGroups/test_vmss_encryption_identity_for_disk_encryption000001/providers/Microsoft.Network/loadBalancers/vmss1LB","resourceType":"Microsoft.Network/loadBalancers","resourceName":"vmss1LB"},{"id":"/subscriptions/00000000-0000-0000-0000-000000000000/resourceGroups/test_vmss_encryption_identity_for_disk_encryption000001/providers/Microsoft.Network/networkSecurityGroups/vmss1NSG","resourceType":"Microsoft.Network/networkSecurityGroups","resourceName":"vmss1NSG"}],"id":"/subscriptions/00000000-0000-0000-0000-000000000000/resourceGroups/test_vmss_encryption_identity_for_disk_encryption000001/providers/Microsoft.Compute/virtualMachineScaleSets/vmss1","resourceType":"Microsoft.Compute/virtualMachineScaleSets","resourceName":"vmss1"}]}}'
    headers:
      azure-asyncoperation:
      - https://management.azure.com/subscriptions/00000000-0000-0000-0000-000000000000/resourcegroups/test_vmss_encryption_identity_for_disk_encryption000001/providers/Microsoft.Resources/deployments/vmss_deploy_gMQsuRSl1X8MaCv5N2gGgUs5IcqXUjge/operationStatuses/08584653609036459902?api-version=2022-09-01
      cache-control:
      - no-cache
      content-length:
      - '3574'
      content-type:
      - application/json; charset=utf-8
      date:
      - Tue, 07 Jan 2025 10:33:13 GMT
      expires:
      - '-1'
      pragma:
      - no-cache
      strict-transport-security:
      - max-age=31536000; includeSubDomains
      x-cache:
      - CONFIG_NOCACHE
      x-content-type-options:
      - nosniff
      x-ms-deployment-engine-version:
      - 1.158.0
      x-ms-ratelimit-remaining-subscription-global-writes:
      - '12000'
      x-ms-ratelimit-remaining-subscription-writes:
      - '800'
      x-msedge-ref:
      - 'Ref A: 597F0D767A394B63BF49023438CBE3D8 Ref B: MAA201060513027 Ref C: 2025-01-07T10:32:56Z'
    status:
      code: 201
      message: Created
- request:
    body: null
    headers:
      Accept:
      - '*/*'
      Accept-Encoding:
      - gzip, deflate
      CommandName:
      - vmss create
      Connection:
      - keep-alive
      ParameterSetName:
      - -g -n --image --instance-count --admin-username --admin-password --encryption-identity
        --assign-identity --orchestration-mode --lb-sku
      User-Agent:
      - AZURECLI/2.67.0 azsdk-python-core/1.31.0 Python/3.12.8 (Windows-11-10.0.26100-SP0)
    method: GET
    uri: https://management.azure.com/subscriptions/00000000-0000-0000-0000-000000000000/resourcegroups/test_vmss_encryption_identity_for_disk_encryption000001/providers/Microsoft.Resources/deployments/mock-deployment/operationStatuses/08584653609036459902?api-version=2022-09-01
  response:
    body:
      string: '{"status":"Running"}'
    headers:
      cache-control:
      - no-cache
      content-length:
      - '20'
      content-type:
      - application/json; charset=utf-8
      date:
      - Tue, 07 Jan 2025 10:33:15 GMT
      expires:
      - '-1'
      pragma:
      - no-cache
      strict-transport-security:
      - max-age=31536000; includeSubDomains
      x-cache:
      - CONFIG_NOCACHE
      x-content-type-options:
      - nosniff
      x-ms-ratelimit-remaining-subscription-global-reads:
      - '16499'
      x-msedge-ref:
      - 'Ref A: ACBDD5B9B3DC4723B2C6D2E0CE18B166 Ref B: MAA201060513027 Ref C: 2025-01-07T10:33:14Z'
    status:
      code: 200
      message: OK
- request:
    body: null
    headers:
      Accept:
      - '*/*'
      Accept-Encoding:
      - gzip, deflate
      CommandName:
      - vmss create
      Connection:
      - keep-alive
      ParameterSetName:
      - -g -n --image --instance-count --admin-username --admin-password --encryption-identity
        --assign-identity --orchestration-mode --lb-sku
      User-Agent:
      - AZURECLI/2.67.0 azsdk-python-core/1.31.0 Python/3.12.8 (Windows-11-10.0.26100-SP0)
    method: GET
    uri: https://management.azure.com/subscriptions/00000000-0000-0000-0000-000000000000/resourcegroups/test_vmss_encryption_identity_for_disk_encryption000001/providers/Microsoft.Resources/deployments/mock-deployment/operationStatuses/08584653609036459902?api-version=2022-09-01
  response:
    body:
      string: '{"status":"Running"}'
    headers:
      cache-control:
      - no-cache
      content-length:
      - '20'
      content-type:
      - application/json; charset=utf-8
      date:
      - Tue, 07 Jan 2025 10:33:46 GMT
      expires:
      - '-1'
      pragma:
      - no-cache
      strict-transport-security:
      - max-age=31536000; includeSubDomains
      x-cache:
      - CONFIG_NOCACHE
      x-content-type-options:
      - nosniff
      x-ms-ratelimit-remaining-subscription-global-reads:
      - '16499'
      x-msedge-ref:
      - 'Ref A: EBF1A7A75DFA48E199C201F1A18C981A Ref B: MAA201060513027 Ref C: 2025-01-07T10:33:46Z'
    status:
      code: 200
      message: OK
- request:
    body: null
    headers:
      Accept:
      - '*/*'
      Accept-Encoding:
      - gzip, deflate
      CommandName:
      - vmss create
      Connection:
      - keep-alive
      ParameterSetName:
      - -g -n --image --instance-count --admin-username --admin-password --encryption-identity
        --assign-identity --orchestration-mode --lb-sku
      User-Agent:
      - AZURECLI/2.67.0 azsdk-python-core/1.31.0 Python/3.12.8 (Windows-11-10.0.26100-SP0)
    method: GET
    uri: https://management.azure.com/subscriptions/00000000-0000-0000-0000-000000000000/resourcegroups/test_vmss_encryption_identity_for_disk_encryption000001/providers/Microsoft.Resources/deployments/mock-deployment/operationStatuses/08584653609036459902?api-version=2022-09-01
  response:
    body:
      string: '{"status":"Running"}'
    headers:
      cache-control:
      - no-cache
      content-length:
      - '20'
      content-type:
      - application/json; charset=utf-8
      date:
      - Tue, 07 Jan 2025 10:34:18 GMT
      expires:
      - '-1'
      pragma:
      - no-cache
      strict-transport-security:
      - max-age=31536000; includeSubDomains
      x-cache:
      - CONFIG_NOCACHE
      x-content-type-options:
      - nosniff
      x-ms-ratelimit-remaining-subscription-global-reads:
      - '16499'
      x-msedge-ref:
      - 'Ref A: 36F847828ED34D73A26647EF7A42EA93 Ref B: MAA201060513027 Ref C: 2025-01-07T10:34:17Z'
    status:
      code: 200
      message: OK
- request:
    body: null
    headers:
      Accept:
      - '*/*'
      Accept-Encoding:
      - gzip, deflate
      CommandName:
      - vmss create
      Connection:
      - keep-alive
      ParameterSetName:
      - -g -n --image --instance-count --admin-username --admin-password --encryption-identity
        --assign-identity --orchestration-mode --lb-sku
      User-Agent:
      - AZURECLI/2.67.0 azsdk-python-core/1.31.0 Python/3.12.8 (Windows-11-10.0.26100-SP0)
    method: GET
    uri: https://management.azure.com/subscriptions/00000000-0000-0000-0000-000000000000/resourcegroups/test_vmss_encryption_identity_for_disk_encryption000001/providers/Microsoft.Resources/deployments/mock-deployment/operationStatuses/08584653609036459902?api-version=2022-09-01
  response:
    body:
      string: '{"status":"Succeeded"}'
    headers:
      cache-control:
      - no-cache
      content-length:
      - '22'
      content-type:
      - application/json; charset=utf-8
      date:
      - Tue, 07 Jan 2025 10:34:50 GMT
      expires:
      - '-1'
      pragma:
      - no-cache
      strict-transport-security:
      - max-age=31536000; includeSubDomains
      x-cache:
      - CONFIG_NOCACHE
      x-content-type-options:
      - nosniff
      x-ms-ratelimit-remaining-subscription-global-reads:
      - '16499'
      x-msedge-ref:
      - 'Ref A: 3DE8A04DAE824AC1854E5B17E9CB5E62 Ref B: MAA201060513027 Ref C: 2025-01-07T10:34:49Z'
    status:
      code: 200
      message: OK
- request:
    body: null
    headers:
      Accept:
      - '*/*'
      Accept-Encoding:
      - gzip, deflate
      CommandName:
      - vmss create
      Connection:
      - keep-alive
      ParameterSetName:
      - -g -n --image --instance-count --admin-username --admin-password --encryption-identity
        --assign-identity --orchestration-mode --lb-sku
      User-Agent:
      - AZURECLI/2.67.0 azsdk-python-core/1.31.0 Python/3.12.8 (Windows-11-10.0.26100-SP0)
    method: GET
    uri: https://management.azure.com/subscriptions/00000000-0000-0000-0000-000000000000/resourcegroups/test_vmss_encryption_identity_for_disk_encryption000001/providers/Microsoft.Resources/deployments/mock-deployment?api-version=2022-09-01
  response:
    body:
      string: '{"id":"/subscriptions/00000000-0000-0000-0000-000000000000/resourceGroups/test_vmss_encryption_identity_for_disk_encryption000001/providers/Microsoft.Resources/deployments/vmss_deploy_gMQsuRSl1X8MaCv5N2gGgUs5IcqXUjge","name":"vmss_deploy_gMQsuRSl1X8MaCv5N2gGgUs5IcqXUjge","type":"Microsoft.Resources/deployments","properties":{"templateHash":"16250787689254402349","parameters":{"adminPassword":{"type":"SecureString"}},"mode":"Incremental","provisioningState":"Succeeded","timestamp":"2025-01-07T10:34:39.945198Z","duration":"PT1M31.9883899S","correlationId":"a10e7604-aaaf-421c-a507-049cc81a1dc8","providers":[{"namespace":"Microsoft.Network","resourceTypes":[{"resourceType":"virtualNetworks","locations":["westus"]},{"resourceType":"publicIPAddresses","locations":["westus"]},{"resourceType":"loadBalancers","locations":["westus"]},{"resourceType":"networkSecurityGroups","locations":["westus"]},{"resourceType":"loadBalancers/inboundNatRules","locations":["westus"]}]},{"namespace":"Microsoft.Compute","resourceTypes":[{"resourceType":"virtualMachineScaleSets","locations":["westus"]}]}],"dependencies":[{"dependsOn":[{"id":"/subscriptions/00000000-0000-0000-0000-000000000000/resourceGroups/test_vmss_encryption_identity_for_disk_encryption000001/providers/Microsoft.Network/virtualNetworks/vmss1VNET","resourceType":"Microsoft.Network/virtualNetworks","resourceName":"vmss1VNET"},{"id":"/subscriptions/00000000-0000-0000-0000-000000000000/resourceGroups/test_vmss_encryption_identity_for_disk_encryption000001/providers/Microsoft.Network/publicIPAddresses/vmss1LBPublicIP","resourceType":"Microsoft.Network/publicIPAddresses","resourceName":"vmss1LBPublicIP"}],"id":"/subscriptions/00000000-0000-0000-0000-000000000000/resourceGroups/test_vmss_encryption_identity_for_disk_encryption000001/providers/Microsoft.Network/loadBalancers/vmss1LB","resourceType":"Microsoft.Network/loadBalancers","resourceName":"vmss1LB"},{"dependsOn":[{"id":"/subscriptions/00000000-0000-0000-0000-000000000000/resourceGroups/test_vmss_encryption_identity_for_disk_encryption000001/providers/Microsoft.Network/loadBalancers/vmss1LB","resourceType":"Microsoft.Network/loadBalancers","resourceName":"vmss1LB"}],"id":"/subscriptions/00000000-0000-0000-0000-000000000000/resourceGroups/test_vmss_encryption_identity_for_disk_encryption000001/providers/Microsoft.Network/loadBalancers/vmss1LB/inboundNatRules/NatRule","resourceType":"Microsoft.Network/loadBalancers/inboundNatRules","resourceName":"vmss1LB/NatRule"},{"dependsOn":[{"id":"/subscriptions/00000000-0000-0000-0000-000000000000/resourceGroups/test_vmss_encryption_identity_for_disk_encryption000001/providers/Microsoft.Network/virtualNetworks/vmss1VNET","resourceType":"Microsoft.Network/virtualNetworks","resourceName":"vmss1VNET"},{"id":"/subscriptions/00000000-0000-0000-0000-000000000000/resourceGroups/test_vmss_encryption_identity_for_disk_encryption000001/providers/Microsoft.Network/loadBalancers/vmss1LB","resourceType":"Microsoft.Network/loadBalancers","resourceName":"vmss1LB"},{"id":"/subscriptions/00000000-0000-0000-0000-000000000000/resourceGroups/test_vmss_encryption_identity_for_disk_encryption000001/providers/Microsoft.Network/networkSecurityGroups/vmss1NSG","resourceType":"Microsoft.Network/networkSecurityGroups","resourceName":"vmss1NSG"}],"id":"/subscriptions/00000000-0000-0000-0000-000000000000/resourceGroups/test_vmss_encryption_identity_for_disk_encryption000001/providers/Microsoft.Compute/virtualMachineScaleSets/vmss1","resourceType":"Microsoft.Compute/virtualMachineScaleSets","resourceName":"vmss1"}],"outputs":{"vmss":{"type":"Object","value":{"singlePlacementGroup":true,"orchestrationMode":"Uniform","upgradePolicy":{"mode":"Manual"},"virtualMachineProfile":{"osProfile":{"computerNamePrefix":"vmss1adf0","adminUsername":"clitester1","windowsConfiguration":{"provisionVMAgent":true,"enableAutomaticUpdates":true},"secrets":[],"allowExtensionOperations":true,"requireGuestProvisionSignal":true},"storageProfile":{"osDisk":{"osType":"Windows","createOption":"FromImage","caching":"ReadWrite","managedDisk":{"storageAccountType":"Premium_LRS"},"diskSizeGB":127},"imageReference":{"publisher":"MicrosoftWindowsServer","offer":"WindowsServer","sku":"2022-datacenter-g2","version":"latest"},"diskControllerType":"SCSI"},"networkProfile":{"networkInterfaceConfigurations":[{"name":"vmss1adf0Nic","properties":{"primary":true,"disableTcpStateTracking":false,"networkSecurityGroup":{"id":"/subscriptions/00000000-0000-0000-0000-000000000000/resourceGroups/test_vmss_encryption_identity_for_disk_encryption000001/providers/Microsoft.Network/networkSecurityGroups/vmss1NSG"},"dnsSettings":{"dnsServers":[]},"enableIPForwarding":false,"ipConfigurations":[{"name":"vmss1adf0IPConfig","properties":{"subnet":{"id":"/subscriptions/00000000-0000-0000-0000-000000000000/resourceGroups/test_vmss_encryption_identity_for_disk_encryption000001/providers/Microsoft.Network/virtualNetworks/vmss1VNET/subnets/vmss1Subnet"},"privateIPAddressVersion":"IPv4","loadBalancerBackendAddressPools":[{"id":"/subscriptions/00000000-0000-0000-0000-000000000000/resourceGroups/test_vmss_encryption_identity_for_disk_encryption000001/providers/Microsoft.Network/loadBalancers/vmss1LB/backendAddressPools/vmss1LBBEPool"}]}}]}}]},"securityProfile":{"uefiSettings":{"secureBootEnabled":true,"vTpmEnabled":true},"securityType":"TrustedLaunch","encryptionIdentity":{"userAssignedIdentityResourceId":"/subscriptions/00000000-0000-0000-0000-000000000000/resourcegroups/test_vmss_encryption_identity_for_disk_encryption000001/providers/Microsoft.ManagedIdentity/userAssignedIdentities/id1"}},"timeCreated":"2025-01-07T10:33:34.7622931+00:00"},"provisioningState":"Succeeded","overprovision":true,"doNotRunExtensionsOnOverprovisionedVMs":false,"uniqueId":"9c40b74d-2dcc-446b-838b-5937ad39d788","platformFaultDomainCount":5,"timeCreated":"2025-01-07T10:33:34.7622931+00:00"}}},"outputResources":[{"id":"/subscriptions/00000000-0000-0000-0000-000000000000/resourceGroups/test_vmss_encryption_identity_for_disk_encryption000001/providers/Microsoft.Compute/virtualMachineScaleSets/vmss1"},{"id":"/subscriptions/00000000-0000-0000-0000-000000000000/resourceGroups/test_vmss_encryption_identity_for_disk_encryption000001/providers/Microsoft.Network/loadBalancers/vmss1LB"},{"id":"/subscriptions/00000000-0000-0000-0000-000000000000/resourceGroups/test_vmss_encryption_identity_for_disk_encryption000001/providers/Microsoft.Network/loadBalancers/vmss1LB/inboundNatRules/NatRule"},{"id":"/subscriptions/00000000-0000-0000-0000-000000000000/resourceGroups/test_vmss_encryption_identity_for_disk_encryption000001/providers/Microsoft.Network/networkSecurityGroups/vmss1NSG"},{"id":"/subscriptions/00000000-0000-0000-0000-000000000000/resourceGroups/test_vmss_encryption_identity_for_disk_encryption000001/providers/Microsoft.Network/publicIPAddresses/vmss1LBPublicIP"},{"id":"/subscriptions/00000000-0000-0000-0000-000000000000/resourceGroups/test_vmss_encryption_identity_for_disk_encryption000001/providers/Microsoft.Network/virtualNetworks/vmss1VNET"}]}}'
    headers:
      cache-control:
      - no-cache
      content-length:
      - '7081'
      content-type:
      - application/json; charset=utf-8
      date:
      - Tue, 07 Jan 2025 10:34:52 GMT
      expires:
      - '-1'
      pragma:
      - no-cache
      strict-transport-security:
      - max-age=31536000; includeSubDomains
      x-cache:
      - CONFIG_NOCACHE
      x-content-type-options:
      - nosniff
      x-ms-ratelimit-remaining-subscription-global-reads:
      - '16499'
      x-msedge-ref:
      - 'Ref A: 5D693C9D2CD74A12B0FFE40C0890E5E5 Ref B: MAA201060513027 Ref C: 2025-01-07T10:34:51Z'
    status:
      code: 200
      message: OK
- request:
    body: null
    headers:
      Accept:
      - application/json
      Accept-Encoding:
      - gzip, deflate
      CommandName:
      - vmss create
      Connection:
      - keep-alive
      ParameterSetName:
      - -g -n --image --instance-count --admin-username --admin-password --encryption-identity
        --assign-identity --orchestration-mode --lb-sku
      User-Agent:
      - AZURECLI/2.67.0 azsdk-python-core/1.31.0 Python/3.12.8 (Windows-11-10.0.26100-SP0)
    method: GET
    uri: https://management.azure.com/subscriptions/00000000-0000-0000-0000-000000000000/resourceGroups/test_vmss_encryption_identity_for_disk_encryption000001/providers/Microsoft.Compute/virtualMachineScaleSets/vmss1?api-version=2024-07-01
  response:
    body:
      string: "{\r\n  \"name\": \"vmss1\",\r\n  \"id\": \"/subscriptions/00000000-0000-0000-0000-000000000000/resourceGroups/test_vmss_encryption_identity_for_disk_encryption000001/providers/Microsoft.Compute/virtualMachineScaleSets/vmss1\",\r\n
        \ \"type\": \"Microsoft.Compute/virtualMachineScaleSets\",\r\n  \"location\":
        \"westus\",\r\n  \"tags\": {},\r\n  \"identity\": {\r\n    \"type\": \"UserAssigned\",\r\n
        \   \"userAssignedIdentities\": {\r\n      \"/subscriptions/00000000-0000-0000-0000-000000000000/resourceGroups/test_vmss_encryption_identity_for_disk_encryption000001/providers/Microsoft.ManagedIdentity/userAssignedIdentities/id1\":
        {\r\n        \"principalId\": \"915738e1-1168-4423-85f1-b3c0e200943e\",\r\n
        \       \"clientId\": \"1508f712-6ad8-46fd-834e-99cefdaba516\"\r\n      }\r\n
        \   }\r\n  },\r\n  \"sku\": {\r\n    \"name\": \"Standard_DS1_v2\",\r\n    \"tier\":
        \"Standard\",\r\n    \"capacity\": 1\r\n  },\r\n  \"etag\": \"\\\"2\\\"\",\r\n
        \ \"properties\": {\r\n    \"singlePlacementGroup\": true,\r\n    \"orchestrationMode\":
        \"Uniform\",\r\n    \"upgradePolicy\": {\r\n      \"mode\": \"Manual\"\r\n
        \   },\r\n    \"virtualMachineProfile\": {\r\n      \"osProfile\": {\r\n        \"computerNamePrefix\":
        \"vmss1adf0\",\r\n        \"adminUsername\": \"clitester1\",\r\n        \"windowsConfiguration\":
        {\r\n          \"provisionVMAgent\": true,\r\n          \"enableAutomaticUpdates\":
        true\r\n        },\r\n        \"secrets\": [],\r\n        \"allowExtensionOperations\":
        true,\r\n        \"requireGuestProvisionSignal\": true\r\n      },\r\n      \"storageProfile\":
        {\r\n        \"osDisk\": {\r\n          \"osType\": \"Windows\",\r\n          \"createOption\":
        \"FromImage\",\r\n          \"caching\": \"ReadWrite\",\r\n          \"managedDisk\":
        {\r\n            \"storageAccountType\": \"Premium_LRS\"\r\n          },\r\n
        \         \"diskSizeGB\": 127\r\n        },\r\n        \"imageReference\":
        {\r\n          \"publisher\": \"MicrosoftWindowsServer\",\r\n          \"offer\":
        \"WindowsServer\",\r\n          \"sku\": \"2022-datacenter-g2\",\r\n          \"version\":
        \"latest\"\r\n        },\r\n        \"diskControllerType\": \"SCSI\"\r\n      },\r\n
        \     \"networkProfile\": {\"networkInterfaceConfigurations\":[{\"name\":\"vmss1adf0Nic\",\"properties\":{\"primary\":true,\"disableTcpStateTracking\":false,\"networkSecurityGroup\":{\"id\":\"/subscriptions/00000000-0000-0000-0000-000000000000/resourceGroups/test_vmss_encryption_identity_for_disk_encryption000001/providers/Microsoft.Network/networkSecurityGroups/vmss1NSG\"},\"dnsSettings\":{\"dnsServers\":[]},\"enableIPForwarding\":false,\"ipConfigurations\":[{\"name\":\"vmss1adf0IPConfig\",\"properties\":{\"subnet\":{\"id\":\"/subscriptions/00000000-0000-0000-0000-000000000000/resourceGroups/test_vmss_encryption_identity_for_disk_encryption000001/providers/Microsoft.Network/virtualNetworks/vmss1VNET/subnets/vmss1Subnet\"},\"privateIPAddressVersion\":\"IPv4\",\"loadBalancerBackendAddressPools\":[{\"id\":\"/subscriptions/00000000-0000-0000-0000-000000000000/resourceGroups/test_vmss_encryption_identity_for_disk_encryption000001/providers/Microsoft.Network/loadBalancers/vmss1LB/backendAddressPools/vmss1LBBEPool\"}]}}]}}]},\r\n
        \     \"securityProfile\": {\r\n        \"uefiSettings\": {\r\n          \"secureBootEnabled\":
        true,\r\n          \"vTpmEnabled\": true\r\n        },\r\n        \"securityType\":
        \"TrustedLaunch\",\r\n        \"encryptionIdentity\": {\r\n          \"userAssignedIdentityResourceId\":
        \"/subscriptions/00000000-0000-0000-0000-000000000000/resourcegroups/test_vmss_encryption_identity_for_disk_encryption000001/providers/Microsoft.ManagedIdentity/userAssignedIdentities/id1\"\r\n
        \       }\r\n      },\r\n      \"timeCreated\": \"2025-01-07T10:33:34.7622931+00:00\"\r\n
        \   },\r\n    \"provisioningState\": \"Succeeded\",\r\n    \"overprovision\":
        true,\r\n    \"doNotRunExtensionsOnOverprovisionedVMs\": false,\r\n    \"uniqueId\":
        \"9c40b74d-2dcc-446b-838b-5937ad39d788\",\r\n    \"platformFaultDomainCount\":
        5,\r\n    \"timeCreated\": \"2025-01-07T10:33:34.7622931+00:00\"\r\n  }\r\n}"
    headers:
      cache-control:
      - no-cache
      content-length:
      - '3710'
      content-type:
      - application/json; charset=utf-8
      date:
      - Tue, 07 Jan 2025 10:34:53 GMT
      etag:
      - '"2"'
      expires:
      - '-1'
      pragma:
      - no-cache
      strict-transport-security:
      - max-age=31536000; includeSubDomains
      x-cache:
      - CONFIG_NOCACHE
      x-content-type-options:
      - nosniff
      x-ms-need-to-refresh-epl-cache:
      - 'False'
      x-ms-ratelimit-remaining-resource:
      - Microsoft.Compute/GetVMScaleSetSubscriptionMaximum;2395,Microsoft.Compute/GetVMScaleSetResource;31
      x-ms-ratelimit-remaining-subscription-global-reads:
      - '16499'
      x-msedge-ref:
      - 'Ref A: 3B165EB5B2084C7CB1F6C3D304E535D4 Ref B: MAA201060515017 Ref C: 2025-01-07T10:34:53Z'
    status:
      code: 200
      message: ''
- request:
    body: null
    headers:
      Accept:
      - application/json
      Accept-Encoding:
      - gzip, deflate
      CommandName:
      - vmss show
      Connection:
      - keep-alive
      ParameterSetName:
      - -g -n
      User-Agent:
      - AZURECLI/2.67.0 azsdk-python-core/1.31.0 Python/3.12.8 (Windows-11-10.0.26100-SP0)
    method: GET
    uri: https://management.azure.com/subscriptions/00000000-0000-0000-0000-000000000000/resourceGroups/test_vmss_encryption_identity_for_disk_encryption000001/providers/Microsoft.Compute/virtualMachineScaleSets/vmss1?api-version=2024-07-01
  response:
    body:
      string: "{\r\n  \"name\": \"vmss1\",\r\n  \"id\": \"/subscriptions/00000000-0000-0000-0000-000000000000/resourceGroups/test_vmss_encryption_identity_for_disk_encryption000001/providers/Microsoft.Compute/virtualMachineScaleSets/vmss1\",\r\n
        \ \"type\": \"Microsoft.Compute/virtualMachineScaleSets\",\r\n  \"location\":
        \"westus\",\r\n  \"tags\": {},\r\n  \"identity\": {\r\n    \"type\": \"UserAssigned\",\r\n
        \   \"userAssignedIdentities\": {\r\n      \"/subscriptions/00000000-0000-0000-0000-000000000000/resourceGroups/test_vmss_encryption_identity_for_disk_encryption000001/providers/Microsoft.ManagedIdentity/userAssignedIdentities/id1\":
        {\r\n        \"principalId\": \"915738e1-1168-4423-85f1-b3c0e200943e\",\r\n
        \       \"clientId\": \"1508f712-6ad8-46fd-834e-99cefdaba516\"\r\n      }\r\n
        \   }\r\n  },\r\n  \"sku\": {\r\n    \"name\": \"Standard_DS1_v2\",\r\n    \"tier\":
        \"Standard\",\r\n    \"capacity\": 1\r\n  },\r\n  \"etag\": \"\\\"2\\\"\",\r\n
        \ \"properties\": {\r\n    \"singlePlacementGroup\": true,\r\n    \"orchestrationMode\":
        \"Uniform\",\r\n    \"upgradePolicy\": {\r\n      \"mode\": \"Manual\"\r\n
        \   },\r\n    \"virtualMachineProfile\": {\r\n      \"osProfile\": {\r\n        \"computerNamePrefix\":
        \"vmss1adf0\",\r\n        \"adminUsername\": \"clitester1\",\r\n        \"windowsConfiguration\":
        {\r\n          \"provisionVMAgent\": true,\r\n          \"enableAutomaticUpdates\":
        true\r\n        },\r\n        \"secrets\": [],\r\n        \"allowExtensionOperations\":
        true,\r\n        \"requireGuestProvisionSignal\": true\r\n      },\r\n      \"storageProfile\":
        {\r\n        \"osDisk\": {\r\n          \"osType\": \"Windows\",\r\n          \"createOption\":
        \"FromImage\",\r\n          \"caching\": \"ReadWrite\",\r\n          \"managedDisk\":
        {\r\n            \"storageAccountType\": \"Premium_LRS\"\r\n          },\r\n
        \         \"diskSizeGB\": 127\r\n        },\r\n        \"imageReference\":
        {\r\n          \"publisher\": \"MicrosoftWindowsServer\",\r\n          \"offer\":
        \"WindowsServer\",\r\n          \"sku\": \"2022-datacenter-g2\",\r\n          \"version\":
        \"latest\"\r\n        },\r\n        \"diskControllerType\": \"SCSI\"\r\n      },\r\n
        \     \"networkProfile\": {\"networkInterfaceConfigurations\":[{\"name\":\"vmss1adf0Nic\",\"properties\":{\"primary\":true,\"disableTcpStateTracking\":false,\"networkSecurityGroup\":{\"id\":\"/subscriptions/00000000-0000-0000-0000-000000000000/resourceGroups/test_vmss_encryption_identity_for_disk_encryption000001/providers/Microsoft.Network/networkSecurityGroups/vmss1NSG\"},\"dnsSettings\":{\"dnsServers\":[]},\"enableIPForwarding\":false,\"ipConfigurations\":[{\"name\":\"vmss1adf0IPConfig\",\"properties\":{\"subnet\":{\"id\":\"/subscriptions/00000000-0000-0000-0000-000000000000/resourceGroups/test_vmss_encryption_identity_for_disk_encryption000001/providers/Microsoft.Network/virtualNetworks/vmss1VNET/subnets/vmss1Subnet\"},\"privateIPAddressVersion\":\"IPv4\",\"loadBalancerBackendAddressPools\":[{\"id\":\"/subscriptions/00000000-0000-0000-0000-000000000000/resourceGroups/test_vmss_encryption_identity_for_disk_encryption000001/providers/Microsoft.Network/loadBalancers/vmss1LB/backendAddressPools/vmss1LBBEPool\"}]}}]}}]},\r\n
        \     \"securityProfile\": {\r\n        \"uefiSettings\": {\r\n          \"secureBootEnabled\":
        true,\r\n          \"vTpmEnabled\": true\r\n        },\r\n        \"securityType\":
        \"TrustedLaunch\",\r\n        \"encryptionIdentity\": {\r\n          \"userAssignedIdentityResourceId\":
        \"/subscriptions/00000000-0000-0000-0000-000000000000/resourcegroups/test_vmss_encryption_identity_for_disk_encryption000001/providers/Microsoft.ManagedIdentity/userAssignedIdentities/id1\"\r\n
        \       }\r\n      },\r\n      \"timeCreated\": \"2025-01-07T10:33:34.7622931+00:00\"\r\n
        \   },\r\n    \"provisioningState\": \"Succeeded\",\r\n    \"overprovision\":
        true,\r\n    \"doNotRunExtensionsOnOverprovisionedVMs\": false,\r\n    \"uniqueId\":
        \"9c40b74d-2dcc-446b-838b-5937ad39d788\",\r\n    \"platformFaultDomainCount\":
        5,\r\n    \"timeCreated\": \"2025-01-07T10:33:34.7622931+00:00\"\r\n  }\r\n}"
    headers:
      cache-control:
      - no-cache
      content-length:
      - '3710'
      content-type:
      - application/json; charset=utf-8
      date:
      - Tue, 07 Jan 2025 10:34:54 GMT
      etag:
      - '"2"'
      expires:
      - '-1'
      pragma:
      - no-cache
      strict-transport-security:
      - max-age=31536000; includeSubDomains
      x-cache:
      - CONFIG_NOCACHE
      x-content-type-options:
      - nosniff
      x-ms-need-to-refresh-epl-cache:
      - 'False'
      x-ms-ratelimit-remaining-resource:
      - Microsoft.Compute/GetVMScaleSetSubscriptionMaximum;2394,Microsoft.Compute/GetVMScaleSetResource;30
      x-ms-ratelimit-remaining-subscription-global-reads:
      - '16499'
      x-msedge-ref:
      - 'Ref A: EE374B60E20B4F249AE375773EBCD00F Ref B: MAA201060514039 Ref C: 2025-01-07T10:34:54Z'
    status:
      code: 200
      message: ''
version: 1
