interactions:
- request:
    body: null
    headers:
      Accept:
      - application/json
      Accept-Encoding:
      - gzip, deflate
      CommandName:
      - vm create
      Connection:
      - keep-alive
      ParameterSetName:
      - -g -n --admin-username --image --admin-password --authentication-type --use-unmanaged-disk
        --nsg-rule
      User-Agent:
      - AZURECLI/2.61.0 azsdk-python-core/1.30.2 Python/3.10.14 (Linux-5.15.0-1064-azure-x86_64-with-glibc2.31)
        VSTS_7b238909-6802-4b65-b90d-184bca47f458_build_220_0
    method: GET
    uri: https://management.azure.com/subscriptions/00000000-0000-0000-0000-000000000000/resourcegroups/cli_test_generalize_vm_debian000001?api-version=2022-09-01
  response:
    body:
      string: '{"id":"/subscriptions/00000000-0000-0000-0000-000000000000/resourceGroups/cli_test_generalize_vm_debian000001","name":"cli_test_generalize_vm_debian000001","type":"Microsoft.Resources/resourceGroups","location":"westus","tags":{"product":"azurecli","cause":"automation","test":"test_vm_generalize_debian","date":"2024-06-11T08:20:44Z","module":"vm"},"properties":{"provisioningState":"Succeeded"}}'
    headers:
      cache-control:
      - no-cache
      content-length:
      - '397'
      content-type:
      - application/json; charset=utf-8
      date:
      - Tue, 11 Jun 2024 08:20:45 GMT
      expires:
      - '-1'
      pragma:
      - no-cache
      strict-transport-security:
      - max-age=31536000; includeSubDomains
      x-cache:
      - CONFIG_NOCACHE
      x-content-type-options:
      - nosniff
      x-ms-ratelimit-remaining-subscription-global-reads:
      - '3749'
      x-msedge-ref:
      - 'Ref A: 749902CB4F2E41EF9F385E171C9A8B7D Ref B: MNZ221060609023 Ref C: 2024-06-11T08:20:46Z'
    status:
      code: 200
      message: OK
- request:
    body: null
    headers:
      Accept:
      - application/json
      Accept-Encoding:
      - gzip, deflate
      CommandName:
      - vm create
      Connection:
      - keep-alive
      ParameterSetName:
      - -g -n --admin-username --image --admin-password --authentication-type --use-unmanaged-disk
        --nsg-rule
      User-Agent:
      - AZURECLI/2.61.0 azsdk-python-core/1.30.2 Python/3.10.14 (Linux-5.15.0-1064-azure-x86_64-with-glibc2.31)
        VSTS_7b238909-6802-4b65-b90d-184bca47f458_build_220_0
    method: GET
    uri: https://management.azure.com/subscriptions/00000000-0000-0000-0000-000000000000/providers/Microsoft.Compute/locations/westus/publishers/Debian/artifacttypes/vmimage/offers/debian-10/skus/10/versions?$top=1&$orderby=name%20desc&api-version=2024-03-01
  response:
    body:
      string: "[\r\n  {\r\n    \"location\": \"westus\",\r\n    \"name\": \"0.20240430.1733\",\r\n
        \   \"id\": \"/Subscriptions/00000000-0000-0000-0000-000000000000/Providers/Microsoft.Compute/Locations/westus/Publishers/Debian/ArtifactTypes/VMImage/Offers/debian-10/Skus/10/Versions/0.20240430.1733\"\r\n
        \ }\r\n]"
    headers:
      cache-control:
      - no-cache
      content-length:
      - '273'
      content-type:
      - application/json; charset=utf-8
      date:
      - Tue, 11 Jun 2024 08:20:45 GMT
      expires:
      - '-1'
      pragma:
      - no-cache
      strict-transport-security:
      - max-age=31536000; includeSubDomains
      x-cache:
      - CONFIG_NOCACHE
      x-content-type-options:
      - nosniff
      x-ms-ratelimit-remaining-resource:
      - Microsoft.Compute/ListVMImagesVersionsFromLocation3Min;15999,Microsoft.Compute/ListVMImagesVersionsFromLocation30Min;43999
      x-ms-ratelimit-remaining-subscription-global-reads:
      - '3749'
      x-msedge-ref:
      - 'Ref A: D6576E9853DD44D0B52AD3FEFAAF222A Ref B: MNZ221060610031 Ref C: 2024-06-11T08:20:46Z'
    status:
      code: 200
      message: OK
- request:
    body: null
    headers:
      Accept:
      - application/json
      Accept-Encoding:
      - gzip, deflate
      CommandName:
      - vm create
      Connection:
      - keep-alive
      ParameterSetName:
      - -g -n --admin-username --image --admin-password --authentication-type --use-unmanaged-disk
        --nsg-rule
      User-Agent:
      - AZURECLI/2.61.0 azsdk-python-core/1.30.2 Python/3.10.14 (Linux-5.15.0-1064-azure-x86_64-with-glibc2.31)
        VSTS_7b238909-6802-4b65-b90d-184bca47f458_build_220_0
    method: GET
    uri: https://management.azure.com/subscriptions/00000000-0000-0000-0000-000000000000/providers/Microsoft.Compute/locations/westus/publishers/Debian/artifacttypes/vmimage/offers/debian-10/skus/10/versions/0.20240430.1733?api-version=2024-03-01
  response:
    body:
      string: "{\r\n  \"properties\": {\r\n    \"hyperVGeneration\": \"V1\",\r\n    \"architecture\":
        \"x64\",\r\n    \"replicaType\": \"Unmanaged\",\r\n    \"disallowed\": {\r\n
        \     \"vmDiskType\": \"None\"\r\n    },\r\n    \"automaticOSUpgradeProperties\":
        {\r\n      \"automaticOSUpgradeSupported\": false\r\n    },\r\n    \"imageDeprecationStatus\":
        {\r\n      \"imageState\": \"Active\"\r\n    },\r\n    \"features\": [\r\n
        \     {\r\n        \"name\": \"IsAcceleratedNetworkSupported\",\r\n        \"value\":
        \"True\"\r\n      },\r\n      {\r\n        \"name\": \"DiskControllerTypes\",\r\n
        \       \"value\": \"SCSI\"\r\n      },\r\n      {\r\n        \"name\": \"IsHibernateSupported\",\r\n
        \       \"value\": \"False\"\r\n      }\r\n    ],\r\n    \"osDiskImage\":
        {\r\n      \"operatingSystem\": \"Linux\",\r\n      \"sizeInBytes\": 32212255232\r\n
        \   },\r\n    \"dataDiskImages\": []\r\n  },\r\n  \"location\": \"westus\",\r\n
        \ \"name\": \"0.20240430.1733\",\r\n  \"id\": \"/Subscriptions/00000000-0000-0000-0000-000000000000/Providers/Microsoft.Compute/Locations/westus/Publishers/Debian/ArtifactTypes/VMImage/Offers/debian-10/Skus/10/Versions/0.20240430.1733\"\r\n}"
    headers:
      cache-control:
      - no-cache
      content-length:
      - '1008'
      content-type:
      - application/json; charset=utf-8
      date:
      - Tue, 11 Jun 2024 08:20:46 GMT
      expires:
      - '-1'
      pragma:
      - no-cache
      strict-transport-security:
      - max-age=31536000; includeSubDomains
      x-cache:
      - CONFIG_NOCACHE
      x-content-type-options:
      - nosniff
      x-ms-ratelimit-remaining-resource:
      - Microsoft.Compute/GetVMImageFromLocation3Min;12999,Microsoft.Compute/GetVMImageFromLocation30Min;73999
      x-ms-ratelimit-remaining-subscription-global-reads:
      - '3749'
      x-msedge-ref:
      - 'Ref A: 089535FD7C56465D9BF6CBCF9860B67D Ref B: MNZ221060609039 Ref C: 2024-06-11T08:20:46Z'
    status:
      code: 200
      message: OK
- request:
    body: null
    headers:
      Accept:
      - application/json
      Accept-Encoding:
      - gzip, deflate
      CommandName:
      - vm create
      Connection:
      - keep-alive
      ParameterSetName:
      - -g -n --admin-username --image --admin-password --authentication-type --use-unmanaged-disk
        --nsg-rule
      User-Agent:
      - AZURECLI/2.61.0 azsdk-python-core/1.30.2 Python/3.10.14 (Linux-5.15.0-1064-azure-x86_64-with-glibc2.31)
        VSTS_7b238909-6802-4b65-b90d-184bca47f458_build_220_0
    method: GET
    uri: https://management.azure.com/subscriptions/00000000-0000-0000-0000-000000000000/resourceGroups/cli_test_generalize_vm_debian000001/providers/Microsoft.Storage/storageAccounts?api-version=2023-05-01
  response:
    body:
      string: '{"value":[]}'
    headers:
      cache-control:
      - no-cache
      content-length:
      - '12'
      content-type:
      - application/json; charset=utf-8
      date:
      - Tue, 11 Jun 2024 08:20:46 GMT
      expires:
      - '-1'
      pragma:
      - no-cache
      strict-transport-security:
      - max-age=31536000; includeSubDomains
      x-cache:
      - CONFIG_NOCACHE
      x-content-type-options:
      - nosniff
      x-ms-ratelimit-remaining-subscription-global-reads:
      - '3749'
      x-msedge-ref:
      - 'Ref A: AE7456AE5BE24F3E8B048633E9577858 Ref B: MNZ221060610027 Ref C: 2024-06-11T08:20:46Z'
    status:
      code: 200
      message: OK
- request:
    body: null
    headers:
      Accept:
      - application/json
      Accept-Encoding:
      - gzip, deflate
      CommandName:
      - vm create
      Connection:
      - keep-alive
      ParameterSetName:
      - -g -n --admin-username --image --admin-password --authentication-type --use-unmanaged-disk
        --nsg-rule
      User-Agent:
      - AZURECLI/2.61.0 azsdk-python-core/1.30.2 Python/3.10.14 (Linux-5.15.0-1064-azure-x86_64-with-glibc2.31)
        VSTS_7b238909-6802-4b65-b90d-184bca47f458_build_220_0
    method: GET
    uri: https://management.azure.com/subscriptions/00000000-0000-0000-0000-000000000000/resourceGroups/cli_test_generalize_vm_debian000001/providers/Microsoft.Network/virtualNetworks?api-version=2022-01-01
  response:
    body:
      string: '{"value":[]}'
    headers:
      cache-control:
      - no-cache
      content-length:
      - '12'
      content-type:
      - application/json; charset=utf-8
      date:
      - Tue, 11 Jun 2024 08:20:47 GMT
      expires:
      - '-1'
      pragma:
      - no-cache
      strict-transport-security:
      - max-age=31536000; includeSubDomains
      x-cache:
      - CONFIG_NOCACHE
      x-content-type-options:
      - nosniff
      x-ms-ratelimit-remaining-subscription-global-reads:
      - '3749'
      x-msedge-ref:
      - 'Ref A: 9C4176A4FF4B43A5830E02F0BCDE6556 Ref B: MNZ221060619009 Ref C: 2024-06-11T08:20:47Z'
    status:
      code: 200
      message: OK
- request:
    body: null
    headers:
      Accept:
      - application/json
      Accept-Encoding:
      - gzip, deflate
      CommandName:
      - vm create
      Connection:
      - keep-alive
      ParameterSetName:
      - -g -n --admin-username --image --admin-password --authentication-type --use-unmanaged-disk
        --nsg-rule
      User-Agent:
      - AZURECLI/2.61.0 azsdk-python-core/1.30.2 Python/3.10.14 (Linux-5.15.0-1064-azure-x86_64-with-glibc2.31)
        VSTS_7b238909-6802-4b65-b90d-184bca47f458_build_220_0
    method: GET
    uri: https://management.azure.com/subscriptions/00000000-0000-0000-0000-000000000000/providers/Microsoft.Compute/locations/westus/publishers/Debian/artifacttypes/vmimage/offers/debian-10/skus/10/versions?$top=1&$orderby=name%20desc&api-version=2024-03-01
  response:
    body:
      string: "[\r\n  {\r\n    \"location\": \"westus\",\r\n    \"name\": \"0.20240430.1733\",\r\n
        \   \"id\": \"/Subscriptions/00000000-0000-0000-0000-000000000000/Providers/Microsoft.Compute/Locations/westus/Publishers/Debian/ArtifactTypes/VMImage/Offers/debian-10/Skus/10/Versions/0.20240430.1733\"\r\n
        \ }\r\n]"
    headers:
      cache-control:
      - no-cache
      content-length:
      - '273'
      content-type:
      - application/json; charset=utf-8
      date:
      - Tue, 11 Jun 2024 08:20:47 GMT
      expires:
      - '-1'
      pragma:
      - no-cache
      strict-transport-security:
      - max-age=31536000; includeSubDomains
      x-cache:
      - CONFIG_NOCACHE
      x-content-type-options:
      - nosniff
      x-ms-ratelimit-remaining-resource:
      - Microsoft.Compute/ListVMImagesVersionsFromLocation3Min;15998,Microsoft.Compute/ListVMImagesVersionsFromLocation30Min;43998
      x-ms-ratelimit-remaining-subscription-global-reads:
      - '3749'
      x-msedge-ref:
      - 'Ref A: A66A6111383B4E979EE158E651B50CE8 Ref B: MNZ221060618029 Ref C: 2024-06-11T08:20:47Z'
    status:
      code: 200
      message: OK
- request:
    body: null
    headers:
      Accept:
      - application/json
      Accept-Encoding:
      - gzip, deflate
      CommandName:
      - vm create
      Connection:
      - keep-alive
      ParameterSetName:
      - -g -n --admin-username --image --admin-password --authentication-type --use-unmanaged-disk
        --nsg-rule
      User-Agent:
      - AZURECLI/2.61.0 azsdk-python-core/1.30.2 Python/3.10.14 (Linux-5.15.0-1064-azure-x86_64-with-glibc2.31)
        VSTS_7b238909-6802-4b65-b90d-184bca47f458_build_220_0
    method: GET
    uri: https://management.azure.com/subscriptions/00000000-0000-0000-0000-000000000000/providers/Microsoft.Compute/locations/westus/publishers/Debian/artifacttypes/vmimage/offers/debian-10/skus/10/versions/0.20240430.1733?api-version=2024-03-01
  response:
    body:
      string: "{\r\n  \"properties\": {\r\n    \"hyperVGeneration\": \"V1\",\r\n    \"architecture\":
        \"x64\",\r\n    \"replicaType\": \"Unmanaged\",\r\n    \"disallowed\": {\r\n
        \     \"vmDiskType\": \"None\"\r\n    },\r\n    \"automaticOSUpgradeProperties\":
        {\r\n      \"automaticOSUpgradeSupported\": false\r\n    },\r\n    \"imageDeprecationStatus\":
        {\r\n      \"imageState\": \"Active\"\r\n    },\r\n    \"features\": [\r\n
        \     {\r\n        \"name\": \"IsAcceleratedNetworkSupported\",\r\n        \"value\":
        \"True\"\r\n      },\r\n      {\r\n        \"name\": \"DiskControllerTypes\",\r\n
        \       \"value\": \"SCSI\"\r\n      },\r\n      {\r\n        \"name\": \"IsHibernateSupported\",\r\n
        \       \"value\": \"False\"\r\n      }\r\n    ],\r\n    \"osDiskImage\":
        {\r\n      \"operatingSystem\": \"Linux\",\r\n      \"sizeInBytes\": 32212255232\r\n
        \   },\r\n    \"dataDiskImages\": []\r\n  },\r\n  \"location\": \"westus\",\r\n
        \ \"name\": \"0.20240430.1733\",\r\n  \"id\": \"/Subscriptions/00000000-0000-0000-0000-000000000000/Providers/Microsoft.Compute/Locations/westus/Publishers/Debian/ArtifactTypes/VMImage/Offers/debian-10/Skus/10/Versions/0.20240430.1733\"\r\n}"
    headers:
      cache-control:
      - no-cache
      content-length:
      - '1008'
      content-type:
      - application/json; charset=utf-8
      date:
      - Tue, 11 Jun 2024 08:20:47 GMT
      expires:
      - '-1'
      pragma:
      - no-cache
      strict-transport-security:
      - max-age=31536000; includeSubDomains
      x-cache:
      - CONFIG_NOCACHE
      x-content-type-options:
      - nosniff
      x-ms-ratelimit-remaining-resource:
      - Microsoft.Compute/GetVMImageFromLocation3Min;12998,Microsoft.Compute/GetVMImageFromLocation30Min;73998
      x-ms-ratelimit-remaining-subscription-global-reads:
      - '3749'
      x-msedge-ref:
      - 'Ref A: 216C41F07B1E467194853894F6A08C06 Ref B: MNZ221060610009 Ref C: 2024-06-11T08:20:48Z'
    status:
      code: 200
      message: OK
- request:
    body: null
    headers:
      Accept:
      - application/json
      Accept-Encoding:
      - gzip, deflate
      CommandName:
      - vm create
      Connection:
      - keep-alive
      ParameterSetName:
      - -g -n --admin-username --image --admin-password --authentication-type --use-unmanaged-disk
        --nsg-rule
      User-Agent:
      - AZURECLI/2.61.0 azsdk-python-core/1.30.2 Python/3.10.14 (Linux-5.15.0-1064-azure-x86_64-with-glibc2.31)
        VSTS_7b238909-6802-4b65-b90d-184bca47f458_build_220_0
    method: GET
    uri: https://management.azure.com/subscriptions/00000000-0000-0000-0000-000000000000/providers/Microsoft.Compute/locations/westus/publishers/Debian/artifacttypes/vmimage/offers/debian-10/skus/10/versions?$top=1&$orderby=name%20desc&api-version=2024-03-01
  response:
    body:
      string: "[\r\n  {\r\n    \"location\": \"westus\",\r\n    \"name\": \"0.20240430.1733\",\r\n
        \   \"id\": \"/Subscriptions/00000000-0000-0000-0000-000000000000/Providers/Microsoft.Compute/Locations/westus/Publishers/Debian/ArtifactTypes/VMImage/Offers/debian-10/Skus/10/Versions/0.20240430.1733\"\r\n
        \ }\r\n]"
    headers:
      cache-control:
      - no-cache
      content-length:
      - '273'
      content-type:
      - application/json; charset=utf-8
      date:
      - Tue, 11 Jun 2024 08:20:48 GMT
      expires:
      - '-1'
      pragma:
      - no-cache
      strict-transport-security:
      - max-age=31536000; includeSubDomains
      x-cache:
      - CONFIG_NOCACHE
      x-content-type-options:
      - nosniff
      x-ms-ratelimit-remaining-resource:
      - Microsoft.Compute/ListVMImagesVersionsFromLocation3Min;15997,Microsoft.Compute/ListVMImagesVersionsFromLocation30Min;43997
      x-ms-ratelimit-remaining-subscription-global-reads:
      - '3749'
      x-msedge-ref:
      - 'Ref A: 4F6A458D29574B5A92E8DC0203160868 Ref B: MNZ221060609053 Ref C: 2024-06-11T08:20:48Z'
    status:
      code: 200
      message: OK
- request:
    body: null
    headers:
      Accept:
      - application/json
      Accept-Encoding:
      - gzip, deflate
      CommandName:
      - vm create
      Connection:
      - keep-alive
      ParameterSetName:
      - -g -n --admin-username --image --admin-password --authentication-type --use-unmanaged-disk
        --nsg-rule
      User-Agent:
      - AZURECLI/2.61.0 azsdk-python-core/1.30.2 Python/3.10.14 (Linux-5.15.0-1064-azure-x86_64-with-glibc2.31)
        VSTS_7b238909-6802-4b65-b90d-184bca47f458_build_220_0
    method: GET
    uri: https://management.azure.com/subscriptions/00000000-0000-0000-0000-000000000000/providers/Microsoft.Compute/locations/westus/publishers/Debian/artifacttypes/vmimage/offers/debian-10/skus/10/versions/0.20240430.1733?api-version=2024-03-01
  response:
    body:
      string: "{\r\n  \"properties\": {\r\n    \"hyperVGeneration\": \"V1\",\r\n    \"architecture\":
        \"x64\",\r\n    \"replicaType\": \"Unmanaged\",\r\n    \"disallowed\": {\r\n
        \     \"vmDiskType\": \"None\"\r\n    },\r\n    \"automaticOSUpgradeProperties\":
        {\r\n      \"automaticOSUpgradeSupported\": false\r\n    },\r\n    \"imageDeprecationStatus\":
        {\r\n      \"imageState\": \"Active\"\r\n    },\r\n    \"features\": [\r\n
        \     {\r\n        \"name\": \"IsAcceleratedNetworkSupported\",\r\n        \"value\":
        \"True\"\r\n      },\r\n      {\r\n        \"name\": \"DiskControllerTypes\",\r\n
        \       \"value\": \"SCSI\"\r\n      },\r\n      {\r\n        \"name\": \"IsHibernateSupported\",\r\n
        \       \"value\": \"False\"\r\n      }\r\n    ],\r\n    \"osDiskImage\":
        {\r\n      \"operatingSystem\": \"Linux\",\r\n      \"sizeInBytes\": 32212255232\r\n
        \   },\r\n    \"dataDiskImages\": []\r\n  },\r\n  \"location\": \"westus\",\r\n
        \ \"name\": \"0.20240430.1733\",\r\n  \"id\": \"/Subscriptions/00000000-0000-0000-0000-000000000000/Providers/Microsoft.Compute/Locations/westus/Publishers/Debian/ArtifactTypes/VMImage/Offers/debian-10/Skus/10/Versions/0.20240430.1733\"\r\n}"
    headers:
      cache-control:
      - no-cache
      content-length:
      - '1008'
      content-type:
      - application/json; charset=utf-8
      date:
      - Tue, 11 Jun 2024 08:20:48 GMT
      expires:
      - '-1'
      pragma:
      - no-cache
      strict-transport-security:
      - max-age=31536000; includeSubDomains
      x-cache:
      - CONFIG_NOCACHE
      x-content-type-options:
      - nosniff
      x-ms-ratelimit-remaining-resource:
      - Microsoft.Compute/GetVMImageFromLocation3Min;12997,Microsoft.Compute/GetVMImageFromLocation30Min;73997
      x-ms-ratelimit-remaining-subscription-global-reads:
      - '3749'
      x-msedge-ref:
      - 'Ref A: 3D9A80A7EF344F94874AC7DABD3675E4 Ref B: MNZ221060608031 Ref C: 2024-06-11T08:20:48Z'
    status:
      code: 200
      message: OK
- request:
    body: '{"properties": {"template": {"$schema": "https://schema.management.azure.com/schemas/2015-01-01/deploymentTemplate.json#",
      "contentVersion": "1.0.0.0", "parameters": {"adminPassword": {"type": "securestring",
      "metadata": {"description": "Secure adminPassword"}}}, "variables": {}, "resources":
      [{"type": "Microsoft.Storage/storageAccounts", "name": "vhdstorageff3ad11d4e3003",
      "apiVersion": "2015-06-15", "location": "westus", "tags": {}, "dependsOn": [],
      "properties": {"accountType": "Premium_LRS"}}, {"name": "vm-generalizeVNET",
      "type": "Microsoft.Network/virtualNetworks", "location": "westus", "apiVersion":
      "2015-06-15", "dependsOn": [], "tags": {}, "properties": {"addressSpace": {"addressPrefixes":
      ["10.0.0.0/16"]}, "subnets": [{"name": "vm-generalizeSubnet", "properties":
      {"addressPrefix": "10.0.0.0/24"}}]}}, {"type": "Microsoft.Network/networkSecurityGroups",
      "name": "vm-generalizeNSG", "apiVersion": "2015-06-15", "location": "westus",
      "tags": {}, "dependsOn": []}, {"apiVersion": "2022-01-01", "type": "Microsoft.Network/publicIPAddresses",
      "name": "vm-generalizePublicIP", "location": "westus", "tags": {}, "dependsOn":
      [], "properties": {"publicIPAllocationMethod": "Static"}, "sku": {"name": "Standard"}},
      {"apiVersion": "2015-06-15", "type": "Microsoft.Network/networkInterfaces",
      "name": "vm-generalizeVMNic", "location": "westus", "tags": {}, "dependsOn":
      ["Microsoft.Network/virtualNetworks/vm-generalizeVNET", "Microsoft.Network/networkSecurityGroups/vm-generalizeNSG",
      "Microsoft.Network/publicIpAddresses/vm-generalizePublicIP"], "properties":
      {"ipConfigurations": [{"name": "ipconfigvm-generalize", "properties": {"privateIPAllocationMethod":
      "Dynamic", "subnet": {"id": "/subscriptions/00000000-0000-0000-0000-000000000000/resourceGroups/cli_test_generalize_vm_debian000001/providers/Microsoft.Network/virtualNetworks/vm-generalizeVNET/subnets/vm-generalizeSubnet"},
      "publicIPAddress": {"id": "/subscriptions/00000000-0000-0000-0000-000000000000/resourceGroups/cli_test_generalize_vm_debian000001/providers/Microsoft.Network/publicIPAddresses/vm-generalizePublicIP"}}}],
      "networkSecurityGroup": {"id": "/subscriptions/00000000-0000-0000-0000-000000000000/resourceGroups/cli_test_generalize_vm_debian000001/providers/Microsoft.Network/networkSecurityGroups/vm-generalizeNSG"}}},
      {"apiVersion": "2024-03-01", "type": "Microsoft.Compute/virtualMachines", "name":
      "vm-generalize", "location": "westus", "tags": {}, "dependsOn": ["Microsoft.Storage/storageAccounts/vhdstorageff3ad11d4e3003",
      "Microsoft.Network/networkInterfaces/vm-generalizeVMNic"], "properties": {"hardwareProfile":
      {"vmSize": "Standard_DS1_v2"}, "networkProfile": {"networkInterfaces": [{"id":
      "/subscriptions/00000000-0000-0000-0000-000000000000/resourceGroups/cli_test_generalize_vm_debian000001/providers/Microsoft.Network/networkInterfaces/vm-generalizeVMNic",
      "properties": {"deleteOption": null}}]}, "storageProfile": {"osDisk": {"createOption":
      "fromImage", "name": "osdisk_ff3ad11d4e", "caching": "ReadWrite", "vhd": {"uri":
      "https://vhdstorageff3ad11d4e3003.blob.core.windows.net/vhds/osdisk_ff3ad11d4e.vhd"}},
      "imageReference": {"publisher": "Debian", "offer": "debian-10", "sku": "10",
      "version": "latest"}}, "osProfile": {"computerName": "vm-generalize", "adminUsername":
      "debian", "adminPassword": "[parameters(''adminPassword'')]"}}}], "outputs":
      {}}, "parameters": {"adminPassword": {"value": "testPassword0"}}, "mode": "incremental"}}'
    headers:
      Accept:
      - application/json
      Accept-Encoding:
      - gzip, deflate
      CommandName:
      - vm create
      Connection:
      - keep-alive
      Content-Length:
      - '3442'
      Content-Type:
      - application/json
      ParameterSetName:
      - -g -n --admin-username --image --admin-password --authentication-type --use-unmanaged-disk
        --nsg-rule
      User-Agent:
      - AZURECLI/2.61.0 azsdk-python-core/1.30.2 Python/3.10.14 (Linux-5.15.0-1064-azure-x86_64-with-glibc2.31)
        VSTS_7b238909-6802-4b65-b90d-184bca47f458_build_220_0
    method: PUT
    uri: https://management.azure.com/subscriptions/00000000-0000-0000-0000-000000000000/resourcegroups/cli_test_generalize_vm_debian000001/providers/Microsoft.Resources/deployments/mock-deployment?api-version=2022-09-01
  response:
    body:
      string: '{"id":"/subscriptions/00000000-0000-0000-0000-000000000000/resourceGroups/cli_test_generalize_vm_debian000001/providers/Microsoft.Resources/deployments/vm_deploy_5K527AEdyMP7dC3FfwcMOimTXI74D7TE","name":"vm_deploy_5K527AEdyMP7dC3FfwcMOimTXI74D7TE","type":"Microsoft.Resources/deployments","properties":{"templateHash":"8848265923914843718","parameters":{"adminPassword":{"type":"SecureString"}},"mode":"Incremental","provisioningState":"Accepted","timestamp":"2024-06-11T08:20:54.2578918Z","duration":"PT0.0001015S","correlationId":"e2b43a53-4485-4afb-8071-73b0af70cde3","providers":[{"namespace":"Microsoft.Storage","resourceTypes":[{"resourceType":"storageAccounts","locations":["westus"]}]},{"namespace":"Microsoft.Network","resourceTypes":[{"resourceType":"virtualNetworks","locations":["westus"]},{"resourceType":"networkSecurityGroups","locations":["westus"]},{"resourceType":"publicIPAddresses","locations":["westus"]},{"resourceType":"networkInterfaces","locations":["westus"]}]},{"namespace":"Microsoft.Compute","resourceTypes":[{"resourceType":"virtualMachines","locations":["westus"]}]}],"dependencies":[{"dependsOn":[{"id":"/subscriptions/00000000-0000-0000-0000-000000000000/resourceGroups/cli_test_generalize_vm_debian000001/providers/Microsoft.Network/virtualNetworks/vm-generalizeVNET","resourceType":"Microsoft.Network/virtualNetworks","resourceName":"vm-generalizeVNET"},{"id":"/subscriptions/00000000-0000-0000-0000-000000000000/resourceGroups/cli_test_generalize_vm_debian000001/providers/Microsoft.Network/networkSecurityGroups/vm-generalizeNSG","resourceType":"Microsoft.Network/networkSecurityGroups","resourceName":"vm-generalizeNSG"},{"id":"/subscriptions/00000000-0000-0000-0000-000000000000/resourceGroups/cli_test_generalize_vm_debian000001/providers/Microsoft.Network/publicIPAddresses/vm-generalizePublicIP","resourceType":"Microsoft.Network/publicIPAddresses","resourceName":"vm-generalizePublicIP"}],"id":"/subscriptions/00000000-0000-0000-0000-000000000000/resourceGroups/cli_test_generalize_vm_debian000001/providers/Microsoft.Network/networkInterfaces/vm-generalizeVMNic","resourceType":"Microsoft.Network/networkInterfaces","resourceName":"vm-generalizeVMNic"},{"dependsOn":[{"id":"/subscriptions/00000000-0000-0000-0000-000000000000/resourceGroups/cli_test_generalize_vm_debian000001/providers/Microsoft.Storage/storageAccounts/vhdstorageff3ad11d4e3003","resourceType":"Microsoft.Storage/storageAccounts","resourceName":"vhdstorageff3ad11d4e3003"},{"id":"/subscriptions/00000000-0000-0000-0000-000000000000/resourceGroups/cli_test_generalize_vm_debian000001/providers/Microsoft.Network/networkInterfaces/vm-generalizeVMNic","resourceType":"Microsoft.Network/networkInterfaces","resourceName":"vm-generalizeVMNic"}],"id":"/subscriptions/00000000-0000-0000-0000-000000000000/resourceGroups/cli_test_generalize_vm_debian000001/providers/Microsoft.Compute/virtualMachines/vm-generalize","resourceType":"Microsoft.Compute/virtualMachines","resourceName":"vm-generalize"}]}}'
    headers:
      azure-asyncoperation:
      - https://management.azure.com/subscriptions/00000000-0000-0000-0000-000000000000/resourcegroups/cli_test_generalize_vm_debian000001/providers/Microsoft.Resources/deployments/vm_deploy_5K527AEdyMP7dC3FfwcMOimTXI74D7TE/operationStatuses/08584835128340133339?api-version=2022-09-01
      cache-control:
      - no-cache
      content-length:
      - '3005'
      content-type:
      - application/json; charset=utf-8
      date:
      - Tue, 11 Jun 2024 08:20:54 GMT
      expires:
      - '-1'
      pragma:
      - no-cache
      strict-transport-security:
      - max-age=31536000; includeSubDomains
      x-cache:
      - CONFIG_NOCACHE
      x-content-type-options:
      - nosniff
      x-ms-ratelimit-remaining-subscription-global-writes:
      - '2999'
      x-ms-ratelimit-remaining-subscription-writes:
      - '199'
      x-msedge-ref:
      - 'Ref A: 13AEA0D34BB34C19AF2B429E78389EAF Ref B: MNZ221060618051 Ref C: 2024-06-11T08:20:49Z'
    status:
      code: 201
      message: Created
- request:
    body: null
    headers:
      Accept:
      - '*/*'
      Accept-Encoding:
      - gzip, deflate
      CommandName:
      - vm create
      Connection:
      - keep-alive
      ParameterSetName:
      - -g -n --admin-username --image --admin-password --authentication-type --use-unmanaged-disk
        --nsg-rule
      User-Agent:
      - AZURECLI/2.61.0 azsdk-python-core/1.30.2 Python/3.10.14 (Linux-5.15.0-1064-azure-x86_64-with-glibc2.31)
        VSTS_7b238909-6802-4b65-b90d-184bca47f458_build_220_0
    method: GET
    uri: https://management.azure.com/subscriptions/00000000-0000-0000-0000-000000000000/resourcegroups/cli_test_generalize_vm_debian000001/providers/Microsoft.Resources/deployments/mock-deployment/operationStatuses/08584835128340133339?api-version=2022-09-01
  response:
    body:
      string: '{"status":"Running"}'
    headers:
      cache-control:
      - no-cache
      content-length:
      - '20'
      content-type:
      - application/json; charset=utf-8
      date:
      - Tue, 11 Jun 2024 08:20:54 GMT
      expires:
      - '-1'
      pragma:
      - no-cache
      strict-transport-security:
      - max-age=31536000; includeSubDomains
      x-cache:
      - CONFIG_NOCACHE
      x-content-type-options:
      - nosniff
      x-ms-ratelimit-remaining-subscription-global-reads:
      - '3749'
      x-msedge-ref:
      - 'Ref A: FD3701907FBD403BB95985E4CD27D802 Ref B: MNZ221060608045 Ref C: 2024-06-11T08:20:54Z'
    status:
      code: 200
      message: OK
- request:
    body: null
    headers:
      Accept:
      - '*/*'
      Accept-Encoding:
      - gzip, deflate
      CommandName:
      - vm create
      Connection:
      - keep-alive
      ParameterSetName:
      - -g -n --admin-username --image --admin-password --authentication-type --use-unmanaged-disk
        --nsg-rule
      User-Agent:
      - AZURECLI/2.61.0 azsdk-python-core/1.30.2 Python/3.10.14 (Linux-5.15.0-1064-azure-x86_64-with-glibc2.31)
        VSTS_7b238909-6802-4b65-b90d-184bca47f458_build_220_0
    method: GET
    uri: https://management.azure.com/subscriptions/00000000-0000-0000-0000-000000000000/resourcegroups/cli_test_generalize_vm_debian000001/providers/Microsoft.Resources/deployments/mock-deployment/operationStatuses/08584835128340133339?api-version=2022-09-01
  response:
    body:
      string: '{"status":"Running"}'
    headers:
      cache-control:
      - no-cache
      content-length:
      - '20'
      content-type:
      - application/json; charset=utf-8
      date:
      - Tue, 11 Jun 2024 08:21:25 GMT
      expires:
      - '-1'
      pragma:
      - no-cache
      strict-transport-security:
      - max-age=31536000; includeSubDomains
      x-cache:
      - CONFIG_NOCACHE
      x-content-type-options:
      - nosniff
      x-ms-ratelimit-remaining-subscription-global-reads:
      - '3749'
      x-msedge-ref:
      - 'Ref A: AEA61D8D5C544525991882403C2D2A43 Ref B: MNZ221060609009 Ref C: 2024-06-11T08:21:25Z'
    status:
      code: 200
      message: OK
- request:
    body: null
    headers:
      Accept:
      - '*/*'
      Accept-Encoding:
      - gzip, deflate
      CommandName:
      - vm create
      Connection:
      - keep-alive
      ParameterSetName:
      - -g -n --admin-username --image --admin-password --authentication-type --use-unmanaged-disk
        --nsg-rule
      User-Agent:
      - AZURECLI/2.61.0 azsdk-python-core/1.30.2 Python/3.10.14 (Linux-5.15.0-1064-azure-x86_64-with-glibc2.31)
        VSTS_7b238909-6802-4b65-b90d-184bca47f458_build_220_0
    method: GET
    uri: https://management.azure.com/subscriptions/00000000-0000-0000-0000-000000000000/resourcegroups/cli_test_generalize_vm_debian000001/providers/Microsoft.Resources/deployments/mock-deployment/operationStatuses/08584835128340133339?api-version=2022-09-01
  response:
    body:
      string: '{"status":"Running"}'
    headers:
      cache-control:
      - no-cache
      content-length:
      - '20'
      content-type:
      - application/json; charset=utf-8
      date:
      - Tue, 11 Jun 2024 08:21:55 GMT
      expires:
      - '-1'
      pragma:
      - no-cache
      strict-transport-security:
      - max-age=31536000; includeSubDomains
      x-cache:
      - CONFIG_NOCACHE
      x-content-type-options:
      - nosniff
      x-ms-ratelimit-remaining-subscription-global-reads:
      - '3749'
      x-msedge-ref:
      - 'Ref A: AF81B5DEEFB14901838F30611A90D972 Ref B: MNZ221060609031 Ref C: 2024-06-11T08:21:55Z'
    status:
      code: 200
      message: OK
- request:
    body: null
    headers:
      Accept:
      - '*/*'
      Accept-Encoding:
      - gzip, deflate
      CommandName:
      - vm create
      Connection:
      - keep-alive
      ParameterSetName:
      - -g -n --admin-username --image --admin-password --authentication-type --use-unmanaged-disk
        --nsg-rule
      User-Agent:
      - AZURECLI/2.61.0 azsdk-python-core/1.30.2 Python/3.10.14 (Linux-5.15.0-1064-azure-x86_64-with-glibc2.31)
        VSTS_7b238909-6802-4b65-b90d-184bca47f458_build_220_0
    method: GET
    uri: https://management.azure.com/subscriptions/00000000-0000-0000-0000-000000000000/resourcegroups/cli_test_generalize_vm_debian000001/providers/Microsoft.Resources/deployments/mock-deployment/operationStatuses/08584835128340133339?api-version=2022-09-01
  response:
    body:
      string: '{"status":"Succeeded"}'
    headers:
      cache-control:
      - no-cache
      content-length:
      - '22'
      content-type:
      - application/json; charset=utf-8
      date:
      - Tue, 11 Jun 2024 08:22:26 GMT
      expires:
      - '-1'
      pragma:
      - no-cache
      strict-transport-security:
      - max-age=31536000; includeSubDomains
      x-cache:
      - CONFIG_NOCACHE
      x-content-type-options:
      - nosniff
      x-ms-ratelimit-remaining-subscription-global-reads:
      - '3749'
      x-msedge-ref:
      - 'Ref A: 81B30D164CB049EEA2256D6AECC0C22D Ref B: MNZ221060608047 Ref C: 2024-06-11T08:22:26Z'
    status:
      code: 200
      message: OK
- request:
    body: null
    headers:
      Accept:
      - '*/*'
      Accept-Encoding:
      - gzip, deflate
      CommandName:
      - vm create
      Connection:
      - keep-alive
      ParameterSetName:
      - -g -n --admin-username --image --admin-password --authentication-type --use-unmanaged-disk
        --nsg-rule
      User-Agent:
      - AZURECLI/2.61.0 azsdk-python-core/1.30.2 Python/3.10.14 (Linux-5.15.0-1064-azure-x86_64-with-glibc2.31)
        VSTS_7b238909-6802-4b65-b90d-184bca47f458_build_220_0
    method: GET
    uri: https://management.azure.com/subscriptions/00000000-0000-0000-0000-000000000000/resourcegroups/cli_test_generalize_vm_debian000001/providers/Microsoft.Resources/deployments/mock-deployment?api-version=2022-09-01
  response:
    body:
      string: '{"id":"/subscriptions/00000000-0000-0000-0000-000000000000/resourceGroups/cli_test_generalize_vm_debian000001/providers/Microsoft.Resources/deployments/vm_deploy_5K527AEdyMP7dC3FfwcMOimTXI74D7TE","name":"vm_deploy_5K527AEdyMP7dC3FfwcMOimTXI74D7TE","type":"Microsoft.Resources/deployments","properties":{"templateHash":"8848265923914843718","parameters":{"adminPassword":{"type":"SecureString"}},"mode":"Incremental","provisioningState":"Succeeded","timestamp":"2024-06-11T08:21:57.3511698Z","duration":"PT1M3.0933795S","correlationId":"e2b43a53-4485-4afb-8071-73b0af70cde3","providers":[{"namespace":"Microsoft.Storage","resourceTypes":[{"resourceType":"storageAccounts","locations":["westus"]}]},{"namespace":"Microsoft.Network","resourceTypes":[{"resourceType":"virtualNetworks","locations":["westus"]},{"resourceType":"networkSecurityGroups","locations":["westus"]},{"resourceType":"publicIPAddresses","locations":["westus"]},{"resourceType":"networkInterfaces","locations":["westus"]}]},{"namespace":"Microsoft.Compute","resourceTypes":[{"resourceType":"virtualMachines","locations":["westus"]}]}],"dependencies":[{"dependsOn":[{"id":"/subscriptions/00000000-0000-0000-0000-000000000000/resourceGroups/cli_test_generalize_vm_debian000001/providers/Microsoft.Network/virtualNetworks/vm-generalizeVNET","resourceType":"Microsoft.Network/virtualNetworks","resourceName":"vm-generalizeVNET"},{"id":"/subscriptions/00000000-0000-0000-0000-000000000000/resourceGroups/cli_test_generalize_vm_debian000001/providers/Microsoft.Network/networkSecurityGroups/vm-generalizeNSG","resourceType":"Microsoft.Network/networkSecurityGroups","resourceName":"vm-generalizeNSG"},{"id":"/subscriptions/00000000-0000-0000-0000-000000000000/resourceGroups/cli_test_generalize_vm_debian000001/providers/Microsoft.Network/publicIPAddresses/vm-generalizePublicIP","resourceType":"Microsoft.Network/publicIPAddresses","resourceName":"vm-generalizePublicIP"}],"id":"/subscriptions/00000000-0000-0000-0000-000000000000/resourceGroups/cli_test_generalize_vm_debian000001/providers/Microsoft.Network/networkInterfaces/vm-generalizeVMNic","resourceType":"Microsoft.Network/networkInterfaces","resourceName":"vm-generalizeVMNic"},{"dependsOn":[{"id":"/subscriptions/00000000-0000-0000-0000-000000000000/resourceGroups/cli_test_generalize_vm_debian000001/providers/Microsoft.Storage/storageAccounts/vhdstorageff3ad11d4e3003","resourceType":"Microsoft.Storage/storageAccounts","resourceName":"vhdstorageff3ad11d4e3003"},{"id":"/subscriptions/00000000-0000-0000-0000-000000000000/resourceGroups/cli_test_generalize_vm_debian000001/providers/Microsoft.Network/networkInterfaces/vm-generalizeVMNic","resourceType":"Microsoft.Network/networkInterfaces","resourceName":"vm-generalizeVMNic"}],"id":"/subscriptions/00000000-0000-0000-0000-000000000000/resourceGroups/cli_test_generalize_vm_debian000001/providers/Microsoft.Compute/virtualMachines/vm-generalize","resourceType":"Microsoft.Compute/virtualMachines","resourceName":"vm-generalize"}],"outputs":{},"outputResources":[{"id":"/subscriptions/00000000-0000-0000-0000-000000000000/resourceGroups/cli_test_generalize_vm_debian000001/providers/Microsoft.Compute/virtualMachines/vm-generalize"},{"id":"/subscriptions/00000000-0000-0000-0000-000000000000/resourceGroups/cli_test_generalize_vm_debian000001/providers/Microsoft.Network/networkInterfaces/vm-generalizeVMNic"},{"id":"/subscriptions/00000000-0000-0000-0000-000000000000/resourceGroups/cli_test_generalize_vm_debian000001/providers/Microsoft.Network/networkSecurityGroups/vm-generalizeNSG"},{"id":"/subscriptions/00000000-0000-0000-0000-000000000000/resourceGroups/cli_test_generalize_vm_debian000001/providers/Microsoft.Network/publicIPAddresses/vm-generalizePublicIP"},{"id":"/subscriptions/00000000-0000-0000-0000-000000000000/resourceGroups/cli_test_generalize_vm_debian000001/providers/Microsoft.Network/virtualNetworks/vm-generalizeVNET"},{"id":"/subscriptions/00000000-0000-0000-0000-000000000000/resourceGroups/cli_test_generalize_vm_debian000001/providers/Microsoft.Storage/storageAccounts/vhdstorageff3ad11d4e3003"}]}}'
    headers:
      cache-control:
      - no-cache
      content-length:
      - '4102'
      content-type:
      - application/json; charset=utf-8
      date:
      - Tue, 11 Jun 2024 08:22:26 GMT
      expires:
      - '-1'
      pragma:
      - no-cache
      strict-transport-security:
      - max-age=31536000; includeSubDomains
      x-cache:
      - CONFIG_NOCACHE
      x-content-type-options:
      - nosniff
      x-ms-ratelimit-remaining-subscription-global-reads:
      - '3749'
      x-msedge-ref:
      - 'Ref A: 99DA5088A77349D0B5D7B77EA66BE1AD Ref B: MNZ221060618037 Ref C: 2024-06-11T08:22:26Z'
    status:
      code: 200
      message: OK
- request:
    body: null
    headers:
      Accept:
      - application/json
      Accept-Encoding:
      - gzip, deflate
      CommandName:
      - vm create
      Connection:
      - keep-alive
      ParameterSetName:
      - -g -n --admin-username --image --admin-password --authentication-type --use-unmanaged-disk
        --nsg-rule
      User-Agent:
      - AZURECLI/2.61.0 azsdk-python-core/1.30.2 Python/3.10.14 (Linux-5.15.0-1064-azure-x86_64-with-glibc2.31)
        VSTS_7b238909-6802-4b65-b90d-184bca47f458_build_220_0
    method: GET
    uri: https://management.azure.com/subscriptions/00000000-0000-0000-0000-000000000000/resourceGroups/cli_test_generalize_vm_debian000001/providers/Microsoft.Compute/virtualMachines/vm-generalize?$expand=instanceView&api-version=2024-03-01
  response:
    body:
      string: "{\r\n  \"name\": \"vm-generalize\",\r\n  \"id\": \"/subscriptions/00000000-0000-0000-0000-000000000000/resourceGroups/cli_test_generalize_vm_debian000001/providers/Microsoft.Compute/virtualMachines/vm-generalize\",\r\n
        \ \"type\": \"Microsoft.Compute/virtualMachines\",\r\n  \"location\": \"westus\",\r\n
        \ \"tags\": {},\r\n  \"properties\": {\r\n    \"hardwareProfile\": {\r\n      \"vmSize\":
        \"Standard_DS1_v2\"\r\n    },\r\n    \"provisioningState\": \"Succeeded\",\r\n
        \   \"vmId\": \"f3bf9ccc-6d59-48c3-93f5-47b97966c690\",\r\n    \"storageProfile\":
        {\r\n      \"imageReference\": {\r\n        \"publisher\": \"Debian\",\r\n
        \       \"offer\": \"debian-10\",\r\n        \"sku\": \"10\",\r\n        \"version\":
        \"latest\",\r\n        \"exactVersion\": \"0.20240430.1733\"\r\n      },\r\n
        \     \"osDisk\": {\r\n        \"osType\": \"Linux\",\r\n        \"name\":
        \"osdisk_ff3ad11d4e\",\r\n        \"createOption\": \"FromImage\",\r\n        \"vhd\":
        {\r\n          \"uri\": \"https://vhdstorageff3ad11d4e3003.blob.core.windows.net/vhds/osdisk_ff3ad11d4e.vhd\"\r\n
        \       },\r\n        \"caching\": \"ReadWrite\",\r\n        \"deleteOption\":
        \"Detach\",\r\n        \"diskSizeGB\": 30\r\n      },\r\n      \"dataDisks\":
        []\r\n    },\r\n    \"osProfile\": {\r\n      \"computerName\": \"vm-generalize\",\r\n
        \     \"adminUsername\": \"debian\",\r\n      \"linuxConfiguration\": {\r\n
        \       \"disablePasswordAuthentication\": false,\r\n        \"provisionVMAgent\":
        true,\r\n        \"patchSettings\": {\r\n          \"patchMode\": \"ImageDefault\",\r\n
        \         \"assessmentMode\": \"ImageDefault\"\r\n        }\r\n      },\r\n
        \     \"secrets\": [],\r\n      \"allowExtensionOperations\": true,\r\n      \"requireGuestProvisionSignal\":
        true\r\n    },\r\n    \"networkProfile\": {\"networkInterfaces\":[{\"id\":\"/subscriptions/00000000-0000-0000-0000-000000000000/resourceGroups/cli_test_generalize_vm_debian000001/providers/Microsoft.Network/networkInterfaces/vm-generalizeVMNic\"}]},\r\n
        \   \"instanceView\": {\r\n      \"computerName\": \"vm-generalize\",\r\n
        \     \"osName\": \"debian\",\r\n      \"osVersion\": \"10.13\",\r\n      \"vmAgent\":
        {\r\n        \"vmAgentVersion\": \"2.2.45\",\r\n        \"statuses\": [\r\n
        \         {\r\n            \"code\": \"ProvisioningState/succeeded\",\r\n
        \           \"level\": \"Info\",\r\n            \"displayStatus\": \"Ready\",\r\n
        \           \"message\": \"Guest Agent is running\",\r\n            \"time\":
        \"2024-06-11T08:22:03+00:00\"\r\n          }\r\n        ],\r\n        \"extensionHandlers\":
        []\r\n      },\r\n      \"disks\": [\r\n        {\r\n          \"name\": \"osdisk_ff3ad11d4e\",\r\n
        \         \"statuses\": [\r\n            {\r\n              \"code\": \"ProvisioningState/succeeded\",\r\n
        \             \"level\": \"Info\",\r\n              \"displayStatus\": \"Provisioning
        succeeded\",\r\n              \"time\": \"2024-06-11T08:21:24.161151+00:00\"\r\n
        \           }\r\n          ]\r\n        }\r\n      ],\r\n      \"hyperVGeneration\":
        \"V1\",\r\n      \"statuses\": [\r\n        {\r\n          \"code\": \"ProvisioningState/succeeded\",\r\n
        \         \"level\": \"Info\",\r\n          \"displayStatus\": \"Provisioning
        succeeded\",\r\n          \"time\": \"2024-06-11T08:21:56.020788+00:00\"\r\n
        \       },\r\n        {\r\n          \"code\": \"PowerState/running\",\r\n
        \         \"level\": \"Info\",\r\n          \"displayStatus\": \"VM running\"\r\n
        \       }\r\n      ]\r\n    },\r\n    \"timeCreated\": \"2024-06-11T08:21:23.7392732+00:00\"\r\n
        \ }\r\n}"
    headers:
      cache-control:
      - no-cache
      content-length:
      - '3097'
      content-type:
      - application/json; charset=utf-8
      date:
      - Tue, 11 Jun 2024 08:22:26 GMT
      expires:
      - '-1'
      pragma:
      - no-cache
      strict-transport-security:
      - max-age=31536000; includeSubDomains
      x-cache:
      - CONFIG_NOCACHE
      x-content-type-options:
      - nosniff
      x-ms-ratelimit-remaining-resource:
      - Microsoft.Compute/LowCostGetSubscriptionMaximum;23993,Microsoft.Compute/LowCostGetResource;33
      x-ms-ratelimit-remaining-subscription-global-reads:
      - '3749'
      x-msedge-ref:
      - 'Ref A: AE8D5FD6313C420CA7CCD3EEC522C6C8 Ref B: MNZ221060610051 Ref C: 2024-06-11T08:22:27Z'
    status:
      code: 200
      message: ''
- request:
    body: null
    headers:
      Accept:
      - application/json
      Accept-Encoding:
      - gzip, deflate
      CommandName:
      - vm create
      Connection:
      - keep-alive
      ParameterSetName:
      - -g -n --admin-username --image --admin-password --authentication-type --use-unmanaged-disk
        --nsg-rule
      User-Agent:
      - AZURECLI/2.61.0 azsdk-python-core/1.30.2 Python/3.10.14 (Linux-5.15.0-1064-azure-x86_64-with-glibc2.31)
        VSTS_7b238909-6802-4b65-b90d-184bca47f458_build_220_0
    method: GET
    uri: https://management.azure.com/subscriptions/00000000-0000-0000-0000-000000000000/resourceGroups/cli_test_generalize_vm_debian000001/providers/Microsoft.Network/networkInterfaces/vm-generalizeVMNic?api-version=2022-01-01
  response:
    body:
      string: "{\r\n  \"name\": \"vm-generalizeVMNic\",\r\n  \"id\": \"/subscriptions/00000000-0000-0000-0000-000000000000/resourceGroups/cli_test_generalize_vm_debian000001/providers/Microsoft.Network/networkInterfaces/vm-generalizeVMNic\",\r\n
        \ \"etag\": \"W/\\\"96829578-d0bb-4b0f-8983-8821e6ee766d\\\"\",\r\n  \"tags\":
        {},\r\n  \"properties\": {\r\n    \"provisioningState\": \"Succeeded\",\r\n
        \   \"resourceGuid\": \"3e9a1e24-b184-4edf-81a2-6ec910fc8ba0\",\r\n    \"ipConfigurations\":
        [\r\n      {\r\n        \"name\": \"ipconfigvm-generalize\",\r\n        \"id\":
        \"/subscriptions/00000000-0000-0000-0000-000000000000/resourceGroups/cli_test_generalize_vm_debian000001/providers/Microsoft.Network/networkInterfaces/vm-generalizeVMNic/ipConfigurations/ipconfigvm-generalize\",\r\n
        \       \"etag\": \"W/\\\"96829578-d0bb-4b0f-8983-8821e6ee766d\\\"\",\r\n
        \       \"type\": \"Microsoft.Network/networkInterfaces/ipConfigurations\",\r\n
        \       \"properties\": {\r\n          \"provisioningState\": \"Succeeded\",\r\n
        \         \"privateIPAddress\": \"10.0.0.4\",\r\n          \"privateIPAllocationMethod\":
        \"Dynamic\",\r\n          \"publicIPAddress\": {\r\n            \"id\": \"/subscriptions/00000000-0000-0000-0000-000000000000/resourceGroups/cli_test_generalize_vm_debian000001/providers/Microsoft.Network/publicIPAddresses/vm-generalizePublicIP\"\r\n
        \         },\r\n          \"subnet\": {\r\n            \"id\": \"/subscriptions/00000000-0000-0000-0000-000000000000/resourceGroups/cli_test_generalize_vm_debian000001/providers/Microsoft.Network/virtualNetworks/vm-generalizeVNET/subnets/vm-generalizeSubnet\"\r\n
        \         },\r\n          \"primary\": true,\r\n          \"privateIPAddressVersion\":
        \"IPv4\"\r\n        }\r\n      }\r\n    ],\r\n    \"dnsSettings\": {\r\n      \"dnsServers\":
        [],\r\n      \"appliedDnsServers\": [],\r\n      \"internalDomainNameSuffix\":
        \"5kkxhikpvixuvfje0p3v3shirh.dx.internal.cloudapp.net\"\r\n    },\r\n    \"macAddress\":
        \"00-22-48-03-F3-9B\",\r\n    \"vnetEncryptionSupported\": false,\r\n    \"enableIPForwarding\":
        false,\r\n    \"networkSecurityGroup\": {\r\n      \"id\": \"/subscriptions/00000000-0000-0000-0000-000000000000/resourceGroups/cli_test_generalize_vm_debian000001/providers/Microsoft.Network/networkSecurityGroups/vm-generalizeNSG\"\r\n
        \   },\r\n    \"primary\": true,\r\n    \"virtualMachine\": {\r\n      \"id\":
        \"/subscriptions/00000000-0000-0000-0000-000000000000/resourceGroups/cli_test_generalize_vm_debian000001/providers/Microsoft.Compute/virtualMachines/vm-generalize\"\r\n
        \   },\r\n    \"hostedWorkloads\": [],\r\n    \"tapConfigurations\": [],\r\n
        \   \"nicType\": \"Standard\",\r\n    \"allowPort25Out\": true,\r\n    \"auxiliaryMode\":
        \"None\"\r\n  },\r\n  \"type\": \"Microsoft.Network/networkInterfaces\",\r\n
        \ \"location\": \"westus\",\r\n  \"kind\": \"Regular\"\r\n}"
    headers:
      cache-control:
      - no-cache
      content-length:
      - '2591'
      content-type:
      - application/json; charset=utf-8
      date:
      - Tue, 11 Jun 2024 08:22:27 GMT
      etag:
      - W/"96829578-d0bb-4b0f-8983-8821e6ee766d"
      expires:
      - '-1'
      pragma:
      - no-cache
      strict-transport-security:
      - max-age=31536000; includeSubDomains
      x-cache:
      - CONFIG_NOCACHE
      x-content-type-options:
      - nosniff
      x-ms-arm-service-request-id:
      - 67291afa-6400-4ab1-ba4a-b1b59a444a4e
      x-ms-ratelimit-remaining-subscription-global-reads:
      - '3749'
      x-msedge-ref:
      - 'Ref A: A40F29F5CC4C443DBE3696CCF5FD7614 Ref B: MNZ221060619017 Ref C: 2024-06-11T08:22:27Z'
    status:
      code: 200
      message: OK
- request:
    body: null
    headers:
      Accept:
      - application/json
      Accept-Encoding:
      - gzip, deflate
      CommandName:
      - vm create
      Connection:
      - keep-alive
      ParameterSetName:
      - -g -n --admin-username --image --admin-password --authentication-type --use-unmanaged-disk
        --nsg-rule
      User-Agent:
      - AZURECLI/2.61.0 azsdk-python-core/1.30.2 Python/3.10.14 (Linux-5.15.0-1064-azure-x86_64-with-glibc2.31)
        VSTS_7b238909-6802-4b65-b90d-184bca47f458_build_220_0
    method: GET
    uri: https://management.azure.com/subscriptions/00000000-0000-0000-0000-000000000000/resourceGroups/cli_test_generalize_vm_debian000001/providers/Microsoft.Network/publicIPAddresses/vm-generalizePublicIP?api-version=2022-01-01
  response:
    body:
      string: "{\r\n  \"name\": \"vm-generalizePublicIP\",\r\n  \"id\": \"/subscriptions/00000000-0000-0000-0000-000000000000/resourceGroups/cli_test_generalize_vm_debian000001/providers/Microsoft.Network/publicIPAddresses/vm-generalizePublicIP\",\r\n
        \ \"etag\": \"W/\\\"ff7f7bea-f189-442b-9f42-b0904e27fe6c\\\"\",\r\n  \"location\":
        \"westus\",\r\n  \"tags\": {},\r\n  \"properties\": {\r\n    \"provisioningState\":
        \"Succeeded\",\r\n    \"resourceGuid\": \"e446f378-da58-4934-92db-9a2814086415\",\r\n
        \   \"ipAddress\": \"13.93.211.200\",\r\n    \"publicIPAddressVersion\": \"IPv4\",\r\n
        \   \"publicIPAllocationMethod\": \"Static\",\r\n    \"idleTimeoutInMinutes\":
        4,\r\n    \"ipTags\": [],\r\n    \"ipConfiguration\": {\r\n      \"id\": \"/subscriptions/00000000-0000-0000-0000-000000000000/resourceGroups/cli_test_generalize_vm_debian000001/providers/Microsoft.Network/networkInterfaces/vm-generalizeVMNic/ipConfigurations/ipconfigvm-generalize\"\r\n
        \   }\r\n  },\r\n  \"type\": \"Microsoft.Network/publicIPAddresses\",\r\n
        \ \"sku\": {\r\n    \"name\": \"Standard\",\r\n    \"tier\": \"Regional\"\r\n
        \ }\r\n}"
    headers:
      cache-control:
      - no-cache
      content-length:
      - '984'
      content-type:
      - application/json; charset=utf-8
      date:
      - Tue, 11 Jun 2024 08:22:27 GMT
      etag:
      - W/"ff7f7bea-f189-442b-9f42-b0904e27fe6c"
      expires:
      - '-1'
      pragma:
      - no-cache
      strict-transport-security:
      - max-age=31536000; includeSubDomains
      x-cache:
      - CONFIG_NOCACHE
      x-content-type-options:
      - nosniff
      x-ms-arm-service-request-id:
      - 4a300888-9981-4c67-8376-f3e61809f8af
      x-ms-ratelimit-remaining-subscription-global-reads:
      - '3749'
      x-msedge-ref:
      - 'Ref A: 4E624AB6CE03428FBFAA0FD32D472AA3 Ref B: MNZ221060608025 Ref C: 2024-06-11T08:22:27Z'
    status:
      code: 200
      message: OK
- request:
    body: null
    headers:
      Accept:
      - application/json
      Accept-Encoding:
      - gzip, deflate
      CommandName:
      - vm stop
      Connection:
      - keep-alive
      Content-Length:
      - '0'
      ParameterSetName:
      - -g -n
      User-Agent:
      - AZURECLI/2.61.0 azsdk-python-core/1.30.2 Python/3.10.14 (Linux-5.15.0-1064-azure-x86_64-with-glibc2.31)
        VSTS_7b238909-6802-4b65-b90d-184bca47f458_build_220_0
    method: POST
    uri: https://management.azure.com/subscriptions/00000000-0000-0000-0000-000000000000/resourceGroups/cli_test_generalize_vm_debian000001/providers/Microsoft.Compute/virtualMachines/vm-generalize/powerOff?skipShutdown=false&api-version=2024-03-01
  response:
    body:
      string: ''
    headers:
      azure-asyncnotification:
      - Enabled
      azure-asyncoperation:
      - https://management.azure.com/subscriptions/00000000-0000-0000-0000-000000000000/providers/Microsoft.Compute/locations/westus/operations/d04be195-9613-46ee-87ce-cc61bea2db79?p=571046f6-b640-41c1-86f7-f9f044b5adf9&api-version=2024-03-01&t=638536909489609291&c=MIIHhzCCBm-gAwIBAgITfATUDnhanTLRPeyZxwAABNQOeDANBgkqhkiG9w0BAQsFADBEMRMwEQYKCZImiZPyLGQBGRYDR0JMMRMwEQYKCZImiZPyLGQBGRYDQU1FMRgwFgYDVQQDEw9BTUUgSW5mcmEgQ0EgMDUwHhcNMjQwNTA5MTgwOTM3WhcNMjUwNTA0MTgwOTM3WjBAMT4wPAYDVQQDEzVhc3luY29wZXJhdGlvbnNpZ25pbmdjZXJ0aWZpY2F0ZS5tYW5hZ2VtZW50LmF6dXJlLmNvbTCCASIwDQYJKoZIhvcNAQEBBQADggEPADCCAQoCggEBAL9dgMYYraJFlILLieCu28kujI4Eh_o_VNUMODlVyQkeY76IALT8f-X5D0AbgZujawag12jT_t6b5XuEUL5d-K_TBnvCQbYD9roAD-qWL6Aw7DznLoWvMoAX4tn8ngoKup3mxnKUPJ9c09dr_CTsE6QjpcT4DYzTZ0jQ_Nsi7kY20vZZLm1FsTuPzkG8N4XnapOt6O2JPSgdtRa68z-kHJia0Z0zfCVBpqN4T4a_depQa2MOOXTmsPmm6J4GRhj6UdTJZ1TyBGGI3MmjNY6ih6M6NilZJWZuQXuNG1LQ_PonDW8K_rfK2zzobonkASWw2_T1KI_w2cZ2zfPKmQ0gmgECAwEAAaOCBHQwggRwMCcGCSsGAQQBgjcVCgQaMBgwCgYIKwYBBQUHAwEwCgYIKwYBBQUHAwIwPQYJKwYBBAGCNxUHBDAwLgYmKwYBBAGCNxUIhpDjDYTVtHiE8Ys-hZvdFs6dEoFggvX2K4Py0SACAWQCAQowggHLBggrBgEFBQcBAQSCAb0wggG5MGMGCCsGAQUFBzAChldodHRwOi8vY3JsLm1pY3Jvc29mdC5jb20vcGtpaW5mcmEvQ2VydHMvQ08xUEtJSU5UQ0EwMS5BTUUuR0JMX0FNRSUyMEluZnJhJTIwQ0ElMjAwNS5jcnQwUwYIKwYBBQUHMAKGR2h0dHA6Ly9jcmwxLmFtZS5nYmwvYWlhL0NPMVBLSUlOVENBMDEuQU1FLkdCTF9BTUUlMjBJbmZyYSUyMENBJTIwMDUuY3J0MFMGCCsGAQUFBzAChkdodHRwOi8vY3JsMi5hbWUuZ2JsL2FpYS9DTzFQS0lJTlRDQTAxLkFNRS5HQkxfQU1FJTIwSW5mcmElMjBDQSUyMDA1LmNydDBTBggrBgEFBQcwAoZHaHR0cDovL2NybDMuYW1lLmdibC9haWEvQ08xUEtJSU5UQ0EwMS5BTUUuR0JMX0FNRSUyMEluZnJhJTIwQ0ElMjAwNS5jcnQwUwYIKwYBBQUHMAKGR2h0dHA6Ly9jcmw0LmFtZS5nYmwvYWlhL0NPMVBLSUlOVENBMDEuQU1FLkdCTF9BTUUlMjBJbmZyYSUyMENBJTIwMDUuY3J0MB0GA1UdDgQWBBQ0oC1JLwjJEgoy_O3BM9Aysxec-zAOBgNVHQ8BAf8EBAMCBaAwggEmBgNVHR8EggEdMIIBGTCCARWgggERoIIBDYY_aHR0cDovL2NybC5taWNyb3NvZnQuY29tL3BraWluZnJhL0NSTC9BTUUlMjBJbmZyYSUyMENBJTIwMDUuY3JshjFodHRwOi8vY3JsMS5hbWUuZ2JsL2NybC9BTUUlMjBJbmZyYSUyMENBJTIwMDUuY3JshjFodHRwOi8vY3JsMi5hbWUuZ2JsL2NybC9BTUUlMjBJbmZyYSUyMENBJTIwMDUuY3JshjFodHRwOi8vY3JsMy5hbWUuZ2JsL2NybC9BTUUlMjBJbmZyYSUyMENBJTIwMDUuY3JshjFodHRwOi8vY3JsNC5hbWUuZ2JsL2NybC9BTUUlMjBJbmZyYSUyMENBJTIwMDUuY3JsMIGdBgNVHSAEgZUwgZIwDAYKKwYBBAGCN3sBATBmBgorBgEEAYI3ewICMFgwVgYIKwYBBQUHAgIwSh5IADMAMwBlADAAMQA5ADIAMQAtADQAZAA2ADQALQA0AGYAOABjAC0AYQAwADUANQAtADUAYgBkAGEAZgBmAGQANQBlADMAMwBkMAwGCisGAQQBgjd7AwEwDAYKKwYBBAGCN3sEATAfBgNVHSMEGDAWgBR61hmFKHlscXYeYPjzS--iBUIWHTAdBgNVHSUEFjAUBggrBgEFBQcDAQYIKwYBBQUHAwIwDQYJKoZIhvcNAQELBQADggEBAKmdEkN139jjyWGgskuB6Q35Ep2Jp3LPYmDiGCQVK9zV5p9kGfLrkDKSVEEGOH-AksWiTEIXxH5ZOy8fVqSKEe8BydTnXSO9lbxRaaQibKWF1fTtYRKN6YOozt99yCKw5sqGkb9SB_oh50FwQuU1YTRn8qe0mUUZpnwuwvmbzS_wMVe697AdCN-ESVj7wMY8b8RU7T_JvGut6od_TePFeYcFpaqrghoBAqm49_W2fk3UfBh3GdrURTsdOc6eyQnUmoqHwYA09HljPJO3jytAAqxWtAg9VPYSTpTpzefLo5SV1xK_p16S4TMOikHK6CMyLKwKYSBIZoFMsQAlEXLg_ao&s=lb5SFF270cENMBGMYUEc1P3FVRkRZEW0YPwCkzZMyx_lhi39I9G58jrvfn_5BkhSGOdtdl_FXSnxnDRUmZEn60bCRlyEeCQvkVKwyQDuo3cXEfiAeuLWNt5zcqvp1yPv5u-3QtOwIbjcV-zaOqCOExVqrSuq6JdJ-OKAlabDpS7gE3SCFx7V2Aser3gNZS6-xoPNGGP4PdVQe7Q5rPuVJUVN4eF9SG_mYdwyWNp7hySAhGwhUbD4eldBbGcytcvHJTI60B2EsaMgSX3VH6Yd0wB92l8Zx2XXWZk0MEZ9FxX8uBZ0Oz-sgkf1hMhxkur5claWIqVGMkHYhxm85lY3Hg&h=9-xzcqkTGp-jeeS923-SmI8443MACsLhPAj-HOBxNEk
      cache-control:
      - no-cache
      content-length:
      - '0'
      date:
      - Tue, 11 Jun 2024 08:22:28 GMT
      expires:
      - '-1'
      location:
      - https://management.azure.com/subscriptions/00000000-0000-0000-0000-000000000000/providers/Microsoft.Compute/locations/westus/operations/d04be195-9613-46ee-87ce-cc61bea2db79?p=571046f6-b640-41c1-86f7-f9f044b5adf9&monitor=true&api-version=2024-03-01&t=638536909489765554&c=MIIHhzCCBm-gAwIBAgITfATUDnhanTLRPeyZxwAABNQOeDANBgkqhkiG9w0BAQsFADBEMRMwEQYKCZImiZPyLGQBGRYDR0JMMRMwEQYKCZImiZPyLGQBGRYDQU1FMRgwFgYDVQQDEw9BTUUgSW5mcmEgQ0EgMDUwHhcNMjQwNTA5MTgwOTM3WhcNMjUwNTA0MTgwOTM3WjBAMT4wPAYDVQQDEzVhc3luY29wZXJhdGlvbnNpZ25pbmdjZXJ0aWZpY2F0ZS5tYW5hZ2VtZW50LmF6dXJlLmNvbTCCASIwDQYJKoZIhvcNAQEBBQADggEPADCCAQoCggEBAL9dgMYYraJFlILLieCu28kujI4Eh_o_VNUMODlVyQkeY76IALT8f-X5D0AbgZujawag12jT_t6b5XuEUL5d-K_TBnvCQbYD9roAD-qWL6Aw7DznLoWvMoAX4tn8ngoKup3mxnKUPJ9c09dr_CTsE6QjpcT4DYzTZ0jQ_Nsi7kY20vZZLm1FsTuPzkG8N4XnapOt6O2JPSgdtRa68z-kHJia0Z0zfCVBpqN4T4a_depQa2MOOXTmsPmm6J4GRhj6UdTJZ1TyBGGI3MmjNY6ih6M6NilZJWZuQXuNG1LQ_PonDW8K_rfK2zzobonkASWw2_T1KI_w2cZ2zfPKmQ0gmgECAwEAAaOCBHQwggRwMCcGCSsGAQQBgjcVCgQaMBgwCgYIKwYBBQUHAwEwCgYIKwYBBQUHAwIwPQYJKwYBBAGCNxUHBDAwLgYmKwYBBAGCNxUIhpDjDYTVtHiE8Ys-hZvdFs6dEoFggvX2K4Py0SACAWQCAQowggHLBggrBgEFBQcBAQSCAb0wggG5MGMGCCsGAQUFBzAChldodHRwOi8vY3JsLm1pY3Jvc29mdC5jb20vcGtpaW5mcmEvQ2VydHMvQ08xUEtJSU5UQ0EwMS5BTUUuR0JMX0FNRSUyMEluZnJhJTIwQ0ElMjAwNS5jcnQwUwYIKwYBBQUHMAKGR2h0dHA6Ly9jcmwxLmFtZS5nYmwvYWlhL0NPMVBLSUlOVENBMDEuQU1FLkdCTF9BTUUlMjBJbmZyYSUyMENBJTIwMDUuY3J0MFMGCCsGAQUFBzAChkdodHRwOi8vY3JsMi5hbWUuZ2JsL2FpYS9DTzFQS0lJTlRDQTAxLkFNRS5HQkxfQU1FJTIwSW5mcmElMjBDQSUyMDA1LmNydDBTBggrBgEFBQcwAoZHaHR0cDovL2NybDMuYW1lLmdibC9haWEvQ08xUEtJSU5UQ0EwMS5BTUUuR0JMX0FNRSUyMEluZnJhJTIwQ0ElMjAwNS5jcnQwUwYIKwYBBQUHMAKGR2h0dHA6Ly9jcmw0LmFtZS5nYmwvYWlhL0NPMVBLSUlOVENBMDEuQU1FLkdCTF9BTUUlMjBJbmZyYSUyMENBJTIwMDUuY3J0MB0GA1UdDgQWBBQ0oC1JLwjJEgoy_O3BM9Aysxec-zAOBgNVHQ8BAf8EBAMCBaAwggEmBgNVHR8EggEdMIIBGTCCARWgggERoIIBDYY_aHR0cDovL2NybC5taWNyb3NvZnQuY29tL3BraWluZnJhL0NSTC9BTUUlMjBJbmZyYSUyMENBJTIwMDUuY3JshjFodHRwOi8vY3JsMS5hbWUuZ2JsL2NybC9BTUUlMjBJbmZyYSUyMENBJTIwMDUuY3JshjFodHRwOi8vY3JsMi5hbWUuZ2JsL2NybC9BTUUlMjBJbmZyYSUyMENBJTIwMDUuY3JshjFodHRwOi8vY3JsMy5hbWUuZ2JsL2NybC9BTUUlMjBJbmZyYSUyMENBJTIwMDUuY3JshjFodHRwOi8vY3JsNC5hbWUuZ2JsL2NybC9BTUUlMjBJbmZyYSUyMENBJTIwMDUuY3JsMIGdBgNVHSAEgZUwgZIwDAYKKwYBBAGCN3sBATBmBgorBgEEAYI3ewICMFgwVgYIKwYBBQUHAgIwSh5IADMAMwBlADAAMQA5ADIAMQAtADQAZAA2ADQALQA0AGYAOABjAC0AYQAwADUANQAtADUAYgBkAGEAZgBmAGQANQBlADMAMwBkMAwGCisGAQQBgjd7AwEwDAYKKwYBBAGCN3sEATAfBgNVHSMEGDAWgBR61hmFKHlscXYeYPjzS--iBUIWHTAdBgNVHSUEFjAUBggrBgEFBQcDAQYIKwYBBQUHAwIwDQYJKoZIhvcNAQELBQADggEBAKmdEkN139jjyWGgskuB6Q35Ep2Jp3LPYmDiGCQVK9zV5p9kGfLrkDKSVEEGOH-AksWiTEIXxH5ZOy8fVqSKEe8BydTnXSO9lbxRaaQibKWF1fTtYRKN6YOozt99yCKw5sqGkb9SB_oh50FwQuU1YTRn8qe0mUUZpnwuwvmbzS_wMVe697AdCN-ESVj7wMY8b8RU7T_JvGut6od_TePFeYcFpaqrghoBAqm49_W2fk3UfBh3GdrURTsdOc6eyQnUmoqHwYA09HljPJO3jytAAqxWtAg9VPYSTpTpzefLo5SV1xK_p16S4TMOikHK6CMyLKwKYSBIZoFMsQAlEXLg_ao&s=NH4EaPLssIO9I9klVH8WzVbWMt1Ra__XaRLqbyPcQxcvII4vQOmLmB7bI6CAbqL3Ipn6ysMCYyv3VICR4J-xRr6nA3GvJ-eV9Tt3Bwy6stKUJaNdF8gitRA0r8s4da1wL7JSmEYi1-XHWfSP5TZlCT1CTYladdcMXjaCtlAHXypk7cCqqpobJDJgyW8SUIFjLCjhY2ZJEiUiFzjrMdqdu8kOpG4G9WC8I0cNagYFqVfdTNgWdooVuoHreFZy0m1RCrpsMU_LTzR0cKYTpI_kiXdM6mPoe5gnZR-Et6KwJ55ydJkzk9v6Z-d6Z9aEQuRg9Wk91WplAQr3aYEWyX67OQ&h=-pkvoFVdc3QC2wKNcAX0XVPH6hwiuPs3bbmsFxbH2PQ
      pragma:
      - no-cache
      strict-transport-security:
      - max-age=31536000; includeSubDomains
      x-cache:
      - CONFIG_NOCACHE
      x-content-type-options:
      - nosniff
      x-ms-ratelimit-remaining-resource:
      - Microsoft.Compute/UpdateVMSubscriptionMaximum;1499,Microsoft.Compute/UpdateVMResource;11
      x-ms-ratelimit-remaining-subscription-global-writes:
      - '2999'
      x-ms-ratelimit-remaining-subscription-writes:
      - '199'
      x-msedge-ref:
      - 'Ref A: 3A67BEBA363A4A859FD8C83520CCF507 Ref B: MNZ221060609045 Ref C: 2024-06-11T08:22:28Z'
    status:
      code: 202
      message: ''
- request:
    body: null
    headers:
      Accept:
      - '*/*'
      Accept-Encoding:
      - gzip, deflate
      CommandName:
      - vm stop
      Connection:
      - keep-alive
      ParameterSetName:
      - -g -n
      User-Agent:
      - AZURECLI/2.61.0 azsdk-python-core/1.30.2 Python/3.10.14 (Linux-5.15.0-1064-azure-x86_64-with-glibc2.31)
        VSTS_7b238909-6802-4b65-b90d-184bca47f458_build_220_0
    method: GET
    uri: https://management.azure.com/subscriptions/00000000-0000-0000-0000-000000000000/providers/Microsoft.Compute/locations/westus/operations/d04be195-9613-46ee-87ce-cc61bea2db79?p=571046f6-b640-41c1-86f7-f9f044b5adf9&api-version=2024-03-01&t=638536909489609291&c=MIIHhzCCBm-gAwIBAgITfATUDnhanTLRPeyZxwAABNQOeDANBgkqhkiG9w0BAQsFADBEMRMwEQYKCZImiZPyLGQBGRYDR0JMMRMwEQYKCZImiZPyLGQBGRYDQU1FMRgwFgYDVQQDEw9BTUUgSW5mcmEgQ0EgMDUwHhcNMjQwNTA5MTgwOTM3WhcNMjUwNTA0MTgwOTM3WjBAMT4wPAYDVQQDEzVhc3luY29wZXJhdGlvbnNpZ25pbmdjZXJ0aWZpY2F0ZS5tYW5hZ2VtZW50LmF6dXJlLmNvbTCCASIwDQYJKoZIhvcNAQEBBQADggEPADCCAQoCggEBAL9dgMYYraJFlILLieCu28kujI4Eh_o_VNUMODlVyQkeY76IALT8f-X5D0AbgZujawag12jT_t6b5XuEUL5d-K_TBnvCQbYD9roAD-qWL6Aw7DznLoWvMoAX4tn8ngoKup3mxnKUPJ9c09dr_CTsE6QjpcT4DYzTZ0jQ_Nsi7kY20vZZLm1FsTuPzkG8N4XnapOt6O2JPSgdtRa68z-kHJia0Z0zfCVBpqN4T4a_depQa2MOOXTmsPmm6J4GRhj6UdTJZ1TyBGGI3MmjNY6ih6M6NilZJWZuQXuNG1LQ_PonDW8K_rfK2zzobonkASWw2_T1KI_w2cZ2zfPKmQ0gmgECAwEAAaOCBHQwggRwMCcGCSsGAQQBgjcVCgQaMBgwCgYIKwYBBQUHAwEwCgYIKwYBBQUHAwIwPQYJKwYBBAGCNxUHBDAwLgYmKwYBBAGCNxUIhpDjDYTVtHiE8Ys-hZvdFs6dEoFggvX2K4Py0SACAWQCAQowggHLBggrBgEFBQcBAQSCAb0wggG5MGMGCCsGAQUFBzAChldodHRwOi8vY3JsLm1pY3Jvc29mdC5jb20vcGtpaW5mcmEvQ2VydHMvQ08xUEtJSU5UQ0EwMS5BTUUuR0JMX0FNRSUyMEluZnJhJTIwQ0ElMjAwNS5jcnQwUwYIKwYBBQUHMAKGR2h0dHA6Ly9jcmwxLmFtZS5nYmwvYWlhL0NPMVBLSUlOVENBMDEuQU1FLkdCTF9BTUUlMjBJbmZyYSUyMENBJTIwMDUuY3J0MFMGCCsGAQUFBzAChkdodHRwOi8vY3JsMi5hbWUuZ2JsL2FpYS9DTzFQS0lJTlRDQTAxLkFNRS5HQkxfQU1FJTIwSW5mcmElMjBDQSUyMDA1LmNydDBTBggrBgEFBQcwAoZHaHR0cDovL2NybDMuYW1lLmdibC9haWEvQ08xUEtJSU5UQ0EwMS5BTUUuR0JMX0FNRSUyMEluZnJhJTIwQ0ElMjAwNS5jcnQwUwYIKwYBBQUHMAKGR2h0dHA6Ly9jcmw0LmFtZS5nYmwvYWlhL0NPMVBLSUlOVENBMDEuQU1FLkdCTF9BTUUlMjBJbmZyYSUyMENBJTIwMDUuY3J0MB0GA1UdDgQWBBQ0oC1JLwjJEgoy_O3BM9Aysxec-zAOBgNVHQ8BAf8EBAMCBaAwggEmBgNVHR8EggEdMIIBGTCCARWgggERoIIBDYY_aHR0cDovL2NybC5taWNyb3NvZnQuY29tL3BraWluZnJhL0NSTC9BTUUlMjBJbmZyYSUyMENBJTIwMDUuY3JshjFodHRwOi8vY3JsMS5hbWUuZ2JsL2NybC9BTUUlMjBJbmZyYSUyMENBJTIwMDUuY3JshjFodHRwOi8vY3JsMi5hbWUuZ2JsL2NybC9BTUUlMjBJbmZyYSUyMENBJTIwMDUuY3JshjFodHRwOi8vY3JsMy5hbWUuZ2JsL2NybC9BTUUlMjBJbmZyYSUyMENBJTIwMDUuY3JshjFodHRwOi8vY3JsNC5hbWUuZ2JsL2NybC9BTUUlMjBJbmZyYSUyMENBJTIwMDUuY3JsMIGdBgNVHSAEgZUwgZIwDAYKKwYBBAGCN3sBATBmBgorBgEEAYI3ewICMFgwVgYIKwYBBQUHAgIwSh5IADMAMwBlADAAMQA5ADIAMQAtADQAZAA2ADQALQA0AGYAOABjAC0AYQAwADUANQAtADUAYgBkAGEAZgBmAGQANQBlADMAMwBkMAwGCisGAQQBgjd7AwEwDAYKKwYBBAGCN3sEATAfBgNVHSMEGDAWgBR61hmFKHlscXYeYPjzS--iBUIWHTAdBgNVHSUEFjAUBggrBgEFBQcDAQYIKwYBBQUHAwIwDQYJKoZIhvcNAQELBQADggEBAKmdEkN139jjyWGgskuB6Q35Ep2Jp3LPYmDiGCQVK9zV5p9kGfLrkDKSVEEGOH-AksWiTEIXxH5ZOy8fVqSKEe8BydTnXSO9lbxRaaQibKWF1fTtYRKN6YOozt99yCKw5sqGkb9SB_oh50FwQuU1YTRn8qe0mUUZpnwuwvmbzS_wMVe697AdCN-ESVj7wMY8b8RU7T_JvGut6od_TePFeYcFpaqrghoBAqm49_W2fk3UfBh3GdrURTsdOc6eyQnUmoqHwYA09HljPJO3jytAAqxWtAg9VPYSTpTpzefLo5SV1xK_p16S4TMOikHK6CMyLKwKYSBIZoFMsQAlEXLg_ao&s=lb5SFF270cENMBGMYUEc1P3FVRkRZEW0YPwCkzZMyx_lhi39I9G58jrvfn_5BkhSGOdtdl_FXSnxnDRUmZEn60bCRlyEeCQvkVKwyQDuo3cXEfiAeuLWNt5zcqvp1yPv5u-3QtOwIbjcV-zaOqCOExVqrSuq6JdJ-OKAlabDpS7gE3SCFx7V2Aser3gNZS6-xoPNGGP4PdVQe7Q5rPuVJUVN4eF9SG_mYdwyWNp7hySAhGwhUbD4eldBbGcytcvHJTI60B2EsaMgSX3VH6Yd0wB92l8Zx2XXWZk0MEZ9FxX8uBZ0Oz-sgkf1hMhxkur5claWIqVGMkHYhxm85lY3Hg&h=9-xzcqkTGp-jeeS923-SmI8443MACsLhPAj-HOBxNEk
  response:
    body:
      string: "{\r\n  \"startTime\": \"2024-06-11T08:22:28.8804364+00:00\",\r\n  \"status\":
        \"InProgress\",\r\n  \"name\": \"d04be195-9613-46ee-87ce-cc61bea2db79\"\r\n}"
    headers:
      cache-control:
      - no-cache
      content-length:
      - '134'
      content-type:
      - application/json; charset=utf-8
      date:
      - Tue, 11 Jun 2024 08:22:28 GMT
      expires:
      - '-1'
      pragma:
      - no-cache
      strict-transport-security:
      - max-age=31536000; includeSubDomains
      x-cache:
      - CONFIG_NOCACHE
      x-content-type-options:
      - nosniff
      x-ms-ratelimit-remaining-resource:
      - Microsoft.Compute/GetOperationResource;44,Microsoft.Compute/GetOperationSubscriptionMaximum;14993
      x-ms-ratelimit-remaining-subscription-global-reads:
      - '3749'
      x-msedge-ref:
      - 'Ref A: 402B350DEF8645A49A2453BAC65D76A5 Ref B: MNZ221060619023 Ref C: 2024-06-11T08:22:29Z'
    status:
      code: 200
      message: ''
- request:
    body: null
    headers:
      Accept:
      - '*/*'
      Accept-Encoding:
      - gzip, deflate
      CommandName:
      - vm stop
      Connection:
      - keep-alive
      ParameterSetName:
      - -g -n
      User-Agent:
      - AZURECLI/2.61.0 azsdk-python-core/1.30.2 Python/3.10.14 (Linux-5.15.0-1064-azure-x86_64-with-glibc2.31)
        VSTS_7b238909-6802-4b65-b90d-184bca47f458_build_220_0
    method: GET
    uri: https://management.azure.com/subscriptions/00000000-0000-0000-0000-000000000000/providers/Microsoft.Compute/locations/westus/operations/d04be195-9613-46ee-87ce-cc61bea2db79?p=571046f6-b640-41c1-86f7-f9f044b5adf9&api-version=2024-03-01&t=638536909489609291&c=MIIHhzCCBm-gAwIBAgITfATUDnhanTLRPeyZxwAABNQOeDANBgkqhkiG9w0BAQsFADBEMRMwEQYKCZImiZPyLGQBGRYDR0JMMRMwEQYKCZImiZPyLGQBGRYDQU1FMRgwFgYDVQQDEw9BTUUgSW5mcmEgQ0EgMDUwHhcNMjQwNTA5MTgwOTM3WhcNMjUwNTA0MTgwOTM3WjBAMT4wPAYDVQQDEzVhc3luY29wZXJhdGlvbnNpZ25pbmdjZXJ0aWZpY2F0ZS5tYW5hZ2VtZW50LmF6dXJlLmNvbTCCASIwDQYJKoZIhvcNAQEBBQADggEPADCCAQoCggEBAL9dgMYYraJFlILLieCu28kujI4Eh_o_VNUMODlVyQkeY76IALT8f-X5D0AbgZujawag12jT_t6b5XuEUL5d-K_TBnvCQbYD9roAD-qWL6Aw7DznLoWvMoAX4tn8ngoKup3mxnKUPJ9c09dr_CTsE6QjpcT4DYzTZ0jQ_Nsi7kY20vZZLm1FsTuPzkG8N4XnapOt6O2JPSgdtRa68z-kHJia0Z0zfCVBpqN4T4a_depQa2MOOXTmsPmm6J4GRhj6UdTJZ1TyBGGI3MmjNY6ih6M6NilZJWZuQXuNG1LQ_PonDW8K_rfK2zzobonkASWw2_T1KI_w2cZ2zfPKmQ0gmgECAwEAAaOCBHQwggRwMCcGCSsGAQQBgjcVCgQaMBgwCgYIKwYBBQUHAwEwCgYIKwYBBQUHAwIwPQYJKwYBBAGCNxUHBDAwLgYmKwYBBAGCNxUIhpDjDYTVtHiE8Ys-hZvdFs6dEoFggvX2K4Py0SACAWQCAQowggHLBggrBgEFBQcBAQSCAb0wggG5MGMGCCsGAQUFBzAChldodHRwOi8vY3JsLm1pY3Jvc29mdC5jb20vcGtpaW5mcmEvQ2VydHMvQ08xUEtJSU5UQ0EwMS5BTUUuR0JMX0FNRSUyMEluZnJhJTIwQ0ElMjAwNS5jcnQwUwYIKwYBBQUHMAKGR2h0dHA6Ly9jcmwxLmFtZS5nYmwvYWlhL0NPMVBLSUlOVENBMDEuQU1FLkdCTF9BTUUlMjBJbmZyYSUyMENBJTIwMDUuY3J0MFMGCCsGAQUFBzAChkdodHRwOi8vY3JsMi5hbWUuZ2JsL2FpYS9DTzFQS0lJTlRDQTAxLkFNRS5HQkxfQU1FJTIwSW5mcmElMjBDQSUyMDA1LmNydDBTBggrBgEFBQcwAoZHaHR0cDovL2NybDMuYW1lLmdibC9haWEvQ08xUEtJSU5UQ0EwMS5BTUUuR0JMX0FNRSUyMEluZnJhJTIwQ0ElMjAwNS5jcnQwUwYIKwYBBQUHMAKGR2h0dHA6Ly9jcmw0LmFtZS5nYmwvYWlhL0NPMVBLSUlOVENBMDEuQU1FLkdCTF9BTUUlMjBJbmZyYSUyMENBJTIwMDUuY3J0MB0GA1UdDgQWBBQ0oC1JLwjJEgoy_O3BM9Aysxec-zAOBgNVHQ8BAf8EBAMCBaAwggEmBgNVHR8EggEdMIIBGTCCARWgggERoIIBDYY_aHR0cDovL2NybC5taWNyb3NvZnQuY29tL3BraWluZnJhL0NSTC9BTUUlMjBJbmZyYSUyMENBJTIwMDUuY3JshjFodHRwOi8vY3JsMS5hbWUuZ2JsL2NybC9BTUUlMjBJbmZyYSUyMENBJTIwMDUuY3JshjFodHRwOi8vY3JsMi5hbWUuZ2JsL2NybC9BTUUlMjBJbmZyYSUyMENBJTIwMDUuY3JshjFodHRwOi8vY3JsMy5hbWUuZ2JsL2NybC9BTUUlMjBJbmZyYSUyMENBJTIwMDUuY3JshjFodHRwOi8vY3JsNC5hbWUuZ2JsL2NybC9BTUUlMjBJbmZyYSUyMENBJTIwMDUuY3JsMIGdBgNVHSAEgZUwgZIwDAYKKwYBBAGCN3sBATBmBgorBgEEAYI3ewICMFgwVgYIKwYBBQUHAgIwSh5IADMAMwBlADAAMQA5ADIAMQAtADQAZAA2ADQALQA0AGYAOABjAC0AYQAwADUANQAtADUAYgBkAGEAZgBmAGQANQBlADMAMwBkMAwGCisGAQQBgjd7AwEwDAYKKwYBBAGCN3sEATAfBgNVHSMEGDAWgBR61hmFKHlscXYeYPjzS--iBUIWHTAdBgNVHSUEFjAUBggrBgEFBQcDAQYIKwYBBQUHAwIwDQYJKoZIhvcNAQELBQADggEBAKmdEkN139jjyWGgskuB6Q35Ep2Jp3LPYmDiGCQVK9zV5p9kGfLrkDKSVEEGOH-AksWiTEIXxH5ZOy8fVqSKEe8BydTnXSO9lbxRaaQibKWF1fTtYRKN6YOozt99yCKw5sqGkb9SB_oh50FwQuU1YTRn8qe0mUUZpnwuwvmbzS_wMVe697AdCN-ESVj7wMY8b8RU7T_JvGut6od_TePFeYcFpaqrghoBAqm49_W2fk3UfBh3GdrURTsdOc6eyQnUmoqHwYA09HljPJO3jytAAqxWtAg9VPYSTpTpzefLo5SV1xK_p16S4TMOikHK6CMyLKwKYSBIZoFMsQAlEXLg_ao&s=lb5SFF270cENMBGMYUEc1P3FVRkRZEW0YPwCkzZMyx_lhi39I9G58jrvfn_5BkhSGOdtdl_FXSnxnDRUmZEn60bCRlyEeCQvkVKwyQDuo3cXEfiAeuLWNt5zcqvp1yPv5u-3QtOwIbjcV-zaOqCOExVqrSuq6JdJ-OKAlabDpS7gE3SCFx7V2Aser3gNZS6-xoPNGGP4PdVQe7Q5rPuVJUVN4eF9SG_mYdwyWNp7hySAhGwhUbD4eldBbGcytcvHJTI60B2EsaMgSX3VH6Yd0wB92l8Zx2XXWZk0MEZ9FxX8uBZ0Oz-sgkf1hMhxkur5claWIqVGMkHYhxm85lY3Hg&h=9-xzcqkTGp-jeeS923-SmI8443MACsLhPAj-HOBxNEk
  response:
    body:
      string: "{\r\n  \"startTime\": \"2024-06-11T08:22:28.8804364+00:00\",\r\n  \"endTime\":
        \"2024-06-11T08:22:41.0055333+00:00\",\r\n  \"status\": \"Succeeded\",\r\n
        \ \"name\": \"d04be195-9613-46ee-87ce-cc61bea2db79\"\r\n}"
    headers:
      cache-control:
      - no-cache
      content-length:
      - '184'
      content-type:
      - application/json; charset=utf-8
      date:
      - Tue, 11 Jun 2024 08:22:59 GMT
      expires:
      - '-1'
      pragma:
      - no-cache
      strict-transport-security:
      - max-age=31536000; includeSubDomains
      x-cache:
      - CONFIG_NOCACHE
      x-content-type-options:
      - nosniff
      x-ms-ratelimit-remaining-resource:
      - Microsoft.Compute/GetOperationResource;42,Microsoft.Compute/GetOperationSubscriptionMaximum;14998
      x-ms-ratelimit-remaining-subscription-global-reads:
      - '3749'
      x-msedge-ref:
      - 'Ref A: D2022F9A12864FC6BCDA7677BA25A556 Ref B: MNZ221060608039 Ref C: 2024-06-11T08:22:59Z'
    status:
      code: 200
      message: ''
- request:
    body: null
    headers:
      Accept:
      - '*/*'
      Accept-Encoding:
      - gzip, deflate
      CommandName:
      - vm stop
      Connection:
      - keep-alive
      ParameterSetName:
      - -g -n
      User-Agent:
      - AZURECLI/2.61.0 azsdk-python-core/1.30.2 Python/3.10.14 (Linux-5.15.0-1064-azure-x86_64-with-glibc2.31)
        VSTS_7b238909-6802-4b65-b90d-184bca47f458_build_220_0
    method: GET
    uri: https://management.azure.com/subscriptions/00000000-0000-0000-0000-000000000000/providers/Microsoft.Compute/locations/westus/operations/d04be195-9613-46ee-87ce-cc61bea2db79?p=571046f6-b640-41c1-86f7-f9f044b5adf9&monitor=true&api-version=2024-03-01&t=638536909489765554&c=MIIHhzCCBm-gAwIBAgITfATUDnhanTLRPeyZxwAABNQOeDANBgkqhkiG9w0BAQsFADBEMRMwEQYKCZImiZPyLGQBGRYDR0JMMRMwEQYKCZImiZPyLGQBGRYDQU1FMRgwFgYDVQQDEw9BTUUgSW5mcmEgQ0EgMDUwHhcNMjQwNTA5MTgwOTM3WhcNMjUwNTA0MTgwOTM3WjBAMT4wPAYDVQQDEzVhc3luY29wZXJhdGlvbnNpZ25pbmdjZXJ0aWZpY2F0ZS5tYW5hZ2VtZW50LmF6dXJlLmNvbTCCASIwDQYJKoZIhvcNAQEBBQADggEPADCCAQoCggEBAL9dgMYYraJFlILLieCu28kujI4Eh_o_VNUMODlVyQkeY76IALT8f-X5D0AbgZujawag12jT_t6b5XuEUL5d-K_TBnvCQbYD9roAD-qWL6Aw7DznLoWvMoAX4tn8ngoKup3mxnKUPJ9c09dr_CTsE6QjpcT4DYzTZ0jQ_Nsi7kY20vZZLm1FsTuPzkG8N4XnapOt6O2JPSgdtRa68z-kHJia0Z0zfCVBpqN4T4a_depQa2MOOXTmsPmm6J4GRhj6UdTJZ1TyBGGI3MmjNY6ih6M6NilZJWZuQXuNG1LQ_PonDW8K_rfK2zzobonkASWw2_T1KI_w2cZ2zfPKmQ0gmgECAwEAAaOCBHQwggRwMCcGCSsGAQQBgjcVCgQaMBgwCgYIKwYBBQUHAwEwCgYIKwYBBQUHAwIwPQYJKwYBBAGCNxUHBDAwLgYmKwYBBAGCNxUIhpDjDYTVtHiE8Ys-hZvdFs6dEoFggvX2K4Py0SACAWQCAQowggHLBggrBgEFBQcBAQSCAb0wggG5MGMGCCsGAQUFBzAChldodHRwOi8vY3JsLm1pY3Jvc29mdC5jb20vcGtpaW5mcmEvQ2VydHMvQ08xUEtJSU5UQ0EwMS5BTUUuR0JMX0FNRSUyMEluZnJhJTIwQ0ElMjAwNS5jcnQwUwYIKwYBBQUHMAKGR2h0dHA6Ly9jcmwxLmFtZS5nYmwvYWlhL0NPMVBLSUlOVENBMDEuQU1FLkdCTF9BTUUlMjBJbmZyYSUyMENBJTIwMDUuY3J0MFMGCCsGAQUFBzAChkdodHRwOi8vY3JsMi5hbWUuZ2JsL2FpYS9DTzFQS0lJTlRDQTAxLkFNRS5HQkxfQU1FJTIwSW5mcmElMjBDQSUyMDA1LmNydDBTBggrBgEFBQcwAoZHaHR0cDovL2NybDMuYW1lLmdibC9haWEvQ08xUEtJSU5UQ0EwMS5BTUUuR0JMX0FNRSUyMEluZnJhJTIwQ0ElMjAwNS5jcnQwUwYIKwYBBQUHMAKGR2h0dHA6Ly9jcmw0LmFtZS5nYmwvYWlhL0NPMVBLSUlOVENBMDEuQU1FLkdCTF9BTUUlMjBJbmZyYSUyMENBJTIwMDUuY3J0MB0GA1UdDgQWBBQ0oC1JLwjJEgoy_O3BM9Aysxec-zAOBgNVHQ8BAf8EBAMCBaAwggEmBgNVHR8EggEdMIIBGTCCARWgggERoIIBDYY_aHR0cDovL2NybC5taWNyb3NvZnQuY29tL3BraWluZnJhL0NSTC9BTUUlMjBJbmZyYSUyMENBJTIwMDUuY3JshjFodHRwOi8vY3JsMS5hbWUuZ2JsL2NybC9BTUUlMjBJbmZyYSUyMENBJTIwMDUuY3JshjFodHRwOi8vY3JsMi5hbWUuZ2JsL2NybC9BTUUlMjBJbmZyYSUyMENBJTIwMDUuY3JshjFodHRwOi8vY3JsMy5hbWUuZ2JsL2NybC9BTUUlMjBJbmZyYSUyMENBJTIwMDUuY3JshjFodHRwOi8vY3JsNC5hbWUuZ2JsL2NybC9BTUUlMjBJbmZyYSUyMENBJTIwMDUuY3JsMIGdBgNVHSAEgZUwgZIwDAYKKwYBBAGCN3sBATBmBgorBgEEAYI3ewICMFgwVgYIKwYBBQUHAgIwSh5IADMAMwBlADAAMQA5ADIAMQAtADQAZAA2ADQALQA0AGYAOABjAC0AYQAwADUANQAtADUAYgBkAGEAZgBmAGQANQBlADMAMwBkMAwGCisGAQQBgjd7AwEwDAYKKwYBBAGCN3sEATAfBgNVHSMEGDAWgBR61hmFKHlscXYeYPjzS--iBUIWHTAdBgNVHSUEFjAUBggrBgEFBQcDAQYIKwYBBQUHAwIwDQYJKoZIhvcNAQELBQADggEBAKmdEkN139jjyWGgskuB6Q35Ep2Jp3LPYmDiGCQVK9zV5p9kGfLrkDKSVEEGOH-AksWiTEIXxH5ZOy8fVqSKEe8BydTnXSO9lbxRaaQibKWF1fTtYRKN6YOozt99yCKw5sqGkb9SB_oh50FwQuU1YTRn8qe0mUUZpnwuwvmbzS_wMVe697AdCN-ESVj7wMY8b8RU7T_JvGut6od_TePFeYcFpaqrghoBAqm49_W2fk3UfBh3GdrURTsdOc6eyQnUmoqHwYA09HljPJO3jytAAqxWtAg9VPYSTpTpzefLo5SV1xK_p16S4TMOikHK6CMyLKwKYSBIZoFMsQAlEXLg_ao&s=NH4EaPLssIO9I9klVH8WzVbWMt1Ra__XaRLqbyPcQxcvII4vQOmLmB7bI6CAbqL3Ipn6ysMCYyv3VICR4J-xRr6nA3GvJ-eV9Tt3Bwy6stKUJaNdF8gitRA0r8s4da1wL7JSmEYi1-XHWfSP5TZlCT1CTYladdcMXjaCtlAHXypk7cCqqpobJDJgyW8SUIFjLCjhY2ZJEiUiFzjrMdqdu8kOpG4G9WC8I0cNagYFqVfdTNgWdooVuoHreFZy0m1RCrpsMU_LTzR0cKYTpI_kiXdM6mPoe5gnZR-Et6KwJ55ydJkzk9v6Z-d6Z9aEQuRg9Wk91WplAQr3aYEWyX67OQ&h=-pkvoFVdc3QC2wKNcAX0XVPH6hwiuPs3bbmsFxbH2PQ
  response:
    body:
      string: ''
    headers:
      cache-control:
      - no-cache
      content-length:
      - '0'
      date:
      - Tue, 11 Jun 2024 08:22:59 GMT
      expires:
      - '-1'
      pragma:
      - no-cache
      strict-transport-security:
      - max-age=31536000; includeSubDomains
      x-cache:
      - CONFIG_NOCACHE
      x-content-type-options:
      - nosniff
      x-ms-ratelimit-remaining-resource:
      - Microsoft.Compute/GetOperationResource;41,Microsoft.Compute/GetOperationSubscriptionMaximum;14997
      x-ms-ratelimit-remaining-subscription-global-reads:
      - '3749'
      x-msedge-ref:
      - 'Ref A: EC3FE3EE1BE14F03B89CB008E339CE4C Ref B: MNZ221060610051 Ref C: 2024-06-11T08:22:59Z'
    status:
      code: 200
      message: ''
- request:
    body: null
    headers:
      Accept:
      - '*/*'
      Accept-Encoding:
      - gzip, deflate
      CommandName:
      - vm generalize
      Connection:
      - keep-alive
      Content-Length:
      - '0'
      ParameterSetName:
      - -g -n
      User-Agent:
      - AZURECLI/2.61.0 azsdk-python-core/1.30.2 Python/3.10.14 (Linux-5.15.0-1064-azure-x86_64-with-glibc2.31)
        VSTS_7b238909-6802-4b65-b90d-184bca47f458_build_220_0
    method: POST
    uri: https://management.azure.com/subscriptions/00000000-0000-0000-0000-000000000000/resourceGroups/cli_test_generalize_vm_debian000001/providers/Microsoft.Compute/virtualMachines/vm-generalize/generalize?api-version=2022-11-01
  response:
    body:
      string: ''
    headers:
      cache-control:
      - no-cache
      content-length:
      - '0'
      date:
      - Tue, 11 Jun 2024 08:23:00 GMT
      expires:
      - '-1'
      pragma:
      - no-cache
      strict-transport-security:
      - max-age=31536000; includeSubDomains
      x-cache:
      - CONFIG_NOCACHE
      x-content-type-options:
      - nosniff
      x-ms-ratelimit-remaining-resource:
      - Microsoft.Compute/UpdateVMSubscriptionMaximum;1497,Microsoft.Compute/UpdateVMResource;10
      x-ms-ratelimit-remaining-subscription-global-writes:
      - '2999'
      x-ms-ratelimit-remaining-subscription-writes:
      - '199'
      x-msedge-ref:
      - 'Ref A: 11974961A3114D19AD9EC0A87D7DA243 Ref B: MNZ221060619025 Ref C: 2024-06-11T08:23:00Z'
    status:
      code: 200
      message: ''
- request:
    body: null
    headers:
      Accept:
      - application/json
      Accept-Encoding:
      - gzip, deflate
      CommandName:
      - vm show
      Connection:
      - keep-alive
      ParameterSetName:
      - -g -n
      User-Agent:
      - AZURECLI/2.61.0 azsdk-python-core/1.30.2 Python/3.10.14 (Linux-5.15.0-1064-azure-x86_64-with-glibc2.31)
        VSTS_7b238909-6802-4b65-b90d-184bca47f458_build_220_0
    method: GET
    uri: https://management.azure.com/subscriptions/00000000-0000-0000-0000-000000000000/resourceGroups/cli_test_generalize_vm_debian000001/providers/Microsoft.Compute/virtualMachines/vm-generalize?api-version=2024-03-01
  response:
    body:
      string: "{\r\n  \"name\": \"vm-generalize\",\r\n  \"id\": \"/subscriptions/00000000-0000-0000-0000-000000000000/resourceGroups/cli_test_generalize_vm_debian000001/providers/Microsoft.Compute/virtualMachines/vm-generalize\",\r\n
        \ \"type\": \"Microsoft.Compute/virtualMachines\",\r\n  \"location\": \"westus\",\r\n
        \ \"tags\": {},\r\n  \"properties\": {\r\n    \"hardwareProfile\": {\r\n      \"vmSize\":
        \"Standard_DS1_v2\"\r\n    },\r\n    \"provisioningState\": \"Succeeded\",\r\n
        \   \"vmId\": \"f3bf9ccc-6d59-48c3-93f5-47b97966c690\",\r\n    \"storageProfile\":
        {\r\n      \"imageReference\": {\r\n        \"publisher\": \"Debian\",\r\n
        \       \"offer\": \"debian-10\",\r\n        \"sku\": \"10\",\r\n        \"version\":
        \"latest\",\r\n        \"exactVersion\": \"0.20240430.1733\"\r\n      },\r\n
        \     \"osDisk\": {\r\n        \"osType\": \"Linux\",\r\n        \"name\":
        \"osdisk_ff3ad11d4e\",\r\n        \"createOption\": \"FromImage\",\r\n        \"vhd\":
        {\r\n          \"uri\": \"https://vhdstorageff3ad11d4e3003.blob.core.windows.net/vhds/osdisk_ff3ad11d4e.vhd\"\r\n
        \       },\r\n        \"caching\": \"ReadWrite\",\r\n        \"deleteOption\":
        \"Detach\",\r\n        \"diskSizeGB\": 30\r\n      },\r\n      \"dataDisks\":
        []\r\n    },\r\n    \"osProfile\": {\r\n      \"computerName\": \"vm-generalize\",\r\n
        \     \"adminUsername\": \"debian\",\r\n      \"linuxConfiguration\": {\r\n
        \       \"disablePasswordAuthentication\": false,\r\n        \"provisionVMAgent\":
        true,\r\n        \"patchSettings\": {\r\n          \"patchMode\": \"ImageDefault\",\r\n
        \         \"assessmentMode\": \"ImageDefault\"\r\n        }\r\n      },\r\n
        \     \"secrets\": [],\r\n      \"allowExtensionOperations\": true,\r\n      \"requireGuestProvisionSignal\":
        true\r\n    },\r\n    \"networkProfile\": {\"networkInterfaces\":[{\"id\":\"/subscriptions/00000000-0000-0000-0000-000000000000/resourceGroups/cli_test_generalize_vm_debian000001/providers/Microsoft.Network/networkInterfaces/vm-generalizeVMNic\"}]},\r\n
        \   \"timeCreated\": \"2024-06-11T08:21:23.7392732+00:00\"\r\n  }\r\n}"
    headers:
      cache-control:
      - no-cache
      content-length:
      - '1825'
      content-type:
      - application/json; charset=utf-8
      date:
      - Tue, 11 Jun 2024 08:23:00 GMT
      expires:
      - '-1'
      pragma:
      - no-cache
      strict-transport-security:
      - max-age=31536000; includeSubDomains
      x-cache:
      - CONFIG_NOCACHE
      x-content-type-options:
      - nosniff
      x-ms-ratelimit-remaining-resource:
      - Microsoft.Compute/LowCostGetSubscriptionMaximum;23996,Microsoft.Compute/LowCostGetResource;35
      x-ms-ratelimit-remaining-subscription-global-reads:
      - '3749'
      x-msedge-ref:
      - 'Ref A: B3D4E1CE7DE544DBB14396486B55CDA9 Ref B: MNZ221060609007 Ref C: 2024-06-11T08:23:00Z'
    status:
      code: 200
      message: ''
- request:
    body: '{"vhdPrefix": "vmtest", "destinationContainerName": "vhds", "overwriteVhds":
      true}'
    headers:
      Accept:
      - application/json
      Accept-Encoding:
      - gzip, deflate
      CommandName:
      - vm capture
      Connection:
      - keep-alive
      Content-Length:
      - '82'
      Content-Type:
      - application/json
      ParameterSetName:
      - -g -n --vhd-name-prefix
      User-Agent:
      - AZURECLI/2.61.0 azsdk-python-core/1.30.2 Python/3.10.14 (Linux-5.15.0-1064-azure-x86_64-with-glibc2.31)
        VSTS_7b238909-6802-4b65-b90d-184bca47f458_build_220_0
    method: POST
    uri: https://management.azure.com/subscriptions/00000000-0000-0000-0000-000000000000/resourceGroups/cli_test_generalize_vm_debian000001/providers/Microsoft.Compute/virtualMachines/vm-generalize/capture?api-version=2024-03-01
  response:
    body:
      string: ''
    headers:
      azure-asyncnotification:
      - Enabled
      azure-asyncoperation:
      - https://management.azure.com/subscriptions/00000000-0000-0000-0000-000000000000/providers/Microsoft.Compute/locations/westus/operations/671e80a3-2490-4cc1-957d-d696fd449bc5?p=571046f6-b640-41c1-86f7-f9f044b5adf9&api-version=2024-03-01&t=638536909811317781&c=MIIHhzCCBm-gAwIBAgITfATUDnhanTLRPeyZxwAABNQOeDANBgkqhkiG9w0BAQsFADBEMRMwEQYKCZImiZPyLGQBGRYDR0JMMRMwEQYKCZImiZPyLGQBGRYDQU1FMRgwFgYDVQQDEw9BTUUgSW5mcmEgQ0EgMDUwHhcNMjQwNTA5MTgwOTM3WhcNMjUwNTA0MTgwOTM3WjBAMT4wPAYDVQQDEzVhc3luY29wZXJhdGlvbnNpZ25pbmdjZXJ0aWZpY2F0ZS5tYW5hZ2VtZW50LmF6dXJlLmNvbTCCASIwDQYJKoZIhvcNAQEBBQADggEPADCCAQoCggEBAL9dgMYYraJFlILLieCu28kujI4Eh_o_VNUMODlVyQkeY76IALT8f-X5D0AbgZujawag12jT_t6b5XuEUL5d-K_TBnvCQbYD9roAD-qWL6Aw7DznLoWvMoAX4tn8ngoKup3mxnKUPJ9c09dr_CTsE6QjpcT4DYzTZ0jQ_Nsi7kY20vZZLm1FsTuPzkG8N4XnapOt6O2JPSgdtRa68z-kHJia0Z0zfCVBpqN4T4a_depQa2MOOXTmsPmm6J4GRhj6UdTJZ1TyBGGI3MmjNY6ih6M6NilZJWZuQXuNG1LQ_PonDW8K_rfK2zzobonkASWw2_T1KI_w2cZ2zfPKmQ0gmgECAwEAAaOCBHQwggRwMCcGCSsGAQQBgjcVCgQaMBgwCgYIKwYBBQUHAwEwCgYIKwYBBQUHAwIwPQYJKwYBBAGCNxUHBDAwLgYmKwYBBAGCNxUIhpDjDYTVtHiE8Ys-hZvdFs6dEoFggvX2K4Py0SACAWQCAQowggHLBggrBgEFBQcBAQSCAb0wggG5MGMGCCsGAQUFBzAChldodHRwOi8vY3JsLm1pY3Jvc29mdC5jb20vcGtpaW5mcmEvQ2VydHMvQ08xUEtJSU5UQ0EwMS5BTUUuR0JMX0FNRSUyMEluZnJhJTIwQ0ElMjAwNS5jcnQwUwYIKwYBBQUHMAKGR2h0dHA6Ly9jcmwxLmFtZS5nYmwvYWlhL0NPMVBLSUlOVENBMDEuQU1FLkdCTF9BTUUlMjBJbmZyYSUyMENBJTIwMDUuY3J0MFMGCCsGAQUFBzAChkdodHRwOi8vY3JsMi5hbWUuZ2JsL2FpYS9DTzFQS0lJTlRDQTAxLkFNRS5HQkxfQU1FJTIwSW5mcmElMjBDQSUyMDA1LmNydDBTBggrBgEFBQcwAoZHaHR0cDovL2NybDMuYW1lLmdibC9haWEvQ08xUEtJSU5UQ0EwMS5BTUUuR0JMX0FNRSUyMEluZnJhJTIwQ0ElMjAwNS5jcnQwUwYIKwYBBQUHMAKGR2h0dHA6Ly9jcmw0LmFtZS5nYmwvYWlhL0NPMVBLSUlOVENBMDEuQU1FLkdCTF9BTUUlMjBJbmZyYSUyMENBJTIwMDUuY3J0MB0GA1UdDgQWBBQ0oC1JLwjJEgoy_O3BM9Aysxec-zAOBgNVHQ8BAf8EBAMCBaAwggEmBgNVHR8EggEdMIIBGTCCARWgggERoIIBDYY_aHR0cDovL2NybC5taWNyb3NvZnQuY29tL3BraWluZnJhL0NSTC9BTUUlMjBJbmZyYSUyMENBJTIwMDUuY3JshjFodHRwOi8vY3JsMS5hbWUuZ2JsL2NybC9BTUUlMjBJbmZyYSUyMENBJTIwMDUuY3JshjFodHRwOi8vY3JsMi5hbWUuZ2JsL2NybC9BTUUlMjBJbmZyYSUyMENBJTIwMDUuY3JshjFodHRwOi8vY3JsMy5hbWUuZ2JsL2NybC9BTUUlMjBJbmZyYSUyMENBJTIwMDUuY3JshjFodHRwOi8vY3JsNC5hbWUuZ2JsL2NybC9BTUUlMjBJbmZyYSUyMENBJTIwMDUuY3JsMIGdBgNVHSAEgZUwgZIwDAYKKwYBBAGCN3sBATBmBgorBgEEAYI3ewICMFgwVgYIKwYBBQUHAgIwSh5IADMAMwBlADAAMQA5ADIAMQAtADQAZAA2ADQALQA0AGYAOABjAC0AYQAwADUANQAtADUAYgBkAGEAZgBmAGQANQBlADMAMwBkMAwGCisGAQQBgjd7AwEwDAYKKwYBBAGCN3sEATAfBgNVHSMEGDAWgBR61hmFKHlscXYeYPjzS--iBUIWHTAdBgNVHSUEFjAUBggrBgEFBQcDAQYIKwYBBQUHAwIwDQYJKoZIhvcNAQELBQADggEBAKmdEkN139jjyWGgskuB6Q35Ep2Jp3LPYmDiGCQVK9zV5p9kGfLrkDKSVEEGOH-AksWiTEIXxH5ZOy8fVqSKEe8BydTnXSO9lbxRaaQibKWF1fTtYRKN6YOozt99yCKw5sqGkb9SB_oh50FwQuU1YTRn8qe0mUUZpnwuwvmbzS_wMVe697AdCN-ESVj7wMY8b8RU7T_JvGut6od_TePFeYcFpaqrghoBAqm49_W2fk3UfBh3GdrURTsdOc6eyQnUmoqHwYA09HljPJO3jytAAqxWtAg9VPYSTpTpzefLo5SV1xK_p16S4TMOikHK6CMyLKwKYSBIZoFMsQAlEXLg_ao&s=VRcrX5Xxk-xTcwUNEAFsIS4Ba5IzPDB6_J8IfroHA6nAYQ0y6-66RrNaUxo8ZPcGIjJMk8tC2Kbavot8RTv8ObdX9FOWoSdXgJcO3MfbXqdsqq0e4J59pOyJjp6JW_tMzaJ2xk-0JcBlqTia-8lZxGo-rdEP1srmK6sgyGpLGYAq3qerH77JJl0J5feCv4YR18pAKCeGUz4GS3b08QigOlLz_MYzlVnGCZEWdcetCfn-C5ohKgKjFeJmQvHuxerjfzIGBUx8XyupLPrX98oNFN7-FT2bY3vYxVdlvQImmDyZYJ69OHOq65LrH3tLNrJU6wS8Tp35b7CSGniGqMONwQ&h=FeDVJ9VqRDADosYj8j5M1bD9gIoDiYbXcihnFhyrciE
      cache-control:
      - no-cache
      content-length:
      - '0'
      date:
      - Tue, 11 Jun 2024 08:23:00 GMT
      expires:
      - '-1'
      location:
      - https://management.azure.com/subscriptions/00000000-0000-0000-0000-000000000000/providers/Microsoft.Compute/locations/westus/operations/671e80a3-2490-4cc1-957d-d696fd449bc5?p=571046f6-b640-41c1-86f7-f9f044b5adf9&monitor=true&api-version=2024-03-01&t=638536909811317781&c=MIIHhzCCBm-gAwIBAgITfATUDnhanTLRPeyZxwAABNQOeDANBgkqhkiG9w0BAQsFADBEMRMwEQYKCZImiZPyLGQBGRYDR0JMMRMwEQYKCZImiZPyLGQBGRYDQU1FMRgwFgYDVQQDEw9BTUUgSW5mcmEgQ0EgMDUwHhcNMjQwNTA5MTgwOTM3WhcNMjUwNTA0MTgwOTM3WjBAMT4wPAYDVQQDEzVhc3luY29wZXJhdGlvbnNpZ25pbmdjZXJ0aWZpY2F0ZS5tYW5hZ2VtZW50LmF6dXJlLmNvbTCCASIwDQYJKoZIhvcNAQEBBQADggEPADCCAQoCggEBAL9dgMYYraJFlILLieCu28kujI4Eh_o_VNUMODlVyQkeY76IALT8f-X5D0AbgZujawag12jT_t6b5XuEUL5d-K_TBnvCQbYD9roAD-qWL6Aw7DznLoWvMoAX4tn8ngoKup3mxnKUPJ9c09dr_CTsE6QjpcT4DYzTZ0jQ_Nsi7kY20vZZLm1FsTuPzkG8N4XnapOt6O2JPSgdtRa68z-kHJia0Z0zfCVBpqN4T4a_depQa2MOOXTmsPmm6J4GRhj6UdTJZ1TyBGGI3MmjNY6ih6M6NilZJWZuQXuNG1LQ_PonDW8K_rfK2zzobonkASWw2_T1KI_w2cZ2zfPKmQ0gmgECAwEAAaOCBHQwggRwMCcGCSsGAQQBgjcVCgQaMBgwCgYIKwYBBQUHAwEwCgYIKwYBBQUHAwIwPQYJKwYBBAGCNxUHBDAwLgYmKwYBBAGCNxUIhpDjDYTVtHiE8Ys-hZvdFs6dEoFggvX2K4Py0SACAWQCAQowggHLBggrBgEFBQcBAQSCAb0wggG5MGMGCCsGAQUFBzAChldodHRwOi8vY3JsLm1pY3Jvc29mdC5jb20vcGtpaW5mcmEvQ2VydHMvQ08xUEtJSU5UQ0EwMS5BTUUuR0JMX0FNRSUyMEluZnJhJTIwQ0ElMjAwNS5jcnQwUwYIKwYBBQUHMAKGR2h0dHA6Ly9jcmwxLmFtZS5nYmwvYWlhL0NPMVBLSUlOVENBMDEuQU1FLkdCTF9BTUUlMjBJbmZyYSUyMENBJTIwMDUuY3J0MFMGCCsGAQUFBzAChkdodHRwOi8vY3JsMi5hbWUuZ2JsL2FpYS9DTzFQS0lJTlRDQTAxLkFNRS5HQkxfQU1FJTIwSW5mcmElMjBDQSUyMDA1LmNydDBTBggrBgEFBQcwAoZHaHR0cDovL2NybDMuYW1lLmdibC9haWEvQ08xUEtJSU5UQ0EwMS5BTUUuR0JMX0FNRSUyMEluZnJhJTIwQ0ElMjAwNS5jcnQwUwYIKwYBBQUHMAKGR2h0dHA6Ly9jcmw0LmFtZS5nYmwvYWlhL0NPMVBLSUlOVENBMDEuQU1FLkdCTF9BTUUlMjBJbmZyYSUyMENBJTIwMDUuY3J0MB0GA1UdDgQWBBQ0oC1JLwjJEgoy_O3BM9Aysxec-zAOBgNVHQ8BAf8EBAMCBaAwggEmBgNVHR8EggEdMIIBGTCCARWgggERoIIBDYY_aHR0cDovL2NybC5taWNyb3NvZnQuY29tL3BraWluZnJhL0NSTC9BTUUlMjBJbmZyYSUyMENBJTIwMDUuY3JshjFodHRwOi8vY3JsMS5hbWUuZ2JsL2NybC9BTUUlMjBJbmZyYSUyMENBJTIwMDUuY3JshjFodHRwOi8vY3JsMi5hbWUuZ2JsL2NybC9BTUUlMjBJbmZyYSUyMENBJTIwMDUuY3JshjFodHRwOi8vY3JsMy5hbWUuZ2JsL2NybC9BTUUlMjBJbmZyYSUyMENBJTIwMDUuY3JshjFodHRwOi8vY3JsNC5hbWUuZ2JsL2NybC9BTUUlMjBJbmZyYSUyMENBJTIwMDUuY3JsMIGdBgNVHSAEgZUwgZIwDAYKKwYBBAGCN3sBATBmBgorBgEEAYI3ewICMFgwVgYIKwYBBQUHAgIwSh5IADMAMwBlADAAMQA5ADIAMQAtADQAZAA2ADQALQA0AGYAOABjAC0AYQAwADUANQAtADUAYgBkAGEAZgBmAGQANQBlADMAMwBkMAwGCisGAQQBgjd7AwEwDAYKKwYBBAGCN3sEATAfBgNVHSMEGDAWgBR61hmFKHlscXYeYPjzS--iBUIWHTAdBgNVHSUEFjAUBggrBgEFBQcDAQYIKwYBBQUHAwIwDQYJKoZIhvcNAQELBQADggEBAKmdEkN139jjyWGgskuB6Q35Ep2Jp3LPYmDiGCQVK9zV5p9kGfLrkDKSVEEGOH-AksWiTEIXxH5ZOy8fVqSKEe8BydTnXSO9lbxRaaQibKWF1fTtYRKN6YOozt99yCKw5sqGkb9SB_oh50FwQuU1YTRn8qe0mUUZpnwuwvmbzS_wMVe697AdCN-ESVj7wMY8b8RU7T_JvGut6od_TePFeYcFpaqrghoBAqm49_W2fk3UfBh3GdrURTsdOc6eyQnUmoqHwYA09HljPJO3jytAAqxWtAg9VPYSTpTpzefLo5SV1xK_p16S4TMOikHK6CMyLKwKYSBIZoFMsQAlEXLg_ao&s=VRcrX5Xxk-xTcwUNEAFsIS4Ba5IzPDB6_J8IfroHA6nAYQ0y6-66RrNaUxo8ZPcGIjJMk8tC2Kbavot8RTv8ObdX9FOWoSdXgJcO3MfbXqdsqq0e4J59pOyJjp6JW_tMzaJ2xk-0JcBlqTia-8lZxGo-rdEP1srmK6sgyGpLGYAq3qerH77JJl0J5feCv4YR18pAKCeGUz4GS3b08QigOlLz_MYzlVnGCZEWdcetCfn-C5ohKgKjFeJmQvHuxerjfzIGBUx8XyupLPrX98oNFN7-FT2bY3vYxVdlvQImmDyZYJ69OHOq65LrH3tLNrJU6wS8Tp35b7CSGniGqMONwQ&h=FeDVJ9VqRDADosYj8j5M1bD9gIoDiYbXcihnFhyrciE
      pragma:
      - no-cache
      strict-transport-security:
      - max-age=31536000; includeSubDomains
      x-cache:
      - CONFIG_NOCACHE
      x-content-type-options:
      - nosniff
      x-ms-ratelimit-remaining-resource:
      - Microsoft.Compute/UpdateVMSubscriptionMaximum;1496,Microsoft.Compute/UpdateVMResource;9
      x-ms-ratelimit-remaining-subscription-global-writes:
      - '2999'
      x-ms-ratelimit-remaining-subscription-writes:
      - '199'
      x-msedge-ref:
      - 'Ref A: 7897572C929544EB8FAC42CA7BD31508 Ref B: MNZ221060608019 Ref C: 2024-06-11T08:23:00Z'
    status:
      code: 202
      message: ''
- request:
    body: null
    headers:
      Accept:
      - '*/*'
      Accept-Encoding:
      - gzip, deflate
      CommandName:
      - vm capture
      Connection:
      - keep-alive
      ParameterSetName:
      - -g -n --vhd-name-prefix
      User-Agent:
      - AZURECLI/2.61.0 azsdk-python-core/1.30.2 Python/3.10.14 (Linux-5.15.0-1064-azure-x86_64-with-glibc2.31)
        VSTS_7b238909-6802-4b65-b90d-184bca47f458_build_220_0
    method: GET
    uri: https://management.azure.com/subscriptions/00000000-0000-0000-0000-000000000000/providers/Microsoft.Compute/locations/westus/operations/671e80a3-2490-4cc1-957d-d696fd449bc5?p=571046f6-b640-41c1-86f7-f9f044b5adf9&api-version=2024-03-01&t=638536909811317781&c=MIIHhzCCBm-gAwIBAgITfATUDnhanTLRPeyZxwAABNQOeDANBgkqhkiG9w0BAQsFADBEMRMwEQYKCZImiZPyLGQBGRYDR0JMMRMwEQYKCZImiZPyLGQBGRYDQU1FMRgwFgYDVQQDEw9BTUUgSW5mcmEgQ0EgMDUwHhcNMjQwNTA5MTgwOTM3WhcNMjUwNTA0MTgwOTM3WjBAMT4wPAYDVQQDEzVhc3luY29wZXJhdGlvbnNpZ25pbmdjZXJ0aWZpY2F0ZS5tYW5hZ2VtZW50LmF6dXJlLmNvbTCCASIwDQYJKoZIhvcNAQEBBQADggEPADCCAQoCggEBAL9dgMYYraJFlILLieCu28kujI4Eh_o_VNUMODlVyQkeY76IALT8f-X5D0AbgZujawag12jT_t6b5XuEUL5d-K_TBnvCQbYD9roAD-qWL6Aw7DznLoWvMoAX4tn8ngoKup3mxnKUPJ9c09dr_CTsE6QjpcT4DYzTZ0jQ_Nsi7kY20vZZLm1FsTuPzkG8N4XnapOt6O2JPSgdtRa68z-kHJia0Z0zfCVBpqN4T4a_depQa2MOOXTmsPmm6J4GRhj6UdTJZ1TyBGGI3MmjNY6ih6M6NilZJWZuQXuNG1LQ_PonDW8K_rfK2zzobonkASWw2_T1KI_w2cZ2zfPKmQ0gmgECAwEAAaOCBHQwggRwMCcGCSsGAQQBgjcVCgQaMBgwCgYIKwYBBQUHAwEwCgYIKwYBBQUHAwIwPQYJKwYBBAGCNxUHBDAwLgYmKwYBBAGCNxUIhpDjDYTVtHiE8Ys-hZvdFs6dEoFggvX2K4Py0SACAWQCAQowggHLBggrBgEFBQcBAQSCAb0wggG5MGMGCCsGAQUFBzAChldodHRwOi8vY3JsLm1pY3Jvc29mdC5jb20vcGtpaW5mcmEvQ2VydHMvQ08xUEtJSU5UQ0EwMS5BTUUuR0JMX0FNRSUyMEluZnJhJTIwQ0ElMjAwNS5jcnQwUwYIKwYBBQUHMAKGR2h0dHA6Ly9jcmwxLmFtZS5nYmwvYWlhL0NPMVBLSUlOVENBMDEuQU1FLkdCTF9BTUUlMjBJbmZyYSUyMENBJTIwMDUuY3J0MFMGCCsGAQUFBzAChkdodHRwOi8vY3JsMi5hbWUuZ2JsL2FpYS9DTzFQS0lJTlRDQTAxLkFNRS5HQkxfQU1FJTIwSW5mcmElMjBDQSUyMDA1LmNydDBTBggrBgEFBQcwAoZHaHR0cDovL2NybDMuYW1lLmdibC9haWEvQ08xUEtJSU5UQ0EwMS5BTUUuR0JMX0FNRSUyMEluZnJhJTIwQ0ElMjAwNS5jcnQwUwYIKwYBBQUHMAKGR2h0dHA6Ly9jcmw0LmFtZS5nYmwvYWlhL0NPMVBLSUlOVENBMDEuQU1FLkdCTF9BTUUlMjBJbmZyYSUyMENBJTIwMDUuY3J0MB0GA1UdDgQWBBQ0oC1JLwjJEgoy_O3BM9Aysxec-zAOBgNVHQ8BAf8EBAMCBaAwggEmBgNVHR8EggEdMIIBGTCCARWgggERoIIBDYY_aHR0cDovL2NybC5taWNyb3NvZnQuY29tL3BraWluZnJhL0NSTC9BTUUlMjBJbmZyYSUyMENBJTIwMDUuY3JshjFodHRwOi8vY3JsMS5hbWUuZ2JsL2NybC9BTUUlMjBJbmZyYSUyMENBJTIwMDUuY3JshjFodHRwOi8vY3JsMi5hbWUuZ2JsL2NybC9BTUUlMjBJbmZyYSUyMENBJTIwMDUuY3JshjFodHRwOi8vY3JsMy5hbWUuZ2JsL2NybC9BTUUlMjBJbmZyYSUyMENBJTIwMDUuY3JshjFodHRwOi8vY3JsNC5hbWUuZ2JsL2NybC9BTUUlMjBJbmZyYSUyMENBJTIwMDUuY3JsMIGdBgNVHSAEgZUwgZIwDAYKKwYBBAGCN3sBATBmBgorBgEEAYI3ewICMFgwVgYIKwYBBQUHAgIwSh5IADMAMwBlADAAMQA5ADIAMQAtADQAZAA2ADQALQA0AGYAOABjAC0AYQAwADUANQAtADUAYgBkAGEAZgBmAGQANQBlADMAMwBkMAwGCisGAQQBgjd7AwEwDAYKKwYBBAGCN3sEATAfBgNVHSMEGDAWgBR61hmFKHlscXYeYPjzS--iBUIWHTAdBgNVHSUEFjAUBggrBgEFBQcDAQYIKwYBBQUHAwIwDQYJKoZIhvcNAQELBQADggEBAKmdEkN139jjyWGgskuB6Q35Ep2Jp3LPYmDiGCQVK9zV5p9kGfLrkDKSVEEGOH-AksWiTEIXxH5ZOy8fVqSKEe8BydTnXSO9lbxRaaQibKWF1fTtYRKN6YOozt99yCKw5sqGkb9SB_oh50FwQuU1YTRn8qe0mUUZpnwuwvmbzS_wMVe697AdCN-ESVj7wMY8b8RU7T_JvGut6od_TePFeYcFpaqrghoBAqm49_W2fk3UfBh3GdrURTsdOc6eyQnUmoqHwYA09HljPJO3jytAAqxWtAg9VPYSTpTpzefLo5SV1xK_p16S4TMOikHK6CMyLKwKYSBIZoFMsQAlEXLg_ao&s=VRcrX5Xxk-xTcwUNEAFsIS4Ba5IzPDB6_J8IfroHA6nAYQ0y6-66RrNaUxo8ZPcGIjJMk8tC2Kbavot8RTv8ObdX9FOWoSdXgJcO3MfbXqdsqq0e4J59pOyJjp6JW_tMzaJ2xk-0JcBlqTia-8lZxGo-rdEP1srmK6sgyGpLGYAq3qerH77JJl0J5feCv4YR18pAKCeGUz4GS3b08QigOlLz_MYzlVnGCZEWdcetCfn-C5ohKgKjFeJmQvHuxerjfzIGBUx8XyupLPrX98oNFN7-FT2bY3vYxVdlvQImmDyZYJ69OHOq65LrH3tLNrJU6wS8Tp35b7CSGniGqMONwQ&h=FeDVJ9VqRDADosYj8j5M1bD9gIoDiYbXcihnFhyrciE
  response:
    body:
      string: "{\r\n  \"startTime\": \"2024-06-11T08:23:01.0525715+00:00\",\r\n  \"endTime\":
        \"2024-06-11T08:23:01.2088288+00:00\",\r\n  \"status\": \"Succeeded\",\r\n
        \ \"properties\": {\r\n    \"output\": {\r\n  \"$schema\": \"http://schema.management.azure.com/schemas/2014-04-01-preview/VM_IP.json\",\r\n
        \ \"contentVersion\": \"1.0.0.0\",\r\n  \"parameters\": {\r\n    \"vmName\":
        {\r\n      \"type\": \"string\"\r\n    },\r\n    \"vmSize\": {\r\n      \"type\":
        \"string\",\r\n      \"defaultValue\": \"Standard_DS1_v2\"\r\n    },\r\n    \"adminUserName\":
        {\r\n      \"type\": \"string\"\r\n    },\r\n    \"adminPassword\": {\r\n
        \     \"type\": \"securestring\"\r\n    },\r\n    \"networkInterfaceId\":
        {\r\n      \"type\": \"string\"\r\n    }\r\n  },\r\n  \"resources\": [\r\n
        \   {\r\n      \"name\": \"[parameters('vmName')]\",\r\n      \"type\": \"Microsoft.Compute/virtualMachines\",\r\n
        \     \"location\": \"westus\",\r\n      \"apiVersion\": \"2024-03-01\",\r\n
        \     \"properties\": {\r\n        \"hardwareProfile\": {\r\n          \"vmSize\":
        \"[parameters('vmSize')]\"\r\n        },\r\n        \"provisioningState\":
        0,\r\n        \"storageProfile\": {\r\n          \"osDisk\": {\r\n            \"osType\":
        \"Linux\",\r\n            \"name\": \"vmtest-osDisk.f3bf9ccc-6d59-48c3-93f5-47b97966c690.vhd\",\r\n
        \           \"createOption\": \"FromImage\",\r\n            \"image\": {\r\n
        \             \"uri\": \"https://vhdstorageff3ad11d4e3003.blob.core.windows.net/system/Microsoft.Compute/Images/vhds/vmtest-osDisk.f3bf9ccc-6d59-48c3-93f5-47b97966c690.vhd\"\r\n
        \           },\r\n            \"vhd\": {\r\n              \"uri\": \"https://vhdstorageff3ad11d4e3003.blob.core.windows.net/vmcontainerce0621c9-8150-4a03-a1c3-715e96ddfc94/osDisk.ce0621c9-8150-4a03-a1c3-715e96ddfc94.vhd\"\r\n
        \           },\r\n            \"caching\": \"ReadWrite\"\r\n          }\r\n
        \       },\r\n        \"osProfile\": {\r\n          \"computerName\": \"[parameters('vmName')]\",\r\n
        \         \"adminUsername\": \"[parameters('adminUsername')]\",\r\n          \"adminPassword\":
        \"[parameters('adminPassword')]\"\r\n        },\r\n        \"networkProfile\":
        {\"networkInterfaces\":[{\"id\":\"[parameters('networkInterfaceId')]\"}]}\r\n
        \     }\r\n    }\r\n  ]\r\n}\r\n  },\r\n  \"name\": \"671e80a3-2490-4cc1-957d-d696fd449bc5\"\r\n}"
    headers:
      cache-control:
      - no-cache
      content-length:
      - '2036'
      content-type:
      - application/json; charset=utf-8
      date:
      - Tue, 11 Jun 2024 08:23:00 GMT
      expires:
      - '-1'
      pragma:
      - no-cache
      strict-transport-security:
      - max-age=31536000; includeSubDomains
      x-cache:
      - CONFIG_NOCACHE
      x-content-type-options:
      - nosniff
      x-ms-ratelimit-remaining-resource:
      - Microsoft.Compute/GetOperationResource;44,Microsoft.Compute/GetOperationSubscriptionMaximum;14996
      x-ms-ratelimit-remaining-subscription-global-reads:
      - '3749'
      x-msedge-ref:
      - 'Ref A: A7953C04CB0A4C418C1EA0B3AF6D549F Ref B: MNZ221060618031 Ref C: 2024-06-11T08:23:01Z'
    status:
      code: 200
      message: ''
- request:
    body: null
    headers:
      Accept:
      - '*/*'
      Accept-Encoding:
      - gzip, deflate
      CommandName:
      - vm capture
      Connection:
      - keep-alive
      ParameterSetName:
      - -g -n --vhd-name-prefix
      User-Agent:
      - AZURECLI/2.61.0 azsdk-python-core/1.30.2 Python/3.10.14 (Linux-5.15.0-1064-azure-x86_64-with-glibc2.31)
        VSTS_7b238909-6802-4b65-b90d-184bca47f458_build_220_0
    method: GET
    uri: https://management.azure.com/subscriptions/00000000-0000-0000-0000-000000000000/providers/Microsoft.Compute/locations/westus/operations/671e80a3-2490-4cc1-957d-d696fd449bc5?p=571046f6-b640-41c1-86f7-f9f044b5adf9&monitor=true&api-version=2024-03-01&t=638536909811317781&c=MIIHhzCCBm-gAwIBAgITfATUDnhanTLRPeyZxwAABNQOeDANBgkqhkiG9w0BAQsFADBEMRMwEQYKCZImiZPyLGQBGRYDR0JMMRMwEQYKCZImiZPyLGQBGRYDQU1FMRgwFgYDVQQDEw9BTUUgSW5mcmEgQ0EgMDUwHhcNMjQwNTA5MTgwOTM3WhcNMjUwNTA0MTgwOTM3WjBAMT4wPAYDVQQDEzVhc3luY29wZXJhdGlvbnNpZ25pbmdjZXJ0aWZpY2F0ZS5tYW5hZ2VtZW50LmF6dXJlLmNvbTCCASIwDQYJKoZIhvcNAQEBBQADggEPADCCAQoCggEBAL9dgMYYraJFlILLieCu28kujI4Eh_o_VNUMODlVyQkeY76IALT8f-X5D0AbgZujawag12jT_t6b5XuEUL5d-K_TBnvCQbYD9roAD-qWL6Aw7DznLoWvMoAX4tn8ngoKup3mxnKUPJ9c09dr_CTsE6QjpcT4DYzTZ0jQ_Nsi7kY20vZZLm1FsTuPzkG8N4XnapOt6O2JPSgdtRa68z-kHJia0Z0zfCVBpqN4T4a_depQa2MOOXTmsPmm6J4GRhj6UdTJZ1TyBGGI3MmjNY6ih6M6NilZJWZuQXuNG1LQ_PonDW8K_rfK2zzobonkASWw2_T1KI_w2cZ2zfPKmQ0gmgECAwEAAaOCBHQwggRwMCcGCSsGAQQBgjcVCgQaMBgwCgYIKwYBBQUHAwEwCgYIKwYBBQUHAwIwPQYJKwYBBAGCNxUHBDAwLgYmKwYBBAGCNxUIhpDjDYTVtHiE8Ys-hZvdFs6dEoFggvX2K4Py0SACAWQCAQowggHLBggrBgEFBQcBAQSCAb0wggG5MGMGCCsGAQUFBzAChldodHRwOi8vY3JsLm1pY3Jvc29mdC5jb20vcGtpaW5mcmEvQ2VydHMvQ08xUEtJSU5UQ0EwMS5BTUUuR0JMX0FNRSUyMEluZnJhJTIwQ0ElMjAwNS5jcnQwUwYIKwYBBQUHMAKGR2h0dHA6Ly9jcmwxLmFtZS5nYmwvYWlhL0NPMVBLSUlOVENBMDEuQU1FLkdCTF9BTUUlMjBJbmZyYSUyMENBJTIwMDUuY3J0MFMGCCsGAQUFBzAChkdodHRwOi8vY3JsMi5hbWUuZ2JsL2FpYS9DTzFQS0lJTlRDQTAxLkFNRS5HQkxfQU1FJTIwSW5mcmElMjBDQSUyMDA1LmNydDBTBggrBgEFBQcwAoZHaHR0cDovL2NybDMuYW1lLmdibC9haWEvQ08xUEtJSU5UQ0EwMS5BTUUuR0JMX0FNRSUyMEluZnJhJTIwQ0ElMjAwNS5jcnQwUwYIKwYBBQUHMAKGR2h0dHA6Ly9jcmw0LmFtZS5nYmwvYWlhL0NPMVBLSUlOVENBMDEuQU1FLkdCTF9BTUUlMjBJbmZyYSUyMENBJTIwMDUuY3J0MB0GA1UdDgQWBBQ0oC1JLwjJEgoy_O3BM9Aysxec-zAOBgNVHQ8BAf8EBAMCBaAwggEmBgNVHR8EggEdMIIBGTCCARWgggERoIIBDYY_aHR0cDovL2NybC5taWNyb3NvZnQuY29tL3BraWluZnJhL0NSTC9BTUUlMjBJbmZyYSUyMENBJTIwMDUuY3JshjFodHRwOi8vY3JsMS5hbWUuZ2JsL2NybC9BTUUlMjBJbmZyYSUyMENBJTIwMDUuY3JshjFodHRwOi8vY3JsMi5hbWUuZ2JsL2NybC9BTUUlMjBJbmZyYSUyMENBJTIwMDUuY3JshjFodHRwOi8vY3JsMy5hbWUuZ2JsL2NybC9BTUUlMjBJbmZyYSUyMENBJTIwMDUuY3JshjFodHRwOi8vY3JsNC5hbWUuZ2JsL2NybC9BTUUlMjBJbmZyYSUyMENBJTIwMDUuY3JsMIGdBgNVHSAEgZUwgZIwDAYKKwYBBAGCN3sBATBmBgorBgEEAYI3ewICMFgwVgYIKwYBBQUHAgIwSh5IADMAMwBlADAAMQA5ADIAMQAtADQAZAA2ADQALQA0AGYAOABjAC0AYQAwADUANQAtADUAYgBkAGEAZgBmAGQANQBlADMAMwBkMAwGCisGAQQBgjd7AwEwDAYKKwYBBAGCN3sEATAfBgNVHSMEGDAWgBR61hmFKHlscXYeYPjzS--iBUIWHTAdBgNVHSUEFjAUBggrBgEFBQcDAQYIKwYBBQUHAwIwDQYJKoZIhvcNAQELBQADggEBAKmdEkN139jjyWGgskuB6Q35Ep2Jp3LPYmDiGCQVK9zV5p9kGfLrkDKSVEEGOH-AksWiTEIXxH5ZOy8fVqSKEe8BydTnXSO9lbxRaaQibKWF1fTtYRKN6YOozt99yCKw5sqGkb9SB_oh50FwQuU1YTRn8qe0mUUZpnwuwvmbzS_wMVe697AdCN-ESVj7wMY8b8RU7T_JvGut6od_TePFeYcFpaqrghoBAqm49_W2fk3UfBh3GdrURTsdOc6eyQnUmoqHwYA09HljPJO3jytAAqxWtAg9VPYSTpTpzefLo5SV1xK_p16S4TMOikHK6CMyLKwKYSBIZoFMsQAlEXLg_ao&s=VRcrX5Xxk-xTcwUNEAFsIS4Ba5IzPDB6_J8IfroHA6nAYQ0y6-66RrNaUxo8ZPcGIjJMk8tC2Kbavot8RTv8ObdX9FOWoSdXgJcO3MfbXqdsqq0e4J59pOyJjp6JW_tMzaJ2xk-0JcBlqTia-8lZxGo-rdEP1srmK6sgyGpLGYAq3qerH77JJl0J5feCv4YR18pAKCeGUz4GS3b08QigOlLz_MYzlVnGCZEWdcetCfn-C5ohKgKjFeJmQvHuxerjfzIGBUx8XyupLPrX98oNFN7-FT2bY3vYxVdlvQImmDyZYJ69OHOq65LrH3tLNrJU6wS8Tp35b7CSGniGqMONwQ&h=FeDVJ9VqRDADosYj8j5M1bD9gIoDiYbXcihnFhyrciE
  response:
    body:
      string: '{"$schema":"http://schema.management.azure.com/schemas/2014-04-01-preview/VM_IP.json","contentVersion":"1.0.0.0","parameters":{"vmName":{"type":"string"},"vmSize":{"type":"string","defaultValue":"Standard_DS1_v2"},"adminUserName":{"type":"string"},"adminPassword":{"type":"securestring"},"networkInterfaceId":{"type":"string"}},"resources":[{"name":"[parameters(''vmName'')]","type":"Microsoft.Compute/virtualMachines","location":"westus","apiVersion":"2024-03-01","properties":{"hardwareProfile":{"vmSize":"[parameters(''vmSize'')]"},"provisioningState":0,"storageProfile":{"osDisk":{"osType":"Linux","name":"vmtest-osDisk.f3bf9ccc-6d59-48c3-93f5-47b97966c690.vhd","createOption":"FromImage","image":{"uri":"https://vhdstorageff3ad11d4e3003.blob.core.windows.net/system/Microsoft.Compute/Images/vhds/vmtest-osDisk.f3bf9ccc-6d59-48c3-93f5-47b97966c690.vhd"},"vhd":{"uri":"https://vhdstorageff3ad11d4e3003.blob.core.windows.net/vmcontainerce0621c9-8150-4a03-a1c3-715e96ddfc94/osDisk.ce0621c9-8150-4a03-a1c3-715e96ddfc94.vhd"},"caching":"ReadWrite"}},"osProfile":{"computerName":"[parameters(''vmName'')]","adminUsername":"[parameters(''adminUsername'')]","adminPassword":"[parameters(''adminPassword'')]"},"networkProfile":{"networkInterfaces":[{"id":"[parameters(''networkInterfaceId'')]"}]}}}]}'
    headers:
      cache-control:
      - no-cache
      content-length:
      - '1283'
      content-type:
      - application/json; charset=utf-8
      date:
      - Tue, 11 Jun 2024 08:23:01 GMT
      expires:
      - '-1'
      pragma:
      - no-cache
      strict-transport-security:
      - max-age=31536000; includeSubDomains
      x-cache:
      - CONFIG_NOCACHE
      x-content-type-options:
      - nosniff
      x-ms-ratelimit-remaining-resource:
      - Microsoft.Compute/GetOperationResource;43,Microsoft.Compute/GetOperationSubscriptionMaximum;14995
      x-ms-ratelimit-remaining-subscription-global-reads:
      - '3749'
      x-msedge-ref:
      - 'Ref A: 0473E801CE804CB8A45AC6A44AB1B2C7 Ref B: MNZ221060610017 Ref C: 2024-06-11T08:23:01Z'
    status:
      code: 200
      message: ''
- request:
    body: null
    headers:
      Accept:
      - application/json
      Accept-Encoding:
      - gzip, deflate
      CommandName:
      - image create
      Connection:
      - keep-alive
      ParameterSetName:
      - -g -n --source
      User-Agent:
      - AZURECLI/2.61.0 azsdk-python-core/1.30.2 Python/3.10.14 (Linux-5.15.0-1064-azure-x86_64-with-glibc2.31)
        VSTS_7b238909-6802-4b65-b90d-184bca47f458_build_220_0
    method: GET
    uri: https://management.azure.com/subscriptions/00000000-0000-0000-0000-000000000000/resourceGroups/cli_test_generalize_vm_debian000001/providers/Microsoft.Compute/virtualMachines/vm-generalize?api-version=2024-03-01
  response:
    body:
      string: "{\r\n  \"name\": \"vm-generalize\",\r\n  \"id\": \"/subscriptions/00000000-0000-0000-0000-000000000000/resourceGroups/cli_test_generalize_vm_debian000001/providers/Microsoft.Compute/virtualMachines/vm-generalize\",\r\n
        \ \"type\": \"Microsoft.Compute/virtualMachines\",\r\n  \"location\": \"westus\",\r\n
        \ \"tags\": {},\r\n  \"properties\": {\r\n    \"hardwareProfile\": {\r\n      \"vmSize\":
        \"Standard_DS1_v2\"\r\n    },\r\n    \"provisioningState\": \"Succeeded\",\r\n
        \   \"vmId\": \"f3bf9ccc-6d59-48c3-93f5-47b97966c690\",\r\n    \"storageProfile\":
        {\r\n      \"imageReference\": {\r\n        \"publisher\": \"Debian\",\r\n
        \       \"offer\": \"debian-10\",\r\n        \"sku\": \"10\",\r\n        \"version\":
        \"latest\",\r\n        \"exactVersion\": \"0.20240430.1733\"\r\n      },\r\n
        \     \"osDisk\": {\r\n        \"osType\": \"Linux\",\r\n        \"name\":
        \"osdisk_ff3ad11d4e\",\r\n        \"createOption\": \"FromImage\",\r\n        \"vhd\":
        {\r\n          \"uri\": \"https://vhdstorageff3ad11d4e3003.blob.core.windows.net/vhds/osdisk_ff3ad11d4e.vhd\"\r\n
        \       },\r\n        \"caching\": \"ReadWrite\",\r\n        \"deleteOption\":
        \"Detach\",\r\n        \"diskSizeGB\": 30\r\n      },\r\n      \"dataDisks\":
        []\r\n    },\r\n    \"osProfile\": {\r\n      \"computerName\": \"vm-generalize\",\r\n
        \     \"adminUsername\": \"debian\",\r\n      \"linuxConfiguration\": {\r\n
        \       \"disablePasswordAuthentication\": false,\r\n        \"provisionVMAgent\":
        true,\r\n        \"patchSettings\": {\r\n          \"patchMode\": \"ImageDefault\",\r\n
        \         \"assessmentMode\": \"ImageDefault\"\r\n        }\r\n      },\r\n
        \     \"secrets\": [],\r\n      \"allowExtensionOperations\": true,\r\n      \"requireGuestProvisionSignal\":
        true\r\n    },\r\n    \"networkProfile\": {\"networkInterfaces\":[{\"id\":\"/subscriptions/00000000-0000-0000-0000-000000000000/resourceGroups/cli_test_generalize_vm_debian000001/providers/Microsoft.Network/networkInterfaces/vm-generalizeVMNic\"}]},\r\n
        \   \"timeCreated\": \"2024-06-11T08:21:23.7392732+00:00\"\r\n  }\r\n}"
    headers:
      cache-control:
      - no-cache
      content-length:
      - '1825'
      content-type:
      - application/json; charset=utf-8
      date:
      - Tue, 11 Jun 2024 08:23:02 GMT
      expires:
      - '-1'
      pragma:
      - no-cache
      strict-transport-security:
      - max-age=31536000; includeSubDomains
      x-cache:
      - CONFIG_NOCACHE
      x-content-type-options:
      - nosniff
      x-ms-ratelimit-remaining-resource:
      - Microsoft.Compute/LowCostGetSubscriptionMaximum;23995,Microsoft.Compute/LowCostGetResource;34
      x-ms-ratelimit-remaining-subscription-global-reads:
      - '3749'
      x-msedge-ref:
      - 'Ref A: B0A029E011AE4E8B9DF7205834BFCA52 Ref B: MNZ221060609011 Ref C: 2024-06-11T08:23:02Z'
    status:
      code: 200
      message: ''
- request:
    body: null
    headers:
      Accept:
      - application/json
      Accept-Encoding:
      - gzip, deflate
      CommandName:
      - image create
      Connection:
      - keep-alive
      ParameterSetName:
      - -g -n --source
      User-Agent:
      - AZURECLI/2.61.0 azsdk-python-core/1.30.2 Python/3.10.14 (Linux-5.15.0-1064-azure-x86_64-with-glibc2.31)
        VSTS_7b238909-6802-4b65-b90d-184bca47f458_build_220_0
    method: GET
    uri: https://management.azure.com/subscriptions/00000000-0000-0000-0000-000000000000/resourcegroups/cli_test_generalize_vm_debian000001?api-version=2022-09-01
  response:
    body:
      string: '{"id":"/subscriptions/00000000-0000-0000-0000-000000000000/resourceGroups/cli_test_generalize_vm_debian000001","name":"cli_test_generalize_vm_debian000001","type":"Microsoft.Resources/resourceGroups","location":"westus","tags":{"product":"azurecli","cause":"automation","test":"test_vm_generalize_debian","date":"2024-06-11T08:20:44Z","module":"vm","DateCreated":"2024-06-11T08:20:47Z","Creator":"05e98f05-c170-4236-968f-5bf6b5884bfc"},"properties":{"provisioningState":"Succeeded"}}'
    headers:
      cache-control:
      - no-cache
      content-length:
      - '483'
      content-type:
      - application/json; charset=utf-8
      date:
      - Tue, 11 Jun 2024 08:23:02 GMT
      expires:
      - '-1'
      pragma:
      - no-cache
      strict-transport-security:
      - max-age=31536000; includeSubDomains
      x-cache:
      - CONFIG_NOCACHE
      x-content-type-options:
      - nosniff
      x-ms-ratelimit-remaining-subscription-global-reads:
      - '3749'
      x-msedge-ref:
      - 'Ref A: 8C7207B18A3F4FEC80EC09AFED3D1CE6 Ref B: MNZ221060610019 Ref C: 2024-06-11T08:23:02Z'
    status:
      code: 200
      message: OK
- request:
    body: '{"location": "westus", "tags": {}, "properties": {"sourceVirtualMachine":
      {"id": "/subscriptions/00000000-0000-0000-0000-000000000000/resourceGroups/cli_test_generalize_vm_debian000001/providers/Microsoft.Compute/virtualMachines/vm-generalize"},
      "hyperVGeneration": "V1"}}'
    headers:
      Accept:
      - application/json
      Accept-Encoding:
      - gzip, deflate
      CommandName:
      - image create
      Connection:
      - keep-alive
      Content-Length:
      - '272'
      Content-Type:
      - application/json
      ParameterSetName:
      - -g -n --source
      User-Agent:
      - AZURECLI/2.61.0 azsdk-python-core/1.30.2 Python/3.10.14 (Linux-5.15.0-1064-azure-x86_64-with-glibc2.31)
        VSTS_7b238909-6802-4b65-b90d-184bca47f458_build_220_0
    method: PUT
    uri: https://management.azure.com/subscriptions/00000000-0000-0000-0000-000000000000/resourceGroups/cli_test_generalize_vm_debian000001/providers/Microsoft.Compute/images/myImage?api-version=2024-03-01
  response:
    body:
      string: "{\r\n  \"name\": \"myImage\",\r\n  \"id\": \"/subscriptions/00000000-0000-0000-0000-000000000000/resourceGroups/cli_test_generalize_vm_debian000001/providers/Microsoft.Compute/images/myImage\",\r\n
        \ \"type\": \"Microsoft.Compute/images\",\r\n  \"location\": \"westus\",\r\n
        \ \"tags\": {},\r\n  \"properties\": {\r\n    \"sourceVirtualMachine\": {\r\n
        \     \"id\": \"/subscriptions/00000000-0000-0000-0000-000000000000/resourceGroups/cli_test_generalize_vm_debian000001/providers/Microsoft.Compute/virtualMachines/vm-generalize\"\r\n
        \   },\r\n    \"storageProfile\": {\r\n      \"osDisk\": {\r\n        \"osType\":
        \"Linux\",\r\n        \"osState\": \"Generalized\",\r\n        \"diskSizeGB\":
        30,\r\n        \"blobUri\": \"https://vhdstorageff3ad11d4e3003.blob.core.windows.net/vhds/osdisk_ff3ad11d4e.vhd\",\r\n
        \       \"caching\": \"ReadWrite\",\r\n        \"storageAccountType\": \"Standard_LRS\"\r\n
        \     },\r\n      \"dataDisks\": []\r\n    },\r\n    \"provisioningState\":
        \"Creating\",\r\n    \"hyperVGeneration\": \"V1\"\r\n  }\r\n}"
    headers:
      azure-asyncnotification:
      - Enabled
      azure-asyncoperation:
      - https://management.azure.com/subscriptions/00000000-0000-0000-0000-000000000000/providers/Microsoft.Compute/locations/westus/operations/971e1f5e-9db6-405b-aff8-f2ad6d2990cb?p=571046f6-b640-41c1-86f7-f9f044b5adf9&api-version=2024-03-01&t=638536909888098503&c=MIIHhzCCBm-gAwIBAgITfATUDnhanTLRPeyZxwAABNQOeDANBgkqhkiG9w0BAQsFADBEMRMwEQYKCZImiZPyLGQBGRYDR0JMMRMwEQYKCZImiZPyLGQBGRYDQU1FMRgwFgYDVQQDEw9BTUUgSW5mcmEgQ0EgMDUwHhcNMjQwNTA5MTgwOTM3WhcNMjUwNTA0MTgwOTM3WjBAMT4wPAYDVQQDEzVhc3luY29wZXJhdGlvbnNpZ25pbmdjZXJ0aWZpY2F0ZS5tYW5hZ2VtZW50LmF6dXJlLmNvbTCCASIwDQYJKoZIhvcNAQEBBQADggEPADCCAQoCggEBAL9dgMYYraJFlILLieCu28kujI4Eh_o_VNUMODlVyQkeY76IALT8f-X5D0AbgZujawag12jT_t6b5XuEUL5d-K_TBnvCQbYD9roAD-qWL6Aw7DznLoWvMoAX4tn8ngoKup3mxnKUPJ9c09dr_CTsE6QjpcT4DYzTZ0jQ_Nsi7kY20vZZLm1FsTuPzkG8N4XnapOt6O2JPSgdtRa68z-kHJia0Z0zfCVBpqN4T4a_depQa2MOOXTmsPmm6J4GRhj6UdTJZ1TyBGGI3MmjNY6ih6M6NilZJWZuQXuNG1LQ_PonDW8K_rfK2zzobonkASWw2_T1KI_w2cZ2zfPKmQ0gmgECAwEAAaOCBHQwggRwMCcGCSsGAQQBgjcVCgQaMBgwCgYIKwYBBQUHAwEwCgYIKwYBBQUHAwIwPQYJKwYBBAGCNxUHBDAwLgYmKwYBBAGCNxUIhpDjDYTVtHiE8Ys-hZvdFs6dEoFggvX2K4Py0SACAWQCAQowggHLBggrBgEFBQcBAQSCAb0wggG5MGMGCCsGAQUFBzAChldodHRwOi8vY3JsLm1pY3Jvc29mdC5jb20vcGtpaW5mcmEvQ2VydHMvQ08xUEtJSU5UQ0EwMS5BTUUuR0JMX0FNRSUyMEluZnJhJTIwQ0ElMjAwNS5jcnQwUwYIKwYBBQUHMAKGR2h0dHA6Ly9jcmwxLmFtZS5nYmwvYWlhL0NPMVBLSUlOVENBMDEuQU1FLkdCTF9BTUUlMjBJbmZyYSUyMENBJTIwMDUuY3J0MFMGCCsGAQUFBzAChkdodHRwOi8vY3JsMi5hbWUuZ2JsL2FpYS9DTzFQS0lJTlRDQTAxLkFNRS5HQkxfQU1FJTIwSW5mcmElMjBDQSUyMDA1LmNydDBTBggrBgEFBQcwAoZHaHR0cDovL2NybDMuYW1lLmdibC9haWEvQ08xUEtJSU5UQ0EwMS5BTUUuR0JMX0FNRSUyMEluZnJhJTIwQ0ElMjAwNS5jcnQwUwYIKwYBBQUHMAKGR2h0dHA6Ly9jcmw0LmFtZS5nYmwvYWlhL0NPMVBLSUlOVENBMDEuQU1FLkdCTF9BTUUlMjBJbmZyYSUyMENBJTIwMDUuY3J0MB0GA1UdDgQWBBQ0oC1JLwjJEgoy_O3BM9Aysxec-zAOBgNVHQ8BAf8EBAMCBaAwggEmBgNVHR8EggEdMIIBGTCCARWgggERoIIBDYY_aHR0cDovL2NybC5taWNyb3NvZnQuY29tL3BraWluZnJhL0NSTC9BTUUlMjBJbmZyYSUyMENBJTIwMDUuY3JshjFodHRwOi8vY3JsMS5hbWUuZ2JsL2NybC9BTUUlMjBJbmZyYSUyMENBJTIwMDUuY3JshjFodHRwOi8vY3JsMi5hbWUuZ2JsL2NybC9BTUUlMjBJbmZyYSUyMENBJTIwMDUuY3JshjFodHRwOi8vY3JsMy5hbWUuZ2JsL2NybC9BTUUlMjBJbmZyYSUyMENBJTIwMDUuY3JshjFodHRwOi8vY3JsNC5hbWUuZ2JsL2NybC9BTUUlMjBJbmZyYSUyMENBJTIwMDUuY3JsMIGdBgNVHSAEgZUwgZIwDAYKKwYBBAGCN3sBATBmBgorBgEEAYI3ewICMFgwVgYIKwYBBQUHAgIwSh5IADMAMwBlADAAMQA5ADIAMQAtADQAZAA2ADQALQA0AGYAOABjAC0AYQAwADUANQAtADUAYgBkAGEAZgBmAGQANQBlADMAMwBkMAwGCisGAQQBgjd7AwEwDAYKKwYBBAGCN3sEATAfBgNVHSMEGDAWgBR61hmFKHlscXYeYPjzS--iBUIWHTAdBgNVHSUEFjAUBggrBgEFBQcDAQYIKwYBBQUHAwIwDQYJKoZIhvcNAQELBQADggEBAKmdEkN139jjyWGgskuB6Q35Ep2Jp3LPYmDiGCQVK9zV5p9kGfLrkDKSVEEGOH-AksWiTEIXxH5ZOy8fVqSKEe8BydTnXSO9lbxRaaQibKWF1fTtYRKN6YOozt99yCKw5sqGkb9SB_oh50FwQuU1YTRn8qe0mUUZpnwuwvmbzS_wMVe697AdCN-ESVj7wMY8b8RU7T_JvGut6od_TePFeYcFpaqrghoBAqm49_W2fk3UfBh3GdrURTsdOc6eyQnUmoqHwYA09HljPJO3jytAAqxWtAg9VPYSTpTpzefLo5SV1xK_p16S4TMOikHK6CMyLKwKYSBIZoFMsQAlEXLg_ao&s=mtCy6_-BklmGF9zJ-WOkmttjhnmCxxGNOOMx8vr8J-EuWopKWFABG4xNcmn_l0Nf3PY2xAcAxuhbOoDZ6RddFIg3uS21pcaFDI6FQVGe92tNfPfBw8unZf97zyt5exznY27BzGuekXa1U0MLGl7xhrzh0wRstjuWSUBUS53kO27bmRqurawcTA39kNfttQ125xFsA8okDR0qQNq4Rk6KQ6-A3XKdL0qqOWhMMkBnXLfXALLYEKpZWDyRJU8Wiwq1wU882mcQhRgi_rTpnajHrx6Nd650mLbjxma9mh6Vn-MshtYKnGNiAiFUTXXxNIL0_K9uvN2IINangRjvibV2ew&h=T1P_iDpWmZpJlhoDL9MRbeNuLfnJUAyGGtDef6o8vCE
      cache-control:
      - no-cache
      content-length:
      - '929'
      content-type:
      - application/json; charset=utf-8
      date:
      - Tue, 11 Jun 2024 08:23:08 GMT
      expires:
      - '-1'
      pragma:
      - no-cache
      strict-transport-security:
      - max-age=31536000; includeSubDomains
      x-cache:
      - CONFIG_NOCACHE
      x-content-type-options:
      - nosniff
      x-ms-ratelimit-remaining-resource:
      - Microsoft.Compute/CreateImagesSubscriptionMaximum;59
      x-ms-ratelimit-remaining-subscription-global-writes:
      - '2999'
      x-ms-ratelimit-remaining-subscription-writes:
      - '199'
      x-msedge-ref:
      - 'Ref A: 1C925176D67A41B0864D971D1213B9EE Ref B: MNZ221060608009 Ref C: 2024-06-11T08:23:02Z'
    status:
      code: 201
      message: ''
- request:
    body: null
    headers:
      Accept:
      - '*/*'
      Accept-Encoding:
      - gzip, deflate
      CommandName:
      - image create
      Connection:
      - keep-alive
      ParameterSetName:
      - -g -n --source
      User-Agent:
      - AZURECLI/2.61.0 azsdk-python-core/1.30.2 Python/3.10.14 (Linux-5.15.0-1064-azure-x86_64-with-glibc2.31)
        VSTS_7b238909-6802-4b65-b90d-184bca47f458_build_220_0
    method: GET
    uri: https://management.azure.com/subscriptions/00000000-0000-0000-0000-000000000000/providers/Microsoft.Compute/locations/westus/operations/971e1f5e-9db6-405b-aff8-f2ad6d2990cb?p=571046f6-b640-41c1-86f7-f9f044b5adf9&api-version=2024-03-01&t=638536909888098503&c=MIIHhzCCBm-gAwIBAgITfATUDnhanTLRPeyZxwAABNQOeDANBgkqhkiG9w0BAQsFADBEMRMwEQYKCZImiZPyLGQBGRYDR0JMMRMwEQYKCZImiZPyLGQBGRYDQU1FMRgwFgYDVQQDEw9BTUUgSW5mcmEgQ0EgMDUwHhcNMjQwNTA5MTgwOTM3WhcNMjUwNTA0MTgwOTM3WjBAMT4wPAYDVQQDEzVhc3luY29wZXJhdGlvbnNpZ25pbmdjZXJ0aWZpY2F0ZS5tYW5hZ2VtZW50LmF6dXJlLmNvbTCCASIwDQYJKoZIhvcNAQEBBQADggEPADCCAQoCggEBAL9dgMYYraJFlILLieCu28kujI4Eh_o_VNUMODlVyQkeY76IALT8f-X5D0AbgZujawag12jT_t6b5XuEUL5d-K_TBnvCQbYD9roAD-qWL6Aw7DznLoWvMoAX4tn8ngoKup3mxnKUPJ9c09dr_CTsE6QjpcT4DYzTZ0jQ_Nsi7kY20vZZLm1FsTuPzkG8N4XnapOt6O2JPSgdtRa68z-kHJia0Z0zfCVBpqN4T4a_depQa2MOOXTmsPmm6J4GRhj6UdTJZ1TyBGGI3MmjNY6ih6M6NilZJWZuQXuNG1LQ_PonDW8K_rfK2zzobonkASWw2_T1KI_w2cZ2zfPKmQ0gmgECAwEAAaOCBHQwggRwMCcGCSsGAQQBgjcVCgQaMBgwCgYIKwYBBQUHAwEwCgYIKwYBBQUHAwIwPQYJKwYBBAGCNxUHBDAwLgYmKwYBBAGCNxUIhpDjDYTVtHiE8Ys-hZvdFs6dEoFggvX2K4Py0SACAWQCAQowggHLBggrBgEFBQcBAQSCAb0wggG5MGMGCCsGAQUFBzAChldodHRwOi8vY3JsLm1pY3Jvc29mdC5jb20vcGtpaW5mcmEvQ2VydHMvQ08xUEtJSU5UQ0EwMS5BTUUuR0JMX0FNRSUyMEluZnJhJTIwQ0ElMjAwNS5jcnQwUwYIKwYBBQUHMAKGR2h0dHA6Ly9jcmwxLmFtZS5nYmwvYWlhL0NPMVBLSUlOVENBMDEuQU1FLkdCTF9BTUUlMjBJbmZyYSUyMENBJTIwMDUuY3J0MFMGCCsGAQUFBzAChkdodHRwOi8vY3JsMi5hbWUuZ2JsL2FpYS9DTzFQS0lJTlRDQTAxLkFNRS5HQkxfQU1FJTIwSW5mcmElMjBDQSUyMDA1LmNydDBTBggrBgEFBQcwAoZHaHR0cDovL2NybDMuYW1lLmdibC9haWEvQ08xUEtJSU5UQ0EwMS5BTUUuR0JMX0FNRSUyMEluZnJhJTIwQ0ElMjAwNS5jcnQwUwYIKwYBBQUHMAKGR2h0dHA6Ly9jcmw0LmFtZS5nYmwvYWlhL0NPMVBLSUlOVENBMDEuQU1FLkdCTF9BTUUlMjBJbmZyYSUyMENBJTIwMDUuY3J0MB0GA1UdDgQWBBQ0oC1JLwjJEgoy_O3BM9Aysxec-zAOBgNVHQ8BAf8EBAMCBaAwggEmBgNVHR8EggEdMIIBGTCCARWgggERoIIBDYY_aHR0cDovL2NybC5taWNyb3NvZnQuY29tL3BraWluZnJhL0NSTC9BTUUlMjBJbmZyYSUyMENBJTIwMDUuY3JshjFodHRwOi8vY3JsMS5hbWUuZ2JsL2NybC9BTUUlMjBJbmZyYSUyMENBJTIwMDUuY3JshjFodHRwOi8vY3JsMi5hbWUuZ2JsL2NybC9BTUUlMjBJbmZyYSUyMENBJTIwMDUuY3JshjFodHRwOi8vY3JsMy5hbWUuZ2JsL2NybC9BTUUlMjBJbmZyYSUyMENBJTIwMDUuY3JshjFodHRwOi8vY3JsNC5hbWUuZ2JsL2NybC9BTUUlMjBJbmZyYSUyMENBJTIwMDUuY3JsMIGdBgNVHSAEgZUwgZIwDAYKKwYBBAGCN3sBATBmBgorBgEEAYI3ewICMFgwVgYIKwYBBQUHAgIwSh5IADMAMwBlADAAMQA5ADIAMQAtADQAZAA2ADQALQA0AGYAOABjAC0AYQAwADUANQAtADUAYgBkAGEAZgBmAGQANQBlADMAMwBkMAwGCisGAQQBgjd7AwEwDAYKKwYBBAGCN3sEATAfBgNVHSMEGDAWgBR61hmFKHlscXYeYPjzS--iBUIWHTAdBgNVHSUEFjAUBggrBgEFBQcDAQYIKwYBBQUHAwIwDQYJKoZIhvcNAQELBQADggEBAKmdEkN139jjyWGgskuB6Q35Ep2Jp3LPYmDiGCQVK9zV5p9kGfLrkDKSVEEGOH-AksWiTEIXxH5ZOy8fVqSKEe8BydTnXSO9lbxRaaQibKWF1fTtYRKN6YOozt99yCKw5sqGkb9SB_oh50FwQuU1YTRn8qe0mUUZpnwuwvmbzS_wMVe697AdCN-ESVj7wMY8b8RU7T_JvGut6od_TePFeYcFpaqrghoBAqm49_W2fk3UfBh3GdrURTsdOc6eyQnUmoqHwYA09HljPJO3jytAAqxWtAg9VPYSTpTpzefLo5SV1xK_p16S4TMOikHK6CMyLKwKYSBIZoFMsQAlEXLg_ao&s=mtCy6_-BklmGF9zJ-WOkmttjhnmCxxGNOOMx8vr8J-EuWopKWFABG4xNcmn_l0Nf3PY2xAcAxuhbOoDZ6RddFIg3uS21pcaFDI6FQVGe92tNfPfBw8unZf97zyt5exznY27BzGuekXa1U0MLGl7xhrzh0wRstjuWSUBUS53kO27bmRqurawcTA39kNfttQ125xFsA8okDR0qQNq4Rk6KQ6-A3XKdL0qqOWhMMkBnXLfXALLYEKpZWDyRJU8Wiwq1wU882mcQhRgi_rTpnajHrx6Nd650mLbjxma9mh6Vn-MshtYKnGNiAiFUTXXxNIL0_K9uvN2IINangRjvibV2ew&h=T1P_iDpWmZpJlhoDL9MRbeNuLfnJUAyGGtDef6o8vCE
  response:
    body:
      string: "{\r\n  \"startTime\": \"2024-06-11T08:23:03.5994694+00:00\",\r\n  \"status\":
        \"InProgress\",\r\n  \"name\": \"971e1f5e-9db6-405b-aff8-f2ad6d2990cb\"\r\n}"
    headers:
      cache-control:
      - no-cache
      content-length:
      - '134'
      content-type:
      - application/json; charset=utf-8
      date:
      - Tue, 11 Jun 2024 08:23:08 GMT
      expires:
      - '-1'
      pragma:
      - no-cache
      strict-transport-security:
      - max-age=31536000; includeSubDomains
      x-cache:
      - CONFIG_NOCACHE
      x-content-type-options:
      - nosniff
      x-ms-ratelimit-remaining-resource:
      - Microsoft.Compute/GetOperationResource;44,Microsoft.Compute/GetOperationSubscriptionMaximum;14993
      x-ms-ratelimit-remaining-subscription-global-reads:
      - '3749'
      x-msedge-ref:
      - 'Ref A: 2B56BCAFA935402984D7A822A0932A11 Ref B: MNZ221060610023 Ref C: 2024-06-11T08:23:08Z'
    status:
      code: 200
      message: ''
- request:
    body: null
    headers:
      Accept:
      - '*/*'
      Accept-Encoding:
      - gzip, deflate
      CommandName:
      - image create
      Connection:
      - keep-alive
      ParameterSetName:
      - -g -n --source
      User-Agent:
      - AZURECLI/2.61.0 azsdk-python-core/1.30.2 Python/3.10.14 (Linux-5.15.0-1064-azure-x86_64-with-glibc2.31)
        VSTS_7b238909-6802-4b65-b90d-184bca47f458_build_220_0
    method: GET
    uri: https://management.azure.com/subscriptions/00000000-0000-0000-0000-000000000000/providers/Microsoft.Compute/locations/westus/operations/971e1f5e-9db6-405b-aff8-f2ad6d2990cb?p=571046f6-b640-41c1-86f7-f9f044b5adf9&api-version=2024-03-01&t=638536909888098503&c=MIIHhzCCBm-gAwIBAgITfATUDnhanTLRPeyZxwAABNQOeDANBgkqhkiG9w0BAQsFADBEMRMwEQYKCZImiZPyLGQBGRYDR0JMMRMwEQYKCZImiZPyLGQBGRYDQU1FMRgwFgYDVQQDEw9BTUUgSW5mcmEgQ0EgMDUwHhcNMjQwNTA5MTgwOTM3WhcNMjUwNTA0MTgwOTM3WjBAMT4wPAYDVQQDEzVhc3luY29wZXJhdGlvbnNpZ25pbmdjZXJ0aWZpY2F0ZS5tYW5hZ2VtZW50LmF6dXJlLmNvbTCCASIwDQYJKoZIhvcNAQEBBQADggEPADCCAQoCggEBAL9dgMYYraJFlILLieCu28kujI4Eh_o_VNUMODlVyQkeY76IALT8f-X5D0AbgZujawag12jT_t6b5XuEUL5d-K_TBnvCQbYD9roAD-qWL6Aw7DznLoWvMoAX4tn8ngoKup3mxnKUPJ9c09dr_CTsE6QjpcT4DYzTZ0jQ_Nsi7kY20vZZLm1FsTuPzkG8N4XnapOt6O2JPSgdtRa68z-kHJia0Z0zfCVBpqN4T4a_depQa2MOOXTmsPmm6J4GRhj6UdTJZ1TyBGGI3MmjNY6ih6M6NilZJWZuQXuNG1LQ_PonDW8K_rfK2zzobonkASWw2_T1KI_w2cZ2zfPKmQ0gmgECAwEAAaOCBHQwggRwMCcGCSsGAQQBgjcVCgQaMBgwCgYIKwYBBQUHAwEwCgYIKwYBBQUHAwIwPQYJKwYBBAGCNxUHBDAwLgYmKwYBBAGCNxUIhpDjDYTVtHiE8Ys-hZvdFs6dEoFggvX2K4Py0SACAWQCAQowggHLBggrBgEFBQcBAQSCAb0wggG5MGMGCCsGAQUFBzAChldodHRwOi8vY3JsLm1pY3Jvc29mdC5jb20vcGtpaW5mcmEvQ2VydHMvQ08xUEtJSU5UQ0EwMS5BTUUuR0JMX0FNRSUyMEluZnJhJTIwQ0ElMjAwNS5jcnQwUwYIKwYBBQUHMAKGR2h0dHA6Ly9jcmwxLmFtZS5nYmwvYWlhL0NPMVBLSUlOVENBMDEuQU1FLkdCTF9BTUUlMjBJbmZyYSUyMENBJTIwMDUuY3J0MFMGCCsGAQUFBzAChkdodHRwOi8vY3JsMi5hbWUuZ2JsL2FpYS9DTzFQS0lJTlRDQTAxLkFNRS5HQkxfQU1FJTIwSW5mcmElMjBDQSUyMDA1LmNydDBTBggrBgEFBQcwAoZHaHR0cDovL2NybDMuYW1lLmdibC9haWEvQ08xUEtJSU5UQ0EwMS5BTUUuR0JMX0FNRSUyMEluZnJhJTIwQ0ElMjAwNS5jcnQwUwYIKwYBBQUHMAKGR2h0dHA6Ly9jcmw0LmFtZS5nYmwvYWlhL0NPMVBLSUlOVENBMDEuQU1FLkdCTF9BTUUlMjBJbmZyYSUyMENBJTIwMDUuY3J0MB0GA1UdDgQWBBQ0oC1JLwjJEgoy_O3BM9Aysxec-zAOBgNVHQ8BAf8EBAMCBaAwggEmBgNVHR8EggEdMIIBGTCCARWgggERoIIBDYY_aHR0cDovL2NybC5taWNyb3NvZnQuY29tL3BraWluZnJhL0NSTC9BTUUlMjBJbmZyYSUyMENBJTIwMDUuY3JshjFodHRwOi8vY3JsMS5hbWUuZ2JsL2NybC9BTUUlMjBJbmZyYSUyMENBJTIwMDUuY3JshjFodHRwOi8vY3JsMi5hbWUuZ2JsL2NybC9BTUUlMjBJbmZyYSUyMENBJTIwMDUuY3JshjFodHRwOi8vY3JsMy5hbWUuZ2JsL2NybC9BTUUlMjBJbmZyYSUyMENBJTIwMDUuY3JshjFodHRwOi8vY3JsNC5hbWUuZ2JsL2NybC9BTUUlMjBJbmZyYSUyMENBJTIwMDUuY3JsMIGdBgNVHSAEgZUwgZIwDAYKKwYBBAGCN3sBATBmBgorBgEEAYI3ewICMFgwVgYIKwYBBQUHAgIwSh5IADMAMwBlADAAMQA5ADIAMQAtADQAZAA2ADQALQA0AGYAOABjAC0AYQAwADUANQAtADUAYgBkAGEAZgBmAGQANQBlADMAMwBkMAwGCisGAQQBgjd7AwEwDAYKKwYBBAGCN3sEATAfBgNVHSMEGDAWgBR61hmFKHlscXYeYPjzS--iBUIWHTAdBgNVHSUEFjAUBggrBgEFBQcDAQYIKwYBBQUHAwIwDQYJKoZIhvcNAQELBQADggEBAKmdEkN139jjyWGgskuB6Q35Ep2Jp3LPYmDiGCQVK9zV5p9kGfLrkDKSVEEGOH-AksWiTEIXxH5ZOy8fVqSKEe8BydTnXSO9lbxRaaQibKWF1fTtYRKN6YOozt99yCKw5sqGkb9SB_oh50FwQuU1YTRn8qe0mUUZpnwuwvmbzS_wMVe697AdCN-ESVj7wMY8b8RU7T_JvGut6od_TePFeYcFpaqrghoBAqm49_W2fk3UfBh3GdrURTsdOc6eyQnUmoqHwYA09HljPJO3jytAAqxWtAg9VPYSTpTpzefLo5SV1xK_p16S4TMOikHK6CMyLKwKYSBIZoFMsQAlEXLg_ao&s=mtCy6_-BklmGF9zJ-WOkmttjhnmCxxGNOOMx8vr8J-EuWopKWFABG4xNcmn_l0Nf3PY2xAcAxuhbOoDZ6RddFIg3uS21pcaFDI6FQVGe92tNfPfBw8unZf97zyt5exznY27BzGuekXa1U0MLGl7xhrzh0wRstjuWSUBUS53kO27bmRqurawcTA39kNfttQ125xFsA8okDR0qQNq4Rk6KQ6-A3XKdL0qqOWhMMkBnXLfXALLYEKpZWDyRJU8Wiwq1wU882mcQhRgi_rTpnajHrx6Nd650mLbjxma9mh6Vn-MshtYKnGNiAiFUTXXxNIL0_K9uvN2IINangRjvibV2ew&h=T1P_iDpWmZpJlhoDL9MRbeNuLfnJUAyGGtDef6o8vCE
  response:
    body:
      string: "{\r\n  \"startTime\": \"2024-06-11T08:23:03.5994694+00:00\",\r\n  \"endTime\":
        \"2024-06-11T08:23:13.7558028+00:00\",\r\n  \"status\": \"Succeeded\",\r\n
        \ \"name\": \"971e1f5e-9db6-405b-aff8-f2ad6d2990cb\"\r\n}"
    headers:
      cache-control:
      - no-cache
      content-length:
      - '184'
      content-type:
      - application/json; charset=utf-8
      date:
      - Tue, 11 Jun 2024 08:23:38 GMT
      expires:
      - '-1'
      pragma:
      - no-cache
      strict-transport-security:
      - max-age=31536000; includeSubDomains
      x-cache:
      - CONFIG_NOCACHE
      x-content-type-options:
      - nosniff
      x-ms-ratelimit-remaining-resource:
      - Microsoft.Compute/GetOperationResource;42,Microsoft.Compute/GetOperationSubscriptionMaximum;14990
      x-ms-ratelimit-remaining-subscription-global-reads:
      - '3749'
      x-msedge-ref:
      - 'Ref A: 06E115806EBA449687D53DF3F6A76515 Ref B: MNZ221060618025 Ref C: 2024-06-11T08:23:39Z'
    status:
      code: 200
      message: ''
- request:
    body: null
    headers:
      Accept:
      - '*/*'
      Accept-Encoding:
      - gzip, deflate
      CommandName:
      - image create
      Connection:
      - keep-alive
      ParameterSetName:
      - -g -n --source
      User-Agent:
      - AZURECLI/2.61.0 azsdk-python-core/1.30.2 Python/3.10.14 (Linux-5.15.0-1064-azure-x86_64-with-glibc2.31)
        VSTS_7b238909-6802-4b65-b90d-184bca47f458_build_220_0
    method: GET
    uri: https://management.azure.com/subscriptions/00000000-0000-0000-0000-000000000000/resourceGroups/cli_test_generalize_vm_debian000001/providers/Microsoft.Compute/images/myImage?api-version=2024-03-01
  response:
    body:
      string: "{\r\n  \"name\": \"myImage\",\r\n  \"id\": \"/subscriptions/00000000-0000-0000-0000-000000000000/resourceGroups/cli_test_generalize_vm_debian000001/providers/Microsoft.Compute/images/myImage\",\r\n
        \ \"type\": \"Microsoft.Compute/images\",\r\n  \"location\": \"westus\",\r\n
        \ \"tags\": {},\r\n  \"properties\": {\r\n    \"sourceVirtualMachine\": {\r\n
        \     \"id\": \"/subscriptions/00000000-0000-0000-0000-000000000000/resourceGroups/cli_test_generalize_vm_debian000001/providers/Microsoft.Compute/virtualMachines/vm-generalize\"\r\n
        \   },\r\n    \"storageProfile\": {\r\n      \"osDisk\": {\r\n        \"osType\":
        \"Linux\",\r\n        \"osState\": \"Generalized\",\r\n        \"diskSizeGB\":
        30,\r\n        \"blobUri\": \"https://vhdstorageff3ad11d4e3003.blob.core.windows.net/vhds/osdisk_ff3ad11d4e.vhd\",\r\n
        \       \"caching\": \"ReadWrite\",\r\n        \"storageAccountType\": \"Standard_LRS\"\r\n
        \     },\r\n      \"dataDisks\": []\r\n    },\r\n    \"provisioningState\":
        \"Succeeded\",\r\n    \"hyperVGeneration\": \"V1\"\r\n  }\r\n}"
    headers:
      cache-control:
      - no-cache
      content-length:
      - '930'
      content-type:
      - application/json; charset=utf-8
      date:
      - Tue, 11 Jun 2024 08:23:39 GMT
      expires:
      - '-1'
      pragma:
      - no-cache
      strict-transport-security:
      - max-age=31536000; includeSubDomains
      x-cache:
      - CONFIG_NOCACHE
      x-content-type-options:
      - nosniff
      x-ms-ratelimit-remaining-resource:
      - Microsoft.Compute/GetImagesSubscriptionMaximum;359
      x-ms-ratelimit-remaining-subscription-global-reads:
      - '3749'
      x-msedge-ref:
      - 'Ref A: 2BEF8E9AE96144A8BDA8276405AF1655 Ref B: MNZ221060619039 Ref C: 2024-06-11T08:23:39Z'
    status:
      code: 200
      message: ''
version: 1
