interactions:
- request:
    body: null
    headers:
      Accept:
      - application/json
      Accept-Encoding:
      - gzip, deflate
      CommandName:
      - vm create
      Connection:
      - keep-alive
      ParameterSetName:
      - -n -g --image --admin-username
      User-Agent:
      - AZURECLI/2.36.0 azsdk-python-azure-mgmt-resource/20.0.0 Python/3.8.10 (Windows-10-10.0.22000-SP0)
    method: GET
    uri: https://management.azure.com/subscriptions/00000000-0000-0000-0000-000000000000/resourcegroups/cli_test_copy_vm_restore_point000001?api-version=2021-04-01
  response:
    body:
      string: '{"id":"/subscriptions/00000000-0000-0000-0000-000000000000/resourceGroups/cli_test_copy_vm_restore_point000001","name":"cli_test_copy_vm_restore_point000001","type":"Microsoft.Resources/resourceGroups","location":"westus","tags":{"product":"azurecli","cause":"automation","date":"2022-05-18T12:38:05Z"},"properties":{"provisioningState":"Succeeded"}}'
    headers:
      cache-control:
      - no-cache
      content-length:
      - '350'
      content-type:
      - application/json; charset=utf-8
      date:
      - Wed, 18 May 2022 12:38:07 GMT
      expires:
      - '-1'
      pragma:
      - no-cache
      strict-transport-security:
      - max-age=31536000; includeSubDomains
      vary:
      - Accept-Encoding
      x-content-type-options:
      - nosniff
    status:
      code: 200
      message: OK
- request:
    body: null
    headers:
      Accept:
      - '*/*'
      Accept-Encoding:
      - gzip, deflate
      Connection:
      - keep-alive
      User-Agent:
      - python-requests/2.26.0
    method: GET
    uri: https://raw.githubusercontent.com/Azure/azure-rest-api-specs/main/arm-compute/quickstart-templates/aliases.json
  response:
    body:
      string: "{\n  \"$schema\": \"http://schema.management.azure.com/schemas/2015-01-01/deploymentTemplate.json\",\n
        \ \"contentVersion\": \"1.0.0.0\",\n  \"parameters\": {},\n  \"variables\":
        {},\n  \"resources\": [],\n  \"outputs\": {\n    \"aliases\": {\n      \"type\":
        \"object\",\n      \"value\": {\n        \"Linux\": {\n          \"CentOS\":
        {\n            \"publisher\": \"OpenLogic\",\n            \"offer\": \"CentOS\",\n
        \           \"sku\": \"7.5\",\n            \"version\": \"latest\"\n          },\n
        \         \"Debian\": {\n            \"publisher\": \"Debian\",\n            \"offer\":
        \"debian-10\",\n            \"sku\": \"10\",\n            \"version\": \"latest\"\n
        \         },\n          \"Flatcar\": {\n            \"publisher\": \"kinvolk\",\n
        \           \"offer\": \"flatcar-container-linux-free\",\n            \"sku\":
        \"stable\",\n            \"version\": \"latest\"\n          },\n          \"openSUSE-Leap\":
        {\n            \"publisher\": \"SUSE\",\n            \"offer\": \"opensuse-leap-15-3\",\n
        \           \"sku\": \"gen2\",\n            \"version\": \"latest\"\n          },\n
        \         \"RHEL\": {\n            \"publisher\": \"RedHat\",\n            \"offer\":
        \"RHEL\",\n            \"sku\": \"7-LVM\",\n            \"version\": \"latest\"\n
        \         },\n          \"SLES\": {\n            \"publisher\": \"SUSE\",\n
        \           \"offer\": \"sles-15-sp3\",\n            \"sku\": \"gen2\",\n
        \           \"version\": \"latest\"\n          },\n          \"UbuntuLTS\":
        {\n            \"publisher\": \"Canonical\",\n            \"offer\": \"UbuntuServer\",\n
        \           \"sku\": \"18.04-LTS\",\n            \"version\": \"latest\"\n
        \         }\n        },\n        \"Windows\": {\n          \"Win2022Datacenter\":
        {\n            \"publisher\": \"MicrosoftWindowsServer\",\n            \"offer\":
        \"WindowsServer\",\n            \"sku\": \"2022-Datacenter\",\n            \"version\":
        \"latest\"\n          },\n          \"Win2022AzureEditionCore\": {\n            \"publisher\":
        \"MicrosoftWindowsServer\",\n            \"offer\": \"WindowsServer\",\n            \"sku\":
        \"2022-datacenter-azure-edition-core\",\n            \"version\": \"latest\"\n
        \         },\n          \"Win2019Datacenter\": {\n            \"publisher\":
        \"MicrosoftWindowsServer\",\n            \"offer\": \"WindowsServer\",\n            \"sku\":
        \"2019-Datacenter\",\n            \"version\": \"latest\"\n          },\n
        \         \"Win2016Datacenter\": {\n            \"publisher\": \"MicrosoftWindowsServer\",\n
        \           \"offer\": \"WindowsServer\",\n            \"sku\": \"2016-Datacenter\",\n
        \           \"version\": \"latest\"\n          },\n          \"Win2012R2Datacenter\":
        {\n            \"publisher\": \"MicrosoftWindowsServer\",\n            \"offer\":
        \"WindowsServer\",\n            \"sku\": \"2012-R2-Datacenter\",\n            \"version\":
        \"latest\"\n          },\n          \"Win2012Datacenter\": {\n            \"publisher\":
        \"MicrosoftWindowsServer\",\n            \"offer\": \"WindowsServer\",\n            \"sku\":
        \"2012-Datacenter\",\n            \"version\": \"latest\"\n          },\n
        \         \"Win2008R2SP1\": {\n            \"publisher\": \"MicrosoftWindowsServer\",\n
        \           \"offer\": \"WindowsServer\",\n            \"sku\": \"2008-R2-SP1\",\n
        \           \"version\": \"latest\"\n          }\n        }\n      }\n    }\n
        \ }\n}\n"
    headers:
      accept-ranges:
      - bytes
      access-control-allow-origin:
      - '*'
      cache-control:
      - max-age=300
      connection:
      - keep-alive
      content-length:
      - '2974'
      content-security-policy:
      - default-src 'none'; style-src 'unsafe-inline'; sandbox
      content-type:
      - text/plain; charset=utf-8
      date:
      - Wed, 18 May 2022 12:42:43 GMT
      etag:
      - W/"714b55b3e325c9c936add41807880935e033af5676c36a1ed8ab2e1e476a45f2"
      expires:
      - Wed, 18 May 2022 12:47:43 GMT
      source-age:
      - '103'
      strict-transport-security:
      - max-age=31536000
      vary:
      - Authorization,Accept-Encoding,Origin
      via:
      - 1.1 varnish
      x-cache:
      - HIT
      x-cache-hits:
      - '1'
      x-content-type-options:
      - nosniff
      x-fastly-request-id:
      - 383f8747844f193fe5389696ebdaf9497acc547e
      x-frame-options:
      - deny
      x-github-request-id:
      - 5F2A:02F4:8EBCD:BB5B4:6284B29B
      x-served-by:
      - cache-nrt18343-NRT
      x-timer:
      - S1652877764.582828,VS0,VE1
      x-xss-protection:
      - 1; mode=block
    status:
      code: 200
      message: OK
- request:
    body: null
    headers:
      Accept:
      - application/json
      Accept-Encoding:
      - gzip, deflate
      CommandName:
      - vm create
      Connection:
      - keep-alive
      ParameterSetName:
      - -n -g --image --admin-username
      User-Agent:
      - AZURECLI/2.36.0 azsdk-python-azure-mgmt-compute/27.0.0 Python/3.8.10 (Windows-10-10.0.22000-SP0)
    method: GET
    uri: https://management.azure.com/subscriptions/00000000-0000-0000-0000-000000000000/providers/Microsoft.Compute/locations/westus/publishers/Canonical/artifacttypes/vmimage/offers/UbuntuServer/skus/18.04-LTS/versions?$top=1&$orderby=name%20desc&api-version=2022-03-01
  response:
    body:
      string: "[\r\n  {\r\n    \"location\": \"westus\",\r\n    \"name\": \"18.04.202205100\",\r\n
        \   \"id\": \"/Subscriptions/00000000-0000-0000-0000-000000000000/Providers/Microsoft.Compute/Locations/westus/Publishers/Canonical/ArtifactTypes/VMImage/Offers/UbuntuServer/Skus/18.04-LTS/Versions/18.04.202205100\"\r\n
        \ }\r\n]"
    headers:
      cache-control:
      - no-cache
      content-length:
      - '286'
      content-type:
      - application/json; charset=utf-8
      date:
      - Wed, 18 May 2022 12:47:47 GMT
      expires:
      - '-1'
      pragma:
      - no-cache
      server:
      - Microsoft-HTTPAPI/2.0
      - Microsoft-HTTPAPI/2.0
      strict-transport-security:
      - max-age=31536000; includeSubDomains
      transfer-encoding:
      - chunked
      vary:
      - Accept-Encoding
      x-content-type-options:
      - nosniff
      x-ms-ratelimit-remaining-resource:
      - Microsoft.Compute/ListVMImagesVersionsFromLocation3Min;15998,Microsoft.Compute/ListVMImagesVersionsFromLocation30Min;43981
    status:
      code: 200
      message: OK
- request:
    body: null
    headers:
      Accept:
      - application/json
      Accept-Encoding:
      - gzip, deflate
      CommandName:
      - vm create
      Connection:
      - keep-alive
      ParameterSetName:
      - -n -g --image --admin-username
      User-Agent:
      - AZURECLI/2.36.0 azsdk-python-azure-mgmt-compute/27.0.0 Python/3.8.10 (Windows-10-10.0.22000-SP0)
    method: GET
    uri: https://management.azure.com/subscriptions/00000000-0000-0000-0000-000000000000/providers/Microsoft.Compute/locations/westus/publishers/Canonical/artifacttypes/vmimage/offers/UbuntuServer/skus/18.04-LTS/versions/18.04.202205100?api-version=2022-03-01
  response:
    body:
      string: "{\r\n  \"properties\": {\r\n    \"hyperVGeneration\": \"V1\",\r\n    \"architecture\":
        \"x64\",\r\n    \"replicaType\": \"Unmanaged\",\r\n    \"disallowed\": {\r\n
        \     \"vmDiskType\": \"None\"\r\n    },\r\n    \"automaticOSUpgradeProperties\":
        {\r\n      \"automaticOSUpgradeSupported\": true\r\n    },\r\n    \"imageDeprecationStatus\":
        {\r\n      \"imageState\": \"Active\"\r\n    },\r\n    \"features\": [\r\n
        \     {\r\n        \"name\": \"IsAcceleratedNetworkSupported\",\r\n        \"value\":
        \"True\"\r\n      },\r\n      {\r\n        \"name\": \"DiskControllerTypes\",\r\n
        \       \"value\": \"SCSI\"\r\n      },\r\n      {\r\n        \"name\": \"IsHibernateSupported\",\r\n
        \       \"value\": \"False\"\r\n      }\r\n    ],\r\n    \"osDiskImage\":
        {\r\n      \"operatingSystem\": \"Linux\",\r\n      \"sizeInGb\": 31,\r\n
        \     \"sizeInBytes\": 32213303808\r\n    },\r\n    \"dataDiskImages\": []\r\n
        \ },\r\n  \"location\": \"westus\",\r\n  \"name\": \"18.04.202205100\",\r\n
        \ \"id\": \"/Subscriptions/00000000-0000-0000-0000-000000000000/Providers/Microsoft.Compute/Locations/westus/Publishers/Canonical/ArtifactTypes/VMImage/Offers/UbuntuServer/Skus/18.04-LTS/Versions/18.04.202205100\"\r\n}"
    headers:
      cache-control:
      - no-cache
      content-length:
      - '1043'
      content-type:
      - application/json; charset=utf-8
      date:
      - Wed, 18 May 2022 12:47:48 GMT
      expires:
      - '-1'
      pragma:
      - no-cache
      server:
      - Microsoft-HTTPAPI/2.0
      - Microsoft-HTTPAPI/2.0
      strict-transport-security:
      - max-age=31536000; includeSubDomains
      transfer-encoding:
      - chunked
      vary:
      - Accept-Encoding
      x-content-type-options:
      - nosniff
      x-ms-ratelimit-remaining-resource:
      - Microsoft.Compute/GetVMImageFromLocation3Min;12998,Microsoft.Compute/GetVMImageFromLocation30Min;73985
    status:
      code: 200
      message: OK
- request:
    body: null
    headers:
      Accept:
      - application/json, text/json
      Accept-Encoding:
      - gzip, deflate
      CommandName:
      - vm create
      Connection:
      - keep-alive
      ParameterSetName:
      - -n -g --image --admin-username
      User-Agent:
      - AZURECLI/2.36.0 azsdk-python-azure-mgmt-network/19.3.0 Python/3.8.10 (Windows-10-10.0.22000-SP0)
    method: GET
    uri: https://management.azure.com/subscriptions/00000000-0000-0000-0000-000000000000/resourceGroups/cli_test_copy_vm_restore_point000001/providers/Microsoft.Network/virtualNetworks?api-version=2018-01-01
  response:
    body:
      string: '{"value":[]}'
    headers:
      cache-control:
      - no-cache
      content-length:
      - '12'
      content-type:
      - application/json; charset=utf-8
      date:
      - Wed, 18 May 2022 12:47:49 GMT
      expires:
      - '-1'
      pragma:
      - no-cache
      strict-transport-security:
      - max-age=31536000; includeSubDomains
      vary:
      - Accept-Encoding
      x-content-type-options:
      - nosniff
    status:
      code: 200
      message: OK
- request:
    body: '{"properties": {"template": {"$schema": "https://schema.management.azure.com/schemas/2015-01-01/deploymentTemplate.json#",
      "contentVersion": "1.0.0.0", "parameters": {}, "variables": {}, "resources":
      [{"name": "vm_000006VNET", "type": "Microsoft.Network/virtualNetworks", "location":
      "westus", "apiVersion": "2015-06-15", "dependsOn": [], "tags": {}, "properties":
      {"addressSpace": {"addressPrefixes": ["10.0.0.0/16"]}, "subnets": [{"name":
      "vm_000006Subnet", "properties": {"addressPrefix": "10.0.0.0/24"}}]}}, {"type":
      "Microsoft.Network/networkSecurityGroups", "name": "vm_000006NSG", "apiVersion":
      "2015-06-15", "location": "westus", "tags": {}, "dependsOn": [], "properties":
      {"securityRules": [{"name": "default-allow-ssh", "properties": {"protocol":
      "Tcp", "sourcePortRange": "*", "destinationPortRange": "22", "sourceAddressPrefix":
      "*", "destinationAddressPrefix": "*", "access": "Allow", "priority": 1000, "direction":
      "Inbound"}}]}}, {"apiVersion": "2018-01-01", "type": "Microsoft.Network/publicIPAddresses",
      "name": "vm_000006PublicIP", "location": "westus", "tags": {}, "dependsOn":
      [], "properties": {"publicIPAllocationMethod": null}}, {"apiVersion": "2015-06-15",
      "type": "Microsoft.Network/networkInterfaces", "name": "vm_000006VMNic", "location":
      "westus", "tags": {}, "dependsOn": ["Microsoft.Network/virtualNetworks/vm_000006VNET",
      "Microsoft.Network/networkSecurityGroups/vm_000006NSG", "Microsoft.Network/publicIpAddresses/vm_000006PublicIP"],
      "properties": {"ipConfigurations": [{"name": "ipconfigvm_000006", "properties":
      {"privateIPAllocationMethod": "Dynamic", "subnet": {"id": "/subscriptions/00000000-0000-0000-0000-000000000000/resourceGroups/cli_test_copy_vm_restore_point000001/providers/Microsoft.Network/virtualNetworks/vm_000006VNET/subnets/vm_000006Subnet"},
      "publicIPAddress": {"id": "/subscriptions/00000000-0000-0000-0000-000000000000/resourceGroups/cli_test_copy_vm_restore_point000001/providers/Microsoft.Network/publicIPAddresses/vm_000006PublicIP"}}}],
      "networkSecurityGroup": {"id": "/subscriptions/00000000-0000-0000-0000-000000000000/resourceGroups/cli_test_copy_vm_restore_point000001/providers/Microsoft.Network/networkSecurityGroups/vm_000006NSG"}}},
      {"apiVersion": "2022-03-01", "type": "Microsoft.Compute/virtualMachines", "name":
      "vm_000006", "location": "westus", "tags": {}, "dependsOn": ["Microsoft.Network/networkInterfaces/vm_000006VMNic"],
      "properties": {"hardwareProfile": {"vmSize": "Standard_DS1_v2"}, "networkProfile":
      {"networkInterfaces": [{"id": "/subscriptions/00000000-0000-0000-0000-000000000000/resourceGroups/cli_test_copy_vm_restore_point000001/providers/Microsoft.Network/networkInterfaces/vm_000006VMNic",
      "properties": {"deleteOption": null}}]}, "storageProfile": {"osDisk": {"createOption":
      "fromImage", "name": null, "caching": "ReadWrite", "managedDisk": {"storageAccountType":
      null}}, "imageReference": {"publisher": "Canonical", "offer": "UbuntuServer",
      "sku": "18.04-LTS", "version": "latest"}}, "osProfile": {"computerName": "vmkvn4ftvxv6zc",
      "adminUsername": "vmtest", "linuxConfiguration": {"disablePasswordAuthentication":
      true, "ssh": {"publicKeys": [{"keyData": "ssh-rsa AAAAB3NzaC1yc2EAAAADAQABAAABAQDBfrmPNtStaG3GJyEk6YjCZ57vUFT6RfwPCEtLJpvjTaVFEuD7W+HXCE4kdoe0WUINcWyPmo44k9oJlWwimxHcc/FLhMTHyJopyfSePGySHjjjS/2brJyeZ86xIC4QJMX7xqe4rdg/XOEXlbJisD0Ge8ervZr7dN/B/lsoiQLH+C5ueOed9JRaCeLRXtlBAJrlI3BXm+kDV9qPH4LhxFIS6WIZ+dk3u/RtCCC+yZ6x3wRr9CqVZ/Xr0fs02wOnKUSlZDpuu28Hsb1BtQM/+aq1YgcEsudCepRkSyNf8V38xx4T+iiBBFvVLlMNE6CC7Jk4Uc/tO/fv1xaFpmo4Pmu/",
      "path": "/home/vmtest/.ssh/authorized_keys"}]}}}}}], "outputs": {}}, "parameters":
      {}, "mode": "incremental"}}'
    headers:
      Accept:
      - application/json
      Accept-Encoding:
      - gzip, deflate
      CommandName:
      - vm create
      Connection:
      - keep-alive
      Content-Length:
      - '3642'
      Content-Type:
      - application/json
      ParameterSetName:
      - -n -g --image --admin-username
      User-Agent:
      - AZURECLI/2.36.0 azsdk-python-azure-mgmt-resource/20.0.0 Python/3.8.10 (Windows-10-10.0.22000-SP0)
    method: PUT
    uri: https://management.azure.com/subscriptions/00000000-0000-0000-0000-000000000000/resourcegroups/cli_test_copy_vm_restore_point000001/providers/Microsoft.Resources/deployments/mock-deployment?api-version=2021-04-01
  response:
    body:
      string: '{"id":"/subscriptions/00000000-0000-0000-0000-000000000000/resourceGroups/cli_test_copy_vm_restore_point000001/providers/Microsoft.Resources/deployments/vm_deploy_yFkfv8Ismj7y3XsUDikNew6gPPqVjNqa","name":"vm_deploy_yFkfv8Ismj7y3XsUDikNew6gPPqVjNqa","type":"Microsoft.Resources/deployments","properties":{"templateHash":"7656658518073168367","parameters":{},"mode":"Incremental","provisioningState":"Accepted","timestamp":"2022-05-18T12:47:54.6631855Z","duration":"PT0.0000984S","correlationId":"48c464e5-ce25-4d61-9985-4f2677dfbd03","providers":[{"namespace":"Microsoft.Network","resourceTypes":[{"resourceType":"virtualNetworks","locations":["westus"]},{"resourceType":"networkSecurityGroups","locations":["westus"]},{"resourceType":"publicIPAddresses","locations":["westus"]},{"resourceType":"networkInterfaces","locations":["westus"]}]},{"namespace":"Microsoft.Compute","resourceTypes":[{"resourceType":"virtualMachines","locations":["westus"]}]}],"dependencies":[{"dependsOn":[{"id":"/subscriptions/00000000-0000-0000-0000-000000000000/resourceGroups/cli_test_copy_vm_restore_point000001/providers/Microsoft.Network/virtualNetworks/vm_000006VNET","resourceType":"Microsoft.Network/virtualNetworks","resourceName":"vm_000006VNET"},{"id":"/subscriptions/00000000-0000-0000-0000-000000000000/resourceGroups/cli_test_copy_vm_restore_point000001/providers/Microsoft.Network/networkSecurityGroups/vm_000006NSG","resourceType":"Microsoft.Network/networkSecurityGroups","resourceName":"vm_000006NSG"},{"id":"/subscriptions/00000000-0000-0000-0000-000000000000/resourceGroups/cli_test_copy_vm_restore_point000001/providers/Microsoft.Network/publicIPAddresses/vm_000006PublicIP","resourceType":"Microsoft.Network/publicIPAddresses","resourceName":"vm_000006PublicIP"}],"id":"/subscriptions/00000000-0000-0000-0000-000000000000/resourceGroups/cli_test_copy_vm_restore_point000001/providers/Microsoft.Network/networkInterfaces/vm_000006VMNic","resourceType":"Microsoft.Network/networkInterfaces","resourceName":"vm_000006VMNic"},{"dependsOn":[{"id":"/subscriptions/00000000-0000-0000-0000-000000000000/resourceGroups/cli_test_copy_vm_restore_point000001/providers/Microsoft.Network/networkInterfaces/vm_000006VMNic","resourceType":"Microsoft.Network/networkInterfaces","resourceName":"vm_000006VMNic"}],"id":"/subscriptions/00000000-0000-0000-0000-000000000000/resourceGroups/cli_test_copy_vm_restore_point000001/providers/Microsoft.Compute/virtualMachines/vm_000006","resourceType":"Microsoft.Compute/virtualMachines","resourceName":"vm_000006"}]}}'
    headers:
      azure-asyncoperation:
      - https://management.azure.com/subscriptions/00000000-0000-0000-0000-000000000000/resourcegroups/cli_test_copy_vm_restore_point000001/providers/Microsoft.Resources/deployments/vm_deploy_yFkfv8Ismj7y3XsUDikNew6gPPqVjNqa/operationStatuses/08585487288129775476?api-version=2021-04-01
      cache-control:
      - no-cache
      content-length:
      - '2541'
      content-type:
      - application/json; charset=utf-8
      date:
      - Wed, 18 May 2022 12:47:55 GMT
      expires:
      - '-1'
      pragma:
      - no-cache
      strict-transport-security:
      - max-age=31536000; includeSubDomains
      x-content-type-options:
      - nosniff
      x-ms-ratelimit-remaining-subscription-writes:
      - '1184'
    status:
      code: 201
      message: Created
- request:
    body: null
    headers:
      Accept:
      - '*/*'
      Accept-Encoding:
      - gzip, deflate
      CommandName:
      - vm create
      Connection:
      - keep-alive
      ParameterSetName:
      - -n -g --image --admin-username
      User-Agent:
      - AZURECLI/2.36.0 azsdk-python-azure-mgmt-resource/20.0.0 Python/3.8.10 (Windows-10-10.0.22000-SP0)
    method: GET
    uri: https://management.azure.com/subscriptions/00000000-0000-0000-0000-000000000000/resourcegroups/cli_test_copy_vm_restore_point000001/providers/Microsoft.Resources/deployments/mock-deployment/operationStatuses/08585487288129775476?api-version=2021-04-01
  response:
    body:
      string: '{"status":"Running"}'
    headers:
      cache-control:
      - no-cache
      content-length:
      - '20'
      content-type:
      - application/json; charset=utf-8
      date:
      - Wed, 18 May 2022 12:48:26 GMT
      expires:
      - '-1'
      pragma:
      - no-cache
      strict-transport-security:
      - max-age=31536000; includeSubDomains
      vary:
      - Accept-Encoding
      x-content-type-options:
      - nosniff
    status:
      code: 200
      message: OK
- request:
    body: null
    headers:
      Accept:
      - '*/*'
      Accept-Encoding:
      - gzip, deflate
      CommandName:
      - vm create
      Connection:
      - keep-alive
      ParameterSetName:
      - -n -g --image --admin-username
      User-Agent:
      - AZURECLI/2.36.0 azsdk-python-azure-mgmt-resource/20.0.0 Python/3.8.10 (Windows-10-10.0.22000-SP0)
    method: GET
    uri: https://management.azure.com/subscriptions/00000000-0000-0000-0000-000000000000/resourcegroups/cli_test_copy_vm_restore_point000001/providers/Microsoft.Resources/deployments/mock-deployment/operationStatuses/08585487288129775476?api-version=2021-04-01
  response:
    body:
      string: '{"status":"Succeeded"}'
    headers:
      cache-control:
      - no-cache
      content-length:
      - '22'
      content-type:
      - application/json; charset=utf-8
      date:
      - Wed, 18 May 2022 12:48:56 GMT
      expires:
      - '-1'
      pragma:
      - no-cache
      strict-transport-security:
      - max-age=31536000; includeSubDomains
      vary:
      - Accept-Encoding
      x-content-type-options:
      - nosniff
    status:
      code: 200
      message: OK
- request:
    body: null
    headers:
      Accept:
      - '*/*'
      Accept-Encoding:
      - gzip, deflate
      CommandName:
      - vm create
      Connection:
      - keep-alive
      ParameterSetName:
      - -n -g --image --admin-username
      User-Agent:
      - AZURECLI/2.36.0 azsdk-python-azure-mgmt-resource/20.0.0 Python/3.8.10 (Windows-10-10.0.22000-SP0)
    method: GET
    uri: https://management.azure.com/subscriptions/00000000-0000-0000-0000-000000000000/resourcegroups/cli_test_copy_vm_restore_point000001/providers/Microsoft.Resources/deployments/mock-deployment?api-version=2021-04-01
  response:
    body:
      string: '{"id":"/subscriptions/00000000-0000-0000-0000-000000000000/resourceGroups/cli_test_copy_vm_restore_point000001/providers/Microsoft.Resources/deployments/vm_deploy_yFkfv8Ismj7y3XsUDikNew6gPPqVjNqa","name":"vm_deploy_yFkfv8Ismj7y3XsUDikNew6gPPqVjNqa","type":"Microsoft.Resources/deployments","properties":{"templateHash":"7656658518073168367","parameters":{},"mode":"Incremental","provisioningState":"Succeeded","timestamp":"2022-05-18T12:48:28.9586645Z","duration":"PT34.2955774S","correlationId":"48c464e5-ce25-4d61-9985-4f2677dfbd03","providers":[{"namespace":"Microsoft.Network","resourceTypes":[{"resourceType":"virtualNetworks","locations":["westus"]},{"resourceType":"networkSecurityGroups","locations":["westus"]},{"resourceType":"publicIPAddresses","locations":["westus"]},{"resourceType":"networkInterfaces","locations":["westus"]}]},{"namespace":"Microsoft.Compute","resourceTypes":[{"resourceType":"virtualMachines","locations":["westus"]}]}],"dependencies":[{"dependsOn":[{"id":"/subscriptions/00000000-0000-0000-0000-000000000000/resourceGroups/cli_test_copy_vm_restore_point000001/providers/Microsoft.Network/virtualNetworks/vm_000006VNET","resourceType":"Microsoft.Network/virtualNetworks","resourceName":"vm_000006VNET"},{"id":"/subscriptions/00000000-0000-0000-0000-000000000000/resourceGroups/cli_test_copy_vm_restore_point000001/providers/Microsoft.Network/networkSecurityGroups/vm_000006NSG","resourceType":"Microsoft.Network/networkSecurityGroups","resourceName":"vm_000006NSG"},{"id":"/subscriptions/00000000-0000-0000-0000-000000000000/resourceGroups/cli_test_copy_vm_restore_point000001/providers/Microsoft.Network/publicIPAddresses/vm_000006PublicIP","resourceType":"Microsoft.Network/publicIPAddresses","resourceName":"vm_000006PublicIP"}],"id":"/subscriptions/00000000-0000-0000-0000-000000000000/resourceGroups/cli_test_copy_vm_restore_point000001/providers/Microsoft.Network/networkInterfaces/vm_000006VMNic","resourceType":"Microsoft.Network/networkInterfaces","resourceName":"vm_000006VMNic"},{"dependsOn":[{"id":"/subscriptions/00000000-0000-0000-0000-000000000000/resourceGroups/cli_test_copy_vm_restore_point000001/providers/Microsoft.Network/networkInterfaces/vm_000006VMNic","resourceType":"Microsoft.Network/networkInterfaces","resourceName":"vm_000006VMNic"}],"id":"/subscriptions/00000000-0000-0000-0000-000000000000/resourceGroups/cli_test_copy_vm_restore_point000001/providers/Microsoft.Compute/virtualMachines/vm_000006","resourceType":"Microsoft.Compute/virtualMachines","resourceName":"vm_000006"}],"outputs":{},"outputResources":[{"id":"/subscriptions/00000000-0000-0000-0000-000000000000/resourceGroups/cli_test_copy_vm_restore_point000001/providers/Microsoft.Compute/virtualMachines/vm_000006"},{"id":"/subscriptions/00000000-0000-0000-0000-000000000000/resourceGroups/cli_test_copy_vm_restore_point000001/providers/Microsoft.Network/networkInterfaces/vm_000006VMNic"},{"id":"/subscriptions/00000000-0000-0000-0000-000000000000/resourceGroups/cli_test_copy_vm_restore_point000001/providers/Microsoft.Network/networkSecurityGroups/vm_000006NSG"},{"id":"/subscriptions/00000000-0000-0000-0000-000000000000/resourceGroups/cli_test_copy_vm_restore_point000001/providers/Microsoft.Network/publicIPAddresses/vm_000006PublicIP"},{"id":"/subscriptions/00000000-0000-0000-0000-000000000000/resourceGroups/cli_test_copy_vm_restore_point000001/providers/Microsoft.Network/virtualNetworks/vm_000006VNET"}]}}'
    headers:
      cache-control:
      - no-cache
      content-length:
      - '3441'
      content-type:
      - application/json; charset=utf-8
      date:
      - Wed, 18 May 2022 12:48:56 GMT
      expires:
      - '-1'
      pragma:
      - no-cache
      strict-transport-security:
      - max-age=31536000; includeSubDomains
      vary:
      - Accept-Encoding
      x-content-type-options:
      - nosniff
    status:
      code: 200
      message: OK
- request:
    body: null
    headers:
      Accept:
      - application/json
      Accept-Encoding:
      - gzip, deflate
      CommandName:
      - vm create
      Connection:
      - keep-alive
      ParameterSetName:
      - -n -g --image --admin-username
      User-Agent:
      - AZURECLI/2.36.0 azsdk-python-azure-mgmt-compute/27.0.0 Python/3.8.10 (Windows-10-10.0.22000-SP0)
    method: GET
    uri: https://management.azure.com/subscriptions/00000000-0000-0000-0000-000000000000/resourceGroups/cli_test_copy_vm_restore_point000001/providers/Microsoft.Compute/virtualMachines/vm_000006?$expand=instanceView&api-version=2022-03-01
  response:
    body:
      string: "{\r\n  \"name\": \"vm_000006\",\r\n  \"id\": \"/subscriptions/00000000-0000-0000-0000-000000000000/resourceGroups/cli_test_copy_vm_restore_point000001/providers/Microsoft.Compute/virtualMachines/vm_000006\",\r\n
        \ \"type\": \"Microsoft.Compute/virtualMachines\",\r\n  \"location\": \"westus\",\r\n
        \ \"tags\": {},\r\n  \"properties\": {\r\n    \"vmId\": \"b75d9fa1-ff5e-43a9-8149-0dd6e2b29156\",\r\n
        \   \"hardwareProfile\": {\r\n      \"vmSize\": \"Standard_DS1_v2\"\r\n    },\r\n
        \   \"storageProfile\": {\r\n      \"imageReference\": {\r\n        \"publisher\":
        \"Canonical\",\r\n        \"offer\": \"UbuntuServer\",\r\n        \"sku\":
        \"18.04-LTS\",\r\n        \"version\": \"latest\",\r\n        \"exactVersion\":
        \"18.04.202205100\"\r\n      },\r\n      \"osDisk\": {\r\n        \"osType\":
        \"Linux\",\r\n        \"name\": \"vm_000006_disk1_9ddc4d00a6cf4edfa0636834070beee9\",\r\n
        \       \"createOption\": \"FromImage\",\r\n        \"caching\": \"ReadWrite\",\r\n
        \       \"managedDisk\": {\r\n          \"storageAccountType\": \"Premium_LRS\",\r\n
        \         \"id\": \"/subscriptions/00000000-0000-0000-0000-000000000000/resourceGroups/cli_test_copy_vm_restore_point000001/providers/Microsoft.Compute/disks/vm_000006_disk1_9ddc4d00a6cf4edfa0636834070beee9\"\r\n
        \       },\r\n        \"deleteOption\": \"Detach\",\r\n        \"diskSizeGB\":
        30\r\n      },\r\n      \"dataDisks\": []\r\n    },\r\n    \"osProfile\":
        {\r\n      \"computerName\": \"vmkvn4ftvxv6zc\",\r\n      \"adminUsername\":
        \"vmtest\",\r\n      \"linuxConfiguration\": {\r\n        \"disablePasswordAuthentication\":
        true,\r\n        \"ssh\": {\r\n          \"publicKeys\": [\r\n            {\r\n
        \             \"path\": \"/home/vmtest/.ssh/authorized_keys\",\r\n              \"keyData\":
        \"ssh-rsa AAAAB3NzaC1yc2EAAAADAQABAAABAQDBfrmPNtStaG3GJyEk6YjCZ57vUFT6RfwPCEtLJpvjTaVFEuD7W+HXCE4kdoe0WUINcWyPmo44k9oJlWwimxHcc/FLhMTHyJopyfSePGySHjjjS/2brJyeZ86xIC4QJMX7xqe4rdg/XOEXlbJisD0Ge8ervZr7dN/B/lsoiQLH+C5ueOed9JRaCeLRXtlBAJrlI3BXm+kDV9qPH4LhxFIS6WIZ+dk3u/RtCCC+yZ6x3wRr9CqVZ/Xr0fs02wOnKUSlZDpuu28Hsb1BtQM/+aq1YgcEsudCepRkSyNf8V38xx4T+iiBBFvVLlMNE6CC7Jk4Uc/tO/fv1xaFpmo4Pmu/\"\r\n
        \           }\r\n          ]\r\n        },\r\n        \"provisionVMAgent\":
        true,\r\n        \"patchSettings\": {\r\n          \"patchMode\": \"ImageDefault\",\r\n
        \         \"assessmentMode\": \"ImageDefault\"\r\n        },\r\n        \"enableVMAgentPlatformUpdates\":
        false\r\n      },\r\n      \"secrets\": [],\r\n      \"allowExtensionOperations\":
        true,\r\n      \"requireGuestProvisionSignal\": true\r\n    },\r\n    \"networkProfile\":
        {\"networkInterfaces\":[{\"id\":\"/subscriptions/00000000-0000-0000-0000-000000000000/resourceGroups/cli_test_copy_vm_restore_point000001/providers/Microsoft.Network/networkInterfaces/vm_000006VMNic\"}]},\r\n
        \   \"provisioningState\": \"Succeeded\",\r\n    \"instanceView\": {\r\n      \"computerName\":
        \"vmkvn4ftvxv6zc\",\r\n      \"osName\": \"ubuntu\",\r\n      \"osVersion\":
        \"18.04\",\r\n      \"vmAgent\": {\r\n        \"vmAgentVersion\": \"2.8.0.5\",\r\n
        \       \"statuses\": [\r\n          {\r\n            \"code\": \"ProvisioningState/succeeded\",\r\n
        \           \"level\": \"Info\",\r\n            \"displayStatus\": \"Ready\",\r\n
        \           \"message\": \"Guest Agent is running\",\r\n            \"time\":
        \"2022-05-18T12:48:34+00:00\"\r\n          }\r\n        ],\r\n        \"extensionHandlers\":
        []\r\n      },\r\n      \"disks\": [\r\n        {\r\n          \"name\": \"vm_000006_disk1_9ddc4d00a6cf4edfa0636834070beee9\",\r\n
        \         \"statuses\": [\r\n            {\r\n              \"code\": \"ProvisioningState/succeeded\",\r\n
        \             \"level\": \"Info\",\r\n              \"displayStatus\": \"Provisioning
        succeeded\",\r\n              \"time\": \"2022-05-18T12:48:11.3301686+00:00\"\r\n
        \           }\r\n          ]\r\n        }\r\n      ],\r\n      \"hyperVGeneration\":
        \"V1\",\r\n      \"statuses\": [\r\n        {\r\n          \"code\": \"ProvisioningState/succeeded\",\r\n
        \         \"level\": \"Info\",\r\n          \"displayStatus\": \"Provisioning
        succeeded\",\r\n          \"time\": \"2022-05-18T12:48:24.2057188+00:00\"\r\n
        \       },\r\n        {\r\n          \"code\": \"PowerState/running\",\r\n
        \         \"level\": \"Info\",\r\n          \"displayStatus\": \"VM running\"\r\n
        \       }\r\n      ]\r\n    },\r\n    \"timeCreated\": \"2022-05-18T12:48:09.9863308+00:00\"\r\n
        \ }\r\n}"
    headers:
      cache-control:
      - no-cache
      content-length:
      - '3943'
      content-type:
      - application/json; charset=utf-8
      date:
      - Wed, 18 May 2022 12:49:09 GMT
      expires:
      - '-1'
      pragma:
      - no-cache
      server:
      - Microsoft-HTTPAPI/2.0
      - Microsoft-HTTPAPI/2.0
      strict-transport-security:
      - max-age=31536000; includeSubDomains
      transfer-encoding:
      - chunked
      vary:
      - Accept-Encoding
      x-content-type-options:
      - nosniff
      x-ms-ratelimit-remaining-resource:
      - Microsoft.Compute/LowCostGet3Min;3976,Microsoft.Compute/LowCostGet30Min;31700
    status:
      code: 200
      message: OK
- request:
    body: null
    headers:
      Accept:
      - application/json, text/json
      Accept-Encoding:
      - gzip, deflate
      CommandName:
      - vm create
      Connection:
      - keep-alive
      ParameterSetName:
      - -n -g --image --admin-username
      User-Agent:
      - AZURECLI/2.36.0 azsdk-python-azure-mgmt-network/19.3.0 Python/3.8.10 (Windows-10-10.0.22000-SP0)
    method: GET
    uri: https://management.azure.com/subscriptions/00000000-0000-0000-0000-000000000000/resourceGroups/cli_test_copy_vm_restore_point000001/providers/Microsoft.Network/networkInterfaces/vm_000006VMNic?api-version=2018-01-01
  response:
    body:
      string: "{\r\n  \"name\": \"vm_000006VMNic\",\r\n  \"id\": \"/subscriptions/00000000-0000-0000-0000-000000000000/resourceGroups/cli_test_copy_vm_restore_point000001/providers/Microsoft.Network/networkInterfaces/vm_000006VMNic\",\r\n
        \ \"etag\": \"W/\\\"6c30bbd3-a962-4d62-985b-40cf34821329\\\"\",\r\n  \"location\":
        \"westus\",\r\n  \"tags\": {},\r\n  \"properties\": {\r\n    \"provisioningState\":
        \"Succeeded\",\r\n    \"resourceGuid\": \"b1c8b9e3-ffe4-4fb7-8e67-e38b250a1f7e\",\r\n
        \   \"ipConfigurations\": [\r\n      {\r\n        \"name\": \"ipconfigvm_000006\",\r\n
        \       \"id\": \"/subscriptions/00000000-0000-0000-0000-000000000000/resourceGroups/cli_test_copy_vm_restore_point000001/providers/Microsoft.Network/networkInterfaces/vm_000006VMNic/ipConfigurations/ipconfigvm_000006\",\r\n
        \       \"etag\": \"W/\\\"6c30bbd3-a962-4d62-985b-40cf34821329\\\"\",\r\n
        \       \"type\": \"Microsoft.Network/networkInterfaces/ipConfigurations\",\r\n
        \       \"properties\": {\r\n          \"provisioningState\": \"Succeeded\",\r\n
        \         \"privateIPAddress\": \"10.0.0.4\",\r\n          \"privateIPAllocationMethod\":
        \"Dynamic\",\r\n          \"publicIPAddress\": {\r\n            \"id\": \"/subscriptions/00000000-0000-0000-0000-000000000000/resourceGroups/cli_test_copy_vm_restore_point000001/providers/Microsoft.Network/publicIPAddresses/vm_000006PublicIP\"\r\n
        \         },\r\n          \"subnet\": {\r\n            \"id\": \"/subscriptions/00000000-0000-0000-0000-000000000000/resourceGroups/cli_test_copy_vm_restore_point000001/providers/Microsoft.Network/virtualNetworks/vm_000006VNET/subnets/vm_000006Subnet\"\r\n
        \         },\r\n          \"primary\": true,\r\n          \"privateIPAddressVersion\":
        \"IPv4\"\r\n        }\r\n      }\r\n    ],\r\n    \"dnsSettings\": {\r\n      \"dnsServers\":
        [],\r\n      \"appliedDnsServers\": [],\r\n      \"internalDomainNameSuffix\":
        \"lm51xw3uypiepfrgxewjyknw2e.dx.internal.cloudapp.net\"\r\n    },\r\n    \"macAddress\":
        \"00-22-48-04-B1-63\",\r\n    \"enableIPForwarding\": false,\r\n    \"networkSecurityGroup\":
        {\r\n      \"id\": \"/subscriptions/00000000-0000-0000-0000-000000000000/resourceGroups/cli_test_copy_vm_restore_point000001/providers/Microsoft.Network/networkSecurityGroups/vm_000006NSG\"\r\n
        \   },\r\n    \"primary\": true,\r\n    \"virtualMachine\": {\r\n      \"id\":
        \"/subscriptions/00000000-0000-0000-0000-000000000000/resourceGroups/cli_test_copy_vm_restore_point000001/providers/Microsoft.Compute/virtualMachines/vm_000006\"\r\n
        \   }\r\n  },\r\n  \"type\": \"Microsoft.Network/networkInterfaces\"\r\n}"
    headers:
      cache-control:
      - no-cache
      content-length:
      - '2351'
      content-type:
      - application/json; charset=utf-8
      date:
      - Wed, 18 May 2022 12:49:15 GMT
      etag:
      - W/"6c30bbd3-a962-4d62-985b-40cf34821329"
      expires:
      - '-1'
      pragma:
      - no-cache
      server:
      - Microsoft-HTTPAPI/2.0
      - Microsoft-HTTPAPI/2.0
      strict-transport-security:
      - max-age=31536000; includeSubDomains
      transfer-encoding:
      - chunked
      vary:
      - Accept-Encoding
      x-content-type-options:
      - nosniff
      x-ms-arm-service-request-id:
      - 189fd357-81eb-482c-942e-39ae16c6b071
    status:
      code: 200
      message: OK
- request:
    body: null
    headers:
      Accept:
      - application/json, text/json
      Accept-Encoding:
      - gzip, deflate
      CommandName:
      - vm create
      Connection:
      - keep-alive
      ParameterSetName:
      - -n -g --image --admin-username
      User-Agent:
      - AZURECLI/2.36.0 azsdk-python-azure-mgmt-network/19.3.0 Python/3.8.10 (Windows-10-10.0.22000-SP0)
    method: GET
    uri: https://management.azure.com/subscriptions/00000000-0000-0000-0000-000000000000/resourceGroups/cli_test_copy_vm_restore_point000001/providers/Microsoft.Network/publicIPAddresses/vm_000006PublicIP?api-version=2018-01-01
  response:
    body:
      string: "{\r\n  \"name\": \"vm_000006PublicIP\",\r\n  \"id\": \"/subscriptions/00000000-0000-0000-0000-000000000000/resourceGroups/cli_test_copy_vm_restore_point000001/providers/Microsoft.Network/publicIPAddresses/vm_000006PublicIP\",\r\n
        \ \"etag\": \"W/\\\"2090e4eb-df5d-45fa-808b-65a4a9720e47\\\"\",\r\n  \"location\":
        \"westus\",\r\n  \"tags\": {},\r\n  \"properties\": {\r\n    \"provisioningState\":
        \"Succeeded\",\r\n    \"resourceGuid\": \"83008332-cd72-4590-b81a-0696afd41239\",\r\n
        \   \"ipAddress\": \"20.237.236.24\",\r\n    \"publicIPAddressVersion\": \"IPv4\",\r\n
        \   \"publicIPAllocationMethod\": \"Dynamic\",\r\n    \"idleTimeoutInMinutes\":
        4,\r\n    \"ipTags\": [],\r\n    \"ipConfiguration\": {\r\n      \"id\": \"/subscriptions/00000000-0000-0000-0000-000000000000/resourceGroups/cli_test_copy_vm_restore_point000001/providers/Microsoft.Network/networkInterfaces/vm_000006VMNic/ipConfigurations/ipconfigvm_000006\"\r\n
        \   }\r\n  },\r\n  \"type\": \"Microsoft.Network/publicIPAddresses\",\r\n
        \ \"sku\": {\r\n    \"name\": \"Basic\"\r\n  }\r\n}"
    headers:
      cache-control:
      - no-cache
      content-length:
      - '943'
      content-type:
      - application/json; charset=utf-8
      date:
      - Wed, 18 May 2022 12:49:16 GMT
      etag:
      - W/"2090e4eb-df5d-45fa-808b-65a4a9720e47"
      expires:
      - '-1'
      pragma:
      - no-cache
      server:
      - Microsoft-HTTPAPI/2.0
      - Microsoft-HTTPAPI/2.0
      strict-transport-security:
      - max-age=31536000; includeSubDomains
      transfer-encoding:
      - chunked
      vary:
      - Accept-Encoding
      x-content-type-options:
      - nosniff
      x-ms-arm-service-request-id:
      - 461e5166-3256-4d2e-a704-8dcb1a5fcc6b
    status:
      code: 200
      message: OK
- request:
    body: null
    headers:
      Accept:
      - application/json
      Accept-Encoding:
      - gzip, deflate
      CommandName:
      - restore-point collection create
      Connection:
      - keep-alive
      ParameterSetName:
      - -g --collection-name --source-id
      User-Agent:
      - AZURECLI/2.36.0 azsdk-python-azure-mgmt-resource/20.0.0 Python/3.8.10 (Windows-10-10.0.22000-SP0)
    method: GET
    uri: https://management.azure.com/subscriptions/00000000-0000-0000-0000-000000000000/resourcegroups/cli_test_copy_vm_restore_point000001?api-version=2021-04-01
  response:
    body:
      string: '{"id":"/subscriptions/00000000-0000-0000-0000-000000000000/resourceGroups/cli_test_copy_vm_restore_point000001","name":"cli_test_copy_vm_restore_point000001","type":"Microsoft.Resources/resourceGroups","location":"westus","tags":{"product":"azurecli","cause":"automation","date":"2022-05-18T12:38:05Z"},"properties":{"provisioningState":"Succeeded"}}'
    headers:
      cache-control:
      - no-cache
      content-length:
      - '350'
      content-type:
      - application/json; charset=utf-8
      date:
      - Wed, 18 May 2022 12:49:17 GMT
      expires:
      - '-1'
      pragma:
      - no-cache
      strict-transport-security:
      - max-age=31536000; includeSubDomains
      vary:
      - Accept-Encoding
      x-content-type-options:
      - nosniff
    status:
      code: 200
      message: OK
- request:
    body: '{"location": "westus", "properties": {"source": {"id": "/subscriptions/00000000-0000-0000-0000-000000000000/resourceGroups/cli_test_copy_vm_restore_point000001/providers/Microsoft.Compute/virtualMachines/vm_000006"}}}'
    headers:
      Accept:
      - application/json
      Accept-Encoding:
      - gzip, deflate
      CommandName:
      - restore-point collection create
      Connection:
      - keep-alive
      Content-Length:
      - '217'
      Content-Type:
      - application/json
      ParameterSetName:
      - -g --collection-name --source-id
      User-Agent:
      - AZURECLI/2.36.0 azsdk-python-azure-mgmt-compute/27.0.0 Python/3.8.10 (Windows-10-10.0.22000-SP0)
    method: PUT
    uri: https://management.azure.com/subscriptions/00000000-0000-0000-0000-000000000000/resourceGroups/cli_test_copy_vm_restore_point000001/providers/Microsoft.Compute/restorePointCollections/collection_000002?api-version=2022-03-01
  response:
    body:
      string: "{\r\n  \"name\": \"collection_000002\",\r\n  \"id\": \"/subscriptions/00000000-0000-0000-0000-000000000000/resourceGroups/cli_test_copy_vm_restore_point000001/providers/Microsoft.Compute/restorePointCollections/collection_000002\",\r\n
        \ \"type\": \"Microsoft.Compute/restorePointCollections\",\r\n  \"location\":
        \"westus\",\r\n  \"properties\": {\r\n    \"source\": {\r\n      \"location\":
        \"westus\",\r\n      \"id\": \"/subscriptions/00000000-0000-0000-0000-000000000000/resourceGroups/cli_test_copy_vm_restore_point000001/providers/Microsoft.Compute/virtualMachines/vm_000006\"\r\n
        \   },\r\n    \"restorePointCollectionId\": \"ef4c9835-f8b4-4209-8048-97c18fc6b5ac\",\r\n
        \   \"provisioningState\": \"Succeeded\"\r\n  }\r\n}"
    headers:
      cache-control:
      - no-cache
      content-length:
      - '665'
      content-type:
      - application/json; charset=utf-8
      date:
      - Wed, 18 May 2022 12:49:21 GMT
      expires:
      - '-1'
      pragma:
      - no-cache
      server:
      - Microsoft-HTTPAPI/2.0
      - Microsoft-HTTPAPI/2.0
      strict-transport-security:
      - max-age=31536000; includeSubDomains
      x-content-type-options:
      - nosniff
      x-ms-ratelimit-remaining-resource:
      - Microsoft.Compute/CreateRestorePoints3Min;119,Microsoft.Compute/CreateRestorePoints30Min;597
      x-ms-ratelimit-remaining-subscription-writes:
      - '1175'
    status:
      code: 201
      message: Created
- request:
    body: '{"location": "eastus", "properties": {"source": {"id": "/subscriptions/00000000-0000-0000-0000-000000000000/resourceGroups/cli_test_copy_vm_restore_point000001/providers/Microsoft.Compute/restorePointCollections/collection_000002"}}}'
    headers:
      Accept:
      - application/json
      Accept-Encoding:
      - gzip, deflate
      CommandName:
      - restore-point collection create
      Connection:
      - keep-alive
      Content-Length:
      - '233'
      Content-Type:
      - application/json
      ParameterSetName:
      - -g --collection-name --source-id -l
      User-Agent:
      - AZURECLI/2.36.0 azsdk-python-azure-mgmt-compute/27.0.0 Python/3.8.10 (Windows-10-10.0.22000-SP0)
    method: PUT
    uri: https://management.azure.com/subscriptions/00000000-0000-0000-0000-000000000000/resourceGroups/cli_test_copy_vm_restore_point000001/providers/Microsoft.Compute/restorePointCollections/collection_000003?api-version=2022-03-01
  response:
    body:
      string: "{\r\n  \"name\": \"collection_000003\",\r\n  \"id\": \"/subscriptions/00000000-0000-0000-0000-000000000000/resourceGroups/cli_test_copy_vm_restore_point000001/providers/Microsoft.Compute/restorePointCollections/collection_000003\",\r\n
        \ \"type\": \"Microsoft.Compute/restorePointCollections\",\r\n  \"location\":
        \"eastus\",\r\n  \"properties\": {\r\n    \"source\": {\r\n      \"location\":
        \"westus\",\r\n      \"id\": \"/subscriptions/00000000-0000-0000-0000-000000000000/resourceGroups/cli_test_copy_vm_restore_point000001/providers/Microsoft.Compute/restorePointCollections/collection_000002\"\r\n
        \   },\r\n    \"restorePointCollectionId\": \"ab8c501b-108b-48ec-9d37-0692029147c4\",\r\n
        \   \"provisioningState\": \"Succeeded\"\r\n  }\r\n}"
    headers:
      cache-control:
      - no-cache
      content-length:
      - '681'
      content-type:
      - application/json; charset=utf-8
      date:
      - Wed, 18 May 2022 12:49:27 GMT
      expires:
      - '-1'
      pragma:
      - no-cache
      server:
      - Microsoft-HTTPAPI/2.0
      - Microsoft-HTTPAPI/2.0
      strict-transport-security:
      - max-age=31536000; includeSubDomains
      x-content-type-options:
      - nosniff
      x-ms-ratelimit-remaining-resource:
      - Microsoft.Compute/CreateRestorePoints3Min;119,Microsoft.Compute/CreateRestorePoints30Min;599
      x-ms-ratelimit-remaining-subscription-writes:
      - '1183'
    status:
      code: 201
      message: Created
- request:
    body: '{}'
    headers:
      Accept:
      - application/json
      Accept-Encoding:
      - gzip, deflate
      CommandName:
      - restore-point create
      Connection:
      - keep-alive
      Content-Length:
      - '2'
      Content-Type:
      - application/json
      ParameterSetName:
      - -g -n --collection-name
      User-Agent:
      - AZURECLI/2.36.0 azsdk-python-azure-mgmt-compute/27.0.0 Python/3.8.10 (Windows-10-10.0.22000-SP0)
    method: PUT
    uri: https://management.azure.com/subscriptions/00000000-0000-0000-0000-000000000000/resourceGroups/cli_test_copy_vm_restore_point000001/providers/Microsoft.Compute/restorePointCollections/collection_000002/restorePoints/point_000004?api-version=2022-03-01
  response:
    body:
      string: "{\r\n  \"name\": \"point_000004\",\r\n  \"id\": \"/subscriptions/00000000-0000-0000-0000-000000000000/resourceGroups/cli_test_copy_vm_restore_point000001/providers/Microsoft.Compute/restorePointCollections/collection_000002/restorePoints/point_000004\",\r\n
        \ \"properties\": {\r\n    \"sourceMetadata\": {\r\n      \"vmId\": \"b75d9fa1-ff5e-43a9-8149-0dd6e2b29156\",\r\n
        \     \"location\": \"westus\",\r\n      \"hardwareProfile\": {\r\n        \"vmSize\":
        \"Standard_DS1_v2\"\r\n      },\r\n      \"storageProfile\": {\r\n        \"osDisk\":
        {\r\n          \"osType\": \"Linux\",\r\n          \"name\": \"vm_000006_disk1_9ddc4d00a6cf4edfa0636834070beee9\",\r\n
        \         \"diskSizeGB\": 30,\r\n          \"caching\": \"ReadWrite\",\r\n
        \         \"managedDisk\": {\r\n            \"storageAccountType\": \"Premium_LRS\",\r\n
        \           \"id\": \"/subscriptions/00000000-0000-0000-0000-000000000000/resourceGroups/cli_test_copy_vm_restore_point000001/providers/Microsoft.Compute/disks/vm_000006_disk1_9ddc4d00a6cf4edfa0636834070beee9\"\r\n
        \         }\r\n        },\r\n        \"dataDisks\": []\r\n      },\r\n      \"osProfile\":
        {\r\n        \"computerName\": \"vmkvn4ftvxv6zc\",\r\n        \"adminUsername\":
        \"vmtest\",\r\n        \"linuxConfiguration\": {\r\n          \"disablePasswordAuthentication\":
        true,\r\n          \"ssh\": {\r\n            \"publicKeys\": [\r\n              {\r\n
        \               \"path\": \"/home/vmtest/.ssh/authorized_keys\",\r\n                \"keyData\":
        \"ssh-rsa AAAAB3NzaC1yc2EAAAADAQABAAABAQDBfrmPNtStaG3GJyEk6YjCZ57vUFT6RfwPCEtLJpvjTaVFEuD7W+HXCE4kdoe0WUINcWyPmo44k9oJlWwimxHcc/FLhMTHyJopyfSePGySHjjjS/2brJyeZ86xIC4QJMX7xqe4rdg/XOEXlbJisD0Ge8ervZr7dN/B/lsoiQLH+C5ueOed9JRaCeLRXtlBAJrlI3BXm+kDV9qPH4LhxFIS6WIZ+dk3u/RtCCC+yZ6x3wRr9CqVZ/Xr0fs02wOnKUSlZDpuu28Hsb1BtQM/+aq1YgcEsudCepRkSyNf8V38xx4T+iiBBFvVLlMNE6CC7Jk4Uc/tO/fv1xaFpmo4Pmu/\"\r\n
        \             }\r\n            ]\r\n          },\r\n          \"provisionVMAgent\":
        true,\r\n          \"patchSettings\": {\r\n            \"patchMode\": \"ImageDefault\",\r\n
        \           \"assessmentMode\": \"ImageDefault\"\r\n          },\r\n          \"enableVMAgentPlatformUpdates\":
        false\r\n        },\r\n        \"secrets\": [],\r\n        \"allowExtensionOperations\":
        true,\r\n        \"requireGuestProvisionSignal\": true\r\n      },\r\n      \"hyperVGeneration\":
        \"V1\"\r\n    },\r\n    \"provisioningState\": \"Creating\",\r\n    \"timeCreated\":
        \"2022-05-18T12:49:38.6931886+00:00\"\r\n  }\r\n}"
    headers:
      azure-asyncoperation:
      - https://management.azure.com/subscriptions/00000000-0000-0000-0000-000000000000/providers/Microsoft.Compute/locations/westus/operations/dae28c8d-d7d0-4be3-9c21-371165d54e63?p=571046f6-b640-41c1-86f7-f9f044b5adf9&api-version=2022-03-01
      cache-control:
      - no-cache
      content-length:
      - '2266'
      content-type:
      - application/json; charset=utf-8
      date:
      - Wed, 18 May 2022 12:49:38 GMT
      expires:
      - '-1'
      pragma:
      - no-cache
      server:
      - Microsoft-HTTPAPI/2.0
      - Microsoft-HTTPAPI/2.0
      strict-transport-security:
      - max-age=31536000; includeSubDomains
      x-content-type-options:
      - nosniff
      x-ms-ratelimit-remaining-resource:
      - Microsoft.Compute/CreateRestorePoints3Min;118,Microsoft.Compute/CreateRestorePoints30Min;596
      x-ms-ratelimit-remaining-subscription-writes:
      - '1179'
    status:
      code: 201
      message: Created
- request:
    body: null
    headers:
      Accept:
      - '*/*'
      Accept-Encoding:
      - gzip, deflate
      CommandName:
      - restore-point create
      Connection:
      - keep-alive
      ParameterSetName:
      - -g -n --collection-name
      User-Agent:
      - AZURECLI/2.36.0 azsdk-python-azure-mgmt-compute/27.0.0 Python/3.8.10 (Windows-10-10.0.22000-SP0)
    method: GET
    uri: https://management.azure.com/subscriptions/00000000-0000-0000-0000-000000000000/providers/Microsoft.Compute/locations/westus/operations/dae28c8d-d7d0-4be3-9c21-371165d54e63?p=571046f6-b640-41c1-86f7-f9f044b5adf9&api-version=2022-03-01
  response:
    body:
      string: "{\r\n  \"startTime\": \"2022-05-18T12:49:38.6459882+00:00\",\r\n  \"status\":
        \"InProgress\",\r\n  \"name\": \"dae28c8d-d7d0-4be3-9c21-371165d54e63\"\r\n}"
    headers:
      cache-control:
      - no-cache
      content-length:
      - '134'
      content-type:
      - application/json; charset=utf-8
      date:
      - Wed, 18 May 2022 12:50:09 GMT
      expires:
      - '-1'
      pragma:
      - no-cache
      server:
      - Microsoft-HTTPAPI/2.0
      - Microsoft-HTTPAPI/2.0
      strict-transport-security:
      - max-age=31536000; includeSubDomains
      transfer-encoding:
      - chunked
      vary:
      - Accept-Encoding
      x-content-type-options:
      - nosniff
      x-ms-ratelimit-remaining-resource:
      - Microsoft.Compute/GetOperation3Min;14995,Microsoft.Compute/GetOperation30Min;29932
    status:
      code: 200
      message: OK
- request:
    body: null
    headers:
      Accept:
      - '*/*'
      Accept-Encoding:
      - gzip, deflate
      CommandName:
      - restore-point create
      Connection:
      - keep-alive
      ParameterSetName:
      - -g -n --collection-name
      User-Agent:
      - AZURECLI/2.36.0 azsdk-python-azure-mgmt-compute/27.0.0 Python/3.8.10 (Windows-10-10.0.22000-SP0)
    method: GET
    uri: https://management.azure.com/subscriptions/00000000-0000-0000-0000-000000000000/providers/Microsoft.Compute/locations/westus/operations/dae28c8d-d7d0-4be3-9c21-371165d54e63?p=571046f6-b640-41c1-86f7-f9f044b5adf9&api-version=2022-03-01
  response:
    body:
      string: "{\r\n  \"startTime\": \"2022-05-18T12:49:38.6459882+00:00\",\r\n  \"endTime\":
        \"2022-05-18T12:50:29.7263289+00:00\",\r\n  \"status\": \"Succeeded\",\r\n
        \ \"name\": \"dae28c8d-d7d0-4be3-9c21-371165d54e63\"\r\n}"
    headers:
      cache-control:
      - no-cache
      content-length:
      - '184'
      content-type:
      - application/json; charset=utf-8
      date:
      - Wed, 18 May 2022 12:50:39 GMT
      expires:
      - '-1'
      pragma:
      - no-cache
      server:
      - Microsoft-HTTPAPI/2.0
      - Microsoft-HTTPAPI/2.0
      strict-transport-security:
      - max-age=31536000; includeSubDomains
      transfer-encoding:
      - chunked
      vary:
      - Accept-Encoding
      x-content-type-options:
      - nosniff
      x-ms-ratelimit-remaining-resource:
      - Microsoft.Compute/GetOperation3Min;14991,Microsoft.Compute/GetOperation30Min;29928
    status:
      code: 200
      message: OK
- request:
    body: null
    headers:
      Accept:
      - '*/*'
      Accept-Encoding:
      - gzip, deflate
      CommandName:
      - restore-point create
      Connection:
      - keep-alive
      ParameterSetName:
      - -g -n --collection-name
      User-Agent:
      - AZURECLI/2.36.0 azsdk-python-azure-mgmt-compute/27.0.0 Python/3.8.10 (Windows-10-10.0.22000-SP0)
    method: GET
    uri: https://management.azure.com/subscriptions/00000000-0000-0000-0000-000000000000/resourceGroups/cli_test_copy_vm_restore_point000001/providers/Microsoft.Compute/restorePointCollections/collection_000002/restorePoints/point_000004?api-version=2022-03-01
  response:
    body:
      string: "{\r\n  \"name\": \"point_000004\",\r\n  \"id\": \"/subscriptions/00000000-0000-0000-0000-000000000000/resourceGroups/cli_test_copy_vm_restore_point000001/providers/Microsoft.Compute/restorePointCollections/collection_000002/restorePoints/point_000004\",\r\n
        \ \"properties\": {\r\n    \"sourceMetadata\": {\r\n      \"vmId\": \"b75d9fa1-ff5e-43a9-8149-0dd6e2b29156\",\r\n
        \     \"location\": \"westus\",\r\n      \"hardwareProfile\": {\r\n        \"vmSize\":
        \"Standard_DS1_v2\"\r\n      },\r\n      \"storageProfile\": {\r\n        \"osDisk\":
        {\r\n          \"osType\": \"Linux\",\r\n          \"name\": \"vm_000006_disk1_9ddc4d00a6cf4edfa0636834070beee9\",\r\n
        \         \"diskSizeGB\": 30,\r\n          \"caching\": \"ReadWrite\",\r\n
        \         \"managedDisk\": {\r\n            \"storageAccountType\": \"Premium_LRS\",\r\n
        \           \"id\": \"/subscriptions/00000000-0000-0000-0000-000000000000/resourceGroups/cli_test_copy_vm_restore_point000001/providers/Microsoft.Compute/disks/vm_000006_disk1_9ddc4d00a6cf4edfa0636834070beee9\"\r\n
        \         },\r\n          \"diskRestorePoint\": {\r\n            \"id\": \"/subscriptions/00000000-0000-0000-0000-000000000000/resourceGroups/cli_test_copy_vm_restore_point000001/providers/Microsoft.Compute/restorePointCollections/collection_000002/restorePoints/point_000004/diskRestorePoints/vm_000006_disk1_9ddc4d00a6cf4edfa0636834070beee9_34a9b506-7b79-48f9-acfd-17eb415a1fae\"\r\n
        \         }\r\n        },\r\n        \"dataDisks\": []\r\n      },\r\n      \"osProfile\":
        {\r\n        \"computerName\": \"vmkvn4ftvxv6zc\",\r\n        \"adminUsername\":
        \"vmtest\",\r\n        \"linuxConfiguration\": {\r\n          \"disablePasswordAuthentication\":
        true,\r\n          \"ssh\": {\r\n            \"publicKeys\": [\r\n              {\r\n
        \               \"path\": \"/home/vmtest/.ssh/authorized_keys\",\r\n                \"keyData\":
        \"ssh-rsa AAAAB3NzaC1yc2EAAAADAQABAAABAQDBfrmPNtStaG3GJyEk6YjCZ57vUFT6RfwPCEtLJpvjTaVFEuD7W+HXCE4kdoe0WUINcWyPmo44k9oJlWwimxHcc/FLhMTHyJopyfSePGySHjjjS/2brJyeZ86xIC4QJMX7xqe4rdg/XOEXlbJisD0Ge8ervZr7dN/B/lsoiQLH+C5ueOed9JRaCeLRXtlBAJrlI3BXm+kDV9qPH4LhxFIS6WIZ+dk3u/RtCCC+yZ6x3wRr9CqVZ/Xr0fs02wOnKUSlZDpuu28Hsb1BtQM/+aq1YgcEsudCepRkSyNf8V38xx4T+iiBBFvVLlMNE6CC7Jk4Uc/tO/fv1xaFpmo4Pmu/\"\r\n
        \             }\r\n            ]\r\n          },\r\n          \"provisionVMAgent\":
        true,\r\n          \"patchSettings\": {\r\n            \"patchMode\": \"ImageDefault\",\r\n
        \           \"assessmentMode\": \"ImageDefault\"\r\n          },\r\n          \"enableVMAgentPlatformUpdates\":
        false\r\n        },\r\n        \"secrets\": [],\r\n        \"allowExtensionOperations\":
        true,\r\n        \"requireGuestProvisionSignal\": true\r\n      },\r\n      \"hyperVGeneration\":
        \"V1\"\r\n    },\r\n    \"provisioningState\": \"Succeeded\",\r\n    \"consistencyMode\":
        \"FileSystemConsistent\",\r\n    \"timeCreated\": \"2022-05-18T12:49:38.6931886+00:00\"\r\n
        \ }\r\n}"
    headers:
      cache-control:
      - no-cache
      content-length:
      - '2688'
      content-type:
      - application/json; charset=utf-8
      date:
      - Wed, 18 May 2022 12:50:40 GMT
      expires:
      - '-1'
      pragma:
      - no-cache
      server:
      - Microsoft-HTTPAPI/2.0
      - Microsoft-HTTPAPI/2.0
      strict-transport-security:
      - max-age=31536000; includeSubDomains
      transfer-encoding:
      - chunked
      vary:
      - Accept-Encoding
      x-content-type-options:
      - nosniff
      x-ms-ratelimit-remaining-resource:
      - Microsoft.Compute/LowCostGetRestorePoint3Min;498,Microsoft.Compute/LowCostGetRestorePoint30Min;2495
    status:
      code: 200
      message: OK
- request:
    body: '{"properties": {"sourceRestorePoint": {"id": "/subscriptions/00000000-0000-0000-0000-000000000000/resourceGroups/cli_test_copy_vm_restore_point000001/providers/Microsoft.Compute/restorePointCollections/collection_000002/restorePoints/point_000004"}}}'
    headers:
      Accept:
      - application/json
      Accept-Encoding:
      - gzip, deflate
      CommandName:
      - restore-point create
      Connection:
      - keep-alive
      Content-Length:
      - '250'
      Content-Type:
      - application/json
      ParameterSetName:
      - -g -n --collection-name --source-restore-point
      User-Agent:
      - AZURECLI/2.36.0 azsdk-python-azure-mgmt-compute/27.0.0 Python/3.8.10 (Windows-10-10.0.22000-SP0)
    method: PUT
    uri: https://management.azure.com/subscriptions/00000000-0000-0000-0000-000000000000/resourceGroups/cli_test_copy_vm_restore_point000001/providers/Microsoft.Compute/restorePointCollections/collection_000003/restorePoints/point_000005?api-version=2022-03-01
  response:
    body:
      string: "{\r\n  \"name\": \"point_000005\",\r\n  \"id\": \"/subscriptions/00000000-0000-0000-0000-000000000000/resourceGroups/cli_test_copy_vm_restore_point000001/providers/Microsoft.Compute/restorePointCollections/collection_000003/restorePoints/point_000005\",\r\n
        \ \"properties\": {\r\n    \"sourceMetadata\": {\r\n      \"vmId\": \"b75d9fa1-ff5e-43a9-8149-0dd6e2b29156\",\r\n
        \     \"location\": \"westus\",\r\n      \"hardwareProfile\": {\r\n        \"vmSize\":
        \"Standard_DS1_v2\"\r\n      },\r\n      \"storageProfile\": {\r\n        \"osDisk\":
        {\r\n          \"osType\": \"Linux\",\r\n          \"name\": \"vm_000006_disk1_9ddc4d00a6cf4edfa0636834070beee9\",\r\n
        \         \"diskSizeGB\": 30,\r\n          \"caching\": \"ReadWrite\",\r\n
        \         \"managedDisk\": {\r\n            \"storageAccountType\": \"Premium_LRS\",\r\n
        \           \"id\": \"/subscriptions/00000000-0000-0000-0000-000000000000/resourceGroups/cli_test_copy_vm_restore_point000001/providers/Microsoft.Compute/disks/vm_000006_disk1_9ddc4d00a6cf4edfa0636834070beee9\"\r\n
        \         }\r\n        },\r\n        \"dataDisks\": []\r\n      },\r\n      \"osProfile\":
        {\r\n        \"computerName\": \"vmkvn4ftvxv6zc\",\r\n        \"adminUsername\":
        \"vmtest\",\r\n        \"linuxConfiguration\": {\r\n          \"disablePasswordAuthentication\":
        true,\r\n          \"ssh\": {\r\n            \"publicKeys\": [\r\n              {\r\n
        \               \"path\": \"/home/vmtest/.ssh/authorized_keys\",\r\n                \"keyData\":
        \"ssh-rsa AAAAB3NzaC1yc2EAAAADAQABAAABAQDBfrmPNtStaG3GJyEk6YjCZ57vUFT6RfwPCEtLJpvjTaVFEuD7W+HXCE4kdoe0WUINcWyPmo44k9oJlWwimxHcc/FLhMTHyJopyfSePGySHjjjS/2brJyeZ86xIC4QJMX7xqe4rdg/XOEXlbJisD0Ge8ervZr7dN/B/lsoiQLH+C5ueOed9JRaCeLRXtlBAJrlI3BXm+kDV9qPH4LhxFIS6WIZ+dk3u/RtCCC+yZ6x3wRr9CqVZ/Xr0fs02wOnKUSlZDpuu28Hsb1BtQM/+aq1YgcEsudCepRkSyNf8V38xx4T+iiBBFvVLlMNE6CC7Jk4Uc/tO/fv1xaFpmo4Pmu/\"\r\n
        \             }\r\n            ]\r\n          },\r\n          \"provisionVMAgent\":
        true,\r\n          \"patchSettings\": {\r\n            \"patchMode\": \"ImageDefault\",\r\n
        \           \"assessmentMode\": \"ImageDefault\"\r\n          }\r\n        },\r\n
        \       \"secrets\": [],\r\n        \"allowExtensionOperations\": true,\r\n
        \       \"requireGuestProvisionSignal\": true\r\n      },\r\n      \"hyperVGeneration\":
        \"V1\"\r\n    },\r\n    \"provisioningState\": \"Creating\",\r\n    \"consistencyMode\":
        \"FileSystemConsistent\",\r\n    \"sourceRestorePoint\": {\r\n      \"id\":
        \"/subscriptions/00000000-0000-0000-0000-000000000000/resourceGroups/cli_test_copy_vm_restore_point000001/providers/Microsoft.Compute/restorePointCollections/collection_000002/restorePoints/point_000004\"\r\n
        \   },\r\n    \"timeCreated\": \"2022-05-18T12:49:38.6931886+00:00\"\r\n  }\r\n}"
    headers:
      azure-asyncoperation:
      - https://management.azure.com/subscriptions/00000000-0000-0000-0000-000000000000/providers/Microsoft.Compute/locations/eastus/operations/b264278a-70cf-45bf-ab88-f6b0eb9f00c9?p=54253b73-cb53-496f-ab42-5e5ee19426f8&api-version=2022-03-01
      cache-control:
      - no-cache
      content-length:
      - '2517'
      content-type:
      - application/json; charset=utf-8
      date:
      - Wed, 18 May 2022 12:50:43 GMT
      expires:
      - '-1'
      pragma:
      - no-cache
      server:
      - Microsoft-HTTPAPI/2.0
      - Microsoft-HTTPAPI/2.0
      strict-transport-security:
      - max-age=31536000; includeSubDomains
      x-content-type-options:
      - nosniff
      x-ms-ratelimit-remaining-resource:
      - Microsoft.Compute/CreateRestorePoints3Min;118,Microsoft.Compute/CreateRestorePoints30Min;598
      x-ms-ratelimit-remaining-subscription-writes:
      - '1174'
    status:
      code: 201
      message: Created
- request:
    body: null
    headers:
      Accept:
      - '*/*'
      Accept-Encoding:
      - gzip, deflate
      CommandName:
      - restore-point create
      Connection:
      - keep-alive
      ParameterSetName:
      - -g -n --collection-name --source-restore-point
      User-Agent:
      - AZURECLI/2.36.0 azsdk-python-azure-mgmt-compute/27.0.0 Python/3.8.10 (Windows-10-10.0.22000-SP0)
    method: GET
    uri: https://management.azure.com/subscriptions/00000000-0000-0000-0000-000000000000/providers/Microsoft.Compute/locations/eastus/operations/b264278a-70cf-45bf-ab88-f6b0eb9f00c9?p=54253b73-cb53-496f-ab42-5e5ee19426f8&api-version=2022-03-01
  response:
    body:
      string: "{\r\n  \"startTime\": \"2022-05-18T12:50:42.1703012+00:00\",\r\n  \"endTime\":
        \"2022-05-18T12:50:48.7328187+00:00\",\r\n  \"status\": \"Succeeded\",\r\n
        \ \"name\": \"b264278a-70cf-45bf-ab88-f6b0eb9f00c9\"\r\n}"
    headers:
      cache-control:
      - no-cache
      content-length:
      - '184'
      content-type:
      - application/json; charset=utf-8
      date:
      - Wed, 18 May 2022 12:51:13 GMT
      expires:
      - '-1'
      pragma:
      - no-cache
      server:
      - Microsoft-HTTPAPI/2.0
      - Microsoft-HTTPAPI/2.0
      strict-transport-security:
      - max-age=31536000; includeSubDomains
      transfer-encoding:
      - chunked
      vary:
      - Accept-Encoding
      x-content-type-options:
      - nosniff
      x-ms-ratelimit-remaining-resource:
      - Microsoft.Compute/GetOperation3Min;14996,Microsoft.Compute/GetOperation30Min;29900
    status:
      code: 200
      message: OK
- request:
    body: null
    headers:
      Accept:
      - '*/*'
      Accept-Encoding:
      - gzip, deflate
      CommandName:
      - restore-point create
      Connection:
      - keep-alive
      ParameterSetName:
      - -g -n --collection-name --source-restore-point
      User-Agent:
      - AZURECLI/2.36.0 azsdk-python-azure-mgmt-compute/27.0.0 Python/3.8.10 (Windows-10-10.0.22000-SP0)
    method: GET
    uri: https://management.azure.com/subscriptions/00000000-0000-0000-0000-000000000000/resourceGroups/cli_test_copy_vm_restore_point000001/providers/Microsoft.Compute/restorePointCollections/collection_000003/restorePoints/point_000005?api-version=2022-03-01
  response:
    body:
      string: "{\r\n  \"name\": \"point_000005\",\r\n  \"id\": \"/subscriptions/00000000-0000-0000-0000-000000000000/resourceGroups/cli_test_copy_vm_restore_point000001/providers/Microsoft.Compute/restorePointCollections/collection_000003/restorePoints/point_000005\",\r\n
        \ \"properties\": {\r\n    \"sourceMetadata\": {\r\n      \"vmId\": \"b75d9fa1-ff5e-43a9-8149-0dd6e2b29156\",\r\n
        \     \"location\": \"westus\",\r\n      \"hardwareProfile\": {\r\n        \"vmSize\":
        \"Standard_DS1_v2\"\r\n      },\r\n      \"storageProfile\": {\r\n        \"osDisk\":
        {\r\n          \"osType\": \"Linux\",\r\n          \"name\": \"vm_000006_disk1_9ddc4d00a6cf4edfa0636834070beee9\",\r\n
        \         \"diskSizeGB\": 30,\r\n          \"caching\": \"ReadWrite\",\r\n
        \         \"managedDisk\": {\r\n            \"storageAccountType\": \"Premium_LRS\",\r\n
        \           \"id\": \"/subscriptions/00000000-0000-0000-0000-000000000000/resourceGroups/cli_test_copy_vm_restore_point000001/providers/Microsoft.Compute/disks/vm_000006_disk1_9ddc4d00a6cf4edfa0636834070beee9\"\r\n
        \         },\r\n          \"diskRestorePoint\": {\r\n            \"id\": \"/subscriptions/00000000-0000-0000-0000-000000000000/resourceGroups/cli_test_copy_vm_restore_point000001/providers/Microsoft.Compute/restorePointCollections/collection_000003/restorePoints/point_000005/diskRestorePoints/vm_000006_disk1_9ddc4d00a6cf4edfa0636834070beee9_7b0f3da6-9841-44e1-9c31-a15949ecf12b\"\r\n
        \         }\r\n        },\r\n        \"dataDisks\": []\r\n      },\r\n      \"osProfile\":
        {\r\n        \"computerName\": \"vmkvn4ftvxv6zc\",\r\n        \"adminUsername\":
        \"vmtest\",\r\n        \"linuxConfiguration\": {\r\n          \"disablePasswordAuthentication\":
        true,\r\n          \"ssh\": {\r\n            \"publicKeys\": [\r\n              {\r\n
        \               \"path\": \"/home/vmtest/.ssh/authorized_keys\",\r\n                \"keyData\":
        \"ssh-rsa AAAAB3NzaC1yc2EAAAADAQABAAABAQDBfrmPNtStaG3GJyEk6YjCZ57vUFT6RfwPCEtLJpvjTaVFEuD7W+HXCE4kdoe0WUINcWyPmo44k9oJlWwimxHcc/FLhMTHyJopyfSePGySHjjjS/2brJyeZ86xIC4QJMX7xqe4rdg/XOEXlbJisD0Ge8ervZr7dN/B/lsoiQLH+C5ueOed9JRaCeLRXtlBAJrlI3BXm+kDV9qPH4LhxFIS6WIZ+dk3u/RtCCC+yZ6x3wRr9CqVZ/Xr0fs02wOnKUSlZDpuu28Hsb1BtQM/+aq1YgcEsudCepRkSyNf8V38xx4T+iiBBFvVLlMNE6CC7Jk4Uc/tO/fv1xaFpmo4Pmu/\"\r\n
        \             }\r\n            ]\r\n          },\r\n          \"provisionVMAgent\":
        true,\r\n          \"patchSettings\": {\r\n            \"patchMode\": \"ImageDefault\",\r\n
        \           \"assessmentMode\": \"ImageDefault\"\r\n          }\r\n        },\r\n
        \       \"secrets\": [],\r\n        \"allowExtensionOperations\": true,\r\n
        \       \"requireGuestProvisionSignal\": true\r\n      },\r\n      \"hyperVGeneration\":
        \"V1\"\r\n    },\r\n    \"provisioningState\": \"Succeeded\",\r\n    \"consistencyMode\":
        \"FileSystemConsistent\",\r\n    \"sourceRestorePoint\": {\r\n      \"id\":
        \"/subscriptions/00000000-0000-0000-0000-000000000000/resourceGroups/cli_test_copy_vm_restore_point000001/providers/Microsoft.Compute/restorePointCollections/collection_000002/restorePoints/point_000004\"\r\n
        \   },\r\n    \"timeCreated\": \"2022-05-18T12:49:38.6931886+00:00\"\r\n  }\r\n}"
    headers:
      cache-control:
      - no-cache
      content-length:
      - '2891'
      content-type:
      - application/json; charset=utf-8
      date:
      - Wed, 18 May 2022 12:51:13 GMT
      expires:
      - '-1'
      pragma:
      - no-cache
      server:
      - Microsoft-HTTPAPI/2.0
      - Microsoft-HTTPAPI/2.0
      strict-transport-security:
      - max-age=31536000; includeSubDomains
      transfer-encoding:
      - chunked
      vary:
      - Accept-Encoding
      x-content-type-options:
      - nosniff
      x-ms-ratelimit-remaining-resource:
      - Microsoft.Compute/LowCostGetRestorePoint3Min;499,Microsoft.Compute/LowCostGetRestorePoint30Min;2499
    status:
      code: 200
      message: OK
version: 1
