interactions:
- request:
    body: null
    headers:
      Accept:
      - application/json
      Accept-Encoding:
      - gzip, deflate
      CommandName:
      - network vnet create
      Connection:
      - keep-alive
      ParameterSetName:
      - -n -g --subnet-name
      User-Agent:
      - python/3.7.4 (Windows-10-10.0.18362-SP0) msrest/0.6.9 msrest_azure/0.6.3 azure-mgmt-resource/8.0.1
        Azure-SDK-For-Python AZURECLI/2.3.1
      accept-language:
      - en-US
    method: GET
    uri: https://management.azure.com/subscriptions/00000000-0000-0000-0000-000000000000/resourcegroups/cli_test_vmss_create_existing_ids000001?api-version=2019-07-01
  response:
    body:
      string: '{"id":"/subscriptions/00000000-0000-0000-0000-000000000000/resourceGroups/cli_test_vmss_create_existing_ids000001","name":"cli_test_vmss_create_existing_ids000001","type":"Microsoft.Resources/resourceGroups","location":"westus","tags":{"product":"azurecli","cause":"automation","date":"2020-04-08T05:30:38Z","StorageType":"Standard_LRS","type":"test"},"properties":{"provisioningState":"Succeeded"}}'
    headers:
      cache-control:
      - no-cache
      content-length:
      - '471'
      content-type:
      - application/json; charset=utf-8
      date:
      - Wed, 08 Apr 2020 05:30:44 GMT
      expires:
      - '-1'
      pragma:
      - no-cache
      strict-transport-security:
      - max-age=31536000; includeSubDomains
      vary:
      - Accept-Encoding
      x-content-type-options:
      - nosniff
    status:
      code: 200
      message: OK
- request:
    body: '{"location": "westus", "tags": {}, "properties": {"addressSpace": {"addressPrefixes":
      ["10.0.0.0/16"]}, "dhcpOptions": {}, "subnets": [{"properties": {"addressPrefix":
      "10.0.0.0/24"}, "name": "vrfsubnet"}]}}'
    headers:
      Accept:
      - application/json
      Accept-Encoding:
      - gzip, deflate
      CommandName:
      - network vnet create
      Connection:
      - keep-alive
      Content-Length:
      - '207'
      Content-Type:
      - application/json; charset=utf-8
      ParameterSetName:
      - -n -g --subnet-name
      User-Agent:
      - python/3.7.4 (Windows-10-10.0.18362-SP0) msrest/0.6.9 msrest_azure/0.6.3 azure-mgmt-network/10.0.0
        Azure-SDK-For-Python AZURECLI/2.3.1
      accept-language:
      - en-US
    method: PUT
    uri: https://management.azure.com/subscriptions/00000000-0000-0000-0000-000000000000/resourceGroups/cli_test_vmss_create_existing_ids000001/providers/Microsoft.Network/virtualNetworks/vrfvnet?api-version=2020-03-01
  response:
    body:
      string: "{\r\n  \"name\": \"vrfvnet\",\r\n  \"id\": \"/subscriptions/00000000-0000-0000-0000-000000000000/resourceGroups/cli_test_vmss_create_existing_ids000001/providers/Microsoft.Network/virtualNetworks/vrfvnet\",\r\n
        \ \"etag\": \"W/\\\"ea416b94-81d7-4279-88b9-3999a3ff648b\\\"\",\r\n  \"type\":
        \"Microsoft.Network/virtualNetworks\",\r\n  \"location\": \"westus\",\r\n
        \ \"tags\": {},\r\n  \"properties\": {\r\n    \"provisioningState\": \"Updating\",\r\n
        \   \"resourceGuid\": \"78a457dc-28e5-41f1-9b5f-6d0bf0e95f94\",\r\n    \"addressSpace\":
        {\r\n      \"addressPrefixes\": [\r\n        \"10.0.0.0/16\"\r\n      ]\r\n
        \   },\r\n    \"dhcpOptions\": {\r\n      \"dnsServers\": []\r\n    },\r\n
        \   \"subnets\": [\r\n      {\r\n        \"name\": \"vrfsubnet\",\r\n        \"id\":
        \"/subscriptions/00000000-0000-0000-0000-000000000000/resourceGroups/cli_test_vmss_create_existing_ids000001/providers/Microsoft.Network/virtualNetworks/vrfvnet/subnets/vrfsubnet\",\r\n
        \       \"etag\": \"W/\\\"ea416b94-81d7-4279-88b9-3999a3ff648b\\\"\",\r\n
        \       \"properties\": {\r\n          \"provisioningState\": \"Updating\",\r\n
        \         \"addressPrefix\": \"10.0.0.0/24\",\r\n          \"delegations\":
        [],\r\n          \"privateEndpointNetworkPolicies\": \"Enabled\",\r\n          \"privateLinkServiceNetworkPolicies\":
        \"Enabled\"\r\n        },\r\n        \"type\": \"Microsoft.Network/virtualNetworks/subnets\"\r\n
        \     }\r\n    ],\r\n    \"virtualNetworkPeerings\": [],\r\n    \"enableDdosProtection\":
        false,\r\n    \"enableVmProtection\": false\r\n  }\r\n}"
    headers:
      azure-asyncnotification:
      - Enabled
      azure-asyncoperation:
      - https://management.azure.com/subscriptions/00000000-0000-0000-0000-000000000000/providers/Microsoft.Network/locations/westus/operations/e2f219d5-b5e0-46eb-8b95-1aee62b8ada3?api-version=2020-03-01
      cache-control:
      - no-cache
      content-length:
      - '1447'
      content-type:
      - application/json; charset=utf-8
      date:
      - Wed, 08 Apr 2020 05:30:51 GMT
      expires:
      - '-1'
      pragma:
      - no-cache
      server:
      - Microsoft-HTTPAPI/2.0
      - Microsoft-HTTPAPI/2.0
      strict-transport-security:
      - max-age=31536000; includeSubDomains
      x-content-type-options:
      - nosniff
      x-ms-arm-service-request-id:
      - 03a13f13-8738-486d-bd8a-be6991733e22
      x-ms-ratelimit-remaining-subscription-writes:
      - '1190'
    status:
      code: 201
      message: Created
- request:
    body: null
    headers:
      Accept:
      - application/json
      Accept-Encoding:
      - gzip, deflate
      CommandName:
      - network vnet create
      Connection:
      - keep-alive
      ParameterSetName:
      - -n -g --subnet-name
      User-Agent:
      - python/3.7.4 (Windows-10-10.0.18362-SP0) msrest/0.6.9 msrest_azure/0.6.3 azure-mgmt-network/10.0.0
        Azure-SDK-For-Python AZURECLI/2.3.1
    method: GET
    uri: https://management.azure.com/subscriptions/00000000-0000-0000-0000-000000000000/providers/Microsoft.Network/locations/westus/operations/e2f219d5-b5e0-46eb-8b95-1aee62b8ada3?api-version=2020-03-01
  response:
    body:
      string: "{\r\n  \"status\": \"Succeeded\"\r\n}"
    headers:
      cache-control:
      - no-cache
      content-length:
      - '29'
      content-type:
      - application/json; charset=utf-8
      date:
      - Wed, 08 Apr 2020 05:30:55 GMT
      expires:
      - '-1'
      pragma:
      - no-cache
      server:
      - Microsoft-HTTPAPI/2.0
      - Microsoft-HTTPAPI/2.0
      strict-transport-security:
      - max-age=31536000; includeSubDomains
      transfer-encoding:
      - chunked
      vary:
      - Accept-Encoding
      x-content-type-options:
      - nosniff
      x-ms-arm-service-request-id:
      - 6a5d9fcd-cbc7-4a6a-bf13-0d71f8425fac
    status:
      code: 200
      message: OK
- request:
    body: null
    headers:
      Accept:
      - application/json
      Accept-Encoding:
      - gzip, deflate
      CommandName:
      - network vnet create
      Connection:
      - keep-alive
      ParameterSetName:
      - -n -g --subnet-name
      User-Agent:
      - python/3.7.4 (Windows-10-10.0.18362-SP0) msrest/0.6.9 msrest_azure/0.6.3 azure-mgmt-network/10.0.0
        Azure-SDK-For-Python AZURECLI/2.3.1
    method: GET
    uri: https://management.azure.com/subscriptions/00000000-0000-0000-0000-000000000000/resourceGroups/cli_test_vmss_create_existing_ids000001/providers/Microsoft.Network/virtualNetworks/vrfvnet?api-version=2020-03-01
  response:
    body:
      string: "{\r\n  \"name\": \"vrfvnet\",\r\n  \"id\": \"/subscriptions/00000000-0000-0000-0000-000000000000/resourceGroups/cli_test_vmss_create_existing_ids000001/providers/Microsoft.Network/virtualNetworks/vrfvnet\",\r\n
        \ \"etag\": \"W/\\\"9f1f3632-e874-458b-a156-680c5f188f8a\\\"\",\r\n  \"type\":
        \"Microsoft.Network/virtualNetworks\",\r\n  \"location\": \"westus\",\r\n
        \ \"tags\": {},\r\n  \"properties\": {\r\n    \"provisioningState\": \"Succeeded\",\r\n
        \   \"resourceGuid\": \"78a457dc-28e5-41f1-9b5f-6d0bf0e95f94\",\r\n    \"addressSpace\":
        {\r\n      \"addressPrefixes\": [\r\n        \"10.0.0.0/16\"\r\n      ]\r\n
        \   },\r\n    \"dhcpOptions\": {\r\n      \"dnsServers\": []\r\n    },\r\n
        \   \"subnets\": [\r\n      {\r\n        \"name\": \"vrfsubnet\",\r\n        \"id\":
        \"/subscriptions/00000000-0000-0000-0000-000000000000/resourceGroups/cli_test_vmss_create_existing_ids000001/providers/Microsoft.Network/virtualNetworks/vrfvnet/subnets/vrfsubnet\",\r\n
        \       \"etag\": \"W/\\\"9f1f3632-e874-458b-a156-680c5f188f8a\\\"\",\r\n
        \       \"properties\": {\r\n          \"provisioningState\": \"Succeeded\",\r\n
        \         \"addressPrefix\": \"10.0.0.0/24\",\r\n          \"delegations\":
        [],\r\n          \"privateEndpointNetworkPolicies\": \"Enabled\",\r\n          \"privateLinkServiceNetworkPolicies\":
        \"Enabled\"\r\n        },\r\n        \"type\": \"Microsoft.Network/virtualNetworks/subnets\"\r\n
        \     }\r\n    ],\r\n    \"virtualNetworkPeerings\": [],\r\n    \"enableDdosProtection\":
        false,\r\n    \"enableVmProtection\": false\r\n  }\r\n}"
    headers:
      cache-control:
      - no-cache
      content-length:
      - '1449'
      content-type:
      - application/json; charset=utf-8
      date:
      - Wed, 08 Apr 2020 05:30:57 GMT
      etag:
      - W/"9f1f3632-e874-458b-a156-680c5f188f8a"
      expires:
      - '-1'
      pragma:
      - no-cache
      server:
      - Microsoft-HTTPAPI/2.0
      - Microsoft-HTTPAPI/2.0
      strict-transport-security:
      - max-age=31536000; includeSubDomains
      transfer-encoding:
      - chunked
      vary:
      - Accept-Encoding
      x-content-type-options:
      - nosniff
      x-ms-arm-service-request-id:
      - a8f2e4db-452d-4646-a56d-5fe35509ff3e
    status:
      code: 200
      message: OK
- request:
    body: null
    headers:
      Accept:
      - application/json
      Accept-Encoding:
      - gzip, deflate
      CommandName:
      - network lb create
      Connection:
      - keep-alive
      ParameterSetName:
      - --name -g --backend-pool-name
      User-Agent:
      - python/3.7.4 (Windows-10-10.0.18362-SP0) msrest/0.6.9 msrest_azure/0.6.3 azure-mgmt-resource/8.0.1
        Azure-SDK-For-Python AZURECLI/2.3.1
      accept-language:
      - en-US
    method: GET
    uri: https://management.azure.com/subscriptions/00000000-0000-0000-0000-000000000000/resourcegroups/cli_test_vmss_create_existing_ids000001?api-version=2019-07-01
  response:
    body:
      string: '{"id":"/subscriptions/00000000-0000-0000-0000-000000000000/resourceGroups/cli_test_vmss_create_existing_ids000001","name":"cli_test_vmss_create_existing_ids000001","type":"Microsoft.Resources/resourceGroups","location":"westus","tags":{"product":"azurecli","cause":"automation","date":"2020-04-08T05:30:38Z","StorageType":"Standard_LRS","type":"test"},"properties":{"provisioningState":"Succeeded"}}'
    headers:
      cache-control:
      - no-cache
      content-length:
      - '471'
      content-type:
      - application/json; charset=utf-8
      date:
      - Wed, 08 Apr 2020 05:30:59 GMT
      expires:
      - '-1'
      pragma:
      - no-cache
      strict-transport-security:
      - max-age=31536000; includeSubDomains
      vary:
      - Accept-Encoding
      x-content-type-options:
      - nosniff
    status:
      code: 200
      message: OK
- request:
    body: null
    headers:
      Accept:
      - application/json
      Accept-Encoding:
      - gzip, deflate
      CommandName:
      - network lb create
      Connection:
      - keep-alive
      ParameterSetName:
      - --name -g --backend-pool-name
      User-Agent:
      - python/3.7.4 (Windows-10-10.0.18362-SP0) msrest/0.6.9 msrest_azure/0.6.3 azure-mgmt-resource/8.0.1
        Azure-SDK-For-Python AZURECLI/2.3.1
      accept-language:
      - en-US
    method: GET
    uri: https://management.azure.com/subscriptions/00000000-0000-0000-0000-000000000000/resources?$filter=resourceGroup%20eq%20%27cli_test_vmss_create_existing_ids000001%27%20and%20name%20eq%20%27None%27%20and%20resourceType%20eq%20%27Microsoft.Network%2FpublicIPAddresses%27&api-version=2019-07-01
  response:
    body:
      string: '{"value":[]}'
    headers:
      cache-control:
      - no-cache
      content-length:
      - '12'
      content-type:
      - application/json; charset=utf-8
      date:
      - Wed, 08 Apr 2020 05:31:00 GMT
      expires:
      - '-1'
      pragma:
      - no-cache
      strict-transport-security:
      - max-age=31536000; includeSubDomains
      vary:
      - Accept-Encoding
      x-content-type-options:
      - nosniff
    status:
      code: 200
      message: OK
- request:
    body: 'b''{"properties": {"template": {"$schema": "https://schema.management.azure.com/schemas/2015-01-01/deploymentTemplate.json#",
      "contentVersion": "1.0.0.0", "parameters": {}, "variables": {}, "resources":
      [{"apiVersion": "2020-03-01", "type": "Microsoft.Network/publicIPAddresses",
      "name": "PublicIPvrflb", "location": "westus", "tags": {}, "dependsOn": [],
      "properties": {"publicIPAllocationMethod": "Dynamic"}, "sku": {"name": "Basic"}},
      {"type": "Microsoft.Network/loadBalancers", "name": "vrflb", "location": "westus",
      "tags": {}, "apiVersion": "2020-03-01", "dependsOn": ["Microsoft.Network/publicIpAddresses/PublicIPvrflb"],
      "properties": {"backendAddressPools": [{"name": "mybepool"}], "frontendIPConfigurations":
      [{"name": "LoadBalancerFrontEnd", "properties": {"publicIPAddress": {"id": "/subscriptions/00000000-0000-0000-0000-000000000000/resourceGroups/cli_test_vmss_create_existing_ids000001/providers/Microsoft.Network/publicIPAddresses/PublicIPvrflb"},
      "privateIPAddressVersion": "IPv4"}}]}, "sku": {"name": "Basic"}}], "outputs":
      {"loadBalancer": {"type": "object", "value": "[reference(\''vrflb\'')]"}}},
      "parameters": {}, "mode": "Incremental"}}'''
    headers:
      Accept:
      - application/json
      Accept-Encoding:
      - gzip, deflate
      CommandName:
      - network lb create
      Connection:
      - keep-alive
      Content-Length:
      - '1189'
      Content-Type:
      - application/json; charset=utf-8
      ParameterSetName:
      - --name -g --backend-pool-name
      User-Agent:
      - python/3.7.4 (Windows-10-10.0.18362-SP0) msrest/0.6.9 msrest_azure/0.6.3 azure-mgmt-resource/8.0.1
        Azure-SDK-For-Python AZURECLI/2.3.1
      accept-language:
      - en-US
    method: PUT
    uri: https://management.azure.com/subscriptions/00000000-0000-0000-0000-000000000000/resourcegroups/cli_test_vmss_create_existing_ids000001/providers/Microsoft.Resources/deployments/mock-deployment?api-version=2019-07-01
  response:
    body:
      string: '{"id":"/subscriptions/00000000-0000-0000-0000-000000000000/resourceGroups/cli_test_vmss_create_existing_ids000001/providers/Microsoft.Resources/deployments/lb_deploy_0J9rgWic0PGehahhepsBTKe9s8Dia6OS","name":"lb_deploy_0J9rgWic0PGehahhepsBTKe9s8Dia6OS","type":"Microsoft.Resources/deployments","properties":{"templateHash":"15266894497537623297","parameters":{},"mode":"Incremental","provisioningState":"Accepted","timestamp":"2020-04-08T05:31:05.6525164Z","duration":"PT2.4256764S","correlationId":"e61caec4-3ed4-4007-b65e-088070b541f5","providers":[{"namespace":"Microsoft.Network","resourceTypes":[{"resourceType":"publicIPAddresses","locations":["westus"]},{"resourceType":"loadBalancers","locations":["westus"]}]}],"dependencies":[{"dependsOn":[{"id":"/subscriptions/00000000-0000-0000-0000-000000000000/resourceGroups/cli_test_vmss_create_existing_ids000001/providers/Microsoft.Network/publicIPAddresses/PublicIPvrflb","resourceType":"Microsoft.Network/publicIPAddresses","resourceName":"PublicIPvrflb"}],"id":"/subscriptions/00000000-0000-0000-0000-000000000000/resourceGroups/cli_test_vmss_create_existing_ids000001/providers/Microsoft.Network/loadBalancers/vrflb","resourceType":"Microsoft.Network/loadBalancers","resourceName":"vrflb"}]}}'
    headers:
      azure-asyncoperation:
      - https://management.azure.com/subscriptions/00000000-0000-0000-0000-000000000000/resourcegroups/cli_test_vmss_create_existing_ids000001/providers/Microsoft.Resources/deployments/lb_deploy_0J9rgWic0PGehahhepsBTKe9s8Dia6OS/operationStatuses/08586152830222507784?api-version=2019-07-01
      cache-control:
      - no-cache
      content-length:
      - '1355'
      content-type:
      - application/json; charset=utf-8
      date:
      - Wed, 08 Apr 2020 05:31:06 GMT
      expires:
      - '-1'
      pragma:
      - no-cache
      strict-transport-security:
      - max-age=31536000; includeSubDomains
      x-content-type-options:
      - nosniff
      x-ms-ratelimit-remaining-subscription-writes:
      - '1192'
    status:
      code: 201
      message: Created
- request:
    body: null
    headers:
      Accept:
      - application/json
      Accept-Encoding:
      - gzip, deflate
      CommandName:
      - network lb create
      Connection:
      - keep-alive
      ParameterSetName:
      - --name -g --backend-pool-name
      User-Agent:
      - python/3.7.4 (Windows-10-10.0.18362-SP0) msrest/0.6.9 msrest_azure/0.6.3 azure-mgmt-resource/8.0.1
        Azure-SDK-For-Python AZURECLI/2.3.1
    method: GET
    uri: https://management.azure.com/subscriptions/00000000-0000-0000-0000-000000000000/resourcegroups/cli_test_vmss_create_existing_ids000001/providers/Microsoft.Resources/deployments/mock-deployment/operationStatuses/08586152830222507784?api-version=2019-07-01
  response:
    body:
      string: '{"status":"Running"}'
    headers:
      cache-control:
      - no-cache
      content-length:
      - '20'
      content-type:
      - application/json; charset=utf-8
      date:
      - Wed, 08 Apr 2020 05:31:37 GMT
      expires:
      - '-1'
      pragma:
      - no-cache
      strict-transport-security:
      - max-age=31536000; includeSubDomains
      vary:
      - Accept-Encoding
      x-content-type-options:
      - nosniff
    status:
      code: 200
      message: OK
- request:
    body: null
    headers:
      Accept:
      - application/json
      Accept-Encoding:
      - gzip, deflate
      CommandName:
      - network lb create
      Connection:
      - keep-alive
      ParameterSetName:
      - --name -g --backend-pool-name
      User-Agent:
      - python/3.7.4 (Windows-10-10.0.18362-SP0) msrest/0.6.9 msrest_azure/0.6.3 azure-mgmt-resource/8.0.1
        Azure-SDK-For-Python AZURECLI/2.3.1
    method: GET
    uri: https://management.azure.com/subscriptions/00000000-0000-0000-0000-000000000000/resourcegroups/cli_test_vmss_create_existing_ids000001/providers/Microsoft.Resources/deployments/mock-deployment/operationStatuses/08586152830222507784?api-version=2019-07-01
  response:
    body:
      string: '{"status":"Running"}'
    headers:
      cache-control:
      - no-cache
      content-length:
      - '20'
      content-type:
      - application/json; charset=utf-8
      date:
      - Wed, 08 Apr 2020 05:32:09 GMT
      expires:
      - '-1'
      pragma:
      - no-cache
      strict-transport-security:
      - max-age=31536000; includeSubDomains
      vary:
      - Accept-Encoding
      x-content-type-options:
      - nosniff
    status:
      code: 200
      message: OK
- request:
    body: null
    headers:
      Accept:
      - application/json
      Accept-Encoding:
      - gzip, deflate
      CommandName:
      - network lb create
      Connection:
      - keep-alive
      ParameterSetName:
      - --name -g --backend-pool-name
      User-Agent:
      - python/3.7.4 (Windows-10-10.0.18362-SP0) msrest/0.6.9 msrest_azure/0.6.3 azure-mgmt-resource/8.0.1
        Azure-SDK-For-Python AZURECLI/2.3.1
    method: GET
    uri: https://management.azure.com/subscriptions/00000000-0000-0000-0000-000000000000/resourcegroups/cli_test_vmss_create_existing_ids000001/providers/Microsoft.Resources/deployments/mock-deployment/operationStatuses/08586152830222507784?api-version=2019-07-01
  response:
    body:
      string: '{"status":"Running"}'
    headers:
      cache-control:
      - no-cache
      content-length:
      - '20'
      content-type:
      - application/json; charset=utf-8
      date:
      - Wed, 08 Apr 2020 05:32:39 GMT
      expires:
      - '-1'
      pragma:
      - no-cache
      strict-transport-security:
      - max-age=31536000; includeSubDomains
      vary:
      - Accept-Encoding
      x-content-type-options:
      - nosniff
    status:
      code: 200
      message: OK
- request:
    body: null
    headers:
      Accept:
      - application/json
      Accept-Encoding:
      - gzip, deflate
      CommandName:
      - network lb create
      Connection:
      - keep-alive
      ParameterSetName:
      - --name -g --backend-pool-name
      User-Agent:
      - python/3.7.4 (Windows-10-10.0.18362-SP0) msrest/0.6.9 msrest_azure/0.6.3 azure-mgmt-resource/8.0.1
        Azure-SDK-For-Python AZURECLI/2.3.1
    method: GET
    uri: https://management.azure.com/subscriptions/00000000-0000-0000-0000-000000000000/resourcegroups/cli_test_vmss_create_existing_ids000001/providers/Microsoft.Resources/deployments/mock-deployment/operationStatuses/08586152830222507784?api-version=2019-07-01
  response:
    body:
      string: '{"status":"Succeeded"}'
    headers:
      cache-control:
      - no-cache
      content-length:
      - '22'
      content-type:
      - application/json; charset=utf-8
      date:
      - Wed, 08 Apr 2020 05:33:09 GMT
      expires:
      - '-1'
      pragma:
      - no-cache
      strict-transport-security:
      - max-age=31536000; includeSubDomains
      vary:
      - Accept-Encoding
      x-content-type-options:
      - nosniff
    status:
      code: 200
      message: OK
- request:
    body: null
    headers:
      Accept:
      - application/json
      Accept-Encoding:
      - gzip, deflate
      CommandName:
      - network lb create
      Connection:
      - keep-alive
      ParameterSetName:
      - --name -g --backend-pool-name
      User-Agent:
      - python/3.7.4 (Windows-10-10.0.18362-SP0) msrest/0.6.9 msrest_azure/0.6.3 azure-mgmt-resource/8.0.1
        Azure-SDK-For-Python AZURECLI/2.3.1
    method: GET
    uri: https://management.azure.com/subscriptions/00000000-0000-0000-0000-000000000000/resourcegroups/cli_test_vmss_create_existing_ids000001/providers/Microsoft.Resources/deployments/mock-deployment?api-version=2019-07-01
  response:
    body:
      string: '{"id":"/subscriptions/00000000-0000-0000-0000-000000000000/resourceGroups/cli_test_vmss_create_existing_ids000001/providers/Microsoft.Resources/deployments/lb_deploy_0J9rgWic0PGehahhepsBTKe9s8Dia6OS","name":"lb_deploy_0J9rgWic0PGehahhepsBTKe9s8Dia6OS","type":"Microsoft.Resources/deployments","properties":{"templateHash":"15266894497537623297","parameters":{},"mode":"Incremental","provisioningState":"Succeeded","timestamp":"2020-04-08T05:33:01.8992629Z","duration":"PT1M58.6724229S","correlationId":"e61caec4-3ed4-4007-b65e-088070b541f5","providers":[{"namespace":"Microsoft.Network","resourceTypes":[{"resourceType":"publicIPAddresses","locations":["westus"]},{"resourceType":"loadBalancers","locations":["westus"]}]}],"dependencies":[{"dependsOn":[{"id":"/subscriptions/00000000-0000-0000-0000-000000000000/resourceGroups/cli_test_vmss_create_existing_ids000001/providers/Microsoft.Network/publicIPAddresses/PublicIPvrflb","resourceType":"Microsoft.Network/publicIPAddresses","resourceName":"PublicIPvrflb"}],"id":"/subscriptions/00000000-0000-0000-0000-000000000000/resourceGroups/cli_test_vmss_create_existing_ids000001/providers/Microsoft.Network/loadBalancers/vrflb","resourceType":"Microsoft.Network/loadBalancers","resourceName":"vrflb"}],"outputs":{"loadBalancer":{"type":"Object","value":{"provisioningState":"Succeeded","resourceGuid":"21184774-4f00-4949-b592-60609521cf3b","frontendIPConfigurations":[{"name":"LoadBalancerFrontEnd","id":"/subscriptions/00000000-0000-0000-0000-000000000000/resourceGroups/cli_test_vmss_create_existing_ids000001/providers/Microsoft.Network/loadBalancers/vrflb/frontendIPConfigurations/LoadBalancerFrontEnd","etag":"W/\"02af20dd-40f6-4a8e-a4a3-ec2543b94a7b\"","type":"Microsoft.Network/loadBalancers/frontendIPConfigurations","properties":{"provisioningState":"Succeeded","privateIPAllocationMethod":"Dynamic","publicIPAddress":{"id":"/subscriptions/00000000-0000-0000-0000-000000000000/resourceGroups/cli_test_vmss_create_existing_ids000001/providers/Microsoft.Network/publicIPAddresses/PublicIPvrflb"},"privateIPAddressVersion":"IPv4"}}],"backendAddressPools":[{"name":"mybepool","id":"/subscriptions/00000000-0000-0000-0000-000000000000/resourceGroups/cli_test_vmss_create_existing_ids000001/providers/Microsoft.Network/loadBalancers/vrflb/backendAddressPools/mybepool","etag":"W/\"02af20dd-40f6-4a8e-a4a3-ec2543b94a7b\"","properties":{"provisioningState":"Succeeded"},"type":"Microsoft.Network/loadBalancers/backendAddressPools"}],"loadBalancingRules":[],"probes":[],"inboundNatRules":[],"inboundNatPools":[]}}},"outputResources":[{"id":"/subscriptions/00000000-0000-0000-0000-000000000000/resourceGroups/cli_test_vmss_create_existing_ids000001/providers/Microsoft.Network/loadBalancers/vrflb"},{"id":"/subscriptions/00000000-0000-0000-0000-000000000000/resourceGroups/cli_test_vmss_create_existing_ids000001/providers/Microsoft.Network/publicIPAddresses/PublicIPvrflb"}]}}'
    headers:
      cache-control:
      - no-cache
      content-length:
      - '3212'
      content-type:
      - application/json; charset=utf-8
      date:
      - Wed, 08 Apr 2020 05:33:10 GMT
      expires:
      - '-1'
      pragma:
      - no-cache
      strict-transport-security:
      - max-age=31536000; includeSubDomains
      vary:
      - Accept-Encoding
      x-content-type-options:
      - nosniff
    status:
      code: 200
      message: OK
- request:
    body: null
    headers:
      Accept:
      - application/json
      Accept-Encoding:
      - gzip, deflate
      CommandName:
      - network lb create
      Connection:
      - keep-alive
      ParameterSetName:
      - --name -g --backend-pool-name
      User-Agent:
      - python/3.7.4 (Windows-10-10.0.18362-SP0) msrest/0.6.9 msrest_azure/0.6.3 azure-mgmt-resource/8.0.1
        Azure-SDK-For-Python AZURECLI/2.3.1
      accept-language:
      - en-US
    method: GET
    uri: https://management.azure.com/subscriptions/00000000-0000-0000-0000-000000000000/locations?api-version=2019-06-01
  response:
    body:
      string: '{"value":[{"id":"/subscriptions/00000000-0000-0000-0000-000000000000/locations/eastasia","name":"eastasia","displayName":"East
        Asia","longitude":"114.188","latitude":"22.267"},{"id":"/subscriptions/00000000-0000-0000-0000-000000000000/locations/southeastasia","name":"southeastasia","displayName":"Southeast
        Asia","longitude":"103.833","latitude":"1.283"},{"id":"/subscriptions/00000000-0000-0000-0000-000000000000/locations/centralus","name":"centralus","displayName":"Central
        US","longitude":"-93.6208","latitude":"41.5908"},{"id":"/subscriptions/00000000-0000-0000-0000-000000000000/locations/eastus","name":"eastus","displayName":"East
        US","longitude":"-79.8164","latitude":"37.3719"},{"id":"/subscriptions/00000000-0000-0000-0000-000000000000/locations/eastus2","name":"eastus2","displayName":"East
        US 2","longitude":"-78.3889","latitude":"36.6681"},{"id":"/subscriptions/00000000-0000-0000-0000-000000000000/locations/westus","name":"westus","displayName":"West
        US","longitude":"-122.417","latitude":"37.783"},{"id":"/subscriptions/00000000-0000-0000-0000-000000000000/locations/northcentralus","name":"northcentralus","displayName":"North
        Central US","longitude":"-87.6278","latitude":"41.8819"},{"id":"/subscriptions/00000000-0000-0000-0000-000000000000/locations/southcentralus","name":"southcentralus","displayName":"South
        Central US","longitude":"-98.5","latitude":"29.4167"},{"id":"/subscriptions/00000000-0000-0000-0000-000000000000/locations/northeurope","name":"northeurope","displayName":"North
        Europe","longitude":"-6.2597","latitude":"53.3478"},{"id":"/subscriptions/00000000-0000-0000-0000-000000000000/locations/westeurope","name":"westeurope","displayName":"West
        Europe","longitude":"4.9","latitude":"52.3667"},{"id":"/subscriptions/00000000-0000-0000-0000-000000000000/locations/japanwest","name":"japanwest","displayName":"Japan
        West","longitude":"135.5022","latitude":"34.6939"},{"id":"/subscriptions/00000000-0000-0000-0000-000000000000/locations/japaneast","name":"japaneast","displayName":"Japan
        East","longitude":"139.77","latitude":"35.68"},{"id":"/subscriptions/00000000-0000-0000-0000-000000000000/locations/brazilsouth","name":"brazilsouth","displayName":"Brazil
        South","longitude":"-46.633","latitude":"-23.55"},{"id":"/subscriptions/00000000-0000-0000-0000-000000000000/locations/australiaeast","name":"australiaeast","displayName":"Australia
        East","longitude":"151.2094","latitude":"-33.86"},{"id":"/subscriptions/00000000-0000-0000-0000-000000000000/locations/australiasoutheast","name":"australiasoutheast","displayName":"Australia
        Southeast","longitude":"144.9631","latitude":"-37.8136"},{"id":"/subscriptions/00000000-0000-0000-0000-000000000000/locations/southindia","name":"southindia","displayName":"South
        India","longitude":"80.1636","latitude":"12.9822"},{"id":"/subscriptions/00000000-0000-0000-0000-000000000000/locations/centralindia","name":"centralindia","displayName":"Central
        India","longitude":"73.9197","latitude":"18.5822"},{"id":"/subscriptions/00000000-0000-0000-0000-000000000000/locations/westindia","name":"westindia","displayName":"West
        India","longitude":"72.868","latitude":"19.088"},{"id":"/subscriptions/00000000-0000-0000-0000-000000000000/locations/canadacentral","name":"canadacentral","displayName":"Canada
        Central","longitude":"-79.383","latitude":"43.653"},{"id":"/subscriptions/00000000-0000-0000-0000-000000000000/locations/canadaeast","name":"canadaeast","displayName":"Canada
        East","longitude":"-71.217","latitude":"46.817"},{"id":"/subscriptions/00000000-0000-0000-0000-000000000000/locations/uksouth","name":"uksouth","displayName":"UK
        South","longitude":"-0.799","latitude":"50.941"},{"id":"/subscriptions/00000000-0000-0000-0000-000000000000/locations/ukwest","name":"ukwest","displayName":"UK
        West","longitude":"-3.084","latitude":"53.427"},{"id":"/subscriptions/00000000-0000-0000-0000-000000000000/locations/westcentralus","name":"westcentralus","displayName":"West
        Central US","longitude":"-110.234","latitude":"40.890"},{"id":"/subscriptions/00000000-0000-0000-0000-000000000000/locations/westus2","name":"westus2","displayName":"West
        US 2","longitude":"-119.852","latitude":"47.233"},{"id":"/subscriptions/00000000-0000-0000-0000-000000000000/locations/koreacentral","name":"koreacentral","displayName":"Korea
        Central","longitude":"126.9780","latitude":"37.5665"},{"id":"/subscriptions/00000000-0000-0000-0000-000000000000/locations/koreasouth","name":"koreasouth","displayName":"Korea
        South","longitude":"129.0756","latitude":"35.1796"},{"id":"/subscriptions/00000000-0000-0000-0000-000000000000/locations/francecentral","name":"francecentral","displayName":"France
        Central","longitude":"2.3730","latitude":"46.3772"},{"id":"/subscriptions/00000000-0000-0000-0000-000000000000/locations/francesouth","name":"francesouth","displayName":"France
        South","longitude":"2.1972","latitude":"43.8345"},{"id":"/subscriptions/00000000-0000-0000-0000-000000000000/locations/australiacentral","name":"australiacentral","displayName":"Australia
        Central","longitude":"149.1244","latitude":"-35.3075"},{"id":"/subscriptions/00000000-0000-0000-0000-000000000000/locations/australiacentral2","name":"australiacentral2","displayName":"Australia
        Central 2","longitude":"149.1244","latitude":"-35.3075"},{"id":"/subscriptions/00000000-0000-0000-0000-000000000000/locations/uaecentral","name":"uaecentral","displayName":"UAE
        Central","longitude":"54.366669","latitude":"24.466667"},{"id":"/subscriptions/00000000-0000-0000-0000-000000000000/locations/uaenorth","name":"uaenorth","displayName":"UAE
        North","longitude":"55.316666","latitude":"25.266666"},{"id":"/subscriptions/00000000-0000-0000-0000-000000000000/locations/southafricanorth","name":"southafricanorth","displayName":"South
        Africa North","longitude":"28.218370","latitude":"-25.731340"},{"id":"/subscriptions/00000000-0000-0000-0000-000000000000/locations/southafricawest","name":"southafricawest","displayName":"South
        Africa West","longitude":"18.843266","latitude":"-34.075691"},{"id":"/subscriptions/00000000-0000-0000-0000-000000000000/locations/switzerlandnorth","name":"switzerlandnorth","displayName":"Switzerland
        North","longitude":"8.564572","latitude":"47.451542"},{"id":"/subscriptions/00000000-0000-0000-0000-000000000000/locations/switzerlandwest","name":"switzerlandwest","displayName":"Switzerland
        West","longitude":"6.143158","latitude":"46.204391"},{"id":"/subscriptions/00000000-0000-0000-0000-000000000000/locations/germanynorth","name":"germanynorth","displayName":"Germany
        North","longitude":"8.806422","latitude":"53.073635"},{"id":"/subscriptions/00000000-0000-0000-0000-000000000000/locations/germanywestcentral","name":"germanywestcentral","displayName":"Germany
        West Central","longitude":"8.682127","latitude":"50.110924"},{"id":"/subscriptions/00000000-0000-0000-0000-000000000000/locations/norwaywest","name":"norwaywest","displayName":"Norway
        West","longitude":"5.733107","latitude":"58.969975"},{"id":"/subscriptions/00000000-0000-0000-0000-000000000000/locations/norwayeast","name":"norwayeast","displayName":"Norway
        East","longitude":"10.752245","latitude":"59.913868"}]}'
    headers:
      cache-control:
      - no-cache
      content-length:
      - '7129'
      content-type:
      - application/json; charset=utf-8
      date:
      - Wed, 08 Apr 2020 05:33:14 GMT
      expires:
      - '-1'
      pragma:
      - no-cache
      strict-transport-security:
      - max-age=31536000; includeSubDomains
      vary:
      - Accept-Encoding
      x-content-type-options:
      - nosniff
    status:
      code: 200
      message: OK
- request:
    body: null
    headers:
      Accept:
      - '*/*'
      Accept-Encoding:
      - gzip, deflate
      Connection:
      - keep-alive
      User-Agent:
      - python-requests/2.22.0
    method: GET
    uri: https://raw.githubusercontent.com/Azure/azure-rest-api-specs/master/arm-compute/quickstart-templates/aliases.json
  response:
    body:
      string: "{\n  \"$schema\": \"http://schema.management.azure.com/schemas/2015-01-01/deploymentTemplate.json\",\n
        \ \"contentVersion\": \"1.0.0.0\",\n  \"parameters\": {},\n  \"variables\":
        {},\n  \"resources\": [],\n  \"outputs\": {\n    \"aliases\": {\n      \"type\":
        \"object\",\n      \"value\": {\n        \"Linux\": {\n          \"CentOS\":
        {\n            \"publisher\": \"OpenLogic\",\n            \"offer\": \"CentOS\",\n
        \           \"sku\": \"7.5\",\n            \"version\": \"latest\"\n          },\n
        \         \"CoreOS\": {\n            \"publisher\": \"CoreOS\",\n            \"offer\":
        \"CoreOS\",\n            \"sku\": \"Stable\",\n            \"version\": \"latest\"\n
        \         },\n          \"Debian\": {\n            \"publisher\": \"Debian\",\n
        \           \"offer\": \"debian-10\",\n            \"sku\": \"10\",\n            \"version\":
        \"latest\"\n          },\n          \"openSUSE-Leap\": {\n            \"publisher\":
        \"SUSE\",\n            \"offer\": \"openSUSE-Leap\",\n            \"sku\":
        \"42.3\",\n            \"version\": \"latest\"\n          },\n          \"RHEL\":
        {\n            \"publisher\": \"RedHat\",\n            \"offer\": \"RHEL\",\n
        \           \"sku\": \"7-LVM\",\n            \"version\": \"latest\"\n          },\n
        \         \"SLES\": {\n            \"publisher\": \"SUSE\",\n            \"offer\":
        \"SLES\",\n            \"sku\": \"15\",\n            \"version\": \"latest\"\n
        \         },\n          \"UbuntuLTS\": {\n            \"publisher\": \"Canonical\",\n
        \           \"offer\": \"UbuntuServer\",\n            \"sku\": \"18.04-LTS\",\n
        \           \"version\": \"latest\"\n          }\n        },\n        \"Windows\":
        {\n          \"Win2019Datacenter\": {\n            \"publisher\": \"MicrosoftWindowsServer\",\n
        \           \"offer\": \"WindowsServer\",\n            \"sku\": \"2019-Datacenter\",\n
        \           \"version\": \"latest\"\n          },\n          \"Win2016Datacenter\":
        {\n            \"publisher\": \"MicrosoftWindowsServer\",\n            \"offer\":
        \"WindowsServer\",\n            \"sku\": \"2016-Datacenter\",\n            \"version\":
        \"latest\"\n          },\n          \"Win2012R2Datacenter\": {\n            \"publisher\":
        \"MicrosoftWindowsServer\",\n            \"offer\": \"WindowsServer\",\n            \"sku\":
        \"2012-R2-Datacenter\",\n            \"version\": \"latest\"\n          },\n
        \         \"Win2012Datacenter\": {\n            \"publisher\": \"MicrosoftWindowsServer\",\n
        \           \"offer\": \"WindowsServer\",\n            \"sku\": \"2012-Datacenter\",\n
        \           \"version\": \"latest\"\n          },\n          \"Win2008R2SP1\":
        {\n            \"publisher\": \"MicrosoftWindowsServer\",\n            \"offer\":
        \"WindowsServer\",\n            \"sku\": \"2008-R2-SP1\",\n            \"version\":
        \"latest\"\n          }\n        }\n      }\n    }\n  }\n}\n"
    headers:
      accept-ranges:
      - bytes
      access-control-allow-origin:
      - '*'
      cache-control:
      - max-age=300
      connection:
      - keep-alive
      content-length:
      - '2501'
      content-security-policy:
      - default-src 'none'; style-src 'unsafe-inline'; sandbox
      content-type:
      - text/plain; charset=utf-8
      date:
      - Wed, 08 Apr 2020 05:33:15 GMT
      etag:
      - W/"540044b4084c3c314537f1baa1770f248628b2bc9ba0328f1004c33862e049da"
      expires:
      - Wed, 08 Apr 2020 05:38:15 GMT
      source-age:
      - '306'
      strict-transport-security:
      - max-age=31536000
      vary:
      - Authorization,Accept-Encoding
      via:
      - 1.1 varnish (Varnish/6.0)
      - 1.1 varnish
      x-cache:
      - HIT, HIT
      x-cache-hits:
      - 3, 1
      x-content-type-options:
      - nosniff
      x-fastly-request-id:
      - 193c7110870b8730d1740ecf8467f8c64a6d490e
      x-frame-options:
      - deny
      x-github-request-id:
      - CB8C:3A9F:C44E:E8F9:5E8D49F0
      x-served-by:
      - cache-sin18037-SIN
      x-timer:
      - S1586323995.197294,VS0,VE234
      x-xss-protection:
      - 1; mode=block
    status:
      code: 200
      message: OK
- request:
    body: null
    headers:
      Accept:
      - application/json
      Accept-Encoding:
      - gzip, deflate
      CommandName:
      - vmss create
      Connection:
      - keep-alive
      ParameterSetName:
      - --image --os-disk-name --admin-username --subnet -l --vm-sku --storage-container-name
        -g --name --load-balancer --ssh-key-value --backend-pool-name --use-unmanaged-disk
      User-Agent:
      - python/3.7.4 (Windows-10-10.0.18362-SP0) msrest/0.6.9 msrest_azure/0.6.3 azure-mgmt-resource/8.0.1
        Azure-SDK-For-Python AZURECLI/2.3.1
      accept-language:
      - en-US
    method: GET
    uri: https://management.azure.com/subscriptions/00000000-0000-0000-0000-000000000000/providers/Microsoft.Network?api-version=2019-07-01
  response:
    body:
      string: '{"id":"/subscriptions/00000000-0000-0000-0000-000000000000/providers/Microsoft.Network","namespace":"Microsoft.Network","authorizations":[{"applicationId":"2cf9eb86-36b5-49dc-86ae-9a63135dfa8c","roleDefinitionId":"13ba9ab4-19f0-4804-adc4-14ece36cc7a1"},{"applicationId":"7c33bfcb-8d33-48d6-8e60-dc6404003489","roleDefinitionId":"ad6261e4-fa9a-4642-aa5f-104f1b67e9e3"},{"applicationId":"1e3e4475-288f-4018-a376-df66fd7fac5f","roleDefinitionId":"1d538b69-3d87-4e56-8ff8-25786fd48261"},{"applicationId":"a0be0c72-870e-46f0-9c49-c98333a996f7","roleDefinitionId":"7ce22727-ffce-45a9-930c-ddb2e56fa131"},{"applicationId":"486c78bf-a0f7-45f1-92fd-37215929e116","roleDefinitionId":"98a9e526-0a60-4c1f-a33a-ae46e1f8dc0d"},{"applicationId":"19947cfd-0303-466c-ac3c-fcc19a7a1570","roleDefinitionId":"d813ab6c-bfb7-413e-9462-005b21f0ce09"},{"applicationId":"341b7f3d-69b3-47f9-9ce7-5b7f4945fdbd","roleDefinitionId":"8141843c-c51c-4c1e-a5bf-0d351594b86c"},{"applicationId":"328fd23b-de6e-462c-9433-e207470a5727","roleDefinitionId":"79e29e06-4056-41e5-a6b2-959f1f47747e"}],"resourceTypes":[{"resourceType":"virtualNetworks","locations":["West
        US","East US","North Europe","West Europe","East Asia","Southeast Asia","North
        Central US","South Central US","Central US","East US 2","Japan East","Japan
        West","Brazil South","Australia East","Australia Southeast","Central India","South
        India","West India","Canada Central","Canada East","West Central US","West
        US 2","UK West","UK South","Korea Central","Korea South","France Central","Australia
        Central","South Africa North","UAE North","Switzerland North","Germany West
        Central","Norway East","Central US EUAP","East US 2 EUAP"],"apiVersions":["2020-03-01","2020-01-01","2019-12-01","2019-11-01","2019-09-01","2019-08-01","2019-07-01","2019-06-01","2019-04-01","2019-02-01","2018-12-01","2018-11-01","2018-10-01","2018-08-01","2018-07-01","2018-06-01","2018-05-01","2018-04-01","2018-03-01","2018-02-01","2018-01-01","2017-11-01","2017-10-01","2017-09-01","2017-08-01","2017-06-01","2017-04-01","2017-03-01","2016-12-01","2016-11-01","2016-10-01","2016-09-01","2016-08-01","2016-07-01","2016-06-01","2016-03-30","2015-06-15","2015-05-01-preview","2014-12-01-preview"],"defaultApiVersion":"2017-09-01","apiProfiles":[{"profileVersion":"2017-03-09-profile","apiVersion":"2015-06-15"},{"profileVersion":"2018-03-01-hybrid","apiVersion":"2017-10-01"},{"profileVersion":"2019-03-01-hybrid","apiVersion":"2017-10-01"}],"capabilities":"CrossResourceGroupResourceMove,
        CrossSubscriptionResourceMove, SupportsTags, SupportsLocation"},{"resourceType":"natGateways","locations":["West
        US","East US","North Europe","West Europe","East Asia","Southeast Asia","North
        Central US","South Central US","Central US","East US 2","Japan East","Japan
        West","Brazil South","Australia East","Australia Southeast","Central India","South
        India","West India","Canada Central","Canada East","West Central US","West
        US 2","UK West","UK South","Korea Central","Korea South","France Central","Australia
        Central","South Africa North","UAE North","Switzerland North","Central US
        EUAP","East US 2 EUAP"],"apiVersions":["2020-03-01","2020-01-01","2019-12-01","2019-11-01","2019-09-01","2019-08-01","2019-07-01","2019-06-01","2019-04-01","2019-02-01","2018-12-01","2018-11-01"],"defaultApiVersion":"2018-11-01","zoneMappings":[{"location":"East
        US 2","zones":["2","3","1"]},{"location":"Central US","zones":["2","3","1"]},{"location":"West
        Europe","zones":["2","3","1"]},{"location":"East US 2 EUAP","zones":["1","2","3"]},{"location":"Central
        US EUAP","zones":["1","2"]},{"location":"France Central","zones":["2","3","1"]},{"location":"Southeast
        Asia","zones":["2","3","1"]},{"location":"West US 2","zones":["2","3","1"]},{"location":"North
        Europe","zones":["2","3","1"]},{"location":"East US","zones":["2","3","1"]},{"location":"UK
        South","zones":["2","3","1"]},{"location":"Japan East","zones":["2","3","1"]},{"location":"Australia
        East","zones":[]},{"location":"South Africa North","zones":[]},{"location":"South
        Central US","zones":[]},{"location":"Canada Central","zones":[]}],"capabilities":"CrossResourceGroupResourceMove,
        CrossSubscriptionResourceMove, SupportsTags, SupportsLocation"},{"resourceType":"publicIPAddresses","locations":["West
        US","East US","North Europe","West Europe","East Asia","Southeast Asia","North
        Central US","South Central US","Central US","East US 2","Japan East","Japan
        West","Brazil South","Australia East","Australia Southeast","Central India","South
        India","West India","Canada Central","Canada East","West Central US","West
        US 2","UK West","UK South","Korea Central","Korea South","France Central","Australia
        Central","South Africa North","UAE North","Switzerland North","Germany West
        Central","Norway East","Central US EUAP","East US 2 EUAP"],"apiVersions":["2020-03-01","2020-01-01","2019-12-01","2019-11-01","2019-09-01","2019-08-01","2019-07-01","2019-06-01","2019-04-01","2019-02-01","2018-12-01","2018-11-01","2018-10-01","2018-08-01","2018-07-01","2018-06-01","2018-05-01","2018-04-01","2018-03-01","2018-02-01","2018-01-01","2017-11-01","2017-10-01","2017-09-01","2017-08-01","2017-06-01","2017-04-01","2017-03-01","2016-12-01","2016-11-01","2016-10-01","2016-09-01","2016-08-01","2016-07-01","2016-06-01","2016-03-30","2015-06-15","2015-05-01-preview","2014-12-01-preview"],"defaultApiVersion":"2017-09-01","apiProfiles":[{"profileVersion":"2017-03-09-profile","apiVersion":"2015-06-15"},{"profileVersion":"2018-03-01-hybrid","apiVersion":"2017-10-01"},{"profileVersion":"2019-03-01-hybrid","apiVersion":"2017-10-01"}],"zoneMappings":[{"location":"East
        US 2","zones":["2","3","1"]},{"location":"Central US","zones":["2","3","1"]},{"location":"West
        Europe","zones":["2","3","1"]},{"location":"East US 2 EUAP","zones":["1","2","3"]},{"location":"Central
        US EUAP","zones":["1","2"]},{"location":"France Central","zones":["2","3","1"]},{"location":"Southeast
        Asia","zones":["2","3","1"]},{"location":"West US 2","zones":["2","3","1"]},{"location":"North
        Europe","zones":["2","3","1"]},{"location":"East US","zones":["2","3","1"]},{"location":"UK
        South","zones":["2","3","1"]},{"location":"Japan East","zones":["2","3","1"]},{"location":"Australia
        East","zones":[]},{"location":"South Africa North","zones":[]},{"location":"South
        Central US","zones":[]},{"location":"Canada Central","zones":[]}],"capabilities":"CrossResourceGroupResourceMove,
        CrossSubscriptionResourceMove, SupportsTags, SupportsLocation"},{"resourceType":"networkInterfaces","locations":["West
        US","East US","North Europe","West Europe","East Asia","Southeast Asia","North
        Central US","South Central US","Central US","East US 2","Japan East","Japan
        West","Brazil South","Australia East","Australia Southeast","Central India","South
        India","West India","Canada Central","Canada East","West Central US","West
        US 2","UK West","UK South","Korea Central","Korea South","France Central","Australia
        Central","South Africa North","UAE North","Switzerland North","Germany West
        Central","Norway East","Central US EUAP","East US 2 EUAP"],"apiVersions":["2020-03-01","2020-01-01","2019-12-01","2019-11-01","2019-09-01","2019-08-01","2019-07-01","2019-06-01","2019-04-01","2019-02-01","2018-12-01","2018-11-01","2018-10-01","2018-08-01","2018-07-01","2018-06-01","2018-05-01","2018-04-01","2018-03-01","2018-02-01","2018-01-01","2017-11-01","2017-10-01","2017-09-01","2017-08-01","2017-06-01","2017-04-01","2017-03-01","2016-12-01","2016-11-01","2016-10-01","2016-09-01","2016-08-01","2016-07-01","2016-06-01","2016-03-30","2015-06-15","2015-05-01-preview","2014-12-01-preview"],"defaultApiVersion":"2017-09-01","apiProfiles":[{"profileVersion":"2017-03-09-profile","apiVersion":"2015-06-15"},{"profileVersion":"2018-03-01-hybrid","apiVersion":"2017-10-01"},{"profileVersion":"2019-03-01-hybrid","apiVersion":"2017-10-01"}],"capabilities":"CrossResourceGroupResourceMove,
        CrossSubscriptionResourceMove, SupportsTags, SupportsLocation"},{"resourceType":"privateEndpoints","locations":["West
        US","East US","North Europe","West Europe","East Asia","Southeast Asia","North
        Central US","South Central US","Central US","East US 2","Japan East","Japan
        West","Brazil South","Australia East","Australia Southeast","Central India","South
        India","West India","Canada Central","Canada East","West Central US","West
        US 2","UK West","UK South","Korea Central","Korea South","France Central","Australia
        Central","South Africa North","UAE North","Switzerland North","Germany West
        Central","Norway East","Central US EUAP","East US 2 EUAP"],"apiVersions":["2020-03-01","2020-01-01","2019-12-01","2019-11-01","2019-09-01","2019-08-01","2019-07-01","2019-06-01","2019-04-01","2019-02-01"],"defaultApiVersion":"2019-02-01","capabilities":"CrossResourceGroupResourceMove,
        CrossSubscriptionResourceMove, SupportsTags, SupportsLocation"},{"resourceType":"privateEndpointRedirectMaps","locations":["West
        US","East US","North Europe","West Europe","East Asia","Southeast Asia","North
        Central US","South Central US","Central US","East US 2","Japan East","Japan
        West","Brazil South","Australia East","Australia Southeast","Central India","South
        India","West India","Canada Central","Canada East","West Central US","West
        US 2","UK West","UK South","Korea Central","Korea South","France Central","South
        Africa North","UAE North","Switzerland North","Germany West Central","Norway
        East","Central US EUAP","East US 2 EUAP"],"apiVersions":["2020-03-01","2020-01-01","2019-12-01","2019-11-01","2019-09-01","2019-08-01","2019-07-01"],"defaultApiVersion":"2019-07-01","capabilities":"SupportsTags,
        SupportsLocation"},{"resourceType":"loadBalancers","locations":["West US","East
        US","North Europe","West Europe","East Asia","Southeast Asia","North Central
        US","South Central US","Central US","East US 2","Japan East","Japan West","Brazil
        South","Australia East","Australia Southeast","Central India","South India","West
        India","Canada Central","Canada East","West Central US","West US 2","UK West","UK
        South","Korea Central","Korea South","France Central","Australia Central","South
        Africa North","UAE North","Switzerland North","Germany West Central","Norway
        East","Central US EUAP","East US 2 EUAP"],"apiVersions":["2020-03-01","2020-01-01","2019-12-01","2019-11-01","2019-09-01","2019-08-01","2019-07-01","2019-06-01","2019-04-01","2019-02-01","2018-12-01","2018-11-01","2018-10-01","2018-08-01","2018-07-01","2018-06-01","2018-05-01","2018-04-01","2018-03-01","2018-02-01","2018-01-01","2017-11-01","2017-10-01","2017-09-01","2017-08-01","2017-06-01","2017-04-01","2017-03-01","2016-12-01","2016-11-01","2016-10-01","2016-09-01","2016-08-01","2016-07-01","2016-06-01","2016-03-30","2015-06-15","2015-05-01-preview","2014-12-01-preview"],"defaultApiVersion":"2017-09-01","apiProfiles":[{"profileVersion":"2017-03-09-profile","apiVersion":"2015-06-15"},{"profileVersion":"2018-03-01-hybrid","apiVersion":"2017-10-01"},{"profileVersion":"2019-03-01-hybrid","apiVersion":"2017-10-01"}],"capabilities":"CrossResourceGroupResourceMove,
        CrossSubscriptionResourceMove, SupportsTags, SupportsLocation"},{"resourceType":"networkSecurityGroups","locations":["West
        US","East US","North Europe","West Europe","East Asia","Southeast Asia","North
        Central US","South Central US","Central US","East US 2","Japan East","Japan
        West","Brazil South","Australia East","Australia Southeast","Central India","South
        India","West India","Canada Central","Canada East","West Central US","West
        US 2","UK West","UK South","Korea Central","Korea South","France Central","Australia
        Central","South Africa North","UAE North","Switzerland North","Germany West
        Central","Norway East","Central US EUAP","East US 2 EUAP"],"apiVersions":["2020-03-01","2020-01-01","2019-12-01","2019-11-01","2019-09-01","2019-08-01","2019-07-01","2019-06-01","2019-04-01","2019-02-01","2018-12-01","2018-11-01","2018-10-01","2018-08-01","2018-07-01","2018-06-01","2018-05-01","2018-04-01","2018-03-01","2018-02-01","2018-01-01","2017-11-01","2017-10-01","2017-09-01","2017-08-01","2017-06-01","2017-04-01","2017-03-01","2016-12-01","2016-11-01","2016-10-01","2016-09-01","2016-08-01","2016-07-01","2016-06-01","2016-03-30","2015-06-15","2015-05-01-preview","2014-12-01-preview"],"defaultApiVersion":"2017-09-01","apiProfiles":[{"profileVersion":"2017-03-09-profile","apiVersion":"2015-06-15"},{"profileVersion":"2018-03-01-hybrid","apiVersion":"2017-10-01"},{"profileVersion":"2019-03-01-hybrid","apiVersion":"2017-10-01"}],"capabilities":"CrossResourceGroupResourceMove,
        CrossSubscriptionResourceMove, SupportsTags, SupportsLocation"},{"resourceType":"applicationSecurityGroups","locations":["West
        US","East US","North Europe","West Europe","East Asia","Southeast Asia","North
        Central US","South Central US","Central US","East US 2","Japan East","Japan
        West","Brazil South","Australia East","Australia Southeast","Central India","South
        India","West India","Canada Central","Canada East","West Central US","West
        US 2","UK West","UK South","Korea Central","Korea South","France Central","Australia
        Central","South Africa North","UAE North","Switzerland North","Germany West
        Central","Norway East","Central US EUAP","East US 2 EUAP"],"apiVersions":["2020-03-01","2020-01-01","2019-12-01","2019-11-01","2019-09-01","2019-08-01","2019-07-01","2019-06-01","2019-04-01","2019-02-01","2018-12-01","2018-11-01","2018-10-01","2018-08-01","2018-07-01","2018-06-01","2018-05-01","2018-04-01","2018-03-01","2018-02-01","2018-01-01","2017-11-01","2017-10-01","2017-09-01"],"defaultApiVersion":"2017-09-01","apiProfiles":[{"profileVersion":"2017-03-09-profile","apiVersion":"2017-09-01"},{"profileVersion":"2018-03-01-hybrid","apiVersion":"2017-10-01"}],"capabilities":"CrossResourceGroupResourceMove,
        CrossSubscriptionResourceMove, SupportsTags, SupportsLocation"},{"resourceType":"serviceEndpointPolicies","locations":["West
        US","East US","North Europe","West Europe","East Asia","Southeast Asia","North
        Central US","South Central US","Central US","East US 2","Japan East","Japan
        West","Brazil South","Australia East","Australia Southeast","Central India","South
        India","West India","Canada Central","Canada East","West Central US","West
        US 2","UK West","UK South","Korea Central","Korea South","France Central","Australia
        Central","South Africa North","UAE North","Switzerland North","Germany West
        Central","Norway East","Central US EUAP","East US 2 EUAP"],"apiVersions":["2020-03-01","2020-01-01","2019-12-01","2019-11-01","2019-09-01","2019-08-01","2019-07-01","2019-06-01","2019-04-01","2019-02-01","2018-12-01","2018-11-01","2018-10-01","2018-08-01","2018-07-01","2018-06-01","2018-05-01","2018-04-01","2018-03-01","2018-02-01","2018-01-01"],"defaultApiVersion":"2018-01-01","capabilities":"CrossResourceGroupResourceMove,
        CrossSubscriptionResourceMove, SupportsTags, SupportsLocation"},{"resourceType":"networkIntentPolicies","locations":["West
        US","East US","North Europe","West Europe","East Asia","Southeast Asia","North
        Central US","South Central US","Central US","East US 2","Japan East","Japan
        West","Brazil South","Australia East","Australia Southeast","Central India","South
        India","West India","Canada Central","Canada East","West Central US","West
        US 2","UK West","UK South","Korea Central","Korea South","France Central","France
        South","Australia Central","South Africa North","UAE North","Switzerland North","Germany
        West Central","Norway East","Central US EUAP","East US 2 EUAP"],"apiVersions":["2020-03-01","2020-01-01","2019-12-01","2019-11-01","2019-09-01","2019-08-01","2019-07-01","2019-06-01","2019-04-01","2019-02-01","2018-12-01","2018-11-01","2018-10-01","2018-08-01","2018-07-01","2018-06-01","2018-05-01","2018-04-01"],"defaultApiVersion":"2018-04-01","capabilities":"CrossResourceGroupResourceMove,
        CrossSubscriptionResourceMove, SupportsTags, SupportsLocation"},{"resourceType":"routeTables","locations":["West
        US","East US","North Europe","West Europe","East Asia","Southeast Asia","North
        Central US","South Central US","Central US","East US 2","Japan East","Japan
        West","Brazil South","Australia East","Australia Southeast","Central India","South
        India","West India","Canada Central","Canada East","West Central US","West
        US 2","UK West","UK South","Korea Central","Korea South","France Central","Australia
        Central","South Africa North","UAE North","Switzerland North","Germany West
        Central","Norway East","Central US EUAP","East US 2 EUAP"],"apiVersions":["2020-03-01","2020-01-01","2019-12-01","2019-11-01","2019-09-01","2019-08-01","2019-07-01","2019-06-01","2019-04-01","2019-02-01","2018-12-01","2018-11-01","2018-10-01","2018-08-01","2018-07-01","2018-06-01","2018-05-01","2018-04-01","2018-03-01","2018-02-01","2018-01-01","2017-11-01","2017-10-01","2017-09-01","2017-08-01","2017-06-01","2017-04-01","2017-03-01","2016-12-01","2016-11-01","2016-10-01","2016-09-01","2016-08-01","2016-07-01","2016-06-01","2016-03-30","2015-06-15","2015-05-01-preview","2014-12-01-preview"],"defaultApiVersion":"2017-09-01","apiProfiles":[{"profileVersion":"2017-03-09-profile","apiVersion":"2015-06-15"},{"profileVersion":"2018-03-01-hybrid","apiVersion":"2017-10-01"},{"profileVersion":"2019-03-01-hybrid","apiVersion":"2017-10-01"}],"capabilities":"CrossResourceGroupResourceMove,
        CrossSubscriptionResourceMove, SupportsTags, SupportsLocation"},{"resourceType":"publicIPPrefixes","locations":["West
        US","East US","North Europe","West Europe","East Asia","Southeast Asia","North
        Central US","South Central US","Central US","East US 2","Japan East","Japan
        West","Brazil South","Australia East","Australia Southeast","Central India","South
        India","West India","Canada Central","Canada East","West Central US","West
        US 2","UK West","UK South","Korea Central","Korea South","France Central","Australia
        Central","South Africa North","UAE North","Switzerland North","Germany West
        Central","Norway East","Central US EUAP","East US 2 EUAP"],"apiVersions":["2020-03-01","2020-01-01","2019-12-01","2019-11-01","2019-09-01","2019-08-01","2019-07-01","2019-06-01","2019-04-01","2019-02-01","2018-12-01","2018-11-01","2018-10-01","2018-08-01","2018-07-01"],"defaultApiVersion":"2018-07-01","zoneMappings":[{"location":"East
        US 2","zones":["2","3","1"]},{"location":"Central US","zones":["2","3","1"]},{"location":"West
        Europe","zones":["2","3","1"]},{"location":"East US 2 EUAP","zones":["1","2","3"]},{"location":"Central
        US EUAP","zones":["1","2"]},{"location":"France Central","zones":["2","3","1"]},{"location":"Southeast
        Asia","zones":["2","3","1"]},{"location":"West US 2","zones":["2","3","1"]},{"location":"North
        Europe","zones":["2","3","1"]},{"location":"East US","zones":["2","3","1"]},{"location":"UK
        South","zones":["2","3","1"]},{"location":"Japan East","zones":["2","3","1"]},{"location":"Australia
        East","zones":[]},{"location":"South Africa North","zones":[]},{"location":"South
        Central US","zones":[]},{"location":"Canada Central","zones":[]}],"capabilities":"CrossResourceGroupResourceMove,
        CrossSubscriptionResourceMove, SupportsTags, SupportsLocation"},{"resourceType":"ddosCustomPolicies","locations":["West
        US","East US","North Europe","West Europe","East Asia","Southeast Asia","North
        Central US","South Central US","Central US","East US 2","Japan East","Japan
        West","Brazil South","Australia East","Australia Southeast","Central India","South
        India","West India","Canada Central","Canada East","West Central US","West
        US 2","UK West","UK South","Korea Central","Korea South","France Central","Australia
        Central","South Africa North","UAE North","Switzerland North","Germany West
        Central","Norway East","Central US EUAP","East US 2 EUAP"],"apiVersions":["2020-03-01","2020-01-01","2019-12-01","2019-11-01","2019-09-01","2019-08-01","2019-07-01","2019-06-01","2019-04-01","2019-02-01","2018-12-01","2018-11-01","2018-10-01"],"defaultApiVersion":"2018-10-01","capabilities":"CrossResourceGroupResourceMove,
        CrossSubscriptionResourceMove, SupportsTags, SupportsLocation"},{"resourceType":"networkWatchers","locations":["West
        US","East US","North Europe","West Europe","East Asia","Southeast Asia","North
        Central US","South Central US","Central US","East US 2","Japan East","Japan
        West","Brazil South","Australia East","Australia Southeast","Central India","South
        India","West India","Canada Central","Canada East","West Central US","West
        US 2","UK West","UK South","Korea Central","Korea South","France Central","Australia
        Central","South Africa North","UAE North","Switzerland North","Germany West
        Central","Norway East","Central US EUAP","East US 2 EUAP"],"apiVersions":["2020-03-01","2020-01-01","2019-12-01","2019-11-01","2019-09-01","2019-08-01","2019-07-01","2019-06-01","2019-04-01","2019-02-01","2018-12-01","2018-11-01","2018-10-01","2018-08-01","2018-07-01","2018-06-01","2018-05-01","2018-04-01","2018-03-01","2018-02-01","2018-01-01","2017-11-01","2017-10-01","2017-09-01","2017-08-01","2017-06-01","2017-04-01","2017-03-01","2016-12-01","2016-11-01","2016-10-01","2016-09-01","2016-08-01","2016-07-01","2016-06-01","2016-03-30"],"defaultApiVersion":"2017-09-01","capabilities":"CrossResourceGroupResourceMove,
        CrossSubscriptionResourceMove, SupportsTags, SupportsLocation"},{"resourceType":"networkWatchers/connectionMonitors","locations":["West
        US","East US","North Europe","West Europe","East Asia","Southeast Asia","North
        Central US","South Central US","Central US","East US 2","Japan East","Japan
        West","Brazil South","Australia East","Australia Southeast","Central India","South
        India","West India","Canada Central","Canada East","West Central US","West
        US 2","UK West","UK South","Korea Central","Korea South","France Central","Australia
        Central","South Africa North","UAE North","Switzerland North","Germany West
        Central","Norway East","Central US EUAP","East US 2 EUAP"],"apiVersions":["2020-03-01","2020-01-01","2019-12-01","2019-11-01","2019-09-01","2019-08-01","2019-07-01","2019-06-01","2019-04-01","2019-02-01","2018-12-01","2018-11-01","2018-10-01","2018-08-01","2018-07-01","2018-06-01","2018-05-01","2018-04-01","2018-03-01","2018-02-01","2018-01-01","2017-11-01","2017-10-01","2017-09-01"],"defaultApiVersion":"2017-09-01","capabilities":"CrossResourceGroupResourceMove,
        CrossSubscriptionResourceMove, SupportsTags, SupportsLocation"},{"resourceType":"networkWatchers/flowLogs","locations":["West
        US","East US","North Europe","West Europe","East Asia","Southeast Asia","North
        Central US","South Central US","Central US","East US 2","Japan East","Japan
        West","Brazil South","Australia East","Australia Southeast","Central India","South
        India","West India","Canada Central","Canada East","West Central US","West
        US 2","UK West","UK South","Korea Central","Korea South","France Central","Australia
        Central","South Africa North","UAE North","Switzerland North","Germany West
        Central","Norway East","Central US EUAP","East US 2 EUAP"],"apiVersions":["2020-03-01","2020-01-01","2019-12-01","2019-11-01","2019-09-01","2019-08-01","2019-07-01","2019-06-01","2019-04-01","2019-02-01","2018-12-01","2018-11-01","2018-10-01","2018-08-01","2018-07-01","2018-06-01","2018-05-01","2018-04-01","2018-03-01","2018-02-01","2018-01-01","2017-11-01","2017-10-01","2017-09-01"],"defaultApiVersion":"2019-07-01","capabilities":"CrossResourceGroupResourceMove,
        CrossSubscriptionResourceMove, SupportsTags, SupportsLocation"},{"resourceType":"networkWatchers/pingMeshes","locations":["West
        US","East US","North Europe","West Europe","East Asia","Southeast Asia","North
        Central US","South Central US","Central US","East US 2","Japan East","Japan
        West","Brazil South","Australia East","Australia Southeast","Central India","South
        India","West India","Canada Central","Canada East","West Central US","West
        US 2","UK West","UK South","Korea Central","Korea South","France Central","Australia
        Central","South Africa North","UAE North","Switzerland North","Germany West
        Central","Norway East","Central US EUAP","East US 2 EUAP"],"apiVersions":["2020-03-01","2020-01-01","2019-12-01","2019-11-01","2019-09-01","2019-08-01","2019-07-01","2019-06-01","2019-04-01","2019-02-01","2018-12-01","2018-11-01","2018-10-01","2018-08-01","2018-07-01","2018-06-01","2018-04-01","2018-03-01","2018-02-01","2018-01-01","2017-11-01","2017-10-01","2017-09-01"],"defaultApiVersion":"2017-09-01","capabilities":"CrossResourceGroupResourceMove,
        CrossSubscriptionResourceMove, SupportsTags, SupportsLocation"},{"resourceType":"virtualNetworkGateways","locations":["West
        US","East US","North Europe","West Europe","East Asia","Southeast Asia","North
        Central US","South Central US","Central US","East US 2","Japan East","Japan
        West","Brazil South","Australia East","Australia Southeast","Central India","South
        India","West India","Canada Central","Canada East","West Central US","West
        US 2","UK West","UK South","Korea Central","Korea South","France Central","Australia
        Central","South Africa North","UAE North","Switzerland North","Germany West
        Central","Norway East","Central US EUAP","East US 2 EUAP"],"apiVersions":["2020-03-01","2020-01-01","2019-12-01","2019-11-01","2019-09-01","2019-08-01","2019-07-01","2019-06-01","2019-04-01","2019-02-01","2018-12-01","2018-11-01","2018-10-01","2018-08-01","2018-07-01","2018-06-01","2018-05-01","2018-04-01","2018-03-01","2018-02-01","2018-01-01","2017-11-01","2017-10-01","2017-09-01","2017-08-01","2017-06-01","2017-04-01","2017-03-01","2016-12-01","2016-11-01","2016-10-01","2016-09-01","2016-08-01","2016-07-01","2016-06-01","2016-03-30","2015-06-15","2015-05-01-preview","2014-12-01-preview"],"defaultApiVersion":"2017-09-01","apiProfiles":[{"profileVersion":"2017-03-09-profile","apiVersion":"2015-06-15"},{"profileVersion":"2018-03-01-hybrid","apiVersion":"2017-03-01"},{"profileVersion":"2019-03-01-hybrid","apiVersion":"2017-10-01"}],"capabilities":"CrossResourceGroupResourceMove,
        CrossSubscriptionResourceMove, SupportsTags, SupportsLocation"},{"resourceType":"localNetworkGateways","locations":["West
        US","East US","North Europe","West Europe","East Asia","Southeast Asia","North
        Central US","South Central US","Central US","East US 2","Japan East","Japan
        West","Brazil South","Australia East","Australia Southeast","Central India","South
        India","West India","Canada Central","Canada East","West Central US","West
        US 2","UK West","UK South","Korea Central","Korea South","France Central","Australia
        Central","South Africa North","UAE North","Switzerland North","Germany West
        Central","Norway East","Central US EUAP","East US 2 EUAP"],"apiVersions":["2020-03-01","2020-01-01","2019-12-01","2019-11-01","2019-09-01","2019-08-01","2019-07-01","2019-06-01","2019-04-01","2019-02-01","2018-12-01","2018-11-01","2018-10-01","2018-08-01","2018-07-01","2018-06-01","2018-05-01","2018-04-01","2018-03-01","2018-02-01","2018-01-01","2017-11-01","2017-10-01","2017-09-01","2017-08-01","2017-06-01","2017-04-01","2017-03-01","2016-12-01","2016-11-01","2016-10-01","2016-09-01","2016-08-01","2016-07-01","2016-06-01","2016-03-30","2015-06-15","2015-05-01-preview","2014-12-01-preview"],"defaultApiVersion":"2017-09-01","apiProfiles":[{"profileVersion":"2017-03-09-profile","apiVersion":"2015-06-15"},{"profileVersion":"2018-03-01-hybrid","apiVersion":"2017-03-01"},{"profileVersion":"2019-03-01-hybrid","apiVersion":"2017-10-01"}],"capabilities":"CrossResourceGroupResourceMove,
        CrossSubscriptionResourceMove, SupportsTags, SupportsLocation"},{"resourceType":"connections","locations":["West
        US","East US","North Europe","West Europe","East Asia","Southeast Asia","North
        Central US","South Central US","Central US","East US 2","Japan East","Japan
        West","Brazil South","Australia East","Australia Southeast","Central India","South
        India","West India","Canada Central","Canada East","West Central US","West
        US 2","UK West","UK South","Korea Central","Korea South","France Central","Australia
        Central","South Africa North","UAE North","Switzerland North","Germany West
        Central","Norway East","Central US EUAP","East US 2 EUAP"],"apiVersions":["2020-03-01","2020-01-01","2019-12-01","2019-11-01","2019-09-01","2019-08-01","2019-07-01","2019-06-01","2019-04-01","2019-02-01","2018-12-01","2018-11-01","2018-10-01","2018-08-01","2018-07-01","2018-06-01","2018-05-01","2018-04-01","2018-03-01","2018-02-01","2018-01-01","2017-11-01","2017-10-01","2017-09-01","2017-08-01","2017-06-01","2017-04-01","2017-03-01","2016-12-01","2016-11-01","2016-10-01","2016-09-01","2016-08-01","2016-07-01","2016-06-01","2016-03-30","2015-06-15","2015-05-01-preview","2014-12-01-preview"],"defaultApiVersion":"2017-09-01","apiProfiles":[{"profileVersion":"2017-03-09-profile","apiVersion":"2015-06-15"},{"profileVersion":"2018-03-01-hybrid","apiVersion":"2017-03-01"},{"profileVersion":"2019-03-01-hybrid","apiVersion":"2017-10-01"}],"capabilities":"CrossResourceGroupResourceMove,
        CrossSubscriptionResourceMove, SupportsTags, SupportsLocation"},{"resourceType":"applicationGateways","locations":["West
        US","East US","North Europe","West Europe","East Asia","Southeast Asia","North
        Central US","South Central US","Central US","East US 2","Japan East","Japan
        West","Brazil South","Australia East","Australia Southeast","Central India","South
        India","West India","Canada Central","Canada East","West Central US","West
        US 2","UK West","UK South","Korea Central","Korea South","France Central","Australia
        Central","South Africa North","UAE North","Switzerland North","Germany West
        Central","Norway East","Central US EUAP","East US 2 EUAP"],"apiVersions":["2020-03-01","2020-01-01","2019-12-01","2019-11-01","2019-09-01","2019-08-01","2019-07-01","2019-06-01","2019-04-01","2019-02-01","2018-12-01","2018-11-01","2018-10-01","2018-08-01","2018-07-01","2018-06-01","2018-05-01","2018-04-01","2018-03-01","2018-02-01","2018-01-01","2017-11-01","2017-10-01","2017-09-01","2017-08-01","2017-06-01","2017-04-01","2017-03-01","2016-12-01","2016-11-01","2016-10-01","2016-09-01","2016-08-01","2016-07-01","2016-06-01","2016-03-30","2015-06-15","2015-05-01-preview","2014-12-01-preview"],"defaultApiVersion":"2018-12-01","zoneMappings":[{"location":"East
        US 2","zones":["2","3","1"]},{"location":"Central US","zones":["2","3","1"]},{"location":"West
        Europe","zones":["2","3","1"]},{"location":"East US 2 EUAP","zones":["1","2","3"]},{"location":"Central
        US EUAP","zones":["1","2"]},{"location":"France Central","zones":["2","3","1"]},{"location":"Southeast
        Asia","zones":["2","3","1"]},{"location":"West US 2","zones":["2","3","1"]},{"location":"North
        Europe","zones":["2","3","1"]},{"location":"East US","zones":["2","3","1"]},{"location":"UK
        South","zones":["2","3","1"]},{"location":"Japan East","zones":["2","3","1"]},{"location":"Australia
        East","zones":[]},{"location":"South Africa North","zones":[]},{"location":"South
        Central US","zones":[]},{"location":"Canada Central","zones":[]}],"capabilities":"SupportsTags,
        SupportsLocation"},{"resourceType":"applicationGatewayWebApplicationFirewallPolicies","locations":["West
        US","East US","North Europe","West Europe","East Asia","Southeast Asia","North
        Central US","South Central US","Central US","East US 2","Japan East","Japan
        West","Brazil South","Australia East","Australia Southeast","Central India","South
        India","West India","Canada Central","Canada East","West Central US","West
        US 2","UK West","UK South","Korea Central","Korea South","France Central","Australia
        Central","South Africa North","UAE North","Switzerland North","Germany West
        Central","Norway East","Central US EUAP","East US 2 EUAP"],"apiVersions":["2020-03-01","2020-01-01","2019-12-01","2019-11-01","2019-09-01","2019-08-01","2019-07-01","2019-06-01","2019-04-01","2019-02-01","2018-12-01"],"defaultApiVersion":"2018-12-01","capabilities":"SupportsTags,
        SupportsLocation"},{"resourceType":"locations","locations":[],"apiVersions":["2020-03-01","2020-01-01","2019-12-01","2019-11-01","2019-09-01","2019-08-01","2019-07-01","2019-06-01","2019-04-01","2019-02-01","2018-12-01","2018-11-01","2018-10-01","2018-08-01","2018-07-01","2018-06-01","2018-05-01","2018-04-01","2018-03-01","2018-02-01","2018-01-01","2017-11-01","2017-10-01","2017-09-01","2017-08-01","2017-06-01","2017-04-01","2017-03-01","2016-12-01","2016-11-01","2016-10-01","2016-09-01","2016-08-01","2016-07-01","2016-06-01","2016-03-30","2015-06-15","2015-05-01-preview","2014-12-01-preview"],"apiProfiles":[{"profileVersion":"2017-03-09-profile","apiVersion":"2015-06-15"},{"profileVersion":"2018-03-01-hybrid","apiVersion":"2017-10-01"},{"profileVersion":"2019-03-01-hybrid","apiVersion":"2017-10-01"}],"capabilities":"None"},{"resourceType":"locations/operations","locations":[],"apiVersions":["2020-03-01","2020-01-01","2019-12-01","2019-11-01","2019-09-01","2019-08-01","2019-07-01","2019-06-01","2019-04-01","2019-02-01","2018-12-01","2018-11-01","2018-10-01","2018-08-01","2018-07-01","2018-06-01","2018-05-01","2018-04-01","2018-03-01","2018-02-01","2018-01-01","2017-11-01","2017-10-01","2017-09-01","2017-08-01","2017-06-01","2017-04-01","2017-03-01","2016-12-01","2016-11-01","2016-10-01","2016-09-01","2016-08-01","2016-07-01","2016-06-01","2016-03-30","2015-06-15","2015-05-01-preview","2014-12-01-preview"],"apiProfiles":[{"profileVersion":"2017-03-09-profile","apiVersion":"2015-06-15"},{"profileVersion":"2018-03-01-hybrid","apiVersion":"2017-10-01"},{"profileVersion":"2019-03-01-hybrid","apiVersion":"2017-10-01"}],"capabilities":"None"},{"resourceType":"locations/operationResults","locations":[],"apiVersions":["2020-03-01","2020-01-01","2019-12-01","2019-11-01","2019-09-01","2019-08-01","2019-07-01","2019-06-01","2019-04-01","2019-02-01","2018-12-01","2018-11-01","2018-10-01","2018-08-01","2018-07-01","2018-06-01","2018-05-01","2018-04-01","2018-03-01","2018-02-01","2018-01-01","2017-11-01","2017-10-01","2017-09-01","2017-08-01","2017-06-01","2017-04-01","2017-03-01","2016-12-01","2016-11-01","2016-10-01","2016-09-01","2016-08-01","2016-07-01","2016-06-01","2016-03-30","2015-06-15","2015-05-01-preview","2014-12-01-preview"],"apiProfiles":[{"profileVersion":"2017-03-09-profile","apiVersion":"2015-06-15"},{"profileVersion":"2018-03-01-hybrid","apiVersion":"2017-10-01"},{"profileVersion":"2019-03-01-hybrid","apiVersion":"2017-10-01"}],"capabilities":"None"},{"resourceType":"locations/CheckDnsNameAvailability","locations":["West
        US","East US","North Europe","West Europe","East Asia","Southeast Asia","North
        Central US","South Central US","Central US","East US 2","Japan East","Japan
        West","Brazil South","Australia East","Australia Southeast","Central India","South
        India","West India","Canada Central","Canada East","West Central US","West
        US 2","UK West","UK South","Korea Central","Korea South","France Central","Australia
        Central","South Africa North","UAE North","Switzerland North","Germany West
        Central","Norway East","Central US EUAP","East US 2 EUAP"],"apiVersions":["2020-03-01","2020-01-01","2019-12-01","2019-11-01","2019-09-01","2019-08-01","2019-07-01","2019-06-01","2019-04-01","2019-02-01","2018-12-01","2018-11-01","2018-10-01","2018-08-01","2018-07-01","2018-06-01","2018-05-01","2018-04-01","2018-03-01","2018-02-01","2018-01-01","2017-11-01","2017-10-01","2017-09-01","2017-08-01","2017-06-01","2017-04-01","2017-03-01","2016-12-01","2016-11-01","2016-10-01","2016-09-01","2016-08-01","2016-07-01","2016-06-01","2016-03-30","2015-06-15","2015-05-01-preview","2014-12-01-preview"],"capabilities":"None"},{"resourceType":"locations/usages","locations":["West
        US","East US","North Europe","West Europe","East Asia","Southeast Asia","North
        Central US","South Central US","Central US","East US 2","Japan East","Japan
        West","Brazil South","Australia East","Australia Southeast","Central India","South
        India","West India","Canada Central","Canada East","West Central US","West
        US 2","UK West","UK South","Korea Central","Korea South","France Central","Australia
        Central","South Africa North","UAE North","Switzerland North","Germany West
        Central","Norway East","Central US EUAP","East US 2 EUAP"],"apiVersions":["2020-03-01","2020-01-01","2019-12-01","2019-11-01","2019-09-01","2019-08-01","2019-07-01","2019-06-01","2019-04-01","2019-02-01","2018-12-01","2018-11-01","2018-10-01","2018-08-01","2018-07-01","2018-06-01","2018-05-01","2018-04-01","2018-03-01","2018-02-01","2018-01-01","2017-11-01","2017-10-01","2017-09-01","2017-08-01","2017-06-01","2017-04-01","2017-03-01","2016-12-01","2016-11-01","2016-10-01","2016-09-01","2016-08-01","2016-07-01","2016-06-01","2016-03-30","2015-06-15","2015-05-01-preview","2014-12-01-preview"],"apiProfiles":[{"profileVersion":"2017-03-09-profile","apiVersion":"2015-06-15"},{"profileVersion":"2018-03-01-hybrid","apiVersion":"2017-10-01"},{"profileVersion":"2019-03-01-hybrid","apiVersion":"2017-10-01"}],"capabilities":"None"},{"resourceType":"locations/virtualNetworkAvailableEndpointServices","locations":["West
        US","East US","North Europe","West Europe","East Asia","Southeast Asia","North
        Central US","South Central US","Central US","East US 2","Japan East","Japan
        West","Brazil South","Australia East","Australia Southeast","Central India","South
        India","West India","Canada Central","Canada East","West Central US","West
        US 2","UK West","UK South","Korea Central","Korea South","France Central","Australia
        Central","South Africa North","UAE North","Switzerland North","Germany West
        Central","Norway East","Central US EUAP","East US 2 EUAP"],"apiVersions":["2020-03-01","2020-01-01","2019-12-01","2019-11-01","2019-09-01","2019-08-01","2019-07-01","2019-06-01","2019-04-01","2019-02-01","2018-12-01","2018-11-01","2018-10-01","2018-08-01","2018-07-01","2018-06-01","2018-05-01","2018-04-01","2018-03-01","2018-02-01","2018-01-01","2017-11-01","2017-10-01","2017-09-01","2017-08-01","2017-06-01","2017-04-01"],"capabilities":"None"},{"resourceType":"locations/availableDelegations","locations":["West
        US","East US","North Europe","West Europe","East Asia","Southeast Asia","North
        Central US","South Central US","Central US","East US 2","Japan East","Japan
        West","Brazil South","Australia East","Australia Southeast","Central India","South
        India","West India","Canada Central","Canada East","West Central US","West
        US 2","UK West","UK South","Korea Central","Korea South","France Central","Australia
        Central","South Africa North","UAE North","Switzerland North","Germany West
        Central","Norway East","Central US EUAP","East US 2 EUAP"],"apiVersions":["2020-03-01","2020-01-01","2019-12-01","2019-11-01","2019-09-01","2019-08-01","2019-07-01","2019-06-01","2019-04-01","2019-02-01","2018-12-01","2018-11-01","2018-10-01","2018-08-01","2018-07-01","2018-06-01","2018-05-01","2018-04-01"],"capabilities":"None"},{"resourceType":"locations/serviceTags","locations":["West
        US","East US","North Europe","West Europe","East Asia","Southeast Asia","North
        Central US","South Central US","Central US","East US 2","Japan East","Japan
        West","Brazil South","Australia East","Australia Southeast","Central India","South
        India","West India","Canada Central","Canada East","West Central US","West
        US 2","UK West","UK South","Korea Central","Korea South","France Central","Australia
        Central","South Africa North","UAE North","Switzerland North","Germany West
        Central","Norway East","Central US EUAP","East US 2 EUAP"],"apiVersions":["2020-03-01","2020-01-01","2019-12-01","2019-11-01","2019-09-01","2019-08-01","2019-07-01","2019-06-01","2019-04-01","2019-02-01"],"capabilities":"None"},{"resourceType":"locations/availablePrivateEndpointTypes","locations":["West
        US","East US","North Europe","West Europe","East Asia","Southeast Asia","North
        Central US","South Central US","Central US","East US 2","Japan East","Japan
        West","Brazil South","Australia East","Australia Southeast","Central India","South
        India","West India","Canada Central","Canada East","West Central US","West
        US 2","UK West","UK South","Korea Central","Korea South","France Central","Australia
        Central","South Africa North","UAE North","Switzerland North","Germany West
        Central","Norway East","Central US EUAP","East US 2 EUAP"],"apiVersions":["2020-03-01","2020-01-01","2019-12-01","2019-11-01","2019-09-01","2019-08-01","2019-07-01","2019-06-01","2019-04-01","2019-02-01"],"capabilities":"None"},{"resourceType":"locations/availableServiceAliases","locations":["West
        US","East US","North Europe","West Europe","East Asia","Southeast Asia","North
        Central US","South Central US","Central US","East US 2","Japan East","Japan
        West","Brazil South","Australia East","Australia Southeast","Central India","South
        India","West India","Canada Central","Canada East","West Central US","West
        US 2","UK West","UK South","Korea Central","Korea South","France Central","Australia
        Central","South Africa North","UAE North","Switzerland North","Germany West
        Central","Norway East","Central US EUAP","East US 2 EUAP"],"apiVersions":["2020-03-01","2020-01-01","2019-12-01","2019-11-01","2019-09-01","2019-08-01"],"capabilities":"None"},{"resourceType":"locations/checkPrivateLinkServiceVisibility","locations":["West
        US","East US","North Europe","West Europe","East Asia","Southeast Asia","North
        Central US","South Central US","Central US","East US 2","Japan East","Japan
        West","Brazil South","Australia East","Australia Southeast","Central India","South
        India","West India","Canada Central","Canada East","West Central US","West
        US 2","UK West","UK South","Korea Central","Korea South","France Central","Australia
        Central","South Africa North","UAE North","Switzerland North","Germany West
        Central","Norway East","Central US EUAP","East US 2 EUAP"],"apiVersions":["2020-03-01","2020-01-01","2019-12-01","2019-11-01","2019-09-01","2019-08-01","2019-07-01","2019-06-01","2019-04-01"],"capabilities":"None"},{"resourceType":"locations/autoApprovedPrivateLinkServices","locations":["West
        US","East US","North Europe","West Europe","East Asia","Southeast Asia","North
        Central US","South Central US","Central US","East US 2","Japan East","Japan
        West","Brazil South","Australia East","Australia Southeast","Central India","South
        India","West India","Canada Central","Canada East","West Central US","West
        US 2","UK West","UK South","Korea Central","Korea South","France Central","Australia
        Central","South Africa North","UAE North","Switzerland North","Germany West
        Central","Norway East","Central US EUAP","East US 2 EUAP"],"apiVersions":["2020-03-01","2020-01-01","2019-12-01","2019-11-01","2019-09-01","2019-08-01","2019-07-01","2019-06-01","2019-04-01"],"capabilities":"None"},{"resourceType":"locations/batchValidatePrivateEndpointsForResourceMove","locations":["West
        US","East US","North Europe","West Europe","East Asia","Southeast Asia","North
        Central US","South Central US","Central US","East US 2","Japan East","Japan
        West","Brazil South","Australia East","Australia Southeast","Central India","South
        India","West India","Canada Central","Canada East","West Central US","West
        US 2","UK West","UK South","Korea Central","Korea South","France Central","Australia
        Central","South Africa North","UAE North","Switzerland North","Germany West
        Central","Norway East","Central US EUAP","East US 2 EUAP"],"apiVersions":["2020-03-01"],"capabilities":"None"},{"resourceType":"locations/batchNotifyPrivateEndpointsForResourceMove","locations":["West
        US","East US","North Europe","West Europe","East Asia","Southeast Asia","North
        Central US","South Central US","Central US","East US 2","Japan East","Japan
        West","Brazil South","Australia East","Australia Southeast","Central India","South
        India","West India","Canada Central","Canada East","West Central US","West
        US 2","UK West","UK South","Korea Central","Korea South","France Central","Australia
        Central","South Africa North","UAE North","Switzerland North","Germany West
        Central","Norway East","Central US EUAP","East US 2 EUAP"],"apiVersions":["2020-03-01"],"capabilities":"None"},{"resourceType":"locations/supportedVirtualMachineSizes","locations":["West
        US","East US","North Europe","West Europe","East Asia","Southeast Asia","North
        Central US","South Central US","Central US","East US 2","Japan East","Japan
        West","Brazil South","Australia East","Australia Southeast","Central India","South
        India","West India","Canada Central","Canada East","West Central US","West
        US 2","UK West","UK South","Korea Central","Korea South","France Central","Australia
        Central","South Africa North","UAE North","Switzerland North","Germany West
        Central","Norway East","Central US EUAP","East US 2 EUAP"],"apiVersions":["2020-03-01","2020-01-01","2019-12-01","2019-11-01","2019-09-01","2019-08-01","2019-07-01","2019-06-01","2019-04-01","2019-02-01","2018-12-01","2018-11-01","2018-10-01","2018-08-01","2018-07-01","2018-06-01","2018-05-01","2018-04-01"],"capabilities":"None"},{"resourceType":"locations/checkAcceleratedNetworkingSupport","locations":["West
        US","East US","North Europe","West Europe","East Asia","Southeast Asia","North
        Central US","South Central US","Central US","East US 2","Japan East","Japan
        West","Brazil South","Australia East","Australia Southeast","Central India","South
        India","West India","Canada Central","Canada East","West Central US","West
        US 2","UK West","UK South","Korea Central","Korea South","France Central","Australia
        Central","South Africa North","UAE North","Switzerland North","Germany West
        Central","Norway East","Central US EUAP","East US 2 EUAP"],"apiVersions":["2020-03-01","2020-01-01","2019-12-01","2019-11-01","2019-09-01","2019-08-01","2019-07-01","2019-06-01","2019-04-01","2019-02-01","2018-12-01","2018-11-01","2018-10-01","2018-08-01","2018-07-01","2018-06-01","2018-05-01","2018-04-01"],"capabilities":"None"},{"resourceType":"locations/validateResourceOwnership","locations":["West
        US","East US","North Europe","West Europe","East Asia","Southeast Asia","North
        Central US","South Central US","Central US","East US 2","Japan East","Japan
        West","Brazil South","Australia East","Australia Southeast","Central India","South
        India","West India","Canada Central","Canada East","West Central US","West
        US 2","UK West","UK South","Korea Central","Korea South","France Central","Australia
        Central","South Africa North","UAE North","Switzerland North","Germany West
        Central","Norway East","Central US EUAP","East US 2 EUAP"],"apiVersions":["2020-03-01","2020-01-01","2019-12-01","2019-11-01","2019-09-01","2019-08-01","2019-07-01","2019-06-01","2019-04-01","2019-02-01","2018-12-01","2018-11-01","2018-10-01","2018-08-01","2018-07-01","2018-06-01","2018-05-01","2018-04-01"],"capabilities":"None"},{"resourceType":"locations/setResourceOwnership","locations":["West
        US","East US","North Europe","West Europe","East Asia","Southeast Asia","North
        Central US","South Central US","Central US","East US 2","Japan East","Japan
        West","Brazil South","Australia East","Australia Southeast","Central India","South
        India","West India","Canada Central","Canada East","West Central US","West
        US 2","UK West","UK South","Korea Central","Korea South","France Central","Australia
        Central","South Africa North","UAE North","Switzerland North","Germany West
        Central","Norway East","Central US EUAP","East US 2 EUAP"],"apiVersions":["2020-03-01","2020-01-01","2019-12-01","2019-11-01","2019-09-01","2019-08-01","2019-07-01","2019-06-01","2019-04-01","2019-02-01","2018-12-01","2018-11-01","2018-10-01","2018-08-01","2018-07-01","2018-06-01","2018-05-01","2018-04-01"],"capabilities":"None"},{"resourceType":"locations/effectiveResourceOwnership","locations":["West
        US","East US","North Europe","West Europe","East Asia","Southeast Asia","North
        Central US","South Central US","Central US","East US 2","Japan East","Japan
        West","Brazil South","Australia East","Australia Southeast","Central India","South
        India","West India","Canada Central","Canada East","West Central US","West
        US 2","UK West","UK South","Korea Central","Korea South","France Central","Australia
        Central","South Africa North","UAE North","Switzerland North","Germany West
        Central","Norway East","Central US EUAP","East US 2 EUAP"],"apiVersions":["2020-03-01","2020-01-01","2019-12-01","2019-11-01","2019-09-01","2019-08-01","2019-07-01","2019-06-01","2019-04-01","2019-02-01","2018-12-01","2018-11-01","2018-10-01","2018-08-01","2018-07-01","2018-06-01","2018-05-01","2018-04-01"],"capabilities":"None"},{"resourceType":"operations","locations":[],"apiVersions":["2020-03-01","2020-01-01","2019-12-01","2019-11-01","2019-09-01","2019-08-01","2019-07-01","2019-06-01","2019-04-01","2019-02-01","2018-12-01","2018-11-01","2018-10-01","2018-08-01","2018-07-01","2018-06-01","2018-05-01","2018-04-01","2018-03-01","2018-02-01","2018-01-01","2017-11-01","2017-10-01","2017-09-01","2017-08-01","2017-06-01","2017-04-01","2017-03-01","2016-12-01","2016-11-01","2016-10-01","2016-09-01","2016-08-01","2016-07-01","2016-06-01","2016-03-30","2015-06-15","2015-05-01-preview","2014-12-01-preview"],"capabilities":"None"},{"resourceType":"dnszones","locations":["global"],"apiVersions":["2018-05-01","2018-03-01-preview","2017-10-01","2017-09-15-preview","2017-09-01","2016-04-01","2015-05-04-preview"],"defaultApiVersion":"2018-05-01","apiProfiles":[{"profileVersion":"2017-03-09-profile","apiVersion":"2016-04-01"},{"profileVersion":"2018-03-01-hybrid","apiVersion":"2016-04-01"},{"profileVersion":"2019-03-01-hybrid","apiVersion":"2016-04-01"}],"capabilities":"CrossResourceGroupResourceMove,
        CrossSubscriptionResourceMove, SupportsTags, SupportsLocation"},{"resourceType":"dnsOperationResults","locations":["global"],"apiVersions":["2018-05-01","2018-03-01-preview","2017-10-01","2017-09-15-preview","2017-09-01","2016-04-01"],"defaultApiVersion":"2018-05-01","capabilities":"None"},{"resourceType":"dnsOperationStatuses","locations":["global"],"apiVersions":["2018-05-01","2018-03-01-preview","2017-10-01","2017-09-15-preview","2017-09-01","2016-04-01"],"defaultApiVersion":"2018-05-01","capabilities":"None"},{"resourceType":"getDnsResourceReference","locations":["global"],"apiVersions":["2018-05-01"],"defaultApiVersion":"2018-05-01","capabilities":"None"},{"resourceType":"internalNotify","locations":["global"],"apiVersions":["2018-05-01"],"defaultApiVersion":"2018-05-01","capabilities":"None"},{"resourceType":"dnszones/A","locations":["global"],"apiVersions":["2018-05-01","2018-03-01-preview","2017-10-01","2017-09-15-preview","2017-09-01","2016-04-01","2015-05-04-preview"],"defaultApiVersion":"2018-05-01","capabilities":"None"},{"resourceType":"dnszones/AAAA","locations":["global"],"apiVersions":["2018-05-01","2018-03-01-preview","2017-10-01","2017-09-15-preview","2017-09-01","2016-04-01","2015-05-04-preview"],"defaultApiVersion":"2018-05-01","capabilities":"None"},{"resourceType":"dnszones/CNAME","locations":["global"],"apiVersions":["2018-05-01","2018-03-01-preview","2017-10-01","2017-09-15-preview","2017-09-01","2016-04-01","2015-05-04-preview"],"defaultApiVersion":"2018-05-01","capabilities":"None"},{"resourceType":"dnszones/PTR","locations":["global"],"apiVersions":["2018-05-01","2018-03-01-preview","2017-10-01","2017-09-15-preview","2017-09-01","2016-04-01","2015-05-04-preview"],"defaultApiVersion":"2018-05-01","capabilities":"None"},{"resourceType":"dnszones/MX","locations":["global"],"apiVersions":["2018-05-01","2018-03-01-preview","2017-10-01","2017-09-15-preview","2017-09-01","2016-04-01","2015-05-04-preview"],"defaultApiVersion":"2018-05-01","capabilities":"None"},{"resourceType":"dnszones/TXT","locations":["global"],"apiVersions":["2018-05-01","2018-03-01-preview","2017-10-01","2017-09-15-preview","2017-09-01","2016-04-01","2015-05-04-preview"],"defaultApiVersion":"2018-05-01","capabilities":"None"},{"resourceType":"dnszones/SRV","locations":["global"],"apiVersions":["2018-05-01","2018-03-01-preview","2017-10-01","2017-09-15-preview","2017-09-01","2016-04-01","2015-05-04-preview"],"defaultApiVersion":"2018-05-01","capabilities":"None"},{"resourceType":"dnszones/SOA","locations":["global"],"apiVersions":["2018-05-01","2018-03-01-preview","2017-10-01","2017-09-15-preview","2017-09-01","2016-04-01","2015-05-04-preview"],"defaultApiVersion":"2018-05-01","capabilities":"None"},{"resourceType":"dnszones/NS","locations":["global"],"apiVersions":["2018-05-01","2018-03-01-preview","2017-10-01","2017-09-15-preview","2017-09-01","2016-04-01","2015-05-04-preview"],"defaultApiVersion":"2018-05-01","capabilities":"None"},{"resourceType":"dnszones/CAA","locations":["global"],"apiVersions":["2018-05-01","2018-03-01-preview","2017-10-01","2017-09-15-preview","2017-09-01"],"defaultApiVersion":"2018-05-01","capabilities":"None"},{"resourceType":"dnszones/recordsets","locations":["global"],"apiVersions":["2018-05-01","2018-03-01-preview","2017-10-01","2017-09-15-preview","2017-09-01","2016-04-01","2015-05-04-preview"],"defaultApiVersion":"2018-05-01","capabilities":"None"},{"resourceType":"dnszones/all","locations":["global"],"apiVersions":["2018-05-01","2018-03-01-preview","2017-10-01","2017-09-15-preview","2017-09-01","2016-04-01","2015-05-04-preview"],"defaultApiVersion":"2018-05-01","capabilities":"None"},{"resourceType":"privateDnsZones","locations":["global"],"apiVersions":["2020-01-01","2018-09-01"],"defaultApiVersion":"2018-09-01","capabilities":"CrossResourceGroupResourceMove,
        CrossSubscriptionResourceMove, SupportsTags, SupportsLocation"},{"resourceType":"privateDnsZones/virtualNetworkLinks","locations":["global"],"apiVersions":["2020-01-01","2018-09-01"],"defaultApiVersion":"2018-09-01","capabilities":"CrossResourceGroupResourceMove,
        CrossSubscriptionResourceMove, SupportsTags, SupportsLocation"},{"resourceType":"privateDnsOperationResults","locations":["global"],"apiVersions":["2020-01-01","2018-09-01"],"defaultApiVersion":"2018-09-01","capabilities":"None"},{"resourceType":"privateDnsOperationStatuses","locations":["global"],"apiVersions":["2020-01-01","2018-09-01"],"defaultApiVersion":"2018-09-01","capabilities":"None"},{"resourceType":"privateDnsZonesInternal","locations":["global"],"apiVersions":["2020-01-01"],"defaultApiVersion":"2020-01-01","capabilities":"None"},{"resourceType":"privateDnsZones/A","locations":["global"],"apiVersions":["2020-01-01","2018-09-01"],"defaultApiVersion":"2018-09-01","capabilities":"None"},{"resourceType":"privateDnsZones/AAAA","locations":["global"],"apiVersions":["2020-01-01","2018-09-01"],"defaultApiVersion":"2018-09-01","capabilities":"None"},{"resourceType":"privateDnsZones/CNAME","locations":["global"],"apiVersions":["2020-01-01","2018-09-01"],"defaultApiVersion":"2018-09-01","capabilities":"None"},{"resourceType":"privateDnsZones/PTR","locations":["global"],"apiVersions":["2020-01-01","2018-09-01"],"defaultApiVersion":"2018-09-01","capabilities":"None"},{"resourceType":"privateDnsZones/MX","locations":["global"],"apiVersions":["2020-01-01","2018-09-01"],"defaultApiVersion":"2018-09-01","capabilities":"None"},{"resourceType":"privateDnsZones/TXT","locations":["global"],"apiVersions":["2020-01-01","2018-09-01"],"defaultApiVersion":"2018-09-01","capabilities":"None"},{"resourceType":"privateDnsZones/SRV","locations":["global"],"apiVersions":["2020-01-01","2018-09-01"],"defaultApiVersion":"2018-09-01","capabilities":"None"},{"resourceType":"privateDnsZones/SOA","locations":["global"],"apiVersions":["2020-01-01","2018-09-01"],"defaultApiVersion":"2018-09-01","capabilities":"None"},{"resourceType":"privateDnsZones/all","locations":["global"],"apiVersions":["2020-01-01","2018-09-01"],"defaultApiVersion":"2018-09-01","capabilities":"None"},{"resourceType":"trafficmanagerprofiles","locations":["global"],"apiVersions":["2018-08-01","2018-04-01","2018-03-01","2018-02-01","2017-05-01","2017-03-01","2015-11-01","2015-04-28-preview"],"defaultApiVersion":"2018-08-01","capabilities":"CrossResourceGroupResourceMove,
        CrossSubscriptionResourceMove, SupportsTags, SupportsLocation"},{"resourceType":"trafficmanagerprofiles/heatMaps","locations":["global"],"apiVersions":["2018-08-01","2018-04-01","2018-03-01","2018-02-01","2017-09-01-preview"],"defaultApiVersion":"2018-08-01","capabilities":"None"},{"resourceType":"checkTrafficManagerNameAvailability","locations":["global"],"apiVersions":["2018-08-01","2018-04-01","2018-03-01","2018-02-01","2017-05-01","2017-03-01","2015-11-01","2015-04-28-preview"],"defaultApiVersion":"2018-08-01","capabilities":"None"},{"resourceType":"trafficManagerUserMetricsKeys","locations":["global"],"apiVersions":["2018-08-01","2018-04-01","2017-09-01-preview"],"defaultApiVersion":"2018-08-01","capabilities":"None"},{"resourceType":"trafficManagerGeographicHierarchies","locations":["global"],"apiVersions":["2018-08-01","2018-04-01","2018-03-01","2018-02-01","2017-05-01","2017-03-01"],"defaultApiVersion":"2018-08-01","capabilities":"None"},{"resourceType":"expressRouteCircuits","locations":["West
        US","East US","North Europe","West Europe","East Asia","Southeast Asia","North
        Central US","South Central US","Central US","East US 2","Japan East","Japan
        West","Brazil South","Australia East","Australia Southeast","Central India","South
        India","West India","Canada Central","Canada East","West Central US","West
        US 2","UK West","UK South","Korea Central","Korea South","France Central","Australia
        Central","South Africa North","UAE North","Switzerland North","Germany West
        Central","Norway East","Central US EUAP","East US 2 EUAP"],"apiVersions":["2020-03-01","2020-01-01","2019-12-01","2019-11-01","2019-09-01","2019-08-01","2019-07-01","2019-06-01","2019-04-01","2019-02-01","2018-12-01","2018-11-01","2018-10-01","2018-08-01","2018-07-01","2018-06-01","2018-05-01","2018-04-01","2018-03-01","2018-02-01","2018-01-01","2017-11-01","2017-10-01","2017-09-01","2017-08-01","2017-06-01","2017-04-01","2017-03-01","2016-12-01","2016-11-01","2016-10-01","2016-09-01","2016-08-01","2016-07-01","2016-06-01","2016-03-30","2015-06-15","2015-05-01-preview","2014-12-01-preview"],"defaultApiVersion":"2017-09-01","capabilities":"SupportsTags,
        SupportsLocation"},{"resourceType":"expressRouteServiceProviders","locations":[],"apiVersions":["2020-03-01","2020-01-01","2019-12-01","2019-11-01","2019-09-01","2019-08-01","2019-07-01","2019-06-01","2019-04-01","2019-02-01","2018-12-01","2018-11-01","2018-10-01","2018-08-01","2018-07-01","2018-06-01","2018-05-01","2018-04-01","2018-03-01","2018-02-01","2018-01-01","2017-11-01","2017-10-01","2017-09-01","2017-08-01","2017-06-01","2017-04-01","2017-03-01","2016-12-01","2016-11-01","2016-10-01","2016-09-01","2016-08-01","2016-07-01","2016-06-01","2016-03-30","2015-06-15","2015-05-01-preview","2014-12-01-preview"],"capabilities":"None"},{"resourceType":"applicationGatewayAvailableWafRuleSets","locations":[],"apiVersions":["2020-03-01","2020-01-01","2019-12-01","2019-11-01","2019-09-01","2019-08-01","2019-07-01","2019-06-01","2019-04-01","2019-02-01","2018-12-01","2018-11-01","2018-10-01","2018-08-01","2018-07-01","2018-06-01","2018-05-01","2018-04-01","2018-03-01","2018-02-01","2018-01-01","2017-11-01","2017-10-01","2017-09-01","2017-08-01","2017-06-01","2017-04-01","2017-03-01"],"capabilities":"None"},{"resourceType":"applicationGatewayAvailableSslOptions","locations":[],"apiVersions":["2020-03-01","2020-01-01","2019-12-01","2019-11-01","2019-09-01","2019-08-01","2019-07-01","2019-06-01","2019-04-01","2019-02-01","2018-12-01","2018-11-01","2018-10-01","2018-08-01","2018-07-01","2018-06-01","2018-05-01","2018-04-01","2018-03-01","2018-02-01","2018-01-01","2017-11-01","2017-10-01","2017-09-01","2017-08-01","2017-06-01"],"capabilities":"None"},{"resourceType":"applicationGatewayAvailableServerVariables","locations":[],"apiVersions":["2020-03-01","2020-01-01","2019-12-01","2019-11-01","2019-09-01","2019-08-01","2019-07-01","2019-06-01","2019-04-01","2019-02-01","2018-12-01","2018-11-01"],"capabilities":"None"},{"resourceType":"applicationGatewayAvailableRequestHeaders","locations":[],"apiVersions":["2020-03-01","2020-01-01","2019-12-01","2019-11-01","2019-09-01","2019-08-01","2019-07-01","2019-06-01","2019-04-01","2019-02-01","2018-12-01","2018-11-01"],"capabilities":"None"},{"resourceType":"applicationGatewayAvailableResponseHeaders","locations":[],"apiVersions":["2020-03-01","2020-01-01","2019-12-01","2019-11-01","2019-09-01","2019-08-01","2019-07-01","2019-06-01","2019-04-01","2019-02-01","2018-12-01","2018-11-01"],"capabilities":"None"},{"resourceType":"routeFilters","locations":["West
        US","East US","North Europe","West Europe","East Asia","Southeast Asia","North
        Central US","South Central US","Central US","East US 2","Japan East","Japan
        West","Brazil South","Australia East","Australia Southeast","Central India","South
        India","West India","Canada Central","Canada East","West Central US","West
        US 2","UK West","UK South","Korea Central","Korea South","France Central","Australia
        Central","South Africa North","UAE North","Switzerland North","Germany West
        Central","Norway East","Central US EUAP","East US 2 EUAP"],"apiVersions":["2020-03-01","2020-01-01","2019-12-01","2019-11-01","2019-09-01","2019-08-01","2019-07-01","2019-06-01","2019-04-01","2019-02-01","2018-12-01","2018-11-01","2018-10-01","2018-08-01","2018-07-01","2018-06-01","2018-05-01","2018-04-01","2018-03-01","2018-02-01","2018-01-01","2017-11-01","2017-10-01","2017-09-01","2017-08-01","2017-06-01","2017-04-01","2017-03-01","2016-12-01"],"defaultApiVersion":"2016-12-01","capabilities":"SupportsTags,
        SupportsLocation"},{"resourceType":"bgpServiceCommunities","locations":[],"apiVersions":["2020-03-01","2020-01-01","2019-12-01","2019-11-01","2019-09-01","2019-08-01","2019-07-01","2019-06-01","2019-04-01","2019-02-01","2018-12-01","2018-11-01","2018-10-01","2018-08-01","2018-07-01","2018-06-01","2018-05-01","2018-04-01","2018-03-01","2018-02-01","2018-01-01","2017-11-01","2017-10-01","2017-09-01","2017-08-01","2017-06-01","2017-04-01","2017-03-01","2016-12-01"],"capabilities":"None"},{"resourceType":"virtualWans","locations":["West
        US","East US","North Europe","West Europe","East Asia","Southeast Asia","North
        Central US","South Central US","Central US","East US 2","Japan East","Japan
        West","Brazil South","Australia East","Australia Southeast","Central India","South
        India","West India","Canada Central","Canada East","West Central US","West
        US 2","UK West","UK South","Korea Central","Korea South","France Central","Australia
        Central","South Africa North","UAE North","Switzerland North","Germany West
        Central","Norway East","Central US EUAP","East US 2 EUAP"],"apiVersions":["2020-03-01","2020-01-01","2019-12-01","2019-11-01","2019-09-01","2019-08-01","2019-07-01","2019-06-01","2019-04-01","2019-02-01","2018-12-01","2018-11-01","2018-10-01","2018-08-01","2018-07-01","2018-06-01","2018-05-01","2018-04-01","2018-03-01","2018-02-01","2018-01-01","2017-11-01","2017-10-01","2017-09-01"],"defaultApiVersion":"2017-09-01","capabilities":"SupportsTags,
        SupportsLocation"},{"resourceType":"vpnSites","locations":["West US","East
        US","North Europe","West Europe","East Asia","Southeast Asia","North Central
        US","South Central US","Central US","East US 2","Japan East","Japan West","Brazil
        South","Australia East","Australia Southeast","Central India","South India","West
        India","Canada Central","Canada East","West Central US","West US 2","UK West","UK
        South","Korea Central","Korea South","France Central","Australia Central","South
        Africa North","UAE North","Switzerland North","Germany West Central","Norway
        East","Central US EUAP","East US 2 EUAP"],"apiVersions":["2020-03-01","2020-01-01","2019-12-01","2019-11-01","2019-09-01","2019-08-01","2019-07-01","2019-06-01","2019-04-01","2019-02-01","2018-12-01","2018-11-01","2018-10-01","2018-08-01","2018-07-01","2018-06-01","2018-05-01","2018-04-01","2018-03-01","2018-02-01","2018-01-01","2017-11-01","2017-10-01","2017-09-01"],"defaultApiVersion":"2017-09-01","capabilities":"SupportsTags,
        SupportsLocation"},{"resourceType":"vpnServerConfigurations","locations":["West
        US","East US","North Europe","West Europe","East Asia","Southeast Asia","North
        Central US","South Central US","Central US","East US 2","Japan East","Japan
        West","Brazil South","Australia East","Australia Southeast","Central India","South
        India","West India","Canada Central","Canada East","West Central US","West
        US 2","UK West","UK South","Korea Central","Korea South","France Central","South
        Africa North","Switzerland North","Germany West Central","Norway East","Central
        US EUAP","East US 2 EUAP"],"apiVersions":["2020-03-01","2020-01-01","2019-12-01","2019-11-01","2019-09-01","2019-08-01"],"defaultApiVersion":"2019-08-01","capabilities":"SupportsTags,
        SupportsLocation"},{"resourceType":"virtualHubs","locations":["West US","East
        US","North Europe","West Europe","East Asia","Southeast Asia","North Central
        US","South Central US","Central US","East US 2","Japan East","Japan West","Brazil
        South","Australia East","Australia Southeast","Central India","South India","West
        India","Canada Central","Canada East","West Central US","West US 2","UK West","UK
        South","Korea Central","Korea South","France Central","Australia Central","South
        Africa North","UAE North","Switzerland North","Germany West Central","Norway
        East","Central US EUAP","East US 2 EUAP"],"apiVersions":["2020-03-01","2020-01-01","2019-12-01","2019-11-01","2019-09-01","2019-08-01","2019-07-01","2019-06-01","2019-04-01","2019-02-01","2018-12-01","2018-11-01","2018-10-01","2018-08-01","2018-07-01","2018-06-01","2018-05-01","2018-04-01","2018-03-01","2018-02-01","2018-01-01","2017-11-01","2017-10-01","2017-09-01"],"defaultApiVersion":"2017-11-01","capabilities":"SupportsTags,
        SupportsLocation"},{"resourceType":"vpnGateways","locations":["West US","East
        US","North Europe","West Europe","East Asia","Southeast Asia","North Central
        US","South Central US","Central US","East US 2","Japan East","Japan West","Brazil
        South","Australia East","Australia Southeast","Central India","South India","West
        India","Canada Central","Canada East","West Central US","West US 2","UK West","UK
        South","Korea Central","Korea South","France Central","Australia Central","South
        Africa North","UAE North","Switzerland North","Germany West Central","Norway
        East","Central US EUAP","East US 2 EUAP"],"apiVersions":["2020-03-01","2020-01-01","2019-12-01","2019-11-01","2019-09-01","2019-08-01","2019-07-01","2019-06-01","2019-04-01","2019-02-01","2018-12-01","2018-11-01","2018-10-01","2018-08-01","2018-07-01","2018-06-01","2018-05-01","2018-04-01","2018-03-01","2018-02-01","2018-01-01","2017-11-01","2017-10-01","2017-09-01"],"defaultApiVersion":"2017-11-01","capabilities":"SupportsTags,
        SupportsLocation"},{"resourceType":"p2sVpnGateways","locations":["West US","East
        US","North Europe","West Europe","East Asia","Southeast Asia","North Central
        US","South Central US","Central US","East US 2","Japan East","Japan West","Brazil
        South","Australia East","Australia Southeast","Central India","South India","West
        India","Canada Central","Canada East","West Central US","West US 2","UK West","UK
        South","Korea Central","Korea South","France Central","Australia Central","UAE
        North","South Africa North","Switzerland North","Germany West Central","Norway
        East","Central US EUAP","East US 2 EUAP"],"apiVersions":["2020-03-01","2020-01-01","2019-12-01","2019-11-01","2019-09-01","2019-08-01","2019-07-01","2019-06-01","2019-04-01","2019-02-01","2018-12-01","2018-11-01","2018-10-01","2018-08-01"],"defaultApiVersion":"2019-08-01","capabilities":"SupportsTags,
        SupportsLocation"},{"resourceType":"expressRouteGateways","locations":["West
        US","East US","North Europe","West Europe","East Asia","Southeast Asia","North
        Central US","South Central US","Central US","East US 2","Japan East","Japan
        West","Brazil South","Australia East","Australia Southeast","Central India","South
        India","West India","Canada Central","Canada East","West Central US","West
        US 2","UK West","UK South","Korea Central","Korea South","France Central","Australia
        Central","South Africa North","UAE North","Switzerland North","Germany West
        Central","Norway East","Central US EUAP","East US 2 EUAP"],"apiVersions":["2020-03-01","2020-01-01","2019-12-01","2019-11-01","2019-09-01","2019-08-01","2019-07-01","2019-06-01","2019-04-01","2019-02-01","2018-12-01","2018-11-01","2018-10-01","2018-08-01"],"defaultApiVersion":"2018-08-01","capabilities":"SupportsTags,
        SupportsLocation"},{"resourceType":"firewallPolicies","locations":["UAE North","Australia
        Central 2","UAE Central","Germany North","Central India","Korea South","Switzerland
        North","Switzerland West","Japan West","France South","South Africa West","West
        India","Canada East","South India","Germany West Central","Norway East","Norway
        West","South Africa North","East Asia","Southeast Asia","Korea Central","Brazil
        South","Japan East","UK West","West US","East US","North Europe","West Europe","West
        Central US","South Central US","Australia East","Australia Central","Australia
        Southeast","UK South","East US 2","West US 2","North Central US","Canada Central","France
        Central","Central US","Central US EUAP","East US 2 EUAP"],"apiVersions":["2020-03-01","2020-01-01","2019-12-01","2019-11-01","2019-09-01","2019-08-01","2019-07-01","2019-06-01"],"defaultApiVersion":"2019-06-01","capabilities":"CrossResourceGroupResourceMove,
        CrossSubscriptionResourceMove, SupportsTags, SupportsLocation"},{"resourceType":"ipGroups","locations":["UAE
        North","Australia Central 2","UAE Central","Germany North","Central India","Korea
        South","Switzerland North","Switzerland West","Japan West","France South","South
        Africa West","West India","Canada East","South India","Germany West Central","Norway
        East","Norway West","South Africa North","East Asia","Southeast Asia","Korea
        Central","Brazil South","Japan East","UK West","West US","East US","North
        Europe","West Europe","South Central US","Australia East","Australia Central","Australia
        Southeast","UK South","East US 2","West US 2","North Central US","Canada Central","France
        Central","West Central US","Central US","Central US EUAP","East US 2 EUAP"],"apiVersions":["2020-03-01","2020-01-01","2019-12-01","2019-11-01","2019-09-01","2019-08-01"],"defaultApiVersion":"2019-08-01","capabilities":"CrossResourceGroupResourceMove,
        CrossSubscriptionResourceMove, SupportsTags, SupportsLocation"},{"resourceType":"locations/nfvOperations","locations":[],"apiVersions":["2020-03-01","2020-01-01","2019-12-01","2019-11-01","2019-09-01","2019-08-01","2019-07-01","2019-06-01"],"capabilities":"None"},{"resourceType":"locations/nfvOperationResults","locations":[],"apiVersions":["2020-03-01","2020-01-01","2019-12-01","2019-11-01","2019-09-01","2019-08-01","2019-07-01","2019-06-01"],"capabilities":"None"},{"resourceType":"azureFirewalls","locations":["West
        US","East US","North Europe","West Europe","East Asia","Southeast Asia","North
        Central US","South Central US","Central US","East US 2","Brazil South","Australia
        East","Australia Southeast","Central India","South India","West India","Canada
        Central","Canada East","West Central US","West US 2","UK West","UK South","France
        Central","Australia Central","Japan West","Japan East","Korea Central","Korea
        South","South Africa North","UAE North","Switzerland North","Germany West
        Central","Norway East","Central US EUAP","East US 2 EUAP"],"apiVersions":["2020-03-01","2020-01-01","2019-12-01","2019-11-01","2019-09-01","2019-08-01","2019-07-01","2019-06-01","2019-04-01","2019-02-01","2018-12-01","2018-11-01","2018-10-01","2018-08-01","2018-07-01","2018-06-01","2018-05-01","2018-04-01"],"defaultApiVersion":"2018-04-01","zoneMappings":[{"location":"East
        US 2","zones":["2","3","1"]},{"location":"Central US","zones":["2","3","1"]},{"location":"West
        Europe","zones":["2","3","1"]},{"location":"East US 2 EUAP","zones":["1","2","3"]},{"location":"Central
        US EUAP","zones":["1","2"]},{"location":"France Central","zones":["2","3","1"]},{"location":"Southeast
        Asia","zones":["2","3","1"]},{"location":"West US 2","zones":["2","3","1"]},{"location":"North
        Europe","zones":["2","3","1"]},{"location":"East US","zones":["2","3","1"]},{"location":"UK
        South","zones":["2","3","1"]},{"location":"Japan East","zones":["2","3","1"]},{"location":"Australia
        East","zones":[]},{"location":"South Africa North","zones":[]},{"location":"South
        Central US","zones":[]},{"location":"Canada Central","zones":[]}],"capabilities":"CrossResourceGroupResourceMove,
        CrossSubscriptionResourceMove, SupportsTags, SupportsLocation"},{"resourceType":"azureFirewallFqdnTags","locations":[],"apiVersions":["2020-03-01","2020-01-01","2019-12-01","2019-11-01","2019-09-01","2019-08-01","2019-07-01","2019-06-01","2019-04-01","2019-02-01","2018-12-01","2018-11-01","2018-10-01","2018-08-01"],"capabilities":"None"},{"resourceType":"virtualNetworkTaps","locations":["West
        US","East US","North Europe","West Europe","East Asia","Southeast Asia","North
        Central US","South Central US","Central US","East US 2","Japan East","Japan
        West","Brazil South","Australia East","Australia Southeast","Central India","South
        India","West India","Canada Central","Canada East","West Central US","West
        US 2","UK West","UK South","Korea Central","Korea South","France Central","Australia
        Central","South Africa North","UAE North","Switzerland North","Germany West
        Central","Norway East","Central US EUAP","East US 2 EUAP"],"apiVersions":["2020-03-01","2020-01-01","2019-12-01","2019-11-01","2019-09-01","2019-08-01","2019-07-01","2019-06-01","2019-04-01","2019-02-01","2018-12-01","2018-11-01","2018-10-01","2018-08-01"],"defaultApiVersion":"2018-08-01","capabilities":"SupportsTags,
        SupportsLocation"},{"resourceType":"privateLinkServices","locations":["West
        US","East US","North Europe","West Europe","East Asia","Southeast Asia","North
        Central US","South Central US","Central US","East US 2","Japan East","Japan
        West","Brazil South","Australia East","Australia Southeast","Central India","South
        India","West India","Canada Central","Canada East","West Central US","West
        US 2","UK West","UK South","Korea Central","Korea South","France Central","Australia
        Central","South Africa North","UAE North","Switzerland North","Germany West
        Central","Norway East","Central US EUAP","East US 2 EUAP"],"apiVersions":["2020-03-01","2020-01-01","2019-12-01","2019-11-01","2019-09-01","2019-08-01","2019-07-01","2019-06-01","2019-04-01","2019-02-01","2018-12-01","2018-11-01","2018-10-01","2018-08-01"],"defaultApiVersion":"2018-08-01","capabilities":"SupportsTags,
        SupportsLocation"},{"resourceType":"ddosProtectionPlans","locations":["West
        US","East US","North Europe","West Europe","East Asia","Southeast Asia","North
        Central US","South Central US","Central US","East US 2","Japan East","Japan
        West","Brazil South","Australia East","Australia Southeast","Central India","South
        India","West India","Canada Central","Canada East","West Central US","West
        US 2","UK West","UK South","Korea Central","Korea South","France Central","Australia
        Central","South Africa North","UAE North","Switzerland North","Germany West
        Central","Norway East","Central US EUAP","East US 2 EUAP"],"apiVersions":["2020-03-01","2020-01-01","2019-12-01","2019-11-01","2019-09-01","2019-08-01","2019-07-01","2019-06-01","2019-04-01","2019-02-01","2018-12-01","2018-11-01","2018-10-01","2018-08-01","2018-07-01","2018-06-01","2018-05-01","2018-04-01","2018-03-01","2018-02-01"],"defaultApiVersion":"2018-02-01","apiProfiles":[{"profileVersion":"2017-03-09-profile","apiVersion":"2018-02-01"}],"capabilities":"SupportsTags,
        SupportsLocation"},{"resourceType":"networkProfiles","locations":["West US","East
        US","North Europe","West Europe","East Asia","Southeast Asia","North Central
        US","South Central US","Central US","East US 2","Japan East","Japan West","Brazil
        South","Australia East","Australia Southeast","Central India","South India","West
        India","Canada Central","Canada East","West Central US","West US 2","UK West","UK
        South","Korea Central","Korea South","France Central","Australia Central","South
        Africa North","UAE North","Switzerland North","Germany West Central","Norway
        East","Central US EUAP","East US 2 EUAP"],"apiVersions":["2020-03-01","2020-01-01","2019-12-01","2019-11-01","2019-09-01","2019-08-01","2019-07-01","2019-06-01","2019-04-01","2019-02-01","2018-12-01","2018-11-01","2018-10-01","2018-08-01","2018-07-01","2018-06-01","2018-05-01"],"defaultApiVersion":"2018-05-01","capabilities":"SupportsTags,
        SupportsLocation"},{"resourceType":"checkFrontdoorNameAvailability","locations":["global","Central
        US","East US","East US 2","North Central US","South Central US","West US","North
        Europe","West Europe","East Asia","Southeast Asia","Japan East","Japan West","Brazil
        South","Australia East","Australia Southeast"],"apiVersions":["2020-01-01","2019-08-01","2019-05-01","2019-04-01","2018-08-01"],"defaultApiVersion":"2019-05-01","capabilities":"None"},{"resourceType":"frontdoorWebApplicationFirewallManagedRuleSets","locations":["global","Central
        US","East US","East US 2","North Central US","South Central US","West US","North
        Europe","West Europe","East Asia","Southeast Asia","Japan East","Japan West","Brazil
        South","Australia East","Australia Southeast"],"apiVersions":["2019-10-01","2019-03-01"],"defaultApiVersion":"2019-03-01","capabilities":"None"},{"resourceType":"locations/bareMetalTenants","locations":["West
        US","East US","North Europe","West Europe","East Asia","Southeast Asia","North
        Central US","South Central US","Central US","East US 2","Japan East","Japan
        West","Brazil South","Australia East","Australia Southeast","Central India","South
        India","West India","Canada Central","Canada East","West Central US","West
        US 2","UK West","UK South","Korea Central","Korea South","France Central","Australia
        Central","South Africa North","UAE North","Switzerland North","Germany West
        Central","Norway East","Central US EUAP","East US 2 EUAP"],"apiVersions":["2020-03-01","2020-01-01","2019-12-01","2019-11-01","2019-09-01","2019-08-01","2019-07-01","2019-06-01","2019-04-01","2019-02-01","2018-12-01","2018-11-01","2018-10-01","2018-08-01","2018-07-01"],"capabilities":"None"},{"resourceType":"bastionHosts","locations":["West
        US","East US","North Europe","West Europe","East Asia","Southeast Asia","North
        Central US","South Central US","Central US","East US 2","Japan East","Japan
        West","Brazil South","Australia East","Australia Southeast","Central India","South
        India","West India","Canada Central","Canada East","West Central US","West
        US 2","UK West","UK South","Korea Central","Korea South","France Central","Australia
        Central","South Africa North","UAE North","Switzerland North","Germany West
        Central","Norway East","Central US EUAP","East US 2 EUAP"],"apiVersions":["2020-03-01","2020-01-01","2019-12-01","2019-11-01","2019-09-01","2019-08-01","2019-07-01","2019-06-01","2019-04-01","2019-02-01","2018-12-01","2018-11-01","2018-10-01"],"defaultApiVersion":"2018-10-01","capabilities":"SupportsTags,
        SupportsLocation"},{"resourceType":"virtualRouters","locations":["UAE North","Australia
        Central 2","UAE Central","Germany North","Central India","Korea South","Switzerland
        North","Switzerland West","Japan West","France South","South Africa West","West
        India","Canada East","South India","Germany West Central","Norway East","Norway
        West","South Africa North","East Asia","Southeast Asia","Korea Central","Brazil
        South","Japan East","UK West","West US","East US","North Europe","West Europe","West
        Central US","South Central US","Australia East","Australia Central","Australia
        Southeast","UK South","East US 2","West US 2","North Central US","Canada Central","France
        Central","Central US","Central US EUAP","East US 2 EUAP"],"apiVersions":["2020-03-01","2020-01-01","2019-12-01","2019-11-01","2019-09-01","2019-08-01","2019-07-01"],"defaultApiVersion":"2019-07-01","capabilities":"CrossResourceGroupResourceMove,
        CrossSubscriptionResourceMove, SupportsTags, SupportsLocation"},{"resourceType":"networkWatchers/lenses","locations":["Central
        US EUAP","East US 2 EUAP"],"apiVersions":["2020-03-01","2020-01-01","2019-12-01","2019-11-01","2019-09-01","2019-08-01","2019-07-01","2019-06-01","2019-04-01","2019-02-01","2018-12-01","2018-11-01","2018-10-01","2018-08-01","2018-07-01","2018-06-01","2018-01-01","2017-11-01","2017-10-01","2017-09-01"],"defaultApiVersion":"2017-09-01","capabilities":"CrossResourceGroupResourceMove,
        CrossSubscriptionResourceMove, SupportsTags, SupportsLocation"},{"resourceType":"frontdoorOperationResults","locations":["global"],"apiVersions":["2020-01-01","2019-11-01","2019-10-01","2019-08-01","2019-05-01","2019-04-01","2019-03-01","2018-08-01"],"defaultApiVersion":"2019-05-01","capabilities":"None"},{"resourceType":"frontdoors","locations":["Central
        US EUAP","East US 2 EUAP","global","Central US","East US","East US 2","North
        Central US","South Central US","West US","North Europe","West Europe","East
        Asia","Southeast Asia","Japan East","Japan West","Brazil South","Australia
        East","Australia Southeast"],"apiVersions":["2020-01-01","2019-08-01","2019-05-01","2019-04-01","2018-08-01"],"defaultApiVersion":"2019-05-01","capabilities":"CrossResourceGroupResourceMove,
        CrossSubscriptionResourceMove, SupportsTags, SupportsLocation"},{"resourceType":"frontdoorWebApplicationFirewallPolicies","locations":["East
        US 2 EUAP","global","Central US","East US","East US 2","North Central US","South
        Central US","West US","North Europe","West Europe","East Asia","Southeast
        Asia","Japan East","Japan West","Brazil South","Australia East","Australia
        Southeast"],"apiVersions":["2019-10-01","2019-03-01","2018-08-01"],"defaultApiVersion":"2019-03-01","capabilities":"CrossResourceGroupResourceMove,
        CrossSubscriptionResourceMove, SupportsTags, SupportsLocation"},{"resourceType":"webApplicationFirewallPolicies","locations":["East
        US 2 EUAP","global","Central US","East US","East US 2","North Central US","South
        Central US","West US","North Europe","West Europe","East Asia","Southeast
        Asia","Japan East","Japan West","Brazil South","Australia East","Australia
        Southeast"],"apiVersions":["2020-03-01","2020-01-01","2019-12-01","2019-11-01","2019-09-01","2019-08-01","2018-08-01"],"defaultApiVersion":"2018-08-01","capabilities":"CrossResourceGroupResourceMove,
        CrossSubscriptionResourceMove, SupportsTags, SupportsLocation"},{"resourceType":"networkExperimentProfiles","locations":["Central
        US EUAP","East US 2 EUAP","global","Central US","East US","East US 2","North
        Central US","South Central US","West US","West US 2","North Europe","West
        Europe","East Asia","Southeast Asia","Japan East","Japan West","Brazil South","Australia
        East","Australia Southeast"],"apiVersions":["2019-11-01"],"defaultApiVersion":"2019-11-01","capabilities":"CrossResourceGroupResourceMove,
        CrossSubscriptionResourceMove, SupportsTags, SupportsLocation"}],"registrationState":"Registered","registrationPolicy":"RegistrationRequired"}'
    headers:
      cache-control:
      - no-cache
      content-length:
      - '82459'
      content-type:
      - application/json; charset=utf-8
      date:
      - Wed, 08 Apr 2020 05:33:17 GMT
      expires:
      - '-1'
      pragma:
      - no-cache
      strict-transport-security:
      - max-age=31536000; includeSubDomains
      vary:
      - Accept-Encoding
      x-content-type-options:
      - nosniff
    status:
      code: 200
      message: OK
- request:
    body: null
    headers:
      Accept:
      - application/json
      Accept-Encoding:
      - gzip, deflate
      CommandName:
      - vmss create
      Connection:
      - keep-alive
      ParameterSetName:
      - --image --os-disk-name --admin-username --subnet -l --vm-sku --storage-container-name
        -g --name --load-balancer --ssh-key-value --backend-pool-name --use-unmanaged-disk
      User-Agent:
      - python/3.7.4 (Windows-10-10.0.18362-SP0) msrest/0.6.9 msrest_azure/0.6.3 azure-mgmt-resource/8.0.1
        Azure-SDK-For-Python AZURECLI/2.3.1
      accept-language:
      - en-US
    method: GET
    uri: https://management.azure.com/subscriptions/00000000-0000-0000-0000-000000000000/resourcegroups/cli_test_vmss_create_existing_ids000001/providers/Microsoft.Network/virtualNetworks/vrfvnet?api-version=2020-03-01
  response:
    body:
      string: "{\r\n  \"name\": \"vrfvnet\",\r\n  \"id\": \"/subscriptions/00000000-0000-0000-0000-000000000000/resourceGroups/cli_test_vmss_create_existing_ids000001/providers/Microsoft.Network/virtualNetworks/vrfvnet\",\r\n
        \ \"etag\": \"W/\\\"9f1f3632-e874-458b-a156-680c5f188f8a\\\"\",\r\n  \"type\":
        \"Microsoft.Network/virtualNetworks\",\r\n  \"location\": \"westus\",\r\n
        \ \"tags\": {},\r\n  \"properties\": {\r\n    \"provisioningState\": \"Succeeded\",\r\n
        \   \"resourceGuid\": \"78a457dc-28e5-41f1-9b5f-6d0bf0e95f94\",\r\n    \"addressSpace\":
        {\r\n      \"addressPrefixes\": [\r\n        \"10.0.0.0/16\"\r\n      ]\r\n
        \   },\r\n    \"dhcpOptions\": {\r\n      \"dnsServers\": []\r\n    },\r\n
        \   \"subnets\": [\r\n      {\r\n        \"name\": \"vrfsubnet\",\r\n        \"id\":
        \"/subscriptions/00000000-0000-0000-0000-000000000000/resourceGroups/cli_test_vmss_create_existing_ids000001/providers/Microsoft.Network/virtualNetworks/vrfvnet/subnets/vrfsubnet\",\r\n
        \       \"etag\": \"W/\\\"9f1f3632-e874-458b-a156-680c5f188f8a\\\"\",\r\n
        \       \"properties\": {\r\n          \"provisioningState\": \"Succeeded\",\r\n
        \         \"addressPrefix\": \"10.0.0.0/24\",\r\n          \"delegations\":
        [],\r\n          \"privateEndpointNetworkPolicies\": \"Enabled\",\r\n          \"privateLinkServiceNetworkPolicies\":
        \"Enabled\"\r\n        },\r\n        \"type\": \"Microsoft.Network/virtualNetworks/subnets\"\r\n
        \     }\r\n    ],\r\n    \"virtualNetworkPeerings\": [],\r\n    \"enableDdosProtection\":
        false,\r\n    \"enableVmProtection\": false\r\n  }\r\n}"
    headers:
      cache-control:
      - no-cache
      content-length:
      - '1449'
      content-type:
      - application/json; charset=utf-8
      date:
      - Wed, 08 Apr 2020 05:33:17 GMT
      etag:
      - W/"9f1f3632-e874-458b-a156-680c5f188f8a"
      expires:
      - '-1'
      pragma:
      - no-cache
      server:
      - Microsoft-HTTPAPI/2.0
      - Microsoft-HTTPAPI/2.0
      strict-transport-security:
      - max-age=31536000; includeSubDomains
      transfer-encoding:
      - chunked
      vary:
      - Accept-Encoding
      x-content-type-options:
      - nosniff
      x-ms-arm-service-request-id:
      - ca45a835-4ada-4bb0-a4ff-842fca466da7
    status:
      code: 200
      message: OK
- request:
    body: null
    headers:
      Accept:
      - application/json
      Accept-Encoding:
      - gzip, deflate
      CommandName:
      - vmss create
      Connection:
      - keep-alive
      ParameterSetName:
      - --image --os-disk-name --admin-username --subnet -l --vm-sku --storage-container-name
        -g --name --load-balancer --ssh-key-value --backend-pool-name --use-unmanaged-disk
      User-Agent:
      - python/3.7.4 (Windows-10-10.0.18362-SP0) msrest/0.6.9 msrest_azure/0.6.3 azure-mgmt-network/10.0.0
        Azure-SDK-For-Python AZURECLI/2.3.1
      accept-language:
      - en-US
    method: GET
    uri: https://management.azure.com/subscriptions/00000000-0000-0000-0000-000000000000/resourceGroups/cli_test_vmss_create_existing_ids000001/providers/Microsoft.Network/loadBalancers/vrflb?api-version=2018-01-01
  response:
    body:
      string: "{\r\n  \"name\": \"vrflb\",\r\n  \"id\": \"/subscriptions/00000000-0000-0000-0000-000000000000/resourceGroups/cli_test_vmss_create_existing_ids000001/providers/Microsoft.Network/loadBalancers/vrflb\",\r\n
        \ \"etag\": \"W/\\\"02af20dd-40f6-4a8e-a4a3-ec2543b94a7b\\\"\",\r\n  \"type\":
        \"Microsoft.Network/loadBalancers\",\r\n  \"location\": \"westus\",\r\n  \"tags\":
        {},\r\n  \"properties\": {\r\n    \"provisioningState\": \"Succeeded\",\r\n
        \   \"resourceGuid\": \"21184774-4f00-4949-b592-60609521cf3b\",\r\n    \"frontendIPConfigurations\":
        [\r\n      {\r\n        \"name\": \"LoadBalancerFrontEnd\",\r\n        \"id\":
        \"/subscriptions/00000000-0000-0000-0000-000000000000/resourceGroups/cli_test_vmss_create_existing_ids000001/providers/Microsoft.Network/loadBalancers/vrflb/frontendIPConfigurations/LoadBalancerFrontEnd\",\r\n
        \       \"etag\": \"W/\\\"02af20dd-40f6-4a8e-a4a3-ec2543b94a7b\\\"\",\r\n
        \       \"type\": \"Microsoft.Network/loadBalancers/frontendIPConfigurations\",\r\n
        \       \"properties\": {\r\n          \"provisioningState\": \"Succeeded\",\r\n
        \         \"privateIPAllocationMethod\": \"Dynamic\",\r\n          \"publicIPAddress\":
        {\r\n            \"id\": \"/subscriptions/00000000-0000-0000-0000-000000000000/resourceGroups/cli_test_vmss_create_existing_ids000001/providers/Microsoft.Network/publicIPAddresses/PublicIPvrflb\"\r\n
        \         }\r\n        }\r\n      }\r\n    ],\r\n    \"backendAddressPools\":
        [\r\n      {\r\n        \"name\": \"mybepool\",\r\n        \"id\": \"/subscriptions/00000000-0000-0000-0000-000000000000/resourceGroups/cli_test_vmss_create_existing_ids000001/providers/Microsoft.Network/loadBalancers/vrflb/backendAddressPools/mybepool\",\r\n
        \       \"etag\": \"W/\\\"02af20dd-40f6-4a8e-a4a3-ec2543b94a7b\\\"\",\r\n
        \       \"properties\": {\r\n          \"provisioningState\": \"Succeeded\"\r\n
        \       },\r\n        \"type\": \"Microsoft.Network/loadBalancers/backendAddressPools\"\r\n
        \     }\r\n    ],\r\n    \"loadBalancingRules\": [],\r\n    \"probes\": [],\r\n
        \   \"inboundNatRules\": [],\r\n    \"inboundNatPools\": []\r\n  },\r\n  \"sku\":
        {\r\n    \"name\": \"Basic\"\r\n  }\r\n}"
    headers:
      cache-control:
      - no-cache
      content-length:
      - '2074'
      content-type:
      - application/json; charset=utf-8
      date:
      - Wed, 08 Apr 2020 05:33:18 GMT
      etag:
      - W/"02af20dd-40f6-4a8e-a4a3-ec2543b94a7b"
      expires:
      - '-1'
      pragma:
      - no-cache
      server:
      - Microsoft-HTTPAPI/2.0
      - Microsoft-HTTPAPI/2.0
      strict-transport-security:
      - max-age=31536000; includeSubDomains
      transfer-encoding:
      - chunked
      vary:
      - Accept-Encoding
      x-content-type-options:
      - nosniff
      x-ms-arm-service-request-id:
      - f2dc91c2-9d4a-4075-a1bd-c067d6e8f1fc
    status:
      code: 200
      message: OK
- request:
    body: 'b''{"properties": {"template": {"$schema": "https://schema.management.azure.com/schemas/2015-01-01/deploymentTemplate.json#",
      "contentVersion": "1.0.0.0", "parameters": {}, "variables": {"storageAccountNames":
      ["vrfvmab380", "vrfvmab381", "vrfvmab382", "vrfvmab383", "vrfvmab384"], "vhdContainers":
      ["[concat(\''https://\'', variables(\''storageAccountNames\'')[0], \''.blob.core.windows.net/vrfcontainer\'')]",
      "[concat(\''https://\'', variables(\''storageAccountNames\'')[1], \''.blob.core.windows.net/vrfcontainer\'')]",
      "[concat(\''https://\'', variables(\''storageAccountNames\'')[2], \''.blob.core.windows.net/vrfcontainer\'')]",
      "[concat(\''https://\'', variables(\''storageAccountNames\'')[3], \''.blob.core.windows.net/vrfcontainer\'')]",
      "[concat(\''https://\'', variables(\''storageAccountNames\'')[4], \''.blob.core.windows.net/vrfcontainer\'')]"]},
      "resources": [{"type": "Microsoft.Storage/storageAccounts", "name": "[variables(\''storageAccountNames\'')[copyIndex()]]",
      "location": "westus", "tags": {}, "apiVersion": "2015-06-15", "copy": {"name":
      "storageLoop", "count": 5}, "properties": {"accountType": "Standard_LRS"}},
      {"type": "Microsoft.Compute/virtualMachineScaleSets", "name": "vrfvmss", "location":
      "westus", "tags": {}, "apiVersion": "2019-12-01", "dependsOn": ["storageLoop"],
      "sku": {"name": "Standard_A3", "capacity": 2}, "properties": {"overprovision":
      true, "upgradePolicy": {"mode": "manual"}, "virtualMachineProfile": {"storageProfile":
      {"osDisk": {"name": "vrfosdisk", "caching": "ReadWrite", "createOption": "FromImage",
      "vhdContainers": "[variables(\''vhdContainers\'')]"}, "imageReference": {"publisher":
      "OpenLogic", "offer": "CentOS", "sku": "7.5", "version": "latest"}}, "osProfile":
      {"computerNamePrefix": "vrfvmab38", "adminUsername": "ubuntu", "linuxConfiguration":
      {"disablePasswordAuthentication": true, "ssh": {"publicKeys": [{"path": "/home/ubuntu/.ssh/authorized_keys",
      "keyData": "ssh-rsa AAAAB3NzaC1yc2EAAAADAQABAAACAQCbIg1guRHbI0lV11wWDt1r2cUdcNd27CJsg+SfgC7miZeubtwUhbsPdhMQsfDyhOWHq1+ZL0M+nJZV63d/1dhmhtgyOqejUwrPlzKhydsbrsdUor+JmNJDdW01v7BXHyuymT8G4s09jCasNOwiufbP/qp72ruu0bIA1nySsvlf9pCQAuFkAnVnf/rFhUlOkhtRpwcq8SUNY2zRHR/EKb/4NWY1JzR4sa3q2fWIJdrrX0DvLoa5g9bIEd4Df79ba7v+yiUBOS0zT2ll+z4g9izHK3EO5d8hL4jYxcjKs+wcslSYRWrascfscLgMlMGh0CdKeNTDjHpGPncaf3Z+FwwwjWeuiNBxv7bJo13/8B/098KlVDl4GZqsoBCEjPyJfV6hO0y/LkRGkk7oHWKgeWAfKtfLItRp00eZ4fcJNK9kCaSMmEugoZWcI7NGbZXzqFWqbpRI7NcDP9+WIQ+i9U5vqWsqd/zng4kbuAJ6UuKqIzB0upYrLShfQE3SAck8oaLhJqqq56VfDuASNpJKidV+zq27HfSBmbXnkR/5AK337dc3MXKJypoK/QPMLKUAP5XLPbs+NddJQV7EZXd29DLgp+fRIg3edpKdO7ZErWhv7d+3Kws+e1Y+ypmR2WIVSwVyBEUfgv2C8Ts9gnTF4pNcEY/S2aBicz5Ew2+jdyGNQQ==
      test@example.com\\n"}]}}}, "networkProfile": {"networkInterfaceConfigurations":
      [{"name": "vrfvmab38Nic", "properties": {"primary": "true", "ipConfigurations":
      [{"name": "vrfvmab38IPConfig", "properties": {"subnet": {"id": "/subscriptions/00000000-0000-0000-0000-000000000000/resourceGroups/cli_test_vmss_create_existing_ids000001/providers/Microsoft.Network/virtualNetworks/vrfvnet/subnets/vrfsubnet"},
      "loadBalancerBackendAddressPools": [{"id": "/subscriptions/00000000-0000-0000-0000-000000000000/resourceGroups/cli_test_vmss_create_existing_ids000001/providers/Microsoft.Network/loadBalancers/vrflb/backendAddressPools/mybepool"}]}}]}}]}},
      "singlePlacementGroup": null}}], "outputs": {"VMSS": {"type": "object", "value":
      "[reference(resourceId(\''Microsoft.Compute/virtualMachineScaleSets\'', \''vrfvmss\''),providers(\''Microsoft.Compute\'',
      \''virtualMachineScaleSets\'').apiVersions[0])]"}}}, "parameters": {}, "mode":
      "Incremental"}}'''
    headers:
      Accept:
      - application/json
      Accept-Encoding:
      - gzip, deflate
      CommandName:
      - vmss create
      Connection:
      - keep-alive
      Content-Length:
      - '3581'
      Content-Type:
      - application/json; charset=utf-8
      ParameterSetName:
      - --image --os-disk-name --admin-username --subnet -l --vm-sku --storage-container-name
        -g --name --load-balancer --ssh-key-value --backend-pool-name --use-unmanaged-disk
      User-Agent:
      - python/3.7.4 (Windows-10-10.0.18362-SP0) msrest/0.6.9 msrest_azure/0.6.3 azure-mgmt-resource/8.0.1
        Azure-SDK-For-Python AZURECLI/2.3.1
      accept-language:
      - en-US
    method: PUT
    uri: https://management.azure.com/subscriptions/00000000-0000-0000-0000-000000000000/resourcegroups/cli_test_vmss_create_existing_ids000001/providers/Microsoft.Resources/deployments/mock-deployment?api-version=2019-07-01
  response:
    body:
      string: '{"id":"/subscriptions/00000000-0000-0000-0000-000000000000/resourceGroups/cli_test_vmss_create_existing_ids000001/providers/Microsoft.Resources/deployments/vmss_deploy_UAMEjBL4rAbsIffqxzxQEALkb8vExgxY","name":"vmss_deploy_UAMEjBL4rAbsIffqxzxQEALkb8vExgxY","type":"Microsoft.Resources/deployments","properties":{"templateHash":"18117812109409182733","parameters":{},"mode":"Incremental","provisioningState":"Accepted","timestamp":"2020-04-08T05:33:24.5187769Z","duration":"PT2.3906782S","correlationId":"18e0ed44-2900-4553-8493-d1e7c8fb175c","providers":[{"namespace":"Microsoft.Compute","resourceTypes":[{"resourceType":"virtualMachineScaleSets","locations":["westus"]}]},{"namespace":"Microsoft.Storage","resourceTypes":[{"resourceType":"storageAccounts","locations":["westus"]}]}],"dependencies":[{"dependsOn":[{"id":"/subscriptions/00000000-0000-0000-0000-000000000000/resourceGroups/cli_test_vmss_create_existing_ids000001/providers/Microsoft.Storage/storageAccounts/vrfvmab380","resourceType":"Microsoft.Storage/storageAccounts","resourceName":"vrfvmab380"},{"id":"/subscriptions/00000000-0000-0000-0000-000000000000/resourceGroups/cli_test_vmss_create_existing_ids000001/providers/Microsoft.Storage/storageAccounts/vrfvmab381","resourceType":"Microsoft.Storage/storageAccounts","resourceName":"vrfvmab381"},{"id":"/subscriptions/00000000-0000-0000-0000-000000000000/resourceGroups/cli_test_vmss_create_existing_ids000001/providers/Microsoft.Storage/storageAccounts/vrfvmab382","resourceType":"Microsoft.Storage/storageAccounts","resourceName":"vrfvmab382"},{"id":"/subscriptions/00000000-0000-0000-0000-000000000000/resourceGroups/cli_test_vmss_create_existing_ids000001/providers/Microsoft.Storage/storageAccounts/vrfvmab383","resourceType":"Microsoft.Storage/storageAccounts","resourceName":"vrfvmab383"},{"id":"/subscriptions/00000000-0000-0000-0000-000000000000/resourceGroups/cli_test_vmss_create_existing_ids000001/providers/Microsoft.Storage/storageAccounts/vrfvmab384","resourceType":"Microsoft.Storage/storageAccounts","resourceName":"vrfvmab384"}],"id":"/subscriptions/00000000-0000-0000-0000-000000000000/resourceGroups/cli_test_vmss_create_existing_ids000001/providers/Microsoft.Compute/virtualMachineScaleSets/vrfvmss","resourceType":"Microsoft.Compute/virtualMachineScaleSets","resourceName":"vrfvmss"}]}}'
    headers:
      azure-asyncoperation:
      - https://management.azure.com/subscriptions/00000000-0000-0000-0000-000000000000/resourcegroups/cli_test_vmss_create_existing_ids000001/providers/Microsoft.Resources/deployments/vmss_deploy_UAMEjBL4rAbsIffqxzxQEALkb8vExgxY/operationStatuses/08586152828833495377?api-version=2019-07-01
      cache-control:
      - no-cache
      content-length:
      - '2577'
      content-type:
      - application/json; charset=utf-8
      date:
      - Wed, 08 Apr 2020 05:33:25 GMT
      expires:
      - '-1'
      pragma:
      - no-cache
      strict-transport-security:
      - max-age=31536000; includeSubDomains
      x-content-type-options:
      - nosniff
      x-ms-ratelimit-remaining-subscription-writes:
      - '1188'
    status:
      code: 201
      message: Created
- request:
    body: null
    headers:
      Accept:
      - application/json
      Accept-Encoding:
      - gzip, deflate
      CommandName:
      - vmss create
      Connection:
      - keep-alive
      ParameterSetName:
      - --image --os-disk-name --admin-username --subnet -l --vm-sku --storage-container-name
        -g --name --load-balancer --ssh-key-value --backend-pool-name --use-unmanaged-disk
      User-Agent:
      - python/3.7.4 (Windows-10-10.0.18362-SP0) msrest/0.6.9 msrest_azure/0.6.3 azure-mgmt-resource/8.0.1
        Azure-SDK-For-Python AZURECLI/2.3.1
    method: GET
    uri: https://management.azure.com/subscriptions/00000000-0000-0000-0000-000000000000/resourcegroups/cli_test_vmss_create_existing_ids000001/providers/Microsoft.Resources/deployments/mock-deployment/operationStatuses/08586152828833495377?api-version=2019-07-01
  response:
    body:
      string: '{"status":"Running"}'
    headers:
      cache-control:
      - no-cache
      content-length:
      - '20'
      content-type:
      - application/json; charset=utf-8
      date:
      - Wed, 08 Apr 2020 05:33:57 GMT
      expires:
      - '-1'
      pragma:
      - no-cache
      strict-transport-security:
      - max-age=31536000; includeSubDomains
      vary:
      - Accept-Encoding
      x-content-type-options:
      - nosniff
    status:
      code: 200
      message: OK
- request:
    body: null
    headers:
      Accept:
      - application/json
      Accept-Encoding:
      - gzip, deflate
      CommandName:
      - vmss create
      Connection:
      - keep-alive
      ParameterSetName:
      - --image --os-disk-name --admin-username --subnet -l --vm-sku --storage-container-name
        -g --name --load-balancer --ssh-key-value --backend-pool-name --use-unmanaged-disk
      User-Agent:
      - python/3.7.4 (Windows-10-10.0.18362-SP0) msrest/0.6.9 msrest_azure/0.6.3 azure-mgmt-resource/8.0.1
        Azure-SDK-For-Python AZURECLI/2.3.1
    method: GET
    uri: https://management.azure.com/subscriptions/00000000-0000-0000-0000-000000000000/resourcegroups/cli_test_vmss_create_existing_ids000001/providers/Microsoft.Resources/deployments/mock-deployment/operationStatuses/08586152828833495377?api-version=2019-07-01
  response:
    body:
      string: '{"status":"Running"}'
    headers:
      cache-control:
      - no-cache
      content-length:
      - '20'
      content-type:
      - application/json; charset=utf-8
      date:
      - Wed, 08 Apr 2020 05:34:28 GMT
      expires:
      - '-1'
      pragma:
      - no-cache
      strict-transport-security:
      - max-age=31536000; includeSubDomains
      vary:
      - Accept-Encoding
      x-content-type-options:
      - nosniff
    status:
      code: 200
      message: OK
- request:
    body: null
    headers:
      Accept:
      - application/json
      Accept-Encoding:
      - gzip, deflate
      CommandName:
      - vmss create
      Connection:
      - keep-alive
      ParameterSetName:
      - --image --os-disk-name --admin-username --subnet -l --vm-sku --storage-container-name
        -g --name --load-balancer --ssh-key-value --backend-pool-name --use-unmanaged-disk
      User-Agent:
      - python/3.7.4 (Windows-10-10.0.18362-SP0) msrest/0.6.9 msrest_azure/0.6.3 azure-mgmt-resource/8.0.1
        Azure-SDK-For-Python AZURECLI/2.3.1
    method: GET
    uri: https://management.azure.com/subscriptions/00000000-0000-0000-0000-000000000000/resourcegroups/cli_test_vmss_create_existing_ids000001/providers/Microsoft.Resources/deployments/mock-deployment/operationStatuses/08586152828833495377?api-version=2019-07-01
  response:
    body:
      string: '{"status":"Running"}'
    headers:
      cache-control:
      - no-cache
      content-length:
      - '20'
      content-type:
      - application/json; charset=utf-8
      date:
      - Wed, 08 Apr 2020 05:34:59 GMT
      expires:
      - '-1'
      pragma:
      - no-cache
      strict-transport-security:
      - max-age=31536000; includeSubDomains
      vary:
      - Accept-Encoding
      x-content-type-options:
      - nosniff
    status:
      code: 200
      message: OK
- request:
    body: null
    headers:
      Accept:
      - application/json
      Accept-Encoding:
      - gzip, deflate
      CommandName:
      - vmss create
      Connection:
      - keep-alive
      ParameterSetName:
      - --image --os-disk-name --admin-username --subnet -l --vm-sku --storage-container-name
        -g --name --load-balancer --ssh-key-value --backend-pool-name --use-unmanaged-disk
      User-Agent:
      - python/3.7.4 (Windows-10-10.0.18362-SP0) msrest/0.6.9 msrest_azure/0.6.3 azure-mgmt-resource/8.0.1
        Azure-SDK-For-Python AZURECLI/2.3.1
    method: GET
    uri: https://management.azure.com/subscriptions/00000000-0000-0000-0000-000000000000/resourcegroups/cli_test_vmss_create_existing_ids000001/providers/Microsoft.Resources/deployments/mock-deployment/operationStatuses/08586152828833495377?api-version=2019-07-01
  response:
    body:
      string: '{"status":"Running"}'
    headers:
      cache-control:
      - no-cache
      content-length:
      - '20'
      content-type:
      - application/json; charset=utf-8
      date:
      - Wed, 08 Apr 2020 05:35:29 GMT
      expires:
      - '-1'
      pragma:
      - no-cache
      strict-transport-security:
      - max-age=31536000; includeSubDomains
      vary:
      - Accept-Encoding
      x-content-type-options:
      - nosniff
    status:
      code: 200
      message: OK
- request:
    body: null
    headers:
      Accept:
      - application/json
      Accept-Encoding:
      - gzip, deflate
      CommandName:
      - vmss create
      Connection:
      - keep-alive
      ParameterSetName:
      - --image --os-disk-name --admin-username --subnet -l --vm-sku --storage-container-name
        -g --name --load-balancer --ssh-key-value --backend-pool-name --use-unmanaged-disk
      User-Agent:
      - python/3.7.4 (Windows-10-10.0.18362-SP0) msrest/0.6.9 msrest_azure/0.6.3 azure-mgmt-resource/8.0.1
        Azure-SDK-For-Python AZURECLI/2.3.1
    method: GET
    uri: https://management.azure.com/subscriptions/00000000-0000-0000-0000-000000000000/resourcegroups/cli_test_vmss_create_existing_ids000001/providers/Microsoft.Resources/deployments/mock-deployment/operationStatuses/08586152828833495377?api-version=2019-07-01
  response:
    body:
      string: '{"status":"Running"}'
    headers:
      cache-control:
      - no-cache
      content-length:
      - '20'
      content-type:
      - application/json; charset=utf-8
      date:
      - Wed, 08 Apr 2020 05:36:00 GMT
      expires:
      - '-1'
      pragma:
      - no-cache
      strict-transport-security:
      - max-age=31536000; includeSubDomains
      vary:
      - Accept-Encoding
      x-content-type-options:
      - nosniff
    status:
      code: 200
      message: OK
- request:
    body: null
    headers:
      Accept:
      - application/json
      Accept-Encoding:
      - gzip, deflate
      CommandName:
      - vmss create
      Connection:
      - keep-alive
      ParameterSetName:
      - --image --os-disk-name --admin-username --subnet -l --vm-sku --storage-container-name
        -g --name --load-balancer --ssh-key-value --backend-pool-name --use-unmanaged-disk
      User-Agent:
      - python/3.7.4 (Windows-10-10.0.18362-SP0) msrest/0.6.9 msrest_azure/0.6.3 azure-mgmt-resource/8.0.1
        Azure-SDK-For-Python AZURECLI/2.3.1
    method: GET
    uri: https://management.azure.com/subscriptions/00000000-0000-0000-0000-000000000000/resourcegroups/cli_test_vmss_create_existing_ids000001/providers/Microsoft.Resources/deployments/mock-deployment/operationStatuses/08586152828833495377?api-version=2019-07-01
  response:
    body:
      string: '{"status":"Running"}'
    headers:
      cache-control:
      - no-cache
      content-length:
      - '20'
      content-type:
      - application/json; charset=utf-8
      date:
      - Wed, 08 Apr 2020 05:36:31 GMT
      expires:
      - '-1'
      pragma:
      - no-cache
      strict-transport-security:
      - max-age=31536000; includeSubDomains
      vary:
      - Accept-Encoding
      x-content-type-options:
      - nosniff
    status:
      code: 200
      message: OK
- request:
    body: null
    headers:
      Accept:
      - application/json
      Accept-Encoding:
      - gzip, deflate
      CommandName:
      - vmss create
      Connection:
      - keep-alive
      ParameterSetName:
      - --image --os-disk-name --admin-username --subnet -l --vm-sku --storage-container-name
        -g --name --load-balancer --ssh-key-value --backend-pool-name --use-unmanaged-disk
      User-Agent:
      - python/3.7.4 (Windows-10-10.0.18362-SP0) msrest/0.6.9 msrest_azure/0.6.3 azure-mgmt-resource/8.0.1
        Azure-SDK-For-Python AZURECLI/2.3.1
    method: GET
    uri: https://management.azure.com/subscriptions/00000000-0000-0000-0000-000000000000/resourcegroups/cli_test_vmss_create_existing_ids000001/providers/Microsoft.Resources/deployments/mock-deployment/operationStatuses/08586152828833495377?api-version=2019-07-01
  response:
    body:
      string: '{"status":"Running"}'
    headers:
      cache-control:
      - no-cache
      content-length:
      - '20'
      content-type:
      - application/json; charset=utf-8
      date:
      - Wed, 08 Apr 2020 05:37:02 GMT
      expires:
      - '-1'
      pragma:
      - no-cache
      strict-transport-security:
      - max-age=31536000; includeSubDomains
      vary:
      - Accept-Encoding
      x-content-type-options:
      - nosniff
    status:
      code: 200
      message: OK
- request:
    body: null
    headers:
      Accept:
      - application/json
      Accept-Encoding:
      - gzip, deflate
      CommandName:
      - vmss create
      Connection:
      - keep-alive
      ParameterSetName:
      - --image --os-disk-name --admin-username --subnet -l --vm-sku --storage-container-name
        -g --name --load-balancer --ssh-key-value --backend-pool-name --use-unmanaged-disk
      User-Agent:
      - python/3.7.4 (Windows-10-10.0.18362-SP0) msrest/0.6.9 msrest_azure/0.6.3 azure-mgmt-resource/8.0.1
        Azure-SDK-For-Python AZURECLI/2.3.1
    method: GET
    uri: https://management.azure.com/subscriptions/00000000-0000-0000-0000-000000000000/resourcegroups/cli_test_vmss_create_existing_ids000001/providers/Microsoft.Resources/deployments/mock-deployment/operationStatuses/08586152828833495377?api-version=2019-07-01
  response:
    body:
      string: '{"status":"Succeeded"}'
    headers:
      cache-control:
      - no-cache
      content-length:
      - '22'
      content-type:
      - application/json; charset=utf-8
      date:
      - Wed, 08 Apr 2020 05:37:32 GMT
      expires:
      - '-1'
      pragma:
      - no-cache
      strict-transport-security:
      - max-age=31536000; includeSubDomains
      vary:
      - Accept-Encoding
      x-content-type-options:
      - nosniff
    status:
      code: 200
      message: OK
- request:
    body: null
    headers:
      Accept:
      - application/json
      Accept-Encoding:
      - gzip, deflate
      CommandName:
      - vmss create
      Connection:
      - keep-alive
      ParameterSetName:
      - --image --os-disk-name --admin-username --subnet -l --vm-sku --storage-container-name
        -g --name --load-balancer --ssh-key-value --backend-pool-name --use-unmanaged-disk
      User-Agent:
      - python/3.7.4 (Windows-10-10.0.18362-SP0) msrest/0.6.9 msrest_azure/0.6.3 azure-mgmt-resource/8.0.1
        Azure-SDK-For-Python AZURECLI/2.3.1
    method: GET
    uri: https://management.azure.com/subscriptions/00000000-0000-0000-0000-000000000000/resourcegroups/cli_test_vmss_create_existing_ids000001/providers/Microsoft.Resources/deployments/mock-deployment?api-version=2019-07-01
  response:
    body:
      string: '{"id":"/subscriptions/00000000-0000-0000-0000-000000000000/resourceGroups/cli_test_vmss_create_existing_ids000001/providers/Microsoft.Resources/deployments/vmss_deploy_UAMEjBL4rAbsIffqxzxQEALkb8vExgxY","name":"vmss_deploy_UAMEjBL4rAbsIffqxzxQEALkb8vExgxY","type":"Microsoft.Resources/deployments","properties":{"templateHash":"18117812109409182733","parameters":{},"mode":"Incremental","provisioningState":"Succeeded","timestamp":"2020-04-08T05:37:02.3527156Z","duration":"PT3M40.2246169S","correlationId":"18e0ed44-2900-4553-8493-d1e7c8fb175c","providers":[{"namespace":"Microsoft.Compute","resourceTypes":[{"resourceType":"virtualMachineScaleSets","locations":["westus"]}]},{"namespace":"Microsoft.Storage","resourceTypes":[{"resourceType":"storageAccounts","locations":["westus"]}]}],"dependencies":[{"dependsOn":[{"id":"/subscriptions/00000000-0000-0000-0000-000000000000/resourceGroups/cli_test_vmss_create_existing_ids000001/providers/Microsoft.Storage/storageAccounts/vrfvmab380","resourceType":"Microsoft.Storage/storageAccounts","resourceName":"vrfvmab380"},{"id":"/subscriptions/00000000-0000-0000-0000-000000000000/resourceGroups/cli_test_vmss_create_existing_ids000001/providers/Microsoft.Storage/storageAccounts/vrfvmab381","resourceType":"Microsoft.Storage/storageAccounts","resourceName":"vrfvmab381"},{"id":"/subscriptions/00000000-0000-0000-0000-000000000000/resourceGroups/cli_test_vmss_create_existing_ids000001/providers/Microsoft.Storage/storageAccounts/vrfvmab382","resourceType":"Microsoft.Storage/storageAccounts","resourceName":"vrfvmab382"},{"id":"/subscriptions/00000000-0000-0000-0000-000000000000/resourceGroups/cli_test_vmss_create_existing_ids000001/providers/Microsoft.Storage/storageAccounts/vrfvmab383","resourceType":"Microsoft.Storage/storageAccounts","resourceName":"vrfvmab383"},{"id":"/subscriptions/00000000-0000-0000-0000-000000000000/resourceGroups/cli_test_vmss_create_existing_ids000001/providers/Microsoft.Storage/storageAccounts/vrfvmab384","resourceType":"Microsoft.Storage/storageAccounts","resourceName":"vrfvmab384"}],"id":"/subscriptions/00000000-0000-0000-0000-000000000000/resourceGroups/cli_test_vmss_create_existing_ids000001/providers/Microsoft.Compute/virtualMachineScaleSets/vrfvmss","resourceType":"Microsoft.Compute/virtualMachineScaleSets","resourceName":"vrfvmss"}],"outputs":{"vmss":{"type":"Object","value":{"singlePlacementGroup":true,"upgradePolicy":{"mode":"Manual"},"virtualMachineProfile":{"osProfile":{"computerNamePrefix":"vrfvmab38","adminUsername":"ubuntu","linuxConfiguration":{"disablePasswordAuthentication":true,"ssh":{"publicKeys":[{"path":"/home/ubuntu/.ssh/authorized_keys","keyData":"ssh-rsa
        AAAAB3NzaC1yc2EAAAADAQABAAACAQCbIg1guRHbI0lV11wWDt1r2cUdcNd27CJsg+SfgC7miZeubtwUhbsPdhMQsfDyhOWHq1+ZL0M+nJZV63d/1dhmhtgyOqejUwrPlzKhydsbrsdUor+JmNJDdW01v7BXHyuymT8G4s09jCasNOwiufbP/qp72ruu0bIA1nySsvlf9pCQAuFkAnVnf/rFhUlOkhtRpwcq8SUNY2zRHR/EKb/4NWY1JzR4sa3q2fWIJdrrX0DvLoa5g9bIEd4Df79ba7v+yiUBOS0zT2ll+z4g9izHK3EO5d8hL4jYxcjKs+wcslSYRWrascfscLgMlMGh0CdKeNTDjHpGPncaf3Z+FwwwjWeuiNBxv7bJo13/8B/098KlVDl4GZqsoBCEjPyJfV6hO0y/LkRGkk7oHWKgeWAfKtfLItRp00eZ4fcJNK9kCaSMmEugoZWcI7NGbZXzqFWqbpRI7NcDP9+WIQ+i9U5vqWsqd/zng4kbuAJ6UuKqIzB0upYrLShfQE3SAck8oaLhJqqq56VfDuASNpJKidV+zq27HfSBmbXnkR/5AK337dc3MXKJypoK/QPMLKUAP5XLPbs+NddJQV7EZXd29DLgp+fRIg3edpKdO7ZErWhv7d+3Kws+e1Y+ypmR2WIVSwVyBEUfgv2C8Ts9gnTF4pNcEY/S2aBicz5Ew2+jdyGNQQ==
        test@example.com\n"}]},"provisionVMAgent":true},"secrets":[],"allowExtensionOperations":true,"requireGuestProvisionSignal":true},"storageProfile":{"osDisk":{"vhdContainers":["https://vrfvmab380.blob.core.windows.net/vrfcontainer","https://vrfvmab381.blob.core.windows.net/vrfcontainer","https://vrfvmab382.blob.core.windows.net/vrfcontainer","https://vrfvmab383.blob.core.windows.net/vrfcontainer","https://vrfvmab384.blob.core.windows.net/vrfcontainer"],"name":"vrfosdisk","createOption":"FromImage","caching":"ReadWrite"},"imageReference":{"publisher":"OpenLogic","offer":"CentOS","sku":"7.5","version":"latest"}},"networkProfile":{"networkInterfaceConfigurations":[{"name":"vrfvmab38Nic","properties":{"primary":true,"enableAcceleratedNetworking":false,"dnsSettings":{"dnsServers":[]},"enableIPForwarding":false,"ipConfigurations":[{"name":"vrfvmab38IPConfig","properties":{"subnet":{"id":"/subscriptions/00000000-0000-0000-0000-000000000000/resourceGroups/cli_test_vmss_create_existing_ids000001/providers/Microsoft.Network/virtualNetworks/vrfvnet/subnets/vrfsubnet"},"privateIPAddressVersion":"IPv4","loadBalancerBackendAddressPools":[{"id":"/subscriptions/00000000-0000-0000-0000-000000000000/resourceGroups/cli_test_vmss_create_existing_ids000001/providers/Microsoft.Network/loadBalancers/vrflb/backendAddressPools/mybepool"}]}}]}}]}},"provisioningState":"Succeeded","overprovision":true,"doNotRunExtensionsOnOverprovisionedVMs":false,"uniqueId":"40520129-5459-472d-b656-06b22e9cbd59"}}},"outputResources":[{"id":"/subscriptions/00000000-0000-0000-0000-000000000000/resourceGroups/cli_test_vmss_create_existing_ids000001/providers/Microsoft.Compute/virtualMachineScaleSets/vrfvmss"},{"id":"/subscriptions/00000000-0000-0000-0000-000000000000/resourceGroups/cli_test_vmss_create_existing_ids000001/providers/Microsoft.Storage/storageAccounts/vrfvmab380"},{"id":"/subscriptions/00000000-0000-0000-0000-000000000000/resourceGroups/cli_test_vmss_create_existing_ids000001/providers/Microsoft.Storage/storageAccounts/vrfvmab381"},{"id":"/subscriptions/00000000-0000-0000-0000-000000000000/resourceGroups/cli_test_vmss_create_existing_ids000001/providers/Microsoft.Storage/storageAccounts/vrfvmab382"},{"id":"/subscriptions/00000000-0000-0000-0000-000000000000/resourceGroups/cli_test_vmss_create_existing_ids000001/providers/Microsoft.Storage/storageAccounts/vrfvmab383"},{"id":"/subscriptions/00000000-0000-0000-0000-000000000000/resourceGroups/cli_test_vmss_create_existing_ids000001/providers/Microsoft.Storage/storageAccounts/vrfvmab384"}]}}'
    headers:
      cache-control:
      - no-cache
      content-length:
      - '6477'
      content-type:
      - application/json; charset=utf-8
      date:
      - Wed, 08 Apr 2020 05:37:33 GMT
      expires:
      - '-1'
      pragma:
      - no-cache
      strict-transport-security:
      - max-age=31536000; includeSubDomains
      vary:
      - Accept-Encoding
      x-content-type-options:
      - nosniff
    status:
      code: 200
      message: OK
- request:
    body: null
    headers:
      Accept:
      - application/json
      Accept-Encoding:
      - gzip, deflate
      CommandName:
      - vmss show
      Connection:
      - keep-alive
      ParameterSetName:
      - --name -g
      User-Agent:
      - python/3.7.4 (Windows-10-10.0.18362-SP0) msrest/0.6.9 msrest_azure/0.6.3 azure-mgmt-compute/12.0.0
        Azure-SDK-For-Python AZURECLI/2.3.1
      accept-language:
      - en-US
    method: GET
    uri: https://management.azure.com/subscriptions/00000000-0000-0000-0000-000000000000/resourceGroups/cli_test_vmss_create_existing_ids000001/providers/Microsoft.Compute/virtualMachineScaleSets/vrfvmss?api-version=2019-12-01
  response:
    body:
      string: "{\r\n  \"name\": \"vrfvmss\",\r\n  \"id\": \"/subscriptions/00000000-0000-0000-0000-000000000000/resourceGroups/cli_test_vmss_create_existing_ids000001/providers/Microsoft.Compute/virtualMachineScaleSets/vrfvmss\",\r\n
        \ \"type\": \"Microsoft.Compute/virtualMachineScaleSets\",\r\n  \"location\":
        \"westus\",\r\n  \"tags\": {},\r\n  \"sku\": {\r\n    \"name\": \"Standard_A3\",\r\n
        \   \"tier\": \"Standard\",\r\n    \"capacity\": 2\r\n  },\r\n  \"properties\":
        {\r\n    \"singlePlacementGroup\": true,\r\n    \"upgradePolicy\": {\r\n      \"mode\":
        \"Manual\"\r\n    },\r\n    \"virtualMachineProfile\": {\r\n      \"osProfile\":
        {\r\n        \"computerNamePrefix\": \"vrfvmab38\",\r\n        \"adminUsername\":
        \"ubuntu\",\r\n        \"linuxConfiguration\": {\r\n          \"disablePasswordAuthentication\":
        true,\r\n          \"ssh\": {\r\n            \"publicKeys\": [\r\n              {\r\n
        \               \"path\": \"/home/ubuntu/.ssh/authorized_keys\",\r\n                \"keyData\":
        \"ssh-rsa AAAAB3NzaC1yc2EAAAADAQABAAACAQCbIg1guRHbI0lV11wWDt1r2cUdcNd27CJsg+SfgC7miZeubtwUhbsPdhMQsfDyhOWHq1+ZL0M+nJZV63d/1dhmhtgyOqejUwrPlzKhydsbrsdUor+JmNJDdW01v7BXHyuymT8G4s09jCasNOwiufbP/qp72ruu0bIA1nySsvlf9pCQAuFkAnVnf/rFhUlOkhtRpwcq8SUNY2zRHR/EKb/4NWY1JzR4sa3q2fWIJdrrX0DvLoa5g9bIEd4Df79ba7v+yiUBOS0zT2ll+z4g9izHK3EO5d8hL4jYxcjKs+wcslSYRWrascfscLgMlMGh0CdKeNTDjHpGPncaf3Z+FwwwjWeuiNBxv7bJo13/8B/098KlVDl4GZqsoBCEjPyJfV6hO0y/LkRGkk7oHWKgeWAfKtfLItRp00eZ4fcJNK9kCaSMmEugoZWcI7NGbZXzqFWqbpRI7NcDP9+WIQ+i9U5vqWsqd/zng4kbuAJ6UuKqIzB0upYrLShfQE3SAck8oaLhJqqq56VfDuASNpJKidV+zq27HfSBmbXnkR/5AK337dc3MXKJypoK/QPMLKUAP5XLPbs+NddJQV7EZXd29DLgp+fRIg3edpKdO7ZErWhv7d+3Kws+e1Y+ypmR2WIVSwVyBEUfgv2C8Ts9gnTF4pNcEY/S2aBicz5Ew2+jdyGNQQ==
        test@example.com\\n\"\r\n              }\r\n            ]\r\n          },\r\n
        \         \"provisionVMAgent\": true\r\n        },\r\n        \"secrets\":
        [],\r\n        \"allowExtensionOperations\": true,\r\n        \"requireGuestProvisionSignal\":
        true\r\n      },\r\n      \"storageProfile\": {\r\n        \"osDisk\": {\r\n
        \         \"vhdContainers\": [\r\n            \"https://vrfvmab380.blob.core.windows.net/vrfcontainer\",\r\n
        \           \"https://vrfvmab381.blob.core.windows.net/vrfcontainer\",\r\n
        \           \"https://vrfvmab382.blob.core.windows.net/vrfcontainer\",\r\n
        \           \"https://vrfvmab383.blob.core.windows.net/vrfcontainer\",\r\n
        \           \"https://vrfvmab384.blob.core.windows.net/vrfcontainer\"\r\n
        \         ],\r\n          \"name\": \"vrfosdisk\",\r\n          \"createOption\":
        \"FromImage\",\r\n          \"caching\": \"ReadWrite\"\r\n        },\r\n        \"imageReference\":
        {\r\n          \"publisher\": \"OpenLogic\",\r\n          \"offer\": \"CentOS\",\r\n
        \         \"sku\": \"7.5\",\r\n          \"version\": \"latest\"\r\n        }\r\n
        \     },\r\n      \"networkProfile\": {\"networkInterfaceConfigurations\":[{\"name\":\"vrfvmab38Nic\",\"properties\":{\"primary\":true,\"enableAcceleratedNetworking\":false,\"dnsSettings\":{\"dnsServers\":[]},\"enableIPForwarding\":false,\"ipConfigurations\":[{\"name\":\"vrfvmab38IPConfig\",\"properties\":{\"subnet\":{\"id\":\"/subscriptions/00000000-0000-0000-0000-000000000000/resourceGroups/cli_test_vmss_create_existing_ids000001/providers/Microsoft.Network/virtualNetworks/vrfvnet/subnets/vrfsubnet\"},\"privateIPAddressVersion\":\"IPv4\",\"loadBalancerBackendAddressPools\":[{\"id\":\"/subscriptions/00000000-0000-0000-0000-000000000000/resourceGroups/cli_test_vmss_create_existing_ids000001/providers/Microsoft.Network/loadBalancers/vrflb/backendAddressPools/mybepool\"}]}}]}}]}\r\n
        \   },\r\n    \"provisioningState\": \"Succeeded\",\r\n    \"overprovision\":
        true,\r\n    \"doNotRunExtensionsOnOverprovisionedVMs\": false,\r\n    \"uniqueId\":
        \"40520129-5459-472d-b656-06b22e9cbd59\"\r\n  }\r\n}"
    headers:
      cache-control:
      - no-cache
      content-length:
      - '3599'
      content-type:
      - application/json; charset=utf-8
      date:
      - Wed, 08 Apr 2020 05:37:35 GMT
      expires:
      - '-1'
      pragma:
      - no-cache
      server:
      - Microsoft-HTTPAPI/2.0
      - Microsoft-HTTPAPI/2.0
      strict-transport-security:
      - max-age=31536000; includeSubDomains
      transfer-encoding:
      - chunked
      vary:
      - Accept-Encoding
      x-content-type-options:
      - nosniff
      x-ms-ratelimit-remaining-resource:
      - Microsoft.Compute/GetVMScaleSet3Min;392,Microsoft.Compute/GetVMScaleSet30Min;2558
    status:
      code: 200
      message: OK
- request:
    body: null
    headers:
      Accept:
      - application/json
      Accept-Encoding:
      - gzip, deflate
      CommandName:
      - network lb show
      Connection:
      - keep-alive
      ParameterSetName:
      - --name -g
      User-Agent:
      - python/3.7.4 (Windows-10-10.0.18362-SP0) msrest/0.6.9 msrest_azure/0.6.3 azure-mgmt-network/10.0.0
        Azure-SDK-For-Python AZURECLI/2.3.1
      accept-language:
      - en-US
    method: GET
    uri: https://management.azure.com/subscriptions/00000000-0000-0000-0000-000000000000/resourceGroups/cli_test_vmss_create_existing_ids000001/providers/Microsoft.Network/loadBalancers/vrflb?api-version=2020-03-01
  response:
    body:
      string: "{\r\n  \"name\": \"vrflb\",\r\n  \"id\": \"/subscriptions/00000000-0000-0000-0000-000000000000/resourceGroups/cli_test_vmss_create_existing_ids000001/providers/Microsoft.Network/loadBalancers/vrflb\",\r\n
        \ \"etag\": \"W/\\\"c9ae3cd3-bb7f-4824-93c6-61f79bac4a9a\\\"\",\r\n  \"type\":
        \"Microsoft.Network/loadBalancers\",\r\n  \"location\": \"westus\",\r\n  \"tags\":
        {},\r\n  \"properties\": {\r\n    \"provisioningState\": \"Succeeded\",\r\n
        \   \"resourceGuid\": \"21184774-4f00-4949-b592-60609521cf3b\",\r\n    \"frontendIPConfigurations\":
        [\r\n      {\r\n        \"name\": \"LoadBalancerFrontEnd\",\r\n        \"id\":
        \"/subscriptions/00000000-0000-0000-0000-000000000000/resourceGroups/cli_test_vmss_create_existing_ids000001/providers/Microsoft.Network/loadBalancers/vrflb/frontendIPConfigurations/LoadBalancerFrontEnd\",\r\n
        \       \"etag\": \"W/\\\"c9ae3cd3-bb7f-4824-93c6-61f79bac4a9a\\\"\",\r\n
        \       \"type\": \"Microsoft.Network/loadBalancers/frontendIPConfigurations\",\r\n
        \       \"properties\": {\r\n          \"provisioningState\": \"Succeeded\",\r\n
        \         \"privateIPAllocationMethod\": \"Dynamic\",\r\n          \"publicIPAddress\":
        {\r\n            \"id\": \"/subscriptions/00000000-0000-0000-0000-000000000000/resourceGroups/cli_test_vmss_create_existing_ids000001/providers/Microsoft.Network/publicIPAddresses/PublicIPvrflb\"\r\n
        \         },\r\n          \"privateIPAddressVersion\": \"IPv4\"\r\n        }\r\n
        \     }\r\n    ],\r\n    \"backendAddressPools\": [\r\n      {\r\n        \"name\":
        \"mybepool\",\r\n        \"id\": \"/subscriptions/00000000-0000-0000-0000-000000000000/resourceGroups/cli_test_vmss_create_existing_ids000001/providers/Microsoft.Network/loadBalancers/vrflb/backendAddressPools/mybepool\",\r\n
        \       \"etag\": \"W/\\\"c9ae3cd3-bb7f-4824-93c6-61f79bac4a9a\\\"\",\r\n
        \       \"properties\": {\r\n          \"provisioningState\": \"Succeeded\",\r\n
        \         \"backendIPConfigurations\": [\r\n            {\r\n              \"id\":
        \"/subscriptions/00000000-0000-0000-0000-000000000000/resourceGroups/cli_test_vmss_create_existing_ids000001/providers/Microsoft.Compute/virtualMachineScaleSets/vrfvmss/virtualMachines/2/networkInterfaces/vrfvmab38Nic/ipConfigurations/vrfvmab38IPConfig\"\r\n
        \           },\r\n            {\r\n              \"id\": \"/subscriptions/00000000-0000-0000-0000-000000000000/resourceGroups/cli_test_vmss_create_existing_ids000001/providers/Microsoft.Compute/virtualMachineScaleSets/vrfvmss/virtualMachines/3/networkInterfaces/vrfvmab38Nic/ipConfigurations/vrfvmab38IPConfig\"\r\n
        \           },\r\n            {\r\n              \"id\": \"/subscriptions/00000000-0000-0000-0000-000000000000/resourceGroups/cli_test_vmss_create_existing_ids000001/providers/Microsoft.Compute/virtualMachineScaleSets/vrfvmss/virtualMachines/1/networkInterfaces/vrfvmab38Nic/ipConfigurations/vrfvmab38IPConfig\"\r\n
        \           },\r\n            {\r\n              \"id\": \"/subscriptions/00000000-0000-0000-0000-000000000000/resourceGroups/cli_test_vmss_create_existing_ids000001/providers/Microsoft.Compute/virtualMachineScaleSets/vrfvmss/virtualMachines/0/networkInterfaces/vrfvmab38Nic/ipConfigurations/vrfvmab38IPConfig\"\r\n
        \           }\r\n          ]\r\n        },\r\n        \"type\": \"Microsoft.Network/loadBalancers/backendAddressPools\"\r\n
        \     }\r\n    ],\r\n    \"loadBalancingRules\": [],\r\n    \"probes\": [],\r\n
        \   \"inboundNatRules\": [],\r\n    \"inboundNatPools\": []\r\n  },\r\n  \"sku\":
        {\r\n    \"name\": \"Basic\"\r\n  }\r\n}"
    headers:
      cache-control:
      - no-cache
      content-length:
      - '3537'
      content-type:
      - application/json; charset=utf-8
      date:
      - Wed, 08 Apr 2020 05:37:38 GMT
      etag:
      - W/"c9ae3cd3-bb7f-4824-93c6-61f79bac4a9a"
      expires:
      - '-1'
      pragma:
      - no-cache
      server:
      - Microsoft-HTTPAPI/2.0
      - Microsoft-HTTPAPI/2.0
      strict-transport-security:
      - max-age=31536000; includeSubDomains
      transfer-encoding:
      - chunked
      vary:
      - Accept-Encoding
      x-content-type-options:
      - nosniff
      x-ms-arm-service-request-id:
      - 0313a423-c7fb-4ae4-bb5c-b08759033c18
    status:
      code: 200
      message: OK
- request:
    body: null
    headers:
      Accept:
      - application/json
      Accept-Encoding:
      - gzip, deflate
      CommandName:
      - network vnet show
      Connection:
      - keep-alive
      ParameterSetName:
      - --name -g
      User-Agent:
      - python/3.7.4 (Windows-10-10.0.18362-SP0) msrest/0.6.9 msrest_azure/0.6.3 azure-mgmt-network/10.0.0
        Azure-SDK-For-Python AZURECLI/2.3.1
      accept-language:
      - en-US
    method: GET
    uri: https://management.azure.com/subscriptions/00000000-0000-0000-0000-000000000000/resourceGroups/cli_test_vmss_create_existing_ids000001/providers/Microsoft.Network/virtualNetworks/vrfvnet?api-version=2020-03-01
  response:
    body:
      string: "{\r\n  \"name\": \"vrfvnet\",\r\n  \"id\": \"/subscriptions/00000000-0000-0000-0000-000000000000/resourceGroups/cli_test_vmss_create_existing_ids000001/providers/Microsoft.Network/virtualNetworks/vrfvnet\",\r\n
        \ \"etag\": \"W/\\\"ca27e442-72ac-4059-9632-87e7abe37348\\\"\",\r\n  \"type\":
        \"Microsoft.Network/virtualNetworks\",\r\n  \"location\": \"westus\",\r\n
        \ \"tags\": {},\r\n  \"properties\": {\r\n    \"provisioningState\": \"Succeeded\",\r\n
        \   \"resourceGuid\": \"78a457dc-28e5-41f1-9b5f-6d0bf0e95f94\",\r\n    \"addressSpace\":
        {\r\n      \"addressPrefixes\": [\r\n        \"10.0.0.0/16\"\r\n      ]\r\n
        \   },\r\n    \"dhcpOptions\": {\r\n      \"dnsServers\": []\r\n    },\r\n
        \   \"subnets\": [\r\n      {\r\n        \"name\": \"vrfsubnet\",\r\n        \"id\":
        \"/subscriptions/00000000-0000-0000-0000-000000000000/resourceGroups/cli_test_vmss_create_existing_ids000001/providers/Microsoft.Network/virtualNetworks/vrfvnet/subnets/vrfsubnet\",\r\n
        \       \"etag\": \"W/\\\"ca27e442-72ac-4059-9632-87e7abe37348\\\"\",\r\n
        \       \"properties\": {\r\n          \"provisioningState\": \"Succeeded\",\r\n
        \         \"addressPrefix\": \"10.0.0.0/24\",\r\n          \"ipConfigurations\":
        [\r\n            {\r\n              \"id\": \"/subscriptions/00000000-0000-0000-0000-000000000000/resourceGroups/cli_test_vmss_create_existing_ids000001/providers/Microsoft.Compute/virtualMachineScaleSets/vrfvmss/virtualMachines/0/networkInterfaces/vrfvmab38Nic/ipConfigurations/vrfvmab38IPConfig\"\r\n
        \           },\r\n            {\r\n              \"id\": \"/subscriptions/00000000-0000-0000-0000-000000000000/resourceGroups/cli_test_vmss_create_existing_ids000001/providers/Microsoft.Compute/virtualMachineScaleSets/vrfvmss/virtualMachines/1/networkInterfaces/vrfvmab38Nic/ipConfigurations/vrfvmab38IPConfig\"\r\n
        \           },\r\n            {\r\n              \"id\": \"/subscriptions/00000000-0000-0000-0000-000000000000/resourceGroups/cli_test_vmss_create_existing_ids000001/providers/Microsoft.Compute/virtualMachineScaleSets/vrfvmss/virtualMachines/2/networkInterfaces/vrfvmab38Nic/ipConfigurations/vrfvmab38IPConfig\"\r\n
        \           },\r\n            {\r\n              \"id\": \"/subscriptions/00000000-0000-0000-0000-000000000000/resourceGroups/cli_test_vmss_create_existing_ids000001/providers/Microsoft.Compute/virtualMachineScaleSets/vrfvmss/virtualMachines/3/networkInterfaces/vrfvmab38Nic/ipConfigurations/vrfvmab38IPConfig\"\r\n
        \           }\r\n          ],\r\n          \"delegations\": [],\r\n          \"privateEndpointNetworkPolicies\":
        \"Enabled\",\r\n          \"privateLinkServiceNetworkPolicies\": \"Enabled\"\r\n
        \       },\r\n        \"type\": \"Microsoft.Network/virtualNetworks/subnets\"\r\n
        \     }\r\n    ],\r\n    \"virtualNetworkPeerings\": [],\r\n    \"enableDdosProtection\":
        false,\r\n    \"enableVmProtection\": false\r\n  }\r\n}"
    headers:
      cache-control:
      - no-cache
      content-length:
      - '2859'
      content-type:
      - application/json; charset=utf-8
      date:
      - Wed, 08 Apr 2020 05:37:39 GMT
      etag:
      - W/"ca27e442-72ac-4059-9632-87e7abe37348"
      expires:
      - '-1'
      pragma:
      - no-cache
      server:
      - Microsoft-HTTPAPI/2.0
      - Microsoft-HTTPAPI/2.0
      strict-transport-security:
      - max-age=31536000; includeSubDomains
      transfer-encoding:
      - chunked
      vary:
      - Accept-Encoding
      x-content-type-options:
      - nosniff
      x-ms-arm-service-request-id:
      - f1f795e7-e6b3-4efd-9442-d7c1ee64ceb9
    status:
      code: 200
      message: OK
version: 1
