interactions:
- request:
    body: null
    headers:
      Accept:
      - application/json
      Accept-Encoding:
      - gzip, deflate
      CommandName:
      - sig create
      Connection:
      - keep-alive
      ParameterSetName:
      - -g --gallery-name
      User-Agent:
      - python/3.7.4 (Windows-10-10.0.19041-SP0) msrest/0.6.18 msrest_azure/0.6.3
        azure-mgmt-resource/10.2.0 Azure-SDK-For-Python AZURECLI/2.11.1
      accept-language:
      - en-US
    method: GET
    uri: https://management.azure.com/subscriptions/00000000-0000-0000-0000-000000000000/resourcegroups/cli_test_gallery_specialized_000001?api-version=2020-06-01
  response:
    body:
      string: '{"id":"/subscriptions/00000000-0000-0000-0000-000000000000/resourceGroups/cli_test_gallery_specialized_000001","name":"cli_test_gallery_specialized_000001","type":"Microsoft.Resources/resourceGroups","location":"eastus2","tags":{"product":"azurecli","cause":"automation","date":"2020-09-03T03:20:07Z"},"properties":{"provisioningState":"Succeeded"}}'
    headers:
      cache-control:
      - no-cache
      content-length:
      - '429'
      content-type:
      - application/json; charset=utf-8
      date:
      - Thu, 03 Sep 2020 03:20:09 GMT
      expires:
      - '-1'
      pragma:
      - no-cache
      strict-transport-security:
      - max-age=31536000; includeSubDomains
      vary:
      - Accept-Encoding
      x-content-type-options:
      - nosniff
    status:
      code: 200
      message: OK
- request:
    body: '{"location": "eastus2", "tags": {}}'
    headers:
      Accept:
      - application/json
      Accept-Encoding:
      - gzip, deflate
      CommandName:
      - sig create
      Connection:
      - keep-alive
      Content-Length:
      - '35'
      Content-Type:
      - application/json; charset=utf-8
      ParameterSetName:
      - -g --gallery-name
      User-Agent:
      - python/3.7.4 (Windows-10-10.0.19041-SP0) msrest/0.6.18 msrest_azure/0.6.3
        azure-mgmt-compute/13.0.0 Azure-SDK-For-Python AZURECLI/2.11.1
      accept-language:
      - en-US
    method: PUT
    uri: https://management.azure.com/subscriptions/00000000-0000-0000-0000-000000000000/resourceGroups/cli_test_gallery_specialized_000001/providers/Microsoft.Compute/galleries/gallery_000002?api-version=2019-12-01
  response:
    body:
      string: "{\r\n  \"name\": \"gallery_000002\",\r\n  \"id\": \"/subscriptions/00000000-0000-0000-0000-000000000000/resourceGroups/cli_test_gallery_specialized_000001/providers/Microsoft.Compute/galleries/gallery_000002\",\r\n
        \ \"type\": \"Microsoft.Compute/galleries\",\r\n  \"location\": \"eastus2\",\r\n
        \ \"tags\": {},\r\n  \"properties\": {\r\n    \"identifier\": {\r\n      \"uniqueName\":
        \"0b1f6471-1bf0-4dda-aec3-cb9272f09590-GALLERY_IWL3HLKDDK2H\"\r\n    },\r\n
        \   \"provisioningState\": \"Creating\"\r\n  }\r\n}"
    headers:
      azure-asyncoperation:
      - https://management.azure.com/subscriptions/00000000-0000-0000-0000-000000000000/providers/Microsoft.Compute/locations/eastus2/capsOperations/f2c9fdf3-6b7b-482e-b909-d6585d891de3?api-version=2019-12-01
      cache-control:
      - no-cache
      content-length:
      - '507'
      content-type:
      - application/json; charset=utf-8
      date:
      - Thu, 03 Sep 2020 03:20:17 GMT
      expires:
      - '-1'
      pragma:
      - no-cache
      server:
      - Microsoft-HTTPAPI/2.0
      - Microsoft-HTTPAPI/2.0
      strict-transport-security:
      - max-age=31536000; includeSubDomains
      x-content-type-options:
      - nosniff
      x-ms-ratelimit-remaining-resource:
      - Microsoft.Compute/CreateUpdateGallery3Min;49,Microsoft.Compute/CreateUpdateGallery30Min;299
      x-ms-ratelimit-remaining-subscription-writes:
      - '1198'
    status:
      code: 201
      message: Created
- request:
    body: null
    headers:
      Accept:
      - application/json
      Accept-Encoding:
      - gzip, deflate
      CommandName:
      - sig create
      Connection:
      - keep-alive
      ParameterSetName:
      - -g --gallery-name
      User-Agent:
      - python/3.7.4 (Windows-10-10.0.19041-SP0) msrest/0.6.18 msrest_azure/0.6.3
        azure-mgmt-compute/13.0.0 Azure-SDK-For-Python AZURECLI/2.11.1
    method: GET
    uri: https://management.azure.com/subscriptions/00000000-0000-0000-0000-000000000000/providers/Microsoft.Compute/locations/eastus2/capsOperations/f2c9fdf3-6b7b-482e-b909-d6585d891de3?api-version=2019-12-01
  response:
    body:
      string: "{\r\n  \"startTime\": \"2020-09-03T03:20:16.3787494+00:00\",\r\n  \"endTime\":
        \"2020-09-03T03:20:16.9568557+00:00\",\r\n  \"status\": \"Succeeded\",\r\n
        \ \"name\": \"f2c9fdf3-6b7b-482e-b909-d6585d891de3\"\r\n}"
    headers:
      cache-control:
      - no-cache
      content-length:
      - '184'
      content-type:
      - application/json; charset=utf-8
      date:
      - Thu, 03 Sep 2020 03:20:48 GMT
      expires:
      - '-1'
      pragma:
      - no-cache
      server:
      - Microsoft-HTTPAPI/2.0
      - Microsoft-HTTPAPI/2.0
      strict-transport-security:
      - max-age=31536000; includeSubDomains
      transfer-encoding:
      - chunked
      vary:
      - Accept-Encoding
      x-content-type-options:
      - nosniff
      x-ms-ratelimit-remaining-resource:
      - Microsoft.Compute/GetOperationStatus3Min;1198,Microsoft.Compute/GetOperationStatus30Min;2398
    status:
      code: 200
      message: OK
- request:
    body: null
    headers:
      Accept:
      - application/json
      Accept-Encoding:
      - gzip, deflate
      CommandName:
      - sig create
      Connection:
      - keep-alive
      ParameterSetName:
      - -g --gallery-name
      User-Agent:
      - python/3.7.4 (Windows-10-10.0.19041-SP0) msrest/0.6.18 msrest_azure/0.6.3
        azure-mgmt-compute/13.0.0 Azure-SDK-For-Python AZURECLI/2.11.1
    method: GET
    uri: https://management.azure.com/subscriptions/00000000-0000-0000-0000-000000000000/resourceGroups/cli_test_gallery_specialized_000001/providers/Microsoft.Compute/galleries/gallery_000002?api-version=2019-12-01
  response:
    body:
      string: "{\r\n  \"name\": \"gallery_000002\",\r\n  \"id\": \"/subscriptions/00000000-0000-0000-0000-000000000000/resourceGroups/cli_test_gallery_specialized_000001/providers/Microsoft.Compute/galleries/gallery_000002\",\r\n
        \ \"type\": \"Microsoft.Compute/galleries\",\r\n  \"location\": \"eastus2\",\r\n
        \ \"tags\": {},\r\n  \"properties\": {\r\n    \"identifier\": {\r\n      \"uniqueName\":
        \"0b1f6471-1bf0-4dda-aec3-cb9272f09590-GALLERY_IWL3HLKDDK2H\"\r\n    },\r\n
        \   \"provisioningState\": \"Succeeded\"\r\n  }\r\n}"
    headers:
      cache-control:
      - no-cache
      content-length:
      - '508'
      content-type:
      - application/json; charset=utf-8
      date:
      - Thu, 03 Sep 2020 03:20:48 GMT
      expires:
      - '-1'
      pragma:
      - no-cache
      server:
      - Microsoft-HTTPAPI/2.0
      - Microsoft-HTTPAPI/2.0
      strict-transport-security:
      - max-age=31536000; includeSubDomains
      transfer-encoding:
      - chunked
      vary:
      - Accept-Encoding
      x-content-type-options:
      - nosniff
      x-ms-ratelimit-remaining-resource:
      - Microsoft.Compute/GetGallery3Min;346,Microsoft.Compute/GetGallery30Min;2496
    status:
      code: 200
      message: OK
- request:
    body: null
    headers:
      Accept:
      - application/json
      Accept-Encoding:
      - gzip, deflate
      CommandName:
      - sig image-definition create
      Connection:
      - keep-alive
      ParameterSetName:
      - -g --gallery-name --gallery-image-definition --os-type --os-state --hyper-v-generation
        -p -f -s
      User-Agent:
      - python/3.7.4 (Windows-10-10.0.19041-SP0) msrest/0.6.18 msrest_azure/0.6.3
        azure-mgmt-resource/10.2.0 Azure-SDK-For-Python AZURECLI/2.11.1
      accept-language:
      - en-US
    method: GET
    uri: https://management.azure.com/subscriptions/00000000-0000-0000-0000-000000000000/resourcegroups/cli_test_gallery_specialized_000001?api-version=2020-06-01
  response:
    body:
      string: '{"id":"/subscriptions/00000000-0000-0000-0000-000000000000/resourceGroups/cli_test_gallery_specialized_000001","name":"cli_test_gallery_specialized_000001","type":"Microsoft.Resources/resourceGroups","location":"eastus2","tags":{"product":"azurecli","cause":"automation","date":"2020-09-03T03:20:07Z"},"properties":{"provisioningState":"Succeeded"}}'
    headers:
      cache-control:
      - no-cache
      content-length:
      - '429'
      content-type:
      - application/json; charset=utf-8
      date:
      - Thu, 03 Sep 2020 03:20:49 GMT
      expires:
      - '-1'
      pragma:
      - no-cache
      strict-transport-security:
      - max-age=31536000; includeSubDomains
      vary:
      - Accept-Encoding
      x-content-type-options:
      - nosniff
    status:
      code: 200
      message: OK
- request:
    body: '{"location": "eastus2", "tags": {}, "properties": {"osType": "Linux", "osState":
      "Specialized", "hyperVGeneration": "V2", "identifier": {"publisher": "publisher1",
      "offer": "offer1", "sku": "sku1"}, "disallowed": {}}}'
    headers:
      Accept:
      - application/json
      Accept-Encoding:
      - gzip, deflate
      CommandName:
      - sig image-definition create
      Connection:
      - keep-alive
      Content-Length:
      - '217'
      Content-Type:
      - application/json; charset=utf-8
      ParameterSetName:
      - -g --gallery-name --gallery-image-definition --os-type --os-state --hyper-v-generation
        -p -f -s
      User-Agent:
      - python/3.7.4 (Windows-10-10.0.19041-SP0) msrest/0.6.18 msrest_azure/0.6.3
        azure-mgmt-compute/13.0.0 Azure-SDK-For-Python AZURECLI/2.11.1
      accept-language:
      - en-US
    method: PUT
    uri: https://management.azure.com/subscriptions/00000000-0000-0000-0000-000000000000/resourceGroups/cli_test_gallery_specialized_000001/providers/Microsoft.Compute/galleries/gallery_000002/images/image1?api-version=2019-12-01
  response:
    body:
      string: "{\r\n  \"name\": \"image1\",\r\n  \"id\": \"/subscriptions/00000000-0000-0000-0000-000000000000/resourceGroups/cli_test_gallery_specialized_000001/providers/Microsoft.Compute/galleries/gallery_000002/images/image1\",\r\n
        \ \"type\": \"Microsoft.Compute/galleries/images\",\r\n  \"location\": \"eastus2\",\r\n
        \ \"tags\": {},\r\n  \"properties\": {\r\n    \"hyperVGeneration\": \"V2\",\r\n
        \   \"osType\": \"Linux\",\r\n    \"osState\": \"Specialized\",\r\n    \"identifier\":
        {\r\n      \"publisher\": \"publisher1\",\r\n      \"offer\": \"offer1\",\r\n
        \     \"sku\": \"sku1\"\r\n    },\r\n    \"provisioningState\": \"Creating\"\r\n
        \ }\r\n}"
    headers:
      azure-asyncoperation:
      - https://management.azure.com/subscriptions/00000000-0000-0000-0000-000000000000/providers/Microsoft.Compute/locations/eastus2/capsOperations/f2368e9f-5790-4dce-a7d7-49fa2410cd4b?api-version=2019-12-01
      cache-control:
      - no-cache
      content-length:
      - '600'
      content-type:
      - application/json; charset=utf-8
      date:
      - Thu, 03 Sep 2020 03:20:58 GMT
      expires:
      - '-1'
      pragma:
      - no-cache
      server:
      - Microsoft-HTTPAPI/2.0
      - Microsoft-HTTPAPI/2.0
      strict-transport-security:
      - max-age=31536000; includeSubDomains
      x-content-type-options:
      - nosniff
      x-ms-ratelimit-remaining-resource:
      - Microsoft.Compute/CreateUpdateGalleryImage3Min;149,Microsoft.Compute/CreateUpdateGalleryImage30Min;749
      x-ms-ratelimit-remaining-subscription-writes:
      - '1196'
    status:
      code: 201
      message: Created
- request:
    body: null
    headers:
      Accept:
      - application/json
      Accept-Encoding:
      - gzip, deflate
      CommandName:
      - sig image-definition create
      Connection:
      - keep-alive
      ParameterSetName:
      - -g --gallery-name --gallery-image-definition --os-type --os-state --hyper-v-generation
        -p -f -s
      User-Agent:
      - python/3.7.4 (Windows-10-10.0.19041-SP0) msrest/0.6.18 msrest_azure/0.6.3
        azure-mgmt-compute/13.0.0 Azure-SDK-For-Python AZURECLI/2.11.1
    method: GET
    uri: https://management.azure.com/subscriptions/00000000-0000-0000-0000-000000000000/providers/Microsoft.Compute/locations/eastus2/capsOperations/f2368e9f-5790-4dce-a7d7-49fa2410cd4b?api-version=2019-12-01
  response:
    body:
      string: "{\r\n  \"startTime\": \"2020-09-03T03:20:57.6758864+00:00\",\r\n  \"endTime\":
        \"2020-09-03T03:20:57.8790113+00:00\",\r\n  \"status\": \"Succeeded\",\r\n
        \ \"name\": \"f2368e9f-5790-4dce-a7d7-49fa2410cd4b\"\r\n}"
    headers:
      cache-control:
      - no-cache
      content-length:
      - '184'
      content-type:
      - application/json; charset=utf-8
      date:
      - Thu, 03 Sep 2020 03:21:29 GMT
      expires:
      - '-1'
      pragma:
      - no-cache
      server:
      - Microsoft-HTTPAPI/2.0
      - Microsoft-HTTPAPI/2.0
      strict-transport-security:
      - max-age=31536000; includeSubDomains
      transfer-encoding:
      - chunked
      vary:
      - Accept-Encoding
      x-content-type-options:
      - nosniff
      x-ms-ratelimit-remaining-resource:
      - Microsoft.Compute/GetOperationStatus3Min;1196,Microsoft.Compute/GetOperationStatus30Min;2396
    status:
      code: 200
      message: OK
- request:
    body: null
    headers:
      Accept:
      - application/json
      Accept-Encoding:
      - gzip, deflate
      CommandName:
      - sig image-definition create
      Connection:
      - keep-alive
      ParameterSetName:
      - -g --gallery-name --gallery-image-definition --os-type --os-state --hyper-v-generation
        -p -f -s
      User-Agent:
      - python/3.7.4 (Windows-10-10.0.19041-SP0) msrest/0.6.18 msrest_azure/0.6.3
        azure-mgmt-compute/13.0.0 Azure-SDK-For-Python AZURECLI/2.11.1
    method: GET
    uri: https://management.azure.com/subscriptions/00000000-0000-0000-0000-000000000000/resourceGroups/cli_test_gallery_specialized_000001/providers/Microsoft.Compute/galleries/gallery_000002/images/image1?api-version=2019-12-01
  response:
    body:
      string: "{\r\n  \"name\": \"image1\",\r\n  \"id\": \"/subscriptions/00000000-0000-0000-0000-000000000000/resourceGroups/cli_test_gallery_specialized_000001/providers/Microsoft.Compute/galleries/gallery_000002/images/image1\",\r\n
        \ \"type\": \"Microsoft.Compute/galleries/images\",\r\n  \"location\": \"eastus2\",\r\n
        \ \"tags\": {},\r\n  \"properties\": {\r\n    \"hyperVGeneration\": \"V2\",\r\n
        \   \"osType\": \"Linux\",\r\n    \"osState\": \"Specialized\",\r\n    \"identifier\":
        {\r\n      \"publisher\": \"publisher1\",\r\n      \"offer\": \"offer1\",\r\n
        \     \"sku\": \"sku1\"\r\n    },\r\n    \"provisioningState\": \"Succeeded\"\r\n
        \ }\r\n}"
    headers:
      cache-control:
      - no-cache
      content-length:
      - '601'
      content-type:
      - application/json; charset=utf-8
      date:
      - Thu, 03 Sep 2020 03:21:30 GMT
      expires:
      - '-1'
      pragma:
      - no-cache
      server:
      - Microsoft-HTTPAPI/2.0
      - Microsoft-HTTPAPI/2.0
      strict-transport-security:
      - max-age=31536000; includeSubDomains
      transfer-encoding:
      - chunked
      vary:
      - Accept-Encoding
      x-content-type-options:
      - nosniff
      x-ms-ratelimit-remaining-resource:
      - Microsoft.Compute/GetGalleryImage3Min;596,Microsoft.Compute/GetGalleryImage30Min;2996
    status:
      code: 200
      message: OK
- request:
    body: null
    headers:
      Accept:
      - application/json
      Accept-Encoding:
      - gzip, deflate
      CommandName:
      - disk create
      Connection:
      - keep-alive
      ParameterSetName:
      - -g -n --size-gb
      User-Agent:
      - python/3.7.4 (Windows-10-10.0.19041-SP0) msrest/0.6.18 msrest_azure/0.6.3
        azure-mgmt-resource/10.2.0 Azure-SDK-For-Python AZURECLI/2.11.1
      accept-language:
      - en-US
    method: GET
    uri: https://management.azure.com/subscriptions/00000000-0000-0000-0000-000000000000/resourcegroups/cli_test_gallery_specialized_000001?api-version=2020-06-01
  response:
    body:
      string: '{"id":"/subscriptions/00000000-0000-0000-0000-000000000000/resourceGroups/cli_test_gallery_specialized_000001","name":"cli_test_gallery_specialized_000001","type":"Microsoft.Resources/resourceGroups","location":"eastus2","tags":{"product":"azurecli","cause":"automation","date":"2020-09-03T03:20:07Z"},"properties":{"provisioningState":"Succeeded"}}'
    headers:
      cache-control:
      - no-cache
      content-length:
      - '429'
      content-type:
      - application/json; charset=utf-8
      date:
      - Thu, 03 Sep 2020 03:21:31 GMT
      expires:
      - '-1'
      pragma:
      - no-cache
      strict-transport-security:
      - max-age=31536000; includeSubDomains
      vary:
      - Accept-Encoding
      x-content-type-options:
      - nosniff
    status:
      code: 200
      message: OK
- request:
    body: '{"location": "eastus2", "tags": {}, "sku": {"name": "Premium_LRS"}, "properties":
      {"hyperVGeneration": "V1", "creationData": {"createOption": "Empty"}, "diskSizeGB":
      10}}'
    headers:
      Accept:
      - application/json
      Accept-Encoding:
      - gzip, deflate
      CommandName:
      - disk create
      Connection:
      - keep-alive
      Content-Length:
      - '170'
      Content-Type:
      - application/json; charset=utf-8
      ParameterSetName:
      - -g -n --size-gb
      User-Agent:
      - python/3.7.4 (Windows-10-10.0.19041-SP0) msrest/0.6.18 msrest_azure/0.6.3
        azure-mgmt-compute/13.0.0 Azure-SDK-For-Python AZURECLI/2.11.1
      accept-language:
      - en-US
    method: PUT
    uri: https://management.azure.com/subscriptions/00000000-0000-0000-0000-000000000000/resourceGroups/cli_test_gallery_specialized_000001/providers/Microsoft.Compute/disks/d1?api-version=2020-06-30
  response:
    body:
      string: "{\r\n  \"name\": \"d1\",\r\n  \"location\": \"eastus2\",\r\n  \"tags\":
        {},\r\n  \"sku\": {\r\n    \"name\": \"Premium_LRS\"\r\n  },\r\n  \"properties\":
        {\r\n    \"hyperVGeneration\": \"V1\",\r\n    \"creationData\": {\r\n      \"createOption\":
        \"Empty\"\r\n    },\r\n    \"diskSizeGB\": 10,\r\n    \"provisioningState\":
        \"Updating\",\r\n    \"isArmResource\": true,\r\n    \"tier\": \"P3\"\r\n
        \ }\r\n}"
    headers:
      azure-asyncoperation:
      - https://management.azure.com/subscriptions/00000000-0000-0000-0000-000000000000/providers/Microsoft.Compute/locations/eastus2/DiskOperations/47ce8e7d-cc51-408c-b2ca-634e4d743e6c?api-version=2020-06-30
      cache-control:
      - no-cache
      content-length:
      - '331'
      content-type:
      - application/json; charset=utf-8
      date:
      - Thu, 03 Sep 2020 03:21:38 GMT
      expires:
      - '-1'
      location:
      - https://management.azure.com/subscriptions/00000000-0000-0000-0000-000000000000/providers/Microsoft.Compute/locations/eastus2/DiskOperations/47ce8e7d-cc51-408c-b2ca-634e4d743e6c?monitor=true&api-version=2020-06-30
      pragma:
      - no-cache
      server:
      - Microsoft-HTTPAPI/2.0
      - Microsoft-HTTPAPI/2.0
      strict-transport-security:
      - max-age=31536000; includeSubDomains
      x-content-type-options:
      - nosniff
      x-ms-ratelimit-remaining-resource:
      - Microsoft.Compute/CreateUpdateDisks3Min;997,Microsoft.Compute/CreateUpdateDisks30Min;7997
      x-ms-ratelimit-remaining-subscription-writes:
      - '1199'
    status:
      code: 202
      message: Accepted
- request:
    body: null
    headers:
      Accept:
      - application/json
      Accept-Encoding:
      - gzip, deflate
      CommandName:
      - disk create
      Connection:
      - keep-alive
      ParameterSetName:
      - -g -n --size-gb
      User-Agent:
      - python/3.7.4 (Windows-10-10.0.19041-SP0) msrest/0.6.18 msrest_azure/0.6.3
        azure-mgmt-compute/13.0.0 Azure-SDK-For-Python AZURECLI/2.11.1
    method: GET
    uri: https://management.azure.com/subscriptions/00000000-0000-0000-0000-000000000000/providers/Microsoft.Compute/locations/eastus2/DiskOperations/47ce8e7d-cc51-408c-b2ca-634e4d743e6c?api-version=2020-06-30
  response:
    body:
      string: "{\r\n  \"startTime\": \"2020-09-03T03:21:39.0777154+00:00\",\r\n  \"endTime\":
        \"2020-09-03T03:21:39.2183407+00:00\",\r\n  \"status\": \"Succeeded\",\r\n
        \ \"properties\": {\r\n    \"output\": {\r\n  \"name\": \"d1\",\r\n  \"id\":
        \"/subscriptions/00000000-0000-0000-0000-000000000000/resourceGroups/cli_test_gallery_specialized_000001/providers/Microsoft.Compute/disks/d1\",\r\n
        \ \"type\": \"Microsoft.Compute/disks\",\r\n  \"location\": \"eastus2\",\r\n
        \ \"tags\": {},\r\n  \"sku\": {\r\n    \"name\": \"Premium_LRS\",\r\n    \"tier\":
        \"Premium\"\r\n  },\r\n  \"properties\": {\r\n    \"hyperVGeneration\": \"V1\",\r\n
        \   \"creationData\": {\r\n      \"createOption\": \"Empty\"\r\n    },\r\n
        \   \"diskSizeGB\": 10,\r\n    \"diskIOPSReadWrite\": 120,\r\n    \"diskMBpsReadWrite\":
        25,\r\n    \"encryption\": {\r\n      \"type\": \"EncryptionAtRestWithPlatformKey\"\r\n
        \   },\r\n    \"timeCreated\": \"2020-09-03T03:21:39.0933444+00:00\",\r\n
        \   \"provisioningState\": \"Succeeded\",\r\n    \"diskState\": \"Unattached\",\r\n
        \   \"diskSizeBytes\": 10737418240,\r\n    \"uniqueId\": \"437be7fc-ecc7-4ed3-949d-e98f881a8a2a\",\r\n
        \   \"networkAccessPolicy\": \"AllowAll\",\r\n    \"tier\": \"P3\"\r\n  }\r\n}\r\n
        \ },\r\n  \"name\": \"47ce8e7d-cc51-408c-b2ca-634e4d743e6c\"\r\n}"
    headers:
      cache-control:
      - no-cache
      content-length:
      - '1143'
      content-type:
      - application/json; charset=utf-8
      date:
      - Thu, 03 Sep 2020 03:21:41 GMT
      expires:
      - '-1'
      pragma:
      - no-cache
      server:
      - Microsoft-HTTPAPI/2.0
      - Microsoft-HTTPAPI/2.0
      strict-transport-security:
      - max-age=31536000; includeSubDomains
      transfer-encoding:
      - chunked
      vary:
      - Accept-Encoding
      x-content-type-options:
      - nosniff
      x-ms-ratelimit-remaining-resource:
      - Microsoft.Compute/GetOperation3Min;49988,Microsoft.Compute/GetOperation30Min;399988
    status:
      code: 200
      message: OK
- request:
    body: null
    headers:
      Accept:
      - application/json
      Accept-Encoding:
      - gzip, deflate
      CommandName:
      - disk create
      Connection:
      - keep-alive
      ParameterSetName:
      - -g -n --size-gb
      User-Agent:
      - python/3.7.4 (Windows-10-10.0.19041-SP0) msrest/0.6.18 msrest_azure/0.6.3
        azure-mgmt-compute/13.0.0 Azure-SDK-For-Python AZURECLI/2.11.1
    method: GET
    uri: https://management.azure.com/subscriptions/00000000-0000-0000-0000-000000000000/resourceGroups/cli_test_gallery_specialized_000001/providers/Microsoft.Compute/disks/d1?api-version=2020-06-30
  response:
    body:
      string: "{\r\n  \"name\": \"d1\",\r\n  \"id\": \"/subscriptions/00000000-0000-0000-0000-000000000000/resourceGroups/cli_test_gallery_specialized_000001/providers/Microsoft.Compute/disks/d1\",\r\n
        \ \"type\": \"Microsoft.Compute/disks\",\r\n  \"location\": \"eastus2\",\r\n
        \ \"tags\": {},\r\n  \"sku\": {\r\n    \"name\": \"Premium_LRS\",\r\n    \"tier\":
        \"Premium\"\r\n  },\r\n  \"properties\": {\r\n    \"hyperVGeneration\": \"V1\",\r\n
        \   \"creationData\": {\r\n      \"createOption\": \"Empty\"\r\n    },\r\n
        \   \"diskSizeGB\": 10,\r\n    \"diskIOPSReadWrite\": 120,\r\n    \"diskMBpsReadWrite\":
        25,\r\n    \"encryption\": {\r\n      \"type\": \"EncryptionAtRestWithPlatformKey\"\r\n
        \   },\r\n    \"timeCreated\": \"2020-09-03T03:21:39.0933444+00:00\",\r\n
        \   \"provisioningState\": \"Succeeded\",\r\n    \"diskState\": \"Unattached\",\r\n
        \   \"diskSizeBytes\": 10737418240,\r\n    \"uniqueId\": \"437be7fc-ecc7-4ed3-949d-e98f881a8a2a\",\r\n
        \   \"networkAccessPolicy\": \"AllowAll\",\r\n    \"tier\": \"P3\"\r\n  }\r\n}"
    headers:
      cache-control:
      - no-cache
      content-length:
      - '918'
      content-type:
      - application/json; charset=utf-8
      date:
      - Thu, 03 Sep 2020 03:21:41 GMT
      expires:
      - '-1'
      pragma:
      - no-cache
      server:
      - Microsoft-HTTPAPI/2.0
      - Microsoft-HTTPAPI/2.0
      strict-transport-security:
      - max-age=31536000; includeSubDomains
      transfer-encoding:
      - chunked
      vary:
      - Accept-Encoding
      x-content-type-options:
      - nosniff
      x-ms-ratelimit-remaining-resource:
      - Microsoft.Compute/LowCostGet3Min;4987,Microsoft.Compute/LowCostGet30Min;39987
    status:
      code: 200
      message: OK
- request:
    body: null
    headers:
      Accept:
      - application/json
      Accept-Encoding:
      - gzip, deflate
      CommandName:
      - disk create
      Connection:
      - keep-alive
      ParameterSetName:
      - -g -n --size-gb
      User-Agent:
      - python/3.7.4 (Windows-10-10.0.19041-SP0) msrest/0.6.18 msrest_azure/0.6.3
        azure-mgmt-resource/10.2.0 Azure-SDK-For-Python AZURECLI/2.11.1
      accept-language:
      - en-US
    method: GET
    uri: https://management.azure.com/subscriptions/00000000-0000-0000-0000-000000000000/resourcegroups/cli_test_gallery_specialized_000001?api-version=2020-06-01
  response:
    body:
      string: '{"id":"/subscriptions/00000000-0000-0000-0000-000000000000/resourceGroups/cli_test_gallery_specialized_000001","name":"cli_test_gallery_specialized_000001","type":"Microsoft.Resources/resourceGroups","location":"eastus2","tags":{"product":"azurecli","cause":"automation","date":"2020-09-03T03:20:07Z"},"properties":{"provisioningState":"Succeeded"}}'
    headers:
      cache-control:
      - no-cache
      content-length:
      - '429'
      content-type:
      - application/json; charset=utf-8
      date:
      - Thu, 03 Sep 2020 03:21:42 GMT
      expires:
      - '-1'
      pragma:
      - no-cache
      strict-transport-security:
      - max-age=31536000; includeSubDomains
      vary:
      - Accept-Encoding
      x-content-type-options:
      - nosniff
    status:
      code: 200
      message: OK
- request:
    body: '{"location": "eastus2", "tags": {}, "sku": {"name": "Premium_LRS"}, "properties":
      {"hyperVGeneration": "V1", "creationData": {"createOption": "Empty"}, "diskSizeGB":
      10}}'
    headers:
      Accept:
      - application/json
      Accept-Encoding:
      - gzip, deflate
      CommandName:
      - disk create
      Connection:
      - keep-alive
      Content-Length:
      - '170'
      Content-Type:
      - application/json; charset=utf-8
      ParameterSetName:
      - -g -n --size-gb
      User-Agent:
      - python/3.7.4 (Windows-10-10.0.19041-SP0) msrest/0.6.18 msrest_azure/0.6.3
        azure-mgmt-compute/13.0.0 Azure-SDK-For-Python AZURECLI/2.11.1
      accept-language:
      - en-US
    method: PUT
    uri: https://management.azure.com/subscriptions/00000000-0000-0000-0000-000000000000/resourceGroups/cli_test_gallery_specialized_000001/providers/Microsoft.Compute/disks/d2?api-version=2020-06-30
  response:
    body:
      string: "{\r\n  \"name\": \"d2\",\r\n  \"location\": \"eastus2\",\r\n  \"tags\":
        {},\r\n  \"sku\": {\r\n    \"name\": \"Premium_LRS\"\r\n  },\r\n  \"properties\":
        {\r\n    \"hyperVGeneration\": \"V1\",\r\n    \"creationData\": {\r\n      \"createOption\":
        \"Empty\"\r\n    },\r\n    \"diskSizeGB\": 10,\r\n    \"provisioningState\":
        \"Updating\",\r\n    \"isArmResource\": true,\r\n    \"tier\": \"P3\"\r\n
        \ }\r\n}"
    headers:
      azure-asyncoperation:
      - https://management.azure.com/subscriptions/00000000-0000-0000-0000-000000000000/providers/Microsoft.Compute/locations/eastus2/DiskOperations/38e5e88e-df65-444c-a5a9-a5c722eb0782?api-version=2020-06-30
      cache-control:
      - no-cache
      content-length:
      - '331'
      content-type:
      - application/json; charset=utf-8
      date:
      - Thu, 03 Sep 2020 03:21:45 GMT
      expires:
      - '-1'
      location:
      - https://management.azure.com/subscriptions/00000000-0000-0000-0000-000000000000/providers/Microsoft.Compute/locations/eastus2/DiskOperations/38e5e88e-df65-444c-a5a9-a5c722eb0782?monitor=true&api-version=2020-06-30
      pragma:
      - no-cache
      server:
      - Microsoft-HTTPAPI/2.0
      - Microsoft-HTTPAPI/2.0
      strict-transport-security:
      - max-age=31536000; includeSubDomains
      x-content-type-options:
      - nosniff
      x-ms-ratelimit-remaining-resource:
      - Microsoft.Compute/CreateUpdateDisks3Min;996,Microsoft.Compute/CreateUpdateDisks30Min;7996
      x-ms-ratelimit-remaining-subscription-writes:
      - '1197'
    status:
      code: 202
      message: Accepted
- request:
    body: null
    headers:
      Accept:
      - application/json
      Accept-Encoding:
      - gzip, deflate
      CommandName:
      - disk create
      Connection:
      - keep-alive
      ParameterSetName:
      - -g -n --size-gb
      User-Agent:
      - python/3.7.4 (Windows-10-10.0.19041-SP0) msrest/0.6.18 msrest_azure/0.6.3
        azure-mgmt-compute/13.0.0 Azure-SDK-For-Python AZURECLI/2.11.1
    method: GET
    uri: https://management.azure.com/subscriptions/00000000-0000-0000-0000-000000000000/providers/Microsoft.Compute/locations/eastus2/DiskOperations/38e5e88e-df65-444c-a5a9-a5c722eb0782?api-version=2020-06-30
  response:
    body:
      string: "{\r\n  \"startTime\": \"2020-09-03T03:21:45.9686797+00:00\",\r\n  \"endTime\":
        \"2020-09-03T03:21:46.0936914+00:00\",\r\n  \"status\": \"Succeeded\",\r\n
        \ \"properties\": {\r\n    \"output\": {\r\n  \"name\": \"d2\",\r\n  \"id\":
        \"/subscriptions/00000000-0000-0000-0000-000000000000/resourceGroups/cli_test_gallery_specialized_000001/providers/Microsoft.Compute/disks/d2\",\r\n
        \ \"type\": \"Microsoft.Compute/disks\",\r\n  \"location\": \"eastus2\",\r\n
        \ \"tags\": {},\r\n  \"sku\": {\r\n    \"name\": \"Premium_LRS\",\r\n    \"tier\":
        \"Premium\"\r\n  },\r\n  \"properties\": {\r\n    \"hyperVGeneration\": \"V1\",\r\n
        \   \"creationData\": {\r\n      \"createOption\": \"Empty\"\r\n    },\r\n
        \   \"diskSizeGB\": 10,\r\n    \"diskIOPSReadWrite\": 120,\r\n    \"diskMBpsReadWrite\":
        25,\r\n    \"encryption\": {\r\n      \"type\": \"EncryptionAtRestWithPlatformKey\"\r\n
        \   },\r\n    \"timeCreated\": \"2020-09-03T03:21:45.9686797+00:00\",\r\n
        \   \"provisioningState\": \"Succeeded\",\r\n    \"diskState\": \"Unattached\",\r\n
        \   \"diskSizeBytes\": 10737418240,\r\n    \"uniqueId\": \"4cf3b3a2-fdb8-41ce-8c8c-c5f968de4fb9\",\r\n
        \   \"networkAccessPolicy\": \"AllowAll\",\r\n    \"tier\": \"P3\"\r\n  }\r\n}\r\n
        \ },\r\n  \"name\": \"38e5e88e-df65-444c-a5a9-a5c722eb0782\"\r\n}"
    headers:
      cache-control:
      - no-cache
      content-length:
      - '1143'
      content-type:
      - application/json; charset=utf-8
      date:
      - Thu, 03 Sep 2020 03:21:48 GMT
      expires:
      - '-1'
      pragma:
      - no-cache
      server:
      - Microsoft-HTTPAPI/2.0
      - Microsoft-HTTPAPI/2.0
      strict-transport-security:
      - max-age=31536000; includeSubDomains
      transfer-encoding:
      - chunked
      vary:
      - Accept-Encoding
      x-content-type-options:
      - nosniff
      x-ms-ratelimit-remaining-resource:
      - Microsoft.Compute/GetOperation3Min;49985,Microsoft.Compute/GetOperation30Min;399985
    status:
      code: 200
      message: OK
- request:
    body: null
    headers:
      Accept:
      - application/json
      Accept-Encoding:
      - gzip, deflate
      CommandName:
      - disk create
      Connection:
      - keep-alive
      ParameterSetName:
      - -g -n --size-gb
      User-Agent:
      - python/3.7.4 (Windows-10-10.0.19041-SP0) msrest/0.6.18 msrest_azure/0.6.3
        azure-mgmt-compute/13.0.0 Azure-SDK-For-Python AZURECLI/2.11.1
    method: GET
    uri: https://management.azure.com/subscriptions/00000000-0000-0000-0000-000000000000/resourceGroups/cli_test_gallery_specialized_000001/providers/Microsoft.Compute/disks/d2?api-version=2020-06-30
  response:
    body:
      string: "{\r\n  \"name\": \"d2\",\r\n  \"id\": \"/subscriptions/00000000-0000-0000-0000-000000000000/resourceGroups/cli_test_gallery_specialized_000001/providers/Microsoft.Compute/disks/d2\",\r\n
        \ \"type\": \"Microsoft.Compute/disks\",\r\n  \"location\": \"eastus2\",\r\n
        \ \"tags\": {},\r\n  \"sku\": {\r\n    \"name\": \"Premium_LRS\",\r\n    \"tier\":
        \"Premium\"\r\n  },\r\n  \"properties\": {\r\n    \"hyperVGeneration\": \"V1\",\r\n
        \   \"creationData\": {\r\n      \"createOption\": \"Empty\"\r\n    },\r\n
        \   \"diskSizeGB\": 10,\r\n    \"diskIOPSReadWrite\": 120,\r\n    \"diskMBpsReadWrite\":
        25,\r\n    \"encryption\": {\r\n      \"type\": \"EncryptionAtRestWithPlatformKey\"\r\n
        \   },\r\n    \"timeCreated\": \"2020-09-03T03:21:45.9686797+00:00\",\r\n
        \   \"provisioningState\": \"Succeeded\",\r\n    \"diskState\": \"Unattached\",\r\n
        \   \"diskSizeBytes\": 10737418240,\r\n    \"uniqueId\": \"4cf3b3a2-fdb8-41ce-8c8c-c5f968de4fb9\",\r\n
        \   \"networkAccessPolicy\": \"AllowAll\",\r\n    \"tier\": \"P3\"\r\n  }\r\n}"
    headers:
      cache-control:
      - no-cache
      content-length:
      - '918'
      content-type:
      - application/json; charset=utf-8
      date:
      - Thu, 03 Sep 2020 03:21:48 GMT
      expires:
      - '-1'
      pragma:
      - no-cache
      server:
      - Microsoft-HTTPAPI/2.0
      - Microsoft-HTTPAPI/2.0
      strict-transport-security:
      - max-age=31536000; includeSubDomains
      transfer-encoding:
      - chunked
      vary:
      - Accept-Encoding
      x-content-type-options:
      - nosniff
      x-ms-ratelimit-remaining-resource:
      - Microsoft.Compute/LowCostGet3Min;4985,Microsoft.Compute/LowCostGet30Min;39985
    status:
      code: 200
      message: OK
- request:
    body: null
    headers:
      Accept:
      - application/json
      Accept-Encoding:
      - gzip, deflate
      CommandName:
      - disk create
      Connection:
      - keep-alive
      ParameterSetName:
      - -g -n --size-gb
      User-Agent:
      - python/3.7.4 (Windows-10-10.0.19041-SP0) msrest/0.6.18 msrest_azure/0.6.3
        azure-mgmt-resource/10.2.0 Azure-SDK-For-Python AZURECLI/2.11.1
      accept-language:
      - en-US
    method: GET
    uri: https://management.azure.com/subscriptions/00000000-0000-0000-0000-000000000000/resourcegroups/cli_test_gallery_specialized_000001?api-version=2020-06-01
  response:
    body:
      string: '{"id":"/subscriptions/00000000-0000-0000-0000-000000000000/resourceGroups/cli_test_gallery_specialized_000001","name":"cli_test_gallery_specialized_000001","type":"Microsoft.Resources/resourceGroups","location":"eastus2","tags":{"product":"azurecli","cause":"automation","date":"2020-09-03T03:20:07Z"},"properties":{"provisioningState":"Succeeded"}}'
    headers:
      cache-control:
      - no-cache
      content-length:
      - '429'
      content-type:
      - application/json; charset=utf-8
      date:
      - Thu, 03 Sep 2020 03:21:48 GMT
      expires:
      - '-1'
      pragma:
      - no-cache
      strict-transport-security:
      - max-age=31536000; includeSubDomains
      vary:
      - Accept-Encoding
      x-content-type-options:
      - nosniff
    status:
      code: 200
      message: OK
- request:
    body: '{"location": "eastus2", "tags": {}, "sku": {"name": "Premium_LRS"}, "properties":
      {"hyperVGeneration": "V1", "creationData": {"createOption": "Empty"}, "diskSizeGB":
      10}}'
    headers:
      Accept:
      - application/json
      Accept-Encoding:
      - gzip, deflate
      CommandName:
      - disk create
      Connection:
      - keep-alive
      Content-Length:
      - '170'
      Content-Type:
      - application/json; charset=utf-8
      ParameterSetName:
      - -g -n --size-gb
      User-Agent:
      - python/3.7.4 (Windows-10-10.0.19041-SP0) msrest/0.6.18 msrest_azure/0.6.3
        azure-mgmt-compute/13.0.0 Azure-SDK-For-Python AZURECLI/2.11.1
      accept-language:
      - en-US
    method: PUT
    uri: https://management.azure.com/subscriptions/00000000-0000-0000-0000-000000000000/resourceGroups/cli_test_gallery_specialized_000001/providers/Microsoft.Compute/disks/d3?api-version=2020-06-30
  response:
    body:
      string: "{\r\n  \"name\": \"d3\",\r\n  \"location\": \"eastus2\",\r\n  \"tags\":
        {},\r\n  \"sku\": {\r\n    \"name\": \"Premium_LRS\"\r\n  },\r\n  \"properties\":
        {\r\n    \"hyperVGeneration\": \"V1\",\r\n    \"creationData\": {\r\n      \"createOption\":
        \"Empty\"\r\n    },\r\n    \"diskSizeGB\": 10,\r\n    \"provisioningState\":
        \"Updating\",\r\n    \"isArmResource\": true,\r\n    \"tier\": \"P3\"\r\n
        \ }\r\n}"
    headers:
      azure-asyncoperation:
      - https://management.azure.com/subscriptions/00000000-0000-0000-0000-000000000000/providers/Microsoft.Compute/locations/eastus2/DiskOperations/471081f5-e60f-4f41-9770-bf850bf21837?api-version=2020-06-30
      cache-control:
      - no-cache
      content-length:
      - '331'
      content-type:
      - application/json; charset=utf-8
      date:
      - Thu, 03 Sep 2020 03:21:51 GMT
      expires:
      - '-1'
      location:
      - https://management.azure.com/subscriptions/00000000-0000-0000-0000-000000000000/providers/Microsoft.Compute/locations/eastus2/DiskOperations/471081f5-e60f-4f41-9770-bf850bf21837?monitor=true&api-version=2020-06-30
      pragma:
      - no-cache
      server:
      - Microsoft-HTTPAPI/2.0
      - Microsoft-HTTPAPI/2.0
      strict-transport-security:
      - max-age=31536000; includeSubDomains
      x-content-type-options:
      - nosniff
      x-ms-ratelimit-remaining-resource:
      - Microsoft.Compute/CreateUpdateDisks3Min;995,Microsoft.Compute/CreateUpdateDisks30Min;7995
      x-ms-ratelimit-remaining-subscription-writes:
      - '1196'
    status:
      code: 202
      message: Accepted
- request:
    body: null
    headers:
      Accept:
      - application/json
      Accept-Encoding:
      - gzip, deflate
      CommandName:
      - disk create
      Connection:
      - keep-alive
      ParameterSetName:
      - -g -n --size-gb
      User-Agent:
      - python/3.7.4 (Windows-10-10.0.19041-SP0) msrest/0.6.18 msrest_azure/0.6.3
        azure-mgmt-compute/13.0.0 Azure-SDK-For-Python AZURECLI/2.11.1
    method: GET
    uri: https://management.azure.com/subscriptions/00000000-0000-0000-0000-000000000000/providers/Microsoft.Compute/locations/eastus2/DiskOperations/471081f5-e60f-4f41-9770-bf850bf21837?api-version=2020-06-30
  response:
    body:
      string: "{\r\n  \"startTime\": \"2020-09-03T03:21:52.2502561+00:00\",\r\n  \"endTime\":
        \"2020-09-03T03:21:52.3596309+00:00\",\r\n  \"status\": \"Succeeded\",\r\n
        \ \"properties\": {\r\n    \"output\": {\r\n  \"name\": \"d3\",\r\n  \"id\":
        \"/subscriptions/00000000-0000-0000-0000-000000000000/resourceGroups/cli_test_gallery_specialized_000001/providers/Microsoft.Compute/disks/d3\",\r\n
        \ \"type\": \"Microsoft.Compute/disks\",\r\n  \"location\": \"eastus2\",\r\n
        \ \"tags\": {},\r\n  \"sku\": {\r\n    \"name\": \"Premium_LRS\",\r\n    \"tier\":
        \"Premium\"\r\n  },\r\n  \"properties\": {\r\n    \"hyperVGeneration\": \"V1\",\r\n
        \   \"creationData\": {\r\n      \"createOption\": \"Empty\"\r\n    },\r\n
        \   \"diskSizeGB\": 10,\r\n    \"diskIOPSReadWrite\": 120,\r\n    \"diskMBpsReadWrite\":
        25,\r\n    \"encryption\": {\r\n      \"type\": \"EncryptionAtRestWithPlatformKey\"\r\n
        \   },\r\n    \"timeCreated\": \"2020-09-03T03:21:52.2502561+00:00\",\r\n
        \   \"provisioningState\": \"Succeeded\",\r\n    \"diskState\": \"Unattached\",\r\n
        \   \"diskSizeBytes\": 10737418240,\r\n    \"uniqueId\": \"b1837b04-147e-4126-b9e2-656cc86a1402\",\r\n
        \   \"networkAccessPolicy\": \"AllowAll\",\r\n    \"tier\": \"P3\"\r\n  }\r\n}\r\n
        \ },\r\n  \"name\": \"471081f5-e60f-4f41-9770-bf850bf21837\"\r\n}"
    headers:
      cache-control:
      - no-cache
      content-length:
      - '1143'
      content-type:
      - application/json; charset=utf-8
      date:
      - Thu, 03 Sep 2020 03:21:54 GMT
      expires:
      - '-1'
      pragma:
      - no-cache
      server:
      - Microsoft-HTTPAPI/2.0
      - Microsoft-HTTPAPI/2.0
      strict-transport-security:
      - max-age=31536000; includeSubDomains
      transfer-encoding:
      - chunked
      vary:
      - Accept-Encoding
      x-content-type-options:
      - nosniff
      x-ms-ratelimit-remaining-resource:
      - Microsoft.Compute/GetOperation3Min;49983,Microsoft.Compute/GetOperation30Min;399983
    status:
      code: 200
      message: OK
- request:
    body: null
    headers:
      Accept:
      - application/json
      Accept-Encoding:
      - gzip, deflate
      CommandName:
      - disk create
      Connection:
      - keep-alive
      ParameterSetName:
      - -g -n --size-gb
      User-Agent:
      - python/3.7.4 (Windows-10-10.0.19041-SP0) msrest/0.6.18 msrest_azure/0.6.3
        azure-mgmt-compute/13.0.0 Azure-SDK-For-Python AZURECLI/2.11.1
    method: GET
    uri: https://management.azure.com/subscriptions/00000000-0000-0000-0000-000000000000/resourceGroups/cli_test_gallery_specialized_000001/providers/Microsoft.Compute/disks/d3?api-version=2020-06-30
  response:
    body:
      string: "{\r\n  \"name\": \"d3\",\r\n  \"id\": \"/subscriptions/00000000-0000-0000-0000-000000000000/resourceGroups/cli_test_gallery_specialized_000001/providers/Microsoft.Compute/disks/d3\",\r\n
        \ \"type\": \"Microsoft.Compute/disks\",\r\n  \"location\": \"eastus2\",\r\n
        \ \"tags\": {},\r\n  \"sku\": {\r\n    \"name\": \"Premium_LRS\",\r\n    \"tier\":
        \"Premium\"\r\n  },\r\n  \"properties\": {\r\n    \"hyperVGeneration\": \"V1\",\r\n
        \   \"creationData\": {\r\n      \"createOption\": \"Empty\"\r\n    },\r\n
        \   \"diskSizeGB\": 10,\r\n    \"diskIOPSReadWrite\": 120,\r\n    \"diskMBpsReadWrite\":
        25,\r\n    \"encryption\": {\r\n      \"type\": \"EncryptionAtRestWithPlatformKey\"\r\n
        \   },\r\n    \"timeCreated\": \"2020-09-03T03:21:52.2502561+00:00\",\r\n
        \   \"provisioningState\": \"Succeeded\",\r\n    \"diskState\": \"Unattached\",\r\n
        \   \"diskSizeBytes\": 10737418240,\r\n    \"uniqueId\": \"b1837b04-147e-4126-b9e2-656cc86a1402\",\r\n
        \   \"networkAccessPolicy\": \"AllowAll\",\r\n    \"tier\": \"P3\"\r\n  }\r\n}"
    headers:
      cache-control:
      - no-cache
      content-length:
      - '918'
      content-type:
      - application/json; charset=utf-8
      date:
      - Thu, 03 Sep 2020 03:21:55 GMT
      expires:
      - '-1'
      pragma:
      - no-cache
      server:
      - Microsoft-HTTPAPI/2.0
      - Microsoft-HTTPAPI/2.0
      strict-transport-security:
      - max-age=31536000; includeSubDomains
      transfer-encoding:
      - chunked
      vary:
      - Accept-Encoding
      x-content-type-options:
      - nosniff
      x-ms-ratelimit-remaining-resource:
      - Microsoft.Compute/LowCostGet3Min;4981,Microsoft.Compute/LowCostGet30Min;39981
    status:
      code: 200
      message: OK
- request:
    body: null
    headers:
      Accept:
      - application/json
      Accept-Encoding:
      - gzip, deflate
      CommandName:
      - snapshot create
      Connection:
      - keep-alive
      ParameterSetName:
      - -g -n --source
      User-Agent:
      - python/3.7.4 (Windows-10-10.0.19041-SP0) msrest/0.6.18 msrest_azure/0.6.3
        azure-mgmt-compute/13.0.0 Azure-SDK-For-Python AZURECLI/2.11.1
      accept-language:
      - en-US
    method: GET
    uri: https://management.azure.com/subscriptions/00000000-0000-0000-0000-000000000000/resourceGroups/cli_test_gallery_specialized_000001/providers/Microsoft.Compute/snapshots/d1?api-version=2020-05-01
  response:
    body:
      string: '{"error":{"code":"ResourceNotFound","message":"The Resource ''Microsoft.Compute/snapshots/d1''
        under resource group ''cli_test_gallery_specialized_000001'' was not found.
        For more details please go to https://aka.ms/ARMResourceNotFoundFix"}}'
    headers:
      cache-control:
      - no-cache
      content-length:
      - '277'
      content-type:
      - application/json; charset=utf-8
      date:
      - Thu, 03 Sep 2020 03:21:55 GMT
      expires:
      - '-1'
      pragma:
      - no-cache
      strict-transport-security:
      - max-age=31536000; includeSubDomains
      x-content-type-options:
      - nosniff
      x-ms-failure-cause:
      - gateway
    status:
      code: 404
      message: Not Found
- request:
    body: null
    headers:
      Accept:
      - application/json
      Accept-Encoding:
      - gzip, deflate
      CommandName:
      - snapshot create
      Connection:
      - keep-alive
      ParameterSetName:
      - -g -n --source
      User-Agent:
      - python/3.7.4 (Windows-10-10.0.19041-SP0) msrest/0.6.18 msrest_azure/0.6.3
        azure-mgmt-compute/13.0.0 Azure-SDK-For-Python AZURECLI/2.11.1
      accept-language:
      - en-US
    method: GET
    uri: https://management.azure.com/subscriptions/00000000-0000-0000-0000-000000000000/resourceGroups/cli_test_gallery_specialized_000001/providers/Microsoft.Compute/disks/d1?api-version=2020-06-30
  response:
    body:
      string: "{\r\n  \"name\": \"d1\",\r\n  \"id\": \"/subscriptions/00000000-0000-0000-0000-000000000000/resourceGroups/cli_test_gallery_specialized_000001/providers/Microsoft.Compute/disks/d1\",\r\n
        \ \"type\": \"Microsoft.Compute/disks\",\r\n  \"location\": \"eastus2\",\r\n
        \ \"tags\": {},\r\n  \"sku\": {\r\n    \"name\": \"Premium_LRS\",\r\n    \"tier\":
        \"Premium\"\r\n  },\r\n  \"properties\": {\r\n    \"hyperVGeneration\": \"V1\",\r\n
        \   \"creationData\": {\r\n      \"createOption\": \"Empty\"\r\n    },\r\n
        \   \"diskSizeGB\": 10,\r\n    \"diskIOPSReadWrite\": 120,\r\n    \"diskMBpsReadWrite\":
        25,\r\n    \"encryption\": {\r\n      \"type\": \"EncryptionAtRestWithPlatformKey\"\r\n
        \   },\r\n    \"timeCreated\": \"2020-09-03T03:21:39.0933444+00:00\",\r\n
        \   \"provisioningState\": \"Succeeded\",\r\n    \"diskState\": \"Unattached\",\r\n
        \   \"diskSizeBytes\": 10737418240,\r\n    \"uniqueId\": \"437be7fc-ecc7-4ed3-949d-e98f881a8a2a\",\r\n
        \   \"networkAccessPolicy\": \"AllowAll\",\r\n    \"tier\": \"P3\"\r\n  }\r\n}"
    headers:
      cache-control:
      - no-cache
      content-length:
      - '918'
      content-type:
      - application/json; charset=utf-8
      date:
      - Thu, 03 Sep 2020 03:21:56 GMT
      expires:
      - '-1'
      pragma:
      - no-cache
      server:
      - Microsoft-HTTPAPI/2.0
      - Microsoft-HTTPAPI/2.0
      strict-transport-security:
      - max-age=31536000; includeSubDomains
      transfer-encoding:
      - chunked
      vary:
      - Accept-Encoding
      x-content-type-options:
      - nosniff
      x-ms-ratelimit-remaining-resource:
      - Microsoft.Compute/LowCostGet3Min;4979,Microsoft.Compute/LowCostGet30Min;39979
    status:
      code: 200
      message: OK
- request:
    body: null
    headers:
      Accept:
      - application/json
      Accept-Encoding:
      - gzip, deflate
      CommandName:
      - snapshot create
      Connection:
      - keep-alive
      ParameterSetName:
      - -g -n --source
      User-Agent:
      - python/3.7.4 (Windows-10-10.0.19041-SP0) msrest/0.6.18 msrest_azure/0.6.3
        azure-mgmt-resource/10.2.0 Azure-SDK-For-Python AZURECLI/2.11.1
      accept-language:
      - en-US
    method: GET
    uri: https://management.azure.com/subscriptions/00000000-0000-0000-0000-000000000000/resourcegroups/cli_test_gallery_specialized_000001?api-version=2020-06-01
  response:
    body:
      string: '{"id":"/subscriptions/00000000-0000-0000-0000-000000000000/resourceGroups/cli_test_gallery_specialized_000001","name":"cli_test_gallery_specialized_000001","type":"Microsoft.Resources/resourceGroups","location":"eastus2","tags":{"product":"azurecli","cause":"automation","date":"2020-09-03T03:20:07Z"},"properties":{"provisioningState":"Succeeded"}}'
    headers:
      cache-control:
      - no-cache
      content-length:
      - '429'
      content-type:
      - application/json; charset=utf-8
      date:
      - Thu, 03 Sep 2020 03:21:55 GMT
      expires:
      - '-1'
      pragma:
      - no-cache
      strict-transport-security:
      - max-age=31536000; includeSubDomains
      vary:
      - Accept-Encoding
      x-content-type-options:
      - nosniff
    status:
      code: 200
      message: OK
- request:
    body: '{"location": "eastus2", "tags": {}, "sku": {"name": "Standard_LRS"}, "properties":
      {"hyperVGeneration": "V1", "creationData": {"createOption": "Copy", "sourceResourceId":
      "/subscriptions/00000000-0000-0000-0000-000000000000/resourceGroups/cli_test_gallery_specialized_000001/providers/Microsoft.Compute/disks/d1"}}}'
    headers:
      Accept:
      - application/json
      Accept-Encoding:
      - gzip, deflate
      CommandName:
      - snapshot create
      Connection:
      - keep-alive
      Content-Length:
      - '355'
      Content-Type:
      - application/json; charset=utf-8
      ParameterSetName:
      - -g -n --source
      User-Agent:
      - python/3.7.4 (Windows-10-10.0.19041-SP0) msrest/0.6.18 msrest_azure/0.6.3
        azure-mgmt-compute/13.0.0 Azure-SDK-For-Python AZURECLI/2.11.1
      accept-language:
      - en-US
    method: PUT
    uri: https://management.azure.com/subscriptions/00000000-0000-0000-0000-000000000000/resourceGroups/cli_test_gallery_specialized_000001/providers/Microsoft.Compute/snapshots/s1?api-version=2020-05-01
  response:
    body:
      string: "{\r\n  \"location\": \"eastus2\",\r\n  \"tags\": {},\r\n  \"sku\":
        {\r\n    \"name\": \"Standard_LRS\"\r\n  },\r\n  \"properties\": {\r\n    \"hyperVGeneration\":
        \"V1\",\r\n    \"creationData\": {\r\n      \"createOption\": \"Copy\",\r\n
        \     \"sourceResourceId\": \"/subscriptions/00000000-0000-0000-0000-000000000000/resourceGroups/cli_test_gallery_specialized_000001/providers/Microsoft.Compute/disks/d1\",\r\n
        \     \"sourceUniqueId\": \"437be7fc-ecc7-4ed3-949d-e98f881a8a2a\"\r\n    },\r\n
        \   \"provisioningState\": \"Updating\",\r\n    \"isArmResource\": true\r\n
        \ }\r\n}"
    headers:
      azure-asyncoperation:
      - https://management.azure.com/subscriptions/00000000-0000-0000-0000-000000000000/providers/Microsoft.Compute/locations/eastus2/DiskOperations/462bc5f7-0074-4946-8766-7f77318c5667?api-version=2020-05-01
      cache-control:
      - no-cache
      content-length:
      - '547'
      content-type:
      - application/json; charset=utf-8
      date:
      - Thu, 03 Sep 2020 03:21:59 GMT
      expires:
      - '-1'
      location:
      - https://management.azure.com/subscriptions/00000000-0000-0000-0000-000000000000/providers/Microsoft.Compute/locations/eastus2/DiskOperations/462bc5f7-0074-4946-8766-7f77318c5667?monitor=true&api-version=2020-05-01
      pragma:
      - no-cache
      server:
      - Microsoft-HTTPAPI/2.0
      - Microsoft-HTTPAPI/2.0
      strict-transport-security:
      - max-age=31536000; includeSubDomains
      x-content-type-options:
      - nosniff
      x-ms-ratelimit-remaining-resource:
      - Microsoft.Compute/HighCostSnapshotCreateHydrate3Min;998,Microsoft.Compute/HighCostSnapshotCreateHydrate30Min;7998
      x-ms-ratelimit-remaining-subscription-writes:
      - '1198'
    status:
      code: 202
      message: Accepted
- request:
    body: null
    headers:
      Accept:
      - application/json
      Accept-Encoding:
      - gzip, deflate
      CommandName:
      - snapshot create
      Connection:
      - keep-alive
      ParameterSetName:
      - -g -n --source
      User-Agent:
      - python/3.7.4 (Windows-10-10.0.19041-SP0) msrest/0.6.18 msrest_azure/0.6.3
        azure-mgmt-compute/13.0.0 Azure-SDK-For-Python AZURECLI/2.11.1
    method: GET
    uri: https://management.azure.com/subscriptions/00000000-0000-0000-0000-000000000000/providers/Microsoft.Compute/locations/eastus2/DiskOperations/462bc5f7-0074-4946-8766-7f77318c5667?api-version=2020-05-01
  response:
    body:
      string: "{\r\n  \"startTime\": \"2020-09-03T03:21:59.6412406+00:00\",\r\n  \"endTime\":
        \"2020-09-03T03:22:00.5788049+00:00\",\r\n  \"status\": \"Succeeded\",\r\n
        \ \"properties\": {\r\n    \"output\": {\r\n  \"name\": \"s1\",\r\n  \"id\":
        \"/subscriptions/00000000-0000-0000-0000-000000000000/resourceGroups/cli_test_gallery_specialized_000001/providers/Microsoft.Compute/snapshots/s1\",\r\n
        \ \"type\": \"Microsoft.Compute/snapshots\",\r\n  \"location\": \"eastus2\",\r\n
        \ \"tags\": {},\r\n  \"sku\": {\r\n    \"name\": \"Standard_LRS\",\r\n    \"tier\":
        \"Standard\"\r\n  },\r\n  \"properties\": {\r\n    \"hyperVGeneration\": \"V1\",\r\n
        \   \"creationData\": {\r\n      \"createOption\": \"Copy\",\r\n      \"sourceResourceId\":
        \"/subscriptions/00000000-0000-0000-0000-000000000000/resourceGroups/cli_test_gallery_specialized_000001/providers/Microsoft.Compute/disks/d1\",\r\n
        \     \"sourceUniqueId\": \"437be7fc-ecc7-4ed3-949d-e98f881a8a2a\"\r\n    },\r\n
        \   \"diskSizeGB\": 10,\r\n    \"encryption\": {\r\n      \"type\": \"EncryptionAtRestWithPlatformKey\"\r\n
        \   },\r\n    \"incremental\": false,\r\n    \"timeCreated\": \"2020-09-03T03:21:59.6412406+00:00\",\r\n
        \   \"provisioningState\": \"Succeeded\",\r\n    \"diskState\": \"Unattached\",\r\n
        \   \"diskSizeBytes\": 10737418240,\r\n    \"uniqueId\": \"1c0977dd-7b2d-4675-8c36-8c64b5593315\",\r\n
        \   \"networkAccessPolicy\": \"AllowAll\"\r\n  }\r\n}\r\n  },\r\n  \"name\":
        \"462bc5f7-0074-4946-8766-7f77318c5667\"\r\n}"
    headers:
      cache-control:
      - no-cache
      content-length:
      - '1374'
      content-type:
      - application/json; charset=utf-8
      date:
      - Thu, 03 Sep 2020 03:22:02 GMT
      expires:
      - '-1'
      pragma:
      - no-cache
      server:
      - Microsoft-HTTPAPI/2.0
      - Microsoft-HTTPAPI/2.0
      strict-transport-security:
      - max-age=31536000; includeSubDomains
      transfer-encoding:
      - chunked
      vary:
      - Accept-Encoding
      x-content-type-options:
      - nosniff
      x-ms-ratelimit-remaining-resource:
      - Microsoft.Compute/GetOperation3Min;49981,Microsoft.Compute/GetOperation30Min;399981
    status:
      code: 200
      message: OK
- request:
    body: null
    headers:
      Accept:
      - application/json
      Accept-Encoding:
      - gzip, deflate
      CommandName:
      - snapshot create
      Connection:
      - keep-alive
      ParameterSetName:
      - -g -n --source
      User-Agent:
      - python/3.7.4 (Windows-10-10.0.19041-SP0) msrest/0.6.18 msrest_azure/0.6.3
        azure-mgmt-compute/13.0.0 Azure-SDK-For-Python AZURECLI/2.11.1
    method: GET
    uri: https://management.azure.com/subscriptions/00000000-0000-0000-0000-000000000000/resourceGroups/cli_test_gallery_specialized_000001/providers/Microsoft.Compute/snapshots/s1?api-version=2020-05-01
  response:
    body:
      string: "{\r\n  \"name\": \"s1\",\r\n  \"id\": \"/subscriptions/00000000-0000-0000-0000-000000000000/resourceGroups/cli_test_gallery_specialized_000001/providers/Microsoft.Compute/snapshots/s1\",\r\n
        \ \"type\": \"Microsoft.Compute/snapshots\",\r\n  \"location\": \"eastus2\",\r\n
        \ \"tags\": {},\r\n  \"sku\": {\r\n    \"name\": \"Standard_LRS\",\r\n    \"tier\":
        \"Standard\"\r\n  },\r\n  \"properties\": {\r\n    \"hyperVGeneration\": \"V1\",\r\n
        \   \"creationData\": {\r\n      \"createOption\": \"Copy\",\r\n      \"sourceResourceId\":
        \"/subscriptions/00000000-0000-0000-0000-000000000000/resourceGroups/cli_test_gallery_specialized_000001/providers/Microsoft.Compute/disks/d1\",\r\n
        \     \"sourceUniqueId\": \"437be7fc-ecc7-4ed3-949d-e98f881a8a2a\"\r\n    },\r\n
        \   \"diskSizeGB\": 10,\r\n    \"encryption\": {\r\n      \"type\": \"EncryptionAtRestWithPlatformKey\"\r\n
        \   },\r\n    \"incremental\": false,\r\n    \"timeCreated\": \"2020-09-03T03:21:59.6412406+00:00\",\r\n
        \   \"provisioningState\": \"Succeeded\",\r\n    \"diskState\": \"Unattached\",\r\n
        \   \"diskSizeBytes\": 10737418240,\r\n    \"uniqueId\": \"1c0977dd-7b2d-4675-8c36-8c64b5593315\",\r\n
        \   \"networkAccessPolicy\": \"AllowAll\"\r\n  }\r\n}"
    headers:
      cache-control:
      - no-cache
      content-length:
      - '1149'
      content-type:
      - application/json; charset=utf-8
      date:
      - Thu, 03 Sep 2020 03:22:02 GMT
      expires:
      - '-1'
      pragma:
      - no-cache
      server:
      - Microsoft-HTTPAPI/2.0
      - Microsoft-HTTPAPI/2.0
      strict-transport-security:
      - max-age=31536000; includeSubDomains
      transfer-encoding:
      - chunked
      vary:
      - Accept-Encoding
      x-content-type-options:
      - nosniff
      x-ms-ratelimit-remaining-resource:
      - Microsoft.Compute/LowCostGet3Min;4975,Microsoft.Compute/LowCostGet30Min;39975
    status:
      code: 200
      message: OK
- request:
    body: null
    headers:
      Accept:
      - application/json
      Accept-Encoding:
      - gzip, deflate
      CommandName:
      - snapshot create
      Connection:
      - keep-alive
      ParameterSetName:
      - -g -n --source
      User-Agent:
      - python/3.7.4 (Windows-10-10.0.19041-SP0) msrest/0.6.18 msrest_azure/0.6.3
        azure-mgmt-compute/13.0.0 Azure-SDK-For-Python AZURECLI/2.11.1
      accept-language:
      - en-US
    method: GET
    uri: https://management.azure.com/subscriptions/00000000-0000-0000-0000-000000000000/resourceGroups/cli_test_gallery_specialized_000001/providers/Microsoft.Compute/snapshots/d2?api-version=2020-05-01
  response:
    body:
      string: '{"error":{"code":"ResourceNotFound","message":"The Resource ''Microsoft.Compute/snapshots/d2''
        under resource group ''cli_test_gallery_specialized_000001'' was not found.
        For more details please go to https://aka.ms/ARMResourceNotFoundFix"}}'
    headers:
      cache-control:
      - no-cache
      content-length:
      - '277'
      content-type:
      - application/json; charset=utf-8
      date:
      - Thu, 03 Sep 2020 03:22:02 GMT
      expires:
      - '-1'
      pragma:
      - no-cache
      strict-transport-security:
      - max-age=31536000; includeSubDomains
      x-content-type-options:
      - nosniff
      x-ms-failure-cause:
      - gateway
    status:
      code: 404
      message: Not Found
- request:
    body: null
    headers:
      Accept:
      - application/json
      Accept-Encoding:
      - gzip, deflate
      CommandName:
      - snapshot create
      Connection:
      - keep-alive
      ParameterSetName:
      - -g -n --source
      User-Agent:
      - python/3.7.4 (Windows-10-10.0.19041-SP0) msrest/0.6.18 msrest_azure/0.6.3
        azure-mgmt-compute/13.0.0 Azure-SDK-For-Python AZURECLI/2.11.1
      accept-language:
      - en-US
    method: GET
    uri: https://management.azure.com/subscriptions/00000000-0000-0000-0000-000000000000/resourceGroups/cli_test_gallery_specialized_000001/providers/Microsoft.Compute/disks/d2?api-version=2020-06-30
  response:
    body:
      string: "{\r\n  \"name\": \"d2\",\r\n  \"id\": \"/subscriptions/00000000-0000-0000-0000-000000000000/resourceGroups/cli_test_gallery_specialized_000001/providers/Microsoft.Compute/disks/d2\",\r\n
        \ \"type\": \"Microsoft.Compute/disks\",\r\n  \"location\": \"eastus2\",\r\n
        \ \"tags\": {},\r\n  \"sku\": {\r\n    \"name\": \"Premium_LRS\",\r\n    \"tier\":
        \"Premium\"\r\n  },\r\n  \"properties\": {\r\n    \"hyperVGeneration\": \"V1\",\r\n
        \   \"creationData\": {\r\n      \"createOption\": \"Empty\"\r\n    },\r\n
        \   \"diskSizeGB\": 10,\r\n    \"diskIOPSReadWrite\": 120,\r\n    \"diskMBpsReadWrite\":
        25,\r\n    \"encryption\": {\r\n      \"type\": \"EncryptionAtRestWithPlatformKey\"\r\n
        \   },\r\n    \"timeCreated\": \"2020-09-03T03:21:45.9686797+00:00\",\r\n
        \   \"provisioningState\": \"Succeeded\",\r\n    \"diskState\": \"Unattached\",\r\n
        \   \"diskSizeBytes\": 10737418240,\r\n    \"uniqueId\": \"4cf3b3a2-fdb8-41ce-8c8c-c5f968de4fb9\",\r\n
        \   \"networkAccessPolicy\": \"AllowAll\",\r\n    \"tier\": \"P3\"\r\n  }\r\n}"
    headers:
      cache-control:
      - no-cache
      content-length:
      - '918'
      content-type:
      - application/json; charset=utf-8
      date:
      - Thu, 03 Sep 2020 03:22:03 GMT
      expires:
      - '-1'
      pragma:
      - no-cache
      server:
      - Microsoft-HTTPAPI/2.0
      - Microsoft-HTTPAPI/2.0
      strict-transport-security:
      - max-age=31536000; includeSubDomains
      transfer-encoding:
      - chunked
      vary:
      - Accept-Encoding
      x-content-type-options:
      - nosniff
      x-ms-ratelimit-remaining-resource:
      - Microsoft.Compute/LowCostGet3Min;4974,Microsoft.Compute/LowCostGet30Min;39974
    status:
      code: 200
      message: OK
- request:
    body: null
    headers:
      Accept:
      - application/json
      Accept-Encoding:
      - gzip, deflate
      CommandName:
      - snapshot create
      Connection:
      - keep-alive
      ParameterSetName:
      - -g -n --source
      User-Agent:
      - python/3.7.4 (Windows-10-10.0.19041-SP0) msrest/0.6.18 msrest_azure/0.6.3
        azure-mgmt-resource/10.2.0 Azure-SDK-For-Python AZURECLI/2.11.1
      accept-language:
      - en-US
    method: GET
    uri: https://management.azure.com/subscriptions/00000000-0000-0000-0000-000000000000/resourcegroups/cli_test_gallery_specialized_000001?api-version=2020-06-01
  response:
    body:
      string: '{"id":"/subscriptions/00000000-0000-0000-0000-000000000000/resourceGroups/cli_test_gallery_specialized_000001","name":"cli_test_gallery_specialized_000001","type":"Microsoft.Resources/resourceGroups","location":"eastus2","tags":{"product":"azurecli","cause":"automation","date":"2020-09-03T03:20:07Z"},"properties":{"provisioningState":"Succeeded"}}'
    headers:
      cache-control:
      - no-cache
      content-length:
      - '429'
      content-type:
      - application/json; charset=utf-8
      date:
      - Thu, 03 Sep 2020 03:22:04 GMT
      expires:
      - '-1'
      pragma:
      - no-cache
      strict-transport-security:
      - max-age=31536000; includeSubDomains
      vary:
      - Accept-Encoding
      x-content-type-options:
      - nosniff
    status:
      code: 200
      message: OK
- request:
    body: '{"location": "eastus2", "tags": {}, "sku": {"name": "Standard_LRS"}, "properties":
      {"hyperVGeneration": "V1", "creationData": {"createOption": "Copy", "sourceResourceId":
      "/subscriptions/00000000-0000-0000-0000-000000000000/resourceGroups/cli_test_gallery_specialized_000001/providers/Microsoft.Compute/disks/d2"}}}'
    headers:
      Accept:
      - application/json
      Accept-Encoding:
      - gzip, deflate
      CommandName:
      - snapshot create
      Connection:
      - keep-alive
      Content-Length:
      - '355'
      Content-Type:
      - application/json; charset=utf-8
      ParameterSetName:
      - -g -n --source
      User-Agent:
      - python/3.7.4 (Windows-10-10.0.19041-SP0) msrest/0.6.18 msrest_azure/0.6.3
        azure-mgmt-compute/13.0.0 Azure-SDK-For-Python AZURECLI/2.11.1
      accept-language:
      - en-US
    method: PUT
    uri: https://management.azure.com/subscriptions/00000000-0000-0000-0000-000000000000/resourceGroups/cli_test_gallery_specialized_000001/providers/Microsoft.Compute/snapshots/s2?api-version=2020-05-01
  response:
    body:
      string: "{\r\n  \"location\": \"eastus2\",\r\n  \"tags\": {},\r\n  \"sku\":
        {\r\n    \"name\": \"Standard_LRS\"\r\n  },\r\n  \"properties\": {\r\n    \"hyperVGeneration\":
        \"V1\",\r\n    \"creationData\": {\r\n      \"createOption\": \"Copy\",\r\n
        \     \"sourceResourceId\": \"/subscriptions/00000000-0000-0000-0000-000000000000/resourceGroups/cli_test_gallery_specialized_000001/providers/Microsoft.Compute/disks/d2\",\r\n
        \     \"sourceUniqueId\": \"4cf3b3a2-fdb8-41ce-8c8c-c5f968de4fb9\"\r\n    },\r\n
        \   \"provisioningState\": \"Updating\",\r\n    \"isArmResource\": true\r\n
        \ }\r\n}"
    headers:
      azure-asyncoperation:
      - https://management.azure.com/subscriptions/00000000-0000-0000-0000-000000000000/providers/Microsoft.Compute/locations/eastus2/DiskOperations/2360b9fd-656e-4708-9a4f-b7b3fa18af99?api-version=2020-05-01
      cache-control:
      - no-cache
      content-length:
      - '547'
      content-type:
      - application/json; charset=utf-8
      date:
      - Thu, 03 Sep 2020 03:22:09 GMT
      expires:
      - '-1'
      location:
      - https://management.azure.com/subscriptions/00000000-0000-0000-0000-000000000000/providers/Microsoft.Compute/locations/eastus2/DiskOperations/2360b9fd-656e-4708-9a4f-b7b3fa18af99?monitor=true&api-version=2020-05-01
      pragma:
      - no-cache
      server:
      - Microsoft-HTTPAPI/2.0
      - Microsoft-HTTPAPI/2.0
      strict-transport-security:
      - max-age=31536000; includeSubDomains
      x-content-type-options:
      - nosniff
      x-ms-ratelimit-remaining-resource:
      - Microsoft.Compute/HighCostSnapshotCreateHydrate3Min;997,Microsoft.Compute/HighCostSnapshotCreateHydrate30Min;7997
      x-ms-ratelimit-remaining-subscription-writes:
      - '1195'
    status:
      code: 202
      message: Accepted
- request:
    body: null
    headers:
      Accept:
      - application/json
      Accept-Encoding:
      - gzip, deflate
      CommandName:
      - snapshot create
      Connection:
      - keep-alive
      ParameterSetName:
      - -g -n --source
      User-Agent:
      - python/3.7.4 (Windows-10-10.0.19041-SP0) msrest/0.6.18 msrest_azure/0.6.3
        azure-mgmt-compute/13.0.0 Azure-SDK-For-Python AZURECLI/2.11.1
    method: GET
    uri: https://management.azure.com/subscriptions/00000000-0000-0000-0000-000000000000/providers/Microsoft.Compute/locations/eastus2/DiskOperations/2360b9fd-656e-4708-9a4f-b7b3fa18af99?api-version=2020-05-01
  response:
    body:
      string: "{\r\n  \"startTime\": \"2020-09-03T03:22:10.5324092+00:00\",\r\n  \"endTime\":
        \"2020-09-03T03:22:11.1105646+00:00\",\r\n  \"status\": \"Succeeded\",\r\n
        \ \"properties\": {\r\n    \"output\": {\r\n  \"name\": \"s2\",\r\n  \"id\":
        \"/subscriptions/00000000-0000-0000-0000-000000000000/resourceGroups/cli_test_gallery_specialized_000001/providers/Microsoft.Compute/snapshots/s2\",\r\n
        \ \"type\": \"Microsoft.Compute/snapshots\",\r\n  \"location\": \"eastus2\",\r\n
        \ \"tags\": {},\r\n  \"sku\": {\r\n    \"name\": \"Standard_LRS\",\r\n    \"tier\":
        \"Standard\"\r\n  },\r\n  \"properties\": {\r\n    \"hyperVGeneration\": \"V1\",\r\n
        \   \"creationData\": {\r\n      \"createOption\": \"Copy\",\r\n      \"sourceResourceId\":
        \"/subscriptions/00000000-0000-0000-0000-000000000000/resourceGroups/cli_test_gallery_specialized_000001/providers/Microsoft.Compute/disks/d2\",\r\n
        \     \"sourceUniqueId\": \"4cf3b3a2-fdb8-41ce-8c8c-c5f968de4fb9\"\r\n    },\r\n
        \   \"diskSizeGB\": 10,\r\n    \"encryption\": {\r\n      \"type\": \"EncryptionAtRestWithPlatformKey\"\r\n
        \   },\r\n    \"incremental\": false,\r\n    \"timeCreated\": \"2020-09-03T03:22:10.5324092+00:00\",\r\n
        \   \"provisioningState\": \"Succeeded\",\r\n    \"diskState\": \"Unattached\",\r\n
        \   \"diskSizeBytes\": 10737418240,\r\n    \"uniqueId\": \"17c1fd3d-d092-44b4-8003-b42f6130aaf5\",\r\n
        \   \"networkAccessPolicy\": \"AllowAll\"\r\n  }\r\n}\r\n  },\r\n  \"name\":
        \"2360b9fd-656e-4708-9a4f-b7b3fa18af99\"\r\n}"
    headers:
      cache-control:
      - no-cache
      content-length:
      - '1374'
      content-type:
      - application/json; charset=utf-8
      date:
      - Thu, 03 Sep 2020 03:22:12 GMT
      expires:
      - '-1'
      pragma:
      - no-cache
      server:
      - Microsoft-HTTPAPI/2.0
      - Microsoft-HTTPAPI/2.0
      strict-transport-security:
      - max-age=31536000; includeSubDomains
      transfer-encoding:
      - chunked
      vary:
      - Accept-Encoding
      x-content-type-options:
      - nosniff
      x-ms-ratelimit-remaining-resource:
      - Microsoft.Compute/GetOperation3Min;49979,Microsoft.Compute/GetOperation30Min;399979
    status:
      code: 200
      message: OK
- request:
    body: null
    headers:
      Accept:
      - application/json
      Accept-Encoding:
      - gzip, deflate
      CommandName:
      - snapshot create
      Connection:
      - keep-alive
      ParameterSetName:
      - -g -n --source
      User-Agent:
      - python/3.7.4 (Windows-10-10.0.19041-SP0) msrest/0.6.18 msrest_azure/0.6.3
        azure-mgmt-compute/13.0.0 Azure-SDK-For-Python AZURECLI/2.11.1
    method: GET
    uri: https://management.azure.com/subscriptions/00000000-0000-0000-0000-000000000000/resourceGroups/cli_test_gallery_specialized_000001/providers/Microsoft.Compute/snapshots/s2?api-version=2020-05-01
  response:
    body:
      string: "{\r\n  \"name\": \"s2\",\r\n  \"id\": \"/subscriptions/00000000-0000-0000-0000-000000000000/resourceGroups/cli_test_gallery_specialized_000001/providers/Microsoft.Compute/snapshots/s2\",\r\n
        \ \"type\": \"Microsoft.Compute/snapshots\",\r\n  \"location\": \"eastus2\",\r\n
        \ \"tags\": {},\r\n  \"sku\": {\r\n    \"name\": \"Standard_LRS\",\r\n    \"tier\":
        \"Standard\"\r\n  },\r\n  \"properties\": {\r\n    \"hyperVGeneration\": \"V1\",\r\n
        \   \"creationData\": {\r\n      \"createOption\": \"Copy\",\r\n      \"sourceResourceId\":
        \"/subscriptions/00000000-0000-0000-0000-000000000000/resourceGroups/cli_test_gallery_specialized_000001/providers/Microsoft.Compute/disks/d2\",\r\n
        \     \"sourceUniqueId\": \"4cf3b3a2-fdb8-41ce-8c8c-c5f968de4fb9\"\r\n    },\r\n
        \   \"diskSizeGB\": 10,\r\n    \"encryption\": {\r\n      \"type\": \"EncryptionAtRestWithPlatformKey\"\r\n
        \   },\r\n    \"incremental\": false,\r\n    \"timeCreated\": \"2020-09-03T03:22:10.5324092+00:00\",\r\n
        \   \"provisioningState\": \"Succeeded\",\r\n    \"diskState\": \"Unattached\",\r\n
        \   \"diskSizeBytes\": 10737418240,\r\n    \"uniqueId\": \"17c1fd3d-d092-44b4-8003-b42f6130aaf5\",\r\n
        \   \"networkAccessPolicy\": \"AllowAll\"\r\n  }\r\n}"
    headers:
      cache-control:
      - no-cache
      content-length:
      - '1149'
      content-type:
      - application/json; charset=utf-8
      date:
      - Thu, 03 Sep 2020 03:22:12 GMT
      expires:
      - '-1'
      pragma:
      - no-cache
      server:
      - Microsoft-HTTPAPI/2.0
      - Microsoft-HTTPAPI/2.0
      strict-transport-security:
      - max-age=31536000; includeSubDomains
      transfer-encoding:
      - chunked
      vary:
      - Accept-Encoding
      x-content-type-options:
      - nosniff
      x-ms-ratelimit-remaining-resource:
      - Microsoft.Compute/LowCostGet3Min;4970,Microsoft.Compute/LowCostGet30Min;39970
    status:
      code: 200
      message: OK
- request:
    body: null
    headers:
      Accept:
      - application/json
      Accept-Encoding:
      - gzip, deflate
      CommandName:
      - snapshot create
      Connection:
      - keep-alive
      ParameterSetName:
      - -g -n --source
      User-Agent:
      - python/3.7.4 (Windows-10-10.0.19041-SP0) msrest/0.6.18 msrest_azure/0.6.3
        azure-mgmt-compute/13.0.0 Azure-SDK-For-Python AZURECLI/2.11.1
      accept-language:
      - en-US
    method: GET
    uri: https://management.azure.com/subscriptions/00000000-0000-0000-0000-000000000000/resourceGroups/cli_test_gallery_specialized_000001/providers/Microsoft.Compute/snapshots/d3?api-version=2020-05-01
  response:
    body:
      string: '{"error":{"code":"ResourceNotFound","message":"The Resource ''Microsoft.Compute/snapshots/d3''
        under resource group ''cli_test_gallery_specialized_000001'' was not found.
        For more details please go to https://aka.ms/ARMResourceNotFoundFix"}}'
    headers:
      cache-control:
      - no-cache
      content-length:
      - '277'
      content-type:
      - application/json; charset=utf-8
      date:
      - Thu, 03 Sep 2020 03:22:13 GMT
      expires:
      - '-1'
      pragma:
      - no-cache
      strict-transport-security:
      - max-age=31536000; includeSubDomains
      x-content-type-options:
      - nosniff
      x-ms-failure-cause:
      - gateway
    status:
      code: 404
      message: Not Found
- request:
    body: null
    headers:
      Accept:
      - application/json
      Accept-Encoding:
      - gzip, deflate
      CommandName:
      - snapshot create
      Connection:
      - keep-alive
      ParameterSetName:
      - -g -n --source
      User-Agent:
      - python/3.7.4 (Windows-10-10.0.19041-SP0) msrest/0.6.18 msrest_azure/0.6.3
        azure-mgmt-compute/13.0.0 Azure-SDK-For-Python AZURECLI/2.11.1
      accept-language:
      - en-US
    method: GET
    uri: https://management.azure.com/subscriptions/00000000-0000-0000-0000-000000000000/resourceGroups/cli_test_gallery_specialized_000001/providers/Microsoft.Compute/disks/d3?api-version=2020-06-30
  response:
    body:
      string: "{\r\n  \"name\": \"d3\",\r\n  \"id\": \"/subscriptions/00000000-0000-0000-0000-000000000000/resourceGroups/cli_test_gallery_specialized_000001/providers/Microsoft.Compute/disks/d3\",\r\n
        \ \"type\": \"Microsoft.Compute/disks\",\r\n  \"location\": \"eastus2\",\r\n
        \ \"tags\": {},\r\n  \"sku\": {\r\n    \"name\": \"Premium_LRS\",\r\n    \"tier\":
        \"Premium\"\r\n  },\r\n  \"properties\": {\r\n    \"hyperVGeneration\": \"V1\",\r\n
        \   \"creationData\": {\r\n      \"createOption\": \"Empty\"\r\n    },\r\n
        \   \"diskSizeGB\": 10,\r\n    \"diskIOPSReadWrite\": 120,\r\n    \"diskMBpsReadWrite\":
        25,\r\n    \"encryption\": {\r\n      \"type\": \"EncryptionAtRestWithPlatformKey\"\r\n
        \   },\r\n    \"timeCreated\": \"2020-09-03T03:21:52.2502561+00:00\",\r\n
        \   \"provisioningState\": \"Succeeded\",\r\n    \"diskState\": \"Unattached\",\r\n
        \   \"diskSizeBytes\": 10737418240,\r\n    \"uniqueId\": \"b1837b04-147e-4126-b9e2-656cc86a1402\",\r\n
        \   \"networkAccessPolicy\": \"AllowAll\",\r\n    \"tier\": \"P3\"\r\n  }\r\n}"
    headers:
      cache-control:
      - no-cache
      content-length:
      - '918'
      content-type:
      - application/json; charset=utf-8
      date:
      - Thu, 03 Sep 2020 03:22:13 GMT
      expires:
      - '-1'
      pragma:
      - no-cache
      server:
      - Microsoft-HTTPAPI/2.0
      - Microsoft-HTTPAPI/2.0
      strict-transport-security:
      - max-age=31536000; includeSubDomains
      transfer-encoding:
      - chunked
      vary:
      - Accept-Encoding
      x-content-type-options:
      - nosniff
      x-ms-ratelimit-remaining-resource:
      - Microsoft.Compute/LowCostGet3Min;4969,Microsoft.Compute/LowCostGet30Min;39969
    status:
      code: 200
      message: OK
- request:
    body: null
    headers:
      Accept:
      - application/json
      Accept-Encoding:
      - gzip, deflate
      CommandName:
      - snapshot create
      Connection:
      - keep-alive
      ParameterSetName:
      - -g -n --source
      User-Agent:
      - python/3.7.4 (Windows-10-10.0.19041-SP0) msrest/0.6.18 msrest_azure/0.6.3
        azure-mgmt-resource/10.2.0 Azure-SDK-For-Python AZURECLI/2.11.1
      accept-language:
      - en-US
    method: GET
    uri: https://management.azure.com/subscriptions/00000000-0000-0000-0000-000000000000/resourcegroups/cli_test_gallery_specialized_000001?api-version=2020-06-01
  response:
    body:
      string: '{"id":"/subscriptions/00000000-0000-0000-0000-000000000000/resourceGroups/cli_test_gallery_specialized_000001","name":"cli_test_gallery_specialized_000001","type":"Microsoft.Resources/resourceGroups","location":"eastus2","tags":{"product":"azurecli","cause":"automation","date":"2020-09-03T03:20:07Z"},"properties":{"provisioningState":"Succeeded"}}'
    headers:
      cache-control:
      - no-cache
      content-length:
      - '429'
      content-type:
      - application/json; charset=utf-8
      date:
      - Thu, 03 Sep 2020 03:22:14 GMT
      expires:
      - '-1'
      pragma:
      - no-cache
      strict-transport-security:
      - max-age=31536000; includeSubDomains
      vary:
      - Accept-Encoding
      x-content-type-options:
      - nosniff
    status:
      code: 200
      message: OK
- request:
    body: '{"location": "eastus2", "tags": {}, "sku": {"name": "Standard_LRS"}, "properties":
      {"hyperVGeneration": "V1", "creationData": {"createOption": "Copy", "sourceResourceId":
      "/subscriptions/00000000-0000-0000-0000-000000000000/resourceGroups/cli_test_gallery_specialized_000001/providers/Microsoft.Compute/disks/d3"}}}'
    headers:
      Accept:
      - application/json
      Accept-Encoding:
      - gzip, deflate
      CommandName:
      - snapshot create
      Connection:
      - keep-alive
      Content-Length:
      - '355'
      Content-Type:
      - application/json; charset=utf-8
      ParameterSetName:
      - -g -n --source
      User-Agent:
      - python/3.7.4 (Windows-10-10.0.19041-SP0) msrest/0.6.18 msrest_azure/0.6.3
        azure-mgmt-compute/13.0.0 Azure-SDK-For-Python AZURECLI/2.11.1
      accept-language:
      - en-US
    method: PUT
    uri: https://management.azure.com/subscriptions/00000000-0000-0000-0000-000000000000/resourceGroups/cli_test_gallery_specialized_000001/providers/Microsoft.Compute/snapshots/s3?api-version=2020-05-01
  response:
    body:
      string: "{\r\n  \"location\": \"eastus2\",\r\n  \"tags\": {},\r\n  \"sku\":
        {\r\n    \"name\": \"Standard_LRS\"\r\n  },\r\n  \"properties\": {\r\n    \"hyperVGeneration\":
        \"V1\",\r\n    \"creationData\": {\r\n      \"createOption\": \"Copy\",\r\n
        \     \"sourceResourceId\": \"/subscriptions/00000000-0000-0000-0000-000000000000/resourceGroups/cli_test_gallery_specialized_000001/providers/Microsoft.Compute/disks/d3\",\r\n
        \     \"sourceUniqueId\": \"b1837b04-147e-4126-b9e2-656cc86a1402\"\r\n    },\r\n
        \   \"provisioningState\": \"Updating\",\r\n    \"isArmResource\": true\r\n
        \ }\r\n}"
    headers:
      azure-asyncoperation:
      - https://management.azure.com/subscriptions/00000000-0000-0000-0000-000000000000/providers/Microsoft.Compute/locations/eastus2/DiskOperations/40929ea8-c14e-4355-b6ba-f46fa0de8e26?api-version=2020-05-01
      cache-control:
      - no-cache
      content-length:
      - '547'
      content-type:
      - application/json; charset=utf-8
      date:
      - Thu, 03 Sep 2020 03:22:20 GMT
      expires:
      - '-1'
      location:
      - https://management.azure.com/subscriptions/00000000-0000-0000-0000-000000000000/providers/Microsoft.Compute/locations/eastus2/DiskOperations/40929ea8-c14e-4355-b6ba-f46fa0de8e26?monitor=true&api-version=2020-05-01
      pragma:
      - no-cache
      server:
      - Microsoft-HTTPAPI/2.0
      - Microsoft-HTTPAPI/2.0
      strict-transport-security:
      - max-age=31536000; includeSubDomains
      x-content-type-options:
      - nosniff
      x-ms-ratelimit-remaining-resource:
      - Microsoft.Compute/HighCostSnapshotCreateHydrate3Min;996,Microsoft.Compute/HighCostSnapshotCreateHydrate30Min;7996
      x-ms-ratelimit-remaining-subscription-writes:
      - '1194'
    status:
      code: 202
      message: Accepted
- request:
    body: null
    headers:
      Accept:
      - application/json
      Accept-Encoding:
      - gzip, deflate
      CommandName:
      - snapshot create
      Connection:
      - keep-alive
      ParameterSetName:
      - -g -n --source
      User-Agent:
      - python/3.7.4 (Windows-10-10.0.19041-SP0) msrest/0.6.18 msrest_azure/0.6.3
        azure-mgmt-compute/13.0.0 Azure-SDK-For-Python AZURECLI/2.11.1
    method: GET
    uri: https://management.azure.com/subscriptions/00000000-0000-0000-0000-000000000000/providers/Microsoft.Compute/locations/eastus2/DiskOperations/40929ea8-c14e-4355-b6ba-f46fa0de8e26?api-version=2020-05-01
  response:
    body:
      string: "{\r\n  \"startTime\": \"2020-09-03T03:22:20.1110337+00:00\",\r\n  \"endTime\":
        \"2020-09-03T03:22:21.0641938+00:00\",\r\n  \"status\": \"Succeeded\",\r\n
        \ \"properties\": {\r\n    \"output\": {\r\n  \"name\": \"s3\",\r\n  \"id\":
        \"/subscriptions/00000000-0000-0000-0000-000000000000/resourceGroups/cli_test_gallery_specialized_000001/providers/Microsoft.Compute/snapshots/s3\",\r\n
        \ \"type\": \"Microsoft.Compute/snapshots\",\r\n  \"location\": \"eastus2\",\r\n
        \ \"tags\": {},\r\n  \"sku\": {\r\n    \"name\": \"Standard_LRS\",\r\n    \"tier\":
        \"Standard\"\r\n  },\r\n  \"properties\": {\r\n    \"hyperVGeneration\": \"V1\",\r\n
        \   \"creationData\": {\r\n      \"createOption\": \"Copy\",\r\n      \"sourceResourceId\":
        \"/subscriptions/00000000-0000-0000-0000-000000000000/resourceGroups/cli_test_gallery_specialized_000001/providers/Microsoft.Compute/disks/d3\",\r\n
        \     \"sourceUniqueId\": \"b1837b04-147e-4126-b9e2-656cc86a1402\"\r\n    },\r\n
        \   \"diskSizeGB\": 10,\r\n    \"encryption\": {\r\n      \"type\": \"EncryptionAtRestWithPlatformKey\"\r\n
        \   },\r\n    \"incremental\": false,\r\n    \"timeCreated\": \"2020-09-03T03:22:20.1266502+00:00\",\r\n
        \   \"provisioningState\": \"Succeeded\",\r\n    \"diskState\": \"Unattached\",\r\n
        \   \"diskSizeBytes\": 10737418240,\r\n    \"uniqueId\": \"1e086e94-e10b-4297-a2c5-746bda864772\",\r\n
        \   \"networkAccessPolicy\": \"AllowAll\"\r\n  }\r\n}\r\n  },\r\n  \"name\":
        \"40929ea8-c14e-4355-b6ba-f46fa0de8e26\"\r\n}"
    headers:
      cache-control:
      - no-cache
      content-length:
      - '1374'
      content-type:
      - application/json; charset=utf-8
      date:
      - Thu, 03 Sep 2020 03:22:22 GMT
      expires:
      - '-1'
      pragma:
      - no-cache
      server:
      - Microsoft-HTTPAPI/2.0
      - Microsoft-HTTPAPI/2.0
      strict-transport-security:
      - max-age=31536000; includeSubDomains
      transfer-encoding:
      - chunked
      vary:
      - Accept-Encoding
      x-content-type-options:
      - nosniff
      x-ms-ratelimit-remaining-resource:
      - Microsoft.Compute/GetOperation3Min;49977,Microsoft.Compute/GetOperation30Min;399977
    status:
      code: 200
      message: OK
- request:
    body: null
    headers:
      Accept:
      - application/json
      Accept-Encoding:
      - gzip, deflate
      CommandName:
      - snapshot create
      Connection:
      - keep-alive
      ParameterSetName:
      - -g -n --source
      User-Agent:
      - python/3.7.4 (Windows-10-10.0.19041-SP0) msrest/0.6.18 msrest_azure/0.6.3
        azure-mgmt-compute/13.0.0 Azure-SDK-For-Python AZURECLI/2.11.1
    method: GET
    uri: https://management.azure.com/subscriptions/00000000-0000-0000-0000-000000000000/resourceGroups/cli_test_gallery_specialized_000001/providers/Microsoft.Compute/snapshots/s3?api-version=2020-05-01
  response:
    body:
      string: "{\r\n  \"name\": \"s3\",\r\n  \"id\": \"/subscriptions/00000000-0000-0000-0000-000000000000/resourceGroups/cli_test_gallery_specialized_000001/providers/Microsoft.Compute/snapshots/s3\",\r\n
        \ \"type\": \"Microsoft.Compute/snapshots\",\r\n  \"location\": \"eastus2\",\r\n
        \ \"tags\": {},\r\n  \"sku\": {\r\n    \"name\": \"Standard_LRS\",\r\n    \"tier\":
        \"Standard\"\r\n  },\r\n  \"properties\": {\r\n    \"hyperVGeneration\": \"V1\",\r\n
        \   \"creationData\": {\r\n      \"createOption\": \"Copy\",\r\n      \"sourceResourceId\":
        \"/subscriptions/00000000-0000-0000-0000-000000000000/resourceGroups/cli_test_gallery_specialized_000001/providers/Microsoft.Compute/disks/d3\",\r\n
        \     \"sourceUniqueId\": \"b1837b04-147e-4126-b9e2-656cc86a1402\"\r\n    },\r\n
        \   \"diskSizeGB\": 10,\r\n    \"encryption\": {\r\n      \"type\": \"EncryptionAtRestWithPlatformKey\"\r\n
        \   },\r\n    \"incremental\": false,\r\n    \"timeCreated\": \"2020-09-03T03:22:20.1266502+00:00\",\r\n
        \   \"provisioningState\": \"Succeeded\",\r\n    \"diskState\": \"Unattached\",\r\n
        \   \"diskSizeBytes\": 10737418240,\r\n    \"uniqueId\": \"1e086e94-e10b-4297-a2c5-746bda864772\",\r\n
        \   \"networkAccessPolicy\": \"AllowAll\"\r\n  }\r\n}"
    headers:
      cache-control:
      - no-cache
      content-length:
      - '1149'
      content-type:
      - application/json; charset=utf-8
      date:
      - Thu, 03 Sep 2020 03:22:22 GMT
      expires:
      - '-1'
      pragma:
      - no-cache
      server:
      - Microsoft-HTTPAPI/2.0
      - Microsoft-HTTPAPI/2.0
      strict-transport-security:
      - max-age=31536000; includeSubDomains
      transfer-encoding:
      - chunked
      vary:
      - Accept-Encoding
      x-content-type-options:
      - nosniff
      x-ms-ratelimit-remaining-resource:
      - Microsoft.Compute/LowCostGet3Min;4967,Microsoft.Compute/LowCostGet30Min;39967
    status:
      code: 200
      message: OK
- request:
    body: null
    headers:
      Accept:
      - application/json
      Accept-Encoding:
      - gzip, deflate
      CommandName:
      - sig image-version create
      Connection:
      - keep-alive
      ParameterSetName:
      - -g --gallery-name --gallery-image-definition --gallery-image-version --os-snapshot
        --data-snapshots --data-snapshot-luns
      User-Agent:
      - python/3.7.4 (Windows-10-10.0.19041-SP0) msrest/0.6.18 msrest_azure/0.6.3
        azure-mgmt-resource/10.2.0 Azure-SDK-For-Python AZURECLI/2.11.1
      accept-language:
      - en-US
    method: GET
    uri: https://management.azure.com/subscriptions/00000000-0000-0000-0000-000000000000/resourcegroups/cli_test_gallery_specialized_000001?api-version=2020-06-01
  response:
    body:
      string: '{"id":"/subscriptions/00000000-0000-0000-0000-000000000000/resourceGroups/cli_test_gallery_specialized_000001","name":"cli_test_gallery_specialized_000001","type":"Microsoft.Resources/resourceGroups","location":"eastus2","tags":{"product":"azurecli","cause":"automation","date":"2020-09-03T03:20:07Z"},"properties":{"provisioningState":"Succeeded"}}'
    headers:
      cache-control:
      - no-cache
      content-length:
      - '429'
      content-type:
      - application/json; charset=utf-8
      date:
      - Thu, 03 Sep 2020 03:22:23 GMT
      expires:
      - '-1'
      pragma:
      - no-cache
      strict-transport-security:
      - max-age=31536000; includeSubDomains
      vary:
      - Accept-Encoding
      x-content-type-options:
      - nosniff
    status:
      code: 200
      message: OK
- request:
    body: '{"location": "eastus2", "tags": {}, "properties": {"publishingProfile":
      {"targetRegions": [{"name": "eastus2"}]}, "storageProfile": {"osDiskImage":
      {"source": {"id": "/subscriptions/00000000-0000-0000-0000-000000000000/resourceGroups/cli_test_gallery_specialized_000001/providers/Microsoft.Compute/snapshots/s1"}},
      "dataDiskImages": [{"source": {"id": "/subscriptions/00000000-0000-0000-0000-000000000000/resourceGroups/cli_test_gallery_specialized_000001/providers/Microsoft.Compute/snapshots/s2"},
      "lun": 2}, {"source": {"id": "/subscriptions/00000000-0000-0000-0000-000000000000/resourceGroups/cli_test_gallery_specialized_000001/providers/Microsoft.Compute/snapshots/s3"},
      "lun": 3}]}}}'
    headers:
      Accept:
      - application/json
      Accept-Encoding:
      - gzip, deflate
      CommandName:
      - sig image-version create
      Connection:
      - keep-alive
      Content-Length:
      - '810'
      Content-Type:
      - application/json; charset=utf-8
      ParameterSetName:
      - -g --gallery-name --gallery-image-definition --gallery-image-version --os-snapshot
        --data-snapshots --data-snapshot-luns
      User-Agent:
      - python/3.7.4 (Windows-10-10.0.19041-SP0) msrest/0.6.18 msrest_azure/0.6.3
        azure-mgmt-compute/13.0.0 Azure-SDK-For-Python AZURECLI/2.11.1
      accept-language:
      - en-US
    method: PUT
    uri: https://management.azure.com/subscriptions/00000000-0000-0000-0000-000000000000/resourceGroups/cli_test_gallery_specialized_000001/providers/Microsoft.Compute/galleries/gallery_000002/images/image1/versions/1.0.0?api-version=2019-12-01
  response:
    body:
      string: "{\r\n  \"name\": \"1.0.0\",\r\n  \"id\": \"/subscriptions/00000000-0000-0000-0000-000000000000/resourceGroups/cli_test_gallery_specialized_000001/providers/Microsoft.Compute/galleries/gallery_000002/images/image1/versions/1.0.0\",\r\n
        \ \"type\": \"Microsoft.Compute/galleries/images/versions\",\r\n  \"location\":
        \"eastus2\",\r\n  \"tags\": {},\r\n  \"properties\": {\r\n    \"publishingProfile\":
        {\r\n      \"targetRegions\": [\r\n        {\r\n          \"name\": \"East
        US 2\",\r\n          \"regionalReplicaCount\": 1,\r\n          \"storageAccountType\":
        \"Standard_LRS\"\r\n        }\r\n      ],\r\n      \"replicaCount\": 1,\r\n
        \     \"excludeFromLatest\": false,\r\n      \"publishedDate\": \"2020-09-03T03:22:29.0514679+00:00\",\r\n
        \     \"storageAccountType\": \"Standard_LRS\"\r\n    },\r\n    \"storageProfile\":
        {\r\n      \"osDiskImage\": {\r\n        \"hostCaching\": \"ReadWrite\",\r\n
        \       \"source\": {\r\n          \"id\": \"/subscriptions/00000000-0000-0000-0000-000000000000/resourceGroups/cli_test_gallery_specialized_000001/providers/Microsoft.Compute/snapshots/s1\"\r\n
        \       }\r\n      },\r\n      \"dataDiskImages\": [\r\n        {\r\n          \"lun\":
        2,\r\n          \"hostCaching\": \"ReadOnly\",\r\n          \"source\": {\r\n
        \           \"id\": \"/subscriptions/00000000-0000-0000-0000-000000000000/resourceGroups/cli_test_gallery_specialized_000001/providers/Microsoft.Compute/snapshots/s2\"\r\n
        \         }\r\n        },\r\n        {\r\n          \"lun\": 3,\r\n          \"hostCaching\":
        \"ReadOnly\",\r\n          \"source\": {\r\n            \"id\": \"/subscriptions/00000000-0000-0000-0000-000000000000/resourceGroups/cli_test_gallery_specialized_000001/providers/Microsoft.Compute/snapshots/s3\"\r\n
        \         }\r\n        }\r\n      ]\r\n    },\r\n    \"provisioningState\":
        \"Creating\"\r\n  }\r\n}"
    headers:
      azure-asyncoperation:
      - https://management.azure.com/subscriptions/00000000-0000-0000-0000-000000000000/providers/Microsoft.Compute/locations/eastus2/capsOperations/2f9ddb9d-3eaa-4c4b-8c5b-f68d6644afe0?api-version=2019-12-01
      cache-control:
      - no-cache
      content-length:
      - '1825'
      content-type:
      - application/json; charset=utf-8
      date:
      - Thu, 03 Sep 2020 03:22:31 GMT
      expires:
      - '-1'
      pragma:
      - no-cache
      server:
      - Microsoft-HTTPAPI/2.0
      - Microsoft-HTTPAPI/2.0
      strict-transport-security:
      - max-age=31536000; includeSubDomains
      x-content-type-options:
      - nosniff
      x-ms-ratelimit-remaining-resource:
      - Microsoft.Compute/CreateUpdateGalleryImageVersion3Min;374,Microsoft.Compute/CreateUpdateGalleryImageVersion30Min;1199
      x-ms-ratelimit-remaining-subscription-writes:
      - '1198'
    status:
      code: 201
      message: Created
- request:
    body: null
    headers:
      Accept:
      - application/json
      Accept-Encoding:
      - gzip, deflate
      CommandName:
      - sig image-version create
      Connection:
      - keep-alive
      ParameterSetName:
      - -g --gallery-name --gallery-image-definition --gallery-image-version --os-snapshot
        --data-snapshots --data-snapshot-luns
      User-Agent:
      - python/3.7.4 (Windows-10-10.0.19041-SP0) msrest/0.6.18 msrest_azure/0.6.3
        azure-mgmt-compute/13.0.0 Azure-SDK-For-Python AZURECLI/2.11.1
    method: GET
    uri: https://management.azure.com/subscriptions/00000000-0000-0000-0000-000000000000/providers/Microsoft.Compute/locations/eastus2/capsOperations/2f9ddb9d-3eaa-4c4b-8c5b-f68d6644afe0?api-version=2019-12-01
  response:
    body:
      string: "{\r\n  \"startTime\": \"2020-09-03T03:22:29.0045919+00:00\",\r\n  \"status\":
        \"InProgress\",\r\n  \"name\": \"2f9ddb9d-3eaa-4c4b-8c5b-f68d6644afe0\"\r\n}"
    headers:
      cache-control:
      - no-cache
      content-length:
      - '134'
      content-type:
      - application/json; charset=utf-8
      date:
      - Thu, 03 Sep 2020 03:23:01 GMT
      expires:
      - '-1'
      pragma:
      - no-cache
      server:
      - Microsoft-HTTPAPI/2.0
      - Microsoft-HTTPAPI/2.0
      strict-transport-security:
      - max-age=31536000; includeSubDomains
      transfer-encoding:
      - chunked
      vary:
      - Accept-Encoding
      x-content-type-options:
      - nosniff
      x-ms-ratelimit-remaining-resource:
      - Microsoft.Compute/GetOperationStatus3Min;1194,Microsoft.Compute/GetOperationStatus30Min;2394
    status:
      code: 200
      message: OK
- request:
    body: null
    headers:
      Accept:
      - application/json
      Accept-Encoding:
      - gzip, deflate
      CommandName:
      - sig image-version create
      Connection:
      - keep-alive
      ParameterSetName:
      - -g --gallery-name --gallery-image-definition --gallery-image-version --os-snapshot
        --data-snapshots --data-snapshot-luns
      User-Agent:
      - python/3.7.4 (Windows-10-10.0.19041-SP0) msrest/0.6.18 msrest_azure/0.6.3
        azure-mgmt-compute/13.0.0 Azure-SDK-For-Python AZURECLI/2.11.1
    method: GET
    uri: https://management.azure.com/subscriptions/00000000-0000-0000-0000-000000000000/providers/Microsoft.Compute/locations/eastus2/capsOperations/2f9ddb9d-3eaa-4c4b-8c5b-f68d6644afe0?api-version=2019-12-01
  response:
    body:
      string: "{\r\n  \"startTime\": \"2020-09-03T03:22:29.0045919+00:00\",\r\n  \"status\":
        \"InProgress\",\r\n  \"name\": \"2f9ddb9d-3eaa-4c4b-8c5b-f68d6644afe0\"\r\n}"
    headers:
      cache-control:
      - no-cache
      content-length:
      - '134'
      content-type:
      - application/json; charset=utf-8
      date:
      - Thu, 03 Sep 2020 03:23:33 GMT
      expires:
      - '-1'
      pragma:
      - no-cache
      server:
      - Microsoft-HTTPAPI/2.0
      - Microsoft-HTTPAPI/2.0
      strict-transport-security:
      - max-age=31536000; includeSubDomains
      transfer-encoding:
      - chunked
      vary:
      - Accept-Encoding
      x-content-type-options:
      - nosniff
      x-ms-ratelimit-remaining-resource:
      - Microsoft.Compute/GetOperationStatus3Min;1193,Microsoft.Compute/GetOperationStatus30Min;2391
    status:
      code: 200
      message: OK
- request:
    body: null
    headers:
      Accept:
      - application/json
      Accept-Encoding:
      - gzip, deflate
      CommandName:
      - sig image-version create
      Connection:
      - keep-alive
      ParameterSetName:
      - -g --gallery-name --gallery-image-definition --gallery-image-version --os-snapshot
        --data-snapshots --data-snapshot-luns
      User-Agent:
      - python/3.7.4 (Windows-10-10.0.19041-SP0) msrest/0.6.18 msrest_azure/0.6.3
        azure-mgmt-compute/13.0.0 Azure-SDK-For-Python AZURECLI/2.11.1
    method: GET
    uri: https://management.azure.com/subscriptions/00000000-0000-0000-0000-000000000000/providers/Microsoft.Compute/locations/eastus2/capsOperations/2f9ddb9d-3eaa-4c4b-8c5b-f68d6644afe0?api-version=2019-12-01
  response:
    body:
      string: "{\r\n  \"startTime\": \"2020-09-03T03:22:29.0045919+00:00\",\r\n  \"status\":
        \"InProgress\",\r\n  \"name\": \"2f9ddb9d-3eaa-4c4b-8c5b-f68d6644afe0\"\r\n}"
    headers:
      cache-control:
      - no-cache
      content-length:
      - '134'
      content-type:
      - application/json; charset=utf-8
      date:
      - Thu, 03 Sep 2020 03:24:03 GMT
      expires:
      - '-1'
      pragma:
      - no-cache
      server:
      - Microsoft-HTTPAPI/2.0
      - Microsoft-HTTPAPI/2.0
      strict-transport-security:
      - max-age=31536000; includeSubDomains
      transfer-encoding:
      - chunked
      vary:
      - Accept-Encoding
      x-content-type-options:
      - nosniff
      x-ms-ratelimit-remaining-resource:
      - Microsoft.Compute/GetOperationStatus3Min;1191,Microsoft.Compute/GetOperationStatus30Min;2388
    status:
      code: 200
      message: OK
- request:
    body: null
    headers:
      Accept:
      - application/json
      Accept-Encoding:
      - gzip, deflate
      CommandName:
      - sig image-version create
      Connection:
      - keep-alive
      ParameterSetName:
      - -g --gallery-name --gallery-image-definition --gallery-image-version --os-snapshot
        --data-snapshots --data-snapshot-luns
      User-Agent:
      - python/3.7.4 (Windows-10-10.0.19041-SP0) msrest/0.6.18 msrest_azure/0.6.3
        azure-mgmt-compute/13.0.0 Azure-SDK-For-Python AZURECLI/2.11.1
    method: GET
    uri: https://management.azure.com/subscriptions/00000000-0000-0000-0000-000000000000/providers/Microsoft.Compute/locations/eastus2/capsOperations/2f9ddb9d-3eaa-4c4b-8c5b-f68d6644afe0?api-version=2019-12-01
  response:
    body:
      string: "{\r\n  \"startTime\": \"2020-09-03T03:22:29.0045919+00:00\",\r\n  \"status\":
        \"InProgress\",\r\n  \"name\": \"2f9ddb9d-3eaa-4c4b-8c5b-f68d6644afe0\"\r\n}"
    headers:
      cache-control:
      - no-cache
      content-length:
      - '134'
      content-type:
      - application/json; charset=utf-8
      date:
      - Thu, 03 Sep 2020 03:24:33 GMT
      expires:
      - '-1'
      pragma:
      - no-cache
      server:
      - Microsoft-HTTPAPI/2.0
      - Microsoft-HTTPAPI/2.0
      strict-transport-security:
      - max-age=31536000; includeSubDomains
      transfer-encoding:
      - chunked
      vary:
      - Accept-Encoding
      x-content-type-options:
      - nosniff
      x-ms-ratelimit-remaining-resource:
      - Microsoft.Compute/GetOperationStatus3Min;1189,Microsoft.Compute/GetOperationStatus30Min;2385
    status:
      code: 200
      message: OK
- request:
    body: null
    headers:
      Accept:
      - application/json
      Accept-Encoding:
      - gzip, deflate
      CommandName:
      - sig image-version create
      Connection:
      - keep-alive
      ParameterSetName:
      - -g --gallery-name --gallery-image-definition --gallery-image-version --os-snapshot
        --data-snapshots --data-snapshot-luns
      User-Agent:
      - python/3.7.4 (Windows-10-10.0.19041-SP0) msrest/0.6.18 msrest_azure/0.6.3
        azure-mgmt-compute/13.0.0 Azure-SDK-For-Python AZURECLI/2.11.1
    method: GET
    uri: https://management.azure.com/subscriptions/00000000-0000-0000-0000-000000000000/providers/Microsoft.Compute/locations/eastus2/capsOperations/2f9ddb9d-3eaa-4c4b-8c5b-f68d6644afe0?api-version=2019-12-01
  response:
    body:
      string: "{\r\n  \"startTime\": \"2020-09-03T03:22:29.0045919+00:00\",\r\n  \"status\":
        \"InProgress\",\r\n  \"name\": \"2f9ddb9d-3eaa-4c4b-8c5b-f68d6644afe0\"\r\n}"
    headers:
      cache-control:
      - no-cache
      content-length:
      - '134'
      content-type:
      - application/json; charset=utf-8
      date:
      - Thu, 03 Sep 2020 03:25:03 GMT
      expires:
      - '-1'
      pragma:
      - no-cache
      server:
      - Microsoft-HTTPAPI/2.0
      - Microsoft-HTTPAPI/2.0
      strict-transport-security:
      - max-age=31536000; includeSubDomains
      transfer-encoding:
      - chunked
      vary:
      - Accept-Encoding
      x-content-type-options:
      - nosniff
      x-ms-ratelimit-remaining-resource:
      - Microsoft.Compute/GetOperationStatus3Min;1187,Microsoft.Compute/GetOperationStatus30Min;2383
    status:
      code: 200
      message: OK
- request:
    body: null
    headers:
      Accept:
      - application/json
      Accept-Encoding:
      - gzip, deflate
      CommandName:
      - sig image-version create
      Connection:
      - keep-alive
      ParameterSetName:
      - -g --gallery-name --gallery-image-definition --gallery-image-version --os-snapshot
        --data-snapshots --data-snapshot-luns
      User-Agent:
      - python/3.7.4 (Windows-10-10.0.19041-SP0) msrest/0.6.18 msrest_azure/0.6.3
        azure-mgmt-compute/13.0.0 Azure-SDK-For-Python AZURECLI/2.11.1
    method: GET
    uri: https://management.azure.com/subscriptions/00000000-0000-0000-0000-000000000000/providers/Microsoft.Compute/locations/eastus2/capsOperations/2f9ddb9d-3eaa-4c4b-8c5b-f68d6644afe0?api-version=2019-12-01
  response:
    body:
      string: "{\r\n  \"startTime\": \"2020-09-03T03:22:29.0045919+00:00\",\r\n  \"status\":
        \"InProgress\",\r\n  \"name\": \"2f9ddb9d-3eaa-4c4b-8c5b-f68d6644afe0\"\r\n}"
    headers:
      cache-control:
      - no-cache
      content-length:
      - '134'
      content-type:
      - application/json; charset=utf-8
      date:
      - Thu, 03 Sep 2020 03:25:33 GMT
      expires:
      - '-1'
      pragma:
      - no-cache
      server:
      - Microsoft-HTTPAPI/2.0
      - Microsoft-HTTPAPI/2.0
      strict-transport-security:
      - max-age=31536000; includeSubDomains
      transfer-encoding:
      - chunked
      vary:
      - Accept-Encoding
      x-content-type-options:
      - nosniff
      x-ms-ratelimit-remaining-resource:
      - Microsoft.Compute/GetOperationStatus3Min;1185,Microsoft.Compute/GetOperationStatus30Min;2380
    status:
      code: 200
      message: OK
- request:
    body: null
    headers:
      Accept:
      - application/json
      Accept-Encoding:
      - gzip, deflate
      CommandName:
      - sig image-version create
      Connection:
      - keep-alive
      ParameterSetName:
      - -g --gallery-name --gallery-image-definition --gallery-image-version --os-snapshot
        --data-snapshots --data-snapshot-luns
      User-Agent:
      - python/3.7.4 (Windows-10-10.0.19041-SP0) msrest/0.6.18 msrest_azure/0.6.3
        azure-mgmt-compute/13.0.0 Azure-SDK-For-Python AZURECLI/2.11.1
    method: GET
    uri: https://management.azure.com/subscriptions/00000000-0000-0000-0000-000000000000/providers/Microsoft.Compute/locations/eastus2/capsOperations/2f9ddb9d-3eaa-4c4b-8c5b-f68d6644afe0?api-version=2019-12-01
  response:
    body:
      string: "{\r\n  \"startTime\": \"2020-09-03T03:22:29.0045919+00:00\",\r\n  \"status\":
        \"InProgress\",\r\n  \"name\": \"2f9ddb9d-3eaa-4c4b-8c5b-f68d6644afe0\"\r\n}"
    headers:
      cache-control:
      - no-cache
      content-length:
      - '134'
      content-type:
      - application/json; charset=utf-8
      date:
      - Thu, 03 Sep 2020 03:26:03 GMT
      expires:
      - '-1'
      pragma:
      - no-cache
      server:
      - Microsoft-HTTPAPI/2.0
      - Microsoft-HTTPAPI/2.0
      strict-transport-security:
      - max-age=31536000; includeSubDomains
      transfer-encoding:
      - chunked
      vary:
      - Accept-Encoding
      x-content-type-options:
      - nosniff
      x-ms-ratelimit-remaining-resource:
      - Microsoft.Compute/GetOperationStatus3Min;1185,Microsoft.Compute/GetOperationStatus30Min;2377
    status:
      code: 200
      message: OK
- request:
    body: null
    headers:
      Accept:
      - application/json
      Accept-Encoding:
      - gzip, deflate
      CommandName:
      - sig image-version create
      Connection:
      - keep-alive
      ParameterSetName:
      - -g --gallery-name --gallery-image-definition --gallery-image-version --os-snapshot
        --data-snapshots --data-snapshot-luns
      User-Agent:
      - python/3.7.4 (Windows-10-10.0.19041-SP0) msrest/0.6.18 msrest_azure/0.6.3
        azure-mgmt-compute/13.0.0 Azure-SDK-For-Python AZURECLI/2.11.1
    method: GET
    uri: https://management.azure.com/subscriptions/00000000-0000-0000-0000-000000000000/providers/Microsoft.Compute/locations/eastus2/capsOperations/2f9ddb9d-3eaa-4c4b-8c5b-f68d6644afe0?api-version=2019-12-01
  response:
    body:
      string: "{\r\n  \"startTime\": \"2020-09-03T03:22:29.0045919+00:00\",\r\n  \"status\":
        \"InProgress\",\r\n  \"name\": \"2f9ddb9d-3eaa-4c4b-8c5b-f68d6644afe0\"\r\n}"
    headers:
      cache-control:
      - no-cache
      content-length:
      - '134'
      content-type:
      - application/json; charset=utf-8
      date:
      - Thu, 03 Sep 2020 03:26:35 GMT
      expires:
      - '-1'
      pragma:
      - no-cache
      server:
      - Microsoft-HTTPAPI/2.0
      - Microsoft-HTTPAPI/2.0
      strict-transport-security:
      - max-age=31536000; includeSubDomains
      transfer-encoding:
      - chunked
      vary:
      - Accept-Encoding
      x-content-type-options:
      - nosniff
      x-ms-ratelimit-remaining-resource:
      - Microsoft.Compute/GetOperationStatus3Min;1185,Microsoft.Compute/GetOperationStatus30Min;2374
    status:
      code: 200
      message: OK
- request:
    body: null
    headers:
      Accept:
      - application/json
      Accept-Encoding:
      - gzip, deflate
      CommandName:
      - sig image-version create
      Connection:
      - keep-alive
      ParameterSetName:
      - -g --gallery-name --gallery-image-definition --gallery-image-version --os-snapshot
        --data-snapshots --data-snapshot-luns
      User-Agent:
      - python/3.7.4 (Windows-10-10.0.19041-SP0) msrest/0.6.18 msrest_azure/0.6.3
        azure-mgmt-compute/13.0.0 Azure-SDK-For-Python AZURECLI/2.11.1
    method: GET
    uri: https://management.azure.com/subscriptions/00000000-0000-0000-0000-000000000000/providers/Microsoft.Compute/locations/eastus2/capsOperations/2f9ddb9d-3eaa-4c4b-8c5b-f68d6644afe0?api-version=2019-12-01
  response:
    body:
      string: "{\r\n  \"startTime\": \"2020-09-03T03:22:29.0045919+00:00\",\r\n  \"status\":
        \"InProgress\",\r\n  \"name\": \"2f9ddb9d-3eaa-4c4b-8c5b-f68d6644afe0\"\r\n}"
    headers:
      cache-control:
      - no-cache
      content-length:
      - '134'
      content-type:
      - application/json; charset=utf-8
      date:
      - Thu, 03 Sep 2020 03:27:05 GMT
      expires:
      - '-1'
      pragma:
      - no-cache
      server:
      - Microsoft-HTTPAPI/2.0
      - Microsoft-HTTPAPI/2.0
      strict-transport-security:
      - max-age=31536000; includeSubDomains
      transfer-encoding:
      - chunked
      vary:
      - Accept-Encoding
      x-content-type-options:
      - nosniff
      x-ms-ratelimit-remaining-resource:
      - Microsoft.Compute/GetOperationStatus3Min;1184,Microsoft.Compute/GetOperationStatus30Min;2371
    status:
      code: 200
      message: OK
- request:
    body: null
    headers:
      Accept:
      - application/json
      Accept-Encoding:
      - gzip, deflate
      CommandName:
      - sig image-version create
      Connection:
      - keep-alive
      ParameterSetName:
      - -g --gallery-name --gallery-image-definition --gallery-image-version --os-snapshot
        --data-snapshots --data-snapshot-luns
      User-Agent:
      - python/3.7.4 (Windows-10-10.0.19041-SP0) msrest/0.6.18 msrest_azure/0.6.3
        azure-mgmt-compute/13.0.0 Azure-SDK-For-Python AZURECLI/2.11.1
    method: GET
    uri: https://management.azure.com/subscriptions/00000000-0000-0000-0000-000000000000/providers/Microsoft.Compute/locations/eastus2/capsOperations/2f9ddb9d-3eaa-4c4b-8c5b-f68d6644afe0?api-version=2019-12-01
  response:
    body:
      string: "{\r\n  \"startTime\": \"2020-09-03T03:22:29.0045919+00:00\",\r\n  \"status\":
        \"InProgress\",\r\n  \"name\": \"2f9ddb9d-3eaa-4c4b-8c5b-f68d6644afe0\"\r\n}"
    headers:
      cache-control:
      - no-cache
      content-length:
      - '134'
      content-type:
      - application/json; charset=utf-8
      date:
      - Thu, 03 Sep 2020 03:27:35 GMT
      expires:
      - '-1'
      pragma:
      - no-cache
      server:
      - Microsoft-HTTPAPI/2.0
      - Microsoft-HTTPAPI/2.0
      strict-transport-security:
      - max-age=31536000; includeSubDomains
      transfer-encoding:
      - chunked
      vary:
      - Accept-Encoding
      x-content-type-options:
      - nosniff
      x-ms-ratelimit-remaining-resource:
      - Microsoft.Compute/GetOperationStatus3Min;1185,Microsoft.Compute/GetOperationStatus30Min;2369
    status:
      code: 200
      message: OK
- request:
    body: null
    headers:
      Accept:
      - application/json
      Accept-Encoding:
      - gzip, deflate
      CommandName:
      - sig image-version create
      Connection:
      - keep-alive
      ParameterSetName:
      - -g --gallery-name --gallery-image-definition --gallery-image-version --os-snapshot
        --data-snapshots --data-snapshot-luns
      User-Agent:
      - python/3.7.4 (Windows-10-10.0.19041-SP0) msrest/0.6.18 msrest_azure/0.6.3
        azure-mgmt-compute/13.0.0 Azure-SDK-For-Python AZURECLI/2.11.1
    method: GET
    uri: https://management.azure.com/subscriptions/00000000-0000-0000-0000-000000000000/providers/Microsoft.Compute/locations/eastus2/capsOperations/2f9ddb9d-3eaa-4c4b-8c5b-f68d6644afe0?api-version=2019-12-01
  response:
    body:
      string: "{\r\n  \"startTime\": \"2020-09-03T03:22:29.0045919+00:00\",\r\n  \"status\":
        \"InProgress\",\r\n  \"name\": \"2f9ddb9d-3eaa-4c4b-8c5b-f68d6644afe0\"\r\n}"
    headers:
      cache-control:
      - no-cache
      content-length:
      - '134'
      content-type:
      - application/json; charset=utf-8
      date:
      - Thu, 03 Sep 2020 03:28:05 GMT
      expires:
      - '-1'
      pragma:
      - no-cache
      server:
      - Microsoft-HTTPAPI/2.0
      - Microsoft-HTTPAPI/2.0
      strict-transport-security:
      - max-age=31536000; includeSubDomains
      transfer-encoding:
      - chunked
      vary:
      - Accept-Encoding
      x-content-type-options:
      - nosniff
      x-ms-ratelimit-remaining-resource:
      - Microsoft.Compute/GetOperationStatus3Min;1185,Microsoft.Compute/GetOperationStatus30Min;2366
    status:
      code: 200
      message: OK
- request:
    body: null
    headers:
      Accept:
      - application/json
      Accept-Encoding:
      - gzip, deflate
      CommandName:
      - sig image-version create
      Connection:
      - keep-alive
      ParameterSetName:
      - -g --gallery-name --gallery-image-definition --gallery-image-version --os-snapshot
        --data-snapshots --data-snapshot-luns
      User-Agent:
      - python/3.7.4 (Windows-10-10.0.19041-SP0) msrest/0.6.18 msrest_azure/0.6.3
        azure-mgmt-compute/13.0.0 Azure-SDK-For-Python AZURECLI/2.11.1
    method: GET
    uri: https://management.azure.com/subscriptions/00000000-0000-0000-0000-000000000000/providers/Microsoft.Compute/locations/eastus2/capsOperations/2f9ddb9d-3eaa-4c4b-8c5b-f68d6644afe0?api-version=2019-12-01
  response:
    body:
      string: "{\r\n  \"startTime\": \"2020-09-03T03:22:29.0045919+00:00\",\r\n  \"status\":
        \"InProgress\",\r\n  \"name\": \"2f9ddb9d-3eaa-4c4b-8c5b-f68d6644afe0\"\r\n}"
    headers:
      cache-control:
      - no-cache
      content-length:
      - '134'
      content-type:
      - application/json; charset=utf-8
      date:
      - Thu, 03 Sep 2020 03:28:35 GMT
      expires:
      - '-1'
      pragma:
      - no-cache
      server:
      - Microsoft-HTTPAPI/2.0
      - Microsoft-HTTPAPI/2.0
      strict-transport-security:
      - max-age=31536000; includeSubDomains
      transfer-encoding:
      - chunked
      vary:
      - Accept-Encoding
      x-content-type-options:
      - nosniff
      x-ms-ratelimit-remaining-resource:
      - Microsoft.Compute/GetOperationStatus3Min;1185,Microsoft.Compute/GetOperationStatus30Min;2363
    status:
      code: 200
      message: OK
- request:
    body: null
    headers:
      Accept:
      - application/json
      Accept-Encoding:
      - gzip, deflate
      CommandName:
      - sig image-version create
      Connection:
      - keep-alive
      ParameterSetName:
      - -g --gallery-name --gallery-image-definition --gallery-image-version --os-snapshot
        --data-snapshots --data-snapshot-luns
      User-Agent:
      - python/3.7.4 (Windows-10-10.0.19041-SP0) msrest/0.6.18 msrest_azure/0.6.3
        azure-mgmt-compute/13.0.0 Azure-SDK-For-Python AZURECLI/2.11.1
    method: GET
    uri: https://management.azure.com/subscriptions/00000000-0000-0000-0000-000000000000/providers/Microsoft.Compute/locations/eastus2/capsOperations/2f9ddb9d-3eaa-4c4b-8c5b-f68d6644afe0?api-version=2019-12-01
  response:
    body:
      string: "{\r\n  \"startTime\": \"2020-09-03T03:22:29.0045919+00:00\",\r\n  \"status\":
        \"InProgress\",\r\n  \"name\": \"2f9ddb9d-3eaa-4c4b-8c5b-f68d6644afe0\"\r\n}"
    headers:
      cache-control:
      - no-cache
      content-length:
      - '134'
      content-type:
      - application/json; charset=utf-8
      date:
      - Thu, 03 Sep 2020 03:29:06 GMT
      expires:
      - '-1'
      pragma:
      - no-cache
      server:
      - Microsoft-HTTPAPI/2.0
      - Microsoft-HTTPAPI/2.0
      strict-transport-security:
      - max-age=31536000; includeSubDomains
      transfer-encoding:
      - chunked
      vary:
      - Accept-Encoding
      x-content-type-options:
      - nosniff
      x-ms-ratelimit-remaining-resource:
      - Microsoft.Compute/GetOperationStatus3Min;1185,Microsoft.Compute/GetOperationStatus30Min;2360
    status:
      code: 200
      message: OK
- request:
    body: null
    headers:
      Accept:
      - application/json
      Accept-Encoding:
      - gzip, deflate
      CommandName:
      - sig image-version create
      Connection:
      - keep-alive
      ParameterSetName:
      - -g --gallery-name --gallery-image-definition --gallery-image-version --os-snapshot
        --data-snapshots --data-snapshot-luns
      User-Agent:
      - python/3.7.4 (Windows-10-10.0.19041-SP0) msrest/0.6.18 msrest_azure/0.6.3
        azure-mgmt-compute/13.0.0 Azure-SDK-For-Python AZURECLI/2.11.1
    method: GET
    uri: https://management.azure.com/subscriptions/00000000-0000-0000-0000-000000000000/providers/Microsoft.Compute/locations/eastus2/capsOperations/2f9ddb9d-3eaa-4c4b-8c5b-f68d6644afe0?api-version=2019-12-01
  response:
    body:
      string: "{\r\n  \"startTime\": \"2020-09-03T03:22:29.0045919+00:00\",\r\n  \"status\":
        \"InProgress\",\r\n  \"name\": \"2f9ddb9d-3eaa-4c4b-8c5b-f68d6644afe0\"\r\n}"
    headers:
      cache-control:
      - no-cache
      content-length:
      - '134'
      content-type:
      - application/json; charset=utf-8
      date:
      - Thu, 03 Sep 2020 03:29:37 GMT
      expires:
      - '-1'
      pragma:
      - no-cache
      server:
      - Microsoft-HTTPAPI/2.0
      - Microsoft-HTTPAPI/2.0
      strict-transport-security:
      - max-age=31536000; includeSubDomains
      transfer-encoding:
      - chunked
      vary:
      - Accept-Encoding
      x-content-type-options:
      - nosniff
      x-ms-ratelimit-remaining-resource:
      - Microsoft.Compute/GetOperationStatus3Min;1184,Microsoft.Compute/GetOperationStatus30Min;2357
    status:
      code: 200
      message: OK
- request:
    body: null
    headers:
      Accept:
      - application/json
      Accept-Encoding:
      - gzip, deflate
      CommandName:
      - sig image-version create
      Connection:
      - keep-alive
      ParameterSetName:
      - -g --gallery-name --gallery-image-definition --gallery-image-version --os-snapshot
        --data-snapshots --data-snapshot-luns
      User-Agent:
      - python/3.7.4 (Windows-10-10.0.19041-SP0) msrest/0.6.18 msrest_azure/0.6.3
        azure-mgmt-compute/13.0.0 Azure-SDK-For-Python AZURECLI/2.11.1
    method: GET
    uri: https://management.azure.com/subscriptions/00000000-0000-0000-0000-000000000000/providers/Microsoft.Compute/locations/eastus2/capsOperations/2f9ddb9d-3eaa-4c4b-8c5b-f68d6644afe0?api-version=2019-12-01
  response:
    body:
      string: "{\r\n  \"startTime\": \"2020-09-03T03:22:29.0045919+00:00\",\r\n  \"status\":
        \"InProgress\",\r\n  \"name\": \"2f9ddb9d-3eaa-4c4b-8c5b-f68d6644afe0\"\r\n}"
    headers:
      cache-control:
      - no-cache
      content-length:
      - '134'
      content-type:
      - application/json; charset=utf-8
      date:
      - Thu, 03 Sep 2020 03:30:07 GMT
      expires:
      - '-1'
      pragma:
      - no-cache
      server:
      - Microsoft-HTTPAPI/2.0
      - Microsoft-HTTPAPI/2.0
      strict-transport-security:
      - max-age=31536000; includeSubDomains
      transfer-encoding:
      - chunked
      vary:
      - Accept-Encoding
      x-content-type-options:
      - nosniff
      x-ms-ratelimit-remaining-resource:
      - Microsoft.Compute/GetOperationStatus3Min;1185,Microsoft.Compute/GetOperationStatus30Min;2355
    status:
      code: 200
      message: OK
- request:
    body: null
    headers:
      Accept:
      - application/json
      Accept-Encoding:
      - gzip, deflate
      CommandName:
      - sig image-version create
      Connection:
      - keep-alive
      ParameterSetName:
      - -g --gallery-name --gallery-image-definition --gallery-image-version --os-snapshot
        --data-snapshots --data-snapshot-luns
      User-Agent:
      - python/3.7.4 (Windows-10-10.0.19041-SP0) msrest/0.6.18 msrest_azure/0.6.3
        azure-mgmt-compute/13.0.0 Azure-SDK-For-Python AZURECLI/2.11.1
    method: GET
    uri: https://management.azure.com/subscriptions/00000000-0000-0000-0000-000000000000/providers/Microsoft.Compute/locations/eastus2/capsOperations/2f9ddb9d-3eaa-4c4b-8c5b-f68d6644afe0?api-version=2019-12-01
  response:
    body:
      string: "{\r\n  \"startTime\": \"2020-09-03T03:22:29.0045919+00:00\",\r\n  \"endTime\":
        \"2020-09-03T03:30:15.0555188+00:00\",\r\n  \"status\": \"Succeeded\",\r\n
        \ \"name\": \"2f9ddb9d-3eaa-4c4b-8c5b-f68d6644afe0\"\r\n}"
    headers:
      cache-control:
      - no-cache
      content-length:
      - '184'
      content-type:
      - application/json; charset=utf-8
      date:
      - Thu, 03 Sep 2020 03:30:37 GMT
      expires:
      - '-1'
      pragma:
      - no-cache
      server:
      - Microsoft-HTTPAPI/2.0
      - Microsoft-HTTPAPI/2.0
      strict-transport-security:
      - max-age=31536000; includeSubDomains
      transfer-encoding:
      - chunked
      vary:
      - Accept-Encoding
      x-content-type-options:
      - nosniff
      x-ms-ratelimit-remaining-resource:
      - Microsoft.Compute/GetOperationStatus3Min;1185,Microsoft.Compute/GetOperationStatus30Min;2352
    status:
      code: 200
      message: OK
- request:
    body: null
    headers:
      Accept:
      - application/json
      Accept-Encoding:
      - gzip, deflate
      CommandName:
      - sig image-version create
      Connection:
      - keep-alive
      ParameterSetName:
      - -g --gallery-name --gallery-image-definition --gallery-image-version --os-snapshot
        --data-snapshots --data-snapshot-luns
      User-Agent:
      - python/3.7.4 (Windows-10-10.0.19041-SP0) msrest/0.6.18 msrest_azure/0.6.3
        azure-mgmt-compute/13.0.0 Azure-SDK-For-Python AZURECLI/2.11.1
    method: GET
    uri: https://management.azure.com/subscriptions/00000000-0000-0000-0000-000000000000/resourceGroups/cli_test_gallery_specialized_000001/providers/Microsoft.Compute/galleries/gallery_000002/images/image1/versions/1.0.0?api-version=2019-12-01
  response:
    body:
      string: "{\r\n  \"name\": \"1.0.0\",\r\n  \"id\": \"/subscriptions/00000000-0000-0000-0000-000000000000/resourceGroups/cli_test_gallery_specialized_000001/providers/Microsoft.Compute/galleries/gallery_000002/images/image1/versions/1.0.0\",\r\n
        \ \"type\": \"Microsoft.Compute/galleries/images/versions\",\r\n  \"location\":
        \"eastus2\",\r\n  \"tags\": {},\r\n  \"properties\": {\r\n    \"publishingProfile\":
        {\r\n      \"targetRegions\": [\r\n        {\r\n          \"name\": \"East
        US 2\",\r\n          \"regionalReplicaCount\": 1,\r\n          \"storageAccountType\":
        \"Standard_LRS\"\r\n        }\r\n      ],\r\n      \"replicaCount\": 1,\r\n
        \     \"excludeFromLatest\": false,\r\n      \"publishedDate\": \"2020-09-03T03:22:29.0514679+00:00\",\r\n
        \     \"storageAccountType\": \"Standard_LRS\"\r\n    },\r\n    \"storageProfile\":
        {\r\n      \"osDiskImage\": {\r\n        \"sizeInGB\": 10,\r\n        \"hostCaching\":
        \"ReadWrite\",\r\n        \"source\": {\r\n          \"id\": \"/subscriptions/00000000-0000-0000-0000-000000000000/resourceGroups/cli_test_gallery_specialized_000001/providers/Microsoft.Compute/snapshots/s1\"\r\n
        \       }\r\n      },\r\n      \"dataDiskImages\": [\r\n        {\r\n          \"lun\":
        2,\r\n          \"sizeInGB\": 10,\r\n          \"hostCaching\": \"ReadOnly\",\r\n
        \         \"source\": {\r\n            \"id\": \"/subscriptions/00000000-0000-0000-0000-000000000000/resourceGroups/cli_test_gallery_specialized_000001/providers/Microsoft.Compute/snapshots/s2\"\r\n
        \         }\r\n        },\r\n        {\r\n          \"lun\": 3,\r\n          \"sizeInGB\":
        10,\r\n          \"hostCaching\": \"ReadOnly\",\r\n          \"source\": {\r\n
        \           \"id\": \"/subscriptions/00000000-0000-0000-0000-000000000000/resourceGroups/cli_test_gallery_specialized_000001/providers/Microsoft.Compute/snapshots/s3\"\r\n
        \         }\r\n        }\r\n      ]\r\n    },\r\n    \"provisioningState\":
        \"Succeeded\"\r\n  }\r\n}"
    headers:
      cache-control:
      - no-cache
      content-length:
      - '1905'
      content-type:
      - application/json; charset=utf-8
      date:
      - Thu, 03 Sep 2020 03:30:37 GMT
      expires:
      - '-1'
      pragma:
      - no-cache
      server:
      - Microsoft-HTTPAPI/2.0
      - Microsoft-HTTPAPI/2.0
      strict-transport-security:
      - max-age=31536000; includeSubDomains
      transfer-encoding:
      - chunked
      vary:
      - Accept-Encoding
      x-content-type-options:
      - nosniff
      x-ms-ratelimit-remaining-resource:
      - Microsoft.Compute/GetGalleryImageVersion3Min;1997,Microsoft.Compute/GetGalleryImageVersion30Min;9995
    status:
      code: 200
      message: OK
version: 1
