interactions:
- request:
    body: null
    headers:
      Accept:
      - application/json
      Accept-Encoding:
      - gzip, deflate
      CommandName:
      - vm create
      Connection:
      - keep-alive
      ParameterSetName:
      - -g -n --image --data-disk-sizes-gb --admin-username --generate-ssh-keys --nsg-rule
      User-Agent:
      - AZURECLI/2.55.0 azsdk-python-azure-mgmt-resource/23.1.0b2 Python/3.10.11 (Windows-10-10.0.22631-SP0)
    method: GET
    uri: https://management.azure.com/subscriptions/00000000-0000-0000-0000-000000000000/resourcegroups/clitest.rg000001?api-version=2022-09-01
  response:
    body:
      string: '{"id":"/subscriptions/00000000-0000-0000-0000-000000000000/resourceGroups/clitest.rg000001","name":"clitest.rg000001","type":"Microsoft.Resources/resourceGroups","location":"westus","tags":{"product":"azurecli","cause":"automation","test":"test_vm_generic_update","date":"2023-12-19T09:02:39Z","module":"vm"},"properties":{"provisioningState":"Succeeded"}}'
    headers:
      cache-control:
      - no-cache
      content-length:
      - '356'
      content-type:
      - application/json; charset=utf-8
      date:
      - Tue, 19 Dec 2023 09:02:42 GMT
      expires:
      - '-1'
      pragma:
      - no-cache
      strict-transport-security:
      - max-age=31536000; includeSubDomains
      vary:
      - Accept-Encoding
      x-content-type-options:
      - nosniff
    status:
      code: 200
      message: OK
- request:
    body: null
    headers:
      Accept:
      - application/json
      Accept-Encoding:
      - gzip, deflate
      CommandName:
      - vm create
      Connection:
      - keep-alive
      ParameterSetName:
      - -g -n --image --data-disk-sizes-gb --admin-username --generate-ssh-keys --nsg-rule
      User-Agent:
      - AZURECLI/2.55.0 azsdk-python-azure-mgmt-compute/30.4.0 Python/3.10.11 (Windows-10-10.0.22631-SP0)
    method: GET
    uri: https://management.azure.com/subscriptions/00000000-0000-0000-0000-000000000000/providers/Microsoft.Compute/locations/westus/publishers/Debian/artifacttypes/vmimage/offers/debian-10/skus/10/versions?$top=1&$orderby=name%20desc&api-version=2023-09-01
  response:
    body:
      string: "[\r\n  {\r\n    \"location\": \"westus\",\r\n    \"name\": \"0.20230802.1460\",\r\n
        \   \"id\": \"/Subscriptions/00000000-0000-0000-0000-000000000000/Providers/Microsoft.Compute/Locations/westus/Publishers/Debian/ArtifactTypes/VMImage/Offers/debian-10/Skus/10/Versions/0.20230802.1460\"\r\n
        \ }\r\n]"
    headers:
      cache-control:
      - no-cache
      content-length:
      - '273'
      content-type:
      - application/json; charset=utf-8
      date:
      - Tue, 19 Dec 2023 09:02:43 GMT
      expires:
      - '-1'
      pragma:
      - no-cache
      server:
      - Microsoft-HTTPAPI/2.0
      - Microsoft-HTTPAPI/2.0
      strict-transport-security:
      - max-age=31536000; includeSubDomains
      transfer-encoding:
      - chunked
      vary:
      - Accept-Encoding
      x-content-type-options:
      - nosniff
      x-ms-ratelimit-remaining-resource:
      - Microsoft.Compute/ListVMImagesVersionsFromLocation3Min;15999,Microsoft.Compute/ListVMImagesVersionsFromLocation30Min;43918
    status:
      code: 200
      message: OK
- request:
    body: null
    headers:
      Accept:
      - application/json
      Accept-Encoding:
      - gzip, deflate
      CommandName:
      - vm create
      Connection:
      - keep-alive
      ParameterSetName:
      - -g -n --image --data-disk-sizes-gb --admin-username --generate-ssh-keys --nsg-rule
      User-Agent:
      - AZURECLI/2.55.0 azsdk-python-azure-mgmt-compute/30.4.0 Python/3.10.11 (Windows-10-10.0.22631-SP0)
    method: GET
    uri: https://management.azure.com/subscriptions/00000000-0000-0000-0000-000000000000/providers/Microsoft.Compute/locations/westus/publishers/Debian/artifacttypes/vmimage/offers/debian-10/skus/10/versions/0.20230802.1460?api-version=2023-09-01
  response:
    body:
      string: "{\r\n  \"properties\": {\r\n    \"hyperVGeneration\": \"V1\",\r\n    \"architecture\":
        \"x64\",\r\n    \"replicaType\": \"Unmanaged\",\r\n    \"disallowed\": {\r\n
        \     \"vmDiskType\": \"None\"\r\n    },\r\n    \"automaticOSUpgradeProperties\":
        {\r\n      \"automaticOSUpgradeSupported\": false\r\n    },\r\n    \"imageDeprecationStatus\":
        {\r\n      \"imageState\": \"Active\"\r\n    },\r\n    \"features\": [\r\n
        \     {\r\n        \"name\": \"IsAcceleratedNetworkSupported\",\r\n        \"value\":
        \"True\"\r\n      },\r\n      {\r\n        \"name\": \"DiskControllerTypes\",\r\n
        \       \"value\": \"SCSI\"\r\n      },\r\n      {\r\n        \"name\": \"IsHibernateSupported\",\r\n
        \       \"value\": \"False\"\r\n      }\r\n    ],\r\n    \"osDiskImage\":
        {\r\n      \"operatingSystem\": \"Linux\",\r\n      \"sizeInBytes\": 32212255232\r\n
        \   },\r\n    \"dataDiskImages\": []\r\n  },\r\n  \"location\": \"westus\",\r\n
        \ \"name\": \"0.20230802.1460\",\r\n  \"id\": \"/Subscriptions/00000000-0000-0000-0000-000000000000/Providers/Microsoft.Compute/Locations/westus/Publishers/Debian/ArtifactTypes/VMImage/Offers/debian-10/Skus/10/Versions/0.20230802.1460\"\r\n}"
    headers:
      cache-control:
      - no-cache
      content-length:
      - '1008'
      content-type:
      - application/json; charset=utf-8
      date:
      - Tue, 19 Dec 2023 09:02:44 GMT
      expires:
      - '-1'
      pragma:
      - no-cache
      server:
      - Microsoft-HTTPAPI/2.0
      - Microsoft-HTTPAPI/2.0
      strict-transport-security:
      - max-age=31536000; includeSubDomains
      transfer-encoding:
      - chunked
      vary:
      - Accept-Encoding
      x-content-type-options:
      - nosniff
      x-ms-ratelimit-remaining-resource:
      - Microsoft.Compute/GetVMImageFromLocation3Min;12999,Microsoft.Compute/GetVMImageFromLocation30Min;73943
    status:
      code: 200
      message: OK
- request:
    body: null
    headers:
      Accept:
      - application/json
      Accept-Encoding:
      - gzip, deflate
      CommandName:
      - vm create
      Connection:
      - keep-alive
      ParameterSetName:
      - -g -n --image --data-disk-sizes-gb --admin-username --generate-ssh-keys --nsg-rule
      User-Agent:
      - AZURECLI/2.55.0 (AAZ) azsdk-python-core/1.28.0 Python/3.10.11 (Windows-10-10.0.22631-SP0)
    method: GET
    uri: https://management.azure.com/subscriptions/00000000-0000-0000-0000-000000000000/resourceGroups/clitest.rg000001/providers/Microsoft.Network/virtualNetworks?api-version=2022-01-01
  response:
    body:
      string: '{"value":[]}'
    headers:
      cache-control:
      - no-cache
      content-length:
      - '12'
      content-type:
      - application/json; charset=utf-8
      date:
      - Tue, 19 Dec 2023 09:02:45 GMT
      expires:
      - '-1'
      pragma:
      - no-cache
      strict-transport-security:
      - max-age=31536000; includeSubDomains
      vary:
      - Accept-Encoding
      x-content-type-options:
      - nosniff
    status:
      code: 200
      message: OK
- request:
    body: null
    headers:
      Accept:
      - application/json
      Accept-Encoding:
      - gzip, deflate
      CommandName:
      - vm create
      Connection:
      - keep-alive
      ParameterSetName:
      - -g -n --image --data-disk-sizes-gb --admin-username --generate-ssh-keys --nsg-rule
      User-Agent:
      - AZURECLI/2.55.0 azsdk-python-azure-mgmt-compute/30.4.0 Python/3.10.11 (Windows-10-10.0.22631-SP0)
    method: GET
    uri: https://management.azure.com/subscriptions/00000000-0000-0000-0000-000000000000/providers/Microsoft.Compute/locations/westus/publishers/Debian/artifacttypes/vmimage/offers/debian-10/skus/10/versions?$top=1&$orderby=name%20desc&api-version=2023-09-01
  response:
    body:
      string: "[\r\n  {\r\n    \"location\": \"westus\",\r\n    \"name\": \"0.20230802.1460\",\r\n
        \   \"id\": \"/Subscriptions/00000000-0000-0000-0000-000000000000/Providers/Microsoft.Compute/Locations/westus/Publishers/Debian/ArtifactTypes/VMImage/Offers/debian-10/Skus/10/Versions/0.20230802.1460\"\r\n
        \ }\r\n]"
    headers:
      cache-control:
      - no-cache
      content-length:
      - '273'
      content-type:
      - application/json; charset=utf-8
      date:
      - Tue, 19 Dec 2023 09:02:47 GMT
      expires:
      - '-1'
      pragma:
      - no-cache
      server:
      - Microsoft-HTTPAPI/2.0
      - Microsoft-HTTPAPI/2.0
      strict-transport-security:
      - max-age=31536000; includeSubDomains
      transfer-encoding:
      - chunked
      vary:
      - Accept-Encoding
      x-content-type-options:
      - nosniff
      x-ms-ratelimit-remaining-resource:
      - Microsoft.Compute/ListVMImagesVersionsFromLocation3Min;15998,Microsoft.Compute/ListVMImagesVersionsFromLocation30Min;43917
    status:
      code: 200
      message: OK
- request:
    body: null
    headers:
      Accept:
      - application/json
      Accept-Encoding:
      - gzip, deflate
      CommandName:
      - vm create
      Connection:
      - keep-alive
      ParameterSetName:
      - -g -n --image --data-disk-sizes-gb --admin-username --generate-ssh-keys --nsg-rule
      User-Agent:
      - AZURECLI/2.55.0 azsdk-python-azure-mgmt-compute/30.4.0 Python/3.10.11 (Windows-10-10.0.22631-SP0)
    method: GET
    uri: https://management.azure.com/subscriptions/00000000-0000-0000-0000-000000000000/providers/Microsoft.Compute/locations/westus/publishers/Debian/artifacttypes/vmimage/offers/debian-10/skus/10/versions/0.20230802.1460?api-version=2023-09-01
  response:
    body:
      string: "{\r\n  \"properties\": {\r\n    \"hyperVGeneration\": \"V1\",\r\n    \"architecture\":
        \"x64\",\r\n    \"replicaType\": \"Unmanaged\",\r\n    \"disallowed\": {\r\n
        \     \"vmDiskType\": \"None\"\r\n    },\r\n    \"automaticOSUpgradeProperties\":
        {\r\n      \"automaticOSUpgradeSupported\": false\r\n    },\r\n    \"imageDeprecationStatus\":
        {\r\n      \"imageState\": \"Active\"\r\n    },\r\n    \"features\": [\r\n
        \     {\r\n        \"name\": \"IsAcceleratedNetworkSupported\",\r\n        \"value\":
        \"True\"\r\n      },\r\n      {\r\n        \"name\": \"DiskControllerTypes\",\r\n
        \       \"value\": \"SCSI\"\r\n      },\r\n      {\r\n        \"name\": \"IsHibernateSupported\",\r\n
        \       \"value\": \"False\"\r\n      }\r\n    ],\r\n    \"osDiskImage\":
        {\r\n      \"operatingSystem\": \"Linux\",\r\n      \"sizeInBytes\": 32212255232\r\n
        \   },\r\n    \"dataDiskImages\": []\r\n  },\r\n  \"location\": \"westus\",\r\n
        \ \"name\": \"0.20230802.1460\",\r\n  \"id\": \"/Subscriptions/00000000-0000-0000-0000-000000000000/Providers/Microsoft.Compute/Locations/westus/Publishers/Debian/ArtifactTypes/VMImage/Offers/debian-10/Skus/10/Versions/0.20230802.1460\"\r\n}"
    headers:
      cache-control:
      - no-cache
      content-length:
      - '1008'
      content-type:
      - application/json; charset=utf-8
      date:
      - Tue, 19 Dec 2023 09:02:48 GMT
      expires:
      - '-1'
      pragma:
      - no-cache
      server:
      - Microsoft-HTTPAPI/2.0
      - Microsoft-HTTPAPI/2.0
      strict-transport-security:
      - max-age=31536000; includeSubDomains
      transfer-encoding:
      - chunked
      vary:
      - Accept-Encoding
      x-content-type-options:
      - nosniff
      x-ms-ratelimit-remaining-resource:
      - Microsoft.Compute/GetVMImageFromLocation3Min;12998,Microsoft.Compute/GetVMImageFromLocation30Min;73942
    status:
      code: 200
      message: OK
- request:
    body: null
    headers:
      Accept:
      - application/json
      Accept-Encoding:
      - gzip, deflate
      CommandName:
      - vm create
      Connection:
      - keep-alive
      ParameterSetName:
      - -g -n --image --data-disk-sizes-gb --admin-username --generate-ssh-keys --nsg-rule
      User-Agent:
      - AZURECLI/2.55.0 azsdk-python-azure-mgmt-compute/30.4.0 Python/3.10.11 (Windows-10-10.0.22631-SP0)
    method: GET
    uri: https://management.azure.com/subscriptions/00000000-0000-0000-0000-000000000000/providers/Microsoft.Compute/locations/westus/publishers/Debian/artifacttypes/vmimage/offers/debian-10/skus/10/versions?$top=1&$orderby=name%20desc&api-version=2023-09-01
  response:
    body:
      string: "[\r\n  {\r\n    \"location\": \"westus\",\r\n    \"name\": \"0.20230802.1460\",\r\n
        \   \"id\": \"/Subscriptions/00000000-0000-0000-0000-000000000000/Providers/Microsoft.Compute/Locations/westus/Publishers/Debian/ArtifactTypes/VMImage/Offers/debian-10/Skus/10/Versions/0.20230802.1460\"\r\n
        \ }\r\n]"
    headers:
      cache-control:
      - no-cache
      content-length:
      - '273'
      content-type:
      - application/json; charset=utf-8
      date:
      - Tue, 19 Dec 2023 09:02:49 GMT
      expires:
      - '-1'
      pragma:
      - no-cache
      server:
      - Microsoft-HTTPAPI/2.0
      - Microsoft-HTTPAPI/2.0
      strict-transport-security:
      - max-age=31536000; includeSubDomains
      transfer-encoding:
      - chunked
      vary:
      - Accept-Encoding
      x-content-type-options:
      - nosniff
      x-ms-ratelimit-remaining-resource:
      - Microsoft.Compute/ListVMImagesVersionsFromLocation3Min;15997,Microsoft.Compute/ListVMImagesVersionsFromLocation30Min;43916
    status:
      code: 200
      message: OK
- request:
    body: null
    headers:
      Accept:
      - application/json
      Accept-Encoding:
      - gzip, deflate
      CommandName:
      - vm create
      Connection:
      - keep-alive
      ParameterSetName:
      - -g -n --image --data-disk-sizes-gb --admin-username --generate-ssh-keys --nsg-rule
      User-Agent:
      - AZURECLI/2.55.0 azsdk-python-azure-mgmt-compute/30.4.0 Python/3.10.11 (Windows-10-10.0.22631-SP0)
    method: GET
    uri: https://management.azure.com/subscriptions/00000000-0000-0000-0000-000000000000/providers/Microsoft.Compute/locations/westus/publishers/Debian/artifacttypes/vmimage/offers/debian-10/skus/10/versions/0.20230802.1460?api-version=2023-09-01
  response:
    body:
      string: "{\r\n  \"properties\": {\r\n    \"hyperVGeneration\": \"V1\",\r\n    \"architecture\":
        \"x64\",\r\n    \"replicaType\": \"Unmanaged\",\r\n    \"disallowed\": {\r\n
        \     \"vmDiskType\": \"None\"\r\n    },\r\n    \"automaticOSUpgradeProperties\":
        {\r\n      \"automaticOSUpgradeSupported\": false\r\n    },\r\n    \"imageDeprecationStatus\":
        {\r\n      \"imageState\": \"Active\"\r\n    },\r\n    \"features\": [\r\n
        \     {\r\n        \"name\": \"IsAcceleratedNetworkSupported\",\r\n        \"value\":
        \"True\"\r\n      },\r\n      {\r\n        \"name\": \"DiskControllerTypes\",\r\n
        \       \"value\": \"SCSI\"\r\n      },\r\n      {\r\n        \"name\": \"IsHibernateSupported\",\r\n
        \       \"value\": \"False\"\r\n      }\r\n    ],\r\n    \"osDiskImage\":
        {\r\n      \"operatingSystem\": \"Linux\",\r\n      \"sizeInBytes\": 32212255232\r\n
        \   },\r\n    \"dataDiskImages\": []\r\n  },\r\n  \"location\": \"westus\",\r\n
        \ \"name\": \"0.20230802.1460\",\r\n  \"id\": \"/Subscriptions/00000000-0000-0000-0000-000000000000/Providers/Microsoft.Compute/Locations/westus/Publishers/Debian/ArtifactTypes/VMImage/Offers/debian-10/Skus/10/Versions/0.20230802.1460\"\r\n}"
    headers:
      cache-control:
      - no-cache
      content-length:
      - '1008'
      content-type:
      - application/json; charset=utf-8
      date:
      - Tue, 19 Dec 2023 09:02:50 GMT
      expires:
      - '-1'
      pragma:
      - no-cache
      server:
      - Microsoft-HTTPAPI/2.0
      - Microsoft-HTTPAPI/2.0
      strict-transport-security:
      - max-age=31536000; includeSubDomains
      transfer-encoding:
      - chunked
      vary:
      - Accept-Encoding
      x-content-type-options:
      - nosniff
      x-ms-ratelimit-remaining-resource:
      - Microsoft.Compute/GetVMImageFromLocation3Min;12997,Microsoft.Compute/GetVMImageFromLocation30Min;73941
    status:
      code: 200
      message: OK
- request:
    body: '{"properties": {"template": {"$schema": "https://schema.management.azure.com/schemas/2015-01-01/deploymentTemplate.json#",
      "contentVersion": "1.0.0.0", "parameters": {}, "variables": {}, "resources":
      [{"name": "vm1VNET", "type": "Microsoft.Network/virtualNetworks", "location":
      "westus", "apiVersion": "2015-06-15", "dependsOn": [], "tags": {}, "properties":
      {"addressSpace": {"addressPrefixes": ["10.0.0.0/16"]}, "subnets": [{"name":
      "vm1Subnet", "properties": {"addressPrefix": "10.0.0.0/24"}}]}}, {"type": "Microsoft.Network/networkSecurityGroups",
      "name": "vm1NSG", "apiVersion": "2015-06-15", "location": "westus", "tags":
      {}, "dependsOn": []}, {"apiVersion": "2022-01-01", "type": "Microsoft.Network/publicIPAddresses",
      "name": "vm1PublicIP", "location": "westus", "tags": {}, "dependsOn": [], "properties":
      {"publicIPAllocationMethod": "Static"}, "sku": {"name": "Standard"}}, {"apiVersion":
      "2015-06-15", "type": "Microsoft.Network/networkInterfaces", "name": "vm1VMNic",
      "location": "westus", "tags": {}, "dependsOn": ["Microsoft.Network/virtualNetworks/vm1VNET",
      "Microsoft.Network/networkSecurityGroups/vm1NSG", "Microsoft.Network/publicIpAddresses/vm1PublicIP"],
      "properties": {"ipConfigurations": [{"name": "ipconfigvm1", "properties": {"privateIPAllocationMethod":
      "Dynamic", "subnet": {"id": "/subscriptions/00000000-0000-0000-0000-000000000000/resourceGroups/clitest.rg000001/providers/Microsoft.Network/virtualNetworks/vm1VNET/subnets/vm1Subnet"},
      "publicIPAddress": {"id": "/subscriptions/00000000-0000-0000-0000-000000000000/resourceGroups/clitest.rg000001/providers/Microsoft.Network/publicIPAddresses/vm1PublicIP"}}}],
      "networkSecurityGroup": {"id": "/subscriptions/00000000-0000-0000-0000-000000000000/resourceGroups/clitest.rg000001/providers/Microsoft.Network/networkSecurityGroups/vm1NSG"}}},
      {"apiVersion": "2023-09-01", "type": "Microsoft.Compute/virtualMachines", "name":
      "vm1", "location": "westus", "tags": {}, "dependsOn": ["Microsoft.Network/networkInterfaces/vm1VMNic"],
      "properties": {"hardwareProfile": {"vmSize": "Standard_DS1_v2"}, "networkProfile":
      {"networkInterfaces": [{"id": "/subscriptions/00000000-0000-0000-0000-000000000000/resourceGroups/clitest.rg000001/providers/Microsoft.Network/networkInterfaces/vm1VMNic",
      "properties": {"deleteOption": null}}]}, "storageProfile": {"osDisk": {"createOption":
      "fromImage", "name": null, "caching": "ReadWrite", "managedDisk": {"storageAccountType":
      null}}, "imageReference": {"publisher": "Debian", "offer": "debian-10", "sku":
      "10", "version": "latest"}, "dataDisks": [{"lun": 0, "managedDisk": {"storageAccountType":
      null}, "createOption": "empty", "diskSizeGB": 1}, {"lun": 1, "managedDisk":
      {"storageAccountType": null}, "createOption": "empty", "diskSizeGB": 2}]}, "osProfile":
      {"computerName": "vm1", "adminUsername": "cligenerics", "linuxConfiguration":
      {"disablePasswordAuthentication": true, "ssh": {"publicKeys": [{"keyData": "ssh-rsa
      AAAAB3NzaC1yc2EAAAADAQABAAABAQCey0/ipz0OxUGA6xunJY5HdhvlsyRf2JdpnRaH0UU5KsAiajLq5HifCzJAEpRvWXIIYKSrqNi+hSmKRXiGJaHnK0dm0QO8YvM/Ab+MZUZ0L9VRznMoLsexTgDEC6QidxP5VYxXQwzgvbK1kn1J+7QTmd9JzV4Q83EEIZM5VGp7DwuUzhSuUN4LNJ9TnsCpjZwDIqIIGo9kLRLov+CfPb50o/768pa4W87a7FDJc74gvu/Qh7K05ztWNABlqYk5QsSkLWosN/vCaR+Nlh6EroTUw679G0MLj2WD/P0vLbiy1Xgf2oZ4Q5vLOQfoU2SWNkzzmfpdu3o9+VWNQppUZPyt",
      "path": "/home/cligenerics/.ssh/authorized_keys"}]}}}}}], "outputs": {}}, "parameters":
      {}, "mode": "incremental"}}'
    headers:
      Accept:
      - application/json
      Accept-Encoding:
      - gzip, deflate
      CommandName:
      - vm create
      Connection:
      - keep-alive
      Content-Length:
      - '3421'
      Content-Type:
      - application/json
      ParameterSetName:
      - -g -n --image --data-disk-sizes-gb --admin-username --generate-ssh-keys --nsg-rule
      User-Agent:
      - AZURECLI/2.55.0 azsdk-python-azure-mgmt-resource/23.1.0b2 Python/3.10.11 (Windows-10-10.0.22631-SP0)
    method: PUT
    uri: https://management.azure.com/subscriptions/00000000-0000-0000-0000-000000000000/resourcegroups/clitest.rg000001/providers/Microsoft.Resources/deployments/mock-deployment?api-version=2022-09-01
  response:
    body:
      string: '{"id":"/subscriptions/00000000-0000-0000-0000-000000000000/resourceGroups/clitest.rg000001/providers/Microsoft.Resources/deployments/vm_deploy_XD2uMC30OSmWSkwwyTbOC2RMRWJlGMxV","name":"vm_deploy_XD2uMC30OSmWSkwwyTbOC2RMRWJlGMxV","type":"Microsoft.Resources/deployments","properties":{"templateHash":"3933125687228090442","parameters":{},"mode":"Incremental","provisioningState":"Accepted","timestamp":"2023-12-19T09:02:58.2274873Z","duration":"PT0.0005929S","correlationId":"57696b60-38ce-41c7-a4e9-bb4f5df5b660","providers":[{"namespace":"Microsoft.Network","resourceTypes":[{"resourceType":"virtualNetworks","locations":["westus"]},{"resourceType":"networkSecurityGroups","locations":["westus"]},{"resourceType":"publicIPAddresses","locations":["westus"]},{"resourceType":"networkInterfaces","locations":["westus"]}]},{"namespace":"Microsoft.Compute","resourceTypes":[{"resourceType":"virtualMachines","locations":["westus"]}]}],"dependencies":[{"dependsOn":[{"id":"/subscriptions/00000000-0000-0000-0000-000000000000/resourceGroups/clitest.rg000001/providers/Microsoft.Network/virtualNetworks/vm1VNET","resourceType":"Microsoft.Network/virtualNetworks","resourceName":"vm1VNET"},{"id":"/subscriptions/00000000-0000-0000-0000-000000000000/resourceGroups/clitest.rg000001/providers/Microsoft.Network/networkSecurityGroups/vm1NSG","resourceType":"Microsoft.Network/networkSecurityGroups","resourceName":"vm1NSG"},{"id":"/subscriptions/00000000-0000-0000-0000-000000000000/resourceGroups/clitest.rg000001/providers/Microsoft.Network/publicIPAddresses/vm1PublicIP","resourceType":"Microsoft.Network/publicIPAddresses","resourceName":"vm1PublicIP"}],"id":"/subscriptions/00000000-0000-0000-0000-000000000000/resourceGroups/clitest.rg000001/providers/Microsoft.Network/networkInterfaces/vm1VMNic","resourceType":"Microsoft.Network/networkInterfaces","resourceName":"vm1VMNic"},{"dependsOn":[{"id":"/subscriptions/00000000-0000-0000-0000-000000000000/resourceGroups/clitest.rg000001/providers/Microsoft.Network/networkInterfaces/vm1VMNic","resourceType":"Microsoft.Network/networkInterfaces","resourceName":"vm1VMNic"}],"id":"/subscriptions/00000000-0000-0000-0000-000000000000/resourceGroups/clitest.rg000001/providers/Microsoft.Compute/virtualMachines/vm1","resourceType":"Microsoft.Compute/virtualMachines","resourceName":"vm1"}]}}'
    headers:
      azure-asyncoperation:
      - https://management.azure.com/subscriptions/00000000-0000-0000-0000-000000000000/resourcegroups/clitest.rg000001/providers/Microsoft.Resources/deployments/vm_deploy_XD2uMC30OSmWSkwwyTbOC2RMRWJlGMxV/operationStatuses/08584986303102632827?api-version=2022-09-01
      cache-control:
      - no-cache
      content-length:
      - '2329'
      content-type:
      - application/json; charset=utf-8
      date:
      - Tue, 19 Dec 2023 09:02:59 GMT
      expires:
      - '-1'
      pragma:
      - no-cache
      strict-transport-security:
      - max-age=31536000; includeSubDomains
      x-content-type-options:
      - nosniff
      x-ms-ratelimit-remaining-subscription-writes:
      - '1199'
    status:
      code: 201
      message: Created
- request:
    body: null
    headers:
      Accept:
      - '*/*'
      Accept-Encoding:
      - gzip, deflate
      CommandName:
      - vm create
      Connection:
      - keep-alive
      ParameterSetName:
      - -g -n --image --data-disk-sizes-gb --admin-username --generate-ssh-keys --nsg-rule
      User-Agent:
      - AZURECLI/2.55.0 azsdk-python-azure-mgmt-resource/23.1.0b2 Python/3.10.11 (Windows-10-10.0.22631-SP0)
    method: GET
    uri: https://management.azure.com/subscriptions/00000000-0000-0000-0000-000000000000/resourcegroups/clitest.rg000001/providers/Microsoft.Resources/deployments/mock-deployment/operationStatuses/08584986303102632827?api-version=2022-09-01
  response:
    body:
      string: '{"status":"Accepted"}'
    headers:
      cache-control:
      - no-cache
      content-length:
      - '21'
      content-type:
      - application/json; charset=utf-8
      date:
      - Tue, 19 Dec 2023 09:02:59 GMT
      expires:
      - '-1'
      pragma:
      - no-cache
      strict-transport-security:
      - max-age=31536000; includeSubDomains
      vary:
      - Accept-Encoding
      x-content-type-options:
      - nosniff
    status:
      code: 200
      message: OK
- request:
    body: null
    headers:
      Accept:
      - '*/*'
      Accept-Encoding:
      - gzip, deflate
      CommandName:
      - vm create
      Connection:
      - keep-alive
      ParameterSetName:
      - -g -n --image --data-disk-sizes-gb --admin-username --generate-ssh-keys --nsg-rule
      User-Agent:
      - AZURECLI/2.55.0 azsdk-python-azure-mgmt-resource/23.1.0b2 Python/3.10.11 (Windows-10-10.0.22631-SP0)
    method: GET
    uri: https://management.azure.com/subscriptions/00000000-0000-0000-0000-000000000000/resourcegroups/clitest.rg000001/providers/Microsoft.Resources/deployments/mock-deployment/operationStatuses/08584986303102632827?api-version=2022-09-01
  response:
    body:
      string: '{"status":"Running"}'
    headers:
      cache-control:
      - no-cache
      content-length:
      - '20'
      content-type:
      - application/json; charset=utf-8
      date:
      - Tue, 19 Dec 2023 09:03:29 GMT
      expires:
      - '-1'
      pragma:
      - no-cache
      strict-transport-security:
      - max-age=31536000; includeSubDomains
      vary:
      - Accept-Encoding
      x-content-type-options:
      - nosniff
    status:
      code: 200
      message: OK
- request:
    body: null
    headers:
      Accept:
      - '*/*'
      Accept-Encoding:
      - gzip, deflate
      CommandName:
      - vm create
      Connection:
      - keep-alive
      ParameterSetName:
      - -g -n --image --data-disk-sizes-gb --admin-username --generate-ssh-keys --nsg-rule
      User-Agent:
      - AZURECLI/2.55.0 azsdk-python-azure-mgmt-resource/23.1.0b2 Python/3.10.11 (Windows-10-10.0.22631-SP0)
    method: GET
    uri: https://management.azure.com/subscriptions/00000000-0000-0000-0000-000000000000/resourcegroups/clitest.rg000001/providers/Microsoft.Resources/deployments/mock-deployment/operationStatuses/08584986303102632827?api-version=2022-09-01
  response:
    body:
      string: '{"status":"Succeeded"}'
    headers:
      cache-control:
      - no-cache
      content-length:
      - '22'
      content-type:
      - application/json; charset=utf-8
      date:
      - Tue, 19 Dec 2023 09:04:00 GMT
      expires:
      - '-1'
      pragma:
      - no-cache
      strict-transport-security:
      - max-age=31536000; includeSubDomains
      vary:
      - Accept-Encoding
      x-content-type-options:
      - nosniff
    status:
      code: 200
      message: OK
- request:
    body: null
    headers:
      Accept:
      - '*/*'
      Accept-Encoding:
      - gzip, deflate
      CommandName:
      - vm create
      Connection:
      - keep-alive
      ParameterSetName:
      - -g -n --image --data-disk-sizes-gb --admin-username --generate-ssh-keys --nsg-rule
      User-Agent:
      - AZURECLI/2.55.0 azsdk-python-azure-mgmt-resource/23.1.0b2 Python/3.10.11 (Windows-10-10.0.22631-SP0)
    method: GET
    uri: https://management.azure.com/subscriptions/00000000-0000-0000-0000-000000000000/resourcegroups/clitest.rg000001/providers/Microsoft.Resources/deployments/mock-deployment?api-version=2022-09-01
  response:
    body:
      string: '{"id":"/subscriptions/00000000-0000-0000-0000-000000000000/resourceGroups/clitest.rg000001/providers/Microsoft.Resources/deployments/vm_deploy_XD2uMC30OSmWSkwwyTbOC2RMRWJlGMxV","name":"vm_deploy_XD2uMC30OSmWSkwwyTbOC2RMRWJlGMxV","type":"Microsoft.Resources/deployments","properties":{"templateHash":"3933125687228090442","parameters":{},"mode":"Incremental","provisioningState":"Succeeded","timestamp":"2023-12-19T09:03:36.8185727Z","duration":"PT38.5916783S","correlationId":"57696b60-38ce-41c7-a4e9-bb4f5df5b660","providers":[{"namespace":"Microsoft.Network","resourceTypes":[{"resourceType":"virtualNetworks","locations":["westus"]},{"resourceType":"networkSecurityGroups","locations":["westus"]},{"resourceType":"publicIPAddresses","locations":["westus"]},{"resourceType":"networkInterfaces","locations":["westus"]}]},{"namespace":"Microsoft.Compute","resourceTypes":[{"resourceType":"virtualMachines","locations":["westus"]}]}],"dependencies":[{"dependsOn":[{"id":"/subscriptions/00000000-0000-0000-0000-000000000000/resourceGroups/clitest.rg000001/providers/Microsoft.Network/virtualNetworks/vm1VNET","resourceType":"Microsoft.Network/virtualNetworks","resourceName":"vm1VNET"},{"id":"/subscriptions/00000000-0000-0000-0000-000000000000/resourceGroups/clitest.rg000001/providers/Microsoft.Network/networkSecurityGroups/vm1NSG","resourceType":"Microsoft.Network/networkSecurityGroups","resourceName":"vm1NSG"},{"id":"/subscriptions/00000000-0000-0000-0000-000000000000/resourceGroups/clitest.rg000001/providers/Microsoft.Network/publicIPAddresses/vm1PublicIP","resourceType":"Microsoft.Network/publicIPAddresses","resourceName":"vm1PublicIP"}],"id":"/subscriptions/00000000-0000-0000-0000-000000000000/resourceGroups/clitest.rg000001/providers/Microsoft.Network/networkInterfaces/vm1VMNic","resourceType":"Microsoft.Network/networkInterfaces","resourceName":"vm1VMNic"},{"dependsOn":[{"id":"/subscriptions/00000000-0000-0000-0000-000000000000/resourceGroups/clitest.rg000001/providers/Microsoft.Network/networkInterfaces/vm1VMNic","resourceType":"Microsoft.Network/networkInterfaces","resourceName":"vm1VMNic"}],"id":"/subscriptions/00000000-0000-0000-0000-000000000000/resourceGroups/clitest.rg000001/providers/Microsoft.Compute/virtualMachines/vm1","resourceType":"Microsoft.Compute/virtualMachines","resourceName":"vm1"}],"outputs":{},"outputResources":[{"id":"/subscriptions/00000000-0000-0000-0000-000000000000/resourceGroups/clitest.rg000001/providers/Microsoft.Compute/virtualMachines/vm1"},{"id":"/subscriptions/00000000-0000-0000-0000-000000000000/resourceGroups/clitest.rg000001/providers/Microsoft.Network/networkInterfaces/vm1VMNic"},{"id":"/subscriptions/00000000-0000-0000-0000-000000000000/resourceGroups/clitest.rg000001/providers/Microsoft.Network/networkSecurityGroups/vm1NSG"},{"id":"/subscriptions/00000000-0000-0000-0000-000000000000/resourceGroups/clitest.rg000001/providers/Microsoft.Network/publicIPAddresses/vm1PublicIP"},{"id":"/subscriptions/00000000-0000-0000-0000-000000000000/resourceGroups/clitest.rg000001/providers/Microsoft.Network/virtualNetworks/vm1VNET"}]}}'
    headers:
      cache-control:
      - no-cache
      content-length:
      - '3099'
      content-type:
      - application/json; charset=utf-8
      date:
      - Tue, 19 Dec 2023 09:04:01 GMT
      expires:
      - '-1'
      pragma:
      - no-cache
      strict-transport-security:
      - max-age=31536000; includeSubDomains
      vary:
      - Accept-Encoding
      x-content-type-options:
      - nosniff
    status:
      code: 200
      message: OK
- request:
    body: null
    headers:
      Accept:
      - application/json
      Accept-Encoding:
      - gzip, deflate
      CommandName:
      - vm create
      Connection:
      - keep-alive
      ParameterSetName:
      - -g -n --image --data-disk-sizes-gb --admin-username --generate-ssh-keys --nsg-rule
      User-Agent:
      - AZURECLI/2.55.0 azsdk-python-azure-mgmt-compute/30.4.0 Python/3.10.11 (Windows-10-10.0.22631-SP0)
    method: GET
    uri: https://management.azure.com/subscriptions/00000000-0000-0000-0000-000000000000/resourceGroups/clitest.rg000001/providers/Microsoft.Compute/virtualMachines/vm1?$expand=instanceView&api-version=2023-09-01
  response:
    body:
      string: "{\r\n  \"name\": \"vm1\",\r\n  \"id\": \"/subscriptions/00000000-0000-0000-0000-000000000000/resourceGroups/clitest.rg000001/providers/Microsoft.Compute/virtualMachines/vm1\",\r\n
        \ \"type\": \"Microsoft.Compute/virtualMachines\",\r\n  \"location\": \"westus\",\r\n
        \ \"tags\": {},\r\n  \"properties\": {\r\n    \"hardwareProfile\": {\r\n      \"vmSize\":
        \"Standard_DS1_v2\"\r\n    },\r\n    \"provisioningState\": \"Succeeded\",\r\n
        \   \"vmId\": \"a52c6497-91e7-4d0b-b145-720e82ece8ec\",\r\n    \"storageProfile\":
        {\r\n      \"imageReference\": {\r\n        \"publisher\": \"Debian\",\r\n
        \       \"offer\": \"debian-10\",\r\n        \"sku\": \"10\",\r\n        \"version\":
        \"latest\",\r\n        \"exactVersion\": \"0.20230802.1460\"\r\n      },\r\n
        \     \"osDisk\": {\r\n        \"osType\": \"Linux\",\r\n        \"name\":
        \"vm1_disk1_a972abd871014b7e9d09d86f1de8b5e6\",\r\n        \"createOption\":
        \"FromImage\",\r\n        \"caching\": \"ReadWrite\",\r\n        \"managedDisk\":
        {\r\n          \"storageAccountType\": \"Premium_LRS\",\r\n          \"id\":
        \"/subscriptions/00000000-0000-0000-0000-000000000000/resourceGroups/clitest.rg000001/providers/Microsoft.Compute/disks/vm1_disk1_a972abd871014b7e9d09d86f1de8b5e6\"\r\n
        \       },\r\n        \"deleteOption\": \"Detach\",\r\n        \"diskSizeGB\":
        30\r\n      },\r\n      \"dataDisks\": [\r\n        {\r\n          \"lun\":
        0,\r\n          \"name\": \"vm1_disk2_5bd9d220fddf4f3d83ca95135e5324e4\",\r\n
        \         \"createOption\": \"Empty\",\r\n          \"caching\": \"None\",\r\n
        \         \"managedDisk\": {\r\n            \"storageAccountType\": \"Premium_LRS\",\r\n
        \           \"id\": \"/subscriptions/00000000-0000-0000-0000-000000000000/resourceGroups/clitest.rg000001/providers/Microsoft.Compute/disks/vm1_disk2_5bd9d220fddf4f3d83ca95135e5324e4\"\r\n
        \         },\r\n          \"deleteOption\": \"Detach\",\r\n          \"diskSizeGB\":
        1,\r\n          \"toBeDetached\": false\r\n        },\r\n        {\r\n          \"lun\":
        1,\r\n          \"name\": \"vm1_disk3_1dd1a6e1500e4981abfa242b1b83b61b\",\r\n
        \         \"createOption\": \"Empty\",\r\n          \"caching\": \"None\",\r\n
        \         \"managedDisk\": {\r\n            \"storageAccountType\": \"Premium_LRS\",\r\n
        \           \"id\": \"/subscriptions/00000000-0000-0000-0000-000000000000/resourceGroups/clitest.rg000001/providers/Microsoft.Compute/disks/vm1_disk3_1dd1a6e1500e4981abfa242b1b83b61b\"\r\n
        \         },\r\n          \"deleteOption\": \"Detach\",\r\n          \"diskSizeGB\":
        2,\r\n          \"toBeDetached\": false\r\n        }\r\n      ]\r\n    },\r\n
        \   \"osProfile\": {\r\n      \"computerName\": \"vm1\",\r\n      \"adminUsername\":
        \"cligenerics\",\r\n      \"linuxConfiguration\": {\r\n        \"disablePasswordAuthentication\":
        true,\r\n        \"ssh\": {\r\n          \"publicKeys\": [\r\n            {\r\n
        \             \"path\": \"/home/cligenerics/.ssh/authorized_keys\",\r\n              \"keyData\":
        \"ssh-rsa AAAAB3NzaC1yc2EAAAADAQABAAABAQCey0/ipz0OxUGA6xunJY5HdhvlsyRf2JdpnRaH0UU5KsAiajLq5HifCzJAEpRvWXIIYKSrqNi+hSmKRXiGJaHnK0dm0QO8YvM/Ab+MZUZ0L9VRznMoLsexTgDEC6QidxP5VYxXQwzgvbK1kn1J+7QTmd9JzV4Q83EEIZM5VGp7DwuUzhSuUN4LNJ9TnsCpjZwDIqIIGo9kLRLov+CfPb50o/768pa4W87a7FDJc74gvu/Qh7K05ztWNABlqYk5QsSkLWosN/vCaR+Nlh6EroTUw679G0MLj2WD/P0vLbiy1Xgf2oZ4Q5vLOQfoU2SWNkzzmfpdu3o9+VWNQppUZPyt\"\r\n
        \           }\r\n          ]\r\n        },\r\n        \"provisionVMAgent\":
        true,\r\n        \"patchSettings\": {\r\n          \"patchMode\": \"ImageDefault\",\r\n
        \         \"assessmentMode\": \"ImageDefault\"\r\n        },\r\n        \"enableVMAgentPlatformUpdates\":
        false\r\n      },\r\n      \"secrets\": [],\r\n      \"allowExtensionOperations\":
        true,\r\n      \"requireGuestProvisionSignal\": true\r\n    },\r\n    \"networkProfile\":
        {\"networkInterfaces\":[{\"id\":\"/subscriptions/00000000-0000-0000-0000-000000000000/resourceGroups/clitest.rg000001/providers/Microsoft.Network/networkInterfaces/vm1VMNic\"}]},\r\n
        \   \"instanceView\": {\r\n      \"computerName\": \"vm1\",\r\n      \"osName\":
        \"debian\",\r\n      \"osVersion\": \"10.13\",\r\n      \"vmAgent\": {\r\n
        \       \"vmAgentVersion\": \"2.2.45\",\r\n        \"statuses\": [\r\n          {\r\n
        \           \"code\": \"ProvisioningState/succeeded\",\r\n            \"level\":
        \"Info\",\r\n            \"displayStatus\": \"Ready\",\r\n            \"message\":
        \"Guest Agent is running\",\r\n            \"time\": \"2023-12-19T09:03:41+00:00\"\r\n
        \         }\r\n        ],\r\n        \"extensionHandlers\": []\r\n      },\r\n
        \     \"disks\": [\r\n        {\r\n          \"name\": \"vm1_disk1_a972abd871014b7e9d09d86f1de8b5e6\",\r\n
        \         \"statuses\": [\r\n            {\r\n              \"code\": \"ProvisioningState/succeeded\",\r\n
        \             \"level\": \"Info\",\r\n              \"displayStatus\": \"Provisioning
        succeeded\",\r\n              \"time\": \"2023-12-19T09:03:20.7634441+00:00\"\r\n
        \           }\r\n          ]\r\n        },\r\n        {\r\n          \"name\":
        \"vm1_disk2_5bd9d220fddf4f3d83ca95135e5324e4\",\r\n          \"statuses\":
        [\r\n            {\r\n              \"code\": \"ProvisioningState/succeeded\",\r\n
        \             \"level\": \"Info\",\r\n              \"displayStatus\": \"Provisioning
        succeeded\",\r\n              \"time\": \"2023-12-19T09:03:20.7634441+00:00\"\r\n
        \           }\r\n          ]\r\n        },\r\n        {\r\n          \"name\":
        \"vm1_disk3_1dd1a6e1500e4981abfa242b1b83b61b\",\r\n          \"statuses\":
        [\r\n            {\r\n              \"code\": \"ProvisioningState/succeeded\",\r\n
        \             \"level\": \"Info\",\r\n              \"displayStatus\": \"Provisioning
        succeeded\",\r\n              \"time\": \"2023-12-19T09:03:20.7634441+00:00\"\r\n
        \           }\r\n          ]\r\n        }\r\n      ],\r\n      \"hyperVGeneration\":
        \"V1\",\r\n      \"statuses\": [\r\n        {\r\n          \"code\": \"ProvisioningState/succeeded\",\r\n
        \         \"level\": \"Info\",\r\n          \"displayStatus\": \"Provisioning
        succeeded\",\r\n          \"time\": \"2023-12-19T09:03:34.2010912+00:00\"\r\n
        \       },\r\n        {\r\n          \"code\": \"PowerState/running\",\r\n
        \         \"level\": \"Info\",\r\n          \"displayStatus\": \"VM running\"\r\n
        \       }\r\n      ]\r\n    },\r\n    \"timeCreated\": \"2023-12-19T09:03:18.2946635+00:00\"\r\n
        \ }\r\n}"
    headers:
      cache-control:
      - no-cache
      content-length:
      - '5640'
      content-type:
      - application/json; charset=utf-8
      date:
      - Tue, 19 Dec 2023 09:04:02 GMT
      expires:
      - '-1'
      pragma:
      - no-cache
      server:
      - Microsoft-HTTPAPI/2.0
      - Microsoft-HTTPAPI/2.0
      strict-transport-security:
      - max-age=31536000; includeSubDomains
      transfer-encoding:
      - chunked
      vary:
      - Accept-Encoding
      x-content-type-options:
      - nosniff
      x-ms-ratelimit-remaining-resource:
      - Microsoft.Compute/LowCostGetSubscriptionMaximum;23989,Microsoft.Compute/LowCostGetResource;31
    status:
      code: 200
      message: ''
- request:
    body: null
    headers:
      Accept:
      - application/json
      Accept-Encoding:
      - gzip, deflate
      CommandName:
      - vm create
      Connection:
      - keep-alive
      ParameterSetName:
      - -g -n --image --data-disk-sizes-gb --admin-username --generate-ssh-keys --nsg-rule
      User-Agent:
      - AZURECLI/2.55.0 (AAZ) azsdk-python-core/1.28.0 Python/3.10.11 (Windows-10-10.0.22631-SP0)
    method: GET
    uri: https://management.azure.com/subscriptions/00000000-0000-0000-0000-000000000000/resourceGroups/clitest.rg000001/providers/Microsoft.Network/networkInterfaces/vm1VMNic?api-version=2022-01-01
  response:
    body:
      string: "{\r\n  \"name\": \"vm1VMNic\",\r\n  \"id\": \"/subscriptions/00000000-0000-0000-0000-000000000000/resourceGroups/clitest.rg000001/providers/Microsoft.Network/networkInterfaces/vm1VMNic\",\r\n
        \ \"etag\": \"W/\\\"37c7be93-38d5-4233-952b-b6606e52183e\\\"\",\r\n  \"tags\":
        {},\r\n  \"properties\": {\r\n    \"provisioningState\": \"Succeeded\",\r\n
        \   \"resourceGuid\": \"c3ca763a-18cb-4bd1-8ff8-0bead615968c\",\r\n    \"ipConfigurations\":
        [\r\n      {\r\n        \"name\": \"ipconfigvm1\",\r\n        \"id\": \"/subscriptions/00000000-0000-0000-0000-000000000000/resourceGroups/clitest.rg000001/providers/Microsoft.Network/networkInterfaces/vm1VMNic/ipConfigurations/ipconfigvm1\",\r\n
        \       \"etag\": \"W/\\\"37c7be93-38d5-4233-952b-b6606e52183e\\\"\",\r\n
        \       \"type\": \"Microsoft.Network/networkInterfaces/ipConfigurations\",\r\n
        \       \"properties\": {\r\n          \"provisioningState\": \"Succeeded\",\r\n
        \         \"privateIPAddress\": \"10.0.0.4\",\r\n          \"privateIPAllocationMethod\":
        \"Dynamic\",\r\n          \"publicIPAddress\": {\r\n            \"id\": \"/subscriptions/00000000-0000-0000-0000-000000000000/resourceGroups/clitest.rg000001/providers/Microsoft.Network/publicIPAddresses/vm1PublicIP\"\r\n
        \         },\r\n          \"subnet\": {\r\n            \"id\": \"/subscriptions/00000000-0000-0000-0000-000000000000/resourceGroups/clitest.rg000001/providers/Microsoft.Network/virtualNetworks/vm1VNET/subnets/vm1Subnet\"\r\n
        \         },\r\n          \"primary\": true,\r\n          \"privateIPAddressVersion\":
        \"IPv4\"\r\n        }\r\n      }\r\n    ],\r\n    \"dnsSettings\": {\r\n      \"dnsServers\":
        [],\r\n      \"appliedDnsServers\": [],\r\n      \"internalDomainNameSuffix\":
        \"o23bg4bgpmwubklop3qrhl0nie.dx.internal.cloudapp.net\"\r\n    },\r\n    \"macAddress\":
        \"60-45-BD-09-87-91\",\r\n    \"vnetEncryptionSupported\": false,\r\n    \"enableIPForwarding\":
        false,\r\n    \"networkSecurityGroup\": {\r\n      \"id\": \"/subscriptions/00000000-0000-0000-0000-000000000000/resourceGroups/clitest.rg000001/providers/Microsoft.Network/networkSecurityGroups/vm1NSG\"\r\n
        \   },\r\n    \"primary\": true,\r\n    \"virtualMachine\": {\r\n      \"id\":
        \"/subscriptions/00000000-0000-0000-0000-000000000000/resourceGroups/clitest.rg000001/providers/Microsoft.Compute/virtualMachines/vm1\"\r\n
        \   },\r\n    \"hostedWorkloads\": [],\r\n    \"tapConfigurations\": [],\r\n
        \   \"nicType\": \"Standard\",\r\n    \"allowPort25Out\": true,\r\n    \"auxiliaryMode\":
        \"None\"\r\n  },\r\n  \"type\": \"Microsoft.Network/networkInterfaces\",\r\n
        \ \"location\": \"westus\",\r\n  \"kind\": \"Regular\"\r\n}"
    headers:
      cache-control:
      - no-cache
      content-length:
      - '2377'
      content-type:
      - application/json; charset=utf-8
      date:
      - Tue, 19 Dec 2023 09:04:04 GMT
      etag:
      - W/"37c7be93-38d5-4233-952b-b6606e52183e"
      expires:
      - '-1'
      pragma:
      - no-cache
      server:
      - Microsoft-HTTPAPI/2.0
      - Microsoft-HTTPAPI/2.0
      strict-transport-security:
      - max-age=31536000; includeSubDomains
      transfer-encoding:
      - chunked
      vary:
      - Accept-Encoding
      x-content-type-options:
      - nosniff
      x-ms-arm-service-request-id:
      - 71371428-c8e1-458d-bdc1-bf399341dad1
    status:
      code: 200
      message: OK
- request:
    body: null
    headers:
      Accept:
      - application/json
      Accept-Encoding:
      - gzip, deflate
      CommandName:
      - vm create
      Connection:
      - keep-alive
      ParameterSetName:
      - -g -n --image --data-disk-sizes-gb --admin-username --generate-ssh-keys --nsg-rule
      User-Agent:
      - AZURECLI/2.55.0 (AAZ) azsdk-python-core/1.28.0 Python/3.10.11 (Windows-10-10.0.22631-SP0)
    method: GET
    uri: https://management.azure.com/subscriptions/00000000-0000-0000-0000-000000000000/resourceGroups/clitest.rg000001/providers/Microsoft.Network/publicIPAddresses/vm1PublicIP?api-version=2022-01-01
  response:
    body:
      string: "{\r\n  \"name\": \"vm1PublicIP\",\r\n  \"id\": \"/subscriptions/00000000-0000-0000-0000-000000000000/resourceGroups/clitest.rg000001/providers/Microsoft.Network/publicIPAddresses/vm1PublicIP\",\r\n
        \ \"etag\": \"W/\\\"dcaa3585-3f88-4d6a-9484-ed85e0eefcf7\\\"\",\r\n  \"location\":
        \"westus\",\r\n  \"tags\": {},\r\n  \"properties\": {\r\n    \"provisioningState\":
        \"Succeeded\",\r\n    \"resourceGuid\": \"81972763-419a-4e12-86b8-569331a1e575\",\r\n
        \   \"ipAddress\": \"104.42.183.196\",\r\n    \"publicIPAddressVersion\":
        \"IPv4\",\r\n    \"publicIPAllocationMethod\": \"Static\",\r\n    \"idleTimeoutInMinutes\":
        4,\r\n    \"ipTags\": [],\r\n    \"ipConfiguration\": {\r\n      \"id\": \"/subscriptions/00000000-0000-0000-0000-000000000000/resourceGroups/clitest.rg000001/providers/Microsoft.Network/networkInterfaces/vm1VMNic/ipConfigurations/ipconfigvm1\"\r\n
        \   }\r\n  },\r\n  \"type\": \"Microsoft.Network/publicIPAddresses\",\r\n
        \ \"sku\": {\r\n    \"name\": \"Standard\",\r\n    \"tier\": \"Regional\"\r\n
        \ }\r\n}"
    headers:
      cache-control:
      - no-cache
      content-length:
      - '907'
      content-type:
      - application/json; charset=utf-8
      date:
      - Tue, 19 Dec 2023 09:04:05 GMT
      etag:
      - W/"dcaa3585-3f88-4d6a-9484-ed85e0eefcf7"
      expires:
      - '-1'
      pragma:
      - no-cache
      server:
      - Microsoft-HTTPAPI/2.0
      - Microsoft-HTTPAPI/2.0
      strict-transport-security:
      - max-age=31536000; includeSubDomains
      transfer-encoding:
      - chunked
      vary:
      - Accept-Encoding
      x-content-type-options:
      - nosniff
      x-ms-arm-service-request-id:
      - 53c81e7c-748b-4966-a077-255c2b69b93f
    status:
      code: 200
      message: OK
- request:
    body: null
    headers:
      Accept:
      - application/json
      Accept-Encoding:
      - gzip, deflate
      CommandName:
      - vm update
      Connection:
      - keep-alive
      ParameterSetName:
      - -g -n --set
      User-Agent:
      - AZURECLI/2.55.0 azsdk-python-azure-mgmt-compute/30.4.0 Python/3.10.11 (Windows-10-10.0.22631-SP0)
    method: GET
    uri: https://management.azure.com/subscriptions/00000000-0000-0000-0000-000000000000/resourceGroups/clitest.rg000001/providers/Microsoft.Compute/virtualMachines/vm1?api-version=2023-09-01
  response:
    body:
      string: "{\r\n  \"name\": \"vm1\",\r\n  \"id\": \"/subscriptions/00000000-0000-0000-0000-000000000000/resourceGroups/clitest.rg000001/providers/Microsoft.Compute/virtualMachines/vm1\",\r\n
        \ \"type\": \"Microsoft.Compute/virtualMachines\",\r\n  \"location\": \"westus\",\r\n
        \ \"tags\": {},\r\n  \"properties\": {\r\n    \"hardwareProfile\": {\r\n      \"vmSize\":
        \"Standard_DS1_v2\"\r\n    },\r\n    \"provisioningState\": \"Succeeded\",\r\n
        \   \"vmId\": \"a52c6497-91e7-4d0b-b145-720e82ece8ec\",\r\n    \"storageProfile\":
        {\r\n      \"imageReference\": {\r\n        \"publisher\": \"Debian\",\r\n
        \       \"offer\": \"debian-10\",\r\n        \"sku\": \"10\",\r\n        \"version\":
        \"latest\",\r\n        \"exactVersion\": \"0.20230802.1460\"\r\n      },\r\n
        \     \"osDisk\": {\r\n        \"osType\": \"Linux\",\r\n        \"name\":
        \"vm1_disk1_a972abd871014b7e9d09d86f1de8b5e6\",\r\n        \"createOption\":
        \"FromImage\",\r\n        \"caching\": \"ReadWrite\",\r\n        \"managedDisk\":
        {\r\n          \"storageAccountType\": \"Premium_LRS\",\r\n          \"id\":
        \"/subscriptions/00000000-0000-0000-0000-000000000000/resourceGroups/clitest.rg000001/providers/Microsoft.Compute/disks/vm1_disk1_a972abd871014b7e9d09d86f1de8b5e6\"\r\n
        \       },\r\n        \"deleteOption\": \"Detach\",\r\n        \"diskSizeGB\":
        30\r\n      },\r\n      \"dataDisks\": [\r\n        {\r\n          \"lun\":
        0,\r\n          \"name\": \"vm1_disk2_5bd9d220fddf4f3d83ca95135e5324e4\",\r\n
        \         \"createOption\": \"Empty\",\r\n          \"caching\": \"None\",\r\n
        \         \"managedDisk\": {\r\n            \"storageAccountType\": \"Premium_LRS\",\r\n
        \           \"id\": \"/subscriptions/00000000-0000-0000-0000-000000000000/resourceGroups/clitest.rg000001/providers/Microsoft.Compute/disks/vm1_disk2_5bd9d220fddf4f3d83ca95135e5324e4\"\r\n
        \         },\r\n          \"deleteOption\": \"Detach\",\r\n          \"diskSizeGB\":
        1,\r\n          \"toBeDetached\": false\r\n        },\r\n        {\r\n          \"lun\":
        1,\r\n          \"name\": \"vm1_disk3_1dd1a6e1500e4981abfa242b1b83b61b\",\r\n
        \         \"createOption\": \"Empty\",\r\n          \"caching\": \"None\",\r\n
        \         \"managedDisk\": {\r\n            \"storageAccountType\": \"Premium_LRS\",\r\n
        \           \"id\": \"/subscriptions/00000000-0000-0000-0000-000000000000/resourceGroups/clitest.rg000001/providers/Microsoft.Compute/disks/vm1_disk3_1dd1a6e1500e4981abfa242b1b83b61b\"\r\n
        \         },\r\n          \"deleteOption\": \"Detach\",\r\n          \"diskSizeGB\":
        2,\r\n          \"toBeDetached\": false\r\n        }\r\n      ]\r\n    },\r\n
        \   \"osProfile\": {\r\n      \"computerName\": \"vm1\",\r\n      \"adminUsername\":
        \"cligenerics\",\r\n      \"linuxConfiguration\": {\r\n        \"disablePasswordAuthentication\":
        true,\r\n        \"ssh\": {\r\n          \"publicKeys\": [\r\n            {\r\n
        \             \"path\": \"/home/cligenerics/.ssh/authorized_keys\",\r\n              \"keyData\":
        \"ssh-rsa AAAAB3NzaC1yc2EAAAADAQABAAABAQCey0/ipz0OxUGA6xunJY5HdhvlsyRf2JdpnRaH0UU5KsAiajLq5HifCzJAEpRvWXIIYKSrqNi+hSmKRXiGJaHnK0dm0QO8YvM/Ab+MZUZ0L9VRznMoLsexTgDEC6QidxP5VYxXQwzgvbK1kn1J+7QTmd9JzV4Q83EEIZM5VGp7DwuUzhSuUN4LNJ9TnsCpjZwDIqIIGo9kLRLov+CfPb50o/768pa4W87a7FDJc74gvu/Qh7K05ztWNABlqYk5QsSkLWosN/vCaR+Nlh6EroTUw679G0MLj2WD/P0vLbiy1Xgf2oZ4Q5vLOQfoU2SWNkzzmfpdu3o9+VWNQppUZPyt\"\r\n
        \           }\r\n          ]\r\n        },\r\n        \"provisionVMAgent\":
        true,\r\n        \"patchSettings\": {\r\n          \"patchMode\": \"ImageDefault\",\r\n
        \         \"assessmentMode\": \"ImageDefault\"\r\n        },\r\n        \"enableVMAgentPlatformUpdates\":
        false\r\n      },\r\n      \"secrets\": [],\r\n      \"allowExtensionOperations\":
        true,\r\n      \"requireGuestProvisionSignal\": true\r\n    },\r\n    \"networkProfile\":
        {\"networkInterfaces\":[{\"id\":\"/subscriptions/00000000-0000-0000-0000-000000000000/resourceGroups/clitest.rg000001/providers/Microsoft.Network/networkInterfaces/vm1VMNic\"}]},\r\n
        \   \"timeCreated\": \"2023-12-19T09:03:18.2946635+00:00\"\r\n  }\r\n}"
    headers:
      cache-control:
      - no-cache
      content-length:
      - '3633'
      content-type:
      - application/json; charset=utf-8
      date:
      - Tue, 19 Dec 2023 09:04:06 GMT
      expires:
      - '-1'
      pragma:
      - no-cache
      server:
      - Microsoft-HTTPAPI/2.0
      - Microsoft-HTTPAPI/2.0
      strict-transport-security:
      - max-age=31536000; includeSubDomains
      transfer-encoding:
      - chunked
      vary:
      - Accept-Encoding
      x-content-type-options:
      - nosniff
      x-ms-ratelimit-remaining-resource:
      - Microsoft.Compute/LowCostGetSubscriptionMaximum;23988,Microsoft.Compute/LowCostGetResource;30
    status:
      code: 200
      message: ''
- request:
    body: '{"location": "westus", "tags": {}, "identity": {"type": "SystemAssigned"},
      "properties": {"hardwareProfile": {"vmSize": "Standard_DS1_v2"}, "storageProfile":
      {"osDisk": {"osType": "Linux", "name": "vm1_disk1_a972abd871014b7e9d09d86f1de8b5e6",
      "caching": "ReadWrite", "createOption": "FromImage", "diskSizeGB": 30, "managedDisk":
      {"id": "/subscriptions/00000000-0000-0000-0000-000000000000/resourceGroups/clitest.rg000001/providers/Microsoft.Compute/disks/vm1_disk1_a972abd871014b7e9d09d86f1de8b5e6",
      "storageAccountType": "Premium_LRS"}, "deleteOption": "Detach"}, "dataDisks":
      [{"lun": 0, "name": "vm1_disk2_5bd9d220fddf4f3d83ca95135e5324e4", "caching":
      "None", "createOption": "Empty", "diskSizeGB": 1, "managedDisk": {"id": "/subscriptions/00000000-0000-0000-0000-000000000000/resourceGroups/clitest.rg000001/providers/Microsoft.Compute/disks/vm1_disk2_5bd9d220fddf4f3d83ca95135e5324e4",
      "storageAccountType": "Premium_LRS"}, "toBeDetached": false, "deleteOption":
      "Detach"}, {"lun": 1, "name": "vm1_disk3_1dd1a6e1500e4981abfa242b1b83b61b",
      "caching": "None", "createOption": "Empty", "diskSizeGB": 2, "managedDisk":
      {"id": "/subscriptions/00000000-0000-0000-0000-000000000000/resourceGroups/clitest.rg000001/providers/Microsoft.Compute/disks/vm1_disk3_1dd1a6e1500e4981abfa242b1b83b61b",
      "storageAccountType": "Premium_LRS"}, "toBeDetached": false, "deleteOption":
      "Detach"}]}, "osProfile": {"computerName": "vm1", "adminUsername": "cligenerics",
      "linuxConfiguration": {"disablePasswordAuthentication": true, "ssh": {"publicKeys":
      [{"path": "/home/cligenerics/.ssh/authorized_keys", "keyData": "ssh-rsa AAAAB3NzaC1yc2EAAAADAQABAAABAQCey0/ipz0OxUGA6xunJY5HdhvlsyRf2JdpnRaH0UU5KsAiajLq5HifCzJAEpRvWXIIYKSrqNi+hSmKRXiGJaHnK0dm0QO8YvM/Ab+MZUZ0L9VRznMoLsexTgDEC6QidxP5VYxXQwzgvbK1kn1J+7QTmd9JzV4Q83EEIZM5VGp7DwuUzhSuUN4LNJ9TnsCpjZwDIqIIGo9kLRLov+CfPb50o/768pa4W87a7FDJc74gvu/Qh7K05ztWNABlqYk5QsSkLWosN/vCaR+Nlh6EroTUw679G0MLj2WD/P0vLbiy1Xgf2oZ4Q5vLOQfoU2SWNkzzmfpdu3o9+VWNQppUZPyt"}]},
      "provisionVMAgent": true, "patchSettings": {"patchMode": "ImageDefault", "assessmentMode":
      "ImageDefault"}, "enableVMAgentPlatformUpdates": false}, "secrets": [], "allowExtensionOperations":
      true, "requireGuestProvisionSignal": true}, "networkProfile": {"networkInterfaces":
      [{"id": "/subscriptions/00000000-0000-0000-0000-000000000000/resourceGroups/clitest.rg000001/providers/Microsoft.Network/networkInterfaces/vm1VMNic"}]}}}'
    headers:
      Accept:
      - application/json
      Accept-Encoding:
      - gzip, deflate
      CommandName:
      - vm update
      Connection:
      - keep-alive
      Content-Length:
      - '2412'
      Content-Type:
      - application/json
      ParameterSetName:
      - -g -n --set
      User-Agent:
      - AZURECLI/2.55.0 azsdk-python-azure-mgmt-compute/30.4.0 Python/3.10.11 (Windows-10-10.0.22631-SP0)
    method: PUT
    uri: https://management.azure.com/subscriptions/00000000-0000-0000-0000-000000000000/resourceGroups/clitest.rg000001/providers/Microsoft.Compute/virtualMachines/vm1?api-version=2023-09-01
  response:
    body:
      string: "{\r\n  \"name\": \"vm1\",\r\n  \"id\": \"/subscriptions/00000000-0000-0000-0000-000000000000/resourceGroups/clitest.rg000001/providers/Microsoft.Compute/virtualMachines/vm1\",\r\n
        \ \"type\": \"Microsoft.Compute/virtualMachines\",\r\n  \"location\": \"westus\",\r\n
        \ \"tags\": {},\r\n  \"identity\": {\r\n    \"type\": \"SystemAssigned\",\r\n
        \   \"principalId\": \"81254101-f20d-4789-8805-9a7171bf0eb9\",\r\n    \"tenantId\":
        \"54826b22-38d6-4fb2-bad9-b7b93a3e9c5a\"\r\n  },\r\n  \"properties\": {\r\n
        \   \"hardwareProfile\": {\r\n      \"vmSize\": \"Standard_DS1_v2\"\r\n    },\r\n
        \   \"provisioningState\": \"Updating\",\r\n    \"vmId\": \"a52c6497-91e7-4d0b-b145-720e82ece8ec\",\r\n
        \   \"storageProfile\": {\r\n      \"imageReference\": {\r\n        \"publisher\":
        \"Debian\",\r\n        \"offer\": \"debian-10\",\r\n        \"sku\": \"10\",\r\n
        \       \"version\": \"latest\",\r\n        \"exactVersion\": \"0.20230802.1460\"\r\n
        \     },\r\n      \"osDisk\": {\r\n        \"osType\": \"Linux\",\r\n        \"name\":
        \"vm1_disk1_a972abd871014b7e9d09d86f1de8b5e6\",\r\n        \"createOption\":
        \"FromImage\",\r\n        \"caching\": \"ReadWrite\",\r\n        \"managedDisk\":
        {\r\n          \"storageAccountType\": \"Premium_LRS\",\r\n          \"id\":
        \"/subscriptions/00000000-0000-0000-0000-000000000000/resourceGroups/clitest.rg000001/providers/Microsoft.Compute/disks/vm1_disk1_a972abd871014b7e9d09d86f1de8b5e6\"\r\n
        \       },\r\n        \"deleteOption\": \"Detach\",\r\n        \"diskSizeGB\":
        30\r\n      },\r\n      \"dataDisks\": [\r\n        {\r\n          \"lun\":
        0,\r\n          \"name\": \"vm1_disk2_5bd9d220fddf4f3d83ca95135e5324e4\",\r\n
        \         \"createOption\": \"Empty\",\r\n          \"caching\": \"None\",\r\n
        \         \"managedDisk\": {\r\n            \"storageAccountType\": \"Premium_LRS\",\r\n
        \           \"id\": \"/subscriptions/00000000-0000-0000-0000-000000000000/resourceGroups/clitest.rg000001/providers/Microsoft.Compute/disks/vm1_disk2_5bd9d220fddf4f3d83ca95135e5324e4\"\r\n
        \         },\r\n          \"deleteOption\": \"Detach\",\r\n          \"diskSizeGB\":
        1,\r\n          \"toBeDetached\": false\r\n        },\r\n        {\r\n          \"lun\":
        1,\r\n          \"name\": \"vm1_disk3_1dd1a6e1500e4981abfa242b1b83b61b\",\r\n
        \         \"createOption\": \"Empty\",\r\n          \"caching\": \"None\",\r\n
        \         \"managedDisk\": {\r\n            \"storageAccountType\": \"Premium_LRS\",\r\n
        \           \"id\": \"/subscriptions/00000000-0000-0000-0000-000000000000/resourceGroups/clitest.rg000001/providers/Microsoft.Compute/disks/vm1_disk3_1dd1a6e1500e4981abfa242b1b83b61b\"\r\n
        \         },\r\n          \"deleteOption\": \"Detach\",\r\n          \"diskSizeGB\":
        2,\r\n          \"toBeDetached\": false\r\n        }\r\n      ]\r\n    },\r\n
        \   \"osProfile\": {\r\n      \"computerName\": \"vm1\",\r\n      \"adminUsername\":
        \"cligenerics\",\r\n      \"linuxConfiguration\": {\r\n        \"disablePasswordAuthentication\":
        true,\r\n        \"ssh\": {\r\n          \"publicKeys\": [\r\n            {\r\n
        \             \"path\": \"/home/cligenerics/.ssh/authorized_keys\",\r\n              \"keyData\":
        \"ssh-rsa AAAAB3NzaC1yc2EAAAADAQABAAABAQCey0/ipz0OxUGA6xunJY5HdhvlsyRf2JdpnRaH0UU5KsAiajLq5HifCzJAEpRvWXIIYKSrqNi+hSmKRXiGJaHnK0dm0QO8YvM/Ab+MZUZ0L9VRznMoLsexTgDEC6QidxP5VYxXQwzgvbK1kn1J+7QTmd9JzV4Q83EEIZM5VGp7DwuUzhSuUN4LNJ9TnsCpjZwDIqIIGo9kLRLov+CfPb50o/768pa4W87a7FDJc74gvu/Qh7K05ztWNABlqYk5QsSkLWosN/vCaR+Nlh6EroTUw679G0MLj2WD/P0vLbiy1Xgf2oZ4Q5vLOQfoU2SWNkzzmfpdu3o9+VWNQppUZPyt\"\r\n
        \           }\r\n          ]\r\n        },\r\n        \"provisionVMAgent\":
        true,\r\n        \"patchSettings\": {\r\n          \"patchMode\": \"ImageDefault\",\r\n
        \         \"assessmentMode\": \"ImageDefault\"\r\n        },\r\n        \"enableVMAgentPlatformUpdates\":
        false\r\n      },\r\n      \"secrets\": [],\r\n      \"allowExtensionOperations\":
        true,\r\n      \"requireGuestProvisionSignal\": true\r\n    },\r\n    \"networkProfile\":
        {\"networkInterfaces\":[{\"id\":\"/subscriptions/00000000-0000-0000-0000-000000000000/resourceGroups/clitest.rg000001/providers/Microsoft.Network/networkInterfaces/vm1VMNic\"}]},\r\n
        \   \"timeCreated\": \"2023-12-19T09:03:18.2946635+00:00\"\r\n  }\r\n}"
    headers:
      azure-asyncnotification:
      - Enabled
      azure-asyncoperation:
      - https://management.azure.com/subscriptions/00000000-0000-0000-0000-000000000000/providers/Microsoft.Compute/locations/westus/operations/1e13fd54-bb09-4233-817a-bc0b3d51477f?p=571046f6-b640-41c1-86f7-f9f044b5adf9&api-version=2023-09-01&t=638385734501991972&c=MIIHHjCCBgagAwIBAgITOgI9LlF5jGEEQe1CmgAEAj0uUTANBgkqhkiG9w0BAQsFADBEMRMwEQYKCZImiZPyLGQBGRYDR0JMMRMwEQYKCZImiZPyLGQBGRYDQU1FMRgwFgYDVQQDEw9BTUUgSU5GUkEgQ0EgMDEwHhcNMjMxMTAxMjE0OTQ5WhcNMjQxMDI2MjE0OTQ5WjBAMT4wPAYDVQQDEzVhc3luY29wZXJhdGlvbnNpZ25pbmdjZXJ0aWZpY2F0ZS5tYW5hZ2VtZW50LmF6dXJlLmNvbTCCASIwDQYJKoZIhvcNAQEBBQADggEPADCCAQoCggEBAMKt_zl2yRFDxIUmqoEA-B7WoRkSqscgwk6CGqDbwEVJS3oTI4Gk-ukQ6El3GQJVthiuwZGw4jwvTDyVWC8mQH2Zni6X1ocTXrNNa6VFJnvzeEn-HpmPATuII8AWtdtUnBvGZGAwgspvH8iZZCiHDowHCWhjVsU6_ipCsmzQeH3oRJI4AwUS_nCVA7U9WPdgIyQp6v5QPzcYCO_zIbNW4y_Cc3phfPEQvPvtSKhuijt68F5WlUY6Ps23ksosYG5VTx7z6skGG9arA5UKUzbbEO8lxzda3OFPZdG7OHe8-VMXxJjtSanZSSbdLgYBRB9m9PGr6voKtML9W5rEukE-lEUCAwEAAaOCBAswggQHMCcGCSsGAQQBgjcVCgQaMBgwCgYIKwYBBQUHAwEwCgYIKwYBBQUHAwIwPQYJKwYBBAGCNxUHBDAwLgYmKwYBBAGCNxUIhpDjDYTVtHiE8Ys-hZvdFs6dEoFggvX2K4Py0SACAWQCAQowggHaBggrBgEFBQcBAQSCAcwwggHIMGYGCCsGAQUFBzAChlpodHRwOi8vY3JsLm1pY3Jvc29mdC5jb20vcGtpaW5mcmEvQ2VydHMvQlkyUEtJSU5UQ0EwMS5BTUUuR0JMX0FNRSUyMElORlJBJTIwQ0ElMjAwMSg0KS5jcnQwVgYIKwYBBQUHMAKGSmh0dHA6Ly9jcmwxLmFtZS5nYmwvYWlhL0JZMlBLSUlOVENBMDEuQU1FLkdCTF9BTUUlMjBJTkZSQSUyMENBJTIwMDEoNCkuY3J0MFYGCCsGAQUFBzAChkpodHRwOi8vY3JsMi5hbWUuZ2JsL2FpYS9CWTJQS0lJTlRDQTAxLkFNRS5HQkxfQU1FJTIwSU5GUkElMjBDQSUyMDAxKDQpLmNydDBWBggrBgEFBQcwAoZKaHR0cDovL2NybDMuYW1lLmdibC9haWEvQlkyUEtJSU5UQ0EwMS5BTUUuR0JMX0FNRSUyMElORlJBJTIwQ0ElMjAwMSg0KS5jcnQwVgYIKwYBBQUHMAKGSmh0dHA6Ly9jcmw0LmFtZS5nYmwvYWlhL0JZMlBLSUlOVENBMDEuQU1FLkdCTF9BTUUlMjBJTkZSQSUyMENBJTIwMDEoNCkuY3J0MB0GA1UdDgQWBBRYUmiD-EjeFFNZByiKICN9p1JofzAOBgNVHQ8BAf8EBAMCBaAwggE1BgNVHR8EggEsMIIBKDCCASSgggEgoIIBHIZCaHR0cDovL2NybC5taWNyb3NvZnQuY29tL3BraWluZnJhL0NSTC9BTUUlMjBJTkZSQSUyMENBJTIwMDEoNCkuY3JshjRodHRwOi8vY3JsMS5hbWUuZ2JsL2NybC9BTUUlMjBJTkZSQSUyMENBJTIwMDEoNCkuY3JshjRodHRwOi8vY3JsMi5hbWUuZ2JsL2NybC9BTUUlMjBJTkZSQSUyMENBJTIwMDEoNCkuY3JshjRodHRwOi8vY3JsMy5hbWUuZ2JsL2NybC9BTUUlMjBJTkZSQSUyMENBJTIwMDEoNCkuY3JshjRodHRwOi8vY3JsNC5hbWUuZ2JsL2NybC9BTUUlMjBJTkZSQSUyMENBJTIwMDEoNCkuY3JsMBcGA1UdIAQQMA4wDAYKKwYBBAGCN3sBATAfBgNVHSMEGDAWgBTl2Ztn_PjsurvwwKidileIud8-YzAdBgNVHSUEFjAUBggrBgEFBQcDAQYIKwYBBQUHAwIwDQYJKoZIhvcNAQELBQADggEBAKRwStAdrsy7tgEfmtXPZXIwgdXOYwSx2Kqzlhq8b6Ptid4V3vhJvDV0WLS7d72KIMUwZiBnfPHhMmsdkLOSpNSZYC23g3QJSBWvoS86Rpkeru5bEyQmv1gucF_MyaFaUXUd4b7xnvCkv-BBNO8m1lvFAowB2odz9esggf82yeOVBx0yEK_NNOK4l36XvRjvIqemSLZOSi1wow_wn_ovhAEPpSSN7UTahPtz7J12vhP1LuZ4Rvn_hNx48ncw445nMBnMVmcuuakaKDC6_sAcs5lg9jq2yHSaIHRw4xcoS5XwvIykGPMUyAD-dXWFih_XFOKh7ea50hObFhghf3Dtvlo&s=mvNljP9BXmYadORlSeGJfj0RY4RifuwxBuE787eQrksT8XChx2Rl7SYOXhomn9iQDxxxztpDKtXMdPdKem0lcgvPbDAH0TOOxlWf-oRin-xSEsIguLAVOiPZg2BPA1b9xXU5OMuMf76px0dDWABdMfpsIyNq5EFCsejruw_dJ7nN2_47wipoJUtBHPmjnZMztilnZo95B2BJFpXzD-qzoiSWiLJDWS7H8nGf-iFiNpUC28_8HJoPKfGVKYvFJm6zStBwa0MknnBcELxUITN9SXmxOadrwktaCxH70xrLGjR3jFAw_JMsmOCFzagiNocTbXlcwZxKzl2eybxNGsO05Q&h=C8oZYYOrcZwOYYPQtSS97EI1YitJVe6RuMpqSWisZEg
      cache-control:
      - no-cache
      content-length:
      - '3802'
      content-type:
      - application/json; charset=utf-8
      date:
      - Tue, 19 Dec 2023 09:04:09 GMT
      expires:
      - '-1'
      pragma:
      - no-cache
      server:
      - Microsoft-HTTPAPI/2.0
      - Microsoft-HTTPAPI/2.0
      strict-transport-security:
      - max-age=31536000; includeSubDomains
      transfer-encoding:
      - chunked
      vary:
      - Accept-Encoding
      x-content-type-options:
      - nosniff
      x-ms-ratelimit-remaining-resource:
      - Microsoft.Compute/PutVMSubscriptionMaximum;1498,Microsoft.Compute/PutVMResource;10
      x-ms-ratelimit-remaining-subscription-writes:
      - '1198'
    status:
      code: 200
      message: ''
- request:
    body: null
    headers:
      Accept:
      - '*/*'
      Accept-Encoding:
      - gzip, deflate
      CommandName:
      - vm update
      Connection:
      - keep-alive
      ParameterSetName:
      - -g -n --set
      User-Agent:
      - AZURECLI/2.55.0 azsdk-python-azure-mgmt-compute/30.4.0 Python/3.10.11 (Windows-10-10.0.22631-SP0)
    method: GET
    uri: https://management.azure.com/subscriptions/00000000-0000-0000-0000-000000000000/providers/Microsoft.Compute/locations/westus/operations/1e13fd54-bb09-4233-817a-bc0b3d51477f?p=571046f6-b640-41c1-86f7-f9f044b5adf9&api-version=2023-09-01&t=638385734501991972&c=MIIHHjCCBgagAwIBAgITOgI9LlF5jGEEQe1CmgAEAj0uUTANBgkqhkiG9w0BAQsFADBEMRMwEQYKCZImiZPyLGQBGRYDR0JMMRMwEQYKCZImiZPyLGQBGRYDQU1FMRgwFgYDVQQDEw9BTUUgSU5GUkEgQ0EgMDEwHhcNMjMxMTAxMjE0OTQ5WhcNMjQxMDI2MjE0OTQ5WjBAMT4wPAYDVQQDEzVhc3luY29wZXJhdGlvbnNpZ25pbmdjZXJ0aWZpY2F0ZS5tYW5hZ2VtZW50LmF6dXJlLmNvbTCCASIwDQYJKoZIhvcNAQEBBQADggEPADCCAQoCggEBAMKt_zl2yRFDxIUmqoEA-B7WoRkSqscgwk6CGqDbwEVJS3oTI4Gk-ukQ6El3GQJVthiuwZGw4jwvTDyVWC8mQH2Zni6X1ocTXrNNa6VFJnvzeEn-HpmPATuII8AWtdtUnBvGZGAwgspvH8iZZCiHDowHCWhjVsU6_ipCsmzQeH3oRJI4AwUS_nCVA7U9WPdgIyQp6v5QPzcYCO_zIbNW4y_Cc3phfPEQvPvtSKhuijt68F5WlUY6Ps23ksosYG5VTx7z6skGG9arA5UKUzbbEO8lxzda3OFPZdG7OHe8-VMXxJjtSanZSSbdLgYBRB9m9PGr6voKtML9W5rEukE-lEUCAwEAAaOCBAswggQHMCcGCSsGAQQBgjcVCgQaMBgwCgYIKwYBBQUHAwEwCgYIKwYBBQUHAwIwPQYJKwYBBAGCNxUHBDAwLgYmKwYBBAGCNxUIhpDjDYTVtHiE8Ys-hZvdFs6dEoFggvX2K4Py0SACAWQCAQowggHaBggrBgEFBQcBAQSCAcwwggHIMGYGCCsGAQUFBzAChlpodHRwOi8vY3JsLm1pY3Jvc29mdC5jb20vcGtpaW5mcmEvQ2VydHMvQlkyUEtJSU5UQ0EwMS5BTUUuR0JMX0FNRSUyMElORlJBJTIwQ0ElMjAwMSg0KS5jcnQwVgYIKwYBBQUHMAKGSmh0dHA6Ly9jcmwxLmFtZS5nYmwvYWlhL0JZMlBLSUlOVENBMDEuQU1FLkdCTF9BTUUlMjBJTkZSQSUyMENBJTIwMDEoNCkuY3J0MFYGCCsGAQUFBzAChkpodHRwOi8vY3JsMi5hbWUuZ2JsL2FpYS9CWTJQS0lJTlRDQTAxLkFNRS5HQkxfQU1FJTIwSU5GUkElMjBDQSUyMDAxKDQpLmNydDBWBggrBgEFBQcwAoZKaHR0cDovL2NybDMuYW1lLmdibC9haWEvQlkyUEtJSU5UQ0EwMS5BTUUuR0JMX0FNRSUyMElORlJBJTIwQ0ElMjAwMSg0KS5jcnQwVgYIKwYBBQUHMAKGSmh0dHA6Ly9jcmw0LmFtZS5nYmwvYWlhL0JZMlBLSUlOVENBMDEuQU1FLkdCTF9BTUUlMjBJTkZSQSUyMENBJTIwMDEoNCkuY3J0MB0GA1UdDgQWBBRYUmiD-EjeFFNZByiKICN9p1JofzAOBgNVHQ8BAf8EBAMCBaAwggE1BgNVHR8EggEsMIIBKDCCASSgggEgoIIBHIZCaHR0cDovL2NybC5taWNyb3NvZnQuY29tL3BraWluZnJhL0NSTC9BTUUlMjBJTkZSQSUyMENBJTIwMDEoNCkuY3JshjRodHRwOi8vY3JsMS5hbWUuZ2JsL2NybC9BTUUlMjBJTkZSQSUyMENBJTIwMDEoNCkuY3JshjRodHRwOi8vY3JsMi5hbWUuZ2JsL2NybC9BTUUlMjBJTkZSQSUyMENBJTIwMDEoNCkuY3JshjRodHRwOi8vY3JsMy5hbWUuZ2JsL2NybC9BTUUlMjBJTkZSQSUyMENBJTIwMDEoNCkuY3JshjRodHRwOi8vY3JsNC5hbWUuZ2JsL2NybC9BTUUlMjBJTkZSQSUyMENBJTIwMDEoNCkuY3JsMBcGA1UdIAQQMA4wDAYKKwYBBAGCN3sBATAfBgNVHSMEGDAWgBTl2Ztn_PjsurvwwKidileIud8-YzAdBgNVHSUEFjAUBggrBgEFBQcDAQYIKwYBBQUHAwIwDQYJKoZIhvcNAQELBQADggEBAKRwStAdrsy7tgEfmtXPZXIwgdXOYwSx2Kqzlhq8b6Ptid4V3vhJvDV0WLS7d72KIMUwZiBnfPHhMmsdkLOSpNSZYC23g3QJSBWvoS86Rpkeru5bEyQmv1gucF_MyaFaUXUd4b7xnvCkv-BBNO8m1lvFAowB2odz9esggf82yeOVBx0yEK_NNOK4l36XvRjvIqemSLZOSi1wow_wn_ovhAEPpSSN7UTahPtz7J12vhP1LuZ4Rvn_hNx48ncw445nMBnMVmcuuakaKDC6_sAcs5lg9jq2yHSaIHRw4xcoS5XwvIykGPMUyAD-dXWFih_XFOKh7ea50hObFhghf3Dtvlo&s=mvNljP9BXmYadORlSeGJfj0RY4RifuwxBuE787eQrksT8XChx2Rl7SYOXhomn9iQDxxxztpDKtXMdPdKem0lcgvPbDAH0TOOxlWf-oRin-xSEsIguLAVOiPZg2BPA1b9xXU5OMuMf76px0dDWABdMfpsIyNq5EFCsejruw_dJ7nN2_47wipoJUtBHPmjnZMztilnZo95B2BJFpXzD-qzoiSWiLJDWS7H8nGf-iFiNpUC28_8HJoPKfGVKYvFJm6zStBwa0MknnBcELxUITN9SXmxOadrwktaCxH70xrLGjR3jFAw_JMsmOCFzagiNocTbXlcwZxKzl2eybxNGsO05Q&h=C8oZYYOrcZwOYYPQtSS97EI1YitJVe6RuMpqSWisZEg
  response:
    body:
      string: "{\r\n  \"startTime\": \"2023-12-19T09:04:09.8264905+00:00\",\r\n  \"status\":
        \"InProgress\",\r\n  \"name\": \"1e13fd54-bb09-4233-817a-bc0b3d51477f\"\r\n}"
    headers:
      cache-control:
      - no-cache
      content-length:
      - '134'
      content-type:
      - application/json; charset=utf-8
      date:
      - Tue, 19 Dec 2023 09:04:09 GMT
      expires:
      - '-1'
      pragma:
      - no-cache
      server:
      - Microsoft-HTTPAPI/2.0
      - Microsoft-HTTPAPI/2.0
      strict-transport-security:
      - max-age=31536000; includeSubDomains
      transfer-encoding:
      - chunked
      vary:
      - Accept-Encoding
      x-content-type-options:
      - nosniff
      x-ms-ratelimit-remaining-resource:
      - Microsoft.Compute/GetOperationResource;44,Microsoft.Compute/GetOperationSubscriptionMaximum;14994
    status:
      code: 200
      message: ''
- request:
    body: null
    headers:
      Accept:
      - '*/*'
      Accept-Encoding:
      - gzip, deflate
      CommandName:
      - vm update
      Connection:
      - keep-alive
      ParameterSetName:
      - -g -n --set
      User-Agent:
      - AZURECLI/2.55.0 azsdk-python-azure-mgmt-compute/30.4.0 Python/3.10.11 (Windows-10-10.0.22631-SP0)
    method: GET
    uri: https://management.azure.com/subscriptions/00000000-0000-0000-0000-000000000000/providers/Microsoft.Compute/locations/westus/operations/1e13fd54-bb09-4233-817a-bc0b3d51477f?p=571046f6-b640-41c1-86f7-f9f044b5adf9&api-version=2023-09-01&t=638385734501991972&c=MIIHHjCCBgagAwIBAgITOgI9LlF5jGEEQe1CmgAEAj0uUTANBgkqhkiG9w0BAQsFADBEMRMwEQYKCZImiZPyLGQBGRYDR0JMMRMwEQYKCZImiZPyLGQBGRYDQU1FMRgwFgYDVQQDEw9BTUUgSU5GUkEgQ0EgMDEwHhcNMjMxMTAxMjE0OTQ5WhcNMjQxMDI2MjE0OTQ5WjBAMT4wPAYDVQQDEzVhc3luY29wZXJhdGlvbnNpZ25pbmdjZXJ0aWZpY2F0ZS5tYW5hZ2VtZW50LmF6dXJlLmNvbTCCASIwDQYJKoZIhvcNAQEBBQADggEPADCCAQoCggEBAMKt_zl2yRFDxIUmqoEA-B7WoRkSqscgwk6CGqDbwEVJS3oTI4Gk-ukQ6El3GQJVthiuwZGw4jwvTDyVWC8mQH2Zni6X1ocTXrNNa6VFJnvzeEn-HpmPATuII8AWtdtUnBvGZGAwgspvH8iZZCiHDowHCWhjVsU6_ipCsmzQeH3oRJI4AwUS_nCVA7U9WPdgIyQp6v5QPzcYCO_zIbNW4y_Cc3phfPEQvPvtSKhuijt68F5WlUY6Ps23ksosYG5VTx7z6skGG9arA5UKUzbbEO8lxzda3OFPZdG7OHe8-VMXxJjtSanZSSbdLgYBRB9m9PGr6voKtML9W5rEukE-lEUCAwEAAaOCBAswggQHMCcGCSsGAQQBgjcVCgQaMBgwCgYIKwYBBQUHAwEwCgYIKwYBBQUHAwIwPQYJKwYBBAGCNxUHBDAwLgYmKwYBBAGCNxUIhpDjDYTVtHiE8Ys-hZvdFs6dEoFggvX2K4Py0SACAWQCAQowggHaBggrBgEFBQcBAQSCAcwwggHIMGYGCCsGAQUFBzAChlpodHRwOi8vY3JsLm1pY3Jvc29mdC5jb20vcGtpaW5mcmEvQ2VydHMvQlkyUEtJSU5UQ0EwMS5BTUUuR0JMX0FNRSUyMElORlJBJTIwQ0ElMjAwMSg0KS5jcnQwVgYIKwYBBQUHMAKGSmh0dHA6Ly9jcmwxLmFtZS5nYmwvYWlhL0JZMlBLSUlOVENBMDEuQU1FLkdCTF9BTUUlMjBJTkZSQSUyMENBJTIwMDEoNCkuY3J0MFYGCCsGAQUFBzAChkpodHRwOi8vY3JsMi5hbWUuZ2JsL2FpYS9CWTJQS0lJTlRDQTAxLkFNRS5HQkxfQU1FJTIwSU5GUkElMjBDQSUyMDAxKDQpLmNydDBWBggrBgEFBQcwAoZKaHR0cDovL2NybDMuYW1lLmdibC9haWEvQlkyUEtJSU5UQ0EwMS5BTUUuR0JMX0FNRSUyMElORlJBJTIwQ0ElMjAwMSg0KS5jcnQwVgYIKwYBBQUHMAKGSmh0dHA6Ly9jcmw0LmFtZS5nYmwvYWlhL0JZMlBLSUlOVENBMDEuQU1FLkdCTF9BTUUlMjBJTkZSQSUyMENBJTIwMDEoNCkuY3J0MB0GA1UdDgQWBBRYUmiD-EjeFFNZByiKICN9p1JofzAOBgNVHQ8BAf8EBAMCBaAwggE1BgNVHR8EggEsMIIBKDCCASSgggEgoIIBHIZCaHR0cDovL2NybC5taWNyb3NvZnQuY29tL3BraWluZnJhL0NSTC9BTUUlMjBJTkZSQSUyMENBJTIwMDEoNCkuY3JshjRodHRwOi8vY3JsMS5hbWUuZ2JsL2NybC9BTUUlMjBJTkZSQSUyMENBJTIwMDEoNCkuY3JshjRodHRwOi8vY3JsMi5hbWUuZ2JsL2NybC9BTUUlMjBJTkZSQSUyMENBJTIwMDEoNCkuY3JshjRodHRwOi8vY3JsMy5hbWUuZ2JsL2NybC9BTUUlMjBJTkZSQSUyMENBJTIwMDEoNCkuY3JshjRodHRwOi8vY3JsNC5hbWUuZ2JsL2NybC9BTUUlMjBJTkZSQSUyMENBJTIwMDEoNCkuY3JsMBcGA1UdIAQQMA4wDAYKKwYBBAGCN3sBATAfBgNVHSMEGDAWgBTl2Ztn_PjsurvwwKidileIud8-YzAdBgNVHSUEFjAUBggrBgEFBQcDAQYIKwYBBQUHAwIwDQYJKoZIhvcNAQELBQADggEBAKRwStAdrsy7tgEfmtXPZXIwgdXOYwSx2Kqzlhq8b6Ptid4V3vhJvDV0WLS7d72KIMUwZiBnfPHhMmsdkLOSpNSZYC23g3QJSBWvoS86Rpkeru5bEyQmv1gucF_MyaFaUXUd4b7xnvCkv-BBNO8m1lvFAowB2odz9esggf82yeOVBx0yEK_NNOK4l36XvRjvIqemSLZOSi1wow_wn_ovhAEPpSSN7UTahPtz7J12vhP1LuZ4Rvn_hNx48ncw445nMBnMVmcuuakaKDC6_sAcs5lg9jq2yHSaIHRw4xcoS5XwvIykGPMUyAD-dXWFih_XFOKh7ea50hObFhghf3Dtvlo&s=mvNljP9BXmYadORlSeGJfj0RY4RifuwxBuE787eQrksT8XChx2Rl7SYOXhomn9iQDxxxztpDKtXMdPdKem0lcgvPbDAH0TOOxlWf-oRin-xSEsIguLAVOiPZg2BPA1b9xXU5OMuMf76px0dDWABdMfpsIyNq5EFCsejruw_dJ7nN2_47wipoJUtBHPmjnZMztilnZo95B2BJFpXzD-qzoiSWiLJDWS7H8nGf-iFiNpUC28_8HJoPKfGVKYvFJm6zStBwa0MknnBcELxUITN9SXmxOadrwktaCxH70xrLGjR3jFAw_JMsmOCFzagiNocTbXlcwZxKzl2eybxNGsO05Q&h=C8oZYYOrcZwOYYPQtSS97EI1YitJVe6RuMpqSWisZEg
  response:
    body:
      string: "{\r\n  \"startTime\": \"2023-12-19T09:04:09.8264905+00:00\",\r\n  \"endTime\":
        \"2023-12-19T09:04:21.2172468+00:00\",\r\n  \"status\": \"Succeeded\",\r\n
        \ \"name\": \"1e13fd54-bb09-4233-817a-bc0b3d51477f\"\r\n}"
    headers:
      cache-control:
      - no-cache
      content-length:
      - '184'
      content-type:
      - application/json; charset=utf-8
      date:
      - Tue, 19 Dec 2023 09:04:41 GMT
      expires:
      - '-1'
      pragma:
      - no-cache
      server:
      - Microsoft-HTTPAPI/2.0
      - Microsoft-HTTPAPI/2.0
      strict-transport-security:
      - max-age=31536000; includeSubDomains
      transfer-encoding:
      - chunked
      vary:
      - Accept-Encoding
      x-content-type-options:
      - nosniff
      x-ms-ratelimit-remaining-resource:
      - Microsoft.Compute/GetOperationResource;43,Microsoft.Compute/GetOperationSubscriptionMaximum;14996
    status:
      code: 200
      message: ''
- request:
    body: null
    headers:
      Accept:
      - '*/*'
      Accept-Encoding:
      - gzip, deflate
      CommandName:
      - vm update
      Connection:
      - keep-alive
      ParameterSetName:
      - -g -n --set
      User-Agent:
      - AZURECLI/2.55.0 azsdk-python-azure-mgmt-compute/30.4.0 Python/3.10.11 (Windows-10-10.0.22631-SP0)
    method: GET
    uri: https://management.azure.com/subscriptions/00000000-0000-0000-0000-000000000000/resourceGroups/clitest.rg000001/providers/Microsoft.Compute/virtualMachines/vm1?api-version=2023-09-01
  response:
    body:
      string: "{\r\n  \"name\": \"vm1\",\r\n  \"id\": \"/subscriptions/00000000-0000-0000-0000-000000000000/resourceGroups/clitest.rg000001/providers/Microsoft.Compute/virtualMachines/vm1\",\r\n
        \ \"type\": \"Microsoft.Compute/virtualMachines\",\r\n  \"location\": \"westus\",\r\n
        \ \"tags\": {},\r\n  \"identity\": {\r\n    \"type\": \"SystemAssigned\",\r\n
        \   \"principalId\": \"81254101-f20d-4789-8805-9a7171bf0eb9\",\r\n    \"tenantId\":
        \"54826b22-38d6-4fb2-bad9-b7b93a3e9c5a\"\r\n  },\r\n  \"properties\": {\r\n
        \   \"hardwareProfile\": {\r\n      \"vmSize\": \"Standard_DS1_v2\"\r\n    },\r\n
        \   \"provisioningState\": \"Succeeded\",\r\n    \"vmId\": \"a52c6497-91e7-4d0b-b145-720e82ece8ec\",\r\n
        \   \"storageProfile\": {\r\n      \"imageReference\": {\r\n        \"publisher\":
        \"Debian\",\r\n        \"offer\": \"debian-10\",\r\n        \"sku\": \"10\",\r\n
        \       \"version\": \"latest\",\r\n        \"exactVersion\": \"0.20230802.1460\"\r\n
        \     },\r\n      \"osDisk\": {\r\n        \"osType\": \"Linux\",\r\n        \"name\":
        \"vm1_disk1_a972abd871014b7e9d09d86f1de8b5e6\",\r\n        \"createOption\":
        \"FromImage\",\r\n        \"caching\": \"ReadWrite\",\r\n        \"managedDisk\":
        {\r\n          \"storageAccountType\": \"Premium_LRS\",\r\n          \"id\":
        \"/subscriptions/00000000-0000-0000-0000-000000000000/resourceGroups/clitest.rg000001/providers/Microsoft.Compute/disks/vm1_disk1_a972abd871014b7e9d09d86f1de8b5e6\"\r\n
        \       },\r\n        \"deleteOption\": \"Detach\",\r\n        \"diskSizeGB\":
        30\r\n      },\r\n      \"dataDisks\": [\r\n        {\r\n          \"lun\":
        0,\r\n          \"name\": \"vm1_disk2_5bd9d220fddf4f3d83ca95135e5324e4\",\r\n
        \         \"createOption\": \"Empty\",\r\n          \"caching\": \"None\",\r\n
        \         \"managedDisk\": {\r\n            \"storageAccountType\": \"Premium_LRS\",\r\n
        \           \"id\": \"/subscriptions/00000000-0000-0000-0000-000000000000/resourceGroups/clitest.rg000001/providers/Microsoft.Compute/disks/vm1_disk2_5bd9d220fddf4f3d83ca95135e5324e4\"\r\n
        \         },\r\n          \"deleteOption\": \"Detach\",\r\n          \"diskSizeGB\":
        1,\r\n          \"toBeDetached\": false\r\n        },\r\n        {\r\n          \"lun\":
        1,\r\n          \"name\": \"vm1_disk3_1dd1a6e1500e4981abfa242b1b83b61b\",\r\n
        \         \"createOption\": \"Empty\",\r\n          \"caching\": \"None\",\r\n
        \         \"managedDisk\": {\r\n            \"storageAccountType\": \"Premium_LRS\",\r\n
        \           \"id\": \"/subscriptions/00000000-0000-0000-0000-000000000000/resourceGroups/clitest.rg000001/providers/Microsoft.Compute/disks/vm1_disk3_1dd1a6e1500e4981abfa242b1b83b61b\"\r\n
        \         },\r\n          \"deleteOption\": \"Detach\",\r\n          \"diskSizeGB\":
        2,\r\n          \"toBeDetached\": false\r\n        }\r\n      ]\r\n    },\r\n
        \   \"osProfile\": {\r\n      \"computerName\": \"vm1\",\r\n      \"adminUsername\":
        \"cligenerics\",\r\n      \"linuxConfiguration\": {\r\n        \"disablePasswordAuthentication\":
        true,\r\n        \"ssh\": {\r\n          \"publicKeys\": [\r\n            {\r\n
        \             \"path\": \"/home/cligenerics/.ssh/authorized_keys\",\r\n              \"keyData\":
        \"ssh-rsa AAAAB3NzaC1yc2EAAAADAQABAAABAQCey0/ipz0OxUGA6xunJY5HdhvlsyRf2JdpnRaH0UU5KsAiajLq5HifCzJAEpRvWXIIYKSrqNi+hSmKRXiGJaHnK0dm0QO8YvM/Ab+MZUZ0L9VRznMoLsexTgDEC6QidxP5VYxXQwzgvbK1kn1J+7QTmd9JzV4Q83EEIZM5VGp7DwuUzhSuUN4LNJ9TnsCpjZwDIqIIGo9kLRLov+CfPb50o/768pa4W87a7FDJc74gvu/Qh7K05ztWNABlqYk5QsSkLWosN/vCaR+Nlh6EroTUw679G0MLj2WD/P0vLbiy1Xgf2oZ4Q5vLOQfoU2SWNkzzmfpdu3o9+VWNQppUZPyt\"\r\n
        \           }\r\n          ]\r\n        },\r\n        \"provisionVMAgent\":
        true,\r\n        \"patchSettings\": {\r\n          \"patchMode\": \"ImageDefault\",\r\n
        \         \"assessmentMode\": \"ImageDefault\"\r\n        },\r\n        \"enableVMAgentPlatformUpdates\":
        false\r\n      },\r\n      \"secrets\": [],\r\n      \"allowExtensionOperations\":
        true,\r\n      \"requireGuestProvisionSignal\": true\r\n    },\r\n    \"networkProfile\":
        {\"networkInterfaces\":[{\"id\":\"/subscriptions/00000000-0000-0000-0000-000000000000/resourceGroups/clitest.rg000001/providers/Microsoft.Network/networkInterfaces/vm1VMNic\"}]},\r\n
        \   \"timeCreated\": \"2023-12-19T09:03:18.2946635+00:00\"\r\n  }\r\n}"
    headers:
      cache-control:
      - no-cache
      content-length:
      - '3803'
      content-type:
      - application/json; charset=utf-8
      date:
      - Tue, 19 Dec 2023 09:04:41 GMT
      expires:
      - '-1'
      pragma:
      - no-cache
      server:
      - Microsoft-HTTPAPI/2.0
      - Microsoft-HTTPAPI/2.0
      strict-transport-security:
      - max-age=31536000; includeSubDomains
      transfer-encoding:
      - chunked
      vary:
      - Accept-Encoding
      x-content-type-options:
      - nosniff
      x-ms-ratelimit-remaining-resource:
      - Microsoft.Compute/LowCostGetSubscriptionMaximum;23999,Microsoft.Compute/LowCostGetResource;35
    status:
      code: 200
      message: ''
- request:
    body: null
    headers:
      Accept:
      - application/json
      Accept-Encoding:
      - gzip, deflate
      CommandName:
      - vm update
      Connection:
      - keep-alive
      ParameterSetName:
      - -g -n --set
      User-Agent:
      - AZURECLI/2.55.0 azsdk-python-azure-mgmt-compute/30.4.0 Python/3.10.11 (Windows-10-10.0.22631-SP0)
    method: GET
    uri: https://management.azure.com/subscriptions/00000000-0000-0000-0000-000000000000/resourceGroups/clitest.rg000001/providers/Microsoft.Compute/virtualMachines/vm1?api-version=2023-09-01
  response:
    body:
      string: "{\r\n  \"name\": \"vm1\",\r\n  \"id\": \"/subscriptions/00000000-0000-0000-0000-000000000000/resourceGroups/clitest.rg000001/providers/Microsoft.Compute/virtualMachines/vm1\",\r\n
        \ \"type\": \"Microsoft.Compute/virtualMachines\",\r\n  \"location\": \"westus\",\r\n
        \ \"tags\": {},\r\n  \"identity\": {\r\n    \"type\": \"SystemAssigned\",\r\n
        \   \"principalId\": \"81254101-f20d-4789-8805-9a7171bf0eb9\",\r\n    \"tenantId\":
        \"54826b22-38d6-4fb2-bad9-b7b93a3e9c5a\"\r\n  },\r\n  \"properties\": {\r\n
        \   \"hardwareProfile\": {\r\n      \"vmSize\": \"Standard_DS1_v2\"\r\n    },\r\n
        \   \"provisioningState\": \"Succeeded\",\r\n    \"vmId\": \"a52c6497-91e7-4d0b-b145-720e82ece8ec\",\r\n
        \   \"storageProfile\": {\r\n      \"imageReference\": {\r\n        \"publisher\":
        \"Debian\",\r\n        \"offer\": \"debian-10\",\r\n        \"sku\": \"10\",\r\n
        \       \"version\": \"latest\",\r\n        \"exactVersion\": \"0.20230802.1460\"\r\n
        \     },\r\n      \"osDisk\": {\r\n        \"osType\": \"Linux\",\r\n        \"name\":
        \"vm1_disk1_a972abd871014b7e9d09d86f1de8b5e6\",\r\n        \"createOption\":
        \"FromImage\",\r\n        \"caching\": \"ReadWrite\",\r\n        \"managedDisk\":
        {\r\n          \"storageAccountType\": \"Premium_LRS\",\r\n          \"id\":
        \"/subscriptions/00000000-0000-0000-0000-000000000000/resourceGroups/clitest.rg000001/providers/Microsoft.Compute/disks/vm1_disk1_a972abd871014b7e9d09d86f1de8b5e6\"\r\n
        \       },\r\n        \"deleteOption\": \"Detach\",\r\n        \"diskSizeGB\":
        30\r\n      },\r\n      \"dataDisks\": [\r\n        {\r\n          \"lun\":
        0,\r\n          \"name\": \"vm1_disk2_5bd9d220fddf4f3d83ca95135e5324e4\",\r\n
        \         \"createOption\": \"Empty\",\r\n          \"caching\": \"None\",\r\n
        \         \"managedDisk\": {\r\n            \"storageAccountType\": \"Premium_LRS\",\r\n
        \           \"id\": \"/subscriptions/00000000-0000-0000-0000-000000000000/resourceGroups/clitest.rg000001/providers/Microsoft.Compute/disks/vm1_disk2_5bd9d220fddf4f3d83ca95135e5324e4\"\r\n
        \         },\r\n          \"deleteOption\": \"Detach\",\r\n          \"diskSizeGB\":
        1,\r\n          \"toBeDetached\": false\r\n        },\r\n        {\r\n          \"lun\":
        1,\r\n          \"name\": \"vm1_disk3_1dd1a6e1500e4981abfa242b1b83b61b\",\r\n
        \         \"createOption\": \"Empty\",\r\n          \"caching\": \"None\",\r\n
        \         \"managedDisk\": {\r\n            \"storageAccountType\": \"Premium_LRS\",\r\n
        \           \"id\": \"/subscriptions/00000000-0000-0000-0000-000000000000/resourceGroups/clitest.rg000001/providers/Microsoft.Compute/disks/vm1_disk3_1dd1a6e1500e4981abfa242b1b83b61b\"\r\n
        \         },\r\n          \"deleteOption\": \"Detach\",\r\n          \"diskSizeGB\":
        2,\r\n          \"toBeDetached\": false\r\n        }\r\n      ]\r\n    },\r\n
        \   \"osProfile\": {\r\n      \"computerName\": \"vm1\",\r\n      \"adminUsername\":
        \"cligenerics\",\r\n      \"linuxConfiguration\": {\r\n        \"disablePasswordAuthentication\":
        true,\r\n        \"ssh\": {\r\n          \"publicKeys\": [\r\n            {\r\n
        \             \"path\": \"/home/cligenerics/.ssh/authorized_keys\",\r\n              \"keyData\":
        \"ssh-rsa AAAAB3NzaC1yc2EAAAADAQABAAABAQCey0/ipz0OxUGA6xunJY5HdhvlsyRf2JdpnRaH0UU5KsAiajLq5HifCzJAEpRvWXIIYKSrqNi+hSmKRXiGJaHnK0dm0QO8YvM/Ab+MZUZ0L9VRznMoLsexTgDEC6QidxP5VYxXQwzgvbK1kn1J+7QTmd9JzV4Q83EEIZM5VGp7DwuUzhSuUN4LNJ9TnsCpjZwDIqIIGo9kLRLov+CfPb50o/768pa4W87a7FDJc74gvu/Qh7K05ztWNABlqYk5QsSkLWosN/vCaR+Nlh6EroTUw679G0MLj2WD/P0vLbiy1Xgf2oZ4Q5vLOQfoU2SWNkzzmfpdu3o9+VWNQppUZPyt\"\r\n
        \           }\r\n          ]\r\n        },\r\n        \"provisionVMAgent\":
        true,\r\n        \"patchSettings\": {\r\n          \"patchMode\": \"ImageDefault\",\r\n
        \         \"assessmentMode\": \"ImageDefault\"\r\n        },\r\n        \"enableVMAgentPlatformUpdates\":
        false\r\n      },\r\n      \"secrets\": [],\r\n      \"allowExtensionOperations\":
        true,\r\n      \"requireGuestProvisionSignal\": true\r\n    },\r\n    \"networkProfile\":
        {\"networkInterfaces\":[{\"id\":\"/subscriptions/00000000-0000-0000-0000-000000000000/resourceGroups/clitest.rg000001/providers/Microsoft.Network/networkInterfaces/vm1VMNic\"}]},\r\n
        \   \"timeCreated\": \"2023-12-19T09:03:18.2946635+00:00\"\r\n  }\r\n}"
    headers:
      cache-control:
      - no-cache
      content-length:
      - '3803'
      content-type:
      - application/json; charset=utf-8
      date:
      - Tue, 19 Dec 2023 09:04:43 GMT
      expires:
      - '-1'
      pragma:
      - no-cache
      server:
      - Microsoft-HTTPAPI/2.0
      - Microsoft-HTTPAPI/2.0
      strict-transport-security:
      - max-age=31536000; includeSubDomains
      transfer-encoding:
      - chunked
      vary:
      - Accept-Encoding
      x-content-type-options:
      - nosniff
      x-ms-ratelimit-remaining-resource:
      - Microsoft.Compute/LowCostGetSubscriptionMaximum;23998,Microsoft.Compute/LowCostGetResource;34
    status:
      code: 200
      message: ''
- request:
    body: '{"location": "westus", "tags": {}, "identity": {"type": "SystemAssigned"},
      "properties": {"hardwareProfile": {"vmSize": "Standard_DS1_v2"}, "storageProfile":
      {"osDisk": {"osType": "Linux", "name": "vm1_disk1_a972abd871014b7e9d09d86f1de8b5e6",
      "caching": "ReadWrite", "createOption": "FromImage", "diskSizeGB": 30, "managedDisk":
      {"id": "/subscriptions/00000000-0000-0000-0000-000000000000/resourceGroups/clitest.rg000001/providers/Microsoft.Compute/disks/vm1_disk1_a972abd871014b7e9d09d86f1de8b5e6",
      "storageAccountType": "Premium_LRS"}, "deleteOption": "Detach"}, "dataDisks":
      [{"lun": 0, "name": "vm1_disk2_5bd9d220fddf4f3d83ca95135e5324e4", "caching":
      "ReadWrite", "createOption": "Empty", "diskSizeGB": 1, "managedDisk": {"id":
      "/subscriptions/00000000-0000-0000-0000-000000000000/resourceGroups/clitest.rg000001/providers/Microsoft.Compute/disks/vm1_disk2_5bd9d220fddf4f3d83ca95135e5324e4",
      "storageAccountType": "Premium_LRS"}, "toBeDetached": false, "deleteOption":
      "Detach"}, {"lun": 1, "name": "vm1_disk3_1dd1a6e1500e4981abfa242b1b83b61b",
      "caching": "None", "createOption": "Empty", "diskSizeGB": 2, "managedDisk":
      {"id": "/subscriptions/00000000-0000-0000-0000-000000000000/resourceGroups/clitest.rg000001/providers/Microsoft.Compute/disks/vm1_disk3_1dd1a6e1500e4981abfa242b1b83b61b",
      "storageAccountType": "Premium_LRS"}, "toBeDetached": false, "deleteOption":
      "Detach"}]}, "osProfile": {"computerName": "vm1", "adminUsername": "cligenerics",
      "linuxConfiguration": {"disablePasswordAuthentication": true, "ssh": {"publicKeys":
      [{"path": "/home/cligenerics/.ssh/authorized_keys", "keyData": "ssh-rsa AAAAB3NzaC1yc2EAAAADAQABAAABAQCey0/ipz0OxUGA6xunJY5HdhvlsyRf2JdpnRaH0UU5KsAiajLq5HifCzJAEpRvWXIIYKSrqNi+hSmKRXiGJaHnK0dm0QO8YvM/Ab+MZUZ0L9VRznMoLsexTgDEC6QidxP5VYxXQwzgvbK1kn1J+7QTmd9JzV4Q83EEIZM5VGp7DwuUzhSuUN4LNJ9TnsCpjZwDIqIIGo9kLRLov+CfPb50o/768pa4W87a7FDJc74gvu/Qh7K05ztWNABlqYk5QsSkLWosN/vCaR+Nlh6EroTUw679G0MLj2WD/P0vLbiy1Xgf2oZ4Q5vLOQfoU2SWNkzzmfpdu3o9+VWNQppUZPyt"}]},
      "provisionVMAgent": true, "patchSettings": {"patchMode": "ImageDefault", "assessmentMode":
      "ImageDefault"}, "enableVMAgentPlatformUpdates": false}, "secrets": [], "allowExtensionOperations":
      true, "requireGuestProvisionSignal": true}, "networkProfile": {"networkInterfaces":
      [{"id": "/subscriptions/00000000-0000-0000-0000-000000000000/resourceGroups/clitest.rg000001/providers/Microsoft.Network/networkInterfaces/vm1VMNic"}]}}}'
    headers:
      Accept:
      - application/json
      Accept-Encoding:
      - gzip, deflate
      CommandName:
      - vm update
      Connection:
      - keep-alive
      Content-Length:
      - '2417'
      Content-Type:
      - application/json
      ParameterSetName:
      - -g -n --set
      User-Agent:
      - AZURECLI/2.55.0 azsdk-python-azure-mgmt-compute/30.4.0 Python/3.10.11 (Windows-10-10.0.22631-SP0)
    method: PUT
    uri: https://management.azure.com/subscriptions/00000000-0000-0000-0000-000000000000/resourceGroups/clitest.rg000001/providers/Microsoft.Compute/virtualMachines/vm1?api-version=2023-09-01
  response:
    body:
      string: "{\r\n  \"name\": \"vm1\",\r\n  \"id\": \"/subscriptions/00000000-0000-0000-0000-000000000000/resourceGroups/clitest.rg000001/providers/Microsoft.Compute/virtualMachines/vm1\",\r\n
        \ \"type\": \"Microsoft.Compute/virtualMachines\",\r\n  \"location\": \"westus\",\r\n
        \ \"tags\": {},\r\n  \"identity\": {\r\n    \"type\": \"SystemAssigned\",\r\n
        \   \"principalId\": \"81254101-f20d-4789-8805-9a7171bf0eb9\",\r\n    \"tenantId\":
        \"54826b22-38d6-4fb2-bad9-b7b93a3e9c5a\"\r\n  },\r\n  \"properties\": {\r\n
        \   \"hardwareProfile\": {\r\n      \"vmSize\": \"Standard_DS1_v2\"\r\n    },\r\n
        \   \"provisioningState\": \"Updating\",\r\n    \"vmId\": \"a52c6497-91e7-4d0b-b145-720e82ece8ec\",\r\n
        \   \"storageProfile\": {\r\n      \"imageReference\": {\r\n        \"publisher\":
        \"Debian\",\r\n        \"offer\": \"debian-10\",\r\n        \"sku\": \"10\",\r\n
        \       \"version\": \"latest\",\r\n        \"exactVersion\": \"0.20230802.1460\"\r\n
        \     },\r\n      \"osDisk\": {\r\n        \"osType\": \"Linux\",\r\n        \"name\":
        \"vm1_disk1_a972abd871014b7e9d09d86f1de8b5e6\",\r\n        \"createOption\":
        \"FromImage\",\r\n        \"caching\": \"ReadWrite\",\r\n        \"managedDisk\":
        {\r\n          \"storageAccountType\": \"Premium_LRS\",\r\n          \"id\":
        \"/subscriptions/00000000-0000-0000-0000-000000000000/resourceGroups/clitest.rg000001/providers/Microsoft.Compute/disks/vm1_disk1_a972abd871014b7e9d09d86f1de8b5e6\"\r\n
        \       },\r\n        \"deleteOption\": \"Detach\",\r\n        \"diskSizeGB\":
        30\r\n      },\r\n      \"dataDisks\": [\r\n        {\r\n          \"lun\":
        0,\r\n          \"name\": \"vm1_disk2_5bd9d220fddf4f3d83ca95135e5324e4\",\r\n
        \         \"createOption\": \"Empty\",\r\n          \"caching\": \"ReadWrite\",\r\n
        \         \"managedDisk\": {\r\n            \"storageAccountType\": \"Premium_LRS\",\r\n
        \           \"id\": \"/subscriptions/00000000-0000-0000-0000-000000000000/resourceGroups/clitest.rg000001/providers/Microsoft.Compute/disks/vm1_disk2_5bd9d220fddf4f3d83ca95135e5324e4\"\r\n
        \         },\r\n          \"deleteOption\": \"Detach\",\r\n          \"diskSizeGB\":
        1,\r\n          \"toBeDetached\": false\r\n        },\r\n        {\r\n          \"lun\":
        1,\r\n          \"name\": \"vm1_disk3_1dd1a6e1500e4981abfa242b1b83b61b\",\r\n
        \         \"createOption\": \"Empty\",\r\n          \"caching\": \"None\",\r\n
        \         \"managedDisk\": {\r\n            \"storageAccountType\": \"Premium_LRS\",\r\n
        \           \"id\": \"/subscriptions/00000000-0000-0000-0000-000000000000/resourceGroups/clitest.rg000001/providers/Microsoft.Compute/disks/vm1_disk3_1dd1a6e1500e4981abfa242b1b83b61b\"\r\n
        \         },\r\n          \"deleteOption\": \"Detach\",\r\n          \"diskSizeGB\":
        2,\r\n          \"toBeDetached\": false\r\n        }\r\n      ]\r\n    },\r\n
        \   \"osProfile\": {\r\n      \"computerName\": \"vm1\",\r\n      \"adminUsername\":
        \"cligenerics\",\r\n      \"linuxConfiguration\": {\r\n        \"disablePasswordAuthentication\":
        true,\r\n        \"ssh\": {\r\n          \"publicKeys\": [\r\n            {\r\n
        \             \"path\": \"/home/cligenerics/.ssh/authorized_keys\",\r\n              \"keyData\":
        \"ssh-rsa AAAAB3NzaC1yc2EAAAADAQABAAABAQCey0/ipz0OxUGA6xunJY5HdhvlsyRf2JdpnRaH0UU5KsAiajLq5HifCzJAEpRvWXIIYKSrqNi+hSmKRXiGJaHnK0dm0QO8YvM/Ab+MZUZ0L9VRznMoLsexTgDEC6QidxP5VYxXQwzgvbK1kn1J+7QTmd9JzV4Q83EEIZM5VGp7DwuUzhSuUN4LNJ9TnsCpjZwDIqIIGo9kLRLov+CfPb50o/768pa4W87a7FDJc74gvu/Qh7K05ztWNABlqYk5QsSkLWosN/vCaR+Nlh6EroTUw679G0MLj2WD/P0vLbiy1Xgf2oZ4Q5vLOQfoU2SWNkzzmfpdu3o9+VWNQppUZPyt\"\r\n
        \           }\r\n          ]\r\n        },\r\n        \"provisionVMAgent\":
        true,\r\n        \"patchSettings\": {\r\n          \"patchMode\": \"ImageDefault\",\r\n
        \         \"assessmentMode\": \"ImageDefault\"\r\n        },\r\n        \"enableVMAgentPlatformUpdates\":
        false\r\n      },\r\n      \"secrets\": [],\r\n      \"allowExtensionOperations\":
        true,\r\n      \"requireGuestProvisionSignal\": true\r\n    },\r\n    \"networkProfile\":
        {\"networkInterfaces\":[{\"id\":\"/subscriptions/00000000-0000-0000-0000-000000000000/resourceGroups/clitest.rg000001/providers/Microsoft.Network/networkInterfaces/vm1VMNic\"}]},\r\n
        \   \"timeCreated\": \"2023-12-19T09:03:18.2946635+00:00\"\r\n  }\r\n}"
    headers:
      azure-asyncnotification:
      - Enabled
      azure-asyncoperation:
      - https://management.azure.com/subscriptions/00000000-0000-0000-0000-000000000000/providers/Microsoft.Compute/locations/westus/operations/ffb7b568-a59a-4b18-8f0e-aa871811aab1?p=571046f6-b640-41c1-86f7-f9f044b5adf9&api-version=2023-09-01&t=638385734862318327&c=MIIHHjCCBgagAwIBAgITOgI9LlF5jGEEQe1CmgAEAj0uUTANBgkqhkiG9w0BAQsFADBEMRMwEQYKCZImiZPyLGQBGRYDR0JMMRMwEQYKCZImiZPyLGQBGRYDQU1FMRgwFgYDVQQDEw9BTUUgSU5GUkEgQ0EgMDEwHhcNMjMxMTAxMjE0OTQ5WhcNMjQxMDI2MjE0OTQ5WjBAMT4wPAYDVQQDEzVhc3luY29wZXJhdGlvbnNpZ25pbmdjZXJ0aWZpY2F0ZS5tYW5hZ2VtZW50LmF6dXJlLmNvbTCCASIwDQYJKoZIhvcNAQEBBQADggEPADCCAQoCggEBAMKt_zl2yRFDxIUmqoEA-B7WoRkSqscgwk6CGqDbwEVJS3oTI4Gk-ukQ6El3GQJVthiuwZGw4jwvTDyVWC8mQH2Zni6X1ocTXrNNa6VFJnvzeEn-HpmPATuII8AWtdtUnBvGZGAwgspvH8iZZCiHDowHCWhjVsU6_ipCsmzQeH3oRJI4AwUS_nCVA7U9WPdgIyQp6v5QPzcYCO_zIbNW4y_Cc3phfPEQvPvtSKhuijt68F5WlUY6Ps23ksosYG5VTx7z6skGG9arA5UKUzbbEO8lxzda3OFPZdG7OHe8-VMXxJjtSanZSSbdLgYBRB9m9PGr6voKtML9W5rEukE-lEUCAwEAAaOCBAswggQHMCcGCSsGAQQBgjcVCgQaMBgwCgYIKwYBBQUHAwEwCgYIKwYBBQUHAwIwPQYJKwYBBAGCNxUHBDAwLgYmKwYBBAGCNxUIhpDjDYTVtHiE8Ys-hZvdFs6dEoFggvX2K4Py0SACAWQCAQowggHaBggrBgEFBQcBAQSCAcwwggHIMGYGCCsGAQUFBzAChlpodHRwOi8vY3JsLm1pY3Jvc29mdC5jb20vcGtpaW5mcmEvQ2VydHMvQlkyUEtJSU5UQ0EwMS5BTUUuR0JMX0FNRSUyMElORlJBJTIwQ0ElMjAwMSg0KS5jcnQwVgYIKwYBBQUHMAKGSmh0dHA6Ly9jcmwxLmFtZS5nYmwvYWlhL0JZMlBLSUlOVENBMDEuQU1FLkdCTF9BTUUlMjBJTkZSQSUyMENBJTIwMDEoNCkuY3J0MFYGCCsGAQUFBzAChkpodHRwOi8vY3JsMi5hbWUuZ2JsL2FpYS9CWTJQS0lJTlRDQTAxLkFNRS5HQkxfQU1FJTIwSU5GUkElMjBDQSUyMDAxKDQpLmNydDBWBggrBgEFBQcwAoZKaHR0cDovL2NybDMuYW1lLmdibC9haWEvQlkyUEtJSU5UQ0EwMS5BTUUuR0JMX0FNRSUyMElORlJBJTIwQ0ElMjAwMSg0KS5jcnQwVgYIKwYBBQUHMAKGSmh0dHA6Ly9jcmw0LmFtZS5nYmwvYWlhL0JZMlBLSUlOVENBMDEuQU1FLkdCTF9BTUUlMjBJTkZSQSUyMENBJTIwMDEoNCkuY3J0MB0GA1UdDgQWBBRYUmiD-EjeFFNZByiKICN9p1JofzAOBgNVHQ8BAf8EBAMCBaAwggE1BgNVHR8EggEsMIIBKDCCASSgggEgoIIBHIZCaHR0cDovL2NybC5taWNyb3NvZnQuY29tL3BraWluZnJhL0NSTC9BTUUlMjBJTkZSQSUyMENBJTIwMDEoNCkuY3JshjRodHRwOi8vY3JsMS5hbWUuZ2JsL2NybC9BTUUlMjBJTkZSQSUyMENBJTIwMDEoNCkuY3JshjRodHRwOi8vY3JsMi5hbWUuZ2JsL2NybC9BTUUlMjBJTkZSQSUyMENBJTIwMDEoNCkuY3JshjRodHRwOi8vY3JsMy5hbWUuZ2JsL2NybC9BTUUlMjBJTkZSQSUyMENBJTIwMDEoNCkuY3JshjRodHRwOi8vY3JsNC5hbWUuZ2JsL2NybC9BTUUlMjBJTkZSQSUyMENBJTIwMDEoNCkuY3JsMBcGA1UdIAQQMA4wDAYKKwYBBAGCN3sBATAfBgNVHSMEGDAWgBTl2Ztn_PjsurvwwKidileIud8-YzAdBgNVHSUEFjAUBggrBgEFBQcDAQYIKwYBBQUHAwIwDQYJKoZIhvcNAQELBQADggEBAKRwStAdrsy7tgEfmtXPZXIwgdXOYwSx2Kqzlhq8b6Ptid4V3vhJvDV0WLS7d72KIMUwZiBnfPHhMmsdkLOSpNSZYC23g3QJSBWvoS86Rpkeru5bEyQmv1gucF_MyaFaUXUd4b7xnvCkv-BBNO8m1lvFAowB2odz9esggf82yeOVBx0yEK_NNOK4l36XvRjvIqemSLZOSi1wow_wn_ovhAEPpSSN7UTahPtz7J12vhP1LuZ4Rvn_hNx48ncw445nMBnMVmcuuakaKDC6_sAcs5lg9jq2yHSaIHRw4xcoS5XwvIykGPMUyAD-dXWFih_XFOKh7ea50hObFhghf3Dtvlo&s=MqW0B6TPNYl2LwMqpPiYvfCUxSkDrUli0YTmuYby89AuV5cUJI37IVHU-7tqZjtkCYo095-v654ZN21PdYMgFXhi1KDznnAIgmkLca-u1ltUxQKPfDea6klsaCuBv4LL2eUjfZLl3zMzn9Sj0ZSQ1tUFvIbzEaCV3L2LORKSUvm9ZgqgdSV-rgvckIYRhyq1ky9biyt-6ZlxlGuD1E-bR-MW69_zd_R67fun50Dt7D4dvYgFbAw1W3-EyBLavkAMsuByszFoPIbTAOJPYU-iJDbZ0zDtJktM1v81C2cuv1eMa_5AUagNvCGvF_DA2aXRtcK-Tk6RBRXEIx9HhJGgiw&h=xEORoMiGaeZcrdbgrsnqxzJM-B3YsMLj-ay7I_MhW6s
      cache-control:
      - no-cache
      content-length:
      - '3807'
      content-type:
      - application/json; charset=utf-8
      date:
      - Tue, 19 Dec 2023 09:04:45 GMT
      expires:
      - '-1'
      pragma:
      - no-cache
      server:
      - Microsoft-HTTPAPI/2.0
      - Microsoft-HTTPAPI/2.0
      strict-transport-security:
      - max-age=31536000; includeSubDomains
      transfer-encoding:
      - chunked
      vary:
      - Accept-Encoding
      x-content-type-options:
      - nosniff
      x-ms-ratelimit-remaining-resource:
      - Microsoft.Compute/PutVMSubscriptionMaximum;1499,Microsoft.Compute/PutVMResource;11
      x-ms-ratelimit-remaining-subscription-writes:
      - '1195'
    status:
      code: 200
      message: ''
- request:
    body: null
    headers:
      Accept:
      - '*/*'
      Accept-Encoding:
      - gzip, deflate
      CommandName:
      - vm update
      Connection:
      - keep-alive
      ParameterSetName:
      - -g -n --set
      User-Agent:
      - AZURECLI/2.55.0 azsdk-python-azure-mgmt-compute/30.4.0 Python/3.10.11 (Windows-10-10.0.22631-SP0)
    method: GET
    uri: https://management.azure.com/subscriptions/00000000-0000-0000-0000-000000000000/providers/Microsoft.Compute/locations/westus/operations/ffb7b568-a59a-4b18-8f0e-aa871811aab1?p=571046f6-b640-41c1-86f7-f9f044b5adf9&api-version=2023-09-01&t=638385734862318327&c=MIIHHjCCBgagAwIBAgITOgI9LlF5jGEEQe1CmgAEAj0uUTANBgkqhkiG9w0BAQsFADBEMRMwEQYKCZImiZPyLGQBGRYDR0JMMRMwEQYKCZImiZPyLGQBGRYDQU1FMRgwFgYDVQQDEw9BTUUgSU5GUkEgQ0EgMDEwHhcNMjMxMTAxMjE0OTQ5WhcNMjQxMDI2MjE0OTQ5WjBAMT4wPAYDVQQDEzVhc3luY29wZXJhdGlvbnNpZ25pbmdjZXJ0aWZpY2F0ZS5tYW5hZ2VtZW50LmF6dXJlLmNvbTCCASIwDQYJKoZIhvcNAQEBBQADggEPADCCAQoCggEBAMKt_zl2yRFDxIUmqoEA-B7WoRkSqscgwk6CGqDbwEVJS3oTI4Gk-ukQ6El3GQJVthiuwZGw4jwvTDyVWC8mQH2Zni6X1ocTXrNNa6VFJnvzeEn-HpmPATuII8AWtdtUnBvGZGAwgspvH8iZZCiHDowHCWhjVsU6_ipCsmzQeH3oRJI4AwUS_nCVA7U9WPdgIyQp6v5QPzcYCO_zIbNW4y_Cc3phfPEQvPvtSKhuijt68F5WlUY6Ps23ksosYG5VTx7z6skGG9arA5UKUzbbEO8lxzda3OFPZdG7OHe8-VMXxJjtSanZSSbdLgYBRB9m9PGr6voKtML9W5rEukE-lEUCAwEAAaOCBAswggQHMCcGCSsGAQQBgjcVCgQaMBgwCgYIKwYBBQUHAwEwCgYIKwYBBQUHAwIwPQYJKwYBBAGCNxUHBDAwLgYmKwYBBAGCNxUIhpDjDYTVtHiE8Ys-hZvdFs6dEoFggvX2K4Py0SACAWQCAQowggHaBggrBgEFBQcBAQSCAcwwggHIMGYGCCsGAQUFBzAChlpodHRwOi8vY3JsLm1pY3Jvc29mdC5jb20vcGtpaW5mcmEvQ2VydHMvQlkyUEtJSU5UQ0EwMS5BTUUuR0JMX0FNRSUyMElORlJBJTIwQ0ElMjAwMSg0KS5jcnQwVgYIKwYBBQUHMAKGSmh0dHA6Ly9jcmwxLmFtZS5nYmwvYWlhL0JZMlBLSUlOVENBMDEuQU1FLkdCTF9BTUUlMjBJTkZSQSUyMENBJTIwMDEoNCkuY3J0MFYGCCsGAQUFBzAChkpodHRwOi8vY3JsMi5hbWUuZ2JsL2FpYS9CWTJQS0lJTlRDQTAxLkFNRS5HQkxfQU1FJTIwSU5GUkElMjBDQSUyMDAxKDQpLmNydDBWBggrBgEFBQcwAoZKaHR0cDovL2NybDMuYW1lLmdibC9haWEvQlkyUEtJSU5UQ0EwMS5BTUUuR0JMX0FNRSUyMElORlJBJTIwQ0ElMjAwMSg0KS5jcnQwVgYIKwYBBQUHMAKGSmh0dHA6Ly9jcmw0LmFtZS5nYmwvYWlhL0JZMlBLSUlOVENBMDEuQU1FLkdCTF9BTUUlMjBJTkZSQSUyMENBJTIwMDEoNCkuY3J0MB0GA1UdDgQWBBRYUmiD-EjeFFNZByiKICN9p1JofzAOBgNVHQ8BAf8EBAMCBaAwggE1BgNVHR8EggEsMIIBKDCCASSgggEgoIIBHIZCaHR0cDovL2NybC5taWNyb3NvZnQuY29tL3BraWluZnJhL0NSTC9BTUUlMjBJTkZSQSUyMENBJTIwMDEoNCkuY3JshjRodHRwOi8vY3JsMS5hbWUuZ2JsL2NybC9BTUUlMjBJTkZSQSUyMENBJTIwMDEoNCkuY3JshjRodHRwOi8vY3JsMi5hbWUuZ2JsL2NybC9BTUUlMjBJTkZSQSUyMENBJTIwMDEoNCkuY3JshjRodHRwOi8vY3JsMy5hbWUuZ2JsL2NybC9BTUUlMjBJTkZSQSUyMENBJTIwMDEoNCkuY3JshjRodHRwOi8vY3JsNC5hbWUuZ2JsL2NybC9BTUUlMjBJTkZSQSUyMENBJTIwMDEoNCkuY3JsMBcGA1UdIAQQMA4wDAYKKwYBBAGCN3sBATAfBgNVHSMEGDAWgBTl2Ztn_PjsurvwwKidileIud8-YzAdBgNVHSUEFjAUBggrBgEFBQcDAQYIKwYBBQUHAwIwDQYJKoZIhvcNAQELBQADggEBAKRwStAdrsy7tgEfmtXPZXIwgdXOYwSx2Kqzlhq8b6Ptid4V3vhJvDV0WLS7d72KIMUwZiBnfPHhMmsdkLOSpNSZYC23g3QJSBWvoS86Rpkeru5bEyQmv1gucF_MyaFaUXUd4b7xnvCkv-BBNO8m1lvFAowB2odz9esggf82yeOVBx0yEK_NNOK4l36XvRjvIqemSLZOSi1wow_wn_ovhAEPpSSN7UTahPtz7J12vhP1LuZ4Rvn_hNx48ncw445nMBnMVmcuuakaKDC6_sAcs5lg9jq2yHSaIHRw4xcoS5XwvIykGPMUyAD-dXWFih_XFOKh7ea50hObFhghf3Dtvlo&s=MqW0B6TPNYl2LwMqpPiYvfCUxSkDrUli0YTmuYby89AuV5cUJI37IVHU-7tqZjtkCYo095-v654ZN21PdYMgFXhi1KDznnAIgmkLca-u1ltUxQKPfDea6klsaCuBv4LL2eUjfZLl3zMzn9Sj0ZSQ1tUFvIbzEaCV3L2LORKSUvm9ZgqgdSV-rgvckIYRhyq1ky9biyt-6ZlxlGuD1E-bR-MW69_zd_R67fun50Dt7D4dvYgFbAw1W3-EyBLavkAMsuByszFoPIbTAOJPYU-iJDbZ0zDtJktM1v81C2cuv1eMa_5AUagNvCGvF_DA2aXRtcK-Tk6RBRXEIx9HhJGgiw&h=xEORoMiGaeZcrdbgrsnqxzJM-B3YsMLj-ay7I_MhW6s
  response:
    body:
      string: "{\r\n  \"startTime\": \"2023-12-19T09:04:45.811281+00:00\",\r\n  \"status\":
        \"InProgress\",\r\n  \"name\": \"ffb7b568-a59a-4b18-8f0e-aa871811aab1\"\r\n}"
    headers:
      cache-control:
      - no-cache
      content-length:
      - '133'
      content-type:
      - application/json; charset=utf-8
      date:
      - Tue, 19 Dec 2023 09:04:45 GMT
      expires:
      - '-1'
      pragma:
      - no-cache
      server:
      - Microsoft-HTTPAPI/2.0
      - Microsoft-HTTPAPI/2.0
      strict-transport-security:
      - max-age=31536000; includeSubDomains
      transfer-encoding:
      - chunked
      vary:
      - Accept-Encoding
      x-content-type-options:
      - nosniff
      x-ms-ratelimit-remaining-resource:
      - Microsoft.Compute/GetOperationResource;44,Microsoft.Compute/GetOperationSubscriptionMaximum;14994
    status:
      code: 200
      message: ''
- request:
    body: null
    headers:
      Accept:
      - '*/*'
      Accept-Encoding:
      - gzip, deflate
      CommandName:
      - vm update
      Connection:
      - keep-alive
      ParameterSetName:
      - -g -n --set
      User-Agent:
      - AZURECLI/2.55.0 azsdk-python-azure-mgmt-compute/30.4.0 Python/3.10.11 (Windows-10-10.0.22631-SP0)
    method: GET
    uri: https://management.azure.com/subscriptions/00000000-0000-0000-0000-000000000000/providers/Microsoft.Compute/locations/westus/operations/ffb7b568-a59a-4b18-8f0e-aa871811aab1?p=571046f6-b640-41c1-86f7-f9f044b5adf9&api-version=2023-09-01&t=638385734862318327&c=MIIHHjCCBgagAwIBAgITOgI9LlF5jGEEQe1CmgAEAj0uUTANBgkqhkiG9w0BAQsFADBEMRMwEQYKCZImiZPyLGQBGRYDR0JMMRMwEQYKCZImiZPyLGQBGRYDQU1FMRgwFgYDVQQDEw9BTUUgSU5GUkEgQ0EgMDEwHhcNMjMxMTAxMjE0OTQ5WhcNMjQxMDI2MjE0OTQ5WjBAMT4wPAYDVQQDEzVhc3luY29wZXJhdGlvbnNpZ25pbmdjZXJ0aWZpY2F0ZS5tYW5hZ2VtZW50LmF6dXJlLmNvbTCCASIwDQYJKoZIhvcNAQEBBQADggEPADCCAQoCggEBAMKt_zl2yRFDxIUmqoEA-B7WoRkSqscgwk6CGqDbwEVJS3oTI4Gk-ukQ6El3GQJVthiuwZGw4jwvTDyVWC8mQH2Zni6X1ocTXrNNa6VFJnvzeEn-HpmPATuII8AWtdtUnBvGZGAwgspvH8iZZCiHDowHCWhjVsU6_ipCsmzQeH3oRJI4AwUS_nCVA7U9WPdgIyQp6v5QPzcYCO_zIbNW4y_Cc3phfPEQvPvtSKhuijt68F5WlUY6Ps23ksosYG5VTx7z6skGG9arA5UKUzbbEO8lxzda3OFPZdG7OHe8-VMXxJjtSanZSSbdLgYBRB9m9PGr6voKtML9W5rEukE-lEUCAwEAAaOCBAswggQHMCcGCSsGAQQBgjcVCgQaMBgwCgYIKwYBBQUHAwEwCgYIKwYBBQUHAwIwPQYJKwYBBAGCNxUHBDAwLgYmKwYBBAGCNxUIhpDjDYTVtHiE8Ys-hZvdFs6dEoFggvX2K4Py0SACAWQCAQowggHaBggrBgEFBQcBAQSCAcwwggHIMGYGCCsGAQUFBzAChlpodHRwOi8vY3JsLm1pY3Jvc29mdC5jb20vcGtpaW5mcmEvQ2VydHMvQlkyUEtJSU5UQ0EwMS5BTUUuR0JMX0FNRSUyMElORlJBJTIwQ0ElMjAwMSg0KS5jcnQwVgYIKwYBBQUHMAKGSmh0dHA6Ly9jcmwxLmFtZS5nYmwvYWlhL0JZMlBLSUlOVENBMDEuQU1FLkdCTF9BTUUlMjBJTkZSQSUyMENBJTIwMDEoNCkuY3J0MFYGCCsGAQUFBzAChkpodHRwOi8vY3JsMi5hbWUuZ2JsL2FpYS9CWTJQS0lJTlRDQTAxLkFNRS5HQkxfQU1FJTIwSU5GUkElMjBDQSUyMDAxKDQpLmNydDBWBggrBgEFBQcwAoZKaHR0cDovL2NybDMuYW1lLmdibC9haWEvQlkyUEtJSU5UQ0EwMS5BTUUuR0JMX0FNRSUyMElORlJBJTIwQ0ElMjAwMSg0KS5jcnQwVgYIKwYBBQUHMAKGSmh0dHA6Ly9jcmw0LmFtZS5nYmwvYWlhL0JZMlBLSUlOVENBMDEuQU1FLkdCTF9BTUUlMjBJTkZSQSUyMENBJTIwMDEoNCkuY3J0MB0GA1UdDgQWBBRYUmiD-EjeFFNZByiKICN9p1JofzAOBgNVHQ8BAf8EBAMCBaAwggE1BgNVHR8EggEsMIIBKDCCASSgggEgoIIBHIZCaHR0cDovL2NybC5taWNyb3NvZnQuY29tL3BraWluZnJhL0NSTC9BTUUlMjBJTkZSQSUyMENBJTIwMDEoNCkuY3JshjRodHRwOi8vY3JsMS5hbWUuZ2JsL2NybC9BTUUlMjBJTkZSQSUyMENBJTIwMDEoNCkuY3JshjRodHRwOi8vY3JsMi5hbWUuZ2JsL2NybC9BTUUlMjBJTkZSQSUyMENBJTIwMDEoNCkuY3JshjRodHRwOi8vY3JsMy5hbWUuZ2JsL2NybC9BTUUlMjBJTkZSQSUyMENBJTIwMDEoNCkuY3JshjRodHRwOi8vY3JsNC5hbWUuZ2JsL2NybC9BTUUlMjBJTkZSQSUyMENBJTIwMDEoNCkuY3JsMBcGA1UdIAQQMA4wDAYKKwYBBAGCN3sBATAfBgNVHSMEGDAWgBTl2Ztn_PjsurvwwKidileIud8-YzAdBgNVHSUEFjAUBggrBgEFBQcDAQYIKwYBBQUHAwIwDQYJKoZIhvcNAQELBQADggEBAKRwStAdrsy7tgEfmtXPZXIwgdXOYwSx2Kqzlhq8b6Ptid4V3vhJvDV0WLS7d72KIMUwZiBnfPHhMmsdkLOSpNSZYC23g3QJSBWvoS86Rpkeru5bEyQmv1gucF_MyaFaUXUd4b7xnvCkv-BBNO8m1lvFAowB2odz9esggf82yeOVBx0yEK_NNOK4l36XvRjvIqemSLZOSi1wow_wn_ovhAEPpSSN7UTahPtz7J12vhP1LuZ4Rvn_hNx48ncw445nMBnMVmcuuakaKDC6_sAcs5lg9jq2yHSaIHRw4xcoS5XwvIykGPMUyAD-dXWFih_XFOKh7ea50hObFhghf3Dtvlo&s=MqW0B6TPNYl2LwMqpPiYvfCUxSkDrUli0YTmuYby89AuV5cUJI37IVHU-7tqZjtkCYo095-v654ZN21PdYMgFXhi1KDznnAIgmkLca-u1ltUxQKPfDea6klsaCuBv4LL2eUjfZLl3zMzn9Sj0ZSQ1tUFvIbzEaCV3L2LORKSUvm9ZgqgdSV-rgvckIYRhyq1ky9biyt-6ZlxlGuD1E-bR-MW69_zd_R67fun50Dt7D4dvYgFbAw1W3-EyBLavkAMsuByszFoPIbTAOJPYU-iJDbZ0zDtJktM1v81C2cuv1eMa_5AUagNvCGvF_DA2aXRtcK-Tk6RBRXEIx9HhJGgiw&h=xEORoMiGaeZcrdbgrsnqxzJM-B3YsMLj-ay7I_MhW6s
  response:
    body:
      string: "{\r\n  \"startTime\": \"2023-12-19T09:04:45.811281+00:00\",\r\n  \"endTime\":
        \"2023-12-19T09:04:53.6551197+00:00\",\r\n  \"status\": \"Succeeded\",\r\n
        \ \"name\": \"ffb7b568-a59a-4b18-8f0e-aa871811aab1\"\r\n}"
    headers:
      cache-control:
      - no-cache
      content-length:
      - '183'
      content-type:
      - application/json; charset=utf-8
      date:
      - Tue, 19 Dec 2023 09:05:17 GMT
      expires:
      - '-1'
      pragma:
      - no-cache
      server:
      - Microsoft-HTTPAPI/2.0
      - Microsoft-HTTPAPI/2.0
      strict-transport-security:
      - max-age=31536000; includeSubDomains
      transfer-encoding:
      - chunked
      vary:
      - Accept-Encoding
      x-content-type-options:
      - nosniff
      x-ms-ratelimit-remaining-resource:
      - Microsoft.Compute/GetOperationResource;43,Microsoft.Compute/GetOperationSubscriptionMaximum;14988
    status:
      code: 200
      message: ''
- request:
    body: null
    headers:
      Accept:
      - '*/*'
      Accept-Encoding:
      - gzip, deflate
      CommandName:
      - vm update
      Connection:
      - keep-alive
      ParameterSetName:
      - -g -n --set
      User-Agent:
      - AZURECLI/2.55.0 azsdk-python-azure-mgmt-compute/30.4.0 Python/3.10.11 (Windows-10-10.0.22631-SP0)
    method: GET
    uri: https://management.azure.com/subscriptions/00000000-0000-0000-0000-000000000000/resourceGroups/clitest.rg000001/providers/Microsoft.Compute/virtualMachines/vm1?api-version=2023-09-01
  response:
    body:
      string: "{\r\n  \"name\": \"vm1\",\r\n  \"id\": \"/subscriptions/00000000-0000-0000-0000-000000000000/resourceGroups/clitest.rg000001/providers/Microsoft.Compute/virtualMachines/vm1\",\r\n
        \ \"type\": \"Microsoft.Compute/virtualMachines\",\r\n  \"location\": \"westus\",\r\n
        \ \"tags\": {},\r\n  \"identity\": {\r\n    \"type\": \"SystemAssigned\",\r\n
        \   \"principalId\": \"81254101-f20d-4789-8805-9a7171bf0eb9\",\r\n    \"tenantId\":
        \"54826b22-38d6-4fb2-bad9-b7b93a3e9c5a\"\r\n  },\r\n  \"properties\": {\r\n
        \   \"hardwareProfile\": {\r\n      \"vmSize\": \"Standard_DS1_v2\"\r\n    },\r\n
        \   \"provisioningState\": \"Succeeded\",\r\n    \"vmId\": \"a52c6497-91e7-4d0b-b145-720e82ece8ec\",\r\n
        \   \"storageProfile\": {\r\n      \"imageReference\": {\r\n        \"publisher\":
        \"Debian\",\r\n        \"offer\": \"debian-10\",\r\n        \"sku\": \"10\",\r\n
        \       \"version\": \"latest\",\r\n        \"exactVersion\": \"0.20230802.1460\"\r\n
        \     },\r\n      \"osDisk\": {\r\n        \"osType\": \"Linux\",\r\n        \"name\":
        \"vm1_disk1_a972abd871014b7e9d09d86f1de8b5e6\",\r\n        \"createOption\":
        \"FromImage\",\r\n        \"caching\": \"ReadWrite\",\r\n        \"managedDisk\":
        {\r\n          \"storageAccountType\": \"Premium_LRS\",\r\n          \"id\":
        \"/subscriptions/00000000-0000-0000-0000-000000000000/resourceGroups/clitest.rg000001/providers/Microsoft.Compute/disks/vm1_disk1_a972abd871014b7e9d09d86f1de8b5e6\"\r\n
        \       },\r\n        \"deleteOption\": \"Detach\",\r\n        \"diskSizeGB\":
        30\r\n      },\r\n      \"dataDisks\": [\r\n        {\r\n          \"lun\":
        0,\r\n          \"name\": \"vm1_disk2_5bd9d220fddf4f3d83ca95135e5324e4\",\r\n
        \         \"createOption\": \"Empty\",\r\n          \"caching\": \"ReadWrite\",\r\n
        \         \"managedDisk\": {\r\n            \"storageAccountType\": \"Premium_LRS\",\r\n
        \           \"id\": \"/subscriptions/00000000-0000-0000-0000-000000000000/resourceGroups/clitest.rg000001/providers/Microsoft.Compute/disks/vm1_disk2_5bd9d220fddf4f3d83ca95135e5324e4\"\r\n
        \         },\r\n          \"deleteOption\": \"Detach\",\r\n          \"diskSizeGB\":
        1,\r\n          \"toBeDetached\": false\r\n        },\r\n        {\r\n          \"lun\":
        1,\r\n          \"name\": \"vm1_disk3_1dd1a6e1500e4981abfa242b1b83b61b\",\r\n
        \         \"createOption\": \"Empty\",\r\n          \"caching\": \"None\",\r\n
        \         \"managedDisk\": {\r\n            \"storageAccountType\": \"Premium_LRS\",\r\n
        \           \"id\": \"/subscriptions/00000000-0000-0000-0000-000000000000/resourceGroups/clitest.rg000001/providers/Microsoft.Compute/disks/vm1_disk3_1dd1a6e1500e4981abfa242b1b83b61b\"\r\n
        \         },\r\n          \"deleteOption\": \"Detach\",\r\n          \"diskSizeGB\":
        2,\r\n          \"toBeDetached\": false\r\n        }\r\n      ]\r\n    },\r\n
        \   \"osProfile\": {\r\n      \"computerName\": \"vm1\",\r\n      \"adminUsername\":
        \"cligenerics\",\r\n      \"linuxConfiguration\": {\r\n        \"disablePasswordAuthentication\":
        true,\r\n        \"ssh\": {\r\n          \"publicKeys\": [\r\n            {\r\n
        \             \"path\": \"/home/cligenerics/.ssh/authorized_keys\",\r\n              \"keyData\":
        \"ssh-rsa AAAAB3NzaC1yc2EAAAADAQABAAABAQCey0/ipz0OxUGA6xunJY5HdhvlsyRf2JdpnRaH0UU5KsAiajLq5HifCzJAEpRvWXIIYKSrqNi+hSmKRXiGJaHnK0dm0QO8YvM/Ab+MZUZ0L9VRznMoLsexTgDEC6QidxP5VYxXQwzgvbK1kn1J+7QTmd9JzV4Q83EEIZM5VGp7DwuUzhSuUN4LNJ9TnsCpjZwDIqIIGo9kLRLov+CfPb50o/768pa4W87a7FDJc74gvu/Qh7K05ztWNABlqYk5QsSkLWosN/vCaR+Nlh6EroTUw679G0MLj2WD/P0vLbiy1Xgf2oZ4Q5vLOQfoU2SWNkzzmfpdu3o9+VWNQppUZPyt\"\r\n
        \           }\r\n          ]\r\n        },\r\n        \"provisionVMAgent\":
        true,\r\n        \"patchSettings\": {\r\n          \"patchMode\": \"ImageDefault\",\r\n
        \         \"assessmentMode\": \"ImageDefault\"\r\n        },\r\n        \"enableVMAgentPlatformUpdates\":
        false\r\n      },\r\n      \"secrets\": [],\r\n      \"allowExtensionOperations\":
        true,\r\n      \"requireGuestProvisionSignal\": true\r\n    },\r\n    \"networkProfile\":
        {\"networkInterfaces\":[{\"id\":\"/subscriptions/00000000-0000-0000-0000-000000000000/resourceGroups/clitest.rg000001/providers/Microsoft.Network/networkInterfaces/vm1VMNic\"}]},\r\n
        \   \"timeCreated\": \"2023-12-19T09:03:18.2946635+00:00\"\r\n  }\r\n}"
    headers:
      cache-control:
      - no-cache
      content-length:
      - '3808'
      content-type:
      - application/json; charset=utf-8
      date:
      - Tue, 19 Dec 2023 09:05:17 GMT
      expires:
      - '-1'
      pragma:
      - no-cache
      server:
      - Microsoft-HTTPAPI/2.0
      - Microsoft-HTTPAPI/2.0
      strict-transport-security:
      - max-age=31536000; includeSubDomains
      transfer-encoding:
      - chunked
      vary:
      - Accept-Encoding
      x-content-type-options:
      - nosniff
      x-ms-ratelimit-remaining-resource:
      - Microsoft.Compute/LowCostGetSubscriptionMaximum;23987,Microsoft.Compute/LowCostGetResource;31
    status:
      code: 200
      message: ''
- request:
    body: null
    headers:
      Accept:
      - application/json
      Accept-Encoding:
      - gzip, deflate
      CommandName:
      - vm update
      Connection:
      - keep-alive
      ParameterSetName:
      - -g -n --remove
      User-Agent:
      - AZURECLI/2.55.0 azsdk-python-azure-mgmt-compute/30.4.0 Python/3.10.11 (Windows-10-10.0.22631-SP0)
    method: GET
    uri: https://management.azure.com/subscriptions/00000000-0000-0000-0000-000000000000/resourceGroups/clitest.rg000001/providers/Microsoft.Compute/virtualMachines/vm1?api-version=2023-09-01
  response:
    body:
      string: "{\r\n  \"name\": \"vm1\",\r\n  \"id\": \"/subscriptions/00000000-0000-0000-0000-000000000000/resourceGroups/clitest.rg000001/providers/Microsoft.Compute/virtualMachines/vm1\",\r\n
        \ \"type\": \"Microsoft.Compute/virtualMachines\",\r\n  \"location\": \"westus\",\r\n
        \ \"tags\": {},\r\n  \"identity\": {\r\n    \"type\": \"SystemAssigned\",\r\n
        \   \"principalId\": \"81254101-f20d-4789-8805-9a7171bf0eb9\",\r\n    \"tenantId\":
        \"54826b22-38d6-4fb2-bad9-b7b93a3e9c5a\"\r\n  },\r\n  \"properties\": {\r\n
        \   \"hardwareProfile\": {\r\n      \"vmSize\": \"Standard_DS1_v2\"\r\n    },\r\n
        \   \"provisioningState\": \"Succeeded\",\r\n    \"vmId\": \"a52c6497-91e7-4d0b-b145-720e82ece8ec\",\r\n
        \   \"storageProfile\": {\r\n      \"imageReference\": {\r\n        \"publisher\":
        \"Debian\",\r\n        \"offer\": \"debian-10\",\r\n        \"sku\": \"10\",\r\n
        \       \"version\": \"latest\",\r\n        \"exactVersion\": \"0.20230802.1460\"\r\n
        \     },\r\n      \"osDisk\": {\r\n        \"osType\": \"Linux\",\r\n        \"name\":
        \"vm1_disk1_a972abd871014b7e9d09d86f1de8b5e6\",\r\n        \"createOption\":
        \"FromImage\",\r\n        \"caching\": \"ReadWrite\",\r\n        \"managedDisk\":
        {\r\n          \"storageAccountType\": \"Premium_LRS\",\r\n          \"id\":
        \"/subscriptions/00000000-0000-0000-0000-000000000000/resourceGroups/clitest.rg000001/providers/Microsoft.Compute/disks/vm1_disk1_a972abd871014b7e9d09d86f1de8b5e6\"\r\n
        \       },\r\n        \"deleteOption\": \"Detach\",\r\n        \"diskSizeGB\":
        30\r\n      },\r\n      \"dataDisks\": [\r\n        {\r\n          \"lun\":
        0,\r\n          \"name\": \"vm1_disk2_5bd9d220fddf4f3d83ca95135e5324e4\",\r\n
        \         \"createOption\": \"Empty\",\r\n          \"caching\": \"ReadWrite\",\r\n
        \         \"managedDisk\": {\r\n            \"storageAccountType\": \"Premium_LRS\",\r\n
        \           \"id\": \"/subscriptions/00000000-0000-0000-0000-000000000000/resourceGroups/clitest.rg000001/providers/Microsoft.Compute/disks/vm1_disk2_5bd9d220fddf4f3d83ca95135e5324e4\"\r\n
        \         },\r\n          \"deleteOption\": \"Detach\",\r\n          \"diskSizeGB\":
        1,\r\n          \"toBeDetached\": false\r\n        },\r\n        {\r\n          \"lun\":
        1,\r\n          \"name\": \"vm1_disk3_1dd1a6e1500e4981abfa242b1b83b61b\",\r\n
        \         \"createOption\": \"Empty\",\r\n          \"caching\": \"None\",\r\n
        \         \"managedDisk\": {\r\n            \"storageAccountType\": \"Premium_LRS\",\r\n
        \           \"id\": \"/subscriptions/00000000-0000-0000-0000-000000000000/resourceGroups/clitest.rg000001/providers/Microsoft.Compute/disks/vm1_disk3_1dd1a6e1500e4981abfa242b1b83b61b\"\r\n
        \         },\r\n          \"deleteOption\": \"Detach\",\r\n          \"diskSizeGB\":
        2,\r\n          \"toBeDetached\": false\r\n        }\r\n      ]\r\n    },\r\n
        \   \"osProfile\": {\r\n      \"computerName\": \"vm1\",\r\n      \"adminUsername\":
        \"cligenerics\",\r\n      \"linuxConfiguration\": {\r\n        \"disablePasswordAuthentication\":
        true,\r\n        \"ssh\": {\r\n          \"publicKeys\": [\r\n            {\r\n
        \             \"path\": \"/home/cligenerics/.ssh/authorized_keys\",\r\n              \"keyData\":
        \"ssh-rsa AAAAB3NzaC1yc2EAAAADAQABAAABAQCey0/ipz0OxUGA6xunJY5HdhvlsyRf2JdpnRaH0UU5KsAiajLq5HifCzJAEpRvWXIIYKSrqNi+hSmKRXiGJaHnK0dm0QO8YvM/Ab+MZUZ0L9VRznMoLsexTgDEC6QidxP5VYxXQwzgvbK1kn1J+7QTmd9JzV4Q83EEIZM5VGp7DwuUzhSuUN4LNJ9TnsCpjZwDIqIIGo9kLRLov+CfPb50o/768pa4W87a7FDJc74gvu/Qh7K05ztWNABlqYk5QsSkLWosN/vCaR+Nlh6EroTUw679G0MLj2WD/P0vLbiy1Xgf2oZ4Q5vLOQfoU2SWNkzzmfpdu3o9+VWNQppUZPyt\"\r\n
        \           }\r\n          ]\r\n        },\r\n        \"provisionVMAgent\":
        true,\r\n        \"patchSettings\": {\r\n          \"patchMode\": \"ImageDefault\",\r\n
        \         \"assessmentMode\": \"ImageDefault\"\r\n        },\r\n        \"enableVMAgentPlatformUpdates\":
        false\r\n      },\r\n      \"secrets\": [],\r\n      \"allowExtensionOperations\":
        true,\r\n      \"requireGuestProvisionSignal\": true\r\n    },\r\n    \"networkProfile\":
        {\"networkInterfaces\":[{\"id\":\"/subscriptions/00000000-0000-0000-0000-000000000000/resourceGroups/clitest.rg000001/providers/Microsoft.Network/networkInterfaces/vm1VMNic\"}]},\r\n
        \   \"timeCreated\": \"2023-12-19T09:03:18.2946635+00:00\"\r\n  }\r\n}"
    headers:
      cache-control:
      - no-cache
      content-length:
      - '3808'
      content-type:
      - application/json; charset=utf-8
      date:
      - Tue, 19 Dec 2023 09:05:18 GMT
      expires:
      - '-1'
      pragma:
      - no-cache
      server:
      - Microsoft-HTTPAPI/2.0
      - Microsoft-HTTPAPI/2.0
      strict-transport-security:
      - max-age=31536000; includeSubDomains
      transfer-encoding:
      - chunked
      vary:
      - Accept-Encoding
      x-content-type-options:
      - nosniff
      x-ms-ratelimit-remaining-resource:
      - Microsoft.Compute/LowCostGetSubscriptionMaximum;23986,Microsoft.Compute/LowCostGetResource;30
    status:
      code: 200
      message: ''
- request:
    body: '{"location": "westus", "tags": {}, "identity": {"type": "SystemAssigned"},
      "properties": {"hardwareProfile": {"vmSize": "Standard_DS1_v2"}, "storageProfile":
      {"osDisk": {"osType": "Linux", "name": "vm1_disk1_a972abd871014b7e9d09d86f1de8b5e6",
      "caching": "ReadWrite", "createOption": "FromImage", "diskSizeGB": 30, "managedDisk":
      {"id": "/subscriptions/00000000-0000-0000-0000-000000000000/resourceGroups/clitest.rg000001/providers/Microsoft.Compute/disks/vm1_disk1_a972abd871014b7e9d09d86f1de8b5e6",
      "storageAccountType": "Premium_LRS"}, "deleteOption": "Detach"}, "dataDisks":
      []}, "osProfile": {"computerName": "vm1", "adminUsername": "cligenerics", "linuxConfiguration":
      {"disablePasswordAuthentication": true, "ssh": {"publicKeys": [{"path": "/home/cligenerics/.ssh/authorized_keys",
      "keyData": "ssh-rsa AAAAB3NzaC1yc2EAAAADAQABAAABAQCey0/ipz0OxUGA6xunJY5HdhvlsyRf2JdpnRaH0UU5KsAiajLq5HifCzJAEpRvWXIIYKSrqNi+hSmKRXiGJaHnK0dm0QO8YvM/Ab+MZUZ0L9VRznMoLsexTgDEC6QidxP5VYxXQwzgvbK1kn1J+7QTmd9JzV4Q83EEIZM5VGp7DwuUzhSuUN4LNJ9TnsCpjZwDIqIIGo9kLRLov+CfPb50o/768pa4W87a7FDJc74gvu/Qh7K05ztWNABlqYk5QsSkLWosN/vCaR+Nlh6EroTUw679G0MLj2WD/P0vLbiy1Xgf2oZ4Q5vLOQfoU2SWNkzzmfpdu3o9+VWNQppUZPyt"}]},
      "provisionVMAgent": true, "patchSettings": {"patchMode": "ImageDefault", "assessmentMode":
      "ImageDefault"}, "enableVMAgentPlatformUpdates": false}, "secrets": [], "allowExtensionOperations":
      true, "requireGuestProvisionSignal": true}, "networkProfile": {"networkInterfaces":
      [{"id": "/subscriptions/00000000-0000-0000-0000-000000000000/resourceGroups/clitest.rg000001/providers/Microsoft.Network/networkInterfaces/vm1VMNic"}]}}}'
    headers:
      Accept:
      - application/json
      Accept-Encoding:
      - gzip, deflate
      CommandName:
      - vm update
      Connection:
      - keep-alive
      Content-Length:
      - '1614'
      Content-Type:
      - application/json
      ParameterSetName:
      - -g -n --remove
      User-Agent:
      - AZURECLI/2.55.0 azsdk-python-azure-mgmt-compute/30.4.0 Python/3.10.11 (Windows-10-10.0.22631-SP0)
    method: PUT
    uri: https://management.azure.com/subscriptions/00000000-0000-0000-0000-000000000000/resourceGroups/clitest.rg000001/providers/Microsoft.Compute/virtualMachines/vm1?api-version=2023-09-01
  response:
    body:
      string: "{\r\n  \"name\": \"vm1\",\r\n  \"id\": \"/subscriptions/00000000-0000-0000-0000-000000000000/resourceGroups/clitest.rg000001/providers/Microsoft.Compute/virtualMachines/vm1\",\r\n
        \ \"type\": \"Microsoft.Compute/virtualMachines\",\r\n  \"location\": \"westus\",\r\n
        \ \"tags\": {},\r\n  \"identity\": {\r\n    \"type\": \"SystemAssigned\",\r\n
        \   \"principalId\": \"81254101-f20d-4789-8805-9a7171bf0eb9\",\r\n    \"tenantId\":
        \"54826b22-38d6-4fb2-bad9-b7b93a3e9c5a\"\r\n  },\r\n  \"properties\": {\r\n
        \   \"hardwareProfile\": {\r\n      \"vmSize\": \"Standard_DS1_v2\"\r\n    },\r\n
        \   \"provisioningState\": \"Updating\",\r\n    \"vmId\": \"a52c6497-91e7-4d0b-b145-720e82ece8ec\",\r\n
        \   \"storageProfile\": {\r\n      \"imageReference\": {\r\n        \"publisher\":
        \"Debian\",\r\n        \"offer\": \"debian-10\",\r\n        \"sku\": \"10\",\r\n
        \       \"version\": \"latest\",\r\n        \"exactVersion\": \"0.20230802.1460\"\r\n
        \     },\r\n      \"osDisk\": {\r\n        \"osType\": \"Linux\",\r\n        \"name\":
        \"vm1_disk1_a972abd871014b7e9d09d86f1de8b5e6\",\r\n        \"createOption\":
        \"FromImage\",\r\n        \"caching\": \"ReadWrite\",\r\n        \"managedDisk\":
        {\r\n          \"storageAccountType\": \"Premium_LRS\",\r\n          \"id\":
        \"/subscriptions/00000000-0000-0000-0000-000000000000/resourceGroups/clitest.rg000001/providers/Microsoft.Compute/disks/vm1_disk1_a972abd871014b7e9d09d86f1de8b5e6\"\r\n
        \       },\r\n        \"deleteOption\": \"Detach\",\r\n        \"diskSizeGB\":
        30\r\n      },\r\n      \"dataDisks\": [\r\n        {\r\n          \"lun\":
        0,\r\n          \"name\": \"vm1_disk2_5bd9d220fddf4f3d83ca95135e5324e4\",\r\n
        \         \"createOption\": \"Empty\",\r\n          \"caching\": \"ReadWrite\",\r\n
        \         \"managedDisk\": {\r\n            \"storageAccountType\": \"Premium_LRS\",\r\n
        \           \"id\": \"/subscriptions/00000000-0000-0000-0000-000000000000/resourceGroups/clitest.rg000001/providers/Microsoft.Compute/disks/vm1_disk2_5bd9d220fddf4f3d83ca95135e5324e4\"\r\n
        \         },\r\n          \"deleteOption\": \"Detach\",\r\n          \"diskSizeGB\":
        1,\r\n          \"toBeDetached\": true\r\n        },\r\n        {\r\n          \"lun\":
        1,\r\n          \"name\": \"vm1_disk3_1dd1a6e1500e4981abfa242b1b83b61b\",\r\n
        \         \"createOption\": \"Empty\",\r\n          \"caching\": \"None\",\r\n
        \         \"managedDisk\": {\r\n            \"storageAccountType\": \"Premium_LRS\",\r\n
        \           \"id\": \"/subscriptions/00000000-0000-0000-0000-000000000000/resourceGroups/clitest.rg000001/providers/Microsoft.Compute/disks/vm1_disk3_1dd1a6e1500e4981abfa242b1b83b61b\"\r\n
        \         },\r\n          \"deleteOption\": \"Detach\",\r\n          \"diskSizeGB\":
        2,\r\n          \"toBeDetached\": true\r\n        }\r\n      ]\r\n    },\r\n
        \   \"osProfile\": {\r\n      \"computerName\": \"vm1\",\r\n      \"adminUsername\":
        \"cligenerics\",\r\n      \"linuxConfiguration\": {\r\n        \"disablePasswordAuthentication\":
        true,\r\n        \"ssh\": {\r\n          \"publicKeys\": [\r\n            {\r\n
        \             \"path\": \"/home/cligenerics/.ssh/authorized_keys\",\r\n              \"keyData\":
        \"ssh-rsa AAAAB3NzaC1yc2EAAAADAQABAAABAQCey0/ipz0OxUGA6xunJY5HdhvlsyRf2JdpnRaH0UU5KsAiajLq5HifCzJAEpRvWXIIYKSrqNi+hSmKRXiGJaHnK0dm0QO8YvM/Ab+MZUZ0L9VRznMoLsexTgDEC6QidxP5VYxXQwzgvbK1kn1J+7QTmd9JzV4Q83EEIZM5VGp7DwuUzhSuUN4LNJ9TnsCpjZwDIqIIGo9kLRLov+CfPb50o/768pa4W87a7FDJc74gvu/Qh7K05ztWNABlqYk5QsSkLWosN/vCaR+Nlh6EroTUw679G0MLj2WD/P0vLbiy1Xgf2oZ4Q5vLOQfoU2SWNkzzmfpdu3o9+VWNQppUZPyt\"\r\n
        \           }\r\n          ]\r\n        },\r\n        \"provisionVMAgent\":
        true,\r\n        \"patchSettings\": {\r\n          \"patchMode\": \"ImageDefault\",\r\n
        \         \"assessmentMode\": \"ImageDefault\"\r\n        },\r\n        \"enableVMAgentPlatformUpdates\":
        false\r\n      },\r\n      \"secrets\": [],\r\n      \"allowExtensionOperations\":
        true,\r\n      \"requireGuestProvisionSignal\": true\r\n    },\r\n    \"networkProfile\":
        {\"networkInterfaces\":[{\"id\":\"/subscriptions/00000000-0000-0000-0000-000000000000/resourceGroups/clitest.rg000001/providers/Microsoft.Network/networkInterfaces/vm1VMNic\"}]},\r\n
        \   \"timeCreated\": \"2023-12-19T09:03:18.2946635+00:00\"\r\n  }\r\n}"
    headers:
      azure-asyncnotification:
      - Enabled
      azure-asyncoperation:
      - https://management.azure.com/subscriptions/00000000-0000-0000-0000-000000000000/providers/Microsoft.Compute/locations/westus/operations/e41301fa-0d5c-4862-9ff5-72f1a4eb835a?p=571046f6-b640-41c1-86f7-f9f044b5adf9&api-version=2023-09-01&t=638385735219805009&c=MIIHHjCCBgagAwIBAgITOgI9LlF5jGEEQe1CmgAEAj0uUTANBgkqhkiG9w0BAQsFADBEMRMwEQYKCZImiZPyLGQBGRYDR0JMMRMwEQYKCZImiZPyLGQBGRYDQU1FMRgwFgYDVQQDEw9BTUUgSU5GUkEgQ0EgMDEwHhcNMjMxMTAxMjE0OTQ5WhcNMjQxMDI2MjE0OTQ5WjBAMT4wPAYDVQQDEzVhc3luY29wZXJhdGlvbnNpZ25pbmdjZXJ0aWZpY2F0ZS5tYW5hZ2VtZW50LmF6dXJlLmNvbTCCASIwDQYJKoZIhvcNAQEBBQADggEPADCCAQoCggEBAMKt_zl2yRFDxIUmqoEA-B7WoRkSqscgwk6CGqDbwEVJS3oTI4Gk-ukQ6El3GQJVthiuwZGw4jwvTDyVWC8mQH2Zni6X1ocTXrNNa6VFJnvzeEn-HpmPATuII8AWtdtUnBvGZGAwgspvH8iZZCiHDowHCWhjVsU6_ipCsmzQeH3oRJI4AwUS_nCVA7U9WPdgIyQp6v5QPzcYCO_zIbNW4y_Cc3phfPEQvPvtSKhuijt68F5WlUY6Ps23ksosYG5VTx7z6skGG9arA5UKUzbbEO8lxzda3OFPZdG7OHe8-VMXxJjtSanZSSbdLgYBRB9m9PGr6voKtML9W5rEukE-lEUCAwEAAaOCBAswggQHMCcGCSsGAQQBgjcVCgQaMBgwCgYIKwYBBQUHAwEwCgYIKwYBBQUHAwIwPQYJKwYBBAGCNxUHBDAwLgYmKwYBBAGCNxUIhpDjDYTVtHiE8Ys-hZvdFs6dEoFggvX2K4Py0SACAWQCAQowggHaBggrBgEFBQcBAQSCAcwwggHIMGYGCCsGAQUFBzAChlpodHRwOi8vY3JsLm1pY3Jvc29mdC5jb20vcGtpaW5mcmEvQ2VydHMvQlkyUEtJSU5UQ0EwMS5BTUUuR0JMX0FNRSUyMElORlJBJTIwQ0ElMjAwMSg0KS5jcnQwVgYIKwYBBQUHMAKGSmh0dHA6Ly9jcmwxLmFtZS5nYmwvYWlhL0JZMlBLSUlOVENBMDEuQU1FLkdCTF9BTUUlMjBJTkZSQSUyMENBJTIwMDEoNCkuY3J0MFYGCCsGAQUFBzAChkpodHRwOi8vY3JsMi5hbWUuZ2JsL2FpYS9CWTJQS0lJTlRDQTAxLkFNRS5HQkxfQU1FJTIwSU5GUkElMjBDQSUyMDAxKDQpLmNydDBWBggrBgEFBQcwAoZKaHR0cDovL2NybDMuYW1lLmdibC9haWEvQlkyUEtJSU5UQ0EwMS5BTUUuR0JMX0FNRSUyMElORlJBJTIwQ0ElMjAwMSg0KS5jcnQwVgYIKwYBBQUHMAKGSmh0dHA6Ly9jcmw0LmFtZS5nYmwvYWlhL0JZMlBLSUlOVENBMDEuQU1FLkdCTF9BTUUlMjBJTkZSQSUyMENBJTIwMDEoNCkuY3J0MB0GA1UdDgQWBBRYUmiD-EjeFFNZByiKICN9p1JofzAOBgNVHQ8BAf8EBAMCBaAwggE1BgNVHR8EggEsMIIBKDCCASSgggEgoIIBHIZCaHR0cDovL2NybC5taWNyb3NvZnQuY29tL3BraWluZnJhL0NSTC9BTUUlMjBJTkZSQSUyMENBJTIwMDEoNCkuY3JshjRodHRwOi8vY3JsMS5hbWUuZ2JsL2NybC9BTUUlMjBJTkZSQSUyMENBJTIwMDEoNCkuY3JshjRodHRwOi8vY3JsMi5hbWUuZ2JsL2NybC9BTUUlMjBJTkZSQSUyMENBJTIwMDEoNCkuY3JshjRodHRwOi8vY3JsMy5hbWUuZ2JsL2NybC9BTUUlMjBJTkZSQSUyMENBJTIwMDEoNCkuY3JshjRodHRwOi8vY3JsNC5hbWUuZ2JsL2NybC9BTUUlMjBJTkZSQSUyMENBJTIwMDEoNCkuY3JsMBcGA1UdIAQQMA4wDAYKKwYBBAGCN3sBATAfBgNVHSMEGDAWgBTl2Ztn_PjsurvwwKidileIud8-YzAdBgNVHSUEFjAUBggrBgEFBQcDAQYIKwYBBQUHAwIwDQYJKoZIhvcNAQELBQADggEBAKRwStAdrsy7tgEfmtXPZXIwgdXOYwSx2Kqzlhq8b6Ptid4V3vhJvDV0WLS7d72KIMUwZiBnfPHhMmsdkLOSpNSZYC23g3QJSBWvoS86Rpkeru5bEyQmv1gucF_MyaFaUXUd4b7xnvCkv-BBNO8m1lvFAowB2odz9esggf82yeOVBx0yEK_NNOK4l36XvRjvIqemSLZOSi1wow_wn_ovhAEPpSSN7UTahPtz7J12vhP1LuZ4Rvn_hNx48ncw445nMBnMVmcuuakaKDC6_sAcs5lg9jq2yHSaIHRw4xcoS5XwvIykGPMUyAD-dXWFih_XFOKh7ea50hObFhghf3Dtvlo&s=cAdeCRAHE3VZxdSN3ioFwODYqcp1L1-PDWdTdx5Bxui45tvw1SupaaGnquxBtzfw43mTniBPeoYGyxV6DTkb8zGrybzBuAdAWIG62OXwude1LKMKLxJ1bubi8cOFK1pIXuG_ssfGF64dkeKeExrR_gdm7K5hCHOKLMlNaw8sZdoBDimE50R8mPt-kcaqngvHar-MDq2AeZUjmdnPFiyPci_qO_qPULUIPJlRXPk0hAtPXiI6zrbQ3i-3UvPxiVuETrLR3N-R3wmb5q6IxSlFtTYE8ZWZSGrFlwqueDrJKsbLjxEeOCWgEZBMsGzqAvnjzqa97Oh5yaOBbA_y49MlVQ&h=MT1RyuubvM7JFvCP04whYPsD8jvmtMtceMAC1jHeTdo
      cache-control:
      - no-cache
      content-length:
      - '3805'
      content-type:
      - application/json; charset=utf-8
      date:
      - Tue, 19 Dec 2023 09:05:21 GMT
      expires:
      - '-1'
      pragma:
      - no-cache
      server:
      - Microsoft-HTTPAPI/2.0
      - Microsoft-HTTPAPI/2.0
      strict-transport-security:
      - max-age=31536000; includeSubDomains
      transfer-encoding:
      - chunked
      vary:
      - Accept-Encoding
      x-content-type-options:
      - nosniff
      x-ms-ratelimit-remaining-resource:
      - Microsoft.Compute/PutVMSubscriptionMaximum;1498,Microsoft.Compute/PutVMResource;11
      x-ms-ratelimit-remaining-subscription-writes:
      - '1196'
    status:
      code: 200
      message: ''
- request:
    body: null
    headers:
      Accept:
      - '*/*'
      Accept-Encoding:
      - gzip, deflate
      CommandName:
      - vm update
      Connection:
      - keep-alive
      ParameterSetName:
      - -g -n --remove
      User-Agent:
      - AZURECLI/2.55.0 azsdk-python-azure-mgmt-compute/30.4.0 Python/3.10.11 (Windows-10-10.0.22631-SP0)
    method: GET
    uri: https://management.azure.com/subscriptions/00000000-0000-0000-0000-000000000000/providers/Microsoft.Compute/locations/westus/operations/e41301fa-0d5c-4862-9ff5-72f1a4eb835a?p=571046f6-b640-41c1-86f7-f9f044b5adf9&api-version=2023-09-01&t=638385735219805009&c=MIIHHjCCBgagAwIBAgITOgI9LlF5jGEEQe1CmgAEAj0uUTANBgkqhkiG9w0BAQsFADBEMRMwEQYKCZImiZPyLGQBGRYDR0JMMRMwEQYKCZImiZPyLGQBGRYDQU1FMRgwFgYDVQQDEw9BTUUgSU5GUkEgQ0EgMDEwHhcNMjMxMTAxMjE0OTQ5WhcNMjQxMDI2MjE0OTQ5WjBAMT4wPAYDVQQDEzVhc3luY29wZXJhdGlvbnNpZ25pbmdjZXJ0aWZpY2F0ZS5tYW5hZ2VtZW50LmF6dXJlLmNvbTCCASIwDQYJKoZIhvcNAQEBBQADggEPADCCAQoCggEBAMKt_zl2yRFDxIUmqoEA-B7WoRkSqscgwk6CGqDbwEVJS3oTI4Gk-ukQ6El3GQJVthiuwZGw4jwvTDyVWC8mQH2Zni6X1ocTXrNNa6VFJnvzeEn-HpmPATuII8AWtdtUnBvGZGAwgspvH8iZZCiHDowHCWhjVsU6_ipCsmzQeH3oRJI4AwUS_nCVA7U9WPdgIyQp6v5QPzcYCO_zIbNW4y_Cc3phfPEQvPvtSKhuijt68F5WlUY6Ps23ksosYG5VTx7z6skGG9arA5UKUzbbEO8lxzda3OFPZdG7OHe8-VMXxJjtSanZSSbdLgYBRB9m9PGr6voKtML9W5rEukE-lEUCAwEAAaOCBAswggQHMCcGCSsGAQQBgjcVCgQaMBgwCgYIKwYBBQUHAwEwCgYIKwYBBQUHAwIwPQYJKwYBBAGCNxUHBDAwLgYmKwYBBAGCNxUIhpDjDYTVtHiE8Ys-hZvdFs6dEoFggvX2K4Py0SACAWQCAQowggHaBggrBgEFBQcBAQSCAcwwggHIMGYGCCsGAQUFBzAChlpodHRwOi8vY3JsLm1pY3Jvc29mdC5jb20vcGtpaW5mcmEvQ2VydHMvQlkyUEtJSU5UQ0EwMS5BTUUuR0JMX0FNRSUyMElORlJBJTIwQ0ElMjAwMSg0KS5jcnQwVgYIKwYBBQUHMAKGSmh0dHA6Ly9jcmwxLmFtZS5nYmwvYWlhL0JZMlBLSUlOVENBMDEuQU1FLkdCTF9BTUUlMjBJTkZSQSUyMENBJTIwMDEoNCkuY3J0MFYGCCsGAQUFBzAChkpodHRwOi8vY3JsMi5hbWUuZ2JsL2FpYS9CWTJQS0lJTlRDQTAxLkFNRS5HQkxfQU1FJTIwSU5GUkElMjBDQSUyMDAxKDQpLmNydDBWBggrBgEFBQcwAoZKaHR0cDovL2NybDMuYW1lLmdibC9haWEvQlkyUEtJSU5UQ0EwMS5BTUUuR0JMX0FNRSUyMElORlJBJTIwQ0ElMjAwMSg0KS5jcnQwVgYIKwYBBQUHMAKGSmh0dHA6Ly9jcmw0LmFtZS5nYmwvYWlhL0JZMlBLSUlOVENBMDEuQU1FLkdCTF9BTUUlMjBJTkZSQSUyMENBJTIwMDEoNCkuY3J0MB0GA1UdDgQWBBRYUmiD-EjeFFNZByiKICN9p1JofzAOBgNVHQ8BAf8EBAMCBaAwggE1BgNVHR8EggEsMIIBKDCCASSgggEgoIIBHIZCaHR0cDovL2NybC5taWNyb3NvZnQuY29tL3BraWluZnJhL0NSTC9BTUUlMjBJTkZSQSUyMENBJTIwMDEoNCkuY3JshjRodHRwOi8vY3JsMS5hbWUuZ2JsL2NybC9BTUUlMjBJTkZSQSUyMENBJTIwMDEoNCkuY3JshjRodHRwOi8vY3JsMi5hbWUuZ2JsL2NybC9BTUUlMjBJTkZSQSUyMENBJTIwMDEoNCkuY3JshjRodHRwOi8vY3JsMy5hbWUuZ2JsL2NybC9BTUUlMjBJTkZSQSUyMENBJTIwMDEoNCkuY3JshjRodHRwOi8vY3JsNC5hbWUuZ2JsL2NybC9BTUUlMjBJTkZSQSUyMENBJTIwMDEoNCkuY3JsMBcGA1UdIAQQMA4wDAYKKwYBBAGCN3sBATAfBgNVHSMEGDAWgBTl2Ztn_PjsurvwwKidileIud8-YzAdBgNVHSUEFjAUBggrBgEFBQcDAQYIKwYBBQUHAwIwDQYJKoZIhvcNAQELBQADggEBAKRwStAdrsy7tgEfmtXPZXIwgdXOYwSx2Kqzlhq8b6Ptid4V3vhJvDV0WLS7d72KIMUwZiBnfPHhMmsdkLOSpNSZYC23g3QJSBWvoS86Rpkeru5bEyQmv1gucF_MyaFaUXUd4b7xnvCkv-BBNO8m1lvFAowB2odz9esggf82yeOVBx0yEK_NNOK4l36XvRjvIqemSLZOSi1wow_wn_ovhAEPpSSN7UTahPtz7J12vhP1LuZ4Rvn_hNx48ncw445nMBnMVmcuuakaKDC6_sAcs5lg9jq2yHSaIHRw4xcoS5XwvIykGPMUyAD-dXWFih_XFOKh7ea50hObFhghf3Dtvlo&s=cAdeCRAHE3VZxdSN3ioFwODYqcp1L1-PDWdTdx5Bxui45tvw1SupaaGnquxBtzfw43mTniBPeoYGyxV6DTkb8zGrybzBuAdAWIG62OXwude1LKMKLxJ1bubi8cOFK1pIXuG_ssfGF64dkeKeExrR_gdm7K5hCHOKLMlNaw8sZdoBDimE50R8mPt-kcaqngvHar-MDq2AeZUjmdnPFiyPci_qO_qPULUIPJlRXPk0hAtPXiI6zrbQ3i-3UvPxiVuETrLR3N-R3wmb5q6IxSlFtTYE8ZWZSGrFlwqueDrJKsbLjxEeOCWgEZBMsGzqAvnjzqa97Oh5yaOBbA_y49MlVQ&h=MT1RyuubvM7JFvCP04whYPsD8jvmtMtceMAC1jHeTdo
  response:
    body:
      string: "{\r\n  \"startTime\": \"2023-12-19T09:05:21.4991714+00:00\",\r\n  \"status\":
        \"InProgress\",\r\n  \"name\": \"e41301fa-0d5c-4862-9ff5-72f1a4eb835a\"\r\n}"
    headers:
      cache-control:
      - no-cache
      content-length:
      - '134'
      content-type:
      - application/json; charset=utf-8
      date:
      - Tue, 19 Dec 2023 09:05:22 GMT
      expires:
      - '-1'
      pragma:
      - no-cache
      server:
      - Microsoft-HTTPAPI/2.0
      - Microsoft-HTTPAPI/2.0
      strict-transport-security:
      - max-age=31536000; includeSubDomains
      transfer-encoding:
      - chunked
      vary:
      - Accept-Encoding
      x-content-type-options:
      - nosniff
      x-ms-ratelimit-remaining-resource:
      - Microsoft.Compute/GetOperationResource;44,Microsoft.Compute/GetOperationSubscriptionMaximum;14986
    status:
      code: 200
      message: ''
- request:
    body: null
    headers:
      Accept:
      - '*/*'
      Accept-Encoding:
      - gzip, deflate
      CommandName:
      - vm update
      Connection:
      - keep-alive
      ParameterSetName:
      - -g -n --remove
      User-Agent:
      - AZURECLI/2.55.0 azsdk-python-azure-mgmt-compute/30.4.0 Python/3.10.11 (Windows-10-10.0.22631-SP0)
    method: GET
    uri: https://management.azure.com/subscriptions/00000000-0000-0000-0000-000000000000/providers/Microsoft.Compute/locations/westus/operations/e41301fa-0d5c-4862-9ff5-72f1a4eb835a?p=571046f6-b640-41c1-86f7-f9f044b5adf9&api-version=2023-09-01&t=638385735219805009&c=MIIHHjCCBgagAwIBAgITOgI9LlF5jGEEQe1CmgAEAj0uUTANBgkqhkiG9w0BAQsFADBEMRMwEQYKCZImiZPyLGQBGRYDR0JMMRMwEQYKCZImiZPyLGQBGRYDQU1FMRgwFgYDVQQDEw9BTUUgSU5GUkEgQ0EgMDEwHhcNMjMxMTAxMjE0OTQ5WhcNMjQxMDI2MjE0OTQ5WjBAMT4wPAYDVQQDEzVhc3luY29wZXJhdGlvbnNpZ25pbmdjZXJ0aWZpY2F0ZS5tYW5hZ2VtZW50LmF6dXJlLmNvbTCCASIwDQYJKoZIhvcNAQEBBQADggEPADCCAQoCggEBAMKt_zl2yRFDxIUmqoEA-B7WoRkSqscgwk6CGqDbwEVJS3oTI4Gk-ukQ6El3GQJVthiuwZGw4jwvTDyVWC8mQH2Zni6X1ocTXrNNa6VFJnvzeEn-HpmPATuII8AWtdtUnBvGZGAwgspvH8iZZCiHDowHCWhjVsU6_ipCsmzQeH3oRJI4AwUS_nCVA7U9WPdgIyQp6v5QPzcYCO_zIbNW4y_Cc3phfPEQvPvtSKhuijt68F5WlUY6Ps23ksosYG5VTx7z6skGG9arA5UKUzbbEO8lxzda3OFPZdG7OHe8-VMXxJjtSanZSSbdLgYBRB9m9PGr6voKtML9W5rEukE-lEUCAwEAAaOCBAswggQHMCcGCSsGAQQBgjcVCgQaMBgwCgYIKwYBBQUHAwEwCgYIKwYBBQUHAwIwPQYJKwYBBAGCNxUHBDAwLgYmKwYBBAGCNxUIhpDjDYTVtHiE8Ys-hZvdFs6dEoFggvX2K4Py0SACAWQCAQowggHaBggrBgEFBQcBAQSCAcwwggHIMGYGCCsGAQUFBzAChlpodHRwOi8vY3JsLm1pY3Jvc29mdC5jb20vcGtpaW5mcmEvQ2VydHMvQlkyUEtJSU5UQ0EwMS5BTUUuR0JMX0FNRSUyMElORlJBJTIwQ0ElMjAwMSg0KS5jcnQwVgYIKwYBBQUHMAKGSmh0dHA6Ly9jcmwxLmFtZS5nYmwvYWlhL0JZMlBLSUlOVENBMDEuQU1FLkdCTF9BTUUlMjBJTkZSQSUyMENBJTIwMDEoNCkuY3J0MFYGCCsGAQUFBzAChkpodHRwOi8vY3JsMi5hbWUuZ2JsL2FpYS9CWTJQS0lJTlRDQTAxLkFNRS5HQkxfQU1FJTIwSU5GUkElMjBDQSUyMDAxKDQpLmNydDBWBggrBgEFBQcwAoZKaHR0cDovL2NybDMuYW1lLmdibC9haWEvQlkyUEtJSU5UQ0EwMS5BTUUuR0JMX0FNRSUyMElORlJBJTIwQ0ElMjAwMSg0KS5jcnQwVgYIKwYBBQUHMAKGSmh0dHA6Ly9jcmw0LmFtZS5nYmwvYWlhL0JZMlBLSUlOVENBMDEuQU1FLkdCTF9BTUUlMjBJTkZSQSUyMENBJTIwMDEoNCkuY3J0MB0GA1UdDgQWBBRYUmiD-EjeFFNZByiKICN9p1JofzAOBgNVHQ8BAf8EBAMCBaAwggE1BgNVHR8EggEsMIIBKDCCASSgggEgoIIBHIZCaHR0cDovL2NybC5taWNyb3NvZnQuY29tL3BraWluZnJhL0NSTC9BTUUlMjBJTkZSQSUyMENBJTIwMDEoNCkuY3JshjRodHRwOi8vY3JsMS5hbWUuZ2JsL2NybC9BTUUlMjBJTkZSQSUyMENBJTIwMDEoNCkuY3JshjRodHRwOi8vY3JsMi5hbWUuZ2JsL2NybC9BTUUlMjBJTkZSQSUyMENBJTIwMDEoNCkuY3JshjRodHRwOi8vY3JsMy5hbWUuZ2JsL2NybC9BTUUlMjBJTkZSQSUyMENBJTIwMDEoNCkuY3JshjRodHRwOi8vY3JsNC5hbWUuZ2JsL2NybC9BTUUlMjBJTkZSQSUyMENBJTIwMDEoNCkuY3JsMBcGA1UdIAQQMA4wDAYKKwYBBAGCN3sBATAfBgNVHSMEGDAWgBTl2Ztn_PjsurvwwKidileIud8-YzAdBgNVHSUEFjAUBggrBgEFBQcDAQYIKwYBBQUHAwIwDQYJKoZIhvcNAQELBQADggEBAKRwStAdrsy7tgEfmtXPZXIwgdXOYwSx2Kqzlhq8b6Ptid4V3vhJvDV0WLS7d72KIMUwZiBnfPHhMmsdkLOSpNSZYC23g3QJSBWvoS86Rpkeru5bEyQmv1gucF_MyaFaUXUd4b7xnvCkv-BBNO8m1lvFAowB2odz9esggf82yeOVBx0yEK_NNOK4l36XvRjvIqemSLZOSi1wow_wn_ovhAEPpSSN7UTahPtz7J12vhP1LuZ4Rvn_hNx48ncw445nMBnMVmcuuakaKDC6_sAcs5lg9jq2yHSaIHRw4xcoS5XwvIykGPMUyAD-dXWFih_XFOKh7ea50hObFhghf3Dtvlo&s=cAdeCRAHE3VZxdSN3ioFwODYqcp1L1-PDWdTdx5Bxui45tvw1SupaaGnquxBtzfw43mTniBPeoYGyxV6DTkb8zGrybzBuAdAWIG62OXwude1LKMKLxJ1bubi8cOFK1pIXuG_ssfGF64dkeKeExrR_gdm7K5hCHOKLMlNaw8sZdoBDimE50R8mPt-kcaqngvHar-MDq2AeZUjmdnPFiyPci_qO_qPULUIPJlRXPk0hAtPXiI6zrbQ3i-3UvPxiVuETrLR3N-R3wmb5q6IxSlFtTYE8ZWZSGrFlwqueDrJKsbLjxEeOCWgEZBMsGzqAvnjzqa97Oh5yaOBbA_y49MlVQ&h=MT1RyuubvM7JFvCP04whYPsD8jvmtMtceMAC1jHeTdo
  response:
    body:
      string: "{\r\n  \"startTime\": \"2023-12-19T09:05:21.4991714+00:00\",\r\n  \"status\":
        \"InProgress\",\r\n  \"name\": \"e41301fa-0d5c-4862-9ff5-72f1a4eb835a\"\r\n}"
    headers:
      cache-control:
      - no-cache
      content-length:
      - '134'
      content-type:
      - application/json; charset=utf-8
      date:
      - Tue, 19 Dec 2023 09:05:24 GMT
      expires:
      - '-1'
      pragma:
      - no-cache
      server:
      - Microsoft-HTTPAPI/2.0
      - Microsoft-HTTPAPI/2.0
      strict-transport-security:
      - max-age=31536000; includeSubDomains
      transfer-encoding:
      - chunked
      vary:
      - Accept-Encoding
      x-content-type-options:
      - nosniff
      x-ms-ratelimit-remaining-resource:
      - Microsoft.Compute/GetOperationResource;43,Microsoft.Compute/GetOperationSubscriptionMaximum;14985
    status:
      code: 200
      message: ''
- request:
    body: null
    headers:
      Accept:
      - '*/*'
      Accept-Encoding:
      - gzip, deflate
      CommandName:
      - vm update
      Connection:
      - keep-alive
      ParameterSetName:
      - -g -n --remove
      User-Agent:
      - AZURECLI/2.55.0 azsdk-python-azure-mgmt-compute/30.4.0 Python/3.10.11 (Windows-10-10.0.22631-SP0)
    method: GET
    uri: https://management.azure.com/subscriptions/00000000-0000-0000-0000-000000000000/providers/Microsoft.Compute/locations/westus/operations/e41301fa-0d5c-4862-9ff5-72f1a4eb835a?p=571046f6-b640-41c1-86f7-f9f044b5adf9&api-version=2023-09-01&t=638385735219805009&c=MIIHHjCCBgagAwIBAgITOgI9LlF5jGEEQe1CmgAEAj0uUTANBgkqhkiG9w0BAQsFADBEMRMwEQYKCZImiZPyLGQBGRYDR0JMMRMwEQYKCZImiZPyLGQBGRYDQU1FMRgwFgYDVQQDEw9BTUUgSU5GUkEgQ0EgMDEwHhcNMjMxMTAxMjE0OTQ5WhcNMjQxMDI2MjE0OTQ5WjBAMT4wPAYDVQQDEzVhc3luY29wZXJhdGlvbnNpZ25pbmdjZXJ0aWZpY2F0ZS5tYW5hZ2VtZW50LmF6dXJlLmNvbTCCASIwDQYJKoZIhvcNAQEBBQADggEPADCCAQoCggEBAMKt_zl2yRFDxIUmqoEA-B7WoRkSqscgwk6CGqDbwEVJS3oTI4Gk-ukQ6El3GQJVthiuwZGw4jwvTDyVWC8mQH2Zni6X1ocTXrNNa6VFJnvzeEn-HpmPATuII8AWtdtUnBvGZGAwgspvH8iZZCiHDowHCWhjVsU6_ipCsmzQeH3oRJI4AwUS_nCVA7U9WPdgIyQp6v5QPzcYCO_zIbNW4y_Cc3phfPEQvPvtSKhuijt68F5WlUY6Ps23ksosYG5VTx7z6skGG9arA5UKUzbbEO8lxzda3OFPZdG7OHe8-VMXxJjtSanZSSbdLgYBRB9m9PGr6voKtML9W5rEukE-lEUCAwEAAaOCBAswggQHMCcGCSsGAQQBgjcVCgQaMBgwCgYIKwYBBQUHAwEwCgYIKwYBBQUHAwIwPQYJKwYBBAGCNxUHBDAwLgYmKwYBBAGCNxUIhpDjDYTVtHiE8Ys-hZvdFs6dEoFggvX2K4Py0SACAWQCAQowggHaBggrBgEFBQcBAQSCAcwwggHIMGYGCCsGAQUFBzAChlpodHRwOi8vY3JsLm1pY3Jvc29mdC5jb20vcGtpaW5mcmEvQ2VydHMvQlkyUEtJSU5UQ0EwMS5BTUUuR0JMX0FNRSUyMElORlJBJTIwQ0ElMjAwMSg0KS5jcnQwVgYIKwYBBQUHMAKGSmh0dHA6Ly9jcmwxLmFtZS5nYmwvYWlhL0JZMlBLSUlOVENBMDEuQU1FLkdCTF9BTUUlMjBJTkZSQSUyMENBJTIwMDEoNCkuY3J0MFYGCCsGAQUFBzAChkpodHRwOi8vY3JsMi5hbWUuZ2JsL2FpYS9CWTJQS0lJTlRDQTAxLkFNRS5HQkxfQU1FJTIwSU5GUkElMjBDQSUyMDAxKDQpLmNydDBWBggrBgEFBQcwAoZKaHR0cDovL2NybDMuYW1lLmdibC9haWEvQlkyUEtJSU5UQ0EwMS5BTUUuR0JMX0FNRSUyMElORlJBJTIwQ0ElMjAwMSg0KS5jcnQwVgYIKwYBBQUHMAKGSmh0dHA6Ly9jcmw0LmFtZS5nYmwvYWlhL0JZMlBLSUlOVENBMDEuQU1FLkdCTF9BTUUlMjBJTkZSQSUyMENBJTIwMDEoNCkuY3J0MB0GA1UdDgQWBBRYUmiD-EjeFFNZByiKICN9p1JofzAOBgNVHQ8BAf8EBAMCBaAwggE1BgNVHR8EggEsMIIBKDCCASSgggEgoIIBHIZCaHR0cDovL2NybC5taWNyb3NvZnQuY29tL3BraWluZnJhL0NSTC9BTUUlMjBJTkZSQSUyMENBJTIwMDEoNCkuY3JshjRodHRwOi8vY3JsMS5hbWUuZ2JsL2NybC9BTUUlMjBJTkZSQSUyMENBJTIwMDEoNCkuY3JshjRodHRwOi8vY3JsMi5hbWUuZ2JsL2NybC9BTUUlMjBJTkZSQSUyMENBJTIwMDEoNCkuY3JshjRodHRwOi8vY3JsMy5hbWUuZ2JsL2NybC9BTUUlMjBJTkZSQSUyMENBJTIwMDEoNCkuY3JshjRodHRwOi8vY3JsNC5hbWUuZ2JsL2NybC9BTUUlMjBJTkZSQSUyMENBJTIwMDEoNCkuY3JsMBcGA1UdIAQQMA4wDAYKKwYBBAGCN3sBATAfBgNVHSMEGDAWgBTl2Ztn_PjsurvwwKidileIud8-YzAdBgNVHSUEFjAUBggrBgEFBQcDAQYIKwYBBQUHAwIwDQYJKoZIhvcNAQELBQADggEBAKRwStAdrsy7tgEfmtXPZXIwgdXOYwSx2Kqzlhq8b6Ptid4V3vhJvDV0WLS7d72KIMUwZiBnfPHhMmsdkLOSpNSZYC23g3QJSBWvoS86Rpkeru5bEyQmv1gucF_MyaFaUXUd4b7xnvCkv-BBNO8m1lvFAowB2odz9esggf82yeOVBx0yEK_NNOK4l36XvRjvIqemSLZOSi1wow_wn_ovhAEPpSSN7UTahPtz7J12vhP1LuZ4Rvn_hNx48ncw445nMBnMVmcuuakaKDC6_sAcs5lg9jq2yHSaIHRw4xcoS5XwvIykGPMUyAD-dXWFih_XFOKh7ea50hObFhghf3Dtvlo&s=cAdeCRAHE3VZxdSN3ioFwODYqcp1L1-PDWdTdx5Bxui45tvw1SupaaGnquxBtzfw43mTniBPeoYGyxV6DTkb8zGrybzBuAdAWIG62OXwude1LKMKLxJ1bubi8cOFK1pIXuG_ssfGF64dkeKeExrR_gdm7K5hCHOKLMlNaw8sZdoBDimE50R8mPt-kcaqngvHar-MDq2AeZUjmdnPFiyPci_qO_qPULUIPJlRXPk0hAtPXiI6zrbQ3i-3UvPxiVuETrLR3N-R3wmb5q6IxSlFtTYE8ZWZSGrFlwqueDrJKsbLjxEeOCWgEZBMsGzqAvnjzqa97Oh5yaOBbA_y49MlVQ&h=MT1RyuubvM7JFvCP04whYPsD8jvmtMtceMAC1jHeTdo
  response:
    body:
      string: "{\r\n  \"startTime\": \"2023-12-19T09:05:21.4991714+00:00\",\r\n  \"status\":
        \"InProgress\",\r\n  \"name\": \"e41301fa-0d5c-4862-9ff5-72f1a4eb835a\"\r\n}"
    headers:
      cache-control:
      - no-cache
      content-length:
      - '134'
      content-type:
      - application/json; charset=utf-8
      date:
      - Tue, 19 Dec 2023 09:05:26 GMT
      expires:
      - '-1'
      pragma:
      - no-cache
      server:
      - Microsoft-HTTPAPI/2.0
      - Microsoft-HTTPAPI/2.0
      strict-transport-security:
      - max-age=31536000; includeSubDomains
      transfer-encoding:
      - chunked
      vary:
      - Accept-Encoding
      x-content-type-options:
      - nosniff
      x-ms-ratelimit-remaining-resource:
      - Microsoft.Compute/GetOperationResource;42,Microsoft.Compute/GetOperationSubscriptionMaximum;14983
    status:
      code: 200
      message: ''
- request:
    body: null
    headers:
      Accept:
      - '*/*'
      Accept-Encoding:
      - gzip, deflate
      CommandName:
      - vm update
      Connection:
      - keep-alive
      ParameterSetName:
      - -g -n --remove
      User-Agent:
      - AZURECLI/2.55.0 azsdk-python-azure-mgmt-compute/30.4.0 Python/3.10.11 (Windows-10-10.0.22631-SP0)
    method: GET
    uri: https://management.azure.com/subscriptions/00000000-0000-0000-0000-000000000000/providers/Microsoft.Compute/locations/westus/operations/e41301fa-0d5c-4862-9ff5-72f1a4eb835a?p=571046f6-b640-41c1-86f7-f9f044b5adf9&api-version=2023-09-01&t=638385735219805009&c=MIIHHjCCBgagAwIBAgITOgI9LlF5jGEEQe1CmgAEAj0uUTANBgkqhkiG9w0BAQsFADBEMRMwEQYKCZImiZPyLGQBGRYDR0JMMRMwEQYKCZImiZPyLGQBGRYDQU1FMRgwFgYDVQQDEw9BTUUgSU5GUkEgQ0EgMDEwHhcNMjMxMTAxMjE0OTQ5WhcNMjQxMDI2MjE0OTQ5WjBAMT4wPAYDVQQDEzVhc3luY29wZXJhdGlvbnNpZ25pbmdjZXJ0aWZpY2F0ZS5tYW5hZ2VtZW50LmF6dXJlLmNvbTCCASIwDQYJKoZIhvcNAQEBBQADggEPADCCAQoCggEBAMKt_zl2yRFDxIUmqoEA-B7WoRkSqscgwk6CGqDbwEVJS3oTI4Gk-ukQ6El3GQJVthiuwZGw4jwvTDyVWC8mQH2Zni6X1ocTXrNNa6VFJnvzeEn-HpmPATuII8AWtdtUnBvGZGAwgspvH8iZZCiHDowHCWhjVsU6_ipCsmzQeH3oRJI4AwUS_nCVA7U9WPdgIyQp6v5QPzcYCO_zIbNW4y_Cc3phfPEQvPvtSKhuijt68F5WlUY6Ps23ksosYG5VTx7z6skGG9arA5UKUzbbEO8lxzda3OFPZdG7OHe8-VMXxJjtSanZSSbdLgYBRB9m9PGr6voKtML9W5rEukE-lEUCAwEAAaOCBAswggQHMCcGCSsGAQQBgjcVCgQaMBgwCgYIKwYBBQUHAwEwCgYIKwYBBQUHAwIwPQYJKwYBBAGCNxUHBDAwLgYmKwYBBAGCNxUIhpDjDYTVtHiE8Ys-hZvdFs6dEoFggvX2K4Py0SACAWQCAQowggHaBggrBgEFBQcBAQSCAcwwggHIMGYGCCsGAQUFBzAChlpodHRwOi8vY3JsLm1pY3Jvc29mdC5jb20vcGtpaW5mcmEvQ2VydHMvQlkyUEtJSU5UQ0EwMS5BTUUuR0JMX0FNRSUyMElORlJBJTIwQ0ElMjAwMSg0KS5jcnQwVgYIKwYBBQUHMAKGSmh0dHA6Ly9jcmwxLmFtZS5nYmwvYWlhL0JZMlBLSUlOVENBMDEuQU1FLkdCTF9BTUUlMjBJTkZSQSUyMENBJTIwMDEoNCkuY3J0MFYGCCsGAQUFBzAChkpodHRwOi8vY3JsMi5hbWUuZ2JsL2FpYS9CWTJQS0lJTlRDQTAxLkFNRS5HQkxfQU1FJTIwSU5GUkElMjBDQSUyMDAxKDQpLmNydDBWBggrBgEFBQcwAoZKaHR0cDovL2NybDMuYW1lLmdibC9haWEvQlkyUEtJSU5UQ0EwMS5BTUUuR0JMX0FNRSUyMElORlJBJTIwQ0ElMjAwMSg0KS5jcnQwVgYIKwYBBQUHMAKGSmh0dHA6Ly9jcmw0LmFtZS5nYmwvYWlhL0JZMlBLSUlOVENBMDEuQU1FLkdCTF9BTUUlMjBJTkZSQSUyMENBJTIwMDEoNCkuY3J0MB0GA1UdDgQWBBRYUmiD-EjeFFNZByiKICN9p1JofzAOBgNVHQ8BAf8EBAMCBaAwggE1BgNVHR8EggEsMIIBKDCCASSgggEgoIIBHIZCaHR0cDovL2NybC5taWNyb3NvZnQuY29tL3BraWluZnJhL0NSTC9BTUUlMjBJTkZSQSUyMENBJTIwMDEoNCkuY3JshjRodHRwOi8vY3JsMS5hbWUuZ2JsL2NybC9BTUUlMjBJTkZSQSUyMENBJTIwMDEoNCkuY3JshjRodHRwOi8vY3JsMi5hbWUuZ2JsL2NybC9BTUUlMjBJTkZSQSUyMENBJTIwMDEoNCkuY3JshjRodHRwOi8vY3JsMy5hbWUuZ2JsL2NybC9BTUUlMjBJTkZSQSUyMENBJTIwMDEoNCkuY3JshjRodHRwOi8vY3JsNC5hbWUuZ2JsL2NybC9BTUUlMjBJTkZSQSUyMENBJTIwMDEoNCkuY3JsMBcGA1UdIAQQMA4wDAYKKwYBBAGCN3sBATAfBgNVHSMEGDAWgBTl2Ztn_PjsurvwwKidileIud8-YzAdBgNVHSUEFjAUBggrBgEFBQcDAQYIKwYBBQUHAwIwDQYJKoZIhvcNAQELBQADggEBAKRwStAdrsy7tgEfmtXPZXIwgdXOYwSx2Kqzlhq8b6Ptid4V3vhJvDV0WLS7d72KIMUwZiBnfPHhMmsdkLOSpNSZYC23g3QJSBWvoS86Rpkeru5bEyQmv1gucF_MyaFaUXUd4b7xnvCkv-BBNO8m1lvFAowB2odz9esggf82yeOVBx0yEK_NNOK4l36XvRjvIqemSLZOSi1wow_wn_ovhAEPpSSN7UTahPtz7J12vhP1LuZ4Rvn_hNx48ncw445nMBnMVmcuuakaKDC6_sAcs5lg9jq2yHSaIHRw4xcoS5XwvIykGPMUyAD-dXWFih_XFOKh7ea50hObFhghf3Dtvlo&s=cAdeCRAHE3VZxdSN3ioFwODYqcp1L1-PDWdTdx5Bxui45tvw1SupaaGnquxBtzfw43mTniBPeoYGyxV6DTkb8zGrybzBuAdAWIG62OXwude1LKMKLxJ1bubi8cOFK1pIXuG_ssfGF64dkeKeExrR_gdm7K5hCHOKLMlNaw8sZdoBDimE50R8mPt-kcaqngvHar-MDq2AeZUjmdnPFiyPci_qO_qPULUIPJlRXPk0hAtPXiI6zrbQ3i-3UvPxiVuETrLR3N-R3wmb5q6IxSlFtTYE8ZWZSGrFlwqueDrJKsbLjxEeOCWgEZBMsGzqAvnjzqa97Oh5yaOBbA_y49MlVQ&h=MT1RyuubvM7JFvCP04whYPsD8jvmtMtceMAC1jHeTdo
  response:
    body:
      string: "{\r\n  \"startTime\": \"2023-12-19T09:05:21.4991714+00:00\",\r\n  \"status\":
        \"InProgress\",\r\n  \"name\": \"e41301fa-0d5c-4862-9ff5-72f1a4eb835a\"\r\n}"
    headers:
      cache-control:
      - no-cache
      content-length:
      - '134'
      content-type:
      - application/json; charset=utf-8
      date:
      - Tue, 19 Dec 2023 09:05:29 GMT
      expires:
      - '-1'
      pragma:
      - no-cache
      server:
      - Microsoft-HTTPAPI/2.0
      - Microsoft-HTTPAPI/2.0
      strict-transport-security:
      - max-age=31536000; includeSubDomains
      transfer-encoding:
      - chunked
      vary:
      - Accept-Encoding
      x-content-type-options:
      - nosniff
      x-ms-ratelimit-remaining-resource:
      - Microsoft.Compute/GetOperationResource;41,Microsoft.Compute/GetOperationSubscriptionMaximum;14999
    status:
      code: 200
      message: ''
- request:
    body: null
    headers:
      Accept:
      - '*/*'
      Accept-Encoding:
      - gzip, deflate
      CommandName:
      - vm update
      Connection:
      - keep-alive
      ParameterSetName:
      - -g -n --remove
      User-Agent:
      - AZURECLI/2.55.0 azsdk-python-azure-mgmt-compute/30.4.0 Python/3.10.11 (Windows-10-10.0.22631-SP0)
    method: GET
    uri: https://management.azure.com/subscriptions/00000000-0000-0000-0000-000000000000/providers/Microsoft.Compute/locations/westus/operations/e41301fa-0d5c-4862-9ff5-72f1a4eb835a?p=571046f6-b640-41c1-86f7-f9f044b5adf9&api-version=2023-09-01&t=638385735219805009&c=MIIHHjCCBgagAwIBAgITOgI9LlF5jGEEQe1CmgAEAj0uUTANBgkqhkiG9w0BAQsFADBEMRMwEQYKCZImiZPyLGQBGRYDR0JMMRMwEQYKCZImiZPyLGQBGRYDQU1FMRgwFgYDVQQDEw9BTUUgSU5GUkEgQ0EgMDEwHhcNMjMxMTAxMjE0OTQ5WhcNMjQxMDI2MjE0OTQ5WjBAMT4wPAYDVQQDEzVhc3luY29wZXJhdGlvbnNpZ25pbmdjZXJ0aWZpY2F0ZS5tYW5hZ2VtZW50LmF6dXJlLmNvbTCCASIwDQYJKoZIhvcNAQEBBQADggEPADCCAQoCggEBAMKt_zl2yRFDxIUmqoEA-B7WoRkSqscgwk6CGqDbwEVJS3oTI4Gk-ukQ6El3GQJVthiuwZGw4jwvTDyVWC8mQH2Zni6X1ocTXrNNa6VFJnvzeEn-HpmPATuII8AWtdtUnBvGZGAwgspvH8iZZCiHDowHCWhjVsU6_ipCsmzQeH3oRJI4AwUS_nCVA7U9WPdgIyQp6v5QPzcYCO_zIbNW4y_Cc3phfPEQvPvtSKhuijt68F5WlUY6Ps23ksosYG5VTx7z6skGG9arA5UKUzbbEO8lxzda3OFPZdG7OHe8-VMXxJjtSanZSSbdLgYBRB9m9PGr6voKtML9W5rEukE-lEUCAwEAAaOCBAswggQHMCcGCSsGAQQBgjcVCgQaMBgwCgYIKwYBBQUHAwEwCgYIKwYBBQUHAwIwPQYJKwYBBAGCNxUHBDAwLgYmKwYBBAGCNxUIhpDjDYTVtHiE8Ys-hZvdFs6dEoFggvX2K4Py0SACAWQCAQowggHaBggrBgEFBQcBAQSCAcwwggHIMGYGCCsGAQUFBzAChlpodHRwOi8vY3JsLm1pY3Jvc29mdC5jb20vcGtpaW5mcmEvQ2VydHMvQlkyUEtJSU5UQ0EwMS5BTUUuR0JMX0FNRSUyMElORlJBJTIwQ0ElMjAwMSg0KS5jcnQwVgYIKwYBBQUHMAKGSmh0dHA6Ly9jcmwxLmFtZS5nYmwvYWlhL0JZMlBLSUlOVENBMDEuQU1FLkdCTF9BTUUlMjBJTkZSQSUyMENBJTIwMDEoNCkuY3J0MFYGCCsGAQUFBzAChkpodHRwOi8vY3JsMi5hbWUuZ2JsL2FpYS9CWTJQS0lJTlRDQTAxLkFNRS5HQkxfQU1FJTIwSU5GUkElMjBDQSUyMDAxKDQpLmNydDBWBggrBgEFBQcwAoZKaHR0cDovL2NybDMuYW1lLmdibC9haWEvQlkyUEtJSU5UQ0EwMS5BTUUuR0JMX0FNRSUyMElORlJBJTIwQ0ElMjAwMSg0KS5jcnQwVgYIKwYBBQUHMAKGSmh0dHA6Ly9jcmw0LmFtZS5nYmwvYWlhL0JZMlBLSUlOVENBMDEuQU1FLkdCTF9BTUUlMjBJTkZSQSUyMENBJTIwMDEoNCkuY3J0MB0GA1UdDgQWBBRYUmiD-EjeFFNZByiKICN9p1JofzAOBgNVHQ8BAf8EBAMCBaAwggE1BgNVHR8EggEsMIIBKDCCASSgggEgoIIBHIZCaHR0cDovL2NybC5taWNyb3NvZnQuY29tL3BraWluZnJhL0NSTC9BTUUlMjBJTkZSQSUyMENBJTIwMDEoNCkuY3JshjRodHRwOi8vY3JsMS5hbWUuZ2JsL2NybC9BTUUlMjBJTkZSQSUyMENBJTIwMDEoNCkuY3JshjRodHRwOi8vY3JsMi5hbWUuZ2JsL2NybC9BTUUlMjBJTkZSQSUyMENBJTIwMDEoNCkuY3JshjRodHRwOi8vY3JsMy5hbWUuZ2JsL2NybC9BTUUlMjBJTkZSQSUyMENBJTIwMDEoNCkuY3JshjRodHRwOi8vY3JsNC5hbWUuZ2JsL2NybC9BTUUlMjBJTkZSQSUyMENBJTIwMDEoNCkuY3JsMBcGA1UdIAQQMA4wDAYKKwYBBAGCN3sBATAfBgNVHSMEGDAWgBTl2Ztn_PjsurvwwKidileIud8-YzAdBgNVHSUEFjAUBggrBgEFBQcDAQYIKwYBBQUHAwIwDQYJKoZIhvcNAQELBQADggEBAKRwStAdrsy7tgEfmtXPZXIwgdXOYwSx2Kqzlhq8b6Ptid4V3vhJvDV0WLS7d72KIMUwZiBnfPHhMmsdkLOSpNSZYC23g3QJSBWvoS86Rpkeru5bEyQmv1gucF_MyaFaUXUd4b7xnvCkv-BBNO8m1lvFAowB2odz9esggf82yeOVBx0yEK_NNOK4l36XvRjvIqemSLZOSi1wow_wn_ovhAEPpSSN7UTahPtz7J12vhP1LuZ4Rvn_hNx48ncw445nMBnMVmcuuakaKDC6_sAcs5lg9jq2yHSaIHRw4xcoS5XwvIykGPMUyAD-dXWFih_XFOKh7ea50hObFhghf3Dtvlo&s=cAdeCRAHE3VZxdSN3ioFwODYqcp1L1-PDWdTdx5Bxui45tvw1SupaaGnquxBtzfw43mTniBPeoYGyxV6DTkb8zGrybzBuAdAWIG62OXwude1LKMKLxJ1bubi8cOFK1pIXuG_ssfGF64dkeKeExrR_gdm7K5hCHOKLMlNaw8sZdoBDimE50R8mPt-kcaqngvHar-MDq2AeZUjmdnPFiyPci_qO_qPULUIPJlRXPk0hAtPXiI6zrbQ3i-3UvPxiVuETrLR3N-R3wmb5q6IxSlFtTYE8ZWZSGrFlwqueDrJKsbLjxEeOCWgEZBMsGzqAvnjzqa97Oh5yaOBbA_y49MlVQ&h=MT1RyuubvM7JFvCP04whYPsD8jvmtMtceMAC1jHeTdo
  response:
    body:
      string: "{\r\n  \"startTime\": \"2023-12-19T09:05:21.4991714+00:00\",\r\n  \"endTime\":
        \"2023-12-19T09:05:30.5774074+00:00\",\r\n  \"status\": \"Succeeded\",\r\n
        \ \"name\": \"e41301fa-0d5c-4862-9ff5-72f1a4eb835a\"\r\n}"
    headers:
      cache-control:
      - no-cache
      content-length:
      - '184'
      content-type:
      - application/json; charset=utf-8
      date:
      - Tue, 19 Dec 2023 09:05:58 GMT
      expires:
      - '-1'
      pragma:
      - no-cache
      server:
      - Microsoft-HTTPAPI/2.0
      - Microsoft-HTTPAPI/2.0
      strict-transport-security:
      - max-age=31536000; includeSubDomains
      transfer-encoding:
      - chunked
      vary:
      - Accept-Encoding
      x-content-type-options:
      - nosniff
      x-ms-ratelimit-remaining-resource:
      - Microsoft.Compute/GetOperationResource;40,Microsoft.Compute/GetOperationSubscriptionMaximum;14993
    status:
      code: 200
      message: ''
- request:
    body: null
    headers:
      Accept:
      - '*/*'
      Accept-Encoding:
      - gzip, deflate
      CommandName:
      - vm update
      Connection:
      - keep-alive
      ParameterSetName:
      - -g -n --remove
      User-Agent:
      - AZURECLI/2.55.0 azsdk-python-azure-mgmt-compute/30.4.0 Python/3.10.11 (Windows-10-10.0.22631-SP0)
    method: GET
    uri: https://management.azure.com/subscriptions/00000000-0000-0000-0000-000000000000/resourceGroups/clitest.rg000001/providers/Microsoft.Compute/virtualMachines/vm1?api-version=2023-09-01
  response:
    body:
      string: "{\r\n  \"name\": \"vm1\",\r\n  \"id\": \"/subscriptions/00000000-0000-0000-0000-000000000000/resourceGroups/clitest.rg000001/providers/Microsoft.Compute/virtualMachines/vm1\",\r\n
        \ \"type\": \"Microsoft.Compute/virtualMachines\",\r\n  \"location\": \"westus\",\r\n
        \ \"tags\": {},\r\n  \"identity\": {\r\n    \"type\": \"SystemAssigned\",\r\n
        \   \"principalId\": \"81254101-f20d-4789-8805-9a7171bf0eb9\",\r\n    \"tenantId\":
        \"54826b22-38d6-4fb2-bad9-b7b93a3e9c5a\"\r\n  },\r\n  \"properties\": {\r\n
        \   \"hardwareProfile\": {\r\n      \"vmSize\": \"Standard_DS1_v2\"\r\n    },\r\n
        \   \"provisioningState\": \"Succeeded\",\r\n    \"vmId\": \"a52c6497-91e7-4d0b-b145-720e82ece8ec\",\r\n
        \   \"storageProfile\": {\r\n      \"imageReference\": {\r\n        \"publisher\":
        \"Debian\",\r\n        \"offer\": \"debian-10\",\r\n        \"sku\": \"10\",\r\n
        \       \"version\": \"latest\",\r\n        \"exactVersion\": \"0.20230802.1460\"\r\n
        \     },\r\n      \"osDisk\": {\r\n        \"osType\": \"Linux\",\r\n        \"name\":
        \"vm1_disk1_a972abd871014b7e9d09d86f1de8b5e6\",\r\n        \"createOption\":
        \"FromImage\",\r\n        \"caching\": \"ReadWrite\",\r\n        \"managedDisk\":
        {\r\n          \"storageAccountType\": \"Premium_LRS\",\r\n          \"id\":
        \"/subscriptions/00000000-0000-0000-0000-000000000000/resourceGroups/clitest.rg000001/providers/Microsoft.Compute/disks/vm1_disk1_a972abd871014b7e9d09d86f1de8b5e6\"\r\n
        \       },\r\n        \"deleteOption\": \"Detach\",\r\n        \"diskSizeGB\":
        30\r\n      },\r\n      \"dataDisks\": []\r\n    },\r\n    \"osProfile\":
        {\r\n      \"computerName\": \"vm1\",\r\n      \"adminUsername\": \"cligenerics\",\r\n
        \     \"linuxConfiguration\": {\r\n        \"disablePasswordAuthentication\":
        true,\r\n        \"ssh\": {\r\n          \"publicKeys\": [\r\n            {\r\n
        \             \"path\": \"/home/cligenerics/.ssh/authorized_keys\",\r\n              \"keyData\":
        \"ssh-rsa AAAAB3NzaC1yc2EAAAADAQABAAABAQCey0/ipz0OxUGA6xunJY5HdhvlsyRf2JdpnRaH0UU5KsAiajLq5HifCzJAEpRvWXIIYKSrqNi+hSmKRXiGJaHnK0dm0QO8YvM/Ab+MZUZ0L9VRznMoLsexTgDEC6QidxP5VYxXQwzgvbK1kn1J+7QTmd9JzV4Q83EEIZM5VGp7DwuUzhSuUN4LNJ9TnsCpjZwDIqIIGo9kLRLov+CfPb50o/768pa4W87a7FDJc74gvu/Qh7K05ztWNABlqYk5QsSkLWosN/vCaR+Nlh6EroTUw679G0MLj2WD/P0vLbiy1Xgf2oZ4Q5vLOQfoU2SWNkzzmfpdu3o9+VWNQppUZPyt\"\r\n
        \           }\r\n          ]\r\n        },\r\n        \"provisionVMAgent\":
        true,\r\n        \"patchSettings\": {\r\n          \"patchMode\": \"ImageDefault\",\r\n
        \         \"assessmentMode\": \"ImageDefault\"\r\n        },\r\n        \"enableVMAgentPlatformUpdates\":
        false\r\n      },\r\n      \"secrets\": [],\r\n      \"allowExtensionOperations\":
        true,\r\n      \"requireGuestProvisionSignal\": true\r\n    },\r\n    \"networkProfile\":
        {\"networkInterfaces\":[{\"id\":\"/subscriptions/00000000-0000-0000-0000-000000000000/resourceGroups/clitest.rg000001/providers/Microsoft.Network/networkInterfaces/vm1VMNic\"}]},\r\n
        \   \"timeCreated\": \"2023-12-19T09:03:18.2946635+00:00\"\r\n  }\r\n}"
    headers:
      cache-control:
      - no-cache
      content-length:
      - '2702'
      content-type:
      - application/json; charset=utf-8
      date:
      - Tue, 19 Dec 2023 09:05:59 GMT
      expires:
      - '-1'
      pragma:
      - no-cache
      server:
      - Microsoft-HTTPAPI/2.0
      - Microsoft-HTTPAPI/2.0
      strict-transport-security:
      - max-age=31536000; includeSubDomains
      transfer-encoding:
      - chunked
      vary:
      - Accept-Encoding
      x-content-type-options:
      - nosniff
      x-ms-ratelimit-remaining-resource:
      - Microsoft.Compute/LowCostGetSubscriptionMaximum;23986,Microsoft.Compute/LowCostGetResource;34
    status:
      code: 200
      message: ''
version: 1
