interactions:
- request:
    body: '{"location": "centraluseuap", "tags": {}, "sku": {"name": "Premium_LRS"},
      "properties": {"creationData": {"createOption": "Empty"}, "diskSizeGB": 10}}'
    headers:
      Accept:
      - application/json
      Accept-Encoding:
      - gzip, deflate
      CommandName:
      - disk create
      Connection:
      - keep-alive
      Content-Length:
      - '150'
      Content-Type:
      - application/json
      ParameterSetName:
      - -g -n --size-gb -l
      User-Agent:
      - AZURECLI/2.22.0 azsdk-python-azure-mgmt-compute/21.0.0 Python/3.7.4 (Windows-10-10.0.19041-SP0)
    method: PUT
    uri: https://management.azure.com/subscriptions/00000000-0000-0000-0000-000000000000/resourceGroups/cli_test_vm_snapshot_incremental_000001/providers/Microsoft.Compute/disks/d1?api-version=2020-12-01
  response:
    body:
      string: "{\r\n  \"name\": \"d1\",\r\n  \"location\": \"centraluseuap\",\r\n
        \ \"tags\": {},\r\n  \"sku\": {\r\n    \"name\": \"Premium_LRS\"\r\n  },\r\n
        \ \"properties\": {\r\n    \"creationData\": {\r\n      \"createOption\":
        \"Empty\"\r\n    },\r\n    \"diskSizeGB\": 10,\r\n    \"provisioningState\":
        \"Updating\",\r\n    \"isArmResource\": true\r\n  }\r\n}"
    headers:
      azure-asyncoperation:
      - https://management.azure.com/subscriptions/00000000-0000-0000-0000-000000000000/providers/Microsoft.Compute/locations/centraluseuap/DiskOperations/5b5ad687-fea6-4cfd-bd91-38fa2a7d71d5?api-version=2020-12-01
      cache-control:
      - no-cache
      content-length:
      - '287'
      content-type:
      - application/json; charset=utf-8
      date:
      - Tue, 13 Apr 2021 07:24:23 GMT
      expires:
      - '-1'
      location:
      - https://management.azure.com/subscriptions/00000000-0000-0000-0000-000000000000/providers/Microsoft.Compute/locations/centraluseuap/DiskOperations/5b5ad687-fea6-4cfd-bd91-38fa2a7d71d5?monitor=true&api-version=2020-12-01
      pragma:
      - no-cache
      server:
      - Microsoft-HTTPAPI/2.0
      - Microsoft-HTTPAPI/2.0
      strict-transport-security:
      - max-age=31536000; includeSubDomains
      x-content-type-options:
      - nosniff
      x-ms-ratelimit-remaining-resource:
      - Microsoft.Compute/CreateUpdateDisks3Min;999,Microsoft.Compute/CreateUpdateDisks30Min;7999
      x-ms-ratelimit-remaining-subscription-writes:
      - '1199'
    status:
      code: 202
      message: Accepted
- request:
    body: null
    headers:
      Accept:
      - '*/*'
      Accept-Encoding:
      - gzip, deflate
      CommandName:
      - disk create
      Connection:
      - keep-alive
      ParameterSetName:
      - -g -n --size-gb -l
      User-Agent:
      - AZURECLI/2.22.0 azsdk-python-azure-mgmt-compute/21.0.0 Python/3.7.4 (Windows-10-10.0.19041-SP0)
    method: GET
    uri: https://management.azure.com/subscriptions/00000000-0000-0000-0000-000000000000/providers/Microsoft.Compute/locations/centraluseuap/DiskOperations/5b5ad687-fea6-4cfd-bd91-38fa2a7d71d5?api-version=2020-12-01
  response:
    body:
      string: "{\r\n  \"startTime\": \"2021-04-13T07:24:24.0449049+00:00\",\r\n  \"endTime\":
        \"2021-04-13T07:24:24.2199027+00:00\",\r\n  \"status\": \"Succeeded\",\r\n
        \ \"properties\": {\r\n    \"output\": {\r\n  \"name\": \"d1\",\r\n  \"id\":
        \"/subscriptions/00000000-0000-0000-0000-000000000000/resourceGroups/cli_test_vm_snapshot_incremental_000001/providers/Microsoft.Compute/disks/d1\",\r\n
        \ \"type\": \"Microsoft.Compute/disks\",\r\n  \"location\": \"centraluseuap\",\r\n
        \ \"tags\": {},\r\n  \"sku\": {\r\n    \"name\": \"Premium_LRS\",\r\n    \"tier\":
        \"Premium\"\r\n  },\r\n  \"properties\": {\r\n    \"creationData\": {\r\n
        \     \"createOption\": \"Empty\"\r\n    },\r\n    \"diskSizeGB\": 10,\r\n
        \   \"diskIOPSReadWrite\": 120,\r\n    \"diskMBpsReadWrite\": 25,\r\n    \"encryption\":
        {\r\n      \"type\": \"EncryptionAtRestWithPlatformKey\"\r\n    },\r\n    \"timeCreated\":
        \"2021-04-13T07:24:24.0499291+00:00\",\r\n    \"provisioningState\": \"Succeeded\",\r\n
        \   \"diskState\": \"Unattached\",\r\n    \"diskSizeBytes\": 10737418240,\r\n
        \   \"uniqueId\": \"672ec182-076c-4b09-8a0b-2ff1cd71d468\",\r\n    \"networkAccessPolicy\":
        \"AllowAll\",\r\n    \"tier\": \"P3\"\r\n  }\r\n}\r\n  },\r\n  \"name\": \"5b5ad687-fea6-4cfd-bd91-38fa2a7d71d5\"\r\n}"
    headers:
      cache-control:
      - no-cache
      content-length:
      - '1118'
      content-type:
      - application/json; charset=utf-8
      date:
      - Tue, 13 Apr 2021 07:24:26 GMT
      expires:
      - '-1'
      pragma:
      - no-cache
      server:
      - Microsoft-HTTPAPI/2.0
      - Microsoft-HTTPAPI/2.0
      strict-transport-security:
      - max-age=31536000; includeSubDomains
      transfer-encoding:
      - chunked
      vary:
      - Accept-Encoding
      x-content-type-options:
      - nosniff
      x-ms-ratelimit-remaining-resource:
      - Microsoft.Compute/GetOperation3Min;49999,Microsoft.Compute/GetOperation30Min;399999
    status:
      code: 200
      message: OK
- request:
    body: null
    headers:
      Accept:
      - '*/*'
      Accept-Encoding:
      - gzip, deflate
      CommandName:
      - disk create
      Connection:
      - keep-alive
      ParameterSetName:
      - -g -n --size-gb -l
      User-Agent:
      - AZURECLI/2.22.0 azsdk-python-azure-mgmt-compute/21.0.0 Python/3.7.4 (Windows-10-10.0.19041-SP0)
    method: GET
    uri: https://management.azure.com/subscriptions/00000000-0000-0000-0000-000000000000/resourceGroups/cli_test_vm_snapshot_incremental_000001/providers/Microsoft.Compute/disks/d1?api-version=2020-12-01
  response:
    body:
      string: "{\r\n  \"name\": \"d1\",\r\n  \"id\": \"/subscriptions/00000000-0000-0000-0000-000000000000/resourceGroups/cli_test_vm_snapshot_incremental_000001/providers/Microsoft.Compute/disks/d1\",\r\n
        \ \"type\": \"Microsoft.Compute/disks\",\r\n  \"location\": \"centraluseuap\",\r\n
        \ \"tags\": {},\r\n  \"sku\": {\r\n    \"name\": \"Premium_LRS\",\r\n    \"tier\":
        \"Premium\"\r\n  },\r\n  \"properties\": {\r\n    \"creationData\": {\r\n
        \     \"createOption\": \"Empty\"\r\n    },\r\n    \"diskSizeGB\": 10,\r\n
        \   \"diskIOPSReadWrite\": 120,\r\n    \"diskMBpsReadWrite\": 25,\r\n    \"encryption\":
        {\r\n      \"type\": \"EncryptionAtRestWithPlatformKey\"\r\n    },\r\n    \"timeCreated\":
        \"2021-04-13T07:24:24.0499291+00:00\",\r\n    \"provisioningState\": \"Succeeded\",\r\n
        \   \"diskState\": \"Unattached\",\r\n    \"diskSizeBytes\": 10737418240,\r\n
        \   \"uniqueId\": \"672ec182-076c-4b09-8a0b-2ff1cd71d468\",\r\n    \"networkAccessPolicy\":
        \"AllowAll\",\r\n    \"tier\": \"P3\"\r\n  }\r\n}"
    headers:
      cache-control:
      - no-cache
      content-length:
      - '893'
      content-type:
      - application/json; charset=utf-8
      date:
      - Tue, 13 Apr 2021 07:24:26 GMT
      expires:
      - '-1'
      pragma:
      - no-cache
      server:
      - Microsoft-HTTPAPI/2.0
      - Microsoft-HTTPAPI/2.0
      strict-transport-security:
      - max-age=31536000; includeSubDomains
      transfer-encoding:
      - chunked
      vary:
      - Accept-Encoding
      x-content-type-options:
      - nosniff
      x-ms-ratelimit-remaining-resource:
      - Microsoft.Compute/LowCostGet3Min;14999,Microsoft.Compute/LowCostGet30Min;119999
    status:
      code: 200
      message: OK
- request:
    body: null
    headers:
      Accept:
      - application/json
      Accept-Encoding:
      - gzip, deflate
      CommandName:
      - snapshot create
      Connection:
      - keep-alive
      ParameterSetName:
      - -g -n --incremental -l --source
      User-Agent:
      - AZURECLI/2.22.0 azsdk-python-azure-mgmt-compute/21.0.0 Python/3.7.4 (Windows-10-10.0.19041-SP0)
    method: GET
    uri: https://management.azure.com/subscriptions/00000000-0000-0000-0000-000000000000/resourceGroups/cli_test_vm_snapshot_incremental_000001/providers/Microsoft.Compute/snapshots/d1?api-version=2020-12-01
  response:
    body:
      string: '{"error":{"code":"ResourceNotFound","message":"The Resource ''Microsoft.Compute/snapshots/d1''
        under resource group ''cli_test_vm_snapshot_incremental_000001'' was not found.
        For more details please go to https://aka.ms/ARMResourceNotFoundFix"}}'
    headers:
      cache-control:
      - no-cache
      content-length:
      - '277'
      content-type:
      - application/json; charset=utf-8
      date:
      - Tue, 13 Apr 2021 07:24:27 GMT
      expires:
      - '-1'
      pragma:
      - no-cache
      strict-transport-security:
      - max-age=31536000; includeSubDomains
      x-content-type-options:
      - nosniff
      x-ms-failure-cause:
      - gateway
    status:
      code: 404
      message: Not Found
- request:
    body: null
    headers:
      Accept:
      - application/json
      Accept-Encoding:
      - gzip, deflate
      CommandName:
      - snapshot create
      Connection:
      - keep-alive
      ParameterSetName:
      - -g -n --incremental -l --source
      User-Agent:
      - AZURECLI/2.22.0 azsdk-python-azure-mgmt-compute/21.0.0 Python/3.7.4 (Windows-10-10.0.19041-SP0)
    method: GET
    uri: https://management.azure.com/subscriptions/00000000-0000-0000-0000-000000000000/resourceGroups/cli_test_vm_snapshot_incremental_000001/providers/Microsoft.Compute/disks/d1?api-version=2020-12-01
  response:
    body:
      string: "{\r\n  \"name\": \"d1\",\r\n  \"id\": \"/subscriptions/00000000-0000-0000-0000-000000000000/resourceGroups/cli_test_vm_snapshot_incremental_000001/providers/Microsoft.Compute/disks/d1\",\r\n
        \ \"type\": \"Microsoft.Compute/disks\",\r\n  \"location\": \"centraluseuap\",\r\n
        \ \"tags\": {},\r\n  \"sku\": {\r\n    \"name\": \"Premium_LRS\",\r\n    \"tier\":
        \"Premium\"\r\n  },\r\n  \"properties\": {\r\n    \"creationData\": {\r\n
        \     \"createOption\": \"Empty\"\r\n    },\r\n    \"diskSizeGB\": 10,\r\n
        \   \"diskIOPSReadWrite\": 120,\r\n    \"diskMBpsReadWrite\": 25,\r\n    \"encryption\":
        {\r\n      \"type\": \"EncryptionAtRestWithPlatformKey\"\r\n    },\r\n    \"timeCreated\":
        \"2021-04-13T07:24:24.0499291+00:00\",\r\n    \"provisioningState\": \"Succeeded\",\r\n
        \   \"diskState\": \"Unattached\",\r\n    \"diskSizeBytes\": 10737418240,\r\n
        \   \"uniqueId\": \"672ec182-076c-4b09-8a0b-2ff1cd71d468\",\r\n    \"networkAccessPolicy\":
        \"AllowAll\",\r\n    \"tier\": \"P3\"\r\n  }\r\n}"
    headers:
      cache-control:
      - no-cache
      content-length:
      - '893'
      content-type:
      - application/json; charset=utf-8
      date:
      - Tue, 13 Apr 2021 07:24:28 GMT
      expires:
      - '-1'
      pragma:
      - no-cache
      server:
      - Microsoft-HTTPAPI/2.0
      - Microsoft-HTTPAPI/2.0
      strict-transport-security:
      - max-age=31536000; includeSubDomains
      transfer-encoding:
      - chunked
      vary:
      - Accept-Encoding
      x-content-type-options:
      - nosniff
      x-ms-ratelimit-remaining-resource:
      - Microsoft.Compute/LowCostGet3Min;14998,Microsoft.Compute/LowCostGet30Min;119998
    status:
      code: 200
      message: OK
- request:
    body: '{"location": "centraluseuap", "tags": {}, "sku": {"name": "Standard_LRS"},
      "properties": {"creationData": {"createOption": "Copy", "sourceResourceId":
      "/subscriptions/00000000-0000-0000-0000-000000000000/resourceGroups/cli_test_vm_snapshot_incremental_000001/providers/Microsoft.Compute/disks/d1"},
      "incremental": true}}'
    headers:
      Accept:
      - application/json
      Accept-Encoding:
      - gzip, deflate
      CommandName:
      - snapshot create
      Connection:
      - keep-alive
      Content-Length:
      - '356'
      Content-Type:
      - application/json
      ParameterSetName:
      - -g -n --incremental -l --source
      User-Agent:
      - AZURECLI/2.22.0 azsdk-python-azure-mgmt-compute/21.0.0 Python/3.7.4 (Windows-10-10.0.19041-SP0)
    method: PUT
    uri: https://management.azure.com/subscriptions/00000000-0000-0000-0000-000000000000/resourceGroups/cli_test_vm_snapshot_incremental_000001/providers/Microsoft.Compute/snapshots/s1?api-version=2020-12-01
  response:
    body:
      string: "{\r\n  \"location\": \"centraluseuap\",\r\n  \"tags\": {},\r\n  \"sku\":
        {\r\n    \"name\": \"Standard_LRS\"\r\n  },\r\n  \"properties\": {\r\n    \"creationData\":
        {\r\n      \"createOption\": \"Copy\",\r\n      \"sourceResourceId\": \"/subscriptions/00000000-0000-0000-0000-000000000000/resourceGroups/cli_test_vm_snapshot_incremental_000001/providers/Microsoft.Compute/disks/d1\",\r\n
        \     \"sourceUniqueId\": \"672ec182-076c-4b09-8a0b-2ff1cd71d468\"\r\n    },\r\n
        \   \"incremental\": true,\r\n    \"provisioningState\": \"Updating\",\r\n
        \   \"isArmResource\": true\r\n  }\r\n}"
    headers:
      azure-asyncoperation:
      - https://management.azure.com/subscriptions/00000000-0000-0000-0000-000000000000/providers/Microsoft.Compute/locations/centraluseuap/DiskOperations/691e2fe1-b83b-4e89-a415-ac84b84757b2?api-version=2020-12-01
      cache-control:
      - no-cache
      content-length:
      - '548'
      content-type:
      - application/json; charset=utf-8
      date:
      - Tue, 13 Apr 2021 07:24:33 GMT
      expires:
      - '-1'
      location:
      - https://management.azure.com/subscriptions/00000000-0000-0000-0000-000000000000/providers/Microsoft.Compute/locations/centraluseuap/DiskOperations/691e2fe1-b83b-4e89-a415-ac84b84757b2?monitor=true&api-version=2020-12-01
      pragma:
      - no-cache
      server:
      - Microsoft-HTTPAPI/2.0
      - Microsoft-HTTPAPI/2.0
      strict-transport-security:
      - max-age=31536000; includeSubDomains
      x-content-type-options:
      - nosniff
      x-ms-ratelimit-remaining-resource:
      - Microsoft.Compute/HighCostSnapshotCreateHydrate3Min;999,Microsoft.Compute/HighCostSnapshotCreateHydrate30Min;7999
      x-ms-ratelimit-remaining-subscription-writes:
      - '1198'
    status:
      code: 202
      message: Accepted
- request:
    body: null
    headers:
      Accept:
      - '*/*'
      Accept-Encoding:
      - gzip, deflate
      CommandName:
      - snapshot create
      Connection:
      - keep-alive
      ParameterSetName:
      - -g -n --incremental -l --source
      User-Agent:
      - AZURECLI/2.22.0 azsdk-python-azure-mgmt-compute/21.0.0 Python/3.7.4 (Windows-10-10.0.19041-SP0)
    method: GET
    uri: https://management.azure.com/subscriptions/00000000-0000-0000-0000-000000000000/providers/Microsoft.Compute/locations/centraluseuap/DiskOperations/691e2fe1-b83b-4e89-a415-ac84b84757b2?api-version=2020-12-01
  response:
    body:
      string: "{\r\n  \"startTime\": \"2021-04-13T07:24:33.9501214+00:00\",\r\n  \"endTime\":
        \"2021-04-13T07:24:35.2588341+00:00\",\r\n  \"status\": \"Succeeded\",\r\n
        \ \"properties\": {\r\n    \"output\": {\r\n  \"name\": \"s1\",\r\n  \"id\":
        \"/subscriptions/00000000-0000-0000-0000-000000000000/resourceGroups/cli_test_vm_snapshot_incremental_000001/providers/Microsoft.Compute/snapshots/s1\",\r\n
        \ \"type\": \"Microsoft.Compute/snapshots\",\r\n  \"location\": \"centraluseuap\",\r\n
        \ \"tags\": {},\r\n  \"sku\": {\r\n    \"name\": \"Standard_LRS\",\r\n    \"tier\":
        \"Standard\"\r\n  },\r\n  \"properties\": {\r\n    \"creationData\": {\r\n
        \     \"createOption\": \"Copy\",\r\n      \"sourceResourceId\": \"/subscriptions/00000000-0000-0000-0000-000000000000/resourceGroups/cli_test_vm_snapshot_incremental_000001/providers/Microsoft.Compute/disks/d1\",\r\n
        \     \"sourceUniqueId\": \"672ec182-076c-4b09-8a0b-2ff1cd71d468\"\r\n    },\r\n
        \   \"diskSizeGB\": 10,\r\n    \"encryption\": {\r\n      \"type\": \"EncryptionAtRestWithPlatformKey\"\r\n
        \   },\r\n    \"incremental\": true,\r\n    \"timeCreated\": \"2021-04-13T07:24:33.9801217+00:00\",\r\n
        \   \"provisioningState\": \"Succeeded\",\r\n    \"diskState\": \"Unattached\",\r\n
        \   \"diskSizeBytes\": 10737418240,\r\n    \"uniqueId\": \"3b7045b6-7ae0-496e-82d1-126d98e85e89\",\r\n
        \   \"incrementalSnapshotFamilyId\": \"e84240ee-5a1c-4701-bd28-17d02e237c9c\",\r\n
        \   \"networkAccessPolicy\": \"AllowAll\"\r\n  }\r\n}\r\n  },\r\n  \"name\":
        \"691e2fe1-b83b-4e89-a415-ac84b84757b2\"\r\n}"
    headers:
      cache-control:
      - no-cache
      content-length:
      - '1424'
      content-type:
      - application/json; charset=utf-8
      date:
      - Tue, 13 Apr 2021 07:24:35 GMT
      expires:
      - '-1'
      pragma:
      - no-cache
      server:
      - Microsoft-HTTPAPI/2.0
      - Microsoft-HTTPAPI/2.0
      strict-transport-security:
      - max-age=31536000; includeSubDomains
      transfer-encoding:
      - chunked
      vary:
      - Accept-Encoding
      x-content-type-options:
      - nosniff
      x-ms-ratelimit-remaining-resource:
      - Microsoft.Compute/GetOperation3Min;49997,Microsoft.Compute/GetOperation30Min;399997
    status:
      code: 200
      message: OK
- request:
    body: null
    headers:
      Accept:
      - '*/*'
      Accept-Encoding:
      - gzip, deflate
      CommandName:
      - snapshot create
      Connection:
      - keep-alive
      ParameterSetName:
      - -g -n --incremental -l --source
      User-Agent:
      - AZURECLI/2.22.0 azsdk-python-azure-mgmt-compute/21.0.0 Python/3.7.4 (Windows-10-10.0.19041-SP0)
    method: GET
    uri: https://management.azure.com/subscriptions/00000000-0000-0000-0000-000000000000/resourceGroups/cli_test_vm_snapshot_incremental_000001/providers/Microsoft.Compute/snapshots/s1?api-version=2020-12-01
  response:
    body:
      string: "{\r\n  \"name\": \"s1\",\r\n  \"id\": \"/subscriptions/00000000-0000-0000-0000-000000000000/resourceGroups/cli_test_vm_snapshot_incremental_000001/providers/Microsoft.Compute/snapshots/s1\",\r\n
        \ \"type\": \"Microsoft.Compute/snapshots\",\r\n  \"location\": \"centraluseuap\",\r\n
        \ \"tags\": {},\r\n  \"sku\": {\r\n    \"name\": \"Standard_LRS\",\r\n    \"tier\":
        \"Standard\"\r\n  },\r\n  \"properties\": {\r\n    \"creationData\": {\r\n
        \     \"createOption\": \"Copy\",\r\n      \"sourceResourceId\": \"/subscriptions/00000000-0000-0000-0000-000000000000/resourceGroups/cli_test_vm_snapshot_incremental_000001/providers/Microsoft.Compute/disks/d1\",\r\n
        \     \"sourceUniqueId\": \"672ec182-076c-4b09-8a0b-2ff1cd71d468\"\r\n    },\r\n
        \   \"diskSizeGB\": 10,\r\n    \"encryption\": {\r\n      \"type\": \"EncryptionAtRestWithPlatformKey\"\r\n
        \   },\r\n    \"incremental\": true,\r\n    \"timeCreated\": \"2021-04-13T07:24:33.9801217+00:00\",\r\n
        \   \"provisioningState\": \"Succeeded\",\r\n    \"diskState\": \"Unattached\",\r\n
        \   \"diskSizeBytes\": 10737418240,\r\n    \"uniqueId\": \"3b7045b6-7ae0-496e-82d1-126d98e85e89\",\r\n
        \   \"incrementalSnapshotFamilyId\": \"e84240ee-5a1c-4701-bd28-17d02e237c9c\",\r\n
        \   \"networkAccessPolicy\": \"AllowAll\"\r\n  }\r\n}"
    headers:
      cache-control:
      - no-cache
      content-length:
      - '1199'
      content-type:
      - application/json; charset=utf-8
      date:
      - Tue, 13 Apr 2021 07:24:36 GMT
      expires:
      - '-1'
      pragma:
      - no-cache
      server:
      - Microsoft-HTTPAPI/2.0
      - Microsoft-HTTPAPI/2.0
      strict-transport-security:
      - max-age=31536000; includeSubDomains
      transfer-encoding:
      - chunked
      vary:
      - Accept-Encoding
      x-content-type-options:
      - nosniff
      x-ms-ratelimit-remaining-resource:
      - Microsoft.Compute/LowCostGet3Min;14995,Microsoft.Compute/LowCostGet30Min;119995
    status:
      code: 200
      message: OK
version: 1
