interactions:
- request:
    body: null
    headers:
      Accept:
      - application/json
      Accept-Encoding:
      - gzip, deflate
      CommandName:
      - sig create
      Connection:
      - keep-alive
      ParameterSetName:
      - -g --gallery-name --permissions --publisher-uri --publisher-email --eula --public-name-prefix
      User-Agent:
      - AZURECLI/2.44.1 azsdk-python-azure-mgmt-resource/21.1.0b1 Python/3.10.9 (Windows-10-10.0.22621-SP0)
    method: GET
    uri: https://management.azure.com/subscriptions/00000000-0000-0000-0000-000000000000/resourcegroups/cli_test_community_gallery_operations_000001?api-version=2021-04-01
  response:
    body:
      string: '{"id":"/subscriptions/00000000-0000-0000-0000-000000000000/resourceGroups/cli_test_community_gallery_operations_000001","name":"cli_test_community_gallery_operations_000001","type":"Microsoft.Resources/resourceGroups","location":"centraluseuap","tags":{"product":"azurecli","cause":"automation","date":"2023-01-28T02:54:21Z"},"properties":{"provisioningState":"Succeeded"}}'
    headers:
      cache-control:
      - no-cache
      content-length:
      - '373'
      content-type:
      - application/json; charset=utf-8
      date:
      - Sat, 28 Jan 2023 02:54:28 GMT
      expires:
      - '-1'
      pragma:
      - no-cache
      strict-transport-security:
      - max-age=31536000; includeSubDomains
      vary:
      - Accept-Encoding
      x-content-type-options:
      - nosniff
    status:
      code: 200
      message: OK
- request:
    body: '{"location": "centraluseuap", "tags": {}, "properties": {"sharingProfile":
      {"permissions": "Community", "communityGalleryInfo": {"publisherUri": "puburi",
      "publisherContact": "abc@123.com", "eula": "eula", "publicNamePrefix": "pubname"}}}}'
    headers:
      Accept:
      - application/json
      Accept-Encoding:
      - gzip, deflate
      CommandName:
      - sig create
      Connection:
      - keep-alive
      Content-Length:
      - '239'
      Content-Type:
      - application/json
      ParameterSetName:
      - -g --gallery-name --permissions --publisher-uri --publisher-email --eula --public-name-prefix
      User-Agent:
      - AZURECLI/2.44.1 azsdk-python-azure-mgmt-compute/29.1.0 Python/3.10.9 (Windows-10-10.0.22621-SP0)
    method: PUT
    uri: https://management.azure.com/subscriptions/00000000-0000-0000-0000-000000000000/resourceGroups/cli_test_community_gallery_operations_000001/providers/Microsoft.Compute/galleries/gellery000003?api-version=2021-10-01
  response:
    body:
      string: "{\r\n  \"name\": \"gellery000003\",\r\n  \"id\": \"/subscriptions/00000000-0000-0000-0000-000000000000/resourceGroups/cli_test_community_gallery_operations_000001/providers/Microsoft.Compute/galleries/gellery000003\"\
        ,\r\n  \"type\": \"Microsoft.Compute/galleries\",\r\n  \"location\": \"centraluseuap\"\
        ,\r\n  \"tags\": {},\r\n  \"properties\": {\r\n    \"identifier\": {\r\n \
        \     \"uniqueName\": \"0b1f6471-1bf0-4dda-aec3-cb9272f09590-GELLERYGIOQAIPLY\"\
        \r\n    },\r\n    \"sharingProfile\": {\r\n      \"permissions\": \"Community\"\
        ,\r\n      \"communityGalleryInfo\": {\r\n        \"communityGalleryEnabled\"\
        : false,\r\n        \"publisherUri\": \"puburi\",\r\n        \"publisherContact\"\
        : \"abc@123.com\",\r\n        \"eula\": \"eula\",\r\n        \"publicNamePrefix\"\
        : \"pubname\",\r\n        \"publicNames\": [\r\n          \"pubname-aa9acf88-d8d3-44f3-b8ba-67943b2feb47\"\
        \r\n        ]\r\n      }\r\n    },\r\n    \"provisioningState\": \"Creating\"\
        \r\n  }\r\n}"
    headers:
      azure-asyncoperation:
      - https://management.azure.com/subscriptions/00000000-0000-0000-0000-000000000000/providers/Microsoft.Compute/locations/CentralUSEUAP/capsOperations/ba39a01e-7792-4361-9082-0dc3bef50456?api-version=2021-10-01
      cache-control:
      - no-cache
      content-length:
      - '856'
      content-type:
      - application/json; charset=utf-8
      date:
      - Sat, 28 Jan 2023 02:54:34 GMT
      expires:
      - '-1'
      pragma:
      - no-cache
      server:
      - Microsoft-HTTPAPI/2.0
      - Microsoft-HTTPAPI/2.0
      strict-transport-security:
      - max-age=31536000; includeSubDomains
      x-content-type-options:
      - nosniff
      x-ms-ratelimit-remaining-resource:
      - Microsoft.Compute/CreateUpdateGallery3Min;49,Microsoft.Compute/CreateUpdateGallery30Min;299
      x-ms-ratelimit-remaining-subscription-writes:
      - '1197'
    status:
      code: 201
      message: Created
- request:
    body: null
    headers:
      Accept:
      - '*/*'
      Accept-Encoding:
      - gzip, deflate
      CommandName:
      - sig create
      Connection:
      - keep-alive
      ParameterSetName:
      - -g --gallery-name --permissions --publisher-uri --publisher-email --eula --public-name-prefix
      User-Agent:
      - AZURECLI/2.44.1 azsdk-python-azure-mgmt-compute/29.1.0 Python/3.10.9 (Windows-10-10.0.22621-SP0)
    method: GET
    uri: https://management.azure.com/subscriptions/00000000-0000-0000-0000-000000000000/providers/Microsoft.Compute/locations/CentralUSEUAP/capsOperations/ba39a01e-7792-4361-9082-0dc3bef50456?api-version=2021-10-01
  response:
    body:
      string: "{\r\n  \"startTime\": \"2023-01-28T02:54:33.8812101+00:00\",\r\n  \"\
        endTime\": \"2023-01-28T02:54:34.2093703+00:00\",\r\n  \"status\": \"Succeeded\"\
        ,\r\n  \"name\": \"ba39a01e-7792-4361-9082-0dc3bef50456\"\r\n}"
    headers:
      cache-control:
      - no-cache
      content-length:
      - '184'
      content-type:
      - application/json; charset=utf-8
      date:
      - Sat, 28 Jan 2023 02:55:05 GMT
      expires:
      - '-1'
      pragma:
      - no-cache
      server:
      - Microsoft-HTTPAPI/2.0
      - Microsoft-HTTPAPI/2.0
      strict-transport-security:
      - max-age=31536000; includeSubDomains
      transfer-encoding:
      - chunked
      vary:
      - Accept-Encoding
      x-content-type-options:
      - nosniff
      x-ms-ratelimit-remaining-resource:
      - Microsoft.Compute/GetOperationStatus3Min;1198,Microsoft.Compute/GetOperationStatus30Min;4176
    status:
      code: 200
      message: OK
- request:
    body: null
    headers:
      Accept:
      - '*/*'
      Accept-Encoding:
      - gzip, deflate
      CommandName:
      - sig create
      Connection:
      - keep-alive
      ParameterSetName:
      - -g --gallery-name --permissions --publisher-uri --publisher-email --eula --public-name-prefix
      User-Agent:
      - AZURECLI/2.44.1 azsdk-python-azure-mgmt-compute/29.1.0 Python/3.10.9 (Windows-10-10.0.22621-SP0)
    method: GET
    uri: https://management.azure.com/subscriptions/00000000-0000-0000-0000-000000000000/resourceGroups/cli_test_community_gallery_operations_000001/providers/Microsoft.Compute/galleries/gellery000003?api-version=2021-10-01
  response:
    body:
      string: "{\r\n  \"name\": \"gellery000003\",\r\n  \"id\": \"/subscriptions/00000000-0000-0000-0000-000000000000/resourceGroups/cli_test_community_gallery_operations_000001/providers/Microsoft.Compute/galleries/gellery000003\"\
        ,\r\n  \"type\": \"Microsoft.Compute/galleries\",\r\n  \"location\": \"centraluseuap\"\
        ,\r\n  \"tags\": {},\r\n  \"properties\": {\r\n    \"identifier\": {\r\n \
        \     \"uniqueName\": \"0b1f6471-1bf0-4dda-aec3-cb9272f09590-GELLERYGIOQAIPLY\"\
        \r\n    },\r\n    \"sharingProfile\": {\r\n      \"permissions\": \"Community\"\
        ,\r\n      \"communityGalleryInfo\": {\r\n        \"communityGalleryEnabled\"\
        : false,\r\n        \"publisherUri\": \"puburi\",\r\n        \"publisherContact\"\
        : \"abc@123.com\",\r\n        \"eula\": \"eula\",\r\n        \"publicNamePrefix\"\
        : \"pubname\",\r\n        \"publicNames\": [\r\n          \"pubname-aa9acf88-d8d3-44f3-b8ba-67943b2feb47\"\
        \r\n        ]\r\n      }\r\n    },\r\n    \"provisioningState\": \"Succeeded\"\
        \r\n  }\r\n}"
    headers:
      cache-control:
      - no-cache
      content-length:
      - '857'
      content-type:
      - application/json; charset=utf-8
      date:
      - Sat, 28 Jan 2023 02:55:05 GMT
      expires:
      - '-1'
      pragma:
      - no-cache
      server:
      - Microsoft-HTTPAPI/2.0
      - Microsoft-HTTPAPI/2.0
      strict-transport-security:
      - max-age=31536000; includeSubDomains
      transfer-encoding:
      - chunked
      vary:
      - Accept-Encoding
      x-content-type-options:
      - nosniff
      x-ms-ratelimit-remaining-resource:
      - Microsoft.Compute/GetGallery3Min;346,Microsoft.Compute/GetGallery30Min;2489
    status:
      code: 200
      message: OK
- request:
    body: '{"operationType": "EnableCommunity", "groups": []}'
    headers:
      Accept:
      - application/json
      Accept-Encoding:
      - gzip, deflate
      CommandName:
      - sig share enable-community
      Connection:
      - keep-alive
      Content-Length:
      - '50'
      Content-Type:
      - application/json
      ParameterSetName:
      - -r -g
      User-Agent:
      - AZURECLI/2.44.1 azsdk-python-azure-mgmt-compute/29.1.0 Python/3.10.9 (Windows-10-10.0.22621-SP0)
    method: POST
    uri: https://management.azure.com/subscriptions/00000000-0000-0000-0000-000000000000/resourceGroups/cli_test_community_gallery_operations_000001/providers/Microsoft.Compute/galleries/gellery000003/share?api-version=2022-03-03
  response:
    body:
      string: ''
    headers:
      azure-asyncoperation:
      - https://management.azure.com/subscriptions/00000000-0000-0000-0000-000000000000/providers/Microsoft.Compute/locations/CentralUSEUAP/capsOperations/2321cd4c-3f54-443a-80d2-047c1bb071c8?api-version=2022-03-03
      cache-control:
      - no-cache
      content-length:
      - '0'
      date:
      - Sat, 28 Jan 2023 02:55:07 GMT
      expires:
      - '-1'
      location:
      - https://management.azure.com/subscriptions/00000000-0000-0000-0000-000000000000/providers/Microsoft.Compute/locations/CentralUSEUAP/capsOperations/2321cd4c-3f54-443a-80d2-047c1bb071c8?monitor=true&api-version=2022-03-03
      pragma:
      - no-cache
      server:
      - Microsoft-HTTPAPI/2.0
      - Microsoft-HTTPAPI/2.0
      strict-transport-security:
      - max-age=31536000; includeSubDomains
      x-content-type-options:
      - nosniff
      x-ms-ratelimit-remaining-resource:
      - Microsoft.Compute/PostShareGallery3Min;9,Microsoft.Compute/PostShareGallery30Min;59
      x-ms-ratelimit-remaining-subscription-writes:
      - '1199'
    status:
      code: 202
      message: Accepted
- request:
    body: null
    headers:
      Accept:
      - '*/*'
      Accept-Encoding:
      - gzip, deflate
      CommandName:
      - sig share enable-community
      Connection:
      - keep-alive
      ParameterSetName:
      - -r -g
      User-Agent:
      - AZURECLI/2.44.1 azsdk-python-azure-mgmt-compute/29.1.0 Python/3.10.9 (Windows-10-10.0.22621-SP0)
    method: GET
    uri: https://management.azure.com/subscriptions/00000000-0000-0000-0000-000000000000/providers/Microsoft.Compute/locations/CentralUSEUAP/capsOperations/2321cd4c-3f54-443a-80d2-047c1bb071c8?api-version=2022-03-03
  response:
    body:
      string: "{\r\n  \"startTime\": \"2023-01-28T02:55:07.5687183+00:00\",\r\n  \"\
        endTime\": \"2023-01-28T02:55:07.8031205+00:00\",\r\n  \"status\": \"Succeeded\"\
        ,\r\n  \"name\": \"2321cd4c-3f54-443a-80d2-047c1bb071c8\"\r\n}"
    headers:
      cache-control:
      - no-cache
      content-length:
      - '184'
      content-type:
      - application/json; charset=utf-8
      date:
      - Sat, 28 Jan 2023 02:55:37 GMT
      expires:
      - '-1'
      pragma:
      - no-cache
      server:
      - Microsoft-HTTPAPI/2.0
      - Microsoft-HTTPAPI/2.0
      strict-transport-security:
      - max-age=31536000; includeSubDomains
      transfer-encoding:
      - chunked
      vary:
      - Accept-Encoding
      x-content-type-options:
      - nosniff
      x-ms-ratelimit-remaining-resource:
      - Microsoft.Compute/GetOperationStatus3Min;1196,Microsoft.Compute/GetOperationStatus30Min;4174
    status:
      code: 200
      message: OK
- request:
    body: null
    headers:
      Accept:
      - '*/*'
      Accept-Encoding:
      - gzip, deflate
      CommandName:
      - sig share enable-community
      Connection:
      - keep-alive
      ParameterSetName:
      - -r -g
      User-Agent:
      - AZURECLI/2.44.1 azsdk-python-azure-mgmt-compute/29.1.0 Python/3.10.9 (Windows-10-10.0.22621-SP0)
    method: GET
    uri: https://management.azure.com/subscriptions/00000000-0000-0000-0000-000000000000/providers/Microsoft.Compute/locations/CentralUSEUAP/capsOperations/2321cd4c-3f54-443a-80d2-047c1bb071c8?monitor=true&api-version=2022-03-03
  response:
    body:
      string: ''
    headers:
      cache-control:
      - no-cache
      content-length:
      - '0'
      date:
      - Sat, 28 Jan 2023 02:55:37 GMT
      expires:
      - '-1'
      pragma:
      - no-cache
      server:
      - Microsoft-HTTPAPI/2.0
      - Microsoft-HTTPAPI/2.0
      strict-transport-security:
      - max-age=31536000; includeSubDomains
      x-content-type-options:
      - nosniff
      x-ms-ratelimit-remaining-resource:
      - Microsoft.Compute/GetOperationStatus3Min;1195,Microsoft.Compute/GetOperationStatus30Min;4173
    status:
      code: 200
      message: OK
- request:
    body: null
    headers:
      Accept:
      - application/json
      Accept-Encoding:
      - gzip, deflate
      CommandName:
      - sig image-definition create
      Connection:
      - keep-alive
      ParameterSetName:
      - -g --gallery-name --gallery-image-definition --os-type -p -f -s
      User-Agent:
      - AZURECLI/2.44.1 azsdk-python-azure-mgmt-resource/21.1.0b1 Python/3.10.9 (Windows-10-10.0.22621-SP0)
    method: GET
    uri: https://management.azure.com/subscriptions/00000000-0000-0000-0000-000000000000/resourcegroups/cli_test_community_gallery_operations_000001?api-version=2021-04-01
  response:
    body:
      string: '{"id":"/subscriptions/00000000-0000-0000-0000-000000000000/resourceGroups/cli_test_community_gallery_operations_000001","name":"cli_test_community_gallery_operations_000001","type":"Microsoft.Resources/resourceGroups","location":"centraluseuap","tags":{"product":"azurecli","cause":"automation","date":"2023-01-28T02:54:21Z"},"properties":{"provisioningState":"Succeeded"}}'
    headers:
      cache-control:
      - no-cache
      content-length:
      - '373'
      content-type:
      - application/json; charset=utf-8
      date:
      - Sat, 28 Jan 2023 02:55:38 GMT
      expires:
      - '-1'
      pragma:
      - no-cache
      strict-transport-security:
      - max-age=31536000; includeSubDomains
      vary:
      - Accept-Encoding
      x-content-type-options:
      - nosniff
    status:
      code: 200
      message: OK
- request:
    body: '{"location": "centraluseuap", "tags": {}, "properties": {"osType": "Linux",
      "osState": "Generalized", "hyperVGeneration": "V1", "identifier": {"publisher":
      "publisher1", "offer": "offer1", "sku": "sku1"}, "disallowed": {}}}'
    headers:
      Accept:
      - application/json
      Accept-Encoding:
      - gzip, deflate
      CommandName:
      - sig image-definition create
      Connection:
      - keep-alive
      Content-Length:
      - '223'
      Content-Type:
      - application/json
      ParameterSetName:
      - -g --gallery-name --gallery-image-definition --os-type -p -f -s
      User-Agent:
      - AZURECLI/2.44.1 azsdk-python-azure-mgmt-compute/29.1.0 Python/3.10.9 (Windows-10-10.0.22621-SP0)
    method: PUT
    uri: https://management.azure.com/subscriptions/00000000-0000-0000-0000-000000000000/resourceGroups/cli_test_community_gallery_operations_000001/providers/Microsoft.Compute/galleries/gellery000003/images/image000004?api-version=2021-10-01
  response:
    body:
      string: "{\r\n  \"name\": \"image000004\",\r\n  \"id\": \"/subscriptions/00000000-0000-0000-0000-000000000000/resourceGroups/cli_test_community_gallery_operations_000001/providers/Microsoft.Compute/galleries/gellery000003/images/image000004\"\
        ,\r\n  \"type\": \"Microsoft.Compute/galleries/images\",\r\n  \"location\"\
        : \"centraluseuap\",\r\n  \"tags\": {},\r\n  \"properties\": {\r\n    \"hyperVGeneration\"\
        : \"V1\",\r\n    \"architecture\": \"x64\",\r\n    \"osType\": \"Linux\",\r\
        \n    \"osState\": \"Generalized\",\r\n    \"identifier\": {\r\n      \"publisher\"\
        : \"publisher1\",\r\n      \"offer\": \"offer1\",\r\n      \"sku\": \"sku1\"\
        \r\n    },\r\n    \"provisioningState\": \"Creating\"\r\n  }\r\n}"
    headers:
      azure-asyncoperation:
      - https://management.azure.com/subscriptions/00000000-0000-0000-0000-000000000000/providers/Microsoft.Compute/locations/CentralUSEUAP/capsOperations/e835a1a7-f86e-4a28-880c-78c26623718e?api-version=2021-10-01
      cache-control:
      - no-cache
      content-length:
      - '606'
      content-type:
      - application/json; charset=utf-8
      date:
      - Sat, 28 Jan 2023 02:55:45 GMT
      expires:
      - '-1'
      pragma:
      - no-cache
      server:
      - Microsoft-HTTPAPI/2.0
      - Microsoft-HTTPAPI/2.0
      strict-transport-security:
      - max-age=31536000; includeSubDomains
      x-content-type-options:
      - nosniff
      x-ms-ratelimit-remaining-resource:
      - Microsoft.Compute/CreateUpdateGalleryImage3Min;149,Microsoft.Compute/CreateUpdateGalleryImage30Min;749
      x-ms-ratelimit-remaining-subscription-writes:
      - '1196'
    status:
      code: 201
      message: Created
- request:
    body: null
    headers:
      Accept:
      - '*/*'
      Accept-Encoding:
      - gzip, deflate
      CommandName:
      - sig image-definition create
      Connection:
      - keep-alive
      ParameterSetName:
      - -g --gallery-name --gallery-image-definition --os-type -p -f -s
      User-Agent:
      - AZURECLI/2.44.1 azsdk-python-azure-mgmt-compute/29.1.0 Python/3.10.9 (Windows-10-10.0.22621-SP0)
    method: GET
    uri: https://management.azure.com/subscriptions/00000000-0000-0000-0000-000000000000/providers/Microsoft.Compute/locations/CentralUSEUAP/capsOperations/e835a1a7-f86e-4a28-880c-78c26623718e?api-version=2021-10-01
  response:
    body:
      string: "{\r\n  \"startTime\": \"2023-01-28T02:55:44.2249782+00:00\",\r\n  \"\
        endTime\": \"2023-01-28T02:55:44.4593567+00:00\",\r\n  \"status\": \"Succeeded\"\
        ,\r\n  \"name\": \"e835a1a7-f86e-4a28-880c-78c26623718e\"\r\n}"
    headers:
      cache-control:
      - no-cache
      content-length:
      - '184'
      content-type:
      - application/json; charset=utf-8
      date:
      - Sat, 28 Jan 2023 02:56:16 GMT
      expires:
      - '-1'
      pragma:
      - no-cache
      server:
      - Microsoft-HTTPAPI/2.0
      - Microsoft-HTTPAPI/2.0
      strict-transport-security:
      - max-age=31536000; includeSubDomains
      transfer-encoding:
      - chunked
      vary:
      - Accept-Encoding
      x-content-type-options:
      - nosniff
      x-ms-ratelimit-remaining-resource:
      - Microsoft.Compute/GetOperationStatus3Min;1193,Microsoft.Compute/GetOperationStatus30Min;4171
    status:
      code: 200
      message: OK
- request:
    body: null
    headers:
      Accept:
      - '*/*'
      Accept-Encoding:
      - gzip, deflate
      CommandName:
      - sig image-definition create
      Connection:
      - keep-alive
      ParameterSetName:
      - -g --gallery-name --gallery-image-definition --os-type -p -f -s
      User-Agent:
      - AZURECLI/2.44.1 azsdk-python-azure-mgmt-compute/29.1.0 Python/3.10.9 (Windows-10-10.0.22621-SP0)
    method: GET
    uri: https://management.azure.com/subscriptions/00000000-0000-0000-0000-000000000000/resourceGroups/cli_test_community_gallery_operations_000001/providers/Microsoft.Compute/galleries/gellery000003/images/image000004?api-version=2021-10-01
  response:
    body:
      string: "{\r\n  \"name\": \"image000004\",\r\n  \"id\": \"/subscriptions/00000000-0000-0000-0000-000000000000/resourceGroups/cli_test_community_gallery_operations_000001/providers/Microsoft.Compute/galleries/gellery000003/images/image000004\"\
        ,\r\n  \"type\": \"Microsoft.Compute/galleries/images\",\r\n  \"location\"\
        : \"centraluseuap\",\r\n  \"tags\": {},\r\n  \"properties\": {\r\n    \"hyperVGeneration\"\
        : \"V1\",\r\n    \"architecture\": \"x64\",\r\n    \"osType\": \"Linux\",\r\
        \n    \"osState\": \"Generalized\",\r\n    \"identifier\": {\r\n      \"publisher\"\
        : \"publisher1\",\r\n      \"offer\": \"offer1\",\r\n      \"sku\": \"sku1\"\
        \r\n    },\r\n    \"provisioningState\": \"Succeeded\"\r\n  }\r\n}"
    headers:
      cache-control:
      - no-cache
      content-length:
      - '607'
      content-type:
      - application/json; charset=utf-8
      date:
      - Sat, 28 Jan 2023 02:56:16 GMT
      expires:
      - '-1'
      pragma:
      - no-cache
      server:
      - Microsoft-HTTPAPI/2.0
      - Microsoft-HTTPAPI/2.0
      strict-transport-security:
      - max-age=31536000; includeSubDomains
      transfer-encoding:
      - chunked
      vary:
      - Accept-Encoding
      x-content-type-options:
      - nosniff
      x-ms-ratelimit-remaining-resource:
      - Microsoft.Compute/GetGalleryImage3Min;595,Microsoft.Compute/GetGalleryImage30Min;2989
    status:
      code: 200
      message: OK
- request:
    body: null
    headers:
      Accept:
      - application/json
      Accept-Encoding:
      - gzip, deflate
      CommandName:
      - vm create
      Connection:
      - keep-alive
      ParameterSetName:
      - -g -n --image --admin-username --generate-ssh-keys --nsg-rule
      User-Agent:
      - AZURECLI/2.44.1 azsdk-python-azure-mgmt-resource/21.1.0b1 Python/3.10.9 (Windows-10-10.0.22621-SP0)
    method: GET
    uri: https://management.azure.com/subscriptions/00000000-0000-0000-0000-000000000000/resourcegroups/cli_test_community_gallery_operations_000001?api-version=2021-04-01
  response:
    body:
      string: '{"id":"/subscriptions/00000000-0000-0000-0000-000000000000/resourceGroups/cli_test_community_gallery_operations_000001","name":"cli_test_community_gallery_operations_000001","type":"Microsoft.Resources/resourceGroups","location":"centraluseuap","tags":{"product":"azurecli","cause":"automation","date":"2023-01-28T02:54:21Z"},"properties":{"provisioningState":"Succeeded"}}'
    headers:
      cache-control:
      - no-cache
      content-length:
      - '373'
      content-type:
      - application/json; charset=utf-8
      date:
      - Sat, 28 Jan 2023 02:56:17 GMT
      expires:
      - '-1'
      pragma:
      - no-cache
      strict-transport-security:
      - max-age=31536000; includeSubDomains
      vary:
      - Accept-Encoding
      x-content-type-options:
      - nosniff
    status:
      code: 200
      message: OK
- request:
    body: null
    headers:
      Accept:
      - '*/*'
      Accept-Encoding:
      - gzip, deflate
      Connection:
      - keep-alive
      User-Agent:
      - python-requests/2.26.0
    method: GET
    uri: https://raw.githubusercontent.com/Azure/azure-rest-api-specs/main/arm-compute/quickstart-templates/aliases.json
  response:
    body:
      string: "{\n  \"$schema\": \"http://schema.management.azure.com/schemas/2015-01-01/deploymentTemplate.json\"\
        ,\n  \"contentVersion\": \"1.0.0.0\",\n  \"parameters\": {},\n  \"variables\"\
        : {},\n  \"resources\": [],\n  \"outputs\": {\n    \"aliases\": {\n      \"\
        type\": \"object\",\n      \"value\": {\n        \"Linux\": {\n          \"\
        CentOS\": {\n            \"publisher\": \"OpenLogic\",\n            \"offer\"\
        : \"CentOS\",\n            \"sku\": \"7.5\",\n            \"version\": \"\
        latest\",\n            \"architecture\": \"x64\"\n          },\n         \
        \ \"Debian\": {\n            \"publisher\": \"Debian\",\n            \"offer\"\
        : \"debian-10\",\n            \"sku\": \"10\",\n            \"version\": \"\
        latest\",\n            \"architecture\": \"x64\"\n          },\n         \
        \ \"Flatcar\": {\n            \"publisher\": \"kinvolk\",\n            \"\
        offer\": \"flatcar-container-linux-free\",\n            \"sku\": \"stable\"\
        ,\n            \"version\": \"latest\",\n            \"architecture\": \"\
        x64\"\n          },\n          \"openSUSE-Leap\": {\n            \"publisher\"\
        : \"SUSE\",\n            \"offer\": \"opensuse-leap-15-3\",\n            \"\
        sku\": \"gen2\",\n            \"version\": \"latest\",\n            \"architecture\"\
        : \"x64\"\n          },\n          \"RHEL\": {\n            \"publisher\"\
        : \"RedHat\",\n            \"offer\": \"RHEL\",\n            \"sku\": \"7-LVM\"\
        ,\n            \"version\": \"latest\",\n            \"architecture\": \"\
        x64\"\n          },\n          \"SLES\": {\n            \"publisher\": \"\
        SUSE\",\n            \"offer\": \"sles-15-sp3\",\n            \"sku\": \"\
        gen2\",\n            \"version\": \"latest\",\n            \"architecture\"\
        : \"x64\"\n          },\n          \"UbuntuLTS\": {\n            \"publisher\"\
        : \"Canonical\",\n            \"offer\": \"UbuntuServer\",\n            \"\
        sku\": \"18.04-LTS\",\n            \"version\": \"latest\",\n            \"\
        architecture\": \"x64\"\n          }\n        },\n        \"Windows\": {\n\
        \          \"Win2022Datacenter\": {\n            \"publisher\": \"MicrosoftWindowsServer\"\
        ,\n            \"offer\": \"WindowsServer\",\n            \"sku\": \"2022-Datacenter\"\
        ,\n            \"version\": \"latest\",\n            \"architecture\": \"\
        x64\"\n          },\n          \"Win2022AzureEditionCore\": {\n          \
        \  \"publisher\": \"MicrosoftWindowsServer\",\n            \"offer\": \"WindowsServer\"\
        ,\n            \"sku\": \"2022-datacenter-azure-edition-core\",\n        \
        \    \"version\": \"latest\",\n            \"architecture\": \"x64\"\n   \
        \       },\n          \"Win2019Datacenter\": {\n            \"publisher\"\
        : \"MicrosoftWindowsServer\",\n            \"offer\": \"WindowsServer\",\n\
        \            \"sku\": \"2019-Datacenter\",\n            \"version\": \"latest\"\
        ,\n            \"architecture\": \"x64\"\n          },\n          \"Win2016Datacenter\"\
        : {\n            \"publisher\": \"MicrosoftWindowsServer\",\n            \"\
        offer\": \"WindowsServer\",\n            \"sku\": \"2016-Datacenter\",\n \
        \           \"version\": \"latest\",\n            \"architecture\": \"x64\"\
        \n          },\n          \"Win2012R2Datacenter\": {\n            \"publisher\"\
        : \"MicrosoftWindowsServer\",\n            \"offer\": \"WindowsServer\",\n\
        \            \"sku\": \"2012-R2-Datacenter\",\n            \"version\": \"\
        latest\",\n            \"architecture\": \"x64\"\n          },\n         \
        \ \"Win2012Datacenter\": {\n            \"publisher\": \"MicrosoftWindowsServer\"\
        ,\n            \"offer\": \"WindowsServer\",\n            \"sku\": \"2012-Datacenter\"\
        ,\n            \"version\": \"latest\",\n            \"architecture\": \"\
        x64\"\n          },\n          \"Win2008R2SP1\": {\n            \"publisher\"\
        : \"MicrosoftWindowsServer\",\n            \"offer\": \"WindowsServer\",\n\
        \            \"sku\": \"2008-R2-SP1\",\n            \"version\": \"latest\"\
        ,\n            \"architecture\": \"x64\"\n          }\n        }\n      }\n\
        \    }\n  }\n}"
    headers:
      accept-ranges:
      - bytes
      access-control-allow-origin:
      - '*'
      cache-control:
      - max-age=300
      connection:
      - keep-alive
      content-length:
      - '3463'
      content-security-policy:
      - default-src 'none'; style-src 'unsafe-inline'; sandbox
      content-type:
      - text/plain; charset=utf-8
      date:
      - Sat, 28 Jan 2023 02:56:17 GMT
      etag:
      - W/"41b202f4dc5098d126019dc00721a4c5e30df0c5196794514fadc3710ee2a5cb"
      expires:
      - Sat, 28 Jan 2023 03:01:17 GMT
      source-age:
      - '0'
      strict-transport-security:
      - max-age=31536000
      vary:
      - Authorization,Accept-Encoding,Origin
      via:
      - 1.1 varnish
      x-cache:
      - HIT
      x-cache-hits:
      - '1'
      x-content-type-options:
      - nosniff
      x-fastly-request-id:
      - edb54b9a64729d2f491153a180bc1a498899ff32
      x-frame-options:
      - deny
      x-github-request-id:
      - 7A7E:67C6:241EF:66FB3:63D4817B
      x-served-by:
      - cache-tyo11977-TYO
      x-timer:
      - S1674874578.712719,VS0,VE228
      x-xss-protection:
      - 1; mode=block
    status:
      code: 200
      message: OK
- request:
    body: null
    headers:
      Accept:
      - application/json
      Accept-Encoding:
      - gzip, deflate
      CommandName:
      - vm create
      Connection:
      - keep-alive
      ParameterSetName:
      - -g -n --image --admin-username --generate-ssh-keys --nsg-rule
      User-Agent:
      - AZURECLI/2.44.1 azsdk-python-azure-mgmt-compute/29.1.0 Python/3.10.9 (Windows-10-10.0.22621-SP0)
    method: GET
    uri: https://management.azure.com/subscriptions/00000000-0000-0000-0000-000000000000/providers/Microsoft.Compute/locations/centraluseuap/publishers/Canonical/artifacttypes/vmimage/offers/UbuntuServer/skus/18.04-LTS/versions?$top=1&$orderby=name%20desc&api-version=2022-11-01
  response:
    body:
      string: "[\r\n  {\r\n    \"location\": \"CentralUSEUAP\",\r\n    \"name\": \"\
        18.04.202301100\",\r\n    \"id\": \"/Subscriptions/00000000-0000-0000-0000-000000000000/Providers/Microsoft.Compute/Locations/CentralUSEUAP/Publishers/Canonical/ArtifactTypes/VMImage/Offers/UbuntuServer/Skus/18.04-LTS/Versions/18.04.202301100\"\
        \r\n  }\r\n]"
    headers:
      cache-control:
      - no-cache
      content-length:
      - '300'
      content-type:
      - application/json; charset=utf-8
      date:
      - Sat, 28 Jan 2023 02:56:19 GMT
      expires:
      - '-1'
      pragma:
      - no-cache
      server:
      - Microsoft-HTTPAPI/2.0
      - Microsoft-HTTPAPI/2.0
      strict-transport-security:
      - max-age=31536000; includeSubDomains
      transfer-encoding:
      - chunked
      vary:
      - Accept-Encoding
      x-content-type-options:
      - nosniff
      x-ms-ratelimit-remaining-resource:
      - Microsoft.Compute/ListVMImagesVersionsFromLocation3Min;15999,Microsoft.Compute/ListVMImagesVersionsFromLocation30Min;43999
    status:
      code: 200
      message: OK
- request:
    body: null
    headers:
      Accept:
      - application/json
      Accept-Encoding:
      - gzip, deflate
      CommandName:
      - vm create
      Connection:
      - keep-alive
      ParameterSetName:
      - -g -n --image --admin-username --generate-ssh-keys --nsg-rule
      User-Agent:
      - AZURECLI/2.44.1 azsdk-python-azure-mgmt-compute/29.1.0 Python/3.10.9 (Windows-10-10.0.22621-SP0)
    method: GET
    uri: https://management.azure.com/subscriptions/00000000-0000-0000-0000-000000000000/providers/Microsoft.Compute/locations/centraluseuap/publishers/Canonical/artifacttypes/vmimage/offers/UbuntuServer/skus/18.04-LTS/versions/18.04.202301100?api-version=2022-11-01
  response:
    body:
      string: "{\r\n  \"properties\": {\r\n    \"hyperVGeneration\": \"V1\",\r\n \
        \   \"architecture\": \"x64\",\r\n    \"replicaType\": \"Unmanaged\",\r\n\
        \    \"disallowed\": {\r\n      \"vmDiskType\": \"None\"\r\n    },\r\n   \
        \ \"automaticOSUpgradeProperties\": {\r\n      \"automaticOSUpgradeSupported\"\
        : true\r\n    },\r\n    \"imageDeprecationStatus\": {\r\n      \"imageState\"\
        : \"Active\"\r\n    },\r\n    \"features\": [\r\n      {\r\n        \"name\"\
        : \"IsAcceleratedNetworkSupported\",\r\n        \"value\": \"True\"\r\n  \
        \    },\r\n      {\r\n        \"name\": \"DiskControllerTypes\",\r\n     \
        \   \"value\": \"SCSI, NVMe\"\r\n      },\r\n      {\r\n        \"name\":\
        \ \"IsHibernateSupported\",\r\n        \"value\": \"True\"\r\n      }\r\n\
        \    ],\r\n    \"osDiskImage\": {\r\n      \"operatingSystem\": \"Linux\"\
        ,\r\n      \"sizeInGb\": 31,\r\n      \"sizeInBytes\": 32213303808\r\n   \
        \ },\r\n    \"dataDiskImages\": []\r\n  },\r\n  \"location\": \"CentralUSEUAP\"\
        ,\r\n  \"name\": \"18.04.202301100\",\r\n  \"id\": \"/Subscriptions/00000000-0000-0000-0000-000000000000/Providers/Microsoft.Compute/Locations/CentralUSEUAP/Publishers/Canonical/ArtifactTypes/VMImage/Offers/UbuntuServer/Skus/18.04-LTS/Versions/18.04.202301100\"\
        \r\n}"
    headers:
      cache-control:
      - no-cache
      content-length:
      - '1062'
      content-type:
      - application/json; charset=utf-8
      date:
      - Sat, 28 Jan 2023 02:56:21 GMT
      expires:
      - '-1'
      pragma:
      - no-cache
      server:
      - Microsoft-HTTPAPI/2.0
      - Microsoft-HTTPAPI/2.0
      strict-transport-security:
      - max-age=31536000; includeSubDomains
      transfer-encoding:
      - chunked
      vary:
      - Accept-Encoding
      x-content-type-options:
      - nosniff
      x-ms-ratelimit-remaining-resource:
      - Microsoft.Compute/GetVMImageFromLocation3Min;12999,Microsoft.Compute/GetVMImageFromLocation30Min;73999
    status:
      code: 200
      message: OK
- request:
    body: null
    headers:
      Accept:
      - application/json
      Accept-Encoding:
      - gzip, deflate
      CommandName:
      - vm create
      Connection:
      - keep-alive
      ParameterSetName:
      - -g -n --image --admin-username --generate-ssh-keys --nsg-rule
      User-Agent:
      - AZURECLI/2.44.1 azsdk-python-azure-mgmt-network/21.0.1 Python/3.10.9 (Windows-10-10.0.22621-SP0)
    method: GET
    uri: https://management.azure.com/subscriptions/00000000-0000-0000-0000-000000000000/resourceGroups/cli_test_community_gallery_operations_000001/providers/Microsoft.Network/virtualNetworks?api-version=2022-01-01
  response:
    body:
      string: '{"value":[]}'
    headers:
      cache-control:
      - no-cache
      content-length:
      - '12'
      content-type:
      - application/json; charset=utf-8
      date:
      - Sat, 28 Jan 2023 02:56:22 GMT
      expires:
      - '-1'
      pragma:
      - no-cache
      strict-transport-security:
      - max-age=31536000; includeSubDomains
      vary:
      - Accept-Encoding
      x-content-type-options:
      - nosniff
    status:
      code: 200
      message: OK
- request:
    body: null
    headers:
      Accept:
      - '*/*'
      Accept-Encoding:
      - gzip, deflate
      Connection:
      - keep-alive
      User-Agent:
      - python-requests/2.26.0
    method: GET
    uri: https://raw.githubusercontent.com/Azure/azure-rest-api-specs/main/arm-compute/quickstart-templates/aliases.json
  response:
    body:
      string: "{\n  \"$schema\": \"http://schema.management.azure.com/schemas/2015-01-01/deploymentTemplate.json\"\
        ,\n  \"contentVersion\": \"1.0.0.0\",\n  \"parameters\": {},\n  \"variables\"\
        : {},\n  \"resources\": [],\n  \"outputs\": {\n    \"aliases\": {\n      \"\
        type\": \"object\",\n      \"value\": {\n        \"Linux\": {\n          \"\
        CentOS\": {\n            \"publisher\": \"OpenLogic\",\n            \"offer\"\
        : \"CentOS\",\n            \"sku\": \"7.5\",\n            \"version\": \"\
        latest\",\n            \"architecture\": \"x64\"\n          },\n         \
        \ \"Debian\": {\n            \"publisher\": \"Debian\",\n            \"offer\"\
        : \"debian-10\",\n            \"sku\": \"10\",\n            \"version\": \"\
        latest\",\n            \"architecture\": \"x64\"\n          },\n         \
        \ \"Flatcar\": {\n            \"publisher\": \"kinvolk\",\n            \"\
        offer\": \"flatcar-container-linux-free\",\n            \"sku\": \"stable\"\
        ,\n            \"version\": \"latest\",\n            \"architecture\": \"\
        x64\"\n          },\n          \"openSUSE-Leap\": {\n            \"publisher\"\
        : \"SUSE\",\n            \"offer\": \"opensuse-leap-15-3\",\n            \"\
        sku\": \"gen2\",\n            \"version\": \"latest\",\n            \"architecture\"\
        : \"x64\"\n          },\n          \"RHEL\": {\n            \"publisher\"\
        : \"RedHat\",\n            \"offer\": \"RHEL\",\n            \"sku\": \"7-LVM\"\
        ,\n            \"version\": \"latest\",\n            \"architecture\": \"\
        x64\"\n          },\n          \"SLES\": {\n            \"publisher\": \"\
        SUSE\",\n            \"offer\": \"sles-15-sp3\",\n            \"sku\": \"\
        gen2\",\n            \"version\": \"latest\",\n            \"architecture\"\
        : \"x64\"\n          },\n          \"UbuntuLTS\": {\n            \"publisher\"\
        : \"Canonical\",\n            \"offer\": \"UbuntuServer\",\n            \"\
        sku\": \"18.04-LTS\",\n            \"version\": \"latest\",\n            \"\
        architecture\": \"x64\"\n          }\n        },\n        \"Windows\": {\n\
        \          \"Win2022Datacenter\": {\n            \"publisher\": \"MicrosoftWindowsServer\"\
        ,\n            \"offer\": \"WindowsServer\",\n            \"sku\": \"2022-Datacenter\"\
        ,\n            \"version\": \"latest\",\n            \"architecture\": \"\
        x64\"\n          },\n          \"Win2022AzureEditionCore\": {\n          \
        \  \"publisher\": \"MicrosoftWindowsServer\",\n            \"offer\": \"WindowsServer\"\
        ,\n            \"sku\": \"2022-datacenter-azure-edition-core\",\n        \
        \    \"version\": \"latest\",\n            \"architecture\": \"x64\"\n   \
        \       },\n          \"Win2019Datacenter\": {\n            \"publisher\"\
        : \"MicrosoftWindowsServer\",\n            \"offer\": \"WindowsServer\",\n\
        \            \"sku\": \"2019-Datacenter\",\n            \"version\": \"latest\"\
        ,\n            \"architecture\": \"x64\"\n          },\n          \"Win2016Datacenter\"\
        : {\n            \"publisher\": \"MicrosoftWindowsServer\",\n            \"\
        offer\": \"WindowsServer\",\n            \"sku\": \"2016-Datacenter\",\n \
        \           \"version\": \"latest\",\n            \"architecture\": \"x64\"\
        \n          },\n          \"Win2012R2Datacenter\": {\n            \"publisher\"\
        : \"MicrosoftWindowsServer\",\n            \"offer\": \"WindowsServer\",\n\
        \            \"sku\": \"2012-R2-Datacenter\",\n            \"version\": \"\
        latest\",\n            \"architecture\": \"x64\"\n          },\n         \
        \ \"Win2012Datacenter\": {\n            \"publisher\": \"MicrosoftWindowsServer\"\
        ,\n            \"offer\": \"WindowsServer\",\n            \"sku\": \"2012-Datacenter\"\
        ,\n            \"version\": \"latest\",\n            \"architecture\": \"\
        x64\"\n          },\n          \"Win2008R2SP1\": {\n            \"publisher\"\
        : \"MicrosoftWindowsServer\",\n            \"offer\": \"WindowsServer\",\n\
        \            \"sku\": \"2008-R2-SP1\",\n            \"version\": \"latest\"\
        ,\n            \"architecture\": \"x64\"\n          }\n        }\n      }\n\
        \    }\n  }\n}"
    headers:
      accept-ranges:
      - bytes
      access-control-allow-origin:
      - '*'
      cache-control:
      - max-age=300
      connection:
      - keep-alive
      content-length:
      - '3463'
      content-security-policy:
      - default-src 'none'; style-src 'unsafe-inline'; sandbox
      content-type:
      - text/plain; charset=utf-8
      date:
      - Sat, 28 Jan 2023 02:56:23 GMT
      etag:
      - W/"41b202f4dc5098d126019dc00721a4c5e30df0c5196794514fadc3710ee2a5cb"
      expires:
      - Sat, 28 Jan 2023 03:01:23 GMT
      source-age:
      - '6'
      strict-transport-security:
      - max-age=31536000
      vary:
      - Authorization,Accept-Encoding,Origin
      via:
      - 1.1 varnish
      x-cache:
      - HIT
      x-cache-hits:
      - '1'
      x-content-type-options:
      - nosniff
      x-fastly-request-id:
      - d1d89ff1c10c1d577a0ccde7576a3295c3671e4a
      x-frame-options:
      - deny
      x-github-request-id:
      - 7A7E:67C6:241EF:66FB3:63D4817B
      x-served-by:
      - cache-tyo11935-TYO
      x-timer:
      - S1674874584.602193,VS0,VE1
      x-xss-protection:
      - 1; mode=block
    status:
      code: 200
      message: OK
- request:
    body: null
    headers:
      Accept:
      - application/json
      Accept-Encoding:
      - gzip, deflate
      CommandName:
      - vm create
      Connection:
      - keep-alive
      ParameterSetName:
      - -g -n --image --admin-username --generate-ssh-keys --nsg-rule
      User-Agent:
      - AZURECLI/2.44.1 azsdk-python-azure-mgmt-compute/29.1.0 Python/3.10.9 (Windows-10-10.0.22621-SP0)
    method: GET
    uri: https://management.azure.com/subscriptions/00000000-0000-0000-0000-000000000000/providers/Microsoft.Compute/locations/centraluseuap/publishers/Canonical/artifacttypes/vmimage/offers/UbuntuServer/skus/18.04-LTS/versions?$top=1&$orderby=name%20desc&api-version=2022-11-01
  response:
    body:
      string: "[\r\n  {\r\n    \"location\": \"CentralUSEUAP\",\r\n    \"name\": \"\
        18.04.202301100\",\r\n    \"id\": \"/Subscriptions/00000000-0000-0000-0000-000000000000/Providers/Microsoft.Compute/Locations/CentralUSEUAP/Publishers/Canonical/ArtifactTypes/VMImage/Offers/UbuntuServer/Skus/18.04-LTS/Versions/18.04.202301100\"\
        \r\n  }\r\n]"
    headers:
      cache-control:
      - no-cache
      content-length:
      - '300'
      content-type:
      - application/json; charset=utf-8
      date:
      - Sat, 28 Jan 2023 02:56:25 GMT
      expires:
      - '-1'
      pragma:
      - no-cache
      server:
      - Microsoft-HTTPAPI/2.0
      - Microsoft-HTTPAPI/2.0
      strict-transport-security:
      - max-age=31536000; includeSubDomains
      transfer-encoding:
      - chunked
      vary:
      - Accept-Encoding
      x-content-type-options:
      - nosniff
      x-ms-ratelimit-remaining-resource:
      - Microsoft.Compute/ListVMImagesVersionsFromLocation3Min;15998,Microsoft.Compute/ListVMImagesVersionsFromLocation30Min;43998
    status:
      code: 200
      message: OK
- request:
    body: null
    headers:
      Accept:
      - application/json
      Accept-Encoding:
      - gzip, deflate
      CommandName:
      - vm create
      Connection:
      - keep-alive
      ParameterSetName:
      - -g -n --image --admin-username --generate-ssh-keys --nsg-rule
      User-Agent:
      - AZURECLI/2.44.1 azsdk-python-azure-mgmt-compute/29.1.0 Python/3.10.9 (Windows-10-10.0.22621-SP0)
    method: GET
    uri: https://management.azure.com/subscriptions/00000000-0000-0000-0000-000000000000/providers/Microsoft.Compute/locations/centraluseuap/publishers/Canonical/artifacttypes/vmimage/offers/UbuntuServer/skus/18.04-LTS/versions/18.04.202301100?api-version=2022-11-01
  response:
    body:
      string: "{\r\n  \"properties\": {\r\n    \"hyperVGeneration\": \"V1\",\r\n \
        \   \"architecture\": \"x64\",\r\n    \"replicaType\": \"Unmanaged\",\r\n\
        \    \"disallowed\": {\r\n      \"vmDiskType\": \"None\"\r\n    },\r\n   \
        \ \"automaticOSUpgradeProperties\": {\r\n      \"automaticOSUpgradeSupported\"\
        : true\r\n    },\r\n    \"imageDeprecationStatus\": {\r\n      \"imageState\"\
        : \"Active\"\r\n    },\r\n    \"features\": [\r\n      {\r\n        \"name\"\
        : \"IsAcceleratedNetworkSupported\",\r\n        \"value\": \"True\"\r\n  \
        \    },\r\n      {\r\n        \"name\": \"DiskControllerTypes\",\r\n     \
        \   \"value\": \"SCSI, NVMe\"\r\n      },\r\n      {\r\n        \"name\":\
        \ \"IsHibernateSupported\",\r\n        \"value\": \"True\"\r\n      }\r\n\
        \    ],\r\n    \"osDiskImage\": {\r\n      \"operatingSystem\": \"Linux\"\
        ,\r\n      \"sizeInGb\": 31,\r\n      \"sizeInBytes\": 32213303808\r\n   \
        \ },\r\n    \"dataDiskImages\": []\r\n  },\r\n  \"location\": \"CentralUSEUAP\"\
        ,\r\n  \"name\": \"18.04.202301100\",\r\n  \"id\": \"/Subscriptions/00000000-0000-0000-0000-000000000000/Providers/Microsoft.Compute/Locations/CentralUSEUAP/Publishers/Canonical/ArtifactTypes/VMImage/Offers/UbuntuServer/Skus/18.04-LTS/Versions/18.04.202301100\"\
        \r\n}"
    headers:
      cache-control:
      - no-cache
      content-length:
      - '1062'
      content-type:
      - application/json; charset=utf-8
      date:
      - Sat, 28 Jan 2023 02:56:26 GMT
      expires:
      - '-1'
      pragma:
      - no-cache
      server:
      - Microsoft-HTTPAPI/2.0
      - Microsoft-HTTPAPI/2.0
      strict-transport-security:
      - max-age=31536000; includeSubDomains
      transfer-encoding:
      - chunked
      vary:
      - Accept-Encoding
      x-content-type-options:
      - nosniff
      x-ms-ratelimit-remaining-resource:
      - Microsoft.Compute/GetVMImageFromLocation3Min;12998,Microsoft.Compute/GetVMImageFromLocation30Min;73998
    status:
      code: 200
      message: OK
- request:
    body: null
    headers:
      Accept:
      - application/json
      Accept-Encoding:
      - gzip, deflate
      CommandName:
      - vm create
      Connection:
      - keep-alive
      ParameterSetName:
      - -g -n --image --admin-username --generate-ssh-keys --nsg-rule
      User-Agent:
      - AZURECLI/2.44.1 azsdk-python-azure-mgmt-compute/29.1.0 Python/3.10.9 (Windows-10-10.0.22621-SP0)
    method: GET
    uri: https://management.azure.com/subscriptions/00000000-0000-0000-0000-000000000000/providers/Microsoft.Compute/locations/centraluseuap/publishers/Canonical/artifacttypes/vmimage/offers/UbuntuServer/skus/18.04-LTS/versions?$top=1&$orderby=name%20desc&api-version=2022-11-01
  response:
    body:
      string: "[\r\n  {\r\n    \"location\": \"CentralUSEUAP\",\r\n    \"name\": \"\
        18.04.202301100\",\r\n    \"id\": \"/Subscriptions/00000000-0000-0000-0000-000000000000/Providers/Microsoft.Compute/Locations/CentralUSEUAP/Publishers/Canonical/ArtifactTypes/VMImage/Offers/UbuntuServer/Skus/18.04-LTS/Versions/18.04.202301100\"\
        \r\n  }\r\n]"
    headers:
      cache-control:
      - no-cache
      content-length:
      - '300'
      content-type:
      - application/json; charset=utf-8
      date:
      - Sat, 28 Jan 2023 02:56:28 GMT
      expires:
      - '-1'
      pragma:
      - no-cache
      server:
      - Microsoft-HTTPAPI/2.0
      - Microsoft-HTTPAPI/2.0
      strict-transport-security:
      - max-age=31536000; includeSubDomains
      transfer-encoding:
      - chunked
      vary:
      - Accept-Encoding
      x-content-type-options:
      - nosniff
      x-ms-ratelimit-remaining-resource:
      - Microsoft.Compute/ListVMImagesVersionsFromLocation3Min;15997,Microsoft.Compute/ListVMImagesVersionsFromLocation30Min;43997
    status:
      code: 200
      message: OK
- request:
    body: null
    headers:
      Accept:
      - application/json
      Accept-Encoding:
      - gzip, deflate
      CommandName:
      - vm create
      Connection:
      - keep-alive
      ParameterSetName:
      - -g -n --image --admin-username --generate-ssh-keys --nsg-rule
      User-Agent:
      - AZURECLI/2.44.1 azsdk-python-azure-mgmt-compute/29.1.0 Python/3.10.9 (Windows-10-10.0.22621-SP0)
    method: GET
    uri: https://management.azure.com/subscriptions/00000000-0000-0000-0000-000000000000/providers/Microsoft.Compute/locations/centraluseuap/publishers/Canonical/artifacttypes/vmimage/offers/UbuntuServer/skus/18.04-LTS/versions/18.04.202301100?api-version=2022-11-01
  response:
    body:
      string: "{\r\n  \"properties\": {\r\n    \"hyperVGeneration\": \"V1\",\r\n \
        \   \"architecture\": \"x64\",\r\n    \"replicaType\": \"Unmanaged\",\r\n\
        \    \"disallowed\": {\r\n      \"vmDiskType\": \"None\"\r\n    },\r\n   \
        \ \"automaticOSUpgradeProperties\": {\r\n      \"automaticOSUpgradeSupported\"\
        : true\r\n    },\r\n    \"imageDeprecationStatus\": {\r\n      \"imageState\"\
        : \"Active\"\r\n    },\r\n    \"features\": [\r\n      {\r\n        \"name\"\
        : \"IsAcceleratedNetworkSupported\",\r\n        \"value\": \"True\"\r\n  \
        \    },\r\n      {\r\n        \"name\": \"DiskControllerTypes\",\r\n     \
        \   \"value\": \"SCSI, NVMe\"\r\n      },\r\n      {\r\n        \"name\":\
        \ \"IsHibernateSupported\",\r\n        \"value\": \"True\"\r\n      }\r\n\
        \    ],\r\n    \"osDiskImage\": {\r\n      \"operatingSystem\": \"Linux\"\
        ,\r\n      \"sizeInGb\": 31,\r\n      \"sizeInBytes\": 32213303808\r\n   \
        \ },\r\n    \"dataDiskImages\": []\r\n  },\r\n  \"location\": \"CentralUSEUAP\"\
        ,\r\n  \"name\": \"18.04.202301100\",\r\n  \"id\": \"/Subscriptions/00000000-0000-0000-0000-000000000000/Providers/Microsoft.Compute/Locations/CentralUSEUAP/Publishers/Canonical/ArtifactTypes/VMImage/Offers/UbuntuServer/Skus/18.04-LTS/Versions/18.04.202301100\"\
        \r\n}"
    headers:
      cache-control:
      - no-cache
      content-length:
      - '1062'
      content-type:
      - application/json; charset=utf-8
      date:
      - Sat, 28 Jan 2023 02:56:31 GMT
      expires:
      - '-1'
      pragma:
      - no-cache
      server:
      - Microsoft-HTTPAPI/2.0
      - Microsoft-HTTPAPI/2.0
      strict-transport-security:
      - max-age=31536000; includeSubDomains
      transfer-encoding:
      - chunked
      vary:
      - Accept-Encoding
      x-content-type-options:
      - nosniff
      x-ms-ratelimit-remaining-resource:
      - Microsoft.Compute/GetVMImageFromLocation3Min;12997,Microsoft.Compute/GetVMImageFromLocation30Min;73997
    status:
      code: 200
      message: OK
- request:
    body: '{"properties": {"template": {"$schema": "https://schema.management.azure.com/schemas/2015-01-01/deploymentTemplate.json#",
      "contentVersion": "1.0.0.0", "parameters": {}, "variables": {}, "resources":
      [{"name": "vm000002VNET", "type": "Microsoft.Network/virtualNetworks", "location":
      "centraluseuap", "apiVersion": "2015-06-15", "dependsOn": [], "tags": {}, "properties":
      {"addressSpace": {"addressPrefixes": ["10.0.0.0/16"]}, "subnets": [{"name":
      "vm000002Subnet", "properties": {"addressPrefix": "10.0.0.0/24"}}]}}, {"type":
      "Microsoft.Network/networkSecurityGroups", "name": "vm000002NSG", "apiVersion":
      "2015-06-15", "location": "centraluseuap", "tags": {}, "dependsOn": []}, {"apiVersion":
      "2022-01-01", "type": "Microsoft.Network/publicIPAddresses", "name": "vm000002PublicIP",
      "location": "centraluseuap", "tags": {}, "dependsOn": [], "properties": {"publicIPAllocationMethod":
      null}}, {"apiVersion": "2015-06-15", "type": "Microsoft.Network/networkInterfaces",
      "name": "vm000002VMNic", "location": "centraluseuap", "tags": {}, "dependsOn":
      ["Microsoft.Network/virtualNetworks/vm000002VNET", "Microsoft.Network/networkSecurityGroups/vm000002NSG",
      "Microsoft.Network/publicIpAddresses/vm000002PublicIP"], "properties": {"ipConfigurations":
      [{"name": "ipconfigvm000002", "properties": {"privateIPAllocationMethod": "Dynamic",
      "subnet": {"id": "/subscriptions/00000000-0000-0000-0000-000000000000/resourceGroups/cli_test_community_gallery_operations_000001/providers/Microsoft.Network/virtualNetworks/vm000002VNET/subnets/vm000002Subnet"},
      "publicIPAddress": {"id": "/subscriptions/00000000-0000-0000-0000-000000000000/resourceGroups/cli_test_community_gallery_operations_000001/providers/Microsoft.Network/publicIPAddresses/vm000002PublicIP"}}}],
      "networkSecurityGroup": {"id": "/subscriptions/00000000-0000-0000-0000-000000000000/resourceGroups/cli_test_community_gallery_operations_000001/providers/Microsoft.Network/networkSecurityGroups/vm000002NSG"}}},
      {"apiVersion": "2022-11-01", "type": "Microsoft.Compute/virtualMachines", "name":
      "vm000002", "location": "centraluseuap", "tags": {}, "dependsOn": ["Microsoft.Network/networkInterfaces/vm000002VMNic"],
      "properties": {"hardwareProfile": {"vmSize": "Standard_DS1_v2"}, "networkProfile":
      {"networkInterfaces": [{"id": "/subscriptions/00000000-0000-0000-0000-000000000000/resourceGroups/cli_test_community_gallery_operations_000001/providers/Microsoft.Network/networkInterfaces/vm000002VMNic",
      "properties": {"deleteOption": null}}]}, "storageProfile": {"osDisk": {"createOption":
      "fromImage", "name": null, "caching": "ReadWrite", "managedDisk": {"storageAccountType":
      null}}, "imageReference": {"publisher": "Canonical", "offer": "UbuntuServer",
      "sku": "18.04-LTS", "version": "latest"}}, "osProfile": {"computerName": "vm000002",
      "adminUsername": "gallerytest", "linuxConfiguration": {"disablePasswordAuthentication":
      true, "ssh": {"publicKeys": [{"keyData": "ssh-rsa AAAAB3NzaC1yc2EAAAADAQABAAABAQDtrwjFOJ5BrjyXXI+zTohbjR8C/UT40MJ6M+D7PhvbUDyPYRjOz4B6DnO4xJ5huKhI2jUMIAKiRHcipHqk5ddySS/Z1e91zmHEuEUPeZlOCJJoLxjtAflx6c7aRhPMzOhsEa/7p527/RuMw/vtQZKQP7ltY37oRiAH6OrQJELbYWMGiX37QsGK1oZU0bRohBeiB+C7Ofc7rYjkdxT4AYXNHLOo5Xr7ByL0u7TMwz2fcE7gY5k5Xbw3gmn3oHnCzdJ6Y3m3BAK9uR7tbw97yxwus/aIAi7wm29ljudtQjmSggd21eG0EZfF1greqgaNdq5JGskcRGWbo/VvX9kThjsF",
      "path": "/home/gallerytest/.ssh/authorized_keys"}]}}}}}], "outputs": {}}, "parameters":
      {}, "mode": "incremental"}}'
    headers:
      Accept:
      - application/json
      Accept-Encoding:
      - gzip, deflate
      CommandName:
      - vm create
      Connection:
      - keep-alive
      Content-Length:
      - '3420'
      Content-Type:
      - application/json
      ParameterSetName:
      - -g -n --image --admin-username --generate-ssh-keys --nsg-rule
      User-Agent:
      - AZURECLI/2.44.1 azsdk-python-azure-mgmt-resource/21.1.0b1 Python/3.10.9 (Windows-10-10.0.22621-SP0)
    method: PUT
    uri: https://management.azure.com/subscriptions/00000000-0000-0000-0000-000000000000/resourcegroups/cli_test_community_gallery_operations_000001/providers/Microsoft.Resources/deployments/mock-deployment?api-version=2021-04-01
  response:
    body:
      string: '{"id":"/subscriptions/00000000-0000-0000-0000-000000000000/resourceGroups/cli_test_community_gallery_operations_000001/providers/Microsoft.Resources/deployments/vm_deploy_sg6njjCh0AUu70i5VIsf4JpHpc9ak14z","name":"vm_deploy_sg6njjCh0AUu70i5VIsf4JpHpc9ak14z","type":"Microsoft.Resources/deployments","properties":{"templateHash":"16591490434405474312","parameters":{},"mode":"Incremental","provisioningState":"Accepted","timestamp":"2023-01-28T02:56:37.7850986Z","duration":"PT0.000123S","correlationId":"b2a0c788-b923-4ee5-a060-79513940aaa2","providers":[{"namespace":"Microsoft.Network","resourceTypes":[{"resourceType":"virtualNetworks","locations":["centraluseuap"]},{"resourceType":"networkSecurityGroups","locations":["centraluseuap"]},{"resourceType":"publicIPAddresses","locations":["centraluseuap"]},{"resourceType":"networkInterfaces","locations":["centraluseuap"]}]},{"namespace":"Microsoft.Compute","resourceTypes":[{"resourceType":"virtualMachines","locations":["centraluseuap"]}]}],"dependencies":[{"dependsOn":[{"id":"/subscriptions/00000000-0000-0000-0000-000000000000/resourceGroups/cli_test_community_gallery_operations_000001/providers/Microsoft.Network/virtualNetworks/vm000002VNET","resourceType":"Microsoft.Network/virtualNetworks","resourceName":"vm000002VNET"},{"id":"/subscriptions/00000000-0000-0000-0000-000000000000/resourceGroups/cli_test_community_gallery_operations_000001/providers/Microsoft.Network/networkSecurityGroups/vm000002NSG","resourceType":"Microsoft.Network/networkSecurityGroups","resourceName":"vm000002NSG"},{"id":"/subscriptions/00000000-0000-0000-0000-000000000000/resourceGroups/cli_test_community_gallery_operations_000001/providers/Microsoft.Network/publicIPAddresses/vm000002PublicIP","resourceType":"Microsoft.Network/publicIPAddresses","resourceName":"vm000002PublicIP"}],"id":"/subscriptions/00000000-0000-0000-0000-000000000000/resourceGroups/cli_test_community_gallery_operations_000001/providers/Microsoft.Network/networkInterfaces/vm000002VMNic","resourceType":"Microsoft.Network/networkInterfaces","resourceName":"vm000002VMNic"},{"dependsOn":[{"id":"/subscriptions/00000000-0000-0000-0000-000000000000/resourceGroups/cli_test_community_gallery_operations_000001/providers/Microsoft.Network/networkInterfaces/vm000002VMNic","resourceType":"Microsoft.Network/networkInterfaces","resourceName":"vm000002VMNic"}],"id":"/subscriptions/00000000-0000-0000-0000-000000000000/resourceGroups/cli_test_community_gallery_operations_000001/providers/Microsoft.Compute/virtualMachines/vm000002","resourceType":"Microsoft.Compute/virtualMachines","resourceName":"vm000002"}]}}'
    headers:
      azure-asyncoperation:
      - https://management.azure.com/subscriptions/00000000-0000-0000-0000-000000000000/resourcegroups/cli_test_community_gallery_operations_000001/providers/Microsoft.Resources/deployments/vm_deploy_sg6njjCh0AUu70i5VIsf4JpHpc9ak14z/operationStatuses/08585267322901349458?api-version=2021-04-01
      cache-control:
      - no-cache
      content-length:
      - '2620'
      content-type:
      - application/json; charset=utf-8
      date:
      - Sat, 28 Jan 2023 02:56:38 GMT
      expires:
      - '-1'
      pragma:
      - no-cache
      strict-transport-security:
      - max-age=31536000; includeSubDomains
      x-content-type-options:
      - nosniff
      x-ms-ratelimit-remaining-subscription-writes:
      - '1194'
    status:
      code: 201
      message: Created
- request:
    body: null
    headers:
      Accept:
      - '*/*'
      Accept-Encoding:
      - gzip, deflate
      CommandName:
      - vm create
      Connection:
      - keep-alive
      ParameterSetName:
      - -g -n --image --admin-username --generate-ssh-keys --nsg-rule
      User-Agent:
      - AZURECLI/2.44.1 azsdk-python-azure-mgmt-resource/21.1.0b1 Python/3.10.9 (Windows-10-10.0.22621-SP0)
    method: GET
    uri: https://management.azure.com/subscriptions/00000000-0000-0000-0000-000000000000/resourcegroups/cli_test_community_gallery_operations_000001/providers/Microsoft.Resources/deployments/mock-deployment/operationStatuses/08585267322901349458?api-version=2021-04-01
  response:
    body:
      string: '{"status":"Running"}'
    headers:
      cache-control:
      - no-cache
      content-length:
      - '20'
      content-type:
      - application/json; charset=utf-8
      date:
      - Sat, 28 Jan 2023 02:57:08 GMT
      expires:
      - '-1'
      pragma:
      - no-cache
      strict-transport-security:
      - max-age=31536000; includeSubDomains
      vary:
      - Accept-Encoding
      x-content-type-options:
      - nosniff
    status:
      code: 200
      message: OK
- request:
    body: null
    headers:
      Accept:
      - '*/*'
      Accept-Encoding:
      - gzip, deflate
      CommandName:
      - vm create
      Connection:
      - keep-alive
      ParameterSetName:
      - -g -n --image --admin-username --generate-ssh-keys --nsg-rule
      User-Agent:
      - AZURECLI/2.44.1 azsdk-python-azure-mgmt-resource/21.1.0b1 Python/3.10.9 (Windows-10-10.0.22621-SP0)
    method: GET
    uri: https://management.azure.com/subscriptions/00000000-0000-0000-0000-000000000000/resourcegroups/cli_test_community_gallery_operations_000001/providers/Microsoft.Resources/deployments/mock-deployment/operationStatuses/08585267322901349458?api-version=2021-04-01
  response:
    body:
      string: '{"status":"Succeeded"}'
    headers:
      cache-control:
      - no-cache
      content-length:
      - '22'
      content-type:
      - application/json; charset=utf-8
      date:
      - Sat, 28 Jan 2023 02:57:39 GMT
      expires:
      - '-1'
      pragma:
      - no-cache
      strict-transport-security:
      - max-age=31536000; includeSubDomains
      vary:
      - Accept-Encoding
      x-content-type-options:
      - nosniff
    status:
      code: 200
      message: OK
- request:
    body: null
    headers:
      Accept:
      - '*/*'
      Accept-Encoding:
      - gzip, deflate
      CommandName:
      - vm create
      Connection:
      - keep-alive
      ParameterSetName:
      - -g -n --image --admin-username --generate-ssh-keys --nsg-rule
      User-Agent:
      - AZURECLI/2.44.1 azsdk-python-azure-mgmt-resource/21.1.0b1 Python/3.10.9 (Windows-10-10.0.22621-SP0)
    method: GET
    uri: https://management.azure.com/subscriptions/00000000-0000-0000-0000-000000000000/resourcegroups/cli_test_community_gallery_operations_000001/providers/Microsoft.Resources/deployments/mock-deployment?api-version=2021-04-01
  response:
    body:
      string: '{"id":"/subscriptions/00000000-0000-0000-0000-000000000000/resourceGroups/cli_test_community_gallery_operations_000001/providers/Microsoft.Resources/deployments/vm_deploy_sg6njjCh0AUu70i5VIsf4JpHpc9ak14z","name":"vm_deploy_sg6njjCh0AUu70i5VIsf4JpHpc9ak14z","type":"Microsoft.Resources/deployments","properties":{"templateHash":"16591490434405474312","parameters":{},"mode":"Incremental","provisioningState":"Succeeded","timestamp":"2023-01-28T02:57:27.4230251Z","duration":"PT49.6380495S","correlationId":"b2a0c788-b923-4ee5-a060-79513940aaa2","providers":[{"namespace":"Microsoft.Network","resourceTypes":[{"resourceType":"virtualNetworks","locations":["centraluseuap"]},{"resourceType":"networkSecurityGroups","locations":["centraluseuap"]},{"resourceType":"publicIPAddresses","locations":["centraluseuap"]},{"resourceType":"networkInterfaces","locations":["centraluseuap"]}]},{"namespace":"Microsoft.Compute","resourceTypes":[{"resourceType":"virtualMachines","locations":["centraluseuap"]}]}],"dependencies":[{"dependsOn":[{"id":"/subscriptions/00000000-0000-0000-0000-000000000000/resourceGroups/cli_test_community_gallery_operations_000001/providers/Microsoft.Network/virtualNetworks/vm000002VNET","resourceType":"Microsoft.Network/virtualNetworks","resourceName":"vm000002VNET"},{"id":"/subscriptions/00000000-0000-0000-0000-000000000000/resourceGroups/cli_test_community_gallery_operations_000001/providers/Microsoft.Network/networkSecurityGroups/vm000002NSG","resourceType":"Microsoft.Network/networkSecurityGroups","resourceName":"vm000002NSG"},{"id":"/subscriptions/00000000-0000-0000-0000-000000000000/resourceGroups/cli_test_community_gallery_operations_000001/providers/Microsoft.Network/publicIPAddresses/vm000002PublicIP","resourceType":"Microsoft.Network/publicIPAddresses","resourceName":"vm000002PublicIP"}],"id":"/subscriptions/00000000-0000-0000-0000-000000000000/resourceGroups/cli_test_community_gallery_operations_000001/providers/Microsoft.Network/networkInterfaces/vm000002VMNic","resourceType":"Microsoft.Network/networkInterfaces","resourceName":"vm000002VMNic"},{"dependsOn":[{"id":"/subscriptions/00000000-0000-0000-0000-000000000000/resourceGroups/cli_test_community_gallery_operations_000001/providers/Microsoft.Network/networkInterfaces/vm000002VMNic","resourceType":"Microsoft.Network/networkInterfaces","resourceName":"vm000002VMNic"}],"id":"/subscriptions/00000000-0000-0000-0000-000000000000/resourceGroups/cli_test_community_gallery_operations_000001/providers/Microsoft.Compute/virtualMachines/vm000002","resourceType":"Microsoft.Compute/virtualMachines","resourceName":"vm000002"}],"outputs":{},"outputResources":[{"id":"/subscriptions/00000000-0000-0000-0000-000000000000/resourceGroups/cli_test_community_gallery_operations_000001/providers/Microsoft.Compute/virtualMachines/vm000002"},{"id":"/subscriptions/00000000-0000-0000-0000-000000000000/resourceGroups/cli_test_community_gallery_operations_000001/providers/Microsoft.Network/networkInterfaces/vm000002VMNic"},{"id":"/subscriptions/00000000-0000-0000-0000-000000000000/resourceGroups/cli_test_community_gallery_operations_000001/providers/Microsoft.Network/networkSecurityGroups/vm000002NSG"},{"id":"/subscriptions/00000000-0000-0000-0000-000000000000/resourceGroups/cli_test_community_gallery_operations_000001/providers/Microsoft.Network/publicIPAddresses/vm000002PublicIP"},{"id":"/subscriptions/00000000-0000-0000-0000-000000000000/resourceGroups/cli_test_community_gallery_operations_000001/providers/Microsoft.Network/virtualNetworks/vm000002VNET"}]}}'
    headers:
      cache-control:
      - no-cache
      content-length:
      - '3556'
      content-type:
      - application/json; charset=utf-8
      date:
      - Sat, 28 Jan 2023 02:57:40 GMT
      expires:
      - '-1'
      pragma:
      - no-cache
      strict-transport-security:
      - max-age=31536000; includeSubDomains
      vary:
      - Accept-Encoding
      x-content-type-options:
      - nosniff
    status:
      code: 200
      message: OK
- request:
    body: null
    headers:
      Accept:
      - application/json
      Accept-Encoding:
      - gzip, deflate
      CommandName:
      - vm create
      Connection:
      - keep-alive
      ParameterSetName:
      - -g -n --image --admin-username --generate-ssh-keys --nsg-rule
      User-Agent:
      - AZURECLI/2.44.1 azsdk-python-azure-mgmt-compute/29.1.0 Python/3.10.9 (Windows-10-10.0.22621-SP0)
    method: GET
    uri: https://management.azure.com/subscriptions/00000000-0000-0000-0000-000000000000/resourceGroups/cli_test_community_gallery_operations_000001/providers/Microsoft.Compute/virtualMachines/vm000002?$expand=instanceView&api-version=2022-11-01
  response:
    body:
      string: "{\r\n  \"name\": \"vm000002\",\r\n  \"id\": \"/subscriptions/00000000-0000-0000-0000-000000000000/resourceGroups/cli_test_community_gallery_operations_000001/providers/Microsoft.Compute/virtualMachines/vm000002\"\
        ,\r\n  \"type\": \"Microsoft.Compute/virtualMachines\",\r\n  \"location\"\
        : \"centraluseuap\",\r\n  \"tags\": {},\r\n  \"properties\": {\r\n    \"vmId\"\
        : \"5f200e26-6604-43a7-b5ea-e81aea905c6a\",\r\n    \"hardwareProfile\": {\r\
        \n      \"vmSize\": \"Standard_DS1_v2\"\r\n    },\r\n    \"storageProfile\"\
        : {\r\n      \"imageReference\": {\r\n        \"publisher\": \"Canonical\"\
        ,\r\n        \"offer\": \"UbuntuServer\",\r\n        \"sku\": \"18.04-LTS\"\
        ,\r\n        \"version\": \"latest\",\r\n        \"exactVersion\": \"18.04.202301100\"\
        \r\n      },\r\n      \"osDisk\": {\r\n        \"osType\": \"Linux\",\r\n\
        \        \"name\": \"vm000002_disk1_6e4695f608c042e58c2d4d02cd819192\",\r\n\
        \        \"createOption\": \"FromImage\",\r\n        \"caching\": \"ReadWrite\"\
        ,\r\n        \"managedDisk\": {\r\n          \"storageAccountType\": \"Premium_LRS\"\
        ,\r\n          \"id\": \"/subscriptions/00000000-0000-0000-0000-000000000000/resourceGroups/cli_test_community_gallery_operations_000001/providers/Microsoft.Compute/disks/vm000002_disk1_6e4695f608c042e58c2d4d02cd819192\"\
        \r\n        },\r\n        \"deleteOption\": \"Detach\",\r\n        \"diskSizeGB\"\
        : 30\r\n      },\r\n      \"dataDisks\": []\r\n    },\r\n    \"osProfile\"\
        : {\r\n      \"computerName\": \"vm000002\",\r\n      \"adminUsername\": \"\
        gallerytest\",\r\n      \"linuxConfiguration\": {\r\n        \"disablePasswordAuthentication\"\
        : true,\r\n        \"ssh\": {\r\n          \"publicKeys\": [\r\n         \
        \   {\r\n              \"path\": \"/home/gallerytest/.ssh/authorized_keys\"\
        ,\r\n              \"keyData\": \"ssh-rsa AAAAB3NzaC1yc2EAAAADAQABAAABAQDtrwjFOJ5BrjyXXI+zTohbjR8C/UT40MJ6M+D7PhvbUDyPYRjOz4B6DnO4xJ5huKhI2jUMIAKiRHcipHqk5ddySS/Z1e91zmHEuEUPeZlOCJJoLxjtAflx6c7aRhPMzOhsEa/7p527/RuMw/vtQZKQP7ltY37oRiAH6OrQJELbYWMGiX37QsGK1oZU0bRohBeiB+C7Ofc7rYjkdxT4AYXNHLOo5Xr7ByL0u7TMwz2fcE7gY5k5Xbw3gmn3oHnCzdJ6Y3m3BAK9uR7tbw97yxwus/aIAi7wm29ljudtQjmSggd21eG0EZfF1greqgaNdq5JGskcRGWbo/VvX9kThjsF\"\
        \r\n            }\r\n          ]\r\n        },\r\n        \"provisionVMAgent\"\
        : true,\r\n        \"patchSettings\": {\r\n          \"patchMode\": \"ImageDefault\"\
        ,\r\n          \"assessmentMode\": \"ImageDefault\"\r\n        },\r\n    \
        \    \"enableVMAgentPlatformUpdates\": false\r\n      },\r\n      \"secrets\"\
        : [],\r\n      \"allowExtensionOperations\": true,\r\n      \"requireGuestProvisionSignal\"\
        : true\r\n    },\r\n    \"networkProfile\": {\"networkInterfaces\":[{\"id\"\
        :\"/subscriptions/00000000-0000-0000-0000-000000000000/resourceGroups/cli_test_community_gallery_operations_000001/providers/Microsoft.Network/networkInterfaces/vm000002VMNic\"\
        }]},\r\n    \"provisioningState\": \"Succeeded\",\r\n    \"instanceView\"\
        : {\r\n      \"computerName\": \"vm000002\",\r\n      \"osName\": \"ubuntu\"\
        ,\r\n      \"osVersion\": \"18.04\",\r\n      \"vmAgent\": {\r\n        \"\
        vmAgentVersion\": \"2.9.0.4\",\r\n        \"statuses\": [\r\n          {\r\
        \n            \"code\": \"ProvisioningState/succeeded\",\r\n            \"\
        level\": \"Info\",\r\n            \"displayStatus\": \"Ready\",\r\n      \
        \      \"message\": \"Guest Agent is running\",\r\n            \"time\": \"\
        2023-01-28T02:57:31+00:00\"\r\n          }\r\n        ],\r\n        \"extensionHandlers\"\
        : []\r\n      },\r\n      \"disks\": [\r\n        {\r\n          \"name\"\
        : \"vm000002_disk1_6e4695f608c042e58c2d4d02cd819192\",\r\n          \"statuses\"\
        : [\r\n            {\r\n              \"code\": \"ProvisioningState/succeeded\"\
        ,\r\n              \"level\": \"Info\",\r\n              \"displayStatus\"\
        : \"Provisioning succeeded\",\r\n              \"time\": \"2023-01-28T02:57:08.2256108+00:00\"\
        \r\n            }\r\n          ]\r\n        }\r\n      ],\r\n      \"hyperVGeneration\"\
        : \"V1\",\r\n      \"statuses\": [\r\n        {\r\n          \"code\": \"\
        ProvisioningState/succeeded\",\r\n          \"level\": \"Info\",\r\n     \
        \     \"displayStatus\": \"Provisioning succeeded\",\r\n          \"time\"\
        : \"2023-01-28T02:57:21.7257296+00:00\"\r\n        },\r\n        {\r\n   \
        \       \"code\": \"PowerState/running\",\r\n          \"level\": \"Info\"\
        ,\r\n          \"displayStatus\": \"VM running\"\r\n        }\r\n      ]\r\
        \n    },\r\n    \"timeCreated\": \"2023-01-28T02:57:06.5537395+00:00\"\r\n\
        \  }\r\n}"
    headers:
      cache-control:
      - no-cache
      content-length:
      - '3966'
      content-type:
      - application/json; charset=utf-8
      date:
      - Sat, 28 Jan 2023 02:57:42 GMT
      expires:
      - '-1'
      pragma:
      - no-cache
      server:
      - Microsoft-HTTPAPI/2.0
      - Microsoft-HTTPAPI/2.0
      strict-transport-security:
      - max-age=31536000; includeSubDomains
      transfer-encoding:
      - chunked
      vary:
      - Accept-Encoding
      x-content-type-options:
      - nosniff
      x-ms-ratelimit-remaining-resource:
      - Microsoft.Compute/LowCostGet3Min;3997,Microsoft.Compute/LowCostGet30Min;31997
    status:
      code: 200
      message: OK
- request:
    body: null
    headers:
      Accept:
      - application/json
      Accept-Encoding:
      - gzip, deflate
      CommandName:
      - vm create
      Connection:
      - keep-alive
      ParameterSetName:
      - -g -n --image --admin-username --generate-ssh-keys --nsg-rule
      User-Agent:
      - AZURECLI/2.44.1 azsdk-python-azure-mgmt-network/21.0.1 Python/3.10.9 (Windows-10-10.0.22621-SP0)
    method: GET
    uri: https://management.azure.com/subscriptions/00000000-0000-0000-0000-000000000000/resourceGroups/cli_test_community_gallery_operations_000001/providers/Microsoft.Network/networkInterfaces/vm000002VMNic?api-version=2022-01-01
  response:
    body:
      string: "{\r\n  \"name\": \"vm000002VMNic\",\r\n  \"id\": \"/subscriptions/00000000-0000-0000-0000-000000000000/resourceGroups/cli_test_community_gallery_operations_000001/providers/Microsoft.Network/networkInterfaces/vm000002VMNic\"\
        ,\r\n  \"etag\": \"W/\\\"eedfa0b0-0152-4c8d-a99f-8efaae935e91\\\"\",\r\n \
        \ \"tags\": {},\r\n  \"properties\": {\r\n    \"provisioningState\": \"Succeeded\"\
        ,\r\n    \"resourceGuid\": \"72abebbe-fdd2-41a6-a5a4-24dd87a60571\",\r\n \
        \   \"ipConfigurations\": [\r\n      {\r\n        \"name\": \"ipconfigvm000002\"\
        ,\r\n        \"id\": \"/subscriptions/00000000-0000-0000-0000-000000000000/resourceGroups/cli_test_community_gallery_operations_000001/providers/Microsoft.Network/networkInterfaces/vm000002VMNic/ipConfigurations/ipconfigvm000002\"\
        ,\r\n        \"etag\": \"W/\\\"eedfa0b0-0152-4c8d-a99f-8efaae935e91\\\"\"\
        ,\r\n        \"type\": \"Microsoft.Network/networkInterfaces/ipConfigurations\"\
        ,\r\n        \"properties\": {\r\n          \"provisioningState\": \"Succeeded\"\
        ,\r\n          \"privateIPAddress\": \"10.0.0.4\",\r\n          \"privateIPAllocationMethod\"\
        : \"Dynamic\",\r\n          \"publicIPAddress\": {\r\n            \"id\":\
        \ \"/subscriptions/00000000-0000-0000-0000-000000000000/resourceGroups/cli_test_community_gallery_operations_000001/providers/Microsoft.Network/publicIPAddresses/vm000002PublicIP\"\
        \r\n          },\r\n          \"subnet\": {\r\n            \"id\": \"/subscriptions/00000000-0000-0000-0000-000000000000/resourceGroups/cli_test_community_gallery_operations_000001/providers/Microsoft.Network/virtualNetworks/vm000002VNET/subnets/vm000002Subnet\"\
        \r\n          },\r\n          \"primary\": true,\r\n          \"privateIPAddressVersion\"\
        : \"IPv4\"\r\n        }\r\n      }\r\n    ],\r\n    \"dnsSettings\": {\r\n\
        \      \"dnsServers\": [],\r\n      \"appliedDnsServers\": [],\r\n      \"\
        internalDomainNameSuffix\": \"4kv3svrf4avedimbodqlfenqwf.cdmx.internal.cloudapp.net\"\
        \r\n    },\r\n    \"macAddress\": \"60-45-BD-76-5C-DE\",\r\n    \"vnetEncryptionSupported\"\
        : false,\r\n    \"enableIPForwarding\": false,\r\n    \"networkSecurityGroup\"\
        : {\r\n      \"id\": \"/subscriptions/00000000-0000-0000-0000-000000000000/resourceGroups/cli_test_community_gallery_operations_000001/providers/Microsoft.Network/networkSecurityGroups/vm000002NSG\"\
        \r\n    },\r\n    \"primary\": true,\r\n    \"virtualMachine\": {\r\n    \
        \  \"id\": \"/subscriptions/00000000-0000-0000-0000-000000000000/resourceGroups/cli_test_community_gallery_operations_000001/providers/Microsoft.Compute/virtualMachines/vm000002\"\
        \r\n    },\r\n    \"hostedWorkloads\": [],\r\n    \"tapConfigurations\": [],\r\
        \n    \"nicType\": \"Standard\",\r\n    \"allowPort25Out\": true\r\n  },\r\
        \n  \"type\": \"Microsoft.Network/networkInterfaces\",\r\n  \"location\":\
        \ \"centraluseuap\",\r\n  \"kind\": \"Regular\"\r\n}"
    headers:
      cache-control:
      - no-cache
      content-length:
      - '2574'
      content-type:
      - application/json; charset=utf-8
      date:
      - Sat, 28 Jan 2023 02:57:43 GMT
      etag:
      - W/"eedfa0b0-0152-4c8d-a99f-8efaae935e91"
      expires:
      - '-1'
      pragma:
      - no-cache
      server:
      - Microsoft-HTTPAPI/2.0
      - Microsoft-HTTPAPI/2.0
      strict-transport-security:
      - max-age=31536000; includeSubDomains
      transfer-encoding:
      - chunked
      vary:
      - Accept-Encoding
      x-content-type-options:
      - nosniff
      x-ms-arm-service-request-id:
      - 823b39ce-3844-409c-a161-0d36f1ad3ed4
    status:
      code: 200
      message: ''
- request:
    body: null
    headers:
      Accept:
      - application/json
      Accept-Encoding:
      - gzip, deflate
      CommandName:
      - vm create
      Connection:
      - keep-alive
      ParameterSetName:
      - -g -n --image --admin-username --generate-ssh-keys --nsg-rule
      User-Agent:
      - AZURECLI/2.44.1 azsdk-python-azure-mgmt-network/21.0.1 Python/3.10.9 (Windows-10-10.0.22621-SP0)
    method: GET
    uri: https://management.azure.com/subscriptions/00000000-0000-0000-0000-000000000000/resourceGroups/cli_test_community_gallery_operations_000001/providers/Microsoft.Network/publicIPAddresses/vm000002PublicIP?api-version=2022-01-01
  response:
    body:
      string: "{\r\n  \"name\": \"vm000002PublicIP\",\r\n  \"id\": \"/subscriptions/00000000-0000-0000-0000-000000000000/resourceGroups/cli_test_community_gallery_operations_000001/providers/Microsoft.Network/publicIPAddresses/vm000002PublicIP\"\
        ,\r\n  \"etag\": \"W/\\\"4e90dc47-dca2-49ef-ae30-16c3efbcb2e2\\\"\",\r\n \
        \ \"location\": \"centraluseuap\",\r\n  \"tags\": {},\r\n  \"properties\"\
        : {\r\n    \"provisioningState\": \"Succeeded\",\r\n    \"resourceGuid\":\
        \ \"10d4696d-a5cd-4089-9f61-13307aa900bc\",\r\n    \"ipAddress\": \"20.228.20.119\"\
        ,\r\n    \"publicIPAddressVersion\": \"IPv4\",\r\n    \"publicIPAllocationMethod\"\
        : \"Dynamic\",\r\n    \"idleTimeoutInMinutes\": 4,\r\n    \"ipTags\": [],\r\
        \n    \"ipConfiguration\": {\r\n      \"id\": \"/subscriptions/00000000-0000-0000-0000-000000000000/resourceGroups/cli_test_community_gallery_operations_000001/providers/Microsoft.Network/networkInterfaces/vm000002VMNic/ipConfigurations/ipconfigvm000002\"\
        \r\n    }\r\n  },\r\n  \"type\": \"Microsoft.Network/publicIPAddresses\",\r\
        \n  \"sku\": {\r\n    \"name\": \"Basic\",\r\n    \"tier\": \"Regional\"\r\
        \n  }\r\n}"
    headers:
      cache-control:
      - no-cache
      content-length:
      - '987'
      content-type:
      - application/json; charset=utf-8
      date:
      - Sat, 28 Jan 2023 02:57:44 GMT
      etag:
      - W/"4e90dc47-dca2-49ef-ae30-16c3efbcb2e2"
      expires:
      - '-1'
      pragma:
      - no-cache
      server:
      - Microsoft-HTTPAPI/2.0
      - Microsoft-HTTPAPI/2.0
      strict-transport-security:
      - max-age=31536000; includeSubDomains
      transfer-encoding:
      - chunked
      vary:
      - Accept-Encoding
      x-content-type-options:
      - nosniff
      x-ms-arm-service-request-id:
      - 3bb66d74-0902-439f-9d0a-a5792df9f609
    status:
      code: 200
      message: ''
- request:
    body: null
    headers:
      Accept:
      - application/json
      Accept-Encoding:
      - gzip, deflate
      CommandName:
      - vm deallocate
      Connection:
      - keep-alive
      Content-Length:
      - '0'
      ParameterSetName:
      - -g -n
      User-Agent:
      - AZURECLI/2.44.1 azsdk-python-azure-mgmt-compute/29.1.0 Python/3.10.9 (Windows-10-10.0.22621-SP0)
    method: POST
    uri: https://management.azure.com/subscriptions/00000000-0000-0000-0000-000000000000/resourceGroups/cli_test_community_gallery_operations_000001/providers/Microsoft.Compute/virtualMachines/vm000002/deallocate?api-version=2022-11-01
  response:
    body:
      string: ''
    headers:
      azure-asyncnotification:
      - Enabled
      azure-asyncoperation:
      - https://management.azure.com/subscriptions/00000000-0000-0000-0000-000000000000/providers/Microsoft.Compute/locations/CentralUSEUAP/operations/41358246-a3bb-4487-b144-43bad44c1fe9?p=2745cc42-2cf3-41b7-830c-129b79fbec46&api-version=2022-11-01
      cache-control:
      - no-cache
      content-length:
      - '0'
      date:
      - Sat, 28 Jan 2023 02:57:45 GMT
      expires:
      - '-1'
      location:
      - https://management.azure.com/subscriptions/00000000-0000-0000-0000-000000000000/providers/Microsoft.Compute/locations/CentralUSEUAP/operations/41358246-a3bb-4487-b144-43bad44c1fe9?p=2745cc42-2cf3-41b7-830c-129b79fbec46&monitor=true&api-version=2022-11-01
      pragma:
      - no-cache
      server:
      - Microsoft-HTTPAPI/2.0
      - Microsoft-HTTPAPI/2.0
      strict-transport-security:
      - max-age=31536000; includeSubDomains
      x-content-type-options:
      - nosniff
      x-ms-ratelimit-remaining-resource:
      - Microsoft.Compute/DeleteVM3Min;239,Microsoft.Compute/DeleteVM30Min;1199
      x-ms-ratelimit-remaining-subscription-writes:
      - '1198'
    status:
      code: 202
      message: Accepted
- request:
    body: null
    headers:
      Accept:
      - '*/*'
      Accept-Encoding:
      - gzip, deflate
      CommandName:
      - vm deallocate
      Connection:
      - keep-alive
      ParameterSetName:
      - -g -n
      User-Agent:
      - AZURECLI/2.44.1 azsdk-python-azure-mgmt-compute/29.1.0 Python/3.10.9 (Windows-10-10.0.22621-SP0)
    method: GET
    uri: https://management.azure.com/subscriptions/00000000-0000-0000-0000-000000000000/providers/Microsoft.Compute/locations/CentralUSEUAP/operations/41358246-a3bb-4487-b144-43bad44c1fe9?p=2745cc42-2cf3-41b7-830c-129b79fbec46&api-version=2022-11-01
  response:
    body:
      string: "{\r\n  \"startTime\": \"2023-01-28T02:57:45.7884045+00:00\",\r\n  \"\
        status\": \"InProgress\",\r\n  \"name\": \"41358246-a3bb-4487-b144-43bad44c1fe9\"\
        \r\n}"
    headers:
      cache-control:
      - no-cache
      content-length:
      - '134'
      content-type:
      - application/json; charset=utf-8
      date:
      - Sat, 28 Jan 2023 02:57:55 GMT
      expires:
      - '-1'
      pragma:
      - no-cache
      server:
      - Microsoft-HTTPAPI/2.0
      - Microsoft-HTTPAPI/2.0
      strict-transport-security:
      - max-age=31536000; includeSubDomains
      transfer-encoding:
      - chunked
      vary:
      - Accept-Encoding
      x-content-type-options:
      - nosniff
      x-ms-ratelimit-remaining-resource:
      - Microsoft.Compute/GetOperation3Min;14998,Microsoft.Compute/GetOperation30Min;29998
    status:
      code: 200
      message: OK
- request:
    body: null
    headers:
      Accept:
      - '*/*'
      Accept-Encoding:
      - gzip, deflate
      CommandName:
      - vm deallocate
      Connection:
      - keep-alive
      ParameterSetName:
      - -g -n
      User-Agent:
      - AZURECLI/2.44.1 azsdk-python-azure-mgmt-compute/29.1.0 Python/3.10.9 (Windows-10-10.0.22621-SP0)
    method: GET
    uri: https://management.azure.com/subscriptions/00000000-0000-0000-0000-000000000000/providers/Microsoft.Compute/locations/CentralUSEUAP/operations/41358246-a3bb-4487-b144-43bad44c1fe9?p=2745cc42-2cf3-41b7-830c-129b79fbec46&api-version=2022-11-01
  response:
    body:
      string: "{\r\n  \"startTime\": \"2023-01-28T02:57:45.7884045+00:00\",\r\n  \"\
        endTime\": \"2023-01-28T02:58:22.5542198+00:00\",\r\n  \"status\": \"Succeeded\"\
        ,\r\n  \"name\": \"41358246-a3bb-4487-b144-43bad44c1fe9\"\r\n}"
    headers:
      cache-control:
      - no-cache
      content-length:
      - '184'
      content-type:
      - application/json; charset=utf-8
      date:
      - Sat, 28 Jan 2023 02:58:32 GMT
      expires:
      - '-1'
      pragma:
      - no-cache
      server:
      - Microsoft-HTTPAPI/2.0
      - Microsoft-HTTPAPI/2.0
      strict-transport-security:
      - max-age=31536000; includeSubDomains
      transfer-encoding:
      - chunked
      vary:
      - Accept-Encoding
      x-content-type-options:
      - nosniff
      x-ms-ratelimit-remaining-resource:
      - Microsoft.Compute/GetOperation3Min;14995,Microsoft.Compute/GetOperation30Min;29995
    status:
      code: 200
      message: OK
- request:
    body: null
    headers:
      Accept:
      - '*/*'
      Accept-Encoding:
      - gzip, deflate
      CommandName:
      - vm deallocate
      Connection:
      - keep-alive
      ParameterSetName:
      - -g -n
      User-Agent:
      - AZURECLI/2.44.1 azsdk-python-azure-mgmt-compute/29.1.0 Python/3.10.9 (Windows-10-10.0.22621-SP0)
    method: GET
    uri: https://management.azure.com/subscriptions/00000000-0000-0000-0000-000000000000/providers/Microsoft.Compute/locations/CentralUSEUAP/operations/41358246-a3bb-4487-b144-43bad44c1fe9?p=2745cc42-2cf3-41b7-830c-129b79fbec46&monitor=true&api-version=2022-11-01
  response:
    body:
      string: ''
    headers:
      cache-control:
      - no-cache
      content-length:
      - '0'
      date:
      - Sat, 28 Jan 2023 02:58:32 GMT
      expires:
      - '-1'
      pragma:
      - no-cache
      server:
      - Microsoft-HTTPAPI/2.0
      - Microsoft-HTTPAPI/2.0
      strict-transport-security:
      - max-age=31536000; includeSubDomains
      x-content-type-options:
      - nosniff
      x-ms-ratelimit-remaining-resource:
      - Microsoft.Compute/GetOperation3Min;14994,Microsoft.Compute/GetOperation30Min;29994
    status:
      code: 200
      message: OK
- request:
    body: null
    headers:
      Accept:
      - application/json
      Accept-Encoding:
      - gzip, deflate
      CommandName:
      - vm generalize
      Connection:
      - keep-alive
      Content-Length:
      - '0'
      ParameterSetName:
      - -g -n
      User-Agent:
      - AZURECLI/2.44.1 azsdk-python-azure-mgmt-compute/29.1.0 Python/3.10.9 (Windows-10-10.0.22621-SP0)
    method: POST
    uri: https://management.azure.com/subscriptions/00000000-0000-0000-0000-000000000000/resourceGroups/cli_test_community_gallery_operations_000001/providers/Microsoft.Compute/virtualMachines/vm000002/generalize?api-version=2022-11-01
  response:
    body:
      string: ''
    headers:
      cache-control:
      - no-cache
      content-length:
      - '0'
      date:
      - Sat, 28 Jan 2023 02:58:34 GMT
      expires:
      - '-1'
      pragma:
      - no-cache
      server:
      - Microsoft-HTTPAPI/2.0
      - Microsoft-HTTPAPI/2.0
      strict-transport-security:
      - max-age=31536000; includeSubDomains
      x-content-type-options:
      - nosniff
      x-ms-ratelimit-remaining-resource:
      - Microsoft.Compute/UpdateVM3Min;239,Microsoft.Compute/UpdateVM30Min;1199
      x-ms-ratelimit-remaining-subscription-writes:
      - '1199'
    status:
      code: 200
      message: OK
- request:
    body: null
    headers:
      Accept:
      - application/json
      Accept-Encoding:
      - gzip, deflate
      CommandName:
      - image create
      Connection:
      - keep-alive
      ParameterSetName:
      - -g -n --source
      User-Agent:
      - AZURECLI/2.44.1 azsdk-python-azure-mgmt-compute/29.1.0 Python/3.10.9 (Windows-10-10.0.22621-SP0)
    method: GET
    uri: https://management.azure.com/subscriptions/00000000-0000-0000-0000-000000000000/resourceGroups/cli_test_community_gallery_operations_000001/providers/Microsoft.Compute/virtualMachines/vm000002?api-version=2022-11-01
  response:
    body:
      string: "{\r\n  \"name\": \"vm000002\",\r\n  \"id\": \"/subscriptions/00000000-0000-0000-0000-000000000000/resourceGroups/cli_test_community_gallery_operations_000001/providers/Microsoft.Compute/virtualMachines/vm000002\"\
        ,\r\n  \"type\": \"Microsoft.Compute/virtualMachines\",\r\n  \"location\"\
        : \"centraluseuap\",\r\n  \"tags\": {},\r\n  \"properties\": {\r\n    \"vmId\"\
        : \"5f200e26-6604-43a7-b5ea-e81aea905c6a\",\r\n    \"hardwareProfile\": {\r\
        \n      \"vmSize\": \"Standard_DS1_v2\"\r\n    },\r\n    \"storageProfile\"\
        : {\r\n      \"imageReference\": {\r\n        \"publisher\": \"Canonical\"\
        ,\r\n        \"offer\": \"UbuntuServer\",\r\n        \"sku\": \"18.04-LTS\"\
        ,\r\n        \"version\": \"latest\",\r\n        \"exactVersion\": \"18.04.202301100\"\
        \r\n      },\r\n      \"osDisk\": {\r\n        \"osType\": \"Linux\",\r\n\
        \        \"name\": \"vm000002_disk1_6e4695f608c042e58c2d4d02cd819192\",\r\n\
        \        \"createOption\": \"FromImage\",\r\n        \"caching\": \"ReadWrite\"\
        ,\r\n        \"managedDisk\": {\r\n          \"id\": \"/subscriptions/00000000-0000-0000-0000-000000000000/resourceGroups/cli_test_community_gallery_operations_000001/providers/Microsoft.Compute/disks/vm000002_disk1_6e4695f608c042e58c2d4d02cd819192\"\
        \r\n        },\r\n        \"deleteOption\": \"Detach\"\r\n      },\r\n   \
        \   \"dataDisks\": []\r\n    },\r\n    \"osProfile\": {\r\n      \"computerName\"\
        : \"vm000002\",\r\n      \"adminUsername\": \"gallerytest\",\r\n      \"linuxConfiguration\"\
        : {\r\n        \"disablePasswordAuthentication\": true,\r\n        \"ssh\"\
        : {\r\n          \"publicKeys\": [\r\n            {\r\n              \"path\"\
        : \"/home/gallerytest/.ssh/authorized_keys\",\r\n              \"keyData\"\
        : \"ssh-rsa AAAAB3NzaC1yc2EAAAADAQABAAABAQDtrwjFOJ5BrjyXXI+zTohbjR8C/UT40MJ6M+D7PhvbUDyPYRjOz4B6DnO4xJ5huKhI2jUMIAKiRHcipHqk5ddySS/Z1e91zmHEuEUPeZlOCJJoLxjtAflx6c7aRhPMzOhsEa/7p527/RuMw/vtQZKQP7ltY37oRiAH6OrQJELbYWMGiX37QsGK1oZU0bRohBeiB+C7Ofc7rYjkdxT4AYXNHLOo5Xr7ByL0u7TMwz2fcE7gY5k5Xbw3gmn3oHnCzdJ6Y3m3BAK9uR7tbw97yxwus/aIAi7wm29ljudtQjmSggd21eG0EZfF1greqgaNdq5JGskcRGWbo/VvX9kThjsF\"\
        \r\n            }\r\n          ]\r\n        },\r\n        \"provisionVMAgent\"\
        : true,\r\n        \"patchSettings\": {\r\n          \"patchMode\": \"ImageDefault\"\
        ,\r\n          \"assessmentMode\": \"ImageDefault\"\r\n        },\r\n    \
        \    \"enableVMAgentPlatformUpdates\": false\r\n      },\r\n      \"secrets\"\
        : [],\r\n      \"allowExtensionOperations\": true,\r\n      \"requireGuestProvisionSignal\"\
        : true\r\n    },\r\n    \"networkProfile\": {\"networkInterfaces\":[{\"id\"\
        :\"/subscriptions/00000000-0000-0000-0000-000000000000/resourceGroups/cli_test_community_gallery_operations_000001/providers/Microsoft.Network/networkInterfaces/vm000002VMNic\"\
        }]},\r\n    \"provisioningState\": \"Succeeded\",\r\n    \"timeCreated\":\
        \ \"2023-01-28T02:57:06.5537395+00:00\"\r\n  }\r\n}"
    headers:
      cache-control:
      - no-cache
      content-length:
      - '2591'
      content-type:
      - application/json; charset=utf-8
      date:
      - Sat, 28 Jan 2023 02:58:37 GMT
      expires:
      - '-1'
      pragma:
      - no-cache
      server:
      - Microsoft-HTTPAPI/2.0
      - Microsoft-HTTPAPI/2.0
      strict-transport-security:
      - max-age=31536000; includeSubDomains
      transfer-encoding:
      - chunked
      vary:
      - Accept-Encoding
      x-content-type-options:
      - nosniff
      x-ms-ratelimit-remaining-resource:
      - Microsoft.Compute/LowCostGet3Min;3995,Microsoft.Compute/LowCostGet30Min;31996
    status:
      code: 200
      message: OK
- request:
    body: null
    headers:
      Accept:
      - application/json
      Accept-Encoding:
      - gzip, deflate
      CommandName:
      - image create
      Connection:
      - keep-alive
      ParameterSetName:
      - -g -n --source
      User-Agent:
      - AZURECLI/2.44.1 azsdk-python-azure-mgmt-resource/21.1.0b1 Python/3.10.9 (Windows-10-10.0.22621-SP0)
    method: GET
    uri: https://management.azure.com/subscriptions/00000000-0000-0000-0000-000000000000/resourcegroups/cli_test_community_gallery_operations_000001?api-version=2021-04-01
  response:
    body:
      string: '{"id":"/subscriptions/00000000-0000-0000-0000-000000000000/resourceGroups/cli_test_community_gallery_operations_000001","name":"cli_test_community_gallery_operations_000001","type":"Microsoft.Resources/resourceGroups","location":"centraluseuap","tags":{"product":"azurecli","cause":"automation","date":"2023-01-28T02:54:21Z"},"properties":{"provisioningState":"Succeeded"}}'
    headers:
      cache-control:
      - no-cache
      content-length:
      - '373'
      content-type:
      - application/json; charset=utf-8
      date:
      - Sat, 28 Jan 2023 02:58:38 GMT
      expires:
      - '-1'
      pragma:
      - no-cache
      strict-transport-security:
      - max-age=31536000; includeSubDomains
      vary:
      - Accept-Encoding
      x-content-type-options:
      - nosniff
    status:
      code: 200
      message: OK
- request:
    body: '{"location": "centraluseuap", "tags": {}, "properties": {"sourceVirtualMachine":
      {"id": "/subscriptions/00000000-0000-0000-0000-000000000000/resourceGroups/cli_test_community_gallery_operations_000001/providers/Microsoft.Compute/virtualMachines/vm000002"},
      "hyperVGeneration": "V1"}}'
    headers:
      Accept:
      - application/json
      Accept-Encoding:
      - gzip, deflate
      CommandName:
      - image create
      Connection:
      - keep-alive
      Content-Length:
      - '283'
      Content-Type:
      - application/json
      ParameterSetName:
      - -g -n --source
      User-Agent:
      - AZURECLI/2.44.1 azsdk-python-azure-mgmt-compute/29.1.0 Python/3.10.9 (Windows-10-10.0.22621-SP0)
    method: PUT
    uri: https://management.azure.com/subscriptions/00000000-0000-0000-0000-000000000000/resourceGroups/cli_test_community_gallery_operations_000001/providers/Microsoft.Compute/images/managedImage1?api-version=2022-11-01
  response:
    body:
      string: "{\r\n  \"name\": \"managedImage1\",\r\n  \"id\": \"/subscriptions/00000000-0000-0000-0000-000000000000/resourceGroups/cli_test_community_gallery_operations_000001/providers/Microsoft.Compute/images/managedImage1\"\
        ,\r\n  \"type\": \"Microsoft.Compute/images\",\r\n  \"location\": \"centraluseuap\"\
        ,\r\n  \"tags\": {},\r\n  \"properties\": {\r\n    \"sourceVirtualMachine\"\
        : {\r\n      \"id\": \"/subscriptions/00000000-0000-0000-0000-000000000000/resourceGroups/cli_test_community_gallery_operations_000001/providers/Microsoft.Compute/virtualMachines/vm000002\"\
        \r\n    },\r\n    \"storageProfile\": {\r\n      \"osDisk\": {\r\n       \
        \ \"osType\": \"Linux\",\r\n        \"osState\": \"Generalized\",\r\n    \
        \    \"managedDisk\": {\r\n          \"id\": \"/subscriptions/00000000-0000-0000-0000-000000000000/resourceGroups/cli_test_community_gallery_operations_000001/providers/Microsoft.Compute/disks/vm000002_disk1_6e4695f608c042e58c2d4d02cd819192\"\
        \r\n        },\r\n        \"caching\": \"ReadWrite\",\r\n        \"storageAccountType\"\
        : \"Premium_LRS\"\r\n      },\r\n      \"dataDisks\": []\r\n    },\r\n   \
        \ \"provisioningState\": \"Creating\",\r\n    \"hyperVGeneration\": \"V1\"\
        \r\n  }\r\n}"
    headers:
      azure-asyncnotification:
      - Enabled
      azure-asyncoperation:
      - https://management.azure.com/subscriptions/00000000-0000-0000-0000-000000000000/providers/Microsoft.Compute/locations/CentralUSEUAP/operations/bbfdab7b-2db4-479c-9ec4-58239d06051d?p=2745cc42-2cf3-41b7-830c-129b79fbec46&api-version=2022-11-01
      cache-control:
      - no-cache
      content-length:
      - '1079'
      content-type:
      - application/json; charset=utf-8
      date:
      - Sat, 28 Jan 2023 02:58:43 GMT
      expires:
      - '-1'
      pragma:
      - no-cache
      server:
      - Microsoft-HTTPAPI/2.0
      - Microsoft-HTTPAPI/2.0
      strict-transport-security:
      - max-age=31536000; includeSubDomains
      x-content-type-options:
      - nosniff
      x-ms-ratelimit-remaining-resource:
      - Microsoft.Compute/CreateImages3Min;39,Microsoft.Compute/CreateImages30Min;199
      x-ms-ratelimit-remaining-subscription-writes:
      - '1194'
    status:
      code: 201
      message: Created
- request:
    body: null
    headers:
      Accept:
      - '*/*'
      Accept-Encoding:
      - gzip, deflate
      CommandName:
      - image create
      Connection:
      - keep-alive
      ParameterSetName:
      - -g -n --source
      User-Agent:
      - AZURECLI/2.44.1 azsdk-python-azure-mgmt-compute/29.1.0 Python/3.10.9 (Windows-10-10.0.22621-SP0)
    method: GET
    uri: https://management.azure.com/subscriptions/00000000-0000-0000-0000-000000000000/providers/Microsoft.Compute/locations/CentralUSEUAP/operations/bbfdab7b-2db4-479c-9ec4-58239d06051d?p=2745cc42-2cf3-41b7-830c-129b79fbec46&api-version=2022-11-01
  response:
    body:
      string: "{\r\n  \"startTime\": \"2023-01-28T02:58:41.9450087+00:00\",\r\n  \"\
        endTime\": \"2023-01-28T02:58:47.0700106+00:00\",\r\n  \"status\": \"Succeeded\"\
        ,\r\n  \"name\": \"bbfdab7b-2db4-479c-9ec4-58239d06051d\"\r\n}"
    headers:
      cache-control:
      - no-cache
      content-length:
      - '184'
      content-type:
      - application/json; charset=utf-8
      date:
      - Sat, 28 Jan 2023 02:59:12 GMT
      expires:
      - '-1'
      pragma:
      - no-cache
      server:
      - Microsoft-HTTPAPI/2.0
      - Microsoft-HTTPAPI/2.0
      strict-transport-security:
      - max-age=31536000; includeSubDomains
      transfer-encoding:
      - chunked
      vary:
      - Accept-Encoding
      x-content-type-options:
      - nosniff
      x-ms-ratelimit-remaining-resource:
      - Microsoft.Compute/GetOperation3Min;14992,Microsoft.Compute/GetOperation30Min;29992
    status:
      code: 200
      message: OK
- request:
    body: null
    headers:
      Accept:
      - '*/*'
      Accept-Encoding:
      - gzip, deflate
      CommandName:
      - image create
      Connection:
      - keep-alive
      ParameterSetName:
      - -g -n --source
      User-Agent:
      - AZURECLI/2.44.1 azsdk-python-azure-mgmt-compute/29.1.0 Python/3.10.9 (Windows-10-10.0.22621-SP0)
    method: GET
    uri: https://management.azure.com/subscriptions/00000000-0000-0000-0000-000000000000/resourceGroups/cli_test_community_gallery_operations_000001/providers/Microsoft.Compute/images/managedImage1?api-version=2022-11-01
  response:
    body:
      string: "{\r\n  \"name\": \"managedImage1\",\r\n  \"id\": \"/subscriptions/00000000-0000-0000-0000-000000000000/resourceGroups/cli_test_community_gallery_operations_000001/providers/Microsoft.Compute/images/managedImage1\"\
        ,\r\n  \"type\": \"Microsoft.Compute/images\",\r\n  \"location\": \"centraluseuap\"\
        ,\r\n  \"tags\": {},\r\n  \"properties\": {\r\n    \"sourceVirtualMachine\"\
        : {\r\n      \"id\": \"/subscriptions/00000000-0000-0000-0000-000000000000/resourceGroups/cli_test_community_gallery_operations_000001/providers/Microsoft.Compute/virtualMachines/vm000002\"\
        \r\n    },\r\n    \"storageProfile\": {\r\n      \"osDisk\": {\r\n       \
        \ \"osType\": \"Linux\",\r\n        \"osState\": \"Generalized\",\r\n    \
        \    \"diskSizeGB\": 30,\r\n        \"managedDisk\": {\r\n          \"id\"\
        : \"/subscriptions/00000000-0000-0000-0000-000000000000/resourceGroups/cli_test_community_gallery_operations_000001/providers/Microsoft.Compute/disks/vm000002_disk1_6e4695f608c042e58c2d4d02cd819192\"\
        \r\n        },\r\n        \"caching\": \"ReadWrite\",\r\n        \"storageAccountType\"\
        : \"Premium_LRS\"\r\n      },\r\n      \"dataDisks\": []\r\n    },\r\n   \
        \ \"provisioningState\": \"Succeeded\",\r\n    \"hyperVGeneration\": \"V1\"\
        \r\n  }\r\n}"
    headers:
      cache-control:
      - no-cache
      content-length:
      - '1107'
      content-type:
      - application/json; charset=utf-8
      date:
      - Sat, 28 Jan 2023 02:59:13 GMT
      expires:
      - '-1'
      pragma:
      - no-cache
      server:
      - Microsoft-HTTPAPI/2.0
      - Microsoft-HTTPAPI/2.0
      strict-transport-security:
      - max-age=31536000; includeSubDomains
      transfer-encoding:
      - chunked
      vary:
      - Accept-Encoding
      x-content-type-options:
      - nosniff
      x-ms-ratelimit-remaining-resource:
      - Microsoft.Compute/GetImages3Min;358,Microsoft.Compute/GetImages30Min;1798
    status:
      code: 200
      message: OK
- request:
    body: null
    headers:
      Accept:
      - application/json
      Accept-Encoding:
      - gzip, deflate
      CommandName:
      - sig image-version create
      Connection:
      - keep-alive
      ParameterSetName:
      - -g --gallery-name --gallery-image-definition --gallery-image-version --managed-image
        --replica-count
      User-Agent:
      - AZURECLI/2.44.1 azsdk-python-azure-mgmt-resource/21.1.0b1 Python/3.10.9 (Windows-10-10.0.22621-SP0)
    method: GET
    uri: https://management.azure.com/subscriptions/00000000-0000-0000-0000-000000000000/resourcegroups/cli_test_community_gallery_operations_000001?api-version=2021-04-01
  response:
    body:
      string: '{"id":"/subscriptions/00000000-0000-0000-0000-000000000000/resourceGroups/cli_test_community_gallery_operations_000001","name":"cli_test_community_gallery_operations_000001","type":"Microsoft.Resources/resourceGroups","location":"centraluseuap","tags":{"product":"azurecli","cause":"automation","date":"2023-01-28T02:54:21Z"},"properties":{"provisioningState":"Succeeded"}}'
    headers:
      cache-control:
      - no-cache
      content-length:
      - '373'
      content-type:
      - application/json; charset=utf-8
      date:
      - Sat, 28 Jan 2023 02:59:14 GMT
      expires:
      - '-1'
      pragma:
      - no-cache
      strict-transport-security:
      - max-age=31536000; includeSubDomains
      vary:
      - Accept-Encoding
      x-content-type-options:
      - nosniff
    status:
      code: 200
      message: OK
- request:
    body: '{"location": "centraluseuap", "tags": {}, "properties": {"publishingProfile":
      {"targetRegions": [{"name": "centraluseuap"}], "replicaCount": 1}, "storageProfile":
      {"source": {"id": "/subscriptions/00000000-0000-0000-0000-000000000000/resourceGroups/cli_test_community_gallery_operations_000001/providers/Microsoft.Compute/images/managedImage1"}}}}'
    headers:
      Accept:
      - application/json
      Accept-Encoding:
      - gzip, deflate
      CommandName:
      - sig image-version create
      Connection:
      - keep-alive
      Content-Length:
      - '347'
      Content-Type:
      - application/json
      ParameterSetName:
      - -g --gallery-name --gallery-image-definition --gallery-image-version --managed-image
        --replica-count
      User-Agent:
      - AZURECLI/2.44.1 azsdk-python-azure-mgmt-compute/29.1.0 Python/3.10.9 (Windows-10-10.0.22621-SP0)
    method: PUT
    uri: https://management.azure.com/subscriptions/00000000-0000-0000-0000-000000000000/resourceGroups/cli_test_community_gallery_operations_000001/providers/Microsoft.Compute/galleries/gellery000003/images/image000004/versions/1.1.2?api-version=2022-03-03
  response:
    body:
      string: "{\r\n  \"name\": \"1.1.2\",\r\n  \"id\": \"/subscriptions/00000000-0000-0000-0000-000000000000/resourceGroups/cli_test_community_gallery_operations_000001/providers/Microsoft.Compute/galleries/gellery000003/images/image000004/versions/1.1.2\"\
        ,\r\n  \"type\": \"Microsoft.Compute/galleries/images/versions\",\r\n  \"\
        location\": \"centraluseuap\",\r\n  \"tags\": {},\r\n  \"properties\": {\r\
        \n    \"publishingProfile\": {\r\n      \"targetRegions\": [\r\n        {\r\
        \n          \"name\": \"Central US EUAP\",\r\n          \"regionalReplicaCount\"\
        : 1,\r\n          \"storageAccountType\": \"Standard_LRS\"\r\n        }\r\n\
        \      ],\r\n      \"replicaCount\": 1,\r\n      \"excludeFromLatest\": false,\r\
        \n      \"publishedDate\": \"2023-01-28T02:59:19.9904653+00:00\",\r\n    \
        \  \"storageAccountType\": \"Standard_LRS\"\r\n    },\r\n    \"storageProfile\"\
        : {\r\n      \"source\": {\r\n        \"id\": \"/subscriptions/00000000-0000-0000-0000-000000000000/resourceGroups/cli_test_community_gallery_operations_000001/providers/Microsoft.Compute/images/managedImage1\"\
        \r\n      }\r\n    },\r\n    \"safetyProfile\": {\r\n      \"reportedForPolicyViolation\"\
        : false,\r\n      \"allowDeletionOfReplicatedLocations\": false\r\n    },\r\
        \n    \"provisioningState\": \"Creating\"\r\n  }\r\n}"
    headers:
      azure-asyncoperation:
      - https://management.azure.com/subscriptions/00000000-0000-0000-0000-000000000000/providers/Microsoft.Compute/locations/CentralUSEUAP/capsOperations/2bc10c5b-6e74-43bd-95e4-af77d12dbad2?api-version=2022-03-03
      cache-control:
      - no-cache
      content-length:
      - '1150'
      content-type:
      - application/json; charset=utf-8
      date:
      - Sat, 28 Jan 2023 02:59:20 GMT
      expires:
      - '-1'
      pragma:
      - no-cache
      server:
      - Microsoft-HTTPAPI/2.0
      - Microsoft-HTTPAPI/2.0
      strict-transport-security:
      - max-age=31536000; includeSubDomains
      x-content-type-options:
      - nosniff
      x-ms-ratelimit-remaining-resource:
      - Microsoft.Compute/CreateUpdateGalleryImageVersion3Min;374,Microsoft.Compute/CreateUpdateGalleryImageVersion30Min;1198
      x-ms-ratelimit-remaining-subscription-writes:
      - '1198'
    status:
      code: 201
      message: Created
- request:
    body: null
    headers:
      Accept:
      - '*/*'
      Accept-Encoding:
      - gzip, deflate
      CommandName:
      - sig image-version create
      Connection:
      - keep-alive
      ParameterSetName:
      - -g --gallery-name --gallery-image-definition --gallery-image-version --managed-image
        --replica-count
      User-Agent:
      - AZURECLI/2.44.1 azsdk-python-azure-mgmt-compute/29.1.0 Python/3.10.9 (Windows-10-10.0.22621-SP0)
    method: GET
    uri: https://management.azure.com/subscriptions/00000000-0000-0000-0000-000000000000/providers/Microsoft.Compute/locations/CentralUSEUAP/capsOperations/2bc10c5b-6e74-43bd-95e4-af77d12dbad2?api-version=2022-03-03
  response:
    body:
      string: "{\r\n  \"startTime\": \"2023-01-28T02:59:19.9748707+00:00\",\r\n  \"\
        status\": \"InProgress\",\r\n  \"name\": \"2bc10c5b-6e74-43bd-95e4-af77d12dbad2\"\
        \r\n}"
    headers:
      cache-control:
      - no-cache
      content-length:
      - '134'
      content-type:
      - application/json; charset=utf-8
      date:
      - Sat, 28 Jan 2023 03:00:21 GMT
      expires:
      - '-1'
      pragma:
      - no-cache
      server:
      - Microsoft-HTTPAPI/2.0
      - Microsoft-HTTPAPI/2.0
      strict-transport-security:
      - max-age=31536000; includeSubDomains
      transfer-encoding:
      - chunked
      vary:
      - Accept-Encoding
      x-content-type-options:
      - nosniff
      x-ms-ratelimit-remaining-resource:
      - Microsoft.Compute/GetOperationStatus3Min;1198,Microsoft.Compute/GetOperationStatus30Min;4169
    status:
      code: 200
      message: OK
- request:
    body: null
    headers:
      Accept:
      - '*/*'
      Accept-Encoding:
      - gzip, deflate
      CommandName:
      - sig image-version create
      Connection:
      - keep-alive
      ParameterSetName:
      - -g --gallery-name --gallery-image-definition --gallery-image-version --managed-image
        --replica-count
      User-Agent:
      - AZURECLI/2.44.1 azsdk-python-azure-mgmt-compute/29.1.0 Python/3.10.9 (Windows-10-10.0.22621-SP0)
    method: GET
    uri: https://management.azure.com/subscriptions/00000000-0000-0000-0000-000000000000/providers/Microsoft.Compute/locations/CentralUSEUAP/capsOperations/2bc10c5b-6e74-43bd-95e4-af77d12dbad2?api-version=2022-03-03
  response:
    body:
      string: "{\r\n  \"startTime\": \"2023-01-28T02:59:19.9748707+00:00\",\r\n  \"\
        status\": \"InProgress\",\r\n  \"name\": \"2bc10c5b-6e74-43bd-95e4-af77d12dbad2\"\
        \r\n}"
    headers:
      cache-control:
      - no-cache
      content-length:
      - '134'
      content-type:
      - application/json; charset=utf-8
      date:
      - Sat, 28 Jan 2023 03:01:22 GMT
      expires:
      - '-1'
      pragma:
      - no-cache
      server:
      - Microsoft-HTTPAPI/2.0
      - Microsoft-HTTPAPI/2.0
      strict-transport-security:
      - max-age=31536000; includeSubDomains
      transfer-encoding:
      - chunked
      vary:
      - Accept-Encoding
      x-content-type-options:
      - nosniff
      x-ms-ratelimit-remaining-resource:
      - Microsoft.Compute/GetOperationStatus3Min;1196,Microsoft.Compute/GetOperationStatus30Min;4167
    status:
      code: 200
      message: OK
- request:
    body: null
    headers:
      Accept:
      - '*/*'
      Accept-Encoding:
      - gzip, deflate
      CommandName:
      - sig image-version create
      Connection:
      - keep-alive
      ParameterSetName:
      - -g --gallery-name --gallery-image-definition --gallery-image-version --managed-image
        --replica-count
      User-Agent:
      - AZURECLI/2.44.1 azsdk-python-azure-mgmt-compute/29.1.0 Python/3.10.9 (Windows-10-10.0.22621-SP0)
    method: GET
    uri: https://management.azure.com/subscriptions/00000000-0000-0000-0000-000000000000/providers/Microsoft.Compute/locations/CentralUSEUAP/capsOperations/2bc10c5b-6e74-43bd-95e4-af77d12dbad2?api-version=2022-03-03
  response:
    body:
      string: "{\r\n  \"startTime\": \"2023-01-28T02:59:19.9748707+00:00\",\r\n  \"\
        status\": \"InProgress\",\r\n  \"name\": \"2bc10c5b-6e74-43bd-95e4-af77d12dbad2\"\
        \r\n}"
    headers:
      cache-control:
      - no-cache
      content-length:
      - '134'
      content-type:
      - application/json; charset=utf-8
      date:
      - Sat, 28 Jan 2023 03:02:23 GMT
      expires:
      - '-1'
      pragma:
      - no-cache
      server:
      - Microsoft-HTTPAPI/2.0
      - Microsoft-HTTPAPI/2.0
      strict-transport-security:
      - max-age=31536000; includeSubDomains
      transfer-encoding:
      - chunked
      vary:
      - Accept-Encoding
      x-content-type-options:
      - nosniff
      x-ms-ratelimit-remaining-resource:
      - Microsoft.Compute/GetOperationStatus3Min;1195,Microsoft.Compute/GetOperationStatus30Min;4166
    status:
      code: 200
      message: OK
- request:
    body: null
    headers:
      Accept:
      - '*/*'
      Accept-Encoding:
      - gzip, deflate
      CommandName:
      - sig image-version create
      Connection:
      - keep-alive
      ParameterSetName:
      - -g --gallery-name --gallery-image-definition --gallery-image-version --managed-image
        --replica-count
      User-Agent:
      - AZURECLI/2.44.1 azsdk-python-azure-mgmt-compute/29.1.0 Python/3.10.9 (Windows-10-10.0.22621-SP0)
    method: GET
    uri: https://management.azure.com/subscriptions/00000000-0000-0000-0000-000000000000/providers/Microsoft.Compute/locations/CentralUSEUAP/capsOperations/2bc10c5b-6e74-43bd-95e4-af77d12dbad2?api-version=2022-03-03
  response:
    body:
      string: "{\r\n  \"startTime\": \"2023-01-28T02:59:19.9748707+00:00\",\r\n  \"\
        status\": \"InProgress\",\r\n  \"name\": \"2bc10c5b-6e74-43bd-95e4-af77d12dbad2\"\
        \r\n}"
    headers:
      cache-control:
      - no-cache
      content-length:
      - '134'
      content-type:
      - application/json; charset=utf-8
      date:
      - Sat, 28 Jan 2023 03:03:23 GMT
      expires:
      - '-1'
      pragma:
      - no-cache
      server:
      - Microsoft-HTTPAPI/2.0
      - Microsoft-HTTPAPI/2.0
      strict-transport-security:
      - max-age=31536000; includeSubDomains
      transfer-encoding:
      - chunked
      vary:
      - Accept-Encoding
      x-content-type-options:
      - nosniff
      x-ms-ratelimit-remaining-resource:
      - Microsoft.Compute/GetOperationStatus3Min;1195,Microsoft.Compute/GetOperationStatus30Min;4164
    status:
      code: 200
      message: OK
- request:
    body: null
    headers:
      Accept:
      - '*/*'
      Accept-Encoding:
      - gzip, deflate
      CommandName:
      - sig image-version create
      Connection:
      - keep-alive
      ParameterSetName:
      - -g --gallery-name --gallery-image-definition --gallery-image-version --managed-image
        --replica-count
      User-Agent:
      - AZURECLI/2.44.1 azsdk-python-azure-mgmt-compute/29.1.0 Python/3.10.9 (Windows-10-10.0.22621-SP0)
    method: GET
    uri: https://management.azure.com/subscriptions/00000000-0000-0000-0000-000000000000/providers/Microsoft.Compute/locations/CentralUSEUAP/capsOperations/2bc10c5b-6e74-43bd-95e4-af77d12dbad2?api-version=2022-03-03
  response:
    body:
      string: "{\r\n  \"startTime\": \"2023-01-28T02:59:19.9748707+00:00\",\r\n  \"\
        status\": \"InProgress\",\r\n  \"name\": \"2bc10c5b-6e74-43bd-95e4-af77d12dbad2\"\
        \r\n}"
    headers:
      cache-control:
      - no-cache
      content-length:
      - '134'
      content-type:
      - application/json; charset=utf-8
      date:
      - Sat, 28 Jan 2023 03:04:24 GMT
      expires:
      - '-1'
      pragma:
      - no-cache
      server:
      - Microsoft-HTTPAPI/2.0
      - Microsoft-HTTPAPI/2.0
      strict-transport-security:
      - max-age=31536000; includeSubDomains
      transfer-encoding:
      - chunked
      vary:
      - Accept-Encoding
      x-content-type-options:
      - nosniff
      x-ms-ratelimit-remaining-resource:
      - Microsoft.Compute/GetOperationStatus3Min;1195,Microsoft.Compute/GetOperationStatus30Min;4162
    status:
      code: 200
      message: OK
- request:
    body: null
    headers:
      Accept:
      - '*/*'
      Accept-Encoding:
      - gzip, deflate
      CommandName:
      - sig image-version create
      Connection:
      - keep-alive
      ParameterSetName:
      - -g --gallery-name --gallery-image-definition --gallery-image-version --managed-image
        --replica-count
      User-Agent:
      - AZURECLI/2.44.1 azsdk-python-azure-mgmt-compute/29.1.0 Python/3.10.9 (Windows-10-10.0.22621-SP0)
    method: GET
    uri: https://management.azure.com/subscriptions/00000000-0000-0000-0000-000000000000/providers/Microsoft.Compute/locations/CentralUSEUAP/capsOperations/2bc10c5b-6e74-43bd-95e4-af77d12dbad2?api-version=2022-03-03
  response:
    body:
      string: "{\r\n  \"startTime\": \"2023-01-28T02:59:19.9748707+00:00\",\r\n  \"\
        status\": \"InProgress\",\r\n  \"name\": \"2bc10c5b-6e74-43bd-95e4-af77d12dbad2\"\
        \r\n}"
    headers:
      cache-control:
      - no-cache
      content-length:
      - '134'
      content-type:
      - application/json; charset=utf-8
      date:
      - Sat, 28 Jan 2023 03:05:25 GMT
      expires:
      - '-1'
      pragma:
      - no-cache
      server:
      - Microsoft-HTTPAPI/2.0
      - Microsoft-HTTPAPI/2.0
      strict-transport-security:
      - max-age=31536000; includeSubDomains
      transfer-encoding:
      - chunked
      vary:
      - Accept-Encoding
      x-content-type-options:
      - nosniff
      x-ms-ratelimit-remaining-resource:
      - Microsoft.Compute/GetOperationStatus3Min;1195,Microsoft.Compute/GetOperationStatus30Min;4164
    status:
      code: 200
      message: OK
- request:
    body: null
    headers:
      Accept:
      - '*/*'
      Accept-Encoding:
      - gzip, deflate
      CommandName:
      - sig image-version create
      Connection:
      - keep-alive
      ParameterSetName:
      - -g --gallery-name --gallery-image-definition --gallery-image-version --managed-image
        --replica-count
      User-Agent:
      - AZURECLI/2.44.1 azsdk-python-azure-mgmt-compute/29.1.0 Python/3.10.9 (Windows-10-10.0.22621-SP0)
    method: GET
    uri: https://management.azure.com/subscriptions/00000000-0000-0000-0000-000000000000/providers/Microsoft.Compute/locations/CentralUSEUAP/capsOperations/2bc10c5b-6e74-43bd-95e4-af77d12dbad2?api-version=2022-03-03
  response:
    body:
      string: "{\r\n  \"startTime\": \"2023-01-28T02:59:19.9748707+00:00\",\r\n  \"\
        status\": \"InProgress\",\r\n  \"name\": \"2bc10c5b-6e74-43bd-95e4-af77d12dbad2\"\
        \r\n}"
    headers:
      cache-control:
      - no-cache
      content-length:
      - '134'
      content-type:
      - application/json; charset=utf-8
      date:
      - Sat, 28 Jan 2023 03:06:25 GMT
      expires:
      - '-1'
      pragma:
      - no-cache
      server:
      - Microsoft-HTTPAPI/2.0
      - Microsoft-HTTPAPI/2.0
      strict-transport-security:
      - max-age=31536000; includeSubDomains
      transfer-encoding:
      - chunked
      vary:
      - Accept-Encoding
      x-content-type-options:
      - nosniff
      x-ms-ratelimit-remaining-resource:
      - Microsoft.Compute/GetOperationStatus3Min;1195,Microsoft.Compute/GetOperationStatus30Min;4162
    status:
      code: 200
      message: OK
- request:
    body: null
    headers:
      Accept:
      - '*/*'
      Accept-Encoding:
      - gzip, deflate
      CommandName:
      - sig image-version create
      Connection:
      - keep-alive
      ParameterSetName:
      - -g --gallery-name --gallery-image-definition --gallery-image-version --managed-image
        --replica-count
      User-Agent:
      - AZURECLI/2.44.1 azsdk-python-azure-mgmt-compute/29.1.0 Python/3.10.9 (Windows-10-10.0.22621-SP0)
    method: GET
    uri: https://management.azure.com/subscriptions/00000000-0000-0000-0000-000000000000/providers/Microsoft.Compute/locations/CentralUSEUAP/capsOperations/2bc10c5b-6e74-43bd-95e4-af77d12dbad2?api-version=2022-03-03
  response:
    body:
      string: "{\r\n  \"startTime\": \"2023-01-28T02:59:19.9748707+00:00\",\r\n  \"\
        endTime\": \"2023-01-28T03:06:28.6150694+00:00\",\r\n  \"status\": \"Succeeded\"\
        ,\r\n  \"name\": \"2bc10c5b-6e74-43bd-95e4-af77d12dbad2\"\r\n}"
    headers:
      cache-control:
      - no-cache
      content-length:
      - '184'
      content-type:
      - application/json; charset=utf-8
      date:
      - Sat, 28 Jan 2023 03:07:26 GMT
      expires:
      - '-1'
      pragma:
      - no-cache
      server:
      - Microsoft-HTTPAPI/2.0
      - Microsoft-HTTPAPI/2.0
      strict-transport-security:
      - max-age=31536000; includeSubDomains
      transfer-encoding:
      - chunked
      vary:
      - Accept-Encoding
      x-content-type-options:
      - nosniff
      x-ms-ratelimit-remaining-resource:
      - Microsoft.Compute/GetOperationStatus3Min;1195,Microsoft.Compute/GetOperationStatus30Min;4160
    status:
      code: 200
      message: OK
- request:
    body: null
    headers:
      Accept:
      - '*/*'
      Accept-Encoding:
      - gzip, deflate
      CommandName:
      - sig image-version create
      Connection:
      - keep-alive
      ParameterSetName:
      - -g --gallery-name --gallery-image-definition --gallery-image-version --managed-image
        --replica-count
      User-Agent:
      - AZURECLI/2.44.1 azsdk-python-azure-mgmt-compute/29.1.0 Python/3.10.9 (Windows-10-10.0.22621-SP0)
    method: GET
    uri: https://management.azure.com/subscriptions/00000000-0000-0000-0000-000000000000/resourceGroups/cli_test_community_gallery_operations_000001/providers/Microsoft.Compute/galleries/gellery000003/images/image000004/versions/1.1.2?api-version=2022-03-03
  response:
    body:
      string: "{\r\n  \"name\": \"1.1.2\",\r\n  \"id\": \"/subscriptions/00000000-0000-0000-0000-000000000000/resourceGroups/cli_test_community_gallery_operations_000001/providers/Microsoft.Compute/galleries/gellery000003/images/image000004/versions/1.1.2\"\
        ,\r\n  \"type\": \"Microsoft.Compute/galleries/images/versions\",\r\n  \"\
        location\": \"centraluseuap\",\r\n  \"tags\": {},\r\n  \"properties\": {\r\
        \n    \"publishingProfile\": {\r\n      \"targetRegions\": [\r\n        {\r\
        \n          \"name\": \"Central US EUAP\",\r\n          \"regionalReplicaCount\"\
        : 1,\r\n          \"storageAccountType\": \"Standard_LRS\"\r\n        }\r\n\
        \      ],\r\n      \"replicaCount\": 1,\r\n      \"excludeFromLatest\": false,\r\
        \n      \"publishedDate\": \"2023-01-28T02:59:19.9904653+00:00\",\r\n    \
        \  \"storageAccountType\": \"Standard_LRS\"\r\n    },\r\n    \"storageProfile\"\
        : {\r\n      \"source\": {\r\n        \"id\": \"/subscriptions/00000000-0000-0000-0000-000000000000/resourceGroups/cli_test_community_gallery_operations_000001/providers/Microsoft.Compute/images/managedImage1\"\
        \r\n      },\r\n      \"osDiskImage\": {\r\n        \"sizeInGB\": 30,\r\n\
        \        \"hostCaching\": \"ReadWrite\",\r\n        \"source\": {}\r\n   \
        \   }\r\n    },\r\n    \"safetyProfile\": {\r\n      \"reportedForPolicyViolation\"\
        : false,\r\n      \"allowDeletionOfReplicatedLocations\": false\r\n    },\r\
        \n    \"provisioningState\": \"Succeeded\"\r\n  }\r\n}"
    headers:
      cache-control:
      - no-cache
      content-length:
      - '1269'
      content-type:
      - application/json; charset=utf-8
      date:
      - Sat, 28 Jan 2023 03:07:27 GMT
      expires:
      - '-1'
      pragma:
      - no-cache
      server:
      - Microsoft-HTTPAPI/2.0
      - Microsoft-HTTPAPI/2.0
      strict-transport-security:
      - max-age=31536000; includeSubDomains
      transfer-encoding:
      - chunked
      vary:
      - Accept-Encoding
      x-content-type-options:
      - nosniff
      x-ms-ratelimit-remaining-resource:
      - Microsoft.Compute/GetGalleryImageVersion3Min;1997,Microsoft.Compute/GetGalleryImageVersion30Min;9989
    status:
      code: 200
      message: OK
- request:
    body: null
    headers:
      Accept:
      - application/json
      Accept-Encoding:
      - gzip, deflate
      CommandName:
      - sig show
      Connection:
      - keep-alive
      ParameterSetName:
      - --gallery-name --resource-group --select
      User-Agent:
      - AZURECLI/2.44.1 azsdk-python-azure-mgmt-compute/29.1.0 Python/3.10.9 (Windows-10-10.0.22621-SP0)
    method: GET
    uri: https://management.azure.com/subscriptions/00000000-0000-0000-0000-000000000000/resourceGroups/cli_test_community_gallery_operations_000001/providers/Microsoft.Compute/galleries/gellery000003?api-version=2021-10-01&$select=Permissions
  response:
    body:
      string: "{\r\n  \"name\": \"gellery000003\",\r\n  \"id\": \"/subscriptions/00000000-0000-0000-0000-000000000000/resourceGroups/cli_test_community_gallery_operations_000001/providers/Microsoft.Compute/galleries/gellery000003\"\
        ,\r\n  \"type\": \"Microsoft.Compute/galleries\",\r\n  \"location\": \"centraluseuap\"\
        ,\r\n  \"tags\": {},\r\n  \"properties\": {\r\n    \"identifier\": {\r\n \
        \     \"uniqueName\": \"0b1f6471-1bf0-4dda-aec3-cb9272f09590-GELLERYGIOQAIPLY\"\
        \r\n    },\r\n    \"sharingProfile\": {\r\n      \"permissions\": \"Community\"\
        ,\r\n      \"communityGalleryInfo\": {\r\n        \"communityGalleryEnabled\"\
        : true,\r\n        \"publisherUri\": \"puburi\",\r\n        \"publisherContact\"\
        : \"abc@123.com\",\r\n        \"eula\": \"eula\",\r\n        \"publicNamePrefix\"\
        : \"pubname\",\r\n        \"publicNames\": [\r\n          \"pubname-aa9acf88-d8d3-44f3-b8ba-67943b2feb47\"\
        \r\n        ]\r\n      }\r\n    },\r\n    \"provisioningState\": \"Succeeded\"\
        \r\n  }\r\n}"
    headers:
      cache-control:
      - no-cache
      content-length:
      - '856'
      content-type:
      - application/json; charset=utf-8
      date:
      - Sat, 28 Jan 2023 03:07:29 GMT
      expires:
      - '-1'
      pragma:
      - no-cache
      server:
      - Microsoft-HTTPAPI/2.0
      - Microsoft-HTTPAPI/2.0
      strict-transport-security:
      - max-age=31536000; includeSubDomains
      transfer-encoding:
      - chunked
      vary:
      - Accept-Encoding
      x-content-type-options:
      - nosniff
      x-ms-ratelimit-remaining-resource:
      - Microsoft.Compute/GetGallery3Min;344,Microsoft.Compute/GetGallery30Min;2485
    status:
      code: 200
      message: OK
- request:
    body: null
    headers:
      Accept:
      - application/json
      Accept-Encoding:
      - gzip, deflate
      CommandName:
      - sig show-community
      Connection:
      - keep-alive
      ParameterSetName:
      - --location --public-gallery-name
      User-Agent:
      - AZURECLI/2.44.1 azsdk-python-azure-mgmt-compute/29.1.0 Python/3.10.9 (Windows-10-10.0.22621-SP0)
    method: GET
    uri: https://management.azure.com/subscriptions/00000000-0000-0000-0000-000000000000/providers/Microsoft.Compute/locations/CentralUSEUAP/communityGalleries/pubname-aa9acf88-d8d3-44f3-b8ba-67943b2feb47?api-version=2022-01-03
  response:
    body:
      string: "{\r\n  \"communityMetadata\": {\r\n    \"publisherUri\": \"puburi\"\
        ,\r\n    \"publisherContact\": \"abc@123.com\",\r\n    \"eula\": \"eula\"\
        ,\r\n    \"publicNames\": [\r\n      \"pubname-aa9acf88-d8d3-44f3-b8ba-67943b2feb47\"\
        \r\n    ]\r\n  },\r\n  \"location\": \"CentralUSEUAP\",\r\n  \"name\": \"\
        pubname-aa9acf88-d8d3-44f3-b8ba-67943b2feb47\",\r\n  \"identifier\": {\r\n\
        \    \"uniqueId\": \"/CommunityGalleries/pubname-aa9acf88-d8d3-44f3-b8ba-67943b2feb47\"\
        \r\n  }\r\n}"
    headers:
      cache-control:
      - no-cache
      content-length:
      - '410'
      content-type:
      - application/json; charset=utf-8
      date:
      - Sat, 28 Jan 2023 03:07:31 GMT
      expires:
      - '-1'
      pragma:
      - no-cache
      server:
      - Microsoft-HTTPAPI/2.0
      - Microsoft-HTTPAPI/2.0
      strict-transport-security:
      - max-age=31536000; includeSubDomains
      transfer-encoding:
      - chunked
      vary:
      - Accept-Encoding
      x-content-type-options:
      - nosniff
      x-ms-ratelimit-remaining-resource:
      - Microsoft.Compute/GetGallery3Min;349,Microsoft.Compute/GetGallery30Min;2499
    status:
      code: 200
      message: OK
- request:
    body: '{"query": "communitygalleryresources| where type == ''microsoft.compute/locations/communitygalleries''
      | where location == ''centraluseuap'' ", "options": {"$top": 30}}'
    headers:
      Accept:
      - '*/*'
      Accept-Encoding:
      - gzip, deflate
      CommandName:
      - sig list-community
      Connection:
      - keep-alive
      Content-Length:
      - '164'
      Content-Type:
      - application/json
      ParameterSetName:
      - --location
      User-Agent:
      - python/3.10.9 (Windows-10-10.0.22621-SP0) AZURECLI/2.44.1
    method: POST
    uri: https://management.azure.com/providers/Microsoft.ResourceGraph/resources?api-version=2021-03-01
  response:
    body:
      string: '{"totalRecords":1,"count":1,"data":[{"id":"/providers/Microsoft.Compute/locations/CentralUSEUAP/CommunityGalleries/pubname-aa9acf88-d8d3-44f3-b8ba-67943b2feb47","name":"pubname-aa9acf88-d8d3-44f3-b8ba-67943b2feb47","type":"microsoft.compute/locations/communitygalleries","tenantId":"","kind":"","location":"centraluseuap","resourceGroup":"","subscriptionId":"","managedBy":"","sku":null,"plan":null,"properties":{"communityMetadata":{"publisherUri":"puburi","publisherContact":"abc@123.com","eula":"eula","publicNames":["pubname-aa9acf88-d8d3-44f3-b8ba-67943b2feb47"]},"location":"CentralUSEUAP","name":"pubname-aa9acf88-d8d3-44f3-b8ba-67943b2feb47","identifier":{"uniqueId":"/CommunityGalleries/pubname-aa9acf88-d8d3-44f3-b8ba-67943b2feb47"}},"tags":null,"identity":null,"zones":null,"extendedLocation":null}],"facets":[],"resultTruncated":"false"}'
    headers:
      cache-control:
      - no-cache
      content-length:
      - '849'
      content-type:
      - application/json; charset=utf-8
      date:
      - Sat, 28 Jan 2023 03:07:33 GMT
      expires:
      - '-1'
      pragma:
      - no-cache
      server:
      - Kestrel
      strict-transport-security:
      - max-age=31536000; includeSubDomains
      transfer-encoding:
      - chunked
      vary:
      - Accept-Encoding
      x-content-type-options:
      - nosniff
      x-ms-ratelimit-remaining-tenant-resource-requests:
      - '14'
      x-ms-resource-graph-request-duration:
      - '0:00:00:01.4082379'
      x-ms-user-quota-remaining:
      - '14'
      x-ms-user-quota-resets-after:
      - 00:00:04
    status:
      code: 200
      message: OK
- request:
    body: null
    headers:
      Accept:
      - application/json
      Accept-Encoding:
      - gzip, deflate
      CommandName:
      - sig image-definition show-community
      Connection:
      - keep-alive
      ParameterSetName:
      - --gallery-image-definition --public-gallery-name --location
      User-Agent:
      - AZURECLI/2.44.1 azsdk-python-azure-mgmt-compute/29.1.0 Python/3.10.9 (Windows-10-10.0.22621-SP0)
    method: GET
    uri: https://management.azure.com/subscriptions/00000000-0000-0000-0000-000000000000/providers/Microsoft.Compute/locations/CentralUSEUAP/communityGalleries/pubname-aa9acf88-d8d3-44f3-b8ba-67943b2feb47/images/image000004?api-version=2022-01-03
  response:
    body:
      string: "{\r\n  \"properties\": {\r\n    \"osType\": \"Linux\",\r\n    \"osState\"\
        : \"Generalized\",\r\n    \"identifier\": {\r\n      \"publisher\": \"publisher1\"\
        ,\r\n      \"offer\": \"offer1\",\r\n      \"sku\": \"sku1\"\r\n    },\r\n\
        \    \"recommended\": {},\r\n    \"hyperVGeneration\": \"V1\",\r\n    \"architecture\"\
        : \"x64\"\r\n  },\r\n  \"location\": \"CentralUSEUAP\",\r\n  \"name\": \"\
        image000004\",\r\n  \"identifier\": {\r\n    \"uniqueId\": \"/CommunityGalleries/pubname-aa9acf88-d8d3-44f3-b8ba-67943b2feb47/Images/image000004\"\
        \r\n  }\r\n}"
    headers:
      cache-control:
      - no-cache
      content-length:
      - '461'
      content-type:
      - application/json; charset=utf-8
      date:
      - Sat, 28 Jan 2023 03:07:35 GMT
      expires:
      - '-1'
      pragma:
      - no-cache
      server:
      - Microsoft-HTTPAPI/2.0
      - Microsoft-HTTPAPI/2.0
      strict-transport-security:
      - max-age=31536000; includeSubDomains
      transfer-encoding:
      - chunked
      vary:
      - Accept-Encoding
      x-content-type-options:
      - nosniff
      x-ms-ratelimit-remaining-resource:
      - Microsoft.Compute/GetGalleryArtifact3Min;599,Microsoft.Compute/GetGalleryArtifact30Min;2999
    status:
      code: 200
      message: OK
- request:
    body: null
    headers:
      Accept:
      - application/json
      Accept-Encoding:
      - gzip, deflate
      CommandName:
      - sig image-definition list-community
      Connection:
      - keep-alive
      ParameterSetName:
      - --public-gallery-name --location
      User-Agent:
      - AZURECLI/2.44.1 azsdk-python-azure-mgmt-compute/29.1.0 Python/3.10.9 (Windows-10-10.0.22621-SP0)
    method: GET
    uri: https://management.azure.com/subscriptions/00000000-0000-0000-0000-000000000000/providers/Microsoft.Compute/locations/CentralUSEUAP/communityGalleries/pubname-aa9acf88-d8d3-44f3-b8ba-67943b2feb47/images?api-version=2022-03-03
  response:
    body:
      string: "{\r\n  \"value\": [\r\n    {\r\n      \"properties\": {\r\n       \
        \ \"osType\": \"Linux\",\r\n        \"osState\": \"Generalized\",\r\n    \
        \    \"identifier\": {\r\n          \"publisher\": \"publisher1\",\r\n   \
        \       \"offer\": \"offer1\",\r\n          \"sku\": \"sku1\"\r\n        },\r\
        \n        \"recommended\": {},\r\n        \"hyperVGeneration\": \"V1\",\r\n\
        \        \"architecture\": \"x64\"\r\n      },\r\n      \"location\": \"CentralUSEUAP\"\
        ,\r\n      \"name\": \"image000004\",\r\n      \"identifier\": {\r\n     \
        \   \"uniqueId\": \"/CommunityGalleries/pubname-aa9acf88-d8d3-44f3-b8ba-67943b2feb47/Images/image000004\"\
        \r\n      }\r\n    }\r\n  ]\r\n}"
    headers:
      cache-control:
      - no-cache
      content-length:
      - '562'
      content-type:
      - application/json; charset=utf-8
      date:
      - Sat, 28 Jan 2023 03:07:37 GMT
      expires:
      - '-1'
      pragma:
      - no-cache
      server:
      - Microsoft-HTTPAPI/2.0
      - Microsoft-HTTPAPI/2.0
      strict-transport-security:
      - max-age=31536000; includeSubDomains
      transfer-encoding:
      - chunked
      vary:
      - Accept-Encoding
      x-content-type-options:
      - nosniff
      x-ms-ratelimit-remaining-resource:
      - Microsoft.Compute/ListGalleryArtifact3Min;199,Microsoft.Compute/ListGalleryArtifact30Min;199
    status:
      code: 200
      message: OK
- request:
    body: null
    headers:
      Accept:
      - application/json
      Accept-Encoding:
      - gzip, deflate
      CommandName:
      - sig image-version show-community
      Connection:
      - keep-alive
      ParameterSetName:
      - --gallery-image-definition --public-gallery-name --location --gallery-image-version
      User-Agent:
      - AZURECLI/2.44.1 azsdk-python-azure-mgmt-compute/29.1.0 Python/3.10.9 (Windows-10-10.0.22621-SP0)
    method: GET
    uri: https://management.azure.com/subscriptions/00000000-0000-0000-0000-000000000000/providers/Microsoft.Compute/locations/CentralUSEUAP/communityGalleries/pubname-aa9acf88-d8d3-44f3-b8ba-67943b2feb47/images/image000004/versions/1.1.2?api-version=2022-01-03
  response:
    body:
      string: "{\r\n  \"properties\": {\r\n    \"publishedDate\": \"2023-01-28T02:59:19.9904653+00:00\"\
        ,\r\n    \"excludeFromLatest\": false,\r\n    \"storageProfile\": {\r\n  \
        \    \"osDiskImage\": {\r\n        \"diskSizeGB\": 30,\r\n        \"hostCaching\"\
        : \"ReadWrite\"\r\n      }\r\n    }\r\n  },\r\n  \"location\": \"CentralUSEUAP\"\
        ,\r\n  \"name\": \"1.1.2\",\r\n  \"identifier\": {\r\n    \"uniqueId\": \"\
        /CommunityGalleries/pubname-aa9acf88-d8d3-44f3-b8ba-67943b2feb47/Images/image000004/Versions/1.1.2\"\
        \r\n  }\r\n}"
    headers:
      cache-control:
      - no-cache
      content-length:
      - '443'
      content-type:
      - application/json; charset=utf-8
      date:
      - Sat, 28 Jan 2023 03:07:39 GMT
      expires:
      - '-1'
      pragma:
      - no-cache
      server:
      - Microsoft-HTTPAPI/2.0
      - Microsoft-HTTPAPI/2.0
      strict-transport-security:
      - max-age=31536000; includeSubDomains
      transfer-encoding:
      - chunked
      vary:
      - Accept-Encoding
      x-content-type-options:
      - nosniff
      x-ms-ratelimit-remaining-resource:
      - Microsoft.Compute/GetGalleryArtifactVersion3Min;1999,Microsoft.Compute/GetGalleryArtifactVersion30Min;9999
    status:
      code: 200
      message: OK
- request:
    body: null
    headers:
      Accept:
      - application/json
      Accept-Encoding:
      - gzip, deflate
      CommandName:
      - sig image-version list-community
      Connection:
      - keep-alive
      ParameterSetName:
      - --gallery-image-definition --public-gallery-name --location
      User-Agent:
      - AZURECLI/2.44.1 azsdk-python-azure-mgmt-compute/29.1.0 Python/3.10.9 (Windows-10-10.0.22621-SP0)
    method: GET
    uri: https://management.azure.com/subscriptions/00000000-0000-0000-0000-000000000000/providers/Microsoft.Compute/locations/CentralUSEUAP/communityGalleries/pubname-aa9acf88-d8d3-44f3-b8ba-67943b2feb47/images/image000004/versions?api-version=2022-03-03
  response:
    body:
      string: "{\r\n  \"value\": [\r\n    {\r\n      \"properties\": {\r\n       \
        \ \"publishedDate\": \"2023-01-28T02:59:19.9904653+00:00\",\r\n        \"\
        excludeFromLatest\": false,\r\n        \"storageProfile\": {\r\n         \
        \ \"osDiskImage\": {\r\n            \"diskSizeGB\": 30,\r\n            \"\
        hostCaching\": \"ReadWrite\"\r\n          }\r\n        }\r\n      },\r\n \
        \     \"location\": \"CentralUSEUAP\",\r\n      \"name\": \"1.1.2\",\r\n \
        \     \"identifier\": {\r\n        \"uniqueId\": \"/CommunityGalleries/pubname-aa9acf88-d8d3-44f3-b8ba-67943b2feb47/Images/image000004/Versions/1.1.2\"\
        \r\n      }\r\n    }\r\n  ]\r\n}"
    headers:
      cache-control:
      - no-cache
      content-length:
      - '536'
      content-type:
      - application/json; charset=utf-8
      date:
      - Sat, 28 Jan 2023 03:07:41 GMT
      expires:
      - '-1'
      pragma:
      - no-cache
      server:
      - Microsoft-HTTPAPI/2.0
      - Microsoft-HTTPAPI/2.0
      strict-transport-security:
      - max-age=31536000; includeSubDomains
      transfer-encoding:
      - chunked
      vary:
      - Accept-Encoding
      x-content-type-options:
      - nosniff
      x-ms-ratelimit-remaining-resource:
      - Microsoft.Compute/ListGalleryArtifactVersion3Min;799,Microsoft.Compute/ListGalleryArtifactVersion30Min;3999
    status:
      code: 200
      message: OK
- request:
    body: '{"operationType": "Reset"}'
    headers:
      Accept:
      - application/json
      Accept-Encoding:
      - gzip, deflate
      CommandName:
      - sig share reset
      Connection:
      - keep-alive
      Content-Length:
      - '26'
      Content-Type:
      - application/json
      ParameterSetName:
      - --gallery-name -g
      User-Agent:
      - AZURECLI/2.44.1 azsdk-python-azure-mgmt-compute/29.1.0 Python/3.10.9 (Windows-10-10.0.22621-SP0)
    method: POST
    uri: https://management.azure.com/subscriptions/00000000-0000-0000-0000-000000000000/resourceGroups/cli_test_community_gallery_operations_000001/providers/Microsoft.Compute/galleries/gellery000003/share?api-version=2022-03-03
  response:
    body:
      string: ''
    headers:
      azure-asyncoperation:
      - https://management.azure.com/subscriptions/00000000-0000-0000-0000-000000000000/providers/Microsoft.Compute/locations/CentralUSEUAP/capsOperations/d07d5454-3e44-463f-a767-22c421089d2d?api-version=2022-03-03
      cache-control:
      - no-cache
      content-length:
      - '0'
      date:
      - Sat, 28 Jan 2023 03:07:43 GMT
      expires:
      - '-1'
      location:
      - https://management.azure.com/subscriptions/00000000-0000-0000-0000-000000000000/providers/Microsoft.Compute/locations/CentralUSEUAP/capsOperations/d07d5454-3e44-463f-a767-22c421089d2d?monitor=true&api-version=2022-03-03
      pragma:
      - no-cache
      server:
      - Microsoft-HTTPAPI/2.0
      - Microsoft-HTTPAPI/2.0
      strict-transport-security:
      - max-age=31536000; includeSubDomains
      x-content-type-options:
      - nosniff
      x-ms-ratelimit-remaining-resource:
      - Microsoft.Compute/PostShareGallery3Min;9,Microsoft.Compute/PostShareGallery30Min;58
      x-ms-ratelimit-remaining-subscription-writes:
      - '1198'
    status:
      code: 202
      message: Accepted
- request:
    body: null
    headers:
      Accept:
      - '*/*'
      Accept-Encoding:
      - gzip, deflate
      CommandName:
      - sig share reset
      Connection:
      - keep-alive
      ParameterSetName:
      - --gallery-name -g
      User-Agent:
      - AZURECLI/2.44.1 azsdk-python-azure-mgmt-compute/29.1.0 Python/3.10.9 (Windows-10-10.0.22621-SP0)
    method: GET
    uri: https://management.azure.com/subscriptions/00000000-0000-0000-0000-000000000000/providers/Microsoft.Compute/locations/CentralUSEUAP/capsOperations/d07d5454-3e44-463f-a767-22c421089d2d?api-version=2022-03-03
  response:
    body:
      string: "{\r\n  \"startTime\": \"2023-01-28T03:07:44.6619067+00:00\",\r\n  \"\
        endTime\": \"2023-01-28T03:07:44.8962792+00:00\",\r\n  \"status\": \"Succeeded\"\
        ,\r\n  \"name\": \"d07d5454-3e44-463f-a767-22c421089d2d\"\r\n}"
    headers:
      cache-control:
      - no-cache
      content-length:
      - '184'
      content-type:
      - application/json; charset=utf-8
      date:
      - Sat, 28 Jan 2023 03:08:14 GMT
      expires:
      - '-1'
      pragma:
      - no-cache
      server:
      - Microsoft-HTTPAPI/2.0
      - Microsoft-HTTPAPI/2.0
      strict-transport-security:
      - max-age=31536000; includeSubDomains
      transfer-encoding:
      - chunked
      vary:
      - Accept-Encoding
      x-content-type-options:
      - nosniff
      x-ms-ratelimit-remaining-resource:
      - Microsoft.Compute/GetOperationStatus3Min;1195,Microsoft.Compute/GetOperationStatus30Min;4158
    status:
      code: 200
      message: OK
- request:
    body: null
    headers:
      Accept:
      - '*/*'
      Accept-Encoding:
      - gzip, deflate
      CommandName:
      - sig share reset
      Connection:
      - keep-alive
      ParameterSetName:
      - --gallery-name -g
      User-Agent:
      - AZURECLI/2.44.1 azsdk-python-azure-mgmt-compute/29.1.0 Python/3.10.9 (Windows-10-10.0.22621-SP0)
    method: GET
    uri: https://management.azure.com/subscriptions/00000000-0000-0000-0000-000000000000/providers/Microsoft.Compute/locations/CentralUSEUAP/capsOperations/d07d5454-3e44-463f-a767-22c421089d2d?monitor=true&api-version=2022-03-03
  response:
    body:
      string: ''
    headers:
      cache-control:
      - no-cache
      content-length:
      - '0'
      date:
      - Sat, 28 Jan 2023 03:08:15 GMT
      expires:
      - '-1'
      pragma:
      - no-cache
      server:
      - Microsoft-HTTPAPI/2.0
      - Microsoft-HTTPAPI/2.0
      strict-transport-security:
      - max-age=31536000; includeSubDomains
      x-content-type-options:
      - nosniff
      x-ms-ratelimit-remaining-resource:
      - Microsoft.Compute/GetOperationStatus3Min;1194,Microsoft.Compute/GetOperationStatus30Min;4157
    status:
      code: 200
      message: OK
- request:
    body: null
    headers:
      Accept:
      - application/json
      Accept-Encoding:
      - gzip, deflate
      CommandName:
      - sig show
      Connection:
      - keep-alive
      ParameterSetName:
      - --gallery-name --resource-group --select
      User-Agent:
      - AZURECLI/2.44.1 azsdk-python-azure-mgmt-compute/29.1.0 Python/3.10.9 (Windows-10-10.0.22621-SP0)
    method: GET
    uri: https://management.azure.com/subscriptions/00000000-0000-0000-0000-000000000000/resourceGroups/cli_test_community_gallery_operations_000001/providers/Microsoft.Compute/galleries/gellery000003?api-version=2021-10-01&$select=Permissions
  response:
    body:
      string: "{\r\n  \"name\": \"gellery000003\",\r\n  \"id\": \"/subscriptions/00000000-0000-0000-0000-000000000000/resourceGroups/cli_test_community_gallery_operations_000001/providers/Microsoft.Compute/galleries/gellery000003\"\
        ,\r\n  \"type\": \"Microsoft.Compute/galleries\",\r\n  \"location\": \"centraluseuap\"\
        ,\r\n  \"tags\": {},\r\n  \"properties\": {\r\n    \"identifier\": {\r\n \
        \     \"uniqueName\": \"0b1f6471-1bf0-4dda-aec3-cb9272f09590-GELLERYGIOQAIPLY\"\
        \r\n    },\r\n    \"sharingProfile\": {\r\n      \"permissions\": \"Private\"\
        \r\n    },\r\n    \"provisioningState\": \"Succeeded\"\r\n  }\r\n}"
    headers:
      cache-control:
      - no-cache
      content-length:
      - '530'
      content-type:
      - application/json; charset=utf-8
      date:
      - Sat, 28 Jan 2023 03:08:16 GMT
      expires:
      - '-1'
      pragma:
      - no-cache
      server:
      - Microsoft-HTTPAPI/2.0
      - Microsoft-HTTPAPI/2.0
      strict-transport-security:
      - max-age=31536000; includeSubDomains
      transfer-encoding:
      - chunked
      vary:
      - Accept-Encoding
      x-content-type-options:
      - nosniff
      x-ms-ratelimit-remaining-resource:
      - Microsoft.Compute/GetGallery3Min;348,Microsoft.Compute/GetGallery30Min;2484
    status:
      code: 200
      message: OK
version: 1
