interactions:
- request:
    body: null
    headers:
      Accept:
      - application/json
      Accept-Encoding:
      - gzip, deflate
      CommandName:
      - network vnet create
      Connection:
      - keep-alive
      ParameterSetName:
      - -g -n --subnet-name
      User-Agent:
      - python/3.7.4 (Linux-4.15.0-99-generic-x86_64-with-debian-buster-sid) msrest/0.6.16
        msrest_azure/0.6.3 azure-mgmt-resource/9.0.0 Azure-SDK-For-Python AZURECLI/2.7.0
      accept-language:
      - en-US
    method: GET
    uri: https://management.azure.com/subscriptions/00000000-0000-0000-0000-000000000000/resourcegroups/cli_test_multi_nic_vm000001?api-version=2019-07-01
  response:
    body:
      string: '{"id":"/subscriptions/00000000-0000-0000-0000-000000000000/resourceGroups/cli_test_multi_nic_vm000001","name":"cli_test_multi_nic_vm000001","type":"Microsoft.Resources/resourceGroups","location":"westus","tags":{"product":"azurecli","cause":"automation","date":"2020-06-15T09:25:56Z"},"properties":{"provisioningState":"Succeeded"}}'
    headers:
      cache-control:
      - no-cache
      content-length:
      - '428'
      content-type:
      - application/json; charset=utf-8
      date:
      - Mon, 15 Jun 2020 09:26:00 GMT
      expires:
      - '-1'
      pragma:
      - no-cache
      strict-transport-security:
      - max-age=31536000; includeSubDomains
      vary:
      - Accept-Encoding
      x-content-type-options:
      - nosniff
    status:
      code: 200
      message: OK
- request:
    body: '{"location": "westus", "tags": {}, "properties": {"addressSpace": {"addressPrefixes":
      ["10.0.0.0/16"]}, "dhcpOptions": {}, "subnets": [{"properties": {"addressPrefix":
      "10.0.0.0/24"}, "name": "mysubnet"}]}}'
    headers:
      Accept:
      - application/json
      Accept-Encoding:
      - gzip, deflate
      CommandName:
      - network vnet create
      Connection:
      - keep-alive
      Content-Length:
      - '206'
      Content-Type:
      - application/json; charset=utf-8
      ParameterSetName:
      - -g -n --subnet-name
      User-Agent:
      - python/3.7.4 (Linux-4.15.0-99-generic-x86_64-with-debian-buster-sid) msrest/0.6.16
        msrest_azure/0.6.3 azure-mgmt-network/10.2.0 Azure-SDK-For-Python AZURECLI/2.7.0
      accept-language:
      - en-US
    method: PUT
    uri: https://management.azure.com/subscriptions/00000000-0000-0000-0000-000000000000/resourceGroups/cli_test_multi_nic_vm000001/providers/Microsoft.Network/virtualNetworks/myvnet?api-version=2020-05-01
  response:
    body:
      string: "{\r\n  \"name\": \"myvnet\",\r\n  \"id\": \"/subscriptions/00000000-0000-0000-0000-000000000000/resourceGroups/cli_test_multi_nic_vm000001/providers/Microsoft.Network/virtualNetworks/myvnet\"\
        ,\r\n  \"etag\": \"W/\\\"6b9d0797-8791-4537-9885-88294257eaf6\\\"\",\r\n \
        \ \"type\": \"Microsoft.Network/virtualNetworks\",\r\n  \"location\": \"westus\"\
        ,\r\n  \"tags\": {},\r\n  \"properties\": {\r\n    \"provisioningState\":\
        \ \"Updating\",\r\n    \"resourceGuid\": \"a800658f-f3b6-4f2d-9b56-86c4d4c2a377\"\
        ,\r\n    \"addressSpace\": {\r\n      \"addressPrefixes\": [\r\n        \"\
        10.0.0.0/16\"\r\n      ]\r\n    },\r\n    \"dhcpOptions\": {\r\n      \"dnsServers\"\
        : []\r\n    },\r\n    \"subnets\": [\r\n      {\r\n        \"name\": \"mysubnet\"\
        ,\r\n        \"id\": \"/subscriptions/00000000-0000-0000-0000-000000000000/resourceGroups/cli_test_multi_nic_vm000001/providers/Microsoft.Network/virtualNetworks/myvnet/subnets/mysubnet\"\
        ,\r\n        \"etag\": \"W/\\\"6b9d0797-8791-4537-9885-88294257eaf6\\\"\"\
        ,\r\n        \"properties\": {\r\n          \"provisioningState\": \"Updating\"\
        ,\r\n          \"addressPrefix\": \"10.0.0.0/24\",\r\n          \"delegations\"\
        : [],\r\n          \"privateEndpointNetworkPolicies\": \"Enabled\",\r\n  \
        \        \"privateLinkServiceNetworkPolicies\": \"Enabled\"\r\n        },\r\
        \n        \"type\": \"Microsoft.Network/virtualNetworks/subnets\"\r\n    \
        \  }\r\n    ],\r\n    \"virtualNetworkPeerings\": [],\r\n    \"enableDdosProtection\"\
        : false,\r\n    \"enableVmProtection\": false\r\n  }\r\n}"
    headers:
      azure-asyncnotification:
      - Enabled
      azure-asyncoperation:
      - https://management.azure.com/subscriptions/00000000-0000-0000-0000-000000000000/providers/Microsoft.Network/locations/westus/operations/95abc947-c144-4f00-9b0d-5ee6eed97425?api-version=2020-05-01
      cache-control:
      - no-cache
      content-length:
      - '1442'
      content-type:
      - application/json; charset=utf-8
      date:
      - Mon, 15 Jun 2020 09:26:06 GMT
      expires:
      - '-1'
      pragma:
      - no-cache
      server:
      - Microsoft-HTTPAPI/2.0
      - Microsoft-HTTPAPI/2.0
      strict-transport-security:
      - max-age=31536000; includeSubDomains
      x-content-type-options:
      - nosniff
      x-ms-arm-service-request-id:
      - 57c42435-e71e-4bf3-9d1a-e3bf97adece7
      x-ms-ratelimit-remaining-subscription-writes:
      - '1198'
    status:
      code: 201
      message: Created
- request:
    body: null
    headers:
      Accept:
      - application/json
      Accept-Encoding:
      - gzip, deflate
      CommandName:
      - network vnet create
      Connection:
      - keep-alive
      ParameterSetName:
      - -g -n --subnet-name
      User-Agent:
      - python/3.7.4 (Linux-4.15.0-99-generic-x86_64-with-debian-buster-sid) msrest/0.6.16
        msrest_azure/0.6.3 azure-mgmt-network/10.2.0 Azure-SDK-For-Python AZURECLI/2.7.0
    method: GET
    uri: https://management.azure.com/subscriptions/00000000-0000-0000-0000-000000000000/providers/Microsoft.Network/locations/westus/operations/95abc947-c144-4f00-9b0d-5ee6eed97425?api-version=2020-05-01
  response:
    body:
      string: "{\r\n  \"status\": \"InProgress\"\r\n}"
    headers:
      cache-control:
      - no-cache
      content-length:
      - '30'
      content-type:
      - application/json; charset=utf-8
      date:
      - Mon, 15 Jun 2020 09:26:10 GMT
      expires:
      - '-1'
      pragma:
      - no-cache
      server:
      - Microsoft-HTTPAPI/2.0
      - Microsoft-HTTPAPI/2.0
      strict-transport-security:
      - max-age=31536000; includeSubDomains
      transfer-encoding:
      - chunked
      vary:
      - Accept-Encoding
      x-content-type-options:
      - nosniff
      x-ms-arm-service-request-id:
      - a6acba04-433c-4f98-9488-61ea1723bb9c
    status:
      code: 200
      message: OK
- request:
    body: null
    headers:
      Accept:
      - application/json
      Accept-Encoding:
      - gzip, deflate
      CommandName:
      - network vnet create
      Connection:
      - keep-alive
      ParameterSetName:
      - -g -n --subnet-name
      User-Agent:
      - python/3.7.4 (Linux-4.15.0-99-generic-x86_64-with-debian-buster-sid) msrest/0.6.16
        msrest_azure/0.6.3 azure-mgmt-network/10.2.0 Azure-SDK-For-Python AZURECLI/2.7.0
    method: GET
    uri: https://management.azure.com/subscriptions/00000000-0000-0000-0000-000000000000/providers/Microsoft.Network/locations/westus/operations/95abc947-c144-4f00-9b0d-5ee6eed97425?api-version=2020-05-01
  response:
    body:
      string: "{\r\n  \"status\": \"InProgress\"\r\n}"
    headers:
      cache-control:
      - no-cache
      content-length:
      - '30'
      content-type:
      - application/json; charset=utf-8
      date:
      - Mon, 15 Jun 2020 09:26:20 GMT
      expires:
      - '-1'
      pragma:
      - no-cache
      server:
      - Microsoft-HTTPAPI/2.0
      - Microsoft-HTTPAPI/2.0
      strict-transport-security:
      - max-age=31536000; includeSubDomains
      transfer-encoding:
      - chunked
      vary:
      - Accept-Encoding
      x-content-type-options:
      - nosniff
      x-ms-arm-service-request-id:
      - 758686b4-eb5e-434b-81e9-f01e233f2303
    status:
      code: 200
      message: OK
- request:
    body: null
    headers:
      Accept:
      - application/json
      Accept-Encoding:
      - gzip, deflate
      CommandName:
      - network vnet create
      Connection:
      - keep-alive
      ParameterSetName:
      - -g -n --subnet-name
      User-Agent:
      - python/3.7.4 (Linux-4.15.0-99-generic-x86_64-with-debian-buster-sid) msrest/0.6.16
        msrest_azure/0.6.3 azure-mgmt-network/10.2.0 Azure-SDK-For-Python AZURECLI/2.7.0
    method: GET
    uri: https://management.azure.com/subscriptions/00000000-0000-0000-0000-000000000000/providers/Microsoft.Network/locations/westus/operations/95abc947-c144-4f00-9b0d-5ee6eed97425?api-version=2020-05-01
  response:
    body:
      string: "{\r\n  \"status\": \"Succeeded\"\r\n}"
    headers:
      cache-control:
      - no-cache
      content-length:
      - '29'
      content-type:
      - application/json; charset=utf-8
      date:
      - Mon, 15 Jun 2020 09:26:31 GMT
      expires:
      - '-1'
      pragma:
      - no-cache
      server:
      - Microsoft-HTTPAPI/2.0
      - Microsoft-HTTPAPI/2.0
      strict-transport-security:
      - max-age=31536000; includeSubDomains
      transfer-encoding:
      - chunked
      vary:
      - Accept-Encoding
      x-content-type-options:
      - nosniff
      x-ms-arm-service-request-id:
      - 77e15e4e-ea55-46b5-8873-450c4007f11b
    status:
      code: 200
      message: OK
- request:
    body: null
    headers:
      Accept:
      - application/json
      Accept-Encoding:
      - gzip, deflate
      CommandName:
      - network vnet create
      Connection:
      - keep-alive
      ParameterSetName:
      - -g -n --subnet-name
      User-Agent:
      - python/3.7.4 (Linux-4.15.0-99-generic-x86_64-with-debian-buster-sid) msrest/0.6.16
        msrest_azure/0.6.3 azure-mgmt-network/10.2.0 Azure-SDK-For-Python AZURECLI/2.7.0
    method: GET
    uri: https://management.azure.com/subscriptions/00000000-0000-0000-0000-000000000000/resourceGroups/cli_test_multi_nic_vm000001/providers/Microsoft.Network/virtualNetworks/myvnet?api-version=2020-05-01
  response:
    body:
      string: "{\r\n  \"name\": \"myvnet\",\r\n  \"id\": \"/subscriptions/00000000-0000-0000-0000-000000000000/resourceGroups/cli_test_multi_nic_vm000001/providers/Microsoft.Network/virtualNetworks/myvnet\"\
        ,\r\n  \"etag\": \"W/\\\"d7a171e8-4319-442f-834c-c0a27b98b660\\\"\",\r\n \
        \ \"type\": \"Microsoft.Network/virtualNetworks\",\r\n  \"location\": \"westus\"\
        ,\r\n  \"tags\": {},\r\n  \"properties\": {\r\n    \"provisioningState\":\
        \ \"Succeeded\",\r\n    \"resourceGuid\": \"a800658f-f3b6-4f2d-9b56-86c4d4c2a377\"\
        ,\r\n    \"addressSpace\": {\r\n      \"addressPrefixes\": [\r\n        \"\
        10.0.0.0/16\"\r\n      ]\r\n    },\r\n    \"dhcpOptions\": {\r\n      \"dnsServers\"\
        : []\r\n    },\r\n    \"subnets\": [\r\n      {\r\n        \"name\": \"mysubnet\"\
        ,\r\n        \"id\": \"/subscriptions/00000000-0000-0000-0000-000000000000/resourceGroups/cli_test_multi_nic_vm000001/providers/Microsoft.Network/virtualNetworks/myvnet/subnets/mysubnet\"\
        ,\r\n        \"etag\": \"W/\\\"d7a171e8-4319-442f-834c-c0a27b98b660\\\"\"\
        ,\r\n        \"properties\": {\r\n          \"provisioningState\": \"Succeeded\"\
        ,\r\n          \"addressPrefix\": \"10.0.0.0/24\",\r\n          \"delegations\"\
        : [],\r\n          \"privateEndpointNetworkPolicies\": \"Enabled\",\r\n  \
        \        \"privateLinkServiceNetworkPolicies\": \"Enabled\"\r\n        },\r\
        \n        \"type\": \"Microsoft.Network/virtualNetworks/subnets\"\r\n    \
        \  }\r\n    ],\r\n    \"virtualNetworkPeerings\": [],\r\n    \"enableDdosProtection\"\
        : false,\r\n    \"enableVmProtection\": false\r\n  }\r\n}"
    headers:
      cache-control:
      - no-cache
      content-length:
      - '1444'
      content-type:
      - application/json; charset=utf-8
      date:
      - Mon, 15 Jun 2020 09:26:31 GMT
      etag:
      - W/"d7a171e8-4319-442f-834c-c0a27b98b660"
      expires:
      - '-1'
      pragma:
      - no-cache
      server:
      - Microsoft-HTTPAPI/2.0
      - Microsoft-HTTPAPI/2.0
      strict-transport-security:
      - max-age=31536000; includeSubDomains
      transfer-encoding:
      - chunked
      vary:
      - Accept-Encoding
      x-content-type-options:
      - nosniff
      x-ms-arm-service-request-id:
      - 13a27540-743f-4fed-91e3-0ea12a8bff5e
    status:
      code: 200
      message: OK
- request:
    body: null
    headers:
      Accept:
      - application/json
      Accept-Encoding:
      - gzip, deflate
      CommandName:
      - network nic create
      Connection:
      - keep-alive
      ParameterSetName:
      - -g -n --subnet --vnet-name
      User-Agent:
      - python/3.7.4 (Linux-4.15.0-99-generic-x86_64-with-debian-buster-sid) msrest/0.6.16
        msrest_azure/0.6.3 azure-mgmt-resource/9.0.0 Azure-SDK-For-Python AZURECLI/2.7.0
      accept-language:
      - en-US
    method: GET
    uri: https://management.azure.com/subscriptions/00000000-0000-0000-0000-000000000000/resourcegroups/cli_test_multi_nic_vm000001?api-version=2019-07-01
  response:
    body:
      string: '{"id":"/subscriptions/00000000-0000-0000-0000-000000000000/resourceGroups/cli_test_multi_nic_vm000001","name":"cli_test_multi_nic_vm000001","type":"Microsoft.Resources/resourceGroups","location":"westus","tags":{"product":"azurecli","cause":"automation","date":"2020-06-15T09:25:56Z"},"properties":{"provisioningState":"Succeeded"}}'
    headers:
      cache-control:
      - no-cache
      content-length:
      - '428'
      content-type:
      - application/json; charset=utf-8
      date:
      - Mon, 15 Jun 2020 09:26:32 GMT
      expires:
      - '-1'
      pragma:
      - no-cache
      strict-transport-security:
      - max-age=31536000; includeSubDomains
      vary:
      - Accept-Encoding
      x-content-type-options:
      - nosniff
    status:
      code: 200
      message: OK
- request:
    body: 'b''{"location": "westus", "properties": {"ipConfigurations": [{"properties":
      {"privateIPAllocationMethod": "Dynamic", "privateIPAddressVersion": "IPv4",
      "subnet": {"id": "/subscriptions/00000000-0000-0000-0000-000000000000/resourceGroups/cli_test_multi_nic_vm000001/providers/Microsoft.Network/virtualNetworks/myvnet/subnets/mysubnet"}},
      "name": "ipconfig1"}], "dnsSettings": {"dnsServers": []}, "enableIPForwarding":
      false}}'''
    headers:
      Accept:
      - application/json
      Accept-Encoding:
      - gzip, deflate
      CommandName:
      - network nic create
      Connection:
      - keep-alive
      Content-Length:
      - '470'
      Content-Type:
      - application/json; charset=utf-8
      ParameterSetName:
      - -g -n --subnet --vnet-name
      User-Agent:
      - python/3.7.4 (Linux-4.15.0-99-generic-x86_64-with-debian-buster-sid) msrest/0.6.16
        msrest_azure/0.6.3 azure-mgmt-network/10.2.0 Azure-SDK-For-Python AZURECLI/2.7.0
      accept-language:
      - en-US
    method: PUT
    uri: https://management.azure.com/subscriptions/00000000-0000-0000-0000-000000000000/resourceGroups/cli_test_multi_nic_vm000001/providers/Microsoft.Network/networkInterfaces/nic1?api-version=2020-05-01
  response:
    body:
      string: "{\r\n  \"name\": \"nic1\",\r\n  \"id\": \"/subscriptions/00000000-0000-0000-0000-000000000000/resourceGroups/cli_test_multi_nic_vm000001/providers/Microsoft.Network/networkInterfaces/nic1\"\
        ,\r\n  \"etag\": \"W/\\\"44aac8bf-0ab1-468a-a7ed-438d3f207a28\\\"\",\r\n \
        \ \"location\": \"westus\",\r\n  \"properties\": {\r\n    \"provisioningState\"\
        : \"Succeeded\",\r\n    \"resourceGuid\": \"79942ea7-83bc-4d08-857a-93b154ef9448\"\
        ,\r\n    \"ipConfigurations\": [\r\n      {\r\n        \"name\": \"ipconfig1\"\
        ,\r\n        \"id\": \"/subscriptions/00000000-0000-0000-0000-000000000000/resourceGroups/cli_test_multi_nic_vm000001/providers/Microsoft.Network/networkInterfaces/nic1/ipConfigurations/ipconfig1\"\
        ,\r\n        \"etag\": \"W/\\\"44aac8bf-0ab1-468a-a7ed-438d3f207a28\\\"\"\
        ,\r\n        \"type\": \"Microsoft.Network/networkInterfaces/ipConfigurations\"\
        ,\r\n        \"properties\": {\r\n          \"provisioningState\": \"Succeeded\"\
        ,\r\n          \"privateIPAddress\": \"10.0.0.4\",\r\n          \"privateIPAllocationMethod\"\
        : \"Dynamic\",\r\n          \"subnet\": {\r\n            \"id\": \"/subscriptions/00000000-0000-0000-0000-000000000000/resourceGroups/cli_test_multi_nic_vm000001/providers/Microsoft.Network/virtualNetworks/myvnet/subnets/mysubnet\"\
        \r\n          },\r\n          \"primary\": true,\r\n          \"privateIPAddressVersion\"\
        : \"IPv4\"\r\n        }\r\n      }\r\n    ],\r\n    \"dnsSettings\": {\r\n\
        \      \"dnsServers\": [],\r\n      \"appliedDnsServers\": [],\r\n      \"\
        internalDomainNameSuffix\": \"r3sqbkfw4mwu5g0wq1cnjqvdoh.dx.internal.cloudapp.net\"\
        \r\n    },\r\n    \"enableAcceleratedNetworking\": false,\r\n    \"enableIPForwarding\"\
        : false,\r\n    \"hostedWorkloads\": [],\r\n    \"tapConfigurations\": [],\r\
        \n    \"nicType\": \"Standard\"\r\n  },\r\n  \"type\": \"Microsoft.Network/networkInterfaces\"\
        \r\n}"
    headers:
      azure-asyncnotification:
      - Enabled
      azure-asyncoperation:
      - https://management.azure.com/subscriptions/00000000-0000-0000-0000-000000000000/providers/Microsoft.Network/locations/westus/operations/de01f18d-4f95-44a0-ad71-95956b1a7d65?api-version=2020-05-01
      cache-control:
      - no-cache
      content-length:
      - '1798'
      content-type:
      - application/json; charset=utf-8
      date:
      - Mon, 15 Jun 2020 09:26:37 GMT
      expires:
      - '-1'
      pragma:
      - no-cache
      server:
      - Microsoft-HTTPAPI/2.0
      - Microsoft-HTTPAPI/2.0
      strict-transport-security:
      - max-age=31536000; includeSubDomains
      x-content-type-options:
      - nosniff
      x-ms-arm-service-request-id:
      - 2745753a-3da1-4b89-aec8-6f89ae17a08b
      x-ms-ratelimit-remaining-subscription-writes:
      - '1191'
    status:
      code: 201
      message: Created
- request:
    body: null
    headers:
      Accept:
      - application/json
      Accept-Encoding:
      - gzip, deflate
      CommandName:
      - network nic create
      Connection:
      - keep-alive
      ParameterSetName:
      - -g -n --subnet --vnet-name
      User-Agent:
      - python/3.7.4 (Linux-4.15.0-99-generic-x86_64-with-debian-buster-sid) msrest/0.6.16
        msrest_azure/0.6.3 azure-mgmt-network/10.2.0 Azure-SDK-For-Python AZURECLI/2.7.0
    method: GET
    uri: https://management.azure.com/subscriptions/00000000-0000-0000-0000-000000000000/providers/Microsoft.Network/locations/westus/operations/de01f18d-4f95-44a0-ad71-95956b1a7d65?api-version=2020-05-01
  response:
    body:
      string: "{\r\n  \"status\": \"Succeeded\"\r\n}"
    headers:
      cache-control:
      - no-cache
      content-length:
      - '29'
      content-type:
      - application/json; charset=utf-8
      date:
      - Mon, 15 Jun 2020 09:27:08 GMT
      expires:
      - '-1'
      pragma:
      - no-cache
      server:
      - Microsoft-HTTPAPI/2.0
      - Microsoft-HTTPAPI/2.0
      strict-transport-security:
      - max-age=31536000; includeSubDomains
      transfer-encoding:
      - chunked
      vary:
      - Accept-Encoding
      x-content-type-options:
      - nosniff
      x-ms-arm-service-request-id:
      - 6d369caa-cec3-4382-961f-14cd6adbf6ee
    status:
      code: 200
      message: OK
- request:
    body: null
    headers:
      Accept:
      - application/json
      Accept-Encoding:
      - gzip, deflate
      CommandName:
      - network nic create
      Connection:
      - keep-alive
      ParameterSetName:
      - -g -n --subnet --vnet-name
      User-Agent:
      - python/3.7.4 (Linux-4.15.0-99-generic-x86_64-with-debian-buster-sid) msrest/0.6.16
        msrest_azure/0.6.3 azure-mgmt-network/10.2.0 Azure-SDK-For-Python AZURECLI/2.7.0
    method: GET
    uri: https://management.azure.com/subscriptions/00000000-0000-0000-0000-000000000000/resourceGroups/cli_test_multi_nic_vm000001/providers/Microsoft.Network/networkInterfaces/nic1?api-version=2020-05-01
  response:
    body:
      string: "{\r\n  \"name\": \"nic1\",\r\n  \"id\": \"/subscriptions/00000000-0000-0000-0000-000000000000/resourceGroups/cli_test_multi_nic_vm000001/providers/Microsoft.Network/networkInterfaces/nic1\"\
        ,\r\n  \"etag\": \"W/\\\"44aac8bf-0ab1-468a-a7ed-438d3f207a28\\\"\",\r\n \
        \ \"location\": \"westus\",\r\n  \"properties\": {\r\n    \"provisioningState\"\
        : \"Succeeded\",\r\n    \"resourceGuid\": \"79942ea7-83bc-4d08-857a-93b154ef9448\"\
        ,\r\n    \"ipConfigurations\": [\r\n      {\r\n        \"name\": \"ipconfig1\"\
        ,\r\n        \"id\": \"/subscriptions/00000000-0000-0000-0000-000000000000/resourceGroups/cli_test_multi_nic_vm000001/providers/Microsoft.Network/networkInterfaces/nic1/ipConfigurations/ipconfig1\"\
        ,\r\n        \"etag\": \"W/\\\"44aac8bf-0ab1-468a-a7ed-438d3f207a28\\\"\"\
        ,\r\n        \"type\": \"Microsoft.Network/networkInterfaces/ipConfigurations\"\
        ,\r\n        \"properties\": {\r\n          \"provisioningState\": \"Succeeded\"\
        ,\r\n          \"privateIPAddress\": \"10.0.0.4\",\r\n          \"privateIPAllocationMethod\"\
        : \"Dynamic\",\r\n          \"subnet\": {\r\n            \"id\": \"/subscriptions/00000000-0000-0000-0000-000000000000/resourceGroups/cli_test_multi_nic_vm000001/providers/Microsoft.Network/virtualNetworks/myvnet/subnets/mysubnet\"\
        \r\n          },\r\n          \"primary\": true,\r\n          \"privateIPAddressVersion\"\
        : \"IPv4\"\r\n        }\r\n      }\r\n    ],\r\n    \"dnsSettings\": {\r\n\
        \      \"dnsServers\": [],\r\n      \"appliedDnsServers\": [],\r\n      \"\
        internalDomainNameSuffix\": \"r3sqbkfw4mwu5g0wq1cnjqvdoh.dx.internal.cloudapp.net\"\
        \r\n    },\r\n    \"enableAcceleratedNetworking\": false,\r\n    \"enableIPForwarding\"\
        : false,\r\n    \"hostedWorkloads\": [],\r\n    \"tapConfigurations\": [],\r\
        \n    \"nicType\": \"Standard\"\r\n  },\r\n  \"type\": \"Microsoft.Network/networkInterfaces\"\
        \r\n}"
    headers:
      cache-control:
      - no-cache
      content-length:
      - '1798'
      content-type:
      - application/json; charset=utf-8
      date:
      - Mon, 15 Jun 2020 09:27:08 GMT
      etag:
      - W/"44aac8bf-0ab1-468a-a7ed-438d3f207a28"
      expires:
      - '-1'
      pragma:
      - no-cache
      server:
      - Microsoft-HTTPAPI/2.0
      - Microsoft-HTTPAPI/2.0
      strict-transport-security:
      - max-age=31536000; includeSubDomains
      transfer-encoding:
      - chunked
      vary:
      - Accept-Encoding
      x-content-type-options:
      - nosniff
      x-ms-arm-service-request-id:
      - 962fe49a-e503-4e01-a255-8fd255ce36de
    status:
      code: 200
      message: OK
- request:
    body: null
    headers:
      Accept:
      - application/json
      Accept-Encoding:
      - gzip, deflate
      CommandName:
      - network nic create
      Connection:
      - keep-alive
      ParameterSetName:
      - -g -n --subnet --vnet-name
      User-Agent:
      - python/3.7.4 (Linux-4.15.0-99-generic-x86_64-with-debian-buster-sid) msrest/0.6.16
        msrest_azure/0.6.3 azure-mgmt-resource/9.0.0 Azure-SDK-For-Python AZURECLI/2.7.0
      accept-language:
      - en-US
    method: GET
    uri: https://management.azure.com/subscriptions/00000000-0000-0000-0000-000000000000/resourcegroups/cli_test_multi_nic_vm000001?api-version=2019-07-01
  response:
    body:
      string: '{"id":"/subscriptions/00000000-0000-0000-0000-000000000000/resourceGroups/cli_test_multi_nic_vm000001","name":"cli_test_multi_nic_vm000001","type":"Microsoft.Resources/resourceGroups","location":"westus","tags":{"product":"azurecli","cause":"automation","date":"2020-06-15T09:25:56Z"},"properties":{"provisioningState":"Succeeded"}}'
    headers:
      cache-control:
      - no-cache
      content-length:
      - '428'
      content-type:
      - application/json; charset=utf-8
      date:
      - Mon, 15 Jun 2020 09:27:09 GMT
      expires:
      - '-1'
      pragma:
      - no-cache
      strict-transport-security:
      - max-age=31536000; includeSubDomains
      vary:
      - Accept-Encoding
      x-content-type-options:
      - nosniff
    status:
      code: 200
      message: OK
- request:
    body: 'b''{"location": "westus", "properties": {"ipConfigurations": [{"properties":
      {"privateIPAllocationMethod": "Dynamic", "privateIPAddressVersion": "IPv4",
      "subnet": {"id": "/subscriptions/00000000-0000-0000-0000-000000000000/resourceGroups/cli_test_multi_nic_vm000001/providers/Microsoft.Network/virtualNetworks/myvnet/subnets/mysubnet"}},
      "name": "ipconfig1"}], "dnsSettings": {"dnsServers": []}, "enableIPForwarding":
      false}}'''
    headers:
      Accept:
      - application/json
      Accept-Encoding:
      - gzip, deflate
      CommandName:
      - network nic create
      Connection:
      - keep-alive
      Content-Length:
      - '470'
      Content-Type:
      - application/json; charset=utf-8
      ParameterSetName:
      - -g -n --subnet --vnet-name
      User-Agent:
      - python/3.7.4 (Linux-4.15.0-99-generic-x86_64-with-debian-buster-sid) msrest/0.6.16
        msrest_azure/0.6.3 azure-mgmt-network/10.2.0 Azure-SDK-For-Python AZURECLI/2.7.0
      accept-language:
      - en-US
    method: PUT
    uri: https://management.azure.com/subscriptions/00000000-0000-0000-0000-000000000000/resourceGroups/cli_test_multi_nic_vm000001/providers/Microsoft.Network/networkInterfaces/nic2?api-version=2020-05-01
  response:
    body:
      string: "{\r\n  \"name\": \"nic2\",\r\n  \"id\": \"/subscriptions/00000000-0000-0000-0000-000000000000/resourceGroups/cli_test_multi_nic_vm000001/providers/Microsoft.Network/networkInterfaces/nic2\"\
        ,\r\n  \"etag\": \"W/\\\"07dc4b11-ca38-4f32-864c-ba31f0fa86b7\\\"\",\r\n \
        \ \"location\": \"westus\",\r\n  \"properties\": {\r\n    \"provisioningState\"\
        : \"Succeeded\",\r\n    \"resourceGuid\": \"b316bfcf-c128-4e56-8689-f3afcd58d92f\"\
        ,\r\n    \"ipConfigurations\": [\r\n      {\r\n        \"name\": \"ipconfig1\"\
        ,\r\n        \"id\": \"/subscriptions/00000000-0000-0000-0000-000000000000/resourceGroups/cli_test_multi_nic_vm000001/providers/Microsoft.Network/networkInterfaces/nic2/ipConfigurations/ipconfig1\"\
        ,\r\n        \"etag\": \"W/\\\"07dc4b11-ca38-4f32-864c-ba31f0fa86b7\\\"\"\
        ,\r\n        \"type\": \"Microsoft.Network/networkInterfaces/ipConfigurations\"\
        ,\r\n        \"properties\": {\r\n          \"provisioningState\": \"Succeeded\"\
        ,\r\n          \"privateIPAddress\": \"10.0.0.5\",\r\n          \"privateIPAllocationMethod\"\
        : \"Dynamic\",\r\n          \"subnet\": {\r\n            \"id\": \"/subscriptions/00000000-0000-0000-0000-000000000000/resourceGroups/cli_test_multi_nic_vm000001/providers/Microsoft.Network/virtualNetworks/myvnet/subnets/mysubnet\"\
        \r\n          },\r\n          \"primary\": true,\r\n          \"privateIPAddressVersion\"\
        : \"IPv4\"\r\n        }\r\n      }\r\n    ],\r\n    \"dnsSettings\": {\r\n\
        \      \"dnsServers\": [],\r\n      \"appliedDnsServers\": [],\r\n      \"\
        internalDomainNameSuffix\": \"r3sqbkfw4mwu5g0wq1cnjqvdoh.dx.internal.cloudapp.net\"\
        \r\n    },\r\n    \"enableAcceleratedNetworking\": false,\r\n    \"enableIPForwarding\"\
        : false,\r\n    \"hostedWorkloads\": [],\r\n    \"tapConfigurations\": [],\r\
        \n    \"nicType\": \"Standard\"\r\n  },\r\n  \"type\": \"Microsoft.Network/networkInterfaces\"\
        \r\n}"
    headers:
      azure-asyncnotification:
      - Enabled
      azure-asyncoperation:
      - https://management.azure.com/subscriptions/00000000-0000-0000-0000-000000000000/providers/Microsoft.Network/locations/westus/operations/2344fe40-058c-4abe-b342-c0ffa86c3c08?api-version=2020-05-01
      cache-control:
      - no-cache
      content-length:
      - '1798'
      content-type:
      - application/json; charset=utf-8
      date:
      - Mon, 15 Jun 2020 09:27:15 GMT
      expires:
      - '-1'
      pragma:
      - no-cache
      server:
      - Microsoft-HTTPAPI/2.0
      - Microsoft-HTTPAPI/2.0
      strict-transport-security:
      - max-age=31536000; includeSubDomains
      x-content-type-options:
      - nosniff
      x-ms-arm-service-request-id:
      - 0417742b-e202-40b1-8ee0-c780394db630
      x-ms-ratelimit-remaining-subscription-writes:
      - '1197'
    status:
      code: 201
      message: Created
- request:
    body: null
    headers:
      Accept:
      - application/json
      Accept-Encoding:
      - gzip, deflate
      CommandName:
      - network nic create
      Connection:
      - keep-alive
      ParameterSetName:
      - -g -n --subnet --vnet-name
      User-Agent:
      - python/3.7.4 (Linux-4.15.0-99-generic-x86_64-with-debian-buster-sid) msrest/0.6.16
        msrest_azure/0.6.3 azure-mgmt-network/10.2.0 Azure-SDK-For-Python AZURECLI/2.7.0
    method: GET
    uri: https://management.azure.com/subscriptions/00000000-0000-0000-0000-000000000000/providers/Microsoft.Network/locations/westus/operations/2344fe40-058c-4abe-b342-c0ffa86c3c08?api-version=2020-05-01
  response:
    body:
      string: "{\r\n  \"status\": \"Succeeded\"\r\n}"
    headers:
      cache-control:
      - no-cache
      content-length:
      - '29'
      content-type:
      - application/json; charset=utf-8
      date:
      - Mon, 15 Jun 2020 09:27:45 GMT
      expires:
      - '-1'
      pragma:
      - no-cache
      server:
      - Microsoft-HTTPAPI/2.0
      - Microsoft-HTTPAPI/2.0
      strict-transport-security:
      - max-age=31536000; includeSubDomains
      transfer-encoding:
      - chunked
      vary:
      - Accept-Encoding
      x-content-type-options:
      - nosniff
      x-ms-arm-service-request-id:
      - 7776bdb4-d5bc-4917-9732-8e9cd6261ebb
    status:
      code: 200
      message: OK
- request:
    body: null
    headers:
      Accept:
      - application/json
      Accept-Encoding:
      - gzip, deflate
      CommandName:
      - network nic create
      Connection:
      - keep-alive
      ParameterSetName:
      - -g -n --subnet --vnet-name
      User-Agent:
      - python/3.7.4 (Linux-4.15.0-99-generic-x86_64-with-debian-buster-sid) msrest/0.6.16
        msrest_azure/0.6.3 azure-mgmt-network/10.2.0 Azure-SDK-For-Python AZURECLI/2.7.0
    method: GET
    uri: https://management.azure.com/subscriptions/00000000-0000-0000-0000-000000000000/resourceGroups/cli_test_multi_nic_vm000001/providers/Microsoft.Network/networkInterfaces/nic2?api-version=2020-05-01
  response:
    body:
      string: "{\r\n  \"name\": \"nic2\",\r\n  \"id\": \"/subscriptions/00000000-0000-0000-0000-000000000000/resourceGroups/cli_test_multi_nic_vm000001/providers/Microsoft.Network/networkInterfaces/nic2\"\
        ,\r\n  \"etag\": \"W/\\\"07dc4b11-ca38-4f32-864c-ba31f0fa86b7\\\"\",\r\n \
        \ \"location\": \"westus\",\r\n  \"properties\": {\r\n    \"provisioningState\"\
        : \"Succeeded\",\r\n    \"resourceGuid\": \"b316bfcf-c128-4e56-8689-f3afcd58d92f\"\
        ,\r\n    \"ipConfigurations\": [\r\n      {\r\n        \"name\": \"ipconfig1\"\
        ,\r\n        \"id\": \"/subscriptions/00000000-0000-0000-0000-000000000000/resourceGroups/cli_test_multi_nic_vm000001/providers/Microsoft.Network/networkInterfaces/nic2/ipConfigurations/ipconfig1\"\
        ,\r\n        \"etag\": \"W/\\\"07dc4b11-ca38-4f32-864c-ba31f0fa86b7\\\"\"\
        ,\r\n        \"type\": \"Microsoft.Network/networkInterfaces/ipConfigurations\"\
        ,\r\n        \"properties\": {\r\n          \"provisioningState\": \"Succeeded\"\
        ,\r\n          \"privateIPAddress\": \"10.0.0.5\",\r\n          \"privateIPAllocationMethod\"\
        : \"Dynamic\",\r\n          \"subnet\": {\r\n            \"id\": \"/subscriptions/00000000-0000-0000-0000-000000000000/resourceGroups/cli_test_multi_nic_vm000001/providers/Microsoft.Network/virtualNetworks/myvnet/subnets/mysubnet\"\
        \r\n          },\r\n          \"primary\": true,\r\n          \"privateIPAddressVersion\"\
        : \"IPv4\"\r\n        }\r\n      }\r\n    ],\r\n    \"dnsSettings\": {\r\n\
        \      \"dnsServers\": [],\r\n      \"appliedDnsServers\": [],\r\n      \"\
        internalDomainNameSuffix\": \"r3sqbkfw4mwu5g0wq1cnjqvdoh.dx.internal.cloudapp.net\"\
        \r\n    },\r\n    \"enableAcceleratedNetworking\": false,\r\n    \"enableIPForwarding\"\
        : false,\r\n    \"hostedWorkloads\": [],\r\n    \"tapConfigurations\": [],\r\
        \n    \"nicType\": \"Standard\"\r\n  },\r\n  \"type\": \"Microsoft.Network/networkInterfaces\"\
        \r\n}"
    headers:
      cache-control:
      - no-cache
      content-length:
      - '1798'
      content-type:
      - application/json; charset=utf-8
      date:
      - Mon, 15 Jun 2020 09:27:46 GMT
      etag:
      - W/"07dc4b11-ca38-4f32-864c-ba31f0fa86b7"
      expires:
      - '-1'
      pragma:
      - no-cache
      server:
      - Microsoft-HTTPAPI/2.0
      - Microsoft-HTTPAPI/2.0
      strict-transport-security:
      - max-age=31536000; includeSubDomains
      transfer-encoding:
      - chunked
      vary:
      - Accept-Encoding
      x-content-type-options:
      - nosniff
      x-ms-arm-service-request-id:
      - 445a1b6b-036e-4d54-b06a-0624380b5c92
    status:
      code: 200
      message: OK
- request:
    body: null
    headers:
      Accept:
      - application/json
      Accept-Encoding:
      - gzip, deflate
      CommandName:
      - network nic create
      Connection:
      - keep-alive
      ParameterSetName:
      - -g -n --subnet --vnet-name
      User-Agent:
      - python/3.7.4 (Linux-4.15.0-99-generic-x86_64-with-debian-buster-sid) msrest/0.6.16
        msrest_azure/0.6.3 azure-mgmt-resource/9.0.0 Azure-SDK-For-Python AZURECLI/2.7.0
      accept-language:
      - en-US
    method: GET
    uri: https://management.azure.com/subscriptions/00000000-0000-0000-0000-000000000000/resourcegroups/cli_test_multi_nic_vm000001?api-version=2019-07-01
  response:
    body:
      string: '{"id":"/subscriptions/00000000-0000-0000-0000-000000000000/resourceGroups/cli_test_multi_nic_vm000001","name":"cli_test_multi_nic_vm000001","type":"Microsoft.Resources/resourceGroups","location":"westus","tags":{"product":"azurecli","cause":"automation","date":"2020-06-15T09:25:56Z"},"properties":{"provisioningState":"Succeeded"}}'
    headers:
      cache-control:
      - no-cache
      content-length:
      - '428'
      content-type:
      - application/json; charset=utf-8
      date:
      - Mon, 15 Jun 2020 09:27:47 GMT
      expires:
      - '-1'
      pragma:
      - no-cache
      strict-transport-security:
      - max-age=31536000; includeSubDomains
      vary:
      - Accept-Encoding
      x-content-type-options:
      - nosniff
    status:
      code: 200
      message: OK
- request:
    body: 'b''{"location": "westus", "properties": {"ipConfigurations": [{"properties":
      {"privateIPAllocationMethod": "Dynamic", "privateIPAddressVersion": "IPv4",
      "subnet": {"id": "/subscriptions/00000000-0000-0000-0000-000000000000/resourceGroups/cli_test_multi_nic_vm000001/providers/Microsoft.Network/virtualNetworks/myvnet/subnets/mysubnet"}},
      "name": "ipconfig1"}], "dnsSettings": {"dnsServers": []}, "enableIPForwarding":
      false}}'''
    headers:
      Accept:
      - application/json
      Accept-Encoding:
      - gzip, deflate
      CommandName:
      - network nic create
      Connection:
      - keep-alive
      Content-Length:
      - '470'
      Content-Type:
      - application/json; charset=utf-8
      ParameterSetName:
      - -g -n --subnet --vnet-name
      User-Agent:
      - python/3.7.4 (Linux-4.15.0-99-generic-x86_64-with-debian-buster-sid) msrest/0.6.16
        msrest_azure/0.6.3 azure-mgmt-network/10.2.0 Azure-SDK-For-Python AZURECLI/2.7.0
      accept-language:
      - en-US
    method: PUT
    uri: https://management.azure.com/subscriptions/00000000-0000-0000-0000-000000000000/resourceGroups/cli_test_multi_nic_vm000001/providers/Microsoft.Network/networkInterfaces/nic3?api-version=2020-05-01
  response:
    body:
      string: "{\r\n  \"name\": \"nic3\",\r\n  \"id\": \"/subscriptions/00000000-0000-0000-0000-000000000000/resourceGroups/cli_test_multi_nic_vm000001/providers/Microsoft.Network/networkInterfaces/nic3\"\
        ,\r\n  \"etag\": \"W/\\\"edcff6a6-d576-4e8d-aac1-2c0b848456f7\\\"\",\r\n \
        \ \"location\": \"westus\",\r\n  \"properties\": {\r\n    \"provisioningState\"\
        : \"Succeeded\",\r\n    \"resourceGuid\": \"8a5a1c5b-41f8-4c01-a2be-fb9db2477c7d\"\
        ,\r\n    \"ipConfigurations\": [\r\n      {\r\n        \"name\": \"ipconfig1\"\
        ,\r\n        \"id\": \"/subscriptions/00000000-0000-0000-0000-000000000000/resourceGroups/cli_test_multi_nic_vm000001/providers/Microsoft.Network/networkInterfaces/nic3/ipConfigurations/ipconfig1\"\
        ,\r\n        \"etag\": \"W/\\\"edcff6a6-d576-4e8d-aac1-2c0b848456f7\\\"\"\
        ,\r\n        \"type\": \"Microsoft.Network/networkInterfaces/ipConfigurations\"\
        ,\r\n        \"properties\": {\r\n          \"provisioningState\": \"Succeeded\"\
        ,\r\n          \"privateIPAddress\": \"10.0.0.6\",\r\n          \"privateIPAllocationMethod\"\
        : \"Dynamic\",\r\n          \"subnet\": {\r\n            \"id\": \"/subscriptions/00000000-0000-0000-0000-000000000000/resourceGroups/cli_test_multi_nic_vm000001/providers/Microsoft.Network/virtualNetworks/myvnet/subnets/mysubnet\"\
        \r\n          },\r\n          \"primary\": true,\r\n          \"privateIPAddressVersion\"\
        : \"IPv4\"\r\n        }\r\n      }\r\n    ],\r\n    \"dnsSettings\": {\r\n\
        \      \"dnsServers\": [],\r\n      \"appliedDnsServers\": [],\r\n      \"\
        internalDomainNameSuffix\": \"r3sqbkfw4mwu5g0wq1cnjqvdoh.dx.internal.cloudapp.net\"\
        \r\n    },\r\n    \"enableAcceleratedNetworking\": false,\r\n    \"enableIPForwarding\"\
        : false,\r\n    \"hostedWorkloads\": [],\r\n    \"tapConfigurations\": [],\r\
        \n    \"nicType\": \"Standard\"\r\n  },\r\n  \"type\": \"Microsoft.Network/networkInterfaces\"\
        \r\n}"
    headers:
      azure-asyncnotification:
      - Enabled
      azure-asyncoperation:
      - https://management.azure.com/subscriptions/00000000-0000-0000-0000-000000000000/providers/Microsoft.Network/locations/westus/operations/fee56f38-a031-4518-acbd-67fd1c7752bf?api-version=2020-05-01
      cache-control:
      - no-cache
      content-length:
      - '1798'
      content-type:
      - application/json; charset=utf-8
      date:
      - Mon, 15 Jun 2020 09:27:52 GMT
      expires:
      - '-1'
      pragma:
      - no-cache
      server:
      - Microsoft-HTTPAPI/2.0
      - Microsoft-HTTPAPI/2.0
      strict-transport-security:
      - max-age=31536000; includeSubDomains
      x-content-type-options:
      - nosniff
      x-ms-arm-service-request-id:
      - 07292744-0113-4af6-a833-2eef74edacf3
      x-ms-ratelimit-remaining-subscription-writes:
      - '1190'
    status:
      code: 201
      message: Created
- request:
    body: null
    headers:
      Accept:
      - application/json
      Accept-Encoding:
      - gzip, deflate
      CommandName:
      - network nic create
      Connection:
      - keep-alive
      ParameterSetName:
      - -g -n --subnet --vnet-name
      User-Agent:
      - python/3.7.4 (Linux-4.15.0-99-generic-x86_64-with-debian-buster-sid) msrest/0.6.16
        msrest_azure/0.6.3 azure-mgmt-network/10.2.0 Azure-SDK-For-Python AZURECLI/2.7.0
    method: GET
    uri: https://management.azure.com/subscriptions/00000000-0000-0000-0000-000000000000/providers/Microsoft.Network/locations/westus/operations/fee56f38-a031-4518-acbd-67fd1c7752bf?api-version=2020-05-01
  response:
    body:
      string: "{\r\n  \"status\": \"Succeeded\"\r\n}"
    headers:
      cache-control:
      - no-cache
      content-length:
      - '29'
      content-type:
      - application/json; charset=utf-8
      date:
      - Mon, 15 Jun 2020 09:28:23 GMT
      expires:
      - '-1'
      pragma:
      - no-cache
      server:
      - Microsoft-HTTPAPI/2.0
      - Microsoft-HTTPAPI/2.0
      strict-transport-security:
      - max-age=31536000; includeSubDomains
      transfer-encoding:
      - chunked
      vary:
      - Accept-Encoding
      x-content-type-options:
      - nosniff
      x-ms-arm-service-request-id:
      - 7016319a-528e-419d-8af3-c53bb71a8a8b
    status:
      code: 200
      message: OK
- request:
    body: null
    headers:
      Accept:
      - application/json
      Accept-Encoding:
      - gzip, deflate
      CommandName:
      - network nic create
      Connection:
      - keep-alive
      ParameterSetName:
      - -g -n --subnet --vnet-name
      User-Agent:
      - python/3.7.4 (Linux-4.15.0-99-generic-x86_64-with-debian-buster-sid) msrest/0.6.16
        msrest_azure/0.6.3 azure-mgmt-network/10.2.0 Azure-SDK-For-Python AZURECLI/2.7.0
    method: GET
    uri: https://management.azure.com/subscriptions/00000000-0000-0000-0000-000000000000/resourceGroups/cli_test_multi_nic_vm000001/providers/Microsoft.Network/networkInterfaces/nic3?api-version=2020-05-01
  response:
    body:
      string: "{\r\n  \"name\": \"nic3\",\r\n  \"id\": \"/subscriptions/00000000-0000-0000-0000-000000000000/resourceGroups/cli_test_multi_nic_vm000001/providers/Microsoft.Network/networkInterfaces/nic3\"\
        ,\r\n  \"etag\": \"W/\\\"edcff6a6-d576-4e8d-aac1-2c0b848456f7\\\"\",\r\n \
        \ \"location\": \"westus\",\r\n  \"properties\": {\r\n    \"provisioningState\"\
        : \"Succeeded\",\r\n    \"resourceGuid\": \"8a5a1c5b-41f8-4c01-a2be-fb9db2477c7d\"\
        ,\r\n    \"ipConfigurations\": [\r\n      {\r\n        \"name\": \"ipconfig1\"\
        ,\r\n        \"id\": \"/subscriptions/00000000-0000-0000-0000-000000000000/resourceGroups/cli_test_multi_nic_vm000001/providers/Microsoft.Network/networkInterfaces/nic3/ipConfigurations/ipconfig1\"\
        ,\r\n        \"etag\": \"W/\\\"edcff6a6-d576-4e8d-aac1-2c0b848456f7\\\"\"\
        ,\r\n        \"type\": \"Microsoft.Network/networkInterfaces/ipConfigurations\"\
        ,\r\n        \"properties\": {\r\n          \"provisioningState\": \"Succeeded\"\
        ,\r\n          \"privateIPAddress\": \"10.0.0.6\",\r\n          \"privateIPAllocationMethod\"\
        : \"Dynamic\",\r\n          \"subnet\": {\r\n            \"id\": \"/subscriptions/00000000-0000-0000-0000-000000000000/resourceGroups/cli_test_multi_nic_vm000001/providers/Microsoft.Network/virtualNetworks/myvnet/subnets/mysubnet\"\
        \r\n          },\r\n          \"primary\": true,\r\n          \"privateIPAddressVersion\"\
        : \"IPv4\"\r\n        }\r\n      }\r\n    ],\r\n    \"dnsSettings\": {\r\n\
        \      \"dnsServers\": [],\r\n      \"appliedDnsServers\": [],\r\n      \"\
        internalDomainNameSuffix\": \"r3sqbkfw4mwu5g0wq1cnjqvdoh.dx.internal.cloudapp.net\"\
        \r\n    },\r\n    \"enableAcceleratedNetworking\": false,\r\n    \"enableIPForwarding\"\
        : false,\r\n    \"hostedWorkloads\": [],\r\n    \"tapConfigurations\": [],\r\
        \n    \"nicType\": \"Standard\"\r\n  },\r\n  \"type\": \"Microsoft.Network/networkInterfaces\"\
        \r\n}"
    headers:
      cache-control:
      - no-cache
      content-length:
      - '1798'
      content-type:
      - application/json; charset=utf-8
      date:
      - Mon, 15 Jun 2020 09:28:24 GMT
      etag:
      - W/"edcff6a6-d576-4e8d-aac1-2c0b848456f7"
      expires:
      - '-1'
      pragma:
      - no-cache
      server:
      - Microsoft-HTTPAPI/2.0
      - Microsoft-HTTPAPI/2.0
      strict-transport-security:
      - max-age=31536000; includeSubDomains
      transfer-encoding:
      - chunked
      vary:
      - Accept-Encoding
      x-content-type-options:
      - nosniff
      x-ms-arm-service-request-id:
      - 99166d03-4751-4ba7-87b0-d13da07ba6b0
    status:
      code: 200
      message: OK
- request:
    body: null
    headers:
      Accept:
      - application/json
      Accept-Encoding:
      - gzip, deflate
      CommandName:
      - network nic create
      Connection:
      - keep-alive
      ParameterSetName:
      - -g -n --subnet --vnet-name
      User-Agent:
      - python/3.7.4 (Linux-4.15.0-99-generic-x86_64-with-debian-buster-sid) msrest/0.6.16
        msrest_azure/0.6.3 azure-mgmt-resource/9.0.0 Azure-SDK-For-Python AZURECLI/2.7.0
      accept-language:
      - en-US
    method: GET
    uri: https://management.azure.com/subscriptions/00000000-0000-0000-0000-000000000000/resourcegroups/cli_test_multi_nic_vm000001?api-version=2019-07-01
  response:
    body:
      string: '{"id":"/subscriptions/00000000-0000-0000-0000-000000000000/resourceGroups/cli_test_multi_nic_vm000001","name":"cli_test_multi_nic_vm000001","type":"Microsoft.Resources/resourceGroups","location":"westus","tags":{"product":"azurecli","cause":"automation","date":"2020-06-15T09:25:56Z"},"properties":{"provisioningState":"Succeeded"}}'
    headers:
      cache-control:
      - no-cache
      content-length:
      - '428'
      content-type:
      - application/json; charset=utf-8
      date:
      - Mon, 15 Jun 2020 09:28:24 GMT
      expires:
      - '-1'
      pragma:
      - no-cache
      strict-transport-security:
      - max-age=31536000; includeSubDomains
      vary:
      - Accept-Encoding
      x-content-type-options:
      - nosniff
    status:
      code: 200
      message: OK
- request:
    body: 'b''{"location": "westus", "properties": {"ipConfigurations": [{"properties":
      {"privateIPAllocationMethod": "Dynamic", "privateIPAddressVersion": "IPv4",
      "subnet": {"id": "/subscriptions/00000000-0000-0000-0000-000000000000/resourceGroups/cli_test_multi_nic_vm000001/providers/Microsoft.Network/virtualNetworks/myvnet/subnets/mysubnet"}},
      "name": "ipconfig1"}], "dnsSettings": {"dnsServers": []}, "enableIPForwarding":
      false}}'''
    headers:
      Accept:
      - application/json
      Accept-Encoding:
      - gzip, deflate
      CommandName:
      - network nic create
      Connection:
      - keep-alive
      Content-Length:
      - '470'
      Content-Type:
      - application/json; charset=utf-8
      ParameterSetName:
      - -g -n --subnet --vnet-name
      User-Agent:
      - python/3.7.4 (Linux-4.15.0-99-generic-x86_64-with-debian-buster-sid) msrest/0.6.16
        msrest_azure/0.6.3 azure-mgmt-network/10.2.0 Azure-SDK-For-Python AZURECLI/2.7.0
      accept-language:
      - en-US
    method: PUT
    uri: https://management.azure.com/subscriptions/00000000-0000-0000-0000-000000000000/resourceGroups/cli_test_multi_nic_vm000001/providers/Microsoft.Network/networkInterfaces/nic4?api-version=2020-05-01
  response:
    body:
      string: "{\r\n  \"name\": \"nic4\",\r\n  \"id\": \"/subscriptions/00000000-0000-0000-0000-000000000000/resourceGroups/cli_test_multi_nic_vm000001/providers/Microsoft.Network/networkInterfaces/nic4\"\
        ,\r\n  \"etag\": \"W/\\\"8c849748-43df-4864-9059-d77663bc3321\\\"\",\r\n \
        \ \"location\": \"westus\",\r\n  \"properties\": {\r\n    \"provisioningState\"\
        : \"Succeeded\",\r\n    \"resourceGuid\": \"561ac92d-9875-4768-96bb-c68bb7c08a6d\"\
        ,\r\n    \"ipConfigurations\": [\r\n      {\r\n        \"name\": \"ipconfig1\"\
        ,\r\n        \"id\": \"/subscriptions/00000000-0000-0000-0000-000000000000/resourceGroups/cli_test_multi_nic_vm000001/providers/Microsoft.Network/networkInterfaces/nic4/ipConfigurations/ipconfig1\"\
        ,\r\n        \"etag\": \"W/\\\"8c849748-43df-4864-9059-d77663bc3321\\\"\"\
        ,\r\n        \"type\": \"Microsoft.Network/networkInterfaces/ipConfigurations\"\
        ,\r\n        \"properties\": {\r\n          \"provisioningState\": \"Succeeded\"\
        ,\r\n          \"privateIPAddress\": \"10.0.0.7\",\r\n          \"privateIPAllocationMethod\"\
        : \"Dynamic\",\r\n          \"subnet\": {\r\n            \"id\": \"/subscriptions/00000000-0000-0000-0000-000000000000/resourceGroups/cli_test_multi_nic_vm000001/providers/Microsoft.Network/virtualNetworks/myvnet/subnets/mysubnet\"\
        \r\n          },\r\n          \"primary\": true,\r\n          \"privateIPAddressVersion\"\
        : \"IPv4\"\r\n        }\r\n      }\r\n    ],\r\n    \"dnsSettings\": {\r\n\
        \      \"dnsServers\": [],\r\n      \"appliedDnsServers\": [],\r\n      \"\
        internalDomainNameSuffix\": \"r3sqbkfw4mwu5g0wq1cnjqvdoh.dx.internal.cloudapp.net\"\
        \r\n    },\r\n    \"enableAcceleratedNetworking\": false,\r\n    \"enableIPForwarding\"\
        : false,\r\n    \"hostedWorkloads\": [],\r\n    \"tapConfigurations\": [],\r\
        \n    \"nicType\": \"Standard\"\r\n  },\r\n  \"type\": \"Microsoft.Network/networkInterfaces\"\
        \r\n}"
    headers:
      azure-asyncnotification:
      - Enabled
      azure-asyncoperation:
      - https://management.azure.com/subscriptions/00000000-0000-0000-0000-000000000000/providers/Microsoft.Network/locations/westus/operations/55c4d355-438e-46d1-af53-ca9635b43501?api-version=2020-05-01
      cache-control:
      - no-cache
      content-length:
      - '1798'
      content-type:
      - application/json; charset=utf-8
      date:
      - Mon, 15 Jun 2020 09:28:29 GMT
      expires:
      - '-1'
      pragma:
      - no-cache
      server:
      - Microsoft-HTTPAPI/2.0
      - Microsoft-HTTPAPI/2.0
      strict-transport-security:
      - max-age=31536000; includeSubDomains
      x-content-type-options:
      - nosniff
      x-ms-arm-service-request-id:
      - eb4d7cb0-2ced-4208-b24f-7afa0365fdd6
      x-ms-ratelimit-remaining-subscription-writes:
      - '1196'
    status:
      code: 201
      message: Created
- request:
    body: null
    headers:
      Accept:
      - application/json
      Accept-Encoding:
      - gzip, deflate
      CommandName:
      - network nic create
      Connection:
      - keep-alive
      ParameterSetName:
      - -g -n --subnet --vnet-name
      User-Agent:
      - python/3.7.4 (Linux-4.15.0-99-generic-x86_64-with-debian-buster-sid) msrest/0.6.16
        msrest_azure/0.6.3 azure-mgmt-network/10.2.0 Azure-SDK-For-Python AZURECLI/2.7.0
    method: GET
    uri: https://management.azure.com/subscriptions/00000000-0000-0000-0000-000000000000/providers/Microsoft.Network/locations/westus/operations/55c4d355-438e-46d1-af53-ca9635b43501?api-version=2020-05-01
  response:
    body:
      string: "{\r\n  \"status\": \"Succeeded\"\r\n}"
    headers:
      cache-control:
      - no-cache
      content-length:
      - '29'
      content-type:
      - application/json; charset=utf-8
      date:
      - Mon, 15 Jun 2020 09:29:00 GMT
      expires:
      - '-1'
      pragma:
      - no-cache
      server:
      - Microsoft-HTTPAPI/2.0
      - Microsoft-HTTPAPI/2.0
      strict-transport-security:
      - max-age=31536000; includeSubDomains
      transfer-encoding:
      - chunked
      vary:
      - Accept-Encoding
      x-content-type-options:
      - nosniff
      x-ms-arm-service-request-id:
      - a671360c-4a98-40db-83af-b542b39c0a11
    status:
      code: 200
      message: OK
- request:
    body: null
    headers:
      Accept:
      - application/json
      Accept-Encoding:
      - gzip, deflate
      CommandName:
      - network nic create
      Connection:
      - keep-alive
      ParameterSetName:
      - -g -n --subnet --vnet-name
      User-Agent:
      - python/3.7.4 (Linux-4.15.0-99-generic-x86_64-with-debian-buster-sid) msrest/0.6.16
        msrest_azure/0.6.3 azure-mgmt-network/10.2.0 Azure-SDK-For-Python AZURECLI/2.7.0
    method: GET
    uri: https://management.azure.com/subscriptions/00000000-0000-0000-0000-000000000000/resourceGroups/cli_test_multi_nic_vm000001/providers/Microsoft.Network/networkInterfaces/nic4?api-version=2020-05-01
  response:
    body:
      string: "{\r\n  \"name\": \"nic4\",\r\n  \"id\": \"/subscriptions/00000000-0000-0000-0000-000000000000/resourceGroups/cli_test_multi_nic_vm000001/providers/Microsoft.Network/networkInterfaces/nic4\"\
        ,\r\n  \"etag\": \"W/\\\"8c849748-43df-4864-9059-d77663bc3321\\\"\",\r\n \
        \ \"location\": \"westus\",\r\n  \"properties\": {\r\n    \"provisioningState\"\
        : \"Succeeded\",\r\n    \"resourceGuid\": \"561ac92d-9875-4768-96bb-c68bb7c08a6d\"\
        ,\r\n    \"ipConfigurations\": [\r\n      {\r\n        \"name\": \"ipconfig1\"\
        ,\r\n        \"id\": \"/subscriptions/00000000-0000-0000-0000-000000000000/resourceGroups/cli_test_multi_nic_vm000001/providers/Microsoft.Network/networkInterfaces/nic4/ipConfigurations/ipconfig1\"\
        ,\r\n        \"etag\": \"W/\\\"8c849748-43df-4864-9059-d77663bc3321\\\"\"\
        ,\r\n        \"type\": \"Microsoft.Network/networkInterfaces/ipConfigurations\"\
        ,\r\n        \"properties\": {\r\n          \"provisioningState\": \"Succeeded\"\
        ,\r\n          \"privateIPAddress\": \"10.0.0.7\",\r\n          \"privateIPAllocationMethod\"\
        : \"Dynamic\",\r\n          \"subnet\": {\r\n            \"id\": \"/subscriptions/00000000-0000-0000-0000-000000000000/resourceGroups/cli_test_multi_nic_vm000001/providers/Microsoft.Network/virtualNetworks/myvnet/subnets/mysubnet\"\
        \r\n          },\r\n          \"primary\": true,\r\n          \"privateIPAddressVersion\"\
        : \"IPv4\"\r\n        }\r\n      }\r\n    ],\r\n    \"dnsSettings\": {\r\n\
        \      \"dnsServers\": [],\r\n      \"appliedDnsServers\": [],\r\n      \"\
        internalDomainNameSuffix\": \"r3sqbkfw4mwu5g0wq1cnjqvdoh.dx.internal.cloudapp.net\"\
        \r\n    },\r\n    \"enableAcceleratedNetworking\": false,\r\n    \"enableIPForwarding\"\
        : false,\r\n    \"hostedWorkloads\": [],\r\n    \"tapConfigurations\": [],\r\
        \n    \"nicType\": \"Standard\"\r\n  },\r\n  \"type\": \"Microsoft.Network/networkInterfaces\"\
        \r\n}"
    headers:
      cache-control:
      - no-cache
      content-length:
      - '1798'
      content-type:
      - application/json; charset=utf-8
      date:
      - Mon, 15 Jun 2020 09:29:01 GMT
      etag:
      - W/"8c849748-43df-4864-9059-d77663bc3321"
      expires:
      - '-1'
      pragma:
      - no-cache
      server:
      - Microsoft-HTTPAPI/2.0
      - Microsoft-HTTPAPI/2.0
      strict-transport-security:
      - max-age=31536000; includeSubDomains
      transfer-encoding:
      - chunked
      vary:
      - Accept-Encoding
      x-content-type-options:
      - nosniff
      x-ms-arm-service-request-id:
      - 4c1d8e55-2f8d-4a76-bdb7-02d193ebf88a
    status:
      code: 200
      message: OK
- request:
    body: null
    headers:
      Accept:
      - application/json
      Accept-Encoding:
      - gzip, deflate
      CommandName:
      - vm create
      Connection:
      - keep-alive
      ParameterSetName:
      - -g -n --image --nics --admin-username --size --ssh-key-value
      User-Agent:
      - python/3.7.4 (Linux-4.15.0-99-generic-x86_64-with-debian-buster-sid) msrest/0.6.16
        msrest_azure/0.6.3 azure-mgmt-resource/9.0.0 Azure-SDK-For-Python AZURECLI/2.7.0
      accept-language:
      - en-US
    method: GET
    uri: https://management.azure.com/subscriptions/00000000-0000-0000-0000-000000000000/resourcegroups/cli_test_multi_nic_vm000001?api-version=2019-07-01
  response:
    body:
      string: '{"id":"/subscriptions/00000000-0000-0000-0000-000000000000/resourceGroups/cli_test_multi_nic_vm000001","name":"cli_test_multi_nic_vm000001","type":"Microsoft.Resources/resourceGroups","location":"westus","tags":{"product":"azurecli","cause":"automation","date":"2020-06-15T09:25:56Z"},"properties":{"provisioningState":"Succeeded"}}'
    headers:
      cache-control:
      - no-cache
      content-length:
      - '428'
      content-type:
      - application/json; charset=utf-8
      date:
      - Mon, 15 Jun 2020 09:29:01 GMT
      expires:
      - '-1'
      pragma:
      - no-cache
      strict-transport-security:
      - max-age=31536000; includeSubDomains
      vary:
      - Accept-Encoding
      x-content-type-options:
      - nosniff
    status:
      code: 200
      message: OK
- request:
    body: null
    headers:
      Accept:
      - '*/*'
      Accept-Encoding:
      - gzip, deflate
      Connection:
      - keep-alive
      User-Agent:
      - python-requests/2.23.0
    method: GET
    uri: https://raw.githubusercontent.com/Azure/azure-rest-api-specs/master/arm-compute/quickstart-templates/aliases.json
  response:
    body:
      string: "{\n  \"$schema\": \"http://schema.management.azure.com/schemas/2015-01-01/deploymentTemplate.json\"\
        ,\n  \"contentVersion\": \"1.0.0.0\",\n  \"parameters\": {},\n  \"variables\"\
        : {},\n  \"resources\": [],\n  \"outputs\": {\n    \"aliases\": {\n      \"\
        type\": \"object\",\n      \"value\": {\n        \"Linux\": {\n          \"\
        CentOS\": {\n            \"publisher\": \"OpenLogic\",\n            \"offer\"\
        : \"CentOS\",\n            \"sku\": \"7.5\",\n            \"version\": \"\
        latest\"\n          },\n          \"CoreOS\": {\n            \"publisher\"\
        : \"CoreOS\",\n            \"offer\": \"CoreOS\",\n            \"sku\": \"\
        Stable\",\n            \"version\": \"latest\"\n          },\n          \"\
        Debian\": {\n            \"publisher\": \"Debian\",\n            \"offer\"\
        : \"debian-10\",\n            \"sku\": \"10\",\n            \"version\": \"\
        latest\"\n          },\n          \"openSUSE-Leap\": {\n            \"publisher\"\
        : \"SUSE\",\n            \"offer\": \"openSUSE-Leap\",\n            \"sku\"\
        : \"42.3\",\n            \"version\": \"latest\"\n          },\n         \
        \ \"RHEL\": {\n            \"publisher\": \"RedHat\",\n            \"offer\"\
        : \"RHEL\",\n            \"sku\": \"7-LVM\",\n            \"version\": \"\
        latest\"\n          },\n          \"SLES\": {\n            \"publisher\":\
        \ \"SUSE\",\n            \"offer\": \"SLES\",\n            \"sku\": \"15\"\
        ,\n            \"version\": \"latest\"\n          },\n          \"UbuntuLTS\"\
        : {\n            \"publisher\": \"Canonical\",\n            \"offer\": \"\
        UbuntuServer\",\n            \"sku\": \"18.04-LTS\",\n            \"version\"\
        : \"latest\"\n          }\n        },\n        \"Windows\": {\n          \"\
        Win2019Datacenter\": {\n            \"publisher\": \"MicrosoftWindowsServer\"\
        ,\n            \"offer\": \"WindowsServer\",\n            \"sku\": \"2019-Datacenter\"\
        ,\n            \"version\": \"latest\"\n          },\n          \"Win2016Datacenter\"\
        : {\n            \"publisher\": \"MicrosoftWindowsServer\",\n            \"\
        offer\": \"WindowsServer\",\n            \"sku\": \"2016-Datacenter\",\n \
        \           \"version\": \"latest\"\n          },\n          \"Win2012R2Datacenter\"\
        : {\n            \"publisher\": \"MicrosoftWindowsServer\",\n            \"\
        offer\": \"WindowsServer\",\n            \"sku\": \"2012-R2-Datacenter\",\n\
        \            \"version\": \"latest\"\n          },\n          \"Win2012Datacenter\"\
        : {\n            \"publisher\": \"MicrosoftWindowsServer\",\n            \"\
        offer\": \"WindowsServer\",\n            \"sku\": \"2012-Datacenter\",\n \
        \           \"version\": \"latest\"\n          },\n          \"Win2008R2SP1\"\
        : {\n            \"publisher\": \"MicrosoftWindowsServer\",\n            \"\
        offer\": \"WindowsServer\",\n            \"sku\": \"2008-R2-SP1\",\n     \
        \       \"version\": \"latest\"\n          }\n        }\n      }\n    }\n\
        \  }\n}\n"
    headers:
      accept-ranges:
      - bytes
      access-control-allow-origin:
      - '*'
      cache-control:
      - max-age=300
      connection:
      - keep-alive
      content-length:
      - '2501'
      content-security-policy:
      - default-src 'none'; style-src 'unsafe-inline'; sandbox
      content-type:
      - text/plain; charset=utf-8
      date:
      - Mon, 15 Jun 2020 09:29:03 GMT
      etag:
      - W/"540044b4084c3c314537f1baa1770f248628b2bc9ba0328f1004c33862e049da"
      expires:
      - Mon, 15 Jun 2020 09:34:03 GMT
      source-age:
      - '57'
      strict-transport-security:
      - max-age=31536000
      vary:
      - Authorization,Accept-Encoding, Accept-Encoding
      via:
      - 1.1 varnish (Varnish/6.0)
      - 1.1 varnish
      x-cache:
      - HIT, HIT
      x-cache-hits:
      - 1, 1
      x-content-type-options:
      - nosniff
      x-fastly-request-id:
      - 437df21d3ebfcfea856f93f13319daaa5fbc3920
      x-frame-options:
      - deny
      x-github-request-id:
      - C382:0546:3F4FFD:42FFB0:5EE7190A
      x-served-by:
      - cache-sin18039-SIN
      x-timer:
      - S1592213343.017223,VS0,VE237
      x-xss-protection:
      - 1; mode=block
    status:
      code: 200
      message: OK
- request:
    body: 'b''{"properties": {"template": {"$schema": "https://schema.management.azure.com/schemas/2015-01-01/deploymentTemplate.json#",
      "contentVersion": "1.0.0.0", "parameters": {}, "variables": {}, "resources":
      [{"apiVersion": "2019-07-01", "type": "Microsoft.Compute/virtualMachines", "name":
      "multinicvm1", "location": "westus", "tags": {}, "dependsOn": [], "properties":
      {"hardwareProfile": {"vmSize": "Standard_DS3"}, "networkProfile": {"networkInterfaces":
      [{"id": "/subscriptions/00000000-0000-0000-0000-000000000000/resourceGroups/cli_test_multi_nic_vm000001/providers/Microsoft.Network/networkInterfaces/nic1",
      "properties": {"primary": true}}, {"id": "/subscriptions/00000000-0000-0000-0000-000000000000/resourceGroups/cli_test_multi_nic_vm000001/providers/Microsoft.Network/networkInterfaces/nic2",
      "properties": {"primary": false}}, {"id": "/subscriptions/00000000-0000-0000-0000-000000000000/resourceGroups/cli_test_multi_nic_vm000001/providers/Microsoft.Network/networkInterfaces/nic3",
      "properties": {"primary": false}}, {"id": "/subscriptions/00000000-0000-0000-0000-000000000000/resourceGroups/cli_test_multi_nic_vm000001/providers/Microsoft.Network/networkInterfaces/nic4",
      "properties": {"primary": false}}]}, "storageProfile": {"osDisk": {"createOption":
      "fromImage", "name": null, "caching": "ReadWrite", "managedDisk": {"storageAccountType":
      null}}, "imageReference": {"publisher": "Canonical", "offer": "UbuntuServer",
      "sku": "18.04-LTS", "version": "latest"}}, "osProfile": {"computerName": "multinicvm1",
      "adminUsername": "user11", "linuxConfiguration": {"disablePasswordAuthentication":
      true, "ssh": {"publicKeys": [{"keyData": "ssh-rsa AAAAB3NzaC1yc2EAAAADAQABAAACAQCbIg1guRHbI0lV11wWDt1r2cUdcNd27CJsg+SfgC7miZeubtwUhbsPdhMQsfDyhOWHq1+ZL0M+nJZV63d/1dhmhtgyOqejUwrPlzKhydsbrsdUor+JmNJDdW01v7BXHyuymT8G4s09jCasNOwiufbP/qp72ruu0bIA1nySsvlf9pCQAuFkAnVnf/rFhUlOkhtRpwcq8SUNY2zRHR/EKb/4NWY1JzR4sa3q2fWIJdrrX0DvLoa5g9bIEd4Df79ba7v+yiUBOS0zT2ll+z4g9izHK3EO5d8hL4jYxcjKs+wcslSYRWrascfscLgMlMGh0CdKeNTDjHpGPncaf3Z+FwwwjWeuiNBxv7bJo13/8B/098KlVDl4GZqsoBCEjPyJfV6hO0y/LkRGkk7oHWKgeWAfKtfLItRp00eZ4fcJNK9kCaSMmEugoZWcI7NGbZXzqFWqbpRI7NcDP9+WIQ+i9U5vqWsqd/zng4kbuAJ6UuKqIzB0upYrLShfQE3SAck8oaLhJqqq56VfDuASNpJKidV+zq27HfSBmbXnkR/5AK337dc3MXKJypoK/QPMLKUAP5XLPbs+NddJQV7EZXd29DLgp+fRIg3edpKdO7ZErWhv7d+3Kws+e1Y+ypmR2WIVSwVyBEUfgv2C8Ts9gnTF4pNcEY/S2aBicz5Ew2+jdyGNQQ==
      test@example.com\\n", "path": "/home/user11/.ssh/authorized_keys"}]}}}}}], "outputs":
      {}}, "parameters": {}, "mode": "Incremental"}}'''
    headers:
      Accept:
      - application/json
      Accept-Encoding:
      - gzip, deflate
      CommandName:
      - vm create
      Connection:
      - keep-alive
      Content-Length:
      - '2691'
      Content-Type:
      - application/json; charset=utf-8
      ParameterSetName:
      - -g -n --image --nics --admin-username --size --ssh-key-value
      User-Agent:
      - python/3.7.4 (Linux-4.15.0-99-generic-x86_64-with-debian-buster-sid) msrest/0.6.16
        msrest_azure/0.6.3 azure-mgmt-resource/9.0.0 Azure-SDK-For-Python AZURECLI/2.7.0
      accept-language:
      - en-US
    method: PUT
    uri: https://management.azure.com/subscriptions/00000000-0000-0000-0000-000000000000/resourcegroups/cli_test_multi_nic_vm000001/providers/Microsoft.Resources/deployments/mock-deployment?api-version=2019-07-01
  response:
    body:
      string: '{"id":"/subscriptions/00000000-0000-0000-0000-000000000000/resourceGroups/cli_test_multi_nic_vm000001/providers/Microsoft.Resources/deployments/vm_deploy_L6K9Xw8uKguNnOt1SScaGwYAWBbnz4S5","name":"vm_deploy_L6K9Xw8uKguNnOt1SScaGwYAWBbnz4S5","type":"Microsoft.Resources/deployments","properties":{"templateHash":"5079797286496112110","parameters":{},"mode":"Incremental","provisioningState":"Accepted","timestamp":"2020-06-15T09:29:07.4756502Z","duration":"PT2.6975724S","correlationId":"7f2f8020-d927-4515-8bf7-c3d9f8473bc7","providers":[{"namespace":"Microsoft.Compute","resourceTypes":[{"resourceType":"virtualMachines","locations":["westus"]}]}],"dependencies":[]}}'
    headers:
      azure-asyncoperation:
      - https://management.azure.com/subscriptions/00000000-0000-0000-0000-000000000000/resourcegroups/cli_test_multi_nic_vm000001/providers/Microsoft.Resources/deployments/vm_deploy_L6K9Xw8uKguNnOt1SScaGwYAWBbnz4S5/operationStatuses/08586093935406995316?api-version=2019-07-01
      cache-control:
      - no-cache
      content-length:
      - '715'
      content-type:
      - application/json; charset=utf-8
      date:
      - Mon, 15 Jun 2020 09:29:08 GMT
      expires:
      - '-1'
      pragma:
      - no-cache
      strict-transport-security:
      - max-age=31536000; includeSubDomains
      x-content-type-options:
      - nosniff
      x-ms-ratelimit-remaining-subscription-writes:
      - '1196'
    status:
      code: 201
      message: Created
- request:
    body: null
    headers:
      Accept:
      - application/json
      Accept-Encoding:
      - gzip, deflate
      CommandName:
      - vm create
      Connection:
      - keep-alive
      ParameterSetName:
      - -g -n --image --nics --admin-username --size --ssh-key-value
      User-Agent:
      - python/3.7.4 (Linux-4.15.0-99-generic-x86_64-with-debian-buster-sid) msrest/0.6.16
        msrest_azure/0.6.3 azure-mgmt-resource/9.0.0 Azure-SDK-For-Python AZURECLI/2.7.0
    method: GET
    uri: https://management.azure.com/subscriptions/00000000-0000-0000-0000-000000000000/resourcegroups/cli_test_multi_nic_vm000001/providers/Microsoft.Resources/deployments/mock-deployment/operationStatuses/08586093935406995316?api-version=2019-07-01
  response:
    body:
      string: '{"status":"Running"}'
    headers:
      cache-control:
      - no-cache
      content-length:
      - '20'
      content-type:
      - application/json; charset=utf-8
      date:
      - Mon, 15 Jun 2020 09:29:39 GMT
      expires:
      - '-1'
      pragma:
      - no-cache
      strict-transport-security:
      - max-age=31536000; includeSubDomains
      vary:
      - Accept-Encoding
      x-content-type-options:
      - nosniff
    status:
      code: 200
      message: OK
- request:
    body: null
    headers:
      Accept:
      - application/json
      Accept-Encoding:
      - gzip, deflate
      CommandName:
      - vm create
      Connection:
      - keep-alive
      ParameterSetName:
      - -g -n --image --nics --admin-username --size --ssh-key-value
      User-Agent:
      - python/3.7.4 (Linux-4.15.0-99-generic-x86_64-with-debian-buster-sid) msrest/0.6.16
        msrest_azure/0.6.3 azure-mgmt-resource/9.0.0 Azure-SDK-For-Python AZURECLI/2.7.0
    method: GET
    uri: https://management.azure.com/subscriptions/00000000-0000-0000-0000-000000000000/resourcegroups/cli_test_multi_nic_vm000001/providers/Microsoft.Resources/deployments/mock-deployment/operationStatuses/08586093935406995316?api-version=2019-07-01
  response:
    body:
      string: '{"status":"Running"}'
    headers:
      cache-control:
      - no-cache
      content-length:
      - '20'
      content-type:
      - application/json; charset=utf-8
      date:
      - Mon, 15 Jun 2020 09:30:09 GMT
      expires:
      - '-1'
      pragma:
      - no-cache
      strict-transport-security:
      - max-age=31536000; includeSubDomains
      vary:
      - Accept-Encoding
      x-content-type-options:
      - nosniff
    status:
      code: 200
      message: OK
- request:
    body: null
    headers:
      Accept:
      - application/json
      Accept-Encoding:
      - gzip, deflate
      CommandName:
      - vm create
      Connection:
      - keep-alive
      ParameterSetName:
      - -g -n --image --nics --admin-username --size --ssh-key-value
      User-Agent:
      - python/3.7.4 (Linux-4.15.0-99-generic-x86_64-with-debian-buster-sid) msrest/0.6.16
        msrest_azure/0.6.3 azure-mgmt-resource/9.0.0 Azure-SDK-For-Python AZURECLI/2.7.0
    method: GET
    uri: https://management.azure.com/subscriptions/00000000-0000-0000-0000-000000000000/resourcegroups/cli_test_multi_nic_vm000001/providers/Microsoft.Resources/deployments/mock-deployment/operationStatuses/08586093935406995316?api-version=2019-07-01
  response:
    body:
      string: '{"status":"Running"}'
    headers:
      cache-control:
      - no-cache
      content-length:
      - '20'
      content-type:
      - application/json; charset=utf-8
      date:
      - Mon, 15 Jun 2020 09:30:39 GMT
      expires:
      - '-1'
      pragma:
      - no-cache
      strict-transport-security:
      - max-age=31536000; includeSubDomains
      vary:
      - Accept-Encoding
      x-content-type-options:
      - nosniff
    status:
      code: 200
      message: OK
- request:
    body: null
    headers:
      Accept:
      - application/json
      Accept-Encoding:
      - gzip, deflate
      CommandName:
      - vm create
      Connection:
      - keep-alive
      ParameterSetName:
      - -g -n --image --nics --admin-username --size --ssh-key-value
      User-Agent:
      - python/3.7.4 (Linux-4.15.0-99-generic-x86_64-with-debian-buster-sid) msrest/0.6.16
        msrest_azure/0.6.3 azure-mgmt-resource/9.0.0 Azure-SDK-For-Python AZURECLI/2.7.0
    method: GET
    uri: https://management.azure.com/subscriptions/00000000-0000-0000-0000-000000000000/resourcegroups/cli_test_multi_nic_vm000001/providers/Microsoft.Resources/deployments/mock-deployment/operationStatuses/08586093935406995316?api-version=2019-07-01
  response:
    body:
      string: '{"status":"Succeeded"}'
    headers:
      cache-control:
      - no-cache
      content-length:
      - '22'
      content-type:
      - application/json; charset=utf-8
      date:
      - Mon, 15 Jun 2020 09:31:43 GMT
      expires:
      - '-1'
      pragma:
      - no-cache
      strict-transport-security:
      - max-age=31536000; includeSubDomains
      vary:
      - Accept-Encoding
      x-content-type-options:
      - nosniff
    status:
      code: 200
      message: OK
- request:
    body: null
    headers:
      Accept:
      - application/json
      Accept-Encoding:
      - gzip, deflate
      CommandName:
      - vm create
      Connection:
      - keep-alive
      ParameterSetName:
      - -g -n --image --nics --admin-username --size --ssh-key-value
      User-Agent:
      - python/3.7.4 (Linux-4.15.0-99-generic-x86_64-with-debian-buster-sid) msrest/0.6.16
        msrest_azure/0.6.3 azure-mgmt-resource/9.0.0 Azure-SDK-For-Python AZURECLI/2.7.0
    method: GET
    uri: https://management.azure.com/subscriptions/00000000-0000-0000-0000-000000000000/resourcegroups/cli_test_multi_nic_vm000001/providers/Microsoft.Resources/deployments/mock-deployment?api-version=2019-07-01
  response:
    body:
      string: '{"id":"/subscriptions/00000000-0000-0000-0000-000000000000/resourceGroups/cli_test_multi_nic_vm000001/providers/Microsoft.Resources/deployments/vm_deploy_L6K9Xw8uKguNnOt1SScaGwYAWBbnz4S5","name":"vm_deploy_L6K9Xw8uKguNnOt1SScaGwYAWBbnz4S5","type":"Microsoft.Resources/deployments","properties":{"templateHash":"5079797286496112110","parameters":{},"mode":"Incremental","provisioningState":"Succeeded","timestamp":"2020-06-15T09:30:43.3157062Z","duration":"PT1M38.5376284S","correlationId":"7f2f8020-d927-4515-8bf7-c3d9f8473bc7","providers":[{"namespace":"Microsoft.Compute","resourceTypes":[{"resourceType":"virtualMachines","locations":["westus"]}]}],"dependencies":[],"outputs":{},"outputResources":[{"id":"/subscriptions/00000000-0000-0000-0000-000000000000/resourceGroups/cli_test_multi_nic_vm000001/providers/Microsoft.Compute/virtualMachines/multinicvm1"}]}}'
    headers:
      cache-control:
      - no-cache
      content-length:
      - '960'
      content-type:
      - application/json; charset=utf-8
      date:
      - Mon, 15 Jun 2020 09:31:44 GMT
      expires:
      - '-1'
      pragma:
      - no-cache
      strict-transport-security:
      - max-age=31536000; includeSubDomains
      vary:
      - Accept-Encoding
      x-content-type-options:
      - nosniff
    status:
      code: 200
      message: OK
- request:
    body: null
    headers:
      Accept:
      - application/json
      Accept-Encoding:
      - gzip, deflate
      CommandName:
      - vm create
      Connection:
      - keep-alive
      ParameterSetName:
      - -g -n --image --nics --admin-username --size --ssh-key-value
      User-Agent:
      - python/3.7.4 (Linux-4.15.0-99-generic-x86_64-with-debian-buster-sid) msrest/0.6.16
        msrest_azure/0.6.3 azure-mgmt-compute/12.0.0 Azure-SDK-For-Python AZURECLI/2.7.0
      accept-language:
      - en-US
    method: GET
    uri: https://management.azure.com/subscriptions/00000000-0000-0000-0000-000000000000/resourceGroups/cli_test_multi_nic_vm000001/providers/Microsoft.Compute/virtualMachines/multinicvm1?$expand=instanceView&api-version=2019-07-01
  response:
    body:
      string: "{\r\n  \"name\": \"multinicvm1\",\r\n  \"id\": \"/subscriptions/00000000-0000-0000-0000-000000000000/resourceGroups/cli_test_multi_nic_vm000001/providers/Microsoft.Compute/virtualMachines/multinicvm1\"\
        ,\r\n  \"type\": \"Microsoft.Compute/virtualMachines\",\r\n  \"location\"\
        : \"westus\",\r\n  \"tags\": {},\r\n  \"properties\": {\r\n    \"vmId\": \"\
        e84313fb-dbd7-470f-af71-0f56a767ffed\",\r\n    \"hardwareProfile\": {\r\n\
        \      \"vmSize\": \"Standard_DS3\"\r\n    },\r\n    \"storageProfile\": {\r\
        \n      \"imageReference\": {\r\n        \"publisher\": \"Canonical\",\r\n\
        \        \"offer\": \"UbuntuServer\",\r\n        \"sku\": \"18.04-LTS\",\r\
        \n        \"version\": \"latest\",\r\n        \"exactVersion\": \"18.04.202006101\"\
        \r\n      },\r\n      \"osDisk\": {\r\n        \"osType\": \"Linux\",\r\n\
        \        \"name\": \"multinicvm1_OsDisk_1_40f45742989c4085b1d7184e8a8a2545\"\
        ,\r\n        \"createOption\": \"FromImage\",\r\n        \"caching\": \"ReadWrite\"\
        ,\r\n        \"managedDisk\": {\r\n          \"storageAccountType\": \"Premium_LRS\"\
        ,\r\n          \"id\": \"/subscriptions/00000000-0000-0000-0000-000000000000/resourceGroups/CLI_TEST_MULTI_NIC_VMMT45GDURVGEXQ35NNKUXNBHYGD5P6RP4IP26JFBP6WTWLEAZ4AHTV4/providers/Microsoft.Compute/disks/multinicvm1_OsDisk_1_40f45742989c4085b1d7184e8a8a2545\"\
        \r\n        },\r\n        \"diskSizeGB\": 30\r\n      },\r\n      \"dataDisks\"\
        : []\r\n    },\r\n    \"osProfile\": {\r\n      \"computerName\": \"multinicvm1\"\
        ,\r\n      \"adminUsername\": \"user11\",\r\n      \"linuxConfiguration\"\
        : {\r\n        \"disablePasswordAuthentication\": true,\r\n        \"ssh\"\
        : {\r\n          \"publicKeys\": [\r\n            {\r\n              \"path\"\
        : \"/home/user11/.ssh/authorized_keys\",\r\n              \"keyData\": \"\
        ssh-rsa AAAAB3NzaC1yc2EAAAADAQABAAACAQCbIg1guRHbI0lV11wWDt1r2cUdcNd27CJsg+SfgC7miZeubtwUhbsPdhMQsfDyhOWHq1+ZL0M+nJZV63d/1dhmhtgyOqejUwrPlzKhydsbrsdUor+JmNJDdW01v7BXHyuymT8G4s09jCasNOwiufbP/qp72ruu0bIA1nySsvlf9pCQAuFkAnVnf/rFhUlOkhtRpwcq8SUNY2zRHR/EKb/4NWY1JzR4sa3q2fWIJdrrX0DvLoa5g9bIEd4Df79ba7v+yiUBOS0zT2ll+z4g9izHK3EO5d8hL4jYxcjKs+wcslSYRWrascfscLgMlMGh0CdKeNTDjHpGPncaf3Z+FwwwjWeuiNBxv7bJo13/8B/098KlVDl4GZqsoBCEjPyJfV6hO0y/LkRGkk7oHWKgeWAfKtfLItRp00eZ4fcJNK9kCaSMmEugoZWcI7NGbZXzqFWqbpRI7NcDP9+WIQ+i9U5vqWsqd/zng4kbuAJ6UuKqIzB0upYrLShfQE3SAck8oaLhJqqq56VfDuASNpJKidV+zq27HfSBmbXnkR/5AK337dc3MXKJypoK/QPMLKUAP5XLPbs+NddJQV7EZXd29DLgp+fRIg3edpKdO7ZErWhv7d+3Kws+e1Y+ypmR2WIVSwVyBEUfgv2C8Ts9gnTF4pNcEY/S2aBicz5Ew2+jdyGNQQ==\
        \ test@example.com\\n\"\r\n            }\r\n          ]\r\n        },\r\n\
        \        \"provisionVMAgent\": true\r\n      },\r\n      \"secrets\": [],\r\
        \n      \"allowExtensionOperations\": true,\r\n      \"requireGuestProvisionSignal\"\
        : true\r\n    },\r\n    \"networkProfile\": {\"networkInterfaces\":[{\"id\"\
        :\"/subscriptions/00000000-0000-0000-0000-000000000000/resourceGroups/cli_test_multi_nic_vm000001/providers/Microsoft.Network/networkInterfaces/nic1\"\
        ,\"properties\":{\"primary\":true}},{\"id\":\"/subscriptions/00000000-0000-0000-0000-000000000000/resourceGroups/cli_test_multi_nic_vm000001/providers/Microsoft.Network/networkInterfaces/nic2\"\
        ,\"properties\":{\"primary\":false}},{\"id\":\"/subscriptions/00000000-0000-0000-0000-000000000000/resourceGroups/cli_test_multi_nic_vm000001/providers/Microsoft.Network/networkInterfaces/nic3\"\
        ,\"properties\":{\"primary\":false}},{\"id\":\"/subscriptions/00000000-0000-0000-0000-000000000000/resourceGroups/cli_test_multi_nic_vm000001/providers/Microsoft.Network/networkInterfaces/nic4\"\
        ,\"properties\":{\"primary\":false}}]},\r\n    \"provisioningState\": \"Succeeded\"\
        ,\r\n    \"instanceView\": {\r\n      \"computerName\": \"multinicvm1\",\r\
        \n      \"osName\": \"ubuntu\",\r\n      \"osVersion\": \"18.04\",\r\n   \
        \   \"vmAgent\": {\r\n        \"vmAgentVersion\": \"2.2.48.1\",\r\n      \
        \  \"statuses\": [\r\n          {\r\n            \"code\": \"ProvisioningState/succeeded\"\
        ,\r\n            \"level\": \"Info\",\r\n            \"displayStatus\": \"\
        Ready\",\r\n            \"message\": \"Guest Agent is running\",\r\n     \
        \       \"time\": \"2020-06-15T09:31:44+00:00\"\r\n          }\r\n       \
        \ ],\r\n        \"extensionHandlers\": []\r\n      },\r\n      \"disks\":\
        \ [\r\n        {\r\n          \"name\": \"multinicvm1_OsDisk_1_40f45742989c4085b1d7184e8a8a2545\"\
        ,\r\n          \"statuses\": [\r\n            {\r\n              \"code\"\
        : \"ProvisioningState/succeeded\",\r\n              \"level\": \"Info\",\r\
        \n              \"displayStatus\": \"Provisioning succeeded\",\r\n       \
        \       \"time\": \"2020-06-15T09:29:15.7887666+00:00\"\r\n            }\r\
        \n          ]\r\n        }\r\n      ],\r\n      \"hyperVGeneration\": \"V1\"\
        ,\r\n      \"statuses\": [\r\n        {\r\n          \"code\": \"ProvisioningState/succeeded\"\
        ,\r\n          \"level\": \"Info\",\r\n          \"displayStatus\": \"Provisioning\
        \ succeeded\",\r\n          \"time\": \"2020-06-15T09:30:39.8707557+00:00\"\
        \r\n        },\r\n        {\r\n          \"code\": \"PowerState/running\"\
        ,\r\n          \"level\": \"Info\",\r\n          \"displayStatus\": \"VM running\"\
        \r\n        }\r\n      ]\r\n    }\r\n  }\r\n}"
    headers:
      cache-control:
      - no-cache
      content-length:
      - '4892'
      content-type:
      - application/json; charset=utf-8
      date:
      - Mon, 15 Jun 2020 09:31:46 GMT
      expires:
      - '-1'
      pragma:
      - no-cache
      server:
      - Microsoft-HTTPAPI/2.0
      - Microsoft-HTTPAPI/2.0
      strict-transport-security:
      - max-age=31536000; includeSubDomains
      transfer-encoding:
      - chunked
      vary:
      - Accept-Encoding
      x-content-type-options:
      - nosniff
      x-ms-ratelimit-remaining-resource:
      - Microsoft.Compute/LowCostGet3Min;3996,Microsoft.Compute/LowCostGet30Min;31985
    status:
      code: 200
      message: OK
- request:
    body: null
    headers:
      Accept:
      - application/json
      Accept-Encoding:
      - gzip, deflate
      CommandName:
      - vm create
      Connection:
      - keep-alive
      ParameterSetName:
      - -g -n --image --nics --admin-username --size --ssh-key-value
      User-Agent:
      - python/3.7.4 (Linux-4.15.0-99-generic-x86_64-with-debian-buster-sid) msrest/0.6.16
        msrest_azure/0.6.3 azure-mgmt-network/10.2.0 Azure-SDK-For-Python AZURECLI/2.7.0
      accept-language:
      - en-US
    method: GET
    uri: https://management.azure.com/subscriptions/00000000-0000-0000-0000-000000000000/resourceGroups/cli_test_multi_nic_vm000001/providers/Microsoft.Network/networkInterfaces/nic1?api-version=2018-01-01
  response:
    body:
      string: "{\r\n  \"name\": \"nic1\",\r\n  \"id\": \"/subscriptions/00000000-0000-0000-0000-000000000000/resourceGroups/cli_test_multi_nic_vm000001/providers/Microsoft.Network/networkInterfaces/nic1\"\
        ,\r\n  \"etag\": \"W/\\\"3c5ef970-0716-4734-875d-1307f4578cf0\\\"\",\r\n \
        \ \"location\": \"westus\",\r\n  \"properties\": {\r\n    \"provisioningState\"\
        : \"Succeeded\",\r\n    \"resourceGuid\": \"79942ea7-83bc-4d08-857a-93b154ef9448\"\
        ,\r\n    \"ipConfigurations\": [\r\n      {\r\n        \"name\": \"ipconfig1\"\
        ,\r\n        \"id\": \"/subscriptions/00000000-0000-0000-0000-000000000000/resourceGroups/cli_test_multi_nic_vm000001/providers/Microsoft.Network/networkInterfaces/nic1/ipConfigurations/ipconfig1\"\
        ,\r\n        \"etag\": \"W/\\\"3c5ef970-0716-4734-875d-1307f4578cf0\\\"\"\
        ,\r\n        \"type\": \"Microsoft.Network/networkInterfaces/ipConfigurations\"\
        ,\r\n        \"properties\": {\r\n          \"provisioningState\": \"Succeeded\"\
        ,\r\n          \"privateIPAddress\": \"10.0.0.4\",\r\n          \"privateIPAllocationMethod\"\
        : \"Dynamic\",\r\n          \"subnet\": {\r\n            \"id\": \"/subscriptions/00000000-0000-0000-0000-000000000000/resourceGroups/cli_test_multi_nic_vm000001/providers/Microsoft.Network/virtualNetworks/myvnet/subnets/mysubnet\"\
        \r\n          },\r\n          \"primary\": true,\r\n          \"privateIPAddressVersion\"\
        : \"IPv4\"\r\n        }\r\n      }\r\n    ],\r\n    \"dnsSettings\": {\r\n\
        \      \"dnsServers\": [],\r\n      \"appliedDnsServers\": [],\r\n      \"\
        internalDomainNameSuffix\": \"r3sqbkfw4mwu5g0wq1cnjqvdoh.dx.internal.cloudapp.net\"\
        \r\n    },\r\n    \"macAddress\": \"00-22-48-04-92-66\",\r\n    \"enableAcceleratedNetworking\"\
        : false,\r\n    \"enableIPForwarding\": false,\r\n    \"primary\": true,\r\
        \n    \"virtualMachine\": {\r\n      \"id\": \"/subscriptions/00000000-0000-0000-0000-000000000000/resourceGroups/cli_test_multi_nic_vm000001/providers/Microsoft.Compute/virtualMachines/multinicvm1\"\
        \r\n    }\r\n  },\r\n  \"type\": \"Microsoft.Network/networkInterfaces\"\r\
        \n}"
    headers:
      cache-control:
      - no-cache
      content-length:
      - '2021'
      content-type:
      - application/json; charset=utf-8
      date:
      - Mon, 15 Jun 2020 09:31:46 GMT
      etag:
      - W/"3c5ef970-0716-4734-875d-1307f4578cf0"
      expires:
      - '-1'
      pragma:
      - no-cache
      server:
      - Microsoft-HTTPAPI/2.0
      - Microsoft-HTTPAPI/2.0
      strict-transport-security:
      - max-age=31536000; includeSubDomains
      transfer-encoding:
      - chunked
      vary:
      - Accept-Encoding
      x-content-type-options:
      - nosniff
      x-ms-arm-service-request-id:
      - c556792f-e1b5-45e1-b253-1bf169c30208
    status:
      code: 200
      message: OK
- request:
    body: null
    headers:
      Accept:
      - application/json
      Accept-Encoding:
      - gzip, deflate
      CommandName:
      - vm create
      Connection:
      - keep-alive
      ParameterSetName:
      - -g -n --image --nics --admin-username --size --ssh-key-value
      User-Agent:
      - python/3.7.4 (Linux-4.15.0-99-generic-x86_64-with-debian-buster-sid) msrest/0.6.16
        msrest_azure/0.6.3 azure-mgmt-network/10.2.0 Azure-SDK-For-Python AZURECLI/2.7.0
      accept-language:
      - en-US
    method: GET
    uri: https://management.azure.com/subscriptions/00000000-0000-0000-0000-000000000000/resourceGroups/cli_test_multi_nic_vm000001/providers/Microsoft.Network/networkInterfaces/nic2?api-version=2018-01-01
  response:
    body:
      string: "{\r\n  \"name\": \"nic2\",\r\n  \"id\": \"/subscriptions/00000000-0000-0000-0000-000000000000/resourceGroups/cli_test_multi_nic_vm000001/providers/Microsoft.Network/networkInterfaces/nic2\"\
        ,\r\n  \"etag\": \"W/\\\"91ff95d3-a05c-495d-9a6a-2c48dc16db6b\\\"\",\r\n \
        \ \"location\": \"westus\",\r\n  \"properties\": {\r\n    \"provisioningState\"\
        : \"Succeeded\",\r\n    \"resourceGuid\": \"b316bfcf-c128-4e56-8689-f3afcd58d92f\"\
        ,\r\n    \"ipConfigurations\": [\r\n      {\r\n        \"name\": \"ipconfig1\"\
        ,\r\n        \"id\": \"/subscriptions/00000000-0000-0000-0000-000000000000/resourceGroups/cli_test_multi_nic_vm000001/providers/Microsoft.Network/networkInterfaces/nic2/ipConfigurations/ipconfig1\"\
        ,\r\n        \"etag\": \"W/\\\"91ff95d3-a05c-495d-9a6a-2c48dc16db6b\\\"\"\
        ,\r\n        \"type\": \"Microsoft.Network/networkInterfaces/ipConfigurations\"\
        ,\r\n        \"properties\": {\r\n          \"provisioningState\": \"Succeeded\"\
        ,\r\n          \"privateIPAddress\": \"10.0.0.5\",\r\n          \"privateIPAllocationMethod\"\
        : \"Dynamic\",\r\n          \"subnet\": {\r\n            \"id\": \"/subscriptions/00000000-0000-0000-0000-000000000000/resourceGroups/cli_test_multi_nic_vm000001/providers/Microsoft.Network/virtualNetworks/myvnet/subnets/mysubnet\"\
        \r\n          },\r\n          \"primary\": true,\r\n          \"privateIPAddressVersion\"\
        : \"IPv4\"\r\n        }\r\n      }\r\n    ],\r\n    \"dnsSettings\": {\r\n\
        \      \"dnsServers\": [],\r\n      \"appliedDnsServers\": [],\r\n      \"\
        internalDomainNameSuffix\": \"r3sqbkfw4mwu5g0wq1cnjqvdoh.dx.internal.cloudapp.net\"\
        \r\n    },\r\n    \"macAddress\": \"00-22-48-04-96-B9\",\r\n    \"enableAcceleratedNetworking\"\
        : false,\r\n    \"enableIPForwarding\": false,\r\n    \"primary\": false,\r\
        \n    \"virtualMachine\": {\r\n      \"id\": \"/subscriptions/00000000-0000-0000-0000-000000000000/resourceGroups/cli_test_multi_nic_vm000001/providers/Microsoft.Compute/virtualMachines/multinicvm1\"\
        \r\n    }\r\n  },\r\n  \"type\": \"Microsoft.Network/networkInterfaces\"\r\
        \n}"
    headers:
      cache-control:
      - no-cache
      content-length:
      - '2022'
      content-type:
      - application/json; charset=utf-8
      date:
      - Mon, 15 Jun 2020 09:31:46 GMT
      etag:
      - W/"91ff95d3-a05c-495d-9a6a-2c48dc16db6b"
      expires:
      - '-1'
      pragma:
      - no-cache
      server:
      - Microsoft-HTTPAPI/2.0
      - Microsoft-HTTPAPI/2.0
      strict-transport-security:
      - max-age=31536000; includeSubDomains
      transfer-encoding:
      - chunked
      vary:
      - Accept-Encoding
      x-content-type-options:
      - nosniff
      x-ms-arm-service-request-id:
      - ac6d5c68-534c-4f7a-a6ac-ee2a2e4fadb6
    status:
      code: 200
      message: OK
- request:
    body: null
    headers:
      Accept:
      - application/json
      Accept-Encoding:
      - gzip, deflate
      CommandName:
      - vm create
      Connection:
      - keep-alive
      ParameterSetName:
      - -g -n --image --nics --admin-username --size --ssh-key-value
      User-Agent:
      - python/3.7.4 (Linux-4.15.0-99-generic-x86_64-with-debian-buster-sid) msrest/0.6.16
        msrest_azure/0.6.3 azure-mgmt-network/10.2.0 Azure-SDK-For-Python AZURECLI/2.7.0
      accept-language:
      - en-US
    method: GET
    uri: https://management.azure.com/subscriptions/00000000-0000-0000-0000-000000000000/resourceGroups/cli_test_multi_nic_vm000001/providers/Microsoft.Network/networkInterfaces/nic3?api-version=2018-01-01
  response:
    body:
      string: "{\r\n  \"name\": \"nic3\",\r\n  \"id\": \"/subscriptions/00000000-0000-0000-0000-000000000000/resourceGroups/cli_test_multi_nic_vm000001/providers/Microsoft.Network/networkInterfaces/nic3\"\
        ,\r\n  \"etag\": \"W/\\\"1d5684e0-fdd1-48f5-8df2-e895079972c4\\\"\",\r\n \
        \ \"location\": \"westus\",\r\n  \"properties\": {\r\n    \"provisioningState\"\
        : \"Succeeded\",\r\n    \"resourceGuid\": \"8a5a1c5b-41f8-4c01-a2be-fb9db2477c7d\"\
        ,\r\n    \"ipConfigurations\": [\r\n      {\r\n        \"name\": \"ipconfig1\"\
        ,\r\n        \"id\": \"/subscriptions/00000000-0000-0000-0000-000000000000/resourceGroups/cli_test_multi_nic_vm000001/providers/Microsoft.Network/networkInterfaces/nic3/ipConfigurations/ipconfig1\"\
        ,\r\n        \"etag\": \"W/\\\"1d5684e0-fdd1-48f5-8df2-e895079972c4\\\"\"\
        ,\r\n        \"type\": \"Microsoft.Network/networkInterfaces/ipConfigurations\"\
        ,\r\n        \"properties\": {\r\n          \"provisioningState\": \"Succeeded\"\
        ,\r\n          \"privateIPAddress\": \"10.0.0.6\",\r\n          \"privateIPAllocationMethod\"\
        : \"Dynamic\",\r\n          \"subnet\": {\r\n            \"id\": \"/subscriptions/00000000-0000-0000-0000-000000000000/resourceGroups/cli_test_multi_nic_vm000001/providers/Microsoft.Network/virtualNetworks/myvnet/subnets/mysubnet\"\
        \r\n          },\r\n          \"primary\": true,\r\n          \"privateIPAddressVersion\"\
        : \"IPv4\"\r\n        }\r\n      }\r\n    ],\r\n    \"dnsSettings\": {\r\n\
        \      \"dnsServers\": [],\r\n      \"appliedDnsServers\": [],\r\n      \"\
        internalDomainNameSuffix\": \"r3sqbkfw4mwu5g0wq1cnjqvdoh.dx.internal.cloudapp.net\"\
        \r\n    },\r\n    \"macAddress\": \"00-22-48-04-9A-CF\",\r\n    \"enableAcceleratedNetworking\"\
        : false,\r\n    \"enableIPForwarding\": false,\r\n    \"primary\": false,\r\
        \n    \"virtualMachine\": {\r\n      \"id\": \"/subscriptions/00000000-0000-0000-0000-000000000000/resourceGroups/cli_test_multi_nic_vm000001/providers/Microsoft.Compute/virtualMachines/multinicvm1\"\
        \r\n    }\r\n  },\r\n  \"type\": \"Microsoft.Network/networkInterfaces\"\r\
        \n}"
    headers:
      cache-control:
      - no-cache
      content-length:
      - '2022'
      content-type:
      - application/json; charset=utf-8
      date:
      - Mon, 15 Jun 2020 09:31:47 GMT
      etag:
      - W/"1d5684e0-fdd1-48f5-8df2-e895079972c4"
      expires:
      - '-1'
      pragma:
      - no-cache
      server:
      - Microsoft-HTTPAPI/2.0
      - Microsoft-HTTPAPI/2.0
      strict-transport-security:
      - max-age=31536000; includeSubDomains
      transfer-encoding:
      - chunked
      vary:
      - Accept-Encoding
      x-content-type-options:
      - nosniff
      x-ms-arm-service-request-id:
      - 220d21cb-76f5-4e55-aab6-194ea70bc6b0
    status:
      code: 200
      message: OK
- request:
    body: null
    headers:
      Accept:
      - application/json
      Accept-Encoding:
      - gzip, deflate
      CommandName:
      - vm create
      Connection:
      - keep-alive
      ParameterSetName:
      - -g -n --image --nics --admin-username --size --ssh-key-value
      User-Agent:
      - python/3.7.4 (Linux-4.15.0-99-generic-x86_64-with-debian-buster-sid) msrest/0.6.16
        msrest_azure/0.6.3 azure-mgmt-network/10.2.0 Azure-SDK-For-Python AZURECLI/2.7.0
      accept-language:
      - en-US
    method: GET
    uri: https://management.azure.com/subscriptions/00000000-0000-0000-0000-000000000000/resourceGroups/cli_test_multi_nic_vm000001/providers/Microsoft.Network/networkInterfaces/nic4?api-version=2018-01-01
  response:
    body:
      string: "{\r\n  \"name\": \"nic4\",\r\n  \"id\": \"/subscriptions/00000000-0000-0000-0000-000000000000/resourceGroups/cli_test_multi_nic_vm000001/providers/Microsoft.Network/networkInterfaces/nic4\"\
        ,\r\n  \"etag\": \"W/\\\"fdfb2b27-6b8b-4cce-ae11-6ed853af7946\\\"\",\r\n \
        \ \"location\": \"westus\",\r\n  \"properties\": {\r\n    \"provisioningState\"\
        : \"Succeeded\",\r\n    \"resourceGuid\": \"561ac92d-9875-4768-96bb-c68bb7c08a6d\"\
        ,\r\n    \"ipConfigurations\": [\r\n      {\r\n        \"name\": \"ipconfig1\"\
        ,\r\n        \"id\": \"/subscriptions/00000000-0000-0000-0000-000000000000/resourceGroups/cli_test_multi_nic_vm000001/providers/Microsoft.Network/networkInterfaces/nic4/ipConfigurations/ipconfig1\"\
        ,\r\n        \"etag\": \"W/\\\"fdfb2b27-6b8b-4cce-ae11-6ed853af7946\\\"\"\
        ,\r\n        \"type\": \"Microsoft.Network/networkInterfaces/ipConfigurations\"\
        ,\r\n        \"properties\": {\r\n          \"provisioningState\": \"Succeeded\"\
        ,\r\n          \"privateIPAddress\": \"10.0.0.7\",\r\n          \"privateIPAllocationMethod\"\
        : \"Dynamic\",\r\n          \"subnet\": {\r\n            \"id\": \"/subscriptions/00000000-0000-0000-0000-000000000000/resourceGroups/cli_test_multi_nic_vm000001/providers/Microsoft.Network/virtualNetworks/myvnet/subnets/mysubnet\"\
        \r\n          },\r\n          \"primary\": true,\r\n          \"privateIPAddressVersion\"\
        : \"IPv4\"\r\n        }\r\n      }\r\n    ],\r\n    \"dnsSettings\": {\r\n\
        \      \"dnsServers\": [],\r\n      \"appliedDnsServers\": [],\r\n      \"\
        internalDomainNameSuffix\": \"r3sqbkfw4mwu5g0wq1cnjqvdoh.dx.internal.cloudapp.net\"\
        \r\n    },\r\n    \"macAddress\": \"00-22-48-04-9B-7E\",\r\n    \"enableAcceleratedNetworking\"\
        : false,\r\n    \"enableIPForwarding\": false,\r\n    \"primary\": false,\r\
        \n    \"virtualMachine\": {\r\n      \"id\": \"/subscriptions/00000000-0000-0000-0000-000000000000/resourceGroups/cli_test_multi_nic_vm000001/providers/Microsoft.Compute/virtualMachines/multinicvm1\"\
        \r\n    }\r\n  },\r\n  \"type\": \"Microsoft.Network/networkInterfaces\"\r\
        \n}"
    headers:
      cache-control:
      - no-cache
      content-length:
      - '2022'
      content-type:
      - application/json; charset=utf-8
      date:
      - Mon, 15 Jun 2020 09:31:47 GMT
      etag:
      - W/"fdfb2b27-6b8b-4cce-ae11-6ed853af7946"
      expires:
      - '-1'
      pragma:
      - no-cache
      server:
      - Microsoft-HTTPAPI/2.0
      - Microsoft-HTTPAPI/2.0
      strict-transport-security:
      - max-age=31536000; includeSubDomains
      transfer-encoding:
      - chunked
      vary:
      - Accept-Encoding
      x-content-type-options:
      - nosniff
      x-ms-arm-service-request-id:
      - 0974d1a6-18ea-40e4-a830-f4e230d9ce99
    status:
      code: 200
      message: OK
- request:
    body: null
    headers:
      Accept:
      - application/json
      Accept-Encoding:
      - gzip, deflate
      CommandName:
      - vm show
      Connection:
      - keep-alive
      ParameterSetName:
      - -g -n
      User-Agent:
      - python/3.7.4 (Linux-4.15.0-99-generic-x86_64-with-debian-buster-sid) msrest/0.6.16
        msrest_azure/0.6.3 azure-mgmt-compute/12.0.0 Azure-SDK-For-Python AZURECLI/2.7.0
      accept-language:
      - en-US
    method: GET
    uri: https://management.azure.com/subscriptions/00000000-0000-0000-0000-000000000000/resourceGroups/cli_test_multi_nic_vm000001/providers/Microsoft.Compute/virtualMachines/multinicvm1?api-version=2019-07-01
  response:
    body:
      string: "{\r\n  \"name\": \"multinicvm1\",\r\n  \"id\": \"/subscriptions/00000000-0000-0000-0000-000000000000/resourceGroups/cli_test_multi_nic_vm000001/providers/Microsoft.Compute/virtualMachines/multinicvm1\"\
        ,\r\n  \"type\": \"Microsoft.Compute/virtualMachines\",\r\n  \"location\"\
        : \"westus\",\r\n  \"tags\": {},\r\n  \"properties\": {\r\n    \"vmId\": \"\
        e84313fb-dbd7-470f-af71-0f56a767ffed\",\r\n    \"hardwareProfile\": {\r\n\
        \      \"vmSize\": \"Standard_DS3\"\r\n    },\r\n    \"storageProfile\": {\r\
        \n      \"imageReference\": {\r\n        \"publisher\": \"Canonical\",\r\n\
        \        \"offer\": \"UbuntuServer\",\r\n        \"sku\": \"18.04-LTS\",\r\
        \n        \"version\": \"latest\",\r\n        \"exactVersion\": \"18.04.202006101\"\
        \r\n      },\r\n      \"osDisk\": {\r\n        \"osType\": \"Linux\",\r\n\
        \        \"name\": \"multinicvm1_OsDisk_1_40f45742989c4085b1d7184e8a8a2545\"\
        ,\r\n        \"createOption\": \"FromImage\",\r\n        \"caching\": \"ReadWrite\"\
        ,\r\n        \"managedDisk\": {\r\n          \"storageAccountType\": \"Premium_LRS\"\
        ,\r\n          \"id\": \"/subscriptions/00000000-0000-0000-0000-000000000000/resourceGroups/CLI_TEST_MULTI_NIC_VMMT45GDURVGEXQ35NNKUXNBHYGD5P6RP4IP26JFBP6WTWLEAZ4AHTV4/providers/Microsoft.Compute/disks/multinicvm1_OsDisk_1_40f45742989c4085b1d7184e8a8a2545\"\
        \r\n        },\r\n        \"diskSizeGB\": 30\r\n      },\r\n      \"dataDisks\"\
        : []\r\n    },\r\n    \"osProfile\": {\r\n      \"computerName\": \"multinicvm1\"\
        ,\r\n      \"adminUsername\": \"user11\",\r\n      \"linuxConfiguration\"\
        : {\r\n        \"disablePasswordAuthentication\": true,\r\n        \"ssh\"\
        : {\r\n          \"publicKeys\": [\r\n            {\r\n              \"path\"\
        : \"/home/user11/.ssh/authorized_keys\",\r\n              \"keyData\": \"\
        ssh-rsa AAAAB3NzaC1yc2EAAAADAQABAAACAQCbIg1guRHbI0lV11wWDt1r2cUdcNd27CJsg+SfgC7miZeubtwUhbsPdhMQsfDyhOWHq1+ZL0M+nJZV63d/1dhmhtgyOqejUwrPlzKhydsbrsdUor+JmNJDdW01v7BXHyuymT8G4s09jCasNOwiufbP/qp72ruu0bIA1nySsvlf9pCQAuFkAnVnf/rFhUlOkhtRpwcq8SUNY2zRHR/EKb/4NWY1JzR4sa3q2fWIJdrrX0DvLoa5g9bIEd4Df79ba7v+yiUBOS0zT2ll+z4g9izHK3EO5d8hL4jYxcjKs+wcslSYRWrascfscLgMlMGh0CdKeNTDjHpGPncaf3Z+FwwwjWeuiNBxv7bJo13/8B/098KlVDl4GZqsoBCEjPyJfV6hO0y/LkRGkk7oHWKgeWAfKtfLItRp00eZ4fcJNK9kCaSMmEugoZWcI7NGbZXzqFWqbpRI7NcDP9+WIQ+i9U5vqWsqd/zng4kbuAJ6UuKqIzB0upYrLShfQE3SAck8oaLhJqqq56VfDuASNpJKidV+zq27HfSBmbXnkR/5AK337dc3MXKJypoK/QPMLKUAP5XLPbs+NddJQV7EZXd29DLgp+fRIg3edpKdO7ZErWhv7d+3Kws+e1Y+ypmR2WIVSwVyBEUfgv2C8Ts9gnTF4pNcEY/S2aBicz5Ew2+jdyGNQQ==\
        \ test@example.com\\n\"\r\n            }\r\n          ]\r\n        },\r\n\
        \        \"provisionVMAgent\": true\r\n      },\r\n      \"secrets\": [],\r\
        \n      \"allowExtensionOperations\": true,\r\n      \"requireGuestProvisionSignal\"\
        : true\r\n    },\r\n    \"networkProfile\": {\"networkInterfaces\":[{\"id\"\
        :\"/subscriptions/00000000-0000-0000-0000-000000000000/resourceGroups/cli_test_multi_nic_vm000001/providers/Microsoft.Network/networkInterfaces/nic1\"\
        ,\"properties\":{\"primary\":true}},{\"id\":\"/subscriptions/00000000-0000-0000-0000-000000000000/resourceGroups/cli_test_multi_nic_vm000001/providers/Microsoft.Network/networkInterfaces/nic2\"\
        ,\"properties\":{\"primary\":false}},{\"id\":\"/subscriptions/00000000-0000-0000-0000-000000000000/resourceGroups/cli_test_multi_nic_vm000001/providers/Microsoft.Network/networkInterfaces/nic3\"\
        ,\"properties\":{\"primary\":false}},{\"id\":\"/subscriptions/00000000-0000-0000-0000-000000000000/resourceGroups/cli_test_multi_nic_vm000001/providers/Microsoft.Network/networkInterfaces/nic4\"\
        ,\"properties\":{\"primary\":false}}]},\r\n    \"provisioningState\": \"Succeeded\"\
        \r\n  }\r\n}"
    headers:
      cache-control:
      - no-cache
      content-length:
      - '3582'
      content-type:
      - application/json; charset=utf-8
      date:
      - Mon, 15 Jun 2020 09:31:47 GMT
      expires:
      - '-1'
      pragma:
      - no-cache
      server:
      - Microsoft-HTTPAPI/2.0
      - Microsoft-HTTPAPI/2.0
      strict-transport-security:
      - max-age=31536000; includeSubDomains
      transfer-encoding:
      - chunked
      vary:
      - Accept-Encoding
      x-content-type-options:
      - nosniff
      x-ms-ratelimit-remaining-resource:
      - Microsoft.Compute/LowCostGet3Min;3995,Microsoft.Compute/LowCostGet30Min;31984
    status:
      code: 200
      message: OK
- request:
    body: null
    headers:
      Accept:
      - application/json
      Accept-Encoding:
      - gzip, deflate
      CommandName:
      - vm deallocate
      Connection:
      - keep-alive
      Content-Length:
      - '0'
      ParameterSetName:
      - -g -n
      User-Agent:
      - python/3.7.4 (Linux-4.15.0-99-generic-x86_64-with-debian-buster-sid) msrest/0.6.16
        msrest_azure/0.6.3 azure-mgmt-compute/12.0.0 Azure-SDK-For-Python AZURECLI/2.7.0
      accept-language:
      - en-US
    method: POST
    uri: https://management.azure.com/subscriptions/00000000-0000-0000-0000-000000000000/resourceGroups/cli_test_multi_nic_vm000001/providers/Microsoft.Compute/virtualMachines/multinicvm1/deallocate?api-version=2019-07-01
  response:
    body:
      string: ''
    headers:
      azure-asyncoperation:
      - https://management.azure.com/subscriptions/00000000-0000-0000-0000-000000000000/providers/Microsoft.Compute/locations/westus/operations/319edaa0-f49f-4f4f-b769-f3bbef42c89a?api-version=2019-07-01
      cache-control:
      - no-cache
      content-length:
      - '0'
      date:
      - Mon, 15 Jun 2020 09:31:49 GMT
      expires:
      - '-1'
      location:
      - https://management.azure.com/subscriptions/00000000-0000-0000-0000-000000000000/providers/Microsoft.Compute/locations/westus/operations/319edaa0-f49f-4f4f-b769-f3bbef42c89a?monitor=true&api-version=2019-07-01
      pragma:
      - no-cache
      server:
      - Microsoft-HTTPAPI/2.0
      - Microsoft-HTTPAPI/2.0
      strict-transport-security:
      - max-age=31536000; includeSubDomains
      x-content-type-options:
      - nosniff
      x-ms-ratelimit-remaining-resource:
      - Microsoft.Compute/DeleteVM3Min;239,Microsoft.Compute/DeleteVM30Min;1198
      x-ms-ratelimit-remaining-subscription-writes:
      - '1198'
    status:
      code: 202
      message: Accepted
- request:
    body: null
    headers:
      Accept:
      - application/json
      Accept-Encoding:
      - gzip, deflate
      CommandName:
      - vm deallocate
      Connection:
      - keep-alive
      ParameterSetName:
      - -g -n
      User-Agent:
      - python/3.7.4 (Linux-4.15.0-99-generic-x86_64-with-debian-buster-sid) msrest/0.6.16
        msrest_azure/0.6.3 azure-mgmt-compute/12.0.0 Azure-SDK-For-Python AZURECLI/2.7.0
    method: GET
    uri: https://management.azure.com/subscriptions/00000000-0000-0000-0000-000000000000/providers/Microsoft.Compute/locations/westus/operations/319edaa0-f49f-4f4f-b769-f3bbef42c89a?api-version=2019-07-01
  response:
    body:
      string: "{\r\n  \"startTime\": \"2020-06-15T09:31:49.4208602+00:00\",\r\n  \"\
        status\": \"InProgress\",\r\n  \"name\": \"319edaa0-f49f-4f4f-b769-f3bbef42c89a\"\
        \r\n}"
    headers:
      cache-control:
      - no-cache
      content-length:
      - '134'
      content-type:
      - application/json; charset=utf-8
      date:
      - Mon, 15 Jun 2020 09:31:59 GMT
      expires:
      - '-1'
      pragma:
      - no-cache
      server:
      - Microsoft-HTTPAPI/2.0
      - Microsoft-HTTPAPI/2.0
      strict-transport-security:
      - max-age=31536000; includeSubDomains
      transfer-encoding:
      - chunked
      vary:
      - Accept-Encoding
      x-content-type-options:
      - nosniff
      x-ms-ratelimit-remaining-resource:
      - Microsoft.Compute/GetOperation3Min;14997,Microsoft.Compute/GetOperation30Min;29992
    status:
      code: 200
      message: OK
- request:
    body: null
    headers:
      Accept:
      - application/json
      Accept-Encoding:
      - gzip, deflate
      CommandName:
      - vm deallocate
      Connection:
      - keep-alive
      ParameterSetName:
      - -g -n
      User-Agent:
      - python/3.7.4 (Linux-4.15.0-99-generic-x86_64-with-debian-buster-sid) msrest/0.6.16
        msrest_azure/0.6.3 azure-mgmt-compute/12.0.0 Azure-SDK-For-Python AZURECLI/2.7.0
    method: GET
    uri: https://management.azure.com/subscriptions/00000000-0000-0000-0000-000000000000/providers/Microsoft.Compute/locations/westus/operations/319edaa0-f49f-4f4f-b769-f3bbef42c89a?api-version=2019-07-01
  response:
    body:
      string: "{\r\n  \"startTime\": \"2020-06-15T09:31:49.4208602+00:00\",\r\n  \"\
        endTime\": \"2020-06-15T09:32:30.7665087+00:00\",\r\n  \"status\": \"Succeeded\"\
        ,\r\n  \"name\": \"319edaa0-f49f-4f4f-b769-f3bbef42c89a\"\r\n}"
    headers:
      cache-control:
      - no-cache
      content-length:
      - '184'
      content-type:
      - application/json; charset=utf-8
      date:
      - Mon, 15 Jun 2020 09:32:35 GMT
      expires:
      - '-1'
      pragma:
      - no-cache
      server:
      - Microsoft-HTTPAPI/2.0
      - Microsoft-HTTPAPI/2.0
      strict-transport-security:
      - max-age=31536000; includeSubDomains
      transfer-encoding:
      - chunked
      vary:
      - Accept-Encoding
      x-content-type-options:
      - nosniff
      x-ms-ratelimit-remaining-resource:
      - Microsoft.Compute/GetOperation3Min;14993,Microsoft.Compute/GetOperation30Min;29988
    status:
      code: 200
      message: OK
- request:
    body: null
    headers:
      Accept:
      - application/json
      Accept-Encoding:
      - gzip, deflate
      CommandName:
      - vm nic list
      Connection:
      - keep-alive
      ParameterSetName:
      - -g --vm-name
      User-Agent:
      - python/3.7.4 (Linux-4.15.0-99-generic-x86_64-with-debian-buster-sid) msrest/0.6.16
        msrest_azure/0.6.3 azure-mgmt-compute/12.0.0 Azure-SDK-For-Python AZURECLI/2.7.0
      accept-language:
      - en-US
    method: GET
    uri: https://management.azure.com/subscriptions/00000000-0000-0000-0000-000000000000/resourceGroups/cli_test_multi_nic_vm000001/providers/Microsoft.Compute/virtualMachines/multinicvm1?api-version=2019-07-01
  response:
    body:
      string: "{\r\n  \"name\": \"multinicvm1\",\r\n  \"id\": \"/subscriptions/00000000-0000-0000-0000-000000000000/resourceGroups/cli_test_multi_nic_vm000001/providers/Microsoft.Compute/virtualMachines/multinicvm1\"\
        ,\r\n  \"type\": \"Microsoft.Compute/virtualMachines\",\r\n  \"location\"\
        : \"westus\",\r\n  \"tags\": {},\r\n  \"properties\": {\r\n    \"vmId\": \"\
        e84313fb-dbd7-470f-af71-0f56a767ffed\",\r\n    \"hardwareProfile\": {\r\n\
        \      \"vmSize\": \"Standard_DS3\"\r\n    },\r\n    \"storageProfile\": {\r\
        \n      \"imageReference\": {\r\n        \"publisher\": \"Canonical\",\r\n\
        \        \"offer\": \"UbuntuServer\",\r\n        \"sku\": \"18.04-LTS\",\r\
        \n        \"version\": \"latest\",\r\n        \"exactVersion\": \"18.04.202006101\"\
        \r\n      },\r\n      \"osDisk\": {\r\n        \"osType\": \"Linux\",\r\n\
        \        \"name\": \"multinicvm1_OsDisk_1_40f45742989c4085b1d7184e8a8a2545\"\
        ,\r\n        \"createOption\": \"FromImage\",\r\n        \"caching\": \"ReadWrite\"\
        ,\r\n        \"managedDisk\": {\r\n          \"id\": \"/subscriptions/00000000-0000-0000-0000-000000000000/resourceGroups/CLI_TEST_MULTI_NIC_VMMT45GDURVGEXQ35NNKUXNBHYGD5P6RP4IP26JFBP6WTWLEAZ4AHTV4/providers/Microsoft.Compute/disks/multinicvm1_OsDisk_1_40f45742989c4085b1d7184e8a8a2545\"\
        \r\n        }\r\n      },\r\n      \"dataDisks\": []\r\n    },\r\n    \"osProfile\"\
        : {\r\n      \"computerName\": \"multinicvm1\",\r\n      \"adminUsername\"\
        : \"user11\",\r\n      \"linuxConfiguration\": {\r\n        \"disablePasswordAuthentication\"\
        : true,\r\n        \"ssh\": {\r\n          \"publicKeys\": [\r\n         \
        \   {\r\n              \"path\": \"/home/user11/.ssh/authorized_keys\",\r\n\
        \              \"keyData\": \"ssh-rsa AAAAB3NzaC1yc2EAAAADAQABAAACAQCbIg1guRHbI0lV11wWDt1r2cUdcNd27CJsg+SfgC7miZeubtwUhbsPdhMQsfDyhOWHq1+ZL0M+nJZV63d/1dhmhtgyOqejUwrPlzKhydsbrsdUor+JmNJDdW01v7BXHyuymT8G4s09jCasNOwiufbP/qp72ruu0bIA1nySsvlf9pCQAuFkAnVnf/rFhUlOkhtRpwcq8SUNY2zRHR/EKb/4NWY1JzR4sa3q2fWIJdrrX0DvLoa5g9bIEd4Df79ba7v+yiUBOS0zT2ll+z4g9izHK3EO5d8hL4jYxcjKs+wcslSYRWrascfscLgMlMGh0CdKeNTDjHpGPncaf3Z+FwwwjWeuiNBxv7bJo13/8B/098KlVDl4GZqsoBCEjPyJfV6hO0y/LkRGkk7oHWKgeWAfKtfLItRp00eZ4fcJNK9kCaSMmEugoZWcI7NGbZXzqFWqbpRI7NcDP9+WIQ+i9U5vqWsqd/zng4kbuAJ6UuKqIzB0upYrLShfQE3SAck8oaLhJqqq56VfDuASNpJKidV+zq27HfSBmbXnkR/5AK337dc3MXKJypoK/QPMLKUAP5XLPbs+NddJQV7EZXd29DLgp+fRIg3edpKdO7ZErWhv7d+3Kws+e1Y+ypmR2WIVSwVyBEUfgv2C8Ts9gnTF4pNcEY/S2aBicz5Ew2+jdyGNQQ==\
        \ test@example.com\\n\"\r\n            }\r\n          ]\r\n        },\r\n\
        \        \"provisionVMAgent\": true\r\n      },\r\n      \"secrets\": [],\r\
        \n      \"allowExtensionOperations\": true,\r\n      \"requireGuestProvisionSignal\"\
        : true\r\n    },\r\n    \"networkProfile\": {\"networkInterfaces\":[{\"id\"\
        :\"/subscriptions/00000000-0000-0000-0000-000000000000/resourceGroups/cli_test_multi_nic_vm000001/providers/Microsoft.Network/networkInterfaces/nic1\"\
        ,\"properties\":{\"primary\":true}},{\"id\":\"/subscriptions/00000000-0000-0000-0000-000000000000/resourceGroups/cli_test_multi_nic_vm000001/providers/Microsoft.Network/networkInterfaces/nic2\"\
        ,\"properties\":{\"primary\":false}},{\"id\":\"/subscriptions/00000000-0000-0000-0000-000000000000/resourceGroups/cli_test_multi_nic_vm000001/providers/Microsoft.Network/networkInterfaces/nic3\"\
        ,\"properties\":{\"primary\":false}},{\"id\":\"/subscriptions/00000000-0000-0000-0000-000000000000/resourceGroups/cli_test_multi_nic_vm000001/providers/Microsoft.Network/networkInterfaces/nic4\"\
        ,\"properties\":{\"primary\":false}}]},\r\n    \"provisioningState\": \"Succeeded\"\
        \r\n  }\r\n}"
    headers:
      cache-control:
      - no-cache
      content-length:
      - '3507'
      content-type:
      - application/json; charset=utf-8
      date:
      - Mon, 15 Jun 2020 09:32:36 GMT
      expires:
      - '-1'
      pragma:
      - no-cache
      server:
      - Microsoft-HTTPAPI/2.0
      - Microsoft-HTTPAPI/2.0
      strict-transport-security:
      - max-age=31536000; includeSubDomains
      transfer-encoding:
      - chunked
      vary:
      - Accept-Encoding
      x-content-type-options:
      - nosniff
      x-ms-ratelimit-remaining-resource:
      - Microsoft.Compute/LowCostGet3Min;3993,Microsoft.Compute/LowCostGet30Min;31982
    status:
      code: 200
      message: OK
- request:
    body: null
    headers:
      Accept:
      - application/json
      Accept-Encoding:
      - gzip, deflate
      CommandName:
      - vm nic show
      Connection:
      - keep-alive
      ParameterSetName:
      - -g --vm-name --nic
      User-Agent:
      - python/3.7.4 (Linux-4.15.0-99-generic-x86_64-with-debian-buster-sid) msrest/0.6.16
        msrest_azure/0.6.3 azure-mgmt-compute/12.0.0 Azure-SDK-For-Python AZURECLI/2.7.0
      accept-language:
      - en-US
    method: GET
    uri: https://management.azure.com/subscriptions/00000000-0000-0000-0000-000000000000/resourceGroups/cli_test_multi_nic_vm000001/providers/Microsoft.Compute/virtualMachines/multinicvm1?api-version=2019-07-01
  response:
    body:
      string: "{\r\n  \"name\": \"multinicvm1\",\r\n  \"id\": \"/subscriptions/00000000-0000-0000-0000-000000000000/resourceGroups/cli_test_multi_nic_vm000001/providers/Microsoft.Compute/virtualMachines/multinicvm1\"\
        ,\r\n  \"type\": \"Microsoft.Compute/virtualMachines\",\r\n  \"location\"\
        : \"westus\",\r\n  \"tags\": {},\r\n  \"properties\": {\r\n    \"vmId\": \"\
        e84313fb-dbd7-470f-af71-0f56a767ffed\",\r\n    \"hardwareProfile\": {\r\n\
        \      \"vmSize\": \"Standard_DS3\"\r\n    },\r\n    \"storageProfile\": {\r\
        \n      \"imageReference\": {\r\n        \"publisher\": \"Canonical\",\r\n\
        \        \"offer\": \"UbuntuServer\",\r\n        \"sku\": \"18.04-LTS\",\r\
        \n        \"version\": \"latest\",\r\n        \"exactVersion\": \"18.04.202006101\"\
        \r\n      },\r\n      \"osDisk\": {\r\n        \"osType\": \"Linux\",\r\n\
        \        \"name\": \"multinicvm1_OsDisk_1_40f45742989c4085b1d7184e8a8a2545\"\
        ,\r\n        \"createOption\": \"FromImage\",\r\n        \"caching\": \"ReadWrite\"\
        ,\r\n        \"managedDisk\": {\r\n          \"id\": \"/subscriptions/00000000-0000-0000-0000-000000000000/resourceGroups/CLI_TEST_MULTI_NIC_VMMT45GDURVGEXQ35NNKUXNBHYGD5P6RP4IP26JFBP6WTWLEAZ4AHTV4/providers/Microsoft.Compute/disks/multinicvm1_OsDisk_1_40f45742989c4085b1d7184e8a8a2545\"\
        \r\n        }\r\n      },\r\n      \"dataDisks\": []\r\n    },\r\n    \"osProfile\"\
        : {\r\n      \"computerName\": \"multinicvm1\",\r\n      \"adminUsername\"\
        : \"user11\",\r\n      \"linuxConfiguration\": {\r\n        \"disablePasswordAuthentication\"\
        : true,\r\n        \"ssh\": {\r\n          \"publicKeys\": [\r\n         \
        \   {\r\n              \"path\": \"/home/user11/.ssh/authorized_keys\",\r\n\
        \              \"keyData\": \"ssh-rsa AAAAB3NzaC1yc2EAAAADAQABAAACAQCbIg1guRHbI0lV11wWDt1r2cUdcNd27CJsg+SfgC7miZeubtwUhbsPdhMQsfDyhOWHq1+ZL0M+nJZV63d/1dhmhtgyOqejUwrPlzKhydsbrsdUor+JmNJDdW01v7BXHyuymT8G4s09jCasNOwiufbP/qp72ruu0bIA1nySsvlf9pCQAuFkAnVnf/rFhUlOkhtRpwcq8SUNY2zRHR/EKb/4NWY1JzR4sa3q2fWIJdrrX0DvLoa5g9bIEd4Df79ba7v+yiUBOS0zT2ll+z4g9izHK3EO5d8hL4jYxcjKs+wcslSYRWrascfscLgMlMGh0CdKeNTDjHpGPncaf3Z+FwwwjWeuiNBxv7bJo13/8B/098KlVDl4GZqsoBCEjPyJfV6hO0y/LkRGkk7oHWKgeWAfKtfLItRp00eZ4fcJNK9kCaSMmEugoZWcI7NGbZXzqFWqbpRI7NcDP9+WIQ+i9U5vqWsqd/zng4kbuAJ6UuKqIzB0upYrLShfQE3SAck8oaLhJqqq56VfDuASNpJKidV+zq27HfSBmbXnkR/5AK337dc3MXKJypoK/QPMLKUAP5XLPbs+NddJQV7EZXd29DLgp+fRIg3edpKdO7ZErWhv7d+3Kws+e1Y+ypmR2WIVSwVyBEUfgv2C8Ts9gnTF4pNcEY/S2aBicz5Ew2+jdyGNQQ==\
        \ test@example.com\\n\"\r\n            }\r\n          ]\r\n        },\r\n\
        \        \"provisionVMAgent\": true\r\n      },\r\n      \"secrets\": [],\r\
        \n      \"allowExtensionOperations\": true,\r\n      \"requireGuestProvisionSignal\"\
        : true\r\n    },\r\n    \"networkProfile\": {\"networkInterfaces\":[{\"id\"\
        :\"/subscriptions/00000000-0000-0000-0000-000000000000/resourceGroups/cli_test_multi_nic_vm000001/providers/Microsoft.Network/networkInterfaces/nic1\"\
        ,\"properties\":{\"primary\":true}},{\"id\":\"/subscriptions/00000000-0000-0000-0000-000000000000/resourceGroups/cli_test_multi_nic_vm000001/providers/Microsoft.Network/networkInterfaces/nic2\"\
        ,\"properties\":{\"primary\":false}},{\"id\":\"/subscriptions/00000000-0000-0000-0000-000000000000/resourceGroups/cli_test_multi_nic_vm000001/providers/Microsoft.Network/networkInterfaces/nic3\"\
        ,\"properties\":{\"primary\":false}},{\"id\":\"/subscriptions/00000000-0000-0000-0000-000000000000/resourceGroups/cli_test_multi_nic_vm000001/providers/Microsoft.Network/networkInterfaces/nic4\"\
        ,\"properties\":{\"primary\":false}}]},\r\n    \"provisioningState\": \"Succeeded\"\
        \r\n  }\r\n}"
    headers:
      cache-control:
      - no-cache
      content-length:
      - '3507'
      content-type:
      - application/json; charset=utf-8
      date:
      - Mon, 15 Jun 2020 09:32:37 GMT
      expires:
      - '-1'
      pragma:
      - no-cache
      server:
      - Microsoft-HTTPAPI/2.0
      - Microsoft-HTTPAPI/2.0
      strict-transport-security:
      - max-age=31536000; includeSubDomains
      transfer-encoding:
      - chunked
      vary:
      - Accept-Encoding
      x-content-type-options:
      - nosniff
      x-ms-ratelimit-remaining-resource:
      - Microsoft.Compute/LowCostGet3Min;3992,Microsoft.Compute/LowCostGet30Min;31981
    status:
      code: 200
      message: OK
- request:
    body: null
    headers:
      Accept:
      - application/json
      Accept-Encoding:
      - gzip, deflate
      CommandName:
      - vm nic show
      Connection:
      - keep-alive
      ParameterSetName:
      - -g --vm-name --nic
      User-Agent:
      - python/3.7.4 (Linux-4.15.0-99-generic-x86_64-with-debian-buster-sid) msrest/0.6.16
        msrest_azure/0.6.3 azure-mgmt-network/10.2.0 Azure-SDK-For-Python AZURECLI/2.7.0
      accept-language:
      - en-US
    method: GET
    uri: https://management.azure.com/subscriptions/00000000-0000-0000-0000-000000000000/resourceGroups/cli_test_multi_nic_vm000001/providers/Microsoft.Network/networkInterfaces/nic1?api-version=2020-05-01
  response:
    body:
      string: "{\r\n  \"name\": \"nic1\",\r\n  \"id\": \"/subscriptions/00000000-0000-0000-0000-000000000000/resourceGroups/cli_test_multi_nic_vm000001/providers/Microsoft.Network/networkInterfaces/nic1\"\
        ,\r\n  \"etag\": \"W/\\\"39252c9e-9429-4e95-8fd1-84f3a2f268b2\\\"\",\r\n \
        \ \"location\": \"westus\",\r\n  \"properties\": {\r\n    \"provisioningState\"\
        : \"Succeeded\",\r\n    \"resourceGuid\": \"79942ea7-83bc-4d08-857a-93b154ef9448\"\
        ,\r\n    \"ipConfigurations\": [\r\n      {\r\n        \"name\": \"ipconfig1\"\
        ,\r\n        \"id\": \"/subscriptions/00000000-0000-0000-0000-000000000000/resourceGroups/cli_test_multi_nic_vm000001/providers/Microsoft.Network/networkInterfaces/nic1/ipConfigurations/ipconfig1\"\
        ,\r\n        \"etag\": \"W/\\\"39252c9e-9429-4e95-8fd1-84f3a2f268b2\\\"\"\
        ,\r\n        \"type\": \"Microsoft.Network/networkInterfaces/ipConfigurations\"\
        ,\r\n        \"properties\": {\r\n          \"provisioningState\": \"Succeeded\"\
        ,\r\n          \"privateIPAddress\": \"10.0.0.4\",\r\n          \"privateIPAllocationMethod\"\
        : \"Dynamic\",\r\n          \"subnet\": {\r\n            \"id\": \"/subscriptions/00000000-0000-0000-0000-000000000000/resourceGroups/cli_test_multi_nic_vm000001/providers/Microsoft.Network/virtualNetworks/myvnet/subnets/mysubnet\"\
        \r\n          },\r\n          \"primary\": true,\r\n          \"privateIPAddressVersion\"\
        : \"IPv4\"\r\n        }\r\n      }\r\n    ],\r\n    \"dnsSettings\": {\r\n\
        \      \"dnsServers\": [],\r\n      \"appliedDnsServers\": []\r\n    },\r\n\
        \    \"macAddress\": \"00-22-48-04-92-66\",\r\n    \"enableAcceleratedNetworking\"\
        : false,\r\n    \"enableIPForwarding\": false,\r\n    \"primary\": true,\r\
        \n    \"virtualMachine\": {\r\n      \"id\": \"/subscriptions/00000000-0000-0000-0000-000000000000/resourceGroups/cli_test_multi_nic_vm000001/providers/Microsoft.Compute/virtualMachines/multinicvm1\"\
        \r\n    },\r\n    \"hostedWorkloads\": [],\r\n    \"tapConfigurations\": [],\r\
        \n    \"nicType\": \"Standard\"\r\n  },\r\n  \"type\": \"Microsoft.Network/networkInterfaces\"\
        \r\n}"
    headers:
      cache-control:
      - no-cache
      content-length:
      - '2017'
      content-type:
      - application/json; charset=utf-8
      date:
      - Mon, 15 Jun 2020 09:32:38 GMT
      etag:
      - W/"39252c9e-9429-4e95-8fd1-84f3a2f268b2"
      expires:
      - '-1'
      pragma:
      - no-cache
      server:
      - Microsoft-HTTPAPI/2.0
      - Microsoft-HTTPAPI/2.0
      strict-transport-security:
      - max-age=31536000; includeSubDomains
      transfer-encoding:
      - chunked
      vary:
      - Accept-Encoding
      x-content-type-options:
      - nosniff
      x-ms-arm-service-request-id:
      - ab6fac6f-8c81-4710-a8c7-080a36801b57
    status:
      code: 200
      message: OK
- request:
    body: null
    headers:
      Accept:
      - application/json
      Accept-Encoding:
      - gzip, deflate
      CommandName:
      - vm nic remove
      Connection:
      - keep-alive
      ParameterSetName:
      - -g --vm-name --nics --primary-nic
      User-Agent:
      - python/3.7.4 (Linux-4.15.0-99-generic-x86_64-with-debian-buster-sid) msrest/0.6.16
        msrest_azure/0.6.3 azure-mgmt-compute/12.0.0 Azure-SDK-For-Python AZURECLI/2.7.0
      accept-language:
      - en-US
    method: GET
    uri: https://management.azure.com/subscriptions/00000000-0000-0000-0000-000000000000/resourceGroups/cli_test_multi_nic_vm000001/providers/Microsoft.Compute/virtualMachines/multinicvm1?api-version=2019-07-01
  response:
    body:
      string: "{\r\n  \"name\": \"multinicvm1\",\r\n  \"id\": \"/subscriptions/00000000-0000-0000-0000-000000000000/resourceGroups/cli_test_multi_nic_vm000001/providers/Microsoft.Compute/virtualMachines/multinicvm1\"\
        ,\r\n  \"type\": \"Microsoft.Compute/virtualMachines\",\r\n  \"location\"\
        : \"westus\",\r\n  \"tags\": {},\r\n  \"properties\": {\r\n    \"vmId\": \"\
        e84313fb-dbd7-470f-af71-0f56a767ffed\",\r\n    \"hardwareProfile\": {\r\n\
        \      \"vmSize\": \"Standard_DS3\"\r\n    },\r\n    \"storageProfile\": {\r\
        \n      \"imageReference\": {\r\n        \"publisher\": \"Canonical\",\r\n\
        \        \"offer\": \"UbuntuServer\",\r\n        \"sku\": \"18.04-LTS\",\r\
        \n        \"version\": \"latest\",\r\n        \"exactVersion\": \"18.04.202006101\"\
        \r\n      },\r\n      \"osDisk\": {\r\n        \"osType\": \"Linux\",\r\n\
        \        \"name\": \"multinicvm1_OsDisk_1_40f45742989c4085b1d7184e8a8a2545\"\
        ,\r\n        \"createOption\": \"FromImage\",\r\n        \"caching\": \"ReadWrite\"\
        ,\r\n        \"managedDisk\": {\r\n          \"id\": \"/subscriptions/00000000-0000-0000-0000-000000000000/resourceGroups/CLI_TEST_MULTI_NIC_VMMT45GDURVGEXQ35NNKUXNBHYGD5P6RP4IP26JFBP6WTWLEAZ4AHTV4/providers/Microsoft.Compute/disks/multinicvm1_OsDisk_1_40f45742989c4085b1d7184e8a8a2545\"\
        \r\n        }\r\n      },\r\n      \"dataDisks\": []\r\n    },\r\n    \"osProfile\"\
        : {\r\n      \"computerName\": \"multinicvm1\",\r\n      \"adminUsername\"\
        : \"user11\",\r\n      \"linuxConfiguration\": {\r\n        \"disablePasswordAuthentication\"\
        : true,\r\n        \"ssh\": {\r\n          \"publicKeys\": [\r\n         \
        \   {\r\n              \"path\": \"/home/user11/.ssh/authorized_keys\",\r\n\
        \              \"keyData\": \"ssh-rsa AAAAB3NzaC1yc2EAAAADAQABAAACAQCbIg1guRHbI0lV11wWDt1r2cUdcNd27CJsg+SfgC7miZeubtwUhbsPdhMQsfDyhOWHq1+ZL0M+nJZV63d/1dhmhtgyOqejUwrPlzKhydsbrsdUor+JmNJDdW01v7BXHyuymT8G4s09jCasNOwiufbP/qp72ruu0bIA1nySsvlf9pCQAuFkAnVnf/rFhUlOkhtRpwcq8SUNY2zRHR/EKb/4NWY1JzR4sa3q2fWIJdrrX0DvLoa5g9bIEd4Df79ba7v+yiUBOS0zT2ll+z4g9izHK3EO5d8hL4jYxcjKs+wcslSYRWrascfscLgMlMGh0CdKeNTDjHpGPncaf3Z+FwwwjWeuiNBxv7bJo13/8B/098KlVDl4GZqsoBCEjPyJfV6hO0y/LkRGkk7oHWKgeWAfKtfLItRp00eZ4fcJNK9kCaSMmEugoZWcI7NGbZXzqFWqbpRI7NcDP9+WIQ+i9U5vqWsqd/zng4kbuAJ6UuKqIzB0upYrLShfQE3SAck8oaLhJqqq56VfDuASNpJKidV+zq27HfSBmbXnkR/5AK337dc3MXKJypoK/QPMLKUAP5XLPbs+NddJQV7EZXd29DLgp+fRIg3edpKdO7ZErWhv7d+3Kws+e1Y+ypmR2WIVSwVyBEUfgv2C8Ts9gnTF4pNcEY/S2aBicz5Ew2+jdyGNQQ==\
        \ test@example.com\\n\"\r\n            }\r\n          ]\r\n        },\r\n\
        \        \"provisionVMAgent\": true\r\n      },\r\n      \"secrets\": [],\r\
        \n      \"allowExtensionOperations\": true,\r\n      \"requireGuestProvisionSignal\"\
        : true\r\n    },\r\n    \"networkProfile\": {\"networkInterfaces\":[{\"id\"\
        :\"/subscriptions/00000000-0000-0000-0000-000000000000/resourceGroups/cli_test_multi_nic_vm000001/providers/Microsoft.Network/networkInterfaces/nic1\"\
        ,\"properties\":{\"primary\":true}},{\"id\":\"/subscriptions/00000000-0000-0000-0000-000000000000/resourceGroups/cli_test_multi_nic_vm000001/providers/Microsoft.Network/networkInterfaces/nic2\"\
        ,\"properties\":{\"primary\":false}},{\"id\":\"/subscriptions/00000000-0000-0000-0000-000000000000/resourceGroups/cli_test_multi_nic_vm000001/providers/Microsoft.Network/networkInterfaces/nic3\"\
        ,\"properties\":{\"primary\":false}},{\"id\":\"/subscriptions/00000000-0000-0000-0000-000000000000/resourceGroups/cli_test_multi_nic_vm000001/providers/Microsoft.Network/networkInterfaces/nic4\"\
        ,\"properties\":{\"primary\":false}}]},\r\n    \"provisioningState\": \"Succeeded\"\
        \r\n  }\r\n}"
    headers:
      cache-control:
      - no-cache
      content-length:
      - '3507'
      content-type:
      - application/json; charset=utf-8
      date:
      - Mon, 15 Jun 2020 09:32:39 GMT
      expires:
      - '-1'
      pragma:
      - no-cache
      server:
      - Microsoft-HTTPAPI/2.0
      - Microsoft-HTTPAPI/2.0
      strict-transport-security:
      - max-age=31536000; includeSubDomains
      transfer-encoding:
      - chunked
      vary:
      - Accept-Encoding
      x-content-type-options:
      - nosniff
      x-ms-ratelimit-remaining-resource:
      - Microsoft.Compute/LowCostGet3Min;3991,Microsoft.Compute/LowCostGet30Min;31980
    status:
      code: 200
      message: OK
- request:
    body: null
    headers:
      Accept:
      - application/json
      Accept-Encoding:
      - gzip, deflate
      CommandName:
      - vm nic remove
      Connection:
      - keep-alive
      ParameterSetName:
      - -g --vm-name --nics --primary-nic
      User-Agent:
      - python/3.7.4 (Linux-4.15.0-99-generic-x86_64-with-debian-buster-sid) msrest/0.6.16
        msrest_azure/0.6.3 azure-mgmt-network/10.2.0 Azure-SDK-For-Python AZURECLI/2.7.0
      accept-language:
      - en-US
    method: GET
    uri: https://management.azure.com/subscriptions/00000000-0000-0000-0000-000000000000/resourceGroups/cli_test_multi_nic_vm000001/providers/Microsoft.Network/networkInterfaces/nic4?api-version=2020-05-01
  response:
    body:
      string: "{\r\n  \"name\": \"nic4\",\r\n  \"id\": \"/subscriptions/00000000-0000-0000-0000-000000000000/resourceGroups/cli_test_multi_nic_vm000001/providers/Microsoft.Network/networkInterfaces/nic4\"\
        ,\r\n  \"etag\": \"W/\\\"eda3cb3e-0760-467b-adcb-ad65a706737c\\\"\",\r\n \
        \ \"location\": \"westus\",\r\n  \"properties\": {\r\n    \"provisioningState\"\
        : \"Succeeded\",\r\n    \"resourceGuid\": \"561ac92d-9875-4768-96bb-c68bb7c08a6d\"\
        ,\r\n    \"ipConfigurations\": [\r\n      {\r\n        \"name\": \"ipconfig1\"\
        ,\r\n        \"id\": \"/subscriptions/00000000-0000-0000-0000-000000000000/resourceGroups/cli_test_multi_nic_vm000001/providers/Microsoft.Network/networkInterfaces/nic4/ipConfigurations/ipconfig1\"\
        ,\r\n        \"etag\": \"W/\\\"eda3cb3e-0760-467b-adcb-ad65a706737c\\\"\"\
        ,\r\n        \"type\": \"Microsoft.Network/networkInterfaces/ipConfigurations\"\
        ,\r\n        \"properties\": {\r\n          \"provisioningState\": \"Succeeded\"\
        ,\r\n          \"privateIPAddress\": \"10.0.0.7\",\r\n          \"privateIPAllocationMethod\"\
        : \"Dynamic\",\r\n          \"subnet\": {\r\n            \"id\": \"/subscriptions/00000000-0000-0000-0000-000000000000/resourceGroups/cli_test_multi_nic_vm000001/providers/Microsoft.Network/virtualNetworks/myvnet/subnets/mysubnet\"\
        \r\n          },\r\n          \"primary\": true,\r\n          \"privateIPAddressVersion\"\
        : \"IPv4\"\r\n        }\r\n      }\r\n    ],\r\n    \"dnsSettings\": {\r\n\
        \      \"dnsServers\": [],\r\n      \"appliedDnsServers\": []\r\n    },\r\n\
        \    \"macAddress\": \"00-22-48-04-9B-7E\",\r\n    \"enableAcceleratedNetworking\"\
        : false,\r\n    \"enableIPForwarding\": false,\r\n    \"primary\": false,\r\
        \n    \"virtualMachine\": {\r\n      \"id\": \"/subscriptions/00000000-0000-0000-0000-000000000000/resourceGroups/cli_test_multi_nic_vm000001/providers/Microsoft.Compute/virtualMachines/multinicvm1\"\
        \r\n    },\r\n    \"hostedWorkloads\": [],\r\n    \"tapConfigurations\": [],\r\
        \n    \"nicType\": \"Standard\"\r\n  },\r\n  \"type\": \"Microsoft.Network/networkInterfaces\"\
        \r\n}"
    headers:
      cache-control:
      - no-cache
      content-length:
      - '2018'
      content-type:
      - application/json; charset=utf-8
      date:
      - Mon, 15 Jun 2020 09:32:39 GMT
      etag:
      - W/"eda3cb3e-0760-467b-adcb-ad65a706737c"
      expires:
      - '-1'
      pragma:
      - no-cache
      server:
      - Microsoft-HTTPAPI/2.0
      - Microsoft-HTTPAPI/2.0
      strict-transport-security:
      - max-age=31536000; includeSubDomains
      transfer-encoding:
      - chunked
      vary:
      - Accept-Encoding
      x-content-type-options:
      - nosniff
      x-ms-arm-service-request-id:
      - 966dcd6d-4dc1-443a-8ddf-e9ecb5bb2af7
    status:
      code: 200
      message: OK
- request:
    body: 'b''{"location": "westus", "tags": {}, "properties": {"hardwareProfile":
      {"vmSize": "Standard_DS3"}, "storageProfile": {"imageReference": {"publisher":
      "Canonical", "offer": "UbuntuServer", "sku": "18.04-LTS", "version": "latest"},
      "osDisk": {"osType": "Linux", "name": "multinicvm1_OsDisk_1_40f45742989c4085b1d7184e8a8a2545",
      "caching": "ReadWrite", "createOption": "FromImage", "managedDisk": {"id": "/subscriptions/00000000-0000-0000-0000-000000000000/resourceGroups/CLI_TEST_MULTI_NIC_VMMT45GDURVGEXQ35NNKUXNBHYGD5P6RP4IP26JFBP6WTWLEAZ4AHTV4/providers/Microsoft.Compute/disks/multinicvm1_OsDisk_1_40f45742989c4085b1d7184e8a8a2545"}},
      "dataDisks": []}, "osProfile": {"computerName": "multinicvm1", "adminUsername":
      "user11", "linuxConfiguration": {"disablePasswordAuthentication": true, "ssh":
      {"publicKeys": [{"path": "/home/user11/.ssh/authorized_keys", "keyData": "ssh-rsa
      AAAAB3NzaC1yc2EAAAADAQABAAACAQCbIg1guRHbI0lV11wWDt1r2cUdcNd27CJsg+SfgC7miZeubtwUhbsPdhMQsfDyhOWHq1+ZL0M+nJZV63d/1dhmhtgyOqejUwrPlzKhydsbrsdUor+JmNJDdW01v7BXHyuymT8G4s09jCasNOwiufbP/qp72ruu0bIA1nySsvlf9pCQAuFkAnVnf/rFhUlOkhtRpwcq8SUNY2zRHR/EKb/4NWY1JzR4sa3q2fWIJdrrX0DvLoa5g9bIEd4Df79ba7v+yiUBOS0zT2ll+z4g9izHK3EO5d8hL4jYxcjKs+wcslSYRWrascfscLgMlMGh0CdKeNTDjHpGPncaf3Z+FwwwjWeuiNBxv7bJo13/8B/098KlVDl4GZqsoBCEjPyJfV6hO0y/LkRGkk7oHWKgeWAfKtfLItRp00eZ4fcJNK9kCaSMmEugoZWcI7NGbZXzqFWqbpRI7NcDP9+WIQ+i9U5vqWsqd/zng4kbuAJ6UuKqIzB0upYrLShfQE3SAck8oaLhJqqq56VfDuASNpJKidV+zq27HfSBmbXnkR/5AK337dc3MXKJypoK/QPMLKUAP5XLPbs+NddJQV7EZXd29DLgp+fRIg3edpKdO7ZErWhv7d+3Kws+e1Y+ypmR2WIVSwVyBEUfgv2C8Ts9gnTF4pNcEY/S2aBicz5Ew2+jdyGNQQ==
      test@example.com\\n"}]}, "provisionVMAgent": true}, "secrets": [], "allowExtensionOperations":
      true, "requireGuestProvisionSignal": true}, "networkProfile": {"networkInterfaces":
      [{"id": "/subscriptions/00000000-0000-0000-0000-000000000000/resourceGroups/cli_test_multi_nic_vm000001/providers/Microsoft.Network/networkInterfaces/nic1",
      "properties": {"primary": true}}, {"id": "/subscriptions/00000000-0000-0000-0000-000000000000/resourceGroups/cli_test_multi_nic_vm000001/providers/Microsoft.Network/networkInterfaces/nic2",
      "properties": {"primary": false}}, {"id": "/subscriptions/00000000-0000-0000-0000-000000000000/resourceGroups/cli_test_multi_nic_vm000001/providers/Microsoft.Network/networkInterfaces/nic3",
      "properties": {"primary": false}}]}}}'''
    headers:
      Accept:
      - application/json
      Accept-Encoding:
      - gzip, deflate
      CommandName:
      - vm nic remove
      Connection:
      - keep-alive
      Content-Length:
      - '2489'
      Content-Type:
      - application/json; charset=utf-8
      ParameterSetName:
      - -g --vm-name --nics --primary-nic
      User-Agent:
      - python/3.7.4 (Linux-4.15.0-99-generic-x86_64-with-debian-buster-sid) msrest/0.6.16
        msrest_azure/0.6.3 azure-mgmt-compute/12.0.0 Azure-SDK-For-Python AZURECLI/2.7.0
      accept-language:
      - en-US
    method: PUT
    uri: https://management.azure.com/subscriptions/00000000-0000-0000-0000-000000000000/resourceGroups/cli_test_multi_nic_vm000001/providers/Microsoft.Compute/virtualMachines/multinicvm1?api-version=2019-07-01
  response:
    body:
      string: "{\r\n  \"name\": \"multinicvm1\",\r\n  \"id\": \"/subscriptions/00000000-0000-0000-0000-000000000000/resourceGroups/cli_test_multi_nic_vm000001/providers/Microsoft.Compute/virtualMachines/multinicvm1\"\
        ,\r\n  \"type\": \"Microsoft.Compute/virtualMachines\",\r\n  \"location\"\
        : \"westus\",\r\n  \"tags\": {},\r\n  \"properties\": {\r\n    \"vmId\": \"\
        e84313fb-dbd7-470f-af71-0f56a767ffed\",\r\n    \"hardwareProfile\": {\r\n\
        \      \"vmSize\": \"Standard_DS3\"\r\n    },\r\n    \"storageProfile\": {\r\
        \n      \"imageReference\": {\r\n        \"publisher\": \"Canonical\",\r\n\
        \        \"offer\": \"UbuntuServer\",\r\n        \"sku\": \"18.04-LTS\",\r\
        \n        \"version\": \"latest\",\r\n        \"exactVersion\": \"18.04.202006101\"\
        \r\n      },\r\n      \"osDisk\": {\r\n        \"osType\": \"Linux\",\r\n\
        \        \"name\": \"multinicvm1_OsDisk_1_40f45742989c4085b1d7184e8a8a2545\"\
        ,\r\n        \"createOption\": \"FromImage\",\r\n        \"caching\": \"ReadWrite\"\
        ,\r\n        \"managedDisk\": {\r\n          \"id\": \"/subscriptions/00000000-0000-0000-0000-000000000000/resourceGroups/CLI_TEST_MULTI_NIC_VMMT45GDURVGEXQ35NNKUXNBHYGD5P6RP4IP26JFBP6WTWLEAZ4AHTV4/providers/Microsoft.Compute/disks/multinicvm1_OsDisk_1_40f45742989c4085b1d7184e8a8a2545\"\
        \r\n        }\r\n      },\r\n      \"dataDisks\": []\r\n    },\r\n    \"osProfile\"\
        : {\r\n      \"computerName\": \"multinicvm1\",\r\n      \"adminUsername\"\
        : \"user11\",\r\n      \"linuxConfiguration\": {\r\n        \"disablePasswordAuthentication\"\
        : true,\r\n        \"ssh\": {\r\n          \"publicKeys\": [\r\n         \
        \   {\r\n              \"path\": \"/home/user11/.ssh/authorized_keys\",\r\n\
        \              \"keyData\": \"ssh-rsa AAAAB3NzaC1yc2EAAAADAQABAAACAQCbIg1guRHbI0lV11wWDt1r2cUdcNd27CJsg+SfgC7miZeubtwUhbsPdhMQsfDyhOWHq1+ZL0M+nJZV63d/1dhmhtgyOqejUwrPlzKhydsbrsdUor+JmNJDdW01v7BXHyuymT8G4s09jCasNOwiufbP/qp72ruu0bIA1nySsvlf9pCQAuFkAnVnf/rFhUlOkhtRpwcq8SUNY2zRHR/EKb/4NWY1JzR4sa3q2fWIJdrrX0DvLoa5g9bIEd4Df79ba7v+yiUBOS0zT2ll+z4g9izHK3EO5d8hL4jYxcjKs+wcslSYRWrascfscLgMlMGh0CdKeNTDjHpGPncaf3Z+FwwwjWeuiNBxv7bJo13/8B/098KlVDl4GZqsoBCEjPyJfV6hO0y/LkRGkk7oHWKgeWAfKtfLItRp00eZ4fcJNK9kCaSMmEugoZWcI7NGbZXzqFWqbpRI7NcDP9+WIQ+i9U5vqWsqd/zng4kbuAJ6UuKqIzB0upYrLShfQE3SAck8oaLhJqqq56VfDuASNpJKidV+zq27HfSBmbXnkR/5AK337dc3MXKJypoK/QPMLKUAP5XLPbs+NddJQV7EZXd29DLgp+fRIg3edpKdO7ZErWhv7d+3Kws+e1Y+ypmR2WIVSwVyBEUfgv2C8Ts9gnTF4pNcEY/S2aBicz5Ew2+jdyGNQQ==\
        \ test@example.com\\n\"\r\n            }\r\n          ]\r\n        },\r\n\
        \        \"provisionVMAgent\": true\r\n      },\r\n      \"secrets\": [],\r\
        \n      \"allowExtensionOperations\": true,\r\n      \"requireGuestProvisionSignal\"\
        : true\r\n    },\r\n    \"networkProfile\": {\"networkInterfaces\":[{\"id\"\
        :\"/subscriptions/00000000-0000-0000-0000-000000000000/resourceGroups/cli_test_multi_nic_vm000001/providers/Microsoft.Network/networkInterfaces/nic1\"\
        ,\"properties\":{\"primary\":true}},{\"id\":\"/subscriptions/00000000-0000-0000-0000-000000000000/resourceGroups/cli_test_multi_nic_vm000001/providers/Microsoft.Network/networkInterfaces/nic2\"\
        ,\"properties\":{\"primary\":false}},{\"id\":\"/subscriptions/00000000-0000-0000-0000-000000000000/resourceGroups/cli_test_multi_nic_vm000001/providers/Microsoft.Network/networkInterfaces/nic3\"\
        ,\"properties\":{\"primary\":false}}]},\r\n    \"provisioningState\": \"Updating\"\
        \r\n  }\r\n}"
    headers:
      azure-asyncnotification:
      - Enabled
      azure-asyncoperation:
      - https://management.azure.com/subscriptions/00000000-0000-0000-0000-000000000000/providers/Microsoft.Compute/locations/westus/operations/49d19290-7d0c-4dfb-9cd4-b276f69f6dd3?api-version=2019-07-01
      cache-control:
      - no-cache
      content-length:
      - '3272'
      content-type:
      - application/json; charset=utf-8
      date:
      - Mon, 15 Jun 2020 09:32:43 GMT
      expires:
      - '-1'
      pragma:
      - no-cache
      server:
      - Microsoft-HTTPAPI/2.0
      - Microsoft-HTTPAPI/2.0
      strict-transport-security:
      - max-age=31536000; includeSubDomains
      transfer-encoding:
      - chunked
      vary:
      - Accept-Encoding
      x-content-type-options:
      - nosniff
      x-ms-ratelimit-remaining-resource:
      - Microsoft.Compute/PutVM3Min;239,Microsoft.Compute/PutVM30Min;1197
      x-ms-ratelimit-remaining-subscription-writes:
      - '1199'
    status:
      code: 200
      message: OK
- request:
    body: null
    headers:
      Accept:
      - application/json
      Accept-Encoding:
      - gzip, deflate
      CommandName:
      - vm nic remove
      Connection:
      - keep-alive
      ParameterSetName:
      - -g --vm-name --nics --primary-nic
      User-Agent:
      - python/3.7.4 (Linux-4.15.0-99-generic-x86_64-with-debian-buster-sid) msrest/0.6.16
        msrest_azure/0.6.3 azure-mgmt-compute/12.0.0 Azure-SDK-For-Python AZURECLI/2.7.0
    method: GET
    uri: https://management.azure.com/subscriptions/00000000-0000-0000-0000-000000000000/providers/Microsoft.Compute/locations/westus/operations/49d19290-7d0c-4dfb-9cd4-b276f69f6dd3?api-version=2019-07-01
  response:
    body:
      string: "{\r\n  \"startTime\": \"2020-06-15T09:32:41.7826063+00:00\",\r\n  \"\
        endTime\": \"2020-06-15T09:32:42.6107724+00:00\",\r\n  \"status\": \"Succeeded\"\
        ,\r\n  \"name\": \"49d19290-7d0c-4dfb-9cd4-b276f69f6dd3\"\r\n}"
    headers:
      cache-control:
      - no-cache
      content-length:
      - '184'
      content-type:
      - application/json; charset=utf-8
      date:
      - Mon, 15 Jun 2020 09:33:14 GMT
      expires:
      - '-1'
      pragma:
      - no-cache
      server:
      - Microsoft-HTTPAPI/2.0
      - Microsoft-HTTPAPI/2.0
      strict-transport-security:
      - max-age=31536000; includeSubDomains
      transfer-encoding:
      - chunked
      vary:
      - Accept-Encoding
      x-content-type-options:
      - nosniff
      x-ms-ratelimit-remaining-resource:
      - Microsoft.Compute/GetOperation3Min;14991,Microsoft.Compute/GetOperation30Min;29986
    status:
      code: 200
      message: OK
- request:
    body: null
    headers:
      Accept:
      - application/json
      Accept-Encoding:
      - gzip, deflate
      CommandName:
      - vm nic remove
      Connection:
      - keep-alive
      ParameterSetName:
      - -g --vm-name --nics --primary-nic
      User-Agent:
      - python/3.7.4 (Linux-4.15.0-99-generic-x86_64-with-debian-buster-sid) msrest/0.6.16
        msrest_azure/0.6.3 azure-mgmt-compute/12.0.0 Azure-SDK-For-Python AZURECLI/2.7.0
    method: GET
    uri: https://management.azure.com/subscriptions/00000000-0000-0000-0000-000000000000/resourceGroups/cli_test_multi_nic_vm000001/providers/Microsoft.Compute/virtualMachines/multinicvm1?api-version=2019-07-01
  response:
    body:
      string: "{\r\n  \"name\": \"multinicvm1\",\r\n  \"id\": \"/subscriptions/00000000-0000-0000-0000-000000000000/resourceGroups/cli_test_multi_nic_vm000001/providers/Microsoft.Compute/virtualMachines/multinicvm1\"\
        ,\r\n  \"type\": \"Microsoft.Compute/virtualMachines\",\r\n  \"location\"\
        : \"westus\",\r\n  \"tags\": {},\r\n  \"properties\": {\r\n    \"vmId\": \"\
        e84313fb-dbd7-470f-af71-0f56a767ffed\",\r\n    \"hardwareProfile\": {\r\n\
        \      \"vmSize\": \"Standard_DS3\"\r\n    },\r\n    \"storageProfile\": {\r\
        \n      \"imageReference\": {\r\n        \"publisher\": \"Canonical\",\r\n\
        \        \"offer\": \"UbuntuServer\",\r\n        \"sku\": \"18.04-LTS\",\r\
        \n        \"version\": \"latest\",\r\n        \"exactVersion\": \"18.04.202006101\"\
        \r\n      },\r\n      \"osDisk\": {\r\n        \"osType\": \"Linux\",\r\n\
        \        \"name\": \"multinicvm1_OsDisk_1_40f45742989c4085b1d7184e8a8a2545\"\
        ,\r\n        \"createOption\": \"FromImage\",\r\n        \"caching\": \"ReadWrite\"\
        ,\r\n        \"managedDisk\": {\r\n          \"id\": \"/subscriptions/00000000-0000-0000-0000-000000000000/resourceGroups/CLI_TEST_MULTI_NIC_VMMT45GDURVGEXQ35NNKUXNBHYGD5P6RP4IP26JFBP6WTWLEAZ4AHTV4/providers/Microsoft.Compute/disks/multinicvm1_OsDisk_1_40f45742989c4085b1d7184e8a8a2545\"\
        \r\n        }\r\n      },\r\n      \"dataDisks\": []\r\n    },\r\n    \"osProfile\"\
        : {\r\n      \"computerName\": \"multinicvm1\",\r\n      \"adminUsername\"\
        : \"user11\",\r\n      \"linuxConfiguration\": {\r\n        \"disablePasswordAuthentication\"\
        : true,\r\n        \"ssh\": {\r\n          \"publicKeys\": [\r\n         \
        \   {\r\n              \"path\": \"/home/user11/.ssh/authorized_keys\",\r\n\
        \              \"keyData\": \"ssh-rsa AAAAB3NzaC1yc2EAAAADAQABAAACAQCbIg1guRHbI0lV11wWDt1r2cUdcNd27CJsg+SfgC7miZeubtwUhbsPdhMQsfDyhOWHq1+ZL0M+nJZV63d/1dhmhtgyOqejUwrPlzKhydsbrsdUor+JmNJDdW01v7BXHyuymT8G4s09jCasNOwiufbP/qp72ruu0bIA1nySsvlf9pCQAuFkAnVnf/rFhUlOkhtRpwcq8SUNY2zRHR/EKb/4NWY1JzR4sa3q2fWIJdrrX0DvLoa5g9bIEd4Df79ba7v+yiUBOS0zT2ll+z4g9izHK3EO5d8hL4jYxcjKs+wcslSYRWrascfscLgMlMGh0CdKeNTDjHpGPncaf3Z+FwwwjWeuiNBxv7bJo13/8B/098KlVDl4GZqsoBCEjPyJfV6hO0y/LkRGkk7oHWKgeWAfKtfLItRp00eZ4fcJNK9kCaSMmEugoZWcI7NGbZXzqFWqbpRI7NcDP9+WIQ+i9U5vqWsqd/zng4kbuAJ6UuKqIzB0upYrLShfQE3SAck8oaLhJqqq56VfDuASNpJKidV+zq27HfSBmbXnkR/5AK337dc3MXKJypoK/QPMLKUAP5XLPbs+NddJQV7EZXd29DLgp+fRIg3edpKdO7ZErWhv7d+3Kws+e1Y+ypmR2WIVSwVyBEUfgv2C8Ts9gnTF4pNcEY/S2aBicz5Ew2+jdyGNQQ==\
        \ test@example.com\\n\"\r\n            }\r\n          ]\r\n        },\r\n\
        \        \"provisionVMAgent\": true\r\n      },\r\n      \"secrets\": [],\r\
        \n      \"allowExtensionOperations\": true,\r\n      \"requireGuestProvisionSignal\"\
        : true\r\n    },\r\n    \"networkProfile\": {\"networkInterfaces\":[{\"id\"\
        :\"/subscriptions/00000000-0000-0000-0000-000000000000/resourceGroups/cli_test_multi_nic_vm000001/providers/Microsoft.Network/networkInterfaces/nic1\"\
        ,\"properties\":{\"primary\":true}},{\"id\":\"/subscriptions/00000000-0000-0000-0000-000000000000/resourceGroups/cli_test_multi_nic_vm000001/providers/Microsoft.Network/networkInterfaces/nic2\"\
        ,\"properties\":{\"primary\":false}},{\"id\":\"/subscriptions/00000000-0000-0000-0000-000000000000/resourceGroups/cli_test_multi_nic_vm000001/providers/Microsoft.Network/networkInterfaces/nic3\"\
        ,\"properties\":{\"primary\":false}}]},\r\n    \"provisioningState\": \"Succeeded\"\
        \r\n  }\r\n}"
    headers:
      cache-control:
      - no-cache
      content-length:
      - '3273'
      content-type:
      - application/json; charset=utf-8
      date:
      - Mon, 15 Jun 2020 09:33:15 GMT
      expires:
      - '-1'
      pragma:
      - no-cache
      server:
      - Microsoft-HTTPAPI/2.0
      - Microsoft-HTTPAPI/2.0
      strict-transport-security:
      - max-age=31536000; includeSubDomains
      transfer-encoding:
      - chunked
      vary:
      - Accept-Encoding
      x-content-type-options:
      - nosniff
      x-ms-ratelimit-remaining-resource:
      - Microsoft.Compute/LowCostGet3Min;3987,Microsoft.Compute/LowCostGet30Min;31976
    status:
      code: 200
      message: OK
- request:
    body: null
    headers:
      Accept:
      - application/json
      Accept-Encoding:
      - gzip, deflate
      CommandName:
      - vm nic add
      Connection:
      - keep-alive
      ParameterSetName:
      - -g --vm-name --nics
      User-Agent:
      - python/3.7.4 (Linux-4.15.0-99-generic-x86_64-with-debian-buster-sid) msrest/0.6.16
        msrest_azure/0.6.3 azure-mgmt-compute/12.0.0 Azure-SDK-For-Python AZURECLI/2.7.0
      accept-language:
      - en-US
    method: GET
    uri: https://management.azure.com/subscriptions/00000000-0000-0000-0000-000000000000/resourceGroups/cli_test_multi_nic_vm000001/providers/Microsoft.Compute/virtualMachines/multinicvm1?api-version=2019-07-01
  response:
    body:
      string: "{\r\n  \"name\": \"multinicvm1\",\r\n  \"id\": \"/subscriptions/00000000-0000-0000-0000-000000000000/resourceGroups/cli_test_multi_nic_vm000001/providers/Microsoft.Compute/virtualMachines/multinicvm1\"\
        ,\r\n  \"type\": \"Microsoft.Compute/virtualMachines\",\r\n  \"location\"\
        : \"westus\",\r\n  \"tags\": {},\r\n  \"properties\": {\r\n    \"vmId\": \"\
        e84313fb-dbd7-470f-af71-0f56a767ffed\",\r\n    \"hardwareProfile\": {\r\n\
        \      \"vmSize\": \"Standard_DS3\"\r\n    },\r\n    \"storageProfile\": {\r\
        \n      \"imageReference\": {\r\n        \"publisher\": \"Canonical\",\r\n\
        \        \"offer\": \"UbuntuServer\",\r\n        \"sku\": \"18.04-LTS\",\r\
        \n        \"version\": \"latest\",\r\n        \"exactVersion\": \"18.04.202006101\"\
        \r\n      },\r\n      \"osDisk\": {\r\n        \"osType\": \"Linux\",\r\n\
        \        \"name\": \"multinicvm1_OsDisk_1_40f45742989c4085b1d7184e8a8a2545\"\
        ,\r\n        \"createOption\": \"FromImage\",\r\n        \"caching\": \"ReadWrite\"\
        ,\r\n        \"managedDisk\": {\r\n          \"id\": \"/subscriptions/00000000-0000-0000-0000-000000000000/resourceGroups/CLI_TEST_MULTI_NIC_VMMT45GDURVGEXQ35NNKUXNBHYGD5P6RP4IP26JFBP6WTWLEAZ4AHTV4/providers/Microsoft.Compute/disks/multinicvm1_OsDisk_1_40f45742989c4085b1d7184e8a8a2545\"\
        \r\n        }\r\n      },\r\n      \"dataDisks\": []\r\n    },\r\n    \"osProfile\"\
        : {\r\n      \"computerName\": \"multinicvm1\",\r\n      \"adminUsername\"\
        : \"user11\",\r\n      \"linuxConfiguration\": {\r\n        \"disablePasswordAuthentication\"\
        : true,\r\n        \"ssh\": {\r\n          \"publicKeys\": [\r\n         \
        \   {\r\n              \"path\": \"/home/user11/.ssh/authorized_keys\",\r\n\
        \              \"keyData\": \"ssh-rsa AAAAB3NzaC1yc2EAAAADAQABAAACAQCbIg1guRHbI0lV11wWDt1r2cUdcNd27CJsg+SfgC7miZeubtwUhbsPdhMQsfDyhOWHq1+ZL0M+nJZV63d/1dhmhtgyOqejUwrPlzKhydsbrsdUor+JmNJDdW01v7BXHyuymT8G4s09jCasNOwiufbP/qp72ruu0bIA1nySsvlf9pCQAuFkAnVnf/rFhUlOkhtRpwcq8SUNY2zRHR/EKb/4NWY1JzR4sa3q2fWIJdrrX0DvLoa5g9bIEd4Df79ba7v+yiUBOS0zT2ll+z4g9izHK3EO5d8hL4jYxcjKs+wcslSYRWrascfscLgMlMGh0CdKeNTDjHpGPncaf3Z+FwwwjWeuiNBxv7bJo13/8B/098KlVDl4GZqsoBCEjPyJfV6hO0y/LkRGkk7oHWKgeWAfKtfLItRp00eZ4fcJNK9kCaSMmEugoZWcI7NGbZXzqFWqbpRI7NcDP9+WIQ+i9U5vqWsqd/zng4kbuAJ6UuKqIzB0upYrLShfQE3SAck8oaLhJqqq56VfDuASNpJKidV+zq27HfSBmbXnkR/5AK337dc3MXKJypoK/QPMLKUAP5XLPbs+NddJQV7EZXd29DLgp+fRIg3edpKdO7ZErWhv7d+3Kws+e1Y+ypmR2WIVSwVyBEUfgv2C8Ts9gnTF4pNcEY/S2aBicz5Ew2+jdyGNQQ==\
        \ test@example.com\\n\"\r\n            }\r\n          ]\r\n        },\r\n\
        \        \"provisionVMAgent\": true\r\n      },\r\n      \"secrets\": [],\r\
        \n      \"allowExtensionOperations\": true,\r\n      \"requireGuestProvisionSignal\"\
        : true\r\n    },\r\n    \"networkProfile\": {\"networkInterfaces\":[{\"id\"\
        :\"/subscriptions/00000000-0000-0000-0000-000000000000/resourceGroups/cli_test_multi_nic_vm000001/providers/Microsoft.Network/networkInterfaces/nic1\"\
        ,\"properties\":{\"primary\":true}},{\"id\":\"/subscriptions/00000000-0000-0000-0000-000000000000/resourceGroups/cli_test_multi_nic_vm000001/providers/Microsoft.Network/networkInterfaces/nic2\"\
        ,\"properties\":{\"primary\":false}},{\"id\":\"/subscriptions/00000000-0000-0000-0000-000000000000/resourceGroups/cli_test_multi_nic_vm000001/providers/Microsoft.Network/networkInterfaces/nic3\"\
        ,\"properties\":{\"primary\":false}}]},\r\n    \"provisioningState\": \"Succeeded\"\
        \r\n  }\r\n}"
    headers:
      cache-control:
      - no-cache
      content-length:
      - '3273'
      content-type:
      - application/json; charset=utf-8
      date:
      - Mon, 15 Jun 2020 09:33:16 GMT
      expires:
      - '-1'
      pragma:
      - no-cache
      server:
      - Microsoft-HTTPAPI/2.0
      - Microsoft-HTTPAPI/2.0
      strict-transport-security:
      - max-age=31536000; includeSubDomains
      transfer-encoding:
      - chunked
      vary:
      - Accept-Encoding
      x-content-type-options:
      - nosniff
      x-ms-ratelimit-remaining-resource:
      - Microsoft.Compute/LowCostGet3Min;3986,Microsoft.Compute/LowCostGet30Min;31975
    status:
      code: 200
      message: OK
- request:
    body: null
    headers:
      Accept:
      - application/json
      Accept-Encoding:
      - gzip, deflate
      CommandName:
      - vm nic add
      Connection:
      - keep-alive
      ParameterSetName:
      - -g --vm-name --nics
      User-Agent:
      - python/3.7.4 (Linux-4.15.0-99-generic-x86_64-with-debian-buster-sid) msrest/0.6.16
        msrest_azure/0.6.3 azure-mgmt-network/10.2.0 Azure-SDK-For-Python AZURECLI/2.7.0
      accept-language:
      - en-US
    method: GET
    uri: https://management.azure.com/subscriptions/00000000-0000-0000-0000-000000000000/resourceGroups/cli_test_multi_nic_vm000001/providers/Microsoft.Network/networkInterfaces/nic4?api-version=2020-05-01
  response:
    body:
      string: "{\r\n  \"name\": \"nic4\",\r\n  \"id\": \"/subscriptions/00000000-0000-0000-0000-000000000000/resourceGroups/cli_test_multi_nic_vm000001/providers/Microsoft.Network/networkInterfaces/nic4\"\
        ,\r\n  \"etag\": \"W/\\\"26c670dc-3a1f-45b6-81db-f939824d4049\\\"\",\r\n \
        \ \"location\": \"westus\",\r\n  \"properties\": {\r\n    \"provisioningState\"\
        : \"Succeeded\",\r\n    \"resourceGuid\": \"561ac92d-9875-4768-96bb-c68bb7c08a6d\"\
        ,\r\n    \"ipConfigurations\": [\r\n      {\r\n        \"name\": \"ipconfig1\"\
        ,\r\n        \"id\": \"/subscriptions/00000000-0000-0000-0000-000000000000/resourceGroups/cli_test_multi_nic_vm000001/providers/Microsoft.Network/networkInterfaces/nic4/ipConfigurations/ipconfig1\"\
        ,\r\n        \"etag\": \"W/\\\"26c670dc-3a1f-45b6-81db-f939824d4049\\\"\"\
        ,\r\n        \"type\": \"Microsoft.Network/networkInterfaces/ipConfigurations\"\
        ,\r\n        \"properties\": {\r\n          \"provisioningState\": \"Succeeded\"\
        ,\r\n          \"privateIPAddress\": \"10.0.0.7\",\r\n          \"privateIPAllocationMethod\"\
        : \"Dynamic\",\r\n          \"subnet\": {\r\n            \"id\": \"/subscriptions/00000000-0000-0000-0000-000000000000/resourceGroups/cli_test_multi_nic_vm000001/providers/Microsoft.Network/virtualNetworks/myvnet/subnets/mysubnet\"\
        \r\n          },\r\n          \"primary\": true,\r\n          \"privateIPAddressVersion\"\
        : \"IPv4\"\r\n        }\r\n      }\r\n    ],\r\n    \"dnsSettings\": {\r\n\
        \      \"dnsServers\": [],\r\n      \"appliedDnsServers\": []\r\n    },\r\n\
        \    \"macAddress\": \"00-22-48-04-9B-7E\",\r\n    \"enableAcceleratedNetworking\"\
        : false,\r\n    \"enableIPForwarding\": false,\r\n    \"hostedWorkloads\"\
        : [],\r\n    \"tapConfigurations\": [],\r\n    \"nicType\": \"Standard\"\r\
        \n  },\r\n  \"type\": \"Microsoft.Network/networkInterfaces\"\r\n}"
    headers:
      cache-control:
      - no-cache
      content-length:
      - '1748'
      content-type:
      - application/json; charset=utf-8
      date:
      - Mon, 15 Jun 2020 09:33:16 GMT
      etag:
      - W/"26c670dc-3a1f-45b6-81db-f939824d4049"
      expires:
      - '-1'
      pragma:
      - no-cache
      server:
      - Microsoft-HTTPAPI/2.0
      - Microsoft-HTTPAPI/2.0
      strict-transport-security:
      - max-age=31536000; includeSubDomains
      transfer-encoding:
      - chunked
      vary:
      - Accept-Encoding
      x-content-type-options:
      - nosniff
      x-ms-arm-service-request-id:
      - 93557d50-d078-42ee-be6a-c8ec37459c3b
    status:
      code: 200
      message: OK
- request:
    body: 'b''{"location": "westus", "tags": {}, "properties": {"hardwareProfile":
      {"vmSize": "Standard_DS3"}, "storageProfile": {"imageReference": {"publisher":
      "Canonical", "offer": "UbuntuServer", "sku": "18.04-LTS", "version": "latest"},
      "osDisk": {"osType": "Linux", "name": "multinicvm1_OsDisk_1_40f45742989c4085b1d7184e8a8a2545",
      "caching": "ReadWrite", "createOption": "FromImage", "managedDisk": {"id": "/subscriptions/00000000-0000-0000-0000-000000000000/resourceGroups/CLI_TEST_MULTI_NIC_VMMT45GDURVGEXQ35NNKUXNBHYGD5P6RP4IP26JFBP6WTWLEAZ4AHTV4/providers/Microsoft.Compute/disks/multinicvm1_OsDisk_1_40f45742989c4085b1d7184e8a8a2545"}},
      "dataDisks": []}, "osProfile": {"computerName": "multinicvm1", "adminUsername":
      "user11", "linuxConfiguration": {"disablePasswordAuthentication": true, "ssh":
      {"publicKeys": [{"path": "/home/user11/.ssh/authorized_keys", "keyData": "ssh-rsa
      AAAAB3NzaC1yc2EAAAADAQABAAACAQCbIg1guRHbI0lV11wWDt1r2cUdcNd27CJsg+SfgC7miZeubtwUhbsPdhMQsfDyhOWHq1+ZL0M+nJZV63d/1dhmhtgyOqejUwrPlzKhydsbrsdUor+JmNJDdW01v7BXHyuymT8G4s09jCasNOwiufbP/qp72ruu0bIA1nySsvlf9pCQAuFkAnVnf/rFhUlOkhtRpwcq8SUNY2zRHR/EKb/4NWY1JzR4sa3q2fWIJdrrX0DvLoa5g9bIEd4Df79ba7v+yiUBOS0zT2ll+z4g9izHK3EO5d8hL4jYxcjKs+wcslSYRWrascfscLgMlMGh0CdKeNTDjHpGPncaf3Z+FwwwjWeuiNBxv7bJo13/8B/098KlVDl4GZqsoBCEjPyJfV6hO0y/LkRGkk7oHWKgeWAfKtfLItRp00eZ4fcJNK9kCaSMmEugoZWcI7NGbZXzqFWqbpRI7NcDP9+WIQ+i9U5vqWsqd/zng4kbuAJ6UuKqIzB0upYrLShfQE3SAck8oaLhJqqq56VfDuASNpJKidV+zq27HfSBmbXnkR/5AK337dc3MXKJypoK/QPMLKUAP5XLPbs+NddJQV7EZXd29DLgp+fRIg3edpKdO7ZErWhv7d+3Kws+e1Y+ypmR2WIVSwVyBEUfgv2C8Ts9gnTF4pNcEY/S2aBicz5Ew2+jdyGNQQ==
      test@example.com\\n"}]}, "provisionVMAgent": true}, "secrets": [], "allowExtensionOperations":
      true, "requireGuestProvisionSignal": true}, "networkProfile": {"networkInterfaces":
      [{"id": "/subscriptions/00000000-0000-0000-0000-000000000000/resourceGroups/cli_test_multi_nic_vm000001/providers/Microsoft.Network/networkInterfaces/nic1",
      "properties": {"primary": true}}, {"id": "/subscriptions/00000000-0000-0000-0000-000000000000/resourceGroups/cli_test_multi_nic_vm000001/providers/Microsoft.Network/networkInterfaces/nic2",
      "properties": {"primary": false}}, {"id": "/subscriptions/00000000-0000-0000-0000-000000000000/resourceGroups/cli_test_multi_nic_vm000001/providers/Microsoft.Network/networkInterfaces/nic3",
      "properties": {"primary": false}}, {"id": "/subscriptions/00000000-0000-0000-0000-000000000000/resourceGroups/cli_test_multi_nic_vm000001/providers/Microsoft.Network/networkInterfaces/nic4",
      "properties": {"primary": false}}]}}}'''
    headers:
      Accept:
      - application/json
      Accept-Encoding:
      - gzip, deflate
      CommandName:
      - vm nic add
      Connection:
      - keep-alive
      Content-Length:
      - '2728'
      Content-Type:
      - application/json; charset=utf-8
      ParameterSetName:
      - -g --vm-name --nics
      User-Agent:
      - python/3.7.4 (Linux-4.15.0-99-generic-x86_64-with-debian-buster-sid) msrest/0.6.16
        msrest_azure/0.6.3 azure-mgmt-compute/12.0.0 Azure-SDK-For-Python AZURECLI/2.7.0
      accept-language:
      - en-US
    method: PUT
    uri: https://management.azure.com/subscriptions/00000000-0000-0000-0000-000000000000/resourceGroups/cli_test_multi_nic_vm000001/providers/Microsoft.Compute/virtualMachines/multinicvm1?api-version=2019-07-01
  response:
    body:
      string: "{\r\n  \"name\": \"multinicvm1\",\r\n  \"id\": \"/subscriptions/00000000-0000-0000-0000-000000000000/resourceGroups/cli_test_multi_nic_vm000001/providers/Microsoft.Compute/virtualMachines/multinicvm1\"\
        ,\r\n  \"type\": \"Microsoft.Compute/virtualMachines\",\r\n  \"location\"\
        : \"westus\",\r\n  \"tags\": {},\r\n  \"properties\": {\r\n    \"vmId\": \"\
        e84313fb-dbd7-470f-af71-0f56a767ffed\",\r\n    \"hardwareProfile\": {\r\n\
        \      \"vmSize\": \"Standard_DS3\"\r\n    },\r\n    \"storageProfile\": {\r\
        \n      \"imageReference\": {\r\n        \"publisher\": \"Canonical\",\r\n\
        \        \"offer\": \"UbuntuServer\",\r\n        \"sku\": \"18.04-LTS\",\r\
        \n        \"version\": \"latest\",\r\n        \"exactVersion\": \"18.04.202006101\"\
        \r\n      },\r\n      \"osDisk\": {\r\n        \"osType\": \"Linux\",\r\n\
        \        \"name\": \"multinicvm1_OsDisk_1_40f45742989c4085b1d7184e8a8a2545\"\
        ,\r\n        \"createOption\": \"FromImage\",\r\n        \"caching\": \"ReadWrite\"\
        ,\r\n        \"managedDisk\": {\r\n          \"id\": \"/subscriptions/00000000-0000-0000-0000-000000000000/resourceGroups/CLI_TEST_MULTI_NIC_VMMT45GDURVGEXQ35NNKUXNBHYGD5P6RP4IP26JFBP6WTWLEAZ4AHTV4/providers/Microsoft.Compute/disks/multinicvm1_OsDisk_1_40f45742989c4085b1d7184e8a8a2545\"\
        \r\n        }\r\n      },\r\n      \"dataDisks\": []\r\n    },\r\n    \"osProfile\"\
        : {\r\n      \"computerName\": \"multinicvm1\",\r\n      \"adminUsername\"\
        : \"user11\",\r\n      \"linuxConfiguration\": {\r\n        \"disablePasswordAuthentication\"\
        : true,\r\n        \"ssh\": {\r\n          \"publicKeys\": [\r\n         \
        \   {\r\n              \"path\": \"/home/user11/.ssh/authorized_keys\",\r\n\
        \              \"keyData\": \"ssh-rsa AAAAB3NzaC1yc2EAAAADAQABAAACAQCbIg1guRHbI0lV11wWDt1r2cUdcNd27CJsg+SfgC7miZeubtwUhbsPdhMQsfDyhOWHq1+ZL0M+nJZV63d/1dhmhtgyOqejUwrPlzKhydsbrsdUor+JmNJDdW01v7BXHyuymT8G4s09jCasNOwiufbP/qp72ruu0bIA1nySsvlf9pCQAuFkAnVnf/rFhUlOkhtRpwcq8SUNY2zRHR/EKb/4NWY1JzR4sa3q2fWIJdrrX0DvLoa5g9bIEd4Df79ba7v+yiUBOS0zT2ll+z4g9izHK3EO5d8hL4jYxcjKs+wcslSYRWrascfscLgMlMGh0CdKeNTDjHpGPncaf3Z+FwwwjWeuiNBxv7bJo13/8B/098KlVDl4GZqsoBCEjPyJfV6hO0y/LkRGkk7oHWKgeWAfKtfLItRp00eZ4fcJNK9kCaSMmEugoZWcI7NGbZXzqFWqbpRI7NcDP9+WIQ+i9U5vqWsqd/zng4kbuAJ6UuKqIzB0upYrLShfQE3SAck8oaLhJqqq56VfDuASNpJKidV+zq27HfSBmbXnkR/5AK337dc3MXKJypoK/QPMLKUAP5XLPbs+NddJQV7EZXd29DLgp+fRIg3edpKdO7ZErWhv7d+3Kws+e1Y+ypmR2WIVSwVyBEUfgv2C8Ts9gnTF4pNcEY/S2aBicz5Ew2+jdyGNQQ==\
        \ test@example.com\\n\"\r\n            }\r\n          ]\r\n        },\r\n\
        \        \"provisionVMAgent\": true\r\n      },\r\n      \"secrets\": [],\r\
        \n      \"allowExtensionOperations\": true,\r\n      \"requireGuestProvisionSignal\"\
        : true\r\n    },\r\n    \"networkProfile\": {\"networkInterfaces\":[{\"id\"\
        :\"/subscriptions/00000000-0000-0000-0000-000000000000/resourceGroups/cli_test_multi_nic_vm000001/providers/Microsoft.Network/networkInterfaces/nic1\"\
        ,\"properties\":{\"primary\":true}},{\"id\":\"/subscriptions/00000000-0000-0000-0000-000000000000/resourceGroups/cli_test_multi_nic_vm000001/providers/Microsoft.Network/networkInterfaces/nic2\"\
        ,\"properties\":{\"primary\":false}},{\"id\":\"/subscriptions/00000000-0000-0000-0000-000000000000/resourceGroups/cli_test_multi_nic_vm000001/providers/Microsoft.Network/networkInterfaces/nic3\"\
        ,\"properties\":{\"primary\":false}},{\"id\":\"/subscriptions/00000000-0000-0000-0000-000000000000/resourceGroups/cli_test_multi_nic_vm000001/providers/Microsoft.Network/networkInterfaces/nic4\"\
        ,\"properties\":{\"primary\":false}}]},\r\n    \"provisioningState\": \"Updating\"\
        \r\n  }\r\n}"
    headers:
      azure-asyncnotification:
      - Enabled
      azure-asyncoperation:
      - https://management.azure.com/subscriptions/00000000-0000-0000-0000-000000000000/providers/Microsoft.Compute/locations/westus/operations/2a12f197-174e-4b2f-898d-a1fd713bcd03?api-version=2019-07-01
      cache-control:
      - no-cache
      content-length:
      - '3506'
      content-type:
      - application/json; charset=utf-8
      date:
      - Mon, 15 Jun 2020 09:33:20 GMT
      expires:
      - '-1'
      pragma:
      - no-cache
      server:
      - Microsoft-HTTPAPI/2.0
      - Microsoft-HTTPAPI/2.0
      strict-transport-security:
      - max-age=31536000; includeSubDomains
      transfer-encoding:
      - chunked
      vary:
      - Accept-Encoding
      x-content-type-options:
      - nosniff
      x-ms-ratelimit-remaining-resource:
      - Microsoft.Compute/PutVM3Min;238,Microsoft.Compute/PutVM30Min;1196
      x-ms-ratelimit-remaining-subscription-writes:
      - '1197'
    status:
      code: 200
      message: OK
- request:
    body: null
    headers:
      Accept:
      - application/json
      Accept-Encoding:
      - gzip, deflate
      CommandName:
      - vm nic add
      Connection:
      - keep-alive
      ParameterSetName:
      - -g --vm-name --nics
      User-Agent:
      - python/3.7.4 (Linux-4.15.0-99-generic-x86_64-with-debian-buster-sid) msrest/0.6.16
        msrest_azure/0.6.3 azure-mgmt-compute/12.0.0 Azure-SDK-For-Python AZURECLI/2.7.0
    method: GET
    uri: https://management.azure.com/subscriptions/00000000-0000-0000-0000-000000000000/providers/Microsoft.Compute/locations/westus/operations/2a12f197-174e-4b2f-898d-a1fd713bcd03?api-version=2019-07-01
  response:
    body:
      string: "{\r\n  \"startTime\": \"2020-06-15T09:33:18.7062135+00:00\",\r\n  \"\
        endTime\": \"2020-06-15T09:33:19.47186+00:00\",\r\n  \"status\": \"Succeeded\"\
        ,\r\n  \"name\": \"2a12f197-174e-4b2f-898d-a1fd713bcd03\"\r\n}"
    headers:
      cache-control:
      - no-cache
      content-length:
      - '182'
      content-type:
      - application/json; charset=utf-8
      date:
      - Mon, 15 Jun 2020 09:33:51 GMT
      expires:
      - '-1'
      pragma:
      - no-cache
      server:
      - Microsoft-HTTPAPI/2.0
      - Microsoft-HTTPAPI/2.0
      strict-transport-security:
      - max-age=31536000; includeSubDomains
      transfer-encoding:
      - chunked
      vary:
      - Accept-Encoding
      x-content-type-options:
      - nosniff
      x-ms-ratelimit-remaining-resource:
      - Microsoft.Compute/GetOperation3Min;14991,Microsoft.Compute/GetOperation30Min;29984
    status:
      code: 200
      message: OK
- request:
    body: null
    headers:
      Accept:
      - application/json
      Accept-Encoding:
      - gzip, deflate
      CommandName:
      - vm nic add
      Connection:
      - keep-alive
      ParameterSetName:
      - -g --vm-name --nics
      User-Agent:
      - python/3.7.4 (Linux-4.15.0-99-generic-x86_64-with-debian-buster-sid) msrest/0.6.16
        msrest_azure/0.6.3 azure-mgmt-compute/12.0.0 Azure-SDK-For-Python AZURECLI/2.7.0
    method: GET
    uri: https://management.azure.com/subscriptions/00000000-0000-0000-0000-000000000000/resourceGroups/cli_test_multi_nic_vm000001/providers/Microsoft.Compute/virtualMachines/multinicvm1?api-version=2019-07-01
  response:
    body:
      string: "{\r\n  \"name\": \"multinicvm1\",\r\n  \"id\": \"/subscriptions/00000000-0000-0000-0000-000000000000/resourceGroups/cli_test_multi_nic_vm000001/providers/Microsoft.Compute/virtualMachines/multinicvm1\"\
        ,\r\n  \"type\": \"Microsoft.Compute/virtualMachines\",\r\n  \"location\"\
        : \"westus\",\r\n  \"tags\": {},\r\n  \"properties\": {\r\n    \"vmId\": \"\
        e84313fb-dbd7-470f-af71-0f56a767ffed\",\r\n    \"hardwareProfile\": {\r\n\
        \      \"vmSize\": \"Standard_DS3\"\r\n    },\r\n    \"storageProfile\": {\r\
        \n      \"imageReference\": {\r\n        \"publisher\": \"Canonical\",\r\n\
        \        \"offer\": \"UbuntuServer\",\r\n        \"sku\": \"18.04-LTS\",\r\
        \n        \"version\": \"latest\",\r\n        \"exactVersion\": \"18.04.202006101\"\
        \r\n      },\r\n      \"osDisk\": {\r\n        \"osType\": \"Linux\",\r\n\
        \        \"name\": \"multinicvm1_OsDisk_1_40f45742989c4085b1d7184e8a8a2545\"\
        ,\r\n        \"createOption\": \"FromImage\",\r\n        \"caching\": \"ReadWrite\"\
        ,\r\n        \"managedDisk\": {\r\n          \"id\": \"/subscriptions/00000000-0000-0000-0000-000000000000/resourceGroups/CLI_TEST_MULTI_NIC_VMMT45GDURVGEXQ35NNKUXNBHYGD5P6RP4IP26JFBP6WTWLEAZ4AHTV4/providers/Microsoft.Compute/disks/multinicvm1_OsDisk_1_40f45742989c4085b1d7184e8a8a2545\"\
        \r\n        }\r\n      },\r\n      \"dataDisks\": []\r\n    },\r\n    \"osProfile\"\
        : {\r\n      \"computerName\": \"multinicvm1\",\r\n      \"adminUsername\"\
        : \"user11\",\r\n      \"linuxConfiguration\": {\r\n        \"disablePasswordAuthentication\"\
        : true,\r\n        \"ssh\": {\r\n          \"publicKeys\": [\r\n         \
        \   {\r\n              \"path\": \"/home/user11/.ssh/authorized_keys\",\r\n\
        \              \"keyData\": \"ssh-rsa AAAAB3NzaC1yc2EAAAADAQABAAACAQCbIg1guRHbI0lV11wWDt1r2cUdcNd27CJsg+SfgC7miZeubtwUhbsPdhMQsfDyhOWHq1+ZL0M+nJZV63d/1dhmhtgyOqejUwrPlzKhydsbrsdUor+JmNJDdW01v7BXHyuymT8G4s09jCasNOwiufbP/qp72ruu0bIA1nySsvlf9pCQAuFkAnVnf/rFhUlOkhtRpwcq8SUNY2zRHR/EKb/4NWY1JzR4sa3q2fWIJdrrX0DvLoa5g9bIEd4Df79ba7v+yiUBOS0zT2ll+z4g9izHK3EO5d8hL4jYxcjKs+wcslSYRWrascfscLgMlMGh0CdKeNTDjHpGPncaf3Z+FwwwjWeuiNBxv7bJo13/8B/098KlVDl4GZqsoBCEjPyJfV6hO0y/LkRGkk7oHWKgeWAfKtfLItRp00eZ4fcJNK9kCaSMmEugoZWcI7NGbZXzqFWqbpRI7NcDP9+WIQ+i9U5vqWsqd/zng4kbuAJ6UuKqIzB0upYrLShfQE3SAck8oaLhJqqq56VfDuASNpJKidV+zq27HfSBmbXnkR/5AK337dc3MXKJypoK/QPMLKUAP5XLPbs+NddJQV7EZXd29DLgp+fRIg3edpKdO7ZErWhv7d+3Kws+e1Y+ypmR2WIVSwVyBEUfgv2C8Ts9gnTF4pNcEY/S2aBicz5Ew2+jdyGNQQ==\
        \ test@example.com\\n\"\r\n            }\r\n          ]\r\n        },\r\n\
        \        \"provisionVMAgent\": true\r\n      },\r\n      \"secrets\": [],\r\
        \n      \"allowExtensionOperations\": true,\r\n      \"requireGuestProvisionSignal\"\
        : true\r\n    },\r\n    \"networkProfile\": {\"networkInterfaces\":[{\"id\"\
        :\"/subscriptions/00000000-0000-0000-0000-000000000000/resourceGroups/cli_test_multi_nic_vm000001/providers/Microsoft.Network/networkInterfaces/nic1\"\
        ,\"properties\":{\"primary\":true}},{\"id\":\"/subscriptions/00000000-0000-0000-0000-000000000000/resourceGroups/cli_test_multi_nic_vm000001/providers/Microsoft.Network/networkInterfaces/nic2\"\
        ,\"properties\":{\"primary\":false}},{\"id\":\"/subscriptions/00000000-0000-0000-0000-000000000000/resourceGroups/cli_test_multi_nic_vm000001/providers/Microsoft.Network/networkInterfaces/nic3\"\
        ,\"properties\":{\"primary\":false}},{\"id\":\"/subscriptions/00000000-0000-0000-0000-000000000000/resourceGroups/cli_test_multi_nic_vm000001/providers/Microsoft.Network/networkInterfaces/nic4\"\
        ,\"properties\":{\"primary\":false}}]},\r\n    \"provisioningState\": \"Succeeded\"\
        \r\n  }\r\n}"
    headers:
      cache-control:
      - no-cache
      content-length:
      - '3507'
      content-type:
      - application/json; charset=utf-8
      date:
      - Mon, 15 Jun 2020 09:33:52 GMT
      expires:
      - '-1'
      pragma:
      - no-cache
      server:
      - Microsoft-HTTPAPI/2.0
      - Microsoft-HTTPAPI/2.0
      strict-transport-security:
      - max-age=31536000; includeSubDomains
      transfer-encoding:
      - chunked
      vary:
      - Accept-Encoding
      x-content-type-options:
      - nosniff
      x-ms-ratelimit-remaining-resource:
      - Microsoft.Compute/LowCostGet3Min;3985,Microsoft.Compute/LowCostGet30Min;31971
    status:
      code: 200
      message: OK
- request:
    body: null
    headers:
      Accept:
      - application/json
      Accept-Encoding:
      - gzip, deflate
      CommandName:
      - vm nic set
      Connection:
      - keep-alive
      ParameterSetName:
      - -g --vm-name --nics --primary-nic
      User-Agent:
      - python/3.7.4 (Linux-4.15.0-99-generic-x86_64-with-debian-buster-sid) msrest/0.6.16
        msrest_azure/0.6.3 azure-mgmt-compute/12.0.0 Azure-SDK-For-Python AZURECLI/2.7.0
      accept-language:
      - en-US
    method: GET
    uri: https://management.azure.com/subscriptions/00000000-0000-0000-0000-000000000000/resourceGroups/cli_test_multi_nic_vm000001/providers/Microsoft.Compute/virtualMachines/multinicvm1?api-version=2019-07-01
  response:
    body:
      string: "{\r\n  \"name\": \"multinicvm1\",\r\n  \"id\": \"/subscriptions/00000000-0000-0000-0000-000000000000/resourceGroups/cli_test_multi_nic_vm000001/providers/Microsoft.Compute/virtualMachines/multinicvm1\"\
        ,\r\n  \"type\": \"Microsoft.Compute/virtualMachines\",\r\n  \"location\"\
        : \"westus\",\r\n  \"tags\": {},\r\n  \"properties\": {\r\n    \"vmId\": \"\
        e84313fb-dbd7-470f-af71-0f56a767ffed\",\r\n    \"hardwareProfile\": {\r\n\
        \      \"vmSize\": \"Standard_DS3\"\r\n    },\r\n    \"storageProfile\": {\r\
        \n      \"imageReference\": {\r\n        \"publisher\": \"Canonical\",\r\n\
        \        \"offer\": \"UbuntuServer\",\r\n        \"sku\": \"18.04-LTS\",\r\
        \n        \"version\": \"latest\",\r\n        \"exactVersion\": \"18.04.202006101\"\
        \r\n      },\r\n      \"osDisk\": {\r\n        \"osType\": \"Linux\",\r\n\
        \        \"name\": \"multinicvm1_OsDisk_1_40f45742989c4085b1d7184e8a8a2545\"\
        ,\r\n        \"createOption\": \"FromImage\",\r\n        \"caching\": \"ReadWrite\"\
        ,\r\n        \"managedDisk\": {\r\n          \"id\": \"/subscriptions/00000000-0000-0000-0000-000000000000/resourceGroups/CLI_TEST_MULTI_NIC_VMMT45GDURVGEXQ35NNKUXNBHYGD5P6RP4IP26JFBP6WTWLEAZ4AHTV4/providers/Microsoft.Compute/disks/multinicvm1_OsDisk_1_40f45742989c4085b1d7184e8a8a2545\"\
        \r\n        }\r\n      },\r\n      \"dataDisks\": []\r\n    },\r\n    \"osProfile\"\
        : {\r\n      \"computerName\": \"multinicvm1\",\r\n      \"adminUsername\"\
        : \"user11\",\r\n      \"linuxConfiguration\": {\r\n        \"disablePasswordAuthentication\"\
        : true,\r\n        \"ssh\": {\r\n          \"publicKeys\": [\r\n         \
        \   {\r\n              \"path\": \"/home/user11/.ssh/authorized_keys\",\r\n\
        \              \"keyData\": \"ssh-rsa AAAAB3NzaC1yc2EAAAADAQABAAACAQCbIg1guRHbI0lV11wWDt1r2cUdcNd27CJsg+SfgC7miZeubtwUhbsPdhMQsfDyhOWHq1+ZL0M+nJZV63d/1dhmhtgyOqejUwrPlzKhydsbrsdUor+JmNJDdW01v7BXHyuymT8G4s09jCasNOwiufbP/qp72ruu0bIA1nySsvlf9pCQAuFkAnVnf/rFhUlOkhtRpwcq8SUNY2zRHR/EKb/4NWY1JzR4sa3q2fWIJdrrX0DvLoa5g9bIEd4Df79ba7v+yiUBOS0zT2ll+z4g9izHK3EO5d8hL4jYxcjKs+wcslSYRWrascfscLgMlMGh0CdKeNTDjHpGPncaf3Z+FwwwjWeuiNBxv7bJo13/8B/098KlVDl4GZqsoBCEjPyJfV6hO0y/LkRGkk7oHWKgeWAfKtfLItRp00eZ4fcJNK9kCaSMmEugoZWcI7NGbZXzqFWqbpRI7NcDP9+WIQ+i9U5vqWsqd/zng4kbuAJ6UuKqIzB0upYrLShfQE3SAck8oaLhJqqq56VfDuASNpJKidV+zq27HfSBmbXnkR/5AK337dc3MXKJypoK/QPMLKUAP5XLPbs+NddJQV7EZXd29DLgp+fRIg3edpKdO7ZErWhv7d+3Kws+e1Y+ypmR2WIVSwVyBEUfgv2C8Ts9gnTF4pNcEY/S2aBicz5Ew2+jdyGNQQ==\
        \ test@example.com\\n\"\r\n            }\r\n          ]\r\n        },\r\n\
        \        \"provisionVMAgent\": true\r\n      },\r\n      \"secrets\": [],\r\
        \n      \"allowExtensionOperations\": true,\r\n      \"requireGuestProvisionSignal\"\
        : true\r\n    },\r\n    \"networkProfile\": {\"networkInterfaces\":[{\"id\"\
        :\"/subscriptions/00000000-0000-0000-0000-000000000000/resourceGroups/cli_test_multi_nic_vm000001/providers/Microsoft.Network/networkInterfaces/nic1\"\
        ,\"properties\":{\"primary\":true}},{\"id\":\"/subscriptions/00000000-0000-0000-0000-000000000000/resourceGroups/cli_test_multi_nic_vm000001/providers/Microsoft.Network/networkInterfaces/nic2\"\
        ,\"properties\":{\"primary\":false}},{\"id\":\"/subscriptions/00000000-0000-0000-0000-000000000000/resourceGroups/cli_test_multi_nic_vm000001/providers/Microsoft.Network/networkInterfaces/nic3\"\
        ,\"properties\":{\"primary\":false}},{\"id\":\"/subscriptions/00000000-0000-0000-0000-000000000000/resourceGroups/cli_test_multi_nic_vm000001/providers/Microsoft.Network/networkInterfaces/nic4\"\
        ,\"properties\":{\"primary\":false}}]},\r\n    \"provisioningState\": \"Succeeded\"\
        \r\n  }\r\n}"
    headers:
      cache-control:
      - no-cache
      content-length:
      - '3507'
      content-type:
      - application/json; charset=utf-8
      date:
      - Mon, 15 Jun 2020 09:33:52 GMT
      expires:
      - '-1'
      pragma:
      - no-cache
      server:
      - Microsoft-HTTPAPI/2.0
      - Microsoft-HTTPAPI/2.0
      strict-transport-security:
      - max-age=31536000; includeSubDomains
      transfer-encoding:
      - chunked
      vary:
      - Accept-Encoding
      x-content-type-options:
      - nosniff
      x-ms-ratelimit-remaining-resource:
      - Microsoft.Compute/LowCostGet3Min;3984,Microsoft.Compute/LowCostGet30Min;31970
    status:
      code: 200
      message: OK
- request:
    body: null
    headers:
      Accept:
      - application/json
      Accept-Encoding:
      - gzip, deflate
      CommandName:
      - vm nic set
      Connection:
      - keep-alive
      ParameterSetName:
      - -g --vm-name --nics --primary-nic
      User-Agent:
      - python/3.7.4 (Linux-4.15.0-99-generic-x86_64-with-debian-buster-sid) msrest/0.6.16
        msrest_azure/0.6.3 azure-mgmt-network/10.2.0 Azure-SDK-For-Python AZURECLI/2.7.0
      accept-language:
      - en-US
    method: GET
    uri: https://management.azure.com/subscriptions/00000000-0000-0000-0000-000000000000/resourceGroups/cli_test_multi_nic_vm000001/providers/Microsoft.Network/networkInterfaces/nic1?api-version=2020-05-01
  response:
    body:
      string: "{\r\n  \"name\": \"nic1\",\r\n  \"id\": \"/subscriptions/00000000-0000-0000-0000-000000000000/resourceGroups/cli_test_multi_nic_vm000001/providers/Microsoft.Network/networkInterfaces/nic1\"\
        ,\r\n  \"etag\": \"W/\\\"e03c9d0b-410b-4345-b5d0-04e2baa72a39\\\"\",\r\n \
        \ \"location\": \"westus\",\r\n  \"properties\": {\r\n    \"provisioningState\"\
        : \"Succeeded\",\r\n    \"resourceGuid\": \"79942ea7-83bc-4d08-857a-93b154ef9448\"\
        ,\r\n    \"ipConfigurations\": [\r\n      {\r\n        \"name\": \"ipconfig1\"\
        ,\r\n        \"id\": \"/subscriptions/00000000-0000-0000-0000-000000000000/resourceGroups/cli_test_multi_nic_vm000001/providers/Microsoft.Network/networkInterfaces/nic1/ipConfigurations/ipconfig1\"\
        ,\r\n        \"etag\": \"W/\\\"e03c9d0b-410b-4345-b5d0-04e2baa72a39\\\"\"\
        ,\r\n        \"type\": \"Microsoft.Network/networkInterfaces/ipConfigurations\"\
        ,\r\n        \"properties\": {\r\n          \"provisioningState\": \"Succeeded\"\
        ,\r\n          \"privateIPAddress\": \"10.0.0.4\",\r\n          \"privateIPAllocationMethod\"\
        : \"Dynamic\",\r\n          \"subnet\": {\r\n            \"id\": \"/subscriptions/00000000-0000-0000-0000-000000000000/resourceGroups/cli_test_multi_nic_vm000001/providers/Microsoft.Network/virtualNetworks/myvnet/subnets/mysubnet\"\
        \r\n          },\r\n          \"primary\": true,\r\n          \"privateIPAddressVersion\"\
        : \"IPv4\"\r\n        }\r\n      }\r\n    ],\r\n    \"dnsSettings\": {\r\n\
        \      \"dnsServers\": [],\r\n      \"appliedDnsServers\": []\r\n    },\r\n\
        \    \"macAddress\": \"00-22-48-04-92-66\",\r\n    \"enableAcceleratedNetworking\"\
        : false,\r\n    \"enableIPForwarding\": false,\r\n    \"primary\": true,\r\
        \n    \"virtualMachine\": {\r\n      \"id\": \"/subscriptions/00000000-0000-0000-0000-000000000000/resourceGroups/cli_test_multi_nic_vm000001/providers/Microsoft.Compute/virtualMachines/multinicvm1\"\
        \r\n    },\r\n    \"hostedWorkloads\": [],\r\n    \"tapConfigurations\": [],\r\
        \n    \"nicType\": \"Standard\"\r\n  },\r\n  \"type\": \"Microsoft.Network/networkInterfaces\"\
        \r\n}"
    headers:
      cache-control:
      - no-cache
      content-length:
      - '2017'
      content-type:
      - application/json; charset=utf-8
      date:
      - Mon, 15 Jun 2020 09:33:53 GMT
      etag:
      - W/"e03c9d0b-410b-4345-b5d0-04e2baa72a39"
      expires:
      - '-1'
      pragma:
      - no-cache
      server:
      - Microsoft-HTTPAPI/2.0
      - Microsoft-HTTPAPI/2.0
      strict-transport-security:
      - max-age=31536000; includeSubDomains
      transfer-encoding:
      - chunked
      vary:
      - Accept-Encoding
      x-content-type-options:
      - nosniff
      x-ms-arm-service-request-id:
      - 37db4352-29b5-468f-b188-fa675a1548ee
    status:
      code: 200
      message: OK
- request:
    body: null
    headers:
      Accept:
      - application/json
      Accept-Encoding:
      - gzip, deflate
      CommandName:
      - vm nic set
      Connection:
      - keep-alive
      ParameterSetName:
      - -g --vm-name --nics --primary-nic
      User-Agent:
      - python/3.7.4 (Linux-4.15.0-99-generic-x86_64-with-debian-buster-sid) msrest/0.6.16
        msrest_azure/0.6.3 azure-mgmt-network/10.2.0 Azure-SDK-For-Python AZURECLI/2.7.0
      accept-language:
      - en-US
    method: GET
    uri: https://management.azure.com/subscriptions/00000000-0000-0000-0000-000000000000/resourceGroups/cli_test_multi_nic_vm000001/providers/Microsoft.Network/networkInterfaces/nic2?api-version=2020-05-01
  response:
    body:
      string: "{\r\n  \"name\": \"nic2\",\r\n  \"id\": \"/subscriptions/00000000-0000-0000-0000-000000000000/resourceGroups/cli_test_multi_nic_vm000001/providers/Microsoft.Network/networkInterfaces/nic2\"\
        ,\r\n  \"etag\": \"W/\\\"2e025522-8617-4c02-9aec-3b870b4a298f\\\"\",\r\n \
        \ \"location\": \"westus\",\r\n  \"properties\": {\r\n    \"provisioningState\"\
        : \"Succeeded\",\r\n    \"resourceGuid\": \"b316bfcf-c128-4e56-8689-f3afcd58d92f\"\
        ,\r\n    \"ipConfigurations\": [\r\n      {\r\n        \"name\": \"ipconfig1\"\
        ,\r\n        \"id\": \"/subscriptions/00000000-0000-0000-0000-000000000000/resourceGroups/cli_test_multi_nic_vm000001/providers/Microsoft.Network/networkInterfaces/nic2/ipConfigurations/ipconfig1\"\
        ,\r\n        \"etag\": \"W/\\\"2e025522-8617-4c02-9aec-3b870b4a298f\\\"\"\
        ,\r\n        \"type\": \"Microsoft.Network/networkInterfaces/ipConfigurations\"\
        ,\r\n        \"properties\": {\r\n          \"provisioningState\": \"Succeeded\"\
        ,\r\n          \"privateIPAddress\": \"10.0.0.5\",\r\n          \"privateIPAllocationMethod\"\
        : \"Dynamic\",\r\n          \"subnet\": {\r\n            \"id\": \"/subscriptions/00000000-0000-0000-0000-000000000000/resourceGroups/cli_test_multi_nic_vm000001/providers/Microsoft.Network/virtualNetworks/myvnet/subnets/mysubnet\"\
        \r\n          },\r\n          \"primary\": true,\r\n          \"privateIPAddressVersion\"\
        : \"IPv4\"\r\n        }\r\n      }\r\n    ],\r\n    \"dnsSettings\": {\r\n\
        \      \"dnsServers\": [],\r\n      \"appliedDnsServers\": []\r\n    },\r\n\
        \    \"macAddress\": \"00-22-48-04-96-B9\",\r\n    \"enableAcceleratedNetworking\"\
        : false,\r\n    \"enableIPForwarding\": false,\r\n    \"primary\": false,\r\
        \n    \"virtualMachine\": {\r\n      \"id\": \"/subscriptions/00000000-0000-0000-0000-000000000000/resourceGroups/cli_test_multi_nic_vm000001/providers/Microsoft.Compute/virtualMachines/multinicvm1\"\
        \r\n    },\r\n    \"hostedWorkloads\": [],\r\n    \"tapConfigurations\": [],\r\
        \n    \"nicType\": \"Standard\"\r\n  },\r\n  \"type\": \"Microsoft.Network/networkInterfaces\"\
        \r\n}"
    headers:
      cache-control:
      - no-cache
      content-length:
      - '2018'
      content-type:
      - application/json; charset=utf-8
      date:
      - Mon, 15 Jun 2020 09:33:53 GMT
      etag:
      - W/"2e025522-8617-4c02-9aec-3b870b4a298f"
      expires:
      - '-1'
      pragma:
      - no-cache
      server:
      - Microsoft-HTTPAPI/2.0
      - Microsoft-HTTPAPI/2.0
      strict-transport-security:
      - max-age=31536000; includeSubDomains
      transfer-encoding:
      - chunked
      vary:
      - Accept-Encoding
      x-content-type-options:
      - nosniff
      x-ms-arm-service-request-id:
      - c5558eee-d72d-4784-89b4-cc3f8a8ffe09
    status:
      code: 200
      message: OK
- request:
    body: 'b''{"location": "westus", "tags": {}, "properties": {"hardwareProfile":
      {"vmSize": "Standard_DS3"}, "storageProfile": {"imageReference": {"publisher":
      "Canonical", "offer": "UbuntuServer", "sku": "18.04-LTS", "version": "latest"},
      "osDisk": {"osType": "Linux", "name": "multinicvm1_OsDisk_1_40f45742989c4085b1d7184e8a8a2545",
      "caching": "ReadWrite", "createOption": "FromImage", "managedDisk": {"id": "/subscriptions/00000000-0000-0000-0000-000000000000/resourceGroups/CLI_TEST_MULTI_NIC_VMMT45GDURVGEXQ35NNKUXNBHYGD5P6RP4IP26JFBP6WTWLEAZ4AHTV4/providers/Microsoft.Compute/disks/multinicvm1_OsDisk_1_40f45742989c4085b1d7184e8a8a2545"}},
      "dataDisks": []}, "osProfile": {"computerName": "multinicvm1", "adminUsername":
      "user11", "linuxConfiguration": {"disablePasswordAuthentication": true, "ssh":
      {"publicKeys": [{"path": "/home/user11/.ssh/authorized_keys", "keyData": "ssh-rsa
      AAAAB3NzaC1yc2EAAAADAQABAAACAQCbIg1guRHbI0lV11wWDt1r2cUdcNd27CJsg+SfgC7miZeubtwUhbsPdhMQsfDyhOWHq1+ZL0M+nJZV63d/1dhmhtgyOqejUwrPlzKhydsbrsdUor+JmNJDdW01v7BXHyuymT8G4s09jCasNOwiufbP/qp72ruu0bIA1nySsvlf9pCQAuFkAnVnf/rFhUlOkhtRpwcq8SUNY2zRHR/EKb/4NWY1JzR4sa3q2fWIJdrrX0DvLoa5g9bIEd4Df79ba7v+yiUBOS0zT2ll+z4g9izHK3EO5d8hL4jYxcjKs+wcslSYRWrascfscLgMlMGh0CdKeNTDjHpGPncaf3Z+FwwwjWeuiNBxv7bJo13/8B/098KlVDl4GZqsoBCEjPyJfV6hO0y/LkRGkk7oHWKgeWAfKtfLItRp00eZ4fcJNK9kCaSMmEugoZWcI7NGbZXzqFWqbpRI7NcDP9+WIQ+i9U5vqWsqd/zng4kbuAJ6UuKqIzB0upYrLShfQE3SAck8oaLhJqqq56VfDuASNpJKidV+zq27HfSBmbXnkR/5AK337dc3MXKJypoK/QPMLKUAP5XLPbs+NddJQV7EZXd29DLgp+fRIg3edpKdO7ZErWhv7d+3Kws+e1Y+ypmR2WIVSwVyBEUfgv2C8Ts9gnTF4pNcEY/S2aBicz5Ew2+jdyGNQQ==
      test@example.com\\n"}]}, "provisionVMAgent": true}, "secrets": [], "allowExtensionOperations":
      true, "requireGuestProvisionSignal": true}, "networkProfile": {"networkInterfaces":
      [{"id": "/subscriptions/00000000-0000-0000-0000-000000000000/resourceGroups/cli_test_multi_nic_vm000001/providers/Microsoft.Network/networkInterfaces/nic1",
      "properties": {"primary": false}}, {"id": "/subscriptions/00000000-0000-0000-0000-000000000000/resourceGroups/cli_test_multi_nic_vm000001/providers/Microsoft.Network/networkInterfaces/nic2",
      "properties": {"primary": true}}]}}}'''
    headers:
      Accept:
      - application/json
      Accept-Encoding:
      - gzip, deflate
      CommandName:
      - vm nic set
      Connection:
      - keep-alive
      Content-Length:
      - '2250'
      Content-Type:
      - application/json; charset=utf-8
      ParameterSetName:
      - -g --vm-name --nics --primary-nic
      User-Agent:
      - python/3.7.4 (Linux-4.15.0-99-generic-x86_64-with-debian-buster-sid) msrest/0.6.16
        msrest_azure/0.6.3 azure-mgmt-compute/12.0.0 Azure-SDK-For-Python AZURECLI/2.7.0
      accept-language:
      - en-US
    method: PUT
    uri: https://management.azure.com/subscriptions/00000000-0000-0000-0000-000000000000/resourceGroups/cli_test_multi_nic_vm000001/providers/Microsoft.Compute/virtualMachines/multinicvm1?api-version=2019-07-01
  response:
    body:
      string: "{\r\n  \"name\": \"multinicvm1\",\r\n  \"id\": \"/subscriptions/00000000-0000-0000-0000-000000000000/resourceGroups/cli_test_multi_nic_vm000001/providers/Microsoft.Compute/virtualMachines/multinicvm1\"\
        ,\r\n  \"type\": \"Microsoft.Compute/virtualMachines\",\r\n  \"location\"\
        : \"westus\",\r\n  \"tags\": {},\r\n  \"properties\": {\r\n    \"vmId\": \"\
        e84313fb-dbd7-470f-af71-0f56a767ffed\",\r\n    \"hardwareProfile\": {\r\n\
        \      \"vmSize\": \"Standard_DS3\"\r\n    },\r\n    \"storageProfile\": {\r\
        \n      \"imageReference\": {\r\n        \"publisher\": \"Canonical\",\r\n\
        \        \"offer\": \"UbuntuServer\",\r\n        \"sku\": \"18.04-LTS\",\r\
        \n        \"version\": \"latest\",\r\n        \"exactVersion\": \"18.04.202006101\"\
        \r\n      },\r\n      \"osDisk\": {\r\n        \"osType\": \"Linux\",\r\n\
        \        \"name\": \"multinicvm1_OsDisk_1_40f45742989c4085b1d7184e8a8a2545\"\
        ,\r\n        \"createOption\": \"FromImage\",\r\n        \"caching\": \"ReadWrite\"\
        ,\r\n        \"managedDisk\": {\r\n          \"id\": \"/subscriptions/00000000-0000-0000-0000-000000000000/resourceGroups/CLI_TEST_MULTI_NIC_VMMT45GDURVGEXQ35NNKUXNBHYGD5P6RP4IP26JFBP6WTWLEAZ4AHTV4/providers/Microsoft.Compute/disks/multinicvm1_OsDisk_1_40f45742989c4085b1d7184e8a8a2545\"\
        \r\n        }\r\n      },\r\n      \"dataDisks\": []\r\n    },\r\n    \"osProfile\"\
        : {\r\n      \"computerName\": \"multinicvm1\",\r\n      \"adminUsername\"\
        : \"user11\",\r\n      \"linuxConfiguration\": {\r\n        \"disablePasswordAuthentication\"\
        : true,\r\n        \"ssh\": {\r\n          \"publicKeys\": [\r\n         \
        \   {\r\n              \"path\": \"/home/user11/.ssh/authorized_keys\",\r\n\
        \              \"keyData\": \"ssh-rsa AAAAB3NzaC1yc2EAAAADAQABAAACAQCbIg1guRHbI0lV11wWDt1r2cUdcNd27CJsg+SfgC7miZeubtwUhbsPdhMQsfDyhOWHq1+ZL0M+nJZV63d/1dhmhtgyOqejUwrPlzKhydsbrsdUor+JmNJDdW01v7BXHyuymT8G4s09jCasNOwiufbP/qp72ruu0bIA1nySsvlf9pCQAuFkAnVnf/rFhUlOkhtRpwcq8SUNY2zRHR/EKb/4NWY1JzR4sa3q2fWIJdrrX0DvLoa5g9bIEd4Df79ba7v+yiUBOS0zT2ll+z4g9izHK3EO5d8hL4jYxcjKs+wcslSYRWrascfscLgMlMGh0CdKeNTDjHpGPncaf3Z+FwwwjWeuiNBxv7bJo13/8B/098KlVDl4GZqsoBCEjPyJfV6hO0y/LkRGkk7oHWKgeWAfKtfLItRp00eZ4fcJNK9kCaSMmEugoZWcI7NGbZXzqFWqbpRI7NcDP9+WIQ+i9U5vqWsqd/zng4kbuAJ6UuKqIzB0upYrLShfQE3SAck8oaLhJqqq56VfDuASNpJKidV+zq27HfSBmbXnkR/5AK337dc3MXKJypoK/QPMLKUAP5XLPbs+NddJQV7EZXd29DLgp+fRIg3edpKdO7ZErWhv7d+3Kws+e1Y+ypmR2WIVSwVyBEUfgv2C8Ts9gnTF4pNcEY/S2aBicz5Ew2+jdyGNQQ==\
        \ test@example.com\\n\"\r\n            }\r\n          ]\r\n        },\r\n\
        \        \"provisionVMAgent\": true\r\n      },\r\n      \"secrets\": [],\r\
        \n      \"allowExtensionOperations\": true,\r\n      \"requireGuestProvisionSignal\"\
        : true\r\n    },\r\n    \"networkProfile\": {\"networkInterfaces\":[{\"id\"\
        :\"/subscriptions/00000000-0000-0000-0000-000000000000/resourceGroups/cli_test_multi_nic_vm000001/providers/Microsoft.Network/networkInterfaces/nic1\"\
        ,\"properties\":{\"primary\":false}},{\"id\":\"/subscriptions/00000000-0000-0000-0000-000000000000/resourceGroups/cli_test_multi_nic_vm000001/providers/Microsoft.Network/networkInterfaces/nic2\"\
        ,\"properties\":{\"primary\":true}}]},\r\n    \"provisioningState\": \"Updating\"\
        \r\n  }\r\n}"
    headers:
      azure-asyncnotification:
      - Enabled
      azure-asyncoperation:
      - https://management.azure.com/subscriptions/00000000-0000-0000-0000-000000000000/providers/Microsoft.Compute/locations/westus/operations/0d16b2a2-eb31-4527-a632-3e5b06804cff?api-version=2019-07-01
      cache-control:
      - no-cache
      content-length:
      - '3038'
      content-type:
      - application/json; charset=utf-8
      date:
      - Mon, 15 Jun 2020 09:33:58 GMT
      expires:
      - '-1'
      pragma:
      - no-cache
      server:
      - Microsoft-HTTPAPI/2.0
      - Microsoft-HTTPAPI/2.0
      strict-transport-security:
      - max-age=31536000; includeSubDomains
      transfer-encoding:
      - chunked
      vary:
      - Accept-Encoding
      x-content-type-options:
      - nosniff
      x-ms-ratelimit-remaining-resource:
      - Microsoft.Compute/PutVM3Min;237,Microsoft.Compute/PutVM30Min;1195
      x-ms-ratelimit-remaining-subscription-writes:
      - '1189'
    status:
      code: 200
      message: OK
- request:
    body: null
    headers:
      Accept:
      - application/json
      Accept-Encoding:
      - gzip, deflate
      CommandName:
      - vm nic set
      Connection:
      - keep-alive
      ParameterSetName:
      - -g --vm-name --nics --primary-nic
      User-Agent:
      - python/3.7.4 (Linux-4.15.0-99-generic-x86_64-with-debian-buster-sid) msrest/0.6.16
        msrest_azure/0.6.3 azure-mgmt-compute/12.0.0 Azure-SDK-For-Python AZURECLI/2.7.0
    method: GET
    uri: https://management.azure.com/subscriptions/00000000-0000-0000-0000-000000000000/providers/Microsoft.Compute/locations/westus/operations/0d16b2a2-eb31-4527-a632-3e5b06804cff?api-version=2019-07-01
  response:
    body:
      string: "{\r\n  \"startTime\": \"2020-06-15T09:33:55.6922751+00:00\",\r\n  \"\
        endTime\": \"2020-06-15T09:33:56.5048094+00:00\",\r\n  \"status\": \"Succeeded\"\
        ,\r\n  \"name\": \"0d16b2a2-eb31-4527-a632-3e5b06804cff\"\r\n}"
    headers:
      cache-control:
      - no-cache
      content-length:
      - '184'
      content-type:
      - application/json; charset=utf-8
      date:
      - Mon, 15 Jun 2020 09:34:28 GMT
      expires:
      - '-1'
      pragma:
      - no-cache
      server:
      - Microsoft-HTTPAPI/2.0
      - Microsoft-HTTPAPI/2.0
      strict-transport-security:
      - max-age=31536000; includeSubDomains
      transfer-encoding:
      - chunked
      vary:
      - Accept-Encoding
      x-content-type-options:
      - nosniff
      x-ms-ratelimit-remaining-resource:
      - Microsoft.Compute/GetOperation3Min;14989,Microsoft.Compute/GetOperation30Min;29982
    status:
      code: 200
      message: OK
- request:
    body: null
    headers:
      Accept:
      - application/json
      Accept-Encoding:
      - gzip, deflate
      CommandName:
      - vm nic set
      Connection:
      - keep-alive
      ParameterSetName:
      - -g --vm-name --nics --primary-nic
      User-Agent:
      - python/3.7.4 (Linux-4.15.0-99-generic-x86_64-with-debian-buster-sid) msrest/0.6.16
        msrest_azure/0.6.3 azure-mgmt-compute/12.0.0 Azure-SDK-For-Python AZURECLI/2.7.0
    method: GET
    uri: https://management.azure.com/subscriptions/00000000-0000-0000-0000-000000000000/resourceGroups/cli_test_multi_nic_vm000001/providers/Microsoft.Compute/virtualMachines/multinicvm1?api-version=2019-07-01
  response:
    body:
      string: "{\r\n  \"name\": \"multinicvm1\",\r\n  \"id\": \"/subscriptions/00000000-0000-0000-0000-000000000000/resourceGroups/cli_test_multi_nic_vm000001/providers/Microsoft.Compute/virtualMachines/multinicvm1\"\
        ,\r\n  \"type\": \"Microsoft.Compute/virtualMachines\",\r\n  \"location\"\
        : \"westus\",\r\n  \"tags\": {},\r\n  \"properties\": {\r\n    \"vmId\": \"\
        e84313fb-dbd7-470f-af71-0f56a767ffed\",\r\n    \"hardwareProfile\": {\r\n\
        \      \"vmSize\": \"Standard_DS3\"\r\n    },\r\n    \"storageProfile\": {\r\
        \n      \"imageReference\": {\r\n        \"publisher\": \"Canonical\",\r\n\
        \        \"offer\": \"UbuntuServer\",\r\n        \"sku\": \"18.04-LTS\",\r\
        \n        \"version\": \"latest\",\r\n        \"exactVersion\": \"18.04.202006101\"\
        \r\n      },\r\n      \"osDisk\": {\r\n        \"osType\": \"Linux\",\r\n\
        \        \"name\": \"multinicvm1_OsDisk_1_40f45742989c4085b1d7184e8a8a2545\"\
        ,\r\n        \"createOption\": \"FromImage\",\r\n        \"caching\": \"ReadWrite\"\
        ,\r\n        \"managedDisk\": {\r\n          \"id\": \"/subscriptions/00000000-0000-0000-0000-000000000000/resourceGroups/CLI_TEST_MULTI_NIC_VMMT45GDURVGEXQ35NNKUXNBHYGD5P6RP4IP26JFBP6WTWLEAZ4AHTV4/providers/Microsoft.Compute/disks/multinicvm1_OsDisk_1_40f45742989c4085b1d7184e8a8a2545\"\
        \r\n        }\r\n      },\r\n      \"dataDisks\": []\r\n    },\r\n    \"osProfile\"\
        : {\r\n      \"computerName\": \"multinicvm1\",\r\n      \"adminUsername\"\
        : \"user11\",\r\n      \"linuxConfiguration\": {\r\n        \"disablePasswordAuthentication\"\
        : true,\r\n        \"ssh\": {\r\n          \"publicKeys\": [\r\n         \
        \   {\r\n              \"path\": \"/home/user11/.ssh/authorized_keys\",\r\n\
        \              \"keyData\": \"ssh-rsa AAAAB3NzaC1yc2EAAAADAQABAAACAQCbIg1guRHbI0lV11wWDt1r2cUdcNd27CJsg+SfgC7miZeubtwUhbsPdhMQsfDyhOWHq1+ZL0M+nJZV63d/1dhmhtgyOqejUwrPlzKhydsbrsdUor+JmNJDdW01v7BXHyuymT8G4s09jCasNOwiufbP/qp72ruu0bIA1nySsvlf9pCQAuFkAnVnf/rFhUlOkhtRpwcq8SUNY2zRHR/EKb/4NWY1JzR4sa3q2fWIJdrrX0DvLoa5g9bIEd4Df79ba7v+yiUBOS0zT2ll+z4g9izHK3EO5d8hL4jYxcjKs+wcslSYRWrascfscLgMlMGh0CdKeNTDjHpGPncaf3Z+FwwwjWeuiNBxv7bJo13/8B/098KlVDl4GZqsoBCEjPyJfV6hO0y/LkRGkk7oHWKgeWAfKtfLItRp00eZ4fcJNK9kCaSMmEugoZWcI7NGbZXzqFWqbpRI7NcDP9+WIQ+i9U5vqWsqd/zng4kbuAJ6UuKqIzB0upYrLShfQE3SAck8oaLhJqqq56VfDuASNpJKidV+zq27HfSBmbXnkR/5AK337dc3MXKJypoK/QPMLKUAP5XLPbs+NddJQV7EZXd29DLgp+fRIg3edpKdO7ZErWhv7d+3Kws+e1Y+ypmR2WIVSwVyBEUfgv2C8Ts9gnTF4pNcEY/S2aBicz5Ew2+jdyGNQQ==\
        \ test@example.com\\n\"\r\n            }\r\n          ]\r\n        },\r\n\
        \        \"provisionVMAgent\": true\r\n      },\r\n      \"secrets\": [],\r\
        \n      \"allowExtensionOperations\": true,\r\n      \"requireGuestProvisionSignal\"\
        : true\r\n    },\r\n    \"networkProfile\": {\"networkInterfaces\":[{\"id\"\
        :\"/subscriptions/00000000-0000-0000-0000-000000000000/resourceGroups/cli_test_multi_nic_vm000001/providers/Microsoft.Network/networkInterfaces/nic1\"\
        ,\"properties\":{\"primary\":false}},{\"id\":\"/subscriptions/00000000-0000-0000-0000-000000000000/resourceGroups/cli_test_multi_nic_vm000001/providers/Microsoft.Network/networkInterfaces/nic2\"\
        ,\"properties\":{\"primary\":true}}]},\r\n    \"provisioningState\": \"Succeeded\"\
        \r\n  }\r\n}"
    headers:
      cache-control:
      - no-cache
      content-length:
      - '3039'
      content-type:
      - application/json; charset=utf-8
      date:
      - Mon, 15 Jun 2020 09:34:29 GMT
      expires:
      - '-1'
      pragma:
      - no-cache
      server:
      - Microsoft-HTTPAPI/2.0
      - Microsoft-HTTPAPI/2.0
      strict-transport-security:
      - max-age=31536000; includeSubDomains
      transfer-encoding:
      - chunked
      vary:
      - Accept-Encoding
      x-content-type-options:
      - nosniff
      x-ms-ratelimit-remaining-resource:
      - Microsoft.Compute/LowCostGet3Min;3981,Microsoft.Compute/LowCostGet30Min;31967
    status:
      code: 200
      message: OK
version: 1
