interactions:
- request:
    body: null
    headers:
      Accept:
      - application/json
      Accept-Encoding:
      - gzip, deflate
      CommandName:
      - vmss create
      Connection:
      - keep-alive
      ParameterSetName:
      - -g -n --image --enable-agent --patch-mode --orchestration-mode --generate-ssh-keys
        --instance-count --admin-username
      User-Agent:
      - AZURECLI/2.37.0 azsdk-python-azure-mgmt-resource/21.1.0b1 Python/3.10.5 (Windows-10-10.0.19044-SP0)
    method: GET
    uri: https://management.azure.com/subscriptions/00000000-0000-0000-0000-000000000000/resourcegroups/cli_test_vmss_linux_patch_mode_000001?api-version=2021-04-01
  response:
    body:
      string: '{"id":"/subscriptions/00000000-0000-0000-0000-000000000000/resourceGroups/cli_test_vmss_linux_patch_mode_000001","name":"cli_test_vmss_linux_patch_mode_000001","type":"Microsoft.Resources/resourceGroups","location":"westus","tags":{"product":"azurecli","cause":"automation","date":"2022-06-23T06:36:30Z"},"properties":{"provisioningState":"Succeeded"}}'
    headers:
      cache-control:
      - no-cache
      content-length:
      - '352'
      content-type:
      - application/json; charset=utf-8
      date:
      - Thu, 23 Jun 2022 06:36:33 GMT
      expires:
      - '-1'
      pragma:
      - no-cache
      strict-transport-security:
      - max-age=31536000; includeSubDomains
      vary:
      - Accept-Encoding
      x-content-type-options:
      - nosniff
    status:
      code: 200
      message: OK
- request:
    body: null
    headers:
      Accept:
      - '*/*'
      Accept-Encoding:
      - gzip, deflate
      Connection:
      - keep-alive
      User-Agent:
      - python-requests/2.26.0
    method: GET
    uri: https://raw.githubusercontent.com/Azure/azure-rest-api-specs/main/arm-compute/quickstart-templates/aliases.json
  response:
    body:
      string: "{\n  \"$schema\": \"http://schema.management.azure.com/schemas/2015-01-01/deploymentTemplate.json\",\n
        \ \"contentVersion\": \"1.0.0.0\",\n  \"parameters\": {},\n  \"variables\":
        {},\n  \"resources\": [],\n  \"outputs\": {\n    \"aliases\": {\n      \"type\":
        \"object\",\n      \"value\": {\n        \"Linux\": {\n          \"CentOS\":
        {\n            \"publisher\": \"OpenLogic\",\n            \"offer\": \"CentOS\",\n
        \           \"sku\": \"7.5\",\n            \"version\": \"latest\",\n            \"architecture\":
        \"x64\"\n          },\n          \"Debian\": {\n            \"publisher\":
        \"Debian\",\n            \"offer\": \"debian-10\",\n            \"sku\": \"10\",\n
        \           \"version\": \"latest\",\n            \"architecture\": \"x64\"\n
        \         },\n          \"Flatcar\": {\n            \"publisher\": \"kinvolk\",\n
        \           \"offer\": \"flatcar-container-linux-free\",\n            \"sku\":
        \"stable\",\n            \"version\": \"latest\",\n            \"architecture\":
        \"x64\"\n          },\n          \"openSUSE-Leap\": {\n            \"publisher\":
        \"SUSE\",\n            \"offer\": \"opensuse-leap-15-3\",\n            \"sku\":
        \"gen2\",\n            \"version\": \"latest\",\n            \"architecture\":
        \"x64\"\n          },\n          \"RHEL\": {\n            \"publisher\": \"RedHat\",\n
        \           \"offer\": \"RHEL\",\n            \"sku\": \"7-LVM\",\n            \"version\":
        \"latest\",\n            \"architecture\": \"x64\"\n          },\n          \"SLES\":
        {\n            \"publisher\": \"SUSE\",\n            \"offer\": \"sles-15-sp3\",\n
        \           \"sku\": \"gen2\",\n            \"version\": \"latest\",\n            \"architecture\":
        \"x64\"\n          },\n          \"UbuntuLTS\": {\n            \"publisher\":
        \"Canonical\",\n            \"offer\": \"UbuntuServer\",\n            \"sku\":
        \"18.04-LTS\",\n            \"version\": \"latest\",\n            \"architecture\":
        \"x64\"\n          }\n        },\n        \"Windows\": {\n          \"Win2022Datacenter\":
        {\n            \"publisher\": \"MicrosoftWindowsServer\",\n            \"offer\":
        \"WindowsServer\",\n            \"sku\": \"2022-Datacenter\",\n            \"version\":
        \"latest\",\n            \"architecture\": \"x64\"\n          },\n          \"Win2022AzureEditionCore\":
        {\n            \"publisher\": \"MicrosoftWindowsServer\",\n            \"offer\":
        \"WindowsServer\",\n            \"sku\": \"2022-datacenter-azure-edition-core\",\n
        \           \"version\": \"latest\",\n            \"architecture\": \"x64\"\n
        \         },\n          \"Win2019Datacenter\": {\n            \"publisher\":
        \"MicrosoftWindowsServer\",\n            \"offer\": \"WindowsServer\",\n            \"sku\":
        \"2019-Datacenter\",\n            \"version\": \"latest\",\n            \"architecture\":
        \"x64\"\n          },\n          \"Win2016Datacenter\": {\n            \"publisher\":
        \"MicrosoftWindowsServer\",\n            \"offer\": \"WindowsServer\",\n            \"sku\":
        \"2016-Datacenter\",\n            \"version\": \"latest\",\n            \"architecture\":
        \"x64\"\n          },\n          \"Win2012R2Datacenter\": {\n            \"publisher\":
        \"MicrosoftWindowsServer\",\n            \"offer\": \"WindowsServer\",\n            \"sku\":
        \"2012-R2-Datacenter\",\n            \"version\": \"latest\",\n            \"architecture\":
        \"x64\"\n          },\n          \"Win2012Datacenter\": {\n            \"publisher\":
        \"MicrosoftWindowsServer\",\n            \"offer\": \"WindowsServer\",\n            \"sku\":
        \"2012-Datacenter\",\n            \"version\": \"latest\",\n            \"architecture\":
        \"x64\"\n          },\n          \"Win2008R2SP1\": {\n            \"publisher\":
        \"MicrosoftWindowsServer\",\n            \"offer\": \"WindowsServer\",\n            \"sku\":
        \"2008-R2-SP1\",\n            \"version\": \"latest\",\n            \"architecture\":
        \"x64\"\n          }\n        }\n      }\n    }\n  }\n}"
    headers:
      accept-ranges:
      - bytes
      access-control-allow-origin:
      - '*'
      cache-control:
      - max-age=300
      connection:
      - keep-alive
      content-length:
      - '3463'
      content-security-policy:
      - default-src 'none'; style-src 'unsafe-inline'; sandbox
      content-type:
      - text/plain; charset=utf-8
      date:
      - Thu, 23 Jun 2022 06:36:34 GMT
      etag:
      - W/"41b202f4dc5098d126019dc00721a4c5e30df0c5196794514fadc3710ee2a5cb"
      expires:
      - Thu, 23 Jun 2022 06:41:34 GMT
      source-age:
      - '158'
      strict-transport-security:
      - max-age=31536000
      vary:
      - Authorization,Accept-Encoding,Origin
      via:
      - 1.1 varnish
      x-cache:
      - HIT
      x-cache-hits:
      - '1'
      x-content-type-options:
      - nosniff
      x-fastly-request-id:
      - fcd53b4d8b4eaaff592cd74239d888e89a7316fb
      x-frame-options:
      - deny
      x-github-request-id:
      - 248E:57D0:39301:93749:62B3CCFF
      x-served-by:
      - cache-qpg1279-QPG
      x-timer:
      - S1655966195.595986,VS0,VE1
      x-xss-protection:
      - 1; mode=block
    status:
      code: 200
      message: OK
- request:
    body: null
    headers:
      Accept:
      - application/json
      Accept-Encoding:
      - gzip, deflate
      CommandName:
      - vmss create
      Connection:
      - keep-alive
      ParameterSetName:
      - -g -n --image --enable-agent --patch-mode --orchestration-mode --generate-ssh-keys
        --instance-count --admin-username
      User-Agent:
      - AZURECLI/2.37.0 azsdk-python-azure-mgmt-compute/27.1.0 Python/3.10.5 (Windows-10-10.0.19044-SP0)
    method: GET
    uri: https://management.azure.com/subscriptions/00000000-0000-0000-0000-000000000000/providers/Microsoft.Compute/locations/westus/publishers/Canonical/artifacttypes/vmimage/offers/UbuntuServer/skus/18.04-LTS/versions?$top=1&$orderby=name%20desc&api-version=2022-03-01
  response:
    body:
      string: "[\r\n  {\r\n    \"location\": \"westus\",\r\n    \"name\": \"18.04.202206150\",\r\n
        \   \"id\": \"/Subscriptions/00000000-0000-0000-0000-000000000000/Providers/Microsoft.Compute/Locations/westus/Publishers/Canonical/ArtifactTypes/VMImage/Offers/UbuntuServer/Skus/18.04-LTS/Versions/18.04.202206150\"\r\n
        \ }\r\n]"
    headers:
      cache-control:
      - no-cache
      content-length:
      - '286'
      content-type:
      - application/json; charset=utf-8
      date:
      - Thu, 23 Jun 2022 06:36:36 GMT
      expires:
      - '-1'
      pragma:
      - no-cache
      server:
      - Microsoft-HTTPAPI/2.0
      - Microsoft-HTTPAPI/2.0
      strict-transport-security:
      - max-age=31536000; includeSubDomains
      transfer-encoding:
      - chunked
      vary:
      - Accept-Encoding
      x-content-type-options:
      - nosniff
      x-ms-ratelimit-remaining-resource:
      - Microsoft.Compute/ListVMImagesVersionsFromLocation3Min;15997,Microsoft.Compute/ListVMImagesVersionsFromLocation30Min;43985
    status:
      code: 200
      message: OK
- request:
    body: null
    headers:
      Accept:
      - application/json
      Accept-Encoding:
      - gzip, deflate
      CommandName:
      - vmss create
      Connection:
      - keep-alive
      ParameterSetName:
      - -g -n --image --enable-agent --patch-mode --orchestration-mode --generate-ssh-keys
        --instance-count --admin-username
      User-Agent:
      - AZURECLI/2.37.0 azsdk-python-azure-mgmt-compute/27.1.0 Python/3.10.5 (Windows-10-10.0.19044-SP0)
    method: GET
    uri: https://management.azure.com/subscriptions/00000000-0000-0000-0000-000000000000/providers/Microsoft.Compute/locations/westus/publishers/Canonical/artifacttypes/vmimage/offers/UbuntuServer/skus/18.04-LTS/versions/18.04.202206150?api-version=2022-03-01
  response:
    body:
      string: "{\r\n  \"properties\": {\r\n    \"hyperVGeneration\": \"V1\",\r\n    \"architecture\":
        \"x64\",\r\n    \"replicaType\": \"Unmanaged\",\r\n    \"disallowed\": {\r\n
        \     \"vmDiskType\": \"None\"\r\n    },\r\n    \"automaticOSUpgradeProperties\":
        {\r\n      \"automaticOSUpgradeSupported\": true\r\n    },\r\n    \"imageDeprecationStatus\":
        {\r\n      \"imageState\": \"Active\"\r\n    },\r\n    \"features\": [\r\n
        \     {\r\n        \"name\": \"IsAcceleratedNetworkSupported\",\r\n        \"value\":
        \"True\"\r\n      },\r\n      {\r\n        \"name\": \"DiskControllerTypes\",\r\n
        \       \"value\": \"SCSI\"\r\n      },\r\n      {\r\n        \"name\": \"IsHibernateSupported\",\r\n
        \       \"value\": \"False\"\r\n      }\r\n    ],\r\n    \"osDiskImage\":
        {\r\n      \"operatingSystem\": \"Linux\",\r\n      \"sizeInGb\": 31,\r\n
        \     \"sizeInBytes\": 32213303808\r\n    },\r\n    \"dataDiskImages\": []\r\n
        \ },\r\n  \"location\": \"westus\",\r\n  \"name\": \"18.04.202206150\",\r\n
        \ \"id\": \"/Subscriptions/00000000-0000-0000-0000-000000000000/Providers/Microsoft.Compute/Locations/westus/Publishers/Canonical/ArtifactTypes/VMImage/Offers/UbuntuServer/Skus/18.04-LTS/Versions/18.04.202206150\"\r\n}"
    headers:
      cache-control:
      - no-cache
      content-length:
      - '1043'
      content-type:
      - application/json; charset=utf-8
      date:
      - Thu, 23 Jun 2022 06:36:37 GMT
      expires:
      - '-1'
      pragma:
      - no-cache
      server:
      - Microsoft-HTTPAPI/2.0
      - Microsoft-HTTPAPI/2.0
      strict-transport-security:
      - max-age=31536000; includeSubDomains
      transfer-encoding:
      - chunked
      vary:
      - Accept-Encoding
      x-content-type-options:
      - nosniff
      x-ms-ratelimit-remaining-resource:
      - Microsoft.Compute/GetVMImageFromLocation3Min;12997,Microsoft.Compute/GetVMImageFromLocation30Min;73990
    status:
      code: 200
      message: OK
- request:
    body: null
    headers:
      Accept:
      - application/json, text/json
      Accept-Encoding:
      - gzip, deflate
      CommandName:
      - vmss create
      Connection:
      - keep-alive
      ParameterSetName:
      - -g -n --image --enable-agent --patch-mode --orchestration-mode --generate-ssh-keys
        --instance-count --admin-username
      User-Agent:
      - AZURECLI/2.37.0 azsdk-python-azure-mgmt-network/20.0.0 Python/3.10.5 (Windows-10-10.0.19044-SP0)
    method: GET
    uri: https://management.azure.com/subscriptions/00000000-0000-0000-0000-000000000000/resourceGroups/cli_test_vmss_linux_patch_mode_000001/providers/Microsoft.Network/virtualNetworks?api-version=2018-01-01
  response:
    body:
      string: '{"value":[]}'
    headers:
      cache-control:
      - no-cache
      content-length:
      - '12'
      content-type:
      - application/json; charset=utf-8
      date:
      - Thu, 23 Jun 2022 06:36:38 GMT
      expires:
      - '-1'
      pragma:
      - no-cache
      strict-transport-security:
      - max-age=31536000; includeSubDomains
      vary:
      - Accept-Encoding
      x-content-type-options:
      - nosniff
    status:
      code: 200
      message: OK
- request:
    body: '{"properties": {"template": {"$schema": "https://schema.management.azure.com/schemas/2015-01-01/deploymentTemplate.json#",
      "contentVersion": "1.0.0.0", "parameters": {}, "variables": {}, "resources":
      [{"name": "clitestvmss000002VNET", "type": "Microsoft.Network/virtualNetworks",
      "location": "westus", "apiVersion": "2015-06-15", "dependsOn": [], "tags": {},
      "properties": {"addressSpace": {"addressPrefixes": ["10.0.0.0/16"]}, "subnets":
      [{"name": "clitestvmss000002Subnet", "properties": {"addressPrefix": "10.0.0.0/24"}}]}},
      {"apiVersion": "2018-01-01", "type": "Microsoft.Network/publicIPAddresses",
      "name": "clitestvmss000002LBPublicIP", "location": "westus", "tags": {}, "dependsOn":
      [], "properties": {"publicIPAllocationMethod": "Static"}, "sku": {"name": "Standard"}},
      {"type": "Microsoft.Network/loadBalancers", "name": "clitestvmss000002LB", "location":
      "westus", "tags": {}, "apiVersion": "2018-01-01", "dependsOn": ["Microsoft.Network/virtualNetworks/clitestvmss000002VNET",
      "Microsoft.Network/publicIpAddresses/clitestvmss000002LBPublicIP"], "properties":
      {"backendAddressPools": [{"name": "clitestvmss000002LBBEPool"}], "frontendIPConfigurations":
      [{"name": "loadBalancerFrontEnd", "properties": {"publicIPAddress": {"id": "/subscriptions/00000000-0000-0000-0000-000000000000/resourceGroups/cli_test_vmss_linux_patch_mode_000001/providers/Microsoft.Network/publicIPAddresses/clitestvmss000002LBPublicIP"}}}],
      "loadBalancingRules": [{"name": "LBRule", "properties": {"frontendIPConfiguration":
      {"id": "[concat(resourceId(''Microsoft.Network/loadBalancers'', ''clitestvmss000002LB''),
      ''/frontendIPConfigurations/'', ''loadBalancerFrontEnd'')]"}, "backendAddressPool":
      {"id": "[concat(resourceId(''Microsoft.Network/loadBalancers'', ''clitestvmss000002LB''),
      ''/backendAddressPools/'', ''clitestvmss000002LBBEPool'')]"}, "protocol": "tcp",
      "frontendPort": 80, "backendPort": 80, "enableFloatingIP": false, "idleTimeoutInMinutes":
      5}}]}, "sku": {"name": "Standard"}}, {"type": "Microsoft.Network/networkSecurityGroups",
      "name": "clitestvmss000002NSG", "apiVersion": "2015-06-15", "location": "westus",
      "tags": {}, "dependsOn": [], "properties": {"securityRules": [{"name": "default-allow-ssh",
      "properties": {"protocol": "Tcp", "sourcePortRange": "*", "destinationPortRange":
      "22", "sourceAddressPrefix": "*", "destinationAddressPrefix": "*", "access":
      "Allow", "priority": 1000, "direction": "Inbound"}}]}}, {"type": "Microsoft.Compute/virtualMachineScaleSets",
      "name": "clitestvmss000002", "location": "westus", "tags": {}, "apiVersion":
      "2022-03-01", "dependsOn": ["Microsoft.Network/virtualNetworks/clitestvmss000002VNET",
      "Microsoft.Network/loadBalancers/clitestvmss000002LB", "Microsoft.Network/networkSecurityGroups/clitestvmss000002NSG"],
      "properties": {"singlePlacementGroup": null, "platformFaultDomainCount": 1,
      "virtualMachineProfile": {"storageProfile": {"osDisk": {"createOption": "FromImage",
      "caching": "ReadWrite", "managedDisk": {"storageAccountType": null}}, "imageReference":
      {"publisher": "Canonical", "offer": "UbuntuServer", "sku": "18.04-LTS", "version":
      "latest"}}, "osProfile": {"computerNamePrefix": "clitestv", "adminUsername":
      "vmtest", "linuxConfiguration": {"disablePasswordAuthentication": true, "ssh":
      {"publicKeys": [{"path": "/home/vmtest/.ssh/authorized_keys", "keyData": "ssh-rsa
      AAAAB3NzaC1yc2EAAAADAQABAAABAQDjehmBZaqPsS1CmwGlcJjueJ1Hc94DJcQmhtywQM+hS9MT4NNYGBo6/Vgzydw8y4/Ex9zD40yIzp90sNm+6pDaoMCQGD4P+YY/TD0BnJYjZsilRefyPK0KC4h4wnJJQ21jrbhgx6svONrDe1rQyk8EzM/O10BQhQw+/nP/rdYPttF8ei4DeaBSVZ3AxVOLT75rCBKXlUuYsBI0J8hTP1VirjIBvzqEbVa03Gt6cvLg8sCLFFkddwt1g9silmt5hSPuBdv+svkHRCDAYLR1pm3KsG7cN7tdqO/VeCbTYq5kbCaSew/EmlVXEpDvFB1HTcyw+R3xDn2mqGmSP8rWQppd"}]},
      "provisionVMAgent": true, "patchSettings": {"patchMode": "ImageDefault"}}},
      "networkProfile": {"networkInterfaceConfigurations": [{"name": "clite3966Nic",
      "properties": {"ipConfigurations": [{"name": "clite3966IPConfig", "properties":
      {"subnet": {"id": "/subscriptions/00000000-0000-0000-0000-000000000000/resourceGroups/cli_test_vmss_linux_patch_mode_000001/providers/Microsoft.Network/virtualNetworks/clitestvmss000002VNET/subnets/clitestvmss000002Subnet"},
      "loadBalancerBackendAddressPools": [{"id": "/subscriptions/00000000-0000-0000-0000-000000000000/resourceGroups/cli_test_vmss_linux_patch_mode_000001/providers/Microsoft.Network/loadBalancers/clitestvmss000002LB/backendAddressPools/clitestvmss000002LBBEPool"}]}}],
      "networkSecurityGroup": {"id": "[resourceId(''Microsoft.Network/networkSecurityGroups'',
      ''clitestvmss000002NSG'')]"}, "primary": "true"}}], "networkApiVersion": "2020-11-01"}},
      "orchestrationMode": "Flexible"}, "sku": {"name": "Standard_DS1_v2", "capacity":
      0}}], "outputs": {"VMSS": {"type": "object", "value": "[reference(resourceId(''Microsoft.Compute/virtualMachineScaleSets'',
      ''clitestvmss000002''),providers(''Microsoft.Compute'', ''virtualMachineScaleSets'').apiVersions[0])]"}}},
      "parameters": {}, "mode": "incremental"}}'
    headers:
      Accept:
      - application/json
      Accept-Encoding:
      - gzip, deflate
      CommandName:
      - vmss create
      Connection:
      - keep-alive
      Content-Length:
      - '4934'
      Content-Type:
      - application/json
      ParameterSetName:
      - -g -n --image --enable-agent --patch-mode --orchestration-mode --generate-ssh-keys
        --instance-count --admin-username
      User-Agent:
      - AZURECLI/2.37.0 azsdk-python-azure-mgmt-resource/21.1.0b1 Python/3.10.5 (Windows-10-10.0.19044-SP0)
    method: PUT
    uri: https://management.azure.com/subscriptions/00000000-0000-0000-0000-000000000000/resourcegroups/cli_test_vmss_linux_patch_mode_000001/providers/Microsoft.Resources/deployments/mock-deployment?api-version=2021-04-01
  response:
    body:
      string: '{"id":"/subscriptions/00000000-0000-0000-0000-000000000000/resourceGroups/cli_test_vmss_linux_patch_mode_000001/providers/Microsoft.Resources/deployments/vmss_deploy_0ibj8DmdsWRxp3PxRM2NjQtvuEiBO23b","name":"vmss_deploy_0ibj8DmdsWRxp3PxRM2NjQtvuEiBO23b","type":"Microsoft.Resources/deployments","properties":{"templateHash":"6782799995198850133","parameters":{},"mode":"Incremental","provisioningState":"Accepted","timestamp":"2022-06-23T06:36:58.8469592Z","duration":"PT0.0004127S","correlationId":"cc6c104a-71a2-4aa7-a520-b2a5046b61ef","providers":[{"namespace":"Microsoft.Network","resourceTypes":[{"resourceType":"virtualNetworks","locations":["westus"]},{"resourceType":"publicIPAddresses","locations":["westus"]},{"resourceType":"loadBalancers","locations":["westus"]},{"resourceType":"networkSecurityGroups","locations":["westus"]}]},{"namespace":"Microsoft.Compute","resourceTypes":[{"resourceType":"virtualMachineScaleSets","locations":["westus"]}]}],"dependencies":[{"dependsOn":[{"id":"/subscriptions/00000000-0000-0000-0000-000000000000/resourceGroups/cli_test_vmss_linux_patch_mode_000001/providers/Microsoft.Network/virtualNetworks/clitestvmss000002VNET","resourceType":"Microsoft.Network/virtualNetworks","resourceName":"clitestvmss000002VNET"},{"id":"/subscriptions/00000000-0000-0000-0000-000000000000/resourceGroups/cli_test_vmss_linux_patch_mode_000001/providers/Microsoft.Network/publicIPAddresses/clitestvmss000002LBPublicIP","resourceType":"Microsoft.Network/publicIPAddresses","resourceName":"clitestvmss000002LBPublicIP"}],"id":"/subscriptions/00000000-0000-0000-0000-000000000000/resourceGroups/cli_test_vmss_linux_patch_mode_000001/providers/Microsoft.Network/loadBalancers/clitestvmss000002LB","resourceType":"Microsoft.Network/loadBalancers","resourceName":"clitestvmss000002LB"},{"dependsOn":[{"id":"/subscriptions/00000000-0000-0000-0000-000000000000/resourceGroups/cli_test_vmss_linux_patch_mode_000001/providers/Microsoft.Network/virtualNetworks/clitestvmss000002VNET","resourceType":"Microsoft.Network/virtualNetworks","resourceName":"clitestvmss000002VNET"},{"id":"/subscriptions/00000000-0000-0000-0000-000000000000/resourceGroups/cli_test_vmss_linux_patch_mode_000001/providers/Microsoft.Network/loadBalancers/clitestvmss000002LB","resourceType":"Microsoft.Network/loadBalancers","resourceName":"clitestvmss000002LB"},{"id":"/subscriptions/00000000-0000-0000-0000-000000000000/resourceGroups/cli_test_vmss_linux_patch_mode_000001/providers/Microsoft.Network/networkSecurityGroups/clitestvmss000002NSG","resourceType":"Microsoft.Network/networkSecurityGroups","resourceName":"clitestvmss000002NSG"}],"id":"/subscriptions/00000000-0000-0000-0000-000000000000/resourceGroups/cli_test_vmss_linux_patch_mode_000001/providers/Microsoft.Compute/virtualMachineScaleSets/clitestvmss000002","resourceType":"Microsoft.Compute/virtualMachineScaleSets","resourceName":"clitestvmss000002"}]}}'
    headers:
      azure-asyncoperation:
      - https://management.azure.com/subscriptions/00000000-0000-0000-0000-000000000000/resourcegroups/cli_test_vmss_linux_patch_mode_000001/providers/Microsoft.Resources/deployments/vmss_deploy_0ibj8DmdsWRxp3PxRM2NjQtvuEiBO23b/operationStatuses/08585456406689823716?api-version=2021-04-01
      cache-control:
      - no-cache
      content-length:
      - '2914'
      content-type:
      - application/json; charset=utf-8
      date:
      - Thu, 23 Jun 2022 06:37:00 GMT
      expires:
      - '-1'
      pragma:
      - no-cache
      strict-transport-security:
      - max-age=31536000; includeSubDomains
      x-content-type-options:
      - nosniff
      x-ms-ratelimit-remaining-subscription-writes:
      - '1193'
    status:
      code: 201
      message: Created
- request:
    body: null
    headers:
      Accept:
      - '*/*'
      Accept-Encoding:
      - gzip, deflate
      CommandName:
      - vmss create
      Connection:
      - keep-alive
      ParameterSetName:
      - -g -n --image --enable-agent --patch-mode --orchestration-mode --generate-ssh-keys
        --instance-count --admin-username
      User-Agent:
      - AZURECLI/2.37.0 azsdk-python-azure-mgmt-resource/21.1.0b1 Python/3.10.5 (Windows-10-10.0.19044-SP0)
    method: GET
    uri: https://management.azure.com/subscriptions/00000000-0000-0000-0000-000000000000/resourcegroups/cli_test_vmss_linux_patch_mode_000001/providers/Microsoft.Resources/deployments/mock-deployment/operationStatuses/08585456406689823716?api-version=2021-04-01
  response:
    body:
      string: '{"status":"Running"}'
    headers:
      cache-control:
      - no-cache
      content-length:
      - '20'
      content-type:
      - application/json; charset=utf-8
      date:
      - Thu, 23 Jun 2022 06:37:32 GMT
      expires:
      - '-1'
      pragma:
      - no-cache
      strict-transport-security:
      - max-age=31536000; includeSubDomains
      vary:
      - Accept-Encoding
      x-content-type-options:
      - nosniff
    status:
      code: 200
      message: OK
- request:
    body: null
    headers:
      Accept:
      - '*/*'
      Accept-Encoding:
      - gzip, deflate
      CommandName:
      - vmss create
      Connection:
      - keep-alive
      ParameterSetName:
      - -g -n --image --enable-agent --patch-mode --orchestration-mode --generate-ssh-keys
        --instance-count --admin-username
      User-Agent:
      - AZURECLI/2.37.0 azsdk-python-azure-mgmt-resource/21.1.0b1 Python/3.10.5 (Windows-10-10.0.19044-SP0)
    method: GET
    uri: https://management.azure.com/subscriptions/00000000-0000-0000-0000-000000000000/resourcegroups/cli_test_vmss_linux_patch_mode_000001/providers/Microsoft.Resources/deployments/mock-deployment/operationStatuses/08585456406689823716?api-version=2021-04-01
  response:
    body:
      string: '{"status":"Succeeded"}'
    headers:
      cache-control:
      - no-cache
      content-length:
      - '22'
      content-type:
      - application/json; charset=utf-8
      date:
      - Thu, 23 Jun 2022 06:38:03 GMT
      expires:
      - '-1'
      pragma:
      - no-cache
      strict-transport-security:
      - max-age=31536000; includeSubDomains
      vary:
      - Accept-Encoding
      x-content-type-options:
      - nosniff
    status:
      code: 200
      message: OK
- request:
    body: null
    headers:
      Accept:
      - '*/*'
      Accept-Encoding:
      - gzip, deflate
      CommandName:
      - vmss create
      Connection:
      - keep-alive
      ParameterSetName:
      - -g -n --image --enable-agent --patch-mode --orchestration-mode --generate-ssh-keys
        --instance-count --admin-username
      User-Agent:
      - AZURECLI/2.37.0 azsdk-python-azure-mgmt-resource/21.1.0b1 Python/3.10.5 (Windows-10-10.0.19044-SP0)
    method: GET
    uri: https://management.azure.com/subscriptions/00000000-0000-0000-0000-000000000000/resourcegroups/cli_test_vmss_linux_patch_mode_000001/providers/Microsoft.Resources/deployments/mock-deployment?api-version=2021-04-01
  response:
    body:
      string: '{"id":"/subscriptions/00000000-0000-0000-0000-000000000000/resourceGroups/cli_test_vmss_linux_patch_mode_000001/providers/Microsoft.Resources/deployments/vmss_deploy_0ibj8DmdsWRxp3PxRM2NjQtvuEiBO23b","name":"vmss_deploy_0ibj8DmdsWRxp3PxRM2NjQtvuEiBO23b","type":"Microsoft.Resources/deployments","properties":{"templateHash":"6782799995198850133","parameters":{},"mode":"Incremental","provisioningState":"Succeeded","timestamp":"2022-06-23T06:37:35.6409224Z","duration":"PT36.7943759S","correlationId":"cc6c104a-71a2-4aa7-a520-b2a5046b61ef","providers":[{"namespace":"Microsoft.Network","resourceTypes":[{"resourceType":"virtualNetworks","locations":["westus"]},{"resourceType":"publicIPAddresses","locations":["westus"]},{"resourceType":"loadBalancers","locations":["westus"]},{"resourceType":"networkSecurityGroups","locations":["westus"]}]},{"namespace":"Microsoft.Compute","resourceTypes":[{"resourceType":"virtualMachineScaleSets","locations":["westus"]}]}],"dependencies":[{"dependsOn":[{"id":"/subscriptions/00000000-0000-0000-0000-000000000000/resourceGroups/cli_test_vmss_linux_patch_mode_000001/providers/Microsoft.Network/virtualNetworks/clitestvmss000002VNET","resourceType":"Microsoft.Network/virtualNetworks","resourceName":"clitestvmss000002VNET"},{"id":"/subscriptions/00000000-0000-0000-0000-000000000000/resourceGroups/cli_test_vmss_linux_patch_mode_000001/providers/Microsoft.Network/publicIPAddresses/clitestvmss000002LBPublicIP","resourceType":"Microsoft.Network/publicIPAddresses","resourceName":"clitestvmss000002LBPublicIP"}],"id":"/subscriptions/00000000-0000-0000-0000-000000000000/resourceGroups/cli_test_vmss_linux_patch_mode_000001/providers/Microsoft.Network/loadBalancers/clitestvmss000002LB","resourceType":"Microsoft.Network/loadBalancers","resourceName":"clitestvmss000002LB"},{"dependsOn":[{"id":"/subscriptions/00000000-0000-0000-0000-000000000000/resourceGroups/cli_test_vmss_linux_patch_mode_000001/providers/Microsoft.Network/virtualNetworks/clitestvmss000002VNET","resourceType":"Microsoft.Network/virtualNetworks","resourceName":"clitestvmss000002VNET"},{"id":"/subscriptions/00000000-0000-0000-0000-000000000000/resourceGroups/cli_test_vmss_linux_patch_mode_000001/providers/Microsoft.Network/loadBalancers/clitestvmss000002LB","resourceType":"Microsoft.Network/loadBalancers","resourceName":"clitestvmss000002LB"},{"id":"/subscriptions/00000000-0000-0000-0000-000000000000/resourceGroups/cli_test_vmss_linux_patch_mode_000001/providers/Microsoft.Network/networkSecurityGroups/clitestvmss000002NSG","resourceType":"Microsoft.Network/networkSecurityGroups","resourceName":"clitestvmss000002NSG"}],"id":"/subscriptions/00000000-0000-0000-0000-000000000000/resourceGroups/cli_test_vmss_linux_patch_mode_000001/providers/Microsoft.Compute/virtualMachineScaleSets/clitestvmss000002","resourceType":"Microsoft.Compute/virtualMachineScaleSets","resourceName":"clitestvmss000002"}],"outputs":{"vmss":{"type":"Object","value":{"singlePlacementGroup":false,"orchestrationMode":"Flexible","virtualMachineProfile":{"osProfile":{"computerNamePrefix":"clitestv","adminUsername":"vmtest","linuxConfiguration":{"disablePasswordAuthentication":true,"ssh":{"publicKeys":[{"path":"/home/vmtest/.ssh/authorized_keys","keyData":"ssh-rsa
        AAAAB3NzaC1yc2EAAAADAQABAAABAQDjehmBZaqPsS1CmwGlcJjueJ1Hc94DJcQmhtywQM+hS9MT4NNYGBo6/Vgzydw8y4/Ex9zD40yIzp90sNm+6pDaoMCQGD4P+YY/TD0BnJYjZsilRefyPK0KC4h4wnJJQ21jrbhgx6svONrDe1rQyk8EzM/O10BQhQw+/nP/rdYPttF8ei4DeaBSVZ3AxVOLT75rCBKXlUuYsBI0J8hTP1VirjIBvzqEbVa03Gt6cvLg8sCLFFkddwt1g9silmt5hSPuBdv+svkHRCDAYLR1pm3KsG7cN7tdqO/VeCbTYq5kbCaSew/EmlVXEpDvFB1HTcyw+R3xDn2mqGmSP8rWQppd"}]},"provisionVMAgent":true,"patchSettings":{"patchMode":"ImageDefault","assessmentMode":"ImageDefault"},"enableVMAgentPlatformUpdates":false},"secrets":[],"allowExtensionOperations":true,"requireGuestProvisionSignal":true},"storageProfile":{"osDisk":{"osType":"Linux","createOption":"FromImage","caching":"ReadWrite","managedDisk":{"storageAccountType":"Premium_LRS"},"deleteOption":"Delete","diskSizeGB":30},"imageReference":{"publisher":"Canonical","offer":"UbuntuServer","sku":"18.04-LTS","version":"latest"}},"networkProfile":{"networkApiVersion":"2020-11-01","networkInterfaceConfigurations":[{"name":"clite3966Nic","properties":{"primary":true,"enableIPForwarding":false,"deleteOption":"Delete","ipConfigurations":[{"name":"clite3966IPConfig","properties":{"privateIPAddressVersion":"IPv4","subnet":{"id":"/subscriptions/00000000-0000-0000-0000-000000000000/resourceGroups/cli_test_vmss_linux_patch_mode_000001/providers/Microsoft.Network/virtualNetworks/clitestvmss000002VNET/subnets/clitestvmss000002Subnet"},"applicationSecurityGroups":[],"loadBalancerBackendAddressPools":[{"id":"/subscriptions/00000000-0000-0000-0000-000000000000/resourceGroups/cli_test_vmss_linux_patch_mode_000001/providers/Microsoft.Network/loadBalancers/clitestvmss000002LB/backendAddressPools/clitestvmss000002LBBEPool"}],"applicationGatewayBackendAddressPools":[]}}],"networkSecurityGroup":{"id":"/subscriptions/00000000-0000-0000-0000-000000000000/resourceGroups/cli_test_vmss_linux_patch_mode_000001/providers/Microsoft.Network/networkSecurityGroups/clitestvmss000002NSG"},"dnsSettings":{"dnsServers":[]}}}]}},"provisioningState":"Succeeded","uniqueId":"3049f92a-bdce-4b8a-9bec-fd688ff865c5","platformFaultDomainCount":1,"timeCreated":"2022-06-23T06:37:28.7893789+00:00"}}},"outputResources":[{"id":"/subscriptions/00000000-0000-0000-0000-000000000000/resourceGroups/cli_test_vmss_linux_patch_mode_000001/providers/Microsoft.Compute/virtualMachineScaleSets/clitestvmss000002"},{"id":"/subscriptions/00000000-0000-0000-0000-000000000000/resourceGroups/cli_test_vmss_linux_patch_mode_000001/providers/Microsoft.Network/loadBalancers/clitestvmss000002LB"},{"id":"/subscriptions/00000000-0000-0000-0000-000000000000/resourceGroups/cli_test_vmss_linux_patch_mode_000001/providers/Microsoft.Network/networkSecurityGroups/clitestvmss000002NSG"},{"id":"/subscriptions/00000000-0000-0000-0000-000000000000/resourceGroups/cli_test_vmss_linux_patch_mode_000001/providers/Microsoft.Network/publicIPAddresses/clitestvmss000002LBPublicIP"},{"id":"/subscriptions/00000000-0000-0000-0000-000000000000/resourceGroups/cli_test_vmss_linux_patch_mode_000001/providers/Microsoft.Network/virtualNetworks/clitestvmss000002VNET"}]}}'
    headers:
      cache-control:
      - no-cache
      content-length:
      - '6326'
      content-type:
      - application/json; charset=utf-8
      date:
      - Thu, 23 Jun 2022 06:38:03 GMT
      expires:
      - '-1'
      pragma:
      - no-cache
      strict-transport-security:
      - max-age=31536000; includeSubDomains
      vary:
      - Accept-Encoding
      x-content-type-options:
      - nosniff
    status:
      code: 200
      message: OK
- request:
    body: null
    headers:
      Accept:
      - application/json
      Accept-Encoding:
      - gzip, deflate
      CommandName:
      - vmss extension set
      Connection:
      - keep-alive
      ParameterSetName:
      - --name --publisher --version --resource-group --vmss-name --settings
      User-Agent:
      - AZURECLI/2.37.0 azsdk-python-azure-mgmt-compute/27.1.0 Python/3.10.5 (Windows-10-10.0.19044-SP0)
    method: GET
    uri: https://management.azure.com/subscriptions/00000000-0000-0000-0000-000000000000/resourceGroups/cli_test_vmss_linux_patch_mode_000001/providers/Microsoft.Compute/virtualMachineScaleSets/clitestvmss000002?api-version=2022-03-01
  response:
    body:
      string: "{\r\n  \"name\": \"clitestvmss000002\",\r\n  \"id\": \"/subscriptions/00000000-0000-0000-0000-000000000000/resourceGroups/cli_test_vmss_linux_patch_mode_000001/providers/Microsoft.Compute/virtualMachineScaleSets/clitestvmss000002\",\r\n
        \ \"type\": \"Microsoft.Compute/virtualMachineScaleSets\",\r\n  \"location\":
        \"westus\",\r\n  \"tags\": {},\r\n  \"sku\": {\r\n    \"name\": \"Standard_DS1_v2\",\r\n
        \   \"tier\": \"Standard\",\r\n    \"capacity\": 0\r\n  },\r\n  \"properties\":
        {\r\n    \"singlePlacementGroup\": false,\r\n    \"orchestrationMode\": \"Flexible\",\r\n
        \   \"virtualMachineProfile\": {\r\n      \"osProfile\": {\r\n        \"computerNamePrefix\":
        \"clitestv\",\r\n        \"adminUsername\": \"vmtest\",\r\n        \"linuxConfiguration\":
        {\r\n          \"disablePasswordAuthentication\": true,\r\n          \"ssh\":
        {\r\n            \"publicKeys\": [\r\n              {\r\n                \"path\":
        \"/home/vmtest/.ssh/authorized_keys\",\r\n                \"keyData\": \"ssh-rsa
        AAAAB3NzaC1yc2EAAAADAQABAAABAQDjehmBZaqPsS1CmwGlcJjueJ1Hc94DJcQmhtywQM+hS9MT4NNYGBo6/Vgzydw8y4/Ex9zD40yIzp90sNm+6pDaoMCQGD4P+YY/TD0BnJYjZsilRefyPK0KC4h4wnJJQ21jrbhgx6svONrDe1rQyk8EzM/O10BQhQw+/nP/rdYPttF8ei4DeaBSVZ3AxVOLT75rCBKXlUuYsBI0J8hTP1VirjIBvzqEbVa03Gt6cvLg8sCLFFkddwt1g9silmt5hSPuBdv+svkHRCDAYLR1pm3KsG7cN7tdqO/VeCbTYq5kbCaSew/EmlVXEpDvFB1HTcyw+R3xDn2mqGmSP8rWQppd\"\r\n
        \             }\r\n            ]\r\n          },\r\n          \"provisionVMAgent\":
        true,\r\n          \"patchSettings\": {\r\n            \"patchMode\": \"ImageDefault\",\r\n
        \           \"assessmentMode\": \"ImageDefault\"\r\n          },\r\n          \"enableVMAgentPlatformUpdates\":
        false\r\n        },\r\n        \"secrets\": [],\r\n        \"allowExtensionOperations\":
        true,\r\n        \"requireGuestProvisionSignal\": true\r\n      },\r\n      \"storageProfile\":
        {\r\n        \"osDisk\": {\r\n          \"osType\": \"Linux\",\r\n          \"createOption\":
        \"FromImage\",\r\n          \"caching\": \"ReadWrite\",\r\n          \"managedDisk\":
        {\r\n            \"storageAccountType\": \"Premium_LRS\"\r\n          },\r\n
        \         \"diskSizeGB\": 30\r\n        },\r\n        \"imageReference\":
        {\r\n          \"publisher\": \"Canonical\",\r\n          \"offer\": \"UbuntuServer\",\r\n
        \         \"sku\": \"18.04-LTS\",\r\n          \"version\": \"latest\"\r\n
        \       }\r\n      },\r\n      \"networkProfile\": {\"networkApiVersion\":\"2020-11-01\",\"networkInterfaceConfigurations\":[{\"name\":\"clite3966Nic\",\"properties\":{\"primary\":true,\"enableIPForwarding\":false,\"deleteOption\":\"Delete\",\"ipConfigurations\":[{\"name\":\"clite3966IPConfig\",\"properties\":{\"privateIPAddressVersion\":\"IPv4\",\"subnet\":{\"id\":\"/subscriptions/00000000-0000-0000-0000-000000000000/resourceGroups/cli_test_vmss_linux_patch_mode_000001/providers/Microsoft.Network/virtualNetworks/clitestvmss000002VNET/subnets/clitestvmss000002Subnet\"},\"applicationSecurityGroups\":[],\"loadBalancerBackendAddressPools\":[{\"id\":\"/subscriptions/00000000-0000-0000-0000-000000000000/resourceGroups/cli_test_vmss_linux_patch_mode_000001/providers/Microsoft.Network/loadBalancers/clitestvmss000002LB/backendAddressPools/clitestvmss000002LBBEPool\"}],\"applicationGatewayBackendAddressPools\":[]}}],\"networkSecurityGroup\":{\"id\":\"/subscriptions/00000000-0000-0000-0000-000000000000/resourceGroups/cli_test_vmss_linux_patch_mode_000001/providers/Microsoft.Network/networkSecurityGroups/clitestvmss000002NSG\"},\"dnsSettings\":{\"dnsServers\":[]}}}]}\r\n
        \   },\r\n    \"provisioningState\": \"Succeeded\",\r\n    \"uniqueId\": \"3049f92a-bdce-4b8a-9bec-fd688ff865c5\",\r\n
        \   \"platformFaultDomainCount\": 1,\r\n    \"timeCreated\": \"2022-06-23T06:37:28.7893789+00:00\"\r\n
        \ }\r\n}"
    headers:
      cache-control:
      - no-cache
      content-length:
      - '3420'
      content-type:
      - application/json; charset=utf-8
      date:
      - Thu, 23 Jun 2022 06:38:05 GMT
      expires:
      - '-1'
      pragma:
      - no-cache
      server:
      - Microsoft-HTTPAPI/2.0
      - Microsoft-HTTPAPI/2.0
      strict-transport-security:
      - max-age=31536000; includeSubDomains
      transfer-encoding:
      - chunked
      vary:
      - Accept-Encoding
      x-content-type-options:
      - nosniff
      x-ms-ratelimit-remaining-resource:
      - Microsoft.Compute/GetVMScaleSet3Min;349,Microsoft.Compute/GetVMScaleSet30Min;2022
    status:
      code: 200
      message: OK
- request:
    body: '{"location": "westus", "tags": {}, "sku": {"name": "Standard_DS1_v2", "tier":
      "Standard", "capacity": 0}, "properties": {"virtualMachineProfile": {"osProfile":
      {"computerNamePrefix": "clitestv", "adminUsername": "vmtest", "linuxConfiguration":
      {"disablePasswordAuthentication": true, "ssh": {"publicKeys": [{"path": "/home/vmtest/.ssh/authorized_keys",
      "keyData": "ssh-rsa AAAAB3NzaC1yc2EAAAADAQABAAABAQDjehmBZaqPsS1CmwGlcJjueJ1Hc94DJcQmhtywQM+hS9MT4NNYGBo6/Vgzydw8y4/Ex9zD40yIzp90sNm+6pDaoMCQGD4P+YY/TD0BnJYjZsilRefyPK0KC4h4wnJJQ21jrbhgx6svONrDe1rQyk8EzM/O10BQhQw+/nP/rdYPttF8ei4DeaBSVZ3AxVOLT75rCBKXlUuYsBI0J8hTP1VirjIBvzqEbVa03Gt6cvLg8sCLFFkddwt1g9silmt5hSPuBdv+svkHRCDAYLR1pm3KsG7cN7tdqO/VeCbTYq5kbCaSew/EmlVXEpDvFB1HTcyw+R3xDn2mqGmSP8rWQppd"}]},
      "provisionVMAgent": true, "patchSettings": {"patchMode": "ImageDefault", "assessmentMode":
      "ImageDefault"}}, "secrets": [], "allowExtensionOperations": true}, "storageProfile":
      {"osDisk": {"caching": "ReadWrite", "createOption": "FromImage", "diskSizeGB":
      30, "osType": "Linux", "managedDisk": {"storageAccountType": "Premium_LRS"}}},
      "networkProfile": {"networkInterfaceConfigurations": [{"name": "clite3966Nic",
      "properties": {"primary": true, "networkSecurityGroup": {"id": "/subscriptions/00000000-0000-0000-0000-000000000000/resourceGroups/cli_test_vmss_linux_patch_mode_000001/providers/Microsoft.Network/networkSecurityGroups/clitestvmss000002NSG"},
      "dnsSettings": {"dnsServers": []}, "ipConfigurations": [{"name": "clite3966IPConfig",
      "properties": {"subnet": {"id": "/subscriptions/00000000-0000-0000-0000-000000000000/resourceGroups/cli_test_vmss_linux_patch_mode_000001/providers/Microsoft.Network/virtualNetworks/clitestvmss000002VNET/subnets/clitestvmss000002Subnet"},
      "privateIPAddressVersion": "IPv4", "applicationGatewayBackendAddressPools":
      [], "applicationSecurityGroups": [], "loadBalancerBackendAddressPools": [{"id":
      "/subscriptions/00000000-0000-0000-0000-000000000000/resourceGroups/cli_test_vmss_linux_patch_mode_000001/providers/Microsoft.Network/loadBalancers/clitestvmss000002LB/backendAddressPools/clitestvmss000002LBBEPool"}]}}],
      "enableIPForwarding": false, "deleteOption": "Delete"}}], "networkApiVersion":
      "2020-11-01"}, "extensionProfile": {"extensions": [{"name": "ApplicationHealthLinux",
      "properties": {"publisher": "Microsoft.ManagedServices", "type": "ApplicationHealthLinux",
      "typeHandlerVersion": "1.0", "autoUpgradeMinorVersion": true, "settings": {"protocol":
      "http", "port": 80, "requestPath": "/healthEndpoint"}}}]}}, "singlePlacementGroup":
      false, "platformFaultDomainCount": 1, "orchestrationMode": "Flexible"}}'
    headers:
      Accept:
      - application/json
      Accept-Encoding:
      - gzip, deflate
      CommandName:
      - vmss extension set
      Connection:
      - keep-alive
      Content-Length:
      - '2608'
      Content-Type:
      - application/json
      ParameterSetName:
      - --name --publisher --version --resource-group --vmss-name --settings
      User-Agent:
      - AZURECLI/2.37.0 azsdk-python-azure-mgmt-compute/27.1.0 Python/3.10.5 (Windows-10-10.0.19044-SP0)
    method: PUT
    uri: https://management.azure.com/subscriptions/00000000-0000-0000-0000-000000000000/resourceGroups/cli_test_vmss_linux_patch_mode_000001/providers/Microsoft.Compute/virtualMachineScaleSets/clitestvmss000002?api-version=2022-03-01
  response:
    body:
      string: "{\r\n  \"name\": \"clitestvmss000002\",\r\n  \"id\": \"/subscriptions/00000000-0000-0000-0000-000000000000/resourceGroups/cli_test_vmss_linux_patch_mode_000001/providers/Microsoft.Compute/virtualMachineScaleSets/clitestvmss000002\",\r\n
        \ \"type\": \"Microsoft.Compute/virtualMachineScaleSets\",\r\n  \"location\":
        \"westus\",\r\n  \"tags\": {},\r\n  \"sku\": {\r\n    \"name\": \"Standard_DS1_v2\",\r\n
        \   \"tier\": \"Standard\",\r\n    \"capacity\": 0\r\n  },\r\n  \"properties\":
        {\r\n    \"singlePlacementGroup\": false,\r\n    \"orchestrationMode\": \"Flexible\",\r\n
        \   \"virtualMachineProfile\": {\r\n      \"osProfile\": {\r\n        \"computerNamePrefix\":
        \"clitestv\",\r\n        \"adminUsername\": \"vmtest\",\r\n        \"linuxConfiguration\":
        {\r\n          \"disablePasswordAuthentication\": true,\r\n          \"ssh\":
        {\r\n            \"publicKeys\": [\r\n              {\r\n                \"path\":
        \"/home/vmtest/.ssh/authorized_keys\",\r\n                \"keyData\": \"ssh-rsa
        AAAAB3NzaC1yc2EAAAADAQABAAABAQDjehmBZaqPsS1CmwGlcJjueJ1Hc94DJcQmhtywQM+hS9MT4NNYGBo6/Vgzydw8y4/Ex9zD40yIzp90sNm+6pDaoMCQGD4P+YY/TD0BnJYjZsilRefyPK0KC4h4wnJJQ21jrbhgx6svONrDe1rQyk8EzM/O10BQhQw+/nP/rdYPttF8ei4DeaBSVZ3AxVOLT75rCBKXlUuYsBI0J8hTP1VirjIBvzqEbVa03Gt6cvLg8sCLFFkddwt1g9silmt5hSPuBdv+svkHRCDAYLR1pm3KsG7cN7tdqO/VeCbTYq5kbCaSew/EmlVXEpDvFB1HTcyw+R3xDn2mqGmSP8rWQppd\"\r\n
        \             }\r\n            ]\r\n          },\r\n          \"provisionVMAgent\":
        true,\r\n          \"patchSettings\": {\r\n            \"patchMode\": \"ImageDefault\",\r\n
        \           \"assessmentMode\": \"ImageDefault\"\r\n          },\r\n          \"enableVMAgentPlatformUpdates\":
        false\r\n        },\r\n        \"secrets\": [],\r\n        \"allowExtensionOperations\":
        true,\r\n        \"requireGuestProvisionSignal\": true\r\n      },\r\n      \"storageProfile\":
        {\r\n        \"osDisk\": {\r\n          \"osType\": \"Linux\",\r\n          \"createOption\":
        \"FromImage\",\r\n          \"caching\": \"ReadWrite\",\r\n          \"managedDisk\":
        {\r\n            \"storageAccountType\": \"Premium_LRS\"\r\n          },\r\n
        \         \"diskSizeGB\": 30\r\n        },\r\n        \"imageReference\":
        {\r\n          \"publisher\": \"Canonical\",\r\n          \"offer\": \"UbuntuServer\",\r\n
        \         \"sku\": \"18.04-LTS\",\r\n          \"version\": \"latest\"\r\n
        \       }\r\n      },\r\n      \"networkProfile\": {\"networkApiVersion\":\"2020-11-01\",\"networkInterfaceConfigurations\":[{\"name\":\"clite3966Nic\",\"properties\":{\"primary\":true,\"enableIPForwarding\":false,\"deleteOption\":\"Delete\",\"ipConfigurations\":[{\"name\":\"clite3966IPConfig\",\"properties\":{\"privateIPAddressVersion\":\"IPv4\",\"subnet\":{\"id\":\"/subscriptions/00000000-0000-0000-0000-000000000000/resourceGroups/cli_test_vmss_linux_patch_mode_000001/providers/Microsoft.Network/virtualNetworks/clitestvmss000002VNET/subnets/clitestvmss000002Subnet\"},\"applicationSecurityGroups\":[],\"loadBalancerBackendAddressPools\":[{\"id\":\"/subscriptions/00000000-0000-0000-0000-000000000000/resourceGroups/cli_test_vmss_linux_patch_mode_000001/providers/Microsoft.Network/loadBalancers/clitestvmss000002LB/backendAddressPools/clitestvmss000002LBBEPool\"}],\"applicationGatewayBackendAddressPools\":[]}}],\"networkSecurityGroup\":{\"id\":\"/subscriptions/00000000-0000-0000-0000-000000000000/resourceGroups/cli_test_vmss_linux_patch_mode_000001/providers/Microsoft.Network/networkSecurityGroups/clitestvmss000002NSG\"},\"dnsSettings\":{\"dnsServers\":[]}}}]},\r\n
        \     \"extensionProfile\": {\r\n        \"extensions\": [\r\n          {\r\n
        \           \"name\": \"ApplicationHealthLinux\",\r\n            \"properties\":
        {\r\n              \"autoUpgradeMinorVersion\": true,\r\n              \"publisher\":
        \"Microsoft.ManagedServices\",\r\n              \"type\": \"ApplicationHealthLinux\",\r\n
        \             \"typeHandlerVersion\": \"1.0\",\r\n              \"settings\":
        {\"protocol\":\"http\",\"port\":80,\"requestPath\":\"/healthEndpoint\"}\r\n
        \           }\r\n          }\r\n        ]\r\n      }\r\n    },\r\n    \"provisioningState\":
        \"Updating\",\r\n    \"uniqueId\": \"3049f92a-bdce-4b8a-9bec-fd688ff865c5\",\r\n
        \   \"platformFaultDomainCount\": 1,\r\n    \"timeCreated\": \"2022-06-23T06:37:28.7893789+00:00\"\r\n
        \ }\r\n}"
    headers:
      azure-asyncnotification:
      - Enabled
      azure-asyncoperation:
      - https://management.azure.com/subscriptions/00000000-0000-0000-0000-000000000000/providers/Microsoft.Compute/locations/westus/operations/a188b606-c591-4d97-962a-d2f04fd1a45e?p=571046f6-b640-41c1-86f7-f9f044b5adf9&api-version=2022-03-01
      cache-control:
      - no-cache
      content-length:
      - '3898'
      content-type:
      - application/json; charset=utf-8
      date:
      - Thu, 23 Jun 2022 06:38:12 GMT
      expires:
      - '-1'
      pragma:
      - no-cache
      server:
      - Microsoft-HTTPAPI/2.0
      - Microsoft-HTTPAPI/2.0
      strict-transport-security:
      - max-age=31536000; includeSubDomains
      transfer-encoding:
      - chunked
      vary:
      - Accept-Encoding
      x-content-type-options:
      - nosniff
      x-ms-ratelimit-remaining-resource:
      - Microsoft.Compute/CreateVMScaleSet3Min;57,Microsoft.Compute/CreateVMScaleSet30Min;289
      x-ms-ratelimit-remaining-subscription-writes:
      - '1190'
    status:
      code: 200
      message: OK
- request:
    body: null
    headers:
      Accept:
      - '*/*'
      Accept-Encoding:
      - gzip, deflate
      CommandName:
      - vmss extension set
      Connection:
      - keep-alive
      ParameterSetName:
      - --name --publisher --version --resource-group --vmss-name --settings
      User-Agent:
      - AZURECLI/2.37.0 azsdk-python-azure-mgmt-compute/27.1.0 Python/3.10.5 (Windows-10-10.0.19044-SP0)
    method: GET
    uri: https://management.azure.com/subscriptions/00000000-0000-0000-0000-000000000000/providers/Microsoft.Compute/locations/westus/operations/a188b606-c591-4d97-962a-d2f04fd1a45e?p=571046f6-b640-41c1-86f7-f9f044b5adf9&api-version=2022-03-01
  response:
    body:
      string: "{\r\n  \"startTime\": \"2022-06-23T06:38:10.945722+00:00\",\r\n  \"endTime\":
        \"2022-06-23T06:38:11.0238151+00:00\",\r\n  \"status\": \"Succeeded\",\r\n
        \ \"name\": \"0e750c2d-64ea-4e7f-b873-151993f1696e\"\r\n}"
    headers:
      cache-control:
      - no-cache
      content-length:
      - '183'
      content-type:
      - application/json; charset=utf-8
      date:
      - Thu, 23 Jun 2022 06:38:42 GMT
      expires:
      - '-1'
      pragma:
      - no-cache
      server:
      - Microsoft-HTTPAPI/2.0
      - Microsoft-HTTPAPI/2.0
      strict-transport-security:
      - max-age=31536000; includeSubDomains
      transfer-encoding:
      - chunked
      vary:
      - Accept-Encoding
      x-content-type-options:
      - nosniff
      x-ms-ratelimit-remaining-resource:
      - Microsoft.Compute/GetOperation3Min;14982,Microsoft.Compute/GetOperation30Min;29864
    status:
      code: 200
      message: OK
- request:
    body: null
    headers:
      Accept:
      - '*/*'
      Accept-Encoding:
      - gzip, deflate
      CommandName:
      - vmss extension set
      Connection:
      - keep-alive
      ParameterSetName:
      - --name --publisher --version --resource-group --vmss-name --settings
      User-Agent:
      - AZURECLI/2.37.0 azsdk-python-azure-mgmt-compute/27.1.0 Python/3.10.5 (Windows-10-10.0.19044-SP0)
    method: GET
    uri: https://management.azure.com/subscriptions/00000000-0000-0000-0000-000000000000/resourceGroups/cli_test_vmss_linux_patch_mode_000001/providers/Microsoft.Compute/virtualMachineScaleSets/clitestvmss000002?api-version=2022-03-01
  response:
    body:
      string: "{\r\n  \"name\": \"clitestvmss000002\",\r\n  \"id\": \"/subscriptions/00000000-0000-0000-0000-000000000000/resourceGroups/cli_test_vmss_linux_patch_mode_000001/providers/Microsoft.Compute/virtualMachineScaleSets/clitestvmss000002\",\r\n
        \ \"type\": \"Microsoft.Compute/virtualMachineScaleSets\",\r\n  \"location\":
        \"westus\",\r\n  \"tags\": {},\r\n  \"sku\": {\r\n    \"name\": \"Standard_DS1_v2\",\r\n
        \   \"tier\": \"Standard\",\r\n    \"capacity\": 0\r\n  },\r\n  \"properties\":
        {\r\n    \"singlePlacementGroup\": false,\r\n    \"orchestrationMode\": \"Flexible\",\r\n
        \   \"virtualMachineProfile\": {\r\n      \"osProfile\": {\r\n        \"computerNamePrefix\":
        \"clitestv\",\r\n        \"adminUsername\": \"vmtest\",\r\n        \"linuxConfiguration\":
        {\r\n          \"disablePasswordAuthentication\": true,\r\n          \"ssh\":
        {\r\n            \"publicKeys\": [\r\n              {\r\n                \"path\":
        \"/home/vmtest/.ssh/authorized_keys\",\r\n                \"keyData\": \"ssh-rsa
        AAAAB3NzaC1yc2EAAAADAQABAAABAQDjehmBZaqPsS1CmwGlcJjueJ1Hc94DJcQmhtywQM+hS9MT4NNYGBo6/Vgzydw8y4/Ex9zD40yIzp90sNm+6pDaoMCQGD4P+YY/TD0BnJYjZsilRefyPK0KC4h4wnJJQ21jrbhgx6svONrDe1rQyk8EzM/O10BQhQw+/nP/rdYPttF8ei4DeaBSVZ3AxVOLT75rCBKXlUuYsBI0J8hTP1VirjIBvzqEbVa03Gt6cvLg8sCLFFkddwt1g9silmt5hSPuBdv+svkHRCDAYLR1pm3KsG7cN7tdqO/VeCbTYq5kbCaSew/EmlVXEpDvFB1HTcyw+R3xDn2mqGmSP8rWQppd\"\r\n
        \             }\r\n            ]\r\n          },\r\n          \"provisionVMAgent\":
        true,\r\n          \"patchSettings\": {\r\n            \"patchMode\": \"ImageDefault\",\r\n
        \           \"assessmentMode\": \"ImageDefault\"\r\n          },\r\n          \"enableVMAgentPlatformUpdates\":
        false\r\n        },\r\n        \"secrets\": [],\r\n        \"allowExtensionOperations\":
        true,\r\n        \"requireGuestProvisionSignal\": true\r\n      },\r\n      \"storageProfile\":
        {\r\n        \"osDisk\": {\r\n          \"osType\": \"Linux\",\r\n          \"createOption\":
        \"FromImage\",\r\n          \"caching\": \"ReadWrite\",\r\n          \"managedDisk\":
        {\r\n            \"storageAccountType\": \"Premium_LRS\"\r\n          },\r\n
        \         \"diskSizeGB\": 30\r\n        },\r\n        \"imageReference\":
        {\r\n          \"publisher\": \"Canonical\",\r\n          \"offer\": \"UbuntuServer\",\r\n
        \         \"sku\": \"18.04-LTS\",\r\n          \"version\": \"latest\"\r\n
        \       }\r\n      },\r\n      \"networkProfile\": {\"networkApiVersion\":\"2020-11-01\",\"networkInterfaceConfigurations\":[{\"name\":\"clite3966Nic\",\"properties\":{\"primary\":true,\"enableIPForwarding\":false,\"deleteOption\":\"Delete\",\"ipConfigurations\":[{\"name\":\"clite3966IPConfig\",\"properties\":{\"privateIPAddressVersion\":\"IPv4\",\"subnet\":{\"id\":\"/subscriptions/00000000-0000-0000-0000-000000000000/resourceGroups/cli_test_vmss_linux_patch_mode_000001/providers/Microsoft.Network/virtualNetworks/clitestvmss000002VNET/subnets/clitestvmss000002Subnet\"},\"applicationSecurityGroups\":[],\"loadBalancerBackendAddressPools\":[{\"id\":\"/subscriptions/00000000-0000-0000-0000-000000000000/resourceGroups/cli_test_vmss_linux_patch_mode_000001/providers/Microsoft.Network/loadBalancers/clitestvmss000002LB/backendAddressPools/clitestvmss000002LBBEPool\"}],\"applicationGatewayBackendAddressPools\":[]}}],\"networkSecurityGroup\":{\"id\":\"/subscriptions/00000000-0000-0000-0000-000000000000/resourceGroups/cli_test_vmss_linux_patch_mode_000001/providers/Microsoft.Network/networkSecurityGroups/clitestvmss000002NSG\"},\"dnsSettings\":{\"dnsServers\":[]}}}]},\r\n
        \     \"extensionProfile\": {\r\n        \"extensions\": [\r\n          {\r\n
        \           \"name\": \"ApplicationHealthLinux\",\r\n            \"properties\":
        {\r\n              \"autoUpgradeMinorVersion\": true,\r\n              \"publisher\":
        \"Microsoft.ManagedServices\",\r\n              \"type\": \"ApplicationHealthLinux\",\r\n
        \             \"typeHandlerVersion\": \"1.0\",\r\n              \"settings\":
        {\"protocol\":\"http\",\"port\":80,\"requestPath\":\"/healthEndpoint\"}\r\n
        \           }\r\n          }\r\n        ]\r\n      }\r\n    },\r\n    \"provisioningState\":
        \"Succeeded\",\r\n    \"uniqueId\": \"3049f92a-bdce-4b8a-9bec-fd688ff865c5\",\r\n
        \   \"platformFaultDomainCount\": 1,\r\n    \"timeCreated\": \"2022-06-23T06:37:28.7893789+00:00\"\r\n
        \ }\r\n}"
    headers:
      cache-control:
      - no-cache
      content-length:
      - '3899'
      content-type:
      - application/json; charset=utf-8
      date:
      - Thu, 23 Jun 2022 06:38:42 GMT
      expires:
      - '-1'
      pragma:
      - no-cache
      server:
      - Microsoft-HTTPAPI/2.0
      - Microsoft-HTTPAPI/2.0
      strict-transport-security:
      - max-age=31536000; includeSubDomains
      transfer-encoding:
      - chunked
      vary:
      - Accept-Encoding
      x-content-type-options:
      - nosniff
      x-ms-ratelimit-remaining-resource:
      - Microsoft.Compute/GetVMScaleSet3Min;341,Microsoft.Compute/GetVMScaleSet30Min;2002
    status:
      code: 200
      message: OK
- request:
    body: null
    headers:
      Accept:
      - application/json
      Accept-Encoding:
      - gzip, deflate
      CommandName:
      - vmss update
      Connection:
      - keep-alive
      ParameterSetName:
      - --name --resource-group --set
      User-Agent:
      - AZURECLI/2.37.0 azsdk-python-azure-mgmt-compute/27.1.0 Python/3.10.5 (Windows-10-10.0.19044-SP0)
    method: GET
    uri: https://management.azure.com/subscriptions/00000000-0000-0000-0000-000000000000/resourceGroups/cli_test_vmss_linux_patch_mode_000001/providers/Microsoft.Compute/virtualMachineScaleSets/clitestvmss000002?api-version=2022-03-01
  response:
    body:
      string: "{\r\n  \"name\": \"clitestvmss000002\",\r\n  \"id\": \"/subscriptions/00000000-0000-0000-0000-000000000000/resourceGroups/cli_test_vmss_linux_patch_mode_000001/providers/Microsoft.Compute/virtualMachineScaleSets/clitestvmss000002\",\r\n
        \ \"type\": \"Microsoft.Compute/virtualMachineScaleSets\",\r\n  \"location\":
        \"westus\",\r\n  \"tags\": {},\r\n  \"sku\": {\r\n    \"name\": \"Standard_DS1_v2\",\r\n
        \   \"tier\": \"Standard\",\r\n    \"capacity\": 0\r\n  },\r\n  \"properties\":
        {\r\n    \"singlePlacementGroup\": false,\r\n    \"orchestrationMode\": \"Flexible\",\r\n
        \   \"virtualMachineProfile\": {\r\n      \"osProfile\": {\r\n        \"computerNamePrefix\":
        \"clitestv\",\r\n        \"adminUsername\": \"vmtest\",\r\n        \"linuxConfiguration\":
        {\r\n          \"disablePasswordAuthentication\": true,\r\n          \"ssh\":
        {\r\n            \"publicKeys\": [\r\n              {\r\n                \"path\":
        \"/home/vmtest/.ssh/authorized_keys\",\r\n                \"keyData\": \"ssh-rsa
        AAAAB3NzaC1yc2EAAAADAQABAAABAQDjehmBZaqPsS1CmwGlcJjueJ1Hc94DJcQmhtywQM+hS9MT4NNYGBo6/Vgzydw8y4/Ex9zD40yIzp90sNm+6pDaoMCQGD4P+YY/TD0BnJYjZsilRefyPK0KC4h4wnJJQ21jrbhgx6svONrDe1rQyk8EzM/O10BQhQw+/nP/rdYPttF8ei4DeaBSVZ3AxVOLT75rCBKXlUuYsBI0J8hTP1VirjIBvzqEbVa03Gt6cvLg8sCLFFkddwt1g9silmt5hSPuBdv+svkHRCDAYLR1pm3KsG7cN7tdqO/VeCbTYq5kbCaSew/EmlVXEpDvFB1HTcyw+R3xDn2mqGmSP8rWQppd\"\r\n
        \             }\r\n            ]\r\n          },\r\n          \"provisionVMAgent\":
        true,\r\n          \"patchSettings\": {\r\n            \"patchMode\": \"ImageDefault\",\r\n
        \           \"assessmentMode\": \"ImageDefault\"\r\n          },\r\n          \"enableVMAgentPlatformUpdates\":
        false\r\n        },\r\n        \"secrets\": [],\r\n        \"allowExtensionOperations\":
        true,\r\n        \"requireGuestProvisionSignal\": true\r\n      },\r\n      \"storageProfile\":
        {\r\n        \"osDisk\": {\r\n          \"osType\": \"Linux\",\r\n          \"createOption\":
        \"FromImage\",\r\n          \"caching\": \"ReadWrite\",\r\n          \"managedDisk\":
        {\r\n            \"storageAccountType\": \"Premium_LRS\"\r\n          },\r\n
        \         \"diskSizeGB\": 30\r\n        },\r\n        \"imageReference\":
        {\r\n          \"publisher\": \"Canonical\",\r\n          \"offer\": \"UbuntuServer\",\r\n
        \         \"sku\": \"18.04-LTS\",\r\n          \"version\": \"latest\"\r\n
        \       }\r\n      },\r\n      \"networkProfile\": {\"networkApiVersion\":\"2020-11-01\",\"networkInterfaceConfigurations\":[{\"name\":\"clite3966Nic\",\"properties\":{\"primary\":true,\"enableIPForwarding\":false,\"deleteOption\":\"Delete\",\"ipConfigurations\":[{\"name\":\"clite3966IPConfig\",\"properties\":{\"privateIPAddressVersion\":\"IPv4\",\"subnet\":{\"id\":\"/subscriptions/00000000-0000-0000-0000-000000000000/resourceGroups/cli_test_vmss_linux_patch_mode_000001/providers/Microsoft.Network/virtualNetworks/clitestvmss000002VNET/subnets/clitestvmss000002Subnet\"},\"applicationSecurityGroups\":[],\"loadBalancerBackendAddressPools\":[{\"id\":\"/subscriptions/00000000-0000-0000-0000-000000000000/resourceGroups/cli_test_vmss_linux_patch_mode_000001/providers/Microsoft.Network/loadBalancers/clitestvmss000002LB/backendAddressPools/clitestvmss000002LBBEPool\"}],\"applicationGatewayBackendAddressPools\":[]}}],\"networkSecurityGroup\":{\"id\":\"/subscriptions/00000000-0000-0000-0000-000000000000/resourceGroups/cli_test_vmss_linux_patch_mode_000001/providers/Microsoft.Network/networkSecurityGroups/clitestvmss000002NSG\"},\"dnsSettings\":{\"dnsServers\":[]}}}]},\r\n
        \     \"extensionProfile\": {\r\n        \"extensions\": [\r\n          {\r\n
        \           \"name\": \"ApplicationHealthLinux\",\r\n            \"properties\":
        {\r\n              \"autoUpgradeMinorVersion\": true,\r\n              \"publisher\":
        \"Microsoft.ManagedServices\",\r\n              \"type\": \"ApplicationHealthLinux\",\r\n
        \             \"typeHandlerVersion\": \"1.0\",\r\n              \"settings\":
        {\"protocol\":\"http\",\"port\":80,\"requestPath\":\"/healthEndpoint\"}\r\n
        \           }\r\n          }\r\n        ]\r\n      }\r\n    },\r\n    \"provisioningState\":
        \"Succeeded\",\r\n    \"uniqueId\": \"3049f92a-bdce-4b8a-9bec-fd688ff865c5\",\r\n
        \   \"platformFaultDomainCount\": 1,\r\n    \"timeCreated\": \"2022-06-23T06:37:28.7893789+00:00\"\r\n
        \ }\r\n}"
    headers:
      cache-control:
      - no-cache
      content-length:
      - '3899'
      content-type:
      - application/json; charset=utf-8
      date:
      - Thu, 23 Jun 2022 06:38:45 GMT
      expires:
      - '-1'
      pragma:
      - no-cache
      server:
      - Microsoft-HTTPAPI/2.0
      - Microsoft-HTTPAPI/2.0
      strict-transport-security:
      - max-age=31536000; includeSubDomains
      transfer-encoding:
      - chunked
      vary:
      - Accept-Encoding
      x-content-type-options:
      - nosniff
      x-ms-ratelimit-remaining-resource:
      - Microsoft.Compute/GetVMScaleSet3Min;339,Microsoft.Compute/GetVMScaleSet30Min;2000
    status:
      code: 200
      message: OK
- request:
    body: '{"location": "westus", "tags": {}, "sku": {"name": "Standard_DS1_v2", "tier":
      "Standard", "capacity": 0}, "properties": {"virtualMachineProfile": {"osProfile":
      {"computerNamePrefix": "clitestv", "adminUsername": "vmtest", "linuxConfiguration":
      {"disablePasswordAuthentication": true, "ssh": {"publicKeys": [{"path": "/home/vmtest/.ssh/authorized_keys",
      "keyData": "ssh-rsa AAAAB3NzaC1yc2EAAAADAQABAAABAQDjehmBZaqPsS1CmwGlcJjueJ1Hc94DJcQmhtywQM+hS9MT4NNYGBo6/Vgzydw8y4/Ex9zD40yIzp90sNm+6pDaoMCQGD4P+YY/TD0BnJYjZsilRefyPK0KC4h4wnJJQ21jrbhgx6svONrDe1rQyk8EzM/O10BQhQw+/nP/rdYPttF8ei4DeaBSVZ3AxVOLT75rCBKXlUuYsBI0J8hTP1VirjIBvzqEbVa03Gt6cvLg8sCLFFkddwt1g9silmt5hSPuBdv+svkHRCDAYLR1pm3KsG7cN7tdqO/VeCbTYq5kbCaSew/EmlVXEpDvFB1HTcyw+R3xDn2mqGmSP8rWQppd"}]},
      "provisionVMAgent": true, "patchSettings": {"patchMode": "AutomaticByPlatform",
      "assessmentMode": "ImageDefault"}}, "secrets": [], "allowExtensionOperations":
      true}, "storageProfile": {"osDisk": {"caching": "ReadWrite", "createOption":
      "FromImage", "diskSizeGB": 30, "osType": "Linux", "managedDisk": {"storageAccountType":
      "Premium_LRS"}}}, "networkProfile": {"networkInterfaceConfigurations": [{"name":
      "clite3966Nic", "properties": {"primary": true, "networkSecurityGroup": {"id":
      "/subscriptions/00000000-0000-0000-0000-000000000000/resourceGroups/cli_test_vmss_linux_patch_mode_000001/providers/Microsoft.Network/networkSecurityGroups/clitestvmss000002NSG"},
      "dnsSettings": {"dnsServers": []}, "ipConfigurations": [{"name": "clite3966IPConfig",
      "properties": {"subnet": {"id": "/subscriptions/00000000-0000-0000-0000-000000000000/resourceGroups/cli_test_vmss_linux_patch_mode_000001/providers/Microsoft.Network/virtualNetworks/clitestvmss000002VNET/subnets/clitestvmss000002Subnet"},
      "privateIPAddressVersion": "IPv4", "applicationGatewayBackendAddressPools":
      [], "applicationSecurityGroups": [], "loadBalancerBackendAddressPools": [{"id":
      "/subscriptions/00000000-0000-0000-0000-000000000000/resourceGroups/cli_test_vmss_linux_patch_mode_000001/providers/Microsoft.Network/loadBalancers/clitestvmss000002LB/backendAddressPools/clitestvmss000002LBBEPool"}]}}],
      "enableIPForwarding": false, "deleteOption": "Delete"}}], "networkApiVersion":
      "2020-11-01"}, "extensionProfile": {"extensions": [{"name": "ApplicationHealthLinux",
      "properties": {"publisher": "Microsoft.ManagedServices", "type": "ApplicationHealthLinux",
      "typeHandlerVersion": "1.0", "autoUpgradeMinorVersion": true, "settings": {"protocol":
      "http", "port": 80, "requestPath": "/healthEndpoint"}}}]}}, "singlePlacementGroup":
      false, "platformFaultDomainCount": 1, "orchestrationMode": "Flexible"}}'
    headers:
      Accept:
      - application/json
      Accept-Encoding:
      - gzip, deflate
      CommandName:
      - vmss update
      Connection:
      - keep-alive
      Content-Length:
      - '2615'
      Content-Type:
      - application/json
      ParameterSetName:
      - --name --resource-group --set
      User-Agent:
      - AZURECLI/2.37.0 azsdk-python-azure-mgmt-compute/27.1.0 Python/3.10.5 (Windows-10-10.0.19044-SP0)
    method: PUT
    uri: https://management.azure.com/subscriptions/00000000-0000-0000-0000-000000000000/resourceGroups/cli_test_vmss_linux_patch_mode_000001/providers/Microsoft.Compute/virtualMachineScaleSets/clitestvmss000002?api-version=2022-03-01
  response:
    body:
      string: "{\r\n  \"name\": \"clitestvmss000002\",\r\n  \"id\": \"/subscriptions/00000000-0000-0000-0000-000000000000/resourceGroups/cli_test_vmss_linux_patch_mode_000001/providers/Microsoft.Compute/virtualMachineScaleSets/clitestvmss000002\",\r\n
        \ \"type\": \"Microsoft.Compute/virtualMachineScaleSets\",\r\n  \"location\":
        \"westus\",\r\n  \"tags\": {},\r\n  \"sku\": {\r\n    \"name\": \"Standard_DS1_v2\",\r\n
        \   \"tier\": \"Standard\",\r\n    \"capacity\": 0\r\n  },\r\n  \"properties\":
        {\r\n    \"singlePlacementGroup\": false,\r\n    \"orchestrationMode\": \"Flexible\",\r\n
        \   \"virtualMachineProfile\": {\r\n      \"osProfile\": {\r\n        \"computerNamePrefix\":
        \"clitestv\",\r\n        \"adminUsername\": \"vmtest\",\r\n        \"linuxConfiguration\":
        {\r\n          \"disablePasswordAuthentication\": true,\r\n          \"ssh\":
        {\r\n            \"publicKeys\": [\r\n              {\r\n                \"path\":
        \"/home/vmtest/.ssh/authorized_keys\",\r\n                \"keyData\": \"ssh-rsa
        AAAAB3NzaC1yc2EAAAADAQABAAABAQDjehmBZaqPsS1CmwGlcJjueJ1Hc94DJcQmhtywQM+hS9MT4NNYGBo6/Vgzydw8y4/Ex9zD40yIzp90sNm+6pDaoMCQGD4P+YY/TD0BnJYjZsilRefyPK0KC4h4wnJJQ21jrbhgx6svONrDe1rQyk8EzM/O10BQhQw+/nP/rdYPttF8ei4DeaBSVZ3AxVOLT75rCBKXlUuYsBI0J8hTP1VirjIBvzqEbVa03Gt6cvLg8sCLFFkddwt1g9silmt5hSPuBdv+svkHRCDAYLR1pm3KsG7cN7tdqO/VeCbTYq5kbCaSew/EmlVXEpDvFB1HTcyw+R3xDn2mqGmSP8rWQppd\"\r\n
        \             }\r\n            ]\r\n          },\r\n          \"provisionVMAgent\":
        true,\r\n          \"patchSettings\": {\r\n            \"patchMode\": \"AutomaticByPlatform\",\r\n
        \           \"assessmentMode\": \"ImageDefault\"\r\n          },\r\n          \"enableVMAgentPlatformUpdates\":
        false\r\n        },\r\n        \"secrets\": [],\r\n        \"allowExtensionOperations\":
        true,\r\n        \"requireGuestProvisionSignal\": true\r\n      },\r\n      \"storageProfile\":
        {\r\n        \"osDisk\": {\r\n          \"osType\": \"Linux\",\r\n          \"createOption\":
        \"FromImage\",\r\n          \"caching\": \"ReadWrite\",\r\n          \"managedDisk\":
        {\r\n            \"storageAccountType\": \"Premium_LRS\"\r\n          },\r\n
        \         \"diskSizeGB\": 30\r\n        },\r\n        \"imageReference\":
        {\r\n          \"publisher\": \"Canonical\",\r\n          \"offer\": \"UbuntuServer\",\r\n
        \         \"sku\": \"18.04-LTS\",\r\n          \"version\": \"latest\"\r\n
        \       }\r\n      },\r\n      \"networkProfile\": {\"networkApiVersion\":\"2020-11-01\",\"networkInterfaceConfigurations\":[{\"name\":\"clite3966Nic\",\"properties\":{\"primary\":true,\"enableIPForwarding\":false,\"deleteOption\":\"Delete\",\"ipConfigurations\":[{\"name\":\"clite3966IPConfig\",\"properties\":{\"privateIPAddressVersion\":\"IPv4\",\"subnet\":{\"id\":\"/subscriptions/00000000-0000-0000-0000-000000000000/resourceGroups/cli_test_vmss_linux_patch_mode_000001/providers/Microsoft.Network/virtualNetworks/clitestvmss000002VNET/subnets/clitestvmss000002Subnet\"},\"applicationSecurityGroups\":[],\"loadBalancerBackendAddressPools\":[{\"id\":\"/subscriptions/00000000-0000-0000-0000-000000000000/resourceGroups/cli_test_vmss_linux_patch_mode_000001/providers/Microsoft.Network/loadBalancers/clitestvmss000002LB/backendAddressPools/clitestvmss000002LBBEPool\"}],\"applicationGatewayBackendAddressPools\":[]}}],\"networkSecurityGroup\":{\"id\":\"/subscriptions/00000000-0000-0000-0000-000000000000/resourceGroups/cli_test_vmss_linux_patch_mode_000001/providers/Microsoft.Network/networkSecurityGroups/clitestvmss000002NSG\"},\"dnsSettings\":{\"dnsServers\":[]}}}]},\r\n
        \     \"extensionProfile\": {\r\n        \"extensions\": [\r\n          {\r\n
        \           \"name\": \"ApplicationHealthLinux\",\r\n            \"properties\":
        {\r\n              \"autoUpgradeMinorVersion\": true,\r\n              \"publisher\":
        \"Microsoft.ManagedServices\",\r\n              \"type\": \"ApplicationHealthLinux\",\r\n
        \             \"typeHandlerVersion\": \"1.0\",\r\n              \"settings\":
        {\"protocol\":\"http\",\"port\":80,\"requestPath\":\"/healthEndpoint\"}\r\n
        \           }\r\n          }\r\n        ]\r\n      }\r\n    },\r\n    \"provisioningState\":
        \"Updating\",\r\n    \"uniqueId\": \"3049f92a-bdce-4b8a-9bec-fd688ff865c5\",\r\n
        \   \"platformFaultDomainCount\": 1,\r\n    \"timeCreated\": \"2022-06-23T06:37:28.7893789+00:00\"\r\n
        \ }\r\n}"
    headers:
      azure-asyncnotification:
      - Enabled
      azure-asyncoperation:
      - https://management.azure.com/subscriptions/00000000-0000-0000-0000-000000000000/providers/Microsoft.Compute/locations/westus/operations/84192fc1-d951-46aa-a5a4-0d26166dc57a?p=571046f6-b640-41c1-86f7-f9f044b5adf9&api-version=2022-03-01
      cache-control:
      - no-cache
      content-length:
      - '3905'
      content-type:
      - application/json; charset=utf-8
      date:
      - Thu, 23 Jun 2022 06:38:51 GMT
      expires:
      - '-1'
      pragma:
      - no-cache
      server:
      - Microsoft-HTTPAPI/2.0
      - Microsoft-HTTPAPI/2.0
      strict-transport-security:
      - max-age=31536000; includeSubDomains
      transfer-encoding:
      - chunked
      vary:
      - Accept-Encoding
      x-content-type-options:
      - nosniff
      x-ms-ratelimit-remaining-resource:
      - Microsoft.Compute/CreateVMScaleSet3Min;56,Microsoft.Compute/CreateVMScaleSet30Min;288
      x-ms-ratelimit-remaining-subscription-writes:
      - '1193'
    status:
      code: 200
      message: OK
- request:
    body: null
    headers:
      Accept:
      - '*/*'
      Accept-Encoding:
      - gzip, deflate
      CommandName:
      - vmss update
      Connection:
      - keep-alive
      ParameterSetName:
      - --name --resource-group --set
      User-Agent:
      - AZURECLI/2.37.0 azsdk-python-azure-mgmt-compute/27.1.0 Python/3.10.5 (Windows-10-10.0.19044-SP0)
    method: GET
    uri: https://management.azure.com/subscriptions/00000000-0000-0000-0000-000000000000/providers/Microsoft.Compute/locations/westus/operations/84192fc1-d951-46aa-a5a4-0d26166dc57a?p=571046f6-b640-41c1-86f7-f9f044b5adf9&api-version=2022-03-01
  response:
    body:
      string: "{\r\n  \"startTime\": \"2022-06-23T06:38:50.8207684+00:00\",\r\n  \"endTime\":
        \"2022-06-23T06:38:50.867622+00:00\",\r\n  \"status\": \"Succeeded\",\r\n
        \ \"name\": \"d28948c0-69dc-47cd-a6f0-0046661e5b59\"\r\n}"
    headers:
      cache-control:
      - no-cache
      content-length:
      - '183'
      content-type:
      - application/json; charset=utf-8
      date:
      - Thu, 23 Jun 2022 06:39:22 GMT
      expires:
      - '-1'
      pragma:
      - no-cache
      server:
      - Microsoft-HTTPAPI/2.0
      - Microsoft-HTTPAPI/2.0
      strict-transport-security:
      - max-age=31536000; includeSubDomains
      transfer-encoding:
      - chunked
      vary:
      - Accept-Encoding
      x-content-type-options:
      - nosniff
      x-ms-ratelimit-remaining-resource:
      - Microsoft.Compute/GetOperation3Min;14978,Microsoft.Compute/GetOperation30Min;29858
    status:
      code: 200
      message: OK
- request:
    body: null
    headers:
      Accept:
      - '*/*'
      Accept-Encoding:
      - gzip, deflate
      CommandName:
      - vmss update
      Connection:
      - keep-alive
      ParameterSetName:
      - --name --resource-group --set
      User-Agent:
      - AZURECLI/2.37.0 azsdk-python-azure-mgmt-compute/27.1.0 Python/3.10.5 (Windows-10-10.0.19044-SP0)
    method: GET
    uri: https://management.azure.com/subscriptions/00000000-0000-0000-0000-000000000000/resourceGroups/cli_test_vmss_linux_patch_mode_000001/providers/Microsoft.Compute/virtualMachineScaleSets/clitestvmss000002?api-version=2022-03-01
  response:
    body:
      string: "{\r\n  \"name\": \"clitestvmss000002\",\r\n  \"id\": \"/subscriptions/00000000-0000-0000-0000-000000000000/resourceGroups/cli_test_vmss_linux_patch_mode_000001/providers/Microsoft.Compute/virtualMachineScaleSets/clitestvmss000002\",\r\n
        \ \"type\": \"Microsoft.Compute/virtualMachineScaleSets\",\r\n  \"location\":
        \"westus\",\r\n  \"tags\": {},\r\n  \"sku\": {\r\n    \"name\": \"Standard_DS1_v2\",\r\n
        \   \"tier\": \"Standard\",\r\n    \"capacity\": 0\r\n  },\r\n  \"properties\":
        {\r\n    \"singlePlacementGroup\": false,\r\n    \"orchestrationMode\": \"Flexible\",\r\n
        \   \"virtualMachineProfile\": {\r\n      \"osProfile\": {\r\n        \"computerNamePrefix\":
        \"clitestv\",\r\n        \"adminUsername\": \"vmtest\",\r\n        \"linuxConfiguration\":
        {\r\n          \"disablePasswordAuthentication\": true,\r\n          \"ssh\":
        {\r\n            \"publicKeys\": [\r\n              {\r\n                \"path\":
        \"/home/vmtest/.ssh/authorized_keys\",\r\n                \"keyData\": \"ssh-rsa
        AAAAB3NzaC1yc2EAAAADAQABAAABAQDjehmBZaqPsS1CmwGlcJjueJ1Hc94DJcQmhtywQM+hS9MT4NNYGBo6/Vgzydw8y4/Ex9zD40yIzp90sNm+6pDaoMCQGD4P+YY/TD0BnJYjZsilRefyPK0KC4h4wnJJQ21jrbhgx6svONrDe1rQyk8EzM/O10BQhQw+/nP/rdYPttF8ei4DeaBSVZ3AxVOLT75rCBKXlUuYsBI0J8hTP1VirjIBvzqEbVa03Gt6cvLg8sCLFFkddwt1g9silmt5hSPuBdv+svkHRCDAYLR1pm3KsG7cN7tdqO/VeCbTYq5kbCaSew/EmlVXEpDvFB1HTcyw+R3xDn2mqGmSP8rWQppd\"\r\n
        \             }\r\n            ]\r\n          },\r\n          \"provisionVMAgent\":
        true,\r\n          \"patchSettings\": {\r\n            \"patchMode\": \"AutomaticByPlatform\",\r\n
        \           \"assessmentMode\": \"ImageDefault\"\r\n          },\r\n          \"enableVMAgentPlatformUpdates\":
        false\r\n        },\r\n        \"secrets\": [],\r\n        \"allowExtensionOperations\":
        true,\r\n        \"requireGuestProvisionSignal\": true\r\n      },\r\n      \"storageProfile\":
        {\r\n        \"osDisk\": {\r\n          \"osType\": \"Linux\",\r\n          \"createOption\":
        \"FromImage\",\r\n          \"caching\": \"ReadWrite\",\r\n          \"managedDisk\":
        {\r\n            \"storageAccountType\": \"Premium_LRS\"\r\n          },\r\n
        \         \"diskSizeGB\": 30\r\n        },\r\n        \"imageReference\":
        {\r\n          \"publisher\": \"Canonical\",\r\n          \"offer\": \"UbuntuServer\",\r\n
        \         \"sku\": \"18.04-LTS\",\r\n          \"version\": \"latest\"\r\n
        \       }\r\n      },\r\n      \"networkProfile\": {\"networkApiVersion\":\"2020-11-01\",\"networkInterfaceConfigurations\":[{\"name\":\"clite3966Nic\",\"properties\":{\"primary\":true,\"enableIPForwarding\":false,\"deleteOption\":\"Delete\",\"ipConfigurations\":[{\"name\":\"clite3966IPConfig\",\"properties\":{\"privateIPAddressVersion\":\"IPv4\",\"subnet\":{\"id\":\"/subscriptions/00000000-0000-0000-0000-000000000000/resourceGroups/cli_test_vmss_linux_patch_mode_000001/providers/Microsoft.Network/virtualNetworks/clitestvmss000002VNET/subnets/clitestvmss000002Subnet\"},\"applicationSecurityGroups\":[],\"loadBalancerBackendAddressPools\":[{\"id\":\"/subscriptions/00000000-0000-0000-0000-000000000000/resourceGroups/cli_test_vmss_linux_patch_mode_000001/providers/Microsoft.Network/loadBalancers/clitestvmss000002LB/backendAddressPools/clitestvmss000002LBBEPool\"}],\"applicationGatewayBackendAddressPools\":[]}}],\"networkSecurityGroup\":{\"id\":\"/subscriptions/00000000-0000-0000-0000-000000000000/resourceGroups/cli_test_vmss_linux_patch_mode_000001/providers/Microsoft.Network/networkSecurityGroups/clitestvmss000002NSG\"},\"dnsSettings\":{\"dnsServers\":[]}}}]},\r\n
        \     \"extensionProfile\": {\r\n        \"extensions\": [\r\n          {\r\n
        \           \"name\": \"ApplicationHealthLinux\",\r\n            \"properties\":
        {\r\n              \"autoUpgradeMinorVersion\": true,\r\n              \"publisher\":
        \"Microsoft.ManagedServices\",\r\n              \"type\": \"ApplicationHealthLinux\",\r\n
        \             \"typeHandlerVersion\": \"1.0\",\r\n              \"settings\":
        {\"protocol\":\"http\",\"port\":80,\"requestPath\":\"/healthEndpoint\"}\r\n
        \           }\r\n          }\r\n        ]\r\n      }\r\n    },\r\n    \"provisioningState\":
        \"Succeeded\",\r\n    \"uniqueId\": \"3049f92a-bdce-4b8a-9bec-fd688ff865c5\",\r\n
        \   \"platformFaultDomainCount\": 1,\r\n    \"timeCreated\": \"2022-06-23T06:37:28.7893789+00:00\"\r\n
        \ }\r\n}"
    headers:
      cache-control:
      - no-cache
      content-length:
      - '3906'
      content-type:
      - application/json; charset=utf-8
      date:
      - Thu, 23 Jun 2022 06:39:23 GMT
      expires:
      - '-1'
      pragma:
      - no-cache
      server:
      - Microsoft-HTTPAPI/2.0
      - Microsoft-HTTPAPI/2.0
      strict-transport-security:
      - max-age=31536000; includeSubDomains
      transfer-encoding:
      - chunked
      vary:
      - Accept-Encoding
      x-content-type-options:
      - nosniff
      x-ms-ratelimit-remaining-resource:
      - Microsoft.Compute/GetVMScaleSet3Min;328,Microsoft.Compute/GetVMScaleSet30Min;1984
    status:
      code: 200
      message: OK
- request:
    body: null
    headers:
      Accept:
      - application/json
      Accept-Encoding:
      - gzip, deflate
      CommandName:
      - vmss scale
      Connection:
      - keep-alive
      ParameterSetName:
      - --name --new-capacity --resource-group
      User-Agent:
      - AZURECLI/2.37.0 azsdk-python-azure-mgmt-compute/27.1.0 Python/3.10.5 (Windows-10-10.0.19044-SP0)
    method: GET
    uri: https://management.azure.com/subscriptions/00000000-0000-0000-0000-000000000000/resourceGroups/cli_test_vmss_linux_patch_mode_000001/providers/Microsoft.Compute/virtualMachineScaleSets/clitestvmss000002?api-version=2022-03-01
  response:
    body:
      string: "{\r\n  \"name\": \"clitestvmss000002\",\r\n  \"id\": \"/subscriptions/00000000-0000-0000-0000-000000000000/resourceGroups/cli_test_vmss_linux_patch_mode_000001/providers/Microsoft.Compute/virtualMachineScaleSets/clitestvmss000002\",\r\n
        \ \"type\": \"Microsoft.Compute/virtualMachineScaleSets\",\r\n  \"location\":
        \"westus\",\r\n  \"tags\": {},\r\n  \"sku\": {\r\n    \"name\": \"Standard_DS1_v2\",\r\n
        \   \"tier\": \"Standard\",\r\n    \"capacity\": 0\r\n  },\r\n  \"properties\":
        {\r\n    \"singlePlacementGroup\": false,\r\n    \"orchestrationMode\": \"Flexible\",\r\n
        \   \"virtualMachineProfile\": {\r\n      \"osProfile\": {\r\n        \"computerNamePrefix\":
        \"clitestv\",\r\n        \"adminUsername\": \"vmtest\",\r\n        \"linuxConfiguration\":
        {\r\n          \"disablePasswordAuthentication\": true,\r\n          \"ssh\":
        {\r\n            \"publicKeys\": [\r\n              {\r\n                \"path\":
        \"/home/vmtest/.ssh/authorized_keys\",\r\n                \"keyData\": \"ssh-rsa
        AAAAB3NzaC1yc2EAAAADAQABAAABAQDjehmBZaqPsS1CmwGlcJjueJ1Hc94DJcQmhtywQM+hS9MT4NNYGBo6/Vgzydw8y4/Ex9zD40yIzp90sNm+6pDaoMCQGD4P+YY/TD0BnJYjZsilRefyPK0KC4h4wnJJQ21jrbhgx6svONrDe1rQyk8EzM/O10BQhQw+/nP/rdYPttF8ei4DeaBSVZ3AxVOLT75rCBKXlUuYsBI0J8hTP1VirjIBvzqEbVa03Gt6cvLg8sCLFFkddwt1g9silmt5hSPuBdv+svkHRCDAYLR1pm3KsG7cN7tdqO/VeCbTYq5kbCaSew/EmlVXEpDvFB1HTcyw+R3xDn2mqGmSP8rWQppd\"\r\n
        \             }\r\n            ]\r\n          },\r\n          \"provisionVMAgent\":
        true,\r\n          \"patchSettings\": {\r\n            \"patchMode\": \"AutomaticByPlatform\",\r\n
        \           \"assessmentMode\": \"ImageDefault\"\r\n          },\r\n          \"enableVMAgentPlatformUpdates\":
        false\r\n        },\r\n        \"secrets\": [],\r\n        \"allowExtensionOperations\":
        true,\r\n        \"requireGuestProvisionSignal\": true\r\n      },\r\n      \"storageProfile\":
        {\r\n        \"osDisk\": {\r\n          \"osType\": \"Linux\",\r\n          \"createOption\":
        \"FromImage\",\r\n          \"caching\": \"ReadWrite\",\r\n          \"managedDisk\":
        {\r\n            \"storageAccountType\": \"Premium_LRS\"\r\n          },\r\n
        \         \"diskSizeGB\": 30\r\n        },\r\n        \"imageReference\":
        {\r\n          \"publisher\": \"Canonical\",\r\n          \"offer\": \"UbuntuServer\",\r\n
        \         \"sku\": \"18.04-LTS\",\r\n          \"version\": \"latest\"\r\n
        \       }\r\n      },\r\n      \"networkProfile\": {\"networkApiVersion\":\"2020-11-01\",\"networkInterfaceConfigurations\":[{\"name\":\"clite3966Nic\",\"properties\":{\"primary\":true,\"enableIPForwarding\":false,\"deleteOption\":\"Delete\",\"ipConfigurations\":[{\"name\":\"clite3966IPConfig\",\"properties\":{\"privateIPAddressVersion\":\"IPv4\",\"subnet\":{\"id\":\"/subscriptions/00000000-0000-0000-0000-000000000000/resourceGroups/cli_test_vmss_linux_patch_mode_000001/providers/Microsoft.Network/virtualNetworks/clitestvmss000002VNET/subnets/clitestvmss000002Subnet\"},\"applicationSecurityGroups\":[],\"loadBalancerBackendAddressPools\":[{\"id\":\"/subscriptions/00000000-0000-0000-0000-000000000000/resourceGroups/cli_test_vmss_linux_patch_mode_000001/providers/Microsoft.Network/loadBalancers/clitestvmss000002LB/backendAddressPools/clitestvmss000002LBBEPool\"}],\"applicationGatewayBackendAddressPools\":[]}}],\"networkSecurityGroup\":{\"id\":\"/subscriptions/00000000-0000-0000-0000-000000000000/resourceGroups/cli_test_vmss_linux_patch_mode_000001/providers/Microsoft.Network/networkSecurityGroups/clitestvmss000002NSG\"},\"dnsSettings\":{\"dnsServers\":[]}}}]},\r\n
        \     \"extensionProfile\": {\r\n        \"extensions\": [\r\n          {\r\n
        \           \"name\": \"ApplicationHealthLinux\",\r\n            \"properties\":
        {\r\n              \"autoUpgradeMinorVersion\": true,\r\n              \"publisher\":
        \"Microsoft.ManagedServices\",\r\n              \"type\": \"ApplicationHealthLinux\",\r\n
        \             \"typeHandlerVersion\": \"1.0\",\r\n              \"settings\":
        {\"protocol\":\"http\",\"port\":80,\"requestPath\":\"/healthEndpoint\"}\r\n
        \           }\r\n          }\r\n        ]\r\n      }\r\n    },\r\n    \"provisioningState\":
        \"Succeeded\",\r\n    \"uniqueId\": \"3049f92a-bdce-4b8a-9bec-fd688ff865c5\",\r\n
        \   \"platformFaultDomainCount\": 1,\r\n    \"timeCreated\": \"2022-06-23T06:37:28.7893789+00:00\"\r\n
        \ }\r\n}"
    headers:
      cache-control:
      - no-cache
      content-length:
      - '3906'
      content-type:
      - application/json; charset=utf-8
      date:
      - Thu, 23 Jun 2022 06:39:24 GMT
      expires:
      - '-1'
      pragma:
      - no-cache
      server:
      - Microsoft-HTTPAPI/2.0
      - Microsoft-HTTPAPI/2.0
      strict-transport-security:
      - max-age=31536000; includeSubDomains
      transfer-encoding:
      - chunked
      vary:
      - Accept-Encoding
      x-content-type-options:
      - nosniff
      x-ms-ratelimit-remaining-resource:
      - Microsoft.Compute/GetVMScaleSet3Min;327,Microsoft.Compute/GetVMScaleSet30Min;1983
    status:
      code: 200
      message: OK
- request:
    body: '{"location": "westus", "sku": {"name": "Standard_DS1_v2", "tier": "Standard",
      "capacity": 1}}'
    headers:
      Accept:
      - application/json
      Accept-Encoding:
      - gzip, deflate
      CommandName:
      - vmss scale
      Connection:
      - keep-alive
      Content-Length:
      - '93'
      Content-Type:
      - application/json
      ParameterSetName:
      - --name --new-capacity --resource-group
      User-Agent:
      - AZURECLI/2.37.0 azsdk-python-azure-mgmt-compute/27.1.0 Python/3.10.5 (Windows-10-10.0.19044-SP0)
    method: PUT
    uri: https://management.azure.com/subscriptions/00000000-0000-0000-0000-000000000000/resourceGroups/cli_test_vmss_linux_patch_mode_000001/providers/Microsoft.Compute/virtualMachineScaleSets/clitestvmss000002?api-version=2022-03-01
  response:
    body:
      string: "{\r\n  \"name\": \"clitestvmss000002\",\r\n  \"id\": \"/subscriptions/00000000-0000-0000-0000-000000000000/resourceGroups/cli_test_vmss_linux_patch_mode_000001/providers/Microsoft.Compute/virtualMachineScaleSets/clitestvmss000002\",\r\n
        \ \"type\": \"Microsoft.Compute/virtualMachineScaleSets\",\r\n  \"location\":
        \"westus\",\r\n  \"tags\": {},\r\n  \"sku\": {\r\n    \"name\": \"Standard_DS1_v2\",\r\n
        \   \"tier\": \"Standard\",\r\n    \"capacity\": 1\r\n  },\r\n  \"properties\":
        {\r\n    \"singlePlacementGroup\": false,\r\n    \"orchestrationMode\": \"Flexible\",\r\n
        \   \"virtualMachineProfile\": {\r\n      \"osProfile\": {\r\n        \"computerNamePrefix\":
        \"clitestv\",\r\n        \"adminUsername\": \"vmtest\",\r\n        \"linuxConfiguration\":
        {\r\n          \"disablePasswordAuthentication\": true,\r\n          \"ssh\":
        {\r\n            \"publicKeys\": [\r\n              {\r\n                \"path\":
        \"/home/vmtest/.ssh/authorized_keys\",\r\n                \"keyData\": \"ssh-rsa
        AAAAB3NzaC1yc2EAAAADAQABAAABAQDjehmBZaqPsS1CmwGlcJjueJ1Hc94DJcQmhtywQM+hS9MT4NNYGBo6/Vgzydw8y4/Ex9zD40yIzp90sNm+6pDaoMCQGD4P+YY/TD0BnJYjZsilRefyPK0KC4h4wnJJQ21jrbhgx6svONrDe1rQyk8EzM/O10BQhQw+/nP/rdYPttF8ei4DeaBSVZ3AxVOLT75rCBKXlUuYsBI0J8hTP1VirjIBvzqEbVa03Gt6cvLg8sCLFFkddwt1g9silmt5hSPuBdv+svkHRCDAYLR1pm3KsG7cN7tdqO/VeCbTYq5kbCaSew/EmlVXEpDvFB1HTcyw+R3xDn2mqGmSP8rWQppd\"\r\n
        \             }\r\n            ]\r\n          },\r\n          \"provisionVMAgent\":
        true,\r\n          \"patchSettings\": {\r\n            \"patchMode\": \"AutomaticByPlatform\",\r\n
        \           \"assessmentMode\": \"ImageDefault\"\r\n          },\r\n          \"enableVMAgentPlatformUpdates\":
        false\r\n        },\r\n        \"secrets\": [],\r\n        \"allowExtensionOperations\":
        true,\r\n        \"requireGuestProvisionSignal\": true\r\n      },\r\n      \"storageProfile\":
        {\r\n        \"osDisk\": {\r\n          \"osType\": \"Linux\",\r\n          \"createOption\":
        \"FromImage\",\r\n          \"caching\": \"ReadWrite\",\r\n          \"managedDisk\":
        {\r\n            \"storageAccountType\": \"Premium_LRS\"\r\n          },\r\n
        \         \"diskSizeGB\": 30\r\n        },\r\n        \"imageReference\":
        {\r\n          \"publisher\": \"Canonical\",\r\n          \"offer\": \"UbuntuServer\",\r\n
        \         \"sku\": \"18.04-LTS\",\r\n          \"version\": \"latest\"\r\n
        \       }\r\n      },\r\n      \"networkProfile\": {\"networkApiVersion\":\"2020-11-01\",\"networkInterfaceConfigurations\":[{\"name\":\"clite3966Nic\",\"properties\":{\"primary\":true,\"enableIPForwarding\":false,\"deleteOption\":\"Delete\",\"ipConfigurations\":[{\"name\":\"clite3966IPConfig\",\"properties\":{\"privateIPAddressVersion\":\"IPv4\",\"subnet\":{\"id\":\"/subscriptions/00000000-0000-0000-0000-000000000000/resourceGroups/cli_test_vmss_linux_patch_mode_000001/providers/Microsoft.Network/virtualNetworks/clitestvmss000002VNET/subnets/clitestvmss000002Subnet\"},\"applicationSecurityGroups\":[],\"loadBalancerBackendAddressPools\":[{\"id\":\"/subscriptions/00000000-0000-0000-0000-000000000000/resourceGroups/cli_test_vmss_linux_patch_mode_000001/providers/Microsoft.Network/loadBalancers/clitestvmss000002LB/backendAddressPools/clitestvmss000002LBBEPool\"}],\"applicationGatewayBackendAddressPools\":[]}}],\"networkSecurityGroup\":{\"id\":\"/subscriptions/00000000-0000-0000-0000-000000000000/resourceGroups/cli_test_vmss_linux_patch_mode_000001/providers/Microsoft.Network/networkSecurityGroups/clitestvmss000002NSG\"},\"dnsSettings\":{\"dnsServers\":[]}}}]},\r\n
        \     \"extensionProfile\": {\r\n        \"extensions\": [\r\n          {\r\n
        \           \"name\": \"ApplicationHealthLinux\",\r\n            \"properties\":
        {\r\n              \"autoUpgradeMinorVersion\": true,\r\n              \"publisher\":
        \"Microsoft.ManagedServices\",\r\n              \"type\": \"ApplicationHealthLinux\",\r\n
        \             \"typeHandlerVersion\": \"1.0\",\r\n              \"settings\":
        {\"protocol\":\"http\",\"port\":80,\"requestPath\":\"/healthEndpoint\"}\r\n
        \           }\r\n          }\r\n        ]\r\n      }\r\n    },\r\n    \"provisioningState\":
        \"Updating\",\r\n    \"uniqueId\": \"3049f92a-bdce-4b8a-9bec-fd688ff865c5\",\r\n
        \   \"platformFaultDomainCount\": 1,\r\n    \"timeCreated\": \"2022-06-23T06:37:28.7893789+00:00\"\r\n
        \ }\r\n}"
    headers:
      azure-asyncnotification:
      - Enabled
      azure-asyncoperation:
      - https://management.azure.com/subscriptions/00000000-0000-0000-0000-000000000000/providers/Microsoft.Compute/locations/westus/operations/c798726a-9a5b-4542-aa9b-b69fb17373fd?p=571046f6-b640-41c1-86f7-f9f044b5adf9&api-version=2022-03-01
      cache-control:
      - no-cache
      content-length:
      - '3905'
      content-type:
      - application/json; charset=utf-8
      date:
      - Thu, 23 Jun 2022 06:39:30 GMT
      expires:
      - '-1'
      pragma:
      - no-cache
      server:
      - Microsoft-HTTPAPI/2.0
      - Microsoft-HTTPAPI/2.0
      strict-transport-security:
      - max-age=31536000; includeSubDomains
      transfer-encoding:
      - chunked
      vary:
      - Accept-Encoding
      x-content-type-options:
      - nosniff
      x-ms-ratelimit-remaining-resource:
      - Microsoft.Compute/CreateVMScaleSet3Min;55,Microsoft.Compute/CreateVMScaleSet30Min;287
      x-ms-ratelimit-remaining-subscription-writes:
      - '1196'
    status:
      code: 200
      message: OK
- request:
    body: null
    headers:
      Accept:
      - '*/*'
      Accept-Encoding:
      - gzip, deflate
      CommandName:
      - vmss scale
      Connection:
      - keep-alive
      ParameterSetName:
      - --name --new-capacity --resource-group
      User-Agent:
      - AZURECLI/2.37.0 azsdk-python-azure-mgmt-compute/27.1.0 Python/3.10.5 (Windows-10-10.0.19044-SP0)
    method: GET
    uri: https://management.azure.com/subscriptions/00000000-0000-0000-0000-000000000000/providers/Microsoft.Compute/locations/westus/operations/c798726a-9a5b-4542-aa9b-b69fb17373fd?p=571046f6-b640-41c1-86f7-f9f044b5adf9&api-version=2022-03-01
  response:
    body:
      string: "{\r\n  \"startTime\": \"2022-06-23T06:39:29.3208108+00:00\",\r\n  \"status\":
        \"InProgress\",\r\n  \"name\": \"17c0b189-fad6-4598-b3be-afb70914a251\"\r\n}"
    headers:
      cache-control:
      - no-cache
      content-length:
      - '134'
      content-type:
      - application/json; charset=utf-8
      date:
      - Thu, 23 Jun 2022 06:40:00 GMT
      expires:
      - '-1'
      pragma:
      - no-cache
      server:
      - Microsoft-HTTPAPI/2.0
      - Microsoft-HTTPAPI/2.0
      strict-transport-security:
      - max-age=31536000; includeSubDomains
      transfer-encoding:
      - chunked
      vary:
      - Accept-Encoding
      x-content-type-options:
      - nosniff
      x-ms-ratelimit-remaining-resource:
      - Microsoft.Compute/GetOperation3Min;14974,Microsoft.Compute/GetOperation30Min;29868
    status:
      code: 200
      message: OK
- request:
    body: null
    headers:
      Accept:
      - '*/*'
      Accept-Encoding:
      - gzip, deflate
      CommandName:
      - vmss scale
      Connection:
      - keep-alive
      ParameterSetName:
      - --name --new-capacity --resource-group
      User-Agent:
      - AZURECLI/2.37.0 azsdk-python-azure-mgmt-compute/27.1.0 Python/3.10.5 (Windows-10-10.0.19044-SP0)
    method: GET
    uri: https://management.azure.com/subscriptions/00000000-0000-0000-0000-000000000000/providers/Microsoft.Compute/locations/westus/operations/c798726a-9a5b-4542-aa9b-b69fb17373fd?p=571046f6-b640-41c1-86f7-f9f044b5adf9&api-version=2022-03-01
  response:
    body:
      string: "{\r\n  \"startTime\": \"2022-06-23T06:39:29.3208108+00:00\",\r\n  \"endTime\":
        \"2022-06-23T06:40:11.6177475+00:00\",\r\n  \"status\": \"Succeeded\",\r\n
        \ \"name\": \"17c0b189-fad6-4598-b3be-afb70914a251\"\r\n}"
    headers:
      cache-control:
      - no-cache
      content-length:
      - '184'
      content-type:
      - application/json; charset=utf-8
      date:
      - Thu, 23 Jun 2022 06:40:31 GMT
      expires:
      - '-1'
      pragma:
      - no-cache
      server:
      - Microsoft-HTTPAPI/2.0
      - Microsoft-HTTPAPI/2.0
      strict-transport-security:
      - max-age=31536000; includeSubDomains
      transfer-encoding:
      - chunked
      vary:
      - Accept-Encoding
      x-content-type-options:
      - nosniff
      x-ms-ratelimit-remaining-resource:
      - Microsoft.Compute/GetOperation3Min;14971,Microsoft.Compute/GetOperation30Min;29859
    status:
      code: 200
      message: OK
- request:
    body: null
    headers:
      Accept:
      - '*/*'
      Accept-Encoding:
      - gzip, deflate
      CommandName:
      - vmss scale
      Connection:
      - keep-alive
      ParameterSetName:
      - --name --new-capacity --resource-group
      User-Agent:
      - AZURECLI/2.37.0 azsdk-python-azure-mgmt-compute/27.1.0 Python/3.10.5 (Windows-10-10.0.19044-SP0)
    method: GET
    uri: https://management.azure.com/subscriptions/00000000-0000-0000-0000-000000000000/resourceGroups/cli_test_vmss_linux_patch_mode_000001/providers/Microsoft.Compute/virtualMachineScaleSets/clitestvmss000002?api-version=2022-03-01
  response:
    body:
      string: "{\r\n  \"name\": \"clitestvmss000002\",\r\n  \"id\": \"/subscriptions/00000000-0000-0000-0000-000000000000/resourceGroups/cli_test_vmss_linux_patch_mode_000001/providers/Microsoft.Compute/virtualMachineScaleSets/clitestvmss000002\",\r\n
        \ \"type\": \"Microsoft.Compute/virtualMachineScaleSets\",\r\n  \"location\":
        \"westus\",\r\n  \"tags\": {},\r\n  \"sku\": {\r\n    \"name\": \"Standard_DS1_v2\",\r\n
        \   \"tier\": \"Standard\",\r\n    \"capacity\": 1\r\n  },\r\n  \"properties\":
        {\r\n    \"singlePlacementGroup\": false,\r\n    \"orchestrationMode\": \"Flexible\",\r\n
        \   \"virtualMachineProfile\": {\r\n      \"osProfile\": {\r\n        \"computerNamePrefix\":
        \"clitestv\",\r\n        \"adminUsername\": \"vmtest\",\r\n        \"linuxConfiguration\":
        {\r\n          \"disablePasswordAuthentication\": true,\r\n          \"ssh\":
        {\r\n            \"publicKeys\": [\r\n              {\r\n                \"path\":
        \"/home/vmtest/.ssh/authorized_keys\",\r\n                \"keyData\": \"ssh-rsa
        AAAAB3NzaC1yc2EAAAADAQABAAABAQDjehmBZaqPsS1CmwGlcJjueJ1Hc94DJcQmhtywQM+hS9MT4NNYGBo6/Vgzydw8y4/Ex9zD40yIzp90sNm+6pDaoMCQGD4P+YY/TD0BnJYjZsilRefyPK0KC4h4wnJJQ21jrbhgx6svONrDe1rQyk8EzM/O10BQhQw+/nP/rdYPttF8ei4DeaBSVZ3AxVOLT75rCBKXlUuYsBI0J8hTP1VirjIBvzqEbVa03Gt6cvLg8sCLFFkddwt1g9silmt5hSPuBdv+svkHRCDAYLR1pm3KsG7cN7tdqO/VeCbTYq5kbCaSew/EmlVXEpDvFB1HTcyw+R3xDn2mqGmSP8rWQppd\"\r\n
        \             }\r\n            ]\r\n          },\r\n          \"provisionVMAgent\":
        true,\r\n          \"patchSettings\": {\r\n            \"patchMode\": \"AutomaticByPlatform\",\r\n
        \           \"assessmentMode\": \"ImageDefault\"\r\n          },\r\n          \"enableVMAgentPlatformUpdates\":
        false\r\n        },\r\n        \"secrets\": [],\r\n        \"allowExtensionOperations\":
        true,\r\n        \"requireGuestProvisionSignal\": true\r\n      },\r\n      \"storageProfile\":
        {\r\n        \"osDisk\": {\r\n          \"osType\": \"Linux\",\r\n          \"createOption\":
        \"FromImage\",\r\n          \"caching\": \"ReadWrite\",\r\n          \"managedDisk\":
        {\r\n            \"storageAccountType\": \"Premium_LRS\"\r\n          },\r\n
        \         \"diskSizeGB\": 30\r\n        },\r\n        \"imageReference\":
        {\r\n          \"publisher\": \"Canonical\",\r\n          \"offer\": \"UbuntuServer\",\r\n
        \         \"sku\": \"18.04-LTS\",\r\n          \"version\": \"latest\"\r\n
        \       }\r\n      },\r\n      \"networkProfile\": {\"networkApiVersion\":\"2020-11-01\",\"networkInterfaceConfigurations\":[{\"name\":\"clite3966Nic\",\"properties\":{\"primary\":true,\"enableIPForwarding\":false,\"deleteOption\":\"Delete\",\"ipConfigurations\":[{\"name\":\"clite3966IPConfig\",\"properties\":{\"privateIPAddressVersion\":\"IPv4\",\"subnet\":{\"id\":\"/subscriptions/00000000-0000-0000-0000-000000000000/resourceGroups/cli_test_vmss_linux_patch_mode_000001/providers/Microsoft.Network/virtualNetworks/clitestvmss000002VNET/subnets/clitestvmss000002Subnet\"},\"applicationSecurityGroups\":[],\"loadBalancerBackendAddressPools\":[{\"id\":\"/subscriptions/00000000-0000-0000-0000-000000000000/resourceGroups/cli_test_vmss_linux_patch_mode_000001/providers/Microsoft.Network/loadBalancers/clitestvmss000002LB/backendAddressPools/clitestvmss000002LBBEPool\"}],\"applicationGatewayBackendAddressPools\":[]}}],\"networkSecurityGroup\":{\"id\":\"/subscriptions/00000000-0000-0000-0000-000000000000/resourceGroups/cli_test_vmss_linux_patch_mode_000001/providers/Microsoft.Network/networkSecurityGroups/clitestvmss000002NSG\"},\"dnsSettings\":{\"dnsServers\":[]}}}]},\r\n
        \     \"extensionProfile\": {\r\n        \"extensions\": [\r\n          {\r\n
        \           \"name\": \"ApplicationHealthLinux\",\r\n            \"properties\":
        {\r\n              \"autoUpgradeMinorVersion\": true,\r\n              \"publisher\":
        \"Microsoft.ManagedServices\",\r\n              \"type\": \"ApplicationHealthLinux\",\r\n
        \             \"typeHandlerVersion\": \"1.0\",\r\n              \"settings\":
        {\"protocol\":\"http\",\"port\":80,\"requestPath\":\"/healthEndpoint\"}\r\n
        \           }\r\n          }\r\n        ]\r\n      }\r\n    },\r\n    \"provisioningState\":
        \"Succeeded\",\r\n    \"uniqueId\": \"3049f92a-bdce-4b8a-9bec-fd688ff865c5\",\r\n
        \   \"platformFaultDomainCount\": 1,\r\n    \"timeCreated\": \"2022-06-23T06:37:28.7893789+00:00\"\r\n
        \ }\r\n}"
    headers:
      cache-control:
      - no-cache
      content-length:
      - '3906'
      content-type:
      - application/json; charset=utf-8
      date:
      - Thu, 23 Jun 2022 06:40:32 GMT
      expires:
      - '-1'
      pragma:
      - no-cache
      server:
      - Microsoft-HTTPAPI/2.0
      - Microsoft-HTTPAPI/2.0
      strict-transport-security:
      - max-age=31536000; includeSubDomains
      transfer-encoding:
      - chunked
      vary:
      - Accept-Encoding
      x-content-type-options:
      - nosniff
      x-ms-ratelimit-remaining-resource:
      - Microsoft.Compute/GetVMScaleSet3Min;332,Microsoft.Compute/GetVMScaleSet30Min;2059
    status:
      code: 200
      message: OK
- request:
    body: null
    headers:
      Accept:
      - application/json
      Accept-Encoding:
      - gzip, deflate
      CommandName:
      - vmss list-instances
      Connection:
      - keep-alive
      ParameterSetName:
      - -g -n
      User-Agent:
      - AZURECLI/2.37.0 azsdk-python-azure-mgmt-compute/27.1.0 Python/3.10.5 (Windows-10-10.0.19044-SP0)
    method: GET
    uri: https://management.azure.com/subscriptions/00000000-0000-0000-0000-000000000000/resourceGroups/cli_test_vmss_linux_patch_mode_000001/providers/Microsoft.Compute/virtualMachineScaleSets/clitestvmss000002/virtualMachines?api-version=2022-03-01
  response:
    body:
      string: "{\r\n  \"value\": [\r\n    {\r\n      \"name\": \"clitestvmss000002_3a74db30\",\r\n
        \     \"id\": \"/subscriptions/00000000-0000-0000-0000-000000000000/resourceGroups/cli_test_vmss_linux_patch_mode_000001/providers/Microsoft.Compute/virtualMachineScaleSets/clitestvmss000002/virtualMachines/clitestvmss000002_3a74db30\",\r\n
        \     \"type\": \"Microsoft.Compute/virtualMachineScaleSets/virtualMachines\",\r\n
        \     \"location\": \"westus\"\r\n    }\r\n  ]\r\n}"
    headers:
      cache-control:
      - no-cache
      content-length:
      - '420'
      content-type:
      - application/json; charset=utf-8
      date:
      - Thu, 23 Jun 2022 06:40:34 GMT
      expires:
      - '-1'
      pragma:
      - no-cache
      server:
      - Microsoft-HTTPAPI/2.0
      - Microsoft-HTTPAPI/2.0
      strict-transport-security:
      - max-age=31536000; includeSubDomains
      transfer-encoding:
      - chunked
      vary:
      - Accept-Encoding
      x-content-type-options:
      - nosniff
      x-ms-ratelimit-remaining-resource:
      - Microsoft.Compute/HighCostGetVMScaleSet3Min;178,Microsoft.Compute/HighCostGetVMScaleSet30Min;889,Microsoft.Compute/VMScaleSetVMViews3Min;4997
      x-ms-request-charge:
      - '1'
    status:
      code: 200
      message: OK
- request:
    body: null
    headers:
      Accept:
      - application/json
      Accept-Encoding:
      - gzip, deflate
      CommandName:
      - vm show
      Connection:
      - keep-alive
      ParameterSetName:
      - -g -n
      User-Agent:
      - AZURECLI/2.37.0 azsdk-python-azure-mgmt-compute/27.1.0 Python/3.10.5 (Windows-10-10.0.19044-SP0)
    method: GET
    uri: https://management.azure.com/subscriptions/00000000-0000-0000-0000-000000000000/resourceGroups/cli_test_vmss_linux_patch_mode_000001/providers/Microsoft.Compute/virtualMachines/clitestvmss000002_3a74db30?api-version=2022-03-01
  response:
    body:
      string: "{\r\n  \"name\": \"clitestvmss000002_3a74db30\",\r\n  \"id\": \"/subscriptions/00000000-0000-0000-0000-000000000000/resourceGroups/cli_test_vmss_linux_patch_mode_000001/providers/Microsoft.Compute/virtualMachines/clitestvmss000002_3a74db30\",\r\n
        \ \"type\": \"Microsoft.Compute/virtualMachines\",\r\n  \"location\": \"westus\",\r\n
        \ \"tags\": {},\r\n  \"properties\": {\r\n    \"vmId\": \"e3112280-5786-4e0b-bffd-c454784debbd\",\r\n
        \   \"virtualMachineScaleSet\": {\r\n      \"id\": \"/subscriptions/00000000-0000-0000-0000-000000000000/resourceGroups/cli_test_vmss_linux_patch_mode_000001/providers/Microsoft.Compute/virtualMachineScaleSets/clitestvmss000002\"\r\n
        \   },\r\n    \"hardwareProfile\": {\r\n      \"vmSize\": \"Standard_DS1_v2\"\r\n
        \   },\r\n    \"storageProfile\": {\r\n      \"imageReference\": {\r\n        \"publisher\":
        \"Canonical\",\r\n        \"offer\": \"UbuntuServer\",\r\n        \"sku\":
        \"18.04-LTS\",\r\n        \"version\": \"latest\",\r\n        \"exactVersion\":
        \"18.04.202206150\"\r\n      },\r\n      \"osDisk\": {\r\n        \"osType\":
        \"Linux\",\r\n        \"name\": \"clitestvmss000002_3a74db30_disk1_14e054bbe0624106b63cfa9e603fad8b\",\r\n
        \       \"createOption\": \"FromImage\",\r\n        \"caching\": \"ReadWrite\",\r\n
        \       \"managedDisk\": {\r\n          \"storageAccountType\": \"Premium_LRS\",\r\n
        \         \"id\": \"/subscriptions/00000000-0000-0000-0000-000000000000/resourceGroups/cli_test_vmss_linux_patch_mode_000001/providers/Microsoft.Compute/disks/clitestvmss000002_3a74db30_disk1_14e054bbe0624106b63cfa9e603fad8b\"\r\n
        \       },\r\n        \"deleteOption\": \"Delete\",\r\n        \"diskSizeGB\":
        30\r\n      },\r\n      \"dataDisks\": []\r\n    },\r\n    \"osProfile\":
        {\r\n      \"computerName\": \"clitestvG7WLDC\",\r\n      \"adminUsername\":
        \"vmtest\",\r\n      \"linuxConfiguration\": {\r\n        \"disablePasswordAuthentication\":
        true,\r\n        \"ssh\": {\r\n          \"publicKeys\": [\r\n            {\r\n
        \             \"path\": \"/home/vmtest/.ssh/authorized_keys\",\r\n              \"keyData\":
        \"ssh-rsa AAAAB3NzaC1yc2EAAAADAQABAAABAQDjehmBZaqPsS1CmwGlcJjueJ1Hc94DJcQmhtywQM+hS9MT4NNYGBo6/Vgzydw8y4/Ex9zD40yIzp90sNm+6pDaoMCQGD4P+YY/TD0BnJYjZsilRefyPK0KC4h4wnJJQ21jrbhgx6svONrDe1rQyk8EzM/O10BQhQw+/nP/rdYPttF8ei4DeaBSVZ3AxVOLT75rCBKXlUuYsBI0J8hTP1VirjIBvzqEbVa03Gt6cvLg8sCLFFkddwt1g9silmt5hSPuBdv+svkHRCDAYLR1pm3KsG7cN7tdqO/VeCbTYq5kbCaSew/EmlVXEpDvFB1HTcyw+R3xDn2mqGmSP8rWQppd\"\r\n
        \           }\r\n          ]\r\n        },\r\n        \"provisionVMAgent\":
        true,\r\n        \"patchSettings\": {\r\n          \"patchMode\": \"AutomaticByPlatform\",\r\n
        \         \"assessmentMode\": \"ImageDefault\"\r\n        },\r\n        \"enableVMAgentPlatformUpdates\":
        false\r\n      },\r\n      \"secrets\": [],\r\n      \"allowExtensionOperations\":
        true,\r\n      \"requireGuestProvisionSignal\": true\r\n    },\r\n    \"networkProfile\":
        {\"networkInterfaces\":[{\"id\":\"/subscriptions/00000000-0000-0000-0000-000000000000/resourceGroups/cli_test_vmss_linux_patch_mode_000001/providers/Microsoft.Network/networkInterfaces/clite3966Nic-7f6a1c41\",\"properties\":{\"primary\":true,\"deleteOption\":\"Delete\"}}]},\r\n
        \   \"provisioningState\": \"Succeeded\",\r\n    \"timeCreated\": \"2022-06-23T06:39:30.6801942+00:00\"\r\n
        \ },\r\n  \"resources\": [\r\n    {\r\n      \"name\": \"ApplicationHealthLinux\",\r\n
        \     \"id\": \"/subscriptions/00000000-0000-0000-0000-000000000000/resourceGroups/cli_test_vmss_linux_patch_mode_000001/providers/Microsoft.Compute/virtualMachines/clitestvmss000002_3a74db30/extensions/ApplicationHealthLinux\",\r\n
        \     \"type\": \"Microsoft.Compute/virtualMachines/extensions\",\r\n      \"location\":
        \"westus\",\r\n      \"properties\": {\r\n        \"autoUpgradeMinorVersion\":
        true,\r\n        \"provisioningState\": \"Succeeded\",\r\n        \"publisher\":
        \"Microsoft.ManagedServices\",\r\n        \"type\": \"ApplicationHealthLinux\",\r\n
        \       \"typeHandlerVersion\": \"1.0\",\r\n        \"settings\": {\"protocol\":\"http\",\"port\":80,\"requestPath\":\"/healthEndpoint\"}\r\n
        \     }\r\n    }\r\n  ]\r\n}"
    headers:
      cache-control:
      - no-cache
      content-length:
      - '3735'
      content-type:
      - application/json; charset=utf-8
      date:
      - Thu, 23 Jun 2022 06:40:36 GMT
      expires:
      - '-1'
      pragma:
      - no-cache
      server:
      - Microsoft-HTTPAPI/2.0
      - Microsoft-HTTPAPI/2.0
      strict-transport-security:
      - max-age=31536000; includeSubDomains
      transfer-encoding:
      - chunked
      vary:
      - Accept-Encoding
      x-content-type-options:
      - nosniff
      x-ms-ratelimit-remaining-resource:
      - Microsoft.Compute/LowCostGet3Min;3916,Microsoft.Compute/LowCostGet30Min;31175
    status:
      code: 200
      message: OK
version: 1
