interactions:
- request:
    body: null
    headers:
      Accept:
      - application/json
      Accept-Encoding:
      - gzip, deflate
      CommandName:
      - vmss create
      Connection:
      - keep-alive
      ParameterSetName:
      - -g -n --image
      User-Agent:
      - AZURECLI/2.27.0 azsdk-python-azure-mgmt-resource/18.0.0 Python/3.8.1 (Windows-10-10.0.19041-SP0)
    method: GET
    uri: https://management.azure.com/subscriptions/00000000-0000-0000-0000-000000000000/resourcegroups/cli_test_vmss_reimage_000001?api-version=2021-04-01
  response:
    body:
      string: '{"id":"/subscriptions/00000000-0000-0000-0000-000000000000/resourceGroups/cli_test_vmss_reimage_000001","name":"cli_test_vmss_reimage_000001","type":"Microsoft.Resources/resourceGroups","location":"westus","tags":{"product":"azurecli","cause":"automation","date":"2021-08-05T16:30:00Z","StorageType":"Standard_LRS","type":"test"},"properties":{"provisioningState":"Succeeded"}}'
    headers:
      cache-control:
      - no-cache
      content-length:
      - '471'
      content-type:
      - application/json; charset=utf-8
      date:
      - Thu, 05 Aug 2021 16:31:30 GMT
      expires:
      - '-1'
      pragma:
      - no-cache
      strict-transport-security:
      - max-age=31536000; includeSubDomains
      vary:
      - Accept-Encoding
      x-content-type-options:
      - nosniff
    status:
      code: 200
      message: OK
- request:
    body: null
    headers:
      Accept:
      - '*/*'
      Accept-Encoding:
      - gzip, deflate
      Connection:
      - keep-alive
      User-Agent:
      - python-requests/2.26.0
    method: GET
    uri: https://raw.githubusercontent.com/Azure/azure-rest-api-specs/master/arm-compute/quickstart-templates/aliases.json
  response:
    body:
      string: "{\n  \"$schema\": \"http://schema.management.azure.com/schemas/2015-01-01/deploymentTemplate.json\",\n
        \ \"contentVersion\": \"1.0.0.0\",\n  \"parameters\": {},\n  \"variables\":
        {},\n  \"resources\": [],\n  \"outputs\": {\n    \"aliases\": {\n      \"type\":
        \"object\",\n      \"value\": {\n        \"Linux\": {\n          \"CentOS\":
        {\n            \"publisher\": \"OpenLogic\",\n            \"offer\": \"CentOS\",\n
        \           \"sku\": \"7.5\",\n            \"version\": \"latest\"\n          },\n
        \         \"Debian\": {\n            \"publisher\": \"Debian\",\n            \"offer\":
        \"debian-10\",\n            \"sku\": \"10\",\n            \"version\": \"latest\"\n
        \         },\n          \"Flatcar\": {\n            \"publisher\": \"kinvolk\",\n
        \           \"offer\": \"flatcar-container-linux-free\",\n            \"sku\":
        \"stable\",\n            \"version\": \"latest\"\n          },\n          \"openSUSE-Leap\":
        {\n            \"publisher\": \"SUSE\",\n            \"offer\": \"openSUSE-Leap\",\n
        \           \"sku\": \"42.3\",\n            \"version\": \"latest\"\n          },\n
        \         \"RHEL\": {\n            \"publisher\": \"RedHat\",\n            \"offer\":
        \"RHEL\",\n            \"sku\": \"7-LVM\",\n            \"version\": \"latest\"\n
        \         },\n          \"SLES\": {\n            \"publisher\": \"SUSE\",\n
        \           \"offer\": \"SLES\",\n            \"sku\": \"15\",\n            \"version\":
        \"latest\"\n          },\n          \"UbuntuLTS\": {\n            \"publisher\":
        \"Canonical\",\n            \"offer\": \"UbuntuServer\",\n            \"sku\":
        \"18.04-LTS\",\n            \"version\": \"latest\"\n          }\n        },\n
        \       \"Windows\": {\n          \"Win2019Datacenter\": {\n            \"publisher\":
        \"MicrosoftWindowsServer\",\n            \"offer\": \"WindowsServer\",\n            \"sku\":
        \"2019-Datacenter\",\n            \"version\": \"latest\"\n          },\n
        \         \"Win2016Datacenter\": {\n            \"publisher\": \"MicrosoftWindowsServer\",\n
        \           \"offer\": \"WindowsServer\",\n            \"sku\": \"2016-Datacenter\",\n
        \           \"version\": \"latest\"\n          },\n          \"Win2012R2Datacenter\":
        {\n            \"publisher\": \"MicrosoftWindowsServer\",\n            \"offer\":
        \"WindowsServer\",\n            \"sku\": \"2012-R2-Datacenter\",\n            \"version\":
        \"latest\"\n          },\n          \"Win2012Datacenter\": {\n            \"publisher\":
        \"MicrosoftWindowsServer\",\n            \"offer\": \"WindowsServer\",\n            \"sku\":
        \"2012-Datacenter\",\n            \"version\": \"latest\"\n          },\n
        \         \"Win2008R2SP1\": {\n            \"publisher\": \"MicrosoftWindowsServer\",\n
        \           \"offer\": \"WindowsServer\",\n            \"sku\": \"2008-R2-SP1\",\n
        \           \"version\": \"latest\"\n          }\n        }\n      }\n    }\n
        \ }\n}\n"
    headers:
      accept-ranges:
      - bytes
      access-control-allow-origin:
      - '*'
      cache-control:
      - max-age=300
      connection:
      - keep-alive
      content-length:
      - '2525'
      content-security-policy:
      - default-src 'none'; style-src 'unsafe-inline'; sandbox
      content-type:
      - text/plain; charset=utf-8
      date:
      - Thu, 05 Aug 2021 16:31:31 GMT
      etag:
      - W/"54bceef15b892f2aa7f4c2145a49f1b5e33608722acdbb47933d7b6cbebbd7f4"
      expires:
      - Thu, 05 Aug 2021 16:36:31 GMT
      source-age:
      - '10'
      strict-transport-security:
      - max-age=31536000
      vary:
      - Authorization,Accept-Encoding
      via:
      - 1.1 varnish
      x-cache:
      - HIT
      x-cache-hits:
      - '1'
      x-content-type-options:
      - nosniff
      x-fastly-request-id:
      - 003e5384f8a0305aef5a8722e3a60da534067c05
      x-frame-options:
      - deny
      x-github-request-id:
      - E09C:382D:235A37:2AECD1:610C1106
      x-served-by:
      - cache-hkg17932-HKG
      x-timer:
      - S1628181091.460046,VS0,VE1
      x-xss-protection:
      - 1; mode=block
    status:
      code: 200
      message: OK
- request:
    body: null
    headers:
      Accept:
      - application/json, text/json
      Accept-Encoding:
      - gzip, deflate
      CommandName:
      - vmss create
      Connection:
      - keep-alive
      ParameterSetName:
      - -g -n --image
      User-Agent:
      - AZURECLI/2.27.0 azsdk-python-azure-mgmt-network/19.0.0 Python/3.8.1 (Windows-10-10.0.19041-SP0)
    method: GET
    uri: https://management.azure.com/subscriptions/00000000-0000-0000-0000-000000000000/resourceGroups/cli_test_vmss_reimage_000001/providers/Microsoft.Network/virtualNetworks?api-version=2018-01-01
  response:
    body:
      string: '{"value":[]}'
    headers:
      cache-control:
      - no-cache
      content-length:
      - '12'
      content-type:
      - application/json; charset=utf-8
      date:
      - Thu, 05 Aug 2021 16:31:31 GMT
      expires:
      - '-1'
      pragma:
      - no-cache
      strict-transport-security:
      - max-age=31536000; includeSubDomains
      vary:
      - Accept-Encoding
      x-content-type-options:
      - nosniff
    status:
      code: 200
      message: OK
- request:
    body: '{"properties": {"template": {"$schema": "https://schema.management.azure.com/schemas/2015-01-01/deploymentTemplate.json#",
      "contentVersion": "1.0.0.0", "parameters": {}, "variables": {}, "resources":
      [{"name": "vmss1VNET", "type": "Microsoft.Network/virtualNetworks", "location":
      "westus", "apiVersion": "2015-06-15", "dependsOn": [], "tags": {}, "properties":
      {"addressSpace": {"addressPrefixes": ["10.0.0.0/16"]}, "subnets": [{"name":
      "vmss1Subnet", "properties": {"addressPrefix": "10.0.0.0/24"}}]}}, {"apiVersion":
      "2018-01-01", "type": "Microsoft.Network/publicIPAddresses", "name": "vmss1LBPublicIP",
      "location": "westus", "tags": {}, "dependsOn": [], "properties": {"publicIPAllocationMethod":
      "Dynamic"}}, {"type": "Microsoft.Network/loadBalancers", "name": "vmss1LB",
      "location": "westus", "tags": {}, "apiVersion": "2018-01-01", "dependsOn": ["Microsoft.Network/virtualNetworks/vmss1VNET",
      "Microsoft.Network/publicIpAddresses/vmss1LBPublicIP"], "properties": {"backendAddressPools":
      [{"name": "vmss1LBBEPool"}], "inboundNatPools": [{"name": "vmss1LBNatPool",
      "properties": {"frontendIPConfiguration": {"id": "[concat(resourceId(''Microsoft.Network/loadBalancers'',
      ''vmss1LB''), ''/frontendIPConfigurations/'', ''loadBalancerFrontEnd'')]"},
      "protocol": "tcp", "frontendPortRangeStart": "50000", "frontendPortRangeEnd":
      "50119", "backendPort": 22}}], "frontendIPConfigurations": [{"name": "loadBalancerFrontEnd",
      "properties": {"publicIPAddress": {"id": "/subscriptions/00000000-0000-0000-0000-000000000000/resourceGroups/cli_test_vmss_reimage_000001/providers/Microsoft.Network/publicIPAddresses/vmss1LBPublicIP"}}}]}},
      {"type": "Microsoft.Compute/virtualMachineScaleSets", "name": "vmss1", "location":
      "westus", "tags": {}, "apiVersion": "2021-04-01", "dependsOn": ["Microsoft.Network/virtualNetworks/vmss1VNET",
      "Microsoft.Network/loadBalancers/vmss1LB"], "properties": {"overprovision":
      true, "upgradePolicy": {"mode": "manual", "rollingUpgradePolicy": {}}, "singlePlacementGroup":
      null, "virtualMachineProfile": {"storageProfile": {"osDisk": {"createOption":
      "FromImage", "caching": "ReadWrite", "managedDisk": {"storageAccountType": null}},
      "imageReference": {"publisher": "OpenLogic", "offer": "CentOS", "sku": "7.5",
      "version": "latest"}}, "osProfile": {"computerNamePrefix": "vmss16a1d", "adminUsername":
      "zhoxing", "linuxConfiguration": {"disablePasswordAuthentication": true, "ssh":
      {"publicKeys": [{"path": "/home/zhoxing/.ssh/authorized_keys", "keyData": "ssh-rsa
      AAAAB3NzaC1yc2EAAAADAQABAAABgQDdfdN+YWbkBS84r36yJbgfTI+Gx1W/ErinzCGvXBeO0S8F8JBc45BGTSaNmgOiqVMef3L9Dne7xUv6CwK+NaPRF23B2Sfv1VT1RWjKzgsgLAGiMvMuXA8/BfnKyQU43P6ImgXW/89E8OE9tS2TYLWiSSOjSTiCDnH+bJOw0Gqb25CLhZiahL1lS8MPuZHQaLa71GGUJS93GeBBF6eM2aFKitdFif38RsHxwY/aLlKhjwuy0XPI/4HcIHJR9uyEiFsPQXZMbFPwfvTWyRQDqS0KfxgFXtoVQgaNq74zJv94JdqDykoXYrempJU33jCC06vi39u+xZHAdAagp6e8z/WQc7fIPEOoKqNBKO3UhjXfLfHsxM9QvEiE2kL1xBekS9XrzqSvYZBi4tiSiLAYajOdI5dlv9HgvRTdCtnfF6v8iVGpwql/B1OTOn/A9uCmRIu3o9aMjsQoegqGX6e+h7omfVaExdClXOrW1Qi5l9mUSDLJgsGm1sT9nLaVJlPotFM=
      Zhou.Xing@microsoft.com\n"}]}}}, "networkProfile": {"networkInterfaceConfigurations":
      [{"name": "vmss16a1dNic", "properties": {"ipConfigurations": [{"name": "vmss16a1dIPConfig",
      "properties": {"subnet": {"id": "/subscriptions/00000000-0000-0000-0000-000000000000/resourceGroups/cli_test_vmss_reimage_000001/providers/Microsoft.Network/virtualNetworks/vmss1VNET/subnets/vmss1Subnet"},
      "loadBalancerBackendAddressPools": [{"id": "/subscriptions/00000000-0000-0000-0000-000000000000/resourceGroups/cli_test_vmss_reimage_000001/providers/Microsoft.Network/loadBalancers/vmss1LB/backendAddressPools/vmss1LBBEPool"}],
      "loadBalancerInboundNatPools": [{"id": "/subscriptions/00000000-0000-0000-0000-000000000000/resourceGroups/cli_test_vmss_reimage_000001/providers/Microsoft.Network/loadBalancers/vmss1LB/inboundNatPools/vmss1LBNatPool"}]}}],
      "primary": "true"}}]}}, "orchestrationMode": "Uniform"}, "sku": {"name": "Standard_DS1_v2",
      "capacity": 2}}], "outputs": {"VMSS": {"type": "object", "value": "[reference(resourceId(''Microsoft.Compute/virtualMachineScaleSets'',
      ''vmss1''),providers(''Microsoft.Compute'', ''virtualMachineScaleSets'').apiVersions[0])]"}}},
      "parameters": {}, "mode": "incremental"}}'
    headers:
      Accept:
      - application/json
      Accept-Encoding:
      - gzip, deflate
      CommandName:
      - vmss create
      Connection:
      - keep-alive
      Content-Length:
      - '4404'
      Content-Type:
      - application/json
      ParameterSetName:
      - -g -n --image
      User-Agent:
      - AZURECLI/2.27.0 azsdk-python-azure-mgmt-resource/18.0.0 Python/3.8.1 (Windows-10-10.0.19041-SP0)
    method: PUT
    uri: https://management.azure.com/subscriptions/00000000-0000-0000-0000-000000000000/resourcegroups/cli_test_vmss_reimage_000001/providers/Microsoft.Resources/deployments/mock-deployment?api-version=2021-04-01
  response:
    body:
      string: '{"id":"/subscriptions/00000000-0000-0000-0000-000000000000/resourceGroups/cli_test_vmss_reimage_000001/providers/Microsoft.Resources/deployments/vmss_deploy_mZWHNhKKCMWaRq4uvp12NWEnTvbbwzAj","name":"vmss_deploy_mZWHNhKKCMWaRq4uvp12NWEnTvbbwzAj","type":"Microsoft.Resources/deployments","properties":{"templateHash":"601078721604261429","parameters":{},"mode":"Incremental","provisioningState":"Accepted","timestamp":"2021-08-05T16:31:36.8983028Z","duration":"PT2.0637864S","correlationId":"8c17f574-7819-4688-96fb-9d09489bda88","providers":[{"namespace":"Microsoft.Network","resourceTypes":[{"resourceType":"virtualNetworks","locations":["westus"]},{"resourceType":"publicIPAddresses","locations":["westus"]},{"resourceType":"loadBalancers","locations":["westus"]}]},{"namespace":"Microsoft.Compute","resourceTypes":[{"resourceType":"virtualMachineScaleSets","locations":["westus"]}]}],"dependencies":[{"dependsOn":[{"id":"/subscriptions/00000000-0000-0000-0000-000000000000/resourceGroups/cli_test_vmss_reimage_000001/providers/Microsoft.Network/virtualNetworks/vmss1VNET","resourceType":"Microsoft.Network/virtualNetworks","resourceName":"vmss1VNET"},{"id":"/subscriptions/00000000-0000-0000-0000-000000000000/resourceGroups/cli_test_vmss_reimage_000001/providers/Microsoft.Network/publicIPAddresses/vmss1LBPublicIP","resourceType":"Microsoft.Network/publicIPAddresses","resourceName":"vmss1LBPublicIP"}],"id":"/subscriptions/00000000-0000-0000-0000-000000000000/resourceGroups/cli_test_vmss_reimage_000001/providers/Microsoft.Network/loadBalancers/vmss1LB","resourceType":"Microsoft.Network/loadBalancers","resourceName":"vmss1LB"},{"dependsOn":[{"id":"/subscriptions/00000000-0000-0000-0000-000000000000/resourceGroups/cli_test_vmss_reimage_000001/providers/Microsoft.Network/virtualNetworks/vmss1VNET","resourceType":"Microsoft.Network/virtualNetworks","resourceName":"vmss1VNET"},{"id":"/subscriptions/00000000-0000-0000-0000-000000000000/resourceGroups/cli_test_vmss_reimage_000001/providers/Microsoft.Network/loadBalancers/vmss1LB","resourceType":"Microsoft.Network/loadBalancers","resourceName":"vmss1LB"}],"id":"/subscriptions/00000000-0000-0000-0000-000000000000/resourceGroups/cli_test_vmss_reimage_000001/providers/Microsoft.Compute/virtualMachineScaleSets/vmss1","resourceType":"Microsoft.Compute/virtualMachineScaleSets","resourceName":"vmss1"}]}}'
    headers:
      azure-asyncoperation:
      - https://management.azure.com/subscriptions/00000000-0000-0000-0000-000000000000/resourcegroups/cli_test_vmss_reimage_000001/providers/Microsoft.Resources/deployments/vmss_deploy_mZWHNhKKCMWaRq4uvp12NWEnTvbbwzAj/operationStatuses/08585734257906431147?api-version=2021-04-01
      cache-control:
      - no-cache
      content-length:
      - '2691'
      content-type:
      - application/json; charset=utf-8
      date:
      - Thu, 05 Aug 2021 16:31:38 GMT
      expires:
      - '-1'
      pragma:
      - no-cache
      strict-transport-security:
      - max-age=31536000; includeSubDomains
      x-content-type-options:
      - nosniff
      x-ms-ratelimit-remaining-subscription-writes:
      - '1182'
    status:
      code: 201
      message: Created
- request:
    body: null
    headers:
      Accept:
      - '*/*'
      Accept-Encoding:
      - gzip, deflate
      CommandName:
      - vmss create
      Connection:
      - keep-alive
      ParameterSetName:
      - -g -n --image
      User-Agent:
      - AZURECLI/2.27.0 azsdk-python-azure-mgmt-resource/18.0.0 Python/3.8.1 (Windows-10-10.0.19041-SP0)
    method: GET
    uri: https://management.azure.com/subscriptions/00000000-0000-0000-0000-000000000000/resourcegroups/cli_test_vmss_reimage_000001/providers/Microsoft.Resources/deployments/mock-deployment/operationStatuses/08585734257906431147?api-version=2021-04-01
  response:
    body:
      string: '{"status":"Running"}'
    headers:
      cache-control:
      - no-cache
      content-length:
      - '20'
      content-type:
      - application/json; charset=utf-8
      date:
      - Thu, 05 Aug 2021 16:32:09 GMT
      expires:
      - '-1'
      pragma:
      - no-cache
      strict-transport-security:
      - max-age=31536000; includeSubDomains
      vary:
      - Accept-Encoding
      x-content-type-options:
      - nosniff
    status:
      code: 200
      message: OK
- request:
    body: null
    headers:
      Accept:
      - '*/*'
      Accept-Encoding:
      - gzip, deflate
      CommandName:
      - vmss create
      Connection:
      - keep-alive
      ParameterSetName:
      - -g -n --image
      User-Agent:
      - AZURECLI/2.27.0 azsdk-python-azure-mgmt-resource/18.0.0 Python/3.8.1 (Windows-10-10.0.19041-SP0)
    method: GET
    uri: https://management.azure.com/subscriptions/00000000-0000-0000-0000-000000000000/resourcegroups/cli_test_vmss_reimage_000001/providers/Microsoft.Resources/deployments/mock-deployment/operationStatuses/08585734257906431147?api-version=2021-04-01
  response:
    body:
      string: '{"status":"Running"}'
    headers:
      cache-control:
      - no-cache
      content-length:
      - '20'
      content-type:
      - application/json; charset=utf-8
      date:
      - Thu, 05 Aug 2021 16:32:40 GMT
      expires:
      - '-1'
      pragma:
      - no-cache
      strict-transport-security:
      - max-age=31536000; includeSubDomains
      vary:
      - Accept-Encoding
      x-content-type-options:
      - nosniff
    status:
      code: 200
      message: OK
- request:
    body: null
    headers:
      Accept:
      - '*/*'
      Accept-Encoding:
      - gzip, deflate
      CommandName:
      - vmss create
      Connection:
      - keep-alive
      ParameterSetName:
      - -g -n --image
      User-Agent:
      - AZURECLI/2.27.0 azsdk-python-azure-mgmt-resource/18.0.0 Python/3.8.1 (Windows-10-10.0.19041-SP0)
    method: GET
    uri: https://management.azure.com/subscriptions/00000000-0000-0000-0000-000000000000/resourcegroups/cli_test_vmss_reimage_000001/providers/Microsoft.Resources/deployments/mock-deployment/operationStatuses/08585734257906431147?api-version=2021-04-01
  response:
    body:
      string: '{"status":"Succeeded"}'
    headers:
      cache-control:
      - no-cache
      content-length:
      - '22'
      content-type:
      - application/json; charset=utf-8
      date:
      - Thu, 05 Aug 2021 16:33:10 GMT
      expires:
      - '-1'
      pragma:
      - no-cache
      strict-transport-security:
      - max-age=31536000; includeSubDomains
      vary:
      - Accept-Encoding
      x-content-type-options:
      - nosniff
    status:
      code: 200
      message: OK
- request:
    body: null
    headers:
      Accept:
      - '*/*'
      Accept-Encoding:
      - gzip, deflate
      CommandName:
      - vmss create
      Connection:
      - keep-alive
      ParameterSetName:
      - -g -n --image
      User-Agent:
      - AZURECLI/2.27.0 azsdk-python-azure-mgmt-resource/18.0.0 Python/3.8.1 (Windows-10-10.0.19041-SP0)
    method: GET
    uri: https://management.azure.com/subscriptions/00000000-0000-0000-0000-000000000000/resourcegroups/cli_test_vmss_reimage_000001/providers/Microsoft.Resources/deployments/mock-deployment?api-version=2021-04-01
  response:
    body:
      string: '{"id":"/subscriptions/00000000-0000-0000-0000-000000000000/resourceGroups/cli_test_vmss_reimage_000001/providers/Microsoft.Resources/deployments/vmss_deploy_mZWHNhKKCMWaRq4uvp12NWEnTvbbwzAj","name":"vmss_deploy_mZWHNhKKCMWaRq4uvp12NWEnTvbbwzAj","type":"Microsoft.Resources/deployments","properties":{"templateHash":"601078721604261429","parameters":{},"mode":"Incremental","provisioningState":"Succeeded","timestamp":"2021-08-05T16:33:07.5501708Z","duration":"PT1M32.7156544S","correlationId":"8c17f574-7819-4688-96fb-9d09489bda88","providers":[{"namespace":"Microsoft.Network","resourceTypes":[{"resourceType":"virtualNetworks","locations":["westus"]},{"resourceType":"publicIPAddresses","locations":["westus"]},{"resourceType":"loadBalancers","locations":["westus"]}]},{"namespace":"Microsoft.Compute","resourceTypes":[{"resourceType":"virtualMachineScaleSets","locations":["westus"]}]}],"dependencies":[{"dependsOn":[{"id":"/subscriptions/00000000-0000-0000-0000-000000000000/resourceGroups/cli_test_vmss_reimage_000001/providers/Microsoft.Network/virtualNetworks/vmss1VNET","resourceType":"Microsoft.Network/virtualNetworks","resourceName":"vmss1VNET"},{"id":"/subscriptions/00000000-0000-0000-0000-000000000000/resourceGroups/cli_test_vmss_reimage_000001/providers/Microsoft.Network/publicIPAddresses/vmss1LBPublicIP","resourceType":"Microsoft.Network/publicIPAddresses","resourceName":"vmss1LBPublicIP"}],"id":"/subscriptions/00000000-0000-0000-0000-000000000000/resourceGroups/cli_test_vmss_reimage_000001/providers/Microsoft.Network/loadBalancers/vmss1LB","resourceType":"Microsoft.Network/loadBalancers","resourceName":"vmss1LB"},{"dependsOn":[{"id":"/subscriptions/00000000-0000-0000-0000-000000000000/resourceGroups/cli_test_vmss_reimage_000001/providers/Microsoft.Network/virtualNetworks/vmss1VNET","resourceType":"Microsoft.Network/virtualNetworks","resourceName":"vmss1VNET"},{"id":"/subscriptions/00000000-0000-0000-0000-000000000000/resourceGroups/cli_test_vmss_reimage_000001/providers/Microsoft.Network/loadBalancers/vmss1LB","resourceType":"Microsoft.Network/loadBalancers","resourceName":"vmss1LB"}],"id":"/subscriptions/00000000-0000-0000-0000-000000000000/resourceGroups/cli_test_vmss_reimage_000001/providers/Microsoft.Compute/virtualMachineScaleSets/vmss1","resourceType":"Microsoft.Compute/virtualMachineScaleSets","resourceName":"vmss1"}],"outputs":{"vmss":{"type":"Object","value":{"singlePlacementGroup":true,"upgradePolicy":{"mode":"Manual","rollingUpgradePolicy":{"maxBatchInstancePercent":20,"maxUnhealthyInstancePercent":20,"maxUnhealthyUpgradedInstancePercent":20,"pauseTimeBetweenBatches":"PT0S"}},"virtualMachineProfile":{"osProfile":{"computerNamePrefix":"vmss16a1d","adminUsername":"zhoxing","linuxConfiguration":{"disablePasswordAuthentication":true,"ssh":{"publicKeys":[{"path":"/home/zhoxing/.ssh/authorized_keys","keyData":"ssh-rsa
        AAAAB3NzaC1yc2EAAAADAQABAAABgQDdfdN+YWbkBS84r36yJbgfTI+Gx1W/ErinzCGvXBeO0S8F8JBc45BGTSaNmgOiqVMef3L9Dne7xUv6CwK+NaPRF23B2Sfv1VT1RWjKzgsgLAGiMvMuXA8/BfnKyQU43P6ImgXW/89E8OE9tS2TYLWiSSOjSTiCDnH+bJOw0Gqb25CLhZiahL1lS8MPuZHQaLa71GGUJS93GeBBF6eM2aFKitdFif38RsHxwY/aLlKhjwuy0XPI/4HcIHJR9uyEiFsPQXZMbFPwfvTWyRQDqS0KfxgFXtoVQgaNq74zJv94JdqDykoXYrempJU33jCC06vi39u+xZHAdAagp6e8z/WQc7fIPEOoKqNBKO3UhjXfLfHsxM9QvEiE2kL1xBekS9XrzqSvYZBi4tiSiLAYajOdI5dlv9HgvRTdCtnfF6v8iVGpwql/B1OTOn/A9uCmRIu3o9aMjsQoegqGX6e+h7omfVaExdClXOrW1Qi5l9mUSDLJgsGm1sT9nLaVJlPotFM=
        Zhou.Xing@microsoft.com\n"}]},"provisionVMAgent":true},"secrets":[],"allowExtensionOperations":true,"requireGuestProvisionSignal":true},"storageProfile":{"osDisk":{"osType":"Linux","createOption":"FromImage","caching":"ReadWrite","managedDisk":{"storageAccountType":"Premium_LRS"},"diskSizeGB":30},"imageReference":{"publisher":"OpenLogic","offer":"CentOS","sku":"7.5","version":"latest"}},"networkProfile":{"networkInterfaceConfigurations":[{"name":"vmss16a1dNic","properties":{"primary":true,"enableAcceleratedNetworking":false,"dnsSettings":{"dnsServers":[]},"enableIPForwarding":false,"ipConfigurations":[{"name":"vmss16a1dIPConfig","properties":{"subnet":{"id":"/subscriptions/00000000-0000-0000-0000-000000000000/resourceGroups/cli_test_vmss_reimage_000001/providers/Microsoft.Network/virtualNetworks/vmss1VNET/subnets/vmss1Subnet"},"privateIPAddressVersion":"IPv4","loadBalancerBackendAddressPools":[{"id":"/subscriptions/00000000-0000-0000-0000-000000000000/resourceGroups/cli_test_vmss_reimage_000001/providers/Microsoft.Network/loadBalancers/vmss1LB/backendAddressPools/vmss1LBBEPool"}],"loadBalancerInboundNatPools":[{"id":"/subscriptions/00000000-0000-0000-0000-000000000000/resourceGroups/cli_test_vmss_reimage_000001/providers/Microsoft.Network/loadBalancers/vmss1LB/inboundNatPools/vmss1LBNatPool"}]}}]}}]}},"provisioningState":"Succeeded","overprovision":true,"doNotRunExtensionsOnOverprovisionedVMs":false,"uniqueId":"fcbc5c8b-135d-4996-b273-8988d164b27e"}}},"outputResources":[{"id":"/subscriptions/00000000-0000-0000-0000-000000000000/resourceGroups/cli_test_vmss_reimage_000001/providers/Microsoft.Compute/virtualMachineScaleSets/vmss1"},{"id":"/subscriptions/00000000-0000-0000-0000-000000000000/resourceGroups/cli_test_vmss_reimage_000001/providers/Microsoft.Network/loadBalancers/vmss1LB"},{"id":"/subscriptions/00000000-0000-0000-0000-000000000000/resourceGroups/cli_test_vmss_reimage_000001/providers/Microsoft.Network/publicIPAddresses/vmss1LBPublicIP"},{"id":"/subscriptions/00000000-0000-0000-0000-000000000000/resourceGroups/cli_test_vmss_reimage_000001/providers/Microsoft.Network/virtualNetworks/vmss1VNET"}]}}'
    headers:
      cache-control:
      - no-cache
      content-length:
      - '6217'
      content-type:
      - application/json; charset=utf-8
      date:
      - Thu, 05 Aug 2021 16:33:10 GMT
      expires:
      - '-1'
      pragma:
      - no-cache
      strict-transport-security:
      - max-age=31536000; includeSubDomains
      vary:
      - Accept-Encoding
      x-content-type-options:
      - nosniff
    status:
      code: 200
      message: OK
- request:
    body: null
    headers:
      Accept:
      - '*/*'
      Accept-Encoding:
      - gzip, deflate
      CommandName:
      - vmss reimage
      Connection:
      - keep-alive
      Content-Length:
      - '0'
      Content-Type:
      - application/json
      ParameterSetName:
      - -g -n --instance-id
      User-Agent:
      - AZURECLI/2.27.0 azsdk-python-azure-mgmt-compute/22.1.0 Python/3.8.1 (Windows-10-10.0.19041-SP0)
    method: POST
    uri: https://management.azure.com/subscriptions/00000000-0000-0000-0000-000000000000/resourceGroups/cli_test_vmss_reimage_000001/providers/Microsoft.Compute/virtualMachineScaleSets/vmss1/virtualmachines/1/reimage?api-version=2021-04-01
  response:
    body:
      string: ''
    headers:
      azure-asyncoperation:
      - https://management.azure.com/subscriptions/00000000-0000-0000-0000-000000000000/providers/Microsoft.Compute/locations/westus/operations/2c88006f-02bb-47f8-9d1e-15dcae65ef27?api-version=2021-04-01
      cache-control:
      - no-cache
      content-length:
      - '0'
      date:
      - Thu, 05 Aug 2021 16:33:12 GMT
      expires:
      - '-1'
      location:
      - https://management.azure.com/subscriptions/00000000-0000-0000-0000-000000000000/providers/Microsoft.Compute/locations/westus/operations/2c88006f-02bb-47f8-9d1e-15dcae65ef27?monitor=true&api-version=2021-04-01
      pragma:
      - no-cache
      server:
      - Microsoft-HTTPAPI/2.0
      - Microsoft-HTTPAPI/2.0
      strict-transport-security:
      - max-age=31536000; includeSubDomains
      x-content-type-options:
      - nosniff
      x-ms-ratelimit-remaining-resource:
      - Microsoft.Compute/VMScaleSetActions3Min;239,Microsoft.Compute/VMScaleSetActions30Min;1190,Microsoft.Compute/VMScaleSetVMActions3Min;199,Microsoft.Compute/VMScaleSetVMActions30Min;999,Microsoft.Compute/VMScaleSetBatchedVMRequests5Min;1181,Microsoft.Compute/VmssQueuedVMOperations;0
      x-ms-ratelimit-remaining-subscription-writes:
      - '1197'
      x-ms-request-charge:
      - '1'
    status:
      code: 202
      message: Accepted
- request:
    body: null
    headers:
      Accept:
      - '*/*'
      Accept-Encoding:
      - gzip, deflate
      CommandName:
      - vmss reimage
      Connection:
      - keep-alive
      ParameterSetName:
      - -g -n --instance-id
      User-Agent:
      - AZURECLI/2.27.0 azsdk-python-azure-mgmt-compute/22.1.0 Python/3.8.1 (Windows-10-10.0.19041-SP0)
    method: GET
    uri: https://management.azure.com/subscriptions/00000000-0000-0000-0000-000000000000/providers/Microsoft.Compute/locations/westus/operations/2c88006f-02bb-47f8-9d1e-15dcae65ef27?api-version=2021-04-01
  response:
    body:
      string: "{\r\n  \"startTime\": \"2021-08-05T16:33:12.4981895+00:00\",\r\n  \"status\":
        \"InProgress\",\r\n  \"name\": \"2c88006f-02bb-47f8-9d1e-15dcae65ef27\"\r\n}"
    headers:
      cache-control:
      - no-cache
      content-length:
      - '134'
      content-type:
      - application/json; charset=utf-8
      date:
      - Thu, 05 Aug 2021 16:33:42 GMT
      expires:
      - '-1'
      pragma:
      - no-cache
      server:
      - Microsoft-HTTPAPI/2.0
      - Microsoft-HTTPAPI/2.0
      strict-transport-security:
      - max-age=31536000; includeSubDomains
      transfer-encoding:
      - chunked
      vary:
      - Accept-Encoding
      x-content-type-options:
      - nosniff
      x-ms-ratelimit-remaining-resource:
      - Microsoft.Compute/GetOperation3Min;14966,Microsoft.Compute/GetOperation30Min;29694
    status:
      code: 200
      message: OK
- request:
    body: null
    headers:
      Accept:
      - '*/*'
      Accept-Encoding:
      - gzip, deflate
      CommandName:
      - vmss reimage
      Connection:
      - keep-alive
      ParameterSetName:
      - -g -n --instance-id
      User-Agent:
      - AZURECLI/2.27.0 azsdk-python-azure-mgmt-compute/22.1.0 Python/3.8.1 (Windows-10-10.0.19041-SP0)
    method: GET
    uri: https://management.azure.com/subscriptions/00000000-0000-0000-0000-000000000000/providers/Microsoft.Compute/locations/westus/operations/2c88006f-02bb-47f8-9d1e-15dcae65ef27?api-version=2021-04-01
  response:
    body:
      string: "{\r\n  \"startTime\": \"2021-08-05T16:33:12.4981895+00:00\",\r\n  \"status\":
        \"InProgress\",\r\n  \"name\": \"2c88006f-02bb-47f8-9d1e-15dcae65ef27\"\r\n}"
    headers:
      cache-control:
      - no-cache
      content-length:
      - '134'
      content-type:
      - application/json; charset=utf-8
      date:
      - Thu, 05 Aug 2021 16:34:13 GMT
      expires:
      - '-1'
      pragma:
      - no-cache
      server:
      - Microsoft-HTTPAPI/2.0
      - Microsoft-HTTPAPI/2.0
      strict-transport-security:
      - max-age=31536000; includeSubDomains
      transfer-encoding:
      - chunked
      vary:
      - Accept-Encoding
      x-content-type-options:
      - nosniff
      x-ms-ratelimit-remaining-resource:
      - Microsoft.Compute/GetOperation3Min;14966,Microsoft.Compute/GetOperation30Min;29687
    status:
      code: 200
      message: OK
- request:
    body: null
    headers:
      Accept:
      - '*/*'
      Accept-Encoding:
      - gzip, deflate
      CommandName:
      - vmss reimage
      Connection:
      - keep-alive
      ParameterSetName:
      - -g -n --instance-id
      User-Agent:
      - AZURECLI/2.27.0 azsdk-python-azure-mgmt-compute/22.1.0 Python/3.8.1 (Windows-10-10.0.19041-SP0)
    method: GET
    uri: https://management.azure.com/subscriptions/00000000-0000-0000-0000-000000000000/providers/Microsoft.Compute/locations/westus/operations/2c88006f-02bb-47f8-9d1e-15dcae65ef27?api-version=2021-04-01
  response:
    body:
      string: "{\r\n  \"startTime\": \"2021-08-05T16:33:12.4981895+00:00\",\r\n  \"status\":
        \"InProgress\",\r\n  \"name\": \"2c88006f-02bb-47f8-9d1e-15dcae65ef27\"\r\n}"
    headers:
      cache-control:
      - no-cache
      content-length:
      - '134'
      content-type:
      - application/json; charset=utf-8
      date:
      - Thu, 05 Aug 2021 16:34:43 GMT
      expires:
      - '-1'
      pragma:
      - no-cache
      server:
      - Microsoft-HTTPAPI/2.0
      - Microsoft-HTTPAPI/2.0
      strict-transport-security:
      - max-age=31536000; includeSubDomains
      transfer-encoding:
      - chunked
      vary:
      - Accept-Encoding
      x-content-type-options:
      - nosniff
      x-ms-ratelimit-remaining-resource:
      - Microsoft.Compute/GetOperation3Min;14951,Microsoft.Compute/GetOperation30Min;29669
    status:
      code: 200
      message: OK
- request:
    body: null
    headers:
      Accept:
      - '*/*'
      Accept-Encoding:
      - gzip, deflate
      CommandName:
      - vmss reimage
      Connection:
      - keep-alive
      ParameterSetName:
      - -g -n --instance-id
      User-Agent:
      - AZURECLI/2.27.0 azsdk-python-azure-mgmt-compute/22.1.0 Python/3.8.1 (Windows-10-10.0.19041-SP0)
    method: GET
    uri: https://management.azure.com/subscriptions/00000000-0000-0000-0000-000000000000/providers/Microsoft.Compute/locations/westus/operations/2c88006f-02bb-47f8-9d1e-15dcae65ef27?api-version=2021-04-01
  response:
    body:
      string: "{\r\n  \"startTime\": \"2021-08-05T16:33:12.4981895+00:00\",\r\n  \"endTime\":
        \"2021-08-05T16:34:45.9512854+00:00\",\r\n  \"status\": \"Succeeded\",\r\n
        \ \"name\": \"2c88006f-02bb-47f8-9d1e-15dcae65ef27\"\r\n}"
    headers:
      cache-control:
      - no-cache
      content-length:
      - '184'
      content-type:
      - application/json; charset=utf-8
      date:
      - Thu, 05 Aug 2021 16:35:13 GMT
      expires:
      - '-1'
      pragma:
      - no-cache
      server:
      - Microsoft-HTTPAPI/2.0
      - Microsoft-HTTPAPI/2.0
      strict-transport-security:
      - max-age=31536000; includeSubDomains
      transfer-encoding:
      - chunked
      vary:
      - Accept-Encoding
      x-content-type-options:
      - nosniff
      x-ms-ratelimit-remaining-resource:
      - Microsoft.Compute/GetOperation3Min;14945,Microsoft.Compute/GetOperation30Min;29732
    status:
      code: 200
      message: OK
- request:
    body: null
    headers:
      Accept:
      - '*/*'
      Accept-Encoding:
      - gzip, deflate
      CommandName:
      - vmss reimage
      Connection:
      - keep-alive
      ParameterSetName:
      - -g -n --instance-id
      User-Agent:
      - AZURECLI/2.27.0 azsdk-python-azure-mgmt-compute/22.1.0 Python/3.8.1 (Windows-10-10.0.19041-SP0)
    method: GET
    uri: https://management.azure.com/subscriptions/00000000-0000-0000-0000-000000000000/providers/Microsoft.Compute/locations/westus/operations/2c88006f-02bb-47f8-9d1e-15dcae65ef27?monitor=true&api-version=2021-04-01
  response:
    body:
      string: ''
    headers:
      cache-control:
      - no-cache
      content-length:
      - '0'
      date:
      - Thu, 05 Aug 2021 16:35:14 GMT
      expires:
      - '-1'
      pragma:
      - no-cache
      server:
      - Microsoft-HTTPAPI/2.0
      - Microsoft-HTTPAPI/2.0
      strict-transport-security:
      - max-age=31536000; includeSubDomains
      x-content-type-options:
      - nosniff
      x-ms-ratelimit-remaining-resource:
      - Microsoft.Compute/GetOperation3Min;14944,Microsoft.Compute/GetOperation30Min;29731
    status:
      code: 200
      message: OK
- request:
    body: null
    headers:
      Accept:
      - '*/*'
      Accept-Encoding:
      - gzip, deflate
      CommandName:
      - vmss reimage
      Connection:
      - keep-alive
      Content-Length:
      - '0'
      Content-Type:
      - application/json
      ParameterSetName:
      - -g -n
      User-Agent:
      - AZURECLI/2.27.0 azsdk-python-azure-mgmt-compute/22.1.0 Python/3.8.1 (Windows-10-10.0.19041-SP0)
    method: POST
    uri: https://management.azure.com/subscriptions/00000000-0000-0000-0000-000000000000/resourceGroups/cli_test_vmss_reimage_000001/providers/Microsoft.Compute/virtualMachineScaleSets/vmss1/reimage?api-version=2021-04-01
  response:
    body:
      string: ''
    headers:
      azure-asyncoperation:
      - https://management.azure.com/subscriptions/00000000-0000-0000-0000-000000000000/providers/Microsoft.Compute/locations/westus/operations/a35f15af-d0a9-42b9-9d65-fa7c1e3fc982?api-version=2021-04-01
      cache-control:
      - no-cache
      content-length:
      - '0'
      date:
      - Thu, 05 Aug 2021 16:35:15 GMT
      expires:
      - '-1'
      location:
      - https://management.azure.com/subscriptions/00000000-0000-0000-0000-000000000000/providers/Microsoft.Compute/locations/westus/operations/a35f15af-d0a9-42b9-9d65-fa7c1e3fc982?monitor=true&api-version=2021-04-01
      pragma:
      - no-cache
      server:
      - Microsoft-HTTPAPI/2.0
      - Microsoft-HTTPAPI/2.0
      strict-transport-security:
      - max-age=31536000; includeSubDomains
      x-content-type-options:
      - nosniff
      x-ms-ratelimit-remaining-resource:
      - Microsoft.Compute/VMScaleSetActions3Min;236,Microsoft.Compute/VMScaleSetActions30Min;1191,Microsoft.Compute/VMScaleSetBatchedVMRequests5Min;1175,Microsoft.Compute/VmssQueuedVMOperations;0
      x-ms-ratelimit-remaining-subscription-writes:
      - '1198'
      x-ms-request-charge:
      - '2'
    status:
      code: 202
      message: Accepted
- request:
    body: null
    headers:
      Accept:
      - '*/*'
      Accept-Encoding:
      - gzip, deflate
      CommandName:
      - vmss reimage
      Connection:
      - keep-alive
      ParameterSetName:
      - -g -n
      User-Agent:
      - AZURECLI/2.27.0 azsdk-python-azure-mgmt-compute/22.1.0 Python/3.8.1 (Windows-10-10.0.19041-SP0)
    method: GET
    uri: https://management.azure.com/subscriptions/00000000-0000-0000-0000-000000000000/providers/Microsoft.Compute/locations/westus/operations/a35f15af-d0a9-42b9-9d65-fa7c1e3fc982?api-version=2021-04-01
  response:
    body:
      string: "{\r\n  \"startTime\": \"2021-08-05T16:35:16.4200647+00:00\",\r\n  \"status\":
        \"InProgress\",\r\n  \"name\": \"a35f15af-d0a9-42b9-9d65-fa7c1e3fc982\"\r\n}"
    headers:
      cache-control:
      - no-cache
      content-length:
      - '134'
      content-type:
      - application/json; charset=utf-8
      date:
      - Thu, 05 Aug 2021 16:35:46 GMT
      expires:
      - '-1'
      pragma:
      - no-cache
      server:
      - Microsoft-HTTPAPI/2.0
      - Microsoft-HTTPAPI/2.0
      strict-transport-security:
      - max-age=31536000; includeSubDomains
      transfer-encoding:
      - chunked
      vary:
      - Accept-Encoding
      x-content-type-options:
      - nosniff
      x-ms-ratelimit-remaining-resource:
      - Microsoft.Compute/GetOperation3Min;14940,Microsoft.Compute/GetOperation30Min;29722
    status:
      code: 200
      message: OK
- request:
    body: null
    headers:
      Accept:
      - '*/*'
      Accept-Encoding:
      - gzip, deflate
      CommandName:
      - vmss reimage
      Connection:
      - keep-alive
      ParameterSetName:
      - -g -n
      User-Agent:
      - AZURECLI/2.27.0 azsdk-python-azure-mgmt-compute/22.1.0 Python/3.8.1 (Windows-10-10.0.19041-SP0)
    method: GET
    uri: https://management.azure.com/subscriptions/00000000-0000-0000-0000-000000000000/providers/Microsoft.Compute/locations/westus/operations/a35f15af-d0a9-42b9-9d65-fa7c1e3fc982?api-version=2021-04-01
  response:
    body:
      string: "{\r\n  \"startTime\": \"2021-08-05T16:35:16.4200647+00:00\",\r\n  \"status\":
        \"InProgress\",\r\n  \"name\": \"a35f15af-d0a9-42b9-9d65-fa7c1e3fc982\"\r\n}"
    headers:
      cache-control:
      - no-cache
      content-length:
      - '134'
      content-type:
      - application/json; charset=utf-8
      date:
      - Thu, 05 Aug 2021 16:36:17 GMT
      expires:
      - '-1'
      pragma:
      - no-cache
      server:
      - Microsoft-HTTPAPI/2.0
      - Microsoft-HTTPAPI/2.0
      strict-transport-security:
      - max-age=31536000; includeSubDomains
      transfer-encoding:
      - chunked
      vary:
      - Accept-Encoding
      x-content-type-options:
      - nosniff
      x-ms-ratelimit-remaining-resource:
      - Microsoft.Compute/GetOperation3Min;14934,Microsoft.Compute/GetOperation30Min;29708
    status:
      code: 200
      message: OK
- request:
    body: null
    headers:
      Accept:
      - '*/*'
      Accept-Encoding:
      - gzip, deflate
      CommandName:
      - vmss reimage
      Connection:
      - keep-alive
      ParameterSetName:
      - -g -n
      User-Agent:
      - AZURECLI/2.27.0 azsdk-python-azure-mgmt-compute/22.1.0 Python/3.8.1 (Windows-10-10.0.19041-SP0)
    method: GET
    uri: https://management.azure.com/subscriptions/00000000-0000-0000-0000-000000000000/providers/Microsoft.Compute/locations/westus/operations/a35f15af-d0a9-42b9-9d65-fa7c1e3fc982?api-version=2021-04-01
  response:
    body:
      string: "{\r\n  \"startTime\": \"2021-08-05T16:35:16.4200647+00:00\",\r\n  \"endTime\":
        \"2021-08-05T16:36:26.5294268+00:00\",\r\n  \"status\": \"Succeeded\",\r\n
        \ \"name\": \"a35f15af-d0a9-42b9-9d65-fa7c1e3fc982\"\r\n}"
    headers:
      cache-control:
      - no-cache
      content-length:
      - '184'
      content-type:
      - application/json; charset=utf-8
      date:
      - Thu, 05 Aug 2021 16:36:47 GMT
      expires:
      - '-1'
      pragma:
      - no-cache
      server:
      - Microsoft-HTTPAPI/2.0
      - Microsoft-HTTPAPI/2.0
      strict-transport-security:
      - max-age=31536000; includeSubDomains
      transfer-encoding:
      - chunked
      vary:
      - Accept-Encoding
      x-content-type-options:
      - nosniff
      x-ms-ratelimit-remaining-resource:
      - Microsoft.Compute/GetOperation3Min;14939,Microsoft.Compute/GetOperation30Min;29702
    status:
      code: 200
      message: OK
- request:
    body: null
    headers:
      Accept:
      - '*/*'
      Accept-Encoding:
      - gzip, deflate
      CommandName:
      - vmss reimage
      Connection:
      - keep-alive
      ParameterSetName:
      - -g -n
      User-Agent:
      - AZURECLI/2.27.0 azsdk-python-azure-mgmt-compute/22.1.0 Python/3.8.1 (Windows-10-10.0.19041-SP0)
    method: GET
    uri: https://management.azure.com/subscriptions/00000000-0000-0000-0000-000000000000/providers/Microsoft.Compute/locations/westus/operations/a35f15af-d0a9-42b9-9d65-fa7c1e3fc982?monitor=true&api-version=2021-04-01
  response:
    body:
      string: ''
    headers:
      cache-control:
      - no-cache
      content-length:
      - '0'
      date:
      - Thu, 05 Aug 2021 16:36:47 GMT
      expires:
      - '-1'
      pragma:
      - no-cache
      server:
      - Microsoft-HTTPAPI/2.0
      - Microsoft-HTTPAPI/2.0
      strict-transport-security:
      - max-age=31536000; includeSubDomains
      x-content-type-options:
      - nosniff
      x-ms-ratelimit-remaining-resource:
      - Microsoft.Compute/GetOperation3Min;14938,Microsoft.Compute/GetOperation30Min;29701
    status:
      code: 200
      message: OK
version: 1
