interactions:
- request:
    body: null
    headers:
      Accept:
      - application/json
      Accept-Encoding:
      - gzip, deflate
      CommandName:
      - sig create
      Connection:
      - keep-alive
      ParameterSetName:
      - -g --gallery-name
      User-Agent:
      - AZURECLI/2.44.0 azsdk-python-azure-mgmt-resource/22.0.0 Python/3.10.8 (Linux-5.15.0-1023-azure-x86_64-with-glibc2.31)
        VSTS_7b238909-6802-4b65-b90d-184bca47f458_build_220_0
    method: GET
    uri: https://management.azure.com/subscriptions/00000000-0000-0000-0000-000000000000/resourcegroups/clitest.rg000001?api-version=2022-09-01
  response:
    body:
      string: '{"id":"/subscriptions/00000000-0000-0000-0000-000000000000/resourceGroups/clitest.rg000001","name":"clitest.rg000001","type":"Microsoft.Resources/resourceGroups","location":"centraluseuap","tags":{"product":"azurecli","cause":"automation","date":"2023-01-09T17:43:25Z"},"properties":{"provisioningState":"Succeeded"}}'
    headers:
      cache-control:
      - no-cache
      content-length:
      - '317'
      content-type:
      - application/json; charset=utf-8
      date:
      - Mon, 09 Jan 2023 17:43:25 GMT
      expires:
      - '-1'
      pragma:
      - no-cache
      strict-transport-security:
      - max-age=31536000; includeSubDomains
      vary:
      - Accept-Encoding
      x-content-type-options:
      - nosniff
    status:
      code: 200
      message: OK
- request:
    body: '{"location": "centraluseuap", "tags": {}}'
    headers:
      Accept:
      - application/json
      Accept-Encoding:
      - gzip, deflate
      CommandName:
      - sig create
      Connection:
      - keep-alive
      Content-Length:
      - '41'
      Content-Type:
      - application/json
      ParameterSetName:
      - -g --gallery-name
      User-Agent:
      - AZURECLI/2.44.0 azsdk-python-azure-mgmt-compute/29.0.0 Python/3.10.8 (Linux-5.15.0-1023-azure-x86_64-with-glibc2.31)
        VSTS_7b238909-6802-4b65-b90d-184bca47f458_build_220_0
    method: PUT
    uri: https://management.azure.com/subscriptions/00000000-0000-0000-0000-000000000000/resourceGroups/clitest.rg000001/providers/Microsoft.Compute/galleries/gallery_000003?api-version=2021-10-01
  response:
    body:
      string: "{\r\n  \"name\": \"gallery_000003\",\r\n  \"id\": \"/subscriptions/00000000-0000-0000-0000-000000000000/resourceGroups/clitest.rg000001/providers/Microsoft.Compute/galleries/gallery_000003\",\r\n
        \ \"type\": \"Microsoft.Compute/galleries\",\r\n  \"location\": \"centraluseuap\",\r\n
        \ \"tags\": {},\r\n  \"properties\": {\r\n    \"identifier\": {\r\n      \"uniqueName\":
        \"0b1f6471-1bf0-4dda-aec3-cb9272f09590-GALLERY_Q4RUY4CXT3UT\"\r\n    },\r\n
        \   \"provisioningState\": \"Creating\"\r\n  }\r\n}"
    headers:
      azure-asyncoperation:
      - https://management.azure.com/subscriptions/00000000-0000-0000-0000-000000000000/providers/Microsoft.Compute/locations/CentralUSEUAP/capsOperations/1fe6d969-5978-43a8-8922-f78f66f402d1?api-version=2021-10-01
      cache-control:
      - no-cache
      content-length:
      - '442'
      content-type:
      - application/json; charset=utf-8
      date:
      - Mon, 09 Jan 2023 17:43:27 GMT
      expires:
      - '-1'
      pragma:
      - no-cache
      server:
      - Microsoft-HTTPAPI/2.0
      - Microsoft-HTTPAPI/2.0
      strict-transport-security:
      - max-age=31536000; includeSubDomains
      x-content-type-options:
      - nosniff
      x-ms-ratelimit-remaining-resource:
      - Microsoft.Compute/CreateUpdateGallery3Min;49,Microsoft.Compute/CreateUpdateGallery30Min;298
      x-ms-ratelimit-remaining-subscription-writes:
      - '1197'
    status:
      code: 201
      message: Created
- request:
    body: null
    headers:
      Accept:
      - '*/*'
      Accept-Encoding:
      - gzip, deflate
      CommandName:
      - sig create
      Connection:
      - keep-alive
      ParameterSetName:
      - -g --gallery-name
      User-Agent:
      - AZURECLI/2.44.0 azsdk-python-azure-mgmt-compute/29.0.0 Python/3.10.8 (Linux-5.15.0-1023-azure-x86_64-with-glibc2.31)
        VSTS_7b238909-6802-4b65-b90d-184bca47f458_build_220_0
    method: GET
    uri: https://management.azure.com/subscriptions/00000000-0000-0000-0000-000000000000/providers/Microsoft.Compute/locations/CentralUSEUAP/capsOperations/1fe6d969-5978-43a8-8922-f78f66f402d1?api-version=2021-10-01
  response:
    body:
      string: "{\r\n  \"startTime\": \"2023-01-09T17:43:28.3750738+00:00\",\r\n  \"endTime\":
        \"2023-01-09T17:43:28.4844761+00:00\",\r\n  \"status\": \"Succeeded\",\r\n
        \ \"name\": \"1fe6d969-5978-43a8-8922-f78f66f402d1\"\r\n}"
    headers:
      cache-control:
      - no-cache
      content-length:
      - '184'
      content-type:
      - application/json; charset=utf-8
      date:
      - Mon, 09 Jan 2023 17:43:58 GMT
      expires:
      - '-1'
      pragma:
      - no-cache
      server:
      - Microsoft-HTTPAPI/2.0
      - Microsoft-HTTPAPI/2.0
      strict-transport-security:
      - max-age=31536000; includeSubDomains
      x-content-type-options:
      - nosniff
      x-ms-ratelimit-remaining-resource:
      - Microsoft.Compute/GetOperationStatus3Min;1191,Microsoft.Compute/GetOperationStatus30Min;4172
    status:
      code: 200
      message: OK
- request:
    body: null
    headers:
      Accept:
      - '*/*'
      Accept-Encoding:
      - gzip, deflate
      CommandName:
      - sig create
      Connection:
      - keep-alive
      ParameterSetName:
      - -g --gallery-name
      User-Agent:
      - AZURECLI/2.44.0 azsdk-python-azure-mgmt-compute/29.0.0 Python/3.10.8 (Linux-5.15.0-1023-azure-x86_64-with-glibc2.31)
        VSTS_7b238909-6802-4b65-b90d-184bca47f458_build_220_0
    method: GET
    uri: https://management.azure.com/subscriptions/00000000-0000-0000-0000-000000000000/resourceGroups/clitest.rg000001/providers/Microsoft.Compute/galleries/gallery_000003?api-version=2021-10-01
  response:
    body:
      string: "{\r\n  \"name\": \"gallery_000003\",\r\n  \"id\": \"/subscriptions/00000000-0000-0000-0000-000000000000/resourceGroups/clitest.rg000001/providers/Microsoft.Compute/galleries/gallery_000003\",\r\n
        \ \"type\": \"Microsoft.Compute/galleries\",\r\n  \"location\": \"centraluseuap\",\r\n
        \ \"tags\": {},\r\n  \"properties\": {\r\n    \"identifier\": {\r\n      \"uniqueName\":
        \"0b1f6471-1bf0-4dda-aec3-cb9272f09590-GALLERY_Q4RUY4CXT3UT\"\r\n    },\r\n
        \   \"provisioningState\": \"Succeeded\"\r\n  }\r\n}"
    headers:
      cache-control:
      - no-cache
      content-length:
      - '443'
      content-type:
      - application/json; charset=utf-8
      date:
      - Mon, 09 Jan 2023 17:43:58 GMT
      expires:
      - '-1'
      pragma:
      - no-cache
      server:
      - Microsoft-HTTPAPI/2.0
      - Microsoft-HTTPAPI/2.0
      strict-transport-security:
      - max-age=31536000; includeSubDomains
      x-content-type-options:
      - nosniff
      x-ms-ratelimit-remaining-resource:
      - Microsoft.Compute/GetGallery3Min;343,Microsoft.Compute/GetGallery30Min;2484
    status:
      code: 200
      message: OK
- request:
    body: null
    headers:
      Accept:
      - application/json
      Accept-Encoding:
      - gzip, deflate
      CommandName:
      - sig image-definition create
      Connection:
      - keep-alive
      ParameterSetName:
      - -g --gallery-name --gallery-image-definition --os-type -p -f -s
      User-Agent:
      - AZURECLI/2.44.0 azsdk-python-azure-mgmt-resource/22.0.0 Python/3.10.8 (Linux-5.15.0-1023-azure-x86_64-with-glibc2.31)
        VSTS_7b238909-6802-4b65-b90d-184bca47f458_build_220_0
    method: GET
    uri: https://management.azure.com/subscriptions/00000000-0000-0000-0000-000000000000/resourcegroups/clitest.rg000001?api-version=2022-09-01
  response:
    body:
      string: '{"id":"/subscriptions/00000000-0000-0000-0000-000000000000/resourceGroups/clitest.rg000001","name":"clitest.rg000001","type":"Microsoft.Resources/resourceGroups","location":"centraluseuap","tags":{"product":"azurecli","cause":"automation","date":"2023-01-09T17:43:25Z"},"properties":{"provisioningState":"Succeeded"}}'
    headers:
      cache-control:
      - no-cache
      content-length:
      - '317'
      content-type:
      - application/json; charset=utf-8
      date:
      - Mon, 09 Jan 2023 17:43:59 GMT
      expires:
      - '-1'
      pragma:
      - no-cache
      strict-transport-security:
      - max-age=31536000; includeSubDomains
      x-content-type-options:
      - nosniff
    status:
      code: 200
      message: OK
- request:
    body: '{"location": "centraluseuap", "tags": {}, "properties": {"osType": "Linux",
      "osState": "Generalized", "hyperVGeneration": "V1", "identifier": {"publisher":
      "publisher1", "offer": "offer1", "sku": "sku1"}, "disallowed": {}}}'
    headers:
      Accept:
      - application/json
      Accept-Encoding:
      - gzip, deflate
      CommandName:
      - sig image-definition create
      Connection:
      - keep-alive
      Content-Length:
      - '223'
      Content-Type:
      - application/json
      ParameterSetName:
      - -g --gallery-name --gallery-image-definition --os-type -p -f -s
      User-Agent:
      - AZURECLI/2.44.0 azsdk-python-azure-mgmt-compute/29.0.0 Python/3.10.8 (Linux-5.15.0-1023-azure-x86_64-with-glibc2.31)
        VSTS_7b238909-6802-4b65-b90d-184bca47f458_build_220_0
    method: PUT
    uri: https://management.azure.com/subscriptions/00000000-0000-0000-0000-000000000000/resourceGroups/clitest.rg000001/providers/Microsoft.Compute/galleries/gallery_000003/images/image000004?api-version=2021-10-01
  response:
    body:
      string: "{\r\n  \"name\": \"image000004\",\r\n  \"id\": \"/subscriptions/00000000-0000-0000-0000-000000000000/resourceGroups/clitest.rg000001/providers/Microsoft.Compute/galleries/gallery_000003/images/image000004\",\r\n
        \ \"type\": \"Microsoft.Compute/galleries/images\",\r\n  \"location\": \"centraluseuap\",\r\n
        \ \"tags\": {},\r\n  \"properties\": {\r\n    \"hyperVGeneration\": \"V1\",\r\n
        \   \"architecture\": \"x64\",\r\n    \"osType\": \"Linux\",\r\n    \"osState\":
        \"Generalized\",\r\n    \"identifier\": {\r\n      \"publisher\": \"publisher1\",\r\n
        \     \"offer\": \"offer1\",\r\n      \"sku\": \"sku1\"\r\n    },\r\n    \"provisioningState\":
        \"Creating\"\r\n  }\r\n}"
    headers:
      azure-asyncoperation:
      - https://management.azure.com/subscriptions/00000000-0000-0000-0000-000000000000/providers/Microsoft.Compute/locations/CentralUSEUAP/capsOperations/9bbeac51-0c30-4787-b9c5-f1bcee2fd6f8?api-version=2021-10-01
      cache-control:
      - no-cache
      content-length:
      - '579'
      content-type:
      - application/json; charset=utf-8
      date:
      - Mon, 09 Jan 2023 17:44:00 GMT
      expires:
      - '-1'
      pragma:
      - no-cache
      server:
      - Microsoft-HTTPAPI/2.0
      - Microsoft-HTTPAPI/2.0
      strict-transport-security:
      - max-age=31536000; includeSubDomains
      x-content-type-options:
      - nosniff
      x-ms-ratelimit-remaining-resource:
      - Microsoft.Compute/CreateUpdateGalleryImage3Min;149,Microsoft.Compute/CreateUpdateGalleryImage30Min;748
      x-ms-ratelimit-remaining-subscription-writes:
      - '1199'
    status:
      code: 201
      message: Created
- request:
    body: null
    headers:
      Accept:
      - '*/*'
      Accept-Encoding:
      - gzip, deflate
      CommandName:
      - sig image-definition create
      Connection:
      - keep-alive
      ParameterSetName:
      - -g --gallery-name --gallery-image-definition --os-type -p -f -s
      User-Agent:
      - AZURECLI/2.44.0 azsdk-python-azure-mgmt-compute/29.0.0 Python/3.10.8 (Linux-5.15.0-1023-azure-x86_64-with-glibc2.31)
        VSTS_7b238909-6802-4b65-b90d-184bca47f458_build_220_0
    method: GET
    uri: https://management.azure.com/subscriptions/00000000-0000-0000-0000-000000000000/providers/Microsoft.Compute/locations/CentralUSEUAP/capsOperations/9bbeac51-0c30-4787-b9c5-f1bcee2fd6f8?api-version=2021-10-01
  response:
    body:
      string: "{\r\n  \"startTime\": \"2023-01-09T17:44:00.984682+00:00\",\r\n  \"endTime\":
        \"2023-01-09T17:44:01.047215+00:00\",\r\n  \"status\": \"Succeeded\",\r\n
        \ \"name\": \"9bbeac51-0c30-4787-b9c5-f1bcee2fd6f8\"\r\n}"
    headers:
      cache-control:
      - no-cache
      content-length:
      - '182'
      content-type:
      - application/json; charset=utf-8
      date:
      - Mon, 09 Jan 2023 17:44:30 GMT
      expires:
      - '-1'
      pragma:
      - no-cache
      server:
      - Microsoft-HTTPAPI/2.0
      - Microsoft-HTTPAPI/2.0
      strict-transport-security:
      - max-age=31536000; includeSubDomains
      transfer-encoding:
      - chunked
      vary:
      - Accept-Encoding
      x-content-type-options:
      - nosniff
      x-ms-ratelimit-remaining-resource:
      - Microsoft.Compute/GetOperationStatus3Min;1191,Microsoft.Compute/GetOperationStatus30Min;4170
    status:
      code: 200
      message: OK
- request:
    body: null
    headers:
      Accept:
      - '*/*'
      Accept-Encoding:
      - gzip, deflate
      CommandName:
      - sig image-definition create
      Connection:
      - keep-alive
      ParameterSetName:
      - -g --gallery-name --gallery-image-definition --os-type -p -f -s
      User-Agent:
      - AZURECLI/2.44.0 azsdk-python-azure-mgmt-compute/29.0.0 Python/3.10.8 (Linux-5.15.0-1023-azure-x86_64-with-glibc2.31)
        VSTS_7b238909-6802-4b65-b90d-184bca47f458_build_220_0
    method: GET
    uri: https://management.azure.com/subscriptions/00000000-0000-0000-0000-000000000000/resourceGroups/clitest.rg000001/providers/Microsoft.Compute/galleries/gallery_000003/images/image000004?api-version=2021-10-01
  response:
    body:
      string: "{\r\n  \"name\": \"image000004\",\r\n  \"id\": \"/subscriptions/00000000-0000-0000-0000-000000000000/resourceGroups/clitest.rg000001/providers/Microsoft.Compute/galleries/gallery_000003/images/image000004\",\r\n
        \ \"type\": \"Microsoft.Compute/galleries/images\",\r\n  \"location\": \"centraluseuap\",\r\n
        \ \"tags\": {},\r\n  \"properties\": {\r\n    \"hyperVGeneration\": \"V1\",\r\n
        \   \"architecture\": \"x64\",\r\n    \"osType\": \"Linux\",\r\n    \"osState\":
        \"Generalized\",\r\n    \"identifier\": {\r\n      \"publisher\": \"publisher1\",\r\n
        \     \"offer\": \"offer1\",\r\n      \"sku\": \"sku1\"\r\n    },\r\n    \"provisioningState\":
        \"Succeeded\"\r\n  }\r\n}"
    headers:
      cache-control:
      - no-cache
      content-length:
      - '580'
      content-type:
      - application/json; charset=utf-8
      date:
      - Mon, 09 Jan 2023 17:44:30 GMT
      expires:
      - '-1'
      pragma:
      - no-cache
      server:
      - Microsoft-HTTPAPI/2.0
      - Microsoft-HTTPAPI/2.0
      strict-transport-security:
      - max-age=31536000; includeSubDomains
      transfer-encoding:
      - chunked
      vary:
      - Accept-Encoding
      x-content-type-options:
      - nosniff
      x-ms-ratelimit-remaining-resource:
      - Microsoft.Compute/GetGalleryImage3Min;594,Microsoft.Compute/GetGalleryImage30Min;2987
    status:
      code: 200
      message: OK
- request:
    body: null
    headers:
      Accept:
      - application/json
      Accept-Encoding:
      - gzip, deflate
      CommandName:
      - vm create
      Connection:
      - keep-alive
      ParameterSetName:
      - -g -n --image --admin-username --generate-ssh-key --nsg-rule
      User-Agent:
      - AZURECLI/2.44.0 azsdk-python-azure-mgmt-resource/22.0.0 Python/3.10.8 (Linux-5.15.0-1023-azure-x86_64-with-glibc2.31)
        VSTS_7b238909-6802-4b65-b90d-184bca47f458_build_220_0
    method: GET
    uri: https://management.azure.com/subscriptions/00000000-0000-0000-0000-000000000000/resourcegroups/clitest.rg000001?api-version=2022-09-01
  response:
    body:
      string: '{"id":"/subscriptions/00000000-0000-0000-0000-000000000000/resourceGroups/clitest.rg000001","name":"clitest.rg000001","type":"Microsoft.Resources/resourceGroups","location":"centraluseuap","tags":{"product":"azurecli","cause":"automation","date":"2023-01-09T17:43:25Z"},"properties":{"provisioningState":"Succeeded"}}'
    headers:
      cache-control:
      - no-cache
      content-length:
      - '317'
      content-type:
      - application/json; charset=utf-8
      date:
      - Mon, 09 Jan 2023 17:44:31 GMT
      expires:
      - '-1'
      pragma:
      - no-cache
      strict-transport-security:
      - max-age=31536000; includeSubDomains
      vary:
      - Accept-Encoding
      x-content-type-options:
      - nosniff
    status:
      code: 200
      message: OK
- request:
    body: null
    headers:
      Accept:
      - '*/*'
      Accept-Encoding:
      - gzip, deflate
      Connection:
      - keep-alive
      User-Agent:
      - python-requests/2.26.0
    method: GET
    uri: https://raw.githubusercontent.com/Azure/azure-rest-api-specs/main/arm-compute/quickstart-templates/aliases.json
  response:
    body:
      string: "{\n  \"$schema\": \"http://schema.management.azure.com/schemas/2015-01-01/deploymentTemplate.json\",\n
        \ \"contentVersion\": \"1.0.0.0\",\n  \"parameters\": {},\n  \"variables\":
        {},\n  \"resources\": [],\n  \"outputs\": {\n    \"aliases\": {\n      \"type\":
        \"object\",\n      \"value\": {\n        \"Linux\": {\n          \"CentOS\":
        {\n            \"publisher\": \"OpenLogic\",\n            \"offer\": \"CentOS\",\n
        \           \"sku\": \"7.5\",\n            \"version\": \"latest\",\n            \"architecture\":
        \"x64\"\n          },\n          \"Debian\": {\n            \"publisher\":
        \"Debian\",\n            \"offer\": \"debian-10\",\n            \"sku\": \"10\",\n
        \           \"version\": \"latest\",\n            \"architecture\": \"x64\"\n
        \         },\n          \"Flatcar\": {\n            \"publisher\": \"kinvolk\",\n
        \           \"offer\": \"flatcar-container-linux-free\",\n            \"sku\":
        \"stable\",\n            \"version\": \"latest\",\n            \"architecture\":
        \"x64\"\n          },\n          \"openSUSE-Leap\": {\n            \"publisher\":
        \"SUSE\",\n            \"offer\": \"opensuse-leap-15-3\",\n            \"sku\":
        \"gen2\",\n            \"version\": \"latest\",\n            \"architecture\":
        \"x64\"\n          },\n          \"RHEL\": {\n            \"publisher\": \"RedHat\",\n
        \           \"offer\": \"RHEL\",\n            \"sku\": \"7-LVM\",\n            \"version\":
        \"latest\",\n            \"architecture\": \"x64\"\n          },\n          \"SLES\":
        {\n            \"publisher\": \"SUSE\",\n            \"offer\": \"sles-15-sp3\",\n
        \           \"sku\": \"gen2\",\n            \"version\": \"latest\",\n            \"architecture\":
        \"x64\"\n          },\n          \"UbuntuLTS\": {\n            \"publisher\":
        \"Canonical\",\n            \"offer\": \"UbuntuServer\",\n            \"sku\":
        \"18.04-LTS\",\n            \"version\": \"latest\",\n            \"architecture\":
        \"x64\"\n          }\n        },\n        \"Windows\": {\n          \"Win2022Datacenter\":
        {\n            \"publisher\": \"MicrosoftWindowsServer\",\n            \"offer\":
        \"WindowsServer\",\n            \"sku\": \"2022-Datacenter\",\n            \"version\":
        \"latest\",\n            \"architecture\": \"x64\"\n          },\n          \"Win2022AzureEditionCore\":
        {\n            \"publisher\": \"MicrosoftWindowsServer\",\n            \"offer\":
        \"WindowsServer\",\n            \"sku\": \"2022-datacenter-azure-edition-core\",\n
        \           \"version\": \"latest\",\n            \"architecture\": \"x64\"\n
        \         },\n          \"Win2019Datacenter\": {\n            \"publisher\":
        \"MicrosoftWindowsServer\",\n            \"offer\": \"WindowsServer\",\n            \"sku\":
        \"2019-Datacenter\",\n            \"version\": \"latest\",\n            \"architecture\":
        \"x64\"\n          },\n          \"Win2016Datacenter\": {\n            \"publisher\":
        \"MicrosoftWindowsServer\",\n            \"offer\": \"WindowsServer\",\n            \"sku\":
        \"2016-Datacenter\",\n            \"version\": \"latest\",\n            \"architecture\":
        \"x64\"\n          },\n          \"Win2012R2Datacenter\": {\n            \"publisher\":
        \"MicrosoftWindowsServer\",\n            \"offer\": \"WindowsServer\",\n            \"sku\":
        \"2012-R2-Datacenter\",\n            \"version\": \"latest\",\n            \"architecture\":
        \"x64\"\n          },\n          \"Win2012Datacenter\": {\n            \"publisher\":
        \"MicrosoftWindowsServer\",\n            \"offer\": \"WindowsServer\",\n            \"sku\":
        \"2012-Datacenter\",\n            \"version\": \"latest\",\n            \"architecture\":
        \"x64\"\n          },\n          \"Win2008R2SP1\": {\n            \"publisher\":
        \"MicrosoftWindowsServer\",\n            \"offer\": \"WindowsServer\",\n            \"sku\":
        \"2008-R2-SP1\",\n            \"version\": \"latest\",\n            \"architecture\":
        \"x64\"\n          }\n        }\n      }\n    }\n  }\n}"
    headers:
      accept-ranges:
      - bytes
      access-control-allow-origin:
      - '*'
      cache-control:
      - max-age=300
      connection:
      - keep-alive
      content-length:
      - '3463'
      content-security-policy:
      - default-src 'none'; style-src 'unsafe-inline'; sandbox
      content-type:
      - text/plain; charset=utf-8
      date:
      - Mon, 09 Jan 2023 17:44:31 GMT
      etag:
      - W/"41b202f4dc5098d126019dc00721a4c5e30df0c5196794514fadc3710ee2a5cb"
      expires:
      - Mon, 09 Jan 2023 17:49:31 GMT
      source-age:
      - '65'
      strict-transport-security:
      - max-age=31536000
      vary:
      - Authorization,Accept-Encoding,Origin
      via:
      - 1.1 varnish
      x-cache:
      - HIT
      x-cache-hits:
      - '1'
      x-content-type-options:
      - nosniff
      x-fastly-request-id:
      - 042df144a896ed7fa32d8def1b1d198285d18556
      x-frame-options:
      - deny
      x-github-request-id:
      - E1AA:89B6:2CFF2:49794:63BC3EC6
      x-served-by:
      - cache-iad-kiad7000108-IAD
      x-timer:
      - S1673286272.970315,VS0,VE2
      x-xss-protection:
      - 1; mode=block
    status:
      code: 200
      message: OK
- request:
    body: null
    headers:
      Accept:
      - application/json
      Accept-Encoding:
      - gzip, deflate
      CommandName:
      - vm create
      Connection:
      - keep-alive
      ParameterSetName:
      - -g -n --image --admin-username --generate-ssh-key --nsg-rule
      User-Agent:
      - AZURECLI/2.44.0 azsdk-python-azure-mgmt-compute/29.0.0 Python/3.10.8 (Linux-5.15.0-1023-azure-x86_64-with-glibc2.31)
        VSTS_7b238909-6802-4b65-b90d-184bca47f458_build_220_0
    method: GET
    uri: https://management.azure.com/subscriptions/00000000-0000-0000-0000-000000000000/providers/Microsoft.Compute/locations/centraluseuap/publishers/Canonical/artifacttypes/vmimage/offers/UbuntuServer/skus/18.04-LTS/versions?$top=1&$orderby=name%20desc&api-version=2022-08-01
  response:
    body:
      string: "[\r\n  {\r\n    \"location\": \"CentralUSEUAP\",\r\n    \"name\": \"18.04.202212090\",\r\n
        \   \"id\": \"/Subscriptions/00000000-0000-0000-0000-000000000000/Providers/Microsoft.Compute/Locations/CentralUSEUAP/Publishers/Canonical/ArtifactTypes/VMImage/Offers/UbuntuServer/Skus/18.04-LTS/Versions/18.04.202212090\"\r\n
        \ }\r\n]"
    headers:
      cache-control:
      - no-cache
      content-length:
      - '300'
      content-type:
      - application/json; charset=utf-8
      date:
      - Mon, 09 Jan 2023 17:44:32 GMT
      expires:
      - '-1'
      pragma:
      - no-cache
      server:
      - Microsoft-HTTPAPI/2.0
      - Microsoft-HTTPAPI/2.0
      strict-transport-security:
      - max-age=31536000; includeSubDomains
      transfer-encoding:
      - chunked
      vary:
      - Accept-Encoding
      x-content-type-options:
      - nosniff
      x-ms-ratelimit-remaining-resource:
      - Microsoft.Compute/ListVMImagesVersionsFromLocation3Min;15999,Microsoft.Compute/ListVMImagesVersionsFromLocation30Min;43994
    status:
      code: 200
      message: OK
- request:
    body: null
    headers:
      Accept:
      - application/json
      Accept-Encoding:
      - gzip, deflate
      CommandName:
      - vm create
      Connection:
      - keep-alive
      ParameterSetName:
      - -g -n --image --admin-username --generate-ssh-key --nsg-rule
      User-Agent:
      - AZURECLI/2.44.0 azsdk-python-azure-mgmt-compute/29.0.0 Python/3.10.8 (Linux-5.15.0-1023-azure-x86_64-with-glibc2.31)
        VSTS_7b238909-6802-4b65-b90d-184bca47f458_build_220_0
    method: GET
    uri: https://management.azure.com/subscriptions/00000000-0000-0000-0000-000000000000/providers/Microsoft.Compute/locations/centraluseuap/publishers/Canonical/artifacttypes/vmimage/offers/UbuntuServer/skus/18.04-LTS/versions/18.04.202212090?api-version=2022-08-01
  response:
    body:
      string: "{\r\n  \"properties\": {\r\n    \"hyperVGeneration\": \"V1\",\r\n    \"architecture\":
        \"x64\",\r\n    \"replicaType\": \"Unmanaged\",\r\n    \"disallowed\": {\r\n
        \     \"vmDiskType\": \"None\"\r\n    },\r\n    \"automaticOSUpgradeProperties\":
        {\r\n      \"automaticOSUpgradeSupported\": true\r\n    },\r\n    \"imageDeprecationStatus\":
        {\r\n      \"imageState\": \"Active\"\r\n    },\r\n    \"features\": [\r\n
        \     {\r\n        \"name\": \"IsAcceleratedNetworkSupported\",\r\n        \"value\":
        \"True\"\r\n      },\r\n      {\r\n        \"name\": \"DiskControllerTypes\",\r\n
        \       \"value\": \"SCSI, NVMe\"\r\n      },\r\n      {\r\n        \"name\":
        \"IsHibernateSupported\",\r\n        \"value\": \"True\"\r\n      }\r\n    ],\r\n
        \   \"osDiskImage\": {\r\n      \"operatingSystem\": \"Linux\",\r\n      \"sizeInGb\":
        31,\r\n      \"sizeInBytes\": 32213303808\r\n    },\r\n    \"dataDiskImages\":
        []\r\n  },\r\n  \"location\": \"CentralUSEUAP\",\r\n  \"name\": \"18.04.202212090\",\r\n
        \ \"id\": \"/Subscriptions/00000000-0000-0000-0000-000000000000/Providers/Microsoft.Compute/Locations/CentralUSEUAP/Publishers/Canonical/ArtifactTypes/VMImage/Offers/UbuntuServer/Skus/18.04-LTS/Versions/18.04.202212090\"\r\n}"
    headers:
      cache-control:
      - no-cache
      content-length:
      - '1062'
      content-type:
      - application/json; charset=utf-8
      date:
      - Mon, 09 Jan 2023 17:44:32 GMT
      expires:
      - '-1'
      pragma:
      - no-cache
      server:
      - Microsoft-HTTPAPI/2.0
      - Microsoft-HTTPAPI/2.0
      strict-transport-security:
      - max-age=31536000; includeSubDomains
      transfer-encoding:
      - chunked
      vary:
      - Accept-Encoding
      x-content-type-options:
      - nosniff
      x-ms-ratelimit-remaining-resource:
      - Microsoft.Compute/GetVMImageFromLocation3Min;12999,Microsoft.Compute/GetVMImageFromLocation30Min;73995
    status:
      code: 200
      message: OK
- request:
    body: null
    headers:
      Accept:
      - application/json
      Accept-Encoding:
      - gzip, deflate
      CommandName:
      - vm create
      Connection:
      - keep-alive
      ParameterSetName:
      - -g -n --image --admin-username --generate-ssh-key --nsg-rule
      User-Agent:
      - AZURECLI/2.44.0 azsdk-python-azure-mgmt-network/21.0.1 Python/3.10.8 (Linux-5.15.0-1023-azure-x86_64-with-glibc2.31)
        VSTS_7b238909-6802-4b65-b90d-184bca47f458_build_220_0
    method: GET
    uri: https://management.azure.com/subscriptions/00000000-0000-0000-0000-000000000000/resourceGroups/clitest.rg000001/providers/Microsoft.Network/virtualNetworks?api-version=2022-01-01
  response:
    body:
      string: '{"value":[]}'
    headers:
      cache-control:
      - no-cache
      content-length:
      - '12'
      content-type:
      - application/json; charset=utf-8
      date:
      - Mon, 09 Jan 2023 17:44:33 GMT
      expires:
      - '-1'
      pragma:
      - no-cache
      strict-transport-security:
      - max-age=31536000; includeSubDomains
      vary:
      - Accept-Encoding
      x-content-type-options:
      - nosniff
    status:
      code: 200
      message: OK
- request:
    body: null
    headers:
      Accept:
      - '*/*'
      Accept-Encoding:
      - gzip, deflate
      Connection:
      - keep-alive
      User-Agent:
      - python-requests/2.26.0
    method: GET
    uri: https://raw.githubusercontent.com/Azure/azure-rest-api-specs/main/arm-compute/quickstart-templates/aliases.json
  response:
    body:
      string: "{\n  \"$schema\": \"http://schema.management.azure.com/schemas/2015-01-01/deploymentTemplate.json\",\n
        \ \"contentVersion\": \"1.0.0.0\",\n  \"parameters\": {},\n  \"variables\":
        {},\n  \"resources\": [],\n  \"outputs\": {\n    \"aliases\": {\n      \"type\":
        \"object\",\n      \"value\": {\n        \"Linux\": {\n          \"CentOS\":
        {\n            \"publisher\": \"OpenLogic\",\n            \"offer\": \"CentOS\",\n
        \           \"sku\": \"7.5\",\n            \"version\": \"latest\",\n            \"architecture\":
        \"x64\"\n          },\n          \"Debian\": {\n            \"publisher\":
        \"Debian\",\n            \"offer\": \"debian-10\",\n            \"sku\": \"10\",\n
        \           \"version\": \"latest\",\n            \"architecture\": \"x64\"\n
        \         },\n          \"Flatcar\": {\n            \"publisher\": \"kinvolk\",\n
        \           \"offer\": \"flatcar-container-linux-free\",\n            \"sku\":
        \"stable\",\n            \"version\": \"latest\",\n            \"architecture\":
        \"x64\"\n          },\n          \"openSUSE-Leap\": {\n            \"publisher\":
        \"SUSE\",\n            \"offer\": \"opensuse-leap-15-3\",\n            \"sku\":
        \"gen2\",\n            \"version\": \"latest\",\n            \"architecture\":
        \"x64\"\n          },\n          \"RHEL\": {\n            \"publisher\": \"RedHat\",\n
        \           \"offer\": \"RHEL\",\n            \"sku\": \"7-LVM\",\n            \"version\":
        \"latest\",\n            \"architecture\": \"x64\"\n          },\n          \"SLES\":
        {\n            \"publisher\": \"SUSE\",\n            \"offer\": \"sles-15-sp3\",\n
        \           \"sku\": \"gen2\",\n            \"version\": \"latest\",\n            \"architecture\":
        \"x64\"\n          },\n          \"UbuntuLTS\": {\n            \"publisher\":
        \"Canonical\",\n            \"offer\": \"UbuntuServer\",\n            \"sku\":
        \"18.04-LTS\",\n            \"version\": \"latest\",\n            \"architecture\":
        \"x64\"\n          }\n        },\n        \"Windows\": {\n          \"Win2022Datacenter\":
        {\n            \"publisher\": \"MicrosoftWindowsServer\",\n            \"offer\":
        \"WindowsServer\",\n            \"sku\": \"2022-Datacenter\",\n            \"version\":
        \"latest\",\n            \"architecture\": \"x64\"\n          },\n          \"Win2022AzureEditionCore\":
        {\n            \"publisher\": \"MicrosoftWindowsServer\",\n            \"offer\":
        \"WindowsServer\",\n            \"sku\": \"2022-datacenter-azure-edition-core\",\n
        \           \"version\": \"latest\",\n            \"architecture\": \"x64\"\n
        \         },\n          \"Win2019Datacenter\": {\n            \"publisher\":
        \"MicrosoftWindowsServer\",\n            \"offer\": \"WindowsServer\",\n            \"sku\":
        \"2019-Datacenter\",\n            \"version\": \"latest\",\n            \"architecture\":
        \"x64\"\n          },\n          \"Win2016Datacenter\": {\n            \"publisher\":
        \"MicrosoftWindowsServer\",\n            \"offer\": \"WindowsServer\",\n            \"sku\":
        \"2016-Datacenter\",\n            \"version\": \"latest\",\n            \"architecture\":
        \"x64\"\n          },\n          \"Win2012R2Datacenter\": {\n            \"publisher\":
        \"MicrosoftWindowsServer\",\n            \"offer\": \"WindowsServer\",\n            \"sku\":
        \"2012-R2-Datacenter\",\n            \"version\": \"latest\",\n            \"architecture\":
        \"x64\"\n          },\n          \"Win2012Datacenter\": {\n            \"publisher\":
        \"MicrosoftWindowsServer\",\n            \"offer\": \"WindowsServer\",\n            \"sku\":
        \"2012-Datacenter\",\n            \"version\": \"latest\",\n            \"architecture\":
        \"x64\"\n          },\n          \"Win2008R2SP1\": {\n            \"publisher\":
        \"MicrosoftWindowsServer\",\n            \"offer\": \"WindowsServer\",\n            \"sku\":
        \"2008-R2-SP1\",\n            \"version\": \"latest\",\n            \"architecture\":
        \"x64\"\n          }\n        }\n      }\n    }\n  }\n}"
    headers:
      accept-ranges:
      - bytes
      access-control-allow-origin:
      - '*'
      cache-control:
      - max-age=300
      connection:
      - keep-alive
      content-length:
      - '3463'
      content-security-policy:
      - default-src 'none'; style-src 'unsafe-inline'; sandbox
      content-type:
      - text/plain; charset=utf-8
      date:
      - Mon, 09 Jan 2023 17:44:34 GMT
      etag:
      - W/"41b202f4dc5098d126019dc00721a4c5e30df0c5196794514fadc3710ee2a5cb"
      expires:
      - Mon, 09 Jan 2023 17:49:34 GMT
      source-age:
      - '67'
      strict-transport-security:
      - max-age=31536000
      vary:
      - Authorization,Accept-Encoding,Origin
      via:
      - 1.1 varnish
      x-cache:
      - HIT
      x-cache-hits:
      - '1'
      x-content-type-options:
      - nosniff
      x-fastly-request-id:
      - 3fd819c1d664d7a21180731a11e0315922aaa74b
      x-frame-options:
      - deny
      x-github-request-id:
      - E1AA:89B6:2CFF2:49794:63BC3EC6
      x-served-by:
      - cache-iad-kiad7000179-IAD
      x-timer:
      - S1673286274.100079,VS0,VE1
      x-xss-protection:
      - 1; mode=block
    status:
      code: 200
      message: OK
- request:
    body: null
    headers:
      Accept:
      - application/json
      Accept-Encoding:
      - gzip, deflate
      CommandName:
      - vm create
      Connection:
      - keep-alive
      ParameterSetName:
      - -g -n --image --admin-username --generate-ssh-key --nsg-rule
      User-Agent:
      - AZURECLI/2.44.0 azsdk-python-azure-mgmt-compute/29.0.0 Python/3.10.8 (Linux-5.15.0-1023-azure-x86_64-with-glibc2.31)
        VSTS_7b238909-6802-4b65-b90d-184bca47f458_build_220_0
    method: GET
    uri: https://management.azure.com/subscriptions/00000000-0000-0000-0000-000000000000/providers/Microsoft.Compute/locations/centraluseuap/publishers/Canonical/artifacttypes/vmimage/offers/UbuntuServer/skus/18.04-LTS/versions?$top=1&$orderby=name%20desc&api-version=2022-08-01
  response:
    body:
      string: "[\r\n  {\r\n    \"location\": \"CentralUSEUAP\",\r\n    \"name\": \"18.04.202212090\",\r\n
        \   \"id\": \"/Subscriptions/00000000-0000-0000-0000-000000000000/Providers/Microsoft.Compute/Locations/CentralUSEUAP/Publishers/Canonical/ArtifactTypes/VMImage/Offers/UbuntuServer/Skus/18.04-LTS/Versions/18.04.202212090\"\r\n
        \ }\r\n]"
    headers:
      cache-control:
      - no-cache
      content-length:
      - '300'
      content-type:
      - application/json; charset=utf-8
      date:
      - Mon, 09 Jan 2023 17:44:33 GMT
      expires:
      - '-1'
      pragma:
      - no-cache
      server:
      - Microsoft-HTTPAPI/2.0
      - Microsoft-HTTPAPI/2.0
      strict-transport-security:
      - max-age=31536000; includeSubDomains
      transfer-encoding:
      - chunked
      vary:
      - Accept-Encoding
      x-content-type-options:
      - nosniff
      x-ms-ratelimit-remaining-resource:
      - Microsoft.Compute/ListVMImagesVersionsFromLocation3Min;15998,Microsoft.Compute/ListVMImagesVersionsFromLocation30Min;43993
    status:
      code: 200
      message: OK
- request:
    body: null
    headers:
      Accept:
      - application/json
      Accept-Encoding:
      - gzip, deflate
      CommandName:
      - vm create
      Connection:
      - keep-alive
      ParameterSetName:
      - -g -n --image --admin-username --generate-ssh-key --nsg-rule
      User-Agent:
      - AZURECLI/2.44.0 azsdk-python-azure-mgmt-compute/29.0.0 Python/3.10.8 (Linux-5.15.0-1023-azure-x86_64-with-glibc2.31)
        VSTS_7b238909-6802-4b65-b90d-184bca47f458_build_220_0
    method: GET
    uri: https://management.azure.com/subscriptions/00000000-0000-0000-0000-000000000000/providers/Microsoft.Compute/locations/centraluseuap/publishers/Canonical/artifacttypes/vmimage/offers/UbuntuServer/skus/18.04-LTS/versions/18.04.202212090?api-version=2022-08-01
  response:
    body:
      string: "{\r\n  \"properties\": {\r\n    \"hyperVGeneration\": \"V1\",\r\n    \"architecture\":
        \"x64\",\r\n    \"replicaType\": \"Unmanaged\",\r\n    \"disallowed\": {\r\n
        \     \"vmDiskType\": \"None\"\r\n    },\r\n    \"automaticOSUpgradeProperties\":
        {\r\n      \"automaticOSUpgradeSupported\": true\r\n    },\r\n    \"imageDeprecationStatus\":
        {\r\n      \"imageState\": \"Active\"\r\n    },\r\n    \"features\": [\r\n
        \     {\r\n        \"name\": \"IsAcceleratedNetworkSupported\",\r\n        \"value\":
        \"True\"\r\n      },\r\n      {\r\n        \"name\": \"DiskControllerTypes\",\r\n
        \       \"value\": \"SCSI, NVMe\"\r\n      },\r\n      {\r\n        \"name\":
        \"IsHibernateSupported\",\r\n        \"value\": \"True\"\r\n      }\r\n    ],\r\n
        \   \"osDiskImage\": {\r\n      \"operatingSystem\": \"Linux\",\r\n      \"sizeInGb\":
        31,\r\n      \"sizeInBytes\": 32213303808\r\n    },\r\n    \"dataDiskImages\":
        []\r\n  },\r\n  \"location\": \"CentralUSEUAP\",\r\n  \"name\": \"18.04.202212090\",\r\n
        \ \"id\": \"/Subscriptions/00000000-0000-0000-0000-000000000000/Providers/Microsoft.Compute/Locations/CentralUSEUAP/Publishers/Canonical/ArtifactTypes/VMImage/Offers/UbuntuServer/Skus/18.04-LTS/Versions/18.04.202212090\"\r\n}"
    headers:
      cache-control:
      - no-cache
      content-length:
      - '1062'
      content-type:
      - application/json; charset=utf-8
      date:
      - Mon, 09 Jan 2023 17:44:34 GMT
      expires:
      - '-1'
      pragma:
      - no-cache
      server:
      - Microsoft-HTTPAPI/2.0
      - Microsoft-HTTPAPI/2.0
      strict-transport-security:
      - max-age=31536000; includeSubDomains
      transfer-encoding:
      - chunked
      vary:
      - Accept-Encoding
      x-content-type-options:
      - nosniff
      x-ms-ratelimit-remaining-resource:
      - Microsoft.Compute/GetVMImageFromLocation3Min;12998,Microsoft.Compute/GetVMImageFromLocation30Min;73994
    status:
      code: 200
      message: OK
- request:
    body: null
    headers:
      Accept:
      - application/json
      Accept-Encoding:
      - gzip, deflate
      CommandName:
      - vm create
      Connection:
      - keep-alive
      ParameterSetName:
      - -g -n --image --admin-username --generate-ssh-key --nsg-rule
      User-Agent:
      - AZURECLI/2.44.0 azsdk-python-azure-mgmt-compute/29.0.0 Python/3.10.8 (Linux-5.15.0-1023-azure-x86_64-with-glibc2.31)
        VSTS_7b238909-6802-4b65-b90d-184bca47f458_build_220_0
    method: GET
    uri: https://management.azure.com/subscriptions/00000000-0000-0000-0000-000000000000/providers/Microsoft.Compute/locations/centraluseuap/publishers/Canonical/artifacttypes/vmimage/offers/UbuntuServer/skus/18.04-LTS/versions?$top=1&$orderby=name%20desc&api-version=2022-08-01
  response:
    body:
      string: "[\r\n  {\r\n    \"location\": \"CentralUSEUAP\",\r\n    \"name\": \"18.04.202212090\",\r\n
        \   \"id\": \"/Subscriptions/00000000-0000-0000-0000-000000000000/Providers/Microsoft.Compute/Locations/CentralUSEUAP/Publishers/Canonical/ArtifactTypes/VMImage/Offers/UbuntuServer/Skus/18.04-LTS/Versions/18.04.202212090\"\r\n
        \ }\r\n]"
    headers:
      cache-control:
      - no-cache
      content-length:
      - '300'
      content-type:
      - application/json; charset=utf-8
      date:
      - Mon, 09 Jan 2023 17:44:34 GMT
      expires:
      - '-1'
      pragma:
      - no-cache
      server:
      - Microsoft-HTTPAPI/2.0
      - Microsoft-HTTPAPI/2.0
      strict-transport-security:
      - max-age=31536000; includeSubDomains
      transfer-encoding:
      - chunked
      vary:
      - Accept-Encoding
      x-content-type-options:
      - nosniff
      x-ms-ratelimit-remaining-resource:
      - Microsoft.Compute/ListVMImagesVersionsFromLocation3Min;15997,Microsoft.Compute/ListVMImagesVersionsFromLocation30Min;43992
    status:
      code: 200
      message: OK
- request:
    body: null
    headers:
      Accept:
      - application/json
      Accept-Encoding:
      - gzip, deflate
      CommandName:
      - vm create
      Connection:
      - keep-alive
      ParameterSetName:
      - -g -n --image --admin-username --generate-ssh-key --nsg-rule
      User-Agent:
      - AZURECLI/2.44.0 azsdk-python-azure-mgmt-compute/29.0.0 Python/3.10.8 (Linux-5.15.0-1023-azure-x86_64-with-glibc2.31)
        VSTS_7b238909-6802-4b65-b90d-184bca47f458_build_220_0
    method: GET
    uri: https://management.azure.com/subscriptions/00000000-0000-0000-0000-000000000000/providers/Microsoft.Compute/locations/centraluseuap/publishers/Canonical/artifacttypes/vmimage/offers/UbuntuServer/skus/18.04-LTS/versions/18.04.202212090?api-version=2022-08-01
  response:
    body:
      string: "{\r\n  \"properties\": {\r\n    \"hyperVGeneration\": \"V1\",\r\n    \"architecture\":
        \"x64\",\r\n    \"replicaType\": \"Unmanaged\",\r\n    \"disallowed\": {\r\n
        \     \"vmDiskType\": \"None\"\r\n    },\r\n    \"automaticOSUpgradeProperties\":
        {\r\n      \"automaticOSUpgradeSupported\": true\r\n    },\r\n    \"imageDeprecationStatus\":
        {\r\n      \"imageState\": \"Active\"\r\n    },\r\n    \"features\": [\r\n
        \     {\r\n        \"name\": \"IsAcceleratedNetworkSupported\",\r\n        \"value\":
        \"True\"\r\n      },\r\n      {\r\n        \"name\": \"DiskControllerTypes\",\r\n
        \       \"value\": \"SCSI, NVMe\"\r\n      },\r\n      {\r\n        \"name\":
        \"IsHibernateSupported\",\r\n        \"value\": \"True\"\r\n      }\r\n    ],\r\n
        \   \"osDiskImage\": {\r\n      \"operatingSystem\": \"Linux\",\r\n      \"sizeInGb\":
        31,\r\n      \"sizeInBytes\": 32213303808\r\n    },\r\n    \"dataDiskImages\":
        []\r\n  },\r\n  \"location\": \"CentralUSEUAP\",\r\n  \"name\": \"18.04.202212090\",\r\n
        \ \"id\": \"/Subscriptions/00000000-0000-0000-0000-000000000000/Providers/Microsoft.Compute/Locations/CentralUSEUAP/Publishers/Canonical/ArtifactTypes/VMImage/Offers/UbuntuServer/Skus/18.04-LTS/Versions/18.04.202212090\"\r\n}"
    headers:
      cache-control:
      - no-cache
      content-length:
      - '1062'
      content-type:
      - application/json; charset=utf-8
      date:
      - Mon, 09 Jan 2023 17:44:35 GMT
      expires:
      - '-1'
      pragma:
      - no-cache
      server:
      - Microsoft-HTTPAPI/2.0
      - Microsoft-HTTPAPI/2.0
      strict-transport-security:
      - max-age=31536000; includeSubDomains
      transfer-encoding:
      - chunked
      vary:
      - Accept-Encoding
      x-content-type-options:
      - nosniff
      x-ms-ratelimit-remaining-resource:
      - Microsoft.Compute/GetVMImageFromLocation3Min;12997,Microsoft.Compute/GetVMImageFromLocation30Min;73993
    status:
      code: 200
      message: OK
- request:
    body: '{"properties": {"template": {"$schema": "https://schema.management.azure.com/schemas/2015-01-01/deploymentTemplate.json#",
      "contentVersion": "1.0.0.0", "parameters": {}, "variables": {}, "resources":
      [{"name": "vm000002VNET", "type": "Microsoft.Network/virtualNetworks", "location":
      "centraluseuap", "apiVersion": "2015-06-15", "dependsOn": [], "tags": {}, "properties":
      {"addressSpace": {"addressPrefixes": ["10.0.0.0/16"]}, "subnets": [{"name":
      "vm000002Subnet", "properties": {"addressPrefix": "10.0.0.0/24"}}]}}, {"type":
      "Microsoft.Network/networkSecurityGroups", "name": "vm000002NSG", "apiVersion":
      "2015-06-15", "location": "centraluseuap", "tags": {}, "dependsOn": []}, {"apiVersion":
      "2022-01-01", "type": "Microsoft.Network/publicIPAddresses", "name": "vm000002PublicIP",
      "location": "centraluseuap", "tags": {}, "dependsOn": [], "properties": {"publicIPAllocationMethod":
      null}}, {"apiVersion": "2015-06-15", "type": "Microsoft.Network/networkInterfaces",
      "name": "vm000002VMNic", "location": "centraluseuap", "tags": {}, "dependsOn":
      ["Microsoft.Network/virtualNetworks/vm000002VNET", "Microsoft.Network/networkSecurityGroups/vm000002NSG",
      "Microsoft.Network/publicIpAddresses/vm000002PublicIP"], "properties": {"ipConfigurations":
      [{"name": "ipconfigvm000002", "properties": {"privateIPAllocationMethod": "Dynamic",
      "subnet": {"id": "/subscriptions/00000000-0000-0000-0000-000000000000/resourceGroups/clitest.rg000001/providers/Microsoft.Network/virtualNetworks/vm000002VNET/subnets/vm000002Subnet"},
      "publicIPAddress": {"id": "/subscriptions/00000000-0000-0000-0000-000000000000/resourceGroups/clitest.rg000001/providers/Microsoft.Network/publicIPAddresses/vm000002PublicIP"}}}],
      "networkSecurityGroup": {"id": "/subscriptions/00000000-0000-0000-0000-000000000000/resourceGroups/clitest.rg000001/providers/Microsoft.Network/networkSecurityGroups/vm000002NSG"}}},
      {"apiVersion": "2022-08-01", "type": "Microsoft.Compute/virtualMachines", "name":
      "vm000002", "location": "centraluseuap", "tags": {}, "dependsOn": ["Microsoft.Network/networkInterfaces/vm000002VMNic"],
      "properties": {"hardwareProfile": {"vmSize": "Standard_DS1_v2"}, "networkProfile":
      {"networkInterfaces": [{"id": "/subscriptions/00000000-0000-0000-0000-000000000000/resourceGroups/clitest.rg000001/providers/Microsoft.Network/networkInterfaces/vm000002VMNic",
      "properties": {"deleteOption": null}}]}, "storageProfile": {"osDisk": {"createOption":
      "fromImage", "name": null, "caching": "ReadWrite", "managedDisk": {"storageAccountType":
      null}}, "imageReference": {"publisher": "Canonical", "offer": "UbuntuServer",
      "sku": "18.04-LTS", "version": "latest"}}, "osProfile": {"computerName": "vm000002",
      "adminUsername": "clitest1", "linuxConfiguration": {"disablePasswordAuthentication":
      true, "ssh": {"publicKeys": [{"keyData": "ssh-rsa AAAAB3NzaC1yc2EAAAADAQABAAABAQDaGtAtegbk/aOpd/rX04Sfh4Mf1GKWk4sJ/kOtcs92jJJ3pk6Q4IKhGbu5ChnTs3nnuV1AjilxKinhHyXR5CJeXIUkeAuqqQarszJjkQcXCLGkZvx8BcnyMoNAQplW5bSkhCfuHUku3gIEngPvPD+r4v4aFvxl7b4Wt9xESLE+GC21+u4Hwi74Zalftl3nWxZMcG9xXioREQxtjocNoFDIkqXk30UrncS/QTXhCXk2TZZEpba9OAVVa7/U4McEJ4YZ25EwmHWWUaGbGK/LVd84VfQyGEfbbMiFgV3bJ+kFrnSLfzEF7yAxhOUpW771r395Npt9y8LA2egmFXs/fCoR",
      "path": "/home/clitest1/.ssh/authorized_keys"}]}}}}}], "outputs": {}}, "parameters":
      {}, "mode": "incremental"}}'
    headers:
      Accept:
      - application/json
      Accept-Encoding:
      - gzip, deflate
      CommandName:
      - vm create
      Connection:
      - keep-alive
      Content-Length:
      - '3302'
      Content-Type:
      - application/json
      ParameterSetName:
      - -g -n --image --admin-username --generate-ssh-key --nsg-rule
      User-Agent:
      - AZURECLI/2.44.0 azsdk-python-azure-mgmt-resource/22.0.0 Python/3.10.8 (Linux-5.15.0-1023-azure-x86_64-with-glibc2.31)
        VSTS_7b238909-6802-4b65-b90d-184bca47f458_build_220_0
    method: PUT
    uri: https://management.azure.com/subscriptions/00000000-0000-0000-0000-000000000000/resourcegroups/clitest.rg000001/providers/Microsoft.Resources/deployments/mock-deployment?api-version=2022-09-01
  response:
    body:
      string: '{"id":"/subscriptions/00000000-0000-0000-0000-000000000000/resourceGroups/clitest.rg000001/providers/Microsoft.Resources/deployments/vm_deploy_jX0MAApyhMTmUrKkgb9jyxwW8GSI45xN","name":"vm_deploy_jX0MAApyhMTmUrKkgb9jyxwW8GSI45xN","type":"Microsoft.Resources/deployments","properties":{"templateHash":"4471929195948674744","parameters":{},"mode":"Incremental","provisioningState":"Accepted","timestamp":"2023-01-09T17:44:37.8761308Z","duration":"PT0.0008978S","correlationId":"a0d9bed3-1c67-4a3b-b7d4-f9e8deb5b59a","providers":[{"namespace":"Microsoft.Network","resourceTypes":[{"resourceType":"virtualNetworks","locations":["centraluseuap"]},{"resourceType":"networkSecurityGroups","locations":["centraluseuap"]},{"resourceType":"publicIPAddresses","locations":["centraluseuap"]},{"resourceType":"networkInterfaces","locations":["centraluseuap"]}]},{"namespace":"Microsoft.Compute","resourceTypes":[{"resourceType":"virtualMachines","locations":["centraluseuap"]}]}],"dependencies":[{"dependsOn":[{"id":"/subscriptions/00000000-0000-0000-0000-000000000000/resourceGroups/clitest.rg000001/providers/Microsoft.Network/virtualNetworks/vm000002VNET","resourceType":"Microsoft.Network/virtualNetworks","resourceName":"vm000002VNET"},{"id":"/subscriptions/00000000-0000-0000-0000-000000000000/resourceGroups/clitest.rg000001/providers/Microsoft.Network/networkSecurityGroups/vm000002NSG","resourceType":"Microsoft.Network/networkSecurityGroups","resourceName":"vm000002NSG"},{"id":"/subscriptions/00000000-0000-0000-0000-000000000000/resourceGroups/clitest.rg000001/providers/Microsoft.Network/publicIPAddresses/vm000002PublicIP","resourceType":"Microsoft.Network/publicIPAddresses","resourceName":"vm000002PublicIP"}],"id":"/subscriptions/00000000-0000-0000-0000-000000000000/resourceGroups/clitest.rg000001/providers/Microsoft.Network/networkInterfaces/vm000002VMNic","resourceType":"Microsoft.Network/networkInterfaces","resourceName":"vm000002VMNic"},{"dependsOn":[{"id":"/subscriptions/00000000-0000-0000-0000-000000000000/resourceGroups/clitest.rg000001/providers/Microsoft.Network/networkInterfaces/vm000002VMNic","resourceType":"Microsoft.Network/networkInterfaces","resourceName":"vm000002VMNic"}],"id":"/subscriptions/00000000-0000-0000-0000-000000000000/resourceGroups/clitest.rg000001/providers/Microsoft.Compute/virtualMachines/vm000002","resourceType":"Microsoft.Compute/virtualMachines","resourceName":"vm000002"}]}}'
    headers:
      azure-asyncoperation:
      - https://management.azure.com/subscriptions/00000000-0000-0000-0000-000000000000/resourcegroups/clitest.rg000001/providers/Microsoft.Resources/deployments/vm_deploy_jX0MAApyhMTmUrKkgb9jyxwW8GSI45xN/operationStatuses/08585283206088075352?api-version=2022-09-01
      cache-control:
      - no-cache
      content-length:
      - '2424'
      content-type:
      - application/json; charset=utf-8
      date:
      - Mon, 09 Jan 2023 17:44:37 GMT
      expires:
      - '-1'
      pragma:
      - no-cache
      strict-transport-security:
      - max-age=31536000; includeSubDomains
      x-content-type-options:
      - nosniff
      x-ms-ratelimit-remaining-subscription-writes:
      - '1199'
    status:
      code: 201
      message: Created
- request:
    body: null
    headers:
      Accept:
      - '*/*'
      Accept-Encoding:
      - gzip, deflate
      CommandName:
      - vm create
      Connection:
      - keep-alive
      ParameterSetName:
      - -g -n --image --admin-username --generate-ssh-key --nsg-rule
      User-Agent:
      - AZURECLI/2.44.0 azsdk-python-azure-mgmt-resource/22.0.0 Python/3.10.8 (Linux-5.15.0-1023-azure-x86_64-with-glibc2.31)
        VSTS_7b238909-6802-4b65-b90d-184bca47f458_build_220_0
    method: GET
    uri: https://management.azure.com/subscriptions/00000000-0000-0000-0000-000000000000/resourcegroups/clitest.rg000001/providers/Microsoft.Resources/deployments/mock-deployment/operationStatuses/08585283206088075352?api-version=2022-09-01
  response:
    body:
      string: '{"status":"Succeeded"}'
    headers:
      cache-control:
      - no-cache
      content-length:
      - '22'
      content-type:
      - application/json; charset=utf-8
      date:
      - Mon, 09 Jan 2023 17:45:07 GMT
      expires:
      - '-1'
      pragma:
      - no-cache
      strict-transport-security:
      - max-age=31536000; includeSubDomains
      vary:
      - Accept-Encoding
      x-content-type-options:
      - nosniff
    status:
      code: 200
      message: OK
- request:
    body: null
    headers:
      Accept:
      - '*/*'
      Accept-Encoding:
      - gzip, deflate
      CommandName:
      - vm create
      Connection:
      - keep-alive
      ParameterSetName:
      - -g -n --image --admin-username --generate-ssh-key --nsg-rule
      User-Agent:
      - AZURECLI/2.44.0 azsdk-python-azure-mgmt-resource/22.0.0 Python/3.10.8 (Linux-5.15.0-1023-azure-x86_64-with-glibc2.31)
        VSTS_7b238909-6802-4b65-b90d-184bca47f458_build_220_0
    method: GET
    uri: https://management.azure.com/subscriptions/00000000-0000-0000-0000-000000000000/resourcegroups/clitest.rg000001/providers/Microsoft.Resources/deployments/mock-deployment?api-version=2022-09-01
  response:
    body:
      string: '{"id":"/subscriptions/00000000-0000-0000-0000-000000000000/resourceGroups/clitest.rg000001/providers/Microsoft.Resources/deployments/vm_deploy_jX0MAApyhMTmUrKkgb9jyxwW8GSI45xN","name":"vm_deploy_jX0MAApyhMTmUrKkgb9jyxwW8GSI45xN","type":"Microsoft.Resources/deployments","properties":{"templateHash":"4471929195948674744","parameters":{},"mode":"Incremental","provisioningState":"Succeeded","timestamp":"2023-01-09T17:45:06.0531835Z","duration":"PT28.1779505S","correlationId":"a0d9bed3-1c67-4a3b-b7d4-f9e8deb5b59a","providers":[{"namespace":"Microsoft.Network","resourceTypes":[{"resourceType":"virtualNetworks","locations":["centraluseuap"]},{"resourceType":"networkSecurityGroups","locations":["centraluseuap"]},{"resourceType":"publicIPAddresses","locations":["centraluseuap"]},{"resourceType":"networkInterfaces","locations":["centraluseuap"]}]},{"namespace":"Microsoft.Compute","resourceTypes":[{"resourceType":"virtualMachines","locations":["centraluseuap"]}]}],"dependencies":[{"dependsOn":[{"id":"/subscriptions/00000000-0000-0000-0000-000000000000/resourceGroups/clitest.rg000001/providers/Microsoft.Network/virtualNetworks/vm000002VNET","resourceType":"Microsoft.Network/virtualNetworks","resourceName":"vm000002VNET"},{"id":"/subscriptions/00000000-0000-0000-0000-000000000000/resourceGroups/clitest.rg000001/providers/Microsoft.Network/networkSecurityGroups/vm000002NSG","resourceType":"Microsoft.Network/networkSecurityGroups","resourceName":"vm000002NSG"},{"id":"/subscriptions/00000000-0000-0000-0000-000000000000/resourceGroups/clitest.rg000001/providers/Microsoft.Network/publicIPAddresses/vm000002PublicIP","resourceType":"Microsoft.Network/publicIPAddresses","resourceName":"vm000002PublicIP"}],"id":"/subscriptions/00000000-0000-0000-0000-000000000000/resourceGroups/clitest.rg000001/providers/Microsoft.Network/networkInterfaces/vm000002VMNic","resourceType":"Microsoft.Network/networkInterfaces","resourceName":"vm000002VMNic"},{"dependsOn":[{"id":"/subscriptions/00000000-0000-0000-0000-000000000000/resourceGroups/clitest.rg000001/providers/Microsoft.Network/networkInterfaces/vm000002VMNic","resourceType":"Microsoft.Network/networkInterfaces","resourceName":"vm000002VMNic"}],"id":"/subscriptions/00000000-0000-0000-0000-000000000000/resourceGroups/clitest.rg000001/providers/Microsoft.Compute/virtualMachines/vm000002","resourceType":"Microsoft.Compute/virtualMachines","resourceName":"vm000002"}],"outputs":{},"outputResources":[{"id":"/subscriptions/00000000-0000-0000-0000-000000000000/resourceGroups/clitest.rg000001/providers/Microsoft.Compute/virtualMachines/vm000002"},{"id":"/subscriptions/00000000-0000-0000-0000-000000000000/resourceGroups/clitest.rg000001/providers/Microsoft.Network/networkInterfaces/vm000002VMNic"},{"id":"/subscriptions/00000000-0000-0000-0000-000000000000/resourceGroups/clitest.rg000001/providers/Microsoft.Network/networkSecurityGroups/vm000002NSG"},{"id":"/subscriptions/00000000-0000-0000-0000-000000000000/resourceGroups/clitest.rg000001/providers/Microsoft.Network/publicIPAddresses/vm000002PublicIP"},{"id":"/subscriptions/00000000-0000-0000-0000-000000000000/resourceGroups/clitest.rg000001/providers/Microsoft.Network/virtualNetworks/vm000002VNET"}]}}'
    headers:
      cache-control:
      - no-cache
      content-length:
      - '3219'
      content-type:
      - application/json; charset=utf-8
      date:
      - Mon, 09 Jan 2023 17:45:07 GMT
      expires:
      - '-1'
      pragma:
      - no-cache
      strict-transport-security:
      - max-age=31536000; includeSubDomains
      vary:
      - Accept-Encoding
      x-content-type-options:
      - nosniff
    status:
      code: 200
      message: OK
- request:
    body: null
    headers:
      Accept:
      - application/json
      Accept-Encoding:
      - gzip, deflate
      CommandName:
      - vm create
      Connection:
      - keep-alive
      ParameterSetName:
      - -g -n --image --admin-username --generate-ssh-key --nsg-rule
      User-Agent:
      - AZURECLI/2.44.0 azsdk-python-azure-mgmt-compute/29.0.0 Python/3.10.8 (Linux-5.15.0-1023-azure-x86_64-with-glibc2.31)
        VSTS_7b238909-6802-4b65-b90d-184bca47f458_build_220_0
    method: GET
    uri: https://management.azure.com/subscriptions/00000000-0000-0000-0000-000000000000/resourceGroups/clitest.rg000001/providers/Microsoft.Compute/virtualMachines/vm000002?$expand=instanceView&api-version=2022-08-01
  response:
    body:
      string: "{\r\n  \"name\": \"vm000002\",\r\n  \"id\": \"/subscriptions/00000000-0000-0000-0000-000000000000/resourceGroups/clitest.rg000001/providers/Microsoft.Compute/virtualMachines/vm000002\",\r\n
        \ \"type\": \"Microsoft.Compute/virtualMachines\",\r\n  \"location\": \"centraluseuap\",\r\n
        \ \"tags\": {},\r\n  \"properties\": {\r\n    \"vmId\": \"2c435c7f-2870-4f5f-b1bb-19287451b0ef\",\r\n
        \   \"hardwareProfile\": {\r\n      \"vmSize\": \"Standard_DS1_v2\"\r\n    },\r\n
        \   \"storageProfile\": {\r\n      \"imageReference\": {\r\n        \"publisher\":
        \"Canonical\",\r\n        \"offer\": \"UbuntuServer\",\r\n        \"sku\":
        \"18.04-LTS\",\r\n        \"version\": \"latest\",\r\n        \"exactVersion\":
        \"18.04.202212090\"\r\n      },\r\n      \"osDisk\": {\r\n        \"osType\":
        \"Linux\",\r\n        \"name\": \"vm000002_disk1_67a51b40c3dc4277b7ea7f44a18d1ad3\",\r\n
        \       \"createOption\": \"FromImage\",\r\n        \"caching\": \"ReadWrite\",\r\n
        \       \"managedDisk\": {\r\n          \"storageAccountType\": \"Premium_LRS\",\r\n
        \         \"id\": \"/subscriptions/00000000-0000-0000-0000-000000000000/resourceGroups/clitest.rg000001/providers/Microsoft.Compute/disks/vm000002_disk1_67a51b40c3dc4277b7ea7f44a18d1ad3\"\r\n
        \       },\r\n        \"deleteOption\": \"Detach\",\r\n        \"diskSizeGB\":
        30\r\n      },\r\n      \"dataDisks\": []\r\n    },\r\n    \"osProfile\":
        {\r\n      \"computerName\": \"vm000002\",\r\n      \"adminUsername\": \"clitest1\",\r\n
        \     \"linuxConfiguration\": {\r\n        \"disablePasswordAuthentication\":
        true,\r\n        \"ssh\": {\r\n          \"publicKeys\": [\r\n            {\r\n
        \             \"path\": \"/home/clitest1/.ssh/authorized_keys\",\r\n              \"keyData\":
        \"ssh-rsa AAAAB3NzaC1yc2EAAAADAQABAAABAQDaGtAtegbk/aOpd/rX04Sfh4Mf1GKWk4sJ/kOtcs92jJJ3pk6Q4IKhGbu5ChnTs3nnuV1AjilxKinhHyXR5CJeXIUkeAuqqQarszJjkQcXCLGkZvx8BcnyMoNAQplW5bSkhCfuHUku3gIEngPvPD+r4v4aFvxl7b4Wt9xESLE+GC21+u4Hwi74Zalftl3nWxZMcG9xXioREQxtjocNoFDIkqXk30UrncS/QTXhCXk2TZZEpba9OAVVa7/U4McEJ4YZ25EwmHWWUaGbGK/LVd84VfQyGEfbbMiFgV3bJ+kFrnSLfzEF7yAxhOUpW771r395Npt9y8LA2egmFXs/fCoR\"\r\n
        \           }\r\n          ]\r\n        },\r\n        \"provisionVMAgent\":
        true,\r\n        \"patchSettings\": {\r\n          \"patchMode\": \"ImageDefault\",\r\n
        \         \"assessmentMode\": \"ImageDefault\"\r\n        },\r\n        \"enableVMAgentPlatformUpdates\":
        false\r\n      },\r\n      \"secrets\": [],\r\n      \"allowExtensionOperations\":
        true,\r\n      \"requireGuestProvisionSignal\": true\r\n    },\r\n    \"networkProfile\":
        {\"networkInterfaces\":[{\"id\":\"/subscriptions/00000000-0000-0000-0000-000000000000/resourceGroups/clitest.rg000001/providers/Microsoft.Network/networkInterfaces/vm000002VMNic\"}]},\r\n
        \   \"provisioningState\": \"Succeeded\",\r\n    \"instanceView\": {\r\n      \"vmAgent\":
        {\r\n        \"vmAgentVersion\": \"Unknown\",\r\n        \"statuses\": [\r\n
        \         {\r\n            \"code\": \"ProvisioningState/Unavailable\",\r\n
        \           \"level\": \"Warning\",\r\n            \"displayStatus\": \"Not
        Ready\",\r\n            \"message\": \"VM status blob is found but not yet
        populated.\",\r\n            \"time\": \"2023-01-09T17:45:09+00:00\"\r\n          }\r\n
        \       ]\r\n      },\r\n      \"disks\": [\r\n        {\r\n          \"name\":
        \"vm000002_disk1_67a51b40c3dc4277b7ea7f44a18d1ad3\",\r\n          \"statuses\":
        [\r\n            {\r\n              \"code\": \"ProvisioningState/succeeded\",\r\n
        \             \"level\": \"Info\",\r\n              \"displayStatus\": \"Provisioning
        succeeded\",\r\n              \"time\": \"2023-01-09T17:44:50.7814849+00:00\"\r\n
        \           }\r\n          ]\r\n        }\r\n      ],\r\n      \"hyperVGeneration\":
        \"V1\",\r\n      \"statuses\": [\r\n        {\r\n          \"code\": \"ProvisioningState/succeeded\",\r\n
        \         \"level\": \"Info\",\r\n          \"displayStatus\": \"Provisioning
        succeeded\",\r\n          \"time\": \"2023-01-09T17:45:04.5159352+00:00\"\r\n
        \       },\r\n        {\r\n          \"code\": \"PowerState/running\",\r\n
        \         \"level\": \"Info\",\r\n          \"displayStatus\": \"VM running\"\r\n
        \       }\r\n      ]\r\n    },\r\n    \"timeCreated\": \"2023-01-09T17:44:49.0315089+00:00\"\r\n
        \ }\r\n}"
    headers:
      cache-control:
      - no-cache
      content-length:
      - '3784'
      content-type:
      - application/json; charset=utf-8
      date:
      - Mon, 09 Jan 2023 17:45:08 GMT
      expires:
      - '-1'
      pragma:
      - no-cache
      server:
      - Microsoft-HTTPAPI/2.0
      - Microsoft-HTTPAPI/2.0
      strict-transport-security:
      - max-age=31536000; includeSubDomains
      transfer-encoding:
      - chunked
      vary:
      - Accept-Encoding
      x-content-type-options:
      - nosniff
      x-ms-ratelimit-remaining-resource:
      - Microsoft.Compute/LowCostGet3Min;3994,Microsoft.Compute/LowCostGet30Min;31990
    status:
      code: 200
      message: OK
- request:
    body: null
    headers:
      Accept:
      - application/json
      Accept-Encoding:
      - gzip, deflate
      CommandName:
      - vm create
      Connection:
      - keep-alive
      ParameterSetName:
      - -g -n --image --admin-username --generate-ssh-key --nsg-rule
      User-Agent:
      - AZURECLI/2.44.0 azsdk-python-azure-mgmt-network/21.0.1 Python/3.10.8 (Linux-5.15.0-1023-azure-x86_64-with-glibc2.31)
        VSTS_7b238909-6802-4b65-b90d-184bca47f458_build_220_0
    method: GET
    uri: https://management.azure.com/subscriptions/00000000-0000-0000-0000-000000000000/resourceGroups/clitest.rg000001/providers/Microsoft.Network/networkInterfaces/vm000002VMNic?api-version=2022-01-01
  response:
    body:
      string: "{\r\n  \"name\": \"vm000002VMNic\",\r\n  \"id\": \"/subscriptions/00000000-0000-0000-0000-000000000000/resourceGroups/clitest.rg000001/providers/Microsoft.Network/networkInterfaces/vm000002VMNic\",\r\n
        \ \"etag\": \"W/\\\"29ffb808-d239-48ad-8a6f-7005d5e2197a\\\"\",\r\n  \"tags\":
        {},\r\n  \"properties\": {\r\n    \"provisioningState\": \"Succeeded\",\r\n
        \   \"resourceGuid\": \"6b8a1386-57e4-4959-b35f-8afe75325f03\",\r\n    \"ipConfigurations\":
        [\r\n      {\r\n        \"name\": \"ipconfigvm000002\",\r\n        \"id\":
        \"/subscriptions/00000000-0000-0000-0000-000000000000/resourceGroups/clitest.rg000001/providers/Microsoft.Network/networkInterfaces/vm000002VMNic/ipConfigurations/ipconfigvm000002\",\r\n
        \       \"etag\": \"W/\\\"29ffb808-d239-48ad-8a6f-7005d5e2197a\\\"\",\r\n
        \       \"type\": \"Microsoft.Network/networkInterfaces/ipConfigurations\",\r\n
        \       \"properties\": {\r\n          \"provisioningState\": \"Succeeded\",\r\n
        \         \"privateIPAddress\": \"10.0.0.4\",\r\n          \"privateIPAllocationMethod\":
        \"Dynamic\",\r\n          \"publicIPAddress\": {\r\n            \"id\": \"/subscriptions/00000000-0000-0000-0000-000000000000/resourceGroups/clitest.rg000001/providers/Microsoft.Network/publicIPAddresses/vm000002PublicIP\"\r\n
        \         },\r\n          \"subnet\": {\r\n            \"id\": \"/subscriptions/00000000-0000-0000-0000-000000000000/resourceGroups/clitest.rg000001/providers/Microsoft.Network/virtualNetworks/vm000002VNET/subnets/vm000002Subnet\"\r\n
        \         },\r\n          \"primary\": true,\r\n          \"privateIPAddressVersion\":
        \"IPv4\"\r\n        }\r\n      }\r\n    ],\r\n    \"dnsSettings\": {\r\n      \"dnsServers\":
        [],\r\n      \"appliedDnsServers\": [],\r\n      \"internalDomainNameSuffix\":
        \"nuclx0ely0uufgiufgbaaso0ub.cdmx.internal.cloudapp.net\"\r\n    },\r\n    \"macAddress\":
        \"60-45-BD-76-09-9C\",\r\n    \"vnetEncryptionSupported\": false,\r\n    \"enableIPForwarding\":
        false,\r\n    \"networkSecurityGroup\": {\r\n      \"id\": \"/subscriptions/00000000-0000-0000-0000-000000000000/resourceGroups/clitest.rg000001/providers/Microsoft.Network/networkSecurityGroups/vm000002NSG\"\r\n
        \   },\r\n    \"primary\": true,\r\n    \"virtualMachine\": {\r\n      \"id\":
        \"/subscriptions/00000000-0000-0000-0000-000000000000/resourceGroups/clitest.rg000001/providers/Microsoft.Compute/virtualMachines/vm000002\"\r\n
        \   },\r\n    \"hostedWorkloads\": [],\r\n    \"tapConfigurations\": [],\r\n
        \   \"nicType\": \"Standard\",\r\n    \"allowPort25Out\": true\r\n  },\r\n
        \ \"type\": \"Microsoft.Network/networkInterfaces\",\r\n  \"location\": \"centraluseuap\",\r\n
        \ \"kind\": \"Regular\"\r\n}"
    headers:
      cache-control:
      - no-cache
      content-length:
      - '2406'
      content-type:
      - application/json; charset=utf-8
      date:
      - Mon, 09 Jan 2023 17:45:09 GMT
      etag:
      - W/"29ffb808-d239-48ad-8a6f-7005d5e2197a"
      expires:
      - '-1'
      pragma:
      - no-cache
      server:
      - Microsoft-HTTPAPI/2.0
      - Microsoft-HTTPAPI/2.0
      strict-transport-security:
      - max-age=31536000; includeSubDomains
      x-content-type-options:
      - nosniff
      x-ms-arm-service-request-id:
      - 988ee5b0-5ebf-43e5-9d99-6037a0692f19
    status:
      code: 200
      message: ''
- request:
    body: null
    headers:
      Accept:
      - application/json
      Accept-Encoding:
      - gzip, deflate
      CommandName:
      - vm create
      Connection:
      - keep-alive
      ParameterSetName:
      - -g -n --image --admin-username --generate-ssh-key --nsg-rule
      User-Agent:
      - AZURECLI/2.44.0 azsdk-python-azure-mgmt-network/21.0.1 Python/3.10.8 (Linux-5.15.0-1023-azure-x86_64-with-glibc2.31)
        VSTS_7b238909-6802-4b65-b90d-184bca47f458_build_220_0
    method: GET
    uri: https://management.azure.com/subscriptions/00000000-0000-0000-0000-000000000000/resourceGroups/clitest.rg000001/providers/Microsoft.Network/publicIPAddresses/vm000002PublicIP?api-version=2022-01-01
  response:
    body:
      string: "{\r\n  \"name\": \"vm000002PublicIP\",\r\n  \"id\": \"/subscriptions/00000000-0000-0000-0000-000000000000/resourceGroups/clitest.rg000001/providers/Microsoft.Network/publicIPAddresses/vm000002PublicIP\",\r\n
        \ \"etag\": \"W/\\\"dbb32b1a-6a72-4389-9305-125f2dd0b963\\\"\",\r\n  \"location\":
        \"centraluseuap\",\r\n  \"tags\": {},\r\n  \"properties\": {\r\n    \"provisioningState\":
        \"Succeeded\",\r\n    \"resourceGuid\": \"de4875d8-c2d8-4c8b-afd5-abefc06123d5\",\r\n
        \   \"ipAddress\": \"20.45.255.135\",\r\n    \"publicIPAddressVersion\": \"IPv4\",\r\n
        \   \"publicIPAllocationMethod\": \"Dynamic\",\r\n    \"idleTimeoutInMinutes\":
        4,\r\n    \"ipTags\": [],\r\n    \"ipConfiguration\": {\r\n      \"id\": \"/subscriptions/00000000-0000-0000-0000-000000000000/resourceGroups/clitest.rg000001/providers/Microsoft.Network/networkInterfaces/vm000002VMNic/ipConfigurations/ipconfigvm000002\"\r\n
        \   }\r\n  },\r\n  \"type\": \"Microsoft.Network/publicIPAddresses\",\r\n
        \ \"sku\": {\r\n    \"name\": \"Basic\",\r\n    \"tier\": \"Regional\"\r\n
        \ }\r\n}"
    headers:
      cache-control:
      - no-cache
      content-length:
      - '931'
      content-type:
      - application/json; charset=utf-8
      date:
      - Mon, 09 Jan 2023 17:45:10 GMT
      etag:
      - W/"dbb32b1a-6a72-4389-9305-125f2dd0b963"
      expires:
      - '-1'
      pragma:
      - no-cache
      server:
      - Microsoft-HTTPAPI/2.0
      - Microsoft-HTTPAPI/2.0
      strict-transport-security:
      - max-age=31536000; includeSubDomains
      x-content-type-options:
      - nosniff
      x-ms-arm-service-request-id:
      - 2d94d975-1361-4c02-8a7c-5243a62d85c1
    status:
      code: 200
      message: ''
- request:
    body: null
    headers:
      Accept:
      - application/json
      Accept-Encoding:
      - gzip, deflate
      CommandName:
      - vm deallocate
      Connection:
      - keep-alive
      Content-Length:
      - '0'
      ParameterSetName:
      - -g -n
      User-Agent:
      - AZURECLI/2.44.0 azsdk-python-azure-mgmt-compute/29.0.0 Python/3.10.8 (Linux-5.15.0-1023-azure-x86_64-with-glibc2.31)
        VSTS_7b238909-6802-4b65-b90d-184bca47f458_build_220_0
    method: POST
    uri: https://management.azure.com/subscriptions/00000000-0000-0000-0000-000000000000/resourceGroups/clitest.rg000001/providers/Microsoft.Compute/virtualMachines/vm000002/deallocate?api-version=2022-08-01
  response:
    body:
      string: ''
    headers:
      azure-asyncnotification:
      - Enabled
      azure-asyncoperation:
      - https://management.azure.com/subscriptions/00000000-0000-0000-0000-000000000000/providers/Microsoft.Compute/locations/CentralUSEUAP/operations/e6c6ac3f-8058-4d6b-af5f-a797b4f68f6b?p=2745cc42-2cf3-41b7-830c-129b79fbec46&api-version=2022-08-01
      cache-control:
      - no-cache
      content-length:
      - '0'
      date:
      - Mon, 09 Jan 2023 17:45:10 GMT
      expires:
      - '-1'
      location:
      - https://management.azure.com/subscriptions/00000000-0000-0000-0000-000000000000/providers/Microsoft.Compute/locations/CentralUSEUAP/operations/e6c6ac3f-8058-4d6b-af5f-a797b4f68f6b?p=2745cc42-2cf3-41b7-830c-129b79fbec46&monitor=true&api-version=2022-08-01
      pragma:
      - no-cache
      server:
      - Microsoft-HTTPAPI/2.0
      - Microsoft-HTTPAPI/2.0
      strict-transport-security:
      - max-age=31536000; includeSubDomains
      x-content-type-options:
      - nosniff
      x-ms-ratelimit-remaining-resource:
      - Microsoft.Compute/DeleteVM3Min;238,Microsoft.Compute/DeleteVM30Min;1197
      x-ms-ratelimit-remaining-subscription-writes:
      - '1199'
    status:
      code: 202
      message: Accepted
- request:
    body: null
    headers:
      Accept:
      - '*/*'
      Accept-Encoding:
      - gzip, deflate
      CommandName:
      - vm deallocate
      Connection:
      - keep-alive
      ParameterSetName:
      - -g -n
      User-Agent:
      - AZURECLI/2.44.0 azsdk-python-azure-mgmt-compute/29.0.0 Python/3.10.8 (Linux-5.15.0-1023-azure-x86_64-with-glibc2.31)
        VSTS_7b238909-6802-4b65-b90d-184bca47f458_build_220_0
    method: GET
    uri: https://management.azure.com/subscriptions/00000000-0000-0000-0000-000000000000/providers/Microsoft.Compute/locations/CentralUSEUAP/operations/e6c6ac3f-8058-4d6b-af5f-a797b4f68f6b?p=2745cc42-2cf3-41b7-830c-129b79fbec46&api-version=2022-08-01
  response:
    body:
      string: "{\r\n  \"startTime\": \"2023-01-09T17:45:10.9534686+00:00\",\r\n  \"status\":
        \"InProgress\",\r\n  \"name\": \"e6c6ac3f-8058-4d6b-af5f-a797b4f68f6b\"\r\n}"
    headers:
      cache-control:
      - no-cache
      content-length:
      - '134'
      content-type:
      - application/json; charset=utf-8
      date:
      - Mon, 09 Jan 2023 17:45:20 GMT
      expires:
      - '-1'
      pragma:
      - no-cache
      server:
      - Microsoft-HTTPAPI/2.0
      - Microsoft-HTTPAPI/2.0
      strict-transport-security:
      - max-age=31536000; includeSubDomains
      transfer-encoding:
      - chunked
      vary:
      - Accept-Encoding
      x-content-type-options:
      - nosniff
      x-ms-ratelimit-remaining-resource:
      - Microsoft.Compute/GetOperation3Min;14996,Microsoft.Compute/GetOperation30Min;29987
    status:
      code: 200
      message: OK
- request:
    body: null
    headers:
      Accept:
      - '*/*'
      Accept-Encoding:
      - gzip, deflate
      CommandName:
      - vm deallocate
      Connection:
      - keep-alive
      ParameterSetName:
      - -g -n
      User-Agent:
      - AZURECLI/2.44.0 azsdk-python-azure-mgmt-compute/29.0.0 Python/3.10.8 (Linux-5.15.0-1023-azure-x86_64-with-glibc2.31)
        VSTS_7b238909-6802-4b65-b90d-184bca47f458_build_220_0
    method: GET
    uri: https://management.azure.com/subscriptions/00000000-0000-0000-0000-000000000000/providers/Microsoft.Compute/locations/CentralUSEUAP/operations/e6c6ac3f-8058-4d6b-af5f-a797b4f68f6b?p=2745cc42-2cf3-41b7-830c-129b79fbec46&api-version=2022-08-01
  response:
    body:
      string: "{\r\n  \"startTime\": \"2023-01-09T17:45:10.9534686+00:00\",\r\n  \"endTime\":
        \"2023-01-09T17:45:47.578625+00:00\",\r\n  \"status\": \"Succeeded\",\r\n
        \ \"name\": \"e6c6ac3f-8058-4d6b-af5f-a797b4f68f6b\"\r\n}"
    headers:
      cache-control:
      - no-cache
      content-length:
      - '183'
      content-type:
      - application/json; charset=utf-8
      date:
      - Mon, 09 Jan 2023 17:45:56 GMT
      expires:
      - '-1'
      pragma:
      - no-cache
      server:
      - Microsoft-HTTPAPI/2.0
      - Microsoft-HTTPAPI/2.0
      strict-transport-security:
      - max-age=31536000; includeSubDomains
      transfer-encoding:
      - chunked
      vary:
      - Accept-Encoding
      x-content-type-options:
      - nosniff
      x-ms-ratelimit-remaining-resource:
      - Microsoft.Compute/GetOperation3Min;14993,Microsoft.Compute/GetOperation30Min;29984
    status:
      code: 200
      message: OK
- request:
    body: null
    headers:
      Accept:
      - '*/*'
      Accept-Encoding:
      - gzip, deflate
      CommandName:
      - vm deallocate
      Connection:
      - keep-alive
      ParameterSetName:
      - -g -n
      User-Agent:
      - AZURECLI/2.44.0 azsdk-python-azure-mgmt-compute/29.0.0 Python/3.10.8 (Linux-5.15.0-1023-azure-x86_64-with-glibc2.31)
        VSTS_7b238909-6802-4b65-b90d-184bca47f458_build_220_0
    method: GET
    uri: https://management.azure.com/subscriptions/00000000-0000-0000-0000-000000000000/providers/Microsoft.Compute/locations/CentralUSEUAP/operations/e6c6ac3f-8058-4d6b-af5f-a797b4f68f6b?p=2745cc42-2cf3-41b7-830c-129b79fbec46&monitor=true&api-version=2022-08-01
  response:
    body:
      string: ''
    headers:
      cache-control:
      - no-cache
      content-length:
      - '0'
      date:
      - Mon, 09 Jan 2023 17:45:56 GMT
      expires:
      - '-1'
      pragma:
      - no-cache
      server:
      - Microsoft-HTTPAPI/2.0
      - Microsoft-HTTPAPI/2.0
      strict-transport-security:
      - max-age=31536000; includeSubDomains
      x-content-type-options:
      - nosniff
      x-ms-ratelimit-remaining-resource:
      - Microsoft.Compute/GetOperation3Min;14992,Microsoft.Compute/GetOperation30Min;29983
    status:
      code: 200
      message: OK
- request:
    body: null
    headers:
      Accept:
      - application/json
      Accept-Encoding:
      - gzip, deflate
      CommandName:
      - vm generalize
      Connection:
      - keep-alive
      Content-Length:
      - '0'
      ParameterSetName:
      - -g -n
      User-Agent:
      - AZURECLI/2.44.0 azsdk-python-azure-mgmt-compute/29.0.0 Python/3.10.8 (Linux-5.15.0-1023-azure-x86_64-with-glibc2.31)
        VSTS_7b238909-6802-4b65-b90d-184bca47f458_build_220_0
    method: POST
    uri: https://management.azure.com/subscriptions/00000000-0000-0000-0000-000000000000/resourceGroups/clitest.rg000001/providers/Microsoft.Compute/virtualMachines/vm000002/generalize?api-version=2022-08-01
  response:
    body:
      string: ''
    headers:
      cache-control:
      - no-cache
      content-length:
      - '0'
      date:
      - Mon, 09 Jan 2023 17:45:57 GMT
      expires:
      - '-1'
      pragma:
      - no-cache
      server:
      - Microsoft-HTTPAPI/2.0
      - Microsoft-HTTPAPI/2.0
      strict-transport-security:
      - max-age=31536000; includeSubDomains
      x-content-type-options:
      - nosniff
      x-ms-ratelimit-remaining-resource:
      - Microsoft.Compute/UpdateVM3Min;239,Microsoft.Compute/UpdateVM30Min;1198
      x-ms-ratelimit-remaining-subscription-writes:
      - '1199'
    status:
      code: 200
      message: OK
- request:
    body: null
    headers:
      Accept:
      - application/json
      Accept-Encoding:
      - gzip, deflate
      CommandName:
      - image create
      Connection:
      - keep-alive
      ParameterSetName:
      - -g -n --source
      User-Agent:
      - AZURECLI/2.44.0 azsdk-python-azure-mgmt-compute/29.0.0 Python/3.10.8 (Linux-5.15.0-1023-azure-x86_64-with-glibc2.31)
        VSTS_7b238909-6802-4b65-b90d-184bca47f458_build_220_0
    method: GET
    uri: https://management.azure.com/subscriptions/00000000-0000-0000-0000-000000000000/resourceGroups/clitest.rg000001/providers/Microsoft.Compute/virtualMachines/vm000002?api-version=2022-08-01
  response:
    body:
      string: "{\r\n  \"name\": \"vm000002\",\r\n  \"id\": \"/subscriptions/00000000-0000-0000-0000-000000000000/resourceGroups/clitest.rg000001/providers/Microsoft.Compute/virtualMachines/vm000002\",\r\n
        \ \"type\": \"Microsoft.Compute/virtualMachines\",\r\n  \"location\": \"centraluseuap\",\r\n
        \ \"tags\": {},\r\n  \"properties\": {\r\n    \"vmId\": \"2c435c7f-2870-4f5f-b1bb-19287451b0ef\",\r\n
        \   \"hardwareProfile\": {\r\n      \"vmSize\": \"Standard_DS1_v2\"\r\n    },\r\n
        \   \"storageProfile\": {\r\n      \"imageReference\": {\r\n        \"publisher\":
        \"Canonical\",\r\n        \"offer\": \"UbuntuServer\",\r\n        \"sku\":
        \"18.04-LTS\",\r\n        \"version\": \"latest\",\r\n        \"exactVersion\":
        \"18.04.202212090\"\r\n      },\r\n      \"osDisk\": {\r\n        \"osType\":
        \"Linux\",\r\n        \"name\": \"vm000002_disk1_67a51b40c3dc4277b7ea7f44a18d1ad3\",\r\n
        \       \"createOption\": \"FromImage\",\r\n        \"caching\": \"ReadWrite\",\r\n
        \       \"managedDisk\": {\r\n          \"id\": \"/subscriptions/00000000-0000-0000-0000-000000000000/resourceGroups/clitest.rg000001/providers/Microsoft.Compute/disks/vm000002_disk1_67a51b40c3dc4277b7ea7f44a18d1ad3\"\r\n
        \       },\r\n        \"deleteOption\": \"Detach\"\r\n      },\r\n      \"dataDisks\":
        []\r\n    },\r\n    \"osProfile\": {\r\n      \"computerName\": \"vm000002\",\r\n
        \     \"adminUsername\": \"clitest1\",\r\n      \"linuxConfiguration\": {\r\n
        \       \"disablePasswordAuthentication\": true,\r\n        \"ssh\": {\r\n
        \         \"publicKeys\": [\r\n            {\r\n              \"path\": \"/home/clitest1/.ssh/authorized_keys\",\r\n
        \             \"keyData\": \"ssh-rsa AAAAB3NzaC1yc2EAAAADAQABAAABAQDaGtAtegbk/aOpd/rX04Sfh4Mf1GKWk4sJ/kOtcs92jJJ3pk6Q4IKhGbu5ChnTs3nnuV1AjilxKinhHyXR5CJeXIUkeAuqqQarszJjkQcXCLGkZvx8BcnyMoNAQplW5bSkhCfuHUku3gIEngPvPD+r4v4aFvxl7b4Wt9xESLE+GC21+u4Hwi74Zalftl3nWxZMcG9xXioREQxtjocNoFDIkqXk30UrncS/QTXhCXk2TZZEpba9OAVVa7/U4McEJ4YZ25EwmHWWUaGbGK/LVd84VfQyGEfbbMiFgV3bJ+kFrnSLfzEF7yAxhOUpW771r395Npt9y8LA2egmFXs/fCoR\"\r\n
        \           }\r\n          ]\r\n        },\r\n        \"provisionVMAgent\":
        true,\r\n        \"patchSettings\": {\r\n          \"patchMode\": \"ImageDefault\",\r\n
        \         \"assessmentMode\": \"ImageDefault\"\r\n        },\r\n        \"enableVMAgentPlatformUpdates\":
        false\r\n      },\r\n      \"secrets\": [],\r\n      \"allowExtensionOperations\":
        true,\r\n      \"requireGuestProvisionSignal\": true\r\n    },\r\n    \"networkProfile\":
        {\"networkInterfaces\":[{\"id\":\"/subscriptions/00000000-0000-0000-0000-000000000000/resourceGroups/clitest.rg000001/providers/Microsoft.Network/networkInterfaces/vm000002VMNic\"}]},\r\n
        \   \"provisioningState\": \"Succeeded\",\r\n    \"timeCreated\": \"2023-01-09T17:44:49.0315089+00:00\"\r\n
        \ }\r\n}"
    headers:
      cache-control:
      - no-cache
      content-length:
      - '2501'
      content-type:
      - application/json; charset=utf-8
      date:
      - Mon, 09 Jan 2023 17:45:57 GMT
      expires:
      - '-1'
      pragma:
      - no-cache
      server:
      - Microsoft-HTTPAPI/2.0
      - Microsoft-HTTPAPI/2.0
      strict-transport-security:
      - max-age=31536000; includeSubDomains
      transfer-encoding:
      - chunked
      vary:
      - Accept-Encoding
      x-content-type-options:
      - nosniff
      x-ms-ratelimit-remaining-resource:
      - Microsoft.Compute/LowCostGet3Min;3993,Microsoft.Compute/LowCostGet30Min;31989
    status:
      code: 200
      message: OK
- request:
    body: null
    headers:
      Accept:
      - application/json
      Accept-Encoding:
      - gzip, deflate
      CommandName:
      - image create
      Connection:
      - keep-alive
      ParameterSetName:
      - -g -n --source
      User-Agent:
      - AZURECLI/2.44.0 azsdk-python-azure-mgmt-resource/22.0.0 Python/3.10.8 (Linux-5.15.0-1023-azure-x86_64-with-glibc2.31)
        VSTS_7b238909-6802-4b65-b90d-184bca47f458_build_220_0
    method: GET
    uri: https://management.azure.com/subscriptions/00000000-0000-0000-0000-000000000000/resourcegroups/clitest.rg000001?api-version=2022-09-01
  response:
    body:
      string: '{"id":"/subscriptions/00000000-0000-0000-0000-000000000000/resourceGroups/clitest.rg000001","name":"clitest.rg000001","type":"Microsoft.Resources/resourceGroups","location":"centraluseuap","tags":{"product":"azurecli","cause":"automation","date":"2023-01-09T17:43:25Z"},"properties":{"provisioningState":"Succeeded"}}'
    headers:
      cache-control:
      - no-cache
      content-length:
      - '317'
      content-type:
      - application/json; charset=utf-8
      date:
      - Mon, 09 Jan 2023 17:45:58 GMT
      expires:
      - '-1'
      pragma:
      - no-cache
      strict-transport-security:
      - max-age=31536000; includeSubDomains
      vary:
      - Accept-Encoding
      x-content-type-options:
      - nosniff
    status:
      code: 200
      message: OK
- request:
    body: '{"location": "centraluseuap", "tags": {}, "properties": {"sourceVirtualMachine":
      {"id": "/subscriptions/00000000-0000-0000-0000-000000000000/resourceGroups/clitest.rg000001/providers/Microsoft.Compute/virtualMachines/vm000002"},
      "hyperVGeneration": "V1"}}'
    headers:
      Accept:
      - application/json
      Accept-Encoding:
      - gzip, deflate
      CommandName:
      - image create
      Connection:
      - keep-alive
      Content-Length:
      - '255'
      Content-Type:
      - application/json
      ParameterSetName:
      - -g -n --source
      User-Agent:
      - AZURECLI/2.44.0 azsdk-python-azure-mgmt-compute/29.0.0 Python/3.10.8 (Linux-5.15.0-1023-azure-x86_64-with-glibc2.31)
        VSTS_7b238909-6802-4b65-b90d-184bca47f458_build_220_0
    method: PUT
    uri: https://management.azure.com/subscriptions/00000000-0000-0000-0000-000000000000/resourceGroups/clitest.rg000001/providers/Microsoft.Compute/images/captured000005?api-version=2022-08-01
  response:
    body:
      string: "{\r\n  \"name\": \"captured000005\",\r\n  \"id\": \"/subscriptions/00000000-0000-0000-0000-000000000000/resourceGroups/clitest.rg000001/providers/Microsoft.Compute/images/captured000005\",\r\n
        \ \"type\": \"Microsoft.Compute/images\",\r\n  \"location\": \"centraluseuap\",\r\n
        \ \"tags\": {},\r\n  \"properties\": {\r\n    \"sourceVirtualMachine\": {\r\n
        \     \"id\": \"/subscriptions/00000000-0000-0000-0000-000000000000/resourceGroups/clitest.rg000001/providers/Microsoft.Compute/virtualMachines/vm000002\"\r\n
        \   },\r\n    \"storageProfile\": {\r\n      \"osDisk\": {\r\n        \"osType\":
        \"Linux\",\r\n        \"osState\": \"Generalized\",\r\n        \"managedDisk\":
        {\r\n          \"id\": \"/subscriptions/00000000-0000-0000-0000-000000000000/resourceGroups/clitest.rg000001/providers/Microsoft.Compute/disks/vm000002_disk1_67a51b40c3dc4277b7ea7f44a18d1ad3\"\r\n
        \       },\r\n        \"caching\": \"ReadWrite\",\r\n        \"storageAccountType\":
        \"Premium_LRS\"\r\n      },\r\n      \"dataDisks\": []\r\n    },\r\n    \"provisioningState\":
        \"Creating\",\r\n    \"hyperVGeneration\": \"V1\"\r\n  }\r\n}"
    headers:
      azure-asyncnotification:
      - Enabled
      azure-asyncoperation:
      - https://management.azure.com/subscriptions/00000000-0000-0000-0000-000000000000/providers/Microsoft.Compute/locations/CentralUSEUAP/operations/73410438-f81b-42ab-9655-324b6262b1de?p=2745cc42-2cf3-41b7-830c-129b79fbec46&api-version=2022-08-01
      cache-control:
      - no-cache
      content-length:
      - '997'
      content-type:
      - application/json; charset=utf-8
      date:
      - Mon, 09 Jan 2023 17:45:59 GMT
      expires:
      - '-1'
      pragma:
      - no-cache
      server:
      - Microsoft-HTTPAPI/2.0
      - Microsoft-HTTPAPI/2.0
      strict-transport-security:
      - max-age=31536000; includeSubDomains
      x-content-type-options:
      - nosniff
      x-ms-ratelimit-remaining-resource:
      - Microsoft.Compute/CreateImages3Min;39,Microsoft.Compute/CreateImages30Min;198
      x-ms-ratelimit-remaining-subscription-writes:
      - '1199'
    status:
      code: 201
      message: Created
- request:
    body: null
    headers:
      Accept:
      - '*/*'
      Accept-Encoding:
      - gzip, deflate
      CommandName:
      - image create
      Connection:
      - keep-alive
      ParameterSetName:
      - -g -n --source
      User-Agent:
      - AZURECLI/2.44.0 azsdk-python-azure-mgmt-compute/29.0.0 Python/3.10.8 (Linux-5.15.0-1023-azure-x86_64-with-glibc2.31)
        VSTS_7b238909-6802-4b65-b90d-184bca47f458_build_220_0
    method: GET
    uri: https://management.azure.com/subscriptions/00000000-0000-0000-0000-000000000000/providers/Microsoft.Compute/locations/CentralUSEUAP/operations/73410438-f81b-42ab-9655-324b6262b1de?p=2745cc42-2cf3-41b7-830c-129b79fbec46&api-version=2022-08-01
  response:
    body:
      string: "{\r\n  \"startTime\": \"2023-01-09T17:45:59.54734+00:00\",\r\n  \"endTime\":
        \"2023-01-09T17:46:04.6561431+00:00\",\r\n  \"status\": \"Succeeded\",\r\n
        \ \"name\": \"73410438-f81b-42ab-9655-324b6262b1de\"\r\n}"
    headers:
      cache-control:
      - no-cache
      content-length:
      - '182'
      content-type:
      - application/json; charset=utf-8
      date:
      - Mon, 09 Jan 2023 17:46:29 GMT
      expires:
      - '-1'
      pragma:
      - no-cache
      server:
      - Microsoft-HTTPAPI/2.0
      - Microsoft-HTTPAPI/2.0
      strict-transport-security:
      - max-age=31536000; includeSubDomains
      transfer-encoding:
      - chunked
      vary:
      - Accept-Encoding
      x-content-type-options:
      - nosniff
      x-ms-ratelimit-remaining-resource:
      - Microsoft.Compute/GetOperation3Min;14991,Microsoft.Compute/GetOperation30Min;29982
    status:
      code: 200
      message: OK
- request:
    body: null
    headers:
      Accept:
      - '*/*'
      Accept-Encoding:
      - gzip, deflate
      CommandName:
      - image create
      Connection:
      - keep-alive
      ParameterSetName:
      - -g -n --source
      User-Agent:
      - AZURECLI/2.44.0 azsdk-python-azure-mgmt-compute/29.0.0 Python/3.10.8 (Linux-5.15.0-1023-azure-x86_64-with-glibc2.31)
        VSTS_7b238909-6802-4b65-b90d-184bca47f458_build_220_0
    method: GET
    uri: https://management.azure.com/subscriptions/00000000-0000-0000-0000-000000000000/resourceGroups/clitest.rg000001/providers/Microsoft.Compute/images/captured000005?api-version=2022-08-01
  response:
    body:
      string: "{\r\n  \"name\": \"captured000005\",\r\n  \"id\": \"/subscriptions/00000000-0000-0000-0000-000000000000/resourceGroups/clitest.rg000001/providers/Microsoft.Compute/images/captured000005\",\r\n
        \ \"type\": \"Microsoft.Compute/images\",\r\n  \"location\": \"centraluseuap\",\r\n
        \ \"tags\": {},\r\n  \"properties\": {\r\n    \"sourceVirtualMachine\": {\r\n
        \     \"id\": \"/subscriptions/00000000-0000-0000-0000-000000000000/resourceGroups/clitest.rg000001/providers/Microsoft.Compute/virtualMachines/vm000002\"\r\n
        \   },\r\n    \"storageProfile\": {\r\n      \"osDisk\": {\r\n        \"osType\":
        \"Linux\",\r\n        \"osState\": \"Generalized\",\r\n        \"diskSizeGB\":
        30,\r\n        \"managedDisk\": {\r\n          \"id\": \"/subscriptions/00000000-0000-0000-0000-000000000000/resourceGroups/clitest.rg000001/providers/Microsoft.Compute/disks/vm000002_disk1_67a51b40c3dc4277b7ea7f44a18d1ad3\"\r\n
        \       },\r\n        \"caching\": \"ReadWrite\",\r\n        \"storageAccountType\":
        \"Premium_LRS\"\r\n      },\r\n      \"dataDisks\": []\r\n    },\r\n    \"provisioningState\":
        \"Succeeded\",\r\n    \"hyperVGeneration\": \"V1\"\r\n  }\r\n}"
    headers:
      cache-control:
      - no-cache
      content-length:
      - '1025'
      content-type:
      - application/json; charset=utf-8
      date:
      - Mon, 09 Jan 2023 17:46:29 GMT
      expires:
      - '-1'
      pragma:
      - no-cache
      server:
      - Microsoft-HTTPAPI/2.0
      - Microsoft-HTTPAPI/2.0
      strict-transport-security:
      - max-age=31536000; includeSubDomains
      transfer-encoding:
      - chunked
      vary:
      - Accept-Encoding
      x-content-type-options:
      - nosniff
      x-ms-ratelimit-remaining-resource:
      - Microsoft.Compute/GetImages3Min;356,Microsoft.Compute/GetImages30Min;1792
    status:
      code: 200
      message: OK
- request:
    body: null
    headers:
      Accept:
      - application/json
      Accept-Encoding:
      - gzip, deflate
      CommandName:
      - sig image-version create
      Connection:
      - keep-alive
      ParameterSetName:
      - -g --gallery-name --allow-replicated-location-deletion --gallery-image-definition
        --gallery-image-version --managed-image
      User-Agent:
      - AZURECLI/2.44.0 azsdk-python-azure-mgmt-resource/22.0.0 Python/3.10.8 (Linux-5.15.0-1023-azure-x86_64-with-glibc2.31)
        VSTS_7b238909-6802-4b65-b90d-184bca47f458_build_220_0
    method: GET
    uri: https://management.azure.com/subscriptions/00000000-0000-0000-0000-000000000000/resourcegroups/clitest.rg000001?api-version=2022-09-01
  response:
    body:
      string: '{"id":"/subscriptions/00000000-0000-0000-0000-000000000000/resourceGroups/clitest.rg000001","name":"clitest.rg000001","type":"Microsoft.Resources/resourceGroups","location":"centraluseuap","tags":{"product":"azurecli","cause":"automation","date":"2023-01-09T17:43:25Z"},"properties":{"provisioningState":"Succeeded"}}'
    headers:
      cache-control:
      - no-cache
      content-length:
      - '317'
      content-type:
      - application/json; charset=utf-8
      date:
      - Mon, 09 Jan 2023 17:46:29 GMT
      expires:
      - '-1'
      pragma:
      - no-cache
      strict-transport-security:
      - max-age=31536000; includeSubDomains
      vary:
      - Accept-Encoding
      x-content-type-options:
      - nosniff
    status:
      code: 200
      message: OK
- request:
    body: '{"location": "centraluseuap", "tags": {}, "properties": {"publishingProfile":
      {"targetRegions": [{"name": "centraluseuap"}]}, "storageProfile": {"source":
      {"id": "/subscriptions/00000000-0000-0000-0000-000000000000/resourceGroups/clitest.rg000001/providers/Microsoft.Compute/images/captured000005"}},
      "safetyProfile": {"allowDeletionOfReplicatedLocations": true}}}'
    headers:
      Accept:
      - application/json
      Accept-Encoding:
      - gzip, deflate
      CommandName:
      - sig image-version create
      Connection:
      - keep-alive
      Content-Length:
      - '364'
      Content-Type:
      - application/json
      ParameterSetName:
      - -g --gallery-name --allow-replicated-location-deletion --gallery-image-definition
        --gallery-image-version --managed-image
      User-Agent:
      - AZURECLI/2.44.0 azsdk-python-azure-mgmt-compute/29.0.0 Python/3.10.8 (Linux-5.15.0-1023-azure-x86_64-with-glibc2.31)
        VSTS_7b238909-6802-4b65-b90d-184bca47f458_build_220_0
    method: PUT
    uri: https://management.azure.com/subscriptions/00000000-0000-0000-0000-000000000000/resourceGroups/clitest.rg000001/providers/Microsoft.Compute/galleries/gallery_000003/images/image000004/versions/1.1.1?api-version=2022-03-03
  response:
    body:
      string: "{\r\n  \"name\": \"1.1.1\",\r\n  \"id\": \"/subscriptions/00000000-0000-0000-0000-000000000000/resourceGroups/clitest.rg000001/providers/Microsoft.Compute/galleries/gallery_000003/images/image000004/versions/1.1.1\",\r\n
        \ \"type\": \"Microsoft.Compute/galleries/images/versions\",\r\n  \"location\":
        \"centraluseuap\",\r\n  \"tags\": {},\r\n  \"properties\": {\r\n    \"publishingProfile\":
        {\r\n      \"targetRegions\": [\r\n        {\r\n          \"name\": \"Central
        US EUAP\",\r\n          \"regionalReplicaCount\": 1,\r\n          \"storageAccountType\":
        \"Standard_LRS\"\r\n        }\r\n      ],\r\n      \"replicaCount\": 1,\r\n
        \     \"excludeFromLatest\": false,\r\n      \"publishedDate\": \"2023-01-09T17:46:31.7047121+00:00\",\r\n
        \     \"storageAccountType\": \"Standard_LRS\"\r\n    },\r\n    \"storageProfile\":
        {\r\n      \"source\": {\r\n        \"id\": \"/subscriptions/00000000-0000-0000-0000-000000000000/resourceGroups/clitest.rg000001/providers/Microsoft.Compute/images/captured000005\"\r\n
        \     }\r\n    },\r\n    \"safetyProfile\": {\r\n      \"reportedForPolicyViolation\":
        false,\r\n      \"allowDeletionOfReplicatedLocations\": true\r\n    },\r\n
        \   \"provisioningState\": \"Creating\"\r\n  }\r\n}"
    headers:
      azure-asyncoperation:
      - https://management.azure.com/subscriptions/00000000-0000-0000-0000-000000000000/providers/Microsoft.Compute/locations/CentralUSEUAP/capsOperations/dd2b666c-b3dd-4c13-bef6-0a7de15a0944?api-version=2022-03-03
      cache-control:
      - no-cache
      content-length:
      - '1095'
      content-type:
      - application/json; charset=utf-8
      date:
      - Mon, 09 Jan 2023 17:46:31 GMT
      expires:
      - '-1'
      pragma:
      - no-cache
      server:
      - Microsoft-HTTPAPI/2.0
      - Microsoft-HTTPAPI/2.0
      strict-transport-security:
      - max-age=31536000; includeSubDomains
      x-content-type-options:
      - nosniff
      x-ms-ratelimit-remaining-resource:
      - Microsoft.Compute/CreateUpdateGalleryImageVersion3Min;374,Microsoft.Compute/CreateUpdateGalleryImageVersion30Min;1198
      x-ms-ratelimit-remaining-subscription-writes:
      - '1199'
    status:
      code: 201
      message: Created
- request:
    body: null
    headers:
      Accept:
      - '*/*'
      Accept-Encoding:
      - gzip, deflate
      CommandName:
      - sig image-version create
      Connection:
      - keep-alive
      ParameterSetName:
      - -g --gallery-name --allow-replicated-location-deletion --gallery-image-definition
        --gallery-image-version --managed-image
      User-Agent:
      - AZURECLI/2.44.0 azsdk-python-azure-mgmt-compute/29.0.0 Python/3.10.8 (Linux-5.15.0-1023-azure-x86_64-with-glibc2.31)
        VSTS_7b238909-6802-4b65-b90d-184bca47f458_build_220_0
    method: GET
    uri: https://management.azure.com/subscriptions/00000000-0000-0000-0000-000000000000/providers/Microsoft.Compute/locations/CentralUSEUAP/capsOperations/dd2b666c-b3dd-4c13-bef6-0a7de15a0944?api-version=2022-03-03
  response:
    body:
      string: "{\r\n  \"startTime\": \"2023-01-09T17:46:31.689067+00:00\",\r\n  \"status\":
        \"InProgress\",\r\n  \"name\": \"dd2b666c-b3dd-4c13-bef6-0a7de15a0944\"\r\n}"
    headers:
      cache-control:
      - no-cache
      content-length:
      - '133'
      content-type:
      - application/json; charset=utf-8
      date:
      - Mon, 09 Jan 2023 17:47:31 GMT
      expires:
      - '-1'
      pragma:
      - no-cache
      server:
      - Microsoft-HTTPAPI/2.0
      - Microsoft-HTTPAPI/2.0
      strict-transport-security:
      - max-age=31536000; includeSubDomains
      transfer-encoding:
      - chunked
      vary:
      - Accept-Encoding
      x-content-type-options:
      - nosniff
      x-ms-ratelimit-remaining-resource:
      - Microsoft.Compute/GetOperationStatus3Min;1196,Microsoft.Compute/GetOperationStatus30Min;4165
    status:
      code: 200
      message: OK
- request:
    body: null
    headers:
      Accept:
      - '*/*'
      Accept-Encoding:
      - gzip, deflate
      CommandName:
      - sig image-version create
      Connection:
      - keep-alive
      ParameterSetName:
      - -g --gallery-name --allow-replicated-location-deletion --gallery-image-definition
        --gallery-image-version --managed-image
      User-Agent:
      - AZURECLI/2.44.0 azsdk-python-azure-mgmt-compute/29.0.0 Python/3.10.8 (Linux-5.15.0-1023-azure-x86_64-with-glibc2.31)
        VSTS_7b238909-6802-4b65-b90d-184bca47f458_build_220_0
    method: GET
    uri: https://management.azure.com/subscriptions/00000000-0000-0000-0000-000000000000/providers/Microsoft.Compute/locations/CentralUSEUAP/capsOperations/dd2b666c-b3dd-4c13-bef6-0a7de15a0944?api-version=2022-03-03
  response:
    body:
      string: "{\r\n  \"startTime\": \"2023-01-09T17:46:31.689067+00:00\",\r\n  \"status\":
        \"InProgress\",\r\n  \"name\": \"dd2b666c-b3dd-4c13-bef6-0a7de15a0944\"\r\n}"
    headers:
      cache-control:
      - no-cache
      content-length:
      - '133'
      content-type:
      - application/json; charset=utf-8
      date:
      - Mon, 09 Jan 2023 17:48:32 GMT
      expires:
      - '-1'
      pragma:
      - no-cache
      server:
      - Microsoft-HTTPAPI/2.0
      - Microsoft-HTTPAPI/2.0
      strict-transport-security:
      - max-age=31536000; includeSubDomains
      transfer-encoding:
      - chunked
      vary:
      - Accept-Encoding
      x-content-type-options:
      - nosniff
      x-ms-ratelimit-remaining-resource:
      - Microsoft.Compute/GetOperationStatus3Min;1195,Microsoft.Compute/GetOperationStatus30Min;4163
    status:
      code: 200
      message: OK
- request:
    body: null
    headers:
      Accept:
      - '*/*'
      Accept-Encoding:
      - gzip, deflate
      CommandName:
      - sig image-version create
      Connection:
      - keep-alive
      ParameterSetName:
      - -g --gallery-name --allow-replicated-location-deletion --gallery-image-definition
        --gallery-image-version --managed-image
      User-Agent:
      - AZURECLI/2.44.0 azsdk-python-azure-mgmt-compute/29.0.0 Python/3.10.8 (Linux-5.15.0-1023-azure-x86_64-with-glibc2.31)
        VSTS_7b238909-6802-4b65-b90d-184bca47f458_build_220_0
    method: GET
    uri: https://management.azure.com/subscriptions/00000000-0000-0000-0000-000000000000/providers/Microsoft.Compute/locations/CentralUSEUAP/capsOperations/dd2b666c-b3dd-4c13-bef6-0a7de15a0944?api-version=2022-03-03
  response:
    body:
      string: "{\r\n  \"startTime\": \"2023-01-09T17:46:31.689067+00:00\",\r\n  \"status\":
        \"InProgress\",\r\n  \"name\": \"dd2b666c-b3dd-4c13-bef6-0a7de15a0944\"\r\n}"
    headers:
      cache-control:
      - no-cache
      content-length:
      - '133'
      content-type:
      - application/json; charset=utf-8
      date:
      - Mon, 09 Jan 2023 17:49:31 GMT
      expires:
      - '-1'
      pragma:
      - no-cache
      server:
      - Microsoft-HTTPAPI/2.0
      - Microsoft-HTTPAPI/2.0
      strict-transport-security:
      - max-age=31536000; includeSubDomains
      transfer-encoding:
      - chunked
      vary:
      - Accept-Encoding
      x-content-type-options:
      - nosniff
      x-ms-ratelimit-remaining-resource:
      - Microsoft.Compute/GetOperationStatus3Min;1195,Microsoft.Compute/GetOperationStatus30Min;4161
    status:
      code: 200
      message: OK
- request:
    body: null
    headers:
      Accept:
      - '*/*'
      Accept-Encoding:
      - gzip, deflate
      CommandName:
      - sig image-version create
      Connection:
      - keep-alive
      ParameterSetName:
      - -g --gallery-name --allow-replicated-location-deletion --gallery-image-definition
        --gallery-image-version --managed-image
      User-Agent:
      - AZURECLI/2.44.0 azsdk-python-azure-mgmt-compute/29.0.0 Python/3.10.8 (Linux-5.15.0-1023-azure-x86_64-with-glibc2.31)
        VSTS_7b238909-6802-4b65-b90d-184bca47f458_build_220_0
    method: GET
    uri: https://management.azure.com/subscriptions/00000000-0000-0000-0000-000000000000/providers/Microsoft.Compute/locations/CentralUSEUAP/capsOperations/dd2b666c-b3dd-4c13-bef6-0a7de15a0944?api-version=2022-03-03
  response:
    body:
      string: "{\r\n  \"startTime\": \"2023-01-09T17:46:31.689067+00:00\",\r\n  \"status\":
        \"InProgress\",\r\n  \"name\": \"dd2b666c-b3dd-4c13-bef6-0a7de15a0944\"\r\n}"
    headers:
      cache-control:
      - no-cache
      content-length:
      - '133'
      content-type:
      - application/json; charset=utf-8
      date:
      - Mon, 09 Jan 2023 17:50:32 GMT
      expires:
      - '-1'
      pragma:
      - no-cache
      server:
      - Microsoft-HTTPAPI/2.0
      - Microsoft-HTTPAPI/2.0
      strict-transport-security:
      - max-age=31536000; includeSubDomains
      transfer-encoding:
      - chunked
      vary:
      - Accept-Encoding
      x-content-type-options:
      - nosniff
      x-ms-ratelimit-remaining-resource:
      - Microsoft.Compute/GetOperationStatus3Min;1195,Microsoft.Compute/GetOperationStatus30Min;4159
    status:
      code: 200
      message: OK
- request:
    body: null
    headers:
      Accept:
      - '*/*'
      Accept-Encoding:
      - gzip, deflate
      CommandName:
      - sig image-version create
      Connection:
      - keep-alive
      ParameterSetName:
      - -g --gallery-name --allow-replicated-location-deletion --gallery-image-definition
        --gallery-image-version --managed-image
      User-Agent:
      - AZURECLI/2.44.0 azsdk-python-azure-mgmt-compute/29.0.0 Python/3.10.8 (Linux-5.15.0-1023-azure-x86_64-with-glibc2.31)
        VSTS_7b238909-6802-4b65-b90d-184bca47f458_build_220_0
    method: GET
    uri: https://management.azure.com/subscriptions/00000000-0000-0000-0000-000000000000/providers/Microsoft.Compute/locations/CentralUSEUAP/capsOperations/dd2b666c-b3dd-4c13-bef6-0a7de15a0944?api-version=2022-03-03
  response:
    body:
      string: "{\r\n  \"startTime\": \"2023-01-09T17:46:31.689067+00:00\",\r\n  \"status\":
        \"InProgress\",\r\n  \"name\": \"dd2b666c-b3dd-4c13-bef6-0a7de15a0944\"\r\n}"
    headers:
      cache-control:
      - no-cache
      content-length:
      - '133'
      content-type:
      - application/json; charset=utf-8
      date:
      - Mon, 09 Jan 2023 17:51:32 GMT
      expires:
      - '-1'
      pragma:
      - no-cache
      server:
      - Microsoft-HTTPAPI/2.0
      - Microsoft-HTTPAPI/2.0
      strict-transport-security:
      - max-age=31536000; includeSubDomains
      transfer-encoding:
      - chunked
      vary:
      - Accept-Encoding
      x-content-type-options:
      - nosniff
      x-ms-ratelimit-remaining-resource:
      - Microsoft.Compute/GetOperationStatus3Min;1195,Microsoft.Compute/GetOperationStatus30Min;4157
    status:
      code: 200
      message: OK
- request:
    body: null
    headers:
      Accept:
      - '*/*'
      Accept-Encoding:
      - gzip, deflate
      CommandName:
      - sig image-version create
      Connection:
      - keep-alive
      ParameterSetName:
      - -g --gallery-name --allow-replicated-location-deletion --gallery-image-definition
        --gallery-image-version --managed-image
      User-Agent:
      - AZURECLI/2.44.0 azsdk-python-azure-mgmt-compute/29.0.0 Python/3.10.8 (Linux-5.15.0-1023-azure-x86_64-with-glibc2.31)
        VSTS_7b238909-6802-4b65-b90d-184bca47f458_build_220_0
    method: GET
    uri: https://management.azure.com/subscriptions/00000000-0000-0000-0000-000000000000/providers/Microsoft.Compute/locations/CentralUSEUAP/capsOperations/dd2b666c-b3dd-4c13-bef6-0a7de15a0944?api-version=2022-03-03
  response:
    body:
      string: "{\r\n  \"startTime\": \"2023-01-09T17:46:31.689067+00:00\",\r\n  \"status\":
        \"InProgress\",\r\n  \"name\": \"dd2b666c-b3dd-4c13-bef6-0a7de15a0944\"\r\n}"
    headers:
      cache-control:
      - no-cache
      content-length:
      - '133'
      content-type:
      - application/json; charset=utf-8
      date:
      - Mon, 09 Jan 2023 17:52:33 GMT
      expires:
      - '-1'
      pragma:
      - no-cache
      server:
      - Microsoft-HTTPAPI/2.0
      - Microsoft-HTTPAPI/2.0
      strict-transport-security:
      - max-age=31536000; includeSubDomains
      transfer-encoding:
      - chunked
      vary:
      - Accept-Encoding
      x-content-type-options:
      - nosniff
      x-ms-ratelimit-remaining-resource:
      - Microsoft.Compute/GetOperationStatus3Min;1195,Microsoft.Compute/GetOperationStatus30Min;4155
    status:
      code: 200
      message: OK
- request:
    body: null
    headers:
      Accept:
      - '*/*'
      Accept-Encoding:
      - gzip, deflate
      CommandName:
      - sig image-version create
      Connection:
      - keep-alive
      ParameterSetName:
      - -g --gallery-name --allow-replicated-location-deletion --gallery-image-definition
        --gallery-image-version --managed-image
      User-Agent:
      - AZURECLI/2.44.0 azsdk-python-azure-mgmt-compute/29.0.0 Python/3.10.8 (Linux-5.15.0-1023-azure-x86_64-with-glibc2.31)
        VSTS_7b238909-6802-4b65-b90d-184bca47f458_build_220_0
    method: GET
    uri: https://management.azure.com/subscriptions/00000000-0000-0000-0000-000000000000/providers/Microsoft.Compute/locations/CentralUSEUAP/capsOperations/dd2b666c-b3dd-4c13-bef6-0a7de15a0944?api-version=2022-03-03
  response:
    body:
      string: "{\r\n  \"startTime\": \"2023-01-09T17:46:31.689067+00:00\",\r\n  \"status\":
        \"InProgress\",\r\n  \"name\": \"dd2b666c-b3dd-4c13-bef6-0a7de15a0944\"\r\n}"
    headers:
      cache-control:
      - no-cache
      content-length:
      - '133'
      content-type:
      - application/json; charset=utf-8
      date:
      - Mon, 09 Jan 2023 17:53:32 GMT
      expires:
      - '-1'
      pragma:
      - no-cache
      server:
      - Microsoft-HTTPAPI/2.0
      - Microsoft-HTTPAPI/2.0
      strict-transport-security:
      - max-age=31536000; includeSubDomains
      transfer-encoding:
      - chunked
      vary:
      - Accept-Encoding
      x-content-type-options:
      - nosniff
      x-ms-ratelimit-remaining-resource:
      - Microsoft.Compute/GetOperationStatus3Min;1195,Microsoft.Compute/GetOperationStatus30Min;4153
    status:
      code: 200
      message: OK
- request:
    body: null
    headers:
      Accept:
      - '*/*'
      Accept-Encoding:
      - gzip, deflate
      CommandName:
      - sig image-version create
      Connection:
      - keep-alive
      ParameterSetName:
      - -g --gallery-name --allow-replicated-location-deletion --gallery-image-definition
        --gallery-image-version --managed-image
      User-Agent:
      - AZURECLI/2.44.0 azsdk-python-azure-mgmt-compute/29.0.0 Python/3.10.8 (Linux-5.15.0-1023-azure-x86_64-with-glibc2.31)
        VSTS_7b238909-6802-4b65-b90d-184bca47f458_build_220_0
    method: GET
    uri: https://management.azure.com/subscriptions/00000000-0000-0000-0000-000000000000/providers/Microsoft.Compute/locations/CentralUSEUAP/capsOperations/dd2b666c-b3dd-4c13-bef6-0a7de15a0944?api-version=2022-03-03
  response:
    body:
      string: "{\r\n  \"startTime\": \"2023-01-09T17:46:31.689067+00:00\",\r\n  \"endTime\":
        \"2023-01-09T17:53:39.4894871+00:00\",\r\n  \"status\": \"Succeeded\",\r\n
        \ \"name\": \"dd2b666c-b3dd-4c13-bef6-0a7de15a0944\"\r\n}"
    headers:
      cache-control:
      - no-cache
      content-length:
      - '183'
      content-type:
      - application/json; charset=utf-8
      date:
      - Mon, 09 Jan 2023 17:54:33 GMT
      expires:
      - '-1'
      pragma:
      - no-cache
      server:
      - Microsoft-HTTPAPI/2.0
      - Microsoft-HTTPAPI/2.0
      strict-transport-security:
      - max-age=31536000; includeSubDomains
      transfer-encoding:
      - chunked
      vary:
      - Accept-Encoding
      x-content-type-options:
      - nosniff
      x-ms-ratelimit-remaining-resource:
      - Microsoft.Compute/GetOperationStatus3Min;1195,Microsoft.Compute/GetOperationStatus30Min;4151
    status:
      code: 200
      message: OK
- request:
    body: null
    headers:
      Accept:
      - '*/*'
      Accept-Encoding:
      - gzip, deflate
      CommandName:
      - sig image-version create
      Connection:
      - keep-alive
      ParameterSetName:
      - -g --gallery-name --allow-replicated-location-deletion --gallery-image-definition
        --gallery-image-version --managed-image
      User-Agent:
      - AZURECLI/2.44.0 azsdk-python-azure-mgmt-compute/29.0.0 Python/3.10.8 (Linux-5.15.0-1023-azure-x86_64-with-glibc2.31)
        VSTS_7b238909-6802-4b65-b90d-184bca47f458_build_220_0
    method: GET
    uri: https://management.azure.com/subscriptions/00000000-0000-0000-0000-000000000000/resourceGroups/clitest.rg000001/providers/Microsoft.Compute/galleries/gallery_000003/images/image000004/versions/1.1.1?api-version=2022-03-03
  response:
    body:
      string: "{\r\n  \"name\": \"1.1.1\",\r\n  \"id\": \"/subscriptions/00000000-0000-0000-0000-000000000000/resourceGroups/clitest.rg000001/providers/Microsoft.Compute/galleries/gallery_000003/images/image000004/versions/1.1.1\",\r\n
        \ \"type\": \"Microsoft.Compute/galleries/images/versions\",\r\n  \"location\":
        \"centraluseuap\",\r\n  \"tags\": {},\r\n  \"properties\": {\r\n    \"publishingProfile\":
        {\r\n      \"targetRegions\": [\r\n        {\r\n          \"name\": \"Central
        US EUAP\",\r\n          \"regionalReplicaCount\": 1,\r\n          \"storageAccountType\":
        \"Standard_LRS\"\r\n        }\r\n      ],\r\n      \"replicaCount\": 1,\r\n
        \     \"excludeFromLatest\": false,\r\n      \"publishedDate\": \"2023-01-09T17:46:31.7047121+00:00\",\r\n
        \     \"storageAccountType\": \"Standard_LRS\"\r\n    },\r\n    \"storageProfile\":
        {\r\n      \"source\": {\r\n        \"id\": \"/subscriptions/00000000-0000-0000-0000-000000000000/resourceGroups/clitest.rg000001/providers/Microsoft.Compute/images/captured000005\"\r\n
        \     },\r\n      \"osDiskImage\": {\r\n        \"sizeInGB\": 30,\r\n        \"hostCaching\":
        \"ReadWrite\",\r\n        \"source\": {}\r\n      }\r\n    },\r\n    \"safetyProfile\":
        {\r\n      \"reportedForPolicyViolation\": false,\r\n      \"allowDeletionOfReplicatedLocations\":
        true\r\n    },\r\n    \"provisioningState\": \"Succeeded\"\r\n  }\r\n}"
    headers:
      cache-control:
      - no-cache
      content-length:
      - '1214'
      content-type:
      - application/json; charset=utf-8
      date:
      - Mon, 09 Jan 2023 17:54:33 GMT
      expires:
      - '-1'
      pragma:
      - no-cache
      server:
      - Microsoft-HTTPAPI/2.0
      - Microsoft-HTTPAPI/2.0
      strict-transport-security:
      - max-age=31536000; includeSubDomains
      transfer-encoding:
      - chunked
      vary:
      - Accept-Encoding
      x-content-type-options:
      - nosniff
      x-ms-ratelimit-remaining-resource:
      - Microsoft.Compute/GetGalleryImageVersion3Min;1998,Microsoft.Compute/GetGalleryImageVersion30Min;9987
    status:
      code: 200
      message: OK
- request:
    body: null
    headers:
      Accept:
      - application/json
      Accept-Encoding:
      - gzip, deflate
      CommandName:
      - sig image-version update
      Connection:
      - keep-alive
      ParameterSetName:
      - -g --gallery-name --gallery-image-definition --gallery-image-version --allow-replicated-location-deletion
      User-Agent:
      - AZURECLI/2.44.0 azsdk-python-azure-mgmt-compute/29.0.0 Python/3.10.8 (Linux-5.15.0-1023-azure-x86_64-with-glibc2.31)
        VSTS_7b238909-6802-4b65-b90d-184bca47f458_build_220_0
    method: GET
    uri: https://management.azure.com/subscriptions/00000000-0000-0000-0000-000000000000/resourceGroups/clitest.rg000001/providers/Microsoft.Compute/galleries/gallery_000003/images/image000004/versions/1.1.1?api-version=2022-03-03
  response:
    body:
      string: "{\r\n  \"name\": \"1.1.1\",\r\n  \"id\": \"/subscriptions/00000000-0000-0000-0000-000000000000/resourceGroups/clitest.rg000001/providers/Microsoft.Compute/galleries/gallery_000003/images/image000004/versions/1.1.1\",\r\n
        \ \"type\": \"Microsoft.Compute/galleries/images/versions\",\r\n  \"location\":
        \"centraluseuap\",\r\n  \"tags\": {},\r\n  \"properties\": {\r\n    \"publishingProfile\":
        {\r\n      \"targetRegions\": [\r\n        {\r\n          \"name\": \"Central
        US EUAP\",\r\n          \"regionalReplicaCount\": 1,\r\n          \"storageAccountType\":
        \"Standard_LRS\"\r\n        }\r\n      ],\r\n      \"replicaCount\": 1,\r\n
        \     \"excludeFromLatest\": false,\r\n      \"publishedDate\": \"2023-01-09T17:46:31.7047121+00:00\",\r\n
        \     \"storageAccountType\": \"Standard_LRS\"\r\n    },\r\n    \"storageProfile\":
        {\r\n      \"source\": {\r\n        \"id\": \"/subscriptions/00000000-0000-0000-0000-000000000000/resourceGroups/clitest.rg000001/providers/Microsoft.Compute/images/captured000005\"\r\n
        \     },\r\n      \"osDiskImage\": {\r\n        \"sizeInGB\": 30,\r\n        \"hostCaching\":
        \"ReadWrite\",\r\n        \"source\": {}\r\n      }\r\n    },\r\n    \"safetyProfile\":
        {\r\n      \"reportedForPolicyViolation\": false,\r\n      \"allowDeletionOfReplicatedLocations\":
        true\r\n    },\r\n    \"provisioningState\": \"Succeeded\"\r\n  }\r\n}"
    headers:
      cache-control:
      - no-cache
      content-length:
      - '1214'
      content-type:
      - application/json; charset=utf-8
      date:
      - Mon, 09 Jan 2023 17:54:34 GMT
      expires:
      - '-1'
      pragma:
      - no-cache
      server:
      - Microsoft-HTTPAPI/2.0
      - Microsoft-HTTPAPI/2.0
      strict-transport-security:
      - max-age=31536000; includeSubDomains
      transfer-encoding:
      - chunked
      vary:
      - Accept-Encoding
      x-content-type-options:
      - nosniff
      x-ms-ratelimit-remaining-resource:
      - Microsoft.Compute/GetGalleryImageVersion3Min;1996,Microsoft.Compute/GetGalleryImageVersion30Min;9985
    status:
      code: 200
      message: OK
- request:
    body: '{"location": "centraluseuap", "tags": {}, "properties": {"publishingProfile":
      {"targetRegions": [{"name": "Central US EUAP", "regionalReplicaCount": 1, "storageAccountType":
      "Standard_LRS"}], "replicaCount": 1, "excludeFromLatest": false, "storageAccountType":
      "Standard_LRS"}, "storageProfile": {"osDiskImage": {"hostCaching": "ReadWrite"}},
      "safetyProfile": {"allowDeletionOfReplicatedLocations": false}}}'
    headers:
      Accept:
      - application/json
      Accept-Encoding:
      - gzip, deflate
      CommandName:
      - sig image-version update
      Connection:
      - keep-alive
      Content-Length:
      - '407'
      Content-Type:
      - application/json
      ParameterSetName:
      - -g --gallery-name --gallery-image-definition --gallery-image-version --allow-replicated-location-deletion
      User-Agent:
      - AZURECLI/2.44.0 azsdk-python-azure-mgmt-compute/29.0.0 Python/3.10.8 (Linux-5.15.0-1023-azure-x86_64-with-glibc2.31)
        VSTS_7b238909-6802-4b65-b90d-184bca47f458_build_220_0
    method: PUT
    uri: https://management.azure.com/subscriptions/00000000-0000-0000-0000-000000000000/resourceGroups/clitest.rg000001/providers/Microsoft.Compute/galleries/gallery_000003/images/image000004/versions/1.1.1?api-version=2022-03-03
  response:
    body:
      string: "{\r\n  \"name\": \"1.1.1\",\r\n  \"id\": \"/subscriptions/00000000-0000-0000-0000-000000000000/resourceGroups/clitest.rg000001/providers/Microsoft.Compute/galleries/gallery_000003/images/image000004/versions/1.1.1\",\r\n
        \ \"type\": \"Microsoft.Compute/galleries/images/versions\",\r\n  \"location\":
        \"centraluseuap\",\r\n  \"tags\": {},\r\n  \"properties\": {\r\n    \"publishingProfile\":
        {\r\n      \"targetRegions\": [\r\n        {\r\n          \"name\": \"Central
        US EUAP\",\r\n          \"regionalReplicaCount\": 1,\r\n          \"storageAccountType\":
        \"Standard_LRS\"\r\n        }\r\n      ],\r\n      \"replicaCount\": 1,\r\n
        \     \"excludeFromLatest\": false,\r\n      \"publishedDate\": \"2023-01-09T17:46:31.7047121+00:00\",\r\n
        \     \"storageAccountType\": \"Standard_LRS\"\r\n    },\r\n    \"storageProfile\":
        {\r\n      \"source\": {\r\n        \"id\": \"/subscriptions/00000000-0000-0000-0000-000000000000/resourceGroups/clitest.rg000001/providers/Microsoft.Compute/images/captured000005\"\r\n
        \     },\r\n      \"osDiskImage\": {\r\n        \"sizeInGB\": 30,\r\n        \"hostCaching\":
        \"ReadWrite\",\r\n        \"source\": {}\r\n      }\r\n    },\r\n    \"safetyProfile\":
        {\r\n      \"reportedForPolicyViolation\": false,\r\n      \"allowDeletionOfReplicatedLocations\":
        false\r\n    },\r\n    \"provisioningState\": \"Updating\"\r\n  }\r\n}"
    headers:
      azure-asyncoperation:
      - https://management.azure.com/subscriptions/00000000-0000-0000-0000-000000000000/providers/Microsoft.Compute/locations/CentralUSEUAP/capsOperations/02ce1def-36e7-4aa7-b41a-89eeb83258c0?api-version=2022-03-03
      cache-control:
      - no-cache
      content-length:
      - '1214'
      content-type:
      - application/json; charset=utf-8
      date:
      - Mon, 09 Jan 2023 17:54:35 GMT
      expires:
      - '-1'
      pragma:
      - no-cache
      server:
      - Microsoft-HTTPAPI/2.0
      - Microsoft-HTTPAPI/2.0
      strict-transport-security:
      - max-age=31536000; includeSubDomains
      transfer-encoding:
      - chunked
      vary:
      - Accept-Encoding
      x-content-type-options:
      - nosniff
      x-ms-ratelimit-remaining-resource:
      - Microsoft.Compute/CreateUpdateGalleryImageVersion3Min;374,Microsoft.Compute/CreateUpdateGalleryImageVersion30Min;1197
      x-ms-ratelimit-remaining-subscription-writes:
      - '1198'
    status:
      code: 200
      message: OK
- request:
    body: null
    headers:
      Accept:
      - '*/*'
      Accept-Encoding:
      - gzip, deflate
      CommandName:
      - sig image-version update
      Connection:
      - keep-alive
      ParameterSetName:
      - -g --gallery-name --gallery-image-definition --gallery-image-version --allow-replicated-location-deletion
      User-Agent:
      - AZURECLI/2.44.0 azsdk-python-azure-mgmt-compute/29.0.0 Python/3.10.8 (Linux-5.15.0-1023-azure-x86_64-with-glibc2.31)
        VSTS_7b238909-6802-4b65-b90d-184bca47f458_build_220_0
    method: GET
    uri: https://management.azure.com/subscriptions/00000000-0000-0000-0000-000000000000/providers/Microsoft.Compute/locations/CentralUSEUAP/capsOperations/02ce1def-36e7-4aa7-b41a-89eeb83258c0?api-version=2022-03-03
  response:
    body:
      string: "{\r\n  \"startTime\": \"2023-01-09T17:54:35.880662+00:00\",\r\n  \"status\":
        \"InProgress\",\r\n  \"name\": \"02ce1def-36e7-4aa7-b41a-89eeb83258c0\"\r\n}"
    headers:
      cache-control:
      - no-cache
      content-length:
      - '133'
      content-type:
      - application/json; charset=utf-8
      date:
      - Mon, 09 Jan 2023 17:55:35 GMT
      expires:
      - '-1'
      pragma:
      - no-cache
      server:
      - Microsoft-HTTPAPI/2.0
      - Microsoft-HTTPAPI/2.0
      strict-transport-security:
      - max-age=31536000; includeSubDomains
      transfer-encoding:
      - chunked
      vary:
      - Accept-Encoding
      x-content-type-options:
      - nosniff
      x-ms-ratelimit-remaining-resource:
      - Microsoft.Compute/GetOperationStatus3Min;1194,Microsoft.Compute/GetOperationStatus30Min;4148
    status:
      code: 200
      message: OK
- request:
    body: null
    headers:
      Accept:
      - '*/*'
      Accept-Encoding:
      - gzip, deflate
      CommandName:
      - sig image-version update
      Connection:
      - keep-alive
      ParameterSetName:
      - -g --gallery-name --gallery-image-definition --gallery-image-version --allow-replicated-location-deletion
      User-Agent:
      - AZURECLI/2.44.0 azsdk-python-azure-mgmt-compute/29.0.0 Python/3.10.8 (Linux-5.15.0-1023-azure-x86_64-with-glibc2.31)
        VSTS_7b238909-6802-4b65-b90d-184bca47f458_build_220_0
    method: GET
    uri: https://management.azure.com/subscriptions/00000000-0000-0000-0000-000000000000/providers/Microsoft.Compute/locations/CentralUSEUAP/capsOperations/02ce1def-36e7-4aa7-b41a-89eeb83258c0?api-version=2022-03-03
  response:
    body:
      string: "{\r\n  \"startTime\": \"2023-01-09T17:54:35.880662+00:00\",\r\n  \"status\":
        \"InProgress\",\r\n  \"name\": \"02ce1def-36e7-4aa7-b41a-89eeb83258c0\"\r\n}"
    headers:
      cache-control:
      - no-cache
      content-length:
      - '133'
      content-type:
      - application/json; charset=utf-8
      date:
      - Mon, 09 Jan 2023 17:56:35 GMT
      expires:
      - '-1'
      pragma:
      - no-cache
      server:
      - Microsoft-HTTPAPI/2.0
      - Microsoft-HTTPAPI/2.0
      strict-transport-security:
      - max-age=31536000; includeSubDomains
      transfer-encoding:
      - chunked
      vary:
      - Accept-Encoding
      x-content-type-options:
      - nosniff
      x-ms-ratelimit-remaining-resource:
      - Microsoft.Compute/GetOperationStatus3Min;1195,Microsoft.Compute/GetOperationStatus30Min;4147
    status:
      code: 200
      message: OK
- request:
    body: null
    headers:
      Accept:
      - '*/*'
      Accept-Encoding:
      - gzip, deflate
      CommandName:
      - sig image-version update
      Connection:
      - keep-alive
      ParameterSetName:
      - -g --gallery-name --gallery-image-definition --gallery-image-version --allow-replicated-location-deletion
      User-Agent:
      - AZURECLI/2.44.0 azsdk-python-azure-mgmt-compute/29.0.0 Python/3.10.8 (Linux-5.15.0-1023-azure-x86_64-with-glibc2.31)
        VSTS_7b238909-6802-4b65-b90d-184bca47f458_build_220_0
    method: GET
    uri: https://management.azure.com/subscriptions/00000000-0000-0000-0000-000000000000/providers/Microsoft.Compute/locations/CentralUSEUAP/capsOperations/02ce1def-36e7-4aa7-b41a-89eeb83258c0?api-version=2022-03-03
  response:
    body:
      string: "{\r\n  \"startTime\": \"2023-01-09T17:54:35.880662+00:00\",\r\n  \"endTime\":
        \"2023-01-09T17:57:06.0692762+00:00\",\r\n  \"status\": \"Succeeded\",\r\n
        \ \"name\": \"02ce1def-36e7-4aa7-b41a-89eeb83258c0\"\r\n}"
    headers:
      cache-control:
      - no-cache
      content-length:
      - '183'
      content-type:
      - application/json; charset=utf-8
      date:
      - Mon, 09 Jan 2023 17:57:36 GMT
      expires:
      - '-1'
      pragma:
      - no-cache
      server:
      - Microsoft-HTTPAPI/2.0
      - Microsoft-HTTPAPI/2.0
      strict-transport-security:
      - max-age=31536000; includeSubDomains
      transfer-encoding:
      - chunked
      vary:
      - Accept-Encoding
      x-content-type-options:
      - nosniff
      x-ms-ratelimit-remaining-resource:
      - Microsoft.Compute/GetOperationStatus3Min;1195,Microsoft.Compute/GetOperationStatus30Min;4145
    status:
      code: 200
      message: OK
- request:
    body: null
    headers:
      Accept:
      - '*/*'
      Accept-Encoding:
      - gzip, deflate
      CommandName:
      - sig image-version update
      Connection:
      - keep-alive
      ParameterSetName:
      - -g --gallery-name --gallery-image-definition --gallery-image-version --allow-replicated-location-deletion
      User-Agent:
      - AZURECLI/2.44.0 azsdk-python-azure-mgmt-compute/29.0.0 Python/3.10.8 (Linux-5.15.0-1023-azure-x86_64-with-glibc2.31)
        VSTS_7b238909-6802-4b65-b90d-184bca47f458_build_220_0
    method: GET
    uri: https://management.azure.com/subscriptions/00000000-0000-0000-0000-000000000000/resourceGroups/clitest.rg000001/providers/Microsoft.Compute/galleries/gallery_000003/images/image000004/versions/1.1.1?api-version=2022-03-03
  response:
    body:
      string: "{\r\n  \"name\": \"1.1.1\",\r\n  \"id\": \"/subscriptions/00000000-0000-0000-0000-000000000000/resourceGroups/clitest.rg000001/providers/Microsoft.Compute/galleries/gallery_000003/images/image000004/versions/1.1.1\",\r\n
        \ \"type\": \"Microsoft.Compute/galleries/images/versions\",\r\n  \"location\":
        \"centraluseuap\",\r\n  \"tags\": {},\r\n  \"properties\": {\r\n    \"publishingProfile\":
        {\r\n      \"targetRegions\": [\r\n        {\r\n          \"name\": \"Central
        US EUAP\",\r\n          \"regionalReplicaCount\": 1,\r\n          \"storageAccountType\":
        \"Standard_LRS\"\r\n        }\r\n      ],\r\n      \"replicaCount\": 1,\r\n
        \     \"excludeFromLatest\": false,\r\n      \"publishedDate\": \"2023-01-09T17:46:31.7047121+00:00\",\r\n
        \     \"storageAccountType\": \"Standard_LRS\"\r\n    },\r\n    \"storageProfile\":
        {\r\n      \"source\": {\r\n        \"id\": \"/subscriptions/00000000-0000-0000-0000-000000000000/resourceGroups/clitest.rg000001/providers/Microsoft.Compute/images/captured000005\"\r\n
        \     },\r\n      \"osDiskImage\": {\r\n        \"sizeInGB\": 30,\r\n        \"hostCaching\":
        \"ReadWrite\",\r\n        \"source\": {}\r\n      }\r\n    },\r\n    \"safetyProfile\":
        {\r\n      \"reportedForPolicyViolation\": false,\r\n      \"allowDeletionOfReplicatedLocations\":
        false\r\n    },\r\n    \"provisioningState\": \"Succeeded\"\r\n  }\r\n}"
    headers:
      cache-control:
      - no-cache
      content-length:
      - '1215'
      content-type:
      - application/json; charset=utf-8
      date:
      - Mon, 09 Jan 2023 17:57:36 GMT
      expires:
      - '-1'
      pragma:
      - no-cache
      server:
      - Microsoft-HTTPAPI/2.0
      - Microsoft-HTTPAPI/2.0
      strict-transport-security:
      - max-age=31536000; includeSubDomains
      transfer-encoding:
      - chunked
      vary:
      - Accept-Encoding
      x-content-type-options:
      - nosniff
      x-ms-ratelimit-remaining-resource:
      - Microsoft.Compute/GetGalleryImageVersion3Min;1999,Microsoft.Compute/GetGalleryImageVersion30Min;9982
    status:
      code: 200
      message: OK
version: 1
