interactions:
- request:
    body: null
    headers:
      Accept:
      - application/json
      Accept-Encoding:
      - gzip, deflate
      CommandName:
      - identity create
      Connection:
      - keep-alive
      ParameterSetName:
      - -g -n
      User-Agent:
      - AZURECLI/2.60.0 azsdk-python-core/1.28.0 Python/3.10.11 (Windows-10-10.0.22631-SP0)
    method: GET
    uri: https://management.azure.com/subscriptions/00000000-0000-0000-0000-000000000000/resourcegroups/img_tmpl_customizers000001?api-version=2022-09-01
  response:
    body:
      string: '{"id":"/subscriptions/00000000-0000-0000-0000-000000000000/resourceGroups/img_tmpl_customizers000001","name":"img_tmpl_customizers000001","type":"Microsoft.Resources/resourceGroups","location":"westus","tags":{"product":"azurecli","cause":"automation","test":"test_image_builder_customizers","date":"2024-05-14T08:13:45Z","module":"vm"},"properties":{"provisioningState":"Succeeded"}}'
    headers:
      cache-control:
      - no-cache
      content-length:
      - '384'
      content-type:
      - application/json; charset=utf-8
      date:
      - Tue, 14 May 2024 08:13:48 GMT
      expires:
      - '-1'
      pragma:
      - no-cache
      strict-transport-security:
      - max-age=31536000; includeSubDomains
      x-cache:
      - CONFIG_NOCACHE
      x-content-type-options:
      - nosniff
      x-msedge-ref:
      - 'Ref A: D5FE54002CBD4531BACDCE928A01213E Ref B: TYO201100117053 Ref C: 2024-05-14T08:13:48Z'
    status:
      code: 200
      message: OK
- request:
    body: '{"location": "westus"}'
    headers:
      Accept:
      - application/json
      Accept-Encoding:
      - gzip, deflate
      CommandName:
      - identity create
      Connection:
      - keep-alive
      Content-Length:
      - '22'
      Content-Type:
      - application/json
      ParameterSetName:
      - -g -n
      User-Agent:
      - AZURECLI/2.60.0 azsdk-python-core/1.28.0 Python/3.10.11 (Windows-10-10.0.22631-SP0)
    method: PUT
    uri: https://management.azure.com/subscriptions/00000000-0000-0000-0000-000000000000/resourceGroups/img_tmpl_customizers000001/providers/Microsoft.ManagedIdentity/userAssignedIdentities/ide1?api-version=2023-01-31
  response:
    body:
      string: '{"location":"westus","tags":{},"id":"/subscriptions/00000000-0000-0000-0000-000000000000/resourcegroups/img_tmpl_customizers000001/providers/Microsoft.ManagedIdentity/userAssignedIdentities/ide1","name":"ide1","type":"Microsoft.ManagedIdentity/userAssignedIdentities","properties":{"tenantId":"54826b22-38d6-4fb2-bad9-b7b93a3e9c5a","principalId":"78e40c68-d2a9-42e8-83db-45990107f523","clientId":"d2cdd235-6136-4e06-8e4b-889c18965195"}}'
    headers:
      cache-control:
      - no-cache
      content-length:
      - '436'
      content-type:
      - application/json; charset=utf-8
      date:
      - Tue, 14 May 2024 08:13:52 GMT
      expires:
      - '-1'
      location:
      - /subscriptions/00000000-0000-0000-0000-000000000000/resourcegroups/img_tmpl_customizers000001/providers/Microsoft.ManagedIdentity/userAssignedIdentities/ide1
      pragma:
      - no-cache
      strict-transport-security:
      - max-age=31536000; includeSubDomains
      x-cache:
      - CONFIG_NOCACHE
      x-content-type-options:
      - nosniff
      x-ms-ratelimit-remaining-subscription-writes:
      - '1199'
      x-msedge-ref:
      - 'Ref A: 0547E2C33FA7459CA60DAA1E0CC4377F Ref B: TYO201151004054 Ref C: 2024-05-14T08:13:49Z'
    status:
      code: 201
      message: Created
- request:
    body: null
    headers:
      Accept:
      - '*/*'
      Accept-Encoding:
      - gzip, deflate
      CommandName:
      - role assignment create
      Connection:
      - keep-alive
      ParameterSetName:
      - --assignee --role --scope
      User-Agent:
      - python/3.10.11 (Windows-10-10.0.22631-SP0) AZURECLI/2.60.0
    method: GET
    uri: https://graph.microsoft.com/v1.0/servicePrincipals?$filter=servicePrincipalNames%2Fany%28c%3Ac%20eq%20%27d2cdd235-6136-4e06-8e4b-889c18965195%27%29
  response:
    body:
      string: '{"@odata.context":"https://graph.microsoft.com/v1.0/$metadata#servicePrincipals","value":[{"id":"78e40c68-d2a9-42e8-83db-45990107f523","deletedDateTime":null,"accountEnabled":true,"alternativeNames":["isExplicit=True","/subscriptions/00000000-0000-0000-0000-000000000000/resourcegroups/img_tmpl_customizers000001/providers/Microsoft.ManagedIdentity/userAssignedIdentities/ide1"],"appDisplayName":null,"appDescription":null,"appId":"d2cdd235-6136-4e06-8e4b-889c18965195","applicationTemplateId":null,"appOwnerOrganizationId":null,"appRoleAssignmentRequired":false,"createdDateTime":"2024-05-14T08:13:51Z","description":null,"disabledByMicrosoftStatus":null,"displayName":"ide1","homepage":null,"loginUrl":null,"logoutUrl":null,"notes":null,"notificationEmailAddresses":[],"preferredSingleSignOnMode":null,"preferredTokenSigningKeyThumbprint":null,"replyUrls":[],"servicePrincipalNames":["d2cdd235-6136-4e06-8e4b-889c18965195","https://identity.azure.net/Q8jcKzFVF+dUov599hAMpytpnJiiKngXOPTGmNAmp1M="],"servicePrincipalType":"ManagedIdentity","signInAudience":null,"tags":[],"tokenEncryptionKeyId":null,"info":null,"samlSingleSignOnSettings":null,"addIns":[],"appRoles":[],"keyCredentials":[{"customKeyIdentifier":"AA4A70C8714365AB1A1476981ED0B1263C08D48F","displayName":"CN=d2cdd235-6136-4e06-8e4b-889c18965195,
        DC=54826b22-38d6-4fb2-bad9-b7b93a3e9c5a","endDateTime":"2024-08-12T08:08:00Z","key":null,"keyId":"8bc4fe54-8da4-4275-a8dc-d8cfa38ae172","startDateTime":"2024-05-14T08:08:00Z","type":"AsymmetricX509Cert","usage":"Verify"}],"oauth2PermissionScopes":[],"passwordCredentials":[],"resourceSpecificApplicationPermissions":[],"verifiedPublisher":{"displayName":null,"verifiedPublisherId":null,"addedDateTime":null}}]}'
    headers:
      cache-control:
      - no-cache
      content-length:
      - '1721'
      content-type:
      - application/json;odata.metadata=minimal;odata.streaming=true;IEEE754Compatible=false;charset=utf-8
      date:
      - Tue, 14 May 2024 08:14:37 GMT
      odata-version:
      - '4.0'
      request-id:
      - 01d0c6c9-f516-4d66-8a38-80f82ec7f45c
      strict-transport-security:
      - max-age=31536000
      transfer-encoding:
      - chunked
      vary:
      - Accept-Encoding
      x-ms-ags-diagnostic:
      - '{"ServerInfo":{"DataCenter":"Japan East","Slice":"E","Ring":"5","ScaleUnit":"001","RoleInstance":"TYO1EPF0000513D"}}'
      x-ms-resource-unit:
      - '1'
    status:
      code: 200
      message: OK
- request:
    body: null
    headers:
      Accept:
      - application/json
      Accept-Encoding:
      - gzip, deflate
      CommandName:
      - role assignment create
      Connection:
      - keep-alive
      ParameterSetName:
      - --assignee --role --scope
      User-Agent:
      - AZURECLI/2.60.0 azsdk-python-core/1.28.0 Python/3.10.11 (Windows-10-10.0.22631-SP0)
    method: GET
    uri: https://management.azure.com/subscriptions/00000000-0000-0000-0000-000000000000/resourceGroups/img_tmpl_customizers000001/providers/Microsoft.Authorization/roleDefinitions?$filter=roleName%20eq%20%27Contributor%27&api-version=2022-05-01-preview
  response:
    body:
      string: '{"value":[{"properties":{"roleName":"Contributor","type":"BuiltInRole","description":"Grants
        full access to manage all resources, but does not allow you to assign roles
        in Azure RBAC, manage assignments in Azure Blueprints, or share image galleries.","assignableScopes":["/"],"permissions":[{"actions":["*"],"notActions":["Microsoft.Authorization/*/Delete","Microsoft.Authorization/*/Write","Microsoft.Authorization/elevateAccess/Action","Microsoft.Blueprint/blueprintAssignments/write","Microsoft.Blueprint/blueprintAssignments/delete","Microsoft.Compute/galleries/share/action","Microsoft.Purview/consents/write","Microsoft.Purview/consents/delete"],"dataActions":[],"notDataActions":[]}],"createdOn":"2015-02-02T21:55:09.8806423Z","updatedOn":"2023-07-05T20:08:05.4086949Z","createdBy":null,"updatedBy":null},"id":"/subscriptions/00000000-0000-0000-0000-000000000000/providers/Microsoft.Authorization/roleDefinitions/b24988ac-6180-42a0-ab88-20f7382dd24c","type":"Microsoft.Authorization/roleDefinitions","name":"b24988ac-6180-42a0-ab88-20f7382dd24c"}]}'
    headers:
      cache-control:
      - no-cache
      content-length:
      - '1055'
      content-type:
      - application/json; charset=utf-8
      date:
      - Tue, 14 May 2024 08:14:38 GMT
      expires:
      - '-1'
      pragma:
      - no-cache
      set-cookie:
      - x-ms-gateway-slice=Production; path=/; secure; samesite=none; httponly
      strict-transport-security:
      - max-age=31536000; includeSubDomains
      x-cache:
      - CONFIG_NOCACHE
      x-content-type-options:
      - nosniff
      x-msedge-ref:
      - 'Ref A: B49700F2BAD945BF8AB4EBDF2013B132 Ref B: TYO201151002042 Ref C: 2024-05-14T08:14:38Z'
    status:
      code: 200
      message: OK
- request:
    body: '{"properties": {"roleDefinitionId": "/subscriptions/00000000-0000-0000-0000-000000000000/providers/Microsoft.Authorization/roleDefinitions/b24988ac-6180-42a0-ab88-20f7382dd24c",
      "principalId": "78e40c68-d2a9-42e8-83db-45990107f523", "principalType": "ServicePrincipal"}}'
    headers:
      Accept:
      - application/json
      Accept-Encoding:
      - gzip, deflate
      CommandName:
      - role assignment create
      Connection:
      - keep-alive
      Content-Length:
      - '270'
      Content-Type:
      - application/json
      Cookie:
      - x-ms-gateway-slice=Production
      ParameterSetName:
      - --assignee --role --scope
      User-Agent:
      - AZURECLI/2.60.0 azsdk-python-core/1.28.0 Python/3.10.11 (Windows-10-10.0.22631-SP0)
    method: PUT
    uri: https://management.azure.com/subscriptions/00000000-0000-0000-0000-000000000000/resourceGroups/img_tmpl_customizers000001/providers/Microsoft.Authorization/roleAssignments/88888888-0000-0000-0000-000000000001?api-version=2022-04-01
  response:
    body:
      string: '{"properties":{"roleDefinitionId":"/subscriptions/00000000-0000-0000-0000-000000000000/providers/Microsoft.Authorization/roleDefinitions/b24988ac-6180-42a0-ab88-20f7382dd24c","principalId":"78e40c68-d2a9-42e8-83db-45990107f523","principalType":"ServicePrincipal","scope":"/subscriptions/00000000-0000-0000-0000-000000000000/resourceGroups/img_tmpl_customizers000001","condition":null,"conditionVersion":null,"createdOn":"2024-05-14T08:14:39.2039040Z","updatedOn":"2024-05-14T08:14:40.1169321Z","createdBy":null,"updatedBy":"d44a2991-98c6-47c3-b59b-2b30d72cfcc2","delegatedManagedIdentityResourceId":null,"description":null},"id":"/subscriptions/00000000-0000-0000-0000-000000000000/resourceGroups/img_tmpl_customizers000001/providers/Microsoft.Authorization/roleAssignments/88888888-0000-0000-0000-000000000001","type":"Microsoft.Authorization/roleAssignments","name":"88888888-0000-0000-0000-000000000001"}'
    headers:
      cache-control:
      - no-cache
      content-length:
      - '907'
      content-type:
      - application/json; charset=utf-8
      date:
      - Tue, 14 May 2024 08:14:43 GMT
      expires:
      - '-1'
      pragma:
      - no-cache
      strict-transport-security:
      - max-age=31536000; includeSubDomains
      x-cache:
      - CONFIG_NOCACHE
      x-content-type-options:
      - nosniff
      x-ms-ratelimit-remaining-subscription-writes:
      - '1199'
      x-msedge-ref:
      - 'Ref A: 368BCAEA6D234A6BA068B9D97CCA255B Ref B: TYO201151002042 Ref C: 2024-05-14T08:14:39Z'
    status:
      code: 201
      message: Created
- request:
    body: null
    headers:
      Accept:
      - application/json
      Accept-Encoding:
      - gzip, deflate
      CommandName:
      - image builder create
      Connection:
      - keep-alive
      ParameterSetName:
      - -n -g --scripts --image-source --managed-image-destinations --identity --defer
      User-Agent:
      - AZURECLI/2.60.0 azsdk-python-core/1.28.0 Python/3.10.11 (Windows-10-10.0.22631-SP0)
    method: GET
    uri: https://management.azure.com/subscriptions/00000000-0000-0000-0000-000000000000/resourcegroups/img_tmpl_customizers000001?api-version=2022-09-01
  response:
    body:
      string: '{"id":"/subscriptions/00000000-0000-0000-0000-000000000000/resourceGroups/img_tmpl_customizers000001","name":"img_tmpl_customizers000001","type":"Microsoft.Resources/resourceGroups","location":"westus","tags":{"product":"azurecli","cause":"automation","test":"test_image_builder_customizers","date":"2024-05-14T08:13:45Z","module":"vm","Creator":"v-jingszhang@microsoft.com","DateCreated":"2024-05-14T08:14:08Z"},"properties":{"provisioningState":"Succeeded"}}'
    headers:
      cache-control:
      - no-cache
      content-length:
      - '460'
      content-type:
      - application/json; charset=utf-8
      date:
      - Tue, 14 May 2024 08:14:44 GMT
      expires:
      - '-1'
      pragma:
      - no-cache
      strict-transport-security:
      - max-age=31536000; includeSubDomains
      x-cache:
      - CONFIG_NOCACHE
      x-content-type-options:
      - nosniff
      x-msedge-ref:
      - 'Ref A: C704FC42588746299A397E228E2B5490 Ref B: TYO201151003040 Ref C: 2024-05-14T08:14:44Z'
    status:
      code: 200
      message: OK
- request:
    body: null
    headers:
      Accept:
      - application/json
      Accept-Encoding:
      - gzip, deflate
      CommandName:
      - image builder create
      Connection:
      - keep-alive
      ParameterSetName:
      - -n -g --scripts --image-source --managed-image-destinations --identity --defer
      User-Agent:
      - AZURECLI/2.60.0 azsdk-python-core/1.28.0 Python/3.10.11 (Windows-10-10.0.22631-SP0)
    method: GET
    uri: https://management.azure.com/subscriptions/00000000-0000-0000-0000-000000000000/locations?api-version=2022-12-01
  response:
    body:
      string: "{\"value\":[{\"id\":\"/subscriptions/00000000-0000-0000-0000-000000000000/locations/eastus\"\
        ,\"name\":\"eastus\",\"type\":\"Region\",\"displayName\":\"East US\",\"regionalDisplayName\"\
        :\"(US) East US\",\"metadata\":{\"regionType\":\"Physical\",\"regionCategory\"\
        :\"Recommended\",\"geography\":\"United States\",\"geographyGroup\":\"US\"\
        ,\"longitude\":\"-79.8164\",\"latitude\":\"37.3719\",\"physicalLocation\"\
        :\"Virginia\",\"pairedRegion\":[{\"name\":\"westus\",\"id\":\"/subscriptions/00000000-0000-0000-0000-000000000000/locations/westus\"\
        }]},\"availabilityZoneMappings\":[{\"logicalZone\":\"1\",\"physicalZone\"\
        :\"eastus-az3\"},{\"logicalZone\":\"2\",\"physicalZone\":\"eastus-az1\"},{\"\
        logicalZone\":\"3\",\"physicalZone\":\"eastus-az2\"}]},{\"id\":\"/subscriptions/00000000-0000-0000-0000-000000000000/locations/eastus2\"\
        ,\"name\":\"eastus2\",\"type\":\"Region\",\"displayName\":\"East US 2\",\"\
        regionalDisplayName\":\"(US) East US 2\",\"metadata\":{\"regionType\":\"Physical\"\
        ,\"regionCategory\":\"Recommended\",\"geography\":\"United States\",\"geographyGroup\"\
        :\"US\",\"longitude\":\"-78.3889\",\"latitude\":\"36.6681\",\"physicalLocation\"\
        :\"Virginia\",\"pairedRegion\":[{\"name\":\"centralus\",\"id\":\"/subscriptions/00000000-0000-0000-0000-000000000000/locations/centralus\"\
        }]},\"availabilityZoneMappings\":[{\"logicalZone\":\"1\",\"physicalZone\"\
        :\"eastus2-az3\"},{\"logicalZone\":\"2\",\"physicalZone\":\"eastus2-az1\"\
        },{\"logicalZone\":\"3\",\"physicalZone\":\"eastus2-az2\"}]},{\"id\":\"/subscriptions/00000000-0000-0000-0000-000000000000/locations/southcentralus\"\
        ,\"name\":\"southcentralus\",\"type\":\"Region\",\"displayName\":\"South Central\
        \ US\",\"regionalDisplayName\":\"(US) South Central US\",\"metadata\":{\"\
        regionType\":\"Physical\",\"regionCategory\":\"Recommended\",\"geography\"\
        :\"United States\",\"geographyGroup\":\"US\",\"longitude\":\"-98.5\",\"latitude\"\
        :\"29.4167\",\"physicalLocation\":\"Texas\",\"pairedRegion\":[{\"name\":\"\
        northcentralus\",\"id\":\"/subscriptions/00000000-0000-0000-0000-000000000000/locations/northcentralus\"\
        }]},\"availabilityZoneMappings\":[{\"logicalZone\":\"1\",\"physicalZone\"\
        :\"southcentralus-az3\"},{\"logicalZone\":\"2\",\"physicalZone\":\"southcentralus-az1\"\
        },{\"logicalZone\":\"3\",\"physicalZone\":\"southcentralus-az2\"}]},{\"id\"\
        :\"/subscriptions/00000000-0000-0000-0000-000000000000/locations/westus2\"\
        ,\"name\":\"westus2\",\"type\":\"Region\",\"displayName\":\"West US 2\",\"\
        regionalDisplayName\":\"(US) West US 2\",\"metadata\":{\"regionType\":\"Physical\"\
        ,\"regionCategory\":\"Recommended\",\"geography\":\"United States\",\"geographyGroup\"\
        :\"US\",\"longitude\":\"-119.852\",\"latitude\":\"47.233\",\"physicalLocation\"\
        :\"Washington\",\"pairedRegion\":[{\"name\":\"westcentralus\",\"id\":\"/subscriptions/00000000-0000-0000-0000-000000000000/locations/westcentralus\"\
        }]},\"availabilityZoneMappings\":[{\"logicalZone\":\"1\",\"physicalZone\"\
        :\"westus2-az3\"},{\"logicalZone\":\"2\",\"physicalZone\":\"westus2-az1\"\
        },{\"logicalZone\":\"3\",\"physicalZone\":\"westus2-az2\"}]},{\"id\":\"/subscriptions/00000000-0000-0000-0000-000000000000/locations/westus3\"\
        ,\"name\":\"westus3\",\"type\":\"Region\",\"displayName\":\"West US 3\",\"\
        regionalDisplayName\":\"(US) West US 3\",\"metadata\":{\"regionType\":\"Physical\"\
        ,\"regionCategory\":\"Recommended\",\"geography\":\"United States\",\"geographyGroup\"\
        :\"US\",\"longitude\":\"-112.074036\",\"latitude\":\"33.448376\",\"physicalLocation\"\
        :\"Phoenix\",\"pairedRegion\":[{\"name\":\"eastus\",\"id\":\"/subscriptions/00000000-0000-0000-0000-000000000000/locations/eastus\"\
        }]},\"availabilityZoneMappings\":[{\"logicalZone\":\"1\",\"physicalZone\"\
        :\"westus3-az3\"},{\"logicalZone\":\"2\",\"physicalZone\":\"westus3-az1\"\
        },{\"logicalZone\":\"3\",\"physicalZone\":\"westus3-az2\"}]},{\"id\":\"/subscriptions/00000000-0000-0000-0000-000000000000/locations/australiaeast\"\
        ,\"name\":\"australiaeast\",\"type\":\"Region\",\"displayName\":\"Australia\
        \ East\",\"regionalDisplayName\":\"(Asia Pacific) Australia East\",\"metadata\"\
        :{\"regionType\":\"Physical\",\"regionCategory\":\"Recommended\",\"geography\"\
        :\"Australia\",\"geographyGroup\":\"Asia Pacific\",\"longitude\":\"151.2094\"\
        ,\"latitude\":\"-33.86\",\"physicalLocation\":\"New South Wales\",\"pairedRegion\"\
        :[{\"name\":\"australiasoutheast\",\"id\":\"/subscriptions/00000000-0000-0000-0000-000000000000/locations/australiasoutheast\"\
        }]},\"availabilityZoneMappings\":[{\"logicalZone\":\"1\",\"physicalZone\"\
        :\"australiaeast-az3\"},{\"logicalZone\":\"2\",\"physicalZone\":\"australiaeast-az1\"\
        },{\"logicalZone\":\"3\",\"physicalZone\":\"australiaeast-az2\"}]},{\"id\"\
        :\"/subscriptions/00000000-0000-0000-0000-000000000000/locations/southeastasia\"\
        ,\"name\":\"southeastasia\",\"type\":\"Region\",\"displayName\":\"Southeast\
        \ Asia\",\"regionalDisplayName\":\"(Asia Pacific) Southeast Asia\",\"metadata\"\
        :{\"regionType\":\"Physical\",\"regionCategory\":\"Recommended\",\"geography\"\
        :\"Asia Pacific\",\"geographyGroup\":\"Asia Pacific\",\"longitude\":\"103.833\"\
        ,\"latitude\":\"1.283\",\"physicalLocation\":\"Singapore\",\"pairedRegion\"\
        :[{\"name\":\"eastasia\",\"id\":\"/subscriptions/00000000-0000-0000-0000-000000000000/locations/eastasia\"\
        }]},\"availabilityZoneMappings\":[{\"logicalZone\":\"1\",\"physicalZone\"\
        :\"southeastasia-az3\"},{\"logicalZone\":\"2\",\"physicalZone\":\"southeastasia-az1\"\
        },{\"logicalZone\":\"3\",\"physicalZone\":\"southeastasia-az2\"}]},{\"id\"\
        :\"/subscriptions/00000000-0000-0000-0000-000000000000/locations/northeurope\"\
        ,\"name\":\"northeurope\",\"type\":\"Region\",\"displayName\":\"North Europe\"\
        ,\"regionalDisplayName\":\"(Europe) North Europe\",\"metadata\":{\"regionType\"\
        :\"Physical\",\"regionCategory\":\"Recommended\",\"geography\":\"Europe\"\
        ,\"geographyGroup\":\"Europe\",\"longitude\":\"-6.2597\",\"latitude\":\"53.3478\"\
        ,\"physicalLocation\":\"Ireland\",\"pairedRegion\":[{\"name\":\"westeurope\"\
        ,\"id\":\"/subscriptions/00000000-0000-0000-0000-000000000000/locations/westeurope\"\
        }]},\"availabilityZoneMappings\":[{\"logicalZone\":\"1\",\"physicalZone\"\
        :\"northeurope-az3\"},{\"logicalZone\":\"2\",\"physicalZone\":\"northeurope-az1\"\
        },{\"logicalZone\":\"3\",\"physicalZone\":\"northeurope-az2\"}]},{\"id\":\"\
        /subscriptions/00000000-0000-0000-0000-000000000000/locations/swedencentral\"\
        ,\"name\":\"swedencentral\",\"type\":\"Region\",\"displayName\":\"Sweden Central\"\
        ,\"regionalDisplayName\":\"(Europe) Sweden Central\",\"metadata\":{\"regionType\"\
        :\"Physical\",\"regionCategory\":\"Recommended\",\"geography\":\"Sweden\"\
        ,\"geographyGroup\":\"Europe\",\"longitude\":\"17.14127\",\"latitude\":\"\
        60.67488\",\"physicalLocation\":\"G\xE4vle\",\"pairedRegion\":[{\"name\":\"\
        swedensouth\",\"id\":\"/subscriptions/00000000-0000-0000-0000-000000000000/locations/swedensouth\"\
        }]},\"availabilityZoneMappings\":[{\"logicalZone\":\"1\",\"physicalZone\"\
        :\"swedencentral-az3\"},{\"logicalZone\":\"2\",\"physicalZone\":\"swedencentral-az1\"\
        },{\"logicalZone\":\"3\",\"physicalZone\":\"swedencentral-az2\"}]},{\"id\"\
        :\"/subscriptions/00000000-0000-0000-0000-000000000000/locations/uksouth\"\
        ,\"name\":\"uksouth\",\"type\":\"Region\",\"displayName\":\"UK South\",\"\
        regionalDisplayName\":\"(Europe) UK South\",\"metadata\":{\"regionType\":\"\
        Physical\",\"regionCategory\":\"Recommended\",\"geography\":\"United Kingdom\"\
        ,\"geographyGroup\":\"Europe\",\"longitude\":\"-0.799\",\"latitude\":\"50.941\"\
        ,\"physicalLocation\":\"London\",\"pairedRegion\":[{\"name\":\"ukwest\",\"\
        id\":\"/subscriptions/00000000-0000-0000-0000-000000000000/locations/ukwest\"\
        }]},\"availabilityZoneMappings\":[{\"logicalZone\":\"1\",\"physicalZone\"\
        :\"uksouth-az3\"},{\"logicalZone\":\"2\",\"physicalZone\":\"uksouth-az1\"\
        },{\"logicalZone\":\"3\",\"physicalZone\":\"uksouth-az2\"}]},{\"id\":\"/subscriptions/00000000-0000-0000-0000-000000000000/locations/westeurope\"\
        ,\"name\":\"westeurope\",\"type\":\"Region\",\"displayName\":\"West Europe\"\
        ,\"regionalDisplayName\":\"(Europe) West Europe\",\"metadata\":{\"regionType\"\
        :\"Physical\",\"regionCategory\":\"Recommended\",\"geography\":\"Europe\"\
        ,\"geographyGroup\":\"Europe\",\"longitude\":\"4.9\",\"latitude\":\"52.3667\"\
        ,\"physicalLocation\":\"Netherlands\",\"pairedRegion\":[{\"name\":\"northeurope\"\
        ,\"id\":\"/subscriptions/00000000-0000-0000-0000-000000000000/locations/northeurope\"\
        }]},\"availabilityZoneMappings\":[{\"logicalZone\":\"1\",\"physicalZone\"\
        :\"westeurope-az3\"},{\"logicalZone\":\"2\",\"physicalZone\":\"westeurope-az1\"\
        },{\"logicalZone\":\"3\",\"physicalZone\":\"westeurope-az2\"}]},{\"id\":\"\
        /subscriptions/00000000-0000-0000-0000-000000000000/locations/centralus\"\
        ,\"name\":\"centralus\",\"type\":\"Region\",\"displayName\":\"Central US\"\
        ,\"regionalDisplayName\":\"(US) Central US\",\"metadata\":{\"regionType\"\
        :\"Physical\",\"regionCategory\":\"Recommended\",\"geography\":\"United States\"\
        ,\"geographyGroup\":\"US\",\"longitude\":\"-93.6208\",\"latitude\":\"41.5908\"\
        ,\"physicalLocation\":\"Iowa\",\"pairedRegion\":[{\"name\":\"eastus2\",\"\
        id\":\"/subscriptions/00000000-0000-0000-0000-000000000000/locations/eastus2\"\
        }]},\"availabilityZoneMappings\":[{\"logicalZone\":\"1\",\"physicalZone\"\
        :\"centralus-az3\"},{\"logicalZone\":\"2\",\"physicalZone\":\"centralus-az1\"\
        },{\"logicalZone\":\"3\",\"physicalZone\":\"centralus-az2\"}]},{\"id\":\"\
        /subscriptions/00000000-0000-0000-0000-000000000000/locations/southafricanorth\"\
        ,\"name\":\"southafricanorth\",\"type\":\"Region\",\"displayName\":\"South\
        \ Africa North\",\"regionalDisplayName\":\"(Africa) South Africa North\",\"\
        metadata\":{\"regionType\":\"Physical\",\"regionCategory\":\"Recommended\"\
        ,\"geography\":\"South Africa\",\"geographyGroup\":\"Africa\",\"longitude\"\
        :\"28.21837\",\"latitude\":\"-25.73134\",\"physicalLocation\":\"Johannesburg\"\
        ,\"pairedRegion\":[{\"name\":\"southafricawest\",\"id\":\"/subscriptions/00000000-0000-0000-0000-000000000000/locations/southafricawest\"\
        }]},\"availabilityZoneMappings\":[{\"logicalZone\":\"1\",\"physicalZone\"\
        :\"southafricanorth-az3\"},{\"logicalZone\":\"2\",\"physicalZone\":\"southafricanorth-az1\"\
        },{\"logicalZone\":\"3\",\"physicalZone\":\"southafricanorth-az2\"}]},{\"\
        id\":\"/subscriptions/00000000-0000-0000-0000-000000000000/locations/centralindia\"\
        ,\"name\":\"centralindia\",\"type\":\"Region\",\"displayName\":\"Central India\"\
        ,\"regionalDisplayName\":\"(Asia Pacific) Central India\",\"metadata\":{\"\
        regionType\":\"Physical\",\"regionCategory\":\"Recommended\",\"geography\"\
        :\"India\",\"geographyGroup\":\"Asia Pacific\",\"longitude\":\"73.9197\",\"\
        latitude\":\"18.5822\",\"physicalLocation\":\"Pune\",\"pairedRegion\":[{\"\
        name\":\"southindia\",\"id\":\"/subscriptions/00000000-0000-0000-0000-000000000000/locations/southindia\"\
        }]},\"availabilityZoneMappings\":[{\"logicalZone\":\"1\",\"physicalZone\"\
        :\"centralindia-az3\"},{\"logicalZone\":\"2\",\"physicalZone\":\"centralindia-az1\"\
        },{\"logicalZone\":\"3\",\"physicalZone\":\"centralindia-az2\"}]},{\"id\"\
        :\"/subscriptions/00000000-0000-0000-0000-000000000000/locations/eastasia\"\
        ,\"name\":\"eastasia\",\"type\":\"Region\",\"displayName\":\"East Asia\",\"\
        regionalDisplayName\":\"(Asia Pacific) East Asia\",\"metadata\":{\"regionType\"\
        :\"Physical\",\"regionCategory\":\"Recommended\",\"geography\":\"Asia Pacific\"\
        ,\"geographyGroup\":\"Asia Pacific\",\"longitude\":\"114.188\",\"latitude\"\
        :\"22.267\",\"physicalLocation\":\"Hong Kong\",\"pairedRegion\":[{\"name\"\
        :\"southeastasia\",\"id\":\"/subscriptions/00000000-0000-0000-0000-000000000000/locations/southeastasia\"\
        }]},\"availabilityZoneMappings\":[{\"logicalZone\":\"1\",\"physicalZone\"\
        :\"eastasia-az3\"},{\"logicalZone\":\"2\",\"physicalZone\":\"eastasia-az1\"\
        },{\"logicalZone\":\"3\",\"physicalZone\":\"eastasia-az2\"}]},{\"id\":\"/subscriptions/00000000-0000-0000-0000-000000000000/locations/japaneast\"\
        ,\"name\":\"japaneast\",\"type\":\"Region\",\"displayName\":\"Japan East\"\
        ,\"regionalDisplayName\":\"(Asia Pacific) Japan East\",\"metadata\":{\"regionType\"\
        :\"Physical\",\"regionCategory\":\"Recommended\",\"geography\":\"Japan\",\"\
        geographyGroup\":\"Asia Pacific\",\"longitude\":\"139.77\",\"latitude\":\"\
        35.68\",\"physicalLocation\":\"Tokyo, Saitama\",\"pairedRegion\":[{\"name\"\
        :\"japanwest\",\"id\":\"/subscriptions/00000000-0000-0000-0000-000000000000/locations/japanwest\"\
        }]},\"availabilityZoneMappings\":[{\"logicalZone\":\"1\",\"physicalZone\"\
        :\"japaneast-az3\"},{\"logicalZone\":\"2\",\"physicalZone\":\"japaneast-az1\"\
        },{\"logicalZone\":\"3\",\"physicalZone\":\"japaneast-az2\"}]},{\"id\":\"\
        /subscriptions/00000000-0000-0000-0000-000000000000/locations/koreacentral\"\
        ,\"name\":\"koreacentral\",\"type\":\"Region\",\"displayName\":\"Korea Central\"\
        ,\"regionalDisplayName\":\"(Asia Pacific) Korea Central\",\"metadata\":{\"\
        regionType\":\"Physical\",\"regionCategory\":\"Recommended\",\"geography\"\
        :\"Korea\",\"geographyGroup\":\"Asia Pacific\",\"longitude\":\"126.978\",\"\
        latitude\":\"37.5665\",\"physicalLocation\":\"Seoul\",\"pairedRegion\":[{\"\
        name\":\"koreasouth\",\"id\":\"/subscriptions/00000000-0000-0000-0000-000000000000/locations/koreasouth\"\
        }]},\"availabilityZoneMappings\":[{\"logicalZone\":\"1\",\"physicalZone\"\
        :\"koreacentral-az3\"},{\"logicalZone\":\"2\",\"physicalZone\":\"koreacentral-az1\"\
        },{\"logicalZone\":\"3\",\"physicalZone\":\"koreacentral-az2\"}]},{\"id\"\
        :\"/subscriptions/00000000-0000-0000-0000-000000000000/locations/canadacentral\"\
        ,\"name\":\"canadacentral\",\"type\":\"Region\",\"displayName\":\"Canada Central\"\
        ,\"regionalDisplayName\":\"(Canada) Canada Central\",\"metadata\":{\"regionType\"\
        :\"Physical\",\"regionCategory\":\"Recommended\",\"geography\":\"Canada\"\
        ,\"geographyGroup\":\"Canada\",\"longitude\":\"-79.383\",\"latitude\":\"43.653\"\
        ,\"physicalLocation\":\"Toronto\",\"pairedRegion\":[{\"name\":\"canadaeast\"\
        ,\"id\":\"/subscriptions/00000000-0000-0000-0000-000000000000/locations/canadaeast\"\
        }]},\"availabilityZoneMappings\":[{\"logicalZone\":\"1\",\"physicalZone\"\
        :\"canadacentral-az3\"},{\"logicalZone\":\"2\",\"physicalZone\":\"canadacentral-az1\"\
        },{\"logicalZone\":\"3\",\"physicalZone\":\"canadacentral-az2\"}]},{\"id\"\
        :\"/subscriptions/00000000-0000-0000-0000-000000000000/locations/francecentral\"\
        ,\"name\":\"francecentral\",\"type\":\"Region\",\"displayName\":\"France Central\"\
        ,\"regionalDisplayName\":\"(Europe) France Central\",\"metadata\":{\"regionType\"\
        :\"Physical\",\"regionCategory\":\"Recommended\",\"geography\":\"France\"\
        ,\"geographyGroup\":\"Europe\",\"longitude\":\"2.373\",\"latitude\":\"46.3772\"\
        ,\"physicalLocation\":\"Paris\",\"pairedRegion\":[{\"name\":\"francesouth\"\
        ,\"id\":\"/subscriptions/00000000-0000-0000-0000-000000000000/locations/francesouth\"\
        }]},\"availabilityZoneMappings\":[{\"logicalZone\":\"1\",\"physicalZone\"\
        :\"francecentral-az3\"},{\"logicalZone\":\"2\",\"physicalZone\":\"francecentral-az1\"\
        },{\"logicalZone\":\"3\",\"physicalZone\":\"francecentral-az2\"}]},{\"id\"\
        :\"/subscriptions/00000000-0000-0000-0000-000000000000/locations/germanywestcentral\"\
        ,\"name\":\"germanywestcentral\",\"type\":\"Region\",\"displayName\":\"Germany\
        \ West Central\",\"regionalDisplayName\":\"(Europe) Germany West Central\"\
        ,\"metadata\":{\"regionType\":\"Physical\",\"regionCategory\":\"Recommended\"\
        ,\"geography\":\"Germany\",\"geographyGroup\":\"Europe\",\"longitude\":\"\
        8.682127\",\"latitude\":\"50.110924\",\"physicalLocation\":\"Frankfurt\",\"\
        pairedRegion\":[{\"name\":\"germanynorth\",\"id\":\"/subscriptions/00000000-0000-0000-0000-000000000000/locations/germanynorth\"\
        }]},\"availabilityZoneMappings\":[{\"logicalZone\":\"1\",\"physicalZone\"\
        :\"germanywestcentral-az3\"},{\"logicalZone\":\"2\",\"physicalZone\":\"germanywestcentral-az1\"\
        },{\"logicalZone\":\"3\",\"physicalZone\":\"germanywestcentral-az2\"}]},{\"\
        id\":\"/subscriptions/00000000-0000-0000-0000-000000000000/locations/italynorth\"\
        ,\"name\":\"italynorth\",\"type\":\"Region\",\"displayName\":\"Italy North\"\
        ,\"regionalDisplayName\":\"(Europe) Italy North\",\"metadata\":{\"regionType\"\
        :\"Physical\",\"regionCategory\":\"Recommended\",\"geography\":\"Italy\",\"\
        geographyGroup\":\"Europe\",\"longitude\":\"9.18109\",\"latitude\":\"45.46888\"\
        ,\"physicalLocation\":\"Milan\",\"pairedRegion\":[]},\"availabilityZoneMappings\"\
        :[{\"logicalZone\":\"1\",\"physicalZone\":\"italynorth-az3\"},{\"logicalZone\"\
        :\"2\",\"physicalZone\":\"italynorth-az1\"},{\"logicalZone\":\"3\",\"physicalZone\"\
        :\"italynorth-az2\"}]},{\"id\":\"/subscriptions/00000000-0000-0000-0000-000000000000/locations/norwayeast\"\
        ,\"name\":\"norwayeast\",\"type\":\"Region\",\"displayName\":\"Norway East\"\
        ,\"regionalDisplayName\":\"(Europe) Norway East\",\"metadata\":{\"regionType\"\
        :\"Physical\",\"regionCategory\":\"Recommended\",\"geography\":\"Norway\"\
        ,\"geographyGroup\":\"Europe\",\"longitude\":\"10.752245\",\"latitude\":\"\
        59.913868\",\"physicalLocation\":\"Norway\",\"pairedRegion\":[{\"name\":\"\
        norwaywest\",\"id\":\"/subscriptions/00000000-0000-0000-0000-000000000000/locations/norwaywest\"\
        }]},\"availabilityZoneMappings\":[{\"logicalZone\":\"1\",\"physicalZone\"\
        :\"norwayeast-az3\"},{\"logicalZone\":\"2\",\"physicalZone\":\"norwayeast-az1\"\
        },{\"logicalZone\":\"3\",\"physicalZone\":\"norwayeast-az2\"}]},{\"id\":\"\
        /subscriptions/00000000-0000-0000-0000-000000000000/locations/polandcentral\"\
        ,\"name\":\"polandcentral\",\"type\":\"Region\",\"displayName\":\"Poland Central\"\
        ,\"regionalDisplayName\":\"(Europe) Poland Central\",\"metadata\":{\"regionType\"\
        :\"Physical\",\"regionCategory\":\"Recommended\",\"geography\":\"Poland\"\
        ,\"geographyGroup\":\"Europe\",\"longitude\":\"21.01666\",\"latitude\":\"\
        52.23334\",\"physicalLocation\":\"Warsaw\",\"pairedRegion\":[]},\"availabilityZoneMappings\"\
        :[{\"logicalZone\":\"1\",\"physicalZone\":\"polandcentral-az3\"},{\"logicalZone\"\
        :\"2\",\"physicalZone\":\"polandcentral-az1\"},{\"logicalZone\":\"3\",\"physicalZone\"\
        :\"polandcentral-az2\"}]},{\"id\":\"/subscriptions/00000000-0000-0000-0000-000000000000/locations/switzerlandnorth\"\
        ,\"name\":\"switzerlandnorth\",\"type\":\"Region\",\"displayName\":\"Switzerland\
        \ North\",\"regionalDisplayName\":\"(Europe) Switzerland North\",\"metadata\"\
        :{\"regionType\":\"Physical\",\"regionCategory\":\"Recommended\",\"geography\"\
        :\"Switzerland\",\"geographyGroup\":\"Europe\",\"longitude\":\"8.564572\"\
        ,\"latitude\":\"47.451542\",\"physicalLocation\":\"Zurich\",\"pairedRegion\"\
        :[{\"name\":\"switzerlandwest\",\"id\":\"/subscriptions/00000000-0000-0000-0000-000000000000/locations/switzerlandwest\"\
        }]},\"availabilityZoneMappings\":[{\"logicalZone\":\"1\",\"physicalZone\"\
        :\"switzerlandnorth-az3\"},{\"logicalZone\":\"2\",\"physicalZone\":\"switzerlandnorth-az1\"\
        },{\"logicalZone\":\"3\",\"physicalZone\":\"switzerlandnorth-az2\"}]},{\"\
        id\":\"/subscriptions/00000000-0000-0000-0000-000000000000/locations/mexicocentral\"\
        ,\"name\":\"mexicocentral\",\"type\":\"Region\",\"displayName\":\"Mexico Central\"\
        ,\"regionalDisplayName\":\"(Mexico) Mexico Central\",\"metadata\":{\"regionType\"\
        :\"Physical\",\"regionCategory\":\"Recommended\",\"geography\":\"Mexico\"\
        ,\"geographyGroup\":\"Mexico\",\"longitude\":\"-100.389888\",\"latitude\"\
        :\"20.588818\",\"physicalLocation\":\"Quer\xE9taro State\",\"pairedRegion\"\
        :[]},\"availabilityZoneMappings\":[{\"logicalZone\":\"1\",\"physicalZone\"\
        :\"mexicocentral-az3\"},{\"logicalZone\":\"2\",\"physicalZone\":\"mexicocentral-az1\"\
        },{\"logicalZone\":\"3\",\"physicalZone\":\"mexicocentral-az2\"}]},{\"id\"\
        :\"/subscriptions/00000000-0000-0000-0000-000000000000/locations/uaenorth\"\
        ,\"name\":\"uaenorth\",\"type\":\"Region\",\"displayName\":\"UAE North\",\"\
        regionalDisplayName\":\"(Middle East) UAE North\",\"metadata\":{\"regionType\"\
        :\"Physical\",\"regionCategory\":\"Recommended\",\"geography\":\"UAE\",\"\
        geographyGroup\":\"Middle East\",\"longitude\":\"55.316666\",\"latitude\"\
        :\"25.266666\",\"physicalLocation\":\"Dubai\",\"pairedRegion\":[{\"name\"\
        :\"uaecentral\",\"id\":\"/subscriptions/00000000-0000-0000-0000-000000000000/locations/uaecentral\"\
        }]},\"availabilityZoneMappings\":[{\"logicalZone\":\"1\",\"physicalZone\"\
        :\"uaenorth-az3\"},{\"logicalZone\":\"2\",\"physicalZone\":\"uaenorth-az1\"\
        },{\"logicalZone\":\"3\",\"physicalZone\":\"uaenorth-az2\"}]},{\"id\":\"/subscriptions/00000000-0000-0000-0000-000000000000/locations/brazilsouth\"\
        ,\"name\":\"brazilsouth\",\"type\":\"Region\",\"displayName\":\"Brazil South\"\
        ,\"regionalDisplayName\":\"(South America) Brazil South\",\"metadata\":{\"\
        regionType\":\"Physical\",\"regionCategory\":\"Recommended\",\"geography\"\
        :\"Brazil\",\"geographyGroup\":\"South America\",\"longitude\":\"-46.633\"\
        ,\"latitude\":\"-23.55\",\"physicalLocation\":\"Sao Paulo State\",\"pairedRegion\"\
        :[{\"name\":\"southcentralus\",\"id\":\"/subscriptions/00000000-0000-0000-0000-000000000000/locations/southcentralus\"\
        }]},\"availabilityZoneMappings\":[{\"logicalZone\":\"1\",\"physicalZone\"\
        :\"brazilsouth-az3\"},{\"logicalZone\":\"2\",\"physicalZone\":\"brazilsouth-az1\"\
        },{\"logicalZone\":\"3\",\"physicalZone\":\"brazilsouth-az2\"}]},{\"id\":\"\
        /subscriptions/00000000-0000-0000-0000-000000000000/locations/israelcentral\"\
        ,\"name\":\"israelcentral\",\"type\":\"Region\",\"displayName\":\"Israel Central\"\
        ,\"regionalDisplayName\":\"(Middle East) Israel Central\",\"metadata\":{\"\
        regionType\":\"Physical\",\"regionCategory\":\"Recommended\",\"geography\"\
        :\"Israel\",\"geographyGroup\":\"Middle East\",\"longitude\":\"33.4506633\"\
        ,\"latitude\":\"31.2655698\",\"physicalLocation\":\"Israel\",\"pairedRegion\"\
        :[]},\"availabilityZoneMappings\":[{\"logicalZone\":\"1\",\"physicalZone\"\
        :\"israelcentral-az3\"},{\"logicalZone\":\"2\",\"physicalZone\":\"israelcentral-az1\"\
        },{\"logicalZone\":\"3\",\"physicalZone\":\"israelcentral-az2\"}]},{\"id\"\
        :\"/subscriptions/00000000-0000-0000-0000-000000000000/locations/qatarcentral\"\
        ,\"name\":\"qatarcentral\",\"type\":\"Region\",\"displayName\":\"Qatar Central\"\
        ,\"regionalDisplayName\":\"(Middle East) Qatar Central\",\"metadata\":{\"\
        regionType\":\"Physical\",\"regionCategory\":\"Recommended\",\"geography\"\
        :\"Qatar\",\"geographyGroup\":\"Middle East\",\"longitude\":\"51.439327\"\
        ,\"latitude\":\"25.551462\",\"physicalLocation\":\"Doha\",\"pairedRegion\"\
        :[]},\"availabilityZoneMappings\":[{\"logicalZone\":\"1\",\"physicalZone\"\
        :\"qatarcentral-az3\"},{\"logicalZone\":\"2\",\"physicalZone\":\"qatarcentral-az1\"\
        },{\"logicalZone\":\"3\",\"physicalZone\":\"qatarcentral-az2\"}]},{\"id\"\
        :\"/subscriptions/00000000-0000-0000-0000-000000000000/locations/centralusstage\"\
        ,\"name\":\"centralusstage\",\"type\":\"Region\",\"displayName\":\"Central\
        \ US (Stage)\",\"regionalDisplayName\":\"(US) Central US (Stage)\",\"metadata\"\
        :{\"regionType\":\"Logical\",\"regionCategory\":\"Other\",\"geography\":\"\
        usa\",\"geographyGroup\":\"US\"}},{\"id\":\"/subscriptions/00000000-0000-0000-0000-000000000000/locations/eastusstage\"\
        ,\"name\":\"eastusstage\",\"type\":\"Region\",\"displayName\":\"East US (Stage)\"\
        ,\"regionalDisplayName\":\"(US) East US (Stage)\",\"metadata\":{\"regionType\"\
        :\"Logical\",\"regionCategory\":\"Other\",\"geography\":\"usa\",\"geographyGroup\"\
        :\"US\"}},{\"id\":\"/subscriptions/00000000-0000-0000-0000-000000000000/locations/eastus2stage\"\
        ,\"name\":\"eastus2stage\",\"type\":\"Region\",\"displayName\":\"East US 2\
        \ (Stage)\",\"regionalDisplayName\":\"(US) East US 2 (Stage)\",\"metadata\"\
        :{\"regionType\":\"Logical\",\"regionCategory\":\"Other\",\"geography\":\"\
        usa\",\"geographyGroup\":\"US\"}},{\"id\":\"/subscriptions/00000000-0000-0000-0000-000000000000/locations/northcentralusstage\"\
        ,\"name\":\"northcentralusstage\",\"type\":\"Region\",\"displayName\":\"North\
        \ Central US (Stage)\",\"regionalDisplayName\":\"(US) North Central US (Stage)\"\
        ,\"metadata\":{\"regionType\":\"Logical\",\"regionCategory\":\"Other\",\"\
        geography\":\"usa\",\"geographyGroup\":\"US\"}},{\"id\":\"/subscriptions/00000000-0000-0000-0000-000000000000/locations/southcentralusstage\"\
        ,\"name\":\"southcentralusstage\",\"type\":\"Region\",\"displayName\":\"South\
        \ Central US (Stage)\",\"regionalDisplayName\":\"(US) South Central US (Stage)\"\
        ,\"metadata\":{\"regionType\":\"Logical\",\"regionCategory\":\"Other\",\"\
        geography\":\"usa\",\"geographyGroup\":\"US\"}},{\"id\":\"/subscriptions/00000000-0000-0000-0000-000000000000/locations/westusstage\"\
        ,\"name\":\"westusstage\",\"type\":\"Region\",\"displayName\":\"West US (Stage)\"\
        ,\"regionalDisplayName\":\"(US) West US (Stage)\",\"metadata\":{\"regionType\"\
        :\"Logical\",\"regionCategory\":\"Other\",\"geography\":\"usa\",\"geographyGroup\"\
        :\"US\"}},{\"id\":\"/subscriptions/00000000-0000-0000-0000-000000000000/locations/westus2stage\"\
        ,\"name\":\"westus2stage\",\"type\":\"Region\",\"displayName\":\"West US 2\
        \ (Stage)\",\"regionalDisplayName\":\"(US) West US 2 (Stage)\",\"metadata\"\
        :{\"regionType\":\"Logical\",\"regionCategory\":\"Other\",\"geography\":\"\
        usa\",\"geographyGroup\":\"US\"}},{\"id\":\"/subscriptions/00000000-0000-0000-0000-000000000000/locations/asia\"\
        ,\"name\":\"asia\",\"type\":\"Region\",\"displayName\":\"Asia\",\"regionalDisplayName\"\
        :\"Asia\",\"metadata\":{\"regionType\":\"Logical\",\"regionCategory\":\"Other\"\
        }},{\"id\":\"/subscriptions/00000000-0000-0000-0000-000000000000/locations/asiapacific\"\
        ,\"name\":\"asiapacific\",\"type\":\"Region\",\"displayName\":\"Asia Pacific\"\
        ,\"regionalDisplayName\":\"Asia Pacific\",\"metadata\":{\"regionType\":\"\
        Logical\",\"regionCategory\":\"Other\"}},{\"id\":\"/subscriptions/00000000-0000-0000-0000-000000000000/locations/australia\"\
        ,\"name\":\"australia\",\"type\":\"Region\",\"displayName\":\"Australia\"\
        ,\"regionalDisplayName\":\"Australia\",\"metadata\":{\"regionType\":\"Logical\"\
        ,\"regionCategory\":\"Other\"}},{\"id\":\"/subscriptions/00000000-0000-0000-0000-000000000000/locations/brazil\"\
        ,\"name\":\"brazil\",\"type\":\"Region\",\"displayName\":\"Brazil\",\"regionalDisplayName\"\
        :\"Brazil\",\"metadata\":{\"regionType\":\"Logical\",\"regionCategory\":\"\
        Other\"}},{\"id\":\"/subscriptions/00000000-0000-0000-0000-000000000000/locations/canada\"\
        ,\"name\":\"canada\",\"type\":\"Region\",\"displayName\":\"Canada\",\"regionalDisplayName\"\
        :\"Canada\",\"metadata\":{\"regionType\":\"Logical\",\"regionCategory\":\"\
        Other\"}},{\"id\":\"/subscriptions/00000000-0000-0000-0000-000000000000/locations/europe\"\
        ,\"name\":\"europe\",\"type\":\"Region\",\"displayName\":\"Europe\",\"regionalDisplayName\"\
        :\"Europe\",\"metadata\":{\"regionType\":\"Logical\",\"regionCategory\":\"\
        Other\"}},{\"id\":\"/subscriptions/00000000-0000-0000-0000-000000000000/locations/france\"\
        ,\"name\":\"france\",\"type\":\"Region\",\"displayName\":\"France\",\"regionalDisplayName\"\
        :\"France\",\"metadata\":{\"regionType\":\"Logical\",\"regionCategory\":\"\
        Other\"}},{\"id\":\"/subscriptions/00000000-0000-0000-0000-000000000000/locations/germany\"\
        ,\"name\":\"germany\",\"type\":\"Region\",\"displayName\":\"Germany\",\"regionalDisplayName\"\
        :\"Germany\",\"metadata\":{\"regionType\":\"Logical\",\"regionCategory\":\"\
        Other\"}},{\"id\":\"/subscriptions/00000000-0000-0000-0000-000000000000/locations/global\"\
        ,\"name\":\"global\",\"type\":\"Region\",\"displayName\":\"Global\",\"regionalDisplayName\"\
        :\"Global\",\"metadata\":{\"regionType\":\"Logical\",\"regionCategory\":\"\
        Other\"}},{\"id\":\"/subscriptions/00000000-0000-0000-0000-000000000000/locations/india\"\
        ,\"name\":\"india\",\"type\":\"Region\",\"displayName\":\"India\",\"regionalDisplayName\"\
        :\"India\",\"metadata\":{\"regionType\":\"Logical\",\"regionCategory\":\"\
        Other\"}},{\"id\":\"/subscriptions/00000000-0000-0000-0000-000000000000/locations/israel\"\
        ,\"name\":\"israel\",\"type\":\"Region\",\"displayName\":\"Israel\",\"regionalDisplayName\"\
        :\"Israel\",\"metadata\":{\"regionType\":\"Logical\",\"regionCategory\":\"\
        Other\"}},{\"id\":\"/subscriptions/00000000-0000-0000-0000-000000000000/locations/italy\"\
        ,\"name\":\"italy\",\"type\":\"Region\",\"displayName\":\"Italy\",\"regionalDisplayName\"\
        :\"Italy\",\"metadata\":{\"regionType\":\"Logical\",\"regionCategory\":\"\
        Other\"}},{\"id\":\"/subscriptions/00000000-0000-0000-0000-000000000000/locations/japan\"\
        ,\"name\":\"japan\",\"type\":\"Region\",\"displayName\":\"Japan\",\"regionalDisplayName\"\
        :\"Japan\",\"metadata\":{\"regionType\":\"Logical\",\"regionCategory\":\"\
        Other\"}},{\"id\":\"/subscriptions/00000000-0000-0000-0000-000000000000/locations/korea\"\
        ,\"name\":\"korea\",\"type\":\"Region\",\"displayName\":\"Korea\",\"regionalDisplayName\"\
        :\"Korea\",\"metadata\":{\"regionType\":\"Logical\",\"regionCategory\":\"\
        Other\"}},{\"id\":\"/subscriptions/00000000-0000-0000-0000-000000000000/locations/newzealand\"\
        ,\"name\":\"newzealand\",\"type\":\"Region\",\"displayName\":\"New Zealand\"\
        ,\"regionalDisplayName\":\"New Zealand\",\"metadata\":{\"regionType\":\"Logical\"\
        ,\"regionCategory\":\"Other\"}},{\"id\":\"/subscriptions/00000000-0000-0000-0000-000000000000/locations/norway\"\
        ,\"name\":\"norway\",\"type\":\"Region\",\"displayName\":\"Norway\",\"regionalDisplayName\"\
        :\"Norway\",\"metadata\":{\"regionType\":\"Logical\",\"regionCategory\":\"\
        Other\"}},{\"id\":\"/subscriptions/00000000-0000-0000-0000-000000000000/locations/poland\"\
        ,\"name\":\"poland\",\"type\":\"Region\",\"displayName\":\"Poland\",\"regionalDisplayName\"\
        :\"Poland\",\"metadata\":{\"regionType\":\"Logical\",\"regionCategory\":\"\
        Other\"}},{\"id\":\"/subscriptions/00000000-0000-0000-0000-000000000000/locations/qatar\"\
        ,\"name\":\"qatar\",\"type\":\"Region\",\"displayName\":\"Qatar\",\"regionalDisplayName\"\
        :\"Qatar\",\"metadata\":{\"regionType\":\"Logical\",\"regionCategory\":\"\
        Other\"}},{\"id\":\"/subscriptions/00000000-0000-0000-0000-000000000000/locations/singapore\"\
        ,\"name\":\"singapore\",\"type\":\"Region\",\"displayName\":\"Singapore\"\
        ,\"regionalDisplayName\":\"Singapore\",\"metadata\":{\"regionType\":\"Logical\"\
        ,\"regionCategory\":\"Other\"}},{\"id\":\"/subscriptions/00000000-0000-0000-0000-000000000000/locations/southafrica\"\
        ,\"name\":\"southafrica\",\"type\":\"Region\",\"displayName\":\"South Africa\"\
        ,\"regionalDisplayName\":\"South Africa\",\"metadata\":{\"regionType\":\"\
        Logical\",\"regionCategory\":\"Other\"}},{\"id\":\"/subscriptions/00000000-0000-0000-0000-000000000000/locations/sweden\"\
        ,\"name\":\"sweden\",\"type\":\"Region\",\"displayName\":\"Sweden\",\"regionalDisplayName\"\
        :\"Sweden\",\"metadata\":{\"regionType\":\"Logical\",\"regionCategory\":\"\
        Other\"}},{\"id\":\"/subscriptions/00000000-0000-0000-0000-000000000000/locations/switzerland\"\
        ,\"name\":\"switzerland\",\"type\":\"Region\",\"displayName\":\"Switzerland\"\
        ,\"regionalDisplayName\":\"Switzerland\",\"metadata\":{\"regionType\":\"Logical\"\
        ,\"regionCategory\":\"Other\"}},{\"id\":\"/subscriptions/00000000-0000-0000-0000-000000000000/locations/uae\"\
        ,\"name\":\"uae\",\"type\":\"Region\",\"displayName\":\"United Arab Emirates\"\
        ,\"regionalDisplayName\":\"United Arab Emirates\",\"metadata\":{\"regionType\"\
        :\"Logical\",\"regionCategory\":\"Other\"}},{\"id\":\"/subscriptions/00000000-0000-0000-0000-000000000000/locations/uk\"\
        ,\"name\":\"uk\",\"type\":\"Region\",\"displayName\":\"United Kingdom\",\"\
        regionalDisplayName\":\"United Kingdom\",\"metadata\":{\"regionType\":\"Logical\"\
        ,\"regionCategory\":\"Other\"}},{\"id\":\"/subscriptions/00000000-0000-0000-0000-000000000000/locations/unitedstates\"\
        ,\"name\":\"unitedstates\",\"type\":\"Region\",\"displayName\":\"United States\"\
        ,\"regionalDisplayName\":\"United States\",\"metadata\":{\"regionType\":\"\
        Logical\",\"regionCategory\":\"Other\"}},{\"id\":\"/subscriptions/00000000-0000-0000-0000-000000000000/locations/unitedstateseuap\"\
        ,\"name\":\"unitedstateseuap\",\"type\":\"Region\",\"displayName\":\"United\
        \ States EUAP\",\"regionalDisplayName\":\"United States EUAP\",\"metadata\"\
        :{\"regionType\":\"Logical\",\"regionCategory\":\"Other\"}},{\"id\":\"/subscriptions/00000000-0000-0000-0000-000000000000/locations/eastasiastage\"\
        ,\"name\":\"eastasiastage\",\"type\":\"Region\",\"displayName\":\"East Asia\
        \ (Stage)\",\"regionalDisplayName\":\"(Asia Pacific) East Asia (Stage)\",\"\
        metadata\":{\"regionType\":\"Logical\",\"regionCategory\":\"Other\",\"geography\"\
        :\"asia\",\"geographyGroup\":\"Asia Pacific\"}},{\"id\":\"/subscriptions/00000000-0000-0000-0000-000000000000/locations/southeastasiastage\"\
        ,\"name\":\"southeastasiastage\",\"type\":\"Region\",\"displayName\":\"Southeast\
        \ Asia (Stage)\",\"regionalDisplayName\":\"(Asia Pacific) Southeast Asia (Stage)\"\
        ,\"metadata\":{\"regionType\":\"Logical\",\"regionCategory\":\"Other\",\"\
        geography\":\"asia\",\"geographyGroup\":\"Asia Pacific\"}},{\"id\":\"/subscriptions/00000000-0000-0000-0000-000000000000/locations/brazilus\"\
        ,\"name\":\"brazilus\",\"type\":\"Region\",\"displayName\":\"Brazil US\",\"\
        regionalDisplayName\":\"(South America) Brazil US\",\"metadata\":{\"regionType\"\
        :\"Physical\",\"regionCategory\":\"Other\",\"geography\":\"Brazil\",\"geographyGroup\"\
        :\"South America\",\"longitude\":\"0\",\"latitude\":\"0\",\"physicalLocation\"\
        :\"\",\"pairedRegion\":[{\"name\":\"brazilsoutheast\",\"id\":\"/subscriptions/00000000-0000-0000-0000-000000000000/locations/brazilsoutheast\"\
        }]}},{\"id\":\"/subscriptions/00000000-0000-0000-0000-000000000000/locations/eastusstg\"\
        ,\"name\":\"eastusstg\",\"type\":\"Region\",\"displayName\":\"East US STG\"\
        ,\"regionalDisplayName\":\"(US) East US STG\",\"metadata\":{\"regionType\"\
        :\"Physical\",\"regionCategory\":\"Other\",\"geography\":\"Stage (US)\",\"\
        geographyGroup\":\"US\",\"longitude\":\"-79.8164\",\"latitude\":\"37.3719\"\
        ,\"physicalLocation\":\"Virginia\",\"pairedRegion\":[{\"name\":\"southcentralusstg\"\
        ,\"id\":\"/subscriptions/00000000-0000-0000-0000-000000000000/locations/southcentralusstg\"\
        }]}},{\"id\":\"/subscriptions/00000000-0000-0000-0000-000000000000/locations/northcentralus\"\
        ,\"name\":\"northcentralus\",\"type\":\"Region\",\"displayName\":\"North Central\
        \ US\",\"regionalDisplayName\":\"(US) North Central US\",\"metadata\":{\"\
        regionType\":\"Physical\",\"regionCategory\":\"Other\",\"geography\":\"United\
        \ States\",\"geographyGroup\":\"US\",\"longitude\":\"-87.6278\",\"latitude\"\
        :\"41.8819\",\"physicalLocation\":\"Illinois\",\"pairedRegion\":[{\"name\"\
        :\"southcentralus\",\"id\":\"/subscriptions/00000000-0000-0000-0000-000000000000/locations/southcentralus\"\
        }]}},{\"id\":\"/subscriptions/00000000-0000-0000-0000-000000000000/locations/westus\"\
        ,\"name\":\"westus\",\"type\":\"Region\",\"displayName\":\"West US\",\"regionalDisplayName\"\
        :\"(US) West US\",\"metadata\":{\"regionType\":\"Physical\",\"regionCategory\"\
        :\"Other\",\"geography\":\"United States\",\"geographyGroup\":\"US\",\"longitude\"\
        :\"-122.417\",\"latitude\":\"37.783\",\"physicalLocation\":\"California\"\
        ,\"pairedRegion\":[{\"name\":\"eastus\",\"id\":\"/subscriptions/00000000-0000-0000-0000-000000000000/locations/eastus\"\
        }]}},{\"id\":\"/subscriptions/00000000-0000-0000-0000-000000000000/locations/japanwest\"\
        ,\"name\":\"japanwest\",\"type\":\"Region\",\"displayName\":\"Japan West\"\
        ,\"regionalDisplayName\":\"(Asia Pacific) Japan West\",\"metadata\":{\"regionType\"\
        :\"Physical\",\"regionCategory\":\"Other\",\"geography\":\"Japan\",\"geographyGroup\"\
        :\"Asia Pacific\",\"longitude\":\"135.5022\",\"latitude\":\"34.6939\",\"physicalLocation\"\
        :\"Osaka\",\"pairedRegion\":[{\"name\":\"japaneast\",\"id\":\"/subscriptions/00000000-0000-0000-0000-000000000000/locations/japaneast\"\
        }]}},{\"id\":\"/subscriptions/00000000-0000-0000-0000-000000000000/locations/jioindiawest\"\
        ,\"name\":\"jioindiawest\",\"type\":\"Region\",\"displayName\":\"Jio India\
        \ West\",\"regionalDisplayName\":\"(Asia Pacific) Jio India West\",\"metadata\"\
        :{\"regionType\":\"Physical\",\"regionCategory\":\"Other\",\"geography\":\"\
        India\",\"geographyGroup\":\"Asia Pacific\",\"longitude\":\"70.05773\",\"\
        latitude\":\"22.470701\",\"physicalLocation\":\"Jamnagar\",\"pairedRegion\"\
        :[{\"name\":\"jioindiacentral\",\"id\":\"/subscriptions/00000000-0000-0000-0000-000000000000/locations/jioindiacentral\"\
        }]}},{\"id\":\"/subscriptions/00000000-0000-0000-0000-000000000000/locations/centraluseuap\"\
        ,\"name\":\"centraluseuap\",\"type\":\"Region\",\"displayName\":\"Central\
        \ US EUAP\",\"regionalDisplayName\":\"(US) Central US EUAP\",\"metadata\"\
        :{\"regionType\":\"Physical\",\"regionCategory\":\"Other\",\"geography\":\"\
        Canary (US)\",\"geographyGroup\":\"US\",\"longitude\":\"-93.6208\",\"latitude\"\
        :\"41.5908\",\"physicalLocation\":\"\",\"pairedRegion\":[{\"name\":\"eastus2euap\"\
        ,\"id\":\"/subscriptions/00000000-0000-0000-0000-000000000000/locations/eastus2euap\"\
        }]},\"availabilityZoneMappings\":[{\"logicalZone\":\"1\",\"physicalZone\"\
        :\"centraluseuap-az1\"},{\"logicalZone\":\"2\",\"physicalZone\":\"centraluseuap-az2\"\
        }]},{\"id\":\"/subscriptions/00000000-0000-0000-0000-000000000000/locations/eastus2euap\"\
        ,\"name\":\"eastus2euap\",\"type\":\"Region\",\"displayName\":\"East US 2\
        \ EUAP\",\"regionalDisplayName\":\"(US) East US 2 EUAP\",\"metadata\":{\"\
        regionType\":\"Physical\",\"regionCategory\":\"Other\",\"geography\":\"Canary\
        \ (US)\",\"geographyGroup\":\"US\",\"longitude\":\"-78.3889\",\"latitude\"\
        :\"36.6681\",\"physicalLocation\":\"\",\"pairedRegion\":[{\"name\":\"centraluseuap\"\
        ,\"id\":\"/subscriptions/00000000-0000-0000-0000-000000000000/locations/centraluseuap\"\
        }]},\"availabilityZoneMappings\":[{\"logicalZone\":\"1\",\"physicalZone\"\
        :\"eastus2euap-az1\"},{\"logicalZone\":\"2\",\"physicalZone\":\"eastus2euap-az2\"\
        },{\"logicalZone\":\"3\",\"physicalZone\":\"eastus2euap-az3\"}]},{\"id\":\"\
        /subscriptions/00000000-0000-0000-0000-000000000000/locations/southcentralusstg\"\
        ,\"name\":\"southcentralusstg\",\"type\":\"Region\",\"displayName\":\"South\
        \ Central US STG\",\"regionalDisplayName\":\"(US) South Central US STG\",\"\
        metadata\":{\"regionType\":\"Physical\",\"regionCategory\":\"Other\",\"geography\"\
        :\"Stage (US)\",\"geographyGroup\":\"US\",\"longitude\":\"-98.5\",\"latitude\"\
        :\"29.4167\",\"physicalLocation\":\"Texas\",\"pairedRegion\":[{\"name\":\"\
        eastusstg\",\"id\":\"/subscriptions/00000000-0000-0000-0000-000000000000/locations/eastusstg\"\
        }]}},{\"id\":\"/subscriptions/00000000-0000-0000-0000-000000000000/locations/westcentralus\"\
        ,\"name\":\"westcentralus\",\"type\":\"Region\",\"displayName\":\"West Central\
        \ US\",\"regionalDisplayName\":\"(US) West Central US\",\"metadata\":{\"regionType\"\
        :\"Physical\",\"regionCategory\":\"Other\",\"geography\":\"United States\"\
        ,\"geographyGroup\":\"US\",\"longitude\":\"-110.234\",\"latitude\":\"40.89\"\
        ,\"physicalLocation\":\"Wyoming\",\"pairedRegion\":[{\"name\":\"westus2\"\
        ,\"id\":\"/subscriptions/00000000-0000-0000-0000-000000000000/locations/westus2\"\
        }]}},{\"id\":\"/subscriptions/00000000-0000-0000-0000-000000000000/locations/southafricawest\"\
        ,\"name\":\"southafricawest\",\"type\":\"Region\",\"displayName\":\"South\
        \ Africa West\",\"regionalDisplayName\":\"(Africa) South Africa West\",\"\
        metadata\":{\"regionType\":\"Physical\",\"regionCategory\":\"Other\",\"geography\"\
        :\"South Africa\",\"geographyGroup\":\"Africa\",\"longitude\":\"18.843266\"\
        ,\"latitude\":\"-34.075691\",\"physicalLocation\":\"Cape Town\",\"pairedRegion\"\
        :[{\"name\":\"southafricanorth\",\"id\":\"/subscriptions/00000000-0000-0000-0000-000000000000/locations/southafricanorth\"\
        }]}},{\"id\":\"/subscriptions/00000000-0000-0000-0000-000000000000/locations/australiacentral\"\
        ,\"name\":\"australiacentral\",\"type\":\"Region\",\"displayName\":\"Australia\
        \ Central\",\"regionalDisplayName\":\"(Asia Pacific) Australia Central\",\"\
        metadata\":{\"regionType\":\"Physical\",\"regionCategory\":\"Other\",\"geography\"\
        :\"Australia\",\"geographyGroup\":\"Asia Pacific\",\"longitude\":\"149.1244\"\
        ,\"latitude\":\"-35.3075\",\"physicalLocation\":\"Canberra\",\"pairedRegion\"\
        :[{\"name\":\"australiacentral2\",\"id\":\"/subscriptions/00000000-0000-0000-0000-000000000000/locations/australiacentral2\"\
        }]}},{\"id\":\"/subscriptions/00000000-0000-0000-0000-000000000000/locations/australiacentral2\"\
        ,\"name\":\"australiacentral2\",\"type\":\"Region\",\"displayName\":\"Australia\
        \ Central 2\",\"regionalDisplayName\":\"(Asia Pacific) Australia Central 2\"\
        ,\"metadata\":{\"regionType\":\"Physical\",\"regionCategory\":\"Other\",\"\
        geography\":\"Australia\",\"geographyGroup\":\"Asia Pacific\",\"longitude\"\
        :\"149.1244\",\"latitude\":\"-35.3075\",\"physicalLocation\":\"Canberra\"\
        ,\"pairedRegion\":[{\"name\":\"australiacentral\",\"id\":\"/subscriptions/00000000-0000-0000-0000-000000000000/locations/australiacentral\"\
        }]}},{\"id\":\"/subscriptions/00000000-0000-0000-0000-000000000000/locations/australiasoutheast\"\
        ,\"name\":\"australiasoutheast\",\"type\":\"Region\",\"displayName\":\"Australia\
        \ Southeast\",\"regionalDisplayName\":\"(Asia Pacific) Australia Southeast\"\
        ,\"metadata\":{\"regionType\":\"Physical\",\"regionCategory\":\"Other\",\"\
        geography\":\"Australia\",\"geographyGroup\":\"Asia Pacific\",\"longitude\"\
        :\"144.9631\",\"latitude\":\"-37.8136\",\"physicalLocation\":\"Victoria\"\
        ,\"pairedRegion\":[{\"name\":\"australiaeast\",\"id\":\"/subscriptions/00000000-0000-0000-0000-000000000000/locations/australiaeast\"\
        }]}},{\"id\":\"/subscriptions/00000000-0000-0000-0000-000000000000/locations/jioindiacentral\"\
        ,\"name\":\"jioindiacentral\",\"type\":\"Region\",\"displayName\":\"Jio India\
        \ Central\",\"regionalDisplayName\":\"(Asia Pacific) Jio India Central\",\"\
        metadata\":{\"regionType\":\"Physical\",\"regionCategory\":\"Other\",\"geography\"\
        :\"India\",\"geographyGroup\":\"Asia Pacific\",\"longitude\":\"79.08886\"\
        ,\"latitude\":\"21.146633\",\"physicalLocation\":\"Nagpur\",\"pairedRegion\"\
        :[{\"name\":\"jioindiawest\",\"id\":\"/subscriptions/00000000-0000-0000-0000-000000000000/locations/jioindiawest\"\
        }]}},{\"id\":\"/subscriptions/00000000-0000-0000-0000-000000000000/locations/koreasouth\"\
        ,\"name\":\"koreasouth\",\"type\":\"Region\",\"displayName\":\"Korea South\"\
        ,\"regionalDisplayName\":\"(Asia Pacific) Korea South\",\"metadata\":{\"regionType\"\
        :\"Physical\",\"regionCategory\":\"Other\",\"geography\":\"Korea\",\"geographyGroup\"\
        :\"Asia Pacific\",\"longitude\":\"129.0756\",\"latitude\":\"35.1796\",\"physicalLocation\"\
        :\"Busan\",\"pairedRegion\":[{\"name\":\"koreacentral\",\"id\":\"/subscriptions/00000000-0000-0000-0000-000000000000/locations/koreacentral\"\
        }]}},{\"id\":\"/subscriptions/00000000-0000-0000-0000-000000000000/locations/southindia\"\
        ,\"name\":\"southindia\",\"type\":\"Region\",\"displayName\":\"South India\"\
        ,\"regionalDisplayName\":\"(Asia Pacific) South India\",\"metadata\":{\"regionType\"\
        :\"Physical\",\"regionCategory\":\"Other\",\"geography\":\"India\",\"geographyGroup\"\
        :\"Asia Pacific\",\"longitude\":\"80.1636\",\"latitude\":\"12.9822\",\"physicalLocation\"\
        :\"Chennai\",\"pairedRegion\":[{\"name\":\"centralindia\",\"id\":\"/subscriptions/00000000-0000-0000-0000-000000000000/locations/centralindia\"\
        }]}},{\"id\":\"/subscriptions/00000000-0000-0000-0000-000000000000/locations/westindia\"\
        ,\"name\":\"westindia\",\"type\":\"Region\",\"displayName\":\"West India\"\
        ,\"regionalDisplayName\":\"(Asia Pacific) West India\",\"metadata\":{\"regionType\"\
        :\"Physical\",\"regionCategory\":\"Other\",\"geography\":\"India\",\"geographyGroup\"\
        :\"Asia Pacific\",\"longitude\":\"72.868\",\"latitude\":\"19.088\",\"physicalLocation\"\
        :\"Mumbai\",\"pairedRegion\":[{\"name\":\"southindia\",\"id\":\"/subscriptions/00000000-0000-0000-0000-000000000000/locations/southindia\"\
        }]}},{\"id\":\"/subscriptions/00000000-0000-0000-0000-000000000000/locations/canadaeast\"\
        ,\"name\":\"canadaeast\",\"type\":\"Region\",\"displayName\":\"Canada East\"\
        ,\"regionalDisplayName\":\"(Canada) Canada East\",\"metadata\":{\"regionType\"\
        :\"Physical\",\"regionCategory\":\"Other\",\"geography\":\"Canada\",\"geographyGroup\"\
        :\"Canada\",\"longitude\":\"-71.217\",\"latitude\":\"46.817\",\"physicalLocation\"\
        :\"Quebec\",\"pairedRegion\":[{\"name\":\"canadacentral\",\"id\":\"/subscriptions/00000000-0000-0000-0000-000000000000/locations/canadacentral\"\
        }]}},{\"id\":\"/subscriptions/00000000-0000-0000-0000-000000000000/locations/francesouth\"\
        ,\"name\":\"francesouth\",\"type\":\"Region\",\"displayName\":\"France South\"\
        ,\"regionalDisplayName\":\"(Europe) France South\",\"metadata\":{\"regionType\"\
        :\"Physical\",\"regionCategory\":\"Other\",\"geography\":\"France\",\"geographyGroup\"\
        :\"Europe\",\"longitude\":\"2.1972\",\"latitude\":\"43.8345\",\"physicalLocation\"\
        :\"Marseille\",\"pairedRegion\":[{\"name\":\"francecentral\",\"id\":\"/subscriptions/00000000-0000-0000-0000-000000000000/locations/francecentral\"\
        }]}},{\"id\":\"/subscriptions/00000000-0000-0000-0000-000000000000/locations/germanynorth\"\
        ,\"name\":\"germanynorth\",\"type\":\"Region\",\"displayName\":\"Germany North\"\
        ,\"regionalDisplayName\":\"(Europe) Germany North\",\"metadata\":{\"regionType\"\
        :\"Physical\",\"regionCategory\":\"Other\",\"geography\":\"Germany\",\"geographyGroup\"\
        :\"Europe\",\"longitude\":\"8.806422\",\"latitude\":\"53.073635\",\"physicalLocation\"\
        :\"Berlin\",\"pairedRegion\":[{\"name\":\"germanywestcentral\",\"id\":\"/subscriptions/00000000-0000-0000-0000-000000000000/locations/germanywestcentral\"\
        }]}},{\"id\":\"/subscriptions/00000000-0000-0000-0000-000000000000/locations/norwaywest\"\
        ,\"name\":\"norwaywest\",\"type\":\"Region\",\"displayName\":\"Norway West\"\
        ,\"regionalDisplayName\":\"(Europe) Norway West\",\"metadata\":{\"regionType\"\
        :\"Physical\",\"regionCategory\":\"Other\",\"geography\":\"Norway\",\"geographyGroup\"\
        :\"Europe\",\"longitude\":\"5.733107\",\"latitude\":\"58.969975\",\"physicalLocation\"\
        :\"Norway\",\"pairedRegion\":[{\"name\":\"norwayeast\",\"id\":\"/subscriptions/00000000-0000-0000-0000-000000000000/locations/norwayeast\"\
        }]}},{\"id\":\"/subscriptions/00000000-0000-0000-0000-000000000000/locations/switzerlandwest\"\
        ,\"name\":\"switzerlandwest\",\"type\":\"Region\",\"displayName\":\"Switzerland\
        \ West\",\"regionalDisplayName\":\"(Europe) Switzerland West\",\"metadata\"\
        :{\"regionType\":\"Physical\",\"regionCategory\":\"Other\",\"geography\":\"\
        Switzerland\",\"geographyGroup\":\"Europe\",\"longitude\":\"6.143158\",\"\
        latitude\":\"46.204391\",\"physicalLocation\":\"Geneva\",\"pairedRegion\"\
        :[{\"name\":\"switzerlandnorth\",\"id\":\"/subscriptions/00000000-0000-0000-0000-000000000000/locations/switzerlandnorth\"\
        }]}},{\"id\":\"/subscriptions/00000000-0000-0000-0000-000000000000/locations/ukwest\"\
        ,\"name\":\"ukwest\",\"type\":\"Region\",\"displayName\":\"UK West\",\"regionalDisplayName\"\
        :\"(Europe) UK West\",\"metadata\":{\"regionType\":\"Physical\",\"regionCategory\"\
        :\"Other\",\"geography\":\"United Kingdom\",\"geographyGroup\":\"Europe\"\
        ,\"longitude\":\"-3.084\",\"latitude\":\"53.427\",\"physicalLocation\":\"\
        Cardiff\",\"pairedRegion\":[{\"name\":\"uksouth\",\"id\":\"/subscriptions/00000000-0000-0000-0000-000000000000/locations/uksouth\"\
        }]}},{\"id\":\"/subscriptions/00000000-0000-0000-0000-000000000000/locations/uaecentral\"\
        ,\"name\":\"uaecentral\",\"type\":\"Region\",\"displayName\":\"UAE Central\"\
        ,\"regionalDisplayName\":\"(Middle East) UAE Central\",\"metadata\":{\"regionType\"\
        :\"Physical\",\"regionCategory\":\"Other\",\"geography\":\"UAE\",\"geographyGroup\"\
        :\"Middle East\",\"longitude\":\"54.366669\",\"latitude\":\"24.466667\",\"\
        physicalLocation\":\"Abu Dhabi\",\"pairedRegion\":[{\"name\":\"uaenorth\"\
        ,\"id\":\"/subscriptions/00000000-0000-0000-0000-000000000000/locations/uaenorth\"\
        }]}},{\"id\":\"/subscriptions/00000000-0000-0000-0000-000000000000/locations/brazilsoutheast\"\
        ,\"name\":\"brazilsoutheast\",\"type\":\"Region\",\"displayName\":\"Brazil\
        \ Southeast\",\"regionalDisplayName\":\"(South America) Brazil Southeast\"\
        ,\"metadata\":{\"regionType\":\"Physical\",\"regionCategory\":\"Other\",\"\
        geography\":\"Brazil\",\"geographyGroup\":\"South America\",\"longitude\"\
        :\"-43.2075\",\"latitude\":\"-22.90278\",\"physicalLocation\":\"Rio\",\"pairedRegion\"\
        :[{\"name\":\"brazilsouth\",\"id\":\"/subscriptions/00000000-0000-0000-0000-000000000000/locations/brazilsouth\"\
        }]}}]}"
    headers:
      cache-control:
      - no-cache
      content-length:
      - '42231'
      content-type:
      - application/json; charset=utf-8
      date:
      - Tue, 14 May 2024 08:14:47 GMT
      expires:
      - '-1'
      pragma:
      - no-cache
      strict-transport-security:
      - max-age=31536000; includeSubDomains
      x-cache:
      - CONFIG_NOCACHE
      x-content-type-options:
      - nosniff
      x-msedge-ref:
      - 'Ref A: 28D72E6955744B19823A05164488FF08 Ref B: TYO201100113051 Ref C: 2024-05-14T08:14:45Z'
    status:
      code: 200
      message: OK
- request:
    body: '{"tags": {}, "location": "westus", "identity": {"type": "UserAssigned",
      "userAssignedIdentities": {"/subscriptions/00000000-0000-0000-0000-000000000000/resourceGroups/img_tmpl_customizers000001/providers/Microsoft.ManagedIdentity/userAssignedIdentities/ide1":
      {}}}, "properties": {"source": {"type": "PlatformImage", "publisher": "MicrosoftWindowsServer",
      "offer": "WindowsServer", "sku": "2019-Datacenter", "version": "latest"}, "customize":
      [{"type": "PowerShell", "name": "testPsScript.ps1", "scriptUri": "https://raw.githubusercontent.com/danielsollondon/azvmimagebuilder/master/testPsScript.ps1",
      "sha256Checksum": "", "runElevated": false, "runAsSystem": false}, {"type":
      "PowerShell", "name": "powershell_script", "scriptUri": "https://raw.githubusercontent.com/danielsollondon/azvmimagebuilder/master/testPsScript.ps1",
      "sha256Checksum": "", "runElevated": false, "runAsSystem": false, "validExitCodes":
      [0, 1, 2]}, {"type": "PowerShell", "name": "powershell_script_inline", "sha256Checksum":
      "", "inline": ["mkdir c:\\buildActions", "echo Azure-Image-Builder-Was-Here  >
      c:\\buildActions\\buildActionsOutput.txt"], "runElevated": false, "runAsSystem":
      false, "validExitCodes": [12, 14, 16]}, {"type": "WindowsRestart", "name": "windows_restart_name",
      "restartCheckCommand": "echo Azure-Image-Builder-Restarted-the-VM  > c:\\buildArtifacts\\azureImageBuilderRestart.txt",
      "restartTimeout": "5m"}, {"type": "File", "name": "file_customizer_name", "sourceUri":
      "https://raw.githubusercontent.com/danielsollondon/azvmimagebuilder/master/quickquickstarts/exampleArtifacts/buildArtifacts/index.html",
      "sha256Checksum": "", "destination": "c:\\buildArtifacts\\index.html"}, {"type":
      "WindowsUpdate", "name": "win_update_name", "searchCriteria": "IsInstalled=0",
      "filters": ["exclude:$_.Title -like ''*Preview*''", "include:$true"], "updateLimit":
      20}], "distribute": [{"type": "ManagedImage", "runOutputName": "img_1", "imageId":
      "/subscriptions/00000000-0000-0000-0000-000000000000/resourceGroups/img_tmpl_customizers000001/providers/Microsoft.Compute/images/img_1",
      "location": "westus"}], "vmProfile": {}}}'
    headers:
      Accept:
      - application/json
      Accept-Encoding:
      - gzip, deflate
      CommandName:
      - image builder update
      Connection:
      - keep-alive
      Content-Length:
      - '2109'
      Content-Type:
      - application/json
      ParameterSetName:
      - -n -g
      User-Agent:
      - AZURECLI/2.60.0 azsdk-python-core/1.28.0 Python/3.10.11 (Windows-10-10.0.22631-SP0)
    method: PUT
    uri: https://management.azure.com/subscriptions/00000000-0000-0000-0000-000000000000/resourceGroups/img_tmpl_customizers000001/providers/Microsoft.VirtualMachineImages/imageTemplates/template01?api-version=2023-07-01
  response:
    body:
      string: "{\n \"properties\": {\n  \"source\": {\n   \"exactVersion\": \"latest\"\
        ,\n   \"offer\": \"WindowsServer\",\n   \"publisher\": \"MicrosoftWindowsServer\"\
        ,\n   \"sku\": \"2019-Datacenter\",\n   \"type\": \"PlatformImage\",\n   \"\
        version\": \"latest\"\n  },\n  \"customize\": [\n   {\n    \"name\": \"testPsScript.ps1\"\
        ,\n    \"runAsSystem\": false,\n    \"runElevated\": false,\n    \"scriptUri\"\
        : \"https://raw.githubusercontent.com/danielsollondon/azvmimagebuilder/master/testPsScript.ps1\"\
        ,\n    \"type\": \"PowerShell\"\n   },\n   {\n    \"name\": \"powershell_script\"\
        ,\n    \"runAsSystem\": false,\n    \"runElevated\": false,\n    \"scriptUri\"\
        : \"https://raw.githubusercontent.com/danielsollondon/azvmimagebuilder/master/testPsScript.ps1\"\
        ,\n    \"type\": \"PowerShell\",\n    \"validExitCodes\": [\n     0,\n   \
        \  1,\n     2\n    ]\n   },\n   {\n    \"inline\": [\n     \"mkdir c:\\\\\
        buildActions\",\n     \"echo Azure-Image-Builder-Was-Here  \\u003e c:\\\\\
        buildActions\\\\buildActionsOutput.txt\"\n    ],\n    \"name\": \"powershell_script_inline\"\
        ,\n    \"runAsSystem\": false,\n    \"runElevated\": false,\n    \"type\"\
        : \"PowerShell\",\n    \"validExitCodes\": [\n     12,\n     14,\n     16\n\
        \    ]\n   },\n   {\n    \"name\": \"windows_restart_name\",\n    \"restartCheckCommand\"\
        : \"echo Azure-Image-Builder-Restarted-the-VM  \\u003e c:\\\\buildArtifacts\\\
        \\azureImageBuilderRestart.txt\",\n    \"restartCommand\": \"\",\n    \"restartTimeout\"\
        : \"5m\",\n    \"type\": \"WindowsRestart\"\n   },\n   {\n    \"destination\"\
        : \"c:\\\\buildArtifacts\\\\index.html\",\n    \"name\": \"file_customizer_name\"\
        ,\n    \"sourceUri\": \"https://raw.githubusercontent.com/danielsollondon/azvmimagebuilder/master/quickquickstarts/exampleArtifacts/buildArtifacts/index.html\"\
        ,\n    \"type\": \"File\"\n   },\n   {\n    \"filters\": [\n     \"exclude:$_.Title\
        \ -like '*Preview*'\",\n     \"include:$true\"\n    ],\n    \"name\": \"win_update_name\"\
        ,\n    \"searchCriteria\": \"IsInstalled=0\",\n    \"type\": \"WindowsUpdate\"\
        ,\n    \"updateLimit\": 20\n   }\n  ],\n  \"distribute\": [\n   {\n    \"\
        artifactTags\": {},\n    \"imageId\": \"/subscriptions/00000000-0000-0000-0000-000000000000/resourceGroups/img_tmpl_customizers000001/providers/Microsoft.Compute/images/img_1\"\
        ,\n    \"location\": \"westus\",\n    \"runOutputName\": \"img_1\",\n    \"\
        type\": \"ManagedImage\"\n   }\n  ],\n  \"provisioningState\": \"Creating\"\
        ,\n  \"buildTimeoutInMinutes\": 0,\n  \"vmProfile\": {\n   \"vmSize\": \"\"\
        ,\n   \"osDiskSizeGB\": 0\n  },\n  \"stagingResourceGroup\": \"\",\n  \"exactStagingResourceGroup\"\
        : \"\"\n },\n \"identity\": {\n  \"type\": \"UserAssigned\",\n  \"userAssignedIdentities\"\
        : {\n   \"/subscriptions/00000000-0000-0000-0000-000000000000/resourceGroups/img_tmpl_customizers000001/providers/Microsoft.ManagedIdentity/userAssignedIdentities/ide1\"\
        : {}\n  }\n },\n \"tags\": {},\n \"location\": \"westus\",\n \"id\": \"/subscriptions/00000000-0000-0000-0000-000000000000/resourcegroups/img_tmpl_customizers000001/providers/Microsoft.VirtualMachineImages/imageTemplates/template01\"\
        ,\n \"name\": \"template01\",\n \"type\": \"Microsoft.VirtualMachineImages/imageTemplates\"\
        \n}"
    headers:
      azure-asyncoperation:
      - https://management.azure.com/subscriptions/00000000-0000-0000-0000-000000000000/providers/Microsoft.VirtualMachineImages/locations/westus/operations/15aac6df-8e2b-49b5-a600-3f700e9d5634?api-version=2023-07-01&t=638512712914570812&c=MIIHKjCCBhKgAwIBAgITHgRzbqCyQ18wMndEBQAABHNuoDANBgkqhkiG9w0BAQsFADBEMRMwEQYKCZImiZPyLGQBGRYDR0JMMRMwEQYKCZImiZPyLGQBGRYDQU1FMRgwFgYDVQQDEw9BTUUgSW5mcmEgQ0EgMDYwHhcNMjQwNTAxMDA1NzQyWhcNMjUwNDI2MDA1NzQyWjBAMT4wPAYDVQQDEzVhc3luY29wZXJhdGlvbnNpZ25pbmdjZXJ0aWZpY2F0ZS5tYW5hZ2VtZW50LmF6dXJlLmNvbTCCASIwDQYJKoZIhvcNAQEBBQADggEPADCCAQoCggEBAMKR0qd6SsZNJFgW7BROfLH78VOdzQmMBVhtelcKZz5jnYIaBr5RtlEsdt7BbYCfFptSFfLWb-ZTIum7yA57IxyDmQ7JiqRidDiZexsD5c19Ro8X8Ovst5nbLpGhn6Pr8c5hHE1km0r8fxOAtTNTLSKEBjXH1ue8T9QOuFxjbC2crcKDsMMzdB-2NCtWkdJdlHXeWPqL1Ugte8LutWk1Gp1acb__Tt5nH16kf1FqsLebZV9YHRzSSdws78-SJXIBWdRzv-u7sPa_Dhwf1QyUgDpAX4CBZyDdI-3OLfE3ocZuKza3FkLKElN5VoRs1isVjfNetiqzWnKdJcyCr8_asbkCAwEAAaOCBBcwggQTMCcGCSsGAQQBgjcVCgQaMBgwCgYIKwYBBQUHAwEwCgYIKwYBBQUHAwIwPQYJKwYBBAGCNxUHBDAwLgYmKwYBBAGCNxUIhpDjDYTVtHiE8Ys-hZvdFs6dEoFggvX2K4Py0SACAWQCAQowggHLBggrBgEFBQcBAQSCAb0wggG5MGMGCCsGAQUFBzAChldodHRwOi8vY3JsLm1pY3Jvc29mdC5jb20vcGtpaW5mcmEvQ2VydHMvQkwyUEtJSU5UQ0EwMi5BTUUuR0JMX0FNRSUyMEluZnJhJTIwQ0ElMjAwNi5jcnQwUwYIKwYBBQUHMAKGR2h0dHA6Ly9jcmwxLmFtZS5nYmwvYWlhL0JMMlBLSUlOVENBMDIuQU1FLkdCTF9BTUUlMjBJbmZyYSUyMENBJTIwMDYuY3J0MFMGCCsGAQUFBzAChkdodHRwOi8vY3JsMi5hbWUuZ2JsL2FpYS9CTDJQS0lJTlRDQTAyLkFNRS5HQkxfQU1FJTIwSW5mcmElMjBDQSUyMDA2LmNydDBTBggrBgEFBQcwAoZHaHR0cDovL2NybDMuYW1lLmdibC9haWEvQkwyUEtJSU5UQ0EwMi5BTUUuR0JMX0FNRSUyMEluZnJhJTIwQ0ElMjAwNi5jcnQwUwYIKwYBBQUHMAKGR2h0dHA6Ly9jcmw0LmFtZS5nYmwvYWlhL0JMMlBLSUlOVENBMDIuQU1FLkdCTF9BTUUlMjBJbmZyYSUyMENBJTIwMDYuY3J0MB0GA1UdDgQWBBTYYOxyiBP7KsKQkNOhmt-DI4Oi8zAOBgNVHQ8BAf8EBAMCBaAwggEmBgNVHR8EggEdMIIBGTCCARWgggERoIIBDYY_aHR0cDovL2NybC5taWNyb3NvZnQuY29tL3BraWluZnJhL0NSTC9BTUUlMjBJbmZyYSUyMENBJTIwMDYuY3JshjFodHRwOi8vY3JsMS5hbWUuZ2JsL2NybC9BTUUlMjBJbmZyYSUyMENBJTIwMDYuY3JshjFodHRwOi8vY3JsMi5hbWUuZ2JsL2NybC9BTUUlMjBJbmZyYSUyMENBJTIwMDYuY3JshjFodHRwOi8vY3JsMy5hbWUuZ2JsL2NybC9BTUUlMjBJbmZyYSUyMENBJTIwMDYuY3JshjFodHRwOi8vY3JsNC5hbWUuZ2JsL2NybC9BTUUlMjBJbmZyYSUyMENBJTIwMDYuY3JsMEEGA1UdIAQ6MDgwDAYKKwYBBAGCN3sBATAMBgorBgEEAYI3ewIBMAwGCisGAQQBgjd7AwEwDAYKKwYBBAGCN3sEATAfBgNVHSMEGDAWgBTxRmjG8cPwKy19i2rhsvm-NfzRQTAdBgNVHSUEFjAUBggrBgEFBQcDAQYIKwYBBQUHAwIwDQYJKoZIhvcNAQELBQADggEBAJBwyHHdAbRLLd6NdpWZ2_Te1qC8wnl7dJSjbCbiDdO0Lo5wlJlSsT3QFREJewXHLFpokqGXVOqtejImXRyGe1PXsaIpj-mshm-XkJ76mPsWSx7Rr8UXykFzpGeCOj4tRczNZGuHyO9JJ5yV3UkFteCXAqi5hcM2kCm7lxMpsfmRPJKOeBYInFfzmvEWH0HOZl8bkgFcVzrlqpVfBB8dMLkq0Qn2eU6Z3u2wFFnNXaovkz5lrumrxOKFGsgF1Z-HE1S7aIgkgFv3mfzDOQKrIKwoKx0lNr9_pxSswzr9J0q0S2Xbb567AC4hXNjj9tUOn-U2xtjWYBCml7C8Ndwo9Zw&s=NOIgwp8tRXDLwHHqjXMDR7Ex_i3mVXLjW7w92YBSgTDVK2RIR0Ymb1bk47tMh0UT5Ebkz8BeTBe_IGnx9Wj8wICx5ANWmW-fju51EKRvzbSsOrpO8QnJj9F-RmHsF6ZQYlY5sfuoPorTwczW8AgyNJxOVCBYFlJb1kTwhPlt7RMqhV4QoAQ3uwdyT2POW0qJUw7H26-20uIiG_NqvjEH4cVA6r5zYbvq7W115AiUYs7kZox292RwQu53Z8ldSgtlnn7kgPzNPRzI_3KqnHtjzYOb4qq6SInK-Sxzr5rSEDhjq9lNhZkQSmZFeBqUhtVkC7ugEy8oiCsmC4FJGSGCuQ&h=zByMMH_WPKQRLiYwvU1vlTEFGCQDnT4QVLex5SBfIlU
      cache-control:
      - no-cache
      content-length:
      - '2857'
      content-type:
      - application/json
      date:
      - Tue, 14 May 2024 08:14:51 GMT
      expires:
      - '-1'
      pragma:
      - no-cache
      strict-transport-security:
      - max-age=31536000; includeSubDomains
      x-cache:
      - CONFIG_NOCACHE
      x-content-type-options:
      - nosniff
      x-ms-ratelimit-remaining-subscription-writes:
      - '1199'
      x-msedge-ref:
      - 'Ref A: A696792E34A34EAD80FDEA59494416CA Ref B: TYO201100116021 Ref C: 2024-05-14T08:14:48Z'
    status:
      code: 201
      message: Created
- request:
    body: null
    headers:
      Accept:
      - '*/*'
      Accept-Encoding:
      - gzip, deflate
      CommandName:
      - image builder update
      Connection:
      - keep-alive
      ParameterSetName:
      - -n -g
      User-Agent:
      - AZURECLI/2.60.0 azsdk-python-core/1.28.0 Python/3.10.11 (Windows-10-10.0.22631-SP0)
    method: GET
    uri: https://management.azure.com/subscriptions/00000000-0000-0000-0000-000000000000/providers/Microsoft.VirtualMachineImages/locations/westus/operations/15aac6df-8e2b-49b5-a600-3f700e9d5634?api-version=2023-07-01&t=638512712914570812&c=MIIHKjCCBhKgAwIBAgITHgRzbqCyQ18wMndEBQAABHNuoDANBgkqhkiG9w0BAQsFADBEMRMwEQYKCZImiZPyLGQBGRYDR0JMMRMwEQYKCZImiZPyLGQBGRYDQU1FMRgwFgYDVQQDEw9BTUUgSW5mcmEgQ0EgMDYwHhcNMjQwNTAxMDA1NzQyWhcNMjUwNDI2MDA1NzQyWjBAMT4wPAYDVQQDEzVhc3luY29wZXJhdGlvbnNpZ25pbmdjZXJ0aWZpY2F0ZS5tYW5hZ2VtZW50LmF6dXJlLmNvbTCCASIwDQYJKoZIhvcNAQEBBQADggEPADCCAQoCggEBAMKR0qd6SsZNJFgW7BROfLH78VOdzQmMBVhtelcKZz5jnYIaBr5RtlEsdt7BbYCfFptSFfLWb-ZTIum7yA57IxyDmQ7JiqRidDiZexsD5c19Ro8X8Ovst5nbLpGhn6Pr8c5hHE1km0r8fxOAtTNTLSKEBjXH1ue8T9QOuFxjbC2crcKDsMMzdB-2NCtWkdJdlHXeWPqL1Ugte8LutWk1Gp1acb__Tt5nH16kf1FqsLebZV9YHRzSSdws78-SJXIBWdRzv-u7sPa_Dhwf1QyUgDpAX4CBZyDdI-3OLfE3ocZuKza3FkLKElN5VoRs1isVjfNetiqzWnKdJcyCr8_asbkCAwEAAaOCBBcwggQTMCcGCSsGAQQBgjcVCgQaMBgwCgYIKwYBBQUHAwEwCgYIKwYBBQUHAwIwPQYJKwYBBAGCNxUHBDAwLgYmKwYBBAGCNxUIhpDjDYTVtHiE8Ys-hZvdFs6dEoFggvX2K4Py0SACAWQCAQowggHLBggrBgEFBQcBAQSCAb0wggG5MGMGCCsGAQUFBzAChldodHRwOi8vY3JsLm1pY3Jvc29mdC5jb20vcGtpaW5mcmEvQ2VydHMvQkwyUEtJSU5UQ0EwMi5BTUUuR0JMX0FNRSUyMEluZnJhJTIwQ0ElMjAwNi5jcnQwUwYIKwYBBQUHMAKGR2h0dHA6Ly9jcmwxLmFtZS5nYmwvYWlhL0JMMlBLSUlOVENBMDIuQU1FLkdCTF9BTUUlMjBJbmZyYSUyMENBJTIwMDYuY3J0MFMGCCsGAQUFBzAChkdodHRwOi8vY3JsMi5hbWUuZ2JsL2FpYS9CTDJQS0lJTlRDQTAyLkFNRS5HQkxfQU1FJTIwSW5mcmElMjBDQSUyMDA2LmNydDBTBggrBgEFBQcwAoZHaHR0cDovL2NybDMuYW1lLmdibC9haWEvQkwyUEtJSU5UQ0EwMi5BTUUuR0JMX0FNRSUyMEluZnJhJTIwQ0ElMjAwNi5jcnQwUwYIKwYBBQUHMAKGR2h0dHA6Ly9jcmw0LmFtZS5nYmwvYWlhL0JMMlBLSUlOVENBMDIuQU1FLkdCTF9BTUUlMjBJbmZyYSUyMENBJTIwMDYuY3J0MB0GA1UdDgQWBBTYYOxyiBP7KsKQkNOhmt-DI4Oi8zAOBgNVHQ8BAf8EBAMCBaAwggEmBgNVHR8EggEdMIIBGTCCARWgggERoIIBDYY_aHR0cDovL2NybC5taWNyb3NvZnQuY29tL3BraWluZnJhL0NSTC9BTUUlMjBJbmZyYSUyMENBJTIwMDYuY3JshjFodHRwOi8vY3JsMS5hbWUuZ2JsL2NybC9BTUUlMjBJbmZyYSUyMENBJTIwMDYuY3JshjFodHRwOi8vY3JsMi5hbWUuZ2JsL2NybC9BTUUlMjBJbmZyYSUyMENBJTIwMDYuY3JshjFodHRwOi8vY3JsMy5hbWUuZ2JsL2NybC9BTUUlMjBJbmZyYSUyMENBJTIwMDYuY3JshjFodHRwOi8vY3JsNC5hbWUuZ2JsL2NybC9BTUUlMjBJbmZyYSUyMENBJTIwMDYuY3JsMEEGA1UdIAQ6MDgwDAYKKwYBBAGCN3sBATAMBgorBgEEAYI3ewIBMAwGCisGAQQBgjd7AwEwDAYKKwYBBAGCN3sEATAfBgNVHSMEGDAWgBTxRmjG8cPwKy19i2rhsvm-NfzRQTAdBgNVHSUEFjAUBggrBgEFBQcDAQYIKwYBBQUHAwIwDQYJKoZIhvcNAQELBQADggEBAJBwyHHdAbRLLd6NdpWZ2_Te1qC8wnl7dJSjbCbiDdO0Lo5wlJlSsT3QFREJewXHLFpokqGXVOqtejImXRyGe1PXsaIpj-mshm-XkJ76mPsWSx7Rr8UXykFzpGeCOj4tRczNZGuHyO9JJ5yV3UkFteCXAqi5hcM2kCm7lxMpsfmRPJKOeBYInFfzmvEWH0HOZl8bkgFcVzrlqpVfBB8dMLkq0Qn2eU6Z3u2wFFnNXaovkz5lrumrxOKFGsgF1Z-HE1S7aIgkgFv3mfzDOQKrIKwoKx0lNr9_pxSswzr9J0q0S2Xbb567AC4hXNjj9tUOn-U2xtjWYBCml7C8Ndwo9Zw&s=NOIgwp8tRXDLwHHqjXMDR7Ex_i3mVXLjW7w92YBSgTDVK2RIR0Ymb1bk47tMh0UT5Ebkz8BeTBe_IGnx9Wj8wICx5ANWmW-fju51EKRvzbSsOrpO8QnJj9F-RmHsF6ZQYlY5sfuoPorTwczW8AgyNJxOVCBYFlJb1kTwhPlt7RMqhV4QoAQ3uwdyT2POW0qJUw7H26-20uIiG_NqvjEH4cVA6r5zYbvq7W115AiUYs7kZox292RwQu53Z8ldSgtlnn7kgPzNPRzI_3KqnHtjzYOb4qq6SInK-Sxzr5rSEDhjq9lNhZkQSmZFeBqUhtVkC7ugEy8oiCsmC4FJGSGCuQ&h=zByMMH_WPKQRLiYwvU1vlTEFGCQDnT4QVLex5SBfIlU
  response:
    body:
      string: "{\n \"name\": \"15AAC6DF-8E2B-49B5-A600-3F700E9D5634\",\n \"status\"\
        : \"InProgress\",\n \"startTime\": \"2024-05-14T08:14:51.1829213Z\"\n}"
    headers:
      cache-control:
      - no-cache
      content-length:
      - '122'
      content-type:
      - application/json
      date:
      - Tue, 14 May 2024 08:14:51 GMT
      expires:
      - '-1'
      pragma:
      - no-cache
      strict-transport-security:
      - max-age=31536000; includeSubDomains
      x-cache:
      - CONFIG_NOCACHE
      x-content-type-options:
      - nosniff
      x-msedge-ref:
      - 'Ref A: B510207ED3B240499B3CB408F325F0BF Ref B: TYO201100116021 Ref C: 2024-05-14T08:14:51Z'
    status:
      code: 200
      message: OK
- request:
    body: null
    headers:
      Accept:
      - '*/*'
      Accept-Encoding:
      - gzip, deflate
      CommandName:
      - image builder update
      Connection:
      - keep-alive
      ParameterSetName:
      - -n -g
      User-Agent:
      - AZURECLI/2.60.0 azsdk-python-core/1.28.0 Python/3.10.11 (Windows-10-10.0.22631-SP0)
    method: GET
    uri: https://management.azure.com/subscriptions/00000000-0000-0000-0000-000000000000/providers/Microsoft.VirtualMachineImages/locations/westus/operations/15aac6df-8e2b-49b5-a600-3f700e9d5634?api-version=2023-07-01&t=638512712914570812&c=MIIHKjCCBhKgAwIBAgITHgRzbqCyQ18wMndEBQAABHNuoDANBgkqhkiG9w0BAQsFADBEMRMwEQYKCZImiZPyLGQBGRYDR0JMMRMwEQYKCZImiZPyLGQBGRYDQU1FMRgwFgYDVQQDEw9BTUUgSW5mcmEgQ0EgMDYwHhcNMjQwNTAxMDA1NzQyWhcNMjUwNDI2MDA1NzQyWjBAMT4wPAYDVQQDEzVhc3luY29wZXJhdGlvbnNpZ25pbmdjZXJ0aWZpY2F0ZS5tYW5hZ2VtZW50LmF6dXJlLmNvbTCCASIwDQYJKoZIhvcNAQEBBQADggEPADCCAQoCggEBAMKR0qd6SsZNJFgW7BROfLH78VOdzQmMBVhtelcKZz5jnYIaBr5RtlEsdt7BbYCfFptSFfLWb-ZTIum7yA57IxyDmQ7JiqRidDiZexsD5c19Ro8X8Ovst5nbLpGhn6Pr8c5hHE1km0r8fxOAtTNTLSKEBjXH1ue8T9QOuFxjbC2crcKDsMMzdB-2NCtWkdJdlHXeWPqL1Ugte8LutWk1Gp1acb__Tt5nH16kf1FqsLebZV9YHRzSSdws78-SJXIBWdRzv-u7sPa_Dhwf1QyUgDpAX4CBZyDdI-3OLfE3ocZuKza3FkLKElN5VoRs1isVjfNetiqzWnKdJcyCr8_asbkCAwEAAaOCBBcwggQTMCcGCSsGAQQBgjcVCgQaMBgwCgYIKwYBBQUHAwEwCgYIKwYBBQUHAwIwPQYJKwYBBAGCNxUHBDAwLgYmKwYBBAGCNxUIhpDjDYTVtHiE8Ys-hZvdFs6dEoFggvX2K4Py0SACAWQCAQowggHLBggrBgEFBQcBAQSCAb0wggG5MGMGCCsGAQUFBzAChldodHRwOi8vY3JsLm1pY3Jvc29mdC5jb20vcGtpaW5mcmEvQ2VydHMvQkwyUEtJSU5UQ0EwMi5BTUUuR0JMX0FNRSUyMEluZnJhJTIwQ0ElMjAwNi5jcnQwUwYIKwYBBQUHMAKGR2h0dHA6Ly9jcmwxLmFtZS5nYmwvYWlhL0JMMlBLSUlOVENBMDIuQU1FLkdCTF9BTUUlMjBJbmZyYSUyMENBJTIwMDYuY3J0MFMGCCsGAQUFBzAChkdodHRwOi8vY3JsMi5hbWUuZ2JsL2FpYS9CTDJQS0lJTlRDQTAyLkFNRS5HQkxfQU1FJTIwSW5mcmElMjBDQSUyMDA2LmNydDBTBggrBgEFBQcwAoZHaHR0cDovL2NybDMuYW1lLmdibC9haWEvQkwyUEtJSU5UQ0EwMi5BTUUuR0JMX0FNRSUyMEluZnJhJTIwQ0ElMjAwNi5jcnQwUwYIKwYBBQUHMAKGR2h0dHA6Ly9jcmw0LmFtZS5nYmwvYWlhL0JMMlBLSUlOVENBMDIuQU1FLkdCTF9BTUUlMjBJbmZyYSUyMENBJTIwMDYuY3J0MB0GA1UdDgQWBBTYYOxyiBP7KsKQkNOhmt-DI4Oi8zAOBgNVHQ8BAf8EBAMCBaAwggEmBgNVHR8EggEdMIIBGTCCARWgggERoIIBDYY_aHR0cDovL2NybC5taWNyb3NvZnQuY29tL3BraWluZnJhL0NSTC9BTUUlMjBJbmZyYSUyMENBJTIwMDYuY3JshjFodHRwOi8vY3JsMS5hbWUuZ2JsL2NybC9BTUUlMjBJbmZyYSUyMENBJTIwMDYuY3JshjFodHRwOi8vY3JsMi5hbWUuZ2JsL2NybC9BTUUlMjBJbmZyYSUyMENBJTIwMDYuY3JshjFodHRwOi8vY3JsMy5hbWUuZ2JsL2NybC9BTUUlMjBJbmZyYSUyMENBJTIwMDYuY3JshjFodHRwOi8vY3JsNC5hbWUuZ2JsL2NybC9BTUUlMjBJbmZyYSUyMENBJTIwMDYuY3JsMEEGA1UdIAQ6MDgwDAYKKwYBBAGCN3sBATAMBgorBgEEAYI3ewIBMAwGCisGAQQBgjd7AwEwDAYKKwYBBAGCN3sEATAfBgNVHSMEGDAWgBTxRmjG8cPwKy19i2rhsvm-NfzRQTAdBgNVHSUEFjAUBggrBgEFBQcDAQYIKwYBBQUHAwIwDQYJKoZIhvcNAQELBQADggEBAJBwyHHdAbRLLd6NdpWZ2_Te1qC8wnl7dJSjbCbiDdO0Lo5wlJlSsT3QFREJewXHLFpokqGXVOqtejImXRyGe1PXsaIpj-mshm-XkJ76mPsWSx7Rr8UXykFzpGeCOj4tRczNZGuHyO9JJ5yV3UkFteCXAqi5hcM2kCm7lxMpsfmRPJKOeBYInFfzmvEWH0HOZl8bkgFcVzrlqpVfBB8dMLkq0Qn2eU6Z3u2wFFnNXaovkz5lrumrxOKFGsgF1Z-HE1S7aIgkgFv3mfzDOQKrIKwoKx0lNr9_pxSswzr9J0q0S2Xbb567AC4hXNjj9tUOn-U2xtjWYBCml7C8Ndwo9Zw&s=NOIgwp8tRXDLwHHqjXMDR7Ex_i3mVXLjW7w92YBSgTDVK2RIR0Ymb1bk47tMh0UT5Ebkz8BeTBe_IGnx9Wj8wICx5ANWmW-fju51EKRvzbSsOrpO8QnJj9F-RmHsF6ZQYlY5sfuoPorTwczW8AgyNJxOVCBYFlJb1kTwhPlt7RMqhV4QoAQ3uwdyT2POW0qJUw7H26-20uIiG_NqvjEH4cVA6r5zYbvq7W115AiUYs7kZox292RwQu53Z8ldSgtlnn7kgPzNPRzI_3KqnHtjzYOb4qq6SInK-Sxzr5rSEDhjq9lNhZkQSmZFeBqUhtVkC7ugEy8oiCsmC4FJGSGCuQ&h=zByMMH_WPKQRLiYwvU1vlTEFGCQDnT4QVLex5SBfIlU
  response:
    body:
      string: "{\n \"name\": \"15AAC6DF-8E2B-49B5-A600-3F700E9D5634\",\n \"status\"\
        : \"InProgress\",\n \"startTime\": \"2024-05-14T08:14:51.1829213Z\"\n}"
    headers:
      cache-control:
      - no-cache
      content-length:
      - '122'
      content-type:
      - application/json
      date:
      - Tue, 14 May 2024 08:15:22 GMT
      expires:
      - '-1'
      pragma:
      - no-cache
      strict-transport-security:
      - max-age=31536000; includeSubDomains
      x-cache:
      - CONFIG_NOCACHE
      x-content-type-options:
      - nosniff
      x-msedge-ref:
      - 'Ref A: 1F56EA9294C74108860CB6E23C576D4A Ref B: TYO201100116021 Ref C: 2024-05-14T08:15:22Z'
    status:
      code: 200
      message: OK
- request:
    body: null
    headers:
      Accept:
      - '*/*'
      Accept-Encoding:
      - gzip, deflate
      CommandName:
      - image builder update
      Connection:
      - keep-alive
      ParameterSetName:
      - -n -g
      User-Agent:
      - AZURECLI/2.60.0 azsdk-python-core/1.28.0 Python/3.10.11 (Windows-10-10.0.22631-SP0)
    method: GET
    uri: https://management.azure.com/subscriptions/00000000-0000-0000-0000-000000000000/providers/Microsoft.VirtualMachineImages/locations/westus/operations/15aac6df-8e2b-49b5-a600-3f700e9d5634?api-version=2023-07-01&t=638512712914570812&c=MIIHKjCCBhKgAwIBAgITHgRzbqCyQ18wMndEBQAABHNuoDANBgkqhkiG9w0BAQsFADBEMRMwEQYKCZImiZPyLGQBGRYDR0JMMRMwEQYKCZImiZPyLGQBGRYDQU1FMRgwFgYDVQQDEw9BTUUgSW5mcmEgQ0EgMDYwHhcNMjQwNTAxMDA1NzQyWhcNMjUwNDI2MDA1NzQyWjBAMT4wPAYDVQQDEzVhc3luY29wZXJhdGlvbnNpZ25pbmdjZXJ0aWZpY2F0ZS5tYW5hZ2VtZW50LmF6dXJlLmNvbTCCASIwDQYJKoZIhvcNAQEBBQADggEPADCCAQoCggEBAMKR0qd6SsZNJFgW7BROfLH78VOdzQmMBVhtelcKZz5jnYIaBr5RtlEsdt7BbYCfFptSFfLWb-ZTIum7yA57IxyDmQ7JiqRidDiZexsD5c19Ro8X8Ovst5nbLpGhn6Pr8c5hHE1km0r8fxOAtTNTLSKEBjXH1ue8T9QOuFxjbC2crcKDsMMzdB-2NCtWkdJdlHXeWPqL1Ugte8LutWk1Gp1acb__Tt5nH16kf1FqsLebZV9YHRzSSdws78-SJXIBWdRzv-u7sPa_Dhwf1QyUgDpAX4CBZyDdI-3OLfE3ocZuKza3FkLKElN5VoRs1isVjfNetiqzWnKdJcyCr8_asbkCAwEAAaOCBBcwggQTMCcGCSsGAQQBgjcVCgQaMBgwCgYIKwYBBQUHAwEwCgYIKwYBBQUHAwIwPQYJKwYBBAGCNxUHBDAwLgYmKwYBBAGCNxUIhpDjDYTVtHiE8Ys-hZvdFs6dEoFggvX2K4Py0SACAWQCAQowggHLBggrBgEFBQcBAQSCAb0wggG5MGMGCCsGAQUFBzAChldodHRwOi8vY3JsLm1pY3Jvc29mdC5jb20vcGtpaW5mcmEvQ2VydHMvQkwyUEtJSU5UQ0EwMi5BTUUuR0JMX0FNRSUyMEluZnJhJTIwQ0ElMjAwNi5jcnQwUwYIKwYBBQUHMAKGR2h0dHA6Ly9jcmwxLmFtZS5nYmwvYWlhL0JMMlBLSUlOVENBMDIuQU1FLkdCTF9BTUUlMjBJbmZyYSUyMENBJTIwMDYuY3J0MFMGCCsGAQUFBzAChkdodHRwOi8vY3JsMi5hbWUuZ2JsL2FpYS9CTDJQS0lJTlRDQTAyLkFNRS5HQkxfQU1FJTIwSW5mcmElMjBDQSUyMDA2LmNydDBTBggrBgEFBQcwAoZHaHR0cDovL2NybDMuYW1lLmdibC9haWEvQkwyUEtJSU5UQ0EwMi5BTUUuR0JMX0FNRSUyMEluZnJhJTIwQ0ElMjAwNi5jcnQwUwYIKwYBBQUHMAKGR2h0dHA6Ly9jcmw0LmFtZS5nYmwvYWlhL0JMMlBLSUlOVENBMDIuQU1FLkdCTF9BTUUlMjBJbmZyYSUyMENBJTIwMDYuY3J0MB0GA1UdDgQWBBTYYOxyiBP7KsKQkNOhmt-DI4Oi8zAOBgNVHQ8BAf8EBAMCBaAwggEmBgNVHR8EggEdMIIBGTCCARWgggERoIIBDYY_aHR0cDovL2NybC5taWNyb3NvZnQuY29tL3BraWluZnJhL0NSTC9BTUUlMjBJbmZyYSUyMENBJTIwMDYuY3JshjFodHRwOi8vY3JsMS5hbWUuZ2JsL2NybC9BTUUlMjBJbmZyYSUyMENBJTIwMDYuY3JshjFodHRwOi8vY3JsMi5hbWUuZ2JsL2NybC9BTUUlMjBJbmZyYSUyMENBJTIwMDYuY3JshjFodHRwOi8vY3JsMy5hbWUuZ2JsL2NybC9BTUUlMjBJbmZyYSUyMENBJTIwMDYuY3JshjFodHRwOi8vY3JsNC5hbWUuZ2JsL2NybC9BTUUlMjBJbmZyYSUyMENBJTIwMDYuY3JsMEEGA1UdIAQ6MDgwDAYKKwYBBAGCN3sBATAMBgorBgEEAYI3ewIBMAwGCisGAQQBgjd7AwEwDAYKKwYBBAGCN3sEATAfBgNVHSMEGDAWgBTxRmjG8cPwKy19i2rhsvm-NfzRQTAdBgNVHSUEFjAUBggrBgEFBQcDAQYIKwYBBQUHAwIwDQYJKoZIhvcNAQELBQADggEBAJBwyHHdAbRLLd6NdpWZ2_Te1qC8wnl7dJSjbCbiDdO0Lo5wlJlSsT3QFREJewXHLFpokqGXVOqtejImXRyGe1PXsaIpj-mshm-XkJ76mPsWSx7Rr8UXykFzpGeCOj4tRczNZGuHyO9JJ5yV3UkFteCXAqi5hcM2kCm7lxMpsfmRPJKOeBYInFfzmvEWH0HOZl8bkgFcVzrlqpVfBB8dMLkq0Qn2eU6Z3u2wFFnNXaovkz5lrumrxOKFGsgF1Z-HE1S7aIgkgFv3mfzDOQKrIKwoKx0lNr9_pxSswzr9J0q0S2Xbb567AC4hXNjj9tUOn-U2xtjWYBCml7C8Ndwo9Zw&s=NOIgwp8tRXDLwHHqjXMDR7Ex_i3mVXLjW7w92YBSgTDVK2RIR0Ymb1bk47tMh0UT5Ebkz8BeTBe_IGnx9Wj8wICx5ANWmW-fju51EKRvzbSsOrpO8QnJj9F-RmHsF6ZQYlY5sfuoPorTwczW8AgyNJxOVCBYFlJb1kTwhPlt7RMqhV4QoAQ3uwdyT2POW0qJUw7H26-20uIiG_NqvjEH4cVA6r5zYbvq7W115AiUYs7kZox292RwQu53Z8ldSgtlnn7kgPzNPRzI_3KqnHtjzYOb4qq6SInK-Sxzr5rSEDhjq9lNhZkQSmZFeBqUhtVkC7ugEy8oiCsmC4FJGSGCuQ&h=zByMMH_WPKQRLiYwvU1vlTEFGCQDnT4QVLex5SBfIlU
  response:
    body:
      string: "{\n \"name\": \"15AAC6DF-8E2B-49B5-A600-3F700E9D5634\",\n \"status\"\
        : \"Succeeded\",\n \"startTime\": \"2024-05-14T08:14:51.1829213Z\",\n \"endTime\"\
        : \"2024-05-14T08:15:29.9515763Z\"\n}"
    headers:
      cache-control:
      - no-cache
      content-length:
      - '165'
      content-type:
      - application/json
      date:
      - Tue, 14 May 2024 08:15:52 GMT
      expires:
      - '-1'
      pragma:
      - no-cache
      strict-transport-security:
      - max-age=31536000; includeSubDomains
      x-cache:
      - CONFIG_NOCACHE
      x-content-type-options:
      - nosniff
      x-msedge-ref:
      - 'Ref A: F732D04F14944FFBB1BF2FB9243744F9 Ref B: TYO201100116021 Ref C: 2024-05-14T08:15:52Z'
    status:
      code: 200
      message: OK
- request:
    body: null
    headers:
      Accept:
      - '*/*'
      Accept-Encoding:
      - gzip, deflate
      CommandName:
      - image builder update
      Connection:
      - keep-alive
      ParameterSetName:
      - -n -g
      User-Agent:
      - AZURECLI/2.60.0 azsdk-python-core/1.28.0 Python/3.10.11 (Windows-10-10.0.22631-SP0)
    method: GET
    uri: https://management.azure.com/subscriptions/00000000-0000-0000-0000-000000000000/resourceGroups/img_tmpl_customizers000001/providers/Microsoft.VirtualMachineImages/imageTemplates/template01?api-version=2023-07-01
  response:
    body:
      string: "{\n \"properties\": {\n  \"source\": {\n   \"exactVersion\": \"17763.5696.240406\"\
        ,\n   \"offer\": \"WindowsServer\",\n   \"publisher\": \"MicrosoftWindowsServer\"\
        ,\n   \"sku\": \"2019-Datacenter\",\n   \"type\": \"PlatformImage\",\n   \"\
        version\": \"latest\"\n  },\n  \"customize\": [\n   {\n    \"name\": \"testPsScript.ps1\"\
        ,\n    \"runAsSystem\": false,\n    \"runElevated\": false,\n    \"scriptUri\"\
        : \"https://raw.githubusercontent.com/danielsollondon/azvmimagebuilder/master/testPsScript.ps1\"\
        ,\n    \"sha256Checksum\": \"0607c084bdde8ef843cd8b7668e54a37ed07446bb642fe791ba79307a0828ea5\"\
        ,\n    \"type\": \"PowerShell\"\n   },\n   {\n    \"name\": \"powershell_script\"\
        ,\n    \"runAsSystem\": false,\n    \"runElevated\": false,\n    \"scriptUri\"\
        : \"https://raw.githubusercontent.com/danielsollondon/azvmimagebuilder/master/testPsScript.ps1\"\
        ,\n    \"sha256Checksum\": \"0607c084bdde8ef843cd8b7668e54a37ed07446bb642fe791ba79307a0828ea5\"\
        ,\n    \"type\": \"PowerShell\",\n    \"validExitCodes\": [\n     0,\n   \
        \  1,\n     2\n    ]\n   },\n   {\n    \"inline\": [\n     \"mkdir c:\\\\\
        buildActions\",\n     \"echo Azure-Image-Builder-Was-Here  \\u003e c:\\\\\
        buildActions\\\\buildActionsOutput.txt\"\n    ],\n    \"name\": \"powershell_script_inline\"\
        ,\n    \"runAsSystem\": false,\n    \"runElevated\": false,\n    \"type\"\
        : \"PowerShell\",\n    \"validExitCodes\": [\n     12,\n     14,\n     16\n\
        \    ]\n   },\n   {\n    \"name\": \"windows_restart_name\",\n    \"restartCheckCommand\"\
        : \"echo Azure-Image-Builder-Restarted-the-VM  \\u003e c:\\\\buildArtifacts\\\
        \\azureImageBuilderRestart.txt\",\n    \"restartCommand\": \"\",\n    \"restartTimeout\"\
        : \"5m\",\n    \"type\": \"WindowsRestart\"\n   },\n   {\n    \"destination\"\
        : \"c:\\\\buildArtifacts\\\\index.html\",\n    \"name\": \"file_customizer_name\"\
        ,\n    \"sha256Checksum\": \"d9715d72889fb1a0463d06ce9e89d1d2bd33b2c5e5362a736db6f5a25e601a58\"\
        ,\n    \"sourceUri\": \"https://raw.githubusercontent.com/danielsollondon/azvmimagebuilder/master/quickquickstarts/exampleArtifacts/buildArtifacts/index.html\"\
        ,\n    \"type\": \"File\"\n   },\n   {\n    \"filters\": [\n     \"exclude:$_.Title\
        \ -like '*Preview*'\",\n     \"include:$true\"\n    ],\n    \"name\": \"win_update_name\"\
        ,\n    \"searchCriteria\": \"IsInstalled=0\",\n    \"type\": \"WindowsUpdate\"\
        ,\n    \"updateLimit\": 20\n   }\n  ],\n  \"distribute\": [\n   {\n    \"\
        artifactTags\": {},\n    \"imageId\": \"/subscriptions/00000000-0000-0000-0000-000000000000/resourceGroups/img_tmpl_customizers000001/providers/Microsoft.Compute/images/img_1\"\
        ,\n    \"location\": \"westus\",\n    \"runOutputName\": \"img_1\",\n    \"\
        type\": \"ManagedImage\"\n   }\n  ],\n  \"provisioningState\": \"Succeeded\"\
        ,\n  \"buildTimeoutInMinutes\": 0,\n  \"vmProfile\": {\n   \"vmSize\": \"\"\
        ,\n   \"osDiskSizeGB\": 0\n  },\n  \"stagingResourceGroup\": \"\",\n  \"exactStagingResourceGroup\"\
        : \"/subscriptions/00000000-0000-0000-0000-000000000000/resourceGroups/IT_img_tmpl_customizerskxxqlmrrpvodys5odwgo_051d0edc-c467-45b7-9f9b-b0e86e7319be\"\
        \n },\n \"identity\": {\n  \"type\": \"UserAssigned\",\n  \"userAssignedIdentities\"\
        : {\n   \"/subscriptions/00000000-0000-0000-0000-000000000000/resourceGroups/img_tmpl_customizers000001/providers/Microsoft.ManagedIdentity/userAssignedIdentities/ide1\"\
        : {\n    \"principalId\": \"78e40c68-d2a9-42e8-83db-45990107f523\",\n    \"\
        clientId\": \"d2cdd235-6136-4e06-8e4b-889c18965195\"\n   }\n  }\n },\n \"\
        tags\": {},\n \"location\": \"westus\",\n \"id\": \"/subscriptions/00000000-0000-0000-0000-000000000000/resourcegroups/img_tmpl_customizers000001/providers/Microsoft.VirtualMachineImages/imageTemplates/template01\"\
        ,\n \"name\": \"template01\",\n \"type\": \"Microsoft.VirtualMachineImages/imageTemplates\"\
        \n}"
    headers:
      cache-control:
      - no-cache
      content-length:
      - '3404'
      content-type:
      - application/json
      date:
      - Tue, 14 May 2024 08:15:53 GMT
      expires:
      - '-1'
      pragma:
      - no-cache
      strict-transport-security:
      - max-age=31536000; includeSubDomains
      x-cache:
      - CONFIG_NOCACHE
      x-content-type-options:
      - nosniff
      x-msedge-ref:
      - 'Ref A: 73A97194E8E54E0AA58AF8F0E615740F Ref B: TYO201100116021 Ref C: 2024-05-14T08:15:53Z'
    status:
      code: 200
      message: OK
- request:
    body: null
    headers:
      Accept:
      - application/json
      Accept-Encoding:
      - gzip, deflate
      CommandName:
      - image builder customizer clear
      Connection:
      - keep-alive
      ParameterSetName:
      - -n -g --defer
      User-Agent:
      - AZURECLI/2.60.0 azsdk-python-core/1.28.0 Python/3.10.11 (Windows-10-10.0.22631-SP0)
    method: GET
    uri: https://management.azure.com/subscriptions/00000000-0000-0000-0000-000000000000/resourceGroups/img_tmpl_customizers000001/providers/Microsoft.VirtualMachineImages/imageTemplates/template01?api-version=2023-07-01
  response:
    body:
      string: "{\n \"properties\": {\n  \"source\": {\n   \"exactVersion\": \"17763.5696.240406\"\
        ,\n   \"offer\": \"WindowsServer\",\n   \"publisher\": \"MicrosoftWindowsServer\"\
        ,\n   \"sku\": \"2019-Datacenter\",\n   \"type\": \"PlatformImage\",\n   \"\
        version\": \"latest\"\n  },\n  \"customize\": [\n   {\n    \"name\": \"testPsScript.ps1\"\
        ,\n    \"runAsSystem\": false,\n    \"runElevated\": false,\n    \"scriptUri\"\
        : \"https://raw.githubusercontent.com/danielsollondon/azvmimagebuilder/master/testPsScript.ps1\"\
        ,\n    \"sha256Checksum\": \"0607c084bdde8ef843cd8b7668e54a37ed07446bb642fe791ba79307a0828ea5\"\
        ,\n    \"type\": \"PowerShell\"\n   },\n   {\n    \"name\": \"powershell_script\"\
        ,\n    \"runAsSystem\": false,\n    \"runElevated\": false,\n    \"scriptUri\"\
        : \"https://raw.githubusercontent.com/danielsollondon/azvmimagebuilder/master/testPsScript.ps1\"\
        ,\n    \"sha256Checksum\": \"0607c084bdde8ef843cd8b7668e54a37ed07446bb642fe791ba79307a0828ea5\"\
        ,\n    \"type\": \"PowerShell\",\n    \"validExitCodes\": [\n     0,\n   \
        \  1,\n     2\n    ]\n   },\n   {\n    \"inline\": [\n     \"mkdir c:\\\\\
        buildActions\",\n     \"echo Azure-Image-Builder-Was-Here  \\u003e c:\\\\\
        buildActions\\\\buildActionsOutput.txt\"\n    ],\n    \"name\": \"powershell_script_inline\"\
        ,\n    \"runAsSystem\": false,\n    \"runElevated\": false,\n    \"type\"\
        : \"PowerShell\",\n    \"validExitCodes\": [\n     12,\n     14,\n     16\n\
        \    ]\n   },\n   {\n    \"name\": \"windows_restart_name\",\n    \"restartCheckCommand\"\
        : \"echo Azure-Image-Builder-Restarted-the-VM  \\u003e c:\\\\buildArtifacts\\\
        \\azureImageBuilderRestart.txt\",\n    \"restartCommand\": \"\",\n    \"restartTimeout\"\
        : \"5m\",\n    \"type\": \"WindowsRestart\"\n   },\n   {\n    \"destination\"\
        : \"c:\\\\buildArtifacts\\\\index.html\",\n    \"name\": \"file_customizer_name\"\
        ,\n    \"sha256Checksum\": \"d9715d72889fb1a0463d06ce9e89d1d2bd33b2c5e5362a736db6f5a25e601a58\"\
        ,\n    \"sourceUri\": \"https://raw.githubusercontent.com/danielsollondon/azvmimagebuilder/master/quickquickstarts/exampleArtifacts/buildArtifacts/index.html\"\
        ,\n    \"type\": \"File\"\n   },\n   {\n    \"filters\": [\n     \"exclude:$_.Title\
        \ -like '*Preview*'\",\n     \"include:$true\"\n    ],\n    \"name\": \"win_update_name\"\
        ,\n    \"searchCriteria\": \"IsInstalled=0\",\n    \"type\": \"WindowsUpdate\"\
        ,\n    \"updateLimit\": 20\n   }\n  ],\n  \"distribute\": [\n   {\n    \"\
        artifactTags\": {},\n    \"imageId\": \"/subscriptions/00000000-0000-0000-0000-000000000000/resourceGroups/img_tmpl_customizers000001/providers/Microsoft.Compute/images/img_1\"\
        ,\n    \"location\": \"westus\",\n    \"runOutputName\": \"img_1\",\n    \"\
        type\": \"ManagedImage\"\n   }\n  ],\n  \"provisioningState\": \"Succeeded\"\
        ,\n  \"buildTimeoutInMinutes\": 0,\n  \"vmProfile\": {\n   \"vmSize\": \"\"\
        ,\n   \"osDiskSizeGB\": 0\n  },\n  \"stagingResourceGroup\": \"\",\n  \"exactStagingResourceGroup\"\
        : \"/subscriptions/00000000-0000-0000-0000-000000000000/resourceGroups/IT_img_tmpl_customizerskxxqlmrrpvodys5odwgo_051d0edc-c467-45b7-9f9b-b0e86e7319be\"\
        \n },\n \"identity\": {\n  \"type\": \"UserAssigned\",\n  \"userAssignedIdentities\"\
        : {\n   \"/subscriptions/00000000-0000-0000-0000-000000000000/resourceGroups/img_tmpl_customizers000001/providers/Microsoft.ManagedIdentity/userAssignedIdentities/ide1\"\
        : {\n    \"principalId\": \"78e40c68-d2a9-42e8-83db-45990107f523\",\n    \"\
        clientId\": \"d2cdd235-6136-4e06-8e4b-889c18965195\"\n   }\n  }\n },\n \"\
        tags\": {},\n \"location\": \"westus\",\n \"id\": \"/subscriptions/00000000-0000-0000-0000-000000000000/resourcegroups/img_tmpl_customizers000001/providers/Microsoft.VirtualMachineImages/imageTemplates/template01\"\
        ,\n \"name\": \"template01\",\n \"type\": \"Microsoft.VirtualMachineImages/imageTemplates\"\
        \n}"
    headers:
      cache-control:
      - no-cache
      content-length:
      - '3404'
      content-type:
      - application/json
      date:
      - Tue, 14 May 2024 08:15:54 GMT
      expires:
      - '-1'
      pragma:
      - no-cache
      strict-transport-security:
      - max-age=31536000; includeSubDomains
      x-cache:
      - CONFIG_NOCACHE
      x-content-type-options:
      - nosniff
      x-msedge-ref:
      - 'Ref A: C43AC87E0C3A43C6B298CE668D20AB65 Ref B: TYO201151005054 Ref C: 2024-05-14T08:15:54Z'
    status:
      code: 200
      message: OK
version: 1
