interactions:
- request:
    body: null
    headers:
      Accept:
      - application/json
      Accept-Encoding:
      - gzip, deflate
      CommandName:
      - vm host group create
      Connection:
      - keep-alive
      ParameterSetName:
      - -n -c -g
      User-Agent:
      - AZURECLI/2.46.0 azsdk-python-azure-mgmt-resource/22.0.0 Python/3.10.9 (Windows-10-10.0.22621-SP0)
    method: GET
    uri: https://management.azure.com/subscriptions/00000000-0000-0000-0000-000000000000/resourcegroups/cli_test_vm_host_management_000001?api-version=2022-09-01
  response:
    body:
      string: '{"id":"/subscriptions/00000000-0000-0000-0000-000000000000/resourceGroups/cli_test_vm_host_management_000001","name":"cli_test_vm_host_management_000001","type":"Microsoft.Resources/resourceGroups","location":"westus","tags":{"product":"azurecli","cause":"automation","date":"2023-03-15T08:50:16Z","StorageType":"Standard_LRS","type":"test"},"properties":{"provisioningState":"Succeeded"}}'
    headers:
      cache-control:
      - no-cache
      content-length:
      - '389'
      content-type:
      - application/json; charset=utf-8
      date:
      - Wed, 15 Mar 2023 08:50:18 GMT
      expires:
      - '-1'
      pragma:
      - no-cache
      strict-transport-security:
      - max-age=31536000; includeSubDomains
      vary:
      - Accept-Encoding
      x-content-type-options:
      - nosniff
    status:
      code: 200
      message: OK
- request:
    body: '{"location": "westus", "properties": {"platformFaultDomainCount": 3}}'
    headers:
      Accept:
      - application/json
      Accept-Encoding:
      - gzip, deflate
      CommandName:
      - vm host group create
      Connection:
      - keep-alive
      Content-Length:
      - '69'
      Content-Type:
      - application/json
      ParameterSetName:
      - -n -c -g
      User-Agent:
      - AZURECLI/2.46.0 azsdk-python-azure-mgmt-compute/29.1.0 Python/3.10.9 (Windows-10-10.0.22621-SP0)
    method: PUT
    uri: https://management.azure.com/subscriptions/00000000-0000-0000-0000-000000000000/resourceGroups/cli_test_vm_host_management_000001/providers/Microsoft.Compute/hostGroups/my-host-group?api-version=2022-11-01
  response:
    body:
      string: "{\r\n  \"name\": \"my-host-group\",\r\n  \"id\": \"/subscriptions/00000000-0000-0000-0000-000000000000/resourceGroups/CLI_TEST_VM_HOST_MANAGEMENT_PZTUQHUEPOITLXREGLQURUAOVTUMS2YSTDBPJGYCMOQOYNP/providers/Microsoft.Compute/hostGroups/my-host-group\"\
        ,\r\n  \"type\": \"Microsoft.Compute/hostGroups\",\r\n  \"location\": \"westus\"\
        ,\r\n  \"properties\": {\r\n    \"platformFaultDomainCount\": 3,\r\n    \"\
        supportAutomaticPlacement\": false\r\n  }\r\n}"
    headers:
      cache-control:
      - no-cache
      content-length:
      - '408'
      content-type:
      - application/json; charset=utf-8
      date:
      - Wed, 15 Mar 2023 08:50:23 GMT
      expires:
      - '-1'
      pragma:
      - no-cache
      server:
      - Microsoft-HTTPAPI/2.0
      - Microsoft-HTTPAPI/2.0
      strict-transport-security:
      - max-age=31536000; includeSubDomains
      x-content-type-options:
      - nosniff
      x-ms-ratelimit-remaining-resource:
      - Microsoft.Compute/PutDeleteDedicatedHost3Min;119,Microsoft.Compute/PutDeleteDedicatedHost30Min;599
      x-ms-ratelimit-remaining-subscription-writes:
      - '1197'
    status:
      code: 201
      message: Created
- request:
    body: null
    headers:
      Accept:
      - application/json
      Accept-Encoding:
      - gzip, deflate
      CommandName:
      - vm host group list
      Connection:
      - keep-alive
      ParameterSetName:
      - -g
      User-Agent:
      - AZURECLI/2.46.0 (AAZ) azsdk-python-core/1.24.0 Python/3.10.9 (Windows-10-10.0.22621-SP0)
    method: GET
    uri: https://management.azure.com/subscriptions/00000000-0000-0000-0000-000000000000/resourceGroups/cli_test_vm_host_management_000001/providers/Microsoft.Compute/hostGroups?api-version=2019-03-01
  response:
    body:
      string: "{\r\n  \"value\": [\r\n    {\r\n      \"name\": \"my-host-group\",\r\
        \n      \"id\": \"/subscriptions/00000000-0000-0000-0000-000000000000/resourceGroups/CLI_TEST_VM_HOST_MANAGEMENT_PZTUQHUEPOITLXREGLQURUAOVTUMS2YSTDBPJGYCMOQOYNP/providers/Microsoft.Compute/hostGroups/my-host-group\"\
        ,\r\n      \"type\": \"Microsoft.Compute/hostGroups\",\r\n      \"location\"\
        : \"westus\",\r\n      \"properties\": {\r\n        \"platformFaultDomainCount\"\
        : 3\r\n      }\r\n    }\r\n  ]\r\n}"
    headers:
      cache-control:
      - no-cache
      content-length:
      - '428'
      content-type:
      - application/json; charset=utf-8
      date:
      - Wed, 15 Mar 2023 08:50:25 GMT
      expires:
      - '-1'
      pragma:
      - no-cache
      server:
      - Microsoft-HTTPAPI/2.0
      - Microsoft-HTTPAPI/2.0
      strict-transport-security:
      - max-age=31536000; includeSubDomains
      transfer-encoding:
      - chunked
      vary:
      - Accept-Encoding
      x-content-type-options:
      - nosniff
      x-ms-ratelimit-remaining-resource:
      - Microsoft.Compute/GetDedicatedHost3Min;249
    status:
      code: 200
      message: OK
- request:
    body: null
    headers:
      Accept:
      - application/json
      Accept-Encoding:
      - gzip, deflate
      CommandName:
      - vm host create
      Connection:
      - keep-alive
      ParameterSetName:
      - -n --host-group -d -g --sku
      User-Agent:
      - AZURECLI/2.46.0 azsdk-python-azure-mgmt-resource/22.0.0 Python/3.10.9 (Windows-10-10.0.22621-SP0)
    method: GET
    uri: https://management.azure.com/subscriptions/00000000-0000-0000-0000-000000000000/resourcegroups/cli_test_vm_host_management_000001?api-version=2022-09-01
  response:
    body:
      string: '{"id":"/subscriptions/00000000-0000-0000-0000-000000000000/resourceGroups/cli_test_vm_host_management_000001","name":"cli_test_vm_host_management_000001","type":"Microsoft.Resources/resourceGroups","location":"westus","tags":{"product":"azurecli","cause":"automation","date":"2023-03-15T08:50:16Z","StorageType":"Standard_LRS","type":"test"},"properties":{"provisioningState":"Succeeded"}}'
    headers:
      cache-control:
      - no-cache
      content-length:
      - '389'
      content-type:
      - application/json; charset=utf-8
      date:
      - Wed, 15 Mar 2023 08:50:26 GMT
      expires:
      - '-1'
      pragma:
      - no-cache
      strict-transport-security:
      - max-age=31536000; includeSubDomains
      vary:
      - Accept-Encoding
      x-content-type-options:
      - nosniff
    status:
      code: 200
      message: OK
- request:
    body: '{"location": "westus", "sku": {"name": "DSv3-Type1"}, "properties": {"platformFaultDomain":
      2}}'
    headers:
      Accept:
      - application/json
      Accept-Encoding:
      - gzip, deflate
      CommandName:
      - vm host create
      Connection:
      - keep-alive
      Content-Length:
      - '95'
      Content-Type:
      - application/json
      ParameterSetName:
      - -n --host-group -d -g --sku
      User-Agent:
      - AZURECLI/2.46.0 azsdk-python-azure-mgmt-compute/29.1.0 Python/3.10.9 (Windows-10-10.0.22621-SP0)
    method: PUT
    uri: https://management.azure.com/subscriptions/00000000-0000-0000-0000-000000000000/resourceGroups/cli_test_vm_host_management_000001/providers/Microsoft.Compute/hostGroups/my-host-group/hosts/my-host?api-version=2022-11-01
  response:
    body:
      string: "{\r\n  \"name\": \"my-host\",\r\n  \"id\": \"/subscriptions/00000000-0000-0000-0000-000000000000/resourceGroups/cli_test_vm_host_management_000001/providers/Microsoft.Compute/hostGroups/my-host-group/hosts/my-host\"\
        ,\r\n  \"type\": \"Microsoft.Compute/hostGroups/hosts\",\r\n  \"location\"\
        : \"westus\",\r\n  \"sku\": {\r\n    \"name\": \"DSv3-Type1\"\r\n  },\r\n\
        \  \"properties\": {\r\n    \"platformFaultDomain\": 2,\r\n    \"autoReplaceOnFailure\"\
        : true,\r\n    \"hostId\": \"12642f9b-81c9-4b64-b286-68aaf003acf3\",\r\n \
        \   \"provisioningState\": \"Creating\",\r\n    \"timeCreated\": \"2023-03-15T08:50:33.0707956+00:00\"\
        \r\n  }\r\n}"
    headers:
      azure-asyncnotification:
      - Enabled
      azure-asyncoperation:
      - https://management.azure.com/subscriptions/00000000-0000-0000-0000-000000000000/providers/Microsoft.Compute/locations/westus/operations/a2d561e7-6b20-44d7-a249-7b01ec80124a?p=571046f6-b640-41c1-86f7-f9f044b5adf9&api-version=2022-11-01
      cache-control:
      - no-cache
      content-length:
      - '564'
      content-type:
      - application/json; charset=utf-8
      date:
      - Wed, 15 Mar 2023 08:50:34 GMT
      expires:
      - '-1'
      pragma:
      - no-cache
      server:
      - Microsoft-HTTPAPI/2.0
      - Microsoft-HTTPAPI/2.0
      strict-transport-security:
      - max-age=31536000; includeSubDomains
      x-content-type-options:
      - nosniff
      x-ms-ratelimit-remaining-resource:
      - Microsoft.Compute/PutDeleteDedicatedHost3Min;118,Microsoft.Compute/PutDeleteDedicatedHost30Min;598
      x-ms-ratelimit-remaining-subscription-writes:
      - '1198'
    status:
      code: 201
      message: Created
- request:
    body: null
    headers:
      Accept:
      - '*/*'
      Accept-Encoding:
      - gzip, deflate
      CommandName:
      - vm host create
      Connection:
      - keep-alive
      ParameterSetName:
      - -n --host-group -d -g --sku
      User-Agent:
      - AZURECLI/2.46.0 azsdk-python-azure-mgmt-compute/29.1.0 Python/3.10.9 (Windows-10-10.0.22621-SP0)
    method: GET
    uri: https://management.azure.com/subscriptions/00000000-0000-0000-0000-000000000000/providers/Microsoft.Compute/locations/westus/operations/a2d561e7-6b20-44d7-a249-7b01ec80124a?p=571046f6-b640-41c1-86f7-f9f044b5adf9&api-version=2022-11-01
  response:
    body:
      string: "{\r\n  \"startTime\": \"2023-03-15T08:50:33.0238174+00:00\",\r\n  \"\
        endTime\": \"2023-03-15T08:50:34.2425804+00:00\",\r\n  \"status\": \"Succeeded\"\
        ,\r\n  \"name\": \"a2d561e7-6b20-44d7-a249-7b01ec80124a\"\r\n}"
    headers:
      cache-control:
      - no-cache
      content-length:
      - '184'
      content-type:
      - application/json; charset=utf-8
      date:
      - Wed, 15 Mar 2023 08:51:04 GMT
      expires:
      - '-1'
      pragma:
      - no-cache
      server:
      - Microsoft-HTTPAPI/2.0
      - Microsoft-HTTPAPI/2.0
      strict-transport-security:
      - max-age=31536000; includeSubDomains
      transfer-encoding:
      - chunked
      vary:
      - Accept-Encoding
      x-content-type-options:
      - nosniff
      x-ms-ratelimit-remaining-resource:
      - Microsoft.Compute/GetOperation3Min;14992,Microsoft.Compute/GetOperation30Min;29898
    status:
      code: 200
      message: OK
- request:
    body: null
    headers:
      Accept:
      - '*/*'
      Accept-Encoding:
      - gzip, deflate
      CommandName:
      - vm host create
      Connection:
      - keep-alive
      ParameterSetName:
      - -n --host-group -d -g --sku
      User-Agent:
      - AZURECLI/2.46.0 azsdk-python-azure-mgmt-compute/29.1.0 Python/3.10.9 (Windows-10-10.0.22621-SP0)
    method: GET
    uri: https://management.azure.com/subscriptions/00000000-0000-0000-0000-000000000000/resourceGroups/cli_test_vm_host_management_000001/providers/Microsoft.Compute/hostGroups/my-host-group/hosts/my-host?api-version=2022-11-01
  response:
    body:
      string: "{\r\n  \"name\": \"my-host\",\r\n  \"id\": \"/subscriptions/00000000-0000-0000-0000-000000000000/resourceGroups/cli_test_vm_host_management_000001/providers/Microsoft.Compute/hostGroups/my-host-group/hosts/my-host\"\
        ,\r\n  \"type\": \"Microsoft.Compute/hostGroups/hosts\",\r\n  \"location\"\
        : \"westus\",\r\n  \"sku\": {\r\n    \"name\": \"DSv3-Type1\"\r\n  },\r\n\
        \  \"properties\": {\r\n    \"platformFaultDomain\": 2,\r\n    \"autoReplaceOnFailure\"\
        : true,\r\n    \"hostId\": \"12642f9b-81c9-4b64-b286-68aaf003acf3\",\r\n \
        \   \"virtualMachines\": [],\r\n    \"provisioningTime\": \"2023-03-15T08:50:33.5551392+00:00\"\
        ,\r\n    \"provisioningState\": \"Succeeded\",\r\n    \"timeCreated\": \"\
        2023-03-15T08:50:33.0707956+00:00\"\r\n  }\r\n}"
    headers:
      cache-control:
      - no-cache
      content-length:
      - '655'
      content-type:
      - application/json; charset=utf-8
      date:
      - Wed, 15 Mar 2023 08:51:04 GMT
      expires:
      - '-1'
      pragma:
      - no-cache
      server:
      - Microsoft-HTTPAPI/2.0
      - Microsoft-HTTPAPI/2.0
      strict-transport-security:
      - max-age=31536000; includeSubDomains
      transfer-encoding:
      - chunked
      vary:
      - Accept-Encoding
      x-content-type-options:
      - nosniff
      x-ms-ratelimit-remaining-resource:
      - Microsoft.Compute/GetDedicatedHost3Min;247,Microsoft.Compute/GetDedicatedHost30Min;998
    status:
      code: 200
      message: OK
- request:
    body: null
    headers:
      Accept:
      - application/json
      Accept-Encoding:
      - gzip, deflate
      CommandName:
      - vm host list
      Connection:
      - keep-alive
      ParameterSetName:
      - --host-group -g
      User-Agent:
      - AZURECLI/2.46.0 azsdk-python-azure-mgmt-compute/29.1.0 Python/3.10.9 (Windows-10-10.0.22621-SP0)
    method: GET
    uri: https://management.azure.com/subscriptions/00000000-0000-0000-0000-000000000000/resourceGroups/cli_test_vm_host_management_000001/providers/Microsoft.Compute/hostGroups/my-host-group/hosts?api-version=2022-11-01
  response:
    body:
      string: "{\r\n  \"value\": [\r\n    {\r\n      \"name\": \"my-host\",\r\n  \
        \    \"id\": \"/subscriptions/00000000-0000-0000-0000-000000000000/resourceGroups/CLI_TEST_VM_HOST_MANAGEMENT_PZTUQHUEPOITLXREGLQURUAOVTUMS2YSTDBPJGYCMOQOYNP/providers/Microsoft.Compute/hostGroups/my-host-group/hosts/my-host\"\
        ,\r\n      \"type\": \"Microsoft.Compute/hostGroups/hosts\",\r\n      \"location\"\
        : \"westus\",\r\n      \"sku\": {\r\n        \"name\": \"DSv3-Type1\"\r\n\
        \      },\r\n      \"properties\": {\r\n        \"platformFaultDomain\": 2,\r\
        \n        \"autoReplaceOnFailure\": true,\r\n        \"hostId\": \"12642f9b-81c9-4b64-b286-68aaf003acf3\"\
        ,\r\n        \"virtualMachines\": [],\r\n        \"provisioningTime\": \"\
        2023-03-15T08:50:33.5551392+00:00\",\r\n        \"provisioningState\": \"\
        Succeeded\",\r\n        \"timeCreated\": \"2023-03-15T08:50:33.0707956+00:00\"\
        \r\n      }\r\n    }\r\n  ]\r\n}"
    headers:
      cache-control:
      - no-cache
      content-length:
      - '793'
      content-type:
      - application/json; charset=utf-8
      date:
      - Wed, 15 Mar 2023 08:51:06 GMT
      expires:
      - '-1'
      pragma:
      - no-cache
      server:
      - Microsoft-HTTPAPI/2.0
      - Microsoft-HTTPAPI/2.0
      strict-transport-security:
      - max-age=31536000; includeSubDomains
      transfer-encoding:
      - chunked
      vary:
      - Accept-Encoding
      x-content-type-options:
      - nosniff
      x-ms-ratelimit-remaining-resource:
      - Microsoft.Compute/GetDedicatedHost3Min;246,Microsoft.Compute/GetDedicatedHost30Min;997
    status:
      code: 200
      message: OK
- request:
    body: null
    headers:
      Accept:
      - application/json
      Accept-Encoding:
      - gzip, deflate
      CommandName:
      - vm host group update
      Connection:
      - keep-alive
      ParameterSetName:
      - -n -g --set
      User-Agent:
      - AZURECLI/2.46.0 azsdk-python-azure-mgmt-compute/29.1.0 Python/3.10.9 (Windows-10-10.0.22621-SP0)
    method: GET
    uri: https://management.azure.com/subscriptions/00000000-0000-0000-0000-000000000000/resourceGroups/cli_test_vm_host_management_000001/providers/Microsoft.Compute/hostGroups/my-host-group?api-version=2022-11-01
  response:
    body:
      string: "{\r\n  \"name\": \"my-host-group\",\r\n  \"id\": \"/subscriptions/00000000-0000-0000-0000-000000000000/resourceGroups/CLI_TEST_VM_HOST_MANAGEMENT_PZTUQHUEPOITLXREGLQURUAOVTUMS2YSTDBPJGYCMOQOYNP/providers/Microsoft.Compute/hostGroups/my-host-group\"\
        ,\r\n  \"type\": \"Microsoft.Compute/hostGroups\",\r\n  \"location\": \"westus\"\
        ,\r\n  \"properties\": {\r\n    \"platformFaultDomainCount\": 3,\r\n    \"\
        hosts\": [\r\n      {\r\n        \"id\": \"/subscriptions/00000000-0000-0000-0000-000000000000/resourceGroups/CLI_TEST_VM_HOST_MANAGEMENT_PZTUQHUEPOITLXREGLQURUAOVTUMS2YSTDBPJGYCMOQOYNP/providers/Microsoft.Compute/hostGroups/MY-HOST-GROUP/hosts/MY-HOST\"\
        \r\n      }\r\n    ],\r\n    \"supportAutomaticPlacement\": false\r\n  }\r\
        \n}"
    headers:
      cache-control:
      - no-cache
      content-length:
      - '677'
      content-type:
      - application/json; charset=utf-8
      date:
      - Wed, 15 Mar 2023 08:51:09 GMT
      expires:
      - '-1'
      pragma:
      - no-cache
      server:
      - Microsoft-HTTPAPI/2.0
      - Microsoft-HTTPAPI/2.0
      strict-transport-security:
      - max-age=31536000; includeSubDomains
      transfer-encoding:
      - chunked
      vary:
      - Accept-Encoding
      x-content-type-options:
      - nosniff
      x-ms-ratelimit-remaining-resource:
      - Microsoft.Compute/GetDedicatedHost30Min;996
    status:
      code: 200
      message: OK
- request:
    body: '{"location": "westus", "tags": {"foo": "bar"}, "properties": {"platformFaultDomainCount":
      3, "supportAutomaticPlacement": false}}'
    headers:
      Accept:
      - application/json
      Accept-Encoding:
      - gzip, deflate
      CommandName:
      - vm host group update
      Connection:
      - keep-alive
      Content-Length:
      - '129'
      Content-Type:
      - application/json
      ParameterSetName:
      - -n -g --set
      User-Agent:
      - AZURECLI/2.46.0 azsdk-python-azure-mgmt-compute/29.1.0 Python/3.10.9 (Windows-10-10.0.22621-SP0)
    method: PUT
    uri: https://management.azure.com/subscriptions/00000000-0000-0000-0000-000000000000/resourceGroups/cli_test_vm_host_management_000001/providers/Microsoft.Compute/hostGroups/my-host-group?api-version=2022-11-01
  response:
    body:
      string: "{\r\n  \"name\": \"my-host-group\",\r\n  \"id\": \"/subscriptions/00000000-0000-0000-0000-000000000000/resourceGroups/CLI_TEST_VM_HOST_MANAGEMENT_PZTUQHUEPOITLXREGLQURUAOVTUMS2YSTDBPJGYCMOQOYNP/providers/Microsoft.Compute/hostGroups/my-host-group\"\
        ,\r\n  \"type\": \"Microsoft.Compute/hostGroups\",\r\n  \"location\": \"westus\"\
        ,\r\n  \"tags\": {\r\n    \"foo\": \"bar\"\r\n  },\r\n  \"properties\": {\r\
        \n    \"platformFaultDomainCount\": 3,\r\n    \"supportAutomaticPlacement\"\
        : false\r\n  }\r\n}"
    headers:
      cache-control:
      - no-cache
      content-length:
      - '445'
      content-type:
      - application/json; charset=utf-8
      date:
      - Wed, 15 Mar 2023 08:51:13 GMT
      expires:
      - '-1'
      pragma:
      - no-cache
      server:
      - Microsoft-HTTPAPI/2.0
      - Microsoft-HTTPAPI/2.0
      strict-transport-security:
      - max-age=31536000; includeSubDomains
      transfer-encoding:
      - chunked
      vary:
      - Accept-Encoding
      x-content-type-options:
      - nosniff
      x-ms-ratelimit-remaining-resource:
      - Microsoft.Compute/PutDeleteDedicatedHost3Min;117,Microsoft.Compute/PutDeleteDedicatedHost30Min;597
      x-ms-ratelimit-remaining-subscription-writes:
      - '1196'
    status:
      code: 200
      message: OK
- request:
    body: null
    headers:
      Accept:
      - application/json
      Accept-Encoding:
      - gzip, deflate
      CommandName:
      - vm host update
      Connection:
      - keep-alive
      ParameterSetName:
      - -n --host-group -g --set
      User-Agent:
      - AZURECLI/2.46.0 azsdk-python-azure-mgmt-compute/29.1.0 Python/3.10.9 (Windows-10-10.0.22621-SP0)
    method: GET
    uri: https://management.azure.com/subscriptions/00000000-0000-0000-0000-000000000000/resourceGroups/cli_test_vm_host_management_000001/providers/Microsoft.Compute/hostGroups/my-host-group/hosts/my-host?api-version=2022-11-01
  response:
    body:
      string: "{\r\n  \"name\": \"my-host\",\r\n  \"id\": \"/subscriptions/00000000-0000-0000-0000-000000000000/resourceGroups/cli_test_vm_host_management_000001/providers/Microsoft.Compute/hostGroups/my-host-group/hosts/my-host\"\
        ,\r\n  \"type\": \"Microsoft.Compute/hostGroups/hosts\",\r\n  \"location\"\
        : \"westus\",\r\n  \"sku\": {\r\n    \"name\": \"DSv3-Type1\"\r\n  },\r\n\
        \  \"properties\": {\r\n    \"platformFaultDomain\": 2,\r\n    \"autoReplaceOnFailure\"\
        : true,\r\n    \"hostId\": \"12642f9b-81c9-4b64-b286-68aaf003acf3\",\r\n \
        \   \"virtualMachines\": [],\r\n    \"provisioningTime\": \"2023-03-15T08:50:33.5551392+00:00\"\
        ,\r\n    \"provisioningState\": \"Succeeded\",\r\n    \"timeCreated\": \"\
        2023-03-15T08:50:33.0707956+00:00\"\r\n  }\r\n}"
    headers:
      cache-control:
      - no-cache
      content-length:
      - '655'
      content-type:
      - application/json; charset=utf-8
      date:
      - Wed, 15 Mar 2023 08:51:14 GMT
      expires:
      - '-1'
      pragma:
      - no-cache
      server:
      - Microsoft-HTTPAPI/2.0
      - Microsoft-HTTPAPI/2.0
      strict-transport-security:
      - max-age=31536000; includeSubDomains
      transfer-encoding:
      - chunked
      vary:
      - Accept-Encoding
      x-content-type-options:
      - nosniff
      x-ms-ratelimit-remaining-resource:
      - Microsoft.Compute/GetDedicatedHost3Min;245,Microsoft.Compute/GetDedicatedHost30Min;995
    status:
      code: 200
      message: OK
- request:
    body: '{"location": "westus", "tags": {"foo": "bar"}, "sku": {"name": "DSv3-Type1"},
      "properties": {"platformFaultDomain": 2, "autoReplaceOnFailure": true}}'
    headers:
      Accept:
      - application/json
      Accept-Encoding:
      - gzip, deflate
      CommandName:
      - vm host update
      Connection:
      - keep-alive
      Content-Length:
      - '149'
      Content-Type:
      - application/json
      ParameterSetName:
      - -n --host-group -g --set
      User-Agent:
      - AZURECLI/2.46.0 azsdk-python-azure-mgmt-compute/29.1.0 Python/3.10.9 (Windows-10-10.0.22621-SP0)
    method: PUT
    uri: https://management.azure.com/subscriptions/00000000-0000-0000-0000-000000000000/resourceGroups/cli_test_vm_host_management_000001/providers/Microsoft.Compute/hostGroups/my-host-group/hosts/my-host?api-version=2022-11-01
  response:
    body:
      string: "{\r\n  \"name\": \"my-host\",\r\n  \"id\": \"/subscriptions/00000000-0000-0000-0000-000000000000/resourceGroups/cli_test_vm_host_management_000001/providers/Microsoft.Compute/hostGroups/my-host-group/hosts/my-host\"\
        ,\r\n  \"type\": \"Microsoft.Compute/hostGroups/hosts\",\r\n  \"location\"\
        : \"westus\",\r\n  \"tags\": {\r\n    \"foo\": \"bar\"\r\n  },\r\n  \"sku\"\
        : {\r\n    \"name\": \"DSv3-Type1\"\r\n  },\r\n  \"properties\": {\r\n   \
        \ \"platformFaultDomain\": 2,\r\n    \"autoReplaceOnFailure\": true,\r\n \
        \   \"hostId\": \"12642f9b-81c9-4b64-b286-68aaf003acf3\",\r\n    \"provisioningTime\"\
        : \"2023-03-15T08:50:33.5551392+00:00\",\r\n    \"provisioningState\": \"\
        Updating\",\r\n    \"timeCreated\": \"2023-03-15T08:50:33.0707956+00:00\"\r\
        \n  }\r\n}"
    headers:
      azure-asyncnotification:
      - Enabled
      azure-asyncoperation:
      - https://management.azure.com/subscriptions/00000000-0000-0000-0000-000000000000/providers/Microsoft.Compute/locations/westus/operations/2dae9956-393d-45ab-9ba1-32e937077c41?p=571046f6-b640-41c1-86f7-f9f044b5adf9&api-version=2022-11-01
      cache-control:
      - no-cache
      content-length:
      - '663'
      content-type:
      - application/json; charset=utf-8
      date:
      - Wed, 15 Mar 2023 08:51:17 GMT
      expires:
      - '-1'
      pragma:
      - no-cache
      server:
      - Microsoft-HTTPAPI/2.0
      - Microsoft-HTTPAPI/2.0
      strict-transport-security:
      - max-age=31536000; includeSubDomains
      transfer-encoding:
      - chunked
      vary:
      - Accept-Encoding
      x-content-type-options:
      - nosniff
      x-ms-ratelimit-remaining-resource:
      - Microsoft.Compute/PutDeleteDedicatedHost3Min;116,Microsoft.Compute/PutDeleteDedicatedHost30Min;596
      x-ms-ratelimit-remaining-subscription-writes:
      - '1195'
    status:
      code: 200
      message: OK
- request:
    body: null
    headers:
      Accept:
      - '*/*'
      Accept-Encoding:
      - gzip, deflate
      CommandName:
      - vm host update
      Connection:
      - keep-alive
      ParameterSetName:
      - -n --host-group -g --set
      User-Agent:
      - AZURECLI/2.46.0 azsdk-python-azure-mgmt-compute/29.1.0 Python/3.10.9 (Windows-10-10.0.22621-SP0)
    method: GET
    uri: https://management.azure.com/subscriptions/00000000-0000-0000-0000-000000000000/providers/Microsoft.Compute/locations/westus/operations/2dae9956-393d-45ab-9ba1-32e937077c41?p=571046f6-b640-41c1-86f7-f9f044b5adf9&api-version=2022-11-01
  response:
    body:
      string: "{\r\n  \"startTime\": \"2023-03-15T08:51:16.5086502+00:00\",\r\n  \"\
        endTime\": \"2023-03-15T08:51:16.5399017+00:00\",\r\n  \"status\": \"Succeeded\"\
        ,\r\n  \"name\": \"2dae9956-393d-45ab-9ba1-32e937077c41\"\r\n}"
    headers:
      cache-control:
      - no-cache
      content-length:
      - '184'
      content-type:
      - application/json; charset=utf-8
      date:
      - Wed, 15 Mar 2023 08:51:48 GMT
      expires:
      - '-1'
      pragma:
      - no-cache
      server:
      - Microsoft-HTTPAPI/2.0
      - Microsoft-HTTPAPI/2.0
      strict-transport-security:
      - max-age=31536000; includeSubDomains
      transfer-encoding:
      - chunked
      vary:
      - Accept-Encoding
      x-content-type-options:
      - nosniff
      x-ms-ratelimit-remaining-resource:
      - Microsoft.Compute/GetOperation3Min;14992,Microsoft.Compute/GetOperation30Min;29896
    status:
      code: 200
      message: OK
- request:
    body: null
    headers:
      Accept:
      - '*/*'
      Accept-Encoding:
      - gzip, deflate
      CommandName:
      - vm host update
      Connection:
      - keep-alive
      ParameterSetName:
      - -n --host-group -g --set
      User-Agent:
      - AZURECLI/2.46.0 azsdk-python-azure-mgmt-compute/29.1.0 Python/3.10.9 (Windows-10-10.0.22621-SP0)
    method: GET
    uri: https://management.azure.com/subscriptions/00000000-0000-0000-0000-000000000000/resourceGroups/cli_test_vm_host_management_000001/providers/Microsoft.Compute/hostGroups/my-host-group/hosts/my-host?api-version=2022-11-01
  response:
    body:
      string: "{\r\n  \"name\": \"my-host\",\r\n  \"id\": \"/subscriptions/00000000-0000-0000-0000-000000000000/resourceGroups/cli_test_vm_host_management_000001/providers/Microsoft.Compute/hostGroups/my-host-group/hosts/my-host\"\
        ,\r\n  \"type\": \"Microsoft.Compute/hostGroups/hosts\",\r\n  \"location\"\
        : \"westus\",\r\n  \"tags\": {\r\n    \"foo\": \"bar\"\r\n  },\r\n  \"sku\"\
        : {\r\n    \"name\": \"DSv3-Type1\"\r\n  },\r\n  \"properties\": {\r\n   \
        \ \"platformFaultDomain\": 2,\r\n    \"autoReplaceOnFailure\": true,\r\n \
        \   \"hostId\": \"12642f9b-81c9-4b64-b286-68aaf003acf3\",\r\n    \"virtualMachines\"\
        : [],\r\n    \"provisioningTime\": \"2023-03-15T08:50:33.5551392+00:00\",\r\
        \n    \"provisioningState\": \"Succeeded\",\r\n    \"timeCreated\": \"2023-03-15T08:50:33.0707956+00:00\"\
        \r\n  }\r\n}"
    headers:
      cache-control:
      - no-cache
      content-length:
      - '692'
      content-type:
      - application/json; charset=utf-8
      date:
      - Wed, 15 Mar 2023 08:51:50 GMT
      expires:
      - '-1'
      pragma:
      - no-cache
      server:
      - Microsoft-HTTPAPI/2.0
      - Microsoft-HTTPAPI/2.0
      strict-transport-security:
      - max-age=31536000; includeSubDomains
      transfer-encoding:
      - chunked
      vary:
      - Accept-Encoding
      x-content-type-options:
      - nosniff
      x-ms-ratelimit-remaining-resource:
      - Microsoft.Compute/GetDedicatedHost3Min;243,Microsoft.Compute/GetDedicatedHost30Min;993
    status:
      code: 200
      message: OK
- request:
    body: null
    headers:
      Accept:
      - application/json
      Accept-Encoding:
      - gzip, deflate
      CommandName:
      - vm host delete
      Connection:
      - keep-alive
      Content-Length:
      - '0'
      ParameterSetName:
      - -n --host-group -g --yes
      User-Agent:
      - AZURECLI/2.46.0 azsdk-python-azure-mgmt-compute/29.1.0 Python/3.10.9 (Windows-10-10.0.22621-SP0)
    method: DELETE
    uri: https://management.azure.com/subscriptions/00000000-0000-0000-0000-000000000000/resourceGroups/cli_test_vm_host_management_000001/providers/Microsoft.Compute/hostGroups/my-host-group/hosts/my-host?api-version=2022-11-01
  response:
    body:
      string: ''
    headers:
      azure-asyncnotification:
      - Enabled
      azure-asyncoperation:
      - https://management.azure.com/subscriptions/00000000-0000-0000-0000-000000000000/providers/Microsoft.Compute/locations/westus/operations/1d1293d4-5c60-42c9-ac24-20e380ba9879?p=571046f6-b640-41c1-86f7-f9f044b5adf9&api-version=2022-11-01
      cache-control:
      - no-cache
      content-length:
      - '0'
      date:
      - Wed, 15 Mar 2023 08:51:51 GMT
      expires:
      - '-1'
      location:
      - https://management.azure.com/subscriptions/00000000-0000-0000-0000-000000000000/providers/Microsoft.Compute/locations/westus/operations/1d1293d4-5c60-42c9-ac24-20e380ba9879?p=571046f6-b640-41c1-86f7-f9f044b5adf9&monitor=true&api-version=2022-11-01
      pragma:
      - no-cache
      server:
      - Microsoft-HTTPAPI/2.0
      - Microsoft-HTTPAPI/2.0
      strict-transport-security:
      - max-age=31536000; includeSubDomains
      x-content-type-options:
      - nosniff
      x-ms-ratelimit-remaining-resource:
      - Microsoft.Compute/PutDeleteDedicatedHost3Min;115,Microsoft.Compute/PutDeleteDedicatedHost30Min;595
      x-ms-ratelimit-remaining-subscription-deletes:
      - '14998'
    status:
      code: 202
      message: Accepted
- request:
    body: null
    headers:
      Accept:
      - '*/*'
      Accept-Encoding:
      - gzip, deflate
      CommandName:
      - vm host delete
      Connection:
      - keep-alive
      ParameterSetName:
      - -n --host-group -g --yes
      User-Agent:
      - AZURECLI/2.46.0 azsdk-python-azure-mgmt-compute/29.1.0 Python/3.10.9 (Windows-10-10.0.22621-SP0)
    method: GET
    uri: https://management.azure.com/subscriptions/00000000-0000-0000-0000-000000000000/providers/Microsoft.Compute/locations/westus/operations/1d1293d4-5c60-42c9-ac24-20e380ba9879?p=571046f6-b640-41c1-86f7-f9f044b5adf9&api-version=2022-11-01
  response:
    body:
      string: "{\r\n  \"startTime\": \"2023-03-15T08:51:52.1809918+00:00\",\r\n  \"\
        endTime\": \"2023-03-15T08:51:52.2747407+00:00\",\r\n  \"status\": \"Succeeded\"\
        ,\r\n  \"name\": \"1d1293d4-5c60-42c9-ac24-20e380ba9879\"\r\n}"
    headers:
      cache-control:
      - no-cache
      content-length:
      - '184'
      content-type:
      - application/json; charset=utf-8
      date:
      - Wed, 15 Mar 2023 08:52:21 GMT
      expires:
      - '-1'
      pragma:
      - no-cache
      server:
      - Microsoft-HTTPAPI/2.0
      - Microsoft-HTTPAPI/2.0
      strict-transport-security:
      - max-age=31536000; includeSubDomains
      transfer-encoding:
      - chunked
      vary:
      - Accept-Encoding
      x-content-type-options:
      - nosniff
      x-ms-ratelimit-remaining-resource:
      - Microsoft.Compute/GetOperation3Min;14993,Microsoft.Compute/GetOperation30Min;29895
    status:
      code: 200
      message: OK
- request:
    body: null
    headers:
      Accept:
      - '*/*'
      Accept-Encoding:
      - gzip, deflate
      CommandName:
      - vm host group delete
      Connection:
      - keep-alive
      Content-Length:
      - '0'
      ParameterSetName:
      - -n -g --yes
      User-Agent:
      - AZURECLI/2.46.0 (AAZ) azsdk-python-core/1.24.0 Python/3.10.9 (Windows-10-10.0.22621-SP0)
    method: DELETE
    uri: https://management.azure.com/subscriptions/00000000-0000-0000-0000-000000000000/resourceGroups/cli_test_vm_host_management_000001/providers/Microsoft.Compute/hostGroups/my-host-group?api-version=2019-03-01
  response:
    body:
      string: ''
    headers:
      cache-control:
      - no-cache
      content-length:
      - '0'
      date:
      - Wed, 15 Mar 2023 08:52:27 GMT
      expires:
      - '-1'
      pragma:
      - no-cache
      server:
      - Microsoft-HTTPAPI/2.0
      - Microsoft-HTTPAPI/2.0
      strict-transport-security:
      - max-age=31536000; includeSubDomains
      x-content-type-options:
      - nosniff
      x-ms-ratelimit-remaining-resource:
      - Microsoft.Compute/PutDeleteDedicatedHost3Min;114,Microsoft.Compute/PutDeleteDedicatedHost30Min;594
      x-ms-ratelimit-remaining-subscription-deletes:
      - '14999'
    status:
      code: 200
      message: OK
version: 1
