interactions:
- request:
    body: null
    headers:
      Accept:
      - application/json
      Accept-Encoding:
      - gzip, deflate
      CommandName:
      - vmss create
      Connection:
      - keep-alive
      ParameterSetName:
      - -g -n --image --enable-osimage-notification
      User-Agent:
      - AZURECLI/2.63.0 azsdk-python-core/1.28.0 Python/3.10.11 (Windows-10-10.0.22631-SP0)
    method: GET
    uri: https://management.azure.com/subscriptions/00000000-0000-0000-0000-000000000000/resourcegroups/cli_test_vmss_os_iamge_notification_000001?api-version=2022-09-01
  response:
    body:
      string: '{"id":"/subscriptions/00000000-0000-0000-0000-000000000000/resourceGroups/cli_test_vmss_os_iamge_notification_000001","name":"cli_test_vmss_os_iamge_notification_000001","type":"Microsoft.Resources/resourceGroups","location":"westus","tags":{"product":"azurecli","cause":"automation","test":"test_vmss_os_image_notification","date":"2024-08-26T09:51:26Z","module":"vm"},"properties":{"provisioningState":"Succeeded"}}'
    headers:
      cache-control:
      - no-cache
      content-length:
      - '417'
      content-type:
      - application/json; charset=utf-8
      date:
      - Mon, 26 Aug 2024 09:51:28 GMT
      expires:
      - '-1'
      pragma:
      - no-cache
      strict-transport-security:
      - max-age=31536000; includeSubDomains
      x-cache:
      - CONFIG_NOCACHE
      x-content-type-options:
      - nosniff
      x-ms-ratelimit-remaining-subscription-global-reads:
      - '3749'
      x-msedge-ref:
      - 'Ref A: 7292EDB08CAC4F9081278D6CF95D12AB Ref B: TYO201151004054 Ref C: 2024-08-26T09:51:29Z'
    status:
      code: 200
      message: OK
- request:
    body: null
    headers:
      Accept:
      - application/json
      Accept-Encoding:
      - gzip, deflate
      CommandName:
      - vmss create
      Connection:
      - keep-alive
      ParameterSetName:
      - -g -n --image --enable-osimage-notification
      User-Agent:
      - AZURECLI/2.63.0 azsdk-python-core/1.28.0 Python/3.10.11 (Windows-10-10.0.22631-SP0)
    method: GET
    uri: https://management.azure.com/subscriptions/00000000-0000-0000-0000-000000000000/providers/Microsoft.Compute/locations/westus/publishers/Canonical/artifacttypes/vmimage/offers/UbuntuServer/skus/18.04-LTS/versions?$top=1&$orderby=name%20desc&api-version=2024-07-01
  response:
    body:
      string: "[\r\n  {\r\n    \"location\": \"westus\",\r\n    \"name\": \"18.04.202401161\"\
        ,\r\n    \"id\": \"/Subscriptions/00000000-0000-0000-0000-000000000000/Providers/Microsoft.Compute/Locations/westus/Publishers/Canonical/ArtifactTypes/VMImage/Offers/UbuntuServer/Skus/18.04-LTS/Versions/18.04.202401161\"\
        \r\n  }\r\n]"
    headers:
      cache-control:
      - no-cache
      content-length:
      - '286'
      content-type:
      - application/json; charset=utf-8
      date:
      - Mon, 26 Aug 2024 09:51:29 GMT
      expires:
      - '-1'
      pragma:
      - no-cache
      strict-transport-security:
      - max-age=31536000; includeSubDomains
      x-cache:
      - CONFIG_NOCACHE
      x-content-type-options:
      - nosniff
      x-ms-ratelimit-remaining-resource:
      - Microsoft.Compute/ListVMImagesVersionsFromLocation3Min;15994,Microsoft.Compute/ListVMImagesVersionsFromLocation30Min;43928
      x-ms-ratelimit-remaining-subscription-global-reads:
      - '3749'
      x-msedge-ref:
      - 'Ref A: 8BB523471D284732BA503212D42F0484 Ref B: TYO201100116037 Ref C: 2024-08-26T09:51:29Z'
    status:
      code: 200
      message: OK
- request:
    body: null
    headers:
      Accept:
      - application/json
      Accept-Encoding:
      - gzip, deflate
      CommandName:
      - vmss create
      Connection:
      - keep-alive
      ParameterSetName:
      - -g -n --image --enable-osimage-notification
      User-Agent:
      - AZURECLI/2.63.0 azsdk-python-core/1.28.0 Python/3.10.11 (Windows-10-10.0.22631-SP0)
    method: GET
    uri: https://management.azure.com/subscriptions/00000000-0000-0000-0000-000000000000/providers/Microsoft.Compute/locations/westus/publishers/Canonical/artifacttypes/vmimage/offers/UbuntuServer/skus/18.04-LTS/versions/18.04.202401161?api-version=2024-07-01
  response:
    body:
      string: "{\r\n  \"properties\": {\r\n    \"hyperVGeneration\": \"V1\",\r\n \
        \   \"architecture\": \"x64\",\r\n    \"replicaType\": \"Unmanaged\",\r\n\
        \    \"disallowed\": {\r\n      \"vmDiskType\": \"None\"\r\n    },\r\n   \
        \ \"automaticOSUpgradeProperties\": {\r\n      \"automaticOSUpgradeSupported\"\
        : true\r\n    },\r\n    \"imageDeprecationStatus\": {\r\n      \"imageState\"\
        : \"Active\"\r\n    },\r\n    \"features\": [\r\n      {\r\n        \"name\"\
        : \"IsAcceleratedNetworkSupported\",\r\n        \"value\": \"True\"\r\n  \
        \    },\r\n      {\r\n        \"name\": \"DiskControllerTypes\",\r\n     \
        \   \"value\": \"SCSI, NVMe\"\r\n      },\r\n      {\r\n        \"name\":\
        \ \"IsHibernateSupported\",\r\n        \"value\": \"True\"\r\n      }\r\n\
        \    ],\r\n    \"osDiskImage\": {\r\n      \"operatingSystem\": \"Linux\"\
        ,\r\n      \"sizeInBytes\": 32213303808\r\n    },\r\n    \"dataDiskImages\"\
        : []\r\n  },\r\n  \"location\": \"westus\",\r\n  \"name\": \"18.04.202401161\"\
        ,\r\n  \"id\": \"/Subscriptions/00000000-0000-0000-0000-000000000000/Providers/Microsoft.Compute/Locations/westus/Publishers/Canonical/ArtifactTypes/VMImage/Offers/UbuntuServer/Skus/18.04-LTS/Versions/18.04.202401161\"\
        \r\n}"
    headers:
      cache-control:
      - no-cache
      content-length:
      - '1025'
      content-type:
      - application/json; charset=utf-8
      date:
      - Mon, 26 Aug 2024 09:51:30 GMT
      expires:
      - '-1'
      pragma:
      - no-cache
      strict-transport-security:
      - max-age=31536000; includeSubDomains
      x-cache:
      - CONFIG_NOCACHE
      x-content-type-options:
      - nosniff
      x-ms-ratelimit-remaining-resource:
      - Microsoft.Compute/GetVMImageFromLocation3Min;12995,Microsoft.Compute/GetVMImageFromLocation30Min;73950
      x-ms-ratelimit-remaining-subscription-global-reads:
      - '3749'
      x-msedge-ref:
      - 'Ref A: 5443D50B8D1F48429CC2A92344C49E89 Ref B: TYO201151005036 Ref C: 2024-08-26T09:51:30Z'
    status:
      code: 200
      message: OK
- request:
    body: null
    headers:
      Accept:
      - application/json
      Accept-Encoding:
      - gzip, deflate
      CommandName:
      - vmss create
      Connection:
      - keep-alive
      ParameterSetName:
      - -g -n --image --enable-osimage-notification
      User-Agent:
      - AZURECLI/2.63.0 azsdk-python-core/1.28.0 Python/3.10.11 (Windows-10-10.0.22631-SP0)
    method: GET
    uri: https://management.azure.com/subscriptions/00000000-0000-0000-0000-000000000000/resourceGroups/cli_test_vmss_os_iamge_notification_000001/providers/Microsoft.Network/virtualNetworks?api-version=2022-01-01
  response:
    body:
      string: '{"value":[]}'
    headers:
      cache-control:
      - no-cache
      content-length:
      - '12'
      content-type:
      - application/json; charset=utf-8
      date:
      - Mon, 26 Aug 2024 09:51:31 GMT
      expires:
      - '-1'
      pragma:
      - no-cache
      strict-transport-security:
      - max-age=31536000; includeSubDomains
      x-cache:
      - CONFIG_NOCACHE
      x-content-type-options:
      - nosniff
      x-ms-ratelimit-remaining-subscription-global-reads:
      - '3749'
      x-msedge-ref:
      - 'Ref A: 94E68F33C9C446B49EC4E7DBAA9573B5 Ref B: TYO201151006011 Ref C: 2024-08-26T09:51:31Z'
    status:
      code: 200
      message: OK
- request:
    body: '{"properties": {"template": {"$schema": "https://schema.management.azure.com/schemas/2015-01-01/deploymentTemplate.json#",
      "contentVersion": "1.0.0.0", "parameters": {}, "variables": {}, "resources":
      [{"name": "vmss000002VNET", "type": "Microsoft.Network/virtualNetworks", "location":
      "westus", "apiVersion": "2015-06-15", "dependsOn": [], "tags": {}, "properties":
      {"addressSpace": {"addressPrefixes": ["10.0.0.0/16"]}, "subnets": [{"name":
      "vmss000002Subnet", "properties": {"addressPrefix": "10.0.0.0/24"}}]}}, {"apiVersion":
      "2022-01-01", "type": "Microsoft.Network/publicIPAddresses", "name": "vmss000002LBPublicIP",
      "location": "westus", "tags": {}, "dependsOn": [], "properties": {"publicIPAllocationMethod":
      "Static"}, "sku": {"name": "Standard"}}, {"type": "Microsoft.Network/loadBalancers",
      "name": "vmss000002LB", "location": "westus", "tags": {}, "apiVersion": "2022-01-01",
      "dependsOn": ["Microsoft.Network/virtualNetworks/vmss000002VNET", "Microsoft.Network/publicIpAddresses/vmss000002LBPublicIP"],
      "properties": {"backendAddressPools": [{"name": "vmss000002LBBEPool"}], "frontendIPConfigurations":
      [{"name": "loadBalancerFrontEnd", "properties": {"publicIPAddress": {"id": "/subscriptions/00000000-0000-0000-0000-000000000000/resourceGroups/cli_test_vmss_os_iamge_notification_000001/providers/Microsoft.Network/publicIPAddresses/vmss000002LBPublicIP"}}}],
      "loadBalancingRules": [{"name": "LBRule", "properties": {"frontendIPConfiguration":
      {"id": "[concat(resourceId(''Microsoft.Network/loadBalancers'', ''vmss000002LB''),
      ''/frontendIPConfigurations/'', ''loadBalancerFrontEnd'')]"}, "backendAddressPool":
      {"id": "[concat(resourceId(''Microsoft.Network/loadBalancers'', ''vmss000002LB''),
      ''/backendAddressPools/'', ''vmss000002LBBEPool'')]"}, "protocol": "tcp", "frontendPort":
      80, "backendPort": 80, "enableFloatingIP": false, "idleTimeoutInMinutes": 5}}]},
      "sku": {"name": "Standard"}}, {"type": "Microsoft.Network/networkSecurityGroups",
      "name": "vmss000002NSG", "apiVersion": "2015-06-15", "location": "westus", "tags":
      {}, "dependsOn": [], "properties": {"securityRules": [{"name": "default-allow-ssh",
      "properties": {"protocol": "Tcp", "sourcePortRange": "*", "destinationPortRange":
      "22", "sourceAddressPrefix": "*", "destinationAddressPrefix": "*", "access":
      "Allow", "priority": 1000, "direction": "Inbound"}}]}}, {"type": "Microsoft.Network/loadBalancers/inboundNatRules",
      "apiVersion": "2022-01-01", "name": "vmss000002LB/NatRule", "location": "westus",
      "properties": {"frontendIPConfiguration": {"id": "[concat(resourceId(''Microsoft.Network/loadBalancers'',
      ''vmss000002LB''), ''/frontendIPConfigurations/'', ''loadBalancerFrontEnd'')]"},
      "backendAddressPool": {"id": "[concat(resourceId(''Microsoft.Network/loadBalancers'',
      ''vmss000002LB''), ''/backendAddressPools/'', ''vmss000002LBBEPool'')]"}, "backendPort":
      22, "frontendPortRangeStart": "50000", "frontendPortRangeEnd": "50119", "protocol":
      "tcp", "idleTimeoutInMinutes": 5}, "dependsOn": ["[concat(''Microsoft.Network/loadBalancers/'',
      ''vmss000002LB'')]"]}, {"type": "Microsoft.Compute/virtualMachineScaleSets",
      "name": "vmss000002", "location": "westus", "tags": {}, "apiVersion": "2024-07-01",
      "dependsOn": ["Microsoft.Network/virtualNetworks/vmss000002VNET", "Microsoft.Network/loadBalancers/vmss000002LB",
      "Microsoft.Network/networkSecurityGroups/vmss000002NSG"], "properties": {"upgradePolicy":
      {"mode": "manual"}, "singlePlacementGroup": null, "platformFaultDomainCount":
      1, "virtualMachineProfile": {"storageProfile": {"osDisk": {"createOption": "FromImage",
      "caching": "ReadWrite", "managedDisk": {"storageAccountType": null}}, "imageReference":
      {"publisher": "Canonical", "offer": "UbuntuServer", "sku": "18.04-LTS", "version":
      "latest"}}, "osProfile": {"computerNamePrefix": "vmssqpz4", "adminUsername":
      "v-jingszhang", "linuxConfiguration": {"disablePasswordAuthentication": true,
      "ssh": {"publicKeys": [{"path": "/home/v-jingszhang/.ssh/authorized_keys", "keyData":
      "ssh-rsa AAAAB3NzaC1yc2EAAAADAQABAAABAQCey0/ipz0OxUGA6xunJY5HdhvlsyRf2JdpnRaH0UU5KsAiajLq5HifCzJAEpRvWXIIYKSrqNi+hSmKRXiGJaHnK0dm0QO8YvM/Ab+MZUZ0L9VRznMoLsexTgDEC6QidxP5VYxXQwzgvbK1kn1J+7QTmd9JzV4Q83EEIZM5VGp7DwuUzhSuUN4LNJ9TnsCpjZwDIqIIGo9kLRLov+CfPb50o/768pa4W87a7FDJc74gvu/Qh7K05ztWNABlqYk5QsSkLWosN/vCaR+Nlh6EroTUw679G0MLj2WD/P0vLbiy1Xgf2oZ4Q5vLOQfoU2SWNkzzmfpdu3o9+VWNQppUZPyt"}]}}},
      "scheduledEventsProfile": {"osImageNotificationProfile": {"enable": true}},
      "networkProfile": {"networkInterfaceConfigurations": [{"name": "vmssq3487Nic",
      "properties": {"ipConfigurations": [{"name": "vmssq3487IPConfig", "properties":
      {"subnet": {"id": "/subscriptions/00000000-0000-0000-0000-000000000000/resourceGroups/cli_test_vmss_os_iamge_notification_000001/providers/Microsoft.Network/virtualNetworks/vmss000002VNET/subnets/vmss000002Subnet"},
      "loadBalancerBackendAddressPools": [{"id": "/subscriptions/00000000-0000-0000-0000-000000000000/resourceGroups/cli_test_vmss_os_iamge_notification_000001/providers/Microsoft.Network/loadBalancers/vmss000002LB/backendAddressPools/vmss000002LBBEPool"}]}}],
      "networkSecurityGroup": {"id": "[resourceId(''Microsoft.Network/networkSecurityGroups'',
      ''vmss000002NSG'')]"}, "primary": "true"}}], "networkApiVersion": "2020-11-01"}},
      "orchestrationMode": "Flexible"}, "sku": {"name": "Standard_DS1_v2", "capacity":
      2}}], "outputs": {"VMSS": {"type": "object", "value": "[reference(resourceId(''Microsoft.Compute/virtualMachineScaleSets'',
      ''vmss000002''),providers(''Microsoft.Compute'', ''virtualMachineScaleSets'').apiVersions[0])]"}}},
      "parameters": {}, "mode": "incremental"}}'
    headers:
      Accept:
      - application/json
      Accept-Encoding:
      - gzip, deflate
      CommandName:
      - vmss create
      Connection:
      - keep-alive
      Content-Length:
      - '5533'
      Content-Type:
      - application/json
      ParameterSetName:
      - -g -n --image --enable-osimage-notification
      User-Agent:
      - AZURECLI/2.63.0 azsdk-python-core/1.28.0 Python/3.10.11 (Windows-10-10.0.22631-SP0)
    method: PUT
    uri: https://management.azure.com/subscriptions/00000000-0000-0000-0000-000000000000/resourcegroups/cli_test_vmss_os_iamge_notification_000001/providers/Microsoft.Resources/deployments/mock-deployment?api-version=2022-09-01
  response:
    body:
      string: '{"id":"/subscriptions/00000000-0000-0000-0000-000000000000/resourceGroups/cli_test_vmss_os_iamge_notification_000001/providers/Microsoft.Resources/deployments/vmss_deploy_WO7VqV6zRFNtI16xAP2UHgKkhVvzvWlR","name":"vmss_deploy_WO7VqV6zRFNtI16xAP2UHgKkhVvzvWlR","type":"Microsoft.Resources/deployments","properties":{"templateHash":"5286212703624177482","parameters":{},"mode":"Incremental","provisioningState":"Accepted","timestamp":"2024-08-26T09:51:38.3093103Z","duration":"PT0.0001577S","correlationId":"8672cfbe-f579-4036-8a21-5e33a5bcf198","providers":[{"namespace":"Microsoft.Network","resourceTypes":[{"resourceType":"virtualNetworks","locations":["westus"]},{"resourceType":"publicIPAddresses","locations":["westus"]},{"resourceType":"loadBalancers","locations":["westus"]},{"resourceType":"networkSecurityGroups","locations":["westus"]},{"resourceType":"loadBalancers/inboundNatRules","locations":["westus"]}]},{"namespace":"Microsoft.Compute","resourceTypes":[{"resourceType":"virtualMachineScaleSets","locations":["westus"]}]}],"dependencies":[{"dependsOn":[{"id":"/subscriptions/00000000-0000-0000-0000-000000000000/resourceGroups/cli_test_vmss_os_iamge_notification_000001/providers/Microsoft.Network/virtualNetworks/vmss000002VNET","resourceType":"Microsoft.Network/virtualNetworks","resourceName":"vmss000002VNET"},{"id":"/subscriptions/00000000-0000-0000-0000-000000000000/resourceGroups/cli_test_vmss_os_iamge_notification_000001/providers/Microsoft.Network/publicIPAddresses/vmss000002LBPublicIP","resourceType":"Microsoft.Network/publicIPAddresses","resourceName":"vmss000002LBPublicIP"}],"id":"/subscriptions/00000000-0000-0000-0000-000000000000/resourceGroups/cli_test_vmss_os_iamge_notification_000001/providers/Microsoft.Network/loadBalancers/vmss000002LB","resourceType":"Microsoft.Network/loadBalancers","resourceName":"vmss000002LB"},{"dependsOn":[{"id":"/subscriptions/00000000-0000-0000-0000-000000000000/resourceGroups/cli_test_vmss_os_iamge_notification_000001/providers/Microsoft.Network/loadBalancers/vmss000002LB","resourceType":"Microsoft.Network/loadBalancers","resourceName":"vmss000002LB"}],"id":"/subscriptions/00000000-0000-0000-0000-000000000000/resourceGroups/cli_test_vmss_os_iamge_notification_000001/providers/Microsoft.Network/loadBalancers/vmss000002LB/inboundNatRules/NatRule","resourceType":"Microsoft.Network/loadBalancers/inboundNatRules","resourceName":"vmss000002LB/NatRule"},{"dependsOn":[{"id":"/subscriptions/00000000-0000-0000-0000-000000000000/resourceGroups/cli_test_vmss_os_iamge_notification_000001/providers/Microsoft.Network/virtualNetworks/vmss000002VNET","resourceType":"Microsoft.Network/virtualNetworks","resourceName":"vmss000002VNET"},{"id":"/subscriptions/00000000-0000-0000-0000-000000000000/resourceGroups/cli_test_vmss_os_iamge_notification_000001/providers/Microsoft.Network/loadBalancers/vmss000002LB","resourceType":"Microsoft.Network/loadBalancers","resourceName":"vmss000002LB"},{"id":"/subscriptions/00000000-0000-0000-0000-000000000000/resourceGroups/cli_test_vmss_os_iamge_notification_000001/providers/Microsoft.Network/networkSecurityGroups/vmss000002NSG","resourceType":"Microsoft.Network/networkSecurityGroups","resourceName":"vmss000002NSG"}],"id":"/subscriptions/00000000-0000-0000-0000-000000000000/resourceGroups/cli_test_vmss_os_iamge_notification_000001/providers/Microsoft.Compute/virtualMachineScaleSets/vmss000002","resourceType":"Microsoft.Compute/virtualMachineScaleSets","resourceName":"vmss000002"}]}}'
    headers:
      azure-asyncoperation:
      - https://management.azure.com/subscriptions/00000000-0000-0000-0000-000000000000/resourcegroups/cli_test_vmss_os_iamge_notification_000001/providers/Microsoft.Resources/deployments/vmss_deploy_WO7VqV6zRFNtI16xAP2UHgKkhVvzvWlR/operationStatuses/08584769409886951894?api-version=2022-09-01
      cache-control:
      - no-cache
      content-length:
      - '3496'
      content-type:
      - application/json; charset=utf-8
      date:
      - Mon, 26 Aug 2024 09:51:39 GMT
      expires:
      - '-1'
      pragma:
      - no-cache
      strict-transport-security:
      - max-age=31536000; includeSubDomains
      x-cache:
      - CONFIG_NOCACHE
      x-content-type-options:
      - nosniff
      x-ms-deployment-engine-version:
      - 1.95.0
      x-ms-ratelimit-remaining-subscription-global-writes:
      - '2998'
      x-ms-ratelimit-remaining-subscription-writes:
      - '198'
      x-msedge-ref:
      - 'Ref A: 6BF3057550A644D19CC51EC1B1EC2655 Ref B: TYO201100117049 Ref C: 2024-08-26T09:51:31Z'
    status:
      code: 201
      message: Created
- request:
    body: null
    headers:
      Accept:
      - '*/*'
      Accept-Encoding:
      - gzip, deflate
      CommandName:
      - vmss create
      Connection:
      - keep-alive
      ParameterSetName:
      - -g -n --image --enable-osimage-notification
      User-Agent:
      - AZURECLI/2.63.0 azsdk-python-core/1.28.0 Python/3.10.11 (Windows-10-10.0.22631-SP0)
    method: GET
    uri: https://management.azure.com/subscriptions/00000000-0000-0000-0000-000000000000/resourcegroups/cli_test_vmss_os_iamge_notification_000001/providers/Microsoft.Resources/deployments/mock-deployment/operationStatuses/08584769409886951894?api-version=2022-09-01
  response:
    body:
      string: '{"status":"Running"}'
    headers:
      cache-control:
      - no-cache
      content-length:
      - '20'
      content-type:
      - application/json; charset=utf-8
      date:
      - Mon, 26 Aug 2024 09:51:40 GMT
      expires:
      - '-1'
      pragma:
      - no-cache
      strict-transport-security:
      - max-age=31536000; includeSubDomains
      x-cache:
      - CONFIG_NOCACHE
      x-content-type-options:
      - nosniff
      x-ms-ratelimit-remaining-subscription-global-reads:
      - '3749'
      x-msedge-ref:
      - 'Ref A: BFF645C183AA451E8F691F2E78F4A10E Ref B: TYO201100117049 Ref C: 2024-08-26T09:51:39Z'
    status:
      code: 200
      message: OK
- request:
    body: null
    headers:
      Accept:
      - '*/*'
      Accept-Encoding:
      - gzip, deflate
      CommandName:
      - vmss create
      Connection:
      - keep-alive
      ParameterSetName:
      - -g -n --image --enable-osimage-notification
      User-Agent:
      - AZURECLI/2.63.0 azsdk-python-core/1.28.0 Python/3.10.11 (Windows-10-10.0.22631-SP0)
    method: GET
    uri: https://management.azure.com/subscriptions/00000000-0000-0000-0000-000000000000/resourcegroups/cli_test_vmss_os_iamge_notification_000001/providers/Microsoft.Resources/deployments/mock-deployment/operationStatuses/08584769409886951894?api-version=2022-09-01
  response:
    body:
      string: '{"status":"Running"}'
    headers:
      cache-control:
      - no-cache
      content-length:
      - '20'
      content-type:
      - application/json; charset=utf-8
      date:
      - Mon, 26 Aug 2024 09:52:11 GMT
      expires:
      - '-1'
      pragma:
      - no-cache
      strict-transport-security:
      - max-age=31536000; includeSubDomains
      x-cache:
      - CONFIG_NOCACHE
      x-content-type-options:
      - nosniff
      x-ms-ratelimit-remaining-subscription-global-reads:
      - '3749'
      x-msedge-ref:
      - 'Ref A: E3C782469E0849D4A2F189D3378692FE Ref B: TYO201100117049 Ref C: 2024-08-26T09:52:11Z'
    status:
      code: 200
      message: OK
- request:
    body: null
    headers:
      Accept:
      - '*/*'
      Accept-Encoding:
      - gzip, deflate
      CommandName:
      - vmss create
      Connection:
      - keep-alive
      ParameterSetName:
      - -g -n --image --enable-osimage-notification
      User-Agent:
      - AZURECLI/2.63.0 azsdk-python-core/1.28.0 Python/3.10.11 (Windows-10-10.0.22631-SP0)
    method: GET
    uri: https://management.azure.com/subscriptions/00000000-0000-0000-0000-000000000000/resourcegroups/cli_test_vmss_os_iamge_notification_000001/providers/Microsoft.Resources/deployments/mock-deployment/operationStatuses/08584769409886951894?api-version=2022-09-01
  response:
    body:
      string: '{"status":"Succeeded"}'
    headers:
      cache-control:
      - no-cache
      content-length:
      - '22'
      content-type:
      - application/json; charset=utf-8
      date:
      - Mon, 26 Aug 2024 09:52:42 GMT
      expires:
      - '-1'
      pragma:
      - no-cache
      strict-transport-security:
      - max-age=31536000; includeSubDomains
      x-cache:
      - CONFIG_NOCACHE
      x-content-type-options:
      - nosniff
      x-ms-ratelimit-remaining-subscription-global-reads:
      - '3749'
      x-msedge-ref:
      - 'Ref A: BB451D52A1CC4FFBB0E2362F9C97FB0F Ref B: TYO201100117049 Ref C: 2024-08-26T09:52:42Z'
    status:
      code: 200
      message: OK
- request:
    body: null
    headers:
      Accept:
      - '*/*'
      Accept-Encoding:
      - gzip, deflate
      CommandName:
      - vmss create
      Connection:
      - keep-alive
      ParameterSetName:
      - -g -n --image --enable-osimage-notification
      User-Agent:
      - AZURECLI/2.63.0 azsdk-python-core/1.28.0 Python/3.10.11 (Windows-10-10.0.22631-SP0)
    method: GET
    uri: https://management.azure.com/subscriptions/00000000-0000-0000-0000-000000000000/resourcegroups/cli_test_vmss_os_iamge_notification_000001/providers/Microsoft.Resources/deployments/mock-deployment?api-version=2022-09-01
  response:
    body:
      string: '{"id":"/subscriptions/00000000-0000-0000-0000-000000000000/resourceGroups/cli_test_vmss_os_iamge_notification_000001/providers/Microsoft.Resources/deployments/vmss_deploy_WO7VqV6zRFNtI16xAP2UHgKkhVvzvWlR","name":"vmss_deploy_WO7VqV6zRFNtI16xAP2UHgKkhVvzvWlR","type":"Microsoft.Resources/deployments","properties":{"templateHash":"5286212703624177482","parameters":{},"mode":"Incremental","provisioningState":"Succeeded","timestamp":"2024-08-26T09:52:25.9640181Z","duration":"PT47.6548655S","correlationId":"8672cfbe-f579-4036-8a21-5e33a5bcf198","providers":[{"namespace":"Microsoft.Network","resourceTypes":[{"resourceType":"virtualNetworks","locations":["westus"]},{"resourceType":"publicIPAddresses","locations":["westus"]},{"resourceType":"loadBalancers","locations":["westus"]},{"resourceType":"networkSecurityGroups","locations":["westus"]},{"resourceType":"loadBalancers/inboundNatRules","locations":["westus"]}]},{"namespace":"Microsoft.Compute","resourceTypes":[{"resourceType":"virtualMachineScaleSets","locations":["westus"]}]}],"dependencies":[{"dependsOn":[{"id":"/subscriptions/00000000-0000-0000-0000-000000000000/resourceGroups/cli_test_vmss_os_iamge_notification_000001/providers/Microsoft.Network/virtualNetworks/vmss000002VNET","resourceType":"Microsoft.Network/virtualNetworks","resourceName":"vmss000002VNET"},{"id":"/subscriptions/00000000-0000-0000-0000-000000000000/resourceGroups/cli_test_vmss_os_iamge_notification_000001/providers/Microsoft.Network/publicIPAddresses/vmss000002LBPublicIP","resourceType":"Microsoft.Network/publicIPAddresses","resourceName":"vmss000002LBPublicIP"}],"id":"/subscriptions/00000000-0000-0000-0000-000000000000/resourceGroups/cli_test_vmss_os_iamge_notification_000001/providers/Microsoft.Network/loadBalancers/vmss000002LB","resourceType":"Microsoft.Network/loadBalancers","resourceName":"vmss000002LB"},{"dependsOn":[{"id":"/subscriptions/00000000-0000-0000-0000-000000000000/resourceGroups/cli_test_vmss_os_iamge_notification_000001/providers/Microsoft.Network/loadBalancers/vmss000002LB","resourceType":"Microsoft.Network/loadBalancers","resourceName":"vmss000002LB"}],"id":"/subscriptions/00000000-0000-0000-0000-000000000000/resourceGroups/cli_test_vmss_os_iamge_notification_000001/providers/Microsoft.Network/loadBalancers/vmss000002LB/inboundNatRules/NatRule","resourceType":"Microsoft.Network/loadBalancers/inboundNatRules","resourceName":"vmss000002LB/NatRule"},{"dependsOn":[{"id":"/subscriptions/00000000-0000-0000-0000-000000000000/resourceGroups/cli_test_vmss_os_iamge_notification_000001/providers/Microsoft.Network/virtualNetworks/vmss000002VNET","resourceType":"Microsoft.Network/virtualNetworks","resourceName":"vmss000002VNET"},{"id":"/subscriptions/00000000-0000-0000-0000-000000000000/resourceGroups/cli_test_vmss_os_iamge_notification_000001/providers/Microsoft.Network/loadBalancers/vmss000002LB","resourceType":"Microsoft.Network/loadBalancers","resourceName":"vmss000002LB"},{"id":"/subscriptions/00000000-0000-0000-0000-000000000000/resourceGroups/cli_test_vmss_os_iamge_notification_000001/providers/Microsoft.Network/networkSecurityGroups/vmss000002NSG","resourceType":"Microsoft.Network/networkSecurityGroups","resourceName":"vmss000002NSG"}],"id":"/subscriptions/00000000-0000-0000-0000-000000000000/resourceGroups/cli_test_vmss_os_iamge_notification_000001/providers/Microsoft.Compute/virtualMachineScaleSets/vmss000002","resourceType":"Microsoft.Compute/virtualMachineScaleSets","resourceName":"vmss000002"}],"outputs":{"vmss":{"type":"Object","value":{"singlePlacementGroup":false,"orchestrationMode":"Flexible","upgradePolicy":{"mode":"Manual"},"virtualMachineProfile":{"osProfile":{"computerNamePrefix":"vmssqpz4","adminUsername":"v-jingszhang","linuxConfiguration":{"disablePasswordAuthentication":true,"ssh":{"publicKeys":[{"path":"/home/v-jingszhang/.ssh/authorized_keys","keyData":"ssh-rsa
        AAAAB3NzaC1yc2EAAAADAQABAAABAQCey0/ipz0OxUGA6xunJY5HdhvlsyRf2JdpnRaH0UU5KsAiajLq5HifCzJAEpRvWXIIYKSrqNi+hSmKRXiGJaHnK0dm0QO8YvM/Ab+MZUZ0L9VRznMoLsexTgDEC6QidxP5VYxXQwzgvbK1kn1J+7QTmd9JzV4Q83EEIZM5VGp7DwuUzhSuUN4LNJ9TnsCpjZwDIqIIGo9kLRLov+CfPb50o/768pa4W87a7FDJc74gvu/Qh7K05ztWNABlqYk5QsSkLWosN/vCaR+Nlh6EroTUw679G0MLj2WD/P0vLbiy1Xgf2oZ4Q5vLOQfoU2SWNkzzmfpdu3o9+VWNQppUZPyt"}]},"provisionVMAgent":true,"patchSettings":{"patchMode":"ImageDefault","assessmentMode":"ImageDefault"}},"secrets":[],"allowExtensionOperations":true,"requireGuestProvisionSignal":true},"storageProfile":{"osDisk":{"osType":"Linux","createOption":"FromImage","caching":"ReadWrite","managedDisk":{"storageAccountType":"Premium_LRS"},"deleteOption":"Delete","diskSizeGB":30},"imageReference":{"publisher":"Canonical","offer":"UbuntuServer","sku":"18.04-LTS","version":"latest"}},"networkProfile":{"networkApiVersion":"2020-11-01","networkInterfaceConfigurations":[{"name":"vmssq3487Nic","properties":{"primary":true,"disableTcpStateTracking":false,"enableIPForwarding":false,"auxiliaryMode":"None","auxiliarySku":"None","deleteOption":"Delete","ipConfigurations":[{"name":"vmssq3487IPConfig","properties":{"privateIPAddressVersion":"IPv4","subnet":{"id":"/subscriptions/00000000-0000-0000-0000-000000000000/resourceGroups/cli_test_vmss_os_iamge_notification_000001/providers/Microsoft.Network/virtualNetworks/vmss000002VNET/subnets/vmss000002Subnet"},"applicationSecurityGroups":[],"loadBalancerBackendAddressPools":[{"id":"/subscriptions/00000000-0000-0000-0000-000000000000/resourceGroups/cli_test_vmss_os_iamge_notification_000001/providers/Microsoft.Network/loadBalancers/vmss000002LB/backendAddressPools/vmss000002LBBEPool"}],"applicationGatewayBackendAddressPools":[]}}],"networkSecurityGroup":{"id":"/subscriptions/00000000-0000-0000-0000-000000000000/resourceGroups/cli_test_vmss_os_iamge_notification_000001/providers/Microsoft.Network/networkSecurityGroups/vmss000002NSG"},"dnsSettings":{"dnsServers":[]}}}]},"scheduledEventsProfile":{"osImageNotificationProfile":{"notBeforeTimeout":"PT15M","enable":true}},"timeCreated":"2024-08-26T09:51:48.3603048+00:00"},"provisioningState":"Succeeded","uniqueId":"9647b73a-0318-4ff6-b204-5e193971f394","platformFaultDomainCount":1,"constrainedMaximumCapacity":false,"timeCreated":"2024-08-26T09:51:48.3603048+00:00"}}},"outputResources":[{"id":"/subscriptions/00000000-0000-0000-0000-000000000000/resourceGroups/cli_test_vmss_os_iamge_notification_000001/providers/Microsoft.Compute/virtualMachineScaleSets/vmss000002"},{"id":"/subscriptions/00000000-0000-0000-0000-000000000000/resourceGroups/cli_test_vmss_os_iamge_notification_000001/providers/Microsoft.Network/loadBalancers/vmss000002LB"},{"id":"/subscriptions/00000000-0000-0000-0000-000000000000/resourceGroups/cli_test_vmss_os_iamge_notification_000001/providers/Microsoft.Network/loadBalancers/vmss000002LB/inboundNatRules/NatRule"},{"id":"/subscriptions/00000000-0000-0000-0000-000000000000/resourceGroups/cli_test_vmss_os_iamge_notification_000001/providers/Microsoft.Network/networkSecurityGroups/vmss000002NSG"},{"id":"/subscriptions/00000000-0000-0000-0000-000000000000/resourceGroups/cli_test_vmss_os_iamge_notification_000001/providers/Microsoft.Network/publicIPAddresses/vmss000002LBPublicIP"},{"id":"/subscriptions/00000000-0000-0000-0000-000000000000/resourceGroups/cli_test_vmss_os_iamge_notification_000001/providers/Microsoft.Network/virtualNetworks/vmss000002VNET"}]}}'
    headers:
      cache-control:
      - no-cache
      content-length:
      - '7346'
      content-type:
      - application/json; charset=utf-8
      date:
      - Mon, 26 Aug 2024 09:52:43 GMT
      expires:
      - '-1'
      pragma:
      - no-cache
      strict-transport-security:
      - max-age=31536000; includeSubDomains
      x-cache:
      - CONFIG_NOCACHE
      x-content-type-options:
      - nosniff
      x-ms-ratelimit-remaining-subscription-global-reads:
      - '3749'
      x-msedge-ref:
      - 'Ref A: CF555DB266EA44A1A79CF91598DC1EB1 Ref B: TYO201100117049 Ref C: 2024-08-26T09:52:43Z'
    status:
      code: 200
      message: OK
- request:
    body: null
    headers:
      Accept:
      - application/json
      Accept-Encoding:
      - gzip, deflate
      CommandName:
      - vmss update
      Connection:
      - keep-alive
      ParameterSetName:
      - -g -n --enable-osimage-notification
      User-Agent:
      - AZURECLI/2.63.0 azsdk-python-core/1.28.0 Python/3.10.11 (Windows-10-10.0.22631-SP0)
    method: GET
    uri: https://management.azure.com/subscriptions/00000000-0000-0000-0000-000000000000/resourceGroups/cli_test_vmss_os_iamge_notification_000001/providers/Microsoft.Compute/virtualMachineScaleSets/vmss000002?api-version=2024-07-01
  response:
    body:
      string: "{\r\n  \"name\": \"vmss000002\",\r\n  \"id\": \"/subscriptions/00000000-0000-0000-0000-000000000000/resourceGroups/cli_test_vmss_os_iamge_notification_000001/providers/Microsoft.Compute/virtualMachineScaleSets/vmss000002\"\
        ,\r\n  \"type\": \"Microsoft.Compute/virtualMachineScaleSets\",\r\n  \"location\"\
        : \"westus\",\r\n  \"tags\": {},\r\n  \"sku\": {\r\n    \"name\": \"Standard_DS1_v2\"\
        ,\r\n    \"tier\": \"Standard\",\r\n    \"capacity\": 2\r\n  },\r\n  \"etag\"\
        : \"\\\"1\\\"\",\r\n  \"properties\": {\r\n    \"singlePlacementGroup\": false,\r\
        \n    \"orchestrationMode\": \"Flexible\",\r\n    \"upgradePolicy\": {\r\n\
        \      \"mode\": \"Manual\"\r\n    },\r\n    \"virtualMachineProfile\": {\r\
        \n      \"osProfile\": {\r\n        \"computerNamePrefix\": \"vmssqpz4\",\r\
        \n        \"adminUsername\": \"v-jingszhang\",\r\n        \"linuxConfiguration\"\
        : {\r\n          \"disablePasswordAuthentication\": true,\r\n          \"\
        ssh\": {\r\n            \"publicKeys\": [\r\n              {\r\n         \
        \       \"path\": \"/home/v-jingszhang/.ssh/authorized_keys\",\r\n       \
        \         \"keyData\": \"ssh-rsa AAAAB3NzaC1yc2EAAAADAQABAAABAQCey0/ipz0OxUGA6xunJY5HdhvlsyRf2JdpnRaH0UU5KsAiajLq5HifCzJAEpRvWXIIYKSrqNi+hSmKRXiGJaHnK0dm0QO8YvM/Ab+MZUZ0L9VRznMoLsexTgDEC6QidxP5VYxXQwzgvbK1kn1J+7QTmd9JzV4Q83EEIZM5VGp7DwuUzhSuUN4LNJ9TnsCpjZwDIqIIGo9kLRLov+CfPb50o/768pa4W87a7FDJc74gvu/Qh7K05ztWNABlqYk5QsSkLWosN/vCaR+Nlh6EroTUw679G0MLj2WD/P0vLbiy1Xgf2oZ4Q5vLOQfoU2SWNkzzmfpdu3o9+VWNQppUZPyt\"\
        \r\n              }\r\n            ]\r\n          },\r\n          \"provisionVMAgent\"\
        : true,\r\n          \"patchSettings\": {\r\n            \"patchMode\": \"\
        ImageDefault\",\r\n            \"assessmentMode\": \"ImageDefault\"\r\n  \
        \        }\r\n        },\r\n        \"secrets\": [],\r\n        \"allowExtensionOperations\"\
        : true,\r\n        \"requireGuestProvisionSignal\": true\r\n      },\r\n \
        \     \"storageProfile\": {\r\n        \"osDisk\": {\r\n          \"osType\"\
        : \"Linux\",\r\n          \"createOption\": \"FromImage\",\r\n          \"\
        caching\": \"ReadWrite\",\r\n          \"managedDisk\": {\r\n            \"\
        storageAccountType\": \"Premium_LRS\"\r\n          },\r\n          \"deleteOption\"\
        : \"Delete\",\r\n          \"diskSizeGB\": 30\r\n        },\r\n        \"\
        imageReference\": {\r\n          \"publisher\": \"Canonical\",\r\n       \
        \   \"offer\": \"UbuntuServer\",\r\n          \"sku\": \"18.04-LTS\",\r\n\
        \          \"version\": \"latest\"\r\n        }\r\n      },\r\n      \"networkProfile\"\
        : {\"networkApiVersion\":\"2020-11-01\",\"networkInterfaceConfigurations\"\
        :[{\"name\":\"vmssq3487Nic\",\"properties\":{\"primary\":true,\"disableTcpStateTracking\"\
        :false,\"enableIPForwarding\":false,\"auxiliaryMode\":\"None\",\"auxiliarySku\"\
        :\"None\",\"deleteOption\":\"Delete\",\"ipConfigurations\":[{\"name\":\"vmssq3487IPConfig\"\
        ,\"properties\":{\"privateIPAddressVersion\":\"IPv4\",\"subnet\":{\"id\":\"\
        /subscriptions/00000000-0000-0000-0000-000000000000/resourceGroups/cli_test_vmss_os_iamge_notification_000001/providers/Microsoft.Network/virtualNetworks/vmss000002VNET/subnets/vmss000002Subnet\"\
        },\"applicationSecurityGroups\":[],\"loadBalancerBackendAddressPools\":[{\"\
        id\":\"/subscriptions/00000000-0000-0000-0000-000000000000/resourceGroups/cli_test_vmss_os_iamge_notification_000001/providers/Microsoft.Network/loadBalancers/vmss000002LB/backendAddressPools/vmss000002LBBEPool\"\
        }],\"applicationGatewayBackendAddressPools\":[]}}],\"networkSecurityGroup\"\
        :{\"id\":\"/subscriptions/00000000-0000-0000-0000-000000000000/resourceGroups/cli_test_vmss_os_iamge_notification_000001/providers/Microsoft.Network/networkSecurityGroups/vmss000002NSG\"\
        },\"dnsSettings\":{\"dnsServers\":[]}}}]},\r\n      \"scheduledEventsProfile\"\
        : {\r\n        \"osImageNotificationProfile\": {\r\n          \"notBeforeTimeout\"\
        : \"PT15M\",\r\n          \"enable\": true\r\n        }\r\n      },\r\n  \
        \    \"timeCreated\": \"2024-08-26T09:51:48.3603048+00:00\"\r\n    },\r\n\
        \    \"provisioningState\": \"Succeeded\",\r\n    \"uniqueId\": \"9647b73a-0318-4ff6-b204-5e193971f394\"\
        ,\r\n    \"platformFaultDomainCount\": 1,\r\n    \"constrainedMaximumCapacity\"\
        : false,\r\n    \"timeCreated\": \"2024-08-26T09:51:48.3603048+00:00\"\r\n\
        \  }\r\n}"
    headers:
      cache-control:
      - no-cache
      content-length:
      - '3807'
      content-type:
      - application/json; charset=utf-8
      date:
      - Mon, 26 Aug 2024 09:52:43 GMT
      etag:
      - '"1"'
      expires:
      - '-1'
      pragma:
      - no-cache
      strict-transport-security:
      - max-age=31536000; includeSubDomains
      x-cache:
      - CONFIG_NOCACHE
      x-content-type-options:
      - nosniff
      x-ms-ratelimit-remaining-resource:
      - Microsoft.Compute/GetVMScaleSetSubscriptionMaximum;2394,Microsoft.Compute/GetVMScaleSetResource;32
      x-ms-ratelimit-remaining-subscription-global-reads:
      - '3748'
      x-msedge-ref:
      - 'Ref A: CA046429C03842F28987CDEB24CF078D Ref B: TYO201100115049 Ref C: 2024-08-26T09:52:44Z'
    status:
      code: 200
      message: ''
- request:
    body: '{"location": "westus", "tags": {}, "sku": {"name": "Standard_DS1_v2", "tier":
      "Standard", "capacity": 2}, "properties": {"upgradePolicy": {"mode": "Manual"},
      "virtualMachineProfile": {"osProfile": {"computerNamePrefix": "vmssqpz4", "adminUsername":
      "v-jingszhang", "linuxConfiguration": {"disablePasswordAuthentication": true,
      "ssh": {"publicKeys": [{"path": "/home/v-jingszhang/.ssh/authorized_keys", "keyData":
      "ssh-rsa AAAAB3NzaC1yc2EAAAADAQABAAABAQCey0/ipz0OxUGA6xunJY5HdhvlsyRf2JdpnRaH0UU5KsAiajLq5HifCzJAEpRvWXIIYKSrqNi+hSmKRXiGJaHnK0dm0QO8YvM/Ab+MZUZ0L9VRznMoLsexTgDEC6QidxP5VYxXQwzgvbK1kn1J+7QTmd9JzV4Q83EEIZM5VGp7DwuUzhSuUN4LNJ9TnsCpjZwDIqIIGo9kLRLov+CfPb50o/768pa4W87a7FDJc74gvu/Qh7K05ztWNABlqYk5QsSkLWosN/vCaR+Nlh6EroTUw679G0MLj2WD/P0vLbiy1Xgf2oZ4Q5vLOQfoU2SWNkzzmfpdu3o9+VWNQppUZPyt"}]},
      "provisionVMAgent": true, "patchSettings": {"patchMode": "ImageDefault", "assessmentMode":
      "ImageDefault"}}, "secrets": [], "allowExtensionOperations": true, "requireGuestProvisionSignal":
      true}, "storageProfile": {"osDisk": {"caching": "ReadWrite", "createOption":
      "FromImage", "diskSizeGB": 30, "osType": "Linux", "managedDisk": {"storageAccountType":
      "Premium_LRS"}, "deleteOption": "Delete"}}, "networkProfile": {"networkInterfaceConfigurations":
      [{"name": "vmssq3487Nic", "properties": {"primary": true, "disableTcpStateTracking":
      false, "networkSecurityGroup": {"id": "/subscriptions/00000000-0000-0000-0000-000000000000/resourceGroups/cli_test_vmss_os_iamge_notification_000001/providers/Microsoft.Network/networkSecurityGroups/vmss000002NSG"},
      "dnsSettings": {"dnsServers": []}, "ipConfigurations": [{"name": "vmssq3487IPConfig",
      "properties": {"subnet": {"id": "/subscriptions/00000000-0000-0000-0000-000000000000/resourceGroups/cli_test_vmss_os_iamge_notification_000001/providers/Microsoft.Network/virtualNetworks/vmss000002VNET/subnets/vmss000002Subnet"},
      "privateIPAddressVersion": "IPv4", "applicationGatewayBackendAddressPools":
      [], "applicationSecurityGroups": [], "loadBalancerBackendAddressPools": [{"id":
      "/subscriptions/00000000-0000-0000-0000-000000000000/resourceGroups/cli_test_vmss_os_iamge_notification_000001/providers/Microsoft.Network/loadBalancers/vmss000002LB/backendAddressPools/vmss000002LBBEPool"}]}}],
      "enableIPForwarding": false, "deleteOption": "Delete", "auxiliaryMode": "None",
      "auxiliarySku": "None"}}], "networkApiVersion": "2020-11-01"}, "scheduledEventsProfile":
      {"osImageNotificationProfile": {"enable": false}}}, "singlePlacementGroup":
      false, "platformFaultDomainCount": 1, "orchestrationMode": "Flexible", "constrainedMaximumCapacity":
      false}}'
    headers:
      Accept:
      - application/json
      Accept-Encoding:
      - gzip, deflate
      CommandName:
      - vmss update
      Connection:
      - keep-alive
      Content-Length:
      - '2589'
      Content-Type:
      - application/json
      ParameterSetName:
      - -g -n --enable-osimage-notification
      User-Agent:
      - AZURECLI/2.63.0 azsdk-python-core/1.28.0 Python/3.10.11 (Windows-10-10.0.22631-SP0)
    method: PUT
    uri: https://management.azure.com/subscriptions/00000000-0000-0000-0000-000000000000/resourceGroups/cli_test_vmss_os_iamge_notification_000001/providers/Microsoft.Compute/virtualMachineScaleSets/vmss000002?api-version=2024-07-01
  response:
    body:
      string: "{\r\n  \"name\": \"vmss000002\",\r\n  \"id\": \"/subscriptions/00000000-0000-0000-0000-000000000000/resourceGroups/cli_test_vmss_os_iamge_notification_000001/providers/Microsoft.Compute/virtualMachineScaleSets/vmss000002\"\
        ,\r\n  \"type\": \"Microsoft.Compute/virtualMachineScaleSets\",\r\n  \"location\"\
        : \"westus\",\r\n  \"tags\": {},\r\n  \"sku\": {\r\n    \"name\": \"Standard_DS1_v2\"\
        ,\r\n    \"tier\": \"Standard\",\r\n    \"capacity\": 2\r\n  },\r\n  \"etag\"\
        : \"\\\"2\\\"\",\r\n  \"properties\": {\r\n    \"singlePlacementGroup\": false,\r\
        \n    \"orchestrationMode\": \"Flexible\",\r\n    \"upgradePolicy\": {\r\n\
        \      \"mode\": \"Manual\"\r\n    },\r\n    \"virtualMachineProfile\": {\r\
        \n      \"osProfile\": {\r\n        \"computerNamePrefix\": \"vmssqpz4\",\r\
        \n        \"adminUsername\": \"v-jingszhang\",\r\n        \"linuxConfiguration\"\
        : {\r\n          \"disablePasswordAuthentication\": true,\r\n          \"\
        ssh\": {\r\n            \"publicKeys\": [\r\n              {\r\n         \
        \       \"path\": \"/home/v-jingszhang/.ssh/authorized_keys\",\r\n       \
        \         \"keyData\": \"ssh-rsa AAAAB3NzaC1yc2EAAAADAQABAAABAQCey0/ipz0OxUGA6xunJY5HdhvlsyRf2JdpnRaH0UU5KsAiajLq5HifCzJAEpRvWXIIYKSrqNi+hSmKRXiGJaHnK0dm0QO8YvM/Ab+MZUZ0L9VRznMoLsexTgDEC6QidxP5VYxXQwzgvbK1kn1J+7QTmd9JzV4Q83EEIZM5VGp7DwuUzhSuUN4LNJ9TnsCpjZwDIqIIGo9kLRLov+CfPb50o/768pa4W87a7FDJc74gvu/Qh7K05ztWNABlqYk5QsSkLWosN/vCaR+Nlh6EroTUw679G0MLj2WD/P0vLbiy1Xgf2oZ4Q5vLOQfoU2SWNkzzmfpdu3o9+VWNQppUZPyt\"\
        \r\n              }\r\n            ]\r\n          },\r\n          \"provisionVMAgent\"\
        : true,\r\n          \"patchSettings\": {\r\n            \"patchMode\": \"\
        ImageDefault\",\r\n            \"assessmentMode\": \"ImageDefault\"\r\n  \
        \        }\r\n        },\r\n        \"secrets\": [],\r\n        \"allowExtensionOperations\"\
        : true,\r\n        \"requireGuestProvisionSignal\": true\r\n      },\r\n \
        \     \"storageProfile\": {\r\n        \"osDisk\": {\r\n          \"osType\"\
        : \"Linux\",\r\n          \"createOption\": \"FromImage\",\r\n          \"\
        caching\": \"ReadWrite\",\r\n          \"managedDisk\": {\r\n            \"\
        storageAccountType\": \"Premium_LRS\"\r\n          },\r\n          \"deleteOption\"\
        : \"Delete\",\r\n          \"diskSizeGB\": 30\r\n        },\r\n        \"\
        imageReference\": {\r\n          \"publisher\": \"Canonical\",\r\n       \
        \   \"offer\": \"UbuntuServer\",\r\n          \"sku\": \"18.04-LTS\",\r\n\
        \          \"version\": \"latest\"\r\n        }\r\n      },\r\n      \"networkProfile\"\
        : {\"networkApiVersion\":\"2020-11-01\",\"networkInterfaceConfigurations\"\
        :[{\"name\":\"vmssq3487Nic\",\"properties\":{\"primary\":true,\"disableTcpStateTracking\"\
        :false,\"enableIPForwarding\":false,\"auxiliaryMode\":\"None\",\"auxiliarySku\"\
        :\"None\",\"deleteOption\":\"Delete\",\"ipConfigurations\":[{\"name\":\"vmssq3487IPConfig\"\
        ,\"properties\":{\"privateIPAddressVersion\":\"IPv4\",\"subnet\":{\"id\":\"\
        /subscriptions/00000000-0000-0000-0000-000000000000/resourceGroups/cli_test_vmss_os_iamge_notification_000001/providers/Microsoft.Network/virtualNetworks/vmss000002VNET/subnets/vmss000002Subnet\"\
        },\"applicationSecurityGroups\":[],\"loadBalancerBackendAddressPools\":[{\"\
        id\":\"/subscriptions/00000000-0000-0000-0000-000000000000/resourceGroups/cli_test_vmss_os_iamge_notification_000001/providers/Microsoft.Network/loadBalancers/vmss000002LB/backendAddressPools/vmss000002LBBEPool\"\
        }],\"applicationGatewayBackendAddressPools\":[]}}],\"networkSecurityGroup\"\
        :{\"id\":\"/subscriptions/00000000-0000-0000-0000-000000000000/resourceGroups/cli_test_vmss_os_iamge_notification_000001/providers/Microsoft.Network/networkSecurityGroups/vmss000002NSG\"\
        },\"dnsSettings\":{\"dnsServers\":[]}}}]},\r\n      \"scheduledEventsProfile\"\
        : {},\r\n      \"timeCreated\": \"2024-08-26T09:52:50.3770216+00:00\"\r\n\
        \    },\r\n    \"provisioningState\": \"Updating\",\r\n    \"uniqueId\": \"\
        9647b73a-0318-4ff6-b204-5e193971f394\",\r\n    \"platformFaultDomainCount\"\
        : 1,\r\n    \"constrainedMaximumCapacity\": false,\r\n    \"timeCreated\"\
        : \"2024-08-26T09:51:48.3603048+00:00\"\r\n  }\r\n}"
    headers:
      azure-asyncnotification:
      - Enabled
      azure-asyncoperation:
      - https://management.azure.com/subscriptions/00000000-0000-0000-0000-000000000000/providers/Microsoft.Compute/locations/westus/operations/854c982d-c13b-49d1-90f8-3faee41d3051?p=571046f6-b640-41c1-86f7-f9f044b5adf9&api-version=2024-07-01&t=638602627707720456&c=MIIHhzCCBm-gAwIBAgITHgTLf2Bo2ctQx42TXQAABMt_YDANBgkqhkiG9w0BAQsFADBEMRMwEQYKCZImiZPyLGQBGRYDR0JMMRMwEQYKCZImiZPyLGQBGRYDQU1FMRgwFgYDVQQDEw9BTUUgSW5mcmEgQ0EgMDYwHhcNMjQwNjI0MTExMDUyWhcNMjUwNjE5MTExMDUyWjBAMT4wPAYDVQQDEzVhc3luY29wZXJhdGlvbnNpZ25pbmdjZXJ0aWZpY2F0ZS5tYW5hZ2VtZW50LmF6dXJlLmNvbTCCASIwDQYJKoZIhvcNAQEBBQADggEPADCCAQoCggEBAJlnrj2pdevN1SIOk4Ymmo6b0y9Je4RZXWejQSMTCH35NFEHss9bBD2CGcY3xU4F2W7onMR_2J9BMUNk3BAub3AoLlqVrcx5dzI0ay_5toyOhu-L1pN7aSQdp7J-LzA-UW_CLp2D_65mjx1ZER-HWOV5QedBCvUwhqtSal8AbzrK5Qth8tntkg5tzjChuGo9vkh1pnXKQyYHQMdulCipi-EK8sPOQpZyiVIRujiHxTJMjdxz4gCG4rAFAK8_jK4UC73mwHm7BAlfbfkkZtxW5sVSGLrYwFPkNIDtNGoINbTjOqTmJR02AYrzu-AeRS1DP-HxtHci9UFjOurKjaUYhTUCAwEAAaOCBHQwggRwMCcGCSsGAQQBgjcVCgQaMBgwCgYIKwYBBQUHAwEwCgYIKwYBBQUHAwIwPQYJKwYBBAGCNxUHBDAwLgYmKwYBBAGCNxUIhpDjDYTVtHiE8Ys-hZvdFs6dEoFggvX2K4Py0SACAWQCAQowggHLBggrBgEFBQcBAQSCAb0wggG5MGMGCCsGAQUFBzAChldodHRwOi8vY3JsLm1pY3Jvc29mdC5jb20vcGtpaW5mcmEvQ2VydHMvQkwyUEtJSU5UQ0EwMi5BTUUuR0JMX0FNRSUyMEluZnJhJTIwQ0ElMjAwNi5jcnQwUwYIKwYBBQUHMAKGR2h0dHA6Ly9jcmwxLmFtZS5nYmwvYWlhL0JMMlBLSUlOVENBMDIuQU1FLkdCTF9BTUUlMjBJbmZyYSUyMENBJTIwMDYuY3J0MFMGCCsGAQUFBzAChkdodHRwOi8vY3JsMi5hbWUuZ2JsL2FpYS9CTDJQS0lJTlRDQTAyLkFNRS5HQkxfQU1FJTIwSW5mcmElMjBDQSUyMDA2LmNydDBTBggrBgEFBQcwAoZHaHR0cDovL2NybDMuYW1lLmdibC9haWEvQkwyUEtJSU5UQ0EwMi5BTUUuR0JMX0FNRSUyMEluZnJhJTIwQ0ElMjAwNi5jcnQwUwYIKwYBBQUHMAKGR2h0dHA6Ly9jcmw0LmFtZS5nYmwvYWlhL0JMMlBLSUlOVENBMDIuQU1FLkdCTF9BTUUlMjBJbmZyYSUyMENBJTIwMDYuY3J0MB0GA1UdDgQWBBTxZpd7aM59MC90B8etCBMRpcVJhTAOBgNVHQ8BAf8EBAMCBaAwggEmBgNVHR8EggEdMIIBGTCCARWgggERoIIBDYY_aHR0cDovL2NybC5taWNyb3NvZnQuY29tL3BraWluZnJhL0NSTC9BTUUlMjBJbmZyYSUyMENBJTIwMDYuY3JshjFodHRwOi8vY3JsMS5hbWUuZ2JsL2NybC9BTUUlMjBJbmZyYSUyMENBJTIwMDYuY3JshjFodHRwOi8vY3JsMi5hbWUuZ2JsL2NybC9BTUUlMjBJbmZyYSUyMENBJTIwMDYuY3JshjFodHRwOi8vY3JsMy5hbWUuZ2JsL2NybC9BTUUlMjBJbmZyYSUyMENBJTIwMDYuY3JshjFodHRwOi8vY3JsNC5hbWUuZ2JsL2NybC9BTUUlMjBJbmZyYSUyMENBJTIwMDYuY3JsMIGdBgNVHSAEgZUwgZIwDAYKKwYBBAGCN3sBATBmBgorBgEEAYI3ewICMFgwVgYIKwYBBQUHAgIwSh5IADMAMwBlADAAMQA5ADIAMQAtADQAZAA2ADQALQA0AGYAOABjAC0AYQAwADUANQAtADUAYgBkAGEAZgBmAGQANQBlADMAMwBkMAwGCisGAQQBgjd7AwEwDAYKKwYBBAGCN3sEATAfBgNVHSMEGDAWgBTxRmjG8cPwKy19i2rhsvm-NfzRQTAdBgNVHSUEFjAUBggrBgEFBQcDAQYIKwYBBQUHAwIwDQYJKoZIhvcNAQELBQADggEBAHAEnYrjKwIEeZD6k6Jnduw9QE83ye3e6yI36Y6jc5gavwpltarWjUevLWA6bzqnIMEbxZot_oo7GgSjb9hcbtTWjf_cW7PWDbQSC5WExVS4rTM5XJOQlXIeguIDWoXNGCzJBnYfUfUEfW8ZdjPKbJ7_7OQo_y-DgeRynB9KRCkpH4wZ1X5EQR-13kZvzXCVNpw1yiAELFyVScpLMqfm5iM9nMEMU7Og9hgeUL4q7EwPPbvn6qRq4ehK7ctlmEItOmMlgtNqT3IRhFnMIIsqnZu7BTfLyXR_8geMDnVJlhUXkb73ZpHNIBaoXmHwLpUQLBwoqG0ME1rP1_9UfVhYmNs&s=PTJcZjUAdydxPzp85bJ_lQEQ76b91iCDZQPfMC6m6cf2O9xbGNQ44ciZANzkAD7d4JwHQpq6zpomd78rsJ4CCK9BTrT5vASJDCB1gnr_88PQFhQKY62oQ5vBN_YAaCFh5TWkgraZBRZaR1Nkn8lgnGEQ5Ir-1MWIFKabp6woFqwDGGXi0ZTfEkBmYzYJX-qhu2NyZ5ErLheekMB8G3TwsTGqqg8kNcrzs9buBR1XPmVJV0CihZmvLc-kwfh_1w2whR6nYaEEKrEJLitgMQNHoubEpzzRyIaZz6K9iJDYXI-9EzlApY1ucVhw0eesDx2qOmnlzRn_5pkcVs-DT_H7yA&h=4Zg_MSZ7vhmJP_4irh85Xm_0GdqfVs38QN9hJBtSDVc
      cache-control:
      - no-cache
      content-length:
      - '3680'
      content-type:
      - application/json; charset=utf-8
      date:
      - Mon, 26 Aug 2024 09:52:50 GMT
      etag:
      - '"2"'
      expires:
      - '-1'
      pragma:
      - no-cache
      strict-transport-security:
      - max-age=31536000; includeSubDomains
      x-cache:
      - CONFIG_NOCACHE
      x-content-type-options:
      - nosniff
      x-ms-ratelimit-remaining-resource:
      - Microsoft.Compute/CreateVMScaleSetSubscriptionMaximum;374,Microsoft.Compute/CreateVMScaleSetResource;11
      x-ms-ratelimit-remaining-subscription-global-writes:
      - '2999'
      x-ms-ratelimit-remaining-subscription-writes:
      - '199'
      x-msedge-ref:
      - 'Ref A: 1B25FFEF8C8A4935B0DEA201F09B6C1A Ref B: TYO201151003062 Ref C: 2024-08-26T09:52:45Z'
    status:
      code: 200
      message: ''
- request:
    body: null
    headers:
      Accept:
      - '*/*'
      Accept-Encoding:
      - gzip, deflate
      CommandName:
      - vmss update
      Connection:
      - keep-alive
      ParameterSetName:
      - -g -n --enable-osimage-notification
      User-Agent:
      - AZURECLI/2.63.0 azsdk-python-core/1.28.0 Python/3.10.11 (Windows-10-10.0.22631-SP0)
    method: GET
    uri: https://management.azure.com/subscriptions/00000000-0000-0000-0000-000000000000/providers/Microsoft.Compute/locations/westus/operations/854c982d-c13b-49d1-90f8-3faee41d3051?p=571046f6-b640-41c1-86f7-f9f044b5adf9&api-version=2024-07-01&t=638602627707720456&c=MIIHhzCCBm-gAwIBAgITHgTLf2Bo2ctQx42TXQAABMt_YDANBgkqhkiG9w0BAQsFADBEMRMwEQYKCZImiZPyLGQBGRYDR0JMMRMwEQYKCZImiZPyLGQBGRYDQU1FMRgwFgYDVQQDEw9BTUUgSW5mcmEgQ0EgMDYwHhcNMjQwNjI0MTExMDUyWhcNMjUwNjE5MTExMDUyWjBAMT4wPAYDVQQDEzVhc3luY29wZXJhdGlvbnNpZ25pbmdjZXJ0aWZpY2F0ZS5tYW5hZ2VtZW50LmF6dXJlLmNvbTCCASIwDQYJKoZIhvcNAQEBBQADggEPADCCAQoCggEBAJlnrj2pdevN1SIOk4Ymmo6b0y9Je4RZXWejQSMTCH35NFEHss9bBD2CGcY3xU4F2W7onMR_2J9BMUNk3BAub3AoLlqVrcx5dzI0ay_5toyOhu-L1pN7aSQdp7J-LzA-UW_CLp2D_65mjx1ZER-HWOV5QedBCvUwhqtSal8AbzrK5Qth8tntkg5tzjChuGo9vkh1pnXKQyYHQMdulCipi-EK8sPOQpZyiVIRujiHxTJMjdxz4gCG4rAFAK8_jK4UC73mwHm7BAlfbfkkZtxW5sVSGLrYwFPkNIDtNGoINbTjOqTmJR02AYrzu-AeRS1DP-HxtHci9UFjOurKjaUYhTUCAwEAAaOCBHQwggRwMCcGCSsGAQQBgjcVCgQaMBgwCgYIKwYBBQUHAwEwCgYIKwYBBQUHAwIwPQYJKwYBBAGCNxUHBDAwLgYmKwYBBAGCNxUIhpDjDYTVtHiE8Ys-hZvdFs6dEoFggvX2K4Py0SACAWQCAQowggHLBggrBgEFBQcBAQSCAb0wggG5MGMGCCsGAQUFBzAChldodHRwOi8vY3JsLm1pY3Jvc29mdC5jb20vcGtpaW5mcmEvQ2VydHMvQkwyUEtJSU5UQ0EwMi5BTUUuR0JMX0FNRSUyMEluZnJhJTIwQ0ElMjAwNi5jcnQwUwYIKwYBBQUHMAKGR2h0dHA6Ly9jcmwxLmFtZS5nYmwvYWlhL0JMMlBLSUlOVENBMDIuQU1FLkdCTF9BTUUlMjBJbmZyYSUyMENBJTIwMDYuY3J0MFMGCCsGAQUFBzAChkdodHRwOi8vY3JsMi5hbWUuZ2JsL2FpYS9CTDJQS0lJTlRDQTAyLkFNRS5HQkxfQU1FJTIwSW5mcmElMjBDQSUyMDA2LmNydDBTBggrBgEFBQcwAoZHaHR0cDovL2NybDMuYW1lLmdibC9haWEvQkwyUEtJSU5UQ0EwMi5BTUUuR0JMX0FNRSUyMEluZnJhJTIwQ0ElMjAwNi5jcnQwUwYIKwYBBQUHMAKGR2h0dHA6Ly9jcmw0LmFtZS5nYmwvYWlhL0JMMlBLSUlOVENBMDIuQU1FLkdCTF9BTUUlMjBJbmZyYSUyMENBJTIwMDYuY3J0MB0GA1UdDgQWBBTxZpd7aM59MC90B8etCBMRpcVJhTAOBgNVHQ8BAf8EBAMCBaAwggEmBgNVHR8EggEdMIIBGTCCARWgggERoIIBDYY_aHR0cDovL2NybC5taWNyb3NvZnQuY29tL3BraWluZnJhL0NSTC9BTUUlMjBJbmZyYSUyMENBJTIwMDYuY3JshjFodHRwOi8vY3JsMS5hbWUuZ2JsL2NybC9BTUUlMjBJbmZyYSUyMENBJTIwMDYuY3JshjFodHRwOi8vY3JsMi5hbWUuZ2JsL2NybC9BTUUlMjBJbmZyYSUyMENBJTIwMDYuY3JshjFodHRwOi8vY3JsMy5hbWUuZ2JsL2NybC9BTUUlMjBJbmZyYSUyMENBJTIwMDYuY3JshjFodHRwOi8vY3JsNC5hbWUuZ2JsL2NybC9BTUUlMjBJbmZyYSUyMENBJTIwMDYuY3JsMIGdBgNVHSAEgZUwgZIwDAYKKwYBBAGCN3sBATBmBgorBgEEAYI3ewICMFgwVgYIKwYBBQUHAgIwSh5IADMAMwBlADAAMQA5ADIAMQAtADQAZAA2ADQALQA0AGYAOABjAC0AYQAwADUANQAtADUAYgBkAGEAZgBmAGQANQBlADMAMwBkMAwGCisGAQQBgjd7AwEwDAYKKwYBBAGCN3sEATAfBgNVHSMEGDAWgBTxRmjG8cPwKy19i2rhsvm-NfzRQTAdBgNVHSUEFjAUBggrBgEFBQcDAQYIKwYBBQUHAwIwDQYJKoZIhvcNAQELBQADggEBAHAEnYrjKwIEeZD6k6Jnduw9QE83ye3e6yI36Y6jc5gavwpltarWjUevLWA6bzqnIMEbxZot_oo7GgSjb9hcbtTWjf_cW7PWDbQSC5WExVS4rTM5XJOQlXIeguIDWoXNGCzJBnYfUfUEfW8ZdjPKbJ7_7OQo_y-DgeRynB9KRCkpH4wZ1X5EQR-13kZvzXCVNpw1yiAELFyVScpLMqfm5iM9nMEMU7Og9hgeUL4q7EwPPbvn6qRq4ehK7ctlmEItOmMlgtNqT3IRhFnMIIsqnZu7BTfLyXR_8geMDnVJlhUXkb73ZpHNIBaoXmHwLpUQLBwoqG0ME1rP1_9UfVhYmNs&s=PTJcZjUAdydxPzp85bJ_lQEQ76b91iCDZQPfMC6m6cf2O9xbGNQ44ciZANzkAD7d4JwHQpq6zpomd78rsJ4CCK9BTrT5vASJDCB1gnr_88PQFhQKY62oQ5vBN_YAaCFh5TWkgraZBRZaR1Nkn8lgnGEQ5Ir-1MWIFKabp6woFqwDGGXi0ZTfEkBmYzYJX-qhu2NyZ5ErLheekMB8G3TwsTGqqg8kNcrzs9buBR1XPmVJV0CihZmvLc-kwfh_1w2whR6nYaEEKrEJLitgMQNHoubEpzzRyIaZz6K9iJDYXI-9EzlApY1ucVhw0eesDx2qOmnlzRn_5pkcVs-DT_H7yA&h=4Zg_MSZ7vhmJP_4irh85Xm_0GdqfVs38QN9hJBtSDVc
  response:
    body:
      string: "{\r\n  \"startTime\": \"2024-08-26T09:52:50.3770216+00:00\",\r\n  \"\
        endTime\": \"2024-08-26T09:52:50.4238977+00:00\",\r\n  \"status\": \"Succeeded\"\
        ,\r\n  \"name\": \"854c982d-c13b-49d1-90f8-3faee41d3051\"\r\n}"
    headers:
      cache-control:
      - no-cache
      content-length:
      - '184'
      content-type:
      - application/json; charset=utf-8
      date:
      - Mon, 26 Aug 2024 09:52:50 GMT
      expires:
      - '-1'
      pragma:
      - no-cache
      strict-transport-security:
      - max-age=31536000; includeSubDomains
      x-cache:
      - CONFIG_NOCACHE
      x-content-type-options:
      - nosniff
      x-ms-ratelimit-remaining-resource:
      - Microsoft.Compute/GetOperationResource;44,Microsoft.Compute/GetOperationSubscriptionMaximum;14995
      x-ms-ratelimit-remaining-subscription-global-reads:
      - '3749'
      x-msedge-ref:
      - 'Ref A: 067BD4106FF54C33A88E4B09AB3F8036 Ref B: TYO201151003062 Ref C: 2024-08-26T09:52:50Z'
    status:
      code: 200
      message: ''
- request:
    body: null
    headers:
      Accept:
      - '*/*'
      Accept-Encoding:
      - gzip, deflate
      CommandName:
      - vmss update
      Connection:
      - keep-alive
      ParameterSetName:
      - -g -n --enable-osimage-notification
      User-Agent:
      - AZURECLI/2.63.0 azsdk-python-core/1.28.0 Python/3.10.11 (Windows-10-10.0.22631-SP0)
    method: GET
    uri: https://management.azure.com/subscriptions/00000000-0000-0000-0000-000000000000/resourceGroups/cli_test_vmss_os_iamge_notification_000001/providers/Microsoft.Compute/virtualMachineScaleSets/vmss000002?api-version=2024-07-01
  response:
    body:
      string: "{\r\n  \"name\": \"vmss000002\",\r\n  \"id\": \"/subscriptions/00000000-0000-0000-0000-000000000000/resourceGroups/cli_test_vmss_os_iamge_notification_000001/providers/Microsoft.Compute/virtualMachineScaleSets/vmss000002\"\
        ,\r\n  \"type\": \"Microsoft.Compute/virtualMachineScaleSets\",\r\n  \"location\"\
        : \"westus\",\r\n  \"tags\": {},\r\n  \"sku\": {\r\n    \"name\": \"Standard_DS1_v2\"\
        ,\r\n    \"tier\": \"Standard\",\r\n    \"capacity\": 2\r\n  },\r\n  \"etag\"\
        : \"\\\"2\\\"\",\r\n  \"properties\": {\r\n    \"singlePlacementGroup\": false,\r\
        \n    \"orchestrationMode\": \"Flexible\",\r\n    \"upgradePolicy\": {\r\n\
        \      \"mode\": \"Manual\"\r\n    },\r\n    \"virtualMachineProfile\": {\r\
        \n      \"osProfile\": {\r\n        \"computerNamePrefix\": \"vmssqpz4\",\r\
        \n        \"adminUsername\": \"v-jingszhang\",\r\n        \"linuxConfiguration\"\
        : {\r\n          \"disablePasswordAuthentication\": true,\r\n          \"\
        ssh\": {\r\n            \"publicKeys\": [\r\n              {\r\n         \
        \       \"path\": \"/home/v-jingszhang/.ssh/authorized_keys\",\r\n       \
        \         \"keyData\": \"ssh-rsa AAAAB3NzaC1yc2EAAAADAQABAAABAQCey0/ipz0OxUGA6xunJY5HdhvlsyRf2JdpnRaH0UU5KsAiajLq5HifCzJAEpRvWXIIYKSrqNi+hSmKRXiGJaHnK0dm0QO8YvM/Ab+MZUZ0L9VRznMoLsexTgDEC6QidxP5VYxXQwzgvbK1kn1J+7QTmd9JzV4Q83EEIZM5VGp7DwuUzhSuUN4LNJ9TnsCpjZwDIqIIGo9kLRLov+CfPb50o/768pa4W87a7FDJc74gvu/Qh7K05ztWNABlqYk5QsSkLWosN/vCaR+Nlh6EroTUw679G0MLj2WD/P0vLbiy1Xgf2oZ4Q5vLOQfoU2SWNkzzmfpdu3o9+VWNQppUZPyt\"\
        \r\n              }\r\n            ]\r\n          },\r\n          \"provisionVMAgent\"\
        : true,\r\n          \"patchSettings\": {\r\n            \"patchMode\": \"\
        ImageDefault\",\r\n            \"assessmentMode\": \"ImageDefault\"\r\n  \
        \        }\r\n        },\r\n        \"secrets\": [],\r\n        \"allowExtensionOperations\"\
        : true,\r\n        \"requireGuestProvisionSignal\": true\r\n      },\r\n \
        \     \"storageProfile\": {\r\n        \"osDisk\": {\r\n          \"osType\"\
        : \"Linux\",\r\n          \"createOption\": \"FromImage\",\r\n          \"\
        caching\": \"ReadWrite\",\r\n          \"managedDisk\": {\r\n            \"\
        storageAccountType\": \"Premium_LRS\"\r\n          },\r\n          \"deleteOption\"\
        : \"Delete\",\r\n          \"diskSizeGB\": 30\r\n        },\r\n        \"\
        imageReference\": {\r\n          \"publisher\": \"Canonical\",\r\n       \
        \   \"offer\": \"UbuntuServer\",\r\n          \"sku\": \"18.04-LTS\",\r\n\
        \          \"version\": \"latest\"\r\n        }\r\n      },\r\n      \"networkProfile\"\
        : {\"networkApiVersion\":\"2020-11-01\",\"networkInterfaceConfigurations\"\
        :[{\"name\":\"vmssq3487Nic\",\"properties\":{\"primary\":true,\"disableTcpStateTracking\"\
        :false,\"enableIPForwarding\":false,\"auxiliaryMode\":\"None\",\"auxiliarySku\"\
        :\"None\",\"deleteOption\":\"Delete\",\"ipConfigurations\":[{\"name\":\"vmssq3487IPConfig\"\
        ,\"properties\":{\"privateIPAddressVersion\":\"IPv4\",\"subnet\":{\"id\":\"\
        /subscriptions/00000000-0000-0000-0000-000000000000/resourceGroups/cli_test_vmss_os_iamge_notification_000001/providers/Microsoft.Network/virtualNetworks/vmss000002VNET/subnets/vmss000002Subnet\"\
        },\"applicationSecurityGroups\":[],\"loadBalancerBackendAddressPools\":[{\"\
        id\":\"/subscriptions/00000000-0000-0000-0000-000000000000/resourceGroups/cli_test_vmss_os_iamge_notification_000001/providers/Microsoft.Network/loadBalancers/vmss000002LB/backendAddressPools/vmss000002LBBEPool\"\
        }],\"applicationGatewayBackendAddressPools\":[]}}],\"networkSecurityGroup\"\
        :{\"id\":\"/subscriptions/00000000-0000-0000-0000-000000000000/resourceGroups/cli_test_vmss_os_iamge_notification_000001/providers/Microsoft.Network/networkSecurityGroups/vmss000002NSG\"\
        },\"dnsSettings\":{\"dnsServers\":[]}}}]},\r\n      \"scheduledEventsProfile\"\
        : {},\r\n      \"timeCreated\": \"2024-08-26T09:52:50.3770216+00:00\"\r\n\
        \    },\r\n    \"provisioningState\": \"Succeeded\",\r\n    \"uniqueId\":\
        \ \"9647b73a-0318-4ff6-b204-5e193971f394\",\r\n    \"platformFaultDomainCount\"\
        : 1,\r\n    \"constrainedMaximumCapacity\": false,\r\n    \"timeCreated\"\
        : \"2024-08-26T09:51:48.3603048+00:00\"\r\n  }\r\n}"
    headers:
      cache-control:
      - no-cache
      content-length:
      - '3681'
      content-type:
      - application/json; charset=utf-8
      date:
      - Mon, 26 Aug 2024 09:52:50 GMT
      etag:
      - '"2"'
      expires:
      - '-1'
      pragma:
      - no-cache
      strict-transport-security:
      - max-age=31536000; includeSubDomains
      x-cache:
      - CONFIG_NOCACHE
      x-content-type-options:
      - nosniff
      x-ms-ratelimit-remaining-resource:
      - Microsoft.Compute/GetVMScaleSetSubscriptionMaximum;2391,Microsoft.Compute/GetVMScaleSetResource;30
      x-ms-ratelimit-remaining-subscription-global-reads:
      - '3748'
      x-msedge-ref:
      - 'Ref A: 0142FA3AA9D8432AB3DFCB5A29FF5320 Ref B: TYO201151003062 Ref C: 2024-08-26T09:52:51Z'
    status:
      code: 200
      message: ''
version: 1
