interactions:
- request:
    body: null
    headers:
      Accept:
      - application/json
      Accept-Encoding:
      - gzip, deflate
      CommandName:
      - keyvault create
      Connection:
      - keep-alive
      ParameterSetName:
      - -g -n --enable-purge-protection --retention-days
      User-Agent:
      - AZURECLI/2.46.0 azsdk-python-azure-mgmt-resource/22.0.0 Python/3.10.10 (Linux-5.15.0-1033-azure-x86_64-with-glibc2.31)
        VSTS_7b238909-6802-4b65-b90d-184bca47f458_build_220_0
    method: GET
    uri: https://management.azure.com/subscriptions/00000000-0000-0000-0000-000000000000/resourcegroups/cli_test_os_disk_security_encryption000001?api-version=2022-09-01
  response:
    body:
      string: '{"id":"/subscriptions/00000000-0000-0000-0000-000000000000/resourceGroups/cli_test_os_disk_security_encryption000001","name":"cli_test_os_disk_security_encryption000001","type":"Microsoft.Resources/resourceGroups","location":"northeurope","tags":{"product":"azurecli","cause":"automation","date":"2023-03-13T11:29:08Z"},"properties":{"provisioningState":"Succeeded"}}'
    headers:
      cache-control:
      - no-cache
      content-length:
      - '367'
      content-type:
      - application/json; charset=utf-8
      date:
      - Mon, 13 Mar 2023 11:29:09 GMT
      expires:
      - '-1'
      pragma:
      - no-cache
      strict-transport-security:
      - max-age=31536000; includeSubDomains
      vary:
      - Accept-Encoding
      x-content-type-options:
      - nosniff
    status:
      code: 200
      message: OK
- request:
    body: null
    headers:
      Accept:
      - application/json
      Accept-Encoding:
      - gzip, deflate
      CommandName:
      - keyvault create
      Connection:
      - keep-alive
      ParameterSetName:
      - -g -n --enable-purge-protection --retention-days
      User-Agent:
      - AZURECLI/2.46.0 azsdk-python-azure-mgmt-keyvault/10.1.0 Python/3.10.10 (Linux-5.15.0-1033-azure-x86_64-with-glibc2.31)
        VSTS_7b238909-6802-4b65-b90d-184bca47f458_build_220_0
    method: GET
    uri: https://management.azure.com/subscriptions/00000000-0000-0000-0000-000000000000/resourceGroups/cli_test_os_disk_security_encryption000001/providers/Microsoft.KeyVault/vaults/vault000002?api-version=2022-07-01
  response:
    body:
      string: '{"error":{"code":"ResourceNotFound","message":"The Resource ''Microsoft.KeyVault/vaults/vault000002''
        under resource group ''cli_test_os_disk_security_encryption000001'' was not
        found. For more details please go to https://aka.ms/ARMResourceNotFoundFix"}}'
    headers:
      cache-control:
      - no-cache
      content-length:
      - '251'
      content-type:
      - application/json; charset=utf-8
      date:
      - Mon, 13 Mar 2023 11:29:09 GMT
      expires:
      - '-1'
      pragma:
      - no-cache
      strict-transport-security:
      - max-age=31536000; includeSubDomains
      x-content-type-options:
      - nosniff
      x-ms-failure-cause:
      - gateway
    status:
      code: 404
      message: Not Found
- request:
    body: null
    headers:
      Accept:
      - '*/*'
      Accept-Encoding:
      - gzip, deflate
      CommandName:
      - keyvault create
      Connection:
      - keep-alive
      ParameterSetName:
      - -g -n --enable-purge-protection --retention-days
      User-Agent:
      - python/3.10.10 (Linux-5.15.0-1033-azure-x86_64-with-glibc2.31) AZURECLI/2.46.0
        VSTS_7b238909-6802-4b65-b90d-184bca47f458_build_220_0
    method: GET
    uri: https://graph.microsoft.com/v1.0/me
  response:
    body:
      string: '{"@odata.context":"https://graph.microsoft.com/v1.0/$metadata#users/$entity","businessPhones":[],"displayName":"azureclilivetest","givenName":null,"jobTitle":null,"mail":null,"mobilePhone":null,"officeLocation":null,"preferredLanguage":null,"surname":null,"userPrincipalName":"azureclilivetest@azuresdkteam.onmicrosoft.com","id":"6b30bdc6-696a-46fb-82d7-739c2fb147b7"}'
    headers:
      cache-control:
      - no-cache
      content-length:
      - '368'
      content-type:
      - application/json;odata.metadata=minimal;odata.streaming=true;IEEE754Compatible=false;charset=utf-8
      date:
      - Mon, 13 Mar 2023 11:29:10 GMT
      odata-version:
      - '4.0'
      request-id:
      - 42a988a0-615d-483a-9dd2-34827987ae92
      strict-transport-security:
      - max-age=31536000
      transfer-encoding:
      - chunked
      vary:
      - Accept-Encoding
      x-ms-ags-diagnostic:
      - '{"ServerInfo":{"DataCenter":"East US","Slice":"E","Ring":"5","ScaleUnit":"002","RoleInstance":"BL02EPF0000C8F6"}}'
      x-ms-resource-unit:
      - '1'
    status:
      code: 200
      message: OK
- request:
    body: '{"location": "northeurope", "properties": {"tenantId": "54826b22-38d6-4fb2-bad9-b7b93a3e9c5a",
      "sku": {"family": "A", "name": "standard"}, "accessPolicies": [{"tenantId":
      "54826b22-38d6-4fb2-bad9-b7b93a3e9c5a", "objectId": "6b30bdc6-696a-46fb-82d7-739c2fb147b7",
      "permissions": {"keys": ["all"], "secrets": ["all"], "certificates": ["all"],
      "storage": ["all"]}}], "enableSoftDelete": true, "softDeleteRetentionInDays":
      7, "enablePurgeProtection": true, "networkAcls": {"bypass": "AzureServices",
      "defaultAction": "Allow"}}}'
    headers:
      Accept:
      - application/json
      Accept-Encoding:
      - gzip, deflate
      CommandName:
      - keyvault create
      Connection:
      - keep-alive
      Content-Length:
      - '523'
      Content-Type:
      - application/json
      ParameterSetName:
      - -g -n --enable-purge-protection --retention-days
      User-Agent:
      - AZURECLI/2.46.0 azsdk-python-azure-mgmt-keyvault/10.1.0 Python/3.10.10 (Linux-5.15.0-1033-azure-x86_64-with-glibc2.31)
        VSTS_7b238909-6802-4b65-b90d-184bca47f458_build_220_0
    method: PUT
    uri: https://management.azure.com/subscriptions/00000000-0000-0000-0000-000000000000/resourceGroups/cli_test_os_disk_security_encryption000001/providers/Microsoft.KeyVault/vaults/vault000002?api-version=2022-07-01
  response:
    body:
      string: '{"id":"/subscriptions/00000000-0000-0000-0000-000000000000/resourceGroups/cli_test_os_disk_security_encryption000001/providers/Microsoft.KeyVault/vaults/vault000002","name":"vault000002","type":"Microsoft.KeyVault/vaults","location":"northeurope","tags":{},"systemData":{"createdBy":"azureclilivetest@azuresdkteam.onmicrosoft.com","createdByType":"User","createdAt":"2023-03-13T11:29:12.491Z","lastModifiedBy":"azureclilivetest@azuresdkteam.onmicrosoft.com","lastModifiedByType":"User","lastModifiedAt":"2023-03-13T11:29:12.491Z"},"properties":{"sku":{"family":"A","name":"standard"},"tenantId":"54826b22-38d6-4fb2-bad9-b7b93a3e9c5a","accessPolicies":[{"tenantId":"54826b22-38d6-4fb2-bad9-b7b93a3e9c5a","objectId":"6b30bdc6-696a-46fb-82d7-739c2fb147b7","permissions":{"keys":["all"],"secrets":["all"],"certificates":["all"],"storage":["all"]}}],"enabledForDeployment":false,"enableSoftDelete":true,"softDeleteRetentionInDays":7,"enablePurgeProtection":true,"vaultUri":"https://vault000002.vault.azure.net","provisioningState":"RegisteringDns","publicNetworkAccess":"Enabled"}}'
    headers:
      cache-control:
      - no-cache
      content-length:
      - '1076'
      content-type:
      - application/json; charset=utf-8
      date:
      - Mon, 13 Mar 2023 11:29:13 GMT
      expires:
      - '-1'
      pragma:
      - no-cache
      server:
      - Microsoft-IIS/10.0
      strict-transport-security:
      - max-age=31536000; includeSubDomains
      transfer-encoding:
      - chunked
      vary:
      - Accept-Encoding
      x-aspnet-version:
      - 4.0.30319
      x-content-type-options:
      - nosniff
      x-ms-keyvault-service-version:
      - 1.5.692.0
      x-ms-ratelimit-remaining-subscription-writes:
      - '1199'
    status:
      code: 200
      message: OK
- request:
    body: null
    headers:
      Accept:
      - '*/*'
      Accept-Encoding:
      - gzip, deflate
      CommandName:
      - keyvault create
      Connection:
      - keep-alive
      ParameterSetName:
      - -g -n --enable-purge-protection --retention-days
      User-Agent:
      - AZURECLI/2.46.0 azsdk-python-azure-mgmt-keyvault/10.1.0 Python/3.10.10 (Linux-5.15.0-1033-azure-x86_64-with-glibc2.31)
        VSTS_7b238909-6802-4b65-b90d-184bca47f458_build_220_0
    method: GET
    uri: https://management.azure.com/subscriptions/00000000-0000-0000-0000-000000000000/resourceGroups/cli_test_os_disk_security_encryption000001/providers/Microsoft.KeyVault/vaults/vault000002?api-version=2022-07-01
  response:
    body:
      string: '{"id":"/subscriptions/00000000-0000-0000-0000-000000000000/resourceGroups/cli_test_os_disk_security_encryption000001/providers/Microsoft.KeyVault/vaults/vault000002","name":"vault000002","type":"Microsoft.KeyVault/vaults","location":"northeurope","tags":{},"systemData":{"createdBy":"azureclilivetest@azuresdkteam.onmicrosoft.com","createdByType":"User","createdAt":"2023-03-13T11:29:12.491Z","lastModifiedBy":"azureclilivetest@azuresdkteam.onmicrosoft.com","lastModifiedByType":"User","lastModifiedAt":"2023-03-13T11:29:12.491Z"},"properties":{"sku":{"family":"A","name":"standard"},"tenantId":"54826b22-38d6-4fb2-bad9-b7b93a3e9c5a","accessPolicies":[{"tenantId":"54826b22-38d6-4fb2-bad9-b7b93a3e9c5a","objectId":"6b30bdc6-696a-46fb-82d7-739c2fb147b7","permissions":{"keys":["all"],"secrets":["all"],"certificates":["all"],"storage":["all"]}}],"enabledForDeployment":false,"enableSoftDelete":true,"softDeleteRetentionInDays":7,"enablePurgeProtection":true,"vaultUri":"https://vault000002.vault.azure.net/","provisioningState":"Succeeded","publicNetworkAccess":"Enabled"}}'
    headers:
      cache-control:
      - no-cache
      content-length:
      - '1072'
      content-type:
      - application/json; charset=utf-8
      date:
      - Mon, 13 Mar 2023 11:29:44 GMT
      expires:
      - '-1'
      pragma:
      - no-cache
      server:
      - Microsoft-IIS/10.0
      strict-transport-security:
      - max-age=31536000; includeSubDomains
      transfer-encoding:
      - chunked
      vary:
      - Accept-Encoding
      x-aspnet-version:
      - 4.0.30319
      x-content-type-options:
      - nosniff
      x-ms-keyvault-service-version:
      - 1.5.692.0
    status:
      code: 200
      message: OK
- request:
    body: null
    headers:
      Accept:
      - application/json
      Accept-Encoding:
      - gzip, deflate
      Connection:
      - keep-alive
      Content-Length:
      - '0'
      Content-Type:
      - application/json
      User-Agent:
      - azsdk-python-keyvault-keys/4.8.0b2 Python/3.10.10 (Linux-5.15.0-1033-azure-x86_64-with-glibc2.31)
        VSTS_7b238909-6802-4b65-b90d-184bca47f458_build_220_0
    method: POST
    uri: https://vault000002.vault.azure.net/keys/key000003/create?api-version=7.4-preview.1
  response:
    body:
      string: '{"error":{"code":"Unauthorized","message":"AKV10000: Request is missing
        a Bearer or PoP token."}}'
    headers:
      cache-control:
      - no-cache
      content-length:
      - '97'
      content-type:
      - application/json; charset=utf-8
      date:
      - Mon, 13 Mar 2023 11:29:45 GMT
      expires:
      - '-1'
      pragma:
      - no-cache
      strict-transport-security:
      - max-age=31536000;includeSubDomains
      www-authenticate:
      - Bearer authorization="https://login.windows.net/54826b22-38d6-4fb2-bad9-b7b93a3e9c5a",
        resource="https://vault.azure.net"
      x-content-type-options:
      - nosniff
      x-ms-keyvault-network-info:
      - conn_type=Ipv4;addr=20.172.153.186;act_addr_fam=InterNetwork;
      x-ms-keyvault-region:
      - northeurope
      x-ms-keyvault-service-version:
      - 1.9.736.1
    status:
      code: 401
      message: Unauthorized
- request:
    body: '{"kty": "RSA", "attributes": {"enabled": true}}'
    headers:
      Accept:
      - application/json
      Accept-Encoding:
      - gzip, deflate
      Connection:
      - keep-alive
      Content-Length:
      - '47'
      Content-Type:
      - application/json
      User-Agent:
      - azsdk-python-keyvault-keys/4.8.0b2 Python/3.10.10 (Linux-5.15.0-1033-azure-x86_64-with-glibc2.31)
        VSTS_7b238909-6802-4b65-b90d-184bca47f458_build_220_0
    method: POST
    uri: https://vault000002.vault.azure.net/keys/key000003/create?api-version=7.4-preview.1
  response:
    body:
      string: '{"key":{"kid":"https://vault000002.vault.azure.net/keys/key000003/90bbcc1586374047936f7535240d31ec","kty":"RSA","key_ops":["encrypt","decrypt","sign","verify","wrapKey","unwrapKey"],"n":"wtdJd76E2BteBKjozvrfoqr-pYmxTYlgy6LUF7m44uQj9_kvc0VaEXTAAH6WNuLJd5zSs_9TqxkjWacYc0UKrcN8Rb8ilAJfD74oh4hkTXxCQzh03shIcB1i9NwVATEELmomJ2Lt1c9Prvvnv0irY7WNSfl4hpa5sKk5Pt9ZcDkwrXoIfjdehnDkmahkf-Cg38_dUfMzUxVx7SAgICScSofcPtVrGSM1m2c91FE-p_2JS_rQMVFwSC6EpUDJFrU5v3c9OAOpY2ZrrQ4z7hplYe_7eC6nRI6gqyfXsVjPjhgi3jzYGRQ0kdanrI4M2PQxAzaQhL6UYtcqHorXTWQKFQ","e":"AQAB"},"attributes":{"enabled":true,"created":1678706986,"updated":1678706986,"recoveryLevel":"CustomizedRecoverable","recoverableDays":7,"exportable":false}}'
    headers:
      cache-control:
      - no-cache
      content-length:
      - '694'
      content-type:
      - application/json; charset=utf-8
      date:
      - Mon, 13 Mar 2023 11:29:46 GMT
      expires:
      - '-1'
      pragma:
      - no-cache
      strict-transport-security:
      - max-age=31536000;includeSubDomains
      x-content-type-options:
      - nosniff
      x-ms-keyvault-network-info:
      - conn_type=Ipv4;addr=20.172.153.186;act_addr_fam=InterNetwork;
      x-ms-keyvault-region:
      - northeurope
      x-ms-keyvault-service-version:
      - 1.9.736.1
    status:
      code: 200
      message: OK
- request:
    body: null
    headers:
      Accept:
      - application/json
      Accept-Encoding:
      - gzip, deflate
      CommandName:
      - disk-encryption-set create
      Connection:
      - keep-alive
      ParameterSetName:
      - -g -n --key-url --source-vault --encryption-type
      User-Agent:
      - AZURECLI/2.46.0 azsdk-python-azure-mgmt-resource/22.0.0 Python/3.10.10 (Linux-5.15.0-1033-azure-x86_64-with-glibc2.31)
        VSTS_7b238909-6802-4b65-b90d-184bca47f458_build_220_0
    method: GET
    uri: https://management.azure.com/subscriptions/00000000-0000-0000-0000-000000000000/resourcegroups/cli_test_os_disk_security_encryption000001?api-version=2022-09-01
  response:
    body:
      string: '{"id":"/subscriptions/00000000-0000-0000-0000-000000000000/resourceGroups/cli_test_os_disk_security_encryption000001","name":"cli_test_os_disk_security_encryption000001","type":"Microsoft.Resources/resourceGroups","location":"northeurope","tags":{"product":"azurecli","cause":"automation","date":"2023-03-13T11:29:08Z"},"properties":{"provisioningState":"Succeeded"}}'
    headers:
      cache-control:
      - no-cache
      content-length:
      - '367'
      content-type:
      - application/json; charset=utf-8
      date:
      - Mon, 13 Mar 2023 11:29:46 GMT
      expires:
      - '-1'
      pragma:
      - no-cache
      strict-transport-security:
      - max-age=31536000; includeSubDomains
      vary:
      - Accept-Encoding
      x-content-type-options:
      - nosniff
    status:
      code: 200
      message: OK
- request:
    body: '{"location": "northeurope", "identity": {"type": "SystemAssigned"}, "properties":
      {"encryptionType": "ConfidentialVmEncryptedWithCustomerKey", "activeKey": {"sourceVault":
      {"id": "/subscriptions/00000000-0000-0000-0000-000000000000/resourceGroups/cli_test_os_disk_security_encryption000001/providers/Microsoft.KeyVault/vaults/vault000002"},
      "keyUrl": "https://vault000002.vault.azure.net/keys/key000003/90bbcc1586374047936f7535240d31ec"}}}'
    headers:
      Accept:
      - application/json
      Accept-Encoding:
      - gzip, deflate
      CommandName:
      - disk-encryption-set create
      Connection:
      - keep-alive
      Content-Length:
      - '439'
      Content-Type:
      - application/json
      ParameterSetName:
      - -g -n --key-url --source-vault --encryption-type
      User-Agent:
      - AZURECLI/2.46.0 azsdk-python-azure-mgmt-compute/29.1.0 Python/3.10.10 (Linux-5.15.0-1033-azure-x86_64-with-glibc2.31)
        VSTS_7b238909-6802-4b65-b90d-184bca47f458_build_220_0
    method: PUT
    uri: https://management.azure.com/subscriptions/00000000-0000-0000-0000-000000000000/resourceGroups/cli_test_os_disk_security_encryption000001/providers/Microsoft.Compute/diskEncryptionSets/des1000004?api-version=2022-03-02
  response:
    body:
      string: "{\r\n  \"location\": \"northeurope\",\r\n  \"identity\": {\r\n    \"type\":
        \"SystemAssigned\"\r\n  },\r\n  \"properties\": {\r\n    \"activeKey\": {\r\n
        \     \"sourceVault\": {\r\n        \"id\": \"/subscriptions/00000000-0000-0000-0000-000000000000/resourceGroups/cli_test_os_disk_security_encryption000001/providers/Microsoft.KeyVault/vaults/vault000002\"\r\n
        \     },\r\n      \"keyUrl\": \"https://vault000002.vault.azure.net/keys/key000003/90bbcc1586374047936f7535240d31ec\"\r\n
        \   },\r\n    \"encryptionType\": \"ConfidentialVmEncryptedWithCustomerKey\",\r\n
        \   \"provisioningState\": \"Updating\"\r\n  }\r\n}"
    headers:
      azure-asyncoperation:
      - https://management.azure.com/subscriptions/00000000-0000-0000-0000-000000000000/providers/Microsoft.Compute/locations/northeurope/DiskOperations/ca58c720-a211-4fbf-b6a5-9aef515a7dfd?p=4cbf85b8-e2b8-4aec-b8e4-074490a0ba02&api-version=2022-03-02
      cache-control:
      - no-cache
      content-length:
      - '553'
      content-type:
      - application/json; charset=utf-8
      date:
      - Mon, 13 Mar 2023 11:29:49 GMT
      expires:
      - '-1'
      location:
      - https://management.azure.com/subscriptions/00000000-0000-0000-0000-000000000000/providers/Microsoft.Compute/locations/northeurope/DiskOperations/ca58c720-a211-4fbf-b6a5-9aef515a7dfd?p=4cbf85b8-e2b8-4aec-b8e4-074490a0ba02&monitor=true&api-version=2022-03-02
      pragma:
      - no-cache
      server:
      - Microsoft-HTTPAPI/2.0
      - Microsoft-HTTPAPI/2.0
      strict-transport-security:
      - max-age=31536000; includeSubDomains
      x-content-type-options:
      - nosniff
      x-ms-ratelimit-remaining-resource:
      - Microsoft.Compute/CreateUpdateHighCostDiskEncryptionSet3Min;99,Microsoft.Compute/CreateUpdateHighCostDiskEncryptionSet30Min;299
      x-ms-ratelimit-remaining-subscription-writes:
      - '1195'
    status:
      code: 202
      message: Accepted
- request:
    body: null
    headers:
      Accept:
      - '*/*'
      Accept-Encoding:
      - gzip, deflate
      CommandName:
      - disk-encryption-set create
      Connection:
      - keep-alive
      ParameterSetName:
      - -g -n --key-url --source-vault --encryption-type
      User-Agent:
      - AZURECLI/2.46.0 azsdk-python-azure-mgmt-compute/29.1.0 Python/3.10.10 (Linux-5.15.0-1033-azure-x86_64-with-glibc2.31)
        VSTS_7b238909-6802-4b65-b90d-184bca47f458_build_220_0
    method: GET
    uri: https://management.azure.com/subscriptions/00000000-0000-0000-0000-000000000000/providers/Microsoft.Compute/locations/northeurope/DiskOperations/ca58c720-a211-4fbf-b6a5-9aef515a7dfd?p=4cbf85b8-e2b8-4aec-b8e4-074490a0ba02&api-version=2022-03-02
  response:
    body:
      string: "{\r\n  \"startTime\": \"2023-03-13T11:29:50.4367127+00:00\",\r\n  \"endTime\":
        \"2023-03-13T11:29:50.4835968+00:00\",\r\n  \"status\": \"Succeeded\",\r\n
        \ \"properties\": {\r\n    \"output\": {\"name\":\"des1000004\",\"id\":\"/subscriptions/00000000-0000-0000-0000-000000000000/resourceGroups/cli_test_os_disk_security_encryption000001/providers/Microsoft.Compute/diskEncryptionSets/des1000004\",\"type\":\"Microsoft.Compute/diskEncryptionSets\",\"location\":\"northeurope\",\"identity\":{\"type\":\"SystemAssigned\",\"principalId\":\"0e15d53a-7f24-44a3-ac6c-9fb527111616\",\"tenantId\":\"54826b22-38d6-4fb2-bad9-b7b93a3e9c5a\"},\"properties\":{\"activeKey\":{\"sourceVault\":{\"id\":\"/subscriptions/00000000-0000-0000-0000-000000000000/resourceGroups/cli_test_os_disk_security_encryption000001/providers/Microsoft.KeyVault/vaults/vault000002\"},\"keyUrl\":\"https://vault000002.vault.azure.net/keys/key000003/90bbcc1586374047936f7535240d31ec\"},\"encryptionType\":\"ConfidentialVmEncryptedWithCustomerKey\",\"provisioningState\":\"Succeeded\"}}\r\n
        \ },\r\n  \"name\": \"ca58c720-a211-4fbf-b6a5-9aef515a7dfd\"\r\n}"
    headers:
      cache-control:
      - no-cache
      content-length:
      - '1027'
      content-type:
      - application/json; charset=utf-8
      date:
      - Mon, 13 Mar 2023 11:30:20 GMT
      expires:
      - '-1'
      pragma:
      - no-cache
      server:
      - Microsoft-HTTPAPI/2.0
      - Microsoft-HTTPAPI/2.0
      strict-transport-security:
      - max-age=31536000; includeSubDomains
      x-content-type-options:
      - nosniff
      x-ms-ratelimit-remaining-resource:
      - Microsoft.Compute/GetOperation3Min;49998,Microsoft.Compute/GetOperation30Min;399998
    status:
      code: 200
      message: OK
- request:
    body: null
    headers:
      Accept:
      - '*/*'
      Accept-Encoding:
      - gzip, deflate
      CommandName:
      - disk-encryption-set create
      Connection:
      - keep-alive
      ParameterSetName:
      - -g -n --key-url --source-vault --encryption-type
      User-Agent:
      - AZURECLI/2.46.0 azsdk-python-azure-mgmt-compute/29.1.0 Python/3.10.10 (Linux-5.15.0-1033-azure-x86_64-with-glibc2.31)
        VSTS_7b238909-6802-4b65-b90d-184bca47f458_build_220_0
    method: GET
    uri: https://management.azure.com/subscriptions/00000000-0000-0000-0000-000000000000/resourceGroups/cli_test_os_disk_security_encryption000001/providers/Microsoft.Compute/diskEncryptionSets/des1000004?api-version=2022-03-02
  response:
    body:
      string: "{\r\n  \"name\": \"des1000004\",\r\n  \"id\": \"/subscriptions/00000000-0000-0000-0000-000000000000/resourceGroups/cli_test_os_disk_security_encryption000001/providers/Microsoft.Compute/diskEncryptionSets/des1000004\",\r\n
        \ \"type\": \"Microsoft.Compute/diskEncryptionSets\",\r\n  \"location\": \"northeurope\",\r\n
        \ \"identity\": {\r\n    \"type\": \"SystemAssigned\",\r\n    \"principalId\":
        \"0e15d53a-7f24-44a3-ac6c-9fb527111616\",\r\n    \"tenantId\": \"54826b22-38d6-4fb2-bad9-b7b93a3e9c5a\"\r\n
        \ },\r\n  \"properties\": {\r\n    \"activeKey\": {\r\n      \"sourceVault\":
        {\r\n        \"id\": \"/subscriptions/00000000-0000-0000-0000-000000000000/resourceGroups/cli_test_os_disk_security_encryption000001/providers/Microsoft.KeyVault/vaults/vault000002\"\r\n
        \     },\r\n      \"keyUrl\": \"https://vault000002.vault.azure.net/keys/key000003/90bbcc1586374047936f7535240d31ec\"\r\n
        \   },\r\n    \"encryptionType\": \"ConfidentialVmEncryptedWithCustomerKey\",\r\n
        \   \"provisioningState\": \"Succeeded\"\r\n  }\r\n}"
    headers:
      cache-control:
      - no-cache
      content-length:
      - '927'
      content-type:
      - application/json; charset=utf-8
      date:
      - Mon, 13 Mar 2023 11:30:20 GMT
      expires:
      - '-1'
      pragma:
      - no-cache
      server:
      - Microsoft-HTTPAPI/2.0
      - Microsoft-HTTPAPI/2.0
      strict-transport-security:
      - max-age=31536000; includeSubDomains
      x-content-type-options:
      - nosniff
      x-ms-ratelimit-remaining-resource:
      - Microsoft.Compute/LowCostGet3Min;14997,Microsoft.Compute/LowCostGet30Min;119997
    status:
      code: 200
      message: OK
- request:
    body: null
    headers:
      Accept:
      - application/json
      Accept-Encoding:
      - gzip, deflate
      CommandName:
      - disk-encryption-set show
      Connection:
      - keep-alive
      ParameterSetName:
      - -g -n
      User-Agent:
      - AZURECLI/2.46.0 azsdk-python-azure-mgmt-compute/29.1.0 Python/3.10.10 (Linux-5.15.0-1033-azure-x86_64-with-glibc2.31)
        VSTS_7b238909-6802-4b65-b90d-184bca47f458_build_220_0
    method: GET
    uri: https://management.azure.com/subscriptions/00000000-0000-0000-0000-000000000000/resourceGroups/cli_test_os_disk_security_encryption000001/providers/Microsoft.Compute/diskEncryptionSets/des1000004?api-version=2022-03-02
  response:
    body:
      string: "{\r\n  \"name\": \"des1000004\",\r\n  \"id\": \"/subscriptions/00000000-0000-0000-0000-000000000000/resourceGroups/cli_test_os_disk_security_encryption000001/providers/Microsoft.Compute/diskEncryptionSets/des1000004\",\r\n
        \ \"type\": \"Microsoft.Compute/diskEncryptionSets\",\r\n  \"location\": \"northeurope\",\r\n
        \ \"identity\": {\r\n    \"type\": \"SystemAssigned\",\r\n    \"principalId\":
        \"0e15d53a-7f24-44a3-ac6c-9fb527111616\",\r\n    \"tenantId\": \"54826b22-38d6-4fb2-bad9-b7b93a3e9c5a\"\r\n
        \ },\r\n  \"properties\": {\r\n    \"activeKey\": {\r\n      \"sourceVault\":
        {\r\n        \"id\": \"/subscriptions/00000000-0000-0000-0000-000000000000/resourceGroups/cli_test_os_disk_security_encryption000001/providers/Microsoft.KeyVault/vaults/vault000002\"\r\n
        \     },\r\n      \"keyUrl\": \"https://vault000002.vault.azure.net/keys/key000003/90bbcc1586374047936f7535240d31ec\"\r\n
        \   },\r\n    \"encryptionType\": \"ConfidentialVmEncryptedWithCustomerKey\",\r\n
        \   \"provisioningState\": \"Succeeded\"\r\n  }\r\n}"
    headers:
      cache-control:
      - no-cache
      content-length:
      - '927'
      content-type:
      - application/json; charset=utf-8
      date:
      - Mon, 13 Mar 2023 11:30:21 GMT
      expires:
      - '-1'
      pragma:
      - no-cache
      server:
      - Microsoft-HTTPAPI/2.0
      - Microsoft-HTTPAPI/2.0
      strict-transport-security:
      - max-age=31536000; includeSubDomains
      transfer-encoding:
      - chunked
      vary:
      - Accept-Encoding
      x-content-type-options:
      - nosniff
      x-ms-ratelimit-remaining-resource:
      - Microsoft.Compute/LowCostGet3Min;14996,Microsoft.Compute/LowCostGet30Min;119996
    status:
      code: 200
      message: OK
- request:
    body: null
    headers:
      Accept:
      - application/json
      Accept-Encoding:
      - gzip, deflate
      CommandName:
      - keyvault set-policy
      Connection:
      - keep-alive
      ParameterSetName:
      - -n --object-id --key-permissions
      User-Agent:
      - AZURECLI/2.46.0 azsdk-python-azure-mgmt-keyvault/10.1.0 Python/3.10.10 (Linux-5.15.0-1033-azure-x86_64-with-glibc2.31)
        VSTS_7b238909-6802-4b65-b90d-184bca47f458_build_220_0
    method: GET
    uri: https://management.azure.com/subscriptions/00000000-0000-0000-0000-000000000000/resources?$filter=resourceType%20eq%20%27Microsoft.KeyVault%2Fvaults%27&api-version=2015-11-01
  response:
    body:
      string: '{"value":[{"id":"/subscriptions/00000000-0000-0000-0000-000000000000/resourceGroups/acctestRG-KV-230308161009840304/providers/Microsoft.KeyVault/vaults/acc230308161009840304","name":"acc230308161009840304","type":"Microsoft.KeyVault/vaults","location":"eastus2","tags":{"environment":"Production"}},{"id":"/subscriptions/00000000-0000-0000-0000-000000000000/resourceGroups/azpslrg0xijkzgcca/providers/Microsoft.KeyVault/vaults/azpsl3dw6hq6iz5","name":"azpsl3dw6hq6iz5","type":"Microsoft.KeyVault/vaults","location":"westus","tags":{}},{"id":"/subscriptions/00000000-0000-0000-0000-000000000000/resourceGroups/azpslrg1t7mfr5vrn/providers/Microsoft.KeyVault/vaults/azpsl4iukpxg4ww","name":"azpsl4iukpxg4ww","type":"Microsoft.KeyVault/vaults","location":"eastus","tags":{}},{"id":"/subscriptions/00000000-0000-0000-0000-000000000000/resourceGroups/AzurePowerShellLiveTest/providers/Microsoft.KeyVault/vaults/LiveTestKeyVault","name":"LiveTestKeyVault","type":"Microsoft.KeyVault/vaults","location":"westus","tags":{}},{"id":"/subscriptions/00000000-0000-0000-0000-000000000000/resourceGroups/bez-rg/providers/Microsoft.KeyVault/vaults/bez-kv","name":"bez-kv","type":"Microsoft.KeyVault/vaults","location":"eastus","tags":{}},{"id":"/subscriptions/00000000-0000-0000-0000-000000000000/resourceGroups/cli_test_os_disk_security_encryption000001/providers/Microsoft.KeyVault/vaults/vault000002","name":"vault000002","type":"Microsoft.KeyVault/vaults","location":"northeurope","tags":{}},{"id":"/subscriptions/00000000-0000-0000-0000-000000000000/resourceGroups/clitest.rg4p553cmb5l6p5adu6h7qv3t6ompg5rid4bwdpt23onzaluzamn73k737okxjwdle4/providers/Microsoft.KeyVault/vaults/clitestrg4p553cmb5l6p","name":"clitestrg4p553cmb5l6p","type":"Microsoft.KeyVault/vaults","location":"westus","tags":{}},{"id":"/subscriptions/00000000-0000-0000-0000-000000000000/resourceGroups/hang-rg/providers/Microsoft.KeyVault/vaults/hangkey","name":"hangkey","type":"Microsoft.KeyVault/vaults","location":"koreasouth","tags":{"kk":"kk","zz":"kk","--kk":"zz"}},{"id":"/subscriptions/00000000-0000-0000-0000-000000000000/resourceGroups/hang-rg/providers/Microsoft.KeyVault/vaults/similar0327002194","name":"similar0327002194","type":"Microsoft.KeyVault/vaults","location":"eastus2","tags":{}},{"id":"/subscriptions/00000000-0000-0000-0000-000000000000/resourceGroups/shiying-rg/providers/Microsoft.KeyVault/vaults/shiyingkv","name":"shiyingkv","type":"Microsoft.KeyVault/vaults","location":"eastus","tags":{}},{"id":"/subscriptions/00000000-0000-0000-0000-000000000000/resourceGroups/yishitest/providers/Microsoft.KeyVault/vaults/ystestkv","name":"ystestkv","type":"Microsoft.KeyVault/vaults","location":"eastus","tags":{}}]}'
    headers:
      cache-control:
      - no-cache
      content-length:
      - '2694'
      content-type:
      - application/json; charset=utf-8
      date:
      - Mon, 13 Mar 2023 11:30:21 GMT
      expires:
      - '-1'
      pragma:
      - no-cache
      strict-transport-security:
      - max-age=31536000; includeSubDomains
      vary:
      - Accept-Encoding
      x-content-type-options:
      - nosniff
    status:
      code: 200
      message: OK
- request:
    body: null
    headers:
      Accept:
      - application/json
      Accept-Encoding:
      - gzip, deflate
      CommandName:
      - keyvault set-policy
      Connection:
      - keep-alive
      ParameterSetName:
      - -n --object-id --key-permissions
      User-Agent:
      - AZURECLI/2.46.0 azsdk-python-azure-mgmt-keyvault/10.1.0 Python/3.10.10 (Linux-5.15.0-1033-azure-x86_64-with-glibc2.31)
        VSTS_7b238909-6802-4b65-b90d-184bca47f458_build_220_0
    method: GET
    uri: https://management.azure.com/subscriptions/00000000-0000-0000-0000-000000000000/resourceGroups/cli_test_os_disk_security_encryption000001/providers/Microsoft.KeyVault/vaults/vault000002?api-version=2022-07-01
  response:
    body:
      string: '{"id":"/subscriptions/00000000-0000-0000-0000-000000000000/resourceGroups/cli_test_os_disk_security_encryption000001/providers/Microsoft.KeyVault/vaults/vault000002","name":"vault000002","type":"Microsoft.KeyVault/vaults","location":"northeurope","tags":{},"systemData":{"createdBy":"azureclilivetest@azuresdkteam.onmicrosoft.com","createdByType":"User","createdAt":"2023-03-13T11:29:12.491Z","lastModifiedBy":"azureclilivetest@azuresdkteam.onmicrosoft.com","lastModifiedByType":"User","lastModifiedAt":"2023-03-13T11:29:12.491Z"},"properties":{"sku":{"family":"A","name":"standard"},"tenantId":"54826b22-38d6-4fb2-bad9-b7b93a3e9c5a","accessPolicies":[{"tenantId":"54826b22-38d6-4fb2-bad9-b7b93a3e9c5a","objectId":"6b30bdc6-696a-46fb-82d7-739c2fb147b7","permissions":{"keys":["all"],"secrets":["all"],"certificates":["all"],"storage":["all"]}}],"enabledForDeployment":false,"enableSoftDelete":true,"softDeleteRetentionInDays":7,"enablePurgeProtection":true,"vaultUri":"https://vault000002.vault.azure.net/","provisioningState":"Succeeded","publicNetworkAccess":"Enabled"}}'
    headers:
      cache-control:
      - no-cache
      content-length:
      - '1072'
      content-type:
      - application/json; charset=utf-8
      date:
      - Mon, 13 Mar 2023 11:30:22 GMT
      expires:
      - '-1'
      pragma:
      - no-cache
      server:
      - Microsoft-IIS/10.0
      strict-transport-security:
      - max-age=31536000; includeSubDomains
      transfer-encoding:
      - chunked
      vary:
      - Accept-Encoding
      x-aspnet-version:
      - 4.0.30319
      x-content-type-options:
      - nosniff
      x-ms-keyvault-service-version:
      - 1.5.692.0
    status:
      code: 200
      message: OK
- request:
    body: '{"location": "northeurope", "tags": {}, "properties": {"tenantId": "54826b22-38d6-4fb2-bad9-b7b93a3e9c5a",
      "sku": {"family": "A", "name": "standard"}, "accessPolicies": [{"tenantId":
      "54826b22-38d6-4fb2-bad9-b7b93a3e9c5a", "objectId": "6b30bdc6-696a-46fb-82d7-739c2fb147b7",
      "permissions": {"keys": ["all"], "secrets": ["all"], "certificates": ["all"],
      "storage": ["all"]}}, {"tenantId": "54826b22-38d6-4fb2-bad9-b7b93a3e9c5a", "objectId":
      "0e15d53a-7f24-44a3-ac6c-9fb527111616", "permissions": {"keys": ["wrapKey",
      "get", "unwrapKey"]}}], "vaultUri": "https://vault000002.vault.azure.net/",
      "enabledForDeployment": false, "enableSoftDelete": true, "softDeleteRetentionInDays":
      7, "enablePurgeProtection": true, "provisioningState": "Succeeded", "publicNetworkAccess":
      "Enabled"}}'
    headers:
      Accept:
      - application/json
      Accept-Encoding:
      - gzip, deflate
      CommandName:
      - keyvault set-policy
      Connection:
      - keep-alive
      Content-Length:
      - '780'
      Content-Type:
      - application/json
      ParameterSetName:
      - -n --object-id --key-permissions
      User-Agent:
      - AZURECLI/2.46.0 azsdk-python-azure-mgmt-keyvault/10.1.0 Python/3.10.10 (Linux-5.15.0-1033-azure-x86_64-with-glibc2.31)
        VSTS_7b238909-6802-4b65-b90d-184bca47f458_build_220_0
    method: PUT
    uri: https://management.azure.com/subscriptions/00000000-0000-0000-0000-000000000000/resourceGroups/cli_test_os_disk_security_encryption000001/providers/Microsoft.KeyVault/vaults/vault000002?api-version=2022-07-01
  response:
    body:
      string: '{"id":"/subscriptions/00000000-0000-0000-0000-000000000000/resourceGroups/cli_test_os_disk_security_encryption000001/providers/Microsoft.KeyVault/vaults/vault000002","name":"vault000002","type":"Microsoft.KeyVault/vaults","location":"northeurope","tags":{},"systemData":{"createdBy":"azureclilivetest@azuresdkteam.onmicrosoft.com","createdByType":"User","createdAt":"2023-03-13T11:29:12.491Z","lastModifiedBy":"azureclilivetest@azuresdkteam.onmicrosoft.com","lastModifiedByType":"User","lastModifiedAt":"2023-03-13T11:30:22.801Z"},"properties":{"sku":{"family":"A","name":"standard"},"tenantId":"54826b22-38d6-4fb2-bad9-b7b93a3e9c5a","accessPolicies":[{"tenantId":"54826b22-38d6-4fb2-bad9-b7b93a3e9c5a","objectId":"6b30bdc6-696a-46fb-82d7-739c2fb147b7","permissions":{"keys":["all"],"secrets":["all"],"certificates":["all"],"storage":["all"]}},{"tenantId":"54826b22-38d6-4fb2-bad9-b7b93a3e9c5a","objectId":"0e15d53a-7f24-44a3-ac6c-9fb527111616","permissions":{"keys":["wrapKey","get","unwrapKey"]}}],"enabledForDeployment":false,"enableSoftDelete":true,"softDeleteRetentionInDays":7,"enablePurgeProtection":true,"vaultUri":"https://vault000002.vault.azure.net/","provisioningState":"Succeeded","publicNetworkAccess":"Enabled"}}'
    headers:
      cache-control:
      - no-cache
      content-length:
      - '1227'
      content-type:
      - application/json; charset=utf-8
      date:
      - Mon, 13 Mar 2023 11:30:22 GMT
      expires:
      - '-1'
      pragma:
      - no-cache
      server:
      - Microsoft-IIS/10.0
      strict-transport-security:
      - max-age=31536000; includeSubDomains
      transfer-encoding:
      - chunked
      vary:
      - Accept-Encoding
      x-aspnet-version:
      - 4.0.30319
      x-content-type-options:
      - nosniff
      x-ms-keyvault-service-version:
      - 1.5.692.0
      x-ms-ratelimit-remaining-subscription-writes:
      - '1198'
    status:
      code: 200
      message: OK
- request:
    body: null
    headers:
      Accept:
      - '*/*'
      Accept-Encoding:
      - gzip, deflate
      CommandName:
      - role assignment create
      Connection:
      - keep-alive
      ParameterSetName:
      - --assignee --role --scope
      User-Agent:
      - python/3.10.10 (Linux-5.15.0-1033-azure-x86_64-with-glibc2.31) AZURECLI/2.46.0
        VSTS_7b238909-6802-4b65-b90d-184bca47f458_build_220_0
    method: GET
    uri: https://graph.microsoft.com/v1.0/servicePrincipals?$filter=servicePrincipalNames%2Fany%28c%3Ac%20eq%20%270e15d53a-7f24-44a3-ac6c-9fb527111616%27%29
  response:
    body:
      string: '{"@odata.context":"https://graph.microsoft.com/v1.0/$metadata#servicePrincipals","value":[]}'
    headers:
      cache-control:
      - no-cache
      content-length:
      - '92'
      content-type:
      - application/json;odata.metadata=minimal;odata.streaming=true;IEEE754Compatible=false;charset=utf-8
      date:
      - Mon, 13 Mar 2023 11:30:37 GMT
      odata-version:
      - '4.0'
      request-id:
      - 99f71f53-ed6b-4a3a-a28c-641461ae093c
      strict-transport-security:
      - max-age=31536000
      transfer-encoding:
      - chunked
      vary:
      - Accept-Encoding
      x-ms-ags-diagnostic:
      - '{"ServerInfo":{"DataCenter":"East US","Slice":"E","Ring":"5","ScaleUnit":"004","RoleInstance":"BL02EPF0000C926"}}'
      x-ms-resource-unit:
      - '1'
    status:
      code: 200
      message: OK
- request:
    body: '{"ids": ["0e15d53a-7f24-44a3-ac6c-9fb527111616"], "types": ["user", "group",
      "servicePrincipal", "directoryObjectPartnerReference"]}'
    headers:
      Accept:
      - '*/*'
      Accept-Encoding:
      - gzip, deflate
      CommandName:
      - role assignment create
      Connection:
      - keep-alive
      Content-Length:
      - '132'
      Content-Type:
      - application/json
      ParameterSetName:
      - --assignee --role --scope
      User-Agent:
      - python/3.10.10 (Linux-5.15.0-1033-azure-x86_64-with-glibc2.31) AZURECLI/2.46.0
        VSTS_7b238909-6802-4b65-b90d-184bca47f458_build_220_0
    method: POST
    uri: https://graph.microsoft.com/v1.0/directoryObjects/getByIds
  response:
    body:
      string: '{"@odata.context":"https://graph.microsoft.com/v1.0/$metadata#directoryObjects","value":[{"@odata.type":"#microsoft.graph.servicePrincipal","id":"0e15d53a-7f24-44a3-ac6c-9fb527111616","deletedDateTime":null,"accountEnabled":true,"alternativeNames":["isExplicit=False","/subscriptions/00000000-0000-0000-0000-000000000000/resourcegroups/cli_test_os_disk_security_encryption000001/providers/Microsoft.Compute/diskEncryptionSets/des1000004"],"appDisplayName":null,"appDescription":null,"appId":"0e19219c-8548-41da-89a0-8df5f8a488af","applicationTemplateId":null,"appOwnerOrganizationId":null,"appRoleAssignmentRequired":false,"createdDateTime":"2023-03-13T11:29:49Z","description":null,"disabledByMicrosoftStatus":null,"displayName":"des1000004","homepage":null,"loginUrl":null,"logoutUrl":null,"notes":null,"notificationEmailAddresses":[],"preferredSingleSignOnMode":null,"preferredTokenSigningKeyThumbprint":null,"replyUrls":[],"servicePrincipalNames":["0e19219c-8548-41da-89a0-8df5f8a488af","https://identity.azure.net/W43purKsW5hFcL2SH9dVhpY9GJnT/sWyPWro1QuBtjE="],"servicePrincipalType":"ManagedIdentity","signInAudience":null,"tags":[],"tokenEncryptionKeyId":null,"info":null,"samlSingleSignOnSettings":null,"addIns":[],"appRoles":[],"keyCredentials":[{"customKeyIdentifier":"9F31E532FE37B4A80ADA99C89CCC38B6AB90AB1C","displayName":"CN=0e19219c-8548-41da-89a0-8df5f8a488af,
        DC=54826b22-38d6-4fb2-bad9-b7b93a3e9c5a","endDateTime":"2023-06-11T11:24:00Z","key":null,"keyId":"718a7702-d6ff-4c36-b239-2c85bd0851d8","startDateTime":"2023-03-13T11:24:00Z","type":"AsymmetricX509Cert","usage":"Verify"}],"oauth2PermissionScopes":[],"passwordCredentials":[],"resourceSpecificApplicationPermissions":[],"verifiedPublisher":{"displayName":null,"verifiedPublisherId":null,"addedDateTime":null}}]}'
    headers:
      cache-control:
      - no-cache
      content-length:
      - '1787'
      content-type:
      - application/json;odata.metadata=minimal;odata.streaming=true;IEEE754Compatible=false;charset=utf-8
      date:
      - Mon, 13 Mar 2023 11:30:37 GMT
      location:
      - https://graph.microsoft.com
      odata-version:
      - '4.0'
      request-id:
      - cae8e69b-3636-4a0c-95d8-89b8696ae840
      strict-transport-security:
      - max-age=31536000
      transfer-encoding:
      - chunked
      vary:
      - Accept-Encoding
      x-ms-ags-diagnostic:
      - '{"ServerInfo":{"DataCenter":"East US","Slice":"E","Ring":"5","ScaleUnit":"004","RoleInstance":"BL02EPF000025FD"}}'
      x-ms-resource-unit:
      - '3'
    status:
      code: 200
      message: OK
- request:
    body: null
    headers:
      Accept:
      - application/json
      Accept-Encoding:
      - gzip, deflate
      CommandName:
      - role assignment create
      Connection:
      - keep-alive
      ParameterSetName:
      - --assignee --role --scope
      User-Agent:
      - AZURECLI/2.46.0 azsdk-python-azure-mgmt-authorization/3.0.0 Python/3.10.10
        (Linux-5.15.0-1033-azure-x86_64-with-glibc2.31) VSTS_7b238909-6802-4b65-b90d-184bca47f458_build_220_0
    method: GET
    uri: https://management.azure.com/subscriptions/00000000-0000-0000-0000-000000000000/resourceGroups/cli_test_os_disk_security_encryption000001/providers/Microsoft.KeyVault/vaults/vault000002/providers/Microsoft.Authorization/roleDefinitions?$filter=roleName%20eq%20%27Reader%27&api-version=2022-04-01
  response:
    body:
      string: '{"value":[{"properties":{"roleName":"Reader","type":"BuiltInRole","description":"View
        all resources, but does not allow you to make any changes.","assignableScopes":["/"],"permissions":[{"actions":["*/read"],"notActions":[],"dataActions":[],"notDataActions":[]}],"createdOn":"2015-02-02T21:55:09.8806423Z","updatedOn":"2021-11-11T20:13:47.8628684Z","createdBy":null,"updatedBy":null},"id":"/subscriptions/00000000-0000-0000-0000-000000000000/providers/Microsoft.Authorization/roleDefinitions/acdd72a7-3385-48ef-bd42-f606fba81ae7","type":"Microsoft.Authorization/roleDefinitions","name":"acdd72a7-3385-48ef-bd42-f606fba81ae7"}]}'
    headers:
      cache-control:
      - no-cache
      content-length:
      - '627'
      content-type:
      - application/json; charset=utf-8
      date:
      - Mon, 13 Mar 2023 11:30:37 GMT
      expires:
      - '-1'
      pragma:
      - no-cache
      set-cookie:
      - x-ms-gateway-slice=Production; path=/; secure; samesite=none; httponly
      strict-transport-security:
      - max-age=31536000; includeSubDomains
      transfer-encoding:
      - chunked
      vary:
      - Accept-Encoding
      x-content-type-options:
      - nosniff
    status:
      code: 200
      message: OK
- request:
    body: '{"properties": {"roleDefinitionId": "/subscriptions/00000000-0000-0000-0000-000000000000/providers/Microsoft.Authorization/roleDefinitions/acdd72a7-3385-48ef-bd42-f606fba81ae7",
      "principalId": "0e15d53a-7f24-44a3-ac6c-9fb527111616", "principalType": "ServicePrincipal"}}'
    headers:
      Accept:
      - application/json
      Accept-Encoding:
      - gzip, deflate
      CommandName:
      - role assignment create
      Connection:
      - keep-alive
      Content-Length:
      - '270'
      Content-Type:
      - application/json
      Cookie:
      - x-ms-gateway-slice=Production
      ParameterSetName:
      - --assignee --role --scope
      User-Agent:
      - AZURECLI/2.46.0 azsdk-python-azure-mgmt-authorization/3.0.0 Python/3.10.10
        (Linux-5.15.0-1033-azure-x86_64-with-glibc2.31) VSTS_7b238909-6802-4b65-b90d-184bca47f458_build_220_0
    method: PUT
    uri: https://management.azure.com/subscriptions/00000000-0000-0000-0000-000000000000/resourceGroups/cli_test_os_disk_security_encryption000001/providers/Microsoft.KeyVault/vaults/vault000002/providers/Microsoft.Authorization/roleAssignments/88888888-0000-0000-0000-000000000001?api-version=2022-04-01
  response:
    body:
      string: '{"properties":{"roleDefinitionId":"/subscriptions/00000000-0000-0000-0000-000000000000/providers/Microsoft.Authorization/roleDefinitions/acdd72a7-3385-48ef-bd42-f606fba81ae7","principalId":"0e15d53a-7f24-44a3-ac6c-9fb527111616","principalType":"ServicePrincipal","scope":"/subscriptions/00000000-0000-0000-0000-000000000000/resourceGroups/cli_test_os_disk_security_encryption000001/providers/Microsoft.KeyVault/vaults/vault000002","condition":null,"conditionVersion":null,"createdOn":"2023-03-13T11:30:38.6922197Z","updatedOn":"2023-03-13T11:30:39.2972304Z","createdBy":null,"updatedBy":"6b30bdc6-696a-46fb-82d7-739c2fb147b7","delegatedManagedIdentityResourceId":null,"description":null},"id":"/subscriptions/00000000-0000-0000-0000-000000000000/resourceGroups/cli_test_os_disk_security_encryption000001/providers/Microsoft.KeyVault/vaults/vault000002/providers/Microsoft.Authorization/roleAssignments/88888888-0000-0000-0000-000000000001","type":"Microsoft.Authorization/roleAssignments","name":"88888888-0000-0000-0000-000000000001"}'
    headers:
      cache-control:
      - no-cache
      content-length:
      - '1035'
      content-type:
      - application/json; charset=utf-8
      date:
      - Mon, 13 Mar 2023 11:30:41 GMT
      expires:
      - '-1'
      pragma:
      - no-cache
      strict-transport-security:
      - max-age=31536000; includeSubDomains
      x-content-type-options:
      - nosniff
      x-ms-ratelimit-remaining-subscription-writes:
      - '1193'
    status:
      code: 201
      message: Created
- request:
    body: null
    headers:
      Accept:
      - application/json
      Accept-Encoding:
      - gzip, deflate
      CommandName:
      - vm create
      Connection:
      - keep-alive
      ParameterSetName:
      - -n -g --size --security-type --image --admin-username --admin-password --enable-vtpm
        --enable-secure-boot --os-disk-security-encryption-type --os-disk-secure-vm-disk-encryption-set
      User-Agent:
      - AZURECLI/2.46.0 azsdk-python-azure-mgmt-resource/22.0.0 Python/3.10.10 (Linux-5.15.0-1033-azure-x86_64-with-glibc2.31)
        VSTS_7b238909-6802-4b65-b90d-184bca47f458_build_220_0
    method: GET
    uri: https://management.azure.com/subscriptions/00000000-0000-0000-0000-000000000000/resourcegroups/cli_test_os_disk_security_encryption000001?api-version=2022-09-01
  response:
    body:
      string: '{"id":"/subscriptions/00000000-0000-0000-0000-000000000000/resourceGroups/cli_test_os_disk_security_encryption000001","name":"cli_test_os_disk_security_encryption000001","type":"Microsoft.Resources/resourceGroups","location":"northeurope","tags":{"product":"azurecli","cause":"automation","date":"2023-03-13T11:29:08Z"},"properties":{"provisioningState":"Succeeded"}}'
    headers:
      cache-control:
      - no-cache
      content-length:
      - '367'
      content-type:
      - application/json; charset=utf-8
      date:
      - Mon, 13 Mar 2023 11:30:41 GMT
      expires:
      - '-1'
      pragma:
      - no-cache
      strict-transport-security:
      - max-age=31536000; includeSubDomains
      vary:
      - Accept-Encoding
      x-content-type-options:
      - nosniff
    status:
      code: 200
      message: OK
- request:
    body: null
    headers:
      Accept:
      - application/json
      Accept-Encoding:
      - gzip, deflate
      CommandName:
      - vm create
      Connection:
      - keep-alive
      ParameterSetName:
      - -n -g --size --security-type --image --admin-username --admin-password --enable-vtpm
        --enable-secure-boot --os-disk-security-encryption-type --os-disk-secure-vm-disk-encryption-set
      User-Agent:
      - AZURECLI/2.46.0 azsdk-python-azure-mgmt-compute/29.1.0 Python/3.10.10 (Linux-5.15.0-1033-azure-x86_64-with-glibc2.31)
        VSTS_7b238909-6802-4b65-b90d-184bca47f458_build_220_0
    method: GET
    uri: https://management.azure.com/subscriptions/00000000-0000-0000-0000-000000000000/providers/Microsoft.Compute/locations/northeurope/publishers/MicrosoftWindowsServer/artifacttypes/vmimage/offers/WindowsServer/skus/2022-datacenter-smalldisk-g2/versions?$top=1&$orderby=name%20desc&api-version=2022-11-01
  response:
    body:
      string: "[\r\n  {\r\n    \"location\": \"northeurope\",\r\n    \"name\": \"20348.1547.230207\",\r\n
        \   \"id\": \"/Subscriptions/00000000-0000-0000-0000-000000000000/Providers/Microsoft.Compute/Locations/northeurope/Publishers/MicrosoftWindowsServer/ArtifactTypes/VMImage/Offers/WindowsServer/Skus/2022-datacenter-smalldisk-g2/Versions/20348.1547.230207\"\r\n
        \ }\r\n]"
    headers:
      cache-control:
      - no-cache
      content-length:
      - '333'
      content-type:
      - application/json; charset=utf-8
      date:
      - Mon, 13 Mar 2023 11:30:41 GMT
      expires:
      - '-1'
      pragma:
      - no-cache
      server:
      - Microsoft-HTTPAPI/2.0
      - Microsoft-HTTPAPI/2.0
      strict-transport-security:
      - max-age=31536000; includeSubDomains
      transfer-encoding:
      - chunked
      vary:
      - Accept-Encoding
      x-content-type-options:
      - nosniff
      x-ms-ratelimit-remaining-resource:
      - Microsoft.Compute/ListVMImagesVersionsFromLocation3Min;15999,Microsoft.Compute/ListVMImagesVersionsFromLocation30Min;43999
    status:
      code: 200
      message: OK
- request:
    body: null
    headers:
      Accept:
      - application/json
      Accept-Encoding:
      - gzip, deflate
      CommandName:
      - vm create
      Connection:
      - keep-alive
      ParameterSetName:
      - -n -g --size --security-type --image --admin-username --admin-password --enable-vtpm
        --enable-secure-boot --os-disk-security-encryption-type --os-disk-secure-vm-disk-encryption-set
      User-Agent:
      - AZURECLI/2.46.0 azsdk-python-azure-mgmt-compute/29.1.0 Python/3.10.10 (Linux-5.15.0-1033-azure-x86_64-with-glibc2.31)
        VSTS_7b238909-6802-4b65-b90d-184bca47f458_build_220_0
    method: GET
    uri: https://management.azure.com/subscriptions/00000000-0000-0000-0000-000000000000/providers/Microsoft.Compute/locations/northeurope/publishers/MicrosoftWindowsServer/artifacttypes/vmimage/offers/WindowsServer/skus/2022-datacenter-smalldisk-g2/versions/20348.1547.230207?api-version=2022-11-01
  response:
    body:
      string: "{\r\n  \"properties\": {\r\n    \"hyperVGeneration\": \"V2\",\r\n    \"architecture\":
        \"x64\",\r\n    \"replicaType\": \"Managed\",\r\n    \"replicaCount\": 10,\r\n
        \   \"disallowed\": {\r\n      \"vmDiskType\": \"Unmanaged\"\r\n    },\r\n
        \   \"automaticOSUpgradeProperties\": {\r\n      \"automaticOSUpgradeSupported\":
        false\r\n    },\r\n    \"imageDeprecationStatus\": {\r\n      \"imageState\":
        \"Active\"\r\n    },\r\n    \"features\": [\r\n      {\r\n        \"name\":
        \"SecurityType\",\r\n        \"value\": \"TrustedLaunchAndConfidentialVmSupported\"\r\n
        \     },\r\n      {\r\n        \"name\": \"IsAcceleratedNetworkSupported\",\r\n
        \       \"value\": \"True\"\r\n      },\r\n      {\r\n        \"name\": \"DiskControllerTypes\",\r\n
        \       \"value\": \"SCSI, NVMe\"\r\n      },\r\n      {\r\n        \"name\":
        \"IsHibernateSupported\",\r\n        \"value\": \"True\"\r\n      }\r\n    ],\r\n
        \   \"osDiskImage\": {\r\n      \"operatingSystem\": \"Windows\",\r\n      \"sizeInGb\":
        30\r\n    },\r\n    \"dataDiskImages\": []\r\n  },\r\n  \"location\": \"northeurope\",\r\n
        \ \"name\": \"20348.1547.230207\",\r\n  \"id\": \"/Subscriptions/00000000-0000-0000-0000-000000000000/Providers/Microsoft.Compute/Locations/northeurope/Publishers/MicrosoftWindowsServer/ArtifactTypes/VMImage/Offers/WindowsServer/Skus/2022-datacenter-smalldisk-g2/Versions/20348.1547.230207\"\r\n}"
    headers:
      cache-control:
      - no-cache
      content-length:
      - '1203'
      content-type:
      - application/json; charset=utf-8
      date:
      - Mon, 13 Mar 2023 11:30:42 GMT
      expires:
      - '-1'
      pragma:
      - no-cache
      server:
      - Microsoft-HTTPAPI/2.0
      - Microsoft-HTTPAPI/2.0
      strict-transport-security:
      - max-age=31536000; includeSubDomains
      transfer-encoding:
      - chunked
      vary:
      - Accept-Encoding
      x-content-type-options:
      - nosniff
      x-ms-ratelimit-remaining-resource:
      - Microsoft.Compute/GetVMImageFromLocation3Min;12999,Microsoft.Compute/GetVMImageFromLocation30Min;73999
    status:
      code: 200
      message: OK
- request:
    body: null
    headers:
      Accept:
      - application/json
      Accept-Encoding:
      - gzip, deflate
      CommandName:
      - vm create
      Connection:
      - keep-alive
      ParameterSetName:
      - -n -g --size --security-type --image --admin-username --admin-password --enable-vtpm
        --enable-secure-boot --os-disk-security-encryption-type --os-disk-secure-vm-disk-encryption-set
      User-Agent:
      - AZURECLI/2.46.0 azsdk-python-azure-mgmt-network/21.0.1 Python/3.10.10 (Linux-5.15.0-1033-azure-x86_64-with-glibc2.31)
        VSTS_7b238909-6802-4b65-b90d-184bca47f458_build_220_0
    method: GET
    uri: https://management.azure.com/subscriptions/00000000-0000-0000-0000-000000000000/resourceGroups/cli_test_os_disk_security_encryption000001/providers/Microsoft.Network/virtualNetworks?api-version=2022-01-01
  response:
    body:
      string: '{"value":[]}'
    headers:
      cache-control:
      - no-cache
      content-length:
      - '12'
      content-type:
      - application/json; charset=utf-8
      date:
      - Mon, 13 Mar 2023 11:30:43 GMT
      expires:
      - '-1'
      pragma:
      - no-cache
      strict-transport-security:
      - max-age=31536000; includeSubDomains
      vary:
      - Accept-Encoding
      x-content-type-options:
      - nosniff
    status:
      code: 200
      message: OK
- request:
    body: null
    headers:
      Accept:
      - application/json
      Accept-Encoding:
      - gzip, deflate
      CommandName:
      - vm create
      Connection:
      - keep-alive
      ParameterSetName:
      - -n -g --size --security-type --image --admin-username --admin-password --enable-vtpm
        --enable-secure-boot --os-disk-security-encryption-type --os-disk-secure-vm-disk-encryption-set
      User-Agent:
      - AZURECLI/2.46.0 azsdk-python-azure-mgmt-compute/29.1.0 Python/3.10.10 (Linux-5.15.0-1033-azure-x86_64-with-glibc2.31)
        VSTS_7b238909-6802-4b65-b90d-184bca47f458_build_220_0
    method: GET
    uri: https://management.azure.com/subscriptions/00000000-0000-0000-0000-000000000000/providers/Microsoft.Compute/locations/northeurope/publishers/MicrosoftWindowsServer/artifacttypes/vmimage/offers/WindowsServer/skus/2022-datacenter-smalldisk-g2/versions?$top=1&$orderby=name%20desc&api-version=2022-11-01
  response:
    body:
      string: "[\r\n  {\r\n    \"location\": \"northeurope\",\r\n    \"name\": \"20348.1547.230207\",\r\n
        \   \"id\": \"/Subscriptions/00000000-0000-0000-0000-000000000000/Providers/Microsoft.Compute/Locations/northeurope/Publishers/MicrosoftWindowsServer/ArtifactTypes/VMImage/Offers/WindowsServer/Skus/2022-datacenter-smalldisk-g2/Versions/20348.1547.230207\"\r\n
        \ }\r\n]"
    headers:
      cache-control:
      - no-cache
      content-length:
      - '333'
      content-type:
      - application/json; charset=utf-8
      date:
      - Mon, 13 Mar 2023 11:30:44 GMT
      expires:
      - '-1'
      pragma:
      - no-cache
      server:
      - Microsoft-HTTPAPI/2.0
      - Microsoft-HTTPAPI/2.0
      strict-transport-security:
      - max-age=31536000; includeSubDomains
      transfer-encoding:
      - chunked
      vary:
      - Accept-Encoding
      x-content-type-options:
      - nosniff
      x-ms-ratelimit-remaining-resource:
      - Microsoft.Compute/ListVMImagesVersionsFromLocation3Min;15998,Microsoft.Compute/ListVMImagesVersionsFromLocation30Min;43998
    status:
      code: 200
      message: OK
- request:
    body: null
    headers:
      Accept:
      - application/json
      Accept-Encoding:
      - gzip, deflate
      CommandName:
      - vm create
      Connection:
      - keep-alive
      ParameterSetName:
      - -n -g --size --security-type --image --admin-username --admin-password --enable-vtpm
        --enable-secure-boot --os-disk-security-encryption-type --os-disk-secure-vm-disk-encryption-set
      User-Agent:
      - AZURECLI/2.46.0 azsdk-python-azure-mgmt-compute/29.1.0 Python/3.10.10 (Linux-5.15.0-1033-azure-x86_64-with-glibc2.31)
        VSTS_7b238909-6802-4b65-b90d-184bca47f458_build_220_0
    method: GET
    uri: https://management.azure.com/subscriptions/00000000-0000-0000-0000-000000000000/providers/Microsoft.Compute/locations/northeurope/publishers/MicrosoftWindowsServer/artifacttypes/vmimage/offers/WindowsServer/skus/2022-datacenter-smalldisk-g2/versions/20348.1547.230207?api-version=2022-11-01
  response:
    body:
      string: "{\r\n  \"properties\": {\r\n    \"hyperVGeneration\": \"V2\",\r\n    \"architecture\":
        \"x64\",\r\n    \"replicaType\": \"Managed\",\r\n    \"replicaCount\": 10,\r\n
        \   \"disallowed\": {\r\n      \"vmDiskType\": \"Unmanaged\"\r\n    },\r\n
        \   \"automaticOSUpgradeProperties\": {\r\n      \"automaticOSUpgradeSupported\":
        false\r\n    },\r\n    \"imageDeprecationStatus\": {\r\n      \"imageState\":
        \"Active\"\r\n    },\r\n    \"features\": [\r\n      {\r\n        \"name\":
        \"SecurityType\",\r\n        \"value\": \"TrustedLaunchAndConfidentialVmSupported\"\r\n
        \     },\r\n      {\r\n        \"name\": \"IsAcceleratedNetworkSupported\",\r\n
        \       \"value\": \"True\"\r\n      },\r\n      {\r\n        \"name\": \"DiskControllerTypes\",\r\n
        \       \"value\": \"SCSI, NVMe\"\r\n      },\r\n      {\r\n        \"name\":
        \"IsHibernateSupported\",\r\n        \"value\": \"True\"\r\n      }\r\n    ],\r\n
        \   \"osDiskImage\": {\r\n      \"operatingSystem\": \"Windows\",\r\n      \"sizeInGb\":
        30\r\n    },\r\n    \"dataDiskImages\": []\r\n  },\r\n  \"location\": \"northeurope\",\r\n
        \ \"name\": \"20348.1547.230207\",\r\n  \"id\": \"/Subscriptions/00000000-0000-0000-0000-000000000000/Providers/Microsoft.Compute/Locations/northeurope/Publishers/MicrosoftWindowsServer/ArtifactTypes/VMImage/Offers/WindowsServer/Skus/2022-datacenter-smalldisk-g2/Versions/20348.1547.230207\"\r\n}"
    headers:
      cache-control:
      - no-cache
      content-length:
      - '1203'
      content-type:
      - application/json; charset=utf-8
      date:
      - Mon, 13 Mar 2023 11:30:44 GMT
      expires:
      - '-1'
      pragma:
      - no-cache
      server:
      - Microsoft-HTTPAPI/2.0
      - Microsoft-HTTPAPI/2.0
      strict-transport-security:
      - max-age=31536000; includeSubDomains
      transfer-encoding:
      - chunked
      vary:
      - Accept-Encoding
      x-content-type-options:
      - nosniff
      x-ms-ratelimit-remaining-resource:
      - Microsoft.Compute/GetVMImageFromLocation3Min;12998,Microsoft.Compute/GetVMImageFromLocation30Min;73998
    status:
      code: 200
      message: OK
- request:
    body: null
    headers:
      Accept:
      - application/json
      Accept-Encoding:
      - gzip, deflate
      CommandName:
      - vm create
      Connection:
      - keep-alive
      ParameterSetName:
      - -n -g --size --security-type --image --admin-username --admin-password --enable-vtpm
        --enable-secure-boot --os-disk-security-encryption-type --os-disk-secure-vm-disk-encryption-set
      User-Agent:
      - AZURECLI/2.46.0 azsdk-python-azure-mgmt-compute/29.1.0 Python/3.10.10 (Linux-5.15.0-1033-azure-x86_64-with-glibc2.31)
        VSTS_7b238909-6802-4b65-b90d-184bca47f458_build_220_0
    method: GET
    uri: https://management.azure.com/subscriptions/00000000-0000-0000-0000-000000000000/providers/Microsoft.Compute/locations/northeurope/publishers/MicrosoftWindowsServer/artifacttypes/vmimage/offers/WindowsServer/skus/2022-datacenter-smalldisk-g2/versions?$top=1&$orderby=name%20desc&api-version=2022-11-01
  response:
    body:
      string: "[\r\n  {\r\n    \"location\": \"northeurope\",\r\n    \"name\": \"20348.1547.230207\",\r\n
        \   \"id\": \"/Subscriptions/00000000-0000-0000-0000-000000000000/Providers/Microsoft.Compute/Locations/northeurope/Publishers/MicrosoftWindowsServer/ArtifactTypes/VMImage/Offers/WindowsServer/Skus/2022-datacenter-smalldisk-g2/Versions/20348.1547.230207\"\r\n
        \ }\r\n]"
    headers:
      cache-control:
      - no-cache
      content-length:
      - '333'
      content-type:
      - application/json; charset=utf-8
      date:
      - Mon, 13 Mar 2023 11:30:45 GMT
      expires:
      - '-1'
      pragma:
      - no-cache
      server:
      - Microsoft-HTTPAPI/2.0
      - Microsoft-HTTPAPI/2.0
      strict-transport-security:
      - max-age=31536000; includeSubDomains
      transfer-encoding:
      - chunked
      vary:
      - Accept-Encoding
      x-content-type-options:
      - nosniff
      x-ms-ratelimit-remaining-resource:
      - Microsoft.Compute/ListVMImagesVersionsFromLocation3Min;15997,Microsoft.Compute/ListVMImagesVersionsFromLocation30Min;43997
    status:
      code: 200
      message: OK
- request:
    body: null
    headers:
      Accept:
      - application/json
      Accept-Encoding:
      - gzip, deflate
      CommandName:
      - vm create
      Connection:
      - keep-alive
      ParameterSetName:
      - -n -g --size --security-type --image --admin-username --admin-password --enable-vtpm
        --enable-secure-boot --os-disk-security-encryption-type --os-disk-secure-vm-disk-encryption-set
      User-Agent:
      - AZURECLI/2.46.0 azsdk-python-azure-mgmt-compute/29.1.0 Python/3.10.10 (Linux-5.15.0-1033-azure-x86_64-with-glibc2.31)
        VSTS_7b238909-6802-4b65-b90d-184bca47f458_build_220_0
    method: GET
    uri: https://management.azure.com/subscriptions/00000000-0000-0000-0000-000000000000/providers/Microsoft.Compute/locations/northeurope/publishers/MicrosoftWindowsServer/artifacttypes/vmimage/offers/WindowsServer/skus/2022-datacenter-smalldisk-g2/versions/20348.1547.230207?api-version=2022-11-01
  response:
    body:
      string: "{\r\n  \"properties\": {\r\n    \"hyperVGeneration\": \"V2\",\r\n    \"architecture\":
        \"x64\",\r\n    \"replicaType\": \"Managed\",\r\n    \"replicaCount\": 10,\r\n
        \   \"disallowed\": {\r\n      \"vmDiskType\": \"Unmanaged\"\r\n    },\r\n
        \   \"automaticOSUpgradeProperties\": {\r\n      \"automaticOSUpgradeSupported\":
        false\r\n    },\r\n    \"imageDeprecationStatus\": {\r\n      \"imageState\":
        \"Active\"\r\n    },\r\n    \"features\": [\r\n      {\r\n        \"name\":
        \"SecurityType\",\r\n        \"value\": \"TrustedLaunchAndConfidentialVmSupported\"\r\n
        \     },\r\n      {\r\n        \"name\": \"IsAcceleratedNetworkSupported\",\r\n
        \       \"value\": \"True\"\r\n      },\r\n      {\r\n        \"name\": \"DiskControllerTypes\",\r\n
        \       \"value\": \"SCSI, NVMe\"\r\n      },\r\n      {\r\n        \"name\":
        \"IsHibernateSupported\",\r\n        \"value\": \"True\"\r\n      }\r\n    ],\r\n
        \   \"osDiskImage\": {\r\n      \"operatingSystem\": \"Windows\",\r\n      \"sizeInGb\":
        30\r\n    },\r\n    \"dataDiskImages\": []\r\n  },\r\n  \"location\": \"northeurope\",\r\n
        \ \"name\": \"20348.1547.230207\",\r\n  \"id\": \"/Subscriptions/00000000-0000-0000-0000-000000000000/Providers/Microsoft.Compute/Locations/northeurope/Publishers/MicrosoftWindowsServer/ArtifactTypes/VMImage/Offers/WindowsServer/Skus/2022-datacenter-smalldisk-g2/Versions/20348.1547.230207\"\r\n}"
    headers:
      cache-control:
      - no-cache
      content-length:
      - '1203'
      content-type:
      - application/json; charset=utf-8
      date:
      - Mon, 13 Mar 2023 11:30:44 GMT
      expires:
      - '-1'
      pragma:
      - no-cache
      server:
      - Microsoft-HTTPAPI/2.0
      - Microsoft-HTTPAPI/2.0
      strict-transport-security:
      - max-age=31536000; includeSubDomains
      transfer-encoding:
      - chunked
      vary:
      - Accept-Encoding
      x-content-type-options:
      - nosniff
      x-ms-ratelimit-remaining-resource:
      - Microsoft.Compute/GetVMImageFromLocation3Min;12997,Microsoft.Compute/GetVMImageFromLocation30Min;73997
    status:
      code: 200
      message: OK
- request:
    body: '{"properties": {"template": {"$schema": "https://schema.management.azure.com/schemas/2015-01-01/deploymentTemplate.json#",
      "contentVersion": "1.0.0.0", "parameters": {"adminPassword": {"type": "securestring",
      "metadata": {"description": "Secure adminPassword"}}}, "variables": {}, "resources":
      [{"name": "vm1000005VNET", "type": "Microsoft.Network/virtualNetworks", "location":
      "northeurope", "apiVersion": "2015-06-15", "dependsOn": [], "tags": {}, "properties":
      {"addressSpace": {"addressPrefixes": ["10.0.0.0/16"]}, "subnets": [{"name":
      "vm1000005Subnet", "properties": {"addressPrefix": "10.0.0.0/24"}}]}}, {"type":
      "Microsoft.Network/networkSecurityGroups", "name": "vm1000005NSG", "apiVersion":
      "2015-06-15", "location": "northeurope", "tags": {}, "dependsOn": [], "properties":
      {"securityRules": [{"name": "rdp", "properties": {"protocol": "Tcp", "sourcePortRange":
      "*", "destinationPortRange": "3389", "sourceAddressPrefix": "*", "destinationAddressPrefix":
      "*", "access": "Allow", "priority": 1000, "direction": "Inbound"}}]}}, {"apiVersion":
      "2022-01-01", "type": "Microsoft.Network/publicIPAddresses", "name": "vm1000005PublicIP",
      "location": "northeurope", "tags": {}, "dependsOn": [], "properties": {"publicIPAllocationMethod":
      null}}, {"apiVersion": "2015-06-15", "type": "Microsoft.Network/networkInterfaces",
      "name": "vm1000005VMNic", "location": "northeurope", "tags": {}, "dependsOn":
      ["Microsoft.Network/virtualNetworks/vm1000005VNET", "Microsoft.Network/networkSecurityGroups/vm1000005NSG",
      "Microsoft.Network/publicIpAddresses/vm1000005PublicIP"], "properties": {"ipConfigurations":
      [{"name": "ipconfigvm1000005", "properties": {"privateIPAllocationMethod": "Dynamic",
      "subnet": {"id": "/subscriptions/00000000-0000-0000-0000-000000000000/resourceGroups/cli_test_os_disk_security_encryption000001/providers/Microsoft.Network/virtualNetworks/vm1000005VNET/subnets/vm1000005Subnet"},
      "publicIPAddress": {"id": "/subscriptions/00000000-0000-0000-0000-000000000000/resourceGroups/cli_test_os_disk_security_encryption000001/providers/Microsoft.Network/publicIPAddresses/vm1000005PublicIP"}}}],
      "networkSecurityGroup": {"id": "/subscriptions/00000000-0000-0000-0000-000000000000/resourceGroups/cli_test_os_disk_security_encryption000001/providers/Microsoft.Network/networkSecurityGroups/vm1000005NSG"}}},
      {"apiVersion": "2022-11-01", "type": "Microsoft.Compute/virtualMachines", "name":
      "vm1000005", "location": "northeurope", "tags": {}, "dependsOn": ["Microsoft.Network/networkInterfaces/vm1000005VMNic"],
      "properties": {"hardwareProfile": {"vmSize": "Standard_DC2as_v5"}, "networkProfile":
      {"networkInterfaces": [{"id": "/subscriptions/00000000-0000-0000-0000-000000000000/resourceGroups/cli_test_os_disk_security_encryption000001/providers/Microsoft.Network/networkInterfaces/vm1000005VMNic",
      "properties": {"deleteOption": null}}]}, "storageProfile": {"osDisk": {"createOption":
      "fromImage", "name": null, "caching": "ReadWrite", "managedDisk": {"storageAccountType":
      null, "securityProfile": {"securityEncryptionType": "DiskWithVMGuestState",
      "diskEncryptionSet": {"id": "/subscriptions/00000000-0000-0000-0000-000000000000/resourceGroups/cli_test_os_disk_security_encryption000001/providers/Microsoft.Compute/diskEncryptionSets/des1000004"}}}},
      "imageReference": {"publisher": "MicrosoftWindowsServer", "offer": "WindowsServer",
      "sku": "2022-datacenter-smalldisk-g2", "version": "latest"}}, "osProfile": {"computerName":
      "vm1000005", "adminUsername": "testuser", "adminPassword": "[parameters(''adminPassword'')]"},
      "securityProfile": {"securityType": "ConfidentialVM", "uefiSettings": {"secureBootEnabled":
      true, "vTpmEnabled": true}}}}], "outputs": {}}, "parameters": {"adminPassword":
      {"value": "testPassword0"}}, "mode": "incremental"}}'
    headers:
      Accept:
      - application/json
      Accept-Encoding:
      - gzip, deflate
      CommandName:
      - vm create
      Connection:
      - keep-alive
      Content-Length:
      - '3760'
      Content-Type:
      - application/json
      ParameterSetName:
      - -n -g --size --security-type --image --admin-username --admin-password --enable-vtpm
        --enable-secure-boot --os-disk-security-encryption-type --os-disk-secure-vm-disk-encryption-set
      User-Agent:
      - AZURECLI/2.46.0 azsdk-python-azure-mgmt-resource/22.0.0 Python/3.10.10 (Linux-5.15.0-1033-azure-x86_64-with-glibc2.31)
        VSTS_7b238909-6802-4b65-b90d-184bca47f458_build_220_0
    method: PUT
    uri: https://management.azure.com/subscriptions/00000000-0000-0000-0000-000000000000/resourcegroups/cli_test_os_disk_security_encryption000001/providers/Microsoft.Resources/deployments/mock-deployment?api-version=2022-09-01
  response:
    body:
      string: '{"id":"/subscriptions/00000000-0000-0000-0000-000000000000/resourceGroups/cli_test_os_disk_security_encryption000001/providers/Microsoft.Resources/deployments/vm_deploy_QzQi89sJ6scWWajWAFpcirEcBfTtvp2S","name":"vm_deploy_QzQi89sJ6scWWajWAFpcirEcBfTtvp2S","type":"Microsoft.Resources/deployments","properties":{"templateHash":"9238721144125981189","parameters":{"adminPassword":{"type":"SecureString"}},"mode":"Incremental","provisioningState":"Accepted","timestamp":"2023-03-13T11:30:48.206678Z","duration":"PT0.0005956S","correlationId":"34293515-ef12-4e6f-a09e-fd1e30ea5e34","providers":[{"namespace":"Microsoft.Network","resourceTypes":[{"resourceType":"virtualNetworks","locations":["northeurope"]},{"resourceType":"networkSecurityGroups","locations":["northeurope"]},{"resourceType":"publicIPAddresses","locations":["northeurope"]},{"resourceType":"networkInterfaces","locations":["northeurope"]}]},{"namespace":"Microsoft.Compute","resourceTypes":[{"resourceType":"virtualMachines","locations":["northeurope"]}]}],"dependencies":[{"dependsOn":[{"id":"/subscriptions/00000000-0000-0000-0000-000000000000/resourceGroups/cli_test_os_disk_security_encryption000001/providers/Microsoft.Network/virtualNetworks/vm1000005VNET","resourceType":"Microsoft.Network/virtualNetworks","resourceName":"vm1000005VNET"},{"id":"/subscriptions/00000000-0000-0000-0000-000000000000/resourceGroups/cli_test_os_disk_security_encryption000001/providers/Microsoft.Network/networkSecurityGroups/vm1000005NSG","resourceType":"Microsoft.Network/networkSecurityGroups","resourceName":"vm1000005NSG"},{"id":"/subscriptions/00000000-0000-0000-0000-000000000000/resourceGroups/cli_test_os_disk_security_encryption000001/providers/Microsoft.Network/publicIPAddresses/vm1000005PublicIP","resourceType":"Microsoft.Network/publicIPAddresses","resourceName":"vm1000005PublicIP"}],"id":"/subscriptions/00000000-0000-0000-0000-000000000000/resourceGroups/cli_test_os_disk_security_encryption000001/providers/Microsoft.Network/networkInterfaces/vm1000005VMNic","resourceType":"Microsoft.Network/networkInterfaces","resourceName":"vm1000005VMNic"},{"dependsOn":[{"id":"/subscriptions/00000000-0000-0000-0000-000000000000/resourceGroups/cli_test_os_disk_security_encryption000001/providers/Microsoft.Network/networkInterfaces/vm1000005VMNic","resourceType":"Microsoft.Network/networkInterfaces","resourceName":"vm1000005VMNic"}],"id":"/subscriptions/00000000-0000-0000-0000-000000000000/resourceGroups/cli_test_os_disk_security_encryption000001/providers/Microsoft.Compute/virtualMachines/vm1000005","resourceType":"Microsoft.Compute/virtualMachines","resourceName":"vm1000005"}]}}'
    headers:
      azure-asyncoperation:
      - https://management.azure.com/subscriptions/00000000-0000-0000-0000-000000000000/resourcegroups/cli_test_os_disk_security_encryption000001/providers/Microsoft.Resources/deployments/vm_deploy_QzQi89sJ6scWWajWAFpcirEcBfTtvp2S/operationStatuses/08585228998386523919?api-version=2022-09-01
      cache-control:
      - no-cache
      content-length:
      - '2646'
      content-type:
      - application/json; charset=utf-8
      date:
      - Mon, 13 Mar 2023 11:30:48 GMT
      expires:
      - '-1'
      pragma:
      - no-cache
      strict-transport-security:
      - max-age=31536000; includeSubDomains
      x-content-type-options:
      - nosniff
      x-ms-ratelimit-remaining-subscription-writes:
      - '1198'
    status:
      code: 201
      message: Created
- request:
    body: null
    headers:
      Accept:
      - '*/*'
      Accept-Encoding:
      - gzip, deflate
      CommandName:
      - vm create
      Connection:
      - keep-alive
      ParameterSetName:
      - -n -g --size --security-type --image --admin-username --admin-password --enable-vtpm
        --enable-secure-boot --os-disk-security-encryption-type --os-disk-secure-vm-disk-encryption-set
      User-Agent:
      - AZURECLI/2.46.0 azsdk-python-azure-mgmt-resource/22.0.0 Python/3.10.10 (Linux-5.15.0-1033-azure-x86_64-with-glibc2.31)
        VSTS_7b238909-6802-4b65-b90d-184bca47f458_build_220_0
    method: GET
    uri: https://management.azure.com/subscriptions/00000000-0000-0000-0000-000000000000/resourcegroups/cli_test_os_disk_security_encryption000001/providers/Microsoft.Resources/deployments/mock-deployment/operationStatuses/08585228998386523919?api-version=2022-09-01
  response:
    body:
      string: '{"status":"Running"}'
    headers:
      cache-control:
      - no-cache
      content-length:
      - '20'
      content-type:
      - application/json; charset=utf-8
      date:
      - Mon, 13 Mar 2023 11:31:18 GMT
      expires:
      - '-1'
      pragma:
      - no-cache
      strict-transport-security:
      - max-age=31536000; includeSubDomains
      vary:
      - Accept-Encoding
      x-content-type-options:
      - nosniff
    status:
      code: 200
      message: OK
- request:
    body: null
    headers:
      Accept:
      - '*/*'
      Accept-Encoding:
      - gzip, deflate
      CommandName:
      - vm create
      Connection:
      - keep-alive
      ParameterSetName:
      - -n -g --size --security-type --image --admin-username --admin-password --enable-vtpm
        --enable-secure-boot --os-disk-security-encryption-type --os-disk-secure-vm-disk-encryption-set
      User-Agent:
      - AZURECLI/2.46.0 azsdk-python-azure-mgmt-resource/22.0.0 Python/3.10.10 (Linux-5.15.0-1033-azure-x86_64-with-glibc2.31)
        VSTS_7b238909-6802-4b65-b90d-184bca47f458_build_220_0
    method: GET
    uri: https://management.azure.com/subscriptions/00000000-0000-0000-0000-000000000000/resourcegroups/cli_test_os_disk_security_encryption000001/providers/Microsoft.Resources/deployments/mock-deployment/operationStatuses/08585228998386523919?api-version=2022-09-01
  response:
    body:
      string: '{"status":"Running"}'
    headers:
      cache-control:
      - no-cache
      content-length:
      - '20'
      content-type:
      - application/json; charset=utf-8
      date:
      - Mon, 13 Mar 2023 11:31:48 GMT
      expires:
      - '-1'
      pragma:
      - no-cache
      strict-transport-security:
      - max-age=31536000; includeSubDomains
      vary:
      - Accept-Encoding
      x-content-type-options:
      - nosniff
    status:
      code: 200
      message: OK
- request:
    body: null
    headers:
      Accept:
      - '*/*'
      Accept-Encoding:
      - gzip, deflate
      CommandName:
      - vm create
      Connection:
      - keep-alive
      ParameterSetName:
      - -n -g --size --security-type --image --admin-username --admin-password --enable-vtpm
        --enable-secure-boot --os-disk-security-encryption-type --os-disk-secure-vm-disk-encryption-set
      User-Agent:
      - AZURECLI/2.46.0 azsdk-python-azure-mgmt-resource/22.0.0 Python/3.10.10 (Linux-5.15.0-1033-azure-x86_64-with-glibc2.31)
        VSTS_7b238909-6802-4b65-b90d-184bca47f458_build_220_0
    method: GET
    uri: https://management.azure.com/subscriptions/00000000-0000-0000-0000-000000000000/resourcegroups/cli_test_os_disk_security_encryption000001/providers/Microsoft.Resources/deployments/mock-deployment/operationStatuses/08585228998386523919?api-version=2022-09-01
  response:
    body:
      string: '{"status":"Running"}'
    headers:
      cache-control:
      - no-cache
      content-length:
      - '20'
      content-type:
      - application/json; charset=utf-8
      date:
      - Mon, 13 Mar 2023 11:32:18 GMT
      expires:
      - '-1'
      pragma:
      - no-cache
      strict-transport-security:
      - max-age=31536000; includeSubDomains
      vary:
      - Accept-Encoding
      x-content-type-options:
      - nosniff
    status:
      code: 200
      message: OK
- request:
    body: null
    headers:
      Accept:
      - '*/*'
      Accept-Encoding:
      - gzip, deflate
      CommandName:
      - vm create
      Connection:
      - keep-alive
      ParameterSetName:
      - -n -g --size --security-type --image --admin-username --admin-password --enable-vtpm
        --enable-secure-boot --os-disk-security-encryption-type --os-disk-secure-vm-disk-encryption-set
      User-Agent:
      - AZURECLI/2.46.0 azsdk-python-azure-mgmt-resource/22.0.0 Python/3.10.10 (Linux-5.15.0-1033-azure-x86_64-with-glibc2.31)
        VSTS_7b238909-6802-4b65-b90d-184bca47f458_build_220_0
    method: GET
    uri: https://management.azure.com/subscriptions/00000000-0000-0000-0000-000000000000/resourcegroups/cli_test_os_disk_security_encryption000001/providers/Microsoft.Resources/deployments/mock-deployment/operationStatuses/08585228998386523919?api-version=2022-09-01
  response:
    body:
      string: '{"status":"Running"}'
    headers:
      cache-control:
      - no-cache
      content-length:
      - '20'
      content-type:
      - application/json; charset=utf-8
      date:
      - Mon, 13 Mar 2023 11:32:48 GMT
      expires:
      - '-1'
      pragma:
      - no-cache
      strict-transport-security:
      - max-age=31536000; includeSubDomains
      vary:
      - Accept-Encoding
      x-content-type-options:
      - nosniff
    status:
      code: 200
      message: OK
- request:
    body: null
    headers:
      Accept:
      - '*/*'
      Accept-Encoding:
      - gzip, deflate
      CommandName:
      - vm create
      Connection:
      - keep-alive
      ParameterSetName:
      - -n -g --size --security-type --image --admin-username --admin-password --enable-vtpm
        --enable-secure-boot --os-disk-security-encryption-type --os-disk-secure-vm-disk-encryption-set
      User-Agent:
      - AZURECLI/2.46.0 azsdk-python-azure-mgmt-resource/22.0.0 Python/3.10.10 (Linux-5.15.0-1033-azure-x86_64-with-glibc2.31)
        VSTS_7b238909-6802-4b65-b90d-184bca47f458_build_220_0
    method: GET
    uri: https://management.azure.com/subscriptions/00000000-0000-0000-0000-000000000000/resourcegroups/cli_test_os_disk_security_encryption000001/providers/Microsoft.Resources/deployments/mock-deployment/operationStatuses/08585228998386523919?api-version=2022-09-01
  response:
    body:
      string: '{"status":"Succeeded"}'
    headers:
      cache-control:
      - no-cache
      content-length:
      - '22'
      content-type:
      - application/json; charset=utf-8
      date:
      - Mon, 13 Mar 2023 11:33:19 GMT
      expires:
      - '-1'
      pragma:
      - no-cache
      strict-transport-security:
      - max-age=31536000; includeSubDomains
      vary:
      - Accept-Encoding
      x-content-type-options:
      - nosniff
    status:
      code: 200
      message: OK
- request:
    body: null
    headers:
      Accept:
      - '*/*'
      Accept-Encoding:
      - gzip, deflate
      CommandName:
      - vm create
      Connection:
      - keep-alive
      ParameterSetName:
      - -n -g --size --security-type --image --admin-username --admin-password --enable-vtpm
        --enable-secure-boot --os-disk-security-encryption-type --os-disk-secure-vm-disk-encryption-set
      User-Agent:
      - AZURECLI/2.46.0 azsdk-python-azure-mgmt-resource/22.0.0 Python/3.10.10 (Linux-5.15.0-1033-azure-x86_64-with-glibc2.31)
        VSTS_7b238909-6802-4b65-b90d-184bca47f458_build_220_0
    method: GET
    uri: https://management.azure.com/subscriptions/00000000-0000-0000-0000-000000000000/resourcegroups/cli_test_os_disk_security_encryption000001/providers/Microsoft.Resources/deployments/mock-deployment?api-version=2022-09-01
  response:
    body:
      string: '{"id":"/subscriptions/00000000-0000-0000-0000-000000000000/resourceGroups/cli_test_os_disk_security_encryption000001/providers/Microsoft.Resources/deployments/vm_deploy_QzQi89sJ6scWWajWAFpcirEcBfTtvp2S","name":"vm_deploy_QzQi89sJ6scWWajWAFpcirEcBfTtvp2S","type":"Microsoft.Resources/deployments","properties":{"templateHash":"9238721144125981189","parameters":{"adminPassword":{"type":"SecureString"}},"mode":"Incremental","provisioningState":"Succeeded","timestamp":"2023-03-13T11:32:50.3699838Z","duration":"PT2M2.1639014S","correlationId":"34293515-ef12-4e6f-a09e-fd1e30ea5e34","providers":[{"namespace":"Microsoft.Network","resourceTypes":[{"resourceType":"virtualNetworks","locations":["northeurope"]},{"resourceType":"networkSecurityGroups","locations":["northeurope"]},{"resourceType":"publicIPAddresses","locations":["northeurope"]},{"resourceType":"networkInterfaces","locations":["northeurope"]}]},{"namespace":"Microsoft.Compute","resourceTypes":[{"resourceType":"virtualMachines","locations":["northeurope"]}]}],"dependencies":[{"dependsOn":[{"id":"/subscriptions/00000000-0000-0000-0000-000000000000/resourceGroups/cli_test_os_disk_security_encryption000001/providers/Microsoft.Network/virtualNetworks/vm1000005VNET","resourceType":"Microsoft.Network/virtualNetworks","resourceName":"vm1000005VNET"},{"id":"/subscriptions/00000000-0000-0000-0000-000000000000/resourceGroups/cli_test_os_disk_security_encryption000001/providers/Microsoft.Network/networkSecurityGroups/vm1000005NSG","resourceType":"Microsoft.Network/networkSecurityGroups","resourceName":"vm1000005NSG"},{"id":"/subscriptions/00000000-0000-0000-0000-000000000000/resourceGroups/cli_test_os_disk_security_encryption000001/providers/Microsoft.Network/publicIPAddresses/vm1000005PublicIP","resourceType":"Microsoft.Network/publicIPAddresses","resourceName":"vm1000005PublicIP"}],"id":"/subscriptions/00000000-0000-0000-0000-000000000000/resourceGroups/cli_test_os_disk_security_encryption000001/providers/Microsoft.Network/networkInterfaces/vm1000005VMNic","resourceType":"Microsoft.Network/networkInterfaces","resourceName":"vm1000005VMNic"},{"dependsOn":[{"id":"/subscriptions/00000000-0000-0000-0000-000000000000/resourceGroups/cli_test_os_disk_security_encryption000001/providers/Microsoft.Network/networkInterfaces/vm1000005VMNic","resourceType":"Microsoft.Network/networkInterfaces","resourceName":"vm1000005VMNic"}],"id":"/subscriptions/00000000-0000-0000-0000-000000000000/resourceGroups/cli_test_os_disk_security_encryption000001/providers/Microsoft.Compute/virtualMachines/vm1000005","resourceType":"Microsoft.Compute/virtualMachines","resourceName":"vm1000005"}],"outputs":{},"outputResources":[{"id":"/subscriptions/00000000-0000-0000-0000-000000000000/resourceGroups/cli_test_os_disk_security_encryption000001/providers/Microsoft.Compute/virtualMachines/vm1000005"},{"id":"/subscriptions/00000000-0000-0000-0000-000000000000/resourceGroups/cli_test_os_disk_security_encryption000001/providers/Microsoft.Network/networkInterfaces/vm1000005VMNic"},{"id":"/subscriptions/00000000-0000-0000-0000-000000000000/resourceGroups/cli_test_os_disk_security_encryption000001/providers/Microsoft.Network/networkSecurityGroups/vm1000005NSG"},{"id":"/subscriptions/00000000-0000-0000-0000-000000000000/resourceGroups/cli_test_os_disk_security_encryption000001/providers/Microsoft.Network/publicIPAddresses/vm1000005PublicIP"},{"id":"/subscriptions/00000000-0000-0000-0000-000000000000/resourceGroups/cli_test_os_disk_security_encryption000001/providers/Microsoft.Network/virtualNetworks/vm1000005VNET"}]}}'
    headers:
      cache-control:
      - no-cache
      content-length:
      - '3578'
      content-type:
      - application/json; charset=utf-8
      date:
      - Mon, 13 Mar 2023 11:33:19 GMT
      expires:
      - '-1'
      pragma:
      - no-cache
      strict-transport-security:
      - max-age=31536000; includeSubDomains
      vary:
      - Accept-Encoding
      x-content-type-options:
      - nosniff
    status:
      code: 200
      message: OK
- request:
    body: null
    headers:
      Accept:
      - application/json
      Accept-Encoding:
      - gzip, deflate
      CommandName:
      - vm create
      Connection:
      - keep-alive
      ParameterSetName:
      - -n -g --size --security-type --image --admin-username --admin-password --enable-vtpm
        --enable-secure-boot --os-disk-security-encryption-type --os-disk-secure-vm-disk-encryption-set
      User-Agent:
      - AZURECLI/2.46.0 azsdk-python-azure-mgmt-compute/29.1.0 Python/3.10.10 (Linux-5.15.0-1033-azure-x86_64-with-glibc2.31)
        VSTS_7b238909-6802-4b65-b90d-184bca47f458_build_220_0
    method: GET
    uri: https://management.azure.com/subscriptions/00000000-0000-0000-0000-000000000000/resourceGroups/cli_test_os_disk_security_encryption000001/providers/Microsoft.Compute/virtualMachines/vm1000005?$expand=instanceView&api-version=2022-11-01
  response:
    body:
      string: "{\r\n  \"name\": \"vm1000005\",\r\n  \"id\": \"/subscriptions/00000000-0000-0000-0000-000000000000/resourceGroups/cli_test_os_disk_security_encryption000001/providers/Microsoft.Compute/virtualMachines/vm1000005\",\r\n
        \ \"type\": \"Microsoft.Compute/virtualMachines\",\r\n  \"location\": \"northeurope\",\r\n
        \ \"tags\": {},\r\n  \"properties\": {\r\n    \"vmId\": \"229745f8-e13a-45c2-8bfe-5adfc613bc2c\",\r\n
        \   \"hardwareProfile\": {\r\n      \"vmSize\": \"Standard_DC2as_v5\"\r\n
        \   },\r\n    \"storageProfile\": {\r\n      \"imageReference\": {\r\n        \"publisher\":
        \"MicrosoftWindowsServer\",\r\n        \"offer\": \"WindowsServer\",\r\n        \"sku\":
        \"2022-datacenter-smalldisk-g2\",\r\n        \"version\": \"latest\",\r\n
        \       \"exactVersion\": \"20348.1547.230207\"\r\n      },\r\n      \"osDisk\":
        {\r\n        \"osType\": \"Windows\",\r\n        \"name\": \"vm1000005_OsDisk_1_c8f5ef3689dc4f3682f7cda0cfc361ef\",\r\n
        \       \"createOption\": \"FromImage\",\r\n        \"caching\": \"ReadWrite\",\r\n
        \       \"managedDisk\": {\r\n          \"securityProfile\": {\r\n            \"securityEncryptionType\":
        \"DiskWithVMGuestState\",\r\n            \"diskEncryptionSet\": {\r\n              \"id\":
        \"/subscriptions/00000000-0000-0000-0000-000000000000/resourceGroups/cli_test_os_disk_security_encryption000001/providers/Microsoft.Compute/diskEncryptionSets/des1000004\"\r\n
        \           }\r\n          },\r\n          \"storageAccountType\": \"Premium_LRS\",\r\n
        \         \"id\": \"/subscriptions/00000000-0000-0000-0000-000000000000/resourceGroups/cli_test_os_disk_security_encryption000001/providers/Microsoft.Compute/disks/vm1000005_OsDisk_1_c8f5ef3689dc4f3682f7cda0cfc361ef\"\r\n
        \       },\r\n        \"deleteOption\": \"Detach\",\r\n        \"diskSizeGB\":
        30\r\n      },\r\n      \"dataDisks\": []\r\n    },\r\n    \"osProfile\":
        {\r\n      \"computerName\": \"vm1000005\",\r\n      \"adminUsername\": \"testuser\",\r\n
        \     \"windowsConfiguration\": {\r\n        \"provisionVMAgent\": true,\r\n
        \       \"enableAutomaticUpdates\": true,\r\n        \"patchSettings\": {\r\n
        \         \"patchMode\": \"AutomaticByOS\",\r\n          \"assessmentMode\":
        \"ImageDefault\"\r\n        },\r\n        \"enableVMAgentPlatformUpdates\":
        false\r\n      },\r\n      \"secrets\": [],\r\n      \"allowExtensionOperations\":
        true,\r\n      \"requireGuestProvisionSignal\": true\r\n    },\r\n    \"securityProfile\":
        {\r\n      \"uefiSettings\": {\r\n        \"secureBootEnabled\": true,\r\n
        \       \"vTpmEnabled\": true\r\n      },\r\n      \"securityType\": \"ConfidentialVM\"\r\n
        \   },\r\n    \"networkProfile\": {\"networkInterfaces\":[{\"id\":\"/subscriptions/00000000-0000-0000-0000-000000000000/resourceGroups/cli_test_os_disk_security_encryption000001/providers/Microsoft.Network/networkInterfaces/vm1000005VMNic\"}]},\r\n
        \   \"provisioningState\": \"Succeeded\",\r\n    \"instanceView\": {\r\n      \"vmAgent\":
        {\r\n        \"vmAgentVersion\": \"Unknown\",\r\n        \"statuses\": [\r\n
        \         {\r\n            \"code\": \"ProvisioningState/Unavailable\",\r\n
        \           \"level\": \"Warning\",\r\n            \"displayStatus\": \"Not
        Ready\",\r\n            \"message\": \"VM status blob is found but not yet
        populated.\",\r\n            \"time\": \"2023-03-13T11:33:20+00:00\"\r\n          }\r\n
        \       ]\r\n      },\r\n      \"disks\": [\r\n        {\r\n          \"name\":
        \"vm1000005_OsDisk_1_c8f5ef3689dc4f3682f7cda0cfc361ef\",\r\n          \"statuses\":
        [\r\n            {\r\n              \"code\": \"ProvisioningState/succeeded\",\r\n
        \             \"level\": \"Info\",\r\n              \"displayStatus\": \"Provisioning
        succeeded\",\r\n              \"time\": \"2023-03-13T11:32:31.9550277+00:00\"\r\n
        \           }\r\n          ]\r\n        }\r\n      ],\r\n      \"hyperVGeneration\":
        \"V2\",\r\n      \"statuses\": [\r\n        {\r\n          \"code\": \"ProvisioningState/succeeded\",\r\n
        \         \"level\": \"Info\",\r\n          \"displayStatus\": \"Provisioning
        succeeded\",\r\n          \"time\": \"2023-03-13T11:32:48.5955401+00:00\"\r\n
        \       },\r\n        {\r\n          \"code\": \"PowerState/stopped\",\r\n
        \         \"level\": \"Info\",\r\n          \"displayStatus\": \"VM stopped\"\r\n
        \       }\r\n      ]\r\n    },\r\n    \"timeCreated\": \"2023-03-13T11:30:58.9712734+00:00\"\r\n
        \ }\r\n}"
    headers:
      cache-control:
      - no-cache
      content-length:
      - '3865'
      content-type:
      - application/json; charset=utf-8
      date:
      - Mon, 13 Mar 2023 11:33:20 GMT
      expires:
      - '-1'
      pragma:
      - no-cache
      server:
      - Microsoft-HTTPAPI/2.0
      - Microsoft-HTTPAPI/2.0
      strict-transport-security:
      - max-age=31536000; includeSubDomains
      transfer-encoding:
      - chunked
      vary:
      - Accept-Encoding
      x-content-type-options:
      - nosniff
      x-ms-ratelimit-remaining-resource:
      - Microsoft.Compute/LowCostGet3Min;3996,Microsoft.Compute/LowCostGet30Min;31996
    status:
      code: 200
      message: OK
- request:
    body: null
    headers:
      Accept:
      - application/json
      Accept-Encoding:
      - gzip, deflate
      CommandName:
      - vm create
      Connection:
      - keep-alive
      ParameterSetName:
      - -n -g --size --security-type --image --admin-username --admin-password --enable-vtpm
        --enable-secure-boot --os-disk-security-encryption-type --os-disk-secure-vm-disk-encryption-set
      User-Agent:
      - AZURECLI/2.46.0 azsdk-python-azure-mgmt-network/21.0.1 Python/3.10.10 (Linux-5.15.0-1033-azure-x86_64-with-glibc2.31)
        VSTS_7b238909-6802-4b65-b90d-184bca47f458_build_220_0
    method: GET
    uri: https://management.azure.com/subscriptions/00000000-0000-0000-0000-000000000000/resourceGroups/cli_test_os_disk_security_encryption000001/providers/Microsoft.Network/networkInterfaces/vm1000005VMNic?api-version=2022-01-01
  response:
    body:
      string: "{\r\n  \"name\": \"vm1000005VMNic\",\r\n  \"id\": \"/subscriptions/00000000-0000-0000-0000-000000000000/resourceGroups/cli_test_os_disk_security_encryption000001/providers/Microsoft.Network/networkInterfaces/vm1000005VMNic\",\r\n
        \ \"etag\": \"W/\\\"208ecbb9-5106-429c-bd91-7be84cf1c741\\\"\",\r\n  \"tags\":
        {},\r\n  \"properties\": {\r\n    \"provisioningState\": \"Succeeded\",\r\n
        \   \"resourceGuid\": \"74a76d71-5ecc-460f-a301-621670aaf0d4\",\r\n    \"ipConfigurations\":
        [\r\n      {\r\n        \"name\": \"ipconfigvm1000005\",\r\n        \"id\":
        \"/subscriptions/00000000-0000-0000-0000-000000000000/resourceGroups/cli_test_os_disk_security_encryption000001/providers/Microsoft.Network/networkInterfaces/vm1000005VMNic/ipConfigurations/ipconfigvm1000005\",\r\n
        \       \"etag\": \"W/\\\"208ecbb9-5106-429c-bd91-7be84cf1c741\\\"\",\r\n
        \       \"type\": \"Microsoft.Network/networkInterfaces/ipConfigurations\",\r\n
        \       \"properties\": {\r\n          \"provisioningState\": \"Succeeded\",\r\n
        \         \"privateIPAddress\": \"10.0.0.4\",\r\n          \"privateIPAllocationMethod\":
        \"Dynamic\",\r\n          \"publicIPAddress\": {\r\n            \"id\": \"/subscriptions/00000000-0000-0000-0000-000000000000/resourceGroups/cli_test_os_disk_security_encryption000001/providers/Microsoft.Network/publicIPAddresses/vm1000005PublicIP\"\r\n
        \         },\r\n          \"subnet\": {\r\n            \"id\": \"/subscriptions/00000000-0000-0000-0000-000000000000/resourceGroups/cli_test_os_disk_security_encryption000001/providers/Microsoft.Network/virtualNetworks/vm1000005VNET/subnets/vm1000005Subnet\"\r\n
        \         },\r\n          \"primary\": true,\r\n          \"privateIPAddressVersion\":
        \"IPv4\"\r\n        }\r\n      }\r\n    ],\r\n    \"dnsSettings\": {\r\n      \"dnsServers\":
        [],\r\n      \"appliedDnsServers\": [],\r\n      \"internalDomainNameSuffix\":
        \"uzayalstbrpuzhlfcol4t4gvig.fx.internal.cloudapp.net\"\r\n    },\r\n    \"macAddress\":
        \"00-0D-3A-B0-A2-9D\",\r\n    \"enableAcceleratedNetworking\": false,\r\n
        \   \"vnetEncryptionSupported\": false,\r\n    \"enableIPForwarding\": false,\r\n
        \   \"networkSecurityGroup\": {\r\n      \"id\": \"/subscriptions/00000000-0000-0000-0000-000000000000/resourceGroups/cli_test_os_disk_security_encryption000001/providers/Microsoft.Network/networkSecurityGroups/vm1000005NSG\"\r\n
        \   },\r\n    \"primary\": true,\r\n    \"virtualMachine\": {\r\n      \"id\":
        \"/subscriptions/00000000-0000-0000-0000-000000000000/resourceGroups/cli_test_os_disk_security_encryption000001/providers/Microsoft.Compute/virtualMachines/vm1000005\"\r\n
        \   },\r\n    \"hostedWorkloads\": [],\r\n    \"tapConfigurations\": [],\r\n
        \   \"nicType\": \"Standard\",\r\n    \"allowPort25Out\": true\r\n  },\r\n
        \ \"type\": \"Microsoft.Network/networkInterfaces\",\r\n  \"location\": \"northeurope\",\r\n
        \ \"kind\": \"Regular\"\r\n}"
    headers:
      cache-control:
      - no-cache
      content-length:
      - '2611'
      content-type:
      - application/json; charset=utf-8
      date:
      - Mon, 13 Mar 2023 11:33:20 GMT
      etag:
      - W/"208ecbb9-5106-429c-bd91-7be84cf1c741"
      expires:
      - '-1'
      pragma:
      - no-cache
      server:
      - Microsoft-HTTPAPI/2.0
      - Microsoft-HTTPAPI/2.0
      strict-transport-security:
      - max-age=31536000; includeSubDomains
      x-content-type-options:
      - nosniff
      x-ms-arm-service-request-id:
      - accae764-67f0-43af-87ac-bdfb261c151f
    status:
      code: 200
      message: OK
- request:
    body: null
    headers:
      Accept:
      - application/json
      Accept-Encoding:
      - gzip, deflate
      CommandName:
      - vm create
      Connection:
      - keep-alive
      ParameterSetName:
      - -n -g --size --security-type --image --admin-username --admin-password --enable-vtpm
        --enable-secure-boot --os-disk-security-encryption-type --os-disk-secure-vm-disk-encryption-set
      User-Agent:
      - AZURECLI/2.46.0 azsdk-python-azure-mgmt-network/21.0.1 Python/3.10.10 (Linux-5.15.0-1033-azure-x86_64-with-glibc2.31)
        VSTS_7b238909-6802-4b65-b90d-184bca47f458_build_220_0
    method: GET
    uri: https://management.azure.com/subscriptions/00000000-0000-0000-0000-000000000000/resourceGroups/cli_test_os_disk_security_encryption000001/providers/Microsoft.Network/publicIPAddresses/vm1000005PublicIP?api-version=2022-01-01
  response:
    body:
      string: "{\r\n  \"name\": \"vm1000005PublicIP\",\r\n  \"id\": \"/subscriptions/00000000-0000-0000-0000-000000000000/resourceGroups/cli_test_os_disk_security_encryption000001/providers/Microsoft.Network/publicIPAddresses/vm1000005PublicIP\",\r\n
        \ \"etag\": \"W/\\\"98055985-055d-414d-bf23-e30bea62961d\\\"\",\r\n  \"location\":
        \"northeurope\",\r\n  \"tags\": {},\r\n  \"properties\": {\r\n    \"provisioningState\":
        \"Succeeded\",\r\n    \"resourceGuid\": \"835fd3f2-e026-4d71-a14a-c674afa9f67a\",\r\n
        \   \"ipAddress\": \"20.238.61.249\",\r\n    \"publicIPAddressVersion\": \"IPv4\",\r\n
        \   \"publicIPAllocationMethod\": \"Dynamic\",\r\n    \"idleTimeoutInMinutes\":
        4,\r\n    \"ipTags\": [],\r\n    \"ipConfiguration\": {\r\n      \"id\": \"/subscriptions/00000000-0000-0000-0000-000000000000/resourceGroups/cli_test_os_disk_security_encryption000001/providers/Microsoft.Network/networkInterfaces/vm1000005VMNic/ipConfigurations/ipconfigvm1000005\"\r\n
        \   }\r\n  },\r\n  \"type\": \"Microsoft.Network/publicIPAddresses\",\r\n
        \ \"sku\": {\r\n    \"name\": \"Basic\",\r\n    \"tier\": \"Regional\"\r\n
        \ }\r\n}"
    headers:
      cache-control:
      - no-cache
      content-length:
      - '985'
      content-type:
      - application/json; charset=utf-8
      date:
      - Mon, 13 Mar 2023 11:33:20 GMT
      etag:
      - W/"98055985-055d-414d-bf23-e30bea62961d"
      expires:
      - '-1'
      pragma:
      - no-cache
      server:
      - Microsoft-HTTPAPI/2.0
      - Microsoft-HTTPAPI/2.0
      strict-transport-security:
      - max-age=31536000; includeSubDomains
      x-content-type-options:
      - nosniff
      x-ms-arm-service-request-id:
      - 8c64876e-5be3-4870-9172-a24d0c6b3867
    status:
      code: 200
      message: OK
- request:
    body: null
    headers:
      Accept:
      - application/json
      Accept-Encoding:
      - gzip, deflate
      CommandName:
      - vm show
      Connection:
      - keep-alive
      ParameterSetName:
      - -n -g
      User-Agent:
      - AZURECLI/2.46.0 azsdk-python-azure-mgmt-compute/29.1.0 Python/3.10.10 (Linux-5.15.0-1033-azure-x86_64-with-glibc2.31)
        VSTS_7b238909-6802-4b65-b90d-184bca47f458_build_220_0
    method: GET
    uri: https://management.azure.com/subscriptions/00000000-0000-0000-0000-000000000000/resourceGroups/cli_test_os_disk_security_encryption000001/providers/Microsoft.Compute/virtualMachines/vm1000005?api-version=2022-11-01
  response:
    body:
      string: "{\r\n  \"name\": \"vm1000005\",\r\n  \"id\": \"/subscriptions/00000000-0000-0000-0000-000000000000/resourceGroups/cli_test_os_disk_security_encryption000001/providers/Microsoft.Compute/virtualMachines/vm1000005\",\r\n
        \ \"type\": \"Microsoft.Compute/virtualMachines\",\r\n  \"location\": \"northeurope\",\r\n
        \ \"tags\": {},\r\n  \"properties\": {\r\n    \"vmId\": \"229745f8-e13a-45c2-8bfe-5adfc613bc2c\",\r\n
        \   \"hardwareProfile\": {\r\n      \"vmSize\": \"Standard_DC2as_v5\"\r\n
        \   },\r\n    \"storageProfile\": {\r\n      \"imageReference\": {\r\n        \"publisher\":
        \"MicrosoftWindowsServer\",\r\n        \"offer\": \"WindowsServer\",\r\n        \"sku\":
        \"2022-datacenter-smalldisk-g2\",\r\n        \"version\": \"latest\",\r\n
        \       \"exactVersion\": \"20348.1547.230207\"\r\n      },\r\n      \"osDisk\":
        {\r\n        \"osType\": \"Windows\",\r\n        \"name\": \"vm1000005_OsDisk_1_c8f5ef3689dc4f3682f7cda0cfc361ef\",\r\n
        \       \"createOption\": \"FromImage\",\r\n        \"caching\": \"ReadWrite\",\r\n
        \       \"managedDisk\": {\r\n          \"securityProfile\": {\r\n            \"securityEncryptionType\":
        \"DiskWithVMGuestState\",\r\n            \"diskEncryptionSet\": {\r\n              \"id\":
        \"/subscriptions/00000000-0000-0000-0000-000000000000/resourceGroups/cli_test_os_disk_security_encryption000001/providers/Microsoft.Compute/diskEncryptionSets/des1000004\"\r\n
        \           }\r\n          },\r\n          \"storageAccountType\": \"Premium_LRS\",\r\n
        \         \"id\": \"/subscriptions/00000000-0000-0000-0000-000000000000/resourceGroups/cli_test_os_disk_security_encryption000001/providers/Microsoft.Compute/disks/vm1000005_OsDisk_1_c8f5ef3689dc4f3682f7cda0cfc361ef\"\r\n
        \       },\r\n        \"deleteOption\": \"Detach\",\r\n        \"diskSizeGB\":
        30\r\n      },\r\n      \"dataDisks\": []\r\n    },\r\n    \"osProfile\":
        {\r\n      \"computerName\": \"vm1000005\",\r\n      \"adminUsername\": \"testuser\",\r\n
        \     \"windowsConfiguration\": {\r\n        \"provisionVMAgent\": true,\r\n
        \       \"enableAutomaticUpdates\": true,\r\n        \"patchSettings\": {\r\n
        \         \"patchMode\": \"AutomaticByOS\",\r\n          \"assessmentMode\":
        \"ImageDefault\"\r\n        },\r\n        \"enableVMAgentPlatformUpdates\":
        false\r\n      },\r\n      \"secrets\": [],\r\n      \"allowExtensionOperations\":
        true,\r\n      \"requireGuestProvisionSignal\": true\r\n    },\r\n    \"securityProfile\":
        {\r\n      \"uefiSettings\": {\r\n        \"secureBootEnabled\": true,\r\n
        \       \"vTpmEnabled\": true\r\n      },\r\n      \"securityType\": \"ConfidentialVM\"\r\n
        \   },\r\n    \"networkProfile\": {\"networkInterfaces\":[{\"id\":\"/subscriptions/00000000-0000-0000-0000-000000000000/resourceGroups/cli_test_os_disk_security_encryption000001/providers/Microsoft.Network/networkInterfaces/vm1000005VMNic\"}]},\r\n
        \   \"provisioningState\": \"Succeeded\",\r\n    \"timeCreated\": \"2023-03-13T11:30:58.9712734+00:00\"\r\n
        \ }\r\n}"
    headers:
      cache-control:
      - no-cache
      content-length:
      - '2653'
      content-type:
      - application/json; charset=utf-8
      date:
      - Mon, 13 Mar 2023 11:33:21 GMT
      expires:
      - '-1'
      pragma:
      - no-cache
      server:
      - Microsoft-HTTPAPI/2.0
      - Microsoft-HTTPAPI/2.0
      strict-transport-security:
      - max-age=31536000; includeSubDomains
      transfer-encoding:
      - chunked
      vary:
      - Accept-Encoding
      x-content-type-options:
      - nosniff
      x-ms-ratelimit-remaining-resource:
      - Microsoft.Compute/LowCostGet3Min;3995,Microsoft.Compute/LowCostGet30Min;31995
    status:
      code: 200
      message: OK
- request:
    body: null
    headers:
      Accept:
      - application/json
      Accept-Encoding:
      - gzip, deflate
      CommandName:
      - vm create
      Connection:
      - keep-alive
      ParameterSetName:
      - -n -g --size --security-type --image --admin-username --admin-password --enable-vtpm
        --enable-secure-boot
      User-Agent:
      - AZURECLI/2.46.0 azsdk-python-azure-mgmt-resource/22.0.0 Python/3.10.10 (Linux-5.15.0-1033-azure-x86_64-with-glibc2.31)
        VSTS_7b238909-6802-4b65-b90d-184bca47f458_build_220_0
    method: GET
    uri: https://management.azure.com/subscriptions/00000000-0000-0000-0000-000000000000/resourcegroups/cli_test_os_disk_security_encryption000001?api-version=2022-09-01
  response:
    body:
      string: '{"id":"/subscriptions/00000000-0000-0000-0000-000000000000/resourceGroups/cli_test_os_disk_security_encryption000001","name":"cli_test_os_disk_security_encryption000001","type":"Microsoft.Resources/resourceGroups","location":"northeurope","tags":{"product":"azurecli","cause":"automation","date":"2023-03-13T11:29:08Z"},"properties":{"provisioningState":"Succeeded"}}'
    headers:
      cache-control:
      - no-cache
      connection:
      - close
      content-length:
      - '367'
      content-type:
      - application/json; charset=utf-8
      date:
      - Mon, 13 Mar 2023 11:33:21 GMT
      expires:
      - '-1'
      pragma:
      - no-cache
      strict-transport-security:
      - max-age=31536000; includeSubDomains
      vary:
      - Accept-Encoding
      x-content-type-options:
      - nosniff
    status:
      code: 200
      message: OK
- request:
    body: null
    headers:
      Accept:
      - application/json
      Accept-Encoding:
      - gzip, deflate
      CommandName:
      - vm create
      Connection:
      - keep-alive
      ParameterSetName:
      - -n -g --size --security-type --image --admin-username --admin-password --enable-vtpm
        --enable-secure-boot
      User-Agent:
      - AZURECLI/2.46.0 azsdk-python-azure-mgmt-compute/29.1.0 Python/3.10.10 (Linux-5.15.0-1033-azure-x86_64-with-glibc2.31)
        VSTS_7b238909-6802-4b65-b90d-184bca47f458_build_220_0
    method: GET
    uri: https://management.azure.com/subscriptions/00000000-0000-0000-0000-000000000000/providers/Microsoft.Compute/locations/northeurope/publishers/MicrosoftWindowsServer/artifacttypes/vmimage/offers/WindowsServer/skus/2022-datacenter-smalldisk-g2/versions?$top=1&$orderby=name%20desc&api-version=2022-11-01
  response:
    body:
      string: "[\r\n  {\r\n    \"location\": \"northeurope\",\r\n    \"name\": \"20348.1547.230207\",\r\n
        \   \"id\": \"/Subscriptions/00000000-0000-0000-0000-000000000000/Providers/Microsoft.Compute/Locations/northeurope/Publishers/MicrosoftWindowsServer/ArtifactTypes/VMImage/Offers/WindowsServer/Skus/2022-datacenter-smalldisk-g2/Versions/20348.1547.230207\"\r\n
        \ }\r\n]"
    headers:
      cache-control:
      - no-cache
      content-length:
      - '333'
      content-type:
      - application/json; charset=utf-8
      date:
      - Mon, 13 Mar 2023 11:33:21 GMT
      expires:
      - '-1'
      pragma:
      - no-cache
      server:
      - Microsoft-HTTPAPI/2.0
      - Microsoft-HTTPAPI/2.0
      strict-transport-security:
      - max-age=31536000; includeSubDomains
      transfer-encoding:
      - chunked
      vary:
      - Accept-Encoding
      x-content-type-options:
      - nosniff
      x-ms-ratelimit-remaining-resource:
      - Microsoft.Compute/ListVMImagesVersionsFromLocation3Min;15994,Microsoft.Compute/ListVMImagesVersionsFromLocation30Min;43994
    status:
      code: 200
      message: OK
- request:
    body: null
    headers:
      Accept:
      - application/json
      Accept-Encoding:
      - gzip, deflate
      CommandName:
      - vm create
      Connection:
      - keep-alive
      ParameterSetName:
      - -n -g --size --security-type --image --admin-username --admin-password --enable-vtpm
        --enable-secure-boot
      User-Agent:
      - AZURECLI/2.46.0 azsdk-python-azure-mgmt-compute/29.1.0 Python/3.10.10 (Linux-5.15.0-1033-azure-x86_64-with-glibc2.31)
        VSTS_7b238909-6802-4b65-b90d-184bca47f458_build_220_0
    method: GET
    uri: https://management.azure.com/subscriptions/00000000-0000-0000-0000-000000000000/providers/Microsoft.Compute/locations/northeurope/publishers/MicrosoftWindowsServer/artifacttypes/vmimage/offers/WindowsServer/skus/2022-datacenter-smalldisk-g2/versions/20348.1547.230207?api-version=2022-11-01
  response:
    body:
      string: "{\r\n  \"properties\": {\r\n    \"hyperVGeneration\": \"V2\",\r\n    \"architecture\":
        \"x64\",\r\n    \"replicaType\": \"Managed\",\r\n    \"replicaCount\": 10,\r\n
        \   \"disallowed\": {\r\n      \"vmDiskType\": \"Unmanaged\"\r\n    },\r\n
        \   \"automaticOSUpgradeProperties\": {\r\n      \"automaticOSUpgradeSupported\":
        false\r\n    },\r\n    \"imageDeprecationStatus\": {\r\n      \"imageState\":
        \"Active\"\r\n    },\r\n    \"features\": [\r\n      {\r\n        \"name\":
        \"SecurityType\",\r\n        \"value\": \"TrustedLaunchAndConfidentialVmSupported\"\r\n
        \     },\r\n      {\r\n        \"name\": \"IsAcceleratedNetworkSupported\",\r\n
        \       \"value\": \"True\"\r\n      },\r\n      {\r\n        \"name\": \"DiskControllerTypes\",\r\n
        \       \"value\": \"SCSI, NVMe\"\r\n      },\r\n      {\r\n        \"name\":
        \"IsHibernateSupported\",\r\n        \"value\": \"True\"\r\n      }\r\n    ],\r\n
        \   \"osDiskImage\": {\r\n      \"operatingSystem\": \"Windows\",\r\n      \"sizeInGb\":
        30\r\n    },\r\n    \"dataDiskImages\": []\r\n  },\r\n  \"location\": \"northeurope\",\r\n
        \ \"name\": \"20348.1547.230207\",\r\n  \"id\": \"/Subscriptions/00000000-0000-0000-0000-000000000000/Providers/Microsoft.Compute/Locations/northeurope/Publishers/MicrosoftWindowsServer/ArtifactTypes/VMImage/Offers/WindowsServer/Skus/2022-datacenter-smalldisk-g2/Versions/20348.1547.230207\"\r\n}"
    headers:
      cache-control:
      - no-cache
      content-length:
      - '1203'
      content-type:
      - application/json; charset=utf-8
      date:
      - Mon, 13 Mar 2023 11:33:22 GMT
      expires:
      - '-1'
      pragma:
      - no-cache
      server:
      - Microsoft-HTTPAPI/2.0
      - Microsoft-HTTPAPI/2.0
      strict-transport-security:
      - max-age=31536000; includeSubDomains
      transfer-encoding:
      - chunked
      vary:
      - Accept-Encoding
      x-content-type-options:
      - nosniff
      x-ms-ratelimit-remaining-resource:
      - Microsoft.Compute/GetVMImageFromLocation3Min;12995,Microsoft.Compute/GetVMImageFromLocation30Min;73995
    status:
      code: 200
      message: OK
- request:
    body: null
    headers:
      Accept:
      - application/json
      Accept-Encoding:
      - gzip, deflate
      CommandName:
      - vm create
      Connection:
      - keep-alive
      ParameterSetName:
      - -n -g --size --security-type --image --admin-username --admin-password --enable-vtpm
        --enable-secure-boot --os-disk-security-encryption-type --os-disk-secure-vm-disk-encryption-set
      User-Agent:
      - AZURECLI/2.46.0 azsdk-python-azure-mgmt-resource/22.0.0 Python/3.10.10 (Linux-5.15.0-1033-azure-x86_64-with-glibc2.31)
        VSTS_7b238909-6802-4b65-b90d-184bca47f458_build_220_0
    method: GET
    uri: https://management.azure.com/subscriptions/00000000-0000-0000-0000-000000000000/resourcegroups/cli_test_os_disk_security_encryption000001?api-version=2022-09-01
  response:
    body:
      string: '{"id":"/subscriptions/00000000-0000-0000-0000-000000000000/resourceGroups/cli_test_os_disk_security_encryption000001","name":"cli_test_os_disk_security_encryption000001","type":"Microsoft.Resources/resourceGroups","location":"northeurope","tags":{"product":"azurecli","cause":"automation","date":"2023-03-13T11:29:08Z"},"properties":{"provisioningState":"Succeeded"}}'
    headers:
      cache-control:
      - no-cache
      content-length:
      - '367'
      content-type:
      - application/json; charset=utf-8
      date:
      - Mon, 13 Mar 2023 11:33:22 GMT
      expires:
      - '-1'
      pragma:
      - no-cache
      strict-transport-security:
      - max-age=31536000; includeSubDomains
      vary:
      - Accept-Encoding
      x-content-type-options:
      - nosniff
    status:
      code: 200
      message: OK
- request:
    body: null
    headers:
      Accept:
      - application/json
      Accept-Encoding:
      - gzip, deflate
      CommandName:
      - vm create
      Connection:
      - keep-alive
      ParameterSetName:
      - -n -g --size --security-type --image --admin-username --admin-password --enable-vtpm
        --enable-secure-boot --os-disk-security-encryption-type --os-disk-secure-vm-disk-encryption-set
      User-Agent:
      - AZURECLI/2.46.0 azsdk-python-azure-mgmt-compute/29.1.0 Python/3.10.10 (Linux-5.15.0-1033-azure-x86_64-with-glibc2.31)
        VSTS_7b238909-6802-4b65-b90d-184bca47f458_build_220_0
    method: GET
    uri: https://management.azure.com/subscriptions/00000000-0000-0000-0000-000000000000/providers/Microsoft.Compute/locations/northeurope/publishers/MicrosoftWindowsServer/artifacttypes/vmimage/offers/WindowsServer/skus/2022-datacenter-smalldisk-g2/versions?$top=1&$orderby=name%20desc&api-version=2022-11-01
  response:
    body:
      string: "[\r\n  {\r\n    \"location\": \"northeurope\",\r\n    \"name\": \"20348.1547.230207\",\r\n
        \   \"id\": \"/Subscriptions/00000000-0000-0000-0000-000000000000/Providers/Microsoft.Compute/Locations/northeurope/Publishers/MicrosoftWindowsServer/ArtifactTypes/VMImage/Offers/WindowsServer/Skus/2022-datacenter-smalldisk-g2/Versions/20348.1547.230207\"\r\n
        \ }\r\n]"
    headers:
      cache-control:
      - no-cache
      content-length:
      - '333'
      content-type:
      - application/json; charset=utf-8
      date:
      - Mon, 13 Mar 2023 11:33:22 GMT
      expires:
      - '-1'
      pragma:
      - no-cache
      server:
      - Microsoft-HTTPAPI/2.0
      - Microsoft-HTTPAPI/2.0
      strict-transport-security:
      - max-age=31536000; includeSubDomains
      transfer-encoding:
      - chunked
      vary:
      - Accept-Encoding
      x-content-type-options:
      - nosniff
      x-ms-ratelimit-remaining-resource:
      - Microsoft.Compute/ListVMImagesVersionsFromLocation3Min;15993,Microsoft.Compute/ListVMImagesVersionsFromLocation30Min;43993
    status:
      code: 200
      message: OK
- request:
    body: null
    headers:
      Accept:
      - application/json
      Accept-Encoding:
      - gzip, deflate
      CommandName:
      - vm create
      Connection:
      - keep-alive
      ParameterSetName:
      - -n -g --size --security-type --image --admin-username --admin-password --enable-vtpm
        --enable-secure-boot --os-disk-security-encryption-type --os-disk-secure-vm-disk-encryption-set
      User-Agent:
      - AZURECLI/2.46.0 azsdk-python-azure-mgmt-compute/29.1.0 Python/3.10.10 (Linux-5.15.0-1033-azure-x86_64-with-glibc2.31)
        VSTS_7b238909-6802-4b65-b90d-184bca47f458_build_220_0
    method: GET
    uri: https://management.azure.com/subscriptions/00000000-0000-0000-0000-000000000000/providers/Microsoft.Compute/locations/northeurope/publishers/MicrosoftWindowsServer/artifacttypes/vmimage/offers/WindowsServer/skus/2022-datacenter-smalldisk-g2/versions/20348.1547.230207?api-version=2022-11-01
  response:
    body:
      string: "{\r\n  \"properties\": {\r\n    \"hyperVGeneration\": \"V2\",\r\n    \"architecture\":
        \"x64\",\r\n    \"replicaType\": \"Managed\",\r\n    \"replicaCount\": 10,\r\n
        \   \"disallowed\": {\r\n      \"vmDiskType\": \"Unmanaged\"\r\n    },\r\n
        \   \"automaticOSUpgradeProperties\": {\r\n      \"automaticOSUpgradeSupported\":
        false\r\n    },\r\n    \"imageDeprecationStatus\": {\r\n      \"imageState\":
        \"Active\"\r\n    },\r\n    \"features\": [\r\n      {\r\n        \"name\":
        \"SecurityType\",\r\n        \"value\": \"TrustedLaunchAndConfidentialVmSupported\"\r\n
        \     },\r\n      {\r\n        \"name\": \"IsAcceleratedNetworkSupported\",\r\n
        \       \"value\": \"True\"\r\n      },\r\n      {\r\n        \"name\": \"DiskControllerTypes\",\r\n
        \       \"value\": \"SCSI, NVMe\"\r\n      },\r\n      {\r\n        \"name\":
        \"IsHibernateSupported\",\r\n        \"value\": \"True\"\r\n      }\r\n    ],\r\n
        \   \"osDiskImage\": {\r\n      \"operatingSystem\": \"Windows\",\r\n      \"sizeInGb\":
        30\r\n    },\r\n    \"dataDiskImages\": []\r\n  },\r\n  \"location\": \"northeurope\",\r\n
        \ \"name\": \"20348.1547.230207\",\r\n  \"id\": \"/Subscriptions/00000000-0000-0000-0000-000000000000/Providers/Microsoft.Compute/Locations/northeurope/Publishers/MicrosoftWindowsServer/ArtifactTypes/VMImage/Offers/WindowsServer/Skus/2022-datacenter-smalldisk-g2/Versions/20348.1547.230207\"\r\n}"
    headers:
      cache-control:
      - no-cache
      content-length:
      - '1203'
      content-type:
      - application/json; charset=utf-8
      date:
      - Mon, 13 Mar 2023 11:33:22 GMT
      expires:
      - '-1'
      pragma:
      - no-cache
      server:
      - Microsoft-HTTPAPI/2.0
      - Microsoft-HTTPAPI/2.0
      strict-transport-security:
      - max-age=31536000; includeSubDomains
      transfer-encoding:
      - chunked
      vary:
      - Accept-Encoding
      x-content-type-options:
      - nosniff
      x-ms-ratelimit-remaining-resource:
      - Microsoft.Compute/GetVMImageFromLocation3Min;12994,Microsoft.Compute/GetVMImageFromLocation30Min;73994
    status:
      code: 200
      message: OK
version: 1
