interactions:
- request:
    body: '{"sku": {"name": "Standard_LRS"}, "kind": "Storage", "location": "westus"}'
    headers:
      Accept:
      - application/json
      Accept-Encoding:
      - gzip, deflate
      CommandName:
      - storage account create
      Connection:
      - keep-alive
      Content-Length:
      - '74'
      Content-Type:
      - application/json; charset=utf-8
      ParameterSetName:
      - -g -n --sku -l
      User-Agent:
      - python/3.6.5 (Windows-10-10.0.17134-SP0) msrest/0.6.10 msrest_azure/0.6.2
        azure-mgmt-storage/4.0.0 Azure-SDK-For-Python AZURECLI/2.0.74
      accept-language:
      - en-US
    method: PUT
    uri: https://management.azure.com/subscriptions/00000000-0000-0000-0000-000000000000/resourceGroups/cli_test_vm_diagnostics000001/providers/Microsoft.Storage/storageAccounts/clitestbootdiag000002?api-version=2019-04-01
  response:
    body:
      string: '{"sku":{"name":"Standard_LRS","tier":"Standard"},"kind":"Storage","id":"/subscriptions/00000000-0000-0000-0000-000000000000/resourceGroups/cli_test_vm_diagnostics000001/providers/Microsoft.Storage/storageAccounts/clitestbootdiag000002","name":"clitestbootdiag000002","type":"Microsoft.Storage/storageAccounts","location":"westus","tags":{},"properties":{"networkAcls":{"bypass":"AzureServices","virtualNetworkRules":[],"ipRules":[],"defaultAction":"Allow"},"supportsHttpsTrafficOnly":true,"encryption":{"services":{"file":{"enabled":true,"lastEnabledTime":"2019-10-12T23:04:44.7500635Z"},"blob":{"enabled":true,"lastEnabledTime":"2019-10-12T23:04:44.7500635Z"}},"keySource":"Microsoft.Storage"},"provisioningState":"Succeeded","creationTime":"2019-10-12T23:04:44.6718916Z","primaryEndpoints":{"blob":"https://clitestbootdiag000002.blob.core.windows.net/","queue":"https://clitestbootdiag000002.queue.core.windows.net/","table":"https://clitestbootdiag000002.table.core.windows.net/","file":"https://clitestbootdiag000002.file.core.windows.net/"},"primaryLocation":"westus","statusOfPrimary":"available"}}'
    headers:
      cache-control:
      - no-cache
      content-length:
      - '1168'
      content-type:
      - application/json
      date:
      - Sat, 12 Oct 2019 23:05:04 GMT
      expires:
      - '-1'
      pragma:
      - no-cache
      server:
      - Microsoft-Azure-Storage-Resource-Provider/1.0,Microsoft-HTTPAPI/2.0 Microsoft-HTTPAPI/2.0
      strict-transport-security:
      - max-age=31536000; includeSubDomains
      transfer-encoding:
      - chunked
      vary:
      - Accept-Encoding
      x-content-type-options:
      - nosniff
      x-ms-ratelimit-remaining-subscription-writes:
      - '1199'
    status:
      code: 200
      message: OK
- request:
    body: null
    headers:
      Accept:
      - application/json
      Accept-Encoding:
      - gzip, deflate
      CommandName:
      - vm create
      Connection:
      - keep-alive
      ParameterSetName:
      - -n -g --image --authentication-type --admin-username --admin-password --use-unmanaged-disk
      User-Agent:
      - python/3.6.5 (Windows-10-10.0.17134-SP0) msrest/0.6.10 msrest_azure/0.6.2
        azure-mgmt-resource/4.0.0 Azure-SDK-For-Python AZURECLI/2.0.74
      accept-language:
      - en-US
    method: GET
    uri: https://management.azure.com/subscriptions/00000000-0000-0000-0000-000000000000/resourcegroups/cli_test_vm_diagnostics000001?api-version=2019-07-01
  response:
    body:
      string: '{"id":"/subscriptions/00000000-0000-0000-0000-000000000000/resourceGroups/cli_test_vm_diagnostics000001","name":"cli_test_vm_diagnostics000001","type":"Microsoft.Resources/resourceGroups","location":"westus","tags":{"product":"azurecli","cause":"automation","date":"2019-10-12T23:04:43Z"},"properties":{"provisioningState":"Succeeded"}}'
    headers:
      cache-control:
      - no-cache
      content-length:
      - '428'
      content-type:
      - application/json; charset=utf-8
      date:
      - Sat, 12 Oct 2019 23:05:04 GMT
      expires:
      - '-1'
      pragma:
      - no-cache
      strict-transport-security:
      - max-age=31536000; includeSubDomains
      vary:
      - Accept-Encoding
      x-content-type-options:
      - nosniff
    status:
      code: 200
      message: OK
- request:
    body: null
    headers:
      Accept:
      - '*/*'
      Accept-Encoding:
      - gzip, deflate
      Connection:
      - keep-alive
      User-Agent:
      - python-requests/2.22.0
    method: GET
    uri: https://raw.githubusercontent.com/Azure/azure-rest-api-specs/master/arm-compute/quickstart-templates/aliases.json
  response:
    body:
      string: "{\n  \"$schema\": \"http://schema.management.azure.com/schemas/2015-01-01/deploymentTemplate.json\",\n
        \ \"contentVersion\": \"1.0.0.0\",\n  \"parameters\": {},\n  \"variables\":
        {},\n  \"resources\": [],\n  \"outputs\": {\n    \"aliases\": {\n      \"type\":
        \"object\",\n      \"value\": {\n        \"Linux\": {\n          \"CentOS\":
        {\n            \"publisher\": \"OpenLogic\",\n            \"offer\": \"CentOS\",\n
        \           \"sku\": \"7.5\",\n            \"version\": \"latest\"\n          },\n
        \         \"CoreOS\": {\n            \"publisher\": \"CoreOS\",\n            \"offer\":
        \"CoreOS\",\n            \"sku\": \"Stable\",\n            \"version\": \"latest\"\n
        \         },\n          \"Debian\": {\n            \"publisher\": \"Debian\",\n
        \           \"offer\": \"debian-10\",\n            \"sku\": \"10\",\n            \"version\":
        \"latest\"\n          },\n          \"openSUSE-Leap\": {\n            \"publisher\":
        \"SUSE\",\n            \"offer\": \"openSUSE-Leap\",\n            \"sku\":
        \"42.3\",\n            \"version\": \"latest\"\n          },\n          \"RHEL\":
        {\n            \"publisher\": \"RedHat\",\n            \"offer\": \"RHEL\",\n
        \           \"sku\": \"7-LVM\",\n            \"version\": \"latest\"\n          },\n
        \         \"SLES\": {\n            \"publisher\": \"SUSE\",\n            \"offer\":
        \"SLES\",\n            \"sku\": \"15\",\n            \"version\": \"latest\"\n
        \         },\n          \"UbuntuLTS\": {\n            \"publisher\": \"Canonical\",\n
        \           \"offer\": \"UbuntuServer\",\n            \"sku\": \"18.04-LTS\",\n
        \           \"version\": \"latest\"\n          }\n        },\n        \"Windows\":
        {\n          \"Win2019Datacenter\": {\n            \"publisher\": \"MicrosoftWindowsServer\",\n
        \           \"offer\": \"WindowsServer\",\n            \"sku\": \"2019-Datacenter\",\n
        \           \"version\": \"latest\"\n          },\n          \"Win2016Datacenter\":
        {\n            \"publisher\": \"MicrosoftWindowsServer\",\n            \"offer\":
        \"WindowsServer\",\n            \"sku\": \"2016-Datacenter\",\n            \"version\":
        \"latest\"\n          },\n          \"Win2012R2Datacenter\": {\n            \"publisher\":
        \"MicrosoftWindowsServer\",\n            \"offer\": \"WindowsServer\",\n            \"sku\":
        \"2012-R2-Datacenter\",\n            \"version\": \"latest\"\n          },\n
        \         \"Win2012Datacenter\": {\n            \"publisher\": \"MicrosoftWindowsServer\",\n
        \           \"offer\": \"WindowsServer\",\n            \"sku\": \"2012-Datacenter\",\n
        \           \"version\": \"latest\"\n          },\n          \"Win2008R2SP1\":
        {\n            \"publisher\": \"MicrosoftWindowsServer\",\n            \"offer\":
        \"WindowsServer\",\n            \"sku\": \"2008-R2-SP1\",\n            \"version\":
        \"latest\"\n          }\n        }\n      }\n    }\n  }\n}\n"
    headers:
      accept-ranges:
      - bytes
      access-control-allow-origin:
      - '*'
      cache-control:
      - max-age=300
      connection:
      - keep-alive
      content-length:
      - '2501'
      content-security-policy:
      - default-src 'none'; style-src 'unsafe-inline'; sandbox
      content-type:
      - text/plain; charset=utf-8
      date:
      - Sat, 12 Oct 2019 23:05:05 GMT
      etag:
      - '"5d5b1214d514a7d1af3a6606ac1a74d9cadc7bb5"'
      expires:
      - Sat, 12 Oct 2019 23:10:05 GMT
      source-age:
      - '8'
      strict-transport-security:
      - max-age=31536000
      vary:
      - Authorization,Accept-Encoding
      via:
      - 1.1 varnish
      x-cache:
      - HIT
      x-cache-hits:
      - '1'
      x-content-type-options:
      - nosniff
      x-fastly-request-id:
      - d78de8f28a9cd1646ea85b20d4859c405f06d968
      x-frame-options:
      - deny
      x-geo-block-list:
      - ''
      x-github-request-id:
      - C3C8:77FC:D1106:FAAA3:5DA25C18
      x-served-by:
      - cache-sjc3147-SJC
      x-timer:
      - S1570921505.315652,VS0,VE1
      x-xss-protection:
      - 1; mode=block
    status:
      code: 200
      message: OK
- request:
    body: null
    headers:
      Accept:
      - application/json
      Accept-Encoding:
      - gzip, deflate
      CommandName:
      - vm create
      Connection:
      - keep-alive
      ParameterSetName:
      - -n -g --image --authentication-type --admin-username --admin-password --use-unmanaged-disk
      User-Agent:
      - python/3.6.5 (Windows-10-10.0.17134-SP0) msrest/0.6.10 msrest_azure/0.6.2
        azure-mgmt-storage/4.0.0 Azure-SDK-For-Python AZURECLI/2.0.74
      accept-language:
      - en-US
    method: GET
    uri: https://management.azure.com/subscriptions/00000000-0000-0000-0000-000000000000/resourceGroups/cli_test_vm_diagnostics000001/providers/Microsoft.Storage/storageAccounts?api-version=2019-04-01
  response:
    body:
      string: '{"value":[{"sku":{"name":"Standard_LRS","tier":"Standard"},"kind":"Storage","id":"/subscriptions/00000000-0000-0000-0000-000000000000/resourceGroups/cli_test_vm_diagnostics000001/providers/Microsoft.Storage/storageAccounts/clitestbootdiag000002","name":"clitestbootdiag000002","type":"Microsoft.Storage/storageAccounts","location":"westus","tags":{},"properties":{"networkAcls":{"bypass":"AzureServices","virtualNetworkRules":[],"ipRules":[],"defaultAction":"Allow"},"supportsHttpsTrafficOnly":true,"encryption":{"services":{"file":{"enabled":true,"lastEnabledTime":"2019-10-12T23:04:44.7500635Z"},"blob":{"enabled":true,"lastEnabledTime":"2019-10-12T23:04:44.7500635Z"}},"keySource":"Microsoft.Storage"},"provisioningState":"Succeeded","creationTime":"2019-10-12T23:04:44.6718916Z","primaryEndpoints":{"blob":"https://clitestbootdiag000002.blob.core.windows.net/","queue":"https://clitestbootdiag000002.queue.core.windows.net/","table":"https://clitestbootdiag000002.table.core.windows.net/","file":"https://clitestbootdiag000002.file.core.windows.net/"},"primaryLocation":"westus","statusOfPrimary":"available"}}]}'
    headers:
      cache-control:
      - no-cache
      content-length:
      - '1180'
      content-type:
      - application/json
      date:
      - Sat, 12 Oct 2019 23:05:04 GMT
      expires:
      - '-1'
      pragma:
      - no-cache
      server:
      - Microsoft-Azure-Storage-Resource-Provider/1.0,Microsoft-HTTPAPI/2.0 Microsoft-HTTPAPI/2.0
      strict-transport-security:
      - max-age=31536000; includeSubDomains
      transfer-encoding:
      - chunked
      vary:
      - Accept-Encoding
      x-content-type-options:
      - nosniff
    status:
      code: 200
      message: OK
- request:
    body: null
    headers:
      Accept:
      - application/json
      Accept-Encoding:
      - gzip, deflate
      CommandName:
      - vm create
      Connection:
      - keep-alive
      ParameterSetName:
      - -n -g --image --authentication-type --admin-username --admin-password --use-unmanaged-disk
      User-Agent:
      - python/3.6.5 (Windows-10-10.0.17134-SP0) msrest/0.6.10 msrest_azure/0.6.2
        azure-mgmt-network/4.0.0 Azure-SDK-For-Python AZURECLI/2.0.74
      accept-language:
      - en-US
    method: GET
    uri: https://management.azure.com/subscriptions/00000000-0000-0000-0000-000000000000/resourceGroups/cli_test_vm_diagnostics000001/providers/Microsoft.Network/virtualNetworks?api-version=2018-01-01
  response:
    body:
      string: '{"value":[]}'
    headers:
      cache-control:
      - no-cache
      content-length:
      - '12'
      content-type:
      - application/json; charset=utf-8
      date:
      - Sat, 12 Oct 2019 23:05:04 GMT
      expires:
      - '-1'
      pragma:
      - no-cache
      strict-transport-security:
      - max-age=31536000; includeSubDomains
      vary:
      - Accept-Encoding
      x-content-type-options:
      - nosniff
    status:
      code: 200
      message: OK
- request:
    body: 'b''{"properties": {"template": {"$schema": "https://schema.management.azure.com/schemas/2015-01-01/deploymentTemplate.json#",
      "contentVersion": "1.0.0.0", "parameters": {"adminPassword": {"type": "securestring",
      "metadata": {"description": "Secure adminPassword"}}}, "variables": {}, "resources":
      [{"type": "Microsoft.Storage/storageAccounts", "name": "vhdstoragee5914c66f260eb",
      "apiVersion": "2015-06-15", "location": "westus", "tags": {}, "dependsOn": [],
      "properties": {"accountType": "Premium_LRS"}}, {"name": "myvmVNET", "type":
      "Microsoft.Network/virtualNetworks", "location": "westus", "apiVersion": "2015-06-15",
      "dependsOn": [], "tags": {}, "properties": {"addressSpace": {"addressPrefixes":
      ["10.0.0.0/16"]}, "subnets": [{"name": "myvmSubnet", "properties": {"addressPrefix":
      "10.0.0.0/24"}}]}}, {"type": "Microsoft.Network/networkSecurityGroups", "name":
      "myvmNSG", "apiVersion": "2015-06-15", "location": "westus", "tags": {}, "dependsOn":
      [], "properties": {"securityRules": [{"name": "default-allow-ssh", "properties":
      {"protocol": "Tcp", "sourcePortRange": "*", "destinationPortRange": "22", "sourceAddressPrefix":
      "*", "destinationAddressPrefix": "*", "access": "Allow", "priority": 1000, "direction":
      "Inbound"}}]}}, {"apiVersion": "2018-01-01", "type": "Microsoft.Network/publicIPAddresses",
      "name": "myvmPublicIP", "location": "westus", "tags": {}, "dependsOn": [], "properties":
      {"publicIPAllocationMethod": null}}, {"apiVersion": "2015-06-15", "type": "Microsoft.Network/networkInterfaces",
      "name": "myvmVMNic", "location": "westus", "tags": {}, "dependsOn": ["Microsoft.Network/virtualNetworks/myvmVNET",
      "Microsoft.Network/networkSecurityGroups/myvmNSG", "Microsoft.Network/publicIpAddresses/myvmPublicIP"],
      "properties": {"ipConfigurations": [{"name": "ipconfigmyvm", "properties": {"privateIPAllocationMethod":
      "Dynamic", "subnet": {"id": "/subscriptions/00000000-0000-0000-0000-000000000000/resourceGroups/cli_test_vm_diagnostics000001/providers/Microsoft.Network/virtualNetworks/myvmVNET/subnets/myvmSubnet"},
      "publicIPAddress": {"id": "/subscriptions/00000000-0000-0000-0000-000000000000/resourceGroups/cli_test_vm_diagnostics000001/providers/Microsoft.Network/publicIPAddresses/myvmPublicIP"}}}],
      "networkSecurityGroup": {"id": "/subscriptions/00000000-0000-0000-0000-000000000000/resourceGroups/cli_test_vm_diagnostics000001/providers/Microsoft.Network/networkSecurityGroups/myvmNSG"}}},
      {"apiVersion": "2019-03-01", "type": "Microsoft.Compute/virtualMachines", "name":
      "myvm", "location": "westus", "tags": {}, "dependsOn": ["Microsoft.Storage/storageAccounts/vhdstoragee5914c66f260eb",
      "Microsoft.Network/networkInterfaces/myvmVMNic"], "properties": {"hardwareProfile":
      {"vmSize": "Standard_DS1_v2"}, "networkProfile": {"networkInterfaces": [{"id":
      "/subscriptions/00000000-0000-0000-0000-000000000000/resourceGroups/cli_test_vm_diagnostics000001/providers/Microsoft.Network/networkInterfaces/myvmVMNic"}]},
      "storageProfile": {"osDisk": {"createOption": "fromImage", "name": "osdisk_e5914c66f2",
      "caching": "ReadWrite", "vhd": {"uri": "https://vhdstoragee5914c66f260eb.blob.core.windows.net/vhds/osdisk_e5914c66f2.vhd"}},
      "imageReference": {"publisher": "Canonical", "offer": "UbuntuServer", "sku":
      "18.04-LTS", "version": "latest"}}, "osProfile": {"computerName": "myvm", "adminUsername":
      "user11", "adminPassword": "[parameters(\''adminPassword\'')]"}}}], "outputs":
      {}}, "parameters": {"adminPassword": {"value": "testPassword0"}}, "mode": "Incremental"}}'''
    headers:
      Accept:
      - application/json
      Accept-Encoding:
      - gzip, deflate
      CommandName:
      - vm create
      Connection:
      - keep-alive
      Content-Length:
      - '3668'
      Content-Type:
      - application/json; charset=utf-8
      ParameterSetName:
      - -n -g --image --authentication-type --admin-username --admin-password --use-unmanaged-disk
      User-Agent:
      - python/3.6.5 (Windows-10-10.0.17134-SP0) msrest/0.6.10 msrest_azure/0.6.2
        azure-mgmt-resource/4.0.0 Azure-SDK-For-Python AZURECLI/2.0.74
      accept-language:
      - en-US
    method: PUT
    uri: https://management.azure.com/subscriptions/00000000-0000-0000-0000-000000000000/resourcegroups/cli_test_vm_diagnostics000001/providers/Microsoft.Resources/deployments/mock-deployment?api-version=2019-07-01
  response:
    body:
      string: '{"id":"/subscriptions/00000000-0000-0000-0000-000000000000/resourceGroups/cli_test_vm_diagnostics000001/providers/Microsoft.Resources/deployments/vm_deploy_7FGy4hoQ2F5rQU1Od9yNrrHsGwFCxBdm","name":"vm_deploy_7FGy4hoQ2F5rQU1Od9yNrrHsGwFCxBdm","type":"Microsoft.Resources/deployments","properties":{"templateHash":"14704711655964511090","parameters":{"adminPassword":{"type":"SecureString"}},"mode":"Incremental","provisioningState":"Accepted","timestamp":"2019-10-12T23:05:06.1220292Z","duration":"PT0.3570404S","correlationId":"1aa887ca-3784-432f-8dad-9aa0840e1751","providers":[{"namespace":"Microsoft.Storage","resourceTypes":[{"resourceType":"storageAccounts","locations":["westus"]}]},{"namespace":"Microsoft.Network","resourceTypes":[{"resourceType":"virtualNetworks","locations":["westus"]},{"resourceType":"networkSecurityGroups","locations":["westus"]},{"resourceType":"publicIPAddresses","locations":["westus"]},{"resourceType":"networkInterfaces","locations":["westus"]}]},{"namespace":"Microsoft.Compute","resourceTypes":[{"resourceType":"virtualMachines","locations":["westus"]}]}],"dependencies":[{"dependsOn":[{"id":"/subscriptions/00000000-0000-0000-0000-000000000000/resourceGroups/cli_test_vm_diagnostics000001/providers/Microsoft.Network/virtualNetworks/myvmVNET","resourceType":"Microsoft.Network/virtualNetworks","resourceName":"myvmVNET"},{"id":"/subscriptions/00000000-0000-0000-0000-000000000000/resourceGroups/cli_test_vm_diagnostics000001/providers/Microsoft.Network/networkSecurityGroups/myvmNSG","resourceType":"Microsoft.Network/networkSecurityGroups","resourceName":"myvmNSG"},{"id":"/subscriptions/00000000-0000-0000-0000-000000000000/resourceGroups/cli_test_vm_diagnostics000001/providers/Microsoft.Network/publicIPAddresses/myvmPublicIP","resourceType":"Microsoft.Network/publicIPAddresses","resourceName":"myvmPublicIP"}],"id":"/subscriptions/00000000-0000-0000-0000-000000000000/resourceGroups/cli_test_vm_diagnostics000001/providers/Microsoft.Network/networkInterfaces/myvmVMNic","resourceType":"Microsoft.Network/networkInterfaces","resourceName":"myvmVMNic"},{"dependsOn":[{"id":"/subscriptions/00000000-0000-0000-0000-000000000000/resourceGroups/cli_test_vm_diagnostics000001/providers/Microsoft.Storage/storageAccounts/vhdstoragee5914c66f260eb","resourceType":"Microsoft.Storage/storageAccounts","resourceName":"vhdstoragee5914c66f260eb"},{"id":"/subscriptions/00000000-0000-0000-0000-000000000000/resourceGroups/cli_test_vm_diagnostics000001/providers/Microsoft.Network/networkInterfaces/myvmVMNic","resourceType":"Microsoft.Network/networkInterfaces","resourceName":"myvmVMNic"}],"id":"/subscriptions/00000000-0000-0000-0000-000000000000/resourceGroups/cli_test_vm_diagnostics000001/providers/Microsoft.Compute/virtualMachines/myvm","resourceType":"Microsoft.Compute/virtualMachines","resourceName":"myvm"}]}}'
    headers:
      azure-asyncoperation:
      - https://management.azure.com/subscriptions/00000000-0000-0000-0000-000000000000/resourcegroups/cli_test_vm_diagnostics000001/providers/Microsoft.Resources/deployments/vm_deploy_7FGy4hoQ2F5rQU1Od9yNrrHsGwFCxBdm/operationStatuses/08586306853797126482?api-version=2019-07-01
      cache-control:
      - no-cache
      content-length:
      - '3218'
      content-type:
      - application/json; charset=utf-8
      date:
      - Sat, 12 Oct 2019 23:05:05 GMT
      expires:
      - '-1'
      pragma:
      - no-cache
      strict-transport-security:
      - max-age=31536000; includeSubDomains
      x-content-type-options:
      - nosniff
      x-ms-ratelimit-remaining-subscription-writes:
      - '1199'
    status:
      code: 201
      message: Created
- request:
    body: null
    headers:
      Accept:
      - application/json
      Accept-Encoding:
      - gzip, deflate
      CommandName:
      - vm create
      Connection:
      - keep-alive
      ParameterSetName:
      - -n -g --image --authentication-type --admin-username --admin-password --use-unmanaged-disk
      User-Agent:
      - python/3.6.5 (Windows-10-10.0.17134-SP0) msrest/0.6.10 msrest_azure/0.6.2
        azure-mgmt-resource/4.0.0 Azure-SDK-For-Python AZURECLI/2.0.74
    method: GET
    uri: https://management.azure.com/subscriptions/00000000-0000-0000-0000-000000000000/resourcegroups/cli_test_vm_diagnostics000001/providers/Microsoft.Resources/deployments/mock-deployment/operationStatuses/08586306853797126482?api-version=2019-07-01
  response:
    body:
      string: '{"status":"Running"}'
    headers:
      cache-control:
      - no-cache
      content-length:
      - '20'
      content-type:
      - application/json; charset=utf-8
      date:
      - Sat, 12 Oct 2019 23:05:35 GMT
      expires:
      - '-1'
      pragma:
      - no-cache
      strict-transport-security:
      - max-age=31536000; includeSubDomains
      vary:
      - Accept-Encoding
      x-content-type-options:
      - nosniff
    status:
      code: 200
      message: OK
- request:
    body: null
    headers:
      Accept:
      - application/json
      Accept-Encoding:
      - gzip, deflate
      CommandName:
      - vm create
      Connection:
      - keep-alive
      ParameterSetName:
      - -n -g --image --authentication-type --admin-username --admin-password --use-unmanaged-disk
      User-Agent:
      - python/3.6.5 (Windows-10-10.0.17134-SP0) msrest/0.6.10 msrest_azure/0.6.2
        azure-mgmt-resource/4.0.0 Azure-SDK-For-Python AZURECLI/2.0.74
    method: GET
    uri: https://management.azure.com/subscriptions/00000000-0000-0000-0000-000000000000/resourcegroups/cli_test_vm_diagnostics000001/providers/Microsoft.Resources/deployments/mock-deployment/operationStatuses/08586306853797126482?api-version=2019-07-01
  response:
    body:
      string: '{"status":"Running"}'
    headers:
      cache-control:
      - no-cache
      content-length:
      - '20'
      content-type:
      - application/json; charset=utf-8
      date:
      - Sat, 12 Oct 2019 23:06:05 GMT
      expires:
      - '-1'
      pragma:
      - no-cache
      strict-transport-security:
      - max-age=31536000; includeSubDomains
      vary:
      - Accept-Encoding
      x-content-type-options:
      - nosniff
    status:
      code: 200
      message: OK
- request:
    body: null
    headers:
      Accept:
      - application/json
      Accept-Encoding:
      - gzip, deflate
      CommandName:
      - vm create
      Connection:
      - keep-alive
      ParameterSetName:
      - -n -g --image --authentication-type --admin-username --admin-password --use-unmanaged-disk
      User-Agent:
      - python/3.6.5 (Windows-10-10.0.17134-SP0) msrest/0.6.10 msrest_azure/0.6.2
        azure-mgmt-resource/4.0.0 Azure-SDK-For-Python AZURECLI/2.0.74
    method: GET
    uri: https://management.azure.com/subscriptions/00000000-0000-0000-0000-000000000000/resourcegroups/cli_test_vm_diagnostics000001/providers/Microsoft.Resources/deployments/mock-deployment/operationStatuses/08586306853797126482?api-version=2019-07-01
  response:
    body:
      string: '{"status":"Succeeded"}'
    headers:
      cache-control:
      - no-cache
      content-length:
      - '22'
      content-type:
      - application/json; charset=utf-8
      date:
      - Sat, 12 Oct 2019 23:06:35 GMT
      expires:
      - '-1'
      pragma:
      - no-cache
      strict-transport-security:
      - max-age=31536000; includeSubDomains
      vary:
      - Accept-Encoding
      x-content-type-options:
      - nosniff
    status:
      code: 200
      message: OK
- request:
    body: null
    headers:
      Accept:
      - application/json
      Accept-Encoding:
      - gzip, deflate
      CommandName:
      - vm create
      Connection:
      - keep-alive
      ParameterSetName:
      - -n -g --image --authentication-type --admin-username --admin-password --use-unmanaged-disk
      User-Agent:
      - python/3.6.5 (Windows-10-10.0.17134-SP0) msrest/0.6.10 msrest_azure/0.6.2
        azure-mgmt-resource/4.0.0 Azure-SDK-For-Python AZURECLI/2.0.74
    method: GET
    uri: https://management.azure.com/subscriptions/00000000-0000-0000-0000-000000000000/resourcegroups/cli_test_vm_diagnostics000001/providers/Microsoft.Resources/deployments/mock-deployment?api-version=2019-07-01
  response:
    body:
      string: '{"id":"/subscriptions/00000000-0000-0000-0000-000000000000/resourceGroups/cli_test_vm_diagnostics000001/providers/Microsoft.Resources/deployments/vm_deploy_7FGy4hoQ2F5rQU1Od9yNrrHsGwFCxBdm","name":"vm_deploy_7FGy4hoQ2F5rQU1Od9yNrrHsGwFCxBdm","type":"Microsoft.Resources/deployments","properties":{"templateHash":"14704711655964511090","parameters":{"adminPassword":{"type":"SecureString"}},"mode":"Incremental","provisioningState":"Succeeded","timestamp":"2019-10-12T23:06:30.0162889Z","duration":"PT1M24.2513001S","correlationId":"1aa887ca-3784-432f-8dad-9aa0840e1751","providers":[{"namespace":"Microsoft.Storage","resourceTypes":[{"resourceType":"storageAccounts","locations":["westus"]}]},{"namespace":"Microsoft.Network","resourceTypes":[{"resourceType":"virtualNetworks","locations":["westus"]},{"resourceType":"networkSecurityGroups","locations":["westus"]},{"resourceType":"publicIPAddresses","locations":["westus"]},{"resourceType":"networkInterfaces","locations":["westus"]}]},{"namespace":"Microsoft.Compute","resourceTypes":[{"resourceType":"virtualMachines","locations":["westus"]}]}],"dependencies":[{"dependsOn":[{"id":"/subscriptions/00000000-0000-0000-0000-000000000000/resourceGroups/cli_test_vm_diagnostics000001/providers/Microsoft.Network/virtualNetworks/myvmVNET","resourceType":"Microsoft.Network/virtualNetworks","resourceName":"myvmVNET"},{"id":"/subscriptions/00000000-0000-0000-0000-000000000000/resourceGroups/cli_test_vm_diagnostics000001/providers/Microsoft.Network/networkSecurityGroups/myvmNSG","resourceType":"Microsoft.Network/networkSecurityGroups","resourceName":"myvmNSG"},{"id":"/subscriptions/00000000-0000-0000-0000-000000000000/resourceGroups/cli_test_vm_diagnostics000001/providers/Microsoft.Network/publicIPAddresses/myvmPublicIP","resourceType":"Microsoft.Network/publicIPAddresses","resourceName":"myvmPublicIP"}],"id":"/subscriptions/00000000-0000-0000-0000-000000000000/resourceGroups/cli_test_vm_diagnostics000001/providers/Microsoft.Network/networkInterfaces/myvmVMNic","resourceType":"Microsoft.Network/networkInterfaces","resourceName":"myvmVMNic"},{"dependsOn":[{"id":"/subscriptions/00000000-0000-0000-0000-000000000000/resourceGroups/cli_test_vm_diagnostics000001/providers/Microsoft.Storage/storageAccounts/vhdstoragee5914c66f260eb","resourceType":"Microsoft.Storage/storageAccounts","resourceName":"vhdstoragee5914c66f260eb"},{"id":"/subscriptions/00000000-0000-0000-0000-000000000000/resourceGroups/cli_test_vm_diagnostics000001/providers/Microsoft.Network/networkInterfaces/myvmVMNic","resourceType":"Microsoft.Network/networkInterfaces","resourceName":"myvmVMNic"}],"id":"/subscriptions/00000000-0000-0000-0000-000000000000/resourceGroups/cli_test_vm_diagnostics000001/providers/Microsoft.Compute/virtualMachines/myvm","resourceType":"Microsoft.Compute/virtualMachines","resourceName":"myvm"}],"outputs":{},"outputResources":[{"id":"/subscriptions/00000000-0000-0000-0000-000000000000/resourceGroups/cli_test_vm_diagnostics000001/providers/Microsoft.Compute/virtualMachines/myvm"},{"id":"/subscriptions/00000000-0000-0000-0000-000000000000/resourceGroups/cli_test_vm_diagnostics000001/providers/Microsoft.Network/networkInterfaces/myvmVMNic"},{"id":"/subscriptions/00000000-0000-0000-0000-000000000000/resourceGroups/cli_test_vm_diagnostics000001/providers/Microsoft.Network/networkSecurityGroups/myvmNSG"},{"id":"/subscriptions/00000000-0000-0000-0000-000000000000/resourceGroups/cli_test_vm_diagnostics000001/providers/Microsoft.Network/publicIPAddresses/myvmPublicIP"},{"id":"/subscriptions/00000000-0000-0000-0000-000000000000/resourceGroups/cli_test_vm_diagnostics000001/providers/Microsoft.Network/virtualNetworks/myvmVNET"},{"id":"/subscriptions/00000000-0000-0000-0000-000000000000/resourceGroups/cli_test_vm_diagnostics000001/providers/Microsoft.Storage/storageAccounts/vhdstoragee5914c66f260eb"}]}}'
    headers:
      cache-control:
      - no-cache
      content-length:
      - '4511'
      content-type:
      - application/json; charset=utf-8
      date:
      - Sat, 12 Oct 2019 23:06:35 GMT
      expires:
      - '-1'
      pragma:
      - no-cache
      strict-transport-security:
      - max-age=31536000; includeSubDomains
      vary:
      - Accept-Encoding
      x-content-type-options:
      - nosniff
    status:
      code: 200
      message: OK
- request:
    body: null
    headers:
      Accept:
      - application/json
      Accept-Encoding:
      - gzip, deflate
      CommandName:
      - vm create
      Connection:
      - keep-alive
      ParameterSetName:
      - -n -g --image --authentication-type --admin-username --admin-password --use-unmanaged-disk
      User-Agent:
      - python/3.6.5 (Windows-10-10.0.17134-SP0) msrest/0.6.10 msrest_azure/0.6.2
        azure-mgmt-compute/8.0.0 Azure-SDK-For-Python AZURECLI/2.0.74
      accept-language:
      - en-US
    method: GET
    uri: https://management.azure.com/subscriptions/00000000-0000-0000-0000-000000000000/resourceGroups/cli_test_vm_diagnostics000001/providers/Microsoft.Compute/virtualMachines/myvm?$expand=instanceView&api-version=2019-03-01
  response:
    body:
      string: "{\r\n  \"name\": \"myvm\",\r\n  \"id\": \"/subscriptions/00000000-0000-0000-0000-000000000000/resourceGroups/cli_test_vm_diagnostics000001/providers/Microsoft.Compute/virtualMachines/myvm\",\r\n
        \ \"type\": \"Microsoft.Compute/virtualMachines\",\r\n  \"location\": \"westus\",\r\n
        \ \"tags\": {},\r\n  \"properties\": {\r\n    \"vmId\": \"ee30b06a-b256-47ef-a9f1-81338cebb4a2\",\r\n
        \   \"hardwareProfile\": {\r\n      \"vmSize\": \"Standard_DS1_v2\"\r\n    },\r\n
        \   \"storageProfile\": {\r\n      \"imageReference\": {\r\n        \"publisher\":
        \"Canonical\",\r\n        \"offer\": \"UbuntuServer\",\r\n        \"sku\":
        \"18.04-LTS\",\r\n        \"version\": \"latest\"\r\n      },\r\n      \"osDisk\":
        {\r\n        \"osType\": \"Linux\",\r\n        \"name\": \"osdisk_e5914c66f2\",\r\n
        \       \"createOption\": \"FromImage\",\r\n        \"vhd\": {\r\n          \"uri\":
        \"https://vhdstoragee5914c66f260eb.blob.core.windows.net/vhds/osdisk_e5914c66f2.vhd\"\r\n
        \       },\r\n        \"caching\": \"ReadWrite\",\r\n        \"diskSizeGB\":
        30\r\n      },\r\n      \"dataDisks\": []\r\n    },\r\n    \"osProfile\":
        {\r\n      \"computerName\": \"myvm\",\r\n      \"adminUsername\": \"user11\",\r\n
        \     \"linuxConfiguration\": {\r\n        \"disablePasswordAuthentication\":
        false,\r\n        \"provisionVMAgent\": true\r\n      },\r\n      \"secrets\":
        [],\r\n      \"allowExtensionOperations\": true,\r\n      \"requireGuestProvisionSignal\":
        true\r\n    },\r\n    \"networkProfile\": {\"networkInterfaces\":[{\"id\":\"/subscriptions/00000000-0000-0000-0000-000000000000/resourceGroups/cli_test_vm_diagnostics000001/providers/Microsoft.Network/networkInterfaces/myvmVMNic\"}]},\r\n
        \   \"provisioningState\": \"Succeeded\",\r\n    \"instanceView\": {\r\n      \"computerName\":
        \"myvm\",\r\n      \"osName\": \"ubuntu\",\r\n      \"osVersion\": \"18.04\",\r\n
        \     \"vmAgent\": {\r\n        \"vmAgentVersion\": \"2.2.42\",\r\n        \"statuses\":
        [\r\n          {\r\n            \"code\": \"ProvisioningState/succeeded\",\r\n
        \           \"level\": \"Info\",\r\n            \"displayStatus\": \"Ready\",\r\n
        \           \"message\": \"Guest Agent is running\",\r\n            \"time\":
        \"2019-10-12T23:06:35+00:00\"\r\n          }\r\n        ],\r\n        \"extensionHandlers\":
        []\r\n      },\r\n      \"disks\": [\r\n        {\r\n          \"name\": \"osdisk_e5914c66f2\",\r\n
        \         \"statuses\": [\r\n            {\r\n              \"code\": \"ProvisioningState/succeeded\",\r\n
        \             \"level\": \"Info\",\r\n              \"displayStatus\": \"Provisioning
        succeeded\",\r\n              \"time\": \"2019-10-12T23:05:31.979193+00:00\"\r\n
        \           }\r\n          ]\r\n        }\r\n      ],\r\n      \"hyperVGeneration\":
        \"V1\",\r\n      \"statuses\": [\r\n        {\r\n          \"code\": \"ProvisioningState/succeeded\",\r\n
        \         \"level\": \"Info\",\r\n          \"displayStatus\": \"Provisioning
        succeeded\",\r\n          \"time\": \"2019-10-12T23:06:20.8554456+00:00\"\r\n
        \       },\r\n        {\r\n          \"code\": \"PowerState/running\",\r\n
        \         \"level\": \"Info\",\r\n          \"displayStatus\": \"VM running\"\r\n
        \       }\r\n      ]\r\n    }\r\n  }\r\n}"
    headers:
      cache-control:
      - no-cache
      content-length:
      - '2886'
      content-type:
      - application/json; charset=utf-8
      date:
      - Sat, 12 Oct 2019 23:06:36 GMT
      expires:
      - '-1'
      pragma:
      - no-cache
      server:
      - Microsoft-HTTPAPI/2.0
      - Microsoft-HTTPAPI/2.0
      strict-transport-security:
      - max-age=31536000; includeSubDomains
      transfer-encoding:
      - chunked
      vary:
      - Accept-Encoding
      x-content-type-options:
      - nosniff
      x-ms-ratelimit-remaining-resource:
      - Microsoft.Compute/LowCostGet3Min;3989,Microsoft.Compute/LowCostGet30Min;31889
    status:
      code: 200
      message: OK
- request:
    body: null
    headers:
      Accept:
      - application/json
      Accept-Encoding:
      - gzip, deflate
      CommandName:
      - vm create
      Connection:
      - keep-alive
      ParameterSetName:
      - -n -g --image --authentication-type --admin-username --admin-password --use-unmanaged-disk
      User-Agent:
      - python/3.6.5 (Windows-10-10.0.17134-SP0) msrest/0.6.10 msrest_azure/0.6.2
        azure-mgmt-network/4.0.0 Azure-SDK-For-Python AZURECLI/2.0.74
      accept-language:
      - en-US
    method: GET
    uri: https://management.azure.com/subscriptions/00000000-0000-0000-0000-000000000000/resourceGroups/cli_test_vm_diagnostics000001/providers/Microsoft.Network/networkInterfaces/myvmVMNic?api-version=2018-01-01
  response:
    body:
      string: "{\r\n  \"name\": \"myvmVMNic\",\r\n  \"id\": \"/subscriptions/00000000-0000-0000-0000-000000000000/resourceGroups/cli_test_vm_diagnostics000001/providers/Microsoft.Network/networkInterfaces/myvmVMNic\",\r\n
        \ \"etag\": \"W/\\\"57892686-9594-4838-9fbb-da36a1b81218\\\"\",\r\n  \"location\":
        \"westus\",\r\n  \"tags\": {},\r\n  \"properties\": {\r\n    \"provisioningState\":
        \"Succeeded\",\r\n    \"resourceGuid\": \"40963012-6cda-450d-8253-e2b3e1c81406\",\r\n
        \   \"ipConfigurations\": [\r\n      {\r\n        \"name\": \"ipconfigmyvm\",\r\n
        \       \"id\": \"/subscriptions/00000000-0000-0000-0000-000000000000/resourceGroups/cli_test_vm_diagnostics000001/providers/Microsoft.Network/networkInterfaces/myvmVMNic/ipConfigurations/ipconfigmyvm\",\r\n
        \       \"etag\": \"W/\\\"57892686-9594-4838-9fbb-da36a1b81218\\\"\",\r\n
        \       \"type\": \"Microsoft.Network/networkInterfaces/ipConfigurations\",\r\n
        \       \"properties\": {\r\n          \"provisioningState\": \"Succeeded\",\r\n
        \         \"privateIPAddress\": \"10.0.0.4\",\r\n          \"privateIPAllocationMethod\":
        \"Dynamic\",\r\n          \"publicIPAddress\": {\r\n            \"id\": \"/subscriptions/00000000-0000-0000-0000-000000000000/resourceGroups/cli_test_vm_diagnostics000001/providers/Microsoft.Network/publicIPAddresses/myvmPublicIP\"\r\n
        \         },\r\n          \"subnet\": {\r\n            \"id\": \"/subscriptions/00000000-0000-0000-0000-000000000000/resourceGroups/cli_test_vm_diagnostics000001/providers/Microsoft.Network/virtualNetworks/myvmVNET/subnets/myvmSubnet\"\r\n
        \         },\r\n          \"primary\": true,\r\n          \"privateIPAddressVersion\":
        \"IPv4\"\r\n        }\r\n      }\r\n    ],\r\n    \"dnsSettings\": {\r\n      \"dnsServers\":
        [],\r\n      \"appliedDnsServers\": [],\r\n      \"internalDomainNameSuffix\":
        \"lm0h0qjdlk2ufidr5ouo0dw45b.dx.internal.cloudapp.net\"\r\n    },\r\n    \"macAddress\":
        \"00-0D-3A-36-C2-DC\",\r\n    \"enableAcceleratedNetworking\": false,\r\n
        \   \"enableIPForwarding\": false,\r\n    \"networkSecurityGroup\": {\r\n
        \     \"id\": \"/subscriptions/00000000-0000-0000-0000-000000000000/resourceGroups/cli_test_vm_diagnostics000001/providers/Microsoft.Network/networkSecurityGroups/myvmNSG\"\r\n
        \   },\r\n    \"primary\": true,\r\n    \"virtualMachine\": {\r\n      \"id\":
        \"/subscriptions/00000000-0000-0000-0000-000000000000/resourceGroups/cli_test_vm_diagnostics000001/providers/Microsoft.Compute/virtualMachines/myvm\"\r\n
        \   }\r\n  },\r\n  \"type\": \"Microsoft.Network/networkInterfaces\"\r\n}"
    headers:
      cache-control:
      - no-cache
      content-length:
      - '2578'
      content-type:
      - application/json; charset=utf-8
      date:
      - Sat, 12 Oct 2019 23:06:37 GMT
      etag:
      - W/"57892686-9594-4838-9fbb-da36a1b81218"
      expires:
      - '-1'
      pragma:
      - no-cache
      server:
      - Microsoft-HTTPAPI/2.0
      - Microsoft-HTTPAPI/2.0
      strict-transport-security:
      - max-age=31536000; includeSubDomains
      transfer-encoding:
      - chunked
      vary:
      - Accept-Encoding
      x-content-type-options:
      - nosniff
      x-ms-arm-service-request-id:
      - d4d1dec3-4a12-4986-8ad7-cc84803a6e5b
    status:
      code: 200
      message: OK
- request:
    body: null
    headers:
      Accept:
      - application/json
      Accept-Encoding:
      - gzip, deflate
      CommandName:
      - vm create
      Connection:
      - keep-alive
      ParameterSetName:
      - -n -g --image --authentication-type --admin-username --admin-password --use-unmanaged-disk
      User-Agent:
      - python/3.6.5 (Windows-10-10.0.17134-SP0) msrest/0.6.10 msrest_azure/0.6.2
        azure-mgmt-network/4.0.0 Azure-SDK-For-Python AZURECLI/2.0.74
      accept-language:
      - en-US
    method: GET
    uri: https://management.azure.com/subscriptions/00000000-0000-0000-0000-000000000000/resourceGroups/cli_test_vm_diagnostics000001/providers/Microsoft.Network/publicIPAddresses/myvmPublicIP?api-version=2018-01-01
  response:
    body:
      string: "{\r\n  \"name\": \"myvmPublicIP\",\r\n  \"id\": \"/subscriptions/00000000-0000-0000-0000-000000000000/resourceGroups/cli_test_vm_diagnostics000001/providers/Microsoft.Network/publicIPAddresses/myvmPublicIP\",\r\n
        \ \"etag\": \"W/\\\"3b3c9824-2bb2-46cf-97fc-0df0a64694f1\\\"\",\r\n  \"location\":
        \"westus\",\r\n  \"tags\": {},\r\n  \"properties\": {\r\n    \"provisioningState\":
        \"Succeeded\",\r\n    \"resourceGuid\": \"1c379731-b7fc-4224-81b7-e6684eab9fe0\",\r\n
        \   \"ipAddress\": \"137.117.15.183\",\r\n    \"publicIPAddressVersion\":
        \"IPv4\",\r\n    \"publicIPAllocationMethod\": \"Dynamic\",\r\n    \"idleTimeoutInMinutes\":
        4,\r\n    \"ipTags\": [],\r\n    \"ipConfiguration\": {\r\n      \"id\": \"/subscriptions/00000000-0000-0000-0000-000000000000/resourceGroups/cli_test_vm_diagnostics000001/providers/Microsoft.Network/networkInterfaces/myvmVMNic/ipConfigurations/ipconfigmyvm\"\r\n
        \   }\r\n  },\r\n  \"type\": \"Microsoft.Network/publicIPAddresses\",\r\n
        \ \"sku\": {\r\n    \"name\": \"Basic\",\r\n    \"tier\": \"Regional\"\r\n
        \ }\r\n}"
    headers:
      cache-control:
      - no-cache
      content-length:
      - '1027'
      content-type:
      - application/json; charset=utf-8
      date:
      - Sat, 12 Oct 2019 23:06:37 GMT
      etag:
      - W/"3b3c9824-2bb2-46cf-97fc-0df0a64694f1"
      expires:
      - '-1'
      pragma:
      - no-cache
      server:
      - Microsoft-HTTPAPI/2.0
      - Microsoft-HTTPAPI/2.0
      strict-transport-security:
      - max-age=31536000; includeSubDomains
      transfer-encoding:
      - chunked
      vary:
      - Accept-Encoding
      x-content-type-options:
      - nosniff
      x-ms-arm-service-request-id:
      - 721d1ddb-e1c0-4596-9a34-43198699b946
    status:
      code: 200
      message: OK
- request:
    body: null
    headers:
      Accept:
      - application/json
      Accept-Encoding:
      - gzip, deflate
      CommandName:
      - vm boot-diagnostics enable
      Connection:
      - keep-alive
      ParameterSetName:
      - -g -n --storage
      User-Agent:
      - python/3.6.5 (Windows-10-10.0.17134-SP0) msrest/0.6.10 msrest_azure/0.6.2
        azure-mgmt-compute/8.0.0 Azure-SDK-For-Python AZURECLI/2.0.74
      accept-language:
      - en-US
    method: GET
    uri: https://management.azure.com/subscriptions/00000000-0000-0000-0000-000000000000/resourceGroups/cli_test_vm_diagnostics000001/providers/Microsoft.Compute/virtualMachines/myvm?api-version=2019-03-01
  response:
    body:
      string: "{\r\n  \"name\": \"myvm\",\r\n  \"id\": \"/subscriptions/00000000-0000-0000-0000-000000000000/resourceGroups/cli_test_vm_diagnostics000001/providers/Microsoft.Compute/virtualMachines/myvm\",\r\n
        \ \"type\": \"Microsoft.Compute/virtualMachines\",\r\n  \"location\": \"westus\",\r\n
        \ \"tags\": {},\r\n  \"properties\": {\r\n    \"vmId\": \"ee30b06a-b256-47ef-a9f1-81338cebb4a2\",\r\n
        \   \"hardwareProfile\": {\r\n      \"vmSize\": \"Standard_DS1_v2\"\r\n    },\r\n
        \   \"storageProfile\": {\r\n      \"imageReference\": {\r\n        \"publisher\":
        \"Canonical\",\r\n        \"offer\": \"UbuntuServer\",\r\n        \"sku\":
        \"18.04-LTS\",\r\n        \"version\": \"latest\"\r\n      },\r\n      \"osDisk\":
        {\r\n        \"osType\": \"Linux\",\r\n        \"name\": \"osdisk_e5914c66f2\",\r\n
        \       \"createOption\": \"FromImage\",\r\n        \"vhd\": {\r\n          \"uri\":
        \"https://vhdstoragee5914c66f260eb.blob.core.windows.net/vhds/osdisk_e5914c66f2.vhd\"\r\n
        \       },\r\n        \"caching\": \"ReadWrite\",\r\n        \"diskSizeGB\":
        30\r\n      },\r\n      \"dataDisks\": []\r\n    },\r\n    \"osProfile\":
        {\r\n      \"computerName\": \"myvm\",\r\n      \"adminUsername\": \"user11\",\r\n
        \     \"linuxConfiguration\": {\r\n        \"disablePasswordAuthentication\":
        false,\r\n        \"provisionVMAgent\": true\r\n      },\r\n      \"secrets\":
        [],\r\n      \"allowExtensionOperations\": true,\r\n      \"requireGuestProvisionSignal\":
        true\r\n    },\r\n    \"networkProfile\": {\"networkInterfaces\":[{\"id\":\"/subscriptions/00000000-0000-0000-0000-000000000000/resourceGroups/cli_test_vm_diagnostics000001/providers/Microsoft.Network/networkInterfaces/myvmVMNic\"}]},\r\n
        \   \"provisioningState\": \"Succeeded\"\r\n  }\r\n}"
    headers:
      cache-control:
      - no-cache
      content-length:
      - '1622'
      content-type:
      - application/json; charset=utf-8
      date:
      - Sat, 12 Oct 2019 23:06:36 GMT
      expires:
      - '-1'
      pragma:
      - no-cache
      server:
      - Microsoft-HTTPAPI/2.0
      - Microsoft-HTTPAPI/2.0
      strict-transport-security:
      - max-age=31536000; includeSubDomains
      transfer-encoding:
      - chunked
      vary:
      - Accept-Encoding
      x-content-type-options:
      - nosniff
      x-ms-ratelimit-remaining-resource:
      - Microsoft.Compute/LowCostGet3Min;3987,Microsoft.Compute/LowCostGet30Min;31887
    status:
      code: 200
      message: OK
- request:
    body: null
    headers:
      Accept:
      - application/json
      Accept-Encoding:
      - gzip, deflate
      CommandName:
      - vm boot-diagnostics enable
      Connection:
      - keep-alive
      ParameterSetName:
      - -g -n --storage
      User-Agent:
      - python/3.6.5 (Windows-10-10.0.17134-SP0) msrest/0.6.10 msrest_azure/0.6.2
        azure-mgmt-storage/4.0.0 Azure-SDK-For-Python AZURECLI/2.0.74
      accept-language:
      - en-US
    method: GET
    uri: https://management.azure.com/subscriptions/00000000-0000-0000-0000-000000000000/providers/Microsoft.Storage/storageAccounts?api-version=2019-04-01
  response:
    body:
      string: '{"value":[{"sku":{"name":"Standard_LRS","tier":"Standard"},"kind":"Storage","id":"/subscriptions/00000000-0000-0000-0000-000000000000/resourceGroups/demo-rg/providers/Microsoft.Storage/storageAccounts/armbuilddemo1811","name":"armbuilddemo1811","type":"Microsoft.Storage/storageAccounts","location":"eastus","tags":{},"properties":{"networkAcls":{"bypass":"AzureServices","virtualNetworkRules":[],"ipRules":[],"defaultAction":"Allow"},"supportsHttpsTrafficOnly":false,"encryption":{"services":{"file":{"enabled":true,"lastEnabledTime":"2018-06-29T05:38:14.0211652Z"},"blob":{"enabled":true,"lastEnabledTime":"2018-06-29T05:38:14.0211652Z"}},"keySource":"Microsoft.Storage"},"provisioningState":"Succeeded","creationTime":"2018-06-29T05:38:13.8336751Z","primaryEndpoints":{"blob":"https://armbuilddemo1811.blob.core.windows.net/","queue":"https://armbuilddemo1811.queue.core.windows.net/","table":"https://armbuilddemo1811.table.core.windows.net/","file":"https://armbuilddemo1811.file.core.windows.net/"},"primaryLocation":"eastus","statusOfPrimary":"available"}},{"sku":{"name":"Standard_LRS","tier":"Standard"},"kind":"Storage","id":"/subscriptions/00000000-0000-0000-0000-000000000000/resourceGroups/test-rg/providers/Microsoft.Storage/storageAccounts/armbuilddemo1812","name":"armbuilddemo1812","type":"Microsoft.Storage/storageAccounts","location":"eastus","tags":{},"properties":{"networkAcls":{"bypass":"AzureServices","virtualNetworkRules":[],"ipRules":[],"defaultAction":"Allow"},"supportsHttpsTrafficOnly":false,"encryption":{"services":{"file":{"enabled":true,"lastEnabledTime":"2018-07-30T21:46:04.3592434Z"},"blob":{"enabled":true,"lastEnabledTime":"2018-07-30T21:46:04.3592434Z"}},"keySource":"Microsoft.Storage"},"provisioningState":"Succeeded","creationTime":"2018-07-30T21:46:04.2030069Z","primaryEndpoints":{"blob":"https://armbuilddemo1812.blob.core.windows.net/","queue":"https://armbuilddemo1812.queue.core.windows.net/","table":"https://armbuilddemo1812.table.core.windows.net/","file":"https://armbuilddemo1812.file.core.windows.net/"},"primaryLocation":"eastus","statusOfPrimary":"available"}},{"sku":{"name":"Standard_LRS","tier":"Standard"},"kind":"Storage","id":"/subscriptions/00000000-0000-0000-0000-000000000000/resourceGroups/rg-001/providers/Microsoft.Storage/storageAccounts/armbuilddemo1813","name":"armbuilddemo1813","type":"Microsoft.Storage/storageAccounts","location":"eastus","tags":{},"properties":{"networkAcls":{"bypass":"AzureServices","virtualNetworkRules":[],"ipRules":[],"defaultAction":"Allow"},"supportsHttpsTrafficOnly":false,"encryption":{"services":{"file":{"enabled":true,"lastEnabledTime":"2018-07-12T05:53:16.1155569Z"},"blob":{"enabled":true,"lastEnabledTime":"2018-07-12T05:53:16.1155569Z"}},"keySource":"Microsoft.Storage"},"provisioningState":"Succeeded","creationTime":"2018-07-12T05:53:15.9437116Z","primaryEndpoints":{"blob":"https://armbuilddemo1813.blob.core.windows.net/","queue":"https://armbuilddemo1813.queue.core.windows.net/","table":"https://armbuilddemo1813.table.core.windows.net/","file":"https://armbuilddemo1813.file.core.windows.net/"},"primaryLocation":"eastus","statusOfPrimary":"available"}},{"sku":{"name":"Standard_LRS","tier":"Standard"},"kind":"Storage","id":"/subscriptions/00000000-0000-0000-0000-000000000000/resourceGroups/rg-002/providers/Microsoft.Storage/storageAccounts/armbuilddemo1814","name":"armbuilddemo1814","type":"Microsoft.Storage/storageAccounts","location":"eastus","tags":{},"properties":{"networkAcls":{"bypass":"AzureServices","virtualNetworkRules":[],"ipRules":[],"defaultAction":"Allow"},"supportsHttpsTrafficOnly":false,"encryption":{"services":{"file":{"enabled":true,"lastEnabledTime":"2018-07-12T06:15:43.2256693Z"},"blob":{"enabled":true,"lastEnabledTime":"2018-07-12T06:15:43.2256693Z"}},"keySource":"Microsoft.Storage"},"provisioningState":"Succeeded","creationTime":"2018-07-12T06:15:43.1318886Z","primaryEndpoints":{"blob":"https://armbuilddemo1814.blob.core.windows.net/","queue":"https://armbuilddemo1814.queue.core.windows.net/","table":"https://armbuilddemo1814.table.core.windows.net/","file":"https://armbuilddemo1814.file.core.windows.net/"},"primaryLocation":"eastus","statusOfPrimary":"available"}},{"sku":{"name":"Standard_LRS","tier":"Standard"},"kind":"Storage","id":"/subscriptions/00000000-0000-0000-0000-000000000000/resourceGroups/rg-003/providers/Microsoft.Storage/storageAccounts/armbuilddemo1815","name":"armbuilddemo1815","type":"Microsoft.Storage/storageAccounts","location":"eastus","tags":{},"properties":{"networkAcls":{"bypass":"AzureServices","virtualNetworkRules":[],"ipRules":[],"defaultAction":"Allow"},"supportsHttpsTrafficOnly":false,"encryption":{"services":{"file":{"enabled":true,"lastEnabledTime":"2018-07-12T06:15:48.3354820Z"},"blob":{"enabled":true,"lastEnabledTime":"2018-07-12T06:15:48.3354820Z"}},"keySource":"Microsoft.Storage"},"provisioningState":"Succeeded","creationTime":"2018-07-12T06:15:48.2260781Z","primaryEndpoints":{"blob":"https://armbuilddemo1815.blob.core.windows.net/","queue":"https://armbuilddemo1815.queue.core.windows.net/","table":"https://armbuilddemo1815.table.core.windows.net/","file":"https://armbuilddemo1815.file.core.windows.net/"},"primaryLocation":"eastus","statusOfPrimary":"available"}},{"sku":{"name":"Standard_LRS","tier":"Standard"},"kind":"Storage","id":"/subscriptions/00000000-0000-0000-0000-000000000000/resourceGroups/test-rg/providers/Microsoft.Storage/storageAccounts/armbuilddemo1816","name":"armbuilddemo1816","type":"Microsoft.Storage/storageAccounts","location":"eastus","tags":{},"properties":{"networkAcls":{"bypass":"AzureServices","virtualNetworkRules":[],"ipRules":[],"defaultAction":"Allow"},"supportsHttpsTrafficOnly":false,"encryption":{"services":{"file":{"enabled":true,"lastEnabledTime":"2018-07-31T21:40:23.5757203Z"},"blob":{"enabled":true,"lastEnabledTime":"2018-07-31T21:40:23.5757203Z"}},"keySource":"Microsoft.Storage"},"provisioningState":"Succeeded","creationTime":"2018-07-31T21:40:09.9975138Z","primaryEndpoints":{"blob":"https://armbuilddemo1816.blob.core.windows.net/","queue":"https://armbuilddemo1816.queue.core.windows.net/","table":"https://armbuilddemo1816.table.core.windows.net/","file":"https://armbuilddemo1816.file.core.windows.net/"},"primaryLocation":"eastus","statusOfPrimary":"available"}},{"sku":{"name":"Standard_LRS","tier":"Standard"},"kind":"Storage","id":"/subscriptions/00000000-0000-0000-0000-000000000000/resourceGroups/rg-004/providers/Microsoft.Storage/storageAccounts/armbuilddemo1818","name":"armbuilddemo1818","type":"Microsoft.Storage/storageAccounts","location":"eastus","tags":{},"properties":{"networkAcls":{"bypass":"AzureServices","virtualNetworkRules":[],"ipRules":[],"defaultAction":"Allow"},"supportsHttpsTrafficOnly":false,"encryption":{"services":{"file":{"enabled":true,"lastEnabledTime":"2018-08-15T22:51:06.8496945Z"},"blob":{"enabled":true,"lastEnabledTime":"2018-08-15T22:51:06.8496945Z"}},"keySource":"Microsoft.Storage"},"provisioningState":"Succeeded","creationTime":"2018-08-15T22:51:06.6309122Z","primaryEndpoints":{"blob":"https://armbuilddemo1818.blob.core.windows.net/","queue":"https://armbuilddemo1818.queue.core.windows.net/","table":"https://armbuilddemo1818.table.core.windows.net/","file":"https://armbuilddemo1818.file.core.windows.net/"},"primaryLocation":"eastus","statusOfPrimary":"available"}},{"sku":{"name":"Standard_LRS","tier":"Standard"},"kind":"Storage","id":"/subscriptions/00000000-0000-0000-0000-000000000000/resourceGroups/demo-rg/providers/Microsoft.Storage/storageAccounts/armbuilddemo1819","name":"armbuilddemo1819","type":"Microsoft.Storage/storageAccounts","location":"eastus","tags":{},"properties":{"networkAcls":{"bypass":"AzureServices","virtualNetworkRules":[],"ipRules":[],"defaultAction":"Allow"},"supportsHttpsTrafficOnly":false,"encryption":{"services":{"file":{"enabled":true,"lastEnabledTime":"2019-07-18T20:56:30.9039364Z"},"blob":{"enabled":true,"lastEnabledTime":"2019-07-18T20:56:30.9039364Z"}},"keySource":"Microsoft.Storage"},"provisioningState":"Succeeded","creationTime":"2019-07-18T20:56:30.6852206Z","primaryEndpoints":{"blob":"https://armbuilddemo1819.blob.core.windows.net/","queue":"https://armbuilddemo1819.queue.core.windows.net/","table":"https://armbuilddemo1819.table.core.windows.net/","file":"https://armbuilddemo1819.file.core.windows.net/"},"primaryLocation":"eastus","statusOfPrimary":"available"}},{"sku":{"name":"Standard_LRS","tier":"Standard"},"kind":"Storage","id":"/subscriptions/00000000-0000-0000-0000-000000000000/resourceGroups/ps1988/providers/Microsoft.Storage/storageAccounts/ps1122","name":"ps1122","type":"Microsoft.Storage/storageAccounts","location":"eastus","tags":{},"properties":{"networkAcls":{"bypass":"AzureServices","virtualNetworkRules":[],"ipRules":[],"defaultAction":"Allow"},"supportsHttpsTrafficOnly":false,"encryption":{"services":{"file":{"enabled":true,"lastEnabledTime":"2019-06-19T00:03:49.0978575Z"},"blob":{"enabled":true,"lastEnabledTime":"2019-06-19T00:03:49.0978575Z"}},"keySource":"Microsoft.Storage"},"provisioningState":"Succeeded","creationTime":"2019-06-19T00:03:48.9885190Z","primaryEndpoints":{"blob":"https://ps1122.blob.core.windows.net/","queue":"https://ps1122.queue.core.windows.net/","table":"https://ps1122.table.core.windows.net/","file":"https://ps1122.file.core.windows.net/"},"primaryLocation":"eastus","statusOfPrimary":"available"}},{"sku":{"name":"Standard_LRS","tier":"Standard"},"kind":"Storage","id":"/subscriptions/00000000-0000-0000-0000-000000000000/resourceGroups/ps1966/providers/Microsoft.Storage/storageAccounts/ps1233","name":"ps1233","type":"Microsoft.Storage/storageAccounts","location":"eastus","tags":{},"properties":{"networkAcls":{"bypass":"AzureServices","virtualNetworkRules":[],"ipRules":[],"defaultAction":"Allow"},"supportsHttpsTrafficOnly":false,"encryption":{"services":{"file":{"enabled":true,"lastEnabledTime":"2019-06-19T00:06:23.5510032Z"},"blob":{"enabled":true,"lastEnabledTime":"2019-06-19T00:06:23.5510032Z"}},"keySource":"Microsoft.Storage"},"provisioningState":"Succeeded","creationTime":"2019-06-19T00:06:23.3947561Z","primaryEndpoints":{"blob":"https://ps1233.blob.core.windows.net/","queue":"https://ps1233.queue.core.windows.net/","table":"https://ps1233.table.core.windows.net/","file":"https://ps1233.file.core.windows.net/"},"primaryLocation":"eastus","statusOfPrimary":"available"}},{"sku":{"name":"Standard_LRS","tier":"Standard"},"kind":"Storage","id":"/subscriptions/00000000-0000-0000-0000-000000000000/resourceGroups/demo-rg/providers/Microsoft.Storage/storageAccounts/ps1943","name":"ps1943","type":"Microsoft.Storage/storageAccounts","location":"eastus","tags":{},"properties":{"networkAcls":{"bypass":"AzureServices","virtualNetworkRules":[],"ipRules":[],"defaultAction":"Allow"},"supportsHttpsTrafficOnly":false,"encryption":{"services":{"file":{"enabled":true,"lastEnabledTime":"2019-07-19T00:01:31.9720608Z"},"blob":{"enabled":true,"lastEnabledTime":"2019-07-19T00:01:31.9720608Z"}},"keySource":"Microsoft.Storage"},"provisioningState":"Succeeded","creationTime":"2019-07-19T00:01:31.8158168Z","primaryEndpoints":{"blob":"https://ps1943.blob.core.windows.net/","queue":"https://ps1943.queue.core.windows.net/","table":"https://ps1943.table.core.windows.net/","file":"https://ps1943.file.core.windows.net/"},"primaryLocation":"eastus","statusOfPrimary":"available"}},{"sku":{"name":"Standard_LRS","tier":"Standard"},"kind":"Storage","id":"/subscriptions/00000000-0000-0000-0000-000000000000/resourceGroups/ps7675/providers/Microsoft.Storage/storageAccounts/ps3396","name":"ps3396","type":"Microsoft.Storage/storageAccounts","location":"eastus","tags":{},"properties":{"networkAcls":{"bypass":"AzureServices","virtualNetworkRules":[],"ipRules":[],"defaultAction":"Allow"},"supportsHttpsTrafficOnly":false,"encryption":{"services":{"file":{"enabled":true,"lastEnabledTime":"2018-07-31T22:00:47.9816783Z"},"blob":{"enabled":true,"lastEnabledTime":"2018-07-31T22:00:47.9816783Z"}},"keySource":"Microsoft.Storage"},"provisioningState":"Succeeded","creationTime":"2018-07-31T22:00:47.7785478Z","primaryEndpoints":{"blob":"https://ps3396.blob.core.windows.net/","queue":"https://ps3396.queue.core.windows.net/","table":"https://ps3396.table.core.windows.net/","file":"https://ps3396.file.core.windows.net/"},"primaryLocation":"eastus","statusOfPrimary":"available"}},{"sku":{"name":"Standard_LRS","tier":"Standard"},"kind":"Storage","id":"/subscriptions/00000000-0000-0000-0000-000000000000/resourceGroups/ps496/providers/Microsoft.Storage/storageAccounts/ps3838","name":"ps3838","type":"Microsoft.Storage/storageAccounts","location":"eastus","tags":{},"properties":{"networkAcls":{"bypass":"AzureServices","virtualNetworkRules":[],"ipRules":[],"defaultAction":"Allow"},"supportsHttpsTrafficOnly":false,"encryption":{"services":{"file":{"enabled":true,"lastEnabledTime":"2018-07-31T21:55:18.1818760Z"},"blob":{"enabled":true,"lastEnabledTime":"2018-07-31T21:55:18.1818760Z"}},"keySource":"Microsoft.Storage"},"provisioningState":"Succeeded","creationTime":"2018-07-31T21:55:17.9474635Z","primaryEndpoints":{"blob":"https://ps3838.blob.core.windows.net/","queue":"https://ps3838.queue.core.windows.net/","table":"https://ps3838.table.core.windows.net/","file":"https://ps3838.file.core.windows.net/"},"primaryLocation":"eastus","statusOfPrimary":"available"}},{"sku":{"name":"Standard_LRS","tier":"Standard"},"kind":"Storage","id":"/subscriptions/00000000-0000-0000-0000-000000000000/resourceGroups/demo-rg/providers/Microsoft.Storage/storageAccounts/ps6546","name":"ps6546","type":"Microsoft.Storage/storageAccounts","location":"eastus","tags":{},"properties":{"networkAcls":{"bypass":"AzureServices","virtualNetworkRules":[],"ipRules":[],"defaultAction":"Allow"},"supportsHttpsTrafficOnly":false,"encryption":{"services":{"file":{"enabled":true,"lastEnabledTime":"2019-07-24T22:37:13.7233088Z"},"blob":{"enabled":true,"lastEnabledTime":"2019-07-24T22:37:13.7233088Z"}},"keySource":"Microsoft.Storage"},"provisioningState":"Succeeded","creationTime":"2019-07-24T22:37:13.6295585Z","primaryEndpoints":{"blob":"https://ps6546.blob.core.windows.net/","queue":"https://ps6546.queue.core.windows.net/","table":"https://ps6546.table.core.windows.net/","file":"https://ps6546.file.core.windows.net/"},"primaryLocation":"eastus","statusOfPrimary":"available"}},{"sku":{"name":"Standard_LRS","tier":"Standard"},"kind":"Storage","id":"/subscriptions/00000000-0000-0000-0000-000000000000/resourceGroups/ps1959/providers/Microsoft.Storage/storageAccounts/testvivek52f323kdd255556","name":"testvivek52f323kdd255556","type":"Microsoft.Storage/storageAccounts","location":"eastus","tags":{},"properties":{"networkAcls":{"bypass":"AzureServices","virtualNetworkRules":[],"ipRules":[],"defaultAction":"Allow"},"supportsHttpsTrafficOnly":false,"encryption":{"services":{"file":{"enabled":true,"lastEnabledTime":"2019-07-19T00:10:53.6751832Z"},"blob":{"enabled":true,"lastEnabledTime":"2019-07-19T00:10:53.6751832Z"}},"keySource":"Microsoft.Storage"},"provisioningState":"Succeeded","creationTime":"2019-07-19T00:10:53.5345566Z","primaryEndpoints":{"blob":"https://testvivek52f323kdd255556.blob.core.windows.net/","queue":"https://testvivek52f323kdd255556.queue.core.windows.net/","table":"https://testvivek52f323kdd255556.table.core.windows.net/","file":"https://testvivek52f323kdd255556.file.core.windows.net/"},"primaryLocation":"eastus","statusOfPrimary":"available"}},{"sku":{"name":"Standard_LRS","tier":"Standard"},"kind":"Storage","id":"/subscriptions/00000000-0000-0000-0000-000000000000/resourceGroups/localjobstest/providers/Microsoft.Storage/storageAccounts/tianosatest124","name":"tianosatest124","type":"Microsoft.Storage/storageAccounts","location":"eastus","tags":{},"properties":{"networkAcls":{"bypass":"AzureServices","virtualNetworkRules":[],"ipRules":[],"defaultAction":"Allow"},"supportsHttpsTrafficOnly":false,"encryption":{"services":{"file":{"enabled":true,"lastEnabledTime":"2018-11-16T01:34:20.2184168Z"},"blob":{"enabled":true,"lastEnabledTime":"2018-11-16T01:34:20.2184168Z"}},"keySource":"Microsoft.Storage"},"provisioningState":"Succeeded","creationTime":"2018-11-16T01:34:20.1246585Z","primaryEndpoints":{"blob":"https://tianosatest124.blob.core.windows.net/","queue":"https://tianosatest124.queue.core.windows.net/","table":"https://tianosatest124.table.core.windows.net/","file":"https://tianosatest124.file.core.windows.net/"},"primaryLocation":"eastus","statusOfPrimary":"available"}},{"sku":{"name":"Standard_LRS","tier":"Standard"},"kind":"Storage","id":"/subscriptions/00000000-0000-0000-0000-000000000000/resourceGroups/somerg/providers/Microsoft.Storage/storageAccounts/tianosatest202","name":"tianosatest202","type":"Microsoft.Storage/storageAccounts","location":"eastus","tags":{},"properties":{"networkAcls":{"bypass":"AzureServices","virtualNetworkRules":[],"ipRules":[],"defaultAction":"Allow"},"supportsHttpsTrafficOnly":false,"encryption":{"services":{"file":{"enabled":true,"lastEnabledTime":"2019-07-15T22:56:36.4641156Z"},"blob":{"enabled":true,"lastEnabledTime":"2019-07-15T22:56:36.4641156Z"}},"keySource":"Microsoft.Storage"},"provisioningState":"Succeeded","creationTime":"2019-07-15T22:56:36.2766248Z","primaryEndpoints":{"blob":"https://tianosatest202.blob.core.windows.net/","queue":"https://tianosatest202.queue.core.windows.net/","table":"https://tianosatest202.table.core.windows.net/","file":"https://tianosatest202.file.core.windows.net/"},"primaryLocation":"eastus","statusOfPrimary":"available"}},{"sku":{"name":"Standard_LRS","tier":"Standard"},"kind":"Storage","id":"/subscriptions/00000000-0000-0000-0000-000000000000/resourceGroups/rg-001/providers/Microsoft.Storage/storageAccounts/tianosatestgl","name":"tianosatestgl","type":"Microsoft.Storage/storageAccounts","location":"eastus","tags":{},"properties":{"networkAcls":{"bypass":"AzureServices","virtualNetworkRules":[],"ipRules":[],"defaultAction":"Allow"},"supportsHttpsTrafficOnly":false,"encryption":{"services":{"file":{"enabled":true,"lastEnabledTime":"2019-04-24T00:59:27.4160423Z"},"blob":{"enabled":true,"lastEnabledTime":"2019-04-24T00:59:27.4160423Z"}},"keySource":"Microsoft.Storage"},"provisioningState":"Succeeded","creationTime":"2019-04-24T00:59:27.3222099Z","primaryEndpoints":{"blob":"https://tianosatestgl.blob.core.windows.net/","queue":"https://tianosatestgl.queue.core.windows.net/","table":"https://tianosatestgl.table.core.windows.net/","file":"https://tianosatestgl.file.core.windows.net/"},"primaryLocation":"eastus","statusOfPrimary":"available"}},{"sku":{"name":"Standard_RAGRS","tier":"Standard"},"kind":"Storage","id":"/subscriptions/00000000-0000-0000-0000-000000000000/resourceGroups/test-rg/providers/Microsoft.Storage/storageAccounts/tianoclassicsa","name":"tianoclassicsa","type":"Microsoft.Storage/storageAccounts","location":"westus","tags":{},"properties":{"networkAcls":{"bypass":"AzureServices","virtualNetworkRules":[],"ipRules":[],"defaultAction":"Allow"},"supportsHttpsTrafficOnly":true,"encryption":{"services":{"file":{"enabled":true,"lastEnabledTime":"2019-01-15T19:31:23.3937749Z"},"blob":{"enabled":true,"lastEnabledTime":"2019-01-15T19:31:23.3937749Z"}},"keySource":"Microsoft.Storage"},"provisioningState":"Succeeded","creationTime":"2019-01-15T19:31:23.3312917Z","primaryEndpoints":{"blob":"https://tianoclassicsa.blob.core.windows.net/","queue":"https://tianoclassicsa.queue.core.windows.net/","table":"https://tianoclassicsa.table.core.windows.net/","file":"https://tianoclassicsa.file.core.windows.net/"},"primaryLocation":"westus","statusOfPrimary":"available","secondaryLocation":"eastus","statusOfSecondary":"available","secondaryEndpoints":{"blob":"https://tianoclassicsa-secondary.blob.core.windows.net/","queue":"https://tianoclassicsa-secondary.queue.core.windows.net/","table":"https://tianoclassicsa-secondary.table.core.windows.net/"}}},{"sku":{"name":"Standard_LRS","tier":"Standard"},"kind":"Storage","id":"/subscriptions/00000000-0000-0000-0000-000000000000/resourceGroups/tiano-errortest02/providers/Microsoft.Storage/storageAccounts/rjenf2saxdmdksawinvm","name":"rjenf2saxdmdksawinvm","type":"Microsoft.Storage/storageAccounts","location":"westus","tags":{},"properties":{"networkAcls":{"bypass":"AzureServices","virtualNetworkRules":[],"ipRules":[],"defaultAction":"Allow"},"supportsHttpsTrafficOnly":false,"encryption":{"services":{"file":{"enabled":true,"lastEnabledTime":"2019-05-20T21:15:05.4083656Z"},"blob":{"enabled":true,"lastEnabledTime":"2019-05-20T21:15:05.4083656Z"}},"keySource":"Microsoft.Storage"},"provisioningState":"Succeeded","creationTime":"2019-05-20T21:15:05.1114836Z","primaryEndpoints":{"blob":"https://rjenf2saxdmdksawinvm.blob.core.windows.net/","queue":"https://rjenf2saxdmdksawinvm.queue.core.windows.net/","table":"https://rjenf2saxdmdksawinvm.table.core.windows.net/","file":"https://rjenf2saxdmdksawinvm.file.core.windows.net/"},"primaryLocation":"westus","statusOfPrimary":"available"}},{"sku":{"name":"Standard_LRS","tier":"Standard"},"kind":"Storage","id":"/subscriptions/00000000-0000-0000-0000-000000000000/resourceGroups/testrg03/providers/Microsoft.Storage/storageAccounts/tiano005qagho4de73mrs","name":"tiano005qagho4de73mrs","type":"Microsoft.Storage/storageAccounts","location":"westus","tags":{"displayName":"tiano005"},"properties":{"networkAcls":{"bypass":"AzureServices","virtualNetworkRules":[],"ipRules":[],"defaultAction":"Allow"},"supportsHttpsTrafficOnly":false,"encryption":{"services":{"file":{"enabled":true,"lastEnabledTime":"2019-01-30T23:26:51.4485143Z"},"blob":{"enabled":true,"lastEnabledTime":"2019-01-30T23:26:51.4485143Z"}},"keySource":"Microsoft.Storage"},"provisioningState":"Succeeded","creationTime":"2019-01-30T23:26:51.3391402Z","primaryEndpoints":{"blob":"https://tiano005qagho4de73mrs.blob.core.windows.net/","queue":"https://tiano005qagho4de73mrs.queue.core.windows.net/","table":"https://tiano005qagho4de73mrs.table.core.windows.net/","file":"https://tiano005qagho4de73mrs.file.core.windows.net/"},"primaryLocation":"westus","statusOfPrimary":"available"}},{"sku":{"name":"Standard_LRS","tier":"Standard"},"kind":"Storage","id":"/subscriptions/00000000-0000-0000-0000-000000000000/resourceGroups/cli_test_vm_diagnostics000001/providers/Microsoft.Storage/storageAccounts/clitestbootdiag000002","name":"clitestbootdiag000002","type":"Microsoft.Storage/storageAccounts","location":"westus","tags":{},"properties":{"networkAcls":{"bypass":"AzureServices","virtualNetworkRules":[],"ipRules":[],"defaultAction":"Allow"},"supportsHttpsTrafficOnly":true,"encryption":{"services":{"file":{"enabled":true,"lastEnabledTime":"2019-10-12T23:04:44.7500635Z"},"blob":{"enabled":true,"lastEnabledTime":"2019-10-12T23:04:44.7500635Z"}},"keySource":"Microsoft.Storage"},"provisioningState":"Succeeded","creationTime":"2019-10-12T23:04:44.6718916Z","primaryEndpoints":{"blob":"https://clitestbootdiag000002.blob.core.windows.net/","queue":"https://clitestbootdiag000002.queue.core.windows.net/","table":"https://clitestbootdiag000002.table.core.windows.net/","file":"https://clitestbootdiag000002.file.core.windows.net/"},"primaryLocation":"westus","statusOfPrimary":"available"}},{"sku":{"name":"Standard_LRS","tier":"Standard"},"kind":"Storage","id":"/subscriptions/00000000-0000-0000-0000-000000000000/resourceGroups/client/providers/Microsoft.Storage/storageAccounts/clientdiag220","name":"clientdiag220","type":"Microsoft.Storage/storageAccounts","location":"westus","tags":{},"properties":{"networkAcls":{"bypass":"AzureServices","virtualNetworkRules":[],"ipRules":[],"defaultAction":"Allow"},"supportsHttpsTrafficOnly":false,"encryption":{"services":{"file":{"enabled":true,"lastEnabledTime":"2018-06-07T21:54:28.5779668Z"},"blob":{"enabled":true,"lastEnabledTime":"2018-06-07T21:54:28.5779668Z"}},"keySource":"Microsoft.Storage"},"provisioningState":"Succeeded","creationTime":"2018-06-07T21:54:28.3904719Z","primaryEndpoints":{"blob":"https://clientdiag220.blob.core.windows.net/","queue":"https://clientdiag220.queue.core.windows.net/","table":"https://clientdiag220.table.core.windows.net/","file":"https://clientdiag220.file.core.windows.net/"},"primaryLocation":"westus","statusOfPrimary":"available"}},{"sku":{"name":"Standard_LRS","tier":"Standard"},"kind":"Storage","id":"/subscriptions/00000000-0000-0000-0000-000000000000/resourceGroups/repro-rg/providers/Microsoft.Storage/storageAccounts/tianotest135","name":"tianotest135","type":"Microsoft.Storage/storageAccounts","location":"westus","tags":{},"properties":{"networkAcls":{"bypass":"AzureServices","virtualNetworkRules":[],"ipRules":[],"defaultAction":"Allow"},"supportsHttpsTrafficOnly":false,"encryption":{"services":{"file":{"enabled":true,"lastEnabledTime":"2019-04-10T05:32:33.3091182Z"},"blob":{"enabled":true,"lastEnabledTime":"2019-04-10T05:32:33.3091182Z"}},"keySource":"Microsoft.Storage"},"provisioningState":"Succeeded","creationTime":"2019-04-10T05:32:33.2153648Z","primaryEndpoints":{"blob":"https://tianotest135.blob.core.windows.net/","queue":"https://tianotest135.queue.core.windows.net/","table":"https://tianotest135.table.core.windows.net/","file":"https://tianotest135.file.core.windows.net/"},"primaryLocation":"westus","statusOfPrimary":"available"}},{"sku":{"name":"Premium_LRS","tier":"Premium"},"kind":"Storage","id":"/subscriptions/00000000-0000-0000-0000-000000000000/resourceGroups/clitest.rg3fs66e4ckejdbnromnno4afcytgyovnzmiy6edurcagyu2pkgnmqxqtrdinifsgs5/providers/Microsoft.Storage/storageAccounts/vhdstoragecb2bc9cc104eb5","name":"vhdstoragecb2bc9cc104eb5","type":"Microsoft.Storage/storageAccounts","location":"westus","tags":{},"properties":{"networkAcls":{"bypass":"AzureServices","virtualNetworkRules":[],"ipRules":[],"defaultAction":"Allow"},"supportsHttpsTrafficOnly":false,"encryption":{"services":{"file":{"enabled":true,"lastEnabledTime":"2019-10-12T23:04:59.5158301Z"},"blob":{"enabled":true,"lastEnabledTime":"2019-10-12T23:04:59.5158301Z"}},"keySource":"Microsoft.Storage"},"provisioningState":"Succeeded","creationTime":"2019-10-12T23:04:59.4377000Z","primaryEndpoints":{"blob":"https://vhdstoragecb2bc9cc104eb5.blob.core.windows.net/"},"primaryLocation":"westus","statusOfPrimary":"available"}},{"sku":{"name":"Standard_LRS","tier":"Standard"},"kind":"StorageV2","id":"/subscriptions/00000000-0000-0000-0000-000000000000/resourceGroups/cloud-shell-storage-westus/providers/Microsoft.Storage/storageAccounts/cs4fb3a3d6b44c8x44f5x88c","name":"cs4fb3a3d6b44c8x44f5x88c","type":"Microsoft.Storage/storageAccounts","location":"westus","tags":{"ms-resource-usage":"azure-cloud-shell"},"properties":{"networkAcls":{"bypass":"AzureServices","virtualNetworkRules":[],"ipRules":[],"defaultAction":"Allow"},"supportsHttpsTrafficOnly":true,"encryption":{"services":{"file":{"enabled":true,"lastEnabledTime":"2019-05-22T19:56:25.2435014Z"},"blob":{"enabled":true,"lastEnabledTime":"2019-05-22T19:56:25.2435014Z"}},"keySource":"Microsoft.Storage"},"accessTier":"Hot","provisioningState":"Succeeded","creationTime":"2019-05-22T19:56:25.1337551Z","primaryEndpoints":{"dfs":"https://cs4fb3a3d6b44c8x44f5x88c.dfs.core.windows.net/","web":"https://cs4fb3a3d6b44c8x44f5x88c.z22.web.core.windows.net/","blob":"https://cs4fb3a3d6b44c8x44f5x88c.blob.core.windows.net/","queue":"https://cs4fb3a3d6b44c8x44f5x88c.queue.core.windows.net/","table":"https://cs4fb3a3d6b44c8x44f5x88c.table.core.windows.net/","file":"https://cs4fb3a3d6b44c8x44f5x88c.file.core.windows.net/"},"primaryLocation":"westus","statusOfPrimary":"available"}},{"sku":{"name":"Premium_LRS","tier":"Premium"},"kind":"Storage","id":"/subscriptions/00000000-0000-0000-0000-000000000000/resourceGroups/cli_test_vm_diagnostics000001/providers/Microsoft.Storage/storageAccounts/vhdstoragee5914c66f260eb","name":"vhdstoragee5914c66f260eb","type":"Microsoft.Storage/storageAccounts","location":"westus","tags":{},"properties":{"networkAcls":{"bypass":"AzureServices","virtualNetworkRules":[],"ipRules":[],"defaultAction":"Allow"},"supportsHttpsTrafficOnly":false,"encryption":{"services":{"file":{"enabled":true,"lastEnabledTime":"2019-10-12T23:05:06.9849062Z"},"blob":{"enabled":true,"lastEnabledTime":"2019-10-12T23:05:06.9849062Z"}},"keySource":"Microsoft.Storage"},"provisioningState":"Succeeded","creationTime":"2019-10-12T23:05:06.9380496Z","primaryEndpoints":{"blob":"https://vhdstoragee5914c66f260eb.blob.core.windows.net/"},"primaryLocation":"westus","statusOfPrimary":"available"}},{"sku":{"name":"Standard_LRS","tier":"Standard"},"kind":"Storage","id":"/subscriptions/00000000-0000-0000-0000-000000000000/resourceGroups/rg-001/providers/Microsoft.Storage/storageAccounts/tianosa201","name":"tianosa201","type":"Microsoft.Storage/storageAccounts","location":"westus","tags":{},"properties":{"networkAcls":{"bypass":"AzureServices","virtualNetworkRules":[],"ipRules":[],"defaultAction":"Allow"},"supportsHttpsTrafficOnly":false,"encryption":{"services":{"file":{"enabled":true,"lastEnabledTime":"2019-05-03T21:48:29.1803130Z"},"blob":{"enabled":true,"lastEnabledTime":"2019-05-03T21:48:29.1803130Z"}},"keySource":"Microsoft.Storage"},"provisioningState":"Succeeded","creationTime":"2019-05-03T21:48:28.8834301Z","primaryEndpoints":{"blob":"https://tianosa201.blob.core.windows.net/","queue":"https://tianosa201.queue.core.windows.net/","table":"https://tianosa201.table.core.windows.net/","file":"https://tianosa201.file.core.windows.net/"},"primaryLocation":"westus","statusOfPrimary":"available"}},{"sku":{"name":"Standard_LRS","tier":"Standard"},"kind":"Storage","id":"/subscriptions/00000000-0000-0000-0000-000000000000/resourceGroups/repro-rg/providers/Microsoft.Storage/storageAccounts/tianotest133","name":"tianotest133","type":"Microsoft.Storage/storageAccounts","location":"westus","tags":{},"properties":{"networkAcls":{"bypass":"AzureServices","virtualNetworkRules":[],"ipRules":[],"defaultAction":"Allow"},"supportsHttpsTrafficOnly":false,"encryption":{"services":{"file":{"enabled":true,"lastEnabledTime":"2019-04-10T05:32:04.0747702Z"},"blob":{"enabled":true,"lastEnabledTime":"2019-04-10T05:32:04.0747702Z"}},"keySource":"Microsoft.Storage"},"provisioningState":"Succeeded","creationTime":"2019-04-10T05:32:03.9654455Z","primaryEndpoints":{"blob":"https://tianotest133.blob.core.windows.net/","queue":"https://tianotest133.queue.core.windows.net/","table":"https://tianotest133.table.core.windows.net/","file":"https://tianotest133.file.core.windows.net/"},"primaryLocation":"westus","statusOfPrimary":"available"}}]}'
    headers:
      cache-control:
      - no-cache
      content-length:
      - '30677'
      content-type:
      - application/json; charset=utf-8
      date:
      - Sat, 12 Oct 2019 23:06:38 GMT
      expires:
      - '-1'
      pragma:
      - no-cache
      strict-transport-security:
      - max-age=31536000; includeSubDomains
      vary:
      - Accept-Encoding
      x-content-type-options:
      - nosniff
      x-ms-original-request-ids:
      - 1ae1353f-0e57-4d28-8c54-a1e035187be2
      - b71d81e6-d652-493f-ba9c-d45cb8200078
    status:
      code: 200
      message: OK
- request:
    body: 'b''b\''{"location": "westus", "tags": {}, "properties": {"hardwareProfile":
      {"vmSize": "Standard_DS1_v2"}, "storageProfile": {"imageReference": {"publisher":
      "Canonical", "offer": "UbuntuServer", "sku": "18.04-LTS", "version": "latest"},
      "osDisk": {"osType": "Linux", "name": "osdisk_e5914c66f2", "vhd": {"uri": "https://vhdstoragee5914c66f260eb.blob.core.windows.net/vhds/osdisk_e5914c66f2.vhd"},
      "caching": "ReadWrite", "createOption": "FromImage", "diskSizeGB": 30}, "dataDisks":
      []}, "osProfile": {"computerName": "myvm", "adminUsername": "user11", "linuxConfiguration":
      {"disablePasswordAuthentication": false, "provisionVMAgent": true}, "secrets":
      [], "allowExtensionOperations": true}, "networkProfile": {"networkInterfaces":
      [{"id": "/subscriptions/00000000-0000-0000-0000-000000000000/resourceGroups/cli_test_vm_diagnostics000001/providers/Microsoft.Network/networkInterfaces/myvmVMNic"}]},
      "diagnosticsProfile": {"bootDiagnostics": {"enabled": true, "storageUri": "https://clitestbootdiag000002.blob.core.windows.net/"}}}}\'''''
    headers:
      Accept:
      - application/json
      Accept-Encoding:
      - gzip, deflate
      CommandName:
      - vm boot-diagnostics enable
      Connection:
      - keep-alive
      Content-Length:
      - '1074'
      Content-Type:
      - application/json; charset=utf-8
      ParameterSetName:
      - -g -n --storage
      User-Agent:
      - python/3.6.5 (Windows-10-10.0.17134-SP0) msrest/0.6.10 msrest_azure/0.6.2
        azure-mgmt-compute/8.0.0 Azure-SDK-For-Python AZURECLI/2.0.74
      accept-language:
      - en-US
    method: PUT
    uri: https://management.azure.com/subscriptions/00000000-0000-0000-0000-000000000000/resourceGroups/cli_test_vm_diagnostics000001/providers/Microsoft.Compute/virtualMachines/myvm?api-version=2019-03-01
  response:
    body:
      string: "{\r\n  \"name\": \"myvm\",\r\n  \"id\": \"/subscriptions/00000000-0000-0000-0000-000000000000/resourceGroups/cli_test_vm_diagnostics000001/providers/Microsoft.Compute/virtualMachines/myvm\",\r\n
        \ \"type\": \"Microsoft.Compute/virtualMachines\",\r\n  \"location\": \"westus\",\r\n
        \ \"tags\": {},\r\n  \"properties\": {\r\n    \"vmId\": \"ee30b06a-b256-47ef-a9f1-81338cebb4a2\",\r\n
        \   \"hardwareProfile\": {\r\n      \"vmSize\": \"Standard_DS1_v2\"\r\n    },\r\n
        \   \"storageProfile\": {\r\n      \"imageReference\": {\r\n        \"publisher\":
        \"Canonical\",\r\n        \"offer\": \"UbuntuServer\",\r\n        \"sku\":
        \"18.04-LTS\",\r\n        \"version\": \"latest\"\r\n      },\r\n      \"osDisk\":
        {\r\n        \"osType\": \"Linux\",\r\n        \"name\": \"osdisk_e5914c66f2\",\r\n
        \       \"createOption\": \"FromImage\",\r\n        \"vhd\": {\r\n          \"uri\":
        \"https://vhdstoragee5914c66f260eb.blob.core.windows.net/vhds/osdisk_e5914c66f2.vhd\"\r\n
        \       },\r\n        \"caching\": \"ReadWrite\",\r\n        \"diskSizeGB\":
        30\r\n      },\r\n      \"dataDisks\": []\r\n    },\r\n    \"osProfile\":
        {\r\n      \"computerName\": \"myvm\",\r\n      \"adminUsername\": \"user11\",\r\n
        \     \"linuxConfiguration\": {\r\n        \"disablePasswordAuthentication\":
        false,\r\n        \"provisionVMAgent\": true\r\n      },\r\n      \"secrets\":
        [],\r\n      \"allowExtensionOperations\": true,\r\n      \"requireGuestProvisionSignal\":
        true\r\n    },\r\n    \"networkProfile\": {\"networkInterfaces\":[{\"id\":\"/subscriptions/00000000-0000-0000-0000-000000000000/resourceGroups/cli_test_vm_diagnostics000001/providers/Microsoft.Network/networkInterfaces/myvmVMNic\"}]},\r\n
        \   \"diagnosticsProfile\": {\r\n      \"bootDiagnostics\": {\r\n        \"enabled\":
        true,\r\n        \"storageUri\": \"https://clitestbootdiag000002.blob.core.windows.net/\"\r\n
        \     }\r\n    },\r\n    \"provisioningState\": \"Updating\"\r\n  }\r\n}"
    headers:
      azure-asyncnotification:
      - Enabled
      azure-asyncoperation:
      - https://management.azure.com/subscriptions/00000000-0000-0000-0000-000000000000/providers/Microsoft.Compute/locations/westus/operations/d6112153-cfcd-4f88-9fd2-77fa5de0e7f0?api-version=2019-03-01
      cache-control:
      - no-cache
      content-length:
      - '1802'
      content-type:
      - application/json; charset=utf-8
      date:
      - Sat, 12 Oct 2019 23:06:38 GMT
      expires:
      - '-1'
      pragma:
      - no-cache
      server:
      - Microsoft-HTTPAPI/2.0
      - Microsoft-HTTPAPI/2.0
      strict-transport-security:
      - max-age=31536000; includeSubDomains
      transfer-encoding:
      - chunked
      vary:
      - Accept-Encoding
      x-content-type-options:
      - nosniff
      x-ms-ratelimit-remaining-resource:
      - Microsoft.Compute/PutVM3Min;236,Microsoft.Compute/PutVM30Min;1179
      x-ms-ratelimit-remaining-subscription-writes:
      - '1199'
    status:
      code: 200
      message: OK
- request:
    body: null
    headers:
      Accept:
      - application/json
      Accept-Encoding:
      - gzip, deflate
      CommandName:
      - vm boot-diagnostics enable
      Connection:
      - keep-alive
      ParameterSetName:
      - -g -n --storage
      User-Agent:
      - python/3.6.5 (Windows-10-10.0.17134-SP0) msrest/0.6.10 msrest_azure/0.6.2
        azure-mgmt-compute/8.0.0 Azure-SDK-For-Python AZURECLI/2.0.74
    method: GET
    uri: https://management.azure.com/subscriptions/00000000-0000-0000-0000-000000000000/providers/Microsoft.Compute/locations/westus/operations/d6112153-cfcd-4f88-9fd2-77fa5de0e7f0?api-version=2019-03-01
  response:
    body:
      string: "{\r\n  \"startTime\": \"2019-10-12T23:06:38.7315459+00:00\",\r\n  \"endTime\":
        \"2019-10-12T23:06:45.0912414+00:00\",\r\n  \"status\": \"Succeeded\",\r\n
        \ \"name\": \"d6112153-cfcd-4f88-9fd2-77fa5de0e7f0\"\r\n}"
    headers:
      cache-control:
      - no-cache
      content-length:
      - '184'
      content-type:
      - application/json; charset=utf-8
      date:
      - Sat, 12 Oct 2019 23:07:08 GMT
      expires:
      - '-1'
      pragma:
      - no-cache
      server:
      - Microsoft-HTTPAPI/2.0
      - Microsoft-HTTPAPI/2.0
      strict-transport-security:
      - max-age=31536000; includeSubDomains
      transfer-encoding:
      - chunked
      vary:
      - Accept-Encoding
      x-content-type-options:
      - nosniff
      x-ms-ratelimit-remaining-resource:
      - Microsoft.Compute/GetOperation3Min;14975,Microsoft.Compute/GetOperation30Min;29800
    status:
      code: 200
      message: OK
- request:
    body: null
    headers:
      Accept:
      - application/json
      Accept-Encoding:
      - gzip, deflate
      CommandName:
      - vm boot-diagnostics enable
      Connection:
      - keep-alive
      ParameterSetName:
      - -g -n --storage
      User-Agent:
      - python/3.6.5 (Windows-10-10.0.17134-SP0) msrest/0.6.10 msrest_azure/0.6.2
        azure-mgmt-compute/8.0.0 Azure-SDK-For-Python AZURECLI/2.0.74
    method: GET
    uri: https://management.azure.com/subscriptions/00000000-0000-0000-0000-000000000000/resourceGroups/cli_test_vm_diagnostics000001/providers/Microsoft.Compute/virtualMachines/myvm?api-version=2019-03-01
  response:
    body:
      string: "{\r\n  \"name\": \"myvm\",\r\n  \"id\": \"/subscriptions/00000000-0000-0000-0000-000000000000/resourceGroups/cli_test_vm_diagnostics000001/providers/Microsoft.Compute/virtualMachines/myvm\",\r\n
        \ \"type\": \"Microsoft.Compute/virtualMachines\",\r\n  \"location\": \"westus\",\r\n
        \ \"tags\": {},\r\n  \"properties\": {\r\n    \"vmId\": \"ee30b06a-b256-47ef-a9f1-81338cebb4a2\",\r\n
        \   \"hardwareProfile\": {\r\n      \"vmSize\": \"Standard_DS1_v2\"\r\n    },\r\n
        \   \"storageProfile\": {\r\n      \"imageReference\": {\r\n        \"publisher\":
        \"Canonical\",\r\n        \"offer\": \"UbuntuServer\",\r\n        \"sku\":
        \"18.04-LTS\",\r\n        \"version\": \"latest\"\r\n      },\r\n      \"osDisk\":
        {\r\n        \"osType\": \"Linux\",\r\n        \"name\": \"osdisk_e5914c66f2\",\r\n
        \       \"createOption\": \"FromImage\",\r\n        \"vhd\": {\r\n          \"uri\":
        \"https://vhdstoragee5914c66f260eb.blob.core.windows.net/vhds/osdisk_e5914c66f2.vhd\"\r\n
        \       },\r\n        \"caching\": \"ReadWrite\",\r\n        \"diskSizeGB\":
        30\r\n      },\r\n      \"dataDisks\": []\r\n    },\r\n    \"osProfile\":
        {\r\n      \"computerName\": \"myvm\",\r\n      \"adminUsername\": \"user11\",\r\n
        \     \"linuxConfiguration\": {\r\n        \"disablePasswordAuthentication\":
        false,\r\n        \"provisionVMAgent\": true\r\n      },\r\n      \"secrets\":
        [],\r\n      \"allowExtensionOperations\": true,\r\n      \"requireGuestProvisionSignal\":
        true\r\n    },\r\n    \"networkProfile\": {\"networkInterfaces\":[{\"id\":\"/subscriptions/00000000-0000-0000-0000-000000000000/resourceGroups/cli_test_vm_diagnostics000001/providers/Microsoft.Network/networkInterfaces/myvmVMNic\"}]},\r\n
        \   \"diagnosticsProfile\": {\r\n      \"bootDiagnostics\": {\r\n        \"enabled\":
        true,\r\n        \"storageUri\": \"https://clitestbootdiag000002.blob.core.windows.net/\"\r\n
        \     }\r\n    },\r\n    \"provisioningState\": \"Succeeded\"\r\n  }\r\n}"
    headers:
      cache-control:
      - no-cache
      content-length:
      - '1803'
      content-type:
      - application/json; charset=utf-8
      date:
      - Sat, 12 Oct 2019 23:07:08 GMT
      expires:
      - '-1'
      pragma:
      - no-cache
      server:
      - Microsoft-HTTPAPI/2.0
      - Microsoft-HTTPAPI/2.0
      strict-transport-security:
      - max-age=31536000; includeSubDomains
      transfer-encoding:
      - chunked
      vary:
      - Accept-Encoding
      x-content-type-options:
      - nosniff
      x-ms-ratelimit-remaining-resource:
      - Microsoft.Compute/LowCostGet3Min;3983,Microsoft.Compute/LowCostGet30Min;31883
    status:
      code: 200
      message: OK
- request:
    body: null
    headers:
      Accept:
      - application/json
      Accept-Encoding:
      - gzip, deflate
      CommandName:
      - vm show
      Connection:
      - keep-alive
      ParameterSetName:
      - -g -n
      User-Agent:
      - python/3.6.5 (Windows-10-10.0.17134-SP0) msrest/0.6.10 msrest_azure/0.6.2
        azure-mgmt-compute/8.0.0 Azure-SDK-For-Python AZURECLI/2.0.74
      accept-language:
      - en-US
    method: GET
    uri: https://management.azure.com/subscriptions/00000000-0000-0000-0000-000000000000/resourceGroups/cli_test_vm_diagnostics000001/providers/Microsoft.Compute/virtualMachines/myvm?api-version=2019-03-01
  response:
    body:
      string: "{\r\n  \"name\": \"myvm\",\r\n  \"id\": \"/subscriptions/00000000-0000-0000-0000-000000000000/resourceGroups/cli_test_vm_diagnostics000001/providers/Microsoft.Compute/virtualMachines/myvm\",\r\n
        \ \"type\": \"Microsoft.Compute/virtualMachines\",\r\n  \"location\": \"westus\",\r\n
        \ \"tags\": {},\r\n  \"properties\": {\r\n    \"vmId\": \"ee30b06a-b256-47ef-a9f1-81338cebb4a2\",\r\n
        \   \"hardwareProfile\": {\r\n      \"vmSize\": \"Standard_DS1_v2\"\r\n    },\r\n
        \   \"storageProfile\": {\r\n      \"imageReference\": {\r\n        \"publisher\":
        \"Canonical\",\r\n        \"offer\": \"UbuntuServer\",\r\n        \"sku\":
        \"18.04-LTS\",\r\n        \"version\": \"latest\"\r\n      },\r\n      \"osDisk\":
        {\r\n        \"osType\": \"Linux\",\r\n        \"name\": \"osdisk_e5914c66f2\",\r\n
        \       \"createOption\": \"FromImage\",\r\n        \"vhd\": {\r\n          \"uri\":
        \"https://vhdstoragee5914c66f260eb.blob.core.windows.net/vhds/osdisk_e5914c66f2.vhd\"\r\n
        \       },\r\n        \"caching\": \"ReadWrite\",\r\n        \"diskSizeGB\":
        30\r\n      },\r\n      \"dataDisks\": []\r\n    },\r\n    \"osProfile\":
        {\r\n      \"computerName\": \"myvm\",\r\n      \"adminUsername\": \"user11\",\r\n
        \     \"linuxConfiguration\": {\r\n        \"disablePasswordAuthentication\":
        false,\r\n        \"provisionVMAgent\": true\r\n      },\r\n      \"secrets\":
        [],\r\n      \"allowExtensionOperations\": true,\r\n      \"requireGuestProvisionSignal\":
        true\r\n    },\r\n    \"networkProfile\": {\"networkInterfaces\":[{\"id\":\"/subscriptions/00000000-0000-0000-0000-000000000000/resourceGroups/cli_test_vm_diagnostics000001/providers/Microsoft.Network/networkInterfaces/myvmVMNic\"}]},\r\n
        \   \"diagnosticsProfile\": {\r\n      \"bootDiagnostics\": {\r\n        \"enabled\":
        true,\r\n        \"storageUri\": \"https://clitestbootdiag000002.blob.core.windows.net/\"\r\n
        \     }\r\n    },\r\n    \"provisioningState\": \"Succeeded\"\r\n  }\r\n}"
    headers:
      cache-control:
      - no-cache
      content-length:
      - '1803'
      content-type:
      - application/json; charset=utf-8
      date:
      - Sat, 12 Oct 2019 23:07:09 GMT
      expires:
      - '-1'
      pragma:
      - no-cache
      server:
      - Microsoft-HTTPAPI/2.0
      - Microsoft-HTTPAPI/2.0
      strict-transport-security:
      - max-age=31536000; includeSubDomains
      transfer-encoding:
      - chunked
      vary:
      - Accept-Encoding
      x-content-type-options:
      - nosniff
      x-ms-ratelimit-remaining-resource:
      - Microsoft.Compute/LowCostGet3Min;3982,Microsoft.Compute/LowCostGet30Min;31882
    status:
      code: 200
      message: OK
- request:
    body: null
    headers:
      Accept:
      - application/json
      Accept-Encoding:
      - gzip, deflate
      CommandName:
      - vm boot-diagnostics disable
      Connection:
      - keep-alive
      ParameterSetName:
      - -g -n
      User-Agent:
      - python/3.6.5 (Windows-10-10.0.17134-SP0) msrest/0.6.10 msrest_azure/0.6.2
        azure-mgmt-compute/8.0.0 Azure-SDK-For-Python AZURECLI/2.0.74
      accept-language:
      - en-US
    method: GET
    uri: https://management.azure.com/subscriptions/00000000-0000-0000-0000-000000000000/resourceGroups/cli_test_vm_diagnostics000001/providers/Microsoft.Compute/virtualMachines/myvm?api-version=2019-03-01
  response:
    body:
      string: "{\r\n  \"name\": \"myvm\",\r\n  \"id\": \"/subscriptions/00000000-0000-0000-0000-000000000000/resourceGroups/cli_test_vm_diagnostics000001/providers/Microsoft.Compute/virtualMachines/myvm\",\r\n
        \ \"type\": \"Microsoft.Compute/virtualMachines\",\r\n  \"location\": \"westus\",\r\n
        \ \"tags\": {},\r\n  \"properties\": {\r\n    \"vmId\": \"ee30b06a-b256-47ef-a9f1-81338cebb4a2\",\r\n
        \   \"hardwareProfile\": {\r\n      \"vmSize\": \"Standard_DS1_v2\"\r\n    },\r\n
        \   \"storageProfile\": {\r\n      \"imageReference\": {\r\n        \"publisher\":
        \"Canonical\",\r\n        \"offer\": \"UbuntuServer\",\r\n        \"sku\":
        \"18.04-LTS\",\r\n        \"version\": \"latest\"\r\n      },\r\n      \"osDisk\":
        {\r\n        \"osType\": \"Linux\",\r\n        \"name\": \"osdisk_e5914c66f2\",\r\n
        \       \"createOption\": \"FromImage\",\r\n        \"vhd\": {\r\n          \"uri\":
        \"https://vhdstoragee5914c66f260eb.blob.core.windows.net/vhds/osdisk_e5914c66f2.vhd\"\r\n
        \       },\r\n        \"caching\": \"ReadWrite\",\r\n        \"diskSizeGB\":
        30\r\n      },\r\n      \"dataDisks\": []\r\n    },\r\n    \"osProfile\":
        {\r\n      \"computerName\": \"myvm\",\r\n      \"adminUsername\": \"user11\",\r\n
        \     \"linuxConfiguration\": {\r\n        \"disablePasswordAuthentication\":
        false,\r\n        \"provisionVMAgent\": true\r\n      },\r\n      \"secrets\":
        [],\r\n      \"allowExtensionOperations\": true,\r\n      \"requireGuestProvisionSignal\":
        true\r\n    },\r\n    \"networkProfile\": {\"networkInterfaces\":[{\"id\":\"/subscriptions/00000000-0000-0000-0000-000000000000/resourceGroups/cli_test_vm_diagnostics000001/providers/Microsoft.Network/networkInterfaces/myvmVMNic\"}]},\r\n
        \   \"diagnosticsProfile\": {\r\n      \"bootDiagnostics\": {\r\n        \"enabled\":
        true,\r\n        \"storageUri\": \"https://clitestbootdiag000002.blob.core.windows.net/\"\r\n
        \     }\r\n    },\r\n    \"provisioningState\": \"Succeeded\"\r\n  }\r\n}"
    headers:
      cache-control:
      - no-cache
      content-length:
      - '1803'
      content-type:
      - application/json; charset=utf-8
      date:
      - Sat, 12 Oct 2019 23:07:09 GMT
      expires:
      - '-1'
      pragma:
      - no-cache
      server:
      - Microsoft-HTTPAPI/2.0
      - Microsoft-HTTPAPI/2.0
      strict-transport-security:
      - max-age=31536000; includeSubDomains
      transfer-encoding:
      - chunked
      vary:
      - Accept-Encoding
      x-content-type-options:
      - nosniff
      x-ms-ratelimit-remaining-resource:
      - Microsoft.Compute/LowCostGet3Min;3981,Microsoft.Compute/LowCostGet30Min;31881
    status:
      code: 200
      message: OK
- request:
    body: 'b''{"location": "westus", "tags": {}, "properties": {"hardwareProfile":
      {"vmSize": "Standard_DS1_v2"}, "storageProfile": {"imageReference": {"publisher":
      "Canonical", "offer": "UbuntuServer", "sku": "18.04-LTS", "version": "latest"},
      "osDisk": {"osType": "Linux", "name": "osdisk_e5914c66f2", "vhd": {"uri": "https://vhdstoragee5914c66f260eb.blob.core.windows.net/vhds/osdisk_e5914c66f2.vhd"},
      "caching": "ReadWrite", "createOption": "FromImage", "diskSizeGB": 30}, "dataDisks":
      []}, "osProfile": {"computerName": "myvm", "adminUsername": "user11", "linuxConfiguration":
      {"disablePasswordAuthentication": false, "provisionVMAgent": true}, "secrets":
      [], "allowExtensionOperations": true}, "networkProfile": {"networkInterfaces":
      [{"id": "/subscriptions/00000000-0000-0000-0000-000000000000/resourceGroups/cli_test_vm_diagnostics000001/providers/Microsoft.Network/networkInterfaces/myvmVMNic"}]},
      "diagnosticsProfile": {"bootDiagnostics": {"enabled": false}}}}'''
    headers:
      Accept:
      - application/json
      Accept-Encoding:
      - gzip, deflate
      CommandName:
      - vm boot-diagnostics disable
      Connection:
      - keep-alive
      Content-Length:
      - '1002'
      Content-Type:
      - application/json; charset=utf-8
      ParameterSetName:
      - -g -n
      User-Agent:
      - python/3.6.5 (Windows-10-10.0.17134-SP0) msrest/0.6.10 msrest_azure/0.6.2
        azure-mgmt-compute/8.0.0 Azure-SDK-For-Python AZURECLI/2.0.74
      accept-language:
      - en-US
    method: PUT
    uri: https://management.azure.com/subscriptions/00000000-0000-0000-0000-000000000000/resourceGroups/cli_test_vm_diagnostics000001/providers/Microsoft.Compute/virtualMachines/myvm?api-version=2019-03-01
  response:
    body:
      string: "{\r\n  \"name\": \"myvm\",\r\n  \"id\": \"/subscriptions/00000000-0000-0000-0000-000000000000/resourceGroups/cli_test_vm_diagnostics000001/providers/Microsoft.Compute/virtualMachines/myvm\",\r\n
        \ \"type\": \"Microsoft.Compute/virtualMachines\",\r\n  \"location\": \"westus\",\r\n
        \ \"tags\": {},\r\n  \"properties\": {\r\n    \"vmId\": \"ee30b06a-b256-47ef-a9f1-81338cebb4a2\",\r\n
        \   \"hardwareProfile\": {\r\n      \"vmSize\": \"Standard_DS1_v2\"\r\n    },\r\n
        \   \"storageProfile\": {\r\n      \"imageReference\": {\r\n        \"publisher\":
        \"Canonical\",\r\n        \"offer\": \"UbuntuServer\",\r\n        \"sku\":
        \"18.04-LTS\",\r\n        \"version\": \"latest\"\r\n      },\r\n      \"osDisk\":
        {\r\n        \"osType\": \"Linux\",\r\n        \"name\": \"osdisk_e5914c66f2\",\r\n
        \       \"createOption\": \"FromImage\",\r\n        \"vhd\": {\r\n          \"uri\":
        \"https://vhdstoragee5914c66f260eb.blob.core.windows.net/vhds/osdisk_e5914c66f2.vhd\"\r\n
        \       },\r\n        \"caching\": \"ReadWrite\",\r\n        \"diskSizeGB\":
        30\r\n      },\r\n      \"dataDisks\": []\r\n    },\r\n    \"osProfile\":
        {\r\n      \"computerName\": \"myvm\",\r\n      \"adminUsername\": \"user11\",\r\n
        \     \"linuxConfiguration\": {\r\n        \"disablePasswordAuthentication\":
        false,\r\n        \"provisionVMAgent\": true\r\n      },\r\n      \"secrets\":
        [],\r\n      \"allowExtensionOperations\": true,\r\n      \"requireGuestProvisionSignal\":
        true\r\n    },\r\n    \"networkProfile\": {\"networkInterfaces\":[{\"id\":\"/subscriptions/00000000-0000-0000-0000-000000000000/resourceGroups/cli_test_vm_diagnostics000001/providers/Microsoft.Network/networkInterfaces/myvmVMNic\"}]},\r\n
        \   \"diagnosticsProfile\": {\r\n      \"bootDiagnostics\": {\r\n        \"enabled\":
        false,\r\n        \"storageUri\": \"https://clitestbootdiag000002.blob.core.windows.net/\"\r\n
        \     }\r\n    },\r\n    \"provisioningState\": \"Updating\"\r\n  }\r\n}"
    headers:
      azure-asyncnotification:
      - Enabled
      azure-asyncoperation:
      - https://management.azure.com/subscriptions/00000000-0000-0000-0000-000000000000/providers/Microsoft.Compute/locations/westus/operations/bd7673cc-d77e-44e8-a53a-9a45b3a459e0?api-version=2019-03-01
      cache-control:
      - no-cache
      content-length:
      - '1803'
      content-type:
      - application/json; charset=utf-8
      date:
      - Sat, 12 Oct 2019 23:07:09 GMT
      expires:
      - '-1'
      pragma:
      - no-cache
      server:
      - Microsoft-HTTPAPI/2.0
      - Microsoft-HTTPAPI/2.0
      strict-transport-security:
      - max-age=31536000; includeSubDomains
      transfer-encoding:
      - chunked
      vary:
      - Accept-Encoding
      x-content-type-options:
      - nosniff
      x-ms-ratelimit-remaining-resource:
      - Microsoft.Compute/PutVM3Min;235,Microsoft.Compute/PutVM30Min;1178
      x-ms-ratelimit-remaining-subscription-writes:
      - '1197'
    status:
      code: 200
      message: OK
- request:
    body: null
    headers:
      Accept:
      - application/json
      Accept-Encoding:
      - gzip, deflate
      CommandName:
      - vm boot-diagnostics disable
      Connection:
      - keep-alive
      ParameterSetName:
      - -g -n
      User-Agent:
      - python/3.6.5 (Windows-10-10.0.17134-SP0) msrest/0.6.10 msrest_azure/0.6.2
        azure-mgmt-compute/8.0.0 Azure-SDK-For-Python AZURECLI/2.0.74
    method: GET
    uri: https://management.azure.com/subscriptions/00000000-0000-0000-0000-000000000000/providers/Microsoft.Compute/locations/westus/operations/bd7673cc-d77e-44e8-a53a-9a45b3a459e0?api-version=2019-03-01
  response:
    body:
      string: "{\r\n  \"startTime\": \"2019-10-12T23:07:10.3737171+00:00\",\r\n  \"endTime\":
        \"2019-10-12T23:07:16.4364339+00:00\",\r\n  \"status\": \"Succeeded\",\r\n
        \ \"name\": \"bd7673cc-d77e-44e8-a53a-9a45b3a459e0\"\r\n}"
    headers:
      cache-control:
      - no-cache
      content-length:
      - '184'
      content-type:
      - application/json; charset=utf-8
      date:
      - Sat, 12 Oct 2019 23:07:40 GMT
      expires:
      - '-1'
      pragma:
      - no-cache
      server:
      - Microsoft-HTTPAPI/2.0
      - Microsoft-HTTPAPI/2.0
      strict-transport-security:
      - max-age=31536000; includeSubDomains
      transfer-encoding:
      - chunked
      vary:
      - Accept-Encoding
      x-content-type-options:
      - nosniff
      x-ms-ratelimit-remaining-resource:
      - Microsoft.Compute/GetOperation3Min;14973,Microsoft.Compute/GetOperation30Min;29795
    status:
      code: 200
      message: OK
- request:
    body: null
    headers:
      Accept:
      - application/json
      Accept-Encoding:
      - gzip, deflate
      CommandName:
      - vm boot-diagnostics disable
      Connection:
      - keep-alive
      ParameterSetName:
      - -g -n
      User-Agent:
      - python/3.6.5 (Windows-10-10.0.17134-SP0) msrest/0.6.10 msrest_azure/0.6.2
        azure-mgmt-compute/8.0.0 Azure-SDK-For-Python AZURECLI/2.0.74
    method: GET
    uri: https://management.azure.com/subscriptions/00000000-0000-0000-0000-000000000000/resourceGroups/cli_test_vm_diagnostics000001/providers/Microsoft.Compute/virtualMachines/myvm?api-version=2019-03-01
  response:
    body:
      string: "{\r\n  \"name\": \"myvm\",\r\n  \"id\": \"/subscriptions/00000000-0000-0000-0000-000000000000/resourceGroups/cli_test_vm_diagnostics000001/providers/Microsoft.Compute/virtualMachines/myvm\",\r\n
        \ \"type\": \"Microsoft.Compute/virtualMachines\",\r\n  \"location\": \"westus\",\r\n
        \ \"tags\": {},\r\n  \"properties\": {\r\n    \"vmId\": \"ee30b06a-b256-47ef-a9f1-81338cebb4a2\",\r\n
        \   \"hardwareProfile\": {\r\n      \"vmSize\": \"Standard_DS1_v2\"\r\n    },\r\n
        \   \"storageProfile\": {\r\n      \"imageReference\": {\r\n        \"publisher\":
        \"Canonical\",\r\n        \"offer\": \"UbuntuServer\",\r\n        \"sku\":
        \"18.04-LTS\",\r\n        \"version\": \"latest\"\r\n      },\r\n      \"osDisk\":
        {\r\n        \"osType\": \"Linux\",\r\n        \"name\": \"osdisk_e5914c66f2\",\r\n
        \       \"createOption\": \"FromImage\",\r\n        \"vhd\": {\r\n          \"uri\":
        \"https://vhdstoragee5914c66f260eb.blob.core.windows.net/vhds/osdisk_e5914c66f2.vhd\"\r\n
        \       },\r\n        \"caching\": \"ReadWrite\",\r\n        \"diskSizeGB\":
        30\r\n      },\r\n      \"dataDisks\": []\r\n    },\r\n    \"osProfile\":
        {\r\n      \"computerName\": \"myvm\",\r\n      \"adminUsername\": \"user11\",\r\n
        \     \"linuxConfiguration\": {\r\n        \"disablePasswordAuthentication\":
        false,\r\n        \"provisionVMAgent\": true\r\n      },\r\n      \"secrets\":
        [],\r\n      \"allowExtensionOperations\": true,\r\n      \"requireGuestProvisionSignal\":
        true\r\n    },\r\n    \"networkProfile\": {\"networkInterfaces\":[{\"id\":\"/subscriptions/00000000-0000-0000-0000-000000000000/resourceGroups/cli_test_vm_diagnostics000001/providers/Microsoft.Network/networkInterfaces/myvmVMNic\"}]},\r\n
        \   \"diagnosticsProfile\": {\r\n      \"bootDiagnostics\": {\r\n        \"enabled\":
        false,\r\n        \"storageUri\": \"https://clitestbootdiag000002.blob.core.windows.net/\"\r\n
        \     }\r\n    },\r\n    \"provisioningState\": \"Succeeded\"\r\n  }\r\n}"
    headers:
      cache-control:
      - no-cache
      content-length:
      - '1804'
      content-type:
      - application/json; charset=utf-8
      date:
      - Sat, 12 Oct 2019 23:07:40 GMT
      expires:
      - '-1'
      pragma:
      - no-cache
      server:
      - Microsoft-HTTPAPI/2.0
      - Microsoft-HTTPAPI/2.0
      strict-transport-security:
      - max-age=31536000; includeSubDomains
      transfer-encoding:
      - chunked
      vary:
      - Accept-Encoding
      x-content-type-options:
      - nosniff
      x-ms-ratelimit-remaining-resource:
      - Microsoft.Compute/LowCostGet3Min;3981,Microsoft.Compute/LowCostGet30Min;31879
    status:
      code: 200
      message: OK
- request:
    body: null
    headers:
      Accept:
      - application/json
      Accept-Encoding:
      - gzip, deflate
      CommandName:
      - vm show
      Connection:
      - keep-alive
      ParameterSetName:
      - -g -n
      User-Agent:
      - python/3.6.5 (Windows-10-10.0.17134-SP0) msrest/0.6.10 msrest_azure/0.6.2
        azure-mgmt-compute/8.0.0 Azure-SDK-For-Python AZURECLI/2.0.74
      accept-language:
      - en-US
    method: GET
    uri: https://management.azure.com/subscriptions/00000000-0000-0000-0000-000000000000/resourceGroups/cli_test_vm_diagnostics000001/providers/Microsoft.Compute/virtualMachines/myvm?api-version=2019-03-01
  response:
    body:
      string: "{\r\n  \"name\": \"myvm\",\r\n  \"id\": \"/subscriptions/00000000-0000-0000-0000-000000000000/resourceGroups/cli_test_vm_diagnostics000001/providers/Microsoft.Compute/virtualMachines/myvm\",\r\n
        \ \"type\": \"Microsoft.Compute/virtualMachines\",\r\n  \"location\": \"westus\",\r\n
        \ \"tags\": {},\r\n  \"properties\": {\r\n    \"vmId\": \"ee30b06a-b256-47ef-a9f1-81338cebb4a2\",\r\n
        \   \"hardwareProfile\": {\r\n      \"vmSize\": \"Standard_DS1_v2\"\r\n    },\r\n
        \   \"storageProfile\": {\r\n      \"imageReference\": {\r\n        \"publisher\":
        \"Canonical\",\r\n        \"offer\": \"UbuntuServer\",\r\n        \"sku\":
        \"18.04-LTS\",\r\n        \"version\": \"latest\"\r\n      },\r\n      \"osDisk\":
        {\r\n        \"osType\": \"Linux\",\r\n        \"name\": \"osdisk_e5914c66f2\",\r\n
        \       \"createOption\": \"FromImage\",\r\n        \"vhd\": {\r\n          \"uri\":
        \"https://vhdstoragee5914c66f260eb.blob.core.windows.net/vhds/osdisk_e5914c66f2.vhd\"\r\n
        \       },\r\n        \"caching\": \"ReadWrite\",\r\n        \"diskSizeGB\":
        30\r\n      },\r\n      \"dataDisks\": []\r\n    },\r\n    \"osProfile\":
        {\r\n      \"computerName\": \"myvm\",\r\n      \"adminUsername\": \"user11\",\r\n
        \     \"linuxConfiguration\": {\r\n        \"disablePasswordAuthentication\":
        false,\r\n        \"provisionVMAgent\": true\r\n      },\r\n      \"secrets\":
        [],\r\n      \"allowExtensionOperations\": true,\r\n      \"requireGuestProvisionSignal\":
        true\r\n    },\r\n    \"networkProfile\": {\"networkInterfaces\":[{\"id\":\"/subscriptions/00000000-0000-0000-0000-000000000000/resourceGroups/cli_test_vm_diagnostics000001/providers/Microsoft.Network/networkInterfaces/myvmVMNic\"}]},\r\n
        \   \"diagnosticsProfile\": {\r\n      \"bootDiagnostics\": {\r\n        \"enabled\":
        false,\r\n        \"storageUri\": \"https://clitestbootdiag000002.blob.core.windows.net/\"\r\n
        \     }\r\n    },\r\n    \"provisioningState\": \"Succeeded\"\r\n  }\r\n}"
    headers:
      cache-control:
      - no-cache
      content-length:
      - '1804'
      content-type:
      - application/json; charset=utf-8
      date:
      - Sat, 12 Oct 2019 23:07:40 GMT
      expires:
      - '-1'
      pragma:
      - no-cache
      server:
      - Microsoft-HTTPAPI/2.0
      - Microsoft-HTTPAPI/2.0
      strict-transport-security:
      - max-age=31536000; includeSubDomains
      transfer-encoding:
      - chunked
      vary:
      - Accept-Encoding
      x-content-type-options:
      - nosniff
      x-ms-ratelimit-remaining-resource:
      - Microsoft.Compute/LowCostGet3Min;3980,Microsoft.Compute/LowCostGet30Min;31878
    status:
      code: 200
      message: OK
- request:
    body: null
    headers:
      Accept:
      - application/json
      Accept-Encoding:
      - gzip, deflate
      CommandName:
      - vm create
      Connection:
      - keep-alive
      ParameterSetName:
      - -g -n --image --admin-username --admin-password --boot-diagnostics-storage
      User-Agent:
      - python/3.6.5 (Windows-10-10.0.17134-SP0) msrest/0.6.10 msrest_azure/0.6.2
        azure-mgmt-resource/4.0.0 Azure-SDK-For-Python AZURECLI/2.0.74
      accept-language:
      - en-US
    method: GET
    uri: https://management.azure.com/subscriptions/00000000-0000-0000-0000-000000000000/resourcegroups/cli_test_vm_diagnostics000001?api-version=2019-07-01
  response:
    body:
      string: '{"id":"/subscriptions/00000000-0000-0000-0000-000000000000/resourceGroups/cli_test_vm_diagnostics000001","name":"cli_test_vm_diagnostics000001","type":"Microsoft.Resources/resourceGroups","location":"westus","tags":{"product":"azurecli","cause":"automation","date":"2019-10-12T23:04:43Z"},"properties":{"provisioningState":"Succeeded"}}'
    headers:
      cache-control:
      - no-cache
      content-length:
      - '428'
      content-type:
      - application/json; charset=utf-8
      date:
      - Sat, 12 Oct 2019 23:07:41 GMT
      expires:
      - '-1'
      pragma:
      - no-cache
      strict-transport-security:
      - max-age=31536000; includeSubDomains
      vary:
      - Accept-Encoding
      x-content-type-options:
      - nosniff
    status:
      code: 200
      message: OK
- request:
    body: null
    headers:
      Accept:
      - '*/*'
      Accept-Encoding:
      - gzip, deflate
      Connection:
      - keep-alive
      User-Agent:
      - python-requests/2.22.0
    method: GET
    uri: https://raw.githubusercontent.com/Azure/azure-rest-api-specs/master/arm-compute/quickstart-templates/aliases.json
  response:
    body:
      string: "{\n  \"$schema\": \"http://schema.management.azure.com/schemas/2015-01-01/deploymentTemplate.json\",\n
        \ \"contentVersion\": \"1.0.0.0\",\n  \"parameters\": {},\n  \"variables\":
        {},\n  \"resources\": [],\n  \"outputs\": {\n    \"aliases\": {\n      \"type\":
        \"object\",\n      \"value\": {\n        \"Linux\": {\n          \"CentOS\":
        {\n            \"publisher\": \"OpenLogic\",\n            \"offer\": \"CentOS\",\n
        \           \"sku\": \"7.5\",\n            \"version\": \"latest\"\n          },\n
        \         \"CoreOS\": {\n            \"publisher\": \"CoreOS\",\n            \"offer\":
        \"CoreOS\",\n            \"sku\": \"Stable\",\n            \"version\": \"latest\"\n
        \         },\n          \"Debian\": {\n            \"publisher\": \"Debian\",\n
        \           \"offer\": \"debian-10\",\n            \"sku\": \"10\",\n            \"version\":
        \"latest\"\n          },\n          \"openSUSE-Leap\": {\n            \"publisher\":
        \"SUSE\",\n            \"offer\": \"openSUSE-Leap\",\n            \"sku\":
        \"42.3\",\n            \"version\": \"latest\"\n          },\n          \"RHEL\":
        {\n            \"publisher\": \"RedHat\",\n            \"offer\": \"RHEL\",\n
        \           \"sku\": \"7-LVM\",\n            \"version\": \"latest\"\n          },\n
        \         \"SLES\": {\n            \"publisher\": \"SUSE\",\n            \"offer\":
        \"SLES\",\n            \"sku\": \"15\",\n            \"version\": \"latest\"\n
        \         },\n          \"UbuntuLTS\": {\n            \"publisher\": \"Canonical\",\n
        \           \"offer\": \"UbuntuServer\",\n            \"sku\": \"18.04-LTS\",\n
        \           \"version\": \"latest\"\n          }\n        },\n        \"Windows\":
        {\n          \"Win2019Datacenter\": {\n            \"publisher\": \"MicrosoftWindowsServer\",\n
        \           \"offer\": \"WindowsServer\",\n            \"sku\": \"2019-Datacenter\",\n
        \           \"version\": \"latest\"\n          },\n          \"Win2016Datacenter\":
        {\n            \"publisher\": \"MicrosoftWindowsServer\",\n            \"offer\":
        \"WindowsServer\",\n            \"sku\": \"2016-Datacenter\",\n            \"version\":
        \"latest\"\n          },\n          \"Win2012R2Datacenter\": {\n            \"publisher\":
        \"MicrosoftWindowsServer\",\n            \"offer\": \"WindowsServer\",\n            \"sku\":
        \"2012-R2-Datacenter\",\n            \"version\": \"latest\"\n          },\n
        \         \"Win2012Datacenter\": {\n            \"publisher\": \"MicrosoftWindowsServer\",\n
        \           \"offer\": \"WindowsServer\",\n            \"sku\": \"2012-Datacenter\",\n
        \           \"version\": \"latest\"\n          },\n          \"Win2008R2SP1\":
        {\n            \"publisher\": \"MicrosoftWindowsServer\",\n            \"offer\":
        \"WindowsServer\",\n            \"sku\": \"2008-R2-SP1\",\n            \"version\":
        \"latest\"\n          }\n        }\n      }\n    }\n  }\n}\n"
    headers:
      accept-ranges:
      - bytes
      access-control-allow-origin:
      - '*'
      cache-control:
      - max-age=300
      connection:
      - keep-alive
      content-length:
      - '2501'
      content-security-policy:
      - default-src 'none'; style-src 'unsafe-inline'; sandbox
      content-type:
      - text/plain; charset=utf-8
      date:
      - Sat, 12 Oct 2019 23:07:42 GMT
      etag:
      - '"5d5b1214d514a7d1af3a6606ac1a74d9cadc7bb5"'
      expires:
      - Sat, 12 Oct 2019 23:12:42 GMT
      source-age:
      - '164'
      strict-transport-security:
      - max-age=31536000
      vary:
      - Authorization,Accept-Encoding
      via:
      - 1.1 varnish
      x-cache:
      - HIT
      x-cache-hits:
      - '1'
      x-content-type-options:
      - nosniff
      x-fastly-request-id:
      - 1f5acd7a98ca415d8714b65fcc1ecdbb2e06b1e2
      x-frame-options:
      - deny
      x-geo-block-list:
      - ''
      x-github-request-id:
      - C3C8:77FC:D1106:FAAA3:5DA25C18
      x-served-by:
      - cache-sjc3130-SJC
      x-timer:
      - S1570921662.085870,VS0,VE1
      x-xss-protection:
      - 1; mode=block
    status:
      code: 200
      message: OK
- request:
    body: null
    headers:
      Accept:
      - application/json
      Accept-Encoding:
      - gzip, deflate
      CommandName:
      - vm create
      Connection:
      - keep-alive
      ParameterSetName:
      - -g -n --image --admin-username --admin-password --boot-diagnostics-storage
      User-Agent:
      - python/3.6.5 (Windows-10-10.0.17134-SP0) msrest/0.6.10 msrest_azure/0.6.2
        azure-mgmt-network/4.0.0 Azure-SDK-For-Python AZURECLI/2.0.74
      accept-language:
      - en-US
    method: GET
    uri: https://management.azure.com/subscriptions/00000000-0000-0000-0000-000000000000/resourceGroups/cli_test_vm_diagnostics000001/providers/Microsoft.Network/virtualNetworks?api-version=2018-01-01
  response:
    body:
      string: "{\r\n  \"value\": [\r\n    {\r\n      \"name\": \"myvmVNET\",\r\n      \"id\":
        \"/subscriptions/00000000-0000-0000-0000-000000000000/resourceGroups/cli_test_vm_diagnostics000001/providers/Microsoft.Network/virtualNetworks/myvmVNET\",\r\n
        \     \"etag\": \"W/\\\"5e12efbe-df59-4b38-bcd4-45ce59dfcc77\\\"\",\r\n      \"type\":
        \"Microsoft.Network/virtualNetworks\",\r\n      \"location\": \"westus\",\r\n
        \     \"tags\": {},\r\n      \"properties\": {\r\n        \"provisioningState\":
        \"Succeeded\",\r\n        \"resourceGuid\": \"417d345b-5a23-42b9-a071-fba8ed0edef9\",\r\n
        \       \"addressSpace\": {\r\n          \"addressPrefixes\": [\r\n            \"10.0.0.0/16\"\r\n
        \         ]\r\n        },\r\n        \"subnets\": [\r\n          {\r\n            \"name\":
        \"myvmSubnet\",\r\n            \"id\": \"/subscriptions/00000000-0000-0000-0000-000000000000/resourceGroups/cli_test_vm_diagnostics000001/providers/Microsoft.Network/virtualNetworks/myvmVNET/subnets/myvmSubnet\",\r\n
        \           \"etag\": \"W/\\\"5e12efbe-df59-4b38-bcd4-45ce59dfcc77\\\"\",\r\n
        \           \"properties\": {\r\n              \"provisioningState\": \"Succeeded\",\r\n
        \             \"addressPrefix\": \"10.0.0.0/24\",\r\n              \"ipConfigurations\":
        [\r\n                {\r\n                  \"id\": \"/subscriptions/00000000-0000-0000-0000-000000000000/resourceGroups/cli_test_vm_diagnostics000001/providers/Microsoft.Network/networkInterfaces/myvmVMNic/ipConfigurations/ipconfigmyvm\"\r\n
        \               }\r\n              ]\r\n            },\r\n            \"type\":
        \"Microsoft.Network/virtualNetworks/subnets\"\r\n          }\r\n        ],\r\n
        \       \"virtualNetworkPeerings\": [],\r\n        \"enableDdosProtection\":
        false,\r\n        \"enableVmProtection\": false\r\n      }\r\n    }\r\n  ]\r\n}"
    headers:
      cache-control:
      - no-cache
      content-length:
      - '1757'
      content-type:
      - application/json; charset=utf-8
      date:
      - Sat, 12 Oct 2019 23:07:41 GMT
      expires:
      - '-1'
      pragma:
      - no-cache
      server:
      - Microsoft-HTTPAPI/2.0
      - Microsoft-HTTPAPI/2.0
      strict-transport-security:
      - max-age=31536000; includeSubDomains
      transfer-encoding:
      - chunked
      vary:
      - Accept-Encoding
      x-content-type-options:
      - nosniff
      x-ms-arm-service-request-id:
      - 9c850946-d9a4-4497-a575-276622310ca9
    status:
      code: 200
      message: OK
- request:
    body: null
    headers:
      Accept:
      - application/json
      Accept-Encoding:
      - gzip, deflate
      CommandName:
      - vm create
      Connection:
      - keep-alive
      ParameterSetName:
      - -g -n --image --admin-username --admin-password --boot-diagnostics-storage
      User-Agent:
      - python/3.6.5 (Windows-10-10.0.17134-SP0) msrest/0.6.10 msrest_azure/0.6.2
        azure-mgmt-storage/4.0.0 Azure-SDK-For-Python AZURECLI/2.0.74
      accept-language:
      - en-US
    method: GET
    uri: https://management.azure.com/subscriptions/00000000-0000-0000-0000-000000000000/providers/Microsoft.Storage/storageAccounts?api-version=2019-04-01
  response:
    body:
      string: '{"value":[{"sku":{"name":"Standard_LRS","tier":"Standard"},"kind":"Storage","id":"/subscriptions/00000000-0000-0000-0000-000000000000/resourceGroups/demo-rg/providers/Microsoft.Storage/storageAccounts/armbuilddemo1811","name":"armbuilddemo1811","type":"Microsoft.Storage/storageAccounts","location":"eastus","tags":{},"properties":{"networkAcls":{"bypass":"AzureServices","virtualNetworkRules":[],"ipRules":[],"defaultAction":"Allow"},"supportsHttpsTrafficOnly":false,"encryption":{"services":{"file":{"enabled":true,"lastEnabledTime":"2018-06-29T05:38:14.0211652Z"},"blob":{"enabled":true,"lastEnabledTime":"2018-06-29T05:38:14.0211652Z"}},"keySource":"Microsoft.Storage"},"provisioningState":"Succeeded","creationTime":"2018-06-29T05:38:13.8336751Z","primaryEndpoints":{"blob":"https://armbuilddemo1811.blob.core.windows.net/","queue":"https://armbuilddemo1811.queue.core.windows.net/","table":"https://armbuilddemo1811.table.core.windows.net/","file":"https://armbuilddemo1811.file.core.windows.net/"},"primaryLocation":"eastus","statusOfPrimary":"available"}},{"sku":{"name":"Standard_LRS","tier":"Standard"},"kind":"Storage","id":"/subscriptions/00000000-0000-0000-0000-000000000000/resourceGroups/test-rg/providers/Microsoft.Storage/storageAccounts/armbuilddemo1812","name":"armbuilddemo1812","type":"Microsoft.Storage/storageAccounts","location":"eastus","tags":{},"properties":{"networkAcls":{"bypass":"AzureServices","virtualNetworkRules":[],"ipRules":[],"defaultAction":"Allow"},"supportsHttpsTrafficOnly":false,"encryption":{"services":{"file":{"enabled":true,"lastEnabledTime":"2018-07-30T21:46:04.3592434Z"},"blob":{"enabled":true,"lastEnabledTime":"2018-07-30T21:46:04.3592434Z"}},"keySource":"Microsoft.Storage"},"provisioningState":"Succeeded","creationTime":"2018-07-30T21:46:04.2030069Z","primaryEndpoints":{"blob":"https://armbuilddemo1812.blob.core.windows.net/","queue":"https://armbuilddemo1812.queue.core.windows.net/","table":"https://armbuilddemo1812.table.core.windows.net/","file":"https://armbuilddemo1812.file.core.windows.net/"},"primaryLocation":"eastus","statusOfPrimary":"available"}},{"sku":{"name":"Standard_LRS","tier":"Standard"},"kind":"Storage","id":"/subscriptions/00000000-0000-0000-0000-000000000000/resourceGroups/rg-001/providers/Microsoft.Storage/storageAccounts/armbuilddemo1813","name":"armbuilddemo1813","type":"Microsoft.Storage/storageAccounts","location":"eastus","tags":{},"properties":{"networkAcls":{"bypass":"AzureServices","virtualNetworkRules":[],"ipRules":[],"defaultAction":"Allow"},"supportsHttpsTrafficOnly":false,"encryption":{"services":{"file":{"enabled":true,"lastEnabledTime":"2018-07-12T05:53:16.1155569Z"},"blob":{"enabled":true,"lastEnabledTime":"2018-07-12T05:53:16.1155569Z"}},"keySource":"Microsoft.Storage"},"provisioningState":"Succeeded","creationTime":"2018-07-12T05:53:15.9437116Z","primaryEndpoints":{"blob":"https://armbuilddemo1813.blob.core.windows.net/","queue":"https://armbuilddemo1813.queue.core.windows.net/","table":"https://armbuilddemo1813.table.core.windows.net/","file":"https://armbuilddemo1813.file.core.windows.net/"},"primaryLocation":"eastus","statusOfPrimary":"available"}},{"sku":{"name":"Standard_LRS","tier":"Standard"},"kind":"Storage","id":"/subscriptions/00000000-0000-0000-0000-000000000000/resourceGroups/rg-002/providers/Microsoft.Storage/storageAccounts/armbuilddemo1814","name":"armbuilddemo1814","type":"Microsoft.Storage/storageAccounts","location":"eastus","tags":{},"properties":{"networkAcls":{"bypass":"AzureServices","virtualNetworkRules":[],"ipRules":[],"defaultAction":"Allow"},"supportsHttpsTrafficOnly":false,"encryption":{"services":{"file":{"enabled":true,"lastEnabledTime":"2018-07-12T06:15:43.2256693Z"},"blob":{"enabled":true,"lastEnabledTime":"2018-07-12T06:15:43.2256693Z"}},"keySource":"Microsoft.Storage"},"provisioningState":"Succeeded","creationTime":"2018-07-12T06:15:43.1318886Z","primaryEndpoints":{"blob":"https://armbuilddemo1814.blob.core.windows.net/","queue":"https://armbuilddemo1814.queue.core.windows.net/","table":"https://armbuilddemo1814.table.core.windows.net/","file":"https://armbuilddemo1814.file.core.windows.net/"},"primaryLocation":"eastus","statusOfPrimary":"available"}},{"sku":{"name":"Standard_LRS","tier":"Standard"},"kind":"Storage","id":"/subscriptions/00000000-0000-0000-0000-000000000000/resourceGroups/rg-003/providers/Microsoft.Storage/storageAccounts/armbuilddemo1815","name":"armbuilddemo1815","type":"Microsoft.Storage/storageAccounts","location":"eastus","tags":{},"properties":{"networkAcls":{"bypass":"AzureServices","virtualNetworkRules":[],"ipRules":[],"defaultAction":"Allow"},"supportsHttpsTrafficOnly":false,"encryption":{"services":{"file":{"enabled":true,"lastEnabledTime":"2018-07-12T06:15:48.3354820Z"},"blob":{"enabled":true,"lastEnabledTime":"2018-07-12T06:15:48.3354820Z"}},"keySource":"Microsoft.Storage"},"provisioningState":"Succeeded","creationTime":"2018-07-12T06:15:48.2260781Z","primaryEndpoints":{"blob":"https://armbuilddemo1815.blob.core.windows.net/","queue":"https://armbuilddemo1815.queue.core.windows.net/","table":"https://armbuilddemo1815.table.core.windows.net/","file":"https://armbuilddemo1815.file.core.windows.net/"},"primaryLocation":"eastus","statusOfPrimary":"available"}},{"sku":{"name":"Standard_LRS","tier":"Standard"},"kind":"Storage","id":"/subscriptions/00000000-0000-0000-0000-000000000000/resourceGroups/test-rg/providers/Microsoft.Storage/storageAccounts/armbuilddemo1816","name":"armbuilddemo1816","type":"Microsoft.Storage/storageAccounts","location":"eastus","tags":{},"properties":{"networkAcls":{"bypass":"AzureServices","virtualNetworkRules":[],"ipRules":[],"defaultAction":"Allow"},"supportsHttpsTrafficOnly":false,"encryption":{"services":{"file":{"enabled":true,"lastEnabledTime":"2018-07-31T21:40:23.5757203Z"},"blob":{"enabled":true,"lastEnabledTime":"2018-07-31T21:40:23.5757203Z"}},"keySource":"Microsoft.Storage"},"provisioningState":"Succeeded","creationTime":"2018-07-31T21:40:09.9975138Z","primaryEndpoints":{"blob":"https://armbuilddemo1816.blob.core.windows.net/","queue":"https://armbuilddemo1816.queue.core.windows.net/","table":"https://armbuilddemo1816.table.core.windows.net/","file":"https://armbuilddemo1816.file.core.windows.net/"},"primaryLocation":"eastus","statusOfPrimary":"available"}},{"sku":{"name":"Standard_LRS","tier":"Standard"},"kind":"Storage","id":"/subscriptions/00000000-0000-0000-0000-000000000000/resourceGroups/rg-004/providers/Microsoft.Storage/storageAccounts/armbuilddemo1818","name":"armbuilddemo1818","type":"Microsoft.Storage/storageAccounts","location":"eastus","tags":{},"properties":{"networkAcls":{"bypass":"AzureServices","virtualNetworkRules":[],"ipRules":[],"defaultAction":"Allow"},"supportsHttpsTrafficOnly":false,"encryption":{"services":{"file":{"enabled":true,"lastEnabledTime":"2018-08-15T22:51:06.8496945Z"},"blob":{"enabled":true,"lastEnabledTime":"2018-08-15T22:51:06.8496945Z"}},"keySource":"Microsoft.Storage"},"provisioningState":"Succeeded","creationTime":"2018-08-15T22:51:06.6309122Z","primaryEndpoints":{"blob":"https://armbuilddemo1818.blob.core.windows.net/","queue":"https://armbuilddemo1818.queue.core.windows.net/","table":"https://armbuilddemo1818.table.core.windows.net/","file":"https://armbuilddemo1818.file.core.windows.net/"},"primaryLocation":"eastus","statusOfPrimary":"available"}},{"sku":{"name":"Standard_LRS","tier":"Standard"},"kind":"Storage","id":"/subscriptions/00000000-0000-0000-0000-000000000000/resourceGroups/demo-rg/providers/Microsoft.Storage/storageAccounts/armbuilddemo1819","name":"armbuilddemo1819","type":"Microsoft.Storage/storageAccounts","location":"eastus","tags":{},"properties":{"networkAcls":{"bypass":"AzureServices","virtualNetworkRules":[],"ipRules":[],"defaultAction":"Allow"},"supportsHttpsTrafficOnly":false,"encryption":{"services":{"file":{"enabled":true,"lastEnabledTime":"2019-07-18T20:56:30.9039364Z"},"blob":{"enabled":true,"lastEnabledTime":"2019-07-18T20:56:30.9039364Z"}},"keySource":"Microsoft.Storage"},"provisioningState":"Succeeded","creationTime":"2019-07-18T20:56:30.6852206Z","primaryEndpoints":{"blob":"https://armbuilddemo1819.blob.core.windows.net/","queue":"https://armbuilddemo1819.queue.core.windows.net/","table":"https://armbuilddemo1819.table.core.windows.net/","file":"https://armbuilddemo1819.file.core.windows.net/"},"primaryLocation":"eastus","statusOfPrimary":"available"}},{"sku":{"name":"Standard_LRS","tier":"Standard"},"kind":"Storage","id":"/subscriptions/00000000-0000-0000-0000-000000000000/resourceGroups/ps1988/providers/Microsoft.Storage/storageAccounts/ps1122","name":"ps1122","type":"Microsoft.Storage/storageAccounts","location":"eastus","tags":{},"properties":{"networkAcls":{"bypass":"AzureServices","virtualNetworkRules":[],"ipRules":[],"defaultAction":"Allow"},"supportsHttpsTrafficOnly":false,"encryption":{"services":{"file":{"enabled":true,"lastEnabledTime":"2019-06-19T00:03:49.0978575Z"},"blob":{"enabled":true,"lastEnabledTime":"2019-06-19T00:03:49.0978575Z"}},"keySource":"Microsoft.Storage"},"provisioningState":"Succeeded","creationTime":"2019-06-19T00:03:48.9885190Z","primaryEndpoints":{"blob":"https://ps1122.blob.core.windows.net/","queue":"https://ps1122.queue.core.windows.net/","table":"https://ps1122.table.core.windows.net/","file":"https://ps1122.file.core.windows.net/"},"primaryLocation":"eastus","statusOfPrimary":"available"}},{"sku":{"name":"Standard_LRS","tier":"Standard"},"kind":"Storage","id":"/subscriptions/00000000-0000-0000-0000-000000000000/resourceGroups/ps1966/providers/Microsoft.Storage/storageAccounts/ps1233","name":"ps1233","type":"Microsoft.Storage/storageAccounts","location":"eastus","tags":{},"properties":{"networkAcls":{"bypass":"AzureServices","virtualNetworkRules":[],"ipRules":[],"defaultAction":"Allow"},"supportsHttpsTrafficOnly":false,"encryption":{"services":{"file":{"enabled":true,"lastEnabledTime":"2019-06-19T00:06:23.5510032Z"},"blob":{"enabled":true,"lastEnabledTime":"2019-06-19T00:06:23.5510032Z"}},"keySource":"Microsoft.Storage"},"provisioningState":"Succeeded","creationTime":"2019-06-19T00:06:23.3947561Z","primaryEndpoints":{"blob":"https://ps1233.blob.core.windows.net/","queue":"https://ps1233.queue.core.windows.net/","table":"https://ps1233.table.core.windows.net/","file":"https://ps1233.file.core.windows.net/"},"primaryLocation":"eastus","statusOfPrimary":"available"}},{"sku":{"name":"Standard_LRS","tier":"Standard"},"kind":"Storage","id":"/subscriptions/00000000-0000-0000-0000-000000000000/resourceGroups/demo-rg/providers/Microsoft.Storage/storageAccounts/ps1943","name":"ps1943","type":"Microsoft.Storage/storageAccounts","location":"eastus","tags":{},"properties":{"networkAcls":{"bypass":"AzureServices","virtualNetworkRules":[],"ipRules":[],"defaultAction":"Allow"},"supportsHttpsTrafficOnly":false,"encryption":{"services":{"file":{"enabled":true,"lastEnabledTime":"2019-07-19T00:01:31.9720608Z"},"blob":{"enabled":true,"lastEnabledTime":"2019-07-19T00:01:31.9720608Z"}},"keySource":"Microsoft.Storage"},"provisioningState":"Succeeded","creationTime":"2019-07-19T00:01:31.8158168Z","primaryEndpoints":{"blob":"https://ps1943.blob.core.windows.net/","queue":"https://ps1943.queue.core.windows.net/","table":"https://ps1943.table.core.windows.net/","file":"https://ps1943.file.core.windows.net/"},"primaryLocation":"eastus","statusOfPrimary":"available"}},{"sku":{"name":"Standard_LRS","tier":"Standard"},"kind":"Storage","id":"/subscriptions/00000000-0000-0000-0000-000000000000/resourceGroups/ps7675/providers/Microsoft.Storage/storageAccounts/ps3396","name":"ps3396","type":"Microsoft.Storage/storageAccounts","location":"eastus","tags":{},"properties":{"networkAcls":{"bypass":"AzureServices","virtualNetworkRules":[],"ipRules":[],"defaultAction":"Allow"},"supportsHttpsTrafficOnly":false,"encryption":{"services":{"file":{"enabled":true,"lastEnabledTime":"2018-07-31T22:00:47.9816783Z"},"blob":{"enabled":true,"lastEnabledTime":"2018-07-31T22:00:47.9816783Z"}},"keySource":"Microsoft.Storage"},"provisioningState":"Succeeded","creationTime":"2018-07-31T22:00:47.7785478Z","primaryEndpoints":{"blob":"https://ps3396.blob.core.windows.net/","queue":"https://ps3396.queue.core.windows.net/","table":"https://ps3396.table.core.windows.net/","file":"https://ps3396.file.core.windows.net/"},"primaryLocation":"eastus","statusOfPrimary":"available"}},{"sku":{"name":"Standard_LRS","tier":"Standard"},"kind":"Storage","id":"/subscriptions/00000000-0000-0000-0000-000000000000/resourceGroups/ps496/providers/Microsoft.Storage/storageAccounts/ps3838","name":"ps3838","type":"Microsoft.Storage/storageAccounts","location":"eastus","tags":{},"properties":{"networkAcls":{"bypass":"AzureServices","virtualNetworkRules":[],"ipRules":[],"defaultAction":"Allow"},"supportsHttpsTrafficOnly":false,"encryption":{"services":{"file":{"enabled":true,"lastEnabledTime":"2018-07-31T21:55:18.1818760Z"},"blob":{"enabled":true,"lastEnabledTime":"2018-07-31T21:55:18.1818760Z"}},"keySource":"Microsoft.Storage"},"provisioningState":"Succeeded","creationTime":"2018-07-31T21:55:17.9474635Z","primaryEndpoints":{"blob":"https://ps3838.blob.core.windows.net/","queue":"https://ps3838.queue.core.windows.net/","table":"https://ps3838.table.core.windows.net/","file":"https://ps3838.file.core.windows.net/"},"primaryLocation":"eastus","statusOfPrimary":"available"}},{"sku":{"name":"Standard_LRS","tier":"Standard"},"kind":"Storage","id":"/subscriptions/00000000-0000-0000-0000-000000000000/resourceGroups/demo-rg/providers/Microsoft.Storage/storageAccounts/ps6546","name":"ps6546","type":"Microsoft.Storage/storageAccounts","location":"eastus","tags":{},"properties":{"networkAcls":{"bypass":"AzureServices","virtualNetworkRules":[],"ipRules":[],"defaultAction":"Allow"},"supportsHttpsTrafficOnly":false,"encryption":{"services":{"file":{"enabled":true,"lastEnabledTime":"2019-07-24T22:37:13.7233088Z"},"blob":{"enabled":true,"lastEnabledTime":"2019-07-24T22:37:13.7233088Z"}},"keySource":"Microsoft.Storage"},"provisioningState":"Succeeded","creationTime":"2019-07-24T22:37:13.6295585Z","primaryEndpoints":{"blob":"https://ps6546.blob.core.windows.net/","queue":"https://ps6546.queue.core.windows.net/","table":"https://ps6546.table.core.windows.net/","file":"https://ps6546.file.core.windows.net/"},"primaryLocation":"eastus","statusOfPrimary":"available"}},{"sku":{"name":"Standard_LRS","tier":"Standard"},"kind":"Storage","id":"/subscriptions/00000000-0000-0000-0000-000000000000/resourceGroups/ps1959/providers/Microsoft.Storage/storageAccounts/testvivek52f323kdd255556","name":"testvivek52f323kdd255556","type":"Microsoft.Storage/storageAccounts","location":"eastus","tags":{},"properties":{"networkAcls":{"bypass":"AzureServices","virtualNetworkRules":[],"ipRules":[],"defaultAction":"Allow"},"supportsHttpsTrafficOnly":false,"encryption":{"services":{"file":{"enabled":true,"lastEnabledTime":"2019-07-19T00:10:53.6751832Z"},"blob":{"enabled":true,"lastEnabledTime":"2019-07-19T00:10:53.6751832Z"}},"keySource":"Microsoft.Storage"},"provisioningState":"Succeeded","creationTime":"2019-07-19T00:10:53.5345566Z","primaryEndpoints":{"blob":"https://testvivek52f323kdd255556.blob.core.windows.net/","queue":"https://testvivek52f323kdd255556.queue.core.windows.net/","table":"https://testvivek52f323kdd255556.table.core.windows.net/","file":"https://testvivek52f323kdd255556.file.core.windows.net/"},"primaryLocation":"eastus","statusOfPrimary":"available"}},{"sku":{"name":"Standard_LRS","tier":"Standard"},"kind":"Storage","id":"/subscriptions/00000000-0000-0000-0000-000000000000/resourceGroups/localjobstest/providers/Microsoft.Storage/storageAccounts/tianosatest124","name":"tianosatest124","type":"Microsoft.Storage/storageAccounts","location":"eastus","tags":{},"properties":{"networkAcls":{"bypass":"AzureServices","virtualNetworkRules":[],"ipRules":[],"defaultAction":"Allow"},"supportsHttpsTrafficOnly":false,"encryption":{"services":{"file":{"enabled":true,"lastEnabledTime":"2018-11-16T01:34:20.2184168Z"},"blob":{"enabled":true,"lastEnabledTime":"2018-11-16T01:34:20.2184168Z"}},"keySource":"Microsoft.Storage"},"provisioningState":"Succeeded","creationTime":"2018-11-16T01:34:20.1246585Z","primaryEndpoints":{"blob":"https://tianosatest124.blob.core.windows.net/","queue":"https://tianosatest124.queue.core.windows.net/","table":"https://tianosatest124.table.core.windows.net/","file":"https://tianosatest124.file.core.windows.net/"},"primaryLocation":"eastus","statusOfPrimary":"available"}},{"sku":{"name":"Standard_LRS","tier":"Standard"},"kind":"Storage","id":"/subscriptions/00000000-0000-0000-0000-000000000000/resourceGroups/somerg/providers/Microsoft.Storage/storageAccounts/tianosatest202","name":"tianosatest202","type":"Microsoft.Storage/storageAccounts","location":"eastus","tags":{},"properties":{"networkAcls":{"bypass":"AzureServices","virtualNetworkRules":[],"ipRules":[],"defaultAction":"Allow"},"supportsHttpsTrafficOnly":false,"encryption":{"services":{"file":{"enabled":true,"lastEnabledTime":"2019-07-15T22:56:36.4641156Z"},"blob":{"enabled":true,"lastEnabledTime":"2019-07-15T22:56:36.4641156Z"}},"keySource":"Microsoft.Storage"},"provisioningState":"Succeeded","creationTime":"2019-07-15T22:56:36.2766248Z","primaryEndpoints":{"blob":"https://tianosatest202.blob.core.windows.net/","queue":"https://tianosatest202.queue.core.windows.net/","table":"https://tianosatest202.table.core.windows.net/","file":"https://tianosatest202.file.core.windows.net/"},"primaryLocation":"eastus","statusOfPrimary":"available"}},{"sku":{"name":"Standard_LRS","tier":"Standard"},"kind":"Storage","id":"/subscriptions/00000000-0000-0000-0000-000000000000/resourceGroups/rg-001/providers/Microsoft.Storage/storageAccounts/tianosatestgl","name":"tianosatestgl","type":"Microsoft.Storage/storageAccounts","location":"eastus","tags":{},"properties":{"networkAcls":{"bypass":"AzureServices","virtualNetworkRules":[],"ipRules":[],"defaultAction":"Allow"},"supportsHttpsTrafficOnly":false,"encryption":{"services":{"file":{"enabled":true,"lastEnabledTime":"2019-04-24T00:59:27.4160423Z"},"blob":{"enabled":true,"lastEnabledTime":"2019-04-24T00:59:27.4160423Z"}},"keySource":"Microsoft.Storage"},"provisioningState":"Succeeded","creationTime":"2019-04-24T00:59:27.3222099Z","primaryEndpoints":{"blob":"https://tianosatestgl.blob.core.windows.net/","queue":"https://tianosatestgl.queue.core.windows.net/","table":"https://tianosatestgl.table.core.windows.net/","file":"https://tianosatestgl.file.core.windows.net/"},"primaryLocation":"eastus","statusOfPrimary":"available"}},{"sku":{"name":"Standard_RAGRS","tier":"Standard"},"kind":"Storage","id":"/subscriptions/00000000-0000-0000-0000-000000000000/resourceGroups/test-rg/providers/Microsoft.Storage/storageAccounts/tianoclassicsa","name":"tianoclassicsa","type":"Microsoft.Storage/storageAccounts","location":"westus","tags":{},"properties":{"networkAcls":{"bypass":"AzureServices","virtualNetworkRules":[],"ipRules":[],"defaultAction":"Allow"},"supportsHttpsTrafficOnly":true,"encryption":{"services":{"file":{"enabled":true,"lastEnabledTime":"2019-01-15T19:31:23.3937749Z"},"blob":{"enabled":true,"lastEnabledTime":"2019-01-15T19:31:23.3937749Z"}},"keySource":"Microsoft.Storage"},"provisioningState":"Succeeded","creationTime":"2019-01-15T19:31:23.3312917Z","primaryEndpoints":{"blob":"https://tianoclassicsa.blob.core.windows.net/","queue":"https://tianoclassicsa.queue.core.windows.net/","table":"https://tianoclassicsa.table.core.windows.net/","file":"https://tianoclassicsa.file.core.windows.net/"},"primaryLocation":"westus","statusOfPrimary":"available","secondaryLocation":"eastus","statusOfSecondary":"available","secondaryEndpoints":{"blob":"https://tianoclassicsa-secondary.blob.core.windows.net/","queue":"https://tianoclassicsa-secondary.queue.core.windows.net/","table":"https://tianoclassicsa-secondary.table.core.windows.net/"}}},{"sku":{"name":"Standard_LRS","tier":"Standard"},"kind":"Storage","id":"/subscriptions/00000000-0000-0000-0000-000000000000/resourceGroups/tiano-errortest02/providers/Microsoft.Storage/storageAccounts/rjenf2saxdmdksawinvm","name":"rjenf2saxdmdksawinvm","type":"Microsoft.Storage/storageAccounts","location":"westus","tags":{},"properties":{"networkAcls":{"bypass":"AzureServices","virtualNetworkRules":[],"ipRules":[],"defaultAction":"Allow"},"supportsHttpsTrafficOnly":false,"encryption":{"services":{"file":{"enabled":true,"lastEnabledTime":"2019-05-20T21:15:05.4083656Z"},"blob":{"enabled":true,"lastEnabledTime":"2019-05-20T21:15:05.4083656Z"}},"keySource":"Microsoft.Storage"},"provisioningState":"Succeeded","creationTime":"2019-05-20T21:15:05.1114836Z","primaryEndpoints":{"blob":"https://rjenf2saxdmdksawinvm.blob.core.windows.net/","queue":"https://rjenf2saxdmdksawinvm.queue.core.windows.net/","table":"https://rjenf2saxdmdksawinvm.table.core.windows.net/","file":"https://rjenf2saxdmdksawinvm.file.core.windows.net/"},"primaryLocation":"westus","statusOfPrimary":"available"}},{"sku":{"name":"Standard_LRS","tier":"Standard"},"kind":"Storage","id":"/subscriptions/00000000-0000-0000-0000-000000000000/resourceGroups/testrg03/providers/Microsoft.Storage/storageAccounts/tiano005qagho4de73mrs","name":"tiano005qagho4de73mrs","type":"Microsoft.Storage/storageAccounts","location":"westus","tags":{"displayName":"tiano005"},"properties":{"networkAcls":{"bypass":"AzureServices","virtualNetworkRules":[],"ipRules":[],"defaultAction":"Allow"},"supportsHttpsTrafficOnly":false,"encryption":{"services":{"file":{"enabled":true,"lastEnabledTime":"2019-01-30T23:26:51.4485143Z"},"blob":{"enabled":true,"lastEnabledTime":"2019-01-30T23:26:51.4485143Z"}},"keySource":"Microsoft.Storage"},"provisioningState":"Succeeded","creationTime":"2019-01-30T23:26:51.3391402Z","primaryEndpoints":{"blob":"https://tiano005qagho4de73mrs.blob.core.windows.net/","queue":"https://tiano005qagho4de73mrs.queue.core.windows.net/","table":"https://tiano005qagho4de73mrs.table.core.windows.net/","file":"https://tiano005qagho4de73mrs.file.core.windows.net/"},"primaryLocation":"westus","statusOfPrimary":"available"}},{"sku":{"name":"Standard_LRS","tier":"Standard"},"kind":"Storage","id":"/subscriptions/00000000-0000-0000-0000-000000000000/resourceGroups/cli_test_vm_diagnostics000001/providers/Microsoft.Storage/storageAccounts/clitestbootdiag000002","name":"clitestbootdiag000002","type":"Microsoft.Storage/storageAccounts","location":"westus","tags":{},"properties":{"networkAcls":{"bypass":"AzureServices","virtualNetworkRules":[],"ipRules":[],"defaultAction":"Allow"},"supportsHttpsTrafficOnly":true,"encryption":{"services":{"file":{"enabled":true,"lastEnabledTime":"2019-10-12T23:04:44.7500635Z"},"blob":{"enabled":true,"lastEnabledTime":"2019-10-12T23:04:44.7500635Z"}},"keySource":"Microsoft.Storage"},"provisioningState":"Succeeded","creationTime":"2019-10-12T23:04:44.6718916Z","primaryEndpoints":{"blob":"https://clitestbootdiag000002.blob.core.windows.net/","queue":"https://clitestbootdiag000002.queue.core.windows.net/","table":"https://clitestbootdiag000002.table.core.windows.net/","file":"https://clitestbootdiag000002.file.core.windows.net/"},"primaryLocation":"westus","statusOfPrimary":"available"}},{"sku":{"name":"Standard_LRS","tier":"Standard"},"kind":"Storage","id":"/subscriptions/00000000-0000-0000-0000-000000000000/resourceGroups/client/providers/Microsoft.Storage/storageAccounts/clientdiag220","name":"clientdiag220","type":"Microsoft.Storage/storageAccounts","location":"westus","tags":{},"properties":{"networkAcls":{"bypass":"AzureServices","virtualNetworkRules":[],"ipRules":[],"defaultAction":"Allow"},"supportsHttpsTrafficOnly":false,"encryption":{"services":{"file":{"enabled":true,"lastEnabledTime":"2018-06-07T21:54:28.5779668Z"},"blob":{"enabled":true,"lastEnabledTime":"2018-06-07T21:54:28.5779668Z"}},"keySource":"Microsoft.Storage"},"provisioningState":"Succeeded","creationTime":"2018-06-07T21:54:28.3904719Z","primaryEndpoints":{"blob":"https://clientdiag220.blob.core.windows.net/","queue":"https://clientdiag220.queue.core.windows.net/","table":"https://clientdiag220.table.core.windows.net/","file":"https://clientdiag220.file.core.windows.net/"},"primaryLocation":"westus","statusOfPrimary":"available"}},{"sku":{"name":"Standard_LRS","tier":"Standard"},"kind":"Storage","id":"/subscriptions/00000000-0000-0000-0000-000000000000/resourceGroups/repro-rg/providers/Microsoft.Storage/storageAccounts/tianotest135","name":"tianotest135","type":"Microsoft.Storage/storageAccounts","location":"westus","tags":{},"properties":{"networkAcls":{"bypass":"AzureServices","virtualNetworkRules":[],"ipRules":[],"defaultAction":"Allow"},"supportsHttpsTrafficOnly":false,"encryption":{"services":{"file":{"enabled":true,"lastEnabledTime":"2019-04-10T05:32:33.3091182Z"},"blob":{"enabled":true,"lastEnabledTime":"2019-04-10T05:32:33.3091182Z"}},"keySource":"Microsoft.Storage"},"provisioningState":"Succeeded","creationTime":"2019-04-10T05:32:33.2153648Z","primaryEndpoints":{"blob":"https://tianotest135.blob.core.windows.net/","queue":"https://tianotest135.queue.core.windows.net/","table":"https://tianotest135.table.core.windows.net/","file":"https://tianotest135.file.core.windows.net/"},"primaryLocation":"westus","statusOfPrimary":"available"}},{"sku":{"name":"Premium_LRS","tier":"Premium"},"kind":"Storage","id":"/subscriptions/00000000-0000-0000-0000-000000000000/resourceGroups/clitest.rg3fs66e4ckejdbnromnno4afcytgyovnzmiy6edurcagyu2pkgnmqxqtrdinifsgs5/providers/Microsoft.Storage/storageAccounts/vhdstoragecb2bc9cc104eb5","name":"vhdstoragecb2bc9cc104eb5","type":"Microsoft.Storage/storageAccounts","location":"westus","tags":{},"properties":{"networkAcls":{"bypass":"AzureServices","virtualNetworkRules":[],"ipRules":[],"defaultAction":"Allow"},"supportsHttpsTrafficOnly":false,"encryption":{"services":{"file":{"enabled":true,"lastEnabledTime":"2019-10-12T23:04:59.5158301Z"},"blob":{"enabled":true,"lastEnabledTime":"2019-10-12T23:04:59.5158301Z"}},"keySource":"Microsoft.Storage"},"provisioningState":"Succeeded","creationTime":"2019-10-12T23:04:59.4377000Z","primaryEndpoints":{"blob":"https://vhdstoragecb2bc9cc104eb5.blob.core.windows.net/"},"primaryLocation":"westus","statusOfPrimary":"available"}},{"sku":{"name":"Standard_LRS","tier":"Standard"},"kind":"StorageV2","id":"/subscriptions/00000000-0000-0000-0000-000000000000/resourceGroups/cloud-shell-storage-westus/providers/Microsoft.Storage/storageAccounts/cs4fb3a3d6b44c8x44f5x88c","name":"cs4fb3a3d6b44c8x44f5x88c","type":"Microsoft.Storage/storageAccounts","location":"westus","tags":{"ms-resource-usage":"azure-cloud-shell"},"properties":{"networkAcls":{"bypass":"AzureServices","virtualNetworkRules":[],"ipRules":[],"defaultAction":"Allow"},"supportsHttpsTrafficOnly":true,"encryption":{"services":{"file":{"enabled":true,"lastEnabledTime":"2019-05-22T19:56:25.2435014Z"},"blob":{"enabled":true,"lastEnabledTime":"2019-05-22T19:56:25.2435014Z"}},"keySource":"Microsoft.Storage"},"accessTier":"Hot","provisioningState":"Succeeded","creationTime":"2019-05-22T19:56:25.1337551Z","primaryEndpoints":{"dfs":"https://cs4fb3a3d6b44c8x44f5x88c.dfs.core.windows.net/","web":"https://cs4fb3a3d6b44c8x44f5x88c.z22.web.core.windows.net/","blob":"https://cs4fb3a3d6b44c8x44f5x88c.blob.core.windows.net/","queue":"https://cs4fb3a3d6b44c8x44f5x88c.queue.core.windows.net/","table":"https://cs4fb3a3d6b44c8x44f5x88c.table.core.windows.net/","file":"https://cs4fb3a3d6b44c8x44f5x88c.file.core.windows.net/"},"primaryLocation":"westus","statusOfPrimary":"available"}},{"sku":{"name":"Premium_LRS","tier":"Premium"},"kind":"Storage","id":"/subscriptions/00000000-0000-0000-0000-000000000000/resourceGroups/cli_test_vm_diagnostics000001/providers/Microsoft.Storage/storageAccounts/vhdstoragee5914c66f260eb","name":"vhdstoragee5914c66f260eb","type":"Microsoft.Storage/storageAccounts","location":"westus","tags":{},"properties":{"networkAcls":{"bypass":"AzureServices","virtualNetworkRules":[],"ipRules":[],"defaultAction":"Allow"},"supportsHttpsTrafficOnly":false,"encryption":{"services":{"file":{"enabled":true,"lastEnabledTime":"2019-10-12T23:05:06.9849062Z"},"blob":{"enabled":true,"lastEnabledTime":"2019-10-12T23:05:06.9849062Z"}},"keySource":"Microsoft.Storage"},"provisioningState":"Succeeded","creationTime":"2019-10-12T23:05:06.9380496Z","primaryEndpoints":{"blob":"https://vhdstoragee5914c66f260eb.blob.core.windows.net/"},"primaryLocation":"westus","statusOfPrimary":"available"}},{"sku":{"name":"Standard_LRS","tier":"Standard"},"kind":"Storage","id":"/subscriptions/00000000-0000-0000-0000-000000000000/resourceGroups/rg-001/providers/Microsoft.Storage/storageAccounts/tianosa201","name":"tianosa201","type":"Microsoft.Storage/storageAccounts","location":"westus","tags":{},"properties":{"networkAcls":{"bypass":"AzureServices","virtualNetworkRules":[],"ipRules":[],"defaultAction":"Allow"},"supportsHttpsTrafficOnly":false,"encryption":{"services":{"file":{"enabled":true,"lastEnabledTime":"2019-05-03T21:48:29.1803130Z"},"blob":{"enabled":true,"lastEnabledTime":"2019-05-03T21:48:29.1803130Z"}},"keySource":"Microsoft.Storage"},"provisioningState":"Succeeded","creationTime":"2019-05-03T21:48:28.8834301Z","primaryEndpoints":{"blob":"https://tianosa201.blob.core.windows.net/","queue":"https://tianosa201.queue.core.windows.net/","table":"https://tianosa201.table.core.windows.net/","file":"https://tianosa201.file.core.windows.net/"},"primaryLocation":"westus","statusOfPrimary":"available"}},{"sku":{"name":"Standard_LRS","tier":"Standard"},"kind":"Storage","id":"/subscriptions/00000000-0000-0000-0000-000000000000/resourceGroups/repro-rg/providers/Microsoft.Storage/storageAccounts/tianotest133","name":"tianotest133","type":"Microsoft.Storage/storageAccounts","location":"westus","tags":{},"properties":{"networkAcls":{"bypass":"AzureServices","virtualNetworkRules":[],"ipRules":[],"defaultAction":"Allow"},"supportsHttpsTrafficOnly":false,"encryption":{"services":{"file":{"enabled":true,"lastEnabledTime":"2019-04-10T05:32:04.0747702Z"},"blob":{"enabled":true,"lastEnabledTime":"2019-04-10T05:32:04.0747702Z"}},"keySource":"Microsoft.Storage"},"provisioningState":"Succeeded","creationTime":"2019-04-10T05:32:03.9654455Z","primaryEndpoints":{"blob":"https://tianotest133.blob.core.windows.net/","queue":"https://tianotest133.queue.core.windows.net/","table":"https://tianotest133.table.core.windows.net/","file":"https://tianotest133.file.core.windows.net/"},"primaryLocation":"westus","statusOfPrimary":"available"}}]}'
    headers:
      cache-control:
      - no-cache
      content-length:
      - '30677'
      content-type:
      - application/json; charset=utf-8
      date:
      - Sat, 12 Oct 2019 23:07:42 GMT
      expires:
      - '-1'
      pragma:
      - no-cache
      strict-transport-security:
      - max-age=31536000; includeSubDomains
      vary:
      - Accept-Encoding
      x-content-type-options:
      - nosniff
      x-ms-original-request-ids:
      - 376aa3ef-6289-4a8d-a8a8-69e72c5bba3c
      - bd195f40-357d-4770-8e46-5e6e57587478
    status:
      code: 200
      message: OK
- request:
    body: 'b''b\''{"properties": {"template": {"$schema": "https://schema.management.azure.com/schemas/2015-01-01/deploymentTemplate.json#",
      "contentVersion": "1.0.0.0", "parameters": {"adminPassword": {"type": "securestring",
      "metadata": {"description": "Secure adminPassword"}}}, "variables": {}, "resources":
      [{"type": "Microsoft.Network/networkSecurityGroups", "name": "myvm2NSG", "apiVersion":
      "2015-06-15", "location": "westus", "tags": {}, "dependsOn": [], "properties":
      {"securityRules": [{"name": "default-allow-ssh", "properties": {"protocol":
      "Tcp", "sourcePortRange": "*", "destinationPortRange": "22", "sourceAddressPrefix":
      "*", "destinationAddressPrefix": "*", "access": "Allow", "priority": 1000, "direction":
      "Inbound"}}]}}, {"apiVersion": "2018-01-01", "type": "Microsoft.Network/publicIPAddresses",
      "name": "myvm2PublicIP", "location": "westus", "tags": {}, "dependsOn": [],
      "properties": {"publicIPAllocationMethod": null}}, {"apiVersion": "2015-06-15",
      "type": "Microsoft.Network/networkInterfaces", "name": "myvm2VMNic", "location":
      "westus", "tags": {}, "dependsOn": ["Microsoft.Network/networkSecurityGroups/myvm2NSG",
      "Microsoft.Network/publicIpAddresses/myvm2PublicIP"], "properties": {"ipConfigurations":
      [{"name": "ipconfigmyvm2", "properties": {"privateIPAllocationMethod": "Dynamic",
      "subnet": {"id": "/subscriptions/00000000-0000-0000-0000-000000000000/resourceGroups/cli_test_vm_diagnostics000001/providers/Microsoft.Network/virtualNetworks/myvmVNET/subnets/myvmSubnet"},
      "publicIPAddress": {"id": "/subscriptions/00000000-0000-0000-0000-000000000000/resourceGroups/cli_test_vm_diagnostics000001/providers/Microsoft.Network/publicIPAddresses/myvm2PublicIP"}}}],
      "networkSecurityGroup": {"id": "/subscriptions/00000000-0000-0000-0000-000000000000/resourceGroups/cli_test_vm_diagnostics000001/providers/Microsoft.Network/networkSecurityGroups/myvm2NSG"}}},
      {"apiVersion": "2019-03-01", "type": "Microsoft.Compute/virtualMachines", "name":
      "myvm2", "location": "westus", "tags": {}, "dependsOn": ["Microsoft.Network/networkInterfaces/myvm2VMNic"],
      "properties": {"hardwareProfile": {"vmSize": "Standard_DS1_v2"}, "networkProfile":
      {"networkInterfaces": [{"id": "/subscriptions/00000000-0000-0000-0000-000000000000/resourceGroups/cli_test_vm_diagnostics000001/providers/Microsoft.Network/networkInterfaces/myvm2VMNic"}]},
      "storageProfile": {"osDisk": {"createOption": "fromImage", "name": null, "caching":
      "ReadWrite", "managedDisk": {"storageAccountType": null}}, "imageReference":
      {"publisher": "Debian", "offer": "debian-10", "sku": "10", "version": "latest"}},
      "osProfile": {"computerName": "myvm2", "adminUsername": "user11", "adminPassword":
      "[parameters(\\\''adminPassword\\\'')]"}, "diagnosticsProfile": {"bootDiagnostics":
      {"enabled": true, "storageUri": "https://clitestbootdiag000002.blob.core.windows.net/"}}}}],
      "outputs": {}}, "parameters": {"adminPassword": {"value": "testPassword0"}},
      "mode": "Incremental"}}\'''''
    headers:
      Accept:
      - application/json
      Accept-Encoding:
      - gzip, deflate
      CommandName:
      - vm create
      Connection:
      - keep-alive
      Content-Length:
      - '3114'
      Content-Type:
      - application/json; charset=utf-8
      ParameterSetName:
      - -g -n --image --admin-username --admin-password --boot-diagnostics-storage
      User-Agent:
      - python/3.6.5 (Windows-10-10.0.17134-SP0) msrest/0.6.10 msrest_azure/0.6.2
        azure-mgmt-resource/4.0.0 Azure-SDK-For-Python AZURECLI/2.0.74
      accept-language:
      - en-US
    method: PUT
    uri: https://management.azure.com/subscriptions/00000000-0000-0000-0000-000000000000/resourcegroups/cli_test_vm_diagnostics000001/providers/Microsoft.Resources/deployments/mock-deployment?api-version=2019-07-01
  response:
    body:
      string: '{"id":"/subscriptions/00000000-0000-0000-0000-000000000000/resourceGroups/cli_test_vm_diagnostics000001/providers/Microsoft.Resources/deployments/vm_deploy_KFBAUcbSk4rz9Am3HiPYCM9T15x3usiF","name":"vm_deploy_KFBAUcbSk4rz9Am3HiPYCM9T15x3usiF","type":"Microsoft.Resources/deployments","properties":{"templateHash":"9217112929146510119","parameters":{"adminPassword":{"type":"SecureString"}},"mode":"Incremental","provisioningState":"Accepted","timestamp":"2019-10-12T23:07:43.0696571Z","duration":"PT0.2318118S","correlationId":"4e861f1d-483d-4bb8-ba9e-d3c23bca6dba","providers":[{"namespace":"Microsoft.Network","resourceTypes":[{"resourceType":"networkSecurityGroups","locations":["westus"]},{"resourceType":"publicIPAddresses","locations":["westus"]},{"resourceType":"networkInterfaces","locations":["westus"]}]},{"namespace":"Microsoft.Compute","resourceTypes":[{"resourceType":"virtualMachines","locations":["westus"]}]}],"dependencies":[{"dependsOn":[{"id":"/subscriptions/00000000-0000-0000-0000-000000000000/resourceGroups/cli_test_vm_diagnostics000001/providers/Microsoft.Network/networkSecurityGroups/myvm2NSG","resourceType":"Microsoft.Network/networkSecurityGroups","resourceName":"myvm2NSG"},{"id":"/subscriptions/00000000-0000-0000-0000-000000000000/resourceGroups/cli_test_vm_diagnostics000001/providers/Microsoft.Network/publicIPAddresses/myvm2PublicIP","resourceType":"Microsoft.Network/publicIPAddresses","resourceName":"myvm2PublicIP"}],"id":"/subscriptions/00000000-0000-0000-0000-000000000000/resourceGroups/cli_test_vm_diagnostics000001/providers/Microsoft.Network/networkInterfaces/myvm2VMNic","resourceType":"Microsoft.Network/networkInterfaces","resourceName":"myvm2VMNic"},{"dependsOn":[{"id":"/subscriptions/00000000-0000-0000-0000-000000000000/resourceGroups/cli_test_vm_diagnostics000001/providers/Microsoft.Network/networkInterfaces/myvm2VMNic","resourceType":"Microsoft.Network/networkInterfaces","resourceName":"myvm2VMNic"}],"id":"/subscriptions/00000000-0000-0000-0000-000000000000/resourceGroups/cli_test_vm_diagnostics000001/providers/Microsoft.Compute/virtualMachines/myvm2","resourceType":"Microsoft.Compute/virtualMachines","resourceName":"myvm2"}]}}'
    headers:
      azure-asyncoperation:
      - https://management.azure.com/subscriptions/00000000-0000-0000-0000-000000000000/resourcegroups/cli_test_vm_diagnostics000001/providers/Microsoft.Resources/deployments/vm_deploy_KFBAUcbSk4rz9Am3HiPYCM9T15x3usiF/operationStatuses/08586306852226397815?api-version=2019-07-01
      cache-control:
      - no-cache
      content-length:
      - '2463'
      content-type:
      - application/json; charset=utf-8
      date:
      - Sat, 12 Oct 2019 23:07:42 GMT
      expires:
      - '-1'
      pragma:
      - no-cache
      strict-transport-security:
      - max-age=31536000; includeSubDomains
      x-content-type-options:
      - nosniff
      x-ms-ratelimit-remaining-subscription-writes:
      - '1197'
    status:
      code: 201
      message: Created
- request:
    body: null
    headers:
      Accept:
      - application/json
      Accept-Encoding:
      - gzip, deflate
      CommandName:
      - vm create
      Connection:
      - keep-alive
      ParameterSetName:
      - -g -n --image --admin-username --admin-password --boot-diagnostics-storage
      User-Agent:
      - python/3.6.5 (Windows-10-10.0.17134-SP0) msrest/0.6.10 msrest_azure/0.6.2
        azure-mgmt-resource/4.0.0 Azure-SDK-For-Python AZURECLI/2.0.74
    method: GET
    uri: https://management.azure.com/subscriptions/00000000-0000-0000-0000-000000000000/resourcegroups/cli_test_vm_diagnostics000001/providers/Microsoft.Resources/deployments/mock-deployment/operationStatuses/08586306852226397815?api-version=2019-07-01
  response:
    body:
      string: '{"status":"Running"}'
    headers:
      cache-control:
      - no-cache
      content-length:
      - '20'
      content-type:
      - application/json; charset=utf-8
      date:
      - Sat, 12 Oct 2019 23:08:12 GMT
      expires:
      - '-1'
      pragma:
      - no-cache
      strict-transport-security:
      - max-age=31536000; includeSubDomains
      vary:
      - Accept-Encoding
      x-content-type-options:
      - nosniff
    status:
      code: 200
      message: OK
- request:
    body: null
    headers:
      Accept:
      - application/json
      Accept-Encoding:
      - gzip, deflate
      CommandName:
      - vm create
      Connection:
      - keep-alive
      ParameterSetName:
      - -g -n --image --admin-username --admin-password --boot-diagnostics-storage
      User-Agent:
      - python/3.6.5 (Windows-10-10.0.17134-SP0) msrest/0.6.10 msrest_azure/0.6.2
        azure-mgmt-resource/4.0.0 Azure-SDK-For-Python AZURECLI/2.0.74
    method: GET
    uri: https://management.azure.com/subscriptions/00000000-0000-0000-0000-000000000000/resourcegroups/cli_test_vm_diagnostics000001/providers/Microsoft.Resources/deployments/mock-deployment/operationStatuses/08586306852226397815?api-version=2019-07-01
  response:
    body:
      string: '{"status":"Succeeded"}'
    headers:
      cache-control:
      - no-cache
      content-length:
      - '22'
      content-type:
      - application/json; charset=utf-8
      date:
      - Sat, 12 Oct 2019 23:08:42 GMT
      expires:
      - '-1'
      pragma:
      - no-cache
      strict-transport-security:
      - max-age=31536000; includeSubDomains
      vary:
      - Accept-Encoding
      x-content-type-options:
      - nosniff
    status:
      code: 200
      message: OK
- request:
    body: null
    headers:
      Accept:
      - application/json
      Accept-Encoding:
      - gzip, deflate
      CommandName:
      - vm create
      Connection:
      - keep-alive
      ParameterSetName:
      - -g -n --image --admin-username --admin-password --boot-diagnostics-storage
      User-Agent:
      - python/3.6.5 (Windows-10-10.0.17134-SP0) msrest/0.6.10 msrest_azure/0.6.2
        azure-mgmt-resource/4.0.0 Azure-SDK-For-Python AZURECLI/2.0.74
    method: GET
    uri: https://management.azure.com/subscriptions/00000000-0000-0000-0000-000000000000/resourcegroups/cli_test_vm_diagnostics000001/providers/Microsoft.Resources/deployments/mock-deployment?api-version=2019-07-01
  response:
    body:
      string: '{"id":"/subscriptions/00000000-0000-0000-0000-000000000000/resourceGroups/cli_test_vm_diagnostics000001/providers/Microsoft.Resources/deployments/vm_deploy_KFBAUcbSk4rz9Am3HiPYCM9T15x3usiF","name":"vm_deploy_KFBAUcbSk4rz9Am3HiPYCM9T15x3usiF","type":"Microsoft.Resources/deployments","properties":{"templateHash":"9217112929146510119","parameters":{"adminPassword":{"type":"SecureString"}},"mode":"Incremental","provisioningState":"Succeeded","timestamp":"2019-10-12T23:08:36.7481485Z","duration":"PT53.9103032S","correlationId":"4e861f1d-483d-4bb8-ba9e-d3c23bca6dba","providers":[{"namespace":"Microsoft.Network","resourceTypes":[{"resourceType":"networkSecurityGroups","locations":["westus"]},{"resourceType":"publicIPAddresses","locations":["westus"]},{"resourceType":"networkInterfaces","locations":["westus"]}]},{"namespace":"Microsoft.Compute","resourceTypes":[{"resourceType":"virtualMachines","locations":["westus"]}]}],"dependencies":[{"dependsOn":[{"id":"/subscriptions/00000000-0000-0000-0000-000000000000/resourceGroups/cli_test_vm_diagnostics000001/providers/Microsoft.Network/networkSecurityGroups/myvm2NSG","resourceType":"Microsoft.Network/networkSecurityGroups","resourceName":"myvm2NSG"},{"id":"/subscriptions/00000000-0000-0000-0000-000000000000/resourceGroups/cli_test_vm_diagnostics000001/providers/Microsoft.Network/publicIPAddresses/myvm2PublicIP","resourceType":"Microsoft.Network/publicIPAddresses","resourceName":"myvm2PublicIP"}],"id":"/subscriptions/00000000-0000-0000-0000-000000000000/resourceGroups/cli_test_vm_diagnostics000001/providers/Microsoft.Network/networkInterfaces/myvm2VMNic","resourceType":"Microsoft.Network/networkInterfaces","resourceName":"myvm2VMNic"},{"dependsOn":[{"id":"/subscriptions/00000000-0000-0000-0000-000000000000/resourceGroups/cli_test_vm_diagnostics000001/providers/Microsoft.Network/networkInterfaces/myvm2VMNic","resourceType":"Microsoft.Network/networkInterfaces","resourceName":"myvm2VMNic"}],"id":"/subscriptions/00000000-0000-0000-0000-000000000000/resourceGroups/cli_test_vm_diagnostics000001/providers/Microsoft.Compute/virtualMachines/myvm2","resourceType":"Microsoft.Compute/virtualMachines","resourceName":"myvm2"}],"outputs":{},"outputResources":[{"id":"/subscriptions/00000000-0000-0000-0000-000000000000/resourceGroups/cli_test_vm_diagnostics000001/providers/Microsoft.Compute/virtualMachines/myvm2"},{"id":"/subscriptions/00000000-0000-0000-0000-000000000000/resourceGroups/cli_test_vm_diagnostics000001/providers/Microsoft.Network/networkInterfaces/myvm2VMNic"},{"id":"/subscriptions/00000000-0000-0000-0000-000000000000/resourceGroups/cli_test_vm_diagnostics000001/providers/Microsoft.Network/networkSecurityGroups/myvm2NSG"},{"id":"/subscriptions/00000000-0000-0000-0000-000000000000/resourceGroups/cli_test_vm_diagnostics000001/providers/Microsoft.Network/publicIPAddresses/myvm2PublicIP"}]}}'
    headers:
      cache-control:
      - no-cache
      content-length:
      - '3332'
      content-type:
      - application/json; charset=utf-8
      date:
      - Sat, 12 Oct 2019 23:08:42 GMT
      expires:
      - '-1'
      pragma:
      - no-cache
      strict-transport-security:
      - max-age=31536000; includeSubDomains
      vary:
      - Accept-Encoding
      x-content-type-options:
      - nosniff
    status:
      code: 200
      message: OK
- request:
    body: null
    headers:
      Accept:
      - application/json
      Accept-Encoding:
      - gzip, deflate
      CommandName:
      - vm create
      Connection:
      - keep-alive
      ParameterSetName:
      - -g -n --image --admin-username --admin-password --boot-diagnostics-storage
      User-Agent:
      - python/3.6.5 (Windows-10-10.0.17134-SP0) msrest/0.6.10 msrest_azure/0.6.2
        azure-mgmt-compute/8.0.0 Azure-SDK-For-Python AZURECLI/2.0.74
      accept-language:
      - en-US
    method: GET
    uri: https://management.azure.com/subscriptions/00000000-0000-0000-0000-000000000000/resourceGroups/cli_test_vm_diagnostics000001/providers/Microsoft.Compute/virtualMachines/myvm2?$expand=instanceView&api-version=2019-03-01
  response:
    body:
      string: "{\r\n  \"name\": \"myvm2\",\r\n  \"id\": \"/subscriptions/00000000-0000-0000-0000-000000000000/resourceGroups/cli_test_vm_diagnostics000001/providers/Microsoft.Compute/virtualMachines/myvm2\",\r\n
        \ \"type\": \"Microsoft.Compute/virtualMachines\",\r\n  \"location\": \"westus\",\r\n
        \ \"tags\": {},\r\n  \"properties\": {\r\n    \"vmId\": \"2fbc3a47-ef70-4af7-a1e7-a1c753522e60\",\r\n
        \   \"hardwareProfile\": {\r\n      \"vmSize\": \"Standard_DS1_v2\"\r\n    },\r\n
        \   \"storageProfile\": {\r\n      \"imageReference\": {\r\n        \"publisher\":
        \"Debian\",\r\n        \"offer\": \"debian-10\",\r\n        \"sku\": \"10\",\r\n
        \       \"version\": \"latest\"\r\n      },\r\n      \"osDisk\": {\r\n        \"osType\":
        \"Linux\",\r\n        \"name\": \"myvm2_OsDisk_1_15f6f9dd3a20431a93e4824fac5e9e86\",\r\n
        \       \"createOption\": \"FromImage\",\r\n        \"caching\": \"ReadWrite\",\r\n
        \       \"managedDisk\": {\r\n          \"storageAccountType\": \"Premium_LRS\",\r\n
        \         \"id\": \"/subscriptions/00000000-0000-0000-0000-000000000000/resourceGroups/cli_test_vm_diagnostics000001/providers/Microsoft.Compute/disks/myvm2_OsDisk_1_15f6f9dd3a20431a93e4824fac5e9e86\"\r\n
        \       },\r\n        \"diskSizeGB\": 30\r\n      },\r\n      \"dataDisks\":
        []\r\n    },\r\n    \"osProfile\": {\r\n      \"computerName\": \"myvm2\",\r\n
        \     \"adminUsername\": \"user11\",\r\n      \"linuxConfiguration\": {\r\n
        \       \"disablePasswordAuthentication\": false,\r\n        \"provisionVMAgent\":
        true\r\n      },\r\n      \"secrets\": [],\r\n      \"allowExtensionOperations\":
        true,\r\n      \"requireGuestProvisionSignal\": true\r\n    },\r\n    \"networkProfile\":
        {\"networkInterfaces\":[{\"id\":\"/subscriptions/00000000-0000-0000-0000-000000000000/resourceGroups/cli_test_vm_diagnostics000001/providers/Microsoft.Network/networkInterfaces/myvm2VMNic\"}]},\r\n
        \   \"diagnosticsProfile\": {\r\n      \"bootDiagnostics\": {\r\n        \"enabled\":
        true,\r\n        \"storageUri\": \"https://clitestbootdiag000002.blob.core.windows.net/\"\r\n
        \     }\r\n    },\r\n    \"provisioningState\": \"Succeeded\",\r\n    \"instanceView\":
        {\r\n      \"computerName\": \"myvm2\",\r\n      \"osName\": \"debian\",\r\n
        \     \"osVersion\": \"10.1\",\r\n      \"vmAgent\": {\r\n        \"vmAgentVersion\":
        \"2.2.34\",\r\n        \"statuses\": [\r\n          {\r\n            \"code\":
        \"ProvisioningState/succeeded\",\r\n            \"level\": \"Info\",\r\n            \"displayStatus\":
        \"Ready\",\r\n            \"message\": \"Guest Agent is running\",\r\n            \"time\":
        \"2019-10-12T23:08:41+00:00\"\r\n          }\r\n        ],\r\n        \"extensionHandlers\":
        []\r\n      },\r\n      \"disks\": [\r\n        {\r\n          \"name\": \"myvm2_OsDisk_1_15f6f9dd3a20431a93e4824fac5e9e86\",\r\n
        \         \"statuses\": [\r\n            {\r\n              \"code\": \"ProvisioningState/succeeded\",\r\n
        \             \"level\": \"Info\",\r\n              \"displayStatus\": \"Provisioning
        succeeded\",\r\n              \"time\": \"2019-10-12T23:07:50.4220883+00:00\"\r\n
        \           }\r\n          ]\r\n        }\r\n      ],\r\n      \"bootDiagnostics\":
        {\r\n        \"consoleScreenshotBlobUri\": \"https://clitestbootdiag000002.blob.core.windows.net/bootdiagnostics-myvm2-2fbc3a47-ef70-4af7-a1e7-a1c753522e60/myvm2.2fbc3a47-ef70-4af7-a1e7-a1c753522e60.screenshot.bmp\",\r\n
        \       \"serialConsoleLogBlobUri\": \"https://clitestbootdiag000002.blob.core.windows.net/bootdiagnostics-myvm2-2fbc3a47-ef70-4af7-a1e7-a1c753522e60/myvm2.2fbc3a47-ef70-4af7-a1e7-a1c753522e60.serialconsole.log\"\r\n
        \     },\r\n      \"hyperVGeneration\": \"V1\",\r\n      \"statuses\": [\r\n
        \       {\r\n          \"code\": \"ProvisioningState/succeeded\",\r\n          \"level\":
        \"Info\",\r\n          \"displayStatus\": \"Provisioning succeeded\",\r\n
        \         \"time\": \"2019-10-12T23:08:34.1894203+00:00\"\r\n        },\r\n
        \       {\r\n          \"code\": \"PowerState/running\",\r\n          \"level\":
        \"Info\",\r\n          \"displayStatus\": \"VM running\"\r\n        }\r\n
        \     ]\r\n    }\r\n  }\r\n}"
    headers:
      cache-control:
      - no-cache
      content-length:
      - '3780'
      content-type:
      - application/json; charset=utf-8
      date:
      - Sat, 12 Oct 2019 23:08:42 GMT
      expires:
      - '-1'
      pragma:
      - no-cache
      server:
      - Microsoft-HTTPAPI/2.0
      - Microsoft-HTTPAPI/2.0
      strict-transport-security:
      - max-age=31536000; includeSubDomains
      transfer-encoding:
      - chunked
      vary:
      - Accept-Encoding
      x-content-type-options:
      - nosniff
      x-ms-ratelimit-remaining-resource:
      - Microsoft.Compute/LowCostGet3Min;3977,Microsoft.Compute/LowCostGet30Min;31874
    status:
      code: 200
      message: OK
- request:
    body: null
    headers:
      Accept:
      - application/json
      Accept-Encoding:
      - gzip, deflate
      CommandName:
      - vm create
      Connection:
      - keep-alive
      ParameterSetName:
      - -g -n --image --admin-username --admin-password --boot-diagnostics-storage
      User-Agent:
      - python/3.6.5 (Windows-10-10.0.17134-SP0) msrest/0.6.10 msrest_azure/0.6.2
        azure-mgmt-network/4.0.0 Azure-SDK-For-Python AZURECLI/2.0.74
      accept-language:
      - en-US
    method: GET
    uri: https://management.azure.com/subscriptions/00000000-0000-0000-0000-000000000000/resourceGroups/cli_test_vm_diagnostics000001/providers/Microsoft.Network/networkInterfaces/myvm2VMNic?api-version=2018-01-01
  response:
    body:
      string: "{\r\n  \"name\": \"myvm2VMNic\",\r\n  \"id\": \"/subscriptions/00000000-0000-0000-0000-000000000000/resourceGroups/cli_test_vm_diagnostics000001/providers/Microsoft.Network/networkInterfaces/myvm2VMNic\",\r\n
        \ \"etag\": \"W/\\\"5eeb7b30-c5f2-48be-ba18-873a2307f24b\\\"\",\r\n  \"location\":
        \"westus\",\r\n  \"tags\": {},\r\n  \"properties\": {\r\n    \"provisioningState\":
        \"Succeeded\",\r\n    \"resourceGuid\": \"429deb73-a124-4552-9bb9-4981be14e0fa\",\r\n
        \   \"ipConfigurations\": [\r\n      {\r\n        \"name\": \"ipconfigmyvm2\",\r\n
        \       \"id\": \"/subscriptions/00000000-0000-0000-0000-000000000000/resourceGroups/cli_test_vm_diagnostics000001/providers/Microsoft.Network/networkInterfaces/myvm2VMNic/ipConfigurations/ipconfigmyvm2\",\r\n
        \       \"etag\": \"W/\\\"5eeb7b30-c5f2-48be-ba18-873a2307f24b\\\"\",\r\n
        \       \"type\": \"Microsoft.Network/networkInterfaces/ipConfigurations\",\r\n
        \       \"properties\": {\r\n          \"provisioningState\": \"Succeeded\",\r\n
        \         \"privateIPAddress\": \"10.0.0.5\",\r\n          \"privateIPAllocationMethod\":
        \"Dynamic\",\r\n          \"publicIPAddress\": {\r\n            \"id\": \"/subscriptions/00000000-0000-0000-0000-000000000000/resourceGroups/cli_test_vm_diagnostics000001/providers/Microsoft.Network/publicIPAddresses/myvm2PublicIP\"\r\n
        \         },\r\n          \"subnet\": {\r\n            \"id\": \"/subscriptions/00000000-0000-0000-0000-000000000000/resourceGroups/cli_test_vm_diagnostics000001/providers/Microsoft.Network/virtualNetworks/myvmVNET/subnets/myvmSubnet\"\r\n
        \         },\r\n          \"primary\": true,\r\n          \"privateIPAddressVersion\":
        \"IPv4\"\r\n        }\r\n      }\r\n    ],\r\n    \"dnsSettings\": {\r\n      \"dnsServers\":
        [],\r\n      \"appliedDnsServers\": [],\r\n      \"internalDomainNameSuffix\":
        \"lm0h0qjdlk2ufidr5ouo0dw45b.dx.internal.cloudapp.net\"\r\n    },\r\n    \"macAddress\":
        \"00-0D-3A-37-C7-3C\",\r\n    \"enableAcceleratedNetworking\": false,\r\n
        \   \"enableIPForwarding\": false,\r\n    \"networkSecurityGroup\": {\r\n
        \     \"id\": \"/subscriptions/00000000-0000-0000-0000-000000000000/resourceGroups/cli_test_vm_diagnostics000001/providers/Microsoft.Network/networkSecurityGroups/myvm2NSG\"\r\n
        \   },\r\n    \"primary\": true,\r\n    \"virtualMachine\": {\r\n      \"id\":
        \"/subscriptions/00000000-0000-0000-0000-000000000000/resourceGroups/cli_test_vm_diagnostics000001/providers/Microsoft.Compute/virtualMachines/myvm2\"\r\n
        \   }\r\n  },\r\n  \"type\": \"Microsoft.Network/networkInterfaces\"\r\n}"
    headers:
      cache-control:
      - no-cache
      content-length:
      - '2586'
      content-type:
      - application/json; charset=utf-8
      date:
      - Sat, 12 Oct 2019 23:08:43 GMT
      etag:
      - W/"5eeb7b30-c5f2-48be-ba18-873a2307f24b"
      expires:
      - '-1'
      pragma:
      - no-cache
      server:
      - Microsoft-HTTPAPI/2.0
      - Microsoft-HTTPAPI/2.0
      strict-transport-security:
      - max-age=31536000; includeSubDomains
      transfer-encoding:
      - chunked
      vary:
      - Accept-Encoding
      x-content-type-options:
      - nosniff
      x-ms-arm-service-request-id:
      - dc740338-5f3f-4b2f-8f8f-9175661a5012
    status:
      code: 200
      message: OK
- request:
    body: null
    headers:
      Accept:
      - application/json
      Accept-Encoding:
      - gzip, deflate
      CommandName:
      - vm create
      Connection:
      - keep-alive
      ParameterSetName:
      - -g -n --image --admin-username --admin-password --boot-diagnostics-storage
      User-Agent:
      - python/3.6.5 (Windows-10-10.0.17134-SP0) msrest/0.6.10 msrest_azure/0.6.2
        azure-mgmt-network/4.0.0 Azure-SDK-For-Python AZURECLI/2.0.74
      accept-language:
      - en-US
    method: GET
    uri: https://management.azure.com/subscriptions/00000000-0000-0000-0000-000000000000/resourceGroups/cli_test_vm_diagnostics000001/providers/Microsoft.Network/publicIPAddresses/myvm2PublicIP?api-version=2018-01-01
  response:
    body:
      string: "{\r\n  \"name\": \"myvm2PublicIP\",\r\n  \"id\": \"/subscriptions/00000000-0000-0000-0000-000000000000/resourceGroups/cli_test_vm_diagnostics000001/providers/Microsoft.Network/publicIPAddresses/myvm2PublicIP\",\r\n
        \ \"etag\": \"W/\\\"d84b7902-1b7c-436b-9a7b-78083dff9263\\\"\",\r\n  \"location\":
        \"westus\",\r\n  \"tags\": {},\r\n  \"properties\": {\r\n    \"provisioningState\":
        \"Succeeded\",\r\n    \"resourceGuid\": \"515b8bfd-8567-4f42-9b79-22a8588cd2b2\",\r\n
        \   \"ipAddress\": \"104.45.233.135\",\r\n    \"publicIPAddressVersion\":
        \"IPv4\",\r\n    \"publicIPAllocationMethod\": \"Dynamic\",\r\n    \"idleTimeoutInMinutes\":
        4,\r\n    \"ipTags\": [],\r\n    \"ipConfiguration\": {\r\n      \"id\": \"/subscriptions/00000000-0000-0000-0000-000000000000/resourceGroups/cli_test_vm_diagnostics000001/providers/Microsoft.Network/networkInterfaces/myvm2VMNic/ipConfigurations/ipconfigmyvm2\"\r\n
        \   }\r\n  },\r\n  \"type\": \"Microsoft.Network/publicIPAddresses\",\r\n
        \ \"sku\": {\r\n    \"name\": \"Basic\",\r\n    \"tier\": \"Regional\"\r\n
        \ }\r\n}"
    headers:
      cache-control:
      - no-cache
      content-length:
      - '1031'
      content-type:
      - application/json; charset=utf-8
      date:
      - Sat, 12 Oct 2019 23:08:43 GMT
      etag:
      - W/"d84b7902-1b7c-436b-9a7b-78083dff9263"
      expires:
      - '-1'
      pragma:
      - no-cache
      server:
      - Microsoft-HTTPAPI/2.0
      - Microsoft-HTTPAPI/2.0
      strict-transport-security:
      - max-age=31536000; includeSubDomains
      transfer-encoding:
      - chunked
      vary:
      - Accept-Encoding
      x-content-type-options:
      - nosniff
      x-ms-arm-service-request-id:
      - 553decc9-ba72-4857-ae60-9cea5b834e79
    status:
      code: 200
      message: OK
- request:
    body: null
    headers:
      Accept:
      - application/json
      Accept-Encoding:
      - gzip, deflate
      CommandName:
      - vm show
      Connection:
      - keep-alive
      ParameterSetName:
      - -g -n
      User-Agent:
      - python/3.6.5 (Windows-10-10.0.17134-SP0) msrest/0.6.10 msrest_azure/0.6.2
        azure-mgmt-compute/8.0.0 Azure-SDK-For-Python AZURECLI/2.0.74
      accept-language:
      - en-US
    method: GET
    uri: https://management.azure.com/subscriptions/00000000-0000-0000-0000-000000000000/resourceGroups/cli_test_vm_diagnostics000001/providers/Microsoft.Compute/virtualMachines/myvm2?api-version=2019-03-01
  response:
    body:
      string: "{\r\n  \"name\": \"myvm2\",\r\n  \"id\": \"/subscriptions/00000000-0000-0000-0000-000000000000/resourceGroups/cli_test_vm_diagnostics000001/providers/Microsoft.Compute/virtualMachines/myvm2\",\r\n
        \ \"type\": \"Microsoft.Compute/virtualMachines\",\r\n  \"location\": \"westus\",\r\n
        \ \"tags\": {},\r\n  \"properties\": {\r\n    \"vmId\": \"2fbc3a47-ef70-4af7-a1e7-a1c753522e60\",\r\n
        \   \"hardwareProfile\": {\r\n      \"vmSize\": \"Standard_DS1_v2\"\r\n    },\r\n
        \   \"storageProfile\": {\r\n      \"imageReference\": {\r\n        \"publisher\":
        \"Debian\",\r\n        \"offer\": \"debian-10\",\r\n        \"sku\": \"10\",\r\n
        \       \"version\": \"latest\"\r\n      },\r\n      \"osDisk\": {\r\n        \"osType\":
        \"Linux\",\r\n        \"name\": \"myvm2_OsDisk_1_15f6f9dd3a20431a93e4824fac5e9e86\",\r\n
        \       \"createOption\": \"FromImage\",\r\n        \"caching\": \"ReadWrite\",\r\n
        \       \"managedDisk\": {\r\n          \"storageAccountType\": \"Premium_LRS\",\r\n
        \         \"id\": \"/subscriptions/00000000-0000-0000-0000-000000000000/resourceGroups/cli_test_vm_diagnostics000001/providers/Microsoft.Compute/disks/myvm2_OsDisk_1_15f6f9dd3a20431a93e4824fac5e9e86\"\r\n
        \       },\r\n        \"diskSizeGB\": 30\r\n      },\r\n      \"dataDisks\":
        []\r\n    },\r\n    \"osProfile\": {\r\n      \"computerName\": \"myvm2\",\r\n
        \     \"adminUsername\": \"user11\",\r\n      \"linuxConfiguration\": {\r\n
        \       \"disablePasswordAuthentication\": false,\r\n        \"provisionVMAgent\":
        true\r\n      },\r\n      \"secrets\": [],\r\n      \"allowExtensionOperations\":
        true,\r\n      \"requireGuestProvisionSignal\": true\r\n    },\r\n    \"networkProfile\":
        {\"networkInterfaces\":[{\"id\":\"/subscriptions/00000000-0000-0000-0000-000000000000/resourceGroups/cli_test_vm_diagnostics000001/providers/Microsoft.Network/networkInterfaces/myvm2VMNic\"}]},\r\n
        \   \"diagnosticsProfile\": {\r\n      \"bootDiagnostics\": {\r\n        \"enabled\":
        true,\r\n        \"storageUri\": \"https://clitestbootdiag000002.blob.core.windows.net/\"\r\n
        \     }\r\n    },\r\n    \"provisioningState\": \"Succeeded\"\r\n  }\r\n}"
    headers:
      cache-control:
      - no-cache
      content-length:
      - '2022'
      content-type:
      - application/json; charset=utf-8
      date:
      - Sat, 12 Oct 2019 23:08:44 GMT
      expires:
      - '-1'
      pragma:
      - no-cache
      server:
      - Microsoft-HTTPAPI/2.0
      - Microsoft-HTTPAPI/2.0
      strict-transport-security:
      - max-age=31536000; includeSubDomains
      transfer-encoding:
      - chunked
      vary:
      - Accept-Encoding
      x-content-type-options:
      - nosniff
      x-ms-ratelimit-remaining-resource:
      - Microsoft.Compute/LowCostGet3Min;3976,Microsoft.Compute/LowCostGet30Min;31873
    status:
      code: 200
      message: OK
version: 1
