interactions:
- request:
    body: null
    headers:
      Accept:
      - application/json
      Accept-Encoding:
      - gzip, deflate
      CommandName:
      - identity create
      Connection:
      - keep-alive
      ParameterSetName:
      - -g -n
      User-Agent:
      - python/3.7.4 (Windows-10-10.0.18362-SP0) msrest/0.6.10 msrest_azure/0.6.3
        azure-mgmt-resource/9.0.0 Azure-SDK-For-Python AZURECLI/2.6.0
      accept-language:
      - en-US
    method: GET
    uri: https://management.azure.com/subscriptions/00000000-0000-0000-0000-000000000000/resourcegroups/img_tmpl_sig000001?api-version=2019-07-01
  response:
    body:
      string: '{"id":"/subscriptions/00000000-0000-0000-0000-000000000000/resourceGroups/img_tmpl_sig000001","name":"img_tmpl_sig000001","type":"Microsoft.Resources/resourceGroups","location":"westus","tags":{"product":"azurecli","cause":"automation","date":"2020-05-28T09:32:01Z"},"properties":{"provisioningState":"Succeeded"}}'
    headers:
      cache-control:
      - no-cache
      content-length:
      - '428'
      content-type:
      - application/json; charset=utf-8
      date:
      - Thu, 28 May 2020 09:32:06 GMT
      expires:
      - '-1'
      pragma:
      - no-cache
      strict-transport-security:
      - max-age=31536000; includeSubDomains
      vary:
      - Accept-Encoding
      x-content-type-options:
      - nosniff
    status:
      code: 200
      message: OK
- request:
    body: '{"location": "westus"}'
    headers:
      Accept:
      - application/json
      Accept-Encoding:
      - gzip, deflate
      CommandName:
      - identity create
      Connection:
      - keep-alive
      Content-Length:
      - '22'
      Content-Type:
      - application/json; charset=utf-8
      ParameterSetName:
      - -g -n
      User-Agent:
      - python/3.7.4 (Windows-10-10.0.18362-SP0) msrest/0.6.10 msrest_azure/0.6.3
        azure-mgmt-msi/0.2.0 Azure-SDK-For-Python AZURECLI/2.6.0
      accept-language:
      - en-US
    method: PUT
    uri: https://management.azure.com/subscriptions/00000000-0000-0000-0000-000000000000/resourceGroups/img_tmpl_sig000001/providers/Microsoft.ManagedIdentity/userAssignedIdentities/ide1?api-version=2015-08-31-preview
  response:
    body:
      string: '{"id":"/subscriptions/00000000-0000-0000-0000-000000000000/resourcegroups/img_tmpl_sig000001/providers/Microsoft.ManagedIdentity/userAssignedIdentities/ide1","name":"ide1","type":"Microsoft.ManagedIdentity/userAssignedIdentities","location":"westus","tags":{},"properties":{"tenantId":"72f988bf-86f1-41af-91ab-2d7cd011db47","principalId":"24663d10-0e2a-4774-ad7c-510131dd08c0","clientId":"261838fc-0d73-477b-8c2a-c5c6258295f3","clientSecretUrl":"https://control-westus.identity.azure.net/subscriptions/00000000-0000-0000-0000-000000000000/resourcegroups/img_tmpl_sig000001/providers/Microsoft.ManagedIdentity/userAssignedIdentities/ide1/credentials?tid=72f988bf-86f1-41af-91ab-2d7cd011db47&oid=24663d10-0e2a-4774-ad7c-510131dd08c0&aid=261838fc-0d73-477b-8c2a-c5c6258295f3"}}'
    headers:
      cache-control:
      - no-cache
      content-length:
      - '888'
      content-type:
      - application/json; charset=utf-8
      date:
      - Thu, 28 May 2020 09:32:13 GMT
      expires:
      - '-1'
      location:
      - /subscriptions/00000000-0000-0000-0000-000000000000/resourcegroups/img_tmpl_sig000001/providers/Microsoft.ManagedIdentity/userAssignedIdentities/ide1
      pragma:
      - no-cache
      server:
      - Microsoft-HTTPAPI/2.0
      strict-transport-security:
      - max-age=31536000; includeSubDomains
      x-content-type-options:
      - nosniff
      x-ms-ratelimit-remaining-subscription-writes:
      - '1197'
    status:
      code: 201
      message: Created
- request:
    body: null
    headers:
      Accept:
      - application/json
      Accept-Encoding:
      - gzip, deflate
      CommandName:
      - role assignment create
      Connection:
      - keep-alive
      ParameterSetName:
      - --assignee --role --scope
      User-Agent:
      - python/3.7.4 (Windows-10-10.0.18362-SP0) msrest/0.6.10 msrest_azure/0.6.3
        azure-mgmt-authorization/0.52.0 Azure-SDK-For-Python AZURECLI/2.6.0
      accept-language:
      - en-US
    method: GET
    uri: https://management.azure.com/subscriptions/00000000-0000-0000-0000-000000000000/resourceGroups/img_tmpl_sig000001/providers/Microsoft.Authorization/roleDefinitions?$filter=roleName%20eq%20%27Contributor%27&api-version=2018-01-01-preview
  response:
    body:
      string: '{"value":[{"properties":{"roleName":"Contributor","type":"BuiltInRole","description":"Lets
        you manage everything except access to resources.","assignableScopes":["/"],"permissions":[{"actions":["*"],"notActions":["Microsoft.Authorization/*/Delete","Microsoft.Authorization/*/Write","Microsoft.Authorization/elevateAccess/Action","Microsoft.Blueprint/blueprintAssignments/write","Microsoft.Blueprint/blueprintAssignments/delete"],"dataActions":[],"notDataActions":[]}],"createdOn":"2015-02-02T21:55:09.8806423Z","updatedOn":"2019-02-05T21:24:38.4580610Z","createdBy":null,"updatedBy":null},"id":"/subscriptions/00000000-0000-0000-0000-000000000000/providers/Microsoft.Authorization/roleDefinitions/b24988ac-6180-42a0-ab88-20f7382dd24c","type":"Microsoft.Authorization/roleDefinitions","name":"b24988ac-6180-42a0-ab88-20f7382dd24c"}]}'
    headers:
      cache-control:
      - no-cache
      content-length:
      - '832'
      content-type:
      - application/json; charset=utf-8
      date:
      - Thu, 28 May 2020 09:33:00 GMT
      expires:
      - '-1'
      pragma:
      - no-cache
      set-cookie:
      - x-ms-gateway-slice=Production; path=/; SameSite=None; secure; HttpOnly
      strict-transport-security:
      - max-age=31536000; includeSubDomains
      transfer-encoding:
      - chunked
      vary:
      - Accept-Encoding
      x-content-type-options:
      - nosniff
    status:
      code: 200
      message: OK
- request:
    body: null
    headers:
      Accept:
      - application/json
      Accept-Encoding:
      - gzip, deflate
      CommandName:
      - role assignment create
      Connection:
      - keep-alive
      ParameterSetName:
      - --assignee --role --scope
      User-Agent:
      - python/3.7.4 (Windows-10-10.0.18362-SP0) msrest/0.6.10 msrest_azure/0.6.3
        azure-graphrbac/0.60.0 Azure-SDK-For-Python AZURECLI/2.6.0
      accept-language:
      - en-US
    method: GET
    uri: https://graph.windows.net/00000000-0000-0000-0000-000000000000/servicePrincipals?$filter=servicePrincipalNames%2Fany%28c%3Ac%20eq%20%27261838fc-0d73-477b-8c2a-c5c6258295f3%27%29&api-version=1.6
  response:
    body:
      string: '{"odata.metadata":"https://graph.windows.net/00000000-0000-0000-0000-000000000000/$metadata#directoryObjects","value":[{"odata.type":"Microsoft.DirectoryServices.ServicePrincipal","objectType":"ServicePrincipal","objectId":"24663d10-0e2a-4774-ad7c-510131dd08c0","deletionTimestamp":null,"accountEnabled":true,"addIns":[],"alternativeNames":["isExplicit=True","/subscriptions/00000000-0000-0000-0000-000000000000/resourcegroups/img_tmpl_sig000001/providers/Microsoft.ManagedIdentity/userAssignedIdentities/ide1"],"appDisplayName":null,"appId":"261838fc-0d73-477b-8c2a-c5c6258295f3","applicationTemplateId":null,"appOwnerTenantId":null,"appRoleAssignmentRequired":false,"appRoles":[],"displayName":"ide1","errorUrl":null,"homepage":null,"informationalUrls":null,"keyCredentials":[{"customKeyIdentifier":"0976B30A1AE443EC6537449E5785C3D48AEC8A5E","endDate":"2020-08-26T09:27:00Z","keyId":"144de00f-1c51-4d4d-85ea-48b21885b554","startDate":"2020-05-28T09:27:00Z","type":"AsymmetricX509Cert","usage":"Verify","value":null}],"logoutUrl":null,"notificationEmailAddresses":[],"oauth2Permissions":[],"passwordCredentials":[],"preferredSingleSignOnMode":null,"preferredTokenSigningKeyEndDateTime":null,"preferredTokenSigningKeyThumbprint":null,"publisherName":null,"replyUrls":[],"samlMetadataUrl":null,"samlSingleSignOnSettings":null,"servicePrincipalNames":["261838fc-0d73-477b-8c2a-c5c6258295f3","https://identity.azure.net/6fQq07GPvSiSe/bkCkWDWRdnVzW4tB54fPYxiqp54Uc="],"servicePrincipalType":"ManagedIdentity","signInAudience":null,"tags":[],"tokenEncryptionKeyId":null}]}'
    headers:
      access-control-allow-origin:
      - '*'
      cache-control:
      - no-cache
      content-length:
      - '1624'
      content-type:
      - application/json; odata=minimalmetadata; streaming=true; charset=utf-8
      dataserviceversion:
      - 3.0;
      date:
      - Thu, 28 May 2020 09:33:00 GMT
      duration:
      - '901623'
      expires:
      - '-1'
      ocp-aad-diagnostics-server-name:
      - q9O0grQsHIN4EdrsHN5ixwosoh7cGMaLGiCdSziUJLw=
      ocp-aad-session-key:
      - ftuLP5GeP8OTzhmaaBQn7_Sw65X5gLxvknmHcRu-DdOmb1WicHe_oTyMoffxdBJRj60ySRla8pauF63C1KbC_N8ADjfkp3e0tN_hQMR-zjveApYuXbND-jGWAWnjNtV9.a1TF5_BgZ3K_O1FoqT14dxi4f75nzRUNmUPSGHxxQQM
      pragma:
      - no-cache
      request-id:
      - d84ff57c-632c-4cef-9762-475191d6cb3b
      strict-transport-security:
      - max-age=31536000; includeSubDomains
      x-aspnet-version:
      - 4.0.30319
      x-ms-dirapi-data-contract-version:
      - '1.6'
      x-powered-by:
      - ASP.NET
    status:
      code: 200
      message: OK
- request:
    body: '{"properties": {"roleDefinitionId": "/subscriptions/00000000-0000-0000-0000-000000000000/providers/Microsoft.Authorization/roleDefinitions/b24988ac-6180-42a0-ab88-20f7382dd24c",
      "principalId": "24663d10-0e2a-4774-ad7c-510131dd08c0"}}'
    headers:
      Accept:
      - application/json
      Accept-Encoding:
      - gzip, deflate
      CommandName:
      - role assignment create
      Connection:
      - keep-alive
      Content-Length:
      - '233'
      Content-Type:
      - application/json; charset=utf-8
      Cookie:
      - x-ms-gateway-slice=Production
      ParameterSetName:
      - --assignee --role --scope
      User-Agent:
      - python/3.7.4 (Windows-10-10.0.18362-SP0) msrest/0.6.10 msrest_azure/0.6.3
        azure-mgmt-authorization/0.52.0 Azure-SDK-For-Python AZURECLI/2.6.0
      accept-language:
      - en-US
    method: PUT
    uri: https://management.azure.com/subscriptions/00000000-0000-0000-0000-000000000000/resourceGroups/img_tmpl_sig000001/providers/Microsoft.Authorization/roleAssignments/88888888-0000-0000-0000-000000000001?api-version=2018-09-01-preview
  response:
    body:
      string: '{"properties":{"roleDefinitionId":"/subscriptions/00000000-0000-0000-0000-000000000000/providers/Microsoft.Authorization/roleDefinitions/b24988ac-6180-42a0-ab88-20f7382dd24c","principalId":"24663d10-0e2a-4774-ad7c-510131dd08c0","principalType":"ServicePrincipal","scope":"/subscriptions/00000000-0000-0000-0000-000000000000/resourceGroups/img_tmpl_sig000001","createdOn":"2020-05-28T09:33:02.0771552Z","updatedOn":"2020-05-28T09:33:02.0771552Z","createdBy":null,"updatedBy":"8917b591-e9ee-4ad8-8340-a202d5f619e7"},"id":"/subscriptions/00000000-0000-0000-0000-000000000000/resourceGroups/img_tmpl_sig000001/providers/Microsoft.Authorization/roleAssignments/88888888-0000-0000-0000-000000000001","type":"Microsoft.Authorization/roleAssignments","name":"88888888-0000-0000-0000-000000000001"}'
    headers:
      cache-control:
      - no-cache
      content-length:
      - '903'
      content-type:
      - application/json; charset=utf-8
      date:
      - Thu, 28 May 2020 09:33:03 GMT
      expires:
      - '-1'
      pragma:
      - no-cache
      set-cookie:
      - x-ms-gateway-slice=Production; path=/; secure; HttpOnly; SameSite=None
      strict-transport-security:
      - max-age=31536000; includeSubDomains
      x-content-type-options:
      - nosniff
      x-ms-ratelimit-remaining-subscription-writes:
      - '1198'
    status:
      code: 201
      message: Created
- request:
    body: null
    headers:
      Accept:
      - application/json
      Accept-Encoding:
      - gzip, deflate
      CommandName:
      - sig create
      Connection:
      - keep-alive
      ParameterSetName:
      - -g --gallery-name
      User-Agent:
      - python/3.7.4 (Windows-10-10.0.18362-SP0) msrest/0.6.10 msrest_azure/0.6.3
        azure-mgmt-resource/9.0.0 Azure-SDK-For-Python AZURECLI/2.6.0
      accept-language:
      - en-US
    method: GET
    uri: https://management.azure.com/subscriptions/00000000-0000-0000-0000-000000000000/resourcegroups/img_tmpl_sig000001?api-version=2019-07-01
  response:
    body:
      string: '{"id":"/subscriptions/00000000-0000-0000-0000-000000000000/resourceGroups/img_tmpl_sig000001","name":"img_tmpl_sig000001","type":"Microsoft.Resources/resourceGroups","location":"westus","tags":{"product":"azurecli","cause":"automation","date":"2020-05-28T09:32:01Z"},"properties":{"provisioningState":"Succeeded"}}'
    headers:
      cache-control:
      - no-cache
      content-length:
      - '428'
      content-type:
      - application/json; charset=utf-8
      date:
      - Thu, 28 May 2020 09:33:05 GMT
      expires:
      - '-1'
      pragma:
      - no-cache
      strict-transport-security:
      - max-age=31536000; includeSubDomains
      vary:
      - Accept-Encoding
      x-content-type-options:
      - nosniff
    status:
      code: 200
      message: OK
- request:
    body: '{"location": "westus", "tags": {}}'
    headers:
      Accept:
      - application/json
      Accept-Encoding:
      - gzip, deflate
      CommandName:
      - sig create
      Connection:
      - keep-alive
      Content-Length:
      - '34'
      Content-Type:
      - application/json; charset=utf-8
      ParameterSetName:
      - -g --gallery-name
      User-Agent:
      - python/3.7.4 (Windows-10-10.0.18362-SP0) msrest/0.6.10 msrest_azure/0.6.3
        azure-mgmt-compute/12.0.0 Azure-SDK-For-Python AZURECLI/2.6.0
      accept-language:
      - en-US
    method: PUT
    uri: https://management.azure.com/subscriptions/00000000-0000-0000-0000-000000000000/resourceGroups/img_tmpl_sig000001/providers/Microsoft.Compute/galleries/ib_sig000003?api-version=2019-12-01
  response:
    body:
      string: "{\r\n  \"name\": \"ib_sig000003\",\r\n  \"id\": \"/subscriptions/00000000-0000-0000-0000-000000000000/resourceGroups/img_tmpl_sig000001/providers/Microsoft.Compute/galleries/ib_sig000003\",\r\n
        \ \"type\": \"Microsoft.Compute/galleries\",\r\n  \"location\": \"westus\",\r\n
        \ \"tags\": {},\r\n  \"properties\": {\r\n    \"identifier\": {\r\n      \"uniqueName\":
        \"1c638cf4-608f-4ee6-b680-c329e824c3a8-IB_SIGQSIP\"\r\n    },\r\n    \"provisioningState\":
        \"Creating\"\r\n  }\r\n}"
    headers:
      azure-asyncoperation:
      - https://management.azure.com/subscriptions/00000000-0000-0000-0000-000000000000/providers/Microsoft.Compute/locations/westus/capsOperations/4cea9c31-7f10-4182-9215-eb6cc313f8ce?api-version=2019-12-01
      cache-control:
      - no-cache
      content-length:
      - '476'
      content-type:
      - application/json; charset=utf-8
      date:
      - Thu, 28 May 2020 09:33:13 GMT
      expires:
      - '-1'
      pragma:
      - no-cache
      server:
      - Microsoft-HTTPAPI/2.0
      - Microsoft-HTTPAPI/2.0
      strict-transport-security:
      - max-age=31536000; includeSubDomains
      x-content-type-options:
      - nosniff
      x-ms-ratelimit-remaining-resource:
      - Microsoft.Compute/CreateUpdateGallery3Min;49,Microsoft.Compute/CreateUpdateGallery30Min;299
      x-ms-ratelimit-remaining-subscription-writes:
      - '1199'
    status:
      code: 201
      message: Created
- request:
    body: null
    headers:
      Accept:
      - application/json
      Accept-Encoding:
      - gzip, deflate
      CommandName:
      - sig create
      Connection:
      - keep-alive
      ParameterSetName:
      - -g --gallery-name
      User-Agent:
      - python/3.7.4 (Windows-10-10.0.18362-SP0) msrest/0.6.10 msrest_azure/0.6.3
        azure-mgmt-compute/12.0.0 Azure-SDK-For-Python AZURECLI/2.6.0
    method: GET
    uri: https://management.azure.com/subscriptions/00000000-0000-0000-0000-000000000000/providers/Microsoft.Compute/locations/westus/capsOperations/4cea9c31-7f10-4182-9215-eb6cc313f8ce?api-version=2019-12-01
  response:
    body:
      string: "{\r\n  \"startTime\": \"2020-05-28T09:33:11.9755615+00:00\",\r\n  \"endTime\":
        \"2020-05-28T09:33:14.0380486+00:00\",\r\n  \"status\": \"Succeeded\",\r\n
        \ \"name\": \"4cea9c31-7f10-4182-9215-eb6cc313f8ce\"\r\n}"
    headers:
      cache-control:
      - no-cache
      content-length:
      - '184'
      content-type:
      - application/json; charset=utf-8
      date:
      - Thu, 28 May 2020 09:33:45 GMT
      expires:
      - '-1'
      pragma:
      - no-cache
      server:
      - Microsoft-HTTPAPI/2.0
      - Microsoft-HTTPAPI/2.0
      strict-transport-security:
      - max-age=31536000; includeSubDomains
      transfer-encoding:
      - chunked
      vary:
      - Accept-Encoding
      x-content-type-options:
      - nosniff
      x-ms-ratelimit-remaining-resource:
      - Microsoft.Compute/GetOperationStatus3Min;1198,Microsoft.Compute/GetOperationStatus30Min;2398
    status:
      code: 200
      message: OK
- request:
    body: null
    headers:
      Accept:
      - application/json
      Accept-Encoding:
      - gzip, deflate
      CommandName:
      - sig create
      Connection:
      - keep-alive
      ParameterSetName:
      - -g --gallery-name
      User-Agent:
      - python/3.7.4 (Windows-10-10.0.18362-SP0) msrest/0.6.10 msrest_azure/0.6.3
        azure-mgmt-compute/12.0.0 Azure-SDK-For-Python AZURECLI/2.6.0
    method: GET
    uri: https://management.azure.com/subscriptions/00000000-0000-0000-0000-000000000000/resourceGroups/img_tmpl_sig000001/providers/Microsoft.Compute/galleries/ib_sig000003?api-version=2019-12-01
  response:
    body:
      string: "{\r\n  \"name\": \"ib_sig000003\",\r\n  \"id\": \"/subscriptions/00000000-0000-0000-0000-000000000000/resourceGroups/img_tmpl_sig000001/providers/Microsoft.Compute/galleries/ib_sig000003\",\r\n
        \ \"type\": \"Microsoft.Compute/galleries\",\r\n  \"location\": \"westus\",\r\n
        \ \"tags\": {},\r\n  \"properties\": {\r\n    \"identifier\": {\r\n      \"uniqueName\":
        \"1c638cf4-608f-4ee6-b680-c329e824c3a8-IB_SIGQSIP\"\r\n    },\r\n    \"provisioningState\":
        \"Succeeded\"\r\n  }\r\n}"
    headers:
      cache-control:
      - no-cache
      content-length:
      - '477'
      content-type:
      - application/json; charset=utf-8
      date:
      - Thu, 28 May 2020 09:33:45 GMT
      expires:
      - '-1'
      pragma:
      - no-cache
      server:
      - Microsoft-HTTPAPI/2.0
      - Microsoft-HTTPAPI/2.0
      strict-transport-security:
      - max-age=31536000; includeSubDomains
      transfer-encoding:
      - chunked
      vary:
      - Accept-Encoding
      x-content-type-options:
      - nosniff
      x-ms-ratelimit-remaining-resource:
      - Microsoft.Compute/GetGallery3Min;346,Microsoft.Compute/GetGallery30Min;2496
    status:
      code: 200
      message: OK
- request:
    body: null
    headers:
      Accept:
      - application/json
      Accept-Encoding:
      - gzip, deflate
      CommandName:
      - sig image-definition create
      Connection:
      - keep-alive
      ParameterSetName:
      - -g --gallery-name --gallery-image-definition --os-type -p -f -s
      User-Agent:
      - python/3.7.4 (Windows-10-10.0.18362-SP0) msrest/0.6.10 msrest_azure/0.6.3
        azure-mgmt-resource/9.0.0 Azure-SDK-For-Python AZURECLI/2.6.0
      accept-language:
      - en-US
    method: GET
    uri: https://management.azure.com/subscriptions/00000000-0000-0000-0000-000000000000/resourcegroups/img_tmpl_sig000001?api-version=2019-07-01
  response:
    body:
      string: '{"id":"/subscriptions/00000000-0000-0000-0000-000000000000/resourceGroups/img_tmpl_sig000001","name":"img_tmpl_sig000001","type":"Microsoft.Resources/resourceGroups","location":"westus","tags":{"product":"azurecli","cause":"automation","date":"2020-05-28T09:32:01Z"},"properties":{"provisioningState":"Succeeded"}}'
    headers:
      cache-control:
      - no-cache
      content-length:
      - '428'
      content-type:
      - application/json; charset=utf-8
      date:
      - Thu, 28 May 2020 09:33:46 GMT
      expires:
      - '-1'
      pragma:
      - no-cache
      strict-transport-security:
      - max-age=31536000; includeSubDomains
      vary:
      - Accept-Encoding
      x-content-type-options:
      - nosniff
    status:
      code: 200
      message: OK
- request:
    body: '{"location": "westus", "tags": {}, "properties": {"osType": "Linux", "osState":
      "Generalized", "hyperVGeneration": "V1", "identifier": {"publisher": "publisher1",
      "offer": "offer1", "sku": "sku1"}, "disallowed": {}}}'
    headers:
      Accept:
      - application/json
      Accept-Encoding:
      - gzip, deflate
      CommandName:
      - sig image-definition create
      Connection:
      - keep-alive
      Content-Length:
      - '216'
      Content-Type:
      - application/json; charset=utf-8
      ParameterSetName:
      - -g --gallery-name --gallery-image-definition --os-type -p -f -s
      User-Agent:
      - python/3.7.4 (Windows-10-10.0.18362-SP0) msrest/0.6.10 msrest_azure/0.6.3
        azure-mgmt-compute/12.0.0 Azure-SDK-For-Python AZURECLI/2.6.0
      accept-language:
      - en-US
    method: PUT
    uri: https://management.azure.com/subscriptions/00000000-0000-0000-0000-000000000000/resourceGroups/img_tmpl_sig000001/providers/Microsoft.Compute/galleries/ib_sig000003/images/image1?api-version=2019-12-01
  response:
    body:
      string: "{\r\n  \"name\": \"image1\",\r\n  \"id\": \"/subscriptions/00000000-0000-0000-0000-000000000000/resourceGroups/img_tmpl_sig000001/providers/Microsoft.Compute/galleries/ib_sig000003/images/image1\",\r\n
        \ \"type\": \"Microsoft.Compute/galleries/images\",\r\n  \"location\": \"westus\",\r\n
        \ \"tags\": {},\r\n  \"properties\": {\r\n    \"hyperVGeneration\": \"V1\",\r\n
        \   \"osType\": \"Linux\",\r\n    \"osState\": \"Generalized\",\r\n    \"identifier\":
        {\r\n      \"publisher\": \"publisher1\",\r\n      \"offer\": \"offer1\",\r\n
        \     \"sku\": \"sku1\"\r\n    },\r\n    \"provisioningState\": \"Creating\"\r\n
        \ }\r\n}"
    headers:
      azure-asyncoperation:
      - https://management.azure.com/subscriptions/00000000-0000-0000-0000-000000000000/providers/Microsoft.Compute/locations/westus/capsOperations/7f046091-f53f-4474-88b7-dc47fa354085?api-version=2019-12-01
      cache-control:
      - no-cache
      content-length:
      - '589'
      content-type:
      - application/json; charset=utf-8
      date:
      - Thu, 28 May 2020 09:33:54 GMT
      expires:
      - '-1'
      pragma:
      - no-cache
      server:
      - Microsoft-HTTPAPI/2.0
      - Microsoft-HTTPAPI/2.0
      strict-transport-security:
      - max-age=31536000; includeSubDomains
      x-content-type-options:
      - nosniff
      x-ms-ratelimit-remaining-resource:
      - Microsoft.Compute/CreateUpdateGalleryImage3Min;149,Microsoft.Compute/CreateUpdateGalleryImage30Min;749
      x-ms-ratelimit-remaining-subscription-writes:
      - '1197'
    status:
      code: 201
      message: Created
- request:
    body: null
    headers:
      Accept:
      - application/json
      Accept-Encoding:
      - gzip, deflate
      CommandName:
      - sig image-definition create
      Connection:
      - keep-alive
      ParameterSetName:
      - -g --gallery-name --gallery-image-definition --os-type -p -f -s
      User-Agent:
      - python/3.7.4 (Windows-10-10.0.18362-SP0) msrest/0.6.10 msrest_azure/0.6.3
        azure-mgmt-compute/12.0.0 Azure-SDK-For-Python AZURECLI/2.6.0
    method: GET
    uri: https://management.azure.com/subscriptions/00000000-0000-0000-0000-000000000000/providers/Microsoft.Compute/locations/westus/capsOperations/7f046091-f53f-4474-88b7-dc47fa354085?api-version=2019-12-01
  response:
    body:
      string: "{\r\n  \"startTime\": \"2020-05-28T09:33:53.5851946+00:00\",\r\n  \"endTime\":
        \"2020-05-28T09:33:53.8351998+00:00\",\r\n  \"status\": \"Succeeded\",\r\n
        \ \"name\": \"7f046091-f53f-4474-88b7-dc47fa354085\"\r\n}"
    headers:
      cache-control:
      - no-cache
      content-length:
      - '184'
      content-type:
      - application/json; charset=utf-8
      date:
      - Thu, 28 May 2020 09:34:26 GMT
      expires:
      - '-1'
      pragma:
      - no-cache
      server:
      - Microsoft-HTTPAPI/2.0
      - Microsoft-HTTPAPI/2.0
      strict-transport-security:
      - max-age=31536000; includeSubDomains
      transfer-encoding:
      - chunked
      vary:
      - Accept-Encoding
      x-content-type-options:
      - nosniff
      x-ms-ratelimit-remaining-resource:
      - Microsoft.Compute/GetOperationStatus3Min;1196,Microsoft.Compute/GetOperationStatus30Min;2396
    status:
      code: 200
      message: OK
- request:
    body: null
    headers:
      Accept:
      - application/json
      Accept-Encoding:
      - gzip, deflate
      CommandName:
      - sig image-definition create
      Connection:
      - keep-alive
      ParameterSetName:
      - -g --gallery-name --gallery-image-definition --os-type -p -f -s
      User-Agent:
      - python/3.7.4 (Windows-10-10.0.18362-SP0) msrest/0.6.10 msrest_azure/0.6.3
        azure-mgmt-compute/12.0.0 Azure-SDK-For-Python AZURECLI/2.6.0
    method: GET
    uri: https://management.azure.com/subscriptions/00000000-0000-0000-0000-000000000000/resourceGroups/img_tmpl_sig000001/providers/Microsoft.Compute/galleries/ib_sig000003/images/image1?api-version=2019-12-01
  response:
    body:
      string: "{\r\n  \"name\": \"image1\",\r\n  \"id\": \"/subscriptions/00000000-0000-0000-0000-000000000000/resourceGroups/img_tmpl_sig000001/providers/Microsoft.Compute/galleries/ib_sig000003/images/image1\",\r\n
        \ \"type\": \"Microsoft.Compute/galleries/images\",\r\n  \"location\": \"westus\",\r\n
        \ \"tags\": {},\r\n  \"properties\": {\r\n    \"hyperVGeneration\": \"V1\",\r\n
        \   \"osType\": \"Linux\",\r\n    \"osState\": \"Generalized\",\r\n    \"identifier\":
        {\r\n      \"publisher\": \"publisher1\",\r\n      \"offer\": \"offer1\",\r\n
        \     \"sku\": \"sku1\"\r\n    },\r\n    \"provisioningState\": \"Succeeded\"\r\n
        \ }\r\n}"
    headers:
      cache-control:
      - no-cache
      content-length:
      - '590'
      content-type:
      - application/json; charset=utf-8
      date:
      - Thu, 28 May 2020 09:34:26 GMT
      expires:
      - '-1'
      pragma:
      - no-cache
      server:
      - Microsoft-HTTPAPI/2.0
      - Microsoft-HTTPAPI/2.0
      strict-transport-security:
      - max-age=31536000; includeSubDomains
      transfer-encoding:
      - chunked
      vary:
      - Accept-Encoding
      x-content-type-options:
      - nosniff
      x-ms-ratelimit-remaining-resource:
      - Microsoft.Compute/GetGalleryImage3Min;596,Microsoft.Compute/GetGalleryImage30Min;2996
    status:
      code: 200
      message: OK
- request:
    body: null
    headers:
      Accept:
      - application/json
      Accept-Encoding:
      - gzip, deflate
      CommandName:
      - image builder create
      Connection:
      - keep-alive
      ParameterSetName:
      - -n -g --scripts --image-source --identity --defer
      User-Agent:
      - python/3.7.4 (Windows-10-10.0.18362-SP0) msrest/0.6.10 msrest_azure/0.6.3
        azure-mgmt-resource/9.0.0 Azure-SDK-For-Python AZURECLI/2.6.0
      accept-language:
      - en-US
    method: GET
    uri: https://management.azure.com/subscriptions/00000000-0000-0000-0000-000000000000/resourcegroups/img_tmpl_sig000001?api-version=2019-07-01
  response:
    body:
      string: '{"id":"/subscriptions/00000000-0000-0000-0000-000000000000/resourceGroups/img_tmpl_sig000001","name":"img_tmpl_sig000001","type":"Microsoft.Resources/resourceGroups","location":"westus","tags":{"product":"azurecli","cause":"automation","date":"2020-05-28T09:32:01Z"},"properties":{"provisioningState":"Succeeded"}}'
    headers:
      cache-control:
      - no-cache
      content-length:
      - '428'
      content-type:
      - application/json; charset=utf-8
      date:
      - Thu, 28 May 2020 09:34:27 GMT
      expires:
      - '-1'
      pragma:
      - no-cache
      strict-transport-security:
      - max-age=31536000; includeSubDomains
      vary:
      - Accept-Encoding
      x-content-type-options:
      - nosniff
    status:
      code: 200
      message: OK
- request:
    body: null
    headers:
      Accept:
      - application/json
      Accept-Encoding:
      - gzip, deflate
      CommandName:
      - image builder create
      Connection:
      - keep-alive
      ParameterSetName:
      - -n -g --scripts --image-source --identity --defer
      User-Agent:
      - python/3.7.4 (Windows-10-10.0.18362-SP0) msrest/0.6.10 msrest_azure/0.6.3
        azure-mgmt-resource/9.0.0 Azure-SDK-For-Python AZURECLI/2.6.0
      accept-language:
      - en-US
    method: GET
    uri: https://management.azure.com/subscriptions/00000000-0000-0000-0000-000000000000/locations?api-version=2019-06-01
  response:
    body:
      string: '{"value":[{"id":"/subscriptions/00000000-0000-0000-0000-000000000000/locations/eastasia","name":"eastasia","displayName":"East
        Asia","longitude":"114.188","latitude":"22.267"},{"id":"/subscriptions/00000000-0000-0000-0000-000000000000/locations/southeastasia","name":"southeastasia","displayName":"Southeast
        Asia","longitude":"103.833","latitude":"1.283"},{"id":"/subscriptions/00000000-0000-0000-0000-000000000000/locations/centralus","name":"centralus","displayName":"Central
        US","longitude":"-93.6208","latitude":"41.5908"},{"id":"/subscriptions/00000000-0000-0000-0000-000000000000/locations/eastus","name":"eastus","displayName":"East
        US","longitude":"-79.8164","latitude":"37.3719"},{"id":"/subscriptions/00000000-0000-0000-0000-000000000000/locations/eastus2","name":"eastus2","displayName":"East
        US 2","longitude":"-78.3889","latitude":"36.6681"},{"id":"/subscriptions/00000000-0000-0000-0000-000000000000/locations/westus","name":"westus","displayName":"West
        US","longitude":"-122.417","latitude":"37.783"},{"id":"/subscriptions/00000000-0000-0000-0000-000000000000/locations/northcentralus","name":"northcentralus","displayName":"North
        Central US","longitude":"-87.6278","latitude":"41.8819"},{"id":"/subscriptions/00000000-0000-0000-0000-000000000000/locations/southcentralus","name":"southcentralus","displayName":"South
        Central US","longitude":"-98.5","latitude":"29.4167"},{"id":"/subscriptions/00000000-0000-0000-0000-000000000000/locations/northeurope","name":"northeurope","displayName":"North
        Europe","longitude":"-6.2597","latitude":"53.3478"},{"id":"/subscriptions/00000000-0000-0000-0000-000000000000/locations/westeurope","name":"westeurope","displayName":"West
        Europe","longitude":"4.9","latitude":"52.3667"},{"id":"/subscriptions/00000000-0000-0000-0000-000000000000/locations/japanwest","name":"japanwest","displayName":"Japan
        West","longitude":"135.5022","latitude":"34.6939"},{"id":"/subscriptions/00000000-0000-0000-0000-000000000000/locations/japaneast","name":"japaneast","displayName":"Japan
        East","longitude":"139.77","latitude":"35.68"},{"id":"/subscriptions/00000000-0000-0000-0000-000000000000/locations/brazilsouth","name":"brazilsouth","displayName":"Brazil
        South","longitude":"-46.633","latitude":"-23.55"},{"id":"/subscriptions/00000000-0000-0000-0000-000000000000/locations/australiaeast","name":"australiaeast","displayName":"Australia
        East","longitude":"151.2094","latitude":"-33.86"},{"id":"/subscriptions/00000000-0000-0000-0000-000000000000/locations/australiasoutheast","name":"australiasoutheast","displayName":"Australia
        Southeast","longitude":"144.9631","latitude":"-37.8136"},{"id":"/subscriptions/00000000-0000-0000-0000-000000000000/locations/southindia","name":"southindia","displayName":"South
        India","longitude":"80.1636","latitude":"12.9822"},{"id":"/subscriptions/00000000-0000-0000-0000-000000000000/locations/centralindia","name":"centralindia","displayName":"Central
        India","longitude":"73.9197","latitude":"18.5822"},{"id":"/subscriptions/00000000-0000-0000-0000-000000000000/locations/westindia","name":"westindia","displayName":"West
        India","longitude":"72.868","latitude":"19.088"},{"id":"/subscriptions/00000000-0000-0000-0000-000000000000/locations/canadacentral","name":"canadacentral","displayName":"Canada
        Central","longitude":"-79.383","latitude":"43.653"},{"id":"/subscriptions/00000000-0000-0000-0000-000000000000/locations/canadaeast","name":"canadaeast","displayName":"Canada
        East","longitude":"-71.217","latitude":"46.817"},{"id":"/subscriptions/00000000-0000-0000-0000-000000000000/locations/uksouth","name":"uksouth","displayName":"UK
        South","longitude":"-0.799","latitude":"50.941"},{"id":"/subscriptions/00000000-0000-0000-0000-000000000000/locations/ukwest","name":"ukwest","displayName":"UK
        West","longitude":"-3.084","latitude":"53.427"},{"id":"/subscriptions/00000000-0000-0000-0000-000000000000/locations/westcentralus","name":"westcentralus","displayName":"West
        Central US","longitude":"-110.234","latitude":"40.890"},{"id":"/subscriptions/00000000-0000-0000-0000-000000000000/locations/westus2","name":"westus2","displayName":"West
        US 2","longitude":"-119.852","latitude":"47.233"},{"id":"/subscriptions/00000000-0000-0000-0000-000000000000/locations/koreacentral","name":"koreacentral","displayName":"Korea
        Central","longitude":"126.9780","latitude":"37.5665"},{"id":"/subscriptions/00000000-0000-0000-0000-000000000000/locations/koreasouth","name":"koreasouth","displayName":"Korea
        South","longitude":"129.0756","latitude":"35.1796"},{"id":"/subscriptions/00000000-0000-0000-0000-000000000000/locations/francecentral","name":"francecentral","displayName":"France
        Central","longitude":"2.3730","latitude":"46.3772"},{"id":"/subscriptions/00000000-0000-0000-0000-000000000000/locations/francesouth","name":"francesouth","displayName":"France
        South","longitude":"2.1972","latitude":"43.8345"},{"id":"/subscriptions/00000000-0000-0000-0000-000000000000/locations/australiacentral","name":"australiacentral","displayName":"Australia
        Central","longitude":"149.1244","latitude":"-35.3075"},{"id":"/subscriptions/00000000-0000-0000-0000-000000000000/locations/australiacentral2","name":"australiacentral2","displayName":"Australia
        Central 2","longitude":"149.1244","latitude":"-35.3075"},{"id":"/subscriptions/00000000-0000-0000-0000-000000000000/locations/uaecentral","name":"uaecentral","displayName":"UAE
        Central","longitude":"54.366669","latitude":"24.466667"},{"id":"/subscriptions/00000000-0000-0000-0000-000000000000/locations/uaenorth","name":"uaenorth","displayName":"UAE
        North","longitude":"55.316666","latitude":"25.266666"},{"id":"/subscriptions/00000000-0000-0000-0000-000000000000/locations/southafricanorth","name":"southafricanorth","displayName":"South
        Africa North","longitude":"28.218370","latitude":"-25.731340"},{"id":"/subscriptions/00000000-0000-0000-0000-000000000000/locations/southafricawest","name":"southafricawest","displayName":"South
        Africa West","longitude":"18.843266","latitude":"-34.075691"},{"id":"/subscriptions/00000000-0000-0000-0000-000000000000/locations/switzerlandnorth","name":"switzerlandnorth","displayName":"Switzerland
        North","longitude":"8.564572","latitude":"47.451542"},{"id":"/subscriptions/00000000-0000-0000-0000-000000000000/locations/switzerlandwest","name":"switzerlandwest","displayName":"Switzerland
        West","longitude":"6.143158","latitude":"46.204391"},{"id":"/subscriptions/00000000-0000-0000-0000-000000000000/locations/germanynorth","name":"germanynorth","displayName":"Germany
        North","longitude":"8.806422","latitude":"53.073635"},{"id":"/subscriptions/00000000-0000-0000-0000-000000000000/locations/germanywestcentral","name":"germanywestcentral","displayName":"Germany
        West Central","longitude":"8.682127","latitude":"50.110924"},{"id":"/subscriptions/00000000-0000-0000-0000-000000000000/locations/norwaywest","name":"norwaywest","displayName":"Norway
        West","longitude":"5.733107","latitude":"58.969975"},{"id":"/subscriptions/00000000-0000-0000-0000-000000000000/locations/norwayeast","name":"norwayeast","displayName":"Norway
        East","longitude":"10.752245","latitude":"59.913868"}]}'
    headers:
      cache-control:
      - no-cache
      content-length:
      - '7129'
      content-type:
      - application/json; charset=utf-8
      date:
      - Thu, 28 May 2020 09:34:28 GMT
      expires:
      - '-1'
      pragma:
      - no-cache
      strict-transport-security:
      - max-age=31536000; includeSubDomains
      vary:
      - Accept-Encoding
      x-content-type-options:
      - nosniff
    status:
      code: 200
      message: OK
- request:
    body: null
    headers:
      Accept:
      - application/json
      Accept-Encoding:
      - gzip, deflate
      CommandName:
      - image builder output add
      Connection:
      - keep-alive
      ParameterSetName:
      - -n -g --gallery-name --gallery-image-definition --gallery-replication-regions
        --defer
      User-Agent:
      - python/3.7.4 (Windows-10-10.0.18362-SP0) msrest/0.6.10 msrest_azure/0.6.3
        azure-mgmt-resource/9.0.0 Azure-SDK-For-Python AZURECLI/2.6.0
      accept-language:
      - en-US
    method: GET
    uri: https://management.azure.com/subscriptions/00000000-0000-0000-0000-000000000000/locations?api-version=2019-06-01
  response:
    body:
      string: '{"value":[{"id":"/subscriptions/00000000-0000-0000-0000-000000000000/locations/eastasia","name":"eastasia","displayName":"East
        Asia","longitude":"114.188","latitude":"22.267"},{"id":"/subscriptions/00000000-0000-0000-0000-000000000000/locations/southeastasia","name":"southeastasia","displayName":"Southeast
        Asia","longitude":"103.833","latitude":"1.283"},{"id":"/subscriptions/00000000-0000-0000-0000-000000000000/locations/centralus","name":"centralus","displayName":"Central
        US","longitude":"-93.6208","latitude":"41.5908"},{"id":"/subscriptions/00000000-0000-0000-0000-000000000000/locations/eastus","name":"eastus","displayName":"East
        US","longitude":"-79.8164","latitude":"37.3719"},{"id":"/subscriptions/00000000-0000-0000-0000-000000000000/locations/eastus2","name":"eastus2","displayName":"East
        US 2","longitude":"-78.3889","latitude":"36.6681"},{"id":"/subscriptions/00000000-0000-0000-0000-000000000000/locations/westus","name":"westus","displayName":"West
        US","longitude":"-122.417","latitude":"37.783"},{"id":"/subscriptions/00000000-0000-0000-0000-000000000000/locations/northcentralus","name":"northcentralus","displayName":"North
        Central US","longitude":"-87.6278","latitude":"41.8819"},{"id":"/subscriptions/00000000-0000-0000-0000-000000000000/locations/southcentralus","name":"southcentralus","displayName":"South
        Central US","longitude":"-98.5","latitude":"29.4167"},{"id":"/subscriptions/00000000-0000-0000-0000-000000000000/locations/northeurope","name":"northeurope","displayName":"North
        Europe","longitude":"-6.2597","latitude":"53.3478"},{"id":"/subscriptions/00000000-0000-0000-0000-000000000000/locations/westeurope","name":"westeurope","displayName":"West
        Europe","longitude":"4.9","latitude":"52.3667"},{"id":"/subscriptions/00000000-0000-0000-0000-000000000000/locations/japanwest","name":"japanwest","displayName":"Japan
        West","longitude":"135.5022","latitude":"34.6939"},{"id":"/subscriptions/00000000-0000-0000-0000-000000000000/locations/japaneast","name":"japaneast","displayName":"Japan
        East","longitude":"139.77","latitude":"35.68"},{"id":"/subscriptions/00000000-0000-0000-0000-000000000000/locations/brazilsouth","name":"brazilsouth","displayName":"Brazil
        South","longitude":"-46.633","latitude":"-23.55"},{"id":"/subscriptions/00000000-0000-0000-0000-000000000000/locations/australiaeast","name":"australiaeast","displayName":"Australia
        East","longitude":"151.2094","latitude":"-33.86"},{"id":"/subscriptions/00000000-0000-0000-0000-000000000000/locations/australiasoutheast","name":"australiasoutheast","displayName":"Australia
        Southeast","longitude":"144.9631","latitude":"-37.8136"},{"id":"/subscriptions/00000000-0000-0000-0000-000000000000/locations/southindia","name":"southindia","displayName":"South
        India","longitude":"80.1636","latitude":"12.9822"},{"id":"/subscriptions/00000000-0000-0000-0000-000000000000/locations/centralindia","name":"centralindia","displayName":"Central
        India","longitude":"73.9197","latitude":"18.5822"},{"id":"/subscriptions/00000000-0000-0000-0000-000000000000/locations/westindia","name":"westindia","displayName":"West
        India","longitude":"72.868","latitude":"19.088"},{"id":"/subscriptions/00000000-0000-0000-0000-000000000000/locations/canadacentral","name":"canadacentral","displayName":"Canada
        Central","longitude":"-79.383","latitude":"43.653"},{"id":"/subscriptions/00000000-0000-0000-0000-000000000000/locations/canadaeast","name":"canadaeast","displayName":"Canada
        East","longitude":"-71.217","latitude":"46.817"},{"id":"/subscriptions/00000000-0000-0000-0000-000000000000/locations/uksouth","name":"uksouth","displayName":"UK
        South","longitude":"-0.799","latitude":"50.941"},{"id":"/subscriptions/00000000-0000-0000-0000-000000000000/locations/ukwest","name":"ukwest","displayName":"UK
        West","longitude":"-3.084","latitude":"53.427"},{"id":"/subscriptions/00000000-0000-0000-0000-000000000000/locations/westcentralus","name":"westcentralus","displayName":"West
        Central US","longitude":"-110.234","latitude":"40.890"},{"id":"/subscriptions/00000000-0000-0000-0000-000000000000/locations/westus2","name":"westus2","displayName":"West
        US 2","longitude":"-119.852","latitude":"47.233"},{"id":"/subscriptions/00000000-0000-0000-0000-000000000000/locations/koreacentral","name":"koreacentral","displayName":"Korea
        Central","longitude":"126.9780","latitude":"37.5665"},{"id":"/subscriptions/00000000-0000-0000-0000-000000000000/locations/koreasouth","name":"koreasouth","displayName":"Korea
        South","longitude":"129.0756","latitude":"35.1796"},{"id":"/subscriptions/00000000-0000-0000-0000-000000000000/locations/francecentral","name":"francecentral","displayName":"France
        Central","longitude":"2.3730","latitude":"46.3772"},{"id":"/subscriptions/00000000-0000-0000-0000-000000000000/locations/francesouth","name":"francesouth","displayName":"France
        South","longitude":"2.1972","latitude":"43.8345"},{"id":"/subscriptions/00000000-0000-0000-0000-000000000000/locations/australiacentral","name":"australiacentral","displayName":"Australia
        Central","longitude":"149.1244","latitude":"-35.3075"},{"id":"/subscriptions/00000000-0000-0000-0000-000000000000/locations/australiacentral2","name":"australiacentral2","displayName":"Australia
        Central 2","longitude":"149.1244","latitude":"-35.3075"},{"id":"/subscriptions/00000000-0000-0000-0000-000000000000/locations/uaecentral","name":"uaecentral","displayName":"UAE
        Central","longitude":"54.366669","latitude":"24.466667"},{"id":"/subscriptions/00000000-0000-0000-0000-000000000000/locations/uaenorth","name":"uaenorth","displayName":"UAE
        North","longitude":"55.316666","latitude":"25.266666"},{"id":"/subscriptions/00000000-0000-0000-0000-000000000000/locations/southafricanorth","name":"southafricanorth","displayName":"South
        Africa North","longitude":"28.218370","latitude":"-25.731340"},{"id":"/subscriptions/00000000-0000-0000-0000-000000000000/locations/southafricawest","name":"southafricawest","displayName":"South
        Africa West","longitude":"18.843266","latitude":"-34.075691"},{"id":"/subscriptions/00000000-0000-0000-0000-000000000000/locations/switzerlandnorth","name":"switzerlandnorth","displayName":"Switzerland
        North","longitude":"8.564572","latitude":"47.451542"},{"id":"/subscriptions/00000000-0000-0000-0000-000000000000/locations/switzerlandwest","name":"switzerlandwest","displayName":"Switzerland
        West","longitude":"6.143158","latitude":"46.204391"},{"id":"/subscriptions/00000000-0000-0000-0000-000000000000/locations/germanynorth","name":"germanynorth","displayName":"Germany
        North","longitude":"8.806422","latitude":"53.073635"},{"id":"/subscriptions/00000000-0000-0000-0000-000000000000/locations/germanywestcentral","name":"germanywestcentral","displayName":"Germany
        West Central","longitude":"8.682127","latitude":"50.110924"},{"id":"/subscriptions/00000000-0000-0000-0000-000000000000/locations/norwaywest","name":"norwaywest","displayName":"Norway
        West","longitude":"5.733107","latitude":"58.969975"},{"id":"/subscriptions/00000000-0000-0000-0000-000000000000/locations/norwayeast","name":"norwayeast","displayName":"Norway
        East","longitude":"10.752245","latitude":"59.913868"}]}'
    headers:
      cache-control:
      - no-cache
      content-length:
      - '7129'
      content-type:
      - application/json; charset=utf-8
      date:
      - Thu, 28 May 2020 09:34:28 GMT
      expires:
      - '-1'
      pragma:
      - no-cache
      strict-transport-security:
      - max-age=31536000; includeSubDomains
      vary:
      - Accept-Encoding
      x-content-type-options:
      - nosniff
    status:
      code: 200
      message: OK
- request:
    body: 'b''{"location": "westus", "tags": {}, "properties": {"source": {"type":
      "PlatformImage", "publisher": "Canonical", "offer": "UbuntuServer", "sku": "18.04-LTS",
      "version": "18.04.201808140"}, "customize": [{"name": "customizeScript.sh",
      "type": "Shell", "scriptUri": "https://raw.githubusercontent.com/danielsollondon/azvmimagebuilder/master/quickquickstarts/customizeScript.sh"}],
      "distribute": [{"runOutputName": "image1", "artifactTags": {}, "type": "SharedImage",
      "galleryImageId": "/subscriptions/00000000-0000-0000-0000-000000000000/resourceGroups/img_tmpl_sig000001/providers/Microsoft.Compute/galleries/ib_sig000003/images/image1",
      "replicationRegions": ["westus"]}]}, "identity": {"type": "UserAssigned", "userAssignedIdentities":
      {"/subscriptions/00000000-0000-0000-0000-000000000000/resourceGroups/img_tmpl_sig000001/providers/Microsoft.ManagedIdentity/userAssignedIdentities/ide1":
      {}}}}'''
    headers:
      Accept:
      - application/json
      Accept-Encoding:
      - gzip, deflate
      CommandName:
      - image builder update
      Connection:
      - keep-alive
      Content-Length:
      - '1007'
      Content-Type:
      - application/json; charset=utf-8
      ParameterSetName:
      - -n -g
      User-Agent:
      - python/3.7.4 (Windows-10-10.0.18362-SP0) msrest/0.6.10 msrest_azure/0.6.3
        azure-mgmt-imagebuilder/1.0.0 Azure-SDK-For-Python AZURECLI/2.6.0
      accept-language:
      - en-US
    method: PUT
    uri: https://management.azure.com/subscriptions/00000000-0000-0000-0000-000000000000/resourceGroups/img_tmpl_sig000001/providers/Microsoft.VirtualMachineImages/imageTemplates/template01?api-version=2020-02-14
  response:
    body:
      string: "{\n \"properties\": {\n  \"source\": {\n   \"offer\": \"UbuntuServer\",\n
        \  \"publisher\": \"Canonical\",\n   \"sku\": \"18.04-LTS\",\n   \"type\":
        \"PlatformImage\",\n   \"version\": \"18.04.201808140\"\n  },\n  \"customize\":
        [\n   {\n    \"name\": \"customizeScript.sh\",\n    \"scriptUri\": \"https://raw.githubusercontent.com/danielsollondon/azvmimagebuilder/master/quickquickstarts/customizeScript.sh\",\n
        \   \"type\": \"Shell\"\n   }\n  ],\n  \"distribute\": [\n   {\n    \"artifactTags\":
        {},\n    \"excludeFromLatest\": false,\n    \"galleryImageId\": \"/subscriptions/00000000-0000-0000-0000-000000000000/resourceGroups/img_tmpl_sig000001/providers/Microsoft.Compute/galleries/ib_sig000003/images/image1\",\n
        \   \"replicationRegions\": [\n     \"westus\"\n    ],\n    \"runOutputName\":
        \"image1\",\n    \"type\": \"SharedImage\"\n   }\n  ],\n  \"provisioningState\":
        \"Creating\",\n  \"buildTimeoutInMinutes\": 0\n },\n \"identity\": {\n  \"type\":
        \"UserAssigned\",\n  \"userAssignedIdentities\": {\n   \"/subscriptions/00000000-0000-0000-0000-000000000000/resourceGroups/img_tmpl_sig000001/providers/Microsoft.ManagedIdentity/userAssignedIdentities/ide1\":
        {}\n  }\n },\n \"id\": \"/subscriptions/00000000-0000-0000-0000-000000000000/resourcegroups/img_tmpl_sig000001/providers/Microsoft.VirtualMachineImages/imageTemplates/template01\",\n
        \"name\": \"template01\",\n \"type\": \"Microsoft.VirtualMachineImages/imageTemplates\",\n
        \"location\": \"westus\",\n \"tags\": {}\n}"
    headers:
      azure-asyncoperation:
      - https://management.azure.com/subscriptions/00000000-0000-0000-0000-000000000000/providers/Microsoft.VirtualMachineImages/locations/westus/operations/3f2a20a3-0db2-4602-bac6-4bbd472ab4c6?api-version=2020-02-14
      cache-control:
      - no-cache
      content-length:
      - '1520'
      content-type:
      - application/json
      date:
      - Thu, 28 May 2020 09:34:40 GMT
      expires:
      - '-1'
      pragma:
      - no-cache
      server:
      - nginx
      strict-transport-security:
      - max-age=31536000; includeSubDomains
      x-content-type-options:
      - nosniff
      x-ms-ratelimit-remaining-subscription-writes:
      - '1198'
    status:
      code: 201
      message: Created
- request:
    body: null
    headers:
      Accept:
      - application/json
      Accept-Encoding:
      - gzip, deflate
      CommandName:
      - image builder update
      Connection:
      - keep-alive
      ParameterSetName:
      - -n -g
      User-Agent:
      - python/3.7.4 (Windows-10-10.0.18362-SP0) msrest/0.6.10 msrest_azure/0.6.3
        azure-mgmt-imagebuilder/1.0.0 Azure-SDK-For-Python AZURECLI/2.6.0
    method: GET
    uri: https://management.azure.com/subscriptions/00000000-0000-0000-0000-000000000000/providers/Microsoft.VirtualMachineImages/locations/westus/operations/3f2a20a3-0db2-4602-bac6-4bbd472ab4c6?api-version=2020-02-14
  response:
    body:
      string: "{\n \"name\": \"3F2A20A3-0DB2-4602-BAC6-4BBD472AB4C6\",\n \"status\":
        \"Succeeded\",\n \"startTime\": \"2020-05-28T09:34:38.940796Z\",\n \"endTime\":
        \"2020-05-28T09:35:09.1976052Z\"\n}"
    headers:
      cache-control:
      - no-cache
      content-length:
      - '164'
      content-type:
      - application/json
      date:
      - Thu, 28 May 2020 09:35:12 GMT
      expires:
      - '-1'
      pragma:
      - no-cache
      server:
      - nginx
      strict-transport-security:
      - max-age=31536000; includeSubDomains
      transfer-encoding:
      - chunked
      vary:
      - Accept-Encoding
      x-content-type-options:
      - nosniff
    status:
      code: 200
      message: OK
- request:
    body: null
    headers:
      Accept:
      - application/json
      Accept-Encoding:
      - gzip, deflate
      CommandName:
      - image builder update
      Connection:
      - keep-alive
      ParameterSetName:
      - -n -g
      User-Agent:
      - python/3.7.4 (Windows-10-10.0.18362-SP0) msrest/0.6.10 msrest_azure/0.6.3
        azure-mgmt-imagebuilder/1.0.0 Azure-SDK-For-Python AZURECLI/2.6.0
    method: GET
    uri: https://management.azure.com/subscriptions/00000000-0000-0000-0000-000000000000/resourceGroups/img_tmpl_sig000001/providers/Microsoft.VirtualMachineImages/imageTemplates/template01?api-version=2020-02-14
  response:
    body:
      string: "{\n \"properties\": {\n  \"source\": {\n   \"offer\": \"UbuntuServer\",\n
        \  \"publisher\": \"Canonical\",\n   \"sku\": \"18.04-LTS\",\n   \"type\":
        \"PlatformImage\",\n   \"version\": \"18.04.201808140\"\n  },\n  \"customize\":
        [\n   {\n    \"name\": \"customizeScript.sh\",\n    \"scriptUri\": \"https://raw.githubusercontent.com/danielsollondon/azvmimagebuilder/master/quickquickstarts/customizeScript.sh\",\n
        \   \"sha256Checksum\": \"2c6ff6902a4a52deee69e8db26d0036a53388651008aaf31795bb20dabd21fd8\",\n
        \   \"type\": \"Shell\"\n   }\n  ],\n  \"distribute\": [\n   {\n    \"artifactTags\":
        {},\n    \"excludeFromLatest\": false,\n    \"galleryImageId\": \"/subscriptions/00000000-0000-0000-0000-000000000000/resourceGroups/img_tmpl_sig000001/providers/Microsoft.Compute/galleries/ib_sig000003/images/image1\",\n
        \   \"replicationRegions\": [\n     \"westus\"\n    ],\n    \"runOutputName\":
        \"image1\",\n    \"type\": \"SharedImage\"\n   }\n  ],\n  \"provisioningState\":
        \"Succeeded\",\n  \"buildTimeoutInMinutes\": 0\n },\n \"identity\": {\n  \"type\":
        \"UserAssigned\",\n  \"userAssignedIdentities\": {\n   \"/subscriptions/00000000-0000-0000-0000-000000000000/resourceGroups/img_tmpl_sig000001/providers/Microsoft.ManagedIdentity/userAssignedIdentities/ide1\":
        {\n    \"principalId\": \"24663d10-0e2a-4774-ad7c-510131dd08c0\",\n    \"clientId\":
        \"261838fc-0d73-477b-8c2a-c5c6258295f3\"\n   }\n  }\n },\n \"id\": \"/subscriptions/00000000-0000-0000-0000-000000000000/resourcegroups/img_tmpl_sig000001/providers/Microsoft.VirtualMachineImages/imageTemplates/template01\",\n
        \"name\": \"template01\",\n \"type\": \"Microsoft.VirtualMachineImages/imageTemplates\",\n
        \"location\": \"westus\",\n \"tags\": {}\n}"
    headers:
      cache-control:
      - no-cache
      content-length:
      - '1729'
      content-type:
      - application/json
      date:
      - Thu, 28 May 2020 09:35:13 GMT
      expires:
      - '-1'
      pragma:
      - no-cache
      server:
      - nginx
      strict-transport-security:
      - max-age=31536000; includeSubDomains
      transfer-encoding:
      - chunked
      vary:
      - Accept-Encoding
      x-content-type-options:
      - nosniff
    status:
      code: 200
      message: OK
- request:
    body: null
    headers:
      Accept:
      - application/json
      Accept-Encoding:
      - gzip, deflate
      CommandName:
      - image builder run
      Connection:
      - keep-alive
      Content-Length:
      - '0'
      ParameterSetName:
      - -n -g
      User-Agent:
      - python/3.7.4 (Windows-10-10.0.18362-SP0) msrest/0.6.10 msrest_azure/0.6.3
        azure-mgmt-imagebuilder/1.0.0 Azure-SDK-For-Python AZURECLI/2.6.0
      accept-language:
      - en-US
    method: POST
    uri: https://management.azure.com/subscriptions/00000000-0000-0000-0000-000000000000/resourceGroups/img_tmpl_sig000001/providers/Microsoft.VirtualMachineImages/imageTemplates/template01/run?api-version=2020-02-14
  response:
    body:
      string: ''
    headers:
      azure-asyncoperation:
      - https://management.azure.com/subscriptions/00000000-0000-0000-0000-000000000000/providers/Microsoft.VirtualMachineImages/locations/westus/operations/86fbe71c-e851-4c64-b719-441a61f5fe4d?api-version=2020-02-14
      cache-control:
      - no-cache
      content-length:
      - '0'
      date:
      - Thu, 28 May 2020 09:35:16 GMT
      expires:
      - '-1'
      location:
      - https://management.azure.com/subscriptions/00000000-0000-0000-0000-000000000000/providers/Microsoft.VirtualMachineImages/locations/westus/operations/86fbe71c-e851-4c64-b719-441a61f5fe4d?api-version=2020-02-14
      pragma:
      - no-cache
      server:
      - nginx
      strict-transport-security:
      - max-age=31536000; includeSubDomains
      x-content-type-options:
      - nosniff
      x-ms-ratelimit-remaining-subscription-writes:
      - '1199'
    status:
      code: 202
      message: Accepted
- request:
    body: null
    headers:
      Accept:
      - application/json
      Accept-Encoding:
      - gzip, deflate
      CommandName:
      - image builder run
      Connection:
      - keep-alive
      ParameterSetName:
      - -n -g
      User-Agent:
      - python/3.7.4 (Windows-10-10.0.18362-SP0) msrest/0.6.10 msrest_azure/0.6.3
        azure-mgmt-imagebuilder/1.0.0 Azure-SDK-For-Python AZURECLI/2.6.0
    method: GET
    uri: https://management.azure.com/subscriptions/00000000-0000-0000-0000-000000000000/providers/Microsoft.VirtualMachineImages/locations/westus/operations/86fbe71c-e851-4c64-b719-441a61f5fe4d?api-version=2020-02-14
  response:
    body:
      string: "{\n \"name\": \"86FBE71C-E851-4C64-B719-441A61F5FE4D\",\n \"status\":
        \"InProgress\",\n \"startTime\": \"2020-05-28T09:35:16.5504211Z\"\n}"
    headers:
      cache-control:
      - no-cache
      content-length:
      - '122'
      content-type:
      - application/json
      date:
      - Thu, 28 May 2020 09:35:48 GMT
      expires:
      - '-1'
      pragma:
      - no-cache
      server:
      - nginx
      strict-transport-security:
      - max-age=31536000; includeSubDomains
      transfer-encoding:
      - chunked
      vary:
      - Accept-Encoding
      x-content-type-options:
      - nosniff
    status:
      code: 200
      message: OK
- request:
    body: null
    headers:
      Accept:
      - application/json
      Accept-Encoding:
      - gzip, deflate
      CommandName:
      - image builder run
      Connection:
      - keep-alive
      ParameterSetName:
      - -n -g
      User-Agent:
      - python/3.7.4 (Windows-10-10.0.18362-SP0) msrest/0.6.10 msrest_azure/0.6.3
        azure-mgmt-imagebuilder/1.0.0 Azure-SDK-For-Python AZURECLI/2.6.0
    method: GET
    uri: https://management.azure.com/subscriptions/00000000-0000-0000-0000-000000000000/providers/Microsoft.VirtualMachineImages/locations/westus/operations/86fbe71c-e851-4c64-b719-441a61f5fe4d?api-version=2020-02-14
  response:
    body:
      string: "{\n \"name\": \"86FBE71C-E851-4C64-B719-441A61F5FE4D\",\n \"status\":
        \"InProgress\",\n \"startTime\": \"2020-05-28T09:35:16.5504211Z\"\n}"
    headers:
      cache-control:
      - no-cache
      content-length:
      - '122'
      content-type:
      - application/json
      date:
      - Thu, 28 May 2020 09:36:19 GMT
      expires:
      - '-1'
      pragma:
      - no-cache
      server:
      - nginx
      strict-transport-security:
      - max-age=31536000; includeSubDomains
      transfer-encoding:
      - chunked
      vary:
      - Accept-Encoding
      x-content-type-options:
      - nosniff
    status:
      code: 200
      message: OK
- request:
    body: null
    headers:
      Accept:
      - application/json
      Accept-Encoding:
      - gzip, deflate
      CommandName:
      - image builder run
      Connection:
      - keep-alive
      ParameterSetName:
      - -n -g
      User-Agent:
      - python/3.7.4 (Windows-10-10.0.18362-SP0) msrest/0.6.10 msrest_azure/0.6.3
        azure-mgmt-imagebuilder/1.0.0 Azure-SDK-For-Python AZURECLI/2.6.0
    method: GET
    uri: https://management.azure.com/subscriptions/00000000-0000-0000-0000-000000000000/providers/Microsoft.VirtualMachineImages/locations/westus/operations/86fbe71c-e851-4c64-b719-441a61f5fe4d?api-version=2020-02-14
  response:
    body:
      string: "{\n \"name\": \"86FBE71C-E851-4C64-B719-441A61F5FE4D\",\n \"status\":
        \"InProgress\",\n \"startTime\": \"2020-05-28T09:35:16.5504211Z\"\n}"
    headers:
      cache-control:
      - no-cache
      content-length:
      - '122'
      content-type:
      - application/json
      date:
      - Thu, 28 May 2020 09:36:49 GMT
      expires:
      - '-1'
      pragma:
      - no-cache
      server:
      - nginx
      strict-transport-security:
      - max-age=31536000; includeSubDomains
      transfer-encoding:
      - chunked
      vary:
      - Accept-Encoding
      x-content-type-options:
      - nosniff
    status:
      code: 200
      message: OK
- request:
    body: null
    headers:
      Accept:
      - application/json
      Accept-Encoding:
      - gzip, deflate
      CommandName:
      - image builder run
      Connection:
      - keep-alive
      ParameterSetName:
      - -n -g
      User-Agent:
      - python/3.7.4 (Windows-10-10.0.18362-SP0) msrest/0.6.10 msrest_azure/0.6.3
        azure-mgmt-imagebuilder/1.0.0 Azure-SDK-For-Python AZURECLI/2.6.0
    method: GET
    uri: https://management.azure.com/subscriptions/00000000-0000-0000-0000-000000000000/providers/Microsoft.VirtualMachineImages/locations/westus/operations/86fbe71c-e851-4c64-b719-441a61f5fe4d?api-version=2020-02-14
  response:
    body:
      string: "{\n \"name\": \"86FBE71C-E851-4C64-B719-441A61F5FE4D\",\n \"status\":
        \"InProgress\",\n \"startTime\": \"2020-05-28T09:35:16.5504211Z\"\n}"
    headers:
      cache-control:
      - no-cache
      content-length:
      - '122'
      content-type:
      - application/json
      date:
      - Thu, 28 May 2020 09:37:21 GMT
      expires:
      - '-1'
      pragma:
      - no-cache
      server:
      - nginx
      strict-transport-security:
      - max-age=31536000; includeSubDomains
      transfer-encoding:
      - chunked
      vary:
      - Accept-Encoding
      x-content-type-options:
      - nosniff
    status:
      code: 200
      message: OK
- request:
    body: null
    headers:
      Accept:
      - application/json
      Accept-Encoding:
      - gzip, deflate
      CommandName:
      - image builder run
      Connection:
      - keep-alive
      ParameterSetName:
      - -n -g
      User-Agent:
      - python/3.7.4 (Windows-10-10.0.18362-SP0) msrest/0.6.10 msrest_azure/0.6.3
        azure-mgmt-imagebuilder/1.0.0 Azure-SDK-For-Python AZURECLI/2.6.0
    method: GET
    uri: https://management.azure.com/subscriptions/00000000-0000-0000-0000-000000000000/providers/Microsoft.VirtualMachineImages/locations/westus/operations/86fbe71c-e851-4c64-b719-441a61f5fe4d?api-version=2020-02-14
  response:
    body:
      string: "{\n \"name\": \"86FBE71C-E851-4C64-B719-441A61F5FE4D\",\n \"status\":
        \"InProgress\",\n \"startTime\": \"2020-05-28T09:35:16.5504211Z\"\n}"
    headers:
      cache-control:
      - no-cache
      content-length:
      - '122'
      content-type:
      - application/json
      date:
      - Thu, 28 May 2020 09:37:51 GMT
      expires:
      - '-1'
      pragma:
      - no-cache
      server:
      - nginx
      strict-transport-security:
      - max-age=31536000; includeSubDomains
      transfer-encoding:
      - chunked
      vary:
      - Accept-Encoding
      x-content-type-options:
      - nosniff
    status:
      code: 200
      message: OK
- request:
    body: null
    headers:
      Accept:
      - application/json
      Accept-Encoding:
      - gzip, deflate
      CommandName:
      - image builder run
      Connection:
      - keep-alive
      ParameterSetName:
      - -n -g
      User-Agent:
      - python/3.7.4 (Windows-10-10.0.18362-SP0) msrest/0.6.10 msrest_azure/0.6.3
        azure-mgmt-imagebuilder/1.0.0 Azure-SDK-For-Python AZURECLI/2.6.0
    method: GET
    uri: https://management.azure.com/subscriptions/00000000-0000-0000-0000-000000000000/providers/Microsoft.VirtualMachineImages/locations/westus/operations/86fbe71c-e851-4c64-b719-441a61f5fe4d?api-version=2020-02-14
  response:
    body:
      string: "{\n \"name\": \"86FBE71C-E851-4C64-B719-441A61F5FE4D\",\n \"status\":
        \"InProgress\",\n \"startTime\": \"2020-05-28T09:35:16.5504211Z\"\n}"
    headers:
      cache-control:
      - no-cache
      content-length:
      - '122'
      content-type:
      - application/json
      date:
      - Thu, 28 May 2020 09:38:22 GMT
      expires:
      - '-1'
      pragma:
      - no-cache
      server:
      - nginx
      strict-transport-security:
      - max-age=31536000; includeSubDomains
      transfer-encoding:
      - chunked
      vary:
      - Accept-Encoding
      x-content-type-options:
      - nosniff
    status:
      code: 200
      message: OK
- request:
    body: null
    headers:
      Accept:
      - application/json
      Accept-Encoding:
      - gzip, deflate
      CommandName:
      - image builder run
      Connection:
      - keep-alive
      ParameterSetName:
      - -n -g
      User-Agent:
      - python/3.7.4 (Windows-10-10.0.18362-SP0) msrest/0.6.10 msrest_azure/0.6.3
        azure-mgmt-imagebuilder/1.0.0 Azure-SDK-For-Python AZURECLI/2.6.0
    method: GET
    uri: https://management.azure.com/subscriptions/00000000-0000-0000-0000-000000000000/providers/Microsoft.VirtualMachineImages/locations/westus/operations/86fbe71c-e851-4c64-b719-441a61f5fe4d?api-version=2020-02-14
  response:
    body:
      string: "{\n \"name\": \"86FBE71C-E851-4C64-B719-441A61F5FE4D\",\n \"status\":
        \"InProgress\",\n \"startTime\": \"2020-05-28T09:35:16.5504211Z\"\n}"
    headers:
      cache-control:
      - no-cache
      content-length:
      - '122'
      content-type:
      - application/json
      date:
      - Thu, 28 May 2020 09:38:52 GMT
      expires:
      - '-1'
      pragma:
      - no-cache
      server:
      - nginx
      strict-transport-security:
      - max-age=31536000; includeSubDomains
      transfer-encoding:
      - chunked
      vary:
      - Accept-Encoding
      x-content-type-options:
      - nosniff
    status:
      code: 200
      message: OK
- request:
    body: null
    headers:
      Accept:
      - application/json
      Accept-Encoding:
      - gzip, deflate
      CommandName:
      - image builder run
      Connection:
      - keep-alive
      ParameterSetName:
      - -n -g
      User-Agent:
      - python/3.7.4 (Windows-10-10.0.18362-SP0) msrest/0.6.10 msrest_azure/0.6.3
        azure-mgmt-imagebuilder/1.0.0 Azure-SDK-For-Python AZURECLI/2.6.0
    method: GET
    uri: https://management.azure.com/subscriptions/00000000-0000-0000-0000-000000000000/providers/Microsoft.VirtualMachineImages/locations/westus/operations/86fbe71c-e851-4c64-b719-441a61f5fe4d?api-version=2020-02-14
  response:
    body:
      string: "{\n \"name\": \"86FBE71C-E851-4C64-B719-441A61F5FE4D\",\n \"status\":
        \"InProgress\",\n \"startTime\": \"2020-05-28T09:35:16.5504211Z\"\n}"
    headers:
      cache-control:
      - no-cache
      content-length:
      - '122'
      content-type:
      - application/json
      date:
      - Thu, 28 May 2020 09:39:24 GMT
      expires:
      - '-1'
      pragma:
      - no-cache
      server:
      - nginx
      strict-transport-security:
      - max-age=31536000; includeSubDomains
      transfer-encoding:
      - chunked
      vary:
      - Accept-Encoding
      x-content-type-options:
      - nosniff
    status:
      code: 200
      message: OK
- request:
    body: null
    headers:
      Accept:
      - application/json
      Accept-Encoding:
      - gzip, deflate
      CommandName:
      - image builder run
      Connection:
      - keep-alive
      ParameterSetName:
      - -n -g
      User-Agent:
      - python/3.7.4 (Windows-10-10.0.18362-SP0) msrest/0.6.10 msrest_azure/0.6.3
        azure-mgmt-imagebuilder/1.0.0 Azure-SDK-For-Python AZURECLI/2.6.0
    method: GET
    uri: https://management.azure.com/subscriptions/00000000-0000-0000-0000-000000000000/providers/Microsoft.VirtualMachineImages/locations/westus/operations/86fbe71c-e851-4c64-b719-441a61f5fe4d?api-version=2020-02-14
  response:
    body:
      string: "{\n \"name\": \"86FBE71C-E851-4C64-B719-441A61F5FE4D\",\n \"status\":
        \"InProgress\",\n \"startTime\": \"2020-05-28T09:35:16.5504211Z\"\n}"
    headers:
      cache-control:
      - no-cache
      content-length:
      - '122'
      content-type:
      - application/json
      date:
      - Thu, 28 May 2020 09:39:54 GMT
      expires:
      - '-1'
      pragma:
      - no-cache
      server:
      - nginx
      strict-transport-security:
      - max-age=31536000; includeSubDomains
      transfer-encoding:
      - chunked
      vary:
      - Accept-Encoding
      x-content-type-options:
      - nosniff
    status:
      code: 200
      message: OK
- request:
    body: null
    headers:
      Accept:
      - application/json
      Accept-Encoding:
      - gzip, deflate
      CommandName:
      - image builder run
      Connection:
      - keep-alive
      ParameterSetName:
      - -n -g
      User-Agent:
      - python/3.7.4 (Windows-10-10.0.18362-SP0) msrest/0.6.10 msrest_azure/0.6.3
        azure-mgmt-imagebuilder/1.0.0 Azure-SDK-For-Python AZURECLI/2.6.0
    method: GET
    uri: https://management.azure.com/subscriptions/00000000-0000-0000-0000-000000000000/providers/Microsoft.VirtualMachineImages/locations/westus/operations/86fbe71c-e851-4c64-b719-441a61f5fe4d?api-version=2020-02-14
  response:
    body:
      string: "{\n \"name\": \"86FBE71C-E851-4C64-B719-441A61F5FE4D\",\n \"status\":
        \"InProgress\",\n \"startTime\": \"2020-05-28T09:35:16.5504211Z\"\n}"
    headers:
      cache-control:
      - no-cache
      content-length:
      - '122'
      content-type:
      - application/json
      date:
      - Thu, 28 May 2020 09:40:24 GMT
      expires:
      - '-1'
      pragma:
      - no-cache
      server:
      - nginx
      strict-transport-security:
      - max-age=31536000; includeSubDomains
      transfer-encoding:
      - chunked
      vary:
      - Accept-Encoding
      x-content-type-options:
      - nosniff
    status:
      code: 200
      message: OK
- request:
    body: null
    headers:
      Accept:
      - application/json
      Accept-Encoding:
      - gzip, deflate
      CommandName:
      - image builder run
      Connection:
      - keep-alive
      ParameterSetName:
      - -n -g
      User-Agent:
      - python/3.7.4 (Windows-10-10.0.18362-SP0) msrest/0.6.10 msrest_azure/0.6.3
        azure-mgmt-imagebuilder/1.0.0 Azure-SDK-For-Python AZURECLI/2.6.0
    method: GET
    uri: https://management.azure.com/subscriptions/00000000-0000-0000-0000-000000000000/providers/Microsoft.VirtualMachineImages/locations/westus/operations/86fbe71c-e851-4c64-b719-441a61f5fe4d?api-version=2020-02-14
  response:
    body:
      string: "{\n \"name\": \"86FBE71C-E851-4C64-B719-441A61F5FE4D\",\n \"status\":
        \"InProgress\",\n \"startTime\": \"2020-05-28T09:35:16.5504211Z\"\n}"
    headers:
      cache-control:
      - no-cache
      content-length:
      - '122'
      content-type:
      - application/json
      date:
      - Thu, 28 May 2020 09:40:56 GMT
      expires:
      - '-1'
      pragma:
      - no-cache
      server:
      - nginx
      strict-transport-security:
      - max-age=31536000; includeSubDomains
      transfer-encoding:
      - chunked
      vary:
      - Accept-Encoding
      x-content-type-options:
      - nosniff
    status:
      code: 200
      message: OK
- request:
    body: null
    headers:
      Accept:
      - application/json
      Accept-Encoding:
      - gzip, deflate
      CommandName:
      - image builder run
      Connection:
      - keep-alive
      ParameterSetName:
      - -n -g
      User-Agent:
      - python/3.7.4 (Windows-10-10.0.18362-SP0) msrest/0.6.10 msrest_azure/0.6.3
        azure-mgmt-imagebuilder/1.0.0 Azure-SDK-For-Python AZURECLI/2.6.0
    method: GET
    uri: https://management.azure.com/subscriptions/00000000-0000-0000-0000-000000000000/providers/Microsoft.VirtualMachineImages/locations/westus/operations/86fbe71c-e851-4c64-b719-441a61f5fe4d?api-version=2020-02-14
  response:
    body:
      string: "{\n \"name\": \"86FBE71C-E851-4C64-B719-441A61F5FE4D\",\n \"status\":
        \"InProgress\",\n \"startTime\": \"2020-05-28T09:35:16.5504211Z\"\n}"
    headers:
      cache-control:
      - no-cache
      content-length:
      - '122'
      content-type:
      - application/json
      date:
      - Thu, 28 May 2020 09:41:26 GMT
      expires:
      - '-1'
      pragma:
      - no-cache
      server:
      - nginx
      strict-transport-security:
      - max-age=31536000; includeSubDomains
      transfer-encoding:
      - chunked
      vary:
      - Accept-Encoding
      x-content-type-options:
      - nosniff
    status:
      code: 200
      message: OK
- request:
    body: null
    headers:
      Accept:
      - application/json
      Accept-Encoding:
      - gzip, deflate
      CommandName:
      - image builder run
      Connection:
      - keep-alive
      ParameterSetName:
      - -n -g
      User-Agent:
      - python/3.7.4 (Windows-10-10.0.18362-SP0) msrest/0.6.10 msrest_azure/0.6.3
        azure-mgmt-imagebuilder/1.0.0 Azure-SDK-For-Python AZURECLI/2.6.0
    method: GET
    uri: https://management.azure.com/subscriptions/00000000-0000-0000-0000-000000000000/providers/Microsoft.VirtualMachineImages/locations/westus/operations/86fbe71c-e851-4c64-b719-441a61f5fe4d?api-version=2020-02-14
  response:
    body:
      string: "{\n \"name\": \"86FBE71C-E851-4C64-B719-441A61F5FE4D\",\n \"status\":
        \"InProgress\",\n \"startTime\": \"2020-05-28T09:35:16.5504211Z\"\n}"
    headers:
      cache-control:
      - no-cache
      content-length:
      - '122'
      content-type:
      - application/json
      date:
      - Thu, 28 May 2020 09:41:57 GMT
      expires:
      - '-1'
      pragma:
      - no-cache
      server:
      - nginx
      strict-transport-security:
      - max-age=31536000; includeSubDomains
      transfer-encoding:
      - chunked
      vary:
      - Accept-Encoding
      x-content-type-options:
      - nosniff
    status:
      code: 200
      message: OK
- request:
    body: null
    headers:
      Accept:
      - application/json
      Accept-Encoding:
      - gzip, deflate
      CommandName:
      - image builder run
      Connection:
      - keep-alive
      ParameterSetName:
      - -n -g
      User-Agent:
      - python/3.7.4 (Windows-10-10.0.18362-SP0) msrest/0.6.10 msrest_azure/0.6.3
        azure-mgmt-imagebuilder/1.0.0 Azure-SDK-For-Python AZURECLI/2.6.0
    method: GET
    uri: https://management.azure.com/subscriptions/00000000-0000-0000-0000-000000000000/providers/Microsoft.VirtualMachineImages/locations/westus/operations/86fbe71c-e851-4c64-b719-441a61f5fe4d?api-version=2020-02-14
  response:
    body:
      string: "{\n \"name\": \"86FBE71C-E851-4C64-B719-441A61F5FE4D\",\n \"status\":
        \"InProgress\",\n \"startTime\": \"2020-05-28T09:35:16.5504211Z\"\n}"
    headers:
      cache-control:
      - no-cache
      content-length:
      - '122'
      content-type:
      - application/json
      date:
      - Thu, 28 May 2020 09:42:28 GMT
      expires:
      - '-1'
      pragma:
      - no-cache
      server:
      - nginx
      strict-transport-security:
      - max-age=31536000; includeSubDomains
      transfer-encoding:
      - chunked
      vary:
      - Accept-Encoding
      x-content-type-options:
      - nosniff
    status:
      code: 200
      message: OK
- request:
    body: null
    headers:
      Accept:
      - application/json
      Accept-Encoding:
      - gzip, deflate
      CommandName:
      - image builder run
      Connection:
      - keep-alive
      ParameterSetName:
      - -n -g
      User-Agent:
      - python/3.7.4 (Windows-10-10.0.18362-SP0) msrest/0.6.10 msrest_azure/0.6.3
        azure-mgmt-imagebuilder/1.0.0 Azure-SDK-For-Python AZURECLI/2.6.0
    method: GET
    uri: https://management.azure.com/subscriptions/00000000-0000-0000-0000-000000000000/providers/Microsoft.VirtualMachineImages/locations/westus/operations/86fbe71c-e851-4c64-b719-441a61f5fe4d?api-version=2020-02-14
  response:
    body:
      string: "{\n \"name\": \"86FBE71C-E851-4C64-B719-441A61F5FE4D\",\n \"status\":
        \"InProgress\",\n \"startTime\": \"2020-05-28T09:35:16.5504211Z\"\n}"
    headers:
      cache-control:
      - no-cache
      content-length:
      - '122'
      content-type:
      - application/json
      date:
      - Thu, 28 May 2020 09:42:58 GMT
      expires:
      - '-1'
      pragma:
      - no-cache
      server:
      - nginx
      strict-transport-security:
      - max-age=31536000; includeSubDomains
      transfer-encoding:
      - chunked
      vary:
      - Accept-Encoding
      x-content-type-options:
      - nosniff
    status:
      code: 200
      message: OK
- request:
    body: null
    headers:
      Accept:
      - application/json
      Accept-Encoding:
      - gzip, deflate
      CommandName:
      - image builder run
      Connection:
      - keep-alive
      ParameterSetName:
      - -n -g
      User-Agent:
      - python/3.7.4 (Windows-10-10.0.18362-SP0) msrest/0.6.10 msrest_azure/0.6.3
        azure-mgmt-imagebuilder/1.0.0 Azure-SDK-For-Python AZURECLI/2.6.0
    method: GET
    uri: https://management.azure.com/subscriptions/00000000-0000-0000-0000-000000000000/providers/Microsoft.VirtualMachineImages/locations/westus/operations/86fbe71c-e851-4c64-b719-441a61f5fe4d?api-version=2020-02-14
  response:
    body:
      string: "{\n \"name\": \"86FBE71C-E851-4C64-B719-441A61F5FE4D\",\n \"status\":
        \"InProgress\",\n \"startTime\": \"2020-05-28T09:35:16.5504211Z\"\n}"
    headers:
      cache-control:
      - no-cache
      content-length:
      - '122'
      content-type:
      - application/json
      date:
      - Thu, 28 May 2020 09:43:30 GMT
      expires:
      - '-1'
      pragma:
      - no-cache
      server:
      - nginx
      strict-transport-security:
      - max-age=31536000; includeSubDomains
      transfer-encoding:
      - chunked
      vary:
      - Accept-Encoding
      x-content-type-options:
      - nosniff
    status:
      code: 200
      message: OK
- request:
    body: null
    headers:
      Accept:
      - application/json
      Accept-Encoding:
      - gzip, deflate
      CommandName:
      - image builder run
      Connection:
      - keep-alive
      ParameterSetName:
      - -n -g
      User-Agent:
      - python/3.7.4 (Windows-10-10.0.18362-SP0) msrest/0.6.10 msrest_azure/0.6.3
        azure-mgmt-imagebuilder/1.0.0 Azure-SDK-For-Python AZURECLI/2.6.0
    method: GET
    uri: https://management.azure.com/subscriptions/00000000-0000-0000-0000-000000000000/providers/Microsoft.VirtualMachineImages/locations/westus/operations/86fbe71c-e851-4c64-b719-441a61f5fe4d?api-version=2020-02-14
  response:
    body:
      string: "{\n \"name\": \"86FBE71C-E851-4C64-B719-441A61F5FE4D\",\n \"status\":
        \"InProgress\",\n \"startTime\": \"2020-05-28T09:35:16.5504211Z\"\n}"
    headers:
      cache-control:
      - no-cache
      content-length:
      - '122'
      content-type:
      - application/json
      date:
      - Thu, 28 May 2020 09:44:00 GMT
      expires:
      - '-1'
      pragma:
      - no-cache
      server:
      - nginx
      strict-transport-security:
      - max-age=31536000; includeSubDomains
      transfer-encoding:
      - chunked
      vary:
      - Accept-Encoding
      x-content-type-options:
      - nosniff
    status:
      code: 200
      message: OK
- request:
    body: null
    headers:
      Accept:
      - application/json
      Accept-Encoding:
      - gzip, deflate
      CommandName:
      - image builder run
      Connection:
      - keep-alive
      ParameterSetName:
      - -n -g
      User-Agent:
      - python/3.7.4 (Windows-10-10.0.18362-SP0) msrest/0.6.10 msrest_azure/0.6.3
        azure-mgmt-imagebuilder/1.0.0 Azure-SDK-For-Python AZURECLI/2.6.0
    method: GET
    uri: https://management.azure.com/subscriptions/00000000-0000-0000-0000-000000000000/providers/Microsoft.VirtualMachineImages/locations/westus/operations/86fbe71c-e851-4c64-b719-441a61f5fe4d?api-version=2020-02-14
  response:
    body:
      string: "{\n \"name\": \"86FBE71C-E851-4C64-B719-441A61F5FE4D\",\n \"status\":
        \"InProgress\",\n \"startTime\": \"2020-05-28T09:35:16.5504211Z\"\n}"
    headers:
      cache-control:
      - no-cache
      content-length:
      - '122'
      content-type:
      - application/json
      date:
      - Thu, 28 May 2020 09:44:31 GMT
      expires:
      - '-1'
      pragma:
      - no-cache
      server:
      - nginx
      strict-transport-security:
      - max-age=31536000; includeSubDomains
      transfer-encoding:
      - chunked
      vary:
      - Accept-Encoding
      x-content-type-options:
      - nosniff
    status:
      code: 200
      message: OK
- request:
    body: null
    headers:
      Accept:
      - application/json
      Accept-Encoding:
      - gzip, deflate
      CommandName:
      - image builder run
      Connection:
      - keep-alive
      ParameterSetName:
      - -n -g
      User-Agent:
      - python/3.7.4 (Windows-10-10.0.18362-SP0) msrest/0.6.10 msrest_azure/0.6.3
        azure-mgmt-imagebuilder/1.0.0 Azure-SDK-For-Python AZURECLI/2.6.0
    method: GET
    uri: https://management.azure.com/subscriptions/00000000-0000-0000-0000-000000000000/providers/Microsoft.VirtualMachineImages/locations/westus/operations/86fbe71c-e851-4c64-b719-441a61f5fe4d?api-version=2020-02-14
  response:
    body:
      string: "{\n \"name\": \"86FBE71C-E851-4C64-B719-441A61F5FE4D\",\n \"status\":
        \"InProgress\",\n \"startTime\": \"2020-05-28T09:35:16.5504211Z\"\n}"
    headers:
      cache-control:
      - no-cache
      content-length:
      - '122'
      content-type:
      - application/json
      date:
      - Thu, 28 May 2020 09:45:01 GMT
      expires:
      - '-1'
      pragma:
      - no-cache
      server:
      - nginx
      strict-transport-security:
      - max-age=31536000; includeSubDomains
      transfer-encoding:
      - chunked
      vary:
      - Accept-Encoding
      x-content-type-options:
      - nosniff
    status:
      code: 200
      message: OK
- request:
    body: null
    headers:
      Accept:
      - application/json
      Accept-Encoding:
      - gzip, deflate
      CommandName:
      - image builder run
      Connection:
      - keep-alive
      ParameterSetName:
      - -n -g
      User-Agent:
      - python/3.7.4 (Windows-10-10.0.18362-SP0) msrest/0.6.10 msrest_azure/0.6.3
        azure-mgmt-imagebuilder/1.0.0 Azure-SDK-For-Python AZURECLI/2.6.0
    method: GET
    uri: https://management.azure.com/subscriptions/00000000-0000-0000-0000-000000000000/providers/Microsoft.VirtualMachineImages/locations/westus/operations/86fbe71c-e851-4c64-b719-441a61f5fe4d?api-version=2020-02-14
  response:
    body:
      string: "{\n \"name\": \"86FBE71C-E851-4C64-B719-441A61F5FE4D\",\n \"status\":
        \"InProgress\",\n \"startTime\": \"2020-05-28T09:35:16.5504211Z\"\n}"
    headers:
      cache-control:
      - no-cache
      content-length:
      - '122'
      content-type:
      - application/json
      date:
      - Thu, 28 May 2020 09:45:33 GMT
      expires:
      - '-1'
      pragma:
      - no-cache
      server:
      - nginx
      strict-transport-security:
      - max-age=31536000; includeSubDomains
      transfer-encoding:
      - chunked
      vary:
      - Accept-Encoding
      x-content-type-options:
      - nosniff
    status:
      code: 200
      message: OK
- request:
    body: null
    headers:
      Accept:
      - application/json
      Accept-Encoding:
      - gzip, deflate
      CommandName:
      - image builder run
      Connection:
      - keep-alive
      ParameterSetName:
      - -n -g
      User-Agent:
      - python/3.7.4 (Windows-10-10.0.18362-SP0) msrest/0.6.10 msrest_azure/0.6.3
        azure-mgmt-imagebuilder/1.0.0 Azure-SDK-For-Python AZURECLI/2.6.0
    method: GET
    uri: https://management.azure.com/subscriptions/00000000-0000-0000-0000-000000000000/providers/Microsoft.VirtualMachineImages/locations/westus/operations/86fbe71c-e851-4c64-b719-441a61f5fe4d?api-version=2020-02-14
  response:
    body:
      string: "{\n \"name\": \"86FBE71C-E851-4C64-B719-441A61F5FE4D\",\n \"status\":
        \"InProgress\",\n \"startTime\": \"2020-05-28T09:35:16.5504211Z\"\n}"
    headers:
      cache-control:
      - no-cache
      content-length:
      - '122'
      content-type:
      - application/json
      date:
      - Thu, 28 May 2020 09:46:26 GMT
      expires:
      - '-1'
      pragma:
      - no-cache
      server:
      - nginx
      strict-transport-security:
      - max-age=31536000; includeSubDomains
      transfer-encoding:
      - chunked
      vary:
      - Accept-Encoding
      x-content-type-options:
      - nosniff
    status:
      code: 200
      message: OK
- request:
    body: null
    headers:
      Accept:
      - application/json
      Accept-Encoding:
      - gzip, deflate
      CommandName:
      - image builder run
      Connection:
      - keep-alive
      ParameterSetName:
      - -n -g
      User-Agent:
      - python/3.7.4 (Windows-10-10.0.18362-SP0) msrest/0.6.10 msrest_azure/0.6.3
        azure-mgmt-imagebuilder/1.0.0 Azure-SDK-For-Python AZURECLI/2.6.0
    method: GET
    uri: https://management.azure.com/subscriptions/00000000-0000-0000-0000-000000000000/providers/Microsoft.VirtualMachineImages/locations/westus/operations/86fbe71c-e851-4c64-b719-441a61f5fe4d?api-version=2020-02-14
  response:
    body:
      string: "{\n \"name\": \"86FBE71C-E851-4C64-B719-441A61F5FE4D\",\n \"status\":
        \"InProgress\",\n \"startTime\": \"2020-05-28T09:35:16.5504211Z\"\n}"
    headers:
      cache-control:
      - no-cache
      content-length:
      - '122'
      content-type:
      - application/json
      date:
      - Thu, 28 May 2020 09:46:56 GMT
      expires:
      - '-1'
      pragma:
      - no-cache
      server:
      - nginx
      strict-transport-security:
      - max-age=31536000; includeSubDomains
      transfer-encoding:
      - chunked
      vary:
      - Accept-Encoding
      x-content-type-options:
      - nosniff
    status:
      code: 200
      message: OK
- request:
    body: null
    headers:
      Accept:
      - application/json
      Accept-Encoding:
      - gzip, deflate
      CommandName:
      - image builder run
      Connection:
      - keep-alive
      ParameterSetName:
      - -n -g
      User-Agent:
      - python/3.7.4 (Windows-10-10.0.18362-SP0) msrest/0.6.10 msrest_azure/0.6.3
        azure-mgmt-imagebuilder/1.0.0 Azure-SDK-For-Python AZURECLI/2.6.0
    method: GET
    uri: https://management.azure.com/subscriptions/00000000-0000-0000-0000-000000000000/providers/Microsoft.VirtualMachineImages/locations/westus/operations/86fbe71c-e851-4c64-b719-441a61f5fe4d?api-version=2020-02-14
  response:
    body:
      string: "{\n \"name\": \"86FBE71C-E851-4C64-B719-441A61F5FE4D\",\n \"status\":
        \"InProgress\",\n \"startTime\": \"2020-05-28T09:35:16.5504211Z\"\n}"
    headers:
      cache-control:
      - no-cache
      content-length:
      - '122'
      content-type:
      - application/json
      date:
      - Thu, 28 May 2020 09:47:28 GMT
      expires:
      - '-1'
      pragma:
      - no-cache
      server:
      - nginx
      strict-transport-security:
      - max-age=31536000; includeSubDomains
      transfer-encoding:
      - chunked
      vary:
      - Accept-Encoding
      x-content-type-options:
      - nosniff
    status:
      code: 200
      message: OK
- request:
    body: null
    headers:
      Accept:
      - application/json
      Accept-Encoding:
      - gzip, deflate
      CommandName:
      - image builder run
      Connection:
      - keep-alive
      ParameterSetName:
      - -n -g
      User-Agent:
      - python/3.7.4 (Windows-10-10.0.18362-SP0) msrest/0.6.10 msrest_azure/0.6.3
        azure-mgmt-imagebuilder/1.0.0 Azure-SDK-For-Python AZURECLI/2.6.0
    method: GET
    uri: https://management.azure.com/subscriptions/00000000-0000-0000-0000-000000000000/providers/Microsoft.VirtualMachineImages/locations/westus/operations/86fbe71c-e851-4c64-b719-441a61f5fe4d?api-version=2020-02-14
  response:
    body:
      string: "{\n \"name\": \"86FBE71C-E851-4C64-B719-441A61F5FE4D\",\n \"status\":
        \"InProgress\",\n \"startTime\": \"2020-05-28T09:35:16.5504211Z\"\n}"
    headers:
      cache-control:
      - no-cache
      content-length:
      - '122'
      content-type:
      - application/json
      date:
      - Thu, 28 May 2020 09:47:58 GMT
      expires:
      - '-1'
      pragma:
      - no-cache
      server:
      - nginx
      strict-transport-security:
      - max-age=31536000; includeSubDomains
      transfer-encoding:
      - chunked
      vary:
      - Accept-Encoding
      x-content-type-options:
      - nosniff
    status:
      code: 200
      message: OK
- request:
    body: null
    headers:
      Accept:
      - application/json
      Accept-Encoding:
      - gzip, deflate
      CommandName:
      - image builder run
      Connection:
      - keep-alive
      ParameterSetName:
      - -n -g
      User-Agent:
      - python/3.7.4 (Windows-10-10.0.18362-SP0) msrest/0.6.10 msrest_azure/0.6.3
        azure-mgmt-imagebuilder/1.0.0 Azure-SDK-For-Python AZURECLI/2.6.0
    method: GET
    uri: https://management.azure.com/subscriptions/00000000-0000-0000-0000-000000000000/providers/Microsoft.VirtualMachineImages/locations/westus/operations/86fbe71c-e851-4c64-b719-441a61f5fe4d?api-version=2020-02-14
  response:
    body:
      string: "{\n \"name\": \"86FBE71C-E851-4C64-B719-441A61F5FE4D\",\n \"status\":
        \"InProgress\",\n \"startTime\": \"2020-05-28T09:35:16.5504211Z\"\n}"
    headers:
      cache-control:
      - no-cache
      content-length:
      - '122'
      content-type:
      - application/json
      date:
      - Thu, 28 May 2020 09:48:28 GMT
      expires:
      - '-1'
      pragma:
      - no-cache
      server:
      - nginx
      strict-transport-security:
      - max-age=31536000; includeSubDomains
      transfer-encoding:
      - chunked
      vary:
      - Accept-Encoding
      x-content-type-options:
      - nosniff
    status:
      code: 200
      message: OK
- request:
    body: null
    headers:
      Accept:
      - application/json
      Accept-Encoding:
      - gzip, deflate
      CommandName:
      - image builder run
      Connection:
      - keep-alive
      ParameterSetName:
      - -n -g
      User-Agent:
      - python/3.7.4 (Windows-10-10.0.18362-SP0) msrest/0.6.10 msrest_azure/0.6.3
        azure-mgmt-imagebuilder/1.0.0 Azure-SDK-For-Python AZURECLI/2.6.0
    method: GET
    uri: https://management.azure.com/subscriptions/00000000-0000-0000-0000-000000000000/providers/Microsoft.VirtualMachineImages/locations/westus/operations/86fbe71c-e851-4c64-b719-441a61f5fe4d?api-version=2020-02-14
  response:
    body:
      string: "{\n \"name\": \"86FBE71C-E851-4C64-B719-441A61F5FE4D\",\n \"status\":
        \"InProgress\",\n \"startTime\": \"2020-05-28T09:35:16.5504211Z\"\n}"
    headers:
      cache-control:
      - no-cache
      content-length:
      - '122'
      content-type:
      - application/json
      date:
      - Thu, 28 May 2020 09:49:00 GMT
      expires:
      - '-1'
      pragma:
      - no-cache
      server:
      - nginx
      strict-transport-security:
      - max-age=31536000; includeSubDomains
      transfer-encoding:
      - chunked
      vary:
      - Accept-Encoding
      x-content-type-options:
      - nosniff
    status:
      code: 200
      message: OK
- request:
    body: null
    headers:
      Accept:
      - application/json
      Accept-Encoding:
      - gzip, deflate
      CommandName:
      - image builder run
      Connection:
      - keep-alive
      ParameterSetName:
      - -n -g
      User-Agent:
      - python/3.7.4 (Windows-10-10.0.18362-SP0) msrest/0.6.10 msrest_azure/0.6.3
        azure-mgmt-imagebuilder/1.0.0 Azure-SDK-For-Python AZURECLI/2.6.0
    method: GET
    uri: https://management.azure.com/subscriptions/00000000-0000-0000-0000-000000000000/providers/Microsoft.VirtualMachineImages/locations/westus/operations/86fbe71c-e851-4c64-b719-441a61f5fe4d?api-version=2020-02-14
  response:
    body:
      string: "{\n \"name\": \"86FBE71C-E851-4C64-B719-441A61F5FE4D\",\n \"status\":
        \"InProgress\",\n \"startTime\": \"2020-05-28T09:35:16.5504211Z\"\n}"
    headers:
      cache-control:
      - no-cache
      content-length:
      - '122'
      content-type:
      - application/json
      date:
      - Thu, 28 May 2020 09:49:51 GMT
      expires:
      - '-1'
      pragma:
      - no-cache
      server:
      - nginx
      strict-transport-security:
      - max-age=31536000; includeSubDomains
      transfer-encoding:
      - chunked
      vary:
      - Accept-Encoding
      x-content-type-options:
      - nosniff
    status:
      code: 200
      message: OK
- request:
    body: null
    headers:
      Accept:
      - application/json
      Accept-Encoding:
      - gzip, deflate
      CommandName:
      - image builder run
      Connection:
      - keep-alive
      ParameterSetName:
      - -n -g
      User-Agent:
      - python/3.7.4 (Windows-10-10.0.18362-SP0) msrest/0.6.10 msrest_azure/0.6.3
        azure-mgmt-imagebuilder/1.0.0 Azure-SDK-For-Python AZURECLI/2.6.0
    method: GET
    uri: https://management.azure.com/subscriptions/00000000-0000-0000-0000-000000000000/providers/Microsoft.VirtualMachineImages/locations/westus/operations/86fbe71c-e851-4c64-b719-441a61f5fe4d?api-version=2020-02-14
  response:
    body:
      string: "{\n \"name\": \"86FBE71C-E851-4C64-B719-441A61F5FE4D\",\n \"status\":
        \"InProgress\",\n \"startTime\": \"2020-05-28T09:35:16.5504211Z\"\n}"
    headers:
      cache-control:
      - no-cache
      content-length:
      - '122'
      content-type:
      - application/json
      date:
      - Thu, 28 May 2020 09:50:21 GMT
      expires:
      - '-1'
      pragma:
      - no-cache
      server:
      - nginx
      strict-transport-security:
      - max-age=31536000; includeSubDomains
      transfer-encoding:
      - chunked
      vary:
      - Accept-Encoding
      x-content-type-options:
      - nosniff
    status:
      code: 200
      message: OK
- request:
    body: null
    headers:
      Accept:
      - application/json
      Accept-Encoding:
      - gzip, deflate
      CommandName:
      - image builder run
      Connection:
      - keep-alive
      ParameterSetName:
      - -n -g
      User-Agent:
      - python/3.7.4 (Windows-10-10.0.18362-SP0) msrest/0.6.10 msrest_azure/0.6.3
        azure-mgmt-imagebuilder/1.0.0 Azure-SDK-For-Python AZURECLI/2.6.0
    method: GET
    uri: https://management.azure.com/subscriptions/00000000-0000-0000-0000-000000000000/providers/Microsoft.VirtualMachineImages/locations/westus/operations/86fbe71c-e851-4c64-b719-441a61f5fe4d?api-version=2020-02-14
  response:
    body:
      string: "{\n \"name\": \"86FBE71C-E851-4C64-B719-441A61F5FE4D\",\n \"status\":
        \"InProgress\",\n \"startTime\": \"2020-05-28T09:35:16.5504211Z\"\n}"
    headers:
      cache-control:
      - no-cache
      content-length:
      - '122'
      content-type:
      - application/json
      date:
      - Thu, 28 May 2020 09:50:52 GMT
      expires:
      - '-1'
      pragma:
      - no-cache
      server:
      - nginx
      strict-transport-security:
      - max-age=31536000; includeSubDomains
      transfer-encoding:
      - chunked
      vary:
      - Accept-Encoding
      x-content-type-options:
      - nosniff
    status:
      code: 200
      message: OK
- request:
    body: null
    headers:
      Accept:
      - application/json
      Accept-Encoding:
      - gzip, deflate
      CommandName:
      - image builder run
      Connection:
      - keep-alive
      ParameterSetName:
      - -n -g
      User-Agent:
      - python/3.7.4 (Windows-10-10.0.18362-SP0) msrest/0.6.10 msrest_azure/0.6.3
        azure-mgmt-imagebuilder/1.0.0 Azure-SDK-For-Python AZURECLI/2.6.0
    method: GET
    uri: https://management.azure.com/subscriptions/00000000-0000-0000-0000-000000000000/providers/Microsoft.VirtualMachineImages/locations/westus/operations/86fbe71c-e851-4c64-b719-441a61f5fe4d?api-version=2020-02-14
  response:
    body:
      string: "{\n \"name\": \"86FBE71C-E851-4C64-B719-441A61F5FE4D\",\n \"status\":
        \"InProgress\",\n \"startTime\": \"2020-05-28T09:35:16.5504211Z\"\n}"
    headers:
      cache-control:
      - no-cache
      content-length:
      - '122'
      content-type:
      - application/json
      date:
      - Thu, 28 May 2020 09:51:22 GMT
      expires:
      - '-1'
      pragma:
      - no-cache
      server:
      - nginx
      strict-transport-security:
      - max-age=31536000; includeSubDomains
      transfer-encoding:
      - chunked
      vary:
      - Accept-Encoding
      x-content-type-options:
      - nosniff
    status:
      code: 200
      message: OK
- request:
    body: null
    headers:
      Accept:
      - application/json
      Accept-Encoding:
      - gzip, deflate
      CommandName:
      - image builder run
      Connection:
      - keep-alive
      ParameterSetName:
      - -n -g
      User-Agent:
      - python/3.7.4 (Windows-10-10.0.18362-SP0) msrest/0.6.10 msrest_azure/0.6.3
        azure-mgmt-imagebuilder/1.0.0 Azure-SDK-For-Python AZURECLI/2.6.0
    method: GET
    uri: https://management.azure.com/subscriptions/00000000-0000-0000-0000-000000000000/providers/Microsoft.VirtualMachineImages/locations/westus/operations/86fbe71c-e851-4c64-b719-441a61f5fe4d?api-version=2020-02-14
  response:
    body:
      string: "{\n \"name\": \"86FBE71C-E851-4C64-B719-441A61F5FE4D\",\n \"status\":
        \"InProgress\",\n \"startTime\": \"2020-05-28T09:35:16.5504211Z\"\n}"
    headers:
      cache-control:
      - no-cache
      content-length:
      - '122'
      content-type:
      - application/json
      date:
      - Thu, 28 May 2020 09:51:54 GMT
      expires:
      - '-1'
      pragma:
      - no-cache
      server:
      - nginx
      strict-transport-security:
      - max-age=31536000; includeSubDomains
      transfer-encoding:
      - chunked
      vary:
      - Accept-Encoding
      x-content-type-options:
      - nosniff
    status:
      code: 200
      message: OK
- request:
    body: null
    headers:
      Accept:
      - application/json
      Accept-Encoding:
      - gzip, deflate
      CommandName:
      - image builder run
      Connection:
      - keep-alive
      ParameterSetName:
      - -n -g
      User-Agent:
      - python/3.7.4 (Windows-10-10.0.18362-SP0) msrest/0.6.10 msrest_azure/0.6.3
        azure-mgmt-imagebuilder/1.0.0 Azure-SDK-For-Python AZURECLI/2.6.0
    method: GET
    uri: https://management.azure.com/subscriptions/00000000-0000-0000-0000-000000000000/providers/Microsoft.VirtualMachineImages/locations/westus/operations/86fbe71c-e851-4c64-b719-441a61f5fe4d?api-version=2020-02-14
  response:
    body:
      string: "{\n \"name\": \"86FBE71C-E851-4C64-B719-441A61F5FE4D\",\n \"status\":
        \"InProgress\",\n \"startTime\": \"2020-05-28T09:35:16.5504211Z\"\n}"
    headers:
      cache-control:
      - no-cache
      content-length:
      - '122'
      content-type:
      - application/json
      date:
      - Thu, 28 May 2020 09:52:24 GMT
      expires:
      - '-1'
      pragma:
      - no-cache
      server:
      - nginx
      strict-transport-security:
      - max-age=31536000; includeSubDomains
      transfer-encoding:
      - chunked
      vary:
      - Accept-Encoding
      x-content-type-options:
      - nosniff
    status:
      code: 200
      message: OK
- request:
    body: null
    headers:
      Accept:
      - application/json
      Accept-Encoding:
      - gzip, deflate
      CommandName:
      - image builder run
      Connection:
      - keep-alive
      ParameterSetName:
      - -n -g
      User-Agent:
      - python/3.7.4 (Windows-10-10.0.18362-SP0) msrest/0.6.10 msrest_azure/0.6.3
        azure-mgmt-imagebuilder/1.0.0 Azure-SDK-For-Python AZURECLI/2.6.0
    method: GET
    uri: https://management.azure.com/subscriptions/00000000-0000-0000-0000-000000000000/providers/Microsoft.VirtualMachineImages/locations/westus/operations/86fbe71c-e851-4c64-b719-441a61f5fe4d?api-version=2020-02-14
  response:
    body:
      string: "{\n \"name\": \"86FBE71C-E851-4C64-B719-441A61F5FE4D\",\n \"status\":
        \"Succeeded\",\n \"startTime\": \"2020-05-28T09:35:16.5504211Z\",\n \"endTime\":
        \"2020-05-28T09:52:28.1929908Z\"\n}"
    headers:
      cache-control:
      - no-cache
      content-length:
      - '165'
      content-type:
      - application/json
      date:
      - Thu, 28 May 2020 09:52:55 GMT
      expires:
      - '-1'
      pragma:
      - no-cache
      server:
      - nginx
      strict-transport-security:
      - max-age=31536000; includeSubDomains
      transfer-encoding:
      - chunked
      vary:
      - Accept-Encoding
      x-content-type-options:
      - nosniff
    status:
      code: 200
      message: OK
- request:
    body: null
    headers:
      Accept:
      - application/json
      Accept-Encoding:
      - gzip, deflate
      CommandName:
      - image builder show-runs
      Connection:
      - keep-alive
      ParameterSetName:
      - -n -g --output-name
      User-Agent:
      - python/3.7.4 (Windows-10-10.0.18362-SP0) msrest/0.6.10 msrest_azure/0.6.3
        azure-mgmt-imagebuilder/1.0.0 Azure-SDK-For-Python AZURECLI/2.6.0
      accept-language:
      - en-US
    method: GET
    uri: https://management.azure.com/subscriptions/00000000-0000-0000-0000-000000000000/resourceGroups/img_tmpl_sig000001/providers/Microsoft.VirtualMachineImages/imageTemplates/template01/runOutputs/image1?api-version=2020-02-14
  response:
    body:
      string: "{\n \"properties\": {\n  \"artifactId\": \"/subscriptions/00000000-0000-0000-0000-000000000000/resourceGroups/img_tmpl_sig000001/providers/Microsoft.Compute/galleries/ib_sig000003/images/image1/versions/0.24271.34685\",\n
        \ \"provisioningState\": \"Succeeded\"\n },\n \"id\": \"/subscriptions/00000000-0000-0000-0000-000000000000/resourcegroups/img_tmpl_sig000001/providers/Microsoft.VirtualMachineImages/imageTemplates/template01/runOutputs/image1\",\n
        \"name\": \"image1\",\n \"type\": \"Microsoft.VirtualMachineImages/imageTemplates/runOutputs\"\n}"
    headers:
      cache-control:
      - no-cache
      content-length:
      - '632'
      content-type:
      - application/json
      date:
      - Thu, 28 May 2020 09:52:58 GMT
      expires:
      - '-1'
      pragma:
      - no-cache
      server:
      - nginx
      strict-transport-security:
      - max-age=31536000; includeSubDomains
      transfer-encoding:
      - chunked
      vary:
      - Accept-Encoding
      x-content-type-options:
      - nosniff
    status:
      code: 200
      message: OK
- request:
    body: null
    headers:
      Accept:
      - application/json
      Accept-Encoding:
      - gzip, deflate
      CommandName:
      - vm create
      Connection:
      - keep-alive
      ParameterSetName:
      - --name -g --image --generate-ssh-keys
      User-Agent:
      - python/3.7.4 (Windows-10-10.0.18362-SP0) msrest/0.6.10 msrest_azure/0.6.3
        azure-mgmt-resource/9.0.0 Azure-SDK-For-Python AZURECLI/2.6.0
      accept-language:
      - en-US
    method: GET
    uri: https://management.azure.com/subscriptions/00000000-0000-0000-0000-000000000000/resourcegroups/img_tmpl_sig000001?api-version=2019-07-01
  response:
    body:
      string: '{"id":"/subscriptions/00000000-0000-0000-0000-000000000000/resourceGroups/img_tmpl_sig000001","name":"img_tmpl_sig000001","type":"Microsoft.Resources/resourceGroups","location":"westus","tags":{"product":"azurecli","cause":"automation","date":"2020-05-28T09:32:01Z"},"properties":{"provisioningState":"Succeeded"}}'
    headers:
      cache-control:
      - no-cache
      content-length:
      - '428'
      content-type:
      - application/json; charset=utf-8
      date:
      - Thu, 28 May 2020 09:53:00 GMT
      expires:
      - '-1'
      pragma:
      - no-cache
      strict-transport-security:
      - max-age=31536000; includeSubDomains
      vary:
      - Accept-Encoding
      x-content-type-options:
      - nosniff
    status:
      code: 200
      message: OK
- request:
    body: null
    headers:
      Accept:
      - application/json
      Accept-Encoding:
      - gzip, deflate
      CommandName:
      - vm create
      Connection:
      - keep-alive
      ParameterSetName:
      - --name -g --image --generate-ssh-keys
      User-Agent:
      - python/3.7.4 (Windows-10-10.0.18362-SP0) msrest/0.6.10 msrest_azure/0.6.3
        azure-mgmt-compute/12.0.0 Azure-SDK-For-Python AZURECLI/2.6.0
      accept-language:
      - en-US
    method: GET
    uri: https://management.azure.com/subscriptions/00000000-0000-0000-0000-000000000000/resourceGroups/img_tmpl_sig000001/providers/Microsoft.Compute/galleries/ib_sig000003/images/image1?api-version=2019-12-01
  response:
    body:
      string: "{\r\n  \"name\": \"image1\",\r\n  \"id\": \"/subscriptions/00000000-0000-0000-0000-000000000000/resourceGroups/img_tmpl_sig000001/providers/Microsoft.Compute/galleries/ib_sig000003/images/image1\",\r\n
        \ \"type\": \"Microsoft.Compute/galleries/images\",\r\n  \"location\": \"westus\",\r\n
        \ \"tags\": {},\r\n  \"properties\": {\r\n    \"hyperVGeneration\": \"V1\",\r\n
        \   \"osType\": \"Linux\",\r\n    \"osState\": \"Generalized\",\r\n    \"identifier\":
        {\r\n      \"publisher\": \"publisher1\",\r\n      \"offer\": \"offer1\",\r\n
        \     \"sku\": \"sku1\"\r\n    },\r\n    \"provisioningState\": \"Succeeded\"\r\n
        \ }\r\n}"
    headers:
      cache-control:
      - no-cache
      content-length:
      - '590'
      content-type:
      - application/json; charset=utf-8
      date:
      - Thu, 28 May 2020 09:53:00 GMT
      expires:
      - '-1'
      pragma:
      - no-cache
      server:
      - Microsoft-HTTPAPI/2.0
      - Microsoft-HTTPAPI/2.0
      strict-transport-security:
      - max-age=31536000; includeSubDomains
      transfer-encoding:
      - chunked
      vary:
      - Accept-Encoding
      x-content-type-options:
      - nosniff
      x-ms-ratelimit-remaining-resource:
      - Microsoft.Compute/GetGalleryImage3Min;599,Microsoft.Compute/GetGalleryImage30Min;2987
    status:
      code: 200
      message: OK
- request:
    body: null
    headers:
      Accept:
      - application/json
      Accept-Encoding:
      - gzip, deflate
      CommandName:
      - vm create
      Connection:
      - keep-alive
      ParameterSetName:
      - --name -g --image --generate-ssh-keys
      User-Agent:
      - python/3.7.4 (Windows-10-10.0.18362-SP0) msrest/0.6.10 msrest_azure/0.6.3
        azure-mgmt-compute/12.0.0 Azure-SDK-For-Python AZURECLI/2.6.0
      accept-language:
      - en-US
    method: GET
    uri: https://management.azure.com/subscriptions/00000000-0000-0000-0000-000000000000/resourceGroups/img_tmpl_sig000001/providers/Microsoft.Compute/galleries/ib_sig000003/images/image1/versions/0.24271.34685?api-version=2019-12-01
  response:
    body:
      string: "{\r\n  \"name\": \"0.24271.34685\",\r\n  \"id\": \"/subscriptions/00000000-0000-0000-0000-000000000000/resourceGroups/img_tmpl_sig000001/providers/Microsoft.Compute/galleries/ib_sig000003/images/image1/versions/0.24271.34685\",\r\n
        \ \"type\": \"Microsoft.Compute/galleries/images/versions\",\r\n  \"location\":
        \"westus\",\r\n  \"tags\": {\r\n    \"correlationId\": \"cf9d09b3-4fa6-458e-8684-2fdea6113239\"\r\n
        \ },\r\n  \"properties\": {\r\n    \"publishingProfile\": {\r\n      \"targetRegions\":
        [\r\n        {\r\n          \"name\": \"West US\",\r\n          \"regionalReplicaCount\":
        1,\r\n          \"storageAccountType\": \"Standard_LRS\"\r\n        }\r\n
        \     ],\r\n      \"replicaCount\": 1,\r\n      \"excludeFromLatest\": false,\r\n
        \     \"publishedDate\": \"2020-05-28T09:42:23.2916195+00:00\",\r\n      \"storageAccountType\":
        \"Standard_LRS\"\r\n    },\r\n    \"storageProfile\": {\r\n      \"source\":
        {\r\n        \"id\": \"/subscriptions/00000000-0000-0000-0000-000000000000/resourceGroups/IT_img_tmpl_sigqjzy5ltnmfywsfg4pora7brfivdm_cd2c639d-a8fb-4348-95c6-a1a328916d79/providers/Microsoft.Compute/images/IntermediateSnapImg_cf9d09b3-4fa6-458e-8684-2fdea6113239_0\"\r\n
        \     },\r\n      \"osDiskImage\": {\r\n        \"sizeInGB\": 30,\r\n        \"hostCaching\":
        \"None\",\r\n        \"source\": {}\r\n      }\r\n    },\r\n    \"provisioningState\":
        \"Succeeded\"\r\n  }\r\n}"
    headers:
      cache-control:
      - no-cache
      content-length:
      - '1307'
      content-type:
      - application/json; charset=utf-8
      date:
      - Thu, 28 May 2020 09:53:01 GMT
      expires:
      - '-1'
      pragma:
      - no-cache
      server:
      - Microsoft-HTTPAPI/2.0
      - Microsoft-HTTPAPI/2.0
      strict-transport-security:
      - max-age=31536000; includeSubDomains
      transfer-encoding:
      - chunked
      vary:
      - Accept-Encoding
      x-content-type-options:
      - nosniff
      x-ms-ratelimit-remaining-resource:
      - Microsoft.Compute/GetGalleryImageVersion3Min;1994,Microsoft.Compute/GetGalleryImageVersion30Min;9992
    status:
      code: 200
      message: OK
- request:
    body: null
    headers:
      Accept:
      - application/json
      Accept-Encoding:
      - gzip, deflate
      CommandName:
      - vm create
      Connection:
      - keep-alive
      ParameterSetName:
      - --name -g --image --generate-ssh-keys
      User-Agent:
      - python/3.7.4 (Windows-10-10.0.18362-SP0) msrest/0.6.10 msrest_azure/0.6.3
        azure-mgmt-network/10.2.0 Azure-SDK-For-Python AZURECLI/2.6.0
      accept-language:
      - en-US
    method: GET
    uri: https://management.azure.com/subscriptions/00000000-0000-0000-0000-000000000000/resourceGroups/img_tmpl_sig000001/providers/Microsoft.Network/virtualNetworks?api-version=2018-01-01
  response:
    body:
      string: '{"value":[]}'
    headers:
      cache-control:
      - no-cache
      content-length:
      - '12'
      content-type:
      - application/json; charset=utf-8
      date:
      - Thu, 28 May 2020 09:53:02 GMT
      expires:
      - '-1'
      pragma:
      - no-cache
      strict-transport-security:
      - max-age=31536000; includeSubDomains
      vary:
      - Accept-Encoding
      x-content-type-options:
      - nosniff
    status:
      code: 200
      message: OK
- request:
    body: 'b''{"properties": {"template": {"$schema": "https://schema.management.azure.com/schemas/2015-01-01/deploymentTemplate.json#",
      "contentVersion": "1.0.0.0", "parameters": {}, "variables": {}, "resources":
      [{"name": "custom-vmVNET", "type": "Microsoft.Network/virtualNetworks", "location":
      "westus", "apiVersion": "2015-06-15", "dependsOn": [], "tags": {}, "properties":
      {"addressSpace": {"addressPrefixes": ["10.0.0.0/16"]}, "subnets": [{"name":
      "custom-vmSubnet", "properties": {"addressPrefix": "10.0.0.0/24"}}]}}, {"type":
      "Microsoft.Network/networkSecurityGroups", "name": "custom-vmNSG", "apiVersion":
      "2015-06-15", "location": "westus", "tags": {}, "dependsOn": [], "properties":
      {"securityRules": [{"name": "default-allow-ssh", "properties": {"protocol":
      "Tcp", "sourcePortRange": "*", "destinationPortRange": "22", "sourceAddressPrefix":
      "*", "destinationAddressPrefix": "*", "access": "Allow", "priority": 1000, "direction":
      "Inbound"}}]}}, {"apiVersion": "2018-01-01", "type": "Microsoft.Network/publicIPAddresses",
      "name": "custom-vmPublicIP", "location": "westus", "tags": {}, "dependsOn":
      [], "properties": {"publicIPAllocationMethod": null}}, {"apiVersion": "2015-06-15",
      "type": "Microsoft.Network/networkInterfaces", "name": "custom-vmVMNic", "location":
      "westus", "tags": {}, "dependsOn": ["Microsoft.Network/virtualNetworks/custom-vmVNET",
      "Microsoft.Network/networkSecurityGroups/custom-vmNSG", "Microsoft.Network/publicIpAddresses/custom-vmPublicIP"],
      "properties": {"ipConfigurations": [{"name": "ipconfigcustom-vm", "properties":
      {"privateIPAllocationMethod": "Dynamic", "subnet": {"id": "/subscriptions/00000000-0000-0000-0000-000000000000/resourceGroups/img_tmpl_sig000001/providers/Microsoft.Network/virtualNetworks/custom-vmVNET/subnets/custom-vmSubnet"},
      "publicIPAddress": {"id": "/subscriptions/00000000-0000-0000-0000-000000000000/resourceGroups/img_tmpl_sig000001/providers/Microsoft.Network/publicIPAddresses/custom-vmPublicIP"}}}],
      "networkSecurityGroup": {"id": "/subscriptions/00000000-0000-0000-0000-000000000000/resourceGroups/img_tmpl_sig000001/providers/Microsoft.Network/networkSecurityGroups/custom-vmNSG"}}},
      {"apiVersion": "2019-07-01", "type": "Microsoft.Compute/virtualMachines", "name":
      "custom-vm", "location": "westus", "tags": {}, "dependsOn": ["Microsoft.Network/networkInterfaces/custom-vmVMNic"],
      "properties": {"hardwareProfile": {"vmSize": "Standard_DS1_v2"}, "networkProfile":
      {"networkInterfaces": [{"id": "/subscriptions/00000000-0000-0000-0000-000000000000/resourceGroups/img_tmpl_sig000001/providers/Microsoft.Network/networkInterfaces/custom-vmVMNic"}]},
      "storageProfile": {"osDisk": {"createOption": "fromImage", "name": null, "caching":
      "ReadWrite", "managedDisk": {"storageAccountType": null}}, "imageReference":
      {"id": "/subscriptions/00000000-0000-0000-0000-000000000000/resourceGroups/img_tmpl_sig000001/providers/Microsoft.Compute/galleries/ib_sig000003/images/image1/versions/0.24271.34685"}},
      "osProfile": {"computerName": "custom-vm", "adminUsername": "fey", "linuxConfiguration":
      {"disablePasswordAuthentication": true, "ssh": {"publicKeys": [{"keyData": "ssh-rsa
      AAAAB3NzaC1yc2EAAAADAQABAAABAQDmzXeK++L20uMK/Ug5wpjnWWyMlHoecEOxyHueHc1gPDj8qgLChiHt1OWJ1sDjiqBJ+hEEwZLjN8lCmUvWzzrl20d7M/BVp1ejulE/zr999kWuY3m5+FpAkbbxeO9LWoafwOir9dPzIOjDGdPWKbgHr3SerOHAuvVdXJDhWHtW5lB/MEnrxi48Pz/8k1lD1YccUAI6zDgKVJPBEk9fWMW8H0hKYsRXmlxdtg2npBQK7kbmcB2NJPEhTVgxVPqSaBVAt2lOCC/QQvAXcoD0lJGujp1IVYqSUarS5RnrYEDZ9Q6EKduWrP0GFkFkF8YzpFe+BRFaV8bLJrvZN43vgzRj
      fey@DESKTOP-ARGPJS4\\n", "path": "/home/fey/.ssh/authorized_keys"}]}}}}}], "outputs":
      {}}, "parameters": {}, "mode": "Incremental"}}'''
    headers:
      Accept:
      - application/json
      Accept-Encoding:
      - gzip, deflate
      CommandName:
      - vm create
      Connection:
      - keep-alive
      Content-Length:
      - '3917'
      Content-Type:
      - application/json; charset=utf-8
      ParameterSetName:
      - --name -g --image --generate-ssh-keys
      User-Agent:
      - python/3.7.4 (Windows-10-10.0.18362-SP0) msrest/0.6.10 msrest_azure/0.6.3
        azure-mgmt-resource/9.0.0 Azure-SDK-For-Python AZURECLI/2.6.0
      accept-language:
      - en-US
    method: PUT
    uri: https://management.azure.com/subscriptions/00000000-0000-0000-0000-000000000000/resourcegroups/img_tmpl_sig000001/providers/Microsoft.Resources/deployments/mock-deployment?api-version=2019-07-01
  response:
    body:
      string: '{"id":"/subscriptions/00000000-0000-0000-0000-000000000000/resourceGroups/img_tmpl_sig000001/providers/Microsoft.Resources/deployments/vm_deploy_87tQmvtBfm09JSgVZVPd6Zv80RALlFvz","name":"vm_deploy_87tQmvtBfm09JSgVZVPd6Zv80RALlFvz","type":"Microsoft.Resources/deployments","properties":{"templateHash":"2057572802557043709","parameters":{},"mode":"Incremental","provisioningState":"Accepted","timestamp":"2020-05-28T09:53:08.0795465Z","duration":"PT3.2173159S","correlationId":"24a40183-c019-48d7-9e1f-eb0ffdfc73b0","providers":[{"namespace":"Microsoft.Network","resourceTypes":[{"resourceType":"virtualNetworks","locations":["westus"]},{"resourceType":"networkSecurityGroups","locations":["westus"]},{"resourceType":"publicIPAddresses","locations":["westus"]},{"resourceType":"networkInterfaces","locations":["westus"]}]},{"namespace":"Microsoft.Compute","resourceTypes":[{"resourceType":"virtualMachines","locations":["westus"]}]}],"dependencies":[{"dependsOn":[{"id":"/subscriptions/00000000-0000-0000-0000-000000000000/resourceGroups/img_tmpl_sig000001/providers/Microsoft.Network/virtualNetworks/custom-vmVNET","resourceType":"Microsoft.Network/virtualNetworks","resourceName":"custom-vmVNET"},{"id":"/subscriptions/00000000-0000-0000-0000-000000000000/resourceGroups/img_tmpl_sig000001/providers/Microsoft.Network/networkSecurityGroups/custom-vmNSG","resourceType":"Microsoft.Network/networkSecurityGroups","resourceName":"custom-vmNSG"},{"id":"/subscriptions/00000000-0000-0000-0000-000000000000/resourceGroups/img_tmpl_sig000001/providers/Microsoft.Network/publicIPAddresses/custom-vmPublicIP","resourceType":"Microsoft.Network/publicIPAddresses","resourceName":"custom-vmPublicIP"}],"id":"/subscriptions/00000000-0000-0000-0000-000000000000/resourceGroups/img_tmpl_sig000001/providers/Microsoft.Network/networkInterfaces/custom-vmVMNic","resourceType":"Microsoft.Network/networkInterfaces","resourceName":"custom-vmVMNic"},{"dependsOn":[{"id":"/subscriptions/00000000-0000-0000-0000-000000000000/resourceGroups/img_tmpl_sig000001/providers/Microsoft.Network/networkInterfaces/custom-vmVMNic","resourceType":"Microsoft.Network/networkInterfaces","resourceName":"custom-vmVMNic"}],"id":"/subscriptions/00000000-0000-0000-0000-000000000000/resourceGroups/img_tmpl_sig000001/providers/Microsoft.Compute/virtualMachines/custom-vm","resourceType":"Microsoft.Compute/virtualMachines","resourceName":"custom-vm"}]}}'
    headers:
      azure-asyncoperation:
      - https://management.azure.com/subscriptions/00000000-0000-0000-0000-000000000000/resourcegroups/img_tmpl_sig000001/providers/Microsoft.Resources/deployments/vm_deploy_87tQmvtBfm09JSgVZVPd6Zv80RALlFvz/operationStatuses/08586109473006154032?api-version=2019-07-01
      cache-control:
      - no-cache
      content-length:
      - '2814'
      content-type:
      - application/json; charset=utf-8
      date:
      - Thu, 28 May 2020 09:53:09 GMT
      expires:
      - '-1'
      pragma:
      - no-cache
      strict-transport-security:
      - max-age=31536000; includeSubDomains
      x-content-type-options:
      - nosniff
      x-ms-ratelimit-remaining-subscription-writes:
      - '1199'
    status:
      code: 201
      message: Created
- request:
    body: null
    headers:
      Accept:
      - application/json
      Accept-Encoding:
      - gzip, deflate
      CommandName:
      - vm create
      Connection:
      - keep-alive
      ParameterSetName:
      - --name -g --image --generate-ssh-keys
      User-Agent:
      - python/3.7.4 (Windows-10-10.0.18362-SP0) msrest/0.6.10 msrest_azure/0.6.3
        azure-mgmt-resource/9.0.0 Azure-SDK-For-Python AZURECLI/2.6.0
    method: GET
    uri: https://management.azure.com/subscriptions/00000000-0000-0000-0000-000000000000/resourcegroups/img_tmpl_sig000001/providers/Microsoft.Resources/deployments/mock-deployment/operationStatuses/08586109473006154032?api-version=2019-07-01
  response:
    body:
      string: '{"status":"Running"}'
    headers:
      cache-control:
      - no-cache
      content-length:
      - '20'
      content-type:
      - application/json; charset=utf-8
      date:
      - Thu, 28 May 2020 09:53:40 GMT
      expires:
      - '-1'
      pragma:
      - no-cache
      strict-transport-security:
      - max-age=31536000; includeSubDomains
      vary:
      - Accept-Encoding
      x-content-type-options:
      - nosniff
    status:
      code: 200
      message: OK
- request:
    body: null
    headers:
      Accept:
      - application/json
      Accept-Encoding:
      - gzip, deflate
      CommandName:
      - vm create
      Connection:
      - keep-alive
      ParameterSetName:
      - --name -g --image --generate-ssh-keys
      User-Agent:
      - python/3.7.4 (Windows-10-10.0.18362-SP0) msrest/0.6.10 msrest_azure/0.6.3
        azure-mgmt-resource/9.0.0 Azure-SDK-For-Python AZURECLI/2.6.0
    method: GET
    uri: https://management.azure.com/subscriptions/00000000-0000-0000-0000-000000000000/resourcegroups/img_tmpl_sig000001/providers/Microsoft.Resources/deployments/mock-deployment/operationStatuses/08586109473006154032?api-version=2019-07-01
  response:
    body:
      string: '{"status":"Running"}'
    headers:
      cache-control:
      - no-cache
      content-length:
      - '20'
      content-type:
      - application/json; charset=utf-8
      date:
      - Thu, 28 May 2020 09:54:11 GMT
      expires:
      - '-1'
      pragma:
      - no-cache
      strict-transport-security:
      - max-age=31536000; includeSubDomains
      vary:
      - Accept-Encoding
      x-content-type-options:
      - nosniff
    status:
      code: 200
      message: OK
- request:
    body: null
    headers:
      Accept:
      - application/json
      Accept-Encoding:
      - gzip, deflate
      CommandName:
      - vm create
      Connection:
      - keep-alive
      ParameterSetName:
      - --name -g --image --generate-ssh-keys
      User-Agent:
      - python/3.7.4 (Windows-10-10.0.18362-SP0) msrest/0.6.10 msrest_azure/0.6.3
        azure-mgmt-resource/9.0.0 Azure-SDK-For-Python AZURECLI/2.6.0
    method: GET
    uri: https://management.azure.com/subscriptions/00000000-0000-0000-0000-000000000000/resourcegroups/img_tmpl_sig000001/providers/Microsoft.Resources/deployments/mock-deployment/operationStatuses/08586109473006154032?api-version=2019-07-01
  response:
    body:
      string: '{"status":"Running"}'
    headers:
      cache-control:
      - no-cache
      content-length:
      - '20'
      content-type:
      - application/json; charset=utf-8
      date:
      - Thu, 28 May 2020 09:54:41 GMT
      expires:
      - '-1'
      pragma:
      - no-cache
      strict-transport-security:
      - max-age=31536000; includeSubDomains
      vary:
      - Accept-Encoding
      x-content-type-options:
      - nosniff
    status:
      code: 200
      message: OK
- request:
    body: null
    headers:
      Accept:
      - application/json
      Accept-Encoding:
      - gzip, deflate
      CommandName:
      - vm create
      Connection:
      - keep-alive
      ParameterSetName:
      - --name -g --image --generate-ssh-keys
      User-Agent:
      - python/3.7.4 (Windows-10-10.0.18362-SP0) msrest/0.6.10 msrest_azure/0.6.3
        azure-mgmt-resource/9.0.0 Azure-SDK-For-Python AZURECLI/2.6.0
    method: GET
    uri: https://management.azure.com/subscriptions/00000000-0000-0000-0000-000000000000/resourcegroups/img_tmpl_sig000001/providers/Microsoft.Resources/deployments/mock-deployment/operationStatuses/08586109473006154032?api-version=2019-07-01
  response:
    body:
      string: '{"status":"Succeeded"}'
    headers:
      cache-control:
      - no-cache
      content-length:
      - '22'
      content-type:
      - application/json; charset=utf-8
      date:
      - Thu, 28 May 2020 09:55:12 GMT
      expires:
      - '-1'
      pragma:
      - no-cache
      strict-transport-security:
      - max-age=31536000; includeSubDomains
      vary:
      - Accept-Encoding
      x-content-type-options:
      - nosniff
    status:
      code: 200
      message: OK
- request:
    body: null
    headers:
      Accept:
      - application/json
      Accept-Encoding:
      - gzip, deflate
      CommandName:
      - vm create
      Connection:
      - keep-alive
      ParameterSetName:
      - --name -g --image --generate-ssh-keys
      User-Agent:
      - python/3.7.4 (Windows-10-10.0.18362-SP0) msrest/0.6.10 msrest_azure/0.6.3
        azure-mgmt-resource/9.0.0 Azure-SDK-For-Python AZURECLI/2.6.0
    method: GET
    uri: https://management.azure.com/subscriptions/00000000-0000-0000-0000-000000000000/resourcegroups/img_tmpl_sig000001/providers/Microsoft.Resources/deployments/mock-deployment?api-version=2019-07-01
  response:
    body:
      string: '{"id":"/subscriptions/00000000-0000-0000-0000-000000000000/resourceGroups/img_tmpl_sig000001/providers/Microsoft.Resources/deployments/vm_deploy_87tQmvtBfm09JSgVZVPd6Zv80RALlFvz","name":"vm_deploy_87tQmvtBfm09JSgVZVPd6Zv80RALlFvz","type":"Microsoft.Resources/deployments","properties":{"templateHash":"2057572802557043709","parameters":{},"mode":"Incremental","provisioningState":"Succeeded","timestamp":"2020-05-28T09:55:03.5173432Z","duration":"PT1M58.6551126S","correlationId":"24a40183-c019-48d7-9e1f-eb0ffdfc73b0","providers":[{"namespace":"Microsoft.Network","resourceTypes":[{"resourceType":"virtualNetworks","locations":["westus"]},{"resourceType":"networkSecurityGroups","locations":["westus"]},{"resourceType":"publicIPAddresses","locations":["westus"]},{"resourceType":"networkInterfaces","locations":["westus"]}]},{"namespace":"Microsoft.Compute","resourceTypes":[{"resourceType":"virtualMachines","locations":["westus"]}]}],"dependencies":[{"dependsOn":[{"id":"/subscriptions/00000000-0000-0000-0000-000000000000/resourceGroups/img_tmpl_sig000001/providers/Microsoft.Network/virtualNetworks/custom-vmVNET","resourceType":"Microsoft.Network/virtualNetworks","resourceName":"custom-vmVNET"},{"id":"/subscriptions/00000000-0000-0000-0000-000000000000/resourceGroups/img_tmpl_sig000001/providers/Microsoft.Network/networkSecurityGroups/custom-vmNSG","resourceType":"Microsoft.Network/networkSecurityGroups","resourceName":"custom-vmNSG"},{"id":"/subscriptions/00000000-0000-0000-0000-000000000000/resourceGroups/img_tmpl_sig000001/providers/Microsoft.Network/publicIPAddresses/custom-vmPublicIP","resourceType":"Microsoft.Network/publicIPAddresses","resourceName":"custom-vmPublicIP"}],"id":"/subscriptions/00000000-0000-0000-0000-000000000000/resourceGroups/img_tmpl_sig000001/providers/Microsoft.Network/networkInterfaces/custom-vmVMNic","resourceType":"Microsoft.Network/networkInterfaces","resourceName":"custom-vmVMNic"},{"dependsOn":[{"id":"/subscriptions/00000000-0000-0000-0000-000000000000/resourceGroups/img_tmpl_sig000001/providers/Microsoft.Network/networkInterfaces/custom-vmVMNic","resourceType":"Microsoft.Network/networkInterfaces","resourceName":"custom-vmVMNic"}],"id":"/subscriptions/00000000-0000-0000-0000-000000000000/resourceGroups/img_tmpl_sig000001/providers/Microsoft.Compute/virtualMachines/custom-vm","resourceType":"Microsoft.Compute/virtualMachines","resourceName":"custom-vm"}],"outputs":{},"outputResources":[{"id":"/subscriptions/00000000-0000-0000-0000-000000000000/resourceGroups/img_tmpl_sig000001/providers/Microsoft.Compute/virtualMachines/custom-vm"},{"id":"/subscriptions/00000000-0000-0000-0000-000000000000/resourceGroups/img_tmpl_sig000001/providers/Microsoft.Network/networkInterfaces/custom-vmVMNic"},{"id":"/subscriptions/00000000-0000-0000-0000-000000000000/resourceGroups/img_tmpl_sig000001/providers/Microsoft.Network/networkSecurityGroups/custom-vmNSG"},{"id":"/subscriptions/00000000-0000-0000-0000-000000000000/resourceGroups/img_tmpl_sig000001/providers/Microsoft.Network/publicIPAddresses/custom-vmPublicIP"},{"id":"/subscriptions/00000000-0000-0000-0000-000000000000/resourceGroups/img_tmpl_sig000001/providers/Microsoft.Network/virtualNetworks/custom-vmVNET"}]}}'
    headers:
      cache-control:
      - no-cache
      content-length:
      - '3911'
      content-type:
      - application/json; charset=utf-8
      date:
      - Thu, 28 May 2020 09:55:13 GMT
      expires:
      - '-1'
      pragma:
      - no-cache
      strict-transport-security:
      - max-age=31536000; includeSubDomains
      vary:
      - Accept-Encoding
      x-content-type-options:
      - nosniff
    status:
      code: 200
      message: OK
- request:
    body: null
    headers:
      Accept:
      - application/json
      Accept-Encoding:
      - gzip, deflate
      CommandName:
      - vm create
      Connection:
      - keep-alive
      ParameterSetName:
      - --name -g --image --generate-ssh-keys
      User-Agent:
      - python/3.7.4 (Windows-10-10.0.18362-SP0) msrest/0.6.10 msrest_azure/0.6.3
        azure-mgmt-compute/12.0.0 Azure-SDK-For-Python AZURECLI/2.6.0
      accept-language:
      - en-US
    method: GET
    uri: https://management.azure.com/subscriptions/00000000-0000-0000-0000-000000000000/resourceGroups/img_tmpl_sig000001/providers/Microsoft.Compute/virtualMachines/custom-vm?$expand=instanceView&api-version=2019-07-01
  response:
    body:
      string: "{\r\n  \"name\": \"custom-vm\",\r\n  \"id\": \"/subscriptions/00000000-0000-0000-0000-000000000000/resourceGroups/img_tmpl_sig000001/providers/Microsoft.Compute/virtualMachines/custom-vm\",\r\n
        \ \"type\": \"Microsoft.Compute/virtualMachines\",\r\n  \"location\": \"westus\",\r\n
        \ \"tags\": {},\r\n  \"properties\": {\r\n    \"vmId\": \"56aeea5b-51a6-4a4e-9643-81fe95412cf5\",\r\n
        \   \"hardwareProfile\": {\r\n      \"vmSize\": \"Standard_DS1_v2\"\r\n    },\r\n
        \   \"storageProfile\": {\r\n      \"imageReference\": {\r\n        \"id\":
        \"/subscriptions/00000000-0000-0000-0000-000000000000/resourceGroups/img_tmpl_sig000001/providers/Microsoft.Compute/galleries/ib_sig000003/images/image1/versions/0.24271.34685\",\r\n
        \       \"exactVersion\": \"0.24271.34685\"\r\n      },\r\n      \"osDisk\":
        {\r\n        \"osType\": \"Linux\",\r\n        \"name\": \"custom-vm_OsDisk_1_eb5fc41b38f84d1e8255b78a77be377f\",\r\n
        \       \"createOption\": \"FromImage\",\r\n        \"caching\": \"ReadWrite\",\r\n
        \       \"managedDisk\": {\r\n          \"storageAccountType\": \"Premium_LRS\",\r\n
        \         \"id\": \"/subscriptions/00000000-0000-0000-0000-000000000000/resourceGroups/IMG_TMPL_SIGQJZY5LTNMFYWSFG4PORA7BRFIVDMUB6ZDZKLAQ32XQNCLIDZUWDZM37IKPS4FZ2/providers/Microsoft.Compute/disks/custom-vm_OsDisk_1_eb5fc41b38f84d1e8255b78a77be377f\"\r\n
        \       },\r\n        \"diskSizeGB\": 30\r\n      },\r\n      \"dataDisks\":
        []\r\n    },\r\n    \"osProfile\": {\r\n      \"computerName\": \"custom-vm\",\r\n
        \     \"adminUsername\": \"fey\",\r\n      \"linuxConfiguration\": {\r\n        \"disablePasswordAuthentication\":
        true,\r\n        \"ssh\": {\r\n          \"publicKeys\": [\r\n            {\r\n
        \             \"path\": \"/home/fey/.ssh/authorized_keys\",\r\n              \"keyData\":
        \"ssh-rsa AAAAB3NzaC1yc2EAAAADAQABAAABAQDmzXeK++L20uMK/Ug5wpjnWWyMlHoecEOxyHueHc1gPDj8qgLChiHt1OWJ1sDjiqBJ+hEEwZLjN8lCmUvWzzrl20d7M/BVp1ejulE/zr999kWuY3m5+FpAkbbxeO9LWoafwOir9dPzIOjDGdPWKbgHr3SerOHAuvVdXJDhWHtW5lB/MEnrxi48Pz/8k1lD1YccUAI6zDgKVJPBEk9fWMW8H0hKYsRXmlxdtg2npBQK7kbmcB2NJPEhTVgxVPqSaBVAt2lOCC/QQvAXcoD0lJGujp1IVYqSUarS5RnrYEDZ9Q6EKduWrP0GFkFkF8YzpFe+BRFaV8bLJrvZN43vgzRj
        fey@DESKTOP-ARGPJS4\\n\"\r\n            }\r\n          ]\r\n        },\r\n
        \       \"provisionVMAgent\": true\r\n      },\r\n      \"secrets\": [],\r\n
        \     \"allowExtensionOperations\": true,\r\n      \"requireGuestProvisionSignal\":
        true\r\n    },\r\n    \"networkProfile\": {\"networkInterfaces\":[{\"id\":\"/subscriptions/00000000-0000-0000-0000-000000000000/resourceGroups/img_tmpl_sig000001/providers/Microsoft.Network/networkInterfaces/custom-vmVMNic\"}]},\r\n
        \   \"provisioningState\": \"Succeeded\",\r\n    \"instanceView\": {\r\n      \"vmAgent\":
        {\r\n        \"vmAgentVersion\": \"Unknown\",\r\n        \"statuses\": [\r\n
        \         {\r\n            \"code\": \"ProvisioningState/Unavailable\",\r\n
        \           \"level\": \"Warning\",\r\n            \"displayStatus\": \"Not
        Ready\",\r\n            \"message\": \"VM status blob is found but not yet
        populated.\",\r\n            \"time\": \"2020-05-28T09:55:14+00:00\"\r\n          }\r\n
        \       ]\r\n      },\r\n      \"disks\": [\r\n        {\r\n          \"name\":
        \"custom-vm_OsDisk_1_eb5fc41b38f84d1e8255b78a77be377f\",\r\n          \"statuses\":
        [\r\n            {\r\n              \"code\": \"ProvisioningState/succeeded\",\r\n
        \             \"level\": \"Info\",\r\n              \"displayStatus\": \"Provisioning
        succeeded\",\r\n              \"time\": \"2020-05-28T09:53:46.8342151+00:00\"\r\n
        \           }\r\n          ]\r\n        }\r\n      ],\r\n      \"hyperVGeneration\":
        \"V1\",\r\n      \"statuses\": [\r\n        {\r\n          \"code\": \"ProvisioningState/succeeded\",\r\n
        \         \"level\": \"Info\",\r\n          \"displayStatus\": \"Provisioning
        succeeded\",\r\n          \"time\": \"2020-05-28T09:55:02.3654848+00:00\"\r\n
        \       },\r\n        {\r\n          \"code\": \"PowerState/running\",\r\n
        \         \"level\": \"Info\",\r\n          \"displayStatus\": \"VM running\"\r\n
        \       }\r\n      ]\r\n    }\r\n  }\r\n}"
    headers:
      cache-control:
      - no-cache
      content-length:
      - '3835'
      content-type:
      - application/json; charset=utf-8
      date:
      - Thu, 28 May 2020 09:55:14 GMT
      expires:
      - '-1'
      pragma:
      - no-cache
      server:
      - Microsoft-HTTPAPI/2.0
      - Microsoft-HTTPAPI/2.0
      strict-transport-security:
      - max-age=31536000; includeSubDomains
      transfer-encoding:
      - chunked
      vary:
      - Accept-Encoding
      x-content-type-options:
      - nosniff
      x-ms-ratelimit-remaining-resource:
      - Microsoft.Compute/LowCostGet3Min;3996,Microsoft.Compute/LowCostGet30Min;31974
    status:
      code: 200
      message: OK
- request:
    body: null
    headers:
      Accept:
      - application/json
      Accept-Encoding:
      - gzip, deflate
      CommandName:
      - vm create
      Connection:
      - keep-alive
      ParameterSetName:
      - --name -g --image --generate-ssh-keys
      User-Agent:
      - python/3.7.4 (Windows-10-10.0.18362-SP0) msrest/0.6.10 msrest_azure/0.6.3
        azure-mgmt-network/10.2.0 Azure-SDK-For-Python AZURECLI/2.6.0
      accept-language:
      - en-US
    method: GET
    uri: https://management.azure.com/subscriptions/00000000-0000-0000-0000-000000000000/resourceGroups/img_tmpl_sig000001/providers/Microsoft.Network/networkInterfaces/custom-vmVMNic?api-version=2018-01-01
  response:
    body:
      string: "{\r\n  \"name\": \"custom-vmVMNic\",\r\n  \"id\": \"/subscriptions/00000000-0000-0000-0000-000000000000/resourceGroups/img_tmpl_sig000001/providers/Microsoft.Network/networkInterfaces/custom-vmVMNic\",\r\n
        \ \"etag\": \"W/\\\"6879887f-8bc4-420c-a81b-32f20d947f61\\\"\",\r\n  \"location\":
        \"westus\",\r\n  \"tags\": {},\r\n  \"properties\": {\r\n    \"provisioningState\":
        \"Succeeded\",\r\n    \"resourceGuid\": \"94f8f350-1d98-43ed-8199-3cdb672c63a8\",\r\n
        \   \"ipConfigurations\": [\r\n      {\r\n        \"name\": \"ipconfigcustom-vm\",\r\n
        \       \"id\": \"/subscriptions/00000000-0000-0000-0000-000000000000/resourceGroups/img_tmpl_sig000001/providers/Microsoft.Network/networkInterfaces/custom-vmVMNic/ipConfigurations/ipconfigcustom-vm\",\r\n
        \       \"etag\": \"W/\\\"6879887f-8bc4-420c-a81b-32f20d947f61\\\"\",\r\n
        \       \"type\": \"Microsoft.Network/networkInterfaces/ipConfigurations\",\r\n
        \       \"properties\": {\r\n          \"provisioningState\": \"Succeeded\",\r\n
        \         \"privateIPAddress\": \"10.0.0.4\",\r\n          \"privateIPAllocationMethod\":
        \"Dynamic\",\r\n          \"publicIPAddress\": {\r\n            \"id\": \"/subscriptions/00000000-0000-0000-0000-000000000000/resourceGroups/img_tmpl_sig000001/providers/Microsoft.Network/publicIPAddresses/custom-vmPublicIP\"\r\n
        \         },\r\n          \"subnet\": {\r\n            \"id\": \"/subscriptions/00000000-0000-0000-0000-000000000000/resourceGroups/img_tmpl_sig000001/providers/Microsoft.Network/virtualNetworks/custom-vmVNET/subnets/custom-vmSubnet\"\r\n
        \         },\r\n          \"primary\": true,\r\n          \"privateIPAddressVersion\":
        \"IPv4\"\r\n        }\r\n      }\r\n    ],\r\n    \"dnsSettings\": {\r\n      \"dnsServers\":
        [],\r\n      \"appliedDnsServers\": [],\r\n      \"internalDomainNameSuffix\":
        \"a2achxsnbcsujbdsbrhzblvcta.dx.internal.cloudapp.net\"\r\n    },\r\n    \"macAddress\":
        \"00-0D-3A-35-2A-13\",\r\n    \"enableAcceleratedNetworking\": false,\r\n
        \   \"enableIPForwarding\": false,\r\n    \"networkSecurityGroup\": {\r\n
        \     \"id\": \"/subscriptions/00000000-0000-0000-0000-000000000000/resourceGroups/img_tmpl_sig000001/providers/Microsoft.Network/networkSecurityGroups/custom-vmNSG\"\r\n
        \   },\r\n    \"primary\": true,\r\n    \"virtualMachine\": {\r\n      \"id\":
        \"/subscriptions/00000000-0000-0000-0000-000000000000/resourceGroups/img_tmpl_sig000001/providers/Microsoft.Compute/virtualMachines/custom-vm\"\r\n
        \   }\r\n  },\r\n  \"type\": \"Microsoft.Network/networkInterfaces\"\r\n}"
    headers:
      cache-control:
      - no-cache
      content-length:
      - '2628'
      content-type:
      - application/json; charset=utf-8
      date:
      - Thu, 28 May 2020 09:55:15 GMT
      etag:
      - W/"6879887f-8bc4-420c-a81b-32f20d947f61"
      expires:
      - '-1'
      pragma:
      - no-cache
      server:
      - Microsoft-HTTPAPI/2.0
      - Microsoft-HTTPAPI/2.0
      strict-transport-security:
      - max-age=31536000; includeSubDomains
      transfer-encoding:
      - chunked
      vary:
      - Accept-Encoding
      x-content-type-options:
      - nosniff
      x-ms-arm-service-request-id:
      - 3f0b8b73-fdee-436e-847f-19ab29bbd6c6
    status:
      code: 200
      message: OK
- request:
    body: null
    headers:
      Accept:
      - application/json
      Accept-Encoding:
      - gzip, deflate
      CommandName:
      - vm create
      Connection:
      - keep-alive
      ParameterSetName:
      - --name -g --image --generate-ssh-keys
      User-Agent:
      - python/3.7.4 (Windows-10-10.0.18362-SP0) msrest/0.6.10 msrest_azure/0.6.3
        azure-mgmt-network/10.2.0 Azure-SDK-For-Python AZURECLI/2.6.0
      accept-language:
      - en-US
    method: GET
    uri: https://management.azure.com/subscriptions/00000000-0000-0000-0000-000000000000/resourceGroups/img_tmpl_sig000001/providers/Microsoft.Network/publicIPAddresses/custom-vmPublicIP?api-version=2018-01-01
  response:
    body:
      string: "{\r\n  \"name\": \"custom-vmPublicIP\",\r\n  \"id\": \"/subscriptions/00000000-0000-0000-0000-000000000000/resourceGroups/img_tmpl_sig000001/providers/Microsoft.Network/publicIPAddresses/custom-vmPublicIP\",\r\n
        \ \"etag\": \"W/\\\"01cf0cb3-403e-486e-98d7-cb25a81ae6ac\\\"\",\r\n  \"location\":
        \"westus\",\r\n  \"tags\": {},\r\n  \"properties\": {\r\n    \"provisioningState\":
        \"Succeeded\",\r\n    \"resourceGuid\": \"815a0b44-34d5-4331-87c1-4a30e601669d\",\r\n
        \   \"ipAddress\": \"13.88.13.149\",\r\n    \"publicIPAddressVersion\": \"IPv4\",\r\n
        \   \"publicIPAllocationMethod\": \"Dynamic\",\r\n    \"idleTimeoutInMinutes\":
        4,\r\n    \"ipTags\": [],\r\n    \"ipConfiguration\": {\r\n      \"id\": \"/subscriptions/00000000-0000-0000-0000-000000000000/resourceGroups/img_tmpl_sig000001/providers/Microsoft.Network/networkInterfaces/custom-vmVMNic/ipConfigurations/ipconfigcustom-vm\"\r\n
        \   }\r\n  },\r\n  \"type\": \"Microsoft.Network/publicIPAddresses\",\r\n
        \ \"sku\": {\r\n    \"name\": \"Basic\"\r\n  }\r\n}"
    headers:
      cache-control:
      - no-cache
      content-length:
      - '1020'
      content-type:
      - application/json; charset=utf-8
      date:
      - Thu, 28 May 2020 09:55:15 GMT
      etag:
      - W/"01cf0cb3-403e-486e-98d7-cb25a81ae6ac"
      expires:
      - '-1'
      pragma:
      - no-cache
      server:
      - Microsoft-HTTPAPI/2.0
      - Microsoft-HTTPAPI/2.0
      strict-transport-security:
      - max-age=31536000; includeSubDomains
      transfer-encoding:
      - chunked
      vary:
      - Accept-Encoding
      x-content-type-options:
      - nosniff
      x-ms-arm-service-request-id:
      - feb5d709-47e9-4e9b-95de-a7e604fd1cfd
    status:
      code: 200
      message: OK
- request:
    body: null
    headers:
      Accept:
      - application/json
      Accept-Encoding:
      - gzip, deflate
      CommandName:
      - vm show
      Connection:
      - keep-alive
      ParameterSetName:
      - -n -g
      User-Agent:
      - python/3.7.4 (Windows-10-10.0.18362-SP0) msrest/0.6.10 msrest_azure/0.6.3
        azure-mgmt-compute/12.0.0 Azure-SDK-For-Python AZURECLI/2.6.0
      accept-language:
      - en-US
    method: GET
    uri: https://management.azure.com/subscriptions/00000000-0000-0000-0000-000000000000/resourceGroups/img_tmpl_sig000001/providers/Microsoft.Compute/virtualMachines/custom-vm?api-version=2019-07-01
  response:
    body:
      string: "{\r\n  \"name\": \"custom-vm\",\r\n  \"id\": \"/subscriptions/00000000-0000-0000-0000-000000000000/resourceGroups/img_tmpl_sig000001/providers/Microsoft.Compute/virtualMachines/custom-vm\",\r\n
        \ \"type\": \"Microsoft.Compute/virtualMachines\",\r\n  \"location\": \"westus\",\r\n
        \ \"tags\": {},\r\n  \"properties\": {\r\n    \"vmId\": \"56aeea5b-51a6-4a4e-9643-81fe95412cf5\",\r\n
        \   \"hardwareProfile\": {\r\n      \"vmSize\": \"Standard_DS1_v2\"\r\n    },\r\n
        \   \"storageProfile\": {\r\n      \"imageReference\": {\r\n        \"id\":
        \"/subscriptions/00000000-0000-0000-0000-000000000000/resourceGroups/img_tmpl_sig000001/providers/Microsoft.Compute/galleries/ib_sig000003/images/image1/versions/0.24271.34685\",\r\n
        \       \"exactVersion\": \"0.24271.34685\"\r\n      },\r\n      \"osDisk\":
        {\r\n        \"osType\": \"Linux\",\r\n        \"name\": \"custom-vm_OsDisk_1_eb5fc41b38f84d1e8255b78a77be377f\",\r\n
        \       \"createOption\": \"FromImage\",\r\n        \"caching\": \"ReadWrite\",\r\n
        \       \"managedDisk\": {\r\n          \"storageAccountType\": \"Premium_LRS\",\r\n
        \         \"id\": \"/subscriptions/00000000-0000-0000-0000-000000000000/resourceGroups/IMG_TMPL_SIGQJZY5LTNMFYWSFG4PORA7BRFIVDMUB6ZDZKLAQ32XQNCLIDZUWDZM37IKPS4FZ2/providers/Microsoft.Compute/disks/custom-vm_OsDisk_1_eb5fc41b38f84d1e8255b78a77be377f\"\r\n
        \       },\r\n        \"diskSizeGB\": 30\r\n      },\r\n      \"dataDisks\":
        []\r\n    },\r\n    \"osProfile\": {\r\n      \"computerName\": \"custom-vm\",\r\n
        \     \"adminUsername\": \"fey\",\r\n      \"linuxConfiguration\": {\r\n        \"disablePasswordAuthentication\":
        true,\r\n        \"ssh\": {\r\n          \"publicKeys\": [\r\n            {\r\n
        \             \"path\": \"/home/fey/.ssh/authorized_keys\",\r\n              \"keyData\":
        \"ssh-rsa AAAAB3NzaC1yc2EAAAADAQABAAABAQDmzXeK++L20uMK/Ug5wpjnWWyMlHoecEOxyHueHc1gPDj8qgLChiHt1OWJ1sDjiqBJ+hEEwZLjN8lCmUvWzzrl20d7M/BVp1ejulE/zr999kWuY3m5+FpAkbbxeO9LWoafwOir9dPzIOjDGdPWKbgHr3SerOHAuvVdXJDhWHtW5lB/MEnrxi48Pz/8k1lD1YccUAI6zDgKVJPBEk9fWMW8H0hKYsRXmlxdtg2npBQK7kbmcB2NJPEhTVgxVPqSaBVAt2lOCC/QQvAXcoD0lJGujp1IVYqSUarS5RnrYEDZ9Q6EKduWrP0GFkFkF8YzpFe+BRFaV8bLJrvZN43vgzRj
        fey@DESKTOP-ARGPJS4\\n\"\r\n            }\r\n          ]\r\n        },\r\n
        \       \"provisionVMAgent\": true\r\n      },\r\n      \"secrets\": [],\r\n
        \     \"allowExtensionOperations\": true,\r\n      \"requireGuestProvisionSignal\":
        true\r\n    },\r\n    \"networkProfile\": {\"networkInterfaces\":[{\"id\":\"/subscriptions/00000000-0000-0000-0000-000000000000/resourceGroups/img_tmpl_sig000001/providers/Microsoft.Network/networkInterfaces/custom-vmVMNic\"}]},\r\n
        \   \"provisioningState\": \"Succeeded\"\r\n  }\r\n}"
    headers:
      cache-control:
      - no-cache
      content-length:
      - '2623'
      content-type:
      - application/json; charset=utf-8
      date:
      - Thu, 28 May 2020 09:55:16 GMT
      expires:
      - '-1'
      pragma:
      - no-cache
      server:
      - Microsoft-HTTPAPI/2.0
      - Microsoft-HTTPAPI/2.0
      strict-transport-security:
      - max-age=31536000; includeSubDomains
      transfer-encoding:
      - chunked
      vary:
      - Accept-Encoding
      x-content-type-options:
      - nosniff
      x-ms-ratelimit-remaining-resource:
      - Microsoft.Compute/LowCostGet3Min;3995,Microsoft.Compute/LowCostGet30Min;31973
    status:
      code: 200
      message: OK
- request:
    body: null
    headers:
      Accept:
      - application/json
      Accept-Encoding:
      - gzip, deflate
      CommandName:
      - image builder create
      Connection:
      - keep-alive
      ParameterSetName:
      - -n -g --image-source --identity --shared-image-destinations --scripts
      User-Agent:
      - python/3.7.4 (Windows-10-10.0.18362-SP0) msrest/0.6.10 msrest_azure/0.6.3
        azure-mgmt-resource/9.0.0 Azure-SDK-For-Python AZURECLI/2.6.0
      accept-language:
      - en-US
    method: GET
    uri: https://management.azure.com/subscriptions/00000000-0000-0000-0000-000000000000/resourcegroups/img_tmpl_sig000001?api-version=2019-07-01
  response:
    body:
      string: '{"id":"/subscriptions/00000000-0000-0000-0000-000000000000/resourceGroups/img_tmpl_sig000001","name":"img_tmpl_sig000001","type":"Microsoft.Resources/resourceGroups","location":"westus","tags":{"product":"azurecli","cause":"automation","date":"2020-05-28T09:32:01Z"},"properties":{"provisioningState":"Succeeded"}}'
    headers:
      cache-control:
      - no-cache
      content-length:
      - '428'
      content-type:
      - application/json; charset=utf-8
      date:
      - Thu, 28 May 2020 09:55:17 GMT
      expires:
      - '-1'
      pragma:
      - no-cache
      strict-transport-security:
      - max-age=31536000; includeSubDomains
      vary:
      - Accept-Encoding
      x-content-type-options:
      - nosniff
    status:
      code: 200
      message: OK
- request:
    body: null
    headers:
      Accept:
      - application/json
      Accept-Encoding:
      - gzip, deflate
      CommandName:
      - image builder create
      Connection:
      - keep-alive
      ParameterSetName:
      - -n -g --image-source --identity --shared-image-destinations --scripts
      User-Agent:
      - python/3.7.4 (Windows-10-10.0.18362-SP0) msrest/0.6.10 msrest_azure/0.6.3
        azure-mgmt-resource/9.0.0 Azure-SDK-For-Python AZURECLI/2.6.0
      accept-language:
      - en-US
    method: GET
    uri: https://management.azure.com/subscriptions/00000000-0000-0000-0000-000000000000/locations?api-version=2019-06-01
  response:
    body:
      string: '{"value":[{"id":"/subscriptions/00000000-0000-0000-0000-000000000000/locations/eastasia","name":"eastasia","displayName":"East
        Asia","longitude":"114.188","latitude":"22.267"},{"id":"/subscriptions/00000000-0000-0000-0000-000000000000/locations/southeastasia","name":"southeastasia","displayName":"Southeast
        Asia","longitude":"103.833","latitude":"1.283"},{"id":"/subscriptions/00000000-0000-0000-0000-000000000000/locations/centralus","name":"centralus","displayName":"Central
        US","longitude":"-93.6208","latitude":"41.5908"},{"id":"/subscriptions/00000000-0000-0000-0000-000000000000/locations/eastus","name":"eastus","displayName":"East
        US","longitude":"-79.8164","latitude":"37.3719"},{"id":"/subscriptions/00000000-0000-0000-0000-000000000000/locations/eastus2","name":"eastus2","displayName":"East
        US 2","longitude":"-78.3889","latitude":"36.6681"},{"id":"/subscriptions/00000000-0000-0000-0000-000000000000/locations/westus","name":"westus","displayName":"West
        US","longitude":"-122.417","latitude":"37.783"},{"id":"/subscriptions/00000000-0000-0000-0000-000000000000/locations/northcentralus","name":"northcentralus","displayName":"North
        Central US","longitude":"-87.6278","latitude":"41.8819"},{"id":"/subscriptions/00000000-0000-0000-0000-000000000000/locations/southcentralus","name":"southcentralus","displayName":"South
        Central US","longitude":"-98.5","latitude":"29.4167"},{"id":"/subscriptions/00000000-0000-0000-0000-000000000000/locations/northeurope","name":"northeurope","displayName":"North
        Europe","longitude":"-6.2597","latitude":"53.3478"},{"id":"/subscriptions/00000000-0000-0000-0000-000000000000/locations/westeurope","name":"westeurope","displayName":"West
        Europe","longitude":"4.9","latitude":"52.3667"},{"id":"/subscriptions/00000000-0000-0000-0000-000000000000/locations/japanwest","name":"japanwest","displayName":"Japan
        West","longitude":"135.5022","latitude":"34.6939"},{"id":"/subscriptions/00000000-0000-0000-0000-000000000000/locations/japaneast","name":"japaneast","displayName":"Japan
        East","longitude":"139.77","latitude":"35.68"},{"id":"/subscriptions/00000000-0000-0000-0000-000000000000/locations/brazilsouth","name":"brazilsouth","displayName":"Brazil
        South","longitude":"-46.633","latitude":"-23.55"},{"id":"/subscriptions/00000000-0000-0000-0000-000000000000/locations/australiaeast","name":"australiaeast","displayName":"Australia
        East","longitude":"151.2094","latitude":"-33.86"},{"id":"/subscriptions/00000000-0000-0000-0000-000000000000/locations/australiasoutheast","name":"australiasoutheast","displayName":"Australia
        Southeast","longitude":"144.9631","latitude":"-37.8136"},{"id":"/subscriptions/00000000-0000-0000-0000-000000000000/locations/southindia","name":"southindia","displayName":"South
        India","longitude":"80.1636","latitude":"12.9822"},{"id":"/subscriptions/00000000-0000-0000-0000-000000000000/locations/centralindia","name":"centralindia","displayName":"Central
        India","longitude":"73.9197","latitude":"18.5822"},{"id":"/subscriptions/00000000-0000-0000-0000-000000000000/locations/westindia","name":"westindia","displayName":"West
        India","longitude":"72.868","latitude":"19.088"},{"id":"/subscriptions/00000000-0000-0000-0000-000000000000/locations/canadacentral","name":"canadacentral","displayName":"Canada
        Central","longitude":"-79.383","latitude":"43.653"},{"id":"/subscriptions/00000000-0000-0000-0000-000000000000/locations/canadaeast","name":"canadaeast","displayName":"Canada
        East","longitude":"-71.217","latitude":"46.817"},{"id":"/subscriptions/00000000-0000-0000-0000-000000000000/locations/uksouth","name":"uksouth","displayName":"UK
        South","longitude":"-0.799","latitude":"50.941"},{"id":"/subscriptions/00000000-0000-0000-0000-000000000000/locations/ukwest","name":"ukwest","displayName":"UK
        West","longitude":"-3.084","latitude":"53.427"},{"id":"/subscriptions/00000000-0000-0000-0000-000000000000/locations/westcentralus","name":"westcentralus","displayName":"West
        Central US","longitude":"-110.234","latitude":"40.890"},{"id":"/subscriptions/00000000-0000-0000-0000-000000000000/locations/westus2","name":"westus2","displayName":"West
        US 2","longitude":"-119.852","latitude":"47.233"},{"id":"/subscriptions/00000000-0000-0000-0000-000000000000/locations/koreacentral","name":"koreacentral","displayName":"Korea
        Central","longitude":"126.9780","latitude":"37.5665"},{"id":"/subscriptions/00000000-0000-0000-0000-000000000000/locations/koreasouth","name":"koreasouth","displayName":"Korea
        South","longitude":"129.0756","latitude":"35.1796"},{"id":"/subscriptions/00000000-0000-0000-0000-000000000000/locations/francecentral","name":"francecentral","displayName":"France
        Central","longitude":"2.3730","latitude":"46.3772"},{"id":"/subscriptions/00000000-0000-0000-0000-000000000000/locations/francesouth","name":"francesouth","displayName":"France
        South","longitude":"2.1972","latitude":"43.8345"},{"id":"/subscriptions/00000000-0000-0000-0000-000000000000/locations/australiacentral","name":"australiacentral","displayName":"Australia
        Central","longitude":"149.1244","latitude":"-35.3075"},{"id":"/subscriptions/00000000-0000-0000-0000-000000000000/locations/australiacentral2","name":"australiacentral2","displayName":"Australia
        Central 2","longitude":"149.1244","latitude":"-35.3075"},{"id":"/subscriptions/00000000-0000-0000-0000-000000000000/locations/uaecentral","name":"uaecentral","displayName":"UAE
        Central","longitude":"54.366669","latitude":"24.466667"},{"id":"/subscriptions/00000000-0000-0000-0000-000000000000/locations/uaenorth","name":"uaenorth","displayName":"UAE
        North","longitude":"55.316666","latitude":"25.266666"},{"id":"/subscriptions/00000000-0000-0000-0000-000000000000/locations/southafricanorth","name":"southafricanorth","displayName":"South
        Africa North","longitude":"28.218370","latitude":"-25.731340"},{"id":"/subscriptions/00000000-0000-0000-0000-000000000000/locations/southafricawest","name":"southafricawest","displayName":"South
        Africa West","longitude":"18.843266","latitude":"-34.075691"},{"id":"/subscriptions/00000000-0000-0000-0000-000000000000/locations/switzerlandnorth","name":"switzerlandnorth","displayName":"Switzerland
        North","longitude":"8.564572","latitude":"47.451542"},{"id":"/subscriptions/00000000-0000-0000-0000-000000000000/locations/switzerlandwest","name":"switzerlandwest","displayName":"Switzerland
        West","longitude":"6.143158","latitude":"46.204391"},{"id":"/subscriptions/00000000-0000-0000-0000-000000000000/locations/germanynorth","name":"germanynorth","displayName":"Germany
        North","longitude":"8.806422","latitude":"53.073635"},{"id":"/subscriptions/00000000-0000-0000-0000-000000000000/locations/germanywestcentral","name":"germanywestcentral","displayName":"Germany
        West Central","longitude":"8.682127","latitude":"50.110924"},{"id":"/subscriptions/00000000-0000-0000-0000-000000000000/locations/norwaywest","name":"norwaywest","displayName":"Norway
        West","longitude":"5.733107","latitude":"58.969975"},{"id":"/subscriptions/00000000-0000-0000-0000-000000000000/locations/norwayeast","name":"norwayeast","displayName":"Norway
        East","longitude":"10.752245","latitude":"59.913868"}]}'
    headers:
      cache-control:
      - no-cache
      content-length:
      - '7129'
      content-type:
      - application/json; charset=utf-8
      date:
      - Thu, 28 May 2020 09:55:17 GMT
      expires:
      - '-1'
      pragma:
      - no-cache
      strict-transport-security:
      - max-age=31536000; includeSubDomains
      vary:
      - Accept-Encoding
      x-content-type-options:
      - nosniff
    status:
      code: 200
      message: OK
- request:
    body: 'b''{"location": "westus", "tags": {}, "properties": {"source": {"type":
      "SharedImageVersion", "imageVersionId": "/subscriptions/00000000-0000-0000-0000-000000000000/resourceGroups/img_tmpl_sig000001/providers/Microsoft.Compute/galleries/ib_sig000003/images/image1/versions/0.24271.34685"},
      "customize": [{"name": "customizeScript.sh", "type": "Shell", "scriptUri": "https://raw.githubusercontent.com/danielsollondon/azvmimagebuilder/master/quickquickstarts/customizeScript.sh"}],
      "distribute": [{"runOutputName": "image1", "type": "SharedImage", "galleryImageId":
      "/subscriptions/00000000-0000-0000-0000-000000000000/resourceGroups/img_tmpl_sig000001/providers/Microsoft.Compute/galleries/ib_sig000003/images/image1",
      "replicationRegions": ["westus"]}]}, "identity": {"type": "UserAssigned", "userAssignedIdentities":
      {"/subscriptions/00000000-0000-0000-0000-000000000000/resourceGroups/img_tmpl_sig000001/providers/Microsoft.ManagedIdentity/userAssignedIdentities/ide1":
      {}}}}'''
    headers:
      Accept:
      - application/json
      Accept-Encoding:
      - gzip, deflate
      CommandName:
      - image builder create
      Connection:
      - keep-alive
      Content-Length:
      - '1141'
      Content-Type:
      - application/json; charset=utf-8
      ParameterSetName:
      - -n -g --image-source --identity --shared-image-destinations --scripts
      User-Agent:
      - python/3.7.4 (Windows-10-10.0.18362-SP0) msrest/0.6.10 msrest_azure/0.6.3
        azure-mgmt-imagebuilder/1.0.0 Azure-SDK-For-Python AZURECLI/2.6.0
      accept-language:
      - en-US
    method: PUT
    uri: https://management.azure.com/subscriptions/00000000-0000-0000-0000-000000000000/resourceGroups/img_tmpl_sig000001/providers/Microsoft.VirtualMachineImages/imageTemplates/template02?api-version=2020-02-14
  response:
    body:
      string: "{\n \"properties\": {\n  \"source\": {\n   \"imageVersionId\": \"/subscriptions/00000000-0000-0000-0000-000000000000/resourceGroups/img_tmpl_sig000001/providers/Microsoft.Compute/galleries/ib_sig000003/images/image1/versions/0.24271.34685\",\n
        \  \"type\": \"SharedImageVersion\"\n  },\n  \"customize\": [\n   {\n    \"name\":
        \"customizeScript.sh\",\n    \"scriptUri\": \"https://raw.githubusercontent.com/danielsollondon/azvmimagebuilder/master/quickquickstarts/customizeScript.sh\",\n
        \   \"type\": \"Shell\"\n   }\n  ],\n  \"distribute\": [\n   {\n    \"artifactTags\":
        {},\n    \"excludeFromLatest\": false,\n    \"galleryImageId\": \"/subscriptions/00000000-0000-0000-0000-000000000000/resourceGroups/img_tmpl_sig000001/providers/Microsoft.Compute/galleries/ib_sig000003/images/image1\",\n
        \   \"replicationRegions\": [\n     \"westus\"\n    ],\n    \"runOutputName\":
        \"image1\",\n    \"type\": \"SharedImage\"\n   }\n  ],\n  \"provisioningState\":
        \"Creating\",\n  \"buildTimeoutInMinutes\": 0\n },\n \"identity\": {\n  \"type\":
        \"UserAssigned\",\n  \"userAssignedIdentities\": {\n   \"/subscriptions/00000000-0000-0000-0000-000000000000/resourceGroups/img_tmpl_sig000001/providers/Microsoft.ManagedIdentity/userAssignedIdentities/ide1\":
        {}\n  }\n },\n \"id\": \"/subscriptions/00000000-0000-0000-0000-000000000000/resourcegroups/img_tmpl_sig000001/providers/Microsoft.VirtualMachineImages/imageTemplates/template02\",\n
        \"name\": \"template02\",\n \"type\": \"Microsoft.VirtualMachineImages/imageTemplates\",\n
        \"location\": \"westus\",\n \"tags\": {}\n}"
    headers:
      azure-asyncoperation:
      - https://management.azure.com/subscriptions/00000000-0000-0000-0000-000000000000/providers/Microsoft.VirtualMachineImages/locations/westus/operations/a69f0a2c-14c5-4d9b-8b98-a2b1255c9a57?api-version=2020-02-14
      cache-control:
      - no-cache
      content-length:
      - '1665'
      content-type:
      - application/json
      date:
      - Thu, 28 May 2020 09:55:28 GMT
      expires:
      - '-1'
      pragma:
      - no-cache
      server:
      - nginx
      strict-transport-security:
      - max-age=31536000; includeSubDomains
      x-content-type-options:
      - nosniff
      x-ms-ratelimit-remaining-subscription-writes:
      - '1198'
    status:
      code: 201
      message: Created
- request:
    body: null
    headers:
      Accept:
      - application/json
      Accept-Encoding:
      - gzip, deflate
      CommandName:
      - image builder create
      Connection:
      - keep-alive
      ParameterSetName:
      - -n -g --image-source --identity --shared-image-destinations --scripts
      User-Agent:
      - python/3.7.4 (Windows-10-10.0.18362-SP0) msrest/0.6.10 msrest_azure/0.6.3
        azure-mgmt-imagebuilder/1.0.0 Azure-SDK-For-Python AZURECLI/2.6.0
    method: GET
    uri: https://management.azure.com/subscriptions/00000000-0000-0000-0000-000000000000/providers/Microsoft.VirtualMachineImages/locations/westus/operations/a69f0a2c-14c5-4d9b-8b98-a2b1255c9a57?api-version=2020-02-14
  response:
    body:
      string: "{\n \"name\": \"A69F0A2C-14C5-4D9B-8B98-A2B1255C9A57\",\n \"status\":
        \"InProgress\",\n \"startTime\": \"2020-05-28T09:55:27.6991571Z\"\n}"
    headers:
      cache-control:
      - no-cache
      content-length:
      - '122'
      content-type:
      - application/json
      date:
      - Thu, 28 May 2020 09:56:00 GMT
      expires:
      - '-1'
      pragma:
      - no-cache
      server:
      - nginx
      strict-transport-security:
      - max-age=31536000; includeSubDomains
      transfer-encoding:
      - chunked
      vary:
      - Accept-Encoding
      x-content-type-options:
      - nosniff
    status:
      code: 200
      message: OK
- request:
    body: null
    headers:
      Accept:
      - application/json
      Accept-Encoding:
      - gzip, deflate
      CommandName:
      - image builder create
      Connection:
      - keep-alive
      ParameterSetName:
      - -n -g --image-source --identity --shared-image-destinations --scripts
      User-Agent:
      - python/3.7.4 (Windows-10-10.0.18362-SP0) msrest/0.6.10 msrest_azure/0.6.3
        azure-mgmt-imagebuilder/1.0.0 Azure-SDK-For-Python AZURECLI/2.6.0
    method: GET
    uri: https://management.azure.com/subscriptions/00000000-0000-0000-0000-000000000000/providers/Microsoft.VirtualMachineImages/locations/westus/operations/a69f0a2c-14c5-4d9b-8b98-a2b1255c9a57?api-version=2020-02-14
  response:
    body:
      string: "{\n \"name\": \"A69F0A2C-14C5-4D9B-8B98-A2B1255C9A57\",\n \"status\":
        \"Succeeded\",\n \"startTime\": \"2020-05-28T09:55:27.6991571Z\",\n \"endTime\":
        \"2020-05-28T09:56:21.8979582Z\"\n}"
    headers:
      cache-control:
      - no-cache
      content-length:
      - '165'
      content-type:
      - application/json
      date:
      - Thu, 28 May 2020 09:56:31 GMT
      expires:
      - '-1'
      pragma:
      - no-cache
      server:
      - nginx
      strict-transport-security:
      - max-age=31536000; includeSubDomains
      transfer-encoding:
      - chunked
      vary:
      - Accept-Encoding
      x-content-type-options:
      - nosniff
    status:
      code: 200
      message: OK
- request:
    body: null
    headers:
      Accept:
      - application/json
      Accept-Encoding:
      - gzip, deflate
      CommandName:
      - image builder create
      Connection:
      - keep-alive
      ParameterSetName:
      - -n -g --image-source --identity --shared-image-destinations --scripts
      User-Agent:
      - python/3.7.4 (Windows-10-10.0.18362-SP0) msrest/0.6.10 msrest_azure/0.6.3
        azure-mgmt-imagebuilder/1.0.0 Azure-SDK-For-Python AZURECLI/2.6.0
    method: GET
    uri: https://management.azure.com/subscriptions/00000000-0000-0000-0000-000000000000/resourceGroups/img_tmpl_sig000001/providers/Microsoft.VirtualMachineImages/imageTemplates/template02?api-version=2020-02-14
  response:
    body:
      string: "{\n \"properties\": {\n  \"source\": {\n   \"imageVersionId\": \"/subscriptions/00000000-0000-0000-0000-000000000000/resourceGroups/img_tmpl_sig000001/providers/Microsoft.Compute/galleries/ib_sig000003/images/image1/versions/0.24271.34685\",\n
        \  \"type\": \"SharedImageVersion\"\n  },\n  \"customize\": [\n   {\n    \"name\":
        \"customizeScript.sh\",\n    \"scriptUri\": \"https://raw.githubusercontent.com/danielsollondon/azvmimagebuilder/master/quickquickstarts/customizeScript.sh\",\n
        \   \"sha256Checksum\": \"2c6ff6902a4a52deee69e8db26d0036a53388651008aaf31795bb20dabd21fd8\",\n
        \   \"type\": \"Shell\"\n   }\n  ],\n  \"distribute\": [\n   {\n    \"artifactTags\":
        {},\n    \"excludeFromLatest\": false,\n    \"galleryImageId\": \"/subscriptions/00000000-0000-0000-0000-000000000000/resourceGroups/img_tmpl_sig000001/providers/Microsoft.Compute/galleries/ib_sig000003/images/image1\",\n
        \   \"replicationRegions\": [\n     \"westus\"\n    ],\n    \"runOutputName\":
        \"image1\",\n    \"type\": \"SharedImage\"\n   }\n  ],\n  \"provisioningState\":
        \"Succeeded\",\n  \"buildTimeoutInMinutes\": 0\n },\n \"identity\": {\n  \"type\":
        \"UserAssigned\",\n  \"userAssignedIdentities\": {\n   \"/subscriptions/00000000-0000-0000-0000-000000000000/resourceGroups/img_tmpl_sig000001/providers/Microsoft.ManagedIdentity/userAssignedIdentities/ide1\":
        {\n    \"principalId\": \"24663d10-0e2a-4774-ad7c-510131dd08c0\",\n    \"clientId\":
        \"261838fc-0d73-477b-8c2a-c5c6258295f3\"\n   }\n  }\n },\n \"id\": \"/subscriptions/00000000-0000-0000-0000-000000000000/resourcegroups/img_tmpl_sig000001/providers/Microsoft.VirtualMachineImages/imageTemplates/template02\",\n
        \"name\": \"template02\",\n \"type\": \"Microsoft.VirtualMachineImages/imageTemplates\",\n
        \"location\": \"westus\",\n \"tags\": {}\n}"
    headers:
      cache-control:
      - no-cache
      content-length:
      - '1874'
      content-type:
      - application/json
      date:
      - Thu, 28 May 2020 09:56:32 GMT
      expires:
      - '-1'
      pragma:
      - no-cache
      server:
      - nginx
      strict-transport-security:
      - max-age=31536000; includeSubDomains
      transfer-encoding:
      - chunked
      vary:
      - Accept-Encoding
      x-content-type-options:
      - nosniff
    status:
      code: 200
      message: OK
version: 1
