interactions:
- request:
    body: null
    headers:
      Accept:
      - application/json
      Accept-Encoding:
      - gzip, deflate
      CommandName:
      - disk create
      Connection:
      - keep-alive
      ParameterSetName:
      - -g -n --size-gb --zone
      User-Agent:
      - python/3.7.4 (Windows-10-10.0.18362-SP0) msrest/0.6.9 msrest_azure/0.6.3 azure-mgmt-resource/10.0.0
        Azure-SDK-For-Python AZURECLI/2.8.0
      accept-language:
      - en-US
    method: GET
    uri: https://management.azure.com/subscriptions/00000000-0000-0000-0000-000000000000/resourcegroups/cli_test_disk_zones000001?api-version=2019-07-01
  response:
    body:
      string: '{"id":"/subscriptions/00000000-0000-0000-0000-000000000000/resourceGroups/cli_test_disk_zones000001","name":"cli_test_disk_zones000001","type":"Microsoft.Resources/resourceGroups","location":"eastus2","tags":{"product":"azurecli","cause":"automation","date":"2020-07-02T12:25:30Z"},"properties":{"provisioningState":"Succeeded"}}'
    headers:
      cache-control:
      - no-cache
      content-length:
      - '429'
      content-type:
      - application/json; charset=utf-8
      date:
      - Thu, 02 Jul 2020 12:25:33 GMT
      expires:
      - '-1'
      pragma:
      - no-cache
      strict-transport-security:
      - max-age=31536000; includeSubDomains
      vary:
      - Accept-Encoding
      x-content-type-options:
      - nosniff
    status:
      code: 200
      message: OK
- request:
    body: '{"location": "eastus2", "tags": {}, "sku": {"name": "Premium_LRS"}, "zones":
      ["2"], "properties": {"hyperVGeneration": "V1", "creationData": {"createOption":
      "Empty"}, "diskSizeGB": 1}}'
    headers:
      Accept:
      - application/json
      Accept-Encoding:
      - gzip, deflate
      CommandName:
      - disk create
      Connection:
      - keep-alive
      Content-Length:
      - '185'
      Content-Type:
      - application/json; charset=utf-8
      ParameterSetName:
      - -g -n --size-gb --zone
      User-Agent:
      - python/3.7.4 (Windows-10-10.0.18362-SP0) msrest/0.6.9 msrest_azure/0.6.3 azure-mgmt-compute/12.1.0
        Azure-SDK-For-Python AZURECLI/2.8.0
      accept-language:
      - en-US
    method: PUT
    uri: https://management.azure.com/subscriptions/00000000-0000-0000-0000-000000000000/resourceGroups/cli_test_disk_zones000001/providers/Microsoft.Compute/disks/disk123?api-version=2020-05-01
  response:
    body:
      string: "{\r\n  \"name\": \"disk123\",\r\n  \"location\": \"eastus2\",\r\n  \"tags\":
        {},\r\n  \"zones\": [\r\n    \"2\"\r\n  ],\r\n  \"sku\": {\r\n    \"name\":
        \"Premium_LRS\"\r\n  },\r\n  \"properties\": {\r\n    \"hyperVGeneration\":
        \"V1\",\r\n    \"creationData\": {\r\n      \"createOption\": \"Empty\"\r\n
        \   },\r\n    \"diskSizeGB\": 1,\r\n    \"provisioningState\": \"Updating\",\r\n
        \   \"isArmResource\": true\r\n  }\r\n}"
    headers:
      azure-asyncoperation:
      - https://management.azure.com/subscriptions/00000000-0000-0000-0000-000000000000/providers/Microsoft.Compute/locations/eastus2/DiskOperations/bc93f407-5f29-47f8-afe0-fdac8c4574ff?api-version=2020-05-01
      cache-control:
      - no-cache
      content-length:
      - '345'
      content-type:
      - application/json; charset=utf-8
      date:
      - Thu, 02 Jul 2020 12:25:39 GMT
      expires:
      - '-1'
      location:
      - https://management.azure.com/subscriptions/00000000-0000-0000-0000-000000000000/providers/Microsoft.Compute/locations/eastus2/DiskOperations/bc93f407-5f29-47f8-afe0-fdac8c4574ff?monitor=true&api-version=2020-05-01
      pragma:
      - no-cache
      server:
      - Microsoft-HTTPAPI/2.0
      - Microsoft-HTTPAPI/2.0
      strict-transport-security:
      - max-age=31536000; includeSubDomains
      x-content-type-options:
      - nosniff
      x-ms-ratelimit-remaining-resource:
      - Microsoft.Compute/CreateUpdateDisks3Min;998,Microsoft.Compute/CreateUpdateDisks30Min;7997
      x-ms-ratelimit-remaining-subscription-writes:
      - '1199'
    status:
      code: 202
      message: Accepted
- request:
    body: null
    headers:
      Accept:
      - application/json
      Accept-Encoding:
      - gzip, deflate
      CommandName:
      - disk create
      Connection:
      - keep-alive
      ParameterSetName:
      - -g -n --size-gb --zone
      User-Agent:
      - python/3.7.4 (Windows-10-10.0.18362-SP0) msrest/0.6.9 msrest_azure/0.6.3 azure-mgmt-compute/12.1.0
        Azure-SDK-For-Python AZURECLI/2.8.0
    method: GET
    uri: https://management.azure.com/subscriptions/00000000-0000-0000-0000-000000000000/providers/Microsoft.Compute/locations/eastus2/DiskOperations/bc93f407-5f29-47f8-afe0-fdac8c4574ff?api-version=2020-05-01
  response:
    body:
      string: "{\r\n  \"startTime\": \"2020-07-02T12:25:39.0721843+00:00\",\r\n  \"endTime\":
        \"2020-07-02T12:25:39.2284456+00:00\",\r\n  \"status\": \"Succeeded\",\r\n
        \ \"properties\": {\r\n    \"output\": {\r\n  \"name\": \"disk123\",\r\n  \"id\":
        \"/subscriptions/00000000-0000-0000-0000-000000000000/resourceGroups/cli_test_disk_zones000001/providers/Microsoft.Compute/disks/disk123\",\r\n
        \ \"type\": \"Microsoft.Compute/disks\",\r\n  \"location\": \"eastus2\",\r\n
        \ \"tags\": {},\r\n  \"zones\": [\r\n    \"2\"\r\n  ],\r\n  \"sku\": {\r\n
        \   \"name\": \"Premium_LRS\",\r\n    \"tier\": \"Premium\"\r\n  },\r\n  \"properties\":
        {\r\n    \"hyperVGeneration\": \"V1\",\r\n    \"creationData\": {\r\n      \"createOption\":
        \"Empty\"\r\n    },\r\n    \"diskSizeGB\": 1,\r\n    \"diskIOPSReadWrite\":
        120,\r\n    \"diskMBpsReadWrite\": 25,\r\n    \"encryption\": {\r\n      \"type\":
        \"EncryptionAtRestWithPlatformKey\"\r\n    },\r\n    \"timeCreated\": \"2020-07-02T12:25:39.0721843+00:00\",\r\n
        \   \"provisioningState\": \"Succeeded\",\r\n    \"diskState\": \"Unattached\",\r\n
        \   \"diskSizeBytes\": 1073741824,\r\n    \"uniqueId\": \"c187d973-8c34-4efe-8ca1-954914726f4e\",\r\n
        \   \"networkAccessPolicy\": \"AllowAll\"\r\n  }\r\n}\r\n  },\r\n  \"name\":
        \"bc93f407-5f29-47f8-afe0-fdac8c4574ff\"\r\n}"
    headers:
      cache-control:
      - no-cache
      content-length:
      - '1161'
      content-type:
      - application/json; charset=utf-8
      date:
      - Thu, 02 Jul 2020 12:25:41 GMT
      expires:
      - '-1'
      pragma:
      - no-cache
      server:
      - Microsoft-HTTPAPI/2.0
      - Microsoft-HTTPAPI/2.0
      strict-transport-security:
      - max-age=31536000; includeSubDomains
      transfer-encoding:
      - chunked
      vary:
      - Accept-Encoding
      x-content-type-options:
      - nosniff
      x-ms-ratelimit-remaining-resource:
      - Microsoft.Compute/GetOperation3Min;49996,Microsoft.Compute/GetOperation30Min;399972
    status:
      code: 200
      message: OK
- request:
    body: null
    headers:
      Accept:
      - application/json
      Accept-Encoding:
      - gzip, deflate
      CommandName:
      - disk create
      Connection:
      - keep-alive
      ParameterSetName:
      - -g -n --size-gb --zone
      User-Agent:
      - python/3.7.4 (Windows-10-10.0.18362-SP0) msrest/0.6.9 msrest_azure/0.6.3 azure-mgmt-compute/12.1.0
        Azure-SDK-For-Python AZURECLI/2.8.0
    method: GET
    uri: https://management.azure.com/subscriptions/00000000-0000-0000-0000-000000000000/resourceGroups/cli_test_disk_zones000001/providers/Microsoft.Compute/disks/disk123?api-version=2020-05-01
  response:
    body:
      string: "{\r\n  \"name\": \"disk123\",\r\n  \"id\": \"/subscriptions/00000000-0000-0000-0000-000000000000/resourceGroups/cli_test_disk_zones000001/providers/Microsoft.Compute/disks/disk123\",\r\n
        \ \"type\": \"Microsoft.Compute/disks\",\r\n  \"location\": \"eastus2\",\r\n
        \ \"tags\": {},\r\n  \"zones\": [\r\n    \"2\"\r\n  ],\r\n  \"sku\": {\r\n
        \   \"name\": \"Premium_LRS\",\r\n    \"tier\": \"Premium\"\r\n  },\r\n  \"properties\":
        {\r\n    \"hyperVGeneration\": \"V1\",\r\n    \"creationData\": {\r\n      \"createOption\":
        \"Empty\"\r\n    },\r\n    \"diskSizeGB\": 1,\r\n    \"diskIOPSReadWrite\":
        120,\r\n    \"diskMBpsReadWrite\": 25,\r\n    \"encryption\": {\r\n      \"type\":
        \"EncryptionAtRestWithPlatformKey\"\r\n    },\r\n    \"timeCreated\": \"2020-07-02T12:25:39.0721843+00:00\",\r\n
        \   \"provisioningState\": \"Succeeded\",\r\n    \"diskState\": \"Unattached\",\r\n
        \   \"diskSizeBytes\": 1073741824,\r\n    \"uniqueId\": \"c187d973-8c34-4efe-8ca1-954914726f4e\",\r\n
        \   \"networkAccessPolicy\": \"AllowAll\"\r\n  }\r\n}"
    headers:
      cache-control:
      - no-cache
      content-length:
      - '936'
      content-type:
      - application/json; charset=utf-8
      date:
      - Thu, 02 Jul 2020 12:25:42 GMT
      expires:
      - '-1'
      pragma:
      - no-cache
      server:
      - Microsoft-HTTPAPI/2.0
      - Microsoft-HTTPAPI/2.0
      strict-transport-security:
      - max-age=31536000; includeSubDomains
      transfer-encoding:
      - chunked
      vary:
      - Accept-Encoding
      x-content-type-options:
      - nosniff
      x-ms-ratelimit-remaining-resource:
      - Microsoft.Compute/LowCostGet3Min;4988,Microsoft.Compute/LowCostGet30Min;39947
    status:
      code: 200
      message: OK
- request:
    body: null
    headers:
      Accept:
      - application/json
      Accept-Encoding:
      - gzip, deflate
      CommandName:
      - disk show
      Connection:
      - keep-alive
      ParameterSetName:
      - -g -n
      User-Agent:
      - python/3.7.4 (Windows-10-10.0.18362-SP0) msrest/0.6.9 msrest_azure/0.6.3 azure-mgmt-compute/12.1.0
        Azure-SDK-For-Python AZURECLI/2.8.0
      accept-language:
      - en-US
    method: GET
    uri: https://management.azure.com/subscriptions/00000000-0000-0000-0000-000000000000/resourceGroups/cli_test_disk_zones000001/providers/Microsoft.Compute/disks/disk123?api-version=2020-05-01
  response:
    body:
      string: "{\r\n  \"name\": \"disk123\",\r\n  \"id\": \"/subscriptions/00000000-0000-0000-0000-000000000000/resourceGroups/cli_test_disk_zones000001/providers/Microsoft.Compute/disks/disk123\",\r\n
        \ \"type\": \"Microsoft.Compute/disks\",\r\n  \"location\": \"eastus2\",\r\n
        \ \"tags\": {},\r\n  \"zones\": [\r\n    \"2\"\r\n  ],\r\n  \"sku\": {\r\n
        \   \"name\": \"Premium_LRS\",\r\n    \"tier\": \"Premium\"\r\n  },\r\n  \"properties\":
        {\r\n    \"hyperVGeneration\": \"V1\",\r\n    \"creationData\": {\r\n      \"createOption\":
        \"Empty\"\r\n    },\r\n    \"diskSizeGB\": 1,\r\n    \"diskIOPSReadWrite\":
        120,\r\n    \"diskMBpsReadWrite\": 25,\r\n    \"encryption\": {\r\n      \"type\":
        \"EncryptionAtRestWithPlatformKey\"\r\n    },\r\n    \"timeCreated\": \"2020-07-02T12:25:39.0721843+00:00\",\r\n
        \   \"provisioningState\": \"Succeeded\",\r\n    \"diskState\": \"Unattached\",\r\n
        \   \"diskSizeBytes\": 1073741824,\r\n    \"uniqueId\": \"c187d973-8c34-4efe-8ca1-954914726f4e\",\r\n
        \   \"networkAccessPolicy\": \"AllowAll\"\r\n  }\r\n}"
    headers:
      cache-control:
      - no-cache
      content-length:
      - '936'
      content-type:
      - application/json; charset=utf-8
      date:
      - Thu, 02 Jul 2020 12:25:43 GMT
      expires:
      - '-1'
      pragma:
      - no-cache
      server:
      - Microsoft-HTTPAPI/2.0
      - Microsoft-HTTPAPI/2.0
      strict-transport-security:
      - max-age=31536000; includeSubDomains
      transfer-encoding:
      - chunked
      vary:
      - Accept-Encoding
      x-content-type-options:
      - nosniff
      x-ms-ratelimit-remaining-resource:
      - Microsoft.Compute/LowCostGet3Min;4987,Microsoft.Compute/LowCostGet30Min;39946
    status:
      code: 200
      message: OK
- request:
    body: null
    headers:
      Accept:
      - application/json
      Accept-Encoding:
      - gzip, deflate
      CommandName:
      - disk show
      Connection:
      - keep-alive
      ParameterSetName:
      - -g -n -o
      User-Agent:
      - python/3.7.4 (Windows-10-10.0.18362-SP0) msrest/0.6.9 msrest_azure/0.6.3 azure-mgmt-compute/12.1.0
        Azure-SDK-For-Python AZURECLI/2.8.0
      accept-language:
      - en-US
    method: GET
    uri: https://management.azure.com/subscriptions/00000000-0000-0000-0000-000000000000/resourceGroups/cli_test_disk_zones000001/providers/Microsoft.Compute/disks/disk123?api-version=2020-05-01
  response:
    body:
      string: "{\r\n  \"name\": \"disk123\",\r\n  \"id\": \"/subscriptions/00000000-0000-0000-0000-000000000000/resourceGroups/cli_test_disk_zones000001/providers/Microsoft.Compute/disks/disk123\",\r\n
        \ \"type\": \"Microsoft.Compute/disks\",\r\n  \"location\": \"eastus2\",\r\n
        \ \"tags\": {},\r\n  \"zones\": [\r\n    \"2\"\r\n  ],\r\n  \"sku\": {\r\n
        \   \"name\": \"Premium_LRS\",\r\n    \"tier\": \"Premium\"\r\n  },\r\n  \"properties\":
        {\r\n    \"hyperVGeneration\": \"V1\",\r\n    \"creationData\": {\r\n      \"createOption\":
        \"Empty\"\r\n    },\r\n    \"diskSizeGB\": 1,\r\n    \"diskIOPSReadWrite\":
        120,\r\n    \"diskMBpsReadWrite\": 25,\r\n    \"encryption\": {\r\n      \"type\":
        \"EncryptionAtRestWithPlatformKey\"\r\n    },\r\n    \"timeCreated\": \"2020-07-02T12:25:39.0721843+00:00\",\r\n
        \   \"provisioningState\": \"Succeeded\",\r\n    \"diskState\": \"Unattached\",\r\n
        \   \"diskSizeBytes\": 1073741824,\r\n    \"uniqueId\": \"c187d973-8c34-4efe-8ca1-954914726f4e\",\r\n
        \   \"networkAccessPolicy\": \"AllowAll\"\r\n  }\r\n}"
    headers:
      cache-control:
      - no-cache
      content-length:
      - '936'
      content-type:
      - application/json; charset=utf-8
      date:
      - Thu, 02 Jul 2020 12:25:43 GMT
      expires:
      - '-1'
      pragma:
      - no-cache
      server:
      - Microsoft-HTTPAPI/2.0
      - Microsoft-HTTPAPI/2.0
      strict-transport-security:
      - max-age=31536000; includeSubDomains
      transfer-encoding:
      - chunked
      vary:
      - Accept-Encoding
      x-content-type-options:
      - nosniff
      x-ms-ratelimit-remaining-resource:
      - Microsoft.Compute/LowCostGet3Min;4985,Microsoft.Compute/LowCostGet30Min;39944
    status:
      code: 200
      message: OK
- request:
    body: null
    headers:
      Accept:
      - application/json
      Accept-Encoding:
      - gzip, deflate
      CommandName:
      - disk list
      Connection:
      - keep-alive
      ParameterSetName:
      - -g -o
      User-Agent:
      - python/3.7.4 (Windows-10-10.0.18362-SP0) msrest/0.6.9 msrest_azure/0.6.3 azure-mgmt-compute/12.1.0
        Azure-SDK-For-Python AZURECLI/2.8.0
      accept-language:
      - en-US
    method: GET
    uri: https://management.azure.com/subscriptions/00000000-0000-0000-0000-000000000000/resourceGroups/cli_test_disk_zones000001/providers/Microsoft.Compute/disks?api-version=2020-05-01
  response:
    body:
      string: "{\r\n  \"value\": [\r\n    {\r\n      \"name\": \"disk123\",\r\n      \"id\":
        \"/subscriptions/00000000-0000-0000-0000-000000000000/resourceGroups/cli_test_disk_zones000001/providers/Microsoft.Compute/disks/disk123\",\r\n
        \     \"type\": \"Microsoft.Compute/disks\",\r\n      \"location\": \"eastus2\",\r\n
        \     \"tags\": {},\r\n      \"zones\": [\r\n        \"2\"\r\n      ],\r\n
        \     \"sku\": {\r\n        \"name\": \"Premium_LRS\",\r\n        \"tier\":
        \"Premium\"\r\n      },\r\n      \"properties\": {\r\n        \"hyperVGeneration\":
        \"V1\",\r\n        \"creationData\": {\r\n          \"createOption\": \"Empty\"\r\n
        \       },\r\n        \"diskSizeGB\": 1,\r\n        \"diskIOPSReadWrite\":
        120,\r\n        \"diskMBpsReadWrite\": 25,\r\n        \"encryption\": {\r\n
        \         \"type\": \"EncryptionAtRestWithPlatformKey\"\r\n        },\r\n
        \       \"timeCreated\": \"2020-07-02T12:25:39.0721843+00:00\",\r\n        \"provisioningState\":
        \"Succeeded\",\r\n        \"diskState\": \"Unattached\",\r\n        \"diskSizeBytes\":
        1073741824,\r\n        \"uniqueId\": \"c187d973-8c34-4efe-8ca1-954914726f4e\",\r\n
        \       \"networkAccessPolicy\": \"AllowAll\"\r\n      }\r\n    }\r\n  ]\r\n}"
    headers:
      cache-control:
      - no-cache
      content-length:
      - '1089'
      content-type:
      - application/json; charset=utf-8
      date:
      - Thu, 02 Jul 2020 12:25:45 GMT
      expires:
      - '-1'
      pragma:
      - no-cache
      server:
      - Microsoft-HTTPAPI/2.0
      - Microsoft-HTTPAPI/2.0
      strict-transport-security:
      - max-age=31536000; includeSubDomains
      transfer-encoding:
      - chunked
      vary:
      - Accept-Encoding
      x-content-type-options:
      - nosniff
      x-ms-ratelimit-remaining-resource:
      - Microsoft.Compute/HighCostGet3Min;239,Microsoft.Compute/HighCostGet30Min;1917
    status:
      code: 200
      message: OK
version: 1
