interactions:
- request:
    body: null
    headers:
      Accept:
      - application/json
      Accept-Encoding:
      - gzip, deflate
      CommandName:
      - vm create
      Connection:
      - keep-alive
      ParameterSetName:
      - -g -n --image --admin-username --generate-ssh-keys --nsg-rule
      User-Agent:
      - python/3.7.4 (Windows-10-10.0.19041-SP0) msrest/0.6.18 msrest_azure/0.6.3
        azure-mgmt-resource/10.2.0 Azure-SDK-For-Python AZURECLI/2.14.1
      accept-language:
      - en-US
    method: GET
    uri: https://management.azure.com/subscriptions/00000000-0000-0000-0000-000000000000/resourcegroups/clitest.rg000001?api-version=2020-06-01
  response:
    body:
      string: '{"id":"/subscriptions/00000000-0000-0000-0000-000000000000/resourceGroups/clitest.rg000001","name":"clitest.rg000001","type":"Microsoft.Resources/resourceGroups","location":"westus","tags":{"product":"azurecli","cause":"automation","date":"2020-11-12T06:00:37Z"},"properties":{"provisioningState":"Succeeded"}}'
    headers:
      cache-control:
      - no-cache
      content-length:
      - '428'
      content-type:
      - application/json; charset=utf-8
      date:
      - Thu, 12 Nov 2020 06:00:41 GMT
      expires:
      - '-1'
      pragma:
      - no-cache
      strict-transport-security:
      - max-age=31536000; includeSubDomains
      vary:
      - Accept-Encoding
      x-content-type-options:
      - nosniff
    status:
      code: 200
      message: OK
- request:
    body: null
    headers:
      Accept:
      - '*/*'
      Accept-Encoding:
      - gzip, deflate
      Connection:
      - keep-alive
      User-Agent:
      - python-requests/2.22.0
    method: GET
    uri: https://raw.githubusercontent.com/Azure/azure-rest-api-specs/master/arm-compute/quickstart-templates/aliases.json
  response:
    body:
      string: "{\n  \"$schema\": \"http://schema.management.azure.com/schemas/2015-01-01/deploymentTemplate.json\",\n
        \ \"contentVersion\": \"1.0.0.0\",\n  \"parameters\": {},\n  \"variables\":
        {},\n  \"resources\": [],\n  \"outputs\": {\n    \"aliases\": {\n      \"type\":
        \"object\",\n      \"value\": {\n        \"Linux\": {\n          \"CentOS\":
        {\n            \"publisher\": \"OpenLogic\",\n            \"offer\": \"CentOS\",\n
        \           \"sku\": \"7.5\",\n            \"version\": \"latest\"\n          },\n
        \         \"CoreOS\": {\n            \"publisher\": \"CoreOS\",\n            \"offer\":
        \"CoreOS\",\n            \"sku\": \"Stable\",\n            \"version\": \"latest\"\n
        \         },\n          \"Debian\": {\n            \"publisher\": \"Debian\",\n
        \           \"offer\": \"debian-10\",\n            \"sku\": \"10\",\n            \"version\":
        \"latest\"\n          },\n          \"openSUSE-Leap\": {\n            \"publisher\":
        \"SUSE\",\n            \"offer\": \"openSUSE-Leap\",\n            \"sku\":
        \"42.3\",\n            \"version\": \"latest\"\n          },\n          \"RHEL\":
        {\n            \"publisher\": \"RedHat\",\n            \"offer\": \"RHEL\",\n
        \           \"sku\": \"7-LVM\",\n            \"version\": \"latest\"\n          },\n
        \         \"SLES\": {\n            \"publisher\": \"SUSE\",\n            \"offer\":
        \"SLES\",\n            \"sku\": \"15\",\n            \"version\": \"latest\"\n
        \         },\n          \"UbuntuLTS\": {\n            \"publisher\": \"Canonical\",\n
        \           \"offer\": \"UbuntuServer\",\n            \"sku\": \"18.04-LTS\",\n
        \           \"version\": \"latest\"\n          }\n        },\n        \"Windows\":
        {\n          \"Win2019Datacenter\": {\n            \"publisher\": \"MicrosoftWindowsServer\",\n
        \           \"offer\": \"WindowsServer\",\n            \"sku\": \"2019-Datacenter\",\n
        \           \"version\": \"latest\"\n          },\n          \"Win2016Datacenter\":
        {\n            \"publisher\": \"MicrosoftWindowsServer\",\n            \"offer\":
        \"WindowsServer\",\n            \"sku\": \"2016-Datacenter\",\n            \"version\":
        \"latest\"\n          },\n          \"Win2012R2Datacenter\": {\n            \"publisher\":
        \"MicrosoftWindowsServer\",\n            \"offer\": \"WindowsServer\",\n            \"sku\":
        \"2012-R2-Datacenter\",\n            \"version\": \"latest\"\n          },\n
        \         \"Win2012Datacenter\": {\n            \"publisher\": \"MicrosoftWindowsServer\",\n
        \           \"offer\": \"WindowsServer\",\n            \"sku\": \"2012-Datacenter\",\n
        \           \"version\": \"latest\"\n          },\n          \"Win2008R2SP1\":
        {\n            \"publisher\": \"MicrosoftWindowsServer\",\n            \"offer\":
        \"WindowsServer\",\n            \"sku\": \"2008-R2-SP1\",\n            \"version\":
        \"latest\"\n          }\n        }\n      }\n    }\n  }\n}\n"
    headers:
      accept-ranges:
      - bytes
      access-control-allow-origin:
      - '*'
      cache-control:
      - max-age=300
      connection:
      - keep-alive
      content-length:
      - '2501'
      content-security-policy:
      - default-src 'none'; style-src 'unsafe-inline'; sandbox
      content-type:
      - text/plain; charset=utf-8
      date:
      - Thu, 12 Nov 2020 06:00:42 GMT
      etag:
      - W/"540044b4084c3c314537f1baa1770f248628b2bc9ba0328f1004c33862e049da"
      expires:
      - Thu, 12 Nov 2020 06:05:42 GMT
      source-age:
      - '0'
      strict-transport-security:
      - max-age=31536000
      vary:
      - Authorization,Accept-Encoding
      via:
      - 1.1 varnish (Varnish/6.0), 1.1 varnish
      x-cache:
      - HIT, HIT
      x-cache-hits:
      - 2, 1
      x-content-type-options:
      - nosniff
      x-fastly-request-id:
      - b6c3156d913c58d79359e46ade02afa3dd174b21
      x-frame-options:
      - deny
      x-github-request-id:
      - BE60:6A5E:14CD2B:181B4D:5FACA29F
      x-served-by:
      - cache-sin18032-SIN
      x-timer:
      - S1605160843.575140,VS0,VE368
      x-xss-protection:
      - 1; mode=block
    status:
      code: 200
      message: OK
- request:
    body: null
    headers:
      Accept:
      - application/json
      Accept-Encoding:
      - gzip, deflate
      CommandName:
      - vm create
      Connection:
      - keep-alive
      ParameterSetName:
      - -g -n --image --admin-username --generate-ssh-keys --nsg-rule
      User-Agent:
      - python/3.7.4 (Windows-10-10.0.19041-SP0) msrest/0.6.18 msrest_azure/0.6.3
        azure-mgmt-network/12.0.0 Azure-SDK-For-Python AZURECLI/2.14.1
      accept-language:
      - en-US
    method: GET
    uri: https://management.azure.com/subscriptions/00000000-0000-0000-0000-000000000000/resourceGroups/clitest.rg000001/providers/Microsoft.Network/virtualNetworks?api-version=2018-01-01
  response:
    body:
      string: '{"value":[]}'
    headers:
      cache-control:
      - no-cache
      content-length:
      - '12'
      content-type:
      - application/json; charset=utf-8
      date:
      - Thu, 12 Nov 2020 06:00:42 GMT
      expires:
      - '-1'
      pragma:
      - no-cache
      strict-transport-security:
      - max-age=31536000; includeSubDomains
      vary:
      - Accept-Encoding
      x-content-type-options:
      - nosniff
    status:
      code: 200
      message: OK
- request:
    body: '{"properties": {"template": {"$schema": "https://schema.management.azure.com/schemas/2015-01-01/deploymentTemplate.json#",
      "contentVersion": "1.0.0.0", "parameters": {}, "variables": {}, "resources":
      [{"name": "vm1VNET", "type": "Microsoft.Network/virtualNetworks", "location":
      "westus", "apiVersion": "2015-06-15", "dependsOn": [], "tags": {}, "properties":
      {"addressSpace": {"addressPrefixes": ["10.0.0.0/16"]}, "subnets": [{"name":
      "vm1Subnet", "properties": {"addressPrefix": "10.0.0.0/24"}}]}}, {"type": "Microsoft.Network/networkSecurityGroups",
      "name": "vm1NSG", "apiVersion": "2015-06-15", "location": "westus", "tags":
      {}, "dependsOn": []}, {"apiVersion": "2018-01-01", "type": "Microsoft.Network/publicIPAddresses",
      "name": "vm1PublicIP", "location": "westus", "tags": {}, "dependsOn": [], "properties":
      {"publicIPAllocationMethod": null}}, {"apiVersion": "2015-06-15", "type": "Microsoft.Network/networkInterfaces",
      "name": "vm1VMNic", "location": "westus", "tags": {}, "dependsOn": ["Microsoft.Network/virtualNetworks/vm1VNET",
      "Microsoft.Network/networkSecurityGroups/vm1NSG", "Microsoft.Network/publicIpAddresses/vm1PublicIP"],
      "properties": {"ipConfigurations": [{"name": "ipconfigvm1", "properties": {"privateIPAllocationMethod":
      "Dynamic", "subnet": {"id": "/subscriptions/00000000-0000-0000-0000-000000000000/resourceGroups/clitest.rg000001/providers/Microsoft.Network/virtualNetworks/vm1VNET/subnets/vm1Subnet"},
      "publicIPAddress": {"id": "/subscriptions/00000000-0000-0000-0000-000000000000/resourceGroups/clitest.rg000001/providers/Microsoft.Network/publicIPAddresses/vm1PublicIP"}}}],
      "networkSecurityGroup": {"id": "/subscriptions/00000000-0000-0000-0000-000000000000/resourceGroups/clitest.rg000001/providers/Microsoft.Network/networkSecurityGroups/vm1NSG"}}},
      {"apiVersion": "2020-06-01", "type": "Microsoft.Compute/virtualMachines", "name":
      "vm1", "location": "westus", "tags": {}, "dependsOn": ["Microsoft.Network/networkInterfaces/vm1VMNic"],
      "properties": {"hardwareProfile": {"vmSize": "Standard_DS1_v2"}, "networkProfile":
      {"networkInterfaces": [{"id": "/subscriptions/00000000-0000-0000-0000-000000000000/resourceGroups/clitest.rg000001/providers/Microsoft.Network/networkInterfaces/vm1VMNic"}]},
      "storageProfile": {"osDisk": {"createOption": "fromImage", "name": null, "caching":
      "ReadWrite", "managedDisk": {"storageAccountType": null}}, "imageReference":
      {"publisher": "OpenLogic", "offer": "CentOS", "sku": "7.5", "version": "latest"}},
      "osProfile": {"computerName": "vm1", "adminUsername": "clitest123", "linuxConfiguration":
      {"disablePasswordAuthentication": true, "ssh": {"publicKeys": [{"keyData": "ssh-rsa
      AAAAB3NzaC1yc2EAAAADAQABAAABAQDmzXeK++L20uMK/Ug5wpjnWWyMlHoecEOxyHueHc1gPDj8qgLChiHt1OWJ1sDjiqBJ+hEEwZLjN8lCmUvWzzrl20d7M/BVp1ejulE/zr999kWuY3m5+FpAkbbxeO9LWoafwOir9dPzIOjDGdPWKbgHr3SerOHAuvVdXJDhWHtW5lB/MEnrxi48Pz/8k1lD1YccUAI6zDgKVJPBEk9fWMW8H0hKYsRXmlxdtg2npBQK7kbmcB2NJPEhTVgxVPqSaBVAt2lOCC/QQvAXcoD0lJGujp1IVYqSUarS5RnrYEDZ9Q6EKduWrP0GFkFkF8YzpFe+BRFaV8bLJrvZN43vgzRj
      fey@DESKTOP-ARGPJS4\n", "path": "/home/clitest123/.ssh/authorized_keys"}]}}}}}],
      "outputs": {}}, "parameters": {}, "mode": "Incremental"}}'
    headers:
      Accept:
      - application/json
      Accept-Encoding:
      - gzip, deflate
      CommandName:
      - vm create
      Connection:
      - keep-alive
      Content-Length:
      - '3394'
      Content-Type:
      - application/json; charset=utf-8
      ParameterSetName:
      - -g -n --image --admin-username --generate-ssh-keys --nsg-rule
      User-Agent:
      - python/3.7.4 (Windows-10-10.0.19041-SP0) msrest/0.6.18 msrest_azure/0.6.3
        azure-mgmt-resource/10.2.0 Azure-SDK-For-Python AZURECLI/2.14.1
      accept-language:
      - en-US
    method: PUT
    uri: https://management.azure.com/subscriptions/00000000-0000-0000-0000-000000000000/resourcegroups/clitest.rg000001/providers/Microsoft.Resources/deployments/mock-deployment?api-version=2020-06-01
  response:
    body:
      string: '{"id":"/subscriptions/00000000-0000-0000-0000-000000000000/resourceGroups/clitest.rg000001/providers/Microsoft.Resources/deployments/vm_deploy_3a79DJasx8NoAHlBANGOckB8Lk0avq1W","name":"vm_deploy_3a79DJasx8NoAHlBANGOckB8Lk0avq1W","type":"Microsoft.Resources/deployments","properties":{"templateHash":"27190350175563392","parameters":{},"mode":"Incremental","provisioningState":"Accepted","timestamp":"2020-11-12T06:00:47.660813Z","duration":"PT2.6519691S","correlationId":"c9f2c9de-f3e4-4969-86cf-d8be2c716f22","providers":[{"namespace":"Microsoft.Network","resourceTypes":[{"resourceType":"virtualNetworks","locations":["westus"]},{"resourceType":"networkSecurityGroups","locations":["westus"]},{"resourceType":"publicIPAddresses","locations":["westus"]},{"resourceType":"networkInterfaces","locations":["westus"]}]},{"namespace":"Microsoft.Compute","resourceTypes":[{"resourceType":"virtualMachines","locations":["westus"]}]}],"dependencies":[{"dependsOn":[{"id":"/subscriptions/00000000-0000-0000-0000-000000000000/resourceGroups/clitest.rg000001/providers/Microsoft.Network/virtualNetworks/vm1VNET","resourceType":"Microsoft.Network/virtualNetworks","resourceName":"vm1VNET"},{"id":"/subscriptions/00000000-0000-0000-0000-000000000000/resourceGroups/clitest.rg000001/providers/Microsoft.Network/networkSecurityGroups/vm1NSG","resourceType":"Microsoft.Network/networkSecurityGroups","resourceName":"vm1NSG"},{"id":"/subscriptions/00000000-0000-0000-0000-000000000000/resourceGroups/clitest.rg000001/providers/Microsoft.Network/publicIPAddresses/vm1PublicIP","resourceType":"Microsoft.Network/publicIPAddresses","resourceName":"vm1PublicIP"}],"id":"/subscriptions/00000000-0000-0000-0000-000000000000/resourceGroups/clitest.rg000001/providers/Microsoft.Network/networkInterfaces/vm1VMNic","resourceType":"Microsoft.Network/networkInterfaces","resourceName":"vm1VMNic"},{"dependsOn":[{"id":"/subscriptions/00000000-0000-0000-0000-000000000000/resourceGroups/clitest.rg000001/providers/Microsoft.Network/networkInterfaces/vm1VMNic","resourceType":"Microsoft.Network/networkInterfaces","resourceName":"vm1VMNic"}],"id":"/subscriptions/00000000-0000-0000-0000-000000000000/resourceGroups/clitest.rg000001/providers/Microsoft.Compute/virtualMachines/vm1","resourceType":"Microsoft.Compute/virtualMachines","resourceName":"vm1"}]}}'
    headers:
      azure-asyncoperation:
      - https://management.azure.com/subscriptions/00000000-0000-0000-0000-000000000000/resourcegroups/clitest.rg000001/providers/Microsoft.Resources/deployments/vm_deploy_3a79DJasx8NoAHlBANGOckB8Lk0avq1W/operationStatuses/08585964460404687875?api-version=2020-06-01
      cache-control:
      - no-cache
      content-length:
      - '2739'
      content-type:
      - application/json; charset=utf-8
      date:
      - Thu, 12 Nov 2020 06:00:49 GMT
      expires:
      - '-1'
      pragma:
      - no-cache
      strict-transport-security:
      - max-age=31536000; includeSubDomains
      x-content-type-options:
      - nosniff
      x-ms-ratelimit-remaining-subscription-writes:
      - '1199'
    status:
      code: 201
      message: Created
- request:
    body: null
    headers:
      Accept:
      - application/json
      Accept-Encoding:
      - gzip, deflate
      CommandName:
      - vm create
      Connection:
      - keep-alive
      ParameterSetName:
      - -g -n --image --admin-username --generate-ssh-keys --nsg-rule
      User-Agent:
      - python/3.7.4 (Windows-10-10.0.19041-SP0) msrest/0.6.18 msrest_azure/0.6.3
        azure-mgmt-resource/10.2.0 Azure-SDK-For-Python AZURECLI/2.14.1
    method: GET
    uri: https://management.azure.com/subscriptions/00000000-0000-0000-0000-000000000000/resourcegroups/clitest.rg000001/providers/Microsoft.Resources/deployments/mock-deployment/operationStatuses/08585964460404687875?api-version=2020-06-01
  response:
    body:
      string: '{"status":"Running"}'
    headers:
      cache-control:
      - no-cache
      content-length:
      - '20'
      content-type:
      - application/json; charset=utf-8
      date:
      - Thu, 12 Nov 2020 06:01:19 GMT
      expires:
      - '-1'
      pragma:
      - no-cache
      strict-transport-security:
      - max-age=31536000; includeSubDomains
      vary:
      - Accept-Encoding
      x-content-type-options:
      - nosniff
    status:
      code: 200
      message: OK
- request:
    body: null
    headers:
      Accept:
      - application/json
      Accept-Encoding:
      - gzip, deflate
      CommandName:
      - vm create
      Connection:
      - keep-alive
      ParameterSetName:
      - -g -n --image --admin-username --generate-ssh-keys --nsg-rule
      User-Agent:
      - python/3.7.4 (Windows-10-10.0.19041-SP0) msrest/0.6.18 msrest_azure/0.6.3
        azure-mgmt-resource/10.2.0 Azure-SDK-For-Python AZURECLI/2.14.1
    method: GET
    uri: https://management.azure.com/subscriptions/00000000-0000-0000-0000-000000000000/resourcegroups/clitest.rg000001/providers/Microsoft.Resources/deployments/mock-deployment/operationStatuses/08585964460404687875?api-version=2020-06-01
  response:
    body:
      string: '{"status":"Running"}'
    headers:
      cache-control:
      - no-cache
      content-length:
      - '20'
      content-type:
      - application/json; charset=utf-8
      date:
      - Thu, 12 Nov 2020 06:01:50 GMT
      expires:
      - '-1'
      pragma:
      - no-cache
      strict-transport-security:
      - max-age=31536000; includeSubDomains
      vary:
      - Accept-Encoding
      x-content-type-options:
      - nosniff
    status:
      code: 200
      message: OK
- request:
    body: null
    headers:
      Accept:
      - application/json
      Accept-Encoding:
      - gzip, deflate
      CommandName:
      - vm create
      Connection:
      - keep-alive
      ParameterSetName:
      - -g -n --image --admin-username --generate-ssh-keys --nsg-rule
      User-Agent:
      - python/3.7.4 (Windows-10-10.0.19041-SP0) msrest/0.6.18 msrest_azure/0.6.3
        azure-mgmt-resource/10.2.0 Azure-SDK-For-Python AZURECLI/2.14.1
    method: GET
    uri: https://management.azure.com/subscriptions/00000000-0000-0000-0000-000000000000/resourcegroups/clitest.rg000001/providers/Microsoft.Resources/deployments/mock-deployment/operationStatuses/08585964460404687875?api-version=2020-06-01
  response:
    body:
      string: '{"status":"Succeeded"}'
    headers:
      cache-control:
      - no-cache
      content-length:
      - '22'
      content-type:
      - application/json; charset=utf-8
      date:
      - Thu, 12 Nov 2020 06:02:20 GMT
      expires:
      - '-1'
      pragma:
      - no-cache
      strict-transport-security:
      - max-age=31536000; includeSubDomains
      vary:
      - Accept-Encoding
      x-content-type-options:
      - nosniff
    status:
      code: 200
      message: OK
- request:
    body: null
    headers:
      Accept:
      - application/json
      Accept-Encoding:
      - gzip, deflate
      CommandName:
      - vm create
      Connection:
      - keep-alive
      ParameterSetName:
      - -g -n --image --admin-username --generate-ssh-keys --nsg-rule
      User-Agent:
      - python/3.7.4 (Windows-10-10.0.19041-SP0) msrest/0.6.18 msrest_azure/0.6.3
        azure-mgmt-resource/10.2.0 Azure-SDK-For-Python AZURECLI/2.14.1
    method: GET
    uri: https://management.azure.com/subscriptions/00000000-0000-0000-0000-000000000000/resourcegroups/clitest.rg000001/providers/Microsoft.Resources/deployments/mock-deployment?api-version=2020-06-01
  response:
    body:
      string: '{"id":"/subscriptions/00000000-0000-0000-0000-000000000000/resourceGroups/clitest.rg000001/providers/Microsoft.Resources/deployments/vm_deploy_3a79DJasx8NoAHlBANGOckB8Lk0avq1W","name":"vm_deploy_3a79DJasx8NoAHlBANGOckB8Lk0avq1W","type":"Microsoft.Resources/deployments","properties":{"templateHash":"27190350175563392","parameters":{},"mode":"Incremental","provisioningState":"Succeeded","timestamp":"2020-11-12T06:02:20.5146971Z","duration":"PT1M35.5058532S","correlationId":"c9f2c9de-f3e4-4969-86cf-d8be2c716f22","providers":[{"namespace":"Microsoft.Network","resourceTypes":[{"resourceType":"virtualNetworks","locations":["westus"]},{"resourceType":"networkSecurityGroups","locations":["westus"]},{"resourceType":"publicIPAddresses","locations":["westus"]},{"resourceType":"networkInterfaces","locations":["westus"]}]},{"namespace":"Microsoft.Compute","resourceTypes":[{"resourceType":"virtualMachines","locations":["westus"]}]}],"dependencies":[{"dependsOn":[{"id":"/subscriptions/00000000-0000-0000-0000-000000000000/resourceGroups/clitest.rg000001/providers/Microsoft.Network/virtualNetworks/vm1VNET","resourceType":"Microsoft.Network/virtualNetworks","resourceName":"vm1VNET"},{"id":"/subscriptions/00000000-0000-0000-0000-000000000000/resourceGroups/clitest.rg000001/providers/Microsoft.Network/networkSecurityGroups/vm1NSG","resourceType":"Microsoft.Network/networkSecurityGroups","resourceName":"vm1NSG"},{"id":"/subscriptions/00000000-0000-0000-0000-000000000000/resourceGroups/clitest.rg000001/providers/Microsoft.Network/publicIPAddresses/vm1PublicIP","resourceType":"Microsoft.Network/publicIPAddresses","resourceName":"vm1PublicIP"}],"id":"/subscriptions/00000000-0000-0000-0000-000000000000/resourceGroups/clitest.rg000001/providers/Microsoft.Network/networkInterfaces/vm1VMNic","resourceType":"Microsoft.Network/networkInterfaces","resourceName":"vm1VMNic"},{"dependsOn":[{"id":"/subscriptions/00000000-0000-0000-0000-000000000000/resourceGroups/clitest.rg000001/providers/Microsoft.Network/networkInterfaces/vm1VMNic","resourceType":"Microsoft.Network/networkInterfaces","resourceName":"vm1VMNic"}],"id":"/subscriptions/00000000-0000-0000-0000-000000000000/resourceGroups/clitest.rg000001/providers/Microsoft.Compute/virtualMachines/vm1","resourceType":"Microsoft.Compute/virtualMachines","resourceName":"vm1"}],"outputs":{},"outputResources":[{"id":"/subscriptions/00000000-0000-0000-0000-000000000000/resourceGroups/clitest.rg000001/providers/Microsoft.Compute/virtualMachines/vm1"},{"id":"/subscriptions/00000000-0000-0000-0000-000000000000/resourceGroups/clitest.rg000001/providers/Microsoft.Network/networkInterfaces/vm1VMNic"},{"id":"/subscriptions/00000000-0000-0000-0000-000000000000/resourceGroups/clitest.rg000001/providers/Microsoft.Network/networkSecurityGroups/vm1NSG"},{"id":"/subscriptions/00000000-0000-0000-0000-000000000000/resourceGroups/clitest.rg000001/providers/Microsoft.Network/publicIPAddresses/vm1PublicIP"},{"id":"/subscriptions/00000000-0000-0000-0000-000000000000/resourceGroups/clitest.rg000001/providers/Microsoft.Network/virtualNetworks/vm1VNET"}]}}'
    headers:
      cache-control:
      - no-cache
      content-length:
      - '3807'
      content-type:
      - application/json; charset=utf-8
      date:
      - Thu, 12 Nov 2020 06:02:20 GMT
      expires:
      - '-1'
      pragma:
      - no-cache
      strict-transport-security:
      - max-age=31536000; includeSubDomains
      vary:
      - Accept-Encoding
      x-content-type-options:
      - nosniff
    status:
      code: 200
      message: OK
- request:
    body: null
    headers:
      Accept:
      - application/json
      Accept-Encoding:
      - gzip, deflate
      CommandName:
      - vm create
      Connection:
      - keep-alive
      ParameterSetName:
      - -g -n --image --admin-username --generate-ssh-keys --nsg-rule
      User-Agent:
      - AZURECLI/2.14.1 azsdk-python-azure-mgmt-compute/17.0.0 Python/3.7.4 (Windows-10-10.0.19041-SP0)
    method: GET
    uri: https://management.azure.com/subscriptions/00000000-0000-0000-0000-000000000000/resourceGroups/clitest.rg000001/providers/Microsoft.Compute/virtualMachines/vm1?$expand=instanceView&api-version=2020-06-01
  response:
    body:
      string: "{\r\n  \"name\": \"vm1\",\r\n  \"id\": \"/subscriptions/00000000-0000-0000-0000-000000000000/resourceGroups/clitest.rg000001/providers/Microsoft.Compute/virtualMachines/vm1\",\r\n
        \ \"type\": \"Microsoft.Compute/virtualMachines\",\r\n  \"location\": \"westus\",\r\n
        \ \"tags\": {},\r\n  \"properties\": {\r\n    \"vmId\": \"8e9a2b08-0f59-40ab-899c-43d728399e90\",\r\n
        \   \"hardwareProfile\": {\r\n      \"vmSize\": \"Standard_DS1_v2\"\r\n    },\r\n
        \   \"storageProfile\": {\r\n      \"imageReference\": {\r\n        \"publisher\":
        \"OpenLogic\",\r\n        \"offer\": \"CentOS\",\r\n        \"sku\": \"7.5\",\r\n
        \       \"version\": \"latest\",\r\n        \"exactVersion\": \"7.5.201808150\"\r\n
        \     },\r\n      \"osDisk\": {\r\n        \"osType\": \"Linux\",\r\n        \"name\":
        \"vm1_OsDisk_1_fb136371a0a542fd81ce2f147d75ac76\",\r\n        \"createOption\":
        \"FromImage\",\r\n        \"caching\": \"ReadWrite\",\r\n        \"managedDisk\":
        {\r\n          \"storageAccountType\": \"Premium_LRS\",\r\n          \"id\":
        \"/subscriptions/00000000-0000-0000-0000-000000000000/resourceGroups/clitest.rg000001/providers/Microsoft.Compute/disks/vm1_OsDisk_1_fb136371a0a542fd81ce2f147d75ac76\"\r\n
        \       },\r\n        \"diskSizeGB\": 30\r\n      },\r\n      \"dataDisks\":
        []\r\n    },\r\n    \"osProfile\": {\r\n      \"computerName\": \"vm1\",\r\n
        \     \"adminUsername\": \"clitest123\",\r\n      \"linuxConfiguration\":
        {\r\n        \"disablePasswordAuthentication\": true,\r\n        \"ssh\":
        {\r\n          \"publicKeys\": [\r\n            {\r\n              \"path\":
        \"/home/clitest123/.ssh/authorized_keys\",\r\n              \"keyData\": \"ssh-rsa
        AAAAB3NzaC1yc2EAAAADAQABAAABAQDmzXeK++L20uMK/Ug5wpjnWWyMlHoecEOxyHueHc1gPDj8qgLChiHt1OWJ1sDjiqBJ+hEEwZLjN8lCmUvWzzrl20d7M/BVp1ejulE/zr999kWuY3m5+FpAkbbxeO9LWoafwOir9dPzIOjDGdPWKbgHr3SerOHAuvVdXJDhWHtW5lB/MEnrxi48Pz/8k1lD1YccUAI6zDgKVJPBEk9fWMW8H0hKYsRXmlxdtg2npBQK7kbmcB2NJPEhTVgxVPqSaBVAt2lOCC/QQvAXcoD0lJGujp1IVYqSUarS5RnrYEDZ9Q6EKduWrP0GFkFkF8YzpFe+BRFaV8bLJrvZN43vgzRj
        fey@DESKTOP-ARGPJS4\\n\"\r\n            }\r\n          ]\r\n        },\r\n
        \       \"provisionVMAgent\": true,\r\n        \"patchSettings\": {\r\n          \"patchMode\":
        \"ImageDefault\"\r\n        }\r\n      },\r\n      \"secrets\": [],\r\n      \"allowExtensionOperations\":
        true,\r\n      \"requireGuestProvisionSignal\": true\r\n    },\r\n    \"networkProfile\":
        {\"networkInterfaces\":[{\"id\":\"/subscriptions/00000000-0000-0000-0000-000000000000/resourceGroups/clitest.rg000001/providers/Microsoft.Network/networkInterfaces/vm1VMNic\"}]},\r\n
        \   \"provisioningState\": \"Succeeded\",\r\n    \"instanceView\": {\r\n      \"computerName\":
        \"vm1\",\r\n      \"osName\": \"centos\",\r\n      \"osVersion\": \"7.5.1804\",\r\n
        \     \"vmAgent\": {\r\n        \"vmAgentVersion\": \"2.2.52\",\r\n        \"statuses\":
        [\r\n          {\r\n            \"code\": \"ProvisioningState/succeeded\",\r\n
        \           \"level\": \"Info\",\r\n            \"displayStatus\": \"Ready\",\r\n
        \           \"message\": \"Guest Agent is running\",\r\n            \"time\":
        \"2020-11-12T06:02:23+00:00\"\r\n          }\r\n        ],\r\n        \"extensionHandlers\":
        []\r\n      },\r\n      \"disks\": [\r\n        {\r\n          \"name\": \"vm1_OsDisk_1_fb136371a0a542fd81ce2f147d75ac76\",\r\n
        \         \"statuses\": [\r\n            {\r\n              \"code\": \"ProvisioningState/succeeded\",\r\n
        \             \"level\": \"Info\",\r\n              \"displayStatus\": \"Provisioning
        succeeded\",\r\n              \"time\": \"2020-11-12T06:01:07.9767686+00:00\"\r\n
        \           }\r\n          ]\r\n        }\r\n      ],\r\n      \"hyperVGeneration\":
        \"V1\",\r\n      \"statuses\": [\r\n        {\r\n          \"code\": \"ProvisioningState/succeeded\",\r\n
        \         \"level\": \"Info\",\r\n          \"displayStatus\": \"Provisioning
        succeeded\",\r\n          \"time\": \"2020-11-12T06:02:19.5865428+00:00\"\r\n
        \       },\r\n        {\r\n          \"code\": \"PowerState/running\",\r\n
        \         \"level\": \"Info\",\r\n          \"displayStatus\": \"VM running\"\r\n
        \       }\r\n      ]\r\n    }\r\n  }\r\n}"
    headers:
      cache-control:
      - no-cache
      content-length:
      - '3844'
      content-type:
      - application/json; charset=utf-8
      date:
      - Thu, 12 Nov 2020 06:02:22 GMT
      expires:
      - '-1'
      pragma:
      - no-cache
      server:
      - Microsoft-HTTPAPI/2.0
      - Microsoft-HTTPAPI/2.0
      strict-transport-security:
      - max-age=31536000; includeSubDomains
      transfer-encoding:
      - chunked
      vary:
      - Accept-Encoding
      x-content-type-options:
      - nosniff
      x-ms-ratelimit-remaining-resource:
      - Microsoft.Compute/LowCostGet3Min;3998,Microsoft.Compute/LowCostGet30Min;31991
    status:
      code: 200
      message: OK
- request:
    body: null
    headers:
      Accept:
      - application/json
      Accept-Encoding:
      - gzip, deflate
      CommandName:
      - vm create
      Connection:
      - keep-alive
      ParameterSetName:
      - -g -n --image --admin-username --generate-ssh-keys --nsg-rule
      User-Agent:
      - python/3.7.4 (Windows-10-10.0.19041-SP0) msrest/0.6.18 msrest_azure/0.6.3
        azure-mgmt-network/12.0.0 Azure-SDK-For-Python AZURECLI/2.14.1
      accept-language:
      - en-US
    method: GET
    uri: https://management.azure.com/subscriptions/00000000-0000-0000-0000-000000000000/resourceGroups/clitest.rg000001/providers/Microsoft.Network/networkInterfaces/vm1VMNic?api-version=2018-01-01
  response:
    body:
      string: "{\r\n  \"name\": \"vm1VMNic\",\r\n  \"id\": \"/subscriptions/00000000-0000-0000-0000-000000000000/resourceGroups/clitest.rg000001/providers/Microsoft.Network/networkInterfaces/vm1VMNic\",\r\n
        \ \"etag\": \"W/\\\"e35577ee-becf-45df-be1b-4174607c908f\\\"\",\r\n  \"location\":
        \"westus\",\r\n  \"tags\": {},\r\n  \"properties\": {\r\n    \"provisioningState\":
        \"Succeeded\",\r\n    \"resourceGuid\": \"c011ff1b-3725-491f-b14f-867c940ee41d\",\r\n
        \   \"ipConfigurations\": [\r\n      {\r\n        \"name\": \"ipconfigvm1\",\r\n
        \       \"id\": \"/subscriptions/00000000-0000-0000-0000-000000000000/resourceGroups/clitest.rg000001/providers/Microsoft.Network/networkInterfaces/vm1VMNic/ipConfigurations/ipconfigvm1\",\r\n
        \       \"etag\": \"W/\\\"e35577ee-becf-45df-be1b-4174607c908f\\\"\",\r\n
        \       \"type\": \"Microsoft.Network/networkInterfaces/ipConfigurations\",\r\n
        \       \"properties\": {\r\n          \"provisioningState\": \"Succeeded\",\r\n
        \         \"privateIPAddress\": \"10.0.0.4\",\r\n          \"privateIPAllocationMethod\":
        \"Dynamic\",\r\n          \"publicIPAddress\": {\r\n            \"id\": \"/subscriptions/00000000-0000-0000-0000-000000000000/resourceGroups/clitest.rg000001/providers/Microsoft.Network/publicIPAddresses/vm1PublicIP\"\r\n
        \         },\r\n          \"subnet\": {\r\n            \"id\": \"/subscriptions/00000000-0000-0000-0000-000000000000/resourceGroups/clitest.rg000001/providers/Microsoft.Network/virtualNetworks/vm1VNET/subnets/vm1Subnet\"\r\n
        \         },\r\n          \"primary\": true,\r\n          \"privateIPAddressVersion\":
        \"IPv4\"\r\n        }\r\n      }\r\n    ],\r\n    \"dnsSettings\": {\r\n      \"dnsServers\":
        [],\r\n      \"appliedDnsServers\": [],\r\n      \"internalDomainNameSuffix\":
        \"bhe5b4bejcxezmjdwrrmeonkph.dx.internal.cloudapp.net\"\r\n    },\r\n    \"macAddress\":
        \"00-0D-3A-5B-72-91\",\r\n    \"enableAcceleratedNetworking\": false,\r\n
        \   \"enableIPForwarding\": false,\r\n    \"networkSecurityGroup\": {\r\n
        \     \"id\": \"/subscriptions/00000000-0000-0000-0000-000000000000/resourceGroups/clitest.rg000001/providers/Microsoft.Network/networkSecurityGroups/vm1NSG\"\r\n
        \   },\r\n    \"primary\": true,\r\n    \"virtualMachine\": {\r\n      \"id\":
        \"/subscriptions/00000000-0000-0000-0000-000000000000/resourceGroups/clitest.rg000001/providers/Microsoft.Compute/virtualMachines/vm1\"\r\n
        \   }\r\n  },\r\n  \"type\": \"Microsoft.Network/networkInterfaces\"\r\n}"
    headers:
      cache-control:
      - no-cache
      content-length:
      - '2568'
      content-type:
      - application/json; charset=utf-8
      date:
      - Thu, 12 Nov 2020 06:02:23 GMT
      etag:
      - W/"e35577ee-becf-45df-be1b-4174607c908f"
      expires:
      - '-1'
      pragma:
      - no-cache
      server:
      - Microsoft-HTTPAPI/2.0
      - Microsoft-HTTPAPI/2.0
      strict-transport-security:
      - max-age=31536000; includeSubDomains
      transfer-encoding:
      - chunked
      vary:
      - Accept-Encoding
      x-content-type-options:
      - nosniff
      x-ms-arm-service-request-id:
      - 9ef5e4f1-e019-4511-bcfc-c16ab9624c08
    status:
      code: 200
      message: OK
- request:
    body: null
    headers:
      Accept:
      - application/json
      Accept-Encoding:
      - gzip, deflate
      CommandName:
      - vm create
      Connection:
      - keep-alive
      ParameterSetName:
      - -g -n --image --admin-username --generate-ssh-keys --nsg-rule
      User-Agent:
      - python/3.7.4 (Windows-10-10.0.19041-SP0) msrest/0.6.18 msrest_azure/0.6.3
        azure-mgmt-network/12.0.0 Azure-SDK-For-Python AZURECLI/2.14.1
      accept-language:
      - en-US
    method: GET
    uri: https://management.azure.com/subscriptions/00000000-0000-0000-0000-000000000000/resourceGroups/clitest.rg000001/providers/Microsoft.Network/publicIPAddresses/vm1PublicIP?api-version=2018-01-01
  response:
    body:
      string: "{\r\n  \"name\": \"vm1PublicIP\",\r\n  \"id\": \"/subscriptions/00000000-0000-0000-0000-000000000000/resourceGroups/clitest.rg000001/providers/Microsoft.Network/publicIPAddresses/vm1PublicIP\",\r\n
        \ \"etag\": \"W/\\\"34f2f1d5-1741-4555-86a0-87e52674c1ac\\\"\",\r\n  \"location\":
        \"westus\",\r\n  \"tags\": {},\r\n  \"properties\": {\r\n    \"provisioningState\":
        \"Succeeded\",\r\n    \"resourceGuid\": \"4d31e662-da43-445f-b477-0b9f96149e6e\",\r\n
        \   \"ipAddress\": \"40.112.176.100\",\r\n    \"publicIPAddressVersion\":
        \"IPv4\",\r\n    \"publicIPAllocationMethod\": \"Dynamic\",\r\n    \"idleTimeoutInMinutes\":
        4,\r\n    \"ipTags\": [],\r\n    \"ipConfiguration\": {\r\n      \"id\": \"/subscriptions/00000000-0000-0000-0000-000000000000/resourceGroups/clitest.rg000001/providers/Microsoft.Network/networkInterfaces/vm1VMNic/ipConfigurations/ipconfigvm1\"\r\n
        \   }\r\n  },\r\n  \"type\": \"Microsoft.Network/publicIPAddresses\",\r\n
        \ \"sku\": {\r\n    \"name\": \"Basic\"\r\n  }\r\n}"
    headers:
      cache-control:
      - no-cache
      content-length:
      - '998'
      content-type:
      - application/json; charset=utf-8
      date:
      - Thu, 12 Nov 2020 06:02:23 GMT
      etag:
      - W/"34f2f1d5-1741-4555-86a0-87e52674c1ac"
      expires:
      - '-1'
      pragma:
      - no-cache
      server:
      - Microsoft-HTTPAPI/2.0
      - Microsoft-HTTPAPI/2.0
      strict-transport-security:
      - max-age=31536000; includeSubDomains
      transfer-encoding:
      - chunked
      vary:
      - Accept-Encoding
      x-content-type-options:
      - nosniff
      x-ms-arm-service-request-id:
      - a6cd0323-8ad1-4132-b5ac-927012963486
    status:
      code: 200
      message: OK
- request:
    body: null
    headers:
      Accept:
      - application/json
      Accept-Encoding:
      - gzip, deflate
      CommandName:
      - vm show
      Connection:
      - keep-alive
      ParameterSetName:
      - -g -n
      User-Agent:
      - AZURECLI/2.14.1 azsdk-python-azure-mgmt-compute/17.0.0 Python/3.7.4 (Windows-10-10.0.19041-SP0)
    method: GET
    uri: https://management.azure.com/subscriptions/00000000-0000-0000-0000-000000000000/resourceGroups/clitest.rg000001/providers/Microsoft.Compute/virtualMachines/vm1?api-version=2020-06-01
  response:
    body:
      string: "{\r\n  \"name\": \"vm1\",\r\n  \"id\": \"/subscriptions/00000000-0000-0000-0000-000000000000/resourceGroups/clitest.rg000001/providers/Microsoft.Compute/virtualMachines/vm1\",\r\n
        \ \"type\": \"Microsoft.Compute/virtualMachines\",\r\n  \"location\": \"westus\",\r\n
        \ \"tags\": {},\r\n  \"properties\": {\r\n    \"vmId\": \"8e9a2b08-0f59-40ab-899c-43d728399e90\",\r\n
        \   \"hardwareProfile\": {\r\n      \"vmSize\": \"Standard_DS1_v2\"\r\n    },\r\n
        \   \"storageProfile\": {\r\n      \"imageReference\": {\r\n        \"publisher\":
        \"OpenLogic\",\r\n        \"offer\": \"CentOS\",\r\n        \"sku\": \"7.5\",\r\n
        \       \"version\": \"latest\",\r\n        \"exactVersion\": \"7.5.201808150\"\r\n
        \     },\r\n      \"osDisk\": {\r\n        \"osType\": \"Linux\",\r\n        \"name\":
        \"vm1_OsDisk_1_fb136371a0a542fd81ce2f147d75ac76\",\r\n        \"createOption\":
        \"FromImage\",\r\n        \"caching\": \"ReadWrite\",\r\n        \"managedDisk\":
        {\r\n          \"storageAccountType\": \"Premium_LRS\",\r\n          \"id\":
        \"/subscriptions/00000000-0000-0000-0000-000000000000/resourceGroups/clitest.rg000001/providers/Microsoft.Compute/disks/vm1_OsDisk_1_fb136371a0a542fd81ce2f147d75ac76\"\r\n
        \       },\r\n        \"diskSizeGB\": 30\r\n      },\r\n      \"dataDisks\":
        []\r\n    },\r\n    \"osProfile\": {\r\n      \"computerName\": \"vm1\",\r\n
        \     \"adminUsername\": \"clitest123\",\r\n      \"linuxConfiguration\":
        {\r\n        \"disablePasswordAuthentication\": true,\r\n        \"ssh\":
        {\r\n          \"publicKeys\": [\r\n            {\r\n              \"path\":
        \"/home/clitest123/.ssh/authorized_keys\",\r\n              \"keyData\": \"ssh-rsa
        AAAAB3NzaC1yc2EAAAADAQABAAABAQDmzXeK++L20uMK/Ug5wpjnWWyMlHoecEOxyHueHc1gPDj8qgLChiHt1OWJ1sDjiqBJ+hEEwZLjN8lCmUvWzzrl20d7M/BVp1ejulE/zr999kWuY3m5+FpAkbbxeO9LWoafwOir9dPzIOjDGdPWKbgHr3SerOHAuvVdXJDhWHtW5lB/MEnrxi48Pz/8k1lD1YccUAI6zDgKVJPBEk9fWMW8H0hKYsRXmlxdtg2npBQK7kbmcB2NJPEhTVgxVPqSaBVAt2lOCC/QQvAXcoD0lJGujp1IVYqSUarS5RnrYEDZ9Q6EKduWrP0GFkFkF8YzpFe+BRFaV8bLJrvZN43vgzRj
        fey@DESKTOP-ARGPJS4\\n\"\r\n            }\r\n          ]\r\n        },\r\n
        \       \"provisionVMAgent\": true,\r\n        \"patchSettings\": {\r\n          \"patchMode\":
        \"ImageDefault\"\r\n        }\r\n      },\r\n      \"secrets\": [],\r\n      \"allowExtensionOperations\":
        true,\r\n      \"requireGuestProvisionSignal\": true\r\n    },\r\n    \"networkProfile\":
        {\"networkInterfaces\":[{\"id\":\"/subscriptions/00000000-0000-0000-0000-000000000000/resourceGroups/clitest.rg000001/providers/Microsoft.Network/networkInterfaces/vm1VMNic\"}]},\r\n
        \   \"provisioningState\": \"Succeeded\"\r\n  }\r\n}"
    headers:
      cache-control:
      - no-cache
      content-length:
      - '2549'
      content-type:
      - application/json; charset=utf-8
      date:
      - Thu, 12 Nov 2020 06:02:23 GMT
      expires:
      - '-1'
      pragma:
      - no-cache
      server:
      - Microsoft-HTTPAPI/2.0
      - Microsoft-HTTPAPI/2.0
      strict-transport-security:
      - max-age=31536000; includeSubDomains
      transfer-encoding:
      - chunked
      vary:
      - Accept-Encoding
      x-content-type-options:
      - nosniff
      x-ms-ratelimit-remaining-resource:
      - Microsoft.Compute/LowCostGet3Min;3996,Microsoft.Compute/LowCostGet30Min;31989
    status:
      code: 200
      message: OK
- request:
    body: null
    headers:
      Accept:
      - application/json
      Accept-Encoding:
      - gzip, deflate
      CommandName:
      - disk create
      Connection:
      - keep-alive
      ParameterSetName:
      - -g -n --source
      User-Agent:
      - python/3.7.4 (Windows-10-10.0.19041-SP0) msrest/0.6.18 msrest_azure/0.6.3
        azure-mgmt-resource/10.2.0 Azure-SDK-For-Python AZURECLI/2.14.1
      accept-language:
      - en-US
    method: GET
    uri: https://management.azure.com/subscriptions/00000000-0000-0000-0000-000000000000/resourcegroups/clitest.rg000001?api-version=2020-06-01
  response:
    body:
      string: '{"id":"/subscriptions/00000000-0000-0000-0000-000000000000/resourceGroups/clitest.rg000001","name":"clitest.rg000001","type":"Microsoft.Resources/resourceGroups","location":"westus","tags":{"product":"azurecli","cause":"automation","date":"2020-11-12T06:00:37Z"},"properties":{"provisioningState":"Succeeded"}}'
    headers:
      cache-control:
      - no-cache
      content-length:
      - '428'
      content-type:
      - application/json; charset=utf-8
      date:
      - Thu, 12 Nov 2020 06:02:24 GMT
      expires:
      - '-1'
      pragma:
      - no-cache
      strict-transport-security:
      - max-age=31536000; includeSubDomains
      vary:
      - Accept-Encoding
      x-content-type-options:
      - nosniff
    status:
      code: 200
      message: OK
- request:
    body: '{"location": "westus", "tags": {}, "sku": {"name": "Premium_LRS"}, "properties":
      {"creationData": {"createOption": "Copy", "sourceResourceId": "/subscriptions/00000000-0000-0000-0000-000000000000/resourceGroups/clitest.rg000001/providers/Microsoft.Compute/disks/vm1_OsDisk_1_fb136371a0a542fd81ce2f147d75ac76"}}}'
    headers:
      Accept:
      - application/json
      Accept-Encoding:
      - gzip, deflate
      CommandName:
      - disk create
      Connection:
      - keep-alive
      Content-Length:
      - '370'
      Content-Type:
      - application/json
      ParameterSetName:
      - -g -n --source
      User-Agent:
      - AZURECLI/2.14.1 azsdk-python-azure-mgmt-compute/17.0.0 Python/3.7.4 (Windows-10-10.0.19041-SP0)
    method: PUT
    uri: https://management.azure.com/subscriptions/00000000-0000-0000-0000-000000000000/resourceGroups/clitest.rg000001/providers/Microsoft.Compute/disks/disk1?api-version=2020-06-30
  response:
    body:
      string: "{\r\n  \"name\": \"disk1\",\r\n  \"location\": \"westus\",\r\n  \"tags\":
        {},\r\n  \"sku\": {\r\n    \"name\": \"Premium_LRS\"\r\n  },\r\n  \"properties\":
        {\r\n    \"osType\": \"Linux\",\r\n    \"hyperVGeneration\": \"V1\",\r\n    \"creationData\":
        {\r\n      \"createOption\": \"Copy\",\r\n      \"sourceResourceId\": \"/subscriptions/00000000-0000-0000-0000-000000000000/resourceGroups/clitest.rg000001/providers/Microsoft.Compute/disks/vm1_OsDisk_1_fb136371a0a542fd81ce2f147d75ac76\",\r\n
        \     \"sourceUniqueId\": \"fb136371-a0a5-42fd-81ce-2f147d75ac76\"\r\n    },\r\n
        \   \"provisioningState\": \"Updating\",\r\n    \"isArmResource\": true\r\n
        \ }\r\n}"
    headers:
      azure-asyncoperation:
      - https://management.azure.com/subscriptions/00000000-0000-0000-0000-000000000000/providers/Microsoft.Compute/locations/westus/DiskOperations/f18cfbe7-2d4c-47b0-883b-c18c56ff8fdb?api-version=2020-06-30
      cache-control:
      - no-cache
      content-length:
      - '632'
      content-type:
      - application/json; charset=utf-8
      date:
      - Thu, 12 Nov 2020 06:02:29 GMT
      expires:
      - '-1'
      location:
      - https://management.azure.com/subscriptions/00000000-0000-0000-0000-000000000000/providers/Microsoft.Compute/locations/westus/DiskOperations/f18cfbe7-2d4c-47b0-883b-c18c56ff8fdb?monitor=true&api-version=2020-06-30
      pragma:
      - no-cache
      server:
      - Microsoft-HTTPAPI/2.0
      - Microsoft-HTTPAPI/2.0
      strict-transport-security:
      - max-age=31536000; includeSubDomains
      x-content-type-options:
      - nosniff
      x-ms-ratelimit-remaining-resource:
      - Microsoft.Compute/CreateUpdateDisks3Min;999,Microsoft.Compute/CreateUpdateDisks30Min;7999
      x-ms-ratelimit-remaining-subscription-writes:
      - '1197'
    status:
      code: 202
      message: Accepted
- request:
    body: null
    headers:
      Accept:
      - '*/*'
      Accept-Encoding:
      - gzip, deflate
      CommandName:
      - disk create
      Connection:
      - keep-alive
      ParameterSetName:
      - -g -n --source
      User-Agent:
      - AZURECLI/2.14.1 azsdk-python-azure-mgmt-compute/17.0.0 Python/3.7.4 (Windows-10-10.0.19041-SP0)
    method: GET
    uri: https://management.azure.com/subscriptions/00000000-0000-0000-0000-000000000000/providers/Microsoft.Compute/locations/westus/DiskOperations/f18cfbe7-2d4c-47b0-883b-c18c56ff8fdb?api-version=2020-06-30
  response:
    body:
      string: "{\r\n  \"startTime\": \"2020-11-12T06:02:30.0478326+00:00\",\r\n  \"endTime\":
        \"2020-11-12T06:02:30.4697117+00:00\",\r\n  \"status\": \"Succeeded\",\r\n
        \ \"properties\": {\r\n    \"output\": {\r\n  \"name\": \"disk1\",\r\n  \"id\":
        \"/subscriptions/00000000-0000-0000-0000-000000000000/resourceGroups/clitest.rg000001/providers/Microsoft.Compute/disks/disk1\",\r\n
        \ \"type\": \"Microsoft.Compute/disks\",\r\n  \"location\": \"westus\",\r\n
        \ \"tags\": {},\r\n  \"sku\": {\r\n    \"name\": \"Premium_LRS\",\r\n    \"tier\":
        \"Premium\"\r\n  },\r\n  \"properties\": {\r\n    \"osType\": \"Linux\",\r\n
        \   \"hyperVGeneration\": \"V1\",\r\n    \"creationData\": {\r\n      \"createOption\":
        \"Copy\",\r\n      \"sourceResourceId\": \"/subscriptions/00000000-0000-0000-0000-000000000000/resourceGroups/clitest.rg000001/providers/Microsoft.Compute/disks/vm1_OsDisk_1_fb136371a0a542fd81ce2f147d75ac76\",\r\n
        \     \"sourceUniqueId\": \"fb136371-a0a5-42fd-81ce-2f147d75ac76\"\r\n    },\r\n
        \   \"diskSizeGB\": 30,\r\n    \"diskIOPSReadWrite\": 120,\r\n    \"diskMBpsReadWrite\":
        25,\r\n    \"encryption\": {\r\n      \"type\": \"EncryptionAtRestWithPlatformKey\"\r\n
        \   },\r\n    \"timeCreated\": \"2020-11-12T06:02:30.0478326+00:00\",\r\n
        \   \"provisioningState\": \"Succeeded\",\r\n    \"diskState\": \"Unattached\",\r\n
        \   \"diskSizeBytes\": 32212254720,\r\n    \"uniqueId\": \"b9584e8d-6c30-4a6a-8686-f78385eb933d\",\r\n
        \   \"networkAccessPolicy\": \"AllowAll\",\r\n    \"tier\": \"P4\"\r\n  }\r\n}\r\n
        \ },\r\n  \"name\": \"f18cfbe7-2d4c-47b0-883b-c18c56ff8fdb\"\r\n}"
    headers:
      cache-control:
      - no-cache
      content-length:
      - '1489'
      content-type:
      - application/json; charset=utf-8
      date:
      - Thu, 12 Nov 2020 06:02:31 GMT
      expires:
      - '-1'
      pragma:
      - no-cache
      server:
      - Microsoft-HTTPAPI/2.0
      - Microsoft-HTTPAPI/2.0
      strict-transport-security:
      - max-age=31536000; includeSubDomains
      transfer-encoding:
      - chunked
      vary:
      - Accept-Encoding
      x-content-type-options:
      - nosniff
      x-ms-ratelimit-remaining-resource:
      - Microsoft.Compute/GetOperation3Min;49999,Microsoft.Compute/GetOperation30Min;399995
    status:
      code: 200
      message: OK
- request:
    body: null
    headers:
      Accept:
      - '*/*'
      Accept-Encoding:
      - gzip, deflate
      CommandName:
      - disk create
      Connection:
      - keep-alive
      ParameterSetName:
      - -g -n --source
      User-Agent:
      - AZURECLI/2.14.1 azsdk-python-azure-mgmt-compute/17.0.0 Python/3.7.4 (Windows-10-10.0.19041-SP0)
    method: GET
    uri: https://management.azure.com/subscriptions/00000000-0000-0000-0000-000000000000/resourceGroups/clitest.rg000001/providers/Microsoft.Compute/disks/disk1?api-version=2020-06-30
  response:
    body:
      string: "{\r\n  \"name\": \"disk1\",\r\n  \"id\": \"/subscriptions/00000000-0000-0000-0000-000000000000/resourceGroups/clitest.rg000001/providers/Microsoft.Compute/disks/disk1\",\r\n
        \ \"type\": \"Microsoft.Compute/disks\",\r\n  \"location\": \"westus\",\r\n
        \ \"tags\": {},\r\n  \"sku\": {\r\n    \"name\": \"Premium_LRS\",\r\n    \"tier\":
        \"Premium\"\r\n  },\r\n  \"properties\": {\r\n    \"osType\": \"Linux\",\r\n
        \   \"hyperVGeneration\": \"V1\",\r\n    \"creationData\": {\r\n      \"createOption\":
        \"Copy\",\r\n      \"sourceResourceId\": \"/subscriptions/00000000-0000-0000-0000-000000000000/resourceGroups/clitest.rg000001/providers/Microsoft.Compute/disks/vm1_OsDisk_1_fb136371a0a542fd81ce2f147d75ac76\",\r\n
        \     \"sourceUniqueId\": \"fb136371-a0a5-42fd-81ce-2f147d75ac76\"\r\n    },\r\n
        \   \"diskSizeGB\": 30,\r\n    \"diskIOPSReadWrite\": 120,\r\n    \"diskMBpsReadWrite\":
        25,\r\n    \"encryption\": {\r\n      \"type\": \"EncryptionAtRestWithPlatformKey\"\r\n
        \   },\r\n    \"timeCreated\": \"2020-11-12T06:02:30.0478326+00:00\",\r\n
        \   \"provisioningState\": \"Succeeded\",\r\n    \"diskState\": \"Unattached\",\r\n
        \   \"diskSizeBytes\": 32212254720,\r\n    \"uniqueId\": \"b9584e8d-6c30-4a6a-8686-f78385eb933d\",\r\n
        \   \"networkAccessPolicy\": \"AllowAll\",\r\n    \"tier\": \"P4\"\r\n  }\r\n}"
    headers:
      cache-control:
      - no-cache
      content-length:
      - '1264'
      content-type:
      - application/json; charset=utf-8
      date:
      - Thu, 12 Nov 2020 06:02:31 GMT
      expires:
      - '-1'
      pragma:
      - no-cache
      server:
      - Microsoft-HTTPAPI/2.0
      - Microsoft-HTTPAPI/2.0
      strict-transport-security:
      - max-age=31536000; includeSubDomains
      transfer-encoding:
      - chunked
      vary:
      - Accept-Encoding
      x-content-type-options:
      - nosniff
      x-ms-ratelimit-remaining-resource:
      - Microsoft.Compute/LowCostGet3Min;4998,Microsoft.Compute/LowCostGet30Min;39996
    status:
      code: 200
      message: OK
- request:
    body: null
    headers:
      Accept:
      - '*/*'
      Accept-Encoding:
      - gzip, deflate
      CommandName:
      - vm stop
      Connection:
      - keep-alive
      Content-Length:
      - '0'
      ParameterSetName:
      - -g -n
      User-Agent:
      - AZURECLI/2.14.1 azsdk-python-azure-mgmt-compute/17.0.0 Python/3.7.4 (Windows-10-10.0.19041-SP0)
    method: POST
    uri: https://management.azure.com/subscriptions/00000000-0000-0000-0000-000000000000/resourceGroups/clitest.rg000001/providers/Microsoft.Compute/virtualMachines/vm1/powerOff?skipShutdown=false&api-version=2020-06-01
  response:
    body:
      string: ''
    headers:
      azure-asyncoperation:
      - https://management.azure.com/subscriptions/00000000-0000-0000-0000-000000000000/providers/Microsoft.Compute/locations/westus/operations/d7eb5855-4d49-418e-b664-a458e3d900d6?api-version=2020-06-01
      cache-control:
      - no-cache
      content-length:
      - '0'
      date:
      - Thu, 12 Nov 2020 06:02:34 GMT
      expires:
      - '-1'
      location:
      - https://management.azure.com/subscriptions/00000000-0000-0000-0000-000000000000/providers/Microsoft.Compute/locations/westus/operations/d7eb5855-4d49-418e-b664-a458e3d900d6?monitor=true&api-version=2020-06-01
      pragma:
      - no-cache
      server:
      - Microsoft-HTTPAPI/2.0
      - Microsoft-HTTPAPI/2.0
      strict-transport-security:
      - max-age=31536000; includeSubDomains
      x-content-type-options:
      - nosniff
      x-ms-ratelimit-remaining-resource:
      - Microsoft.Compute/UpdateVM3Min;239,Microsoft.Compute/UpdateVM30Min;1199
      x-ms-ratelimit-remaining-subscription-writes:
      - '1197'
    status:
      code: 202
      message: Accepted
- request:
    body: null
    headers:
      Accept:
      - '*/*'
      Accept-Encoding:
      - gzip, deflate
      CommandName:
      - vm stop
      Connection:
      - keep-alive
      ParameterSetName:
      - -g -n
      User-Agent:
      - AZURECLI/2.14.1 azsdk-python-azure-mgmt-compute/17.0.0 Python/3.7.4 (Windows-10-10.0.19041-SP0)
    method: GET
    uri: https://management.azure.com/subscriptions/00000000-0000-0000-0000-000000000000/providers/Microsoft.Compute/locations/westus/operations/d7eb5855-4d49-418e-b664-a458e3d900d6?api-version=2020-06-01
  response:
    body:
      string: "{\r\n  \"startTime\": \"2020-11-12T06:02:33.9303901+00:00\",\r\n  \"endTime\":
        \"2020-11-12T06:02:40.9460689+00:00\",\r\n  \"status\": \"Succeeded\",\r\n
        \ \"name\": \"d7eb5855-4d49-418e-b664-a458e3d900d6\"\r\n}"
    headers:
      cache-control:
      - no-cache
      content-length:
      - '184'
      content-type:
      - application/json; charset=utf-8
      date:
      - Thu, 12 Nov 2020 06:03:04 GMT
      expires:
      - '-1'
      pragma:
      - no-cache
      server:
      - Microsoft-HTTPAPI/2.0
      - Microsoft-HTTPAPI/2.0
      strict-transport-security:
      - max-age=31536000; includeSubDomains
      transfer-encoding:
      - chunked
      vary:
      - Accept-Encoding
      x-content-type-options:
      - nosniff
      x-ms-ratelimit-remaining-resource:
      - Microsoft.Compute/GetOperation3Min;14996,Microsoft.Compute/GetOperation30Min;29960
    status:
      code: 200
      message: OK
- request:
    body: null
    headers:
      Accept:
      - '*/*'
      Accept-Encoding:
      - gzip, deflate
      CommandName:
      - vm stop
      Connection:
      - keep-alive
      ParameterSetName:
      - -g -n
      User-Agent:
      - AZURECLI/2.14.1 azsdk-python-azure-mgmt-compute/17.0.0 Python/3.7.4 (Windows-10-10.0.19041-SP0)
    method: GET
    uri: https://management.azure.com/subscriptions/00000000-0000-0000-0000-000000000000/providers/Microsoft.Compute/locations/westus/operations/d7eb5855-4d49-418e-b664-a458e3d900d6?monitor=true&api-version=2020-06-01
  response:
    body:
      string: ''
    headers:
      cache-control:
      - no-cache
      content-length:
      - '0'
      date:
      - Thu, 12 Nov 2020 06:03:04 GMT
      expires:
      - '-1'
      pragma:
      - no-cache
      server:
      - Microsoft-HTTPAPI/2.0
      - Microsoft-HTTPAPI/2.0
      strict-transport-security:
      - max-age=31536000; includeSubDomains
      x-content-type-options:
      - nosniff
      x-ms-ratelimit-remaining-resource:
      - Microsoft.Compute/GetOperation3Min;14995,Microsoft.Compute/GetOperation30Min;29959
    status:
      code: 200
      message: OK
- request:
    body: null
    headers:
      Accept:
      - application/json
      Accept-Encoding:
      - gzip, deflate
      CommandName:
      - vm update
      Connection:
      - keep-alive
      ParameterSetName:
      - -g -n --os-disk
      User-Agent:
      - AZURECLI/2.14.1 azsdk-python-azure-mgmt-compute/17.0.0 Python/3.7.4 (Windows-10-10.0.19041-SP0)
    method: GET
    uri: https://management.azure.com/subscriptions/00000000-0000-0000-0000-000000000000/resourceGroups/clitest.rg000001/providers/Microsoft.Compute/virtualMachines/vm1?$expand=instanceView&api-version=2020-06-01
  response:
    body:
      string: "{\r\n  \"name\": \"vm1\",\r\n  \"id\": \"/subscriptions/00000000-0000-0000-0000-000000000000/resourceGroups/clitest.rg000001/providers/Microsoft.Compute/virtualMachines/vm1\",\r\n
        \ \"type\": \"Microsoft.Compute/virtualMachines\",\r\n  \"location\": \"westus\",\r\n
        \ \"tags\": {},\r\n  \"properties\": {\r\n    \"vmId\": \"8e9a2b08-0f59-40ab-899c-43d728399e90\",\r\n
        \   \"hardwareProfile\": {\r\n      \"vmSize\": \"Standard_DS1_v2\"\r\n    },\r\n
        \   \"storageProfile\": {\r\n      \"imageReference\": {\r\n        \"publisher\":
        \"OpenLogic\",\r\n        \"offer\": \"CentOS\",\r\n        \"sku\": \"7.5\",\r\n
        \       \"version\": \"latest\",\r\n        \"exactVersion\": \"7.5.201808150\"\r\n
        \     },\r\n      \"osDisk\": {\r\n        \"osType\": \"Linux\",\r\n        \"name\":
        \"vm1_OsDisk_1_fb136371a0a542fd81ce2f147d75ac76\",\r\n        \"createOption\":
        \"FromImage\",\r\n        \"caching\": \"ReadWrite\",\r\n        \"managedDisk\":
        {\r\n          \"storageAccountType\": \"Premium_LRS\",\r\n          \"id\":
        \"/subscriptions/00000000-0000-0000-0000-000000000000/resourceGroups/clitest.rg000001/providers/Microsoft.Compute/disks/vm1_OsDisk_1_fb136371a0a542fd81ce2f147d75ac76\"\r\n
        \       },\r\n        \"diskSizeGB\": 30\r\n      },\r\n      \"dataDisks\":
        []\r\n    },\r\n    \"osProfile\": {\r\n      \"computerName\": \"vm1\",\r\n
        \     \"adminUsername\": \"clitest123\",\r\n      \"linuxConfiguration\":
        {\r\n        \"disablePasswordAuthentication\": true,\r\n        \"ssh\":
        {\r\n          \"publicKeys\": [\r\n            {\r\n              \"path\":
        \"/home/clitest123/.ssh/authorized_keys\",\r\n              \"keyData\": \"ssh-rsa
        AAAAB3NzaC1yc2EAAAADAQABAAABAQDmzXeK++L20uMK/Ug5wpjnWWyMlHoecEOxyHueHc1gPDj8qgLChiHt1OWJ1sDjiqBJ+hEEwZLjN8lCmUvWzzrl20d7M/BVp1ejulE/zr999kWuY3m5+FpAkbbxeO9LWoafwOir9dPzIOjDGdPWKbgHr3SerOHAuvVdXJDhWHtW5lB/MEnrxi48Pz/8k1lD1YccUAI6zDgKVJPBEk9fWMW8H0hKYsRXmlxdtg2npBQK7kbmcB2NJPEhTVgxVPqSaBVAt2lOCC/QQvAXcoD0lJGujp1IVYqSUarS5RnrYEDZ9Q6EKduWrP0GFkFkF8YzpFe+BRFaV8bLJrvZN43vgzRj
        fey@DESKTOP-ARGPJS4\\n\"\r\n            }\r\n          ]\r\n        },\r\n
        \       \"provisionVMAgent\": true,\r\n        \"patchSettings\": {\r\n          \"patchMode\":
        \"ImageDefault\"\r\n        }\r\n      },\r\n      \"secrets\": [],\r\n      \"allowExtensionOperations\":
        true,\r\n      \"requireGuestProvisionSignal\": true\r\n    },\r\n    \"networkProfile\":
        {\"networkInterfaces\":[{\"id\":\"/subscriptions/00000000-0000-0000-0000-000000000000/resourceGroups/clitest.rg000001/providers/Microsoft.Network/networkInterfaces/vm1VMNic\"}]},\r\n
        \   \"provisioningState\": \"Succeeded\",\r\n    \"instanceView\": {\r\n      \"computerName\":
        \"vm1\",\r\n      \"osName\": \"centos\",\r\n      \"osVersion\": \"7.5.1804\",\r\n
        \     \"vmAgent\": {\r\n        \"vmAgentVersion\": \"2.2.52\",\r\n        \"statuses\":
        [\r\n          {\r\n            \"code\": \"ProvisioningState/succeeded\",\r\n
        \           \"level\": \"Info\",\r\n            \"displayStatus\": \"Ready\",\r\n
        \           \"message\": \"Guest Agent is running\",\r\n            \"time\":
        \"2020-11-12T06:02:35+00:00\"\r\n          }\r\n        ],\r\n        \"extensionHandlers\":
        []\r\n      },\r\n      \"disks\": [\r\n        {\r\n          \"name\": \"vm1_OsDisk_1_fb136371a0a542fd81ce2f147d75ac76\",\r\n
        \         \"statuses\": [\r\n            {\r\n              \"code\": \"ProvisioningState/succeeded\",\r\n
        \             \"level\": \"Info\",\r\n              \"displayStatus\": \"Provisioning
        succeeded\",\r\n              \"time\": \"2020-11-12T06:01:07.9767686+00:00\"\r\n
        \           }\r\n          ]\r\n        }\r\n      ],\r\n      \"hyperVGeneration\":
        \"V1\",\r\n      \"statuses\": [\r\n        {\r\n          \"code\": \"ProvisioningState/succeeded\",\r\n
        \         \"level\": \"Info\",\r\n          \"displayStatus\": \"Provisioning
        succeeded\",\r\n          \"time\": \"2020-11-12T06:02:40.9304165+00:00\"\r\n
        \       },\r\n        {\r\n          \"code\": \"PowerState/stopped\",\r\n
        \         \"level\": \"Info\",\r\n          \"displayStatus\": \"VM stopped\"\r\n
        \       }\r\n      ]\r\n    }\r\n  }\r\n}"
    headers:
      cache-control:
      - no-cache
      content-length:
      - '3844'
      content-type:
      - application/json; charset=utf-8
      date:
      - Thu, 12 Nov 2020 06:03:05 GMT
      expires:
      - '-1'
      pragma:
      - no-cache
      server:
      - Microsoft-HTTPAPI/2.0
      - Microsoft-HTTPAPI/2.0
      strict-transport-security:
      - max-age=31536000; includeSubDomains
      transfer-encoding:
      - chunked
      vary:
      - Accept-Encoding
      x-content-type-options:
      - nosniff
      x-ms-ratelimit-remaining-resource:
      - Microsoft.Compute/LowCostGet3Min;3994,Microsoft.Compute/LowCostGet30Min;31987
    status:
      code: 200
      message: OK
- request:
    body: '{"location": "westus", "tags": {}, "properties": {"hardwareProfile": {"vmSize":
      "Standard_DS1_v2"}, "storageProfile": {"osDisk": {"osType": "Linux", "name":
      "disk1", "caching": "ReadWrite", "createOption": "FromImage", "diskSizeGB":
      30, "managedDisk": {"id": "/subscriptions/00000000-0000-0000-0000-000000000000/resourceGroups/clitest.rg000001/providers/Microsoft.Compute/disks/disk1",
      "storageAccountType": "Premium_LRS"}}, "dataDisks": []}, "osProfile": {"computerName":
      "vm1", "adminUsername": "clitest123", "linuxConfiguration": {"disablePasswordAuthentication":
      true, "ssh": {"publicKeys": [{"path": "/home/clitest123/.ssh/authorized_keys",
      "keyData": "ssh-rsa AAAAB3NzaC1yc2EAAAADAQABAAABAQDmzXeK++L20uMK/Ug5wpjnWWyMlHoecEOxyHueHc1gPDj8qgLChiHt1OWJ1sDjiqBJ+hEEwZLjN8lCmUvWzzrl20d7M/BVp1ejulE/zr999kWuY3m5+FpAkbbxeO9LWoafwOir9dPzIOjDGdPWKbgHr3SerOHAuvVdXJDhWHtW5lB/MEnrxi48Pz/8k1lD1YccUAI6zDgKVJPBEk9fWMW8H0hKYsRXmlxdtg2npBQK7kbmcB2NJPEhTVgxVPqSaBVAt2lOCC/QQvAXcoD0lJGujp1IVYqSUarS5RnrYEDZ9Q6EKduWrP0GFkFkF8YzpFe+BRFaV8bLJrvZN43vgzRj
      fey@DESKTOP-ARGPJS4\n"}]}, "provisionVMAgent": true}, "secrets": [], "allowExtensionOperations":
      true, "requireGuestProvisionSignal": true}, "networkProfile": {"networkInterfaces":
      [{"id": "/subscriptions/00000000-0000-0000-0000-000000000000/resourceGroups/clitest.rg000001/providers/Microsoft.Network/networkInterfaces/vm1VMNic"}]}}}'
    headers:
      Accept:
      - application/json
      Accept-Encoding:
      - gzip, deflate
      CommandName:
      - vm update
      Connection:
      - keep-alive
      Content-Length:
      - '1491'
      Content-Type:
      - application/json
      ParameterSetName:
      - -g -n --os-disk
      User-Agent:
      - AZURECLI/2.14.1 azsdk-python-azure-mgmt-compute/17.0.0 Python/3.7.4 (Windows-10-10.0.19041-SP0)
    method: PUT
    uri: https://management.azure.com/subscriptions/00000000-0000-0000-0000-000000000000/resourceGroups/clitest.rg000001/providers/Microsoft.Compute/virtualMachines/vm1?api-version=2020-06-01
  response:
    body:
      string: "{\r\n  \"name\": \"vm1\",\r\n  \"id\": \"/subscriptions/00000000-0000-0000-0000-000000000000/resourceGroups/clitest.rg000001/providers/Microsoft.Compute/virtualMachines/vm1\",\r\n
        \ \"type\": \"Microsoft.Compute/virtualMachines\",\r\n  \"location\": \"westus\",\r\n
        \ \"tags\": {},\r\n  \"properties\": {\r\n    \"vmId\": \"8e9a2b08-0f59-40ab-899c-43d728399e90\",\r\n
        \   \"hardwareProfile\": {\r\n      \"vmSize\": \"Standard_DS1_v2\"\r\n    },\r\n
        \   \"storageProfile\": {\r\n      \"imageReference\": {\r\n        \"publisher\":
        \"OpenLogic\",\r\n        \"offer\": \"CentOS\",\r\n        \"sku\": \"7.5\",\r\n
        \       \"version\": \"latest\",\r\n        \"exactVersion\": \"7.5.201808150\"\r\n
        \     },\r\n      \"osDisk\": {\r\n        \"osType\": \"Linux\",\r\n        \"name\":
        \"disk1\",\r\n        \"createOption\": \"FromImage\",\r\n        \"caching\":
        \"ReadWrite\",\r\n        \"managedDisk\": {\r\n          \"storageAccountType\":
        \"Premium_LRS\",\r\n          \"id\": \"/subscriptions/00000000-0000-0000-0000-000000000000/resourceGroups/clitest.rg000001/providers/Microsoft.Compute/disks/disk1\"\r\n
        \       },\r\n        \"diskSizeGB\": 30\r\n      },\r\n      \"dataDisks\":
        []\r\n    },\r\n    \"osProfile\": {\r\n      \"computerName\": \"vm1\",\r\n
        \     \"adminUsername\": \"clitest123\",\r\n      \"linuxConfiguration\":
        {\r\n        \"disablePasswordAuthentication\": true,\r\n        \"ssh\":
        {\r\n          \"publicKeys\": [\r\n            {\r\n              \"path\":
        \"/home/clitest123/.ssh/authorized_keys\",\r\n              \"keyData\": \"ssh-rsa
        AAAAB3NzaC1yc2EAAAADAQABAAABAQDmzXeK++L20uMK/Ug5wpjnWWyMlHoecEOxyHueHc1gPDj8qgLChiHt1OWJ1sDjiqBJ+hEEwZLjN8lCmUvWzzrl20d7M/BVp1ejulE/zr999kWuY3m5+FpAkbbxeO9LWoafwOir9dPzIOjDGdPWKbgHr3SerOHAuvVdXJDhWHtW5lB/MEnrxi48Pz/8k1lD1YccUAI6zDgKVJPBEk9fWMW8H0hKYsRXmlxdtg2npBQK7kbmcB2NJPEhTVgxVPqSaBVAt2lOCC/QQvAXcoD0lJGujp1IVYqSUarS5RnrYEDZ9Q6EKduWrP0GFkFkF8YzpFe+BRFaV8bLJrvZN43vgzRj
        fey@DESKTOP-ARGPJS4\\n\"\r\n            }\r\n          ]\r\n        },\r\n
        \       \"provisionVMAgent\": true,\r\n        \"patchSettings\": {\r\n          \"patchMode\":
        \"ImageDefault\"\r\n        }\r\n      },\r\n      \"secrets\": [],\r\n      \"allowExtensionOperations\":
        true,\r\n      \"requireGuestProvisionSignal\": true\r\n    },\r\n    \"networkProfile\":
        {\"networkInterfaces\":[{\"id\":\"/subscriptions/00000000-0000-0000-0000-000000000000/resourceGroups/clitest.rg000001/providers/Microsoft.Network/networkInterfaces/vm1VMNic\"}]},\r\n
        \   \"provisioningState\": \"Updating\"\r\n  }\r\n}"
    headers:
      azure-asyncnotification:
      - Enabled
      azure-asyncoperation:
      - https://management.azure.com/subscriptions/00000000-0000-0000-0000-000000000000/providers/Microsoft.Compute/locations/westus/operations/ec60f763-6ab7-40b9-95bc-d3015814d95b?api-version=2020-06-01
      cache-control:
      - no-cache
      content-length:
      - '2468'
      content-type:
      - application/json; charset=utf-8
      date:
      - Thu, 12 Nov 2020 06:03:10 GMT
      expires:
      - '-1'
      pragma:
      - no-cache
      server:
      - Microsoft-HTTPAPI/2.0
      - Microsoft-HTTPAPI/2.0
      strict-transport-security:
      - max-age=31536000; includeSubDomains
      transfer-encoding:
      - chunked
      vary:
      - Accept-Encoding
      x-content-type-options:
      - nosniff
      x-ms-ratelimit-remaining-resource:
      - Microsoft.Compute/PutVM3Min;238,Microsoft.Compute/PutVM30Min;1198
      x-ms-ratelimit-remaining-subscription-writes:
      - '1197'
    status:
      code: 200
      message: OK
- request:
    body: null
    headers:
      Accept:
      - '*/*'
      Accept-Encoding:
      - gzip, deflate
      CommandName:
      - vm update
      Connection:
      - keep-alive
      ParameterSetName:
      - -g -n --os-disk
      User-Agent:
      - AZURECLI/2.14.1 azsdk-python-azure-mgmt-compute/17.0.0 Python/3.7.4 (Windows-10-10.0.19041-SP0)
    method: GET
    uri: https://management.azure.com/subscriptions/00000000-0000-0000-0000-000000000000/providers/Microsoft.Compute/locations/westus/operations/ec60f763-6ab7-40b9-95bc-d3015814d95b?api-version=2020-06-01
  response:
    body:
      string: "{\r\n  \"startTime\": \"2020-11-12T06:03:07.3680663+00:00\",\r\n  \"endTime\":
        \"2020-11-12T06:03:31.2744302+00:00\",\r\n  \"status\": \"Succeeded\",\r\n
        \ \"name\": \"ec60f763-6ab7-40b9-95bc-d3015814d95b\"\r\n}"
    headers:
      cache-control:
      - no-cache
      content-length:
      - '184'
      content-type:
      - application/json; charset=utf-8
      date:
      - Thu, 12 Nov 2020 06:03:40 GMT
      expires:
      - '-1'
      pragma:
      - no-cache
      server:
      - Microsoft-HTTPAPI/2.0
      - Microsoft-HTTPAPI/2.0
      strict-transport-security:
      - max-age=31536000; includeSubDomains
      transfer-encoding:
      - chunked
      vary:
      - Accept-Encoding
      x-content-type-options:
      - nosniff
      x-ms-ratelimit-remaining-resource:
      - Microsoft.Compute/GetOperation3Min;14993,Microsoft.Compute/GetOperation30Min;29957
    status:
      code: 200
      message: OK
- request:
    body: null
    headers:
      Accept:
      - '*/*'
      Accept-Encoding:
      - gzip, deflate
      CommandName:
      - vm update
      Connection:
      - keep-alive
      ParameterSetName:
      - -g -n --os-disk
      User-Agent:
      - AZURECLI/2.14.1 azsdk-python-azure-mgmt-compute/17.0.0 Python/3.7.4 (Windows-10-10.0.19041-SP0)
    method: GET
    uri: https://management.azure.com/subscriptions/00000000-0000-0000-0000-000000000000/resourceGroups/clitest.rg000001/providers/Microsoft.Compute/virtualMachines/vm1?api-version=2020-06-01
  response:
    body:
      string: "{\r\n  \"name\": \"vm1\",\r\n  \"id\": \"/subscriptions/00000000-0000-0000-0000-000000000000/resourceGroups/clitest.rg000001/providers/Microsoft.Compute/virtualMachines/vm1\",\r\n
        \ \"type\": \"Microsoft.Compute/virtualMachines\",\r\n  \"location\": \"westus\",\r\n
        \ \"tags\": {},\r\n  \"properties\": {\r\n    \"vmId\": \"8e9a2b08-0f59-40ab-899c-43d728399e90\",\r\n
        \   \"hardwareProfile\": {\r\n      \"vmSize\": \"Standard_DS1_v2\"\r\n    },\r\n
        \   \"storageProfile\": {\r\n      \"imageReference\": {\r\n        \"publisher\":
        \"OpenLogic\",\r\n        \"offer\": \"CentOS\",\r\n        \"sku\": \"7.5\",\r\n
        \       \"version\": \"latest\",\r\n        \"exactVersion\": \"7.5.201808150\"\r\n
        \     },\r\n      \"osDisk\": {\r\n        \"osType\": \"Linux\",\r\n        \"name\":
        \"disk1\",\r\n        \"createOption\": \"FromImage\",\r\n        \"caching\":
        \"ReadWrite\",\r\n        \"managedDisk\": {\r\n          \"storageAccountType\":
        \"Premium_LRS\",\r\n          \"id\": \"/subscriptions/00000000-0000-0000-0000-000000000000/resourceGroups/clitest.rg000001/providers/Microsoft.Compute/disks/disk1\"\r\n
        \       },\r\n        \"diskSizeGB\": 30\r\n      },\r\n      \"dataDisks\":
        []\r\n    },\r\n    \"osProfile\": {\r\n      \"computerName\": \"vm1\",\r\n
        \     \"adminUsername\": \"clitest123\",\r\n      \"linuxConfiguration\":
        {\r\n        \"disablePasswordAuthentication\": true,\r\n        \"ssh\":
        {\r\n          \"publicKeys\": [\r\n            {\r\n              \"path\":
        \"/home/clitest123/.ssh/authorized_keys\",\r\n              \"keyData\": \"ssh-rsa
        AAAAB3NzaC1yc2EAAAADAQABAAABAQDmzXeK++L20uMK/Ug5wpjnWWyMlHoecEOxyHueHc1gPDj8qgLChiHt1OWJ1sDjiqBJ+hEEwZLjN8lCmUvWzzrl20d7M/BVp1ejulE/zr999kWuY3m5+FpAkbbxeO9LWoafwOir9dPzIOjDGdPWKbgHr3SerOHAuvVdXJDhWHtW5lB/MEnrxi48Pz/8k1lD1YccUAI6zDgKVJPBEk9fWMW8H0hKYsRXmlxdtg2npBQK7kbmcB2NJPEhTVgxVPqSaBVAt2lOCC/QQvAXcoD0lJGujp1IVYqSUarS5RnrYEDZ9Q6EKduWrP0GFkFkF8YzpFe+BRFaV8bLJrvZN43vgzRj
        fey@DESKTOP-ARGPJS4\\n\"\r\n            }\r\n          ]\r\n        },\r\n
        \       \"provisionVMAgent\": true,\r\n        \"patchSettings\": {\r\n          \"patchMode\":
        \"ImageDefault\"\r\n        }\r\n      },\r\n      \"secrets\": [],\r\n      \"allowExtensionOperations\":
        true,\r\n      \"requireGuestProvisionSignal\": true\r\n    },\r\n    \"networkProfile\":
        {\"networkInterfaces\":[{\"id\":\"/subscriptions/00000000-0000-0000-0000-000000000000/resourceGroups/clitest.rg000001/providers/Microsoft.Network/networkInterfaces/vm1VMNic\"}]},\r\n
        \   \"provisioningState\": \"Succeeded\"\r\n  }\r\n}"
    headers:
      cache-control:
      - no-cache
      content-length:
      - '2469'
      content-type:
      - application/json; charset=utf-8
      date:
      - Thu, 12 Nov 2020 06:03:40 GMT
      expires:
      - '-1'
      pragma:
      - no-cache
      server:
      - Microsoft-HTTPAPI/2.0
      - Microsoft-HTTPAPI/2.0
      strict-transport-security:
      - max-age=31536000; includeSubDomains
      transfer-encoding:
      - chunked
      vary:
      - Accept-Encoding
      x-content-type-options:
      - nosniff
      x-ms-ratelimit-remaining-resource:
      - Microsoft.Compute/LowCostGet3Min;3992,Microsoft.Compute/LowCostGet30Min;31985
    status:
      code: 200
      message: OK
- request:
    body: null
    headers:
      Accept:
      - application/json
      Accept-Encoding:
      - gzip, deflate
      CommandName:
      - vm show
      Connection:
      - keep-alive
      ParameterSetName:
      - -g -n
      User-Agent:
      - AZURECLI/2.14.1 azsdk-python-azure-mgmt-compute/17.0.0 Python/3.7.4 (Windows-10-10.0.19041-SP0)
    method: GET
    uri: https://management.azure.com/subscriptions/00000000-0000-0000-0000-000000000000/resourceGroups/clitest.rg000001/providers/Microsoft.Compute/virtualMachines/vm1?api-version=2020-06-01
  response:
    body:
      string: "{\r\n  \"name\": \"vm1\",\r\n  \"id\": \"/subscriptions/00000000-0000-0000-0000-000000000000/resourceGroups/clitest.rg000001/providers/Microsoft.Compute/virtualMachines/vm1\",\r\n
        \ \"type\": \"Microsoft.Compute/virtualMachines\",\r\n  \"location\": \"westus\",\r\n
        \ \"tags\": {},\r\n  \"properties\": {\r\n    \"vmId\": \"8e9a2b08-0f59-40ab-899c-43d728399e90\",\r\n
        \   \"hardwareProfile\": {\r\n      \"vmSize\": \"Standard_DS1_v2\"\r\n    },\r\n
        \   \"storageProfile\": {\r\n      \"imageReference\": {\r\n        \"publisher\":
        \"OpenLogic\",\r\n        \"offer\": \"CentOS\",\r\n        \"sku\": \"7.5\",\r\n
        \       \"version\": \"latest\",\r\n        \"exactVersion\": \"7.5.201808150\"\r\n
        \     },\r\n      \"osDisk\": {\r\n        \"osType\": \"Linux\",\r\n        \"name\":
        \"disk1\",\r\n        \"createOption\": \"FromImage\",\r\n        \"caching\":
        \"ReadWrite\",\r\n        \"managedDisk\": {\r\n          \"storageAccountType\":
        \"Premium_LRS\",\r\n          \"id\": \"/subscriptions/00000000-0000-0000-0000-000000000000/resourceGroups/clitest.rg000001/providers/Microsoft.Compute/disks/disk1\"\r\n
        \       },\r\n        \"diskSizeGB\": 30\r\n      },\r\n      \"dataDisks\":
        []\r\n    },\r\n    \"osProfile\": {\r\n      \"computerName\": \"vm1\",\r\n
        \     \"adminUsername\": \"clitest123\",\r\n      \"linuxConfiguration\":
        {\r\n        \"disablePasswordAuthentication\": true,\r\n        \"ssh\":
        {\r\n          \"publicKeys\": [\r\n            {\r\n              \"path\":
        \"/home/clitest123/.ssh/authorized_keys\",\r\n              \"keyData\": \"ssh-rsa
        AAAAB3NzaC1yc2EAAAADAQABAAABAQDmzXeK++L20uMK/Ug5wpjnWWyMlHoecEOxyHueHc1gPDj8qgLChiHt1OWJ1sDjiqBJ+hEEwZLjN8lCmUvWzzrl20d7M/BVp1ejulE/zr999kWuY3m5+FpAkbbxeO9LWoafwOir9dPzIOjDGdPWKbgHr3SerOHAuvVdXJDhWHtW5lB/MEnrxi48Pz/8k1lD1YccUAI6zDgKVJPBEk9fWMW8H0hKYsRXmlxdtg2npBQK7kbmcB2NJPEhTVgxVPqSaBVAt2lOCC/QQvAXcoD0lJGujp1IVYqSUarS5RnrYEDZ9Q6EKduWrP0GFkFkF8YzpFe+BRFaV8bLJrvZN43vgzRj
        fey@DESKTOP-ARGPJS4\\n\"\r\n            }\r\n          ]\r\n        },\r\n
        \       \"provisionVMAgent\": true,\r\n        \"patchSettings\": {\r\n          \"patchMode\":
        \"ImageDefault\"\r\n        }\r\n      },\r\n      \"secrets\": [],\r\n      \"allowExtensionOperations\":
        true,\r\n      \"requireGuestProvisionSignal\": true\r\n    },\r\n    \"networkProfile\":
        {\"networkInterfaces\":[{\"id\":\"/subscriptions/00000000-0000-0000-0000-000000000000/resourceGroups/clitest.rg000001/providers/Microsoft.Network/networkInterfaces/vm1VMNic\"}]},\r\n
        \   \"provisioningState\": \"Succeeded\"\r\n  }\r\n}"
    headers:
      cache-control:
      - no-cache
      content-length:
      - '2469'
      content-type:
      - application/json; charset=utf-8
      date:
      - Thu, 12 Nov 2020 06:03:40 GMT
      expires:
      - '-1'
      pragma:
      - no-cache
      server:
      - Microsoft-HTTPAPI/2.0
      - Microsoft-HTTPAPI/2.0
      strict-transport-security:
      - max-age=31536000; includeSubDomains
      transfer-encoding:
      - chunked
      vary:
      - Accept-Encoding
      x-content-type-options:
      - nosniff
      x-ms-ratelimit-remaining-resource:
      - Microsoft.Compute/LowCostGet3Min;3991,Microsoft.Compute/LowCostGet30Min;31984
    status:
      code: 200
      message: OK
version: 1
