interactions:
- request:
    body: null
    headers:
      Accept:
      - application/json
      Accept-Encoding:
      - gzip, deflate
      CommandName:
      - sig create
      Connection:
      - keep-alive
      ParameterSetName:
      - -g --gallery-name
      User-Agent:
      - AZURECLI/2.46.0 azsdk-python-azure-mgmt-resource/22.0.0 Python/3.10.10 (Linux-5.15.0-1033-azure-x86_64-with-glibc2.31)
        VSTS_7b238909-6802-4b65-b90d-184bca47f458_build_220_0
    method: GET
    uri: https://management.azure.com/subscriptions/00000000-0000-0000-0000-000000000000/resourcegroups/clitest.rg000001?api-version=2022-09-01
  response:
    body:
      string: '{"id":"/subscriptions/00000000-0000-0000-0000-000000000000/resourceGroups/clitest.rg000001","name":"clitest.rg000001","type":"Microsoft.Resources/resourceGroups","location":"centraluseuap","tags":{"product":"azurecli","cause":"automation","date":"2023-03-13T10:15:24Z"},"properties":{"provisioningState":"Succeeded"}}'
    headers:
      cache-control:
      - no-cache
      content-length:
      - '317'
      content-type:
      - application/json; charset=utf-8
      date:
      - Mon, 13 Mar 2023 10:15:59 GMT
      expires:
      - '-1'
      pragma:
      - no-cache
      strict-transport-security:
      - max-age=31536000; includeSubDomains
      vary:
      - Accept-Encoding
      x-content-type-options:
      - nosniff
    status:
      code: 200
      message: OK
- request:
    body: '{"location": "centraluseuap", "tags": {}}'
    headers:
      Accept:
      - application/json
      Accept-Encoding:
      - gzip, deflate
      CommandName:
      - sig create
      Connection:
      - keep-alive
      Content-Length:
      - '41'
      Content-Type:
      - application/json
      ParameterSetName:
      - -g --gallery-name
      User-Agent:
      - AZURECLI/2.46.0 azsdk-python-azure-mgmt-compute/29.1.0 Python/3.10.10 (Linux-5.15.0-1033-azure-x86_64-with-glibc2.31)
        VSTS_7b238909-6802-4b65-b90d-184bca47f458_build_220_0
    method: PUT
    uri: https://management.azure.com/subscriptions/00000000-0000-0000-0000-000000000000/resourceGroups/clitest.rg000001/providers/Microsoft.Compute/galleries/gallery_000003?api-version=2021-10-01
  response:
    body:
      string: "{\r\n  \"name\": \"gallery_000003\",\r\n  \"id\": \"/subscriptions/00000000-0000-0000-0000-000000000000/resourceGroups/clitest.rg000001/providers/Microsoft.Compute/galleries/gallery_000003\",\r\n
        \ \"type\": \"Microsoft.Compute/galleries\",\r\n  \"location\": \"centraluseuap\",\r\n
        \ \"tags\": {},\r\n  \"properties\": {\r\n    \"identifier\": {\r\n      \"uniqueName\":
        \"0b1f6471-1bf0-4dda-aec3-cb9272f09590-GALLERY_PNEJRVYMGLBG\"\r\n    },\r\n
        \   \"provisioningState\": \"Creating\"\r\n  }\r\n}"
    headers:
      azure-asyncoperation:
      - https://management.azure.com/subscriptions/00000000-0000-0000-0000-000000000000/providers/Microsoft.Compute/locations/CentralUSEUAP/capsOperations/f11443d8-92f1-4d0c-8e2a-7bc9c467ebc6?api-version=2021-10-01
      cache-control:
      - no-cache
      content-length:
      - '442'
      content-type:
      - application/json; charset=utf-8
      date:
      - Mon, 13 Mar 2023 10:16:01 GMT
      expires:
      - '-1'
      pragma:
      - no-cache
      server:
      - Microsoft-HTTPAPI/2.0
      - Microsoft-HTTPAPI/2.0
      strict-transport-security:
      - max-age=31536000; includeSubDomains
      x-content-type-options:
      - nosniff
      x-ms-ratelimit-remaining-resource:
      - Microsoft.Compute/CreateUpdateGallery3Min;49,Microsoft.Compute/CreateUpdateGallery30Min;299
      x-ms-ratelimit-remaining-subscription-writes:
      - '1196'
    status:
      code: 201
      message: Created
- request:
    body: null
    headers:
      Accept:
      - '*/*'
      Accept-Encoding:
      - gzip, deflate
      CommandName:
      - sig create
      Connection:
      - keep-alive
      ParameterSetName:
      - -g --gallery-name
      User-Agent:
      - AZURECLI/2.46.0 azsdk-python-azure-mgmt-compute/29.1.0 Python/3.10.10 (Linux-5.15.0-1033-azure-x86_64-with-glibc2.31)
        VSTS_7b238909-6802-4b65-b90d-184bca47f458_build_220_0
    method: GET
    uri: https://management.azure.com/subscriptions/00000000-0000-0000-0000-000000000000/providers/Microsoft.Compute/locations/CentralUSEUAP/capsOperations/f11443d8-92f1-4d0c-8e2a-7bc9c467ebc6?api-version=2021-10-01
  response:
    body:
      string: "{\r\n  \"startTime\": \"2023-03-13T10:16:00.8940441+00:00\",\r\n  \"endTime\":
        \"2023-03-13T10:16:02.456536+00:00\",\r\n  \"status\": \"Succeeded\",\r\n
        \ \"name\": \"f11443d8-92f1-4d0c-8e2a-7bc9c467ebc6\"\r\n}"
    headers:
      cache-control:
      - no-cache
      content-length:
      - '183'
      content-type:
      - application/json; charset=utf-8
      date:
      - Mon, 13 Mar 2023 10:16:31 GMT
      expires:
      - '-1'
      pragma:
      - no-cache
      server:
      - Microsoft-HTTPAPI/2.0
      - Microsoft-HTTPAPI/2.0
      strict-transport-security:
      - max-age=31536000; includeSubDomains
      transfer-encoding:
      - chunked
      vary:
      - Accept-Encoding
      x-content-type-options:
      - nosniff
      x-ms-ratelimit-remaining-resource:
      - Microsoft.Compute/GetOperationStatus3Min;1198,Microsoft.Compute/GetOperationStatus30Min;4198
    status:
      code: 200
      message: OK
- request:
    body: null
    headers:
      Accept:
      - '*/*'
      Accept-Encoding:
      - gzip, deflate
      CommandName:
      - sig create
      Connection:
      - keep-alive
      ParameterSetName:
      - -g --gallery-name
      User-Agent:
      - AZURECLI/2.46.0 azsdk-python-azure-mgmt-compute/29.1.0 Python/3.10.10 (Linux-5.15.0-1033-azure-x86_64-with-glibc2.31)
        VSTS_7b238909-6802-4b65-b90d-184bca47f458_build_220_0
    method: GET
    uri: https://management.azure.com/subscriptions/00000000-0000-0000-0000-000000000000/resourceGroups/clitest.rg000001/providers/Microsoft.Compute/galleries/gallery_000003?api-version=2021-10-01
  response:
    body:
      string: "{\r\n  \"name\": \"gallery_000003\",\r\n  \"id\": \"/subscriptions/00000000-0000-0000-0000-000000000000/resourceGroups/clitest.rg000001/providers/Microsoft.Compute/galleries/gallery_000003\",\r\n
        \ \"type\": \"Microsoft.Compute/galleries\",\r\n  \"location\": \"centraluseuap\",\r\n
        \ \"tags\": {},\r\n  \"properties\": {\r\n    \"identifier\": {\r\n      \"uniqueName\":
        \"0b1f6471-1bf0-4dda-aec3-cb9272f09590-GALLERY_PNEJRVYMGLBG\"\r\n    },\r\n
        \   \"provisioningState\": \"Succeeded\"\r\n  }\r\n}"
    headers:
      cache-control:
      - no-cache
      content-length:
      - '443'
      content-type:
      - application/json; charset=utf-8
      date:
      - Mon, 13 Mar 2023 10:16:31 GMT
      expires:
      - '-1'
      pragma:
      - no-cache
      server:
      - Microsoft-HTTPAPI/2.0
      - Microsoft-HTTPAPI/2.0
      strict-transport-security:
      - max-age=31536000; includeSubDomains
      transfer-encoding:
      - chunked
      vary:
      - Accept-Encoding
      x-content-type-options:
      - nosniff
      x-ms-ratelimit-remaining-resource:
      - Microsoft.Compute/GetGallery3Min;346,Microsoft.Compute/GetGallery30Min;2496
    status:
      code: 200
      message: OK
- request:
    body: null
    headers:
      Accept:
      - application/json
      Accept-Encoding:
      - gzip, deflate
      CommandName:
      - sig image-definition create
      Connection:
      - keep-alive
      ParameterSetName:
      - -g --gallery-name --gallery-image-definition --os-type -p -f -s --os-state
        --features --hyper-v-generation
      User-Agent:
      - AZURECLI/2.46.0 azsdk-python-azure-mgmt-resource/22.0.0 Python/3.10.10 (Linux-5.15.0-1033-azure-x86_64-with-glibc2.31)
        VSTS_7b238909-6802-4b65-b90d-184bca47f458_build_220_0
    method: GET
    uri: https://management.azure.com/subscriptions/00000000-0000-0000-0000-000000000000/resourcegroups/clitest.rg000001?api-version=2022-09-01
  response:
    body:
      string: '{"id":"/subscriptions/00000000-0000-0000-0000-000000000000/resourceGroups/clitest.rg000001","name":"clitest.rg000001","type":"Microsoft.Resources/resourceGroups","location":"centraluseuap","tags":{"product":"azurecli","cause":"automation","date":"2023-03-13T10:15:24Z"},"properties":{"provisioningState":"Succeeded"}}'
    headers:
      cache-control:
      - no-cache
      content-length:
      - '317'
      content-type:
      - application/json; charset=utf-8
      date:
      - Mon, 13 Mar 2023 10:16:31 GMT
      expires:
      - '-1'
      pragma:
      - no-cache
      strict-transport-security:
      - max-age=31536000; includeSubDomains
      vary:
      - Accept-Encoding
      x-content-type-options:
      - nosniff
    status:
      code: 200
      message: OK
- request:
    body: '{"location": "centraluseuap", "tags": {}, "properties": {"osType": "Windows",
      "osState": "Specialized", "hyperVGeneration": "V2", "identifier": {"publisher":
      "publisher1", "offer": "offer1", "sku": "sku1"}, "disallowed": {}, "features":
      [{"name": "SecurityType", "value": "ConfidentialVm"}]}}'
    headers:
      Accept:
      - application/json
      Accept-Encoding:
      - gzip, deflate
      CommandName:
      - sig image-definition create
      Connection:
      - keep-alive
      Content-Length:
      - '292'
      Content-Type:
      - application/json
      ParameterSetName:
      - -g --gallery-name --gallery-image-definition --os-type -p -f -s --os-state
        --features --hyper-v-generation
      User-Agent:
      - AZURECLI/2.46.0 azsdk-python-azure-mgmt-compute/29.1.0 Python/3.10.10 (Linux-5.15.0-1033-azure-x86_64-with-glibc2.31)
        VSTS_7b238909-6802-4b65-b90d-184bca47f458_build_220_0
    method: PUT
    uri: https://management.azure.com/subscriptions/00000000-0000-0000-0000-000000000000/resourceGroups/clitest.rg000001/providers/Microsoft.Compute/galleries/gallery_000003/images/image1?api-version=2021-10-01
  response:
    body:
      string: "{\r\n  \"name\": \"image1\",\r\n  \"id\": \"/subscriptions/00000000-0000-0000-0000-000000000000/resourceGroups/clitest.rg000001/providers/Microsoft.Compute/galleries/gallery_000003/images/image1\",\r\n
        \ \"type\": \"Microsoft.Compute/galleries/images\",\r\n  \"location\": \"centraluseuap\",\r\n
        \ \"tags\": {},\r\n  \"properties\": {\r\n    \"hyperVGeneration\": \"V2\",\r\n
        \   \"architecture\": \"x64\",\r\n    \"features\": [\r\n      {\r\n        \"name\":
        \"SecurityType\",\r\n        \"value\": \"ConfidentialVM\"\r\n      }\r\n
        \   ],\r\n    \"osType\": \"Windows\",\r\n    \"osState\": \"Specialized\",\r\n
        \   \"identifier\": {\r\n      \"publisher\": \"publisher1\",\r\n      \"offer\":
        \"offer1\",\r\n      \"sku\": \"sku1\"\r\n    },\r\n    \"provisioningState\":
        \"Creating\"\r\n  }\r\n}"
    headers:
      azure-asyncoperation:
      - https://management.azure.com/subscriptions/00000000-0000-0000-0000-000000000000/providers/Microsoft.Compute/locations/CentralUSEUAP/capsOperations/d5150568-4eeb-432c-9fb9-dd8e04b6b81e?api-version=2021-10-01
      cache-control:
      - no-cache
      content-length:
      - '684'
      content-type:
      - application/json; charset=utf-8
      date:
      - Mon, 13 Mar 2023 10:16:32 GMT
      expires:
      - '-1'
      pragma:
      - no-cache
      server:
      - Microsoft-HTTPAPI/2.0
      - Microsoft-HTTPAPI/2.0
      strict-transport-security:
      - max-age=31536000; includeSubDomains
      x-content-type-options:
      - nosniff
      x-ms-ratelimit-remaining-resource:
      - Microsoft.Compute/CreateUpdateGalleryImage3Min;149,Microsoft.Compute/CreateUpdateGalleryImage30Min;749
      x-ms-ratelimit-remaining-subscription-writes:
      - '1193'
    status:
      code: 201
      message: Created
- request:
    body: null
    headers:
      Accept:
      - '*/*'
      Accept-Encoding:
      - gzip, deflate
      CommandName:
      - sig image-definition create
      Connection:
      - keep-alive
      ParameterSetName:
      - -g --gallery-name --gallery-image-definition --os-type -p -f -s --os-state
        --features --hyper-v-generation
      User-Agent:
      - AZURECLI/2.46.0 azsdk-python-azure-mgmt-compute/29.1.0 Python/3.10.10 (Linux-5.15.0-1033-azure-x86_64-with-glibc2.31)
        VSTS_7b238909-6802-4b65-b90d-184bca47f458_build_220_0
    method: GET
    uri: https://management.azure.com/subscriptions/00000000-0000-0000-0000-000000000000/providers/Microsoft.Compute/locations/CentralUSEUAP/capsOperations/d5150568-4eeb-432c-9fb9-dd8e04b6b81e?api-version=2021-10-01
  response:
    body:
      string: "{\r\n  \"startTime\": \"2023-03-13T10:16:32.7532689+00:00\",\r\n  \"endTime\":
        \"2023-03-13T10:16:33.0969873+00:00\",\r\n  \"status\": \"Succeeded\",\r\n
        \ \"name\": \"d5150568-4eeb-432c-9fb9-dd8e04b6b81e\"\r\n}"
    headers:
      cache-control:
      - no-cache
      content-length:
      - '184'
      content-type:
      - application/json; charset=utf-8
      date:
      - Mon, 13 Mar 2023 10:17:03 GMT
      expires:
      - '-1'
      pragma:
      - no-cache
      server:
      - Microsoft-HTTPAPI/2.0
      - Microsoft-HTTPAPI/2.0
      strict-transport-security:
      - max-age=31536000; includeSubDomains
      transfer-encoding:
      - chunked
      vary:
      - Accept-Encoding
      x-content-type-options:
      - nosniff
      x-ms-ratelimit-remaining-resource:
      - Microsoft.Compute/GetOperationStatus3Min;1196,Microsoft.Compute/GetOperationStatus30Min;4196
    status:
      code: 200
      message: OK
- request:
    body: null
    headers:
      Accept:
      - '*/*'
      Accept-Encoding:
      - gzip, deflate
      CommandName:
      - sig image-definition create
      Connection:
      - keep-alive
      ParameterSetName:
      - -g --gallery-name --gallery-image-definition --os-type -p -f -s --os-state
        --features --hyper-v-generation
      User-Agent:
      - AZURECLI/2.46.0 azsdk-python-azure-mgmt-compute/29.1.0 Python/3.10.10 (Linux-5.15.0-1033-azure-x86_64-with-glibc2.31)
        VSTS_7b238909-6802-4b65-b90d-184bca47f458_build_220_0
    method: GET
    uri: https://management.azure.com/subscriptions/00000000-0000-0000-0000-000000000000/resourceGroups/clitest.rg000001/providers/Microsoft.Compute/galleries/gallery_000003/images/image1?api-version=2021-10-01
  response:
    body:
      string: "{\r\n  \"name\": \"image1\",\r\n  \"id\": \"/subscriptions/00000000-0000-0000-0000-000000000000/resourceGroups/clitest.rg000001/providers/Microsoft.Compute/galleries/gallery_000003/images/image1\",\r\n
        \ \"type\": \"Microsoft.Compute/galleries/images\",\r\n  \"location\": \"centraluseuap\",\r\n
        \ \"tags\": {},\r\n  \"properties\": {\r\n    \"hyperVGeneration\": \"V2\",\r\n
        \   \"architecture\": \"x64\",\r\n    \"features\": [\r\n      {\r\n        \"name\":
        \"SecurityType\",\r\n        \"value\": \"ConfidentialVM\"\r\n      }\r\n
        \   ],\r\n    \"osType\": \"Windows\",\r\n    \"osState\": \"Specialized\",\r\n
        \   \"identifier\": {\r\n      \"publisher\": \"publisher1\",\r\n      \"offer\":
        \"offer1\",\r\n      \"sku\": \"sku1\"\r\n    },\r\n    \"provisioningState\":
        \"Succeeded\"\r\n  }\r\n}"
    headers:
      cache-control:
      - no-cache
      content-length:
      - '685'
      content-type:
      - application/json; charset=utf-8
      date:
      - Mon, 13 Mar 2023 10:17:03 GMT
      expires:
      - '-1'
      pragma:
      - no-cache
      server:
      - Microsoft-HTTPAPI/2.0
      - Microsoft-HTTPAPI/2.0
      strict-transport-security:
      - max-age=31536000; includeSubDomains
      transfer-encoding:
      - chunked
      vary:
      - Accept-Encoding
      x-content-type-options:
      - nosniff
      x-ms-ratelimit-remaining-resource:
      - Microsoft.Compute/GetGalleryImage3Min;596,Microsoft.Compute/GetGalleryImage30Min;2996
    status:
      code: 200
      message: OK
- request:
    body: null
    headers:
      Accept:
      - application/json
      Accept-Encoding:
      - gzip, deflate
      CommandName:
      - keyvault show
      Connection:
      - keep-alive
      ParameterSetName:
      - -g -n
      User-Agent:
      - AZURECLI/2.46.0 azsdk-python-azure-mgmt-keyvault/10.1.0 Python/3.10.10 (Linux-5.15.0-1033-azure-x86_64-with-glibc2.31)
        VSTS_7b238909-6802-4b65-b90d-184bca47f458_build_220_0
    method: GET
    uri: https://management.azure.com/subscriptions/00000000-0000-0000-0000-000000000000/resourceGroups/clitest.rg000001/providers/Microsoft.KeyVault/vaults/vault-000002?api-version=2022-07-01
  response:
    body:
      string: '{"id":"/subscriptions/00000000-0000-0000-0000-000000000000/resourceGroups/clitest.rg000001/providers/Microsoft.KeyVault/vaults/vault-000002","name":"vault-000002","type":"Microsoft.KeyVault/vaults","location":"CentralUSEUAP","tags":{},"systemData":{"createdBy":"azureclilivetest@azuresdkteam.onmicrosoft.com","createdByType":"User","createdAt":"2023-03-13T10:15:27.545Z","lastModifiedBy":"azureclilivetest@azuresdkteam.onmicrosoft.com","lastModifiedByType":"User","lastModifiedAt":"2023-03-13T10:15:27.545Z"},"properties":{"sku":{"family":"A","name":"standard"},"tenantId":"54826b22-38d6-4fb2-bad9-b7b93a3e9c5a","accessPolicies":[{"tenantId":"54826b22-38d6-4fb2-bad9-b7b93a3e9c5a","objectId":"6b30bdc6-696a-46fb-82d7-739c2fb147b7","permissions":{"keys":["all"],"secrets":["all"],"certificates":["all"],"storage":["all"]}}],"enabledForDeployment":false,"enableSoftDelete":true,"softDeleteRetentionInDays":7,"enablePurgeProtection":true,"vaultUri":"https://vault-000002.vault.azure.net/","provisioningState":"Succeeded","publicNetworkAccess":"Enabled"}}'
    headers:
      cache-control:
      - no-cache
      content-length:
      - '1051'
      content-type:
      - application/json; charset=utf-8
      date:
      - Mon, 13 Mar 2023 10:17:03 GMT
      expires:
      - '-1'
      pragma:
      - no-cache
      server:
      - Microsoft-IIS/10.0
      strict-transport-security:
      - max-age=31536000; includeSubDomains
      transfer-encoding:
      - chunked
      vary:
      - Accept-Encoding
      x-aspnet-version:
      - 4.0.30319
      x-content-type-options:
      - nosniff
      x-ms-keyvault-service-version:
      - 1.5.692.0
    status:
      code: 200
      message: OK
- request:
    body: null
    headers:
      Accept:
      - application/json
      Accept-Encoding:
      - gzip, deflate
      Connection:
      - keep-alive
      Content-Length:
      - '0'
      Content-Type:
      - application/json
      User-Agent:
      - azsdk-python-keyvault-keys/4.8.0b2 Python/3.10.10 (Linux-5.15.0-1033-azure-x86_64-with-glibc2.31)
        VSTS_7b238909-6802-4b65-b90d-184bca47f458_build_220_0
    method: POST
    uri: https://vault-000002.vault.azure.net/keys/key-000004/create?api-version=7.4-preview.1
  response:
    body:
      string: '{"error":{"code":"Unauthorized","message":"AKV10000: Request is missing
        a Bearer or PoP token."}}'
    headers:
      cache-control:
      - no-cache
      content-length:
      - '97'
      content-type:
      - application/json; charset=utf-8
      date:
      - Mon, 13 Mar 2023 10:17:03 GMT
      expires:
      - '-1'
      pragma:
      - no-cache
      strict-transport-security:
      - max-age=31536000;includeSubDomains
      www-authenticate:
      - Bearer authorization="https://login.microsoftonline.com/54826b22-38d6-4fb2-bad9-b7b93a3e9c5a",
        resource="https://vault.azure.net"
      x-content-type-options:
      - nosniff
      x-ms-keyvault-network-info:
      - conn_type=Ipv4;addr=20.172.153.186;act_addr_fam=InterNetwork;
      x-ms-keyvault-region:
      - CentralUSEUAP
      x-ms-keyvault-service-version:
      - 1.9.736.1
    status:
      code: 401
      message: Unauthorized
- request:
    body: '{"kty": "RSA", "attributes": {"enabled": true}}'
    headers:
      Accept:
      - application/json
      Accept-Encoding:
      - gzip, deflate
      Connection:
      - keep-alive
      Content-Length:
      - '47'
      Content-Type:
      - application/json
      User-Agent:
      - azsdk-python-keyvault-keys/4.8.0b2 Python/3.10.10 (Linux-5.15.0-1033-azure-x86_64-with-glibc2.31)
        VSTS_7b238909-6802-4b65-b90d-184bca47f458_build_220_0
    method: POST
    uri: https://vault-000002.vault.azure.net/keys/key-000004/create?api-version=7.4-preview.1
  response:
    body:
      string: '{"key":{"kid":"https://vault-000002.vault.azure.net/keys/key-000004/70c17387e21844fba9dfff18fe0456f6","kty":"RSA","key_ops":["encrypt","decrypt","sign","verify","wrapKey","unwrapKey"],"n":"vhn3zPlV2UICoeQbE4IjxfDPlZhvP_8_p8opuHP-XKZwXLOMvtk8YkGqA0p2mU1LlD2XOZs7VfqltWMEs9LeksMePVT6GsYxs16Vnk7A1poabh-ws04Mz2SxafCJecSWJgy1wqT1zzBb9QJzQU1v_cd-6OQFthCRoFY6uFbXDRgYJYs5lZ5lpmqcgSdZbFbp3WV6VeRSOjVQW45_liTulLrkz-2kKBV_A5iaoWelRUVfoXkox6U4KgIDs5LKtZaQ8WIEOwZl6tuqlYU8QnZ2bIQU-E2gEn0Zz9cPg36XgriGws_pgd9A6dXaPpcEgcHt1LOOscBFBVtnnwnA33SyEQ","e":"AQAB"},"attributes":{"enabled":true,"created":1678702625,"updated":1678702625,"recoveryLevel":"CustomizedRecoverable","recoverableDays":7,"exportable":false}}'
    headers:
      cache-control:
      - no-cache
      content-length:
      - '696'
      content-type:
      - application/json; charset=utf-8
      date:
      - Mon, 13 Mar 2023 10:17:04 GMT
      expires:
      - '-1'
      pragma:
      - no-cache
      strict-transport-security:
      - max-age=31536000;includeSubDomains
      x-content-type-options:
      - nosniff
      x-ms-keyvault-network-info:
      - conn_type=Ipv4;addr=20.172.153.186;act_addr_fam=InterNetwork;
      x-ms-keyvault-region:
      - CentralUSEUAP
      x-ms-keyvault-service-version:
      - 1.9.736.1
    status:
      code: 200
      message: OK
- request:
    body: null
    headers:
      Accept:
      - application/json
      Accept-Encoding:
      - gzip, deflate
      CommandName:
      - disk-encryption-set create
      Connection:
      - keep-alive
      ParameterSetName:
      - -g -n --key-url --source-vault
      User-Agent:
      - AZURECLI/2.46.0 azsdk-python-azure-mgmt-resource/22.0.0 Python/3.10.10 (Linux-5.15.0-1033-azure-x86_64-with-glibc2.31)
        VSTS_7b238909-6802-4b65-b90d-184bca47f458_build_220_0
    method: GET
    uri: https://management.azure.com/subscriptions/00000000-0000-0000-0000-000000000000/resourcegroups/clitest.rg000001?api-version=2022-09-01
  response:
    body:
      string: '{"id":"/subscriptions/00000000-0000-0000-0000-000000000000/resourceGroups/clitest.rg000001","name":"clitest.rg000001","type":"Microsoft.Resources/resourceGroups","location":"centraluseuap","tags":{"product":"azurecli","cause":"automation","date":"2023-03-13T10:15:24Z"},"properties":{"provisioningState":"Succeeded"}}'
    headers:
      cache-control:
      - no-cache
      content-length:
      - '317'
      content-type:
      - application/json; charset=utf-8
      date:
      - Mon, 13 Mar 2023 10:17:04 GMT
      expires:
      - '-1'
      pragma:
      - no-cache
      strict-transport-security:
      - max-age=31536000; includeSubDomains
      vary:
      - Accept-Encoding
      x-content-type-options:
      - nosniff
    status:
      code: 200
      message: OK
- request:
    body: '{"location": "centraluseuap", "identity": {"type": "SystemAssigned"}, "properties":
      {"activeKey": {"sourceVault": {"id": "/subscriptions/00000000-0000-0000-0000-000000000000/resourceGroups/clitest.rg000001/providers/Microsoft.KeyVault/vaults/vault-000002"},
      "keyUrl": "https://vault-000002.vault.azure.net/keys/key-000004/70c17387e21844fba9dfff18fe0456f6"}}}'
    headers:
      Accept:
      - application/json
      Accept-Encoding:
      - gzip, deflate
      CommandName:
      - disk-encryption-set create
      Connection:
      - keep-alive
      Content-Length:
      - '358'
      Content-Type:
      - application/json
      ParameterSetName:
      - -g -n --key-url --source-vault
      User-Agent:
      - AZURECLI/2.46.0 azsdk-python-azure-mgmt-compute/29.1.0 Python/3.10.10 (Linux-5.15.0-1033-azure-x86_64-with-glibc2.31)
        VSTS_7b238909-6802-4b65-b90d-184bca47f458_build_220_0
    method: PUT
    uri: https://management.azure.com/subscriptions/00000000-0000-0000-0000-000000000000/resourceGroups/clitest.rg000001/providers/Microsoft.Compute/diskEncryptionSets/des1-000007?api-version=2022-03-02
  response:
    body:
      string: "{\r\n  \"location\": \"centraluseuap\",\r\n  \"identity\": {\r\n    \"type\":
        \"SystemAssigned\"\r\n  },\r\n  \"properties\": {\r\n    \"activeKey\": {\r\n
        \     \"sourceVault\": {\r\n        \"id\": \"/subscriptions/00000000-0000-0000-0000-000000000000/resourceGroups/clitest.rg000001/providers/Microsoft.KeyVault/vaults/vault-000002\"\r\n
        \     },\r\n      \"keyUrl\": \"https://vault-000002.vault.azure.net/keys/key-000004/70c17387e21844fba9dfff18fe0456f6\"\r\n
        \   },\r\n    \"provisioningState\": \"Updating\"\r\n  }\r\n}"
    headers:
      azure-asyncoperation:
      - https://management.azure.com/subscriptions/00000000-0000-0000-0000-000000000000/providers/Microsoft.Compute/locations/centraluseuap/DiskOperations/a5e181c8-c673-4e5b-a81b-d9c9813631d2?p=157f1a74-df5f-47b0-a815-476d8af3dce4&api-version=2022-03-02
      cache-control:
      - no-cache
      content-length:
      - '467'
      content-type:
      - application/json; charset=utf-8
      date:
      - Mon, 13 Mar 2023 10:17:07 GMT
      expires:
      - '-1'
      location:
      - https://management.azure.com/subscriptions/00000000-0000-0000-0000-000000000000/providers/Microsoft.Compute/locations/centraluseuap/DiskOperations/a5e181c8-c673-4e5b-a81b-d9c9813631d2?p=157f1a74-df5f-47b0-a815-476d8af3dce4&monitor=true&api-version=2022-03-02
      pragma:
      - no-cache
      server:
      - Microsoft-HTTPAPI/2.0
      - Microsoft-HTTPAPI/2.0
      strict-transport-security:
      - max-age=31536000; includeSubDomains
      x-content-type-options:
      - nosniff
      x-ms-ratelimit-remaining-resource:
      - Microsoft.Compute/CreateUpdateHighCostDiskEncryptionSet3Min;99,Microsoft.Compute/CreateUpdateHighCostDiskEncryptionSet30Min;299
      x-ms-ratelimit-remaining-subscription-writes:
      - '1196'
    status:
      code: 202
      message: Accepted
- request:
    body: null
    headers:
      Accept:
      - '*/*'
      Accept-Encoding:
      - gzip, deflate
      CommandName:
      - disk-encryption-set create
      Connection:
      - keep-alive
      ParameterSetName:
      - -g -n --key-url --source-vault
      User-Agent:
      - AZURECLI/2.46.0 azsdk-python-azure-mgmt-compute/29.1.0 Python/3.10.10 (Linux-5.15.0-1033-azure-x86_64-with-glibc2.31)
        VSTS_7b238909-6802-4b65-b90d-184bca47f458_build_220_0
    method: GET
    uri: https://management.azure.com/subscriptions/00000000-0000-0000-0000-000000000000/providers/Microsoft.Compute/locations/centraluseuap/DiskOperations/a5e181c8-c673-4e5b-a81b-d9c9813631d2?p=157f1a74-df5f-47b0-a815-476d8af3dce4&api-version=2022-03-02
  response:
    body:
      string: "{\r\n  \"startTime\": \"2023-03-13T10:17:07.5253652+00:00\",\r\n  \"endTime\":
        \"2023-03-13T10:17:07.6659794+00:00\",\r\n  \"status\": \"Succeeded\",\r\n
        \ \"properties\": {\r\n    \"output\": {\"name\":\"des1-000007\",\"id\":\"/subscriptions/00000000-0000-0000-0000-000000000000/resourceGroups/clitest.rg000001/providers/Microsoft.Compute/diskEncryptionSets/des1-000007\",\"type\":\"Microsoft.Compute/diskEncryptionSets\",\"location\":\"centraluseuap\",\"identity\":{\"type\":\"SystemAssigned\",\"principalId\":\"c25c7294-61f6-4f2e-beb8-135885162bfa\",\"tenantId\":\"54826b22-38d6-4fb2-bad9-b7b93a3e9c5a\"},\"properties\":{\"activeKey\":{\"sourceVault\":{\"id\":\"/subscriptions/00000000-0000-0000-0000-000000000000/resourceGroups/clitest.rg000001/providers/Microsoft.KeyVault/vaults/vault-000002\"},\"keyUrl\":\"https://vault-000002.vault.azure.net/keys/key-000004/70c17387e21844fba9dfff18fe0456f6\"},\"encryptionType\":\"EncryptionAtRestWithCustomerKey\",\"provisioningState\":\"Succeeded\"}}\r\n
        \ },\r\n  \"name\": \"a5e181c8-c673-4e5b-a81b-d9c9813631d2\"\r\n}"
    headers:
      cache-control:
      - no-cache
      content-length:
      - '975'
      content-type:
      - application/json; charset=utf-8
      date:
      - Mon, 13 Mar 2023 10:17:37 GMT
      expires:
      - '-1'
      pragma:
      - no-cache
      server:
      - Microsoft-HTTPAPI/2.0
      - Microsoft-HTTPAPI/2.0
      strict-transport-security:
      - max-age=31536000; includeSubDomains
      transfer-encoding:
      - chunked
      vary:
      - Accept-Encoding
      x-content-type-options:
      - nosniff
      x-ms-ratelimit-remaining-resource:
      - Microsoft.Compute/GetOperation3Min;49998,Microsoft.Compute/GetOperation30Min;399998
    status:
      code: 200
      message: OK
- request:
    body: null
    headers:
      Accept:
      - '*/*'
      Accept-Encoding:
      - gzip, deflate
      CommandName:
      - disk-encryption-set create
      Connection:
      - keep-alive
      ParameterSetName:
      - -g -n --key-url --source-vault
      User-Agent:
      - AZURECLI/2.46.0 azsdk-python-azure-mgmt-compute/29.1.0 Python/3.10.10 (Linux-5.15.0-1033-azure-x86_64-with-glibc2.31)
        VSTS_7b238909-6802-4b65-b90d-184bca47f458_build_220_0
    method: GET
    uri: https://management.azure.com/subscriptions/00000000-0000-0000-0000-000000000000/resourceGroups/clitest.rg000001/providers/Microsoft.Compute/diskEncryptionSets/des1-000007?api-version=2022-03-02
  response:
    body:
      string: "{\r\n  \"name\": \"des1-000007\",\r\n  \"id\": \"/subscriptions/00000000-0000-0000-0000-000000000000/resourceGroups/clitest.rg000001/providers/Microsoft.Compute/diskEncryptionSets/des1-000007\",\r\n
        \ \"type\": \"Microsoft.Compute/diskEncryptionSets\",\r\n  \"location\": \"centraluseuap\",\r\n
        \ \"identity\": {\r\n    \"type\": \"SystemAssigned\",\r\n    \"principalId\":
        \"c25c7294-61f6-4f2e-beb8-135885162bfa\",\r\n    \"tenantId\": \"54826b22-38d6-4fb2-bad9-b7b93a3e9c5a\"\r\n
        \ },\r\n  \"properties\": {\r\n    \"activeKey\": {\r\n      \"sourceVault\":
        {\r\n        \"id\": \"/subscriptions/00000000-0000-0000-0000-000000000000/resourceGroups/clitest.rg000001/providers/Microsoft.KeyVault/vaults/vault-000002\"\r\n
        \     },\r\n      \"keyUrl\": \"https://vault-000002.vault.azure.net/keys/key-000004/70c17387e21844fba9dfff18fe0456f6\"\r\n
        \   },\r\n    \"encryptionType\": \"EncryptionAtRestWithCustomerKey\",\r\n
        \   \"provisioningState\": \"Succeeded\"\r\n  }\r\n}"
    headers:
      cache-control:
      - no-cache
      content-length:
      - '875'
      content-type:
      - application/json; charset=utf-8
      date:
      - Mon, 13 Mar 2023 10:17:37 GMT
      expires:
      - '-1'
      pragma:
      - no-cache
      server:
      - Microsoft-HTTPAPI/2.0
      - Microsoft-HTTPAPI/2.0
      strict-transport-security:
      - max-age=31536000; includeSubDomains
      transfer-encoding:
      - chunked
      vary:
      - Accept-Encoding
      x-content-type-options:
      - nosniff
      x-ms-ratelimit-remaining-resource:
      - Microsoft.Compute/LowCostGet3Min;14997,Microsoft.Compute/LowCostGet30Min;119997
    status:
      code: 200
      message: OK
- request:
    body: null
    headers:
      Accept:
      - application/json
      Accept-Encoding:
      - gzip, deflate
      CommandName:
      - disk-encryption-set show
      Connection:
      - keep-alive
      ParameterSetName:
      - -g -n
      User-Agent:
      - AZURECLI/2.46.0 azsdk-python-azure-mgmt-compute/29.1.0 Python/3.10.10 (Linux-5.15.0-1033-azure-x86_64-with-glibc2.31)
        VSTS_7b238909-6802-4b65-b90d-184bca47f458_build_220_0
    method: GET
    uri: https://management.azure.com/subscriptions/00000000-0000-0000-0000-000000000000/resourceGroups/clitest.rg000001/providers/Microsoft.Compute/diskEncryptionSets/des1-000007?api-version=2022-03-02
  response:
    body:
      string: "{\r\n  \"name\": \"des1-000007\",\r\n  \"id\": \"/subscriptions/00000000-0000-0000-0000-000000000000/resourceGroups/clitest.rg000001/providers/Microsoft.Compute/diskEncryptionSets/des1-000007\",\r\n
        \ \"type\": \"Microsoft.Compute/diskEncryptionSets\",\r\n  \"location\": \"centraluseuap\",\r\n
        \ \"identity\": {\r\n    \"type\": \"SystemAssigned\",\r\n    \"principalId\":
        \"c25c7294-61f6-4f2e-beb8-135885162bfa\",\r\n    \"tenantId\": \"54826b22-38d6-4fb2-bad9-b7b93a3e9c5a\"\r\n
        \ },\r\n  \"properties\": {\r\n    \"activeKey\": {\r\n      \"sourceVault\":
        {\r\n        \"id\": \"/subscriptions/00000000-0000-0000-0000-000000000000/resourceGroups/clitest.rg000001/providers/Microsoft.KeyVault/vaults/vault-000002\"\r\n
        \     },\r\n      \"keyUrl\": \"https://vault-000002.vault.azure.net/keys/key-000004/70c17387e21844fba9dfff18fe0456f6\"\r\n
        \   },\r\n    \"encryptionType\": \"EncryptionAtRestWithCustomerKey\",\r\n
        \   \"provisioningState\": \"Succeeded\"\r\n  }\r\n}"
    headers:
      cache-control:
      - no-cache
      content-length:
      - '875'
      content-type:
      - application/json; charset=utf-8
      date:
      - Mon, 13 Mar 2023 10:17:38 GMT
      expires:
      - '-1'
      pragma:
      - no-cache
      server:
      - Microsoft-HTTPAPI/2.0
      - Microsoft-HTTPAPI/2.0
      strict-transport-security:
      - max-age=31536000; includeSubDomains
      transfer-encoding:
      - chunked
      vary:
      - Accept-Encoding
      x-content-type-options:
      - nosniff
      x-ms-ratelimit-remaining-resource:
      - Microsoft.Compute/LowCostGet3Min;14996,Microsoft.Compute/LowCostGet30Min;119996
    status:
      code: 200
      message: OK
- request:
    body: null
    headers:
      Accept:
      - application/json
      Accept-Encoding:
      - gzip, deflate
      CommandName:
      - keyvault set-policy
      Connection:
      - keep-alive
      ParameterSetName:
      - -n --object-id --key-permissions
      User-Agent:
      - AZURECLI/2.46.0 azsdk-python-azure-mgmt-keyvault/10.1.0 Python/3.10.10 (Linux-5.15.0-1033-azure-x86_64-with-glibc2.31)
        VSTS_7b238909-6802-4b65-b90d-184bca47f458_build_220_0
    method: GET
    uri: https://management.azure.com/subscriptions/00000000-0000-0000-0000-000000000000/resources?$filter=resourceType%20eq%20%27Microsoft.KeyVault%2Fvaults%27&api-version=2015-11-01
  response:
    body:
      string: '{"value":[{"id":"/subscriptions/00000000-0000-0000-0000-000000000000/resourceGroups/acctestRG-KV-230308161009840304/providers/Microsoft.KeyVault/vaults/acc230308161009840304","name":"acc230308161009840304","type":"Microsoft.KeyVault/vaults","location":"eastus2","tags":{"environment":"Production"}},{"id":"/subscriptions/00000000-0000-0000-0000-000000000000/resourceGroups/azpslrg0xijkzgcca/providers/Microsoft.KeyVault/vaults/azpsl3dw6hq6iz5","name":"azpsl3dw6hq6iz5","type":"Microsoft.KeyVault/vaults","location":"westus","tags":{}},{"id":"/subscriptions/00000000-0000-0000-0000-000000000000/resourceGroups/azpslrg1t7mfr5vrn/providers/Microsoft.KeyVault/vaults/azpsl4iukpxg4ww","name":"azpsl4iukpxg4ww","type":"Microsoft.KeyVault/vaults","location":"eastus","tags":{}},{"id":"/subscriptions/00000000-0000-0000-0000-000000000000/resourceGroups/AzurePowerShellLiveTest/providers/Microsoft.KeyVault/vaults/LiveTestKeyVault","name":"LiveTestKeyVault","type":"Microsoft.KeyVault/vaults","location":"westus","tags":{}},{"id":"/subscriptions/00000000-0000-0000-0000-000000000000/resourceGroups/bez-rg/providers/Microsoft.KeyVault/vaults/bez-kv","name":"bez-kv","type":"Microsoft.KeyVault/vaults","location":"eastus","tags":{}},{"id":"/subscriptions/00000000-0000-0000-0000-000000000000/resourceGroups/clitest.rgcoqbxmjd3uitc7gzparaglszb5b5vywboxgbwqqh2wxrvlll2odpxmobebbsu3t2r/providers/Microsoft.KeyVault/vaults/rdbmsvaultsmoe6zjiytvysx","name":"rdbmsvaultsmoe6zjiytvysx","type":"Microsoft.KeyVault/vaults","location":"eastus","tags":{}},{"id":"/subscriptions/00000000-0000-0000-0000-000000000000/resourceGroups/clitest.rgwcp526rfpd6mctx7enzwbsfx2zkggybtjjpzr6wsjux5idbzhxibjdub6f7yo4qc5/providers/Microsoft.KeyVault/vaults/clitestrgwcp526rfpd6m","name":"clitestrgwcp526rfpd6m","type":"Microsoft.KeyVault/vaults","location":"southcentralus","tags":{}},{"id":"/subscriptions/00000000-0000-0000-0000-000000000000/resourceGroups/clitest.rg000001/providers/Microsoft.KeyVault/vaults/vault-000002","name":"vault-000002","type":"Microsoft.KeyVault/vaults","location":"centraluseuap","tags":{}},{"id":"/subscriptions/00000000-0000-0000-0000-000000000000/resourceGroups/hang-rg/providers/Microsoft.KeyVault/vaults/hangkey","name":"hangkey","type":"Microsoft.KeyVault/vaults","location":"koreasouth","tags":{"kk":"kk","zz":"kk","--kk":"zz"}},{"id":"/subscriptions/00000000-0000-0000-0000-000000000000/resourceGroups/hang-rg/providers/Microsoft.KeyVault/vaults/similar0327002194","name":"similar0327002194","type":"Microsoft.KeyVault/vaults","location":"eastus2","tags":{}},{"id":"/subscriptions/00000000-0000-0000-0000-000000000000/resourceGroups/shiying-rg/providers/Microsoft.KeyVault/vaults/shiyingkv","name":"shiyingkv","type":"Microsoft.KeyVault/vaults","location":"eastus","tags":{}},{"id":"/subscriptions/00000000-0000-0000-0000-000000000000/resourceGroups/yishitest/providers/Microsoft.KeyVault/vaults/ystestkv","name":"ystestkv","type":"Microsoft.KeyVault/vaults","location":"eastus","tags":{}}]}'
    headers:
      cache-control:
      - no-cache
      content-length:
      - '2992'
      content-type:
      - application/json; charset=utf-8
      date:
      - Mon, 13 Mar 2023 10:17:38 GMT
      expires:
      - '-1'
      pragma:
      - no-cache
      strict-transport-security:
      - max-age=31536000; includeSubDomains
      vary:
      - Accept-Encoding
      x-content-type-options:
      - nosniff
    status:
      code: 200
      message: OK
- request:
    body: null
    headers:
      Accept:
      - application/json
      Accept-Encoding:
      - gzip, deflate
      CommandName:
      - keyvault set-policy
      Connection:
      - keep-alive
      ParameterSetName:
      - -n --object-id --key-permissions
      User-Agent:
      - AZURECLI/2.46.0 azsdk-python-azure-mgmt-keyvault/10.1.0 Python/3.10.10 (Linux-5.15.0-1033-azure-x86_64-with-glibc2.31)
        VSTS_7b238909-6802-4b65-b90d-184bca47f458_build_220_0
    method: GET
    uri: https://management.azure.com/subscriptions/00000000-0000-0000-0000-000000000000/resourceGroups/clitest.rg000001/providers/Microsoft.KeyVault/vaults/vault-000002?api-version=2022-07-01
  response:
    body:
      string: '{"id":"/subscriptions/00000000-0000-0000-0000-000000000000/resourceGroups/clitest.rg000001/providers/Microsoft.KeyVault/vaults/vault-000002","name":"vault-000002","type":"Microsoft.KeyVault/vaults","location":"CentralUSEUAP","tags":{},"systemData":{"createdBy":"azureclilivetest@azuresdkteam.onmicrosoft.com","createdByType":"User","createdAt":"2023-03-13T10:15:27.545Z","lastModifiedBy":"azureclilivetest@azuresdkteam.onmicrosoft.com","lastModifiedByType":"User","lastModifiedAt":"2023-03-13T10:15:27.545Z"},"properties":{"sku":{"family":"A","name":"standard"},"tenantId":"54826b22-38d6-4fb2-bad9-b7b93a3e9c5a","accessPolicies":[{"tenantId":"54826b22-38d6-4fb2-bad9-b7b93a3e9c5a","objectId":"6b30bdc6-696a-46fb-82d7-739c2fb147b7","permissions":{"keys":["all"],"secrets":["all"],"certificates":["all"],"storage":["all"]}}],"enabledForDeployment":false,"enableSoftDelete":true,"softDeleteRetentionInDays":7,"enablePurgeProtection":true,"vaultUri":"https://vault-000002.vault.azure.net/","provisioningState":"Succeeded","publicNetworkAccess":"Enabled"}}'
    headers:
      cache-control:
      - no-cache
      content-length:
      - '1051'
      content-type:
      - application/json; charset=utf-8
      date:
      - Mon, 13 Mar 2023 10:17:38 GMT
      expires:
      - '-1'
      pragma:
      - no-cache
      server:
      - Microsoft-IIS/10.0
      strict-transport-security:
      - max-age=31536000; includeSubDomains
      transfer-encoding:
      - chunked
      vary:
      - Accept-Encoding
      x-aspnet-version:
      - 4.0.30319
      x-content-type-options:
      - nosniff
      x-ms-keyvault-service-version:
      - 1.5.692.0
    status:
      code: 200
      message: OK
- request:
    body: '{"location": "CentralUSEUAP", "tags": {}, "properties": {"tenantId": "54826b22-38d6-4fb2-bad9-b7b93a3e9c5a",
      "sku": {"family": "A", "name": "standard"}, "accessPolicies": [{"tenantId":
      "54826b22-38d6-4fb2-bad9-b7b93a3e9c5a", "objectId": "6b30bdc6-696a-46fb-82d7-739c2fb147b7",
      "permissions": {"keys": ["all"], "secrets": ["all"], "certificates": ["all"],
      "storage": ["all"]}}, {"tenantId": "54826b22-38d6-4fb2-bad9-b7b93a3e9c5a", "objectId":
      "c25c7294-61f6-4f2e-beb8-135885162bfa", "permissions": {"keys": ["wrapKey",
      "get", "unwrapKey"]}}], "vaultUri": "https://vault-000002.vault.azure.net/",
      "enabledForDeployment": false, "enableSoftDelete": true, "softDeleteRetentionInDays":
      7, "enablePurgeProtection": true, "provisioningState": "Succeeded", "publicNetworkAccess":
      "Enabled"}}'
    headers:
      Accept:
      - application/json
      Accept-Encoding:
      - gzip, deflate
      CommandName:
      - keyvault set-policy
      Connection:
      - keep-alive
      Content-Length:
      - '783'
      Content-Type:
      - application/json
      ParameterSetName:
      - -n --object-id --key-permissions
      User-Agent:
      - AZURECLI/2.46.0 azsdk-python-azure-mgmt-keyvault/10.1.0 Python/3.10.10 (Linux-5.15.0-1033-azure-x86_64-with-glibc2.31)
        VSTS_7b238909-6802-4b65-b90d-184bca47f458_build_220_0
    method: PUT
    uri: https://management.azure.com/subscriptions/00000000-0000-0000-0000-000000000000/resourceGroups/clitest.rg000001/providers/Microsoft.KeyVault/vaults/vault-000002?api-version=2022-07-01
  response:
    body:
      string: '{"id":"/subscriptions/00000000-0000-0000-0000-000000000000/resourceGroups/clitest.rg000001/providers/Microsoft.KeyVault/vaults/vault-000002","name":"vault-000002","type":"Microsoft.KeyVault/vaults","location":"CentralUSEUAP","tags":{},"systemData":{"createdBy":"azureclilivetest@azuresdkteam.onmicrosoft.com","createdByType":"User","createdAt":"2023-03-13T10:15:27.545Z","lastModifiedBy":"azureclilivetest@azuresdkteam.onmicrosoft.com","lastModifiedByType":"User","lastModifiedAt":"2023-03-13T10:17:39.302Z"},"properties":{"sku":{"family":"A","name":"standard"},"tenantId":"54826b22-38d6-4fb2-bad9-b7b93a3e9c5a","accessPolicies":[{"tenantId":"54826b22-38d6-4fb2-bad9-b7b93a3e9c5a","objectId":"6b30bdc6-696a-46fb-82d7-739c2fb147b7","permissions":{"keys":["all"],"secrets":["all"],"certificates":["all"],"storage":["all"]}},{"tenantId":"54826b22-38d6-4fb2-bad9-b7b93a3e9c5a","objectId":"c25c7294-61f6-4f2e-beb8-135885162bfa","permissions":{"keys":["wrapKey","get","unwrapKey"]}}],"enabledForDeployment":false,"enableSoftDelete":true,"softDeleteRetentionInDays":7,"enablePurgeProtection":true,"vaultUri":"https://vault-000002.vault.azure.net/","provisioningState":"Succeeded","publicNetworkAccess":"Enabled"}}'
    headers:
      cache-control:
      - no-cache
      content-length:
      - '1206'
      content-type:
      - application/json; charset=utf-8
      date:
      - Mon, 13 Mar 2023 10:17:39 GMT
      expires:
      - '-1'
      pragma:
      - no-cache
      server:
      - Microsoft-IIS/10.0
      strict-transport-security:
      - max-age=31536000; includeSubDomains
      transfer-encoding:
      - chunked
      vary:
      - Accept-Encoding
      x-aspnet-version:
      - 4.0.30319
      x-content-type-options:
      - nosniff
      x-ms-keyvault-service-version:
      - 1.5.692.0
      x-ms-ratelimit-remaining-subscription-writes:
      - '1193'
    status:
      code: 200
      message: OK
- request:
    body: null
    headers:
      Accept:
      - '*/*'
      Accept-Encoding:
      - gzip, deflate
      CommandName:
      - role assignment create
      Connection:
      - keep-alive
      ParameterSetName:
      - --assignee --role --scope
      User-Agent:
      - python/3.10.10 (Linux-5.15.0-1033-azure-x86_64-with-glibc2.31) AZURECLI/2.46.0
        VSTS_7b238909-6802-4b65-b90d-184bca47f458_build_220_0
    method: GET
    uri: https://graph.microsoft.com/v1.0/servicePrincipals?$filter=servicePrincipalNames%2Fany%28c%3Ac%20eq%20%27c25c7294-61f6-4f2e-beb8-135885162bfa%27%29
  response:
    body:
      string: '{"@odata.context":"https://graph.microsoft.com/v1.0/$metadata#servicePrincipals","value":[]}'
    headers:
      cache-control:
      - no-cache
      content-length:
      - '92'
      content-type:
      - application/json;odata.metadata=minimal;odata.streaming=true;IEEE754Compatible=false;charset=utf-8
      date:
      - Mon, 13 Mar 2023 10:17:54 GMT
      odata-version:
      - '4.0'
      request-id:
      - 63c9f32e-8147-4a07-9e38-70213f2751eb
      strict-transport-security:
      - max-age=31536000
      transfer-encoding:
      - chunked
      vary:
      - Accept-Encoding
      x-ms-ags-diagnostic:
      - '{"ServerInfo":{"DataCenter":"East US","Slice":"E","Ring":"5","ScaleUnit":"002","RoleInstance":"BL02EPF00011433"}}'
      x-ms-resource-unit:
      - '1'
    status:
      code: 200
      message: OK
- request:
    body: '{"ids": ["c25c7294-61f6-4f2e-beb8-135885162bfa"], "types": ["user", "group",
      "servicePrincipal", "directoryObjectPartnerReference"]}'
    headers:
      Accept:
      - '*/*'
      Accept-Encoding:
      - gzip, deflate
      CommandName:
      - role assignment create
      Connection:
      - keep-alive
      Content-Length:
      - '132'
      Content-Type:
      - application/json
      ParameterSetName:
      - --assignee --role --scope
      User-Agent:
      - python/3.10.10 (Linux-5.15.0-1033-azure-x86_64-with-glibc2.31) AZURECLI/2.46.0
        VSTS_7b238909-6802-4b65-b90d-184bca47f458_build_220_0
    method: POST
    uri: https://graph.microsoft.com/v1.0/directoryObjects/getByIds
  response:
    body:
      string: '{"@odata.context":"https://graph.microsoft.com/v1.0/$metadata#directoryObjects","value":[{"@odata.type":"#microsoft.graph.servicePrincipal","id":"c25c7294-61f6-4f2e-beb8-135885162bfa","deletedDateTime":null,"accountEnabled":true,"alternativeNames":["isExplicit=False","/subscriptions/00000000-0000-0000-0000-000000000000/resourcegroups/clitest.rg000001/providers/Microsoft.Compute/diskEncryptionSets/des1-000007"],"appDisplayName":null,"appDescription":null,"appId":"22f84f51-b470-413c-b7dd-af305546ad8e","applicationTemplateId":null,"appOwnerOrganizationId":null,"appRoleAssignmentRequired":false,"createdDateTime":"2023-03-13T10:17:06Z","description":null,"disabledByMicrosoftStatus":null,"displayName":"des1-000007","homepage":null,"loginUrl":null,"logoutUrl":null,"notes":null,"notificationEmailAddresses":[],"preferredSingleSignOnMode":null,"preferredTokenSigningKeyThumbprint":null,"replyUrls":[],"servicePrincipalNames":["22f84f51-b470-413c-b7dd-af305546ad8e","https://identity.azure.net/VKlIQqIV9Da2aSLj9PifzKRAX5ko2vftZcNKpLLYLUY="],"servicePrincipalType":"ManagedIdentity","signInAudience":null,"tags":[],"tokenEncryptionKeyId":null,"info":null,"samlSingleSignOnSettings":null,"addIns":[],"appRoles":[],"keyCredentials":[{"customKeyIdentifier":"1D9202F6900A4A97452F19DD53B525383A11C08B","displayName":"CN=22f84f51-b470-413c-b7dd-af305546ad8e,
        DC=54826b22-38d6-4fb2-bad9-b7b93a3e9c5a","endDateTime":"2023-06-11T10:12:00Z","key":null,"keyId":"a56a2c09-2ba5-4598-8999-d8e8a91c2a7a","startDateTime":"2023-03-13T10:12:00Z","type":"AsymmetricX509Cert","usage":"Verify"}],"oauth2PermissionScopes":[],"passwordCredentials":[],"resourceSpecificApplicationPermissions":[],"verifiedPublisher":{"displayName":null,"verifiedPublisherId":null,"addedDateTime":null}}]}'
    headers:
      cache-control:
      - no-cache
      content-length:
      - '1763'
      content-type:
      - application/json;odata.metadata=minimal;odata.streaming=true;IEEE754Compatible=false;charset=utf-8
      date:
      - Mon, 13 Mar 2023 10:17:53 GMT
      location:
      - https://graph.microsoft.com
      odata-version:
      - '4.0'
      request-id:
      - 62b89d45-4ec3-4c32-84b8-b60e6c9a03d6
      strict-transport-security:
      - max-age=31536000
      transfer-encoding:
      - chunked
      vary:
      - Accept-Encoding
      x-ms-ags-diagnostic:
      - '{"ServerInfo":{"DataCenter":"East US","Slice":"E","Ring":"5","ScaleUnit":"002","RoleInstance":"BL02EPF00011432"}}'
      x-ms-resource-unit:
      - '3'
    status:
      code: 200
      message: OK
- request:
    body: null
    headers:
      Accept:
      - application/json
      Accept-Encoding:
      - gzip, deflate
      CommandName:
      - role assignment create
      Connection:
      - keep-alive
      ParameterSetName:
      - --assignee --role --scope
      User-Agent:
      - AZURECLI/2.46.0 azsdk-python-azure-mgmt-authorization/3.0.0 Python/3.10.10
        (Linux-5.15.0-1033-azure-x86_64-with-glibc2.31) VSTS_7b238909-6802-4b65-b90d-184bca47f458_build_220_0
    method: GET
    uri: https://management.azure.com/subscriptions/00000000-0000-0000-0000-000000000000/resourceGroups/clitest.rg000001/providers/Microsoft.KeyVault/vaults/vault-000002/providers/Microsoft.Authorization/roleDefinitions?$filter=roleName%20eq%20%27Reader%27&api-version=2022-04-01
  response:
    body:
      string: '{"value":[{"properties":{"roleName":"Reader","type":"BuiltInRole","description":"View
        all resources, but does not allow you to make any changes.","assignableScopes":["/"],"permissions":[{"actions":["*/read"],"notActions":[],"dataActions":[],"notDataActions":[]}],"createdOn":"2015-02-02T21:55:09.8806423Z","updatedOn":"2021-11-11T20:13:47.8628684Z","createdBy":null,"updatedBy":null},"id":"/subscriptions/00000000-0000-0000-0000-000000000000/providers/Microsoft.Authorization/roleDefinitions/acdd72a7-3385-48ef-bd42-f606fba81ae7","type":"Microsoft.Authorization/roleDefinitions","name":"acdd72a7-3385-48ef-bd42-f606fba81ae7"}]}'
    headers:
      cache-control:
      - no-cache
      content-length:
      - '627'
      content-type:
      - application/json; charset=utf-8
      date:
      - Mon, 13 Mar 2023 10:17:54 GMT
      expires:
      - '-1'
      pragma:
      - no-cache
      set-cookie:
      - x-ms-gateway-slice=Production; path=/; secure; samesite=none; httponly
      strict-transport-security:
      - max-age=31536000; includeSubDomains
      transfer-encoding:
      - chunked
      vary:
      - Accept-Encoding
      x-content-type-options:
      - nosniff
    status:
      code: 200
      message: OK
- request:
    body: '{"properties": {"roleDefinitionId": "/subscriptions/00000000-0000-0000-0000-000000000000/providers/Microsoft.Authorization/roleDefinitions/acdd72a7-3385-48ef-bd42-f606fba81ae7",
      "principalId": "c25c7294-61f6-4f2e-beb8-135885162bfa", "principalType": "ServicePrincipal"}}'
    headers:
      Accept:
      - application/json
      Accept-Encoding:
      - gzip, deflate
      CommandName:
      - role assignment create
      Connection:
      - keep-alive
      Content-Length:
      - '270'
      Content-Type:
      - application/json
      Cookie:
      - x-ms-gateway-slice=Production
      ParameterSetName:
      - --assignee --role --scope
      User-Agent:
      - AZURECLI/2.46.0 azsdk-python-azure-mgmt-authorization/3.0.0 Python/3.10.10
        (Linux-5.15.0-1033-azure-x86_64-with-glibc2.31) VSTS_7b238909-6802-4b65-b90d-184bca47f458_build_220_0
    method: PUT
    uri: https://management.azure.com/subscriptions/00000000-0000-0000-0000-000000000000/resourceGroups/clitest.rg000001/providers/Microsoft.KeyVault/vaults/vault-000002/providers/Microsoft.Authorization/roleAssignments/88888888-0000-0000-0000-000000000001?api-version=2022-04-01
  response:
    body:
      string: '{"properties":{"roleDefinitionId":"/subscriptions/00000000-0000-0000-0000-000000000000/providers/Microsoft.Authorization/roleDefinitions/acdd72a7-3385-48ef-bd42-f606fba81ae7","principalId":"c25c7294-61f6-4f2e-beb8-135885162bfa","principalType":"ServicePrincipal","scope":"/subscriptions/00000000-0000-0000-0000-000000000000/resourceGroups/clitest.rg000001/providers/Microsoft.KeyVault/vaults/vault-000002","condition":null,"conditionVersion":null,"createdOn":"2023-03-13T10:17:54.8569111Z","updatedOn":"2023-03-13T10:17:55.4459156Z","createdBy":null,"updatedBy":"6b30bdc6-696a-46fb-82d7-739c2fb147b7","delegatedManagedIdentityResourceId":null,"description":null},"id":"/subscriptions/00000000-0000-0000-0000-000000000000/resourceGroups/clitest.rg000001/providers/Microsoft.KeyVault/vaults/vault-000002/providers/Microsoft.Authorization/roleAssignments/88888888-0000-0000-0000-000000000001","type":"Microsoft.Authorization/roleAssignments","name":"88888888-0000-0000-0000-000000000001"}'
    headers:
      cache-control:
      - no-cache
      content-length:
      - '985'
      content-type:
      - application/json; charset=utf-8
      date:
      - Mon, 13 Mar 2023 10:17:57 GMT
      expires:
      - '-1'
      pragma:
      - no-cache
      strict-transport-security:
      - max-age=31536000; includeSubDomains
      x-content-type-options:
      - nosniff
      x-ms-ratelimit-remaining-subscription-writes:
      - '1197'
    status:
      code: 201
      message: Created
- request:
    body: null
    headers:
      Accept:
      - application/json
      Accept-Encoding:
      - gzip, deflate
      CommandName:
      - disk create
      Connection:
      - keep-alive
      ParameterSetName:
      - -g -n --image-reference --hyper-v-generation --security-type --disk-encryption-set
      User-Agent:
      - AZURECLI/2.46.0 azsdk-python-azure-mgmt-resource/22.0.0 Python/3.10.10 (Linux-5.15.0-1033-azure-x86_64-with-glibc2.31)
        VSTS_7b238909-6802-4b65-b90d-184bca47f458_build_220_0
    method: GET
    uri: https://management.azure.com/subscriptions/00000000-0000-0000-0000-000000000000/resourcegroups/clitest.rg000001?api-version=2022-09-01
  response:
    body:
      string: '{"id":"/subscriptions/00000000-0000-0000-0000-000000000000/resourceGroups/clitest.rg000001","name":"clitest.rg000001","type":"Microsoft.Resources/resourceGroups","location":"centraluseuap","tags":{"product":"azurecli","cause":"automation","date":"2023-03-13T10:15:24Z"},"properties":{"provisioningState":"Succeeded"}}'
    headers:
      cache-control:
      - no-cache
      content-length:
      - '317'
      content-type:
      - application/json; charset=utf-8
      date:
      - Mon, 13 Mar 2023 10:17:58 GMT
      expires:
      - '-1'
      pragma:
      - no-cache
      strict-transport-security:
      - max-age=31536000; includeSubDomains
      vary:
      - Accept-Encoding
      x-content-type-options:
      - nosniff
    status:
      code: 200
      message: OK
- request:
    body: null
    headers:
      Accept:
      - application/json
      Accept-Encoding:
      - gzip, deflate
      CommandName:
      - disk create
      Connection:
      - keep-alive
      ParameterSetName:
      - -g -n --image-reference --hyper-v-generation --security-type --disk-encryption-set
      User-Agent:
      - AZURECLI/2.46.0 azsdk-python-azure-mgmt-compute/29.1.0 Python/3.10.10 (Linux-5.15.0-1033-azure-x86_64-with-glibc2.31)
        VSTS_7b238909-6802-4b65-b90d-184bca47f458_build_220_0
    method: GET
    uri: https://management.azure.com/subscriptions/00000000-0000-0000-0000-000000000000/providers/Microsoft.Compute/locations/centraluseuap/publishers/MicrosoftWindowsServer/artifacttypes/vmimage/offers/WindowsServer/skus/2022-datacenter-smalldisk-g2/versions?$top=1&$orderby=name%20desc&api-version=2022-11-01
  response:
    body:
      string: "[\r\n  {\r\n    \"location\": \"CentralUSEUAP\",\r\n    \"name\": \"20348.1547.230207\",\r\n
        \   \"id\": \"/Subscriptions/00000000-0000-0000-0000-000000000000/Providers/Microsoft.Compute/Locations/CentralUSEUAP/Publishers/MicrosoftWindowsServer/ArtifactTypes/VMImage/Offers/WindowsServer/Skus/2022-datacenter-smalldisk-g2/Versions/20348.1547.230207\"\r\n
        \ }\r\n]"
    headers:
      cache-control:
      - no-cache
      content-length:
      - '337'
      content-type:
      - application/json; charset=utf-8
      date:
      - Mon, 13 Mar 2023 10:17:57 GMT
      expires:
      - '-1'
      pragma:
      - no-cache
      server:
      - Microsoft-HTTPAPI/2.0
      - Microsoft-HTTPAPI/2.0
      strict-transport-security:
      - max-age=31536000; includeSubDomains
      transfer-encoding:
      - chunked
      vary:
      - Accept-Encoding
      x-content-type-options:
      - nosniff
      x-ms-ratelimit-remaining-resource:
      - Microsoft.Compute/ListVMImagesVersionsFromLocation3Min;15999,Microsoft.Compute/ListVMImagesVersionsFromLocation30Min;43999
    status:
      code: 200
      message: OK
- request:
    body: null
    headers:
      Accept:
      - application/json
      Accept-Encoding:
      - gzip, deflate
      CommandName:
      - disk create
      Connection:
      - keep-alive
      ParameterSetName:
      - -g -n --image-reference --hyper-v-generation --security-type --disk-encryption-set
      User-Agent:
      - AZURECLI/2.46.0 azsdk-python-azure-mgmt-compute/29.1.0 Python/3.10.10 (Linux-5.15.0-1033-azure-x86_64-with-glibc2.31)
        VSTS_7b238909-6802-4b65-b90d-184bca47f458_build_220_0
    method: GET
    uri: https://management.azure.com/subscriptions/00000000-0000-0000-0000-000000000000/providers/Microsoft.Compute/locations/centraluseuap/publishers/MicrosoftWindowsServer/artifacttypes/vmimage/offers/WindowsServer/skus/2022-datacenter-smalldisk-g2/versions/20348.1547.230207?api-version=2022-11-01
  response:
    body:
      string: "{\r\n  \"properties\": {\r\n    \"hyperVGeneration\": \"V2\",\r\n    \"architecture\":
        \"x64\",\r\n    \"replicaType\": \"Managed\",\r\n    \"replicaCount\": 10,\r\n
        \   \"disallowed\": {\r\n      \"vmDiskType\": \"Unmanaged\"\r\n    },\r\n
        \   \"automaticOSUpgradeProperties\": {\r\n      \"automaticOSUpgradeSupported\":
        false\r\n    },\r\n    \"imageDeprecationStatus\": {\r\n      \"imageState\":
        \"Active\"\r\n    },\r\n    \"features\": [\r\n      {\r\n        \"name\":
        \"SecurityType\",\r\n        \"value\": \"TrustedLaunchAndConfidentialVmSupported\"\r\n
        \     },\r\n      {\r\n        \"name\": \"IsAcceleratedNetworkSupported\",\r\n
        \       \"value\": \"True\"\r\n      },\r\n      {\r\n        \"name\": \"DiskControllerTypes\",\r\n
        \       \"value\": \"SCSI, NVMe\"\r\n      },\r\n      {\r\n        \"name\":
        \"IsHibernateSupported\",\r\n        \"value\": \"True\"\r\n      }\r\n    ],\r\n
        \   \"osDiskImage\": {\r\n      \"operatingSystem\": \"Windows\",\r\n      \"sizeInGb\":
        30\r\n    },\r\n    \"dataDiskImages\": []\r\n  },\r\n  \"location\": \"CentralUSEUAP\",\r\n
        \ \"name\": \"20348.1547.230207\",\r\n  \"id\": \"/Subscriptions/00000000-0000-0000-0000-000000000000/Providers/Microsoft.Compute/Locations/CentralUSEUAP/Publishers/MicrosoftWindowsServer/ArtifactTypes/VMImage/Offers/WindowsServer/Skus/2022-datacenter-smalldisk-g2/Versions/20348.1547.230207\"\r\n}"
    headers:
      cache-control:
      - no-cache
      content-length:
      - '1207'
      content-type:
      - application/json; charset=utf-8
      date:
      - Mon, 13 Mar 2023 10:17:58 GMT
      expires:
      - '-1'
      pragma:
      - no-cache
      server:
      - Microsoft-HTTPAPI/2.0
      - Microsoft-HTTPAPI/2.0
      strict-transport-security:
      - max-age=31536000; includeSubDomains
      transfer-encoding:
      - chunked
      vary:
      - Accept-Encoding
      x-content-type-options:
      - nosniff
      x-ms-ratelimit-remaining-resource:
      - Microsoft.Compute/GetVMImageFromLocation3Min;12999,Microsoft.Compute/GetVMImageFromLocation30Min;73999
    status:
      code: 200
      message: OK
- request:
    body: '{"location": "centraluseuap", "tags": {}, "sku": {"name": "Premium_LRS"},
      "properties": {"hyperVGeneration": "V2", "creationData": {"createOption": "FromImage",
      "imageReference": {"id": "/Subscriptions/00000000-0000-0000-0000-000000000000/Providers/Microsoft.Compute/Locations/CentralUSEUAP/Publishers/MicrosoftWindowsServer/ArtifactTypes/VMImage/Offers/WindowsServer/Skus/2022-datacenter-smalldisk-g2/Versions/20348.1547.230207"}},
      "encryption": {"diskEncryptionSetId": "/subscriptions/00000000-0000-0000-0000-000000000000/resourceGroups/clitest.rg000001/providers/Microsoft.Compute/diskEncryptionSets/des1-000007"},
      "securityProfile": {"securityType": "ConfidentialVM_VMGuestStateOnlyEncryptedWithPlatformKey"}}}'
    headers:
      Accept:
      - application/json
      Accept-Encoding:
      - gzip, deflate
      CommandName:
      - disk create
      Connection:
      - keep-alive
      Content-Length:
      - '714'
      Content-Type:
      - application/json
      ParameterSetName:
      - -g -n --image-reference --hyper-v-generation --security-type --disk-encryption-set
      User-Agent:
      - AZURECLI/2.46.0 azsdk-python-azure-mgmt-compute/29.1.0 Python/3.10.10 (Linux-5.15.0-1033-azure-x86_64-with-glibc2.31)
        VSTS_7b238909-6802-4b65-b90d-184bca47f458_build_220_0
    method: PUT
    uri: https://management.azure.com/subscriptions/00000000-0000-0000-0000-000000000000/resourceGroups/clitest.rg000001/providers/Microsoft.Compute/disks/disk000005?api-version=2022-07-02
  response:
    body:
      string: "{\r\n  \"name\": \"disk000005\",\r\n  \"id\": \"/subscriptions/00000000-0000-0000-0000-000000000000/resourceGroups/clitest.rg000001/providers/Microsoft.Compute/disks/disk000005\",\r\n
        \ \"type\": \"Microsoft.Compute/disks\",\r\n  \"location\": \"centraluseuap\",\r\n
        \ \"tags\": {},\r\n  \"sku\": {\r\n    \"name\": \"Premium_LRS\"\r\n  },\r\n
        \ \"properties\": {\r\n    \"hyperVGeneration\": \"V2\",\r\n    \"creationData\":
        {\r\n      \"createOption\": \"FromImage\",\r\n      \"imageReference\": {\r\n
        \       \"id\": \"/Subscriptions/00000000-0000-0000-0000-000000000000/Providers/Microsoft.Compute/Locations/CentralUSEUAP/Publishers/MicrosoftWindowsServer/ArtifactTypes/VMImage/Offers/WindowsServer/Skus/2022-datacenter-smalldisk-g2/Versions/20348.1547.230207\"\r\n
        \     }\r\n    },\r\n    \"encryption\": {\r\n      \"diskEncryptionSetId\":
        \"/subscriptions/00000000-0000-0000-0000-000000000000/resourceGroups/clitest.rg000001/providers/Microsoft.Compute/diskEncryptionSets/des1-000007\"\r\n
        \   },\r\n    \"securityProfile\": {\r\n      \"securityType\": \"ConfidentialVM_VMGuestStateOnlyEncryptedWithPlatformKey\"\r\n
        \   },\r\n    \"provisioningState\": \"Updating\"\r\n  }\r\n}"
    headers:
      azure-asyncoperation:
      - https://management.azure.com/subscriptions/00000000-0000-0000-0000-000000000000/providers/Microsoft.Compute/locations/centraluseuap/DiskOperations/1d4ec055-3bbb-4615-b59a-9f78f23bd240?p=157f1a74-df5f-47b0-a815-476d8af3dce4&api-version=2022-07-02
      cache-control:
      - no-cache
      content-length:
      - '1073'
      content-type:
      - application/json; charset=utf-8
      date:
      - Mon, 13 Mar 2023 10:18:00 GMT
      expires:
      - '-1'
      location:
      - https://management.azure.com/subscriptions/00000000-0000-0000-0000-000000000000/providers/Microsoft.Compute/locations/centraluseuap/DiskOperations/1d4ec055-3bbb-4615-b59a-9f78f23bd240?p=157f1a74-df5f-47b0-a815-476d8af3dce4&monitor=true&api-version=2022-07-02
      pragma:
      - no-cache
      server:
      - Microsoft-HTTPAPI/2.0
      - Microsoft-HTTPAPI/2.0
      strict-transport-security:
      - max-age=31536000; includeSubDomains
      x-content-type-options:
      - nosniff
      x-ms-ratelimit-remaining-resource:
      - Microsoft.Compute/CreateUpdateDisks3Min;2999,Microsoft.Compute/CreateUpdateDisks30Min;24999
      x-ms-ratelimit-remaining-subscription-writes:
      - '1194'
    status:
      code: 202
      message: Accepted
- request:
    body: null
    headers:
      Accept:
      - '*/*'
      Accept-Encoding:
      - gzip, deflate
      CommandName:
      - disk create
      Connection:
      - keep-alive
      ParameterSetName:
      - -g -n --image-reference --hyper-v-generation --security-type --disk-encryption-set
      User-Agent:
      - AZURECLI/2.46.0 azsdk-python-azure-mgmt-compute/29.1.0 Python/3.10.10 (Linux-5.15.0-1033-azure-x86_64-with-glibc2.31)
        VSTS_7b238909-6802-4b65-b90d-184bca47f458_build_220_0
    method: GET
    uri: https://management.azure.com/subscriptions/00000000-0000-0000-0000-000000000000/providers/Microsoft.Compute/locations/centraluseuap/DiskOperations/1d4ec055-3bbb-4615-b59a-9f78f23bd240?p=157f1a74-df5f-47b0-a815-476d8af3dce4&api-version=2022-07-02
  response:
    body:
      string: "{\r\n  \"startTime\": \"2023-03-13T10:18:00.0714093+00:00\",\r\n  \"status\":
        \"InProgress\",\r\n  \"name\": \"1d4ec055-3bbb-4615-b59a-9f78f23bd240\"\r\n}"
    headers:
      cache-control:
      - no-cache
      content-length:
      - '134'
      content-type:
      - application/json; charset=utf-8
      date:
      - Mon, 13 Mar 2023 10:18:03 GMT
      expires:
      - '-1'
      pragma:
      - no-cache
      server:
      - Microsoft-HTTPAPI/2.0
      - Microsoft-HTTPAPI/2.0
      strict-transport-security:
      - max-age=31536000; includeSubDomains
      transfer-encoding:
      - chunked
      vary:
      - Accept-Encoding
      x-content-type-options:
      - nosniff
      x-ms-ratelimit-remaining-resource:
      - Microsoft.Compute/GetOperation3Min;49997,Microsoft.Compute/GetOperation30Min;399997
    status:
      code: 200
      message: OK
- request:
    body: null
    headers:
      Accept:
      - '*/*'
      Accept-Encoding:
      - gzip, deflate
      CommandName:
      - disk create
      Connection:
      - keep-alive
      ParameterSetName:
      - -g -n --image-reference --hyper-v-generation --security-type --disk-encryption-set
      User-Agent:
      - AZURECLI/2.46.0 azsdk-python-azure-mgmt-compute/29.1.0 Python/3.10.10 (Linux-5.15.0-1033-azure-x86_64-with-glibc2.31)
        VSTS_7b238909-6802-4b65-b90d-184bca47f458_build_220_0
    method: GET
    uri: https://management.azure.com/subscriptions/00000000-0000-0000-0000-000000000000/providers/Microsoft.Compute/locations/centraluseuap/DiskOperations/1d4ec055-3bbb-4615-b59a-9f78f23bd240?p=157f1a74-df5f-47b0-a815-476d8af3dce4&api-version=2022-07-02
  response:
    body:
      string: "{\r\n  \"startTime\": \"2023-03-13T10:18:00.0714093+00:00\",\r\n  \"endTime\":
        \"2023-03-13T10:18:08.3682762+00:00\",\r\n  \"status\": \"Succeeded\",\r\n
        \ \"properties\": {\r\n    \"output\": {\r\n  \"name\": \"disk000005\",\r\n
        \ \"id\": \"/subscriptions/00000000-0000-0000-0000-000000000000/resourceGroups/clitest.rg000001/providers/Microsoft.Compute/disks/disk000005\",\r\n
        \ \"type\": \"Microsoft.Compute/disks\",\r\n  \"location\": \"centraluseuap\",\r\n
        \ \"tags\": {},\r\n  \"sku\": {\r\n    \"name\": \"Premium_LRS\",\r\n    \"tier\":
        \"Premium\"\r\n  },\r\n  \"properties\": {\r\n    \"osType\": \"Windows\",\r\n
        \   \"hyperVGeneration\": \"V2\",\r\n    \"supportsHibernation\": true,\r\n
        \   \"supportedCapabilities\": {\r\n      \"diskControllerTypes\": \"SCSI,
        NVMe\",\r\n      \"acceleratedNetwork\": true,\r\n      \"architecture\":
        \"x64\"\r\n    },\r\n    \"creationData\": {\r\n      \"createOption\": \"FromImage\",\r\n
        \     \"imageReference\": {\r\n        \"id\": \"/Subscriptions/00000000-0000-0000-0000-000000000000/Providers/Microsoft.Compute/Locations/CentralUSEUAP/Publishers/MicrosoftWindowsServer/ArtifactTypes/VMImage/Offers/WindowsServer/Skus/2022-datacenter-smalldisk-g2/Versions/20348.1547.230207\"\r\n
        \     }\r\n    },\r\n    \"diskSizeGB\": 30,\r\n    \"diskIOPSReadWrite\":
        120,\r\n    \"diskMBpsReadWrite\": 25,\r\n    \"encryption\": {\r\n      \"type\":
        \"EncryptionAtRestWithCustomerKey\",\r\n      \"diskEncryptionSetId\": \"/subscriptions/00000000-0000-0000-0000-000000000000/resourceGroups/CLITEST.RGY5JPR/providers/Microsoft.Compute/diskEncryptionSets/des1-000007\"\r\n
        \   },\r\n    \"networkAccessPolicy\": \"AllowAll\",\r\n    \"securityProfile\":
        {\r\n      \"securityType\": \"ConfidentialVM_VMGuestStateOnlyEncryptedWithPlatformKey\"\r\n
        \   },\r\n    \"publicNetworkAccess\": \"Enabled\",\r\n    \"timeCreated\":
        \"2023-03-13T10:18:00.7588955+00:00\",\r\n    \"provisioningState\": \"Succeeded\",\r\n
        \   \"diskState\": \"Unattached\",\r\n    \"diskSizeBytes\": 32214351872,\r\n
        \   \"uniqueId\": \"11db50f5-0aa2-49df-8ade-551a21a41405\",\r\n    \"tier\":
        \"P4\"\r\n  }\r\n}\r\n  },\r\n  \"name\": \"1d4ec055-3bbb-4615-b59a-9f78f23bd240\"\r\n}"
    headers:
      cache-control:
      - no-cache
      content-length:
      - '1943'
      content-type:
      - application/json; charset=utf-8
      date:
      - Mon, 13 Mar 2023 10:18:13 GMT
      expires:
      - '-1'
      pragma:
      - no-cache
      server:
      - Microsoft-HTTPAPI/2.0
      - Microsoft-HTTPAPI/2.0
      strict-transport-security:
      - max-age=31536000; includeSubDomains
      transfer-encoding:
      - chunked
      vary:
      - Accept-Encoding
      x-content-type-options:
      - nosniff
      x-ms-ratelimit-remaining-resource:
      - Microsoft.Compute/GetOperation3Min;49995,Microsoft.Compute/GetOperation30Min;399995
    status:
      code: 200
      message: OK
- request:
    body: null
    headers:
      Accept:
      - '*/*'
      Accept-Encoding:
      - gzip, deflate
      CommandName:
      - disk create
      Connection:
      - keep-alive
      ParameterSetName:
      - -g -n --image-reference --hyper-v-generation --security-type --disk-encryption-set
      User-Agent:
      - AZURECLI/2.46.0 azsdk-python-azure-mgmt-compute/29.1.0 Python/3.10.10 (Linux-5.15.0-1033-azure-x86_64-with-glibc2.31)
        VSTS_7b238909-6802-4b65-b90d-184bca47f458_build_220_0
    method: GET
    uri: https://management.azure.com/subscriptions/00000000-0000-0000-0000-000000000000/resourceGroups/clitest.rg000001/providers/Microsoft.Compute/disks/disk000005?api-version=2022-07-02
  response:
    body:
      string: "{\r\n  \"name\": \"disk000005\",\r\n  \"id\": \"/subscriptions/00000000-0000-0000-0000-000000000000/resourceGroups/clitest.rg000001/providers/Microsoft.Compute/disks/disk000005\",\r\n
        \ \"type\": \"Microsoft.Compute/disks\",\r\n  \"location\": \"centraluseuap\",\r\n
        \ \"tags\": {},\r\n  \"sku\": {\r\n    \"name\": \"Premium_LRS\",\r\n    \"tier\":
        \"Premium\"\r\n  },\r\n  \"properties\": {\r\n    \"osType\": \"Windows\",\r\n
        \   \"hyperVGeneration\": \"V2\",\r\n    \"supportsHibernation\": true,\r\n
        \   \"supportedCapabilities\": {\r\n      \"diskControllerTypes\": \"SCSI,
        NVMe\",\r\n      \"acceleratedNetwork\": true,\r\n      \"architecture\":
        \"x64\"\r\n    },\r\n    \"creationData\": {\r\n      \"createOption\": \"FromImage\",\r\n
        \     \"imageReference\": {\r\n        \"id\": \"/Subscriptions/00000000-0000-0000-0000-000000000000/Providers/Microsoft.Compute/Locations/CentralUSEUAP/Publishers/MicrosoftWindowsServer/ArtifactTypes/VMImage/Offers/WindowsServer/Skus/2022-datacenter-smalldisk-g2/Versions/20348.1547.230207\"\r\n
        \     }\r\n    },\r\n    \"diskSizeGB\": 30,\r\n    \"diskIOPSReadWrite\":
        120,\r\n    \"diskMBpsReadWrite\": 25,\r\n    \"encryption\": {\r\n      \"type\":
        \"EncryptionAtRestWithCustomerKey\",\r\n      \"diskEncryptionSetId\": \"/subscriptions/00000000-0000-0000-0000-000000000000/resourceGroups/CLITEST.RGY5JPR/providers/Microsoft.Compute/diskEncryptionSets/des1-000007\"\r\n
        \   },\r\n    \"networkAccessPolicy\": \"AllowAll\",\r\n    \"securityProfile\":
        {\r\n      \"securityType\": \"ConfidentialVM_VMGuestStateOnlyEncryptedWithPlatformKey\"\r\n
        \   },\r\n    \"publicNetworkAccess\": \"Enabled\",\r\n    \"timeCreated\":
        \"2023-03-13T10:18:00.7588955+00:00\",\r\n    \"provisioningState\": \"Succeeded\",\r\n
        \   \"diskState\": \"Unattached\",\r\n    \"diskSizeBytes\": 32214351872,\r\n
        \   \"uniqueId\": \"11db50f5-0aa2-49df-8ade-551a21a41405\",\r\n    \"tier\":
        \"P4\"\r\n  }\r\n}"
    headers:
      cache-control:
      - no-cache
      content-length:
      - '1718'
      content-type:
      - application/json; charset=utf-8
      date:
      - Mon, 13 Mar 2023 10:18:13 GMT
      expires:
      - '-1'
      pragma:
      - no-cache
      server:
      - Microsoft-HTTPAPI/2.0
      - Microsoft-HTTPAPI/2.0
      strict-transport-security:
      - max-age=31536000; includeSubDomains
      transfer-encoding:
      - chunked
      vary:
      - Accept-Encoding
      x-content-type-options:
      - nosniff
      x-ms-ratelimit-remaining-resource:
      - Microsoft.Compute/LowCostGet3Min;14995,Microsoft.Compute/LowCostGet30Min;119995
    status:
      code: 200
      message: OK
- request:
    body: null
    headers:
      Accept:
      - application/json
      Accept-Encoding:
      - gzip, deflate
      CommandName:
      - snapshot create
      Connection:
      - keep-alive
      ParameterSetName:
      - -g -n --source
      User-Agent:
      - AZURECLI/2.46.0 azsdk-python-azure-mgmt-compute/29.1.0 Python/3.10.10 (Linux-5.15.0-1033-azure-x86_64-with-glibc2.31)
        VSTS_7b238909-6802-4b65-b90d-184bca47f458_build_220_0
    method: GET
    uri: https://management.azure.com/subscriptions/00000000-0000-0000-0000-000000000000/resourceGroups/clitest.rg000001/providers/Microsoft.Compute/snapshots/disk000005?api-version=2022-03-02
  response:
    body:
      string: '{"error":{"code":"ResourceNotFound","message":"The Resource ''Microsoft.Compute/snapshots/disk000005''
        under resource group ''clitest.rg000001'' was not found. For more details
        please go to https://aka.ms/ARMResourceNotFoundFix"}}'
    headers:
      cache-control:
      - no-cache
      content-length:
      - '226'
      content-type:
      - application/json; charset=utf-8
      date:
      - Mon, 13 Mar 2023 10:18:13 GMT
      expires:
      - '-1'
      pragma:
      - no-cache
      strict-transport-security:
      - max-age=31536000; includeSubDomains
      x-content-type-options:
      - nosniff
      x-ms-failure-cause:
      - gateway
    status:
      code: 404
      message: Not Found
- request:
    body: null
    headers:
      Accept:
      - application/json
      Accept-Encoding:
      - gzip, deflate
      CommandName:
      - snapshot create
      Connection:
      - keep-alive
      ParameterSetName:
      - -g -n --source
      User-Agent:
      - AZURECLI/2.46.0 azsdk-python-azure-mgmt-compute/29.1.0 Python/3.10.10 (Linux-5.15.0-1033-azure-x86_64-with-glibc2.31)
        VSTS_7b238909-6802-4b65-b90d-184bca47f458_build_220_0
    method: GET
    uri: https://management.azure.com/subscriptions/00000000-0000-0000-0000-000000000000/resourceGroups/clitest.rg000001/providers/Microsoft.Compute/disks/disk000005?api-version=2022-07-02
  response:
    body:
      string: "{\r\n  \"name\": \"disk000005\",\r\n  \"id\": \"/subscriptions/00000000-0000-0000-0000-000000000000/resourceGroups/clitest.rg000001/providers/Microsoft.Compute/disks/disk000005\",\r\n
        \ \"type\": \"Microsoft.Compute/disks\",\r\n  \"location\": \"centraluseuap\",\r\n
        \ \"tags\": {},\r\n  \"sku\": {\r\n    \"name\": \"Premium_LRS\",\r\n    \"tier\":
        \"Premium\"\r\n  },\r\n  \"properties\": {\r\n    \"osType\": \"Windows\",\r\n
        \   \"hyperVGeneration\": \"V2\",\r\n    \"supportsHibernation\": true,\r\n
        \   \"supportedCapabilities\": {\r\n      \"diskControllerTypes\": \"SCSI,
        NVMe\",\r\n      \"acceleratedNetwork\": true,\r\n      \"architecture\":
        \"x64\"\r\n    },\r\n    \"creationData\": {\r\n      \"createOption\": \"FromImage\",\r\n
        \     \"imageReference\": {\r\n        \"id\": \"/Subscriptions/00000000-0000-0000-0000-000000000000/Providers/Microsoft.Compute/Locations/CentralUSEUAP/Publishers/MicrosoftWindowsServer/ArtifactTypes/VMImage/Offers/WindowsServer/Skus/2022-datacenter-smalldisk-g2/Versions/20348.1547.230207\"\r\n
        \     }\r\n    },\r\n    \"diskSizeGB\": 30,\r\n    \"diskIOPSReadWrite\":
        120,\r\n    \"diskMBpsReadWrite\": 25,\r\n    \"encryption\": {\r\n      \"type\":
        \"EncryptionAtRestWithCustomerKey\",\r\n      \"diskEncryptionSetId\": \"/subscriptions/00000000-0000-0000-0000-000000000000/resourceGroups/CLITEST.RGY5JPR/providers/Microsoft.Compute/diskEncryptionSets/des1-000007\"\r\n
        \   },\r\n    \"networkAccessPolicy\": \"AllowAll\",\r\n    \"securityProfile\":
        {\r\n      \"securityType\": \"ConfidentialVM_VMGuestStateOnlyEncryptedWithPlatformKey\"\r\n
        \   },\r\n    \"publicNetworkAccess\": \"Enabled\",\r\n    \"timeCreated\":
        \"2023-03-13T10:18:00.7588955+00:00\",\r\n    \"provisioningState\": \"Succeeded\",\r\n
        \   \"diskState\": \"Unattached\",\r\n    \"diskSizeBytes\": 32214351872,\r\n
        \   \"uniqueId\": \"11db50f5-0aa2-49df-8ade-551a21a41405\",\r\n    \"tier\":
        \"P4\"\r\n  }\r\n}"
    headers:
      cache-control:
      - no-cache
      content-length:
      - '1718'
      content-type:
      - application/json; charset=utf-8
      date:
      - Mon, 13 Mar 2023 10:18:13 GMT
      expires:
      - '-1'
      pragma:
      - no-cache
      server:
      - Microsoft-HTTPAPI/2.0
      - Microsoft-HTTPAPI/2.0
      strict-transport-security:
      - max-age=31536000; includeSubDomains
      transfer-encoding:
      - chunked
      vary:
      - Accept-Encoding
      x-content-type-options:
      - nosniff
      x-ms-ratelimit-remaining-resource:
      - Microsoft.Compute/LowCostGet3Min;14994,Microsoft.Compute/LowCostGet30Min;119994
    status:
      code: 200
      message: OK
- request:
    body: null
    headers:
      Accept:
      - application/json
      Accept-Encoding:
      - gzip, deflate
      CommandName:
      - snapshot create
      Connection:
      - keep-alive
      ParameterSetName:
      - -g -n --source
      User-Agent:
      - AZURECLI/2.46.0 azsdk-python-azure-mgmt-resource/22.0.0 Python/3.10.10 (Linux-5.15.0-1033-azure-x86_64-with-glibc2.31)
        VSTS_7b238909-6802-4b65-b90d-184bca47f458_build_220_0
    method: GET
    uri: https://management.azure.com/subscriptions/00000000-0000-0000-0000-000000000000/resourcegroups/clitest.rg000001?api-version=2022-09-01
  response:
    body:
      string: '{"id":"/subscriptions/00000000-0000-0000-0000-000000000000/resourceGroups/clitest.rg000001","name":"clitest.rg000001","type":"Microsoft.Resources/resourceGroups","location":"centraluseuap","tags":{"product":"azurecli","cause":"automation","date":"2023-03-13T10:15:24Z"},"properties":{"provisioningState":"Succeeded"}}'
    headers:
      cache-control:
      - no-cache
      content-length:
      - '317'
      content-type:
      - application/json; charset=utf-8
      date:
      - Mon, 13 Mar 2023 10:18:13 GMT
      expires:
      - '-1'
      pragma:
      - no-cache
      strict-transport-security:
      - max-age=31536000; includeSubDomains
      vary:
      - Accept-Encoding
      x-content-type-options:
      - nosniff
    status:
      code: 200
      message: OK
- request:
    body: '{"location": "centraluseuap", "tags": {}, "sku": {"name": "Standard_LRS"},
      "properties": {"hyperVGeneration": "V1", "creationData": {"createOption": "Copy",
      "sourceResourceId": "/subscriptions/00000000-0000-0000-0000-000000000000/resourceGroups/clitest.rg000001/providers/Microsoft.Compute/disks/disk000005"}}}'
    headers:
      Accept:
      - application/json
      Accept-Encoding:
      - gzip, deflate
      CommandName:
      - snapshot create
      Connection:
      - keep-alive
      Content-Length:
      - '310'
      Content-Type:
      - application/json
      ParameterSetName:
      - -g -n --source
      User-Agent:
      - AZURECLI/2.46.0 azsdk-python-azure-mgmt-compute/29.1.0 Python/3.10.10 (Linux-5.15.0-1033-azure-x86_64-with-glibc2.31)
        VSTS_7b238909-6802-4b65-b90d-184bca47f458_build_220_0
    method: PUT
    uri: https://management.azure.com/subscriptions/00000000-0000-0000-0000-000000000000/resourceGroups/clitest.rg000001/providers/Microsoft.Compute/snapshots/snp000006?api-version=2022-03-02
  response:
    body:
      string: "{\r\n  \"name\": \"snp000006\",\r\n  \"id\": \"/subscriptions/00000000-0000-0000-0000-000000000000/resourceGroups/clitest.rg000001/providers/Microsoft.Compute/snapshots/snp000006\",\r\n
        \ \"type\": \"Microsoft.Compute/snapshots\",\r\n  \"location\": \"centraluseuap\",\r\n
        \ \"tags\": {},\r\n  \"sku\": {\r\n    \"name\": \"Standard_LRS\"\r\n  },\r\n
        \ \"properties\": {\r\n    \"hyperVGeneration\": \"V1\",\r\n    \"creationData\":
        {\r\n      \"createOption\": \"Copy\",\r\n      \"sourceResourceId\": \"/subscriptions/00000000-0000-0000-0000-000000000000/resourceGroups/clitest.rg000001/providers/Microsoft.Compute/disks/disk000005\"\r\n
        \   },\r\n    \"provisioningState\": \"Updating\"\r\n  }\r\n}"
    headers:
      azure-asyncoperation:
      - https://management.azure.com/subscriptions/00000000-0000-0000-0000-000000000000/providers/Microsoft.Compute/locations/centraluseuap/DiskOperations/d7b9d534-1eb0-4008-b79d-fc3ea4f02cfc?p=157f1a74-df5f-47b0-a815-476d8af3dce4&api-version=2022-03-02
      cache-control:
      - no-cache
      content-length:
      - '619'
      content-type:
      - application/json; charset=utf-8
      date:
      - Mon, 13 Mar 2023 10:18:15 GMT
      expires:
      - '-1'
      location:
      - https://management.azure.com/subscriptions/00000000-0000-0000-0000-000000000000/providers/Microsoft.Compute/locations/centraluseuap/DiskOperations/d7b9d534-1eb0-4008-b79d-fc3ea4f02cfc?p=157f1a74-df5f-47b0-a815-476d8af3dce4&monitor=true&api-version=2022-03-02
      pragma:
      - no-cache
      server:
      - Microsoft-HTTPAPI/2.0
      - Microsoft-HTTPAPI/2.0
      strict-transport-security:
      - max-age=31536000; includeSubDomains
      x-content-type-options:
      - nosniff
      x-ms-ratelimit-remaining-resource:
      - Microsoft.Compute/HighCostSnapshotCreateHydrate3Min;999,Microsoft.Compute/HighCostSnapshotCreateHydrate30Min;7999
      x-ms-ratelimit-remaining-subscription-writes:
      - '1198'
    status:
      code: 202
      message: Accepted
- request:
    body: null
    headers:
      Accept:
      - '*/*'
      Accept-Encoding:
      - gzip, deflate
      CommandName:
      - snapshot create
      Connection:
      - keep-alive
      ParameterSetName:
      - -g -n --source
      User-Agent:
      - AZURECLI/2.46.0 azsdk-python-azure-mgmt-compute/29.1.0 Python/3.10.10 (Linux-5.15.0-1033-azure-x86_64-with-glibc2.31)
        VSTS_7b238909-6802-4b65-b90d-184bca47f458_build_220_0
    method: GET
    uri: https://management.azure.com/subscriptions/00000000-0000-0000-0000-000000000000/providers/Microsoft.Compute/locations/centraluseuap/DiskOperations/d7b9d534-1eb0-4008-b79d-fc3ea4f02cfc?p=157f1a74-df5f-47b0-a815-476d8af3dce4&api-version=2022-03-02
  response:
    body:
      string: "{\r\n  \"startTime\": \"2023-03-13T10:18:15.3059809+00:00\",\r\n  \"status\":
        \"InProgress\",\r\n  \"name\": \"d7b9d534-1eb0-4008-b79d-fc3ea4f02cfc\"\r\n}"
    headers:
      cache-control:
      - no-cache
      content-length:
      - '134'
      content-type:
      - application/json; charset=utf-8
      date:
      - Mon, 13 Mar 2023 10:18:17 GMT
      expires:
      - '-1'
      pragma:
      - no-cache
      server:
      - Microsoft-HTTPAPI/2.0
      - Microsoft-HTTPAPI/2.0
      strict-transport-security:
      - max-age=31536000; includeSubDomains
      transfer-encoding:
      - chunked
      vary:
      - Accept-Encoding
      x-content-type-options:
      - nosniff
      x-ms-ratelimit-remaining-resource:
      - Microsoft.Compute/GetOperation3Min;49994,Microsoft.Compute/GetOperation30Min;399994
    status:
      code: 200
      message: OK
- request:
    body: null
    headers:
      Accept:
      - '*/*'
      Accept-Encoding:
      - gzip, deflate
      CommandName:
      - snapshot create
      Connection:
      - keep-alive
      ParameterSetName:
      - -g -n --source
      User-Agent:
      - AZURECLI/2.46.0 azsdk-python-azure-mgmt-compute/29.1.0 Python/3.10.10 (Linux-5.15.0-1033-azure-x86_64-with-glibc2.31)
        VSTS_7b238909-6802-4b65-b90d-184bca47f458_build_220_0
    method: GET
    uri: https://management.azure.com/subscriptions/00000000-0000-0000-0000-000000000000/providers/Microsoft.Compute/locations/centraluseuap/DiskOperations/d7b9d534-1eb0-4008-b79d-fc3ea4f02cfc?p=157f1a74-df5f-47b0-a815-476d8af3dce4&api-version=2022-03-02
  response:
    body:
      string: "{\r\n  \"startTime\": \"2023-03-13T10:18:15.3059809+00:00\",\r\n  \"status\":
        \"InProgress\",\r\n  \"name\": \"d7b9d534-1eb0-4008-b79d-fc3ea4f02cfc\"\r\n}"
    headers:
      cache-control:
      - no-cache
      content-length:
      - '134'
      content-type:
      - application/json; charset=utf-8
      date:
      - Mon, 13 Mar 2023 10:18:27 GMT
      expires:
      - '-1'
      pragma:
      - no-cache
      server:
      - Microsoft-HTTPAPI/2.0
      - Microsoft-HTTPAPI/2.0
      strict-transport-security:
      - max-age=31536000; includeSubDomains
      transfer-encoding:
      - chunked
      vary:
      - Accept-Encoding
      x-content-type-options:
      - nosniff
      x-ms-ratelimit-remaining-resource:
      - Microsoft.Compute/GetOperation3Min;49991,Microsoft.Compute/GetOperation30Min;399991
    status:
      code: 200
      message: OK
- request:
    body: null
    headers:
      Accept:
      - '*/*'
      Accept-Encoding:
      - gzip, deflate
      CommandName:
      - snapshot create
      Connection:
      - keep-alive
      ParameterSetName:
      - -g -n --source
      User-Agent:
      - AZURECLI/2.46.0 azsdk-python-azure-mgmt-compute/29.1.0 Python/3.10.10 (Linux-5.15.0-1033-azure-x86_64-with-glibc2.31)
        VSTS_7b238909-6802-4b65-b90d-184bca47f458_build_220_0
    method: GET
    uri: https://management.azure.com/subscriptions/00000000-0000-0000-0000-000000000000/providers/Microsoft.Compute/locations/centraluseuap/DiskOperations/d7b9d534-1eb0-4008-b79d-fc3ea4f02cfc?p=157f1a74-df5f-47b0-a815-476d8af3dce4&api-version=2022-03-02
  response:
    body:
      string: "{\r\n  \"startTime\": \"2023-03-13T10:18:15.3059809+00:00\",\r\n  \"endTime\":
        \"2023-03-13T10:18:32.8688935+00:00\",\r\n  \"status\": \"Succeeded\",\r\n
        \ \"properties\": {\r\n    \"output\": {\"name\":\"snp000006\",\"id\":\"/subscriptions/00000000-0000-0000-0000-000000000000/resourceGroups/clitest.rg000001/providers/Microsoft.Compute/snapshots/snp000006\",\"type\":\"Microsoft.Compute/snapshots\",\"location\":\"centraluseuap\",\"tags\":{},\"sku\":{\"name\":\"Standard_LRS\",\"tier\":\"Standard\"},\"properties\":{\"osType\":\"Windows\",\"hyperVGeneration\":\"V1\",\"supportsHibernation\":true,\"supportedCapabilities\":{\"diskControllerTypes\":\"SCSI,
        NVMe\",\"acceleratedNetwork\":true,\"architecture\":\"x64\"},\"creationData\":{\"createOption\":\"Copy\",\"sourceResourceId\":\"/subscriptions/00000000-0000-0000-0000-000000000000/resourceGroups/clitest.rg000001/providers/Microsoft.Compute/disks/disk000005\",\"sourceUniqueId\":\"11db50f5-0aa2-49df-8ade-551a21a41405\"},\"diskSizeGB\":30,\"encryption\":{\"type\":\"EncryptionAtRestWithCustomerKey\",\"diskEncryptionSetId\":\"/subscriptions/00000000-0000-0000-0000-000000000000/resourceGroups/CLITEST.RGY5JPR/providers/Microsoft.Compute/diskEncryptionSets/des1-000007\"},\"incremental\":false,\"networkAccessPolicy\":\"AllowAll\",\"securityProfile\":{\"securityType\":\"ConfidentialVM_VMGuestStateOnlyEncryptedWithPlatformKey\"},\"publicNetworkAccess\":\"Enabled\",\"timeCreated\":\"2023-03-13T10:18:15.352831+00:00\",\"provisioningState\":\"Succeeded\",\"diskState\":\"Unattached\",\"diskSizeBytes\":32214351872,\"uniqueId\":\"6b63f493-492e-4e09-86f4-372df35f809c\"}}\r\n
        \ },\r\n  \"name\": \"d7b9d534-1eb0-4008-b79d-fc3ea4f02cfc\"\r\n}"
    headers:
      cache-control:
      - no-cache
      content-length:
      - '1544'
      content-type:
      - application/json; charset=utf-8
      date:
      - Mon, 13 Mar 2023 10:18:57 GMT
      expires:
      - '-1'
      pragma:
      - no-cache
      server:
      - Microsoft-HTTPAPI/2.0
      - Microsoft-HTTPAPI/2.0
      strict-transport-security:
      - max-age=31536000; includeSubDomains
      transfer-encoding:
      - chunked
      vary:
      - Accept-Encoding
      x-content-type-options:
      - nosniff
      x-ms-ratelimit-remaining-resource:
      - Microsoft.Compute/GetOperation3Min;49989,Microsoft.Compute/GetOperation30Min;399989
    status:
      code: 200
      message: OK
- request:
    body: null
    headers:
      Accept:
      - '*/*'
      Accept-Encoding:
      - gzip, deflate
      CommandName:
      - snapshot create
      Connection:
      - keep-alive
      ParameterSetName:
      - -g -n --source
      User-Agent:
      - AZURECLI/2.46.0 azsdk-python-azure-mgmt-compute/29.1.0 Python/3.10.10 (Linux-5.15.0-1033-azure-x86_64-with-glibc2.31)
        VSTS_7b238909-6802-4b65-b90d-184bca47f458_build_220_0
    method: GET
    uri: https://management.azure.com/subscriptions/00000000-0000-0000-0000-000000000000/resourceGroups/clitest.rg000001/providers/Microsoft.Compute/snapshots/snp000006?api-version=2022-03-02
  response:
    body:
      string: "{\r\n  \"name\": \"snp000006\",\r\n  \"id\": \"/subscriptions/00000000-0000-0000-0000-000000000000/resourceGroups/clitest.rg000001/providers/Microsoft.Compute/snapshots/snp000006\",\r\n
        \ \"type\": \"Microsoft.Compute/snapshots\",\r\n  \"location\": \"centraluseuap\",\r\n
        \ \"tags\": {},\r\n  \"sku\": {\r\n    \"name\": \"Standard_LRS\",\r\n    \"tier\":
        \"Standard\"\r\n  },\r\n  \"properties\": {\r\n    \"osType\": \"Windows\",\r\n
        \   \"hyperVGeneration\": \"V1\",\r\n    \"supportsHibernation\": true,\r\n
        \   \"supportedCapabilities\": {\r\n      \"diskControllerTypes\": \"SCSI,
        NVMe\",\r\n      \"acceleratedNetwork\": true,\r\n      \"architecture\":
        \"x64\"\r\n    },\r\n    \"creationData\": {\r\n      \"createOption\": \"Copy\",\r\n
        \     \"sourceResourceId\": \"/subscriptions/00000000-0000-0000-0000-000000000000/resourceGroups/clitest.rg000001/providers/Microsoft.Compute/disks/disk000005\",\r\n
        \     \"sourceUniqueId\": \"11db50f5-0aa2-49df-8ade-551a21a41405\"\r\n    },\r\n
        \   \"diskSizeGB\": 30,\r\n    \"encryption\": {\r\n      \"type\": \"EncryptionAtRestWithCustomerKey\",\r\n
        \     \"diskEncryptionSetId\": \"/subscriptions/00000000-0000-0000-0000-000000000000/resourceGroups/CLITEST.RGY5JPR/providers/Microsoft.Compute/diskEncryptionSets/des1-000007\"\r\n
        \   },\r\n    \"incremental\": false,\r\n    \"networkAccessPolicy\": \"AllowAll\",\r\n
        \   \"securityProfile\": {\r\n      \"securityType\": \"ConfidentialVM_VMGuestStateOnlyEncryptedWithPlatformKey\"\r\n
        \   },\r\n    \"publicNetworkAccess\": \"Enabled\",\r\n    \"timeCreated\":
        \"2023-03-13T10:18:15.352831+00:00\",\r\n    \"provisioningState\": \"Succeeded\",\r\n
        \   \"diskState\": \"Unattached\",\r\n    \"diskSizeBytes\": 32214351872,\r\n
        \   \"uniqueId\": \"6b63f493-492e-4e09-86f4-372df35f809c\"\r\n  }\r\n}"
    headers:
      cache-control:
      - no-cache
      content-length:
      - '1595'
      content-type:
      - application/json; charset=utf-8
      date:
      - Mon, 13 Mar 2023 10:18:57 GMT
      expires:
      - '-1'
      pragma:
      - no-cache
      server:
      - Microsoft-HTTPAPI/2.0
      - Microsoft-HTTPAPI/2.0
      strict-transport-security:
      - max-age=31536000; includeSubDomains
      transfer-encoding:
      - chunked
      vary:
      - Accept-Encoding
      x-content-type-options:
      - nosniff
      x-ms-ratelimit-remaining-resource:
      - Microsoft.Compute/LowCostGet3Min;14989,Microsoft.Compute/LowCostGet30Min;119989
    status:
      code: 200
      message: OK
- request:
    body: null
    headers:
      Accept:
      - application/json
      Accept-Encoding:
      - gzip, deflate
      CommandName:
      - sig image-version create
      Connection:
      - keep-alive
      ParameterSetName:
      - -g --gallery-name --gallery-image-definition --gallery-image-version --target-regions
        --target-region-encryption --target-region-cvm-encryption --os-snapshot --replica-count
      User-Agent:
      - AZURECLI/2.46.0 azsdk-python-azure-mgmt-resource/22.0.0 Python/3.10.10 (Linux-5.15.0-1033-azure-x86_64-with-glibc2.31)
        VSTS_7b238909-6802-4b65-b90d-184bca47f458_build_220_0
    method: GET
    uri: https://management.azure.com/subscriptions/00000000-0000-0000-0000-000000000000/resourcegroups/clitest.rg000001?api-version=2022-09-01
  response:
    body:
      string: '{"id":"/subscriptions/00000000-0000-0000-0000-000000000000/resourceGroups/clitest.rg000001","name":"clitest.rg000001","type":"Microsoft.Resources/resourceGroups","location":"centraluseuap","tags":{"product":"azurecli","cause":"automation","date":"2023-03-13T10:15:24Z"},"properties":{"provisioningState":"Succeeded"}}'
    headers:
      cache-control:
      - no-cache
      content-length:
      - '317'
      content-type:
      - application/json; charset=utf-8
      date:
      - Mon, 13 Mar 2023 10:18:57 GMT
      expires:
      - '-1'
      pragma:
      - no-cache
      strict-transport-security:
      - max-age=31536000; includeSubDomains
      vary:
      - Accept-Encoding
      x-content-type-options:
      - nosniff
    status:
      code: 200
      message: OK
- request:
    body: '{"location": "centraluseuap", "tags": {}, "properties": {"publishingProfile":
      {"targetRegions": [{"name": "CentralUSEUAP", "regionalReplicaCount": 1, "encryption":
      {"osDiskImage": {"diskEncryptionSetId": "/subscriptions/00000000-0000-0000-0000-000000000000/resourceGroups/clitest.rg000001/providers/Microsoft.Compute/diskEncryptionSets/des1-000007",
      "securityProfile": {"confidentialVMEncryptionType": "EncryptedVMGuestStateOnlyWithPmk"}},
      "dataDiskImages": [{"diskEncryptionSetId": "/subscriptions/00000000-0000-0000-0000-000000000000/resourceGroups/clitest.rg000001/providers/Microsoft.Compute/diskEncryptionSets/des1-000007",
      "lun": 0}]}}], "replicaCount": 1}, "storageProfile": {"osDiskImage": {"source":
      {"id": "/subscriptions/00000000-0000-0000-0000-000000000000/resourceGroups/clitest.rg000001/providers/Microsoft.Compute/snapshots/snp000006"}}}}}'
    headers:
      Accept:
      - application/json
      Accept-Encoding:
      - gzip, deflate
      CommandName:
      - sig image-version create
      Connection:
      - keep-alive
      Content-Length:
      - '854'
      Content-Type:
      - application/json
      ParameterSetName:
      - -g --gallery-name --gallery-image-definition --gallery-image-version --target-regions
        --target-region-encryption --target-region-cvm-encryption --os-snapshot --replica-count
      User-Agent:
      - AZURECLI/2.46.0 azsdk-python-azure-mgmt-compute/29.1.0 Python/3.10.10 (Linux-5.15.0-1033-azure-x86_64-with-glibc2.31)
        VSTS_7b238909-6802-4b65-b90d-184bca47f458_build_220_0
    method: PUT
    uri: https://management.azure.com/subscriptions/00000000-0000-0000-0000-000000000000/resourceGroups/clitest.rg000001/providers/Microsoft.Compute/galleries/gallery_000003/images/image1/versions/1.1.1?api-version=2022-03-03
  response:
    body:
      string: "{\r\n  \"name\": \"1.1.1\",\r\n  \"id\": \"/subscriptions/00000000-0000-0000-0000-000000000000/resourceGroups/clitest.rg000001/providers/Microsoft.Compute/galleries/gallery_000003/images/image1/versions/1.1.1\",\r\n
        \ \"type\": \"Microsoft.Compute/galleries/images/versions\",\r\n  \"location\":
        \"centraluseuap\",\r\n  \"tags\": {},\r\n  \"properties\": {\r\n    \"publishingProfile\":
        {\r\n      \"targetRegions\": [\r\n        {\r\n          \"name\": \"Central
        US EUAP\",\r\n          \"regionalReplicaCount\": 1,\r\n          \"storageAccountType\":
        \"Standard_LRS\",\r\n          \"encryption\": {\r\n            \"osDiskImage\":
        {\r\n              \"securityProfile\": {\r\n                \"confidentialVMEncryptionType\":
        \"EncryptedVMGuestStateOnlyWithPmk\"\r\n              },\r\n              \"diskEncryptionSetId\":
        \"/subscriptions/00000000-0000-0000-0000-000000000000/resourceGroups/clitest.rg000001/providers/Microsoft.Compute/diskEncryptionSets/des1-000007\"\r\n
        \           },\r\n            \"dataDiskImages\": [\r\n              {\r\n
        \               \"lun\": 0,\r\n                \"diskEncryptionSetId\": \"/subscriptions/00000000-0000-0000-0000-000000000000/resourceGroups/clitest.rg000001/providers/Microsoft.Compute/diskEncryptionSets/des1-000007\"\r\n
        \             }\r\n            ]\r\n          }\r\n        }\r\n      ],\r\n
        \     \"replicaCount\": 1,\r\n      \"excludeFromLatest\": false,\r\n      \"publishedDate\":
        \"2023-03-13T10:18:59.0343447+00:00\",\r\n      \"storageAccountType\": \"Standard_LRS\"\r\n
        \   },\r\n    \"storageProfile\": {\r\n      \"osDiskImage\": {\r\n        \"hostCaching\":
        \"ReadWrite\",\r\n        \"source\": {\r\n          \"id\": \"/subscriptions/00000000-0000-0000-0000-000000000000/resourceGroups/clitest.rg000001/providers/Microsoft.Compute/snapshots/snp000006\"\r\n
        \       }\r\n      }\r\n    },\r\n    \"safetyProfile\": {\r\n      \"reportedForPolicyViolation\":
        false,\r\n      \"allowDeletionOfReplicatedLocations\": false\r\n    },\r\n
        \   \"provisioningState\": \"Creating\"\r\n  }\r\n}"
    headers:
      azure-asyncoperation:
      - https://management.azure.com/subscriptions/00000000-0000-0000-0000-000000000000/providers/Microsoft.Compute/locations/CentralUSEUAP/capsOperations/13e48746-9d6b-4466-8d4c-ad2e6ea63a17?api-version=2022-03-03
      cache-control:
      - no-cache
      content-length:
      - '1867'
      content-type:
      - application/json; charset=utf-8
      date:
      - Mon, 13 Mar 2023 10:18:58 GMT
      expires:
      - '-1'
      pragma:
      - no-cache
      server:
      - Microsoft-HTTPAPI/2.0
      - Microsoft-HTTPAPI/2.0
      strict-transport-security:
      - max-age=31536000; includeSubDomains
      x-content-type-options:
      - nosniff
      x-ms-ratelimit-remaining-resource:
      - Microsoft.Compute/CreateUpdateGalleryImageVersion3Min;374,Microsoft.Compute/CreateUpdateGalleryImageVersion30Min;1199
      x-ms-ratelimit-remaining-subscription-writes:
      - '1195'
    status:
      code: 201
      message: Created
- request:
    body: null
    headers:
      Accept:
      - '*/*'
      Accept-Encoding:
      - gzip, deflate
      CommandName:
      - sig image-version create
      Connection:
      - keep-alive
      ParameterSetName:
      - -g --gallery-name --gallery-image-definition --gallery-image-version --target-regions
        --target-region-encryption --target-region-cvm-encryption --os-snapshot --replica-count
      User-Agent:
      - AZURECLI/2.46.0 azsdk-python-azure-mgmt-compute/29.1.0 Python/3.10.10 (Linux-5.15.0-1033-azure-x86_64-with-glibc2.31)
        VSTS_7b238909-6802-4b65-b90d-184bca47f458_build_220_0
    method: GET
    uri: https://management.azure.com/subscriptions/00000000-0000-0000-0000-000000000000/providers/Microsoft.Compute/locations/CentralUSEUAP/capsOperations/13e48746-9d6b-4466-8d4c-ad2e6ea63a17?api-version=2022-03-03
  response:
    body:
      string: "{\r\n  \"startTime\": \"2023-03-13T10:18:58.8312206+00:00\",\r\n  \"status\":
        \"InProgress\",\r\n  \"name\": \"13e48746-9d6b-4466-8d4c-ad2e6ea63a17\"\r\n}"
    headers:
      cache-control:
      - no-cache
      content-length:
      - '134'
      content-type:
      - application/json; charset=utf-8
      date:
      - Mon, 13 Mar 2023 10:19:59 GMT
      expires:
      - '-1'
      pragma:
      - no-cache
      server:
      - Microsoft-HTTPAPI/2.0
      - Microsoft-HTTPAPI/2.0
      strict-transport-security:
      - max-age=31536000; includeSubDomains
      transfer-encoding:
      - chunked
      vary:
      - Accept-Encoding
      x-content-type-options:
      - nosniff
      x-ms-ratelimit-remaining-resource:
      - Microsoft.Compute/GetOperationStatus3Min;1198,Microsoft.Compute/GetOperationStatus30Min;4195
    status:
      code: 200
      message: OK
- request:
    body: null
    headers:
      Accept:
      - '*/*'
      Accept-Encoding:
      - gzip, deflate
      CommandName:
      - sig image-version create
      Connection:
      - keep-alive
      ParameterSetName:
      - -g --gallery-name --gallery-image-definition --gallery-image-version --target-regions
        --target-region-encryption --target-region-cvm-encryption --os-snapshot --replica-count
      User-Agent:
      - AZURECLI/2.46.0 azsdk-python-azure-mgmt-compute/29.1.0 Python/3.10.10 (Linux-5.15.0-1033-azure-x86_64-with-glibc2.31)
        VSTS_7b238909-6802-4b65-b90d-184bca47f458_build_220_0
    method: GET
    uri: https://management.azure.com/subscriptions/00000000-0000-0000-0000-000000000000/providers/Microsoft.Compute/locations/CentralUSEUAP/capsOperations/13e48746-9d6b-4466-8d4c-ad2e6ea63a17?api-version=2022-03-03
  response:
    body:
      string: "{\r\n  \"startTime\": \"2023-03-13T10:18:58.8312206+00:00\",\r\n  \"status\":
        \"InProgress\",\r\n  \"name\": \"13e48746-9d6b-4466-8d4c-ad2e6ea63a17\"\r\n}"
    headers:
      cache-control:
      - no-cache
      content-length:
      - '134'
      content-type:
      - application/json; charset=utf-8
      date:
      - Mon, 13 Mar 2023 10:20:59 GMT
      expires:
      - '-1'
      pragma:
      - no-cache
      server:
      - Microsoft-HTTPAPI/2.0
      - Microsoft-HTTPAPI/2.0
      strict-transport-security:
      - max-age=31536000; includeSubDomains
      transfer-encoding:
      - chunked
      vary:
      - Accept-Encoding
      x-content-type-options:
      - nosniff
      x-ms-ratelimit-remaining-resource:
      - Microsoft.Compute/GetOperationStatus3Min;1197,Microsoft.Compute/GetOperationStatus30Min;4193
    status:
      code: 200
      message: OK
- request:
    body: null
    headers:
      Accept:
      - '*/*'
      Accept-Encoding:
      - gzip, deflate
      CommandName:
      - sig image-version create
      Connection:
      - keep-alive
      ParameterSetName:
      - -g --gallery-name --gallery-image-definition --gallery-image-version --target-regions
        --target-region-encryption --target-region-cvm-encryption --os-snapshot --replica-count
      User-Agent:
      - AZURECLI/2.46.0 azsdk-python-azure-mgmt-compute/29.1.0 Python/3.10.10 (Linux-5.15.0-1033-azure-x86_64-with-glibc2.31)
        VSTS_7b238909-6802-4b65-b90d-184bca47f458_build_220_0
    method: GET
    uri: https://management.azure.com/subscriptions/00000000-0000-0000-0000-000000000000/providers/Microsoft.Compute/locations/CentralUSEUAP/capsOperations/13e48746-9d6b-4466-8d4c-ad2e6ea63a17?api-version=2022-03-03
  response:
    body:
      string: "{\r\n  \"startTime\": \"2023-03-13T10:18:58.8312206+00:00\",\r\n  \"status\":
        \"InProgress\",\r\n  \"name\": \"13e48746-9d6b-4466-8d4c-ad2e6ea63a17\"\r\n}"
    headers:
      cache-control:
      - no-cache
      content-length:
      - '134'
      content-type:
      - application/json; charset=utf-8
      date:
      - Mon, 13 Mar 2023 10:21:59 GMT
      expires:
      - '-1'
      pragma:
      - no-cache
      server:
      - Microsoft-HTTPAPI/2.0
      - Microsoft-HTTPAPI/2.0
      strict-transport-security:
      - max-age=31536000; includeSubDomains
      transfer-encoding:
      - chunked
      vary:
      - Accept-Encoding
      x-content-type-options:
      - nosniff
      x-ms-ratelimit-remaining-resource:
      - Microsoft.Compute/GetOperationStatus3Min;1195,Microsoft.Compute/GetOperationStatus30Min;4191
    status:
      code: 200
      message: OK
- request:
    body: null
    headers:
      Accept:
      - '*/*'
      Accept-Encoding:
      - gzip, deflate
      CommandName:
      - sig image-version create
      Connection:
      - keep-alive
      ParameterSetName:
      - -g --gallery-name --gallery-image-definition --gallery-image-version --target-regions
        --target-region-encryption --target-region-cvm-encryption --os-snapshot --replica-count
      User-Agent:
      - AZURECLI/2.46.0 azsdk-python-azure-mgmt-compute/29.1.0 Python/3.10.10 (Linux-5.15.0-1033-azure-x86_64-with-glibc2.31)
        VSTS_7b238909-6802-4b65-b90d-184bca47f458_build_220_0
    method: GET
    uri: https://management.azure.com/subscriptions/00000000-0000-0000-0000-000000000000/providers/Microsoft.Compute/locations/CentralUSEUAP/capsOperations/13e48746-9d6b-4466-8d4c-ad2e6ea63a17?api-version=2022-03-03
  response:
    body:
      string: "{\r\n  \"startTime\": \"2023-03-13T10:18:58.8312206+00:00\",\r\n  \"status\":
        \"InProgress\",\r\n  \"name\": \"13e48746-9d6b-4466-8d4c-ad2e6ea63a17\"\r\n}"
    headers:
      cache-control:
      - no-cache
      content-length:
      - '134'
      content-type:
      - application/json; charset=utf-8
      date:
      - Mon, 13 Mar 2023 10:23:00 GMT
      expires:
      - '-1'
      pragma:
      - no-cache
      server:
      - Microsoft-HTTPAPI/2.0
      - Microsoft-HTTPAPI/2.0
      strict-transport-security:
      - max-age=31536000; includeSubDomains
      transfer-encoding:
      - chunked
      vary:
      - Accept-Encoding
      x-content-type-options:
      - nosniff
      x-ms-ratelimit-remaining-resource:
      - Microsoft.Compute/GetOperationStatus3Min;1195,Microsoft.Compute/GetOperationStatus30Min;4189
    status:
      code: 200
      message: OK
- request:
    body: null
    headers:
      Accept:
      - '*/*'
      Accept-Encoding:
      - gzip, deflate
      CommandName:
      - sig image-version create
      Connection:
      - keep-alive
      ParameterSetName:
      - -g --gallery-name --gallery-image-definition --gallery-image-version --target-regions
        --target-region-encryption --target-region-cvm-encryption --os-snapshot --replica-count
      User-Agent:
      - AZURECLI/2.46.0 azsdk-python-azure-mgmt-compute/29.1.0 Python/3.10.10 (Linux-5.15.0-1033-azure-x86_64-with-glibc2.31)
        VSTS_7b238909-6802-4b65-b90d-184bca47f458_build_220_0
    method: GET
    uri: https://management.azure.com/subscriptions/00000000-0000-0000-0000-000000000000/providers/Microsoft.Compute/locations/CentralUSEUAP/capsOperations/13e48746-9d6b-4466-8d4c-ad2e6ea63a17?api-version=2022-03-03
  response:
    body:
      string: "{\r\n  \"startTime\": \"2023-03-13T10:18:58.8312206+00:00\",\r\n  \"status\":
        \"InProgress\",\r\n  \"name\": \"13e48746-9d6b-4466-8d4c-ad2e6ea63a17\"\r\n}"
    headers:
      cache-control:
      - no-cache
      content-length:
      - '134'
      content-type:
      - application/json; charset=utf-8
      date:
      - Mon, 13 Mar 2023 10:23:59 GMT
      expires:
      - '-1'
      pragma:
      - no-cache
      server:
      - Microsoft-HTTPAPI/2.0
      - Microsoft-HTTPAPI/2.0
      strict-transport-security:
      - max-age=31536000; includeSubDomains
      transfer-encoding:
      - chunked
      vary:
      - Accept-Encoding
      x-content-type-options:
      - nosniff
      x-ms-ratelimit-remaining-resource:
      - Microsoft.Compute/GetOperationStatus3Min;1195,Microsoft.Compute/GetOperationStatus30Min;4187
    status:
      code: 200
      message: OK
- request:
    body: null
    headers:
      Accept:
      - '*/*'
      Accept-Encoding:
      - gzip, deflate
      CommandName:
      - sig image-version create
      Connection:
      - keep-alive
      ParameterSetName:
      - -g --gallery-name --gallery-image-definition --gallery-image-version --target-regions
        --target-region-encryption --target-region-cvm-encryption --os-snapshot --replica-count
      User-Agent:
      - AZURECLI/2.46.0 azsdk-python-azure-mgmt-compute/29.1.0 Python/3.10.10 (Linux-5.15.0-1033-azure-x86_64-with-glibc2.31)
        VSTS_7b238909-6802-4b65-b90d-184bca47f458_build_220_0
    method: GET
    uri: https://management.azure.com/subscriptions/00000000-0000-0000-0000-000000000000/providers/Microsoft.Compute/locations/CentralUSEUAP/capsOperations/13e48746-9d6b-4466-8d4c-ad2e6ea63a17?api-version=2022-03-03
  response:
    body:
      string: "{\r\n  \"startTime\": \"2023-03-13T10:18:58.8312206+00:00\",\r\n  \"status\":
        \"InProgress\",\r\n  \"name\": \"13e48746-9d6b-4466-8d4c-ad2e6ea63a17\"\r\n}"
    headers:
      cache-control:
      - no-cache
      content-length:
      - '134'
      content-type:
      - application/json; charset=utf-8
      date:
      - Mon, 13 Mar 2023 10:25:00 GMT
      expires:
      - '-1'
      pragma:
      - no-cache
      server:
      - Microsoft-HTTPAPI/2.0
      - Microsoft-HTTPAPI/2.0
      strict-transport-security:
      - max-age=31536000; includeSubDomains
      transfer-encoding:
      - chunked
      vary:
      - Accept-Encoding
      x-content-type-options:
      - nosniff
      x-ms-ratelimit-remaining-resource:
      - Microsoft.Compute/GetOperationStatus3Min;1195,Microsoft.Compute/GetOperationStatus30Min;4185
    status:
      code: 200
      message: OK
- request:
    body: null
    headers:
      Accept:
      - '*/*'
      Accept-Encoding:
      - gzip, deflate
      CommandName:
      - sig image-version create
      Connection:
      - keep-alive
      ParameterSetName:
      - -g --gallery-name --gallery-image-definition --gallery-image-version --target-regions
        --target-region-encryption --target-region-cvm-encryption --os-snapshot --replica-count
      User-Agent:
      - AZURECLI/2.46.0 azsdk-python-azure-mgmt-compute/29.1.0 Python/3.10.10 (Linux-5.15.0-1033-azure-x86_64-with-glibc2.31)
        VSTS_7b238909-6802-4b65-b90d-184bca47f458_build_220_0
    method: GET
    uri: https://management.azure.com/subscriptions/00000000-0000-0000-0000-000000000000/providers/Microsoft.Compute/locations/CentralUSEUAP/capsOperations/13e48746-9d6b-4466-8d4c-ad2e6ea63a17?api-version=2022-03-03
  response:
    body:
      string: "{\r\n  \"startTime\": \"2023-03-13T10:18:58.8312206+00:00\",\r\n  \"status\":
        \"InProgress\",\r\n  \"name\": \"13e48746-9d6b-4466-8d4c-ad2e6ea63a17\"\r\n}"
    headers:
      cache-control:
      - no-cache
      content-length:
      - '134'
      content-type:
      - application/json; charset=utf-8
      date:
      - Mon, 13 Mar 2023 10:26:00 GMT
      expires:
      - '-1'
      pragma:
      - no-cache
      server:
      - Microsoft-HTTPAPI/2.0
      - Microsoft-HTTPAPI/2.0
      strict-transport-security:
      - max-age=31536000; includeSubDomains
      transfer-encoding:
      - chunked
      vary:
      - Accept-Encoding
      x-content-type-options:
      - nosniff
      x-ms-ratelimit-remaining-resource:
      - Microsoft.Compute/GetOperationStatus3Min;1195,Microsoft.Compute/GetOperationStatus30Min;4183
    status:
      code: 200
      message: OK
- request:
    body: null
    headers:
      Accept:
      - '*/*'
      Accept-Encoding:
      - gzip, deflate
      CommandName:
      - sig image-version create
      Connection:
      - keep-alive
      ParameterSetName:
      - -g --gallery-name --gallery-image-definition --gallery-image-version --target-regions
        --target-region-encryption --target-region-cvm-encryption --os-snapshot --replica-count
      User-Agent:
      - AZURECLI/2.46.0 azsdk-python-azure-mgmt-compute/29.1.0 Python/3.10.10 (Linux-5.15.0-1033-azure-x86_64-with-glibc2.31)
        VSTS_7b238909-6802-4b65-b90d-184bca47f458_build_220_0
    method: GET
    uri: https://management.azure.com/subscriptions/00000000-0000-0000-0000-000000000000/providers/Microsoft.Compute/locations/CentralUSEUAP/capsOperations/13e48746-9d6b-4466-8d4c-ad2e6ea63a17?api-version=2022-03-03
  response:
    body:
      string: "{\r\n  \"startTime\": \"2023-03-13T10:18:58.8312206+00:00\",\r\n  \"status\":
        \"InProgress\",\r\n  \"name\": \"13e48746-9d6b-4466-8d4c-ad2e6ea63a17\"\r\n}"
    headers:
      cache-control:
      - no-cache
      content-length:
      - '134'
      content-type:
      - application/json; charset=utf-8
      date:
      - Mon, 13 Mar 2023 10:27:01 GMT
      expires:
      - '-1'
      pragma:
      - no-cache
      server:
      - Microsoft-HTTPAPI/2.0
      - Microsoft-HTTPAPI/2.0
      strict-transport-security:
      - max-age=31536000; includeSubDomains
      transfer-encoding:
      - chunked
      vary:
      - Accept-Encoding
      x-content-type-options:
      - nosniff
      x-ms-ratelimit-remaining-resource:
      - Microsoft.Compute/GetOperationStatus3Min;1195,Microsoft.Compute/GetOperationStatus30Min;4181
    status:
      code: 200
      message: OK
- request:
    body: null
    headers:
      Accept:
      - '*/*'
      Accept-Encoding:
      - gzip, deflate
      CommandName:
      - sig image-version create
      Connection:
      - keep-alive
      ParameterSetName:
      - -g --gallery-name --gallery-image-definition --gallery-image-version --target-regions
        --target-region-encryption --target-region-cvm-encryption --os-snapshot --replica-count
      User-Agent:
      - AZURECLI/2.46.0 azsdk-python-azure-mgmt-compute/29.1.0 Python/3.10.10 (Linux-5.15.0-1033-azure-x86_64-with-glibc2.31)
        VSTS_7b238909-6802-4b65-b90d-184bca47f458_build_220_0
    method: GET
    uri: https://management.azure.com/subscriptions/00000000-0000-0000-0000-000000000000/providers/Microsoft.Compute/locations/CentralUSEUAP/capsOperations/13e48746-9d6b-4466-8d4c-ad2e6ea63a17?api-version=2022-03-03
  response:
    body:
      string: "{\r\n  \"startTime\": \"2023-03-13T10:18:58.8312206+00:00\",\r\n  \"endTime\":
        \"2023-03-13T10:27:52.9091572+00:00\",\r\n  \"status\": \"Succeeded\",\r\n
        \ \"name\": \"13e48746-9d6b-4466-8d4c-ad2e6ea63a17\"\r\n}"
    headers:
      cache-control:
      - no-cache
      content-length:
      - '184'
      content-type:
      - application/json; charset=utf-8
      date:
      - Mon, 13 Mar 2023 10:28:01 GMT
      expires:
      - '-1'
      pragma:
      - no-cache
      server:
      - Microsoft-HTTPAPI/2.0
      - Microsoft-HTTPAPI/2.0
      strict-transport-security:
      - max-age=31536000; includeSubDomains
      transfer-encoding:
      - chunked
      vary:
      - Accept-Encoding
      x-content-type-options:
      - nosniff
      x-ms-ratelimit-remaining-resource:
      - Microsoft.Compute/GetOperationStatus3Min;1195,Microsoft.Compute/GetOperationStatus30Min;4179
    status:
      code: 200
      message: OK
- request:
    body: null
    headers:
      Accept:
      - '*/*'
      Accept-Encoding:
      - gzip, deflate
      CommandName:
      - sig image-version create
      Connection:
      - keep-alive
      ParameterSetName:
      - -g --gallery-name --gallery-image-definition --gallery-image-version --target-regions
        --target-region-encryption --target-region-cvm-encryption --os-snapshot --replica-count
      User-Agent:
      - AZURECLI/2.46.0 azsdk-python-azure-mgmt-compute/29.1.0 Python/3.10.10 (Linux-5.15.0-1033-azure-x86_64-with-glibc2.31)
        VSTS_7b238909-6802-4b65-b90d-184bca47f458_build_220_0
    method: GET
    uri: https://management.azure.com/subscriptions/00000000-0000-0000-0000-000000000000/resourceGroups/clitest.rg000001/providers/Microsoft.Compute/galleries/gallery_000003/images/image1/versions/1.1.1?api-version=2022-03-03
  response:
    body:
      string: "{\r\n  \"name\": \"1.1.1\",\r\n  \"id\": \"/subscriptions/00000000-0000-0000-0000-000000000000/resourceGroups/clitest.rg000001/providers/Microsoft.Compute/galleries/gallery_000003/images/image1/versions/1.1.1\",\r\n
        \ \"type\": \"Microsoft.Compute/galleries/images/versions\",\r\n  \"location\":
        \"centraluseuap\",\r\n  \"tags\": {},\r\n  \"properties\": {\r\n    \"publishingProfile\":
        {\r\n      \"targetRegions\": [\r\n        {\r\n          \"name\": \"Central
        US EUAP\",\r\n          \"regionalReplicaCount\": 1,\r\n          \"storageAccountType\":
        \"Standard_LRS\",\r\n          \"encryption\": {\r\n            \"osDiskImage\":
        {\r\n              \"securityProfile\": {\r\n                \"confidentialVMEncryptionType\":
        \"EncryptedVMGuestStateOnlyWithPmk\"\r\n              },\r\n              \"diskEncryptionSetId\":
        \"/subscriptions/00000000-0000-0000-0000-000000000000/resourceGroups/clitest.rg000001/providers/Microsoft.Compute/diskEncryptionSets/des1-000007\"\r\n
        \           },\r\n            \"dataDiskImages\": [\r\n              {\r\n
        \               \"lun\": 0,\r\n                \"diskEncryptionSetId\": \"/subscriptions/00000000-0000-0000-0000-000000000000/resourceGroups/clitest.rg000001/providers/Microsoft.Compute/diskEncryptionSets/des1-000007\"\r\n
        \             }\r\n            ]\r\n          }\r\n        }\r\n      ],\r\n
        \     \"replicaCount\": 1,\r\n      \"excludeFromLatest\": false,\r\n      \"publishedDate\":
        \"2023-03-13T10:18:59.0343447+00:00\",\r\n      \"storageAccountType\": \"Standard_LRS\"\r\n
        \   },\r\n    \"storageProfile\": {\r\n      \"osDiskImage\": {\r\n        \"sizeInGB\":
        30,\r\n        \"hostCaching\": \"ReadWrite\",\r\n        \"source\": {\r\n
        \         \"id\": \"/subscriptions/00000000-0000-0000-0000-000000000000/resourceGroups/clitest.rg000001/providers/Microsoft.Compute/snapshots/snp000006\"\r\n
        \       }\r\n      }\r\n    },\r\n    \"safetyProfile\": {\r\n      \"reportedForPolicyViolation\":
        false,\r\n      \"allowDeletionOfReplicatedLocations\": false\r\n    },\r\n
        \   \"provisioningState\": \"Succeeded\"\r\n  }\r\n}"
    headers:
      cache-control:
      - no-cache
      content-length:
      - '1893'
      content-type:
      - application/json; charset=utf-8
      date:
      - Mon, 13 Mar 2023 10:28:01 GMT
      expires:
      - '-1'
      pragma:
      - no-cache
      server:
      - Microsoft-HTTPAPI/2.0
      - Microsoft-HTTPAPI/2.0
      strict-transport-security:
      - max-age=31536000; includeSubDomains
      transfer-encoding:
      - chunked
      vary:
      - Accept-Encoding
      x-content-type-options:
      - nosniff
      x-ms-ratelimit-remaining-resource:
      - Microsoft.Compute/GetGalleryImageVersion3Min;1999,Microsoft.Compute/GetGalleryImageVersion30Min;9997
    status:
      code: 200
      message: OK
- request:
    body: null
    headers:
      Accept:
      - application/json
      Accept-Encoding:
      - gzip, deflate
      CommandName:
      - sig image-version delete
      Connection:
      - keep-alive
      Content-Length:
      - '0'
      ParameterSetName:
      - -g --gallery-name --gallery-image-definition --gallery-image-version
      User-Agent:
      - AZURECLI/2.46.0 azsdk-python-azure-mgmt-compute/29.1.0 Python/3.10.10 (Linux-5.15.0-1033-azure-x86_64-with-glibc2.31)
        VSTS_7b238909-6802-4b65-b90d-184bca47f458_build_220_0
    method: DELETE
    uri: https://management.azure.com/subscriptions/00000000-0000-0000-0000-000000000000/resourceGroups/clitest.rg000001/providers/Microsoft.Compute/galleries/gallery_000003/images/image1/versions/1.1.1?api-version=2022-03-03
  response:
    body:
      string: ''
    headers:
      azure-asyncoperation:
      - https://management.azure.com/subscriptions/00000000-0000-0000-0000-000000000000/providers/Microsoft.Compute/locations/CentralUSEUAP/capsOperations/563887a7-1be5-430d-8a39-f217b0d1d726?api-version=2022-03-03
      cache-control:
      - no-cache
      content-length:
      - '0'
      date:
      - Mon, 13 Mar 2023 10:28:01 GMT
      expires:
      - '-1'
      location:
      - https://management.azure.com/subscriptions/00000000-0000-0000-0000-000000000000/providers/Microsoft.Compute/locations/CentralUSEUAP/capsOperations/563887a7-1be5-430d-8a39-f217b0d1d726?monitor=true&api-version=2022-03-03
      pragma:
      - no-cache
      server:
      - Microsoft-HTTPAPI/2.0
      - Microsoft-HTTPAPI/2.0
      strict-transport-security:
      - max-age=31536000; includeSubDomains
      x-content-type-options:
      - nosniff
      x-ms-ratelimit-remaining-resource:
      - Microsoft.Compute/DeleteGalleryImageVersion3Min;149,Microsoft.Compute/DeleteGalleryImageVersion30Min;999
      x-ms-ratelimit-remaining-subscription-deletes:
      - '14994'
    status:
      code: 202
      message: Accepted
- request:
    body: null
    headers:
      Accept:
      - '*/*'
      Accept-Encoding:
      - gzip, deflate
      CommandName:
      - sig image-version delete
      Connection:
      - keep-alive
      ParameterSetName:
      - -g --gallery-name --gallery-image-definition --gallery-image-version
      User-Agent:
      - AZURECLI/2.46.0 azsdk-python-azure-mgmt-compute/29.1.0 Python/3.10.10 (Linux-5.15.0-1033-azure-x86_64-with-glibc2.31)
        VSTS_7b238909-6802-4b65-b90d-184bca47f458_build_220_0
    method: GET
    uri: https://management.azure.com/subscriptions/00000000-0000-0000-0000-000000000000/providers/Microsoft.Compute/locations/CentralUSEUAP/capsOperations/563887a7-1be5-430d-8a39-f217b0d1d726?api-version=2022-03-03
  response:
    body:
      string: "{\r\n  \"startTime\": \"2023-03-13T10:28:02.2997767+00:00\",\r\n  \"status\":
        \"InProgress\",\r\n  \"name\": \"563887a7-1be5-430d-8a39-f217b0d1d726\"\r\n}"
    headers:
      cache-control:
      - no-cache
      content-length:
      - '134'
      content-type:
      - application/json; charset=utf-8
      date:
      - Mon, 13 Mar 2023 10:29:02 GMT
      expires:
      - '-1'
      pragma:
      - no-cache
      server:
      - Microsoft-HTTPAPI/2.0
      - Microsoft-HTTPAPI/2.0
      strict-transport-security:
      - max-age=31536000; includeSubDomains
      transfer-encoding:
      - chunked
      vary:
      - Accept-Encoding
      x-content-type-options:
      - nosniff
      x-ms-ratelimit-remaining-resource:
      - Microsoft.Compute/GetOperationStatus3Min;1195,Microsoft.Compute/GetOperationStatus30Min;4177
    status:
      code: 200
      message: OK
- request:
    body: null
    headers:
      Accept:
      - '*/*'
      Accept-Encoding:
      - gzip, deflate
      CommandName:
      - sig image-version delete
      Connection:
      - keep-alive
      ParameterSetName:
      - -g --gallery-name --gallery-image-definition --gallery-image-version
      User-Agent:
      - AZURECLI/2.46.0 azsdk-python-azure-mgmt-compute/29.1.0 Python/3.10.10 (Linux-5.15.0-1033-azure-x86_64-with-glibc2.31)
        VSTS_7b238909-6802-4b65-b90d-184bca47f458_build_220_0
    method: GET
    uri: https://management.azure.com/subscriptions/00000000-0000-0000-0000-000000000000/providers/Microsoft.Compute/locations/CentralUSEUAP/capsOperations/563887a7-1be5-430d-8a39-f217b0d1d726?api-version=2022-03-03
  response:
    body:
      string: "{\r\n  \"startTime\": \"2023-03-13T10:28:02.2997767+00:00\",\r\n  \"endTime\":
        \"2023-03-13T10:29:32.6122893+00:00\",\r\n  \"status\": \"Succeeded\",\r\n
        \ \"name\": \"563887a7-1be5-430d-8a39-f217b0d1d726\"\r\n}"
    headers:
      cache-control:
      - no-cache
      content-length:
      - '184'
      content-type:
      - application/json; charset=utf-8
      date:
      - Mon, 13 Mar 2023 10:30:02 GMT
      expires:
      - '-1'
      pragma:
      - no-cache
      server:
      - Microsoft-HTTPAPI/2.0
      - Microsoft-HTTPAPI/2.0
      strict-transport-security:
      - max-age=31536000; includeSubDomains
      transfer-encoding:
      - chunked
      vary:
      - Accept-Encoding
      x-content-type-options:
      - nosniff
      x-ms-ratelimit-remaining-resource:
      - Microsoft.Compute/GetOperationStatus3Min;1195,Microsoft.Compute/GetOperationStatus30Min;4175
    status:
      code: 200
      message: OK
- request:
    body: null
    headers:
      Accept:
      - application/json
      Accept-Encoding:
      - gzip, deflate
      CommandName:
      - sig image-definition delete
      Connection:
      - keep-alive
      Content-Length:
      - '0'
      ParameterSetName:
      - -g --gallery-name --gallery-image-definition
      User-Agent:
      - AZURECLI/2.46.0 azsdk-python-azure-mgmt-compute/29.1.0 Python/3.10.10 (Linux-5.15.0-1033-azure-x86_64-with-glibc2.31)
        VSTS_7b238909-6802-4b65-b90d-184bca47f458_build_220_0
    method: DELETE
    uri: https://management.azure.com/subscriptions/00000000-0000-0000-0000-000000000000/resourceGroups/clitest.rg000001/providers/Microsoft.Compute/galleries/gallery_000003/images/image1?api-version=2021-10-01
  response:
    body:
      string: ''
    headers:
      azure-asyncoperation:
      - https://management.azure.com/subscriptions/00000000-0000-0000-0000-000000000000/providers/Microsoft.Compute/locations/CentralUSEUAP/capsOperations/3fa1fdd3-0a9d-4a64-a71c-5d7d2b813af0?api-version=2021-10-01
      cache-control:
      - no-cache
      content-length:
      - '0'
      date:
      - Mon, 13 Mar 2023 10:31:02 GMT
      expires:
      - '-1'
      location:
      - https://management.azure.com/subscriptions/00000000-0000-0000-0000-000000000000/providers/Microsoft.Compute/locations/CentralUSEUAP/capsOperations/3fa1fdd3-0a9d-4a64-a71c-5d7d2b813af0?monitor=true&api-version=2021-10-01
      pragma:
      - no-cache
      server:
      - Microsoft-HTTPAPI/2.0
      - Microsoft-HTTPAPI/2.0
      strict-transport-security:
      - max-age=31536000; includeSubDomains
      x-content-type-options:
      - nosniff
      x-ms-ratelimit-remaining-resource:
      - Microsoft.Compute/DeleteGalleryImage3Min;49,Microsoft.Compute/DeleteGalleryImage30Min;299
      x-ms-ratelimit-remaining-subscription-deletes:
      - '14998'
    status:
      code: 202
      message: Accepted
- request:
    body: null
    headers:
      Accept:
      - '*/*'
      Accept-Encoding:
      - gzip, deflate
      CommandName:
      - sig image-definition delete
      Connection:
      - keep-alive
      ParameterSetName:
      - -g --gallery-name --gallery-image-definition
      User-Agent:
      - AZURECLI/2.46.0 azsdk-python-azure-mgmt-compute/29.1.0 Python/3.10.10 (Linux-5.15.0-1033-azure-x86_64-with-glibc2.31)
        VSTS_7b238909-6802-4b65-b90d-184bca47f458_build_220_0
    method: GET
    uri: https://management.azure.com/subscriptions/00000000-0000-0000-0000-000000000000/providers/Microsoft.Compute/locations/CentralUSEUAP/capsOperations/3fa1fdd3-0a9d-4a64-a71c-5d7d2b813af0?api-version=2021-10-01
  response:
    body:
      string: "{\r\n  \"startTime\": \"2023-03-13T10:31:03.518495+00:00\",\r\n  \"endTime\":
        \"2023-03-13T10:31:03.690344+00:00\",\r\n  \"status\": \"Succeeded\",\r\n
        \ \"name\": \"3fa1fdd3-0a9d-4a64-a71c-5d7d2b813af0\"\r\n}"
    headers:
      cache-control:
      - no-cache
      content-length:
      - '182'
      content-type:
      - application/json; charset=utf-8
      date:
      - Mon, 13 Mar 2023 10:31:33 GMT
      expires:
      - '-1'
      pragma:
      - no-cache
      server:
      - Microsoft-HTTPAPI/2.0
      - Microsoft-HTTPAPI/2.0
      strict-transport-security:
      - max-age=31536000; includeSubDomains
      transfer-encoding:
      - chunked
      vary:
      - Accept-Encoding
      x-content-type-options:
      - nosniff
      x-ms-ratelimit-remaining-resource:
      - Microsoft.Compute/GetOperationStatus3Min;1194,Microsoft.Compute/GetOperationStatus30Min;4172
    status:
      code: 200
      message: OK
- request:
    body: null
    headers:
      Accept:
      - application/json
      Accept-Encoding:
      - gzip, deflate
      CommandName:
      - sig delete
      Connection:
      - keep-alive
      Content-Length:
      - '0'
      ParameterSetName:
      - -g --gallery-name
      User-Agent:
      - AZURECLI/2.46.0 azsdk-python-azure-mgmt-compute/29.1.0 Python/3.10.10 (Linux-5.15.0-1033-azure-x86_64-with-glibc2.31)
        VSTS_7b238909-6802-4b65-b90d-184bca47f458_build_220_0
    method: DELETE
    uri: https://management.azure.com/subscriptions/00000000-0000-0000-0000-000000000000/resourceGroups/clitest.rg000001/providers/Microsoft.Compute/galleries/gallery_000003?api-version=2021-10-01
  response:
    body:
      string: ''
    headers:
      azure-asyncoperation:
      - https://management.azure.com/subscriptions/00000000-0000-0000-0000-000000000000/providers/Microsoft.Compute/locations/CentralUSEUAP/capsOperations/e2379e63-2939-4bc5-9ef7-99eba12ce54b?api-version=2021-10-01
      cache-control:
      - no-cache
      content-length:
      - '0'
      date:
      - Mon, 13 Mar 2023 10:31:34 GMT
      expires:
      - '-1'
      location:
      - https://management.azure.com/subscriptions/00000000-0000-0000-0000-000000000000/providers/Microsoft.Compute/locations/CentralUSEUAP/capsOperations/e2379e63-2939-4bc5-9ef7-99eba12ce54b?monitor=true&api-version=2021-10-01
      pragma:
      - no-cache
      server:
      - Microsoft-HTTPAPI/2.0
      - Microsoft-HTTPAPI/2.0
      strict-transport-security:
      - max-age=31536000; includeSubDomains
      x-content-type-options:
      - nosniff
      x-ms-ratelimit-remaining-resource:
      - Microsoft.Compute/DeleteGallery3Min;49,Microsoft.Compute/DeleteGallery30Min;299
      x-ms-ratelimit-remaining-subscription-deletes:
      - '14999'
    status:
      code: 202
      message: Accepted
- request:
    body: null
    headers:
      Accept:
      - '*/*'
      Accept-Encoding:
      - gzip, deflate
      CommandName:
      - sig delete
      Connection:
      - keep-alive
      ParameterSetName:
      - -g --gallery-name
      User-Agent:
      - AZURECLI/2.46.0 azsdk-python-azure-mgmt-compute/29.1.0 Python/3.10.10 (Linux-5.15.0-1033-azure-x86_64-with-glibc2.31)
        VSTS_7b238909-6802-4b65-b90d-184bca47f458_build_220_0
    method: GET
    uri: https://management.azure.com/subscriptions/00000000-0000-0000-0000-000000000000/providers/Microsoft.Compute/locations/CentralUSEUAP/capsOperations/e2379e63-2939-4bc5-9ef7-99eba12ce54b?api-version=2021-10-01
  response:
    body:
      string: "{\r\n  \"startTime\": \"2023-03-13T10:31:34.5965916+00:00\",\r\n  \"endTime\":
        \"2023-03-13T10:31:35.2684858+00:00\",\r\n  \"status\": \"Succeeded\",\r\n
        \ \"name\": \"e2379e63-2939-4bc5-9ef7-99eba12ce54b\"\r\n}"
    headers:
      cache-control:
      - no-cache
      content-length:
      - '184'
      content-type:
      - application/json; charset=utf-8
      date:
      - Mon, 13 Mar 2023 10:32:04 GMT
      expires:
      - '-1'
      pragma:
      - no-cache
      server:
      - Microsoft-HTTPAPI/2.0
      - Microsoft-HTTPAPI/2.0
      strict-transport-security:
      - max-age=31536000; includeSubDomains
      transfer-encoding:
      - chunked
      vary:
      - Accept-Encoding
      x-content-type-options:
      - nosniff
      x-ms-ratelimit-remaining-resource:
      - Microsoft.Compute/GetOperationStatus3Min;1194,Microsoft.Compute/GetOperationStatus30Min;4170
    status:
      code: 200
      message: OK
version: 1
