interactions:
- request:
    body: null
    headers:
      Accept:
      - application/json
      Accept-Encoding:
      - gzip, deflate
      CommandName:
      - identity create
      Connection:
      - keep-alive
      ParameterSetName:
      - -g -n
      User-Agent:
      - AZURECLI/2.27.0 azsdk-python-azure-mgmt-resource/18.0.0 Python/3.8.1 (Windows-10-10.0.19041-SP0)
    method: GET
    uri: https://management.azure.com/subscriptions/00000000-0000-0000-0000-000000000000/resourcegroups/img_tmpl_cancel_000001?api-version=2021-04-01
  response:
    body:
      string: '{"id":"/subscriptions/00000000-0000-0000-0000-000000000000/resourceGroups/img_tmpl_cancel_000001","name":"img_tmpl_cancel_000001","type":"Microsoft.Resources/resourceGroups","location":"westus","tags":{"product":"azurecli","cause":"automation","date":"2021-08-06T07:18:26Z"},"properties":{"provisioningState":"Succeeded"}}'
    headers:
      cache-control:
      - no-cache
      content-length:
      - '428'
      content-type:
      - application/json; charset=utf-8
      date:
      - Fri, 06 Aug 2021 07:19:56 GMT
      expires:
      - '-1'
      pragma:
      - no-cache
      strict-transport-security:
      - max-age=31536000; includeSubDomains
      vary:
      - Accept-Encoding
      x-content-type-options:
      - nosniff
    status:
      code: 200
      message: OK
- request:
    body: '{"location": "westus"}'
    headers:
      Accept:
      - application/json
      Accept-Encoding:
      - gzip, deflate
      CommandName:
      - identity create
      Connection:
      - keep-alive
      Content-Length:
      - '22'
      Content-Type:
      - application/json; charset=utf-8
      ParameterSetName:
      - -g -n
      User-Agent:
      - python/3.8.1 (Windows-10-10.0.19041-SP0) msrest/0.6.21 msrest_azure/0.6.3
        azure-mgmt-msi/0.2.0 Azure-SDK-For-Python AZURECLI/2.27.0
      accept-language:
      - en-US
    method: PUT
    uri: https://management.azure.com/subscriptions/00000000-0000-0000-0000-000000000000/resourceGroups/img_tmpl_cancel_000001/providers/Microsoft.ManagedIdentity/userAssignedIdentities/ide1?api-version=2015-08-31-preview
  response:
    body:
      string: '{"id":"/subscriptions/00000000-0000-0000-0000-000000000000/resourcegroups/img_tmpl_cancel_000001/providers/Microsoft.ManagedIdentity/userAssignedIdentities/ide1","name":"ide1","type":"Microsoft.ManagedIdentity/userAssignedIdentities","location":"westus","tags":{},"properties":{"tenantId":"54826b22-38d6-4fb2-bad9-b7b93a3e9c5a","principalId":"66796a90-985c-4369-a2f6-ebc36bc0e9e6","clientId":"a7a69a61-60d6-414f-beab-057ac945db99","clientSecretUrl":"https://control-westus.identity.azure.net/subscriptions/00000000-0000-0000-0000-000000000000/resourcegroups/img_tmpl_cancel_000001/providers/Microsoft.ManagedIdentity/userAssignedIdentities/ide1/credentials?tid=54826b22-38d6-4fb2-bad9-b7b93a3e9c5a&oid=66796a90-985c-4369-a2f6-ebc36bc0e9e6&aid=a7a69a61-60d6-414f-beab-057ac945db99"}}'
    headers:
      cache-control:
      - no-cache
      content-length:
      - '888'
      content-type:
      - application/json; charset=utf-8
      date:
      - Fri, 06 Aug 2021 07:20:03 GMT
      expires:
      - '-1'
      location:
      - /subscriptions/00000000-0000-0000-0000-000000000000/resourcegroups/img_tmpl_cancel_000001/providers/Microsoft.ManagedIdentity/userAssignedIdentities/ide1
      pragma:
      - no-cache
      strict-transport-security:
      - max-age=31536000; includeSubDomains
      x-content-type-options:
      - nosniff
      x-ms-ratelimit-remaining-subscription-writes:
      - '1199'
    status:
      code: 201
      message: Created
- request:
    body: null
    headers:
      Accept:
      - application/json
      Accept-Encoding:
      - gzip, deflate
      CommandName:
      - role assignment create
      Connection:
      - keep-alive
      ParameterSetName:
      - --assignee --role --scope
      User-Agent:
      - python/3.8.1 (Windows-10-10.0.19041-SP0) msrest/0.6.21 msrest_azure/0.6.3
        azure-graphrbac/0.60.0 Azure-SDK-For-Python AZURECLI/2.27.0
      accept-language:
      - en-US
    method: GET
    uri: https://graph.windows.net/00000000-0000-0000-0000-000000000000/servicePrincipals?$filter=servicePrincipalNames%2Fany%28c%3Ac%20eq%20%27a7a69a61-60d6-414f-beab-057ac945db99%27%29&api-version=1.6
  response:
    body:
      string: '{"odata.metadata":"https://graph.windows.net/00000000-0000-0000-0000-000000000000/$metadata#directoryObjects","value":[{"odata.type":"Microsoft.DirectoryServices.ServicePrincipal","objectType":"ServicePrincipal","objectId":"66796a90-985c-4369-a2f6-ebc36bc0e9e6","deletionTimestamp":null,"accountEnabled":true,"addIns":[],"alternativeNames":["isExplicit=True","/subscriptions/00000000-0000-0000-0000-000000000000/resourcegroups/img_tmpl_cancel_000001/providers/Microsoft.ManagedIdentity/userAssignedIdentities/ide1"],"appDisplayName":null,"appId":"a7a69a61-60d6-414f-beab-057ac945db99","applicationTemplateId":null,"appOwnerTenantId":null,"appRoleAssignmentRequired":false,"appRoles":[],"displayName":"ide1","errorUrl":null,"homepage":null,"informationalUrls":null,"keyCredentials":[{"customKeyIdentifier":"D2C8E2352172718BC6622B92AEECF8237FB719EA","endDate":"2021-11-04T07:15:00Z","keyId":"f5886c2d-36bf-4dec-a81d-b20d192b9157","startDate":"2021-08-06T07:15:00Z","type":"AsymmetricX509Cert","usage":"Verify","value":null}],"logoutUrl":null,"notificationEmailAddresses":[],"oauth2Permissions":[],"passwordCredentials":[],"preferredSingleSignOnMode":null,"preferredTokenSigningKeyEndDateTime":null,"preferredTokenSigningKeyThumbprint":null,"publisherName":null,"replyUrls":[],"samlMetadataUrl":null,"samlSingleSignOnSettings":null,"servicePrincipalNames":["a7a69a61-60d6-414f-beab-057ac945db99","https://identity.azure.net/Ws4iQOTZKt5J77QnltuwYXHMht6nq6ZDRtX5AaQduXM="],"servicePrincipalType":"ManagedIdentity","signInAudience":null,"tags":[],"tokenEncryptionKeyId":null}]}'
    headers:
      access-control-allow-origin:
      - '*'
      cache-control:
      - no-cache
      content-length:
      - '1624'
      content-type:
      - application/json; odata=minimalmetadata; streaming=true; charset=utf-8
      dataserviceversion:
      - 3.0;
      date:
      - Fri, 06 Aug 2021 07:20:50 GMT
      duration:
      - '3531594'
      expires:
      - '-1'
      ocp-aad-diagnostics-server-name:
      - pkBFr3nJb/qUC4CoNnRWdtb/mXs6itGQwUv8VUShg7w=
      ocp-aad-session-key:
      - WaflzJaSk0BVCz68oo1u3_tf78WBsPDu-zX6Theb_onn0VWN_ORg15AkigzJYafA2sPIuhYj3sBBrOuM6IJI39TCKrT0eoEnyqnCh_wuudQF7JY5zFQgANqLFhSmaAU9.iLcD4vILjjKUTBnCeUDruIo7DF0JkJVjgEaRazBfIPY
      pragma:
      - no-cache
      request-id:
      - b1a095db-8cd0-460c-8b9c-6267ec55ba0b
      strict-transport-security:
      - max-age=31536000; includeSubDomains
      x-aspnet-version:
      - 4.0.30319
      x-ms-dirapi-data-contract-version:
      - '1.6'
      x-ms-resource-unit:
      - '1'
      x-powered-by:
      - ASP.NET
    status:
      code: 200
      message: OK
- request:
    body: null
    headers:
      Accept:
      - application/json
      Accept-Encoding:
      - gzip, deflate
      CommandName:
      - role assignment create
      Connection:
      - keep-alive
      ParameterSetName:
      - --assignee --role --scope
      User-Agent:
      - python/3.8.1 (Windows-10-10.0.19041-SP0) msrest/0.6.21 msrest_azure/0.6.3
        azure-mgmt-authorization/0.61.0 Azure-SDK-For-Python AZURECLI/2.27.0
      accept-language:
      - en-US
    method: GET
    uri: https://management.azure.com/subscriptions/00000000-0000-0000-0000-000000000000/resourceGroups/img_tmpl_cancel_000001/providers/Microsoft.Authorization/roleDefinitions?$filter=roleName%20eq%20%27Contributor%27&api-version=2018-01-01-preview
  response:
    body:
      string: '{"value":[{"properties":{"roleName":"Contributor","type":"BuiltInRole","description":"Grants
        full access to manage all resources, but does not allow you to assign roles
        in Azure RBAC, manage assignments in Azure Blueprints, or share image galleries.","assignableScopes":["/"],"permissions":[{"actions":["*"],"notActions":["Microsoft.Authorization/*/Delete","Microsoft.Authorization/*/Write","Microsoft.Authorization/elevateAccess/Action","Microsoft.Blueprint/blueprintAssignments/write","Microsoft.Blueprint/blueprintAssignments/delete","Microsoft.Compute/galleries/share/action"],"dataActions":[],"notDataActions":[]}],"createdOn":"2015-02-02T21:55:09.8806423Z","updatedOn":"2020-12-04T00:34:54.8501087Z","createdBy":null,"updatedBy":null},"id":"/subscriptions/00000000-0000-0000-0000-000000000000/providers/Microsoft.Authorization/roleDefinitions/b24988ac-6180-42a0-ab88-20f7382dd24c","type":"Microsoft.Authorization/roleDefinitions","name":"b24988ac-6180-42a0-ab88-20f7382dd24c"}]}'
    headers:
      cache-control:
      - no-cache
      content-length:
      - '984'
      content-type:
      - application/json; charset=utf-8
      date:
      - Fri, 06 Aug 2021 07:20:50 GMT
      expires:
      - '-1'
      pragma:
      - no-cache
      set-cookie:
      - x-ms-gateway-slice=Production; path=/; secure; samesite=none; httponly
      strict-transport-security:
      - max-age=31536000; includeSubDomains
      transfer-encoding:
      - chunked
      vary:
      - Accept-Encoding
      x-content-type-options:
      - nosniff
    status:
      code: 200
      message: OK
- request:
    body: '{"properties": {"roleDefinitionId": "/subscriptions/00000000-0000-0000-0000-000000000000/providers/Microsoft.Authorization/roleDefinitions/b24988ac-6180-42a0-ab88-20f7382dd24c",
      "principalId": "66796a90-985c-4369-a2f6-ebc36bc0e9e6", "principalType": "ServicePrincipal"}}'
    headers:
      Accept:
      - application/json
      Accept-Encoding:
      - gzip, deflate
      CommandName:
      - role assignment create
      Connection:
      - keep-alive
      Content-Length:
      - '270'
      Content-Type:
      - application/json; charset=utf-8
      Cookie:
      - x-ms-gateway-slice=Production
      ParameterSetName:
      - --assignee --role --scope
      User-Agent:
      - python/3.8.1 (Windows-10-10.0.19041-SP0) msrest/0.6.21 msrest_azure/0.6.3
        azure-mgmt-authorization/0.61.0 Azure-SDK-For-Python AZURECLI/2.27.0
      accept-language:
      - en-US
    method: PUT
    uri: https://management.azure.com/subscriptions/00000000-0000-0000-0000-000000000000/resourceGroups/img_tmpl_cancel_000001/providers/Microsoft.Authorization/roleAssignments/88888888-0000-0000-0000-000000000001?api-version=2020-04-01-preview
  response:
    body:
      string: '{"properties":{"roleDefinitionId":"/subscriptions/00000000-0000-0000-0000-000000000000/providers/Microsoft.Authorization/roleDefinitions/b24988ac-6180-42a0-ab88-20f7382dd24c","principalId":"66796a90-985c-4369-a2f6-ebc36bc0e9e6","principalType":"ServicePrincipal","scope":"/subscriptions/00000000-0000-0000-0000-000000000000/resourceGroups/img_tmpl_cancel_000001","condition":null,"conditionVersion":null,"createdOn":"2021-08-06T07:20:51.4055578Z","updatedOn":"2021-08-06T07:20:52.2024336Z","createdBy":null,"updatedBy":"9ac534f1-d577-4034-a32d-48de400dacbf","delegatedManagedIdentityResourceId":null,"description":null},"id":"/subscriptions/00000000-0000-0000-0000-000000000000/resourceGroups/img_tmpl_cancel_000001/providers/Microsoft.Authorization/roleAssignments/88888888-0000-0000-0000-000000000001","type":"Microsoft.Authorization/roleAssignments","name":"88888888-0000-0000-0000-000000000001"}'
    headers:
      cache-control:
      - no-cache
      content-length:
      - '1005'
      content-type:
      - application/json; charset=utf-8
      date:
      - Fri, 06 Aug 2021 07:20:53 GMT
      expires:
      - '-1'
      pragma:
      - no-cache
      set-cookie:
      - x-ms-gateway-slice=Production; path=/; secure; samesite=none; httponly
      strict-transport-security:
      - max-age=31536000; includeSubDomains
      x-content-type-options:
      - nosniff
      x-ms-ratelimit-remaining-subscription-writes:
      - '1199'
    status:
      code: 201
      message: Created
- request:
    body: null
    headers:
      Accept:
      - application/json
      Accept-Encoding:
      - gzip, deflate
      CommandName:
      - image builder create
      Connection:
      - keep-alive
      ParameterSetName:
      - -g -n --image-source --managed-image-destinations --identity
      User-Agent:
      - AZURECLI/2.27.0 azsdk-python-azure-mgmt-resource/18.0.0 Python/3.8.1 (Windows-10-10.0.19041-SP0)
    method: GET
    uri: https://management.azure.com/subscriptions/00000000-0000-0000-0000-000000000000/resourcegroups/img_tmpl_cancel_000001?api-version=2021-04-01
  response:
    body:
      string: '{"id":"/subscriptions/00000000-0000-0000-0000-000000000000/resourceGroups/img_tmpl_cancel_000001","name":"img_tmpl_cancel_000001","type":"Microsoft.Resources/resourceGroups","location":"westus","tags":{"product":"azurecli","cause":"automation","date":"2021-08-06T07:18:26Z"},"properties":{"provisioningState":"Succeeded"}}'
    headers:
      cache-control:
      - no-cache
      content-length:
      - '428'
      content-type:
      - application/json; charset=utf-8
      date:
      - Fri, 06 Aug 2021 07:20:53 GMT
      expires:
      - '-1'
      pragma:
      - no-cache
      strict-transport-security:
      - max-age=31536000; includeSubDomains
      vary:
      - Accept-Encoding
      x-content-type-options:
      - nosniff
    status:
      code: 200
      message: OK
- request:
    body: null
    headers:
      Accept:
      - application/json
      Accept-Encoding:
      - gzip, deflate
      CommandName:
      - image builder create
      Connection:
      - keep-alive
      ParameterSetName:
      - -g -n --image-source --managed-image-destinations --identity
      User-Agent:
      - AZURECLI/2.27.0 azsdk-python-azure-mgmt-resource/18.0.0 Python/3.8.1 (Windows-10-10.0.19041-SP0)
    method: GET
    uri: https://management.azure.com/subscriptions/00000000-0000-0000-0000-000000000000/locations?api-version=2019-11-01
  response:
    body:
      string: "{\"value\":[{\"id\":\"/subscriptions/00000000-0000-0000-0000-000000000000/locations/eastus\",\"name\":\"eastus\",\"displayName\":\"East
        US\",\"regionalDisplayName\":\"(US) East US\",\"metadata\":{\"regionType\":\"Physical\",\"regionCategory\":\"Recommended\",\"geographyGroup\":\"US\",\"longitude\":\"-79.8164\",\"latitude\":\"37.3719\",\"physicalLocation\":\"Virginia\",\"pairedRegion\":[{\"name\":\"westus\",\"id\":\"/subscriptions/00000000-0000-0000-0000-000000000000/locations/westus\"}]}},{\"id\":\"/subscriptions/00000000-0000-0000-0000-000000000000/locations/eastus2\",\"name\":\"eastus2\",\"displayName\":\"East
        US 2\",\"regionalDisplayName\":\"(US) East US 2\",\"metadata\":{\"regionType\":\"Physical\",\"regionCategory\":\"Recommended\",\"geographyGroup\":\"US\",\"longitude\":\"-78.3889\",\"latitude\":\"36.6681\",\"physicalLocation\":\"Virginia\",\"pairedRegion\":[{\"name\":\"centralus\",\"id\":\"/subscriptions/00000000-0000-0000-0000-000000000000/locations/centralus\"}]}},{\"id\":\"/subscriptions/00000000-0000-0000-0000-000000000000/locations/southcentralus\",\"name\":\"southcentralus\",\"displayName\":\"South
        Central US\",\"regionalDisplayName\":\"(US) South Central US\",\"metadata\":{\"regionType\":\"Physical\",\"regionCategory\":\"Recommended\",\"geographyGroup\":\"US\",\"longitude\":\"-98.5\",\"latitude\":\"29.4167\",\"physicalLocation\":\"Texas\",\"pairedRegion\":[{\"name\":\"northcentralus\",\"id\":\"/subscriptions/00000000-0000-0000-0000-000000000000/locations/northcentralus\"}]}},{\"id\":\"/subscriptions/00000000-0000-0000-0000-000000000000/locations/westus2\",\"name\":\"westus2\",\"displayName\":\"West
        US 2\",\"regionalDisplayName\":\"(US) West US 2\",\"metadata\":{\"regionType\":\"Physical\",\"regionCategory\":\"Recommended\",\"geographyGroup\":\"US\",\"longitude\":\"-119.852\",\"latitude\":\"47.233\",\"physicalLocation\":\"Washington\",\"pairedRegion\":[{\"name\":\"westcentralus\",\"id\":\"/subscriptions/00000000-0000-0000-0000-000000000000/locations/westcentralus\"}]}},{\"id\":\"/subscriptions/00000000-0000-0000-0000-000000000000/locations/westus3\",\"name\":\"westus3\",\"displayName\":\"West
        US 3\",\"regionalDisplayName\":\"(US) West US 3\",\"metadata\":{\"regionType\":\"Physical\",\"regionCategory\":\"Recommended\",\"geographyGroup\":\"US\",\"longitude\":\"-112.074036\",\"latitude\":\"33.448376\",\"physicalLocation\":\"Phoenix\",\"pairedRegion\":[{\"name\":\"eastus\",\"id\":\"/subscriptions/00000000-0000-0000-0000-000000000000/locations/eastus\"}]}},{\"id\":\"/subscriptions/00000000-0000-0000-0000-000000000000/locations/australiaeast\",\"name\":\"australiaeast\",\"displayName\":\"Australia
        East\",\"regionalDisplayName\":\"(Asia Pacific) Australia East\",\"metadata\":{\"regionType\":\"Physical\",\"regionCategory\":\"Recommended\",\"geographyGroup\":\"Asia
        Pacific\",\"longitude\":\"151.2094\",\"latitude\":\"-33.86\",\"physicalLocation\":\"New
        South Wales\",\"pairedRegion\":[{\"name\":\"australiasoutheast\",\"id\":\"/subscriptions/00000000-0000-0000-0000-000000000000/locations/australiasoutheast\"}]}},{\"id\":\"/subscriptions/00000000-0000-0000-0000-000000000000/locations/southeastasia\",\"name\":\"southeastasia\",\"displayName\":\"Southeast
        Asia\",\"regionalDisplayName\":\"(Asia Pacific) Southeast Asia\",\"metadata\":{\"regionType\":\"Physical\",\"regionCategory\":\"Recommended\",\"geographyGroup\":\"Asia
        Pacific\",\"longitude\":\"103.833\",\"latitude\":\"1.283\",\"physicalLocation\":\"Singapore\",\"pairedRegion\":[{\"name\":\"eastasia\",\"id\":\"/subscriptions/00000000-0000-0000-0000-000000000000/locations/eastasia\"}]}},{\"id\":\"/subscriptions/00000000-0000-0000-0000-000000000000/locations/northeurope\",\"name\":\"northeurope\",\"displayName\":\"North
        Europe\",\"regionalDisplayName\":\"(Europe) North Europe\",\"metadata\":{\"regionType\":\"Physical\",\"regionCategory\":\"Recommended\",\"geographyGroup\":\"Europe\",\"longitude\":\"-6.2597\",\"latitude\":\"53.3478\",\"physicalLocation\":\"Ireland\",\"pairedRegion\":[{\"name\":\"westeurope\",\"id\":\"/subscriptions/00000000-0000-0000-0000-000000000000/locations/westeurope\"}]}},{\"id\":\"/subscriptions/00000000-0000-0000-0000-000000000000/locations/swedencentral\",\"name\":\"swedencentral\",\"displayName\":\"Sweden
        Central\",\"regionalDisplayName\":\"(Europe) Sweden Central\",\"metadata\":{\"regionType\":\"Physical\",\"regionCategory\":\"Recommended\",\"geographyGroup\":\"Europe\",\"longitude\":\"17.14127\",\"latitude\":\"60.67488\",\"physicalLocation\":\"G\xE4vle\",\"pairedRegion\":[{\"name\":\"swedensouth\",\"id\":\"/subscriptions/00000000-0000-0000-0000-000000000000/locations/swedensouth\"}]}},{\"id\":\"/subscriptions/00000000-0000-0000-0000-000000000000/locations/uksouth\",\"name\":\"uksouth\",\"displayName\":\"UK
        South\",\"regionalDisplayName\":\"(Europe) UK South\",\"metadata\":{\"regionType\":\"Physical\",\"regionCategory\":\"Recommended\",\"geographyGroup\":\"Europe\",\"longitude\":\"-0.799\",\"latitude\":\"50.941\",\"physicalLocation\":\"London\",\"pairedRegion\":[{\"name\":\"ukwest\",\"id\":\"/subscriptions/00000000-0000-0000-0000-000000000000/locations/ukwest\"}]}},{\"id\":\"/subscriptions/00000000-0000-0000-0000-000000000000/locations/westeurope\",\"name\":\"westeurope\",\"displayName\":\"West
        Europe\",\"regionalDisplayName\":\"(Europe) West Europe\",\"metadata\":{\"regionType\":\"Physical\",\"regionCategory\":\"Recommended\",\"geographyGroup\":\"Europe\",\"longitude\":\"4.9\",\"latitude\":\"52.3667\",\"physicalLocation\":\"Netherlands\",\"pairedRegion\":[{\"name\":\"northeurope\",\"id\":\"/subscriptions/00000000-0000-0000-0000-000000000000/locations/northeurope\"}]}},{\"id\":\"/subscriptions/00000000-0000-0000-0000-000000000000/locations/centralus\",\"name\":\"centralus\",\"displayName\":\"Central
        US\",\"regionalDisplayName\":\"(US) Central US\",\"metadata\":{\"regionType\":\"Physical\",\"regionCategory\":\"Recommended\",\"geographyGroup\":\"US\",\"longitude\":\"-93.6208\",\"latitude\":\"41.5908\",\"physicalLocation\":\"Iowa\",\"pairedRegion\":[{\"name\":\"eastus2\",\"id\":\"/subscriptions/00000000-0000-0000-0000-000000000000/locations/eastus2\"}]}},{\"id\":\"/subscriptions/00000000-0000-0000-0000-000000000000/locations/northcentralus\",\"name\":\"northcentralus\",\"displayName\":\"North
        Central US\",\"regionalDisplayName\":\"(US) North Central US\",\"metadata\":{\"regionType\":\"Physical\",\"regionCategory\":\"Recommended\",\"geographyGroup\":\"US\",\"longitude\":\"-87.6278\",\"latitude\":\"41.8819\",\"physicalLocation\":\"Illinois\",\"pairedRegion\":[{\"name\":\"southcentralus\",\"id\":\"/subscriptions/00000000-0000-0000-0000-000000000000/locations/southcentralus\"}]}},{\"id\":\"/subscriptions/00000000-0000-0000-0000-000000000000/locations/westus\",\"name\":\"westus\",\"displayName\":\"West
        US\",\"regionalDisplayName\":\"(US) West US\",\"metadata\":{\"regionType\":\"Physical\",\"regionCategory\":\"Recommended\",\"geographyGroup\":\"US\",\"longitude\":\"-122.417\",\"latitude\":\"37.783\",\"physicalLocation\":\"California\",\"pairedRegion\":[{\"name\":\"eastus\",\"id\":\"/subscriptions/00000000-0000-0000-0000-000000000000/locations/eastus\"}]}},{\"id\":\"/subscriptions/00000000-0000-0000-0000-000000000000/locations/southafricanorth\",\"name\":\"southafricanorth\",\"displayName\":\"South
        Africa North\",\"regionalDisplayName\":\"(Africa) South Africa North\",\"metadata\":{\"regionType\":\"Physical\",\"regionCategory\":\"Recommended\",\"geographyGroup\":\"Africa\",\"longitude\":\"28.218370\",\"latitude\":\"-25.731340\",\"physicalLocation\":\"Johannesburg\",\"pairedRegion\":[{\"name\":\"southafricawest\",\"id\":\"/subscriptions/00000000-0000-0000-0000-000000000000/locations/southafricawest\"}]}},{\"id\":\"/subscriptions/00000000-0000-0000-0000-000000000000/locations/centralindia\",\"name\":\"centralindia\",\"displayName\":\"Central
        India\",\"regionalDisplayName\":\"(Asia Pacific) Central India\",\"metadata\":{\"regionType\":\"Physical\",\"regionCategory\":\"Recommended\",\"geographyGroup\":\"Asia
        Pacific\",\"longitude\":\"73.9197\",\"latitude\":\"18.5822\",\"physicalLocation\":\"Pune\",\"pairedRegion\":[{\"name\":\"southindia\",\"id\":\"/subscriptions/00000000-0000-0000-0000-000000000000/locations/southindia\"}]}},{\"id\":\"/subscriptions/00000000-0000-0000-0000-000000000000/locations/eastasia\",\"name\":\"eastasia\",\"displayName\":\"East
        Asia\",\"regionalDisplayName\":\"(Asia Pacific) East Asia\",\"metadata\":{\"regionType\":\"Physical\",\"regionCategory\":\"Recommended\",\"geographyGroup\":\"Asia
        Pacific\",\"longitude\":\"114.188\",\"latitude\":\"22.267\",\"physicalLocation\":\"Hong
        Kong\",\"pairedRegion\":[{\"name\":\"southeastasia\",\"id\":\"/subscriptions/00000000-0000-0000-0000-000000000000/locations/southeastasia\"}]}},{\"id\":\"/subscriptions/00000000-0000-0000-0000-000000000000/locations/japaneast\",\"name\":\"japaneast\",\"displayName\":\"Japan
        East\",\"regionalDisplayName\":\"(Asia Pacific) Japan East\",\"metadata\":{\"regionType\":\"Physical\",\"regionCategory\":\"Recommended\",\"geographyGroup\":\"Asia
        Pacific\",\"longitude\":\"139.77\",\"latitude\":\"35.68\",\"physicalLocation\":\"Tokyo,
        Saitama\",\"pairedRegion\":[{\"name\":\"japanwest\",\"id\":\"/subscriptions/00000000-0000-0000-0000-000000000000/locations/japanwest\"}]}},{\"id\":\"/subscriptions/00000000-0000-0000-0000-000000000000/locations/jioindiawest\",\"name\":\"jioindiawest\",\"displayName\":\"Jio
        India West\",\"regionalDisplayName\":\"(Asia Pacific) Jio India West\",\"metadata\":{\"regionType\":\"Physical\",\"regionCategory\":\"Recommended\",\"geographyGroup\":\"Asia
        Pacific\",\"longitude\":\"70.05773\",\"latitude\":\"22.470701\",\"physicalLocation\":\"Jamnagar\",\"pairedRegion\":[{\"name\":\"jioindiacentral\",\"id\":\"/subscriptions/00000000-0000-0000-0000-000000000000/locations/jioindiacentral\"}]}},{\"id\":\"/subscriptions/00000000-0000-0000-0000-000000000000/locations/koreacentral\",\"name\":\"koreacentral\",\"displayName\":\"Korea
        Central\",\"regionalDisplayName\":\"(Asia Pacific) Korea Central\",\"metadata\":{\"regionType\":\"Physical\",\"regionCategory\":\"Recommended\",\"geographyGroup\":\"Asia
        Pacific\",\"longitude\":\"126.9780\",\"latitude\":\"37.5665\",\"physicalLocation\":\"Seoul\",\"pairedRegion\":[{\"name\":\"koreasouth\",\"id\":\"/subscriptions/00000000-0000-0000-0000-000000000000/locations/koreasouth\"}]}},{\"id\":\"/subscriptions/00000000-0000-0000-0000-000000000000/locations/canadacentral\",\"name\":\"canadacentral\",\"displayName\":\"Canada
        Central\",\"regionalDisplayName\":\"(Canada) Canada Central\",\"metadata\":{\"regionType\":\"Physical\",\"regionCategory\":\"Recommended\",\"geographyGroup\":\"Canada\",\"longitude\":\"-79.383\",\"latitude\":\"43.653\",\"physicalLocation\":\"Toronto\",\"pairedRegion\":[{\"name\":\"canadaeast\",\"id\":\"/subscriptions/00000000-0000-0000-0000-000000000000/locations/canadaeast\"}]}},{\"id\":\"/subscriptions/00000000-0000-0000-0000-000000000000/locations/francecentral\",\"name\":\"francecentral\",\"displayName\":\"France
        Central\",\"regionalDisplayName\":\"(Europe) France Central\",\"metadata\":{\"regionType\":\"Physical\",\"regionCategory\":\"Recommended\",\"geographyGroup\":\"Europe\",\"longitude\":\"2.3730\",\"latitude\":\"46.3772\",\"physicalLocation\":\"Paris\",\"pairedRegion\":[{\"name\":\"francesouth\",\"id\":\"/subscriptions/00000000-0000-0000-0000-000000000000/locations/francesouth\"}]}},{\"id\":\"/subscriptions/00000000-0000-0000-0000-000000000000/locations/germanywestcentral\",\"name\":\"germanywestcentral\",\"displayName\":\"Germany
        West Central\",\"regionalDisplayName\":\"(Europe) Germany West Central\",\"metadata\":{\"regionType\":\"Physical\",\"regionCategory\":\"Recommended\",\"geographyGroup\":\"Europe\",\"longitude\":\"8.682127\",\"latitude\":\"50.110924\",\"physicalLocation\":\"Frankfurt\",\"pairedRegion\":[{\"name\":\"germanynorth\",\"id\":\"/subscriptions/00000000-0000-0000-0000-000000000000/locations/germanynorth\"}]}},{\"id\":\"/subscriptions/00000000-0000-0000-0000-000000000000/locations/norwayeast\",\"name\":\"norwayeast\",\"displayName\":\"Norway
        East\",\"regionalDisplayName\":\"(Europe) Norway East\",\"metadata\":{\"regionType\":\"Physical\",\"regionCategory\":\"Recommended\",\"geographyGroup\":\"Europe\",\"longitude\":\"10.752245\",\"latitude\":\"59.913868\",\"physicalLocation\":\"Norway\",\"pairedRegion\":[{\"name\":\"norwaywest\",\"id\":\"/subscriptions/00000000-0000-0000-0000-000000000000/locations/norwaywest\"}]}},{\"id\":\"/subscriptions/00000000-0000-0000-0000-000000000000/locations/switzerlandnorth\",\"name\":\"switzerlandnorth\",\"displayName\":\"Switzerland
        North\",\"regionalDisplayName\":\"(Europe) Switzerland North\",\"metadata\":{\"regionType\":\"Physical\",\"regionCategory\":\"Recommended\",\"geographyGroup\":\"Europe\",\"longitude\":\"8.564572\",\"latitude\":\"47.451542\",\"physicalLocation\":\"Zurich\",\"pairedRegion\":[{\"name\":\"switzerlandwest\",\"id\":\"/subscriptions/00000000-0000-0000-0000-000000000000/locations/switzerlandwest\"}]}},{\"id\":\"/subscriptions/00000000-0000-0000-0000-000000000000/locations/uaenorth\",\"name\":\"uaenorth\",\"displayName\":\"UAE
        North\",\"regionalDisplayName\":\"(Middle East) UAE North\",\"metadata\":{\"regionType\":\"Physical\",\"regionCategory\":\"Recommended\",\"geographyGroup\":\"Middle
        East\",\"longitude\":\"55.316666\",\"latitude\":\"25.266666\",\"physicalLocation\":\"Dubai\",\"pairedRegion\":[{\"name\":\"uaecentral\",\"id\":\"/subscriptions/00000000-0000-0000-0000-000000000000/locations/uaecentral\"}]}},{\"id\":\"/subscriptions/00000000-0000-0000-0000-000000000000/locations/brazilsouth\",\"name\":\"brazilsouth\",\"displayName\":\"Brazil
        South\",\"regionalDisplayName\":\"(South America) Brazil South\",\"metadata\":{\"regionType\":\"Physical\",\"regionCategory\":\"Recommended\",\"geographyGroup\":\"South
        America\",\"longitude\":\"-46.633\",\"latitude\":\"-23.55\",\"physicalLocation\":\"Sao
        Paulo State\",\"pairedRegion\":[{\"name\":\"southcentralus\",\"id\":\"/subscriptions/00000000-0000-0000-0000-000000000000/locations/southcentralus\"}]}},{\"id\":\"/subscriptions/00000000-0000-0000-0000-000000000000/locations/centralusstage\",\"name\":\"centralusstage\",\"displayName\":\"Central
        US (Stage)\",\"regionalDisplayName\":\"(US) Central US (Stage)\",\"metadata\":{\"regionType\":\"Logical\",\"regionCategory\":\"Other\",\"geographyGroup\":\"US\"}},{\"id\":\"/subscriptions/00000000-0000-0000-0000-000000000000/locations/eastusstage\",\"name\":\"eastusstage\",\"displayName\":\"East
        US (Stage)\",\"regionalDisplayName\":\"(US) East US (Stage)\",\"metadata\":{\"regionType\":\"Logical\",\"regionCategory\":\"Other\",\"geographyGroup\":\"US\"}},{\"id\":\"/subscriptions/00000000-0000-0000-0000-000000000000/locations/eastus2stage\",\"name\":\"eastus2stage\",\"displayName\":\"East
        US 2 (Stage)\",\"regionalDisplayName\":\"(US) East US 2 (Stage)\",\"metadata\":{\"regionType\":\"Logical\",\"regionCategory\":\"Other\",\"geographyGroup\":\"US\"}},{\"id\":\"/subscriptions/00000000-0000-0000-0000-000000000000/locations/northcentralusstage\",\"name\":\"northcentralusstage\",\"displayName\":\"North
        Central US (Stage)\",\"regionalDisplayName\":\"(US) North Central US (Stage)\",\"metadata\":{\"regionType\":\"Logical\",\"regionCategory\":\"Other\",\"geographyGroup\":\"US\"}},{\"id\":\"/subscriptions/00000000-0000-0000-0000-000000000000/locations/southcentralusstage\",\"name\":\"southcentralusstage\",\"displayName\":\"South
        Central US (Stage)\",\"regionalDisplayName\":\"(US) South Central US (Stage)\",\"metadata\":{\"regionType\":\"Logical\",\"regionCategory\":\"Other\",\"geographyGroup\":\"US\"}},{\"id\":\"/subscriptions/00000000-0000-0000-0000-000000000000/locations/westusstage\",\"name\":\"westusstage\",\"displayName\":\"West
        US (Stage)\",\"regionalDisplayName\":\"(US) West US (Stage)\",\"metadata\":{\"regionType\":\"Logical\",\"regionCategory\":\"Other\",\"geographyGroup\":\"US\"}},{\"id\":\"/subscriptions/00000000-0000-0000-0000-000000000000/locations/westus2stage\",\"name\":\"westus2stage\",\"displayName\":\"West
        US 2 (Stage)\",\"regionalDisplayName\":\"(US) West US 2 (Stage)\",\"metadata\":{\"regionType\":\"Logical\",\"regionCategory\":\"Other\",\"geographyGroup\":\"US\"}},{\"id\":\"/subscriptions/00000000-0000-0000-0000-000000000000/locations/asia\",\"name\":\"asia\",\"displayName\":\"Asia\",\"regionalDisplayName\":\"Asia\",\"metadata\":{\"regionType\":\"Logical\",\"regionCategory\":\"Other\"}},{\"id\":\"/subscriptions/00000000-0000-0000-0000-000000000000/locations/asiapacific\",\"name\":\"asiapacific\",\"displayName\":\"Asia
        Pacific\",\"regionalDisplayName\":\"Asia Pacific\",\"metadata\":{\"regionType\":\"Logical\",\"regionCategory\":\"Other\"}},{\"id\":\"/subscriptions/00000000-0000-0000-0000-000000000000/locations/australia\",\"name\":\"australia\",\"displayName\":\"Australia\",\"regionalDisplayName\":\"Australia\",\"metadata\":{\"regionType\":\"Logical\",\"regionCategory\":\"Other\"}},{\"id\":\"/subscriptions/00000000-0000-0000-0000-000000000000/locations/brazil\",\"name\":\"brazil\",\"displayName\":\"Brazil\",\"regionalDisplayName\":\"Brazil\",\"metadata\":{\"regionType\":\"Logical\",\"regionCategory\":\"Other\"}},{\"id\":\"/subscriptions/00000000-0000-0000-0000-000000000000/locations/canada\",\"name\":\"canada\",\"displayName\":\"Canada\",\"regionalDisplayName\":\"Canada\",\"metadata\":{\"regionType\":\"Logical\",\"regionCategory\":\"Other\"}},{\"id\":\"/subscriptions/00000000-0000-0000-0000-000000000000/locations/europe\",\"name\":\"europe\",\"displayName\":\"Europe\",\"regionalDisplayName\":\"Europe\",\"metadata\":{\"regionType\":\"Logical\",\"regionCategory\":\"Other\"}},{\"id\":\"/subscriptions/00000000-0000-0000-0000-000000000000/locations/global\",\"name\":\"global\",\"displayName\":\"Global\",\"regionalDisplayName\":\"Global\",\"metadata\":{\"regionType\":\"Logical\",\"regionCategory\":\"Other\"}},{\"id\":\"/subscriptions/00000000-0000-0000-0000-000000000000/locations/india\",\"name\":\"india\",\"displayName\":\"India\",\"regionalDisplayName\":\"India\",\"metadata\":{\"regionType\":\"Logical\",\"regionCategory\":\"Other\"}},{\"id\":\"/subscriptions/00000000-0000-0000-0000-000000000000/locations/japan\",\"name\":\"japan\",\"displayName\":\"Japan\",\"regionalDisplayName\":\"Japan\",\"metadata\":{\"regionType\":\"Logical\",\"regionCategory\":\"Other\"}},{\"id\":\"/subscriptions/00000000-0000-0000-0000-000000000000/locations/uk\",\"name\":\"uk\",\"displayName\":\"United
        Kingdom\",\"regionalDisplayName\":\"United Kingdom\",\"metadata\":{\"regionType\":\"Logical\",\"regionCategory\":\"Other\"}},{\"id\":\"/subscriptions/00000000-0000-0000-0000-000000000000/locations/unitedstates\",\"name\":\"unitedstates\",\"displayName\":\"United
        States\",\"regionalDisplayName\":\"United States\",\"metadata\":{\"regionType\":\"Logical\",\"regionCategory\":\"Other\"}},{\"id\":\"/subscriptions/00000000-0000-0000-0000-000000000000/locations/eastasiastage\",\"name\":\"eastasiastage\",\"displayName\":\"East
        Asia (Stage)\",\"regionalDisplayName\":\"(Asia Pacific) East Asia (Stage)\",\"metadata\":{\"regionType\":\"Logical\",\"regionCategory\":\"Other\",\"geographyGroup\":\"Asia
        Pacific\"}},{\"id\":\"/subscriptions/00000000-0000-0000-0000-000000000000/locations/southeastasiastage\",\"name\":\"southeastasiastage\",\"displayName\":\"Southeast
        Asia (Stage)\",\"regionalDisplayName\":\"(Asia Pacific) Southeast Asia (Stage)\",\"metadata\":{\"regionType\":\"Logical\",\"regionCategory\":\"Other\",\"geographyGroup\":\"Asia
        Pacific\"}},{\"id\":\"/subscriptions/00000000-0000-0000-0000-000000000000/locations/centraluseuap\",\"name\":\"centraluseuap\",\"displayName\":\"Central
        US EUAP\",\"regionalDisplayName\":\"(US) Central US EUAP\",\"metadata\":{\"regionType\":\"Physical\",\"regionCategory\":\"Other\",\"geographyGroup\":\"US\",\"longitude\":\"-93.6208\",\"latitude\":\"41.5908\",\"pairedRegion\":[{\"name\":\"eastus2euap\",\"id\":\"/subscriptions/00000000-0000-0000-0000-000000000000/locations/eastus2euap\"}]}},{\"id\":\"/subscriptions/00000000-0000-0000-0000-000000000000/locations/eastus2euap\",\"name\":\"eastus2euap\",\"displayName\":\"East
        US 2 EUAP\",\"regionalDisplayName\":\"(US) East US 2 EUAP\",\"metadata\":{\"regionType\":\"Physical\",\"regionCategory\":\"Other\",\"geographyGroup\":\"US\",\"longitude\":\"-78.3889\",\"latitude\":\"36.6681\",\"pairedRegion\":[{\"name\":\"centraluseuap\",\"id\":\"/subscriptions/00000000-0000-0000-0000-000000000000/locations/centraluseuap\"}]}},{\"id\":\"/subscriptions/00000000-0000-0000-0000-000000000000/locations/westcentralus\",\"name\":\"westcentralus\",\"displayName\":\"West
        Central US\",\"regionalDisplayName\":\"(US) West Central US\",\"metadata\":{\"regionType\":\"Physical\",\"regionCategory\":\"Other\",\"geographyGroup\":\"US\",\"longitude\":\"-110.234\",\"latitude\":\"40.890\",\"physicalLocation\":\"Wyoming\",\"pairedRegion\":[{\"name\":\"westus2\",\"id\":\"/subscriptions/00000000-0000-0000-0000-000000000000/locations/westus2\"}]}},{\"id\":\"/subscriptions/00000000-0000-0000-0000-000000000000/locations/southafricawest\",\"name\":\"southafricawest\",\"displayName\":\"South
        Africa West\",\"regionalDisplayName\":\"(Africa) South Africa West\",\"metadata\":{\"regionType\":\"Physical\",\"regionCategory\":\"Other\",\"geographyGroup\":\"Africa\",\"longitude\":\"18.843266\",\"latitude\":\"-34.075691\",\"physicalLocation\":\"Cape
        Town\",\"pairedRegion\":[{\"name\":\"southafricanorth\",\"id\":\"/subscriptions/00000000-0000-0000-0000-000000000000/locations/southafricanorth\"}]}},{\"id\":\"/subscriptions/00000000-0000-0000-0000-000000000000/locations/australiacentral\",\"name\":\"australiacentral\",\"displayName\":\"Australia
        Central\",\"regionalDisplayName\":\"(Asia Pacific) Australia Central\",\"metadata\":{\"regionType\":\"Physical\",\"regionCategory\":\"Other\",\"geographyGroup\":\"Asia
        Pacific\",\"longitude\":\"149.1244\",\"latitude\":\"-35.3075\",\"physicalLocation\":\"Canberra\",\"pairedRegion\":[{\"name\":\"australiacentral\",\"id\":\"/subscriptions/00000000-0000-0000-0000-000000000000/locations/australiacentral\"}]}},{\"id\":\"/subscriptions/00000000-0000-0000-0000-000000000000/locations/australiacentral2\",\"name\":\"australiacentral2\",\"displayName\":\"Australia
        Central 2\",\"regionalDisplayName\":\"(Asia Pacific) Australia Central 2\",\"metadata\":{\"regionType\":\"Physical\",\"regionCategory\":\"Other\",\"geographyGroup\":\"Asia
        Pacific\",\"longitude\":\"149.1244\",\"latitude\":\"-35.3075\",\"physicalLocation\":\"Canberra\",\"pairedRegion\":[{\"name\":\"australiacentral2\",\"id\":\"/subscriptions/00000000-0000-0000-0000-000000000000/locations/australiacentral2\"}]}},{\"id\":\"/subscriptions/00000000-0000-0000-0000-000000000000/locations/australiasoutheast\",\"name\":\"australiasoutheast\",\"displayName\":\"Australia
        Southeast\",\"regionalDisplayName\":\"(Asia Pacific) Australia Southeast\",\"metadata\":{\"regionType\":\"Physical\",\"regionCategory\":\"Other\",\"geographyGroup\":\"Asia
        Pacific\",\"longitude\":\"144.9631\",\"latitude\":\"-37.8136\",\"physicalLocation\":\"Victoria\",\"pairedRegion\":[{\"name\":\"australiaeast\",\"id\":\"/subscriptions/00000000-0000-0000-0000-000000000000/locations/australiaeast\"}]}},{\"id\":\"/subscriptions/00000000-0000-0000-0000-000000000000/locations/japanwest\",\"name\":\"japanwest\",\"displayName\":\"Japan
        West\",\"regionalDisplayName\":\"(Asia Pacific) Japan West\",\"metadata\":{\"regionType\":\"Physical\",\"regionCategory\":\"Other\",\"geographyGroup\":\"Asia
        Pacific\",\"longitude\":\"135.5022\",\"latitude\":\"34.6939\",\"physicalLocation\":\"Osaka\",\"pairedRegion\":[{\"name\":\"japaneast\",\"id\":\"/subscriptions/00000000-0000-0000-0000-000000000000/locations/japaneast\"}]}},{\"id\":\"/subscriptions/00000000-0000-0000-0000-000000000000/locations/jioindiacentral\",\"name\":\"jioindiacentral\",\"displayName\":\"Jio
        India Central\",\"regionalDisplayName\":\"(Asia Pacific) Jio India Central\",\"metadata\":{\"regionType\":\"Physical\",\"regionCategory\":\"Other\",\"geographyGroup\":\"Asia
        Pacific\",\"longitude\":\"79.08886\",\"latitude\":\"21.146633\",\"physicalLocation\":\"Nagpur\",\"pairedRegion\":[{\"name\":\"jioindiawest\",\"id\":\"/subscriptions/00000000-0000-0000-0000-000000000000/locations/jioindiawest\"}]}},{\"id\":\"/subscriptions/00000000-0000-0000-0000-000000000000/locations/koreasouth\",\"name\":\"koreasouth\",\"displayName\":\"Korea
        South\",\"regionalDisplayName\":\"(Asia Pacific) Korea South\",\"metadata\":{\"regionType\":\"Physical\",\"regionCategory\":\"Other\",\"geographyGroup\":\"Asia
        Pacific\",\"longitude\":\"129.0756\",\"latitude\":\"35.1796\",\"physicalLocation\":\"Busan\",\"pairedRegion\":[{\"name\":\"koreacentral\",\"id\":\"/subscriptions/00000000-0000-0000-0000-000000000000/locations/koreacentral\"}]}},{\"id\":\"/subscriptions/00000000-0000-0000-0000-000000000000/locations/southindia\",\"name\":\"southindia\",\"displayName\":\"South
        India\",\"regionalDisplayName\":\"(Asia Pacific) South India\",\"metadata\":{\"regionType\":\"Physical\",\"regionCategory\":\"Other\",\"geographyGroup\":\"Asia
        Pacific\",\"longitude\":\"80.1636\",\"latitude\":\"12.9822\",\"physicalLocation\":\"Chennai\",\"pairedRegion\":[{\"name\":\"centralindia\",\"id\":\"/subscriptions/00000000-0000-0000-0000-000000000000/locations/centralindia\"}]}},{\"id\":\"/subscriptions/00000000-0000-0000-0000-000000000000/locations/westindia\",\"name\":\"westindia\",\"displayName\":\"West
        India\",\"regionalDisplayName\":\"(Asia Pacific) West India\",\"metadata\":{\"regionType\":\"Physical\",\"regionCategory\":\"Other\",\"geographyGroup\":\"Asia
        Pacific\",\"longitude\":\"72.868\",\"latitude\":\"19.088\",\"physicalLocation\":\"Mumbai\",\"pairedRegion\":[{\"name\":\"southindia\",\"id\":\"/subscriptions/00000000-0000-0000-0000-000000000000/locations/southindia\"}]}},{\"id\":\"/subscriptions/00000000-0000-0000-0000-000000000000/locations/canadaeast\",\"name\":\"canadaeast\",\"displayName\":\"Canada
        East\",\"regionalDisplayName\":\"(Canada) Canada East\",\"metadata\":{\"regionType\":\"Physical\",\"regionCategory\":\"Other\",\"geographyGroup\":\"Canada\",\"longitude\":\"-71.217\",\"latitude\":\"46.817\",\"physicalLocation\":\"Quebec\",\"pairedRegion\":[{\"name\":\"canadacentral\",\"id\":\"/subscriptions/00000000-0000-0000-0000-000000000000/locations/canadacentral\"}]}},{\"id\":\"/subscriptions/00000000-0000-0000-0000-000000000000/locations/francesouth\",\"name\":\"francesouth\",\"displayName\":\"France
        South\",\"regionalDisplayName\":\"(Europe) France South\",\"metadata\":{\"regionType\":\"Physical\",\"regionCategory\":\"Other\",\"geographyGroup\":\"Europe\",\"longitude\":\"2.1972\",\"latitude\":\"43.8345\",\"physicalLocation\":\"Marseille\",\"pairedRegion\":[{\"name\":\"francecentral\",\"id\":\"/subscriptions/00000000-0000-0000-0000-000000000000/locations/francecentral\"}]}},{\"id\":\"/subscriptions/00000000-0000-0000-0000-000000000000/locations/germanynorth\",\"name\":\"germanynorth\",\"displayName\":\"Germany
        North\",\"regionalDisplayName\":\"(Europe) Germany North\",\"metadata\":{\"regionType\":\"Physical\",\"regionCategory\":\"Other\",\"geographyGroup\":\"Europe\",\"longitude\":\"8.806422\",\"latitude\":\"53.073635\",\"physicalLocation\":\"Berlin\",\"pairedRegion\":[{\"name\":\"germanywestcentral\",\"id\":\"/subscriptions/00000000-0000-0000-0000-000000000000/locations/germanywestcentral\"}]}},{\"id\":\"/subscriptions/00000000-0000-0000-0000-000000000000/locations/norwaywest\",\"name\":\"norwaywest\",\"displayName\":\"Norway
        West\",\"regionalDisplayName\":\"(Europe) Norway West\",\"metadata\":{\"regionType\":\"Physical\",\"regionCategory\":\"Other\",\"geographyGroup\":\"Europe\",\"longitude\":\"5.733107\",\"latitude\":\"58.969975\",\"physicalLocation\":\"Norway\",\"pairedRegion\":[{\"name\":\"norwayeast\",\"id\":\"/subscriptions/00000000-0000-0000-0000-000000000000/locations/norwayeast\"}]}},{\"id\":\"/subscriptions/00000000-0000-0000-0000-000000000000/locations/swedensouth\",\"name\":\"swedensouth\",\"displayName\":\"Sweden
        South\",\"regionalDisplayName\":\"(Europe) Sweden South\",\"metadata\":{\"regionType\":\"Physical\",\"regionCategory\":\"Other\",\"geographyGroup\":\"Europe\",\"longitude\":\"13.0007\",\"latitude\":\"55.6059\",\"physicalLocation\":\"Malmo\",\"pairedRegion\":[{\"name\":\"swedencentral\",\"id\":\"/subscriptions/00000000-0000-0000-0000-000000000000/locations/swedencentral\"}]}},{\"id\":\"/subscriptions/00000000-0000-0000-0000-000000000000/locations/switzerlandwest\",\"name\":\"switzerlandwest\",\"displayName\":\"Switzerland
        West\",\"regionalDisplayName\":\"(Europe) Switzerland West\",\"metadata\":{\"regionType\":\"Physical\",\"regionCategory\":\"Other\",\"geographyGroup\":\"Europe\",\"longitude\":\"6.143158\",\"latitude\":\"46.204391\",\"physicalLocation\":\"Geneva\",\"pairedRegion\":[{\"name\":\"switzerlandnorth\",\"id\":\"/subscriptions/00000000-0000-0000-0000-000000000000/locations/switzerlandnorth\"}]}},{\"id\":\"/subscriptions/00000000-0000-0000-0000-000000000000/locations/ukwest\",\"name\":\"ukwest\",\"displayName\":\"UK
        West\",\"regionalDisplayName\":\"(Europe) UK West\",\"metadata\":{\"regionType\":\"Physical\",\"regionCategory\":\"Other\",\"geographyGroup\":\"Europe\",\"longitude\":\"-3.084\",\"latitude\":\"53.427\",\"physicalLocation\":\"Cardiff\",\"pairedRegion\":[{\"name\":\"uksouth\",\"id\":\"/subscriptions/00000000-0000-0000-0000-000000000000/locations/uksouth\"}]}},{\"id\":\"/subscriptions/00000000-0000-0000-0000-000000000000/locations/uaecentral\",\"name\":\"uaecentral\",\"displayName\":\"UAE
        Central\",\"regionalDisplayName\":\"(Middle East) UAE Central\",\"metadata\":{\"regionType\":\"Physical\",\"regionCategory\":\"Other\",\"geographyGroup\":\"Middle
        East\",\"longitude\":\"54.366669\",\"latitude\":\"24.466667\",\"physicalLocation\":\"Abu
        Dhabi\",\"pairedRegion\":[{\"name\":\"uaenorth\",\"id\":\"/subscriptions/00000000-0000-0000-0000-000000000000/locations/uaenorth\"}]}},{\"id\":\"/subscriptions/00000000-0000-0000-0000-000000000000/locations/brazilsoutheast\",\"name\":\"brazilsoutheast\",\"displayName\":\"Brazil
        Southeast\",\"regionalDisplayName\":\"(South America) Brazil Southeast\",\"metadata\":{\"regionType\":\"Physical\",\"regionCategory\":\"Other\",\"geographyGroup\":\"South
        America\",\"longitude\":\"-43.2075\",\"latitude\":\"-22.90278\",\"physicalLocation\":\"Rio\",\"pairedRegion\":[{\"name\":\"brazilsouth\",\"id\":\"/subscriptions/00000000-0000-0000-0000-000000000000/locations/brazilsouth\"}]}},{\"id\":\"/subscriptions/00000000-0000-0000-0000-000000000000/locations/eastusslv\",\"name\":\"eastusslv\",\"displayName\":\"East
        US SLV\",\"regionalDisplayName\":\"(South America) East US SLV\",\"metadata\":{\"regionType\":\"Physical\",\"regionCategory\":\"Other\",\"geographyGroup\":\"South
        America\",\"longitude\":\"-43.2075\",\"latitude\":\"-22.90278\",\"physicalLocation\":\"Silverstone\",\"pairedRegion\":[{\"name\":\"eastusslv\",\"id\":\"/subscriptions/00000000-0000-0000-0000-000000000000/locations/eastusslv\"}]}}]}"
    headers:
      cache-control:
      - no-cache
      content-length:
      - '27936'
      content-type:
      - application/json; charset=utf-8
      date:
      - Fri, 06 Aug 2021 07:20:55 GMT
      expires:
      - '-1'
      pragma:
      - no-cache
      strict-transport-security:
      - max-age=31536000; includeSubDomains
      vary:
      - Accept-Encoding
      x-content-type-options:
      - nosniff
    status:
      code: 200
      message: OK
- request:
    body: '{"location": "westus", "tags": {}, "properties": {"source": {"type": "PlatformImage",
      "publisher": "Canonical", "offer": "UbuntuServer", "sku": "18.04-LTS", "version":
      "18.04.201808140"}, "customize": [], "distribute": [{"runOutputName": "img1",
      "type": "ManagedImage", "imageId": "/subscriptions/00000000-0000-0000-0000-000000000000/resourceGroups/img_tmpl_cancel_000001/providers/Microsoft.Compute/images/img1",
      "location": "westus"}], "vmProfile": {}}, "identity": {"type": "UserAssigned",
      "userAssignedIdentities": {"/subscriptions/00000000-0000-0000-0000-000000000000/resourceGroups/img_tmpl_cancel_000001/providers/Microsoft.ManagedIdentity/userAssignedIdentities/ide1":
      {}}}}'
    headers:
      Accept:
      - application/json
      Accept-Encoding:
      - gzip, deflate
      CommandName:
      - image builder create
      Connection:
      - keep-alive
      Content-Length:
      - '788'
      Content-Type:
      - application/json; charset=utf-8
      ParameterSetName:
      - -g -n --image-source --managed-image-destinations --identity
      User-Agent:
      - python/3.8.1 (Windows-10-10.0.19041-SP0) msrest/0.6.21 msrest_azure/0.6.3
        azure-mgmt-imagebuilder/0.4.0 Azure-SDK-For-Python AZURECLI/2.27.0
      accept-language:
      - en-US
    method: PUT
    uri: https://management.azure.com/subscriptions/00000000-0000-0000-0000-000000000000/resourceGroups/img_tmpl_cancel_000001/providers/Microsoft.VirtualMachineImages/imageTemplates/template1?api-version=2021-10-01
  response:
    body:
      string: "{\n \"properties\": {\n  \"source\": {\n   \"offer\": \"UbuntuServer\",\n
        \  \"publisher\": \"Canonical\",\n   \"sku\": \"18.04-LTS\",\n   \"type\":
        \"PlatformImage\",\n   \"version\": \"18.04.201808140\"\n  },\n  \"distribute\":
        [\n   {\n    \"artifactTags\": {},\n    \"imageId\": \"/subscriptions/00000000-0000-0000-0000-000000000000/resourceGroups/img_tmpl_cancel_000001/providers/Microsoft.Compute/images/img1\",\n
        \   \"location\": \"westus\",\n    \"runOutputName\": \"img1\",\n    \"type\":
        \"ManagedImage\"\n   }\n  ],\n  \"provisioningState\": \"Creating\",\n  \"buildTimeoutInMinutes\":
        0,\n  \"vmProfile\": {\n   \"vmSize\": \"\",\n   \"osDiskSizeGB\": 0\n  }\n
        },\n \"identity\": {\n  \"type\": \"UserAssigned\",\n  \"userAssignedIdentities\":
        {\n   \"/subscriptions/00000000-0000-0000-0000-000000000000/resourceGroups/img_tmpl_cancel_000001/providers/Microsoft.ManagedIdentity/userAssignedIdentities/ide1\":
        {}\n  }\n },\n \"id\": \"/subscriptions/00000000-0000-0000-0000-000000000000/resourcegroups/img_tmpl_cancel_000001/providers/Microsoft.VirtualMachineImages/imageTemplates/template1\",\n
        \"name\": \"template1\",\n \"type\": \"Microsoft.VirtualMachineImages/imageTemplates\",\n
        \"location\": \"westus\",\n \"tags\": {}\n}"
    headers:
      azure-asyncoperation:
      - https://management.azure.com/subscriptions/00000000-0000-0000-0000-000000000000/providers/Microsoft.VirtualMachineImages/locations/westus/operations/9cef1998-fcb0-4fec-a5a3-28b64a764f6d?api-version=2020-02-14
      cache-control:
      - no-cache
      content-length:
      - '1276'
      content-type:
      - application/json
      date:
      - Fri, 06 Aug 2021 07:21:07 GMT
      expires:
      - '-1'
      pragma:
      - no-cache
      server:
      - nginx
      strict-transport-security:
      - max-age=31536000; includeSubDomains
      x-content-type-options:
      - nosniff
      x-ms-ratelimit-remaining-subscription-writes:
      - '1196'
    status:
      code: 201
      message: Created
- request:
    body: null
    headers:
      Accept:
      - application/json
      Accept-Encoding:
      - gzip, deflate
      CommandName:
      - image builder create
      Connection:
      - keep-alive
      ParameterSetName:
      - -g -n --image-source --managed-image-destinations --identity
      User-Agent:
      - python/3.8.1 (Windows-10-10.0.19041-SP0) msrest/0.6.21 msrest_azure/0.6.3
        azure-mgmt-imagebuilder/0.4.0 Azure-SDK-For-Python AZURECLI/2.27.0
    method: GET
    uri: https://management.azure.com/subscriptions/00000000-0000-0000-0000-000000000000/providers/Microsoft.VirtualMachineImages/locations/westus/operations/9cef1998-fcb0-4fec-a5a3-28b64a764f6d?api-version=2020-02-14
  response:
    body:
      string: "{\n \"name\": \"9CEF1998-FCB0-4FEC-A5A3-28B64A764F6D\",\n \"status\":
        \"Succeeded\",\n \"startTime\": \"2021-08-06T07:21:05.9833333Z\",\n \"endTime\":
        \"2021-08-06T07:21:16.332973Z\"\n}"
    headers:
      cache-control:
      - no-cache
      content-length:
      - '164'
      content-type:
      - application/json
      date:
      - Fri, 06 Aug 2021 07:21:38 GMT
      expires:
      - '-1'
      pragma:
      - no-cache
      server:
      - nginx
      strict-transport-security:
      - max-age=31536000; includeSubDomains
      transfer-encoding:
      - chunked
      vary:
      - Accept-Encoding
      x-content-type-options:
      - nosniff
    status:
      code: 200
      message: OK
- request:
    body: null
    headers:
      Accept:
      - application/json
      Accept-Encoding:
      - gzip, deflate
      CommandName:
      - image builder create
      Connection:
      - keep-alive
      ParameterSetName:
      - -g -n --image-source --managed-image-destinations --identity
      User-Agent:
      - python/3.8.1 (Windows-10-10.0.19041-SP0) msrest/0.6.21 msrest_azure/0.6.3
        azure-mgmt-imagebuilder/0.4.0 Azure-SDK-For-Python AZURECLI/2.27.0
    method: GET
    uri: https://management.azure.com/subscriptions/00000000-0000-0000-0000-000000000000/resourceGroups/img_tmpl_cancel_000001/providers/Microsoft.VirtualMachineImages/imageTemplates/template1?api-version=2021-10-01
  response:
    body:
      string: "{\n \"properties\": {\n  \"source\": {\n   \"offer\": \"UbuntuServer\",\n
        \  \"publisher\": \"Canonical\",\n   \"sku\": \"18.04-LTS\",\n   \"type\":
        \"PlatformImage\",\n   \"version\": \"18.04.201808140\"\n  },\n  \"distribute\":
        [\n   {\n    \"artifactTags\": {},\n    \"imageId\": \"/subscriptions/00000000-0000-0000-0000-000000000000/resourceGroups/img_tmpl_cancel_000001/providers/Microsoft.Compute/images/img1\",\n
        \   \"location\": \"westus\",\n    \"runOutputName\": \"img1\",\n    \"type\":
        \"ManagedImage\"\n   }\n  ],\n  \"provisioningState\": \"Succeeded\",\n  \"buildTimeoutInMinutes\":
        0,\n  \"vmProfile\": {\n   \"vmSize\": \"\",\n   \"osDiskSizeGB\": 0\n  }\n
        },\n \"identity\": {\n  \"type\": \"UserAssigned\",\n  \"userAssignedIdentities\":
        {\n   \"/subscriptions/00000000-0000-0000-0000-000000000000/resourceGroups/img_tmpl_cancel_000001/providers/Microsoft.ManagedIdentity/userAssignedIdentities/ide1\":
        {\n    \"principalId\": \"66796a90-985c-4369-a2f6-ebc36bc0e9e6\",\n    \"clientId\":
        \"a7a69a61-60d6-414f-beab-057ac945db99\"\n   }\n  }\n },\n \"id\": \"/subscriptions/00000000-0000-0000-0000-000000000000/resourcegroups/img_tmpl_cancel_000001/providers/Microsoft.VirtualMachineImages/imageTemplates/template1\",\n
        \"name\": \"template1\",\n \"type\": \"Microsoft.VirtualMachineImages/imageTemplates\",\n
        \"location\": \"westus\",\n \"tags\": {}\n}"
    headers:
      cache-control:
      - no-cache
      content-length:
      - '1395'
      content-type:
      - application/json
      date:
      - Fri, 06 Aug 2021 07:21:39 GMT
      expires:
      - '-1'
      pragma:
      - no-cache
      server:
      - nginx
      strict-transport-security:
      - max-age=31536000; includeSubDomains
      transfer-encoding:
      - chunked
      vary:
      - Accept-Encoding
      x-content-type-options:
      - nosniff
    status:
      code: 200
      message: OK
- request:
    body: null
    headers:
      Accept:
      - application/json
      Accept-Encoding:
      - gzip, deflate
      CommandName:
      - image builder run
      Connection:
      - keep-alive
      Content-Length:
      - '0'
      ParameterSetName:
      - -g -n --no-wait
      User-Agent:
      - python/3.8.1 (Windows-10-10.0.19041-SP0) msrest/0.6.21 msrest_azure/0.6.3
        azure-mgmt-imagebuilder/0.4.0 Azure-SDK-For-Python AZURECLI/2.27.0
      accept-language:
      - en-US
    method: POST
    uri: https://management.azure.com/subscriptions/00000000-0000-0000-0000-000000000000/resourceGroups/img_tmpl_cancel_000001/providers/Microsoft.VirtualMachineImages/imageTemplates/template1/run?api-version=2021-10-01
  response:
    body:
      string: ''
    headers:
      azure-asyncoperation:
      - https://management.azure.com/subscriptions/00000000-0000-0000-0000-000000000000/providers/Microsoft.VirtualMachineImages/locations/westus/operations/18885081-49e9-4e2e-ab2c-550aad459a17?api-version=2020-02-14
      cache-control:
      - no-cache
      content-length:
      - '0'
      date:
      - Fri, 06 Aug 2021 07:21:42 GMT
      expires:
      - '-1'
      location:
      - https://management.azure.com/subscriptions/00000000-0000-0000-0000-000000000000/providers/Microsoft.VirtualMachineImages/locations/westus/operations/18885081-49e9-4e2e-ab2c-550aad459a17?api-version=2020-02-14
      pragma:
      - no-cache
      server:
      - nginx
      strict-transport-security:
      - max-age=31536000; includeSubDomains
      x-content-type-options:
      - nosniff
      x-ms-ratelimit-remaining-subscription-writes:
      - '1199'
    status:
      code: 202
      message: Accepted
- request:
    body: null
    headers:
      Accept:
      - application/json
      Accept-Encoding:
      - gzip, deflate
      CommandName:
      - image builder show
      Connection:
      - keep-alive
      ParameterSetName:
      - -g -n
      User-Agent:
      - python/3.8.1 (Windows-10-10.0.19041-SP0) msrest/0.6.21 msrest_azure/0.6.3
        azure-mgmt-imagebuilder/0.4.0 Azure-SDK-For-Python AZURECLI/2.27.0
      accept-language:
      - en-US
    method: GET
    uri: https://management.azure.com/subscriptions/00000000-0000-0000-0000-000000000000/resourceGroups/img_tmpl_cancel_000001/providers/Microsoft.VirtualMachineImages/imageTemplates/template1?api-version=2021-10-01
  response:
    body:
      string: "{\n \"properties\": {\n  \"source\": {\n   \"offer\": \"UbuntuServer\",\n
        \  \"publisher\": \"Canonical\",\n   \"sku\": \"18.04-LTS\",\n   \"type\":
        \"PlatformImage\",\n   \"version\": \"18.04.201808140\"\n  },\n  \"distribute\":
        [\n   {\n    \"artifactTags\": {},\n    \"imageId\": \"/subscriptions/00000000-0000-0000-0000-000000000000/resourceGroups/img_tmpl_cancel_000001/providers/Microsoft.Compute/images/img1\",\n
        \   \"location\": \"westus\",\n    \"runOutputName\": \"img1\",\n    \"type\":
        \"ManagedImage\"\n   }\n  ],\n  \"provisioningState\": \"Succeeded\",\n  \"lastRunStatus\":
        {\n   \"startTime\": \"2021-08-06T07:21:42.046984187Z\",\n   \"endTime\":
        \"0001-01-01T00:00:00Z\",\n   \"runState\": \"Running\",\n   \"runSubState\":
        \"Queued\",\n   \"message\": \"\"\n  },\n  \"buildTimeoutInMinutes\": 0,\n
        \ \"vmProfile\": {\n   \"vmSize\": \"\",\n   \"osDiskSizeGB\": 0\n  }\n },\n
        \"identity\": {\n  \"type\": \"UserAssigned\",\n  \"userAssignedIdentities\":
        {\n   \"/subscriptions/00000000-0000-0000-0000-000000000000/resourceGroups/img_tmpl_cancel_000001/providers/Microsoft.ManagedIdentity/userAssignedIdentities/ide1\":
        {\n    \"principalId\": \"66796a90-985c-4369-a2f6-ebc36bc0e9e6\",\n    \"clientId\":
        \"a7a69a61-60d6-414f-beab-057ac945db99\"\n   }\n  }\n },\n \"id\": \"/subscriptions/00000000-0000-0000-0000-000000000000/resourcegroups/img_tmpl_cancel_000001/providers/Microsoft.VirtualMachineImages/imageTemplates/template1\",\n
        \"name\": \"template1\",\n \"type\": \"Microsoft.VirtualMachineImages/imageTemplates\",\n
        \"location\": \"westus\",\n \"tags\": {}\n}"
    headers:
      cache-control:
      - no-cache
      content-length:
      - '1580'
      content-type:
      - application/json
      date:
      - Fri, 06 Aug 2021 07:21:43 GMT
      expires:
      - '-1'
      pragma:
      - no-cache
      server:
      - nginx
      strict-transport-security:
      - max-age=31536000; includeSubDomains
      transfer-encoding:
      - chunked
      vary:
      - Accept-Encoding
      x-content-type-options:
      - nosniff
    status:
      code: 200
      message: OK
- request:
    body: null
    headers:
      Accept:
      - application/json
      Accept-Encoding:
      - gzip, deflate
      CommandName:
      - image builder cancel
      Connection:
      - keep-alive
      Content-Length:
      - '0'
      ParameterSetName:
      - -g -n
      User-Agent:
      - python/3.8.1 (Windows-10-10.0.19041-SP0) msrest/0.6.21 msrest_azure/0.6.3
        azure-mgmt-imagebuilder/0.4.0 Azure-SDK-For-Python AZURECLI/2.27.0
      accept-language:
      - en-US
    method: POST
    uri: https://management.azure.com/subscriptions/00000000-0000-0000-0000-000000000000/resourceGroups/img_tmpl_cancel_000001/providers/Microsoft.VirtualMachineImages/imageTemplates/template1/cancel?api-version=2021-10-01
  response:
    body:
      string: ''
    headers:
      cache-control:
      - no-cache
      date:
      - Fri, 06 Aug 2021 07:22:01 GMT
      expires:
      - '-1'
      pragma:
      - no-cache
      server:
      - nginx
      strict-transport-security:
      - max-age=31536000; includeSubDomains
      x-content-type-options:
      - nosniff
      x-ms-ratelimit-remaining-subscription-writes:
      - '1199'
    status:
      code: 204
      message: No Content
- request:
    body: null
    headers:
      Accept:
      - application/json
      Accept-Encoding:
      - gzip, deflate
      CommandName:
      - image builder show
      Connection:
      - keep-alive
      ParameterSetName:
      - -g -n
      User-Agent:
      - python/3.8.1 (Windows-10-10.0.19041-SP0) msrest/0.6.21 msrest_azure/0.6.3
        azure-mgmt-imagebuilder/0.4.0 Azure-SDK-For-Python AZURECLI/2.27.0
      accept-language:
      - en-US
    method: GET
    uri: https://management.azure.com/subscriptions/00000000-0000-0000-0000-000000000000/resourceGroups/img_tmpl_cancel_000001/providers/Microsoft.VirtualMachineImages/imageTemplates/template1?api-version=2021-10-01
  response:
    body:
      string: "{\n \"properties\": {\n  \"source\": {\n   \"offer\": \"UbuntuServer\",\n
        \  \"publisher\": \"Canonical\",\n   \"sku\": \"18.04-LTS\",\n   \"type\":
        \"PlatformImage\",\n   \"version\": \"18.04.201808140\"\n  },\n  \"distribute\":
        [\n   {\n    \"artifactTags\": {},\n    \"imageId\": \"/subscriptions/00000000-0000-0000-0000-000000000000/resourceGroups/img_tmpl_cancel_000001/providers/Microsoft.Compute/images/img1\",\n
        \   \"location\": \"westus\",\n    \"runOutputName\": \"img1\",\n    \"type\":
        \"ManagedImage\"\n   }\n  ],\n  \"provisioningState\": \"Succeeded\",\n  \"lastRunStatus\":
        {\n   \"startTime\": \"2021-08-06T07:21:42.046984187Z\",\n   \"endTime\":
        \"0001-01-01T00:00:00Z\",\n   \"runState\": \"Canceling\",\n   \"message\":
        \"Canceling image build\"\n  },\n  \"buildTimeoutInMinutes\": 0,\n  \"vmProfile\":
        {\n   \"vmSize\": \"\",\n   \"osDiskSizeGB\": 0\n  }\n },\n \"identity\":
        {\n  \"type\": \"UserAssigned\",\n  \"userAssignedIdentities\": {\n   \"/subscriptions/00000000-0000-0000-0000-000000000000/resourceGroups/img_tmpl_cancel_000001/providers/Microsoft.ManagedIdentity/userAssignedIdentities/ide1\":
        {\n    \"principalId\": \"66796a90-985c-4369-a2f6-ebc36bc0e9e6\",\n    \"clientId\":
        \"a7a69a61-60d6-414f-beab-057ac945db99\"\n   }\n  }\n },\n \"id\": \"/subscriptions/00000000-0000-0000-0000-000000000000/resourcegroups/img_tmpl_cancel_000001/providers/Microsoft.VirtualMachineImages/imageTemplates/template1\",\n
        \"name\": \"template1\",\n \"type\": \"Microsoft.VirtualMachineImages/imageTemplates\",\n
        \"location\": \"westus\",\n \"tags\": {}\n}"
    headers:
      cache-control:
      - no-cache
      content-length:
      - '1575'
      content-type:
      - application/json
      date:
      - Fri, 06 Aug 2021 07:22:02 GMT
      expires:
      - '-1'
      pragma:
      - no-cache
      server:
      - nginx
      strict-transport-security:
      - max-age=31536000; includeSubDomains
      transfer-encoding:
      - chunked
      vary:
      - Accept-Encoding
      x-content-type-options:
      - nosniff
    status:
      code: 200
      message: OK
version: 1
