interactions:
- request:
    body: null
    headers:
      Accept:
      - application/json
      Accept-Encoding:
      - gzip, deflate
      CommandName:
      - vm create
      Connection:
      - keep-alive
      ParameterSetName:
      - -g -n --image --admin-username --admin-password --license-type --nsg-rule
      User-Agent:
      - AZURECLI/2.55.0 azsdk-python-azure-mgmt-resource/23.1.0b2 Python/3.10.11 (Windows-10-10.0.22631-SP0)
    method: GET
    uri: https://management.azure.com/subscriptions/00000000-0000-0000-0000-000000000000/resourcegroups/cli_test_windows_license_type000001?api-version=2022-09-01
  response:
    body:
      string: '{"id":"/subscriptions/00000000-0000-0000-0000-000000000000/resourceGroups/cli_test_windows_license_type000001","name":"cli_test_windows_license_type000001","type":"Microsoft.Resources/resourceGroups","location":"westus","tags":{"product":"azurecli","cause":"automation","test":"test_vm_windows_license_type","date":"2023-12-19T07:47:39Z","module":"vm"},"properties":{"provisioningState":"Succeeded"}}'
    headers:
      cache-control:
      - no-cache
      content-length:
      - '400'
      content-type:
      - application/json; charset=utf-8
      date:
      - Tue, 19 Dec 2023 07:47:46 GMT
      expires:
      - '-1'
      pragma:
      - no-cache
      strict-transport-security:
      - max-age=31536000; includeSubDomains
      vary:
      - Accept-Encoding
      x-content-type-options:
      - nosniff
    status:
      code: 200
      message: OK
- request:
    body: null
    headers:
      Accept:
      - '*/*'
      Accept-Encoding:
      - gzip, deflate
      Connection:
      - keep-alive
      User-Agent:
      - python-requests/2.31.0
    method: GET
    uri: https://raw.githubusercontent.com/Azure/azure-rest-api-specs/main/arm-compute/quickstart-templates/aliases.json
  response:
    body:
      string: "{\n  \"$schema\": \"http://schema.management.azure.com/schemas/2015-01-01/deploymentTemplate.json\",\n
        \ \"contentVersion\": \"1.0.0.0\",\n  \"parameters\": {},\n  \"variables\":
        {},\n  \"resources\": [],\n  \"outputs\": {\n    \"aliases\": {\n      \"type\":
        \"object\",\n      \"value\": {\n        \"Linux\": {\n          \"CentOS85Gen2\":
        {\n            \"publisher\":  \"OpenLogic\",\n            \"offer\":  \"CentOS\",\n
        \           \"sku\":  \"8_5-gen2\",\n            \"version\":  \"latest\",\n
        \           \"architecture\": \"x64\"\n          },\n          \"Debian11\":
        \ {\n            \"publisher\":  \"Debian\",\n            \"offer\":  \"debian-11\",\n
        \           \"sku\":  \"11-backports-gen2\",\n            \"version\":  \"latest\",\n
        \           \"architecture\": \"x64\"\n          },\n          \"FlatcarLinuxFreeGen2\":
        \ {\n            \"publisher\":  \"kinvolk\",\n            \"offer\":  \"flatcar-container-linux-free\",\n
        \           \"sku\":  \"stable-gen2\",\n            \"version\":  \"latest\",\n
        \           \"architecture\": \"x64\"\n          },\n          \"OpenSuseLeap154Gen2\":
        \ {\n            \"publisher\":  \"SUSE\",\n            \"offer\":  \"openSUSE-leap-15-4\",\n
        \           \"sku\":  \"gen2\",\n            \"version\":  \"latest\",\n            \"architecture\":
        \"x64\"\n          },\n          \"RHELRaw8LVMGen2\":  {\n            \"publisher\":
        \ \"RedHat\",\n            \"offer\":  \"RHEL\",\n            \"sku\":  \"8-lvm-gen2\",\n
        \           \"version\":  \"latest\",\n            \"architecture\": \"x64\"\n
        \         },\n          \"SuseSles15SP3\": {\n            \"publisher\": \"SUSE\",\n
        \           \"offer\": \"sles-15-sp3\",\n            \"sku\": \"gen2\",\n
        \           \"version\": \"latest\",\n            \"architecture\": \"x64\"\n
        \         },\n          \"Ubuntu2204\":  {\n            \"publisher\":  \"Canonical\",\n
        \           \"offer\":  \"0001-com-ubuntu-server-jammy\",\n            \"sku\":
        \ \"22_04-lts-gen2\",\n            \"version\":  \"latest\",\n            \"architecture\":
        \"x64\"\n          }\n        },\n        \"Windows\": {\n          \"Win2022Datacenter\":
        {\n            \"publisher\": \"MicrosoftWindowsServer\",\n            \"offer\":
        \"WindowsServer\",\n            \"sku\": \"2022-datacenter-g2\",\n            \"version\":
        \"latest\",\n            \"architecture\": \"x64\"\n          },\n          \"Win2022AzureEditionCore\":
        {\n            \"publisher\": \"MicrosoftWindowsServer\",\n            \"offer\":
        \"WindowsServer\",\n            \"sku\": \"2022-datacenter-azure-edition-core\",\n
        \           \"version\": \"latest\",\n            \"architecture\": \"x64\"\n
        \         },\n          \"Win2019Datacenter\": {\n            \"publisher\":
        \"MicrosoftWindowsServer\",\n            \"offer\": \"WindowsServer\",\n            \"sku\":
        \"2019-datacenter-gensecond\",\n            \"version\": \"latest\",\n            \"architecture\":
        \"x64\"\n          },\n          \"Win2016Datacenter\": {\n            \"publisher\":
        \"MicrosoftWindowsServer\",\n            \"offer\": \"WindowsServer\",\n            \"sku\":
        \"2016-datacenter-gensecond\",\n            \"version\": \"latest\",\n            \"architecture\":
        \"x64\"\n          },\n          \"Win2012R2Datacenter\": {\n            \"publisher\":
        \"MicrosoftWindowsServer\",\n            \"offer\": \"WindowsServer\",\n            \"sku\":
        \"2012-R2-Datacenter\",\n            \"version\": \"latest\",\n            \"architecture\":
        \"x64\"\n          },\n          \"Win2012Datacenter\": {\n            \"publisher\":
        \"MicrosoftWindowsServer\",\n            \"offer\": \"WindowsServer\",\n            \"sku\":
        \"2012-Datacenter\",\n            \"version\": \"latest\",\n            \"architecture\":
        \"x64\"\n          },\n          \"Win2008R2SP1\": {\n            \"publisher\":
        \"MicrosoftWindowsServer\",\n            \"offer\": \"WindowsServer\",\n            \"sku\":
        \"2008-R2-SP1\",\n            \"version\": \"latest\",\n            \"architecture\":
        \"x64\"\n          }\n        }\n      }\n    }\n  }\n}\n"
    headers:
      accept-ranges:
      - bytes
      access-control-allow-origin:
      - '*'
      cache-control:
      - max-age=300
      connection:
      - keep-alive
      content-length:
      - '3615'
      content-security-policy:
      - default-src 'none'; style-src 'unsafe-inline'; sandbox
      content-type:
      - text/plain; charset=utf-8
      cross-origin-resource-policy:
      - cross-origin
      date:
      - Tue, 19 Dec 2023 07:47:47 GMT
      etag:
      - W/"9fee27d398b0211e374a0f0e8e79c9b3a0342cfa43466b26b8548409639c8c17"
      expires:
      - Tue, 19 Dec 2023 07:52:47 GMT
      source-age:
      - '216'
      strict-transport-security:
      - max-age=31536000
      vary:
      - Authorization,Accept-Encoding,Origin
      via:
      - 1.1 varnish
      x-cache:
      - HIT
      x-cache-hits:
      - '1'
      x-content-type-options:
      - nosniff
      x-fastly-request-id:
      - 2a1ed2c0cbb660d3b36c048f65c3ecc12a99d285
      x-frame-options:
      - deny
      x-github-request-id:
      - C006:DAEB4:13C0AA:18E413:656F9214
      x-served-by:
      - cache-qpg1248-QPG
      x-timer:
      - S1702972067.354937,VS0,VE1
      x-xss-protection:
      - 1; mode=block
    status:
      code: 200
      message: OK
- request:
    body: null
    headers:
      Accept:
      - application/json
      Accept-Encoding:
      - gzip, deflate
      CommandName:
      - vm create
      Connection:
      - keep-alive
      ParameterSetName:
      - -g -n --image --admin-username --admin-password --license-type --nsg-rule
      User-Agent:
      - AZURECLI/2.55.0 azsdk-python-azure-mgmt-compute/30.4.0 Python/3.10.11 (Windows-10-10.0.22631-SP0)
    method: GET
    uri: https://management.azure.com/subscriptions/00000000-0000-0000-0000-000000000000/providers/Microsoft.Compute/locations/westus/publishers/MicrosoftWindowsServer/artifacttypes/vmimage/offers/WindowsServer/skus/2012-R2-Datacenter/versions?$top=1&$orderby=name%20desc&api-version=2023-09-01
  response:
    body:
      string: "[\r\n  {\r\n    \"location\": \"westus\",\r\n    \"name\": \"9600.21620.231004\",\r\n
        \   \"id\": \"/Subscriptions/00000000-0000-0000-0000-000000000000/Providers/Microsoft.Compute/Locations/westus/Publishers/MicrosoftWindowsServer/ArtifactTypes/VMImage/Offers/WindowsServer/Skus/2012-R2-Datacenter/Versions/9600.21620.231004\"\r\n
        \ }\r\n]"
    headers:
      cache-control:
      - no-cache
      content-length:
      - '313'
      content-type:
      - application/json; charset=utf-8
      date:
      - Tue, 19 Dec 2023 07:47:48 GMT
      expires:
      - '-1'
      pragma:
      - no-cache
      server:
      - Microsoft-HTTPAPI/2.0
      - Microsoft-HTTPAPI/2.0
      strict-transport-security:
      - max-age=31536000; includeSubDomains
      transfer-encoding:
      - chunked
      vary:
      - Accept-Encoding
      x-content-type-options:
      - nosniff
      x-ms-ratelimit-remaining-resource:
      - Microsoft.Compute/ListVMImagesVersionsFromLocation3Min;15999,Microsoft.Compute/ListVMImagesVersionsFromLocation30Min;43999
    status:
      code: 200
      message: OK
- request:
    body: null
    headers:
      Accept:
      - application/json
      Accept-Encoding:
      - gzip, deflate
      CommandName:
      - vm create
      Connection:
      - keep-alive
      ParameterSetName:
      - -g -n --image --admin-username --admin-password --license-type --nsg-rule
      User-Agent:
      - AZURECLI/2.55.0 azsdk-python-azure-mgmt-compute/30.4.0 Python/3.10.11 (Windows-10-10.0.22631-SP0)
    method: GET
    uri: https://management.azure.com/subscriptions/00000000-0000-0000-0000-000000000000/providers/Microsoft.Compute/locations/westus/publishers/MicrosoftWindowsServer/artifacttypes/vmimage/offers/WindowsServer/skus/2012-R2-Datacenter/versions/9600.21620.231004?api-version=2023-09-01
  response:
    body:
      string: "{\r\n  \"properties\": {\r\n    \"hyperVGeneration\": \"V1\",\r\n    \"architecture\":
        \"x64\",\r\n    \"replicaType\": \"Unmanaged\",\r\n    \"disallowed\": {\r\n
        \     \"vmDiskType\": \"None\"\r\n    },\r\n    \"automaticOSUpgradeProperties\":
        {\r\n      \"automaticOSUpgradeSupported\": true\r\n    },\r\n    \"imageDeprecationStatus\":
        {\r\n      \"imageState\": \"Active\"\r\n    },\r\n    \"features\": [\r\n
        \     {\r\n        \"name\": \"IsAcceleratedNetworkSupported\",\r\n        \"value\":
        \"True\"\r\n      },\r\n      {\r\n        \"name\": \"DiskControllerTypes\",\r\n
        \       \"value\": \"SCSI\"\r\n      },\r\n      {\r\n        \"name\": \"IsHibernateSupported\",\r\n
        \       \"value\": \"False\"\r\n      }\r\n    ],\r\n    \"osDiskImage\":
        {\r\n      \"operatingSystem\": \"Windows\",\r\n      \"sizeInBytes\": 136367309312\r\n
        \   },\r\n    \"dataDiskImages\": []\r\n  },\r\n  \"location\": \"westus\",\r\n
        \ \"name\": \"9600.21620.231004\",\r\n  \"id\": \"/Subscriptions/00000000-0000-0000-0000-000000000000/Providers/Microsoft.Compute/Locations/westus/Publishers/MicrosoftWindowsServer/ArtifactTypes/VMImage/Offers/WindowsServer/Skus/2012-R2-Datacenter/Versions/9600.21620.231004\"\r\n}"
    headers:
      cache-control:
      - no-cache
      content-length:
      - '1050'
      content-type:
      - application/json; charset=utf-8
      date:
      - Tue, 19 Dec 2023 07:47:49 GMT
      expires:
      - '-1'
      pragma:
      - no-cache
      server:
      - Microsoft-HTTPAPI/2.0
      - Microsoft-HTTPAPI/2.0
      strict-transport-security:
      - max-age=31536000; includeSubDomains
      transfer-encoding:
      - chunked
      vary:
      - Accept-Encoding
      x-content-type-options:
      - nosniff
      x-ms-ratelimit-remaining-resource:
      - Microsoft.Compute/GetVMImageFromLocation3Min;12999,Microsoft.Compute/GetVMImageFromLocation30Min;73999
    status:
      code: 200
      message: OK
- request:
    body: null
    headers:
      Accept:
      - application/json
      Accept-Encoding:
      - gzip, deflate
      CommandName:
      - vm create
      Connection:
      - keep-alive
      ParameterSetName:
      - -g -n --image --admin-username --admin-password --license-type --nsg-rule
      User-Agent:
      - AZURECLI/2.55.0 (AAZ) azsdk-python-core/1.28.0 Python/3.10.11 (Windows-10-10.0.22631-SP0)
    method: GET
    uri: https://management.azure.com/subscriptions/00000000-0000-0000-0000-000000000000/resourceGroups/cli_test_windows_license_type000001/providers/Microsoft.Network/virtualNetworks?api-version=2022-01-01
  response:
    body:
      string: '{"value":[]}'
    headers:
      cache-control:
      - no-cache
      content-length:
      - '12'
      content-type:
      - application/json; charset=utf-8
      date:
      - Tue, 19 Dec 2023 07:47:50 GMT
      expires:
      - '-1'
      pragma:
      - no-cache
      strict-transport-security:
      - max-age=31536000; includeSubDomains
      vary:
      - Accept-Encoding
      x-content-type-options:
      - nosniff
    status:
      code: 200
      message: OK
- request:
    body: null
    headers:
      Accept:
      - '*/*'
      Accept-Encoding:
      - gzip, deflate
      Connection:
      - keep-alive
      User-Agent:
      - python-requests/2.31.0
    method: GET
    uri: https://raw.githubusercontent.com/Azure/azure-rest-api-specs/main/arm-compute/quickstart-templates/aliases.json
  response:
    body:
      string: "{\n  \"$schema\": \"http://schema.management.azure.com/schemas/2015-01-01/deploymentTemplate.json\",\n
        \ \"contentVersion\": \"1.0.0.0\",\n  \"parameters\": {},\n  \"variables\":
        {},\n  \"resources\": [],\n  \"outputs\": {\n    \"aliases\": {\n      \"type\":
        \"object\",\n      \"value\": {\n        \"Linux\": {\n          \"CentOS85Gen2\":
        {\n            \"publisher\":  \"OpenLogic\",\n            \"offer\":  \"CentOS\",\n
        \           \"sku\":  \"8_5-gen2\",\n            \"version\":  \"latest\",\n
        \           \"architecture\": \"x64\"\n          },\n          \"Debian11\":
        \ {\n            \"publisher\":  \"Debian\",\n            \"offer\":  \"debian-11\",\n
        \           \"sku\":  \"11-backports-gen2\",\n            \"version\":  \"latest\",\n
        \           \"architecture\": \"x64\"\n          },\n          \"FlatcarLinuxFreeGen2\":
        \ {\n            \"publisher\":  \"kinvolk\",\n            \"offer\":  \"flatcar-container-linux-free\",\n
        \           \"sku\":  \"stable-gen2\",\n            \"version\":  \"latest\",\n
        \           \"architecture\": \"x64\"\n          },\n          \"OpenSuseLeap154Gen2\":
        \ {\n            \"publisher\":  \"SUSE\",\n            \"offer\":  \"openSUSE-leap-15-4\",\n
        \           \"sku\":  \"gen2\",\n            \"version\":  \"latest\",\n            \"architecture\":
        \"x64\"\n          },\n          \"RHELRaw8LVMGen2\":  {\n            \"publisher\":
        \ \"RedHat\",\n            \"offer\":  \"RHEL\",\n            \"sku\":  \"8-lvm-gen2\",\n
        \           \"version\":  \"latest\",\n            \"architecture\": \"x64\"\n
        \         },\n          \"SuseSles15SP3\": {\n            \"publisher\": \"SUSE\",\n
        \           \"offer\": \"sles-15-sp3\",\n            \"sku\": \"gen2\",\n
        \           \"version\": \"latest\",\n            \"architecture\": \"x64\"\n
        \         },\n          \"Ubuntu2204\":  {\n            \"publisher\":  \"Canonical\",\n
        \           \"offer\":  \"0001-com-ubuntu-server-jammy\",\n            \"sku\":
        \ \"22_04-lts-gen2\",\n            \"version\":  \"latest\",\n            \"architecture\":
        \"x64\"\n          }\n        },\n        \"Windows\": {\n          \"Win2022Datacenter\":
        {\n            \"publisher\": \"MicrosoftWindowsServer\",\n            \"offer\":
        \"WindowsServer\",\n            \"sku\": \"2022-datacenter-g2\",\n            \"version\":
        \"latest\",\n            \"architecture\": \"x64\"\n          },\n          \"Win2022AzureEditionCore\":
        {\n            \"publisher\": \"MicrosoftWindowsServer\",\n            \"offer\":
        \"WindowsServer\",\n            \"sku\": \"2022-datacenter-azure-edition-core\",\n
        \           \"version\": \"latest\",\n            \"architecture\": \"x64\"\n
        \         },\n          \"Win2019Datacenter\": {\n            \"publisher\":
        \"MicrosoftWindowsServer\",\n            \"offer\": \"WindowsServer\",\n            \"sku\":
        \"2019-datacenter-gensecond\",\n            \"version\": \"latest\",\n            \"architecture\":
        \"x64\"\n          },\n          \"Win2016Datacenter\": {\n            \"publisher\":
        \"MicrosoftWindowsServer\",\n            \"offer\": \"WindowsServer\",\n            \"sku\":
        \"2016-datacenter-gensecond\",\n            \"version\": \"latest\",\n            \"architecture\":
        \"x64\"\n          },\n          \"Win2012R2Datacenter\": {\n            \"publisher\":
        \"MicrosoftWindowsServer\",\n            \"offer\": \"WindowsServer\",\n            \"sku\":
        \"2012-R2-Datacenter\",\n            \"version\": \"latest\",\n            \"architecture\":
        \"x64\"\n          },\n          \"Win2012Datacenter\": {\n            \"publisher\":
        \"MicrosoftWindowsServer\",\n            \"offer\": \"WindowsServer\",\n            \"sku\":
        \"2012-Datacenter\",\n            \"version\": \"latest\",\n            \"architecture\":
        \"x64\"\n          },\n          \"Win2008R2SP1\": {\n            \"publisher\":
        \"MicrosoftWindowsServer\",\n            \"offer\": \"WindowsServer\",\n            \"sku\":
        \"2008-R2-SP1\",\n            \"version\": \"latest\",\n            \"architecture\":
        \"x64\"\n          }\n        }\n      }\n    }\n  }\n}\n"
    headers:
      accept-ranges:
      - bytes
      access-control-allow-origin:
      - '*'
      cache-control:
      - max-age=300
      connection:
      - keep-alive
      content-length:
      - '3615'
      content-security-policy:
      - default-src 'none'; style-src 'unsafe-inline'; sandbox
      content-type:
      - text/plain; charset=utf-8
      cross-origin-resource-policy:
      - cross-origin
      date:
      - Tue, 19 Dec 2023 07:47:51 GMT
      etag:
      - W/"9fee27d398b0211e374a0f0e8e79c9b3a0342cfa43466b26b8548409639c8c17"
      expires:
      - Tue, 19 Dec 2023 07:52:51 GMT
      source-age:
      - '221'
      strict-transport-security:
      - max-age=31536000
      vary:
      - Authorization,Accept-Encoding,Origin
      via:
      - 1.1 varnish
      x-cache:
      - HIT
      x-cache-hits:
      - '1'
      x-content-type-options:
      - nosniff
      x-fastly-request-id:
      - 9c6b54b15bfa474e3631774a6f60d4b12f9ce26f
      x-frame-options:
      - deny
      x-github-request-id:
      - C006:DAEB4:13C0AA:18E413:656F9214
      x-served-by:
      - cache-qpg1259-QPG
      x-timer:
      - S1702972072.591406,VS0,VE2
      x-xss-protection:
      - 1; mode=block
    status:
      code: 200
      message: OK
- request:
    body: null
    headers:
      Accept:
      - application/json
      Accept-Encoding:
      - gzip, deflate
      CommandName:
      - vm create
      Connection:
      - keep-alive
      ParameterSetName:
      - -g -n --image --admin-username --admin-password --license-type --nsg-rule
      User-Agent:
      - AZURECLI/2.55.0 azsdk-python-azure-mgmt-compute/30.4.0 Python/3.10.11 (Windows-10-10.0.22631-SP0)
    method: GET
    uri: https://management.azure.com/subscriptions/00000000-0000-0000-0000-000000000000/providers/Microsoft.Compute/locations/westus/publishers/MicrosoftWindowsServer/artifacttypes/vmimage/offers/WindowsServer/skus/2012-R2-Datacenter/versions?$top=1&$orderby=name%20desc&api-version=2023-09-01
  response:
    body:
      string: "[\r\n  {\r\n    \"location\": \"westus\",\r\n    \"name\": \"9600.21620.231004\",\r\n
        \   \"id\": \"/Subscriptions/00000000-0000-0000-0000-000000000000/Providers/Microsoft.Compute/Locations/westus/Publishers/MicrosoftWindowsServer/ArtifactTypes/VMImage/Offers/WindowsServer/Skus/2012-R2-Datacenter/Versions/9600.21620.231004\"\r\n
        \ }\r\n]"
    headers:
      cache-control:
      - no-cache
      content-length:
      - '313'
      content-type:
      - application/json; charset=utf-8
      date:
      - Tue, 19 Dec 2023 07:47:52 GMT
      expires:
      - '-1'
      pragma:
      - no-cache
      server:
      - Microsoft-HTTPAPI/2.0
      - Microsoft-HTTPAPI/2.0
      strict-transport-security:
      - max-age=31536000; includeSubDomains
      transfer-encoding:
      - chunked
      vary:
      - Accept-Encoding
      x-content-type-options:
      - nosniff
      x-ms-ratelimit-remaining-resource:
      - Microsoft.Compute/ListVMImagesVersionsFromLocation3Min;15998,Microsoft.Compute/ListVMImagesVersionsFromLocation30Min;43998
    status:
      code: 200
      message: OK
- request:
    body: null
    headers:
      Accept:
      - application/json
      Accept-Encoding:
      - gzip, deflate
      CommandName:
      - vm create
      Connection:
      - keep-alive
      ParameterSetName:
      - -g -n --image --admin-username --admin-password --license-type --nsg-rule
      User-Agent:
      - AZURECLI/2.55.0 azsdk-python-azure-mgmt-compute/30.4.0 Python/3.10.11 (Windows-10-10.0.22631-SP0)
    method: GET
    uri: https://management.azure.com/subscriptions/00000000-0000-0000-0000-000000000000/providers/Microsoft.Compute/locations/westus/publishers/MicrosoftWindowsServer/artifacttypes/vmimage/offers/WindowsServer/skus/2012-R2-Datacenter/versions/9600.21620.231004?api-version=2023-09-01
  response:
    body:
      string: "{\r\n  \"properties\": {\r\n    \"hyperVGeneration\": \"V1\",\r\n    \"architecture\":
        \"x64\",\r\n    \"replicaType\": \"Unmanaged\",\r\n    \"disallowed\": {\r\n
        \     \"vmDiskType\": \"None\"\r\n    },\r\n    \"automaticOSUpgradeProperties\":
        {\r\n      \"automaticOSUpgradeSupported\": true\r\n    },\r\n    \"imageDeprecationStatus\":
        {\r\n      \"imageState\": \"Active\"\r\n    },\r\n    \"features\": [\r\n
        \     {\r\n        \"name\": \"IsAcceleratedNetworkSupported\",\r\n        \"value\":
        \"True\"\r\n      },\r\n      {\r\n        \"name\": \"DiskControllerTypes\",\r\n
        \       \"value\": \"SCSI\"\r\n      },\r\n      {\r\n        \"name\": \"IsHibernateSupported\",\r\n
        \       \"value\": \"False\"\r\n      }\r\n    ],\r\n    \"osDiskImage\":
        {\r\n      \"operatingSystem\": \"Windows\",\r\n      \"sizeInBytes\": 136367309312\r\n
        \   },\r\n    \"dataDiskImages\": []\r\n  },\r\n  \"location\": \"westus\",\r\n
        \ \"name\": \"9600.21620.231004\",\r\n  \"id\": \"/Subscriptions/00000000-0000-0000-0000-000000000000/Providers/Microsoft.Compute/Locations/westus/Publishers/MicrosoftWindowsServer/ArtifactTypes/VMImage/Offers/WindowsServer/Skus/2012-R2-Datacenter/Versions/9600.21620.231004\"\r\n}"
    headers:
      cache-control:
      - no-cache
      content-length:
      - '1050'
      content-type:
      - application/json; charset=utf-8
      date:
      - Tue, 19 Dec 2023 07:47:53 GMT
      expires:
      - '-1'
      pragma:
      - no-cache
      server:
      - Microsoft-HTTPAPI/2.0
      - Microsoft-HTTPAPI/2.0
      strict-transport-security:
      - max-age=31536000; includeSubDomains
      transfer-encoding:
      - chunked
      vary:
      - Accept-Encoding
      x-content-type-options:
      - nosniff
      x-ms-ratelimit-remaining-resource:
      - Microsoft.Compute/GetVMImageFromLocation3Min;12998,Microsoft.Compute/GetVMImageFromLocation30Min;73998
    status:
      code: 200
      message: OK
- request:
    body: null
    headers:
      Accept:
      - application/json
      Accept-Encoding:
      - gzip, deflate
      CommandName:
      - vm create
      Connection:
      - keep-alive
      ParameterSetName:
      - -g -n --image --admin-username --admin-password --license-type --nsg-rule
      User-Agent:
      - AZURECLI/2.55.0 azsdk-python-azure-mgmt-compute/30.4.0 Python/3.10.11 (Windows-10-10.0.22631-SP0)
    method: GET
    uri: https://management.azure.com/subscriptions/00000000-0000-0000-0000-000000000000/providers/Microsoft.Compute/locations/westus/publishers/MicrosoftWindowsServer/artifacttypes/vmimage/offers/WindowsServer/skus/2012-R2-Datacenter/versions?$top=1&$orderby=name%20desc&api-version=2023-09-01
  response:
    body:
      string: "[\r\n  {\r\n    \"location\": \"westus\",\r\n    \"name\": \"9600.21620.231004\",\r\n
        \   \"id\": \"/Subscriptions/00000000-0000-0000-0000-000000000000/Providers/Microsoft.Compute/Locations/westus/Publishers/MicrosoftWindowsServer/ArtifactTypes/VMImage/Offers/WindowsServer/Skus/2012-R2-Datacenter/Versions/9600.21620.231004\"\r\n
        \ }\r\n]"
    headers:
      cache-control:
      - no-cache
      content-length:
      - '313'
      content-type:
      - application/json; charset=utf-8
      date:
      - Tue, 19 Dec 2023 07:47:54 GMT
      expires:
      - '-1'
      pragma:
      - no-cache
      server:
      - Microsoft-HTTPAPI/2.0
      - Microsoft-HTTPAPI/2.0
      strict-transport-security:
      - max-age=31536000; includeSubDomains
      transfer-encoding:
      - chunked
      vary:
      - Accept-Encoding
      x-content-type-options:
      - nosniff
      x-ms-ratelimit-remaining-resource:
      - Microsoft.Compute/ListVMImagesVersionsFromLocation3Min;15997,Microsoft.Compute/ListVMImagesVersionsFromLocation30Min;43997
    status:
      code: 200
      message: OK
- request:
    body: null
    headers:
      Accept:
      - application/json
      Accept-Encoding:
      - gzip, deflate
      CommandName:
      - vm create
      Connection:
      - keep-alive
      ParameterSetName:
      - -g -n --image --admin-username --admin-password --license-type --nsg-rule
      User-Agent:
      - AZURECLI/2.55.0 azsdk-python-azure-mgmt-compute/30.4.0 Python/3.10.11 (Windows-10-10.0.22631-SP0)
    method: GET
    uri: https://management.azure.com/subscriptions/00000000-0000-0000-0000-000000000000/providers/Microsoft.Compute/locations/westus/publishers/MicrosoftWindowsServer/artifacttypes/vmimage/offers/WindowsServer/skus/2012-R2-Datacenter/versions/9600.21620.231004?api-version=2023-09-01
  response:
    body:
      string: "{\r\n  \"properties\": {\r\n    \"hyperVGeneration\": \"V1\",\r\n    \"architecture\":
        \"x64\",\r\n    \"replicaType\": \"Unmanaged\",\r\n    \"disallowed\": {\r\n
        \     \"vmDiskType\": \"None\"\r\n    },\r\n    \"automaticOSUpgradeProperties\":
        {\r\n      \"automaticOSUpgradeSupported\": true\r\n    },\r\n    \"imageDeprecationStatus\":
        {\r\n      \"imageState\": \"Active\"\r\n    },\r\n    \"features\": [\r\n
        \     {\r\n        \"name\": \"IsAcceleratedNetworkSupported\",\r\n        \"value\":
        \"True\"\r\n      },\r\n      {\r\n        \"name\": \"DiskControllerTypes\",\r\n
        \       \"value\": \"SCSI\"\r\n      },\r\n      {\r\n        \"name\": \"IsHibernateSupported\",\r\n
        \       \"value\": \"False\"\r\n      }\r\n    ],\r\n    \"osDiskImage\":
        {\r\n      \"operatingSystem\": \"Windows\",\r\n      \"sizeInBytes\": 136367309312\r\n
        \   },\r\n    \"dataDiskImages\": []\r\n  },\r\n  \"location\": \"westus\",\r\n
        \ \"name\": \"9600.21620.231004\",\r\n  \"id\": \"/Subscriptions/00000000-0000-0000-0000-000000000000/Providers/Microsoft.Compute/Locations/westus/Publishers/MicrosoftWindowsServer/ArtifactTypes/VMImage/Offers/WindowsServer/Skus/2012-R2-Datacenter/Versions/9600.21620.231004\"\r\n}"
    headers:
      cache-control:
      - no-cache
      content-length:
      - '1050'
      content-type:
      - application/json; charset=utf-8
      date:
      - Tue, 19 Dec 2023 07:47:55 GMT
      expires:
      - '-1'
      pragma:
      - no-cache
      server:
      - Microsoft-HTTPAPI/2.0
      - Microsoft-HTTPAPI/2.0
      strict-transport-security:
      - max-age=31536000; includeSubDomains
      transfer-encoding:
      - chunked
      vary:
      - Accept-Encoding
      x-content-type-options:
      - nosniff
      x-ms-ratelimit-remaining-resource:
      - Microsoft.Compute/GetVMImageFromLocation3Min;12997,Microsoft.Compute/GetVMImageFromLocation30Min;73997
    status:
      code: 200
      message: OK
- request:
    body: '{"properties": {"template": {"$schema": "https://schema.management.azure.com/schemas/2015-01-01/deploymentTemplate.json#",
      "contentVersion": "1.0.0.0", "parameters": {"adminPassword": {"type": "securestring",
      "metadata": {"description": "Secure adminPassword"}}}, "variables": {}, "resources":
      [{"name": "winvmVNET", "type": "Microsoft.Network/virtualNetworks", "location":
      "westus", "apiVersion": "2015-06-15", "dependsOn": [], "tags": {}, "properties":
      {"addressSpace": {"addressPrefixes": ["10.0.0.0/16"]}, "subnets": [{"name":
      "winvmSubnet", "properties": {"addressPrefix": "10.0.0.0/24"}}]}}, {"type":
      "Microsoft.Network/networkSecurityGroups", "name": "winvmNSG", "apiVersion":
      "2015-06-15", "location": "westus", "tags": {}, "dependsOn": []}, {"apiVersion":
      "2022-01-01", "type": "Microsoft.Network/publicIPAddresses", "name": "winvmPublicIP",
      "location": "westus", "tags": {}, "dependsOn": [], "properties": {"publicIPAllocationMethod":
      "Static"}, "sku": {"name": "Standard"}}, {"apiVersion": "2015-06-15", "type":
      "Microsoft.Network/networkInterfaces", "name": "winvmVMNic", "location": "westus",
      "tags": {}, "dependsOn": ["Microsoft.Network/virtualNetworks/winvmVNET", "Microsoft.Network/networkSecurityGroups/winvmNSG",
      "Microsoft.Network/publicIpAddresses/winvmPublicIP"], "properties": {"ipConfigurations":
      [{"name": "ipconfigwinvm", "properties": {"privateIPAllocationMethod": "Dynamic",
      "subnet": {"id": "/subscriptions/00000000-0000-0000-0000-000000000000/resourceGroups/cli_test_windows_license_type000001/providers/Microsoft.Network/virtualNetworks/winvmVNET/subnets/winvmSubnet"},
      "publicIPAddress": {"id": "/subscriptions/00000000-0000-0000-0000-000000000000/resourceGroups/cli_test_windows_license_type000001/providers/Microsoft.Network/publicIPAddresses/winvmPublicIP"}}}],
      "networkSecurityGroup": {"id": "/subscriptions/00000000-0000-0000-0000-000000000000/resourceGroups/cli_test_windows_license_type000001/providers/Microsoft.Network/networkSecurityGroups/winvmNSG"}}},
      {"apiVersion": "2023-09-01", "type": "Microsoft.Compute/virtualMachines", "name":
      "winvm", "location": "westus", "tags": {}, "dependsOn": ["Microsoft.Network/networkInterfaces/winvmVMNic"],
      "properties": {"hardwareProfile": {"vmSize": "Standard_DS1_v2"}, "networkProfile":
      {"networkInterfaces": [{"id": "/subscriptions/00000000-0000-0000-0000-000000000000/resourceGroups/cli_test_windows_license_type000001/providers/Microsoft.Network/networkInterfaces/winvmVMNic",
      "properties": {"deleteOption": null}}]}, "storageProfile": {"osDisk": {"createOption":
      "fromImage", "name": null, "caching": "ReadWrite", "managedDisk": {"storageAccountType":
      null}}, "imageReference": {"publisher": "MicrosoftWindowsServer", "offer": "WindowsServer",
      "sku": "2012-R2-Datacenter", "version": "latest"}}, "osProfile": {"computerName":
      "winvm", "adminUsername": "clitest1234", "adminPassword": "[parameters(''adminPassword'')]"},
      "licenseType": "Windows_Server"}}], "outputs": {}}, "parameters": {"adminPassword":
      {"value": "Test123456789#"}}, "mode": "incremental"}}'
    headers:
      Accept:
      - application/json
      Accept-Encoding:
      - gzip, deflate
      CommandName:
      - vm create
      Connection:
      - keep-alive
      Content-Length:
      - '3040'
      Content-Type:
      - application/json
      ParameterSetName:
      - -g -n --image --admin-username --admin-password --license-type --nsg-rule
      User-Agent:
      - AZURECLI/2.55.0 azsdk-python-azure-mgmt-resource/23.1.0b2 Python/3.10.11 (Windows-10-10.0.22631-SP0)
    method: PUT
    uri: https://management.azure.com/subscriptions/00000000-0000-0000-0000-000000000000/resourcegroups/cli_test_windows_license_type000001/providers/Microsoft.Resources/deployments/mock-deployment?api-version=2022-09-01
  response:
    body:
      string: '{"id":"/subscriptions/00000000-0000-0000-0000-000000000000/resourceGroups/cli_test_windows_license_type000001/providers/Microsoft.Resources/deployments/vm_deploy_Od7kGVrc4Zi5feLO39JnNdJiJqYTDs02","name":"vm_deploy_Od7kGVrc4Zi5feLO39JnNdJiJqYTDs02","type":"Microsoft.Resources/deployments","properties":{"templateHash":"11338603011979235922","parameters":{"adminPassword":{"type":"SecureString"}},"mode":"Incremental","provisioningState":"Accepted","timestamp":"2023-12-19T07:48:03.374016Z","duration":"PT0.0002406S","correlationId":"644a440b-a439-48e7-959c-6112dcc67827","providers":[{"namespace":"Microsoft.Network","resourceTypes":[{"resourceType":"virtualNetworks","locations":["westus"]},{"resourceType":"networkSecurityGroups","locations":["westus"]},{"resourceType":"publicIPAddresses","locations":["westus"]},{"resourceType":"networkInterfaces","locations":["westus"]}]},{"namespace":"Microsoft.Compute","resourceTypes":[{"resourceType":"virtualMachines","locations":["westus"]}]}],"dependencies":[{"dependsOn":[{"id":"/subscriptions/00000000-0000-0000-0000-000000000000/resourceGroups/cli_test_windows_license_type000001/providers/Microsoft.Network/virtualNetworks/winvmVNET","resourceType":"Microsoft.Network/virtualNetworks","resourceName":"winvmVNET"},{"id":"/subscriptions/00000000-0000-0000-0000-000000000000/resourceGroups/cli_test_windows_license_type000001/providers/Microsoft.Network/networkSecurityGroups/winvmNSG","resourceType":"Microsoft.Network/networkSecurityGroups","resourceName":"winvmNSG"},{"id":"/subscriptions/00000000-0000-0000-0000-000000000000/resourceGroups/cli_test_windows_license_type000001/providers/Microsoft.Network/publicIPAddresses/winvmPublicIP","resourceType":"Microsoft.Network/publicIPAddresses","resourceName":"winvmPublicIP"}],"id":"/subscriptions/00000000-0000-0000-0000-000000000000/resourceGroups/cli_test_windows_license_type000001/providers/Microsoft.Network/networkInterfaces/winvmVMNic","resourceType":"Microsoft.Network/networkInterfaces","resourceName":"winvmVMNic"},{"dependsOn":[{"id":"/subscriptions/00000000-0000-0000-0000-000000000000/resourceGroups/cli_test_windows_license_type000001/providers/Microsoft.Network/networkInterfaces/winvmVMNic","resourceType":"Microsoft.Network/networkInterfaces","resourceName":"winvmVMNic"}],"id":"/subscriptions/00000000-0000-0000-0000-000000000000/resourceGroups/cli_test_windows_license_type000001/providers/Microsoft.Compute/virtualMachines/winvm","resourceType":"Microsoft.Compute/virtualMachines","resourceName":"winvm"}]}}'
    headers:
      azure-asyncoperation:
      - https://management.azure.com/subscriptions/00000000-0000-0000-0000-000000000000/resourcegroups/cli_test_windows_license_type000001/providers/Microsoft.Resources/deployments/vm_deploy_Od7kGVrc4Zi5feLO39JnNdJiJqYTDs02/operationStatuses/08584986348045706597?api-version=2022-09-01
      cache-control:
      - no-cache
      content-length:
      - '2525'
      content-type:
      - application/json; charset=utf-8
      date:
      - Tue, 19 Dec 2023 07:48:04 GMT
      expires:
      - '-1'
      pragma:
      - no-cache
      strict-transport-security:
      - max-age=31536000; includeSubDomains
      x-content-type-options:
      - nosniff
      x-ms-ratelimit-remaining-subscription-writes:
      - '1199'
    status:
      code: 201
      message: Created
- request:
    body: null
    headers:
      Accept:
      - '*/*'
      Accept-Encoding:
      - gzip, deflate
      CommandName:
      - vm create
      Connection:
      - keep-alive
      ParameterSetName:
      - -g -n --image --admin-username --admin-password --license-type --nsg-rule
      User-Agent:
      - AZURECLI/2.55.0 azsdk-python-azure-mgmt-resource/23.1.0b2 Python/3.10.11 (Windows-10-10.0.22631-SP0)
    method: GET
    uri: https://management.azure.com/subscriptions/00000000-0000-0000-0000-000000000000/resourcegroups/cli_test_windows_license_type000001/providers/Microsoft.Resources/deployments/mock-deployment/operationStatuses/08584986348045706597?api-version=2022-09-01
  response:
    body:
      string: '{"status":"Running"}'
    headers:
      cache-control:
      - no-cache
      content-length:
      - '20'
      content-type:
      - application/json; charset=utf-8
      date:
      - Tue, 19 Dec 2023 07:48:04 GMT
      expires:
      - '-1'
      pragma:
      - no-cache
      strict-transport-security:
      - max-age=31536000; includeSubDomains
      vary:
      - Accept-Encoding
      x-content-type-options:
      - nosniff
    status:
      code: 200
      message: OK
- request:
    body: null
    headers:
      Accept:
      - '*/*'
      Accept-Encoding:
      - gzip, deflate
      CommandName:
      - vm create
      Connection:
      - keep-alive
      ParameterSetName:
      - -g -n --image --admin-username --admin-password --license-type --nsg-rule
      User-Agent:
      - AZURECLI/2.55.0 azsdk-python-azure-mgmt-resource/23.1.0b2 Python/3.10.11 (Windows-10-10.0.22631-SP0)
    method: GET
    uri: https://management.azure.com/subscriptions/00000000-0000-0000-0000-000000000000/resourcegroups/cli_test_windows_license_type000001/providers/Microsoft.Resources/deployments/mock-deployment/operationStatuses/08584986348045706597?api-version=2022-09-01
  response:
    body:
      string: '{"status":"Running"}'
    headers:
      cache-control:
      - no-cache
      content-length:
      - '20'
      content-type:
      - application/json; charset=utf-8
      date:
      - Tue, 19 Dec 2023 07:48:35 GMT
      expires:
      - '-1'
      pragma:
      - no-cache
      strict-transport-security:
      - max-age=31536000; includeSubDomains
      vary:
      - Accept-Encoding
      x-content-type-options:
      - nosniff
    status:
      code: 200
      message: OK
- request:
    body: null
    headers:
      Accept:
      - '*/*'
      Accept-Encoding:
      - gzip, deflate
      CommandName:
      - vm create
      Connection:
      - keep-alive
      ParameterSetName:
      - -g -n --image --admin-username --admin-password --license-type --nsg-rule
      User-Agent:
      - AZURECLI/2.55.0 azsdk-python-azure-mgmt-resource/23.1.0b2 Python/3.10.11 (Windows-10-10.0.22631-SP0)
    method: GET
    uri: https://management.azure.com/subscriptions/00000000-0000-0000-0000-000000000000/resourcegroups/cli_test_windows_license_type000001/providers/Microsoft.Resources/deployments/mock-deployment/operationStatuses/08584986348045706597?api-version=2022-09-01
  response:
    body:
      string: '{"status":"Running"}'
    headers:
      cache-control:
      - no-cache
      content-length:
      - '20'
      content-type:
      - application/json; charset=utf-8
      date:
      - Tue, 19 Dec 2023 07:49:06 GMT
      expires:
      - '-1'
      pragma:
      - no-cache
      strict-transport-security:
      - max-age=31536000; includeSubDomains
      vary:
      - Accept-Encoding
      x-content-type-options:
      - nosniff
    status:
      code: 200
      message: OK
- request:
    body: null
    headers:
      Accept:
      - '*/*'
      Accept-Encoding:
      - gzip, deflate
      CommandName:
      - vm create
      Connection:
      - keep-alive
      ParameterSetName:
      - -g -n --image --admin-username --admin-password --license-type --nsg-rule
      User-Agent:
      - AZURECLI/2.55.0 azsdk-python-azure-mgmt-resource/23.1.0b2 Python/3.10.11 (Windows-10-10.0.22631-SP0)
    method: GET
    uri: https://management.azure.com/subscriptions/00000000-0000-0000-0000-000000000000/resourcegroups/cli_test_windows_license_type000001/providers/Microsoft.Resources/deployments/mock-deployment/operationStatuses/08584986348045706597?api-version=2022-09-01
  response:
    body:
      string: '{"status":"Succeeded"}'
    headers:
      cache-control:
      - no-cache
      content-length:
      - '22'
      content-type:
      - application/json; charset=utf-8
      date:
      - Tue, 19 Dec 2023 07:49:36 GMT
      expires:
      - '-1'
      pragma:
      - no-cache
      strict-transport-security:
      - max-age=31536000; includeSubDomains
      vary:
      - Accept-Encoding
      x-content-type-options:
      - nosniff
    status:
      code: 200
      message: OK
- request:
    body: null
    headers:
      Accept:
      - '*/*'
      Accept-Encoding:
      - gzip, deflate
      CommandName:
      - vm create
      Connection:
      - keep-alive
      ParameterSetName:
      - -g -n --image --admin-username --admin-password --license-type --nsg-rule
      User-Agent:
      - AZURECLI/2.55.0 azsdk-python-azure-mgmt-resource/23.1.0b2 Python/3.10.11 (Windows-10-10.0.22631-SP0)
    method: GET
    uri: https://management.azure.com/subscriptions/00000000-0000-0000-0000-000000000000/resourcegroups/cli_test_windows_license_type000001/providers/Microsoft.Resources/deployments/mock-deployment?api-version=2022-09-01
  response:
    body:
      string: '{"id":"/subscriptions/00000000-0000-0000-0000-000000000000/resourceGroups/cli_test_windows_license_type000001/providers/Microsoft.Resources/deployments/vm_deploy_Od7kGVrc4Zi5feLO39JnNdJiJqYTDs02","name":"vm_deploy_Od7kGVrc4Zi5feLO39JnNdJiJqYTDs02","type":"Microsoft.Resources/deployments","properties":{"templateHash":"11338603011979235922","parameters":{"adminPassword":{"type":"SecureString"}},"mode":"Incremental","provisioningState":"Succeeded","timestamp":"2023-12-19T07:49:12.70694Z","duration":"PT1M9.3331646S","correlationId":"644a440b-a439-48e7-959c-6112dcc67827","providers":[{"namespace":"Microsoft.Network","resourceTypes":[{"resourceType":"virtualNetworks","locations":["westus"]},{"resourceType":"networkSecurityGroups","locations":["westus"]},{"resourceType":"publicIPAddresses","locations":["westus"]},{"resourceType":"networkInterfaces","locations":["westus"]}]},{"namespace":"Microsoft.Compute","resourceTypes":[{"resourceType":"virtualMachines","locations":["westus"]}]}],"dependencies":[{"dependsOn":[{"id":"/subscriptions/00000000-0000-0000-0000-000000000000/resourceGroups/cli_test_windows_license_type000001/providers/Microsoft.Network/virtualNetworks/winvmVNET","resourceType":"Microsoft.Network/virtualNetworks","resourceName":"winvmVNET"},{"id":"/subscriptions/00000000-0000-0000-0000-000000000000/resourceGroups/cli_test_windows_license_type000001/providers/Microsoft.Network/networkSecurityGroups/winvmNSG","resourceType":"Microsoft.Network/networkSecurityGroups","resourceName":"winvmNSG"},{"id":"/subscriptions/00000000-0000-0000-0000-000000000000/resourceGroups/cli_test_windows_license_type000001/providers/Microsoft.Network/publicIPAddresses/winvmPublicIP","resourceType":"Microsoft.Network/publicIPAddresses","resourceName":"winvmPublicIP"}],"id":"/subscriptions/00000000-0000-0000-0000-000000000000/resourceGroups/cli_test_windows_license_type000001/providers/Microsoft.Network/networkInterfaces/winvmVMNic","resourceType":"Microsoft.Network/networkInterfaces","resourceName":"winvmVMNic"},{"dependsOn":[{"id":"/subscriptions/00000000-0000-0000-0000-000000000000/resourceGroups/cli_test_windows_license_type000001/providers/Microsoft.Network/networkInterfaces/winvmVMNic","resourceType":"Microsoft.Network/networkInterfaces","resourceName":"winvmVMNic"}],"id":"/subscriptions/00000000-0000-0000-0000-000000000000/resourceGroups/cli_test_windows_license_type000001/providers/Microsoft.Compute/virtualMachines/winvm","resourceType":"Microsoft.Compute/virtualMachines","resourceName":"winvm"}],"outputs":{},"outputResources":[{"id":"/subscriptions/00000000-0000-0000-0000-000000000000/resourceGroups/cli_test_windows_license_type000001/providers/Microsoft.Compute/virtualMachines/winvm"},{"id":"/subscriptions/00000000-0000-0000-0000-000000000000/resourceGroups/cli_test_windows_license_type000001/providers/Microsoft.Network/networkInterfaces/winvmVMNic"},{"id":"/subscriptions/00000000-0000-0000-0000-000000000000/resourceGroups/cli_test_windows_license_type000001/providers/Microsoft.Network/networkSecurityGroups/winvmNSG"},{"id":"/subscriptions/00000000-0000-0000-0000-000000000000/resourceGroups/cli_test_windows_license_type000001/providers/Microsoft.Network/publicIPAddresses/winvmPublicIP"},{"id":"/subscriptions/00000000-0000-0000-0000-000000000000/resourceGroups/cli_test_windows_license_type000001/providers/Microsoft.Network/virtualNetworks/winvmVNET"}]}}'
    headers:
      cache-control:
      - no-cache
      content-length:
      - '3400'
      content-type:
      - application/json; charset=utf-8
      date:
      - Tue, 19 Dec 2023 07:49:36 GMT
      expires:
      - '-1'
      pragma:
      - no-cache
      strict-transport-security:
      - max-age=31536000; includeSubDomains
      vary:
      - Accept-Encoding
      x-content-type-options:
      - nosniff
    status:
      code: 200
      message: OK
- request:
    body: null
    headers:
      Accept:
      - application/json
      Accept-Encoding:
      - gzip, deflate
      CommandName:
      - vm create
      Connection:
      - keep-alive
      ParameterSetName:
      - -g -n --image --admin-username --admin-password --license-type --nsg-rule
      User-Agent:
      - AZURECLI/2.55.0 azsdk-python-azure-mgmt-compute/30.4.0 Python/3.10.11 (Windows-10-10.0.22631-SP0)
    method: GET
    uri: https://management.azure.com/subscriptions/00000000-0000-0000-0000-000000000000/resourceGroups/cli_test_windows_license_type000001/providers/Microsoft.Compute/virtualMachines/winvm?$expand=instanceView&api-version=2023-09-01
  response:
    body:
      string: "{\r\n  \"name\": \"winvm\",\r\n  \"id\": \"/subscriptions/00000000-0000-0000-0000-000000000000/resourceGroups/cli_test_windows_license_type000001/providers/Microsoft.Compute/virtualMachines/winvm\",\r\n
        \ \"type\": \"Microsoft.Compute/virtualMachines\",\r\n  \"location\": \"westus\",\r\n
        \ \"tags\": {},\r\n  \"properties\": {\r\n    \"hardwareProfile\": {\r\n      \"vmSize\":
        \"Standard_DS1_v2\"\r\n    },\r\n    \"provisioningState\": \"Succeeded\",\r\n
        \   \"vmId\": \"b48be9b9-c21b-46ab-850b-79e0c140424b\",\r\n    \"storageProfile\":
        {\r\n      \"imageReference\": {\r\n        \"publisher\": \"MicrosoftWindowsServer\",\r\n
        \       \"offer\": \"WindowsServer\",\r\n        \"sku\": \"2012-R2-Datacenter\",\r\n
        \       \"version\": \"latest\",\r\n        \"exactVersion\": \"9600.21620.231004\"\r\n
        \     },\r\n      \"osDisk\": {\r\n        \"osType\": \"Windows\",\r\n        \"name\":
        \"winvm_OsDisk_1_61e7108e83d043c6909fc3c718cc4e25\",\r\n        \"createOption\":
        \"FromImage\",\r\n        \"caching\": \"ReadWrite\",\r\n        \"managedDisk\":
        {\r\n          \"storageAccountType\": \"Premium_LRS\",\r\n          \"id\":
        \"/subscriptions/00000000-0000-0000-0000-000000000000/resourceGroups/cli_test_windows_license_type000001/providers/Microsoft.Compute/disks/winvm_OsDisk_1_61e7108e83d043c6909fc3c718cc4e25\"\r\n
        \       },\r\n        \"deleteOption\": \"Detach\",\r\n        \"diskSizeGB\":
        127\r\n      },\r\n      \"dataDisks\": []\r\n    },\r\n    \"osProfile\":
        {\r\n      \"computerName\": \"winvm\",\r\n      \"adminUsername\": \"clitest1234\",\r\n
        \     \"windowsConfiguration\": {\r\n        \"provisionVMAgent\": true,\r\n
        \       \"enableAutomaticUpdates\": true,\r\n        \"patchSettings\": {\r\n
        \         \"patchMode\": \"AutomaticByOS\",\r\n          \"assessmentMode\":
        \"ImageDefault\"\r\n        },\r\n        \"enableVMAgentPlatformUpdates\":
        false\r\n      },\r\n      \"secrets\": [],\r\n      \"allowExtensionOperations\":
        true,\r\n      \"requireGuestProvisionSignal\": true\r\n    },\r\n    \"networkProfile\":
        {\"networkInterfaces\":[{\"id\":\"/subscriptions/00000000-0000-0000-0000-000000000000/resourceGroups/cli_test_windows_license_type000001/providers/Microsoft.Network/networkInterfaces/winvmVMNic\"}]},\r\n
        \   \"licenseType\": \"Windows_Server\",\r\n    \"instanceView\": {\r\n      \"computerName\":
        \"winvm\",\r\n      \"osName\": \"Windows Server 2012 R2 Datacenter\",\r\n
        \     \"osVersion\": \"Microsoft Windows NT 6.3.9600.0\",\r\n      \"vmAgent\":
        {\r\n        \"vmAgentVersion\": \"2.7.41491.1095\",\r\n        \"statuses\":
        [\r\n          {\r\n            \"code\": \"ProvisioningState/succeeded\",\r\n
        \           \"level\": \"Info\",\r\n            \"displayStatus\": \"Ready\",\r\n
        \           \"message\": \"GuestAgent is running and processing the extensions.\",\r\n
        \           \"time\": \"2023-12-19T07:49:31.885+00:00\"\r\n          }\r\n
        \       ]\r\n      },\r\n      \"disks\": [\r\n        {\r\n          \"name\":
        \"winvm_OsDisk_1_61e7108e83d043c6909fc3c718cc4e25\",\r\n          \"statuses\":
        [\r\n            {\r\n              \"code\": \"ProvisioningState/succeeded\",\r\n
        \             \"level\": \"Info\",\r\n              \"displayStatus\": \"Provisioning
        succeeded\",\r\n              \"time\": \"2023-12-19T07:48:26.0294934+00:00\"\r\n
        \           }\r\n          ]\r\n        }\r\n      ],\r\n      \"hyperVGeneration\":
        \"V1\",\r\n      \"statuses\": [\r\n        {\r\n          \"code\": \"ProvisioningState/succeeded\",\r\n
        \         \"level\": \"Info\",\r\n          \"displayStatus\": \"Provisioning
        succeeded\",\r\n          \"time\": \"2023-12-19T07:49:05.4518832+00:00\"\r\n
        \       },\r\n        {\r\n          \"code\": \"PowerState/running\",\r\n
        \         \"level\": \"Info\",\r\n          \"displayStatus\": \"VM running\"\r\n
        \       }\r\n      ]\r\n    },\r\n    \"timeCreated\": \"2023-12-19T07:48:23.2638359+00:00\"\r\n
        \ }\r\n}"
    headers:
      cache-control:
      - no-cache
      content-length:
      - '3465'
      content-type:
      - application/json; charset=utf-8
      date:
      - Tue, 19 Dec 2023 07:49:38 GMT
      expires:
      - '-1'
      pragma:
      - no-cache
      server:
      - Microsoft-HTTPAPI/2.0
      - Microsoft-HTTPAPI/2.0
      strict-transport-security:
      - max-age=31536000; includeSubDomains
      transfer-encoding:
      - chunked
      vary:
      - Accept-Encoding
      x-content-type-options:
      - nosniff
      x-ms-ratelimit-remaining-resource:
      - Microsoft.Compute/LowCostGetSubscriptionMaximum;23978,Microsoft.Compute/LowCostGetResource;32
    status:
      code: 200
      message: ''
- request:
    body: null
    headers:
      Accept:
      - application/json
      Accept-Encoding:
      - gzip, deflate
      CommandName:
      - vm create
      Connection:
      - keep-alive
      ParameterSetName:
      - -g -n --image --admin-username --admin-password --license-type --nsg-rule
      User-Agent:
      - AZURECLI/2.55.0 (AAZ) azsdk-python-core/1.28.0 Python/3.10.11 (Windows-10-10.0.22631-SP0)
    method: GET
    uri: https://management.azure.com/subscriptions/00000000-0000-0000-0000-000000000000/resourceGroups/cli_test_windows_license_type000001/providers/Microsoft.Network/networkInterfaces/winvmVMNic?api-version=2022-01-01
  response:
    body:
      string: "{\r\n  \"name\": \"winvmVMNic\",\r\n  \"id\": \"/subscriptions/00000000-0000-0000-0000-000000000000/resourceGroups/cli_test_windows_license_type000001/providers/Microsoft.Network/networkInterfaces/winvmVMNic\",\r\n
        \ \"etag\": \"W/\\\"d2c695f1-39d5-4496-9997-f6f325bc7746\\\"\",\r\n  \"tags\":
        {},\r\n  \"properties\": {\r\n    \"provisioningState\": \"Succeeded\",\r\n
        \   \"resourceGuid\": \"e32470b2-f633-491b-8eb3-1519a7f4ebc8\",\r\n    \"ipConfigurations\":
        [\r\n      {\r\n        \"name\": \"ipconfigwinvm\",\r\n        \"id\": \"/subscriptions/00000000-0000-0000-0000-000000000000/resourceGroups/cli_test_windows_license_type000001/providers/Microsoft.Network/networkInterfaces/winvmVMNic/ipConfigurations/ipconfigwinvm\",\r\n
        \       \"etag\": \"W/\\\"d2c695f1-39d5-4496-9997-f6f325bc7746\\\"\",\r\n
        \       \"type\": \"Microsoft.Network/networkInterfaces/ipConfigurations\",\r\n
        \       \"properties\": {\r\n          \"provisioningState\": \"Succeeded\",\r\n
        \         \"privateIPAddress\": \"10.0.0.4\",\r\n          \"privateIPAllocationMethod\":
        \"Dynamic\",\r\n          \"publicIPAddress\": {\r\n            \"id\": \"/subscriptions/00000000-0000-0000-0000-000000000000/resourceGroups/cli_test_windows_license_type000001/providers/Microsoft.Network/publicIPAddresses/winvmPublicIP\"\r\n
        \         },\r\n          \"subnet\": {\r\n            \"id\": \"/subscriptions/00000000-0000-0000-0000-000000000000/resourceGroups/cli_test_windows_license_type000001/providers/Microsoft.Network/virtualNetworks/winvmVNET/subnets/winvmSubnet\"\r\n
        \         },\r\n          \"primary\": true,\r\n          \"privateIPAddressVersion\":
        \"IPv4\"\r\n        }\r\n      }\r\n    ],\r\n    \"dnsSettings\": {\r\n      \"dnsServers\":
        [],\r\n      \"appliedDnsServers\": [],\r\n      \"internalDomainNameSuffix\":
        \"xgy0l1sxmatejiv0az0xbonnjd.dx.internal.cloudapp.net\"\r\n    },\r\n    \"macAddress\":
        \"60-45-BD-08-ED-25\",\r\n    \"vnetEncryptionSupported\": false,\r\n    \"enableIPForwarding\":
        false,\r\n    \"networkSecurityGroup\": {\r\n      \"id\": \"/subscriptions/00000000-0000-0000-0000-000000000000/resourceGroups/cli_test_windows_license_type000001/providers/Microsoft.Network/networkSecurityGroups/winvmNSG\"\r\n
        \   },\r\n    \"primary\": true,\r\n    \"virtualMachine\": {\r\n      \"id\":
        \"/subscriptions/00000000-0000-0000-0000-000000000000/resourceGroups/cli_test_windows_license_type000001/providers/Microsoft.Compute/virtualMachines/winvm\"\r\n
        \   },\r\n    \"hostedWorkloads\": [],\r\n    \"tapConfigurations\": [],\r\n
        \   \"nicType\": \"Standard\",\r\n    \"allowPort25Out\": true,\r\n    \"auxiliaryMode\":
        \"None\"\r\n  },\r\n  \"type\": \"Microsoft.Network/networkInterfaces\",\r\n
        \ \"location\": \"westus\",\r\n  \"kind\": \"Regular\"\r\n}"
    headers:
      cache-control:
      - no-cache
      content-length:
      - '2511'
      content-type:
      - application/json; charset=utf-8
      date:
      - Tue, 19 Dec 2023 07:49:39 GMT
      etag:
      - W/"d2c695f1-39d5-4496-9997-f6f325bc7746"
      expires:
      - '-1'
      pragma:
      - no-cache
      server:
      - Microsoft-HTTPAPI/2.0
      - Microsoft-HTTPAPI/2.0
      strict-transport-security:
      - max-age=31536000; includeSubDomains
      transfer-encoding:
      - chunked
      vary:
      - Accept-Encoding
      x-content-type-options:
      - nosniff
      x-ms-arm-service-request-id:
      - 9d20c253-31a3-4ed3-9ead-4e75c1f7470e
    status:
      code: 200
      message: OK
- request:
    body: null
    headers:
      Accept:
      - application/json
      Accept-Encoding:
      - gzip, deflate
      CommandName:
      - vm create
      Connection:
      - keep-alive
      ParameterSetName:
      - -g -n --image --admin-username --admin-password --license-type --nsg-rule
      User-Agent:
      - AZURECLI/2.55.0 (AAZ) azsdk-python-core/1.28.0 Python/3.10.11 (Windows-10-10.0.22631-SP0)
    method: GET
    uri: https://management.azure.com/subscriptions/00000000-0000-0000-0000-000000000000/resourceGroups/cli_test_windows_license_type000001/providers/Microsoft.Network/publicIPAddresses/winvmPublicIP?api-version=2022-01-01
  response:
    body:
      string: "{\r\n  \"name\": \"winvmPublicIP\",\r\n  \"id\": \"/subscriptions/00000000-0000-0000-0000-000000000000/resourceGroups/cli_test_windows_license_type000001/providers/Microsoft.Network/publicIPAddresses/winvmPublicIP\",\r\n
        \ \"etag\": \"W/\\\"b0474abf-b979-4d15-92e3-db52e52d722f\\\"\",\r\n  \"location\":
        \"westus\",\r\n  \"tags\": {},\r\n  \"properties\": {\r\n    \"provisioningState\":
        \"Succeeded\",\r\n    \"resourceGuid\": \"0015828c-ec31-47d4-8762-4174605e0cbc\",\r\n
        \   \"ipAddress\": \"20.237.194.94\",\r\n    \"publicIPAddressVersion\": \"IPv4\",\r\n
        \   \"publicIPAllocationMethod\": \"Static\",\r\n    \"idleTimeoutInMinutes\":
        4,\r\n    \"ipTags\": [],\r\n    \"ipConfiguration\": {\r\n      \"id\": \"/subscriptions/00000000-0000-0000-0000-000000000000/resourceGroups/cli_test_windows_license_type000001/providers/Microsoft.Network/networkInterfaces/winvmVMNic/ipConfigurations/ipconfigwinvm\"\r\n
        \   }\r\n  },\r\n  \"type\": \"Microsoft.Network/publicIPAddresses\",\r\n
        \ \"sku\": {\r\n    \"name\": \"Standard\",\r\n    \"tier\": \"Regional\"\r\n
        \ }\r\n}"
    headers:
      cache-control:
      - no-cache
      content-length:
      - '952'
      content-type:
      - application/json; charset=utf-8
      date:
      - Tue, 19 Dec 2023 07:49:41 GMT
      etag:
      - W/"b0474abf-b979-4d15-92e3-db52e52d722f"
      expires:
      - '-1'
      pragma:
      - no-cache
      server:
      - Microsoft-HTTPAPI/2.0
      - Microsoft-HTTPAPI/2.0
      strict-transport-security:
      - max-age=31536000; includeSubDomains
      transfer-encoding:
      - chunked
      vary:
      - Accept-Encoding
      x-content-type-options:
      - nosniff
      x-ms-arm-service-request-id:
      - 5b95956e-87c1-45a7-8686-6429dd955681
    status:
      code: 200
      message: OK
- request:
    body: null
    headers:
      Accept:
      - application/json
      Accept-Encoding:
      - gzip, deflate
      CommandName:
      - vm show
      Connection:
      - keep-alive
      ParameterSetName:
      - -g -n
      User-Agent:
      - AZURECLI/2.55.0 azsdk-python-azure-mgmt-compute/30.4.0 Python/3.10.11 (Windows-10-10.0.22631-SP0)
    method: GET
    uri: https://management.azure.com/subscriptions/00000000-0000-0000-0000-000000000000/resourceGroups/cli_test_windows_license_type000001/providers/Microsoft.Compute/virtualMachines/winvm?api-version=2023-09-01
  response:
    body:
      string: "{\r\n  \"name\": \"winvm\",\r\n  \"id\": \"/subscriptions/00000000-0000-0000-0000-000000000000/resourceGroups/cli_test_windows_license_type000001/providers/Microsoft.Compute/virtualMachines/winvm\",\r\n
        \ \"type\": \"Microsoft.Compute/virtualMachines\",\r\n  \"location\": \"westus\",\r\n
        \ \"tags\": {},\r\n  \"properties\": {\r\n    \"hardwareProfile\": {\r\n      \"vmSize\":
        \"Standard_DS1_v2\"\r\n    },\r\n    \"provisioningState\": \"Succeeded\",\r\n
        \   \"vmId\": \"b48be9b9-c21b-46ab-850b-79e0c140424b\",\r\n    \"storageProfile\":
        {\r\n      \"imageReference\": {\r\n        \"publisher\": \"MicrosoftWindowsServer\",\r\n
        \       \"offer\": \"WindowsServer\",\r\n        \"sku\": \"2012-R2-Datacenter\",\r\n
        \       \"version\": \"latest\",\r\n        \"exactVersion\": \"9600.21620.231004\"\r\n
        \     },\r\n      \"osDisk\": {\r\n        \"osType\": \"Windows\",\r\n        \"name\":
        \"winvm_OsDisk_1_61e7108e83d043c6909fc3c718cc4e25\",\r\n        \"createOption\":
        \"FromImage\",\r\n        \"caching\": \"ReadWrite\",\r\n        \"managedDisk\":
        {\r\n          \"storageAccountType\": \"Premium_LRS\",\r\n          \"id\":
        \"/subscriptions/00000000-0000-0000-0000-000000000000/resourceGroups/cli_test_windows_license_type000001/providers/Microsoft.Compute/disks/winvm_OsDisk_1_61e7108e83d043c6909fc3c718cc4e25\"\r\n
        \       },\r\n        \"deleteOption\": \"Detach\",\r\n        \"diskSizeGB\":
        127\r\n      },\r\n      \"dataDisks\": []\r\n    },\r\n    \"osProfile\":
        {\r\n      \"computerName\": \"winvm\",\r\n      \"adminUsername\": \"clitest1234\",\r\n
        \     \"windowsConfiguration\": {\r\n        \"provisionVMAgent\": true,\r\n
        \       \"enableAutomaticUpdates\": true,\r\n        \"patchSettings\": {\r\n
        \         \"patchMode\": \"AutomaticByOS\",\r\n          \"assessmentMode\":
        \"ImageDefault\"\r\n        },\r\n        \"enableVMAgentPlatformUpdates\":
        false\r\n      },\r\n      \"secrets\": [],\r\n      \"allowExtensionOperations\":
        true,\r\n      \"requireGuestProvisionSignal\": true\r\n    },\r\n    \"networkProfile\":
        {\"networkInterfaces\":[{\"id\":\"/subscriptions/00000000-0000-0000-0000-000000000000/resourceGroups/cli_test_windows_license_type000001/providers/Microsoft.Network/networkInterfaces/winvmVMNic\"}]},\r\n
        \   \"licenseType\": \"Windows_Server\",\r\n    \"timeCreated\": \"2023-12-19T07:48:23.2638359+00:00\"\r\n
        \ }\r\n}"
    headers:
      cache-control:
      - no-cache
      content-length:
      - '2108'
      content-type:
      - application/json; charset=utf-8
      date:
      - Tue, 19 Dec 2023 07:49:43 GMT
      expires:
      - '-1'
      pragma:
      - no-cache
      server:
      - Microsoft-HTTPAPI/2.0
      - Microsoft-HTTPAPI/2.0
      strict-transport-security:
      - max-age=31536000; includeSubDomains
      transfer-encoding:
      - chunked
      vary:
      - Accept-Encoding
      x-content-type-options:
      - nosniff
      x-ms-ratelimit-remaining-resource:
      - Microsoft.Compute/LowCostGetSubscriptionMaximum;23976,Microsoft.Compute/LowCostGetResource;31
    status:
      code: 200
      message: ''
- request:
    body: null
    headers:
      Accept:
      - application/json
      Accept-Encoding:
      - gzip, deflate
      CommandName:
      - vm update
      Connection:
      - keep-alive
      ParameterSetName:
      - -g -n --license-type
      User-Agent:
      - AZURECLI/2.55.0 azsdk-python-azure-mgmt-compute/30.4.0 Python/3.10.11 (Windows-10-10.0.22631-SP0)
    method: GET
    uri: https://management.azure.com/subscriptions/00000000-0000-0000-0000-000000000000/resourceGroups/cli_test_windows_license_type000001/providers/Microsoft.Compute/virtualMachines/winvm?api-version=2023-09-01
  response:
    body:
      string: "{\r\n  \"name\": \"winvm\",\r\n  \"id\": \"/subscriptions/00000000-0000-0000-0000-000000000000/resourceGroups/cli_test_windows_license_type000001/providers/Microsoft.Compute/virtualMachines/winvm\",\r\n
        \ \"type\": \"Microsoft.Compute/virtualMachines\",\r\n  \"location\": \"westus\",\r\n
        \ \"tags\": {},\r\n  \"properties\": {\r\n    \"hardwareProfile\": {\r\n      \"vmSize\":
        \"Standard_DS1_v2\"\r\n    },\r\n    \"provisioningState\": \"Succeeded\",\r\n
        \   \"vmId\": \"b48be9b9-c21b-46ab-850b-79e0c140424b\",\r\n    \"storageProfile\":
        {\r\n      \"imageReference\": {\r\n        \"publisher\": \"MicrosoftWindowsServer\",\r\n
        \       \"offer\": \"WindowsServer\",\r\n        \"sku\": \"2012-R2-Datacenter\",\r\n
        \       \"version\": \"latest\",\r\n        \"exactVersion\": \"9600.21620.231004\"\r\n
        \     },\r\n      \"osDisk\": {\r\n        \"osType\": \"Windows\",\r\n        \"name\":
        \"winvm_OsDisk_1_61e7108e83d043c6909fc3c718cc4e25\",\r\n        \"createOption\":
        \"FromImage\",\r\n        \"caching\": \"ReadWrite\",\r\n        \"managedDisk\":
        {\r\n          \"storageAccountType\": \"Premium_LRS\",\r\n          \"id\":
        \"/subscriptions/00000000-0000-0000-0000-000000000000/resourceGroups/cli_test_windows_license_type000001/providers/Microsoft.Compute/disks/winvm_OsDisk_1_61e7108e83d043c6909fc3c718cc4e25\"\r\n
        \       },\r\n        \"deleteOption\": \"Detach\",\r\n        \"diskSizeGB\":
        127\r\n      },\r\n      \"dataDisks\": []\r\n    },\r\n    \"osProfile\":
        {\r\n      \"computerName\": \"winvm\",\r\n      \"adminUsername\": \"clitest1234\",\r\n
        \     \"windowsConfiguration\": {\r\n        \"provisionVMAgent\": true,\r\n
        \       \"enableAutomaticUpdates\": true,\r\n        \"patchSettings\": {\r\n
        \         \"patchMode\": \"AutomaticByOS\",\r\n          \"assessmentMode\":
        \"ImageDefault\"\r\n        },\r\n        \"enableVMAgentPlatformUpdates\":
        false\r\n      },\r\n      \"secrets\": [],\r\n      \"allowExtensionOperations\":
        true,\r\n      \"requireGuestProvisionSignal\": true\r\n    },\r\n    \"networkProfile\":
        {\"networkInterfaces\":[{\"id\":\"/subscriptions/00000000-0000-0000-0000-000000000000/resourceGroups/cli_test_windows_license_type000001/providers/Microsoft.Network/networkInterfaces/winvmVMNic\"}]},\r\n
        \   \"licenseType\": \"Windows_Server\",\r\n    \"timeCreated\": \"2023-12-19T07:48:23.2638359+00:00\"\r\n
        \ }\r\n}"
    headers:
      cache-control:
      - no-cache
      content-length:
      - '2108'
      content-type:
      - application/json; charset=utf-8
      date:
      - Tue, 19 Dec 2023 07:49:43 GMT
      expires:
      - '-1'
      pragma:
      - no-cache
      server:
      - Microsoft-HTTPAPI/2.0
      - Microsoft-HTTPAPI/2.0
      strict-transport-security:
      - max-age=31536000; includeSubDomains
      transfer-encoding:
      - chunked
      vary:
      - Accept-Encoding
      x-content-type-options:
      - nosniff
      x-ms-ratelimit-remaining-resource:
      - Microsoft.Compute/LowCostGetSubscriptionMaximum;23973,Microsoft.Compute/LowCostGetResource;30
    status:
      code: 200
      message: ''
- request:
    body: '{"location": "westus", "tags": {}, "properties": {"hardwareProfile": {"vmSize":
      "Standard_DS1_v2"}, "storageProfile": {"osDisk": {"osType": "Windows", "name":
      "winvm_OsDisk_1_61e7108e83d043c6909fc3c718cc4e25", "caching": "ReadWrite", "createOption":
      "FromImage", "diskSizeGB": 127, "managedDisk": {"id": "/subscriptions/00000000-0000-0000-0000-000000000000/resourceGroups/cli_test_windows_license_type000001/providers/Microsoft.Compute/disks/winvm_OsDisk_1_61e7108e83d043c6909fc3c718cc4e25",
      "storageAccountType": "Premium_LRS"}, "deleteOption": "Detach"}, "dataDisks":
      []}, "osProfile": {"computerName": "winvm", "adminUsername": "clitest1234",
      "windowsConfiguration": {"provisionVMAgent": true, "enableAutomaticUpdates":
      true, "patchSettings": {"patchMode": "AutomaticByOS", "assessmentMode": "ImageDefault"},
      "enableVMAgentPlatformUpdates": false}, "secrets": [], "allowExtensionOperations":
      true, "requireGuestProvisionSignal": true}, "networkProfile": {"networkInterfaces":
      [{"id": "/subscriptions/00000000-0000-0000-0000-000000000000/resourceGroups/cli_test_windows_license_type000001/providers/Microsoft.Network/networkInterfaces/winvmVMNic"}]},
      "licenseType": "None"}}'
    headers:
      Accept:
      - application/json
      Accept-Encoding:
      - gzip, deflate
      CommandName:
      - vm update
      Connection:
      - keep-alive
      Content-Length:
      - '1176'
      Content-Type:
      - application/json
      ParameterSetName:
      - -g -n --license-type
      User-Agent:
      - AZURECLI/2.55.0 azsdk-python-azure-mgmt-compute/30.4.0 Python/3.10.11 (Windows-10-10.0.22631-SP0)
    method: PUT
    uri: https://management.azure.com/subscriptions/00000000-0000-0000-0000-000000000000/resourceGroups/cli_test_windows_license_type000001/providers/Microsoft.Compute/virtualMachines/winvm?api-version=2023-09-01
  response:
    body:
      string: "{\r\n  \"name\": \"winvm\",\r\n  \"id\": \"/subscriptions/00000000-0000-0000-0000-000000000000/resourceGroups/cli_test_windows_license_type000001/providers/Microsoft.Compute/virtualMachines/winvm\",\r\n
        \ \"type\": \"Microsoft.Compute/virtualMachines\",\r\n  \"location\": \"westus\",\r\n
        \ \"tags\": {},\r\n  \"properties\": {\r\n    \"hardwareProfile\": {\r\n      \"vmSize\":
        \"Standard_DS1_v2\"\r\n    },\r\n    \"provisioningState\": \"Updating\",\r\n
        \   \"vmId\": \"b48be9b9-c21b-46ab-850b-79e0c140424b\",\r\n    \"storageProfile\":
        {\r\n      \"imageReference\": {\r\n        \"publisher\": \"MicrosoftWindowsServer\",\r\n
        \       \"offer\": \"WindowsServer\",\r\n        \"sku\": \"2012-R2-Datacenter\",\r\n
        \       \"version\": \"latest\",\r\n        \"exactVersion\": \"9600.21620.231004\"\r\n
        \     },\r\n      \"osDisk\": {\r\n        \"osType\": \"Windows\",\r\n        \"name\":
        \"winvm_OsDisk_1_61e7108e83d043c6909fc3c718cc4e25\",\r\n        \"createOption\":
        \"FromImage\",\r\n        \"caching\": \"ReadWrite\",\r\n        \"managedDisk\":
        {\r\n          \"storageAccountType\": \"Premium_LRS\",\r\n          \"id\":
        \"/subscriptions/00000000-0000-0000-0000-000000000000/resourceGroups/cli_test_windows_license_type000001/providers/Microsoft.Compute/disks/winvm_OsDisk_1_61e7108e83d043c6909fc3c718cc4e25\"\r\n
        \       },\r\n        \"deleteOption\": \"Detach\",\r\n        \"diskSizeGB\":
        127\r\n      },\r\n      \"dataDisks\": []\r\n    },\r\n    \"osProfile\":
        {\r\n      \"computerName\": \"winvm\",\r\n      \"adminUsername\": \"clitest1234\",\r\n
        \     \"windowsConfiguration\": {\r\n        \"provisionVMAgent\": true,\r\n
        \       \"enableAutomaticUpdates\": true,\r\n        \"patchSettings\": {\r\n
        \         \"patchMode\": \"AutomaticByOS\",\r\n          \"assessmentMode\":
        \"ImageDefault\"\r\n        },\r\n        \"enableVMAgentPlatformUpdates\":
        false\r\n      },\r\n      \"secrets\": [],\r\n      \"allowExtensionOperations\":
        true,\r\n      \"requireGuestProvisionSignal\": true\r\n    },\r\n    \"networkProfile\":
        {\"networkInterfaces\":[{\"id\":\"/subscriptions/00000000-0000-0000-0000-000000000000/resourceGroups/cli_test_windows_license_type000001/providers/Microsoft.Network/networkInterfaces/winvmVMNic\"}]},\r\n
        \   \"licenseType\": \"None\",\r\n    \"timeCreated\": \"2023-12-19T07:48:23.2638359+00:00\"\r\n
        \ }\r\n}"
    headers:
      azure-asyncnotification:
      - Enabled
      azure-asyncoperation:
      - https://management.azure.com/subscriptions/00000000-0000-0000-0000-000000000000/providers/Microsoft.Compute/locations/westus/operations/ed96993d-a6a3-4e03-87d2-1856f174a9e6?p=571046f6-b640-41c1-86f7-f9f044b5adf9&api-version=2023-09-01&t=638385689871606855&c=MIIHHjCCBgagAwIBAgITOgI9LlF5jGEEQe1CmgAEAj0uUTANBgkqhkiG9w0BAQsFADBEMRMwEQYKCZImiZPyLGQBGRYDR0JMMRMwEQYKCZImiZPyLGQBGRYDQU1FMRgwFgYDVQQDEw9BTUUgSU5GUkEgQ0EgMDEwHhcNMjMxMTAxMjE0OTQ5WhcNMjQxMDI2MjE0OTQ5WjBAMT4wPAYDVQQDEzVhc3luY29wZXJhdGlvbnNpZ25pbmdjZXJ0aWZpY2F0ZS5tYW5hZ2VtZW50LmF6dXJlLmNvbTCCASIwDQYJKoZIhvcNAQEBBQADggEPADCCAQoCggEBAMKt_zl2yRFDxIUmqoEA-B7WoRkSqscgwk6CGqDbwEVJS3oTI4Gk-ukQ6El3GQJVthiuwZGw4jwvTDyVWC8mQH2Zni6X1ocTXrNNa6VFJnvzeEn-HpmPATuII8AWtdtUnBvGZGAwgspvH8iZZCiHDowHCWhjVsU6_ipCsmzQeH3oRJI4AwUS_nCVA7U9WPdgIyQp6v5QPzcYCO_zIbNW4y_Cc3phfPEQvPvtSKhuijt68F5WlUY6Ps23ksosYG5VTx7z6skGG9arA5UKUzbbEO8lxzda3OFPZdG7OHe8-VMXxJjtSanZSSbdLgYBRB9m9PGr6voKtML9W5rEukE-lEUCAwEAAaOCBAswggQHMCcGCSsGAQQBgjcVCgQaMBgwCgYIKwYBBQUHAwEwCgYIKwYBBQUHAwIwPQYJKwYBBAGCNxUHBDAwLgYmKwYBBAGCNxUIhpDjDYTVtHiE8Ys-hZvdFs6dEoFggvX2K4Py0SACAWQCAQowggHaBggrBgEFBQcBAQSCAcwwggHIMGYGCCsGAQUFBzAChlpodHRwOi8vY3JsLm1pY3Jvc29mdC5jb20vcGtpaW5mcmEvQ2VydHMvQlkyUEtJSU5UQ0EwMS5BTUUuR0JMX0FNRSUyMElORlJBJTIwQ0ElMjAwMSg0KS5jcnQwVgYIKwYBBQUHMAKGSmh0dHA6Ly9jcmwxLmFtZS5nYmwvYWlhL0JZMlBLSUlOVENBMDEuQU1FLkdCTF9BTUUlMjBJTkZSQSUyMENBJTIwMDEoNCkuY3J0MFYGCCsGAQUFBzAChkpodHRwOi8vY3JsMi5hbWUuZ2JsL2FpYS9CWTJQS0lJTlRDQTAxLkFNRS5HQkxfQU1FJTIwSU5GUkElMjBDQSUyMDAxKDQpLmNydDBWBggrBgEFBQcwAoZKaHR0cDovL2NybDMuYW1lLmdibC9haWEvQlkyUEtJSU5UQ0EwMS5BTUUuR0JMX0FNRSUyMElORlJBJTIwQ0ElMjAwMSg0KS5jcnQwVgYIKwYBBQUHMAKGSmh0dHA6Ly9jcmw0LmFtZS5nYmwvYWlhL0JZMlBLSUlOVENBMDEuQU1FLkdCTF9BTUUlMjBJTkZSQSUyMENBJTIwMDEoNCkuY3J0MB0GA1UdDgQWBBRYUmiD-EjeFFNZByiKICN9p1JofzAOBgNVHQ8BAf8EBAMCBaAwggE1BgNVHR8EggEsMIIBKDCCASSgggEgoIIBHIZCaHR0cDovL2NybC5taWNyb3NvZnQuY29tL3BraWluZnJhL0NSTC9BTUUlMjBJTkZSQSUyMENBJTIwMDEoNCkuY3JshjRodHRwOi8vY3JsMS5hbWUuZ2JsL2NybC9BTUUlMjBJTkZSQSUyMENBJTIwMDEoNCkuY3JshjRodHRwOi8vY3JsMi5hbWUuZ2JsL2NybC9BTUUlMjBJTkZSQSUyMENBJTIwMDEoNCkuY3JshjRodHRwOi8vY3JsMy5hbWUuZ2JsL2NybC9BTUUlMjBJTkZSQSUyMENBJTIwMDEoNCkuY3JshjRodHRwOi8vY3JsNC5hbWUuZ2JsL2NybC9BTUUlMjBJTkZSQSUyMENBJTIwMDEoNCkuY3JsMBcGA1UdIAQQMA4wDAYKKwYBBAGCN3sBATAfBgNVHSMEGDAWgBTl2Ztn_PjsurvwwKidileIud8-YzAdBgNVHSUEFjAUBggrBgEFBQcDAQYIKwYBBQUHAwIwDQYJKoZIhvcNAQELBQADggEBAKRwStAdrsy7tgEfmtXPZXIwgdXOYwSx2Kqzlhq8b6Ptid4V3vhJvDV0WLS7d72KIMUwZiBnfPHhMmsdkLOSpNSZYC23g3QJSBWvoS86Rpkeru5bEyQmv1gucF_MyaFaUXUd4b7xnvCkv-BBNO8m1lvFAowB2odz9esggf82yeOVBx0yEK_NNOK4l36XvRjvIqemSLZOSi1wow_wn_ovhAEPpSSN7UTahPtz7J12vhP1LuZ4Rvn_hNx48ncw445nMBnMVmcuuakaKDC6_sAcs5lg9jq2yHSaIHRw4xcoS5XwvIykGPMUyAD-dXWFih_XFOKh7ea50hObFhghf3Dtvlo&s=jAfIrKfX8RlUGHfwPiNlXZSlDzDwzV3Sz4B1-xVFX1k55l7DlnhIsGqUTJCBEAsK_8fRhOtCffmu-4c8oI8xW2m0P0BwtAtAnYaFgxyNxKTgB5pzI8egs4Ocs74hw84t0DriWX62mcoNAAiuDL9meh6eFkyJhKQGL5kL25CVq0tBvyKC6FURcOytk57qSIK50uwevCiaVyV399OBfRDqmtoH-mcXMSwGSwOUoLOTCGx2G3ns63qu8rKKANeOOn3zzTXcmzBjaU7PV9nUdrMwy2eN1-cHhUDX1cGE8NWcAHeHFqz-fS_2by8dimnFC2TIhA6bV3l2bHx2zHpCbZtjHQ&h=YRlwMlBElQ9sH7aSVZnvnRgxBohPw8zaFhHvnNg58Mw
      cache-control:
      - no-cache
      content-length:
      - '2097'
      content-type:
      - application/json; charset=utf-8
      date:
      - Tue, 19 Dec 2023 07:49:46 GMT
      expires:
      - '-1'
      pragma:
      - no-cache
      server:
      - Microsoft-HTTPAPI/2.0
      - Microsoft-HTTPAPI/2.0
      strict-transport-security:
      - max-age=31536000; includeSubDomains
      transfer-encoding:
      - chunked
      vary:
      - Accept-Encoding
      x-content-type-options:
      - nosniff
      x-ms-ratelimit-remaining-resource:
      - Microsoft.Compute/PutVMSubscriptionMaximum;1498,Microsoft.Compute/PutVMResource;11
      x-ms-ratelimit-remaining-subscription-writes:
      - '1199'
    status:
      code: 200
      message: ''
- request:
    body: null
    headers:
      Accept:
      - '*/*'
      Accept-Encoding:
      - gzip, deflate
      CommandName:
      - vm update
      Connection:
      - keep-alive
      ParameterSetName:
      - -g -n --license-type
      User-Agent:
      - AZURECLI/2.55.0 azsdk-python-azure-mgmt-compute/30.4.0 Python/3.10.11 (Windows-10-10.0.22631-SP0)
    method: GET
    uri: https://management.azure.com/subscriptions/00000000-0000-0000-0000-000000000000/providers/Microsoft.Compute/locations/westus/operations/ed96993d-a6a3-4e03-87d2-1856f174a9e6?p=571046f6-b640-41c1-86f7-f9f044b5adf9&api-version=2023-09-01&t=638385689871606855&c=MIIHHjCCBgagAwIBAgITOgI9LlF5jGEEQe1CmgAEAj0uUTANBgkqhkiG9w0BAQsFADBEMRMwEQYKCZImiZPyLGQBGRYDR0JMMRMwEQYKCZImiZPyLGQBGRYDQU1FMRgwFgYDVQQDEw9BTUUgSU5GUkEgQ0EgMDEwHhcNMjMxMTAxMjE0OTQ5WhcNMjQxMDI2MjE0OTQ5WjBAMT4wPAYDVQQDEzVhc3luY29wZXJhdGlvbnNpZ25pbmdjZXJ0aWZpY2F0ZS5tYW5hZ2VtZW50LmF6dXJlLmNvbTCCASIwDQYJKoZIhvcNAQEBBQADggEPADCCAQoCggEBAMKt_zl2yRFDxIUmqoEA-B7WoRkSqscgwk6CGqDbwEVJS3oTI4Gk-ukQ6El3GQJVthiuwZGw4jwvTDyVWC8mQH2Zni6X1ocTXrNNa6VFJnvzeEn-HpmPATuII8AWtdtUnBvGZGAwgspvH8iZZCiHDowHCWhjVsU6_ipCsmzQeH3oRJI4AwUS_nCVA7U9WPdgIyQp6v5QPzcYCO_zIbNW4y_Cc3phfPEQvPvtSKhuijt68F5WlUY6Ps23ksosYG5VTx7z6skGG9arA5UKUzbbEO8lxzda3OFPZdG7OHe8-VMXxJjtSanZSSbdLgYBRB9m9PGr6voKtML9W5rEukE-lEUCAwEAAaOCBAswggQHMCcGCSsGAQQBgjcVCgQaMBgwCgYIKwYBBQUHAwEwCgYIKwYBBQUHAwIwPQYJKwYBBAGCNxUHBDAwLgYmKwYBBAGCNxUIhpDjDYTVtHiE8Ys-hZvdFs6dEoFggvX2K4Py0SACAWQCAQowggHaBggrBgEFBQcBAQSCAcwwggHIMGYGCCsGAQUFBzAChlpodHRwOi8vY3JsLm1pY3Jvc29mdC5jb20vcGtpaW5mcmEvQ2VydHMvQlkyUEtJSU5UQ0EwMS5BTUUuR0JMX0FNRSUyMElORlJBJTIwQ0ElMjAwMSg0KS5jcnQwVgYIKwYBBQUHMAKGSmh0dHA6Ly9jcmwxLmFtZS5nYmwvYWlhL0JZMlBLSUlOVENBMDEuQU1FLkdCTF9BTUUlMjBJTkZSQSUyMENBJTIwMDEoNCkuY3J0MFYGCCsGAQUFBzAChkpodHRwOi8vY3JsMi5hbWUuZ2JsL2FpYS9CWTJQS0lJTlRDQTAxLkFNRS5HQkxfQU1FJTIwSU5GUkElMjBDQSUyMDAxKDQpLmNydDBWBggrBgEFBQcwAoZKaHR0cDovL2NybDMuYW1lLmdibC9haWEvQlkyUEtJSU5UQ0EwMS5BTUUuR0JMX0FNRSUyMElORlJBJTIwQ0ElMjAwMSg0KS5jcnQwVgYIKwYBBQUHMAKGSmh0dHA6Ly9jcmw0LmFtZS5nYmwvYWlhL0JZMlBLSUlOVENBMDEuQU1FLkdCTF9BTUUlMjBJTkZSQSUyMENBJTIwMDEoNCkuY3J0MB0GA1UdDgQWBBRYUmiD-EjeFFNZByiKICN9p1JofzAOBgNVHQ8BAf8EBAMCBaAwggE1BgNVHR8EggEsMIIBKDCCASSgggEgoIIBHIZCaHR0cDovL2NybC5taWNyb3NvZnQuY29tL3BraWluZnJhL0NSTC9BTUUlMjBJTkZSQSUyMENBJTIwMDEoNCkuY3JshjRodHRwOi8vY3JsMS5hbWUuZ2JsL2NybC9BTUUlMjBJTkZSQSUyMENBJTIwMDEoNCkuY3JshjRodHRwOi8vY3JsMi5hbWUuZ2JsL2NybC9BTUUlMjBJTkZSQSUyMENBJTIwMDEoNCkuY3JshjRodHRwOi8vY3JsMy5hbWUuZ2JsL2NybC9BTUUlMjBJTkZSQSUyMENBJTIwMDEoNCkuY3JshjRodHRwOi8vY3JsNC5hbWUuZ2JsL2NybC9BTUUlMjBJTkZSQSUyMENBJTIwMDEoNCkuY3JsMBcGA1UdIAQQMA4wDAYKKwYBBAGCN3sBATAfBgNVHSMEGDAWgBTl2Ztn_PjsurvwwKidileIud8-YzAdBgNVHSUEFjAUBggrBgEFBQcDAQYIKwYBBQUHAwIwDQYJKoZIhvcNAQELBQADggEBAKRwStAdrsy7tgEfmtXPZXIwgdXOYwSx2Kqzlhq8b6Ptid4V3vhJvDV0WLS7d72KIMUwZiBnfPHhMmsdkLOSpNSZYC23g3QJSBWvoS86Rpkeru5bEyQmv1gucF_MyaFaUXUd4b7xnvCkv-BBNO8m1lvFAowB2odz9esggf82yeOVBx0yEK_NNOK4l36XvRjvIqemSLZOSi1wow_wn_ovhAEPpSSN7UTahPtz7J12vhP1LuZ4Rvn_hNx48ncw445nMBnMVmcuuakaKDC6_sAcs5lg9jq2yHSaIHRw4xcoS5XwvIykGPMUyAD-dXWFih_XFOKh7ea50hObFhghf3Dtvlo&s=jAfIrKfX8RlUGHfwPiNlXZSlDzDwzV3Sz4B1-xVFX1k55l7DlnhIsGqUTJCBEAsK_8fRhOtCffmu-4c8oI8xW2m0P0BwtAtAnYaFgxyNxKTgB5pzI8egs4Ocs74hw84t0DriWX62mcoNAAiuDL9meh6eFkyJhKQGL5kL25CVq0tBvyKC6FURcOytk57qSIK50uwevCiaVyV399OBfRDqmtoH-mcXMSwGSwOUoLOTCGx2G3ns63qu8rKKANeOOn3zzTXcmzBjaU7PV9nUdrMwy2eN1-cHhUDX1cGE8NWcAHeHFqz-fS_2by8dimnFC2TIhA6bV3l2bHx2zHpCbZtjHQ&h=YRlwMlBElQ9sH7aSVZnvnRgxBohPw8zaFhHvnNg58Mw
  response:
    body:
      string: "{\r\n  \"startTime\": \"2023-12-19T07:49:46.7023165+00:00\",\r\n  \"status\":
        \"InProgress\",\r\n  \"name\": \"ed96993d-a6a3-4e03-87d2-1856f174a9e6\"\r\n}"
    headers:
      cache-control:
      - no-cache
      content-length:
      - '134'
      content-type:
      - application/json; charset=utf-8
      date:
      - Tue, 19 Dec 2023 07:49:47 GMT
      expires:
      - '-1'
      pragma:
      - no-cache
      server:
      - Microsoft-HTTPAPI/2.0
      - Microsoft-HTTPAPI/2.0
      strict-transport-security:
      - max-age=31536000; includeSubDomains
      transfer-encoding:
      - chunked
      vary:
      - Accept-Encoding
      x-content-type-options:
      - nosniff
      x-ms-ratelimit-remaining-resource:
      - Microsoft.Compute/GetOperationResource;44,Microsoft.Compute/GetOperationSubscriptionMaximum;14991
    status:
      code: 200
      message: ''
- request:
    body: null
    headers:
      Accept:
      - '*/*'
      Accept-Encoding:
      - gzip, deflate
      CommandName:
      - vm update
      Connection:
      - keep-alive
      ParameterSetName:
      - -g -n --license-type
      User-Agent:
      - AZURECLI/2.55.0 azsdk-python-azure-mgmt-compute/30.4.0 Python/3.10.11 (Windows-10-10.0.22631-SP0)
    method: GET
    uri: https://management.azure.com/subscriptions/00000000-0000-0000-0000-000000000000/providers/Microsoft.Compute/locations/westus/operations/ed96993d-a6a3-4e03-87d2-1856f174a9e6?p=571046f6-b640-41c1-86f7-f9f044b5adf9&api-version=2023-09-01&t=638385689871606855&c=MIIHHjCCBgagAwIBAgITOgI9LlF5jGEEQe1CmgAEAj0uUTANBgkqhkiG9w0BAQsFADBEMRMwEQYKCZImiZPyLGQBGRYDR0JMMRMwEQYKCZImiZPyLGQBGRYDQU1FMRgwFgYDVQQDEw9BTUUgSU5GUkEgQ0EgMDEwHhcNMjMxMTAxMjE0OTQ5WhcNMjQxMDI2MjE0OTQ5WjBAMT4wPAYDVQQDEzVhc3luY29wZXJhdGlvbnNpZ25pbmdjZXJ0aWZpY2F0ZS5tYW5hZ2VtZW50LmF6dXJlLmNvbTCCASIwDQYJKoZIhvcNAQEBBQADggEPADCCAQoCggEBAMKt_zl2yRFDxIUmqoEA-B7WoRkSqscgwk6CGqDbwEVJS3oTI4Gk-ukQ6El3GQJVthiuwZGw4jwvTDyVWC8mQH2Zni6X1ocTXrNNa6VFJnvzeEn-HpmPATuII8AWtdtUnBvGZGAwgspvH8iZZCiHDowHCWhjVsU6_ipCsmzQeH3oRJI4AwUS_nCVA7U9WPdgIyQp6v5QPzcYCO_zIbNW4y_Cc3phfPEQvPvtSKhuijt68F5WlUY6Ps23ksosYG5VTx7z6skGG9arA5UKUzbbEO8lxzda3OFPZdG7OHe8-VMXxJjtSanZSSbdLgYBRB9m9PGr6voKtML9W5rEukE-lEUCAwEAAaOCBAswggQHMCcGCSsGAQQBgjcVCgQaMBgwCgYIKwYBBQUHAwEwCgYIKwYBBQUHAwIwPQYJKwYBBAGCNxUHBDAwLgYmKwYBBAGCNxUIhpDjDYTVtHiE8Ys-hZvdFs6dEoFggvX2K4Py0SACAWQCAQowggHaBggrBgEFBQcBAQSCAcwwggHIMGYGCCsGAQUFBzAChlpodHRwOi8vY3JsLm1pY3Jvc29mdC5jb20vcGtpaW5mcmEvQ2VydHMvQlkyUEtJSU5UQ0EwMS5BTUUuR0JMX0FNRSUyMElORlJBJTIwQ0ElMjAwMSg0KS5jcnQwVgYIKwYBBQUHMAKGSmh0dHA6Ly9jcmwxLmFtZS5nYmwvYWlhL0JZMlBLSUlOVENBMDEuQU1FLkdCTF9BTUUlMjBJTkZSQSUyMENBJTIwMDEoNCkuY3J0MFYGCCsGAQUFBzAChkpodHRwOi8vY3JsMi5hbWUuZ2JsL2FpYS9CWTJQS0lJTlRDQTAxLkFNRS5HQkxfQU1FJTIwSU5GUkElMjBDQSUyMDAxKDQpLmNydDBWBggrBgEFBQcwAoZKaHR0cDovL2NybDMuYW1lLmdibC9haWEvQlkyUEtJSU5UQ0EwMS5BTUUuR0JMX0FNRSUyMElORlJBJTIwQ0ElMjAwMSg0KS5jcnQwVgYIKwYBBQUHMAKGSmh0dHA6Ly9jcmw0LmFtZS5nYmwvYWlhL0JZMlBLSUlOVENBMDEuQU1FLkdCTF9BTUUlMjBJTkZSQSUyMENBJTIwMDEoNCkuY3J0MB0GA1UdDgQWBBRYUmiD-EjeFFNZByiKICN9p1JofzAOBgNVHQ8BAf8EBAMCBaAwggE1BgNVHR8EggEsMIIBKDCCASSgggEgoIIBHIZCaHR0cDovL2NybC5taWNyb3NvZnQuY29tL3BraWluZnJhL0NSTC9BTUUlMjBJTkZSQSUyMENBJTIwMDEoNCkuY3JshjRodHRwOi8vY3JsMS5hbWUuZ2JsL2NybC9BTUUlMjBJTkZSQSUyMENBJTIwMDEoNCkuY3JshjRodHRwOi8vY3JsMi5hbWUuZ2JsL2NybC9BTUUlMjBJTkZSQSUyMENBJTIwMDEoNCkuY3JshjRodHRwOi8vY3JsMy5hbWUuZ2JsL2NybC9BTUUlMjBJTkZSQSUyMENBJTIwMDEoNCkuY3JshjRodHRwOi8vY3JsNC5hbWUuZ2JsL2NybC9BTUUlMjBJTkZSQSUyMENBJTIwMDEoNCkuY3JsMBcGA1UdIAQQMA4wDAYKKwYBBAGCN3sBATAfBgNVHSMEGDAWgBTl2Ztn_PjsurvwwKidileIud8-YzAdBgNVHSUEFjAUBggrBgEFBQcDAQYIKwYBBQUHAwIwDQYJKoZIhvcNAQELBQADggEBAKRwStAdrsy7tgEfmtXPZXIwgdXOYwSx2Kqzlhq8b6Ptid4V3vhJvDV0WLS7d72KIMUwZiBnfPHhMmsdkLOSpNSZYC23g3QJSBWvoS86Rpkeru5bEyQmv1gucF_MyaFaUXUd4b7xnvCkv-BBNO8m1lvFAowB2odz9esggf82yeOVBx0yEK_NNOK4l36XvRjvIqemSLZOSi1wow_wn_ovhAEPpSSN7UTahPtz7J12vhP1LuZ4Rvn_hNx48ncw445nMBnMVmcuuakaKDC6_sAcs5lg9jq2yHSaIHRw4xcoS5XwvIykGPMUyAD-dXWFih_XFOKh7ea50hObFhghf3Dtvlo&s=jAfIrKfX8RlUGHfwPiNlXZSlDzDwzV3Sz4B1-xVFX1k55l7DlnhIsGqUTJCBEAsK_8fRhOtCffmu-4c8oI8xW2m0P0BwtAtAnYaFgxyNxKTgB5pzI8egs4Ocs74hw84t0DriWX62mcoNAAiuDL9meh6eFkyJhKQGL5kL25CVq0tBvyKC6FURcOytk57qSIK50uwevCiaVyV399OBfRDqmtoH-mcXMSwGSwOUoLOTCGx2G3ns63qu8rKKANeOOn3zzTXcmzBjaU7PV9nUdrMwy2eN1-cHhUDX1cGE8NWcAHeHFqz-fS_2by8dimnFC2TIhA6bV3l2bHx2zHpCbZtjHQ&h=YRlwMlBElQ9sH7aSVZnvnRgxBohPw8zaFhHvnNg58Mw
  response:
    body:
      string: "{\r\n  \"startTime\": \"2023-12-19T07:49:46.7023165+00:00\",\r\n  \"endTime\":
        \"2023-12-19T07:49:51.9836273+00:00\",\r\n  \"status\": \"Succeeded\",\r\n
        \ \"name\": \"ed96993d-a6a3-4e03-87d2-1856f174a9e6\"\r\n}"
    headers:
      cache-control:
      - no-cache
      content-length:
      - '184'
      content-type:
      - application/json; charset=utf-8
      date:
      - Tue, 19 Dec 2023 07:50:18 GMT
      expires:
      - '-1'
      pragma:
      - no-cache
      server:
      - Microsoft-HTTPAPI/2.0
      - Microsoft-HTTPAPI/2.0
      strict-transport-security:
      - max-age=31536000; includeSubDomains
      transfer-encoding:
      - chunked
      vary:
      - Accept-Encoding
      x-content-type-options:
      - nosniff
      x-ms-ratelimit-remaining-resource:
      - Microsoft.Compute/GetOperationResource;43,Microsoft.Compute/GetOperationSubscriptionMaximum;14995
    status:
      code: 200
      message: ''
- request:
    body: null
    headers:
      Accept:
      - '*/*'
      Accept-Encoding:
      - gzip, deflate
      CommandName:
      - vm update
      Connection:
      - keep-alive
      ParameterSetName:
      - -g -n --license-type
      User-Agent:
      - AZURECLI/2.55.0 azsdk-python-azure-mgmt-compute/30.4.0 Python/3.10.11 (Windows-10-10.0.22631-SP0)
    method: GET
    uri: https://management.azure.com/subscriptions/00000000-0000-0000-0000-000000000000/resourceGroups/cli_test_windows_license_type000001/providers/Microsoft.Compute/virtualMachines/winvm?api-version=2023-09-01
  response:
    body:
      string: "{\r\n  \"name\": \"winvm\",\r\n  \"id\": \"/subscriptions/00000000-0000-0000-0000-000000000000/resourceGroups/cli_test_windows_license_type000001/providers/Microsoft.Compute/virtualMachines/winvm\",\r\n
        \ \"type\": \"Microsoft.Compute/virtualMachines\",\r\n  \"location\": \"westus\",\r\n
        \ \"tags\": {},\r\n  \"properties\": {\r\n    \"hardwareProfile\": {\r\n      \"vmSize\":
        \"Standard_DS1_v2\"\r\n    },\r\n    \"provisioningState\": \"Succeeded\",\r\n
        \   \"vmId\": \"b48be9b9-c21b-46ab-850b-79e0c140424b\",\r\n    \"storageProfile\":
        {\r\n      \"imageReference\": {\r\n        \"publisher\": \"MicrosoftWindowsServer\",\r\n
        \       \"offer\": \"WindowsServer\",\r\n        \"sku\": \"2012-R2-Datacenter\",\r\n
        \       \"version\": \"latest\",\r\n        \"exactVersion\": \"9600.21620.231004\"\r\n
        \     },\r\n      \"osDisk\": {\r\n        \"osType\": \"Windows\",\r\n        \"name\":
        \"winvm_OsDisk_1_61e7108e83d043c6909fc3c718cc4e25\",\r\n        \"createOption\":
        \"FromImage\",\r\n        \"caching\": \"ReadWrite\",\r\n        \"managedDisk\":
        {\r\n          \"storageAccountType\": \"Premium_LRS\",\r\n          \"id\":
        \"/subscriptions/00000000-0000-0000-0000-000000000000/resourceGroups/cli_test_windows_license_type000001/providers/Microsoft.Compute/disks/winvm_OsDisk_1_61e7108e83d043c6909fc3c718cc4e25\"\r\n
        \       },\r\n        \"deleteOption\": \"Detach\",\r\n        \"diskSizeGB\":
        127\r\n      },\r\n      \"dataDisks\": []\r\n    },\r\n    \"osProfile\":
        {\r\n      \"computerName\": \"winvm\",\r\n      \"adminUsername\": \"clitest1234\",\r\n
        \     \"windowsConfiguration\": {\r\n        \"provisionVMAgent\": true,\r\n
        \       \"enableAutomaticUpdates\": true,\r\n        \"patchSettings\": {\r\n
        \         \"patchMode\": \"AutomaticByOS\",\r\n          \"assessmentMode\":
        \"ImageDefault\"\r\n        },\r\n        \"enableVMAgentPlatformUpdates\":
        false\r\n      },\r\n      \"secrets\": [],\r\n      \"allowExtensionOperations\":
        true,\r\n      \"requireGuestProvisionSignal\": true\r\n    },\r\n    \"networkProfile\":
        {\"networkInterfaces\":[{\"id\":\"/subscriptions/00000000-0000-0000-0000-000000000000/resourceGroups/cli_test_windows_license_type000001/providers/Microsoft.Network/networkInterfaces/winvmVMNic\"}]},\r\n
        \   \"licenseType\": \"None\",\r\n    \"timeCreated\": \"2023-12-19T07:48:23.2638359+00:00\"\r\n
        \ }\r\n}"
    headers:
      cache-control:
      - no-cache
      content-length:
      - '2098'
      content-type:
      - application/json; charset=utf-8
      date:
      - Tue, 19 Dec 2023 07:50:18 GMT
      expires:
      - '-1'
      pragma:
      - no-cache
      server:
      - Microsoft-HTTPAPI/2.0
      - Microsoft-HTTPAPI/2.0
      strict-transport-security:
      - max-age=31536000; includeSubDomains
      transfer-encoding:
      - chunked
      vary:
      - Accept-Encoding
      x-content-type-options:
      - nosniff
      x-ms-ratelimit-remaining-resource:
      - Microsoft.Compute/LowCostGetSubscriptionMaximum;23989,Microsoft.Compute/LowCostGetResource;35
    status:
      code: 200
      message: ''
version: 1
