interactions:
- request:
    body: null
    headers:
      Accept:
      - application/json
      Accept-Encoding:
      - gzip, deflate
      CommandName:
      - vmss create
      Connection:
      - keep-alive
      ParameterSetName:
      - -g -n --image --admin-username --admin-password --license-type --instance-count
      User-Agent:
      - python/3.7.4 (Windows-10-10.0.19041-SP0) msrest/0.6.21 msrest_azure/0.6.3
        azure-mgmt-resource/12.0.0 Azure-SDK-For-Python AZURECLI/2.19.0
      accept-language:
      - en-US
    method: GET
    uri: https://management.azure.com/subscriptions/00000000-0000-0000-0000-000000000000/resourcegroups/cli_test_vmss_update_000001?api-version=2020-10-01
  response:
    body:
      string: '{"id":"/subscriptions/00000000-0000-0000-0000-000000000000/resourceGroups/cli_test_vmss_update_000001","name":"cli_test_vmss_update_000001","type":"Microsoft.Resources/resourceGroups","location":"westus","tags":{"product":"azurecli","cause":"automation","date":"2021-02-09T06:46:54Z"},"properties":{"provisioningState":"Succeeded"}}'
    headers:
      cache-control:
      - no-cache
      content-length:
      - '428'
      content-type:
      - application/json; charset=utf-8
      date:
      - Tue, 09 Feb 2021 06:46:56 GMT
      expires:
      - '-1'
      pragma:
      - no-cache
      strict-transport-security:
      - max-age=31536000; includeSubDomains
      vary:
      - Accept-Encoding
      x-content-type-options:
      - nosniff
    status:
      code: 200
      message: OK
- request:
    body: null
    headers:
      Accept:
      - '*/*'
      Accept-Encoding:
      - gzip, deflate
      Connection:
      - keep-alive
      User-Agent:
      - python-requests/2.25.1
    method: GET
    uri: https://raw.githubusercontent.com/Azure/azure-rest-api-specs/master/arm-compute/quickstart-templates/aliases.json
  response:
    body:
      string: "{\n  \"$schema\": \"http://schema.management.azure.com/schemas/2015-01-01/deploymentTemplate.json\",\n
        \ \"contentVersion\": \"1.0.0.0\",\n  \"parameters\": {},\n  \"variables\":
        {},\n  \"resources\": [],\n  \"outputs\": {\n    \"aliases\": {\n      \"type\":
        \"object\",\n      \"value\": {\n        \"Linux\": {\n          \"CentOS\":
        {\n            \"publisher\": \"OpenLogic\",\n            \"offer\": \"CentOS\",\n
        \           \"sku\": \"7.5\",\n            \"version\": \"latest\"\n          },\n
        \         \"CoreOS\": {\n            \"publisher\": \"CoreOS\",\n            \"offer\":
        \"CoreOS\",\n            \"sku\": \"Stable\",\n            \"version\": \"latest\"\n
        \         },\n          \"Debian\": {\n            \"publisher\": \"Debian\",\n
        \           \"offer\": \"debian-10\",\n            \"sku\": \"10\",\n            \"version\":
        \"latest\"\n          },\n          \"openSUSE-Leap\": {\n            \"publisher\":
        \"SUSE\",\n            \"offer\": \"openSUSE-Leap\",\n            \"sku\":
        \"42.3\",\n            \"version\": \"latest\"\n          },\n          \"RHEL\":
        {\n            \"publisher\": \"RedHat\",\n            \"offer\": \"RHEL\",\n
        \           \"sku\": \"7-LVM\",\n            \"version\": \"latest\"\n          },\n
        \         \"SLES\": {\n            \"publisher\": \"SUSE\",\n            \"offer\":
        \"SLES\",\n            \"sku\": \"15\",\n            \"version\": \"latest\"\n
        \         },\n          \"UbuntuLTS\": {\n            \"publisher\": \"Canonical\",\n
        \           \"offer\": \"UbuntuServer\",\n            \"sku\": \"18.04-LTS\",\n
        \           \"version\": \"latest\"\n          }\n        },\n        \"Windows\":
        {\n          \"Win2019Datacenter\": {\n            \"publisher\": \"MicrosoftWindowsServer\",\n
        \           \"offer\": \"WindowsServer\",\n            \"sku\": \"2019-Datacenter\",\n
        \           \"version\": \"latest\"\n          },\n          \"Win2016Datacenter\":
        {\n            \"publisher\": \"MicrosoftWindowsServer\",\n            \"offer\":
        \"WindowsServer\",\n            \"sku\": \"2016-Datacenter\",\n            \"version\":
        \"latest\"\n          },\n          \"Win2012R2Datacenter\": {\n            \"publisher\":
        \"MicrosoftWindowsServer\",\n            \"offer\": \"WindowsServer\",\n            \"sku\":
        \"2012-R2-Datacenter\",\n            \"version\": \"latest\"\n          },\n
        \         \"Win2012Datacenter\": {\n            \"publisher\": \"MicrosoftWindowsServer\",\n
        \           \"offer\": \"WindowsServer\",\n            \"sku\": \"2012-Datacenter\",\n
        \           \"version\": \"latest\"\n          },\n          \"Win2008R2SP1\":
        {\n            \"publisher\": \"MicrosoftWindowsServer\",\n            \"offer\":
        \"WindowsServer\",\n            \"sku\": \"2008-R2-SP1\",\n            \"version\":
        \"latest\"\n          }\n        }\n      }\n    }\n  }\n}\n"
    headers:
      accept-ranges:
      - bytes
      access-control-allow-origin:
      - '*'
      cache-control:
      - max-age=300
      connection:
      - keep-alive
      content-length:
      - '2501'
      content-security-policy:
      - default-src 'none'; style-src 'unsafe-inline'; sandbox
      content-type:
      - text/plain; charset=utf-8
      date:
      - Tue, 09 Feb 2021 06:46:57 GMT
      etag:
      - W/"540044b4084c3c314537f1baa1770f248628b2bc9ba0328f1004c33862e049da"
      expires:
      - Tue, 09 Feb 2021 06:51:57 GMT
      source-age:
      - '29'
      strict-transport-security:
      - max-age=31536000
      vary:
      - Authorization,Accept-Encoding, Accept-Encoding
      via:
      - 1.1 varnish
      x-cache:
      - HIT
      x-cache-hits:
      - '1'
      x-content-type-options:
      - nosniff
      x-fastly-request-id:
      - f315de031472bdb2423e8632f27b95f4056fb180
      x-frame-options:
      - deny
      x-github-request-id:
      - 5F66:4D94:DC2B:ECD5:60217BA5
      x-served-by:
      - cache-sin18048-SIN
      x-timer:
      - S1612853217.005232,VS0,VE1
      x-xss-protection:
      - 1; mode=block
    status:
      code: 200
      message: OK
- request:
    body: null
    headers:
      Accept:
      - application/json, text/json
      Accept-Encoding:
      - gzip, deflate
      CommandName:
      - vmss create
      Connection:
      - keep-alive
      ParameterSetName:
      - -g -n --image --admin-username --admin-password --license-type --instance-count
      User-Agent:
      - AZURECLI/2.19.0 azsdk-python-azure-mgmt-network/17.0.0 Python/3.7.4 (Windows-10-10.0.19041-SP0)
    method: GET
    uri: https://management.azure.com/subscriptions/00000000-0000-0000-0000-000000000000/resourceGroups/cli_test_vmss_update_000001/providers/Microsoft.Network/virtualNetworks?api-version=2018-01-01
  response:
    body:
      string: '{"value":[]}'
    headers:
      cache-control:
      - no-cache
      content-length:
      - '12'
      content-type:
      - application/json; charset=utf-8
      date:
      - Tue, 09 Feb 2021 06:46:56 GMT
      expires:
      - '-1'
      pragma:
      - no-cache
      strict-transport-security:
      - max-age=31536000; includeSubDomains
      vary:
      - Accept-Encoding
      x-content-type-options:
      - nosniff
    status:
      code: 200
      message: OK
- request:
    body: '{"properties": {"template": {"$schema": "https://schema.management.azure.com/schemas/2015-01-01/deploymentTemplate.json#",
      "contentVersion": "1.0.0.0", "parameters": {"adminPassword": {"type": "securestring",
      "metadata": {"description": "Secure adminPassword"}}}, "variables": {}, "resources":
      [{"name": "winvmssVNET", "type": "Microsoft.Network/virtualNetworks", "location":
      "westus", "apiVersion": "2015-06-15", "dependsOn": [], "tags": {}, "properties":
      {"addressSpace": {"addressPrefixes": ["10.0.0.0/16"]}, "subnets": [{"name":
      "winvmssSubnet", "properties": {"addressPrefix": "10.0.0.0/24"}}]}}, {"apiVersion":
      "2018-01-01", "type": "Microsoft.Network/publicIPAddresses", "name": "winvmssLBPublicIP",
      "location": "westus", "tags": {}, "dependsOn": [], "properties": {"publicIPAllocationMethod":
      "Dynamic"}}, {"type": "Microsoft.Network/loadBalancers", "name": "winvmssLB",
      "location": "westus", "tags": {}, "apiVersion": "2018-01-01", "dependsOn": ["Microsoft.Network/virtualNetworks/winvmssVNET",
      "Microsoft.Network/publicIpAddresses/winvmssLBPublicIP"], "properties": {"backendAddressPools":
      [{"name": "winvmssLBBEPool"}], "inboundNatPools": [{"name": "winvmssLBNatPool",
      "properties": {"frontendIPConfiguration": {"id": "[concat(resourceId(''Microsoft.Network/loadBalancers'',
      ''winvmssLB''), ''/frontendIPConfigurations/'', ''loadBalancerFrontEnd'')]"},
      "protocol": "tcp", "frontendPortRangeStart": "50000", "frontendPortRangeEnd":
      "50119", "backendPort": 3389}}], "frontendIPConfigurations": [{"name": "loadBalancerFrontEnd",
      "properties": {"publicIPAddress": {"id": "/subscriptions/00000000-0000-0000-0000-000000000000/resourceGroups/cli_test_vmss_update_000001/providers/Microsoft.Network/publicIPAddresses/winvmssLBPublicIP"}}}]}},
      {"type": "Microsoft.Compute/virtualMachineScaleSets", "name": "winvmss", "location":
      "westus", "tags": {}, "apiVersion": "2020-12-01", "dependsOn": ["Microsoft.Network/virtualNetworks/winvmssVNET",
      "Microsoft.Network/loadBalancers/winvmssLB"], "sku": {"name": "Standard_DS1_v2",
      "capacity": 1}, "properties": {"overprovision": true, "upgradePolicy": {"mode":
      "manual"}, "virtualMachineProfile": {"storageProfile": {"osDisk": {"createOption":
      "FromImage", "caching": "ReadWrite", "managedDisk": {"storageAccountType": null}},
      "imageReference": {"publisher": "MicrosoftWindowsServer", "offer": "WindowsServer",
      "sku": "2012-R2-Datacenter", "version": "latest"}}, "networkProfile": {"networkInterfaceConfigurations":
      [{"name": "winvm4902Nic", "properties": {"primary": "true", "ipConfigurations":
      [{"name": "winvm4902IPConfig", "properties": {"subnet": {"id": "/subscriptions/00000000-0000-0000-0000-000000000000/resourceGroups/cli_test_vmss_update_000001/providers/Microsoft.Network/virtualNetworks/winvmssVNET/subnets/winvmssSubnet"},
      "loadBalancerBackendAddressPools": [{"id": "/subscriptions/00000000-0000-0000-0000-000000000000/resourceGroups/cli_test_vmss_update_000001/providers/Microsoft.Network/loadBalancers/winvmssLB/backendAddressPools/winvmssLBBEPool"}],
      "loadBalancerInboundNatPools": [{"id": "/subscriptions/00000000-0000-0000-0000-000000000000/resourceGroups/cli_test_vmss_update_000001/providers/Microsoft.Network/loadBalancers/winvmssLB/inboundNatPools/winvmssLBNatPool"}]}}]}}]},
      "osProfile": {"computerNamePrefix": "winvm4902", "adminUsername": "clitest1234",
      "adminPassword": "[parameters(''adminPassword'')]"}, "licenseType": "Windows_Server"},
      "singlePlacementGroup": null}}], "outputs": {"VMSS": {"type": "object", "value":
      "[reference(resourceId(''Microsoft.Compute/virtualMachineScaleSets'', ''winvmss''),providers(''Microsoft.Compute'',
      ''virtualMachineScaleSets'').apiVersions[0])]"}}}, "parameters": {"adminPassword":
      {"value": "Test123456789#"}}, "mode": "Incremental"}}'
    headers:
      Accept:
      - application/json
      Accept-Encoding:
      - gzip, deflate
      CommandName:
      - vmss create
      Connection:
      - keep-alive
      Content-Length:
      - '3917'
      Content-Type:
      - application/json; charset=utf-8
      ParameterSetName:
      - -g -n --image --admin-username --admin-password --license-type --instance-count
      User-Agent:
      - python/3.7.4 (Windows-10-10.0.19041-SP0) msrest/0.6.21 msrest_azure/0.6.3
        azure-mgmt-resource/12.0.0 Azure-SDK-For-Python AZURECLI/2.19.0
      accept-language:
      - en-US
    method: PUT
    uri: https://management.azure.com/subscriptions/00000000-0000-0000-0000-000000000000/resourcegroups/cli_test_vmss_update_000001/providers/Microsoft.Resources/deployments/mock-deployment?api-version=2020-10-01
  response:
    body:
      string: '{"id":"/subscriptions/00000000-0000-0000-0000-000000000000/resourceGroups/cli_test_vmss_update_000001/providers/Microsoft.Resources/deployments/vmss_deploy_xYFUlk6COnSSOqDMd8wV4fiGFd6t9Qlx","name":"vmss_deploy_xYFUlk6COnSSOqDMd8wV4fiGFd6t9Qlx","type":"Microsoft.Resources/deployments","properties":{"templateHash":"10411983544738106551","parameters":{"adminPassword":{"type":"SecureString"}},"mode":"Incremental","provisioningState":"Accepted","timestamp":"2021-02-09T06:47:03.4492074Z","duration":"PT3.380387S","correlationId":"cc0ae19b-0dc9-4d93-893c-a178987b7b95","providers":[{"namespace":"Microsoft.Network","resourceTypes":[{"resourceType":"virtualNetworks","locations":["westus"]},{"resourceType":"publicIPAddresses","locations":["westus"]},{"resourceType":"loadBalancers","locations":["westus"]}]},{"namespace":"Microsoft.Compute","resourceTypes":[{"resourceType":"virtualMachineScaleSets","locations":["westus"]}]}],"dependencies":[{"dependsOn":[{"id":"/subscriptions/00000000-0000-0000-0000-000000000000/resourceGroups/cli_test_vmss_update_000001/providers/Microsoft.Network/virtualNetworks/winvmssVNET","resourceType":"Microsoft.Network/virtualNetworks","resourceName":"winvmssVNET"},{"id":"/subscriptions/00000000-0000-0000-0000-000000000000/resourceGroups/cli_test_vmss_update_000001/providers/Microsoft.Network/publicIPAddresses/winvmssLBPublicIP","resourceType":"Microsoft.Network/publicIPAddresses","resourceName":"winvmssLBPublicIP"}],"id":"/subscriptions/00000000-0000-0000-0000-000000000000/resourceGroups/cli_test_vmss_update_000001/providers/Microsoft.Network/loadBalancers/winvmssLB","resourceType":"Microsoft.Network/loadBalancers","resourceName":"winvmssLB"},{"dependsOn":[{"id":"/subscriptions/00000000-0000-0000-0000-000000000000/resourceGroups/cli_test_vmss_update_000001/providers/Microsoft.Network/virtualNetworks/winvmssVNET","resourceType":"Microsoft.Network/virtualNetworks","resourceName":"winvmssVNET"},{"id":"/subscriptions/00000000-0000-0000-0000-000000000000/resourceGroups/cli_test_vmss_update_000001/providers/Microsoft.Network/loadBalancers/winvmssLB","resourceType":"Microsoft.Network/loadBalancers","resourceName":"winvmssLB"}],"id":"/subscriptions/00000000-0000-0000-0000-000000000000/resourceGroups/cli_test_vmss_update_000001/providers/Microsoft.Compute/virtualMachineScaleSets/winvmss","resourceType":"Microsoft.Compute/virtualMachineScaleSets","resourceName":"winvmss"}]}}'
    headers:
      azure-asyncoperation:
      - https://management.azure.com/subscriptions/00000000-0000-0000-0000-000000000000/resourcegroups/cli_test_vmss_update_000001/providers/Microsoft.Resources/deployments/vmss_deploy_xYFUlk6COnSSOqDMd8wV4fiGFd6t9Qlx/operationStatuses/08585887536654088159?api-version=2020-10-01
      cache-control:
      - no-cache
      content-length:
      - '2755'
      content-type:
      - application/json; charset=utf-8
      date:
      - Tue, 09 Feb 2021 06:47:04 GMT
      expires:
      - '-1'
      pragma:
      - no-cache
      strict-transport-security:
      - max-age=31536000; includeSubDomains
      x-content-type-options:
      - nosniff
      x-ms-ratelimit-remaining-subscription-writes:
      - '1184'
    status:
      code: 201
      message: Created
- request:
    body: null
    headers:
      Accept:
      - application/json
      Accept-Encoding:
      - gzip, deflate
      CommandName:
      - vmss create
      Connection:
      - keep-alive
      ParameterSetName:
      - -g -n --image --admin-username --admin-password --license-type --instance-count
      User-Agent:
      - python/3.7.4 (Windows-10-10.0.19041-SP0) msrest/0.6.21 msrest_azure/0.6.3
        azure-mgmt-resource/12.0.0 Azure-SDK-For-Python AZURECLI/2.19.0
    method: GET
    uri: https://management.azure.com/subscriptions/00000000-0000-0000-0000-000000000000/resourcegroups/cli_test_vmss_update_000001/providers/Microsoft.Resources/deployments/mock-deployment/operationStatuses/08585887536654088159?api-version=2020-10-01
  response:
    body:
      string: '{"status":"Running"}'
    headers:
      cache-control:
      - no-cache
      content-length:
      - '20'
      content-type:
      - application/json; charset=utf-8
      date:
      - Tue, 09 Feb 2021 06:47:36 GMT
      expires:
      - '-1'
      pragma:
      - no-cache
      strict-transport-security:
      - max-age=31536000; includeSubDomains
      vary:
      - Accept-Encoding
      x-content-type-options:
      - nosniff
    status:
      code: 200
      message: OK
- request:
    body: null
    headers:
      Accept:
      - application/json
      Accept-Encoding:
      - gzip, deflate
      CommandName:
      - vmss create
      Connection:
      - keep-alive
      ParameterSetName:
      - -g -n --image --admin-username --admin-password --license-type --instance-count
      User-Agent:
      - python/3.7.4 (Windows-10-10.0.19041-SP0) msrest/0.6.21 msrest_azure/0.6.3
        azure-mgmt-resource/12.0.0 Azure-SDK-For-Python AZURECLI/2.19.0
    method: GET
    uri: https://management.azure.com/subscriptions/00000000-0000-0000-0000-000000000000/resourcegroups/cli_test_vmss_update_000001/providers/Microsoft.Resources/deployments/mock-deployment/operationStatuses/08585887536654088159?api-version=2020-10-01
  response:
    body:
      string: '{"status":"Running"}'
    headers:
      cache-control:
      - no-cache
      content-length:
      - '20'
      content-type:
      - application/json; charset=utf-8
      date:
      - Tue, 09 Feb 2021 06:48:06 GMT
      expires:
      - '-1'
      pragma:
      - no-cache
      strict-transport-security:
      - max-age=31536000; includeSubDomains
      vary:
      - Accept-Encoding
      x-content-type-options:
      - nosniff
    status:
      code: 200
      message: OK
- request:
    body: null
    headers:
      Accept:
      - application/json
      Accept-Encoding:
      - gzip, deflate
      CommandName:
      - vmss create
      Connection:
      - keep-alive
      ParameterSetName:
      - -g -n --image --admin-username --admin-password --license-type --instance-count
      User-Agent:
      - python/3.7.4 (Windows-10-10.0.19041-SP0) msrest/0.6.21 msrest_azure/0.6.3
        azure-mgmt-resource/12.0.0 Azure-SDK-For-Python AZURECLI/2.19.0
    method: GET
    uri: https://management.azure.com/subscriptions/00000000-0000-0000-0000-000000000000/resourcegroups/cli_test_vmss_update_000001/providers/Microsoft.Resources/deployments/mock-deployment/operationStatuses/08585887536654088159?api-version=2020-10-01
  response:
    body:
      string: '{"status":"Running"}'
    headers:
      cache-control:
      - no-cache
      content-length:
      - '20'
      content-type:
      - application/json; charset=utf-8
      date:
      - Tue, 09 Feb 2021 06:48:36 GMT
      expires:
      - '-1'
      pragma:
      - no-cache
      strict-transport-security:
      - max-age=31536000; includeSubDomains
      vary:
      - Accept-Encoding
      x-content-type-options:
      - nosniff
    status:
      code: 200
      message: OK
- request:
    body: null
    headers:
      Accept:
      - application/json
      Accept-Encoding:
      - gzip, deflate
      CommandName:
      - vmss create
      Connection:
      - keep-alive
      ParameterSetName:
      - -g -n --image --admin-username --admin-password --license-type --instance-count
      User-Agent:
      - python/3.7.4 (Windows-10-10.0.19041-SP0) msrest/0.6.21 msrest_azure/0.6.3
        azure-mgmt-resource/12.0.0 Azure-SDK-For-Python AZURECLI/2.19.0
    method: GET
    uri: https://management.azure.com/subscriptions/00000000-0000-0000-0000-000000000000/resourcegroups/cli_test_vmss_update_000001/providers/Microsoft.Resources/deployments/mock-deployment/operationStatuses/08585887536654088159?api-version=2020-10-01
  response:
    body:
      string: '{"status":"Running"}'
    headers:
      cache-control:
      - no-cache
      content-length:
      - '20'
      content-type:
      - application/json; charset=utf-8
      date:
      - Tue, 09 Feb 2021 06:49:07 GMT
      expires:
      - '-1'
      pragma:
      - no-cache
      strict-transport-security:
      - max-age=31536000; includeSubDomains
      vary:
      - Accept-Encoding
      x-content-type-options:
      - nosniff
    status:
      code: 200
      message: OK
- request:
    body: null
    headers:
      Accept:
      - application/json
      Accept-Encoding:
      - gzip, deflate
      CommandName:
      - vmss create
      Connection:
      - keep-alive
      ParameterSetName:
      - -g -n --image --admin-username --admin-password --license-type --instance-count
      User-Agent:
      - python/3.7.4 (Windows-10-10.0.19041-SP0) msrest/0.6.21 msrest_azure/0.6.3
        azure-mgmt-resource/12.0.0 Azure-SDK-For-Python AZURECLI/2.19.0
    method: GET
    uri: https://management.azure.com/subscriptions/00000000-0000-0000-0000-000000000000/resourcegroups/cli_test_vmss_update_000001/providers/Microsoft.Resources/deployments/mock-deployment/operationStatuses/08585887536654088159?api-version=2020-10-01
  response:
    body:
      string: '{"status":"Succeeded"}'
    headers:
      cache-control:
      - no-cache
      content-length:
      - '22'
      content-type:
      - application/json; charset=utf-8
      date:
      - Tue, 09 Feb 2021 06:49:37 GMT
      expires:
      - '-1'
      pragma:
      - no-cache
      strict-transport-security:
      - max-age=31536000; includeSubDomains
      vary:
      - Accept-Encoding
      x-content-type-options:
      - nosniff
    status:
      code: 200
      message: OK
- request:
    body: null
    headers:
      Accept:
      - application/json
      Accept-Encoding:
      - gzip, deflate
      CommandName:
      - vmss create
      Connection:
      - keep-alive
      ParameterSetName:
      - -g -n --image --admin-username --admin-password --license-type --instance-count
      User-Agent:
      - python/3.7.4 (Windows-10-10.0.19041-SP0) msrest/0.6.21 msrest_azure/0.6.3
        azure-mgmt-resource/12.0.0 Azure-SDK-For-Python AZURECLI/2.19.0
    method: GET
    uri: https://management.azure.com/subscriptions/00000000-0000-0000-0000-000000000000/resourcegroups/cli_test_vmss_update_000001/providers/Microsoft.Resources/deployments/mock-deployment?api-version=2020-10-01
  response:
    body:
      string: '{"id":"/subscriptions/00000000-0000-0000-0000-000000000000/resourceGroups/cli_test_vmss_update_000001/providers/Microsoft.Resources/deployments/vmss_deploy_xYFUlk6COnSSOqDMd8wV4fiGFd6t9Qlx","name":"vmss_deploy_xYFUlk6COnSSOqDMd8wV4fiGFd6t9Qlx","type":"Microsoft.Resources/deployments","properties":{"templateHash":"10411983544738106551","parameters":{"adminPassword":{"type":"SecureString"}},"mode":"Incremental","provisioningState":"Succeeded","timestamp":"2021-02-09T06:49:33.5162111Z","duration":"PT2M33.4473907S","correlationId":"cc0ae19b-0dc9-4d93-893c-a178987b7b95","providers":[{"namespace":"Microsoft.Network","resourceTypes":[{"resourceType":"virtualNetworks","locations":["westus"]},{"resourceType":"publicIPAddresses","locations":["westus"]},{"resourceType":"loadBalancers","locations":["westus"]}]},{"namespace":"Microsoft.Compute","resourceTypes":[{"resourceType":"virtualMachineScaleSets","locations":["westus"]}]}],"dependencies":[{"dependsOn":[{"id":"/subscriptions/00000000-0000-0000-0000-000000000000/resourceGroups/cli_test_vmss_update_000001/providers/Microsoft.Network/virtualNetworks/winvmssVNET","resourceType":"Microsoft.Network/virtualNetworks","resourceName":"winvmssVNET"},{"id":"/subscriptions/00000000-0000-0000-0000-000000000000/resourceGroups/cli_test_vmss_update_000001/providers/Microsoft.Network/publicIPAddresses/winvmssLBPublicIP","resourceType":"Microsoft.Network/publicIPAddresses","resourceName":"winvmssLBPublicIP"}],"id":"/subscriptions/00000000-0000-0000-0000-000000000000/resourceGroups/cli_test_vmss_update_000001/providers/Microsoft.Network/loadBalancers/winvmssLB","resourceType":"Microsoft.Network/loadBalancers","resourceName":"winvmssLB"},{"dependsOn":[{"id":"/subscriptions/00000000-0000-0000-0000-000000000000/resourceGroups/cli_test_vmss_update_000001/providers/Microsoft.Network/virtualNetworks/winvmssVNET","resourceType":"Microsoft.Network/virtualNetworks","resourceName":"winvmssVNET"},{"id":"/subscriptions/00000000-0000-0000-0000-000000000000/resourceGroups/cli_test_vmss_update_000001/providers/Microsoft.Network/loadBalancers/winvmssLB","resourceType":"Microsoft.Network/loadBalancers","resourceName":"winvmssLB"}],"id":"/subscriptions/00000000-0000-0000-0000-000000000000/resourceGroups/cli_test_vmss_update_000001/providers/Microsoft.Compute/virtualMachineScaleSets/winvmss","resourceType":"Microsoft.Compute/virtualMachineScaleSets","resourceName":"winvmss"}],"outputs":{"vmss":{"type":"Object","value":{"singlePlacementGroup":true,"upgradePolicy":{"mode":"Manual"},"virtualMachineProfile":{"osProfile":{"computerNamePrefix":"winvm4902","adminUsername":"clitest1234","windowsConfiguration":{"provisionVMAgent":true,"enableAutomaticUpdates":true},"secrets":[],"allowExtensionOperations":true,"requireGuestProvisionSignal":true},"storageProfile":{"osDisk":{"osType":"Windows","createOption":"FromImage","caching":"ReadWrite","managedDisk":{"storageAccountType":"Premium_LRS"},"diskSizeGB":127},"imageReference":{"publisher":"MicrosoftWindowsServer","offer":"WindowsServer","sku":"2012-R2-Datacenter","version":"latest"}},"networkProfile":{"networkInterfaceConfigurations":[{"name":"winvm4902Nic","properties":{"primary":true,"enableAcceleratedNetworking":false,"dnsSettings":{"dnsServers":[]},"enableIPForwarding":false,"ipConfigurations":[{"name":"winvm4902IPConfig","properties":{"subnet":{"id":"/subscriptions/00000000-0000-0000-0000-000000000000/resourceGroups/cli_test_vmss_update_000001/providers/Microsoft.Network/virtualNetworks/winvmssVNET/subnets/winvmssSubnet"},"privateIPAddressVersion":"IPv4","loadBalancerBackendAddressPools":[{"id":"/subscriptions/00000000-0000-0000-0000-000000000000/resourceGroups/cli_test_vmss_update_000001/providers/Microsoft.Network/loadBalancers/winvmssLB/backendAddressPools/winvmssLBBEPool"}],"loadBalancerInboundNatPools":[{"id":"/subscriptions/00000000-0000-0000-0000-000000000000/resourceGroups/cli_test_vmss_update_000001/providers/Microsoft.Network/loadBalancers/winvmssLB/inboundNatPools/winvmssLBNatPool"}]}}]}}]},"licenseType":"Windows_Server"},"provisioningState":"Succeeded","overprovision":true,"doNotRunExtensionsOnOverprovisionedVMs":false,"uniqueId":"58ac973e-e44c-42a5-b999-0dac0b4b6043"}}},"outputResources":[{"id":"/subscriptions/00000000-0000-0000-0000-000000000000/resourceGroups/cli_test_vmss_update_000001/providers/Microsoft.Compute/virtualMachineScaleSets/winvmss"},{"id":"/subscriptions/00000000-0000-0000-0000-000000000000/resourceGroups/cli_test_vmss_update_000001/providers/Microsoft.Network/loadBalancers/winvmssLB"},{"id":"/subscriptions/00000000-0000-0000-0000-000000000000/resourceGroups/cli_test_vmss_update_000001/providers/Microsoft.Network/publicIPAddresses/winvmssLBPublicIP"},{"id":"/subscriptions/00000000-0000-0000-0000-000000000000/resourceGroups/cli_test_vmss_update_000001/providers/Microsoft.Network/virtualNetworks/winvmssVNET"}]}}'
    headers:
      cache-control:
      - no-cache
      content-length:
      - '5549'
      content-type:
      - application/json; charset=utf-8
      date:
      - Tue, 09 Feb 2021 06:49:39 GMT
      expires:
      - '-1'
      pragma:
      - no-cache
      strict-transport-security:
      - max-age=31536000; includeSubDomains
      vary:
      - Accept-Encoding
      x-content-type-options:
      - nosniff
    status:
      code: 200
      message: OK
- request:
    body: null
    headers:
      Accept:
      - application/json
      Accept-Encoding:
      - gzip, deflate
      CommandName:
      - vmss show
      Connection:
      - keep-alive
      ParameterSetName:
      - -g -n
      User-Agent:
      - AZURECLI/2.19.0 azsdk-python-azure-mgmt-compute/18.2.0 Python/3.7.4 (Windows-10-10.0.19041-SP0)
    method: GET
    uri: https://management.azure.com/subscriptions/00000000-0000-0000-0000-000000000000/resourceGroups/cli_test_vmss_update_000001/providers/Microsoft.Compute/virtualMachineScaleSets/winvmss?api-version=2020-12-01
  response:
    body:
      string: "{\r\n  \"name\": \"winvmss\",\r\n  \"id\": \"/subscriptions/00000000-0000-0000-0000-000000000000/resourceGroups/cli_test_vmss_update_000001/providers/Microsoft.Compute/virtualMachineScaleSets/winvmss\",\r\n
        \ \"type\": \"Microsoft.Compute/virtualMachineScaleSets\",\r\n  \"location\":
        \"westus\",\r\n  \"tags\": {},\r\n  \"sku\": {\r\n    \"name\": \"Standard_DS1_v2\",\r\n
        \   \"tier\": \"Standard\",\r\n    \"capacity\": 1\r\n  },\r\n  \"properties\":
        {\r\n    \"singlePlacementGroup\": true,\r\n    \"upgradePolicy\": {\r\n      \"mode\":
        \"Manual\"\r\n    },\r\n    \"virtualMachineProfile\": {\r\n      \"osProfile\":
        {\r\n        \"computerNamePrefix\": \"winvm4902\",\r\n        \"adminUsername\":
        \"clitest1234\",\r\n        \"windowsConfiguration\": {\r\n          \"provisionVMAgent\":
        true,\r\n          \"enableAutomaticUpdates\": true\r\n        },\r\n        \"secrets\":
        [],\r\n        \"allowExtensionOperations\": true,\r\n        \"requireGuestProvisionSignal\":
        true\r\n      },\r\n      \"storageProfile\": {\r\n        \"osDisk\": {\r\n
        \         \"osType\": \"Windows\",\r\n          \"createOption\": \"FromImage\",\r\n
        \         \"caching\": \"ReadWrite\",\r\n          \"managedDisk\": {\r\n
        \           \"storageAccountType\": \"Premium_LRS\"\r\n          },\r\n          \"diskSizeGB\":
        127\r\n        },\r\n        \"imageReference\": {\r\n          \"publisher\":
        \"MicrosoftWindowsServer\",\r\n          \"offer\": \"WindowsServer\",\r\n
        \         \"sku\": \"2012-R2-Datacenter\",\r\n          \"version\": \"latest\"\r\n
        \       }\r\n      },\r\n      \"networkProfile\": {\"networkInterfaceConfigurations\":[{\"name\":\"winvm4902Nic\",\"properties\":{\"primary\":true,\"enableAcceleratedNetworking\":false,\"dnsSettings\":{\"dnsServers\":[]},\"enableIPForwarding\":false,\"ipConfigurations\":[{\"name\":\"winvm4902IPConfig\",\"properties\":{\"subnet\":{\"id\":\"/subscriptions/00000000-0000-0000-0000-000000000000/resourceGroups/cli_test_vmss_update_000001/providers/Microsoft.Network/virtualNetworks/winvmssVNET/subnets/winvmssSubnet\"},\"privateIPAddressVersion\":\"IPv4\",\"loadBalancerBackendAddressPools\":[{\"id\":\"/subscriptions/00000000-0000-0000-0000-000000000000/resourceGroups/cli_test_vmss_update_000001/providers/Microsoft.Network/loadBalancers/winvmssLB/backendAddressPools/winvmssLBBEPool\"}],\"loadBalancerInboundNatPools\":[{\"id\":\"/subscriptions/00000000-0000-0000-0000-000000000000/resourceGroups/cli_test_vmss_update_000001/providers/Microsoft.Network/loadBalancers/winvmssLB/inboundNatPools/winvmssLBNatPool\"}]}}]}}]},\r\n
        \     \"licenseType\": \"Windows_Server\"\r\n    },\r\n    \"provisioningState\":
        \"Succeeded\",\r\n    \"overprovision\": true,\r\n    \"doNotRunExtensionsOnOverprovisionedVMs\":
        false,\r\n    \"uniqueId\": \"58ac973e-e44c-42a5-b999-0dac0b4b6043\"\r\n  }\r\n}"
    headers:
      cache-control:
      - no-cache
      content-length:
      - '2746'
      content-type:
      - application/json; charset=utf-8
      date:
      - Tue, 09 Feb 2021 06:49:40 GMT
      expires:
      - '-1'
      pragma:
      - no-cache
      server:
      - Microsoft-HTTPAPI/2.0
      - Microsoft-HTTPAPI/2.0
      strict-transport-security:
      - max-age=31536000; includeSubDomains
      transfer-encoding:
      - chunked
      vary:
      - Accept-Encoding
      x-content-type-options:
      - nosniff
      x-ms-ratelimit-remaining-resource:
      - Microsoft.Compute/GetVMScaleSet3Min;369,Microsoft.Compute/GetVMScaleSet30Min;2500
    status:
      code: 200
      message: OK
- request:
    body: null
    headers:
      Accept:
      - application/json
      Accept-Encoding:
      - gzip, deflate
      CommandName:
      - vmss update
      Connection:
      - keep-alive
      ParameterSetName:
      - -g -n --license-type
      User-Agent:
      - AZURECLI/2.19.0 azsdk-python-azure-mgmt-compute/18.2.0 Python/3.7.4 (Windows-10-10.0.19041-SP0)
    method: GET
    uri: https://management.azure.com/subscriptions/00000000-0000-0000-0000-000000000000/resourceGroups/cli_test_vmss_update_000001/providers/Microsoft.Compute/virtualMachineScaleSets/winvmss?api-version=2020-12-01
  response:
    body:
      string: "{\r\n  \"name\": \"winvmss\",\r\n  \"id\": \"/subscriptions/00000000-0000-0000-0000-000000000000/resourceGroups/cli_test_vmss_update_000001/providers/Microsoft.Compute/virtualMachineScaleSets/winvmss\",\r\n
        \ \"type\": \"Microsoft.Compute/virtualMachineScaleSets\",\r\n  \"location\":
        \"westus\",\r\n  \"tags\": {},\r\n  \"sku\": {\r\n    \"name\": \"Standard_DS1_v2\",\r\n
        \   \"tier\": \"Standard\",\r\n    \"capacity\": 1\r\n  },\r\n  \"properties\":
        {\r\n    \"singlePlacementGroup\": true,\r\n    \"upgradePolicy\": {\r\n      \"mode\":
        \"Manual\"\r\n    },\r\n    \"virtualMachineProfile\": {\r\n      \"osProfile\":
        {\r\n        \"computerNamePrefix\": \"winvm4902\",\r\n        \"adminUsername\":
        \"clitest1234\",\r\n        \"windowsConfiguration\": {\r\n          \"provisionVMAgent\":
        true,\r\n          \"enableAutomaticUpdates\": true\r\n        },\r\n        \"secrets\":
        [],\r\n        \"allowExtensionOperations\": true,\r\n        \"requireGuestProvisionSignal\":
        true\r\n      },\r\n      \"storageProfile\": {\r\n        \"osDisk\": {\r\n
        \         \"osType\": \"Windows\",\r\n          \"createOption\": \"FromImage\",\r\n
        \         \"caching\": \"ReadWrite\",\r\n          \"managedDisk\": {\r\n
        \           \"storageAccountType\": \"Premium_LRS\"\r\n          },\r\n          \"diskSizeGB\":
        127\r\n        },\r\n        \"imageReference\": {\r\n          \"publisher\":
        \"MicrosoftWindowsServer\",\r\n          \"offer\": \"WindowsServer\",\r\n
        \         \"sku\": \"2012-R2-Datacenter\",\r\n          \"version\": \"latest\"\r\n
        \       }\r\n      },\r\n      \"networkProfile\": {\"networkInterfaceConfigurations\":[{\"name\":\"winvm4902Nic\",\"properties\":{\"primary\":true,\"enableAcceleratedNetworking\":false,\"dnsSettings\":{\"dnsServers\":[]},\"enableIPForwarding\":false,\"ipConfigurations\":[{\"name\":\"winvm4902IPConfig\",\"properties\":{\"subnet\":{\"id\":\"/subscriptions/00000000-0000-0000-0000-000000000000/resourceGroups/cli_test_vmss_update_000001/providers/Microsoft.Network/virtualNetworks/winvmssVNET/subnets/winvmssSubnet\"},\"privateIPAddressVersion\":\"IPv4\",\"loadBalancerBackendAddressPools\":[{\"id\":\"/subscriptions/00000000-0000-0000-0000-000000000000/resourceGroups/cli_test_vmss_update_000001/providers/Microsoft.Network/loadBalancers/winvmssLB/backendAddressPools/winvmssLBBEPool\"}],\"loadBalancerInboundNatPools\":[{\"id\":\"/subscriptions/00000000-0000-0000-0000-000000000000/resourceGroups/cli_test_vmss_update_000001/providers/Microsoft.Network/loadBalancers/winvmssLB/inboundNatPools/winvmssLBNatPool\"}]}}]}}]},\r\n
        \     \"licenseType\": \"Windows_Server\"\r\n    },\r\n    \"provisioningState\":
        \"Succeeded\",\r\n    \"overprovision\": true,\r\n    \"doNotRunExtensionsOnOverprovisionedVMs\":
        false,\r\n    \"uniqueId\": \"58ac973e-e44c-42a5-b999-0dac0b4b6043\"\r\n  }\r\n}"
    headers:
      cache-control:
      - no-cache
      content-length:
      - '2746'
      content-type:
      - application/json; charset=utf-8
      date:
      - Tue, 09 Feb 2021 06:49:40 GMT
      expires:
      - '-1'
      pragma:
      - no-cache
      server:
      - Microsoft-HTTPAPI/2.0
      - Microsoft-HTTPAPI/2.0
      strict-transport-security:
      - max-age=31536000; includeSubDomains
      transfer-encoding:
      - chunked
      vary:
      - Accept-Encoding
      x-content-type-options:
      - nosniff
      x-ms-ratelimit-remaining-resource:
      - Microsoft.Compute/GetVMScaleSet3Min;368,Microsoft.Compute/GetVMScaleSet30Min;2499
    status:
      code: 200
      message: OK
- request:
    body: '{"location": "westus", "tags": {}, "sku": {"name": "Standard_DS1_v2", "tier":
      "Standard", "capacity": 1}, "properties": {"upgradePolicy": {"mode": "Manual"},
      "virtualMachineProfile": {"osProfile": {"computerNamePrefix": "winvm4902", "adminUsername":
      "clitest1234", "windowsConfiguration": {"provisionVMAgent": true, "enableAutomaticUpdates":
      true}, "secrets": []}, "storageProfile": {"osDisk": {"caching": "ReadWrite",
      "createOption": "FromImage", "diskSizeGB": 127, "osType": "Windows", "managedDisk":
      {"storageAccountType": "Premium_LRS"}}}, "networkProfile": {"networkInterfaceConfigurations":
      [{"name": "winvm4902Nic", "properties": {"primary": true, "enableAcceleratedNetworking":
      false, "dnsSettings": {"dnsServers": []}, "ipConfigurations": [{"name": "winvm4902IPConfig",
      "properties": {"subnet": {"id": "/subscriptions/00000000-0000-0000-0000-000000000000/resourceGroups/cli_test_vmss_update_000001/providers/Microsoft.Network/virtualNetworks/winvmssVNET/subnets/winvmssSubnet"},
      "privateIPAddressVersion": "IPv4", "loadBalancerBackendAddressPools": [{"id":
      "/subscriptions/00000000-0000-0000-0000-000000000000/resourceGroups/cli_test_vmss_update_000001/providers/Microsoft.Network/loadBalancers/winvmssLB/backendAddressPools/winvmssLBBEPool"}],
      "loadBalancerInboundNatPools": [{"id": "/subscriptions/00000000-0000-0000-0000-000000000000/resourceGroups/cli_test_vmss_update_000001/providers/Microsoft.Network/loadBalancers/winvmssLB/inboundNatPools/winvmssLBNatPool"}]}}],
      "enableIPForwarding": false}}]}, "licenseType": "None"}, "overprovision": true,
      "doNotRunExtensionsOnOverprovisionedVMs": false, "singlePlacementGroup": true}}'
    headers:
      Accept:
      - application/json
      Accept-Encoding:
      - gzip, deflate
      CommandName:
      - vmss update
      Connection:
      - keep-alive
      Content-Length:
      - '1784'
      Content-Type:
      - application/json
      ParameterSetName:
      - -g -n --license-type
      User-Agent:
      - AZURECLI/2.19.0 azsdk-python-azure-mgmt-compute/18.2.0 Python/3.7.4 (Windows-10-10.0.19041-SP0)
    method: PUT
    uri: https://management.azure.com/subscriptions/00000000-0000-0000-0000-000000000000/resourceGroups/cli_test_vmss_update_000001/providers/Microsoft.Compute/virtualMachineScaleSets/winvmss?api-version=2020-12-01
  response:
    body:
      string: "{\r\n  \"name\": \"winvmss\",\r\n  \"id\": \"/subscriptions/00000000-0000-0000-0000-000000000000/resourceGroups/cli_test_vmss_update_000001/providers/Microsoft.Compute/virtualMachineScaleSets/winvmss\",\r\n
        \ \"type\": \"Microsoft.Compute/virtualMachineScaleSets\",\r\n  \"location\":
        \"westus\",\r\n  \"tags\": {},\r\n  \"sku\": {\r\n    \"name\": \"Standard_DS1_v2\",\r\n
        \   \"tier\": \"Standard\",\r\n    \"capacity\": 1\r\n  },\r\n  \"properties\":
        {\r\n    \"singlePlacementGroup\": true,\r\n    \"upgradePolicy\": {\r\n      \"mode\":
        \"Manual\"\r\n    },\r\n    \"virtualMachineProfile\": {\r\n      \"osProfile\":
        {\r\n        \"computerNamePrefix\": \"winvm4902\",\r\n        \"adminUsername\":
        \"clitest1234\",\r\n        \"windowsConfiguration\": {\r\n          \"provisionVMAgent\":
        true,\r\n          \"enableAutomaticUpdates\": true\r\n        },\r\n        \"secrets\":
        [],\r\n        \"allowExtensionOperations\": true,\r\n        \"requireGuestProvisionSignal\":
        true\r\n      },\r\n      \"storageProfile\": {\r\n        \"osDisk\": {\r\n
        \         \"osType\": \"Windows\",\r\n          \"createOption\": \"FromImage\",\r\n
        \         \"caching\": \"ReadWrite\",\r\n          \"managedDisk\": {\r\n
        \           \"storageAccountType\": \"Premium_LRS\"\r\n          },\r\n          \"diskSizeGB\":
        127\r\n        },\r\n        \"imageReference\": {\r\n          \"publisher\":
        \"MicrosoftWindowsServer\",\r\n          \"offer\": \"WindowsServer\",\r\n
        \         \"sku\": \"2012-R2-Datacenter\",\r\n          \"version\": \"latest\"\r\n
        \       }\r\n      },\r\n      \"networkProfile\": {\"networkInterfaceConfigurations\":[{\"name\":\"winvm4902Nic\",\"properties\":{\"primary\":true,\"enableAcceleratedNetworking\":false,\"dnsSettings\":{\"dnsServers\":[]},\"enableIPForwarding\":false,\"ipConfigurations\":[{\"name\":\"winvm4902IPConfig\",\"properties\":{\"subnet\":{\"id\":\"/subscriptions/00000000-0000-0000-0000-000000000000/resourceGroups/cli_test_vmss_update_000001/providers/Microsoft.Network/virtualNetworks/winvmssVNET/subnets/winvmssSubnet\"},\"privateIPAddressVersion\":\"IPv4\",\"loadBalancerBackendAddressPools\":[{\"id\":\"/subscriptions/00000000-0000-0000-0000-000000000000/resourceGroups/cli_test_vmss_update_000001/providers/Microsoft.Network/loadBalancers/winvmssLB/backendAddressPools/winvmssLBBEPool\"}],\"loadBalancerInboundNatPools\":[{\"id\":\"/subscriptions/00000000-0000-0000-0000-000000000000/resourceGroups/cli_test_vmss_update_000001/providers/Microsoft.Network/loadBalancers/winvmssLB/inboundNatPools/winvmssLBNatPool\"}]}}]}}]},\r\n
        \     \"licenseType\": \"None\"\r\n    },\r\n    \"provisioningState\": \"Updating\",\r\n
        \   \"overprovision\": true,\r\n    \"doNotRunExtensionsOnOverprovisionedVMs\":
        false,\r\n    \"uniqueId\": \"58ac973e-e44c-42a5-b999-0dac0b4b6043\"\r\n  }\r\n}"
    headers:
      azure-asyncnotification:
      - Enabled
      azure-asyncoperation:
      - https://management.azure.com/subscriptions/00000000-0000-0000-0000-000000000000/providers/Microsoft.Compute/locations/westus/operations/e523964e-8b8b-41da-a7c0-78e317d83d30?api-version=2020-12-01
      cache-control:
      - no-cache
      content-length:
      - '2735'
      content-type:
      - application/json; charset=utf-8
      date:
      - Tue, 09 Feb 2021 06:49:44 GMT
      expires:
      - '-1'
      pragma:
      - no-cache
      server:
      - Microsoft-HTTPAPI/2.0
      - Microsoft-HTTPAPI/2.0
      strict-transport-security:
      - max-age=31536000; includeSubDomains
      transfer-encoding:
      - chunked
      vary:
      - Accept-Encoding
      x-content-type-options:
      - nosniff
      x-ms-ratelimit-remaining-resource:
      - Microsoft.Compute/CreateVMScaleSet3Min;54,Microsoft.Compute/CreateVMScaleSet30Min;277,Microsoft.Compute/VmssQueuedVMOperations;4800
      x-ms-ratelimit-remaining-subscription-writes:
      - '1188'
      x-ms-request-charge:
      - '0'
    status:
      code: 200
      message: OK
- request:
    body: null
    headers:
      Accept:
      - '*/*'
      Accept-Encoding:
      - gzip, deflate
      CommandName:
      - vmss update
      Connection:
      - keep-alive
      ParameterSetName:
      - -g -n --license-type
      User-Agent:
      - AZURECLI/2.19.0 azsdk-python-azure-mgmt-compute/18.2.0 Python/3.7.4 (Windows-10-10.0.19041-SP0)
    method: GET
    uri: https://management.azure.com/subscriptions/00000000-0000-0000-0000-000000000000/providers/Microsoft.Compute/locations/westus/operations/e523964e-8b8b-41da-a7c0-78e317d83d30?api-version=2020-12-01
  response:
    body:
      string: "{\r\n  \"startTime\": \"2021-02-09T06:49:42.6504178+00:00\",\r\n  \"endTime\":
        \"2021-02-09T06:49:54.5729291+00:00\",\r\n  \"status\": \"Succeeded\",\r\n
        \ \"name\": \"e523964e-8b8b-41da-a7c0-78e317d83d30\"\r\n}"
    headers:
      cache-control:
      - no-cache
      content-length:
      - '184'
      content-type:
      - application/json; charset=utf-8
      date:
      - Tue, 09 Feb 2021 06:49:55 GMT
      expires:
      - '-1'
      pragma:
      - no-cache
      server:
      - Microsoft-HTTPAPI/2.0
      - Microsoft-HTTPAPI/2.0
      strict-transport-security:
      - max-age=31536000; includeSubDomains
      transfer-encoding:
      - chunked
      vary:
      - Accept-Encoding
      x-content-type-options:
      - nosniff
      x-ms-ratelimit-remaining-resource:
      - Microsoft.Compute/GetOperation3Min;14956,Microsoft.Compute/GetOperation30Min;29603
    status:
      code: 200
      message: OK
- request:
    body: null
    headers:
      Accept:
      - '*/*'
      Accept-Encoding:
      - gzip, deflate
      CommandName:
      - vmss update
      Connection:
      - keep-alive
      ParameterSetName:
      - -g -n --license-type
      User-Agent:
      - AZURECLI/2.19.0 azsdk-python-azure-mgmt-compute/18.2.0 Python/3.7.4 (Windows-10-10.0.19041-SP0)
    method: GET
    uri: https://management.azure.com/subscriptions/00000000-0000-0000-0000-000000000000/resourceGroups/cli_test_vmss_update_000001/providers/Microsoft.Compute/virtualMachineScaleSets/winvmss?api-version=2020-12-01
  response:
    body:
      string: "{\r\n  \"name\": \"winvmss\",\r\n  \"id\": \"/subscriptions/00000000-0000-0000-0000-000000000000/resourceGroups/cli_test_vmss_update_000001/providers/Microsoft.Compute/virtualMachineScaleSets/winvmss\",\r\n
        \ \"type\": \"Microsoft.Compute/virtualMachineScaleSets\",\r\n  \"location\":
        \"westus\",\r\n  \"tags\": {},\r\n  \"sku\": {\r\n    \"name\": \"Standard_DS1_v2\",\r\n
        \   \"tier\": \"Standard\",\r\n    \"capacity\": 1\r\n  },\r\n  \"properties\":
        {\r\n    \"singlePlacementGroup\": true,\r\n    \"upgradePolicy\": {\r\n      \"mode\":
        \"Manual\"\r\n    },\r\n    \"virtualMachineProfile\": {\r\n      \"osProfile\":
        {\r\n        \"computerNamePrefix\": \"winvm4902\",\r\n        \"adminUsername\":
        \"clitest1234\",\r\n        \"windowsConfiguration\": {\r\n          \"provisionVMAgent\":
        true,\r\n          \"enableAutomaticUpdates\": true\r\n        },\r\n        \"secrets\":
        [],\r\n        \"allowExtensionOperations\": true,\r\n        \"requireGuestProvisionSignal\":
        true\r\n      },\r\n      \"storageProfile\": {\r\n        \"osDisk\": {\r\n
        \         \"osType\": \"Windows\",\r\n          \"createOption\": \"FromImage\",\r\n
        \         \"caching\": \"ReadWrite\",\r\n          \"managedDisk\": {\r\n
        \           \"storageAccountType\": \"Premium_LRS\"\r\n          },\r\n          \"diskSizeGB\":
        127\r\n        },\r\n        \"imageReference\": {\r\n          \"publisher\":
        \"MicrosoftWindowsServer\",\r\n          \"offer\": \"WindowsServer\",\r\n
        \         \"sku\": \"2012-R2-Datacenter\",\r\n          \"version\": \"latest\"\r\n
        \       }\r\n      },\r\n      \"networkProfile\": {\"networkInterfaceConfigurations\":[{\"name\":\"winvm4902Nic\",\"properties\":{\"primary\":true,\"enableAcceleratedNetworking\":false,\"dnsSettings\":{\"dnsServers\":[]},\"enableIPForwarding\":false,\"ipConfigurations\":[{\"name\":\"winvm4902IPConfig\",\"properties\":{\"subnet\":{\"id\":\"/subscriptions/00000000-0000-0000-0000-000000000000/resourceGroups/cli_test_vmss_update_000001/providers/Microsoft.Network/virtualNetworks/winvmssVNET/subnets/winvmssSubnet\"},\"privateIPAddressVersion\":\"IPv4\",\"loadBalancerBackendAddressPools\":[{\"id\":\"/subscriptions/00000000-0000-0000-0000-000000000000/resourceGroups/cli_test_vmss_update_000001/providers/Microsoft.Network/loadBalancers/winvmssLB/backendAddressPools/winvmssLBBEPool\"}],\"loadBalancerInboundNatPools\":[{\"id\":\"/subscriptions/00000000-0000-0000-0000-000000000000/resourceGroups/cli_test_vmss_update_000001/providers/Microsoft.Network/loadBalancers/winvmssLB/inboundNatPools/winvmssLBNatPool\"}]}}]}}]},\r\n
        \     \"licenseType\": \"None\"\r\n    },\r\n    \"provisioningState\": \"Succeeded\",\r\n
        \   \"overprovision\": true,\r\n    \"doNotRunExtensionsOnOverprovisionedVMs\":
        false,\r\n    \"uniqueId\": \"58ac973e-e44c-42a5-b999-0dac0b4b6043\"\r\n  }\r\n}"
    headers:
      cache-control:
      - no-cache
      content-length:
      - '2736'
      content-type:
      - application/json; charset=utf-8
      date:
      - Tue, 09 Feb 2021 06:49:55 GMT
      expires:
      - '-1'
      pragma:
      - no-cache
      server:
      - Microsoft-HTTPAPI/2.0
      - Microsoft-HTTPAPI/2.0
      strict-transport-security:
      - max-age=31536000; includeSubDomains
      transfer-encoding:
      - chunked
      vary:
      - Accept-Encoding
      x-content-type-options:
      - nosniff
      x-ms-ratelimit-remaining-resource:
      - Microsoft.Compute/GetVMScaleSet3Min;362,Microsoft.Compute/GetVMScaleSet30Min;2493
    status:
      code: 200
      message: OK
- request:
    body: null
    headers:
      Accept:
      - application/json
      Accept-Encoding:
      - gzip, deflate
      CommandName:
      - vmss update
      Connection:
      - keep-alive
      ParameterSetName:
      - -g -n --set
      User-Agent:
      - AZURECLI/2.19.0 azsdk-python-azure-mgmt-compute/18.2.0 Python/3.7.4 (Windows-10-10.0.19041-SP0)
    method: GET
    uri: https://management.azure.com/subscriptions/00000000-0000-0000-0000-000000000000/resourceGroups/cli_test_vmss_update_000001/providers/Microsoft.Compute/virtualMachineScaleSets/winvmss?api-version=2020-12-01
  response:
    body:
      string: "{\r\n  \"name\": \"winvmss\",\r\n  \"id\": \"/subscriptions/00000000-0000-0000-0000-000000000000/resourceGroups/cli_test_vmss_update_000001/providers/Microsoft.Compute/virtualMachineScaleSets/winvmss\",\r\n
        \ \"type\": \"Microsoft.Compute/virtualMachineScaleSets\",\r\n  \"location\":
        \"westus\",\r\n  \"tags\": {},\r\n  \"sku\": {\r\n    \"name\": \"Standard_DS1_v2\",\r\n
        \   \"tier\": \"Standard\",\r\n    \"capacity\": 1\r\n  },\r\n  \"properties\":
        {\r\n    \"singlePlacementGroup\": true,\r\n    \"upgradePolicy\": {\r\n      \"mode\":
        \"Manual\"\r\n    },\r\n    \"virtualMachineProfile\": {\r\n      \"osProfile\":
        {\r\n        \"computerNamePrefix\": \"winvm4902\",\r\n        \"adminUsername\":
        \"clitest1234\",\r\n        \"windowsConfiguration\": {\r\n          \"provisionVMAgent\":
        true,\r\n          \"enableAutomaticUpdates\": true\r\n        },\r\n        \"secrets\":
        [],\r\n        \"allowExtensionOperations\": true,\r\n        \"requireGuestProvisionSignal\":
        true\r\n      },\r\n      \"storageProfile\": {\r\n        \"osDisk\": {\r\n
        \         \"osType\": \"Windows\",\r\n          \"createOption\": \"FromImage\",\r\n
        \         \"caching\": \"ReadWrite\",\r\n          \"managedDisk\": {\r\n
        \           \"storageAccountType\": \"Premium_LRS\"\r\n          },\r\n          \"diskSizeGB\":
        127\r\n        },\r\n        \"imageReference\": {\r\n          \"publisher\":
        \"MicrosoftWindowsServer\",\r\n          \"offer\": \"WindowsServer\",\r\n
        \         \"sku\": \"2012-R2-Datacenter\",\r\n          \"version\": \"latest\"\r\n
        \       }\r\n      },\r\n      \"networkProfile\": {\"networkInterfaceConfigurations\":[{\"name\":\"winvm4902Nic\",\"properties\":{\"primary\":true,\"enableAcceleratedNetworking\":false,\"dnsSettings\":{\"dnsServers\":[]},\"enableIPForwarding\":false,\"ipConfigurations\":[{\"name\":\"winvm4902IPConfig\",\"properties\":{\"subnet\":{\"id\":\"/subscriptions/00000000-0000-0000-0000-000000000000/resourceGroups/cli_test_vmss_update_000001/providers/Microsoft.Network/virtualNetworks/winvmssVNET/subnets/winvmssSubnet\"},\"privateIPAddressVersion\":\"IPv4\",\"loadBalancerBackendAddressPools\":[{\"id\":\"/subscriptions/00000000-0000-0000-0000-000000000000/resourceGroups/cli_test_vmss_update_000001/providers/Microsoft.Network/loadBalancers/winvmssLB/backendAddressPools/winvmssLBBEPool\"}],\"loadBalancerInboundNatPools\":[{\"id\":\"/subscriptions/00000000-0000-0000-0000-000000000000/resourceGroups/cli_test_vmss_update_000001/providers/Microsoft.Network/loadBalancers/winvmssLB/inboundNatPools/winvmssLBNatPool\"}]}}]}}]},\r\n
        \     \"licenseType\": \"None\"\r\n    },\r\n    \"provisioningState\": \"Succeeded\",\r\n
        \   \"overprovision\": true,\r\n    \"doNotRunExtensionsOnOverprovisionedVMs\":
        false,\r\n    \"uniqueId\": \"58ac973e-e44c-42a5-b999-0dac0b4b6043\"\r\n  }\r\n}"
    headers:
      cache-control:
      - no-cache
      content-length:
      - '2736'
      content-type:
      - application/json; charset=utf-8
      date:
      - Tue, 09 Feb 2021 06:49:55 GMT
      expires:
      - '-1'
      pragma:
      - no-cache
      server:
      - Microsoft-HTTPAPI/2.0
      - Microsoft-HTTPAPI/2.0
      strict-transport-security:
      - max-age=31536000; includeSubDomains
      transfer-encoding:
      - chunked
      vary:
      - Accept-Encoding
      x-content-type-options:
      - nosniff
      x-ms-ratelimit-remaining-resource:
      - Microsoft.Compute/GetVMScaleSet3Min;361,Microsoft.Compute/GetVMScaleSet30Min;2492
    status:
      code: 200
      message: OK
- request:
    body: '{"location": "westus", "tags": {}, "sku": {"name": "Standard_DS1_v2", "tier":
      "Standard", "capacity": 1}, "properties": {"upgradePolicy": {"mode": "Manual"},
      "virtualMachineProfile": {"osProfile": {"computerNamePrefix": "winvm4902", "adminUsername":
      "clitest1234", "windowsConfiguration": {"provisionVMAgent": true, "enableAutomaticUpdates":
      true}, "secrets": []}, "storageProfile": {"osDisk": {"caching": "ReadWrite",
      "createOption": "FromImage", "diskSizeGB": 127, "osType": "Windows", "managedDisk":
      {"storageAccountType": "Premium_LRS"}}}, "networkProfile": {"networkInterfaceConfigurations":
      [{"name": "winvm4902Nic", "properties": {"primary": true, "enableAcceleratedNetworking":
      false, "dnsSettings": {"dnsServers": []}, "ipConfigurations": [{"name": "winvm4902IPConfig",
      "properties": {"subnet": {"id": "/subscriptions/00000000-0000-0000-0000-000000000000/resourceGroups/cli_test_vmss_update_000001/providers/Microsoft.Network/virtualNetworks/winvmssVNET/subnets/winvmssSubnet"},
      "privateIPAddressVersion": "IPv4", "loadBalancerBackendAddressPools": [{"id":
      "/subscriptions/00000000-0000-0000-0000-000000000000/resourceGroups/cli_test_vmss_update_000001/providers/Microsoft.Network/loadBalancers/winvmssLB/backendAddressPools/winvmssLBBEPool"}],
      "loadBalancerInboundNatPools": [{"id": "/subscriptions/00000000-0000-0000-0000-000000000000/resourceGroups/cli_test_vmss_update_000001/providers/Microsoft.Network/loadBalancers/winvmssLB/inboundNatPools/winvmssLBNatPool"}]}}],
      "enableIPForwarding": false}}]}, "licenseType": "Windows_Server"}, "overprovision":
      true, "doNotRunExtensionsOnOverprovisionedVMs": false, "singlePlacementGroup":
      true}}'
    headers:
      Accept:
      - application/json
      Accept-Encoding:
      - gzip, deflate
      CommandName:
      - vmss update
      Connection:
      - keep-alive
      Content-Length:
      - '1794'
      Content-Type:
      - application/json
      ParameterSetName:
      - -g -n --set
      User-Agent:
      - AZURECLI/2.19.0 azsdk-python-azure-mgmt-compute/18.2.0 Python/3.7.4 (Windows-10-10.0.19041-SP0)
    method: PUT
    uri: https://management.azure.com/subscriptions/00000000-0000-0000-0000-000000000000/resourceGroups/cli_test_vmss_update_000001/providers/Microsoft.Compute/virtualMachineScaleSets/winvmss?api-version=2020-12-01
  response:
    body:
      string: "{\r\n  \"name\": \"winvmss\",\r\n  \"id\": \"/subscriptions/00000000-0000-0000-0000-000000000000/resourceGroups/cli_test_vmss_update_000001/providers/Microsoft.Compute/virtualMachineScaleSets/winvmss\",\r\n
        \ \"type\": \"Microsoft.Compute/virtualMachineScaleSets\",\r\n  \"location\":
        \"westus\",\r\n  \"tags\": {},\r\n  \"sku\": {\r\n    \"name\": \"Standard_DS1_v2\",\r\n
        \   \"tier\": \"Standard\",\r\n    \"capacity\": 1\r\n  },\r\n  \"properties\":
        {\r\n    \"singlePlacementGroup\": true,\r\n    \"upgradePolicy\": {\r\n      \"mode\":
        \"Manual\"\r\n    },\r\n    \"virtualMachineProfile\": {\r\n      \"osProfile\":
        {\r\n        \"computerNamePrefix\": \"winvm4902\",\r\n        \"adminUsername\":
        \"clitest1234\",\r\n        \"windowsConfiguration\": {\r\n          \"provisionVMAgent\":
        true,\r\n          \"enableAutomaticUpdates\": true\r\n        },\r\n        \"secrets\":
        [],\r\n        \"allowExtensionOperations\": true,\r\n        \"requireGuestProvisionSignal\":
        true\r\n      },\r\n      \"storageProfile\": {\r\n        \"osDisk\": {\r\n
        \         \"osType\": \"Windows\",\r\n          \"createOption\": \"FromImage\",\r\n
        \         \"caching\": \"ReadWrite\",\r\n          \"managedDisk\": {\r\n
        \           \"storageAccountType\": \"Premium_LRS\"\r\n          },\r\n          \"diskSizeGB\":
        127\r\n        },\r\n        \"imageReference\": {\r\n          \"publisher\":
        \"MicrosoftWindowsServer\",\r\n          \"offer\": \"WindowsServer\",\r\n
        \         \"sku\": \"2012-R2-Datacenter\",\r\n          \"version\": \"latest\"\r\n
        \       }\r\n      },\r\n      \"networkProfile\": {\"networkInterfaceConfigurations\":[{\"name\":\"winvm4902Nic\",\"properties\":{\"primary\":true,\"enableAcceleratedNetworking\":false,\"dnsSettings\":{\"dnsServers\":[]},\"enableIPForwarding\":false,\"ipConfigurations\":[{\"name\":\"winvm4902IPConfig\",\"properties\":{\"subnet\":{\"id\":\"/subscriptions/00000000-0000-0000-0000-000000000000/resourceGroups/cli_test_vmss_update_000001/providers/Microsoft.Network/virtualNetworks/winvmssVNET/subnets/winvmssSubnet\"},\"privateIPAddressVersion\":\"IPv4\",\"loadBalancerBackendAddressPools\":[{\"id\":\"/subscriptions/00000000-0000-0000-0000-000000000000/resourceGroups/cli_test_vmss_update_000001/providers/Microsoft.Network/loadBalancers/winvmssLB/backendAddressPools/winvmssLBBEPool\"}],\"loadBalancerInboundNatPools\":[{\"id\":\"/subscriptions/00000000-0000-0000-0000-000000000000/resourceGroups/cli_test_vmss_update_000001/providers/Microsoft.Network/loadBalancers/winvmssLB/inboundNatPools/winvmssLBNatPool\"}]}}]}}]},\r\n
        \     \"licenseType\": \"Windows_Server\"\r\n    },\r\n    \"provisioningState\":
        \"Updating\",\r\n    \"overprovision\": true,\r\n    \"doNotRunExtensionsOnOverprovisionedVMs\":
        false,\r\n    \"uniqueId\": \"58ac973e-e44c-42a5-b999-0dac0b4b6043\"\r\n  }\r\n}"
    headers:
      azure-asyncnotification:
      - Enabled
      azure-asyncoperation:
      - https://management.azure.com/subscriptions/00000000-0000-0000-0000-000000000000/providers/Microsoft.Compute/locations/westus/operations/59f667a4-f3f8-4aee-bb93-e7cb74e93e39?api-version=2020-12-01
      cache-control:
      - no-cache
      content-length:
      - '2745'
      content-type:
      - application/json; charset=utf-8
      date:
      - Tue, 09 Feb 2021 06:50:00 GMT
      expires:
      - '-1'
      pragma:
      - no-cache
      server:
      - Microsoft-HTTPAPI/2.0
      - Microsoft-HTTPAPI/2.0
      strict-transport-security:
      - max-age=31536000; includeSubDomains
      transfer-encoding:
      - chunked
      vary:
      - Accept-Encoding
      x-content-type-options:
      - nosniff
      x-ms-ratelimit-remaining-resource:
      - Microsoft.Compute/CreateVMScaleSet3Min;52,Microsoft.Compute/CreateVMScaleSet30Min;275,Microsoft.Compute/VmssQueuedVMOperations;4800
      x-ms-ratelimit-remaining-subscription-writes:
      - '1181'
      x-ms-request-charge:
      - '0'
    status:
      code: 200
      message: OK
- request:
    body: null
    headers:
      Accept:
      - '*/*'
      Accept-Encoding:
      - gzip, deflate
      CommandName:
      - vmss update
      Connection:
      - keep-alive
      ParameterSetName:
      - -g -n --set
      User-Agent:
      - AZURECLI/2.19.0 azsdk-python-azure-mgmt-compute/18.2.0 Python/3.7.4 (Windows-10-10.0.19041-SP0)
    method: GET
    uri: https://management.azure.com/subscriptions/00000000-0000-0000-0000-000000000000/providers/Microsoft.Compute/locations/westus/operations/59f667a4-f3f8-4aee-bb93-e7cb74e93e39?api-version=2020-12-01
  response:
    body:
      string: "{\r\n  \"startTime\": \"2021-02-09T06:49:58.2762391+00:00\",\r\n  \"endTime\":
        \"2021-02-09T06:49:58.5731275+00:00\",\r\n  \"status\": \"Succeeded\",\r\n
        \ \"name\": \"59f667a4-f3f8-4aee-bb93-e7cb74e93e39\"\r\n}"
    headers:
      cache-control:
      - no-cache
      content-length:
      - '184'
      content-type:
      - application/json; charset=utf-8
      date:
      - Tue, 09 Feb 2021 06:50:11 GMT
      expires:
      - '-1'
      pragma:
      - no-cache
      server:
      - Microsoft-HTTPAPI/2.0
      - Microsoft-HTTPAPI/2.0
      strict-transport-security:
      - max-age=31536000; includeSubDomains
      transfer-encoding:
      - chunked
      vary:
      - Accept-Encoding
      x-content-type-options:
      - nosniff
      x-ms-ratelimit-remaining-resource:
      - Microsoft.Compute/GetOperation3Min;14952,Microsoft.Compute/GetOperation30Min;29639
    status:
      code: 200
      message: OK
- request:
    body: null
    headers:
      Accept:
      - '*/*'
      Accept-Encoding:
      - gzip, deflate
      CommandName:
      - vmss update
      Connection:
      - keep-alive
      ParameterSetName:
      - -g -n --set
      User-Agent:
      - AZURECLI/2.19.0 azsdk-python-azure-mgmt-compute/18.2.0 Python/3.7.4 (Windows-10-10.0.19041-SP0)
    method: GET
    uri: https://management.azure.com/subscriptions/00000000-0000-0000-0000-000000000000/resourceGroups/cli_test_vmss_update_000001/providers/Microsoft.Compute/virtualMachineScaleSets/winvmss?api-version=2020-12-01
  response:
    body:
      string: "{\r\n  \"name\": \"winvmss\",\r\n  \"id\": \"/subscriptions/00000000-0000-0000-0000-000000000000/resourceGroups/cli_test_vmss_update_000001/providers/Microsoft.Compute/virtualMachineScaleSets/winvmss\",\r\n
        \ \"type\": \"Microsoft.Compute/virtualMachineScaleSets\",\r\n  \"location\":
        \"westus\",\r\n  \"tags\": {},\r\n  \"sku\": {\r\n    \"name\": \"Standard_DS1_v2\",\r\n
        \   \"tier\": \"Standard\",\r\n    \"capacity\": 1\r\n  },\r\n  \"properties\":
        {\r\n    \"singlePlacementGroup\": true,\r\n    \"upgradePolicy\": {\r\n      \"mode\":
        \"Manual\"\r\n    },\r\n    \"virtualMachineProfile\": {\r\n      \"osProfile\":
        {\r\n        \"computerNamePrefix\": \"winvm4902\",\r\n        \"adminUsername\":
        \"clitest1234\",\r\n        \"windowsConfiguration\": {\r\n          \"provisionVMAgent\":
        true,\r\n          \"enableAutomaticUpdates\": true\r\n        },\r\n        \"secrets\":
        [],\r\n        \"allowExtensionOperations\": true,\r\n        \"requireGuestProvisionSignal\":
        true\r\n      },\r\n      \"storageProfile\": {\r\n        \"osDisk\": {\r\n
        \         \"osType\": \"Windows\",\r\n          \"createOption\": \"FromImage\",\r\n
        \         \"caching\": \"ReadWrite\",\r\n          \"managedDisk\": {\r\n
        \           \"storageAccountType\": \"Premium_LRS\"\r\n          },\r\n          \"diskSizeGB\":
        127\r\n        },\r\n        \"imageReference\": {\r\n          \"publisher\":
        \"MicrosoftWindowsServer\",\r\n          \"offer\": \"WindowsServer\",\r\n
        \         \"sku\": \"2012-R2-Datacenter\",\r\n          \"version\": \"latest\"\r\n
        \       }\r\n      },\r\n      \"networkProfile\": {\"networkInterfaceConfigurations\":[{\"name\":\"winvm4902Nic\",\"properties\":{\"primary\":true,\"enableAcceleratedNetworking\":false,\"dnsSettings\":{\"dnsServers\":[]},\"enableIPForwarding\":false,\"ipConfigurations\":[{\"name\":\"winvm4902IPConfig\",\"properties\":{\"subnet\":{\"id\":\"/subscriptions/00000000-0000-0000-0000-000000000000/resourceGroups/cli_test_vmss_update_000001/providers/Microsoft.Network/virtualNetworks/winvmssVNET/subnets/winvmssSubnet\"},\"privateIPAddressVersion\":\"IPv4\",\"loadBalancerBackendAddressPools\":[{\"id\":\"/subscriptions/00000000-0000-0000-0000-000000000000/resourceGroups/cli_test_vmss_update_000001/providers/Microsoft.Network/loadBalancers/winvmssLB/backendAddressPools/winvmssLBBEPool\"}],\"loadBalancerInboundNatPools\":[{\"id\":\"/subscriptions/00000000-0000-0000-0000-000000000000/resourceGroups/cli_test_vmss_update_000001/providers/Microsoft.Network/loadBalancers/winvmssLB/inboundNatPools/winvmssLBNatPool\"}]}}]}}]},\r\n
        \     \"licenseType\": \"Windows_Server\"\r\n    },\r\n    \"provisioningState\":
        \"Succeeded\",\r\n    \"overprovision\": true,\r\n    \"doNotRunExtensionsOnOverprovisionedVMs\":
        false,\r\n    \"uniqueId\": \"58ac973e-e44c-42a5-b999-0dac0b4b6043\"\r\n  }\r\n}"
    headers:
      cache-control:
      - no-cache
      content-length:
      - '2746'
      content-type:
      - application/json; charset=utf-8
      date:
      - Tue, 09 Feb 2021 06:50:11 GMT
      expires:
      - '-1'
      pragma:
      - no-cache
      server:
      - Microsoft-HTTPAPI/2.0
      - Microsoft-HTTPAPI/2.0
      strict-transport-security:
      - max-age=31536000; includeSubDomains
      transfer-encoding:
      - chunked
      vary:
      - Accept-Encoding
      x-content-type-options:
      - nosniff
      x-ms-ratelimit-remaining-resource:
      - Microsoft.Compute/GetVMScaleSet3Min;360,Microsoft.Compute/GetVMScaleSet30Min;2488
    status:
      code: 200
      message: OK
- request:
    body: null
    headers:
      Accept:
      - application/json
      Accept-Encoding:
      - gzip, deflate
      CommandName:
      - vmss list-instances
      Connection:
      - keep-alive
      ParameterSetName:
      - -n -g
      User-Agent:
      - AZURECLI/2.19.0 azsdk-python-azure-mgmt-compute/18.2.0 Python/3.7.4 (Windows-10-10.0.19041-SP0)
    method: GET
    uri: https://management.azure.com/subscriptions/00000000-0000-0000-0000-000000000000/resourceGroups/cli_test_vmss_update_000001/providers/Microsoft.Compute/virtualMachineScaleSets/winvmss/virtualMachines?api-version=2020-12-01
  response:
    body:
      string: "{\r\n  \"value\": [\r\n    {\r\n      \"name\": \"winvmss_1\",\r\n
        \     \"id\": \"/subscriptions/00000000-0000-0000-0000-000000000000/resourceGroups/cli_test_vmss_update_000001/providers/Microsoft.Compute/virtualMachineScaleSets/winvmss/virtualMachines/1\",\r\n
        \     \"type\": \"Microsoft.Compute/virtualMachineScaleSets/virtualMachines\",\r\n
        \     \"location\": \"westus\",\r\n      \"tags\": {},\r\n      \"instanceId\":
        \"1\",\r\n      \"sku\": {\r\n        \"name\": \"Standard_DS1_v2\",\r\n        \"tier\":
        \"Standard\"\r\n      },\r\n      \"properties\": {\r\n        \"latestModelApplied\":
        false,\r\n        \"modelDefinitionApplied\": \"VirtualMachineScaleSet\",\r\n
        \       \"networkProfileConfiguration\": {\"networkInterfaceConfigurations\":[{\"name\":\"winvm4902Nic\",\"properties\":{\"primary\":true,\"enableAcceleratedNetworking\":false,\"dnsSettings\":{\"dnsServers\":[]},\"enableIPForwarding\":false,\"ipConfigurations\":[{\"name\":\"winvm4902IPConfig\",\"properties\":{\"subnet\":{\"id\":\"/subscriptions/00000000-0000-0000-0000-000000000000/resourceGroups/cli_test_vmss_update_000001/providers/Microsoft.Network/virtualNetworks/winvmssVNET/subnets/winvmssSubnet\"},\"privateIPAddressVersion\":\"IPv4\",\"loadBalancerBackendAddressPools\":[{\"id\":\"/subscriptions/00000000-0000-0000-0000-000000000000/resourceGroups/cli_test_vmss_update_000001/providers/Microsoft.Network/loadBalancers/winvmssLB/backendAddressPools/winvmssLBBEPool\"}],\"loadBalancerInboundNatPools\":[{\"id\":\"/subscriptions/00000000-0000-0000-0000-000000000000/resourceGroups/cli_test_vmss_update_000001/providers/Microsoft.Network/loadBalancers/winvmssLB/inboundNatPools/winvmssLBNatPool\"}]}}]}}]},\r\n
        \       \"vmId\": \"138c6ef3-ebd4-4f6c-a40a-563d67017e05\",\r\n        \"hardwareProfile\":
        {},\r\n        \"storageProfile\": {\r\n          \"imageReference\": {\r\n
        \           \"publisher\": \"MicrosoftWindowsServer\",\r\n            \"offer\":
        \"WindowsServer\",\r\n            \"sku\": \"2012-R2-Datacenter\",\r\n            \"version\":
        \"latest\",\r\n            \"exactVersion\": \"9600.19920.2101101839\"\r\n
        \         },\r\n          \"osDisk\": {\r\n            \"osType\": \"Windows\",\r\n
        \           \"name\": \"winvmss_winvmss_1_OsDisk_1_4431b805167f4d61ac0b78aff5a23079\",\r\n
        \           \"createOption\": \"FromImage\",\r\n            \"caching\": \"ReadWrite\",\r\n
        \           \"managedDisk\": {\r\n              \"storageAccountType\": \"Premium_LRS\",\r\n
        \             \"id\": \"/subscriptions/00000000-0000-0000-0000-000000000000/resourceGroups/cli_test_vmss_update_000001/providers/Microsoft.Compute/disks/winvmss_winvmss_1_OsDisk_1_4431b805167f4d61ac0b78aff5a23079\"\r\n
        \           },\r\n            \"diskSizeGB\": 127\r\n          },\r\n          \"dataDisks\":
        []\r\n        },\r\n        \"osProfile\": {\r\n          \"computerName\":
        \"winvm4902000001\",\r\n          \"adminUsername\": \"clitest1234\",\r\n
        \         \"windowsConfiguration\": {\r\n            \"provisionVMAgent\":
        true,\r\n            \"enableAutomaticUpdates\": true,\r\n            \"patchSettings\":
        {\r\n              \"patchMode\": \"AutomaticByOS\"\r\n            }\r\n          },\r\n
        \         \"secrets\": [],\r\n          \"allowExtensionOperations\": true,\r\n
        \         \"requireGuestProvisionSignal\": true\r\n        },\r\n        \"networkProfile\":
        {\"networkInterfaces\":[{\"id\":\"/subscriptions/00000000-0000-0000-0000-000000000000/resourceGroups/cli_test_vmss_update_000001/providers/Microsoft.Compute/virtualMachineScaleSets/winvmss/virtualMachines/1/networkInterfaces/winvm4902Nic\"}]},\r\n
        \       \"licenseType\": \"Windows_Server\",\r\n        \"provisioningState\":
        \"Succeeded\"\r\n      }\r\n    }\r\n  ]\r\n}"
    headers:
      cache-control:
      - no-cache
      content-length:
      - '3693'
      content-type:
      - application/json; charset=utf-8
      date:
      - Tue, 09 Feb 2021 06:50:11 GMT
      expires:
      - '-1'
      pragma:
      - no-cache
      server:
      - Microsoft-HTTPAPI/2.0
      - Microsoft-HTTPAPI/2.0
      strict-transport-security:
      - max-age=31536000; includeSubDomains
      transfer-encoding:
      - chunked
      vary:
      - Accept-Encoding
      x-content-type-options:
      - nosniff
      x-ms-ratelimit-remaining-resource:
      - Microsoft.Compute/HighCostGetVMScaleSet3Min;173,Microsoft.Compute/HighCostGetVMScaleSet30Min;886,Microsoft.Compute/VMScaleSetVMViews3Min;4991
      x-ms-request-charge:
      - '1'
    status:
      code: 200
      message: OK
- request:
    body: null
    headers:
      Accept:
      - application/json
      Accept-Encoding:
      - gzip, deflate
      CommandName:
      - vmss update
      Connection:
      - keep-alive
      ParameterSetName:
      - -g -n --protect-from-scale-in --protect-from-scale-set-actions --instance-id
      User-Agent:
      - AZURECLI/2.19.0 azsdk-python-azure-mgmt-compute/18.2.0 Python/3.7.4 (Windows-10-10.0.19041-SP0)
    method: GET
    uri: https://management.azure.com/subscriptions/00000000-0000-0000-0000-000000000000/resourceGroups/cli_test_vmss_update_000001/providers/Microsoft.Compute/virtualMachineScaleSets/winvmss/virtualmachines/1?$expand=instanceView&api-version=2020-12-01
  response:
    body:
      string: "{\r\n  \"name\": \"winvmss_1\",\r\n  \"id\": \"/subscriptions/00000000-0000-0000-0000-000000000000/resourceGroups/cli_test_vmss_update_000001/providers/Microsoft.Compute/virtualMachineScaleSets/winvmss/virtualMachines/1\",\r\n
        \ \"type\": \"Microsoft.Compute/virtualMachineScaleSets/virtualMachines\",\r\n
        \ \"location\": \"westus\",\r\n  \"tags\": {},\r\n  \"instanceId\": \"1\",\r\n
        \ \"sku\": {\r\n    \"name\": \"Standard_DS1_v2\",\r\n    \"tier\": \"Standard\"\r\n
        \ },\r\n  \"properties\": {\r\n    \"latestModelApplied\": false,\r\n    \"modelDefinitionApplied\":
        \"VirtualMachineScaleSet\",\r\n    \"instanceView\": {\r\n      \"placementGroupId\":
        \"015b965a-f919-486e-8e04-88af854af9c2\",\r\n      \"platformUpdateDomain\":
        1,\r\n      \"platformFaultDomain\": 1,\r\n      \"vmAgent\": {\r\n        \"vmAgentVersion\":
        \"Unknown\",\r\n        \"statuses\": [\r\n          {\r\n            \"code\":
        \"ProvisioningState/Unavailable\",\r\n            \"level\": \"Warning\",\r\n
        \           \"displayStatus\": \"Not Ready\",\r\n            \"message\":
        \"VM status blob is found but not yet populated.\",\r\n            \"time\":
        \"2021-02-09T06:50:13+00:00\"\r\n          }\r\n        ]\r\n      },\r\n
        \     \"disks\": [\r\n        {\r\n          \"name\": \"winvmss_winvmss_1_OsDisk_1_4431b805167f4d61ac0b78aff5a23079\",\r\n
        \         \"statuses\": [\r\n            {\r\n              \"code\": \"ProvisioningState/succeeded\",\r\n
        \             \"level\": \"Info\",\r\n              \"displayStatus\": \"Provisioning
        succeeded\",\r\n              \"time\": \"2021-02-09T06:48:18.0058113+00:00\"\r\n
        \           }\r\n          ]\r\n        }\r\n      ],\r\n      \"hyperVGeneration\":
        \"V1\",\r\n      \"statuses\": [\r\n        {\r\n          \"code\": \"ProvisioningState/succeeded\",\r\n
        \         \"level\": \"Info\",\r\n          \"displayStatus\": \"Provisioning
        succeeded\",\r\n          \"time\": \"2021-02-09T06:49:31.6654029+00:00\"\r\n
        \       },\r\n        {\r\n          \"code\": \"PowerState/running\",\r\n
        \         \"level\": \"Info\",\r\n          \"displayStatus\": \"VM running\"\r\n
        \       }\r\n      ]\r\n    },\r\n    \"networkProfileConfiguration\": {\"networkInterfaceConfigurations\":[{\"name\":\"winvm4902Nic\",\"properties\":{\"primary\":true,\"enableAcceleratedNetworking\":false,\"dnsSettings\":{\"dnsServers\":[]},\"enableIPForwarding\":false,\"ipConfigurations\":[{\"name\":\"winvm4902IPConfig\",\"properties\":{\"subnet\":{\"id\":\"/subscriptions/00000000-0000-0000-0000-000000000000/resourceGroups/cli_test_vmss_update_000001/providers/Microsoft.Network/virtualNetworks/winvmssVNET/subnets/winvmssSubnet\"},\"privateIPAddressVersion\":\"IPv4\",\"loadBalancerBackendAddressPools\":[{\"id\":\"/subscriptions/00000000-0000-0000-0000-000000000000/resourceGroups/cli_test_vmss_update_000001/providers/Microsoft.Network/loadBalancers/winvmssLB/backendAddressPools/winvmssLBBEPool\"}],\"loadBalancerInboundNatPools\":[{\"id\":\"/subscriptions/00000000-0000-0000-0000-000000000000/resourceGroups/cli_test_vmss_update_000001/providers/Microsoft.Network/loadBalancers/winvmssLB/inboundNatPools/winvmssLBNatPool\"}]}}]}}]},\r\n
        \   \"vmId\": \"138c6ef3-ebd4-4f6c-a40a-563d67017e05\",\r\n    \"hardwareProfile\":
        {},\r\n    \"storageProfile\": {\r\n      \"imageReference\": {\r\n        \"publisher\":
        \"MicrosoftWindowsServer\",\r\n        \"offer\": \"WindowsServer\",\r\n        \"sku\":
        \"2012-R2-Datacenter\",\r\n        \"version\": \"latest\",\r\n        \"exactVersion\":
        \"9600.19920.2101101839\"\r\n      },\r\n      \"osDisk\": {\r\n        \"osType\":
        \"Windows\",\r\n        \"name\": \"winvmss_winvmss_1_OsDisk_1_4431b805167f4d61ac0b78aff5a23079\",\r\n
        \       \"createOption\": \"FromImage\",\r\n        \"caching\": \"ReadWrite\",\r\n
        \       \"managedDisk\": {\r\n          \"storageAccountType\": \"Premium_LRS\",\r\n
        \         \"id\": \"/subscriptions/00000000-0000-0000-0000-000000000000/resourceGroups/cli_test_vmss_update_000001/providers/Microsoft.Compute/disks/winvmss_winvmss_1_OsDisk_1_4431b805167f4d61ac0b78aff5a23079\"\r\n
        \       },\r\n        \"diskSizeGB\": 127\r\n      },\r\n      \"dataDisks\":
        []\r\n    },\r\n    \"osProfile\": {\r\n      \"computerName\": \"winvm4902000001\",\r\n
        \     \"adminUsername\": \"clitest1234\",\r\n      \"windowsConfiguration\":
        {\r\n        \"provisionVMAgent\": true,\r\n        \"enableAutomaticUpdates\":
        true,\r\n        \"patchSettings\": {\r\n          \"patchMode\": \"AutomaticByOS\"\r\n
        \       }\r\n      },\r\n      \"secrets\": [],\r\n      \"allowExtensionOperations\":
        true,\r\n      \"requireGuestProvisionSignal\": true\r\n    },\r\n    \"networkProfile\":
        {\"networkInterfaces\":[{\"id\":\"/subscriptions/00000000-0000-0000-0000-000000000000/resourceGroups/cli_test_vmss_update_000001/providers/Microsoft.Compute/virtualMachineScaleSets/winvmss/virtualMachines/1/networkInterfaces/winvm4902Nic\"}]},\r\n
        \   \"licenseType\": \"Windows_Server\",\r\n    \"provisioningState\": \"Succeeded\"\r\n
        \ }\r\n}"
    headers:
      cache-control:
      - no-cache
      content-length:
      - '4794'
      content-type:
      - application/json; charset=utf-8
      date:
      - Tue, 09 Feb 2021 06:50:13 GMT
      expires:
      - '-1'
      pragma:
      - no-cache
      server:
      - Microsoft-HTTPAPI/2.0
      - Microsoft-HTTPAPI/2.0
      strict-transport-security:
      - max-age=31536000; includeSubDomains
      transfer-encoding:
      - chunked
      vary:
      - Accept-Encoding
      x-content-type-options:
      - nosniff
      x-ms-ratelimit-remaining-resource:
      - Microsoft.Compute/GetVMScaleSetVM3Min;999,Microsoft.Compute/GetVMScaleSetVM30Min;4999,Microsoft.Compute/VMScaleSetVMViews3Min;4990
      x-ms-request-charge:
      - '1'
    status:
      code: 200
      message: OK
- request:
    body: '{"location": "westus", "tags": {}, "properties": {"hardwareProfile": {},
      "storageProfile": {"osDisk": {"osType": "Windows", "name": "winvmss_winvmss_1_OsDisk_1_4431b805167f4d61ac0b78aff5a23079",
      "caching": "ReadWrite", "createOption": "FromImage", "diskSizeGB": 127, "managedDisk":
      {"id": "/subscriptions/00000000-0000-0000-0000-000000000000/resourceGroups/cli_test_vmss_update_000001/providers/Microsoft.Compute/disks/winvmss_winvmss_1_OsDisk_1_4431b805167f4d61ac0b78aff5a23079",
      "storageAccountType": "Premium_LRS"}}, "dataDisks": []}, "osProfile": {"computerName":
      "winvm4902000001", "adminUsername": "clitest1234", "windowsConfiguration": {"provisionVMAgent":
      true, "enableAutomaticUpdates": true, "patchSettings": {"patchMode": "AutomaticByOS"}},
      "secrets": [], "allowExtensionOperations": true, "requireGuestProvisionSignal":
      true}, "networkProfile": {"networkInterfaces": [{"id": "/subscriptions/00000000-0000-0000-0000-000000000000/resourceGroups/cli_test_vmss_update_000001/providers/Microsoft.Compute/virtualMachineScaleSets/winvmss/virtualMachines/1/networkInterfaces/winvm4902Nic"}]},
      "networkProfileConfiguration": {"networkInterfaceConfigurations": [{"name":
      "winvm4902Nic", "properties": {"primary": true, "enableAcceleratedNetworking":
      false, "dnsSettings": {"dnsServers": []}, "ipConfigurations": [{"name": "winvm4902IPConfig",
      "properties": {"subnet": {"id": "/subscriptions/00000000-0000-0000-0000-000000000000/resourceGroups/cli_test_vmss_update_000001/providers/Microsoft.Network/virtualNetworks/winvmssVNET/subnets/winvmssSubnet"},
      "privateIPAddressVersion": "IPv4", "loadBalancerBackendAddressPools": [{"id":
      "/subscriptions/00000000-0000-0000-0000-000000000000/resourceGroups/cli_test_vmss_update_000001/providers/Microsoft.Network/loadBalancers/winvmssLB/backendAddressPools/winvmssLBBEPool"}],
      "loadBalancerInboundNatPools": [{"id": "/subscriptions/00000000-0000-0000-0000-000000000000/resourceGroups/cli_test_vmss_update_000001/providers/Microsoft.Network/loadBalancers/winvmssLB/inboundNatPools/winvmssLBNatPool"}]}}],
      "enableIPForwarding": false}}]}, "licenseType": "Windows_Server", "protectionPolicy":
      {"protectFromScaleIn": true, "protectFromScaleSetActions": true}}}'
    headers:
      Accept:
      - application/json
      Accept-Encoding:
      - gzip, deflate
      CommandName:
      - vmss update
      Connection:
      - keep-alive
      Content-Length:
      - '2439'
      Content-Type:
      - application/json
      ParameterSetName:
      - -g -n --protect-from-scale-in --protect-from-scale-set-actions --instance-id
      User-Agent:
      - AZURECLI/2.19.0 azsdk-python-azure-mgmt-compute/18.2.0 Python/3.7.4 (Windows-10-10.0.19041-SP0)
    method: PUT
    uri: https://management.azure.com/subscriptions/00000000-0000-0000-0000-000000000000/resourceGroups/cli_test_vmss_update_000001/providers/Microsoft.Compute/virtualMachineScaleSets/winvmss/virtualmachines/1?api-version=2020-12-01
  response:
    body:
      string: "{\r\n  \"name\": \"winvmss_1\",\r\n  \"id\": \"/subscriptions/00000000-0000-0000-0000-000000000000/resourceGroups/cli_test_vmss_update_000001/providers/Microsoft.Compute/virtualMachineScaleSets/winvmss/virtualMachines/1\",\r\n
        \ \"type\": \"Microsoft.Compute/virtualMachineScaleSets/virtualMachines\",\r\n
        \ \"location\": \"westus\",\r\n  \"tags\": {},\r\n  \"instanceId\": \"1\",\r\n
        \ \"sku\": {\r\n    \"name\": \"Standard_DS1_v2\",\r\n    \"tier\": \"Standard\"\r\n
        \ },\r\n  \"properties\": {\r\n    \"latestModelApplied\": false,\r\n    \"modelDefinitionApplied\":
        \"VirtualMachineScaleSet\",\r\n    \"networkProfileConfiguration\": {\"networkInterfaceConfigurations\":[{\"name\":\"winvm4902Nic\",\"properties\":{\"primary\":true,\"enableAcceleratedNetworking\":false,\"dnsSettings\":{\"dnsServers\":[]},\"enableIPForwarding\":false,\"ipConfigurations\":[{\"name\":\"winvm4902IPConfig\",\"properties\":{\"subnet\":{\"id\":\"/subscriptions/00000000-0000-0000-0000-000000000000/resourceGroups/cli_test_vmss_update_000001/providers/Microsoft.Network/virtualNetworks/winvmssVNET/subnets/winvmssSubnet\"},\"privateIPAddressVersion\":\"IPv4\",\"loadBalancerBackendAddressPools\":[{\"id\":\"/subscriptions/00000000-0000-0000-0000-000000000000/resourceGroups/cli_test_vmss_update_000001/providers/Microsoft.Network/loadBalancers/winvmssLB/backendAddressPools/winvmssLBBEPool\"}],\"loadBalancerInboundNatPools\":[{\"id\":\"/subscriptions/00000000-0000-0000-0000-000000000000/resourceGroups/cli_test_vmss_update_000001/providers/Microsoft.Network/loadBalancers/winvmssLB/inboundNatPools/winvmssLBNatPool\"}]}}]}}]},\r\n
        \   \"protectionPolicy\": {\r\n      \"protectFromScaleIn\": true,\r\n      \"protectFromScaleSetActions\":
        true\r\n    },\r\n    \"vmId\": \"138c6ef3-ebd4-4f6c-a40a-563d67017e05\",\r\n
        \   \"hardwareProfile\": {},\r\n    \"storageProfile\": {\r\n      \"imageReference\":
        {\r\n        \"publisher\": \"MicrosoftWindowsServer\",\r\n        \"offer\":
        \"WindowsServer\",\r\n        \"sku\": \"2012-R2-Datacenter\",\r\n        \"version\":
        \"latest\",\r\n        \"exactVersion\": \"9600.19920.2101101839\"\r\n      },\r\n
        \     \"osDisk\": {\r\n        \"osType\": \"Windows\",\r\n        \"name\":
        \"winvmss_winvmss_1_OsDisk_1_4431b805167f4d61ac0b78aff5a23079\",\r\n        \"createOption\":
        \"FromImage\",\r\n        \"caching\": \"ReadWrite\",\r\n        \"managedDisk\":
        {\r\n          \"storageAccountType\": \"Premium_LRS\",\r\n          \"id\":
        \"/subscriptions/00000000-0000-0000-0000-000000000000/resourceGroups/cli_test_vmss_update_000001/providers/Microsoft.Compute/disks/winvmss_winvmss_1_OsDisk_1_4431b805167f4d61ac0b78aff5a23079\"\r\n
        \       },\r\n        \"diskSizeGB\": 127\r\n      },\r\n      \"dataDisks\":
        []\r\n    },\r\n    \"osProfile\": {\r\n      \"computerName\": \"winvm4902000001\",\r\n
        \     \"adminUsername\": \"clitest1234\",\r\n      \"windowsConfiguration\":
        {\r\n        \"provisionVMAgent\": true,\r\n        \"enableAutomaticUpdates\":
        true,\r\n        \"patchSettings\": {\r\n          \"patchMode\": \"AutomaticByOS\"\r\n
        \       }\r\n      },\r\n      \"secrets\": [],\r\n      \"allowExtensionOperations\":
        true,\r\n      \"requireGuestProvisionSignal\": true\r\n    },\r\n    \"networkProfile\":
        {\"networkInterfaces\":[{\"id\":\"/subscriptions/00000000-0000-0000-0000-000000000000/resourceGroups/cli_test_vmss_update_000001/providers/Microsoft.Compute/virtualMachineScaleSets/winvmss/virtualMachines/1/networkInterfaces/winvm4902Nic\"}]},\r\n
        \   \"licenseType\": \"Windows_Server\",\r\n    \"provisioningState\": \"Updating\"\r\n
        \ }\r\n}"
    headers:
      azure-asyncoperation:
      - https://management.azure.com/subscriptions/00000000-0000-0000-0000-000000000000/providers/Microsoft.Compute/locations/westus/operations/0938022f-d540-45db-86d6-ec869a210281?api-version=2020-12-01
      cache-control:
      - no-cache
      content-length:
      - '3551'
      content-type:
      - application/json; charset=utf-8
      date:
      - Tue, 09 Feb 2021 06:50:14 GMT
      expires:
      - '-1'
      pragma:
      - no-cache
      server:
      - Microsoft-HTTPAPI/2.0
      - Microsoft-HTTPAPI/2.0
      strict-transport-security:
      - max-age=31536000; includeSubDomains
      transfer-encoding:
      - chunked
      vary:
      - Accept-Encoding
      x-content-type-options:
      - nosniff
      x-ms-ratelimit-remaining-resource:
      - Microsoft.Compute/VMScaleSetActions3Min;236,Microsoft.Compute/VMScaleSetActions30Min;1195,Microsoft.Compute/VMScaleSetBatchedVMRequests5Min;1158,Microsoft.Compute/VmssQueuedVMOperations;4799
      x-ms-ratelimit-remaining-subscription-writes:
      - '1178'
      x-ms-request-charge:
      - '1'
    status:
      code: 200
      message: OK
- request:
    body: null
    headers:
      Accept:
      - '*/*'
      Accept-Encoding:
      - gzip, deflate
      CommandName:
      - vmss update
      Connection:
      - keep-alive
      ParameterSetName:
      - -g -n --protect-from-scale-in --protect-from-scale-set-actions --instance-id
      User-Agent:
      - AZURECLI/2.19.0 azsdk-python-azure-mgmt-compute/18.2.0 Python/3.7.4 (Windows-10-10.0.19041-SP0)
    method: GET
    uri: https://management.azure.com/subscriptions/00000000-0000-0000-0000-000000000000/providers/Microsoft.Compute/locations/westus/operations/0938022f-d540-45db-86d6-ec869a210281?api-version=2020-12-01
  response:
    body:
      string: "{\r\n  \"startTime\": \"2021-02-09T06:50:14.1834202+00:00\",\r\n  \"endTime\":
        \"2021-02-09T06:50:14.4490535+00:00\",\r\n  \"status\": \"Succeeded\",\r\n
        \ \"name\": \"0938022f-d540-45db-86d6-ec869a210281\"\r\n}"
    headers:
      cache-control:
      - no-cache
      content-length:
      - '184'
      content-type:
      - application/json; charset=utf-8
      date:
      - Tue, 09 Feb 2021 06:50:45 GMT
      expires:
      - '-1'
      pragma:
      - no-cache
      server:
      - Microsoft-HTTPAPI/2.0
      - Microsoft-HTTPAPI/2.0
      strict-transport-security:
      - max-age=31536000; includeSubDomains
      transfer-encoding:
      - chunked
      vary:
      - Accept-Encoding
      x-content-type-options:
      - nosniff
      x-ms-ratelimit-remaining-resource:
      - Microsoft.Compute/GetOperation3Min;14959,Microsoft.Compute/GetOperation30Min;29634
    status:
      code: 200
      message: OK
- request:
    body: null
    headers:
      Accept:
      - '*/*'
      Accept-Encoding:
      - gzip, deflate
      CommandName:
      - vmss update
      Connection:
      - keep-alive
      ParameterSetName:
      - -g -n --protect-from-scale-in --protect-from-scale-set-actions --instance-id
      User-Agent:
      - AZURECLI/2.19.0 azsdk-python-azure-mgmt-compute/18.2.0 Python/3.7.4 (Windows-10-10.0.19041-SP0)
    method: GET
    uri: https://management.azure.com/subscriptions/00000000-0000-0000-0000-000000000000/resourceGroups/cli_test_vmss_update_000001/providers/Microsoft.Compute/virtualMachineScaleSets/winvmss/virtualmachines/1?api-version=2020-12-01
  response:
    body:
      string: "{\r\n  \"name\": \"winvmss_1\",\r\n  \"id\": \"/subscriptions/00000000-0000-0000-0000-000000000000/resourceGroups/cli_test_vmss_update_000001/providers/Microsoft.Compute/virtualMachineScaleSets/winvmss/virtualMachines/1\",\r\n
        \ \"type\": \"Microsoft.Compute/virtualMachineScaleSets/virtualMachines\",\r\n
        \ \"location\": \"westus\",\r\n  \"tags\": {},\r\n  \"instanceId\": \"1\",\r\n
        \ \"sku\": {\r\n    \"name\": \"Standard_DS1_v2\",\r\n    \"tier\": \"Standard\"\r\n
        \ },\r\n  \"properties\": {\r\n    \"latestModelApplied\": false,\r\n    \"modelDefinitionApplied\":
        \"VirtualMachineScaleSet\",\r\n    \"networkProfileConfiguration\": {\"networkInterfaceConfigurations\":[{\"name\":\"winvm4902Nic\",\"properties\":{\"primary\":true,\"enableAcceleratedNetworking\":false,\"dnsSettings\":{\"dnsServers\":[]},\"enableIPForwarding\":false,\"ipConfigurations\":[{\"name\":\"winvm4902IPConfig\",\"properties\":{\"subnet\":{\"id\":\"/subscriptions/00000000-0000-0000-0000-000000000000/resourceGroups/cli_test_vmss_update_000001/providers/Microsoft.Network/virtualNetworks/winvmssVNET/subnets/winvmssSubnet\"},\"privateIPAddressVersion\":\"IPv4\",\"loadBalancerBackendAddressPools\":[{\"id\":\"/subscriptions/00000000-0000-0000-0000-000000000000/resourceGroups/cli_test_vmss_update_000001/providers/Microsoft.Network/loadBalancers/winvmssLB/backendAddressPools/winvmssLBBEPool\"}],\"loadBalancerInboundNatPools\":[{\"id\":\"/subscriptions/00000000-0000-0000-0000-000000000000/resourceGroups/cli_test_vmss_update_000001/providers/Microsoft.Network/loadBalancers/winvmssLB/inboundNatPools/winvmssLBNatPool\"}]}}]}}]},\r\n
        \   \"protectionPolicy\": {\r\n      \"protectFromScaleIn\": true,\r\n      \"protectFromScaleSetActions\":
        true\r\n    },\r\n    \"vmId\": \"138c6ef3-ebd4-4f6c-a40a-563d67017e05\",\r\n
        \   \"hardwareProfile\": {},\r\n    \"storageProfile\": {\r\n      \"imageReference\":
        {\r\n        \"publisher\": \"MicrosoftWindowsServer\",\r\n        \"offer\":
        \"WindowsServer\",\r\n        \"sku\": \"2012-R2-Datacenter\",\r\n        \"version\":
        \"latest\",\r\n        \"exactVersion\": \"9600.19920.2101101839\"\r\n      },\r\n
        \     \"osDisk\": {\r\n        \"osType\": \"Windows\",\r\n        \"name\":
        \"winvmss_winvmss_1_OsDisk_1_4431b805167f4d61ac0b78aff5a23079\",\r\n        \"createOption\":
        \"FromImage\",\r\n        \"caching\": \"ReadWrite\",\r\n        \"managedDisk\":
        {\r\n          \"storageAccountType\": \"Premium_LRS\",\r\n          \"id\":
        \"/subscriptions/00000000-0000-0000-0000-000000000000/resourceGroups/cli_test_vmss_update_000001/providers/Microsoft.Compute/disks/winvmss_winvmss_1_OsDisk_1_4431b805167f4d61ac0b78aff5a23079\"\r\n
        \       },\r\n        \"diskSizeGB\": 127\r\n      },\r\n      \"dataDisks\":
        []\r\n    },\r\n    \"osProfile\": {\r\n      \"computerName\": \"winvm4902000001\",\r\n
        \     \"adminUsername\": \"clitest1234\",\r\n      \"windowsConfiguration\":
        {\r\n        \"provisionVMAgent\": true,\r\n        \"enableAutomaticUpdates\":
        true,\r\n        \"patchSettings\": {\r\n          \"patchMode\": \"AutomaticByOS\"\r\n
        \       }\r\n      },\r\n      \"secrets\": [],\r\n      \"allowExtensionOperations\":
        true,\r\n      \"requireGuestProvisionSignal\": true\r\n    },\r\n    \"networkProfile\":
        {\"networkInterfaces\":[{\"id\":\"/subscriptions/00000000-0000-0000-0000-000000000000/resourceGroups/cli_test_vmss_update_000001/providers/Microsoft.Compute/virtualMachineScaleSets/winvmss/virtualMachines/1/networkInterfaces/winvm4902Nic\"}]},\r\n
        \   \"licenseType\": \"Windows_Server\",\r\n    \"provisioningState\": \"Succeeded\"\r\n
        \ }\r\n}"
    headers:
      cache-control:
      - no-cache
      content-length:
      - '3552'
      content-type:
      - application/json; charset=utf-8
      date:
      - Tue, 09 Feb 2021 06:50:45 GMT
      expires:
      - '-1'
      pragma:
      - no-cache
      server:
      - Microsoft-HTTPAPI/2.0
      - Microsoft-HTTPAPI/2.0
      strict-transport-security:
      - max-age=31536000; includeSubDomains
      transfer-encoding:
      - chunked
      vary:
      - Accept-Encoding
      x-content-type-options:
      - nosniff
      x-ms-ratelimit-remaining-resource:
      - Microsoft.Compute/GetVMScaleSetVM3Min;998,Microsoft.Compute/GetVMScaleSetVM30Min;4998,Microsoft.Compute/VMScaleSetVMViews3Min;4989
      x-ms-request-charge:
      - '1'
    status:
      code: 200
      message: OK
- request:
    body: null
    headers:
      Accept:
      - application/json
      Accept-Encoding:
      - gzip, deflate
      CommandName:
      - vmss update
      Connection:
      - keep-alive
      ParameterSetName:
      - -g -n --set --instance-id
      User-Agent:
      - AZURECLI/2.19.0 azsdk-python-azure-mgmt-compute/18.2.0 Python/3.7.4 (Windows-10-10.0.19041-SP0)
    method: GET
    uri: https://management.azure.com/subscriptions/00000000-0000-0000-0000-000000000000/resourceGroups/cli_test_vmss_update_000001/providers/Microsoft.Compute/virtualMachineScaleSets/winvmss/virtualmachines/1?$expand=instanceView&api-version=2020-12-01
  response:
    body:
      string: "{\r\n  \"name\": \"winvmss_1\",\r\n  \"id\": \"/subscriptions/00000000-0000-0000-0000-000000000000/resourceGroups/cli_test_vmss_update_000001/providers/Microsoft.Compute/virtualMachineScaleSets/winvmss/virtualMachines/1\",\r\n
        \ \"type\": \"Microsoft.Compute/virtualMachineScaleSets/virtualMachines\",\r\n
        \ \"location\": \"westus\",\r\n  \"tags\": {},\r\n  \"instanceId\": \"1\",\r\n
        \ \"sku\": {\r\n    \"name\": \"Standard_DS1_v2\",\r\n    \"tier\": \"Standard\"\r\n
        \ },\r\n  \"properties\": {\r\n    \"latestModelApplied\": false,\r\n    \"modelDefinitionApplied\":
        \"VirtualMachineScaleSet\",\r\n    \"instanceView\": {\r\n      \"placementGroupId\":
        \"015b965a-f919-486e-8e04-88af854af9c2\",\r\n      \"platformUpdateDomain\":
        1,\r\n      \"platformFaultDomain\": 1,\r\n      \"computerName\": \"winvm4902000001\",\r\n
        \     \"osName\": \"Windows Server 2012 R2 Datacenter\",\r\n      \"osVersion\":
        \"Microsoft Windows NT 6.3.9600.0\",\r\n      \"vmAgent\": {\r\n        \"vmAgentVersion\":
        \"2.7.41491.1008\",\r\n        \"statuses\": [\r\n          {\r\n            \"code\":
        \"ProvisioningState/succeeded\",\r\n            \"level\": \"Info\",\r\n            \"displayStatus\":
        \"Ready\",\r\n            \"message\": \"GuestAgent is running and processing
        the extensions.\",\r\n            \"time\": \"2021-02-09T06:50:44+00:00\"\r\n
        \         }\r\n        ]\r\n      },\r\n      \"disks\": [\r\n        {\r\n
        \         \"name\": \"winvmss_winvmss_1_OsDisk_1_4431b805167f4d61ac0b78aff5a23079\",\r\n
        \         \"statuses\": [\r\n            {\r\n              \"code\": \"ProvisioningState/succeeded\",\r\n
        \             \"level\": \"Info\",\r\n              \"displayStatus\": \"Provisioning
        succeeded\",\r\n              \"time\": \"2021-02-09T06:48:18.0058113+00:00\"\r\n
        \           }\r\n          ]\r\n        }\r\n      ],\r\n      \"hyperVGeneration\":
        \"V1\",\r\n      \"statuses\": [\r\n        {\r\n          \"code\": \"ProvisioningState/succeeded\",\r\n
        \         \"level\": \"Info\",\r\n          \"displayStatus\": \"Provisioning
        succeeded\",\r\n          \"time\": \"2021-02-09T06:50:14.4177828+00:00\"\r\n
        \       },\r\n        {\r\n          \"code\": \"PowerState/running\",\r\n
        \         \"level\": \"Info\",\r\n          \"displayStatus\": \"VM running\"\r\n
        \       }\r\n      ]\r\n    },\r\n    \"networkProfileConfiguration\": {\"networkInterfaceConfigurations\":[{\"name\":\"winvm4902Nic\",\"properties\":{\"primary\":true,\"enableAcceleratedNetworking\":false,\"dnsSettings\":{\"dnsServers\":[]},\"enableIPForwarding\":false,\"ipConfigurations\":[{\"name\":\"winvm4902IPConfig\",\"properties\":{\"subnet\":{\"id\":\"/subscriptions/00000000-0000-0000-0000-000000000000/resourceGroups/cli_test_vmss_update_000001/providers/Microsoft.Network/virtualNetworks/winvmssVNET/subnets/winvmssSubnet\"},\"privateIPAddressVersion\":\"IPv4\",\"loadBalancerBackendAddressPools\":[{\"id\":\"/subscriptions/00000000-0000-0000-0000-000000000000/resourceGroups/cli_test_vmss_update_000001/providers/Microsoft.Network/loadBalancers/winvmssLB/backendAddressPools/winvmssLBBEPool\"}],\"loadBalancerInboundNatPools\":[{\"id\":\"/subscriptions/00000000-0000-0000-0000-000000000000/resourceGroups/cli_test_vmss_update_000001/providers/Microsoft.Network/loadBalancers/winvmssLB/inboundNatPools/winvmssLBNatPool\"}]}}]}}]},\r\n
        \   \"protectionPolicy\": {\r\n      \"protectFromScaleIn\": true,\r\n      \"protectFromScaleSetActions\":
        true\r\n    },\r\n    \"vmId\": \"138c6ef3-ebd4-4f6c-a40a-563d67017e05\",\r\n
        \   \"hardwareProfile\": {},\r\n    \"storageProfile\": {\r\n      \"imageReference\":
        {\r\n        \"publisher\": \"MicrosoftWindowsServer\",\r\n        \"offer\":
        \"WindowsServer\",\r\n        \"sku\": \"2012-R2-Datacenter\",\r\n        \"version\":
        \"latest\",\r\n        \"exactVersion\": \"9600.19920.2101101839\"\r\n      },\r\n
        \     \"osDisk\": {\r\n        \"osType\": \"Windows\",\r\n        \"name\":
        \"winvmss_winvmss_1_OsDisk_1_4431b805167f4d61ac0b78aff5a23079\",\r\n        \"createOption\":
        \"FromImage\",\r\n        \"caching\": \"ReadWrite\",\r\n        \"managedDisk\":
        {\r\n          \"storageAccountType\": \"Premium_LRS\",\r\n          \"id\":
        \"/subscriptions/00000000-0000-0000-0000-000000000000/resourceGroups/cli_test_vmss_update_000001/providers/Microsoft.Compute/disks/winvmss_winvmss_1_OsDisk_1_4431b805167f4d61ac0b78aff5a23079\"\r\n
        \       },\r\n        \"diskSizeGB\": 127\r\n      },\r\n      \"dataDisks\":
        []\r\n    },\r\n    \"osProfile\": {\r\n      \"computerName\": \"winvm4902000001\",\r\n
        \     \"adminUsername\": \"clitest1234\",\r\n      \"windowsConfiguration\":
        {\r\n        \"provisionVMAgent\": true,\r\n        \"enableAutomaticUpdates\":
        true,\r\n        \"patchSettings\": {\r\n          \"patchMode\": \"AutomaticByOS\"\r\n
        \       }\r\n      },\r\n      \"secrets\": [],\r\n      \"allowExtensionOperations\":
        true,\r\n      \"requireGuestProvisionSignal\": true\r\n    },\r\n    \"networkProfile\":
        {\"networkInterfaces\":[{\"id\":\"/subscriptions/00000000-0000-0000-0000-000000000000/resourceGroups/cli_test_vmss_update_000001/providers/Microsoft.Compute/virtualMachineScaleSets/winvmss/virtualMachines/1/networkInterfaces/winvm4902Nic\"}]},\r\n
        \   \"licenseType\": \"Windows_Server\",\r\n    \"provisioningState\": \"Succeeded\"\r\n
        \ }\r\n}"
    headers:
      cache-control:
      - no-cache
      content-length:
      - '5061'
      content-type:
      - application/json; charset=utf-8
      date:
      - Tue, 09 Feb 2021 06:50:45 GMT
      expires:
      - '-1'
      pragma:
      - no-cache
      server:
      - Microsoft-HTTPAPI/2.0
      - Microsoft-HTTPAPI/2.0
      strict-transport-security:
      - max-age=31536000; includeSubDomains
      transfer-encoding:
      - chunked
      vary:
      - Accept-Encoding
      x-content-type-options:
      - nosniff
      x-ms-ratelimit-remaining-resource:
      - Microsoft.Compute/GetVMScaleSetVM3Min;997,Microsoft.Compute/GetVMScaleSetVM30Min;4997,Microsoft.Compute/VMScaleSetVMViews3Min;4988
      x-ms-request-charge:
      - '1'
    status:
      code: 200
      message: OK
- request:
    body: '{"location": "westus", "tags": {}, "properties": {"hardwareProfile": {},
      "storageProfile": {"osDisk": {"osType": "Windows", "name": "winvmss_winvmss_1_OsDisk_1_4431b805167f4d61ac0b78aff5a23079",
      "caching": "ReadWrite", "createOption": "FromImage", "diskSizeGB": 127, "managedDisk":
      {"id": "/subscriptions/00000000-0000-0000-0000-000000000000/resourceGroups/cli_test_vmss_update_000001/providers/Microsoft.Compute/disks/winvmss_winvmss_1_OsDisk_1_4431b805167f4d61ac0b78aff5a23079",
      "storageAccountType": "Premium_LRS"}}, "dataDisks": []}, "osProfile": {"computerName":
      "winvm4902000001", "adminUsername": "clitest1234", "windowsConfiguration": {"provisionVMAgent":
      true, "enableAutomaticUpdates": true, "patchSettings": {"patchMode": "AutomaticByOS"}},
      "secrets": [], "allowExtensionOperations": true, "requireGuestProvisionSignal":
      true}, "networkProfile": {"networkInterfaces": [{"id": "/subscriptions/00000000-0000-0000-0000-000000000000/resourceGroups/cli_test_vmss_update_000001/providers/Microsoft.Compute/virtualMachineScaleSets/winvmss/virtualMachines/1/networkInterfaces/winvm4902Nic"}]},
      "networkProfileConfiguration": {"networkInterfaceConfigurations": [{"name":
      "winvm4902Nic", "properties": {"primary": true, "enableAcceleratedNetworking":
      false, "dnsSettings": {"dnsServers": []}, "ipConfigurations": [{"name": "winvm4902IPConfig",
      "properties": {"subnet": {"id": "/subscriptions/00000000-0000-0000-0000-000000000000/resourceGroups/cli_test_vmss_update_000001/providers/Microsoft.Network/virtualNetworks/winvmssVNET/subnets/winvmssSubnet"},
      "privateIPAddressVersion": "IPv4", "loadBalancerBackendAddressPools": [{"id":
      "/subscriptions/00000000-0000-0000-0000-000000000000/resourceGroups/cli_test_vmss_update_000001/providers/Microsoft.Network/loadBalancers/winvmssLB/backendAddressPools/winvmssLBBEPool"}],
      "loadBalancerInboundNatPools": [{"id": "/subscriptions/00000000-0000-0000-0000-000000000000/resourceGroups/cli_test_vmss_update_000001/providers/Microsoft.Network/loadBalancers/winvmssLB/inboundNatPools/winvmssLBNatPool"}]}}],
      "enableIPForwarding": false}}]}, "licenseType": "Windows_Server", "protectionPolicy":
      {"protectFromScaleIn": false, "protectFromScaleSetActions": false}}}'
    headers:
      Accept:
      - application/json
      Accept-Encoding:
      - gzip, deflate
      CommandName:
      - vmss update
      Connection:
      - keep-alive
      Content-Length:
      - '2441'
      Content-Type:
      - application/json
      ParameterSetName:
      - -g -n --set --instance-id
      User-Agent:
      - AZURECLI/2.19.0 azsdk-python-azure-mgmt-compute/18.2.0 Python/3.7.4 (Windows-10-10.0.19041-SP0)
    method: PUT
    uri: https://management.azure.com/subscriptions/00000000-0000-0000-0000-000000000000/resourceGroups/cli_test_vmss_update_000001/providers/Microsoft.Compute/virtualMachineScaleSets/winvmss/virtualmachines/1?api-version=2020-12-01
  response:
    body:
      string: "{\r\n  \"name\": \"winvmss_1\",\r\n  \"id\": \"/subscriptions/00000000-0000-0000-0000-000000000000/resourceGroups/cli_test_vmss_update_000001/providers/Microsoft.Compute/virtualMachineScaleSets/winvmss/virtualMachines/1\",\r\n
        \ \"type\": \"Microsoft.Compute/virtualMachineScaleSets/virtualMachines\",\r\n
        \ \"location\": \"westus\",\r\n  \"tags\": {},\r\n  \"instanceId\": \"1\",\r\n
        \ \"sku\": {\r\n    \"name\": \"Standard_DS1_v2\",\r\n    \"tier\": \"Standard\"\r\n
        \ },\r\n  \"properties\": {\r\n    \"latestModelApplied\": false,\r\n    \"modelDefinitionApplied\":
        \"VirtualMachineScaleSet\",\r\n    \"networkProfileConfiguration\": {\"networkInterfaceConfigurations\":[{\"name\":\"winvm4902Nic\",\"properties\":{\"primary\":true,\"enableAcceleratedNetworking\":false,\"dnsSettings\":{\"dnsServers\":[]},\"enableIPForwarding\":false,\"ipConfigurations\":[{\"name\":\"winvm4902IPConfig\",\"properties\":{\"subnet\":{\"id\":\"/subscriptions/00000000-0000-0000-0000-000000000000/resourceGroups/cli_test_vmss_update_000001/providers/Microsoft.Network/virtualNetworks/winvmssVNET/subnets/winvmssSubnet\"},\"privateIPAddressVersion\":\"IPv4\",\"loadBalancerBackendAddressPools\":[{\"id\":\"/subscriptions/00000000-0000-0000-0000-000000000000/resourceGroups/cli_test_vmss_update_000001/providers/Microsoft.Network/loadBalancers/winvmssLB/backendAddressPools/winvmssLBBEPool\"}],\"loadBalancerInboundNatPools\":[{\"id\":\"/subscriptions/00000000-0000-0000-0000-000000000000/resourceGroups/cli_test_vmss_update_000001/providers/Microsoft.Network/loadBalancers/winvmssLB/inboundNatPools/winvmssLBNatPool\"}]}}]}}]},\r\n
        \   \"protectionPolicy\": {\r\n      \"protectFromScaleIn\": false,\r\n      \"protectFromScaleSetActions\":
        false\r\n    },\r\n    \"vmId\": \"138c6ef3-ebd4-4f6c-a40a-563d67017e05\",\r\n
        \   \"hardwareProfile\": {},\r\n    \"storageProfile\": {\r\n      \"imageReference\":
        {\r\n        \"publisher\": \"MicrosoftWindowsServer\",\r\n        \"offer\":
        \"WindowsServer\",\r\n        \"sku\": \"2012-R2-Datacenter\",\r\n        \"version\":
        \"latest\",\r\n        \"exactVersion\": \"9600.19920.2101101839\"\r\n      },\r\n
        \     \"osDisk\": {\r\n        \"osType\": \"Windows\",\r\n        \"name\":
        \"winvmss_winvmss_1_OsDisk_1_4431b805167f4d61ac0b78aff5a23079\",\r\n        \"createOption\":
        \"FromImage\",\r\n        \"caching\": \"ReadWrite\",\r\n        \"managedDisk\":
        {\r\n          \"storageAccountType\": \"Premium_LRS\",\r\n          \"id\":
        \"/subscriptions/00000000-0000-0000-0000-000000000000/resourceGroups/cli_test_vmss_update_000001/providers/Microsoft.Compute/disks/winvmss_winvmss_1_OsDisk_1_4431b805167f4d61ac0b78aff5a23079\"\r\n
        \       },\r\n        \"diskSizeGB\": 127\r\n      },\r\n      \"dataDisks\":
        []\r\n    },\r\n    \"osProfile\": {\r\n      \"computerName\": \"winvm4902000001\",\r\n
        \     \"adminUsername\": \"clitest1234\",\r\n      \"windowsConfiguration\":
        {\r\n        \"provisionVMAgent\": true,\r\n        \"enableAutomaticUpdates\":
        true,\r\n        \"patchSettings\": {\r\n          \"patchMode\": \"AutomaticByOS\"\r\n
        \       }\r\n      },\r\n      \"secrets\": [],\r\n      \"allowExtensionOperations\":
        true,\r\n      \"requireGuestProvisionSignal\": true\r\n    },\r\n    \"networkProfile\":
        {\"networkInterfaces\":[{\"id\":\"/subscriptions/00000000-0000-0000-0000-000000000000/resourceGroups/cli_test_vmss_update_000001/providers/Microsoft.Compute/virtualMachineScaleSets/winvmss/virtualMachines/1/networkInterfaces/winvm4902Nic\"}]},\r\n
        \   \"licenseType\": \"Windows_Server\",\r\n    \"provisioningState\": \"Updating\"\r\n
        \ }\r\n}"
    headers:
      azure-asyncoperation:
      - https://management.azure.com/subscriptions/00000000-0000-0000-0000-000000000000/providers/Microsoft.Compute/locations/westus/operations/b4f11e00-9514-464d-a91c-43fb8ccad6d7?api-version=2020-12-01
      cache-control:
      - no-cache
      content-length:
      - '3553'
      content-type:
      - application/json; charset=utf-8
      date:
      - Tue, 09 Feb 2021 06:50:46 GMT
      expires:
      - '-1'
      pragma:
      - no-cache
      server:
      - Microsoft-HTTPAPI/2.0
      - Microsoft-HTTPAPI/2.0
      strict-transport-security:
      - max-age=31536000; includeSubDomains
      transfer-encoding:
      - chunked
      vary:
      - Accept-Encoding
      x-content-type-options:
      - nosniff
      x-ms-ratelimit-remaining-resource:
      - Microsoft.Compute/VMScaleSetActions3Min;235,Microsoft.Compute/VMScaleSetActions30Min;1194,Microsoft.Compute/VMScaleSetBatchedVMRequests5Min;1155,Microsoft.Compute/VmssQueuedVMOperations;4799
      x-ms-ratelimit-remaining-subscription-writes:
      - '1187'
      x-ms-request-charge:
      - '1'
    status:
      code: 200
      message: OK
- request:
    body: null
    headers:
      Accept:
      - '*/*'
      Accept-Encoding:
      - gzip, deflate
      CommandName:
      - vmss update
      Connection:
      - keep-alive
      ParameterSetName:
      - -g -n --set --instance-id
      User-Agent:
      - AZURECLI/2.19.0 azsdk-python-azure-mgmt-compute/18.2.0 Python/3.7.4 (Windows-10-10.0.19041-SP0)
    method: GET
    uri: https://management.azure.com/subscriptions/00000000-0000-0000-0000-000000000000/providers/Microsoft.Compute/locations/westus/operations/b4f11e00-9514-464d-a91c-43fb8ccad6d7?api-version=2020-12-01
  response:
    body:
      string: "{\r\n  \"startTime\": \"2021-02-09T06:50:46.7160379+00:00\",\r\n  \"endTime\":
        \"2021-02-09T06:50:46.9347751+00:00\",\r\n  \"status\": \"Succeeded\",\r\n
        \ \"name\": \"b4f11e00-9514-464d-a91c-43fb8ccad6d7\"\r\n}"
    headers:
      cache-control:
      - no-cache
      content-length:
      - '184'
      content-type:
      - application/json; charset=utf-8
      date:
      - Tue, 09 Feb 2021 06:51:17 GMT
      expires:
      - '-1'
      pragma:
      - no-cache
      server:
      - Microsoft-HTTPAPI/2.0
      - Microsoft-HTTPAPI/2.0
      strict-transport-security:
      - max-age=31536000; includeSubDomains
      transfer-encoding:
      - chunked
      vary:
      - Accept-Encoding
      x-content-type-options:
      - nosniff
      x-ms-ratelimit-remaining-resource:
      - Microsoft.Compute/GetOperation3Min;14958,Microsoft.Compute/GetOperation30Min;29627
    status:
      code: 200
      message: OK
- request:
    body: null
    headers:
      Accept:
      - '*/*'
      Accept-Encoding:
      - gzip, deflate
      CommandName:
      - vmss update
      Connection:
      - keep-alive
      ParameterSetName:
      - -g -n --set --instance-id
      User-Agent:
      - AZURECLI/2.19.0 azsdk-python-azure-mgmt-compute/18.2.0 Python/3.7.4 (Windows-10-10.0.19041-SP0)
    method: GET
    uri: https://management.azure.com/subscriptions/00000000-0000-0000-0000-000000000000/resourceGroups/cli_test_vmss_update_000001/providers/Microsoft.Compute/virtualMachineScaleSets/winvmss/virtualmachines/1?api-version=2020-12-01
  response:
    body:
      string: "{\r\n  \"name\": \"winvmss_1\",\r\n  \"id\": \"/subscriptions/00000000-0000-0000-0000-000000000000/resourceGroups/cli_test_vmss_update_000001/providers/Microsoft.Compute/virtualMachineScaleSets/winvmss/virtualMachines/1\",\r\n
        \ \"type\": \"Microsoft.Compute/virtualMachineScaleSets/virtualMachines\",\r\n
        \ \"location\": \"westus\",\r\n  \"tags\": {},\r\n  \"instanceId\": \"1\",\r\n
        \ \"sku\": {\r\n    \"name\": \"Standard_DS1_v2\",\r\n    \"tier\": \"Standard\"\r\n
        \ },\r\n  \"properties\": {\r\n    \"latestModelApplied\": false,\r\n    \"modelDefinitionApplied\":
        \"VirtualMachineScaleSet\",\r\n    \"networkProfileConfiguration\": {\"networkInterfaceConfigurations\":[{\"name\":\"winvm4902Nic\",\"properties\":{\"primary\":true,\"enableAcceleratedNetworking\":false,\"dnsSettings\":{\"dnsServers\":[]},\"enableIPForwarding\":false,\"ipConfigurations\":[{\"name\":\"winvm4902IPConfig\",\"properties\":{\"subnet\":{\"id\":\"/subscriptions/00000000-0000-0000-0000-000000000000/resourceGroups/cli_test_vmss_update_000001/providers/Microsoft.Network/virtualNetworks/winvmssVNET/subnets/winvmssSubnet\"},\"privateIPAddressVersion\":\"IPv4\",\"loadBalancerBackendAddressPools\":[{\"id\":\"/subscriptions/00000000-0000-0000-0000-000000000000/resourceGroups/cli_test_vmss_update_000001/providers/Microsoft.Network/loadBalancers/winvmssLB/backendAddressPools/winvmssLBBEPool\"}],\"loadBalancerInboundNatPools\":[{\"id\":\"/subscriptions/00000000-0000-0000-0000-000000000000/resourceGroups/cli_test_vmss_update_000001/providers/Microsoft.Network/loadBalancers/winvmssLB/inboundNatPools/winvmssLBNatPool\"}]}}]}}]},\r\n
        \   \"protectionPolicy\": {\r\n      \"protectFromScaleIn\": false,\r\n      \"protectFromScaleSetActions\":
        false\r\n    },\r\n    \"vmId\": \"138c6ef3-ebd4-4f6c-a40a-563d67017e05\",\r\n
        \   \"hardwareProfile\": {},\r\n    \"storageProfile\": {\r\n      \"imageReference\":
        {\r\n        \"publisher\": \"MicrosoftWindowsServer\",\r\n        \"offer\":
        \"WindowsServer\",\r\n        \"sku\": \"2012-R2-Datacenter\",\r\n        \"version\":
        \"latest\",\r\n        \"exactVersion\": \"9600.19920.2101101839\"\r\n      },\r\n
        \     \"osDisk\": {\r\n        \"osType\": \"Windows\",\r\n        \"name\":
        \"winvmss_winvmss_1_OsDisk_1_4431b805167f4d61ac0b78aff5a23079\",\r\n        \"createOption\":
        \"FromImage\",\r\n        \"caching\": \"ReadWrite\",\r\n        \"managedDisk\":
        {\r\n          \"storageAccountType\": \"Premium_LRS\",\r\n          \"id\":
        \"/subscriptions/00000000-0000-0000-0000-000000000000/resourceGroups/cli_test_vmss_update_000001/providers/Microsoft.Compute/disks/winvmss_winvmss_1_OsDisk_1_4431b805167f4d61ac0b78aff5a23079\"\r\n
        \       },\r\n        \"diskSizeGB\": 127\r\n      },\r\n      \"dataDisks\":
        []\r\n    },\r\n    \"osProfile\": {\r\n      \"computerName\": \"winvm4902000001\",\r\n
        \     \"adminUsername\": \"clitest1234\",\r\n      \"windowsConfiguration\":
        {\r\n        \"provisionVMAgent\": true,\r\n        \"enableAutomaticUpdates\":
        true,\r\n        \"patchSettings\": {\r\n          \"patchMode\": \"AutomaticByOS\"\r\n
        \       }\r\n      },\r\n      \"secrets\": [],\r\n      \"allowExtensionOperations\":
        true,\r\n      \"requireGuestProvisionSignal\": true\r\n    },\r\n    \"networkProfile\":
        {\"networkInterfaces\":[{\"id\":\"/subscriptions/00000000-0000-0000-0000-000000000000/resourceGroups/cli_test_vmss_update_000001/providers/Microsoft.Compute/virtualMachineScaleSets/winvmss/virtualMachines/1/networkInterfaces/winvm4902Nic\"}]},\r\n
        \   \"licenseType\": \"Windows_Server\",\r\n    \"provisioningState\": \"Succeeded\"\r\n
        \ }\r\n}"
    headers:
      cache-control:
      - no-cache
      content-length:
      - '3554'
      content-type:
      - application/json; charset=utf-8
      date:
      - Tue, 09 Feb 2021 06:51:18 GMT
      expires:
      - '-1'
      pragma:
      - no-cache
      server:
      - Microsoft-HTTPAPI/2.0
      - Microsoft-HTTPAPI/2.0
      strict-transport-security:
      - max-age=31536000; includeSubDomains
      transfer-encoding:
      - chunked
      vary:
      - Accept-Encoding
      x-content-type-options:
      - nosniff
      x-ms-ratelimit-remaining-resource:
      - Microsoft.Compute/GetVMScaleSetVM3Min;996,Microsoft.Compute/GetVMScaleSetVM30Min;4996,Microsoft.Compute/VMScaleSetVMViews3Min;4995
      x-ms-request-charge:
      - '1'
    status:
      code: 200
      message: OK
version: 1
