interactions:
- request:
    body: '{"location": "westus", "tags": {}}'
    headers:
      Accept:
      - application/json
      Accept-Encoding:
      - gzip, deflate
      CommandName:
      - sig create
      Connection:
      - keep-alive
      Content-Length:
      - '34'
      Content-Type:
      - application/json
      ParameterSetName:
      - -g -r
      User-Agent:
      - AZURECLI/2.32.0 azsdk-python-azure-mgmt-compute/23.1.0 Python/3.9.5 (Windows-10-10.0.19044-SP0)
    method: PUT
    uri: https://management.azure.com/subscriptions/00000000-0000-0000-0000-000000000000/resourceGroups/clitest.rg000001/providers/Microsoft.Compute/galleries/sig_000002?api-version=2021-07-01
  response:
    body:
      string: "{\r\n  \"name\": \"sig_000002\",\r\n  \"id\": \"/subscriptions/00000000-0000-0000-0000-000000000000/resourceGroups/clitest.rg000001/providers/Microsoft.Compute/galleries/sig_000002\",\r\n
        \ \"type\": \"Microsoft.Compute/galleries\",\r\n  \"location\": \"westus\",\r\n
        \ \"tags\": {},\r\n  \"properties\": {\r\n    \"identifier\": {\r\n      \"uniqueName\":
        \"0b1f6471-1bf0-4dda-aec3-cb9272f09590-SIG_6OZTN2\"\r\n    },\r\n    \"provisioningState\":
        \"Creating\"\r\n  }\r\n}"
    headers:
      azure-asyncoperation:
      - https://management.azure.com/subscriptions/00000000-0000-0000-0000-000000000000/providers/Microsoft.Compute/locations/westus/capsOperations/4a28f424-f0f2-43f8-8978-2add239fc4e1?api-version=2021-07-01
      cache-control:
      - no-cache
      content-length:
      - '417'
      content-type:
      - application/json; charset=utf-8
      date:
      - Thu, 27 Jan 2022 00:37:56 GMT
      expires:
      - '-1'
      pragma:
      - no-cache
      server:
      - Microsoft-HTTPAPI/2.0
      - Microsoft-HTTPAPI/2.0
      strict-transport-security:
      - max-age=31536000; includeSubDomains
      x-content-type-options:
      - nosniff
      x-ms-ratelimit-remaining-resource:
      - Microsoft.Compute/CreateUpdateGallery3Min;49,Microsoft.Compute/CreateUpdateGallery30Min;295
      x-ms-ratelimit-remaining-subscription-writes:
      - '1193'
    status:
      code: 201
      message: Created
- request:
    body: null
    headers:
      Accept:
      - '*/*'
      Accept-Encoding:
      - gzip, deflate
      CommandName:
      - sig create
      Connection:
      - keep-alive
      ParameterSetName:
      - -g -r
      User-Agent:
      - AZURECLI/2.32.0 azsdk-python-azure-mgmt-compute/23.1.0 Python/3.9.5 (Windows-10-10.0.19044-SP0)
    method: GET
    uri: https://management.azure.com/subscriptions/00000000-0000-0000-0000-000000000000/providers/Microsoft.Compute/locations/westus/capsOperations/4a28f424-f0f2-43f8-8978-2add239fc4e1?api-version=2021-07-01
  response:
    body:
      string: "{\r\n  \"startTime\": \"2022-01-27T00:37:56.143561+00:00\",\r\n  \"endTime\":
        \"2022-01-27T00:37:56.4248087+00:00\",\r\n  \"status\": \"Succeeded\",\r\n
        \ \"name\": \"4a28f424-f0f2-43f8-8978-2add239fc4e1\"\r\n}"
    headers:
      cache-control:
      - no-cache
      content-length:
      - '183'
      content-type:
      - application/json; charset=utf-8
      date:
      - Thu, 27 Jan 2022 00:38:27 GMT
      expires:
      - '-1'
      pragma:
      - no-cache
      server:
      - Microsoft-HTTPAPI/2.0
      - Microsoft-HTTPAPI/2.0
      strict-transport-security:
      - max-age=31536000; includeSubDomains
      transfer-encoding:
      - chunked
      vary:
      - Accept-Encoding
      x-content-type-options:
      - nosniff
      x-ms-ratelimit-remaining-resource:
      - Microsoft.Compute/GetOperationStatus3Min;1186,Microsoft.Compute/GetOperationStatus30Min;4078
    status:
      code: 200
      message: OK
- request:
    body: null
    headers:
      Accept:
      - '*/*'
      Accept-Encoding:
      - gzip, deflate
      CommandName:
      - sig create
      Connection:
      - keep-alive
      ParameterSetName:
      - -g -r
      User-Agent:
      - AZURECLI/2.32.0 azsdk-python-azure-mgmt-compute/23.1.0 Python/3.9.5 (Windows-10-10.0.19044-SP0)
    method: GET
    uri: https://management.azure.com/subscriptions/00000000-0000-0000-0000-000000000000/resourceGroups/clitest.rg000001/providers/Microsoft.Compute/galleries/sig_000002?api-version=2021-07-01
  response:
    body:
      string: "{\r\n  \"name\": \"sig_000002\",\r\n  \"id\": \"/subscriptions/00000000-0000-0000-0000-000000000000/resourceGroups/clitest.rg000001/providers/Microsoft.Compute/galleries/sig_000002\",\r\n
        \ \"type\": \"Microsoft.Compute/galleries\",\r\n  \"location\": \"westus\",\r\n
        \ \"tags\": {},\r\n  \"properties\": {\r\n    \"identifier\": {\r\n      \"uniqueName\":
        \"0b1f6471-1bf0-4dda-aec3-cb9272f09590-SIG_6OZTN2\"\r\n    },\r\n    \"provisioningState\":
        \"Succeeded\"\r\n  }\r\n}"
    headers:
      cache-control:
      - no-cache
      content-length:
      - '418'
      content-type:
      - application/json; charset=utf-8
      date:
      - Thu, 27 Jan 2022 00:38:27 GMT
      expires:
      - '-1'
      pragma:
      - no-cache
      server:
      - Microsoft-HTTPAPI/2.0
      - Microsoft-HTTPAPI/2.0
      strict-transport-security:
      - max-age=31536000; includeSubDomains
      transfer-encoding:
      - chunked
      vary:
      - Accept-Encoding
      x-content-type-options:
      - nosniff
      x-ms-ratelimit-remaining-resource:
      - Microsoft.Compute/GetGallery3Min;334,Microsoft.Compute/GetGallery30Min;2439
    status:
      code: 200
      message: OK
- request:
    body: '{"location": "westus", "tags": {}, "properties": {"osType": "Linux", "osState":
      "Generalized", "hyperVGeneration": "V1", "identifier": {"publisher": "pub_000004",
      "offer": "of_000005", "sku": "sku_000006"}, "disallowed": {}}}'
    headers:
      Accept:
      - application/json
      Accept-Encoding:
      - gzip, deflate
      CommandName:
      - sig image-definition create
      Connection:
      - keep-alive
      Content-Length:
      - '225'
      Content-Type:
      - application/json
      ParameterSetName:
      - -g --gallery-name --gallery-image-definition --os-type -p -f -s
      User-Agent:
      - AZURECLI/2.32.0 azsdk-python-azure-mgmt-compute/23.1.0 Python/3.9.5 (Windows-10-10.0.19044-SP0)
    method: PUT
    uri: https://management.azure.com/subscriptions/00000000-0000-0000-0000-000000000000/resourceGroups/clitest.rg000001/providers/Microsoft.Compute/galleries/sig_000002/images/def_000003?api-version=2020-09-30
  response:
    body:
      string: "{\r\n  \"name\": \"def_000003\",\r\n  \"id\": \"/subscriptions/00000000-0000-0000-0000-000000000000/resourceGroups/clitest.rg000001/providers/Microsoft.Compute/galleries/sig_000002/images/def_000003\",\r\n
        \ \"type\": \"Microsoft.Compute/galleries/images\",\r\n  \"location\": \"westus\",\r\n
        \ \"tags\": {},\r\n  \"properties\": {\r\n    \"hyperVGeneration\": \"V1\",\r\n
        \   \"osType\": \"Linux\",\r\n    \"osState\": \"Generalized\",\r\n    \"identifier\":
        {\r\n      \"publisher\": \"pub_000004\",\r\n      \"offer\": \"of_000005\",\r\n
        \     \"sku\": \"sku_000006\"\r\n    },\r\n    \"provisioningState\": \"Creating\"\r\n
        \ }\r\n}"
    headers:
      azure-asyncoperation:
      - https://management.azure.com/subscriptions/00000000-0000-0000-0000-000000000000/providers/Microsoft.Compute/locations/westus/capsOperations/7f9bd46b-abfc-4928-84e1-ad802a38c201?api-version=2020-09-30
      cache-control:
      - no-cache
      content-length:
      - '547'
      content-type:
      - application/json; charset=utf-8
      date:
      - Thu, 27 Jan 2022 00:38:34 GMT
      expires:
      - '-1'
      pragma:
      - no-cache
      server:
      - Microsoft-HTTPAPI/2.0
      - Microsoft-HTTPAPI/2.0
      strict-transport-security:
      - max-age=31536000; includeSubDomains
      x-content-type-options:
      - nosniff
      x-ms-ratelimit-remaining-resource:
      - Microsoft.Compute/CreateUpdateGalleryImage3Min;149,Microsoft.Compute/CreateUpdateGalleryImage30Min;746
      x-ms-ratelimit-remaining-subscription-writes:
      - '1191'
    status:
      code: 201
      message: Created
- request:
    body: null
    headers:
      Accept:
      - '*/*'
      Accept-Encoding:
      - gzip, deflate
      CommandName:
      - sig image-definition create
      Connection:
      - keep-alive
      ParameterSetName:
      - -g --gallery-name --gallery-image-definition --os-type -p -f -s
      User-Agent:
      - AZURECLI/2.32.0 azsdk-python-azure-mgmt-compute/23.1.0 Python/3.9.5 (Windows-10-10.0.19044-SP0)
    method: GET
    uri: https://management.azure.com/subscriptions/00000000-0000-0000-0000-000000000000/providers/Microsoft.Compute/locations/westus/capsOperations/7f9bd46b-abfc-4928-84e1-ad802a38c201?api-version=2020-09-30
  response:
    body:
      string: "{\r\n  \"startTime\": \"2022-01-27T00:38:34.3310631+00:00\",\r\n  \"endTime\":
        \"2022-01-27T00:38:34.4404515+00:00\",\r\n  \"status\": \"Succeeded\",\r\n
        \ \"name\": \"7f9bd46b-abfc-4928-84e1-ad802a38c201\"\r\n}"
    headers:
      cache-control:
      - no-cache
      content-length:
      - '184'
      content-type:
      - application/json; charset=utf-8
      date:
      - Thu, 27 Jan 2022 00:39:05 GMT
      expires:
      - '-1'
      pragma:
      - no-cache
      server:
      - Microsoft-HTTPAPI/2.0
      - Microsoft-HTTPAPI/2.0
      strict-transport-security:
      - max-age=31536000; includeSubDomains
      transfer-encoding:
      - chunked
      vary:
      - Accept-Encoding
      x-content-type-options:
      - nosniff
      x-ms-ratelimit-remaining-resource:
      - Microsoft.Compute/GetOperationStatus3Min;1185,Microsoft.Compute/GetOperationStatus30Min;4073
    status:
      code: 200
      message: OK
- request:
    body: null
    headers:
      Accept:
      - '*/*'
      Accept-Encoding:
      - gzip, deflate
      CommandName:
      - sig image-definition create
      Connection:
      - keep-alive
      ParameterSetName:
      - -g --gallery-name --gallery-image-definition --os-type -p -f -s
      User-Agent:
      - AZURECLI/2.32.0 azsdk-python-azure-mgmt-compute/23.1.0 Python/3.9.5 (Windows-10-10.0.19044-SP0)
    method: GET
    uri: https://management.azure.com/subscriptions/00000000-0000-0000-0000-000000000000/resourceGroups/clitest.rg000001/providers/Microsoft.Compute/galleries/sig_000002/images/def_000003?api-version=2020-09-30
  response:
    body:
      string: "{\r\n  \"name\": \"def_000003\",\r\n  \"id\": \"/subscriptions/00000000-0000-0000-0000-000000000000/resourceGroups/clitest.rg000001/providers/Microsoft.Compute/galleries/sig_000002/images/def_000003\",\r\n
        \ \"type\": \"Microsoft.Compute/galleries/images\",\r\n  \"location\": \"westus\",\r\n
        \ \"tags\": {},\r\n  \"properties\": {\r\n    \"hyperVGeneration\": \"V1\",\r\n
        \   \"osType\": \"Linux\",\r\n    \"osState\": \"Generalized\",\r\n    \"identifier\":
        {\r\n      \"publisher\": \"pub_000004\",\r\n      \"offer\": \"of_000005\",\r\n
        \     \"sku\": \"sku_000006\"\r\n    },\r\n    \"provisioningState\": \"Succeeded\"\r\n
        \ }\r\n}"
    headers:
      cache-control:
      - no-cache
      content-length:
      - '548'
      content-type:
      - application/json; charset=utf-8
      date:
      - Thu, 27 Jan 2022 00:39:06 GMT
      expires:
      - '-1'
      pragma:
      - no-cache
      server:
      - Microsoft-HTTPAPI/2.0
      - Microsoft-HTTPAPI/2.0
      strict-transport-security:
      - max-age=31536000; includeSubDomains
      transfer-encoding:
      - chunked
      vary:
      - Accept-Encoding
      x-content-type-options:
      - nosniff
      x-ms-ratelimit-remaining-resource:
      - Microsoft.Compute/GetGalleryImage3Min;584,Microsoft.Compute/GetGalleryImage30Min;2944
    status:
      code: 200
      message: OK
- request:
    body: null
    headers:
      Accept:
      - '*/*'
      Accept-Encoding:
      - gzip, deflate
      Connection:
      - keep-alive
      User-Agent:
      - python-requests/2.26.0
    method: GET
    uri: https://raw.githubusercontent.com/Azure/azure-rest-api-specs/master/arm-compute/quickstart-templates/aliases.json
  response:
    body:
      string: "{\n  \"$schema\": \"http://schema.management.azure.com/schemas/2015-01-01/deploymentTemplate.json\",\n
        \ \"contentVersion\": \"1.0.0.0\",\n  \"parameters\": {},\n  \"variables\":
        {},\n  \"resources\": [],\n  \"outputs\": {\n    \"aliases\": {\n      \"type\":
        \"object\",\n      \"value\": {\n        \"Linux\": {\n          \"CentOS\":
        {\n            \"publisher\": \"OpenLogic\",\n            \"offer\": \"CentOS\",\n
        \           \"sku\": \"7.5\",\n            \"version\": \"latest\"\n          },\n
        \         \"Debian\": {\n            \"publisher\": \"Debian\",\n            \"offer\":
        \"debian-10\",\n            \"sku\": \"10\",\n            \"version\": \"latest\"\n
        \         },\n          \"Flatcar\": {\n            \"publisher\": \"kinvolk\",\n
        \           \"offer\": \"flatcar-container-linux-free\",\n            \"sku\":
        \"stable\",\n            \"version\": \"latest\"\n          },\n          \"openSUSE-Leap\":
        {\n            \"publisher\": \"SUSE\",\n            \"offer\": \"openSUSE-Leap\",\n
        \           \"sku\": \"42.3\",\n            \"version\": \"latest\"\n          },\n
        \         \"RHEL\": {\n            \"publisher\": \"RedHat\",\n            \"offer\":
        \"RHEL\",\n            \"sku\": \"7-LVM\",\n            \"version\": \"latest\"\n
        \         },\n          \"SLES\": {\n            \"publisher\": \"SUSE\",\n
        \           \"offer\": \"SLES\",\n            \"sku\": \"15\",\n            \"version\":
        \"latest\"\n          },\n          \"UbuntuLTS\": {\n            \"publisher\":
        \"Canonical\",\n            \"offer\": \"UbuntuServer\",\n            \"sku\":
        \"18.04-LTS\",\n            \"version\": \"latest\"\n          }\n        },\n
        \       \"Windows\": {\n          \"Win2019Datacenter\": {\n            \"publisher\":
        \"MicrosoftWindowsServer\",\n            \"offer\": \"WindowsServer\",\n            \"sku\":
        \"2019-Datacenter\",\n            \"version\": \"latest\"\n          },\n
        \         \"Win2016Datacenter\": {\n            \"publisher\": \"MicrosoftWindowsServer\",\n
        \           \"offer\": \"WindowsServer\",\n            \"sku\": \"2016-Datacenter\",\n
        \           \"version\": \"latest\"\n          },\n          \"Win2012R2Datacenter\":
        {\n            \"publisher\": \"MicrosoftWindowsServer\",\n            \"offer\":
        \"WindowsServer\",\n            \"sku\": \"2012-R2-Datacenter\",\n            \"version\":
        \"latest\"\n          },\n          \"Win2012Datacenter\": {\n            \"publisher\":
        \"MicrosoftWindowsServer\",\n            \"offer\": \"WindowsServer\",\n            \"sku\":
        \"2012-Datacenter\",\n            \"version\": \"latest\"\n          },\n
        \         \"Win2008R2SP1\": {\n            \"publisher\": \"MicrosoftWindowsServer\",\n
        \           \"offer\": \"WindowsServer\",\n            \"sku\": \"2008-R2-SP1\",\n
        \           \"version\": \"latest\"\n          }\n        }\n      }\n    }\n
        \ }\n}\n"
    headers:
      accept-ranges:
      - bytes
      access-control-allow-origin:
      - '*'
      cache-control:
      - max-age=300
      connection:
      - keep-alive
      content-length:
      - '2525'
      content-security-policy:
      - default-src 'none'; style-src 'unsafe-inline'; sandbox
      content-type:
      - text/plain; charset=utf-8
      date:
      - Thu, 27 Jan 2022 00:39:06 GMT
      etag:
      - W/"54bceef15b892f2aa7f4c2145a49f1b5e33608722acdbb47933d7b6cbebbd7f4"
      expires:
      - Thu, 27 Jan 2022 00:44:06 GMT
      source-age:
      - '250'
      strict-transport-security:
      - max-age=31536000
      vary:
      - Authorization,Accept-Encoding,Origin
      via:
      - 1.1 varnish
      x-cache:
      - HIT
      x-cache-hits:
      - '1'
      x-content-type-options:
      - nosniff
      x-fastly-request-id:
      - 662c0227a5d02781873f05e58c32753074377523
      x-frame-options:
      - deny
      x-github-request-id:
      - A1EC:138E:3E21E2:51FEA6:61F19231
      x-served-by:
      - cache-qpg1231-QPG
      x-timer:
      - S1643243947.740509,VS0,VE0
      x-xss-protection:
      - 1; mode=block
    status:
      code: 200
      message: OK
- request:
    body: null
    headers:
      Accept:
      - application/json
      Accept-Encoding:
      - gzip, deflate
      CommandName:
      - vm create
      Connection:
      - keep-alive
      ParameterSetName:
      - -g -n --image
      User-Agent:
      - AZURECLI/2.32.0 azsdk-python-azure-mgmt-compute/23.1.0 Python/3.9.5 (Windows-10-10.0.19044-SP0)
    method: GET
    uri: https://management.azure.com/subscriptions/00000000-0000-0000-0000-000000000000/providers/Microsoft.Compute/locations/westus/publishers/Canonical/artifacttypes/vmimage/offers/UbuntuServer/skus/18.04-LTS/versions?$top=1&$orderby=name%20desc&api-version=2021-07-01
  response:
    body:
      string: "[\r\n  {\r\n    \"location\": \"westus\",\r\n    \"name\": \"18.04.202201180\",\r\n
        \   \"id\": \"/Subscriptions/00000000-0000-0000-0000-000000000000/Providers/Microsoft.Compute/Locations/westus/Publishers/Canonical/ArtifactTypes/VMImage/Offers/UbuntuServer/Skus/18.04-LTS/Versions/18.04.202201180\"\r\n
        \ }\r\n]"
    headers:
      cache-control:
      - no-cache
      content-length:
      - '286'
      content-type:
      - application/json; charset=utf-8
      date:
      - Thu, 27 Jan 2022 00:39:07 GMT
      expires:
      - '-1'
      pragma:
      - no-cache
      server:
      - Microsoft-HTTPAPI/2.0
      - Microsoft-HTTPAPI/2.0
      strict-transport-security:
      - max-age=31536000; includeSubDomains
      transfer-encoding:
      - chunked
      vary:
      - Accept-Encoding
      x-content-type-options:
      - nosniff
      x-ms-ratelimit-remaining-resource:
      - Microsoft.Compute/ListVMImagesVersionsFromLocation3Min;15996,Microsoft.Compute/ListVMImagesVersionsFromLocation30Min;43972
    status:
      code: 200
      message: OK
- request:
    body: null
    headers:
      Accept:
      - application/json
      Accept-Encoding:
      - gzip, deflate
      CommandName:
      - vm create
      Connection:
      - keep-alive
      ParameterSetName:
      - -g -n --image
      User-Agent:
      - AZURECLI/2.32.0 azsdk-python-azure-mgmt-compute/23.1.0 Python/3.9.5 (Windows-10-10.0.19044-SP0)
    method: GET
    uri: https://management.azure.com/subscriptions/00000000-0000-0000-0000-000000000000/providers/Microsoft.Compute/locations/westus/publishers/Canonical/artifacttypes/vmimage/offers/UbuntuServer/skus/18.04-LTS/versions/18.04.202201180?api-version=2021-07-01
  response:
    body:
      string: "{\r\n  \"properties\": {\r\n    \"hyperVGeneration\": \"V1\",\r\n    \"architecture\":
        \"x64\",\r\n    \"replicaType\": \"Unmanaged\",\r\n    \"disallowed\": {\r\n
        \     \"vmDiskType\": \"None\"\r\n    },\r\n    \"automaticOSUpgradeProperties\":
        {\r\n      \"automaticOSUpgradeSupported\": true\r\n    },\r\n    \"imageDeprecationStatus\":
        {\r\n      \"imageState\": \"Active\"\r\n    },\r\n    \"osDiskImage\": {\r\n
        \     \"operatingSystem\": \"Linux\",\r\n      \"sizeInGb\": 31,\r\n      \"sizeInBytes\":
        32213303808\r\n    },\r\n    \"dataDiskImages\": []\r\n  },\r\n  \"location\":
        \"westus\",\r\n  \"name\": \"18.04.202201180\",\r\n  \"id\": \"/Subscriptions/00000000-0000-0000-0000-000000000000/Providers/Microsoft.Compute/Locations/westus/Publishers/Canonical/ArtifactTypes/VMImage/Offers/UbuntuServer/Skus/18.04-LTS/Versions/18.04.202201180\"\r\n}"
    headers:
      cache-control:
      - no-cache
      content-length:
      - '753'
      content-type:
      - application/json; charset=utf-8
      date:
      - Thu, 27 Jan 2022 00:39:08 GMT
      expires:
      - '-1'
      pragma:
      - no-cache
      server:
      - Microsoft-HTTPAPI/2.0
      - Microsoft-HTTPAPI/2.0
      strict-transport-security:
      - max-age=31536000; includeSubDomains
      transfer-encoding:
      - chunked
      vary:
      - Accept-Encoding
      x-content-type-options:
      - nosniff
      x-ms-ratelimit-remaining-resource:
      - Microsoft.Compute/GetVMImageFromLocation3Min;12997,Microsoft.Compute/GetVMImageFromLocation30Min;73982
    status:
      code: 200
      message: OK
- request:
    body: null
    headers:
      Accept:
      - application/json, text/json
      Accept-Encoding:
      - gzip, deflate
      CommandName:
      - vm create
      Connection:
      - keep-alive
      ParameterSetName:
      - -g -n --image
      User-Agent:
      - AZURECLI/2.32.0 azsdk-python-azure-mgmt-network/19.3.0 Python/3.9.5 (Windows-10-10.0.19044-SP0)
    method: GET
    uri: https://management.azure.com/subscriptions/00000000-0000-0000-0000-000000000000/resourceGroups/clitest.rg000001/providers/Microsoft.Network/virtualNetworks?api-version=2018-01-01
  response:
    body:
      string: '{"value":[]}'
    headers:
      cache-control:
      - no-cache
      content-length:
      - '12'
      content-type:
      - application/json; charset=utf-8
      date:
      - Thu, 27 Jan 2022 00:39:08 GMT
      expires:
      - '-1'
      pragma:
      - no-cache
      strict-transport-security:
      - max-age=31536000; includeSubDomains
      vary:
      - Accept-Encoding
      x-content-type-options:
      - nosniff
    status:
      code: 200
      message: OK
- request:
    body: '{"properties": {"template": {"$schema": "https://schema.management.azure.com/schemas/2015-01-01/deploymentTemplate.json#",
      "contentVersion": "1.0.0.0", "parameters": {}, "variables": {}, "resources":
      [{"name": "vm_000007VNET", "type": "Microsoft.Network/virtualNetworks", "location":
      "westus", "apiVersion": "2015-06-15", "dependsOn": [], "tags": {}, "properties":
      {"addressSpace": {"addressPrefixes": ["10.0.0.0/16"]}, "subnets": [{"name":
      "vm_000007Subnet", "properties": {"addressPrefix": "10.0.0.0/24"}}]}}, {"type":
      "Microsoft.Network/networkSecurityGroups", "name": "vm_000007NSG", "apiVersion":
      "2015-06-15", "location": "westus", "tags": {}, "dependsOn": [], "properties":
      {"securityRules": [{"name": "default-allow-ssh", "properties": {"protocol":
      "Tcp", "sourcePortRange": "*", "destinationPortRange": "22", "sourceAddressPrefix":
      "*", "destinationAddressPrefix": "*", "access": "Allow", "priority": 1000, "direction":
      "Inbound"}}]}}, {"apiVersion": "2018-01-01", "type": "Microsoft.Network/publicIPAddresses",
      "name": "vm_000007PublicIP", "location": "westus", "tags": {}, "dependsOn":
      [], "properties": {"publicIPAllocationMethod": null}}, {"apiVersion": "2015-06-15",
      "type": "Microsoft.Network/networkInterfaces", "name": "vm_000007VMNic", "location":
      "westus", "tags": {}, "dependsOn": ["Microsoft.Network/virtualNetworks/vm_000007VNET",
      "Microsoft.Network/networkSecurityGroups/vm_000007NSG", "Microsoft.Network/publicIpAddresses/vm_000007PublicIP"],
      "properties": {"ipConfigurations": [{"name": "ipconfigvm_000007", "properties":
      {"privateIPAllocationMethod": "Dynamic", "subnet": {"id": "/subscriptions/00000000-0000-0000-0000-000000000000/resourceGroups/clitest.rg000001/providers/Microsoft.Network/virtualNetworks/vm_000007VNET/subnets/vm_000007Subnet"},
      "publicIPAddress": {"id": "/subscriptions/00000000-0000-0000-0000-000000000000/resourceGroups/clitest.rg000001/providers/Microsoft.Network/publicIPAddresses/vm_000007PublicIP"}}}],
      "networkSecurityGroup": {"id": "/subscriptions/00000000-0000-0000-0000-000000000000/resourceGroups/clitest.rg000001/providers/Microsoft.Network/networkSecurityGroups/vm_000007NSG"}}},
      {"apiVersion": "2021-07-01", "type": "Microsoft.Compute/virtualMachines", "name":
      "vm_000007", "location": "westus", "tags": {}, "dependsOn": ["Microsoft.Network/networkInterfaces/vm_000007VMNic"],
      "properties": {"hardwareProfile": {"vmSize": "Standard_DS1_v2"}, "networkProfile":
      {"networkInterfaces": [{"id": "/subscriptions/00000000-0000-0000-0000-000000000000/resourceGroups/clitest.rg000001/providers/Microsoft.Network/networkInterfaces/vm_000007VMNic",
      "properties": {"deleteOption": null}}]}, "storageProfile": {"osDisk": {"createOption":
      "fromImage", "name": null, "caching": "ReadWrite", "managedDisk": {"storageAccountType":
      null}}, "imageReference": {"publisher": "Canonical", "offer": "UbuntuServer",
      "sku": "18.04-LTS", "version": "latest"}}, "osProfile": {"computerName": "vmfdan5xx",
      "adminUsername": "zelinwang", "linuxConfiguration": {"disablePasswordAuthentication":
      true, "ssh": {"publicKeys": [{"keyData": "ssh-rsa AAAAB3NzaC1yc2EAAAADAQABAAABAQDRUxHnTSwVC2KG4KOmwmJoVqO8XQdhUuU/AYgHaCK8sNWgvXerEw/vWus6IMDJkacZxf3QoIN2feWl9l6vxTrK0ePpBrvVX1XQJ710wB4dW5XuKfQwNohLFfIshaoe8JXyU9bzHa4LmkYORB1JhOOHbQuYwtEpTApF5vPqjXA5viSP1wbyTlhdJ4GjE9oVTGKBeP/R6trnaD8x2rWwysXh3kb1x4KgmHWEevsMemA2RglfdWoru5Vke77zoyEsSQwJvoUGEvaGNxj5mDEje+nMNOJUYClsxB6nhPxpikbKm+R5V3ANhA+F2h+ID1yFawlt+tdeKrNS8g6XZ4VTIZ99",
      "path": "/home/zelinwang/.ssh/authorized_keys"}]}}}, "additionalCapabilities":
      {}}}], "outputs": {}}, "parameters": {}, "mode": "incremental"}}'
    headers:
      Accept:
      - application/json
      Accept-Encoding:
      - gzip, deflate
      CommandName:
      - vm create
      Connection:
      - keep-alive
      Content-Length:
      - '3593'
      Content-Type:
      - application/json
      ParameterSetName:
      - -g -n --image
      User-Agent:
      - AZURECLI/2.32.0 azsdk-python-azure-mgmt-resource/20.0.0 Python/3.9.5 (Windows-10-10.0.19044-SP0)
    method: PUT
    uri: https://management.azure.com/subscriptions/00000000-0000-0000-0000-000000000000/resourcegroups/clitest.rg000001/providers/Microsoft.Resources/deployments/mock-deployment?api-version=2021-04-01
  response:
    body:
      string: '{"id":"/subscriptions/00000000-0000-0000-0000-000000000000/resourceGroups/clitest.rg000001/providers/Microsoft.Resources/deployments/vm_deploy_IuMVqrhWSr0QWrAxhn71rskdvCu5P0gz","name":"vm_deploy_IuMVqrhWSr0QWrAxhn71rskdvCu5P0gz","type":"Microsoft.Resources/deployments","properties":{"templateHash":"4218416274136486740","parameters":{},"mode":"Incremental","provisioningState":"Accepted","timestamp":"2022-01-27T00:39:15.8795401Z","duration":"PT0.0008142S","correlationId":"c6281cee-a6d2-475b-8192-7a9f08c0745c","providers":[{"namespace":"Microsoft.Network","resourceTypes":[{"resourceType":"virtualNetworks","locations":["westus"]},{"resourceType":"networkSecurityGroups","locations":["westus"]},{"resourceType":"publicIPAddresses","locations":["westus"]},{"resourceType":"networkInterfaces","locations":["westus"]}]},{"namespace":"Microsoft.Compute","resourceTypes":[{"resourceType":"virtualMachines","locations":["westus"]}]}],"dependencies":[{"dependsOn":[{"id":"/subscriptions/00000000-0000-0000-0000-000000000000/resourceGroups/clitest.rg000001/providers/Microsoft.Network/virtualNetworks/vm_000007VNET","resourceType":"Microsoft.Network/virtualNetworks","resourceName":"vm_000007VNET"},{"id":"/subscriptions/00000000-0000-0000-0000-000000000000/resourceGroups/clitest.rg000001/providers/Microsoft.Network/networkSecurityGroups/vm_000007NSG","resourceType":"Microsoft.Network/networkSecurityGroups","resourceName":"vm_000007NSG"},{"id":"/subscriptions/00000000-0000-0000-0000-000000000000/resourceGroups/clitest.rg000001/providers/Microsoft.Network/publicIPAddresses/vm_000007PublicIP","resourceType":"Microsoft.Network/publicIPAddresses","resourceName":"vm_000007PublicIP"}],"id":"/subscriptions/00000000-0000-0000-0000-000000000000/resourceGroups/clitest.rg000001/providers/Microsoft.Network/networkInterfaces/vm_000007VMNic","resourceType":"Microsoft.Network/networkInterfaces","resourceName":"vm_000007VMNic"},{"dependsOn":[{"id":"/subscriptions/00000000-0000-0000-0000-000000000000/resourceGroups/clitest.rg000001/providers/Microsoft.Network/networkInterfaces/vm_000007VMNic","resourceType":"Microsoft.Network/networkInterfaces","resourceName":"vm_000007VMNic"}],"id":"/subscriptions/00000000-0000-0000-0000-000000000000/resourceGroups/clitest.rg000001/providers/Microsoft.Compute/virtualMachines/vm_000007","resourceType":"Microsoft.Compute/virtualMachines","resourceName":"vm_000007"}]}}'
    headers:
      azure-asyncoperation:
      - https://management.azure.com/subscriptions/00000000-0000-0000-0000-000000000000/resourcegroups/clitest.rg000001/providers/Microsoft.Resources/deployments/vm_deploy_IuMVqrhWSr0QWrAxhn71rskdvCu5P0gz/operationStatuses/08585583629326098360?api-version=2021-04-01
      cache-control:
      - no-cache
      content-length:
      - '2401'
      content-type:
      - application/json; charset=utf-8
      date:
      - Thu, 27 Jan 2022 00:39:17 GMT
      expires:
      - '-1'
      pragma:
      - no-cache
      strict-transport-security:
      - max-age=31536000; includeSubDomains
      x-content-type-options:
      - nosniff
      x-ms-ratelimit-remaining-subscription-writes:
      - '1189'
    status:
      code: 201
      message: Created
- request:
    body: null
    headers:
      Accept:
      - '*/*'
      Accept-Encoding:
      - gzip, deflate
      CommandName:
      - vm create
      Connection:
      - keep-alive
      ParameterSetName:
      - -g -n --image
      User-Agent:
      - AZURECLI/2.32.0 azsdk-python-azure-mgmt-resource/20.0.0 Python/3.9.5 (Windows-10-10.0.19044-SP0)
    method: GET
    uri: https://management.azure.com/subscriptions/00000000-0000-0000-0000-000000000000/resourcegroups/clitest.rg000001/providers/Microsoft.Resources/deployments/mock-deployment/operationStatuses/08585583629326098360?api-version=2021-04-01
  response:
    body:
      string: '{"status":"Running"}'
    headers:
      cache-control:
      - no-cache
      content-length:
      - '20'
      content-type:
      - application/json; charset=utf-8
      date:
      - Thu, 27 Jan 2022 00:39:48 GMT
      expires:
      - '-1'
      pragma:
      - no-cache
      strict-transport-security:
      - max-age=31536000; includeSubDomains
      vary:
      - Accept-Encoding
      x-content-type-options:
      - nosniff
    status:
      code: 200
      message: OK
- request:
    body: null
    headers:
      Accept:
      - '*/*'
      Accept-Encoding:
      - gzip, deflate
      CommandName:
      - vm create
      Connection:
      - keep-alive
      ParameterSetName:
      - -g -n --image
      User-Agent:
      - AZURECLI/2.32.0 azsdk-python-azure-mgmt-resource/20.0.0 Python/3.9.5 (Windows-10-10.0.19044-SP0)
    method: GET
    uri: https://management.azure.com/subscriptions/00000000-0000-0000-0000-000000000000/resourcegroups/clitest.rg000001/providers/Microsoft.Resources/deployments/mock-deployment/operationStatuses/08585583629326098360?api-version=2021-04-01
  response:
    body:
      string: '{"status":"Succeeded"}'
    headers:
      cache-control:
      - no-cache
      content-length:
      - '22'
      content-type:
      - application/json; charset=utf-8
      date:
      - Thu, 27 Jan 2022 00:40:18 GMT
      expires:
      - '-1'
      pragma:
      - no-cache
      strict-transport-security:
      - max-age=31536000; includeSubDomains
      vary:
      - Accept-Encoding
      x-content-type-options:
      - nosniff
    status:
      code: 200
      message: OK
- request:
    body: null
    headers:
      Accept:
      - '*/*'
      Accept-Encoding:
      - gzip, deflate
      CommandName:
      - vm create
      Connection:
      - keep-alive
      ParameterSetName:
      - -g -n --image
      User-Agent:
      - AZURECLI/2.32.0 azsdk-python-azure-mgmt-resource/20.0.0 Python/3.9.5 (Windows-10-10.0.19044-SP0)
    method: GET
    uri: https://management.azure.com/subscriptions/00000000-0000-0000-0000-000000000000/resourcegroups/clitest.rg000001/providers/Microsoft.Resources/deployments/mock-deployment?api-version=2021-04-01
  response:
    body:
      string: '{"id":"/subscriptions/00000000-0000-0000-0000-000000000000/resourceGroups/clitest.rg000001/providers/Microsoft.Resources/deployments/vm_deploy_IuMVqrhWSr0QWrAxhn71rskdvCu5P0gz","name":"vm_deploy_IuMVqrhWSr0QWrAxhn71rskdvCu5P0gz","type":"Microsoft.Resources/deployments","properties":{"templateHash":"4218416274136486740","parameters":{},"mode":"Incremental","provisioningState":"Succeeded","timestamp":"2022-01-27T00:39:54.9372455Z","duration":"PT39.0585196S","correlationId":"c6281cee-a6d2-475b-8192-7a9f08c0745c","providers":[{"namespace":"Microsoft.Network","resourceTypes":[{"resourceType":"virtualNetworks","locations":["westus"]},{"resourceType":"networkSecurityGroups","locations":["westus"]},{"resourceType":"publicIPAddresses","locations":["westus"]},{"resourceType":"networkInterfaces","locations":["westus"]}]},{"namespace":"Microsoft.Compute","resourceTypes":[{"resourceType":"virtualMachines","locations":["westus"]}]}],"dependencies":[{"dependsOn":[{"id":"/subscriptions/00000000-0000-0000-0000-000000000000/resourceGroups/clitest.rg000001/providers/Microsoft.Network/virtualNetworks/vm_000007VNET","resourceType":"Microsoft.Network/virtualNetworks","resourceName":"vm_000007VNET"},{"id":"/subscriptions/00000000-0000-0000-0000-000000000000/resourceGroups/clitest.rg000001/providers/Microsoft.Network/networkSecurityGroups/vm_000007NSG","resourceType":"Microsoft.Network/networkSecurityGroups","resourceName":"vm_000007NSG"},{"id":"/subscriptions/00000000-0000-0000-0000-000000000000/resourceGroups/clitest.rg000001/providers/Microsoft.Network/publicIPAddresses/vm_000007PublicIP","resourceType":"Microsoft.Network/publicIPAddresses","resourceName":"vm_000007PublicIP"}],"id":"/subscriptions/00000000-0000-0000-0000-000000000000/resourceGroups/clitest.rg000001/providers/Microsoft.Network/networkInterfaces/vm_000007VMNic","resourceType":"Microsoft.Network/networkInterfaces","resourceName":"vm_000007VMNic"},{"dependsOn":[{"id":"/subscriptions/00000000-0000-0000-0000-000000000000/resourceGroups/clitest.rg000001/providers/Microsoft.Network/networkInterfaces/vm_000007VMNic","resourceType":"Microsoft.Network/networkInterfaces","resourceName":"vm_000007VMNic"}],"id":"/subscriptions/00000000-0000-0000-0000-000000000000/resourceGroups/clitest.rg000001/providers/Microsoft.Compute/virtualMachines/vm_000007","resourceType":"Microsoft.Compute/virtualMachines","resourceName":"vm_000007"}],"outputs":{},"outputResources":[{"id":"/subscriptions/00000000-0000-0000-0000-000000000000/resourceGroups/clitest.rg000001/providers/Microsoft.Compute/virtualMachines/vm_000007"},{"id":"/subscriptions/00000000-0000-0000-0000-000000000000/resourceGroups/clitest.rg000001/providers/Microsoft.Network/networkInterfaces/vm_000007VMNic"},{"id":"/subscriptions/00000000-0000-0000-0000-000000000000/resourceGroups/clitest.rg000001/providers/Microsoft.Network/networkSecurityGroups/vm_000007NSG"},{"id":"/subscriptions/00000000-0000-0000-0000-000000000000/resourceGroups/clitest.rg000001/providers/Microsoft.Network/publicIPAddresses/vm_000007PublicIP"},{"id":"/subscriptions/00000000-0000-0000-0000-000000000000/resourceGroups/clitest.rg000001/providers/Microsoft.Network/virtualNetworks/vm_000007VNET"}]}}'
    headers:
      cache-control:
      - no-cache
      content-length:
      - '3201'
      content-type:
      - application/json; charset=utf-8
      date:
      - Thu, 27 Jan 2022 00:40:19 GMT
      expires:
      - '-1'
      pragma:
      - no-cache
      strict-transport-security:
      - max-age=31536000; includeSubDomains
      vary:
      - Accept-Encoding
      x-content-type-options:
      - nosniff
    status:
      code: 200
      message: OK
- request:
    body: null
    headers:
      Accept:
      - application/json
      Accept-Encoding:
      - gzip, deflate
      CommandName:
      - vm create
      Connection:
      - keep-alive
      ParameterSetName:
      - -g -n --image
      User-Agent:
      - AZURECLI/2.32.0 azsdk-python-azure-mgmt-compute/23.1.0 Python/3.9.5 (Windows-10-10.0.19044-SP0)
    method: GET
    uri: https://management.azure.com/subscriptions/00000000-0000-0000-0000-000000000000/resourceGroups/clitest.rg000001/providers/Microsoft.Compute/virtualMachines/vm_000007?$expand=instanceView&api-version=2021-07-01
  response:
    body:
      string: "{\r\n  \"name\": \"vm_000007\",\r\n  \"id\": \"/subscriptions/00000000-0000-0000-0000-000000000000/resourceGroups/clitest.rg000001/providers/Microsoft.Compute/virtualMachines/vm_000007\",\r\n
        \ \"type\": \"Microsoft.Compute/virtualMachines\",\r\n  \"location\": \"westus\",\r\n
        \ \"tags\": {},\r\n  \"properties\": {\r\n    \"vmId\": \"7bf829c0-4622-45ef-af5d-23dd4b1de969\",\r\n
        \   \"hardwareProfile\": {\r\n      \"vmSize\": \"Standard_DS1_v2\"\r\n    },\r\n
        \   \"storageProfile\": {\r\n      \"imageReference\": {\r\n        \"publisher\":
        \"Canonical\",\r\n        \"offer\": \"UbuntuServer\",\r\n        \"sku\":
        \"18.04-LTS\",\r\n        \"version\": \"latest\",\r\n        \"exactVersion\":
        \"18.04.202201180\"\r\n      },\r\n      \"osDisk\": {\r\n        \"osType\":
        \"Linux\",\r\n        \"name\": \"vm_000007_disk1_7504f9586b1941da91f66c31b8c1257e\",\r\n
        \       \"createOption\": \"FromImage\",\r\n        \"caching\": \"ReadWrite\",\r\n
        \       \"managedDisk\": {\r\n          \"storageAccountType\": \"Premium_LRS\",\r\n
        \         \"id\": \"/subscriptions/00000000-0000-0000-0000-000000000000/resourceGroups/clitest.rg000001/providers/Microsoft.Compute/disks/vm_000007_disk1_7504f9586b1941da91f66c31b8c1257e\"\r\n
        \       },\r\n        \"deleteOption\": \"Detach\",\r\n        \"diskSizeGB\":
        30\r\n      },\r\n      \"dataDisks\": []\r\n    },\r\n    \"osProfile\":
        {\r\n      \"computerName\": \"vmfdan5xx\",\r\n      \"adminUsername\": \"zelinwang\",\r\n
        \     \"linuxConfiguration\": {\r\n        \"disablePasswordAuthentication\":
        true,\r\n        \"ssh\": {\r\n          \"publicKeys\": [\r\n            {\r\n
        \             \"path\": \"/home/zelinwang/.ssh/authorized_keys\",\r\n              \"keyData\":
        \"ssh-rsa AAAAB3NzaC1yc2EAAAADAQABAAABAQDRUxHnTSwVC2KG4KOmwmJoVqO8XQdhUuU/AYgHaCK8sNWgvXerEw/vWus6IMDJkacZxf3QoIN2feWl9l6vxTrK0ePpBrvVX1XQJ710wB4dW5XuKfQwNohLFfIshaoe8JXyU9bzHa4LmkYORB1JhOOHbQuYwtEpTApF5vPqjXA5viSP1wbyTlhdJ4GjE9oVTGKBeP/R6trnaD8x2rWwysXh3kb1x4KgmHWEevsMemA2RglfdWoru5Vke77zoyEsSQwJvoUGEvaGNxj5mDEje+nMNOJUYClsxB6nhPxpikbKm+R5V3ANhA+F2h+ID1yFawlt+tdeKrNS8g6XZ4VTIZ99\"\r\n
        \           }\r\n          ]\r\n        },\r\n        \"provisionVMAgent\":
        true,\r\n        \"patchSettings\": {\r\n          \"patchMode\": \"ImageDefault\",\r\n
        \         \"assessmentMode\": \"ImageDefault\"\r\n        }\r\n      },\r\n
        \     \"secrets\": [],\r\n      \"allowExtensionOperations\": true,\r\n      \"requireGuestProvisionSignal\":
        true\r\n    },\r\n    \"networkProfile\": {\"networkInterfaces\":[{\"id\":\"/subscriptions/00000000-0000-0000-0000-000000000000/resourceGroups/clitest.rg000001/providers/Microsoft.Network/networkInterfaces/vm_000007VMNic\"}]},\r\n
        \   \"provisioningState\": \"Succeeded\",\r\n    \"instanceView\": {\r\n      \"computerName\":
        \"vmfdan5xx\",\r\n      \"osName\": \"ubuntu\",\r\n      \"osVersion\": \"18.04\",\r\n
        \     \"vmAgent\": {\r\n        \"vmAgentVersion\": \"2.6.0.2\",\r\n        \"statuses\":
        [\r\n          {\r\n            \"code\": \"ProvisioningState/succeeded\",\r\n
        \           \"level\": \"Info\",\r\n            \"displayStatus\": \"Ready\",\r\n
        \           \"message\": \"Guest Agent is running\",\r\n            \"time\":
        \"2022-01-27T00:40:01+00:00\"\r\n          }\r\n        ],\r\n        \"extensionHandlers\":
        []\r\n      },\r\n      \"disks\": [\r\n        {\r\n          \"name\": \"vm_000007_disk1_7504f9586b1941da91f66c31b8c1257e\",\r\n
        \         \"statuses\": [\r\n            {\r\n              \"code\": \"ProvisioningState/succeeded\",\r\n
        \             \"level\": \"Info\",\r\n              \"displayStatus\": \"Provisioning
        succeeded\",\r\n              \"time\": \"2022-01-27T00:39:38.497981+00:00\"\r\n
        \           }\r\n          ]\r\n        }\r\n      ],\r\n      \"hyperVGeneration\":
        \"V1\",\r\n      \"statuses\": [\r\n        {\r\n          \"code\": \"ProvisioningState/succeeded\",\r\n
        \         \"level\": \"Info\",\r\n          \"displayStatus\": \"Provisioning
        succeeded\",\r\n          \"time\": \"2022-01-27T00:39:51.3261794+00:00\"\r\n
        \       },\r\n        {\r\n          \"code\": \"PowerState/running\",\r\n
        \         \"level\": \"Info\",\r\n          \"displayStatus\": \"VM running\"\r\n
        \       }\r\n      ]\r\n    }\r\n  }\r\n}"
    headers:
      cache-control:
      - no-cache
      content-length:
      - '3773'
      content-type:
      - application/json; charset=utf-8
      date:
      - Thu, 27 Jan 2022 00:40:20 GMT
      expires:
      - '-1'
      pragma:
      - no-cache
      server:
      - Microsoft-HTTPAPI/2.0
      - Microsoft-HTTPAPI/2.0
      strict-transport-security:
      - max-age=31536000; includeSubDomains
      transfer-encoding:
      - chunked
      vary:
      - Accept-Encoding
      x-content-type-options:
      - nosniff
      x-ms-ratelimit-remaining-resource:
      - Microsoft.Compute/LowCostGet3Min;3989,Microsoft.Compute/LowCostGet30Min;31909
    status:
      code: 200
      message: OK
- request:
    body: null
    headers:
      Accept:
      - application/json, text/json
      Accept-Encoding:
      - gzip, deflate
      CommandName:
      - vm create
      Connection:
      - keep-alive
      ParameterSetName:
      - -g -n --image
      User-Agent:
      - AZURECLI/2.32.0 azsdk-python-azure-mgmt-network/19.3.0 Python/3.9.5 (Windows-10-10.0.19044-SP0)
    method: GET
    uri: https://management.azure.com/subscriptions/00000000-0000-0000-0000-000000000000/resourceGroups/clitest.rg000001/providers/Microsoft.Network/networkInterfaces/vm_000007VMNic?api-version=2018-01-01
  response:
    body:
      string: "{\r\n  \"name\": \"vm_000007VMNic\",\r\n  \"id\": \"/subscriptions/00000000-0000-0000-0000-000000000000/resourceGroups/clitest.rg000001/providers/Microsoft.Network/networkInterfaces/vm_000007VMNic\",\r\n
        \ \"etag\": \"W/\\\"e33eba93-cf32-4d33-b2a4-7002d35f6039\\\"\",\r\n  \"location\":
        \"westus\",\r\n  \"tags\": {},\r\n  \"properties\": {\r\n    \"provisioningState\":
        \"Succeeded\",\r\n    \"resourceGuid\": \"7f4632e2-965b-47f5-b588-05e3236099f9\",\r\n
        \   \"ipConfigurations\": [\r\n      {\r\n        \"name\": \"ipconfigvm_000007\",\r\n
        \       \"id\": \"/subscriptions/00000000-0000-0000-0000-000000000000/resourceGroups/clitest.rg000001/providers/Microsoft.Network/networkInterfaces/vm_000007VMNic/ipConfigurations/ipconfigvm_000007\",\r\n
        \       \"etag\": \"W/\\\"e33eba93-cf32-4d33-b2a4-7002d35f6039\\\"\",\r\n
        \       \"type\": \"Microsoft.Network/networkInterfaces/ipConfigurations\",\r\n
        \       \"properties\": {\r\n          \"provisioningState\": \"Succeeded\",\r\n
        \         \"privateIPAddress\": \"10.0.0.4\",\r\n          \"privateIPAllocationMethod\":
        \"Dynamic\",\r\n          \"publicIPAddress\": {\r\n            \"id\": \"/subscriptions/00000000-0000-0000-0000-000000000000/resourceGroups/clitest.rg000001/providers/Microsoft.Network/publicIPAddresses/vm_000007PublicIP\"\r\n
        \         },\r\n          \"subnet\": {\r\n            \"id\": \"/subscriptions/00000000-0000-0000-0000-000000000000/resourceGroups/clitest.rg000001/providers/Microsoft.Network/virtualNetworks/vm_000007VNET/subnets/vm_000007Subnet\"\r\n
        \         },\r\n          \"primary\": true,\r\n          \"privateIPAddressVersion\":
        \"IPv4\"\r\n        }\r\n      }\r\n    ],\r\n    \"dnsSettings\": {\r\n      \"dnsServers\":
        [],\r\n      \"appliedDnsServers\": [],\r\n      \"internalDomainNameSuffix\":
        \"svu2wx1k0fwu5f3pqx0oocdwoa.dx.internal.cloudapp.net\"\r\n    },\r\n    \"macAddress\":
        \"00-0D-3A-59-78-B5\",\r\n    \"enableAcceleratedNetworking\": false,\r\n
        \   \"enableIPForwarding\": false,\r\n    \"networkSecurityGroup\": {\r\n
        \     \"id\": \"/subscriptions/00000000-0000-0000-0000-000000000000/resourceGroups/clitest.rg000001/providers/Microsoft.Network/networkSecurityGroups/vm_000007NSG\"\r\n
        \   },\r\n    \"primary\": true,\r\n    \"virtualMachine\": {\r\n      \"id\":
        \"/subscriptions/00000000-0000-0000-0000-000000000000/resourceGroups/clitest.rg000001/providers/Microsoft.Compute/virtualMachines/vm_000007\"\r\n
        \   }\r\n  },\r\n  \"type\": \"Microsoft.Network/networkInterfaces\"\r\n}"
    headers:
      cache-control:
      - no-cache
      content-length:
      - '2274'
      content-type:
      - application/json; charset=utf-8
      date:
      - Thu, 27 Jan 2022 00:40:20 GMT
      etag:
      - W/"e33eba93-cf32-4d33-b2a4-7002d35f6039"
      expires:
      - '-1'
      pragma:
      - no-cache
      server:
      - Microsoft-HTTPAPI/2.0
      - Microsoft-HTTPAPI/2.0
      strict-transport-security:
      - max-age=31536000; includeSubDomains
      transfer-encoding:
      - chunked
      vary:
      - Accept-Encoding
      x-content-type-options:
      - nosniff
      x-ms-arm-service-request-id:
      - 764fd2a0-7ec0-42cc-af26-a5f09e77def2
    status:
      code: 200
      message: OK
- request:
    body: null
    headers:
      Accept:
      - application/json, text/json
      Accept-Encoding:
      - gzip, deflate
      CommandName:
      - vm create
      Connection:
      - keep-alive
      ParameterSetName:
      - -g -n --image
      User-Agent:
      - AZURECLI/2.32.0 azsdk-python-azure-mgmt-network/19.3.0 Python/3.9.5 (Windows-10-10.0.19044-SP0)
    method: GET
    uri: https://management.azure.com/subscriptions/00000000-0000-0000-0000-000000000000/resourceGroups/clitest.rg000001/providers/Microsoft.Network/publicIPAddresses/vm_000007PublicIP?api-version=2018-01-01
  response:
    body:
      string: "{\r\n  \"name\": \"vm_000007PublicIP\",\r\n  \"id\": \"/subscriptions/00000000-0000-0000-0000-000000000000/resourceGroups/clitest.rg000001/providers/Microsoft.Network/publicIPAddresses/vm_000007PublicIP\",\r\n
        \ \"etag\": \"W/\\\"8b8016af-a113-4165-9902-f99b8e14b529\\\"\",\r\n  \"location\":
        \"westus\",\r\n  \"tags\": {},\r\n  \"properties\": {\r\n    \"provisioningState\":
        \"Succeeded\",\r\n    \"resourceGuid\": \"3061acdc-c0f5-43e5-a0a8-10bf6c1386ea\",\r\n
        \   \"ipAddress\": \"168.61.18.214\",\r\n    \"publicIPAddressVersion\": \"IPv4\",\r\n
        \   \"publicIPAllocationMethod\": \"Dynamic\",\r\n    \"idleTimeoutInMinutes\":
        4,\r\n    \"ipTags\": [],\r\n    \"ipConfiguration\": {\r\n      \"id\": \"/subscriptions/00000000-0000-0000-0000-000000000000/resourceGroups/clitest.rg000001/providers/Microsoft.Network/networkInterfaces/vm_000007VMNic/ipConfigurations/ipconfigvm_000007\"\r\n
        \   }\r\n  },\r\n  \"type\": \"Microsoft.Network/publicIPAddresses\",\r\n
        \ \"sku\": {\r\n    \"name\": \"Basic\"\r\n  }\r\n}"
    headers:
      cache-control:
      - no-cache
      content-length:
      - '903'
      content-type:
      - application/json; charset=utf-8
      date:
      - Thu, 27 Jan 2022 00:40:21 GMT
      etag:
      - W/"8b8016af-a113-4165-9902-f99b8e14b529"
      expires:
      - '-1'
      pragma:
      - no-cache
      server:
      - Microsoft-HTTPAPI/2.0
      - Microsoft-HTTPAPI/2.0
      strict-transport-security:
      - max-age=31536000; includeSubDomains
      transfer-encoding:
      - chunked
      vary:
      - Accept-Encoding
      x-content-type-options:
      - nosniff
      x-ms-arm-service-request-id:
      - 603940c4-c7bf-4d9f-bd57-fef55610ee98
    status:
      code: 200
      message: OK
- request:
    body: null
    headers:
      Accept:
      - '*/*'
      Accept-Encoding:
      - gzip, deflate
      CommandName:
      - vm deallocate
      Connection:
      - keep-alive
      Content-Length:
      - '0'
      ParameterSetName:
      - -g -n
      User-Agent:
      - AZURECLI/2.32.0 azsdk-python-azure-mgmt-compute/23.1.0 Python/3.9.5 (Windows-10-10.0.19044-SP0)
    method: POST
    uri: https://management.azure.com/subscriptions/00000000-0000-0000-0000-000000000000/resourceGroups/clitest.rg000001/providers/Microsoft.Compute/virtualMachines/vm_000007/deallocate?api-version=2021-07-01
  response:
    body:
      string: ''
    headers:
      azure-asyncoperation:
      - https://management.azure.com/subscriptions/00000000-0000-0000-0000-000000000000/providers/Microsoft.Compute/locations/westus/operations/a808744a-7944-4bd7-95f0-22ab0c044164?p=571046f6-b640-41c1-86f7-f9f044b5adf9&api-version=2021-07-01
      cache-control:
      - no-cache
      content-length:
      - '0'
      date:
      - Thu, 27 Jan 2022 00:40:22 GMT
      expires:
      - '-1'
      location:
      - https://management.azure.com/subscriptions/00000000-0000-0000-0000-000000000000/providers/Microsoft.Compute/locations/westus/operations/a808744a-7944-4bd7-95f0-22ab0c044164?p=571046f6-b640-41c1-86f7-f9f044b5adf9&monitor=true&api-version=2021-07-01
      pragma:
      - no-cache
      server:
      - Microsoft-HTTPAPI/2.0
      - Microsoft-HTTPAPI/2.0
      strict-transport-security:
      - max-age=31536000; includeSubDomains
      x-content-type-options:
      - nosniff
      x-ms-ratelimit-remaining-resource:
      - Microsoft.Compute/DeleteVM3Min;238,Microsoft.Compute/DeleteVM30Min;1189
      x-ms-ratelimit-remaining-subscription-writes:
      - '1198'
    status:
      code: 202
      message: Accepted
- request:
    body: null
    headers:
      Accept:
      - '*/*'
      Accept-Encoding:
      - gzip, deflate
      CommandName:
      - vm deallocate
      Connection:
      - keep-alive
      ParameterSetName:
      - -g -n
      User-Agent:
      - AZURECLI/2.32.0 azsdk-python-azure-mgmt-compute/23.1.0 Python/3.9.5 (Windows-10-10.0.19044-SP0)
    method: GET
    uri: https://management.azure.com/subscriptions/00000000-0000-0000-0000-000000000000/providers/Microsoft.Compute/locations/westus/operations/a808744a-7944-4bd7-95f0-22ab0c044164?p=571046f6-b640-41c1-86f7-f9f044b5adf9&api-version=2021-07-01
  response:
    body:
      string: "{\r\n  \"startTime\": \"2022-01-27T00:40:22.6232136+00:00\",\r\n  \"status\":
        \"InProgress\",\r\n  \"name\": \"a808744a-7944-4bd7-95f0-22ab0c044164\"\r\n}"
    headers:
      cache-control:
      - no-cache
      content-length:
      - '134'
      content-type:
      - application/json; charset=utf-8
      date:
      - Thu, 27 Jan 2022 00:40:32 GMT
      expires:
      - '-1'
      pragma:
      - no-cache
      server:
      - Microsoft-HTTPAPI/2.0
      - Microsoft-HTTPAPI/2.0
      strict-transport-security:
      - max-age=31536000; includeSubDomains
      transfer-encoding:
      - chunked
      vary:
      - Accept-Encoding
      x-content-type-options:
      - nosniff
      x-ms-ratelimit-remaining-resource:
      - Microsoft.Compute/GetOperation3Min;14969,Microsoft.Compute/GetOperation30Min;29879
    status:
      code: 200
      message: OK
- request:
    body: null
    headers:
      Accept:
      - '*/*'
      Accept-Encoding:
      - gzip, deflate
      CommandName:
      - vm deallocate
      Connection:
      - keep-alive
      ParameterSetName:
      - -g -n
      User-Agent:
      - AZURECLI/2.32.0 azsdk-python-azure-mgmt-compute/23.1.0 Python/3.9.5 (Windows-10-10.0.19044-SP0)
    method: GET
    uri: https://management.azure.com/subscriptions/00000000-0000-0000-0000-000000000000/providers/Microsoft.Compute/locations/westus/operations/a808744a-7944-4bd7-95f0-22ab0c044164?p=571046f6-b640-41c1-86f7-f9f044b5adf9&api-version=2021-07-01
  response:
    body:
      string: "{\r\n  \"startTime\": \"2022-01-27T00:40:22.6232136+00:00\",\r\n  \"endTime\":
        \"2022-01-27T00:41:05.9046639+00:00\",\r\n  \"status\": \"Succeeded\",\r\n
        \ \"name\": \"a808744a-7944-4bd7-95f0-22ab0c044164\"\r\n}"
    headers:
      cache-control:
      - no-cache
      content-length:
      - '184'
      content-type:
      - application/json; charset=utf-8
      date:
      - Thu, 27 Jan 2022 00:41:08 GMT
      expires:
      - '-1'
      pragma:
      - no-cache
      server:
      - Microsoft-HTTPAPI/2.0
      - Microsoft-HTTPAPI/2.0
      strict-transport-security:
      - max-age=31536000; includeSubDomains
      transfer-encoding:
      - chunked
      vary:
      - Accept-Encoding
      x-content-type-options:
      - nosniff
      x-ms-ratelimit-remaining-resource:
      - Microsoft.Compute/GetOperation3Min;14962,Microsoft.Compute/GetOperation30Min;29868
    status:
      code: 200
      message: OK
- request:
    body: null
    headers:
      Accept:
      - '*/*'
      Accept-Encoding:
      - gzip, deflate
      CommandName:
      - vm deallocate
      Connection:
      - keep-alive
      ParameterSetName:
      - -g -n
      User-Agent:
      - AZURECLI/2.32.0 azsdk-python-azure-mgmt-compute/23.1.0 Python/3.9.5 (Windows-10-10.0.19044-SP0)
    method: GET
    uri: https://management.azure.com/subscriptions/00000000-0000-0000-0000-000000000000/providers/Microsoft.Compute/locations/westus/operations/a808744a-7944-4bd7-95f0-22ab0c044164?p=571046f6-b640-41c1-86f7-f9f044b5adf9&monitor=true&api-version=2021-07-01
  response:
    body:
      string: ''
    headers:
      cache-control:
      - no-cache
      content-length:
      - '0'
      date:
      - Thu, 27 Jan 2022 00:41:08 GMT
      expires:
      - '-1'
      pragma:
      - no-cache
      server:
      - Microsoft-HTTPAPI/2.0
      - Microsoft-HTTPAPI/2.0
      strict-transport-security:
      - max-age=31536000; includeSubDomains
      x-content-type-options:
      - nosniff
      x-ms-ratelimit-remaining-resource:
      - Microsoft.Compute/GetOperation3Min;14961,Microsoft.Compute/GetOperation30Min;29867
    status:
      code: 200
      message: OK
- request:
    body: null
    headers:
      Accept:
      - '*/*'
      Accept-Encoding:
      - gzip, deflate
      CommandName:
      - vm generalize
      Connection:
      - keep-alive
      Content-Length:
      - '0'
      ParameterSetName:
      - -g -n
      User-Agent:
      - AZURECLI/2.32.0 azsdk-python-azure-mgmt-compute/23.1.0 Python/3.9.5 (Windows-10-10.0.19044-SP0)
    method: POST
    uri: https://management.azure.com/subscriptions/00000000-0000-0000-0000-000000000000/resourceGroups/clitest.rg000001/providers/Microsoft.Compute/virtualMachines/vm_000007/generalize?api-version=2021-07-01
  response:
    body:
      string: ''
    headers:
      cache-control:
      - no-cache
      content-length:
      - '0'
      date:
      - Thu, 27 Jan 2022 00:41:10 GMT
      expires:
      - '-1'
      pragma:
      - no-cache
      server:
      - Microsoft-HTTPAPI/2.0
      - Microsoft-HTTPAPI/2.0
      strict-transport-security:
      - max-age=31536000; includeSubDomains
      x-content-type-options:
      - nosniff
      x-ms-ratelimit-remaining-resource:
      - Microsoft.Compute/UpdateVM3Min;239,Microsoft.Compute/UpdateVM30Min;1198
      x-ms-ratelimit-remaining-subscription-writes:
      - '1199'
    status:
      code: 200
      message: OK
- request:
    body: null
    headers:
      Accept:
      - application/json
      Accept-Encoding:
      - gzip, deflate
      CommandName:
      - image create
      Connection:
      - keep-alive
      ParameterSetName:
      - -g -n --source
      User-Agent:
      - AZURECLI/2.32.0 azsdk-python-azure-mgmt-compute/23.1.0 Python/3.9.5 (Windows-10-10.0.19044-SP0)
    method: GET
    uri: https://management.azure.com/subscriptions/00000000-0000-0000-0000-000000000000/resourceGroups/clitest.rg000001/providers/Microsoft.Compute/virtualMachines/vm_000007?api-version=2021-07-01
  response:
    body:
      string: "{\r\n  \"name\": \"vm_000007\",\r\n  \"id\": \"/subscriptions/00000000-0000-0000-0000-000000000000/resourceGroups/clitest.rg000001/providers/Microsoft.Compute/virtualMachines/vm_000007\",\r\n
        \ \"type\": \"Microsoft.Compute/virtualMachines\",\r\n  \"location\": \"westus\",\r\n
        \ \"tags\": {},\r\n  \"properties\": {\r\n    \"vmId\": \"7bf829c0-4622-45ef-af5d-23dd4b1de969\",\r\n
        \   \"hardwareProfile\": {\r\n      \"vmSize\": \"Standard_DS1_v2\"\r\n    },\r\n
        \   \"storageProfile\": {\r\n      \"imageReference\": {\r\n        \"publisher\":
        \"Canonical\",\r\n        \"offer\": \"UbuntuServer\",\r\n        \"sku\":
        \"18.04-LTS\",\r\n        \"version\": \"latest\",\r\n        \"exactVersion\":
        \"18.04.202201180\"\r\n      },\r\n      \"osDisk\": {\r\n        \"osType\":
        \"Linux\",\r\n        \"name\": \"vm_000007_disk1_7504f9586b1941da91f66c31b8c1257e\",\r\n
        \       \"createOption\": \"FromImage\",\r\n        \"caching\": \"ReadWrite\",\r\n
        \       \"managedDisk\": {\r\n          \"id\": \"/subscriptions/00000000-0000-0000-0000-000000000000/resourceGroups/clitest.rg000001/providers/Microsoft.Compute/disks/vm_000007_disk1_7504f9586b1941da91f66c31b8c1257e\"\r\n
        \       },\r\n        \"deleteOption\": \"Detach\"\r\n      },\r\n      \"dataDisks\":
        []\r\n    },\r\n    \"osProfile\": {\r\n      \"computerName\": \"vmfdan5xx\",\r\n
        \     \"adminUsername\": \"zelinwang\",\r\n      \"linuxConfiguration\": {\r\n
        \       \"disablePasswordAuthentication\": true,\r\n        \"ssh\": {\r\n
        \         \"publicKeys\": [\r\n            {\r\n              \"path\": \"/home/zelinwang/.ssh/authorized_keys\",\r\n
        \             \"keyData\": \"ssh-rsa AAAAB3NzaC1yc2EAAAADAQABAAABAQDRUxHnTSwVC2KG4KOmwmJoVqO8XQdhUuU/AYgHaCK8sNWgvXerEw/vWus6IMDJkacZxf3QoIN2feWl9l6vxTrK0ePpBrvVX1XQJ710wB4dW5XuKfQwNohLFfIshaoe8JXyU9bzHa4LmkYORB1JhOOHbQuYwtEpTApF5vPqjXA5viSP1wbyTlhdJ4GjE9oVTGKBeP/R6trnaD8x2rWwysXh3kb1x4KgmHWEevsMemA2RglfdWoru5Vke77zoyEsSQwJvoUGEvaGNxj5mDEje+nMNOJUYClsxB6nhPxpikbKm+R5V3ANhA+F2h+ID1yFawlt+tdeKrNS8g6XZ4VTIZ99\"\r\n
        \           }\r\n          ]\r\n        },\r\n        \"provisionVMAgent\":
        true,\r\n        \"patchSettings\": {\r\n          \"patchMode\": \"ImageDefault\",\r\n
        \         \"assessmentMode\": \"ImageDefault\"\r\n        }\r\n      },\r\n
        \     \"secrets\": [],\r\n      \"allowExtensionOperations\": true,\r\n      \"requireGuestProvisionSignal\":
        true\r\n    },\r\n    \"networkProfile\": {\"networkInterfaces\":[{\"id\":\"/subscriptions/00000000-0000-0000-0000-000000000000/resourceGroups/clitest.rg000001/providers/Microsoft.Network/networkInterfaces/vm_000007VMNic\"}]},\r\n
        \   \"provisioningState\": \"Succeeded\"\r\n  }\r\n}"
    headers:
      cache-control:
      - no-cache
      content-length:
      - '2397'
      content-type:
      - application/json; charset=utf-8
      date:
      - Thu, 27 Jan 2022 00:41:10 GMT
      expires:
      - '-1'
      pragma:
      - no-cache
      server:
      - Microsoft-HTTPAPI/2.0
      - Microsoft-HTTPAPI/2.0
      strict-transport-security:
      - max-age=31536000; includeSubDomains
      transfer-encoding:
      - chunked
      vary:
      - Accept-Encoding
      x-content-type-options:
      - nosniff
      x-ms-ratelimit-remaining-resource:
      - Microsoft.Compute/LowCostGet3Min;3986,Microsoft.Compute/LowCostGet30Min;31906
    status:
      code: 200
      message: OK
- request:
    body: '{"location": "westus", "tags": {}, "properties": {"sourceVirtualMachine":
      {"id": "/subscriptions/00000000-0000-0000-0000-000000000000/resourceGroups/clitest.rg000001/providers/Microsoft.Compute/virtualMachines/vm_000007"},
      "hyperVGeneration": "V1"}}'
    headers:
      Accept:
      - application/json
      Accept-Encoding:
      - gzip, deflate
      CommandName:
      - image create
      Connection:
      - keep-alive
      Content-Length:
      - '249'
      Content-Type:
      - application/json
      ParameterSetName:
      - -g -n --source
      User-Agent:
      - AZURECLI/2.32.0 azsdk-python-azure-mgmt-compute/23.1.0 Python/3.9.5 (Windows-10-10.0.19044-SP0)
    method: PUT
    uri: https://management.azure.com/subscriptions/00000000-0000-0000-0000-000000000000/resourceGroups/clitest.rg000001/providers/Microsoft.Compute/images/img_000008?api-version=2021-07-01
  response:
    body:
      string: "{\r\n  \"name\": \"img_000008\",\r\n  \"id\": \"/subscriptions/00000000-0000-0000-0000-000000000000/resourceGroups/clitest.rg000001/providers/Microsoft.Compute/images/img_000008\",\r\n
        \ \"type\": \"Microsoft.Compute/images\",\r\n  \"location\": \"westus\",\r\n
        \ \"tags\": {},\r\n  \"properties\": {\r\n    \"sourceVirtualMachine\": {\r\n
        \     \"id\": \"/subscriptions/00000000-0000-0000-0000-000000000000/resourceGroups/clitest.rg000001/providers/Microsoft.Compute/virtualMachines/vm_000007\"\r\n
        \   },\r\n    \"storageProfile\": {\r\n      \"osDisk\": {\r\n        \"osType\":
        \"Linux\",\r\n        \"osState\": \"Generalized\",\r\n        \"managedDisk\":
        {\r\n          \"id\": \"/subscriptions/00000000-0000-0000-0000-000000000000/resourceGroups/clitest.rg000001/providers/Microsoft.Compute/disks/vm_000007_disk1_7504f9586b1941da91f66c31b8c1257e\"\r\n
        \       },\r\n        \"caching\": \"ReadWrite\",\r\n        \"storageAccountType\":
        \"Premium_LRS\"\r\n      },\r\n      \"dataDisks\": []\r\n    },\r\n    \"provisioningState\":
        \"Creating\",\r\n    \"hyperVGeneration\": \"V1\"\r\n  }\r\n}"
    headers:
      azure-asyncnotification:
      - Enabled
      azure-asyncoperation:
      - https://management.azure.com/subscriptions/00000000-0000-0000-0000-000000000000/providers/Microsoft.Compute/locations/westus/operations/0720a29d-4061-4844-a132-de81a97aa94e?p=571046f6-b640-41c1-86f7-f9f044b5adf9&api-version=2021-07-01
      cache-control:
      - no-cache
      content-length:
      - '984'
      content-type:
      - application/json; charset=utf-8
      date:
      - Thu, 27 Jan 2022 00:41:19 GMT
      expires:
      - '-1'
      pragma:
      - no-cache
      server:
      - Microsoft-HTTPAPI/2.0
      - Microsoft-HTTPAPI/2.0
      strict-transport-security:
      - max-age=31536000; includeSubDomains
      x-content-type-options:
      - nosniff
      x-ms-ratelimit-remaining-resource:
      - Microsoft.Compute/CreateImages3Min;39,Microsoft.Compute/CreateImages30Min;198
      x-ms-ratelimit-remaining-subscription-writes:
      - '1195'
    status:
      code: 201
      message: Created
- request:
    body: null
    headers:
      Accept:
      - '*/*'
      Accept-Encoding:
      - gzip, deflate
      CommandName:
      - image create
      Connection:
      - keep-alive
      ParameterSetName:
      - -g -n --source
      User-Agent:
      - AZURECLI/2.32.0 azsdk-python-azure-mgmt-compute/23.1.0 Python/3.9.5 (Windows-10-10.0.19044-SP0)
    method: GET
    uri: https://management.azure.com/subscriptions/00000000-0000-0000-0000-000000000000/providers/Microsoft.Compute/locations/westus/operations/0720a29d-4061-4844-a132-de81a97aa94e?p=571046f6-b640-41c1-86f7-f9f044b5adf9&api-version=2021-07-01
  response:
    body:
      string: "{\r\n  \"startTime\": \"2022-01-27T00:41:18.6703836+00:00\",\r\n  \"endTime\":
        \"2022-01-27T00:41:23.7641637+00:00\",\r\n  \"status\": \"Succeeded\",\r\n
        \ \"name\": \"0720a29d-4061-4844-a132-de81a97aa94e\"\r\n}"
    headers:
      cache-control:
      - no-cache
      content-length:
      - '184'
      content-type:
      - application/json; charset=utf-8
      date:
      - Thu, 27 Jan 2022 00:41:49 GMT
      expires:
      - '-1'
      pragma:
      - no-cache
      server:
      - Microsoft-HTTPAPI/2.0
      - Microsoft-HTTPAPI/2.0
      strict-transport-security:
      - max-age=31536000; includeSubDomains
      transfer-encoding:
      - chunked
      vary:
      - Accept-Encoding
      x-content-type-options:
      - nosniff
      x-ms-ratelimit-remaining-resource:
      - Microsoft.Compute/GetOperation3Min;14955,Microsoft.Compute/GetOperation30Min;29853
    status:
      code: 200
      message: OK
- request:
    body: null
    headers:
      Accept:
      - '*/*'
      Accept-Encoding:
      - gzip, deflate
      CommandName:
      - image create
      Connection:
      - keep-alive
      ParameterSetName:
      - -g -n --source
      User-Agent:
      - AZURECLI/2.32.0 azsdk-python-azure-mgmt-compute/23.1.0 Python/3.9.5 (Windows-10-10.0.19044-SP0)
    method: GET
    uri: https://management.azure.com/subscriptions/00000000-0000-0000-0000-000000000000/resourceGroups/clitest.rg000001/providers/Microsoft.Compute/images/img_000008?api-version=2021-07-01
  response:
    body:
      string: "{\r\n  \"name\": \"img_000008\",\r\n  \"id\": \"/subscriptions/00000000-0000-0000-0000-000000000000/resourceGroups/clitest.rg000001/providers/Microsoft.Compute/images/img_000008\",\r\n
        \ \"type\": \"Microsoft.Compute/images\",\r\n  \"location\": \"westus\",\r\n
        \ \"tags\": {},\r\n  \"properties\": {\r\n    \"sourceVirtualMachine\": {\r\n
        \     \"id\": \"/subscriptions/00000000-0000-0000-0000-000000000000/resourceGroups/clitest.rg000001/providers/Microsoft.Compute/virtualMachines/vm_000007\"\r\n
        \   },\r\n    \"storageProfile\": {\r\n      \"osDisk\": {\r\n        \"osType\":
        \"Linux\",\r\n        \"osState\": \"Generalized\",\r\n        \"diskSizeGB\":
        30,\r\n        \"managedDisk\": {\r\n          \"id\": \"/subscriptions/00000000-0000-0000-0000-000000000000/resourceGroups/clitest.rg000001/providers/Microsoft.Compute/disks/vm_000007_disk1_7504f9586b1941da91f66c31b8c1257e\"\r\n
        \       },\r\n        \"caching\": \"ReadWrite\",\r\n        \"storageAccountType\":
        \"Premium_LRS\"\r\n      },\r\n      \"dataDisks\": []\r\n    },\r\n    \"provisioningState\":
        \"Succeeded\",\r\n    \"hyperVGeneration\": \"V1\"\r\n  }\r\n}"
    headers:
      cache-control:
      - no-cache
      content-length:
      - '1012'
      content-type:
      - application/json; charset=utf-8
      date:
      - Thu, 27 Jan 2022 00:41:49 GMT
      expires:
      - '-1'
      pragma:
      - no-cache
      server:
      - Microsoft-HTTPAPI/2.0
      - Microsoft-HTTPAPI/2.0
      strict-transport-security:
      - max-age=31536000; includeSubDomains
      transfer-encoding:
      - chunked
      vary:
      - Accept-Encoding
      x-content-type-options:
      - nosniff
      x-ms-ratelimit-remaining-resource:
      - Microsoft.Compute/GetImages3Min;358,Microsoft.Compute/GetImages30Min;1781
    status:
      code: 200
      message: OK
- request:
    body: '{"location": "westus", "tags": {}, "properties": {"publishingProfile":
      {"targetRegions": [{"name": "westus"}], "replicationMode": "Full"}, "storageProfile":
      {"source": {"id": "/subscriptions/00000000-0000-0000-0000-000000000000/resourceGroups/clitest.rg000001/providers/Microsoft.Compute/images/img_000008"}}}}'
    headers:
      Accept:
      - application/json
      Accept-Encoding:
      - gzip, deflate
      CommandName:
      - sig image-version create
      Connection:
      - keep-alive
      Content-Length:
      - '310'
      Content-Type:
      - application/json
      ParameterSetName:
      - --replication-mode -g -r -i -e --managed-image
      User-Agent:
      - AZURECLI/2.32.0 azsdk-python-azure-mgmt-compute/23.1.0 Python/3.9.5 (Windows-10-10.0.19044-SP0)
    method: PUT
    uri: https://management.azure.com/subscriptions/00000000-0000-0000-0000-000000000000/resourceGroups/clitest.rg000001/providers/Microsoft.Compute/galleries/sig_000002/images/def_000003/versions/1.1.1?api-version=2021-07-01
  response:
    body:
      string: "{\r\n  \"name\": \"1.1.1\",\r\n  \"id\": \"/subscriptions/00000000-0000-0000-0000-000000000000/resourceGroups/clitest.rg000001/providers/Microsoft.Compute/galleries/sig_000002/images/def_000003/versions/1.1.1\",\r\n
        \ \"type\": \"Microsoft.Compute/galleries/images/versions\",\r\n  \"location\":
        \"westus\",\r\n  \"tags\": {},\r\n  \"properties\": {\r\n    \"publishingProfile\":
        {\r\n      \"targetRegions\": [\r\n        {\r\n          \"name\": \"West
        US\",\r\n          \"regionalReplicaCount\": 1,\r\n          \"storageAccountType\":
        \"Standard_LRS\"\r\n        }\r\n      ],\r\n      \"replicaCount\": 1,\r\n
        \     \"excludeFromLatest\": false,\r\n      \"publishedDate\": \"2022-01-27T00:41:56.0344349+00:00\",\r\n
        \     \"storageAccountType\": \"Standard_LRS\",\r\n      \"replicationMode\":
        \"Full\"\r\n    },\r\n    \"storageProfile\": {\r\n      \"source\": {\r\n
        \       \"id\": \"/subscriptions/00000000-0000-0000-0000-000000000000/resourceGroups/clitest.rg000001/providers/Microsoft.Compute/images/img_000008\"\r\n
        \     }\r\n    },\r\n    \"provisioningState\": \"Creating\"\r\n  }\r\n}"
    headers:
      azure-asyncoperation:
      - https://management.azure.com/subscriptions/00000000-0000-0000-0000-000000000000/providers/Microsoft.Compute/locations/westus/capsOperations/f919162e-379f-4eaa-8321-f779f1de4624?api-version=2021-07-01
      cache-control:
      - no-cache
      content-length:
      - '979'
      content-type:
      - application/json; charset=utf-8
      date:
      - Thu, 27 Jan 2022 00:41:57 GMT
      expires:
      - '-1'
      pragma:
      - no-cache
      server:
      - Microsoft-HTTPAPI/2.0
      - Microsoft-HTTPAPI/2.0
      strict-transport-security:
      - max-age=31536000; includeSubDomains
      x-content-type-options:
      - nosniff
      x-ms-ratelimit-remaining-resource:
      - Microsoft.Compute/CreateUpdateGalleryImageVersion3Min;374,Microsoft.Compute/CreateUpdateGalleryImageVersion30Min;1195
      x-ms-ratelimit-remaining-subscription-writes:
      - '1194'
    status:
      code: 201
      message: Created
- request:
    body: null
    headers:
      Accept:
      - '*/*'
      Accept-Encoding:
      - gzip, deflate
      CommandName:
      - sig image-version create
      Connection:
      - keep-alive
      ParameterSetName:
      - --replication-mode -g -r -i -e --managed-image
      User-Agent:
      - AZURECLI/2.32.0 azsdk-python-azure-mgmt-compute/23.1.0 Python/3.9.5 (Windows-10-10.0.19044-SP0)
    method: GET
    uri: https://management.azure.com/subscriptions/00000000-0000-0000-0000-000000000000/providers/Microsoft.Compute/locations/westus/capsOperations/f919162e-379f-4eaa-8321-f779f1de4624?api-version=2021-07-01
  response:
    body:
      string: "{\r\n  \"startTime\": \"2022-01-27T00:41:56.0344349+00:00\",\r\n  \"status\":
        \"InProgress\",\r\n  \"name\": \"f919162e-379f-4eaa-8321-f779f1de4624\"\r\n}"
    headers:
      cache-control:
      - no-cache
      content-length:
      - '134'
      content-type:
      - application/json; charset=utf-8
      date:
      - Thu, 27 Jan 2022 00:42:57 GMT
      expires:
      - '-1'
      pragma:
      - no-cache
      server:
      - Microsoft-HTTPAPI/2.0
      - Microsoft-HTTPAPI/2.0
      strict-transport-security:
      - max-age=31536000; includeSubDomains
      transfer-encoding:
      - chunked
      vary:
      - Accept-Encoding
      x-content-type-options:
      - nosniff
      x-ms-ratelimit-remaining-resource:
      - Microsoft.Compute/GetOperationStatus3Min;1194,Microsoft.Compute/GetOperationStatus30Min;4071
    status:
      code: 200
      message: OK
- request:
    body: null
    headers:
      Accept:
      - '*/*'
      Accept-Encoding:
      - gzip, deflate
      CommandName:
      - sig image-version create
      Connection:
      - keep-alive
      ParameterSetName:
      - --replication-mode -g -r -i -e --managed-image
      User-Agent:
      - AZURECLI/2.32.0 azsdk-python-azure-mgmt-compute/23.1.0 Python/3.9.5 (Windows-10-10.0.19044-SP0)
    method: GET
    uri: https://management.azure.com/subscriptions/00000000-0000-0000-0000-000000000000/providers/Microsoft.Compute/locations/westus/capsOperations/f919162e-379f-4eaa-8321-f779f1de4624?api-version=2021-07-01
  response:
    body:
      string: "{\r\n  \"startTime\": \"2022-01-27T00:41:56.0344349+00:00\",\r\n  \"status\":
        \"InProgress\",\r\n  \"name\": \"f919162e-379f-4eaa-8321-f779f1de4624\"\r\n}"
    headers:
      cache-control:
      - no-cache
      content-length:
      - '134'
      content-type:
      - application/json; charset=utf-8
      date:
      - Thu, 27 Jan 2022 00:43:58 GMT
      expires:
      - '-1'
      pragma:
      - no-cache
      server:
      - Microsoft-HTTPAPI/2.0
      - Microsoft-HTTPAPI/2.0
      strict-transport-security:
      - max-age=31536000; includeSubDomains
      transfer-encoding:
      - chunked
      vary:
      - Accept-Encoding
      x-content-type-options:
      - nosniff
      x-ms-ratelimit-remaining-resource:
      - Microsoft.Compute/GetOperationStatus3Min;1193,Microsoft.Compute/GetOperationStatus30Min;4068
    status:
      code: 200
      message: OK
- request:
    body: null
    headers:
      Accept:
      - '*/*'
      Accept-Encoding:
      - gzip, deflate
      CommandName:
      - sig image-version create
      Connection:
      - keep-alive
      ParameterSetName:
      - --replication-mode -g -r -i -e --managed-image
      User-Agent:
      - AZURECLI/2.32.0 azsdk-python-azure-mgmt-compute/23.1.0 Python/3.9.5 (Windows-10-10.0.19044-SP0)
    method: GET
    uri: https://management.azure.com/subscriptions/00000000-0000-0000-0000-000000000000/providers/Microsoft.Compute/locations/westus/capsOperations/f919162e-379f-4eaa-8321-f779f1de4624?api-version=2021-07-01
  response:
    body:
      string: "{\r\n  \"startTime\": \"2022-01-27T00:41:56.0344349+00:00\",\r\n  \"status\":
        \"InProgress\",\r\n  \"name\": \"f919162e-379f-4eaa-8321-f779f1de4624\"\r\n}"
    headers:
      cache-control:
      - no-cache
      content-length:
      - '134'
      content-type:
      - application/json; charset=utf-8
      date:
      - Thu, 27 Jan 2022 00:44:58 GMT
      expires:
      - '-1'
      pragma:
      - no-cache
      server:
      - Microsoft-HTTPAPI/2.0
      - Microsoft-HTTPAPI/2.0
      strict-transport-security:
      - max-age=31536000; includeSubDomains
      transfer-encoding:
      - chunked
      vary:
      - Accept-Encoding
      x-content-type-options:
      - nosniff
      x-ms-ratelimit-remaining-resource:
      - Microsoft.Compute/GetOperationStatus3Min;1192,Microsoft.Compute/GetOperationStatus30Min;4065
    status:
      code: 200
      message: OK
- request:
    body: null
    headers:
      Accept:
      - '*/*'
      Accept-Encoding:
      - gzip, deflate
      CommandName:
      - sig image-version create
      Connection:
      - keep-alive
      ParameterSetName:
      - --replication-mode -g -r -i -e --managed-image
      User-Agent:
      - AZURECLI/2.32.0 azsdk-python-azure-mgmt-compute/23.1.0 Python/3.9.5 (Windows-10-10.0.19044-SP0)
    method: GET
    uri: https://management.azure.com/subscriptions/00000000-0000-0000-0000-000000000000/providers/Microsoft.Compute/locations/westus/capsOperations/f919162e-379f-4eaa-8321-f779f1de4624?api-version=2021-07-01
  response:
    body:
      string: "{\r\n  \"startTime\": \"2022-01-27T00:41:56.0344349+00:00\",\r\n  \"status\":
        \"InProgress\",\r\n  \"name\": \"f919162e-379f-4eaa-8321-f779f1de4624\"\r\n}"
    headers:
      cache-control:
      - no-cache
      content-length:
      - '134'
      content-type:
      - application/json; charset=utf-8
      date:
      - Thu, 27 Jan 2022 00:45:59 GMT
      expires:
      - '-1'
      pragma:
      - no-cache
      server:
      - Microsoft-HTTPAPI/2.0
      - Microsoft-HTTPAPI/2.0
      strict-transport-security:
      - max-age=31536000; includeSubDomains
      transfer-encoding:
      - chunked
      vary:
      - Accept-Encoding
      x-content-type-options:
      - nosniff
      x-ms-ratelimit-remaining-resource:
      - Microsoft.Compute/GetOperationStatus3Min;1193,Microsoft.Compute/GetOperationStatus30Min;4086
    status:
      code: 200
      message: OK
- request:
    body: null
    headers:
      Accept:
      - '*/*'
      Accept-Encoding:
      - gzip, deflate
      CommandName:
      - sig image-version create
      Connection:
      - keep-alive
      ParameterSetName:
      - --replication-mode -g -r -i -e --managed-image
      User-Agent:
      - AZURECLI/2.32.0 azsdk-python-azure-mgmt-compute/23.1.0 Python/3.9.5 (Windows-10-10.0.19044-SP0)
    method: GET
    uri: https://management.azure.com/subscriptions/00000000-0000-0000-0000-000000000000/providers/Microsoft.Compute/locations/westus/capsOperations/f919162e-379f-4eaa-8321-f779f1de4624?api-version=2021-07-01
  response:
    body:
      string: "{\r\n  \"startTime\": \"2022-01-27T00:41:56.0344349+00:00\",\r\n  \"status\":
        \"InProgress\",\r\n  \"name\": \"f919162e-379f-4eaa-8321-f779f1de4624\"\r\n}"
    headers:
      cache-control:
      - no-cache
      content-length:
      - '134'
      content-type:
      - application/json; charset=utf-8
      date:
      - Thu, 27 Jan 2022 00:47:00 GMT
      expires:
      - '-1'
      pragma:
      - no-cache
      server:
      - Microsoft-HTTPAPI/2.0
      - Microsoft-HTTPAPI/2.0
      strict-transport-security:
      - max-age=31536000; includeSubDomains
      transfer-encoding:
      - chunked
      vary:
      - Accept-Encoding
      x-content-type-options:
      - nosniff
      x-ms-ratelimit-remaining-resource:
      - Microsoft.Compute/GetOperationStatus3Min;1192,Microsoft.Compute/GetOperationStatus30Min;4083
    status:
      code: 200
      message: OK
- request:
    body: null
    headers:
      Accept:
      - '*/*'
      Accept-Encoding:
      - gzip, deflate
      CommandName:
      - sig image-version create
      Connection:
      - keep-alive
      ParameterSetName:
      - --replication-mode -g -r -i -e --managed-image
      User-Agent:
      - AZURECLI/2.32.0 azsdk-python-azure-mgmt-compute/23.1.0 Python/3.9.5 (Windows-10-10.0.19044-SP0)
    method: GET
    uri: https://management.azure.com/subscriptions/00000000-0000-0000-0000-000000000000/providers/Microsoft.Compute/locations/westus/capsOperations/f919162e-379f-4eaa-8321-f779f1de4624?api-version=2021-07-01
  response:
    body:
      string: "{\r\n  \"startTime\": \"2022-01-27T00:41:56.0344349+00:00\",\r\n  \"status\":
        \"InProgress\",\r\n  \"name\": \"f919162e-379f-4eaa-8321-f779f1de4624\"\r\n}"
    headers:
      cache-control:
      - no-cache
      content-length:
      - '134'
      content-type:
      - application/json; charset=utf-8
      date:
      - Thu, 27 Jan 2022 00:48:01 GMT
      expires:
      - '-1'
      pragma:
      - no-cache
      server:
      - Microsoft-HTTPAPI/2.0
      - Microsoft-HTTPAPI/2.0
      strict-transport-security:
      - max-age=31536000; includeSubDomains
      transfer-encoding:
      - chunked
      vary:
      - Accept-Encoding
      x-content-type-options:
      - nosniff
      x-ms-ratelimit-remaining-resource:
      - Microsoft.Compute/GetOperationStatus3Min;1192,Microsoft.Compute/GetOperationStatus30Min;4080
    status:
      code: 200
      message: OK
- request:
    body: null
    headers:
      Accept:
      - '*/*'
      Accept-Encoding:
      - gzip, deflate
      CommandName:
      - sig image-version create
      Connection:
      - keep-alive
      ParameterSetName:
      - --replication-mode -g -r -i -e --managed-image
      User-Agent:
      - AZURECLI/2.32.0 azsdk-python-azure-mgmt-compute/23.1.0 Python/3.9.5 (Windows-10-10.0.19044-SP0)
    method: GET
    uri: https://management.azure.com/subscriptions/00000000-0000-0000-0000-000000000000/providers/Microsoft.Compute/locations/westus/capsOperations/f919162e-379f-4eaa-8321-f779f1de4624?api-version=2021-07-01
  response:
    body:
      string: "{\r\n  \"startTime\": \"2022-01-27T00:41:56.0344349+00:00\",\r\n  \"status\":
        \"InProgress\",\r\n  \"name\": \"f919162e-379f-4eaa-8321-f779f1de4624\"\r\n}"
    headers:
      cache-control:
      - no-cache
      content-length:
      - '134'
      content-type:
      - application/json; charset=utf-8
      date:
      - Thu, 27 Jan 2022 00:49:02 GMT
      expires:
      - '-1'
      pragma:
      - no-cache
      server:
      - Microsoft-HTTPAPI/2.0
      - Microsoft-HTTPAPI/2.0
      strict-transport-security:
      - max-age=31536000; includeSubDomains
      transfer-encoding:
      - chunked
      vary:
      - Accept-Encoding
      x-content-type-options:
      - nosniff
      x-ms-ratelimit-remaining-resource:
      - Microsoft.Compute/GetOperationStatus3Min;1194,Microsoft.Compute/GetOperationStatus30Min;4078
    status:
      code: 200
      message: OK
- request:
    body: null
    headers:
      Accept:
      - '*/*'
      Accept-Encoding:
      - gzip, deflate
      CommandName:
      - sig image-version create
      Connection:
      - keep-alive
      ParameterSetName:
      - --replication-mode -g -r -i -e --managed-image
      User-Agent:
      - AZURECLI/2.32.0 azsdk-python-azure-mgmt-compute/23.1.0 Python/3.9.5 (Windows-10-10.0.19044-SP0)
    method: GET
    uri: https://management.azure.com/subscriptions/00000000-0000-0000-0000-000000000000/providers/Microsoft.Compute/locations/westus/capsOperations/f919162e-379f-4eaa-8321-f779f1de4624?api-version=2021-07-01
  response:
    body:
      string: "{\r\n  \"startTime\": \"2022-01-27T00:41:56.0344349+00:00\",\r\n  \"status\":
        \"InProgress\",\r\n  \"name\": \"f919162e-379f-4eaa-8321-f779f1de4624\"\r\n}"
    headers:
      cache-control:
      - no-cache
      content-length:
      - '134'
      content-type:
      - application/json; charset=utf-8
      date:
      - Thu, 27 Jan 2022 00:50:02 GMT
      expires:
      - '-1'
      pragma:
      - no-cache
      server:
      - Microsoft-HTTPAPI/2.0
      - Microsoft-HTTPAPI/2.0
      strict-transport-security:
      - max-age=31536000; includeSubDomains
      transfer-encoding:
      - chunked
      vary:
      - Accept-Encoding
      x-content-type-options:
      - nosniff
      x-ms-ratelimit-remaining-resource:
      - Microsoft.Compute/GetOperationStatus3Min;1195,Microsoft.Compute/GetOperationStatus30Min;4105
    status:
      code: 200
      message: OK
- request:
    body: null
    headers:
      Accept:
      - '*/*'
      Accept-Encoding:
      - gzip, deflate
      CommandName:
      - sig image-version create
      Connection:
      - keep-alive
      ParameterSetName:
      - --replication-mode -g -r -i -e --managed-image
      User-Agent:
      - AZURECLI/2.32.0 azsdk-python-azure-mgmt-compute/23.1.0 Python/3.9.5 (Windows-10-10.0.19044-SP0)
    method: GET
    uri: https://management.azure.com/subscriptions/00000000-0000-0000-0000-000000000000/providers/Microsoft.Compute/locations/westus/capsOperations/f919162e-379f-4eaa-8321-f779f1de4624?api-version=2021-07-01
  response:
    body:
      string: "{\r\n  \"startTime\": \"2022-01-27T00:41:56.0344349+00:00\",\r\n  \"endTime\":
        \"2022-01-27T00:50:11.8786504+00:00\",\r\n  \"status\": \"Succeeded\",\r\n
        \ \"name\": \"f919162e-379f-4eaa-8321-f779f1de4624\"\r\n}"
    headers:
      cache-control:
      - no-cache
      content-length:
      - '184'
      content-type:
      - application/json; charset=utf-8
      date:
      - Thu, 27 Jan 2022 00:51:02 GMT
      expires:
      - '-1'
      pragma:
      - no-cache
      server:
      - Microsoft-HTTPAPI/2.0
      - Microsoft-HTTPAPI/2.0
      strict-transport-security:
      - max-age=31536000; includeSubDomains
      transfer-encoding:
      - chunked
      vary:
      - Accept-Encoding
      x-content-type-options:
      - nosniff
      x-ms-ratelimit-remaining-resource:
      - Microsoft.Compute/GetOperationStatus3Min;1195,Microsoft.Compute/GetOperationStatus30Min;4103
    status:
      code: 200
      message: OK
- request:
    body: null
    headers:
      Accept:
      - '*/*'
      Accept-Encoding:
      - gzip, deflate
      CommandName:
      - sig image-version create
      Connection:
      - keep-alive
      ParameterSetName:
      - --replication-mode -g -r -i -e --managed-image
      User-Agent:
      - AZURECLI/2.32.0 azsdk-python-azure-mgmt-compute/23.1.0 Python/3.9.5 (Windows-10-10.0.19044-SP0)
    method: GET
    uri: https://management.azure.com/subscriptions/00000000-0000-0000-0000-000000000000/resourceGroups/clitest.rg000001/providers/Microsoft.Compute/galleries/sig_000002/images/def_000003/versions/1.1.1?api-version=2021-07-01
  response:
    body:
      string: "{\r\n  \"name\": \"1.1.1\",\r\n  \"id\": \"/subscriptions/00000000-0000-0000-0000-000000000000/resourceGroups/clitest.rg000001/providers/Microsoft.Compute/galleries/sig_000002/images/def_000003/versions/1.1.1\",\r\n
        \ \"type\": \"Microsoft.Compute/galleries/images/versions\",\r\n  \"location\":
        \"westus\",\r\n  \"tags\": {},\r\n  \"properties\": {\r\n    \"publishingProfile\":
        {\r\n      \"targetRegions\": [\r\n        {\r\n          \"name\": \"West
        US\",\r\n          \"regionalReplicaCount\": 1,\r\n          \"storageAccountType\":
        \"Standard_LRS\"\r\n        }\r\n      ],\r\n      \"replicaCount\": 1,\r\n
        \     \"excludeFromLatest\": false,\r\n      \"publishedDate\": \"2022-01-27T00:41:56.0344349+00:00\",\r\n
        \     \"storageAccountType\": \"Standard_LRS\",\r\n      \"replicationMode\":
        \"Full\"\r\n    },\r\n    \"storageProfile\": {\r\n      \"source\": {\r\n
        \       \"id\": \"/subscriptions/00000000-0000-0000-0000-000000000000/resourceGroups/clitest.rg000001/providers/Microsoft.Compute/images/img_000008\"\r\n
        \     },\r\n      \"osDiskImage\": {\r\n        \"sizeInGB\": 30,\r\n        \"hostCaching\":
        \"ReadWrite\",\r\n        \"source\": {}\r\n      }\r\n    },\r\n    \"provisioningState\":
        \"Succeeded\"\r\n  }\r\n}"
    headers:
      cache-control:
      - no-cache
      content-length:
      - '1098'
      content-type:
      - application/json; charset=utf-8
      date:
      - Thu, 27 Jan 2022 00:51:02 GMT
      expires:
      - '-1'
      pragma:
      - no-cache
      server:
      - Microsoft-HTTPAPI/2.0
      - Microsoft-HTTPAPI/2.0
      strict-transport-security:
      - max-age=31536000; includeSubDomains
      transfer-encoding:
      - chunked
      vary:
      - Accept-Encoding
      x-content-type-options:
      - nosniff
      x-ms-ratelimit-remaining-resource:
      - Microsoft.Compute/GetGalleryImageVersion3Min;1998,Microsoft.Compute/GetGalleryImageVersion30Min;9965
    status:
      code: 200
      message: OK
- request:
    body: null
    headers:
      Accept:
      - application/json
      Accept-Encoding:
      - gzip, deflate
      CommandName:
      - sig image-version show
      Connection:
      - keep-alive
      ParameterSetName:
      - -g -r -i -e
      User-Agent:
      - AZURECLI/2.32.0 azsdk-python-azure-mgmt-compute/23.1.0 Python/3.9.5 (Windows-10-10.0.19044-SP0)
    method: GET
    uri: https://management.azure.com/subscriptions/00000000-0000-0000-0000-000000000000/resourceGroups/clitest.rg000001/providers/Microsoft.Compute/galleries/sig_000002/images/def_000003/versions/1.1.1?api-version=2021-07-01
  response:
    body:
      string: "{\r\n  \"name\": \"1.1.1\",\r\n  \"id\": \"/subscriptions/00000000-0000-0000-0000-000000000000/resourceGroups/clitest.rg000001/providers/Microsoft.Compute/galleries/sig_000002/images/def_000003/versions/1.1.1\",\r\n
        \ \"type\": \"Microsoft.Compute/galleries/images/versions\",\r\n  \"location\":
        \"westus\",\r\n  \"tags\": {},\r\n  \"properties\": {\r\n    \"publishingProfile\":
        {\r\n      \"targetRegions\": [\r\n        {\r\n          \"name\": \"West
        US\",\r\n          \"regionalReplicaCount\": 1,\r\n          \"storageAccountType\":
        \"Standard_LRS\"\r\n        }\r\n      ],\r\n      \"replicaCount\": 1,\r\n
        \     \"excludeFromLatest\": false,\r\n      \"publishedDate\": \"2022-01-27T00:41:56.0344349+00:00\",\r\n
        \     \"storageAccountType\": \"Standard_LRS\",\r\n      \"replicationMode\":
        \"Full\"\r\n    },\r\n    \"storageProfile\": {\r\n      \"source\": {\r\n
        \       \"id\": \"/subscriptions/00000000-0000-0000-0000-000000000000/resourceGroups/clitest.rg000001/providers/Microsoft.Compute/images/img_000008\"\r\n
        \     },\r\n      \"osDiskImage\": {\r\n        \"sizeInGB\": 30,\r\n        \"hostCaching\":
        \"ReadWrite\",\r\n        \"source\": {}\r\n      }\r\n    },\r\n    \"provisioningState\":
        \"Succeeded\"\r\n  }\r\n}"
    headers:
      cache-control:
      - no-cache
      content-length:
      - '1098'
      content-type:
      - application/json; charset=utf-8
      date:
      - Thu, 27 Jan 2022 00:51:04 GMT
      expires:
      - '-1'
      pragma:
      - no-cache
      server:
      - Microsoft-HTTPAPI/2.0
      - Microsoft-HTTPAPI/2.0
      strict-transport-security:
      - max-age=31536000; includeSubDomains
      transfer-encoding:
      - chunked
      vary:
      - Accept-Encoding
      x-content-type-options:
      - nosniff
      x-ms-ratelimit-remaining-resource:
      - Microsoft.Compute/GetGalleryImageVersion3Min;1997,Microsoft.Compute/GetGalleryImageVersion30Min;9964
    status:
      code: 200
      message: OK
- request:
    body: '{"location": "westus", "tags": {}, "properties": {"publishingProfile":
      {"targetRegions": [{"name": "westus"}], "replicationMode": "Shallow"}, "storageProfile":
      {"source": {"id": "/subscriptions/00000000-0000-0000-0000-000000000000/resourceGroups/clitest.rg000001/providers/Microsoft.Compute/images/img_000008"}}}}'
    headers:
      Accept:
      - application/json
      Accept-Encoding:
      - gzip, deflate
      CommandName:
      - sig image-version create
      Connection:
      - keep-alive
      Content-Length:
      - '313'
      Content-Type:
      - application/json
      ParameterSetName:
      - --replication-mode -g -r -i -e --managed-image
      User-Agent:
      - AZURECLI/2.32.0 azsdk-python-azure-mgmt-compute/23.1.0 Python/3.9.5 (Windows-10-10.0.19044-SP0)
    method: PUT
    uri: https://management.azure.com/subscriptions/00000000-0000-0000-0000-000000000000/resourceGroups/clitest.rg000001/providers/Microsoft.Compute/galleries/sig_000002/images/def_000003/versions/1.1.2?api-version=2021-07-01
  response:
    body:
      string: "{\r\n  \"name\": \"1.1.2\",\r\n  \"id\": \"/subscriptions/00000000-0000-0000-0000-000000000000/resourceGroups/clitest.rg000001/providers/Microsoft.Compute/galleries/sig_000002/images/def_000003/versions/1.1.2\",\r\n
        \ \"type\": \"Microsoft.Compute/galleries/images/versions\",\r\n  \"location\":
        \"westus\",\r\n  \"tags\": {},\r\n  \"properties\": {\r\n    \"publishingProfile\":
        {\r\n      \"targetRegions\": [\r\n        {\r\n          \"name\": \"West
        US\",\r\n          \"regionalReplicaCount\": 1,\r\n          \"storageAccountType\":
        \"Standard_LRS\"\r\n        }\r\n      ],\r\n      \"replicaCount\": 1,\r\n
        \     \"excludeFromLatest\": false,\r\n      \"publishedDate\": \"2022-01-27T00:51:11.5192864+00:00\",\r\n
        \     \"storageAccountType\": \"Standard_LRS\",\r\n      \"replicationMode\":
        \"Shallow\"\r\n    },\r\n    \"storageProfile\": {\r\n      \"source\": {\r\n
        \       \"id\": \"/subscriptions/00000000-0000-0000-0000-000000000000/resourceGroups/clitest.rg000001/providers/Microsoft.Compute/images/img_000008\"\r\n
        \     }\r\n    },\r\n    \"provisioningState\": \"Creating\"\r\n  }\r\n}"
    headers:
      azure-asyncoperation:
      - https://management.azure.com/subscriptions/00000000-0000-0000-0000-000000000000/providers/Microsoft.Compute/locations/westus/capsOperations/9bef5ffc-1119-4ac2-9894-fc2cf987dc81?api-version=2021-07-01
      cache-control:
      - no-cache
      content-length:
      - '982'
      content-type:
      - application/json; charset=utf-8
      date:
      - Thu, 27 Jan 2022 00:51:12 GMT
      expires:
      - '-1'
      pragma:
      - no-cache
      server:
      - Microsoft-HTTPAPI/2.0
      - Microsoft-HTTPAPI/2.0
      strict-transport-security:
      - max-age=31536000; includeSubDomains
      x-content-type-options:
      - nosniff
      x-ms-ratelimit-remaining-resource:
      - Microsoft.Compute/CreateUpdateGalleryImageVersion3Min;374,Microsoft.Compute/CreateUpdateGalleryImageVersion30Min;1196
      x-ms-ratelimit-remaining-subscription-writes:
      - '1193'
    status:
      code: 201
      message: Created
- request:
    body: null
    headers:
      Accept:
      - '*/*'
      Accept-Encoding:
      - gzip, deflate
      CommandName:
      - sig image-version create
      Connection:
      - keep-alive
      ParameterSetName:
      - --replication-mode -g -r -i -e --managed-image
      User-Agent:
      - AZURECLI/2.32.0 azsdk-python-azure-mgmt-compute/23.1.0 Python/3.9.5 (Windows-10-10.0.19044-SP0)
    method: GET
    uri: https://management.azure.com/subscriptions/00000000-0000-0000-0000-000000000000/providers/Microsoft.Compute/locations/westus/capsOperations/9bef5ffc-1119-4ac2-9894-fc2cf987dc81?api-version=2021-07-01
  response:
    body:
      string: "{\r\n  \"startTime\": \"2022-01-27T00:51:11.5192864+00:00\",\r\n  \"endTime\":
        \"2022-01-27T00:51:56.6598907+00:00\",\r\n  \"status\": \"Succeeded\",\r\n
        \ \"name\": \"9bef5ffc-1119-4ac2-9894-fc2cf987dc81\"\r\n}"
    headers:
      cache-control:
      - no-cache
      content-length:
      - '184'
      content-type:
      - application/json; charset=utf-8
      date:
      - Thu, 27 Jan 2022 00:52:12 GMT
      expires:
      - '-1'
      pragma:
      - no-cache
      server:
      - Microsoft-HTTPAPI/2.0
      - Microsoft-HTTPAPI/2.0
      strict-transport-security:
      - max-age=31536000; includeSubDomains
      transfer-encoding:
      - chunked
      vary:
      - Accept-Encoding
      x-content-type-options:
      - nosniff
      x-ms-ratelimit-remaining-resource:
      - Microsoft.Compute/GetOperationStatus3Min;1194,Microsoft.Compute/GetOperationStatus30Min;4100
    status:
      code: 200
      message: OK
- request:
    body: null
    headers:
      Accept:
      - '*/*'
      Accept-Encoding:
      - gzip, deflate
      CommandName:
      - sig image-version create
      Connection:
      - keep-alive
      ParameterSetName:
      - --replication-mode -g -r -i -e --managed-image
      User-Agent:
      - AZURECLI/2.32.0 azsdk-python-azure-mgmt-compute/23.1.0 Python/3.9.5 (Windows-10-10.0.19044-SP0)
    method: GET
    uri: https://management.azure.com/subscriptions/00000000-0000-0000-0000-000000000000/resourceGroups/clitest.rg000001/providers/Microsoft.Compute/galleries/sig_000002/images/def_000003/versions/1.1.2?api-version=2021-07-01
  response:
    body:
      string: "{\r\n  \"name\": \"1.1.2\",\r\n  \"id\": \"/subscriptions/00000000-0000-0000-0000-000000000000/resourceGroups/clitest.rg000001/providers/Microsoft.Compute/galleries/sig_000002/images/def_000003/versions/1.1.2\",\r\n
        \ \"type\": \"Microsoft.Compute/galleries/images/versions\",\r\n  \"location\":
        \"westus\",\r\n  \"tags\": {},\r\n  \"properties\": {\r\n    \"publishingProfile\":
        {\r\n      \"targetRegions\": [\r\n        {\r\n          \"name\": \"West
        US\",\r\n          \"regionalReplicaCount\": 1,\r\n          \"storageAccountType\":
        \"Standard_LRS\"\r\n        }\r\n      ],\r\n      \"replicaCount\": 1,\r\n
        \     \"excludeFromLatest\": false,\r\n      \"publishedDate\": \"2022-01-27T00:51:11.5192864+00:00\",\r\n
        \     \"storageAccountType\": \"Standard_LRS\",\r\n      \"replicationMode\":
        \"Shallow\"\r\n    },\r\n    \"storageProfile\": {\r\n      \"source\": {\r\n
        \       \"id\": \"/subscriptions/00000000-0000-0000-0000-000000000000/resourceGroups/clitest.rg000001/providers/Microsoft.Compute/images/img_000008\"\r\n
        \     },\r\n      \"osDiskImage\": {\r\n        \"sizeInGB\": 30,\r\n        \"hostCaching\":
        \"ReadWrite\",\r\n        \"source\": {}\r\n      }\r\n    },\r\n    \"provisioningState\":
        \"Succeeded\"\r\n  }\r\n}"
    headers:
      cache-control:
      - no-cache
      content-length:
      - '1101'
      content-type:
      - application/json; charset=utf-8
      date:
      - Thu, 27 Jan 2022 00:52:12 GMT
      expires:
      - '-1'
      pragma:
      - no-cache
      server:
      - Microsoft-HTTPAPI/2.0
      - Microsoft-HTTPAPI/2.0
      strict-transport-security:
      - max-age=31536000; includeSubDomains
      transfer-encoding:
      - chunked
      vary:
      - Accept-Encoding
      x-content-type-options:
      - nosniff
      x-ms-ratelimit-remaining-resource:
      - Microsoft.Compute/GetGalleryImageVersion3Min;1990,Microsoft.Compute/GetGalleryImageVersion30Min;9956
    status:
      code: 200
      message: OK
- request:
    body: null
    headers:
      Accept:
      - application/json
      Accept-Encoding:
      - gzip, deflate
      CommandName:
      - sig image-version show
      Connection:
      - keep-alive
      ParameterSetName:
      - -g -r -i -e
      User-Agent:
      - AZURECLI/2.32.0 azsdk-python-azure-mgmt-compute/23.1.0 Python/3.9.5 (Windows-10-10.0.19044-SP0)
    method: GET
    uri: https://management.azure.com/subscriptions/00000000-0000-0000-0000-000000000000/resourceGroups/clitest.rg000001/providers/Microsoft.Compute/galleries/sig_000002/images/def_000003/versions/1.1.2?api-version=2021-07-01
  response:
    body:
      string: "{\r\n  \"name\": \"1.1.2\",\r\n  \"id\": \"/subscriptions/00000000-0000-0000-0000-000000000000/resourceGroups/clitest.rg000001/providers/Microsoft.Compute/galleries/sig_000002/images/def_000003/versions/1.1.2\",\r\n
        \ \"type\": \"Microsoft.Compute/galleries/images/versions\",\r\n  \"location\":
        \"westus\",\r\n  \"tags\": {},\r\n  \"properties\": {\r\n    \"publishingProfile\":
        {\r\n      \"targetRegions\": [\r\n        {\r\n          \"name\": \"West
        US\",\r\n          \"regionalReplicaCount\": 1,\r\n          \"storageAccountType\":
        \"Standard_LRS\"\r\n        }\r\n      ],\r\n      \"replicaCount\": 1,\r\n
        \     \"excludeFromLatest\": false,\r\n      \"publishedDate\": \"2022-01-27T00:51:11.5192864+00:00\",\r\n
        \     \"storageAccountType\": \"Standard_LRS\",\r\n      \"replicationMode\":
        \"Shallow\"\r\n    },\r\n    \"storageProfile\": {\r\n      \"source\": {\r\n
        \       \"id\": \"/subscriptions/00000000-0000-0000-0000-000000000000/resourceGroups/clitest.rg000001/providers/Microsoft.Compute/images/img_000008\"\r\n
        \     },\r\n      \"osDiskImage\": {\r\n        \"sizeInGB\": 30,\r\n        \"hostCaching\":
        \"ReadWrite\",\r\n        \"source\": {}\r\n      }\r\n    },\r\n    \"provisioningState\":
        \"Succeeded\"\r\n  }\r\n}"
    headers:
      cache-control:
      - no-cache
      content-length:
      - '1101'
      content-type:
      - application/json; charset=utf-8
      date:
      - Thu, 27 Jan 2022 00:52:15 GMT
      expires:
      - '-1'
      pragma:
      - no-cache
      server:
      - Microsoft-HTTPAPI/2.0
      - Microsoft-HTTPAPI/2.0
      strict-transport-security:
      - max-age=31536000; includeSubDomains
      transfer-encoding:
      - chunked
      vary:
      - Accept-Encoding
      x-content-type-options:
      - nosniff
      x-ms-ratelimit-remaining-resource:
      - Microsoft.Compute/GetGalleryImageVersion3Min;1988,Microsoft.Compute/GetGalleryImageVersion30Min;9954
    status:
      code: 200
      message: OK
version: 1
