interactions:
- request:
    body: null
    headers:
      Accept:
      - application/json
      Accept-Encoding:
      - gzip, deflate
      CommandName:
      - sig create
      Connection:
      - keep-alive
      ParameterSetName:
      - -g --gallery-name
      User-Agent:
      - AZURECLI/2.44.1 azsdk-python-azure-mgmt-resource/22.0.0 Python/3.10.9 (Linux-5.15.0-1031-azure-x86_64-with-glibc2.31)
        VSTS_7b238909-6802-4b65-b90d-184bca47f458_build_220_0
    method: GET
    uri: https://management.azure.com/subscriptions/00000000-0000-0000-0000-000000000000/resourcegroups/cli_test_target_extended_locations_encryption000001?api-version=2022-09-01
  response:
    body:
      string: '{"id":"/subscriptions/00000000-0000-0000-0000-000000000000/resourceGroups/cli_test_target_extended_locations_encryption000001","name":"cli_test_target_extended_locations_encryption000001","type":"Microsoft.Resources/resourceGroups","location":"westus","tags":{"product":"azurecli","cause":"automation","date":"2023-01-28T23:58:52Z"},"properties":{"provisioningState":"Succeeded"}}'
    headers:
      cache-control:
      - no-cache
      content-length:
      - '380'
      content-type:
      - application/json; charset=utf-8
      date:
      - Sat, 28 Jan 2023 23:59:33 GMT
      expires:
      - '-1'
      pragma:
      - no-cache
      strict-transport-security:
      - max-age=31536000; includeSubDomains
      vary:
      - Accept-Encoding
      x-content-type-options:
      - nosniff
    status:
      code: 200
      message: OK
- request:
    body: '{"location": "westus", "tags": {}}'
    headers:
      Accept:
      - application/json
      Accept-Encoding:
      - gzip, deflate
      CommandName:
      - sig create
      Connection:
      - keep-alive
      Content-Length:
      - '34'
      Content-Type:
      - application/json
      ParameterSetName:
      - -g --gallery-name
      User-Agent:
      - AZURECLI/2.44.1 azsdk-python-azure-mgmt-compute/29.0.0 Python/3.10.9 (Linux-5.15.0-1031-azure-x86_64-with-glibc2.31)
        VSTS_7b238909-6802-4b65-b90d-184bca47f458_build_220_0
    method: PUT
    uri: https://management.azure.com/subscriptions/00000000-0000-0000-0000-000000000000/resourceGroups/cli_test_target_extended_locations_encryption000001/providers/Microsoft.Compute/galleries/gallery_000003?api-version=2021-10-01
  response:
    body:
      string: "{\r\n  \"name\": \"gallery_000003\",\r\n  \"id\": \"/subscriptions/00000000-0000-0000-0000-000000000000/resourceGroups/cli_test_target_extended_locations_encryption000001/providers/Microsoft.Compute/galleries/gallery_000003\",\r\n
        \ \"type\": \"Microsoft.Compute/galleries\",\r\n  \"location\": \"westus\",\r\n
        \ \"tags\": {},\r\n  \"properties\": {\r\n    \"identifier\": {\r\n      \"uniqueName\":
        \"0b1f6471-1bf0-4dda-aec3-cb9272f09590-GALLERY_NSWKA3BST2VA\"\r\n    },\r\n
        \   \"provisioningState\": \"Creating\"\r\n  }\r\n}"
    headers:
      azure-asyncoperation:
      - https://management.azure.com/subscriptions/00000000-0000-0000-0000-000000000000/providers/Microsoft.Compute/locations/westus/capsOperations/9bb48bef-0d38-4736-94b4-84958636d8ee?api-version=2021-10-01
      cache-control:
      - no-cache
      content-length:
      - '470'
      content-type:
      - application/json; charset=utf-8
      date:
      - Sat, 28 Jan 2023 23:59:34 GMT
      expires:
      - '-1'
      pragma:
      - no-cache
      server:
      - Microsoft-HTTPAPI/2.0
      - Microsoft-HTTPAPI/2.0
      strict-transport-security:
      - max-age=31536000; includeSubDomains
      x-content-type-options:
      - nosniff
      x-ms-ratelimit-remaining-resource:
      - Microsoft.Compute/CreateUpdateGallery3Min;49,Microsoft.Compute/CreateUpdateGallery30Min;297
      x-ms-ratelimit-remaining-subscription-writes:
      - '1199'
    status:
      code: 201
      message: Created
- request:
    body: null
    headers:
      Accept:
      - '*/*'
      Accept-Encoding:
      - gzip, deflate
      CommandName:
      - sig create
      Connection:
      - keep-alive
      ParameterSetName:
      - -g --gallery-name
      User-Agent:
      - AZURECLI/2.44.1 azsdk-python-azure-mgmt-compute/29.0.0 Python/3.10.9 (Linux-5.15.0-1031-azure-x86_64-with-glibc2.31)
        VSTS_7b238909-6802-4b65-b90d-184bca47f458_build_220_0
    method: GET
    uri: https://management.azure.com/subscriptions/00000000-0000-0000-0000-000000000000/providers/Microsoft.Compute/locations/westus/capsOperations/9bb48bef-0d38-4736-94b4-84958636d8ee?api-version=2021-10-01
  response:
    body:
      string: "{\r\n  \"startTime\": \"2023-01-28T23:59:34.6925472+00:00\",\r\n  \"endTime\":
        \"2023-01-28T23:59:34.9425508+00:00\",\r\n  \"status\": \"Succeeded\",\r\n
        \ \"name\": \"9bb48bef-0d38-4736-94b4-84958636d8ee\"\r\n}"
    headers:
      cache-control:
      - no-cache
      content-length:
      - '184'
      content-type:
      - application/json; charset=utf-8
      date:
      - Sun, 29 Jan 2023 00:00:04 GMT
      expires:
      - '-1'
      pragma:
      - no-cache
      server:
      - Microsoft-HTTPAPI/2.0
      - Microsoft-HTTPAPI/2.0
      strict-transport-security:
      - max-age=31536000; includeSubDomains
      transfer-encoding:
      - chunked
      vary:
      - Accept-Encoding
      x-content-type-options:
      - nosniff
      x-ms-ratelimit-remaining-resource:
      - Microsoft.Compute/GetOperationStatus3Min;1198,Microsoft.Compute/GetOperationStatus30Min;4186
    status:
      code: 200
      message: OK
- request:
    body: null
    headers:
      Accept:
      - '*/*'
      Accept-Encoding:
      - gzip, deflate
      CommandName:
      - sig create
      Connection:
      - keep-alive
      ParameterSetName:
      - -g --gallery-name
      User-Agent:
      - AZURECLI/2.44.1 azsdk-python-azure-mgmt-compute/29.0.0 Python/3.10.9 (Linux-5.15.0-1031-azure-x86_64-with-glibc2.31)
        VSTS_7b238909-6802-4b65-b90d-184bca47f458_build_220_0
    method: GET
    uri: https://management.azure.com/subscriptions/00000000-0000-0000-0000-000000000000/resourceGroups/cli_test_target_extended_locations_encryption000001/providers/Microsoft.Compute/galleries/gallery_000003?api-version=2021-10-01
  response:
    body:
      string: "{\r\n  \"name\": \"gallery_000003\",\r\n  \"id\": \"/subscriptions/00000000-0000-0000-0000-000000000000/resourceGroups/cli_test_target_extended_locations_encryption000001/providers/Microsoft.Compute/galleries/gallery_000003\",\r\n
        \ \"type\": \"Microsoft.Compute/galleries\",\r\n  \"location\": \"westus\",\r\n
        \ \"tags\": {},\r\n  \"properties\": {\r\n    \"identifier\": {\r\n      \"uniqueName\":
        \"0b1f6471-1bf0-4dda-aec3-cb9272f09590-GALLERY_NSWKA3BST2VA\"\r\n    },\r\n
        \   \"provisioningState\": \"Succeeded\"\r\n  }\r\n}"
    headers:
      cache-control:
      - no-cache
      content-length:
      - '471'
      content-type:
      - application/json; charset=utf-8
      date:
      - Sun, 29 Jan 2023 00:00:04 GMT
      expires:
      - '-1'
      pragma:
      - no-cache
      server:
      - Microsoft-HTTPAPI/2.0
      - Microsoft-HTTPAPI/2.0
      strict-transport-security:
      - max-age=31536000; includeSubDomains
      transfer-encoding:
      - chunked
      vary:
      - Accept-Encoding
      x-content-type-options:
      - nosniff
      x-ms-ratelimit-remaining-resource:
      - Microsoft.Compute/GetGallery3Min;346,Microsoft.Compute/GetGallery30Min;2486
    status:
      code: 200
      message: OK
- request:
    body: null
    headers:
      Accept:
      - application/json
      Accept-Encoding:
      - gzip, deflate
      CommandName:
      - sig image-definition create
      Connection:
      - keep-alive
      ParameterSetName:
      - -g --gallery-name --gallery-image-definition --os-type -p -f -s
      User-Agent:
      - AZURECLI/2.44.1 azsdk-python-azure-mgmt-resource/22.0.0 Python/3.10.9 (Linux-5.15.0-1031-azure-x86_64-with-glibc2.31)
        VSTS_7b238909-6802-4b65-b90d-184bca47f458_build_220_0
    method: GET
    uri: https://management.azure.com/subscriptions/00000000-0000-0000-0000-000000000000/resourcegroups/cli_test_target_extended_locations_encryption000001?api-version=2022-09-01
  response:
    body:
      string: '{"id":"/subscriptions/00000000-0000-0000-0000-000000000000/resourceGroups/cli_test_target_extended_locations_encryption000001","name":"cli_test_target_extended_locations_encryption000001","type":"Microsoft.Resources/resourceGroups","location":"westus","tags":{"product":"azurecli","cause":"automation","date":"2023-01-28T23:58:52Z"},"properties":{"provisioningState":"Succeeded"}}'
    headers:
      cache-control:
      - no-cache
      content-length:
      - '380'
      content-type:
      - application/json; charset=utf-8
      date:
      - Sun, 29 Jan 2023 00:00:20 GMT
      expires:
      - '-1'
      pragma:
      - no-cache
      strict-transport-security:
      - max-age=31536000; includeSubDomains
      vary:
      - Accept-Encoding
      x-content-type-options:
      - nosniff
    status:
      code: 200
      message: OK
- request:
    body: '{"location": "westus", "tags": {}, "properties": {"osType": "Windows",
      "osState": "Generalized", "hyperVGeneration": "V1", "identifier": {"publisher":
      "publisher1", "offer": "offer1", "sku": "sku1"}, "disallowed": {}}}'
    headers:
      Accept:
      - application/json
      Accept-Encoding:
      - gzip, deflate
      CommandName:
      - sig image-definition create
      Connection:
      - keep-alive
      Content-Length:
      - '218'
      Content-Type:
      - application/json
      ParameterSetName:
      - -g --gallery-name --gallery-image-definition --os-type -p -f -s
      User-Agent:
      - AZURECLI/2.44.1 azsdk-python-azure-mgmt-compute/29.0.0 Python/3.10.9 (Linux-5.15.0-1031-azure-x86_64-with-glibc2.31)
        VSTS_7b238909-6802-4b65-b90d-184bca47f458_build_220_0
    method: PUT
    uri: https://management.azure.com/subscriptions/00000000-0000-0000-0000-000000000000/resourceGroups/cli_test_target_extended_locations_encryption000001/providers/Microsoft.Compute/galleries/gallery_000003/images/image1?api-version=2021-10-01
  response:
    body:
      string: "{\r\n  \"name\": \"image1\",\r\n  \"id\": \"/subscriptions/00000000-0000-0000-0000-000000000000/resourceGroups/cli_test_target_extended_locations_encryption000001/providers/Microsoft.Compute/galleries/gallery_000003/images/image1\",\r\n
        \ \"type\": \"Microsoft.Compute/galleries/images\",\r\n  \"location\": \"westus\",\r\n
        \ \"tags\": {},\r\n  \"properties\": {\r\n    \"hyperVGeneration\": \"V1\",\r\n
        \   \"architecture\": \"x64\",\r\n    \"osType\": \"Windows\",\r\n    \"osState\":
        \"Generalized\",\r\n    \"identifier\": {\r\n      \"publisher\": \"publisher1\",\r\n
        \     \"offer\": \"offer1\",\r\n      \"sku\": \"sku1\"\r\n    },\r\n    \"provisioningState\":
        \"Creating\"\r\n  }\r\n}"
    headers:
      azure-asyncoperation:
      - https://management.azure.com/subscriptions/00000000-0000-0000-0000-000000000000/providers/Microsoft.Compute/locations/westus/capsOperations/baae0290-67bb-4b2b-987e-b640f00d2144?api-version=2021-10-01
      cache-control:
      - no-cache
      content-length:
      - '599'
      content-type:
      - application/json; charset=utf-8
      date:
      - Sun, 29 Jan 2023 00:00:22 GMT
      expires:
      - '-1'
      pragma:
      - no-cache
      server:
      - Microsoft-HTTPAPI/2.0
      - Microsoft-HTTPAPI/2.0
      strict-transport-security:
      - max-age=31536000; includeSubDomains
      x-content-type-options:
      - nosniff
      x-ms-ratelimit-remaining-resource:
      - Microsoft.Compute/CreateUpdateGalleryImage3Min;149,Microsoft.Compute/CreateUpdateGalleryImage30Min;749
      x-ms-ratelimit-remaining-subscription-writes:
      - '1199'
    status:
      code: 201
      message: Created
- request:
    body: null
    headers:
      Accept:
      - '*/*'
      Accept-Encoding:
      - gzip, deflate
      CommandName:
      - sig image-definition create
      Connection:
      - keep-alive
      ParameterSetName:
      - -g --gallery-name --gallery-image-definition --os-type -p -f -s
      User-Agent:
      - AZURECLI/2.44.1 azsdk-python-azure-mgmt-compute/29.0.0 Python/3.10.9 (Linux-5.15.0-1031-azure-x86_64-with-glibc2.31)
        VSTS_7b238909-6802-4b65-b90d-184bca47f458_build_220_0
    method: GET
    uri: https://management.azure.com/subscriptions/00000000-0000-0000-0000-000000000000/providers/Microsoft.Compute/locations/westus/capsOperations/baae0290-67bb-4b2b-987e-b640f00d2144?api-version=2021-10-01
  response:
    body:
      string: "{\r\n  \"startTime\": \"2023-01-29T00:00:22.4432022+00:00\",\r\n  \"endTime\":
        \"2023-01-29T00:00:22.5681521+00:00\",\r\n  \"status\": \"Succeeded\",\r\n
        \ \"name\": \"baae0290-67bb-4b2b-987e-b640f00d2144\"\r\n}"
    headers:
      cache-control:
      - no-cache
      content-length:
      - '184'
      content-type:
      - application/json; charset=utf-8
      date:
      - Sun, 29 Jan 2023 00:00:52 GMT
      expires:
      - '-1'
      pragma:
      - no-cache
      server:
      - Microsoft-HTTPAPI/2.0
      - Microsoft-HTTPAPI/2.0
      strict-transport-security:
      - max-age=31536000; includeSubDomains
      transfer-encoding:
      - chunked
      vary:
      - Accept-Encoding
      x-content-type-options:
      - nosniff
      x-ms-ratelimit-remaining-resource:
      - Microsoft.Compute/GetOperationStatus3Min;1196,Microsoft.Compute/GetOperationStatus30Min;4184
    status:
      code: 200
      message: OK
- request:
    body: null
    headers:
      Accept:
      - '*/*'
      Accept-Encoding:
      - gzip, deflate
      CommandName:
      - sig image-definition create
      Connection:
      - keep-alive
      ParameterSetName:
      - -g --gallery-name --gallery-image-definition --os-type -p -f -s
      User-Agent:
      - AZURECLI/2.44.1 azsdk-python-azure-mgmt-compute/29.0.0 Python/3.10.9 (Linux-5.15.0-1031-azure-x86_64-with-glibc2.31)
        VSTS_7b238909-6802-4b65-b90d-184bca47f458_build_220_0
    method: GET
    uri: https://management.azure.com/subscriptions/00000000-0000-0000-0000-000000000000/resourceGroups/cli_test_target_extended_locations_encryption000001/providers/Microsoft.Compute/galleries/gallery_000003/images/image1?api-version=2021-10-01
  response:
    body:
      string: "{\r\n  \"name\": \"image1\",\r\n  \"id\": \"/subscriptions/00000000-0000-0000-0000-000000000000/resourceGroups/cli_test_target_extended_locations_encryption000001/providers/Microsoft.Compute/galleries/gallery_000003/images/image1\",\r\n
        \ \"type\": \"Microsoft.Compute/galleries/images\",\r\n  \"location\": \"westus\",\r\n
        \ \"tags\": {},\r\n  \"properties\": {\r\n    \"hyperVGeneration\": \"V1\",\r\n
        \   \"architecture\": \"x64\",\r\n    \"osType\": \"Windows\",\r\n    \"osState\":
        \"Generalized\",\r\n    \"identifier\": {\r\n      \"publisher\": \"publisher1\",\r\n
        \     \"offer\": \"offer1\",\r\n      \"sku\": \"sku1\"\r\n    },\r\n    \"provisioningState\":
        \"Succeeded\"\r\n  }\r\n}"
    headers:
      cache-control:
      - no-cache
      content-length:
      - '600'
      content-type:
      - application/json; charset=utf-8
      date:
      - Sun, 29 Jan 2023 00:00:52 GMT
      expires:
      - '-1'
      pragma:
      - no-cache
      server:
      - Microsoft-HTTPAPI/2.0
      - Microsoft-HTTPAPI/2.0
      strict-transport-security:
      - max-age=31536000; includeSubDomains
      transfer-encoding:
      - chunked
      vary:
      - Accept-Encoding
      x-content-type-options:
      - nosniff
      x-ms-ratelimit-remaining-resource:
      - Microsoft.Compute/GetGalleryImage3Min;596,Microsoft.Compute/GetGalleryImage30Min;2990
    status:
      code: 200
      message: OK
- request:
    body: null
    headers:
      Accept:
      - application/json
      Accept-Encoding:
      - gzip, deflate
      CommandName:
      - disk create
      Connection:
      - keep-alive
      ParameterSetName:
      - -n -g --size-gb
      User-Agent:
      - AZURECLI/2.44.1 azsdk-python-azure-mgmt-resource/22.0.0 Python/3.10.9 (Linux-5.15.0-1031-azure-x86_64-with-glibc2.31)
        VSTS_7b238909-6802-4b65-b90d-184bca47f458_build_220_0
    method: GET
    uri: https://management.azure.com/subscriptions/00000000-0000-0000-0000-000000000000/resourcegroups/cli_test_target_extended_locations_encryption000001?api-version=2022-09-01
  response:
    body:
      string: '{"id":"/subscriptions/00000000-0000-0000-0000-000000000000/resourceGroups/cli_test_target_extended_locations_encryption000001","name":"cli_test_target_extended_locations_encryption000001","type":"Microsoft.Resources/resourceGroups","location":"westus","tags":{"product":"azurecli","cause":"automation","date":"2023-01-28T23:58:52Z"},"properties":{"provisioningState":"Succeeded"}}'
    headers:
      cache-control:
      - no-cache
      content-length:
      - '380'
      content-type:
      - application/json; charset=utf-8
      date:
      - Sun, 29 Jan 2023 00:00:53 GMT
      expires:
      - '-1'
      pragma:
      - no-cache
      strict-transport-security:
      - max-age=31536000; includeSubDomains
      vary:
      - Accept-Encoding
      x-content-type-options:
      - nosniff
    status:
      code: 200
      message: OK
- request:
    body: '{"location": "westus", "tags": {}, "sku": {"name": "Premium_LRS"}, "properties":
      {"hyperVGeneration": "V1", "creationData": {"createOption": "Empty"}, "diskSizeGB":
      10}}'
    headers:
      Accept:
      - application/json
      Accept-Encoding:
      - gzip, deflate
      CommandName:
      - disk create
      Connection:
      - keep-alive
      Content-Length:
      - '169'
      Content-Type:
      - application/json
      ParameterSetName:
      - -n -g --size-gb
      User-Agent:
      - AZURECLI/2.44.1 azsdk-python-azure-mgmt-compute/29.0.0 Python/3.10.9 (Linux-5.15.0-1031-azure-x86_64-with-glibc2.31)
        VSTS_7b238909-6802-4b65-b90d-184bca47f458_build_220_0
    method: PUT
    uri: https://management.azure.com/subscriptions/00000000-0000-0000-0000-000000000000/resourceGroups/cli_test_target_extended_locations_encryption000001/providers/Microsoft.Compute/disks/disk?api-version=2022-07-02
  response:
    body:
      string: "{\r\n  \"name\": \"disk\",\r\n  \"id\": \"/subscriptions/00000000-0000-0000-0000-000000000000/resourceGroups/cli_test_target_extended_locations_encryption000001/providers/Microsoft.Compute/disks/disk\",\r\n
        \ \"type\": \"Microsoft.Compute/disks\",\r\n  \"location\": \"westus\",\r\n
        \ \"tags\": {},\r\n  \"sku\": {\r\n    \"name\": \"Premium_LRS\"\r\n  },\r\n
        \ \"properties\": {\r\n    \"hyperVGeneration\": \"V1\",\r\n    \"creationData\":
        {\r\n      \"createOption\": \"Empty\"\r\n    },\r\n    \"diskSizeGB\": 10,\r\n
        \   \"provisioningState\": \"Updating\"\r\n  }\r\n}"
    headers:
      azure-asyncoperation:
      - https://management.azure.com/subscriptions/00000000-0000-0000-0000-000000000000/providers/Microsoft.Compute/locations/westus/DiskOperations/15e23372-329e-47a6-8d9f-f4fae12d35ec?p=42128af7-4c72-4222-9761-fb0d8e6cebdc&api-version=2022-07-02
      cache-control:
      - no-cache
      content-length:
      - '493'
      content-type:
      - application/json; charset=utf-8
      date:
      - Sun, 29 Jan 2023 00:00:55 GMT
      expires:
      - '-1'
      location:
      - https://management.azure.com/subscriptions/00000000-0000-0000-0000-000000000000/providers/Microsoft.Compute/locations/westus/DiskOperations/15e23372-329e-47a6-8d9f-f4fae12d35ec?p=42128af7-4c72-4222-9761-fb0d8e6cebdc&monitor=true&api-version=2022-07-02
      pragma:
      - no-cache
      server:
      - Microsoft-HTTPAPI/2.0
      - Microsoft-HTTPAPI/2.0
      strict-transport-security:
      - max-age=31536000; includeSubDomains
      x-content-type-options:
      - nosniff
      x-ms-ratelimit-remaining-resource:
      - Microsoft.Compute/CreateUpdateDisks3Min;999,Microsoft.Compute/CreateUpdateDisks30Min;7997
      x-ms-ratelimit-remaining-subscription-writes:
      - '1198'
    status:
      code: 202
      message: Accepted
- request:
    body: null
    headers:
      Accept:
      - '*/*'
      Accept-Encoding:
      - gzip, deflate
      CommandName:
      - disk create
      Connection:
      - keep-alive
      ParameterSetName:
      - -n -g --size-gb
      User-Agent:
      - AZURECLI/2.44.1 azsdk-python-azure-mgmt-compute/29.0.0 Python/3.10.9 (Linux-5.15.0-1031-azure-x86_64-with-glibc2.31)
        VSTS_7b238909-6802-4b65-b90d-184bca47f458_build_220_0
    method: GET
    uri: https://management.azure.com/subscriptions/00000000-0000-0000-0000-000000000000/providers/Microsoft.Compute/locations/westus/DiskOperations/15e23372-329e-47a6-8d9f-f4fae12d35ec?p=42128af7-4c72-4222-9761-fb0d8e6cebdc&api-version=2022-07-02
  response:
    body:
      string: "{\r\n  \"startTime\": \"2023-01-29T00:00:55.1879566+00:00\",\r\n  \"endTime\":
        \"2023-01-29T00:00:55.2815911+00:00\",\r\n  \"status\": \"Succeeded\",\r\n
        \ \"properties\": {\r\n    \"output\": {\r\n  \"name\": \"disk\",\r\n  \"id\":
        \"/subscriptions/00000000-0000-0000-0000-000000000000/resourceGroups/cli_test_target_extended_locations_encryption000001/providers/Microsoft.Compute/disks/disk\",\r\n
        \ \"type\": \"Microsoft.Compute/disks\",\r\n  \"location\": \"westus\",\r\n
        \ \"tags\": {},\r\n  \"sku\": {\r\n    \"name\": \"Premium_LRS\",\r\n    \"tier\":
        \"Premium\"\r\n  },\r\n  \"properties\": {\r\n    \"hyperVGeneration\": \"V1\",\r\n
        \   \"creationData\": {\r\n      \"createOption\": \"Empty\"\r\n    },\r\n
        \   \"diskSizeGB\": 10,\r\n    \"diskIOPSReadWrite\": 120,\r\n    \"diskMBpsReadWrite\":
        25,\r\n    \"encryption\": {\r\n      \"type\": \"EncryptionAtRestWithPlatformKey\"\r\n
        \   },\r\n    \"networkAccessPolicy\": \"AllowAll\",\r\n    \"publicNetworkAccess\":
        \"Enabled\",\r\n    \"timeCreated\": \"2023-01-29T00:00:55.2035443+00:00\",\r\n
        \   \"provisioningState\": \"Succeeded\",\r\n    \"diskState\": \"Unattached\",\r\n
        \   \"diskSizeBytes\": 10737418240,\r\n    \"uniqueId\": \"5f2844e2-e168-436d-8cd5-038cf8883af5\",\r\n
        \   \"tier\": \"P3\"\r\n  }\r\n}\r\n  },\r\n  \"name\": \"15e23372-329e-47a6-8d9f-f4fae12d35ec\"\r\n}"
    headers:
      cache-control:
      - no-cache
      content-length:
      - '1161'
      content-type:
      - application/json; charset=utf-8
      date:
      - Sun, 29 Jan 2023 00:00:57 GMT
      expires:
      - '-1'
      pragma:
      - no-cache
      server:
      - Microsoft-HTTPAPI/2.0
      - Microsoft-HTTPAPI/2.0
      strict-transport-security:
      - max-age=31536000; includeSubDomains
      transfer-encoding:
      - chunked
      vary:
      - Accept-Encoding
      x-content-type-options:
      - nosniff
      x-ms-ratelimit-remaining-resource:
      - Microsoft.Compute/GetOperation3Min;49997,Microsoft.Compute/GetOperation30Min;399953
    status:
      code: 200
      message: OK
- request:
    body: null
    headers:
      Accept:
      - '*/*'
      Accept-Encoding:
      - gzip, deflate
      CommandName:
      - disk create
      Connection:
      - keep-alive
      ParameterSetName:
      - -n -g --size-gb
      User-Agent:
      - AZURECLI/2.44.1 azsdk-python-azure-mgmt-compute/29.0.0 Python/3.10.9 (Linux-5.15.0-1031-azure-x86_64-with-glibc2.31)
        VSTS_7b238909-6802-4b65-b90d-184bca47f458_build_220_0
    method: GET
    uri: https://management.azure.com/subscriptions/00000000-0000-0000-0000-000000000000/resourceGroups/cli_test_target_extended_locations_encryption000001/providers/Microsoft.Compute/disks/disk?api-version=2022-07-02
  response:
    body:
      string: "{\r\n  \"name\": \"disk\",\r\n  \"id\": \"/subscriptions/00000000-0000-0000-0000-000000000000/resourceGroups/cli_test_target_extended_locations_encryption000001/providers/Microsoft.Compute/disks/disk\",\r\n
        \ \"type\": \"Microsoft.Compute/disks\",\r\n  \"location\": \"westus\",\r\n
        \ \"tags\": {},\r\n  \"sku\": {\r\n    \"name\": \"Premium_LRS\",\r\n    \"tier\":
        \"Premium\"\r\n  },\r\n  \"properties\": {\r\n    \"hyperVGeneration\": \"V1\",\r\n
        \   \"creationData\": {\r\n      \"createOption\": \"Empty\"\r\n    },\r\n
        \   \"diskSizeGB\": 10,\r\n    \"diskIOPSReadWrite\": 120,\r\n    \"diskMBpsReadWrite\":
        25,\r\n    \"encryption\": {\r\n      \"type\": \"EncryptionAtRestWithPlatformKey\"\r\n
        \   },\r\n    \"networkAccessPolicy\": \"AllowAll\",\r\n    \"publicNetworkAccess\":
        \"Enabled\",\r\n    \"timeCreated\": \"2023-01-29T00:00:55.2035443+00:00\",\r\n
        \   \"provisioningState\": \"Succeeded\",\r\n    \"diskState\": \"Unattached\",\r\n
        \   \"diskSizeBytes\": 10737418240,\r\n    \"uniqueId\": \"5f2844e2-e168-436d-8cd5-038cf8883af5\",\r\n
        \   \"tier\": \"P3\"\r\n  }\r\n}"
    headers:
      cache-control:
      - no-cache
      content-length:
      - '936'
      content-type:
      - application/json; charset=utf-8
      date:
      - Sun, 29 Jan 2023 00:00:57 GMT
      expires:
      - '-1'
      pragma:
      - no-cache
      server:
      - Microsoft-HTTPAPI/2.0
      - Microsoft-HTTPAPI/2.0
      strict-transport-security:
      - max-age=31536000; includeSubDomains
      transfer-encoding:
      - chunked
      vary:
      - Accept-Encoding
      x-content-type-options:
      - nosniff
      x-ms-ratelimit-remaining-resource:
      - Microsoft.Compute/LowCostGet3Min;14999,Microsoft.Compute/LowCostGet30Min;119997
    status:
      code: 200
      message: OK
- request:
    body: null
    headers:
      Accept:
      - application/json
      Accept-Encoding:
      - gzip, deflate
      Connection:
      - keep-alive
      Content-Length:
      - '0'
      Content-Type:
      - application/json
      User-Agent:
      - azsdk-python-keyvault-keys/4.8.0b2 Python/3.10.9 (Linux-5.15.0-1031-azure-x86_64-with-glibc2.31)
        VSTS_7b238909-6802-4b65-b90d-184bca47f458_build_220_0
    method: POST
    uri: https://vault-000002.vault.azure.net/keys/key-000004/create?api-version=7.4-preview.1
  response:
    body:
      string: '{"error":{"code":"Unauthorized","message":"AKV10000: Request is missing
        a Bearer or PoP token."}}'
    headers:
      cache-control:
      - no-cache
      content-length:
      - '97'
      content-type:
      - application/json; charset=utf-8
      date:
      - Sun, 29 Jan 2023 00:00:57 GMT
      expires:
      - '-1'
      pragma:
      - no-cache
      strict-transport-security:
      - max-age=31536000;includeSubDomains
      www-authenticate:
      - Bearer authorization="https://login.windows.net/54826b22-38d6-4fb2-bad9-b7b93a3e9c5a",
        resource="https://vault.azure.net"
      x-content-type-options:
      - nosniff
      x-ms-keyvault-network-info:
      - conn_type=Ipv4;addr=20.121.20.129;act_addr_fam=InterNetwork;
      x-ms-keyvault-region:
      - westus
      x-ms-keyvault-service-version:
      - 1.9.679.1
    status:
      code: 401
      message: Unauthorized
- request:
    body: '{"kty": "RSA", "attributes": {"enabled": true}}'
    headers:
      Accept:
      - application/json
      Accept-Encoding:
      - gzip, deflate
      Connection:
      - keep-alive
      Content-Length:
      - '47'
      Content-Type:
      - application/json
      User-Agent:
      - azsdk-python-keyvault-keys/4.8.0b2 Python/3.10.9 (Linux-5.15.0-1031-azure-x86_64-with-glibc2.31)
        VSTS_7b238909-6802-4b65-b90d-184bca47f458_build_220_0
    method: POST
    uri: https://vault-000002.vault.azure.net/keys/key-000004/create?api-version=7.4-preview.1
  response:
    body:
      string: '{"key":{"kid":"https://vault-000002.vault.azure.net/keys/key-000004/676b55642ab044ee9135abe6710bf574","kty":"RSA","key_ops":["encrypt","decrypt","sign","verify","wrapKey","unwrapKey"],"n":"0Cl-Wq8MSPCDcGRH8z29qpDc7zB6R3MiK4LE9va_KO7qPixTruGqg22g-LG69h6ntwP1MTdG1MJTDD4YJJjTEE3etRv1LwB6ZlTSYIQGN5QNHHwkl8wFC06M6Bfrax8axJ8g8gnL_d3Mr1bSB9ZiEbTbMt1oAh1A_o-U3TOSfpZZGmtEygA_teGGVM9JbJkhDoUQ2FiUnxlfW_QGyLzoygSs9c6bdAUBsY4b57e9rl4XSbvlAEni2jiNS_54MGjkh7LcU2ydt3rTXV7ijtcYEIDU4VhJhDeMIL1ep2tnXgalmE17OzN8gc9W1NhwypjGMWgvOXcTtZPk99jFt4B_OQ","e":"AQAB"},"attributes":{"enabled":true,"created":1674950458,"updated":1674950458,"recoveryLevel":"CustomizedRecoverable","recoverableDays":7,"exportable":false}}'
    headers:
      cache-control:
      - no-cache
      content-length:
      - '696'
      content-type:
      - application/json; charset=utf-8
      date:
      - Sun, 29 Jan 2023 00:00:58 GMT
      expires:
      - '-1'
      pragma:
      - no-cache
      strict-transport-security:
      - max-age=31536000;includeSubDomains
      x-content-type-options:
      - nosniff
      x-ms-keyvault-network-info:
      - conn_type=Ipv4;addr=20.121.20.129;act_addr_fam=InterNetwork;
      x-ms-keyvault-region:
      - westus
      x-ms-keyvault-service-version:
      - 1.9.679.1
    status:
      code: 200
      message: OK
- request:
    body: '{"location": "westus", "identity": {"type": "SystemAssigned"}, "properties":
      {"activeKey": {"sourceVault": {"id": "/subscriptions/00000000-0000-0000-0000-000000000000/resourceGroups/cli_test_target_extended_locations_encryption000001/providers/Microsoft.KeyVault/vaults/vault-000002"},
      "keyUrl": "https://vault-000002.vault.azure.net/keys/key-000004/676b55642ab044ee9135abe6710bf574"}}}'
    headers:
      Accept:
      - application/json
      Accept-Encoding:
      - gzip, deflate
      CommandName:
      - disk-encryption-set create
      Connection:
      - keep-alive
      Content-Length:
      - '386'
      Content-Type:
      - application/json
      ParameterSetName:
      - -g -n --key-url --source-vault --location
      User-Agent:
      - AZURECLI/2.44.1 azsdk-python-azure-mgmt-compute/29.0.0 Python/3.10.9 (Linux-5.15.0-1031-azure-x86_64-with-glibc2.31)
        VSTS_7b238909-6802-4b65-b90d-184bca47f458_build_220_0
    method: PUT
    uri: https://management.azure.com/subscriptions/00000000-0000-0000-0000-000000000000/resourceGroups/cli_test_target_extended_locations_encryption000001/providers/Microsoft.Compute/diskEncryptionSets/des1-000005?api-version=2022-03-02
  response:
    body:
      string: "{\r\n  \"location\": \"westus\",\r\n  \"identity\": {\r\n    \"type\":
        \"SystemAssigned\"\r\n  },\r\n  \"properties\": {\r\n    \"activeKey\": {\r\n
        \     \"sourceVault\": {\r\n        \"id\": \"/subscriptions/00000000-0000-0000-0000-000000000000/resourceGroups/cli_test_target_extended_locations_encryption000001/providers/Microsoft.KeyVault/vaults/vault-000002\"\r\n
        \     },\r\n      \"keyUrl\": \"https://vault-000002.vault.azure.net/keys/key-000004/676b55642ab044ee9135abe6710bf574\"\r\n
        \   },\r\n    \"provisioningState\": \"Updating\"\r\n  }\r\n}"
    headers:
      azure-asyncoperation:
      - https://management.azure.com/subscriptions/00000000-0000-0000-0000-000000000000/providers/Microsoft.Compute/locations/westus/DiskOperations/a731cbaa-0490-4a80-8ef7-d76c93e0bc4b?p=42128af7-4c72-4222-9761-fb0d8e6cebdc&api-version=2022-03-02
      cache-control:
      - no-cache
      content-length:
      - '495'
      content-type:
      - application/json; charset=utf-8
      date:
      - Sun, 29 Jan 2023 00:01:00 GMT
      expires:
      - '-1'
      location:
      - https://management.azure.com/subscriptions/00000000-0000-0000-0000-000000000000/providers/Microsoft.Compute/locations/westus/DiskOperations/a731cbaa-0490-4a80-8ef7-d76c93e0bc4b?p=42128af7-4c72-4222-9761-fb0d8e6cebdc&monitor=true&api-version=2022-03-02
      pragma:
      - no-cache
      server:
      - Microsoft-HTTPAPI/2.0
      - Microsoft-HTTPAPI/2.0
      strict-transport-security:
      - max-age=31536000; includeSubDomains
      x-content-type-options:
      - nosniff
      x-ms-ratelimit-remaining-resource:
      - Microsoft.Compute/HighCostDiskEncryptionSet3Min;99,Microsoft.Compute/HighCostDiskEncryptionSet30Min;299
      x-ms-ratelimit-remaining-subscription-writes:
      - '1198'
    status:
      code: 202
      message: Accepted
- request:
    body: null
    headers:
      Accept:
      - '*/*'
      Accept-Encoding:
      - gzip, deflate
      CommandName:
      - disk-encryption-set create
      Connection:
      - keep-alive
      ParameterSetName:
      - -g -n --key-url --source-vault --location
      User-Agent:
      - AZURECLI/2.44.1 azsdk-python-azure-mgmt-compute/29.0.0 Python/3.10.9 (Linux-5.15.0-1031-azure-x86_64-with-glibc2.31)
        VSTS_7b238909-6802-4b65-b90d-184bca47f458_build_220_0
    method: GET
    uri: https://management.azure.com/subscriptions/00000000-0000-0000-0000-000000000000/providers/Microsoft.Compute/locations/westus/DiskOperations/a731cbaa-0490-4a80-8ef7-d76c93e0bc4b?p=42128af7-4c72-4222-9761-fb0d8e6cebdc&api-version=2022-03-02
  response:
    body:
      string: "{\r\n  \"startTime\": \"2023-01-29T00:01:01.1566282+00:00\",\r\n  \"endTime\":
        \"2023-01-29T00:01:01.2191493+00:00\",\r\n  \"status\": \"Succeeded\",\r\n
        \ \"properties\": {\r\n    \"output\": {\"name\":\"des1-000005\",\"id\":\"/subscriptions/00000000-0000-0000-0000-000000000000/resourceGroups/cli_test_target_extended_locations_encryption000001/providers/Microsoft.Compute/diskEncryptionSets/des1-000005\",\"type\":\"Microsoft.Compute/diskEncryptionSets\",\"location\":\"westus\",\"identity\":{\"type\":\"SystemAssigned\",\"principalId\":\"49d9d560-bc39-4fab-b581-d137d46194f0\",\"tenantId\":\"54826b22-38d6-4fb2-bad9-b7b93a3e9c5a\"},\"properties\":{\"activeKey\":{\"sourceVault\":{\"id\":\"/subscriptions/00000000-0000-0000-0000-000000000000/resourceGroups/cli_test_target_extended_locations_encryption000001/providers/Microsoft.KeyVault/vaults/vault-000002\"},\"keyUrl\":\"https://vault-000002.vault.azure.net/keys/key-000004/676b55642ab044ee9135abe6710bf574\"},\"encryptionType\":\"EncryptionAtRestWithCustomerKey\",\"provisioningState\":\"Succeeded\"}}\r\n
        \ },\r\n  \"name\": \"a731cbaa-0490-4a80-8ef7-d76c93e0bc4b\"\r\n}"
    headers:
      cache-control:
      - no-cache
      content-length:
      - '1038'
      content-type:
      - application/json; charset=utf-8
      date:
      - Sun, 29 Jan 2023 00:01:30 GMT
      expires:
      - '-1'
      pragma:
      - no-cache
      server:
      - Microsoft-HTTPAPI/2.0
      - Microsoft-HTTPAPI/2.0
      strict-transport-security:
      - max-age=31536000; includeSubDomains
      transfer-encoding:
      - chunked
      vary:
      - Accept-Encoding
      x-content-type-options:
      - nosniff
      x-ms-ratelimit-remaining-resource:
      - Microsoft.Compute/GetOperation3Min;49994,Microsoft.Compute/GetOperation30Min;399950
    status:
      code: 200
      message: OK
- request:
    body: null
    headers:
      Accept:
      - '*/*'
      Accept-Encoding:
      - gzip, deflate
      CommandName:
      - disk-encryption-set create
      Connection:
      - keep-alive
      ParameterSetName:
      - -g -n --key-url --source-vault --location
      User-Agent:
      - AZURECLI/2.44.1 azsdk-python-azure-mgmt-compute/29.0.0 Python/3.10.9 (Linux-5.15.0-1031-azure-x86_64-with-glibc2.31)
        VSTS_7b238909-6802-4b65-b90d-184bca47f458_build_220_0
    method: GET
    uri: https://management.azure.com/subscriptions/00000000-0000-0000-0000-000000000000/resourceGroups/cli_test_target_extended_locations_encryption000001/providers/Microsoft.Compute/diskEncryptionSets/des1-000005?api-version=2022-03-02
  response:
    body:
      string: "{\r\n  \"name\": \"des1-000005\",\r\n  \"id\": \"/subscriptions/00000000-0000-0000-0000-000000000000/resourceGroups/cli_test_target_extended_locations_encryption000001/providers/Microsoft.Compute/diskEncryptionSets/des1-000005\",\r\n
        \ \"type\": \"Microsoft.Compute/diskEncryptionSets\",\r\n  \"location\": \"westus\",\r\n
        \ \"identity\": {\r\n    \"type\": \"SystemAssigned\",\r\n    \"principalId\":
        \"49d9d560-bc39-4fab-b581-d137d46194f0\",\r\n    \"tenantId\": \"54826b22-38d6-4fb2-bad9-b7b93a3e9c5a\"\r\n
        \ },\r\n  \"properties\": {\r\n    \"activeKey\": {\r\n      \"sourceVault\":
        {\r\n        \"id\": \"/subscriptions/00000000-0000-0000-0000-000000000000/resourceGroups/cli_test_target_extended_locations_encryption000001/providers/Microsoft.KeyVault/vaults/vault-000002\"\r\n
        \     },\r\n      \"keyUrl\": \"https://vault-000002.vault.azure.net/keys/key-000004/676b55642ab044ee9135abe6710bf574\"\r\n
        \   },\r\n    \"encryptionType\": \"EncryptionAtRestWithCustomerKey\",\r\n
        \   \"provisioningState\": \"Succeeded\"\r\n  }\r\n}"
    headers:
      cache-control:
      - no-cache
      content-length:
      - '938'
      content-type:
      - application/json; charset=utf-8
      date:
      - Sun, 29 Jan 2023 00:01:30 GMT
      expires:
      - '-1'
      pragma:
      - no-cache
      server:
      - Microsoft-HTTPAPI/2.0
      - Microsoft-HTTPAPI/2.0
      strict-transport-security:
      - max-age=31536000; includeSubDomains
      transfer-encoding:
      - chunked
      vary:
      - Accept-Encoding
      x-content-type-options:
      - nosniff
      x-ms-ratelimit-remaining-resource:
      - Microsoft.Compute/LowCostGet3Min;14993,Microsoft.Compute/LowCostGet30Min;119991
    status:
      code: 200
      message: OK
- request:
    body: null
    headers:
      Accept:
      - application/json
      Accept-Encoding:
      - gzip, deflate
      CommandName:
      - disk-encryption-set show
      Connection:
      - keep-alive
      ParameterSetName:
      - -g -n
      User-Agent:
      - AZURECLI/2.44.1 azsdk-python-azure-mgmt-compute/29.0.0 Python/3.10.9 (Linux-5.15.0-1031-azure-x86_64-with-glibc2.31)
        VSTS_7b238909-6802-4b65-b90d-184bca47f458_build_220_0
    method: GET
    uri: https://management.azure.com/subscriptions/00000000-0000-0000-0000-000000000000/resourceGroups/cli_test_target_extended_locations_encryption000001/providers/Microsoft.Compute/diskEncryptionSets/des1-000005?api-version=2022-03-02
  response:
    body:
      string: "{\r\n  \"name\": \"des1-000005\",\r\n  \"id\": \"/subscriptions/00000000-0000-0000-0000-000000000000/resourceGroups/cli_test_target_extended_locations_encryption000001/providers/Microsoft.Compute/diskEncryptionSets/des1-000005\",\r\n
        \ \"type\": \"Microsoft.Compute/diskEncryptionSets\",\r\n  \"location\": \"westus\",\r\n
        \ \"identity\": {\r\n    \"type\": \"SystemAssigned\",\r\n    \"principalId\":
        \"49d9d560-bc39-4fab-b581-d137d46194f0\",\r\n    \"tenantId\": \"54826b22-38d6-4fb2-bad9-b7b93a3e9c5a\"\r\n
        \ },\r\n  \"properties\": {\r\n    \"activeKey\": {\r\n      \"sourceVault\":
        {\r\n        \"id\": \"/subscriptions/00000000-0000-0000-0000-000000000000/resourceGroups/cli_test_target_extended_locations_encryption000001/providers/Microsoft.KeyVault/vaults/vault-000002\"\r\n
        \     },\r\n      \"keyUrl\": \"https://vault-000002.vault.azure.net/keys/key-000004/676b55642ab044ee9135abe6710bf574\"\r\n
        \   },\r\n    \"encryptionType\": \"EncryptionAtRestWithCustomerKey\",\r\n
        \   \"provisioningState\": \"Succeeded\"\r\n  }\r\n}"
    headers:
      cache-control:
      - no-cache
      content-length:
      - '938'
      content-type:
      - application/json; charset=utf-8
      date:
      - Sun, 29 Jan 2023 00:01:31 GMT
      expires:
      - '-1'
      pragma:
      - no-cache
      server:
      - Microsoft-HTTPAPI/2.0
      - Microsoft-HTTPAPI/2.0
      strict-transport-security:
      - max-age=31536000; includeSubDomains
      transfer-encoding:
      - chunked
      vary:
      - Accept-Encoding
      x-content-type-options:
      - nosniff
      x-ms-ratelimit-remaining-resource:
      - Microsoft.Compute/LowCostGet3Min;14992,Microsoft.Compute/LowCostGet30Min;119990
    status:
      code: 200
      message: OK
- request:
    body: null
    headers:
      Accept:
      - application/json
      Accept-Encoding:
      - gzip, deflate
      CommandName:
      - keyvault set-policy
      Connection:
      - keep-alive
      ParameterSetName:
      - -n --object-id --key-permissions
      User-Agent:
      - AZURECLI/2.44.1 azsdk-python-azure-mgmt-keyvault/10.1.0 Python/3.10.9 (Linux-5.15.0-1031-azure-x86_64-with-glibc2.31)
        VSTS_7b238909-6802-4b65-b90d-184bca47f458_build_220_0
    method: GET
    uri: https://management.azure.com/subscriptions/00000000-0000-0000-0000-000000000000/resources?$filter=resourceType%20eq%20%27Microsoft.KeyVault%2Fvaults%27&api-version=2015-11-01
  response:
    body:
      string: '{"value":[{"id":"/subscriptions/00000000-0000-0000-0000-000000000000/resourceGroups/AzurePowerShellLiveTest/providers/Microsoft.KeyVault/vaults/LiveTestKeyVault","name":"LiveTestKeyVault","type":"Microsoft.KeyVault/vaults","location":"westus","tags":{}},{"id":"/subscriptions/00000000-0000-0000-0000-000000000000/resourceGroups/bez-rg/providers/Microsoft.KeyVault/vaults/bez-kv","name":"bez-kv","type":"Microsoft.KeyVault/vaults","location":"eastus","tags":{}},{"id":"/subscriptions/00000000-0000-0000-0000-000000000000/resourceGroups/bez-rg/providers/Microsoft.KeyVault/vaults/bez-kv1117","name":"bez-kv1117","type":"Microsoft.KeyVault/vaults","location":"eastus","tags":{}},{"id":"/subscriptions/00000000-0000-0000-0000-000000000000/resourceGroups/cli_test_target_extended_locations_encryption000001/providers/Microsoft.KeyVault/vaults/vault-000002","name":"vault-000002","type":"Microsoft.KeyVault/vaults","location":"westus","tags":{}},{"id":"/subscriptions/00000000-0000-0000-0000-000000000000/resourceGroups/hang-rg/providers/Microsoft.KeyVault/vaults/hangkey","name":"hangkey","type":"Microsoft.KeyVault/vaults","location":"koreasouth","tags":{"kk":"kk","zz":"kk","--kk":"zz"}},{"id":"/subscriptions/00000000-0000-0000-0000-000000000000/resourceGroups/hang-rg/providers/Microsoft.KeyVault/vaults/similar0327002194","name":"similar0327002194","type":"Microsoft.KeyVault/vaults","location":"eastus2","tags":{}},{"id":"/subscriptions/00000000-0000-0000-0000-000000000000/resourceGroups/nori-rg/providers/Microsoft.KeyVault/vaults/nori-kv4","name":"nori-kv4","type":"Microsoft.KeyVault/vaults","location":"eastus","tags":{}},{"id":"/subscriptions/00000000-0000-0000-0000-000000000000/resourceGroups/nori-rg/providers/Microsoft.KeyVault/vaults/nori-kv44","name":"nori-kv44","type":"Microsoft.KeyVault/vaults","location":"eastus","tags":{}},{"id":"/subscriptions/00000000-0000-0000-0000-000000000000/resourceGroups/nori-rg/providers/Microsoft.KeyVault/vaults/nori-kv444","name":"nori-kv444","type":"Microsoft.KeyVault/vaults","location":"eastus","tags":{}},{"id":"/subscriptions/00000000-0000-0000-0000-000000000000/resourceGroups/nori-rg/providers/Microsoft.KeyVault/vaults/nori-kv4444","name":"nori-kv4444","type":"Microsoft.KeyVault/vaults","location":"eastus","tags":{}},{"id":"/subscriptions/00000000-0000-0000-0000-000000000000/resourceGroups/yishitest/providers/Microsoft.KeyVault/vaults/ystestkv","name":"ystestkv","type":"Microsoft.KeyVault/vaults","location":"eastus","tags":{}}]}'
    headers:
      cache-control:
      - no-cache
      content-length:
      - '2491'
      content-type:
      - application/json; charset=utf-8
      date:
      - Sun, 29 Jan 2023 00:01:31 GMT
      expires:
      - '-1'
      pragma:
      - no-cache
      strict-transport-security:
      - max-age=31536000; includeSubDomains
      vary:
      - Accept-Encoding
      x-content-type-options:
      - nosniff
    status:
      code: 200
      message: OK
- request:
    body: null
    headers:
      Accept:
      - application/json
      Accept-Encoding:
      - gzip, deflate
      CommandName:
      - keyvault set-policy
      Connection:
      - keep-alive
      ParameterSetName:
      - -n --object-id --key-permissions
      User-Agent:
      - AZURECLI/2.44.1 azsdk-python-azure-mgmt-keyvault/10.1.0 Python/3.10.9 (Linux-5.15.0-1031-azure-x86_64-with-glibc2.31)
        VSTS_7b238909-6802-4b65-b90d-184bca47f458_build_220_0
    method: GET
    uri: https://management.azure.com/subscriptions/00000000-0000-0000-0000-000000000000/resourceGroups/cli_test_target_extended_locations_encryption000001/providers/Microsoft.KeyVault/vaults/vault-000002?api-version=2022-07-01
  response:
    body:
      string: '{"id":"/subscriptions/00000000-0000-0000-0000-000000000000/resourceGroups/cli_test_target_extended_locations_encryption000001/providers/Microsoft.KeyVault/vaults/vault-000002","name":"vault-000002","type":"Microsoft.KeyVault/vaults","location":"westus","tags":{},"systemData":{"createdBy":"azureclilivetest@azuresdkteam.onmicrosoft.com","createdByType":"User","createdAt":"2023-01-28T23:58:56.768Z","lastModifiedBy":"azureclilivetest@azuresdkteam.onmicrosoft.com","lastModifiedByType":"User","lastModifiedAt":"2023-01-28T23:58:56.768Z"},"properties":{"sku":{"family":"A","name":"standard"},"tenantId":"54826b22-38d6-4fb2-bad9-b7b93a3e9c5a","accessPolicies":[{"tenantId":"54826b22-38d6-4fb2-bad9-b7b93a3e9c5a","objectId":"6b30bdc6-696a-46fb-82d7-739c2fb147b7","permissions":{"keys":["all"],"secrets":["all"],"certificates":["all"],"storage":["all"]}}],"enabledForDeployment":false,"enableSoftDelete":true,"softDeleteRetentionInDays":7,"enablePurgeProtection":true,"vaultUri":"https://vault-000002.vault.azure.net/","provisioningState":"Succeeded","publicNetworkAccess":"Enabled"}}'
    headers:
      cache-control:
      - no-cache
      content-length:
      - '1079'
      content-type:
      - application/json; charset=utf-8
      date:
      - Sun, 29 Jan 2023 00:01:32 GMT
      expires:
      - '-1'
      pragma:
      - no-cache
      server:
      - Microsoft-IIS/10.0
      strict-transport-security:
      - max-age=31536000; includeSubDomains
      transfer-encoding:
      - chunked
      vary:
      - Accept-Encoding
      x-aspnet-version:
      - 4.0.30319
      x-content-type-options:
      - nosniff
      x-ms-keyvault-service-version:
      - 1.5.644.0
    status:
      code: 200
      message: OK
- request:
    body: '{"location": "westus", "tags": {}, "properties": {"tenantId": "54826b22-38d6-4fb2-bad9-b7b93a3e9c5a",
      "sku": {"family": "A", "name": "standard"}, "accessPolicies": [{"tenantId":
      "54826b22-38d6-4fb2-bad9-b7b93a3e9c5a", "objectId": "6b30bdc6-696a-46fb-82d7-739c2fb147b7",
      "permissions": {"keys": ["all"], "secrets": ["all"], "certificates": ["all"],
      "storage": ["all"]}}, {"tenantId": "54826b22-38d6-4fb2-bad9-b7b93a3e9c5a", "objectId":
      "49d9d560-bc39-4fab-b581-d137d46194f0", "permissions": {"keys": ["wrapKey",
      "get", "unwrapKey"]}}], "vaultUri": "https://vault-000002.vault.azure.net/",
      "enabledForDeployment": false, "enableSoftDelete": true, "softDeleteRetentionInDays":
      7, "enablePurgeProtection": true, "provisioningState": "Succeeded", "publicNetworkAccess":
      "Enabled"}}'
    headers:
      Accept:
      - application/json
      Accept-Encoding:
      - gzip, deflate
      CommandName:
      - keyvault set-policy
      Connection:
      - keep-alive
      Content-Length:
      - '776'
      Content-Type:
      - application/json
      ParameterSetName:
      - -n --object-id --key-permissions
      User-Agent:
      - AZURECLI/2.44.1 azsdk-python-azure-mgmt-keyvault/10.1.0 Python/3.10.9 (Linux-5.15.0-1031-azure-x86_64-with-glibc2.31)
        VSTS_7b238909-6802-4b65-b90d-184bca47f458_build_220_0
    method: PUT
    uri: https://management.azure.com/subscriptions/00000000-0000-0000-0000-000000000000/resourceGroups/cli_test_target_extended_locations_encryption000001/providers/Microsoft.KeyVault/vaults/vault-000002?api-version=2022-07-01
  response:
    body:
      string: '{"id":"/subscriptions/00000000-0000-0000-0000-000000000000/resourceGroups/cli_test_target_extended_locations_encryption000001/providers/Microsoft.KeyVault/vaults/vault-000002","name":"vault-000002","type":"Microsoft.KeyVault/vaults","location":"westus","tags":{},"systemData":{"createdBy":"azureclilivetest@azuresdkteam.onmicrosoft.com","createdByType":"User","createdAt":"2023-01-28T23:58:56.768Z","lastModifiedBy":"azureclilivetest@azuresdkteam.onmicrosoft.com","lastModifiedByType":"User","lastModifiedAt":"2023-01-29T00:01:33.113Z"},"properties":{"sku":{"family":"A","name":"standard"},"tenantId":"54826b22-38d6-4fb2-bad9-b7b93a3e9c5a","accessPolicies":[{"tenantId":"54826b22-38d6-4fb2-bad9-b7b93a3e9c5a","objectId":"6b30bdc6-696a-46fb-82d7-739c2fb147b7","permissions":{"keys":["all"],"secrets":["all"],"certificates":["all"],"storage":["all"]}},{"tenantId":"54826b22-38d6-4fb2-bad9-b7b93a3e9c5a","objectId":"49d9d560-bc39-4fab-b581-d137d46194f0","permissions":{"keys":["wrapKey","get","unwrapKey"]}}],"enabledForDeployment":false,"enableSoftDelete":true,"softDeleteRetentionInDays":7,"enablePurgeProtection":true,"vaultUri":"https://vault-000002.vault.azure.net/","provisioningState":"Succeeded","publicNetworkAccess":"Enabled"}}'
    headers:
      cache-control:
      - no-cache
      content-length:
      - '1234'
      content-type:
      - application/json; charset=utf-8
      date:
      - Sun, 29 Jan 2023 00:01:32 GMT
      expires:
      - '-1'
      pragma:
      - no-cache
      server:
      - Microsoft-IIS/10.0
      strict-transport-security:
      - max-age=31536000; includeSubDomains
      transfer-encoding:
      - chunked
      vary:
      - Accept-Encoding
      x-aspnet-version:
      - 4.0.30319
      x-content-type-options:
      - nosniff
      x-ms-keyvault-service-version:
      - 1.5.644.0
      x-ms-ratelimit-remaining-subscription-writes:
      - '1198'
    status:
      code: 200
      message: OK
- request:
    body: null
    headers:
      Accept:
      - application/json
      Accept-Encoding:
      - gzip, deflate
      CommandName:
      - sig image-version create
      Connection:
      - keep-alive
      ParameterSetName:
      - --resource-group --gallery-name --gallery-image-definition --gallery-image-version
        --os-snapshot --target-regions --target-region-encryption --target-edge-zones
        --target-edge-zone-encryption
      User-Agent:
      - AZURECLI/2.44.1 azsdk-python-azure-mgmt-resource/22.0.0 Python/3.10.9 (Linux-5.15.0-1031-azure-x86_64-with-glibc2.31)
        VSTS_7b238909-6802-4b65-b90d-184bca47f458_build_220_0
    method: GET
    uri: https://management.azure.com/subscriptions/00000000-0000-0000-0000-000000000000/resourcegroups/cli_test_target_extended_locations_encryption000001?api-version=2022-09-01
  response:
    body:
      string: '{"id":"/subscriptions/00000000-0000-0000-0000-000000000000/resourceGroups/cli_test_target_extended_locations_encryption000001","name":"cli_test_target_extended_locations_encryption000001","type":"Microsoft.Resources/resourceGroups","location":"westus","tags":{"product":"azurecli","cause":"automation","date":"2023-01-28T23:58:52Z"},"properties":{"provisioningState":"Succeeded"}}'
    headers:
      cache-control:
      - no-cache
      content-length:
      - '380'
      content-type:
      - application/json; charset=utf-8
      date:
      - Sun, 29 Jan 2023 00:01:33 GMT
      expires:
      - '-1'
      pragma:
      - no-cache
      strict-transport-security:
      - max-age=31536000; includeSubDomains
      vary:
      - Accept-Encoding
      x-content-type-options:
      - nosniff
    status:
      code: 200
      message: OK
- request:
    body: '{"location": "westus", "tags": {}, "properties": {"publishingProfile":
      {"targetRegions": [{"name": "westus", "regionalReplicaCount": 1, "encryption":
      {"osDiskImage": {"diskEncryptionSetId": "/subscriptions/00000000-0000-0000-0000-000000000000/resourceGroups/cli_test_target_extended_locations_encryption000001/providers/Microsoft.Compute/diskEncryptionSets/des1-000005"},
      "dataDiskImages": [{"diskEncryptionSetId": "/subscriptions/00000000-0000-0000-0000-000000000000/resourceGroups/cli_test_target_extended_locations_encryption000001/providers/Microsoft.Compute/diskEncryptionSets/des1-000005",
      "lun": 0}]}}], "targetExtendedLocations": [{"name": "westus", "extendedLocation":
      {"name": "microsoftlosangeles1", "type": "EdgeZone"}, "extendedLocationReplicaCount":
      1, "encryption": {"osDiskImage": {"diskEncryptionSetId": "/subscriptions/00000000-0000-0000-0000-000000000000/resourceGroups/cli_test_target_extended_locations_encryption000001/providers/Microsoft.Compute/diskEncryptionSets/des1-000005"},
      "dataDiskImages": [{"diskEncryptionSetId": "/subscriptions/00000000-0000-0000-0000-000000000000/resourceGroups/cli_test_target_extended_locations_encryption000001/providers/Microsoft.Compute/diskEncryptionSets/des1-000005",
      "lun": 0}]}}]}, "storageProfile": {"osDiskImage": {"source": {"id": "/subscriptions/00000000-0000-0000-0000-000000000000/resourceGroups/cli_test_target_extended_locations_encryption000001/providers/Microsoft.Compute/disks/disk"}}}}}'
    headers:
      Accept:
      - application/json
      Accept-Encoding:
      - gzip, deflate
      CommandName:
      - sig image-version create
      Connection:
      - keep-alive
      Content-Length:
      - '1459'
      Content-Type:
      - application/json
      ParameterSetName:
      - --resource-group --gallery-name --gallery-image-definition --gallery-image-version
        --os-snapshot --target-regions --target-region-encryption --target-edge-zones
        --target-edge-zone-encryption
      User-Agent:
      - AZURECLI/2.44.1 azsdk-python-azure-mgmt-compute/29.0.0 Python/3.10.9 (Linux-5.15.0-1031-azure-x86_64-with-glibc2.31)
        VSTS_7b238909-6802-4b65-b90d-184bca47f458_build_220_0
    method: PUT
    uri: https://management.azure.com/subscriptions/00000000-0000-0000-0000-000000000000/resourceGroups/cli_test_target_extended_locations_encryption000001/providers/Microsoft.Compute/galleries/gallery_000003/images/image1/versions/1.0.0?api-version=2022-03-03
  response:
    body:
      string: "{\r\n  \"name\": \"1.0.0\",\r\n  \"id\": \"/subscriptions/00000000-0000-0000-0000-000000000000/resourceGroups/cli_test_target_extended_locations_encryption000001/providers/Microsoft.Compute/galleries/gallery_000003/images/image1/versions/1.0.0\",\r\n
        \ \"type\": \"Microsoft.Compute/galleries/images/versions\",\r\n  \"location\":
        \"westus\",\r\n  \"tags\": {},\r\n  \"properties\": {\r\n    \"publishingProfile\":
        {\r\n      \"targetRegions\": [\r\n        {\r\n          \"name\": \"West
        US\",\r\n          \"regionalReplicaCount\": 1,\r\n          \"storageAccountType\":
        \"Standard_LRS\",\r\n          \"encryption\": {\r\n            \"osDiskImage\":
        {\r\n              \"securityProfile\": {},\r\n              \"diskEncryptionSetId\":
        \"/subscriptions/00000000-0000-0000-0000-000000000000/resourceGroups/cli_test_target_extended_locations_encryption000001/providers/Microsoft.Compute/diskEncryptionSets/des1-000005\"\r\n
        \           },\r\n            \"dataDiskImages\": [\r\n              {\r\n
        \               \"lun\": 0,\r\n                \"diskEncryptionSetId\": \"/subscriptions/00000000-0000-0000-0000-000000000000/resourceGroups/cli_test_target_extended_locations_encryption000001/providers/Microsoft.Compute/diskEncryptionSets/des1-000005\"\r\n
        \             }\r\n            ]\r\n          }\r\n        }\r\n      ],\r\n
        \     \"targetExtendedLocations\": [\r\n        {\r\n          \"extendedLocation\":
        {\r\n            \"type\": \"EdgeZone\",\r\n            \"name\": \"microsoftlosangeles1\"\r\n
        \         },\r\n          \"name\": \"West US\",\r\n          \"extendedLocationReplicaCount\":
        1,\r\n          \"storageAccountType\": \"StandardSSD_LRS\",\r\n          \"encryption\":
        {\r\n            \"osDiskImage\": {\r\n              \"securityProfile\":
        {},\r\n              \"diskEncryptionSetId\": \"/subscriptions/00000000-0000-0000-0000-000000000000/resourceGroups/cli_test_target_extended_locations_encryption000001/providers/Microsoft.Compute/diskEncryptionSets/des1-000005\"\r\n
        \           },\r\n            \"dataDiskImages\": [\r\n              {\r\n
        \               \"lun\": 0,\r\n                \"diskEncryptionSetId\": \"/subscriptions/00000000-0000-0000-0000-000000000000/resourceGroups/cli_test_target_extended_locations_encryption000001/providers/Microsoft.Compute/diskEncryptionSets/des1-000005\"\r\n
        \             }\r\n            ]\r\n          }\r\n        }\r\n      ],\r\n
        \     \"replicaCount\": 1,\r\n      \"excludeFromLatest\": false,\r\n      \"publishedDate\":
        \"2023-01-29T00:01:35.3191174+00:00\",\r\n      \"storageAccountType\": \"Standard_LRS\"\r\n
        \   },\r\n    \"storageProfile\": {\r\n      \"osDiskImage\": {\r\n        \"hostCaching\":
        \"ReadWrite\",\r\n        \"source\": {\r\n          \"id\": \"/subscriptions/00000000-0000-0000-0000-000000000000/resourceGroups/cli_test_target_extended_locations_encryption000001/providers/Microsoft.Compute/disks/disk\"\r\n
        \       }\r\n      }\r\n    },\r\n    \"safetyProfile\": {\r\n      \"reportedForPolicyViolation\":
        false,\r\n      \"allowDeletionOfReplicatedLocations\": false\r\n    },\r\n
        \   \"provisioningState\": \"Creating\"\r\n  }\r\n}"
    headers:
      azure-asyncoperation:
      - https://management.azure.com/subscriptions/00000000-0000-0000-0000-000000000000/providers/Microsoft.Compute/locations/westus/capsOperations/688a3326-23ec-4d2a-bf73-2d5dd9710229?api-version=2022-03-03
      cache-control:
      - no-cache
      content-length:
      - '2874'
      content-type:
      - application/json; charset=utf-8
      date:
      - Sun, 29 Jan 2023 00:01:35 GMT
      expires:
      - '-1'
      pragma:
      - no-cache
      server:
      - Microsoft-HTTPAPI/2.0
      - Microsoft-HTTPAPI/2.0
      strict-transport-security:
      - max-age=31536000; includeSubDomains
      x-content-type-options:
      - nosniff
      x-ms-ratelimit-remaining-resource:
      - Microsoft.Compute/CreateUpdateGalleryImageVersion3Min;374,Microsoft.Compute/CreateUpdateGalleryImageVersion30Min;1199
      x-ms-ratelimit-remaining-subscription-writes:
      - '1199'
    status:
      code: 201
      message: Created
- request:
    body: null
    headers:
      Accept:
      - '*/*'
      Accept-Encoding:
      - gzip, deflate
      CommandName:
      - sig image-version create
      Connection:
      - keep-alive
      ParameterSetName:
      - --resource-group --gallery-name --gallery-image-definition --gallery-image-version
        --os-snapshot --target-regions --target-region-encryption --target-edge-zones
        --target-edge-zone-encryption
      User-Agent:
      - AZURECLI/2.44.1 azsdk-python-azure-mgmt-compute/29.0.0 Python/3.10.9 (Linux-5.15.0-1031-azure-x86_64-with-glibc2.31)
        VSTS_7b238909-6802-4b65-b90d-184bca47f458_build_220_0
    method: GET
    uri: https://management.azure.com/subscriptions/00000000-0000-0000-0000-000000000000/providers/Microsoft.Compute/locations/westus/capsOperations/688a3326-23ec-4d2a-bf73-2d5dd9710229?api-version=2022-03-03
  response:
    body:
      string: "{\r\n  \"startTime\": \"2023-01-29T00:01:35.3191174+00:00\",\r\n  \"status\":
        \"InProgress\",\r\n  \"name\": \"688a3326-23ec-4d2a-bf73-2d5dd9710229\"\r\n}"
    headers:
      cache-control:
      - no-cache
      content-length:
      - '134'
      content-type:
      - application/json; charset=utf-8
      date:
      - Sun, 29 Jan 2023 00:02:36 GMT
      expires:
      - '-1'
      pragma:
      - no-cache
      server:
      - Microsoft-HTTPAPI/2.0
      - Microsoft-HTTPAPI/2.0
      strict-transport-security:
      - max-age=31536000; includeSubDomains
      transfer-encoding:
      - chunked
      vary:
      - Accept-Encoding
      x-content-type-options:
      - nosniff
      x-ms-ratelimit-remaining-resource:
      - Microsoft.Compute/GetOperationStatus3Min;1195,Microsoft.Compute/GetOperationStatus30Min;4182
    status:
      code: 200
      message: OK
- request:
    body: null
    headers:
      Accept:
      - '*/*'
      Accept-Encoding:
      - gzip, deflate
      CommandName:
      - sig image-version create
      Connection:
      - keep-alive
      ParameterSetName:
      - --resource-group --gallery-name --gallery-image-definition --gallery-image-version
        --os-snapshot --target-regions --target-region-encryption --target-edge-zones
        --target-edge-zone-encryption
      User-Agent:
      - AZURECLI/2.44.1 azsdk-python-azure-mgmt-compute/29.0.0 Python/3.10.9 (Linux-5.15.0-1031-azure-x86_64-with-glibc2.31)
        VSTS_7b238909-6802-4b65-b90d-184bca47f458_build_220_0
    method: GET
    uri: https://management.azure.com/subscriptions/00000000-0000-0000-0000-000000000000/providers/Microsoft.Compute/locations/westus/capsOperations/688a3326-23ec-4d2a-bf73-2d5dd9710229?api-version=2022-03-03
  response:
    body:
      string: "{\r\n  \"startTime\": \"2023-01-29T00:01:35.3191174+00:00\",\r\n  \"status\":
        \"InProgress\",\r\n  \"name\": \"688a3326-23ec-4d2a-bf73-2d5dd9710229\"\r\n}"
    headers:
      cache-control:
      - no-cache
      content-length:
      - '134'
      content-type:
      - application/json; charset=utf-8
      date:
      - Sun, 29 Jan 2023 00:03:36 GMT
      expires:
      - '-1'
      pragma:
      - no-cache
      server:
      - Microsoft-HTTPAPI/2.0
      - Microsoft-HTTPAPI/2.0
      strict-transport-security:
      - max-age=31536000; includeSubDomains
      transfer-encoding:
      - chunked
      vary:
      - Accept-Encoding
      x-content-type-options:
      - nosniff
      x-ms-ratelimit-remaining-resource:
      - Microsoft.Compute/GetOperationStatus3Min;1196,Microsoft.Compute/GetOperationStatus30Min;4180
    status:
      code: 200
      message: OK
- request:
    body: null
    headers:
      Accept:
      - '*/*'
      Accept-Encoding:
      - gzip, deflate
      CommandName:
      - sig image-version create
      Connection:
      - keep-alive
      ParameterSetName:
      - --resource-group --gallery-name --gallery-image-definition --gallery-image-version
        --os-snapshot --target-regions --target-region-encryption --target-edge-zones
        --target-edge-zone-encryption
      User-Agent:
      - AZURECLI/2.44.1 azsdk-python-azure-mgmt-compute/29.0.0 Python/3.10.9 (Linux-5.15.0-1031-azure-x86_64-with-glibc2.31)
        VSTS_7b238909-6802-4b65-b90d-184bca47f458_build_220_0
    method: GET
    uri: https://management.azure.com/subscriptions/00000000-0000-0000-0000-000000000000/providers/Microsoft.Compute/locations/westus/capsOperations/688a3326-23ec-4d2a-bf73-2d5dd9710229?api-version=2022-03-03
  response:
    body:
      string: "{\r\n  \"startTime\": \"2023-01-29T00:01:35.3191174+00:00\",\r\n  \"status\":
        \"InProgress\",\r\n  \"name\": \"688a3326-23ec-4d2a-bf73-2d5dd9710229\"\r\n}"
    headers:
      cache-control:
      - no-cache
      content-length:
      - '134'
      content-type:
      - application/json; charset=utf-8
      date:
      - Sun, 29 Jan 2023 00:04:36 GMT
      expires:
      - '-1'
      pragma:
      - no-cache
      server:
      - Microsoft-HTTPAPI/2.0
      - Microsoft-HTTPAPI/2.0
      strict-transport-security:
      - max-age=31536000; includeSubDomains
      transfer-encoding:
      - chunked
      vary:
      - Accept-Encoding
      x-content-type-options:
      - nosniff
      x-ms-ratelimit-remaining-resource:
      - Microsoft.Compute/GetOperationStatus3Min;1194,Microsoft.Compute/GetOperationStatus30Min;4178
    status:
      code: 200
      message: OK
- request:
    body: null
    headers:
      Accept:
      - '*/*'
      Accept-Encoding:
      - gzip, deflate
      CommandName:
      - sig image-version create
      Connection:
      - keep-alive
      ParameterSetName:
      - --resource-group --gallery-name --gallery-image-definition --gallery-image-version
        --os-snapshot --target-regions --target-region-encryption --target-edge-zones
        --target-edge-zone-encryption
      User-Agent:
      - AZURECLI/2.44.1 azsdk-python-azure-mgmt-compute/29.0.0 Python/3.10.9 (Linux-5.15.0-1031-azure-x86_64-with-glibc2.31)
        VSTS_7b238909-6802-4b65-b90d-184bca47f458_build_220_0
    method: GET
    uri: https://management.azure.com/subscriptions/00000000-0000-0000-0000-000000000000/providers/Microsoft.Compute/locations/westus/capsOperations/688a3326-23ec-4d2a-bf73-2d5dd9710229?api-version=2022-03-03
  response:
    body:
      string: "{\r\n  \"startTime\": \"2023-01-29T00:01:35.3191174+00:00\",\r\n  \"status\":
        \"InProgress\",\r\n  \"name\": \"688a3326-23ec-4d2a-bf73-2d5dd9710229\"\r\n}"
    headers:
      cache-control:
      - no-cache
      content-length:
      - '134'
      content-type:
      - application/json; charset=utf-8
      date:
      - Sun, 29 Jan 2023 00:05:37 GMT
      expires:
      - '-1'
      pragma:
      - no-cache
      server:
      - Microsoft-HTTPAPI/2.0
      - Microsoft-HTTPAPI/2.0
      strict-transport-security:
      - max-age=31536000; includeSubDomains
      transfer-encoding:
      - chunked
      vary:
      - Accept-Encoding
      x-content-type-options:
      - nosniff
      x-ms-ratelimit-remaining-resource:
      - Microsoft.Compute/GetOperationStatus3Min;1195,Microsoft.Compute/GetOperationStatus30Min;4185
    status:
      code: 200
      message: OK
- request:
    body: null
    headers:
      Accept:
      - '*/*'
      Accept-Encoding:
      - gzip, deflate
      CommandName:
      - sig image-version create
      Connection:
      - keep-alive
      ParameterSetName:
      - --resource-group --gallery-name --gallery-image-definition --gallery-image-version
        --os-snapshot --target-regions --target-region-encryption --target-edge-zones
        --target-edge-zone-encryption
      User-Agent:
      - AZURECLI/2.44.1 azsdk-python-azure-mgmt-compute/29.0.0 Python/3.10.9 (Linux-5.15.0-1031-azure-x86_64-with-glibc2.31)
        VSTS_7b238909-6802-4b65-b90d-184bca47f458_build_220_0
    method: GET
    uri: https://management.azure.com/subscriptions/00000000-0000-0000-0000-000000000000/providers/Microsoft.Compute/locations/westus/capsOperations/688a3326-23ec-4d2a-bf73-2d5dd9710229?api-version=2022-03-03
  response:
    body:
      string: "{\r\n  \"startTime\": \"2023-01-29T00:01:35.3191174+00:00\",\r\n  \"status\":
        \"InProgress\",\r\n  \"name\": \"688a3326-23ec-4d2a-bf73-2d5dd9710229\"\r\n}"
    headers:
      cache-control:
      - no-cache
      content-length:
      - '134'
      content-type:
      - application/json; charset=utf-8
      date:
      - Sun, 29 Jan 2023 00:06:37 GMT
      expires:
      - '-1'
      pragma:
      - no-cache
      server:
      - Microsoft-HTTPAPI/2.0
      - Microsoft-HTTPAPI/2.0
      strict-transport-security:
      - max-age=31536000; includeSubDomains
      transfer-encoding:
      - chunked
      vary:
      - Accept-Encoding
      x-content-type-options:
      - nosniff
      x-ms-ratelimit-remaining-resource:
      - Microsoft.Compute/GetOperationStatus3Min;1193,Microsoft.Compute/GetOperationStatus30Min;4181
    status:
      code: 200
      message: OK
- request:
    body: null
    headers:
      Accept:
      - '*/*'
      Accept-Encoding:
      - gzip, deflate
      CommandName:
      - sig image-version create
      Connection:
      - keep-alive
      ParameterSetName:
      - --resource-group --gallery-name --gallery-image-definition --gallery-image-version
        --os-snapshot --target-regions --target-region-encryption --target-edge-zones
        --target-edge-zone-encryption
      User-Agent:
      - AZURECLI/2.44.1 azsdk-python-azure-mgmt-compute/29.0.0 Python/3.10.9 (Linux-5.15.0-1031-azure-x86_64-with-glibc2.31)
        VSTS_7b238909-6802-4b65-b90d-184bca47f458_build_220_0
    method: GET
    uri: https://management.azure.com/subscriptions/00000000-0000-0000-0000-000000000000/providers/Microsoft.Compute/locations/westus/capsOperations/688a3326-23ec-4d2a-bf73-2d5dd9710229?api-version=2022-03-03
  response:
    body:
      string: "{\r\n  \"startTime\": \"2023-01-29T00:01:35.3191174+00:00\",\r\n  \"status\":
        \"InProgress\",\r\n  \"name\": \"688a3326-23ec-4d2a-bf73-2d5dd9710229\"\r\n}"
    headers:
      cache-control:
      - no-cache
      content-length:
      - '134'
      content-type:
      - application/json; charset=utf-8
      date:
      - Sun, 29 Jan 2023 00:07:37 GMT
      expires:
      - '-1'
      pragma:
      - no-cache
      server:
      - Microsoft-HTTPAPI/2.0
      - Microsoft-HTTPAPI/2.0
      strict-transport-security:
      - max-age=31536000; includeSubDomains
      transfer-encoding:
      - chunked
      vary:
      - Accept-Encoding
      x-content-type-options:
      - nosniff
      x-ms-ratelimit-remaining-resource:
      - Microsoft.Compute/GetOperationStatus3Min;1191,Microsoft.Compute/GetOperationStatus30Min;4177
    status:
      code: 200
      message: OK
- request:
    body: null
    headers:
      Accept:
      - '*/*'
      Accept-Encoding:
      - gzip, deflate
      CommandName:
      - sig image-version create
      Connection:
      - keep-alive
      ParameterSetName:
      - --resource-group --gallery-name --gallery-image-definition --gallery-image-version
        --os-snapshot --target-regions --target-region-encryption --target-edge-zones
        --target-edge-zone-encryption
      User-Agent:
      - AZURECLI/2.44.1 azsdk-python-azure-mgmt-compute/29.0.0 Python/3.10.9 (Linux-5.15.0-1031-azure-x86_64-with-glibc2.31)
        VSTS_7b238909-6802-4b65-b90d-184bca47f458_build_220_0
    method: GET
    uri: https://management.azure.com/subscriptions/00000000-0000-0000-0000-000000000000/providers/Microsoft.Compute/locations/westus/capsOperations/688a3326-23ec-4d2a-bf73-2d5dd9710229?api-version=2022-03-03
  response:
    body:
      string: "{\r\n  \"startTime\": \"2023-01-29T00:01:35.3191174+00:00\",\r\n  \"status\":
        \"InProgress\",\r\n  \"name\": \"688a3326-23ec-4d2a-bf73-2d5dd9710229\"\r\n}"
    headers:
      cache-control:
      - no-cache
      content-length:
      - '134'
      content-type:
      - application/json; charset=utf-8
      date:
      - Sun, 29 Jan 2023 00:08:37 GMT
      expires:
      - '-1'
      pragma:
      - no-cache
      server:
      - Microsoft-HTTPAPI/2.0
      - Microsoft-HTTPAPI/2.0
      strict-transport-security:
      - max-age=31536000; includeSubDomains
      transfer-encoding:
      - chunked
      vary:
      - Accept-Encoding
      x-content-type-options:
      - nosniff
      x-ms-ratelimit-remaining-resource:
      - Microsoft.Compute/GetOperationStatus3Min;1191,Microsoft.Compute/GetOperationStatus30Min;4175
    status:
      code: 200
      message: OK
- request:
    body: null
    headers:
      Accept:
      - '*/*'
      Accept-Encoding:
      - gzip, deflate
      CommandName:
      - sig image-version create
      Connection:
      - keep-alive
      ParameterSetName:
      - --resource-group --gallery-name --gallery-image-definition --gallery-image-version
        --os-snapshot --target-regions --target-region-encryption --target-edge-zones
        --target-edge-zone-encryption
      User-Agent:
      - AZURECLI/2.44.1 azsdk-python-azure-mgmt-compute/29.0.0 Python/3.10.9 (Linux-5.15.0-1031-azure-x86_64-with-glibc2.31)
        VSTS_7b238909-6802-4b65-b90d-184bca47f458_build_220_0
    method: GET
    uri: https://management.azure.com/subscriptions/00000000-0000-0000-0000-000000000000/providers/Microsoft.Compute/locations/westus/capsOperations/688a3326-23ec-4d2a-bf73-2d5dd9710229?api-version=2022-03-03
  response:
    body:
      string: "{\r\n  \"startTime\": \"2023-01-29T00:01:35.3191174+00:00\",\r\n  \"endTime\":
        \"2023-01-29T00:09:06.0443131+00:00\",\r\n  \"status\": \"Succeeded\",\r\n
        \ \"name\": \"688a3326-23ec-4d2a-bf73-2d5dd9710229\"\r\n}"
    headers:
      cache-control:
      - no-cache
      content-length:
      - '184'
      content-type:
      - application/json; charset=utf-8
      date:
      - Sun, 29 Jan 2023 00:09:38 GMT
      expires:
      - '-1'
      pragma:
      - no-cache
      server:
      - Microsoft-HTTPAPI/2.0
      - Microsoft-HTTPAPI/2.0
      strict-transport-security:
      - max-age=31536000; includeSubDomains
      transfer-encoding:
      - chunked
      vary:
      - Accept-Encoding
      x-content-type-options:
      - nosniff
      x-ms-ratelimit-remaining-resource:
      - Microsoft.Compute/GetOperationStatus3Min;1191,Microsoft.Compute/GetOperationStatus30Min;4171
    status:
      code: 200
      message: OK
- request:
    body: null
    headers:
      Accept:
      - '*/*'
      Accept-Encoding:
      - gzip, deflate
      CommandName:
      - sig image-version create
      Connection:
      - keep-alive
      ParameterSetName:
      - --resource-group --gallery-name --gallery-image-definition --gallery-image-version
        --os-snapshot --target-regions --target-region-encryption --target-edge-zones
        --target-edge-zone-encryption
      User-Agent:
      - AZURECLI/2.44.1 azsdk-python-azure-mgmt-compute/29.0.0 Python/3.10.9 (Linux-5.15.0-1031-azure-x86_64-with-glibc2.31)
        VSTS_7b238909-6802-4b65-b90d-184bca47f458_build_220_0
    method: GET
    uri: https://management.azure.com/subscriptions/00000000-0000-0000-0000-000000000000/resourceGroups/cli_test_target_extended_locations_encryption000001/providers/Microsoft.Compute/galleries/gallery_000003/images/image1/versions/1.0.0?api-version=2022-03-03
  response:
    body:
      string: "{\r\n  \"name\": \"1.0.0\",\r\n  \"id\": \"/subscriptions/00000000-0000-0000-0000-000000000000/resourceGroups/cli_test_target_extended_locations_encryption000001/providers/Microsoft.Compute/galleries/gallery_000003/images/image1/versions/1.0.0\",\r\n
        \ \"type\": \"Microsoft.Compute/galleries/images/versions\",\r\n  \"location\":
        \"westus\",\r\n  \"tags\": {},\r\n  \"properties\": {\r\n    \"publishingProfile\":
        {\r\n      \"targetRegions\": [\r\n        {\r\n          \"name\": \"West
        US\",\r\n          \"regionalReplicaCount\": 1,\r\n          \"storageAccountType\":
        \"Standard_LRS\",\r\n          \"encryption\": {\r\n            \"osDiskImage\":
        {\r\n              \"securityProfile\": {},\r\n              \"diskEncryptionSetId\":
        \"/subscriptions/00000000-0000-0000-0000-000000000000/resourceGroups/cli_test_target_extended_locations_encryption000001/providers/Microsoft.Compute/diskEncryptionSets/des1-000005\"\r\n
        \           },\r\n            \"dataDiskImages\": [\r\n              {\r\n
        \               \"lun\": 0,\r\n                \"diskEncryptionSetId\": \"/subscriptions/00000000-0000-0000-0000-000000000000/resourceGroups/cli_test_target_extended_locations_encryption000001/providers/Microsoft.Compute/diskEncryptionSets/des1-000005\"\r\n
        \             }\r\n            ]\r\n          }\r\n        }\r\n      ],\r\n
        \     \"targetExtendedLocations\": [\r\n        {\r\n          \"extendedLocation\":
        {\r\n            \"type\": \"EdgeZone\",\r\n            \"name\": \"microsoftlosangeles1\"\r\n
        \         },\r\n          \"name\": \"West US\",\r\n          \"extendedLocationReplicaCount\":
        1,\r\n          \"storageAccountType\": \"StandardSSD_LRS\",\r\n          \"encryption\":
        {\r\n            \"osDiskImage\": {\r\n              \"securityProfile\":
        {},\r\n              \"diskEncryptionSetId\": \"/subscriptions/00000000-0000-0000-0000-000000000000/resourceGroups/cli_test_target_extended_locations_encryption000001/providers/Microsoft.Compute/diskEncryptionSets/des1-000005\"\r\n
        \           },\r\n            \"dataDiskImages\": [\r\n              {\r\n
        \               \"lun\": 0,\r\n                \"diskEncryptionSetId\": \"/subscriptions/00000000-0000-0000-0000-000000000000/resourceGroups/cli_test_target_extended_locations_encryption000001/providers/Microsoft.Compute/diskEncryptionSets/des1-000005\"\r\n
        \             }\r\n            ]\r\n          }\r\n        }\r\n      ],\r\n
        \     \"replicaCount\": 1,\r\n      \"excludeFromLatest\": false,\r\n      \"publishedDate\":
        \"2023-01-29T00:01:35.3191174+00:00\",\r\n      \"storageAccountType\": \"Standard_LRS\"\r\n
        \   },\r\n    \"storageProfile\": {\r\n      \"osDiskImage\": {\r\n        \"sizeInGB\":
        10,\r\n        \"hostCaching\": \"ReadWrite\",\r\n        \"source\": {\r\n
        \         \"id\": \"/subscriptions/00000000-0000-0000-0000-000000000000/resourceGroups/cli_test_target_extended_locations_encryption000001/providers/Microsoft.Compute/disks/disk\"\r\n
        \       }\r\n      }\r\n    },\r\n    \"safetyProfile\": {\r\n      \"reportedForPolicyViolation\":
        false,\r\n      \"allowDeletionOfReplicatedLocations\": false\r\n    },\r\n
        \   \"provisioningState\": \"Succeeded\"\r\n  }\r\n}"
    headers:
      cache-control:
      - no-cache
      content-length:
      - '2900'
      content-type:
      - application/json; charset=utf-8
      date:
      - Sun, 29 Jan 2023 00:09:38 GMT
      expires:
      - '-1'
      pragma:
      - no-cache
      server:
      - Microsoft-HTTPAPI/2.0
      - Microsoft-HTTPAPI/2.0
      strict-transport-security:
      - max-age=31536000; includeSubDomains
      transfer-encoding:
      - chunked
      vary:
      - Accept-Encoding
      x-content-type-options:
      - nosniff
      x-ms-ratelimit-remaining-resource:
      - Microsoft.Compute/GetGalleryImageVersion3Min;1997,Microsoft.Compute/GetGalleryImageVersion30Min;9984
    status:
      code: 200
      message: OK
version: 1
