interactions:
- request:
    body: null
    headers:
      Accept:
      - application/json
      Accept-Encoding:
      - gzip, deflate
      CommandName:
      - sig create
      Connection:
      - keep-alive
      ParameterSetName:
      - -g --gallery-name
      User-Agent:
      - AZURECLI/2.46.0 azsdk-python-azure-mgmt-resource/22.0.0 Python/3.10.9 (Windows-10-10.0.22621-SP0)
    method: GET
    uri: https://management.azure.com/subscriptions/00000000-0000-0000-0000-000000000000/resourcegroups/cli_test_image_update_add_set_000001?api-version=2022-09-01
  response:
    body:
      string: '{"id":"/subscriptions/00000000-0000-0000-0000-000000000000/resourceGroups/cli_test_image_update_add_set_000001","name":"cli_test_image_update_add_set_000001","type":"Microsoft.Resources/resourceGroups","location":"westus","tags":{"product":"azurecli","cause":"automation","date":"2023-03-15T07:49:39Z","StorageType":"Standard_LRS","type":"test"},"properties":{"provisioningState":"Succeeded"}}'
    headers:
      cache-control:
      - no-cache
      content-length:
      - '393'
      content-type:
      - application/json; charset=utf-8
      date:
      - Wed, 15 Mar 2023 07:49:42 GMT
      expires:
      - '-1'
      pragma:
      - no-cache
      strict-transport-security:
      - max-age=31536000; includeSubDomains
      vary:
      - Accept-Encoding
      x-content-type-options:
      - nosniff
    status:
      code: 200
      message: OK
- request:
    body: '{"location": "westus", "tags": {}}'
    headers:
      Accept:
      - application/json
      Accept-Encoding:
      - gzip, deflate
      CommandName:
      - sig create
      Connection:
      - keep-alive
      Content-Length:
      - '34'
      Content-Type:
      - application/json
      ParameterSetName:
      - -g --gallery-name
      User-Agent:
      - AZURECLI/2.46.0 azsdk-python-azure-mgmt-compute/29.1.0 Python/3.10.9 (Windows-10-10.0.22621-SP0)
    method: PUT
    uri: https://management.azure.com/subscriptions/00000000-0000-0000-0000-000000000000/resourceGroups/cli_test_image_update_add_set_000001/providers/Microsoft.Compute/galleries/gallery_000002?api-version=2021-10-01
  response:
    body:
      string: "{\r\n  \"name\": \"gallery_000002\",\r\n  \"id\": \"/subscriptions/00000000-0000-0000-0000-000000000000/resourceGroups/cli_test_image_update_add_set_000001/providers/Microsoft.Compute/galleries/gallery_000002\"\
        ,\r\n  \"type\": \"Microsoft.Compute/galleries\",\r\n  \"location\": \"westus\"\
        ,\r\n  \"tags\": {},\r\n  \"properties\": {\r\n    \"identifier\": {\r\n \
        \     \"uniqueName\": \"0b1f6471-1bf0-4dda-aec3-cb9272f09590-GALLERY_GDYNH6PJL4HK\"\
        \r\n    },\r\n    \"provisioningState\": \"Creating\"\r\n  }\r\n}"
    headers:
      azure-asyncoperation:
      - https://management.azure.com/subscriptions/00000000-0000-0000-0000-000000000000/providers/Microsoft.Compute/locations/westus/capsOperations/196d2322-2fc1-4d97-9731-7ddfc9c7adc1?api-version=2021-10-01
      cache-control:
      - no-cache
      content-length:
      - '455'
      content-type:
      - application/json; charset=utf-8
      date:
      - Wed, 15 Mar 2023 07:49:46 GMT
      expires:
      - '-1'
      pragma:
      - no-cache
      server:
      - Microsoft-HTTPAPI/2.0
      - Microsoft-HTTPAPI/2.0
      strict-transport-security:
      - max-age=31536000; includeSubDomains
      x-content-type-options:
      - nosniff
      x-ms-ratelimit-remaining-resource:
      - Microsoft.Compute/CreateUpdateGallery3Min;49,Microsoft.Compute/CreateUpdateGallery30Min;299
      x-ms-ratelimit-remaining-subscription-writes:
      - '1196'
    status:
      code: 201
      message: Created
- request:
    body: null
    headers:
      Accept:
      - '*/*'
      Accept-Encoding:
      - gzip, deflate
      CommandName:
      - sig create
      Connection:
      - keep-alive
      ParameterSetName:
      - -g --gallery-name
      User-Agent:
      - AZURECLI/2.46.0 azsdk-python-azure-mgmt-compute/29.1.0 Python/3.10.9 (Windows-10-10.0.22621-SP0)
    method: GET
    uri: https://management.azure.com/subscriptions/00000000-0000-0000-0000-000000000000/providers/Microsoft.Compute/locations/westus/capsOperations/196d2322-2fc1-4d97-9731-7ddfc9c7adc1?api-version=2021-10-01
  response:
    body:
      string: "{\r\n  \"startTime\": \"2023-03-15T07:49:47.059032+00:00\",\r\n  \"\
        endTime\": \"2023-03-15T07:49:47.3090343+00:00\",\r\n  \"status\": \"Succeeded\"\
        ,\r\n  \"name\": \"196d2322-2fc1-4d97-9731-7ddfc9c7adc1\"\r\n}"
    headers:
      cache-control:
      - no-cache
      content-length:
      - '183'
      content-type:
      - application/json; charset=utf-8
      date:
      - Wed, 15 Mar 2023 07:50:18 GMT
      expires:
      - '-1'
      pragma:
      - no-cache
      server:
      - Microsoft-HTTPAPI/2.0
      - Microsoft-HTTPAPI/2.0
      strict-transport-security:
      - max-age=31536000; includeSubDomains
      transfer-encoding:
      - chunked
      vary:
      - Accept-Encoding
      x-content-type-options:
      - nosniff
      x-ms-ratelimit-remaining-resource:
      - Microsoft.Compute/GetOperationStatus3Min;1198,Microsoft.Compute/GetOperationStatus30Min;4198
    status:
      code: 200
      message: OK
- request:
    body: null
    headers:
      Accept:
      - '*/*'
      Accept-Encoding:
      - gzip, deflate
      CommandName:
      - sig create
      Connection:
      - keep-alive
      ParameterSetName:
      - -g --gallery-name
      User-Agent:
      - AZURECLI/2.46.0 azsdk-python-azure-mgmt-compute/29.1.0 Python/3.10.9 (Windows-10-10.0.22621-SP0)
    method: GET
    uri: https://management.azure.com/subscriptions/00000000-0000-0000-0000-000000000000/resourceGroups/cli_test_image_update_add_set_000001/providers/Microsoft.Compute/galleries/gallery_000002?api-version=2021-10-01
  response:
    body:
      string: "{\r\n  \"name\": \"gallery_000002\",\r\n  \"id\": \"/subscriptions/00000000-0000-0000-0000-000000000000/resourceGroups/cli_test_image_update_add_set_000001/providers/Microsoft.Compute/galleries/gallery_000002\"\
        ,\r\n  \"type\": \"Microsoft.Compute/galleries\",\r\n  \"location\": \"westus\"\
        ,\r\n  \"tags\": {},\r\n  \"properties\": {\r\n    \"identifier\": {\r\n \
        \     \"uniqueName\": \"0b1f6471-1bf0-4dda-aec3-cb9272f09590-GALLERY_GDYNH6PJL4HK\"\
        \r\n    },\r\n    \"provisioningState\": \"Succeeded\"\r\n  }\r\n}"
    headers:
      cache-control:
      - no-cache
      content-length:
      - '456'
      content-type:
      - application/json; charset=utf-8
      date:
      - Wed, 15 Mar 2023 07:50:18 GMT
      expires:
      - '-1'
      pragma:
      - no-cache
      server:
      - Microsoft-HTTPAPI/2.0
      - Microsoft-HTTPAPI/2.0
      strict-transport-security:
      - max-age=31536000; includeSubDomains
      transfer-encoding:
      - chunked
      vary:
      - Accept-Encoding
      x-content-type-options:
      - nosniff
      x-ms-ratelimit-remaining-resource:
      - Microsoft.Compute/GetGallery3Min;346,Microsoft.Compute/GetGallery30Min;2496
    status:
      code: 200
      message: OK
- request:
    body: null
    headers:
      Accept:
      - application/json
      Accept-Encoding:
      - gzip, deflate
      CommandName:
      - sig image-definition create
      Connection:
      - keep-alive
      ParameterSetName:
      - -g --gallery-name --gallery-image-definition --os-type -p -f -s
      User-Agent:
      - AZURECLI/2.46.0 azsdk-python-azure-mgmt-resource/22.0.0 Python/3.10.9 (Windows-10-10.0.22621-SP0)
    method: GET
    uri: https://management.azure.com/subscriptions/00000000-0000-0000-0000-000000000000/resourcegroups/cli_test_image_update_add_set_000001?api-version=2022-09-01
  response:
    body:
      string: '{"id":"/subscriptions/00000000-0000-0000-0000-000000000000/resourceGroups/cli_test_image_update_add_set_000001","name":"cli_test_image_update_add_set_000001","type":"Microsoft.Resources/resourceGroups","location":"westus","tags":{"product":"azurecli","cause":"automation","date":"2023-03-15T07:49:39Z","StorageType":"Standard_LRS","type":"test"},"properties":{"provisioningState":"Succeeded"}}'
    headers:
      cache-control:
      - no-cache
      content-length:
      - '393'
      content-type:
      - application/json; charset=utf-8
      date:
      - Wed, 15 Mar 2023 07:50:19 GMT
      expires:
      - '-1'
      pragma:
      - no-cache
      strict-transport-security:
      - max-age=31536000; includeSubDomains
      vary:
      - Accept-Encoding
      x-content-type-options:
      - nosniff
    status:
      code: 200
      message: OK
- request:
    body: '{"location": "westus", "tags": {}, "properties": {"osType": "Linux", "osState":
      "Generalized", "hyperVGeneration": "V1", "identifier": {"publisher": "publisher1",
      "offer": "offer1", "sku": "sku1"}, "disallowed": {}}}'
    headers:
      Accept:
      - application/json
      Accept-Encoding:
      - gzip, deflate
      CommandName:
      - sig image-definition create
      Connection:
      - keep-alive
      Content-Length:
      - '216'
      Content-Type:
      - application/json
      ParameterSetName:
      - -g --gallery-name --gallery-image-definition --os-type -p -f -s
      User-Agent:
      - AZURECLI/2.46.0 azsdk-python-azure-mgmt-compute/29.1.0 Python/3.10.9 (Windows-10-10.0.22621-SP0)
    method: PUT
    uri: https://management.azure.com/subscriptions/00000000-0000-0000-0000-000000000000/resourceGroups/cli_test_image_update_add_set_000001/providers/Microsoft.Compute/galleries/gallery_000002/images/image1?api-version=2021-10-01
  response:
    body:
      string: "{\r\n  \"name\": \"image1\",\r\n  \"id\": \"/subscriptions/00000000-0000-0000-0000-000000000000/resourceGroups/cli_test_image_update_add_set_000001/providers/Microsoft.Compute/galleries/gallery_000002/images/image1\"\
        ,\r\n  \"type\": \"Microsoft.Compute/galleries/images\",\r\n  \"location\"\
        : \"westus\",\r\n  \"tags\": {},\r\n  \"properties\": {\r\n    \"hyperVGeneration\"\
        : \"V1\",\r\n    \"architecture\": \"x64\",\r\n    \"osType\": \"Linux\",\r\
        \n    \"osState\": \"Generalized\",\r\n    \"identifier\": {\r\n      \"publisher\"\
        : \"publisher1\",\r\n      \"offer\": \"offer1\",\r\n      \"sku\": \"sku1\"\
        \r\n    },\r\n    \"provisioningState\": \"Creating\"\r\n  }\r\n}"
    headers:
      azure-asyncoperation:
      - https://management.azure.com/subscriptions/00000000-0000-0000-0000-000000000000/providers/Microsoft.Compute/locations/westus/capsOperations/5feb084d-adf0-4445-87b5-cf9bbaf5c811?api-version=2021-10-01
      cache-control:
      - no-cache
      content-length:
      - '582'
      content-type:
      - application/json; charset=utf-8
      date:
      - Wed, 15 Mar 2023 07:50:23 GMT
      expires:
      - '-1'
      pragma:
      - no-cache
      server:
      - Microsoft-HTTPAPI/2.0
      - Microsoft-HTTPAPI/2.0
      strict-transport-security:
      - max-age=31536000; includeSubDomains
      x-content-type-options:
      - nosniff
      x-ms-ratelimit-remaining-resource:
      - Microsoft.Compute/CreateUpdateGalleryImage3Min;149,Microsoft.Compute/CreateUpdateGalleryImage30Min;749
      x-ms-ratelimit-remaining-subscription-writes:
      - '1195'
    status:
      code: 201
      message: Created
- request:
    body: null
    headers:
      Accept:
      - '*/*'
      Accept-Encoding:
      - gzip, deflate
      CommandName:
      - sig image-definition create
      Connection:
      - keep-alive
      ParameterSetName:
      - -g --gallery-name --gallery-image-definition --os-type -p -f -s
      User-Agent:
      - AZURECLI/2.46.0 azsdk-python-azure-mgmt-compute/29.1.0 Python/3.10.9 (Windows-10-10.0.22621-SP0)
    method: GET
    uri: https://management.azure.com/subscriptions/00000000-0000-0000-0000-000000000000/providers/Microsoft.Compute/locations/westus/capsOperations/5feb084d-adf0-4445-87b5-cf9bbaf5c811?api-version=2021-10-01
  response:
    body:
      string: "{\r\n  \"startTime\": \"2023-03-15T07:50:23.2312322+00:00\",\r\n  \"\
        endTime\": \"2023-03-15T07:50:23.3249718+00:00\",\r\n  \"status\": \"Succeeded\"\
        ,\r\n  \"name\": \"5feb084d-adf0-4445-87b5-cf9bbaf5c811\"\r\n}"
    headers:
      cache-control:
      - no-cache
      content-length:
      - '184'
      content-type:
      - application/json; charset=utf-8
      date:
      - Wed, 15 Mar 2023 07:50:53 GMT
      expires:
      - '-1'
      pragma:
      - no-cache
      server:
      - Microsoft-HTTPAPI/2.0
      - Microsoft-HTTPAPI/2.0
      strict-transport-security:
      - max-age=31536000; includeSubDomains
      transfer-encoding:
      - chunked
      vary:
      - Accept-Encoding
      x-content-type-options:
      - nosniff
      x-ms-ratelimit-remaining-resource:
      - Microsoft.Compute/GetOperationStatus3Min;1196,Microsoft.Compute/GetOperationStatus30Min;4196
    status:
      code: 200
      message: OK
- request:
    body: null
    headers:
      Accept:
      - '*/*'
      Accept-Encoding:
      - gzip, deflate
      CommandName:
      - sig image-definition create
      Connection:
      - keep-alive
      ParameterSetName:
      - -g --gallery-name --gallery-image-definition --os-type -p -f -s
      User-Agent:
      - AZURECLI/2.46.0 azsdk-python-azure-mgmt-compute/29.1.0 Python/3.10.9 (Windows-10-10.0.22621-SP0)
    method: GET
    uri: https://management.azure.com/subscriptions/00000000-0000-0000-0000-000000000000/resourceGroups/cli_test_image_update_add_set_000001/providers/Microsoft.Compute/galleries/gallery_000002/images/image1?api-version=2021-10-01
  response:
    body:
      string: "{\r\n  \"name\": \"image1\",\r\n  \"id\": \"/subscriptions/00000000-0000-0000-0000-000000000000/resourceGroups/cli_test_image_update_add_set_000001/providers/Microsoft.Compute/galleries/gallery_000002/images/image1\"\
        ,\r\n  \"type\": \"Microsoft.Compute/galleries/images\",\r\n  \"location\"\
        : \"westus\",\r\n  \"tags\": {},\r\n  \"properties\": {\r\n    \"hyperVGeneration\"\
        : \"V1\",\r\n    \"architecture\": \"x64\",\r\n    \"osType\": \"Linux\",\r\
        \n    \"osState\": \"Generalized\",\r\n    \"identifier\": {\r\n      \"publisher\"\
        : \"publisher1\",\r\n      \"offer\": \"offer1\",\r\n      \"sku\": \"sku1\"\
        \r\n    },\r\n    \"provisioningState\": \"Succeeded\"\r\n  }\r\n}"
    headers:
      cache-control:
      - no-cache
      content-length:
      - '583'
      content-type:
      - application/json; charset=utf-8
      date:
      - Wed, 15 Mar 2023 07:50:54 GMT
      expires:
      - '-1'
      pragma:
      - no-cache
      server:
      - Microsoft-HTTPAPI/2.0
      - Microsoft-HTTPAPI/2.0
      strict-transport-security:
      - max-age=31536000; includeSubDomains
      transfer-encoding:
      - chunked
      vary:
      - Accept-Encoding
      x-content-type-options:
      - nosniff
      x-ms-ratelimit-remaining-resource:
      - Microsoft.Compute/GetGalleryImage3Min;596,Microsoft.Compute/GetGalleryImage30Min;2996
    status:
      code: 200
      message: OK
- request:
    body: null
    headers:
      Accept:
      - application/json
      Accept-Encoding:
      - gzip, deflate
      CommandName:
      - vm create
      Connection:
      - keep-alive
      ParameterSetName:
      - -g -n --image --data-disk-sizes-gb --admin-username --generate-ssh-key --nsg-rule
      User-Agent:
      - AZURECLI/2.46.0 azsdk-python-azure-mgmt-resource/22.0.0 Python/3.10.9 (Windows-10-10.0.22621-SP0)
    method: GET
    uri: https://management.azure.com/subscriptions/00000000-0000-0000-0000-000000000000/resourcegroups/cli_test_image_update_add_set_000001?api-version=2022-09-01
  response:
    body:
      string: '{"id":"/subscriptions/00000000-0000-0000-0000-000000000000/resourceGroups/cli_test_image_update_add_set_000001","name":"cli_test_image_update_add_set_000001","type":"Microsoft.Resources/resourceGroups","location":"westus","tags":{"product":"azurecli","cause":"automation","date":"2023-03-15T07:49:39Z","StorageType":"Standard_LRS","type":"test"},"properties":{"provisioningState":"Succeeded"}}'
    headers:
      cache-control:
      - no-cache
      content-length:
      - '393'
      content-type:
      - application/json; charset=utf-8
      date:
      - Wed, 15 Mar 2023 07:50:55 GMT
      expires:
      - '-1'
      pragma:
      - no-cache
      strict-transport-security:
      - max-age=31536000; includeSubDomains
      vary:
      - Accept-Encoding
      x-content-type-options:
      - nosniff
    status:
      code: 200
      message: OK
- request:
    body: null
    headers:
      Accept:
      - '*/*'
      Accept-Encoding:
      - gzip, deflate
      Connection:
      - keep-alive
      User-Agent:
      - python-requests/2.26.0
    method: GET
    uri: https://raw.githubusercontent.com/Azure/azure-rest-api-specs/main/arm-compute/quickstart-templates/aliases.json
  response:
    body:
      string: "{\n  \"$schema\": \"http://schema.management.azure.com/schemas/2015-01-01/deploymentTemplate.json\"\
        ,\n  \"contentVersion\": \"1.0.0.0\",\n  \"parameters\": {},\n  \"variables\"\
        : {},\n  \"resources\": [],\n  \"outputs\": {\n    \"aliases\": {\n      \"\
        type\": \"object\",\n      \"value\": {\n        \"Linux\": {\n          \"\
        CentOS\": {\n            \"publisher\": \"OpenLogic\",\n            \"offer\"\
        : \"CentOS\",\n            \"sku\": \"7.5\",\n            \"version\": \"\
        latest\",\n            \"architecture\": \"x64\"\n          },\n         \
        \ \"Debian\": {\n            \"publisher\": \"Debian\",\n            \"offer\"\
        : \"debian-10\",\n            \"sku\": \"10\",\n            \"version\": \"\
        latest\",\n            \"architecture\": \"x64\"\n          },\n         \
        \ \"Flatcar\": {\n            \"publisher\": \"kinvolk\",\n            \"\
        offer\": \"flatcar-container-linux-free\",\n            \"sku\": \"stable\"\
        ,\n            \"version\": \"latest\",\n            \"architecture\": \"\
        x64\"\n          },\n          \"openSUSE-Leap\": {\n            \"publisher\"\
        : \"SUSE\",\n            \"offer\": \"opensuse-leap-15-3\",\n            \"\
        sku\": \"gen2\",\n            \"version\": \"latest\",\n            \"architecture\"\
        : \"x64\"\n          },\n          \"RHEL\": {\n            \"publisher\"\
        : \"RedHat\",\n            \"offer\": \"RHEL\",\n            \"sku\": \"7-LVM\"\
        ,\n            \"version\": \"latest\",\n            \"architecture\": \"\
        x64\"\n          },\n          \"SLES\": {\n            \"publisher\": \"\
        SUSE\",\n            \"offer\": \"sles-15-sp3\",\n            \"sku\": \"\
        gen2\",\n            \"version\": \"latest\",\n            \"architecture\"\
        : \"x64\"\n          },\n          \"UbuntuLTS\": {\n            \"publisher\"\
        : \"Canonical\",\n            \"offer\": \"UbuntuServer\",\n            \"\
        sku\": \"18.04-LTS\",\n            \"version\": \"latest\",\n            \"\
        architecture\": \"x64\"\n          }\n        },\n        \"Windows\": {\n\
        \          \"Win2022Datacenter\": {\n            \"publisher\": \"MicrosoftWindowsServer\"\
        ,\n            \"offer\": \"WindowsServer\",\n            \"sku\": \"2022-Datacenter\"\
        ,\n            \"version\": \"latest\",\n            \"architecture\": \"\
        x64\"\n          },\n          \"Win2022AzureEditionCore\": {\n          \
        \  \"publisher\": \"MicrosoftWindowsServer\",\n            \"offer\": \"WindowsServer\"\
        ,\n            \"sku\": \"2022-datacenter-azure-edition-core\",\n        \
        \    \"version\": \"latest\",\n            \"architecture\": \"x64\"\n   \
        \       },\n          \"Win2019Datacenter\": {\n            \"publisher\"\
        : \"MicrosoftWindowsServer\",\n            \"offer\": \"WindowsServer\",\n\
        \            \"sku\": \"2019-Datacenter\",\n            \"version\": \"latest\"\
        ,\n            \"architecture\": \"x64\"\n          },\n          \"Win2016Datacenter\"\
        : {\n            \"publisher\": \"MicrosoftWindowsServer\",\n            \"\
        offer\": \"WindowsServer\",\n            \"sku\": \"2016-Datacenter\",\n \
        \           \"version\": \"latest\",\n            \"architecture\": \"x64\"\
        \n          },\n          \"Win2012R2Datacenter\": {\n            \"publisher\"\
        : \"MicrosoftWindowsServer\",\n            \"offer\": \"WindowsServer\",\n\
        \            \"sku\": \"2012-R2-Datacenter\",\n            \"version\": \"\
        latest\",\n            \"architecture\": \"x64\"\n          },\n         \
        \ \"Win2012Datacenter\": {\n            \"publisher\": \"MicrosoftWindowsServer\"\
        ,\n            \"offer\": \"WindowsServer\",\n            \"sku\": \"2012-Datacenter\"\
        ,\n            \"version\": \"latest\",\n            \"architecture\": \"\
        x64\"\n          },\n          \"Win2008R2SP1\": {\n            \"publisher\"\
        : \"MicrosoftWindowsServer\",\n            \"offer\": \"WindowsServer\",\n\
        \            \"sku\": \"2008-R2-SP1\",\n            \"version\": \"latest\"\
        ,\n            \"architecture\": \"x64\"\n          }\n        }\n      }\n\
        \    }\n  }\n}"
    headers:
      accept-ranges:
      - bytes
      access-control-allow-origin:
      - '*'
      cache-control:
      - max-age=300
      connection:
      - keep-alive
      content-length:
      - '3463'
      content-security-policy:
      - default-src 'none'; style-src 'unsafe-inline'; sandbox
      content-type:
      - text/plain; charset=utf-8
      date:
      - Wed, 15 Mar 2023 07:50:56 GMT
      etag:
      - W/"41b202f4dc5098d126019dc00721a4c5e30df0c5196794514fadc3710ee2a5cb"
      expires:
      - Wed, 15 Mar 2023 07:55:56 GMT
      source-age:
      - '141'
      strict-transport-security:
      - max-age=31536000
      vary:
      - Authorization,Accept-Encoding,Origin
      via:
      - 1.1 varnish
      x-cache:
      - HIT
      x-cache-hits:
      - '1'
      x-content-type-options:
      - nosniff
      x-fastly-request-id:
      - 10ed0b6f1c19eef0b8861a5d1a3cbf3c4dd550dc
      x-frame-options:
      - deny
      x-github-request-id:
      - 5442:0861:573701:67099D:640F97FC
      x-served-by:
      - cache-qpg1269-QPG
      x-timer:
      - S1678866656.051119,VS0,VE1
      x-xss-protection:
      - 1; mode=block
    status:
      code: 200
      message: OK
- request:
    body: null
    headers:
      Accept:
      - application/json
      Accept-Encoding:
      - gzip, deflate
      CommandName:
      - vm create
      Connection:
      - keep-alive
      ParameterSetName:
      - -g -n --image --data-disk-sizes-gb --admin-username --generate-ssh-key --nsg-rule
      User-Agent:
      - AZURECLI/2.46.0 azsdk-python-azure-mgmt-compute/29.1.0 Python/3.10.9 (Windows-10-10.0.22621-SP0)
    method: GET
    uri: https://management.azure.com/subscriptions/00000000-0000-0000-0000-000000000000/providers/Microsoft.Compute/locations/westus/publishers/Debian/artifacttypes/vmimage/offers/debian-10/skus/10/versions?$top=1&$orderby=name%20desc&api-version=2022-11-01
  response:
    body:
      string: "[\r\n  {\r\n    \"location\": \"westus\",\r\n    \"name\": \"0.20230222.1299\"\
        ,\r\n    \"id\": \"/Subscriptions/00000000-0000-0000-0000-000000000000/Providers/Microsoft.Compute/Locations/westus/Publishers/Debian/ArtifactTypes/VMImage/Offers/debian-10/Skus/10/Versions/0.20230222.1299\"\
        \r\n  }\r\n]"
    headers:
      cache-control:
      - no-cache
      content-length:
      - '273'
      content-type:
      - application/json; charset=utf-8
      date:
      - Wed, 15 Mar 2023 07:50:56 GMT
      expires:
      - '-1'
      pragma:
      - no-cache
      server:
      - Microsoft-HTTPAPI/2.0
      - Microsoft-HTTPAPI/2.0
      strict-transport-security:
      - max-age=31536000; includeSubDomains
      transfer-encoding:
      - chunked
      vary:
      - Accept-Encoding
      x-content-type-options:
      - nosniff
      x-ms-ratelimit-remaining-resource:
      - Microsoft.Compute/ListVMImagesVersionsFromLocation3Min;15996,Microsoft.Compute/ListVMImagesVersionsFromLocation30Min;43974
    status:
      code: 200
      message: OK
- request:
    body: null
    headers:
      Accept:
      - application/json
      Accept-Encoding:
      - gzip, deflate
      CommandName:
      - vm create
      Connection:
      - keep-alive
      ParameterSetName:
      - -g -n --image --data-disk-sizes-gb --admin-username --generate-ssh-key --nsg-rule
      User-Agent:
      - AZURECLI/2.46.0 azsdk-python-azure-mgmt-compute/29.1.0 Python/3.10.9 (Windows-10-10.0.22621-SP0)
    method: GET
    uri: https://management.azure.com/subscriptions/00000000-0000-0000-0000-000000000000/providers/Microsoft.Compute/locations/westus/publishers/Debian/artifacttypes/vmimage/offers/debian-10/skus/10/versions/0.20230222.1299?api-version=2022-11-01
  response:
    body:
      string: "{\r\n  \"properties\": {\r\n    \"hyperVGeneration\": \"V1\",\r\n \
        \   \"architecture\": \"x64\",\r\n    \"replicaType\": \"Unmanaged\",\r\n\
        \    \"disallowed\": {\r\n      \"vmDiskType\": \"None\"\r\n    },\r\n   \
        \ \"automaticOSUpgradeProperties\": {\r\n      \"automaticOSUpgradeSupported\"\
        : false\r\n    },\r\n    \"imageDeprecationStatus\": {\r\n      \"imageState\"\
        : \"Active\"\r\n    },\r\n    \"features\": [\r\n      {\r\n        \"name\"\
        : \"IsAcceleratedNetworkSupported\",\r\n        \"value\": \"True\"\r\n  \
        \    },\r\n      {\r\n        \"name\": \"DiskControllerTypes\",\r\n     \
        \   \"value\": \"SCSI\"\r\n      },\r\n      {\r\n        \"name\": \"IsHibernateSupported\"\
        ,\r\n        \"value\": \"False\"\r\n      }\r\n    ],\r\n    \"osDiskImage\"\
        : {\r\n      \"operatingSystem\": \"Linux\",\r\n      \"sizeInGb\": 30,\r\n\
        \      \"sizeInBytes\": 32212255232\r\n    },\r\n    \"dataDiskImages\": []\r\
        \n  },\r\n  \"location\": \"westus\",\r\n  \"name\": \"0.20230222.1299\",\r\
        \n  \"id\": \"/Subscriptions/00000000-0000-0000-0000-000000000000/Providers/Microsoft.Compute/Locations/westus/Publishers/Debian/ArtifactTypes/VMImage/Offers/debian-10/Skus/10/Versions/0.20230222.1299\"\
        \r\n}"
    headers:
      cache-control:
      - no-cache
      content-length:
      - '1031'
      content-type:
      - application/json; charset=utf-8
      date:
      - Wed, 15 Mar 2023 07:50:57 GMT
      expires:
      - '-1'
      pragma:
      - no-cache
      server:
      - Microsoft-HTTPAPI/2.0
      - Microsoft-HTTPAPI/2.0
      strict-transport-security:
      - max-age=31536000; includeSubDomains
      transfer-encoding:
      - chunked
      vary:
      - Accept-Encoding
      x-content-type-options:
      - nosniff
      x-ms-ratelimit-remaining-resource:
      - Microsoft.Compute/GetVMImageFromLocation3Min;12996,Microsoft.Compute/GetVMImageFromLocation30Min;73976
    status:
      code: 200
      message: OK
- request:
    body: null
    headers:
      Accept:
      - application/json
      Accept-Encoding:
      - gzip, deflate
      CommandName:
      - vm create
      Connection:
      - keep-alive
      ParameterSetName:
      - -g -n --image --data-disk-sizes-gb --admin-username --generate-ssh-key --nsg-rule
      User-Agent:
      - AZURECLI/2.46.0 azsdk-python-azure-mgmt-network/21.0.1 Python/3.10.9 (Windows-10-10.0.22621-SP0)
    method: GET
    uri: https://management.azure.com/subscriptions/00000000-0000-0000-0000-000000000000/resourceGroups/cli_test_image_update_add_set_000001/providers/Microsoft.Network/virtualNetworks?api-version=2022-01-01
  response:
    body:
      string: '{"value":[]}'
    headers:
      cache-control:
      - no-cache
      content-length:
      - '12'
      content-type:
      - application/json; charset=utf-8
      date:
      - Wed, 15 Mar 2023 07:50:58 GMT
      expires:
      - '-1'
      pragma:
      - no-cache
      strict-transport-security:
      - max-age=31536000; includeSubDomains
      vary:
      - Accept-Encoding
      x-content-type-options:
      - nosniff
    status:
      code: 200
      message: OK
- request:
    body: null
    headers:
      Accept:
      - '*/*'
      Accept-Encoding:
      - gzip, deflate
      Connection:
      - keep-alive
      User-Agent:
      - python-requests/2.26.0
    method: GET
    uri: https://raw.githubusercontent.com/Azure/azure-rest-api-specs/main/arm-compute/quickstart-templates/aliases.json
  response:
    body:
      string: "{\n  \"$schema\": \"http://schema.management.azure.com/schemas/2015-01-01/deploymentTemplate.json\"\
        ,\n  \"contentVersion\": \"1.0.0.0\",\n  \"parameters\": {},\n  \"variables\"\
        : {},\n  \"resources\": [],\n  \"outputs\": {\n    \"aliases\": {\n      \"\
        type\": \"object\",\n      \"value\": {\n        \"Linux\": {\n          \"\
        CentOS\": {\n            \"publisher\": \"OpenLogic\",\n            \"offer\"\
        : \"CentOS\",\n            \"sku\": \"7.5\",\n            \"version\": \"\
        latest\",\n            \"architecture\": \"x64\"\n          },\n         \
        \ \"Debian\": {\n            \"publisher\": \"Debian\",\n            \"offer\"\
        : \"debian-10\",\n            \"sku\": \"10\",\n            \"version\": \"\
        latest\",\n            \"architecture\": \"x64\"\n          },\n         \
        \ \"Flatcar\": {\n            \"publisher\": \"kinvolk\",\n            \"\
        offer\": \"flatcar-container-linux-free\",\n            \"sku\": \"stable\"\
        ,\n            \"version\": \"latest\",\n            \"architecture\": \"\
        x64\"\n          },\n          \"openSUSE-Leap\": {\n            \"publisher\"\
        : \"SUSE\",\n            \"offer\": \"opensuse-leap-15-3\",\n            \"\
        sku\": \"gen2\",\n            \"version\": \"latest\",\n            \"architecture\"\
        : \"x64\"\n          },\n          \"RHEL\": {\n            \"publisher\"\
        : \"RedHat\",\n            \"offer\": \"RHEL\",\n            \"sku\": \"7-LVM\"\
        ,\n            \"version\": \"latest\",\n            \"architecture\": \"\
        x64\"\n          },\n          \"SLES\": {\n            \"publisher\": \"\
        SUSE\",\n            \"offer\": \"sles-15-sp3\",\n            \"sku\": \"\
        gen2\",\n            \"version\": \"latest\",\n            \"architecture\"\
        : \"x64\"\n          },\n          \"UbuntuLTS\": {\n            \"publisher\"\
        : \"Canonical\",\n            \"offer\": \"UbuntuServer\",\n            \"\
        sku\": \"18.04-LTS\",\n            \"version\": \"latest\",\n            \"\
        architecture\": \"x64\"\n          }\n        },\n        \"Windows\": {\n\
        \          \"Win2022Datacenter\": {\n            \"publisher\": \"MicrosoftWindowsServer\"\
        ,\n            \"offer\": \"WindowsServer\",\n            \"sku\": \"2022-Datacenter\"\
        ,\n            \"version\": \"latest\",\n            \"architecture\": \"\
        x64\"\n          },\n          \"Win2022AzureEditionCore\": {\n          \
        \  \"publisher\": \"MicrosoftWindowsServer\",\n            \"offer\": \"WindowsServer\"\
        ,\n            \"sku\": \"2022-datacenter-azure-edition-core\",\n        \
        \    \"version\": \"latest\",\n            \"architecture\": \"x64\"\n   \
        \       },\n          \"Win2019Datacenter\": {\n            \"publisher\"\
        : \"MicrosoftWindowsServer\",\n            \"offer\": \"WindowsServer\",\n\
        \            \"sku\": \"2019-Datacenter\",\n            \"version\": \"latest\"\
        ,\n            \"architecture\": \"x64\"\n          },\n          \"Win2016Datacenter\"\
        : {\n            \"publisher\": \"MicrosoftWindowsServer\",\n            \"\
        offer\": \"WindowsServer\",\n            \"sku\": \"2016-Datacenter\",\n \
        \           \"version\": \"latest\",\n            \"architecture\": \"x64\"\
        \n          },\n          \"Win2012R2Datacenter\": {\n            \"publisher\"\
        : \"MicrosoftWindowsServer\",\n            \"offer\": \"WindowsServer\",\n\
        \            \"sku\": \"2012-R2-Datacenter\",\n            \"version\": \"\
        latest\",\n            \"architecture\": \"x64\"\n          },\n         \
        \ \"Win2012Datacenter\": {\n            \"publisher\": \"MicrosoftWindowsServer\"\
        ,\n            \"offer\": \"WindowsServer\",\n            \"sku\": \"2012-Datacenter\"\
        ,\n            \"version\": \"latest\",\n            \"architecture\": \"\
        x64\"\n          },\n          \"Win2008R2SP1\": {\n            \"publisher\"\
        : \"MicrosoftWindowsServer\",\n            \"offer\": \"WindowsServer\",\n\
        \            \"sku\": \"2008-R2-SP1\",\n            \"version\": \"latest\"\
        ,\n            \"architecture\": \"x64\"\n          }\n        }\n      }\n\
        \    }\n  }\n}"
    headers:
      accept-ranges:
      - bytes
      access-control-allow-origin:
      - '*'
      cache-control:
      - max-age=300
      connection:
      - keep-alive
      content-length:
      - '3463'
      content-security-policy:
      - default-src 'none'; style-src 'unsafe-inline'; sandbox
      content-type:
      - text/plain; charset=utf-8
      date:
      - Wed, 15 Mar 2023 07:50:58 GMT
      etag:
      - W/"41b202f4dc5098d126019dc00721a4c5e30df0c5196794514fadc3710ee2a5cb"
      expires:
      - Wed, 15 Mar 2023 07:55:58 GMT
      source-age:
      - '143'
      strict-transport-security:
      - max-age=31536000
      vary:
      - Authorization,Accept-Encoding,Origin
      via:
      - 1.1 varnish
      x-cache:
      - HIT
      x-cache-hits:
      - '1'
      x-content-type-options:
      - nosniff
      x-fastly-request-id:
      - fd54023c468978e01f7b7c1f5ea6d235b7471d25
      x-frame-options:
      - deny
      x-github-request-id:
      - 5442:0861:573701:67099D:640F97FC
      x-served-by:
      - cache-qpg1221-QPG
      x-timer:
      - S1678866659.914306,VS0,VE1
      x-xss-protection:
      - 1; mode=block
    status:
      code: 200
      message: OK
- request:
    body: null
    headers:
      Accept:
      - application/json
      Accept-Encoding:
      - gzip, deflate
      CommandName:
      - vm create
      Connection:
      - keep-alive
      ParameterSetName:
      - -g -n --image --data-disk-sizes-gb --admin-username --generate-ssh-key --nsg-rule
      User-Agent:
      - AZURECLI/2.46.0 azsdk-python-azure-mgmt-compute/29.1.0 Python/3.10.9 (Windows-10-10.0.22621-SP0)
    method: GET
    uri: https://management.azure.com/subscriptions/00000000-0000-0000-0000-000000000000/providers/Microsoft.Compute/locations/westus/publishers/Debian/artifacttypes/vmimage/offers/debian-10/skus/10/versions?$top=1&$orderby=name%20desc&api-version=2022-11-01
  response:
    body:
      string: "[\r\n  {\r\n    \"location\": \"westus\",\r\n    \"name\": \"0.20230222.1299\"\
        ,\r\n    \"id\": \"/Subscriptions/00000000-0000-0000-0000-000000000000/Providers/Microsoft.Compute/Locations/westus/Publishers/Debian/ArtifactTypes/VMImage/Offers/debian-10/Skus/10/Versions/0.20230222.1299\"\
        \r\n  }\r\n]"
    headers:
      cache-control:
      - no-cache
      content-length:
      - '273'
      content-type:
      - application/json; charset=utf-8
      date:
      - Wed, 15 Mar 2023 07:51:00 GMT
      expires:
      - '-1'
      pragma:
      - no-cache
      server:
      - Microsoft-HTTPAPI/2.0
      - Microsoft-HTTPAPI/2.0
      strict-transport-security:
      - max-age=31536000; includeSubDomains
      transfer-encoding:
      - chunked
      vary:
      - Accept-Encoding
      x-content-type-options:
      - nosniff
      x-ms-ratelimit-remaining-resource:
      - Microsoft.Compute/ListVMImagesVersionsFromLocation3Min;15995,Microsoft.Compute/ListVMImagesVersionsFromLocation30Min;43973
    status:
      code: 200
      message: OK
- request:
    body: null
    headers:
      Accept:
      - application/json
      Accept-Encoding:
      - gzip, deflate
      CommandName:
      - vm create
      Connection:
      - keep-alive
      ParameterSetName:
      - -g -n --image --data-disk-sizes-gb --admin-username --generate-ssh-key --nsg-rule
      User-Agent:
      - AZURECLI/2.46.0 azsdk-python-azure-mgmt-compute/29.1.0 Python/3.10.9 (Windows-10-10.0.22621-SP0)
    method: GET
    uri: https://management.azure.com/subscriptions/00000000-0000-0000-0000-000000000000/providers/Microsoft.Compute/locations/westus/publishers/Debian/artifacttypes/vmimage/offers/debian-10/skus/10/versions/0.20230222.1299?api-version=2022-11-01
  response:
    body:
      string: "{\r\n  \"properties\": {\r\n    \"hyperVGeneration\": \"V1\",\r\n \
        \   \"architecture\": \"x64\",\r\n    \"replicaType\": \"Unmanaged\",\r\n\
        \    \"disallowed\": {\r\n      \"vmDiskType\": \"None\"\r\n    },\r\n   \
        \ \"automaticOSUpgradeProperties\": {\r\n      \"automaticOSUpgradeSupported\"\
        : false\r\n    },\r\n    \"imageDeprecationStatus\": {\r\n      \"imageState\"\
        : \"Active\"\r\n    },\r\n    \"features\": [\r\n      {\r\n        \"name\"\
        : \"IsAcceleratedNetworkSupported\",\r\n        \"value\": \"True\"\r\n  \
        \    },\r\n      {\r\n        \"name\": \"DiskControllerTypes\",\r\n     \
        \   \"value\": \"SCSI\"\r\n      },\r\n      {\r\n        \"name\": \"IsHibernateSupported\"\
        ,\r\n        \"value\": \"False\"\r\n      }\r\n    ],\r\n    \"osDiskImage\"\
        : {\r\n      \"operatingSystem\": \"Linux\",\r\n      \"sizeInGb\": 30,\r\n\
        \      \"sizeInBytes\": 32212255232\r\n    },\r\n    \"dataDiskImages\": []\r\
        \n  },\r\n  \"location\": \"westus\",\r\n  \"name\": \"0.20230222.1299\",\r\
        \n  \"id\": \"/Subscriptions/00000000-0000-0000-0000-000000000000/Providers/Microsoft.Compute/Locations/westus/Publishers/Debian/ArtifactTypes/VMImage/Offers/debian-10/Skus/10/Versions/0.20230222.1299\"\
        \r\n}"
    headers:
      cache-control:
      - no-cache
      content-length:
      - '1031'
      content-type:
      - application/json; charset=utf-8
      date:
      - Wed, 15 Mar 2023 07:51:00 GMT
      expires:
      - '-1'
      pragma:
      - no-cache
      server:
      - Microsoft-HTTPAPI/2.0
      - Microsoft-HTTPAPI/2.0
      strict-transport-security:
      - max-age=31536000; includeSubDomains
      transfer-encoding:
      - chunked
      vary:
      - Accept-Encoding
      x-content-type-options:
      - nosniff
      x-ms-ratelimit-remaining-resource:
      - Microsoft.Compute/GetVMImageFromLocation3Min;12995,Microsoft.Compute/GetVMImageFromLocation30Min;73975
    status:
      code: 200
      message: OK
- request:
    body: null
    headers:
      Accept:
      - application/json
      Accept-Encoding:
      - gzip, deflate
      CommandName:
      - vm create
      Connection:
      - keep-alive
      ParameterSetName:
      - -g -n --image --data-disk-sizes-gb --admin-username --generate-ssh-key --nsg-rule
      User-Agent:
      - AZURECLI/2.46.0 azsdk-python-azure-mgmt-compute/29.1.0 Python/3.10.9 (Windows-10-10.0.22621-SP0)
    method: GET
    uri: https://management.azure.com/subscriptions/00000000-0000-0000-0000-000000000000/providers/Microsoft.Compute/locations/westus/publishers/Debian/artifacttypes/vmimage/offers/debian-10/skus/10/versions?$top=1&$orderby=name%20desc&api-version=2022-11-01
  response:
    body:
      string: "[\r\n  {\r\n    \"location\": \"westus\",\r\n    \"name\": \"0.20230222.1299\"\
        ,\r\n    \"id\": \"/Subscriptions/00000000-0000-0000-0000-000000000000/Providers/Microsoft.Compute/Locations/westus/Publishers/Debian/ArtifactTypes/VMImage/Offers/debian-10/Skus/10/Versions/0.20230222.1299\"\
        \r\n  }\r\n]"
    headers:
      cache-control:
      - no-cache
      content-length:
      - '273'
      content-type:
      - application/json; charset=utf-8
      date:
      - Wed, 15 Mar 2023 07:51:02 GMT
      expires:
      - '-1'
      pragma:
      - no-cache
      server:
      - Microsoft-HTTPAPI/2.0
      - Microsoft-HTTPAPI/2.0
      strict-transport-security:
      - max-age=31536000; includeSubDomains
      transfer-encoding:
      - chunked
      vary:
      - Accept-Encoding
      x-content-type-options:
      - nosniff
      x-ms-ratelimit-remaining-resource:
      - Microsoft.Compute/ListVMImagesVersionsFromLocation3Min;15993,Microsoft.Compute/ListVMImagesVersionsFromLocation30Min;43971
    status:
      code: 200
      message: OK
- request:
    body: null
    headers:
      Accept:
      - application/json
      Accept-Encoding:
      - gzip, deflate
      CommandName:
      - vm create
      Connection:
      - keep-alive
      ParameterSetName:
      - -g -n --image --data-disk-sizes-gb --admin-username --generate-ssh-key --nsg-rule
      User-Agent:
      - AZURECLI/2.46.0 azsdk-python-azure-mgmt-compute/29.1.0 Python/3.10.9 (Windows-10-10.0.22621-SP0)
    method: GET
    uri: https://management.azure.com/subscriptions/00000000-0000-0000-0000-000000000000/providers/Microsoft.Compute/locations/westus/publishers/Debian/artifacttypes/vmimage/offers/debian-10/skus/10/versions/0.20230222.1299?api-version=2022-11-01
  response:
    body:
      string: "{\r\n  \"properties\": {\r\n    \"hyperVGeneration\": \"V1\",\r\n \
        \   \"architecture\": \"x64\",\r\n    \"replicaType\": \"Unmanaged\",\r\n\
        \    \"disallowed\": {\r\n      \"vmDiskType\": \"None\"\r\n    },\r\n   \
        \ \"automaticOSUpgradeProperties\": {\r\n      \"automaticOSUpgradeSupported\"\
        : false\r\n    },\r\n    \"imageDeprecationStatus\": {\r\n      \"imageState\"\
        : \"Active\"\r\n    },\r\n    \"features\": [\r\n      {\r\n        \"name\"\
        : \"IsAcceleratedNetworkSupported\",\r\n        \"value\": \"True\"\r\n  \
        \    },\r\n      {\r\n        \"name\": \"DiskControllerTypes\",\r\n     \
        \   \"value\": \"SCSI\"\r\n      },\r\n      {\r\n        \"name\": \"IsHibernateSupported\"\
        ,\r\n        \"value\": \"False\"\r\n      }\r\n    ],\r\n    \"osDiskImage\"\
        : {\r\n      \"operatingSystem\": \"Linux\",\r\n      \"sizeInGb\": 30,\r\n\
        \      \"sizeInBytes\": 32212255232\r\n    },\r\n    \"dataDiskImages\": []\r\
        \n  },\r\n  \"location\": \"westus\",\r\n  \"name\": \"0.20230222.1299\",\r\
        \n  \"id\": \"/Subscriptions/00000000-0000-0000-0000-000000000000/Providers/Microsoft.Compute/Locations/westus/Publishers/Debian/ArtifactTypes/VMImage/Offers/debian-10/Skus/10/Versions/0.20230222.1299\"\
        \r\n}"
    headers:
      cache-control:
      - no-cache
      content-length:
      - '1031'
      content-type:
      - application/json; charset=utf-8
      date:
      - Wed, 15 Mar 2023 07:51:04 GMT
      expires:
      - '-1'
      pragma:
      - no-cache
      server:
      - Microsoft-HTTPAPI/2.0
      - Microsoft-HTTPAPI/2.0
      strict-transport-security:
      - max-age=31536000; includeSubDomains
      transfer-encoding:
      - chunked
      vary:
      - Accept-Encoding
      x-content-type-options:
      - nosniff
      x-ms-ratelimit-remaining-resource:
      - Microsoft.Compute/GetVMImageFromLocation3Min;12994,Microsoft.Compute/GetVMImageFromLocation30Min;73974
    status:
      code: 200
      message: OK
- request:
    body: '{"properties": {"template": {"$schema": "https://schema.management.azure.com/schemas/2015-01-01/deploymentTemplate.json#",
      "contentVersion": "1.0.0.0", "parameters": {}, "variables": {}, "resources":
      [{"name": "vm1VNET", "type": "Microsoft.Network/virtualNetworks", "location":
      "westus", "apiVersion": "2015-06-15", "dependsOn": [], "tags": {}, "properties":
      {"addressSpace": {"addressPrefixes": ["10.0.0.0/16"]}, "subnets": [{"name":
      "vm1Subnet", "properties": {"addressPrefix": "10.0.0.0/24"}}]}}, {"type": "Microsoft.Network/networkSecurityGroups",
      "name": "vm1NSG", "apiVersion": "2015-06-15", "location": "westus", "tags":
      {}, "dependsOn": []}, {"apiVersion": "2022-01-01", "type": "Microsoft.Network/publicIPAddresses",
      "name": "vm1PublicIP", "location": "westus", "tags": {}, "dependsOn": [], "properties":
      {"publicIPAllocationMethod": null}}, {"apiVersion": "2015-06-15", "type": "Microsoft.Network/networkInterfaces",
      "name": "vm1VMNic", "location": "westus", "tags": {}, "dependsOn": ["Microsoft.Network/virtualNetworks/vm1VNET",
      "Microsoft.Network/networkSecurityGroups/vm1NSG", "Microsoft.Network/publicIpAddresses/vm1PublicIP"],
      "properties": {"ipConfigurations": [{"name": "ipconfigvm1", "properties": {"privateIPAllocationMethod":
      "Dynamic", "subnet": {"id": "/subscriptions/00000000-0000-0000-0000-000000000000/resourceGroups/cli_test_image_update_add_set_000001/providers/Microsoft.Network/virtualNetworks/vm1VNET/subnets/vm1Subnet"},
      "publicIPAddress": {"id": "/subscriptions/00000000-0000-0000-0000-000000000000/resourceGroups/cli_test_image_update_add_set_000001/providers/Microsoft.Network/publicIPAddresses/vm1PublicIP"}}}],
      "networkSecurityGroup": {"id": "/subscriptions/00000000-0000-0000-0000-000000000000/resourceGroups/cli_test_image_update_add_set_000001/providers/Microsoft.Network/networkSecurityGroups/vm1NSG"}}},
      {"apiVersion": "2022-11-01", "type": "Microsoft.Compute/virtualMachines", "name":
      "vm1", "location": "westus", "tags": {}, "dependsOn": ["Microsoft.Network/networkInterfaces/vm1VMNic"],
      "properties": {"hardwareProfile": {"vmSize": "Standard_DS1_v2"}, "networkProfile":
      {"networkInterfaces": [{"id": "/subscriptions/00000000-0000-0000-0000-000000000000/resourceGroups/cli_test_image_update_add_set_000001/providers/Microsoft.Network/networkInterfaces/vm1VMNic",
      "properties": {"deleteOption": null}}]}, "storageProfile": {"osDisk": {"createOption":
      "fromImage", "name": null, "caching": "ReadWrite", "managedDisk": {"storageAccountType":
      null}}, "imageReference": {"publisher": "Debian", "offer": "debian-10", "sku":
      "10", "version": "latest"}, "dataDisks": [{"lun": 0, "managedDisk": {"storageAccountType":
      null}, "createOption": "empty", "diskSizeGB": 10}]}, "osProfile": {"computerName":
      "vm1", "adminUsername": "clitest1", "linuxConfiguration": {"disablePasswordAuthentication":
      true, "ssh": {"publicKeys": [{"keyData": "ssh-rsa AAAAB3NzaC1yc2EAAAADAQABAAABAQCp+Uh121QVTLREpkf/YFK3TAtX1tnj80+wIyV9TgXhX+49paW0rS9LvgQaZFvyW2We/ItBYlQis1nFKdvrGFGdZf954LkjCbs8yMfLTkw3TiHAgjKEtokwimBkYF7u1T/E47kAUk7dGmTL9I0hVLJzN1BEFkrQPrNwatIxNEZowI/hN9ZGLDZ+sjORtD4igKZ/Wp6U0+sXFW1zuBUIrCAh411vHTrRcn9E1r72RBk6NQJN1fGCIybq2YTB0v90ygt80BWw/0/3qu+jcWWMBSdwQx81RUvUteURd5WPGW5L6vE0lLSpWOrK/3xiACJZmsgyAN5iZz/n0CVfBxRI6Ehr",
      "path": "/home/clitest1/.ssh/authorized_keys"}]}}}}}], "outputs": {}}, "parameters":
      {}, "mode": "incremental"}}'
    headers:
      Accept:
      - application/json
      Accept-Encoding:
      - gzip, deflate
      CommandName:
      - vm create
      Connection:
      - keep-alive
      Content-Length:
      - '3364'
      Content-Type:
      - application/json
      ParameterSetName:
      - -g -n --image --data-disk-sizes-gb --admin-username --generate-ssh-key --nsg-rule
      User-Agent:
      - AZURECLI/2.46.0 azsdk-python-azure-mgmt-resource/22.0.0 Python/3.10.9 (Windows-10-10.0.22621-SP0)
    method: PUT
    uri: https://management.azure.com/subscriptions/00000000-0000-0000-0000-000000000000/resourcegroups/cli_test_image_update_add_set_000001/providers/Microsoft.Resources/deployments/mock-deployment?api-version=2022-09-01
  response:
    body:
      string: '{"id":"/subscriptions/00000000-0000-0000-0000-000000000000/resourceGroups/cli_test_image_update_add_set_000001/providers/Microsoft.Resources/deployments/vm_deploy_8W6HEnUaQHcxaG4AmWW5CgwADTYJBOT5","name":"vm_deploy_8W6HEnUaQHcxaG4AmWW5CgwADTYJBOT5","type":"Microsoft.Resources/deployments","properties":{"templateHash":"11786903097069479867","parameters":{},"mode":"Incremental","provisioningState":"Accepted","timestamp":"2023-03-15T07:51:09.4937948Z","duration":"PT0.0009551S","correlationId":"f7d2f326-e954-4c63-a209-6d83c8d6fb5d","providers":[{"namespace":"Microsoft.Network","resourceTypes":[{"resourceType":"virtualNetworks","locations":["westus"]},{"resourceType":"networkSecurityGroups","locations":["westus"]},{"resourceType":"publicIPAddresses","locations":["westus"]},{"resourceType":"networkInterfaces","locations":["westus"]}]},{"namespace":"Microsoft.Compute","resourceTypes":[{"resourceType":"virtualMachines","locations":["westus"]}]}],"dependencies":[{"dependsOn":[{"id":"/subscriptions/00000000-0000-0000-0000-000000000000/resourceGroups/cli_test_image_update_add_set_000001/providers/Microsoft.Network/virtualNetworks/vm1VNET","resourceType":"Microsoft.Network/virtualNetworks","resourceName":"vm1VNET"},{"id":"/subscriptions/00000000-0000-0000-0000-000000000000/resourceGroups/cli_test_image_update_add_set_000001/providers/Microsoft.Network/networkSecurityGroups/vm1NSG","resourceType":"Microsoft.Network/networkSecurityGroups","resourceName":"vm1NSG"},{"id":"/subscriptions/00000000-0000-0000-0000-000000000000/resourceGroups/cli_test_image_update_add_set_000001/providers/Microsoft.Network/publicIPAddresses/vm1PublicIP","resourceType":"Microsoft.Network/publicIPAddresses","resourceName":"vm1PublicIP"}],"id":"/subscriptions/00000000-0000-0000-0000-000000000000/resourceGroups/cli_test_image_update_add_set_000001/providers/Microsoft.Network/networkInterfaces/vm1VMNic","resourceType":"Microsoft.Network/networkInterfaces","resourceName":"vm1VMNic"},{"dependsOn":[{"id":"/subscriptions/00000000-0000-0000-0000-000000000000/resourceGroups/cli_test_image_update_add_set_000001/providers/Microsoft.Network/networkInterfaces/vm1VMNic","resourceType":"Microsoft.Network/networkInterfaces","resourceName":"vm1VMNic"}],"id":"/subscriptions/00000000-0000-0000-0000-000000000000/resourceGroups/cli_test_image_update_add_set_000001/providers/Microsoft.Compute/virtualMachines/vm1","resourceType":"Microsoft.Compute/virtualMachines","resourceName":"vm1"}]}}'
    headers:
      azure-asyncoperation:
      - https://management.azure.com/subscriptions/00000000-0000-0000-0000-000000000000/resourcegroups/cli_test_image_update_add_set_000001/providers/Microsoft.Resources/deployments/vm_deploy_8W6HEnUaQHcxaG4AmWW5CgwADTYJBOT5/operationStatuses/08585227402194619932?api-version=2022-09-01
      cache-control:
      - no-cache
      content-length:
      - '2470'
      content-type:
      - application/json; charset=utf-8
      date:
      - Wed, 15 Mar 2023 07:51:10 GMT
      expires:
      - '-1'
      pragma:
      - no-cache
      strict-transport-security:
      - max-age=31536000; includeSubDomains
      x-content-type-options:
      - nosniff
      x-ms-ratelimit-remaining-subscription-writes:
      - '1194'
    status:
      code: 201
      message: Created
- request:
    body: null
    headers:
      Accept:
      - '*/*'
      Accept-Encoding:
      - gzip, deflate
      CommandName:
      - vm create
      Connection:
      - keep-alive
      ParameterSetName:
      - -g -n --image --data-disk-sizes-gb --admin-username --generate-ssh-key --nsg-rule
      User-Agent:
      - AZURECLI/2.46.0 azsdk-python-azure-mgmt-resource/22.0.0 Python/3.10.9 (Windows-10-10.0.22621-SP0)
    method: GET
    uri: https://management.azure.com/subscriptions/00000000-0000-0000-0000-000000000000/resourcegroups/cli_test_image_update_add_set_000001/providers/Microsoft.Resources/deployments/mock-deployment/operationStatuses/08585227402194619932?api-version=2022-09-01
  response:
    body:
      string: '{"status":"Running"}'
    headers:
      cache-control:
      - no-cache
      content-length:
      - '20'
      content-type:
      - application/json; charset=utf-8
      date:
      - Wed, 15 Mar 2023 07:51:41 GMT
      expires:
      - '-1'
      pragma:
      - no-cache
      strict-transport-security:
      - max-age=31536000; includeSubDomains
      vary:
      - Accept-Encoding
      x-content-type-options:
      - nosniff
    status:
      code: 200
      message: OK
- request:
    body: null
    headers:
      Accept:
      - '*/*'
      Accept-Encoding:
      - gzip, deflate
      CommandName:
      - vm create
      Connection:
      - keep-alive
      ParameterSetName:
      - -g -n --image --data-disk-sizes-gb --admin-username --generate-ssh-key --nsg-rule
      User-Agent:
      - AZURECLI/2.46.0 azsdk-python-azure-mgmt-resource/22.0.0 Python/3.10.9 (Windows-10-10.0.22621-SP0)
    method: GET
    uri: https://management.azure.com/subscriptions/00000000-0000-0000-0000-000000000000/resourcegroups/cli_test_image_update_add_set_000001/providers/Microsoft.Resources/deployments/mock-deployment/operationStatuses/08585227402194619932?api-version=2022-09-01
  response:
    body:
      string: '{"status":"Succeeded"}'
    headers:
      cache-control:
      - no-cache
      content-length:
      - '22'
      content-type:
      - application/json; charset=utf-8
      date:
      - Wed, 15 Mar 2023 07:52:11 GMT
      expires:
      - '-1'
      pragma:
      - no-cache
      strict-transport-security:
      - max-age=31536000; includeSubDomains
      vary:
      - Accept-Encoding
      x-content-type-options:
      - nosniff
    status:
      code: 200
      message: OK
- request:
    body: null
    headers:
      Accept:
      - '*/*'
      Accept-Encoding:
      - gzip, deflate
      CommandName:
      - vm create
      Connection:
      - keep-alive
      ParameterSetName:
      - -g -n --image --data-disk-sizes-gb --admin-username --generate-ssh-key --nsg-rule
      User-Agent:
      - AZURECLI/2.46.0 azsdk-python-azure-mgmt-resource/22.0.0 Python/3.10.9 (Windows-10-10.0.22621-SP0)
    method: GET
    uri: https://management.azure.com/subscriptions/00000000-0000-0000-0000-000000000000/resourcegroups/cli_test_image_update_add_set_000001/providers/Microsoft.Resources/deployments/mock-deployment?api-version=2022-09-01
  response:
    body:
      string: '{"id":"/subscriptions/00000000-0000-0000-0000-000000000000/resourceGroups/cli_test_image_update_add_set_000001/providers/Microsoft.Resources/deployments/vm_deploy_8W6HEnUaQHcxaG4AmWW5CgwADTYJBOT5","name":"vm_deploy_8W6HEnUaQHcxaG4AmWW5CgwADTYJBOT5","type":"Microsoft.Resources/deployments","properties":{"templateHash":"11786903097069479867","parameters":{},"mode":"Incremental","provisioningState":"Succeeded","timestamp":"2023-03-15T07:51:47.1483655Z","duration":"PT37.6555258S","correlationId":"f7d2f326-e954-4c63-a209-6d83c8d6fb5d","providers":[{"namespace":"Microsoft.Network","resourceTypes":[{"resourceType":"virtualNetworks","locations":["westus"]},{"resourceType":"networkSecurityGroups","locations":["westus"]},{"resourceType":"publicIPAddresses","locations":["westus"]},{"resourceType":"networkInterfaces","locations":["westus"]}]},{"namespace":"Microsoft.Compute","resourceTypes":[{"resourceType":"virtualMachines","locations":["westus"]}]}],"dependencies":[{"dependsOn":[{"id":"/subscriptions/00000000-0000-0000-0000-000000000000/resourceGroups/cli_test_image_update_add_set_000001/providers/Microsoft.Network/virtualNetworks/vm1VNET","resourceType":"Microsoft.Network/virtualNetworks","resourceName":"vm1VNET"},{"id":"/subscriptions/00000000-0000-0000-0000-000000000000/resourceGroups/cli_test_image_update_add_set_000001/providers/Microsoft.Network/networkSecurityGroups/vm1NSG","resourceType":"Microsoft.Network/networkSecurityGroups","resourceName":"vm1NSG"},{"id":"/subscriptions/00000000-0000-0000-0000-000000000000/resourceGroups/cli_test_image_update_add_set_000001/providers/Microsoft.Network/publicIPAddresses/vm1PublicIP","resourceType":"Microsoft.Network/publicIPAddresses","resourceName":"vm1PublicIP"}],"id":"/subscriptions/00000000-0000-0000-0000-000000000000/resourceGroups/cli_test_image_update_add_set_000001/providers/Microsoft.Network/networkInterfaces/vm1VMNic","resourceType":"Microsoft.Network/networkInterfaces","resourceName":"vm1VMNic"},{"dependsOn":[{"id":"/subscriptions/00000000-0000-0000-0000-000000000000/resourceGroups/cli_test_image_update_add_set_000001/providers/Microsoft.Network/networkInterfaces/vm1VMNic","resourceType":"Microsoft.Network/networkInterfaces","resourceName":"vm1VMNic"}],"id":"/subscriptions/00000000-0000-0000-0000-000000000000/resourceGroups/cli_test_image_update_add_set_000001/providers/Microsoft.Compute/virtualMachines/vm1","resourceType":"Microsoft.Compute/virtualMachines","resourceName":"vm1"}],"outputs":{},"outputResources":[{"id":"/subscriptions/00000000-0000-0000-0000-000000000000/resourceGroups/cli_test_image_update_add_set_000001/providers/Microsoft.Compute/virtualMachines/vm1"},{"id":"/subscriptions/00000000-0000-0000-0000-000000000000/resourceGroups/cli_test_image_update_add_set_000001/providers/Microsoft.Network/networkInterfaces/vm1VMNic"},{"id":"/subscriptions/00000000-0000-0000-0000-000000000000/resourceGroups/cli_test_image_update_add_set_000001/providers/Microsoft.Network/networkSecurityGroups/vm1NSG"},{"id":"/subscriptions/00000000-0000-0000-0000-000000000000/resourceGroups/cli_test_image_update_add_set_000001/providers/Microsoft.Network/publicIPAddresses/vm1PublicIP"},{"id":"/subscriptions/00000000-0000-0000-0000-000000000000/resourceGroups/cli_test_image_update_add_set_000001/providers/Microsoft.Network/virtualNetworks/vm1VNET"}]}}'
    headers:
      cache-control:
      - no-cache
      content-length:
      - '3340'
      content-type:
      - application/json; charset=utf-8
      date:
      - Wed, 15 Mar 2023 07:52:12 GMT
      expires:
      - '-1'
      pragma:
      - no-cache
      strict-transport-security:
      - max-age=31536000; includeSubDomains
      vary:
      - Accept-Encoding
      x-content-type-options:
      - nosniff
    status:
      code: 200
      message: OK
- request:
    body: null
    headers:
      Accept:
      - application/json
      Accept-Encoding:
      - gzip, deflate
      CommandName:
      - vm create
      Connection:
      - keep-alive
      ParameterSetName:
      - -g -n --image --data-disk-sizes-gb --admin-username --generate-ssh-key --nsg-rule
      User-Agent:
      - AZURECLI/2.46.0 azsdk-python-azure-mgmt-compute/29.1.0 Python/3.10.9 (Windows-10-10.0.22621-SP0)
    method: GET
    uri: https://management.azure.com/subscriptions/00000000-0000-0000-0000-000000000000/resourceGroups/cli_test_image_update_add_set_000001/providers/Microsoft.Compute/virtualMachines/vm1?$expand=instanceView&api-version=2022-11-01
  response:
    body:
      string: "{\r\n  \"name\": \"vm1\",\r\n  \"id\": \"/subscriptions/00000000-0000-0000-0000-000000000000/resourceGroups/cli_test_image_update_add_set_000001/providers/Microsoft.Compute/virtualMachines/vm1\"\
        ,\r\n  \"type\": \"Microsoft.Compute/virtualMachines\",\r\n  \"location\"\
        : \"westus\",\r\n  \"tags\": {},\r\n  \"properties\": {\r\n    \"vmId\": \"\
        62f8d277-1901-43fb-be8b-7830857bd89d\",\r\n    \"hardwareProfile\": {\r\n\
        \      \"vmSize\": \"Standard_DS1_v2\"\r\n    },\r\n    \"storageProfile\"\
        : {\r\n      \"imageReference\": {\r\n        \"publisher\": \"Debian\",\r\
        \n        \"offer\": \"debian-10\",\r\n        \"sku\": \"10\",\r\n      \
        \  \"version\": \"latest\",\r\n        \"exactVersion\": \"0.20230222.1299\"\
        \r\n      },\r\n      \"osDisk\": {\r\n        \"osType\": \"Linux\",\r\n\
        \        \"name\": \"vm1_disk1_e5169a4d90004161bac76c68461197ec\",\r\n   \
        \     \"createOption\": \"FromImage\",\r\n        \"caching\": \"ReadWrite\"\
        ,\r\n        \"managedDisk\": {\r\n          \"storageAccountType\": \"Premium_LRS\"\
        ,\r\n          \"id\": \"/subscriptions/00000000-0000-0000-0000-000000000000/resourceGroups/cli_test_image_update_add_set_000001/providers/Microsoft.Compute/disks/vm1_disk1_e5169a4d90004161bac76c68461197ec\"\
        \r\n        },\r\n        \"deleteOption\": \"Detach\",\r\n        \"diskSizeGB\"\
        : 30\r\n      },\r\n      \"dataDisks\": [\r\n        {\r\n          \"lun\"\
        : 0,\r\n          \"name\": \"vm1_disk2_b5e4342283f745e184745dbe9b2120cd\"\
        ,\r\n          \"createOption\": \"Empty\",\r\n          \"caching\": \"None\"\
        ,\r\n          \"managedDisk\": {\r\n            \"storageAccountType\": \"\
        Premium_LRS\",\r\n            \"id\": \"/subscriptions/00000000-0000-0000-0000-000000000000/resourceGroups/cli_test_image_update_add_set_000001/providers/Microsoft.Compute/disks/vm1_disk2_b5e4342283f745e184745dbe9b2120cd\"\
        \r\n          },\r\n          \"deleteOption\": \"Detach\",\r\n          \"\
        diskSizeGB\": 10,\r\n          \"toBeDetached\": false\r\n        }\r\n  \
        \    ]\r\n    },\r\n    \"osProfile\": {\r\n      \"computerName\": \"vm1\"\
        ,\r\n      \"adminUsername\": \"clitest1\",\r\n      \"linuxConfiguration\"\
        : {\r\n        \"disablePasswordAuthentication\": true,\r\n        \"ssh\"\
        : {\r\n          \"publicKeys\": [\r\n            {\r\n              \"path\"\
        : \"/home/clitest1/.ssh/authorized_keys\",\r\n              \"keyData\": \"\
        ssh-rsa AAAAB3NzaC1yc2EAAAADAQABAAABAQCp+Uh121QVTLREpkf/YFK3TAtX1tnj80+wIyV9TgXhX+49paW0rS9LvgQaZFvyW2We/ItBYlQis1nFKdvrGFGdZf954LkjCbs8yMfLTkw3TiHAgjKEtokwimBkYF7u1T/E47kAUk7dGmTL9I0hVLJzN1BEFkrQPrNwatIxNEZowI/hN9ZGLDZ+sjORtD4igKZ/Wp6U0+sXFW1zuBUIrCAh411vHTrRcn9E1r72RBk6NQJN1fGCIybq2YTB0v90ygt80BWw/0/3qu+jcWWMBSdwQx81RUvUteURd5WPGW5L6vE0lLSpWOrK/3xiACJZmsgyAN5iZz/n0CVfBxRI6Ehr\"\
        \r\n            }\r\n          ]\r\n        },\r\n        \"provisionVMAgent\"\
        : true,\r\n        \"patchSettings\": {\r\n          \"patchMode\": \"ImageDefault\"\
        ,\r\n          \"assessmentMode\": \"ImageDefault\"\r\n        },\r\n    \
        \    \"enableVMAgentPlatformUpdates\": false\r\n      },\r\n      \"secrets\"\
        : [],\r\n      \"allowExtensionOperations\": true,\r\n      \"requireGuestProvisionSignal\"\
        : true\r\n    },\r\n    \"networkProfile\": {\"networkInterfaces\":[{\"id\"\
        :\"/subscriptions/00000000-0000-0000-0000-000000000000/resourceGroups/cli_test_image_update_add_set_000001/providers/Microsoft.Network/networkInterfaces/vm1VMNic\"\
        }]},\r\n    \"provisioningState\": \"Succeeded\",\r\n    \"instanceView\"\
        : {\r\n      \"computerName\": \"vm1\",\r\n      \"osName\": \"debian\",\r\
        \n      \"osVersion\": \"10.13\",\r\n      \"vmAgent\": {\r\n        \"vmAgentVersion\"\
        : \"2.2.45\",\r\n        \"statuses\": [\r\n          {\r\n            \"\
        code\": \"ProvisioningState/succeeded\",\r\n            \"level\": \"Info\"\
        ,\r\n            \"displayStatus\": \"Ready\",\r\n            \"message\"\
        : \"Guest Agent is running\",\r\n            \"time\": \"2023-03-15T07:51:52+00:00\"\
        \r\n          }\r\n        ],\r\n        \"extensionHandlers\": []\r\n   \
        \   },\r\n      \"disks\": [\r\n        {\r\n          \"name\": \"vm1_disk1_e5169a4d90004161bac76c68461197ec\"\
        ,\r\n          \"statuses\": [\r\n            {\r\n              \"code\"\
        : \"ProvisioningState/succeeded\",\r\n              \"level\": \"Info\",\r\
        \n              \"displayStatus\": \"Provisioning succeeded\",\r\n       \
        \       \"time\": \"2023-03-15T07:51:33.2349753+00:00\"\r\n            }\r\
        \n          ]\r\n        },\r\n        {\r\n          \"name\": \"vm1_disk2_b5e4342283f745e184745dbe9b2120cd\"\
        ,\r\n          \"statuses\": [\r\n            {\r\n              \"code\"\
        : \"ProvisioningState/succeeded\",\r\n              \"level\": \"Info\",\r\
        \n              \"displayStatus\": \"Provisioning succeeded\",\r\n       \
        \       \"time\": \"2023-03-15T07:51:33.2349753+00:00\"\r\n            }\r\
        \n          ]\r\n        }\r\n      ],\r\n      \"hyperVGeneration\": \"V1\"\
        ,\r\n      \"statuses\": [\r\n        {\r\n          \"code\": \"ProvisioningState/succeeded\"\
        ,\r\n          \"level\": \"Info\",\r\n          \"displayStatus\": \"Provisioning\
        \ succeeded\",\r\n          \"time\": \"2023-03-15T07:51:42.656863+00:00\"\
        \r\n        },\r\n        {\r\n          \"code\": \"PowerState/running\"\
        ,\r\n          \"level\": \"Info\",\r\n          \"displayStatus\": \"VM running\"\
        \r\n        }\r\n      ]\r\n    },\r\n    \"timeCreated\": \"2023-03-15T07:51:31.5630059+00:00\"\
        \r\n  }\r\n}"
    headers:
      cache-control:
      - no-cache
      content-length:
      - '4808'
      content-type:
      - application/json; charset=utf-8
      date:
      - Wed, 15 Mar 2023 07:52:13 GMT
      expires:
      - '-1'
      pragma:
      - no-cache
      server:
      - Microsoft-HTTPAPI/2.0
      - Microsoft-HTTPAPI/2.0
      strict-transport-security:
      - max-age=31536000; includeSubDomains
      x-content-type-options:
      - nosniff
      x-ms-ratelimit-remaining-resource:
      - Microsoft.Compute/LowCostGet3Min;3987,Microsoft.Compute/LowCostGet30Min;31881
    status:
      code: 200
      message: OK
- request:
    body: null
    headers:
      Accept:
      - application/json
      Accept-Encoding:
      - gzip, deflate
      CommandName:
      - vm create
      Connection:
      - keep-alive
      ParameterSetName:
      - -g -n --image --data-disk-sizes-gb --admin-username --generate-ssh-key --nsg-rule
      User-Agent:
      - AZURECLI/2.46.0 azsdk-python-azure-mgmt-network/21.0.1 Python/3.10.9 (Windows-10-10.0.22621-SP0)
    method: GET
    uri: https://management.azure.com/subscriptions/00000000-0000-0000-0000-000000000000/resourceGroups/cli_test_image_update_add_set_000001/providers/Microsoft.Network/networkInterfaces/vm1VMNic?api-version=2022-01-01
  response:
    body:
      string: "{\r\n  \"name\": \"vm1VMNic\",\r\n  \"id\": \"/subscriptions/00000000-0000-0000-0000-000000000000/resourceGroups/cli_test_image_update_add_set_000001/providers/Microsoft.Network/networkInterfaces/vm1VMNic\"\
        ,\r\n  \"etag\": \"W/\\\"0d0f2eba-2030-42e6-b5eb-b0e0e6e7bce5\\\"\",\r\n \
        \ \"tags\": {},\r\n  \"properties\": {\r\n    \"provisioningState\": \"Succeeded\"\
        ,\r\n    \"resourceGuid\": \"1c01b366-d7e6-4d13-b88e-6777a82a15e9\",\r\n \
        \   \"ipConfigurations\": [\r\n      {\r\n        \"name\": \"ipconfigvm1\"\
        ,\r\n        \"id\": \"/subscriptions/00000000-0000-0000-0000-000000000000/resourceGroups/cli_test_image_update_add_set_000001/providers/Microsoft.Network/networkInterfaces/vm1VMNic/ipConfigurations/ipconfigvm1\"\
        ,\r\n        \"etag\": \"W/\\\"0d0f2eba-2030-42e6-b5eb-b0e0e6e7bce5\\\"\"\
        ,\r\n        \"type\": \"Microsoft.Network/networkInterfaces/ipConfigurations\"\
        ,\r\n        \"properties\": {\r\n          \"provisioningState\": \"Succeeded\"\
        ,\r\n          \"privateIPAddress\": \"10.0.0.4\",\r\n          \"privateIPAllocationMethod\"\
        : \"Dynamic\",\r\n          \"publicIPAddress\": {\r\n            \"id\":\
        \ \"/subscriptions/00000000-0000-0000-0000-000000000000/resourceGroups/cli_test_image_update_add_set_000001/providers/Microsoft.Network/publicIPAddresses/vm1PublicIP\"\
        \r\n          },\r\n          \"subnet\": {\r\n            \"id\": \"/subscriptions/00000000-0000-0000-0000-000000000000/resourceGroups/cli_test_image_update_add_set_000001/providers/Microsoft.Network/virtualNetworks/vm1VNET/subnets/vm1Subnet\"\
        \r\n          },\r\n          \"primary\": true,\r\n          \"privateIPAddressVersion\"\
        : \"IPv4\"\r\n        }\r\n      }\r\n    ],\r\n    \"dnsSettings\": {\r\n\
        \      \"dnsServers\": [],\r\n      \"appliedDnsServers\": [],\r\n      \"\
        internalDomainNameSuffix\": \"xfak15t3fvzutf03lwja25mt3c.dx.internal.cloudapp.net\"\
        \r\n    },\r\n    \"macAddress\": \"60-45-BD-05-53-B4\",\r\n    \"vnetEncryptionSupported\"\
        : false,\r\n    \"enableIPForwarding\": false,\r\n    \"networkSecurityGroup\"\
        : {\r\n      \"id\": \"/subscriptions/00000000-0000-0000-0000-000000000000/resourceGroups/cli_test_image_update_add_set_000001/providers/Microsoft.Network/networkSecurityGroups/vm1NSG\"\
        \r\n    },\r\n    \"primary\": true,\r\n    \"virtualMachine\": {\r\n    \
        \  \"id\": \"/subscriptions/00000000-0000-0000-0000-000000000000/resourceGroups/cli_test_image_update_add_set_000001/providers/Microsoft.Compute/virtualMachines/vm1\"\
        \r\n    },\r\n    \"hostedWorkloads\": [],\r\n    \"tapConfigurations\": [],\r\
        \n    \"nicType\": \"Standard\",\r\n    \"allowPort25Out\": true\r\n  },\r\
        \n  \"type\": \"Microsoft.Network/networkInterfaces\",\r\n  \"location\":\
        \ \"westus\",\r\n  \"kind\": \"Regular\"\r\n}"
    headers:
      cache-control:
      - no-cache
      content-length:
      - '2467'
      content-type:
      - application/json; charset=utf-8
      date:
      - Wed, 15 Mar 2023 07:52:18 GMT
      etag:
      - W/"0d0f2eba-2030-42e6-b5eb-b0e0e6e7bce5"
      expires:
      - '-1'
      pragma:
      - no-cache
      server:
      - Microsoft-HTTPAPI/2.0
      - Microsoft-HTTPAPI/2.0
      strict-transport-security:
      - max-age=31536000; includeSubDomains
      transfer-encoding:
      - chunked
      vary:
      - Accept-Encoding
      x-content-type-options:
      - nosniff
      x-ms-arm-service-request-id:
      - 66c6dc83-7c35-4336-a4b7-3e8c984af63f
    status:
      code: 200
      message: OK
- request:
    body: null
    headers:
      Accept:
      - application/json
      Accept-Encoding:
      - gzip, deflate
      CommandName:
      - vm create
      Connection:
      - keep-alive
      ParameterSetName:
      - -g -n --image --data-disk-sizes-gb --admin-username --generate-ssh-key --nsg-rule
      User-Agent:
      - AZURECLI/2.46.0 azsdk-python-azure-mgmt-network/21.0.1 Python/3.10.9 (Windows-10-10.0.22621-SP0)
    method: GET
    uri: https://management.azure.com/subscriptions/00000000-0000-0000-0000-000000000000/resourceGroups/cli_test_image_update_add_set_000001/providers/Microsoft.Network/publicIPAddresses/vm1PublicIP?api-version=2022-01-01
  response:
    body:
      string: "{\r\n  \"name\": \"vm1PublicIP\",\r\n  \"id\": \"/subscriptions/00000000-0000-0000-0000-000000000000/resourceGroups/cli_test_image_update_add_set_000001/providers/Microsoft.Network/publicIPAddresses/vm1PublicIP\"\
        ,\r\n  \"etag\": \"W/\\\"a7fd4ce9-ab0e-4e44-bcfb-8c1059919d79\\\"\",\r\n \
        \ \"location\": \"westus\",\r\n  \"tags\": {},\r\n  \"properties\": {\r\n\
        \    \"provisioningState\": \"Succeeded\",\r\n    \"resourceGuid\": \"ab40c815-7f88-4884-bb49-6acb96d9484e\"\
        ,\r\n    \"ipAddress\": \"40.112.253.28\",\r\n    \"publicIPAddressVersion\"\
        : \"IPv4\",\r\n    \"publicIPAllocationMethod\": \"Dynamic\",\r\n    \"idleTimeoutInMinutes\"\
        : 4,\r\n    \"ipTags\": [],\r\n    \"ipConfiguration\": {\r\n      \"id\"\
        : \"/subscriptions/00000000-0000-0000-0000-000000000000/resourceGroups/cli_test_image_update_add_set_000001/providers/Microsoft.Network/networkInterfaces/vm1VMNic/ipConfigurations/ipconfigvm1\"\
        \r\n    }\r\n  },\r\n  \"type\": \"Microsoft.Network/publicIPAddresses\",\r\
        \n  \"sku\": {\r\n    \"name\": \"Basic\",\r\n    \"tier\": \"Regional\"\r\
        \n  }\r\n}"
    headers:
      cache-control:
      - no-cache
      content-length:
      - '944'
      content-type:
      - application/json; charset=utf-8
      date:
      - Wed, 15 Mar 2023 07:52:19 GMT
      etag:
      - W/"a7fd4ce9-ab0e-4e44-bcfb-8c1059919d79"
      expires:
      - '-1'
      pragma:
      - no-cache
      server:
      - Microsoft-HTTPAPI/2.0
      - Microsoft-HTTPAPI/2.0
      strict-transport-security:
      - max-age=31536000; includeSubDomains
      transfer-encoding:
      - chunked
      vary:
      - Accept-Encoding
      x-content-type-options:
      - nosniff
      x-ms-arm-service-request-id:
      - f5dd80ed-300f-4a2e-8616-c622cefcfa54
    status:
      code: 200
      message: OK
- request:
    body: null
    headers:
      Accept:
      - application/json
      Accept-Encoding:
      - gzip, deflate
      CommandName:
      - vm deallocate
      Connection:
      - keep-alive
      Content-Length:
      - '0'
      ParameterSetName:
      - -g -n
      User-Agent:
      - AZURECLI/2.46.0 azsdk-python-azure-mgmt-compute/29.1.0 Python/3.10.9 (Windows-10-10.0.22621-SP0)
    method: POST
    uri: https://management.azure.com/subscriptions/00000000-0000-0000-0000-000000000000/resourceGroups/cli_test_image_update_add_set_000001/providers/Microsoft.Compute/virtualMachines/vm1/deallocate?api-version=2022-11-01
  response:
    body:
      string: ''
    headers:
      azure-asyncnotification:
      - Enabled
      azure-asyncoperation:
      - https://management.azure.com/subscriptions/00000000-0000-0000-0000-000000000000/providers/Microsoft.Compute/locations/westus/operations/0085bc8d-2c82-4328-89af-ad5c9d8e6e91?p=571046f6-b640-41c1-86f7-f9f044b5adf9&api-version=2022-11-01
      cache-control:
      - no-cache
      content-length:
      - '0'
      date:
      - Wed, 15 Mar 2023 07:52:21 GMT
      expires:
      - '-1'
      location:
      - https://management.azure.com/subscriptions/00000000-0000-0000-0000-000000000000/providers/Microsoft.Compute/locations/westus/operations/0085bc8d-2c82-4328-89af-ad5c9d8e6e91?p=571046f6-b640-41c1-86f7-f9f044b5adf9&monitor=true&api-version=2022-11-01
      pragma:
      - no-cache
      server:
      - Microsoft-HTTPAPI/2.0
      - Microsoft-HTTPAPI/2.0
      strict-transport-security:
      - max-age=31536000; includeSubDomains
      x-content-type-options:
      - nosniff
      x-ms-ratelimit-remaining-resource:
      - Microsoft.Compute/DeleteVM3Min;238,Microsoft.Compute/DeleteVM30Min;1190
      x-ms-ratelimit-remaining-subscription-writes:
      - '1199'
    status:
      code: 202
      message: Accepted
- request:
    body: null
    headers:
      Accept:
      - '*/*'
      Accept-Encoding:
      - gzip, deflate
      CommandName:
      - vm deallocate
      Connection:
      - keep-alive
      ParameterSetName:
      - -g -n
      User-Agent:
      - AZURECLI/2.46.0 azsdk-python-azure-mgmt-compute/29.1.0 Python/3.10.9 (Windows-10-10.0.22621-SP0)
    method: GET
    uri: https://management.azure.com/subscriptions/00000000-0000-0000-0000-000000000000/providers/Microsoft.Compute/locations/westus/operations/0085bc8d-2c82-4328-89af-ad5c9d8e6e91?p=571046f6-b640-41c1-86f7-f9f044b5adf9&api-version=2022-11-01
  response:
    body:
      string: "{\r\n  \"startTime\": \"2023-03-15T07:52:21.7979094+00:00\",\r\n  \"\
        status\": \"InProgress\",\r\n  \"name\": \"0085bc8d-2c82-4328-89af-ad5c9d8e6e91\"\
        \r\n}"
    headers:
      cache-control:
      - no-cache
      content-length:
      - '134'
      content-type:
      - application/json; charset=utf-8
      date:
      - Wed, 15 Mar 2023 07:52:32 GMT
      expires:
      - '-1'
      pragma:
      - no-cache
      server:
      - Microsoft-HTTPAPI/2.0
      - Microsoft-HTTPAPI/2.0
      strict-transport-security:
      - max-age=31536000; includeSubDomains
      transfer-encoding:
      - chunked
      vary:
      - Accept-Encoding
      x-content-type-options:
      - nosniff
      x-ms-ratelimit-remaining-resource:
      - Microsoft.Compute/GetOperation3Min;14988,Microsoft.Compute/GetOperation30Min;29808
    status:
      code: 200
      message: OK
- request:
    body: null
    headers:
      Accept:
      - '*/*'
      Accept-Encoding:
      - gzip, deflate
      CommandName:
      - vm deallocate
      Connection:
      - keep-alive
      ParameterSetName:
      - -g -n
      User-Agent:
      - AZURECLI/2.46.0 azsdk-python-azure-mgmt-compute/29.1.0 Python/3.10.9 (Windows-10-10.0.22621-SP0)
    method: GET
    uri: https://management.azure.com/subscriptions/00000000-0000-0000-0000-000000000000/providers/Microsoft.Compute/locations/westus/operations/0085bc8d-2c82-4328-89af-ad5c9d8e6e91?p=571046f6-b640-41c1-86f7-f9f044b5adf9&api-version=2022-11-01
  response:
    body:
      string: "{\r\n  \"startTime\": \"2023-03-15T07:52:21.7979094+00:00\",\r\n  \"\
        endTime\": \"2023-03-15T07:53:03.2358437+00:00\",\r\n  \"status\": \"Succeeded\"\
        ,\r\n  \"name\": \"0085bc8d-2c82-4328-89af-ad5c9d8e6e91\"\r\n}"
    headers:
      cache-control:
      - no-cache
      content-length:
      - '184'
      content-type:
      - application/json; charset=utf-8
      date:
      - Wed, 15 Mar 2023 07:53:02 GMT
      expires:
      - '-1'
      pragma:
      - no-cache
      server:
      - Microsoft-HTTPAPI/2.0
      - Microsoft-HTTPAPI/2.0
      strict-transport-security:
      - max-age=31536000; includeSubDomains
      transfer-encoding:
      - chunked
      vary:
      - Accept-Encoding
      x-content-type-options:
      - nosniff
      x-ms-ratelimit-remaining-resource:
      - Microsoft.Compute/GetOperation3Min;14986,Microsoft.Compute/GetOperation30Min;29804
    status:
      code: 200
      message: OK
- request:
    body: null
    headers:
      Accept:
      - '*/*'
      Accept-Encoding:
      - gzip, deflate
      CommandName:
      - vm deallocate
      Connection:
      - keep-alive
      ParameterSetName:
      - -g -n
      User-Agent:
      - AZURECLI/2.46.0 azsdk-python-azure-mgmt-compute/29.1.0 Python/3.10.9 (Windows-10-10.0.22621-SP0)
    method: GET
    uri: https://management.azure.com/subscriptions/00000000-0000-0000-0000-000000000000/providers/Microsoft.Compute/locations/westus/operations/0085bc8d-2c82-4328-89af-ad5c9d8e6e91?p=571046f6-b640-41c1-86f7-f9f044b5adf9&monitor=true&api-version=2022-11-01
  response:
    body:
      string: ''
    headers:
      cache-control:
      - no-cache
      content-length:
      - '0'
      date:
      - Wed, 15 Mar 2023 07:53:03 GMT
      expires:
      - '-1'
      pragma:
      - no-cache
      server:
      - Microsoft-HTTPAPI/2.0
      - Microsoft-HTTPAPI/2.0
      strict-transport-security:
      - max-age=31536000; includeSubDomains
      x-content-type-options:
      - nosniff
      x-ms-ratelimit-remaining-resource:
      - Microsoft.Compute/GetOperation3Min;14985,Microsoft.Compute/GetOperation30Min;29803
    status:
      code: 200
      message: OK
- request:
    body: null
    headers:
      Accept:
      - application/json
      Accept-Encoding:
      - gzip, deflate
      CommandName:
      - vm generalize
      Connection:
      - keep-alive
      Content-Length:
      - '0'
      ParameterSetName:
      - -g -n
      User-Agent:
      - AZURECLI/2.46.0 azsdk-python-azure-mgmt-compute/29.1.0 Python/3.10.9 (Windows-10-10.0.22621-SP0)
    method: POST
    uri: https://management.azure.com/subscriptions/00000000-0000-0000-0000-000000000000/resourceGroups/cli_test_image_update_add_set_000001/providers/Microsoft.Compute/virtualMachines/vm1/generalize?api-version=2022-11-01
  response:
    body:
      string: ''
    headers:
      cache-control:
      - no-cache
      content-length:
      - '0'
      date:
      - Wed, 15 Mar 2023 07:53:12 GMT
      expires:
      - '-1'
      pragma:
      - no-cache
      server:
      - Microsoft-HTTPAPI/2.0
      - Microsoft-HTTPAPI/2.0
      strict-transport-security:
      - max-age=31536000; includeSubDomains
      x-content-type-options:
      - nosniff
      x-ms-ratelimit-remaining-resource:
      - Microsoft.Compute/UpdateVM3Min;239,Microsoft.Compute/UpdateVM30Min;1195
      x-ms-ratelimit-remaining-subscription-writes:
      - '1198'
    status:
      code: 200
      message: OK
- request:
    body: null
    headers:
      Accept:
      - application/json
      Accept-Encoding:
      - gzip, deflate
      CommandName:
      - image create
      Connection:
      - keep-alive
      ParameterSetName:
      - -g -n --source
      User-Agent:
      - AZURECLI/2.46.0 azsdk-python-azure-mgmt-compute/29.1.0 Python/3.10.9 (Windows-10-10.0.22621-SP0)
    method: GET
    uri: https://management.azure.com/subscriptions/00000000-0000-0000-0000-000000000000/resourceGroups/cli_test_image_update_add_set_000001/providers/Microsoft.Compute/virtualMachines/vm1?api-version=2022-11-01
  response:
    body:
      string: "{\r\n  \"name\": \"vm1\",\r\n  \"id\": \"/subscriptions/00000000-0000-0000-0000-000000000000/resourceGroups/cli_test_image_update_add_set_000001/providers/Microsoft.Compute/virtualMachines/vm1\"\
        ,\r\n  \"type\": \"Microsoft.Compute/virtualMachines\",\r\n  \"location\"\
        : \"westus\",\r\n  \"tags\": {},\r\n  \"properties\": {\r\n    \"vmId\": \"\
        62f8d277-1901-43fb-be8b-7830857bd89d\",\r\n    \"hardwareProfile\": {\r\n\
        \      \"vmSize\": \"Standard_DS1_v2\"\r\n    },\r\n    \"storageProfile\"\
        : {\r\n      \"imageReference\": {\r\n        \"publisher\": \"Debian\",\r\
        \n        \"offer\": \"debian-10\",\r\n        \"sku\": \"10\",\r\n      \
        \  \"version\": \"latest\",\r\n        \"exactVersion\": \"0.20230222.1299\"\
        \r\n      },\r\n      \"osDisk\": {\r\n        \"osType\": \"Linux\",\r\n\
        \        \"name\": \"vm1_disk1_e5169a4d90004161bac76c68461197ec\",\r\n   \
        \     \"createOption\": \"FromImage\",\r\n        \"caching\": \"ReadWrite\"\
        ,\r\n        \"managedDisk\": {\r\n          \"id\": \"/subscriptions/00000000-0000-0000-0000-000000000000/resourceGroups/cli_test_image_update_add_set_000001/providers/Microsoft.Compute/disks/vm1_disk1_e5169a4d90004161bac76c68461197ec\"\
        \r\n        },\r\n        \"deleteOption\": \"Detach\"\r\n      },\r\n   \
        \   \"dataDisks\": [\r\n        {\r\n          \"lun\": 0,\r\n          \"\
        name\": \"vm1_disk2_b5e4342283f745e184745dbe9b2120cd\",\r\n          \"createOption\"\
        : \"Empty\",\r\n          \"caching\": \"None\",\r\n          \"managedDisk\"\
        : {\r\n            \"id\": \"/subscriptions/00000000-0000-0000-0000-000000000000/resourceGroups/cli_test_image_update_add_set_000001/providers/Microsoft.Compute/disks/vm1_disk2_b5e4342283f745e184745dbe9b2120cd\"\
        \r\n          },\r\n          \"deleteOption\": \"Detach\",\r\n          \"\
        toBeDetached\": false\r\n        }\r\n      ]\r\n    },\r\n    \"osProfile\"\
        : {\r\n      \"computerName\": \"vm1\",\r\n      \"adminUsername\": \"clitest1\"\
        ,\r\n      \"linuxConfiguration\": {\r\n        \"disablePasswordAuthentication\"\
        : true,\r\n        \"ssh\": {\r\n          \"publicKeys\": [\r\n         \
        \   {\r\n              \"path\": \"/home/clitest1/.ssh/authorized_keys\",\r\
        \n              \"keyData\": \"ssh-rsa AAAAB3NzaC1yc2EAAAADAQABAAABAQCp+Uh121QVTLREpkf/YFK3TAtX1tnj80+wIyV9TgXhX+49paW0rS9LvgQaZFvyW2We/ItBYlQis1nFKdvrGFGdZf954LkjCbs8yMfLTkw3TiHAgjKEtokwimBkYF7u1T/E47kAUk7dGmTL9I0hVLJzN1BEFkrQPrNwatIxNEZowI/hN9ZGLDZ+sjORtD4igKZ/Wp6U0+sXFW1zuBUIrCAh411vHTrRcn9E1r72RBk6NQJN1fGCIybq2YTB0v90ygt80BWw/0/3qu+jcWWMBSdwQx81RUvUteURd5WPGW5L6vE0lLSpWOrK/3xiACJZmsgyAN5iZz/n0CVfBxRI6Ehr\"\
        \r\n            }\r\n          ]\r\n        },\r\n        \"provisionVMAgent\"\
        : true,\r\n        \"patchSettings\": {\r\n          \"patchMode\": \"ImageDefault\"\
        ,\r\n          \"assessmentMode\": \"ImageDefault\"\r\n        },\r\n    \
        \    \"enableVMAgentPlatformUpdates\": false\r\n      },\r\n      \"secrets\"\
        : [],\r\n      \"allowExtensionOperations\": true,\r\n      \"requireGuestProvisionSignal\"\
        : true\r\n    },\r\n    \"networkProfile\": {\"networkInterfaces\":[{\"id\"\
        :\"/subscriptions/00000000-0000-0000-0000-000000000000/resourceGroups/cli_test_image_update_add_set_000001/providers/Microsoft.Network/networkInterfaces/vm1VMNic\"\
        }]},\r\n    \"provisioningState\": \"Succeeded\",\r\n    \"timeCreated\":\
        \ \"2023-03-15T07:51:31.5630059+00:00\"\r\n  }\r\n}"
    headers:
      cache-control:
      - no-cache
      content-length:
      - '3007'
      content-type:
      - application/json; charset=utf-8
      date:
      - Wed, 15 Mar 2023 07:53:14 GMT
      expires:
      - '-1'
      pragma:
      - no-cache
      server:
      - Microsoft-HTTPAPI/2.0
      - Microsoft-HTTPAPI/2.0
      strict-transport-security:
      - max-age=31536000; includeSubDomains
      transfer-encoding:
      - chunked
      vary:
      - Accept-Encoding
      x-content-type-options:
      - nosniff
      x-ms-ratelimit-remaining-resource:
      - Microsoft.Compute/LowCostGet3Min;3990,Microsoft.Compute/LowCostGet30Min;31879
    status:
      code: 200
      message: OK
- request:
    body: null
    headers:
      Accept:
      - application/json
      Accept-Encoding:
      - gzip, deflate
      CommandName:
      - image create
      Connection:
      - keep-alive
      ParameterSetName:
      - -g -n --source
      User-Agent:
      - AZURECLI/2.46.0 azsdk-python-azure-mgmt-resource/22.0.0 Python/3.10.9 (Windows-10-10.0.22621-SP0)
    method: GET
    uri: https://management.azure.com/subscriptions/00000000-0000-0000-0000-000000000000/resourcegroups/cli_test_image_update_add_set_000001?api-version=2022-09-01
  response:
    body:
      string: '{"id":"/subscriptions/00000000-0000-0000-0000-000000000000/resourceGroups/cli_test_image_update_add_set_000001","name":"cli_test_image_update_add_set_000001","type":"Microsoft.Resources/resourceGroups","location":"westus","tags":{"product":"azurecli","cause":"automation","date":"2023-03-15T07:49:39Z","StorageType":"Standard_LRS","type":"test"},"properties":{"provisioningState":"Succeeded"}}'
    headers:
      cache-control:
      - no-cache
      content-length:
      - '393'
      content-type:
      - application/json; charset=utf-8
      date:
      - Wed, 15 Mar 2023 07:53:15 GMT
      expires:
      - '-1'
      pragma:
      - no-cache
      strict-transport-security:
      - max-age=31536000; includeSubDomains
      vary:
      - Accept-Encoding
      x-content-type-options:
      - nosniff
    status:
      code: 200
      message: OK
- request:
    body: '{"location": "westus", "tags": {}, "properties": {"sourceVirtualMachine":
      {"id": "/subscriptions/00000000-0000-0000-0000-000000000000/resourceGroups/cli_test_image_update_add_set_000001/providers/Microsoft.Compute/virtualMachines/vm1"},
      "hyperVGeneration": "V1"}}'
    headers:
      Accept:
      - application/json
      Accept-Encoding:
      - gzip, deflate
      CommandName:
      - image create
      Connection:
      - keep-alive
      Content-Length:
      - '263'
      Content-Type:
      - application/json
      ParameterSetName:
      - -g -n --source
      User-Agent:
      - AZURECLI/2.46.0 azsdk-python-azure-mgmt-compute/29.1.0 Python/3.10.9 (Windows-10-10.0.22621-SP0)
    method: PUT
    uri: https://management.azure.com/subscriptions/00000000-0000-0000-0000-000000000000/resourceGroups/cli_test_image_update_add_set_000001/providers/Microsoft.Compute/images/managedImage1?api-version=2022-11-01
  response:
    body:
      string: "{\r\n  \"name\": \"managedImage1\",\r\n  \"id\": \"/subscriptions/00000000-0000-0000-0000-000000000000/resourceGroups/cli_test_image_update_add_set_000001/providers/Microsoft.Compute/images/managedImage1\"\
        ,\r\n  \"type\": \"Microsoft.Compute/images\",\r\n  \"location\": \"westus\"\
        ,\r\n  \"tags\": {},\r\n  \"properties\": {\r\n    \"sourceVirtualMachine\"\
        : {\r\n      \"id\": \"/subscriptions/00000000-0000-0000-0000-000000000000/resourceGroups/cli_test_image_update_add_set_000001/providers/Microsoft.Compute/virtualMachines/vm1\"\
        \r\n    },\r\n    \"storageProfile\": {\r\n      \"osDisk\": {\r\n       \
        \ \"osType\": \"Linux\",\r\n        \"osState\": \"Generalized\",\r\n    \
        \    \"managedDisk\": {\r\n          \"id\": \"/subscriptions/00000000-0000-0000-0000-000000000000/resourceGroups/cli_test_image_update_add_set_000001/providers/Microsoft.Compute/disks/vm1_disk1_e5169a4d90004161bac76c68461197ec\"\
        \r\n        },\r\n        \"caching\": \"ReadWrite\",\r\n        \"storageAccountType\"\
        : \"Premium_LRS\"\r\n      },\r\n      \"dataDisks\": [\r\n        {\r\n \
        \         \"lun\": 0,\r\n          \"managedDisk\": {\r\n            \"id\"\
        : \"/subscriptions/00000000-0000-0000-0000-000000000000/resourceGroups/cli_test_image_update_add_set_000001/providers/Microsoft.Compute/disks/vm1_disk2_b5e4342283f745e184745dbe9b2120cd\"\
        \r\n          },\r\n          \"caching\": \"None\",\r\n          \"storageAccountType\"\
        : \"Premium_LRS\"\r\n        }\r\n      ]\r\n    },\r\n    \"provisioningState\"\
        : \"Creating\",\r\n    \"hyperVGeneration\": \"V1\"\r\n  }\r\n}"
    headers:
      azure-asyncnotification:
      - Enabled
      azure-asyncoperation:
      - https://management.azure.com/subscriptions/00000000-0000-0000-0000-000000000000/providers/Microsoft.Compute/locations/westus/operations/56387216-a3e4-41d4-a2de-d86eeefcb00e?p=571046f6-b640-41c1-86f7-f9f044b5adf9&api-version=2022-11-01
      cache-control:
      - no-cache
      content-length:
      - '1410'
      content-type:
      - application/json; charset=utf-8
      date:
      - Wed, 15 Mar 2023 07:53:20 GMT
      expires:
      - '-1'
      pragma:
      - no-cache
      server:
      - Microsoft-HTTPAPI/2.0
      - Microsoft-HTTPAPI/2.0
      strict-transport-security:
      - max-age=31536000; includeSubDomains
      x-content-type-options:
      - nosniff
      x-ms-ratelimit-remaining-resource:
      - Microsoft.Compute/CreateImages3Min;39,Microsoft.Compute/CreateImages30Min;199
      x-ms-ratelimit-remaining-subscription-writes:
      - '1196'
    status:
      code: 201
      message: Created
- request:
    body: null
    headers:
      Accept:
      - '*/*'
      Accept-Encoding:
      - gzip, deflate
      CommandName:
      - image create
      Connection:
      - keep-alive
      ParameterSetName:
      - -g -n --source
      User-Agent:
      - AZURECLI/2.46.0 azsdk-python-azure-mgmt-compute/29.1.0 Python/3.10.9 (Windows-10-10.0.22621-SP0)
    method: GET
    uri: https://management.azure.com/subscriptions/00000000-0000-0000-0000-000000000000/providers/Microsoft.Compute/locations/westus/operations/56387216-a3e4-41d4-a2de-d86eeefcb00e?p=571046f6-b640-41c1-86f7-f9f044b5adf9&api-version=2022-11-01
  response:
    body:
      string: "{\r\n  \"startTime\": \"2023-03-15T07:53:20.2516704+00:00\",\r\n  \"\
        endTime\": \"2023-03-15T07:53:45.455144+00:00\",\r\n  \"status\": \"Succeeded\"\
        ,\r\n  \"name\": \"56387216-a3e4-41d4-a2de-d86eeefcb00e\"\r\n}"
    headers:
      cache-control:
      - no-cache
      content-length:
      - '183'
      content-type:
      - application/json; charset=utf-8
      date:
      - Wed, 15 Mar 2023 07:53:51 GMT
      expires:
      - '-1'
      pragma:
      - no-cache
      server:
      - Microsoft-HTTPAPI/2.0
      - Microsoft-HTTPAPI/2.0
      strict-transport-security:
      - max-age=31536000; includeSubDomains
      transfer-encoding:
      - chunked
      vary:
      - Accept-Encoding
      x-content-type-options:
      - nosniff
      x-ms-ratelimit-remaining-resource:
      - Microsoft.Compute/GetOperation3Min;14981,Microsoft.Compute/GetOperation30Min;29797
    status:
      code: 200
      message: OK
- request:
    body: null
    headers:
      Accept:
      - '*/*'
      Accept-Encoding:
      - gzip, deflate
      CommandName:
      - image create
      Connection:
      - keep-alive
      ParameterSetName:
      - -g -n --source
      User-Agent:
      - AZURECLI/2.46.0 azsdk-python-azure-mgmt-compute/29.1.0 Python/3.10.9 (Windows-10-10.0.22621-SP0)
    method: GET
    uri: https://management.azure.com/subscriptions/00000000-0000-0000-0000-000000000000/resourceGroups/cli_test_image_update_add_set_000001/providers/Microsoft.Compute/images/managedImage1?api-version=2022-11-01
  response:
    body:
      string: "{\r\n  \"name\": \"managedImage1\",\r\n  \"id\": \"/subscriptions/00000000-0000-0000-0000-000000000000/resourceGroups/cli_test_image_update_add_set_000001/providers/Microsoft.Compute/images/managedImage1\"\
        ,\r\n  \"type\": \"Microsoft.Compute/images\",\r\n  \"location\": \"westus\"\
        ,\r\n  \"tags\": {},\r\n  \"properties\": {\r\n    \"sourceVirtualMachine\"\
        : {\r\n      \"id\": \"/subscriptions/00000000-0000-0000-0000-000000000000/resourceGroups/cli_test_image_update_add_set_000001/providers/Microsoft.Compute/virtualMachines/vm1\"\
        \r\n    },\r\n    \"storageProfile\": {\r\n      \"osDisk\": {\r\n       \
        \ \"osType\": \"Linux\",\r\n        \"osState\": \"Generalized\",\r\n    \
        \    \"diskSizeGB\": 30,\r\n        \"managedDisk\": {\r\n          \"id\"\
        : \"/subscriptions/00000000-0000-0000-0000-000000000000/resourceGroups/cli_test_image_update_add_set_000001/providers/Microsoft.Compute/disks/vm1_disk1_e5169a4d90004161bac76c68461197ec\"\
        \r\n        },\r\n        \"caching\": \"ReadWrite\",\r\n        \"storageAccountType\"\
        : \"Premium_LRS\"\r\n      },\r\n      \"dataDisks\": [\r\n        {\r\n \
        \         \"lun\": 0,\r\n          \"diskSizeGB\": 10,\r\n          \"managedDisk\"\
        : {\r\n            \"id\": \"/subscriptions/00000000-0000-0000-0000-000000000000/resourceGroups/cli_test_image_update_add_set_000001/providers/Microsoft.Compute/disks/vm1_disk2_b5e4342283f745e184745dbe9b2120cd\"\
        \r\n          },\r\n          \"caching\": \"None\",\r\n          \"storageAccountType\"\
        : \"Premium_LRS\"\r\n        }\r\n      ]\r\n    },\r\n    \"provisioningState\"\
        : \"Succeeded\",\r\n    \"hyperVGeneration\": \"V1\"\r\n  }\r\n}"
    headers:
      cache-control:
      - no-cache
      content-length:
      - '1467'
      content-type:
      - application/json; charset=utf-8
      date:
      - Wed, 15 Mar 2023 07:53:51 GMT
      expires:
      - '-1'
      pragma:
      - no-cache
      server:
      - Microsoft-HTTPAPI/2.0
      - Microsoft-HTTPAPI/2.0
      strict-transport-security:
      - max-age=31536000; includeSubDomains
      transfer-encoding:
      - chunked
      vary:
      - Accept-Encoding
      x-content-type-options:
      - nosniff
      x-ms-ratelimit-remaining-resource:
      - Microsoft.Compute/GetImages3Min;358,Microsoft.Compute/GetImages30Min;1796
    status:
      code: 200
      message: OK
- request:
    body: null
    headers:
      Accept:
      - application/json
      Accept-Encoding:
      - gzip, deflate
      CommandName:
      - sig image-version create
      Connection:
      - keep-alive
      ParameterSetName:
      - -g --gallery-name --gallery-image-definition --gallery-image-version --managed-image
        --replica-count
      User-Agent:
      - AZURECLI/2.46.0 azsdk-python-azure-mgmt-resource/22.0.0 Python/3.10.9 (Windows-10-10.0.22621-SP0)
    method: GET
    uri: https://management.azure.com/subscriptions/00000000-0000-0000-0000-000000000000/resourcegroups/cli_test_image_update_add_set_000001?api-version=2022-09-01
  response:
    body:
      string: '{"id":"/subscriptions/00000000-0000-0000-0000-000000000000/resourceGroups/cli_test_image_update_add_set_000001","name":"cli_test_image_update_add_set_000001","type":"Microsoft.Resources/resourceGroups","location":"westus","tags":{"product":"azurecli","cause":"automation","date":"2023-03-15T07:49:39Z","StorageType":"Standard_LRS","type":"test"},"properties":{"provisioningState":"Succeeded"}}'
    headers:
      cache-control:
      - no-cache
      content-length:
      - '393'
      content-type:
      - application/json; charset=utf-8
      date:
      - Wed, 15 Mar 2023 07:53:52 GMT
      expires:
      - '-1'
      pragma:
      - no-cache
      strict-transport-security:
      - max-age=31536000; includeSubDomains
      vary:
      - Accept-Encoding
      x-content-type-options:
      - nosniff
    status:
      code: 200
      message: OK
- request:
    body: '{"location": "westus", "tags": {}, "properties": {"publishingProfile":
      {"targetRegions": [{"name": "westus"}], "replicaCount": 1}, "storageProfile":
      {"source": {"id": "/subscriptions/00000000-0000-0000-0000-000000000000/resourceGroups/cli_test_image_update_add_set_000001/providers/Microsoft.Compute/images/managedImage1"}}}}'
    headers:
      Accept:
      - application/json
      Accept-Encoding:
      - gzip, deflate
      CommandName:
      - sig image-version create
      Connection:
      - keep-alive
      Content-Length:
      - '325'
      Content-Type:
      - application/json
      ParameterSetName:
      - -g --gallery-name --gallery-image-definition --gallery-image-version --managed-image
        --replica-count
      User-Agent:
      - AZURECLI/2.46.0 azsdk-python-azure-mgmt-compute/29.1.0 Python/3.10.9 (Windows-10-10.0.22621-SP0)
    method: PUT
    uri: https://management.azure.com/subscriptions/00000000-0000-0000-0000-000000000000/resourceGroups/cli_test_image_update_add_set_000001/providers/Microsoft.Compute/galleries/gallery_000002/images/image1/versions/1.1.2?api-version=2022-03-03
  response:
    body:
      string: "{\r\n  \"name\": \"1.1.2\",\r\n  \"id\": \"/subscriptions/00000000-0000-0000-0000-000000000000/resourceGroups/cli_test_image_update_add_set_000001/providers/Microsoft.Compute/galleries/gallery_000002/images/image1/versions/1.1.2\"\
        ,\r\n  \"type\": \"Microsoft.Compute/galleries/images/versions\",\r\n  \"\
        location\": \"westus\",\r\n  \"tags\": {},\r\n  \"properties\": {\r\n    \"\
        publishingProfile\": {\r\n      \"targetRegions\": [\r\n        {\r\n    \
        \      \"name\": \"West US\",\r\n          \"regionalReplicaCount\": 1,\r\n\
        \          \"storageAccountType\": \"Standard_LRS\"\r\n        }\r\n     \
        \ ],\r\n      \"replicaCount\": 1,\r\n      \"excludeFromLatest\": false,\r\
        \n      \"publishedDate\": \"2023-03-15T07:53:56.701692+00:00\",\r\n     \
        \ \"storageAccountType\": \"Standard_LRS\"\r\n    },\r\n    \"storageProfile\"\
        : {\r\n      \"source\": {\r\n        \"id\": \"/subscriptions/00000000-0000-0000-0000-000000000000/resourceGroups/cli_test_image_update_add_set_000001/providers/Microsoft.Compute/images/managedImage1\"\
        \r\n      }\r\n    },\r\n    \"safetyProfile\": {\r\n      \"reportedForPolicyViolation\"\
        : false,\r\n      \"allowDeletionOfReplicatedLocations\": false\r\n    },\r\
        \n    \"provisioningState\": \"Creating\"\r\n  }\r\n}"
    headers:
      azure-asyncoperation:
      - https://management.azure.com/subscriptions/00000000-0000-0000-0000-000000000000/providers/Microsoft.Compute/locations/westus/capsOperations/da60062b-420a-45d6-9232-e51dee9fb66b?api-version=2022-03-03
      cache-control:
      - no-cache
      content-length:
      - '1114'
      content-type:
      - application/json; charset=utf-8
      date:
      - Wed, 15 Mar 2023 07:53:56 GMT
      expires:
      - '-1'
      pragma:
      - no-cache
      server:
      - Microsoft-HTTPAPI/2.0
      - Microsoft-HTTPAPI/2.0
      strict-transport-security:
      - max-age=31536000; includeSubDomains
      x-content-type-options:
      - nosniff
      x-ms-ratelimit-remaining-resource:
      - Microsoft.Compute/CreateUpdateGalleryImageVersion3Min;374,Microsoft.Compute/CreateUpdateGalleryImageVersion30Min;1199
      x-ms-ratelimit-remaining-subscription-writes:
      - '1199'
    status:
      code: 201
      message: Created
- request:
    body: null
    headers:
      Accept:
      - '*/*'
      Accept-Encoding:
      - gzip, deflate
      CommandName:
      - sig image-version create
      Connection:
      - keep-alive
      ParameterSetName:
      - -g --gallery-name --gallery-image-definition --gallery-image-version --managed-image
        --replica-count
      User-Agent:
      - AZURECLI/2.46.0 azsdk-python-azure-mgmt-compute/29.1.0 Python/3.10.9 (Windows-10-10.0.22621-SP0)
    method: GET
    uri: https://management.azure.com/subscriptions/00000000-0000-0000-0000-000000000000/providers/Microsoft.Compute/locations/westus/capsOperations/da60062b-420a-45d6-9232-e51dee9fb66b?api-version=2022-03-03
  response:
    body:
      string: "{\r\n  \"startTime\": \"2023-03-15T07:53:56.6860528+00:00\",\r\n  \"\
        status\": \"InProgress\",\r\n  \"name\": \"da60062b-420a-45d6-9232-e51dee9fb66b\"\
        \r\n}"
    headers:
      cache-control:
      - no-cache
      content-length:
      - '134'
      content-type:
      - application/json; charset=utf-8
      date:
      - Wed, 15 Mar 2023 07:54:58 GMT
      expires:
      - '-1'
      pragma:
      - no-cache
      server:
      - Microsoft-HTTPAPI/2.0
      - Microsoft-HTTPAPI/2.0
      strict-transport-security:
      - max-age=31536000; includeSubDomains
      transfer-encoding:
      - chunked
      vary:
      - Accept-Encoding
      x-content-type-options:
      - nosniff
      x-ms-ratelimit-remaining-resource:
      - Microsoft.Compute/GetOperationStatus3Min;1199,Microsoft.Compute/GetOperationStatus30Min;4195
    status:
      code: 200
      message: OK
- request:
    body: null
    headers:
      Accept:
      - '*/*'
      Accept-Encoding:
      - gzip, deflate
      CommandName:
      - sig image-version create
      Connection:
      - keep-alive
      ParameterSetName:
      - -g --gallery-name --gallery-image-definition --gallery-image-version --managed-image
        --replica-count
      User-Agent:
      - AZURECLI/2.46.0 azsdk-python-azure-mgmt-compute/29.1.0 Python/3.10.9 (Windows-10-10.0.22621-SP0)
    method: GET
    uri: https://management.azure.com/subscriptions/00000000-0000-0000-0000-000000000000/providers/Microsoft.Compute/locations/westus/capsOperations/da60062b-420a-45d6-9232-e51dee9fb66b?api-version=2022-03-03
  response:
    body:
      string: "{\r\n  \"startTime\": \"2023-03-15T07:53:56.6860528+00:00\",\r\n  \"\
        status\": \"InProgress\",\r\n  \"name\": \"da60062b-420a-45d6-9232-e51dee9fb66b\"\
        \r\n}"
    headers:
      cache-control:
      - no-cache
      content-length:
      - '134'
      content-type:
      - application/json; charset=utf-8
      date:
      - Wed, 15 Mar 2023 07:55:58 GMT
      expires:
      - '-1'
      pragma:
      - no-cache
      server:
      - Microsoft-HTTPAPI/2.0
      - Microsoft-HTTPAPI/2.0
      strict-transport-security:
      - max-age=31536000; includeSubDomains
      transfer-encoding:
      - chunked
      vary:
      - Accept-Encoding
      x-content-type-options:
      - nosniff
      x-ms-ratelimit-remaining-resource:
      - Microsoft.Compute/GetOperationStatus3Min;1197,Microsoft.Compute/GetOperationStatus30Min;4193
    status:
      code: 200
      message: OK
- request:
    body: null
    headers:
      Accept:
      - '*/*'
      Accept-Encoding:
      - gzip, deflate
      CommandName:
      - sig image-version create
      Connection:
      - keep-alive
      ParameterSetName:
      - -g --gallery-name --gallery-image-definition --gallery-image-version --managed-image
        --replica-count
      User-Agent:
      - AZURECLI/2.46.0 azsdk-python-azure-mgmt-compute/29.1.0 Python/3.10.9 (Windows-10-10.0.22621-SP0)
    method: GET
    uri: https://management.azure.com/subscriptions/00000000-0000-0000-0000-000000000000/providers/Microsoft.Compute/locations/westus/capsOperations/da60062b-420a-45d6-9232-e51dee9fb66b?api-version=2022-03-03
  response:
    body:
      string: "{\r\n  \"startTime\": \"2023-03-15T07:53:56.6860528+00:00\",\r\n  \"\
        status\": \"InProgress\",\r\n  \"name\": \"da60062b-420a-45d6-9232-e51dee9fb66b\"\
        \r\n}"
    headers:
      cache-control:
      - no-cache
      content-length:
      - '134'
      content-type:
      - application/json; charset=utf-8
      date:
      - Wed, 15 Mar 2023 07:57:00 GMT
      expires:
      - '-1'
      pragma:
      - no-cache
      server:
      - Microsoft-HTTPAPI/2.0
      - Microsoft-HTTPAPI/2.0
      strict-transport-security:
      - max-age=31536000; includeSubDomains
      transfer-encoding:
      - chunked
      vary:
      - Accept-Encoding
      x-content-type-options:
      - nosniff
      x-ms-ratelimit-remaining-resource:
      - Microsoft.Compute/GetOperationStatus3Min;1195,Microsoft.Compute/GetOperationStatus30Min;4191
    status:
      code: 200
      message: OK
- request:
    body: null
    headers:
      Accept:
      - '*/*'
      Accept-Encoding:
      - gzip, deflate
      CommandName:
      - sig image-version create
      Connection:
      - keep-alive
      ParameterSetName:
      - -g --gallery-name --gallery-image-definition --gallery-image-version --managed-image
        --replica-count
      User-Agent:
      - AZURECLI/2.46.0 azsdk-python-azure-mgmt-compute/29.1.0 Python/3.10.9 (Windows-10-10.0.22621-SP0)
    method: GET
    uri: https://management.azure.com/subscriptions/00000000-0000-0000-0000-000000000000/providers/Microsoft.Compute/locations/westus/capsOperations/da60062b-420a-45d6-9232-e51dee9fb66b?api-version=2022-03-03
  response:
    body:
      string: "{\r\n  \"startTime\": \"2023-03-15T07:53:56.6860528+00:00\",\r\n  \"\
        status\": \"InProgress\",\r\n  \"name\": \"da60062b-420a-45d6-9232-e51dee9fb66b\"\
        \r\n}"
    headers:
      cache-control:
      - no-cache
      content-length:
      - '134'
      content-type:
      - application/json; charset=utf-8
      date:
      - Wed, 15 Mar 2023 07:58:00 GMT
      expires:
      - '-1'
      pragma:
      - no-cache
      server:
      - Microsoft-HTTPAPI/2.0
      - Microsoft-HTTPAPI/2.0
      strict-transport-security:
      - max-age=31536000; includeSubDomains
      transfer-encoding:
      - chunked
      vary:
      - Accept-Encoding
      x-content-type-options:
      - nosniff
      x-ms-ratelimit-remaining-resource:
      - Microsoft.Compute/GetOperationStatus3Min;1195,Microsoft.Compute/GetOperationStatus30Min;4189
    status:
      code: 200
      message: OK
- request:
    body: null
    headers:
      Accept:
      - '*/*'
      Accept-Encoding:
      - gzip, deflate
      CommandName:
      - sig image-version create
      Connection:
      - keep-alive
      ParameterSetName:
      - -g --gallery-name --gallery-image-definition --gallery-image-version --managed-image
        --replica-count
      User-Agent:
      - AZURECLI/2.46.0 azsdk-python-azure-mgmt-compute/29.1.0 Python/3.10.9 (Windows-10-10.0.22621-SP0)
    method: GET
    uri: https://management.azure.com/subscriptions/00000000-0000-0000-0000-000000000000/providers/Microsoft.Compute/locations/westus/capsOperations/da60062b-420a-45d6-9232-e51dee9fb66b?api-version=2022-03-03
  response:
    body:
      string: "{\r\n  \"startTime\": \"2023-03-15T07:53:56.6860528+00:00\",\r\n  \"\
        status\": \"InProgress\",\r\n  \"name\": \"da60062b-420a-45d6-9232-e51dee9fb66b\"\
        \r\n}"
    headers:
      cache-control:
      - no-cache
      content-length:
      - '134'
      content-type:
      - application/json; charset=utf-8
      date:
      - Wed, 15 Mar 2023 07:59:01 GMT
      expires:
      - '-1'
      pragma:
      - no-cache
      server:
      - Microsoft-HTTPAPI/2.0
      - Microsoft-HTTPAPI/2.0
      strict-transport-security:
      - max-age=31536000; includeSubDomains
      transfer-encoding:
      - chunked
      vary:
      - Accept-Encoding
      x-content-type-options:
      - nosniff
      x-ms-ratelimit-remaining-resource:
      - Microsoft.Compute/GetOperationStatus3Min;1195,Microsoft.Compute/GetOperationStatus30Min;4187
    status:
      code: 200
      message: OK
- request:
    body: null
    headers:
      Accept:
      - '*/*'
      Accept-Encoding:
      - gzip, deflate
      CommandName:
      - sig image-version create
      Connection:
      - keep-alive
      ParameterSetName:
      - -g --gallery-name --gallery-image-definition --gallery-image-version --managed-image
        --replica-count
      User-Agent:
      - AZURECLI/2.46.0 azsdk-python-azure-mgmt-compute/29.1.0 Python/3.10.9 (Windows-10-10.0.22621-SP0)
    method: GET
    uri: https://management.azure.com/subscriptions/00000000-0000-0000-0000-000000000000/providers/Microsoft.Compute/locations/westus/capsOperations/da60062b-420a-45d6-9232-e51dee9fb66b?api-version=2022-03-03
  response:
    body:
      string: "{\r\n  \"startTime\": \"2023-03-15T07:53:56.6860528+00:00\",\r\n  \"\
        status\": \"InProgress\",\r\n  \"name\": \"da60062b-420a-45d6-9232-e51dee9fb66b\"\
        \r\n}"
    headers:
      cache-control:
      - no-cache
      content-length:
      - '134'
      content-type:
      - application/json; charset=utf-8
      date:
      - Wed, 15 Mar 2023 08:00:01 GMT
      expires:
      - '-1'
      pragma:
      - no-cache
      server:
      - Microsoft-HTTPAPI/2.0
      - Microsoft-HTTPAPI/2.0
      strict-transport-security:
      - max-age=31536000; includeSubDomains
      transfer-encoding:
      - chunked
      vary:
      - Accept-Encoding
      x-content-type-options:
      - nosniff
      x-ms-ratelimit-remaining-resource:
      - Microsoft.Compute/GetOperationStatus3Min;1191,Microsoft.Compute/GetOperationStatus30Min;4181
    status:
      code: 200
      message: OK
- request:
    body: null
    headers:
      Accept:
      - '*/*'
      Accept-Encoding:
      - gzip, deflate
      CommandName:
      - sig image-version create
      Connection:
      - keep-alive
      ParameterSetName:
      - -g --gallery-name --gallery-image-definition --gallery-image-version --managed-image
        --replica-count
      User-Agent:
      - AZURECLI/2.46.0 azsdk-python-azure-mgmt-compute/29.1.0 Python/3.10.9 (Windows-10-10.0.22621-SP0)
    method: GET
    uri: https://management.azure.com/subscriptions/00000000-0000-0000-0000-000000000000/providers/Microsoft.Compute/locations/westus/capsOperations/da60062b-420a-45d6-9232-e51dee9fb66b?api-version=2022-03-03
  response:
    body:
      string: "{\r\n  \"startTime\": \"2023-03-15T07:53:56.6860528+00:00\",\r\n  \"\
        status\": \"InProgress\",\r\n  \"name\": \"da60062b-420a-45d6-9232-e51dee9fb66b\"\
        \r\n}"
    headers:
      cache-control:
      - no-cache
      content-length:
      - '134'
      content-type:
      - application/json; charset=utf-8
      date:
      - Wed, 15 Mar 2023 08:01:02 GMT
      expires:
      - '-1'
      pragma:
      - no-cache
      server:
      - Microsoft-HTTPAPI/2.0
      - Microsoft-HTTPAPI/2.0
      strict-transport-security:
      - max-age=31536000; includeSubDomains
      transfer-encoding:
      - chunked
      vary:
      - Accept-Encoding
      x-content-type-options:
      - nosniff
      x-ms-ratelimit-remaining-resource:
      - Microsoft.Compute/GetOperationStatus3Min;1191,Microsoft.Compute/GetOperationStatus30Min;4179
    status:
      code: 200
      message: OK
- request:
    body: null
    headers:
      Accept:
      - '*/*'
      Accept-Encoding:
      - gzip, deflate
      CommandName:
      - sig image-version create
      Connection:
      - keep-alive
      ParameterSetName:
      - -g --gallery-name --gallery-image-definition --gallery-image-version --managed-image
        --replica-count
      User-Agent:
      - AZURECLI/2.46.0 azsdk-python-azure-mgmt-compute/29.1.0 Python/3.10.9 (Windows-10-10.0.22621-SP0)
    method: GET
    uri: https://management.azure.com/subscriptions/00000000-0000-0000-0000-000000000000/providers/Microsoft.Compute/locations/westus/capsOperations/da60062b-420a-45d6-9232-e51dee9fb66b?api-version=2022-03-03
  response:
    body:
      string: "{\r\n  \"startTime\": \"2023-03-15T07:53:56.6860528+00:00\",\r\n  \"\
        endTime\": \"2023-03-15T08:01:27.8302449+00:00\",\r\n  \"status\": \"Succeeded\"\
        ,\r\n  \"name\": \"da60062b-420a-45d6-9232-e51dee9fb66b\"\r\n}"
    headers:
      cache-control:
      - no-cache
      content-length:
      - '184'
      content-type:
      - application/json; charset=utf-8
      date:
      - Wed, 15 Mar 2023 08:02:03 GMT
      expires:
      - '-1'
      pragma:
      - no-cache
      server:
      - Microsoft-HTTPAPI/2.0
      - Microsoft-HTTPAPI/2.0
      strict-transport-security:
      - max-age=31536000; includeSubDomains
      transfer-encoding:
      - chunked
      vary:
      - Accept-Encoding
      x-content-type-options:
      - nosniff
      x-ms-ratelimit-remaining-resource:
      - Microsoft.Compute/GetOperationStatus3Min;1193,Microsoft.Compute/GetOperationStatus30Min;4177
    status:
      code: 200
      message: OK
- request:
    body: null
    headers:
      Accept:
      - '*/*'
      Accept-Encoding:
      - gzip, deflate
      CommandName:
      - sig image-version create
      Connection:
      - keep-alive
      ParameterSetName:
      - -g --gallery-name --gallery-image-definition --gallery-image-version --managed-image
        --replica-count
      User-Agent:
      - AZURECLI/2.46.0 azsdk-python-azure-mgmt-compute/29.1.0 Python/3.10.9 (Windows-10-10.0.22621-SP0)
    method: GET
    uri: https://management.azure.com/subscriptions/00000000-0000-0000-0000-000000000000/resourceGroups/cli_test_image_update_add_set_000001/providers/Microsoft.Compute/galleries/gallery_000002/images/image1/versions/1.1.2?api-version=2022-03-03
  response:
    body:
      string: "{\r\n  \"name\": \"1.1.2\",\r\n  \"id\": \"/subscriptions/00000000-0000-0000-0000-000000000000/resourceGroups/cli_test_image_update_add_set_000001/providers/Microsoft.Compute/galleries/gallery_000002/images/image1/versions/1.1.2\"\
        ,\r\n  \"type\": \"Microsoft.Compute/galleries/images/versions\",\r\n  \"\
        location\": \"westus\",\r\n  \"tags\": {},\r\n  \"properties\": {\r\n    \"\
        publishingProfile\": {\r\n      \"targetRegions\": [\r\n        {\r\n    \
        \      \"name\": \"West US\",\r\n          \"regionalReplicaCount\": 1,\r\n\
        \          \"storageAccountType\": \"Standard_LRS\"\r\n        }\r\n     \
        \ ],\r\n      \"replicaCount\": 1,\r\n      \"excludeFromLatest\": false,\r\
        \n      \"publishedDate\": \"2023-03-15T07:53:56.701692+00:00\",\r\n     \
        \ \"storageAccountType\": \"Standard_LRS\"\r\n    },\r\n    \"storageProfile\"\
        : {\r\n      \"source\": {\r\n        \"id\": \"/subscriptions/00000000-0000-0000-0000-000000000000/resourceGroups/cli_test_image_update_add_set_000001/providers/Microsoft.Compute/images/managedImage1\"\
        \r\n      },\r\n      \"osDiskImage\": {\r\n        \"sizeInGB\": 30,\r\n\
        \        \"hostCaching\": \"ReadWrite\",\r\n        \"source\": {}\r\n   \
        \   },\r\n      \"dataDiskImages\": [\r\n        {\r\n          \"lun\": 0,\r\
        \n          \"sizeInGB\": 10,\r\n          \"hostCaching\": \"None\"\r\n \
        \       }\r\n      ]\r\n    },\r\n    \"safetyProfile\": {\r\n      \"reportedForPolicyViolation\"\
        : false,\r\n      \"allowDeletionOfReplicatedLocations\": false\r\n    },\r\
        \n    \"provisioningState\": \"Succeeded\"\r\n  }\r\n}"
    headers:
      cache-control:
      - no-cache
      content-length:
      - '1373'
      content-type:
      - application/json; charset=utf-8
      date:
      - Wed, 15 Mar 2023 08:02:03 GMT
      expires:
      - '-1'
      pragma:
      - no-cache
      server:
      - Microsoft-HTTPAPI/2.0
      - Microsoft-HTTPAPI/2.0
      strict-transport-security:
      - max-age=31536000; includeSubDomains
      transfer-encoding:
      - chunked
      vary:
      - Accept-Encoding
      x-content-type-options:
      - nosniff
      x-ms-ratelimit-remaining-resource:
      - Microsoft.Compute/GetGalleryImageVersion3Min;1998,Microsoft.Compute/GetGalleryImageVersion30Min;9996
    status:
      code: 200
      message: OK
- request:
    body: null
    headers:
      Accept:
      - application/json
      Accept-Encoding:
      - gzip, deflate
      CommandName:
      - sig image-version update
      Connection:
      - keep-alive
      ParameterSetName:
      - -g --gallery-name --gallery-image-definition --gallery-image-version --add
      User-Agent:
      - AZURECLI/2.46.0 azsdk-python-azure-mgmt-compute/29.1.0 Python/3.10.9 (Windows-10-10.0.22621-SP0)
    method: GET
    uri: https://management.azure.com/subscriptions/00000000-0000-0000-0000-000000000000/resourceGroups/cli_test_image_update_add_set_000001/providers/Microsoft.Compute/galleries/gallery_000002/images/image1/versions/1.1.2?api-version=2022-03-03
  response:
    body:
      string: "{\r\n  \"name\": \"1.1.2\",\r\n  \"id\": \"/subscriptions/00000000-0000-0000-0000-000000000000/resourceGroups/cli_test_image_update_add_set_000001/providers/Microsoft.Compute/galleries/gallery_000002/images/image1/versions/1.1.2\"\
        ,\r\n  \"type\": \"Microsoft.Compute/galleries/images/versions\",\r\n  \"\
        location\": \"westus\",\r\n  \"tags\": {},\r\n  \"properties\": {\r\n    \"\
        publishingProfile\": {\r\n      \"targetRegions\": [\r\n        {\r\n    \
        \      \"name\": \"West US\",\r\n          \"regionalReplicaCount\": 1,\r\n\
        \          \"storageAccountType\": \"Standard_LRS\"\r\n        }\r\n     \
        \ ],\r\n      \"replicaCount\": 1,\r\n      \"excludeFromLatest\": false,\r\
        \n      \"publishedDate\": \"2023-03-15T07:53:56.701692+00:00\",\r\n     \
        \ \"storageAccountType\": \"Standard_LRS\"\r\n    },\r\n    \"storageProfile\"\
        : {\r\n      \"source\": {\r\n        \"id\": \"/subscriptions/00000000-0000-0000-0000-000000000000/resourceGroups/cli_test_image_update_add_set_000001/providers/Microsoft.Compute/images/managedImage1\"\
        \r\n      },\r\n      \"osDiskImage\": {\r\n        \"sizeInGB\": 30,\r\n\
        \        \"hostCaching\": \"ReadWrite\",\r\n        \"source\": {}\r\n   \
        \   },\r\n      \"dataDiskImages\": [\r\n        {\r\n          \"lun\": 0,\r\
        \n          \"sizeInGB\": 10,\r\n          \"hostCaching\": \"None\"\r\n \
        \       }\r\n      ]\r\n    },\r\n    \"safetyProfile\": {\r\n      \"reportedForPolicyViolation\"\
        : false,\r\n      \"allowDeletionOfReplicatedLocations\": false\r\n    },\r\
        \n    \"provisioningState\": \"Succeeded\"\r\n  }\r\n}"
    headers:
      cache-control:
      - no-cache
      content-length:
      - '1373'
      content-type:
      - application/json; charset=utf-8
      date:
      - Wed, 15 Mar 2023 08:02:06 GMT
      expires:
      - '-1'
      pragma:
      - no-cache
      server:
      - Microsoft-HTTPAPI/2.0
      - Microsoft-HTTPAPI/2.0
      strict-transport-security:
      - max-age=31536000; includeSubDomains
      transfer-encoding:
      - chunked
      vary:
      - Accept-Encoding
      x-content-type-options:
      - nosniff
      x-ms-ratelimit-remaining-resource:
      - Microsoft.Compute/GetGalleryImageVersion3Min;1997,Microsoft.Compute/GetGalleryImageVersion30Min;9995
    status:
      code: 200
      message: OK
- request:
    body: '{"location": "westus", "tags": {}, "properties": {"publishingProfile":
      {"targetRegions": [{"name": "West US", "regionalReplicaCount": 1, "storageAccountType":
      "Standard_LRS"}, {"name": "westcentralus", "regionalReplicaCount": 3, "excludeFromLatest":
      true}], "replicaCount": 1, "excludeFromLatest": false, "storageAccountType":
      "Standard_LRS"}, "storageProfile": {"osDiskImage": {"hostCaching": "ReadWrite"},
      "dataDiskImages": [{"hostCaching": "None", "lun": 0}]}, "safetyProfile": {"allowDeletionOfReplicatedLocations":
      false}}}'
    headers:
      Accept:
      - application/json
      Accept-Encoding:
      - gzip, deflate
      CommandName:
      - sig image-version update
      Connection:
      - keep-alive
      Content-Length:
      - '528'
      Content-Type:
      - application/json
      ParameterSetName:
      - -g --gallery-name --gallery-image-definition --gallery-image-version --add
      User-Agent:
      - AZURECLI/2.46.0 azsdk-python-azure-mgmt-compute/29.1.0 Python/3.10.9 (Windows-10-10.0.22621-SP0)
    method: PUT
    uri: https://management.azure.com/subscriptions/00000000-0000-0000-0000-000000000000/resourceGroups/cli_test_image_update_add_set_000001/providers/Microsoft.Compute/galleries/gallery_000002/images/image1/versions/1.1.2?api-version=2022-03-03
  response:
    body:
      string: "{\r\n  \"name\": \"1.1.2\",\r\n  \"id\": \"/subscriptions/00000000-0000-0000-0000-000000000000/resourceGroups/cli_test_image_update_add_set_000001/providers/Microsoft.Compute/galleries/gallery_000002/images/image1/versions/1.1.2\"\
        ,\r\n  \"type\": \"Microsoft.Compute/galleries/images/versions\",\r\n  \"\
        location\": \"westus\",\r\n  \"tags\": {},\r\n  \"properties\": {\r\n    \"\
        publishingProfile\": {\r\n      \"targetRegions\": [\r\n        {\r\n    \
        \      \"name\": \"West US\",\r\n          \"regionalReplicaCount\": 1,\r\n\
        \          \"storageAccountType\": \"Standard_LRS\"\r\n        },\r\n    \
        \    {\r\n          \"name\": \"West Central US\",\r\n          \"regionalReplicaCount\"\
        : 3,\r\n          \"storageAccountType\": \"Standard_LRS\",\r\n          \"\
        excludeFromLatest\": true\r\n        }\r\n      ],\r\n      \"replicaCount\"\
        : 1,\r\n      \"excludeFromLatest\": false,\r\n      \"publishedDate\": \"\
        2023-03-15T07:53:56.701692+00:00\",\r\n      \"storageAccountType\": \"Standard_LRS\"\
        \r\n    },\r\n    \"storageProfile\": {\r\n      \"source\": {\r\n       \
        \ \"id\": \"/subscriptions/00000000-0000-0000-0000-000000000000/resourceGroups/cli_test_image_update_add_set_000001/providers/Microsoft.Compute/images/managedImage1\"\
        \r\n      },\r\n      \"osDiskImage\": {\r\n        \"sizeInGB\": 30,\r\n\
        \        \"hostCaching\": \"ReadWrite\",\r\n        \"source\": {}\r\n   \
        \   },\r\n      \"dataDiskImages\": [\r\n        {\r\n          \"lun\": 0,\r\
        \n          \"sizeInGB\": 10,\r\n          \"hostCaching\": \"None\"\r\n \
        \       }\r\n      ]\r\n    },\r\n    \"safetyProfile\": {\r\n      \"reportedForPolicyViolation\"\
        : false,\r\n      \"allowDeletionOfReplicatedLocations\": false\r\n    },\r\
        \n    \"provisioningState\": \"Updating\"\r\n  }\r\n}"
    headers:
      azure-asyncoperation:
      - https://management.azure.com/subscriptions/00000000-0000-0000-0000-000000000000/providers/Microsoft.Compute/locations/westus/capsOperations/ade8104b-f831-4d35-af79-c0836b4a94d4?api-version=2022-03-03
      cache-control:
      - no-cache
      content-length:
      - '1557'
      content-type:
      - application/json; charset=utf-8
      date:
      - Wed, 15 Mar 2023 08:02:07 GMT
      expires:
      - '-1'
      pragma:
      - no-cache
      server:
      - Microsoft-HTTPAPI/2.0
      - Microsoft-HTTPAPI/2.0
      strict-transport-security:
      - max-age=31536000; includeSubDomains
      transfer-encoding:
      - chunked
      vary:
      - Accept-Encoding
      x-content-type-options:
      - nosniff
      x-ms-ratelimit-remaining-resource:
      - Microsoft.Compute/CreateUpdateGalleryImageVersion3Min;373,Microsoft.Compute/CreateUpdateGalleryImageVersion30Min;1197
      x-ms-ratelimit-remaining-subscription-writes:
      - '1193'
    status:
      code: 200
      message: OK
- request:
    body: null
    headers:
      Accept:
      - '*/*'
      Accept-Encoding:
      - gzip, deflate
      CommandName:
      - sig image-version update
      Connection:
      - keep-alive
      ParameterSetName:
      - -g --gallery-name --gallery-image-definition --gallery-image-version --add
      User-Agent:
      - AZURECLI/2.46.0 azsdk-python-azure-mgmt-compute/29.1.0 Python/3.10.9 (Windows-10-10.0.22621-SP0)
    method: GET
    uri: https://management.azure.com/subscriptions/00000000-0000-0000-0000-000000000000/providers/Microsoft.Compute/locations/westus/capsOperations/ade8104b-f831-4d35-af79-c0836b4a94d4?api-version=2022-03-03
  response:
    body:
      string: "{\r\n  \"startTime\": \"2023-03-15T08:02:07.8618855+00:00\",\r\n  \"\
        status\": \"InProgress\",\r\n  \"name\": \"ade8104b-f831-4d35-af79-c0836b4a94d4\"\
        \r\n}"
    headers:
      cache-control:
      - no-cache
      content-length:
      - '134'
      content-type:
      - application/json; charset=utf-8
      date:
      - Wed, 15 Mar 2023 08:03:08 GMT
      expires:
      - '-1'
      pragma:
      - no-cache
      server:
      - Microsoft-HTTPAPI/2.0
      - Microsoft-HTTPAPI/2.0
      strict-transport-security:
      - max-age=31536000; includeSubDomains
      transfer-encoding:
      - chunked
      vary:
      - Accept-Encoding
      x-content-type-options:
      - nosniff
      x-ms-ratelimit-remaining-resource:
      - Microsoft.Compute/GetOperationStatus3Min;1193,Microsoft.Compute/GetOperationStatus30Min;4173
    status:
      code: 200
      message: OK
- request:
    body: null
    headers:
      Accept:
      - '*/*'
      Accept-Encoding:
      - gzip, deflate
      CommandName:
      - sig image-version update
      Connection:
      - keep-alive
      ParameterSetName:
      - -g --gallery-name --gallery-image-definition --gallery-image-version --add
      User-Agent:
      - AZURECLI/2.46.0 azsdk-python-azure-mgmt-compute/29.1.0 Python/3.10.9 (Windows-10-10.0.22621-SP0)
    method: GET
    uri: https://management.azure.com/subscriptions/00000000-0000-0000-0000-000000000000/providers/Microsoft.Compute/locations/westus/capsOperations/ade8104b-f831-4d35-af79-c0836b4a94d4?api-version=2022-03-03
  response:
    body:
      string: "{\r\n  \"startTime\": \"2023-03-15T08:02:07.8618855+00:00\",\r\n  \"\
        status\": \"InProgress\",\r\n  \"name\": \"ade8104b-f831-4d35-af79-c0836b4a94d4\"\
        \r\n}"
    headers:
      cache-control:
      - no-cache
      content-length:
      - '134'
      content-type:
      - application/json; charset=utf-8
      date:
      - Wed, 15 Mar 2023 08:04:09 GMT
      expires:
      - '-1'
      pragma:
      - no-cache
      server:
      - Microsoft-HTTPAPI/2.0
      - Microsoft-HTTPAPI/2.0
      strict-transport-security:
      - max-age=31536000; includeSubDomains
      transfer-encoding:
      - chunked
      vary:
      - Accept-Encoding
      x-content-type-options:
      - nosniff
      x-ms-ratelimit-remaining-resource:
      - Microsoft.Compute/GetOperationStatus3Min;1191,Microsoft.Compute/GetOperationStatus30Min;4169
    status:
      code: 200
      message: OK
- request:
    body: null
    headers:
      Accept:
      - '*/*'
      Accept-Encoding:
      - gzip, deflate
      CommandName:
      - sig image-version update
      Connection:
      - keep-alive
      ParameterSetName:
      - -g --gallery-name --gallery-image-definition --gallery-image-version --add
      User-Agent:
      - AZURECLI/2.46.0 azsdk-python-azure-mgmt-compute/29.1.0 Python/3.10.9 (Windows-10-10.0.22621-SP0)
    method: GET
    uri: https://management.azure.com/subscriptions/00000000-0000-0000-0000-000000000000/providers/Microsoft.Compute/locations/westus/capsOperations/ade8104b-f831-4d35-af79-c0836b4a94d4?api-version=2022-03-03
  response:
    body:
      string: "{\r\n  \"startTime\": \"2023-03-15T08:02:07.8618855+00:00\",\r\n  \"\
        status\": \"InProgress\",\r\n  \"name\": \"ade8104b-f831-4d35-af79-c0836b4a94d4\"\
        \r\n}"
    headers:
      cache-control:
      - no-cache
      content-length:
      - '134'
      content-type:
      - application/json; charset=utf-8
      date:
      - Wed, 15 Mar 2023 08:05:09 GMT
      expires:
      - '-1'
      pragma:
      - no-cache
      server:
      - Microsoft-HTTPAPI/2.0
      - Microsoft-HTTPAPI/2.0
      strict-transport-security:
      - max-age=31536000; includeSubDomains
      transfer-encoding:
      - chunked
      vary:
      - Accept-Encoding
      x-content-type-options:
      - nosniff
      x-ms-ratelimit-remaining-resource:
      - Microsoft.Compute/GetOperationStatus3Min;1189,Microsoft.Compute/GetOperationStatus30Min;4165
    status:
      code: 200
      message: OK
- request:
    body: null
    headers:
      Accept:
      - '*/*'
      Accept-Encoding:
      - gzip, deflate
      CommandName:
      - sig image-version update
      Connection:
      - keep-alive
      ParameterSetName:
      - -g --gallery-name --gallery-image-definition --gallery-image-version --add
      User-Agent:
      - AZURECLI/2.46.0 azsdk-python-azure-mgmt-compute/29.1.0 Python/3.10.9 (Windows-10-10.0.22621-SP0)
    method: GET
    uri: https://management.azure.com/subscriptions/00000000-0000-0000-0000-000000000000/providers/Microsoft.Compute/locations/westus/capsOperations/ade8104b-f831-4d35-af79-c0836b4a94d4?api-version=2022-03-03
  response:
    body:
      string: "{\r\n  \"startTime\": \"2023-03-15T08:02:07.8618855+00:00\",\r\n  \"\
        status\": \"InProgress\",\r\n  \"name\": \"ade8104b-f831-4d35-af79-c0836b4a94d4\"\
        \r\n}"
    headers:
      cache-control:
      - no-cache
      content-length:
      - '134'
      content-type:
      - application/json; charset=utf-8
      date:
      - Wed, 15 Mar 2023 08:06:10 GMT
      expires:
      - '-1'
      pragma:
      - no-cache
      server:
      - Microsoft-HTTPAPI/2.0
      - Microsoft-HTTPAPI/2.0
      strict-transport-security:
      - max-age=31536000; includeSubDomains
      transfer-encoding:
      - chunked
      vary:
      - Accept-Encoding
      x-content-type-options:
      - nosniff
      x-ms-ratelimit-remaining-resource:
      - Microsoft.Compute/GetOperationStatus3Min;1189,Microsoft.Compute/GetOperationStatus30Min;4161
    status:
      code: 200
      message: OK
- request:
    body: null
    headers:
      Accept:
      - '*/*'
      Accept-Encoding:
      - gzip, deflate
      CommandName:
      - sig image-version update
      Connection:
      - keep-alive
      ParameterSetName:
      - -g --gallery-name --gallery-image-definition --gallery-image-version --add
      User-Agent:
      - AZURECLI/2.46.0 azsdk-python-azure-mgmt-compute/29.1.0 Python/3.10.9 (Windows-10-10.0.22621-SP0)
    method: GET
    uri: https://management.azure.com/subscriptions/00000000-0000-0000-0000-000000000000/providers/Microsoft.Compute/locations/westus/capsOperations/ade8104b-f831-4d35-af79-c0836b4a94d4?api-version=2022-03-03
  response:
    body:
      string: "{\r\n  \"startTime\": \"2023-03-15T08:02:07.8618855+00:00\",\r\n  \"\
        status\": \"InProgress\",\r\n  \"name\": \"ade8104b-f831-4d35-af79-c0836b4a94d4\"\
        \r\n}"
    headers:
      cache-control:
      - no-cache
      content-length:
      - '134'
      content-type:
      - application/json; charset=utf-8
      date:
      - Wed, 15 Mar 2023 08:07:11 GMT
      expires:
      - '-1'
      pragma:
      - no-cache
      server:
      - Microsoft-HTTPAPI/2.0
      - Microsoft-HTTPAPI/2.0
      strict-transport-security:
      - max-age=31536000; includeSubDomains
      transfer-encoding:
      - chunked
      vary:
      - Accept-Encoding
      x-content-type-options:
      - nosniff
      x-ms-ratelimit-remaining-resource:
      - Microsoft.Compute/GetOperationStatus3Min;1189,Microsoft.Compute/GetOperationStatus30Min;4157
    status:
      code: 200
      message: OK
- request:
    body: null
    headers:
      Accept:
      - '*/*'
      Accept-Encoding:
      - gzip, deflate
      CommandName:
      - sig image-version update
      Connection:
      - keep-alive
      ParameterSetName:
      - -g --gallery-name --gallery-image-definition --gallery-image-version --add
      User-Agent:
      - AZURECLI/2.46.0 azsdk-python-azure-mgmt-compute/29.1.0 Python/3.10.9 (Windows-10-10.0.22621-SP0)
    method: GET
    uri: https://management.azure.com/subscriptions/00000000-0000-0000-0000-000000000000/providers/Microsoft.Compute/locations/westus/capsOperations/ade8104b-f831-4d35-af79-c0836b4a94d4?api-version=2022-03-03
  response:
    body:
      string: "{\r\n  \"startTime\": \"2023-03-15T08:02:07.8618855+00:00\",\r\n  \"\
        status\": \"InProgress\",\r\n  \"name\": \"ade8104b-f831-4d35-af79-c0836b4a94d4\"\
        \r\n}"
    headers:
      cache-control:
      - no-cache
      content-length:
      - '134'
      content-type:
      - application/json; charset=utf-8
      date:
      - Wed, 15 Mar 2023 08:08:13 GMT
      expires:
      - '-1'
      pragma:
      - no-cache
      server:
      - Microsoft-HTTPAPI/2.0
      - Microsoft-HTTPAPI/2.0
      strict-transport-security:
      - max-age=31536000; includeSubDomains
      transfer-encoding:
      - chunked
      vary:
      - Accept-Encoding
      x-content-type-options:
      - nosniff
      x-ms-ratelimit-remaining-resource:
      - Microsoft.Compute/GetOperationStatus3Min;1189,Microsoft.Compute/GetOperationStatus30Min;4153
    status:
      code: 200
      message: OK
- request:
    body: null
    headers:
      Accept:
      - '*/*'
      Accept-Encoding:
      - gzip, deflate
      CommandName:
      - sig image-version update
      Connection:
      - keep-alive
      ParameterSetName:
      - -g --gallery-name --gallery-image-definition --gallery-image-version --add
      User-Agent:
      - AZURECLI/2.46.0 azsdk-python-azure-mgmt-compute/29.1.0 Python/3.10.9 (Windows-10-10.0.22621-SP0)
    method: GET
    uri: https://management.azure.com/subscriptions/00000000-0000-0000-0000-000000000000/providers/Microsoft.Compute/locations/westus/capsOperations/ade8104b-f831-4d35-af79-c0836b4a94d4?api-version=2022-03-03
  response:
    body:
      string: "{\r\n  \"startTime\": \"2023-03-15T08:02:07.8618855+00:00\",\r\n  \"\
        endTime\": \"2023-03-15T08:08:23.4898216+00:00\",\r\n  \"status\": \"Succeeded\"\
        ,\r\n  \"name\": \"ade8104b-f831-4d35-af79-c0836b4a94d4\"\r\n}"
    headers:
      cache-control:
      - no-cache
      content-length:
      - '184'
      content-type:
      - application/json; charset=utf-8
      date:
      - Wed, 15 Mar 2023 08:09:13 GMT
      expires:
      - '-1'
      pragma:
      - no-cache
      server:
      - Microsoft-HTTPAPI/2.0
      - Microsoft-HTTPAPI/2.0
      strict-transport-security:
      - max-age=31536000; includeSubDomains
      transfer-encoding:
      - chunked
      vary:
      - Accept-Encoding
      x-content-type-options:
      - nosniff
      x-ms-ratelimit-remaining-resource:
      - Microsoft.Compute/GetOperationStatus3Min;1189,Microsoft.Compute/GetOperationStatus30Min;4149
    status:
      code: 200
      message: OK
- request:
    body: null
    headers:
      Accept:
      - '*/*'
      Accept-Encoding:
      - gzip, deflate
      CommandName:
      - sig image-version update
      Connection:
      - keep-alive
      ParameterSetName:
      - -g --gallery-name --gallery-image-definition --gallery-image-version --add
      User-Agent:
      - AZURECLI/2.46.0 azsdk-python-azure-mgmt-compute/29.1.0 Python/3.10.9 (Windows-10-10.0.22621-SP0)
    method: GET
    uri: https://management.azure.com/subscriptions/00000000-0000-0000-0000-000000000000/resourceGroups/cli_test_image_update_add_set_000001/providers/Microsoft.Compute/galleries/gallery_000002/images/image1/versions/1.1.2?api-version=2022-03-03
  response:
    body:
      string: "{\r\n  \"name\": \"1.1.2\",\r\n  \"id\": \"/subscriptions/00000000-0000-0000-0000-000000000000/resourceGroups/cli_test_image_update_add_set_000001/providers/Microsoft.Compute/galleries/gallery_000002/images/image1/versions/1.1.2\"\
        ,\r\n  \"type\": \"Microsoft.Compute/galleries/images/versions\",\r\n  \"\
        location\": \"westus\",\r\n  \"tags\": {},\r\n  \"properties\": {\r\n    \"\
        publishingProfile\": {\r\n      \"targetRegions\": [\r\n        {\r\n    \
        \      \"name\": \"West US\",\r\n          \"regionalReplicaCount\": 1,\r\n\
        \          \"storageAccountType\": \"Standard_LRS\"\r\n        },\r\n    \
        \    {\r\n          \"name\": \"West Central US\",\r\n          \"regionalReplicaCount\"\
        : 3,\r\n          \"storageAccountType\": \"Standard_LRS\",\r\n          \"\
        excludeFromLatest\": true\r\n        }\r\n      ],\r\n      \"replicaCount\"\
        : 1,\r\n      \"excludeFromLatest\": false,\r\n      \"publishedDate\": \"\
        2023-03-15T07:53:56.701692+00:00\",\r\n      \"storageAccountType\": \"Standard_LRS\"\
        \r\n    },\r\n    \"storageProfile\": {\r\n      \"source\": {\r\n       \
        \ \"id\": \"/subscriptions/00000000-0000-0000-0000-000000000000/resourceGroups/cli_test_image_update_add_set_000001/providers/Microsoft.Compute/images/managedImage1\"\
        \r\n      },\r\n      \"osDiskImage\": {\r\n        \"sizeInGB\": 30,\r\n\
        \        \"hostCaching\": \"ReadWrite\",\r\n        \"source\": {}\r\n   \
        \   },\r\n      \"dataDiskImages\": [\r\n        {\r\n          \"lun\": 0,\r\
        \n          \"sizeInGB\": 10,\r\n          \"hostCaching\": \"None\"\r\n \
        \       }\r\n      ]\r\n    },\r\n    \"safetyProfile\": {\r\n      \"reportedForPolicyViolation\"\
        : false,\r\n      \"allowDeletionOfReplicatedLocations\": false\r\n    },\r\
        \n    \"provisioningState\": \"Succeeded\"\r\n  }\r\n}"
    headers:
      cache-control:
      - no-cache
      content-length:
      - '1558'
      content-type:
      - application/json; charset=utf-8
      date:
      - Wed, 15 Mar 2023 08:09:13 GMT
      expires:
      - '-1'
      pragma:
      - no-cache
      server:
      - Microsoft-HTTPAPI/2.0
      - Microsoft-HTTPAPI/2.0
      strict-transport-security:
      - max-age=31536000; includeSubDomains
      transfer-encoding:
      - chunked
      vary:
      - Accept-Encoding
      x-content-type-options:
      - nosniff
      x-ms-ratelimit-remaining-resource:
      - Microsoft.Compute/GetGalleryImageVersion3Min;1995,Microsoft.Compute/GetGalleryImageVersion30Min;9986
    status:
      code: 200
      message: OK
- request:
    body: null
    headers:
      Accept:
      - application/json
      Accept-Encoding:
      - gzip, deflate
      CommandName:
      - sig image-version update
      Connection:
      - keep-alive
      ParameterSetName:
      - -g --gallery-name --gallery-image-definition --gallery-image-version --set
      User-Agent:
      - AZURECLI/2.46.0 azsdk-python-azure-mgmt-compute/29.1.0 Python/3.10.9 (Windows-10-10.0.22621-SP0)
    method: GET
    uri: https://management.azure.com/subscriptions/00000000-0000-0000-0000-000000000000/resourceGroups/cli_test_image_update_add_set_000001/providers/Microsoft.Compute/galleries/gallery_000002/images/image1/versions/1.1.2?api-version=2022-03-03
  response:
    body:
      string: "{\r\n  \"name\": \"1.1.2\",\r\n  \"id\": \"/subscriptions/00000000-0000-0000-0000-000000000000/resourceGroups/cli_test_image_update_add_set_000001/providers/Microsoft.Compute/galleries/gallery_000002/images/image1/versions/1.1.2\"\
        ,\r\n  \"type\": \"Microsoft.Compute/galleries/images/versions\",\r\n  \"\
        location\": \"westus\",\r\n  \"tags\": {},\r\n  \"properties\": {\r\n    \"\
        publishingProfile\": {\r\n      \"targetRegions\": [\r\n        {\r\n    \
        \      \"name\": \"West US\",\r\n          \"regionalReplicaCount\": 1,\r\n\
        \          \"storageAccountType\": \"Standard_LRS\"\r\n        },\r\n    \
        \    {\r\n          \"name\": \"West Central US\",\r\n          \"regionalReplicaCount\"\
        : 3,\r\n          \"storageAccountType\": \"Standard_LRS\",\r\n          \"\
        excludeFromLatest\": true\r\n        }\r\n      ],\r\n      \"replicaCount\"\
        : 1,\r\n      \"excludeFromLatest\": false,\r\n      \"publishedDate\": \"\
        2023-03-15T07:53:56.701692+00:00\",\r\n      \"storageAccountType\": \"Standard_LRS\"\
        \r\n    },\r\n    \"storageProfile\": {\r\n      \"source\": {\r\n       \
        \ \"id\": \"/subscriptions/00000000-0000-0000-0000-000000000000/resourceGroups/cli_test_image_update_add_set_000001/providers/Microsoft.Compute/images/managedImage1\"\
        \r\n      },\r\n      \"osDiskImage\": {\r\n        \"sizeInGB\": 30,\r\n\
        \        \"hostCaching\": \"ReadWrite\",\r\n        \"source\": {}\r\n   \
        \   },\r\n      \"dataDiskImages\": [\r\n        {\r\n          \"lun\": 0,\r\
        \n          \"sizeInGB\": 10,\r\n          \"hostCaching\": \"None\"\r\n \
        \       }\r\n      ]\r\n    },\r\n    \"safetyProfile\": {\r\n      \"reportedForPolicyViolation\"\
        : false,\r\n      \"allowDeletionOfReplicatedLocations\": false\r\n    },\r\
        \n    \"provisioningState\": \"Succeeded\"\r\n  }\r\n}"
    headers:
      cache-control:
      - no-cache
      content-length:
      - '1558'
      content-type:
      - application/json; charset=utf-8
      date:
      - Wed, 15 Mar 2023 08:09:15 GMT
      expires:
      - '-1'
      pragma:
      - no-cache
      server:
      - Microsoft-HTTPAPI/2.0
      - Microsoft-HTTPAPI/2.0
      strict-transport-security:
      - max-age=31536000; includeSubDomains
      transfer-encoding:
      - chunked
      vary:
      - Accept-Encoding
      x-content-type-options:
      - nosniff
      x-ms-ratelimit-remaining-resource:
      - Microsoft.Compute/GetGalleryImageVersion3Min;1994,Microsoft.Compute/GetGalleryImageVersion30Min;9985
    status:
      code: 200
      message: OK
- request:
    body: '{"location": "westus", "tags": {}, "properties": {"publishingProfile":
      {"targetRegions": [{"name": "West US", "regionalReplicaCount": 1, "storageAccountType":
      "Standard_LRS"}, {"name": "West Central US", "regionalReplicaCount": 3, "storageAccountType":
      "Standard_LRS", "excludeFromLatest": true}], "replicaCount": 1, "excludeFromLatest":
      false, "storageAccountType": "Standard_LRS"}, "storageProfile": {"osDiskImage":
      {"hostCaching": "ReadWrite"}, "dataDiskImages": [{"hostCaching": "None", "lun":
      0}]}, "safetyProfile": {"allowDeletionOfReplicatedLocations": true}}}'
    headers:
      Accept:
      - application/json
      Accept-Encoding:
      - gzip, deflate
      CommandName:
      - sig image-version update
      Connection:
      - keep-alive
      Content-Length:
      - '567'
      Content-Type:
      - application/json
      ParameterSetName:
      - -g --gallery-name --gallery-image-definition --gallery-image-version --set
      User-Agent:
      - AZURECLI/2.46.0 azsdk-python-azure-mgmt-compute/29.1.0 Python/3.10.9 (Windows-10-10.0.22621-SP0)
    method: PUT
    uri: https://management.azure.com/subscriptions/00000000-0000-0000-0000-000000000000/resourceGroups/cli_test_image_update_add_set_000001/providers/Microsoft.Compute/galleries/gallery_000002/images/image1/versions/1.1.2?api-version=2022-03-03
  response:
    body:
      string: "{\r\n  \"name\": \"1.1.2\",\r\n  \"id\": \"/subscriptions/00000000-0000-0000-0000-000000000000/resourceGroups/cli_test_image_update_add_set_000001/providers/Microsoft.Compute/galleries/gallery_000002/images/image1/versions/1.1.2\"\
        ,\r\n  \"type\": \"Microsoft.Compute/galleries/images/versions\",\r\n  \"\
        location\": \"westus\",\r\n  \"tags\": {},\r\n  \"properties\": {\r\n    \"\
        publishingProfile\": {\r\n      \"targetRegions\": [\r\n        {\r\n    \
        \      \"name\": \"West US\",\r\n          \"regionalReplicaCount\": 1,\r\n\
        \          \"storageAccountType\": \"Standard_LRS\"\r\n        },\r\n    \
        \    {\r\n          \"name\": \"West Central US\",\r\n          \"regionalReplicaCount\"\
        : 3,\r\n          \"storageAccountType\": \"Standard_LRS\",\r\n          \"\
        excludeFromLatest\": true\r\n        }\r\n      ],\r\n      \"replicaCount\"\
        : 1,\r\n      \"excludeFromLatest\": false,\r\n      \"publishedDate\": \"\
        2023-03-15T07:53:56.701692+00:00\",\r\n      \"storageAccountType\": \"Standard_LRS\"\
        \r\n    },\r\n    \"storageProfile\": {\r\n      \"source\": {\r\n       \
        \ \"id\": \"/subscriptions/00000000-0000-0000-0000-000000000000/resourceGroups/cli_test_image_update_add_set_000001/providers/Microsoft.Compute/images/managedImage1\"\
        \r\n      },\r\n      \"osDiskImage\": {\r\n        \"sizeInGB\": 30,\r\n\
        \        \"hostCaching\": \"ReadWrite\",\r\n        \"source\": {}\r\n   \
        \   },\r\n      \"dataDiskImages\": [\r\n        {\r\n          \"lun\": 0,\r\
        \n          \"sizeInGB\": 10,\r\n          \"hostCaching\": \"None\"\r\n \
        \       }\r\n      ]\r\n    },\r\n    \"safetyProfile\": {\r\n      \"reportedForPolicyViolation\"\
        : false,\r\n      \"allowDeletionOfReplicatedLocations\": true\r\n    },\r\
        \n    \"provisioningState\": \"Updating\"\r\n  }\r\n}"
    headers:
      azure-asyncoperation:
      - https://management.azure.com/subscriptions/00000000-0000-0000-0000-000000000000/providers/Microsoft.Compute/locations/westus/capsOperations/28056b64-4184-43be-abd2-ff224970d49c?api-version=2022-03-03
      cache-control:
      - no-cache
      content-length:
      - '1556'
      content-type:
      - application/json; charset=utf-8
      date:
      - Wed, 15 Mar 2023 08:09:17 GMT
      expires:
      - '-1'
      pragma:
      - no-cache
      server:
      - Microsoft-HTTPAPI/2.0
      - Microsoft-HTTPAPI/2.0
      strict-transport-security:
      - max-age=31536000; includeSubDomains
      transfer-encoding:
      - chunked
      vary:
      - Accept-Encoding
      x-content-type-options:
      - nosniff
      x-ms-ratelimit-remaining-resource:
      - Microsoft.Compute/CreateUpdateGalleryImageVersion3Min;374,Microsoft.Compute/CreateUpdateGalleryImageVersion30Min;1196
      x-ms-ratelimit-remaining-subscription-writes:
      - '1199'
    status:
      code: 200
      message: OK
- request:
    body: null
    headers:
      Accept:
      - '*/*'
      Accept-Encoding:
      - gzip, deflate
      CommandName:
      - sig image-version update
      Connection:
      - keep-alive
      ParameterSetName:
      - -g --gallery-name --gallery-image-definition --gallery-image-version --set
      User-Agent:
      - AZURECLI/2.46.0 azsdk-python-azure-mgmt-compute/29.1.0 Python/3.10.9 (Windows-10-10.0.22621-SP0)
    method: GET
    uri: https://management.azure.com/subscriptions/00000000-0000-0000-0000-000000000000/providers/Microsoft.Compute/locations/westus/capsOperations/28056b64-4184-43be-abd2-ff224970d49c?api-version=2022-03-03
  response:
    body:
      string: "{\r\n  \"startTime\": \"2023-03-15T08:09:18.4278424+00:00\",\r\n  \"\
        status\": \"InProgress\",\r\n  \"name\": \"28056b64-4184-43be-abd2-ff224970d49c\"\
        \r\n}"
    headers:
      cache-control:
      - no-cache
      content-length:
      - '134'
      content-type:
      - application/json; charset=utf-8
      date:
      - Wed, 15 Mar 2023 08:10:20 GMT
      expires:
      - '-1'
      pragma:
      - no-cache
      server:
      - Microsoft-HTTPAPI/2.0
      - Microsoft-HTTPAPI/2.0
      strict-transport-security:
      - max-age=31536000; includeSubDomains
      transfer-encoding:
      - chunked
      vary:
      - Accept-Encoding
      x-content-type-options:
      - nosniff
      x-ms-ratelimit-remaining-resource:
      - Microsoft.Compute/GetOperationStatus3Min;1189,Microsoft.Compute/GetOperationStatus30Min;4145
    status:
      code: 200
      message: OK
- request:
    body: null
    headers:
      Accept:
      - '*/*'
      Accept-Encoding:
      - gzip, deflate
      CommandName:
      - sig image-version update
      Connection:
      - keep-alive
      ParameterSetName:
      - -g --gallery-name --gallery-image-definition --gallery-image-version --set
      User-Agent:
      - AZURECLI/2.46.0 azsdk-python-azure-mgmt-compute/29.1.0 Python/3.10.9 (Windows-10-10.0.22621-SP0)
    method: GET
    uri: https://management.azure.com/subscriptions/00000000-0000-0000-0000-000000000000/providers/Microsoft.Compute/locations/westus/capsOperations/28056b64-4184-43be-abd2-ff224970d49c?api-version=2022-03-03
  response:
    body:
      string: "{\r\n  \"startTime\": \"2023-03-15T08:09:18.4278424+00:00\",\r\n  \"\
        status\": \"InProgress\",\r\n  \"name\": \"28056b64-4184-43be-abd2-ff224970d49c\"\
        \r\n}"
    headers:
      cache-control:
      - no-cache
      content-length:
      - '134'
      content-type:
      - application/json; charset=utf-8
      date:
      - Wed, 15 Mar 2023 08:11:19 GMT
      expires:
      - '-1'
      pragma:
      - no-cache
      server:
      - Microsoft-HTTPAPI/2.0
      - Microsoft-HTTPAPI/2.0
      strict-transport-security:
      - max-age=31536000; includeSubDomains
      transfer-encoding:
      - chunked
      vary:
      - Accept-Encoding
      x-content-type-options:
      - nosniff
      x-ms-ratelimit-remaining-resource:
      - Microsoft.Compute/GetOperationStatus3Min;1190,Microsoft.Compute/GetOperationStatus30Min;4142
    status:
      code: 200
      message: OK
- request:
    body: null
    headers:
      Accept:
      - '*/*'
      Accept-Encoding:
      - gzip, deflate
      CommandName:
      - sig image-version update
      Connection:
      - keep-alive
      ParameterSetName:
      - -g --gallery-name --gallery-image-definition --gallery-image-version --set
      User-Agent:
      - AZURECLI/2.46.0 azsdk-python-azure-mgmt-compute/29.1.0 Python/3.10.9 (Windows-10-10.0.22621-SP0)
    method: GET
    uri: https://management.azure.com/subscriptions/00000000-0000-0000-0000-000000000000/providers/Microsoft.Compute/locations/westus/capsOperations/28056b64-4184-43be-abd2-ff224970d49c?api-version=2022-03-03
  response:
    body:
      string: "{\r\n  \"startTime\": \"2023-03-15T08:09:18.4278424+00:00\",\r\n  \"\
        endTime\": \"2023-03-15T08:11:48.5852135+00:00\",\r\n  \"status\": \"Succeeded\"\
        ,\r\n  \"name\": \"28056b64-4184-43be-abd2-ff224970d49c\"\r\n}"
    headers:
      cache-control:
      - no-cache
      content-length:
      - '184'
      content-type:
      - application/json; charset=utf-8
      date:
      - Wed, 15 Mar 2023 08:12:20 GMT
      expires:
      - '-1'
      pragma:
      - no-cache
      server:
      - Microsoft-HTTPAPI/2.0
      - Microsoft-HTTPAPI/2.0
      strict-transport-security:
      - max-age=31536000; includeSubDomains
      transfer-encoding:
      - chunked
      vary:
      - Accept-Encoding
      x-content-type-options:
      - nosniff
      x-ms-ratelimit-remaining-resource:
      - Microsoft.Compute/GetOperationStatus3Min;1191,Microsoft.Compute/GetOperationStatus30Min;4139
    status:
      code: 200
      message: OK
- request:
    body: null
    headers:
      Accept:
      - '*/*'
      Accept-Encoding:
      - gzip, deflate
      CommandName:
      - sig image-version update
      Connection:
      - keep-alive
      ParameterSetName:
      - -g --gallery-name --gallery-image-definition --gallery-image-version --set
      User-Agent:
      - AZURECLI/2.46.0 azsdk-python-azure-mgmt-compute/29.1.0 Python/3.10.9 (Windows-10-10.0.22621-SP0)
    method: GET
    uri: https://management.azure.com/subscriptions/00000000-0000-0000-0000-000000000000/resourceGroups/cli_test_image_update_add_set_000001/providers/Microsoft.Compute/galleries/gallery_000002/images/image1/versions/1.1.2?api-version=2022-03-03
  response:
    body:
      string: "{\r\n  \"name\": \"1.1.2\",\r\n  \"id\": \"/subscriptions/00000000-0000-0000-0000-000000000000/resourceGroups/cli_test_image_update_add_set_000001/providers/Microsoft.Compute/galleries/gallery_000002/images/image1/versions/1.1.2\"\
        ,\r\n  \"type\": \"Microsoft.Compute/galleries/images/versions\",\r\n  \"\
        location\": \"westus\",\r\n  \"tags\": {},\r\n  \"properties\": {\r\n    \"\
        publishingProfile\": {\r\n      \"targetRegions\": [\r\n        {\r\n    \
        \      \"name\": \"West US\",\r\n          \"regionalReplicaCount\": 1,\r\n\
        \          \"storageAccountType\": \"Standard_LRS\"\r\n        },\r\n    \
        \    {\r\n          \"name\": \"West Central US\",\r\n          \"regionalReplicaCount\"\
        : 3,\r\n          \"storageAccountType\": \"Standard_LRS\",\r\n          \"\
        excludeFromLatest\": true\r\n        }\r\n      ],\r\n      \"replicaCount\"\
        : 1,\r\n      \"excludeFromLatest\": false,\r\n      \"publishedDate\": \"\
        2023-03-15T07:53:56.701692+00:00\",\r\n      \"storageAccountType\": \"Standard_LRS\"\
        \r\n    },\r\n    \"storageProfile\": {\r\n      \"source\": {\r\n       \
        \ \"id\": \"/subscriptions/00000000-0000-0000-0000-000000000000/resourceGroups/cli_test_image_update_add_set_000001/providers/Microsoft.Compute/images/managedImage1\"\
        \r\n      },\r\n      \"osDiskImage\": {\r\n        \"sizeInGB\": 30,\r\n\
        \        \"hostCaching\": \"ReadWrite\",\r\n        \"source\": {}\r\n   \
        \   },\r\n      \"dataDiskImages\": [\r\n        {\r\n          \"lun\": 0,\r\
        \n          \"sizeInGB\": 10,\r\n          \"hostCaching\": \"None\"\r\n \
        \       }\r\n      ]\r\n    },\r\n    \"safetyProfile\": {\r\n      \"reportedForPolicyViolation\"\
        : false,\r\n      \"allowDeletionOfReplicatedLocations\": true\r\n    },\r\
        \n    \"provisioningState\": \"Succeeded\"\r\n  }\r\n}"
    headers:
      cache-control:
      - no-cache
      content-length:
      - '1557'
      content-type:
      - application/json; charset=utf-8
      date:
      - Wed, 15 Mar 2023 08:12:21 GMT
      expires:
      - '-1'
      pragma:
      - no-cache
      server:
      - Microsoft-HTTPAPI/2.0
      - Microsoft-HTTPAPI/2.0
      strict-transport-security:
      - max-age=31536000; includeSubDomains
      transfer-encoding:
      - chunked
      vary:
      - Accept-Encoding
      x-content-type-options:
      - nosniff
      x-ms-ratelimit-remaining-resource:
      - Microsoft.Compute/GetGalleryImageVersion3Min;1995,Microsoft.Compute/GetGalleryImageVersion30Min;9977
    status:
      code: 200
      message: OK
- request:
    body: null
    headers:
      Accept:
      - application/json
      Accept-Encoding:
      - gzip, deflate
      CommandName:
      - sig image-version update
      Connection:
      - keep-alive
      ParameterSetName:
      - -g --gallery-name --gallery-image-definition --gallery-image-version --set
      User-Agent:
      - AZURECLI/2.46.0 azsdk-python-azure-mgmt-compute/29.1.0 Python/3.10.9 (Windows-10-10.0.22621-SP0)
    method: GET
    uri: https://management.azure.com/subscriptions/00000000-0000-0000-0000-000000000000/resourceGroups/cli_test_image_update_add_set_000001/providers/Microsoft.Compute/galleries/gallery_000002/images/image1/versions/1.1.2?api-version=2022-03-03
  response:
    body:
      string: "{\r\n  \"name\": \"1.1.2\",\r\n  \"id\": \"/subscriptions/00000000-0000-0000-0000-000000000000/resourceGroups/cli_test_image_update_add_set_000001/providers/Microsoft.Compute/galleries/gallery_000002/images/image1/versions/1.1.2\"\
        ,\r\n  \"type\": \"Microsoft.Compute/galleries/images/versions\",\r\n  \"\
        location\": \"westus\",\r\n  \"tags\": {},\r\n  \"properties\": {\r\n    \"\
        publishingProfile\": {\r\n      \"targetRegions\": [\r\n        {\r\n    \
        \      \"name\": \"West US\",\r\n          \"regionalReplicaCount\": 1,\r\n\
        \          \"storageAccountType\": \"Standard_LRS\"\r\n        },\r\n    \
        \    {\r\n          \"name\": \"West Central US\",\r\n          \"regionalReplicaCount\"\
        : 3,\r\n          \"storageAccountType\": \"Standard_LRS\",\r\n          \"\
        excludeFromLatest\": true\r\n        }\r\n      ],\r\n      \"replicaCount\"\
        : 1,\r\n      \"excludeFromLatest\": false,\r\n      \"publishedDate\": \"\
        2023-03-15T07:53:56.701692+00:00\",\r\n      \"storageAccountType\": \"Standard_LRS\"\
        \r\n    },\r\n    \"storageProfile\": {\r\n      \"source\": {\r\n       \
        \ \"id\": \"/subscriptions/00000000-0000-0000-0000-000000000000/resourceGroups/cli_test_image_update_add_set_000001/providers/Microsoft.Compute/images/managedImage1\"\
        \r\n      },\r\n      \"osDiskImage\": {\r\n        \"sizeInGB\": 30,\r\n\
        \        \"hostCaching\": \"ReadWrite\",\r\n        \"source\": {}\r\n   \
        \   },\r\n      \"dataDiskImages\": [\r\n        {\r\n          \"lun\": 0,\r\
        \n          \"sizeInGB\": 10,\r\n          \"hostCaching\": \"None\"\r\n \
        \       }\r\n      ]\r\n    },\r\n    \"safetyProfile\": {\r\n      \"reportedForPolicyViolation\"\
        : false,\r\n      \"allowDeletionOfReplicatedLocations\": true\r\n    },\r\
        \n    \"provisioningState\": \"Succeeded\"\r\n  }\r\n}"
    headers:
      cache-control:
      - no-cache
      content-length:
      - '1557'
      content-type:
      - application/json; charset=utf-8
      date:
      - Wed, 15 Mar 2023 08:12:22 GMT
      expires:
      - '-1'
      pragma:
      - no-cache
      server:
      - Microsoft-HTTPAPI/2.0
      - Microsoft-HTTPAPI/2.0
      strict-transport-security:
      - max-age=31536000; includeSubDomains
      transfer-encoding:
      - chunked
      vary:
      - Accept-Encoding
      x-content-type-options:
      - nosniff
      x-ms-ratelimit-remaining-resource:
      - Microsoft.Compute/GetGalleryImageVersion3Min;1993,Microsoft.Compute/GetGalleryImageVersion30Min;9975
    status:
      code: 200
      message: OK
- request:
    body: '{"location": "westus", "tags": {}, "properties": {"publishingProfile":
      {"targetRegions": [{"name": "West US", "regionalReplicaCount": 1, "storageAccountType":
      "Standard_LRS"}, {"name": "West Central US", "regionalReplicaCount": 3, "storageAccountType":
      "Standard_LRS", "excludeFromLatest": true}], "replicaCount": 1, "excludeFromLatest":
      false, "storageAccountType": "Standard_LRS"}, "storageProfile": {"osDiskImage":
      {"hostCaching": "ReadWrite"}, "dataDiskImages": [{"hostCaching": "None", "lun":
      0}]}, "safetyProfile": {"allowDeletionOfReplicatedLocations": false}}}'
    headers:
      Accept:
      - application/json
      Accept-Encoding:
      - gzip, deflate
      CommandName:
      - sig image-version update
      Connection:
      - keep-alive
      Content-Length:
      - '568'
      Content-Type:
      - application/json
      ParameterSetName:
      - -g --gallery-name --gallery-image-definition --gallery-image-version --set
      User-Agent:
      - AZURECLI/2.46.0 azsdk-python-azure-mgmt-compute/29.1.0 Python/3.10.9 (Windows-10-10.0.22621-SP0)
    method: PUT
    uri: https://management.azure.com/subscriptions/00000000-0000-0000-0000-000000000000/resourceGroups/cli_test_image_update_add_set_000001/providers/Microsoft.Compute/galleries/gallery_000002/images/image1/versions/1.1.2?api-version=2022-03-03
  response:
    body:
      string: "{\r\n  \"name\": \"1.1.2\",\r\n  \"id\": \"/subscriptions/00000000-0000-0000-0000-000000000000/resourceGroups/cli_test_image_update_add_set_000001/providers/Microsoft.Compute/galleries/gallery_000002/images/image1/versions/1.1.2\"\
        ,\r\n  \"type\": \"Microsoft.Compute/galleries/images/versions\",\r\n  \"\
        location\": \"westus\",\r\n  \"tags\": {},\r\n  \"properties\": {\r\n    \"\
        publishingProfile\": {\r\n      \"targetRegions\": [\r\n        {\r\n    \
        \      \"name\": \"West US\",\r\n          \"regionalReplicaCount\": 1,\r\n\
        \          \"storageAccountType\": \"Standard_LRS\"\r\n        },\r\n    \
        \    {\r\n          \"name\": \"West Central US\",\r\n          \"regionalReplicaCount\"\
        : 3,\r\n          \"storageAccountType\": \"Standard_LRS\",\r\n          \"\
        excludeFromLatest\": true\r\n        }\r\n      ],\r\n      \"replicaCount\"\
        : 1,\r\n      \"excludeFromLatest\": false,\r\n      \"publishedDate\": \"\
        2023-03-15T07:53:56.701692+00:00\",\r\n      \"storageAccountType\": \"Standard_LRS\"\
        \r\n    },\r\n    \"storageProfile\": {\r\n      \"source\": {\r\n       \
        \ \"id\": \"/subscriptions/00000000-0000-0000-0000-000000000000/resourceGroups/cli_test_image_update_add_set_000001/providers/Microsoft.Compute/images/managedImage1\"\
        \r\n      },\r\n      \"osDiskImage\": {\r\n        \"sizeInGB\": 30,\r\n\
        \        \"hostCaching\": \"ReadWrite\",\r\n        \"source\": {}\r\n   \
        \   },\r\n      \"dataDiskImages\": [\r\n        {\r\n          \"lun\": 0,\r\
        \n          \"sizeInGB\": 10,\r\n          \"hostCaching\": \"None\"\r\n \
        \       }\r\n      ]\r\n    },\r\n    \"safetyProfile\": {\r\n      \"reportedForPolicyViolation\"\
        : false,\r\n      \"allowDeletionOfReplicatedLocations\": false\r\n    },\r\
        \n    \"provisioningState\": \"Updating\"\r\n  }\r\n}"
    headers:
      azure-asyncoperation:
      - https://management.azure.com/subscriptions/00000000-0000-0000-0000-000000000000/providers/Microsoft.Compute/locations/westus/capsOperations/cea00c36-3438-4fbb-883f-e0aeeba0b343?api-version=2022-03-03
      cache-control:
      - no-cache
      content-length:
      - '1557'
      content-type:
      - application/json; charset=utf-8
      date:
      - Wed, 15 Mar 2023 08:12:23 GMT
      expires:
      - '-1'
      pragma:
      - no-cache
      server:
      - Microsoft-HTTPAPI/2.0
      - Microsoft-HTTPAPI/2.0
      strict-transport-security:
      - max-age=31536000; includeSubDomains
      transfer-encoding:
      - chunked
      vary:
      - Accept-Encoding
      x-content-type-options:
      - nosniff
      x-ms-ratelimit-remaining-resource:
      - Microsoft.Compute/CreateUpdateGalleryImageVersion3Min;373,Microsoft.Compute/CreateUpdateGalleryImageVersion30Min;1194
      x-ms-ratelimit-remaining-subscription-writes:
      - '1195'
    status:
      code: 200
      message: OK
- request:
    body: null
    headers:
      Accept:
      - '*/*'
      Accept-Encoding:
      - gzip, deflate
      CommandName:
      - sig image-version update
      Connection:
      - keep-alive
      ParameterSetName:
      - -g --gallery-name --gallery-image-definition --gallery-image-version --set
      User-Agent:
      - AZURECLI/2.46.0 azsdk-python-azure-mgmt-compute/29.1.0 Python/3.10.9 (Windows-10-10.0.22621-SP0)
    method: GET
    uri: https://management.azure.com/subscriptions/00000000-0000-0000-0000-000000000000/providers/Microsoft.Compute/locations/westus/capsOperations/cea00c36-3438-4fbb-883f-e0aeeba0b343?api-version=2022-03-03
  response:
    body:
      string: "{\r\n  \"startTime\": \"2023-03-15T08:12:24.0230471+00:00\",\r\n  \"\
        status\": \"InProgress\",\r\n  \"name\": \"cea00c36-3438-4fbb-883f-e0aeeba0b343\"\
        \r\n}"
    headers:
      cache-control:
      - no-cache
      content-length:
      - '134'
      content-type:
      - application/json; charset=utf-8
      date:
      - Wed, 15 Mar 2023 08:13:24 GMT
      expires:
      - '-1'
      pragma:
      - no-cache
      server:
      - Microsoft-HTTPAPI/2.0
      - Microsoft-HTTPAPI/2.0
      strict-transport-security:
      - max-age=31536000; includeSubDomains
      transfer-encoding:
      - chunked
      vary:
      - Accept-Encoding
      x-content-type-options:
      - nosniff
      x-ms-ratelimit-remaining-resource:
      - Microsoft.Compute/GetOperationStatus3Min;1190,Microsoft.Compute/GetOperationStatus30Min;4135
    status:
      code: 200
      message: OK
- request:
    body: null
    headers:
      Accept:
      - '*/*'
      Accept-Encoding:
      - gzip, deflate
      CommandName:
      - sig image-version update
      Connection:
      - keep-alive
      ParameterSetName:
      - -g --gallery-name --gallery-image-definition --gallery-image-version --set
      User-Agent:
      - AZURECLI/2.46.0 azsdk-python-azure-mgmt-compute/29.1.0 Python/3.10.9 (Windows-10-10.0.22621-SP0)
    method: GET
    uri: https://management.azure.com/subscriptions/00000000-0000-0000-0000-000000000000/providers/Microsoft.Compute/locations/westus/capsOperations/cea00c36-3438-4fbb-883f-e0aeeba0b343?api-version=2022-03-03
  response:
    body:
      string: "{\r\n  \"startTime\": \"2023-03-15T08:12:24.0230471+00:00\",\r\n  \"\
        status\": \"InProgress\",\r\n  \"name\": \"cea00c36-3438-4fbb-883f-e0aeeba0b343\"\
        \r\n}"
    headers:
      cache-control:
      - no-cache
      content-length:
      - '134'
      content-type:
      - application/json; charset=utf-8
      date:
      - Wed, 15 Mar 2023 08:14:25 GMT
      expires:
      - '-1'
      pragma:
      - no-cache
      server:
      - Microsoft-HTTPAPI/2.0
      - Microsoft-HTTPAPI/2.0
      strict-transport-security:
      - max-age=31536000; includeSubDomains
      transfer-encoding:
      - chunked
      vary:
      - Accept-Encoding
      x-content-type-options:
      - nosniff
      x-ms-ratelimit-remaining-resource:
      - Microsoft.Compute/GetOperationStatus3Min;1190,Microsoft.Compute/GetOperationStatus30Min;4130
    status:
      code: 200
      message: OK
- request:
    body: null
    headers:
      Accept:
      - '*/*'
      Accept-Encoding:
      - gzip, deflate
      CommandName:
      - sig image-version update
      Connection:
      - keep-alive
      ParameterSetName:
      - -g --gallery-name --gallery-image-definition --gallery-image-version --set
      User-Agent:
      - AZURECLI/2.46.0 azsdk-python-azure-mgmt-compute/29.1.0 Python/3.10.9 (Windows-10-10.0.22621-SP0)
    method: GET
    uri: https://management.azure.com/subscriptions/00000000-0000-0000-0000-000000000000/providers/Microsoft.Compute/locations/westus/capsOperations/cea00c36-3438-4fbb-883f-e0aeeba0b343?api-version=2022-03-03
  response:
    body:
      string: "{\r\n  \"startTime\": \"2023-03-15T08:12:24.0230471+00:00\",\r\n  \"\
        endTime\": \"2023-03-15T08:14:54.1648073+00:00\",\r\n  \"status\": \"Succeeded\"\
        ,\r\n  \"name\": \"cea00c36-3438-4fbb-883f-e0aeeba0b343\"\r\n}"
    headers:
      cache-control:
      - no-cache
      content-length:
      - '184'
      content-type:
      - application/json; charset=utf-8
      date:
      - Wed, 15 Mar 2023 08:15:26 GMT
      expires:
      - '-1'
      pragma:
      - no-cache
      server:
      - Microsoft-HTTPAPI/2.0
      - Microsoft-HTTPAPI/2.0
      strict-transport-security:
      - max-age=31536000; includeSubDomains
      transfer-encoding:
      - chunked
      vary:
      - Accept-Encoding
      x-content-type-options:
      - nosniff
      x-ms-ratelimit-remaining-resource:
      - Microsoft.Compute/GetOperationStatus3Min;1186,Microsoft.Compute/GetOperationStatus30Min;4124
    status:
      code: 200
      message: OK
- request:
    body: null
    headers:
      Accept:
      - '*/*'
      Accept-Encoding:
      - gzip, deflate
      CommandName:
      - sig image-version update
      Connection:
      - keep-alive
      ParameterSetName:
      - -g --gallery-name --gallery-image-definition --gallery-image-version --set
      User-Agent:
      - AZURECLI/2.46.0 azsdk-python-azure-mgmt-compute/29.1.0 Python/3.10.9 (Windows-10-10.0.22621-SP0)
    method: GET
    uri: https://management.azure.com/subscriptions/00000000-0000-0000-0000-000000000000/resourceGroups/cli_test_image_update_add_set_000001/providers/Microsoft.Compute/galleries/gallery_000002/images/image1/versions/1.1.2?api-version=2022-03-03
  response:
    body:
      string: "{\r\n  \"name\": \"1.1.2\",\r\n  \"id\": \"/subscriptions/00000000-0000-0000-0000-000000000000/resourceGroups/cli_test_image_update_add_set_000001/providers/Microsoft.Compute/galleries/gallery_000002/images/image1/versions/1.1.2\"\
        ,\r\n  \"type\": \"Microsoft.Compute/galleries/images/versions\",\r\n  \"\
        location\": \"westus\",\r\n  \"tags\": {},\r\n  \"properties\": {\r\n    \"\
        publishingProfile\": {\r\n      \"targetRegions\": [\r\n        {\r\n    \
        \      \"name\": \"West US\",\r\n          \"regionalReplicaCount\": 1,\r\n\
        \          \"storageAccountType\": \"Standard_LRS\"\r\n        },\r\n    \
        \    {\r\n          \"name\": \"West Central US\",\r\n          \"regionalReplicaCount\"\
        : 3,\r\n          \"storageAccountType\": \"Standard_LRS\",\r\n          \"\
        excludeFromLatest\": true\r\n        }\r\n      ],\r\n      \"replicaCount\"\
        : 1,\r\n      \"excludeFromLatest\": false,\r\n      \"publishedDate\": \"\
        2023-03-15T07:53:56.701692+00:00\",\r\n      \"storageAccountType\": \"Standard_LRS\"\
        \r\n    },\r\n    \"storageProfile\": {\r\n      \"source\": {\r\n       \
        \ \"id\": \"/subscriptions/00000000-0000-0000-0000-000000000000/resourceGroups/cli_test_image_update_add_set_000001/providers/Microsoft.Compute/images/managedImage1\"\
        \r\n      },\r\n      \"osDiskImage\": {\r\n        \"sizeInGB\": 30,\r\n\
        \        \"hostCaching\": \"ReadWrite\",\r\n        \"source\": {}\r\n   \
        \   },\r\n      \"dataDiskImages\": [\r\n        {\r\n          \"lun\": 0,\r\
        \n          \"sizeInGB\": 10,\r\n          \"hostCaching\": \"None\"\r\n \
        \       }\r\n      ]\r\n    },\r\n    \"safetyProfile\": {\r\n      \"reportedForPolicyViolation\"\
        : false,\r\n      \"allowDeletionOfReplicatedLocations\": false\r\n    },\r\
        \n    \"provisioningState\": \"Succeeded\"\r\n  }\r\n}"
    headers:
      cache-control:
      - no-cache
      content-length:
      - '1558'
      content-type:
      - application/json; charset=utf-8
      date:
      - Wed, 15 Mar 2023 08:15:27 GMT
      expires:
      - '-1'
      pragma:
      - no-cache
      server:
      - Microsoft-HTTPAPI/2.0
      - Microsoft-HTTPAPI/2.0
      strict-transport-security:
      - max-age=31536000; includeSubDomains
      transfer-encoding:
      - chunked
      vary:
      - Accept-Encoding
      x-content-type-options:
      - nosniff
      x-ms-ratelimit-remaining-resource:
      - Microsoft.Compute/GetGalleryImageVersion3Min;1996,Microsoft.Compute/GetGalleryImageVersion30Min;9969
    status:
      code: 200
      message: OK
version: 1
