interactions:
- request:
    body: null
    headers:
      Accept:
      - '*/*'
      Accept-Encoding:
      - gzip, deflate
      Connection:
      - keep-alive
      User-Agent:
      - python-requests/2.26.0
    method: GET
    uri: https://raw.githubusercontent.com/Azure/azure-rest-api-specs/main/arm-compute/quickstart-templates/aliases.json
  response:
    body:
      string: "{\n  \"$schema\": \"http://schema.management.azure.com/schemas/2015-01-01/deploymentTemplate.json\"\
        ,\n  \"contentVersion\": \"1.0.0.0\",\n  \"parameters\": {},\n  \"variables\"\
        : {},\n  \"resources\": [],\n  \"outputs\": {\n    \"aliases\": {\n      \"\
        type\": \"object\",\n      \"value\": {\n        \"Linux\": {\n          \"\
        CentOS\": {\n            \"publisher\": \"OpenLogic\",\n            \"offer\"\
        : \"CentOS\",\n            \"sku\": \"7.5\",\n            \"version\": \"\
        latest\",\n            \"architecture\": \"x64\"\n          },\n         \
        \ \"Debian\": {\n            \"publisher\": \"Debian\",\n            \"offer\"\
        : \"debian-10\",\n            \"sku\": \"10\",\n            \"version\": \"\
        latest\",\n            \"architecture\": \"x64\"\n          },\n         \
        \ \"Flatcar\": {\n            \"publisher\": \"kinvolk\",\n            \"\
        offer\": \"flatcar-container-linux-free\",\n            \"sku\": \"stable\"\
        ,\n            \"version\": \"latest\",\n            \"architecture\": \"\
        x64\"\n          },\n          \"openSUSE-Leap\": {\n            \"publisher\"\
        : \"SUSE\",\n            \"offer\": \"opensuse-leap-15-3\",\n            \"\
        sku\": \"gen2\",\n            \"version\": \"latest\",\n            \"architecture\"\
        : \"x64\"\n          },\n          \"RHEL\": {\n            \"publisher\"\
        : \"RedHat\",\n            \"offer\": \"RHEL\",\n            \"sku\": \"7-LVM\"\
        ,\n            \"version\": \"latest\",\n            \"architecture\": \"\
        x64\"\n          },\n          \"SLES\": {\n            \"publisher\": \"\
        SUSE\",\n            \"offer\": \"sles-15-sp3\",\n            \"sku\": \"\
        gen2\",\n            \"version\": \"latest\",\n            \"architecture\"\
        : \"x64\"\n          },\n          \"UbuntuLTS\": {\n            \"publisher\"\
        : \"Canonical\",\n            \"offer\": \"UbuntuServer\",\n            \"\
        sku\": \"18.04-LTS\",\n            \"version\": \"latest\",\n            \"\
        architecture\": \"x64\"\n          }\n        },\n        \"Windows\": {\n\
        \          \"Win2022Datacenter\": {\n            \"publisher\": \"MicrosoftWindowsServer\"\
        ,\n            \"offer\": \"WindowsServer\",\n            \"sku\": \"2022-Datacenter\"\
        ,\n            \"version\": \"latest\",\n            \"architecture\": \"\
        x64\"\n          },\n          \"Win2022AzureEditionCore\": {\n          \
        \  \"publisher\": \"MicrosoftWindowsServer\",\n            \"offer\": \"WindowsServer\"\
        ,\n            \"sku\": \"2022-datacenter-azure-edition-core\",\n        \
        \    \"version\": \"latest\",\n            \"architecture\": \"x64\"\n   \
        \       },\n          \"Win2019Datacenter\": {\n            \"publisher\"\
        : \"MicrosoftWindowsServer\",\n            \"offer\": \"WindowsServer\",\n\
        \            \"sku\": \"2019-Datacenter\",\n            \"version\": \"latest\"\
        ,\n            \"architecture\": \"x64\"\n          },\n          \"Win2016Datacenter\"\
        : {\n            \"publisher\": \"MicrosoftWindowsServer\",\n            \"\
        offer\": \"WindowsServer\",\n            \"sku\": \"2016-Datacenter\",\n \
        \           \"version\": \"latest\",\n            \"architecture\": \"x64\"\
        \n          },\n          \"Win2012R2Datacenter\": {\n            \"publisher\"\
        : \"MicrosoftWindowsServer\",\n            \"offer\": \"WindowsServer\",\n\
        \            \"sku\": \"2012-R2-Datacenter\",\n            \"version\": \"\
        latest\",\n            \"architecture\": \"x64\"\n          },\n         \
        \ \"Win2012Datacenter\": {\n            \"publisher\": \"MicrosoftWindowsServer\"\
        ,\n            \"offer\": \"WindowsServer\",\n            \"sku\": \"2012-Datacenter\"\
        ,\n            \"version\": \"latest\",\n            \"architecture\": \"\
        x64\"\n          },\n          \"Win2008R2SP1\": {\n            \"publisher\"\
        : \"MicrosoftWindowsServer\",\n            \"offer\": \"WindowsServer\",\n\
        \            \"sku\": \"2008-R2-SP1\",\n            \"version\": \"latest\"\
        ,\n            \"architecture\": \"x64\"\n          }\n        }\n      }\n\
        \    }\n  }\n}"
    headers:
      accept-ranges:
      - bytes
      access-control-allow-origin:
      - '*'
      cache-control:
      - max-age=300
      connection:
      - keep-alive
      content-length:
      - '3463'
      content-security-policy:
      - default-src 'none'; style-src 'unsafe-inline'; sandbox
      content-type:
      - text/plain; charset=utf-8
      date:
      - Sat, 28 Jan 2023 04:27:50 GMT
      etag:
      - W/"41b202f4dc5098d126019dc00721a4c5e30df0c5196794514fadc3710ee2a5cb"
      expires:
      - Sat, 28 Jan 2023 04:32:50 GMT
      source-age:
      - '53'
      strict-transport-security:
      - max-age=31536000
      vary:
      - Authorization,Accept-Encoding,Origin
      via:
      - 1.1 varnish
      x-cache:
      - HIT
      x-cache-hits:
      - '1'
      x-content-type-options:
      - nosniff
      x-fastly-request-id:
      - d2727ffb63aab2da641251c9823ab5f1773466f9
      x-frame-options:
      - deny
      x-github-request-id:
      - 7A7E:67C6:241EF:66FB3:63D4817B
      x-served-by:
      - cache-tyo11961-TYO
      x-timer:
      - S1674880070.155216,VS0,VE1
      x-xss-protection:
      - 1; mode=block
    status:
      code: 200
      message: OK
- request:
    body: null
    headers:
      Accept:
      - application/json
      Accept-Encoding:
      - gzip, deflate
      CommandName:
      - vm create
      Connection:
      - keep-alive
      ParameterSetName:
      - -l -g -n --image --admin-username --admin-password --license-type --nsg-rule
      User-Agent:
      - AZURECLI/2.44.1 azsdk-python-azure-mgmt-compute/29.1.0 Python/3.10.9 (Windows-10-10.0.22621-SP0)
    method: GET
    uri: https://management.azure.com/subscriptions/00000000-0000-0000-0000-000000000000/providers/Microsoft.Compute/locations/eastus/publishers/MicrosoftWindowsServer/artifacttypes/vmimage/offers/WindowsServer/skus/2012-R2-Datacenter/versions?$top=1&$orderby=name%20desc&api-version=2022-11-01
  response:
    body:
      string: "[\r\n  {\r\n    \"location\": \"eastus\",\r\n    \"name\": \"9600.20778.230108\"\
        ,\r\n    \"id\": \"/Subscriptions/00000000-0000-0000-0000-000000000000/Providers/Microsoft.Compute/Locations/eastus/Publishers/MicrosoftWindowsServer/ArtifactTypes/VMImage/Offers/WindowsServer/Skus/2012-R2-Datacenter/Versions/9600.20778.230108\"\
        \r\n  }\r\n]"
    headers:
      cache-control:
      - no-cache
      content-length:
      - '313'
      content-type:
      - application/json; charset=utf-8
      date:
      - Sat, 28 Jan 2023 04:27:50 GMT
      expires:
      - '-1'
      pragma:
      - no-cache
      server:
      - Microsoft-HTTPAPI/2.0
      - Microsoft-HTTPAPI/2.0
      strict-transport-security:
      - max-age=31536000; includeSubDomains
      transfer-encoding:
      - chunked
      vary:
      - Accept-Encoding
      x-content-type-options:
      - nosniff
      x-ms-ratelimit-remaining-resource:
      - Microsoft.Compute/ListVMImagesVersionsFromLocation3Min;15994,Microsoft.Compute/ListVMImagesVersionsFromLocation30Min;43973
    status:
      code: 200
      message: OK
- request:
    body: null
    headers:
      Accept:
      - application/json
      Accept-Encoding:
      - gzip, deflate
      CommandName:
      - vm create
      Connection:
      - keep-alive
      ParameterSetName:
      - -l -g -n --image --admin-username --admin-password --license-type --nsg-rule
      User-Agent:
      - AZURECLI/2.44.1 azsdk-python-azure-mgmt-compute/29.1.0 Python/3.10.9 (Windows-10-10.0.22621-SP0)
    method: GET
    uri: https://management.azure.com/subscriptions/00000000-0000-0000-0000-000000000000/providers/Microsoft.Compute/locations/eastus/publishers/MicrosoftWindowsServer/artifacttypes/vmimage/offers/WindowsServer/skus/2012-R2-Datacenter/versions/9600.20778.230108?api-version=2022-11-01
  response:
    body:
      string: "{\r\n  \"properties\": {\r\n    \"hyperVGeneration\": \"V1\",\r\n \
        \   \"architecture\": \"x64\",\r\n    \"replicaType\": \"Unmanaged\",\r\n\
        \    \"disallowed\": {\r\n      \"vmDiskType\": \"None\"\r\n    },\r\n   \
        \ \"automaticOSUpgradeProperties\": {\r\n      \"automaticOSUpgradeSupported\"\
        : true\r\n    },\r\n    \"imageDeprecationStatus\": {\r\n      \"imageState\"\
        : \"Active\"\r\n    },\r\n    \"features\": [\r\n      {\r\n        \"name\"\
        : \"IsAcceleratedNetworkSupported\",\r\n        \"value\": \"True\"\r\n  \
        \    },\r\n      {\r\n        \"name\": \"DiskControllerTypes\",\r\n     \
        \   \"value\": \"SCSI\"\r\n      },\r\n      {\r\n        \"name\": \"IsHibernateSupported\"\
        ,\r\n        \"value\": \"False\"\r\n      }\r\n    ],\r\n    \"osDiskImage\"\
        : {\r\n      \"operatingSystem\": \"Windows\",\r\n      \"sizeInGb\": 128,\r\
        \n      \"sizeInBytes\": 136367309312\r\n    },\r\n    \"dataDiskImages\"\
        : []\r\n  },\r\n  \"location\": \"eastus\",\r\n  \"name\": \"9600.20778.230108\"\
        ,\r\n  \"id\": \"/Subscriptions/00000000-0000-0000-0000-000000000000/Providers/Microsoft.Compute/Locations/eastus/Publishers/MicrosoftWindowsServer/ArtifactTypes/VMImage/Offers/WindowsServer/Skus/2012-R2-Datacenter/Versions/9600.20778.230108\"\
        \r\n}"
    headers:
      cache-control:
      - no-cache
      content-length:
      - '1074'
      content-type:
      - application/json; charset=utf-8
      date:
      - Sat, 28 Jan 2023 04:27:51 GMT
      expires:
      - '-1'
      pragma:
      - no-cache
      server:
      - Microsoft-HTTPAPI/2.0
      - Microsoft-HTTPAPI/2.0
      strict-transport-security:
      - max-age=31536000; includeSubDomains
      transfer-encoding:
      - chunked
      vary:
      - Accept-Encoding
      x-content-type-options:
      - nosniff
      x-ms-ratelimit-remaining-resource:
      - Microsoft.Compute/GetVMImageFromLocation3Min;12995,Microsoft.Compute/GetVMImageFromLocation30Min;73977
    status:
      code: 200
      message: OK
- request:
    body: null
    headers:
      Accept:
      - application/json
      Accept-Encoding:
      - gzip, deflate
      CommandName:
      - vm create
      Connection:
      - keep-alive
      ParameterSetName:
      - -l -g -n --image --admin-username --admin-password --license-type --nsg-rule
      User-Agent:
      - AZURECLI/2.44.1 azsdk-python-azure-mgmt-network/21.0.1 Python/3.10.9 (Windows-10-10.0.22621-SP0)
    method: GET
    uri: https://management.azure.com/subscriptions/00000000-0000-0000-0000-000000000000/resourceGroups/clitest.rg000001/providers/Microsoft.Network/virtualNetworks?api-version=2022-01-01
  response:
    body:
      string: '{"value":[]}'
    headers:
      cache-control:
      - no-cache
      content-length:
      - '12'
      content-type:
      - application/json; charset=utf-8
      date:
      - Sat, 28 Jan 2023 04:27:53 GMT
      expires:
      - '-1'
      pragma:
      - no-cache
      strict-transport-security:
      - max-age=31536000; includeSubDomains
      vary:
      - Accept-Encoding
      x-content-type-options:
      - nosniff
    status:
      code: 200
      message: OK
- request:
    body: null
    headers:
      Accept:
      - '*/*'
      Accept-Encoding:
      - gzip, deflate
      Connection:
      - keep-alive
      User-Agent:
      - python-requests/2.26.0
    method: GET
    uri: https://raw.githubusercontent.com/Azure/azure-rest-api-specs/main/arm-compute/quickstart-templates/aliases.json
  response:
    body:
      string: "{\n  \"$schema\": \"http://schema.management.azure.com/schemas/2015-01-01/deploymentTemplate.json\"\
        ,\n  \"contentVersion\": \"1.0.0.0\",\n  \"parameters\": {},\n  \"variables\"\
        : {},\n  \"resources\": [],\n  \"outputs\": {\n    \"aliases\": {\n      \"\
        type\": \"object\",\n      \"value\": {\n        \"Linux\": {\n          \"\
        CentOS\": {\n            \"publisher\": \"OpenLogic\",\n            \"offer\"\
        : \"CentOS\",\n            \"sku\": \"7.5\",\n            \"version\": \"\
        latest\",\n            \"architecture\": \"x64\"\n          },\n         \
        \ \"Debian\": {\n            \"publisher\": \"Debian\",\n            \"offer\"\
        : \"debian-10\",\n            \"sku\": \"10\",\n            \"version\": \"\
        latest\",\n            \"architecture\": \"x64\"\n          },\n         \
        \ \"Flatcar\": {\n            \"publisher\": \"kinvolk\",\n            \"\
        offer\": \"flatcar-container-linux-free\",\n            \"sku\": \"stable\"\
        ,\n            \"version\": \"latest\",\n            \"architecture\": \"\
        x64\"\n          },\n          \"openSUSE-Leap\": {\n            \"publisher\"\
        : \"SUSE\",\n            \"offer\": \"opensuse-leap-15-3\",\n            \"\
        sku\": \"gen2\",\n            \"version\": \"latest\",\n            \"architecture\"\
        : \"x64\"\n          },\n          \"RHEL\": {\n            \"publisher\"\
        : \"RedHat\",\n            \"offer\": \"RHEL\",\n            \"sku\": \"7-LVM\"\
        ,\n            \"version\": \"latest\",\n            \"architecture\": \"\
        x64\"\n          },\n          \"SLES\": {\n            \"publisher\": \"\
        SUSE\",\n            \"offer\": \"sles-15-sp3\",\n            \"sku\": \"\
        gen2\",\n            \"version\": \"latest\",\n            \"architecture\"\
        : \"x64\"\n          },\n          \"UbuntuLTS\": {\n            \"publisher\"\
        : \"Canonical\",\n            \"offer\": \"UbuntuServer\",\n            \"\
        sku\": \"18.04-LTS\",\n            \"version\": \"latest\",\n            \"\
        architecture\": \"x64\"\n          }\n        },\n        \"Windows\": {\n\
        \          \"Win2022Datacenter\": {\n            \"publisher\": \"MicrosoftWindowsServer\"\
        ,\n            \"offer\": \"WindowsServer\",\n            \"sku\": \"2022-Datacenter\"\
        ,\n            \"version\": \"latest\",\n            \"architecture\": \"\
        x64\"\n          },\n          \"Win2022AzureEditionCore\": {\n          \
        \  \"publisher\": \"MicrosoftWindowsServer\",\n            \"offer\": \"WindowsServer\"\
        ,\n            \"sku\": \"2022-datacenter-azure-edition-core\",\n        \
        \    \"version\": \"latest\",\n            \"architecture\": \"x64\"\n   \
        \       },\n          \"Win2019Datacenter\": {\n            \"publisher\"\
        : \"MicrosoftWindowsServer\",\n            \"offer\": \"WindowsServer\",\n\
        \            \"sku\": \"2019-Datacenter\",\n            \"version\": \"latest\"\
        ,\n            \"architecture\": \"x64\"\n          },\n          \"Win2016Datacenter\"\
        : {\n            \"publisher\": \"MicrosoftWindowsServer\",\n            \"\
        offer\": \"WindowsServer\",\n            \"sku\": \"2016-Datacenter\",\n \
        \           \"version\": \"latest\",\n            \"architecture\": \"x64\"\
        \n          },\n          \"Win2012R2Datacenter\": {\n            \"publisher\"\
        : \"MicrosoftWindowsServer\",\n            \"offer\": \"WindowsServer\",\n\
        \            \"sku\": \"2012-R2-Datacenter\",\n            \"version\": \"\
        latest\",\n            \"architecture\": \"x64\"\n          },\n         \
        \ \"Win2012Datacenter\": {\n            \"publisher\": \"MicrosoftWindowsServer\"\
        ,\n            \"offer\": \"WindowsServer\",\n            \"sku\": \"2012-Datacenter\"\
        ,\n            \"version\": \"latest\",\n            \"architecture\": \"\
        x64\"\n          },\n          \"Win2008R2SP1\": {\n            \"publisher\"\
        : \"MicrosoftWindowsServer\",\n            \"offer\": \"WindowsServer\",\n\
        \            \"sku\": \"2008-R2-SP1\",\n            \"version\": \"latest\"\
        ,\n            \"architecture\": \"x64\"\n          }\n        }\n      }\n\
        \    }\n  }\n}"
    headers:
      accept-ranges:
      - bytes
      access-control-allow-origin:
      - '*'
      cache-control:
      - max-age=300
      connection:
      - keep-alive
      content-length:
      - '3463'
      content-security-policy:
      - default-src 'none'; style-src 'unsafe-inline'; sandbox
      content-type:
      - text/plain; charset=utf-8
      date:
      - Sat, 28 Jan 2023 04:27:53 GMT
      etag:
      - W/"41b202f4dc5098d126019dc00721a4c5e30df0c5196794514fadc3710ee2a5cb"
      expires:
      - Sat, 28 Jan 2023 04:32:53 GMT
      source-age:
      - '57'
      strict-transport-security:
      - max-age=31536000
      vary:
      - Authorization,Accept-Encoding,Origin
      via:
      - 1.1 varnish
      x-cache:
      - HIT
      x-cache-hits:
      - '1'
      x-content-type-options:
      - nosniff
      x-fastly-request-id:
      - ed45cb0bf787772845f581830f7a20c77046edf8
      x-frame-options:
      - deny
      x-github-request-id:
      - 7A7E:67C6:241EF:66FB3:63D4817B
      x-served-by:
      - cache-tyo11979-TYO
      x-timer:
      - S1674880074.545800,VS0,VE1
      x-xss-protection:
      - 1; mode=block
    status:
      code: 200
      message: OK
- request:
    body: null
    headers:
      Accept:
      - application/json
      Accept-Encoding:
      - gzip, deflate
      CommandName:
      - vm create
      Connection:
      - keep-alive
      ParameterSetName:
      - -l -g -n --image --admin-username --admin-password --license-type --nsg-rule
      User-Agent:
      - AZURECLI/2.44.1 azsdk-python-azure-mgmt-compute/29.1.0 Python/3.10.9 (Windows-10-10.0.22621-SP0)
    method: GET
    uri: https://management.azure.com/subscriptions/00000000-0000-0000-0000-000000000000/providers/Microsoft.Compute/locations/eastus/publishers/MicrosoftWindowsServer/artifacttypes/vmimage/offers/WindowsServer/skus/2012-R2-Datacenter/versions?$top=1&$orderby=name%20desc&api-version=2022-11-01
  response:
    body:
      string: "[\r\n  {\r\n    \"location\": \"eastus\",\r\n    \"name\": \"9600.20778.230108\"\
        ,\r\n    \"id\": \"/Subscriptions/00000000-0000-0000-0000-000000000000/Providers/Microsoft.Compute/Locations/eastus/Publishers/MicrosoftWindowsServer/ArtifactTypes/VMImage/Offers/WindowsServer/Skus/2012-R2-Datacenter/Versions/9600.20778.230108\"\
        \r\n  }\r\n]"
    headers:
      cache-control:
      - no-cache
      content-length:
      - '313'
      content-type:
      - application/json; charset=utf-8
      date:
      - Sat, 28 Jan 2023 04:27:54 GMT
      expires:
      - '-1'
      pragma:
      - no-cache
      server:
      - Microsoft-HTTPAPI/2.0
      - Microsoft-HTTPAPI/2.0
      strict-transport-security:
      - max-age=31536000; includeSubDomains
      transfer-encoding:
      - chunked
      vary:
      - Accept-Encoding
      x-content-type-options:
      - nosniff
      x-ms-ratelimit-remaining-resource:
      - Microsoft.Compute/ListVMImagesVersionsFromLocation3Min;15993,Microsoft.Compute/ListVMImagesVersionsFromLocation30Min;43972
    status:
      code: 200
      message: OK
- request:
    body: null
    headers:
      Accept:
      - application/json
      Accept-Encoding:
      - gzip, deflate
      CommandName:
      - vm create
      Connection:
      - keep-alive
      ParameterSetName:
      - -l -g -n --image --admin-username --admin-password --license-type --nsg-rule
      User-Agent:
      - AZURECLI/2.44.1 azsdk-python-azure-mgmt-compute/29.1.0 Python/3.10.9 (Windows-10-10.0.22621-SP0)
    method: GET
    uri: https://management.azure.com/subscriptions/00000000-0000-0000-0000-000000000000/providers/Microsoft.Compute/locations/eastus/publishers/MicrosoftWindowsServer/artifacttypes/vmimage/offers/WindowsServer/skus/2012-R2-Datacenter/versions/9600.20778.230108?api-version=2022-11-01
  response:
    body:
      string: "{\r\n  \"properties\": {\r\n    \"hyperVGeneration\": \"V1\",\r\n \
        \   \"architecture\": \"x64\",\r\n    \"replicaType\": \"Unmanaged\",\r\n\
        \    \"disallowed\": {\r\n      \"vmDiskType\": \"None\"\r\n    },\r\n   \
        \ \"automaticOSUpgradeProperties\": {\r\n      \"automaticOSUpgradeSupported\"\
        : true\r\n    },\r\n    \"imageDeprecationStatus\": {\r\n      \"imageState\"\
        : \"Active\"\r\n    },\r\n    \"features\": [\r\n      {\r\n        \"name\"\
        : \"IsAcceleratedNetworkSupported\",\r\n        \"value\": \"True\"\r\n  \
        \    },\r\n      {\r\n        \"name\": \"DiskControllerTypes\",\r\n     \
        \   \"value\": \"SCSI\"\r\n      },\r\n      {\r\n        \"name\": \"IsHibernateSupported\"\
        ,\r\n        \"value\": \"False\"\r\n      }\r\n    ],\r\n    \"osDiskImage\"\
        : {\r\n      \"operatingSystem\": \"Windows\",\r\n      \"sizeInGb\": 128,\r\
        \n      \"sizeInBytes\": 136367309312\r\n    },\r\n    \"dataDiskImages\"\
        : []\r\n  },\r\n  \"location\": \"eastus\",\r\n  \"name\": \"9600.20778.230108\"\
        ,\r\n  \"id\": \"/Subscriptions/00000000-0000-0000-0000-000000000000/Providers/Microsoft.Compute/Locations/eastus/Publishers/MicrosoftWindowsServer/ArtifactTypes/VMImage/Offers/WindowsServer/Skus/2012-R2-Datacenter/Versions/9600.20778.230108\"\
        \r\n}"
    headers:
      cache-control:
      - no-cache
      content-length:
      - '1074'
      content-type:
      - application/json; charset=utf-8
      date:
      - Sat, 28 Jan 2023 04:27:54 GMT
      expires:
      - '-1'
      pragma:
      - no-cache
      server:
      - Microsoft-HTTPAPI/2.0
      - Microsoft-HTTPAPI/2.0
      strict-transport-security:
      - max-age=31536000; includeSubDomains
      transfer-encoding:
      - chunked
      vary:
      - Accept-Encoding
      x-content-type-options:
      - nosniff
      x-ms-ratelimit-remaining-resource:
      - Microsoft.Compute/GetVMImageFromLocation3Min;12994,Microsoft.Compute/GetVMImageFromLocation30Min;73976
    status:
      code: 200
      message: OK
- request:
    body: null
    headers:
      Accept:
      - application/json
      Accept-Encoding:
      - gzip, deflate
      CommandName:
      - vm create
      Connection:
      - keep-alive
      ParameterSetName:
      - -l -g -n --image --admin-username --admin-password --license-type --nsg-rule
      User-Agent:
      - AZURECLI/2.44.1 azsdk-python-azure-mgmt-compute/29.1.0 Python/3.10.9 (Windows-10-10.0.22621-SP0)
    method: GET
    uri: https://management.azure.com/subscriptions/00000000-0000-0000-0000-000000000000/providers/Microsoft.Compute/locations/eastus/publishers/MicrosoftWindowsServer/artifacttypes/vmimage/offers/WindowsServer/skus/2012-R2-Datacenter/versions?$top=1&$orderby=name%20desc&api-version=2022-11-01
  response:
    body:
      string: "[\r\n  {\r\n    \"location\": \"eastus\",\r\n    \"name\": \"9600.20778.230108\"\
        ,\r\n    \"id\": \"/Subscriptions/00000000-0000-0000-0000-000000000000/Providers/Microsoft.Compute/Locations/eastus/Publishers/MicrosoftWindowsServer/ArtifactTypes/VMImage/Offers/WindowsServer/Skus/2012-R2-Datacenter/Versions/9600.20778.230108\"\
        \r\n  }\r\n]"
    headers:
      cache-control:
      - no-cache
      content-length:
      - '313'
      content-type:
      - application/json; charset=utf-8
      date:
      - Sat, 28 Jan 2023 04:27:56 GMT
      expires:
      - '-1'
      pragma:
      - no-cache
      server:
      - Microsoft-HTTPAPI/2.0
      - Microsoft-HTTPAPI/2.0
      strict-transport-security:
      - max-age=31536000; includeSubDomains
      transfer-encoding:
      - chunked
      vary:
      - Accept-Encoding
      x-content-type-options:
      - nosniff
      x-ms-ratelimit-remaining-resource:
      - Microsoft.Compute/ListVMImagesVersionsFromLocation3Min;15991,Microsoft.Compute/ListVMImagesVersionsFromLocation30Min;43970
    status:
      code: 200
      message: OK
- request:
    body: null
    headers:
      Accept:
      - application/json
      Accept-Encoding:
      - gzip, deflate
      CommandName:
      - vm create
      Connection:
      - keep-alive
      ParameterSetName:
      - -l -g -n --image --admin-username --admin-password --license-type --nsg-rule
      User-Agent:
      - AZURECLI/2.44.1 azsdk-python-azure-mgmt-compute/29.1.0 Python/3.10.9 (Windows-10-10.0.22621-SP0)
    method: GET
    uri: https://management.azure.com/subscriptions/00000000-0000-0000-0000-000000000000/providers/Microsoft.Compute/locations/eastus/publishers/MicrosoftWindowsServer/artifacttypes/vmimage/offers/WindowsServer/skus/2012-R2-Datacenter/versions/9600.20778.230108?api-version=2022-11-01
  response:
    body:
      string: "{\r\n  \"properties\": {\r\n    \"hyperVGeneration\": \"V1\",\r\n \
        \   \"architecture\": \"x64\",\r\n    \"replicaType\": \"Unmanaged\",\r\n\
        \    \"disallowed\": {\r\n      \"vmDiskType\": \"None\"\r\n    },\r\n   \
        \ \"automaticOSUpgradeProperties\": {\r\n      \"automaticOSUpgradeSupported\"\
        : true\r\n    },\r\n    \"imageDeprecationStatus\": {\r\n      \"imageState\"\
        : \"Active\"\r\n    },\r\n    \"features\": [\r\n      {\r\n        \"name\"\
        : \"IsAcceleratedNetworkSupported\",\r\n        \"value\": \"True\"\r\n  \
        \    },\r\n      {\r\n        \"name\": \"DiskControllerTypes\",\r\n     \
        \   \"value\": \"SCSI\"\r\n      },\r\n      {\r\n        \"name\": \"IsHibernateSupported\"\
        ,\r\n        \"value\": \"False\"\r\n      }\r\n    ],\r\n    \"osDiskImage\"\
        : {\r\n      \"operatingSystem\": \"Windows\",\r\n      \"sizeInGb\": 128,\r\
        \n      \"sizeInBytes\": 136367309312\r\n    },\r\n    \"dataDiskImages\"\
        : []\r\n  },\r\n  \"location\": \"eastus\",\r\n  \"name\": \"9600.20778.230108\"\
        ,\r\n  \"id\": \"/Subscriptions/00000000-0000-0000-0000-000000000000/Providers/Microsoft.Compute/Locations/eastus/Publishers/MicrosoftWindowsServer/ArtifactTypes/VMImage/Offers/WindowsServer/Skus/2012-R2-Datacenter/Versions/9600.20778.230108\"\
        \r\n}"
    headers:
      cache-control:
      - no-cache
      content-length:
      - '1074'
      content-type:
      - application/json; charset=utf-8
      date:
      - Sat, 28 Jan 2023 04:27:57 GMT
      expires:
      - '-1'
      pragma:
      - no-cache
      server:
      - Microsoft-HTTPAPI/2.0
      - Microsoft-HTTPAPI/2.0
      strict-transport-security:
      - max-age=31536000; includeSubDomains
      transfer-encoding:
      - chunked
      vary:
      - Accept-Encoding
      x-content-type-options:
      - nosniff
      x-ms-ratelimit-remaining-resource:
      - Microsoft.Compute/GetVMImageFromLocation3Min;12992,Microsoft.Compute/GetVMImageFromLocation30Min;73974
    status:
      code: 200
      message: OK
- request:
    body: '{"properties": {"template": {"$schema": "https://schema.management.azure.com/schemas/2015-01-01/deploymentTemplate.json#",
      "contentVersion": "1.0.0.0", "parameters": {"adminPassword": {"type": "securestring",
      "metadata": {"description": "Secure adminPassword"}}}, "variables": {}, "resources":
      [{"name": "vm1VNET", "type": "Microsoft.Network/virtualNetworks", "location":
      "eastus", "apiVersion": "2015-06-15", "dependsOn": [], "tags": {}, "properties":
      {"addressSpace": {"addressPrefixes": ["10.0.0.0/16"]}, "subnets": [{"name":
      "vm1Subnet", "properties": {"addressPrefix": "10.0.0.0/24"}}]}}, {"type": "Microsoft.Network/networkSecurityGroups",
      "name": "vm1NSG", "apiVersion": "2015-06-15", "location": "eastus", "tags":
      {}, "dependsOn": []}, {"apiVersion": "2022-01-01", "type": "Microsoft.Network/publicIPAddresses",
      "name": "vm1PublicIP", "location": "eastus", "tags": {}, "dependsOn": [], "properties":
      {"publicIPAllocationMethod": null}}, {"apiVersion": "2015-06-15", "type": "Microsoft.Network/networkInterfaces",
      "name": "vm1VMNic", "location": "eastus", "tags": {}, "dependsOn": ["Microsoft.Network/virtualNetworks/vm1VNET",
      "Microsoft.Network/networkSecurityGroups/vm1NSG", "Microsoft.Network/publicIpAddresses/vm1PublicIP"],
      "properties": {"ipConfigurations": [{"name": "ipconfigvm1", "properties": {"privateIPAllocationMethod":
      "Dynamic", "subnet": {"id": "/subscriptions/00000000-0000-0000-0000-000000000000/resourceGroups/clitest.rg000001/providers/Microsoft.Network/virtualNetworks/vm1VNET/subnets/vm1Subnet"},
      "publicIPAddress": {"id": "/subscriptions/00000000-0000-0000-0000-000000000000/resourceGroups/clitest.rg000001/providers/Microsoft.Network/publicIPAddresses/vm1PublicIP"}}}],
      "networkSecurityGroup": {"id": "/subscriptions/00000000-0000-0000-0000-000000000000/resourceGroups/clitest.rg000001/providers/Microsoft.Network/networkSecurityGroups/vm1NSG"}}},
      {"apiVersion": "2022-11-01", "type": "Microsoft.Compute/virtualMachines", "name":
      "vm1", "location": "eastus", "tags": {}, "dependsOn": ["Microsoft.Network/networkInterfaces/vm1VMNic"],
      "properties": {"hardwareProfile": {"vmSize": "Standard_DS1_v2"}, "networkProfile":
      {"networkInterfaces": [{"id": "/subscriptions/00000000-0000-0000-0000-000000000000/resourceGroups/clitest.rg000001/providers/Microsoft.Network/networkInterfaces/vm1VMNic",
      "properties": {"deleteOption": null}}]}, "storageProfile": {"osDisk": {"createOption":
      "fromImage", "name": null, "caching": "ReadWrite", "managedDisk": {"storageAccountType":
      null}}, "imageReference": {"publisher": "MicrosoftWindowsServer", "offer": "WindowsServer",
      "sku": "2012-R2-Datacenter", "version": "latest"}}, "osProfile": {"computerName":
      "vm1", "adminUsername": "clitest1234", "adminPassword": "[parameters(''adminPassword'')]"},
      "licenseType": "Windows_Server"}}], "outputs": {}}, "parameters": {"adminPassword":
      {"value": "Test123456789#"}}, "mode": "incremental"}}'
    headers:
      Accept:
      - application/json
      Accept-Encoding:
      - gzip, deflate
      CommandName:
      - vm create
      Connection:
      - keep-alive
      Content-Length:
      - '2897'
      Content-Type:
      - application/json
      ParameterSetName:
      - -l -g -n --image --admin-username --admin-password --license-type --nsg-rule
      User-Agent:
      - AZURECLI/2.44.1 azsdk-python-azure-mgmt-resource/21.1.0b1 Python/3.10.9 (Windows-10-10.0.22621-SP0)
    method: PUT
    uri: https://management.azure.com/subscriptions/00000000-0000-0000-0000-000000000000/resourcegroups/clitest.rg000001/providers/Microsoft.Resources/deployments/mock-deployment?api-version=2021-04-01
  response:
    body:
      string: '{"id":"/subscriptions/00000000-0000-0000-0000-000000000000/resourceGroups/clitest.rg000001/providers/Microsoft.Resources/deployments/vm_deploy_O5ihREEzu9AQ1GwW1w9u7Ik1tPRyrGyK","name":"vm_deploy_O5ihREEzu9AQ1GwW1w9u7Ik1tPRyrGyK","type":"Microsoft.Resources/deployments","properties":{"templateHash":"15758864852072041309","parameters":{"adminPassword":{"type":"SecureString"}},"mode":"Incremental","provisioningState":"Accepted","timestamp":"2023-01-28T04:28:02.1133902Z","duration":"PT0.0004173S","correlationId":"65f63aa3-afa6-4e05-a4a8-15ec0cbcf9e6","providers":[{"namespace":"Microsoft.Network","resourceTypes":[{"resourceType":"virtualNetworks","locations":["eastus"]},{"resourceType":"networkSecurityGroups","locations":["eastus"]},{"resourceType":"publicIPAddresses","locations":["eastus"]},{"resourceType":"networkInterfaces","locations":["eastus"]}]},{"namespace":"Microsoft.Compute","resourceTypes":[{"resourceType":"virtualMachines","locations":["eastus"]}]}],"dependencies":[{"dependsOn":[{"id":"/subscriptions/00000000-0000-0000-0000-000000000000/resourceGroups/clitest.rg000001/providers/Microsoft.Network/virtualNetworks/vm1VNET","resourceType":"Microsoft.Network/virtualNetworks","resourceName":"vm1VNET"},{"id":"/subscriptions/00000000-0000-0000-0000-000000000000/resourceGroups/clitest.rg000001/providers/Microsoft.Network/networkSecurityGroups/vm1NSG","resourceType":"Microsoft.Network/networkSecurityGroups","resourceName":"vm1NSG"},{"id":"/subscriptions/00000000-0000-0000-0000-000000000000/resourceGroups/clitest.rg000001/providers/Microsoft.Network/publicIPAddresses/vm1PublicIP","resourceType":"Microsoft.Network/publicIPAddresses","resourceName":"vm1PublicIP"}],"id":"/subscriptions/00000000-0000-0000-0000-000000000000/resourceGroups/clitest.rg000001/providers/Microsoft.Network/networkInterfaces/vm1VMNic","resourceType":"Microsoft.Network/networkInterfaces","resourceName":"vm1VMNic"},{"dependsOn":[{"id":"/subscriptions/00000000-0000-0000-0000-000000000000/resourceGroups/clitest.rg000001/providers/Microsoft.Network/networkInterfaces/vm1VMNic","resourceType":"Microsoft.Network/networkInterfaces","resourceName":"vm1VMNic"}],"id":"/subscriptions/00000000-0000-0000-0000-000000000000/resourceGroups/clitest.rg000001/providers/Microsoft.Compute/virtualMachines/vm1","resourceType":"Microsoft.Compute/virtualMachines","resourceName":"vm1"}]}}'
    headers:
      azure-asyncoperation:
      - https://management.azure.com/subscriptions/00000000-0000-0000-0000-000000000000/resourcegroups/clitest.rg000001/providers/Microsoft.Resources/deployments/vm_deploy_O5ihREEzu9AQ1GwW1w9u7Ik1tPRyrGyK/operationStatuses/08585267268057602651?api-version=2021-04-01
      cache-control:
      - no-cache
      content-length:
      - '2369'
      content-type:
      - application/json; charset=utf-8
      date:
      - Sat, 28 Jan 2023 04:28:02 GMT
      expires:
      - '-1'
      pragma:
      - no-cache
      strict-transport-security:
      - max-age=31536000; includeSubDomains
      x-content-type-options:
      - nosniff
      x-ms-ratelimit-remaining-subscription-writes:
      - '1197'
    status:
      code: 201
      message: Created
- request:
    body: null
    headers:
      Accept:
      - '*/*'
      Accept-Encoding:
      - gzip, deflate
      CommandName:
      - vm create
      Connection:
      - keep-alive
      ParameterSetName:
      - -l -g -n --image --admin-username --admin-password --license-type --nsg-rule
      User-Agent:
      - AZURECLI/2.44.1 azsdk-python-azure-mgmt-resource/21.1.0b1 Python/3.10.9 (Windows-10-10.0.22621-SP0)
    method: GET
    uri: https://management.azure.com/subscriptions/00000000-0000-0000-0000-000000000000/resourcegroups/clitest.rg000001/providers/Microsoft.Resources/deployments/mock-deployment/operationStatuses/08585267268057602651?api-version=2021-04-01
  response:
    body:
      string: '{"status":"Running"}'
    headers:
      cache-control:
      - no-cache
      content-length:
      - '20'
      content-type:
      - application/json; charset=utf-8
      date:
      - Sat, 28 Jan 2023 04:28:33 GMT
      expires:
      - '-1'
      pragma:
      - no-cache
      strict-transport-security:
      - max-age=31536000; includeSubDomains
      vary:
      - Accept-Encoding
      x-content-type-options:
      - nosniff
    status:
      code: 200
      message: OK
- request:
    body: null
    headers:
      Accept:
      - '*/*'
      Accept-Encoding:
      - gzip, deflate
      CommandName:
      - vm create
      Connection:
      - keep-alive
      ParameterSetName:
      - -l -g -n --image --admin-username --admin-password --license-type --nsg-rule
      User-Agent:
      - AZURECLI/2.44.1 azsdk-python-azure-mgmt-resource/21.1.0b1 Python/3.10.9 (Windows-10-10.0.22621-SP0)
    method: GET
    uri: https://management.azure.com/subscriptions/00000000-0000-0000-0000-000000000000/resourcegroups/clitest.rg000001/providers/Microsoft.Resources/deployments/mock-deployment/operationStatuses/08585267268057602651?api-version=2021-04-01
  response:
    body:
      string: '{"status":"Succeeded"}'
    headers:
      cache-control:
      - no-cache
      content-length:
      - '22'
      content-type:
      - application/json; charset=utf-8
      date:
      - Sat, 28 Jan 2023 04:29:03 GMT
      expires:
      - '-1'
      pragma:
      - no-cache
      strict-transport-security:
      - max-age=31536000; includeSubDomains
      vary:
      - Accept-Encoding
      x-content-type-options:
      - nosniff
    status:
      code: 200
      message: OK
- request:
    body: null
    headers:
      Accept:
      - '*/*'
      Accept-Encoding:
      - gzip, deflate
      CommandName:
      - vm create
      Connection:
      - keep-alive
      ParameterSetName:
      - -l -g -n --image --admin-username --admin-password --license-type --nsg-rule
      User-Agent:
      - AZURECLI/2.44.1 azsdk-python-azure-mgmt-resource/21.1.0b1 Python/3.10.9 (Windows-10-10.0.22621-SP0)
    method: GET
    uri: https://management.azure.com/subscriptions/00000000-0000-0000-0000-000000000000/resourcegroups/clitest.rg000001/providers/Microsoft.Resources/deployments/mock-deployment?api-version=2021-04-01
  response:
    body:
      string: '{"id":"/subscriptions/00000000-0000-0000-0000-000000000000/resourceGroups/clitest.rg000001/providers/Microsoft.Resources/deployments/vm_deploy_O5ihREEzu9AQ1GwW1w9u7Ik1tPRyrGyK","name":"vm_deploy_O5ihREEzu9AQ1GwW1w9u7Ik1tPRyrGyK","type":"Microsoft.Resources/deployments","properties":{"templateHash":"15758864852072041309","parameters":{"adminPassword":{"type":"SecureString"}},"mode":"Incremental","provisioningState":"Succeeded","timestamp":"2023-01-28T04:28:42.1935936Z","duration":"PT40.0806207S","correlationId":"65f63aa3-afa6-4e05-a4a8-15ec0cbcf9e6","providers":[{"namespace":"Microsoft.Network","resourceTypes":[{"resourceType":"virtualNetworks","locations":["eastus"]},{"resourceType":"networkSecurityGroups","locations":["eastus"]},{"resourceType":"publicIPAddresses","locations":["eastus"]},{"resourceType":"networkInterfaces","locations":["eastus"]}]},{"namespace":"Microsoft.Compute","resourceTypes":[{"resourceType":"virtualMachines","locations":["eastus"]}]}],"dependencies":[{"dependsOn":[{"id":"/subscriptions/00000000-0000-0000-0000-000000000000/resourceGroups/clitest.rg000001/providers/Microsoft.Network/virtualNetworks/vm1VNET","resourceType":"Microsoft.Network/virtualNetworks","resourceName":"vm1VNET"},{"id":"/subscriptions/00000000-0000-0000-0000-000000000000/resourceGroups/clitest.rg000001/providers/Microsoft.Network/networkSecurityGroups/vm1NSG","resourceType":"Microsoft.Network/networkSecurityGroups","resourceName":"vm1NSG"},{"id":"/subscriptions/00000000-0000-0000-0000-000000000000/resourceGroups/clitest.rg000001/providers/Microsoft.Network/publicIPAddresses/vm1PublicIP","resourceType":"Microsoft.Network/publicIPAddresses","resourceName":"vm1PublicIP"}],"id":"/subscriptions/00000000-0000-0000-0000-000000000000/resourceGroups/clitest.rg000001/providers/Microsoft.Network/networkInterfaces/vm1VMNic","resourceType":"Microsoft.Network/networkInterfaces","resourceName":"vm1VMNic"},{"dependsOn":[{"id":"/subscriptions/00000000-0000-0000-0000-000000000000/resourceGroups/clitest.rg000001/providers/Microsoft.Network/networkInterfaces/vm1VMNic","resourceType":"Microsoft.Network/networkInterfaces","resourceName":"vm1VMNic"}],"id":"/subscriptions/00000000-0000-0000-0000-000000000000/resourceGroups/clitest.rg000001/providers/Microsoft.Compute/virtualMachines/vm1","resourceType":"Microsoft.Compute/virtualMachines","resourceName":"vm1"}],"outputs":{},"outputResources":[{"id":"/subscriptions/00000000-0000-0000-0000-000000000000/resourceGroups/clitest.rg000001/providers/Microsoft.Compute/virtualMachines/vm1"},{"id":"/subscriptions/00000000-0000-0000-0000-000000000000/resourceGroups/clitest.rg000001/providers/Microsoft.Network/networkInterfaces/vm1VMNic"},{"id":"/subscriptions/00000000-0000-0000-0000-000000000000/resourceGroups/clitest.rg000001/providers/Microsoft.Network/networkSecurityGroups/vm1NSG"},{"id":"/subscriptions/00000000-0000-0000-0000-000000000000/resourceGroups/clitest.rg000001/providers/Microsoft.Network/publicIPAddresses/vm1PublicIP"},{"id":"/subscriptions/00000000-0000-0000-0000-000000000000/resourceGroups/clitest.rg000001/providers/Microsoft.Network/virtualNetworks/vm1VNET"}]}}'
    headers:
      cache-control:
      - no-cache
      content-length:
      - '3139'
      content-type:
      - application/json; charset=utf-8
      date:
      - Sat, 28 Jan 2023 04:29:03 GMT
      expires:
      - '-1'
      pragma:
      - no-cache
      strict-transport-security:
      - max-age=31536000; includeSubDomains
      vary:
      - Accept-Encoding
      x-content-type-options:
      - nosniff
    status:
      code: 200
      message: OK
- request:
    body: null
    headers:
      Accept:
      - application/json
      Accept-Encoding:
      - gzip, deflate
      CommandName:
      - vm create
      Connection:
      - keep-alive
      ParameterSetName:
      - -l -g -n --image --admin-username --admin-password --license-type --nsg-rule
      User-Agent:
      - AZURECLI/2.44.1 azsdk-python-azure-mgmt-compute/29.1.0 Python/3.10.9 (Windows-10-10.0.22621-SP0)
    method: GET
    uri: https://management.azure.com/subscriptions/00000000-0000-0000-0000-000000000000/resourceGroups/clitest.rg000001/providers/Microsoft.Compute/virtualMachines/vm1?$expand=instanceView&api-version=2022-11-01
  response:
    body:
      string: "{\r\n  \"name\": \"vm1\",\r\n  \"id\": \"/subscriptions/00000000-0000-0000-0000-000000000000/resourceGroups/clitest.rg000001/providers/Microsoft.Compute/virtualMachines/vm1\"\
        ,\r\n  \"type\": \"Microsoft.Compute/virtualMachines\",\r\n  \"location\"\
        : \"eastus\",\r\n  \"tags\": {},\r\n  \"properties\": {\r\n    \"vmId\": \"\
        24cc9b8e-29b0-4f6a-990d-a02ffcdcee07\",\r\n    \"hardwareProfile\": {\r\n\
        \      \"vmSize\": \"Standard_DS1_v2\"\r\n    },\r\n    \"storageProfile\"\
        : {\r\n      \"imageReference\": {\r\n        \"publisher\": \"MicrosoftWindowsServer\"\
        ,\r\n        \"offer\": \"WindowsServer\",\r\n        \"sku\": \"2012-R2-Datacenter\"\
        ,\r\n        \"version\": \"latest\",\r\n        \"exactVersion\": \"9600.20778.230108\"\
        \r\n      },\r\n      \"osDisk\": {\r\n        \"osType\": \"Windows\",\r\n\
        \        \"name\": \"vm1_disk1_b114b040d7494e0784978ab09b899fa2\",\r\n   \
        \     \"createOption\": \"FromImage\",\r\n        \"caching\": \"ReadWrite\"\
        ,\r\n        \"managedDisk\": {\r\n          \"storageAccountType\": \"Premium_LRS\"\
        ,\r\n          \"id\": \"/subscriptions/00000000-0000-0000-0000-000000000000/resourceGroups/clitest.rg000001/providers/Microsoft.Compute/disks/vm1_disk1_b114b040d7494e0784978ab09b899fa2\"\
        \r\n        },\r\n        \"deleteOption\": \"Detach\",\r\n        \"diskSizeGB\"\
        : 127\r\n      },\r\n      \"dataDisks\": []\r\n    },\r\n    \"osProfile\"\
        : {\r\n      \"computerName\": \"vm1\",\r\n      \"adminUsername\": \"clitest1234\"\
        ,\r\n      \"windowsConfiguration\": {\r\n        \"provisionVMAgent\": true,\r\
        \n        \"enableAutomaticUpdates\": true,\r\n        \"patchSettings\":\
        \ {\r\n          \"patchMode\": \"AutomaticByOS\",\r\n          \"assessmentMode\"\
        : \"ImageDefault\"\r\n        },\r\n        \"enableVMAgentPlatformUpdates\"\
        : false\r\n      },\r\n      \"secrets\": [],\r\n      \"allowExtensionOperations\"\
        : true,\r\n      \"requireGuestProvisionSignal\": true\r\n    },\r\n    \"\
        networkProfile\": {\"networkInterfaces\":[{\"id\":\"/subscriptions/00000000-0000-0000-0000-000000000000/resourceGroups/clitest.rg000001/providers/Microsoft.Network/networkInterfaces/vm1VMNic\"\
        }]},\r\n    \"licenseType\": \"Windows_Server\",\r\n    \"provisioningState\"\
        : \"Succeeded\",\r\n    \"instanceView\": {\r\n      \"vmAgent\": {\r\n  \
        \      \"vmAgentVersion\": \"Unknown\",\r\n        \"statuses\": [\r\n   \
        \       {\r\n            \"code\": \"ProvisioningState/Unavailable\",\r\n\
        \            \"level\": \"Warning\",\r\n            \"displayStatus\": \"\
        Not Ready\",\r\n            \"message\": \"VM status blob is found but not\
        \ yet populated.\",\r\n            \"time\": \"2023-01-28T04:29:05+00:00\"\
        \r\n          }\r\n        ]\r\n      },\r\n      \"disks\": [\r\n       \
        \ {\r\n          \"name\": \"vm1_disk1_b114b040d7494e0784978ab09b899fa2\"\
        ,\r\n          \"statuses\": [\r\n            {\r\n              \"code\"\
        : \"ProvisioningState/succeeded\",\r\n              \"level\": \"Info\",\r\
        \n              \"displayStatus\": \"Provisioning succeeded\",\r\n       \
        \       \"time\": \"2023-01-28T04:28:20.6793619+00:00\"\r\n            }\r\
        \n          ]\r\n        }\r\n      ],\r\n      \"hyperVGeneration\": \"V1\"\
        ,\r\n      \"statuses\": [\r\n        {\r\n          \"code\": \"ProvisioningState/succeeded\"\
        ,\r\n          \"level\": \"Info\",\r\n          \"displayStatus\": \"Provisioning\
        \ succeeded\",\r\n          \"time\": \"2023-01-28T04:28:38.7103726+00:00\"\
        \r\n        },\r\n        {\r\n          \"code\": \"PowerState/running\"\
        ,\r\n          \"level\": \"Info\",\r\n          \"displayStatus\": \"VM running\"\
        \r\n        }\r\n      ]\r\n    },\r\n    \"timeCreated\": \"2023-01-28T04:28:18.7731379+00:00\"\
        \r\n  }\r\n}"
    headers:
      cache-control:
      - no-cache
      content-length:
      - '3236'
      content-type:
      - application/json; charset=utf-8
      date:
      - Sat, 28 Jan 2023 04:29:04 GMT
      expires:
      - '-1'
      pragma:
      - no-cache
      server:
      - Microsoft-HTTPAPI/2.0
      - Microsoft-HTTPAPI/2.0
      strict-transport-security:
      - max-age=31536000; includeSubDomains
      transfer-encoding:
      - chunked
      vary:
      - Accept-Encoding
      x-content-type-options:
      - nosniff
      x-ms-ratelimit-remaining-resource:
      - Microsoft.Compute/LowCostGet3Min;3963,Microsoft.Compute/LowCostGet30Min;31878
    status:
      code: 200
      message: OK
- request:
    body: null
    headers:
      Accept:
      - application/json
      Accept-Encoding:
      - gzip, deflate
      CommandName:
      - vm create
      Connection:
      - keep-alive
      ParameterSetName:
      - -l -g -n --image --admin-username --admin-password --license-type --nsg-rule
      User-Agent:
      - AZURECLI/2.44.1 azsdk-python-azure-mgmt-network/21.0.1 Python/3.10.9 (Windows-10-10.0.22621-SP0)
    method: GET
    uri: https://management.azure.com/subscriptions/00000000-0000-0000-0000-000000000000/resourceGroups/clitest.rg000001/providers/Microsoft.Network/networkInterfaces/vm1VMNic?api-version=2022-01-01
  response:
    body:
      string: "{\r\n  \"name\": \"vm1VMNic\",\r\n  \"id\": \"/subscriptions/00000000-0000-0000-0000-000000000000/resourceGroups/clitest.rg000001/providers/Microsoft.Network/networkInterfaces/vm1VMNic\"\
        ,\r\n  \"etag\": \"W/\\\"562b4320-558d-40d0-9ce7-103621820349\\\"\",\r\n \
        \ \"tags\": {},\r\n  \"properties\": {\r\n    \"provisioningState\": \"Succeeded\"\
        ,\r\n    \"resourceGuid\": \"05f2cc74-67b5-436f-bb4c-6f1e2c25c336\",\r\n \
        \   \"ipConfigurations\": [\r\n      {\r\n        \"name\": \"ipconfigvm1\"\
        ,\r\n        \"id\": \"/subscriptions/00000000-0000-0000-0000-000000000000/resourceGroups/clitest.rg000001/providers/Microsoft.Network/networkInterfaces/vm1VMNic/ipConfigurations/ipconfigvm1\"\
        ,\r\n        \"etag\": \"W/\\\"562b4320-558d-40d0-9ce7-103621820349\\\"\"\
        ,\r\n        \"type\": \"Microsoft.Network/networkInterfaces/ipConfigurations\"\
        ,\r\n        \"properties\": {\r\n          \"provisioningState\": \"Succeeded\"\
        ,\r\n          \"privateIPAddress\": \"10.0.0.4\",\r\n          \"privateIPAllocationMethod\"\
        : \"Dynamic\",\r\n          \"publicIPAddress\": {\r\n            \"id\":\
        \ \"/subscriptions/00000000-0000-0000-0000-000000000000/resourceGroups/clitest.rg000001/providers/Microsoft.Network/publicIPAddresses/vm1PublicIP\"\
        \r\n          },\r\n          \"subnet\": {\r\n            \"id\": \"/subscriptions/00000000-0000-0000-0000-000000000000/resourceGroups/clitest.rg000001/providers/Microsoft.Network/virtualNetworks/vm1VNET/subnets/vm1Subnet\"\
        \r\n          },\r\n          \"primary\": true,\r\n          \"privateIPAddressVersion\"\
        : \"IPv4\"\r\n        }\r\n      }\r\n    ],\r\n    \"dnsSettings\": {\r\n\
        \      \"dnsServers\": [],\r\n      \"appliedDnsServers\": [],\r\n      \"\
        internalDomainNameSuffix\": \"rhx1pjmnfmmu5ecjs2a2bx3zob.bx.internal.cloudapp.net\"\
        \r\n    },\r\n    \"macAddress\": \"00-0D-3A-8C-B7-3D\",\r\n    \"enableAcceleratedNetworking\"\
        : false,\r\n    \"vnetEncryptionSupported\": false,\r\n    \"enableIPForwarding\"\
        : false,\r\n    \"networkSecurityGroup\": {\r\n      \"id\": \"/subscriptions/00000000-0000-0000-0000-000000000000/resourceGroups/clitest.rg000001/providers/Microsoft.Network/networkSecurityGroups/vm1NSG\"\
        \r\n    },\r\n    \"primary\": true,\r\n    \"virtualMachine\": {\r\n    \
        \  \"id\": \"/subscriptions/00000000-0000-0000-0000-000000000000/resourceGroups/clitest.rg000001/providers/Microsoft.Compute/virtualMachines/vm1\"\
        \r\n    },\r\n    \"hostedWorkloads\": [],\r\n    \"tapConfigurations\": [],\r\
        \n    \"nicType\": \"Standard\",\r\n    \"allowPort25Out\": true\r\n  },\r\
        \n  \"type\": \"Microsoft.Network/networkInterfaces\",\r\n  \"location\":\
        \ \"eastus\",\r\n  \"kind\": \"Regular\"\r\n}"
    headers:
      cache-control:
      - no-cache
      content-length:
      - '2390'
      content-type:
      - application/json; charset=utf-8
      date:
      - Sat, 28 Jan 2023 04:29:06 GMT
      etag:
      - W/"562b4320-558d-40d0-9ce7-103621820349"
      expires:
      - '-1'
      pragma:
      - no-cache
      server:
      - Microsoft-HTTPAPI/2.0
      - Microsoft-HTTPAPI/2.0
      strict-transport-security:
      - max-age=31536000; includeSubDomains
      transfer-encoding:
      - chunked
      vary:
      - Accept-Encoding
      x-content-type-options:
      - nosniff
      x-ms-arm-service-request-id:
      - 6cc2012e-e5de-4d65-b2b8-f07ade17a81f
    status:
      code: 200
      message: OK
- request:
    body: null
    headers:
      Accept:
      - application/json
      Accept-Encoding:
      - gzip, deflate
      CommandName:
      - vm create
      Connection:
      - keep-alive
      ParameterSetName:
      - -l -g -n --image --admin-username --admin-password --license-type --nsg-rule
      User-Agent:
      - AZURECLI/2.44.1 azsdk-python-azure-mgmt-network/21.0.1 Python/3.10.9 (Windows-10-10.0.22621-SP0)
    method: GET
    uri: https://management.azure.com/subscriptions/00000000-0000-0000-0000-000000000000/resourceGroups/clitest.rg000001/providers/Microsoft.Network/publicIPAddresses/vm1PublicIP?api-version=2022-01-01
  response:
    body:
      string: "{\r\n  \"name\": \"vm1PublicIP\",\r\n  \"id\": \"/subscriptions/00000000-0000-0000-0000-000000000000/resourceGroups/clitest.rg000001/providers/Microsoft.Network/publicIPAddresses/vm1PublicIP\"\
        ,\r\n  \"etag\": \"W/\\\"66686f0c-c742-4af4-9d94-75f7814a6a4e\\\"\",\r\n \
        \ \"location\": \"eastus\",\r\n  \"tags\": {},\r\n  \"properties\": {\r\n\
        \    \"provisioningState\": \"Succeeded\",\r\n    \"resourceGuid\": \"b0f5aa99-5f48-4ee5-a9bc-1b913c090c1c\"\
        ,\r\n    \"ipAddress\": \"172.174.8.95\",\r\n    \"publicIPAddressVersion\"\
        : \"IPv4\",\r\n    \"publicIPAllocationMethod\": \"Dynamic\",\r\n    \"idleTimeoutInMinutes\"\
        : 4,\r\n    \"ipTags\": [],\r\n    \"ipConfiguration\": {\r\n      \"id\"\
        : \"/subscriptions/00000000-0000-0000-0000-000000000000/resourceGroups/clitest.rg000001/providers/Microsoft.Network/networkInterfaces/vm1VMNic/ipConfigurations/ipconfigvm1\"\
        \r\n    }\r\n  },\r\n  \"type\": \"Microsoft.Network/publicIPAddresses\",\r\
        \n  \"sku\": {\r\n    \"name\": \"Basic\",\r\n    \"tier\": \"Regional\"\r\
        \n  }\r\n}"
    headers:
      cache-control:
      - no-cache
      content-length:
      - '903'
      content-type:
      - application/json; charset=utf-8
      date:
      - Sat, 28 Jan 2023 04:29:06 GMT
      etag:
      - W/"66686f0c-c742-4af4-9d94-75f7814a6a4e"
      expires:
      - '-1'
      pragma:
      - no-cache
      server:
      - Microsoft-HTTPAPI/2.0
      - Microsoft-HTTPAPI/2.0
      strict-transport-security:
      - max-age=31536000; includeSubDomains
      transfer-encoding:
      - chunked
      vary:
      - Accept-Encoding
      x-content-type-options:
      - nosniff
      x-ms-arm-service-request-id:
      - 78cdba8e-2155-49ea-9014-c245ccf73b10
    status:
      code: 200
      message: OK
- request:
    body: null
    headers:
      Accept:
      - application/json
      Accept-Encoding:
      - gzip, deflate
      CommandName:
      - vm application set
      Connection:
      - keep-alive
      ParameterSetName:
      - -g -n --app-version-ids --order-applications
      User-Agent:
      - AZURECLI/2.44.1 azsdk-python-azure-mgmt-compute/29.1.0 Python/3.10.9 (Windows-10-10.0.22621-SP0)
    method: GET
    uri: https://management.azure.com/subscriptions/00000000-0000-0000-0000-000000000000/resourceGroups/clitest.rg000001/providers/Microsoft.Compute/virtualMachines/vm1?api-version=2022-11-01
  response:
    body:
      string: "{\r\n  \"name\": \"vm1\",\r\n  \"id\": \"/subscriptions/00000000-0000-0000-0000-000000000000/resourceGroups/clitest.rg000001/providers/Microsoft.Compute/virtualMachines/vm1\"\
        ,\r\n  \"type\": \"Microsoft.Compute/virtualMachines\",\r\n  \"location\"\
        : \"eastus\",\r\n  \"tags\": {},\r\n  \"properties\": {\r\n    \"vmId\": \"\
        24cc9b8e-29b0-4f6a-990d-a02ffcdcee07\",\r\n    \"hardwareProfile\": {\r\n\
        \      \"vmSize\": \"Standard_DS1_v2\"\r\n    },\r\n    \"storageProfile\"\
        : {\r\n      \"imageReference\": {\r\n        \"publisher\": \"MicrosoftWindowsServer\"\
        ,\r\n        \"offer\": \"WindowsServer\",\r\n        \"sku\": \"2012-R2-Datacenter\"\
        ,\r\n        \"version\": \"latest\",\r\n        \"exactVersion\": \"9600.20778.230108\"\
        \r\n      },\r\n      \"osDisk\": {\r\n        \"osType\": \"Windows\",\r\n\
        \        \"name\": \"vm1_disk1_b114b040d7494e0784978ab09b899fa2\",\r\n   \
        \     \"createOption\": \"FromImage\",\r\n        \"caching\": \"ReadWrite\"\
        ,\r\n        \"managedDisk\": {\r\n          \"storageAccountType\": \"Premium_LRS\"\
        ,\r\n          \"id\": \"/subscriptions/00000000-0000-0000-0000-000000000000/resourceGroups/clitest.rg000001/providers/Microsoft.Compute/disks/vm1_disk1_b114b040d7494e0784978ab09b899fa2\"\
        \r\n        },\r\n        \"deleteOption\": \"Detach\",\r\n        \"diskSizeGB\"\
        : 127\r\n      },\r\n      \"dataDisks\": []\r\n    },\r\n    \"osProfile\"\
        : {\r\n      \"computerName\": \"vm1\",\r\n      \"adminUsername\": \"clitest1234\"\
        ,\r\n      \"windowsConfiguration\": {\r\n        \"provisionVMAgent\": true,\r\
        \n        \"enableAutomaticUpdates\": true,\r\n        \"patchSettings\":\
        \ {\r\n          \"patchMode\": \"AutomaticByOS\",\r\n          \"assessmentMode\"\
        : \"ImageDefault\"\r\n        },\r\n        \"enableVMAgentPlatformUpdates\"\
        : false\r\n      },\r\n      \"secrets\": [],\r\n      \"allowExtensionOperations\"\
        : true,\r\n      \"requireGuestProvisionSignal\": true\r\n    },\r\n    \"\
        networkProfile\": {\"networkInterfaces\":[{\"id\":\"/subscriptions/00000000-0000-0000-0000-000000000000/resourceGroups/clitest.rg000001/providers/Microsoft.Network/networkInterfaces/vm1VMNic\"\
        }]},\r\n    \"licenseType\": \"Windows_Server\",\r\n    \"provisioningState\"\
        : \"Succeeded\",\r\n    \"timeCreated\": \"2023-01-28T04:28:18.7731379+00:00\"\
        \r\n  }\r\n}"
    headers:
      cache-control:
      - no-cache
      content-length:
      - '2033'
      content-type:
      - application/json; charset=utf-8
      date:
      - Sat, 28 Jan 2023 04:29:06 GMT
      expires:
      - '-1'
      pragma:
      - no-cache
      server:
      - Microsoft-HTTPAPI/2.0
      - Microsoft-HTTPAPI/2.0
      strict-transport-security:
      - max-age=31536000; includeSubDomains
      transfer-encoding:
      - chunked
      vary:
      - Accept-Encoding
      x-content-type-options:
      - nosniff
      x-ms-ratelimit-remaining-resource:
      - Microsoft.Compute/LowCostGet3Min;3962,Microsoft.Compute/LowCostGet30Min;31877
    status:
      code: 200
      message: OK
- request:
    body: '{"location": "eastus", "tags": {}, "properties": {"hardwareProfile": {"vmSize":
      "Standard_DS1_v2"}, "storageProfile": {"imageReference": {"publisher": "MicrosoftWindowsServer",
      "offer": "WindowsServer", "sku": "2012-R2-Datacenter", "version": "latest"},
      "osDisk": {"osType": "Windows", "name": "vm1_disk1_b114b040d7494e0784978ab09b899fa2",
      "caching": "ReadWrite", "createOption": "FromImage", "diskSizeGB": 127, "managedDisk":
      {"id": "/subscriptions/00000000-0000-0000-0000-000000000000/resourceGroups/clitest.rg000001/providers/Microsoft.Compute/disks/vm1_disk1_b114b040d7494e0784978ab09b899fa2",
      "storageAccountType": "Premium_LRS"}, "deleteOption": "Detach"}, "dataDisks":
      []}, "osProfile": {"computerName": "vm1", "adminUsername": "clitest1234", "windowsConfiguration":
      {"provisionVMAgent": true, "enableAutomaticUpdates": true, "patchSettings":
      {"patchMode": "AutomaticByOS", "assessmentMode": "ImageDefault"}, "enableVMAgentPlatformUpdates":
      false}, "secrets": [], "allowExtensionOperations": true, "requireGuestProvisionSignal":
      true}, "networkProfile": {"networkInterfaces": [{"id": "/subscriptions/00000000-0000-0000-0000-000000000000/resourceGroups/clitest.rg000001/providers/Microsoft.Network/networkInterfaces/vm1VMNic"}]},
      "licenseType": "Windows_Server", "applicationProfile": {"galleryApplications":
      [{"order": 1, "packageReferenceId": "/subscriptions/00000000-0000-0000-0000-000000000000/resourceGroups/galleryappaccount/providers/Microsoft.Compute/galleries/MyGallery/applications/MyFirstApp/versions/1.0.0"},
      {"order": 2, "packageReferenceId": "/subscriptions/00000000-0000-0000-0000-000000000000/resourceGroups/galleryappaccount/providers/Microsoft.Compute/galleries/MyGallery/applications/MySecondApp/versions/1.0.1"}]}}}'
    headers:
      Accept:
      - application/json
      Accept-Encoding:
      - gzip, deflate
      CommandName:
      - vm application set
      Connection:
      - keep-alive
      Content-Length:
      - '1741'
      Content-Type:
      - application/json
      ParameterSetName:
      - -g -n --app-version-ids --order-applications
      User-Agent:
      - AZURECLI/2.44.1 azsdk-python-azure-mgmt-compute/29.1.0 Python/3.10.9 (Windows-10-10.0.22621-SP0)
    method: PUT
    uri: https://management.azure.com/subscriptions/00000000-0000-0000-0000-000000000000/resourceGroups/clitest.rg000001/providers/Microsoft.Compute/virtualMachines/vm1?api-version=2022-11-01
  response:
    body:
      string: "{\r\n  \"name\": \"vm1\",\r\n  \"id\": \"/subscriptions/00000000-0000-0000-0000-000000000000/resourceGroups/clitest.rg000001/providers/Microsoft.Compute/virtualMachines/vm1\"\
        ,\r\n  \"type\": \"Microsoft.Compute/virtualMachines\",\r\n  \"location\"\
        : \"eastus\",\r\n  \"tags\": {},\r\n  \"properties\": {\r\n    \"vmId\": \"\
        24cc9b8e-29b0-4f6a-990d-a02ffcdcee07\",\r\n    \"hardwareProfile\": {\r\n\
        \      \"vmSize\": \"Standard_DS1_v2\"\r\n    },\r\n    \"applicationProfile\"\
        : {\r\n      \"galleryApplications\": [\r\n        {\r\n          \"order\"\
        : 1,\r\n          \"manuallyManaged\": false,\r\n          \"packageReferenceId\"\
        : \"/subscriptions/00000000-0000-0000-0000-000000000000/resourceGroups/galleryappaccount/providers/Microsoft.Compute/galleries/MyGallery/applications/MyFirstApp/versions/1.0.0\"\
        ,\r\n          \"treatFailureAsDeploymentFailure\": false,\r\n          \"\
        enableAutomaticUpgrade\": false\r\n        },\r\n        {\r\n          \"\
        order\": 2,\r\n          \"manuallyManaged\": false,\r\n          \"packageReferenceId\"\
        : \"/subscriptions/00000000-0000-0000-0000-000000000000/resourceGroups/galleryappaccount/providers/Microsoft.Compute/galleries/MyGallery/applications/MySecondApp/versions/1.0.1\"\
        ,\r\n          \"treatFailureAsDeploymentFailure\": false,\r\n          \"\
        enableAutomaticUpgrade\": false\r\n        }\r\n      ]\r\n    },\r\n    \"\
        storageProfile\": {\r\n      \"imageReference\": {\r\n        \"publisher\"\
        : \"MicrosoftWindowsServer\",\r\n        \"offer\": \"WindowsServer\",\r\n\
        \        \"sku\": \"2012-R2-Datacenter\",\r\n        \"version\": \"latest\"\
        ,\r\n        \"exactVersion\": \"9600.20778.230108\"\r\n      },\r\n     \
        \ \"osDisk\": {\r\n        \"osType\": \"Windows\",\r\n        \"name\": \"\
        vm1_disk1_b114b040d7494e0784978ab09b899fa2\",\r\n        \"createOption\"\
        : \"FromImage\",\r\n        \"caching\": \"ReadWrite\",\r\n        \"managedDisk\"\
        : {\r\n          \"storageAccountType\": \"Premium_LRS\",\r\n          \"\
        id\": \"/subscriptions/00000000-0000-0000-0000-000000000000/resourceGroups/clitest.rg000001/providers/Microsoft.Compute/disks/vm1_disk1_b114b040d7494e0784978ab09b899fa2\"\
        \r\n        },\r\n        \"deleteOption\": \"Detach\",\r\n        \"diskSizeGB\"\
        : 127\r\n      },\r\n      \"dataDisks\": []\r\n    },\r\n    \"osProfile\"\
        : {\r\n      \"computerName\": \"vm1\",\r\n      \"adminUsername\": \"clitest1234\"\
        ,\r\n      \"windowsConfiguration\": {\r\n        \"provisionVMAgent\": true,\r\
        \n        \"enableAutomaticUpdates\": true,\r\n        \"patchSettings\":\
        \ {\r\n          \"patchMode\": \"AutomaticByOS\",\r\n          \"assessmentMode\"\
        : \"ImageDefault\"\r\n        },\r\n        \"enableVMAgentPlatformUpdates\"\
        : false\r\n      },\r\n      \"secrets\": [],\r\n      \"allowExtensionOperations\"\
        : true,\r\n      \"requireGuestProvisionSignal\": true\r\n    },\r\n    \"\
        networkProfile\": {\"networkInterfaces\":[{\"id\":\"/subscriptions/00000000-0000-0000-0000-000000000000/resourceGroups/clitest.rg000001/providers/Microsoft.Network/networkInterfaces/vm1VMNic\"\
        }]},\r\n    \"licenseType\": \"Windows_Server\",\r\n    \"provisioningState\"\
        : \"Updating\",\r\n    \"timeCreated\": \"2023-01-28T04:28:18.7731379+00:00\"\
        \r\n  },\r\n  \"resources\": [\r\n    {\r\n      \"name\": \"VMAppExtension\"\
        ,\r\n      \"id\": \"/subscriptions/00000000-0000-0000-0000-000000000000/resourceGroups/clitest.rg000001/providers/Microsoft.Compute/virtualMachines/vm1/extensions/VMAppExtension\"\
        ,\r\n      \"type\": \"Microsoft.Compute/virtualMachines/extensions\",\r\n\
        \      \"location\": \"eastus\",\r\n      \"properties\": {\r\n        \"\
        autoUpgradeMinorVersion\": true,\r\n        \"provisioningState\": \"Creating\"\
        ,\r\n        \"publisher\": \"Microsoft.CPlat.Core\",\r\n        \"type\"\
        : \"VMApplicationManagerWindows\",\r\n        \"typeHandlerVersion\": \"1.0\"\
        ,\r\n        \"settings\": {}\r\n      }\r\n    }\r\n  ]\r\n}"
    headers:
      azure-asyncnotification:
      - Enabled
      azure-asyncoperation:
      - https://management.azure.com/subscriptions/00000000-0000-0000-0000-000000000000/providers/Microsoft.Compute/locations/eastus/operations/f9424591-b154-40ad-a14b-659c5aa5c6d3?p=54253b73-cb53-496f-ab42-5e5ee19426f8&api-version=2022-11-01
      cache-control:
      - no-cache
      content-length:
      - '3493'
      content-type:
      - application/json; charset=utf-8
      date:
      - Sat, 28 Jan 2023 04:29:08 GMT
      expires:
      - '-1'
      pragma:
      - no-cache
      server:
      - Microsoft-HTTPAPI/2.0
      - Microsoft-HTTPAPI/2.0
      strict-transport-security:
      - max-age=31536000; includeSubDomains
      transfer-encoding:
      - chunked
      vary:
      - Accept-Encoding
      x-content-type-options:
      - nosniff
      x-ms-ratelimit-remaining-resource:
      - Microsoft.Compute/PutVM3Min;924,Microsoft.Compute/PutVM30Min;4629
      x-ms-ratelimit-remaining-subscription-writes:
      - '1197'
    status:
      code: 200
      message: OK
- request:
    body: null
    headers:
      Accept:
      - '*/*'
      Accept-Encoding:
      - gzip, deflate
      CommandName:
      - vm application set
      Connection:
      - keep-alive
      ParameterSetName:
      - -g -n --app-version-ids --order-applications
      User-Agent:
      - AZURECLI/2.44.1 azsdk-python-azure-mgmt-compute/29.1.0 Python/3.10.9 (Windows-10-10.0.22621-SP0)
    method: GET
    uri: https://management.azure.com/subscriptions/00000000-0000-0000-0000-000000000000/providers/Microsoft.Compute/locations/eastus/operations/f9424591-b154-40ad-a14b-659c5aa5c6d3?p=54253b73-cb53-496f-ab42-5e5ee19426f8&api-version=2022-11-01
  response:
    body:
      string: "{\r\n  \"startTime\": \"2023-01-28T04:29:07.9287368+00:00\",\r\n  \"\
        status\": \"InProgress\",\r\n  \"name\": \"f9424591-b154-40ad-a14b-659c5aa5c6d3\"\
        \r\n}"
    headers:
      cache-control:
      - no-cache
      content-length:
      - '134'
      content-type:
      - application/json; charset=utf-8
      date:
      - Sat, 28 Jan 2023 04:29:40 GMT
      expires:
      - '-1'
      pragma:
      - no-cache
      server:
      - Microsoft-HTTPAPI/2.0
      - Microsoft-HTTPAPI/2.0
      strict-transport-security:
      - max-age=31536000; includeSubDomains
      transfer-encoding:
      - chunked
      vary:
      - Accept-Encoding
      x-content-type-options:
      - nosniff
      x-ms-ratelimit-remaining-resource:
      - Microsoft.Compute/GetOperation3Min;14973,Microsoft.Compute/GetOperation30Min;29879
    status:
      code: 200
      message: OK
- request:
    body: null
    headers:
      Accept:
      - '*/*'
      Accept-Encoding:
      - gzip, deflate
      CommandName:
      - vm application set
      Connection:
      - keep-alive
      ParameterSetName:
      - -g -n --app-version-ids --order-applications
      User-Agent:
      - AZURECLI/2.44.1 azsdk-python-azure-mgmt-compute/29.1.0 Python/3.10.9 (Windows-10-10.0.22621-SP0)
    method: GET
    uri: https://management.azure.com/subscriptions/00000000-0000-0000-0000-000000000000/providers/Microsoft.Compute/locations/eastus/operations/f9424591-b154-40ad-a14b-659c5aa5c6d3?p=54253b73-cb53-496f-ab42-5e5ee19426f8&api-version=2022-11-01
  response:
    body:
      string: "{\r\n  \"startTime\": \"2023-01-28T04:29:07.9287368+00:00\",\r\n  \"\
        endTime\": \"2023-01-28T04:29:46.9594658+00:00\",\r\n  \"status\": \"Succeeded\"\
        ,\r\n  \"name\": \"f9424591-b154-40ad-a14b-659c5aa5c6d3\"\r\n}"
    headers:
      cache-control:
      - no-cache
      content-length:
      - '184'
      content-type:
      - application/json; charset=utf-8
      date:
      - Sat, 28 Jan 2023 04:30:10 GMT
      expires:
      - '-1'
      pragma:
      - no-cache
      server:
      - Microsoft-HTTPAPI/2.0
      - Microsoft-HTTPAPI/2.0
      strict-transport-security:
      - max-age=31536000; includeSubDomains
      transfer-encoding:
      - chunked
      vary:
      - Accept-Encoding
      x-content-type-options:
      - nosniff
      x-ms-ratelimit-remaining-resource:
      - Microsoft.Compute/GetOperation3Min;14969,Microsoft.Compute/GetOperation30Min;29870
    status:
      code: 200
      message: OK
- request:
    body: null
    headers:
      Accept:
      - '*/*'
      Accept-Encoding:
      - gzip, deflate
      CommandName:
      - vm application set
      Connection:
      - keep-alive
      ParameterSetName:
      - -g -n --app-version-ids --order-applications
      User-Agent:
      - AZURECLI/2.44.1 azsdk-python-azure-mgmt-compute/29.1.0 Python/3.10.9 (Windows-10-10.0.22621-SP0)
    method: GET
    uri: https://management.azure.com/subscriptions/00000000-0000-0000-0000-000000000000/resourceGroups/clitest.rg000001/providers/Microsoft.Compute/virtualMachines/vm1?api-version=2022-11-01
  response:
    body:
      string: "{\r\n  \"name\": \"vm1\",\r\n  \"id\": \"/subscriptions/00000000-0000-0000-0000-000000000000/resourceGroups/clitest.rg000001/providers/Microsoft.Compute/virtualMachines/vm1\"\
        ,\r\n  \"type\": \"Microsoft.Compute/virtualMachines\",\r\n  \"location\"\
        : \"eastus\",\r\n  \"tags\": {},\r\n  \"properties\": {\r\n    \"vmId\": \"\
        24cc9b8e-29b0-4f6a-990d-a02ffcdcee07\",\r\n    \"hardwareProfile\": {\r\n\
        \      \"vmSize\": \"Standard_DS1_v2\"\r\n    },\r\n    \"applicationProfile\"\
        : {\r\n      \"galleryApplications\": [\r\n        {\r\n          \"order\"\
        : 1,\r\n          \"manuallyManaged\": false,\r\n          \"packageReferenceId\"\
        : \"/subscriptions/00000000-0000-0000-0000-000000000000/resourceGroups/galleryappaccount/providers/Microsoft.Compute/galleries/MyGallery/applications/MyFirstApp/versions/1.0.0\"\
        ,\r\n          \"treatFailureAsDeploymentFailure\": false,\r\n          \"\
        enableAutomaticUpgrade\": false\r\n        },\r\n        {\r\n          \"\
        order\": 2,\r\n          \"manuallyManaged\": false,\r\n          \"packageReferenceId\"\
        : \"/subscriptions/00000000-0000-0000-0000-000000000000/resourceGroups/galleryappaccount/providers/Microsoft.Compute/galleries/MyGallery/applications/MySecondApp/versions/1.0.1\"\
        ,\r\n          \"treatFailureAsDeploymentFailure\": false,\r\n          \"\
        enableAutomaticUpgrade\": false\r\n        }\r\n      ]\r\n    },\r\n    \"\
        storageProfile\": {\r\n      \"imageReference\": {\r\n        \"publisher\"\
        : \"MicrosoftWindowsServer\",\r\n        \"offer\": \"WindowsServer\",\r\n\
        \        \"sku\": \"2012-R2-Datacenter\",\r\n        \"version\": \"latest\"\
        ,\r\n        \"exactVersion\": \"9600.20778.230108\"\r\n      },\r\n     \
        \ \"osDisk\": {\r\n        \"osType\": \"Windows\",\r\n        \"name\": \"\
        vm1_disk1_b114b040d7494e0784978ab09b899fa2\",\r\n        \"createOption\"\
        : \"FromImage\",\r\n        \"caching\": \"ReadWrite\",\r\n        \"managedDisk\"\
        : {\r\n          \"storageAccountType\": \"Premium_LRS\",\r\n          \"\
        id\": \"/subscriptions/00000000-0000-0000-0000-000000000000/resourceGroups/clitest.rg000001/providers/Microsoft.Compute/disks/vm1_disk1_b114b040d7494e0784978ab09b899fa2\"\
        \r\n        },\r\n        \"deleteOption\": \"Detach\",\r\n        \"diskSizeGB\"\
        : 127\r\n      },\r\n      \"dataDisks\": []\r\n    },\r\n    \"osProfile\"\
        : {\r\n      \"computerName\": \"vm1\",\r\n      \"adminUsername\": \"clitest1234\"\
        ,\r\n      \"windowsConfiguration\": {\r\n        \"provisionVMAgent\": true,\r\
        \n        \"enableAutomaticUpdates\": true,\r\n        \"patchSettings\":\
        \ {\r\n          \"patchMode\": \"AutomaticByOS\",\r\n          \"assessmentMode\"\
        : \"ImageDefault\"\r\n        },\r\n        \"enableVMAgentPlatformUpdates\"\
        : false\r\n      },\r\n      \"secrets\": [],\r\n      \"allowExtensionOperations\"\
        : true,\r\n      \"requireGuestProvisionSignal\": true\r\n    },\r\n    \"\
        networkProfile\": {\"networkInterfaces\":[{\"id\":\"/subscriptions/00000000-0000-0000-0000-000000000000/resourceGroups/clitest.rg000001/providers/Microsoft.Network/networkInterfaces/vm1VMNic\"\
        }]},\r\n    \"licenseType\": \"Windows_Server\",\r\n    \"provisioningState\"\
        : \"Succeeded\",\r\n    \"timeCreated\": \"2023-01-28T04:28:18.7731379+00:00\"\
        \r\n  },\r\n  \"resources\": [\r\n    {\r\n      \"name\": \"VMAppExtension\"\
        ,\r\n      \"id\": \"/subscriptions/00000000-0000-0000-0000-000000000000/resourceGroups/clitest.rg000001/providers/Microsoft.Compute/virtualMachines/vm1/extensions/VMAppExtension\"\
        ,\r\n      \"type\": \"Microsoft.Compute/virtualMachines/extensions\",\r\n\
        \      \"location\": \"eastus\",\r\n      \"properties\": {\r\n        \"\
        autoUpgradeMinorVersion\": true,\r\n        \"provisioningState\": \"Succeeded\"\
        ,\r\n        \"publisher\": \"Microsoft.CPlat.Core\",\r\n        \"type\"\
        : \"VMApplicationManagerWindows\",\r\n        \"typeHandlerVersion\": \"1.0\"\
        ,\r\n        \"settings\": {}\r\n      }\r\n    }\r\n  ]\r\n}"
    headers:
      cache-control:
      - no-cache
      content-length:
      - '3495'
      content-type:
      - application/json; charset=utf-8
      date:
      - Sat, 28 Jan 2023 04:30:11 GMT
      expires:
      - '-1'
      pragma:
      - no-cache
      server:
      - Microsoft-HTTPAPI/2.0
      - Microsoft-HTTPAPI/2.0
      strict-transport-security:
      - max-age=31536000; includeSubDomains
      transfer-encoding:
      - chunked
      vary:
      - Accept-Encoding
      x-content-type-options:
      - nosniff
      x-ms-ratelimit-remaining-resource:
      - Microsoft.Compute/LowCostGet3Min;3957,Microsoft.Compute/LowCostGet30Min;31862
    status:
      code: 200
      message: OK
- request:
    body: null
    headers:
      Accept:
      - application/json
      Accept-Encoding:
      - gzip, deflate
      CommandName:
      - vm application list
      Connection:
      - keep-alive
      ParameterSetName:
      - -g -n
      User-Agent:
      - AZURECLI/2.44.1 azsdk-python-azure-mgmt-compute/29.1.0 Python/3.10.9 (Windows-10-10.0.22621-SP0)
    method: GET
    uri: https://management.azure.com/subscriptions/00000000-0000-0000-0000-000000000000/resourceGroups/clitest.rg000001/providers/Microsoft.Compute/virtualMachines/vm1?api-version=2022-11-01
  response:
    body:
      string: "{\r\n  \"name\": \"vm1\",\r\n  \"id\": \"/subscriptions/00000000-0000-0000-0000-000000000000/resourceGroups/clitest.rg000001/providers/Microsoft.Compute/virtualMachines/vm1\"\
        ,\r\n  \"type\": \"Microsoft.Compute/virtualMachines\",\r\n  \"location\"\
        : \"eastus\",\r\n  \"tags\": {},\r\n  \"properties\": {\r\n    \"vmId\": \"\
        24cc9b8e-29b0-4f6a-990d-a02ffcdcee07\",\r\n    \"hardwareProfile\": {\r\n\
        \      \"vmSize\": \"Standard_DS1_v2\"\r\n    },\r\n    \"applicationProfile\"\
        : {\r\n      \"galleryApplications\": [\r\n        {\r\n          \"order\"\
        : 1,\r\n          \"manuallyManaged\": false,\r\n          \"packageReferenceId\"\
        : \"/subscriptions/00000000-0000-0000-0000-000000000000/resourceGroups/galleryappaccount/providers/Microsoft.Compute/galleries/MyGallery/applications/MyFirstApp/versions/1.0.0\"\
        ,\r\n          \"treatFailureAsDeploymentFailure\": false,\r\n          \"\
        enableAutomaticUpgrade\": false\r\n        },\r\n        {\r\n          \"\
        order\": 2,\r\n          \"manuallyManaged\": false,\r\n          \"packageReferenceId\"\
        : \"/subscriptions/00000000-0000-0000-0000-000000000000/resourceGroups/galleryappaccount/providers/Microsoft.Compute/galleries/MyGallery/applications/MySecondApp/versions/1.0.1\"\
        ,\r\n          \"treatFailureAsDeploymentFailure\": false,\r\n          \"\
        enableAutomaticUpgrade\": false\r\n        }\r\n      ]\r\n    },\r\n    \"\
        storageProfile\": {\r\n      \"imageReference\": {\r\n        \"publisher\"\
        : \"MicrosoftWindowsServer\",\r\n        \"offer\": \"WindowsServer\",\r\n\
        \        \"sku\": \"2012-R2-Datacenter\",\r\n        \"version\": \"latest\"\
        ,\r\n        \"exactVersion\": \"9600.20778.230108\"\r\n      },\r\n     \
        \ \"osDisk\": {\r\n        \"osType\": \"Windows\",\r\n        \"name\": \"\
        vm1_disk1_b114b040d7494e0784978ab09b899fa2\",\r\n        \"createOption\"\
        : \"FromImage\",\r\n        \"caching\": \"ReadWrite\",\r\n        \"managedDisk\"\
        : {\r\n          \"storageAccountType\": \"Premium_LRS\",\r\n          \"\
        id\": \"/subscriptions/00000000-0000-0000-0000-000000000000/resourceGroups/clitest.rg000001/providers/Microsoft.Compute/disks/vm1_disk1_b114b040d7494e0784978ab09b899fa2\"\
        \r\n        },\r\n        \"deleteOption\": \"Detach\",\r\n        \"diskSizeGB\"\
        : 127\r\n      },\r\n      \"dataDisks\": []\r\n    },\r\n    \"osProfile\"\
        : {\r\n      \"computerName\": \"vm1\",\r\n      \"adminUsername\": \"clitest1234\"\
        ,\r\n      \"windowsConfiguration\": {\r\n        \"provisionVMAgent\": true,\r\
        \n        \"enableAutomaticUpdates\": true,\r\n        \"patchSettings\":\
        \ {\r\n          \"patchMode\": \"AutomaticByOS\",\r\n          \"assessmentMode\"\
        : \"ImageDefault\"\r\n        },\r\n        \"enableVMAgentPlatformUpdates\"\
        : false\r\n      },\r\n      \"secrets\": [],\r\n      \"allowExtensionOperations\"\
        : true,\r\n      \"requireGuestProvisionSignal\": true\r\n    },\r\n    \"\
        networkProfile\": {\"networkInterfaces\":[{\"id\":\"/subscriptions/00000000-0000-0000-0000-000000000000/resourceGroups/clitest.rg000001/providers/Microsoft.Network/networkInterfaces/vm1VMNic\"\
        }]},\r\n    \"licenseType\": \"Windows_Server\",\r\n    \"provisioningState\"\
        : \"Succeeded\",\r\n    \"timeCreated\": \"2023-01-28T04:28:18.7731379+00:00\"\
        \r\n  },\r\n  \"resources\": [\r\n    {\r\n      \"name\": \"VMAppExtension\"\
        ,\r\n      \"id\": \"/subscriptions/00000000-0000-0000-0000-000000000000/resourceGroups/clitest.rg000001/providers/Microsoft.Compute/virtualMachines/vm1/extensions/VMAppExtension\"\
        ,\r\n      \"type\": \"Microsoft.Compute/virtualMachines/extensions\",\r\n\
        \      \"location\": \"eastus\",\r\n      \"properties\": {\r\n        \"\
        autoUpgradeMinorVersion\": true,\r\n        \"provisioningState\": \"Succeeded\"\
        ,\r\n        \"publisher\": \"Microsoft.CPlat.Core\",\r\n        \"type\"\
        : \"VMApplicationManagerWindows\",\r\n        \"typeHandlerVersion\": \"1.0\"\
        ,\r\n        \"settings\": {}\r\n      }\r\n    }\r\n  ]\r\n}"
    headers:
      cache-control:
      - no-cache
      content-length:
      - '3495'
      content-type:
      - application/json; charset=utf-8
      date:
      - Sat, 28 Jan 2023 04:30:12 GMT
      expires:
      - '-1'
      pragma:
      - no-cache
      server:
      - Microsoft-HTTPAPI/2.0
      - Microsoft-HTTPAPI/2.0
      strict-transport-security:
      - max-age=31536000; includeSubDomains
      transfer-encoding:
      - chunked
      vary:
      - Accept-Encoding
      x-content-type-options:
      - nosniff
      x-ms-ratelimit-remaining-resource:
      - Microsoft.Compute/LowCostGet3Min;3956,Microsoft.Compute/LowCostGet30Min;31861
    status:
      code: 200
      message: OK
version: 1
