interactions:
- request:
    body: null
    headers:
      Accept:
      - application/json
      Accept-Encoding:
      - gzip, deflate
      Connection:
      - keep-alive
      User-Agent:
      - python/3.7.4 (Windows-10-10.0.18362-SP0) msrest/0.6.10 msrest_azure/0.6.2
        azure-graphrbac/0.60.0 Azure-SDK-For-Python
      accept-language:
      - en-US
    method: GET
    uri: https://graph.windows.net/00000000-0000-0000-0000-000000000000/me?api-version=1.6
  response:
    body:
      string: '{"odata.metadata":"https://graph.windows.net/00000000-0000-0000-0000-000000000000/$metadata#directoryObjects/@Element","odata.type":"Microsoft.DirectoryServices.User","objectType":"User","objectId":"21cd756e-e290-4a26-9547-93e8cc1a8923","deletionTimestamp":null,"accountEnabled":true,"ageGroup":null,"assignedLicenses":[],"assignedPlans":[],"city":null,"companyName":null,"consentProvidedForMinor":null,"country":null,"createdDateTime":"2019-06-21T01:32:03Z","creationType":"Invitation","department":null,"dirSyncEnabled":null,"displayName":"Zunli
        Hu","employeeId":null,"facsimileTelephoneNumber":null,"givenName":null,"immutableId":null,"isCompromised":null,"jobTitle":null,"lastDirSyncTime":null,"legalAgeGroupClassification":null,"mail":"zuh@microsoft.com","mailNickname":"zuh_microsoft.com#EXT#","mobile":null,"onPremisesDistinguishedName":null,"onPremisesSecurityIdentifier":null,"otherMails":["zuh@microsoft.com"],"passwordPolicies":null,"passwordProfile":null,"physicalDeliveryOfficeName":null,"postalCode":null,"preferredLanguage":null,"provisionedPlans":[],"provisioningErrors":[],"proxyAddresses":["SMTP:zuh@microsoft.com"],"refreshTokensValidFromDateTime":"2019-06-21T01:32:03Z","showInAddressList":false,"signInNames":[],"sipProxyAddress":null,"state":null,"streetAddress":null,"surname":null,"telephoneNumber":null,"thumbnailPhoto@odata.mediaEditLink":"directoryObjects/21cd756e-e290-4a26-9547-93e8cc1a8923/Microsoft.DirectoryServices.User/thumbnailPhoto","usageLocation":null,"userIdentities":[],"userPrincipalName":"zuh_microsoft.com#EXT#@AzureSDKTeam.onmicrosoft.com","userState":"Accepted","userStateChangedOn":"2019-06-24T01:43:59Z","userType":"Guest"}'
    headers:
      access-control-allow-origin:
      - '*'
      cache-control:
      - no-cache
      content-length:
      - '1670'
      content-type:
      - application/json; odata=minimalmetadata; streaming=true; charset=utf-8
      dataserviceversion:
      - 3.0;
      date:
      - Mon, 21 Oct 2019 16:52:20 GMT
      duration:
      - '2612510'
      expires:
      - '-1'
      ocp-aad-diagnostics-server-name:
      - 1ccpBH0h6owJuddPchq14ib6bqGxd4JOSUPM63LmdUU=
      ocp-aad-session-key:
      - y1wj6VQMrmQp1EUzTH7pMim5VH-kvu0k8kPW-UHIK-v0-vjFFtN8FyXRkMrc0sO7r_yHosiRiuVjggxflDhX4a3UO3VMBzJXliJhTvQolYxUj7s9gDkICFxeBUKjJhTk.LfgPoP_h59IAlGn9-PUIicVlYJxrx7gXMm0fJWkLAP4
      pragma:
      - no-cache
      request-id:
      - 45b9e3cc-9492-4363-b12c-1c5f32a68e51
      strict-transport-security:
      - max-age=31536000; includeSubDomains
      x-aspnet-version:
      - 4.0.30319
      x-ms-dirapi-data-contract-version:
      - '1.6'
      x-powered-by:
      - ASP.NET
    status:
      code: 200
      message: OK
- request:
    body: '{"location": "westus", "properties": {"tenantId": "54826b22-38d6-4fb2-bad9-b7b93a3e9c5a",
      "sku": {"family": "A", "name": "standard"}, "accessPolicies": [{"tenantId":
      "54826b22-38d6-4fb2-bad9-b7b93a3e9c5a", "objectId": "21cd756e-e290-4a26-9547-93e8cc1a8923",
      "permissions": {"keys": ["get", "create", "delete", "list", "update", "import",
      "backup", "restore", "recover"], "secrets": ["get", "list", "set", "delete",
      "backup", "restore", "recover"], "certificates": ["get", "list", "delete", "create",
      "import", "update", "managecontacts", "getissuers", "listissuers", "setissuers",
      "deleteissuers", "manageissuers", "recover"], "storage": ["get", "list", "delete",
      "set", "update", "regeneratekey", "setsas", "listsas", "getsas", "deletesas"]}}],
      "enabledForDeployment": true, "enabledForDiskEncryption": true}}'
    headers:
      Accept:
      - application/json
      Accept-Encoding:
      - gzip, deflate
      CommandName:
      - keyvault create
      Connection:
      - keep-alive
      Content-Length:
      - '810'
      Content-Type:
      - application/json; charset=utf-8
      ParameterSetName:
      - -g -n -l --enabled-for-disk-encryption --enabled-for-deployment
      User-Agent:
      - python/3.7.4 (Windows-10-10.0.18362-SP0) msrest/0.6.10 msrest_azure/0.6.2
        azure-mgmt-keyvault/1.1.0 Azure-SDK-For-Python AZURECLI/2.0.75
      accept-language:
      - en-US
    method: PUT
    uri: https://management.azure.com/subscriptions/00000000-0000-0000-0000-000000000000/resourceGroups/cli_test_vm_secrets000001/providers/Microsoft.KeyVault/vaults/vmsecretkv000002?api-version=2018-02-14
  response:
    body:
      string: '{"id":"/subscriptions/00000000-0000-0000-0000-000000000000/resourceGroups/cli_test_vm_secrets000001/providers/Microsoft.KeyVault/vaults/vmsecretkv000002","name":"vmsecretkv000002","type":"Microsoft.KeyVault/vaults","location":"westus","tags":{},"properties":{"sku":{"family":"A","name":"standard"},"tenantId":"54826b22-38d6-4fb2-bad9-b7b93a3e9c5a","accessPolicies":[{"tenantId":"54826b22-38d6-4fb2-bad9-b7b93a3e9c5a","objectId":"21cd756e-e290-4a26-9547-93e8cc1a8923","permissions":{"keys":["get","create","delete","list","update","import","backup","restore","recover"],"secrets":["get","list","set","delete","backup","restore","recover"],"certificates":["get","list","delete","create","import","update","managecontacts","getissuers","listissuers","setissuers","deleteissuers","manageissuers","recover"],"storage":["get","list","delete","set","update","regeneratekey","setsas","listsas","getsas","deletesas"]}}],"enabledForDeployment":true,"enabledForDiskEncryption":true,"vaultUri":"https://vmsecretkv000002.vault.azure.net","provisioningState":"RegisteringDns"}}'
    headers:
      cache-control:
      - no-cache
      content-length:
      - '1125'
      content-type:
      - application/json; charset=utf-8
      date:
      - Mon, 21 Oct 2019 16:52:30 GMT
      expires:
      - '-1'
      pragma:
      - no-cache
      server:
      - Microsoft-IIS/10.0
      strict-transport-security:
      - max-age=31536000; includeSubDomains
      transfer-encoding:
      - chunked
      vary:
      - Accept-Encoding
      x-aspnet-version:
      - 4.0.30319
      x-content-type-options:
      - nosniff
      x-ms-keyvault-service-version:
      - 1.1.0.258
      x-ms-ratelimit-remaining-subscription-writes:
      - '1189'
      x-powered-by:
      - ASP.NET
    status:
      code: 200
      message: OK
- request:
    body: null
    headers:
      Accept:
      - application/json
      Accept-Encoding:
      - gzip, deflate
      CommandName:
      - keyvault create
      Connection:
      - keep-alive
      ParameterSetName:
      - -g -n -l --enabled-for-disk-encryption --enabled-for-deployment
      User-Agent:
      - python/3.7.4 (Windows-10-10.0.18362-SP0) msrest/0.6.10 msrest_azure/0.6.2
        azure-mgmt-keyvault/1.1.0 Azure-SDK-For-Python AZURECLI/2.0.75
    method: GET
    uri: https://management.azure.com/subscriptions/00000000-0000-0000-0000-000000000000/resourceGroups/cli_test_vm_secrets000001/providers/Microsoft.KeyVault/vaults/vmsecretkv000002?api-version=2018-02-14
  response:
    body:
      string: '{"id":"/subscriptions/00000000-0000-0000-0000-000000000000/resourceGroups/cli_test_vm_secrets000001/providers/Microsoft.KeyVault/vaults/vmsecretkv000002","name":"vmsecretkv000002","type":"Microsoft.KeyVault/vaults","location":"westus","tags":{},"properties":{"sku":{"family":"A","name":"standard"},"tenantId":"54826b22-38d6-4fb2-bad9-b7b93a3e9c5a","accessPolicies":[{"tenantId":"54826b22-38d6-4fb2-bad9-b7b93a3e9c5a","objectId":"21cd756e-e290-4a26-9547-93e8cc1a8923","permissions":{"keys":["get","create","delete","list","update","import","backup","restore","recover"],"secrets":["get","list","set","delete","backup","restore","recover"],"certificates":["get","list","delete","create","import","update","managecontacts","getissuers","listissuers","setissuers","deleteissuers","manageissuers","recover"],"storage":["get","list","delete","set","update","regeneratekey","setsas","listsas","getsas","deletesas"]}}],"enabledForDeployment":true,"enabledForDiskEncryption":true,"vaultUri":"https://vmsecretkv000002.vault.azure.net/","provisioningState":"Succeeded"}}'
    headers:
      cache-control:
      - no-cache
      content-length:
      - '1121'
      content-type:
      - application/json; charset=utf-8
      date:
      - Mon, 21 Oct 2019 16:53:07 GMT
      expires:
      - '-1'
      pragma:
      - no-cache
      server:
      - Microsoft-IIS/10.0
      strict-transport-security:
      - max-age=31536000; includeSubDomains
      transfer-encoding:
      - chunked
      vary:
      - Accept-Encoding
      x-aspnet-version:
      - 4.0.30319
      x-content-type-options:
      - nosniff
      x-ms-keyvault-service-version:
      - 1.1.0.258
      x-powered-by:
      - ASP.NET
    status:
      code: 200
      message: OK
- request:
    body: null
    headers:
      Accept:
      - application/json
      Accept-Encoding:
      - gzip, deflate
      CommandName:
      - vm create
      Connection:
      - keep-alive
      ParameterSetName:
      - -g -n --image --generate-ssh-keys --admin-username
      User-Agent:
      - python/3.7.4 (Windows-10-10.0.18362-SP0) msrest/0.6.10 msrest_azure/0.6.2
        azure-mgmt-resource/4.0.0 Azure-SDK-For-Python AZURECLI/2.0.75
      accept-language:
      - en-US
    method: GET
    uri: https://management.azure.com/subscriptions/00000000-0000-0000-0000-000000000000/resourcegroups/cli_test_vm_secrets000001?api-version=2019-07-01
  response:
    body:
      string: '{"id":"/subscriptions/00000000-0000-0000-0000-000000000000/resourceGroups/cli_test_vm_secrets000001","name":"cli_test_vm_secrets000001","type":"Microsoft.Resources/resourceGroups","location":"westus","tags":{"product":"azurecli","cause":"automation","date":"2019-10-21T16:52:09Z"},"properties":{"provisioningState":"Succeeded"}}'
    headers:
      cache-control:
      - no-cache
      content-length:
      - '428'
      content-type:
      - application/json; charset=utf-8
      date:
      - Mon, 21 Oct 2019 16:53:11 GMT
      expires:
      - '-1'
      pragma:
      - no-cache
      strict-transport-security:
      - max-age=31536000; includeSubDomains
      vary:
      - Accept-Encoding
      x-content-type-options:
      - nosniff
    status:
      code: 200
      message: OK
- request:
    body: null
    headers:
      Accept:
      - '*/*'
      Accept-Encoding:
      - gzip, deflate
      Connection:
      - keep-alive
      User-Agent:
      - python-requests/2.22.0
    method: GET
    uri: https://raw.githubusercontent.com/Azure/azure-rest-api-specs/master/arm-compute/quickstart-templates/aliases.json
  response:
    body:
      string: "{\n  \"$schema\": \"http://schema.management.azure.com/schemas/2015-01-01/deploymentTemplate.json\",\n
        \ \"contentVersion\": \"1.0.0.0\",\n  \"parameters\": {},\n  \"variables\":
        {},\n  \"resources\": [],\n  \"outputs\": {\n    \"aliases\": {\n      \"type\":
        \"object\",\n      \"value\": {\n        \"Linux\": {\n          \"CentOS\":
        {\n            \"publisher\": \"OpenLogic\",\n            \"offer\": \"CentOS\",\n
        \           \"sku\": \"7.5\",\n            \"version\": \"latest\"\n          },\n
        \         \"CoreOS\": {\n            \"publisher\": \"CoreOS\",\n            \"offer\":
        \"CoreOS\",\n            \"sku\": \"Stable\",\n            \"version\": \"latest\"\n
        \         },\n          \"Debian\": {\n            \"publisher\": \"Debian\",\n
        \           \"offer\": \"debian-10\",\n            \"sku\": \"10\",\n            \"version\":
        \"latest\"\n          },\n          \"openSUSE-Leap\": {\n            \"publisher\":
        \"SUSE\",\n            \"offer\": \"openSUSE-Leap\",\n            \"sku\":
        \"42.3\",\n            \"version\": \"latest\"\n          },\n          \"RHEL\":
        {\n            \"publisher\": \"RedHat\",\n            \"offer\": \"RHEL\",\n
        \           \"sku\": \"7-LVM\",\n            \"version\": \"latest\"\n          },\n
        \         \"SLES\": {\n            \"publisher\": \"SUSE\",\n            \"offer\":
        \"SLES\",\n            \"sku\": \"15\",\n            \"version\": \"latest\"\n
        \         },\n          \"UbuntuLTS\": {\n            \"publisher\": \"Canonical\",\n
        \           \"offer\": \"UbuntuServer\",\n            \"sku\": \"18.04-LTS\",\n
        \           \"version\": \"latest\"\n          }\n        },\n        \"Windows\":
        {\n          \"Win2019Datacenter\": {\n            \"publisher\": \"MicrosoftWindowsServer\",\n
        \           \"offer\": \"WindowsServer\",\n            \"sku\": \"2019-Datacenter\",\n
        \           \"version\": \"latest\"\n          },\n          \"Win2016Datacenter\":
        {\n            \"publisher\": \"MicrosoftWindowsServer\",\n            \"offer\":
        \"WindowsServer\",\n            \"sku\": \"2016-Datacenter\",\n            \"version\":
        \"latest\"\n          },\n          \"Win2012R2Datacenter\": {\n            \"publisher\":
        \"MicrosoftWindowsServer\",\n            \"offer\": \"WindowsServer\",\n            \"sku\":
        \"2012-R2-Datacenter\",\n            \"version\": \"latest\"\n          },\n
        \         \"Win2012Datacenter\": {\n            \"publisher\": \"MicrosoftWindowsServer\",\n
        \           \"offer\": \"WindowsServer\",\n            \"sku\": \"2012-Datacenter\",\n
        \           \"version\": \"latest\"\n          },\n          \"Win2008R2SP1\":
        {\n            \"publisher\": \"MicrosoftWindowsServer\",\n            \"offer\":
        \"WindowsServer\",\n            \"sku\": \"2008-R2-SP1\",\n            \"version\":
        \"latest\"\n          }\n        }\n      }\n    }\n  }\n}\n"
    headers:
      accept-ranges:
      - bytes
      access-control-allow-origin:
      - '*'
      cache-control:
      - max-age=300
      connection:
      - keep-alive
      content-length:
      - '2501'
      content-security-policy:
      - default-src 'none'; style-src 'unsafe-inline'; sandbox
      content-type:
      - text/plain; charset=utf-8
      date:
      - Mon, 21 Oct 2019 16:53:14 GMT
      etag:
      - W/"5d5b1214d514a7d1af3a6606ac1a74d9cadc7bb5"
      expires:
      - Mon, 21 Oct 2019 16:58:14 GMT
      source-age:
      - '40'
      strict-transport-security:
      - max-age=31536000
      vary:
      - Authorization,Accept-Encoding, Accept-Encoding
      via:
      - 1.1 varnish
      x-cache:
      - HIT
      x-cache-hits:
      - '1'
      x-content-type-options:
      - nosniff
      x-fastly-request-id:
      - 56724eff81633cca4b085108fd2c74ee147cb073
      x-frame-options:
      - deny
      x-geo-block-list:
      - ''
      x-github-request-id:
      - AD7C:76B6:76EA62:7FC847:5DADE251
      x-served-by:
      - cache-sin18044-SIN
      x-timer:
      - S1571676795.720459,VS0,VE0
      x-xss-protection:
      - 1; mode=block
    status:
      code: 200
      message: OK
- request:
    body: null
    headers:
      Accept:
      - application/json
      Accept-Encoding:
      - gzip, deflate
      CommandName:
      - vm create
      Connection:
      - keep-alive
      ParameterSetName:
      - -g -n --image --generate-ssh-keys --admin-username
      User-Agent:
      - python/3.7.4 (Windows-10-10.0.18362-SP0) msrest/0.6.10 msrest_azure/0.6.2
        azure-mgmt-network/6.0.0 Azure-SDK-For-Python AZURECLI/2.0.75
      accept-language:
      - en-US
    method: GET
    uri: https://management.azure.com/subscriptions/00000000-0000-0000-0000-000000000000/resourceGroups/cli_test_vm_secrets000001/providers/Microsoft.Network/virtualNetworks?api-version=2018-01-01
  response:
    body:
      string: '{"value":[]}'
    headers:
      cache-control:
      - no-cache
      content-length:
      - '12'
      content-type:
      - application/json; charset=utf-8
      date:
      - Mon, 21 Oct 2019 16:53:17 GMT
      expires:
      - '-1'
      pragma:
      - no-cache
      strict-transport-security:
      - max-age=31536000; includeSubDomains
      vary:
      - Accept-Encoding
      x-content-type-options:
      - nosniff
    status:
      code: 200
      message: OK
- request:
    body: 'b''{"properties": {"template": {"$schema": "https://schema.management.azure.com/schemas/2015-01-01/deploymentTemplate.json#",
      "contentVersion": "1.0.0.0", "parameters": {}, "variables": {}, "resources":
      [{"name": "vm1VNET", "type": "Microsoft.Network/virtualNetworks", "location":
      "westus", "apiVersion": "2015-06-15", "dependsOn": [], "tags": {}, "properties":
      {"addressSpace": {"addressPrefixes": ["10.0.0.0/16"]}, "subnets": [{"name":
      "vm1Subnet", "properties": {"addressPrefix": "10.0.0.0/24"}}]}}, {"type": "Microsoft.Network/networkSecurityGroups",
      "name": "vm1NSG", "apiVersion": "2015-06-15", "location": "westus", "tags":
      {}, "dependsOn": [], "properties": {"securityRules": [{"name": "default-allow-ssh",
      "properties": {"protocol": "Tcp", "sourcePortRange": "*", "destinationPortRange":
      "22", "sourceAddressPrefix": "*", "destinationAddressPrefix": "*", "access":
      "Allow", "priority": 1000, "direction": "Inbound"}}]}}, {"apiVersion": "2018-01-01",
      "type": "Microsoft.Network/publicIPAddresses", "name": "vm1PublicIP", "location":
      "westus", "tags": {}, "dependsOn": [], "properties": {"publicIPAllocationMethod":
      null}}, {"apiVersion": "2015-06-15", "type": "Microsoft.Network/networkInterfaces",
      "name": "vm1VMNic", "location": "westus", "tags": {}, "dependsOn": ["Microsoft.Network/virtualNetworks/vm1VNET",
      "Microsoft.Network/networkSecurityGroups/vm1NSG", "Microsoft.Network/publicIpAddresses/vm1PublicIP"],
      "properties": {"ipConfigurations": [{"name": "ipconfigvm1", "properties": {"privateIPAllocationMethod":
      "Dynamic", "subnet": {"id": "/subscriptions/00000000-0000-0000-0000-000000000000/resourceGroups/cli_test_vm_secrets000001/providers/Microsoft.Network/virtualNetworks/vm1VNET/subnets/vm1Subnet"},
      "publicIPAddress": {"id": "/subscriptions/00000000-0000-0000-0000-000000000000/resourceGroups/cli_test_vm_secrets000001/providers/Microsoft.Network/publicIPAddresses/vm1PublicIP"}}}],
      "networkSecurityGroup": {"id": "/subscriptions/00000000-0000-0000-0000-000000000000/resourceGroups/cli_test_vm_secrets000001/providers/Microsoft.Network/networkSecurityGroups/vm1NSG"}}},
      {"apiVersion": "2019-03-01", "type": "Microsoft.Compute/virtualMachines", "name":
      "vm1", "location": "westus", "tags": {}, "dependsOn": ["Microsoft.Network/networkInterfaces/vm1VMNic"],
      "properties": {"hardwareProfile": {"vmSize": "Standard_DS1_v2"}, "networkProfile":
      {"networkInterfaces": [{"id": "/subscriptions/00000000-0000-0000-0000-000000000000/resourceGroups/cli_test_vm_secrets000001/providers/Microsoft.Network/networkInterfaces/vm1VMNic"}]},
      "storageProfile": {"osDisk": {"createOption": "fromImage", "name": null, "caching":
      "ReadWrite", "managedDisk": {"storageAccountType": null}}, "imageReference":
      {"publisher": "RedHat", "offer": "RHEL", "sku": "7-LVM", "version": "latest"}},
      "osProfile": {"computerName": "vm1", "adminUsername": "rheladmin", "linuxConfiguration":
      {"disablePasswordAuthentication": true, "ssh": {"publicKeys": [{"keyData": "ssh-rsa
      AAAAB3NzaC1yc2EAAAADAQABAAABAQC86Jgk+Wp0JneEvsoZMG3PIL/zMJIbuY+r3xakXOZ8thq9gOQVgxSLdwUELhPy1iekWGsoGrvQIMEb22upTPG/9VaulCAVXfZnIetNUlId5DNAxOiyvOMEIqhPuxIOce0KKeGnCMkfPGzXrT3hqg8mSU8xW4cDNKJGikpPLMTX+O8V0QptnO5n7E4vH3zPOWuH9Xf0D2uTc6Z8JUFIljy1LfmvJkAitEsPWBott4k4JtxueODbNB+RaQT/p4FUGcxKMObAgQw0jJWKoZTylQOi0xtOOBKAS19+bXwo8AMOoUOB+8CHDX+3okZI3thHN7C1oL7qm6pfHdgvNrt1sPFl",
      "path": "/home/rheladmin/.ssh/authorized_keys"}]}}}}}], "outputs": {}}, "parameters":
      {}, "mode": "Incremental"}}'''
    headers:
      Accept:
      - application/json
      Accept-Encoding:
      - gzip, deflate
      CommandName:
      - vm create
      Connection:
      - keep-alive
      Content-Length:
      - '3644'
      Content-Type:
      - application/json; charset=utf-8
      ParameterSetName:
      - -g -n --image --generate-ssh-keys --admin-username
      User-Agent:
      - python/3.7.4 (Windows-10-10.0.18362-SP0) msrest/0.6.10 msrest_azure/0.6.2
        azure-mgmt-resource/4.0.0 Azure-SDK-For-Python AZURECLI/2.0.75
      accept-language:
      - en-US
    method: PUT
    uri: https://management.azure.com/subscriptions/00000000-0000-0000-0000-000000000000/resourcegroups/cli_test_vm_secrets000001/providers/Microsoft.Resources/deployments/mock-deployment?api-version=2019-07-01
  response:
    body:
      string: '{"id":"/subscriptions/00000000-0000-0000-0000-000000000000/resourceGroups/cli_test_vm_secrets000001/providers/Microsoft.Resources/deployments/vm_deploy_P1CMvgGjb41oB1U3gRMN2ZPfdrDumvDs","name":"vm_deploy_P1CMvgGjb41oB1U3gRMN2ZPfdrDumvDs","type":"Microsoft.Resources/deployments","properties":{"templateHash":"3958478280674057403","parameters":{},"mode":"Incremental","provisioningState":"Accepted","timestamp":"2019-10-21T16:53:24.8670791Z","duration":"PT2.6800641S","correlationId":"7c0150d7-6f8e-4ea3-933f-49a87ba229ae","providers":[{"namespace":"Microsoft.Network","resourceTypes":[{"resourceType":"virtualNetworks","locations":["westus"]},{"resourceType":"networkSecurityGroups","locations":["westus"]},{"resourceType":"publicIPAddresses","locations":["westus"]},{"resourceType":"networkInterfaces","locations":["westus"]}]},{"namespace":"Microsoft.Compute","resourceTypes":[{"resourceType":"virtualMachines","locations":["westus"]}]}],"dependencies":[{"dependsOn":[{"id":"/subscriptions/00000000-0000-0000-0000-000000000000/resourceGroups/cli_test_vm_secrets000001/providers/Microsoft.Network/virtualNetworks/vm1VNET","resourceType":"Microsoft.Network/virtualNetworks","resourceName":"vm1VNET"},{"id":"/subscriptions/00000000-0000-0000-0000-000000000000/resourceGroups/cli_test_vm_secrets000001/providers/Microsoft.Network/networkSecurityGroups/vm1NSG","resourceType":"Microsoft.Network/networkSecurityGroups","resourceName":"vm1NSG"},{"id":"/subscriptions/00000000-0000-0000-0000-000000000000/resourceGroups/cli_test_vm_secrets000001/providers/Microsoft.Network/publicIPAddresses/vm1PublicIP","resourceType":"Microsoft.Network/publicIPAddresses","resourceName":"vm1PublicIP"}],"id":"/subscriptions/00000000-0000-0000-0000-000000000000/resourceGroups/cli_test_vm_secrets000001/providers/Microsoft.Network/networkInterfaces/vm1VMNic","resourceType":"Microsoft.Network/networkInterfaces","resourceName":"vm1VMNic"},{"dependsOn":[{"id":"/subscriptions/00000000-0000-0000-0000-000000000000/resourceGroups/cli_test_vm_secrets000001/providers/Microsoft.Network/networkInterfaces/vm1VMNic","resourceType":"Microsoft.Network/networkInterfaces","resourceName":"vm1VMNic"}],"id":"/subscriptions/00000000-0000-0000-0000-000000000000/resourceGroups/cli_test_vm_secrets000001/providers/Microsoft.Compute/virtualMachines/vm1","resourceType":"Microsoft.Compute/virtualMachines","resourceName":"vm1"}]}}'
    headers:
      azure-asyncoperation:
      - https://management.azure.com/subscriptions/00000000-0000-0000-0000-000000000000/resourcegroups/cli_test_vm_secrets000001/providers/Microsoft.Resources/deployments/vm_deploy_P1CMvgGjb41oB1U3gRMN2ZPfdrDumvDs/operationStatuses/08586299300832907165?api-version=2019-07-01
      cache-control:
      - no-cache
      content-length:
      - '2742'
      content-type:
      - application/json; charset=utf-8
      date:
      - Mon, 21 Oct 2019 16:53:25 GMT
      expires:
      - '-1'
      pragma:
      - no-cache
      strict-transport-security:
      - max-age=31536000; includeSubDomains
      x-content-type-options:
      - nosniff
      x-ms-ratelimit-remaining-subscription-writes:
      - '1186'
    status:
      code: 201
      message: Created
- request:
    body: null
    headers:
      Accept:
      - application/json
      Accept-Encoding:
      - gzip, deflate
      CommandName:
      - vm create
      Connection:
      - keep-alive
      ParameterSetName:
      - -g -n --image --generate-ssh-keys --admin-username
      User-Agent:
      - python/3.7.4 (Windows-10-10.0.18362-SP0) msrest/0.6.10 msrest_azure/0.6.2
        azure-mgmt-resource/4.0.0 Azure-SDK-For-Python AZURECLI/2.0.75
    method: GET
    uri: https://management.azure.com/subscriptions/00000000-0000-0000-0000-000000000000/resourcegroups/cli_test_vm_secrets000001/providers/Microsoft.Resources/deployments/mock-deployment/operationStatuses/08586299300832907165?api-version=2019-07-01
  response:
    body:
      string: '{"status":"Running"}'
    headers:
      cache-control:
      - no-cache
      content-length:
      - '20'
      content-type:
      - application/json; charset=utf-8
      date:
      - Mon, 21 Oct 2019 16:53:58 GMT
      expires:
      - '-1'
      pragma:
      - no-cache
      strict-transport-security:
      - max-age=31536000; includeSubDomains
      vary:
      - Accept-Encoding
      x-content-type-options:
      - nosniff
    status:
      code: 200
      message: OK
- request:
    body: null
    headers:
      Accept:
      - application/json
      Accept-Encoding:
      - gzip, deflate
      CommandName:
      - vm create
      Connection:
      - keep-alive
      ParameterSetName:
      - -g -n --image --generate-ssh-keys --admin-username
      User-Agent:
      - python/3.7.4 (Windows-10-10.0.18362-SP0) msrest/0.6.10 msrest_azure/0.6.2
        azure-mgmt-resource/4.0.0 Azure-SDK-For-Python AZURECLI/2.0.75
    method: GET
    uri: https://management.azure.com/subscriptions/00000000-0000-0000-0000-000000000000/resourcegroups/cli_test_vm_secrets000001/providers/Microsoft.Resources/deployments/mock-deployment/operationStatuses/08586299300832907165?api-version=2019-07-01
  response:
    body:
      string: '{"status":"Running"}'
    headers:
      cache-control:
      - no-cache
      content-length:
      - '20'
      content-type:
      - application/json; charset=utf-8
      date:
      - Mon, 21 Oct 2019 16:54:31 GMT
      expires:
      - '-1'
      pragma:
      - no-cache
      strict-transport-security:
      - max-age=31536000; includeSubDomains
      vary:
      - Accept-Encoding
      x-content-type-options:
      - nosniff
    status:
      code: 200
      message: OK
- request:
    body: null
    headers:
      Accept:
      - application/json
      Accept-Encoding:
      - gzip, deflate
      CommandName:
      - vm create
      Connection:
      - keep-alive
      ParameterSetName:
      - -g -n --image --generate-ssh-keys --admin-username
      User-Agent:
      - python/3.7.4 (Windows-10-10.0.18362-SP0) msrest/0.6.10 msrest_azure/0.6.2
        azure-mgmt-resource/4.0.0 Azure-SDK-For-Python AZURECLI/2.0.75
    method: GET
    uri: https://management.azure.com/subscriptions/00000000-0000-0000-0000-000000000000/resourcegroups/cli_test_vm_secrets000001/providers/Microsoft.Resources/deployments/mock-deployment/operationStatuses/08586299300832907165?api-version=2019-07-01
  response:
    body:
      string: '{"status":"Running"}'
    headers:
      cache-control:
      - no-cache
      content-length:
      - '20'
      content-type:
      - application/json; charset=utf-8
      date:
      - Mon, 21 Oct 2019 16:55:02 GMT
      expires:
      - '-1'
      pragma:
      - no-cache
      strict-transport-security:
      - max-age=31536000; includeSubDomains
      vary:
      - Accept-Encoding
      x-content-type-options:
      - nosniff
    status:
      code: 200
      message: OK
- request:
    body: null
    headers:
      Accept:
      - application/json
      Accept-Encoding:
      - gzip, deflate
      CommandName:
      - vm create
      Connection:
      - keep-alive
      ParameterSetName:
      - -g -n --image --generate-ssh-keys --admin-username
      User-Agent:
      - python/3.7.4 (Windows-10-10.0.18362-SP0) msrest/0.6.10 msrest_azure/0.6.2
        azure-mgmt-resource/4.0.0 Azure-SDK-For-Python AZURECLI/2.0.75
    method: GET
    uri: https://management.azure.com/subscriptions/00000000-0000-0000-0000-000000000000/resourcegroups/cli_test_vm_secrets000001/providers/Microsoft.Resources/deployments/mock-deployment/operationStatuses/08586299300832907165?api-version=2019-07-01
  response:
    body:
      string: '{"status":"Running"}'
    headers:
      cache-control:
      - no-cache
      content-length:
      - '20'
      content-type:
      - application/json; charset=utf-8
      date:
      - Mon, 21 Oct 2019 16:55:33 GMT
      expires:
      - '-1'
      pragma:
      - no-cache
      strict-transport-security:
      - max-age=31536000; includeSubDomains
      vary:
      - Accept-Encoding
      x-content-type-options:
      - nosniff
    status:
      code: 200
      message: OK
- request:
    body: null
    headers:
      Accept:
      - application/json
      Accept-Encoding:
      - gzip, deflate
      CommandName:
      - vm create
      Connection:
      - keep-alive
      ParameterSetName:
      - -g -n --image --generate-ssh-keys --admin-username
      User-Agent:
      - python/3.7.4 (Windows-10-10.0.18362-SP0) msrest/0.6.10 msrest_azure/0.6.2
        azure-mgmt-resource/4.0.0 Azure-SDK-For-Python AZURECLI/2.0.75
    method: GET
    uri: https://management.azure.com/subscriptions/00000000-0000-0000-0000-000000000000/resourcegroups/cli_test_vm_secrets000001/providers/Microsoft.Resources/deployments/mock-deployment/operationStatuses/08586299300832907165?api-version=2019-07-01
  response:
    body:
      string: '{"status":"Running"}'
    headers:
      cache-control:
      - no-cache
      content-length:
      - '20'
      content-type:
      - application/json; charset=utf-8
      date:
      - Mon, 21 Oct 2019 16:56:06 GMT
      expires:
      - '-1'
      pragma:
      - no-cache
      strict-transport-security:
      - max-age=31536000; includeSubDomains
      vary:
      - Accept-Encoding
      x-content-type-options:
      - nosniff
    status:
      code: 200
      message: OK
- request:
    body: null
    headers:
      Accept:
      - application/json
      Accept-Encoding:
      - gzip, deflate
      CommandName:
      - vm create
      Connection:
      - keep-alive
      ParameterSetName:
      - -g -n --image --generate-ssh-keys --admin-username
      User-Agent:
      - python/3.7.4 (Windows-10-10.0.18362-SP0) msrest/0.6.10 msrest_azure/0.6.2
        azure-mgmt-resource/4.0.0 Azure-SDK-For-Python AZURECLI/2.0.75
    method: GET
    uri: https://management.azure.com/subscriptions/00000000-0000-0000-0000-000000000000/resourcegroups/cli_test_vm_secrets000001/providers/Microsoft.Resources/deployments/mock-deployment/operationStatuses/08586299300832907165?api-version=2019-07-01
  response:
    body:
      string: '{"status":"Succeeded"}'
    headers:
      cache-control:
      - no-cache
      content-length:
      - '22'
      content-type:
      - application/json; charset=utf-8
      date:
      - Mon, 21 Oct 2019 16:56:38 GMT
      expires:
      - '-1'
      pragma:
      - no-cache
      strict-transport-security:
      - max-age=31536000; includeSubDomains
      vary:
      - Accept-Encoding
      x-content-type-options:
      - nosniff
    status:
      code: 200
      message: OK
- request:
    body: null
    headers:
      Accept:
      - application/json
      Accept-Encoding:
      - gzip, deflate
      CommandName:
      - vm create
      Connection:
      - keep-alive
      ParameterSetName:
      - -g -n --image --generate-ssh-keys --admin-username
      User-Agent:
      - python/3.7.4 (Windows-10-10.0.18362-SP0) msrest/0.6.10 msrest_azure/0.6.2
        azure-mgmt-resource/4.0.0 Azure-SDK-For-Python AZURECLI/2.0.75
    method: GET
    uri: https://management.azure.com/subscriptions/00000000-0000-0000-0000-000000000000/resourcegroups/cli_test_vm_secrets000001/providers/Microsoft.Resources/deployments/mock-deployment?api-version=2019-07-01
  response:
    body:
      string: '{"id":"/subscriptions/00000000-0000-0000-0000-000000000000/resourceGroups/cli_test_vm_secrets000001/providers/Microsoft.Resources/deployments/vm_deploy_P1CMvgGjb41oB1U3gRMN2ZPfdrDumvDs","name":"vm_deploy_P1CMvgGjb41oB1U3gRMN2ZPfdrDumvDs","type":"Microsoft.Resources/deployments","properties":{"templateHash":"3958478280674057403","parameters":{},"mode":"Incremental","provisioningState":"Succeeded","timestamp":"2019-10-21T16:56:28.4215289Z","duration":"PT3M6.2345139S","correlationId":"7c0150d7-6f8e-4ea3-933f-49a87ba229ae","providers":[{"namespace":"Microsoft.Network","resourceTypes":[{"resourceType":"virtualNetworks","locations":["westus"]},{"resourceType":"networkSecurityGroups","locations":["westus"]},{"resourceType":"publicIPAddresses","locations":["westus"]},{"resourceType":"networkInterfaces","locations":["westus"]}]},{"namespace":"Microsoft.Compute","resourceTypes":[{"resourceType":"virtualMachines","locations":["westus"]}]}],"dependencies":[{"dependsOn":[{"id":"/subscriptions/00000000-0000-0000-0000-000000000000/resourceGroups/cli_test_vm_secrets000001/providers/Microsoft.Network/virtualNetworks/vm1VNET","resourceType":"Microsoft.Network/virtualNetworks","resourceName":"vm1VNET"},{"id":"/subscriptions/00000000-0000-0000-0000-000000000000/resourceGroups/cli_test_vm_secrets000001/providers/Microsoft.Network/networkSecurityGroups/vm1NSG","resourceType":"Microsoft.Network/networkSecurityGroups","resourceName":"vm1NSG"},{"id":"/subscriptions/00000000-0000-0000-0000-000000000000/resourceGroups/cli_test_vm_secrets000001/providers/Microsoft.Network/publicIPAddresses/vm1PublicIP","resourceType":"Microsoft.Network/publicIPAddresses","resourceName":"vm1PublicIP"}],"id":"/subscriptions/00000000-0000-0000-0000-000000000000/resourceGroups/cli_test_vm_secrets000001/providers/Microsoft.Network/networkInterfaces/vm1VMNic","resourceType":"Microsoft.Network/networkInterfaces","resourceName":"vm1VMNic"},{"dependsOn":[{"id":"/subscriptions/00000000-0000-0000-0000-000000000000/resourceGroups/cli_test_vm_secrets000001/providers/Microsoft.Network/networkInterfaces/vm1VMNic","resourceType":"Microsoft.Network/networkInterfaces","resourceName":"vm1VMNic"}],"id":"/subscriptions/00000000-0000-0000-0000-000000000000/resourceGroups/cli_test_vm_secrets000001/providers/Microsoft.Compute/virtualMachines/vm1","resourceType":"Microsoft.Compute/virtualMachines","resourceName":"vm1"}],"outputs":{},"outputResources":[{"id":"/subscriptions/00000000-0000-0000-0000-000000000000/resourceGroups/cli_test_vm_secrets000001/providers/Microsoft.Compute/virtualMachines/vm1"},{"id":"/subscriptions/00000000-0000-0000-0000-000000000000/resourceGroups/cli_test_vm_secrets000001/providers/Microsoft.Network/networkInterfaces/vm1VMNic"},{"id":"/subscriptions/00000000-0000-0000-0000-000000000000/resourceGroups/cli_test_vm_secrets000001/providers/Microsoft.Network/networkSecurityGroups/vm1NSG"},{"id":"/subscriptions/00000000-0000-0000-0000-000000000000/resourceGroups/cli_test_vm_secrets000001/providers/Microsoft.Network/publicIPAddresses/vm1PublicIP"},{"id":"/subscriptions/00000000-0000-0000-0000-000000000000/resourceGroups/cli_test_vm_secrets000001/providers/Microsoft.Network/virtualNetworks/vm1VNET"}]}}'
    headers:
      cache-control:
      - no-cache
      content-length:
      - '3808'
      content-type:
      - application/json; charset=utf-8
      date:
      - Mon, 21 Oct 2019 16:56:39 GMT
      expires:
      - '-1'
      pragma:
      - no-cache
      strict-transport-security:
      - max-age=31536000; includeSubDomains
      vary:
      - Accept-Encoding
      x-content-type-options:
      - nosniff
    status:
      code: 200
      message: OK
- request:
    body: null
    headers:
      Accept:
      - application/json
      Accept-Encoding:
      - gzip, deflate
      CommandName:
      - vm create
      Connection:
      - keep-alive
      ParameterSetName:
      - -g -n --image --generate-ssh-keys --admin-username
      User-Agent:
      - python/3.7.4 (Windows-10-10.0.18362-SP0) msrest/0.6.10 msrest_azure/0.6.2
        azure-mgmt-compute/8.0.0 Azure-SDK-For-Python AZURECLI/2.0.75
      accept-language:
      - en-US
    method: GET
    uri: https://management.azure.com/subscriptions/00000000-0000-0000-0000-000000000000/resourceGroups/cli_test_vm_secrets000001/providers/Microsoft.Compute/virtualMachines/vm1?$expand=instanceView&api-version=2019-03-01
  response:
    body:
      string: "{\r\n  \"name\": \"vm1\",\r\n  \"id\": \"/subscriptions/00000000-0000-0000-0000-000000000000/resourceGroups/cli_test_vm_secrets000001/providers/Microsoft.Compute/virtualMachines/vm1\",\r\n
        \ \"type\": \"Microsoft.Compute/virtualMachines\",\r\n  \"location\": \"westus\",\r\n
        \ \"tags\": {},\r\n  \"properties\": {\r\n    \"vmId\": \"2bdc9e0c-4d6e-46e3-b5a5-8b37d21430c4\",\r\n
        \   \"hardwareProfile\": {\r\n      \"vmSize\": \"Standard_DS1_v2\"\r\n    },\r\n
        \   \"storageProfile\": {\r\n      \"imageReference\": {\r\n        \"publisher\":
        \"RedHat\",\r\n        \"offer\": \"RHEL\",\r\n        \"sku\": \"7-LVM\",\r\n
        \       \"version\": \"latest\"\r\n      },\r\n      \"osDisk\": {\r\n        \"osType\":
        \"Linux\",\r\n        \"name\": \"vm1_OsDisk_1_6a24539409bf475394788e31bce4dd62\",\r\n
        \       \"createOption\": \"FromImage\",\r\n        \"caching\": \"ReadWrite\",\r\n
        \       \"managedDisk\": {\r\n          \"storageAccountType\": \"Premium_LRS\",\r\n
        \         \"id\": \"/subscriptions/00000000-0000-0000-0000-000000000000/resourceGroups/cli_test_vm_secrets000001/providers/Microsoft.Compute/disks/vm1_OsDisk_1_6a24539409bf475394788e31bce4dd62\"\r\n
        \       },\r\n        \"diskSizeGB\": 64\r\n      },\r\n      \"dataDisks\":
        []\r\n    },\r\n    \"osProfile\": {\r\n      \"computerName\": \"vm1\",\r\n
        \     \"adminUsername\": \"rheladmin\",\r\n      \"linuxConfiguration\": {\r\n
        \       \"disablePasswordAuthentication\": true,\r\n        \"ssh\": {\r\n
        \         \"publicKeys\": [\r\n            {\r\n              \"path\": \"/home/rheladmin/.ssh/authorized_keys\",\r\n
        \             \"keyData\": \"ssh-rsa AAAAB3NzaC1yc2EAAAADAQABAAABAQC86Jgk+Wp0JneEvsoZMG3PIL/zMJIbuY+r3xakXOZ8thq9gOQVgxSLdwUELhPy1iekWGsoGrvQIMEb22upTPG/9VaulCAVXfZnIetNUlId5DNAxOiyvOMEIqhPuxIOce0KKeGnCMkfPGzXrT3hqg8mSU8xW4cDNKJGikpPLMTX+O8V0QptnO5n7E4vH3zPOWuH9Xf0D2uTc6Z8JUFIljy1LfmvJkAitEsPWBott4k4JtxueODbNB+RaQT/p4FUGcxKMObAgQw0jJWKoZTylQOi0xtOOBKAS19+bXwo8AMOoUOB+8CHDX+3okZI3thHN7C1oL7qm6pfHdgvNrt1sPFl\"\r\n
        \           }\r\n          ]\r\n        },\r\n        \"provisionVMAgent\":
        true\r\n      },\r\n      \"secrets\": [],\r\n      \"allowExtensionOperations\":
        true,\r\n      \"requireGuestProvisionSignal\": true\r\n    },\r\n    \"networkProfile\":
        {\"networkInterfaces\":[{\"id\":\"/subscriptions/00000000-0000-0000-0000-000000000000/resourceGroups/cli_test_vm_secrets000001/providers/Microsoft.Network/networkInterfaces/vm1VMNic\"}]},\r\n
        \   \"provisioningState\": \"Succeeded\",\r\n    \"instanceView\": {\r\n      \"computerName\":
        \"vm1\",\r\n      \"osName\": \"redhat\",\r\n      \"osVersion\": \"7.7\",\r\n
        \     \"vmAgent\": {\r\n        \"vmAgentVersion\": \"2.2.42\",\r\n        \"statuses\":
        [\r\n          {\r\n            \"code\": \"ProvisioningState/succeeded\",\r\n
        \           \"level\": \"Info\",\r\n            \"displayStatus\": \"Ready\",\r\n
        \           \"message\": \"Guest Agent is running\",\r\n            \"time\":
        \"2019-10-21T16:56:43+00:00\"\r\n          }\r\n        ],\r\n        \"extensionHandlers\":
        []\r\n      },\r\n      \"disks\": [\r\n        {\r\n          \"name\": \"vm1_OsDisk_1_6a24539409bf475394788e31bce4dd62\",\r\n
        \         \"statuses\": [\r\n            {\r\n              \"code\": \"ProvisioningState/succeeded\",\r\n
        \             \"level\": \"Info\",\r\n              \"displayStatus\": \"Provisioning
        succeeded\",\r\n              \"time\": \"2019-10-21T16:55:24.9000376+00:00\"\r\n
        \           }\r\n          ]\r\n        }\r\n      ],\r\n      \"hyperVGeneration\":
        \"V1\",\r\n      \"statuses\": [\r\n        {\r\n          \"code\": \"ProvisioningState/succeeded\",\r\n
        \         \"level\": \"Info\",\r\n          \"displayStatus\": \"Provisioning
        succeeded\",\r\n          \"time\": \"2019-10-21T16:56:23.9471841+00:00\"\r\n
        \       },\r\n        {\r\n          \"code\": \"PowerState/running\",\r\n
        \         \"level\": \"Info\",\r\n          \"displayStatus\": \"VM running\"\r\n
        \       }\r\n      ]\r\n    }\r\n  }\r\n}"
    headers:
      cache-control:
      - no-cache
      content-length:
      - '3691'
      content-type:
      - application/json; charset=utf-8
      date:
      - Mon, 21 Oct 2019 16:56:45 GMT
      expires:
      - '-1'
      pragma:
      - no-cache
      server:
      - Microsoft-HTTPAPI/2.0
      - Microsoft-HTTPAPI/2.0
      strict-transport-security:
      - max-age=31536000; includeSubDomains
      transfer-encoding:
      - chunked
      vary:
      - Accept-Encoding
      x-content-type-options:
      - nosniff
      x-ms-ratelimit-remaining-resource:
      - Microsoft.Compute/LowCostGet3Min;3974,Microsoft.Compute/LowCostGet30Min;31874
    status:
      code: 200
      message: OK
- request:
    body: null
    headers:
      Accept:
      - application/json
      Accept-Encoding:
      - gzip, deflate
      CommandName:
      - vm create
      Connection:
      - keep-alive
      ParameterSetName:
      - -g -n --image --generate-ssh-keys --admin-username
      User-Agent:
      - python/3.7.4 (Windows-10-10.0.18362-SP0) msrest/0.6.10 msrest_azure/0.6.2
        azure-mgmt-network/6.0.0 Azure-SDK-For-Python AZURECLI/2.0.75
      accept-language:
      - en-US
    method: GET
    uri: https://management.azure.com/subscriptions/00000000-0000-0000-0000-000000000000/resourceGroups/cli_test_vm_secrets000001/providers/Microsoft.Network/networkInterfaces/vm1VMNic?api-version=2018-01-01
  response:
    body:
      string: "{\r\n  \"name\": \"vm1VMNic\",\r\n  \"id\": \"/subscriptions/00000000-0000-0000-0000-000000000000/resourceGroups/cli_test_vm_secrets000001/providers/Microsoft.Network/networkInterfaces/vm1VMNic\",\r\n
        \ \"etag\": \"W/\\\"8be49bca-f16f-4817-b671-5f56fbaa68e9\\\"\",\r\n  \"location\":
        \"westus\",\r\n  \"tags\": {},\r\n  \"properties\": {\r\n    \"provisioningState\":
        \"Succeeded\",\r\n    \"resourceGuid\": \"8dffe549-5e88-4e55-887f-864b1a3feb54\",\r\n
        \   \"ipConfigurations\": [\r\n      {\r\n        \"name\": \"ipconfigvm1\",\r\n
        \       \"id\": \"/subscriptions/00000000-0000-0000-0000-000000000000/resourceGroups/cli_test_vm_secrets000001/providers/Microsoft.Network/networkInterfaces/vm1VMNic/ipConfigurations/ipconfigvm1\",\r\n
        \       \"etag\": \"W/\\\"8be49bca-f16f-4817-b671-5f56fbaa68e9\\\"\",\r\n
        \       \"type\": \"Microsoft.Network/networkInterfaces/ipConfigurations\",\r\n
        \       \"properties\": {\r\n          \"provisioningState\": \"Succeeded\",\r\n
        \         \"privateIPAddress\": \"10.0.0.4\",\r\n          \"privateIPAllocationMethod\":
        \"Dynamic\",\r\n          \"publicIPAddress\": {\r\n            \"id\": \"/subscriptions/00000000-0000-0000-0000-000000000000/resourceGroups/cli_test_vm_secrets000001/providers/Microsoft.Network/publicIPAddresses/vm1PublicIP\"\r\n
        \         },\r\n          \"subnet\": {\r\n            \"id\": \"/subscriptions/00000000-0000-0000-0000-000000000000/resourceGroups/cli_test_vm_secrets000001/providers/Microsoft.Network/virtualNetworks/vm1VNET/subnets/vm1Subnet\"\r\n
        \         },\r\n          \"primary\": true,\r\n          \"privateIPAddressVersion\":
        \"IPv4\"\r\n        }\r\n      }\r\n    ],\r\n    \"dnsSettings\": {\r\n      \"dnsServers\":
        [],\r\n      \"appliedDnsServers\": [],\r\n      \"internalDomainNameSuffix\":
        \"55qlbzvhndru3hqpdoog4ybydb.dx.internal.cloudapp.net\"\r\n    },\r\n    \"macAddress\":
        \"00-0D-3A-30-E8-71\",\r\n    \"enableAcceleratedNetworking\": false,\r\n
        \   \"enableIPForwarding\": false,\r\n    \"networkSecurityGroup\": {\r\n
        \     \"id\": \"/subscriptions/00000000-0000-0000-0000-000000000000/resourceGroups/cli_test_vm_secrets000001/providers/Microsoft.Network/networkSecurityGroups/vm1NSG\"\r\n
        \   },\r\n    \"primary\": true,\r\n    \"virtualMachine\": {\r\n      \"id\":
        \"/subscriptions/00000000-0000-0000-0000-000000000000/resourceGroups/cli_test_vm_secrets000001/providers/Microsoft.Compute/virtualMachines/vm1\"\r\n
        \   }\r\n  },\r\n  \"type\": \"Microsoft.Network/networkInterfaces\"\r\n}"
    headers:
      cache-control:
      - no-cache
      content-length:
      - '2568'
      content-type:
      - application/json; charset=utf-8
      date:
      - Mon, 21 Oct 2019 16:56:50 GMT
      etag:
      - W/"8be49bca-f16f-4817-b671-5f56fbaa68e9"
      expires:
      - '-1'
      pragma:
      - no-cache
      server:
      - Microsoft-HTTPAPI/2.0
      - Microsoft-HTTPAPI/2.0
      strict-transport-security:
      - max-age=31536000; includeSubDomains
      transfer-encoding:
      - chunked
      vary:
      - Accept-Encoding
      x-content-type-options:
      - nosniff
      x-ms-arm-service-request-id:
      - 854faf70-abd9-4fcc-a3df-c32920892f7b
    status:
      code: 200
      message: OK
- request:
    body: null
    headers:
      Accept:
      - application/json
      Accept-Encoding:
      - gzip, deflate
      CommandName:
      - vm create
      Connection:
      - keep-alive
      ParameterSetName:
      - -g -n --image --generate-ssh-keys --admin-username
      User-Agent:
      - python/3.7.4 (Windows-10-10.0.18362-SP0) msrest/0.6.10 msrest_azure/0.6.2
        azure-mgmt-network/6.0.0 Azure-SDK-For-Python AZURECLI/2.0.75
      accept-language:
      - en-US
    method: GET
    uri: https://management.azure.com/subscriptions/00000000-0000-0000-0000-000000000000/resourceGroups/cli_test_vm_secrets000001/providers/Microsoft.Network/publicIPAddresses/vm1PublicIP?api-version=2018-01-01
  response:
    body:
      string: "{\r\n  \"name\": \"vm1PublicIP\",\r\n  \"id\": \"/subscriptions/00000000-0000-0000-0000-000000000000/resourceGroups/cli_test_vm_secrets000001/providers/Microsoft.Network/publicIPAddresses/vm1PublicIP\",\r\n
        \ \"etag\": \"W/\\\"19594d13-6e5a-4360-8b9d-ca5edc9337aa\\\"\",\r\n  \"location\":
        \"westus\",\r\n  \"tags\": {},\r\n  \"properties\": {\r\n    \"provisioningState\":
        \"Succeeded\",\r\n    \"resourceGuid\": \"bd82de1e-1ac0-4955-b6b5-a67d2b036521\",\r\n
        \   \"ipAddress\": \"40.118.231.202\",\r\n    \"publicIPAddressVersion\":
        \"IPv4\",\r\n    \"publicIPAllocationMethod\": \"Dynamic\",\r\n    \"idleTimeoutInMinutes\":
        4,\r\n    \"ipTags\": [],\r\n    \"ipConfiguration\": {\r\n      \"id\": \"/subscriptions/00000000-0000-0000-0000-000000000000/resourceGroups/cli_test_vm_secrets000001/providers/Microsoft.Network/networkInterfaces/vm1VMNic/ipConfigurations/ipconfigvm1\"\r\n
        \   }\r\n  },\r\n  \"type\": \"Microsoft.Network/publicIPAddresses\",\r\n
        \ \"sku\": {\r\n    \"name\": \"Basic\",\r\n    \"tier\": \"Regional\"\r\n
        \ }\r\n}"
    headers:
      cache-control:
      - no-cache
      content-length:
      - '1023'
      content-type:
      - application/json; charset=utf-8
      date:
      - Mon, 21 Oct 2019 16:56:52 GMT
      etag:
      - W/"19594d13-6e5a-4360-8b9d-ca5edc9337aa"
      expires:
      - '-1'
      pragma:
      - no-cache
      server:
      - Microsoft-HTTPAPI/2.0
      - Microsoft-HTTPAPI/2.0
      strict-transport-security:
      - max-age=31536000; includeSubDomains
      transfer-encoding:
      - chunked
      vary:
      - Accept-Encoding
      x-content-type-options:
      - nosniff
      x-ms-arm-service-request-id:
      - f6d37f63-8e42-4fdb-82b8-0ae62b6eb355
    status:
      code: 200
      message: OK
- request:
    body: ''
    headers:
      Accept:
      - application/json
      Accept-Encoding:
      - gzip, deflate
      Connection:
      - keep-alive
      Content-Length:
      - 0
      Content-Type:
      - application/json; charset=utf-8
      User-Agent:
      - python/3.7.4 (Windows-10-10.0.18362-SP0) msrest/0.6.10 msrest_azure/0.6.2
        azure-keyvault/7.0 Azure-SDK-For-Python
      accept-language:
      - en-US
    method: POST
    uri: https://vmsecretkv000002.vault.azure.net/certificates/vm-secrt-cert/create?api-version=7.0
  response:
    body:
      string: '{"error":{"code":"Unauthorized","message":"Request is missing a Bearer
        or PoP token."}}'
    headers:
      cache-control:
      - no-cache
      content-length:
      - '87'
      content-type:
      - application/json; charset=utf-8
      date:
      - Mon, 21 Oct 2019 16:57:57 GMT
      expires:
      - '-1'
      pragma:
      - no-cache
      server:
      - Microsoft-IIS/10.0
      strict-transport-security:
      - max-age=31536000;includeSubDomains
      www-authenticate:
      - Bearer authorization="https://login.windows.net/54826b22-38d6-4fb2-bad9-b7b93a3e9c5a",
        resource="https://vault.azure.net"
      x-aspnet-version:
      - 4.0.30319
      x-content-type-options:
      - nosniff
      x-ms-keyvault-network-info:
      - addr=167.220.255.115;act_addr_fam=InterNetwork;
      x-ms-keyvault-region:
      - westus
      x-ms-keyvault-service-version:
      - 1.1.0.879
      x-powered-by:
      - ASP.NET
    status:
      code: 401
      message: Unauthorized
- request:
    body: '{"policy": {"key_props": {"exportable": true, "kty": "RSA", "key_size":
      2048, "reuse_key": false}, "secret_props": {"contentType": "application/x-pkcs12"},
      "x509_props": {"subject": "C=US, ST=WA, L=Redmon, O=Test Noodle, OU=TestNugget,
      CN=www.mytestdomain.com", "key_usage": ["digitalSignature", "nonRepudiation",
      "keyEncipherment", "keyAgreement", "keyCertSign"], "validity_months": 60}, "lifetime_actions":
      [{"trigger": {"lifetime_percentage": 90}, "action": {"action_type": "AutoRenew"}}],
      "issuer": {"name": "Self"}, "attributes": {"enabled": true}}, "attributes":
      {"enabled": true}}'
    headers:
      Accept:
      - application/json
      Accept-Encoding:
      - gzip, deflate
      Connection:
      - keep-alive
      Content-Length:
      - '587'
      Content-Type:
      - application/json; charset=utf-8
      User-Agent:
      - python/3.7.4 (Windows-10-10.0.18362-SP0) msrest/0.6.10 msrest_azure/0.6.2
        azure-keyvault/7.0 Azure-SDK-For-Python
      accept-language:
      - en-US
    method: POST
    uri: https://vmsecretkv000002.vault.azure.net/certificates/vm-secrt-cert/create?api-version=7.0
  response:
    body:
      string: '{"id":"https://vmsecretkv000002.vault.azure.net/certificates/vm-secrt-cert/pending","issuer":{"name":"Self"},"csr":"MIIDBTCCAe0CAQAwdTEdMBsGA1UEAxMUd3d3Lm15dGVzdGRvbWFpbi5jb20xEzARBgNVBAsTClRlc3ROdWdnZXQxFDASBgNVBAoTC1Rlc3QgTm9vZGxlMQ8wDQYDVQQHEwZSZWRtb24xCzAJBgNVBAgTAldBMQswCQYDVQQGEwJVUzCCASIwDQYJKoZIhvcNAQEBBQADggEPADCCAQoCggEBALS5uR7owfudegbDF5gK+h7DaCaa6K5V+nIUxMJt4ggI4J6z0+OgeOsFUzXgwlaZoAthbHR74wF7mOKdW4BeOZifRQJkGkXnsoYdJyysqTxkQTzWmRPoB2T45xUUJhObmt3+tY3zy8PsYqXSRelkg50nfB8G8TFSQo73ndsKjYdsaXHNcFlIWsYegOPIn5HD2jN+1MH18970m/TED/0QmkfxJGUDg1Df6CwOkZCaCCMt1ujkChcHYXoxkCMpdZPre7WkzMvREIgj/kfxKNlihZ6jSm30FCi9QEBq4pwkpECwLKaFO06D+gH7RBTRhh6IE35rP/iLIveWtK6noGb69FcCAwEAAaBLMEkGCSqGSIb3DQEJDjE8MDowDgYDVR0PAQH/BAQDAgLsMB0GA1UdJQQWMBQGCCsGAQUFBwMBBggrBgEFBQcDAjAJBgNVHRMEAjAAMA0GCSqGSIb3DQEBCwUAA4IBAQAK/Wru5OWoyDVsK+Hs3bX7tQNhg24cPJPiazyMCZ/MI08s1DvSBH1WTGDXiIUxFU/vIq5AEWCvp9EFe68wdFSOWLkkTrShZmeCMnO+7/YB24vci8lCf2WJxXNZnRN11i8WVi9ECDiNn87GX+3uv66uJOS70SavrG8s2eighzdpSxVcULsMb7XE5e6xv7jpGdot/sLNSb5JJy7OfFztldaJoRXaUjzKiO326XUKBz7LVIHgULBII9OuOfP07Jiz7//nWm9m2D1Hp/r/YqlcEhXl9uxcycyLOQ9rLAFjToSlNNdHyVRFIMbEQNlj74u4lV7Pc4ZcWNiqqsYcz9kvHbFg","cancellation_requested":false,"status":"inProgress","status_details":"Pending
        certificate created. Certificate request is in progress. This may take some
        time based on the issuer provider. Please check again later.","request_id":"d14675d87b734ed9a462f770842e1818"}'
    headers:
      cache-control:
      - no-cache
      content-length:
      - '1423'
      content-type:
      - application/json; charset=utf-8
      date:
      - Mon, 21 Oct 2019 16:57:59 GMT
      expires:
      - '-1'
      location:
      - https://vmsecretkv000002.vault.azure.net/certificates/vm-secrt-cert/pending?api-version=7.0&request_id=d14675d87b734ed9a462f770842e1818
      pragma:
      - no-cache
      server:
      - Microsoft-IIS/10.0
      strict-transport-security:
      - max-age=31536000;includeSubDomains
      x-aspnet-version:
      - 4.0.30319
      x-content-type-options:
      - nosniff
      x-ms-keyvault-network-info:
      - addr=167.220.255.115;act_addr_fam=InterNetwork;
      x-ms-keyvault-region:
      - westus
      x-ms-keyvault-service-version:
      - 1.1.0.879
      x-powered-by:
      - ASP.NET
    status:
      code: 202
      message: Accepted
- request:
    body: null
    headers:
      Accept:
      - application/json
      Accept-Encoding:
      - gzip, deflate
      Connection:
      - keep-alive
      Content-Type:
      - application/json; charset=utf-8
      User-Agent:
      - python/3.7.4 (Windows-10-10.0.18362-SP0) msrest/0.6.10 msrest_azure/0.6.2
        azure-keyvault/7.0 Azure-SDK-For-Python
      accept-language:
      - en-US
    method: GET
    uri: https://vmsecretkv000002.vault.azure.net/certificates/vm-secrt-cert/pending?api-version=7.0
  response:
    body:
      string: '{"id":"https://vmsecretkv000002.vault.azure.net/certificates/vm-secrt-cert/pending","issuer":{"name":"Self"},"csr":"MIIDBTCCAe0CAQAwdTEdMBsGA1UEAxMUd3d3Lm15dGVzdGRvbWFpbi5jb20xEzARBgNVBAsTClRlc3ROdWdnZXQxFDASBgNVBAoTC1Rlc3QgTm9vZGxlMQ8wDQYDVQQHEwZSZWRtb24xCzAJBgNVBAgTAldBMQswCQYDVQQGEwJVUzCCASIwDQYJKoZIhvcNAQEBBQADggEPADCCAQoCggEBALS5uR7owfudegbDF5gK+h7DaCaa6K5V+nIUxMJt4ggI4J6z0+OgeOsFUzXgwlaZoAthbHR74wF7mOKdW4BeOZifRQJkGkXnsoYdJyysqTxkQTzWmRPoB2T45xUUJhObmt3+tY3zy8PsYqXSRelkg50nfB8G8TFSQo73ndsKjYdsaXHNcFlIWsYegOPIn5HD2jN+1MH18970m/TED/0QmkfxJGUDg1Df6CwOkZCaCCMt1ujkChcHYXoxkCMpdZPre7WkzMvREIgj/kfxKNlihZ6jSm30FCi9QEBq4pwkpECwLKaFO06D+gH7RBTRhh6IE35rP/iLIveWtK6noGb69FcCAwEAAaBLMEkGCSqGSIb3DQEJDjE8MDowDgYDVR0PAQH/BAQDAgLsMB0GA1UdJQQWMBQGCCsGAQUFBwMBBggrBgEFBQcDAjAJBgNVHRMEAjAAMA0GCSqGSIb3DQEBCwUAA4IBAQAK/Wru5OWoyDVsK+Hs3bX7tQNhg24cPJPiazyMCZ/MI08s1DvSBH1WTGDXiIUxFU/vIq5AEWCvp9EFe68wdFSOWLkkTrShZmeCMnO+7/YB24vci8lCf2WJxXNZnRN11i8WVi9ECDiNn87GX+3uv66uJOS70SavrG8s2eighzdpSxVcULsMb7XE5e6xv7jpGdot/sLNSb5JJy7OfFztldaJoRXaUjzKiO326XUKBz7LVIHgULBII9OuOfP07Jiz7//nWm9m2D1Hp/r/YqlcEhXl9uxcycyLOQ9rLAFjToSlNNdHyVRFIMbEQNlj74u4lV7Pc4ZcWNiqqsYcz9kvHbFg","cancellation_requested":false,"status":"inProgress","status_details":"Pending
        certificate created. Certificate request is in progress. This may take some
        time based on the issuer provider. Please check again later.","request_id":"d14675d87b734ed9a462f770842e1818"}'
    headers:
      cache-control:
      - no-cache
      content-length:
      - '1423'
      content-type:
      - application/json; charset=utf-8
      date:
      - Mon, 21 Oct 2019 16:58:04 GMT
      expires:
      - '-1'
      pragma:
      - no-cache
      server:
      - Microsoft-IIS/10.0
      strict-transport-security:
      - max-age=31536000;includeSubDomains
      x-aspnet-version:
      - 4.0.30319
      x-content-type-options:
      - nosniff
      x-ms-keyvault-network-info:
      - addr=167.220.255.115;act_addr_fam=InterNetwork;
      x-ms-keyvault-region:
      - westus
      x-ms-keyvault-service-version:
      - 1.1.0.879
      x-powered-by:
      - ASP.NET
    status:
      code: 200
      message: OK
- request:
    body: null
    headers:
      Accept:
      - application/json
      Accept-Encoding:
      - gzip, deflate
      Connection:
      - keep-alive
      Content-Type:
      - application/json; charset=utf-8
      User-Agent:
      - python/3.7.4 (Windows-10-10.0.18362-SP0) msrest/0.6.10 msrest_azure/0.6.2
        azure-keyvault/7.0 Azure-SDK-For-Python
      accept-language:
      - en-US
    method: GET
    uri: https://vmsecretkv000002.vault.azure.net/certificates/vm-secrt-cert/pending?api-version=7.0
  response:
    body:
      string: '{"id":"https://vmsecretkv000002.vault.azure.net/certificates/vm-secrt-cert/pending","issuer":{"name":"Self"},"csr":"MIIDBTCCAe0CAQAwdTEdMBsGA1UEAxMUd3d3Lm15dGVzdGRvbWFpbi5jb20xEzARBgNVBAsTClRlc3ROdWdnZXQxFDASBgNVBAoTC1Rlc3QgTm9vZGxlMQ8wDQYDVQQHEwZSZWRtb24xCzAJBgNVBAgTAldBMQswCQYDVQQGEwJVUzCCASIwDQYJKoZIhvcNAQEBBQADggEPADCCAQoCggEBALS5uR7owfudegbDF5gK+h7DaCaa6K5V+nIUxMJt4ggI4J6z0+OgeOsFUzXgwlaZoAthbHR74wF7mOKdW4BeOZifRQJkGkXnsoYdJyysqTxkQTzWmRPoB2T45xUUJhObmt3+tY3zy8PsYqXSRelkg50nfB8G8TFSQo73ndsKjYdsaXHNcFlIWsYegOPIn5HD2jN+1MH18970m/TED/0QmkfxJGUDg1Df6CwOkZCaCCMt1ujkChcHYXoxkCMpdZPre7WkzMvREIgj/kfxKNlihZ6jSm30FCi9QEBq4pwkpECwLKaFO06D+gH7RBTRhh6IE35rP/iLIveWtK6noGb69FcCAwEAAaBLMEkGCSqGSIb3DQEJDjE8MDowDgYDVR0PAQH/BAQDAgLsMB0GA1UdJQQWMBQGCCsGAQUFBwMBBggrBgEFBQcDAjAJBgNVHRMEAjAAMA0GCSqGSIb3DQEBCwUAA4IBAQAK/Wru5OWoyDVsK+Hs3bX7tQNhg24cPJPiazyMCZ/MI08s1DvSBH1WTGDXiIUxFU/vIq5AEWCvp9EFe68wdFSOWLkkTrShZmeCMnO+7/YB24vci8lCf2WJxXNZnRN11i8WVi9ECDiNn87GX+3uv66uJOS70SavrG8s2eighzdpSxVcULsMb7XE5e6xv7jpGdot/sLNSb5JJy7OfFztldaJoRXaUjzKiO326XUKBz7LVIHgULBII9OuOfP07Jiz7//nWm9m2D1Hp/r/YqlcEhXl9uxcycyLOQ9rLAFjToSlNNdHyVRFIMbEQNlj74u4lV7Pc4ZcWNiqqsYcz9kvHbFg","cancellation_requested":false,"status":"completed","target":"https://vmsecretkv000002.vault.azure.net/certificates/vm-secrt-cert","request_id":"d14675d87b734ed9a462f770842e1818"}'
    headers:
      cache-control:
      - no-cache
      content-length:
      - '1341'
      content-type:
      - application/json; charset=utf-8
      date:
      - Mon, 21 Oct 2019 16:58:18 GMT
      expires:
      - '-1'
      pragma:
      - no-cache
      server:
      - Microsoft-IIS/10.0
      strict-transport-security:
      - max-age=31536000;includeSubDomains
      x-aspnet-version:
      - 4.0.30319
      x-content-type-options:
      - nosniff
      x-ms-keyvault-network-info:
      - addr=167.220.255.115;act_addr_fam=InterNetwork;
      x-ms-keyvault-region:
      - westus
      x-ms-keyvault-service-version:
      - 1.1.0.879
      x-powered-by:
      - ASP.NET
    status:
      code: 200
      message: OK
- request:
    body: null
    headers:
      Accept:
      - application/json
      Accept-Encoding:
      - gzip, deflate
      CommandName:
      - vm secret add
      Connection:
      - keep-alive
      ParameterSetName:
      - -g -n --keyvault --certificate
      User-Agent:
      - python/3.7.4 (Windows-10-10.0.18362-SP0) msrest/0.6.10 msrest_azure/0.6.2
        azure-mgmt-compute/8.0.0 Azure-SDK-For-Python AZURECLI/2.0.75
      accept-language:
      - en-US
    method: GET
    uri: https://management.azure.com/subscriptions/00000000-0000-0000-0000-000000000000/resourceGroups/cli_test_vm_secrets000001/providers/Microsoft.Compute/virtualMachines/vm1?api-version=2019-03-01
  response:
    body:
      string: "{\r\n  \"name\": \"vm1\",\r\n  \"id\": \"/subscriptions/00000000-0000-0000-0000-000000000000/resourceGroups/cli_test_vm_secrets000001/providers/Microsoft.Compute/virtualMachines/vm1\",\r\n
        \ \"type\": \"Microsoft.Compute/virtualMachines\",\r\n  \"location\": \"westus\",\r\n
        \ \"tags\": {},\r\n  \"properties\": {\r\n    \"vmId\": \"2bdc9e0c-4d6e-46e3-b5a5-8b37d21430c4\",\r\n
        \   \"hardwareProfile\": {\r\n      \"vmSize\": \"Standard_DS1_v2\"\r\n    },\r\n
        \   \"storageProfile\": {\r\n      \"imageReference\": {\r\n        \"publisher\":
        \"RedHat\",\r\n        \"offer\": \"RHEL\",\r\n        \"sku\": \"7-LVM\",\r\n
        \       \"version\": \"latest\"\r\n      },\r\n      \"osDisk\": {\r\n        \"osType\":
        \"Linux\",\r\n        \"name\": \"vm1_OsDisk_1_6a24539409bf475394788e31bce4dd62\",\r\n
        \       \"createOption\": \"FromImage\",\r\n        \"caching\": \"ReadWrite\",\r\n
        \       \"managedDisk\": {\r\n          \"storageAccountType\": \"Premium_LRS\",\r\n
        \         \"id\": \"/subscriptions/00000000-0000-0000-0000-000000000000/resourceGroups/cli_test_vm_secrets000001/providers/Microsoft.Compute/disks/vm1_OsDisk_1_6a24539409bf475394788e31bce4dd62\"\r\n
        \       },\r\n        \"diskSizeGB\": 64\r\n      },\r\n      \"dataDisks\":
        []\r\n    },\r\n    \"osProfile\": {\r\n      \"computerName\": \"vm1\",\r\n
        \     \"adminUsername\": \"rheladmin\",\r\n      \"linuxConfiguration\": {\r\n
        \       \"disablePasswordAuthentication\": true,\r\n        \"ssh\": {\r\n
        \         \"publicKeys\": [\r\n            {\r\n              \"path\": \"/home/rheladmin/.ssh/authorized_keys\",\r\n
        \             \"keyData\": \"ssh-rsa AAAAB3NzaC1yc2EAAAADAQABAAABAQC86Jgk+Wp0JneEvsoZMG3PIL/zMJIbuY+r3xakXOZ8thq9gOQVgxSLdwUELhPy1iekWGsoGrvQIMEb22upTPG/9VaulCAVXfZnIetNUlId5DNAxOiyvOMEIqhPuxIOce0KKeGnCMkfPGzXrT3hqg8mSU8xW4cDNKJGikpPLMTX+O8V0QptnO5n7E4vH3zPOWuH9Xf0D2uTc6Z8JUFIljy1LfmvJkAitEsPWBott4k4JtxueODbNB+RaQT/p4FUGcxKMObAgQw0jJWKoZTylQOi0xtOOBKAS19+bXwo8AMOoUOB+8CHDX+3okZI3thHN7C1oL7qm6pfHdgvNrt1sPFl\"\r\n
        \           }\r\n          ]\r\n        },\r\n        \"provisionVMAgent\":
        true\r\n      },\r\n      \"secrets\": [],\r\n      \"allowExtensionOperations\":
        true,\r\n      \"requireGuestProvisionSignal\": true\r\n    },\r\n    \"networkProfile\":
        {\"networkInterfaces\":[{\"id\":\"/subscriptions/00000000-0000-0000-0000-000000000000/resourceGroups/cli_test_vm_secrets000001/providers/Microsoft.Network/networkInterfaces/vm1VMNic\"}]},\r\n
        \   \"provisioningState\": \"Succeeded\"\r\n  }\r\n}"
    headers:
      cache-control:
      - no-cache
      content-length:
      - '2401'
      content-type:
      - application/json; charset=utf-8
      date:
      - Mon, 21 Oct 2019 16:58:24 GMT
      expires:
      - '-1'
      pragma:
      - no-cache
      server:
      - Microsoft-HTTPAPI/2.0
      - Microsoft-HTTPAPI/2.0
      strict-transport-security:
      - max-age=31536000; includeSubDomains
      transfer-encoding:
      - chunked
      vary:
      - Accept-Encoding
      x-content-type-options:
      - nosniff
      x-ms-ratelimit-remaining-resource:
      - Microsoft.Compute/LowCostGet3Min;3975,Microsoft.Compute/LowCostGet30Min;31867
    status:
      code: 200
      message: OK
- request:
    body: null
    headers:
      Accept:
      - application/json
      Accept-Encoding:
      - gzip, deflate
      Connection:
      - keep-alive
      Content-Type:
      - application/json; charset=utf-8
      User-Agent:
      - python/3.7.4 (Windows-10-10.0.18362-SP0) msrest/0.6.10 msrest_azure/0.6.2
        azure-keyvault/7.0 Azure-SDK-For-Python
      accept-language:
      - en-US
    method: GET
    uri: https://vmsecretkv000002.vault.azure.net/certificates/vm-secrt-cert/?api-version=7.0
  response:
    body:
      string: '{"id":"https://vmsecretkv000002.vault.azure.net/certificates/vm-secrt-cert/186f9c9d678e44588003f91c108d357b","kid":"https://vmsecretkv000002.vault.azure.net/keys/vm-secrt-cert/186f9c9d678e44588003f91c108d357b","sid":"https://vmsecretkv000002.vault.azure.net/secrets/vm-secrt-cert/186f9c9d678e44588003f91c108d357b","x5t":"5eyEwyBwT5vCLWIDKxVddvfUOE4","cer":"MIID8DCCAtigAwIBAgIQfAjtqEUITYer06dSXNQf9jANBgkqhkiG9w0BAQsFADB1MR0wGwYDVQQDExR3d3cubXl0ZXN0ZG9tYWluLmNvbTETMBEGA1UECxMKVGVzdE51Z2dldDEUMBIGA1UEChMLVGVzdCBOb29kbGUxDzANBgNVBAcTBlJlZG1vbjELMAkGA1UECBMCV0ExCzAJBgNVBAYTAlVTMB4XDTE5MTAyMTE2NDgxMVoXDTI0MTAyMTE2NTgxMVowdTEdMBsGA1UEAxMUd3d3Lm15dGVzdGRvbWFpbi5jb20xEzARBgNVBAsTClRlc3ROdWdnZXQxFDASBgNVBAoTC1Rlc3QgTm9vZGxlMQ8wDQYDVQQHEwZSZWRtb24xCzAJBgNVBAgTAldBMQswCQYDVQQGEwJVUzCCASIwDQYJKoZIhvcNAQEBBQADggEPADCCAQoCggEBALS5uR7owfudegbDF5gK+h7DaCaa6K5V+nIUxMJt4ggI4J6z0+OgeOsFUzXgwlaZoAthbHR74wF7mOKdW4BeOZifRQJkGkXnsoYdJyysqTxkQTzWmRPoB2T45xUUJhObmt3+tY3zy8PsYqXSRelkg50nfB8G8TFSQo73ndsKjYdsaXHNcFlIWsYegOPIn5HD2jN+1MH18970m/TED/0QmkfxJGUDg1Df6CwOkZCaCCMt1ujkChcHYXoxkCMpdZPre7WkzMvREIgj/kfxKNlihZ6jSm30FCi9QEBq4pwkpECwLKaFO06D+gH7RBTRhh6IE35rP/iLIveWtK6noGb69FcCAwEAAaN8MHowDgYDVR0PAQH/BAQDAgLsMAkGA1UdEwQCMAAwHQYDVR0lBBYwFAYIKwYBBQUHAwEGCCsGAQUFBwMCMB8GA1UdIwQYMBaAFKJnSmOpHFc5V9RGhl0NxIsHZW5UMB0GA1UdDgQWBBSiZ0pjqRxXOVfURoZdDcSLB2VuVDANBgkqhkiG9w0BAQsFAAOCAQEATPh06PKbr9e8SfqH2fPeQZppJYgBsjhudGU1u/x+eaFLt7bsaCVGsy6UtB2+8AU3h5HfQWWkhcsFbHtuC5g3ascvfXRZWrcb7lybj4RbeF3hK7s2b6oCUsJyvfVHpWnLTxv0sTvHtDm/GOL3fdX8YZ5uchsRCbWwksuLZrm7bjY3X3u7GfmonzcmMm9cfL5aBP7sDRE8NT3JaRhRC7MH1v4iPM3una+y9LR/LF3W10Icg2At42y7ObAXuG8Y1JjYGA6oF99toyfUyC4iNR/tIZVYGnS2Z54L4opAtfdpqdZWZQVxpeoPPMAvj40kZB5so/1j7h8SioedocBgyvqGYA==","attributes":{"enabled":true,"nbf":1571676491,"exp":1729529891,"created":1571677091,"updated":1571677091,"recoveryLevel":"Purgeable"},"policy":{"id":"https://vmsecretkv000002.vault.azure.net/certificates/vm-secrt-cert/policy","key_props":{"exportable":true,"kty":"RSA","key_size":2048,"reuse_key":false},"secret_props":{"contentType":"application/x-pkcs12"},"x509_props":{"subject":"C=US,
        ST=WA, L=Redmon, O=Test Noodle, OU=TestNugget, CN=www.mytestdomain.com","ekus":["1.3.6.1.5.5.7.3.1","1.3.6.1.5.5.7.3.2"],"key_usage":["digitalSignature","keyAgreement","keyCertSign","keyEncipherment","nonRepudiation"],"validity_months":60,"basic_constraints":{"ca":false}},"lifetime_actions":[{"trigger":{"lifetime_percentage":90},"action":{"action_type":"AutoRenew"}}],"issuer":{"name":"Self"},"attributes":{"enabled":true,"created":1571677079,"updated":1571677079}},"pending":{"id":"https://vmsecretkv000002.vault.azure.net/certificates/vm-secrt-cert/pending"}}'
    headers:
      cache-control:
      - no-cache
      content-length:
      - '2683'
      content-type:
      - application/json; charset=utf-8
      date:
      - Mon, 21 Oct 2019 16:58:29 GMT
      expires:
      - '-1'
      pragma:
      - no-cache
      server:
      - Microsoft-IIS/10.0
      strict-transport-security:
      - max-age=31536000;includeSubDomains
      x-aspnet-version:
      - 4.0.30319
      x-content-type-options:
      - nosniff
      x-ms-keyvault-network-info:
      - addr=167.220.255.115;act_addr_fam=InterNetwork;
      x-ms-keyvault-region:
      - westus
      x-ms-keyvault-service-version:
      - 1.1.0.879
      x-powered-by:
      - ASP.NET
    status:
      code: 200
      message: OK
- request:
    body: 'b''{"location": "westus", "tags": {}, "properties": {"hardwareProfile":
      {"vmSize": "Standard_DS1_v2"}, "storageProfile": {"imageReference": {"publisher":
      "RedHat", "offer": "RHEL", "sku": "7-LVM", "version": "latest"}, "osDisk": {"osType":
      "Linux", "name": "vm1_OsDisk_1_6a24539409bf475394788e31bce4dd62", "caching":
      "ReadWrite", "createOption": "FromImage", "diskSizeGB": 64, "managedDisk": {"id":
      "/subscriptions/00000000-0000-0000-0000-000000000000/resourceGroups/cli_test_vm_secrets000001/providers/Microsoft.Compute/disks/vm1_OsDisk_1_6a24539409bf475394788e31bce4dd62",
      "storageAccountType": "Premium_LRS"}}, "dataDisks": []}, "osProfile": {"computerName":
      "vm1", "adminUsername": "rheladmin", "linuxConfiguration": {"disablePasswordAuthentication":
      true, "ssh": {"publicKeys": [{"path": "/home/rheladmin/.ssh/authorized_keys",
      "keyData": "ssh-rsa AAAAB3NzaC1yc2EAAAADAQABAAABAQC86Jgk+Wp0JneEvsoZMG3PIL/zMJIbuY+r3xakXOZ8thq9gOQVgxSLdwUELhPy1iekWGsoGrvQIMEb22upTPG/9VaulCAVXfZnIetNUlId5DNAxOiyvOMEIqhPuxIOce0KKeGnCMkfPGzXrT3hqg8mSU8xW4cDNKJGikpPLMTX+O8V0QptnO5n7E4vH3zPOWuH9Xf0D2uTc6Z8JUFIljy1LfmvJkAitEsPWBott4k4JtxueODbNB+RaQT/p4FUGcxKMObAgQw0jJWKoZTylQOi0xtOOBKAS19+bXwo8AMOoUOB+8CHDX+3okZI3thHN7C1oL7qm6pfHdgvNrt1sPFl"}]},
      "provisionVMAgent": true}, "secrets": [{"sourceVault": {"id": "/subscriptions/00000000-0000-0000-0000-000000000000/resourceGroups/cli_test_vm_secrets000001/providers/Microsoft.KeyVault/vaults/vmsecretkv000002"},
      "vaultCertificates": [{"certificateUrl": "https://vmsecretkv000002.vault.azure.net/secrets/vm-secrt-cert/186f9c9d678e44588003f91c108d357b"}]}],
      "allowExtensionOperations": true}, "networkProfile": {"networkInterfaces": [{"id":
      "/subscriptions/00000000-0000-0000-0000-000000000000/resourceGroups/cli_test_vm_secrets000001/providers/Microsoft.Network/networkInterfaces/vm1VMNic"}]}}}'''
    headers:
      Accept:
      - application/json
      Accept-Encoding:
      - gzip, deflate
      CommandName:
      - vm secret add
      Connection:
      - keep-alive
      Content-Length:
      - '1979'
      Content-Type:
      - application/json; charset=utf-8
      ParameterSetName:
      - -g -n --keyvault --certificate
      User-Agent:
      - python/3.7.4 (Windows-10-10.0.18362-SP0) msrest/0.6.10 msrest_azure/0.6.2
        azure-mgmt-compute/8.0.0 Azure-SDK-For-Python AZURECLI/2.0.75
      accept-language:
      - en-US
    method: PUT
    uri: https://management.azure.com/subscriptions/00000000-0000-0000-0000-000000000000/resourceGroups/cli_test_vm_secrets000001/providers/Microsoft.Compute/virtualMachines/vm1?api-version=2019-03-01
  response:
    body:
      string: "{\r\n  \"name\": \"vm1\",\r\n  \"id\": \"/subscriptions/00000000-0000-0000-0000-000000000000/resourceGroups/cli_test_vm_secrets000001/providers/Microsoft.Compute/virtualMachines/vm1\",\r\n
        \ \"type\": \"Microsoft.Compute/virtualMachines\",\r\n  \"location\": \"westus\",\r\n
        \ \"tags\": {},\r\n  \"properties\": {\r\n    \"vmId\": \"2bdc9e0c-4d6e-46e3-b5a5-8b37d21430c4\",\r\n
        \   \"hardwareProfile\": {\r\n      \"vmSize\": \"Standard_DS1_v2\"\r\n    },\r\n
        \   \"storageProfile\": {\r\n      \"imageReference\": {\r\n        \"publisher\":
        \"RedHat\",\r\n        \"offer\": \"RHEL\",\r\n        \"sku\": \"7-LVM\",\r\n
        \       \"version\": \"latest\"\r\n      },\r\n      \"osDisk\": {\r\n        \"osType\":
        \"Linux\",\r\n        \"name\": \"vm1_OsDisk_1_6a24539409bf475394788e31bce4dd62\",\r\n
        \       \"createOption\": \"FromImage\",\r\n        \"caching\": \"ReadWrite\",\r\n
        \       \"managedDisk\": {\r\n          \"storageAccountType\": \"Premium_LRS\",\r\n
        \         \"id\": \"/subscriptions/00000000-0000-0000-0000-000000000000/resourceGroups/cli_test_vm_secrets000001/providers/Microsoft.Compute/disks/vm1_OsDisk_1_6a24539409bf475394788e31bce4dd62\"\r\n
        \       },\r\n        \"diskSizeGB\": 64\r\n      },\r\n      \"dataDisks\":
        []\r\n    },\r\n    \"osProfile\": {\r\n      \"computerName\": \"vm1\",\r\n
        \     \"adminUsername\": \"rheladmin\",\r\n      \"linuxConfiguration\": {\r\n
        \       \"disablePasswordAuthentication\": true,\r\n        \"ssh\": {\r\n
        \         \"publicKeys\": [\r\n            {\r\n              \"path\": \"/home/rheladmin/.ssh/authorized_keys\",\r\n
        \             \"keyData\": \"ssh-rsa AAAAB3NzaC1yc2EAAAADAQABAAABAQC86Jgk+Wp0JneEvsoZMG3PIL/zMJIbuY+r3xakXOZ8thq9gOQVgxSLdwUELhPy1iekWGsoGrvQIMEb22upTPG/9VaulCAVXfZnIetNUlId5DNAxOiyvOMEIqhPuxIOce0KKeGnCMkfPGzXrT3hqg8mSU8xW4cDNKJGikpPLMTX+O8V0QptnO5n7E4vH3zPOWuH9Xf0D2uTc6Z8JUFIljy1LfmvJkAitEsPWBott4k4JtxueODbNB+RaQT/p4FUGcxKMObAgQw0jJWKoZTylQOi0xtOOBKAS19+bXwo8AMOoUOB+8CHDX+3okZI3thHN7C1oL7qm6pfHdgvNrt1sPFl\"\r\n
        \           }\r\n          ]\r\n        },\r\n        \"provisionVMAgent\":
        true\r\n      },\r\n      \"secrets\": [\r\n        {\r\n          \"sourceVault\":
        {\r\n            \"id\": \"/subscriptions/00000000-0000-0000-0000-000000000000/resourceGroups/cli_test_vm_secrets000001/providers/Microsoft.KeyVault/vaults/vmsecretkv000002\"\r\n
        \         },\r\n          \"vaultCertificates\": [\r\n            {\r\n              \"certificateUrl\":
        \"https://vmsecretkv000002.vault.azure.net/secrets/vm-secrt-cert/186f9c9d678e44588003f91c108d357b\"\r\n
        \           }\r\n          ]\r\n        }\r\n      ],\r\n      \"allowExtensionOperations\":
        true,\r\n      \"requireGuestProvisionSignal\": true\r\n    },\r\n    \"networkProfile\":
        {\"networkInterfaces\":[{\"id\":\"/subscriptions/00000000-0000-0000-0000-000000000000/resourceGroups/cli_test_vm_secrets000001/providers/Microsoft.Network/networkInterfaces/vm1VMNic\"}]},\r\n
        \   \"provisioningState\": \"Updating\"\r\n  }\r\n}"
    headers:
      azure-asyncnotification:
      - Enabled
      azure-asyncoperation:
      - https://management.azure.com/subscriptions/00000000-0000-0000-0000-000000000000/providers/Microsoft.Compute/locations/westus/operations/bbeb6562-2b11-453b-9789-2b00dc3d4427?api-version=2019-03-01
      cache-control:
      - no-cache
      content-length:
      - '2905'
      content-type:
      - application/json; charset=utf-8
      date:
      - Mon, 21 Oct 2019 16:58:35 GMT
      expires:
      - '-1'
      pragma:
      - no-cache
      server:
      - Microsoft-HTTPAPI/2.0
      - Microsoft-HTTPAPI/2.0
      strict-transport-security:
      - max-age=31536000; includeSubDomains
      transfer-encoding:
      - chunked
      vary:
      - Accept-Encoding
      x-content-type-options:
      - nosniff
      x-ms-ratelimit-remaining-resource:
      - Microsoft.Compute/PutVM3Min;236,Microsoft.Compute/PutVM30Min;1179
      x-ms-ratelimit-remaining-subscription-writes:
      - '1187'
    status:
      code: 200
      message: OK
- request:
    body: null
    headers:
      Accept:
      - application/json
      Accept-Encoding:
      - gzip, deflate
      CommandName:
      - vm secret add
      Connection:
      - keep-alive
      ParameterSetName:
      - -g -n --keyvault --certificate
      User-Agent:
      - python/3.7.4 (Windows-10-10.0.18362-SP0) msrest/0.6.10 msrest_azure/0.6.2
        azure-mgmt-compute/8.0.0 Azure-SDK-For-Python AZURECLI/2.0.75
    method: GET
    uri: https://management.azure.com/subscriptions/00000000-0000-0000-0000-000000000000/providers/Microsoft.Compute/locations/westus/operations/bbeb6562-2b11-453b-9789-2b00dc3d4427?api-version=2019-03-01
  response:
    body:
      string: "{\r\n  \"startTime\": \"2019-10-21T16:58:35.0728514+00:00\",\r\n  \"endTime\":
        \"2019-10-21T16:58:42.4947671+00:00\",\r\n  \"status\": \"Succeeded\",\r\n
        \ \"name\": \"bbeb6562-2b11-453b-9789-2b00dc3d4427\"\r\n}"
    headers:
      cache-control:
      - no-cache
      content-length:
      - '184'
      content-type:
      - application/json; charset=utf-8
      date:
      - Mon, 21 Oct 2019 16:59:08 GMT
      expires:
      - '-1'
      pragma:
      - no-cache
      server:
      - Microsoft-HTTPAPI/2.0
      - Microsoft-HTTPAPI/2.0
      strict-transport-security:
      - max-age=31536000; includeSubDomains
      transfer-encoding:
      - chunked
      vary:
      - Accept-Encoding
      x-content-type-options:
      - nosniff
      x-ms-ratelimit-remaining-resource:
      - Microsoft.Compute/GetOperation3Min;14960,Microsoft.Compute/GetOperation30Min;29687
    status:
      code: 200
      message: OK
- request:
    body: null
    headers:
      Accept:
      - application/json
      Accept-Encoding:
      - gzip, deflate
      CommandName:
      - vm secret add
      Connection:
      - keep-alive
      ParameterSetName:
      - -g -n --keyvault --certificate
      User-Agent:
      - python/3.7.4 (Windows-10-10.0.18362-SP0) msrest/0.6.10 msrest_azure/0.6.2
        azure-mgmt-compute/8.0.0 Azure-SDK-For-Python AZURECLI/2.0.75
    method: GET
    uri: https://management.azure.com/subscriptions/00000000-0000-0000-0000-000000000000/resourceGroups/cli_test_vm_secrets000001/providers/Microsoft.Compute/virtualMachines/vm1?api-version=2019-03-01
  response:
    body:
      string: "{\r\n  \"name\": \"vm1\",\r\n  \"id\": \"/subscriptions/00000000-0000-0000-0000-000000000000/resourceGroups/cli_test_vm_secrets000001/providers/Microsoft.Compute/virtualMachines/vm1\",\r\n
        \ \"type\": \"Microsoft.Compute/virtualMachines\",\r\n  \"location\": \"westus\",\r\n
        \ \"tags\": {},\r\n  \"properties\": {\r\n    \"vmId\": \"2bdc9e0c-4d6e-46e3-b5a5-8b37d21430c4\",\r\n
        \   \"hardwareProfile\": {\r\n      \"vmSize\": \"Standard_DS1_v2\"\r\n    },\r\n
        \   \"storageProfile\": {\r\n      \"imageReference\": {\r\n        \"publisher\":
        \"RedHat\",\r\n        \"offer\": \"RHEL\",\r\n        \"sku\": \"7-LVM\",\r\n
        \       \"version\": \"latest\"\r\n      },\r\n      \"osDisk\": {\r\n        \"osType\":
        \"Linux\",\r\n        \"name\": \"vm1_OsDisk_1_6a24539409bf475394788e31bce4dd62\",\r\n
        \       \"createOption\": \"FromImage\",\r\n        \"caching\": \"ReadWrite\",\r\n
        \       \"managedDisk\": {\r\n          \"storageAccountType\": \"Premium_LRS\",\r\n
        \         \"id\": \"/subscriptions/00000000-0000-0000-0000-000000000000/resourceGroups/cli_test_vm_secrets000001/providers/Microsoft.Compute/disks/vm1_OsDisk_1_6a24539409bf475394788e31bce4dd62\"\r\n
        \       },\r\n        \"diskSizeGB\": 64\r\n      },\r\n      \"dataDisks\":
        []\r\n    },\r\n    \"osProfile\": {\r\n      \"computerName\": \"vm1\",\r\n
        \     \"adminUsername\": \"rheladmin\",\r\n      \"linuxConfiguration\": {\r\n
        \       \"disablePasswordAuthentication\": true,\r\n        \"ssh\": {\r\n
        \         \"publicKeys\": [\r\n            {\r\n              \"path\": \"/home/rheladmin/.ssh/authorized_keys\",\r\n
        \             \"keyData\": \"ssh-rsa AAAAB3NzaC1yc2EAAAADAQABAAABAQC86Jgk+Wp0JneEvsoZMG3PIL/zMJIbuY+r3xakXOZ8thq9gOQVgxSLdwUELhPy1iekWGsoGrvQIMEb22upTPG/9VaulCAVXfZnIetNUlId5DNAxOiyvOMEIqhPuxIOce0KKeGnCMkfPGzXrT3hqg8mSU8xW4cDNKJGikpPLMTX+O8V0QptnO5n7E4vH3zPOWuH9Xf0D2uTc6Z8JUFIljy1LfmvJkAitEsPWBott4k4JtxueODbNB+RaQT/p4FUGcxKMObAgQw0jJWKoZTylQOi0xtOOBKAS19+bXwo8AMOoUOB+8CHDX+3okZI3thHN7C1oL7qm6pfHdgvNrt1sPFl\"\r\n
        \           }\r\n          ]\r\n        },\r\n        \"provisionVMAgent\":
        true\r\n      },\r\n      \"secrets\": [\r\n        {\r\n          \"sourceVault\":
        {\r\n            \"id\": \"/subscriptions/00000000-0000-0000-0000-000000000000/resourceGroups/cli_test_vm_secrets000001/providers/Microsoft.KeyVault/vaults/vmsecretkv000002\"\r\n
        \         },\r\n          \"vaultCertificates\": [\r\n            {\r\n              \"certificateUrl\":
        \"https://vmsecretkv000002.vault.azure.net/secrets/vm-secrt-cert/186f9c9d678e44588003f91c108d357b\"\r\n
        \           }\r\n          ]\r\n        }\r\n      ],\r\n      \"allowExtensionOperations\":
        true,\r\n      \"requireGuestProvisionSignal\": true\r\n    },\r\n    \"networkProfile\":
        {\"networkInterfaces\":[{\"id\":\"/subscriptions/00000000-0000-0000-0000-000000000000/resourceGroups/cli_test_vm_secrets000001/providers/Microsoft.Network/networkInterfaces/vm1VMNic\"}]},\r\n
        \   \"provisioningState\": \"Succeeded\"\r\n  }\r\n}"
    headers:
      cache-control:
      - no-cache
      content-length:
      - '2906'
      content-type:
      - application/json; charset=utf-8
      date:
      - Mon, 21 Oct 2019 16:59:10 GMT
      expires:
      - '-1'
      pragma:
      - no-cache
      server:
      - Microsoft-HTTPAPI/2.0
      - Microsoft-HTTPAPI/2.0
      strict-transport-security:
      - max-age=31536000; includeSubDomains
      transfer-encoding:
      - chunked
      vary:
      - Accept-Encoding
      x-content-type-options:
      - nosniff
      x-ms-ratelimit-remaining-resource:
      - Microsoft.Compute/LowCostGet3Min;3980,Microsoft.Compute/LowCostGet30Min;31858
    status:
      code: 200
      message: OK
- request:
    body: null
    headers:
      Accept:
      - application/json
      Accept-Encoding:
      - gzip, deflate
      CommandName:
      - vm secret list
      Connection:
      - keep-alive
      ParameterSetName:
      - -g -n
      User-Agent:
      - python/3.7.4 (Windows-10-10.0.18362-SP0) msrest/0.6.10 msrest_azure/0.6.2
        azure-mgmt-compute/8.0.0 Azure-SDK-For-Python AZURECLI/2.0.75
      accept-language:
      - en-US
    method: GET
    uri: https://management.azure.com/subscriptions/00000000-0000-0000-0000-000000000000/resourceGroups/cli_test_vm_secrets000001/providers/Microsoft.Compute/virtualMachines/vm1?api-version=2019-03-01
  response:
    body:
      string: "{\r\n  \"name\": \"vm1\",\r\n  \"id\": \"/subscriptions/00000000-0000-0000-0000-000000000000/resourceGroups/cli_test_vm_secrets000001/providers/Microsoft.Compute/virtualMachines/vm1\",\r\n
        \ \"type\": \"Microsoft.Compute/virtualMachines\",\r\n  \"location\": \"westus\",\r\n
        \ \"tags\": {},\r\n  \"properties\": {\r\n    \"vmId\": \"2bdc9e0c-4d6e-46e3-b5a5-8b37d21430c4\",\r\n
        \   \"hardwareProfile\": {\r\n      \"vmSize\": \"Standard_DS1_v2\"\r\n    },\r\n
        \   \"storageProfile\": {\r\n      \"imageReference\": {\r\n        \"publisher\":
        \"RedHat\",\r\n        \"offer\": \"RHEL\",\r\n        \"sku\": \"7-LVM\",\r\n
        \       \"version\": \"latest\"\r\n      },\r\n      \"osDisk\": {\r\n        \"osType\":
        \"Linux\",\r\n        \"name\": \"vm1_OsDisk_1_6a24539409bf475394788e31bce4dd62\",\r\n
        \       \"createOption\": \"FromImage\",\r\n        \"caching\": \"ReadWrite\",\r\n
        \       \"managedDisk\": {\r\n          \"storageAccountType\": \"Premium_LRS\",\r\n
        \         \"id\": \"/subscriptions/00000000-0000-0000-0000-000000000000/resourceGroups/cli_test_vm_secrets000001/providers/Microsoft.Compute/disks/vm1_OsDisk_1_6a24539409bf475394788e31bce4dd62\"\r\n
        \       },\r\n        \"diskSizeGB\": 64\r\n      },\r\n      \"dataDisks\":
        []\r\n    },\r\n    \"osProfile\": {\r\n      \"computerName\": \"vm1\",\r\n
        \     \"adminUsername\": \"rheladmin\",\r\n      \"linuxConfiguration\": {\r\n
        \       \"disablePasswordAuthentication\": true,\r\n        \"ssh\": {\r\n
        \         \"publicKeys\": [\r\n            {\r\n              \"path\": \"/home/rheladmin/.ssh/authorized_keys\",\r\n
        \             \"keyData\": \"ssh-rsa AAAAB3NzaC1yc2EAAAADAQABAAABAQC86Jgk+Wp0JneEvsoZMG3PIL/zMJIbuY+r3xakXOZ8thq9gOQVgxSLdwUELhPy1iekWGsoGrvQIMEb22upTPG/9VaulCAVXfZnIetNUlId5DNAxOiyvOMEIqhPuxIOce0KKeGnCMkfPGzXrT3hqg8mSU8xW4cDNKJGikpPLMTX+O8V0QptnO5n7E4vH3zPOWuH9Xf0D2uTc6Z8JUFIljy1LfmvJkAitEsPWBott4k4JtxueODbNB+RaQT/p4FUGcxKMObAgQw0jJWKoZTylQOi0xtOOBKAS19+bXwo8AMOoUOB+8CHDX+3okZI3thHN7C1oL7qm6pfHdgvNrt1sPFl\"\r\n
        \           }\r\n          ]\r\n        },\r\n        \"provisionVMAgent\":
        true\r\n      },\r\n      \"secrets\": [\r\n        {\r\n          \"sourceVault\":
        {\r\n            \"id\": \"/subscriptions/00000000-0000-0000-0000-000000000000/resourceGroups/cli_test_vm_secrets000001/providers/Microsoft.KeyVault/vaults/vmsecretkv000002\"\r\n
        \         },\r\n          \"vaultCertificates\": [\r\n            {\r\n              \"certificateUrl\":
        \"https://vmsecretkv000002.vault.azure.net/secrets/vm-secrt-cert/186f9c9d678e44588003f91c108d357b\"\r\n
        \           }\r\n          ]\r\n        }\r\n      ],\r\n      \"allowExtensionOperations\":
        true,\r\n      \"requireGuestProvisionSignal\": true\r\n    },\r\n    \"networkProfile\":
        {\"networkInterfaces\":[{\"id\":\"/subscriptions/00000000-0000-0000-0000-000000000000/resourceGroups/cli_test_vm_secrets000001/providers/Microsoft.Network/networkInterfaces/vm1VMNic\"}]},\r\n
        \   \"provisioningState\": \"Succeeded\"\r\n  }\r\n}"
    headers:
      cache-control:
      - no-cache
      content-length:
      - '2906'
      content-type:
      - application/json; charset=utf-8
      date:
      - Mon, 21 Oct 2019 16:59:16 GMT
      expires:
      - '-1'
      pragma:
      - no-cache
      server:
      - Microsoft-HTTPAPI/2.0
      - Microsoft-HTTPAPI/2.0
      strict-transport-security:
      - max-age=31536000; includeSubDomains
      transfer-encoding:
      - chunked
      vary:
      - Accept-Encoding
      x-content-type-options:
      - nosniff
      x-ms-ratelimit-remaining-resource:
      - Microsoft.Compute/LowCostGet3Min;3979,Microsoft.Compute/LowCostGet30Min;31857
    status:
      code: 200
      message: OK
- request:
    body: null
    headers:
      Accept:
      - application/json
      Accept-Encoding:
      - gzip, deflate
      CommandName:
      - vm secret remove
      Connection:
      - keep-alive
      ParameterSetName:
      - -g -n --keyvault --certificate
      User-Agent:
      - python/3.7.4 (Windows-10-10.0.18362-SP0) msrest/0.6.10 msrest_azure/0.6.2
        azure-mgmt-compute/8.0.0 Azure-SDK-For-Python AZURECLI/2.0.75
      accept-language:
      - en-US
    method: GET
    uri: https://management.azure.com/subscriptions/00000000-0000-0000-0000-000000000000/resourceGroups/cli_test_vm_secrets000001/providers/Microsoft.Compute/virtualMachines/vm1?api-version=2019-03-01
  response:
    body:
      string: "{\r\n  \"name\": \"vm1\",\r\n  \"id\": \"/subscriptions/00000000-0000-0000-0000-000000000000/resourceGroups/cli_test_vm_secrets000001/providers/Microsoft.Compute/virtualMachines/vm1\",\r\n
        \ \"type\": \"Microsoft.Compute/virtualMachines\",\r\n  \"location\": \"westus\",\r\n
        \ \"tags\": {},\r\n  \"properties\": {\r\n    \"vmId\": \"2bdc9e0c-4d6e-46e3-b5a5-8b37d21430c4\",\r\n
        \   \"hardwareProfile\": {\r\n      \"vmSize\": \"Standard_DS1_v2\"\r\n    },\r\n
        \   \"storageProfile\": {\r\n      \"imageReference\": {\r\n        \"publisher\":
        \"RedHat\",\r\n        \"offer\": \"RHEL\",\r\n        \"sku\": \"7-LVM\",\r\n
        \       \"version\": \"latest\"\r\n      },\r\n      \"osDisk\": {\r\n        \"osType\":
        \"Linux\",\r\n        \"name\": \"vm1_OsDisk_1_6a24539409bf475394788e31bce4dd62\",\r\n
        \       \"createOption\": \"FromImage\",\r\n        \"caching\": \"ReadWrite\",\r\n
        \       \"managedDisk\": {\r\n          \"storageAccountType\": \"Premium_LRS\",\r\n
        \         \"id\": \"/subscriptions/00000000-0000-0000-0000-000000000000/resourceGroups/cli_test_vm_secrets000001/providers/Microsoft.Compute/disks/vm1_OsDisk_1_6a24539409bf475394788e31bce4dd62\"\r\n
        \       },\r\n        \"diskSizeGB\": 64\r\n      },\r\n      \"dataDisks\":
        []\r\n    },\r\n    \"osProfile\": {\r\n      \"computerName\": \"vm1\",\r\n
        \     \"adminUsername\": \"rheladmin\",\r\n      \"linuxConfiguration\": {\r\n
        \       \"disablePasswordAuthentication\": true,\r\n        \"ssh\": {\r\n
        \         \"publicKeys\": [\r\n            {\r\n              \"path\": \"/home/rheladmin/.ssh/authorized_keys\",\r\n
        \             \"keyData\": \"ssh-rsa AAAAB3NzaC1yc2EAAAADAQABAAABAQC86Jgk+Wp0JneEvsoZMG3PIL/zMJIbuY+r3xakXOZ8thq9gOQVgxSLdwUELhPy1iekWGsoGrvQIMEb22upTPG/9VaulCAVXfZnIetNUlId5DNAxOiyvOMEIqhPuxIOce0KKeGnCMkfPGzXrT3hqg8mSU8xW4cDNKJGikpPLMTX+O8V0QptnO5n7E4vH3zPOWuH9Xf0D2uTc6Z8JUFIljy1LfmvJkAitEsPWBott4k4JtxueODbNB+RaQT/p4FUGcxKMObAgQw0jJWKoZTylQOi0xtOOBKAS19+bXwo8AMOoUOB+8CHDX+3okZI3thHN7C1oL7qm6pfHdgvNrt1sPFl\"\r\n
        \           }\r\n          ]\r\n        },\r\n        \"provisionVMAgent\":
        true\r\n      },\r\n      \"secrets\": [\r\n        {\r\n          \"sourceVault\":
        {\r\n            \"id\": \"/subscriptions/00000000-0000-0000-0000-000000000000/resourceGroups/cli_test_vm_secrets000001/providers/Microsoft.KeyVault/vaults/vmsecretkv000002\"\r\n
        \         },\r\n          \"vaultCertificates\": [\r\n            {\r\n              \"certificateUrl\":
        \"https://vmsecretkv000002.vault.azure.net/secrets/vm-secrt-cert/186f9c9d678e44588003f91c108d357b\"\r\n
        \           }\r\n          ]\r\n        }\r\n      ],\r\n      \"allowExtensionOperations\":
        true,\r\n      \"requireGuestProvisionSignal\": true\r\n    },\r\n    \"networkProfile\":
        {\"networkInterfaces\":[{\"id\":\"/subscriptions/00000000-0000-0000-0000-000000000000/resourceGroups/cli_test_vm_secrets000001/providers/Microsoft.Network/networkInterfaces/vm1VMNic\"}]},\r\n
        \   \"provisioningState\": \"Succeeded\"\r\n  }\r\n}"
    headers:
      cache-control:
      - no-cache
      content-length:
      - '2906'
      content-type:
      - application/json; charset=utf-8
      date:
      - Mon, 21 Oct 2019 16:59:22 GMT
      expires:
      - '-1'
      pragma:
      - no-cache
      server:
      - Microsoft-HTTPAPI/2.0
      - Microsoft-HTTPAPI/2.0
      strict-transport-security:
      - max-age=31536000; includeSubDomains
      transfer-encoding:
      - chunked
      vary:
      - Accept-Encoding
      x-content-type-options:
      - nosniff
      x-ms-ratelimit-remaining-resource:
      - Microsoft.Compute/LowCostGet3Min;3977,Microsoft.Compute/LowCostGet30Min;31855
    status:
      code: 200
      message: OK
- request:
    body: 'b''{"location": "westus", "tags": {}, "properties": {"hardwareProfile":
      {"vmSize": "Standard_DS1_v2"}, "storageProfile": {"imageReference": {"publisher":
      "RedHat", "offer": "RHEL", "sku": "7-LVM", "version": "latest"}, "osDisk": {"osType":
      "Linux", "name": "vm1_OsDisk_1_6a24539409bf475394788e31bce4dd62", "caching":
      "ReadWrite", "createOption": "FromImage", "diskSizeGB": 64, "managedDisk": {"id":
      "/subscriptions/00000000-0000-0000-0000-000000000000/resourceGroups/cli_test_vm_secrets000001/providers/Microsoft.Compute/disks/vm1_OsDisk_1_6a24539409bf475394788e31bce4dd62",
      "storageAccountType": "Premium_LRS"}}, "dataDisks": []}, "osProfile": {"computerName":
      "vm1", "adminUsername": "rheladmin", "linuxConfiguration": {"disablePasswordAuthentication":
      true, "ssh": {"publicKeys": [{"path": "/home/rheladmin/.ssh/authorized_keys",
      "keyData": "ssh-rsa AAAAB3NzaC1yc2EAAAADAQABAAABAQC86Jgk+Wp0JneEvsoZMG3PIL/zMJIbuY+r3xakXOZ8thq9gOQVgxSLdwUELhPy1iekWGsoGrvQIMEb22upTPG/9VaulCAVXfZnIetNUlId5DNAxOiyvOMEIqhPuxIOce0KKeGnCMkfPGzXrT3hqg8mSU8xW4cDNKJGikpPLMTX+O8V0QptnO5n7E4vH3zPOWuH9Xf0D2uTc6Z8JUFIljy1LfmvJkAitEsPWBott4k4JtxueODbNB+RaQT/p4FUGcxKMObAgQw0jJWKoZTylQOi0xtOOBKAS19+bXwo8AMOoUOB+8CHDX+3okZI3thHN7C1oL7qm6pfHdgvNrt1sPFl"}]},
      "provisionVMAgent": true}, "secrets": [], "allowExtensionOperations": true},
      "networkProfile": {"networkInterfaces": [{"id": "/subscriptions/00000000-0000-0000-0000-000000000000/resourceGroups/cli_test_vm_secrets000001/providers/Microsoft.Network/networkInterfaces/vm1VMNic"}]}}}'''
    headers:
      Accept:
      - application/json
      Accept-Encoding:
      - gzip, deflate
      CommandName:
      - vm secret remove
      Connection:
      - keep-alive
      Content-Length:
      - '1607'
      Content-Type:
      - application/json; charset=utf-8
      ParameterSetName:
      - -g -n --keyvault --certificate
      User-Agent:
      - python/3.7.4 (Windows-10-10.0.18362-SP0) msrest/0.6.10 msrest_azure/0.6.2
        azure-mgmt-compute/8.0.0 Azure-SDK-For-Python AZURECLI/2.0.75
      accept-language:
      - en-US
    method: PUT
    uri: https://management.azure.com/subscriptions/00000000-0000-0000-0000-000000000000/resourceGroups/cli_test_vm_secrets000001/providers/Microsoft.Compute/virtualMachines/vm1?api-version=2019-03-01
  response:
    body:
      string: "{\r\n  \"name\": \"vm1\",\r\n  \"id\": \"/subscriptions/00000000-0000-0000-0000-000000000000/resourceGroups/cli_test_vm_secrets000001/providers/Microsoft.Compute/virtualMachines/vm1\",\r\n
        \ \"type\": \"Microsoft.Compute/virtualMachines\",\r\n  \"location\": \"westus\",\r\n
        \ \"tags\": {},\r\n  \"properties\": {\r\n    \"vmId\": \"2bdc9e0c-4d6e-46e3-b5a5-8b37d21430c4\",\r\n
        \   \"hardwareProfile\": {\r\n      \"vmSize\": \"Standard_DS1_v2\"\r\n    },\r\n
        \   \"storageProfile\": {\r\n      \"imageReference\": {\r\n        \"publisher\":
        \"RedHat\",\r\n        \"offer\": \"RHEL\",\r\n        \"sku\": \"7-LVM\",\r\n
        \       \"version\": \"latest\"\r\n      },\r\n      \"osDisk\": {\r\n        \"osType\":
        \"Linux\",\r\n        \"name\": \"vm1_OsDisk_1_6a24539409bf475394788e31bce4dd62\",\r\n
        \       \"createOption\": \"FromImage\",\r\n        \"caching\": \"ReadWrite\",\r\n
        \       \"managedDisk\": {\r\n          \"storageAccountType\": \"Premium_LRS\",\r\n
        \         \"id\": \"/subscriptions/00000000-0000-0000-0000-000000000000/resourceGroups/cli_test_vm_secrets000001/providers/Microsoft.Compute/disks/vm1_OsDisk_1_6a24539409bf475394788e31bce4dd62\"\r\n
        \       },\r\n        \"diskSizeGB\": 64\r\n      },\r\n      \"dataDisks\":
        []\r\n    },\r\n    \"osProfile\": {\r\n      \"computerName\": \"vm1\",\r\n
        \     \"adminUsername\": \"rheladmin\",\r\n      \"linuxConfiguration\": {\r\n
        \       \"disablePasswordAuthentication\": true,\r\n        \"ssh\": {\r\n
        \         \"publicKeys\": [\r\n            {\r\n              \"path\": \"/home/rheladmin/.ssh/authorized_keys\",\r\n
        \             \"keyData\": \"ssh-rsa AAAAB3NzaC1yc2EAAAADAQABAAABAQC86Jgk+Wp0JneEvsoZMG3PIL/zMJIbuY+r3xakXOZ8thq9gOQVgxSLdwUELhPy1iekWGsoGrvQIMEb22upTPG/9VaulCAVXfZnIetNUlId5DNAxOiyvOMEIqhPuxIOce0KKeGnCMkfPGzXrT3hqg8mSU8xW4cDNKJGikpPLMTX+O8V0QptnO5n7E4vH3zPOWuH9Xf0D2uTc6Z8JUFIljy1LfmvJkAitEsPWBott4k4JtxueODbNB+RaQT/p4FUGcxKMObAgQw0jJWKoZTylQOi0xtOOBKAS19+bXwo8AMOoUOB+8CHDX+3okZI3thHN7C1oL7qm6pfHdgvNrt1sPFl\"\r\n
        \           }\r\n          ]\r\n        },\r\n        \"provisionVMAgent\":
        true\r\n      },\r\n      \"secrets\": [],\r\n      \"allowExtensionOperations\":
        true,\r\n      \"requireGuestProvisionSignal\": true\r\n    },\r\n    \"networkProfile\":
        {\"networkInterfaces\":[{\"id\":\"/subscriptions/00000000-0000-0000-0000-000000000000/resourceGroups/cli_test_vm_secrets000001/providers/Microsoft.Network/networkInterfaces/vm1VMNic\"}]},\r\n
        \   \"provisioningState\": \"Updating\"\r\n  }\r\n}"
    headers:
      azure-asyncnotification:
      - Enabled
      azure-asyncoperation:
      - https://management.azure.com/subscriptions/00000000-0000-0000-0000-000000000000/providers/Microsoft.Compute/locations/westus/operations/24557320-4764-45f9-8ced-d11508a0f399?api-version=2019-03-01
      cache-control:
      - no-cache
      content-length:
      - '2400'
      content-type:
      - application/json; charset=utf-8
      date:
      - Mon, 21 Oct 2019 16:59:28 GMT
      expires:
      - '-1'
      pragma:
      - no-cache
      server:
      - Microsoft-HTTPAPI/2.0
      - Microsoft-HTTPAPI/2.0
      strict-transport-security:
      - max-age=31536000; includeSubDomains
      transfer-encoding:
      - chunked
      vary:
      - Accept-Encoding
      x-content-type-options:
      - nosniff
      x-ms-ratelimit-remaining-resource:
      - Microsoft.Compute/PutVM3Min;236,Microsoft.Compute/PutVM30Min;1178
      x-ms-ratelimit-remaining-subscription-writes:
      - '1188'
    status:
      code: 200
      message: OK
- request:
    body: null
    headers:
      Accept:
      - application/json
      Accept-Encoding:
      - gzip, deflate
      CommandName:
      - vm secret remove
      Connection:
      - keep-alive
      ParameterSetName:
      - -g -n --keyvault --certificate
      User-Agent:
      - python/3.7.4 (Windows-10-10.0.18362-SP0) msrest/0.6.10 msrest_azure/0.6.2
        azure-mgmt-compute/8.0.0 Azure-SDK-For-Python AZURECLI/2.0.75
    method: GET
    uri: https://management.azure.com/subscriptions/00000000-0000-0000-0000-000000000000/providers/Microsoft.Compute/locations/westus/operations/24557320-4764-45f9-8ced-d11508a0f399?api-version=2019-03-01
  response:
    body:
      string: "{\r\n  \"startTime\": \"2019-10-21T16:59:27.3698669+00:00\",\r\n  \"endTime\":
        \"2019-10-21T16:59:31.0730125+00:00\",\r\n  \"status\": \"Succeeded\",\r\n
        \ \"name\": \"24557320-4764-45f9-8ced-d11508a0f399\"\r\n}"
    headers:
      cache-control:
      - no-cache
      content-length:
      - '184'
      content-type:
      - application/json; charset=utf-8
      date:
      - Mon, 21 Oct 2019 17:00:02 GMT
      expires:
      - '-1'
      pragma:
      - no-cache
      server:
      - Microsoft-HTTPAPI/2.0
      - Microsoft-HTTPAPI/2.0
      strict-transport-security:
      - max-age=31536000; includeSubDomains
      transfer-encoding:
      - chunked
      vary:
      - Accept-Encoding
      x-content-type-options:
      - nosniff
      x-ms-ratelimit-remaining-resource:
      - Microsoft.Compute/GetOperation3Min;14961,Microsoft.Compute/GetOperation30Min;29707
    status:
      code: 200
      message: OK
- request:
    body: null
    headers:
      Accept:
      - application/json
      Accept-Encoding:
      - gzip, deflate
      CommandName:
      - vm secret remove
      Connection:
      - keep-alive
      ParameterSetName:
      - -g -n --keyvault --certificate
      User-Agent:
      - python/3.7.4 (Windows-10-10.0.18362-SP0) msrest/0.6.10 msrest_azure/0.6.2
        azure-mgmt-compute/8.0.0 Azure-SDK-For-Python AZURECLI/2.0.75
    method: GET
    uri: https://management.azure.com/subscriptions/00000000-0000-0000-0000-000000000000/resourceGroups/cli_test_vm_secrets000001/providers/Microsoft.Compute/virtualMachines/vm1?api-version=2019-03-01
  response:
    body:
      string: "{\r\n  \"name\": \"vm1\",\r\n  \"id\": \"/subscriptions/00000000-0000-0000-0000-000000000000/resourceGroups/cli_test_vm_secrets000001/providers/Microsoft.Compute/virtualMachines/vm1\",\r\n
        \ \"type\": \"Microsoft.Compute/virtualMachines\",\r\n  \"location\": \"westus\",\r\n
        \ \"tags\": {},\r\n  \"properties\": {\r\n    \"vmId\": \"2bdc9e0c-4d6e-46e3-b5a5-8b37d21430c4\",\r\n
        \   \"hardwareProfile\": {\r\n      \"vmSize\": \"Standard_DS1_v2\"\r\n    },\r\n
        \   \"storageProfile\": {\r\n      \"imageReference\": {\r\n        \"publisher\":
        \"RedHat\",\r\n        \"offer\": \"RHEL\",\r\n        \"sku\": \"7-LVM\",\r\n
        \       \"version\": \"latest\"\r\n      },\r\n      \"osDisk\": {\r\n        \"osType\":
        \"Linux\",\r\n        \"name\": \"vm1_OsDisk_1_6a24539409bf475394788e31bce4dd62\",\r\n
        \       \"createOption\": \"FromImage\",\r\n        \"caching\": \"ReadWrite\",\r\n
        \       \"managedDisk\": {\r\n          \"storageAccountType\": \"Premium_LRS\",\r\n
        \         \"id\": \"/subscriptions/00000000-0000-0000-0000-000000000000/resourceGroups/cli_test_vm_secrets000001/providers/Microsoft.Compute/disks/vm1_OsDisk_1_6a24539409bf475394788e31bce4dd62\"\r\n
        \       },\r\n        \"diskSizeGB\": 64\r\n      },\r\n      \"dataDisks\":
        []\r\n    },\r\n    \"osProfile\": {\r\n      \"computerName\": \"vm1\",\r\n
        \     \"adminUsername\": \"rheladmin\",\r\n      \"linuxConfiguration\": {\r\n
        \       \"disablePasswordAuthentication\": true,\r\n        \"ssh\": {\r\n
        \         \"publicKeys\": [\r\n            {\r\n              \"path\": \"/home/rheladmin/.ssh/authorized_keys\",\r\n
        \             \"keyData\": \"ssh-rsa AAAAB3NzaC1yc2EAAAADAQABAAABAQC86Jgk+Wp0JneEvsoZMG3PIL/zMJIbuY+r3xakXOZ8thq9gOQVgxSLdwUELhPy1iekWGsoGrvQIMEb22upTPG/9VaulCAVXfZnIetNUlId5DNAxOiyvOMEIqhPuxIOce0KKeGnCMkfPGzXrT3hqg8mSU8xW4cDNKJGikpPLMTX+O8V0QptnO5n7E4vH3zPOWuH9Xf0D2uTc6Z8JUFIljy1LfmvJkAitEsPWBott4k4JtxueODbNB+RaQT/p4FUGcxKMObAgQw0jJWKoZTylQOi0xtOOBKAS19+bXwo8AMOoUOB+8CHDX+3okZI3thHN7C1oL7qm6pfHdgvNrt1sPFl\"\r\n
        \           }\r\n          ]\r\n        },\r\n        \"provisionVMAgent\":
        true\r\n      },\r\n      \"secrets\": [],\r\n      \"allowExtensionOperations\":
        true,\r\n      \"requireGuestProvisionSignal\": true\r\n    },\r\n    \"networkProfile\":
        {\"networkInterfaces\":[{\"id\":\"/subscriptions/00000000-0000-0000-0000-000000000000/resourceGroups/cli_test_vm_secrets000001/providers/Microsoft.Network/networkInterfaces/vm1VMNic\"}]},\r\n
        \   \"provisioningState\": \"Succeeded\"\r\n  }\r\n}"
    headers:
      cache-control:
      - no-cache
      content-length:
      - '2401'
      content-type:
      - application/json; charset=utf-8
      date:
      - Mon, 21 Oct 2019 17:00:03 GMT
      expires:
      - '-1'
      pragma:
      - no-cache
      server:
      - Microsoft-HTTPAPI/2.0
      - Microsoft-HTTPAPI/2.0
      strict-transport-security:
      - max-age=31536000; includeSubDomains
      transfer-encoding:
      - chunked
      vary:
      - Accept-Encoding
      x-content-type-options:
      - nosniff
      x-ms-ratelimit-remaining-resource:
      - Microsoft.Compute/LowCostGet3Min;3972,Microsoft.Compute/LowCostGet30Min;31860
    status:
      code: 200
      message: OK
- request:
    body: null
    headers:
      Accept:
      - application/json
      Accept-Encoding:
      - gzip, deflate
      CommandName:
      - vm secret list
      Connection:
      - keep-alive
      ParameterSetName:
      - -g -n
      User-Agent:
      - python/3.7.4 (Windows-10-10.0.18362-SP0) msrest/0.6.10 msrest_azure/0.6.2
        azure-mgmt-compute/8.0.0 Azure-SDK-For-Python AZURECLI/2.0.75
      accept-language:
      - en-US
    method: GET
    uri: https://management.azure.com/subscriptions/00000000-0000-0000-0000-000000000000/resourceGroups/cli_test_vm_secrets000001/providers/Microsoft.Compute/virtualMachines/vm1?api-version=2019-03-01
  response:
    body:
      string: "{\r\n  \"name\": \"vm1\",\r\n  \"id\": \"/subscriptions/00000000-0000-0000-0000-000000000000/resourceGroups/cli_test_vm_secrets000001/providers/Microsoft.Compute/virtualMachines/vm1\",\r\n
        \ \"type\": \"Microsoft.Compute/virtualMachines\",\r\n  \"location\": \"westus\",\r\n
        \ \"tags\": {},\r\n  \"properties\": {\r\n    \"vmId\": \"2bdc9e0c-4d6e-46e3-b5a5-8b37d21430c4\",\r\n
        \   \"hardwareProfile\": {\r\n      \"vmSize\": \"Standard_DS1_v2\"\r\n    },\r\n
        \   \"storageProfile\": {\r\n      \"imageReference\": {\r\n        \"publisher\":
        \"RedHat\",\r\n        \"offer\": \"RHEL\",\r\n        \"sku\": \"7-LVM\",\r\n
        \       \"version\": \"latest\"\r\n      },\r\n      \"osDisk\": {\r\n        \"osType\":
        \"Linux\",\r\n        \"name\": \"vm1_OsDisk_1_6a24539409bf475394788e31bce4dd62\",\r\n
        \       \"createOption\": \"FromImage\",\r\n        \"caching\": \"ReadWrite\",\r\n
        \       \"managedDisk\": {\r\n          \"storageAccountType\": \"Premium_LRS\",\r\n
        \         \"id\": \"/subscriptions/00000000-0000-0000-0000-000000000000/resourceGroups/cli_test_vm_secrets000001/providers/Microsoft.Compute/disks/vm1_OsDisk_1_6a24539409bf475394788e31bce4dd62\"\r\n
        \       },\r\n        \"diskSizeGB\": 64\r\n      },\r\n      \"dataDisks\":
        []\r\n    },\r\n    \"osProfile\": {\r\n      \"computerName\": \"vm1\",\r\n
        \     \"adminUsername\": \"rheladmin\",\r\n      \"linuxConfiguration\": {\r\n
        \       \"disablePasswordAuthentication\": true,\r\n        \"ssh\": {\r\n
        \         \"publicKeys\": [\r\n            {\r\n              \"path\": \"/home/rheladmin/.ssh/authorized_keys\",\r\n
        \             \"keyData\": \"ssh-rsa AAAAB3NzaC1yc2EAAAADAQABAAABAQC86Jgk+Wp0JneEvsoZMG3PIL/zMJIbuY+r3xakXOZ8thq9gOQVgxSLdwUELhPy1iekWGsoGrvQIMEb22upTPG/9VaulCAVXfZnIetNUlId5DNAxOiyvOMEIqhPuxIOce0KKeGnCMkfPGzXrT3hqg8mSU8xW4cDNKJGikpPLMTX+O8V0QptnO5n7E4vH3zPOWuH9Xf0D2uTc6Z8JUFIljy1LfmvJkAitEsPWBott4k4JtxueODbNB+RaQT/p4FUGcxKMObAgQw0jJWKoZTylQOi0xtOOBKAS19+bXwo8AMOoUOB+8CHDX+3okZI3thHN7C1oL7qm6pfHdgvNrt1sPFl\"\r\n
        \           }\r\n          ]\r\n        },\r\n        \"provisionVMAgent\":
        true\r\n      },\r\n      \"secrets\": [],\r\n      \"allowExtensionOperations\":
        true,\r\n      \"requireGuestProvisionSignal\": true\r\n    },\r\n    \"networkProfile\":
        {\"networkInterfaces\":[{\"id\":\"/subscriptions/00000000-0000-0000-0000-000000000000/resourceGroups/cli_test_vm_secrets000001/providers/Microsoft.Network/networkInterfaces/vm1VMNic\"}]},\r\n
        \   \"provisioningState\": \"Succeeded\"\r\n  }\r\n}"
    headers:
      cache-control:
      - no-cache
      content-length:
      - '2401'
      content-type:
      - application/json; charset=utf-8
      date:
      - Mon, 21 Oct 2019 17:00:09 GMT
      expires:
      - '-1'
      pragma:
      - no-cache
      server:
      - Microsoft-HTTPAPI/2.0
      - Microsoft-HTTPAPI/2.0
      strict-transport-security:
      - max-age=31536000; includeSubDomains
      transfer-encoding:
      - chunked
      vary:
      - Accept-Encoding
      x-content-type-options:
      - nosniff
      x-ms-ratelimit-remaining-resource:
      - Microsoft.Compute/LowCostGet3Min;3971,Microsoft.Compute/LowCostGet30Min;31859
    status:
      code: 200
      message: OK
version: 1
