interactions:
- request:
    body: null
    headers:
      Accept:
      - application/json
      Accept-Encoding:
      - gzip, deflate
      CommandName:
      - vm create
      Connection:
      - keep-alive
      ParameterSetName:
      - -g -n --image --priority --eviction-policy --max-price --admin-username --admin-password
        --authentication-type --nsg-rule
      User-Agent:
      - AZURECLI/2.53.0 azsdk-python-azure-mgmt-resource/23.1.0b2 Python/3.10.9 (Windows-10-10.0.22621-SP0)
    method: GET
    uri: https://management.azure.com/subscriptions/00000000-0000-0000-0000-000000000000/resourcegroups/cli_test_vm_priority_eviction_billing_000001?api-version=2022-09-01
  response:
    body:
      string: '{"id":"/subscriptions/00000000-0000-0000-0000-000000000000/resourceGroups/cli_test_vm_priority_eviction_billing_000001","name":"cli_test_vm_priority_eviction_billing_000001","type":"Microsoft.Resources/resourceGroups","location":"westus","tags":{"product":"azurecli","cause":"automation","test":"test_vm_priority_eviction_billing","date":"2023-10-13T08:07:24Z","module":"vm"},"properties":{"provisioningState":"Succeeded"}}'
    headers:
      cache-control:
      - no-cache
      content-length:
      - '423'
      content-type:
      - application/json; charset=utf-8
      date:
      - Fri, 13 Oct 2023 08:07:26 GMT
      expires:
      - '-1'
      pragma:
      - no-cache
      strict-transport-security:
      - max-age=31536000; includeSubDomains
      vary:
      - Accept-Encoding
      x-content-type-options:
      - nosniff
    status:
      code: 200
      message: OK
- request:
    body: null
    headers:
      Accept:
      - application/json
      Accept-Encoding:
      - gzip, deflate
      CommandName:
      - vm create
      Connection:
      - keep-alive
      ParameterSetName:
      - -g -n --image --priority --eviction-policy --max-price --admin-username --admin-password
        --authentication-type --nsg-rule
      User-Agent:
      - AZURECLI/2.53.0 azsdk-python-azure-mgmt-compute/30.0.0 Python/3.10.9 (Windows-10-10.0.22621-SP0)
    method: GET
    uri: https://management.azure.com/subscriptions/00000000-0000-0000-0000-000000000000/providers/Microsoft.Compute/locations/westus/publishers/Canonical/artifacttypes/vmimage/offers/UbuntuServer/skus/18.04-LTS/versions?$top=1&$orderby=name%20desc&api-version=2022-11-01
  response:
    body:
      string: "[\r\n  {\r\n    \"location\": \"westus\",\r\n    \"name\": \"18.04.202306070\"\
        ,\r\n    \"id\": \"/Subscriptions/00000000-0000-0000-0000-000000000000/Providers/Microsoft.Compute/Locations/westus/Publishers/Canonical/ArtifactTypes/VMImage/Offers/UbuntuServer/Skus/18.04-LTS/Versions/18.04.202306070\"\
        \r\n  }\r\n]"
    headers:
      cache-control:
      - no-cache
      content-length:
      - '286'
      content-type:
      - application/json; charset=utf-8
      date:
      - Fri, 13 Oct 2023 08:07:27 GMT
      expires:
      - '-1'
      pragma:
      - no-cache
      server:
      - Microsoft-HTTPAPI/2.0
      - Microsoft-HTTPAPI/2.0
      strict-transport-security:
      - max-age=31536000; includeSubDomains
      transfer-encoding:
      - chunked
      vary:
      - Accept-Encoding
      x-content-type-options:
      - nosniff
      x-ms-ratelimit-remaining-resource:
      - Microsoft.Compute/ListVMImagesVersionsFromLocation3Min;15995,Microsoft.Compute/ListVMImagesVersionsFromLocation30Min;43977
    status:
      code: 200
      message: OK
- request:
    body: null
    headers:
      Accept:
      - application/json
      Accept-Encoding:
      - gzip, deflate
      CommandName:
      - vm create
      Connection:
      - keep-alive
      ParameterSetName:
      - -g -n --image --priority --eviction-policy --max-price --admin-username --admin-password
        --authentication-type --nsg-rule
      User-Agent:
      - AZURECLI/2.53.0 azsdk-python-azure-mgmt-compute/30.0.0 Python/3.10.9 (Windows-10-10.0.22621-SP0)
    method: GET
    uri: https://management.azure.com/subscriptions/00000000-0000-0000-0000-000000000000/providers/Microsoft.Compute/locations/westus/publishers/Canonical/artifacttypes/vmimage/offers/UbuntuServer/skus/18.04-LTS/versions/18.04.202306070?api-version=2022-11-01
  response:
    body:
      string: "{\r\n  \"properties\": {\r\n    \"hyperVGeneration\": \"V1\",\r\n \
        \   \"architecture\": \"x64\",\r\n    \"replicaType\": \"Unmanaged\",\r\n\
        \    \"disallowed\": {\r\n      \"vmDiskType\": \"None\"\r\n    },\r\n   \
        \ \"automaticOSUpgradeProperties\": {\r\n      \"automaticOSUpgradeSupported\"\
        : true\r\n    },\r\n    \"imageDeprecationStatus\": {\r\n      \"imageState\"\
        : \"Active\"\r\n    },\r\n    \"features\": [\r\n      {\r\n        \"name\"\
        : \"IsAcceleratedNetworkSupported\",\r\n        \"value\": \"True\"\r\n  \
        \    },\r\n      {\r\n        \"name\": \"DiskControllerTypes\",\r\n     \
        \   \"value\": \"SCSI, NVMe\"\r\n      },\r\n      {\r\n        \"name\":\
        \ \"IsHibernateSupported\",\r\n        \"value\": \"True\"\r\n      }\r\n\
        \    ],\r\n    \"osDiskImage\": {\r\n      \"operatingSystem\": \"Linux\"\
        ,\r\n      \"sizeInBytes\": 32213303808\r\n    },\r\n    \"dataDiskImages\"\
        : []\r\n  },\r\n  \"location\": \"westus\",\r\n  \"name\": \"18.04.202306070\"\
        ,\r\n  \"id\": \"/Subscriptions/00000000-0000-0000-0000-000000000000/Providers/Microsoft.Compute/Locations/westus/Publishers/Canonical/ArtifactTypes/VMImage/Offers/UbuntuServer/Skus/18.04-LTS/Versions/18.04.202306070\"\
        \r\n}"
    headers:
      cache-control:
      - no-cache
      content-length:
      - '1025'
      content-type:
      - application/json; charset=utf-8
      date:
      - Fri, 13 Oct 2023 08:07:29 GMT
      expires:
      - '-1'
      pragma:
      - no-cache
      server:
      - Microsoft-HTTPAPI/2.0
      - Microsoft-HTTPAPI/2.0
      strict-transport-security:
      - max-age=31536000; includeSubDomains
      transfer-encoding:
      - chunked
      vary:
      - Accept-Encoding
      x-content-type-options:
      - nosniff
      x-ms-ratelimit-remaining-resource:
      - Microsoft.Compute/GetVMImageFromLocation3Min;12997,Microsoft.Compute/GetVMImageFromLocation30Min;73986
    status:
      code: 200
      message: OK
- request:
    body: null
    headers:
      Accept:
      - application/json
      Accept-Encoding:
      - gzip, deflate
      CommandName:
      - vm create
      Connection:
      - keep-alive
      ParameterSetName:
      - -g -n --image --priority --eviction-policy --max-price --admin-username --admin-password
        --authentication-type --nsg-rule
      User-Agent:
      - AZURECLI/2.53.0 (AAZ) azsdk-python-core/1.26.0 Python/3.10.9 (Windows-10-10.0.22621-SP0)
    method: GET
    uri: https://management.azure.com/subscriptions/00000000-0000-0000-0000-000000000000/resourceGroups/cli_test_vm_priority_eviction_billing_000001/providers/Microsoft.Network/virtualNetworks?api-version=2022-01-01
  response:
    body:
      string: '{"value":[]}'
    headers:
      cache-control:
      - no-cache
      content-length:
      - '12'
      content-type:
      - application/json; charset=utf-8
      date:
      - Fri, 13 Oct 2023 08:07:30 GMT
      expires:
      - '-1'
      pragma:
      - no-cache
      strict-transport-security:
      - max-age=31536000; includeSubDomains
      vary:
      - Accept-Encoding
      x-content-type-options:
      - nosniff
    status:
      code: 200
      message: OK
- request:
    body: null
    headers:
      Accept:
      - application/json
      Accept-Encoding:
      - gzip, deflate
      CommandName:
      - vm create
      Connection:
      - keep-alive
      ParameterSetName:
      - -g -n --image --priority --eviction-policy --max-price --admin-username --admin-password
        --authentication-type --nsg-rule
      User-Agent:
      - AZURECLI/2.53.0 azsdk-python-azure-mgmt-compute/30.0.0 Python/3.10.9 (Windows-10-10.0.22621-SP0)
    method: GET
    uri: https://management.azure.com/subscriptions/00000000-0000-0000-0000-000000000000/providers/Microsoft.Compute/locations/westus/publishers/Canonical/artifacttypes/vmimage/offers/UbuntuServer/skus/18.04-LTS/versions?$top=1&$orderby=name%20desc&api-version=2022-11-01
  response:
    body:
      string: "[\r\n  {\r\n    \"location\": \"westus\",\r\n    \"name\": \"18.04.202306070\"\
        ,\r\n    \"id\": \"/Subscriptions/00000000-0000-0000-0000-000000000000/Providers/Microsoft.Compute/Locations/westus/Publishers/Canonical/ArtifactTypes/VMImage/Offers/UbuntuServer/Skus/18.04-LTS/Versions/18.04.202306070\"\
        \r\n  }\r\n]"
    headers:
      cache-control:
      - no-cache
      content-length:
      - '286'
      content-type:
      - application/json; charset=utf-8
      date:
      - Fri, 13 Oct 2023 08:07:31 GMT
      expires:
      - '-1'
      pragma:
      - no-cache
      server:
      - Microsoft-HTTPAPI/2.0
      - Microsoft-HTTPAPI/2.0
      strict-transport-security:
      - max-age=31536000; includeSubDomains
      transfer-encoding:
      - chunked
      vary:
      - Accept-Encoding
      x-content-type-options:
      - nosniff
      x-ms-ratelimit-remaining-resource:
      - Microsoft.Compute/ListVMImagesVersionsFromLocation3Min;15994,Microsoft.Compute/ListVMImagesVersionsFromLocation30Min;43976
    status:
      code: 200
      message: OK
- request:
    body: null
    headers:
      Accept:
      - application/json
      Accept-Encoding:
      - gzip, deflate
      CommandName:
      - vm create
      Connection:
      - keep-alive
      ParameterSetName:
      - -g -n --image --priority --eviction-policy --max-price --admin-username --admin-password
        --authentication-type --nsg-rule
      User-Agent:
      - AZURECLI/2.53.0 azsdk-python-azure-mgmt-compute/30.0.0 Python/3.10.9 (Windows-10-10.0.22621-SP0)
    method: GET
    uri: https://management.azure.com/subscriptions/00000000-0000-0000-0000-000000000000/providers/Microsoft.Compute/locations/westus/publishers/Canonical/artifacttypes/vmimage/offers/UbuntuServer/skus/18.04-LTS/versions/18.04.202306070?api-version=2022-11-01
  response:
    body:
      string: "{\r\n  \"properties\": {\r\n    \"hyperVGeneration\": \"V1\",\r\n \
        \   \"architecture\": \"x64\",\r\n    \"replicaType\": \"Unmanaged\",\r\n\
        \    \"disallowed\": {\r\n      \"vmDiskType\": \"None\"\r\n    },\r\n   \
        \ \"automaticOSUpgradeProperties\": {\r\n      \"automaticOSUpgradeSupported\"\
        : true\r\n    },\r\n    \"imageDeprecationStatus\": {\r\n      \"imageState\"\
        : \"Active\"\r\n    },\r\n    \"features\": [\r\n      {\r\n        \"name\"\
        : \"IsAcceleratedNetworkSupported\",\r\n        \"value\": \"True\"\r\n  \
        \    },\r\n      {\r\n        \"name\": \"DiskControllerTypes\",\r\n     \
        \   \"value\": \"SCSI, NVMe\"\r\n      },\r\n      {\r\n        \"name\":\
        \ \"IsHibernateSupported\",\r\n        \"value\": \"True\"\r\n      }\r\n\
        \    ],\r\n    \"osDiskImage\": {\r\n      \"operatingSystem\": \"Linux\"\
        ,\r\n      \"sizeInBytes\": 32213303808\r\n    },\r\n    \"dataDiskImages\"\
        : []\r\n  },\r\n  \"location\": \"westus\",\r\n  \"name\": \"18.04.202306070\"\
        ,\r\n  \"id\": \"/Subscriptions/00000000-0000-0000-0000-000000000000/Providers/Microsoft.Compute/Locations/westus/Publishers/Canonical/ArtifactTypes/VMImage/Offers/UbuntuServer/Skus/18.04-LTS/Versions/18.04.202306070\"\
        \r\n}"
    headers:
      cache-control:
      - no-cache
      content-length:
      - '1025'
      content-type:
      - application/json; charset=utf-8
      date:
      - Fri, 13 Oct 2023 08:07:32 GMT
      expires:
      - '-1'
      pragma:
      - no-cache
      server:
      - Microsoft-HTTPAPI/2.0
      - Microsoft-HTTPAPI/2.0
      strict-transport-security:
      - max-age=31536000; includeSubDomains
      transfer-encoding:
      - chunked
      vary:
      - Accept-Encoding
      x-content-type-options:
      - nosniff
      x-ms-ratelimit-remaining-resource:
      - Microsoft.Compute/GetVMImageFromLocation3Min;12996,Microsoft.Compute/GetVMImageFromLocation30Min;73985
    status:
      code: 200
      message: OK
- request:
    body: null
    headers:
      Accept:
      - application/json
      Accept-Encoding:
      - gzip, deflate
      CommandName:
      - vm create
      Connection:
      - keep-alive
      ParameterSetName:
      - -g -n --image --priority --eviction-policy --max-price --admin-username --admin-password
        --authentication-type --nsg-rule
      User-Agent:
      - AZURECLI/2.53.0 azsdk-python-azure-mgmt-compute/30.0.0 Python/3.10.9 (Windows-10-10.0.22621-SP0)
    method: GET
    uri: https://management.azure.com/subscriptions/00000000-0000-0000-0000-000000000000/providers/Microsoft.Compute/locations/westus/publishers/Canonical/artifacttypes/vmimage/offers/UbuntuServer/skus/18.04-LTS/versions?$top=1&$orderby=name%20desc&api-version=2022-11-01
  response:
    body:
      string: "[\r\n  {\r\n    \"location\": \"westus\",\r\n    \"name\": \"18.04.202306070\"\
        ,\r\n    \"id\": \"/Subscriptions/00000000-0000-0000-0000-000000000000/Providers/Microsoft.Compute/Locations/westus/Publishers/Canonical/ArtifactTypes/VMImage/Offers/UbuntuServer/Skus/18.04-LTS/Versions/18.04.202306070\"\
        \r\n  }\r\n]"
    headers:
      cache-control:
      - no-cache
      content-length:
      - '286'
      content-type:
      - application/json; charset=utf-8
      date:
      - Fri, 13 Oct 2023 08:07:33 GMT
      expires:
      - '-1'
      pragma:
      - no-cache
      server:
      - Microsoft-HTTPAPI/2.0
      - Microsoft-HTTPAPI/2.0
      strict-transport-security:
      - max-age=31536000; includeSubDomains
      transfer-encoding:
      - chunked
      vary:
      - Accept-Encoding
      x-content-type-options:
      - nosniff
      x-ms-ratelimit-remaining-resource:
      - Microsoft.Compute/ListVMImagesVersionsFromLocation3Min;15993,Microsoft.Compute/ListVMImagesVersionsFromLocation30Min;43975
    status:
      code: 200
      message: OK
- request:
    body: null
    headers:
      Accept:
      - application/json
      Accept-Encoding:
      - gzip, deflate
      CommandName:
      - vm create
      Connection:
      - keep-alive
      ParameterSetName:
      - -g -n --image --priority --eviction-policy --max-price --admin-username --admin-password
        --authentication-type --nsg-rule
      User-Agent:
      - AZURECLI/2.53.0 azsdk-python-azure-mgmt-compute/30.0.0 Python/3.10.9 (Windows-10-10.0.22621-SP0)
    method: GET
    uri: https://management.azure.com/subscriptions/00000000-0000-0000-0000-000000000000/providers/Microsoft.Compute/locations/westus/publishers/Canonical/artifacttypes/vmimage/offers/UbuntuServer/skus/18.04-LTS/versions/18.04.202306070?api-version=2022-11-01
  response:
    body:
      string: "{\r\n  \"properties\": {\r\n    \"hyperVGeneration\": \"V1\",\r\n \
        \   \"architecture\": \"x64\",\r\n    \"replicaType\": \"Unmanaged\",\r\n\
        \    \"disallowed\": {\r\n      \"vmDiskType\": \"None\"\r\n    },\r\n   \
        \ \"automaticOSUpgradeProperties\": {\r\n      \"automaticOSUpgradeSupported\"\
        : true\r\n    },\r\n    \"imageDeprecationStatus\": {\r\n      \"imageState\"\
        : \"Active\"\r\n    },\r\n    \"features\": [\r\n      {\r\n        \"name\"\
        : \"IsAcceleratedNetworkSupported\",\r\n        \"value\": \"True\"\r\n  \
        \    },\r\n      {\r\n        \"name\": \"DiskControllerTypes\",\r\n     \
        \   \"value\": \"SCSI, NVMe\"\r\n      },\r\n      {\r\n        \"name\":\
        \ \"IsHibernateSupported\",\r\n        \"value\": \"True\"\r\n      }\r\n\
        \    ],\r\n    \"osDiskImage\": {\r\n      \"operatingSystem\": \"Linux\"\
        ,\r\n      \"sizeInBytes\": 32213303808\r\n    },\r\n    \"dataDiskImages\"\
        : []\r\n  },\r\n  \"location\": \"westus\",\r\n  \"name\": \"18.04.202306070\"\
        ,\r\n  \"id\": \"/Subscriptions/00000000-0000-0000-0000-000000000000/Providers/Microsoft.Compute/Locations/westus/Publishers/Canonical/ArtifactTypes/VMImage/Offers/UbuntuServer/Skus/18.04-LTS/Versions/18.04.202306070\"\
        \r\n}"
    headers:
      cache-control:
      - no-cache
      content-length:
      - '1025'
      content-type:
      - application/json; charset=utf-8
      date:
      - Fri, 13 Oct 2023 08:07:34 GMT
      expires:
      - '-1'
      pragma:
      - no-cache
      server:
      - Microsoft-HTTPAPI/2.0
      - Microsoft-HTTPAPI/2.0
      strict-transport-security:
      - max-age=31536000; includeSubDomains
      transfer-encoding:
      - chunked
      vary:
      - Accept-Encoding
      x-content-type-options:
      - nosniff
      x-ms-ratelimit-remaining-resource:
      - Microsoft.Compute/GetVMImageFromLocation3Min;12995,Microsoft.Compute/GetVMImageFromLocation30Min;73984
    status:
      code: 200
      message: OK
- request:
    body: '{"properties": {"template": {"$schema": "https://schema.management.azure.com/schemas/2015-01-01/deploymentTemplate.json#",
      "contentVersion": "1.0.0.0", "parameters": {"adminPassword": {"type": "securestring",
      "metadata": {"description": "Secure adminPassword"}}}, "variables": {}, "resources":
      [{"name": "vm1VNET", "type": "Microsoft.Network/virtualNetworks", "location":
      "westus", "apiVersion": "2015-06-15", "dependsOn": [], "tags": {}, "properties":
      {"addressSpace": {"addressPrefixes": ["10.0.0.0/16"]}, "subnets": [{"name":
      "vm1Subnet", "properties": {"addressPrefix": "10.0.0.0/24"}}]}}, {"type": "Microsoft.Network/networkSecurityGroups",
      "name": "vm1NSG", "apiVersion": "2015-06-15", "location": "westus", "tags":
      {}, "dependsOn": []}, {"apiVersion": "2022-01-01", "type": "Microsoft.Network/publicIPAddresses",
      "name": "vm1PublicIP", "location": "westus", "tags": {}, "dependsOn": [], "properties":
      {"publicIPAllocationMethod": null}}, {"apiVersion": "2015-06-15", "type": "Microsoft.Network/networkInterfaces",
      "name": "vm1VMNic", "location": "westus", "tags": {}, "dependsOn": ["Microsoft.Network/virtualNetworks/vm1VNET",
      "Microsoft.Network/networkSecurityGroups/vm1NSG", "Microsoft.Network/publicIpAddresses/vm1PublicIP"],
      "properties": {"ipConfigurations": [{"name": "ipconfigvm1", "properties": {"privateIPAllocationMethod":
      "Dynamic", "subnet": {"id": "/subscriptions/00000000-0000-0000-0000-000000000000/resourceGroups/cli_test_vm_priority_eviction_billing_000001/providers/Microsoft.Network/virtualNetworks/vm1VNET/subnets/vm1Subnet"},
      "publicIPAddress": {"id": "/subscriptions/00000000-0000-0000-0000-000000000000/resourceGroups/cli_test_vm_priority_eviction_billing_000001/providers/Microsoft.Network/publicIPAddresses/vm1PublicIP"}}}],
      "networkSecurityGroup": {"id": "/subscriptions/00000000-0000-0000-0000-000000000000/resourceGroups/cli_test_vm_priority_eviction_billing_000001/providers/Microsoft.Network/networkSecurityGroups/vm1NSG"}}},
      {"apiVersion": "2022-11-01", "type": "Microsoft.Compute/virtualMachines", "name":
      "vm1", "location": "westus", "tags": {}, "dependsOn": ["Microsoft.Network/networkInterfaces/vm1VMNic"],
      "properties": {"hardwareProfile": {"vmSize": "Standard_DS1_v2"}, "networkProfile":
      {"networkInterfaces": [{"id": "/subscriptions/00000000-0000-0000-0000-000000000000/resourceGroups/cli_test_vm_priority_eviction_billing_000001/providers/Microsoft.Network/networkInterfaces/vm1VMNic",
      "properties": {"deleteOption": null}}]}, "storageProfile": {"osDisk": {"createOption":
      "fromImage", "name": null, "caching": "ReadWrite", "managedDisk": {"storageAccountType":
      null}}, "imageReference": {"publisher": "Canonical", "offer": "UbuntuServer",
      "sku": "18.04-LTS", "version": "latest"}}, "osProfile": {"computerName": "vm1",
      "adminUsername": "azureuser", "adminPassword": "[parameters(''adminPassword'')]"},
      "priority": "Low", "evictionPolicy": "Deallocate", "billingProfile": {"maxPrice":
      50.0}}}], "outputs": {}}, "parameters": {"adminPassword": {"value": "testPassword0"}},
      "mode": "incremental"}}'
    headers:
      Accept:
      - application/json
      Accept-Encoding:
      - gzip, deflate
      CommandName:
      - vm create
      Connection:
      - keep-alive
      Content-Length:
      - '3039'
      Content-Type:
      - application/json
      ParameterSetName:
      - -g -n --image --priority --eviction-policy --max-price --admin-username --admin-password
        --authentication-type --nsg-rule
      User-Agent:
      - AZURECLI/2.53.0 azsdk-python-azure-mgmt-resource/23.1.0b2 Python/3.10.9 (Windows-10-10.0.22621-SP0)
    method: PUT
    uri: https://management.azure.com/subscriptions/00000000-0000-0000-0000-000000000000/resourcegroups/cli_test_vm_priority_eviction_billing_000001/providers/Microsoft.Resources/deployments/mock-deployment?api-version=2022-09-01
  response:
    body:
      string: '{"id":"/subscriptions/00000000-0000-0000-0000-000000000000/resourceGroups/cli_test_vm_priority_eviction_billing_000001/providers/Microsoft.Resources/deployments/vm_deploy_1o5fzBHVhUCLv1vi6svtfLsk9CbdETf1","name":"vm_deploy_1o5fzBHVhUCLv1vi6svtfLsk9CbdETf1","type":"Microsoft.Resources/deployments","properties":{"templateHash":"287210833838922670","parameters":{"adminPassword":{"type":"SecureString"}},"mode":"Incremental","provisioningState":"Accepted","timestamp":"2023-10-13T08:07:42.9875922Z","duration":"PT0.000113S","correlationId":"1d5f725f-e537-4d2b-abf1-40243b52eb5a","providers":[{"namespace":"Microsoft.Network","resourceTypes":[{"resourceType":"virtualNetworks","locations":["westus"]},{"resourceType":"networkSecurityGroups","locations":["westus"]},{"resourceType":"publicIPAddresses","locations":["westus"]},{"resourceType":"networkInterfaces","locations":["westus"]}]},{"namespace":"Microsoft.Compute","resourceTypes":[{"resourceType":"virtualMachines","locations":["westus"]}]}],"dependencies":[{"dependsOn":[{"id":"/subscriptions/00000000-0000-0000-0000-000000000000/resourceGroups/cli_test_vm_priority_eviction_billing_000001/providers/Microsoft.Network/virtualNetworks/vm1VNET","resourceType":"Microsoft.Network/virtualNetworks","resourceName":"vm1VNET"},{"id":"/subscriptions/00000000-0000-0000-0000-000000000000/resourceGroups/cli_test_vm_priority_eviction_billing_000001/providers/Microsoft.Network/networkSecurityGroups/vm1NSG","resourceType":"Microsoft.Network/networkSecurityGroups","resourceName":"vm1NSG"},{"id":"/subscriptions/00000000-0000-0000-0000-000000000000/resourceGroups/cli_test_vm_priority_eviction_billing_000001/providers/Microsoft.Network/publicIPAddresses/vm1PublicIP","resourceType":"Microsoft.Network/publicIPAddresses","resourceName":"vm1PublicIP"}],"id":"/subscriptions/00000000-0000-0000-0000-000000000000/resourceGroups/cli_test_vm_priority_eviction_billing_000001/providers/Microsoft.Network/networkInterfaces/vm1VMNic","resourceType":"Microsoft.Network/networkInterfaces","resourceName":"vm1VMNic"},{"dependsOn":[{"id":"/subscriptions/00000000-0000-0000-0000-000000000000/resourceGroups/cli_test_vm_priority_eviction_billing_000001/providers/Microsoft.Network/networkInterfaces/vm1VMNic","resourceType":"Microsoft.Network/networkInterfaces","resourceName":"vm1VMNic"}],"id":"/subscriptions/00000000-0000-0000-0000-000000000000/resourceGroups/cli_test_vm_priority_eviction_billing_000001/providers/Microsoft.Compute/virtualMachines/vm1","resourceType":"Microsoft.Compute/virtualMachines","resourceName":"vm1"}]}}'
    headers:
      azure-asyncoperation:
      - https://management.azure.com/subscriptions/00000000-0000-0000-0000-000000000000/resourcegroups/cli_test_vm_priority_eviction_billing_000001/providers/Microsoft.Resources/deployments/vm_deploy_1o5fzBHVhUCLv1vi6svtfLsk9CbdETf1/operationStatuses/08585044224253474263?api-version=2022-09-01
      cache-control:
      - no-cache
      content-length:
      - '2562'
      content-type:
      - application/json; charset=utf-8
      date:
      - Fri, 13 Oct 2023 08:07:44 GMT
      expires:
      - '-1'
      pragma:
      - no-cache
      strict-transport-security:
      - max-age=31536000; includeSubDomains
      x-content-type-options:
      - nosniff
      x-ms-ratelimit-remaining-subscription-writes:
      - '1196'
    status:
      code: 201
      message: Created
- request:
    body: null
    headers:
      Accept:
      - '*/*'
      Accept-Encoding:
      - gzip, deflate
      CommandName:
      - vm create
      Connection:
      - keep-alive
      ParameterSetName:
      - -g -n --image --priority --eviction-policy --max-price --admin-username --admin-password
        --authentication-type --nsg-rule
      User-Agent:
      - AZURECLI/2.53.0 azsdk-python-azure-mgmt-resource/23.1.0b2 Python/3.10.9 (Windows-10-10.0.22621-SP0)
    method: GET
    uri: https://management.azure.com/subscriptions/00000000-0000-0000-0000-000000000000/resourcegroups/cli_test_vm_priority_eviction_billing_000001/providers/Microsoft.Resources/deployments/mock-deployment/operationStatuses/08585044224253474263?api-version=2022-09-01
  response:
    body:
      string: '{"status":"Running"}'
    headers:
      cache-control:
      - no-cache
      content-length:
      - '20'
      content-type:
      - application/json; charset=utf-8
      date:
      - Fri, 13 Oct 2023 08:07:44 GMT
      expires:
      - '-1'
      pragma:
      - no-cache
      strict-transport-security:
      - max-age=31536000; includeSubDomains
      vary:
      - Accept-Encoding
      x-content-type-options:
      - nosniff
    status:
      code: 200
      message: OK
- request:
    body: null
    headers:
      Accept:
      - '*/*'
      Accept-Encoding:
      - gzip, deflate
      CommandName:
      - vm create
      Connection:
      - keep-alive
      ParameterSetName:
      - -g -n --image --priority --eviction-policy --max-price --admin-username --admin-password
        --authentication-type --nsg-rule
      User-Agent:
      - AZURECLI/2.53.0 azsdk-python-azure-mgmt-resource/23.1.0b2 Python/3.10.9 (Windows-10-10.0.22621-SP0)
    method: GET
    uri: https://management.azure.com/subscriptions/00000000-0000-0000-0000-000000000000/resourcegroups/cli_test_vm_priority_eviction_billing_000001/providers/Microsoft.Resources/deployments/mock-deployment/operationStatuses/08585044224253474263?api-version=2022-09-01
  response:
    body:
      string: '{"status":"Running"}'
    headers:
      cache-control:
      - no-cache
      content-length:
      - '20'
      content-type:
      - application/json; charset=utf-8
      date:
      - Fri, 13 Oct 2023 08:08:14 GMT
      expires:
      - '-1'
      pragma:
      - no-cache
      strict-transport-security:
      - max-age=31536000; includeSubDomains
      vary:
      - Accept-Encoding
      x-content-type-options:
      - nosniff
    status:
      code: 200
      message: OK
- request:
    body: null
    headers:
      Accept:
      - '*/*'
      Accept-Encoding:
      - gzip, deflate
      CommandName:
      - vm create
      Connection:
      - keep-alive
      ParameterSetName:
      - -g -n --image --priority --eviction-policy --max-price --admin-username --admin-password
        --authentication-type --nsg-rule
      User-Agent:
      - AZURECLI/2.53.0 azsdk-python-azure-mgmt-resource/23.1.0b2 Python/3.10.9 (Windows-10-10.0.22621-SP0)
    method: GET
    uri: https://management.azure.com/subscriptions/00000000-0000-0000-0000-000000000000/resourcegroups/cli_test_vm_priority_eviction_billing_000001/providers/Microsoft.Resources/deployments/mock-deployment/operationStatuses/08585044224253474263?api-version=2022-09-01
  response:
    body:
      string: '{"status":"Succeeded"}'
    headers:
      cache-control:
      - no-cache
      content-length:
      - '22'
      content-type:
      - application/json; charset=utf-8
      date:
      - Fri, 13 Oct 2023 08:08:45 GMT
      expires:
      - '-1'
      pragma:
      - no-cache
      strict-transport-security:
      - max-age=31536000; includeSubDomains
      vary:
      - Accept-Encoding
      x-content-type-options:
      - nosniff
    status:
      code: 200
      message: OK
- request:
    body: null
    headers:
      Accept:
      - '*/*'
      Accept-Encoding:
      - gzip, deflate
      CommandName:
      - vm create
      Connection:
      - keep-alive
      ParameterSetName:
      - -g -n --image --priority --eviction-policy --max-price --admin-username --admin-password
        --authentication-type --nsg-rule
      User-Agent:
      - AZURECLI/2.53.0 azsdk-python-azure-mgmt-resource/23.1.0b2 Python/3.10.9 (Windows-10-10.0.22621-SP0)
    method: GET
    uri: https://management.azure.com/subscriptions/00000000-0000-0000-0000-000000000000/resourcegroups/cli_test_vm_priority_eviction_billing_000001/providers/Microsoft.Resources/deployments/mock-deployment?api-version=2022-09-01
  response:
    body:
      string: '{"id":"/subscriptions/00000000-0000-0000-0000-000000000000/resourceGroups/cli_test_vm_priority_eviction_billing_000001/providers/Microsoft.Resources/deployments/vm_deploy_1o5fzBHVhUCLv1vi6svtfLsk9CbdETf1","name":"vm_deploy_1o5fzBHVhUCLv1vi6svtfLsk9CbdETf1","type":"Microsoft.Resources/deployments","properties":{"templateHash":"287210833838922670","parameters":{"adminPassword":{"type":"SecureString"}},"mode":"Incremental","provisioningState":"Succeeded","timestamp":"2023-10-13T08:08:32.1713644Z","duration":"PT49.1838852S","correlationId":"1d5f725f-e537-4d2b-abf1-40243b52eb5a","providers":[{"namespace":"Microsoft.Network","resourceTypes":[{"resourceType":"virtualNetworks","locations":["westus"]},{"resourceType":"networkSecurityGroups","locations":["westus"]},{"resourceType":"publicIPAddresses","locations":["westus"]},{"resourceType":"networkInterfaces","locations":["westus"]}]},{"namespace":"Microsoft.Compute","resourceTypes":[{"resourceType":"virtualMachines","locations":["westus"]}]}],"dependencies":[{"dependsOn":[{"id":"/subscriptions/00000000-0000-0000-0000-000000000000/resourceGroups/cli_test_vm_priority_eviction_billing_000001/providers/Microsoft.Network/virtualNetworks/vm1VNET","resourceType":"Microsoft.Network/virtualNetworks","resourceName":"vm1VNET"},{"id":"/subscriptions/00000000-0000-0000-0000-000000000000/resourceGroups/cli_test_vm_priority_eviction_billing_000001/providers/Microsoft.Network/networkSecurityGroups/vm1NSG","resourceType":"Microsoft.Network/networkSecurityGroups","resourceName":"vm1NSG"},{"id":"/subscriptions/00000000-0000-0000-0000-000000000000/resourceGroups/cli_test_vm_priority_eviction_billing_000001/providers/Microsoft.Network/publicIPAddresses/vm1PublicIP","resourceType":"Microsoft.Network/publicIPAddresses","resourceName":"vm1PublicIP"}],"id":"/subscriptions/00000000-0000-0000-0000-000000000000/resourceGroups/cli_test_vm_priority_eviction_billing_000001/providers/Microsoft.Network/networkInterfaces/vm1VMNic","resourceType":"Microsoft.Network/networkInterfaces","resourceName":"vm1VMNic"},{"dependsOn":[{"id":"/subscriptions/00000000-0000-0000-0000-000000000000/resourceGroups/cli_test_vm_priority_eviction_billing_000001/providers/Microsoft.Network/networkInterfaces/vm1VMNic","resourceType":"Microsoft.Network/networkInterfaces","resourceName":"vm1VMNic"}],"id":"/subscriptions/00000000-0000-0000-0000-000000000000/resourceGroups/cli_test_vm_priority_eviction_billing_000001/providers/Microsoft.Compute/virtualMachines/vm1","resourceType":"Microsoft.Compute/virtualMachines","resourceName":"vm1"}],"outputs":{},"outputResources":[{"id":"/subscriptions/00000000-0000-0000-0000-000000000000/resourceGroups/cli_test_vm_priority_eviction_billing_000001/providers/Microsoft.Compute/virtualMachines/vm1"},{"id":"/subscriptions/00000000-0000-0000-0000-000000000000/resourceGroups/cli_test_vm_priority_eviction_billing_000001/providers/Microsoft.Network/networkInterfaces/vm1VMNic"},{"id":"/subscriptions/00000000-0000-0000-0000-000000000000/resourceGroups/cli_test_vm_priority_eviction_billing_000001/providers/Microsoft.Network/networkSecurityGroups/vm1NSG"},{"id":"/subscriptions/00000000-0000-0000-0000-000000000000/resourceGroups/cli_test_vm_priority_eviction_billing_000001/providers/Microsoft.Network/publicIPAddresses/vm1PublicIP"},{"id":"/subscriptions/00000000-0000-0000-0000-000000000000/resourceGroups/cli_test_vm_priority_eviction_billing_000001/providers/Microsoft.Network/virtualNetworks/vm1VNET"}]}}'
    headers:
      cache-control:
      - no-cache
      content-length:
      - '3473'
      content-type:
      - application/json; charset=utf-8
      date:
      - Fri, 13 Oct 2023 08:08:45 GMT
      expires:
      - '-1'
      pragma:
      - no-cache
      strict-transport-security:
      - max-age=31536000; includeSubDomains
      vary:
      - Accept-Encoding
      x-content-type-options:
      - nosniff
    status:
      code: 200
      message: OK
- request:
    body: null
    headers:
      Accept:
      - application/json
      Accept-Encoding:
      - gzip, deflate
      CommandName:
      - vm create
      Connection:
      - keep-alive
      ParameterSetName:
      - -g -n --image --priority --eviction-policy --max-price --admin-username --admin-password
        --authentication-type --nsg-rule
      User-Agent:
      - AZURECLI/2.53.0 azsdk-python-azure-mgmt-compute/30.0.0 Python/3.10.9 (Windows-10-10.0.22621-SP0)
    method: GET
    uri: https://management.azure.com/subscriptions/00000000-0000-0000-0000-000000000000/resourceGroups/cli_test_vm_priority_eviction_billing_000001/providers/Microsoft.Compute/virtualMachines/vm1?$expand=instanceView&api-version=2022-11-01
  response:
    body:
      string: "{\r\n  \"name\": \"vm1\",\r\n  \"id\": \"/subscriptions/00000000-0000-0000-0000-000000000000/resourceGroups/cli_test_vm_priority_eviction_billing_000001/providers/Microsoft.Compute/virtualMachines/vm1\"\
        ,\r\n  \"type\": \"Microsoft.Compute/virtualMachines\",\r\n  \"location\"\
        : \"westus\",\r\n  \"tags\": {},\r\n  \"properties\": {\r\n    \"hardwareProfile\"\
        : {\r\n      \"vmSize\": \"Standard_DS1_v2\"\r\n    },\r\n    \"provisioningState\"\
        : \"Succeeded\",\r\n    \"vmId\": \"b9289256-2838-49ae-b031-b729f6f3f020\"\
        ,\r\n    \"storageProfile\": {\r\n      \"imageReference\": {\r\n        \"\
        publisher\": \"Canonical\",\r\n        \"offer\": \"UbuntuServer\",\r\n  \
        \      \"sku\": \"18.04-LTS\",\r\n        \"version\": \"latest\",\r\n   \
        \     \"exactVersion\": \"18.04.202306070\"\r\n      },\r\n      \"osDisk\"\
        : {\r\n        \"osType\": \"Linux\",\r\n        \"name\": \"vm1_OsDisk_1_ca78a05d17644738bcf2535e4df851ad\"\
        ,\r\n        \"createOption\": \"FromImage\",\r\n        \"caching\": \"ReadWrite\"\
        ,\r\n        \"managedDisk\": {\r\n          \"storageAccountType\": \"Premium_LRS\"\
        ,\r\n          \"id\": \"/subscriptions/00000000-0000-0000-0000-000000000000/resourceGroups/cli_test_vm_priority_eviction_billing_000001/providers/Microsoft.Compute/disks/vm1_OsDisk_1_ca78a05d17644738bcf2535e4df851ad\"\
        \r\n        },\r\n        \"deleteOption\": \"Detach\",\r\n        \"diskSizeGB\"\
        : 30\r\n      },\r\n      \"dataDisks\": []\r\n    },\r\n    \"osProfile\"\
        : {\r\n      \"computerName\": \"vm1\",\r\n      \"adminUsername\": \"azureuser\"\
        ,\r\n      \"linuxConfiguration\": {\r\n        \"disablePasswordAuthentication\"\
        : false,\r\n        \"provisionVMAgent\": true,\r\n        \"patchSettings\"\
        : {\r\n          \"patchMode\": \"ImageDefault\",\r\n          \"assessmentMode\"\
        : \"ImageDefault\"\r\n        },\r\n        \"enableVMAgentPlatformUpdates\"\
        : false\r\n      },\r\n      \"secrets\": [],\r\n      \"allowExtensionOperations\"\
        : true,\r\n      \"requireGuestProvisionSignal\": true\r\n    },\r\n    \"\
        networkProfile\": {\"networkInterfaces\":[{\"id\":\"/subscriptions/00000000-0000-0000-0000-000000000000/resourceGroups/cli_test_vm_priority_eviction_billing_000001/providers/Microsoft.Network/networkInterfaces/vm1VMNic\"\
        }]},\r\n    \"priority\": \"Low\",\r\n    \"evictionPolicy\": \"Deallocate\"\
        ,\r\n    \"billingProfile\": {\r\n      \"maxPrice\": 50.0\r\n    },\r\n \
        \   \"instanceView\": {\r\n      \"computerName\": \"vm1\",\r\n      \"osName\"\
        : \"ubuntu\",\r\n      \"osVersion\": \"18.04\",\r\n      \"vmAgent\": {\r\
        \n        \"vmAgentVersion\": \"2.9.1.1\",\r\n        \"statuses\": [\r\n\
        \          {\r\n            \"code\": \"ProvisioningState/succeeded\",\r\n\
        \            \"level\": \"Info\",\r\n            \"displayStatus\": \"Ready\"\
        ,\r\n            \"message\": \"Guest Agent is running\",\r\n            \"\
        time\": \"2023-10-13T08:08:39+00:00\"\r\n          }\r\n        ],\r\n   \
        \     \"extensionHandlers\": []\r\n      },\r\n      \"disks\": [\r\n    \
        \    {\r\n          \"name\": \"vm1_OsDisk_1_ca78a05d17644738bcf2535e4df851ad\"\
        ,\r\n          \"statuses\": [\r\n            {\r\n              \"code\"\
        : \"ProvisioningState/succeeded\",\r\n              \"level\": \"Info\",\r\
        \n              \"displayStatus\": \"Provisioning succeeded\",\r\n       \
        \       \"time\": \"2023-10-13T08:08:01.8878709+00:00\"\r\n            }\r\
        \n          ]\r\n        }\r\n      ],\r\n      \"hyperVGeneration\": \"V1\"\
        ,\r\n      \"statuses\": [\r\n        {\r\n          \"code\": \"ProvisioningState/succeeded\"\
        ,\r\n          \"level\": \"Info\",\r\n          \"displayStatus\": \"Provisioning\
        \ succeeded\",\r\n          \"time\": \"2023-10-13T08:08:26.3880208+00:00\"\
        \r\n        },\r\n        {\r\n          \"code\": \"PowerState/running\"\
        ,\r\n          \"level\": \"Info\",\r\n          \"displayStatus\": \"VM running\"\
        \r\n        }\r\n      ]\r\n    },\r\n    \"timeCreated\": \"2023-10-13T08:08:00.7004153+00:00\"\
        \r\n  }\r\n}"
    headers:
      cache-control:
      - no-cache
      content-length:
      - '3471'
      content-type:
      - application/json; charset=utf-8
      date:
      - Fri, 13 Oct 2023 08:08:47 GMT
      expires:
      - '-1'
      pragma:
      - no-cache
      server:
      - Microsoft-HTTPAPI/2.0
      - Microsoft-HTTPAPI/2.0
      strict-transport-security:
      - max-age=31536000; includeSubDomains
      transfer-encoding:
      - chunked
      vary:
      - Accept-Encoding
      x-content-type-options:
      - nosniff
      x-ms-ratelimit-remaining-resource:
      - Microsoft.Compute/LowCostGetSubscriptionMaximum;23979,Microsoft.Compute/LowCostGetResource;32
    status:
      code: 200
      message: OK
- request:
    body: null
    headers:
      Accept:
      - application/json
      Accept-Encoding:
      - gzip, deflate
      CommandName:
      - vm create
      Connection:
      - keep-alive
      ParameterSetName:
      - -g -n --image --priority --eviction-policy --max-price --admin-username --admin-password
        --authentication-type --nsg-rule
      User-Agent:
      - AZURECLI/2.53.0 (AAZ) azsdk-python-core/1.26.0 Python/3.10.9 (Windows-10-10.0.22621-SP0)
    method: GET
    uri: https://management.azure.com/subscriptions/00000000-0000-0000-0000-000000000000/resourceGroups/cli_test_vm_priority_eviction_billing_000001/providers/Microsoft.Network/networkInterfaces/vm1VMNic?api-version=2022-01-01
  response:
    body:
      string: "{\r\n  \"name\": \"vm1VMNic\",\r\n  \"id\": \"/subscriptions/00000000-0000-0000-0000-000000000000/resourceGroups/cli_test_vm_priority_eviction_billing_000001/providers/Microsoft.Network/networkInterfaces/vm1VMNic\"\
        ,\r\n  \"etag\": \"W/\\\"d49b4887-3052-41e1-8d82-ed7b428bb90f\\\"\",\r\n \
        \ \"tags\": {},\r\n  \"properties\": {\r\n    \"provisioningState\": \"Succeeded\"\
        ,\r\n    \"resourceGuid\": \"a70b0874-a4a4-48ef-ad04-dfa600fcf98a\",\r\n \
        \   \"ipConfigurations\": [\r\n      {\r\n        \"name\": \"ipconfigvm1\"\
        ,\r\n        \"id\": \"/subscriptions/00000000-0000-0000-0000-000000000000/resourceGroups/cli_test_vm_priority_eviction_billing_000001/providers/Microsoft.Network/networkInterfaces/vm1VMNic/ipConfigurations/ipconfigvm1\"\
        ,\r\n        \"etag\": \"W/\\\"d49b4887-3052-41e1-8d82-ed7b428bb90f\\\"\"\
        ,\r\n        \"type\": \"Microsoft.Network/networkInterfaces/ipConfigurations\"\
        ,\r\n        \"properties\": {\r\n          \"provisioningState\": \"Succeeded\"\
        ,\r\n          \"privateIPAddress\": \"10.0.0.4\",\r\n          \"privateIPAllocationMethod\"\
        : \"Dynamic\",\r\n          \"publicIPAddress\": {\r\n            \"id\":\
        \ \"/subscriptions/00000000-0000-0000-0000-000000000000/resourceGroups/cli_test_vm_priority_eviction_billing_000001/providers/Microsoft.Network/publicIPAddresses/vm1PublicIP\"\
        \r\n          },\r\n          \"subnet\": {\r\n            \"id\": \"/subscriptions/00000000-0000-0000-0000-000000000000/resourceGroups/cli_test_vm_priority_eviction_billing_000001/providers/Microsoft.Network/virtualNetworks/vm1VNET/subnets/vm1Subnet\"\
        \r\n          },\r\n          \"primary\": true,\r\n          \"privateIPAddressVersion\"\
        : \"IPv4\"\r\n        }\r\n      }\r\n    ],\r\n    \"dnsSettings\": {\r\n\
        \      \"dnsServers\": [],\r\n      \"appliedDnsServers\": [],\r\n      \"\
        internalDomainNameSuffix\": \"rjt35tnnwlvuvihwwowd0oxn2c.dx.internal.cloudapp.net\"\
        \r\n    },\r\n    \"macAddress\": \"00-0D-3A-5C-07-83\",\r\n    \"vnetEncryptionSupported\"\
        : false,\r\n    \"enableIPForwarding\": false,\r\n    \"networkSecurityGroup\"\
        : {\r\n      \"id\": \"/subscriptions/00000000-0000-0000-0000-000000000000/resourceGroups/cli_test_vm_priority_eviction_billing_000001/providers/Microsoft.Network/networkSecurityGroups/vm1NSG\"\
        \r\n    },\r\n    \"primary\": true,\r\n    \"virtualMachine\": {\r\n    \
        \  \"id\": \"/subscriptions/00000000-0000-0000-0000-000000000000/resourceGroups/cli_test_vm_priority_eviction_billing_000001/providers/Microsoft.Compute/virtualMachines/vm1\"\
        \r\n    },\r\n    \"hostedWorkloads\": [],\r\n    \"tapConfigurations\": [],\r\
        \n    \"nicType\": \"Standard\",\r\n    \"allowPort25Out\": true,\r\n    \"\
        auxiliaryMode\": \"None\"\r\n  },\r\n  \"type\": \"Microsoft.Network/networkInterfaces\"\
        ,\r\n  \"location\": \"westus\",\r\n  \"kind\": \"Regular\"\r\n}"
    headers:
      cache-control:
      - no-cache
      content-length:
      - '2545'
      content-type:
      - application/json; charset=utf-8
      date:
      - Fri, 13 Oct 2023 08:08:49 GMT
      etag:
      - W/"d49b4887-3052-41e1-8d82-ed7b428bb90f"
      expires:
      - '-1'
      pragma:
      - no-cache
      server:
      - Microsoft-HTTPAPI/2.0
      - Microsoft-HTTPAPI/2.0
      strict-transport-security:
      - max-age=31536000; includeSubDomains
      transfer-encoding:
      - chunked
      vary:
      - Accept-Encoding
      x-content-type-options:
      - nosniff
      x-ms-arm-service-request-id:
      - 5ed6b627-41cd-46ed-a1e2-2cb17fb35e4e
    status:
      code: 200
      message: OK
- request:
    body: null
    headers:
      Accept:
      - application/json
      Accept-Encoding:
      - gzip, deflate
      CommandName:
      - vm create
      Connection:
      - keep-alive
      ParameterSetName:
      - -g -n --image --priority --eviction-policy --max-price --admin-username --admin-password
        --authentication-type --nsg-rule
      User-Agent:
      - AZURECLI/2.53.0 (AAZ) azsdk-python-core/1.26.0 Python/3.10.9 (Windows-10-10.0.22621-SP0)
    method: GET
    uri: https://management.azure.com/subscriptions/00000000-0000-0000-0000-000000000000/resourceGroups/cli_test_vm_priority_eviction_billing_000001/providers/Microsoft.Network/publicIPAddresses/vm1PublicIP?api-version=2022-01-01
  response:
    body:
      string: "{\r\n  \"name\": \"vm1PublicIP\",\r\n  \"id\": \"/subscriptions/00000000-0000-0000-0000-000000000000/resourceGroups/cli_test_vm_priority_eviction_billing_000001/providers/Microsoft.Network/publicIPAddresses/vm1PublicIP\"\
        ,\r\n  \"etag\": \"W/\\\"849246e4-c6a6-4799-8406-fa47ce137465\\\"\",\r\n \
        \ \"location\": \"westus\",\r\n  \"tags\": {},\r\n  \"properties\": {\r\n\
        \    \"provisioningState\": \"Succeeded\",\r\n    \"resourceGuid\": \"61da924c-dfa3-456f-b63c-996672740b53\"\
        ,\r\n    \"ipAddress\": \"13.64.138.130\",\r\n    \"publicIPAddressVersion\"\
        : \"IPv4\",\r\n    \"publicIPAllocationMethod\": \"Dynamic\",\r\n    \"idleTimeoutInMinutes\"\
        : 4,\r\n    \"ipTags\": [],\r\n    \"ipConfiguration\": {\r\n      \"id\"\
        : \"/subscriptions/00000000-0000-0000-0000-000000000000/resourceGroups/cli_test_vm_priority_eviction_billing_000001/providers/Microsoft.Network/networkInterfaces/vm1VMNic/ipConfigurations/ipconfigvm1\"\
        \r\n    }\r\n  },\r\n  \"type\": \"Microsoft.Network/publicIPAddresses\",\r\
        \n  \"sku\": {\r\n    \"name\": \"Basic\",\r\n    \"tier\": \"Regional\"\r\
        \n  }\r\n}"
    headers:
      cache-control:
      - no-cache
      content-length:
      - '960'
      content-type:
      - application/json; charset=utf-8
      date:
      - Fri, 13 Oct 2023 08:08:51 GMT
      etag:
      - W/"849246e4-c6a6-4799-8406-fa47ce137465"
      expires:
      - '-1'
      pragma:
      - no-cache
      server:
      - Microsoft-HTTPAPI/2.0
      - Microsoft-HTTPAPI/2.0
      strict-transport-security:
      - max-age=31536000; includeSubDomains
      transfer-encoding:
      - chunked
      vary:
      - Accept-Encoding
      x-content-type-options:
      - nosniff
      x-ms-arm-service-request-id:
      - d9dde2a1-79d7-4695-b74d-7a740982862c
    status:
      code: 200
      message: OK
- request:
    body: null
    headers:
      Accept:
      - application/json
      Accept-Encoding:
      - gzip, deflate
      CommandName:
      - vm show
      Connection:
      - keep-alive
      ParameterSetName:
      - -g -n
      User-Agent:
      - AZURECLI/2.53.0 azsdk-python-azure-mgmt-compute/30.0.0 Python/3.10.9 (Windows-10-10.0.22621-SP0)
    method: GET
    uri: https://management.azure.com/subscriptions/00000000-0000-0000-0000-000000000000/resourceGroups/cli_test_vm_priority_eviction_billing_000001/providers/Microsoft.Compute/virtualMachines/vm1?api-version=2022-11-01
  response:
    body:
      string: "{\r\n  \"name\": \"vm1\",\r\n  \"id\": \"/subscriptions/00000000-0000-0000-0000-000000000000/resourceGroups/cli_test_vm_priority_eviction_billing_000001/providers/Microsoft.Compute/virtualMachines/vm1\"\
        ,\r\n  \"type\": \"Microsoft.Compute/virtualMachines\",\r\n  \"location\"\
        : \"westus\",\r\n  \"tags\": {},\r\n  \"properties\": {\r\n    \"hardwareProfile\"\
        : {\r\n      \"vmSize\": \"Standard_DS1_v2\"\r\n    },\r\n    \"provisioningState\"\
        : \"Succeeded\",\r\n    \"vmId\": \"b9289256-2838-49ae-b031-b729f6f3f020\"\
        ,\r\n    \"storageProfile\": {\r\n      \"imageReference\": {\r\n        \"\
        publisher\": \"Canonical\",\r\n        \"offer\": \"UbuntuServer\",\r\n  \
        \      \"sku\": \"18.04-LTS\",\r\n        \"version\": \"latest\",\r\n   \
        \     \"exactVersion\": \"18.04.202306070\"\r\n      },\r\n      \"osDisk\"\
        : {\r\n        \"osType\": \"Linux\",\r\n        \"name\": \"vm1_OsDisk_1_ca78a05d17644738bcf2535e4df851ad\"\
        ,\r\n        \"createOption\": \"FromImage\",\r\n        \"caching\": \"ReadWrite\"\
        ,\r\n        \"managedDisk\": {\r\n          \"storageAccountType\": \"Premium_LRS\"\
        ,\r\n          \"id\": \"/subscriptions/00000000-0000-0000-0000-000000000000/resourceGroups/cli_test_vm_priority_eviction_billing_000001/providers/Microsoft.Compute/disks/vm1_OsDisk_1_ca78a05d17644738bcf2535e4df851ad\"\
        \r\n        },\r\n        \"deleteOption\": \"Detach\",\r\n        \"diskSizeGB\"\
        : 30\r\n      },\r\n      \"dataDisks\": []\r\n    },\r\n    \"osProfile\"\
        : {\r\n      \"computerName\": \"vm1\",\r\n      \"adminUsername\": \"azureuser\"\
        ,\r\n      \"linuxConfiguration\": {\r\n        \"disablePasswordAuthentication\"\
        : false,\r\n        \"provisionVMAgent\": true,\r\n        \"patchSettings\"\
        : {\r\n          \"patchMode\": \"ImageDefault\",\r\n          \"assessmentMode\"\
        : \"ImageDefault\"\r\n        },\r\n        \"enableVMAgentPlatformUpdates\"\
        : false\r\n      },\r\n      \"secrets\": [],\r\n      \"allowExtensionOperations\"\
        : true,\r\n      \"requireGuestProvisionSignal\": true\r\n    },\r\n    \"\
        networkProfile\": {\"networkInterfaces\":[{\"id\":\"/subscriptions/00000000-0000-0000-0000-000000000000/resourceGroups/cli_test_vm_priority_eviction_billing_000001/providers/Microsoft.Network/networkInterfaces/vm1VMNic\"\
        }]},\r\n    \"priority\": \"Low\",\r\n    \"evictionPolicy\": \"Deallocate\"\
        ,\r\n    \"billingProfile\": {\r\n      \"maxPrice\": 50.0\r\n    },\r\n \
        \   \"timeCreated\": \"2023-10-13T08:08:00.7004153+00:00\"\r\n  }\r\n}"
    headers:
      cache-control:
      - no-cache
      content-length:
      - '2178'
      content-type:
      - application/json; charset=utf-8
      date:
      - Fri, 13 Oct 2023 08:08:52 GMT
      expires:
      - '-1'
      pragma:
      - no-cache
      server:
      - Microsoft-HTTPAPI/2.0
      - Microsoft-HTTPAPI/2.0
      strict-transport-security:
      - max-age=31536000; includeSubDomains
      transfer-encoding:
      - chunked
      vary:
      - Accept-Encoding
      x-content-type-options:
      - nosniff
      x-ms-ratelimit-remaining-resource:
      - Microsoft.Compute/LowCostGetSubscriptionMaximum;23999,Microsoft.Compute/LowCostGetResource;30
    status:
      code: 200
      message: OK
- request:
    body: null
    headers:
      Accept:
      - '*/*'
      Accept-Encoding:
      - gzip, deflate
      CommandName:
      - vm deallocate
      Connection:
      - keep-alive
      Content-Length:
      - '0'
      ParameterSetName:
      - -g -n
      User-Agent:
      - AZURECLI/2.53.0 (AAZ) azsdk-python-core/1.26.0 Python/3.10.9 (Windows-10-10.0.22621-SP0)
    method: POST
    uri: https://management.azure.com/subscriptions/00000000-0000-0000-0000-000000000000/resourceGroups/cli_test_vm_priority_eviction_billing_000001/providers/Microsoft.Compute/virtualMachines/vm1/deallocate?api-version=2022-11-01
  response:
    body:
      string: ''
    headers:
      azure-asyncnotification:
      - Enabled
      azure-asyncoperation:
      - https://management.azure.com/subscriptions/00000000-0000-0000-0000-000000000000/providers/Microsoft.Compute/locations/westus/operations/7d26a5c9-d052-4647-9898-1ab1e065b984?p=571046f6-b640-41c1-86f7-f9f044b5adf9&api-version=2022-11-01
      cache-control:
      - no-cache
      content-length:
      - '0'
      date:
      - Fri, 13 Oct 2023 08:08:54 GMT
      expires:
      - '-1'
      location:
      - https://management.azure.com/subscriptions/00000000-0000-0000-0000-000000000000/providers/Microsoft.Compute/locations/westus/operations/7d26a5c9-d052-4647-9898-1ab1e065b984?p=571046f6-b640-41c1-86f7-f9f044b5adf9&monitor=true&api-version=2022-11-01
      pragma:
      - no-cache
      server:
      - Microsoft-HTTPAPI/2.0
      - Microsoft-HTTPAPI/2.0
      strict-transport-security:
      - max-age=31536000; includeSubDomains
      x-content-type-options:
      - nosniff
      x-ms-ratelimit-remaining-resource:
      - Microsoft.Compute/DeleteVMSubscriptionMaximum;1491,Microsoft.Compute/DeleteVMResource;11
      x-ms-ratelimit-remaining-subscription-writes:
      - '1199'
    status:
      code: 202
      message: Accepted
- request:
    body: null
    headers:
      Accept:
      - '*/*'
      Accept-Encoding:
      - gzip, deflate
      CommandName:
      - vm deallocate
      Connection:
      - keep-alive
      ParameterSetName:
      - -g -n
      User-Agent:
      - AZURECLI/2.53.0 (AAZ) azsdk-python-core/1.26.0 Python/3.10.9 (Windows-10-10.0.22621-SP0)
    method: GET
    uri: https://management.azure.com/subscriptions/00000000-0000-0000-0000-000000000000/providers/Microsoft.Compute/locations/westus/operations/7d26a5c9-d052-4647-9898-1ab1e065b984?p=571046f6-b640-41c1-86f7-f9f044b5adf9&api-version=2022-11-01
  response:
    body:
      string: "{\r\n  \"startTime\": \"2023-10-13T08:08:54.4194579+00:00\",\r\n  \"\
        status\": \"InProgress\",\r\n  \"name\": \"7d26a5c9-d052-4647-9898-1ab1e065b984\"\
        \r\n}"
    headers:
      cache-control:
      - no-cache
      content-length:
      - '134'
      content-type:
      - application/json; charset=utf-8
      date:
      - Fri, 13 Oct 2023 08:08:54 GMT
      expires:
      - '-1'
      pragma:
      - no-cache
      server:
      - Microsoft-HTTPAPI/2.0
      - Microsoft-HTTPAPI/2.0
      strict-transport-security:
      - max-age=31536000; includeSubDomains
      transfer-encoding:
      - chunked
      vary:
      - Accept-Encoding
      x-content-type-options:
      - nosniff
      x-ms-ratelimit-remaining-resource:
      - Microsoft.Compute/GetOperationResource;59,Microsoft.Compute/GetOperationSubscriptionMaximum;14999
    status:
      code: 200
      message: OK
- request:
    body: null
    headers:
      Accept:
      - '*/*'
      Accept-Encoding:
      - gzip, deflate
      CommandName:
      - vm deallocate
      Connection:
      - keep-alive
      ParameterSetName:
      - -g -n
      User-Agent:
      - AZURECLI/2.53.0 (AAZ) azsdk-python-core/1.26.0 Python/3.10.9 (Windows-10-10.0.22621-SP0)
    method: GET
    uri: https://management.azure.com/subscriptions/00000000-0000-0000-0000-000000000000/providers/Microsoft.Compute/locations/westus/operations/7d26a5c9-d052-4647-9898-1ab1e065b984?p=571046f6-b640-41c1-86f7-f9f044b5adf9&api-version=2022-11-01
  response:
    body:
      string: "{\r\n  \"startTime\": \"2023-10-13T08:08:54.4194579+00:00\",\r\n  \"\
        endTime\": \"2023-10-13T08:09:09.9663769+00:00\",\r\n  \"status\": \"Succeeded\"\
        ,\r\n  \"name\": \"7d26a5c9-d052-4647-9898-1ab1e065b984\"\r\n}"
    headers:
      cache-control:
      - no-cache
      content-length:
      - '184'
      content-type:
      - application/json; charset=utf-8
      date:
      - Fri, 13 Oct 2023 08:09:24 GMT
      expires:
      - '-1'
      pragma:
      - no-cache
      server:
      - Microsoft-HTTPAPI/2.0
      - Microsoft-HTTPAPI/2.0
      strict-transport-security:
      - max-age=31536000; includeSubDomains
      transfer-encoding:
      - chunked
      vary:
      - Accept-Encoding
      x-content-type-options:
      - nosniff
      x-ms-ratelimit-remaining-resource:
      - Microsoft.Compute/GetOperationResource;57,Microsoft.Compute/GetOperationSubscriptionMaximum;14977
    status:
      code: 200
      message: OK
- request:
    body: null
    headers:
      Accept:
      - application/json
      Accept-Encoding:
      - gzip, deflate
      CommandName:
      - vm update
      Connection:
      - keep-alive
      ParameterSetName:
      - -g -n --priority --max-price
      User-Agent:
      - AZURECLI/2.53.0 azsdk-python-azure-mgmt-compute/30.0.0 Python/3.10.9 (Windows-10-10.0.22621-SP0)
    method: GET
    uri: https://management.azure.com/subscriptions/00000000-0000-0000-0000-000000000000/resourceGroups/cli_test_vm_priority_eviction_billing_000001/providers/Microsoft.Compute/virtualMachines/vm1?api-version=2022-11-01
  response:
    body:
      string: "{\r\n  \"name\": \"vm1\",\r\n  \"id\": \"/subscriptions/00000000-0000-0000-0000-000000000000/resourceGroups/cli_test_vm_priority_eviction_billing_000001/providers/Microsoft.Compute/virtualMachines/vm1\"\
        ,\r\n  \"type\": \"Microsoft.Compute/virtualMachines\",\r\n  \"location\"\
        : \"westus\",\r\n  \"tags\": {},\r\n  \"properties\": {\r\n    \"hardwareProfile\"\
        : {\r\n      \"vmSize\": \"Standard_DS1_v2\"\r\n    },\r\n    \"provisioningState\"\
        : \"Succeeded\",\r\n    \"vmId\": \"b9289256-2838-49ae-b031-b729f6f3f020\"\
        ,\r\n    \"storageProfile\": {\r\n      \"imageReference\": {\r\n        \"\
        publisher\": \"Canonical\",\r\n        \"offer\": \"UbuntuServer\",\r\n  \
        \      \"sku\": \"18.04-LTS\",\r\n        \"version\": \"latest\",\r\n   \
        \     \"exactVersion\": \"18.04.202306070\"\r\n      },\r\n      \"osDisk\"\
        : {\r\n        \"osType\": \"Linux\",\r\n        \"name\": \"vm1_OsDisk_1_ca78a05d17644738bcf2535e4df851ad\"\
        ,\r\n        \"createOption\": \"FromImage\",\r\n        \"caching\": \"ReadWrite\"\
        ,\r\n        \"managedDisk\": {\r\n          \"id\": \"/subscriptions/00000000-0000-0000-0000-000000000000/resourceGroups/cli_test_vm_priority_eviction_billing_000001/providers/Microsoft.Compute/disks/vm1_OsDisk_1_ca78a05d17644738bcf2535e4df851ad\"\
        \r\n        },\r\n        \"deleteOption\": \"Detach\"\r\n      },\r\n   \
        \   \"dataDisks\": []\r\n    },\r\n    \"osProfile\": {\r\n      \"computerName\"\
        : \"vm1\",\r\n      \"adminUsername\": \"azureuser\",\r\n      \"linuxConfiguration\"\
        : {\r\n        \"disablePasswordAuthentication\": false,\r\n        \"provisionVMAgent\"\
        : true,\r\n        \"patchSettings\": {\r\n          \"patchMode\": \"ImageDefault\"\
        ,\r\n          \"assessmentMode\": \"ImageDefault\"\r\n        },\r\n    \
        \    \"enableVMAgentPlatformUpdates\": false\r\n      },\r\n      \"secrets\"\
        : [],\r\n      \"allowExtensionOperations\": true,\r\n      \"requireGuestProvisionSignal\"\
        : true\r\n    },\r\n    \"networkProfile\": {\"networkInterfaces\":[{\"id\"\
        :\"/subscriptions/00000000-0000-0000-0000-000000000000/resourceGroups/cli_test_vm_priority_eviction_billing_000001/providers/Microsoft.Network/networkInterfaces/vm1VMNic\"\
        }]},\r\n    \"priority\": \"Low\",\r\n    \"evictionPolicy\": \"Deallocate\"\
        ,\r\n    \"billingProfile\": {\r\n      \"maxPrice\": 50.0\r\n    },\r\n \
        \   \"timeCreated\": \"2023-10-13T08:08:00.7004153+00:00\"\r\n  }\r\n}"
    headers:
      cache-control:
      - no-cache
      content-length:
      - '2103'
      content-type:
      - application/json; charset=utf-8
      date:
      - Fri, 13 Oct 2023 08:09:39 GMT
      expires:
      - '-1'
      pragma:
      - no-cache
      server:
      - Microsoft-HTTPAPI/2.0
      - Microsoft-HTTPAPI/2.0
      strict-transport-security:
      - max-age=31536000; includeSubDomains
      transfer-encoding:
      - chunked
      vary:
      - Accept-Encoding
      x-content-type-options:
      - nosniff
      x-ms-ratelimit-remaining-resource:
      - Microsoft.Compute/LowCostGetSubscriptionMaximum;23990,Microsoft.Compute/LowCostGetResource;35
    status:
      code: 200
      message: OK
- request:
    body: '{"location": "westus", "tags": {}, "properties": {"hardwareProfile": {"vmSize":
      "Standard_DS1_v2"}, "storageProfile": {"osDisk": {"osType": "Linux", "name":
      "vm1_OsDisk_1_ca78a05d17644738bcf2535e4df851ad", "caching": "ReadWrite", "createOption":
      "FromImage", "managedDisk": {"id": "/subscriptions/00000000-0000-0000-0000-000000000000/resourceGroups/cli_test_vm_priority_eviction_billing_000001/providers/Microsoft.Compute/disks/vm1_OsDisk_1_ca78a05d17644738bcf2535e4df851ad"},
      "deleteOption": "Detach"}, "dataDisks": []}, "osProfile": {"computerName": "vm1",
      "adminUsername": "azureuser", "linuxConfiguration": {"disablePasswordAuthentication":
      false, "provisionVMAgent": true, "patchSettings": {"patchMode": "ImageDefault",
      "assessmentMode": "ImageDefault"}, "enableVMAgentPlatformUpdates": false}, "secrets":
      [], "allowExtensionOperations": true, "requireGuestProvisionSignal": true},
      "networkProfile": {"networkInterfaces": [{"id": "/subscriptions/00000000-0000-0000-0000-000000000000/resourceGroups/cli_test_vm_priority_eviction_billing_000001/providers/Microsoft.Network/networkInterfaces/vm1VMNic"}]},
      "priority": "Spot", "evictionPolicy": "Deallocate", "billingProfile": {"maxPrice":
      100.0}}}'
    headers:
      Accept:
      - application/json
      Accept-Encoding:
      - gzip, deflate
      CommandName:
      - vm update
      Connection:
      - keep-alive
      Content-Length:
      - '1199'
      Content-Type:
      - application/json
      ParameterSetName:
      - -g -n --priority --max-price
      User-Agent:
      - AZURECLI/2.53.0 azsdk-python-azure-mgmt-compute/30.0.0 Python/3.10.9 (Windows-10-10.0.22621-SP0)
    method: PUT
    uri: https://management.azure.com/subscriptions/00000000-0000-0000-0000-000000000000/resourceGroups/cli_test_vm_priority_eviction_billing_000001/providers/Microsoft.Compute/virtualMachines/vm1?api-version=2022-11-01
  response:
    body:
      string: "{\r\n  \"name\": \"vm1\",\r\n  \"id\": \"/subscriptions/00000000-0000-0000-0000-000000000000/resourceGroups/cli_test_vm_priority_eviction_billing_000001/providers/Microsoft.Compute/virtualMachines/vm1\"\
        ,\r\n  \"type\": \"Microsoft.Compute/virtualMachines\",\r\n  \"location\"\
        : \"westus\",\r\n  \"tags\": {},\r\n  \"properties\": {\r\n    \"hardwareProfile\"\
        : {\r\n      \"vmSize\": \"Standard_DS1_v2\"\r\n    },\r\n    \"provisioningState\"\
        : \"Updating\",\r\n    \"vmId\": \"b9289256-2838-49ae-b031-b729f6f3f020\"\
        ,\r\n    \"storageProfile\": {\r\n      \"imageReference\": {\r\n        \"\
        publisher\": \"Canonical\",\r\n        \"offer\": \"UbuntuServer\",\r\n  \
        \      \"sku\": \"18.04-LTS\",\r\n        \"version\": \"latest\",\r\n   \
        \     \"exactVersion\": \"18.04.202306070\"\r\n      },\r\n      \"osDisk\"\
        : {\r\n        \"osType\": \"Linux\",\r\n        \"name\": \"vm1_OsDisk_1_ca78a05d17644738bcf2535e4df851ad\"\
        ,\r\n        \"createOption\": \"FromImage\",\r\n        \"caching\": \"ReadWrite\"\
        ,\r\n        \"managedDisk\": {\r\n          \"id\": \"/subscriptions/00000000-0000-0000-0000-000000000000/resourceGroups/cli_test_vm_priority_eviction_billing_000001/providers/Microsoft.Compute/disks/vm1_OsDisk_1_ca78a05d17644738bcf2535e4df851ad\"\
        \r\n        },\r\n        \"deleteOption\": \"Detach\"\r\n      },\r\n   \
        \   \"dataDisks\": []\r\n    },\r\n    \"osProfile\": {\r\n      \"computerName\"\
        : \"vm1\",\r\n      \"adminUsername\": \"azureuser\",\r\n      \"linuxConfiguration\"\
        : {\r\n        \"disablePasswordAuthentication\": false,\r\n        \"provisionVMAgent\"\
        : true,\r\n        \"patchSettings\": {\r\n          \"patchMode\": \"ImageDefault\"\
        ,\r\n          \"assessmentMode\": \"ImageDefault\"\r\n        },\r\n    \
        \    \"enableVMAgentPlatformUpdates\": false\r\n      },\r\n      \"secrets\"\
        : [],\r\n      \"allowExtensionOperations\": true,\r\n      \"requireGuestProvisionSignal\"\
        : true\r\n    },\r\n    \"networkProfile\": {\"networkInterfaces\":[{\"id\"\
        :\"/subscriptions/00000000-0000-0000-0000-000000000000/resourceGroups/cli_test_vm_priority_eviction_billing_000001/providers/Microsoft.Network/networkInterfaces/vm1VMNic\"\
        }]},\r\n    \"priority\": \"Spot\",\r\n    \"evictionPolicy\": \"Deallocate\"\
        ,\r\n    \"billingProfile\": {\r\n      \"maxPrice\": 100.0\r\n    },\r\n\
        \    \"timeCreated\": \"2023-10-13T08:08:00.7004153+00:00\"\r\n  }\r\n}"
    headers:
      azure-asyncnotification:
      - Enabled
      azure-asyncoperation:
      - https://management.azure.com/subscriptions/00000000-0000-0000-0000-000000000000/providers/Microsoft.Compute/locations/westus/operations/761b19ed-67e2-41ec-8b7b-2803ef82b14a?p=571046f6-b640-41c1-86f7-f9f044b5adf9&api-version=2022-11-01
      cache-control:
      - no-cache
      content-length:
      - '2104'
      content-type:
      - application/json; charset=utf-8
      date:
      - Fri, 13 Oct 2023 08:09:43 GMT
      expires:
      - '-1'
      pragma:
      - no-cache
      server:
      - Microsoft-HTTPAPI/2.0
      - Microsoft-HTTPAPI/2.0
      strict-transport-security:
      - max-age=31536000; includeSubDomains
      transfer-encoding:
      - chunked
      vary:
      - Accept-Encoding
      x-content-type-options:
      - nosniff
      x-ms-ratelimit-remaining-resource:
      - Microsoft.Compute/PutVMSubscriptionMaximum;1499,Microsoft.Compute/PutVMResource;11
      x-ms-ratelimit-remaining-subscription-writes:
      - '1198'
    status:
      code: 200
      message: OK
- request:
    body: null
    headers:
      Accept:
      - '*/*'
      Accept-Encoding:
      - gzip, deflate
      CommandName:
      - vm update
      Connection:
      - keep-alive
      ParameterSetName:
      - -g -n --priority --max-price
      User-Agent:
      - AZURECLI/2.53.0 azsdk-python-azure-mgmt-compute/30.0.0 Python/3.10.9 (Windows-10-10.0.22621-SP0)
    method: GET
    uri: https://management.azure.com/subscriptions/00000000-0000-0000-0000-000000000000/providers/Microsoft.Compute/locations/westus/operations/761b19ed-67e2-41ec-8b7b-2803ef82b14a?p=571046f6-b640-41c1-86f7-f9f044b5adf9&api-version=2022-11-01
  response:
    body:
      string: "{\r\n  \"startTime\": \"2023-10-13T08:09:41.7790798+00:00\",\r\n  \"\
        endTime\": \"2023-10-13T08:09:42.7478801+00:00\",\r\n  \"status\": \"Succeeded\"\
        ,\r\n  \"name\": \"761b19ed-67e2-41ec-8b7b-2803ef82b14a\"\r\n}"
    headers:
      cache-control:
      - no-cache
      content-length:
      - '184'
      content-type:
      - application/json; charset=utf-8
      date:
      - Fri, 13 Oct 2023 08:09:44 GMT
      expires:
      - '-1'
      pragma:
      - no-cache
      server:
      - Microsoft-HTTPAPI/2.0
      - Microsoft-HTTPAPI/2.0
      strict-transport-security:
      - max-age=31536000; includeSubDomains
      transfer-encoding:
      - chunked
      vary:
      - Accept-Encoding
      x-content-type-options:
      - nosniff
      x-ms-ratelimit-remaining-resource:
      - Microsoft.Compute/GetOperationResource;59,Microsoft.Compute/GetOperationSubscriptionMaximum;14970
    status:
      code: 200
      message: OK
- request:
    body: null
    headers:
      Accept:
      - '*/*'
      Accept-Encoding:
      - gzip, deflate
      CommandName:
      - vm update
      Connection:
      - keep-alive
      ParameterSetName:
      - -g -n --priority --max-price
      User-Agent:
      - AZURECLI/2.53.0 azsdk-python-azure-mgmt-compute/30.0.0 Python/3.10.9 (Windows-10-10.0.22621-SP0)
    method: GET
    uri: https://management.azure.com/subscriptions/00000000-0000-0000-0000-000000000000/resourceGroups/cli_test_vm_priority_eviction_billing_000001/providers/Microsoft.Compute/virtualMachines/vm1?api-version=2022-11-01
  response:
    body:
      string: "{\r\n  \"name\": \"vm1\",\r\n  \"id\": \"/subscriptions/00000000-0000-0000-0000-000000000000/resourceGroups/cli_test_vm_priority_eviction_billing_000001/providers/Microsoft.Compute/virtualMachines/vm1\"\
        ,\r\n  \"type\": \"Microsoft.Compute/virtualMachines\",\r\n  \"location\"\
        : \"westus\",\r\n  \"tags\": {},\r\n  \"properties\": {\r\n    \"hardwareProfile\"\
        : {\r\n      \"vmSize\": \"Standard_DS1_v2\"\r\n    },\r\n    \"provisioningState\"\
        : \"Succeeded\",\r\n    \"vmId\": \"b9289256-2838-49ae-b031-b729f6f3f020\"\
        ,\r\n    \"storageProfile\": {\r\n      \"imageReference\": {\r\n        \"\
        publisher\": \"Canonical\",\r\n        \"offer\": \"UbuntuServer\",\r\n  \
        \      \"sku\": \"18.04-LTS\",\r\n        \"version\": \"latest\",\r\n   \
        \     \"exactVersion\": \"18.04.202306070\"\r\n      },\r\n      \"osDisk\"\
        : {\r\n        \"osType\": \"Linux\",\r\n        \"name\": \"vm1_OsDisk_1_ca78a05d17644738bcf2535e4df851ad\"\
        ,\r\n        \"createOption\": \"FromImage\",\r\n        \"caching\": \"ReadWrite\"\
        ,\r\n        \"managedDisk\": {\r\n          \"id\": \"/subscriptions/00000000-0000-0000-0000-000000000000/resourceGroups/cli_test_vm_priority_eviction_billing_000001/providers/Microsoft.Compute/disks/vm1_OsDisk_1_ca78a05d17644738bcf2535e4df851ad\"\
        \r\n        },\r\n        \"deleteOption\": \"Detach\"\r\n      },\r\n   \
        \   \"dataDisks\": []\r\n    },\r\n    \"osProfile\": {\r\n      \"computerName\"\
        : \"vm1\",\r\n      \"adminUsername\": \"azureuser\",\r\n      \"linuxConfiguration\"\
        : {\r\n        \"disablePasswordAuthentication\": false,\r\n        \"provisionVMAgent\"\
        : true,\r\n        \"patchSettings\": {\r\n          \"patchMode\": \"ImageDefault\"\
        ,\r\n          \"assessmentMode\": \"ImageDefault\"\r\n        },\r\n    \
        \    \"enableVMAgentPlatformUpdates\": false\r\n      },\r\n      \"secrets\"\
        : [],\r\n      \"allowExtensionOperations\": true,\r\n      \"requireGuestProvisionSignal\"\
        : true\r\n    },\r\n    \"networkProfile\": {\"networkInterfaces\":[{\"id\"\
        :\"/subscriptions/00000000-0000-0000-0000-000000000000/resourceGroups/cli_test_vm_priority_eviction_billing_000001/providers/Microsoft.Network/networkInterfaces/vm1VMNic\"\
        }]},\r\n    \"priority\": \"Spot\",\r\n    \"evictionPolicy\": \"Deallocate\"\
        ,\r\n    \"billingProfile\": {\r\n      \"maxPrice\": 100.0\r\n    },\r\n\
        \    \"timeCreated\": \"2023-10-13T08:08:00.7004153+00:00\"\r\n  }\r\n}"
    headers:
      cache-control:
      - no-cache
      content-length:
      - '2105'
      content-type:
      - application/json; charset=utf-8
      date:
      - Fri, 13 Oct 2023 08:09:44 GMT
      expires:
      - '-1'
      pragma:
      - no-cache
      server:
      - Microsoft-HTTPAPI/2.0
      - Microsoft-HTTPAPI/2.0
      strict-transport-security:
      - max-age=31536000; includeSubDomains
      transfer-encoding:
      - chunked
      vary:
      - Accept-Encoding
      x-content-type-options:
      - nosniff
      x-ms-ratelimit-remaining-resource:
      - Microsoft.Compute/LowCostGetSubscriptionMaximum;23988,Microsoft.Compute/LowCostGetResource;34
    status:
      code: 200
      message: OK
version: 1
